111.204.219.198 - - [25/Jul/2017:18:40:02 -0700] "GET /tg/a.zip HTTP/1.1" 200 241948 "-" "Mozilla/5.0 (Windows NT 10.0; Win64; x64) AppleWebKit/537.36 (KHTML, like Gecko) Chrome/59.0.3071.115 Safari/537.36" 
47.90.91.86 - - [25/Jul/2017:18:40:07 -0700] "GET / HTTP/1.1" 200 10794 "-" "Mozilla/5.0 (Macintosh; Intel Mac OS X 10_11_1) AppleWebKit/537.36 (KHTML, like Gecko) Chrome/58.0.3029.110 Safari/537.36" 
47.90.91.86 - - [25/Jul/2017:18:40:08 -0700] "GET /data HTTP/1.1" 404 339 "-" "Mozilla/5.0 (Macintosh; Intel Mac OS X 10_11_1) AppleWebKit/537.36 (KHTML, like Gecko) Chrome/58.0.3029.110 Safari/537.36" 
47.90.91.86 - - [25/Jul/2017:18:40:08 -0700] "GET /data HTTP/1.1" 404 339 "-" "Mozilla/5.0 (Macintosh; Intel Mac OS X 10_11_1) AppleWebKit/537.36 (KHTML, like Gecko) Chrome/58.0.3029.110 Safari/537.36" 
47.90.91.86 - - [25/Jul/2017:18:40:09 -0700] "GET / HTTP/1.1" 301 483 "-" "Mozilla/5.0 (Macintosh; Intel Mac OS X 10_11_1) AppleWebKit/537.36 (KHTML, like Gecko) Chrome/58.0.3029.110 Safari/537.36" 
47.90.91.86 - - [25/Jul/2017:18:40:09 -0700] "GET / HTTP/1.1" 200 10793 "-" "Mozilla/5.0 (Macintosh; Intel Mac OS X 10_11_1) AppleWebKit/537.36 (KHTML, like Gecko) Chrome/58.0.3029.110 Safari/537.36" 
111.204.219.198 - - [25/Jul/2017:18:40:26 -0700] "GET /tg/b.zip HTTP/1.1" 200 335800 "-" "Mozilla/5.0 (Windows NT 10.0; Win64; x64) AppleWebKit/537.36 (KHTML, like Gecko) Chrome/59.0.3071.115 Safari/537.36" 
111.204.219.198 - - [25/Jul/2017:18:40:28 -0700] "GET /tg/b.zip HTTP/1.1" 200 78840 "-" "User-Agent\tMozilla/5.0 (compatible; MSIE 9.0; Windows NT 6.1; Trident/5.0)" 
111.204.219.198 - - [25/Jul/2017:18:40:35 -0700] "GET /tg/c.zip HTTP/1.1" 200 335800 "-" "Mozilla/5.0 (Windows NT 10.0; Win64; x64) AppleWebKit/537.36 (KHTML, like Gecko) Chrome/59.0.3071.115 Safari/537.36" 
111.204.219.198 - - [25/Jul/2017:18:40:37 -0700] "GET /tg/c.zip HTTP/1.1" 200 78840 "-" "User-Agent\tMozilla/5.0 (compatible; MSIE 9.0; Windows NT 6.1; Trident/5.0)" 
111.204.219.198 - - [25/Jul/2017:18:40:49 -0700] "GET /self.logs/ HTTP/1.1" 200 18710 "http://www.secrepo.com/" "Mozilla/5.0 (Windows NT 10.0; Win64; x64) AppleWebKit/537.36 (KHTML, like Gecko) Chrome/59.0.3071.115 Safari/537.36" 
111.204.219.198 - - [25/Jul/2017:18:41:01 -0700] "GET /favicon.ico HTTP/1.1" 200 268 "http://www.secrepo.com/self.logs/" "Mozilla/5.0 (Windows NT 10.0; Win64; x64) AppleWebKit/537.36 (KHTML, like Gecko) Chrome/59.0.3071.115 Safari/537.36" 
111.204.219.198 - - [25/Jul/2017:18:40:25 -0700] "GET /tg/a.zip HTTP/1.1" 206 1048921 "-" "Mozilla/4.0 (compatible; MSIE 7.0; Windows NT 6.2; WOW64; Trident/7.0; .NET4.0E; .NET4.0C; .NET CLR 3.5.30729; .NET CLR 2.0.50727; .NET CLR 3.0.30729)" 
111.204.219.198 - - [25/Jul/2017:18:40:32 -0700] "GET /tg/b.zip HTTP/1.1" 206 335800 "-" "Mozilla/4.0 (compatible; MSIE 7.0; Windows NT 6.2; WOW64; Trident/7.0; .NET4.0E; .NET4.0C; .NET CLR 3.5.30729; .NET CLR 2.0.50727; .NET CLR 3.0.30729)" 
111.204.219.198 - - [25/Jul/2017:18:41:07 -0700] "GET /squid/access.log.gz HTTP/1.1" 200 463962 "-" "Mozilla/5.0 (Windows NT 10.0; Win64; x64) AppleWebKit/537.36 (KHTML, like Gecko) Chrome/59.0.3071.115 Safari/537.36" 
111.204.219.198 - - [25/Jul/2017:18:40:25 -0700] "GET /tg/a.zip HTTP/1.1" 206 1048921 "-" "Mozilla/4.0 (compatible; MSIE 7.0; Windows NT 6.2; WOW64; Trident/7.0; .NET4.0E; .NET4.0C; .NET CLR 3.5.30729; .NET CLR 2.0.50727; .NET CLR 3.0.30729)" 
111.204.219.198 - - [25/Jul/2017:18:40:31 -0700] "GET /tg/b.zip HTTP/1.1" 206 1048921 "-" "Mozilla/4.0 (compatible; MSIE 7.0; Windows NT 6.2; WOW64; Trident/7.0; .NET4.0E; .NET4.0C; .NET CLR 3.5.30729; .NET CLR 2.0.50727; .NET CLR 3.0.30729)" 
111.204.219.198 - - [25/Jul/2017:18:40:03 -0700] "GET /tg/a.zip HTTP/1.1" 200 335800 "-" "User-Agent\tMozilla/5.0 (compatible; MSIE 9.0; Windows NT 6.1; Trident/5.0)" 
111.204.219.198 - - [25/Jul/2017:18:41:19 -0700] "GET /squid/access.log.gz HTTP/1.1" 200 335482 "http://www.secrepo.com/" "Mozilla/5.0 (Windows NT 10.0; Win64; x64) AppleWebKit/537.36 (KHTML, like Gecko) Chrome/59.0.3071.115 Safari/537.36" 
47.90.91.86 - - [25/Jul/2017:18:41:42 -0700] "GET / HTTP/1.1" 200 10794 "-" "Mozilla/5.0 (Macintosh; Intel Mac OS X 10_11_1) AppleWebKit/537.36 (KHTML, like Gecko) Chrome/58.0.3029.110 Safari/537.36" 
47.90.91.86 - - [25/Jul/2017:18:40:09 -0700] "GET /maccdc2012/conn.log.gz HTTP/1.1" 200 437751534 "-" "Mozilla/5.0 (Macintosh; Intel Mac OS X 10_11_1) AppleWebKit/537.36 (KHTML, like Gecko) Chrome/58.0.3029.110 Safari/537.36" 
47.90.91.86 - - [25/Jul/2017:18:41:42 -0700] "GET /data HTTP/1.1" 404 339 "-" "Mozilla/5.0 (Macintosh; Intel Mac OS X 10_11_1) AppleWebKit/537.36 (KHTML, like Gecko) Chrome/58.0.3029.110 Safari/537.36" 
47.90.91.86 - - [25/Jul/2017:18:41:42 -0700] "GET /data HTTP/1.1" 404 339 "-" "Mozilla/5.0 (Macintosh; Intel Mac OS X 10_11_1) AppleWebKit/537.36 (KHTML, like Gecko) Chrome/58.0.3029.110 Safari/537.36" 
47.90.91.86 - - [25/Jul/2017:18:41:43 -0700] "GET / HTTP/1.1" 301 483 "-" "Mozilla/5.0 (Macintosh; Intel Mac OS X 10_11_1) AppleWebKit/537.36 (KHTML, like Gecko) Chrome/58.0.3029.110 Safari/537.36" 
47.90.91.86 - - [25/Jul/2017:18:41:43 -0700] "GET / HTTP/1.1" 200 10793 "-" "Mozilla/5.0 (Macintosh; Intel Mac OS X 10_11_1) AppleWebKit/537.36 (KHTML, like Gecko) Chrome/58.0.3029.110 Safari/537.36" 
111.204.219.198 - - [25/Jul/2017:18:40:44 -0700] "GET /tg/c.zip HTTP/1.1" 206 1048921 "-" "Mozilla/4.0 (compatible; MSIE 7.0; Windows NT 6.2; WOW64; Trident/7.0; .NET4.0E; .NET4.0C; .NET CLR 3.5.30729; .NET CLR 2.0.50727; .NET CLR 3.0.30729)" 
111.204.219.198 - - [25/Jul/2017:18:42:06 -0700] "GET /tg/a.zip HTTP/1.1" 206 68144 "-" "Mozilla/4.0 (compatible; MSIE 7.0; Windows NT 6.2; WOW64; Trident/7.0; .NET4.0E; .NET4.0C; .NET CLR 3.5.30729; .NET CLR 2.0.50727; .NET CLR 3.0.30729)" 
111.204.219.198 - - [25/Jul/2017:18:42:05 -0700] "GET /honeypot/honeypot.json.zip HTTP/1.1" 200 335800 "-" "Mozilla/5.0 (Windows NT 10.0; Win64; x64) AppleWebKit/537.36 (KHTML, like Gecko) Chrome/59.0.3071.115 Safari/537.36" 
111.204.219.198 - - [25/Jul/2017:18:40:25 -0700] "GET /tg/a.zip HTTP/1.1" 206 4458840 "-" "Mozilla/4.0 (compatible; MSIE 7.0; Windows NT 6.2; WOW64; Trident/7.0; .NET4.0E; .NET4.0C; .NET CLR 3.5.30729; .NET CLR 2.0.50727; .NET CLR 3.0.30729)" 
111.204.219.198 - - [25/Jul/2017:18:40:23 -0700] "GET /tg/a.zip HTTP/1.1" 200 2385640 "-" "Mozilla/4.0 (compatible; MSIE 7.0; Windows NT 6.2; WOW64; Trident/7.0; .NET4.0E; .NET4.0C; .NET CLR 3.5.30729; .NET CLR 2.0.50727; .NET CLR 3.0.30729)" 
111.204.219.198 - - [25/Jul/2017:18:40:25 -0700] "GET /tg/a.zip HTTP/1.1" 206 1697980 "-" "Mozilla/4.0 (compatible; MSIE 7.0; Windows NT 6.2; WOW64; Trident/7.0; .NET4.0E; .NET4.0C; .NET CLR 3.5.30729; .NET CLR 2.0.50727; .NET CLR 3.0.30729)" 
111.204.219.198 - - [25/Jul/2017:18:41:05 -0700] "GET /tg/a.zip HTTP/1.1" 206 721240 "-" "Mozilla/4.0 (compatible; MSIE 7.0; Windows NT 6.2; WOW64; Trident/7.0; .NET4.0E; .NET4.0C; .NET CLR 3.5.30729; .NET CLR 2.0.50727; .NET CLR 3.0.30729)" 
111.204.219.198 - - [25/Jul/2017:18:42:08 -0700] "GET /honeypot/honeypot.json.zip HTTP/1.1" 200 78840 "-" "User-Agent\tMozilla/5.0 (compatible; MSIE 9.0; Windows NT 6.1; Trident/5.0)" 
111.204.219.198 - - [25/Jul/2017:18:42:11 -0700] "GET /auth.log/auth.log.gz HTTP/1.1" 206 100103 "-" "Mozilla/4.0 (compatible; MSIE 7.0; Windows NT 6.2; WOW64; Trident/7.0; .NET4.0E; .NET4.0C; .NET CLR 3.5.30729; .NET CLR 2.0.50727; .NET CLR 3.0.30729)" 
111.204.219.198 - - [25/Jul/2017:18:42:11 -0700] "GET /auth.log/auth.log.gz HTTP/1.1" 206 240710 "-" "Mozilla/4.0 (compatible; MSIE 7.0; Windows NT 6.2; WOW64; Trident/7.0; .NET4.0E; .NET4.0C; .NET CLR 3.5.30729; .NET CLR 2.0.50727; .NET CLR 3.0.30729)" 
104.239.135.78 - - [25/Jul/2017:18:42:18 -0700] "GET /robots.txt HTTP/1.1" 301 446 "-" "Tornado-Async-Client" 
104.239.135.78 - - [25/Jul/2017:18:42:18 -0700] "GET /robots.txt HTTP/1.1" 304 130 "-" "Tornado-Async-Client" 
104.239.135.78 - - [25/Jul/2017:18:42:19 -0700] "GET /honeypot/BSidesDFW%20-%202014.ipynb HTTP/1.1" 301 484 "-" "Tornado-Async-Client" 
111.204.219.198 - - [25/Jul/2017:18:42:19 -0700] "GET /auth.log/auth.log.gz HTTP/1.1" 206 40458 "-" "Mozilla/4.0 (compatible; MSIE 7.0; Windows NT 6.2; WOW64; Trident/7.0; .NET4.0E; .NET4.0C; .NET CLR 3.5.30729; .NET CLR 2.0.50727; .NET CLR 3.0.30729)" 
104.239.135.78 - - [25/Jul/2017:18:42:19 -0700] "GET /honeypot/BSidesDFW%20-%202014.ipynb HTTP/1.1" 200 930780 "-" "Tornado-Async-Client" 
111.204.219.198 - - [25/Jul/2017:18:42:01 -0700] "GET /auth.log/auth.log.gz HTTP/1.1" 200 464280 "-" "Mozilla/4.0 (compatible; MSIE 7.0; Windows NT 6.2; WOW64; Trident/7.0; .NET4.0E; .NET4.0C; .NET CLR 3.5.30729; .NET CLR 2.0.50727; .NET CLR 3.0.30729)" 
111.204.219.198 - - [25/Jul/2017:18:42:23 -0700] "GET /auth.log/auth.log.gz HTTP/1.1" 206 26211 "-" "Mozilla/4.0 (compatible; MSIE 7.0; Windows NT 6.2; WOW64; Trident/7.0; .NET4.0E; .NET4.0C; .NET CLR 3.5.30729; .NET CLR 2.0.50727; .NET CLR 3.0.30729)" 
111.204.219.198 - - [25/Jul/2017:18:42:20 -0700] "GET /auth.log/auth.log.gz HTTP/1.1" 206 33580 "-" "Mozilla/4.0 (compatible; MSIE 7.0; Windows NT 6.2; WOW64; Trident/7.0; .NET4.0E; .NET4.0C; .NET CLR 3.5.30729; .NET CLR 2.0.50727; .NET CLR 3.0.30729)" 
111.204.219.198 - - [25/Jul/2017:18:40:44 -0700] "GET /tg/c.zip HTTP/1.1" 206 1544680 "-" "Mozilla/4.0 (compatible; MSIE 7.0; Windows NT 6.2; WOW64; Trident/7.0; .NET4.0E; .NET4.0C; .NET CLR 3.5.30729; .NET CLR 2.0.50727; .NET CLR 3.0.30729)" 
111.204.219.198 - - [25/Jul/2017:18:42:28 -0700] "GET /tg/a.zip HTTP/1.1" 200 335800 "-" "Mozilla/4.0 (compatible; MSIE 7.0; Windows NT 6.2; WOW64; Trident/7.0; .NET4.0E; .NET4.0C; .NET CLR 3.5.30729; .NET CLR 2.0.50727; .NET CLR 3.0.30729)" 
111.204.219.198 - - [25/Jul/2017:18:42:31 -0700] "GET /tg/a.zip HTTP/1.1" 206 21767 "-" "Mozilla/4.0 (compatible; MSIE 7.0; Windows NT 6.2; WOW64; Trident/7.0; .NET4.0E; .NET4.0C; .NET CLR 3.5.30729; .NET CLR 2.0.50727; .NET CLR 3.0.30729)" 
111.204.219.198 - - [25/Jul/2017:18:40:44 -0700] "GET /tg/c.zip HTTP/1.1" 206 1048921 "-" "Mozilla/4.0 (compatible; MSIE 7.0; Windows NT 6.2; WOW64; Trident/7.0; .NET4.0E; .NET4.0C; .NET CLR 3.5.30729; .NET CLR 2.0.50727; .NET CLR 3.0.30729)" 
111.204.219.198 - - [25/Jul/2017:18:42:29 -0700] "GET /tg/b.zip HTTP/1.1" 206 109025 "-" "Mozilla/4.0 (compatible; MSIE 7.0; Windows NT 6.2; WOW64; Trident/7.0; .NET4.0E; .NET4.0C; .NET CLR 3.5.30729; .NET CLR 2.0.50727; .NET CLR 3.0.30729)" 
111.204.219.198 - - [25/Jul/2017:18:41:14 -0700] "GET /tg/b.zip HTTP/1.1" 206 881840 "-" "Mozilla/4.0 (compatible; MSIE 7.0; Windows NT 6.2; WOW64; Trident/7.0; .NET4.0E; .NET4.0C; .NET CLR 3.5.30729; .NET CLR 2.0.50727; .NET CLR 3.0.30729)" 
111.204.219.198 - - [25/Jul/2017:18:40:31 -0700] "GET /tg/b.zip HTTP/1.1" 206 1048921 "-" "Mozilla/4.0 (compatible; MSIE 7.0; Windows NT 6.2; WOW64; Trident/7.0; .NET4.0E; .NET4.0C; .NET CLR 3.5.30729; .NET CLR 2.0.50727; .NET CLR 3.0.30729)" 
111.204.219.198 - - [25/Jul/2017:18:41:45 -0700] "GET /squid/access.log.gz HTTP/1.1" 206 1048939 "-" "Mozilla/4.0 (compatible; MSIE 7.0; Windows NT 6.2; WOW64; Trident/7.0; .NET4.0E; .NET4.0C; .NET CLR 3.5.30729; .NET CLR 2.0.50727; .NET CLR 3.0.30729)" 
111.204.219.198 - - [25/Jul/2017:18:41:45 -0700] "GET /squid/access.log.gz HTTP/1.1" 206 1048939 "-" "Mozilla/4.0 (compatible; MSIE 7.0; Windows NT 6.2; WOW64; Trident/7.0; .NET4.0E; .NET4.0C; .NET CLR 3.5.30729; .NET CLR 2.0.50727; .NET CLR 3.0.30729)" 
111.204.219.198 - - [25/Jul/2017:18:42:45 -0700] "GET /honeypot/BSidesDFW%20-%202014.ipynb HTTP/1.1" 200 33580 "http://www.secrepo.com/" "Mozilla/5.0 (Windows NT 10.0; Win64; x64) AppleWebKit/537.36 (KHTML, like Gecko) Chrome/59.0.3071.115 Safari/537.36" 
111.204.219.198 - - [25/Jul/2017:18:40:44 -0700] "GET /tg/c.zip HTTP/1.1" 206 1464380 "-" "Mozilla/4.0 (compatible; MSIE 7.0; Windows NT 6.2; WOW64; Trident/7.0; .NET4.0E; .NET4.0C; .NET CLR 3.5.30729; .NET CLR 2.0.50727; .NET CLR 3.0.30729)" 
47.90.91.86 - - [25/Jul/2017:18:41:43 -0700] "GET /maccdc2012/conn.log.gz HTTP/1.1" 200 437492934 "-" "Mozilla/5.0 (Macintosh; Intel Mac OS X 10_11_1) AppleWebKit/537.36 (KHTML, like Gecko) Chrome/58.0.3029.110 Safari/537.36" 
111.204.219.198 - - [25/Jul/2017:18:42:14 -0700] "GET /honeypot/honeypot.json.zip HTTP/1.1" 206 1048921 "-" "Mozilla/4.0 (compatible; MSIE 7.0; Windows NT 6.2; WOW64; Trident/7.0; .NET4.0E; .NET4.0C; .NET CLR 3.5.30729; .NET CLR 2.0.50727; .NET CLR 3.0.30729)" 
111.204.219.198 - - [25/Jul/2017:18:42:14 -0700] "GET /honeypot/honeypot.json.zip HTTP/1.1" 206 743140 "-" "Mozilla/4.0 (compatible; MSIE 7.0; Windows NT 6.2; WOW64; Trident/7.0; .NET4.0E; .NET4.0C; .NET CLR 3.5.30729; .NET CLR 2.0.50727; .NET CLR 3.0.30729)" 
47.90.91.86 - - [25/Jul/2017:18:43:11 -0700] "GET / HTTP/1.1" 200 10794 "-" "Mozilla/5.0 (Macintosh; Intel Mac OS X 10_11_1) AppleWebKit/537.36 (KHTML, like Gecko) Chrome/58.0.3029.110 Safari/537.36" 
47.90.91.86 - - [25/Jul/2017:18:43:11 -0700] "GET /data HTTP/1.1" 404 339 "-" "Mozilla/5.0 (Macintosh; Intel Mac OS X 10_11_1) AppleWebKit/537.36 (KHTML, like Gecko) Chrome/58.0.3029.110 Safari/537.36" 
47.90.91.86 - - [25/Jul/2017:18:43:11 -0700] "GET /data HTTP/1.1" 404 339 "-" "Mozilla/5.0 (Macintosh; Intel Mac OS X 10_11_1) AppleWebKit/537.36 (KHTML, like Gecko) Chrome/58.0.3029.110 Safari/537.36" 
47.90.91.86 - - [25/Jul/2017:18:43:12 -0700] "GET / HTTP/1.1" 301 483 "-" "Mozilla/5.0 (Macintosh; Intel Mac OS X 10_11_1) AppleWebKit/537.36 (KHTML, like Gecko) Chrome/58.0.3029.110 Safari/537.36" 
47.90.91.86 - - [25/Jul/2017:18:43:12 -0700] "GET / HTTP/1.1" 200 10793 "-" "Mozilla/5.0 (Macintosh; Intel Mac OS X 10_11_1) AppleWebKit/537.36 (KHTML, like Gecko) Chrome/58.0.3029.110 Safari/537.36" 
111.204.219.198 - - [25/Jul/2017:18:42:31 -0700] "GET /tg/a.zip HTTP/1.1" 206 1048919 "-" "Mozilla/4.0 (compatible; MSIE 7.0; Windows NT 6.2; WOW64; Trident/7.0; .NET4.0E; .NET4.0C; .NET CLR 3.5.30729; .NET CLR 2.0.50727; .NET CLR 3.0.30729)" 
111.204.219.198 - - [25/Jul/2017:18:42:31 -0700] "GET /tg/a.zip HTTP/1.1" 206 624880 "-" "Mozilla/4.0 (compatible; MSIE 7.0; Windows NT 6.2; WOW64; Trident/7.0; .NET4.0E; .NET4.0C; .NET CLR 3.5.30729; .NET CLR 2.0.50727; .NET CLR 3.0.30729)" 
111.204.219.198 - - [25/Jul/2017:18:43:05 -0700] "GET /honeypot/honeypot.json.zip HTTP/1.1" 206 637545 "-" "Mozilla/4.0 (compatible; MSIE 7.0; Windows NT 6.2; WOW64; Trident/7.0; .NET4.0E; .NET4.0C; .NET CLR 3.5.30729; .NET CLR 2.0.50727; .NET CLR 3.0.30729)" 
111.204.219.198 - - [25/Jul/2017:18:42:31 -0700] "GET /tg/a.zip HTTP/1.1" 206 1048919 "-" "Mozilla/4.0 (compatible; MSIE 7.0; Windows NT 6.2; WOW64; Trident/7.0; .NET4.0E; .NET4.0C; .NET CLR 3.5.30729; .NET CLR 2.0.50727; .NET CLR 3.0.30729)" 
111.204.219.198 - - [25/Jul/2017:18:42:45 -0700] "GET /squid/access.log.gz HTTP/1.1" 206 335800 "-" "Mozilla/4.0 (compatible; MSIE 7.0; Windows NT 6.2; WOW64; Trident/7.0; .NET4.0E; .NET4.0C; .NET CLR 3.5.30729; .NET CLR 2.0.50727; .NET CLR 3.0.30729)" 
111.204.219.198 - - [25/Jul/2017:18:42:49 -0700] "GET /tg/c.zip HTTP/1.1" 206 821980 "-" "Mozilla/4.0 (compatible; MSIE 7.0; Windows NT 6.2; WOW64; Trident/7.0; .NET4.0E; .NET4.0C; .NET CLR 3.5.30729; .NET CLR 2.0.50727; .NET CLR 3.0.30729)" 
111.204.219.198 - - [25/Jul/2017:18:42:31 -0700] "GET /tg/a.zip HTTP/1.1" 206 1048919 "-" "Mozilla/4.0 (compatible; MSIE 7.0; Windows NT 6.2; WOW64; Trident/7.0; .NET4.0E; .NET4.0C; .NET CLR 3.5.30729; .NET CLR 2.0.50727; .NET CLR 3.0.30729)" 
111.204.219.198 - - [25/Jul/2017:18:42:34 -0700] "GET /tg/b.zip HTTP/1.1" 206 913960 "-" "Mozilla/4.0 (compatible; MSIE 7.0; Windows NT 6.2; WOW64; Trident/7.0; .NET4.0E; .NET4.0C; .NET CLR 3.5.30729; .NET CLR 2.0.50727; .NET CLR 3.0.30729)" 
111.204.219.198 - - [25/Jul/2017:18:42:36 -0700] "GET /tg/a.zip HTTP/1.1" 206 1973920 "-" "Mozilla/4.0 (compatible; MSIE 7.0; Windows NT 6.2; WOW64; Trident/7.0; .NET4.0E; .NET4.0C; .NET CLR 3.5.30729; .NET CLR 2.0.50727; .NET CLR 3.0.30729)" 
111.204.219.198 - - [25/Jul/2017:18:43:24 -0700] "GET /tg/c.zip HTTP/1.1" 206 335800 "-" "Mozilla/4.0 (compatible; MSIE 7.0; Windows NT 6.2; WOW64; Trident/7.0; .NET4.0E; .NET4.0C; .NET CLR 3.5.30729; .NET CLR 2.0.50727; .NET CLR 3.0.30729)" 
47.90.91.86 - - [25/Jul/2017:18:43:12 -0700] "GET /maccdc2012/conn.log.gz HTTP/1.1" 200 435137010 "-" "Mozilla/5.0 (Macintosh; Intel Mac OS X 10_11_1) AppleWebKit/537.36 (KHTML, like Gecko) Chrome/58.0.3029.110 Safari/537.36" 
111.204.219.198 - - [25/Jul/2017:18:43:45 -0700] "GET /tg/c.zip HTTP/1.1" 206 335800 "-" "Mozilla/4.0 (compatible; MSIE 7.0; Windows NT 6.2; WOW64; Trident/7.0; .NET4.0E; .NET4.0C; .NET CLR 3.5.30729; .NET CLR 2.0.50727; .NET CLR 3.0.30729)" 
47.90.91.86 - - [25/Jul/2017:18:44:31 -0700] "GET / HTTP/1.1" 200 10794 "-" "Mozilla/5.0 (Macintosh; Intel Mac OS X 10_11_1) AppleWebKit/537.36 (KHTML, like Gecko) Chrome/58.0.3029.110 Safari/537.36" 
47.90.91.86 - - [25/Jul/2017:18:44:32 -0700] "GET /data HTTP/1.1" 404 339 "-" "Mozilla/5.0 (Macintosh; Intel Mac OS X 10_11_1) AppleWebKit/537.36 (KHTML, like Gecko) Chrome/58.0.3029.110 Safari/537.36" 
47.90.91.86 - - [25/Jul/2017:18:44:32 -0700] "GET /data HTTP/1.1" 404 339 "-" "Mozilla/5.0 (Macintosh; Intel Mac OS X 10_11_1) AppleWebKit/537.36 (KHTML, like Gecko) Chrome/58.0.3029.110 Safari/537.36" 
47.90.91.86 - - [25/Jul/2017:18:44:33 -0700] "GET / HTTP/1.1" 301 483 "-" "Mozilla/5.0 (Macintosh; Intel Mac OS X 10_11_1) AppleWebKit/537.36 (KHTML, like Gecko) Chrome/58.0.3029.110 Safari/537.36" 
47.90.91.86 - - [25/Jul/2017:18:44:33 -0700] "GET / HTTP/1.1" 200 10793 "-" "Mozilla/5.0 (Macintosh; Intel Mac OS X 10_11_1) AppleWebKit/537.36 (KHTML, like Gecko) Chrome/58.0.3029.110 Safari/537.36" 
111.204.219.198 - - [25/Jul/2017:18:42:54 -0700] "GET /squid/access.log.gz HTTP/1.1" 206 1930120 "-" "Mozilla/4.0 (compatible; MSIE 7.0; Windows NT 6.2; WOW64; Trident/7.0; .NET4.0E; .NET4.0C; .NET CLR 3.5.30729; .NET CLR 2.0.50727; .NET CLR 3.0.30729)" 
111.204.219.198 - - [25/Jul/2017:18:44:09 -0700] "GET /tg/a.zip HTTP/1.1" 206 913960 "-" "Mozilla/4.0 (compatible; MSIE 7.0; Windows NT 6.2; WOW64; Trident/7.0; .NET4.0E; .NET4.0C; .NET CLR 3.5.30729; .NET CLR 2.0.50727; .NET CLR 3.0.30729)" 
111.204.219.198 - - [25/Jul/2017:18:42:21 -0700] "GET /tg/c.zip HTTP/1.1" 206 3226600 "-" "Mozilla/4.0 (compatible; MSIE 7.0; Windows NT 6.2; WOW64; Trident/7.0; .NET4.0E; .NET4.0C; .NET CLR 3.5.30729; .NET CLR 2.0.50727; .NET CLR 3.0.30729)" 
111.204.219.198 - - [25/Jul/2017:18:45:35 -0700] "OPTIONS / HTTP/1.1" 200 225 "-" "Microsoft Office Protocol Discovery" 
111.204.219.198 - - [25/Jul/2017:18:45:36 -0700] "GET / HTTP/1.1" 200 10793 "-" "Mozilla/4.0 (compatible; MSIE 7.0; Windows NT 6.2; WOW64; Trident/7.0; .NET4.0C; .NET4.0E; InfoPath.3; ms-office)" 
47.90.91.86 - - [25/Jul/2017:18:44:33 -0700] "GET /maccdc2012/conn.log.gz HTTP/1.1" 200 437913798 "-" "Mozilla/5.0 (Macintosh; Intel Mac OS X 10_11_1) AppleWebKit/537.36 (KHTML, like Gecko) Chrome/58.0.3029.110 Safari/537.36" 
111.204.219.198 - - [25/Jul/2017:18:45:41 -0700] "GET /Security-Data-Analysis/Lab_1/conn.log.zip HTTP/1.1" 200 33580 "-" "Mozilla/5.0 (Windows NT 10.0; Win64; x64) AppleWebKit/537.36 (KHTML, like Gecko) Chrome/59.0.3071.115 Safari/537.36" 
111.204.219.198 - - [25/Jul/2017:18:45:43 -0700] "GET /Security-Data-Analysis/Lab_1/conn.log.zip HTTP/1.1" 200 78840 "-" "User-Agent\tMozilla/5.0 (compatible; MSIE 9.0; Windows NT 6.1; Trident/5.0)" 
111.204.219.198 - - [25/Jul/2017:18:40:32 -0700] "GET /tg/b.zip HTTP/1.1" 206 10198178 "-" "Mozilla/4.0 (compatible; MSIE 7.0; Windows NT 6.2; WOW64; Trident/7.0; .NET4.0E; .NET4.0C; .NET CLR 3.5.30729; .NET CLR 2.0.50727; .NET CLR 3.0.30729)" 
47.90.91.86 - - [25/Jul/2017:18:45:51 -0700] "GET / HTTP/1.1" 200 10794 "-" "Mozilla/5.0 (Macintosh; Intel Mac OS X 10_11_1) AppleWebKit/537.36 (KHTML, like Gecko) Chrome/58.0.3029.110 Safari/537.36" 
47.90.91.86 - - [25/Jul/2017:18:45:51 -0700] "GET /data HTTP/1.1" 404 339 "-" "Mozilla/5.0 (Macintosh; Intel Mac OS X 10_11_1) AppleWebKit/537.36 (KHTML, like Gecko) Chrome/58.0.3029.110 Safari/537.36" 
47.90.91.86 - - [25/Jul/2017:18:45:51 -0700] "GET /data HTTP/1.1" 404 339 "-" "Mozilla/5.0 (Macintosh; Intel Mac OS X 10_11_1) AppleWebKit/537.36 (KHTML, like Gecko) Chrome/58.0.3029.110 Safari/537.36" 
47.90.91.86 - - [25/Jul/2017:18:45:52 -0700] "GET / HTTP/1.1" 301 483 "-" "Mozilla/5.0 (Macintosh; Intel Mac OS X 10_11_1) AppleWebKit/537.36 (KHTML, like Gecko) Chrome/58.0.3029.110 Safari/537.36" 
47.90.91.86 - - [25/Jul/2017:18:45:52 -0700] "GET / HTTP/1.1" 200 10793 "-" "Mozilla/5.0 (Macintosh; Intel Mac OS X 10_11_1) AppleWebKit/537.36 (KHTML, like Gecko) Chrome/58.0.3029.110 Safari/537.36" 
111.204.219.198 - - [25/Jul/2017:18:43:40 -0700] "GET /tg/a.zip HTTP/1.1" 206 2505360 "-" "Mozilla/4.0 (compatible; MSIE 7.0; Windows NT 6.2; WOW64; Trident/7.0; .NET4.0E; .NET4.0C; .NET CLR 3.5.30729; .NET CLR 2.0.50727; .NET CLR 3.0.30729)" 
111.204.219.198 - - [25/Jul/2017:18:44:10 -0700] "GET /tg/a.zip HTTP/1.1" 206 1299400 "-" "Mozilla/4.0 (compatible; MSIE 7.0; Windows NT 6.2; WOW64; Trident/7.0; .NET4.0E; .NET4.0C; .NET CLR 3.5.30729; .NET CLR 2.0.50727; .NET CLR 3.0.30729)" 
111.204.219.198 - - [25/Jul/2017:18:44:45 -0700] "GET /tg/a.zip HTTP/1.1" 206 881840 "-" "Mozilla/4.0 (compatible; MSIE 7.0; Windows NT 6.2; WOW64; Trident/7.0; .NET4.0E; .NET4.0C; .NET CLR 3.5.30729; .NET CLR 2.0.50727; .NET CLR 3.0.30729)" 
111.204.219.198 - - [25/Jul/2017:18:45:22 -0700] "GET /tg/a.zip HTTP/1.1" 206 496400 "-" "Mozilla/4.0 (compatible; MSIE 7.0; Windows NT 6.2; WOW64; Trident/7.0; .NET4.0E; .NET4.0C; .NET CLR 3.5.30729; .NET CLR 2.0.50727; .NET CLR 3.0.30729)" 
111.204.219.198 - - [25/Jul/2017:18:46:07 -0700] "GET /self.logs/ HTTP/1.1" 200 18710 "http://www.secrepo.com/" "Mozilla/5.0 (Windows NT 10.0; Win64; x64) AppleWebKit/537.36 (KHTML, like Gecko) Chrome/59.0.3071.115 Safari/537.36" 
111.204.219.198 - - [25/Jul/2017:18:45:58 -0700] "GET /Security-Data-Analysis/Lab_1/conn.log.zip HTTP/1.1" 200 464280 "-" "Mozilla/4.0 (compatible; MSIE 7.0; Windows NT 6.2; WOW64; Trident/7.0; .NET4.0E; .NET4.0C; .NET CLR 3.5.30729; .NET CLR 2.0.50727; .NET CLR 3.0.30729)" 
47.90.91.86 - - [25/Jul/2017:18:45:52 -0700] "GET /maccdc2012/conn.log.gz HTTP/1.1" 200 438337466 "-" "Mozilla/5.0 (Macintosh; Intel Mac OS X 10_11_1) AppleWebKit/537.36 (KHTML, like Gecko) Chrome/58.0.3029.110 Safari/537.36" 
47.90.91.86 - - [25/Jul/2017:18:47:09 -0700] "GET / HTTP/1.1" 200 10794 "-" "Mozilla/5.0 (Macintosh; Intel Mac OS X 10_11_1) AppleWebKit/537.36 (KHTML, like Gecko) Chrome/58.0.3029.110 Safari/537.36" 
47.90.91.86 - - [25/Jul/2017:18:47:09 -0700] "GET /data HTTP/1.1" 404 339 "-" "Mozilla/5.0 (Macintosh; Intel Mac OS X 10_11_1) AppleWebKit/537.36 (KHTML, like Gecko) Chrome/58.0.3029.110 Safari/537.36" 
47.90.91.86 - - [25/Jul/2017:18:47:10 -0700] "GET /data HTTP/1.1" 404 339 "-" "Mozilla/5.0 (Macintosh; Intel Mac OS X 10_11_1) AppleWebKit/537.36 (KHTML, like Gecko) Chrome/58.0.3029.110 Safari/537.36" 
47.90.91.86 - - [25/Jul/2017:18:47:10 -0700] "GET / HTTP/1.1" 301 483 "-" "Mozilla/5.0 (Macintosh; Intel Mac OS X 10_11_1) AppleWebKit/537.36 (KHTML, like Gecko) Chrome/58.0.3029.110 Safari/537.36" 
47.90.91.86 - - [25/Jul/2017:18:47:10 -0700] "GET / HTTP/1.1" 200 10793 "-" "Mozilla/5.0 (Macintosh; Intel Mac OS X 10_11_1) AppleWebKit/537.36 (KHTML, like Gecko) Chrome/58.0.3029.110 Safari/537.36" 
111.204.219.198 - - [25/Jul/2017:18:41:41 -0700] "GET /squid/access.log.gz HTTP/1.1" 200 5971400 "-" "Mozilla/4.0 (compatible; MSIE 7.0; Windows NT 6.2; WOW64; Trident/7.0; .NET4.0E; .NET4.0C; .NET CLR 3.5.30729; .NET CLR 2.0.50727; .NET CLR 3.0.30729)" 
111.204.219.198 - - [25/Jul/2017:18:46:03 -0700] "GET /Security-Data-Analysis/Lab_1/conn.log.zip HTTP/1.1" 206 1048948 "-" "Mozilla/4.0 (compatible; MSIE 7.0; Windows NT 6.2; WOW64; Trident/7.0; .NET4.0E; .NET4.0C; .NET CLR 3.5.30729; .NET CLR 2.0.50727; .NET CLR 3.0.30729)" 
111.204.219.198 - - [25/Jul/2017:18:46:03 -0700] "GET /Security-Data-Analysis/Lab_1/conn.log.zip HTTP/1.1" 206 1048948 "-" "Mozilla/4.0 (compatible; MSIE 7.0; Windows NT 6.2; WOW64; Trident/7.0; .NET4.0E; .NET4.0C; .NET CLR 3.5.30729; .NET CLR 2.0.50727; .NET CLR 3.0.30729)" 
111.204.219.198 - - [25/Jul/2017:18:13:22 -0700] "GET /maccdc2012/conn.log.gz HTTP/1.1" 200 120249663 "-" "Mozilla/5.0 (Windows NT 10.0; Win64; x64) AppleWebKit/537.36 (KHTML, like Gecko) Chrome/59.0.3071.115 Safari/537.36" 
47.90.91.86 - - [25/Jul/2017:18:47:11 -0700] "GET /maccdc2012/conn.log.gz HTTP/1.1" 200 437314830 "-" "Mozilla/5.0 (Macintosh; Intel Mac OS X 10_11_1) AppleWebKit/537.36 (KHTML, like Gecko) Chrome/58.0.3029.110 Safari/537.36" 
111.204.219.198 - - [25/Jul/2017:18:42:11 -0700] "GET /honeypot/honeypot.json.zip HTTP/1.1" 200 5673560 "-" "Mozilla/4.0 (compatible; MSIE 7.0; Windows NT 6.2; WOW64; Trident/7.0; .NET4.0E; .NET4.0C; .NET CLR 3.5.30729; .NET CLR 2.0.50727; .NET CLR 3.0.30729)" 
47.91.167.12 - - [25/Jul/2017:18:48:22 -0700] "GET / HTTP/1.1" 200 10794 "-" "Mozilla/5.0 (Macintosh; Intel Mac OS X 10_11_1) AppleWebKit/537.36 (KHTML, like Gecko) Chrome/58.0.3029.110 Safari/537.36" 
47.91.167.12 - - [25/Jul/2017:18:48:22 -0700] "GET /data HTTP/1.1" 404 339 "-" "Mozilla/5.0 (Macintosh; Intel Mac OS X 10_11_1) AppleWebKit/537.36 (KHTML, like Gecko) Chrome/58.0.3029.110 Safari/537.36" 
47.91.167.12 - - [25/Jul/2017:18:48:22 -0700] "GET /data HTTP/1.1" 404 339 "-" "Mozilla/5.0 (Macintosh; Intel Mac OS X 10_11_1) AppleWebKit/537.36 (KHTML, like Gecko) Chrome/58.0.3029.110 Safari/537.36" 
111.204.219.198 - - [25/Jul/2017:18:44:16 -0700] "GET /tg/b.zip HTTP/1.1" 206 4080438 "-" "Mozilla/4.0 (compatible; MSIE 7.0; Windows NT 6.2; WOW64; Trident/7.0; .NET4.0E; .NET4.0C; .NET CLR 3.5.30729; .NET CLR 2.0.50727; .NET CLR 3.0.30729)" 
47.91.167.12 - - [25/Jul/2017:18:48:23 -0700] "GET / HTTP/1.1" 301 483 "-" "Mozilla/5.0 (Macintosh; Intel Mac OS X 10_11_1) AppleWebKit/537.36 (KHTML, like Gecko) Chrome/58.0.3029.110 Safari/537.36" 
47.91.167.12 - - [25/Jul/2017:18:48:23 -0700] "GET / HTTP/1.1" 200 10794 "-" "Mozilla/5.0 (Macintosh; Intel Mac OS X 10_11_1) AppleWebKit/537.36 (KHTML, like Gecko) Chrome/58.0.3029.110 Safari/537.36" 
47.90.91.86 - - [25/Jul/2017:18:48:35 -0700] "GET / HTTP/1.1" 200 10794 "-" "Mozilla/5.0 (Macintosh; Intel Mac OS X 10_11_1) AppleWebKit/537.36 (KHTML, like Gecko) Chrome/58.0.3029.110 Safari/537.36" 
47.90.91.86 - - [25/Jul/2017:18:48:36 -0700] "GET /data HTTP/1.1" 404 339 "-" "Mozilla/5.0 (Macintosh; Intel Mac OS X 10_11_1) AppleWebKit/537.36 (KHTML, like Gecko) Chrome/58.0.3029.110 Safari/537.36" 
47.90.91.86 - - [25/Jul/2017:18:48:36 -0700] "GET /data HTTP/1.1" 404 339 "-" "Mozilla/5.0 (Macintosh; Intel Mac OS X 10_11_1) AppleWebKit/537.36 (KHTML, like Gecko) Chrome/58.0.3029.110 Safari/537.36" 
111.204.219.198 - - [25/Jul/2017:18:43:27 -0700] "GET /honeypot/honeypot.json.zip HTTP/1.1" 206 7464936 "-" "Mozilla/4.0 (compatible; MSIE 7.0; Windows NT 6.2; WOW64; Trident/7.0; .NET4.0E; .NET4.0C; .NET CLR 3.5.30729; .NET CLR 2.0.50727; .NET CLR 3.0.30729)" 
47.90.91.86 - - [25/Jul/2017:18:48:36 -0700] "GET / HTTP/1.1" 301 483 "-" "Mozilla/5.0 (Macintosh; Intel Mac OS X 10_11_1) AppleWebKit/537.36 (KHTML, like Gecko) Chrome/58.0.3029.110 Safari/537.36" 
47.90.91.86 - - [25/Jul/2017:18:48:36 -0700] "GET / HTTP/1.1" 200 10793 "-" "Mozilla/5.0 (Macintosh; Intel Mac OS X 10_11_1) AppleWebKit/537.36 (KHTML, like Gecko) Chrome/58.0.3029.110 Safari/537.36" 
111.204.219.198 - - [25/Jul/2017:18:47:14 -0700] "GET /squid/access.log.gz HTTP/1.1" 206 2743100 "-" "Mozilla/4.0 (compatible; MSIE 7.0; Windows NT 6.2; WOW64; Trident/7.0; .NET4.0E; .NET4.0C; .NET CLR 3.5.30729; .NET CLR 2.0.50727; .NET CLR 3.0.30729)" 
111.204.219.198 - - [25/Jul/2017:18:48:55 -0700] "GET /tg/b.zip HTTP/1.1" 206 442020 "-" "Mozilla/4.0 (compatible; MSIE 7.0; Windows NT 6.2; WOW64; Trident/7.0; .NET4.0E; .NET4.0C; .NET CLR 3.5.30729; .NET CLR 2.0.50727; .NET CLR 3.0.30729)" 
111.204.219.198 - - [25/Jul/2017:18:42:44 -0700] "GET /tg/b.zip HTTP/1.1" 206 7337960 "-" "Mozilla/4.0 (compatible; MSIE 7.0; Windows NT 6.2; WOW64; Trident/7.0; .NET4.0E; .NET4.0C; .NET CLR 3.5.30729; .NET CLR 2.0.50727; .NET CLR 3.0.30729)" 
111.204.219.198 - - [25/Jul/2017:18:49:11 -0700] "GET /tg/b.zip HTTP/1.1" 206 115570 "-" "Mozilla/4.0 (compatible; MSIE 7.0; Windows NT 6.2; WOW64; Trident/7.0; .NET4.0E; .NET4.0C; .NET CLR 3.5.30729; .NET CLR 2.0.50727; .NET CLR 3.0.30729)" 
111.204.219.198 - - [25/Jul/2017:18:40:30 -0700] "GET /tg/b.zip HTTP/1.1" 200 13050940 "-" "Mozilla/4.0 (compatible; MSIE 7.0; Windows NT 6.2; WOW64; Trident/7.0; .NET4.0E; .NET4.0C; .NET CLR 3.5.30729; .NET CLR 2.0.50727; .NET CLR 3.0.30729)" 
111.204.219.198 - - [25/Jul/2017:18:49:09 -0700] "GET /tg/b.zip HTTP/1.1" 206 216630 "-" "Mozilla/4.0 (compatible; MSIE 7.0; Windows NT 6.2; WOW64; Trident/7.0; .NET4.0E; .NET4.0C; .NET CLR 3.5.30729; .NET CLR 2.0.50727; .NET CLR 3.0.30729)" 
111.204.219.198 - - [25/Jul/2017:18:49:11 -0700] "GET /tg/b.zip HTTP/1.1" 206 93036 "-" "Mozilla/4.0 (compatible; MSIE 7.0; Windows NT 6.2; WOW64; Trident/7.0; .NET4.0E; .NET4.0C; .NET CLR 3.5.30729; .NET CLR 2.0.50727; .NET CLR 3.0.30729)" 
111.204.219.198 - - [25/Jul/2017:18:43:06 -0700] "GET /tg/b.zip HTTP/1.1" 206 4864720 "-" "Mozilla/4.0 (compatible; MSIE 7.0; Windows NT 6.2; WOW64; Trident/7.0; .NET4.0E; .NET4.0C; .NET CLR 3.5.30729; .NET CLR 2.0.50727; .NET CLR 3.0.30729)" 
111.204.219.198 - - [25/Jul/2017:18:49:15 -0700] "GET /tg/b.zip HTTP/1.1" 206 46720 "-" "Mozilla/4.0 (compatible; MSIE 7.0; Windows NT 6.2; WOW64; Trident/7.0; .NET4.0E; .NET4.0C; .NET CLR 3.5.30729; .NET CLR 2.0.50727; .NET CLR 3.0.30729)" 
111.204.219.198 - - [25/Jul/2017:18:49:16 -0700] "GET /tg/b.zip HTTP/1.1" 206 77560 "-" "Mozilla/4.0 (compatible; MSIE 7.0; Windows NT 6.2; WOW64; Trident/7.0; .NET4.0E; .NET4.0C; .NET CLR 3.5.30729; .NET CLR 2.0.50727; .NET CLR 3.0.30729)" 
111.204.219.198 - - [25/Jul/2017:18:49:16 -0700] "GET /tg/b.zip HTTP/1.1" 206 77560 "-" "Mozilla/4.0 (compatible; MSIE 7.0; Windows NT 6.2; WOW64; Trident/7.0; .NET4.0E; .NET4.0C; .NET CLR 3.5.30729; .NET CLR 2.0.50727; .NET CLR 3.0.30729)" 
111.204.219.198 - - [25/Jul/2017:18:49:16 -0700] "GET /tg/b.zip HTTP/1.1" 206 77560 "-" "Mozilla/4.0 (compatible; MSIE 7.0; Windows NT 6.2; WOW64; Trident/7.0; .NET4.0E; .NET4.0C; .NET CLR 3.5.30729; .NET CLR 2.0.50727; .NET CLR 3.0.30729)" 
111.204.219.198 - - [25/Jul/2017:18:42:54 -0700] "GET /tg/c.zip HTTP/1.1" 206 7040133 "-" "Mozilla/4.0 (compatible; MSIE 7.0; Windows NT 6.2; WOW64; Trident/7.0; .NET4.0E; .NET4.0C; .NET CLR 3.5.30729; .NET CLR 2.0.50727; .NET CLR 3.0.30729)" 
111.204.219.198 - - [25/Jul/2017:18:43:16 -0700] "GET /honeypot/honeypot.json.zip HTTP/1.1" 206 5314400 "-" "Mozilla/4.0 (compatible; MSIE 7.0; Windows NT 6.2; WOW64; Trident/7.0; .NET4.0E; .NET4.0C; .NET CLR 3.5.30729; .NET CLR 2.0.50727; .NET CLR 3.0.30729)" 
111.204.219.198 - - [25/Jul/2017:18:43:33 -0700] "GET /squid/access.log.gz HTTP/1.1" 206 6451702 "-" "Mozilla/4.0 (compatible; MSIE 7.0; Windows NT 6.2; WOW64; Trident/7.0; .NET4.0E; .NET4.0C; .NET CLR 3.5.30729; .NET CLR 2.0.50727; .NET CLR 3.0.30729)" 
111.204.219.198 - - [25/Jul/2017:18:44:15 -0700] "GET /tg/c.zip HTTP/1.1" 206 5845127 "-" "Mozilla/4.0 (compatible; MSIE 7.0; Windows NT 6.2; WOW64; Trident/7.0; .NET4.0E; .NET4.0C; .NET CLR 3.5.30729; .NET CLR 2.0.50727; .NET CLR 3.0.30729)" 
122.4.254.54 - - [25/Jul/2017:18:48:55 -0700] "GET /honeypot/Honeypot%20-%20Howto.pdf HTTP/1.1" 200 1279418 "http://www.secrepo.com/" "Mozilla/5.0 (Macintosh; Intel Mac OS X 10_8_4) AppleWebKit/537.36 (KHTML, like Gecko) Chrome/39.0.2171.95 Safari/537.36" 
38.142.77.210 - - [25/Jul/2017:18:49:49 -0700] "GET / HTTP/1.1" 200 10794 "https://www.google.com/" "Mozilla/5.0 (Windows NT 10.0; Win64; x64) AppleWebKit/537.36 (KHTML, like Gecko) Chrome/59.0.3071.115 Safari/537.36" 
38.142.77.210 - - [25/Jul/2017:18:49:49 -0700] "GET /GitHub-Mark.png HTTP/1.1" 200 7428 "http://www.secrepo.com/" "Mozilla/5.0 (Windows NT 10.0; Win64; x64) AppleWebKit/537.36 (KHTML, like Gecko) Chrome/59.0.3071.115 Safari/537.36" 
38.142.77.210 - - [25/Jul/2017:18:49:49 -0700] "GET /twitter-icon.png HTTP/1.1" 200 27787 "http://www.secrepo.com/" "Mozilla/5.0 (Windows NT 10.0; Win64; x64) AppleWebKit/537.36 (KHTML, like Gecko) Chrome/59.0.3071.115 Safari/537.36" 
188.40.126.66 - - [25/Jul/2017:18:49:51 -0700] "GET / HTTP/1.1" 200 10738 "-" "Mozilla/5.0 (compatible; NewShareCounts.com/1.0; +http://newsharecounts.com/crawler)" 
111.204.219.198 - - [25/Jul/2017:18:49:35 -0700] "GET /honeypot/honeypot.json.zip HTTP/1.1" 206 499888 "-" "Mozilla/4.0 (compatible; MSIE 7.0; Windows NT 6.2; WOW64; Trident/7.0; .NET4.0E; .NET4.0C; .NET CLR 3.5.30729; .NET CLR 2.0.50727; .NET CLR 3.0.30729)" 
111.204.219.198 - - [25/Jul/2017:18:49:23 -0700] "GET /maccdc2012/conn.log.gz HTTP/1.1" 206 1048943 "-" "Mozilla/4.0 (compatible; MSIE 7.0; Windows NT 6.2; WOW64; Trident/7.0; .NET4.0E; .NET4.0C; .NET CLR 3.5.30729; .NET CLR 2.0.50727; .NET CLR 3.0.30729)" 
111.204.219.198 - - [25/Jul/2017:18:45:34 -0700] "GET /tg/c.zip HTTP/1.1" 206 9256462 "-" "Mozilla/4.0 (compatible; MSIE 7.0; Windows NT 6.2; WOW64; Trident/7.0; .NET4.0E; .NET4.0C; .NET CLR 3.5.30729; .NET CLR 2.0.50727; .NET CLR 3.0.30729)" 
111.204.219.198 - - [25/Jul/2017:18:49:58 -0700] "GET /squid/access.log.gz HTTP/1.1" 206 197791 "-" "Mozilla/4.0 (compatible; MSIE 7.0; Windows NT 6.2; WOW64; Trident/7.0; .NET4.0E; .NET4.0C; .NET CLR 3.5.30729; .NET CLR 2.0.50727; .NET CLR 3.0.30729)" 
47.90.91.86 - - [25/Jul/2017:18:50:04 -0700] "GET / HTTP/1.1" 200 10794 "-" "Mozilla/5.0 (Macintosh; Intel Mac OS X 10_11_1) AppleWebKit/537.36 (KHTML, like Gecko) Chrome/58.0.3029.110 Safari/537.36" 
47.90.91.86 - - [25/Jul/2017:18:48:37 -0700] "GET /maccdc2012/conn.log.gz HTTP/1.1" 200 436580714 "-" "Mozilla/5.0 (Macintosh; Intel Mac OS X 10_11_1) AppleWebKit/537.36 (KHTML, like Gecko) Chrome/58.0.3029.110 Safari/537.36" 
47.90.91.86 - - [25/Jul/2017:18:50:05 -0700] "GET /data HTTP/1.1" 404 339 "-" "Mozilla/5.0 (Macintosh; Intel Mac OS X 10_11_1) AppleWebKit/537.36 (KHTML, like Gecko) Chrome/58.0.3029.110 Safari/537.36" 
47.90.91.86 - - [25/Jul/2017:18:50:05 -0700] "GET /data HTTP/1.1" 404 339 "-" "Mozilla/5.0 (Macintosh; Intel Mac OS X 10_11_1) AppleWebKit/537.36 (KHTML, like Gecko) Chrome/58.0.3029.110 Safari/537.36" 
111.204.219.198 - - [25/Jul/2017:18:48:20 -0700] "GET /honeypot/honeypot.json.zip HTTP/1.1" 206 3001760 "-" "Mozilla/4.0 (compatible; MSIE 7.0; Windows NT 6.2; WOW64; Trident/7.0; .NET4.0E; .NET4.0C; .NET CLR 3.5.30729; .NET CLR 2.0.50727; .NET CLR 3.0.30729)" 
47.90.91.86 - - [25/Jul/2017:18:50:06 -0700] "GET / HTTP/1.1" 301 483 "-" "Mozilla/5.0 (Macintosh; Intel Mac OS X 10_11_1) AppleWebKit/537.36 (KHTML, like Gecko) Chrome/58.0.3029.110 Safari/537.36" 
47.90.91.86 - - [25/Jul/2017:18:50:06 -0700] "GET / HTTP/1.1" 200 10793 "-" "Mozilla/5.0 (Macintosh; Intel Mac OS X 10_11_1) AppleWebKit/537.36 (KHTML, like Gecko) Chrome/58.0.3029.110 Safari/537.36" 
111.204.219.198 - - [25/Jul/2017:18:45:23 -0700] "GET /squid/access.log.gz HTTP/1.1" 206 4615829 "-" "Mozilla/4.0 (compatible; MSIE 7.0; Windows NT 6.2; WOW64; Trident/7.0; .NET4.0E; .NET4.0C; .NET CLR 3.5.30729; .NET CLR 2.0.50727; .NET CLR 3.0.30729)" 
111.204.219.198 - - [25/Jul/2017:18:50:10 -0700] "GET /tg/a.zip HTTP/1.1" 206 486043 "-" "Mozilla/4.0 (compatible; MSIE 7.0; Windows NT 6.2; WOW64; Trident/7.0; .NET4.0E; .NET4.0C; .NET CLR 3.5.30729; .NET CLR 2.0.50727; .NET CLR 3.0.30729)" 
111.204.219.198 - - [25/Jul/2017:18:50:07 -0700] "GET /tg/a.zip HTTP/1.1" 200 46720 "-" "Mozilla/4.0 (compatible; MSIE 7.0; Windows NT 6.2; WOW64; Trident/7.0; .NET4.0E; .NET4.0C; .NET CLR 3.5.30729; .NET CLR 2.0.50727; .NET CLR 3.0.30729)" 
111.204.219.198 - - [25/Jul/2017:18:49:45 -0700] "GET /tg/c.zip HTTP/1.1" 206 335800 "-" "Mozilla/4.0 (compatible; MSIE 7.0; Windows NT 6.2; WOW64; Trident/7.0; .NET4.0E; .NET4.0C; .NET CLR 3.5.30729; .NET CLR 2.0.50727; .NET CLR 3.0.30729)" 
111.204.219.198 - - [25/Jul/2017:18:40:39 -0700] "GET /tg/c.zip HTTP/1.1" 200 14398520 "-" "Mozilla/4.0 (compatible; MSIE 7.0; Windows NT 6.2; WOW64; Trident/7.0; .NET4.0E; .NET4.0C; .NET CLR 3.5.30729; .NET CLR 2.0.50727; .NET CLR 3.0.30729)" 
111.204.219.198 - - [25/Jul/2017:18:49:23 -0700] "GET /maccdc2012/conn.log.gz HTTP/1.1" 206 1048943 "-" "Mozilla/4.0 (compatible; MSIE 7.0; Windows NT 6.2; WOW64; Trident/7.0; .NET4.0E; .NET4.0C; .NET CLR 3.5.30729; .NET CLR 2.0.50727; .NET CLR 3.0.30729)" 
111.204.219.198 - - [25/Jul/2017:18:50:10 -0700] "GET /tg/a.zip HTTP/1.1" 206 1048921 "-" "Mozilla/4.0 (compatible; MSIE 7.0; Windows NT 6.2; WOW64; Trident/7.0; .NET4.0E; .NET4.0C; .NET CLR 3.5.30729; .NET CLR 2.0.50727; .NET CLR 3.0.30729)" 
111.204.219.198 - - [25/Jul/2017:18:50:10 -0700] "GET /tg/a.zip HTTP/1.1" 206 1143060 "-" "Mozilla/4.0 (compatible; MSIE 7.0; Windows NT 6.2; WOW64; Trident/7.0; .NET4.0E; .NET4.0C; .NET CLR 3.5.30729; .NET CLR 2.0.50727; .NET CLR 3.0.30729)" 
111.204.219.198 - - [25/Jul/2017:18:50:10 -0700] "GET /tg/a.zip HTTP/1.1" 206 1048919 "-" "Mozilla/4.0 (compatible; MSIE 7.0; Windows NT 6.2; WOW64; Trident/7.0; .NET4.0E; .NET4.0C; .NET CLR 3.5.30729; .NET CLR 2.0.50727; .NET CLR 3.0.30729)" 
111.204.219.198 - - [25/Jul/2017:18:50:10 -0700] "GET /tg/a.zip HTTP/1.1" 206 1048921 "-" "Mozilla/4.0 (compatible; MSIE 7.0; Windows NT 6.2; WOW64; Trident/7.0; .NET4.0E; .NET4.0C; .NET CLR 3.5.30729; .NET CLR 2.0.50727; .NET CLR 3.0.30729)" 
47.90.91.86 - - [25/Jul/2017:18:50:06 -0700] "GET /maccdc2012/conn.log.gz HTTP/1.1" 200 438771566 "-" "Mozilla/5.0 (Macintosh; Intel Mac OS X 10_11_1) AppleWebKit/537.36 (KHTML, like Gecko) Chrome/58.0.3029.110 Safari/537.36" 
47.90.91.86 - - [25/Jul/2017:18:51:23 -0700] "GET / HTTP/1.1" 200 10794 "-" "Mozilla/5.0 (Macintosh; Intel Mac OS X 10_11_1) AppleWebKit/537.36 (KHTML, like Gecko) Chrome/58.0.3029.110 Safari/537.36" 
47.90.91.86 - - [25/Jul/2017:18:51:23 -0700] "GET /data HTTP/1.1" 404 339 "-" "Mozilla/5.0 (Macintosh; Intel Mac OS X 10_11_1) AppleWebKit/537.36 (KHTML, like Gecko) Chrome/58.0.3029.110 Safari/537.36" 
47.90.91.86 - - [25/Jul/2017:18:51:24 -0700] "GET /data HTTP/1.1" 404 339 "-" "Mozilla/5.0 (Macintosh; Intel Mac OS X 10_11_1) AppleWebKit/537.36 (KHTML, like Gecko) Chrome/58.0.3029.110 Safari/537.36" 
47.90.91.86 - - [25/Jul/2017:18:51:24 -0700] "GET / HTTP/1.1" 301 483 "-" "Mozilla/5.0 (Macintosh; Intel Mac OS X 10_11_1) AppleWebKit/537.36 (KHTML, like Gecko) Chrome/58.0.3029.110 Safari/537.36" 
47.90.91.86 - - [25/Jul/2017:18:51:24 -0700] "GET / HTTP/1.1" 200 10793 "-" "Mozilla/5.0 (Macintosh; Intel Mac OS X 10_11_1) AppleWebKit/537.36 (KHTML, like Gecko) Chrome/58.0.3029.110 Safari/537.36" 
118.201.208.102 - - [25/Jul/2017:18:51:27 -0700] "GET / HTTP/1.1" 304 189 "-" "Mozilla/5.0 (Macintosh; Intel Mac OS X 10_10_5) AppleWebKit/537.36 (KHTML, like Gecko) Chrome/59.0.3071.115 Safari/537.36" 
111.204.219.198 - - [25/Jul/2017:18:50:18 -0700] "GET /tg/c.zip HTTP/1.1" 206 2446329 "-" "Mozilla/4.0 (compatible; MSIE 7.0; Windows NT 6.2; WOW64; Trident/7.0; .NET4.0E; .NET4.0C; .NET CLR 3.5.30729; .NET CLR 2.0.50727; .NET CLR 3.0.30729)" 
111.204.219.198 - - [25/Jul/2017:18:44:24 -0700] "GET /tg/c.zip HTTP/1.1" 206 10432222 "-" "Mozilla/4.0 (compatible; MSIE 7.0; Windows NT 6.2; WOW64; Trident/7.0; .NET4.0E; .NET4.0C; .NET CLR 3.5.30729; .NET CLR 2.0.50727; .NET CLR 3.0.30729)" 
111.204.219.198 - - [25/Jul/2017:18:51:42 -0700] "GET /tg/c.zip HTTP/1.1" 206 592760 "-" "Mozilla/4.0 (compatible; MSIE 7.0; Windows NT 6.2; WOW64; Trident/7.0; .NET4.0E; .NET4.0C; .NET CLR 3.5.30729; .NET CLR 2.0.50727; .NET CLR 3.0.30729)" 
111.204.219.198 - - [25/Jul/2017:18:52:13 -0700] "GET /tg/c.zip HTTP/1.1" 206 894307 "-" "Mozilla/4.0 (compatible; MSIE 7.0; Windows NT 6.2; WOW64; Trident/7.0; .NET4.0E; .NET4.0C; .NET CLR 3.5.30729; .NET CLR 2.0.50727; .NET CLR 3.0.30729)" 
47.90.91.86 - - [25/Jul/2017:18:51:25 -0700] "GET /maccdc2012/conn.log.gz HTTP/1.1" 200 438424982 "-" "Mozilla/5.0 (Macintosh; Intel Mac OS X 10_11_1) AppleWebKit/537.36 (KHTML, like Gecko) Chrome/58.0.3029.110 Safari/537.36" 
111.204.219.198 - - [25/Jul/2017:18:50:58 -0700] "GET /tg/a.zip HTTP/1.1" 206 3921507 "-" "Mozilla/4.0 (compatible; MSIE 7.0; Windows NT 6.2; WOW64; Trident/7.0; .NET4.0E; .NET4.0C; .NET CLR 3.5.30729; .NET CLR 2.0.50727; .NET CLR 3.0.30729)" 
111.204.219.198 - - [25/Jul/2017:18:51:31 -0700] "GET /tg/a.zip HTTP/1.1" 206 2246940 "-" "Mozilla/4.0 (compatible; MSIE 7.0; Windows NT 6.2; WOW64; Trident/7.0; .NET4.0E; .NET4.0C; .NET CLR 3.5.30729; .NET CLR 2.0.50727; .NET CLR 3.0.30729)" 
47.90.91.86 - - [25/Jul/2017:18:52:42 -0700] "GET / HTTP/1.1" 200 10794 "-" "Mozilla/5.0 (Macintosh; Intel Mac OS X 10_11_1) AppleWebKit/537.36 (KHTML, like Gecko) Chrome/58.0.3029.110 Safari/537.36" 
47.90.91.86 - - [25/Jul/2017:18:52:43 -0700] "GET /data HTTP/1.1" 404 339 "-" "Mozilla/5.0 (Macintosh; Intel Mac OS X 10_11_1) AppleWebKit/537.36 (KHTML, like Gecko) Chrome/58.0.3029.110 Safari/537.36" 
47.90.91.86 - - [25/Jul/2017:18:52:43 -0700] "GET /data HTTP/1.1" 404 339 "-" "Mozilla/5.0 (Macintosh; Intel Mac OS X 10_11_1) AppleWebKit/537.36 (KHTML, like Gecko) Chrome/58.0.3029.110 Safari/537.36" 
47.90.91.86 - - [25/Jul/2017:18:52:44 -0700] "GET / HTTP/1.1" 301 483 "-" "Mozilla/5.0 (Macintosh; Intel Mac OS X 10_11_1) AppleWebKit/537.36 (KHTML, like Gecko) Chrome/58.0.3029.110 Safari/537.36" 
47.90.91.86 - - [25/Jul/2017:18:52:44 -0700] "GET / HTTP/1.1" 200 10793 "-" "Mozilla/5.0 (Macintosh; Intel Mac OS X 10_11_1) AppleWebKit/537.36 (KHTML, like Gecko) Chrome/58.0.3029.110 Safari/537.36" 
111.204.219.198 - - [25/Jul/2017:18:51:01 -0700] "GET /tg/a.zip HTTP/1.1" 206 3182315 "-" "Mozilla/4.0 (compatible; MSIE 7.0; Windows NT 6.2; WOW64; Trident/7.0; .NET4.0E; .NET4.0C; .NET CLR 3.5.30729; .NET CLR 2.0.50727; .NET CLR 3.0.30729)" 
111.204.219.198 - - [25/Jul/2017:18:50:15 -0700] "GET /tg/c.zip HTTP/1.1" 206 5357973 "-" "Mozilla/4.0 (compatible; MSIE 7.0; Windows NT 6.2; WOW64; Trident/7.0; .NET4.0E; .NET4.0C; .NET CLR 3.5.30729; .NET CLR 2.0.50727; .NET CLR 3.0.30729)" 
111.204.219.198 - - [25/Jul/2017:18:53:19 -0700] "GET /self.logs/access.log.2015-01-17.gz HTTP/1.1" 200 3597 "http://www.secrepo.com/self.logs/" "Mozilla/5.0 (Windows NT 10.0; Win64; x64) AppleWebKit/537.36 (KHTML, like Gecko) Chrome/59.0.3071.115 Safari/537.36" 
111.204.219.198 - - [25/Jul/2017:18:53:16 -0700] "GET /tg/c.zip HTTP/1.1" 206 61985 "-" "Mozilla/4.0 (compatible; MSIE 7.0; Windows NT 6.2; WOW64; Trident/7.0; .NET4.0E; .NET4.0C; .NET CLR 3.5.30729; .NET CLR 2.0.50727; .NET CLR 3.0.30729)" 
164.132.161.62 - - [25/Jul/2017:18:53:39 -0700] "GET /self.logs/access.log.2016-10-08.gz HTTP/1.1" 200 6718 "-" "Mozilla/5.0 (compatible; AhrefsBot/5.2; +http://ahrefs.com/robot/)" 
111.204.219.198 - - [25/Jul/2017:18:53:42 -0700] "GET /self.logs/error.log.2015-01-17.gz HTTP/1.1" 200 1205 "http://www.secrepo.com/self.logs/" "Mozilla/5.0 (Windows NT 10.0; Win64; x64) AppleWebKit/537.36 (KHTML, like Gecko) Chrome/59.0.3071.115 Safari/537.36" 
47.90.91.86 - - [25/Jul/2017:18:52:44 -0700] "GET /maccdc2012/conn.log.gz HTTP/1.1" 200 437290394 "-" "Mozilla/5.0 (Macintosh; Intel Mac OS X 10_11_1) AppleWebKit/537.36 (KHTML, like Gecko) Chrome/58.0.3029.110 Safari/537.36" 
111.204.219.198 - - [25/Jul/2017:18:53:52 -0700] "GET /tg/c.zip HTTP/1.1" 206 31914 "-" "Mozilla/4.0 (compatible; MSIE 7.0; Windows NT 6.2; WOW64; Trident/7.0; .NET4.0E; .NET4.0C; .NET CLR 3.5.30729; .NET CLR 2.0.50727; .NET CLR 3.0.30729)" 
47.90.91.86 - - [25/Jul/2017:18:54:02 -0700] "GET / HTTP/1.1" 200 10794 "-" "Mozilla/5.0 (Macintosh; Intel Mac OS X 10_11_1) AppleWebKit/537.36 (KHTML, like Gecko) Chrome/58.0.3029.110 Safari/537.36" 
47.90.91.86 - - [25/Jul/2017:18:54:03 -0700] "GET /data HTTP/1.1" 404 339 "-" "Mozilla/5.0 (Macintosh; Intel Mac OS X 10_11_1) AppleWebKit/537.36 (KHTML, like Gecko) Chrome/58.0.3029.110 Safari/537.36" 
47.90.91.86 - - [25/Jul/2017:18:54:03 -0700] "GET /data HTTP/1.1" 404 339 "-" "Mozilla/5.0 (Macintosh; Intel Mac OS X 10_11_1) AppleWebKit/537.36 (KHTML, like Gecko) Chrome/58.0.3029.110 Safari/537.36" 
47.90.91.86 - - [25/Jul/2017:18:54:03 -0700] "GET / HTTP/1.1" 301 483 "-" "Mozilla/5.0 (Macintosh; Intel Mac OS X 10_11_1) AppleWebKit/537.36 (KHTML, like Gecko) Chrome/58.0.3029.110 Safari/537.36" 
47.90.91.86 - - [25/Jul/2017:18:54:04 -0700] "GET / HTTP/1.1" 200 10793 "-" "Mozilla/5.0 (Macintosh; Intel Mac OS X 10_11_1) AppleWebKit/537.36 (KHTML, like Gecko) Chrome/58.0.3029.110 Safari/537.36" 
111.204.219.198 - - [25/Jul/2017:18:46:50 -0700] "GET /Security-Data-Analysis/Lab_1/conn.log.zip HTTP/1.1" 206 8028540 "-" "Mozilla/4.0 (compatible; MSIE 7.0; Windows NT 6.2; WOW64; Trident/7.0; .NET4.0E; .NET4.0C; .NET CLR 3.5.30729; .NET CLR 2.0.50727; .NET CLR 3.0.30729)" 
101.99.28.252 - - [25/Jul/2017:18:54:38 -0700] "GET /honeypot/Honeypot%20-%20Howto.pdf HTTP/1.1" 200 1279418 "http://www.secrepo.com/" "Mozilla/5.0 (Windows NT 6.1; WOW64) AppleWebKit/537.36 (KHTML, like Gecko) Chrome/58.0.3029.110 Safari/537.36" 
47.91.167.12 - - [25/Jul/2017:18:48:24 -0700] "GET /maccdc2012/conn.log.gz HTTP/1.1" 200 384143374 "-" "Mozilla/5.0 (Macintosh; Intel Mac OS X 10_11_1) AppleWebKit/537.36 (KHTML, like Gecko) Chrome/58.0.3029.110 Safari/537.36" 
47.90.91.86 - - [25/Jul/2017:18:55:21 -0700] "GET / HTTP/1.1" 200 10794 "-" "Mozilla/5.0 (Macintosh; Intel Mac OS X 10_11_1) AppleWebKit/537.36 (KHTML, like Gecko) Chrome/58.0.3029.110 Safari/537.36" 
47.90.91.86 - - [25/Jul/2017:18:54:04 -0700] "GET /maccdc2012/conn.log.gz HTTP/1.1" 200 438139486 "-" "Mozilla/5.0 (Macintosh; Intel Mac OS X 10_11_1) AppleWebKit/537.36 (KHTML, like Gecko) Chrome/58.0.3029.110 Safari/537.36" 
47.90.91.86 - - [25/Jul/2017:18:55:22 -0700] "GET /data HTTP/1.1" 404 339 "-" "Mozilla/5.0 (Macintosh; Intel Mac OS X 10_11_1) AppleWebKit/537.36 (KHTML, like Gecko) Chrome/58.0.3029.110 Safari/537.36" 
47.90.91.86 - - [25/Jul/2017:18:55:22 -0700] "GET /data HTTP/1.1" 404 339 "-" "Mozilla/5.0 (Macintosh; Intel Mac OS X 10_11_1) AppleWebKit/537.36 (KHTML, like Gecko) Chrome/58.0.3029.110 Safari/537.36" 
47.90.91.86 - - [25/Jul/2017:18:55:23 -0700] "GET / HTTP/1.1" 301 483 "-" "Mozilla/5.0 (Macintosh; Intel Mac OS X 10_11_1) AppleWebKit/537.36 (KHTML, like Gecko) Chrome/58.0.3029.110 Safari/537.36" 
111.204.219.198 - - [25/Jul/2017:18:47:38 -0700] "GET /Security-Data-Analysis/Lab_1/conn.log.zip HTTP/1.1" 206 6085280 "-" "Mozilla/4.0 (compatible; MSIE 7.0; Windows NT 6.2; WOW64; Trident/7.0; .NET4.0E; .NET4.0C; .NET CLR 3.5.30729; .NET CLR 2.0.50727; .NET CLR 3.0.30729)" 
47.90.91.86 - - [25/Jul/2017:18:55:23 -0700] "GET / HTTP/1.1" 200 10793 "-" "Mozilla/5.0 (Macintosh; Intel Mac OS X 10_11_1) AppleWebKit/537.36 (KHTML, like Gecko) Chrome/58.0.3029.110 Safari/537.36" 
111.204.219.198 - - [25/Jul/2017:18:50:46 -0700] "GET /tg/a.zip HTTP/1.1" 206 5577200 "-" "Mozilla/4.0 (compatible; MSIE 7.0; Windows NT 6.2; WOW64; Trident/7.0; .NET4.0E; .NET4.0C; .NET CLR 3.5.30729; .NET CLR 2.0.50727; .NET CLR 3.0.30729)" 
111.204.219.198 - - [25/Jul/2017:18:50:44 -0700] "GET /maccdc2012/conn.log.gz HTTP/1.1" 206 6952520 "-" "Mozilla/4.0 (compatible; MSIE 7.0; Windows NT 6.2; WOW64; Trident/7.0; .NET4.0E; .NET4.0C; .NET CLR 3.5.30729; .NET CLR 2.0.50727; .NET CLR 3.0.30729)" 
111.204.219.198 - - [25/Jul/2017:18:46:04 -0700] "GET /Security-Data-Analysis/Lab_1/conn.log.zip HTTP/1.1" 206 17263040 "-" "Mozilla/4.0 (compatible; MSIE 7.0; Windows NT 6.2; WOW64; Trident/7.0; .NET4.0E; .NET4.0C; .NET CLR 3.5.30729; .NET CLR 2.0.50727; .NET CLR 3.0.30729)" 
111.204.219.198 - - [25/Jul/2017:18:49:23 -0700] "GET /maccdc2012/conn.log.gz HTTP/1.1" 206 9800980 "-" "Mozilla/4.0 (compatible; MSIE 7.0; Windows NT 6.2; WOW64; Trident/7.0; .NET4.0E; .NET4.0C; .NET CLR 3.5.30729; .NET CLR 2.0.50727; .NET CLR 3.0.30729)" 
111.204.219.198 - - [25/Jul/2017:18:49:23 -0700] "GET /maccdc2012/conn.log.gz HTTP/1.1" 206 8463620 "-" "Mozilla/4.0 (compatible; MSIE 7.0; Windows NT 6.2; WOW64; Trident/7.0; .NET4.0E; .NET4.0C; .NET CLR 3.5.30729; .NET CLR 2.0.50727; .NET CLR 3.0.30729)" 
111.204.219.198 - - [25/Jul/2017:18:49:20 -0700] "GET /maccdc2012/conn.log.gz HTTP/1.1" 200 7186120 "-" "Mozilla/4.0 (compatible; MSIE 7.0; Windows NT 6.2; WOW64; Trident/7.0; .NET4.0E; .NET4.0C; .NET CLR 3.5.30729; .NET CLR 2.0.50727; .NET CLR 3.0.30729)" 
111.204.219.198 - - [25/Jul/2017:18:53:20 -0700] "GET /tg/a.zip HTTP/1.1" 206 2457180 "-" "Mozilla/4.0 (compatible; MSIE 7.0; Windows NT 6.2; WOW64; Trident/7.0; .NET4.0E; .NET4.0C; .NET CLR 3.5.30729; .NET CLR 2.0.50727; .NET CLR 3.0.30729)" 
111.204.219.198 - - [25/Jul/2017:18:52:38 -0700] "GET /tg/a.zip HTTP/1.1" 206 3676280 "-" "Mozilla/4.0 (compatible; MSIE 7.0; Windows NT 6.2; WOW64; Trident/7.0; .NET4.0E; .NET4.0C; .NET CLR 3.5.30729; .NET CLR 2.0.50727; .NET CLR 3.0.30729)" 
111.204.219.198 - - [25/Jul/2017:18:46:04 -0700] "GET /Security-Data-Analysis/Lab_1/conn.log.zip HTTP/1.1" 206 13132700 "-" "Mozilla/4.0 (compatible; MSIE 7.0; Windows NT 6.2; WOW64; Trident/7.0; .NET4.0E; .NET4.0C; .NET CLR 3.5.30729; .NET CLR 2.0.50727; .NET CLR 3.0.30729)" 
111.204.219.198 - - [25/Jul/2017:18:47:20 -0700] "GET /Security-Data-Analysis/Lab_1/conn.log.zip HTTP/1.1" 206 9422840 "-" "Mozilla/4.0 (compatible; MSIE 7.0; Windows NT 6.2; WOW64; Trident/7.0; .NET4.0E; .NET4.0C; .NET CLR 3.5.30729; .NET CLR 2.0.50727; .NET CLR 3.0.30729)" 
111.204.219.198 - - [25/Jul/2017:18:54:27 -0700] "GET /Security-Data-Analysis/Lab_1/conn.log.zip HTTP/1.1" 206 46720 "-" "Mozilla/4.0 (compatible; MSIE 7.0; Windows NT 6.2; WOW64; Trident/7.0; .NET4.0E; .NET4.0C; .NET CLR 3.5.30729; .NET CLR 2.0.50727; .NET CLR 3.0.30729)" 
111.204.219.198 - - [25/Jul/2017:18:50:14 -0700] "GET /maccdc2012/conn.log.gz HTTP/1.1" 206 5588880 "-" "Mozilla/4.0 (compatible; MSIE 7.0; Windows NT 6.2; WOW64; Trident/7.0; .NET4.0E; .NET4.0C; .NET CLR 3.5.30729; .NET CLR 2.0.50727; .NET CLR 3.0.30729)" 
