136.206.48.244 - - [30/May/2016:02:29:20 -0700] "GET / HTTP/1.1" 200 9878 "https://www.google.ie" "Mozilla/5.0 (X11; Ubuntu; Linux x86_64; rv:46.0) Gecko/20100101 Firefox/46.0" 
136.206.48.244 - - [30/May/2016:02:29:21 -0700] "GET /bootstrap/img/favicon.ico HTTP/1.1" 200 590 "-" "Mozilla/5.0 (X11; Ubuntu; Linux x86_64; rv:46.0) Gecko/20100101 Firefox/46.0" 
136.206.48.244 - - [30/May/2016:02:29:21 -0700] "GET /twitter-icon.png HTTP/1.1" 200 27787 "http://www.secrepo.com/" "Mozilla/5.0 (X11; Ubuntu; Linux x86_64; rv:46.0) Gecko/20100101 Firefox/46.0" 
136.206.48.244 - - [30/May/2016:02:29:21 -0700] "GET /GitHub-Mark.png HTTP/1.1" 200 7428 "http://www.secrepo.com/" "Mozilla/5.0 (X11; Ubuntu; Linux x86_64; rv:46.0) Gecko/20100101 Firefox/46.0" 
136.206.48.244 - - [30/May/2016:02:29:54 -0700] "GET /maccdc2012/conn.log.gz HTTP/1.1" 200 5900051 "http://www.secrepo.com/" "Mozilla/5.0 (X11; Ubuntu; Linux x86_64; rv:46.0) Gecko/20100101 Firefox/46.0" 
136.206.48.244 - - [30/May/2016:02:29:59 -0700] "GET /favicon.ico HTTP/1.1" 200 268 "-" "Mozilla/5.0 (X11; Ubuntu; Linux x86_64; rv:46.0) Gecko/20100101 Firefox/46.0" 
208.115.113.86 - - [30/May/2016:02:30:18 -0700] "GET /robots.txt HTTP/1.1" 200 233 "-" "Mozilla/5.0 (compatible; DotBot/1.1; http://www.opensiteexplorer.org/dotbot, help@moz.com)" 
111.7.128.40 - - [30/May/2016:02:34:22 -0700] "GET /tg/a.zip HTTP/1.1" 304 132 "-" "Mozilla/5.0 Gecko/20100115 Firefox/3.6" 
207.46.13.109 - - [30/May/2016:02:45:43 -0700] "GET /self.logs/access.log.2015-03-21.gz HTTP/1.1" 200 2934 "-" "Mozilla/5.0 (compatible; bingbot/2.0; +http://www.bing.com/bingbot.htm)" 
157.55.39.184 - - [30/May/2016:03:31:44 -0700] "GET /self.logs/access.log.2015-05-20.gz HTTP/1.1" 200 4901 "-" "Mozilla/5.0 (compatible; bingbot/2.0; +http://www.bing.com/bingbot.htm)" 
66.249.93.109 - - [30/May/2016:03:32:30 -0700] "GET / HTTP/1.1" 200 9878 "-" "Mozilla/5.0 (X11; Linux x86_64) AppleWebKit/537.36 (KHTML, like Gecko) Chrome/49.0.2623.75 Safari/537.36 Google Favicon" 
66.249.93.109 - - [30/May/2016:03:32:31 -0700] "GET /bootstrap/img/favicon.ico HTTP/1.1" 200 589 "-" "Mozilla/5.0 (X11; Linux x86_64) AppleWebKit/537.36 (KHTML, like Gecko) Chrome/49.0.2623.75 Safari/537.36 Google Favicon" 
192.243.55.134 - - [30/May/2016:03:33:35 -0700] "GET /tg/tg_snort_full.7z HTTP/1.1" 200 48180 "-" "Mozilla/5.0 (compatible; SemrushBot/1.1~bl; +http://www.semrush.com/bot.html)" 
208.115.113.86 - - [30/May/2016:03:34:29 -0700] "GET /self.logs/?C=M;O=A HTTP/1.1" 200 95426 "-" "Mozilla/5.0 (compatible; DotBot/1.1; http://www.opensiteexplorer.org/dotbot, help@moz.com)" 
111.23.10.33 - - [30/May/2016:03:38:20 -0700] "GET /tg/a.zip HTTP/1.1" 304 132 "-" "Mozilla/5.0 Gecko/20100115 Firefox/3.6" 
91.200.12.106 - - [30/May/2016:03:48:24 -0700] "GET /honeypot/Honeypot+-+Howto.pdf HTTP/1.0" 404 284 "http://www.secrepo.com/honeypot/Honeypot+-+Howto.pdf#search=" "Mozilla/5.0 (Windows NT 6.1) AppleWebKit/537.36 (KHTML, like Gecko) Chrome/47.0.2526.111 Safari/537.36" 
91.200.12.106 - - [30/May/2016:03:48:24 -0700] "GET / HTTP/1.0" 200 32789 "http://www.secrepo.com/" "Mozilla/5.0 (Windows NT 6.1) AppleWebKit/537.36 (KHTML, like Gecko) Chrome/47.0.2526.111 Safari/537.36" 
192.243.55.133 - - [30/May/2016:03:49:20 -0700] "GET /tg/a.zip HTTP/1.1" 200 49640 "-" "Mozilla/5.0 (compatible; SemrushBot/1.1~bl; +http://www.semrush.com/bot.html)" 
192.243.55.130 - - [30/May/2016:03:49:45 -0700] "GET /data HTTP/1.1" 404 303 "-" "Mozilla/5.0 (compatible; SemrushBot/1.1~bl; +http://www.semrush.com/bot.html)" 
192.243.55.133 - - [30/May/2016:03:50:08 -0700] "GET /maccdc2012/ftp.log.gz HTTP/1.1" 200 28843 "-" "Mozilla/5.0 (compatible; SemrushBot/1.1~bl; +http://www.semrush.com/bot.html)" 
66.249.79.186 - - [30/May/2016:03:52:39 -0700] "GET /maccdc2012/maccdc2012_fast_alert.7z HTTP/1.1" 200 9478149 "-" "Mozilla/5.0 (Linux; Android 6.0.1; Nexus 5X Build/MMB29P) AppleWebKit/537.36 (KHTML, like Gecko) Chrome/41.0.2272.96 Mobile Safari/537.36 (compatible; Googlebot/2.1; +http://www.google.com/bot.html)" 
192.243.55.130 - - [30/May/2016:03:56:18 -0700] "GET /maccdc2012/signatures.log.gz HTTP/1.1" 200 568 "-" "Mozilla/5.0 (compatible; SemrushBot/1.1~bl; +http://www.semrush.com/bot.html)" 
192.243.55.138 - - [30/May/2016:03:57:26 -0700] "GET /maccdc2012/tunnel.log.gz HTTP/1.1" 200 5192 "-" "Mozilla/5.0 (compatible; SemrushBot/1.1~bl; +http://www.semrush.com/bot.html)" 
207.46.13.109 - - [30/May/2016:04:01:43 -0700] "GET /self.logs/access.log.2015-02-24.gz HTTP/1.1" 301 545 "-" "Mozilla/5.0 (compatible; bingbot/2.0; +http://www.bing.com/bingbot.htm)" 
91.200.12.106 - - [30/May/2016:04:03:31 -0700] "GET /honeypot/Honeypot+-+Howto.pdf HTTP/1.0" 404 284 "http://www.secrepo.com/honeypot/Honeypot+-+Howto.pdf#search=" "Mozilla/5.0 (Windows NT 6.3; WOW64) AppleWebKit/537.36 (KHTML, like Gecko) Chrome/48.0.2564.109 Safari/537.36" 
91.200.12.106 - - [30/May/2016:04:03:32 -0700] "GET / HTTP/1.0" 200 32789 "http://www.secrepo.com/" "Mozilla/5.0 (Windows NT 6.3; WOW64) AppleWebKit/537.36 (KHTML, like Gecko) Chrome/48.0.2564.109 Safari/537.36" 
192.243.55.136 - - [30/May/2016:04:11:33 -0700] "GET /honeypot/Honeypot%20-%20Howto.pdf HTTP/1.1" 200 29200 "-" "Mozilla/5.0 (compatible; SemrushBot/1.1~bl; +http://www.semrush.com/bot.html)" 
192.243.55.134 - - [30/May/2016:04:14:07 -0700] "GET /maccdc2012/smtp.log.gz HTTP/1.1" 200 6871 "-" "Mozilla/5.0 (compatible; SemrushBot/1.1~bl; +http://www.semrush.com/bot.html)" 
192.243.55.130 - - [30/May/2016:04:14:49 -0700] "GET /honeypot/BSidesDFW%20-%202014.ipynb HTTP/1.1" 200 29200 "-" "Mozilla/5.0 (compatible; SemrushBot/1.1~bl; +http://www.semrush.com/bot.html)" 
66.249.66.151 - - [30/May/2016:04:15:29 -0700] "GET /maccdc2012/weird.log.gz HTTP/1.1" 200 1242777 "-" "Mozilla/5.0 (Linux; Android 6.0.1; Nexus 5X Build/MMB29P) AppleWebKit/537.36 (KHTML, like Gecko) Chrome/41.0.2272.96 Mobile Safari/537.36 (compatible; Googlebot/2.1; +http://www.google.com/bot.html)" 
192.243.55.135 - - [30/May/2016:04:16:32 -0700] "GET /self.logs/ HTTP/1.1" 200 10362 "-" "Mozilla/5.0 (compatible; SemrushBot/1.1~bl; +http://www.semrush.com/bot.html)" 
220.181.108.102 - - [30/May/2016:04:23:59 -0700] "GET / HTTP/1.1" 304 152 "-" "Mozilla/5.0 (compatible; Baiduspider/2.0; +http://www.baidu.com/search/spider.html)" 
111.23.4.148 - - [30/May/2016:04:26:07 -0700] "GET /tg/a.zip HTTP/1.1" 304 132 "-" "Mozilla/5.0 Gecko/20100115 Firefox/3.6" 
128.176.158.187 - - [30/May/2016:04:29:51 -0700] "GET /bootstrap/img/favicon.ico HTTP/1.1" 200 590 "-" "Mozilla/5.0 (X11; Ubuntu; Linux x86_64; rv:46.0) Gecko/20100101 Firefox/46.0" 
207.46.13.163 - - [30/May/2016:04:37:02 -0700] "GET /self.logs/access.log.2016-04-03.gz HTTP/1.1" 200 14175 "-" "Mozilla/5.0 (compatible; bingbot/2.0; +http://www.bing.com/bingbot.htm)" 
66.249.66.155 - - [30/May/2016:04:42:58 -0700] "GET / HTTP/1.1" 200 9878 "-" "Mozilla/5.0 (compatible; Googlebot/2.1; +http://www.google.com/bot.html)" 
207.46.13.109 - - [30/May/2016:04:44:28 -0700] "GET /self.logs/access.log.2015-02-23.gz HTTP/1.1" 301 545 "-" "Mozilla/5.0 (compatible; bingbot/2.0; +http://www.bing.com/bingbot.htm)" 
117.190.191.170 - - [30/May/2016:04:49:22 -0700] "GET /tg/a.zip HTTP/1.1" 304 132 "-" "Mozilla/5.0 Gecko/20100115 Firefox/3.6" 
122.172.225.48 - - [30/May/2016:04:51:25 -0700] "GET / HTTP/1.1" 200 9878 "-" "Mozilla/5.0 (Macintosh; Intel Mac OS X 10_11_4) AppleWebKit/601.5.17 (KHTML, like Gecko)" 
122.172.225.48 - - [30/May/2016:04:51:26 -0700] "GET /apple-touch-icon-precomposed.png HTTP/1.1" 404 340 "-" "Safari/11601.5.17.1 CFNetwork/760.4.2 Darwin/15.4.0 (x86_64)" 
122.172.225.48 - - [30/May/2016:04:51:26 -0700] "GET /apple-touch-icon.png HTTP/1.1" 404 339 "-" "Safari/11601.5.17.1 CFNetwork/760.4.2 Darwin/15.4.0 (x86_64)" 
122.172.225.48 - - [30/May/2016:04:51:27 -0700] "GET /apple-touch-icon-precomposed.png HTTP/1.1" 404 339 "-" "Safari/11601.5.17.1 CFNetwork/760.4.2 Darwin/15.4.0 (x86_64)" 
122.172.225.48 - - [30/May/2016:04:51:27 -0700] "GET /apple-touch-icon.png HTTP/1.1" 404 339 "-" "Safari/11601.5.17.1 CFNetwork/760.4.2 Darwin/15.4.0 (x86_64)" 
207.46.13.109 - - [30/May/2016:04:54:55 -0700] "GET /self.logs/error.log.2015-07-14.gz HTTP/1.1" 200 652 "-" "Mozilla/5.0 (compatible; bingbot/2.0; +http://www.bing.com/bingbot.htm)" 
117.177.241.60 - - [30/May/2016:05:05:11 -0700] "GET /tg/a.zip HTTP/1.1" 304 132 "-" "Mozilla/5.0 Gecko/20100115 Firefox/3.6" 
199.116.169.254 - - [30/May/2016:05:26:24 -0700] "GET / HTTP/1.1" 200 32800 "-" "Mozilla/5.0 (Windows NT 6.3; WOW64) AppleWebKit/537.36 (KHTML, like Gecko) Chrome/50.0.2661.102 Safari/537.36" 
192.55.54.42 - - [30/May/2016:05:26:24 -0700] "GET / HTTP/1.1" 200 9878 "https://www.google.com/" "Mozilla/5.0 (Windows NT 6.3; WOW64) AppleWebKit/537.36 (KHTML, like Gecko) Chrome/50.0.2661.102 Safari/537.36" 
192.55.55.41 - - [30/May/2016:05:26:27 -0700] "GET /twitter-icon.png HTTP/1.1" 200 27788 "http://www.secrepo.com/" "Mozilla/5.0 (Windows NT 6.3; WOW64) AppleWebKit/537.36 (KHTML, like Gecko) Chrome/50.0.2661.102 Safari/537.36" 
192.55.54.42 - - [30/May/2016:05:26:27 -0700] "GET /GitHub-Mark.png HTTP/1.1" 200 7428 "http://www.secrepo.com/" "Mozilla/5.0 (Windows NT 6.3; WOW64) AppleWebKit/537.36 (KHTML, like Gecko) Chrome/50.0.2661.102 Safari/537.36" 
202.196.63.125 - - [30/May/2016:05:28:29 -0700] "GET /favicon.ico HTTP/1.1" 200 268 "-" "Mozilla/5.0 (Windows; U; MSIE 6.0; Windows NT 5.1; SV1; .NET CLR 2.0.50727; BIDUBrowser 7.6)" 
202.196.63.125 - - [30/May/2016:05:28:29 -0700] "GET / HTTP/1.1" 200 32799 "-" "Mozilla/5.0 (Windows; U; MSIE 6.0; Windows NT 5.1; SV1; .NET CLR 2.0.50727; BIDUBrowser 7.6)" 
202.196.63.125 - - [30/May/2016:05:28:30 -0700] "GET /bootstrap/img/favicon.ico HTTP/1.1" 304 164 "-" "Mozilla/5.0 (Windows; U; MSIE 6.0; Windows NT 5.1; SV1; .NET CLR 2.0.50727; BIDUBrowser 7.6)" 
202.196.63.125 - - [30/May/2016:05:28:32 -0700] "GET /favicon.ico HTTP/1.1" 200 268 "-" "Mozilla/5.0 (Windows; U; MSIE 6.0; Windows NT 5.1; SV1; .NET CLR 2.0.50727; BIDUBrowser 7.6)" 
202.196.63.125 - - [30/May/2016:05:28:32 -0700] "GET / HTTP/1.1" 200 32799 "-" "Mozilla/5.0 (Windows; U; MSIE 6.0; Windows NT 5.1; SV1; .NET CLR 2.0.50727; BIDUBrowser 7.6)" 
202.196.63.125 - - [30/May/2016:05:28:32 -0700] "GET /bootstrap/img/favicon.ico HTTP/1.1" 304 164 "-" "Mozilla/5.0 (Windows; U; MSIE 6.0; Windows NT 5.1; SV1; .NET CLR 2.0.50727; BIDUBrowser 7.6)" 
111.7.128.40 - - [30/May/2016:05:34:23 -0700] "GET /tg/a.zip HTTP/1.1" 304 132 "-" "Mozilla/5.0 Gecko/20100115 Firefox/3.6" 
123.125.71.111 - - [30/May/2016:05:36:14 -0700] "GET /robots.txt HTTP/1.1" 200 297 "-" "Mozilla/5.0 (compatible; Baiduspider/2.0; +http://www.baidu.com/search/spider.html)" 
157.55.39.184 - - [30/May/2016:05:37:21 -0700] "GET /self.logs/access.log.2015-02-26.gz HTTP/1.1" 301 546 "-" "Mozilla/5.0 (compatible; bingbot/2.0; +http://www.bing.com/bingbot.htm)" 
37.32.119.95 - - [30/May/2016:05:41:20 -0700] "GET / HTTP/1.1" 200 9878 "-" "Mozilla/5.0 (Windows NT 6.1; Win64; x64; rv:43.0) Gecko/20100101 Firefox/43.0" 
37.32.119.95 - - [30/May/2016:05:41:21 -0700] "GET /bootstrap/img/favicon.ico HTTP/1.1" 200 589 "-" "Mozilla/5.0 (Windows NT 6.1; Win64; x64; rv:43.0) Gecko/20100101 Firefox/43.0" 
37.32.119.95 - - [30/May/2016:05:41:21 -0700] "GET /twitter-icon.png HTTP/1.1" 200 27787 "http://www.secrepo.com/" "Mozilla/5.0 (Windows NT 6.1; Win64; x64; rv:43.0) Gecko/20100101 Firefox/43.0" 
37.32.119.95 - - [30/May/2016:05:41:21 -0700] "GET /GitHub-Mark.png HTTP/1.1" 200 7428 "http://www.secrepo.com/" "Mozilla/5.0 (Windows NT 6.1; Win64; x64; rv:43.0) Gecko/20100101 Firefox/43.0" 
108.28.77.61 - - [30/May/2016:05:43:58 -0700] "GET / HTTP/1.1" 200 9878 "-" "Mozilla/5.0 (iPhone; CPU iPhone OS 9_3_2 like Mac OS X) AppleWebKit/601.1 (KHTML, like Gecko) CriOS/50.0.2661.95 Mobile/13F69 Safari/601.1.46" 
194.210.173.153 - - [30/May/2016:06:00:17 -0700] "GET / HTTP/1.1" 200 9878 "https://www.google.pt" "Mozilla/5.0 (X11; Ubuntu; Linux x86_64; rv:46.0) Gecko/20100101 Firefox/46.0" 
194.210.173.153 - - [30/May/2016:06:00:18 -0700] "GET /bootstrap/img/favicon.ico HTTP/1.1" 200 589 "-" "Mozilla/5.0 (X11; Ubuntu; Linux x86_64; rv:46.0) Gecko/20100101 Firefox/46.0" 
194.210.173.153 - - [30/May/2016:06:00:18 -0700] "GET /twitter-icon.png HTTP/1.1" 200 27787 "http://www.secrepo.com/" "Mozilla/5.0 (X11; Ubuntu; Linux x86_64; rv:46.0) Gecko/20100101 Firefox/46.0" 
194.210.173.153 - - [30/May/2016:06:00:18 -0700] "GET /GitHub-Mark.png HTTP/1.1" 200 7428 "http://www.secrepo.com/" "Mozilla/5.0 (X11; Ubuntu; Linux x86_64; rv:46.0) Gecko/20100101 Firefox/46.0" 
123.125.71.74 - - [30/May/2016:06:06:06 -0700] "GET /robots.txt HTTP/1.1" 200 297 "-" "Mozilla/5.0 (compatible; Baiduspider/2.0; +http://www.baidu.com/search/spider.html)" 
14.139.162.2 - - [30/May/2016:06:11:13 -0700] "GET /bootstrap/img/favicon.ico HTTP/1.1" 200 590 "-" "Mozilla/5.0 (X11; Ubuntu; Linux x86_64; rv:46.0) Gecko/20100101 Firefox/46.0" 
14.139.162.2 - - [30/May/2016:06:12:28 -0700] "GET / HTTP/1.1" 200 9878 "https://www.google.co.in" "Mozilla/5.0 (X11; Ubuntu; Linux x86_64; rv:46.0) Gecko/20100101 Firefox/46.0" 
14.139.162.2 - - [30/May/2016:06:12:30 -0700] "GET /twitter-icon.png HTTP/1.1" 200 27787 "http://www.secrepo.com/" "Mozilla/5.0 (X11; Ubuntu; Linux x86_64; rv:46.0) Gecko/20100101 Firefox/46.0" 
71.126.141.161 - - [30/May/2016:06:20:06 -0700] "GET / HTTP/1.1" 200 9878 "-" "Mozilla/5.0 (Macintosh; Intel Mac OS X 10_11_5) AppleWebKit/601.6.17 (KHTML, like Gecko) Version/9.1.1 Safari/601.6.17" 
71.126.141.161 - - [30/May/2016:06:20:06 -0700] "GET /twitter-icon.png HTTP/1.1" 200 27787 "http://www.secrepo.com/" "Mozilla/5.0 (Macintosh; Intel Mac OS X 10_11_5) AppleWebKit/601.6.17 (KHTML, like Gecko) Version/9.1.1 Safari/601.6.17" 
71.126.141.161 - - [30/May/2016:06:20:06 -0700] "GET /GitHub-Mark.png HTTP/1.1" 200 7428 "http://www.secrepo.com/" "Mozilla/5.0 (Macintosh; Intel Mac OS X 10_11_5) AppleWebKit/601.6.17 (KHTML, like Gecko) Version/9.1.1 Safari/601.6.17" 
71.126.141.161 - - [30/May/2016:06:20:07 -0700] "GET /bootstrap/img/favicon.ico HTTP/1.1" 200 590 "http://www.secrepo.com/" "Mozilla/5.0 (Macintosh; Intel Mac OS X 10_11_5) AppleWebKit/601.6.17 (KHTML, like Gecko) Version/9.1.1 Safari/601.6.17" 
71.126.141.161 - - [30/May/2016:06:21:42 -0700] "GET / HTTP/1.1" 200 9878 "-" "Mozilla/5.0 (Macintosh; Intel Mac OS X 10.11; rv:46.0) Gecko/20100101 Firefox/46.0" 
71.126.141.161 - - [30/May/2016:06:21:42 -0700] "GET /GitHub-Mark.png HTTP/1.1" 200 7428 "http://www.secrepo.com/" "Mozilla/5.0 (Macintosh; Intel Mac OS X 10.11; rv:46.0) Gecko/20100101 Firefox/46.0" 
71.126.141.161 - - [30/May/2016:06:21:42 -0700] "GET /twitter-icon.png HTTP/1.1" 200 27787 "http://www.secrepo.com/" "Mozilla/5.0 (Macintosh; Intel Mac OS X 10.11; rv:46.0) Gecko/20100101 Firefox/46.0" 
71.126.141.161 - - [30/May/2016:06:21:42 -0700] "GET /bootstrap/img/favicon.ico HTTP/1.1" 200 589 "-" "Mozilla/5.0 (Macintosh; Intel Mac OS X 10.11; rv:46.0) Gecko/20100101 Firefox/46.0" 
121.42.182.119 - - [30/May/2016:06:28:06 -0700] "GET /honeypot/Honeypot%20-%20Howto%20-%20BSides%20Austin.pdf HTTP/1.1" 200 2928460 "-" "Mozilla/4.0 (compatible; MSIE 6.0; Windows NT 5.1)" 
66.249.66.155 - - [30/May/2016:06:31:49 -0700] "GET /honeypot/Honeypot%20-%20Howto.pdf HTTP/1.1" 200 1279418 "-" "Mozilla/5.0 (Linux; Android 6.0.1; Nexus 5X Build/MMB29P) AppleWebKit/537.36 (KHTML, like Gecko) Chrome/41.0.2272.96 Mobile Safari/537.36 (compatible; Googlebot/2.1; +http://www.google.com/bot.html)" 
123.125.71.24 - - [30/May/2016:06:32:31 -0700] "GET /robots.txt HTTP/1.1" 200 297 "-" "Mozilla/5.0 (compatible; Baiduspider/2.0; +http://www.baidu.com/search/spider.html)" 
180.76.15.138 - - [30/May/2016:06:33:58 -0700] "GET / HTTP/1.1" 304 152 "-" "Mozilla/5.0 (compatible; Baiduspider/2.0; +http://www.baidu.com/search/spider.html)" 
194.210.173.153 - - [30/May/2016:06:35:23 -0700] "GET /tg/a.zip HTTP/1.1" 200 66189337 "http://www.secrepo.com/" "Mozilla/5.0 (X11; Ubuntu; Linux x86_64; rv:46.0) Gecko/20100101 Firefox/46.0" 
111.23.10.33 - - [30/May/2016:06:38:21 -0700] "GET /tg/a.zip HTTP/1.1" 304 132 "-" "Mozilla/5.0 Gecko/20100115 Firefox/3.6" 
207.46.13.109 - - [30/May/2016:06:40:44 -0700] "GET /self.logs/access.log.2015-04-01.gz HTTP/1.1" 301 545 "-" "Mozilla/5.0 (compatible; bingbot/2.0; +http://www.bing.com/bingbot.htm)" 
212.23.140.110 - - [30/May/2016:06:46:13 -0700] "GET / HTTP/1.1" 200 9878 "https://www.google.de" "Mozilla/5.0 (Windows NT 10.0; Win64; x64; rv:46.0) Gecko/20100101 Firefox/46.0" 
212.23.140.110 - - [30/May/2016:06:46:14 -0700] "GET /bootstrap/img/favicon.ico HTTP/1.1" 200 590 "-" "Mozilla/5.0 (Windows NT 10.0; Win64; x64; rv:46.0) Gecko/20100101 Firefox/46.0" 
212.23.140.110 - - [30/May/2016:06:46:14 -0700] "GET /twitter-icon.png HTTP/1.1" 200 27788 "http://www.secrepo.com/" "Mozilla/5.0 (Windows NT 10.0; Win64; x64; rv:46.0) Gecko/20100101 Firefox/46.0" 
212.23.140.110 - - [30/May/2016:06:46:15 -0700] "GET /GitHub-Mark.png HTTP/1.1" 200 7428 "http://www.secrepo.com/" "Mozilla/5.0 (Windows NT 10.0; Win64; x64; rv:46.0) Gecko/20100101 Firefox/46.0" 
207.46.13.9 - - [30/May/2016:06:46:23 -0700] "GET /self.logs/error.log.2016-04-02.gz HTTP/1.1" 200 660 "-" "Mozilla/5.0 (compatible; bingbot/2.0; +http://www.bing.com/bingbot.htm)" 
123.125.67.210 - - [30/May/2016:06:58:28 -0700] "GET /robots.txt HTTP/1.1" 200 297 "-" "Mozilla/5.0 (compatible; Baiduspider/2.0; +http://www.baidu.com/search/spider.html)" 
123.125.71.107 - - [30/May/2016:07:04:03 -0700] "GET /robots.txt HTTP/1.1" 200 297 "-" "Mozilla/5.0 (compatible; Baiduspider/2.0; +http://www.baidu.com/search/spider.html)" 
98.231.230.118 - - [30/May/2016:07:05:37 -0700] "GET /bootstrap/img/favicon.ico HTTP/1.1" 200 590 "-" "Mozilla/5.0 (Windows NT 6.1; WOW64; rv:46.0) Gecko/20100101 Firefox/46.0" 
202.196.63.125 - - [30/May/2016:07:07:46 -0700] "GET /favicon.ico HTTP/1.1" 200 268 "-" "Mozilla/5.0 (Windows; U; MSIE 6.0; Windows NT 5.1; SV1; .NET CLR 2.0.50727; BIDUBrowser 7.6)" 
202.196.63.125 - - [30/May/2016:07:07:46 -0700] "GET / HTTP/1.1" 200 32799 "-" "Mozilla/5.0 (Windows; U; MSIE 6.0; Windows NT 5.1; SV1; .NET CLR 2.0.50727; BIDUBrowser 7.6)" 
202.196.63.125 - - [30/May/2016:07:07:47 -0700] "GET /favicon.ico HTTP/1.1" 200 268 "-" "Mozilla/5.0 (Windows; U; MSIE 6.0; Windows NT 5.1; SV1; .NET CLR 2.0.50727; BIDUBrowser 7.6)" 
202.196.63.125 - - [30/May/2016:07:07:47 -0700] "GET /bootstrap/img/favicon.ico HTTP/1.1" 304 164 "-" "Mozilla/5.0 (Windows; U; MSIE 6.0; Windows NT 5.1; SV1; .NET CLR 2.0.50727; BIDUBrowser 7.6)" 
202.196.63.125 - - [30/May/2016:07:07:47 -0700] "GET / HTTP/1.1" 200 32799 "-" "Mozilla/5.0 (Windows; U; MSIE 6.0; Windows NT 5.1; SV1; .NET CLR 2.0.50727; BIDUBrowser 7.6)" 
202.196.63.125 - - [30/May/2016:07:07:47 -0700] "GET /bootstrap/img/favicon.ico HTTP/1.1" 304 164 "-" "Mozilla/5.0 (Windows; U; MSIE 6.0; Windows NT 5.1; SV1; .NET CLR 2.0.50727; BIDUBrowser 7.6)" 
202.196.63.125 - - [30/May/2016:07:15:12 -0700] "GET /favicon.ico HTTP/1.1" 200 268 "-" "Mozilla/5.0 (Windows; U; MSIE 6.0; Windows NT 5.1; SV1; .NET CLR 2.0.50727; BIDUBrowser 7.6)" 
202.196.63.125 - - [30/May/2016:07:15:13 -0700] "GET / HTTP/1.1" 200 32799 "-" "Mozilla/5.0 (Windows; U; MSIE 6.0; Windows NT 5.1; SV1; .NET CLR 2.0.50727; BIDUBrowser 7.6)" 
202.196.63.125 - - [30/May/2016:07:15:13 -0700] "GET /bootstrap/img/favicon.ico HTTP/1.1" 304 164 "-" "Mozilla/5.0 (Windows; U; MSIE 6.0; Windows NT 5.1; SV1; .NET CLR 2.0.50727; BIDUBrowser 7.6)" 
66.249.83.213 - - [30/May/2016:07:18:39 -0700] "GET / HTTP/1.1" 200 9878 "-" "Mozilla/5.0 (X11; Linux x86_64) AppleWebKit/537.36 (KHTML, like Gecko) Chrome/49.0.2623.75 Safari/537.36 Google Favicon" 
66.249.83.217 - - [30/May/2016:07:18:39 -0700] "GET /bootstrap/img/favicon.ico HTTP/1.1" 200 590 "-" "Mozilla/5.0 (X11; Linux x86_64) AppleWebKit/537.36 (KHTML, like Gecko) Chrome/49.0.2623.75 Safari/537.36 Google Favicon" 
123.125.71.74 - - [30/May/2016:07:24:28 -0700] "GET /robots.txt HTTP/1.1" 200 297 "-" "Mozilla/5.0 (compatible; Baiduspider/2.0; +http://www.baidu.com/search/spider.html)" 
111.23.4.148 - - [30/May/2016:07:26:09 -0700] "GET /tg/a.zip HTTP/1.1" 304 132 "-" "Mozilla/5.0 Gecko/20100115 Firefox/3.6" 
123.125.71.16 - - [30/May/2016:07:43:58 -0700] "GET /tg/tg_snort_fast.7z HTTP/1.1" 200 4274082 "-" "Mozilla/5.0 (compatible; Baiduspider/2.0; +http://www.baidu.com/search/spider.html)" 
117.190.191.170 - - [30/May/2016:07:49:22 -0700] "GET /tg/a.zip HTTP/1.1" 304 132 "-" "Mozilla/5.0 Gecko/20100115 Firefox/3.6" 
123.125.71.90 - - [30/May/2016:07:50:18 -0700] "GET /robots.txt HTTP/1.1" 200 297 "-" "Mozilla/5.0 (compatible; Baiduspider/2.0; +http://www.baidu.com/search/spider.html)" 
68.180.229.239 - - [30/May/2016:08:03:28 -0700] "GET /tg/tg_snort_fast.7z HTTP/1.1" 200 4274037 "-" "Mozilla/5.0 (compatible; Yahoo! Slurp; http://help.yahoo.com/help/us/ysearch/slurp)" 
117.177.241.60 - - [30/May/2016:08:05:12 -0700] "GET /tg/a.zip HTTP/1.1" 304 132 "-" "Mozilla/5.0 Gecko/20100115 Firefox/3.6" 
207.46.13.163 - - [30/May/2016:08:09:45 -0700] "GET /self.logs/error.log.2015-07-01.gz HTTP/1.1" 200 1045 "-" "Mozilla/5.0 (compatible; bingbot/2.0; +http://www.bing.com/bingbot.htm)" 
178.136.122.162 - - [30/May/2016:08:11:47 -0700] "GET /honeypot/bsidesdfw - 2014.ipynb HTTP/1.1" 301 497 "-" "Mozilla/3.6 (compatible; MSIE 7.0; Windows NT 6.1; en-US; rv:1.9.2.16) Gecko/20110319 MRA 5.6 (build 03278) Firefox/3.6.16" 
178.136.122.162 - - [30/May/2016:08:11:47 -0700] "GET /honeypot/bsidesdfw HTTP/1.1" 404 284 "-" "Mozilla/3.6 (compatible; MSIE 7.0; Windows NT 6.1; en-US; rv:1.9.2.16) Gecko/20110319 MRA 5.6 (build 03278) Firefox/3.6.16" 
151.241.82.1 - - [30/May/2016:08:11:52 -0700] "GET / HTTP/1.1" 304 133 "https://www.google.com/" "Mozilla/5.0 (Windows NT 6.3) AppleWebKit/537.36 (KHTML, like Gecko) Chrome/51.0.2704.63 Safari/537.36" 
123.125.71.42 - - [30/May/2016:08:14:49 -0700] "GET /robots.txt HTTP/1.1" 200 297 "-" "Mozilla/5.0 (compatible; Baiduspider/2.0; +http://www.baidu.com/search/spider.html)" 
207.46.13.109 - - [30/May/2016:08:16:57 -0700] "GET /self.logs/access.log.2015-06-15.gz HTTP/1.1" 200 7986 "-" "Mozilla/5.0 (compatible; bingbot/2.0; +http://www.bing.com/bingbot.htm)" 
123.125.71.92 - - [30/May/2016:08:19:37 -0700] "GET /robots.txt HTTP/1.1" 200 297 "-" "Mozilla/5.0 (compatible; Baiduspider/2.0; +http://www.baidu.com/search/spider.html)" 
123.125.71.30 - - [30/May/2016:08:34:05 -0700] "GET /robots.txt HTTP/1.1" 200 297 "-" "Mozilla/5.0 (compatible; Baiduspider/2.0; +http://www.baidu.com/search/spider.html)" 
111.7.128.40 - - [30/May/2016:08:34:28 -0700] "GET /tg/a.zip HTTP/1.1" 304 132 "-" "Mozilla/5.0 Gecko/20100115 Firefox/3.6" 
157.55.39.184 - - [30/May/2016:08:40:27 -0700] "GET /self.logs/error.log.2015-03-20.gz HTTP/1.1" 200 939 "-" "Mozilla/5.0 (compatible; bingbot/2.0; +http://www.bing.com/bingbot.htm)" 
66.249.66.147 - - [30/May/2016:08:45:52 -0700] "GET / HTTP/1.1" 200 9878 "-" "Mozilla/5.0 (Linux; Android 6.0.1; Nexus 5X Build/MMB29P) AppleWebKit/537.36 (KHTML, like Gecko) Chrome/41.0.2272.96 Mobile Safari/537.36 (compatible; Googlebot/2.1; +http://www.google.com/bot.html)" 
151.80.31.102 - - [30/May/2016:08:46:00 -0700] "GET /self.logs/access.log.2015-04-21.gz HTTP/1.1" 200 6667 "-" "Mozilla/5.0 (compatible; AhrefsBot/5.1; +http://ahrefs.com/robot/)" 
178.136.122.162 - - [30/May/2016:08:46:54 -0700] "GET /honeypot/bsidesdfw - 2014.ipynb HTTP/1.1" 301 497 "-" "Mozilla/3.6 (compatible; MSIE 7.0; Windows NT 6.1; en-US; rv:1.9.2.16) Gecko/20110319 MRA 5.6 (build 03278) Firefox/3.6.16" 
178.136.122.162 - - [30/May/2016:08:46:55 -0700] "GET /honeypot/bsidesdfw HTTP/1.1" 404 284 "-" "Mozilla/3.6 (compatible; MSIE 7.0; Windows NT 6.1; en-US; rv:1.9.2.16) Gecko/20110319 MRA 5.6 (build 03278) Firefox/3.6.16" 
91.199.104.6 - - [30/May/2016:08:49:55 -0700] "GET / HTTP/1.1" 200 9878 "https://www.google.ro" "Mozilla/5.0 (Windows NT 6.3; WOW64; rv:46.0) Gecko/20100101 Firefox/46.0" 
91.199.104.6 - - [30/May/2016:08:49:56 -0700] "GET /bootstrap/img/favicon.ico HTTP/1.1" 200 589 "-" "Mozilla/5.0 (Windows NT 6.3; WOW64; rv:46.0) Gecko/20100101 Firefox/46.0" 
91.199.104.6 - - [30/May/2016:08:49:56 -0700] "GET /twitter-icon.png HTTP/1.1" 200 27787 "http://www.secrepo.com/" "Mozilla/5.0 (Windows NT 6.3; WOW64; rv:46.0) Gecko/20100101 Firefox/46.0" 
91.199.104.6 - - [30/May/2016:08:49:56 -0700] "GET /GitHub-Mark.png HTTP/1.1" 200 7428 "http://www.secrepo.com/" "Mozilla/5.0 (Windows NT 6.3; WOW64; rv:46.0) Gecko/20100101 Firefox/46.0" 
164.132.161.61 - - [30/May/2016:08:51:03 -0700] "GET /self.logs/error.log.2015-12-19.gz HTTP/1.1" 200 901 "-" "Mozilla/5.0 (compatible; AhrefsBot/5.1; +http://ahrefs.com/robot/)" 
157.55.39.184 - - [30/May/2016:08:53:42 -0700] "GET /self.logs/access.log.2015-03-23.gz HTTP/1.1" 301 545 "-" "Mozilla/5.0 (compatible; bingbot/2.0; +http://www.bing.com/bingbot.htm)" 
123.125.71.114 - - [30/May/2016:08:59:00 -0700] "GET /robots.txt HTTP/1.1" 200 297 "-" "Mozilla/5.0 (compatible; Baiduspider/2.0; +http://www.baidu.com/search/spider.html)" 
111.13.102.4 - - [30/May/2016:09:18:48 -0700] "GET /robots.txt HTTP/1.1" 200 297 "-" "Mozilla/5.0 (compatible; Baiduspider/2.0; +http://www.baidu.com/search/spider.html)" 
207.46.13.9 - - [30/May/2016:09:20:13 -0700] "GET /self.logs/error.log.2015-11-08.gz HTTP/1.1" 200 665 "-" "Mozilla/5.0 (compatible; bingbot/2.0; +http://www.bing.com/bingbot.htm)" 
223.240.32.133 - - [30/May/2016:09:24:40 -0700] "GET / HTTP/1.0" 301 461 "http://secrepo.com" "Mozilla/4.0 (compatible; MSIE 6.0; Windows NT 5.1; SV1; .NET CLR 2.0.50727)" 
223.240.32.133 - - [30/May/2016:09:24:45 -0700] "GET / HTTP/1.0" 200 32789 "http://www.secrepo.com/" "Mozilla/4.0 (compatible; MSIE 6.0; Windows NT 5.1; SV1; .NET CLR 2.0.50727)" 
208.115.113.94 - - [30/May/2016:09:27:39 -0700] "GET /robots.txt HTTP/1.1" 200 233 "-" "Mozilla/5.0 (compatible; DotBot/1.1; http://www.opensiteexplorer.org/dotbot, help@moz.com)" 
157.55.39.184 - - [30/May/2016:09:33:34 -0700] "GET /self.logs/access.log.2015-06-22.gz HTTP/1.1" 200 10670 "-" "Mozilla/5.0 (compatible; bingbot/2.0; +http://www.bing.com/bingbot.htm)" 
207.46.13.9 - - [30/May/2016:09:34:10 -0700] "GET /self.logs/error.log.2015-08-09.gz HTTP/1.1" 200 838 "-" "Mozilla/5.0 (compatible; bingbot/2.0; +http://www.bing.com/bingbot.htm)" 
111.23.10.33 - - [30/May/2016:09:38:24 -0700] "GET /tg/a.zip HTTP/1.1" 304 132 "-" "Mozilla/5.0 Gecko/20100115 Firefox/3.6" 
207.46.13.163 - - [30/May/2016:09:39:49 -0700] "GET /robots.txt HTTP/1.1" 200 289 "-" "Mozilla/5.0 (compatible; bingbot/2.0; +http://www.bing.com/bingbot.htm)" 
207.46.13.163 - - [30/May/2016:09:40:19 -0700] "GET /self.logs/error.log.2015-05-29.gz HTTP/1.1" 200 754 "-" "Mozilla/5.0 (compatible; bingbot/2.0; +http://www.bing.com/bingbot.htm)" 
111.13.102.7 - - [30/May/2016:09:44:39 -0700] "GET /robots.txt HTTP/1.1" 200 297 "-" "Mozilla/5.0 (compatible; Baiduspider/2.0; +http://www.baidu.com/search/spider.html)" 
85.103.59.11 - - [30/May/2016:09:50:52 -0700] "GET /bootstrap/img/favicon.ico HTTP/1.1" 200 590 "-" "Mozilla/5.0 (Windows NT 10.0; WOW64; rv:46.0) Gecko/20100101 Firefox/46.0" 
213.1.14.84 - - [30/May/2016:09:54:16 -0700] "GET /bootstrap/img/favicon.ico HTTP/1.1" 200 590 "-" "Mozilla/5.0 (Windows NT 6.3; WOW64; rv:46.0) Gecko/20100101 Firefox/46.0" 
213.1.14.84 - - [30/May/2016:09:54:16 -0700] "GET /bootstrap/img/favicon.ico HTTP/1.1" 206 634 "-" "Mozilla/5.0 (Windows NT 6.3; WOW64; rv:46.0) Gecko/20100101 Firefox/46.0" 
193.113.57.165 - - [30/May/2016:09:55:11 -0700] "GET /bootstrap/img/favicon.ico HTTP/1.1" 200 590 "-" "Mozilla/5.0 (Windows NT 6.3; WOW64; rv:46.0) Gecko/20100101 Firefox/46.0" 
46.218.101.203 - - [30/May/2016:09:56:58 -0700] "GET / HTTP/1.0" 301 483 "-" "Scrapy/1.0.4 (+http://scrapy.org)" 
46.218.101.203 - - [30/May/2016:09:56:59 -0700] "GET / HTTP/1.0" 200 9878 "-" "Scrapy/1.0.4 (+http://scrapy.org)" 
46.218.101.203 - - [30/May/2016:09:57:04 -0700] "GET / HTTP/1.0" 301 483 "-" "Scrapy/1.0.4 (+http://scrapy.org)" 
207.46.13.109 - - [30/May/2016:10:01:56 -0700] "GET /self.logs/error.log.2016-03-28.gz HTTP/1.1" 200 936 "-" "Mozilla/5.0 (compatible; bingbot/2.0; +http://www.bing.com/bingbot.htm)" 
208.115.113.94 - - [30/May/2016:10:03:43 -0700] "GET /self.logs/ HTTP/1.1" 200 95618 "-" "Mozilla/5.0 (compatible; DotBot/1.1; http://www.opensiteexplorer.org/dotbot, help@moz.com)" 
157.55.39.184 - - [30/May/2016:10:09:29 -0700] "GET /self.logs/access.log.2015-09-14.gz HTTP/1.1" 301 546 "-" "Mozilla/5.0 (compatible; bingbot/2.0; +http://www.bing.com/bingbot.htm)" 
64.134.96.150 - - [30/May/2016:10:15:26 -0700] "GET / HTTP/1.1" 200 9878 "-" "Mozilla/5.0 (Macintosh; Intel Mac OS X 10_10_5) AppleWebKit/601.6.17 (KHTML, like Gecko) Version/9.1.1 Safari/601.6.17" 
64.134.96.150 - - [30/May/2016:10:15:27 -0700] "GET /twitter-icon.png HTTP/1.1" 200 27788 "http://www.secrepo.com/" "Mozilla/5.0 (Macintosh; Intel Mac OS X 10_10_5) AppleWebKit/601.6.17 (KHTML, like Gecko) Version/9.1.1 Safari/601.6.17" 
64.134.96.150 - - [30/May/2016:10:15:27 -0700] "GET /GitHub-Mark.png HTTP/1.1" 200 7428 "http://www.secrepo.com/" "Mozilla/5.0 (Macintosh; Intel Mac OS X 10_10_5) AppleWebKit/601.6.17 (KHTML, like Gecko) Version/9.1.1 Safari/601.6.17" 
111.23.4.148 - - [30/May/2016:10:26:15 -0700] "GET /tg/a.zip HTTP/1.1" 304 132 "-" "Mozilla/5.0 Gecko/20100115 Firefox/3.6" 
123.125.71.45 - - [30/May/2016:10:33:10 -0700] "GET /robots.txt HTTP/1.1" 200 297 "-" "Mozilla/5.0 (compatible; Baiduspider/2.0; +http://www.baidu.com/search/spider.html)" 
76.187.239.83 - - [30/May/2016:10:34:28 -0700] "GET / HTTP/1.1" 301 483 "https://t.co/pArNAxyuQQ" "Mozilla/5.0 (iPad; CPU OS 9_3_2 like Mac OS X) AppleWebKit/601.1.46 (KHTML, like Gecko) Mobile/13F69 Twitter for iPhone" 
76.187.239.83 - - [30/May/2016:10:34:29 -0700] "GET / HTTP/1.1" 200 9878 "https://t.co/pArNAxyuQQ" "Mozilla/5.0 (iPad; CPU OS 9_3_2 like Mac OS X) AppleWebKit/601.1.46 (KHTML, like Gecko) Mobile/13F69 Twitter for iPhone" 
76.187.239.83 - - [30/May/2016:10:34:29 -0700] "GET /twitter-icon.png HTTP/1.1" 200 27787 "http://www.secrepo.com/" "Mozilla/5.0 (iPad; CPU OS 9_3_2 like Mac OS X) AppleWebKit/601.1.46 (KHTML, like Gecko) Mobile/13F69 Twitter for iPhone" 
76.187.239.83 - - [30/May/2016:10:34:29 -0700] "GET /GitHub-Mark.png HTTP/1.1" 200 7428 "http://www.secrepo.com/" "Mozilla/5.0 (iPad; CPU OS 9_3_2 like Mac OS X) AppleWebKit/601.1.46 (KHTML, like Gecko) Mobile/13F69 Twitter for iPhone" 
76.187.239.83 - - [30/May/2016:10:36:19 -0700] "GET / HTTP/1.1" 200 9878 "-" "Mozilla/5.0 (iPad; CPU OS 9_3_2 like Mac OS X) AppleWebKit/601.1.46 (KHTML, like Gecko) Version/9.0 Mobile/13F69 Safari/601.1" 
76.187.239.83 - - [30/May/2016:10:36:19 -0700] "GET /twitter-icon.png HTTP/1.1" 200 27787 "http://www.secrepo.com/" "Mozilla/5.0 (iPad; CPU OS 9_3_2 like Mac OS X) AppleWebKit/601.1.46 (KHTML, like Gecko) Version/9.0 Mobile/13F69 Safari/601.1" 
76.187.239.83 - - [30/May/2016:10:36:20 -0700] "GET /GitHub-Mark.png HTTP/1.1" 200 7428 "http://www.secrepo.com/" "Mozilla/5.0 (iPad; CPU OS 9_3_2 like Mac OS X) AppleWebKit/601.1.46 (KHTML, like Gecko) Version/9.0 Mobile/13F69 Safari/601.1" 
76.187.239.83 - - [30/May/2016:10:36:27 -0700] "GET /apple-touch-icon-152x152-precomposed.png HTTP/1.1" 404 340 "-" "MobileSafari/601.1 CFNetwork/758.4.3 Darwin/15.5.0" 
76.187.239.83 - - [30/May/2016:10:36:27 -0700] "GET /apple-touch-icon-152x152.png HTTP/1.1" 404 339 "-" "MobileSafari/601.1 CFNetwork/758.4.3 Darwin/15.5.0" 
76.187.239.83 - - [30/May/2016:10:36:27 -0700] "GET /apple-touch-icon.png HTTP/1.1" 404 339 "-" "MobileSafari/601.1 CFNetwork/758.4.3 Darwin/15.5.0" 
76.187.239.83 - - [30/May/2016:10:36:28 -0700] "GET /apple-touch-icon.png HTTP/1.1" 404 339 "-" "MobileSafari/601.1 CFNetwork/758.4.3 Darwin/15.5.0" 
76.187.239.83 - - [30/May/2016:10:36:30 -0700] "GET / HTTP/1.1" 200 9878 "-" "Mozilla/5.0 (iPad; CPU OS 9_3_2 like Mac OS X) AppleWebKit/601.1.46 (KHTML, like Gecko) Version/9.0 Mobile/13F69 Safari/601.1" 
76.187.239.83 - - [30/May/2016:10:36:30 -0700] "GET /apple-touch-icon-152x152-precomposed.png HTTP/1.1" 404 340 "-" "Mozilla/5.0 (iPad; CPU OS 9_3_2 like Mac OS X) AppleWebKit/601.1.46 (KHTML, like Gecko) Version/9.0 Mobile/13F69 Safari/601.1" 
76.187.239.83 - - [30/May/2016:10:36:31 -0700] "GET /apple-touch-icon-152x152.png HTTP/1.1" 404 339 "-" "Mozilla/5.0 (iPad; CPU OS 9_3_2 like Mac OS X) AppleWebKit/601.1.46 (KHTML, like Gecko) Version/9.0 Mobile/13F69 Safari/601.1" 
76.187.239.83 - - [30/May/2016:10:36:31 -0700] "GET /apple-touch-icon.png HTTP/1.1" 404 339 "-" "Mozilla/5.0 (iPad; CPU OS 9_3_2 like Mac OS X) AppleWebKit/601.1.46 (KHTML, like Gecko) Version/9.0 Mobile/13F69 Safari/601.1" 
76.187.239.83 - - [30/May/2016:10:36:31 -0700] "GET /apple-touch-icon.png HTTP/1.1" 404 339 "-" "Mozilla/5.0 (iPad; CPU OS 9_3_2 like Mac OS X) AppleWebKit/601.1.46 (KHTML, like Gecko) Version/9.0 Mobile/13F69 Safari/601.1" 
76.187.239.83 - - [30/May/2016:10:36:31 -0700] "GET /bootstrap/img/favicon.ico HTTP/1.1" 200 589 "-" "Mozilla/5.0 (iPad; CPU OS 9_3_2 like Mac OS X) AppleWebKit/601.1.46 (KHTML, like Gecko) Version/9.0 Mobile/13F69 Safari/601.1" 
76.187.239.83 - - [30/May/2016:10:36:32 -0700] "GET /apple-touch-icon-152x152-precomposed.png HTTP/1.1" 404 340 "-" "Mozilla/5.0 (iPad; CPU OS 9_3_2 like Mac OS X) AppleWebKit/601.1.46 (KHTML, like Gecko) Version/9.0 Mobile/13F69 Safari/601.1" 
76.187.239.83 - - [30/May/2016:10:36:32 -0700] "GET /apple-touch-icon-152x152.png HTTP/1.1" 404 339 "-" "Mozilla/5.0 (iPad; CPU OS 9_3_2 like Mac OS X) AppleWebKit/601.1.46 (KHTML, like Gecko) Version/9.0 Mobile/13F69 Safari/601.1" 
76.187.239.83 - - [30/May/2016:10:36:32 -0700] "GET /apple-touch-icon.png HTTP/1.1" 404 339 "-" "Mozilla/5.0 (iPad; CPU OS 9_3_2 like Mac OS X) AppleWebKit/601.1.46 (KHTML, like Gecko) Version/9.0 Mobile/13F69 Safari/601.1" 
76.187.239.83 - - [30/May/2016:10:36:32 -0700] "GET /apple-touch-icon.png HTTP/1.1" 404 339 "-" "Mozilla/5.0 (iPad; CPU OS 9_3_2 like Mac OS X) AppleWebKit/601.1.46 (KHTML, like Gecko) Version/9.0 Mobile/13F69 Safari/601.1" 
76.187.239.83 - - [30/May/2016:10:36:32 -0700] "GET /bootstrap/img/favicon.ico HTTP/1.1" 200 589 "-" "Mozilla/5.0 (iPad; CPU OS 9_3_2 like Mac OS X) AppleWebKit/601.1.46 (KHTML, like Gecko) Version/9.0 Mobile/13F69 Safari/601.1" 
76.187.239.83 - - [30/May/2016:10:36:34 -0700] "GET /apple-touch-icon-152x152-precomposed.png HTTP/1.1" 404 339 "-" "Mozilla/5.0 (iPad; CPU OS 9_3_2 like Mac OS X) AppleWebKit/601.1.46 (KHTML, like Gecko) Version/9.0 Mobile/13F69 Safari/601.1" 
76.187.239.83 - - [30/May/2016:10:36:36 -0700] "GET /apple-touch-icon-152x152.png HTTP/1.1" 404 340 "-" "Mozilla/5.0 (iPad; CPU OS 9_3_2 like Mac OS X) AppleWebKit/601.1.46 (KHTML, like Gecko) Version/9.0 Mobile/13F69 Safari/601.1" 
76.187.239.83 - - [30/May/2016:10:36:39 -0700] "GET /apple-touch-icon.png HTTP/1.1" 404 340 "-" "Mozilla/5.0 (iPad; CPU OS 9_3_2 like Mac OS X) AppleWebKit/601.1.46 (KHTML, like Gecko) Version/9.0 Mobile/13F69 Safari/601.1" 
76.187.239.83 - - [30/May/2016:10:36:39 -0700] "GET /apple-touch-icon.png HTTP/1.1" 404 339 "-" "Mozilla/5.0 (iPad; CPU OS 9_3_2 like Mac OS X) AppleWebKit/601.1.46 (KHTML, like Gecko) Version/9.0 Mobile/13F69 Safari/601.1" 
207.46.13.9 - - [30/May/2016:10:41:59 -0700] "GET /self.logs/access.log.2015-01-31.gz HTTP/1.1" 200 4237 "-" "Mozilla/5.0 (compatible; bingbot/2.0; +http://www.bing.com/bingbot.htm)" 
64.134.96.150 - - [30/May/2016:10:44:51 -0700] "GET / HTTP/1.1" 301 483 "-" "Mozilla/5.0 (iPhone; CPU iPhone OS 9_3_2 like Mac OS X) AppleWebKit/601.1.46 (KHTML, like Gecko) Version/9.0 Mobile/13F69 Safari/601.1" 
64.134.96.150 - - [30/May/2016:10:44:51 -0700] "GET / HTTP/1.1" 200 9878 "-" "Mozilla/5.0 (iPhone; CPU iPhone OS 9_3_2 like Mac OS X) AppleWebKit/601.1.46 (KHTML, like Gecko) Version/9.0 Mobile/13F69 Safari/601.1" 
64.134.96.150 - - [30/May/2016:10:44:51 -0700] "GET /twitter-icon.png HTTP/1.1" 200 27787 "http://www.secrepo.com/" "Mozilla/5.0 (iPhone; CPU iPhone OS 9_3_2 like Mac OS X) AppleWebKit/601.1.46 (KHTML, like Gecko) Version/9.0 Mobile/13F69 Safari/601.1" 
64.134.96.150 - - [30/May/2016:10:44:51 -0700] "GET /GitHub-Mark.png HTTP/1.1" 200 7428 "http://www.secrepo.com/" "Mozilla/5.0 (iPhone; CPU iPhone OS 9_3_2 like Mac OS X) AppleWebKit/601.1.46 (KHTML, like Gecko) Version/9.0 Mobile/13F69 Safari/601.1" 
155.4.125.127 - - [30/May/2016:10:48:08 -0700] "GET / HTTP/1.0" 200 9841 "-" "Mozilla/5.0 (Windows NT 6.3; Win64; x64; rv:44.0) Gecko/20100101 Firefox/44.0" 
117.190.191.170 - - [30/May/2016:10:49:28 -0700] "GET /tg/a.zip HTTP/1.1" 304 132 "-" "Mozilla/5.0 Gecko/20100115 Firefox/3.6" 
207.46.13.109 - - [30/May/2016:10:51:32 -0700] "GET /self.logs/access.log.2015-09-02.gz HTTP/1.1" 200 3927 "-" "Mozilla/5.0 (compatible; bingbot/2.0; +http://www.bing.com/bingbot.htm)" 
68.180.229.239 - - [30/May/2016:10:57:08 -0700] "GET /maccdc2012/notice.log.gz HTTP/1.1" 200 20723 "-" "Mozilla/5.0 (compatible; Yahoo! Slurp; http://help.yahoo.com/help/us/ysearch/slurp)" 
82.217.100.84 - - [30/May/2016:11:02:09 -0700] "GET / HTTP/1.1" 301 483 "https://t.co/sCrYyYw3rt" "Mozilla/5.0 (Windows NT 10.0; Win64; x64) AppleWebKit/537.36 (KHTML, like Gecko) Chrome/50.0.2661.102 Safari/537.36" 
82.217.100.84 - - [30/May/2016:11:02:10 -0700] "GET / HTTP/1.1" 200 9878 "https://t.co/sCrYyYw3rt" "Mozilla/5.0 (Windows NT 10.0; Win64; x64) AppleWebKit/537.36 (KHTML, like Gecko) Chrome/50.0.2661.102 Safari/537.36" 
82.217.100.84 - - [30/May/2016:11:02:10 -0700] "GET /twitter-icon.png HTTP/1.1" 200 27787 "http://www.secrepo.com/" "Mozilla/5.0 (Windows NT 10.0; Win64; x64) AppleWebKit/537.36 (KHTML, like Gecko) Chrome/50.0.2661.102 Safari/537.36" 
82.217.100.84 - - [30/May/2016:11:02:10 -0700] "GET /GitHub-Mark.png HTTP/1.1" 200 7428 "http://www.secrepo.com/" "Mozilla/5.0 (Windows NT 10.0; Win64; x64) AppleWebKit/537.36 (KHTML, like Gecko) Chrome/50.0.2661.102 Safari/537.36" 
82.217.100.84 - - [30/May/2016:11:02:10 -0700] "GET /bootstrap/img/favicon.ico HTTP/1.1" 200 589 "http://www.secrepo.com/" "Mozilla/5.0 (Windows NT 10.0; Win64; x64) AppleWebKit/537.36 (KHTML, like Gecko) Chrome/50.0.2661.102 Safari/537.36" 
117.177.241.60 - - [30/May/2016:11:05:14 -0700] "GET /tg/a.zip HTTP/1.1" 304 132 "-" "Mozilla/5.0 Gecko/20100115 Firefox/3.6" 
207.46.13.109 - - [30/May/2016:11:11:49 -0700] "GET /self.logs/access.log.2015-09-16.gz HTTP/1.1" 200 5387 "-" "Mozilla/5.0 (compatible; bingbot/2.0; +http://www.bing.com/bingbot.htm)" 
66.220.158.99 - - [30/May/2016:11:14:07 -0700] "GET /twitter-icon.png HTTP/1.1" 200 27788 "-" "facebookexternalhit/1.1 (+http://www.facebook.com/externalhit_uatext.php)" 
64.134.96.150 - - [30/May/2016:11:18:43 -0700] "GET /maccdc2012/conn.log.gz HTTP/1.1" 200 700551 "http://www.secrepo.com/" "Mozilla/5.0 (Macintosh; Intel Mac OS X 10_10_5) AppleWebKit/601.6.17 (KHTML, like Gecko) Version/9.1.1 Safari/601.6.17" 
111.7.128.40 - - [30/May/2016:11:34:31 -0700] "GET /tg/a.zip HTTP/1.1" 304 132 "-" "Mozilla/5.0 Gecko/20100115 Firefox/3.6" 
207.46.13.109 - - [30/May/2016:11:35:10 -0700] "GET /self.logs/error.log.2015-07-26.gz HTTP/1.1" 200 727 "-" "Mozilla/5.0 (compatible; bingbot/2.0; +http://www.bing.com/bingbot.htm)" 
66.249.66.147 - - [30/May/2016:11:51:17 -0700] "GET /bootstrap/img/favicon.ico HTTP/1.1" 304 165 "-" "Googlebot-Image/1.0" 
123.125.71.83 - - [30/May/2016:11:57:36 -0700] "GET /robots.txt HTTP/1.1" 200 297 "-" "Mozilla/5.0 (compatible; Baiduspider/2.0; +http://www.baidu.com/search/spider.html)" 
195.154.211.183 - - [30/May/2016:12:13:14 -0700] "GET /wp-login.php HTTP/1.0" 404 295 "-" "Mozilla/5.0 (Windows NT 6.1) AppleWebKit/537.36 (KHTML, like Gecko) Chrome/41.0.2228.0 Safari/537.36" 
195.154.211.183 - - [30/May/2016:12:13:15 -0700] "GET /wp-login.php HTTP/1.0" 404 295 "-" "Mozilla/5.0 (Windows NT 6.1) AppleWebKit/537.36 (KHTML, like Gecko) Chrome/41.0.2228.0 Safari/537.36" 
72.83.221.59 - - [30/May/2016:12:26:09 -0700] "GET / HTTP/1.1" 200 9878 "-" "Mozilla/5.0 (Macintosh; Intel Mac OS X 10_11_5) AppleWebKit/601.6.17 (KHTML, like Gecko) Version/9.1.1 Safari/601.6.17" 
72.83.221.59 - - [30/May/2016:12:26:09 -0700] "GET /GitHub-Mark.png HTTP/1.1" 200 7427 "http://www.secrepo.com/" "Mozilla/5.0 (Macintosh; Intel Mac OS X 10_11_5) AppleWebKit/601.6.17 (KHTML, like Gecko) Version/9.1.1 Safari/601.6.17" 
123.125.71.107 - - [30/May/2016:12:26:57 -0700] "GET /robots.txt HTTP/1.1" 200 297 "-" "Mozilla/5.0 (compatible; Baiduspider/2.0; +http://www.baidu.com/search/spider.html)" 
111.23.10.33 - - [30/May/2016:12:38:25 -0700] "GET /tg/a.zip HTTP/1.1" 304 132 "-" "Mozilla/5.0 Gecko/20100115 Firefox/3.6" 
207.46.13.163 - - [30/May/2016:12:39:37 -0700] "GET /self.logs/error.log.2015-01-23.gz HTTP/1.1" 301 543 "-" "Mozilla/5.0 (compatible; bingbot/2.0; +http://www.bing.com/bingbot.htm)" 
123.125.71.81 - - [30/May/2016:12:50:45 -0700] "GET /robots.txt HTTP/1.1" 200 297 "-" "Mozilla/5.0 (compatible; Baiduspider/2.0; +http://www.baidu.com/search/spider.html)" 
207.46.13.9 - - [30/May/2016:13:18:47 -0700] "GET /self.logs/access.log.2015-04-30.gz HTTP/1.1" 301 545 "-" "Mozilla/5.0 (compatible; bingbot/2.0; +http://www.bing.com/bingbot.htm)" 
123.125.71.33 - - [30/May/2016:13:20:53 -0700] "GET /robots.txt HTTP/1.1" 200 297 "-" "Mozilla/5.0 (compatible; Baiduspider/2.0; +http://www.baidu.com/search/spider.html)" 
223.240.32.133 - - [30/May/2016:13:21:55 -0700] "GET /maccdc2012/dhcp.log.gz HTTP/1.0" 301 505 "http://secrepo.com/maccdc2012/dhcp.log.gz" "Mozilla/4.0 (compatible; MSIE 6.0; Windows NT 5.1; SV1; .NET CLR 2.0.50727)" 
223.240.32.133 - - [30/May/2016:13:21:55 -0700] "GET /data HTTP/1.0" 301 469 "http://secrepo.com/data#" "Mozilla/4.0 (compatible; MSIE 6.0; Windows NT 5.1; SV1; .NET CLR 2.0.50727)" 
223.240.32.133 - - [30/May/2016:13:21:55 -0700] "GET /maccdc2012/files.log.gz HTTP/1.0" 301 507 "http://secrepo.com/maccdc2012/files.log.gz" "Mozilla/4.0 (compatible; MSIE 6.0; Windows NT 5.1; SV1; .NET CLR 2.0.50727)" 
223.240.32.133 - - [30/May/2016:13:21:55 -0700] "GET /maccdc2012/ftp.log.gz HTTP/1.0" 301 503 "http://secrepo.com/maccdc2012/ftp.log.gz" "Mozilla/4.0 (compatible; MSIE 6.0; Windows NT 5.1; SV1; .NET CLR 2.0.50727)" 
223.240.32.133 - - [30/May/2016:13:21:55 -0700] "GET /maccdc2012/http.log.gz HTTP/1.0" 301 505 "http://secrepo.com/maccdc2012/http.log.gz" "Mozilla/4.0 (compatible; MSIE 6.0; Windows NT 5.1; SV1; .NET CLR 2.0.50727)" 
223.240.32.133 - - [30/May/2016:13:21:55 -0700] "GET /maccdc2012/signatures.log.gz HTTP/1.0" 301 543 "http://secrepo.com/maccdc2012/signatures.log.gz" "Mozilla/4.0 (compatible; MSIE 6.0; Windows NT 5.1; SV1; .NET CLR 2.0.50727)" 
223.240.32.133 - - [30/May/2016:13:21:55 -0700] "GET /maccdc2012/notice.log.gz HTTP/1.0" 301 509 "http://secrepo.com/maccdc2012/notice.log.gz" "Mozilla/4.0 (compatible; MSIE 6.0; Windows NT 5.1; SV1; .NET CLR 2.0.50727)" 
223.240.32.133 - - [30/May/2016:13:21:55 -0700] "GET /maccdc2012/smtp.log.gz HTTP/1.0" 301 505 "http://secrepo.com/maccdc2012/smtp.log.gz" "Mozilla/4.0 (compatible; MSIE 6.0; Windows NT 5.1; SV1; .NET CLR 2.0.50727)" 
223.240.32.133 - - [30/May/2016:13:21:55 -0700] "GET /maccdc2012/ssh.log.gz HTTP/1.0" 301 503 "http://secrepo.com/maccdc2012/ssh.log.gz" "Mozilla/4.0 (compatible; MSIE 6.0; Windows NT 5.1; SV1; .NET CLR 2.0.50727)" 
223.240.32.133 - - [30/May/2016:13:21:55 -0700] "GET /maccdc2012/ssl.log.gz HTTP/1.0" 301 503 "http://secrepo.com/maccdc2012/ssl.log.gz" "Mozilla/4.0 (compatible; MSIE 6.0; Windows NT 5.1; SV1; .NET CLR 2.0.50727)" 
223.240.32.133 - - [30/May/2016:13:21:55 -0700] "GET /maccdc2012/tunnel.log.gz HTTP/1.0" 301 509 "http://secrepo.com/maccdc2012/tunnel.log.gz" "Mozilla/4.0 (compatible; MSIE 6.0; Windows NT 5.1; SV1; .NET CLR 2.0.50727)" 
223.240.32.133 - - [30/May/2016:13:21:56 -0700] "GET /maccdc2012/weird.log.gz HTTP/1.0" 301 507 "http://secrepo.com/maccdc2012/weird.log.gz" "Mozilla/4.0 (compatible; MSIE 6.0; Windows NT 5.1; SV1; .NET CLR 2.0.50727)" 
223.240.32.133 - - [30/May/2016:13:21:56 -0700] "GET /maccdc2012/conn.log.gz HTTP/1.0" 301 505 "http://secrepo.com/maccdc2012/conn.log.gz" "Mozilla/4.0 (compatible; MSIE 6.0; Windows NT 5.1; SV1; .NET CLR 2.0.50727)" 
223.240.32.133 - - [30/May/2016:13:21:57 -0700] "GET /maccdc2012/dns.log.gz HTTP/1.0" 301 503 "http://secrepo.com/maccdc2012/dns.log.gz" "Mozilla/4.0 (compatible; MSIE 6.0; Windows NT 5.1; SV1; .NET CLR 2.0.50727)" 
223.240.32.133 - - [30/May/2016:13:21:57 -0700] "GET /self.logs/ HTTP/1.0" 301 481 "http://secrepo.com/self.logs/" "Mozilla/4.0 (compatible; MSIE 6.0; Windows NT 5.1; SV1; .NET CLR 2.0.50727)" 
223.240.32.133 - - [30/May/2016:13:21:57 -0700] "GET /auth.log/auth.log.gz HTTP/1.0" 301 501 "http://secrepo.com/auth.log/auth.log.gz" "Mozilla/4.0 (compatible; MSIE 6.0; Windows NT 5.1; SV1; .NET CLR 2.0.50727)" 
223.240.32.133 - - [30/May/2016:13:21:57 -0700] "GET /squid/access.log.gz HTTP/1.0" 301 499 "http://secrepo.com/squid/access.log.gz" "Mozilla/4.0 (compatible; MSIE 6.0; Windows NT 5.1; SV1; .NET CLR 2.0.50727)" 
223.240.32.133 - - [30/May/2016:13:21:58 -0700] "GET /honeypot/bsidesdfw%20-%202014.ipynb HTTP/1.0" 301 523 "http://secrepo.com/honeypot/bsidesdfw - 2014.ipynb" "Mozilla/4.0 (compatible; MSIE 6.0; Windows NT 5.1; SV1; .NET CLR 2.0.50727)" 
223.240.32.133 - - [30/May/2016:13:21:59 -0700] "GET /data HTTP/1.0" 404 284 "http://www.secrepo.com/data" "Mozilla/4.0 (compatible; MSIE 6.0; Windows NT 5.1; SV1; .NET CLR 2.0.50727)" 
223.240.32.133 - - [30/May/2016:13:21:59 -0700] "GET /maccdc2012/notice.log.gz HTTP/1.0" 200 20676 "http://www.secrepo.com/maccdc2012/notice.log.gz" "Mozilla/4.0 (compatible; MSIE 6.0; Windows NT 5.1; SV1; .NET CLR 2.0.50727)" 
223.240.32.133 - - [30/May/2016:13:21:59 -0700] "GET /maccdc2012/smtp.log.gz HTTP/1.0" 200 6835 "http://www.secrepo.com/maccdc2012/smtp.log.gz" "Mozilla/4.0 (compatible; MSIE 6.0; Windows NT 5.1; SV1; .NET CLR 2.0.50727)" 
223.240.32.133 - - [30/May/2016:13:22:00 -0700] "GET /ftp://download.iwlab.foi.se/dataset/ HTTP/1.0" 301 533 "http://secrepo.com/ftp://download.iwlab.foi.se/dataset/" "Mozilla/4.0 (compatible; MSIE 6.0; Windows NT 5.1; SV1; .NET CLR 2.0.50727)" 
223.240.32.133 - - [30/May/2016:13:22:00 -0700] "GET /maccdc2012/signatures.log.gz HTTP/1.0" 200 521 "http://www.secrepo.com/maccdc2012/signatures.log.gz" "Mozilla/4.0 (compatible; MSIE 6.0; Windows NT 5.1; SV1; .NET CLR 2.0.50727)" 
223.240.32.133 - - [30/May/2016:13:22:00 -0700] "GET /maccdc2012/tunnel.log.gz HTTP/1.0" 200 5161 "http://www.secrepo.com/maccdc2012/tunnel.log.gz" "Mozilla/4.0 (compatible; MSIE 6.0; Windows NT 5.1; SV1; .NET CLR 2.0.50727)" 
223.240.32.133 - - [30/May/2016:13:22:00 -0700] "GET /maccdc2012/dhcp.log.gz HTTP/1.0" 200 44856 "http://www.secrepo.com/maccdc2012/dhcp.log.gz" "Mozilla/4.0 (compatible; MSIE 6.0; Windows NT 5.1; SV1; .NET CLR 2.0.50727)" 
223.240.32.133 - - [30/May/2016:13:22:00 -0700] "GET /maccdc2012/ftp.log.gz HTTP/1.0" 200 127614 "http://www.secrepo.com/maccdc2012/ftp.log.gz" "Mozilla/4.0 (compatible; MSIE 6.0; Windows NT 5.1; SV1; .NET CLR 2.0.50727)" 
223.240.32.133 - - [30/May/2016:13:22:03 -0700] "GET /honeypot/bsidesdfw%20-%202014.ipynb HTTP/1.0" 404 284 "http://www.secrepo.com/honeypot/bsidesdfw - 2014.ipynb" "Mozilla/4.0 (compatible; MSIE 6.0; Windows NT 5.1; SV1; .NET CLR 2.0.50727)" 
223.240.32.133 - - [30/May/2016:13:21:59 -0700] "GET /maccdc2012/ssh.log.gz HTTP/1.0" 200 138240 "http://www.secrepo.com/maccdc2012/ssh.log.gz" "Mozilla/4.0 (compatible; MSIE 6.0; Windows NT 5.1; SV1; .NET CLR 2.0.50727)" 
223.240.32.133 - - [30/May/2016:13:22:04 -0700] "GET / HTTP/1.0" 301 461 "http://secrepo.com" "Mozilla/4.0 (compatible; MSIE 6.0; Windows NT 5.1; SV1; .NET CLR 2.0.50727)" 
223.240.32.133 - - [30/May/2016:13:21:59 -0700] "GET /maccdc2012/ssl.log.gz HTTP/1.0" 200 138240 "http://www.secrepo.com/maccdc2012/ssl.log.gz" "Mozilla/4.0 (compatible; MSIE 6.0; Windows NT 5.1; SV1; .NET CLR 2.0.50727)" 
223.240.32.133 - - [30/May/2016:13:22:04 -0700] "GET / HTTP/1.0" 301 461 "http://secrepo.com" "Mozilla/4.0 (compatible; MSIE 6.0; Windows NT 5.1; SV1; .NET CLR 2.0.50727)" 
223.240.32.133 - - [30/May/2016:13:22:04 -0700] "GET / HTTP/1.0" 301 461 "http://secrepo.com" "Mozilla/4.0 (compatible; MSIE 6.0; Windows NT 5.1; SV1; .NET CLR 2.0.50727)" 
223.240.32.133 - - [30/May/2016:13:22:04 -0700] "GET / HTTP/1.0" 301 461 "http://secrepo.com" "Mozilla/4.0 (compatible; MSIE 6.0; Windows NT 5.1; SV1; .NET CLR 2.0.50727)" 
223.240.32.133 - - [30/May/2016:13:22:04 -0700] "GET / HTTP/1.0" 301 461 "http://secrepo.com" "Mozilla/4.0 (compatible; MSIE 6.0; Windows NT 5.1; SV1; .NET CLR 2.0.50727)" 
223.240.32.133 - - [30/May/2016:13:22:05 -0700] "GET / HTTP/1.0" 301 461 "http://secrepo.com" "Mozilla/4.0 (compatible; MSIE 6.0; Windows NT 5.1; SV1; .NET CLR 2.0.50727)" 
223.240.32.133 - - [30/May/2016:13:22:05 -0700] "GET /ftp://download.iwlab.foi.se/dataset/ HTTP/1.0" 404 284 "http://www.secrepo.com/ftp://download.iwlab.foi.se/dataset/" "Mozilla/4.0 (compatible; MSIE 6.0; Windows NT 5.1; SV1; .NET CLR 2.0.50727)" 
223.240.32.133 - - [30/May/2016:13:22:05 -0700] "GET / HTTP/1.0" 301 461 "http://secrepo.com" "Mozilla/4.0 (compatible; MSIE 6.0; Windows NT 5.1; SV1; .NET CLR 2.0.50727)" 
223.240.32.133 - - [30/May/2016:13:22:05 -0700] "GET / HTTP/1.0" 301 461 "http://secrepo.com" "Mozilla/4.0 (compatible; MSIE 6.0; Windows NT 5.1; SV1; .NET CLR 2.0.50727)" 
223.240.32.133 - - [30/May/2016:13:22:05 -0700] "GET / HTTP/1.0" 301 461 "http://secrepo.com" "Mozilla/4.0 (compatible; MSIE 6.0; Windows NT 5.1; SV1; .NET CLR 2.0.50727)" 
223.240.32.133 - - [30/May/2016:13:22:01 -0700] "GET /maccdc2012/weird.log.gz HTTP/1.0" 200 192960 "http://www.secrepo.com/maccdc2012/weird.log.gz" "Mozilla/4.0 (compatible; MSIE 6.0; Windows NT 5.1; SV1; .NET CLR 2.0.50727)" 
223.240.32.133 - - [30/May/2016:13:22:06 -0700] "GET / HTTP/1.0" 301 461 "http://secrepo.com" "Mozilla/4.0 (compatible; MSIE 6.0; Windows NT 5.1; SV1; .NET CLR 2.0.50727)" 
