84.104.82.97 - - [30/Jun/2015:01:52:54 -0700] "GET / HTTP/1.1" 200 7043 "http://www.google.nl/url?sa=t&rct=j&q=&esrc=s&source=web&cd=1&ved=0CCIQFjAA&url=http%3A%2F%2Fwww.secrepo.com%2F&ei=4liSVY3ABubmyQPY776YBw&usg=AFQjCNHeQikQ6r63vtqWKlBvSenYpdB4dQ&sig2=HWnGtwULjLwuqnmW36FGKA&bvm=bv.96783405,d.bGQ" "Mozilla/5.0 (X11; Linux x86_64; rv:31.0) Gecko/20100101 Firefox/31.0 Iceweasel/31.7.0" 
84.104.82.97 - - [30/Jun/2015:01:52:54 -0700] "GET /bootstrap/img/favicon.ico HTTP/1.1" 200 589 "-" "Mozilla/5.0 (X11; Linux x86_64; rv:31.0) Gecko/20100101 Firefox/31.0 Iceweasel/31.7.0" 
84.104.82.97 - - [30/Jun/2015:01:52:54 -0700] "GET /twitter-icon.png HTTP/1.1" 200 27787 "http://www.secrepo.com/" "Mozilla/5.0 (X11; Linux x86_64; rv:31.0) Gecko/20100101 Firefox/31.0 Iceweasel/31.7.0" 
84.104.82.97 - - [30/Jun/2015:01:52:54 -0700] "GET /GitHub-Mark.png HTTP/1.1" 200 7428 "http://www.secrepo.com/" "Mozilla/5.0 (X11; Linux x86_64; rv:31.0) Gecko/20100101 Firefox/31.0 Iceweasel/31.7.0" 
84.104.82.97 - - [30/Jun/2015:01:55:59 -0700] "GET /maccdc2012/dhcp.log.gz HTTP/1.1" 200 45019 "http://www.secrepo.com/" "Mozilla/5.0 (X11; Linux x86_64; rv:31.0) Gecko/20100101 Firefox/31.0 Iceweasel/31.7.0" 
84.104.82.97 - - [30/Jun/2015:01:56:05 -0700] "GET /maccdc2012/dns.log.gz HTTP/1.1" 200 6629420 "http://www.secrepo.com/" "Mozilla/5.0 (X11; Linux x86_64; rv:31.0) Gecko/20100101 Firefox/31.0 Iceweasel/31.7.0" 
84.104.82.97 - - [30/Jun/2015:01:56:11 -0700] "GET /maccdc2012/files.log.gz HTTP/1.1" 200 19122594 "http://www.secrepo.com/" "Mozilla/5.0 (X11; Linux x86_64; rv:31.0) Gecko/20100101 Firefox/31.0 Iceweasel/31.7.0" 
84.104.82.97 - - [30/Jun/2015:01:55:34 -0700] "GET /maccdc2012/conn.log.gz HTTP/1.1" 200 551041635 "http://www.secrepo.com/" "Mozilla/5.0 (X11; Linux x86_64; rv:31.0) Gecko/20100101 Firefox/31.0 Iceweasel/31.7.0" 
84.104.82.97 - - [30/Jun/2015:02:10:51 -0700] "GET /maccdc2012/dhcp.log.gz HTTP/1.1" 200 45019 "http://www.secrepo.com/" "Mozilla/5.0 (X11; Linux x86_64; rv:31.0) Gecko/20100101 Firefox/31.0 Iceweasel/31.7.0" 
188.165.15.192 - - [30/Jun/2015:02:13:28 -0700] "GET /self.logs/?C=M;O=A HTTP/1.1" 200 3836 "-" "Mozilla/5.0 (compatible; AhrefsBot/5.0; +http://ahrefs.com/robot/)" 
188.165.15.192 - - [30/Jun/2015:02:22:24 -0700] "GET /self.logs/error.log.2015-06-17.gz HTTP/1.1" 200 1096 "-" "Mozilla/5.0 (compatible; AhrefsBot/5.0; +http://ahrefs.com/robot/)" 
62.207.60.228 - - [30/Jun/2015:02:24:06 -0700] "GET /maccdc2012/dhcp.log.gz HTTP/1.1" 200 44982 "http://www.secrepo.com/" "Mozilla/5.0 (Windows NT 6.1; rv:38.0) Gecko/20100101 Firefox/38.0" 
62.207.60.228 - - [30/Jun/2015:02:24:16 -0700] "GET /maccdc2012/dhcp.log.gz HTTP/1.1" 200 44982 "http://www.secrepo.com/" "Mozilla/5.0 (Windows NT 6.1; rv:38.0) Gecko/20100101 Firefox/38.0" 
84.104.82.97 - - [30/Jun/2015:02:31:31 -0700] "GET /maccdc2012/dhcp.log.gz HTTP/1.1" 200 45019 "http://www.secrepo.com/" "Mozilla/5.0 (X11; Linux x86_64; rv:31.0) Gecko/20100101 Firefox/31.0 Iceweasel/31.7.0" 
84.104.82.97 - - [30/Jun/2015:02:33:42 -0700] "GET /maccdc2012/conn.log.gz HTTP/1.1" 200 551041635 "http://www.secrepo.com/" "Mozilla/5.0 (X11; Linux x86_64; rv:31.0) Gecko/20100101 Firefox/31.0 Iceweasel/31.7.0" 
84.104.82.97 - - [30/Jun/2015:02:43:11 -0700] "GET /maccdc2012/dns.log.gz HTTP/1.1" 200 6629420 "http://www.secrepo.com/" "Mozilla/5.0 (X11; Linux x86_64; rv:31.0) Gecko/20100101 Firefox/31.0 Iceweasel/31.7.0" 
84.104.82.97 - - [30/Jun/2015:02:43:30 -0700] "GET /maccdc2012/files.log.gz HTTP/1.1" 200 51408672 "http://www.secrepo.com/" "Mozilla/5.0 (X11; Linux x86_64; rv:31.0) Gecko/20100101 Firefox/31.0 Iceweasel/31.7.0" 
84.104.82.97 - - [30/Jun/2015:02:44:05 -0700] "GET /maccdc2012/ftp.log.gz HTTP/1.1" 200 128116 "http://www.secrepo.com/" "Mozilla/5.0 (X11; Linux x86_64; rv:31.0) Gecko/20100101 Firefox/31.0 Iceweasel/31.7.0" 
84.104.82.97 - - [30/Jun/2015:02:44:11 -0700] "GET /maccdc2012/http.log.gz HTTP/1.1" 200 54258816 "http://www.secrepo.com/" "Mozilla/5.0 (X11; Linux x86_64; rv:31.0) Gecko/20100101 Firefox/31.0 Iceweasel/31.7.0" 
199.59.148.211 - - [30/Jun/2015:02:47:00 -0700] "GET /robots.txt HTTP/1.1" 200 304 "-" "Twitterbot/1.0" 
199.59.148.211 - - [30/Jun/2015:02:47:00 -0700] "GET /honeypot/Honeypot%20-%20Howto.pdf HTTP/1.1" 200 1279362 "-" "Twitterbot/1.0" 
84.104.82.97 - - [30/Jun/2015:02:47:22 -0700] "GET /maccdc2012/ftp.log.gz HTTP/1.1" 200 128116 "http://www.secrepo.com/" "Mozilla/5.0 (X11; Linux x86_64; rv:31.0) Gecko/20100101 Firefox/31.0 Iceweasel/31.7.0" 
84.104.82.97 - - [30/Jun/2015:02:47:41 -0700] "GET /maccdc2012/notice.log.gz HTTP/1.1" 200 20779 "http://www.secrepo.com/" "Mozilla/5.0 (X11; Linux x86_64; rv:31.0) Gecko/20100101 Firefox/31.0 Iceweasel/31.7.0" 
84.104.82.97 - - [30/Jun/2015:02:47:51 -0700] "GET /maccdc2012/signatures.log.gz HTTP/1.1" 200 605 "http://www.secrepo.com/" "Mozilla/5.0 (X11; Linux x86_64; rv:31.0) Gecko/20100101 Firefox/31.0 Iceweasel/31.7.0" 
84.104.82.97 - - [30/Jun/2015:02:47:56 -0700] "GET /maccdc2012/smtp.log.gz HTTP/1.1" 200 6908 "http://www.secrepo.com/" "Mozilla/5.0 (X11; Linux x86_64; rv:31.0) Gecko/20100101 Firefox/31.0 Iceweasel/31.7.0" 
84.104.82.97 - - [30/Jun/2015:02:48:00 -0700] "GET /maccdc2012/ssh.log.gz HTTP/1.1" 200 182517 "http://www.secrepo.com/" "Mozilla/5.0 (X11; Linux x86_64; rv:31.0) Gecko/20100101 Firefox/31.0 Iceweasel/31.7.0" 
84.104.82.97 - - [30/Jun/2015:02:48:10 -0700] "GET /maccdc2012/tunnel.log.gz HTTP/1.1" 200 5229 "http://www.secrepo.com/" "Mozilla/5.0 (X11; Linux x86_64; rv:31.0) Gecko/20100101 Firefox/31.0 Iceweasel/31.7.0" 
84.104.82.97 - - [30/Jun/2015:02:48:05 -0700] "GET /maccdc2012/ssl.log.gz HTTP/1.1" 200 1313675 "http://www.secrepo.com/" "Mozilla/5.0 (X11; Linux x86_64; rv:31.0) Gecko/20100101 Firefox/31.0 Iceweasel/31.7.0" 
84.104.82.97 - - [30/Jun/2015:02:48:15 -0700] "GET /maccdc2012/weird.log.gz HTTP/1.1" 200 1242777 "http://www.secrepo.com/" "Mozilla/5.0 (X11; Linux x86_64; rv:31.0) Gecko/20100101 Firefox/31.0 Iceweasel/31.7.0" 
84.104.82.97 - - [30/Jun/2015:02:48:28 -0700] "GET /tg/a.zip HTTP/1.1" 200 66189337 "http://www.secrepo.com/" "Mozilla/5.0 (X11; Linux x86_64; rv:31.0) Gecko/20100101 Firefox/31.0 Iceweasel/31.7.0" 
84.104.82.97 - - [30/Jun/2015:02:49:31 -0700] "GET /tg/b.zip HTTP/1.1" 200 42298164 "http://www.secrepo.com/" "Mozilla/5.0 (X11; Linux x86_64; rv:31.0) Gecko/20100101 Firefox/31.0 Iceweasel/31.7.0" 
84.104.82.97 - - [30/Jun/2015:02:50:39 -0700] "GET /tg/c.zip HTTP/1.1" 200 63359118 "http://www.secrepo.com/" "Mozilla/5.0 (X11; Linux x86_64; rv:31.0) Gecko/20100101 Firefox/31.0 Iceweasel/31.7.0" 
89.185.154.118 - - [30/Jun/2015:02:52:22 -0700] "GET / HTTP/1.1" 200 7043 "http://www2.mlsecproject.org/" "Mozilla/5.0 (Macintosh; Intel Mac OS X 10_10_3) AppleWebKit/600.6.3 (KHTML, like Gecko) Version/8.0.6 Safari/600.6.3" 
89.185.154.118 - - [30/Jun/2015:02:52:22 -0700] "GET /twitter-icon.png HTTP/1.1" 200 27787 "http://www.secrepo.com/" "Mozilla/5.0 (Macintosh; Intel Mac OS X 10_10_3) AppleWebKit/600.6.3 (KHTML, like Gecko) Version/8.0.6 Safari/600.6.3" 
89.185.154.118 - - [30/Jun/2015:02:52:23 -0700] "GET /GitHub-Mark.png HTTP/1.1" 200 7428 "http://www.secrepo.com/" "Mozilla/5.0 (Macintosh; Intel Mac OS X 10_10_3) AppleWebKit/600.6.3 (KHTML, like Gecko) Version/8.0.6 Safari/600.6.3" 
89.185.154.118 - - [30/Jun/2015:02:52:23 -0700] "GET /bootstrap/img/favicon.ico HTTP/1.1" 200 590 "http://www.secrepo.com/" "Mozilla/5.0 (Macintosh; Intel Mac OS X 10_10_3) AppleWebKit/600.6.3 (KHTML, like Gecko) Version/8.0.6 Safari/600.6.3" 
180.76.15.14 - - [30/Jun/2015:03:27:03 -0700] "GET / HTTP/1.1" 200 21900 "-" "Mozilla/5.0 (compatible; Baiduspider/2.0; +http://www.baidu.com/search/spider.html)" 
180.76.15.149 - - [30/Jun/2015:03:27:28 -0700] "GET / HTTP/1.1" 200 21900 "-" "Mozilla/5.0 (compatible; Baiduspider/2.0; +http://www.baidu.com/search/spider.html)" 
91.220.59.27 - - [30/Jun/2015:03:39:26 -0700] "GET / HTTP/1.1" 200 7043 "-" "Mozilla/5.0 (Windows NT 6.1; Win64; x64) AppleWebKit/537.36 (KHTML, like Gecko) Chrome/43.0.2357.130 Safari/537.36" 
91.220.59.27 - - [30/Jun/2015:03:39:27 -0700] "GET /twitter-icon.png HTTP/1.1" 200 27787 "http://www.secrepo.com/" "Mozilla/5.0 (Windows NT 6.1; Win64; x64) AppleWebKit/537.36 (KHTML, like Gecko) Chrome/43.0.2357.130 Safari/537.36" 
91.220.59.27 - - [30/Jun/2015:03:39:27 -0700] "GET /GitHub-Mark.png HTTP/1.1" 200 7428 "http://www.secrepo.com/" "Mozilla/5.0 (Windows NT 6.1; Win64; x64) AppleWebKit/537.36 (KHTML, like Gecko) Chrome/43.0.2357.130 Safari/537.36" 
104.255.67.238 - - [30/Jun/2015:04:03:19 -0700] "GET /robots.txt HTTP/1.0" 200 252 "-" "Mozilla/5.0 (compatible; MJ12bot/v1.4.5; http://www.majestic12.co.uk/bot.php?+)" 
104.255.67.238 - - [30/Jun/2015:04:03:21 -0700] "GET /honeypot//%22http://amunhoney.sourceforge.net//%22 HTTP/1.0" 404 284 "-" "Mozilla/5.0 (compatible; MJ12bot/v1.4.5; http://www.majestic12.co.uk/bot.php?+)" 
104.255.67.238 - - [30/Jun/2015:04:03:21 -0700] "GET /robots.txt HTTP/1.0" 200 252 "-" "Mozilla/5.0 (compatible; MJ12bot/v1.4.5; http://www.majestic12.co.uk/bot.php?+)" 
104.255.67.238 - - [30/Jun/2015:04:03:23 -0700] "GET /honeypot//%22http://glastopf.org//%22 HTTP/1.0" 404 303 "-" "Mozilla/5.0 (compatible; MJ12bot/v1.4.5; http://www.majestic12.co.uk/bot.php?+)" 
104.255.67.238 - - [30/Jun/2015:04:03:23 -0700] "GET /honeypot//%22http://amunhoney.sourceforge.net//%22 HTTP/1.0" 404 284 "-" "Mozilla/5.0 (compatible; MJ12bot/v1.4.5; http://www.majestic12.co.uk/bot.php?+)" 
104.255.67.238 - - [30/Jun/2015:04:03:25 -0700] "GET /honeypot//%22http://www.maxmind.com/%22 HTTP/1.0" 404 303 "-" "Mozilla/5.0 (compatible; MJ12bot/v1.4.5; http://www.majestic12.co.uk/bot.php?+)" 
104.255.67.238 - - [30/Jun/2015:04:03:25 -0700] "GET /honeypot//%22http://glastopf.org//%22 HTTP/1.0" 404 303 "-" "Mozilla/5.0 (compatible; MJ12bot/v1.4.5; http://www.majestic12.co.uk/bot.php?+)" 
104.255.67.238 - - [30/Jun/2015:04:03:26 -0700] "GET /honeypot//%22https://twitter.com/sooshie/%22 HTTP/1.0" 404 303 "-" "Mozilla/5.0 (compatible; MJ12bot/v1.4.5; http://www.majestic12.co.uk/bot.php?+)" 
104.255.67.238 - - [30/Jun/2015:04:03:27 -0700] "GET /honeypot//%22http://www.maxmind.com/%22 HTTP/1.0" 404 303 "-" "Mozilla/5.0 (compatible; MJ12bot/v1.4.5; http://www.majestic12.co.uk/bot.php?+)" 
104.255.67.238 - - [30/Jun/2015:04:03:28 -0700] "GET /honeypot//%22https://twitter.com/theroxyd/%22 HTTP/1.0" 404 303 "-" "Mozilla/5.0 (compatible; MJ12bot/v1.4.5; http://www.majestic12.co.uk/bot.php?+)" 
104.255.67.238 - - [30/Jun/2015:04:03:28 -0700] "GET /honeypot//%22https://twitter.com/sooshie/%22 HTTP/1.0" 404 303 "-" "Mozilla/5.0 (compatible; MJ12bot/v1.4.5; http://www.majestic12.co.uk/bot.php?+)" 
104.255.67.238 - - [30/Jun/2015:04:03:31 -0700] "GET /honeypot//%22https://twitter.com/theroxyd/%22 HTTP/1.0" 404 303 "-" "Mozilla/5.0 (compatible; MJ12bot/v1.4.5; http://www.majestic12.co.uk/bot.php?+)" 
104.130.161.114 - - [30/Jun/2015:04:05:46 -0700] "GET /robots.txt HTTP/1.1" 301 446 "-" "Tornado-Async-Client" 
104.130.161.114 - - [30/Jun/2015:04:05:46 -0700] "GET /robots.txt HTTP/1.1" 200 304 "-" "Tornado-Async-Client" 
104.130.161.114 - - [30/Jun/2015:04:05:46 -0700] "GET /honeypot/BSidesDFW%20-%202014.ipynb HTTP/1.1" 301 484 "-" "Tornado-Async-Client" 
104.130.161.114 - - [30/Jun/2015:04:05:46 -0700] "GET /honeypot/BSidesDFW%20-%202014.ipynb HTTP/1.1" 200 930780 "-" "Tornado-Async-Client" 
89.185.154.118 - - [30/Jun/2015:04:17:06 -0700] "GET /self.logs/ HTTP/1.1" 200 3807 "http://www.secrepo.com/" "Mozilla/5.0 (Macintosh; Intel Mac OS X 10_10_3) AppleWebKit/600.6.3 (KHTML, like Gecko) Version/8.0.6 Safari/600.6.3" 
89.185.154.118 - - [30/Jun/2015:04:17:06 -0700] "GET /favicon.ico HTTP/1.1" 200 268 "http://www.secrepo.com/self.logs/" "Mozilla/5.0 (Macintosh; Intel Mac OS X 10_10_3) AppleWebKit/600.6.3 (KHTML, like Gecko) Version/8.0.6 Safari/600.6.3" 
89.185.154.118 - - [30/Jun/2015:04:17:12 -0700] "GET /self.logs/access.log.2015-01-17.gz HTTP/1.1" 200 3597 "http://www.secrepo.com/self.logs/" "Mozilla/5.0 (Macintosh; Intel Mac OS X 10_10_3) AppleWebKit/600.6.3 (KHTML, like Gecko) Version/8.0.6 Safari/600.6.3" 
182.118.20.211 - - [30/Jun/2015:04:22:08 -0700] "GET /robots.txt HTTP/1.1" 200 334 "http://www.secrepo.com/robots.txt" "Mozilla/5.0 (compatible; MSIE 9.0; Windows NT 6.1; Trident/5.0); 360Spider(compatible; HaosouSpider; http://www.haosou.com/help/help_3_2.html)" 
199.59.148.209 - - [30/Jun/2015:04:30:59 -0700] "GET /robots.txt HTTP/1.1" 200 304 "-" "Twitterbot/1.0" 
199.59.148.209 - - [30/Jun/2015:04:30:59 -0700] "GET /honeypot/Honeypot%20-%20Howto.pdf HTTP/1.1" 200 1279362 "-" "Twitterbot/1.0" 
199.59.148.210 - - [30/Jun/2015:05:35:05 -0700] "GET /robots.txt HTTP/1.1" 200 304 "-" "Twitterbot/1.0" 
199.59.148.210 - - [30/Jun/2015:05:35:05 -0700] "GET /honeypot/Honeypot%20-%20Howto.pdf HTTP/1.1" 200 1279362 "-" "Twitterbot/1.0" 
104.130.161.114 - - [30/Jun/2015:06:04:12 -0700] "GET /robots.txt HTTP/1.1" 301 446 "-" "Tornado-Async-Client" 
104.130.161.114 - - [30/Jun/2015:06:04:12 -0700] "GET /robots.txt HTTP/1.1" 200 304 "-" "Tornado-Async-Client" 
104.130.161.114 - - [30/Jun/2015:06:04:12 -0700] "GET /honeypot/BSidesDFW%20-%202014.ipynb HTTP/1.1" 301 484 "-" "Tornado-Async-Client" 
104.130.161.114 - - [30/Jun/2015:06:04:12 -0700] "GET /honeypot/BSidesDFW%20-%202014.ipynb HTTP/1.1" 200 930780 "-" "Tornado-Async-Client" 
203.133.170.203 - - [30/Jun/2015:06:06:47 -0700] "GET / HTTP/1.1" 200 7043 "-" "Mozilla/5.0 (compatible; MSIE or Firefox mutant; not on Windows server;) Daumoa/4.0" 
111.206.52.124 - - [30/Jun/2015:06:19:57 -0700] "GET / HTTP/1.1" 200 7043 "-" "Mozilla/5.0 (iPhone; CPU iPhone OS 7_0 like Mac OS X; en-us) AppleWebKit/537.51.1 (KHTML, like Gecko) Version/7.0 Mobile/11A465 Safari/9537.53" 
192.148.197.11 - - [30/Jun/2015:06:29:08 -0700] "GET / HTTP/1.1" 200 7043 "http://www2.mlsecproject.org/" "Mozilla/5.0 (Windows NT 6.1; WOW64) AppleWebKit/537.36 (KHTML, like Gecko) Chrome/43.0.2357.130 Safari/537.36" 
192.148.197.11 - - [30/Jun/2015:06:29:08 -0700] "GET /twitter-icon.png HTTP/1.1" 200 27787 "http://www.secrepo.com/" "Mozilla/5.0 (Windows NT 6.1; WOW64) AppleWebKit/537.36 (KHTML, like Gecko) Chrome/43.0.2357.130 Safari/537.36" 
192.148.197.11 - - [30/Jun/2015:06:29:08 -0700] "GET /GitHub-Mark.png HTTP/1.1" 200 7427 "http://www.secrepo.com/" "Mozilla/5.0 (Windows NT 6.1; WOW64) AppleWebKit/537.36 (KHTML, like Gecko) Chrome/43.0.2357.130 Safari/537.36" 
192.148.197.11 - - [30/Jun/2015:06:29:08 -0700] "GET /bootstrap/img/favicon.ico HTTP/1.1" 200 589 "http://www.secrepo.com/" "Mozilla/5.0 (Windows NT 6.1; WOW64) AppleWebKit/537.36 (KHTML, like Gecko) Chrome/43.0.2357.130 Safari/537.36" 
31.55.13.178 - - [30/Jun/2015:06:46:08 -0700] "GET / HTTP/1.1" 200 7043 "http://www2.mlsecproject.org/" "Mozilla/5.0 (Macintosh; Intel Mac OS X 10_9_5) AppleWebKit/537.36 (KHTML, like Gecko) Chrome/43.0.2357.130 Safari/537.36" 
31.55.13.178 - - [30/Jun/2015:06:46:08 -0700] "GET /twitter-icon.png HTTP/1.1" 200 27787 "http://www.secrepo.com/" "Mozilla/5.0 (Macintosh; Intel Mac OS X 10_9_5) AppleWebKit/537.36 (KHTML, like Gecko) Chrome/43.0.2357.130 Safari/537.36" 
31.55.13.178 - - [30/Jun/2015:06:46:08 -0700] "GET /GitHub-Mark.png HTTP/1.1" 200 7428 "http://www.secrepo.com/" "Mozilla/5.0 (Macintosh; Intel Mac OS X 10_9_5) AppleWebKit/537.36 (KHTML, like Gecko) Chrome/43.0.2357.130 Safari/537.36" 
31.55.13.178 - - [30/Jun/2015:06:46:08 -0700] "GET /bootstrap/img/favicon.ico HTTP/1.1" 200 589 "http://www.secrepo.com/" "Mozilla/5.0 (Macintosh; Intel Mac OS X 10_9_5) AppleWebKit/537.36 (KHTML, like Gecko) Chrome/43.0.2357.130 Safari/537.36" 
31.55.13.178 - - [30/Jun/2015:06:46:43 -0700] "GET /self.logs/ HTTP/1.1" 200 3827 "http://www.secrepo.com/" "Mozilla/5.0 (Macintosh; Intel Mac OS X 10_9_5) AppleWebKit/537.36 (KHTML, like Gecko) Chrome/43.0.2357.130 Safari/537.36" 
31.55.13.178 - - [30/Jun/2015:06:46:44 -0700] "GET /favicon.ico HTTP/1.1" 200 267 "http://www.secrepo.com/self.logs/" "Mozilla/5.0 (Macintosh; Intel Mac OS X 10_9_5) AppleWebKit/537.36 (KHTML, like Gecko) Chrome/43.0.2357.130 Safari/537.36" 
31.55.13.178 - - [30/Jun/2015:06:47:07 -0700] "GET /self.logs/access.log.2015-01-18.gz HTTP/1.1" 200 3472 "http://www.secrepo.com/self.logs/" "Mozilla/5.0 (Macintosh; Intel Mac OS X 10_9_5) AppleWebKit/537.36 (KHTML, like Gecko) Chrome/43.0.2357.130 Safari/537.36" 
31.55.13.178 - - [30/Jun/2015:06:46:50 -0700] "GET /Security-Data-Analysis/Lab_1/conn.log.zip HTTP/1.1" 200 549098528 "http://www.secrepo.com/" "Mozilla/5.0 (Macintosh; Intel Mac OS X 10_9_5) AppleWebKit/537.36 (KHTML, like Gecko) Chrome/43.0.2357.130 Safari/537.36" 
123.201.198.69 - - [30/Jun/2015:07:05:26 -0700] "GET / HTTP/1.1" 200 7043 "http://www2.mlsecproject.org/" "Mozilla/5.0 (Windows NT 6.1; WOW64) AppleWebKit/537.36 (KHTML, like Gecko) Chrome/43.0.2357.130 Safari/537.36" 
123.201.198.69 - - [30/Jun/2015:07:05:26 -0700] "GET /twitter-icon.png HTTP/1.1" 200 27787 "http://www.secrepo.com/" "Mozilla/5.0 (Windows NT 6.1; WOW64) AppleWebKit/537.36 (KHTML, like Gecko) Chrome/43.0.2357.130 Safari/537.36" 
123.201.198.69 - - [30/Jun/2015:07:05:27 -0700] "GET /GitHub-Mark.png HTTP/1.1" 200 7427 "http://www.secrepo.com/" "Mozilla/5.0 (Windows NT 6.1; WOW64) AppleWebKit/537.36 (KHTML, like Gecko) Chrome/43.0.2357.130 Safari/537.36" 
199.59.148.211 - - [30/Jun/2015:07:11:07 -0700] "GET /robots.txt HTTP/1.1" 200 304 "-" "Twitterbot/1.0" 
199.59.148.211 - - [30/Jun/2015:07:11:07 -0700] "GET /honeypot/Honeypot%20-%20Howto.pdf HTTP/1.1" 200 1279362 "-" "Twitterbot/1.0" 
104.207.192.98 - - [30/Jun/2015:07:41:40 -0700] "GET / HTTP/1.1" 301 483 "https://www.linkedin.com/" "Mozilla/5.0 (Windows NT 6.3; WOW64) AppleWebKit/537.36 (KHTML, like Gecko) Chrome/43.0.2357.130 Safari/537.36" 
104.207.192.98 - - [30/Jun/2015:07:41:40 -0700] "GET / HTTP/1.1" 200 7043 "https://www.linkedin.com/" "Mozilla/5.0 (Windows NT 6.3; WOW64) AppleWebKit/537.36 (KHTML, like Gecko) Chrome/43.0.2357.130 Safari/537.36" 
104.207.192.98 - - [30/Jun/2015:07:41:40 -0700] "GET /twitter-icon.png HTTP/1.1" 200 27787 "http://www.secrepo.com/" "Mozilla/5.0 (Windows NT 6.3; WOW64) AppleWebKit/537.36 (KHTML, like Gecko) Chrome/43.0.2357.130 Safari/537.36" 
104.207.192.98 - - [30/Jun/2015:07:41:40 -0700] "GET /GitHub-Mark.png HTTP/1.1" 200 7428 "http://www.secrepo.com/" "Mozilla/5.0 (Windows NT 6.3; WOW64) AppleWebKit/537.36 (KHTML, like Gecko) Chrome/43.0.2357.130 Safari/537.36" 
104.207.192.98 - - [30/Jun/2015:07:41:40 -0700] "GET /bootstrap/img/favicon.ico HTTP/1.1" 200 589 "http://www.secrepo.com/" "Mozilla/5.0 (Windows NT 6.3; WOW64) AppleWebKit/537.36 (KHTML, like Gecko) Chrome/43.0.2357.130 Safari/537.36" 
195.216.213.155 - - [30/Jun/2015:07:53:50 -0700] "GET /honeypot/BSidesDFW%20-%202014.ipynb HTTP/1.0" 200 930799 "http://krasivienomera.com.ua/##1238932758105910351351" "Mozilla/5.0 (Windows NT 6.3; WOW64; rv:36.0) Gecko/20100101 Firefox/36.0" 
195.216.213.155 - - [30/Jun/2015:07:54:13 -0700] "GET /honeypot/BSidesDFW%20-%202014.ipynb HTTP/1.0" 200 46720 "http://krasivienomera.com.ua/##1238932758105910351351" "Mozilla/5.0 (Windows NT 6.1; rv:37.0) Gecko/20100101 Firefox/37.0" 
195.216.213.155 - - [30/Jun/2015:07:54:14 -0700] "GET /honeypot/BSidesDFW%20-%202014.ipynb HTTP/1.0" 200 46720 "http://krasivienomera.com.ua/##1238932758105910351351" "Mozilla/5.0 (Windows NT 5.1) AppleWebKit/537.36 (KHTML, like Gecko) Chrome/40.0.2214.115 YaBrowser/15.2.2214.3645 Safari/537.36" 
195.216.213.155 - - [30/Jun/2015:07:54:15 -0700] "GET /honeypot/BSidesDFW%20-%202014.ipynb HTTP/1.0" 200 46720 "http://krasivienomera.com.ua/##1238932758105910351351" "Mozilla/5.0 (Windows NT 6.1) AppleWebKit/537.36 (KHTML, like Gecko) Chrome/41.0.2272.101 Safari/537.36" 
195.216.213.155 - - [30/Jun/2015:07:54:15 -0700] "GET /honeypot/BSidesDFW%20-%202014.ipynb HTTP/1.0" 200 46720 "http://krasivienomera.com.ua/##1238932758105910351351" "Mozilla/5.0 (Windows NT 6.3; WOW64; rv:36.0) Gecko/20100101 Firefox/36.0" 
199.59.148.210 - - [30/Jun/2015:07:59:09 -0700] "GET /robots.txt HTTP/1.1" 200 304 "-" "Twitterbot/1.0" 
199.59.148.210 - - [30/Jun/2015:07:59:09 -0700] "GET /honeypot/Honeypot%20-%20Howto.pdf HTTP/1.1" 200 1279362 "-" "Twitterbot/1.0" 
46.229.164.102 - - [30/Jun/2015:08:42:39 -0700] "GET / HTTP/1.1" 200 7006 "-" "Mozilla/5.0 (compatible; SemrushBot/0.98~bl; +http://www.semrush.com/bot.html)" 
113.66.40.234 - - [30/Jun/2015:09:05:55 -0700] "GET /honeypot/BSidesDFW HTTP/1.1" 404 340 "-" "Mozilla/4.0 (compatible; MSIE 6.0; Windows NT 5.1; SV1;)" 
199.16.156.124 - - [30/Jun/2015:09:27:42 -0700] "GET /robots.txt HTTP/1.1" 200 304 "-" "Twitterbot/1.0" 
199.16.156.125 - - [30/Jun/2015:09:27:42 -0700] "GET /robots.txt HTTP/1.1" 200 304 "-" "Twitterbot/1.0" 
199.16.156.124 - - [30/Jun/2015:09:27:42 -0700] "GET /honeypot/honeypot.json.zip HTTP/1.1" 200 4631817 "-" "Twitterbot/1.0" 
199.16.156.125 - - [30/Jun/2015:09:27:42 -0700] "GET /honeypot/Honeypot%20-%20Howto%20-%20BSides%20Austin.pdf HTTP/1.1" 200 2928404 "-" "Twitterbot/1.0" 
199.59.148.209 - - [30/Jun/2015:10:24:19 -0700] "GET /robots.txt HTTP/1.1" 200 304 "-" "Twitterbot/1.0" 
199.59.148.209 - - [30/Jun/2015:10:24:19 -0700] "GET /honeypot/Honeypot%20-%20Howto.pdf HTTP/1.1" 200 1279362 "-" "Twitterbot/1.0" 
180.76.15.29 - - [30/Jun/2015:10:39:29 -0700] "GET / HTTP/1.1" 200 21900 "-" "Mozilla/5.0 (compatible; Baiduspider/2.0; +http://www.baidu.com/search/spider.html)" 
180.76.15.156 - - [30/Jun/2015:10:39:57 -0700] "GET / HTTP/1.1" 200 21900 "-" "Mozilla/5.0 (compatible; Baiduspider/2.0; +http://www.baidu.com/search/spider.html)" 
192.34.59.45 - - [30/Jun/2015:10:46:27 -0700] "GET / HTTP/1.1" 301 446 "-" "CRAZYWEBCRAWLER 0.9.4, http://www.crazywebcrawler.com" 
192.34.59.45 - - [30/Jun/2015:10:46:27 -0700] "GET / HTTP/1.1" 200 7006 "-" "CRAZYWEBCRAWLER 0.9.4, http://www.crazywebcrawler.com" 
8.28.16.254 - - [30/Jun/2015:11:02:37 -0700] "GET / HTTP/1.1" 200 23010 "-" "Mozilla/4.0 (compatible; MSIE 7.0; Windows NT 5.1; InfoPath.1; .NET CLR 2.0.50727; .NET CLR 1.1.4322; MS-RTC LM 8; .NET CLR 3.0.4506.2152; .NET CLR 3.5.30729)" 
199.52.13.129 - - [30/Jun/2015:11:02:37 -0700] "GET / HTTP/1.1" 200 7043 "-" "Mozilla/5.0 (Windows NT 6.1; WOW64) AppleWebKit/537.36 (KHTML, like Gecko) Chrome/43.0.2357.130 Safari/537.36" 
199.52.13.129 - - [30/Jun/2015:11:02:37 -0700] "GET /twitter-icon.png HTTP/1.1" 200 27787 "http://www.secrepo.com/" "Mozilla/5.0 (Windows NT 6.1; WOW64) AppleWebKit/537.36 (KHTML, like Gecko) Chrome/43.0.2357.130 Safari/537.36" 
199.52.13.129 - - [30/Jun/2015:11:02:38 -0700] "GET /GitHub-Mark.png HTTP/1.1" 200 7427 "http://www.secrepo.com/" "Mozilla/5.0 (Windows NT 6.1; WOW64) AppleWebKit/537.36 (KHTML, like Gecko) Chrome/43.0.2357.130 Safari/537.36" 
8.28.16.254 - - [30/Jun/2015:11:09:19 -0700] "GET / HTTP/1.1" 200 23010 "-" "Mozilla/4.0 (compatible; MSIE 7.0; Windows NT 5.1; InfoPath.1; .NET CLR 2.0.50727; .NET CLR 1.1.4322; MS-RTC LM 8; .NET CLR 3.0.4506.2152; .NET CLR 3.5.30729)" 
198.176.247.51 - - [30/Jun/2015:11:09:19 -0700] "GET / HTTP/1.1" 200 7043 "http://www2.mlsecproject.org/" "Mozilla/5.0 (Windows NT 6.1; WOW64) AppleWebKit/537.36 (KHTML, like Gecko) Chrome/43.0.2357.130 Safari/537.36" 
198.176.247.51 - - [30/Jun/2015:11:09:20 -0700] "GET /twitter-icon.png HTTP/1.1" 200 27787 "http://www.secrepo.com/" "Mozilla/5.0 (Windows NT 6.1; WOW64) AppleWebKit/537.36 (KHTML, like Gecko) Chrome/43.0.2357.130 Safari/537.36" 
198.176.247.51 - - [30/Jun/2015:11:09:20 -0700] "GET /GitHub-Mark.png HTTP/1.1" 200 7428 "http://www.secrepo.com/" "Mozilla/5.0 (Windows NT 6.1; WOW64) AppleWebKit/537.36 (KHTML, like Gecko) Chrome/43.0.2357.130 Safari/537.36" 
198.176.247.51 - - [30/Jun/2015:11:09:21 -0700] "GET /bootstrap/img/favicon.ico HTTP/1.1" 200 589 "http://www.secrepo.com/" "Mozilla/5.0 (Windows NT 6.1; WOW64) AppleWebKit/537.36 (KHTML, like Gecko) Chrome/43.0.2357.130 Safari/537.36" 
150.70.173.50 - - [30/Jun/2015:11:10:31 -0700] "GET / HTTP/1.1" 200 22954 "-" "Mozilla/4.0 (compatible; MSIE 8.0; Windows NT 5.1; Trident/4.0)" 
157.55.39.64 - - [30/Jun/2015:11:14:10 -0700] "GET /self.logs/access.log.2015-01-22.gz HTTP/1.1" 200 2800 "-" "Mozilla/5.0 (compatible; bingbot/2.0; +http://www.bing.com/bingbot.htm)" 
150.70.172.232 - - [30/Jun/2015:11:49:48 -0700] "GET / HTTP/1.1" 200 22954 "-" "Mozilla/4.0 (compatible; MSIE 8.0; Windows NT 5.1; Trident/4.0)" 
199.59.148.211 - - [30/Jun/2015:12:00:20 -0700] "GET /robots.txt HTTP/1.1" 200 304 "-" "Twitterbot/1.0" 
199.59.148.211 - - [30/Jun/2015:12:00:20 -0700] "GET /honeypot/Honeypot%20-%20Howto.pdf HTTP/1.1" 200 1279362 "-" "Twitterbot/1.0" 
46.229.164.101 - - [30/Jun/2015:12:04:45 -0700] "GET /honeypot/Honeypot+-+Howto.pdf HTTP/1.1" 404 303 "-" "Mozilla/5.0 (compatible; SemrushBot/0.98~bl; +http://www.semrush.com/bot.html)" 
198.27.66.185 - - [30/Jun/2015:12:09:30 -0700] "GET /robots.txt HTTP/1.0" 200 252 "-" "Mozilla/5.0 (compatible; MJ12bot/v1.4.5; http://www.majestic12.co.uk/bot.php?+)" 
198.27.66.185 - - [30/Jun/2015:12:09:34 -0700] "GET /honeypot//%22https://twitter.com/theroxyd/%22 HTTP/1.0" 404 284 "-" "Mozilla/5.0 (compatible; MJ12bot/v1.4.5; http://www.majestic12.co.uk/bot.php?+)" 
213.136.70.175 - - [30/Jun/2015:12:09:49 -0700] "GET /wp-admin/ HTTP/1.1" 301 479 "-" "-" 
80.82.115.66 - - [30/Jun/2015:12:19:32 -0700] "GET /test/wp-admin/ HTTP/1.1" 301 489 "-" "-" 
82.225.151.209 - - [30/Jun/2015:12:20:14 -0700] "GET / HTTP/1.1" 200 7043 "http://www2.mlsecproject.org/" "Mozilla/5.0 (Macintosh; Intel Mac OS X 10_9_5) AppleWebKit/537.36 (KHTML, like Gecko) Chrome/43.0.2357.130 Safari/537.36" 
82.225.151.209 - - [30/Jun/2015:12:20:14 -0700] "GET /twitter-icon.png HTTP/1.1" 200 27787 "http://www.secrepo.com/" "Mozilla/5.0 (Macintosh; Intel Mac OS X 10_9_5) AppleWebKit/537.36 (KHTML, like Gecko) Chrome/43.0.2357.130 Safari/537.36" 
82.225.151.209 - - [30/Jun/2015:12:20:15 -0700] "GET /GitHub-Mark.png HTTP/1.1" 200 7427 "http://www.secrepo.com/" "Mozilla/5.0 (Macintosh; Intel Mac OS X 10_9_5) AppleWebKit/537.36 (KHTML, like Gecko) Chrome/43.0.2357.130 Safari/537.36" 
82.225.151.209 - - [30/Jun/2015:12:20:15 -0700] "GET /bootstrap/img/favicon.ico HTTP/1.1" 200 589 "http://www.secrepo.com/" "Mozilla/5.0 (Macintosh; Intel Mac OS X 10_9_5) AppleWebKit/537.36 (KHTML, like Gecko) Chrome/43.0.2357.130 Safari/537.36" 
94.102.9.212 - - [30/Jun/2015:12:29:05 -0700] "GET /wordpress/wp-admin/ HTTP/1.1" 301 499 "-" "-" 
109.173.148.223 - - [30/Jun/2015:12:39:05 -0700] "GET /bootstrap/img/favicon.ico HTTP/1.1" 200 590 "-" "Mozilla/5.0 (X11; Ubuntu; Linux x86_64; rv:38.0) Gecko/20100101 Firefox/38.0" 
50.62.208.198 - - [30/Jun/2015:12:39:13 -0700] "GET /blog/wp-admin/ HTTP/1.1" 301 489 "-" "-" 
199.59.148.209 - - [30/Jun/2015:12:40:21 -0700] "GET /robots.txt HTTP/1.1" 200 304 "-" "Twitterbot/1.0" 
199.59.148.209 - - [30/Jun/2015:12:40:21 -0700] "GET /honeypot/Honeypot%20-%20Howto.pdf HTTP/1.1" 200 1279362 "-" "Twitterbot/1.0" 
199.16.156.125 - - [30/Jun/2015:12:40:36 -0700] "GET /robots.txt HTTP/1.1" 200 304 "-" "Twitterbot/1.0" 
199.16.156.125 - - [30/Jun/2015:12:40:36 -0700] "GET /honeypot/Honeypot%20-%20Howto.pdf HTTP/1.1" 200 1279362 "-" "Twitterbot/1.0" 
202.130.32.210 - - [30/Jun/2015:12:49:34 -0700] "GET /wp/wp-admin/ HTTP/1.1" 301 485 "-" "-" 
109.72.74.166 - - [30/Jun/2015:12:57:31 -0700] "GET / HTTP/1.1" 200 7043 "-" "Mozilla/5.0 (Windows NT 6.3; WOW64) AppleWebKit/537.36 (KHTML, like Gecko) Chrome/43.0.2357.130 Safari/537.36" 
109.72.74.166 - - [30/Jun/2015:12:57:32 -0700] "GET /twitter-icon.png HTTP/1.1" 200 27787 "http://www.secrepo.com/" "Mozilla/5.0 (Windows NT 6.3; WOW64) AppleWebKit/537.36 (KHTML, like Gecko) Chrome/43.0.2357.130 Safari/537.36" 
109.72.74.166 - - [30/Jun/2015:12:57:32 -0700] "GET /GitHub-Mark.png HTTP/1.1" 200 7428 "http://www.secrepo.com/" "Mozilla/5.0 (Windows NT 6.3; WOW64) AppleWebKit/537.36 (KHTML, like Gecko) Chrome/43.0.2357.130 Safari/537.36" 
217.26.52.50 - - [30/Jun/2015:12:58:23 -0700] "GET /old/wp-admin/ HTTP/1.1" 301 487 "-" "-" 
199.59.148.210 - - [30/Jun/2015:13:14:49 -0700] "GET /robots.txt HTTP/1.1" 200 304 "-" "Twitterbot/1.0" 
199.59.148.209 - - [30/Jun/2015:13:14:49 -0700] "GET /robots.txt HTTP/1.1" 200 304 "-" "Twitterbot/1.0" 
199.59.148.209 - - [30/Jun/2015:13:14:49 -0700] "GET /honeypot/Honeypot%20-%20Howto%20-%20BSides%20Austin.pdf HTTP/1.1" 200 2928404 "-" "Twitterbot/1.0" 
199.59.148.210 - - [30/Jun/2015:13:14:49 -0700] "GET /honeypot/honeypot.json.zip HTTP/1.1" 200 4631817 "-" "Twitterbot/1.0" 
198.4.83.52 - - [30/Jun/2015:13:20:54 -0700] "GET /contact HTTP/1.1" 404 340 "http://www.secrepo.com/contact" "Mozilla/5.0 (Windows NT 6.1; Win64; x64; rv:25.0) Gecko/20100101 Firefox/25.0" 
198.4.83.52 - - [30/Jun/2015:13:20:55 -0700] "GET /about HTTP/1.1" 404 340 "http://www.secrepo.com/about" "Mozilla/5.0 (Windows NT 6.1; Win64; x64; rv:25.0) Gecko/20100101 Firefox/25.0" 
198.4.83.52 - - [30/Jun/2015:13:20:55 -0700] "GET / HTTP/1.1" 200 7043 "http://www.secrepo.com/" "Mozilla/5.0 (Windows NT 6.1; Win64; x64; rv:25.0) Gecko/20100101 Firefox/25.0" 
113.66.40.234 - - [30/Jun/2015:13:39:55 -0700] "GET /honeypot/BSidesDFW HTTP/1.1" 404 340 "-" "Mozilla/4.0 (compatible; MSIE 6.0; Windows NT 5.1; SV1;)" 
66.249.85.252 - - [30/Jun/2015:13:48:18 -0700] "GET / HTTP/1.1" 200 7043 "-" "Mozilla/5.0 (Windows NT 6.1; rv:6.0) Gecko/20110814 Firefox/6.0 Google favicon" 
66.249.85.249 - - [30/Jun/2015:13:48:18 -0700] "GET /bootstrap/img/favicon.ico HTTP/1.1" 200 590 "-" "Mozilla/5.0 (Windows NT 6.1; rv:6.0) Gecko/20110814 Firefox/6.0 Google favicon" 
122.136.46.151 - - [30/Jun/2015:13:48:48 -0700] "GET /honeypot/BSidesDFW%20-%202014.ipynb HTTP/1.0" 200 652620 "http://www.secrepo.com/" "Mozilla/5.0 (Windows NT 6.1; WOW64) AppleWebKit/537.36 (KHTML, like Gecko) Maxthon/4.4.3.4000 Chrome/30.0.1599.101 Safari/537.36" 
218.90.174.167 - - [30/Jun/2015:13:49:41 -0700] "GET /honeypot/BSidesDFW%20-%202014.ipynb HTTP/1.0" 200 930799 "http://www.secrepo.com/" "Mozilla/5.0 (Windows NT 6.1; WOW64) AppleWebKit/537.36 (KHTML, like Gecko) Maxthon/4.4.3.4000 Chrome/30.0.1599.101 Safari/537.36" 
89.44.25.191 - - [30/Jun/2015:14:17:46 -0700] "GET /honeypot/BSidesDFW - 2014.ipynb HTTP/1.0" 404 303 "http://www.secrepo.com/" "Mozilla/5.0 (Windows NT 6.1; WOW64) AppleWebKit/537.36 (KHTML, like Gecko) Chrome/39.0.2171.95 Safari/537.36" 
89.44.25.191 - - [30/Jun/2015:14:17:46 -0700] "GET / HTTP/1.1" 200 7043 "http://www.secrepo.com" "Mozilla/5.0 (Windows NT 6.1; WOW64) AppleWebKit/537.36 (KHTML, like Gecko) Chrome/39.0.2171.95 Safari/537.36" 
89.44.25.191 - - [30/Jun/2015:14:17:47 -0700] "GET /ftp://download.iwlab.foi.se/dataset/ HTTP/1.1" 404 339 "http://www.secrepo.com" "Mozilla/5.0 (Windows NT 6.1; WOW64) AppleWebKit/537.36 (KHTML, like Gecko) Chrome/39.0.2171.95 Safari/537.36" 
89.44.25.191 - - [30/Jun/2015:14:17:47 -0700] "GET / HTTP/1.1" 200 7042 "http://www.secrepo.com" "Mozilla/5.0 (Windows NT 6.1; WOW64) AppleWebKit/537.36 (KHTML, like Gecko) Chrome/39.0.2171.95 Safari/537.36" 
66.249.81.166 - - [30/Jun/2015:14:21:45 -0700] "GET / HTTP/1.1" 200 7043 "-" "Mozilla/5.0 (Windows NT 6.1; rv:6.0) Gecko/20110814 Firefox/6.0 Google favicon" 
66.249.81.162 - - [30/Jun/2015:14:21:46 -0700] "GET /bootstrap/img/favicon.ico HTTP/1.1" 200 590 "-" "Mozilla/5.0 (Windows NT 6.1; rv:6.0) Gecko/20110814 Firefox/6.0 Google favicon" 
159.224.160.157 - - [30/Jun/2015:14:22:01 -0700] "GET /honeypot/BSidesDFW%20-%202014.ipynb HTTP/1.0" 200 930799 "http://www.secrepo.com/honeypot/BSidesDFW%20-%202014.ipynb" "Mozilla/5.0 (Windows NT 6.1; WOW64; rv:36.0) Gecko/20100101 Firefox/36.0" 
78.94.83.192 - - [30/Jun/2015:14:33:42 -0700] "GET /robots.txt HTTP/1.0" 200 252 "-" "Mozilla/5.0 (compatible; MJ12bot/v1.4.5; http://www.majestic12.co.uk/bot.php?+)" 
78.94.83.192 - - [30/Jun/2015:14:33:43 -0700] "GET /honeypot//%22http://amunhoney.sourceforge.net//%22 HTTP/1.0" 404 284 "-" "Mozilla/5.0 (compatible; MJ12bot/v1.4.5; http://www.majestic12.co.uk/bot.php?+)" 
108.61.117.60 - - [30/Jun/2015:14:38:57 -0700] "GET /robots.txt HTTP/1.0" 200 252 "-" "Mozilla/5.0 (compatible; MJ12bot/v1.4.5; http://www.majestic12.co.uk/bot.php?+)" 
108.61.117.60 - - [30/Jun/2015:14:38:59 -0700] "GET /honeypot/BSidesDFW%20-%202014.ipynb HTTP/1.0" 200 435080 "-" "Mozilla/5.0 (compatible; MJ12bot/v1.4.5; http://www.majestic12.co.uk/bot.php?+)" 
123.125.71.34 - - [30/Jun/2015:14:39:32 -0700] "GET /honeypot/Honeypot%20-%20Howto%20-%20BSides%20Austin.pdf HTTP/1.1" 200 2928423 "-" "Mozilla/5.0 (compatible; Baiduspider/2.0; +http://www.baidu.com/search/spider.html)" 
199.59.148.211 - - [30/Jun/2015:14:48:21 -0700] "GET /robots.txt HTTP/1.1" 200 304 "-" "Twitterbot/1.0" 
199.59.148.211 - - [30/Jun/2015:14:48:21 -0700] "GET /honeypot/Honeypot%20-%20Howto.pdf HTTP/1.1" 200 1279362 "-" "Twitterbot/1.0" 
177.135.249.62 - - [30/Jun/2015:15:15:26 -0700] "GET / HTTP/1.1" 200 7043 "http://www2.mlsecproject.org/" "Mozilla/5.0 (X11; Linux x86_64) AppleWebKit/537.36 (KHTML, like Gecko) Chrome/43.0.2357.130 Safari/537.36" 
177.135.249.62 - - [30/Jun/2015:15:15:28 -0700] "GET /GitHub-Mark.png HTTP/1.1" 200 7428 "http://www.secrepo.com/" "Mozilla/5.0 (X11; Linux x86_64) AppleWebKit/537.36 (KHTML, like Gecko) Chrome/43.0.2357.130 Safari/537.36" 
177.135.249.62 - - [30/Jun/2015:15:15:27 -0700] "GET /twitter-icon.png HTTP/1.1" 200 27787 "http://www.secrepo.com/" "Mozilla/5.0 (X11; Linux x86_64) AppleWebKit/537.36 (KHTML, like Gecko) Chrome/43.0.2357.130 Safari/537.36" 
177.135.249.62 - - [30/Jun/2015:15:15:29 -0700] "GET /bootstrap/img/favicon.ico HTTP/1.1" 200 589 "http://www.secrepo.com/" "Mozilla/5.0 (X11; Linux x86_64) AppleWebKit/537.36 (KHTML, like Gecko) Chrome/43.0.2357.130 Safari/537.36" 
46.4.87.105 - - [30/Jun/2015:15:26:43 -0700] "GET /robots.txt HTTP/1.0" 301 481 "-" "Mozilla/5.0 (compatible; MJ12bot/v1.4.5; http://www.majestic12.co.uk/bot.php?+)" 
46.4.87.105 - - [30/Jun/2015:15:26:45 -0700] "GET /robots.txt HTTP/1.0" 200 252 "-" "Mozilla/5.0 (compatible; MJ12bot/v1.4.5; http://www.majestic12.co.uk/bot.php?+)" 
46.4.87.105 - - [30/Jun/2015:15:26:49 -0700] "GET /honeypot/BSidesDFW%20-%202014.ipynb HTTP/1.0" 301 523 "-" "Mozilla/5.0 (compatible; MJ12bot/v1.4.5; http://www.majestic12.co.uk/bot.php?+)" 
46.4.87.105 - - [30/Jun/2015:15:26:51 -0700] "GET /robots.txt HTTP/1.0" 200 252 "-" "Mozilla/5.0 (compatible; MJ12bot/v1.4.5; http://www.majestic12.co.uk/bot.php?+)" 
46.4.87.105 - - [30/Jun/2015:15:26:53 -0700] "GET /honeypot/BSidesDFW%20-%202014.ipynb HTTP/1.0" 200 544580 "-" "Mozilla/5.0 (compatible; MJ12bot/v1.4.5; http://www.majestic12.co.uk/bot.php?+)" 
188.165.15.192 - - [30/Jun/2015:16:18:43 -0700] "GET /self.logs/access.log.2015-06-17.gz HTTP/1.1" 200 5737 "-" "Mozilla/5.0 (compatible; AhrefsBot/5.0; +http://ahrefs.com/robot/)" 
37.203.212.160 - - [30/Jun/2015:16:52:59 -0700] "GET /honeypot/Honeypot%20-%20Howto.pdf HTTP/1.0" 200 1279381 "http://www.secrepo.com/" "Mozilla/5.0 (Windows NT 6.1; WOW64) AppleWebKit/537.36 (KHTML, like Gecko) Maxthon/4.4.3.4000 Chrome/30.0.1599.101 Safari/537.36" 
157.55.39.152 - - [30/Jun/2015:16:54:23 -0700] "GET / HTTP/1.1" 301 483 "-" "Mozilla/5.0 (compatible; bingbot/2.0; +http://www.bing.com/bingbot.htm)" 
207.46.13.17 - - [30/Jun/2015:16:55:31 -0700] "GET / HTTP/1.1" 301 483 "-" "Mozilla/5.0 (compatible; bingbot/2.0; +http://www.bing.com/bingbot.htm)" 
157.55.39.3 - - [30/Jun/2015:16:58:16 -0700] "GET / HTTP/1.1" 200 7043 "-" "Mozilla/5.0 (compatible; bingbot/2.0; +http://www.bing.com/bingbot.htm)" 
199.59.148.211 - - [30/Jun/2015:17:28:31 -0700] "GET /robots.txt HTTP/1.1" 200 304 "-" "Twitterbot/1.0" 
199.59.148.211 - - [30/Jun/2015:17:28:31 -0700] "GET /honeypot/Honeypot%20-%20Howto.pdf HTTP/1.1" 200 1279362 "-" "Twitterbot/1.0" 
207.46.13.17 - - [30/Jun/2015:17:54:53 -0700] "GET /auth.log/auth.log.gz HTTP/1.1" 200 554524 "-" "Mozilla/5.0 (compatible; bingbot/2.0; +http://www.bing.com/bingbot.htm)" 
1.32.73.130 - - [30/Jun/2015:18:12:13 -0700] "GET / HTTP/1.1" 200 7043 "http://www2.mlsecproject.org/" "Mozilla/5.0 (X11; Ubuntu; Linux x86_64; rv:36.0) Gecko/20100101 Firefox/36.0" 
1.32.73.130 - - [30/Jun/2015:18:12:13 -0700] "GET /bootstrap/img/favicon.ico HTTP/1.1" 200 589 "-" "Mozilla/5.0 (X11; Ubuntu; Linux x86_64; rv:36.0) Gecko/20100101 Firefox/36.0" 
1.32.73.130 - - [30/Jun/2015:18:12:14 -0700] "GET /twitter-icon.png HTTP/1.1" 200 27787 "http://www.secrepo.com/" "Mozilla/5.0 (X11; Ubuntu; Linux x86_64; rv:36.0) Gecko/20100101 Firefox/36.0" 
1.32.73.130 - - [30/Jun/2015:18:12:15 -0700] "GET /GitHub-Mark.png HTTP/1.1" 200 7427 "http://www.secrepo.com/" "Mozilla/5.0 (X11; Ubuntu; Linux x86_64; rv:36.0) Gecko/20100101 Firefox/36.0" 
199.59.148.209 - - [30/Jun/2015:18:24:31 -0700] "GET /robots.txt HTTP/1.1" 200 304 "-" "Twitterbot/1.0" 
199.59.148.209 - - [30/Jun/2015:18:24:31 -0700] "GET /honeypot/Honeypot%20-%20Howto.pdf HTTP/1.1" 200 1279362 "-" "Twitterbot/1.0" 
188.165.15.192 - - [30/Jun/2015:18:46:03 -0700] "GET /self.logs/?C=N;O=A HTTP/1.1" 200 3771 "-" "Mozilla/5.0 (compatible; AhrefsBot/5.0; +http://ahrefs.com/robot/)" 
69.255.52.103 - - [30/Jun/2015:18:46:43 -0700] "GET / HTTP/1.1" 200 7043 "-" "Mozilla/5.0 (iPhone; CPU iPhone OS 8_3 like Mac OS X) AppleWebKit/600.1.4 (KHTML, like Gecko) Version/8.0 Mobile/12F70 Safari/600.1.4" 
69.255.52.103 - - [30/Jun/2015:18:46:43 -0700] "GET /twitter-icon.png HTTP/1.1" 200 27787 "http://www.secrepo.com/" "Mozilla/5.0 (iPhone; CPU iPhone OS 8_3 like Mac OS X) AppleWebKit/600.1.4 (KHTML, like Gecko) Version/8.0 Mobile/12F70 Safari/600.1.4" 
69.255.52.103 - - [30/Jun/2015:18:46:44 -0700] "GET /GitHub-Mark.png HTTP/1.1" 200 7428 "http://www.secrepo.com/" "Mozilla/5.0 (iPhone; CPU iPhone OS 8_3 like Mac OS X) AppleWebKit/600.1.4 (KHTML, like Gecko) Version/8.0 Mobile/12F70 Safari/600.1.4" 
157.55.39.3 - - [30/Jun/2015:19:26:17 -0700] "GET /honeypot/Honeypot%20-%20Howto.pdf HTTP/1.1" 200 1279418 "-" "Mozilla/5.0 (iPhone; CPU iPhone OS 7_0 like Mac OS X) AppleWebKit/537.51.1 (KHTML, like Gecko) Version/7.0 Mobile/11A465 Safari/9537.53 (compatible; bingbot/2.0;  http://www.bing.com/bingbot.htm)" 
207.46.13.17 - - [30/Jun/2015:19:26:24 -0700] "GET /robots.txt HTTP/1.1" 200 334 "-" "Mozilla/5.0 (compatible; bingbot/2.0; +http://www.bing.com/bingbot.htm)" 
199.59.148.209 - - [30/Jun/2015:19:52:31 -0700] "GET /robots.txt HTTP/1.1" 200 304 "-" "Twitterbot/1.0" 
199.59.148.209 - - [30/Jun/2015:19:52:31 -0700] "GET /honeypot/Honeypot%20-%20Howto.pdf HTTP/1.1" 200 1279362 "-" "Twitterbot/1.0" 
106.38.241.166 - - [30/Jun/2015:19:59:52 -0700] "GET /robots.txt HTTP/1.1" 200 252 "-" "Sogou web spider/4.0(+http://www.sogou.com/docs/help/webmasters.htm#07)" 
106.38.241.166 - - [30/Jun/2015:19:59:59 -0700] "GET / HTTP/1.1" 200 7006 "-" "Sogou web spider/4.0(+http://www.sogou.com/docs/help/webmasters.htm#07)" 
199.59.148.210 - - [30/Jun/2015:20:32:31 -0700] "GET /robots.txt HTTP/1.1" 200 304 "-" "Twitterbot/1.0" 
199.59.148.210 - - [30/Jun/2015:20:32:31 -0700] "GET /honeypot/Honeypot%20-%20Howto.pdf HTTP/1.1" 200 1279362 "-" "Twitterbot/1.0" 
100.43.90.11 - - [30/Jun/2015:20:51:40 -0700] "GET /robots.txt HTTP/1.1" 301 518 "-" "Mozilla/5.0 (compatible; YandexBot/3.0; +http://yandex.com/bots)" 
100.43.90.11 - - [30/Jun/2015:20:51:42 -0700] "GET / HTTP/1.1" 301 482 "-" "Mozilla/5.0 (compatible; YandexBot/3.0; +http://yandex.com/bots)" 
123.125.71.19 - - [30/Jun/2015:20:54:53 -0700] "GET /self.logs/?C=D;O=A HTTP/1.1" 200 3790 "-" "Mozilla/5.0 (compatible; Baiduspider/2.0; +http://www.baidu.com/search/spider.html)" 
199.59.148.211 - - [30/Jun/2015:21:12:31 -0700] "GET /robots.txt HTTP/1.1" 200 304 "-" "Twitterbot/1.0" 
199.59.148.211 - - [30/Jun/2015:21:12:32 -0700] "GET /honeypot/Honeypot%20-%20Howto.pdf HTTP/1.1" 200 1279362 "-" "Twitterbot/1.0" 
203.133.171.100 - - [30/Jun/2015:21:12:46 -0700] "GET / HTTP/1.1" 200 7043 "-" "Mozilla/5.0 (compatible; MSIE or Firefox mutant; not on Windows server;) Daumoa/4.0" 
180.76.15.159 - - [30/Jun/2015:22:13:23 -0700] "GET /robots.txt HTTP/1.1" 200 297 "-" "Mozilla/5.0 (Windows NT 5.1; rv:6.0.2) Gecko/20100101 Firefox/6.0.2" 
199.59.148.211 - - [30/Jun/2015:22:16:32 -0700] "GET /robots.txt HTTP/1.1" 200 304 "-" "Twitterbot/1.0" 
199.59.148.211 - - [30/Jun/2015:22:16:32 -0700] "GET /honeypot/Honeypot%20-%20Howto.pdf HTTP/1.1" 200 1279362 "-" "Twitterbot/1.0" 
180.76.15.148 - - [30/Jun/2015:22:16:40 -0700] "GET / HTTP/1.1" 200 7006 "-" "Mozilla/5.0 (compatible; Baiduspider/2.0; +http://www.baidu.com/search/spider.html)" 
188.165.15.192 - - [30/Jun/2015:22:16:43 -0700] "GET /self.logs/access.log.2015-06-14.gz HTTP/1.1" 200 4330 "-" "Mozilla/5.0 (compatible; AhrefsBot/5.0; +http://ahrefs.com/robot/)" 
66.249.67.123 - - [30/Jun/2015:22:26:38 -0700] "GET /robots.txt HTTP/1.1" 200 334 "-" "Mozilla/5.0 (compatible; Googlebot/2.1; +http://www.google.com/bot.html)" 
66.249.67.2 - - [30/Jun/2015:22:26:38 -0700] "GET / HTTP/1.1" 200 7043 "-" "Mozilla/5.0 (iPhone; CPU iPhone OS 6_0 like Mac OS X) AppleWebKit/536.26 (KHTML, like Gecko) Version/6.0 Mobile/10A5376e Safari/8536.25 (compatible; Googlebot/2.1; +http://www.google.com/bot.html)" 
180.180.117.48 - - [30/Jun/2015:22:31:14 -0700] "GET /honeypot/Honeypot%20-%20Howto%20-%20BSides%20Austin.pdf HTTP/1.1" 200 2868600 "http://www.secrepo.com/" "Mozilla/5.0 (Windows NT 6.1; WOW64) AppleWebKit/537.36 (KHTML, like Gecko) Maxthon/4.4.4.600 Chrome/30.0.1599.101 Safari/537.36" 
209.126.107.104 - - [30/Jun/2015:22:58:40 -0700] "GET /robots.txt HTTP/1.0" 200 252 "-" "Mozilla/5.0 (compatible; MJ12bot/v1.4.5; http://www.majestic12.co.uk/bot.php?+)" 
209.126.107.104 - - [30/Jun/2015:22:58:42 -0700] "GET /honeypot//%22http://glastopf.org//%22 HTTP/1.0" 404 284 "-" "Mozilla/5.0 (compatible; MJ12bot/v1.4.5; http://www.majestic12.co.uk/bot.php?+)" 
123.125.71.22 - - [30/Jun/2015:23:00:20 -0700] "GET / HTTP/1.1" 200 7006 "-" "Mozilla/5.0 (Windows NT 5.1; rv:6.0.2) Gecko/20100101 Firefox/6.0.2" 
123.125.71.23 - - [30/Jun/2015:23:02:20 -0700] "GET / HTTP/1.1" 200 22999 "-" "Mozilla/5.0 (Windows NT 5.1; rv:6.0.2) Gecko/20100101 Firefox/6.0.2" 
220.181.108.118 - - [30/Jun/2015:23:02:50 -0700] "GET / HTTP/1.1" 200 7006 "-" "Mozilla/5.0 (Windows NT 5.1; rv:6.0.2) Gecko/20100101 Firefox/6.0.2" 
220.181.108.118 - - [30/Jun/2015:23:05:05 -0700] "GET / HTTP/1.1" 200 22999 "-" "Mozilla/5.0 (Windows NT 5.1; rv:6.0.2) Gecko/20100101 Firefox/6.0.2" 
1.22.61.21 - - [30/Jun/2015:23:11:31 -0700] "GET / HTTP/1.1" 200 7043 "-" "Mozilla/5.0 (X11; Ubuntu; Linux x86_64; rv:31.0) Gecko/20100101 Firefox/31.0" 
1.22.61.21 - - [30/Jun/2015:23:11:32 -0700] "GET /GitHub-Mark.png HTTP/1.1" 200 7428 "http://www.secrepo.com/" "Mozilla/5.0 (X11; Ubuntu; Linux x86_64; rv:31.0) Gecko/20100101 Firefox/31.0" 
1.22.61.21 - - [30/Jun/2015:23:11:34 -0700] "GET /bootstrap/img/favicon.ico HTTP/1.1" 200 590 "-" "Mozilla/5.0 (X11; Ubuntu; Linux x86_64; rv:31.0) Gecko/20100101 Firefox/31.0" 
1.22.61.21 - - [30/Jun/2015:23:11:32 -0700] "GET /twitter-icon.png HTTP/1.1" 200 27787 "http://www.secrepo.com/" "Mozilla/5.0 (X11; Ubuntu; Linux x86_64; rv:31.0) Gecko/20100101 Firefox/31.0" 
199.59.148.209 - - [30/Jun/2015:23:12:32 -0700] "GET /robots.txt HTTP/1.1" 200 304 "-" "Twitterbot/1.0" 
199.59.148.209 - - [30/Jun/2015:23:12:32 -0700] "GET /honeypot/Honeypot%20-%20Howto.pdf HTTP/1.1" 200 1279362 "-" "Twitterbot/1.0" 
1.22.61.21 - - [30/Jun/2015:23:12:43 -0700] "GET /auth.log/auth.log.gz HTTP/1.1" 200 554524 "http://www.secrepo.com/" "Mozilla/5.0 (X11; Ubuntu; Linux x86_64; rv:31.0) Gecko/20100101 Firefox/31.0" 
216.163.188.233 - - [30/Jun/2015:23:12:48 -0700] "GET / HTTP/1.1" 301 498 "-" "Mozilla/5.0 (Windows NT 6.1; WOW64; rv:27.0) Gecko/20100101 Firefox/27.0" 
216.163.188.226 - - [30/Jun/2015:23:12:48 -0700] "GET / HTTP/1.1" 200 23010 "-" "Mozilla/5.0 (Windows NT 6.1; WOW64; rv:27.0) Gecko/20100101 Firefox/27.0" 
1.22.61.21 - - [30/Jun/2015:23:13:15 -0700] "GET /favicon.ico HTTP/1.1" 200 268 "-" "Mozilla/5.0 (X11; Ubuntu; Linux x86_64; rv:31.0) Gecko/20100101 Firefox/31.0" 
1.22.61.21 - - [30/Jun/2015:23:13:51 -0700] "GET /auth.log/auth.log.gz HTTP/1.1" 200 554524 "http://www.secrepo.com/" "Mozilla/5.0 (X11; Ubuntu; Linux x86_64; rv:31.0) Gecko/20100101 Firefox/31.0" 
157.55.39.64 - - [30/Jun/2015:23:20:02 -0700] "GET /self.logs/access.log.2015-06-05.gz HTTP/1.1" 200 4102 "-" "Mozilla/5.0 (compatible; bingbot/2.0; +http://www.bing.com/bingbot.htm)" 
123.125.71.26 - - [30/Jun/2015:23:31:39 -0700] "GET / HTTP/1.1" 200 7006 "-" "Mozilla/5.0 (Windows NT 5.1; rv:6.0.2) Gecko/20100101 Firefox/6.0.2" 
220.181.108.95 - - [30/Jun/2015:23:33:48 -0700] "GET / HTTP/1.1" 200 7006 "-" "Mozilla/5.0 (Windows NT 5.1; rv:6.0.2) Gecko/20100101 Firefox/6.0.2" 
123.125.71.33 - - [30/Jun/2015:23:34:09 -0700] "GET / HTTP/1.1" 200 22999 "-" "Mozilla/5.0 (Windows NT 5.1; rv:6.0.2) Gecko/20100101 Firefox/6.0.2" 
220.181.108.121 - - [30/Jun/2015:23:35:47 -0700] "GET / HTTP/1.1" 200 22999 "-" "Mozilla/5.0 (Windows NT 5.1; rv:6.0.2) Gecko/20100101 Firefox/6.0.2" 
193.203.100.245 - - [01/Jul/2015:00:00:43 -0700] "GET / HTTP/1.1" 200 7043 "http://www2.mlsecproject.org/" "Mozilla/5.0 (Macintosh; Intel Mac OS X 10_10_2) AppleWebKit/600.4.10 (KHTML, like Gecko) Version/8.0.4 Safari/600.4.10" 
193.203.100.245 - - [01/Jul/2015:00:00:43 -0700] "GET /twitter-icon.png HTTP/1.1" 200 27787 "http://www.secrepo.com/" "Mozilla/5.0 (Macintosh; Intel Mac OS X 10_10_2) AppleWebKit/600.4.10 (KHTML, like Gecko) Version/8.0.4 Safari/600.4.10" 
193.203.100.245 - - [01/Jul/2015:00:00:44 -0700] "GET /GitHub-Mark.png HTTP/1.1" 200 7428 "http://www.secrepo.com/" "Mozilla/5.0 (Macintosh; Intel Mac OS X 10_10_2) AppleWebKit/600.4.10 (KHTML, like Gecko) Version/8.0.4 Safari/600.4.10" 
193.203.100.245 - - [01/Jul/2015:00:00:45 -0700] "GET /bootstrap/img/favicon.ico HTTP/1.1" 200 590 "http://www.secrepo.com/" "Mozilla/5.0 (Macintosh; Intel Mac OS X 10_10_2) AppleWebKit/600.4.10 (KHTML, like Gecko) Version/8.0.4 Safari/600.4.10" 
100.43.90.11 - - [01/Jul/2015:00:05:46 -0700] "GET / HTTP/1.1" 301 483 "-" "Mozilla/5.0 (compatible; YandexBot/3.0; +http://yandex.com/bots)" 
199.59.148.209 - - [01/Jul/2015:00:08:32 -0700] "GET /robots.txt HTTP/1.1" 200 304 "-" "Twitterbot/1.0" 
199.59.148.209 - - [01/Jul/2015:00:08:32 -0700] "GET /honeypot/Honeypot%20-%20Howto.pdf HTTP/1.1" 200 1279362 "-" "Twitterbot/1.0" 
123.182.157.138 - - [01/Jul/2015:00:19:42 -0700] "GET /honeypot/BSidesDFW%20-%202014.ipynb HTTP/1.1" 200 77760 "-" "Mozilla/4.0 (compatible; MSIE 6.0; Windows NT 5.1)" 
123.182.157.138 - - [01/Jul/2015:00:26:21 -0700] "POST /honeypot/BSidesDFW%20-%202014.ipynb/trackback/ HTTP/1.1" 404 303 "http://www.secrepo.com/honeypot/BSidesDFW - 2014.ipynb" "Mozilla/4.0 (compatible; MSIE 6.0; Windows NT 5.1)" 
193.203.100.245 - - [01/Jul/2015:00:12:19 -0700] "GET /squid/access.log.gz HTTP/1.1" 200 23177322 "http://www.secrepo.com/" "Mozilla/5.0 (Macintosh; Intel Mac OS X 10_10_2) AppleWebKit/600.4.10 (KHTML, like Gecko) Version/8.0.4 Safari/600.4.10" 
193.203.100.245 - - [01/Jul/2015:01:13:44 -0700] "GET / HTTP/1.1" 200 7043 "http://www2.mlsecproject.org/" "Mozilla/5.0 (Macintosh; Intel Mac OS X 10_10_4) AppleWebKit/601.1.35 (KHTML, like Gecko) Version/9.0 Safari/601.1.35" 
193.203.100.245 - - [01/Jul/2015:01:13:45 -0700] "GET /twitter-icon.png HTTP/1.1" 200 27787 "http://www.secrepo.com/" "Mozilla/5.0 (Macintosh; Intel Mac OS X 10_10_4) AppleWebKit/601.1.35 (KHTML, like Gecko) Version/9.0 Safari/601.1.35" 
193.203.100.245 - - [01/Jul/2015:01:13:45 -0700] "GET /GitHub-Mark.png HTTP/1.1" 200 7428 "http://www.secrepo.com/" "Mozilla/5.0 (Macintosh; Intel Mac OS X 10_10_4) AppleWebKit/601.1.35 (KHTML, like Gecko) Version/9.0 Safari/601.1.35" 
193.203.100.245 - - [01/Jul/2015:01:13:48 -0700] "GET /bootstrap/img/favicon.ico HTTP/1.1" 200 590 "http://www.secrepo.com/" "Mozilla/5.0 (Macintosh; Intel Mac OS X 10_10_4) AppleWebKit/601.1.35 (KHTML, like Gecko) Version/9.0 Safari/601.1.35" 
