159.226.251.229 - - [23/Apr/2017:10:36:39 -0700] "GET /maccdc2012/conn.log.gz HTTP/1.1" 304 156 "-" "Mozilla/5.0 Gecko/20100115 Firefox/3.6" 
40.77.167.121 - - [23/Apr/2017:10:44:42 -0700] "GET /self.logs/access.log.2016-04-05.gz HTTP/1.1" 301 546 "-" "Mozilla/5.0 (compatible; bingbot/2.0; +http://www.bing.com/bingbot.htm)" 
207.46.13.151 - - [23/Apr/2017:10:55:26 -0700] "GET /self.logs/error.log.2016-06-30.gz HTTP/1.1" 301 544 "-" "Mozilla/5.0 (compatible; bingbot/2.0; +http://www.bing.com/bingbot.htm)" 
66.102.9.159 - - [23/Apr/2017:10:58:54 -0700] "GET / HTTP/1.1" 200 10792 "-" "Mozilla/5.0 (X11; Linux x86_64) AppleWebKit/537.36 (KHTML, like Gecko) Chrome/49.0.2623.75 Safari/537.36 Google Favicon" 
66.102.9.159 - - [23/Apr/2017:10:58:54 -0700] "GET /bootstrap/img/favicon.ico HTTP/1.1" 200 589 "-" "Mozilla/5.0 (X11; Linux x86_64) AppleWebKit/537.36 (KHTML, like Gecko) Chrome/49.0.2623.75 Safari/537.36 Google Favicon" 
40.77.167.123 - - [23/Apr/2017:11:12:38 -0700] "GET /self.logs/access.log.2015-04-03.gz HTTP/1.1" 200 2354 "-" "msnbot-media/1.1 (+http://search.msn.com/msnbot.htm)" 
77.88.47.100 - - [23/Apr/2017:11:16:43 -0700] "GET /robots.txt HTTP/1.1" 200 289 "-" "Mozilla/5.0 (compatible; YandexBot/3.0; +http://yandex.com/bots)" 
77.88.47.100 - - [23/Apr/2017:11:16:47 -0700] "GET /favicon.ico HTTP/1.1" 200 268 "-" "Mozilla/5.0 (compatible; YandexBot/3.0; +http://yandex.com/bots)" 
103.250.134.35 - - [23/Apr/2017:11:18:58 -0700] "GET /wp-login.php HTTP/1.1" 301 522 "-" "Mozilla/5.0 (Windows NT 6.1; WOW64; rv:40.0) Gecko/20100101 Firefox/40.1" 
103.250.134.35 - - [23/Apr/2017:11:19:00 -0700] "GET /wp-login.php HTTP/1.1" 404 295 "-" "Mozilla/5.0 (Windows NT 6.1; WOW64; rv:40.0) Gecko/20100101 Firefox/40.1" 
103.250.134.35 - - [23/Apr/2017:11:19:10 -0700] "GET /wp-login.php HTTP/1.1" 301 522 "-" "Mozilla/5.0 (Windows NT 6.1; WOW64; rv:40.0) Gecko/20100101 Firefox/40.1" 
103.250.134.35 - - [23/Apr/2017:11:19:11 -0700] "GET /wp-login.php HTTP/1.1" 404 295 "-" "Mozilla/5.0 (Windows NT 6.1; WOW64; rv:40.0) Gecko/20100101 Firefox/40.1" 
103.250.134.35 - - [23/Apr/2017:11:19:18 -0700] "GET / HTTP/1.1" 301 498 "-" "Mozilla/5.0 (Windows NT 6.1; WOW64; rv:40.0) Gecko/20100101 Firefox/40.1" 
103.250.134.35 - - [23/Apr/2017:11:19:18 -0700] "GET / HTTP/1.1" 200 36475 "-" "Mozilla/5.0 (Windows NT 6.1; WOW64; rv:40.0) Gecko/20100101 Firefox/40.1" 
40.77.167.181 - - [23/Apr/2017:11:19:28 -0700] "GET /robots.txt HTTP/1.1" 301 502 "-" "Mozilla/5.0 (compatible; bingbot/2.0; +http://www.bing.com/bingbot.htm)" 
40.77.167.181 - - [23/Apr/2017:11:19:28 -0700] "GET /robots.txt HTTP/1.1" 301 502 "-" "Mozilla/5.0 (compatible; bingbot/2.0; +http://www.bing.com/bingbot.htm)" 
40.77.167.181 - - [23/Apr/2017:11:19:28 -0700] "GET /robots.txt HTTP/1.1" 200 334 "-" "Mozilla/5.0 (compatible; bingbot/2.0; +http://www.bing.com/bingbot.htm)" 
40.77.167.181 - - [23/Apr/2017:11:19:28 -0700] "GET /robots.txt HTTP/1.1" 200 334 "-" "Mozilla/5.0 (compatible; bingbot/2.0; +http://www.bing.com/bingbot.htm)" 
40.77.167.122 - - [23/Apr/2017:11:19:30 -0700] "GET /self.logs/access.log.2016-04-04.gz HTTP/1.1" 301 546 "-" "Mozilla/5.0 (compatible; bingbot/2.0; +http://www.bing.com/bingbot.htm)" 
85.138.232.71 - - [23/Apr/2017:11:20:58 -0700] "GET /wp-login.php HTTP/1.1" 301 522 "-" "Mozilla/5.0 (Windows NT 6.1; WOW64; rv:40.0) Gecko/20100101 Firefox/40.1" 
85.138.232.71 - - [23/Apr/2017:11:20:59 -0700] "GET /wp-login.php HTTP/1.1" 404 295 "-" "Mozilla/5.0 (Windows NT 6.1; WOW64; rv:40.0) Gecko/20100101 Firefox/40.1" 
85.138.232.71 - - [23/Apr/2017:11:21:04 -0700] "GET /wp-login.php HTTP/1.1" 301 522 "-" "Mozilla/5.0 (Windows NT 6.1; WOW64; rv:40.0) Gecko/20100101 Firefox/40.1" 
85.138.232.71 - - [23/Apr/2017:11:21:04 -0700] "GET /wp-login.php HTTP/1.1" 404 295 "-" "Mozilla/5.0 (Windows NT 6.1; WOW64; rv:40.0) Gecko/20100101 Firefox/40.1" 
85.138.232.71 - - [23/Apr/2017:11:21:09 -0700] "GET / HTTP/1.1" 301 498 "-" "Mozilla/5.0 (Windows NT 6.1; WOW64; rv:40.0) Gecko/20100101 Firefox/40.1" 
85.138.232.71 - - [23/Apr/2017:11:21:09 -0700] "GET / HTTP/1.1" 200 36475 "-" "Mozilla/5.0 (Windows NT 6.1; WOW64; rv:40.0) Gecko/20100101 Firefox/40.1" 
188.40.126.66 - - [23/Apr/2017:11:31:27 -0700] "GET / HTTP/1.1" 301 427 "-" "Mozilla/5.0 (compatible; NewShareCounts.com/1.0; +http://newsharecounts.com/crawler)" 
188.40.126.66 - - [23/Apr/2017:11:31:30 -0700] "GET / HTTP/1.1" 200 10736 "-" "Mozilla/5.0 (compatible; NewShareCounts.com/1.0; +http://newsharecounts.com/crawler)" 
40.77.167.123 - - [23/Apr/2017:11:34:43 -0700] "GET /self.logs/access.log.2015-11-03.gz HTTP/1.1" 301 545 "-" "Mozilla/5.0 (compatible; bingbot/2.0; +http://www.bing.com/bingbot.htm)" 
119.29.254.123 - - [23/Apr/2017:11:35:42 -0700] "GET /cfnainstall/index.php.bak HTTP/1.1" 404 284 "-" "Mozilla/4.0" 
119.29.254.123 - - [23/Apr/2017:11:35:46 -0700] "GET /install/index.php.bak HTTP/1.1" 404 284 "-" "Mozilla/4.0" 
119.29.254.123 - - [23/Apr/2017:11:35:46 -0700] "GET /install/index.php.bak HTTP/1.1" 404 284 "-" "Mozilla/4.0" 
119.29.254.123 - - [23/Apr/2017:11:35:46 -0700] "GET /ittgplus/flink.php HTTP/1.1" 404 284 "-" "Mozilla/4.0" 
119.29.254.123 - - [23/Apr/2017:11:35:47 -0700] "GET /plus/flink.php HTTP/1.1" 404 284 "-" "Mozilla/4.0" 
119.29.254.123 - - [23/Apr/2017:11:35:47 -0700] "GET /plus/flink.php HTTP/1.1" 404 284 "-" "Mozilla/4.0" 
40.77.167.122 - - [23/Apr/2017:11:40:07 -0700] "GET /self.logs/error.log.2016-07-11.gz HTTP/1.1" 301 544 "-" "Mozilla/5.0 (compatible; bingbot/2.0; +http://www.bing.com/bingbot.htm)" 
129.83.31.3 - - [23/Apr/2017:11:41:19 -0700] "GET / HTTP/1.1" 304 189 "-" "Mozilla/5.0 (Windows NT 10.0; WOW64) AppleWebKit/537.36 (KHTML, like Gecko) Chrome/57.0.2987.133 Safari/537.36" 
40.77.167.122 - - [23/Apr/2017:11:49:40 -0700] "GET /self.logs/access.log.2016-09-14.gz HTTP/1.1" 301 546 "-" "Mozilla/5.0 (compatible; bingbot/2.0; +http://www.bing.com/bingbot.htm)" 
190.97.45.192 - - [23/Apr/2017:11:54:10 -0700] "GET /wp-login.php HTTP/1.1" 404 295 "-" "Mozilla/5.0 (Windows NT 6.1; WOW64; rv:40.0) Gecko/20100101 Firefox/40.1" 
190.97.45.192 - - [23/Apr/2017:11:54:15 -0700] "GET /wp-login.php HTTP/1.1" 404 295 "-" "Mozilla/5.0 (Windows NT 6.1; WOW64; rv:40.0) Gecko/20100101 Firefox/40.1" 
190.97.45.192 - - [23/Apr/2017:11:54:21 -0700] "GET / HTTP/1.1" 200 36475 "-" "Mozilla/5.0 (Windows NT 6.1; WOW64; rv:40.0) Gecko/20100101 Firefox/40.1" 
190.97.45.192 - - [23/Apr/2017:11:57:44 -0700] "GET /wp-login.php HTTP/1.1" 301 522 "-" "Mozilla/5.0 (Windows NT 6.1; WOW64; rv:40.0) Gecko/20100101 Firefox/40.1" 
190.97.45.192 - - [23/Apr/2017:11:57:45 -0700] "GET /wp-login.php HTTP/1.1" 404 295 "-" "Mozilla/5.0 (Windows NT 6.1; WOW64; rv:40.0) Gecko/20100101 Firefox/40.1" 
141.85.0.120 - - [23/Apr/2017:11:57:50 -0700] "GET /wp-login.php HTTP/1.1" 404 295 "-" "Mozilla/5.0 (Windows NT 6.1; WOW64; rv:40.0) Gecko/20100101 Firefox/40.1" 
190.97.45.192 - - [23/Apr/2017:11:57:50 -0700] "GET /wp-login.php HTTP/1.1" 301 522 "-" "Mozilla/5.0 (Windows NT 6.1; WOW64; rv:40.0) Gecko/20100101 Firefox/40.1" 
190.97.45.192 - - [23/Apr/2017:11:57:51 -0700] "GET /wp-login.php HTTP/1.1" 404 295 "-" "Mozilla/5.0 (Windows NT 6.1; WOW64; rv:40.0) Gecko/20100101 Firefox/40.1" 
141.85.0.120 - - [23/Apr/2017:11:57:55 -0700] "GET /wp-login.php HTTP/1.1" 404 295 "-" "Mozilla/5.0 (Windows NT 6.1; WOW64; rv:40.0) Gecko/20100101 Firefox/40.1" 
190.97.45.192 - - [23/Apr/2017:11:57:56 -0700] "GET / HTTP/1.1" 301 498 "-" "Mozilla/5.0 (Windows NT 6.1; WOW64; rv:40.0) Gecko/20100101 Firefox/40.1" 
190.97.45.192 - - [23/Apr/2017:11:57:56 -0700] "GET / HTTP/1.1" 200 36475 "-" "Mozilla/5.0 (Windows NT 6.1; WOW64; rv:40.0) Gecko/20100101 Firefox/40.1" 
40.77.167.123 - - [23/Apr/2017:11:57:58 -0700] "GET /self.logs/access.log.2016-08-01.gz HTTP/1.1" 301 546 "-" "Mozilla/5.0 (compatible; bingbot/2.0; +http://www.bing.com/bingbot.htm)" 
141.85.0.120 - - [23/Apr/2017:11:58:00 -0700] "GET / HTTP/1.1" 200 36475 "-" "Mozilla/5.0 (Windows NT 6.1; WOW64; rv:40.0) Gecko/20100101 Firefox/40.1" 
123.125.67.220 - - [23/Apr/2017:12:03:59 -0700] "GET / HTTP/1.1" 200 10755 "-" "Mozilla/5.0 (Windows NT 10.0; WOW64) AppleWebKit/537.36 (KHTML, like Gecko) Chrome/45.0.2454.93 Safari/537.36" 
66.249.93.93 - - [23/Apr/2017:12:11:50 -0700] "GET / HTTP/1.1" 200 10792 "-" "Mozilla/5.0 (X11; Linux x86_64) AppleWebKit/537.36 (KHTML, like Gecko) Chrome/49.0.2623.75 Safari/537.36 Google Favicon" 
66.249.93.95 - - [23/Apr/2017:12:11:51 -0700] "GET /bootstrap/img/favicon.ico HTTP/1.1" 200 590 "-" "Mozilla/5.0 (X11; Linux x86_64) AppleWebKit/537.36 (KHTML, like Gecko) Chrome/49.0.2623.75 Safari/537.36 Google Favicon" 
159.226.251.229 - - [23/Apr/2017:12:19:13 -0700] "GET /maccdc2012/maccdc2012_full_alert.7z HTTP/1.1" 304 132 "-" "Mozilla/5.0 Gecko/20100115 Firefox/3.6" 
73.152.8.32 - - [23/Apr/2017:12:20:07 -0700] "GET / HTTP/1.1" 200 10792 "https://www.google.com/" "Mozilla/5.0 (Windows NT 10.0; Win64; x64) AppleWebKit/537.36 (KHTML, like Gecko) Chrome/57.0.2987.133 Safari/537.36" 
73.152.8.32 - - [23/Apr/2017:12:20:08 -0700] "GET /twitter-icon.png HTTP/1.1" 200 27787 "http://www.secrepo.com/" "Mozilla/5.0 (Windows NT 10.0; Win64; x64) AppleWebKit/537.36 (KHTML, like Gecko) Chrome/57.0.2987.133 Safari/537.36" 
73.152.8.32 - - [23/Apr/2017:12:20:08 -0700] "GET /GitHub-Mark.png HTTP/1.1" 200 7428 "http://www.secrepo.com/" "Mozilla/5.0 (Windows NT 10.0; Win64; x64) AppleWebKit/537.36 (KHTML, like Gecko) Chrome/57.0.2987.133 Safari/537.36" 
73.152.8.32 - - [23/Apr/2017:12:20:08 -0700] "GET /bootstrap/img/favicon.ico HTTP/1.1" 200 589 "http://www.secrepo.com/" "Mozilla/5.0 (Windows NT 10.0; Win64; x64) AppleWebKit/537.36 (KHTML, like Gecko) Chrome/57.0.2987.133 Safari/537.36" 
73.152.8.32 - - [23/Apr/2017:12:20:16 -0700] "GET /maccdc2012/ftp.log.gz HTTP/1.1" 200 128116 "-" "Mozilla/5.0 (Windows NT 10.0; Win64; x64) AppleWebKit/537.36 (KHTML, like Gecko) Chrome/57.0.2987.133 Safari/537.36" 
120.192.95.88 - - [23/Apr/2017:12:20:22 -0700] "GET /maccdc2012/maccdc2012_full_alert.7z HTTP/1.1" 304 132 "-" "Mozilla/5.0 Gecko/20100115 Firefox/3.6" 
123.125.71.30 - - [23/Apr/2017:12:21:14 -0700] "GET / HTTP/1.1" 200 10755 "-" "Mozilla/5.0 (compatible; Baiduspider/2.0; +http://www.baidu.com/search/spider.html)" 
66.249.88.61 - - [23/Apr/2017:12:26:02 -0700] "GET / HTTP/1.1" 200 36475 "http://www.google.com/url?sa=t&rct=j&q=&esrc=s&source=web&cd=2&ved=0CEwQFjAA&url=http%3A%2F%2Fwww.secrepo.com%2F&ei=yf_8WLerComz7gXZeg&usg=AFQjCNHeQikQ6r63vtqWKlBvSenYpdB4dQ" "Mozilla/5.0 (Windows NT 5.1) AppleWebKit/537.36 (KHTML, like Gecko) Chrome/49.0.2623.112 Safari/537.36" 
66.249.88.62 - - [23/Apr/2017:12:26:02 -0700] "GET /GitHub-Mark.png HTTP/1.1" 200 7428 "http://www.secrepo.com/" "Mozilla/5.0 (Windows NT 5.1) AppleWebKit/537.36 (KHTML, like Gecko) Chrome/49.0.2623.112 Safari/537.36" 
66.249.88.62 - - [23/Apr/2017:12:26:02 -0700] "GET /twitter-icon.png HTTP/1.1" 200 27788 "http://www.secrepo.com/" "Mozilla/5.0 (Windows NT 5.1) AppleWebKit/537.36 (KHTML, like Gecko) Chrome/49.0.2623.112 Safari/537.36" 
66.249.88.61 - - [23/Apr/2017:12:26:02 -0700] "GET /tg/a.zip HTTP/1.1" 200 66189336 "http://www.secrepo.com/" "Mozilla/5.0 (Windows NT 5.1) AppleWebKit/537.36 (KHTML, like Gecko) Chrome/49.0.2623.112 Safari/537.36" 
159.226.251.229 - - [23/Apr/2017:12:26:13 -0700] "GET /tg/a.zip HTTP/1.1" 304 132 "-" "Mozilla/5.0 Gecko/20100115 Firefox/3.6" 
66.102.8.157 - - [23/Apr/2017:12:26:20 -0700] "GET /tg/a.zip HTTP/1.1" 200 66189337 "-" "Mozilla/5.0 (Windows NT 6.3; Win64; x64) AppleWebKit/537.36 (KHTML, like Gecko) Chrome/53.0.2785.89 Safari/537.36" 
40.77.167.121 - - [23/Apr/2017:12:34:49 -0700] "GET /self.logs/access.log.2015-09-02.gz HTTP/1.1" 200 3927 "-" "msnbot-media/1.1 (+http://search.msn.com/msnbot.htm)" 
134.35.47.1 - - [23/Apr/2017:12:35:51 -0700] "GET / HTTP/1.1" 200 36475 "https://www.google.com/" "Mozilla/5.0 (Windows NT 10.0; Win64; x64) AppleWebKit/537.36 (KHTML, like Gecko) Chrome/58.0.3029.81 Safari/537.36" 
134.35.47.1 - - [23/Apr/2017:12:35:53 -0700] "GET /GitHub-Mark.png HTTP/1.1" 200 7428 "http://www.secrepo.com/" "Mozilla/5.0 (Windows NT 10.0; Win64; x64) AppleWebKit/537.36 (KHTML, like Gecko) Chrome/58.0.3029.81 Safari/537.36" 
134.35.47.1 - - [23/Apr/2017:12:35:54 -0700] "GET /GitHub-Mark.png HTTP/1.1" 200 7428 "http://www.secrepo.com/" "Mozilla/5.0 (Windows NT 10.0; Win64; x64) AppleWebKit/537.36 (KHTML, like Gecko) Chrome/58.0.3029.81 Safari/537.36" 
134.35.47.1 - - [23/Apr/2017:12:35:54 -0700] "GET /twitter-icon.png HTTP/1.1" 200 27788 "http://www.secrepo.com/" "Mozilla/5.0 (Windows NT 10.0; Win64; x64) AppleWebKit/537.36 (KHTML, like Gecko) Chrome/58.0.3029.81 Safari/537.36" 
134.35.47.1 - - [23/Apr/2017:12:36:03 -0700] "GET /bootstrap/img/favicon.ico HTTP/1.1" 200 590 "http://www.secrepo.com/" "Mozilla/5.0 (Windows NT 10.0; Win64; x64) AppleWebKit/537.36 (KHTML, like Gecko) Chrome/58.0.3029.81 Safari/537.36" 
157.55.39.1 - - [23/Apr/2017:12:37:01 -0700] "GET /robots.txt HTTP/1.1" 200 334 "-" "Mozilla/5.0 (compatible; bingbot/2.0; +http://www.bing.com/bingbot.htm)" 
40.77.167.123 - - [23/Apr/2017:12:38:23 -0700] "GET /self.logs/access.log.2015-07-08.gz HTTP/1.1" 200 4729 "-" "msnbot-media/1.1 (+http://search.msn.com/msnbot.htm)" 
188.40.126.66 - - [23/Apr/2017:12:45:06 -0700] "GET / HTTP/1.1" 200 10736 "-" "Mozilla/5.0 (compatible; NewShareCounts.com/1.0; +http://newsharecounts.com/crawler)" 
141.85.0.120 - - [23/Apr/2017:12:51:36 -0700] "GET /wp-login.php HTTP/1.1" 301 522 "-" "Mozilla/5.0 (Windows NT 6.1; WOW64; rv:40.0) Gecko/20100101 Firefox/40.1" 
141.85.0.120 - - [23/Apr/2017:12:51:36 -0700] "GET /wp-login.php HTTP/1.1" 404 295 "-" "Mozilla/5.0 (Windows NT 6.1; WOW64; rv:40.0) Gecko/20100101 Firefox/40.1" 
141.85.0.120 - - [23/Apr/2017:12:51:42 -0700] "GET /wp-login.php HTTP/1.1" 301 522 "-" "Mozilla/5.0 (Windows NT 6.1; WOW64; rv:40.0) Gecko/20100101 Firefox/40.1" 
141.85.0.120 - - [23/Apr/2017:12:51:42 -0700] "GET /wp-login.php HTTP/1.1" 404 295 "-" "Mozilla/5.0 (Windows NT 6.1; WOW64; rv:40.0) Gecko/20100101 Firefox/40.1" 
141.85.0.120 - - [23/Apr/2017:12:51:47 -0700] "GET / HTTP/1.1" 301 498 "-" "Mozilla/5.0 (Windows NT 6.1; WOW64; rv:40.0) Gecko/20100101 Firefox/40.1" 
141.85.0.120 - - [23/Apr/2017:12:51:48 -0700] "GET / HTTP/1.1" 200 36475 "-" "Mozilla/5.0 (Windows NT 6.1; WOW64; rv:40.0) Gecko/20100101 Firefox/40.1" 
2.90.249.92 - - [23/Apr/2017:13:10:09 -0700] "GET /wp-login.php HTTP/1.1" 404 295 "-" "Mozilla/5.0 (Windows NT 6.1; WOW64; rv:40.0) Gecko/20100101 Firefox/40.1" 
2.90.249.92 - - [23/Apr/2017:13:10:14 -0700] "GET /wp-login.php HTTP/1.1" 404 295 "-" "Mozilla/5.0 (Windows NT 6.1; WOW64; rv:40.0) Gecko/20100101 Firefox/40.1" 
2.90.249.92 - - [23/Apr/2017:13:10:20 -0700] "GET / HTTP/1.1" 200 36475 "-" "Mozilla/5.0 (Windows NT 6.1; WOW64; rv:40.0) Gecko/20100101 Firefox/40.1" 
178.37.190.113 - - [23/Apr/2017:13:10:35 -0700] "GET /wp-login.php HTTP/1.1" 404 295 "-" "Mozilla/5.0 (Windows NT 6.1; WOW64; rv:40.0) Gecko/20100101 Firefox/40.1" 
99.252.58.251 - - [23/Apr/2017:13:10:37 -0700] "GET /wp-login.php HTTP/1.1" 404 295 "-" "Mozilla/5.0 (Windows NT 6.1; WOW64; rv:40.0) Gecko/20100101 Firefox/40.1" 
178.37.190.113 - - [23/Apr/2017:13:10:40 -0700] "GET /wp-login.php HTTP/1.1" 404 295 "-" "Mozilla/5.0 (Windows NT 6.1; WOW64; rv:40.0) Gecko/20100101 Firefox/40.1" 
99.252.58.251 - - [23/Apr/2017:13:10:42 -0700] "GET /wp-login.php HTTP/1.1" 404 295 "-" "Mozilla/5.0 (Windows NT 6.1; WOW64; rv:40.0) Gecko/20100101 Firefox/40.1" 
178.37.190.113 - - [23/Apr/2017:13:10:45 -0700] "GET / HTTP/1.1" 200 36475 "-" "Mozilla/5.0 (Windows NT 6.1; WOW64; rv:40.0) Gecko/20100101 Firefox/40.1" 
99.252.58.251 - - [23/Apr/2017:13:10:47 -0700] "GET / HTTP/1.1" 200 36475 "-" "Mozilla/5.0 (Windows NT 6.1; WOW64; rv:40.0) Gecko/20100101 Firefox/40.1" 
207.46.13.56 - - [23/Apr/2017:13:28:08 -0700] "GET /self.logs/access.log.2015-06-11.gz HTTP/1.1" 200 8021 "-" "Mozilla/5.0 (compatible; bingbot/2.0; +http://www.bing.com/bingbot.htm)" 
178.37.190.113 - - [23/Apr/2017:13:28:18 -0700] "GET /wp-login.php HTTP/1.1" 301 522 "-" "Mozilla/5.0 (Windows NT 6.1; WOW64; rv:40.0) Gecko/20100101 Firefox/40.1" 
178.37.190.113 - - [23/Apr/2017:13:28:18 -0700] "GET /wp-login.php HTTP/1.1" 404 295 "-" "Mozilla/5.0 (Windows NT 6.1; WOW64; rv:40.0) Gecko/20100101 Firefox/40.1" 
198.255.136.215 - - [23/Apr/2017:13:28:20 -0700] "GET / HTTP/1.1" 200 10792 "https://www.google.com/" "Mozilla/5.0 (X11; Linux x86_64) AppleWebKit/537.36 (KHTML, like Gecko) Chrome/57.0.2987.110 Safari/537.36" 
198.255.136.215 - - [23/Apr/2017:13:28:20 -0700] "GET /twitter-icon.png HTTP/1.1" 200 27787 "http://www.secrepo.com/" "Mozilla/5.0 (X11; Linux x86_64) AppleWebKit/537.36 (KHTML, like Gecko) Chrome/57.0.2987.110 Safari/537.36" 
198.255.136.215 - - [23/Apr/2017:13:28:20 -0700] "GET /GitHub-Mark.png HTTP/1.1" 200 7428 "http://www.secrepo.com/" "Mozilla/5.0 (X11; Linux x86_64) AppleWebKit/537.36 (KHTML, like Gecko) Chrome/57.0.2987.110 Safari/537.36" 
198.255.136.215 - - [23/Apr/2017:13:28:20 -0700] "GET /bootstrap/img/favicon.ico HTTP/1.1" 200 589 "http://www.secrepo.com/" "Mozilla/5.0 (X11; Linux x86_64) AppleWebKit/537.36 (KHTML, like Gecko) Chrome/57.0.2987.110 Safari/537.36" 
178.37.190.113 - - [23/Apr/2017:13:28:23 -0700] "GET /wp-login.php HTTP/1.1" 301 522 "-" "Mozilla/5.0 (Windows NT 6.1; WOW64; rv:40.0) Gecko/20100101 Firefox/40.1" 
178.37.190.113 - - [23/Apr/2017:13:28:24 -0700] "GET /wp-login.php HTTP/1.1" 404 295 "-" "Mozilla/5.0 (Windows NT 6.1; WOW64; rv:40.0) Gecko/20100101 Firefox/40.1" 
178.37.190.113 - - [23/Apr/2017:13:28:29 -0700] "GET / HTTP/1.1" 301 498 "-" "Mozilla/5.0 (Windows NT 6.1; WOW64; rv:40.0) Gecko/20100101 Firefox/40.1" 
178.37.190.113 - - [23/Apr/2017:13:28:29 -0700] "GET / HTTP/1.1" 200 36475 "-" "Mozilla/5.0 (Windows NT 6.1; WOW64; rv:40.0) Gecko/20100101 Firefox/40.1" 
159.226.251.229 - - [23/Apr/2017:13:36:51 -0700] "GET /maccdc2012/conn.log.gz HTTP/1.1" 304 156 "-" "Mozilla/5.0 Gecko/20100115 Firefox/3.6" 
183.253.128.133 - - [23/Apr/2017:13:39:25 -0700] "GET /wp-content/plugins/mailpress/mp-includes/action.php?action=iview&id=3 HTTP/1.1" 404 295 "-" "-" 
66.102.6.127 - - [23/Apr/2017:13:50:31 -0700] "GET / HTTP/1.1" 200 10792 "-" "Mozilla/5.0 (X11; Linux x86_64) AppleWebKit/537.36 (KHTML, like Gecko) Chrome/49.0.2623.75 Safari/537.36 Google Favicon" 
66.102.6.96 - - [23/Apr/2017:13:50:31 -0700] "GET /bootstrap/img/favicon.ico HTTP/1.1" 200 590 "-" "Mozilla/5.0 (X11; Linux x86_64) AppleWebKit/537.36 (KHTML, like Gecko) Chrome/49.0.2623.75 Safari/537.36 Google Favicon" 
164.132.161.79 - - [23/Apr/2017:13:50:46 -0700] "GET /self.logs/error.log.2016-11-03.gz HTTP/1.1" 200 866 "-" "Mozilla/5.0 (compatible; AhrefsBot/5.2; +http://ahrefs.com/robot/)" 
195.113.242.133 - - [23/Apr/2017:13:56:47 -0700] "GET / HTTP/1.1" 200 10792 "-" "Mozilla/5.0 (Windows NT 10.0; WOW64) AppleWebKit/537.36 (KHTML, like Gecko) Chrome/57.0.2987.133 Safari/537.36" 
195.113.242.133 - - [23/Apr/2017:13:56:48 -0700] "GET /twitter-icon.png HTTP/1.1" 200 27787 "http://www.secrepo.com/" "Mozilla/5.0 (Windows NT 10.0; WOW64) AppleWebKit/537.36 (KHTML, like Gecko) Chrome/57.0.2987.133 Safari/537.36" 
195.113.242.133 - - [23/Apr/2017:13:56:48 -0700] "GET /GitHub-Mark.png HTTP/1.1" 200 7428 "http://www.secrepo.com/" "Mozilla/5.0 (Windows NT 10.0; WOW64) AppleWebKit/537.36 (KHTML, like Gecko) Chrome/57.0.2987.133 Safari/537.36" 
195.113.242.133 - - [23/Apr/2017:13:56:49 -0700] "GET /bootstrap/img/favicon.ico HTTP/1.1" 200 589 "http://www.secrepo.com/" "Mozilla/5.0 (Windows NT 10.0; WOW64) AppleWebKit/537.36 (KHTML, like Gecko) Chrome/57.0.2987.133 Safari/537.36" 
195.113.242.133 - - [23/Apr/2017:13:57:06 -0700] "GET /squid/access.log.gz HTTP/1.1" 200 23177322 "-" "Mozilla/5.0 (Windows NT 10.0; WOW64) AppleWebKit/537.36 (KHTML, like Gecko) Chrome/57.0.2987.133 Safari/537.36" 
195.113.242.133 - - [23/Apr/2017:13:58:27 -0700] "GET /self.logs/ HTTP/1.1" 200 16903 "http://www.secrepo.com/" "Mozilla/5.0 (Windows NT 10.0; WOW64) AppleWebKit/537.36 (KHTML, like Gecko) Chrome/57.0.2987.133 Safari/537.36" 
195.113.242.133 - - [23/Apr/2017:13:58:42 -0700] "GET /favicon.ico HTTP/1.1" 200 268 "http://www.secrepo.com/self.logs/" "Mozilla/5.0 (Windows NT 10.0; WOW64) AppleWebKit/537.36 (KHTML, like Gecko) Chrome/57.0.2987.133 Safari/537.36" 
195.113.242.133 - - [23/Apr/2017:13:58:45 -0700] "GET /self.logs/access.log.2015-01-18.gz HTTP/1.1" 200 3472 "http://www.secrepo.com/self.logs/" "Mozilla/5.0 (Windows NT 10.0; WOW64) AppleWebKit/537.36 (KHTML, like Gecko) Chrome/57.0.2987.133 Safari/537.36" 
99.252.58.251 - - [23/Apr/2017:13:59:33 -0700] "GET /wp-login.php HTTP/1.1" 301 522 "-" "Mozilla/5.0 (Windows NT 6.1; WOW64; rv:40.0) Gecko/20100101 Firefox/40.1" 
99.252.58.251 - - [23/Apr/2017:13:59:34 -0700] "GET /wp-login.php HTTP/1.1" 404 295 "-" "Mozilla/5.0 (Windows NT 6.1; WOW64; rv:40.0) Gecko/20100101 Firefox/40.1" 
99.252.58.251 - - [23/Apr/2017:13:59:39 -0700] "GET /wp-login.php HTTP/1.1" 301 522 "-" "Mozilla/5.0 (Windows NT 6.1; WOW64; rv:40.0) Gecko/20100101 Firefox/40.1" 
99.252.58.251 - - [23/Apr/2017:13:59:39 -0700] "GET /wp-login.php HTTP/1.1" 404 295 "-" "Mozilla/5.0 (Windows NT 6.1; WOW64; rv:40.0) Gecko/20100101 Firefox/40.1" 
99.252.58.251 - - [23/Apr/2017:13:59:45 -0700] "GET / HTTP/1.1" 301 498 "-" "Mozilla/5.0 (Windows NT 6.1; WOW64; rv:40.0) Gecko/20100101 Firefox/40.1" 
99.252.58.251 - - [23/Apr/2017:13:59:45 -0700] "GET / HTTP/1.1" 200 36475 "-" "Mozilla/5.0 (Windows NT 6.1; WOW64; rv:40.0) Gecko/20100101 Firefox/40.1" 
198.255.143.139 - - [23/Apr/2017:14:05:10 -0700] "GET / HTTP/1.1" 200 10792 "https://www.google.com/" "Mozilla/5.0 (Windows NT 6.1) AppleWebKit/537.36 (KHTML, like Gecko) Chrome/57.0.2987.133 Safari/537.36" 
198.255.143.139 - - [23/Apr/2017:14:05:11 -0700] "GET /twitter-icon.png HTTP/1.1" 200 27788 "http://www.secrepo.com/" "Mozilla/5.0 (Windows NT 6.1) AppleWebKit/537.36 (KHTML, like Gecko) Chrome/57.0.2987.133 Safari/537.36" 
198.255.143.139 - - [23/Apr/2017:14:05:12 -0700] "GET /GitHub-Mark.png HTTP/1.1" 200 7427 "http://www.secrepo.com/" "Mozilla/5.0 (Windows NT 6.1) AppleWebKit/537.36 (KHTML, like Gecko) Chrome/57.0.2987.133 Safari/537.36" 
198.255.143.139 - - [23/Apr/2017:14:05:13 -0700] "GET /bootstrap/img/favicon.ico HTTP/1.1" 200 589 "http://www.secrepo.com/" "Mozilla/5.0 (Windows NT 6.1) AppleWebKit/537.36 (KHTML, like Gecko) Chrome/57.0.2987.133 Safari/537.36" 
198.255.143.139 - - [23/Apr/2017:14:05:54 -0700] "GET /maccdc2012/dhcp.log.gz HTTP/1.1" 200 45019 "-" "Mozilla/5.0 (Windows NT 6.1) AppleWebKit/537.36 (KHTML, like Gecko) Chrome/57.0.2987.133 Safari/537.36" 
2.90.249.92 - - [23/Apr/2017:14:07:51 -0700] "GET /wp-login.php HTTP/1.1" 301 522 "-" "Mozilla/5.0 (Windows NT 6.1; WOW64; rv:40.0) Gecko/20100101 Firefox/40.1" 
2.90.249.92 - - [23/Apr/2017:14:07:52 -0700] "GET /wp-login.php HTTP/1.1" 404 295 "-" "Mozilla/5.0 (Windows NT 6.1; WOW64; rv:40.0) Gecko/20100101 Firefox/40.1" 
2.90.249.92 - - [23/Apr/2017:14:07:58 -0700] "GET /wp-login.php HTTP/1.1" 301 522 "-" "Mozilla/5.0 (Windows NT 6.1; WOW64; rv:40.0) Gecko/20100101 Firefox/40.1" 
50.197.139.101 - - [23/Apr/2017:14:07:58 -0700] "GET / HTTP/1.1" 200 10792 "https://www.google.com/" "Mozilla/5.0 (Windows NT 10.0; Win64; x64) AppleWebKit/537.36 (KHTML, like Gecko) Chrome/57.0.2987.133 Safari/537.36" 
50.197.139.101 - - [23/Apr/2017:14:07:58 -0700] "GET /GitHub-Mark.png HTTP/1.1" 200 7428 "http://www.secrepo.com/" "Mozilla/5.0 (Windows NT 10.0; Win64; x64) AppleWebKit/537.36 (KHTML, like Gecko) Chrome/57.0.2987.133 Safari/537.36" 
50.197.139.101 - - [23/Apr/2017:14:07:58 -0700] "GET /twitter-icon.png HTTP/1.1" 200 27787 "http://www.secrepo.com/" "Mozilla/5.0 (Windows NT 10.0; Win64; x64) AppleWebKit/537.36 (KHTML, like Gecko) Chrome/57.0.2987.133 Safari/537.36" 
2.90.249.92 - - [23/Apr/2017:14:07:59 -0700] "GET /wp-login.php HTTP/1.1" 404 295 "-" "Mozilla/5.0 (Windows NT 6.1; WOW64; rv:40.0) Gecko/20100101 Firefox/40.1" 
50.197.139.101 - - [23/Apr/2017:14:07:59 -0700] "GET /bootstrap/img/favicon.ico HTTP/1.1" 200 589 "http://www.secrepo.com/" "Mozilla/5.0 (Windows NT 10.0; Win64; x64) AppleWebKit/537.36 (KHTML, like Gecko) Chrome/57.0.2987.133 Safari/537.36" 
2.90.249.92 - - [23/Apr/2017:14:08:04 -0700] "GET / HTTP/1.1" 301 498 "-" "Mozilla/5.0 (Windows NT 6.1; WOW64; rv:40.0) Gecko/20100101 Firefox/40.1" 
2.90.249.92 - - [23/Apr/2017:14:08:05 -0700] "GET / HTTP/1.1" 200 36475 "-" "Mozilla/5.0 (Windows NT 6.1; WOW64; rv:40.0) Gecko/20100101 Firefox/40.1" 
198.255.136.215 - - [23/Apr/2017:14:08:06 -0700] "GET /maccdc2012/ftp.log.gz HTTP/1.1" 200 128116 "-" "Mozilla/5.0 (X11; Linux x86_64) AppleWebKit/537.36 (KHTML, like Gecko) Chrome/57.0.2987.110 Safari/537.36" 
40.77.167.122 - - [23/Apr/2017:14:08:45 -0700] "GET /self.logs/access.log.2015-06-09.gz HTTP/1.1" 200 8212 "-" "msnbot-media/1.1 (+http://search.msn.com/msnbot.htm)" 
198.255.136.215 - - [23/Apr/2017:14:08:57 -0700] "GET /maccdc2012/maccdc2012_fast_alert.7z HTTP/1.1" 200 9478149 "-" "Mozilla/5.0 (X11; Linux x86_64) AppleWebKit/537.36 (KHTML, like Gecko) Chrome/57.0.2987.110 Safari/537.36" 
198.255.136.215 - - [23/Apr/2017:14:09:31 -0700] "GET /self.logs/ HTTP/1.1" 200 16903 "http://www.secrepo.com/" "Mozilla/5.0 (X11; Linux x86_64) AppleWebKit/537.36 (KHTML, like Gecko) Chrome/57.0.2987.110 Safari/537.36" 
198.255.136.215 - - [23/Apr/2017:14:09:32 -0700] "GET /favicon.ico HTTP/1.1" 200 267 "http://www.secrepo.com/self.logs/" "Mozilla/5.0 (X11; Linux x86_64) AppleWebKit/537.36 (KHTML, like Gecko) Chrome/57.0.2987.110 Safari/537.36" 
198.255.136.215 - - [23/Apr/2017:14:09:37 -0700] "GET /self.logs/access.log.2015-01-17.gz HTTP/1.1" 200 3597 "http://www.secrepo.com/self.logs/" "Mozilla/5.0 (X11; Linux x86_64) AppleWebKit/537.36 (KHTML, like Gecko) Chrome/57.0.2987.110 Safari/537.36" 
123.125.71.49 - - [23/Apr/2017:14:21:25 -0700] "GET /honeypot/honeypot.json.zip HTTP/1.1" 200 12690320 "-" "Mozilla/5.0 (compatible; Baiduspider/2.0; +http://www.baidu.com/search/spider.html)" 
149.254.234.129 - - [23/Apr/2017:14:22:21 -0700] "GET /wp-login.php HTTP/1.1" 404 295 "-" "Mozilla/5.0 (Windows NT 6.1; WOW64; rv:40.0) Gecko/20100101 Firefox/40.1" 
149.254.234.129 - - [23/Apr/2017:14:22:31 -0700] "GET / HTTP/1.1" 200 36475 "-" "Mozilla/5.0 (Windows NT 6.1; WOW64; rv:40.0) Gecko/20100101 Firefox/40.1" 
40.77.167.121 - - [23/Apr/2017:14:23:43 -0700] "GET /self.logs/error.log.2016-02-24.gz HTTP/1.1" 301 544 "-" "Mozilla/5.0 (compatible; bingbot/2.0; +http://www.bing.com/bingbot.htm)" 
23.238.131.14 - - [23/Apr/2017:14:27:35 -0700] "GET / HTTP/1.1" 200 36475 "http://www.secrepo.com/" "Mozilla/4.0 (compatible; MSIE 9.0; Windows NT 6.1)" 
23.238.131.14 - - [23/Apr/2017:14:27:35 -0700] "POST //plus/mytag_js.php?aid=9090 HTTP/1.1" 404 294 "http://www.secrepo.com//plus/mytag_js.php?aid=9090" "Mozilla/4.0 (compatible; MSIE 9.0; Windows NT 6.1)" 
23.238.131.14 - - [23/Apr/2017:14:27:35 -0700] "POST //plus/mytag_js.php?aid=9090 HTTP/1.1" 404 294 "http://www.secrepo.com//plus/mytag_js.php?aid=9090" "Mozilla/4.0 (compatible; MSIE 9.0; Windows NT 6.1)" 
23.238.131.14 - - [23/Apr/2017:14:27:35 -0700] "POST //plus/mytag_js.php?aid=9090 HTTP/1.1" 404 294 "http://www.secrepo.com//plus/mytag_js.php?aid=9090" "Mozilla/4.0 (compatible; MSIE 9.0; Windows NT 6.1)" 
23.238.131.14 - - [23/Apr/2017:14:27:35 -0700] "POST //search.php?searchtype=5&tid=&area=@eval($_POST[c]) HTTP/1.1" 404 294 "http://www.secrepo.com//search.php?searchtype=5&tid=&area=@eval($_POST[c])" "Mozilla/4.0 (compatible; MSIE 9.0; Windows NT 6.1)" 
23.238.131.14 - - [23/Apr/2017:14:27:35 -0700] "POST //search.php?searchtype=5&tid=&area=@eval($_POST[c]) HTTP/1.1" 404 294 "http://www.secrepo.com//search.php?searchtype=5&tid=&area=@eval($_POST[c])" "Mozilla/4.0 (compatible; MSIE 9.0; Windows NT 6.1)" 
23.238.131.14 - - [23/Apr/2017:14:27:35 -0700] "POST //search.php?searchtype=5&tid=&area=@eval($_POST[c]) HTTP/1.1" 404 294 "http://www.secrepo.com//search.php?searchtype=5&tid=&area=@eval($_POST[c])" "Mozilla/4.0 (compatible; MSIE 9.0; Windows NT 6.1)" 
23.238.131.14 - - [23/Apr/2017:14:27:35 -0700] "POST //index.php/module/action/param1/$%7B@eval($_POST%5Bc%5D)%7D HTTP/1.1" 404 294 "http://www.secrepo.com//index.php/module/action/param1/$%7B@eval($_POST[c])%7D" "Mozilla/4.0 (compatible; MSIE 9.0; Windows NT 6.1)" 
23.238.131.14 - - [23/Apr/2017:14:27:35 -0700] "POST //index.php/module/action/param1/$%7B@eval($_POST%5Bc%5D)%7D HTTP/1.1" 404 294 "http://www.secrepo.com//index.php/module/action/param1/$%7B@eval($_POST[c])%7D" "Mozilla/4.0 (compatible; MSIE 9.0; Windows NT 6.1)" 
23.238.131.14 - - [23/Apr/2017:14:27:35 -0700] "POST //index.php/module/action/param1/$%7B@eval($_POST%5Bc%5D)%7D HTTP/1.1" 404 294 "http://www.secrepo.com//index.php/module/action/param1/$%7B@eval($_POST[c])%7D" "Mozilla/4.0 (compatible; MSIE 9.0; Windows NT 6.1)" 
23.238.131.14 - - [23/Apr/2017:14:27:36 -0700] "POST //index.php/Index/index/name/%24%7B@eval($_POST%5Bc%5D)%7D HTTP/1.1" 404 294 "http://www.secrepo.com//index.php/Index/index/name/%24%7B@eval($_POST[c])%7D" "Mozilla/4.0 (compatible; MSIE 9.0; Windows NT 6.1)" 
23.238.131.14 - - [23/Apr/2017:14:27:36 -0700] "POST //index.php/Index/index/name/%24%7B@eval($_POST%5Bc%5D)%7D HTTP/1.1" 404 294 "http://www.secrepo.com//index.php/Index/index/name/%24%7B@eval($_POST[c])%7D" "Mozilla/4.0 (compatible; MSIE 9.0; Windows NT 6.1)" 
23.238.131.14 - - [23/Apr/2017:14:27:36 -0700] "POST //index.php/Index/index/name/%24%7B@eval($_POST%5Bc%5D)%7D HTTP/1.1" 404 294 "http://www.secrepo.com//index.php/Index/index/name/%24%7B@eval($_POST[c])%7D" "Mozilla/4.0 (compatible; MSIE 9.0; Windows NT 6.1)" 
23.238.131.14 - - [23/Apr/2017:14:27:36 -0700] "POST //index.php?s=vod-search-area-${@print(@eval($_POST[c]))}.html HTTP/1.1" 404 294 "http://www.secrepo.com//index.php?s=vod-search-area-${@print(@eval($_POST[c]))}.html" "Mozilla/4.0 (compatible; MSIE 9.0; Windows NT 6.1)" 
23.238.131.14 - - [23/Apr/2017:14:27:36 -0700] "POST //index.php?s=vod-search-area-${@print(@eval($_POST[c]))}.html HTTP/1.1" 404 294 "http://www.secrepo.com//index.php?s=vod-search-area-${@print(@eval($_POST[c]))}.html" "Mozilla/4.0 (compatible; MSIE 9.0; Windows NT 6.1)" 
23.238.131.14 - - [23/Apr/2017:14:27:36 -0700] "POST //index.php?s=vod-search-area-${@print(@eval($_POST[c]))}.html HTTP/1.1" 404 294 "http://www.secrepo.com//index.php?s=vod-search-area-${@print(@eval($_POST[c]))}.html" "Mozilla/4.0 (compatible; MSIE 9.0; Windows NT 6.1)" 
23.238.131.14 - - [23/Apr/2017:14:27:36 -0700] "POST //plus/ad_js.php?aid=8888 HTTP/1.1" 404 294 "http://www.secrepo.com//plus/ad_js.php?aid=8888" "Mozilla/4.0 (compatible; MSIE 9.0; Windows NT 6.1)" 
23.238.131.14 - - [23/Apr/2017:14:27:36 -0700] "POST //plus/ad_js.php?aid=8888 HTTP/1.1" 404 294 "http://www.secrepo.com//plus/ad_js.php?aid=8888" "Mozilla/4.0 (compatible; MSIE 9.0; Windows NT 6.1)" 
23.238.131.14 - - [23/Apr/2017:14:27:36 -0700] "POST //plus/ad_js.php?aid=8888 HTTP/1.1" 404 294 "http://www.secrepo.com//plus/ad_js.php?aid=8888" "Mozilla/4.0 (compatible; MSIE 9.0; Windows NT 6.1)" 
23.238.131.14 - - [23/Apr/2017:14:27:36 -0700] "POST //plus/mytag_js.php?aid=8080 HTTP/1.1" 404 294 "http://www.secrepo.com//plus/mytag_js.php?aid=8080" "Mozilla/4.0 (compatible; MSIE 9.0; Windows NT 6.1)" 
23.238.131.14 - - [23/Apr/2017:14:27:36 -0700] "POST //plus/mytag_js.php?aid=8080 HTTP/1.1" 404 294 "http://www.secrepo.com//plus/mytag_js.php?aid=8080" "Mozilla/4.0 (compatible; MSIE 9.0; Windows NT 6.1)" 
23.238.131.14 - - [23/Apr/2017:14:27:36 -0700] "POST //plus/mytag_js.php?aid=8080 HTTP/1.1" 404 294 "http://www.secrepo.com//plus/mytag_js.php?aid=8080" "Mozilla/4.0 (compatible; MSIE 9.0; Windows NT 6.1)" 
23.238.131.14 - - [23/Apr/2017:14:27:36 -0700] "POST //plus/mytag_js.php?aid=511348 HTTP/1.1" 404 294 "http://www.secrepo.com//plus/mytag_js.php?aid=511348" "Mozilla/4.0 (compatible; MSIE 9.0; Windows NT 6.1)" 
23.238.131.14 - - [23/Apr/2017:14:27:36 -0700] "POST //plus/mytag_js.php?aid=511348 HTTP/1.1" 404 294 "http://www.secrepo.com//plus/mytag_js.php?aid=511348" "Mozilla/4.0 (compatible; MSIE 9.0; Windows NT 6.1)" 
23.238.131.14 - - [23/Apr/2017:14:27:36 -0700] "POST //plus/mytag_js.php?aid=511348 HTTP/1.1" 404 294 "http://www.secrepo.com//plus/mytag_js.php?aid=511348" "Mozilla/4.0 (compatible; MSIE 9.0; Windows NT 6.1)" 
23.238.131.14 - - [23/Apr/2017:14:27:37 -0700] "POST //wp-admin/90sec.php HTTP/1.1" 404 294 "http://www.secrepo.com//wp-admin/90sec.php" "Mozilla/4.0 (compatible; MSIE 9.0; Windows NT 6.1)" 
23.238.131.14 - - [23/Apr/2017:14:27:37 -0700] "POST //plus/e7xue.php HTTP/1.1" 404 294 "http://www.secrepo.com//plus/e7xue.php" "Mozilla/4.0 (compatible; MSIE 9.0; Windows NT 6.1)" 
23.238.131.14 - - [23/Apr/2017:14:27:37 -0700] "POST //plus/long.php HTTP/1.1" 404 294 "http://www.secrepo.com//plus/long.php" "Mozilla/4.0 (compatible; MSIE 9.0; Windows NT 6.1)" 
23.238.131.14 - - [23/Apr/2017:14:27:37 -0700] "POST //utility/convert/data/config.inc.php HTTP/1.1" 404 294 "http://www.secrepo.com//utility/convert/data/config.inc.php" "Mozilla/4.0 (compatible; MSIE 9.0; Windows NT 6.1)" 
23.238.131.14 - - [23/Apr/2017:14:27:37 -0700] "POST //plus/mytag_js.php?aid=9999 HTTP/1.1" 404 294 "http://www.secrepo.com//plus/mytag_js.php?aid=9999" "Mozilla/4.0 (compatible; MSIE 9.0; Windows NT 6.1)" 
23.238.131.14 - - [23/Apr/2017:14:27:37 -0700] "POST //plus/mytag_js.php?aid=9999 HTTP/1.1" 404 294 "http://www.secrepo.com//plus/mytag_js.php?aid=9999" "Mozilla/4.0 (compatible; MSIE 9.0; Windows NT 6.1)" 
23.238.131.14 - - [23/Apr/2017:14:27:37 -0700] "POST //plus/mytag_js.php?aid=9999 HTTP/1.1" 404 294 "http://www.secrepo.com//plus/mytag_js.php?aid=9999" "Mozilla/4.0 (compatible; MSIE 9.0; Windows NT 6.1)" 
23.238.131.14 - - [23/Apr/2017:14:27:37 -0700] "POST //plus/zdqd.php HTTP/1.1" 404 294 "http://www.secrepo.com//plus/zdqd.php" "Mozilla/4.0 (compatible; MSIE 9.0; Windows NT 6.1)" 
23.238.131.14 - - [23/Apr/2017:14:27:37 -0700] "POST //plus/av.php HTTP/1.1" 404 294 "http://www.secrepo.com//plus/av.php" "Mozilla/4.0 (compatible; MSIE 9.0; Windows NT 6.1)" 
23.238.131.14 - - [23/Apr/2017:14:27:37 -0700] "POST //data/style/class.php HTTP/1.1" 404 294 "http://www.secrepo.com//data/style/class.php" "Mozilla/4.0 (compatible; MSIE 9.0; Windows NT 6.1)" 
23.238.131.14 - - [23/Apr/2017:14:27:37 -0700] "POST //utility/convert/data/config.inc.php HTTP/1.1" 404 294 "http://www.secrepo.com//utility/convert/data/config.inc.php" "Mozilla/4.0 (compatible; MSIE 9.0; Windows NT 6.1)" 
23.238.131.14 - - [23/Apr/2017:14:27:37 -0700] "POST //inc/comon.inc.php HTTP/1.1" 404 294 "http://www.secrepo.com//inc/comon.inc.php" "Mozilla/4.0 (compatible; MSIE 9.0; Windows NT 6.1)" 
23.238.131.14 - - [23/Apr/2017:14:27:37 -0700] "POST //plus/90sec.asp HTTP/1.1" 404 294 "http://www.secrepo.com//plus/90sec.asp" "Mozilla/4.0 (compatible; MSIE 9.0; Windows NT 6.1)" 
23.238.131.14 - - [23/Apr/2017:14:27:37 -0700] "POST //include/code/mp.php HTTP/1.1" 404 294 "http://www.secrepo.com//include/code/mp.php" "Mozilla/4.0 (compatible; MSIE 9.0; Windows NT 6.1)" 
23.238.131.14 - - [23/Apr/2017:14:27:38 -0700] "POST //plus/mytag_js.php?aid=9527 HTTP/1.1" 404 294 "http://www.secrepo.com//plus/mytag_js.php?aid=9527" "Mozilla/4.0 (compatible; MSIE 9.0; Windows NT 6.1)" 
23.238.131.14 - - [23/Apr/2017:14:27:38 -0700] "POST //plus/mytag_js.php?aid=9527 HTTP/1.1" 404 294 "http://www.secrepo.com//plus/mytag_js.php?aid=9527" "Mozilla/4.0 (compatible; MSIE 9.0; Windows NT 6.1)" 
23.238.131.14 - - [23/Apr/2017:14:27:38 -0700] "POST //plus/mytag_js.php?aid=9527 HTTP/1.1" 404 294 "http://www.secrepo.com//plus/mytag_js.php?aid=9527" "Mozilla/4.0 (compatible; MSIE 9.0; Windows NT 6.1)" 
23.238.131.14 - - [23/Apr/2017:14:27:38 -0700] "POST //bbs/utility/convert/data/config.inc.php HTTP/1.1" 404 294 "http://www.secrepo.com//bbs/utility/convert/data/config.inc.php" "Mozilla/4.0 (compatible; MSIE 9.0; Windows NT 6.1)" 
23.238.131.14 - - [23/Apr/2017:14:27:38 -0700] "POST //include/ckeditor/plugins/pagebreak/images/inCahe.php HTTP/1.1" 404 294 "http://www.secrepo.com//include/ckeditor/plugins/pagebreak/images/inCahe.php" "Mozilla/4.0 (compatible; MSIE 9.0; Windows NT 6.1)" 
23.238.131.14 - - [23/Apr/2017:14:27:38 -0700] "POST //include/helperss/filter.helpear.php HTTP/1.1" 404 294 "http://www.secrepo.com//include/helperss/filter.helpear.php" "Mozilla/4.0 (compatible; MSIE 9.0; Windows NT 6.1)" 
23.238.131.14 - - [23/Apr/2017:14:27:38 -0700] "POST //bbs/utility/convert/data/config.inc.php HTTP/1.1" 404 294 "http://www.secrepo.com//bbs/utility/convert/data/config.inc.php" "Mozilla/4.0 (compatible; MSIE 9.0; Windows NT 6.1)" 
23.238.131.14 - - [23/Apr/2017:14:27:38 -0700] "POST //utility/convert/data/config.inc.php HTTP/1.1" 404 294 "http://www.secrepo.com//utility/convert/data/config.inc.php" "Mozilla/4.0 (compatible; MSIE 9.0; Windows NT 6.1)" 
23.238.131.14 - - [23/Apr/2017:14:27:38 -0700] "POST //include/helpers/cookie.helpea.php HTTP/1.1" 404 294 "http://www.secrepo.com//include/helpers/cookie.helpea.php" "Mozilla/4.0 (compatible; MSIE 9.0; Windows NT 6.1)" 
23.238.131.14 - - [23/Apr/2017:14:27:38 -0700] "POST //index.php/Index/index/name/%24%7B@print%28eval%28%24_POST%5Bc%5D%29%29%7D HTTP/1.1" 404 294 "http://www.secrepo.com//index.php/Index/index/name/%24%7B@print%28eval%28%24_POST%5Bc%5D%29%29%7D" "Mozilla/4.0 (compatible; MSIE 9.0; Windows NT 6.1)" 
23.238.131.14 - - [23/Apr/2017:14:27:38 -0700] "POST //index.php/Index/index/name/%24%7B@print%28eval%28%24_POST%5Bc%5D%29%29%7D HTTP/1.1" 404 294 "http://www.secrepo.com//index.php/Index/index/name/%24%7B@print%28eval%28%24_POST%5Bc%5D%29%29%7D" "Mozilla/4.0 (compatible; MSIE 9.0; Windows NT 6.1)" 
23.238.131.14 - - [23/Apr/2017:14:27:38 -0700] "POST //index.php/Index/index/name/%24%7B@print%28eval%28%24_POST%5Bc%5D%29%29%7D HTTP/1.1" 404 294 "http://www.secrepo.com//index.php/Index/index/name/%24%7B@print%28eval%28%24_POST%5Bc%5D%29%29%7D" "Mozilla/4.0 (compatible; MSIE 9.0; Windows NT 6.1)" 
23.238.131.14 - - [23/Apr/2017:14:27:38 -0700] "POST //bbs/convert/data/config.inc.php HTTP/1.1" 404 294 "http://www.secrepo.com//bbs/convert/data/config.inc.php" "Mozilla/4.0 (compatible; MSIE 9.0; Windows NT 6.1)" 
40.77.167.123 - - [23/Apr/2017:14:32:02 -0700] "GET /self.logs/error.log.2015-01-29.gz HTTP/1.1" 200 1497 "-" "msnbot-media/1.1 (+http://search.msn.com/msnbot.htm)" 
40.77.167.122 - - [23/Apr/2017:14:36:20 -0700] "GET /self.logs/access.log.2017-02-27.gz HTTP/1.1" 200 37505 "-" "Mozilla/5.0 (compatible; bingbot/2.0; +http://www.bing.com/bingbot.htm)" 
5.28.137.105 - - [23/Apr/2017:14:41:08 -0700] "GET / HTTP/1.1" 200 10792 "http://www.mlsecproject.org/" "Mozilla/5.0 (Linux; Android 6.0.1; RS988 Build/MMB29M) AppleWebKit/537.36 (KHTML, like Gecko) Chrome/57.0.2987.132 Mobile Safari/537.36" 
5.28.137.105 - - [23/Apr/2017:14:41:08 -0700] "GET /twitter-icon.png HTTP/1.1" 200 27787 "http://www.secrepo.com/" "Mozilla/5.0 (Linux; Android 6.0.1; RS988 Build/MMB29M) AppleWebKit/537.36 (KHTML, like Gecko) Chrome/57.0.2987.132 Mobile Safari/537.36" 
5.28.137.105 - - [23/Apr/2017:14:41:08 -0700] "GET /GitHub-Mark.png HTTP/1.1" 200 7428 "http://www.secrepo.com/" "Mozilla/5.0 (Linux; Android 6.0.1; RS988 Build/MMB29M) AppleWebKit/537.36 (KHTML, like Gecko) Chrome/57.0.2987.132 Mobile Safari/537.36" 
149.254.234.129 - - [23/Apr/2017:14:41:58 -0700] "GET /wp-login.php HTTP/1.1" 301 522 "-" "Mozilla/5.0 (Windows NT 6.1; WOW64; rv:40.0) Gecko/20100101 Firefox/40.1" 
149.254.234.129 - - [23/Apr/2017:14:41:59 -0700] "GET /wp-login.php HTTP/1.1" 404 295 "-" "Mozilla/5.0 (Windows NT 6.1; WOW64; rv:40.0) Gecko/20100101 Firefox/40.1" 
149.254.234.129 - - [23/Apr/2017:14:42:04 -0700] "GET /wp-login.php HTTP/1.1" 301 522 "-" "Mozilla/5.0 (Windows NT 6.1; WOW64; rv:40.0) Gecko/20100101 Firefox/40.1" 
149.254.234.129 - - [23/Apr/2017:14:42:09 -0700] "GET / HTTP/1.1" 301 498 "-" "Mozilla/5.0 (Windows NT 6.1; WOW64; rv:40.0) Gecko/20100101 Firefox/40.1" 
207.46.13.56 - - [23/Apr/2017:14:50:52 -0700] "GET /honeypot/honeypot%20-%20howto.pdf HTTP/1.1" 301 531 "-" "Mozilla/5.0 (iPhone; CPU iPhone OS 7_0 like Mac OS X) AppleWebKit/537.51.1 (KHTML, like Gecko) Version/7.0 Mobile/11A465 Safari/9537.53 (compatible; bingbot/2.0; +http://www.bing.com/bingbot.htm)" 
207.46.13.56 - - [23/Apr/2017:14:50:57 -0700] "GET /honeypot/honeypot%20-%20howto.pdf HTTP/1.1" 404 340 "-" "Mozilla/5.0 (iPhone; CPU iPhone OS 7_0 like Mac OS X) AppleWebKit/537.51.1 (KHTML, like Gecko) Version/7.0 Mobile/11A465 Safari/9537.53 (compatible; bingbot/2.0; +http://www.bing.com/bingbot.htm)" 
41.59.0.28 - - [23/Apr/2017:14:56:38 -0700] "GET /wp-login.php HTTP/1.1" 404 295 "-" "Mozilla/5.0 (Windows NT 6.1; WOW64; rv:40.0) Gecko/20100101 Firefox/40.1" 
41.59.0.28 - - [23/Apr/2017:14:56:43 -0700] "GET /wp-login.php HTTP/1.1" 404 295 "-" "Mozilla/5.0 (Windows NT 6.1; WOW64; rv:40.0) Gecko/20100101 Firefox/40.1" 
41.59.0.28 - - [23/Apr/2017:14:56:49 -0700] "GET / HTTP/1.1" 200 36475 "-" "Mozilla/5.0 (Windows NT 6.1; WOW64; rv:40.0) Gecko/20100101 Firefox/40.1" 
51.255.65.93 - - [23/Apr/2017:14:57:26 -0700] "GET /self.logs/error.log.2017-04-17.gz HTTP/1.1" 200 1068 "-" "Mozilla/5.0 (compatible; AhrefsBot/5.2; +http://ahrefs.com/robot/)" 
50.100.187.219 - - [23/Apr/2017:15:01:18 -0700] "GET /wp-login.php HTTP/1.1" 404 295 "-" "Mozilla/5.0 (Windows NT 6.1; WOW64; rv:40.0) Gecko/20100101 Firefox/40.1" 
50.100.187.219 - - [23/Apr/2017:15:01:23 -0700] "GET /wp-login.php HTTP/1.1" 404 295 "-" "Mozilla/5.0 (Windows NT 6.1; WOW64; rv:40.0) Gecko/20100101 Firefox/40.1" 
200.59.154.11 - - [23/Apr/2017:15:01:24 -0700] "GET /wp-login.php HTTP/1.1" 404 295 "-" "Mozilla/5.0 (Windows NT 6.1; WOW64; rv:40.0) Gecko/20100101 Firefox/40.1" 
50.100.187.219 - - [23/Apr/2017:15:01:28 -0700] "GET / HTTP/1.1" 200 36475 "-" "Mozilla/5.0 (Windows NT 6.1; WOW64; rv:40.0) Gecko/20100101 Firefox/40.1" 
200.59.154.11 - - [23/Apr/2017:15:01:30 -0700] "GET /wp-login.php HTTP/1.1" 404 295 "-" "Mozilla/5.0 (Windows NT 6.1; WOW64; rv:40.0) Gecko/20100101 Firefox/40.1" 
200.59.154.11 - - [23/Apr/2017:15:01:35 -0700] "GET / HTTP/1.1" 200 36475 "-" "Mozilla/5.0 (Windows NT 6.1; WOW64; rv:40.0) Gecko/20100101 Firefox/40.1" 
2.240.66.62 - - [23/Apr/2017:15:06:44 -0700] "GET / HTTP/1.1" 200 10792 "https://www.google.de/" "Mozilla/5.0 (X11; Ubuntu; Linux x86_64; rv:53.0) Gecko/20100101 Firefox/53.0" 
2.240.66.62 - - [23/Apr/2017:15:06:44 -0700] "GET /bootstrap/img/favicon.ico HTTP/1.1" 200 589 "-" "Mozilla/5.0 (X11; Ubuntu; Linux x86_64; rv:53.0) Gecko/20100101 Firefox/53.0" 
2.240.66.62 - - [23/Apr/2017:15:06:44 -0700] "GET /twitter-icon.png HTTP/1.1" 200 27787 "http://www.secrepo.com/" "Mozilla/5.0 (X11; Ubuntu; Linux x86_64; rv:53.0) Gecko/20100101 Firefox/53.0" 
2.240.66.62 - - [23/Apr/2017:15:06:45 -0700] "GET /GitHub-Mark.png HTTP/1.1" 200 7428 "http://www.secrepo.com/" "Mozilla/5.0 (X11; Ubuntu; Linux x86_64; rv:53.0) Gecko/20100101 Firefox/53.0" 
159.226.251.229 - - [23/Apr/2017:15:19:24 -0700] "GET /maccdc2012/maccdc2012_full_alert.7z HTTP/1.1" 304 132 "-" "Mozilla/5.0 Gecko/20100115 Firefox/3.6" 
120.192.95.88 - - [23/Apr/2017:15:20:25 -0700] "GET /maccdc2012/maccdc2012_full_alert.7z HTTP/1.1" 304 132 "-" "Mozilla/5.0 Gecko/20100115 Firefox/3.6" 
159.226.251.229 - - [23/Apr/2017:15:26:23 -0700] "GET /tg/a.zip HTTP/1.1" 304 132 "-" "Mozilla/5.0 Gecko/20100115 Firefox/3.6" 
217.182.132.153 - - [23/Apr/2017:15:27:31 -0700] "GET /self.logs/access.log.2016-07-07.gz HTTP/1.1" 200 11207 "-" "Mozilla/5.0 (compatible; AhrefsBot/5.2; +http://ahrefs.com/robot/)" 
51.255.65.16 - - [23/Apr/2017:15:33:24 -0700] "GET /self.logs/error.log.2015-12-01.gz HTTP/1.1" 200 709 "-" "Mozilla/5.0 (compatible; AhrefsBot/5.2; +http://ahrefs.com/robot/)" 
41.59.0.28 - - [23/Apr/2017:15:35:03 -0700] "GET /wp-login.php HTTP/1.1" 301 522 "-" "Mozilla/5.0 (Windows NT 6.1; WOW64; rv:40.0) Gecko/20100101 Firefox/40.1" 
41.59.0.28 - - [23/Apr/2017:15:35:04 -0700] "GET /wp-login.php HTTP/1.1" 404 295 "-" "Mozilla/5.0 (Windows NT 6.1; WOW64; rv:40.0) Gecko/20100101 Firefox/40.1" 
41.75.211.50 - - [23/Apr/2017:15:35:09 -0700] "GET /wp-login.php HTTP/1.1" 301 522 "-" "Mozilla/5.0 (Windows NT 6.1; WOW64; rv:40.0) Gecko/20100101 Firefox/40.1" 
41.75.211.50 - - [23/Apr/2017:15:35:10 -0700] "GET /wp-login.php HTTP/1.1" 404 295 "-" "Mozilla/5.0 (Windows NT 6.1; WOW64; rv:40.0) Gecko/20100101 Firefox/40.1" 
41.59.0.28 - - [23/Apr/2017:15:35:16 -0700] "GET / HTTP/1.1" 301 498 "-" "Mozilla/5.0 (Windows NT 6.1; WOW64; rv:40.0) Gecko/20100101 Firefox/40.1" 
41.75.211.50 - - [23/Apr/2017:15:35:16 -0700] "GET / HTTP/1.1" 200 36475 "-" "Mozilla/5.0 (Windows NT 6.1; WOW64; rv:40.0) Gecko/20100101 Firefox/40.1" 
40.77.167.122 - - [23/Apr/2017:15:36:44 -0700] "GET /self.logs/error.log.2016-08-08.gz HTTP/1.1" 301 544 "-" "Mozilla/5.0 (compatible; bingbot/2.0; +http://www.bing.com/bingbot.htm)" 
217.182.132.185 - - [23/Apr/2017:15:38:37 -0700] "GET /self.logs/error.log.2017-04-13.gz HTTP/1.1" 200 757 "-" "Mozilla/5.0 (compatible; AhrefsBot/5.2; +http://ahrefs.com/robot/)" 
66.249.64.74 - - [23/Apr/2017:15:39:49 -0700] "GET /robots.txt HTTP/1.1" 301 502 "-" "Mozilla/5.0 (compatible; Googlebot/2.1; +http://www.google.com/bot.html)" 
66.249.64.79 - - [23/Apr/2017:15:39:49 -0700] "GET / HTTP/1.1" 301 483 "-" "Mozilla/5.0 (compatible; Googlebot/2.1; +http://www.google.com/bot.html)" 
66.249.64.128 - - [23/Apr/2017:15:39:49 -0700] "GET /robots.txt HTTP/1.1" 200 334 "-" "Mozilla/5.0 (compatible; Googlebot/2.1; +http://www.google.com/bot.html)" 
66.249.64.191 - - [23/Apr/2017:15:39:49 -0700] "GET /robots.txt HTTP/1.1" 200 334 "-" "Mozilla/5.0 (compatible; Googlebot/2.1; +http://www.google.com/bot.html)" 
66.249.64.187 - - [23/Apr/2017:15:39:50 -0700] "GET / HTTP/1.1" 200 10792 "-" "Mozilla/5.0 (compatible; Googlebot/2.1; +http://www.google.com/bot.html)" 
41.87.139.190 - - [23/Apr/2017:16:00:21 -0700] "GET /bootstrap/img/favicon.ico HTTP/1.1" 304 165 "-" "Mozilla/5.0 (X11; Ubuntu; Linux x86_64; rv:53.0) Gecko/20100101 Firefox/53.0" 
40.77.167.123 - - [23/Apr/2017:16:09:43 -0700] "GET / HTTP/1.1" 200 10792 "-" "Mozilla/5.0 (compatible; bingbot/2.0; +http://www.bing.com/bingbot.htm)" 
50.100.187.219 - - [23/Apr/2017:16:09:46 -0700] "GET /wp-login.php HTTP/1.1" 301 522 "-" "Mozilla/5.0 (Windows NT 6.1; WOW64; rv:40.0) Gecko/20100101 Firefox/40.1" 
50.100.187.219 - - [23/Apr/2017:16:09:46 -0700] "GET /wp-login.php HTTP/1.1" 404 295 "-" "Mozilla/5.0 (Windows NT 6.1; WOW64; rv:40.0) Gecko/20100101 Firefox/40.1" 
50.100.187.219 - - [23/Apr/2017:16:09:51 -0700] "GET /wp-login.php HTTP/1.1" 301 522 "-" "Mozilla/5.0 (Windows NT 6.1; WOW64; rv:40.0) Gecko/20100101 Firefox/40.1" 
50.100.187.219 - - [23/Apr/2017:16:09:51 -0700] "GET /wp-login.php HTTP/1.1" 404 295 "-" "Mozilla/5.0 (Windows NT 6.1; WOW64; rv:40.0) Gecko/20100101 Firefox/40.1" 
50.100.187.219 - - [23/Apr/2017:16:09:56 -0700] "GET / HTTP/1.1" 301 498 "-" "Mozilla/5.0 (Windows NT 6.1; WOW64; rv:40.0) Gecko/20100101 Firefox/40.1" 
50.100.187.219 - - [23/Apr/2017:16:09:57 -0700] "GET / HTTP/1.1" 200 36475 "-" "Mozilla/5.0 (Windows NT 6.1; WOW64; rv:40.0) Gecko/20100101 Firefox/40.1" 
40.77.167.122 - - [23/Apr/2017:16:14:56 -0700] "GET /maccdc2012/conn.log.gz HTTP/1.1" 200 10934659 "-" "msnbot-media/1.1 (+http://search.msn.com/msnbot.htm)" 
158.140.182.9 - - [23/Apr/2017:16:16:58 -0700] "GET /wp-login.php HTTP/1.1" 404 295 "-" "Mozilla/5.0 (Windows NT 6.1; WOW64; rv:40.0) Gecko/20100101 Firefox/40.1" 
158.140.180.39 - - [23/Apr/2017:16:17:04 -0700] "GET /wp-login.php HTTP/1.1" 404 295 "-" "Mozilla/5.0 (Windows NT 6.1; WOW64; rv:40.0) Gecko/20100101 Firefox/40.1" 
158.140.180.39 - - [23/Apr/2017:16:17:09 -0700] "GET / HTTP/1.1" 200 36475 "-" "Mozilla/5.0 (Windows NT 6.1; WOW64; rv:40.0) Gecko/20100101 Firefox/40.1" 
40.77.167.122 - - [23/Apr/2017:16:22:29 -0700] "GET /self.logs/access.log.2015-06-28.gz HTTP/1.1" 200 11846 "-" "msnbot-media/1.1 (+http://search.msn.com/msnbot.htm)" 
40.77.167.123 - - [23/Apr/2017:16:25:32 -0700] "GET /self.logs/access.log.2015-05-29.gz HTTP/1.1" 200 3750 "-" "msnbot-media/1.1 (+http://search.msn.com/msnbot.htm)" 
73.48.137.87 - - [23/Apr/2017:16:26:08 -0700] "GET / HTTP/1.1" 200 10792 "https://www.google.com/" "Mozilla/5.0 (X11; Linux x86_64) AppleWebKit/537.36 (KHTML, like Gecko) Chrome/57.0.2987.133 Safari/537.36" 
73.48.137.87 - - [23/Apr/2017:16:26:08 -0700] "GET /twitter-icon.png HTTP/1.1" 200 27787 "http://www.secrepo.com/" "Mozilla/5.0 (X11; Linux x86_64) AppleWebKit/537.36 (KHTML, like Gecko) Chrome/57.0.2987.133 Safari/537.36" 
73.48.137.87 - - [23/Apr/2017:16:26:08 -0700] "GET /GitHub-Mark.png HTTP/1.1" 200 7428 "http://www.secrepo.com/" "Mozilla/5.0 (X11; Linux x86_64) AppleWebKit/537.36 (KHTML, like Gecko) Chrome/57.0.2987.133 Safari/537.36" 
73.48.137.87 - - [23/Apr/2017:16:26:09 -0700] "GET /bootstrap/img/favicon.ico HTTP/1.1" 200 589 "http://www.secrepo.com/" "Mozilla/5.0 (X11; Linux x86_64) AppleWebKit/537.36 (KHTML, like Gecko) Chrome/57.0.2987.133 Safari/537.36" 
207.46.13.56 - - [23/Apr/2017:16:34:53 -0700] "GET /self.logs/access.log.2015-10-21.gz HTTP/1.1" 301 545 "-" "Mozilla/5.0 (compatible; bingbot/2.0; +http://www.bing.com/bingbot.htm)" 
122.142.77.84 - - [23/Apr/2017:16:35:41 -0700] "GET /honeypot/Honeypot%20-%20Howto.pdf HTTP/1.1" 304 112 "http://www.secrepo.com/" "Mozilla/5.0 (Windows NT 6.1) AppleWebKit/537.36 (KHTML, like Gecko) Chrome/39.0.2171.95 Safari/537.36 OPR/26.0.1656.60" 
40.77.167.122 - - [23/Apr/2017:16:36:46 -0700] "GET /self.logs/error.log.2015-02-26.gz HTTP/1.1" 200 1050 "-" "msnbot-media/1.1 (+http://search.msn.com/msnbot.htm)" 
159.226.251.229 - - [23/Apr/2017:16:37:02 -0700] "GET /maccdc2012/conn.log.gz HTTP/1.1" 304 156 "-" "Mozilla/5.0 Gecko/20100115 Firefox/3.6" 
137.74.207.114 - - [23/Apr/2017:17:01:01 -0700] "GET /self.logs/access.log.2015-09-20.gz HTTP/1.1" 200 4284 "-" "Mozilla/5.0 (compatible; AhrefsBot/5.2; +http://ahrefs.com/robot/)" 
