216.244.66.227 - - [13/Jun/2017:11:08:29 -0700] "GET /self.logs/error.log.2016-01-23.gz HTTP/1.1" 200 781 "-" "Mozilla/5.0 (compatible; DotBot/1.1; http://www.opensiteexplorer.org/dotbot, help@moz.com)" 
216.244.66.227 - - [13/Jun/2017:11:08:30 -0700] "GET /self.logs/error.log.2016-06-09.gz HTTP/1.1" 200 847 "-" "Mozilla/5.0 (compatible; DotBot/1.1; http://www.opensiteexplorer.org/dotbot, help@moz.com)" 
216.244.66.227 - - [13/Jun/2017:11:08:31 -0700] "GET /self.logs/error.log.2016-11-15.gz HTTP/1.1" 200 589 "-" "Mozilla/5.0 (compatible; DotBot/1.1; http://www.opensiteexplorer.org/dotbot, help@moz.com)" 
216.244.66.227 - - [13/Jun/2017:11:08:33 -0700] "GET /self.logs/error.log.2017-03-02.gz HTTP/1.1" 200 905 "-" "Mozilla/5.0 (compatible; DotBot/1.1; http://www.opensiteexplorer.org/dotbot, help@moz.com)" 
216.244.66.227 - - [13/Jun/2017:11:08:35 -0700] "GET /self.logs/error.log.2017-03-16.gz HTTP/1.1" 200 1001 "-" "Mozilla/5.0 (compatible; DotBot/1.1; http://www.opensiteexplorer.org/dotbot, help@moz.com)" 
186.54.41.20 - - [13/Jun/2017:11:11:33 -0700] "GET /wp-login.php HTTP/1.1" 301 522 "-" "Mozilla/5.0 (Windows NT 6.1; WOW64; rv:40.0) Gecko/20100101 Firefox/40.1" 
186.54.41.20 - - [13/Jun/2017:11:11:33 -0700] "GET /wp-login.php HTTP/1.1" 404 295 "-" "Mozilla/5.0 (Windows NT 6.1; WOW64; rv:40.0) Gecko/20100101 Firefox/40.1" 
186.54.41.20 - - [13/Jun/2017:11:11:39 -0700] "GET /wp-login.php HTTP/1.1" 301 522 "-" "Mozilla/5.0 (Windows NT 6.1; WOW64; rv:40.0) Gecko/20100101 Firefox/40.1" 
186.54.41.20 - - [13/Jun/2017:11:11:39 -0700] "GET /wp-login.php HTTP/1.1" 404 295 "-" "Mozilla/5.0 (Windows NT 6.1; WOW64; rv:40.0) Gecko/20100101 Firefox/40.1" 
186.54.41.20 - - [13/Jun/2017:11:11:47 -0700] "GET / HTTP/1.1" 301 498 "-" "Mozilla/5.0 (Windows NT 6.1; WOW64; rv:40.0) Gecko/20100101 Firefox/40.1" 
186.54.41.20 - - [13/Jun/2017:11:11:48 -0700] "GET / HTTP/1.1" 200 36475 "-" "Mozilla/5.0 (Windows NT 6.1; WOW64; rv:40.0) Gecko/20100101 Firefox/40.1" 
130.85.90.130 - - [13/Jun/2017:11:15:29 -0700] "GET / HTTP/1.1" 200 10793 "https://www.google.com/" "Mozilla/5.0 (Windows NT 10.0; WOW64; rv:53.0) Gecko/20100101 Firefox/53.0" 
130.85.90.130 - - [13/Jun/2017:11:15:29 -0700] "GET /twitter-icon.png HTTP/1.1" 200 27787 "http://www.secrepo.com/" "Mozilla/5.0 (Windows NT 10.0; WOW64; rv:53.0) Gecko/20100101 Firefox/53.0" 
130.85.90.130 - - [13/Jun/2017:11:15:29 -0700] "GET /GitHub-Mark.png HTTP/1.1" 200 7427 "http://www.secrepo.com/" "Mozilla/5.0 (Windows NT 10.0; WOW64; rv:53.0) Gecko/20100101 Firefox/53.0" 
130.85.90.130 - - [13/Jun/2017:11:15:29 -0700] "GET /bootstrap/img/favicon.ico HTTP/1.1" 200 589 "-" "Mozilla/5.0 (Windows NT 10.0; WOW64; rv:53.0) Gecko/20100101 Firefox/53.0" 
168.215.136.111 - - [13/Jun/2017:11:20:49 -0700] "GET /favicon.ico HTTP/1.1" 200 268 "-" "Java/1.8.0_92" 
168.215.136.111 - - [13/Jun/2017:11:20:49 -0700] "GET /favicon.ico HTTP/1.1" 200 268 "-" "Java/1.8.0_92" 
168.215.136.111 - - [13/Jun/2017:11:20:49 -0700] "GET /favicon.ico HTTP/1.1" 200 268 "-" "Java/1.8.0_92" 
168.215.136.111 - - [13/Jun/2017:11:20:49 -0700] "GET /favicon.ico HTTP/1.1" 200 268 "-" "Java/1.8.0_92" 
168.215.136.111 - - [13/Jun/2017:11:20:49 -0700] "GET /favicon.ico HTTP/1.1" 200 268 "-" "Java/1.8.0_92" 
168.215.136.111 - - [13/Jun/2017:11:20:49 -0700] "GET /favicon.ico HTTP/1.1" 200 268 "-" "Java/1.8.0_92" 
168.215.136.111 - - [13/Jun/2017:11:20:49 -0700] "GET /favicon.ico HTTP/1.1" 200 268 "-" "Java/1.8.0_92" 
168.215.136.111 - - [13/Jun/2017:11:20:49 -0700] "GET /favicon.ico HTTP/1.1" 200 268 "-" "Java/1.8.0_92" 
168.215.136.111 - - [13/Jun/2017:11:20:49 -0700] "GET /favicon.ico HTTP/1.1" 200 268 "-" "Java/1.8.0_92" 
168.215.136.111 - - [13/Jun/2017:11:20:49 -0700] "GET /favicon.ico HTTP/1.1" 200 268 "-" "Java/1.8.0_92" 
168.215.136.111 - - [13/Jun/2017:11:20:51 -0700] "GET /favicon.ico HTTP/1.1" 200 268 "-" "Java/1.8.0_92" 
168.215.136.111 - - [13/Jun/2017:11:20:51 -0700] "GET /favicon.ico HTTP/1.1" 200 268 "-" "Java/1.8.0_92" 
168.215.136.111 - - [13/Jun/2017:11:20:51 -0700] "GET /favicon.ico HTTP/1.1" 200 268 "-" "Java/1.8.0_92" 
168.215.136.111 - - [13/Jun/2017:11:20:51 -0700] "GET /favicon.ico HTTP/1.1" 200 268 "-" "Java/1.8.0_92" 
168.215.136.111 - - [13/Jun/2017:11:20:51 -0700] "GET /favicon.ico HTTP/1.1" 200 268 "-" "Java/1.8.0_92" 
168.215.136.111 - - [13/Jun/2017:11:20:51 -0700] "GET /favicon.ico HTTP/1.1" 200 268 "-" "Java/1.8.0_92" 
168.215.136.111 - - [13/Jun/2017:11:20:52 -0700] "GET /favicon.ico HTTP/1.1" 200 268 "-" "Java/1.8.0_92" 
168.215.136.111 - - [13/Jun/2017:11:20:52 -0700] "GET /favicon.ico HTTP/1.1" 200 268 "-" "Java/1.8.0_92" 
130.85.90.130 - - [13/Jun/2017:11:21:55 -0700] "GET /auth.log/auth.log.gz HTTP/1.1" 200 554524 "http://www.secrepo.com/" "Mozilla/5.0 (Windows NT 10.0; WOW64; rv:53.0) Gecko/20100101 Firefox/53.0" 
130.85.90.130 - - [13/Jun/2017:11:21:59 -0700] "GET /favicon.ico HTTP/1.1" 200 267 "-" "Mozilla/5.0 (Windows NT 10.0; WOW64; rv:53.0) Gecko/20100101 Firefox/53.0" 
183.82.210.95 - - [13/Jun/2017:11:23:34 -0700] "GET /wp-login.php HTTP/1.1" 404 295 "-" "Mozilla/5.0 (Windows NT 6.1; WOW64; rv:40.0) Gecko/20100101 Firefox/40.1" 
183.82.210.95 - - [13/Jun/2017:11:23:40 -0700] "GET /wp-login.php HTTP/1.1" 404 295 "-" "Mozilla/5.0 (Windows NT 6.1; WOW64; rv:40.0) Gecko/20100101 Firefox/40.1" 
183.82.210.95 - - [13/Jun/2017:11:23:45 -0700] "GET / HTTP/1.1" 200 36475 "-" "Mozilla/5.0 (Windows NT 6.1; WOW64; rv:40.0) Gecko/20100101 Firefox/40.1" 
168.215.136.111 - - [13/Jun/2017:11:30:03 -0700] "GET /favicon.ico HTTP/1.1" 200 268 "-" "Java/1.8.0_92" 
168.215.136.111 - - [13/Jun/2017:11:30:03 -0700] "GET /favicon.ico HTTP/1.1" 200 268 "-" "Java/1.8.0_92" 
168.215.136.111 - - [13/Jun/2017:11:30:03 -0700] "GET /favicon.ico HTTP/1.1" 200 267 "-" "Java/1.8.0_92" 
168.215.136.111 - - [13/Jun/2017:11:30:03 -0700] "GET /favicon.ico HTTP/1.1" 200 267 "-" "Java/1.8.0_92" 
168.215.136.111 - - [13/Jun/2017:11:30:03 -0700] "GET /favicon.ico HTTP/1.1" 200 268 "-" "Java/1.8.0_92" 
168.215.136.111 - - [13/Jun/2017:11:30:03 -0700] "GET /favicon.ico HTTP/1.1" 200 267 "-" "Java/1.8.0_92" 
168.215.136.111 - - [13/Jun/2017:11:30:03 -0700] "GET /favicon.ico HTTP/1.1" 200 267 "-" "Java/1.8.0_92" 
168.215.136.111 - - [13/Jun/2017:11:30:03 -0700] "GET /favicon.ico HTTP/1.1" 200 268 "-" "Java/1.8.0_92" 
168.215.136.111 - - [13/Jun/2017:11:30:06 -0700] "GET /favicon.ico HTTP/1.1" 200 268 "-" "Java/1.8.0_92" 
168.215.136.111 - - [13/Jun/2017:11:30:06 -0700] "GET /favicon.ico HTTP/1.1" 200 268 "-" "Java/1.8.0_92" 
168.215.136.111 - - [13/Jun/2017:11:30:06 -0700] "GET /favicon.ico HTTP/1.1" 200 268 "-" "Java/1.8.0_92" 
168.215.136.111 - - [13/Jun/2017:11:30:06 -0700] "GET /favicon.ico HTTP/1.1" 200 268 "-" "Java/1.8.0_92" 
168.215.136.111 - - [13/Jun/2017:11:31:21 -0700] "GET /favicon.ico HTTP/1.1" 200 268 "-" "Java/1.8.0_92" 
168.215.136.111 - - [13/Jun/2017:11:31:21 -0700] "GET /favicon.ico HTTP/1.1" 200 268 "-" "Java/1.8.0_92" 
168.215.136.111 - - [13/Jun/2017:11:31:21 -0700] "GET /favicon.ico HTTP/1.1" 200 268 "-" "Java/1.8.0_92" 
24.199.169.126 - - [13/Jun/2017:11:31:21 -0700] "GET /favicon.ico HTTP/1.1" 200 268 "-" "Java/1.8.0_92" 
24.199.169.126 - - [13/Jun/2017:11:31:21 -0700] "GET /favicon.ico HTTP/1.1" 200 268 "-" "Java/1.8.0_92" 
24.199.169.126 - - [13/Jun/2017:11:31:22 -0700] "GET /favicon.ico HTTP/1.1" 200 268 "-" "Java/1.8.0_92" 
122.176.12.71 - - [13/Jun/2017:11:34:05 -0700] "GET /wp-login.php HTTP/1.1" 404 295 "-" "Mozilla/5.0 (Windows NT 6.1; WOW64; rv:40.0) Gecko/20100101 Firefox/40.1" 
122.176.12.71 - - [13/Jun/2017:11:34:11 -0700] "GET /wp-login.php HTTP/1.1" 404 295 "-" "Mozilla/5.0 (Windows NT 6.1; WOW64; rv:40.0) Gecko/20100101 Firefox/40.1" 
122.176.12.71 - - [13/Jun/2017:11:34:16 -0700] "GET / HTTP/1.1" 200 36475 "-" "Mozilla/5.0 (Windows NT 6.1; WOW64; rv:40.0) Gecko/20100101 Firefox/40.1" 
134.164.50.89 - - [13/Jun/2017:11:36:03 -0700] "GET / HTTP/1.1" 200 10793 "-" "Mozilla/5.0 (X11; Linux x86_64) AppleWebKit/537.36 (KHTML, like Gecko) Chrome/58.0.3029.110 Safari/537.36" 
134.164.50.89 - - [13/Jun/2017:11:36:04 -0700] "GET /GitHub-Mark.png HTTP/1.1" 200 7428 "http://www.secrepo.com/" "Mozilla/5.0 (X11; Linux x86_64) AppleWebKit/537.36 (KHTML, like Gecko) Chrome/58.0.3029.110 Safari/537.36" 
134.164.50.89 - - [13/Jun/2017:11:36:04 -0700] "GET /twitter-icon.png HTTP/1.1" 200 27787 "http://www.secrepo.com/" "Mozilla/5.0 (X11; Linux x86_64) AppleWebKit/537.36 (KHTML, like Gecko) Chrome/58.0.3029.110 Safari/537.36" 
134.164.50.89 - - [13/Jun/2017:11:36:04 -0700] "GET /bootstrap/img/favicon.ico HTTP/1.1" 200 589 "http://www.secrepo.com/" "Mozilla/5.0 (X11; Linux x86_64) AppleWebKit/537.36 (KHTML, like Gecko) Chrome/58.0.3029.110 Safari/537.36" 
134.164.50.89 - - [13/Jun/2017:11:36:19 -0700] "GET /maccdc2012/dhcp.log.gz HTTP/1.1" 200 45019 "-" "Mozilla/5.0 (X11; Linux x86_64) AppleWebKit/537.36 (KHTML, like Gecko) Chrome/58.0.3029.110 Safari/537.36" 
134.164.50.89 - - [13/Jun/2017:11:36:28 -0700] "GET /maccdc2012/ftp.log.gz HTTP/1.1" 200 128116 "-" "Mozilla/5.0 (X11; Linux x86_64) AppleWebKit/537.36 (KHTML, like Gecko) Chrome/58.0.3029.110 Safari/537.36" 
134.164.50.89 - - [13/Jun/2017:11:36:33 -0700] "GET /maccdc2012/notice.log.gz HTTP/1.1" 200 20779 "-" "Mozilla/5.0 (X11; Linux x86_64) AppleWebKit/537.36 (KHTML, like Gecko) Chrome/58.0.3029.110 Safari/537.36" 
216.244.66.227 - - [13/Jun/2017:11:36:35 -0700] "GET /robots.txt HTTP/1.1" 200 233 "-" "Mozilla/5.0 (compatible; DotBot/1.1; http://www.opensiteexplorer.org/dotbot, help@moz.com)" 
134.164.50.89 - - [13/Jun/2017:11:36:37 -0700] "GET /maccdc2012/signatures.log.gz HTTP/1.1" 200 605 "-" "Mozilla/5.0 (X11; Linux x86_64) AppleWebKit/537.36 (KHTML, like Gecko) Chrome/58.0.3029.110 Safari/537.36" 
134.164.50.89 - - [13/Jun/2017:11:36:41 -0700] "GET /maccdc2012/smtp.log.gz HTTP/1.1" 200 6908 "-" "Mozilla/5.0 (X11; Linux x86_64) AppleWebKit/537.36 (KHTML, like Gecko) Chrome/58.0.3029.110 Safari/537.36" 
134.164.50.89 - - [13/Jun/2017:11:36:22 -0700] "GET /maccdc2012/dns.log.gz HTTP/1.1" 200 6629420 "-" "Mozilla/5.0 (X11; Linux x86_64) AppleWebKit/537.36 (KHTML, like Gecko) Chrome/58.0.3029.110 Safari/537.36" 
134.164.50.89 - - [13/Jun/2017:11:36:44 -0700] "GET /maccdc2012/ssh.log.gz HTTP/1.1" 200 182516 "-" "Mozilla/5.0 (X11; Linux x86_64) AppleWebKit/537.36 (KHTML, like Gecko) Chrome/58.0.3029.110 Safari/537.36" 
134.164.50.89 - - [13/Jun/2017:11:36:50 -0700] "GET /maccdc2012/tunnel.log.gz HTTP/1.1" 200 5229 "-" "Mozilla/5.0 (X11; Linux x86_64) AppleWebKit/537.36 (KHTML, like Gecko) Chrome/58.0.3029.110 Safari/537.36" 
134.164.50.89 - - [13/Jun/2017:11:36:47 -0700] "GET /maccdc2012/ssl.log.gz HTTP/1.1" 200 1313675 "-" "Mozilla/5.0 (X11; Linux x86_64) AppleWebKit/537.36 (KHTML, like Gecko) Chrome/58.0.3029.110 Safari/537.36" 
134.164.50.89 - - [13/Jun/2017:11:36:54 -0700] "GET /maccdc2012/weird.log.gz HTTP/1.1" 200 1242777 "-" "Mozilla/5.0 (X11; Linux x86_64) AppleWebKit/537.36 (KHTML, like Gecko) Chrome/58.0.3029.110 Safari/537.36" 
134.164.50.89 - - [13/Jun/2017:11:36:25 -0700] "GET /maccdc2012/files.log.gz HTTP/1.1" 200 51408672 "-" "Mozilla/5.0 (X11; Linux x86_64) AppleWebKit/537.36 (KHTML, like Gecko) Chrome/58.0.3029.110 Safari/537.36" 
134.164.50.89 - - [13/Jun/2017:11:36:30 -0700] "GET /maccdc2012/http.log.gz HTTP/1.1" 200 54258815 "-" "Mozilla/5.0 (X11; Linux x86_64) AppleWebKit/537.36 (KHTML, like Gecko) Chrome/58.0.3029.110 Safari/537.36" 
78.182.184.255 - - [13/Jun/2017:11:38:09 -0700] "GET /wp-login.php HTTP/1.1" 301 522 "-" "Mozilla/5.0 (Windows NT 6.1; WOW64; rv:40.0) Gecko/20100101 Firefox/40.1" 
78.182.184.255 - - [13/Jun/2017:11:38:09 -0700] "GET /wp-login.php HTTP/1.1" 404 295 "-" "Mozilla/5.0 (Windows NT 6.1; WOW64; rv:40.0) Gecko/20100101 Firefox/40.1" 
78.182.184.255 - - [13/Jun/2017:11:38:15 -0700] "GET /wp-login.php HTTP/1.1" 301 522 "-" "Mozilla/5.0 (Windows NT 6.1; WOW64; rv:40.0) Gecko/20100101 Firefox/40.1" 
78.182.184.255 - - [13/Jun/2017:11:38:15 -0700] "GET /wp-login.php HTTP/1.1" 404 295 "-" "Mozilla/5.0 (Windows NT 6.1; WOW64; rv:40.0) Gecko/20100101 Firefox/40.1" 
142.166.3.122 - - [13/Jun/2017:11:38:20 -0700] "GET /robots.txt HTTP/1.1" 200 304 "-" "R6_CommentReader(www.radian6.com/crawler)" 
78.182.184.255 - - [13/Jun/2017:11:38:20 -0700] "GET / HTTP/1.1" 301 498 "-" "Mozilla/5.0 (Windows NT 6.1; WOW64; rv:40.0) Gecko/20100101 Firefox/40.1" 
142.166.3.122 - - [13/Jun/2017:11:38:20 -0700] "GET / HTTP/1.1" 200 10737 "-" "R6_FeedFetcher_(www.radian6.com/crawler)" 
78.182.184.255 - - [13/Jun/2017:11:38:21 -0700] "GET / HTTP/1.1" 200 36475 "-" "Mozilla/5.0 (Windows NT 6.1; WOW64; rv:40.0) Gecko/20100101 Firefox/40.1" 
108.171.131.163 - - [13/Jun/2017:11:41:32 -0700] "GET /bootstrap/img/favicon.ico HTTP/1.1" 200 590 "-" "HipChat Mozilla/5.0 (Windows NT 6.2; WOW64) AppleWebKit/537.36 (KHTML, like Gecko) QtWebEngine/5.7.0 Chrome/49.0.2623.111 Safari/537.36" 
134.164.50.89 - - [13/Jun/2017:11:36:06 -0700] "GET /maccdc2012/conn.log.gz HTTP/1.1" 200 551041634 "-" "Mozilla/5.0 (X11; Linux x86_64) AppleWebKit/537.36 (KHTML, like Gecko) Chrome/58.0.3029.110 Safari/537.36" 
216.244.66.227 - - [13/Jun/2017:11:48:03 -0700] "GET /self.logs/access.log.2015-01-24.gz HTTP/1.1" 200 2174 "-" "Mozilla/5.0 (compatible; DotBot/1.1; http://www.opensiteexplorer.org/dotbot, help@moz.com)" 
216.244.66.227 - - [13/Jun/2017:11:48:05 -0700] "GET /self.logs/access.log.2016-02-22.gz HTTP/1.1" 200 10265 "-" "Mozilla/5.0 (compatible; DotBot/1.1; http://www.opensiteexplorer.org/dotbot, help@moz.com)" 
216.244.66.227 - - [13/Jun/2017:11:48:07 -0700] "GET /self.logs/access.log.2016-05-04.gz HTTP/1.1" 200 17007 "-" "Mozilla/5.0 (compatible; DotBot/1.1; http://www.opensiteexplorer.org/dotbot, help@moz.com)" 
216.244.66.227 - - [13/Jun/2017:11:48:09 -0700] "GET /self.logs/error.log.2015-04-10.gz HTTP/1.1" 200 2490 "-" "Mozilla/5.0 (compatible; DotBot/1.1; http://www.opensiteexplorer.org/dotbot, help@moz.com)" 
168.215.136.111 - - [13/Jun/2017:11:57:56 -0700] "GET /favicon.ico HTTP/1.1" 200 268 "-" "Java/1.8.0_92" 
168.215.136.111 - - [13/Jun/2017:11:57:56 -0700] "GET /favicon.ico HTTP/1.1" 200 268 "-" "Java/1.8.0_92" 
168.215.136.111 - - [13/Jun/2017:11:57:56 -0700] "GET /favicon.ico HTTP/1.1" 200 268 "-" "Java/1.8.0_92" 
168.215.136.111 - - [13/Jun/2017:11:57:56 -0700] "GET /favicon.ico HTTP/1.1" 200 268 "-" "Java/1.8.0_92" 
168.215.136.111 - - [13/Jun/2017:11:58:03 -0700] "GET /favicon.ico HTTP/1.1" 200 268 "-" "Java/1.8.0_92" 
168.215.136.111 - - [13/Jun/2017:11:58:03 -0700] "GET /favicon.ico HTTP/1.1" 200 268 "-" "Java/1.8.0_92" 
78.232.65.101 - - [13/Jun/2017:12:15:09 -0700] "GET /wp-login.php HTTP/1.1" 404 295 "-" "Mozilla/5.0 (Windows NT 6.1; WOW64; rv:40.0) Gecko/20100101 Firefox/40.1" 
78.232.65.101 - - [13/Jun/2017:12:15:14 -0700] "GET /wp-login.php HTTP/1.1" 404 295 "-" "Mozilla/5.0 (Windows NT 6.1; WOW64; rv:40.0) Gecko/20100101 Firefox/40.1" 
78.232.65.101 - - [13/Jun/2017:12:15:20 -0700] "GET / HTTP/1.1" 200 36475 "-" "Mozilla/5.0 (Windows NT 6.1; WOW64; rv:40.0) Gecko/20100101 Firefox/40.1" 
88.217.140.185 - - [13/Jun/2017:12:15:56 -0700] "GET / HTTP/1.1" 200 10793 "https://www.google.de/" "Mozilla/5.0 (Windows NT 6.1; Win64; x64) AppleWebKit/537.36 (KHTML, like Gecko) Chrome/58.0.3029.110 Safari/537.36" 
88.217.140.185 - - [13/Jun/2017:12:15:57 -0700] "GET /twitter-icon.png HTTP/1.1" 200 27787 "http://www.secrepo.com/" "Mozilla/5.0 (Windows NT 6.1; Win64; x64) AppleWebKit/537.36 (KHTML, like Gecko) Chrome/58.0.3029.110 Safari/537.36" 
88.217.140.185 - - [13/Jun/2017:12:15:57 -0700] "GET /GitHub-Mark.png HTTP/1.1" 200 7428 "http://www.secrepo.com/" "Mozilla/5.0 (Windows NT 6.1; Win64; x64) AppleWebKit/537.36 (KHTML, like Gecko) Chrome/58.0.3029.110 Safari/537.36" 
88.217.140.185 - - [13/Jun/2017:12:15:57 -0700] "GET /bootstrap/img/favicon.ico HTTP/1.1" 200 589 "http://www.secrepo.com/" "Mozilla/5.0 (Windows NT 6.1; Win64; x64) AppleWebKit/537.36 (KHTML, like Gecko) Chrome/58.0.3029.110 Safari/537.36" 
216.244.66.227 - - [13/Jun/2017:12:17:39 -0700] "GET /robots.txt HTTP/1.1" 200 233 "-" "Mozilla/5.0 (compatible; DotBot/1.1; http://www.opensiteexplorer.org/dotbot, help@moz.com)" 
78.232.65.101 - - [13/Jun/2017:12:18:30 -0700] "GET /wp-login.php HTTP/1.1" 301 522 "-" "Mozilla/5.0 (Windows NT 6.1; WOW64; rv:40.0) Gecko/20100101 Firefox/40.1" 
78.232.65.101 - - [13/Jun/2017:12:18:30 -0700] "GET /wp-login.php HTTP/1.1" 404 295 "-" "Mozilla/5.0 (Windows NT 6.1; WOW64; rv:40.0) Gecko/20100101 Firefox/40.1" 
78.232.65.101 - - [13/Jun/2017:12:18:35 -0700] "GET /wp-login.php HTTP/1.1" 301 522 "-" "Mozilla/5.0 (Windows NT 6.1; WOW64; rv:40.0) Gecko/20100101 Firefox/40.1" 
78.232.65.101 - - [13/Jun/2017:12:18:36 -0700] "GET /wp-login.php HTTP/1.1" 404 295 "-" "Mozilla/5.0 (Windows NT 6.1; WOW64; rv:40.0) Gecko/20100101 Firefox/40.1" 
78.232.65.101 - - [13/Jun/2017:12:18:41 -0700] "GET / HTTP/1.1" 301 498 "-" "Mozilla/5.0 (Windows NT 6.1; WOW64; rv:40.0) Gecko/20100101 Firefox/40.1" 
78.232.65.101 - - [13/Jun/2017:12:18:41 -0700] "GET / HTTP/1.1" 200 36475 "-" "Mozilla/5.0 (Windows NT 6.1; WOW64; rv:40.0) Gecko/20100101 Firefox/40.1" 
168.215.136.111 - - [13/Jun/2017:12:20:37 -0700] "GET /favicon.ico HTTP/1.1" 200 268 "-" "Java/1.8.0_92" 
168.215.136.111 - - [13/Jun/2017:12:20:37 -0700] "GET /favicon.ico HTTP/1.1" 200 268 "-" "Java/1.8.0_92" 
168.215.136.111 - - [13/Jun/2017:12:20:37 -0700] "GET /favicon.ico HTTP/1.1" 200 267 "-" "Java/1.8.0_92" 
168.215.136.111 - - [13/Jun/2017:12:20:37 -0700] "GET /favicon.ico HTTP/1.1" 200 268 "-" "Java/1.8.0_92" 
168.215.136.111 - - [13/Jun/2017:12:20:37 -0700] "GET /favicon.ico HTTP/1.1" 200 267 "-" "Java/1.8.0_92" 
168.215.136.111 - - [13/Jun/2017:12:20:37 -0700] "GET /favicon.ico HTTP/1.1" 200 267 "-" "Java/1.8.0_92" 
176.221.123.24 - - [13/Jun/2017:12:20:57 -0700] "GET / HTTP/1.1" 200 10793 "-" "Mozilla/5.0 (Windows NT 10.0; Win64; x64) AppleWebKit/537.36 (KHTML, like Gecko) Chrome/58.0.3029.110 Safari/537.36" 
176.221.123.24 - - [13/Jun/2017:12:20:58 -0700] "GET /twitter-icon.png HTTP/1.1" 200 27787 "http://www.secrepo.com/" "Mozilla/5.0 (Windows NT 10.0; Win64; x64) AppleWebKit/537.36 (KHTML, like Gecko) Chrome/58.0.3029.110 Safari/537.36" 
176.221.123.24 - - [13/Jun/2017:12:20:58 -0700] "GET /GitHub-Mark.png HTTP/1.1" 200 7428 "http://www.secrepo.com/" "Mozilla/5.0 (Windows NT 10.0; Win64; x64) AppleWebKit/537.36 (KHTML, like Gecko) Chrome/58.0.3029.110 Safari/537.36" 
77.75.77.95 - - [13/Jun/2017:12:21:53 -0700] "GET /robots.txt HTTP/1.1" 200 334 "-" "Mozilla/5.0 (compatible; SeznamBot/3.2; +http://napoveda.seznam.cz/en/seznambot-intro/)" 
77.75.77.95 - - [13/Jun/2017:12:21:54 -0700] "GET /honeypot/BSidesDFW%20-%202014.ipynb HTTP/1.1" 200 930836 "-" "Mozilla/5.0 (compatible; SeznamBot/3.2; +http://napoveda.seznam.cz/en/seznambot-intro/)" 
64.102.249.14 - - [13/Jun/2017:12:24:19 -0700] "GET / HTTP/1.1" 200 10793 "https://www.google.com/" "Mozilla/5.0 (Macintosh; Intel Mac OS X 10_12_5) AppleWebKit/537.36 (KHTML, like Gecko) Chrome/58.0.3029.110 Safari/537.36" 
64.102.249.14 - - [13/Jun/2017:12:24:20 -0700] "GET /twitter-icon.png HTTP/1.1" 200 27787 "http://www.secrepo.com/" "Mozilla/5.0 (Macintosh; Intel Mac OS X 10_12_5) AppleWebKit/537.36 (KHTML, like Gecko) Chrome/58.0.3029.110 Safari/537.36" 
64.102.249.14 - - [13/Jun/2017:12:24:20 -0700] "GET /GitHub-Mark.png HTTP/1.1" 200 7427 "http://www.secrepo.com/" "Mozilla/5.0 (Macintosh; Intel Mac OS X 10_12_5) AppleWebKit/537.36 (KHTML, like Gecko) Chrome/58.0.3029.110 Safari/537.36" 
64.102.249.14 - - [13/Jun/2017:12:24:20 -0700] "GET /bootstrap/img/favicon.ico HTTP/1.1" 200 589 "http://www.secrepo.com/" "Mozilla/5.0 (Macintosh; Intel Mac OS X 10_12_5) AppleWebKit/537.36 (KHTML, like Gecko) Chrome/58.0.3029.110 Safari/537.36" 
52.168.161.70 - - [13/Jun/2017:12:27:35 -0700] "HEAD / HTTP/1.1" 301 253 "https://www.google.com/" "Mozilla/5.0 (compatible; epicbot; +http://www.epictions.com/epicbot)" 
52.168.161.70 - - [13/Jun/2017:12:27:37 -0700] "HEAD / HTTP/1.1" 301 253 "https://www.google.com/" "Mozilla/5.0 (compatible; epicbot; +http://www.epictions.com/epicbot)" 
52.168.161.70 - - [13/Jun/2017:12:27:37 -0700] "HEAD / HTTP/1.1" 301 253 "https://www.google.com/" "Mozilla/5.0 (compatible; epicbot; +http://www.epictions.com/epicbot)" 
216.244.66.227 - - [13/Jun/2017:12:29:52 -0700] "GET /self.logs/access.log.2016-03-11.gz HTTP/1.1" 200 23228 "-" "Mozilla/5.0 (compatible; DotBot/1.1; http://www.opensiteexplorer.org/dotbot, help@moz.com)" 
216.244.66.227 - - [13/Jun/2017:12:29:56 -0700] "GET /self.logs/access.log.2016-04-03.gz HTTP/1.1" 200 14159 "-" "Mozilla/5.0 (compatible; DotBot/1.1; http://www.opensiteexplorer.org/dotbot, help@moz.com)" 
216.244.66.227 - - [13/Jun/2017:12:29:58 -0700] "GET /self.logs/error.log.2015-09-05.gz HTTP/1.1" 200 551 "-" "Mozilla/5.0 (compatible; DotBot/1.1; http://www.opensiteexplorer.org/dotbot, help@moz.com)" 
216.244.66.227 - - [13/Jun/2017:12:30:00 -0700] "GET /self.logs/error.log.2016-02-13.gz HTTP/1.1" 200 746 "-" "Mozilla/5.0 (compatible; DotBot/1.1; http://www.opensiteexplorer.org/dotbot, help@moz.com)" 
65.114.165.194 - - [13/Jun/2017:12:32:02 -0700] "GET / HTTP/1.1" 200 10793 "-" "Mozilla/5.0 (Macintosh; Intel Mac OS X 10_12_4) AppleWebKit/537.36 (KHTML, like Gecko) Chrome/57.0.2987.133 Safari/537.36" 
65.114.165.194 - - [13/Jun/2017:12:32:03 -0700] "GET /twitter-icon.png HTTP/1.1" 200 27787 "http://www.secrepo.com/" "Mozilla/5.0 (Macintosh; Intel Mac OS X 10_12_4) AppleWebKit/537.36 (KHTML, like Gecko) Chrome/57.0.2987.133 Safari/537.36" 
65.114.165.194 - - [13/Jun/2017:12:32:03 -0700] "GET /GitHub-Mark.png HTTP/1.1" 200 7428 "http://www.secrepo.com/" "Mozilla/5.0 (Macintosh; Intel Mac OS X 10_12_4) AppleWebKit/537.36 (KHTML, like Gecko) Chrome/57.0.2987.133 Safari/537.36" 
51.255.65.62 - - [13/Jun/2017:12:32:09 -0700] "GET /self.logs/error.log.2017-05-28.gz HTTP/1.1" 200 828 "-" "Mozilla/5.0 (compatible; AhrefsBot/5.2; +http://ahrefs.com/robot/)" 
65.114.165.194 - - [13/Jun/2017:12:34:21 -0700] "GET /misc/zeus_dga_domains.txt.zip HTTP/1.1" 200 594360 "-" "Mozilla/5.0 (Macintosh; Intel Mac OS X 10_12_4) AppleWebKit/537.36 (KHTML, like Gecko) Chrome/57.0.2987.133 Safari/537.36" 
65.114.165.194 - - [13/Jun/2017:12:34:30 -0700] "GET /misc/zeus_dga_domains.txt.zip HTTP/1.1" 200 594360 "-" "Mozilla/5.0 (Macintosh; Intel Mac OS X 10_12_4) AppleWebKit/537.36 (KHTML, like Gecko) Chrome/57.0.2987.133 Safari/537.36" 
217.182.132.65 - - [13/Jun/2017:12:38:43 -0700] "GET /self.logs/access.log.2016-12-16.gz HTTP/1.1" 200 7769 "-" "Mozilla/5.0 (compatible; AhrefsBot/5.2; +http://ahrefs.com/robot/)" 
51.255.71.100 - - [13/Jun/2017:12:39:43 -0700] "GET /self.logs/access.log.2017-06-04.gz HTTP/1.1" 200 25015 "-" "Mozilla/5.0 (compatible; AhrefsBot/5.2; +http://ahrefs.com/robot/)" 
92.8.229.177 - - [13/Jun/2017:12:40:33 -0700] "GET /wp-login.php HTTP/1.1" 404 295 "-" "Mozilla/5.0 (Windows NT 6.1; WOW64; rv:40.0) Gecko/20100101 Firefox/40.1" 
92.8.229.177 - - [13/Jun/2017:12:40:38 -0700] "GET /wp-login.php HTTP/1.1" 404 295 "-" "Mozilla/5.0 (Windows NT 6.1; WOW64; rv:40.0) Gecko/20100101 Firefox/40.1" 
92.8.229.177 - - [13/Jun/2017:12:40:43 -0700] "GET / HTTP/1.1" 200 36475 "-" "Mozilla/5.0 (Windows NT 6.1; WOW64; rv:40.0) Gecko/20100101 Firefox/40.1" 
84.255.251.97 - - [13/Jun/2017:12:46:24 -0700] "GET / HTTP/1.1" 200 10793 "-" "Mozilla/5.0 (Windows NT 6.3; WOW64) AppleWebKit/537.36 (KHTML, like Gecko) Chrome/59.0.3071.86 Safari/537.36" 
84.255.251.97 - - [13/Jun/2017:12:46:24 -0700] "GET /twitter-icon.png HTTP/1.1" 200 27787 "http://www.secrepo.com/" "Mozilla/5.0 (Windows NT 6.3; WOW64) AppleWebKit/537.36 (KHTML, like Gecko) Chrome/59.0.3071.86 Safari/537.36" 
84.255.251.97 - - [13/Jun/2017:12:46:24 -0700] "GET /GitHub-Mark.png HTTP/1.1" 200 7428 "http://www.secrepo.com/" "Mozilla/5.0 (Windows NT 6.3; WOW64) AppleWebKit/537.36 (KHTML, like Gecko) Chrome/59.0.3071.86 Safari/537.36" 
84.255.251.97 - - [13/Jun/2017:12:46:25 -0700] "GET /bootstrap/img/favicon.ico HTTP/1.1" 200 589 "http://www.secrepo.com/" "Mozilla/5.0 (Windows NT 6.3; WOW64) AppleWebKit/537.36 (KHTML, like Gecko) Chrome/59.0.3071.86 Safari/537.36" 
84.255.251.97 - - [13/Jun/2017:12:46:45 -0700] "GET /maccdc2012/http.log.gz HTTP/1.1" 200 54258816 "-" "Mozilla/5.0 (Windows NT 6.3; WOW64) AppleWebKit/537.36 (KHTML, like Gecko) Chrome/59.0.3071.86 Safari/537.36" 
52.168.161.70 - - [13/Jun/2017:12:55:13 -0700] "HEAD / HTTP/1.1" 301 253 "https://www.google.com/" "Mozilla/5.0 (compatible; epicbot; +http://www.epictions.com/epicbot)" 
52.168.161.70 - - [13/Jun/2017:12:55:13 -0700] "HEAD / HTTP/1.1" 301 253 "https://www.google.com/" "Mozilla/5.0 (compatible; epicbot; +http://www.epictions.com/epicbot)" 
52.168.161.70 - - [13/Jun/2017:12:55:13 -0700] "HEAD / HTTP/1.1" 301 253 "https://www.google.com/" "Mozilla/5.0 (compatible; epicbot; +http://www.epictions.com/epicbot)" 
52.168.161.70 - - [13/Jun/2017:12:55:13 -0700] "HEAD / HTTP/1.1" 301 253 "https://www.google.com/" "Mozilla/5.0 (compatible; epicbot; +http://www.epictions.com/epicbot)" 
52.168.161.70 - - [13/Jun/2017:12:55:15 -0700] "HEAD / HTTP/1.1" 301 253 "https://www.google.com/" "Mozilla/5.0 (compatible; epicbot; +http://www.epictions.com/epicbot)" 
52.168.161.70 - - [13/Jun/2017:12:55:15 -0700] "HEAD / HTTP/1.1" 301 253 "https://www.google.com/" "Mozilla/5.0 (compatible; epicbot; +http://www.epictions.com/epicbot)" 
52.168.161.70 - - [13/Jun/2017:12:55:15 -0700] "HEAD / HTTP/1.1" 301 253 "https://www.google.com/" "Mozilla/5.0 (compatible; epicbot; +http://www.epictions.com/epicbot)" 
52.168.161.70 - - [13/Jun/2017:12:55:15 -0700] "HEAD / HTTP/1.1" 301 253 "https://www.google.com/" "Mozilla/5.0 (compatible; epicbot; +http://www.epictions.com/epicbot)" 
52.168.161.70 - - [13/Jun/2017:12:55:15 -0700] "HEAD / HTTP/1.1" 301 253 "https://www.google.com/" "Mozilla/5.0 (compatible; epicbot; +http://www.epictions.com/epicbot)" 
52.168.161.70 - - [13/Jun/2017:12:55:15 -0700] "HEAD / HTTP/1.1" 301 253 "https://www.google.com/" "Mozilla/5.0 (compatible; epicbot; +http://www.epictions.com/epicbot)" 
52.168.161.70 - - [13/Jun/2017:12:55:15 -0700] "HEAD / HTTP/1.1" 301 253 "https://www.google.com/" "Mozilla/5.0 (compatible; epicbot; +http://www.epictions.com/epicbot)" 
52.168.161.70 - - [13/Jun/2017:12:55:15 -0700] "HEAD / HTTP/1.1" 301 253 "https://www.google.com/" "Mozilla/5.0 (compatible; epicbot; +http://www.epictions.com/epicbot)" 
62.24.181.134 - - [13/Jun/2017:12:57:19 -0700] "GET /robots.txt HTTP/1.0" 200 252 "http://www.secrepo.com/robots.txt" "Mozilla/4.0 (compatible; MSIE 8.0; Windows NT 5.1; Trident/4.0; .NET CLR 2.0.50727; .NET CLR 3.0.04506.648; .NET CLR 3.5.21022; .NET CLR 3.0.4506.2152; .NET CLR 3.5.30729; InfoPath.2)" 
62.24.181.134 - - [13/Jun/2017:12:57:19 -0700] "GET / HTTP/1.0" 200 36464 "http://www.secrepo.com/" "Mozilla/4.0 (compatible; MSIE 8.0; Windows NT 5.1; Trident/4.0; .NET CLR 2.0.50727; .NET CLR 3.0.04506.648; .NET CLR 3.5.21022; .NET CLR 3.0.4506.2152; .NET CLR 3.5.30729; InfoPath.2)" 
216.244.66.227 - - [13/Jun/2017:12:58:08 -0700] "GET /robots.txt HTTP/1.1" 200 233 "-" "Mozilla/5.0 (compatible; DotBot/1.1; http://www.opensiteexplorer.org/dotbot, help@moz.com)" 
216.244.66.198 - - [13/Jun/2017:12:58:31 -0700] "GET /robots.txt HTTP/1.1" 200 233 "-" "Mozilla/5.0 (compatible; DotBot/1.1; http://www.opensiteexplorer.org/dotbot, help@moz.com)" 
84.255.251.97 - - [13/Jun/2017:12:57:23 -0700] "GET /maccdc2012/http.log.gz HTTP/1.1" 200 56420878 "-" "Wget/1.17.1 (linux-gnu)" 
120.221.1.28 - - [13/Jun/2017:13:00:49 -0700] "GET /maccdc2012/files.log.gz HTTP/1.1" 304 155 "-" "Mozilla/5.0 Gecko/20100115 Firefox/3.6" 
89.211.160.8 - - [13/Jun/2017:13:03:43 -0700] "GET /wp-login.php HTTP/1.1" 404 295 "-" "Mozilla/5.0 (Windows NT 6.1; WOW64; rv:40.0) Gecko/20100101 Firefox/40.1" 
89.211.160.8 - - [13/Jun/2017:13:03:48 -0700] "GET /wp-login.php HTTP/1.1" 404 295 "-" "Mozilla/5.0 (Windows NT 6.1; WOW64; rv:40.0) Gecko/20100101 Firefox/40.1" 
89.211.160.8 - - [13/Jun/2017:13:03:54 -0700] "GET / HTTP/1.1" 200 36475 "-" "Mozilla/5.0 (Windows NT 6.1; WOW64; rv:40.0) Gecko/20100101 Firefox/40.1" 
157.55.39.181 - - [13/Jun/2017:13:04:27 -0700] "GET /self.logs/access.log.2016-04-08.gz HTTP/1.1" 200 19946 "-" "Mozilla/5.0 (compatible; bingbot/2.0; +http://www.bing.com/bingbot.htm)" 
79.75.100.36 - - [13/Jun/2017:13:05:00 -0700] "GET / HTTP/1.1" 200 10793 "-" "Mozilla/5.0 (Macintosh; Intel Mac OS X 10_12_4) AppleWebKit/537.36 (KHTML, like Gecko) Chrome/58.0.3029.110 Safari/537.36" 
79.75.100.36 - - [13/Jun/2017:13:05:01 -0700] "GET /twitter-icon.png HTTP/1.1" 200 27787 "http://www.secrepo.com/" "Mozilla/5.0 (Macintosh; Intel Mac OS X 10_12_4) AppleWebKit/537.36 (KHTML, like Gecko) Chrome/58.0.3029.110 Safari/537.36" 
79.75.100.36 - - [13/Jun/2017:13:05:01 -0700] "GET /GitHub-Mark.png HTTP/1.1" 200 7428 "http://www.secrepo.com/" "Mozilla/5.0 (Macintosh; Intel Mac OS X 10_12_4) AppleWebKit/537.36 (KHTML, like Gecko) Chrome/58.0.3029.110 Safari/537.36" 
79.75.100.36 - - [13/Jun/2017:13:05:01 -0700] "GET /bootstrap/img/favicon.ico HTTP/1.1" 200 589 "http://www.secrepo.com/" "Mozilla/5.0 (Macintosh; Intel Mac OS X 10_12_4) AppleWebKit/537.36 (KHTML, like Gecko) Chrome/58.0.3029.110 Safari/537.36" 
62.24.252.133 - - [13/Jun/2017:13:05:32 -0700] "GET /robots.txt HTTP/1.0" 200 252 "http://www.secrepo.com/robots.txt" "Mozilla/4.0 (compatible; MSIE 8.0; Windows NT 5.1; Trident/4.0; .NET CLR 2.0.50727; .NET CLR 3.0.04506.648; .NET CLR 3.5.21022; .NET CLR 3.0.4506.2152; .NET CLR 3.5.30729; InfoPath.2)" 
62.24.252.133 - - [13/Jun/2017:13:05:32 -0700] "GET / HTTP/1.0" 200 36464 "http://www.secrepo.com/" "Mozilla/4.0 (compatible; MSIE 8.0; Windows NT 5.1; Trident/4.0; .NET CLR 2.0.50727; .NET CLR 3.0.04506.648; .NET CLR 3.5.21022; .NET CLR 3.0.4506.2152; .NET CLR 3.5.30729; InfoPath.2)" 
52.168.161.70 - - [13/Jun/2017:13:06:37 -0700] "HEAD / HTTP/1.1" 200 282 "https://www.google.com/" "Mozilla/5.0 (compatible; epicbot; +http://www.epictions.com/epicbot)" 
52.168.161.70 - - [13/Jun/2017:13:06:41 -0700] "HEAD / HTTP/1.1" 200 282 "https://www.google.com/" "Mozilla/5.0 (compatible; epicbot; +http://www.epictions.com/epicbot)" 
52.168.161.70 - - [13/Jun/2017:13:06:41 -0700] "HEAD / HTTP/1.1" 200 282 "https://www.google.com/" "Mozilla/5.0 (compatible; epicbot; +http://www.epictions.com/epicbot)" 
51.255.71.113 - - [13/Jun/2017:13:07:07 -0700] "GET /self.logs/error.log.2017-06-02.gz HTTP/1.1" 200 805 "-" "Mozilla/5.0 (compatible; AhrefsBot/5.2; +http://ahrefs.com/robot/)" 
164.132.162.159 - - [13/Jun/2017:13:07:57 -0700] "GET /self.logs/error.log.2017-06-05.gz HTTP/1.1" 200 872 "-" "Mozilla/5.0 (compatible; AhrefsBot/5.2; +http://ahrefs.com/robot/)" 
129.118.162.117 - - [13/Jun/2017:13:08:50 -0700] "GET /bootstrap/img/favicon.ico HTTP/1.1" 200 590 "-" "Mozilla/5.0 (Windows NT 6.1; WOW64; rv:53.0) Gecko/20100101 Firefox/53.0" 
216.244.66.227 - - [13/Jun/2017:13:10:00 -0700] "GET /self.logs/access.log.2015-07-29.gz HTTP/1.1" 200 4950 "-" "Mozilla/5.0 (compatible; DotBot/1.1; http://www.opensiteexplorer.org/dotbot, help@moz.com)" 
216.244.66.227 - - [13/Jun/2017:13:10:03 -0700] "GET /self.logs/access.log.2016-02-11.gz HTTP/1.1" 200 9044 "-" "Mozilla/5.0 (compatible; DotBot/1.1; http://www.opensiteexplorer.org/dotbot, help@moz.com)" 
216.244.66.227 - - [13/Jun/2017:13:10:04 -0700] "GET /self.logs/access.log.2017-02-10.gz HTTP/1.1" 200 36402 "-" "Mozilla/5.0 (compatible; DotBot/1.1; http://www.opensiteexplorer.org/dotbot, help@moz.com)" 
216.244.66.227 - - [13/Jun/2017:13:10:06 -0700] "GET /self.logs/error.log.2016-04-21.gz HTTP/1.1" 200 661 "-" "Mozilla/5.0 (compatible; DotBot/1.1; http://www.opensiteexplorer.org/dotbot, help@moz.com)" 
216.244.66.227 - - [13/Jun/2017:13:10:08 -0700] "GET /self.logs/error.log.2017-01-07.gz HTTP/1.1" 200 744 "-" "Mozilla/5.0 (compatible; DotBot/1.1; http://www.opensiteexplorer.org/dotbot, help@moz.com)" 
216.244.66.227 - - [13/Jun/2017:13:10:10 -0700] "GET /self.logs/error.log.2017-01-23.gz HTTP/1.1" 200 921 "-" "Mozilla/5.0 (compatible; DotBot/1.1; http://www.opensiteexplorer.org/dotbot, help@moz.com)" 
68.180.230.181 - - [13/Jun/2017:13:13:49 -0700] "GET /self.logs/error.log.2017-03-10.gz HTTP/1.1" 200 864 "-" "Mozilla/5.0 (compatible; Yahoo! Slurp; http://help.yahoo.com/help/us/ysearch/slurp)" 
79.75.100.36 - - [13/Jun/2017:13:06:15 -0700] "GET /maccdc2012/conn.log.gz HTTP/1.1" 200 551041635 "-" "Mozilla/5.0 (Macintosh; Intel Mac OS X 10_12_4) AppleWebKit/537.36 (KHTML, like Gecko) Chrome/58.0.3029.110 Safari/537.36" 
161.98.8.2 - - [13/Jun/2017:13:24:13 -0700] "GET / HTTP/1.1" 200 10793 "-" "Mozilla/5.0 (Macintosh; Intel Mac OS X 10_11_5) AppleWebKit/537.36 (KHTML, like Gecko) Chrome/58.0.3029.110 Safari/537.36" 
161.98.8.2 - - [13/Jun/2017:13:24:13 -0700] "GET /twitter-icon.png HTTP/1.1" 200 27787 "http://www.secrepo.com/" "Mozilla/5.0 (Macintosh; Intel Mac OS X 10_11_5) AppleWebKit/537.36 (KHTML, like Gecko) Chrome/58.0.3029.110 Safari/537.36" 
161.98.8.2 - - [13/Jun/2017:13:24:13 -0700] "GET /GitHub-Mark.png HTTP/1.1" 200 7428 "http://www.secrepo.com/" "Mozilla/5.0 (Macintosh; Intel Mac OS X 10_11_5) AppleWebKit/537.36 (KHTML, like Gecko) Chrome/58.0.3029.110 Safari/537.36" 
161.98.8.2 - - [13/Jun/2017:13:24:14 -0700] "GET /bootstrap/img/favicon.ico HTTP/1.1" 200 589 "http://www.secrepo.com/" "Mozilla/5.0 (Macintosh; Intel Mac OS X 10_11_5) AppleWebKit/537.36 (KHTML, like Gecko) Chrome/58.0.3029.110 Safari/537.36" 
83.60.247.113 - - [13/Jun/2017:13:26:23 -0700] "GET /wp-login.php HTTP/1.1" 404 295 "-" "Mozilla/5.0 (Windows NT 6.1; WOW64; rv:40.0) Gecko/20100101 Firefox/40.1" 
83.60.247.113 - - [13/Jun/2017:13:26:29 -0700] "GET /wp-login.php HTTP/1.1" 404 295 "-" "Mozilla/5.0 (Windows NT 6.1; WOW64; rv:40.0) Gecko/20100101 Firefox/40.1" 
83.60.247.113 - - [13/Jun/2017:13:26:34 -0700] "GET / HTTP/1.1" 200 36475 "-" "Mozilla/5.0 (Windows NT 6.1; WOW64; rv:40.0) Gecko/20100101 Firefox/40.1" 
187.62.210.110 - - [13/Jun/2017:13:33:55 -0700] "GET /wp-login.php HTTP/1.1" 404 295 "-" "Mozilla/5.0 (Windows NT 6.1; WOW64; rv:40.0) Gecko/20100101 Firefox/40.1" 
187.62.210.110 - - [13/Jun/2017:13:34:00 -0700] "GET /wp-login.php HTTP/1.1" 404 295 "-" "Mozilla/5.0 (Windows NT 6.1; WOW64; rv:40.0) Gecko/20100101 Firefox/40.1" 
187.62.210.110 - - [13/Jun/2017:13:34:05 -0700] "GET / HTTP/1.1" 200 36475 "-" "Mozilla/5.0 (Windows NT 6.1; WOW64; rv:40.0) Gecko/20100101 Firefox/40.1" 
216.244.66.227 - - [13/Jun/2017:13:39:04 -0700] "GET /robots.txt HTTP/1.1" 200 233 "-" "Mozilla/5.0 (compatible; DotBot/1.1; http://www.opensiteexplorer.org/dotbot, help@moz.com)" 
157.55.39.181 - - [13/Jun/2017:13:40:09 -0700] "GET /self.logs/error.log.2017-05-06.gz HTTP/1.1" 200 812 "-" "Mozilla/5.0 (compatible; bingbot/2.0; +http://www.bing.com/bingbot.htm)" 
164.132.161.94 - - [13/Jun/2017:13:43:03 -0700] "GET /self.logs/access.log.2016-10-08.gz HTTP/1.1" 200 6718 "-" "Mozilla/5.0 (compatible; AhrefsBot/5.2; +http://ahrefs.com/robot/)" 
51.255.71.115 - - [13/Jun/2017:13:43:37 -0700] "GET /self.logs/error.log.2017-04-21.gz HTTP/1.1" 200 817 "-" "Mozilla/5.0 (compatible; AhrefsBot/5.2; +http://ahrefs.com/robot/)" 
197.207.189.128 - - [13/Jun/2017:13:48:57 -0700] "GET /wp-login.php HTTP/1.1" 404 295 "-" "Mozilla/5.0 (Windows NT 6.1; WOW64; rv:40.0) Gecko/20100101 Firefox/40.1" 
197.207.189.128 - - [13/Jun/2017:13:49:02 -0700] "GET /wp-login.php HTTP/1.1" 404 295 "-" "Mozilla/5.0 (Windows NT 6.1; WOW64; rv:40.0) Gecko/20100101 Firefox/40.1" 
197.207.189.128 - - [13/Jun/2017:13:49:08 -0700] "GET / HTTP/1.1" 200 36475 "-" "Mozilla/5.0 (Windows NT 6.1; WOW64; rv:40.0) Gecko/20100101 Firefox/40.1" 
216.244.66.227 - - [13/Jun/2017:13:51:15 -0700] "GET /self.logs/access.log.2016-07-29.gz HTTP/1.1" 200 6689 "-" "Mozilla/5.0 (compatible; DotBot/1.1; http://www.opensiteexplorer.org/dotbot, help@moz.com)" 
216.244.66.227 - - [13/Jun/2017:13:51:17 -0700] "GET /self.logs/access.log.2016-10-09.gz HTTP/1.1" 200 9292 "-" "Mozilla/5.0 (compatible; DotBot/1.1; http://www.opensiteexplorer.org/dotbot, help@moz.com)" 
216.244.66.227 - - [13/Jun/2017:13:51:19 -0700] "GET /self.logs/error.log.2015-03-04.gz HTTP/1.1" 200 924 "-" "Mozilla/5.0 (compatible; DotBot/1.1; http://www.opensiteexplorer.org/dotbot, help@moz.com)" 
216.244.66.227 - - [13/Jun/2017:13:51:21 -0700] "GET /self.logs/error.log.2015-09-06.gz HTTP/1.1" 200 758 "-" "Mozilla/5.0 (compatible; DotBot/1.1; http://www.opensiteexplorer.org/dotbot, help@moz.com)" 
197.207.189.128 - - [13/Jun/2017:13:56:08 -0700] "GET /wp-login.php HTTP/1.1" 301 522 "-" "Mozilla/5.0 (Windows NT 6.1; WOW64; rv:40.0) Gecko/20100101 Firefox/40.1" 
197.207.189.128 - - [13/Jun/2017:13:56:09 -0700] "GET /wp-login.php HTTP/1.1" 404 295 "-" "Mozilla/5.0 (Windows NT 6.1; WOW64; rv:40.0) Gecko/20100101 Firefox/40.1" 
197.207.189.128 - - [13/Jun/2017:13:56:14 -0700] "GET /wp-login.php HTTP/1.1" 301 522 "-" "Mozilla/5.0 (Windows NT 6.1; WOW64; rv:40.0) Gecko/20100101 Firefox/40.1" 
197.207.189.128 - - [13/Jun/2017:13:56:15 -0700] "GET /wp-login.php HTTP/1.1" 404 295 "-" "Mozilla/5.0 (Windows NT 6.1; WOW64; rv:40.0) Gecko/20100101 Firefox/40.1" 
197.207.189.128 - - [13/Jun/2017:13:56:20 -0700] "GET / HTTP/1.1" 301 498 "-" "Mozilla/5.0 (Windows NT 6.1; WOW64; rv:40.0) Gecko/20100101 Firefox/40.1" 
197.207.189.128 - - [13/Jun/2017:13:56:22 -0700] "GET / HTTP/1.1" 200 36475 "-" "Mozilla/5.0 (Windows NT 6.1; WOW64; rv:40.0) Gecko/20100101 Firefox/40.1" 
172.58.153.124 - - [13/Jun/2017:14:01:05 -0700] "GET /favicon.ico HTTP/1.1" 200 268 "-" "Java/1.8.0_92" 
172.58.153.124 - - [13/Jun/2017:14:01:05 -0700] "GET /favicon.ico HTTP/1.1" 200 268 "-" "Java/1.8.0_92" 
172.58.153.124 - - [13/Jun/2017:14:01:05 -0700] "GET /favicon.ico HTTP/1.1" 200 268 "-" "Java/1.8.0_92" 
172.58.153.124 - - [13/Jun/2017:14:01:05 -0700] "GET /favicon.ico HTTP/1.1" 200 268 "-" "Java/1.8.0_92" 
172.58.153.124 - - [13/Jun/2017:14:01:18 -0700] "GET /favicon.ico HTTP/1.1" 200 268 "-" "Java/1.8.0_92" 
172.58.153.124 - - [13/Jun/2017:14:01:18 -0700] "GET /favicon.ico HTTP/1.1" 200 268 "-" "Java/1.8.0_92" 
172.58.153.124 - - [13/Jun/2017:14:01:18 -0700] "GET /favicon.ico HTTP/1.1" 200 268 "-" "Java/1.8.0_92" 
172.58.153.124 - - [13/Jun/2017:14:01:18 -0700] "GET /favicon.ico HTTP/1.1" 200 268 "-" "Java/1.8.0_92" 
172.58.153.124 - - [13/Jun/2017:14:03:36 -0700] "GET /favicon.ico HTTP/1.1" 200 268 "-" "Java/1.8.0_92" 
172.58.153.124 - - [13/Jun/2017:14:03:36 -0700] "GET /favicon.ico HTTP/1.1" 200 268 "-" "Java/1.8.0_92" 
172.58.153.124 - - [13/Jun/2017:14:03:36 -0700] "GET /favicon.ico HTTP/1.1" 200 268 "-" "Java/1.8.0_92" 
172.58.153.124 - - [13/Jun/2017:14:03:36 -0700] "GET /favicon.ico HTTP/1.1" 200 268 "-" "Java/1.8.0_92" 
172.58.153.124 - - [13/Jun/2017:14:03:37 -0700] "GET /favicon.ico HTTP/1.1" 200 267 "-" "Java/1.8.0_92" 
172.58.153.124 - - [13/Jun/2017:14:03:37 -0700] "GET /favicon.ico HTTP/1.1" 200 267 "-" "Java/1.8.0_92" 
187.72.55.3 - - [13/Jun/2017:14:15:18 -0700] "GET /wp-login.php HTTP/1.1" 404 295 "-" "Mozilla/5.0 (Windows NT 6.1; WOW64; rv:40.0) Gecko/20100101 Firefox/40.1" 
187.72.55.3 - - [13/Jun/2017:14:15:23 -0700] "GET /wp-login.php HTTP/1.1" 404 295 "-" "Mozilla/5.0 (Windows NT 6.1; WOW64; rv:40.0) Gecko/20100101 Firefox/40.1" 
187.72.55.3 - - [13/Jun/2017:14:15:29 -0700] "GET / HTTP/1.1" 200 36475 "-" "Mozilla/5.0 (Windows NT 6.1; WOW64; rv:40.0) Gecko/20100101 Firefox/40.1" 
216.244.66.227 - - [13/Jun/2017:14:19:41 -0700] "GET /robots.txt HTTP/1.1" 200 233 "-" "Mozilla/5.0 (compatible; DotBot/1.1; http://www.opensiteexplorer.org/dotbot, help@moz.com)" 
69.191.241.59 - - [13/Jun/2017:14:20:01 -0700] "GET / HTTP/1.1" 200 10793 "https://www.google.com/" "Mozilla/5.0 (Windows NT 6.1; Win64; x64) AppleWebKit/537.36 (KHTML, like Gecko) Chrome/58.0.3029.110 Safari/537.36" 
69.191.241.59 - - [13/Jun/2017:14:20:01 -0700] "GET /GitHub-Mark.png HTTP/1.1" 200 7427 "http://www.secrepo.com/" "Mozilla/5.0 (Windows NT 6.1; Win64; x64) AppleWebKit/537.36 (KHTML, like Gecko) Chrome/58.0.3029.110 Safari/537.36" 
69.191.241.59 - - [13/Jun/2017:14:20:01 -0700] "GET /twitter-icon.png HTTP/1.1" 200 27788 "http://www.secrepo.com/" "Mozilla/5.0 (Windows NT 6.1; Win64; x64) AppleWebKit/537.36 (KHTML, like Gecko) Chrome/58.0.3029.110 Safari/537.36" 
69.191.241.59 - - [13/Jun/2017:14:20:03 -0700] "GET /bootstrap/img/favicon.ico HTTP/1.1" 200 589 "http://www.secrepo.com/" "Mozilla/5.0 (Windows NT 6.1; Win64; x64) AppleWebKit/537.36 (KHTML, like Gecko) Chrome/58.0.3029.110 Safari/537.36" 
157.55.39.181 - - [13/Jun/2017:14:20:29 -0700] "GET /maccdc2012/dns.log.gz HTTP/1.1" 200 6629420 "-" "Mozilla/5.0 (compatible; bingbot/2.0; +http://www.bing.com/bingbot.htm)" 
220.181.51.118 - - [13/Jun/2017:14:22:10 -0700] "GET /robots.txt HTTP/1.1" 200 297 "-" "Mozilla/5.0 (Windows NT 10.0; WOW64) AppleWebKit/537.36 (KHTML, like Gecko) Chrome/45.0.2454.93 Safari/537.36" 
191.223.215.82 - - [13/Jun/2017:14:24:49 -0700] "GET / HTTP/1.1" 200 10793 "-" "Mozilla/5.0 (Macintosh; Intel Mac OS X 10_11_6) AppleWebKit/537.36 (KHTML, like Gecko) Chrome/58.0.3029.110 Safari/537.36 OPR/45.0.2552.888" 
191.223.215.82 - - [13/Jun/2017:14:24:52 -0700] "GET /twitter-icon.png HTTP/1.1" 200 27788 "http://www.secrepo.com/" "Mozilla/5.0 (Macintosh; Intel Mac OS X 10_11_6) AppleWebKit/537.36 (KHTML, like Gecko) Chrome/58.0.3029.110 Safari/537.36 OPR/45.0.2552.888" 
191.223.215.82 - - [13/Jun/2017:14:24:52 -0700] "GET /GitHub-Mark.png HTTP/1.1" 200 7428 "http://www.secrepo.com/" "Mozilla/5.0 (Macintosh; Intel Mac OS X 10_11_6) AppleWebKit/537.36 (KHTML, like Gecko) Chrome/58.0.3029.110 Safari/537.36 OPR/45.0.2552.888" 
191.223.215.82 - - [13/Jun/2017:14:24:59 -0700] "GET /bootstrap/img/favicon.ico HTTP/1.1" 200 590 "http://www.secrepo.com/" "Mozilla/5.0 (Macintosh; Intel Mac OS X 10_11_6) AppleWebKit/537.36 (KHTML, like Gecko) Chrome/58.0.3029.110 Safari/537.36 OPR/45.0.2552.888" 
51.255.65.87 - - [13/Jun/2017:14:31:31 -0700] "GET /self.logs/access.log.2015-08-05.gz HTTP/1.1" 200 5922 "-" "Mozilla/5.0 (compatible; AhrefsBot/5.2; +http://ahrefs.com/robot/)" 
216.244.66.227 - - [13/Jun/2017:14:31:40 -0700] "GET /self.logs/access.log.2016-06-01.gz HTTP/1.1" 200 9830 "-" "Mozilla/5.0 (compatible; DotBot/1.1; http://www.opensiteexplorer.org/dotbot, help@moz.com)" 
216.244.66.227 - - [13/Jun/2017:14:31:42 -0700] "GET /self.logs/error.log.2015-04-19.gz HTTP/1.1" 200 817 "-" "Mozilla/5.0 (compatible; DotBot/1.1; http://www.opensiteexplorer.org/dotbot, help@moz.com)" 
216.244.66.227 - - [13/Jun/2017:14:31:44 -0700] "GET /self.logs/error.log.2015-09-27.gz HTTP/1.1" 200 667 "-" "Mozilla/5.0 (compatible; DotBot/1.1; http://www.opensiteexplorer.org/dotbot, help@moz.com)" 
216.244.66.227 - - [13/Jun/2017:14:31:46 -0700] "GET /self.logs/error.log.2015-11-06.gz HTTP/1.1" 200 606 "-" "Mozilla/5.0 (compatible; DotBot/1.1; http://www.opensiteexplorer.org/dotbot, help@moz.com)" 
216.244.66.227 - - [13/Jun/2017:14:31:48 -0700] "GET /self.logs/error.log.2015-12-30.gz HTTP/1.1" 200 768 "-" "Mozilla/5.0 (compatible; DotBot/1.1; http://www.opensiteexplorer.org/dotbot, help@moz.com)" 
51.255.65.56 - - [13/Jun/2017:14:39:18 -0700] "GET /self.logs/access.log.2017-06-02.gz HTTP/1.1" 200 16747 "-" "Mozilla/5.0 (compatible; AhrefsBot/5.2; +http://ahrefs.com/robot/)" 
65.153.142.99 - - [13/Jun/2017:14:39:45 -0700] "GET /favicon.ico HTTP/1.1" 200 268 "-" "Mozilla/5.0 (Macintosh; Intel Mac OS X 10.12; rv:53.0) Gecko/20100101 Firefox/53.0" 
216.244.66.198 - - [13/Jun/2017:14:55:34 -0700] "GET /self.logs/?C=D;O=A HTTP/1.1" 200 168195 "-" "Mozilla/5.0 (compatible; DotBot/1.1; http://www.opensiteexplorer.org/dotbot, help@moz.com)" 
138.197.111.59 - - [13/Jun/2017:14:59:53 -0700] "GET / HTTP/1.1" 301 483 "-" "Mozilla/5.0 (Macintosh; Intel Mac OS X 10_9_3) AppleWebKit/537.36 (KHTML, like Gecko) Chrome/35.0.1916.114 Safari/537.36" 
138.197.111.59 - - [13/Jun/2017:14:59:53 -0700] "GET / HTTP/1.1" 200 10793 "-" "Mozilla/5.0 (Macintosh; Intel Mac OS X 10_9_3) AppleWebKit/537.36 (KHTML, like Gecko) Chrome/35.0.1916.114 Safari/537.36" 
216.244.66.227 - - [13/Jun/2017:15:02:41 -0700] "GET /robots.txt HTTP/1.1" 200 233 "-" "Mozilla/5.0 (compatible; DotBot/1.1; http://www.opensiteexplorer.org/dotbot, help@moz.com)" 
51.255.65.59 - - [13/Jun/2017:15:13:23 -0700] "GET /self.logs/access.log.2016-06-15.gz HTTP/1.1" 200 10957 "-" "Mozilla/5.0 (compatible; AhrefsBot/5.2; +http://ahrefs.com/robot/)" 
66.33.200.4 - - [13/Jun/2017:15:17:38 -0700] "GET / HTTP/1.1" 301 442 "-" "curl/7.21.0 (x86_64-pc-linux-gnu) libcurl/7.21.0 OpenSSL/0.9.8o zlib/1.2.3.4 libidn/1.15 libssh2/1.2.6" 
164.132.161.32 - - [13/Jun/2017:15:18:58 -0700] "GET /self.logs/error.log.2017-01-16.gz HTTP/1.1" 200 947 "-" "Mozilla/5.0 (compatible; AhrefsBot/5.2; +http://ahrefs.com/robot/)" 
216.244.66.227 - - [13/Jun/2017:15:20:36 -0700] "GET /self.logs/access.log.2015-02-09.gz HTTP/1.1" 200 4163 "-" "Mozilla/5.0 (compatible; DotBot/1.1; http://www.opensiteexplorer.org/dotbot, help@moz.com)" 
216.244.66.227 - - [13/Jun/2017:15:20:38 -0700] "GET /self.logs/access.log.2015-09-13.gz HTTP/1.1" 200 4281 "-" "Mozilla/5.0 (compatible; DotBot/1.1; http://www.opensiteexplorer.org/dotbot, help@moz.com)" 
216.244.66.227 - - [13/Jun/2017:15:20:40 -0700] "GET /self.logs/access.log.2016-02-03.gz HTTP/1.1" 200 7168 "-" "Mozilla/5.0 (compatible; DotBot/1.1; http://www.opensiteexplorer.org/dotbot, help@moz.com)" 
216.244.66.227 - - [13/Jun/2017:15:20:41 -0700] "GET /self.logs/access.log.2016-03-03.gz HTTP/1.1" 200 14098 "-" "Mozilla/5.0 (compatible; DotBot/1.1; http://www.opensiteexplorer.org/dotbot, help@moz.com)" 
216.244.66.227 - - [13/Jun/2017:15:20:43 -0700] "GET /self.logs/access.log.2016-05-26.gz HTTP/1.1" 200 8585 "-" "Mozilla/5.0 (compatible; DotBot/1.1; http://www.opensiteexplorer.org/dotbot, help@moz.com)" 
216.244.66.227 - - [13/Jun/2017:15:20:45 -0700] "GET /self.logs/access.log.2017-02-18.gz HTTP/1.1" 200 20892 "-" "Mozilla/5.0 (compatible; DotBot/1.1; http://www.opensiteexplorer.org/dotbot, help@moz.com)" 
216.244.66.227 - - [13/Jun/2017:15:20:47 -0700] "GET /self.logs/error.log.2015-03-26.gz HTTP/1.1" 200 1030 "-" "Mozilla/5.0 (compatible; DotBot/1.1; http://www.opensiteexplorer.org/dotbot, help@moz.com)" 
216.244.66.227 - - [13/Jun/2017:15:20:48 -0700] "GET /self.logs/error.log.2015-05-15.gz HTTP/1.1" 200 1018 "-" "Mozilla/5.0 (compatible; DotBot/1.1; http://www.opensiteexplorer.org/dotbot, help@moz.com)" 
73.87.4.47 - - [13/Jun/2017:15:26:49 -0700] "GET / HTTP/1.1" 301 483 "-" "Mozilla/5.0 (X11; CrOS x86_64 9334.72.0) AppleWebKit/537.36 (KHTML, like Gecko) Chrome/58.0.3029.140 Safari/537.36" 
73.87.4.47 - - [13/Jun/2017:15:26:49 -0700] "GET / HTTP/1.1" 200 10793 "-" "Mozilla/5.0 (X11; CrOS x86_64 9334.72.0) AppleWebKit/537.36 (KHTML, like Gecko) Chrome/58.0.3029.140 Safari/537.36" 
73.87.4.47 - - [13/Jun/2017:15:26:49 -0700] "GET /twitter-icon.png HTTP/1.1" 200 27787 "http://www.secrepo.com/" "Mozilla/5.0 (X11; CrOS x86_64 9334.72.0) AppleWebKit/537.36 (KHTML, like Gecko) Chrome/58.0.3029.140 Safari/537.36" 
73.87.4.47 - - [13/Jun/2017:15:26:49 -0700] "GET /GitHub-Mark.png HTTP/1.1" 200 7428 "http://www.secrepo.com/" "Mozilla/5.0 (X11; CrOS x86_64 9334.72.0) AppleWebKit/537.36 (KHTML, like Gecko) Chrome/58.0.3029.140 Safari/537.36" 
73.87.4.47 - - [13/Jun/2017:15:26:50 -0700] "GET /bootstrap/img/favicon.ico HTTP/1.1" 200 589 "http://www.secrepo.com/" "Mozilla/5.0 (X11; CrOS x86_64 9334.72.0) AppleWebKit/537.36 (KHTML, like Gecko) Chrome/58.0.3029.140 Safari/537.36" 
164.132.161.45 - - [13/Jun/2017:15:29:44 -0700] "GET /self.logs/access.log.2016-11-16.gz HTTP/1.1" 200 18010 "-" "Mozilla/5.0 (compatible; AhrefsBot/5.2; +http://ahrefs.com/robot/)" 
84.201.133.53 - - [13/Jun/2017:15:33:54 -0700] "GET /robots.txt HTTP/1.1" 200 288 "-" "Mozilla/5.0 (compatible; YandexBot/3.0; +http://yandex.com/bots)" 
84.201.133.53 - - [13/Jun/2017:15:33:58 -0700] "GET /favicon.ico HTTP/1.1" 200 268 "-" "Mozilla/5.0 (compatible; YandexBot/3.0; +http://yandex.com/bots)" 
198.179.137.141 - - [13/Jun/2017:15:35:50 -0700] "GET / HTTP/1.1" 200 10793 "-" "Mozilla/5.0 (Macintosh; Intel Mac OS X 10_12_5) AppleWebKit/537.36 (KHTML, like Gecko) Chrome/58.0.3029.110 Safari/537.36" 
198.179.137.141 - - [13/Jun/2017:15:35:51 -0700] "GET /GitHub-Mark.png HTTP/1.1" 200 7428 "http://www.secrepo.com/" "Mozilla/5.0 (Macintosh; Intel Mac OS X 10_12_5) AppleWebKit/537.36 (KHTML, like Gecko) Chrome/58.0.3029.110 Safari/537.36" 
198.179.137.141 - - [13/Jun/2017:15:35:51 -0700] "GET /twitter-icon.png HTTP/1.1" 200 27787 "http://www.secrepo.com/" "Mozilla/5.0 (Macintosh; Intel Mac OS X 10_12_5) AppleWebKit/537.36 (KHTML, like Gecko) Chrome/58.0.3029.110 Safari/537.36" 
198.179.137.141 - - [13/Jun/2017:15:35:52 -0700] "GET /bootstrap/img/favicon.ico HTTP/1.1" 200 589 "http://www.secrepo.com/" "Mozilla/5.0 (Macintosh; Intel Mac OS X 10_12_5) AppleWebKit/537.36 (KHTML, like Gecko) Chrome/58.0.3029.110 Safari/537.36" 
125.209.235.183 - - [13/Jun/2017:15:38:41 -0700] "GET /robots.txt HTTP/1.1" 200 297 "-" "Mozilla/5.0 (compatible; Yeti/1.1; +http://naver.me/bot)" 
125.209.235.173 - - [13/Jun/2017:15:38:43 -0700] "GET / HTTP/1.1" 200 10756 "-" "Mozilla/5.0 (compatible; Yeti/1.1; +http://naver.me/bot)" 
216.244.66.227 - - [13/Jun/2017:15:49:02 -0700] "GET /robots.txt HTTP/1.1" 200 233 "-" "Mozilla/5.0 (compatible; DotBot/1.1; http://www.opensiteexplorer.org/dotbot, help@moz.com)" 
217.182.132.155 - - [13/Jun/2017:15:50:04 -0700] "GET /self.logs/error.log.2016-02-07.gz HTTP/1.1" 200 676 "-" "Mozilla/5.0 (compatible; AhrefsBot/5.2; +http://ahrefs.com/robot/)" 
68.180.230.181 - - [13/Jun/2017:15:53:59 -0700] "GET /robots.txt HTTP/1.1" 200 233 "-" "Mozilla/5.0 (compatible; Yahoo! Slurp; http://help.yahoo.com/help/us/ysearch/slurp)" 
68.180.230.181 - - [13/Jun/2017:15:53:59 -0700] "GET /self.logs/access.log.2016-06-04.gz HTTP/1.1" 200 8213 "-" "Mozilla/5.0 (compatible; Yahoo! Slurp; http://help.yahoo.com/help/us/ysearch/slurp)" 
