157.55.39.62 - - [03/Nov/2015:02:45:10 -0800] "GET /robots.txt HTTP/1.1" 200 289 "-" "Mozilla/5.0 (compatible; bingbot/2.0; +http://www.bing.com/bingbot.htm)" 
220.181.108.178 - - [03/Nov/2015:02:53:44 -0800] "GET / HTTP/1.1" 200 7843 "-" "Mozilla/5.0 (Windows NT 5.1; rv:6.0.2) Gecko/20100101 Firefox/6.0.2" 
220.181.108.153 - - [03/Nov/2015:02:53:45 -0800] "GET / HTTP/1.1" 200 25983 "-" "Mozilla/5.0 (Windows NT 5.1; rv:6.0.2) Gecko/20100101 Firefox/6.0.2" 
157.55.39.62 - - [03/Nov/2015:03:01:22 -0800] "GET /self.logs/error.log.2015-04-10.gz HTTP/1.1" 200 2598 "-" "Mozilla/5.0 (compatible; bingbot/2.0; +http://www.bing.com/bingbot.htm)" 
157.55.39.62 - - [03/Nov/2015:03:01:22 -0800] "GET /honeypot/BSidesDFW%20-%202014.ipynb HTTP/1.1" 200 930835 "-" "Mozilla/5.0 (iPhone; CPU iPhone OS 7_0 like Mac OS X) AppleWebKit/537.51.1 (KHTML, like Gecko) Version/7.0 Mobile/11A465 Safari/9537.53 (compatible; bingbot/2.0;  http://www.bing.com/bingbot.htm)" 
207.46.13.0 - - [03/Nov/2015:03:01:32 -0800] "GET /self.logs/error.log.2015-06-25.gz HTTP/1.1" 200 1126 "-" "Mozilla/5.0 (compatible; bingbot/2.0; +http://www.bing.com/bingbot.htm)" 
62.254.145.53 - - [03/Nov/2015:03:10:56 -0800] "GET / HTTP/1.1" 200 7880 "https://www.google.co.uk/" "Mozilla/5.0 (Macintosh; Intel Mac OS X 10_10_5) AppleWebKit/537.36 (KHTML, like Gecko) Chrome/46.0.2490.80 Safari/537.36" 
62.254.145.53 - - [03/Nov/2015:03:10:56 -0800] "GET /GitHub-Mark.png HTTP/1.1" 200 7428 "http://www.secrepo.com/" "Mozilla/5.0 (Macintosh; Intel Mac OS X 10_10_5) AppleWebKit/537.36 (KHTML, like Gecko) Chrome/46.0.2490.80 Safari/537.36" 
62.254.145.53 - - [03/Nov/2015:03:10:56 -0800] "GET /twitter-icon.png HTTP/1.1" 200 27787 "http://www.secrepo.com/" "Mozilla/5.0 (Macintosh; Intel Mac OS X 10_10_5) AppleWebKit/537.36 (KHTML, like Gecko) Chrome/46.0.2490.80 Safari/537.36" 
62.254.145.53 - - [03/Nov/2015:03:10:57 -0800] "GET /bootstrap/img/favicon.ico HTTP/1.1" 200 589 "http://www.secrepo.com/" "Mozilla/5.0 (Macintosh; Intel Mac OS X 10_10_5) AppleWebKit/537.36 (KHTML, like Gecko) Chrome/46.0.2490.80 Safari/537.36" 
62.254.145.53 - - [03/Nov/2015:03:11:59 -0800] "GET /honeypot/honeypot.json.zip HTTP/1.1" 200 4631873 "http://www.secrepo.com/" "Mozilla/5.0 (Macintosh; Intel Mac OS X 10_10_5) AppleWebKit/537.36 (KHTML, like Gecko) Chrome/46.0.2490.80 Safari/537.36" 
104.130.0.17 - - [03/Nov/2015:03:12:07 -0800] "GET /robots.txt HTTP/1.1" 301 446 "-" "Tornado-Async-Client" 
104.130.0.17 - - [03/Nov/2015:03:12:07 -0800] "GET /robots.txt HTTP/1.1" 200 304 "-" "Tornado-Async-Client" 
104.130.0.17 - - [03/Nov/2015:03:12:07 -0800] "GET /honeypot/BSidesDFW%20-%202014.ipynb HTTP/1.1" 301 484 "-" "Tornado-Async-Client" 
104.130.0.17 - - [03/Nov/2015:03:12:07 -0800] "GET /honeypot/BSidesDFW%20-%202014.ipynb HTTP/1.1" 200 930780 "-" "Tornado-Async-Client" 
54.66.198.160 - - [03/Nov/2015:03:12:36 -0800] "GET /wp-login.php HTTP/1.1" 404 340 "-" "Opera/9.80 (Windows NT 6.0) Presto/2.12.388 Version/12.14" 
157.55.39.212 - - [03/Nov/2015:03:34:00 -0800] "GET /robots.txt HTTP/1.1" 301 518 "-" "Mozilla/5.0 (compatible; bingbot/2.0; +http://www.bing.com/bingbot.htm)" 
157.55.39.212 - - [03/Nov/2015:03:34:01 -0800] "GET /robots.txt HTTP/1.1" 200 288 "-" "Mozilla/5.0 (compatible; bingbot/2.0; +http://www.bing.com/bingbot.htm)" 
207.46.13.0 - - [03/Nov/2015:03:36:24 -0800] "GET /robots.txt HTTP/1.1" 301 518 "-" "Mozilla/5.0 (compatible; bingbot/2.0; +http://www.bing.com/bingbot.htm)" 
207.46.13.0 - - [03/Nov/2015:03:36:25 -0800] "GET /robots.txt HTTP/1.1" 200 288 "-" "Mozilla/5.0 (compatible; bingbot/2.0; +http://www.bing.com/bingbot.htm)" 
157.55.39.212 - - [03/Nov/2015:03:36:34 -0800] "GET /self.logs/error.log.2015-04-13.gz HTTP/1.1" 301 544 "-" "Mozilla/5.0 (compatible; bingbot/2.0; +http://www.bing.com/bingbot.htm)" 
207.46.13.0 - - [03/Nov/2015:03:36:35 -0800] "GET /self.logs/access.log.2015-05-18.gz HTTP/1.1" 301 546 "-" "Mozilla/5.0 (compatible; bingbot/2.0; +http://www.bing.com/bingbot.htm)" 
188.165.15.55 - - [03/Nov/2015:03:47:30 -0800] "GET /self.logs/access.log.2015-06-26.gz HTTP/1.1" 200 4014 "-" "Mozilla/5.0 (compatible; AhrefsBot/5.0; +http://ahrefs.com/robot/)" 
123.125.71.113 - - [03/Nov/2015:03:49:21 -0800] "GET / HTTP/1.1" 200 7843 "-" "Mozilla/5.0 (Windows NT 5.1; rv:6.0.2) Gecko/20100101 Firefox/6.0.2" 
123.125.71.116 - - [03/Nov/2015:03:50:34 -0800] "GET / HTTP/1.1" 200 25983 "-" "Mozilla/5.0 (Windows NT 5.1; rv:6.0.2) Gecko/20100101 Firefox/6.0.2" 
207.46.13.15 - - [03/Nov/2015:03:51:27 -0800] "GET / HTTP/1.1" 200 7880 "-" "Mozilla/5.0 (compatible; bingbot/2.0; +http://www.bing.com/bingbot.htm)" 
207.46.13.15 - - [03/Nov/2015:03:59:08 -0800] "GET /self.logs/error.log.2015-08-25.gz HTTP/1.1" 200 937 "-" "Mozilla/5.0 (compatible; bingbot/2.0; +http://www.bing.com/bingbot.htm)" 
157.55.39.234 - - [03/Nov/2015:04:12:46 -0800] "GET /self.logs/error.log.2015-04-15.gz HTTP/1.1" 301 544 "-" "Mozilla/5.0 (compatible; bingbot/2.0; +http://www.bing.com/bingbot.htm)" 
157.55.39.234 - - [03/Nov/2015:04:12:46 -0800] "GET / HTTP/1.1" 301 482 "-" "Mozilla/5.0 (compatible; bingbot/2.0; +http://www.bing.com/bingbot.htm)" 
187.45.174.210 - - [03/Nov/2015:04:17:37 -0800] "GET / HTTP/1.1" 301 427 "http://rankings-analytics.com/try.php?u=http://secrepo.com" "Mozilla/5.0 (Windows NT 6.1; WOW64) AppleWebKit/537.36 (KHTML, like Gecko) Chrome/36.0.1985.143 Safari/537.36" 
187.45.174.210 - - [03/Nov/2015:04:17:40 -0800] "GET / HTTP/1.1" 200 7824 "http://rankings-analytics.com/try.php?u=http://secrepo.com" "Mozilla/5.0 (Windows NT 6.1; WOW64) AppleWebKit/537.36 (KHTML, like Gecko) Chrome/36.0.1985.143 Safari/537.36" 
187.45.174.210 - - [03/Nov/2015:04:17:41 -0800] "GET /GitHub-Mark.png HTTP/1.1" 200 7372 "http://www.secrepo.com/" "Mozilla/5.0 (Windows NT 6.1; WOW64) AppleWebKit/537.36 (KHTML, like Gecko) Chrome/36.0.1985.143 Safari/537.36" 
187.45.174.210 - - [03/Nov/2015:04:17:41 -0800] "GET /twitter-icon.png HTTP/1.1" 200 27732 "http://www.secrepo.com/" "Mozilla/5.0 (Windows NT 6.1; WOW64) AppleWebKit/537.36 (KHTML, like Gecko) Chrome/36.0.1985.143 Safari/537.36" 
188.165.15.55 - - [03/Nov/2015:04:46:43 -0800] "GET /self.logs/access.log.2015-03-18.gz HTTP/1.1" 200 9436 "-" "Mozilla/5.0 (compatible; AhrefsBot/5.0; +http://ahrefs.com/robot/)" 
220.181.108.184 - - [03/Nov/2015:04:53:15 -0800] "GET / HTTP/1.1" 200 7843 "-" "Mozilla/5.0 (Windows NT 5.1; rv:6.0.2) Gecko/20100101 Firefox/6.0.2" 
220.181.108.161 - - [03/Nov/2015:04:53:16 -0800] "GET / HTTP/1.1" 200 25983 "-" "Mozilla/5.0 (Windows NT 5.1; rv:6.0.2) Gecko/20100101 Firefox/6.0.2" 
54.221.199.147 - - [03/Nov/2015:05:06:23 -0800] "GET / HTTP/1.1" 200 7824 "-" "Mozilla/5.0 (compatible; Embedly/0.2; +http://support.embed.ly/)" 
54.204.20.249 - - [03/Nov/2015:05:06:24 -0800] "GET /favicon.ico HTTP/1.1" 200 212 "-" "Mozilla/5.0 (compatible; Embedly/0.2; snap; +http://support.embed.ly/)" 
54.221.198.105 - - [03/Nov/2015:05:06:24 -0800] "GET /bootstrap/img/favicon.ico HTTP/1.1" 200 534 "-" "Mozilla/5.0 (compatible; Embedly/0.2; snap; +http://support.embed.ly/)" 
188.165.15.55 - - [03/Nov/2015:05:06:50 -0800] "GET /self.logs/error.log.2015-03-09.gz HTTP/1.1" 200 2236 "-" "Mozilla/5.0 (compatible; AhrefsBot/5.0; +http://ahrefs.com/robot/)" 
188.165.15.55 - - [03/Nov/2015:05:18:54 -0800] "GET /self.logs/access.log.2015-06-25.gz HTTP/1.1" 200 3773 "-" "Mozilla/5.0 (compatible; AhrefsBot/5.0; +http://ahrefs.com/robot/)" 
54.174.60.242 - - [03/Nov/2015:05:31:18 -0800] "GET /robots.txt HTTP/1.1" 301 465 "-" "Mozilla/5.0 (Windows; U; Windows NT 5.1; en-US) AppleWebKit/537.36 (KHTML, like Gecko) Chrome/27.0.1453.116 Safari/537.36 HubSpot Webcrawler" 
54.174.60.242 - - [03/Nov/2015:05:31:18 -0800] "GET /robots.txt HTTP/1.1" 200 297 "-" "Mozilla/5.0 (Windows; U; Windows NT 5.1; en-US) AppleWebKit/537.36 (KHTML, like Gecko) Chrome/27.0.1453.116 Safari/537.36 HubSpot Webcrawler" 
54.174.60.242 - - [03/Nov/2015:05:31:18 -0800] "HEAD / HTTP/1.1" 301 253 "-" "Mozilla/5.0 (Windows; U; Windows NT 5.1; en-US) AppleWebKit/537.36 (KHTML, like Gecko) Chrome/27.0.1453.116 Safari/537.36 HubSpot Webcrawler" 
54.174.60.242 - - [03/Nov/2015:05:31:18 -0800] "HEAD / HTTP/1.1" 200 281 "-" "Mozilla/5.0 (Windows; U; Windows NT 5.1; en-US) AppleWebKit/537.36 (KHTML, like Gecko) Chrome/27.0.1453.116 Safari/537.36 HubSpot Webcrawler" 
54.174.57.67 - - [03/Nov/2015:05:31:25 -0800] "GET / HTTP/1.1" 301 483 "-" "Mozilla/5.0 (Windows; U; Windows NT 5.1; en-US) AppleWebKit/537.36 (KHTML, like Gecko) Chrome/27.0.1453.116 Safari/537.36 HubSpot Webcrawler" 
54.174.57.67 - - [03/Nov/2015:05:31:25 -0800] "GET / HTTP/1.1" 200 7880 "-" "Mozilla/5.0 (Windows; U; Windows NT 5.1; en-US) AppleWebKit/537.36 (KHTML, like Gecko) Chrome/27.0.1453.116 Safari/537.36 HubSpot Webcrawler" 
54.174.57.67 - - [03/Nov/2015:05:31:26 -0800] "GET /twitter-icon.png HTTP/1.1" 200 27787 "http://www.secrepo.com/" "Mozilla/5.0 (Windows; U; Windows NT 5.1; en-US) AppleWebKit/537.36 (KHTML, like Gecko) Chrome/27.0.1453.116 Safari/537.36 HubSpot Webcrawler" 
54.174.57.67 - - [03/Nov/2015:05:31:26 -0800] "GET /GitHub-Mark.png HTTP/1.1" 200 7428 "http://www.secrepo.com/" "Mozilla/5.0 (Windows; U; Windows NT 5.1; en-US) AppleWebKit/537.36 (KHTML, like Gecko) Chrome/27.0.1453.116 Safari/537.36 HubSpot Webcrawler" 
54.174.57.67 - - [03/Nov/2015:05:31:26 -0800] "GET /bootstrap/img/favicon.ico HTTP/1.1" 200 589 "http://www.secrepo.com/" "Mozilla/5.0 (Windows; U; Windows NT 5.1; en-US) AppleWebKit/537.36 (KHTML, like Gecko) Chrome/27.0.1453.116 Safari/537.36 HubSpot Webcrawler" 
54.174.60.242 - - [03/Nov/2015:05:31:26 -0800] "GET /robots.txt HTTP/1.1" 200 297 "-" "Mozilla/5.0 (Windows; U; Windows NT 5.1; en-US) AppleWebKit/537.36 (KHTML, like Gecko) Chrome/27.0.1453.116 Safari/537.36 HubSpot Webcrawler" 
54.174.60.242 - - [03/Nov/2015:05:31:27 -0800] "HEAD /Security-Data-Analysis/Lab_1/conn.log.zip HTTP/1.1" 200 269 "-" "Mozilla/5.0 (Windows; U; Windows NT 5.1; en-US) AppleWebKit/537.36 (KHTML, like Gecko) Chrome/27.0.1453.116 Safari/537.36 HubSpot Webcrawler" 
54.174.60.242 - - [03/Nov/2015:05:31:28 -0800] "HEAD /auth.log/auth.log.gz HTTP/1.1" 200 261 "-" "Mozilla/5.0 (Windows; U; Windows NT 5.1; en-US) AppleWebKit/537.36 (KHTML, like Gecko) Chrome/27.0.1453.116 Safari/537.36 HubSpot Webcrawler" 
54.174.60.242 - - [03/Nov/2015:05:31:30 -0800] "HEAD /data HTTP/1.1" 404 283 "-" "Mozilla/5.0 (Windows; U; Windows NT 5.1; en-US) AppleWebKit/537.36 (KHTML, like Gecko) Chrome/27.0.1453.116 Safari/537.36 HubSpot Webcrawler" 
54.174.60.242 - - [03/Nov/2015:05:31:30 -0800] "GET /data HTTP/1.1" 404 303 "-" "Mozilla/5.0 (Windows; U; Windows NT 5.1; en-US) AppleWebKit/537.36 (KHTML, like Gecko) Chrome/27.0.1453.116 Safari/537.36 HubSpot Webcrawler" 
54.174.60.242 - - [03/Nov/2015:05:31:30 -0800] "GET /honeypot/honeypot.json.zip HTTP/1.1" 200 4631836 "-" "Mozilla/5.0 (Windows; U; Windows NT 5.1; en-US) AppleWebKit/537.36 (KHTML, like Gecko) Chrome/27.0.1453.116 Safari/537.36 HubSpot Webcrawler" 
54.174.60.242 - - [03/Nov/2015:05:31:31 -0800] "GET /maccdc2012/conn.log.gz HTTP/1.1" 200 67846990 "-" "Mozilla/5.0 (Windows; U; Windows NT 5.1; en-US) AppleWebKit/537.36 (KHTML, like Gecko) Chrome/27.0.1453.116 Safari/537.36 HubSpot Webcrawler" 
54.174.60.242 - - [03/Nov/2015:05:32:01 -0800] "GET /maccdc2012/dhcp.log.gz HTTP/1.1" 200 44982 "-" "Mozilla/5.0 (Windows; U; Windows NT 5.1; en-US) AppleWebKit/537.36 (KHTML, like Gecko) Chrome/27.0.1453.116 Safari/537.36 HubSpot Webcrawler" 
54.174.60.242 - - [03/Nov/2015:05:32:02 -0800] "GET /maccdc2012/dns.log.gz HTTP/1.1" 200 6629383 "-" "Mozilla/5.0 (Windows; U; Windows NT 5.1; en-US) AppleWebKit/537.36 (KHTML, like Gecko) Chrome/27.0.1453.116 Safari/537.36 HubSpot Webcrawler" 
54.174.59.232 - - [03/Nov/2015:05:32:14 -0800] "GET /maccdc2012/dns.log.gz HTTP/1.1" 200 6143169 "-" "Mozilla/5.0 (Windows; U; Windows NT 5.1; en-US) AppleWebKit/537.36 (KHTML, like Gecko) Chrome/27.0.1453.116 Safari/537.36 HubSpot Webcrawler" 
54.174.60.242 - - [03/Nov/2015:05:32:18 -0800] "GET /maccdc2012/files.log.gz HTTP/1.1" 200 51408635 "-" "Mozilla/5.0 (Windows; U; Windows NT 5.1; en-US) AppleWebKit/537.36 (KHTML, like Gecko) Chrome/27.0.1453.116 Safari/537.36 HubSpot Webcrawler" 
54.174.57.67 - - [03/Nov/2015:05:32:44 -0800] "GET /maccdc2012/files.log.gz HTTP/1.1" 200 1410434 "-" "Mozilla/5.0 (Windows; U; Windows NT 5.1; en-US) AppleWebKit/537.36 (KHTML, like Gecko) Chrome/27.0.1453.116 Safari/537.36 HubSpot Webcrawler" 
54.174.60.242 - - [03/Nov/2015:05:32:46 -0800] "GET /maccdc2012/ftp.log.gz HTTP/1.1" 200 128079 "-" "Mozilla/5.0 (Windows; U; Windows NT 5.1; en-US) AppleWebKit/537.36 (KHTML, like Gecko) Chrome/27.0.1453.116 Safari/537.36 HubSpot Webcrawler" 
54.174.60.242 - - [03/Nov/2015:05:32:46 -0800] "GET /maccdc2012/http.log.gz HTTP/1.1" 200 54258779 "-" "Mozilla/5.0 (Windows; U; Windows NT 5.1; en-US) AppleWebKit/537.36 (KHTML, like Gecko) Chrome/27.0.1453.116 Safari/537.36 HubSpot Webcrawler" 
54.174.60.242 - - [03/Nov/2015:05:33:38 -0800] "GET /maccdc2012/maccdc2012_fast_alert.7z HTTP/1.1" 200 9478138 "-" "Mozilla/5.0 (Windows; U; Windows NT 5.1; en-US) AppleWebKit/537.36 (KHTML, like Gecko) Chrome/27.0.1453.116 Safari/537.36 HubSpot Webcrawler" 
54.174.60.242 - - [03/Nov/2015:05:33:38 -0800] "GET /maccdc2012/maccdc2012_full_alert.7z HTTP/1.1" 200 24978931 "-" "Mozilla/5.0 (Windows; U; Windows NT 5.1; en-US) AppleWebKit/537.36 (KHTML, like Gecko) Chrome/27.0.1453.116 Safari/537.36 HubSpot Webcrawler" 
54.174.60.242 - - [03/Nov/2015:05:33:39 -0800] "GET /maccdc2012/notice.log.gz HTTP/1.1" 200 20742 "-" "Mozilla/5.0 (Windows; U; Windows NT 5.1; en-US) AppleWebKit/537.36 (KHTML, like Gecko) Chrome/27.0.1453.116 Safari/537.36 HubSpot Webcrawler" 
54.174.60.242 - - [03/Nov/2015:05:33:39 -0800] "GET /maccdc2012/signatures.log.gz HTTP/1.1" 200 568 "-" "Mozilla/5.0 (Windows; U; Windows NT 5.1; en-US) AppleWebKit/537.36 (KHTML, like Gecko) Chrome/27.0.1453.116 Safari/537.36 HubSpot Webcrawler" 
54.174.60.242 - - [03/Nov/2015:05:33:40 -0800] "GET /maccdc2012/smtp.log.gz HTTP/1.1" 200 6871 "-" "Mozilla/5.0 (Windows; U; Windows NT 5.1; en-US) AppleWebKit/537.36 (KHTML, like Gecko) Chrome/27.0.1453.116 Safari/537.36 HubSpot Webcrawler" 
54.174.60.242 - - [03/Nov/2015:05:33:40 -0800] "GET /maccdc2012/ssh.log.gz HTTP/1.1" 200 182480 "-" "Mozilla/5.0 (Windows; U; Windows NT 5.1; en-US) AppleWebKit/537.36 (KHTML, like Gecko) Chrome/27.0.1453.116 Safari/537.36 HubSpot Webcrawler" 
54.174.60.242 - - [03/Nov/2015:05:33:41 -0800] "GET /maccdc2012/ssl.log.gz HTTP/1.1" 200 1313638 "-" "Mozilla/5.0 (Windows; U; Windows NT 5.1; en-US) AppleWebKit/537.36 (KHTML, like Gecko) Chrome/27.0.1453.116 Safari/537.36 HubSpot Webcrawler" 
54.174.60.242 - - [03/Nov/2015:05:33:43 -0800] "GET /maccdc2012/tunnel.log.gz HTTP/1.1" 200 5192 "-" "Mozilla/5.0 (Windows; U; Windows NT 5.1; en-US) AppleWebKit/537.36 (KHTML, like Gecko) Chrome/27.0.1453.116 Safari/537.36 HubSpot Webcrawler" 
54.174.60.242 - - [03/Nov/2015:05:33:44 -0800] "GET /maccdc2012/weird.log.gz HTTP/1.1" 200 1242740 "-" "Mozilla/5.0 (Windows; U; Windows NT 5.1; en-US) AppleWebKit/537.36 (KHTML, like Gecko) Chrome/27.0.1453.116 Safari/537.36 HubSpot Webcrawler" 
54.174.60.242 - - [03/Nov/2015:05:33:45 -0800] "GET /misc/zeus_dga_domains.txt.zip HTTP/1.1" 200 594323 "-" "Mozilla/5.0 (Windows; U; Windows NT 5.1; en-US) AppleWebKit/537.36 (KHTML, like Gecko) Chrome/27.0.1453.116 Safari/537.36 HubSpot Webcrawler" 
54.174.60.242 - - [03/Nov/2015:05:33:46 -0800] "GET /self.logs/ HTTP/1.1" 200 6218 "-" "Mozilla/5.0 (Windows; U; Windows NT 5.1; en-US) AppleWebKit/537.36 (KHTML, like Gecko) Chrome/27.0.1453.116 Safari/537.36 HubSpot Webcrawler" 
54.174.60.242 - - [03/Nov/2015:05:33:48 -0800] "GET /squid/access.log.gz HTTP/1.1" 200 23177285 "-" "Mozilla/5.0 (Windows; U; Windows NT 5.1; en-US) AppleWebKit/537.36 (KHTML, like Gecko) Chrome/27.0.1453.116 Safari/537.36 HubSpot Webcrawler" 
54.174.60.242 - - [03/Nov/2015:05:33:58 -0800] "GET /tg/a.zip HTTP/1.1" 200 66189300 "-" "Mozilla/5.0 (Windows; U; Windows NT 5.1; en-US) AppleWebKit/537.36 (KHTML, like Gecko) Chrome/27.0.1453.116 Safari/537.36 HubSpot Webcrawler" 
54.174.60.242 - - [03/Nov/2015:05:33:58 -0800] "GET /tg/b.zip HTTP/1.1" 200 42298127 "-" "Mozilla/5.0 (Windows; U; Windows NT 5.1; en-US) AppleWebKit/537.36 (KHTML, like Gecko) Chrome/27.0.1453.116 Safari/537.36 HubSpot Webcrawler" 
54.174.60.242 - - [03/Nov/2015:05:33:59 -0800] "GET /tg/c.zip HTTP/1.1" 200 63359081 "-" "Mozilla/5.0 (Windows; U; Windows NT 5.1; en-US) AppleWebKit/537.36 (KHTML, like Gecko) Chrome/27.0.1453.116 Safari/537.36 HubSpot Webcrawler" 
54.174.60.242 - - [03/Nov/2015:05:34:00 -0800] "GET /tg/tg_snort_fast.7z HTTP/1.1" 200 4274082 "-" "Mozilla/5.0 (Windows; U; Windows NT 5.1; en-US) AppleWebKit/537.36 (KHTML, like Gecko) Chrome/27.0.1453.116 Safari/537.36 HubSpot Webcrawler" 
54.174.60.242 - - [03/Nov/2015:05:34:00 -0800] "GET /tg/tg_snort_full.7z HTTP/1.1" 200 8847783 "-" "Mozilla/5.0 (Windows; U; Windows NT 5.1; en-US) AppleWebKit/537.36 (KHTML, like Gecko) Chrome/27.0.1453.116 Safari/537.36 HubSpot Webcrawler" 
54.174.60.242 - - [03/Nov/2015:05:34:01 -0800] "GET /zeus/zeus_json.zip HTTP/1.1" 404 303 "-" "Mozilla/5.0 (Windows; U; Windows NT 5.1; en-US) AppleWebKit/537.36 (KHTML, like Gecko) Chrome/27.0.1453.116 Safari/537.36 HubSpot Webcrawler" 
143.231.249.138 - - [03/Nov/2015:05:34:59 -0800] "GET / HTTP/1.1" 200 7880 "-" "Mozilla/5.0 (Windows NT 6.1; WOW64) AppleWebKit/537.36 (KHTML, like Gecko) Chrome/46.0.2490.80 Safari/537.36" 
143.231.249.138 - - [03/Nov/2015:05:35:00 -0800] "GET /twitter-icon.png HTTP/1.1" 200 27787 "http://www.secrepo.com/" "Mozilla/5.0 (Windows NT 6.1; WOW64) AppleWebKit/537.36 (KHTML, like Gecko) Chrome/46.0.2490.80 Safari/537.36" 
143.231.249.138 - - [03/Nov/2015:05:35:00 -0800] "GET /GitHub-Mark.png HTTP/1.1" 200 7428 "http://www.secrepo.com/" "Mozilla/5.0 (Windows NT 6.1; WOW64) AppleWebKit/537.36 (KHTML, like Gecko) Chrome/46.0.2490.80 Safari/537.36" 
143.231.249.138 - - [03/Nov/2015:05:35:00 -0800] "GET /bootstrap/img/favicon.ico HTTP/1.1" 200 589 "http://www.secrepo.com/" "Mozilla/5.0 (Windows NT 6.1; WOW64) AppleWebKit/537.36 (KHTML, like Gecko) Chrome/46.0.2490.80 Safari/537.36" 
143.231.249.138 - - [03/Nov/2015:05:52:05 -0800] "GET /self.logs/ HTTP/1.1" 200 6255 "http://www.secrepo.com/" "Mozilla/5.0 (Windows NT 6.1; WOW64) AppleWebKit/537.36 (KHTML, like Gecko) Chrome/46.0.2490.80 Safari/537.36" 
143.231.249.138 - - [03/Nov/2015:05:52:05 -0800] "GET /favicon.ico HTTP/1.1" 200 267 "http://www.secrepo.com/self.logs/" "Mozilla/5.0 (Windows NT 6.1; WOW64) AppleWebKit/537.36 (KHTML, like Gecko) Chrome/46.0.2490.80 Safari/537.36" 
83.241.207.162 - - [03/Nov/2015:06:18:07 -0800] "GET / HTTP/1.1" 200 7880 "http://www.mlsecproject.org/" "Mozilla/5.0 (X11; Linux x86_64) AppleWebKit/537.36 (KHTML, like Gecko) Ubuntu Chromium/45.0.2454.101 Chrome/45.0.2454.101 Safari/537.36" 
83.241.207.162 - - [03/Nov/2015:06:18:07 -0800] "GET /twitter-icon.png HTTP/1.1" 200 27787 "http://www.secrepo.com/" "Mozilla/5.0 (X11; Linux x86_64) AppleWebKit/537.36 (KHTML, like Gecko) Ubuntu Chromium/45.0.2454.101 Chrome/45.0.2454.101 Safari/537.36" 
83.241.207.162 - - [03/Nov/2015:06:18:08 -0800] "GET /GitHub-Mark.png HTTP/1.1" 200 7428 "http://www.secrepo.com/" "Mozilla/5.0 (X11; Linux x86_64) AppleWebKit/537.36 (KHTML, like Gecko) Ubuntu Chromium/45.0.2454.101 Chrome/45.0.2454.101 Safari/537.36" 
83.241.207.162 - - [03/Nov/2015:06:18:09 -0800] "GET /bootstrap/img/favicon.ico HTTP/1.1" 200 589 "http://www.secrepo.com/" "Mozilla/5.0 (X11; Linux x86_64) AppleWebKit/537.36 (KHTML, like Gecko) Ubuntu Chromium/45.0.2454.101 Chrome/45.0.2454.101 Safari/537.36" 
62.254.145.53 - - [03/Nov/2015:06:18:31 -0800] "GET / HTTP/1.1" 304 189 "-" "Mozilla/5.0 (Macintosh; Intel Mac OS X 10_10_5) AppleWebKit/537.36 (KHTML, like Gecko) Chrome/46.0.2490.80 Safari/537.36" 
62.254.145.53 - - [03/Nov/2015:06:18:31 -0800] "GET /GitHub-Mark.png HTTP/1.1" 304 166 "http://www.secrepo.com/" "Mozilla/5.0 (Macintosh; Intel Mac OS X 10_10_5) AppleWebKit/537.36 (KHTML, like Gecko) Chrome/46.0.2490.80 Safari/537.36" 
62.254.145.53 - - [03/Nov/2015:06:18:31 -0800] "GET /twitter-icon.png HTTP/1.1" 304 165 "http://www.secrepo.com/" "Mozilla/5.0 (Macintosh; Intel Mac OS X 10_10_5) AppleWebKit/537.36 (KHTML, like Gecko) Chrome/46.0.2490.80 Safari/537.36" 
62.254.145.53 - - [03/Nov/2015:06:18:31 -0800] "GET /bootstrap/img/favicon.ico HTTP/1.1" 200 589 "http://www.secrepo.com/" "Mozilla/5.0 (Macintosh; Intel Mac OS X 10_10_5) AppleWebKit/537.36 (KHTML, like Gecko) Chrome/46.0.2490.80 Safari/537.36" 
62.254.145.53 - - [03/Nov/2015:06:19:21 -0800] "GET /favicon.ico HTTP/1.1" 200 268 "http://www.secrepo.com/honeypot/Honeypot%20-%20Howto%20-%20BSides%20Austin.pdf" "Mozilla/5.0 (Macintosh; Intel Mac OS X 10_10_5) AppleWebKit/537.36 (KHTML, like Gecko) Chrome/46.0.2490.80 Safari/537.36" 
62.254.145.53 - - [03/Nov/2015:06:19:22 -0800] "GET /honeypot/Honeypot%20-%20Howto%20-%20BSides%20Austin.pdf HTTP/1.1" 206 33098 "http://www.secrepo.com/honeypot/Honeypot%20-%20Howto%20-%20BSides%20Austin.pdf" "Mozilla/5.0 (Macintosh; Intel Mac OS X 10_10_5) AppleWebKit/537.36 (KHTML, like Gecko) Chrome/46.0.2490.80 Safari/537.36" 
62.254.145.53 - - [03/Nov/2015:06:19:22 -0800] "GET /honeypot/Honeypot%20-%20Howto%20-%20BSides%20Austin.pdf HTTP/1.1" 206 2895748 "http://www.secrepo.com/honeypot/Honeypot%20-%20Howto%20-%20BSides%20Austin.pdf" "Mozilla/5.0 (Macintosh; Intel Mac OS X 10_10_5) AppleWebKit/537.36 (KHTML, like Gecko) Chrome/46.0.2490.80 Safari/537.36" 
62.254.145.53 - - [03/Nov/2015:06:19:21 -0800] "GET /honeypot/Honeypot%20-%20Howto%20-%20BSides%20Austin.pdf HTTP/1.1" 200 605900 "http://www.secrepo.com/" "Mozilla/5.0 (Macintosh; Intel Mac OS X 10_10_5) AppleWebKit/537.36 (KHTML, like Gecko) Chrome/46.0.2490.80 Safari/537.36" 
66.249.67.246 - - [03/Nov/2015:06:21:47 -0800] "GET /favicon.ico HTTP/1.1" 304 163 "-" "Googlebot-Image/1.0" 
46.229.164.99 - - [03/Nov/2015:06:26:37 -0800] "GET / HTTP/1.1" 200 7843 "-" "Mozilla/5.0 (compatible; SemrushBot/0.99~bl; +http://www.semrush.com/bot.html)" 
62.254.145.53 - - [03/Nov/2015:06:27:48 -0800] "GET /maccdc2012/weird.log.gz HTTP/1.1" 200 1242777 "http://www.secrepo.com/" "Mozilla/5.0 (Macintosh; Intel Mac OS X 10_10_5) AppleWebKit/537.36 (KHTML, like Gecko) Chrome/46.0.2490.80 Safari/537.36" 
46.229.164.102 - - [03/Nov/2015:06:33:15 -0800] "GET /honeypot/Honeypot+-+Howto.pdf HTTP/1.1" 404 303 "-" "Mozilla/5.0 (compatible; SemrushBot/0.99~bl; +http://www.semrush.com/bot.html)" 
220.181.108.187 - - [03/Nov/2015:06:58:07 -0800] "GET / HTTP/1.1" 301 446 "-" "Mozilla/5.0 (Windows NT 5.1; rv:6.0.2) Gecko/20100101 Firefox/6.0.2" 
220.181.108.187 - - [03/Nov/2015:06:58:07 -0800] "GET / HTTP/1.1" 200 7843 "-" "Mozilla/5.0 (Windows NT 5.1; rv:6.0.2) Gecko/20100101 Firefox/6.0.2" 
220.181.108.177 - - [03/Nov/2015:06:58:08 -0800] "GET / HTTP/1.1" 200 25983 "-" "Mozilla/5.0 (Windows NT 5.1; rv:6.0.2) Gecko/20100101 Firefox/6.0.2" 
207.46.13.15 - - [03/Nov/2015:07:01:02 -0800] "GET /self.logs/access.log.2015-07-03.gz HTTP/1.1" 200 3777 "-" "Mozilla/5.0 (compatible; bingbot/2.0; +http://www.bing.com/bingbot.htm)" 
123.125.71.78 - - [03/Nov/2015:07:14:10 -0800] "GET / HTTP/1.1" 304 152 "-" "Mozilla/5.0 (compatible; Baiduspider/2.0; +http://www.baidu.com/search/spider.html)" 
157.55.39.100 - - [03/Nov/2015:07:24:20 -0800] "GET /self.logs/access.log.2015-02-13.gz HTTP/1.1" 200 15610 "-" "Mozilla/5.0 (compatible; bingbot/2.0; +http://www.bing.com/bingbot.htm)" 
207.46.13.15 - - [03/Nov/2015:07:25:09 -0800] "GET /self.logs/error.log.2015-06-23.gz HTTP/1.1" 200 1212 "-" "Mozilla/5.0 (compatible; bingbot/2.0; +http://www.bing.com/bingbot.htm)" 
157.55.39.212 - - [03/Nov/2015:07:34:52 -0800] "GET /self.logs/error.log.2015-04-28.gz HTTP/1.1" 200 1347 "-" "Mozilla/5.0 (compatible; bingbot/2.0; +http://www.bing.com/bingbot.htm)" 
188.165.15.55 - - [03/Nov/2015:07:45:13 -0800] "GET /self.logs/access.log.2015-04-12.gz HTTP/1.1" 200 3054 "-" "Mozilla/5.0 (compatible; AhrefsBot/5.0; +http://ahrefs.com/robot/)" 
217.12.204.163 - - [03/Nov/2015:08:24:39 -0800] "GET /fckeditor/editor/filemanager/connectors/php/upload.php HTTP/1.0" 404 284 "-" "Mozilla/4.0 (compatible; MSIE 6.0; Windows NT 5.1)" 
207.46.13.15 - - [03/Nov/2015:08:25:26 -0800] "GET /self.logs/error.log.2015-09-15.gz HTTP/1.1" 200 761 "-" "Mozilla/5.0 (compatible; bingbot/2.0; +http://www.bing.com/bingbot.htm)" 
207.46.13.10 - - [03/Nov/2015:08:27:04 -0800] "GET /self.logs/access.log.2015-09-10.gz HTTP/1.1" 200 6112 "-" "Mozilla/5.0 (compatible; bingbot/2.0; +http://www.bing.com/bingbot.htm)" 
118.70.183.102 - - [03/Nov/2015:08:39:21 -0800] "GET / HTTP/1.1" 200 7880 "-" "Mozilla/5.0 (Macintosh; Intel Mac OS X 10_11) AppleWebKit/601.1.56 (KHTML, like Gecko) Version/9.0 Safari/601.1.56" 
118.70.183.102 - - [03/Nov/2015:08:39:21 -0800] "GET /twitter-icon.png HTTP/1.1" 200 27787 "http://www.secrepo.com/" "Mozilla/5.0 (Macintosh; Intel Mac OS X 10_11) AppleWebKit/601.1.56 (KHTML, like Gecko) Version/9.0 Safari/601.1.56" 
118.70.183.102 - - [03/Nov/2015:08:39:22 -0800] "GET /GitHub-Mark.png HTTP/1.1" 200 7428 "http://www.secrepo.com/" "Mozilla/5.0 (Macintosh; Intel Mac OS X 10_11) AppleWebKit/601.1.56 (KHTML, like Gecko) Version/9.0 Safari/601.1.56" 
118.70.183.102 - - [03/Nov/2015:08:39:23 -0800] "GET /bootstrap/img/favicon.ico HTTP/1.1" 200 590 "http://www.secrepo.com/" "Mozilla/5.0 (Macintosh; Intel Mac OS X 10_11) AppleWebKit/601.1.56 (KHTML, like Gecko) Version/9.0 Safari/601.1.56" 
118.70.183.102 - - [03/Nov/2015:08:40:07 -0800] "GET /maccdc2012/dhcp.log.gz HTTP/1.1" 200 45019 "-" "Safari/11601.1.56 CFNetwork/760.0.5 Darwin/15.0.0 (x86_64)" 
118.70.183.102 - - [03/Nov/2015:08:40:09 -0800] "GET /maccdc2012/dns.log.gz HTTP/1.1" 200 1134521 "http://www.secrepo.com/" "Mozilla/5.0 (Macintosh; Intel Mac OS X 10_11) AppleWebKit/601.1.56 (KHTML, like Gecko) Version/9.0 Safari/601.1.56" 
118.70.183.102 - - [03/Nov/2015:08:40:21 -0800] "GET /maccdc2012/dns.log.gz HTTP/1.1" 200 6629420 "-" "Safari/11601.1.56 CFNetwork/760.0.5 Darwin/15.0.0 (x86_64)" 
118.70.183.102 - - [03/Nov/2015:08:40:35 -0800] "GET /maccdc2012/ftp.log.gz HTTP/1.1" 200 128116 "-" "Safari/11601.1.56 CFNetwork/760.0.5 Darwin/15.0.0 (x86_64)" 
118.70.183.102 - - [03/Nov/2015:08:40:46 -0800] "GET /maccdc2012/notice.log.gz HTTP/1.1" 200 20779 "-" "Safari/11601.1.56 CFNetwork/760.0.5 Darwin/15.0.0 (x86_64)" 
118.70.183.102 - - [03/Nov/2015:08:40:51 -0800] "GET /maccdc2012/signatures.log.gz HTTP/1.1" 200 605 "-" "Safari/11601.1.56 CFNetwork/760.0.5 Darwin/15.0.0 (x86_64)" 
118.70.183.102 - - [03/Nov/2015:08:40:56 -0800] "GET /maccdc2012/smtp.log.gz HTTP/1.1" 200 6908 "-" "Safari/11601.1.56 CFNetwork/760.0.5 Darwin/15.0.0 (x86_64)" 
118.70.183.102 - - [03/Nov/2015:08:41:01 -0800] "GET /maccdc2012/ssh.log.gz HTTP/1.1" 200 182517 "-" "Safari/11601.1.56 CFNetwork/760.0.5 Darwin/15.0.0 (x86_64)" 
118.70.183.102 - - [03/Nov/2015:08:41:06 -0800] "GET /maccdc2012/ssl.log.gz HTTP/1.1" 200 1313675 "-" "Safari/11601.1.56 CFNetwork/760.0.5 Darwin/15.0.0 (x86_64)" 
118.70.183.102 - - [03/Nov/2015:08:41:12 -0800] "GET /maccdc2012/tunnel.log.gz HTTP/1.1" 200 5228 "-" "Safari/11601.1.56 CFNetwork/760.0.5 Darwin/15.0.0 (x86_64)" 
118.70.183.102 - - [03/Nov/2015:08:41:19 -0800] "GET /maccdc2012/weird.log.gz HTTP/1.1" 200 1242777 "-" "Safari/11601.1.56 CFNetwork/760.0.5 Darwin/15.0.0 (x86_64)" 
118.70.183.102 - - [03/Nov/2015:08:40:29 -0800] "GET /maccdc2012/files.log.gz HTTP/1.1" 200 51408672 "-" "Safari/11601.1.56 CFNetwork/760.0.5 Darwin/15.0.0 (x86_64)" 
118.70.183.102 - - [03/Nov/2015:08:40:40 -0800] "GET /maccdc2012/http.log.gz HTTP/1.1" 200 54258816 "-" "Safari/11601.1.56 CFNetwork/760.0.5 Darwin/15.0.0 (x86_64)" 
118.70.183.102 - - [03/Nov/2015:08:42:18 -0800] "GET /misc/zeus_dga_domains.txt.zip HTTP/1.1" 200 594360 "-" "Mozilla/5.0 (Macintosh; Intel Mac OS X 10_11) AppleWebKit/601.1.56 (KHTML, like Gecko) Version/9.0 Safari/601.1.56" 
118.70.183.102 - - [03/Nov/2015:08:42:44 -0800] "GET /misc/zeus_dga_domains.txt.zip HTTP/1.1" 200 594360 "-" "Safari/11601.1.56 CFNetwork/760.0.5 Darwin/15.0.0 (x86_64)" 
118.70.183.102 - - [03/Nov/2015:08:42:54 -0800] "GET /zeus/zeus_json.zip HTTP/1.1" 404 340 "-" "Safari/11601.1.56 CFNetwork/760.0.5 Darwin/15.0.0 (x86_64)" 
118.70.183.102 - - [03/Nov/2015:08:43:10 -0800] "GET /self.logs/ HTTP/1.1" 200 6255 "-" "Mozilla/5.0 (Macintosh; Intel Mac OS X 10_11) AppleWebKit/601.1.56 (KHTML, like Gecko) Version/9.0 Safari/601.1.56" 
118.70.183.102 - - [03/Nov/2015:08:43:10 -0800] "GET /favicon.ico HTTP/1.1" 200 268 "http://www.secrepo.com/self.logs/" "Mozilla/5.0 (Macintosh; Intel Mac OS X 10_11) AppleWebKit/601.1.56 (KHTML, like Gecko) Version/9.0 Safari/601.1.56" 
118.70.183.102 - - [03/Nov/2015:08:43:14 -0800] "GET /self.logs/access.log.2015-02-04.gz HTTP/1.1" 200 3984 "http://www.secrepo.com/self.logs/" "Mozilla/5.0 (Macintosh; Intel Mac OS X 10_11) AppleWebKit/601.1.56 (KHTML, like Gecko) Version/9.0 Safari/601.1.56" 
118.70.183.102 - - [03/Nov/2015:08:41:59 -0800] "GET /tg/b.zip HTTP/1.1" 200 42298164 "-" "Safari/11601.1.56 CFNetwork/760.0.5 Darwin/15.0.0 (x86_64)" 
118.70.183.102 - - [03/Nov/2015:08:42:04 -0800] "GET /tg/c.zip HTTP/1.1" 200 63359118 "-" "Safari/11601.1.56 CFNetwork/760.0.5 Darwin/15.0.0 (x86_64)" 
118.70.183.102 - - [03/Nov/2015:08:41:53 -0800] "GET /tg/a.zip HTTP/1.1" 200 66189337 "-" "Safari/11601.1.56 CFNetwork/760.0.5 Darwin/15.0.0 (x86_64)" 
118.70.183.102 - - [03/Nov/2015:08:40:00 -0800] "GET /maccdc2012/conn.log.gz HTTP/1.1" 200 551041635 "-" "Safari/11601.1.56 CFNetwork/760.0.5 Darwin/15.0.0 (x86_64)" 
207.46.13.15 - - [03/Nov/2015:09:30:34 -0800] "GET /robots.txt HTTP/1.1" 200 289 "-" "Mozilla/5.0 (compatible; bingbot/2.0; +http://www.bing.com/bingbot.htm)" 
207.46.13.15 - - [03/Nov/2015:09:30:52 -0800] "GET /self.logs/error.log.2015-04-02.gz HTTP/1.1" 200 1056 "-" "Mozilla/5.0 (compatible; bingbot/2.0; +http://www.bing.com/bingbot.htm)" 
66.249.67.254 - - [03/Nov/2015:09:36:30 -0800] "GET / HTTP/1.1" 200 7880 "-" "Mozilla/5.0 (iPhone; CPU iPhone OS 8_3 like Mac OS X) AppleWebKit/600.1.4 (KHTML, like Gecko) Version/8.0 Mobile/12F70 Safari/600.1.4 (compatible; Googlebot/2.1; +http://www.google.com/bot.html)" 
207.46.13.15 - - [03/Nov/2015:09:37:31 -0800] "GET /robots.txt HTTP/1.1" 200 289 "-" "Mozilla/5.0 (compatible; bingbot/2.0; +http://www.bing.com/bingbot.htm)" 
207.46.13.15 - - [03/Nov/2015:09:37:37 -0800] "GET /self.logs/error.log.2015-03-03.gz HTTP/1.1" 200 910 "-" "Mozilla/5.0 (compatible; bingbot/2.0; +http://www.bing.com/bingbot.htm)" 
207.46.13.15 - - [03/Nov/2015:09:41:30 -0800] "GET /self.logs/error.log.2015-02-01.gz HTTP/1.1" 200 801 "-" "Mozilla/5.0 (compatible; bingbot/2.0; +http://www.bing.com/bingbot.htm)" 
155.185.54.130 - - [03/Nov/2015:09:46:59 -0800] "GET / HTTP/1.1" 200 7880 "-" "Mozilla/5.0 (Windows NT 6.1; rv:31.0) Gecko/20100101 Firefox/31.0" 
155.185.54.130 - - [03/Nov/2015:09:46:59 -0800] "GET /twitter-icon.png HTTP/1.1" 200 27787 "http://www.secrepo.com/" "Mozilla/5.0 (Windows NT 6.1; rv:31.0) Gecko/20100101 Firefox/31.0" 
155.185.54.130 - - [03/Nov/2015:09:46:59 -0800] "GET /GitHub-Mark.png HTTP/1.1" 200 7428 "http://www.secrepo.com/" "Mozilla/5.0 (Windows NT 6.1; rv:31.0) Gecko/20100101 Firefox/31.0" 
155.185.54.130 - - [03/Nov/2015:09:47:00 -0800] "GET /bootstrap/img/favicon.ico HTTP/1.1" 200 590 "-" "Mozilla/5.0 (Windows NT 6.1; rv:31.0) Gecko/20100101 Firefox/31.0" 
91.200.12.106 - - [03/Nov/2015:10:01:10 -0800] "GET /honeypot/Honeypot%20-%20Howto.pdf HTTP/1.0" 200 839500 "http://www.secrepo.com/honeypot/Honeypot%20-%20Howto.pdf" "Mozilla/5.0 (Windows NT 10.0; WOW64; rv:40.0) Gecko/20100101 Firefox/40.0" 
91.200.12.106 - - [03/Nov/2015:10:14:29 -0800] "GET /honeypot/Honeypot%20-%20Howto.pdf HTTP/1.0" 200 760660 "http://www.secrepo.com/honeypot/Honeypot%20-%20Howto.pdf" "Mozilla/5.0 (Windows NT 5.1; rv:40.0) Gecko/20100101 Firefox/40.0" 
207.229.189.116 - - [03/Nov/2015:10:35:35 -0800] "GET / HTTP/1.1" 301 483 "-" "Mozilla/5.0 (Macintosh; Intel Mac OS X 10_11_1) AppleWebKit/601.2.7 (KHTML, like Gecko) Version/9.0.1 Safari/601.2.7" 
207.229.189.116 - - [03/Nov/2015:10:35:36 -0800] "GET / HTTP/1.1" 200 7880 "-" "Mozilla/5.0 (Macintosh; Intel Mac OS X 10_11_1) AppleWebKit/601.2.7 (KHTML, like Gecko) Version/9.0.1 Safari/601.2.7" 
207.229.189.116 - - [03/Nov/2015:10:35:36 -0800] "GET /twitter-icon.png HTTP/1.1" 200 27787 "http://www.secrepo.com/" "Mozilla/5.0 (Macintosh; Intel Mac OS X 10_11_1) AppleWebKit/601.2.7 (KHTML, like Gecko) Version/9.0.1 Safari/601.2.7" 
207.229.189.116 - - [03/Nov/2015:10:35:36 -0800] "GET /GitHub-Mark.png HTTP/1.1" 200 7428 "http://www.secrepo.com/" "Mozilla/5.0 (Macintosh; Intel Mac OS X 10_11_1) AppleWebKit/601.2.7 (KHTML, like Gecko) Version/9.0.1 Safari/601.2.7" 
207.229.189.116 - - [03/Nov/2015:10:35:36 -0800] "GET /bootstrap/img/favicon.ico HTTP/1.1" 200 590 "http://www.secrepo.com/" "Mozilla/5.0 (Macintosh; Intel Mac OS X 10_11_1) AppleWebKit/601.2.7 (KHTML, like Gecko) Version/9.0.1 Safari/601.2.7" 
157.55.39.219 - - [03/Nov/2015:11:26:11 -0800] "GET /self.logs/error.log.2015-08-05.gz HTTP/1.1" 200 1055 "-" "Mozilla/5.0 (compatible; bingbot/2.0; +http://www.bing.com/bingbot.htm)" 
153.2.247.31 - - [03/Nov/2015:11:30:19 -0800] "GET / HTTP/1.1" 200 7880 "http://www.mlsecproject.org/" "Mozilla/5.0 (Windows NT 6.1; WOW64) AppleWebKit/537.36 (KHTML, like Gecko) Chrome/45.0.2454.101 Safari/537.36" 
153.2.247.31 - - [03/Nov/2015:11:30:21 -0800] "GET /twitter-icon.png HTTP/1.1" 200 27787 "http://www.secrepo.com/" "Mozilla/5.0 (Windows NT 6.1; WOW64) AppleWebKit/537.36 (KHTML, like Gecko) Chrome/45.0.2454.101 Safari/537.36" 
153.2.247.31 - - [03/Nov/2015:11:30:21 -0800] "GET /GitHub-Mark.png HTTP/1.1" 200 7427 "http://www.secrepo.com/" "Mozilla/5.0 (Windows NT 6.1; WOW64) AppleWebKit/537.36 (KHTML, like Gecko) Chrome/45.0.2454.101 Safari/537.36" 
153.2.247.31 - - [03/Nov/2015:11:30:22 -0800] "GET /bootstrap/img/favicon.ico HTTP/1.1" 200 589 "http://www.secrepo.com/" "Mozilla/5.0 (Windows NT 6.1; WOW64) AppleWebKit/537.36 (KHTML, like Gecko) Chrome/45.0.2454.101 Safari/537.36" 
91.48.37.28 - - [03/Nov/2015:11:59:50 -0800] "GET /favicon.ico HTTP/1.1" 200 268 "http://www.secrepo.com/honeypot/Honeypot%20-%20Howto.pdf" "Mozilla/5.0 (Windows NT 10.0; WOW64) AppleWebKit/537.36 (KHTML, like Gecko) Chrome/46.0.2490.80 Safari/537.36" 
95.14.114.43 - - [03/Nov/2015:11:59:53 -0800] "GET /bootstrap/img/favicon.ico HTTP/1.1" 200 590 "-" "Mozilla/5.0 (Windows NT 10.0; WOW64; rv:41.0) Gecko/20100101 Firefox/41.0" 
91.48.37.28 - - [03/Nov/2015:11:59:49 -0800] "GET /honeypot/Honeypot%20-%20Howto.pdf HTTP/1.1" 200 1279418 "https://www.google.de/" "Mozilla/5.0 (Windows NT 10.0; WOW64) AppleWebKit/537.36 (KHTML, like Gecko) Chrome/46.0.2490.80 Safari/537.36" 
207.46.13.143 - - [03/Nov/2015:12:52:26 -0800] "GET /self.logs/error.log.2015-09-08.gz HTTP/1.1" 200 739 "-" "Mozilla/5.0 (compatible; bingbot/2.0; +http://www.bing.com/bingbot.htm)" 
66.249.83.252 - - [03/Nov/2015:13:21:27 -0800] "GET / HTTP/1.1" 200 7880 "-" "Google favicon" 
66.249.83.248 - - [03/Nov/2015:13:21:27 -0800] "GET /bootstrap/img/favicon.ico HTTP/1.1" 200 590 "-" "Google favicon" 
217.12.204.163 - - [03/Nov/2015:13:22:30 -0800] "GET /admin/fckeditor/editor/filemanager/connectors/php/upload.php HTTP/1.0" 404 284 "-" "Mozilla/4.0 (compatible; MSIE 6.0; Windows NT 5.1)" 
123.125.71.38 - - [03/Nov/2015:13:33:08 -0800] "GET /robots.txt HTTP/1.1" 301 465 "-" "Mozilla/5.0 (Windows NT 5.1; rv:6.0.2) Gecko/20100101 Firefox/6.0.2" 
123.125.71.41 - - [03/Nov/2015:13:33:11 -0800] "GET /robots.txt HTTP/1.1" 200 297 "-" "Mozilla/5.0 (Windows NT 5.1; rv:6.0.2) Gecko/20100101 Firefox/6.0.2" 
220.181.108.106 - - [03/Nov/2015:13:36:02 -0800] "GET / HTTP/1.1" 301 446 "-" "Mozilla/5.0 (compatible; Baiduspider/2.0; +http://www.baidu.com/search/spider.html)" 
220.181.108.159 - - [03/Nov/2015:13:36:03 -0800] "GET / HTTP/1.1" 304 152 "-" "Mozilla/5.0 (compatible; Baiduspider/2.0; +http://www.baidu.com/search/spider.html)" 
123.125.71.41 - - [03/Nov/2015:13:43:09 -0800] "GET / HTTP/1.1" 301 446 "-" "Mozilla/5.0 (Windows NT 5.1; rv:6.0.2) Gecko/20100101 Firefox/6.0.2" 
123.125.71.52 - - [03/Nov/2015:13:43:10 -0800] "GET / HTTP/1.1" 200 7843 "-" "Mozilla/5.0 (Windows NT 5.1; rv:6.0.2) Gecko/20100101 Firefox/6.0.2" 
180.76.15.150 - - [03/Nov/2015:14:03:19 -0800] "GET /self.logs/ HTTP/1.1" 200 6218 "-" "Mozilla/5.0 (compatible; Baiduspider/2.0; +http://www.baidu.com/search/spider.html)" 
188.165.15.55 - - [03/Nov/2015:14:05:35 -0800] "GET /self.logs/error.log.2015-04-25.gz HTTP/1.1" 200 937 "-" "Mozilla/5.0 (compatible; AhrefsBot/5.0; +http://ahrefs.com/robot/)" 
37.200.62.126 - - [03/Nov/2015:14:10:38 -0800] "GET / HTTP/1.1" 200 7880 "-" "Mozilla/5.0 (X11; Linux x86_64) AppleWebKit/537.36 (KHTML, like Gecko) Chrome/47.0.2508.0 Safari/537.36 OPR/34.0.2026.0 (Edition developer)" 
37.200.62.126 - - [03/Nov/2015:14:10:39 -0800] "GET /twitter-icon.png HTTP/1.1" 200 27787 "http://www.secrepo.com/" "Mozilla/5.0 (X11; Linux x86_64) AppleWebKit/537.36 (KHTML, like Gecko) Chrome/47.0.2508.0 Safari/537.36 OPR/34.0.2026.0 (Edition developer)" 
37.200.62.126 - - [03/Nov/2015:14:10:39 -0800] "GET /GitHub-Mark.png HTTP/1.1" 200 7428 "http://www.secrepo.com/" "Mozilla/5.0 (X11; Linux x86_64) AppleWebKit/537.36 (KHTML, like Gecko) Chrome/47.0.2508.0 Safari/537.36 OPR/34.0.2026.0 (Edition developer)" 
37.200.62.126 - - [03/Nov/2015:14:10:39 -0800] "GET /bootstrap/img/favicon.ico HTTP/1.1" 200 589 "http://www.secrepo.com/" "Mozilla/5.0 (X11; Linux x86_64) AppleWebKit/537.36 (KHTML, like Gecko) Chrome/47.0.2508.0 Safari/537.36 OPR/34.0.2026.0 (Edition developer)" 
190.224.23.126 - - [03/Nov/2015:14:27:04 -0800] "GET /self.logs/ HTTP/1.1" 200 6255 "http://ww35.resources.apakian.com/aabin/donepages/7/d/7dc7c44e0394899b1b820be80b7091d9d6afd76ba39032e4ba81eadcd42e4899.html" "Mozilla/5.0 (Windows NT 6.1) AppleWebKit/537.36 (KHTML, like Gecko) Chrome/46.0.2490.80 Safari/537.36" 
190.224.23.126 - - [03/Nov/2015:14:27:04 -0800] "GET /favicon.ico HTTP/1.1" 200 267 "http://www.secrepo.com/self.logs/" "Mozilla/5.0 (Windows NT 6.1) AppleWebKit/537.36 (KHTML, like Gecko) Chrome/46.0.2490.80 Safari/537.36" 
190.224.23.126 - - [03/Nov/2015:14:27:06 -0800] "GET /self.logs/access.log.2015-02-05.gz HTTP/1.1" 200 3553 "http://www.secrepo.com/self.logs/" "Mozilla/5.0 (Windows NT 6.1) AppleWebKit/537.36 (KHTML, like Gecko) Chrome/46.0.2490.80 Safari/537.36" 
157.55.39.243 - - [03/Nov/2015:14:42:41 -0800] "GET /honeypot/Honeypot%20-%20Howto%20-%20BSides%20Austin.pdf HTTP/1.1" 200 2928460 "-" "Mozilla/5.0 (iPhone; CPU iPhone OS 7_0 like Mac OS X) AppleWebKit/537.51.1 (KHTML, like Gecko) Version/7.0 Mobile/11A465 Safari/9537.53 (compatible; bingbot/2.0;  http://www.bing.com/bingbot.htm)" 
123.125.71.29 - - [03/Nov/2015:14:43:35 -0800] "GET / HTTP/1.1" 301 446 "-" "Mozilla/5.0 (Windows NT 5.1; rv:6.0.2) Gecko/20100101 Firefox/6.0.2" 
123.125.71.55 - - [03/Nov/2015:14:43:35 -0800] "GET / HTTP/1.1" 200 7843 "-" "Mozilla/5.0 (Windows NT 5.1; rv:6.0.2) Gecko/20100101 Firefox/6.0.2" 
123.125.71.27 - - [03/Nov/2015:14:43:36 -0800] "GET / HTTP/1.1" 200 21900 "-" "Mozilla/5.0 (Windows NT 5.1; rv:6.0.2) Gecko/20100101 Firefox/6.0.2" 
180.76.15.146 - - [03/Nov/2015:15:02:03 -0800] "GET /honeypot/Honeypot%20-%20Howto%20-%20BSides%20Austin.pdf HTTP/1.1" 200 1410101 "-" "Mozilla/5.0 (compatible; Baiduspider/2.0; +http://www.baidu.com/search/spider.html)" 
188.165.15.55 - - [03/Nov/2015:15:08:46 -0800] "GET /self.logs/error.log.2015-02-13.gz HTTP/1.1" 200 5400 "-" "Mozilla/5.0 (compatible; AhrefsBot/5.0; +http://ahrefs.com/robot/)" 
217.79.62.98 - - [03/Nov/2015:15:14:58 -0800] "GET / HTTP/1.0" 301 461 "-" "-" 
217.79.62.98 - - [03/Nov/2015:15:14:58 -0800] "GET /wp-login.php HTTP/1.0" 301 485 "-" "-" 
217.79.62.98 - - [03/Nov/2015:15:14:58 -0800] "GET /administrator/index.php HTTP/1.0" 301 507 "-" "-" 
217.79.62.98 - - [03/Nov/2015:15:14:59 -0800] "GET /user HTTP/1.0" 301 469 "-" "-" 
217.79.62.98 - - [03/Nov/2015:15:14:59 -0800] "GET /admin.php HTTP/1.0" 301 479 "-" "-" 
157.55.39.220 - - [03/Nov/2015:15:28:16 -0800] "GET /robots.txt HTTP/1.1" 301 518 "-" "Mozilla/5.0 (compatible; bingbot/2.0; +http://www.bing.com/bingbot.htm)" 
157.55.39.220 - - [03/Nov/2015:15:28:17 -0800] "GET /robots.txt HTTP/1.1" 200 288 "-" "Mozilla/5.0 (compatible; bingbot/2.0; +http://www.bing.com/bingbot.htm)" 
207.46.13.143 - - [03/Nov/2015:15:28:30 -0800] "GET /robots.txt HTTP/1.1" 301 518 "-" "Mozilla/5.0 (compatible; bingbot/2.0; +http://www.bing.com/bingbot.htm)" 
207.46.13.143 - - [03/Nov/2015:15:28:30 -0800] "GET /robots.txt HTTP/1.1" 200 288 "-" "Mozilla/5.0 (compatible; bingbot/2.0; +http://www.bing.com/bingbot.htm)" 
207.46.13.143 - - [03/Nov/2015:15:28:35 -0800] "GET /self.logs/access.log.2015-01-21.gz HTTP/1.1" 301 545 "-" "Mozilla/5.0 (compatible; bingbot/2.0; +http://www.bing.com/bingbot.htm)" 
157.55.39.219 - - [03/Nov/2015:15:28:54 -0800] "GET / HTTP/1.1" 301 483 "-" "Mozilla/5.0 (compatible; bingbot/2.0; +http://www.bing.com/bingbot.htm)" 
207.46.13.143 - - [03/Nov/2015:15:31:24 -0800] "GET / HTTP/1.1" 200 7880 "-" "Mozilla/5.0 (compatible; bingbot/2.0; +http://www.bing.com/bingbot.htm)" 
166.62.82.206 - - [03/Nov/2015:15:50:48 -0800] "GET /honeypot/Honeypot%20-%20Howto%20-%20BSides%20Austin.pdf HTTP/1.1" 200 2928460 "http://www.secrepo.com/" "Mozilla/5.0 (Windows NT 6.1; WOW64; rv:35.0) Gecko/20100101 Firefox/35.0 AlexaToolbar/alxf-2.21" 
188.165.15.55 - - [03/Nov/2015:15:59:46 -0800] "GET /self.logs/access.log.2015-08-02.gz HTTP/1.1" 200 4138 "-" "Mozilla/5.0 (compatible; AhrefsBot/5.0; +http://ahrefs.com/robot/)" 
157.55.39.234 - - [03/Nov/2015:16:17:27 -0800] "GET /robots.txt HTTP/1.1" 301 518 "-" "Mozilla/5.0 (compatible; bingbot/2.0; +http://www.bing.com/bingbot.htm)" 
157.55.39.234 - - [03/Nov/2015:16:17:27 -0800] "GET /robots.txt HTTP/1.1" 200 288 "-" "Mozilla/5.0 (compatible; bingbot/2.0; +http://www.bing.com/bingbot.htm)" 
188.165.15.55 - - [03/Nov/2015:16:33:32 -0800] "GET /self.logs/access.log.2015-03-17.gz HTTP/1.1" 200 5967 "-" "Mozilla/5.0 (compatible; AhrefsBot/5.0; +http://ahrefs.com/robot/)" 
37.187.139.132 - - [03/Nov/2015:16:38:01 -0800] "GET /honeypot/Honeypot%20-%20Howto.pdf HTTP/1.1" 418 695 "-" "() { foo;};echo; /bin/bash -c \"expr 299663299665 / 3; echo 333:; uname -a; echo 333:; id;\"" 
157.55.39.234 - - [03/Nov/2015:16:43:02 -0800] "GET /robots.txt HTTP/1.1" 200 289 "-" "Mozilla/5.0 (compatible; bingbot/2.0; +http://www.bing.com/bingbot.htm)" 
157.55.39.234 - - [03/Nov/2015:16:43:11 -0800] "GET /self.logs/error.log.2015-06-15.gz HTTP/1.1" 200 1329 "-" "Mozilla/5.0 (compatible; bingbot/2.0; +http://www.bing.com/bingbot.htm)" 
123.125.71.27 - - [03/Nov/2015:16:43:33 -0800] "GET / HTTP/1.1" 200 7843 "-" "Mozilla/5.0 (Windows NT 5.1; rv:6.0.2) Gecko/20100101 Firefox/6.0.2" 
123.125.71.57 - - [03/Nov/2015:16:43:33 -0800] "GET / HTTP/1.1" 200 21900 "-" "Mozilla/5.0 (Windows NT 5.1; rv:6.0.2) Gecko/20100101 Firefox/6.0.2" 
188.165.15.55 - - [03/Nov/2015:16:52:02 -0800] "GET /self.logs/error.log.2015-05-04.gz HTTP/1.1" 200 697 "-" "Mozilla/5.0 (compatible; AhrefsBot/5.0; +http://ahrefs.com/robot/)" 
78.46.50.246 - - [03/Nov/2015:17:22:00 -0800] "GET /robots.txt HTTP/1.0" 200 252 "-" "Mozilla/5.0 (compatible; MJ12bot/v1.4.5; http://www.majestic12.co.uk/bot.php?+)" 
78.46.50.246 - - [03/Nov/2015:17:22:01 -0800] "GET / HTTP/1.0" 200 25983 "-" "Mozilla/5.0 (compatible; MJ12bot/v1.4.5; http://www.majestic12.co.uk/bot.php?+)" 
188.165.15.55 - - [03/Nov/2015:17:34:12 -0800] "GET /self.logs/error.log.2015-02-07.gz HTTP/1.1" 200 641 "-" "Mozilla/5.0 (compatible; AhrefsBot/5.0; +http://ahrefs.com/robot/)" 
123.125.71.18 - - [03/Nov/2015:17:46:22 -0800] "GET / HTTP/1.1" 200 7843 "-" "Mozilla/5.0 (Windows NT 5.1; rv:6.0.2) Gecko/20100101 Firefox/6.0.2" 
123.125.71.39 - - [03/Nov/2015:17:46:23 -0800] "GET / HTTP/1.1" 200 25983 "-" "Mozilla/5.0 (Windows NT 5.1; rv:6.0.2) Gecko/20100101 Firefox/6.0.2" 
218.111.166.93 - - [03/Nov/2015:17:48:47 -0800] "GET / HTTP/1.1" 301 483 "http://rankings-analytics.com/try.php?u=http://secrepo.com" "Mozilla/5.0 (Windows NT 6.1; WOW64) AppleWebKit/537.36 (KHTML, like Gecko) Chrome/36.0.1985.143 Safari/537.36" 
218.111.166.93 - - [03/Nov/2015:17:48:49 -0800] "GET / HTTP/1.1" 200 7880 "http://rankings-analytics.com/try.php?u=http://secrepo.com" "Mozilla/5.0 (Windows NT 6.1; WOW64) AppleWebKit/537.36 (KHTML, like Gecko) Chrome/36.0.1985.143 Safari/537.36" 
218.111.166.93 - - [03/Nov/2015:17:48:49 -0800] "GET /twitter-icon.png HTTP/1.1" 200 27787 "http://www.secrepo.com/" "Mozilla/5.0 (Windows NT 6.1; WOW64) AppleWebKit/537.36 (KHTML, like Gecko) Chrome/36.0.1985.143 Safari/537.36" 
218.111.166.93 - - [03/Nov/2015:17:48:49 -0800] "GET /GitHub-Mark.png HTTP/1.1" 200 7428 "http://www.secrepo.com/" "Mozilla/5.0 (Windows NT 6.1; WOW64) AppleWebKit/537.36 (KHTML, like Gecko) Chrome/36.0.1985.143 Safari/537.36" 
104.130.0.17 - - [03/Nov/2015:18:28:11 -0800] "GET /robots.txt HTTP/1.1" 301 446 "-" "Tornado-Async-Client" 
104.130.0.17 - - [03/Nov/2015:18:28:11 -0800] "GET /robots.txt HTTP/1.1" 200 304 "-" "Tornado-Async-Client" 
104.130.0.17 - - [03/Nov/2015:18:28:11 -0800] "GET /honeypot/BSidesDFW%20-%202014.ipynb HTTP/1.1" 301 484 "-" "Tornado-Async-Client" 
104.130.0.17 - - [03/Nov/2015:18:28:11 -0800] "GET /honeypot/BSidesDFW%20-%202014.ipynb HTTP/1.1" 200 930780 "-" "Tornado-Async-Client" 
23.92.26.73 - - [03/Nov/2015:18:30:06 -0800] "GET   / HTTP/1.1" 200 25983 "http://www.domain2008.com/domains/www.secrepo.com" "Mozilla/5.0 (compatible; MSIE 9.0; Windows NT 6.1; WOW64; Trident/5.0)" 
195.34.78.49 - - [03/Nov/2015:18:30:33 -0800] "GET /honeypot/BSidesDFW%20-%202014.ipynb HTTP/1.0" 200 930799 "http://www.secrepo.com/honeypot/BSidesDFW%20-%202014.ipynb" "Mozilla/5.0 (Windows NT 10.0; WOW64) AppleWebKit/537.36 (KHTML, like Gecko) Chrome/45.0.2454.99 Safari/537.36" 
117.6.95.182 - - [03/Nov/2015:18:39:41 -0800] "GET / HTTP/1.1" 200 7880 "-" "Mozilla/5.0 (Windows NT 6.1; WOW64; rv:40.0) Gecko/20100101 Firefox/40.0" 
117.6.95.182 - - [03/Nov/2015:18:39:42 -0800] "GET /bootstrap/img/favicon.ico HTTP/1.1" 200 590 "-" "Mozilla/5.0 (Windows NT 6.1; WOW64; rv:40.0) Gecko/20100101 Firefox/40.0" 
117.6.95.182 - - [03/Nov/2015:18:39:42 -0800] "GET /twitter-icon.png HTTP/1.1" 200 27787 "-" "Mozilla/5.0 (Windows NT 6.1; WOW64; rv:40.0) Gecko/20100101 Firefox/40.0" 
117.6.95.182 - - [03/Nov/2015:18:39:42 -0800] "GET /GitHub-Mark.png HTTP/1.1" 200 7428 "-" "Mozilla/5.0 (Windows NT 6.1; WOW64; rv:40.0) Gecko/20100101 Firefox/40.0" 
188.165.15.55 - - [03/Nov/2015:18:47:24 -0800] "GET / HTTP/1.1" 301 427 "-" "Mozilla/5.0 (compatible; AhrefsBot/5.0; +http://ahrefs.com/robot/)" 
188.165.15.55 - - [03/Nov/2015:18:48:48 -0800] "GET /self.logs/access.log.2015-03-06.gz HTTP/1.1" 200 2380 "-" "Mozilla/5.0 (compatible; AhrefsBot/5.0; +http://ahrefs.com/robot/)" 
37.115.154.109 - - [03/Nov/2015:19:00:51 -0800] "GET /honeypot/ HTTP/1.1" 200 1077 "http://lost-alpha.ru/" "Mozilla/4.0 (compatible; MSIE 6.0; Windows XP)" 
37.115.154.109 - - [03/Nov/2015:19:00:52 -0800] "GET /honeypot/ HTTP/1.1" 200 1077 "http://lost-alpha.ru/" "Mozilla/4.0 (compatible; MSIE 6.0; Windows XP)" 
37.115.154.109 - - [03/Nov/2015:19:00:53 -0800] "GET /honeypot/ HTTP/1.1" 200 1077 "http://lost-alpha.ru/" "Mozilla/4.0 (compatible; MSIE 6.0; Windows XP)" 
207.46.13.15 - - [03/Nov/2015:19:08:52 -0800] "GET /robots.txt HTTP/1.1" 301 518 "-" "Mozilla/5.0 (compatible; bingbot/2.0; +http://www.bing.com/bingbot.htm)" 
207.46.13.15 - - [03/Nov/2015:19:08:53 -0800] "GET /robots.txt HTTP/1.1" 200 288 "-" "Mozilla/5.0 (compatible; bingbot/2.0; +http://www.bing.com/bingbot.htm)" 
208.115.113.94 - - [03/Nov/2015:19:11:18 -0800] "GET /robots.txt HTTP/1.1" 301 462 "-" "Mozilla/5.0 (compatible; DotBot/1.1; http://www.opensiteexplorer.org/dotbot, help@moz.com)" 
208.115.113.94 - - [03/Nov/2015:19:11:20 -0800] "GET /robots.txt HTTP/1.1" 200 233 "-" "Mozilla/5.0 (compatible; DotBot/1.1; http://www.opensiteexplorer.org/dotbot, help@moz.com)" 
207.46.13.15 - - [03/Nov/2015:19:12:40 -0800] "GET /self.logs/access.log.2015-01-21.gz HTTP/1.1" 301 545 "-" "Mozilla/5.0 (compatible; bingbot/2.0; +http://www.bing.com/bingbot.htm)" 
93.63.88.184 - - [03/Nov/2015:19:28:22 -0800] "GET /robots.txt HTTP/1.0" 301 481 "-" "Mozilla/5.0 (compatible; MJ12bot/v1.4.5; http://www.majestic12.co.uk/bot.php?+)" 
93.63.88.184 - - [03/Nov/2015:19:28:23 -0800] "GET /robots.txt HTTP/1.0" 200 252 "-" "Mozilla/5.0 (compatible; MJ12bot/v1.4.5; http://www.majestic12.co.uk/bot.php?+)" 
93.63.88.184 - - [03/Nov/2015:19:28:25 -0800] "GET /honeypot/BSidesDFW%20-%202014.ipynb HTTP/1.0" 301 523 "-" "Mozilla/5.0 (compatible; MJ12bot/v1.4.5; http://www.majestic12.co.uk/bot.php?+)" 
93.63.88.184 - - [03/Nov/2015:19:28:27 -0800] "GET /robots.txt HTTP/1.0" 200 252 "-" "Mozilla/5.0 (compatible; MJ12bot/v1.4.5; http://www.majestic12.co.uk/bot.php?+)" 
93.63.88.184 - - [03/Nov/2015:19:28:29 -0800] "GET /honeypot/BSidesDFW%20-%202014.ipynb HTTP/1.0" 200 840960 "-" "Mozilla/5.0 (compatible; MJ12bot/v1.4.5; http://www.majestic12.co.uk/bot.php?+)" 
93.63.88.184 - - [03/Nov/2015:19:28:32 -0800] "GET /robots.txt HTTP/1.0" 200 297 "-" "Mozilla/5.0 (compatible; MJ12bot/v1.4.5; http://www.majestic12.co.uk/bot.php?+)" 
178.255.215.78 - - [03/Nov/2015:19:49:59 -0800] "GET /robots.txt HTTP/1.1" 200 297 "-" "Mozilla/5.0 (compatible; Exabot/3.0; +http://www.exabot.com/go/robot)" 
178.255.215.78 - - [03/Nov/2015:19:49:59 -0800] "GET /data HTTP/1.1" 404 303 "-" "Mozilla/5.0 (compatible; Exabot/3.0; +http://www.exabot.com/go/robot)" 
178.255.215.78 - - [03/Nov/2015:19:50:02 -0800] "GET /maccdc2012/maccdc2012_fast_alert.7z HTTP/1.1" 200 84180 "-" "Mozilla/5.0 (compatible; Exabot/3.0; +http://www.exabot.com/go/robot)" 
