123.125.71.56 - - [01/Jan/2016:02:23:51 -0800] "GET /self.logs/ HTTP/1.1" 200 7341 "-" "Mozilla/5.0 (compatible; Baiduspider/2.0; +http://www.baidu.com/search/spider.html)" 
202.70.95.77 - - [01/Jan/2016:02:23:02 -0800] "GET /tg/a.zip HTTP/1.1" 200 66189337 "http://www.secrepo.com/" "Mozilla/5.0 (Windows NT 6.1) AppleWebKit/537.36 (KHTML, like Gecko) Chrome/47.0.2526.106 Safari/537.36" 
157.55.39.72 - - [01/Jan/2016:02:40:46 -0800] "GET /robots.txt HTTP/1.1" 200 289 "-" "Mozilla/5.0 (compatible; bingbot/2.0; +http://www.bing.com/bingbot.htm)" 
157.55.39.72 - - [01/Jan/2016:02:40:53 -0800] "GET /self.logs/access.log.2015-10-10.gz HTTP/1.1" 200 4205 "-" "Mozilla/5.0 (compatible; bingbot/2.0; +http://www.bing.com/bingbot.htm)" 
134.249.49.23 - - [01/Jan/2016:02:47:31 -0800] "GET /honeypot/ HTTP/1.1" 200 1077 "http://expertnaya-ocenka.ru/" "Opera/7.11 (Windows NT 5.1; U) [en]" 
134.249.49.23 - - [01/Jan/2016:02:47:31 -0800] "GET /honeypot/ HTTP/1.1" 200 1077 "http://expertnaya-ocenka.ru/" "Opera/7.11 (Windows NT 5.1; U) [en]" 
134.249.49.23 - - [01/Jan/2016:02:47:32 -0800] "GET /honeypot/ HTTP/1.1" 200 1077 "http://expertnaya-ocenka.ru/" "Opera/7.11 (Windows NT 5.1; U) [en]" 
188.165.15.206 - - [01/Jan/2016:02:50:48 -0800] "GET /self.logs/access.log.2015-04-20.gz HTTP/1.1" 200 4186 "-" "Mozilla/5.0 (compatible; AhrefsBot/5.0; +http://ahrefs.com/robot/)" 
188.165.15.206 - - [01/Jan/2016:02:56:05 -0800] "GET /self.logs/error.log.2015-10-23.gz HTTP/1.1" 200 736 "-" "Mozilla/5.0 (compatible; AhrefsBot/5.0; +http://ahrefs.com/robot/)" 
37.1.55.155 - - [01/Jan/2016:02:58:50 -0800] "GET / HTTP/1.1" 200 8354 "https://www.google.ru/" "Mozilla/5.0 (Windows NT 6.1; WOW64) AppleWebKit/537.36 (KHTML, like Gecko) Chrome/47.0.2526.106 Safari/537.36" 
37.1.55.155 - - [01/Jan/2016:02:58:51 -0800] "GET /twitter-icon.png HTTP/1.1" 200 27787 "http://www.secrepo.com/" "Mozilla/5.0 (Windows NT 6.1; WOW64) AppleWebKit/537.36 (KHTML, like Gecko) Chrome/47.0.2526.106 Safari/537.36" 
37.1.55.155 - - [01/Jan/2016:02:58:51 -0800] "GET /GitHub-Mark.png HTTP/1.1" 200 7428 "http://www.secrepo.com/" "Mozilla/5.0 (Windows NT 6.1; WOW64) AppleWebKit/537.36 (KHTML, like Gecko) Chrome/47.0.2526.106 Safari/537.36" 
37.1.55.155 - - [01/Jan/2016:02:58:51 -0800] "GET /bootstrap/img/favicon.ico HTTP/1.1" 200 589 "http://www.secrepo.com/" "Mozilla/5.0 (Windows NT 6.1; WOW64) AppleWebKit/537.36 (KHTML, like Gecko) Chrome/47.0.2526.106 Safari/537.36" 
72.163.217.105 - - [01/Jan/2016:03:26:58 -0800] "GET / HTTP/1.1" 200 8354 "-" "Mozilla/5.0 (Macintosh; Intel Mac OS X 10_8_5) AppleWebKit/537.36 (KHTML, like Gecko) Chrome/47.0.2526.106 Safari/537.36" 
72.163.217.105 - - [01/Jan/2016:03:26:59 -0800] "GET /twitter-icon.png HTTP/1.1" 200 27787 "http://www.secrepo.com/" "Mozilla/5.0 (Macintosh; Intel Mac OS X 10_8_5) AppleWebKit/537.36 (KHTML, like Gecko) Chrome/47.0.2526.106 Safari/537.36" 
72.163.217.105 - - [01/Jan/2016:03:26:59 -0800] "GET /GitHub-Mark.png HTTP/1.1" 200 7428 "http://www.secrepo.com/" "Mozilla/5.0 (Macintosh; Intel Mac OS X 10_8_5) AppleWebKit/537.36 (KHTML, like Gecko) Chrome/47.0.2526.106 Safari/537.36" 
72.163.217.105 - - [01/Jan/2016:03:27:00 -0800] "GET /bootstrap/img/favicon.ico HTTP/1.1" 200 589 "http://www.secrepo.com/" "Mozilla/5.0 (Macintosh; Intel Mac OS X 10_8_5) AppleWebKit/537.36 (KHTML, like Gecko) Chrome/47.0.2526.106 Safari/537.36" 
188.165.15.206 - - [01/Jan/2016:03:35:10 -0800] "GET /self.logs/error.log.2015-03-21.gz HTTP/1.1" 200 762 "-" "Mozilla/5.0 (compatible; AhrefsBot/5.0; +http://ahrefs.com/robot/)" 
66.249.66.191 - - [01/Jan/2016:04:04:26 -0800] "GET / HTTP/1.1" 200 8354 "-" "SAMSUNG-SGH-E250/1.0 Profile/MIDP-2.0 Configuration/CLDC-1.1 UP.Browser/6.2.3.3.c.1.101 (GUI) MMP/2.0 (compatible; Googlebot-Mobile/2.1; +http://www.google.com/bot.html)" 
177.9.227.190 - - [01/Jan/2016:04:42:45 -0800] "GET / HTTP/1.1" 301 483 "http://top1-seo-service.com/try.php?u=http://secrepo.com" "Mozilla/5.0 (Windows NT 6.1; WOW64) AppleWebKit/537.36 (KHTML, like Gecko) Chrome/36.0.1985.143 Safari/537.36" 
65.129.154.33 - - [01/Jan/2016:04:42:51 -0800] "GET / HTTP/1.1" 200 8354 "https://www.reddit.com/r/datasets/comments/3xkqre/request_openvas_nessus_vulnerability_scans/" "Mozilla/5.0 (Macintosh; Intel Mac OS X 10_10_5) AppleWebKit/537.36 (KHTML, like Gecko) Chrome/47.0.2526.106 Safari/537.36" 
65.129.154.33 - - [01/Jan/2016:04:42:51 -0800] "GET /twitter-icon.png HTTP/1.1" 200 27787 "http://www.secrepo.com/" "Mozilla/5.0 (Macintosh; Intel Mac OS X 10_10_5) AppleWebKit/537.36 (KHTML, like Gecko) Chrome/47.0.2526.106 Safari/537.36" 
65.129.154.33 - - [01/Jan/2016:04:42:52 -0800] "GET /GitHub-Mark.png HTTP/1.1" 200 7428 "http://www.secrepo.com/" "Mozilla/5.0 (Macintosh; Intel Mac OS X 10_10_5) AppleWebKit/537.36 (KHTML, like Gecko) Chrome/47.0.2526.106 Safari/537.36" 
65.129.154.33 - - [01/Jan/2016:04:42:52 -0800] "GET /bootstrap/img/favicon.ico HTTP/1.1" 200 589 "http://www.secrepo.com/" "Mozilla/5.0 (Macintosh; Intel Mac OS X 10_10_5) AppleWebKit/537.36 (KHTML, like Gecko) Chrome/47.0.2526.106 Safari/537.36" 
177.9.227.190 - - [01/Jan/2016:04:42:52 -0800] "GET / HTTP/1.1" 200 8354 "http://top1-seo-service.com/try.php?u=http://secrepo.com" "Mozilla/5.0 (Windows NT 6.1; WOW64) AppleWebKit/537.36 (KHTML, like Gecko) Chrome/36.0.1985.143 Safari/537.36" 
177.9.227.190 - - [01/Jan/2016:04:42:56 -0800] "GET /GitHub-Mark.png HTTP/1.1" 200 7428 "http://www.secrepo.com/" "Mozilla/5.0 (Windows NT 6.1; WOW64) AppleWebKit/537.36 (KHTML, like Gecko) Chrome/36.0.1985.143 Safari/537.36" 
188.165.15.206 - - [01/Jan/2016:04:44:09 -0800] "GET /self.logs/error.log.2015-05-01.gz HTTP/1.1" 200 881 "-" "Mozilla/5.0 (compatible; AhrefsBot/5.0; +http://ahrefs.com/robot/)" 
188.165.15.206 - - [01/Jan/2016:04:50:21 -0800] "GET /self.logs/error.log.2015-08-27.gz HTTP/1.1" 200 896 "-" "Mozilla/5.0 (compatible; AhrefsBot/5.0; +http://ahrefs.com/robot/)" 
191.205.60.129 - - [01/Jan/2016:04:57:58 -0800] "GET / HTTP/1.1" 301 483 "http://buttons-for-website.com" "Mozilla/5.0 (Windows NT 6.1; WOW64) AppleWebKit/537.36 (KHTML, like Gecko) Chrome/36.0.1985.143 Safari/537.36" 
191.205.60.129 - - [01/Jan/2016:04:57:59 -0800] "GET / HTTP/1.1" 200 8354 "http://buttons-for-website.com" "Mozilla/5.0 (Windows NT 6.1; WOW64) AppleWebKit/537.36 (KHTML, like Gecko) Chrome/36.0.1985.143 Safari/537.36" 
191.205.60.129 - - [01/Jan/2016:04:58:00 -0800] "GET /twitter-icon.png HTTP/1.1" 200 27787 "http://www.secrepo.com/" "Mozilla/5.0 (Windows NT 6.1; WOW64) AppleWebKit/537.36 (KHTML, like Gecko) Chrome/36.0.1985.143 Safari/537.36" 
191.205.60.129 - - [01/Jan/2016:04:58:00 -0800] "GET /GitHub-Mark.png HTTP/1.1" 200 7428 "http://www.secrepo.com/" "Mozilla/5.0 (Windows NT 6.1; WOW64) AppleWebKit/537.36 (KHTML, like Gecko) Chrome/36.0.1985.143 Safari/537.36" 
91.200.12.143 - - [01/Jan/2016:05:01:47 -0800] "GET /honeypot/BSidesDFW%20-%202014.ipynb HTTP/1.0" 200 930799 "http://www.secrepo.com/honeypot/BSidesDFW%20-%202014.ipynb" "Mozilla/5.0 (Windows NT 6.1) AppleWebKit/537.36 (KHTML, like Gecko) Chrome/45.0.2454.101 Safari/537.36" 
188.165.15.206 - - [01/Jan/2016:05:03:46 -0800] "GET /self.logs/access.log.2015-04-22.gz HTTP/1.1" 200 14666 "-" "Mozilla/5.0 (compatible; AhrefsBot/5.0; +http://ahrefs.com/robot/)" 
91.200.12.106 - - [01/Jan/2016:05:06:32 -0800] "GET /honeypot/BSidesDFW%20-%202014.ipynb HTTP/1.0" 200 930799 "http://www.secrepo.com/honeypot/BSidesDFW%20-%202014.ipynb" "Mozilla/5.0 (Windows NT 10.0; WOW64) AppleWebKit/537.36 (KHTML, like Gecko) Chrome/45.0.2454.99 Safari/537.36" 
78.46.174.197 - - [01/Jan/2016:05:08:01 -0800] "GET /robots.txt HTTP/1.0" 200 252 "-" "Mozilla/5.0 (compatible; MJ12bot/v1.4.5; http://www.majestic12.co.uk/bot.php?+)" 
78.46.174.197 - - [01/Jan/2016:05:08:04 -0800] "GET /self.logs/?C=D;O=A HTTP/1.0" 200 67032 "-" "Mozilla/5.0 (compatible; MJ12bot/v1.4.5; http://www.majestic12.co.uk/bot.php?+)" 
78.46.174.197 - - [01/Jan/2016:05:08:07 -0800] "GET /self.logs/?C=M;O=A HTTP/1.0" 200 7586 "-" "Mozilla/5.0 (compatible; MJ12bot/v1.4.5; http://www.majestic12.co.uk/bot.php?+)" 
78.46.174.197 - - [01/Jan/2016:05:08:09 -0800] "GET /self.logs/?C=N;O=D HTTP/1.0" 200 7403 "-" "Mozilla/5.0 (compatible; MJ12bot/v1.4.5; http://www.majestic12.co.uk/bot.php?+)" 
172.99.70.101 - - [01/Jan/2016:05:09:44 -0800] "GET /robots.txt HTTP/1.1" 301 446 "-" "Tornado-Async-Client" 
172.99.70.101 - - [01/Jan/2016:05:09:44 -0800] "GET /robots.txt HTTP/1.1" 200 304 "-" "Tornado-Async-Client" 
172.99.70.101 - - [01/Jan/2016:05:09:44 -0800] "GET /honeypot/BSidesDFW%20-%202014.ipynb HTTP/1.1" 301 484 "-" "Tornado-Async-Client" 
172.99.70.101 - - [01/Jan/2016:05:09:44 -0800] "GET /honeypot/BSidesDFW%20-%202014.ipynb HTTP/1.1" 200 930780 "-" "Tornado-Async-Client" 
188.165.15.206 - - [01/Jan/2016:05:10:41 -0800] "GET /self.logs/error.log.2015-05-26.gz HTTP/1.1" 200 726 "-" "Mozilla/5.0 (compatible; AhrefsBot/5.0; +http://ahrefs.com/robot/)" 
91.200.12.143 - - [01/Jan/2016:05:15:17 -0800] "GET /honeypot/BSidesDFW%20-%202014.ipynb HTTP/1.0" 200 930799 "http://www.secrepo.com/honeypot/BSidesDFW%20-%202014.ipynb" "Mozilla/5.0 (Windows NT 10.0; WOW64; rv:41.0) Gecko/20100101 Firefox/41.0" 
91.200.12.141 - - [01/Jan/2016:05:16:04 -0800] "GET /honeypot/BSidesDFW%20-%202014.ipynb HTTP/1.0" 200 550420 "http://www.secrepo.com/honeypot/BSidesDFW%20-%202014.ipynb" "Mozilla/5.0 (Windows NT 10.0; WOW64; rv:40.0) Gecko/20100101 Firefox/40.0" 
91.200.12.106 - - [01/Jan/2016:05:17:00 -0800] "GET /honeypot/BSidesDFW%20-%202014.ipynb HTTP/1.0" 200 509540 "http://www.secrepo.com/honeypot/BSidesDFW%20-%202014.ipynb" "Mozilla/5.0 (Windows NT 10.0; WOW64; rv:41.0) Gecko/20100101 Firefox/41.0" 
91.200.12.137 - - [01/Jan/2016:05:18:11 -0800] "GET /honeypot/BSidesDFW%20-%202014.ipynb HTTP/1.0" 200 775260 "http://www.secrepo.com/honeypot/BSidesDFW%20-%202014.ipynb" "Mozilla/5.0 (Windows NT 6.1; WOW64) AppleWebKit/537.36 (KHTML, like Gecko) Chrome/43.0.2357.124 YaBrowser/15.7.2357.2877 Safari/537.36" 
91.200.12.137 - - [01/Jan/2016:05:29:07 -0800] "GET /honeypot/BSidesDFW%20-%202014.ipynb HTTP/1.0" 200 582540 "http://www.secrepo.com/honeypot/BSidesDFW%20-%202014.ipynb" "Mozilla/5.0 (Windows NT 6.1; rv:40.0) Gecko/20100101 Firefox/40.0" 
91.200.12.141 - - [01/Jan/2016:05:30:28 -0800] "GET /honeypot/BSidesDFW%20-%202014.ipynb HTTP/1.0" 200 563560 "http://www.secrepo.com/honeypot/BSidesDFW%20-%202014.ipynb" "Mozilla/5.0 (Windows NT 6.1; WOW64) AppleWebKit/537.36 (KHTML, like Gecko) Chrome/45.0.2454.99 Safari/537.36" 
62.210.148.233 - - [01/Jan/2016:05:33:10 -0800] "GET /robots.txt HTTP/1.0" 200 252 "-" "Mozilla/5.0 (compatible; MJ12bot/v1.4.5; http://www.majestic12.co.uk/bot.php?+)" 
62.210.148.233 - - [01/Jan/2016:05:33:12 -0800] "GET /self.logs/?C=D;O=D HTTP/1.0" 200 67032 "-" "Mozilla/5.0 (compatible; MJ12bot/v1.4.5; http://www.majestic12.co.uk/bot.php?+)" 
62.210.148.233 - - [01/Jan/2016:05:33:14 -0800] "GET /self.logs/?C=N;O=A HTTP/1.0" 200 7372 "-" "Mozilla/5.0 (compatible; MJ12bot/v1.4.5; http://www.majestic12.co.uk/bot.php?+)" 
144.76.29.66 - - [01/Jan/2016:05:51:03 -0800] "GET /robots.txt HTTP/1.0" 200 252 "-" "Mozilla/5.0 (compatible; MJ12bot/v1.4.5; http://www.majestic12.co.uk/bot.php?+)" 
144.76.29.66 - - [01/Jan/2016:05:51:05 -0800] "GET /self.logs/?C=M;O=D HTTP/1.0" 200 67032 "-" "Mozilla/5.0 (compatible; MJ12bot/v1.4.5; http://www.majestic12.co.uk/bot.php?+)" 
207.46.13.165 - - [01/Jan/2016:05:52:43 -0800] "GET /robots.txt HTTP/1.1" 301 518 "-" "Mozilla/5.0 (compatible; bingbot/2.0; +http://www.bing.com/bingbot.htm)" 
207.46.13.165 - - [01/Jan/2016:05:52:44 -0800] "GET /robots.txt HTTP/1.1" 200 288 "-" "Mozilla/5.0 (compatible; bingbot/2.0; +http://www.bing.com/bingbot.htm)" 
207.46.13.165 - - [01/Jan/2016:05:53:27 -0800] "GET /self.logs/error.log.2015-02-28.gz HTTP/1.1" 301 544 "-" "Mozilla/5.0 (compatible; bingbot/2.0; +http://www.bing.com/bingbot.htm)" 
199.59.148.210 - - [01/Jan/2016:06:00:23 -0800] "GET /robots.txt HTTP/1.1" 200 304 "-" "Twitterbot/1.0" 
199.59.148.210 - - [01/Jan/2016:06:00:23 -0800] "GET /honeypot/honeypot.json.zip HTTP/1.1" 200 4631817 "-" "Twitterbot/1.0" 
188.165.15.206 - - [01/Jan/2016:06:07:59 -0800] "GET /self.logs/access.log.2015-04-14.gz HTTP/1.1" 200 5009 "-" "Mozilla/5.0 (compatible; AhrefsBot/5.0; +http://ahrefs.com/robot/)" 
177.22.25.67 - - [01/Jan/2016:06:14:34 -0800] "GET / HTTP/1.1" 301 483 "http://top1-seo-service.com/try.php?u=http://secrepo.com" "Mozilla/5.0 (Windows NT 6.1; WOW64) AppleWebKit/537.36 (KHTML, like Gecko) Chrome/36.0.1985.143 Safari/537.36" 
177.22.25.67 - - [01/Jan/2016:06:14:40 -0800] "GET / HTTP/1.1" 200 8354 "http://top1-seo-service.com/try.php?u=http://secrepo.com" "Mozilla/5.0 (Windows NT 6.1; WOW64) AppleWebKit/537.36 (KHTML, like Gecko) Chrome/36.0.1985.143 Safari/537.36" 
177.22.25.67 - - [01/Jan/2016:06:14:47 -0800] "GET /twitter-icon.png HTTP/1.1" 200 27788 "http://www.secrepo.com/" "Mozilla/5.0 (Windows NT 6.1; WOW64) AppleWebKit/537.36 (KHTML, like Gecko) Chrome/36.0.1985.143 Safari/537.36" 
177.22.25.67 - - [01/Jan/2016:06:14:48 -0800] "GET /GitHub-Mark.png HTTP/1.1" 200 7428 "http://www.secrepo.com/" "Mozilla/5.0 (Windows NT 6.1; WOW64) AppleWebKit/537.36 (KHTML, like Gecko) Chrome/36.0.1985.143 Safari/537.36" 
157.55.39.119 - - [01/Jan/2016:06:33:03 -0800] "GET /robots.txt HTTP/1.1" 200 289 "-" "Mozilla/5.0 (compatible; bingbot/2.0; +http://www.bing.com/bingbot.htm)" 
157.55.39.119 - - [01/Jan/2016:06:33:07 -0800] "GET /self.logs/access.log.2015-10-06.gz HTTP/1.1" 200 6237 "-" "Mozilla/5.0 (compatible; bingbot/2.0; +http://www.bing.com/bingbot.htm)" 
62.218.164.126 - - [01/Jan/2016:06:34:31 -0800] "GET /bootstrap/img/favicon.ico HTTP/1.1" 200 590 "-" "Mozilla/5.0 (Windows NT 6.1; WOW64; rv:43.0) Gecko/20100101 Firefox/43.0" 
72.163.217.105 - - [01/Jan/2016:06:48:54 -0800] "GET / HTTP/1.1" 304 189 "-" "Mozilla/5.0 (Macintosh; Intel Mac OS X 10_8_5) AppleWebKit/537.36 (KHTML, like Gecko) Chrome/47.0.2526.106 Safari/537.36" 
72.163.217.105 - - [01/Jan/2016:06:48:55 -0800] "GET /twitter-icon.png HTTP/1.1" 304 166 "http://www.secrepo.com/" "Mozilla/5.0 (Macintosh; Intel Mac OS X 10_8_5) AppleWebKit/537.36 (KHTML, like Gecko) Chrome/47.0.2526.106 Safari/537.36" 
72.163.217.105 - - [01/Jan/2016:06:48:55 -0800] "GET /GitHub-Mark.png HTTP/1.1" 304 166 "http://www.secrepo.com/" "Mozilla/5.0 (Macintosh; Intel Mac OS X 10_8_5) AppleWebKit/537.36 (KHTML, like Gecko) Chrome/47.0.2526.106 Safari/537.36" 
199.59.148.209 - - [01/Jan/2016:06:51:42 -0800] "GET /honeypot/honeypot.json.zip HTTP/1.1" 200 4631817 "-" "Twitterbot/1.0" 
82.164.27.222 - - [01/Jan/2016:06:56:35 -0800] "GET / HTTP/1.1" 200 8354 "http://www2.mlsecproject.org/" "Mozilla/5.0 (X11; CrOS armv7l 7520.62.0) AppleWebKit/537.36 (KHTML, like Gecko) Chrome/47.0.2526.80 Safari/537.36" 
82.164.27.222 - - [01/Jan/2016:06:56:36 -0800] "GET /twitter-icon.png HTTP/1.1" 200 27787 "http://www.secrepo.com/" "Mozilla/5.0 (X11; CrOS armv7l 7520.62.0) AppleWebKit/537.36 (KHTML, like Gecko) Chrome/47.0.2526.80 Safari/537.36" 
82.164.27.222 - - [01/Jan/2016:06:56:36 -0800] "GET /GitHub-Mark.png HTTP/1.1" 200 7428 "http://www.secrepo.com/" "Mozilla/5.0 (X11; CrOS armv7l 7520.62.0) AppleWebKit/537.36 (KHTML, like Gecko) Chrome/47.0.2526.80 Safari/537.36" 
111.13.102.4 - - [01/Jan/2016:07:35:00 -0800] "GET /robots.txt HTTP/1.1" 200 297 "-" "Mozilla/5.0 (Windows NT 5.1; rv:6.0.2) Gecko/20100101 Firefox/6.0.2" 
134.249.49.23 - - [01/Jan/2016:08:29:47 -0800] "GET /honeypot/ HTTP/1.1" 200 1077 "http://ccpfy.net/porno-hd-2016/" "Mozilla/4.0 (compatible; MSIE 6.0; Windows NT 5.0; KTXN)" 
134.249.49.23 - - [01/Jan/2016:08:29:47 -0800] "GET /honeypot/ HTTP/1.1" 200 1077 "http://ccpfy.net/porno-hd-2016/" "Mozilla/4.0 (compatible; MSIE 6.0; Windows NT 5.0; KTXN)" 
134.249.49.23 - - [01/Jan/2016:08:29:48 -0800] "GET /honeypot/ HTTP/1.1" 200 1077 "http://ccpfy.net/porno-hd-2016/" "Mozilla/4.0 (compatible; MSIE 6.0; Windows NT 5.0; KTXN)" 
188.165.15.206 - - [01/Jan/2016:08:50:28 -0800] "GET /self.logs/error.log.2015-07-30.gz HTTP/1.1" 200 769 "-" "Mozilla/5.0 (compatible; AhrefsBot/5.0; +http://ahrefs.com/robot/)" 
73.132.104.112 - - [01/Jan/2016:09:18:35 -0800] "GET / HTTP/1.1" 200 8354 "-" "Mozilla/5.0 (Linux; Android 5.1.1; SM-N920V Build/LMY47X) AppleWebKit/537.36 (KHTML, like Gecko) Chrome/47.0.2526.83 Mobile Safari/537.36" 
73.132.104.112 - - [01/Jan/2016:09:18:36 -0800] "GET /twitter-icon.png HTTP/1.1" 200 27787 "http://www.secrepo.com/" "Mozilla/5.0 (Linux; Android 5.1.1; SM-N920V Build/LMY47X) AppleWebKit/537.36 (KHTML, like Gecko) Chrome/47.0.2526.83 Mobile Safari/537.36" 
73.132.104.112 - - [01/Jan/2016:09:18:36 -0800] "GET /GitHub-Mark.png HTTP/1.1" 200 7428 "http://www.secrepo.com/" "Mozilla/5.0 (Linux; Android 5.1.1; SM-N920V Build/LMY47X) AppleWebKit/537.36 (KHTML, like Gecko) Chrome/47.0.2526.83 Mobile Safari/537.36" 
73.132.104.112 - - [01/Jan/2016:09:18:37 -0800] "GET /bootstrap/img/favicon.ico HTTP/1.1" 200 589 "http://www.secrepo.com/" "Mozilla/5.0 (Linux; Android 5.1.1; SM-N920V Build/LMY47X) AppleWebKit/537.36 (KHTML, like Gecko) Chrome/47.0.2526.83 Mobile Safari/537.36" 
40.77.167.40 - - [01/Jan/2016:09:24:44 -0800] "GET /robots.txt HTTP/1.1" 200 289 "-" "Mozilla/5.0 (compatible; bingbot/2.0; +http://www.bing.com/bingbot.htm)" 
40.77.167.40 - - [01/Jan/2016:09:24:47 -0800] "GET /self.logs/access.log.2015-04-05.gz HTTP/1.1" 200 3524 "-" "Mozilla/5.0 (compatible; bingbot/2.0; +http://www.bing.com/bingbot.htm)" 
185.112.248.114 - - [01/Jan/2016:09:58:30 -0800] "GET /honeypot/BSidesDFW - 2014.ipynb HTTP/1.1" 404 340 "http://www.secrepo.com/" "Mozilla/5.0 (Windows NT 6.2; WOW64; rv:35.0) Gecko/20100101 Firefox/35.0" 
185.112.248.114 - - [01/Jan/2016:09:58:30 -0800] "GET / HTTP/1.1" 200 8353 "http://www.secrepo.com" "Mozilla/5.0 (Windows NT 6.2; WOW64; rv:35.0) Gecko/20100101 Firefox/35.0" 
98.173.216.165 - - [01/Jan/2016:10:31:43 -0800] "GET / HTTP/1.1" 200 8354 "https://t.co/pArNAxyuQQ" "Mozilla/5.0 (Windows NT 6.1; WOW64) AppleWebKit/537.36 (KHTML, like Gecko) Chrome/47.0.2526.106 Safari/537.36" 
98.173.216.165 - - [01/Jan/2016:10:31:44 -0800] "GET /twitter-icon.png HTTP/1.1" 200 27787 "http://www.secrepo.com/" "Mozilla/5.0 (Windows NT 6.1; WOW64) AppleWebKit/537.36 (KHTML, like Gecko) Chrome/47.0.2526.106 Safari/537.36" 
98.173.216.165 - - [01/Jan/2016:10:31:44 -0800] "GET /GitHub-Mark.png HTTP/1.1" 200 7428 "http://www.secrepo.com/" "Mozilla/5.0 (Windows NT 6.1; WOW64) AppleWebKit/537.36 (KHTML, like Gecko) Chrome/47.0.2526.106 Safari/537.36" 
141.8.143.159 - - [01/Jan/2016:11:06:24 -0800] "GET /robots.txt HTTP/1.1" 200 289 "-" "Mozilla/5.0 (compatible; YandexBot/3.0; +http://yandex.com/bots)" 
40.77.167.39 - - [01/Jan/2016:11:09:06 -0800] "GET /robots.txt HTTP/1.1" 200 289 "-" "Mozilla/5.0 (compatible; bingbot/2.0; +http://www.bing.com/bingbot.htm)" 
157.55.39.78 - - [01/Jan/2016:11:09:36 -0800] "GET /robots.txt HTTP/1.1" 301 518 "-" "Mozilla/5.0 (compatible; bingbot/2.0; +http://www.bing.com/bingbot.htm)" 
157.55.39.78 - - [01/Jan/2016:11:09:37 -0800] "GET /robots.txt HTTP/1.1" 200 288 "-" "Mozilla/5.0 (compatible; bingbot/2.0; +http://www.bing.com/bingbot.htm)" 
40.77.167.39 - - [01/Jan/2016:11:09:44 -0800] "GET / HTTP/1.1" 200 8354 "-" "Mozilla/5.0 (compatible; bingbot/2.0; +http://www.bing.com/bingbot.htm)" 
157.55.39.78 - - [01/Jan/2016:11:12:14 -0800] "GET /self.logs/access.log.2015-02-26.gz HTTP/1.1" 301 546 "-" "Mozilla/5.0 (compatible; bingbot/2.0; +http://www.bing.com/bingbot.htm)" 
157.55.39.72 - - [01/Jan/2016:11:19:07 -0800] "GET /robots.txt HTTP/1.1" 200 289 "-" "Mozilla/5.0 (compatible; bingbot/2.0; +http://www.bing.com/bingbot.htm)" 
157.55.39.71 - - [01/Jan/2016:11:19:17 -0800] "GET /self.logs/error.log.2015-04-05.gz HTTP/1.1" 200 1049 "-" "Mozilla/5.0 (compatible; bingbot/2.0; +http://www.bing.com/bingbot.htm)" 
107.21.1.8 - - [01/Jan/2016:11:26:55 -0800] "GET / HTTP/1.1" 200 8354 "http://www.secrepo.com/" "Mozilla/5.0 (compatible; DuckDuckGo-Favicons-Bot/1.0; +http://duckduckgo.com)" 
107.21.1.8 - - [01/Jan/2016:11:26:55 -0800] "GET /bootstrap/img/favicon.ico HTTP/1.1" 200 589 "http://www.secrepo.com/bootstrap/img/favicon.ico" "Mozilla/5.0 (compatible; DuckDuckGo-Favicons-Bot/1.0; +http://duckduckgo.com)" 
188.165.15.206 - - [01/Jan/2016:11:31:15 -0800] "GET /self.logs/access.log.2015-08-01.gz HTTP/1.1" 200 3653 "-" "Mozilla/5.0 (compatible; AhrefsBot/5.0; +http://ahrefs.com/robot/)" 
188.165.15.206 - - [01/Jan/2016:11:36:54 -0800] "GET /self.logs/access.log.2015-06-06.gz HTTP/1.1" 200 3205 "-" "Mozilla/5.0 (compatible; AhrefsBot/5.0; +http://ahrefs.com/robot/)" 
207.46.13.138 - - [01/Jan/2016:11:47:47 -0800] "GET /robots.txt HTTP/1.1" 200 289 "-" "Mozilla/5.0 (compatible; bingbot/2.0; +http://www.bing.com/bingbot.htm)" 
207.46.13.138 - - [01/Jan/2016:11:50:48 -0800] "GET /self.logs/access.log.2015-10-05.gz HTTP/1.1" 200 3800 "-" "Mozilla/5.0 (compatible; bingbot/2.0; +http://www.bing.com/bingbot.htm)" 
188.165.15.206 - - [01/Jan/2016:11:51:47 -0800] "GET /self.logs/error.log.2015-05-07.gz HTTP/1.1" 200 2593 "-" "Mozilla/5.0 (compatible; AhrefsBot/5.0; +http://ahrefs.com/robot/)" 
188.165.15.206 - - [01/Jan/2016:12:07:50 -0800] "GET /self.logs/access.log.2015-06-15.gz HTTP/1.1" 200 7930 "-" "Mozilla/5.0 (compatible; AhrefsBot/5.0; +http://ahrefs.com/robot/)" 
188.165.15.206 - - [01/Jan/2016:12:11:10 -0800] "GET /self.logs/access.log.2015-09-19.gz HTTP/1.1" 200 5472 "-" "Mozilla/5.0 (compatible; AhrefsBot/5.0; +http://ahrefs.com/robot/)" 
188.165.15.206 - - [01/Jan/2016:12:30:31 -0800] "GET /self.logs/error.log.2015-08-16.gz HTTP/1.1" 200 2637 "-" "Mozilla/5.0 (compatible; AhrefsBot/5.0; +http://ahrefs.com/robot/)" 
66.249.66.128 - - [01/Jan/2016:12:49:00 -0800] "GET /honeypot/Honeypot%20-%20Howto.pdf HTTP/1.1" 200 1279418 "-" "Mozilla/5.0 (iPhone; CPU iPhone OS 8_3 like Mac OS X) AppleWebKit/600.1.4 (KHTML, like Gecko) Version/8.0 Mobile/12F70 Safari/600.1.4 (compatible; Googlebot/2.1; +http://www.google.com/bot.html)" 
98.163.91.221 - - [01/Jan/2016:12:53:55 -0800] "GET / HTTP/1.1" 200 8354 "-" "Mozilla/5.0 (Macintosh; Intel Mac OS X 10_11_2) AppleWebKit/537.36 (KHTML, like Gecko) Chrome/47.0.2526.106 Safari/537.36" 
98.163.91.221 - - [01/Jan/2016:12:53:57 -0800] "GET /twitter-icon.png HTTP/1.1" 200 27787 "http://www.secrepo.com/" "Mozilla/5.0 (Macintosh; Intel Mac OS X 10_11_2) AppleWebKit/537.36 (KHTML, like Gecko) Chrome/47.0.2526.106 Safari/537.36" 
98.163.91.221 - - [01/Jan/2016:12:54:00 -0800] "GET /GitHub-Mark.png HTTP/1.1" 200 7428 "http://www.secrepo.com/" "Mozilla/5.0 (Macintosh; Intel Mac OS X 10_11_2) AppleWebKit/537.36 (KHTML, like Gecko) Chrome/47.0.2526.106 Safari/537.36" 
98.163.91.221 - - [01/Jan/2016:12:54:04 -0800] "GET /bootstrap/img/favicon.ico HTTP/1.1" 200 590 "http://www.secrepo.com/" "Mozilla/5.0 (Macintosh; Intel Mac OS X 10_11_2) AppleWebKit/537.36 (KHTML, like Gecko) Chrome/47.0.2526.106 Safari/537.36" 
188.165.15.206 - - [01/Jan/2016:13:18:45 -0800] "GET /self.logs/error.log.2015-02-11.gz HTTP/1.1" 200 1301 "-" "Mozilla/5.0 (compatible; AhrefsBot/5.0; +http://ahrefs.com/robot/)" 
188.165.15.206 - - [01/Jan/2016:13:54:59 -0800] "GET /self.logs/error.log.2015-05-24.gz HTTP/1.1" 200 631 "-" "Mozilla/5.0 (compatible; AhrefsBot/5.0; +http://ahrefs.com/robot/)" 
178.137.89.157 - - [01/Jan/2016:14:05:38 -0800] "GET /honeypot/ HTTP/1.1" 200 1077 "http://platesauto.com/" "Mozilla/4.0 (compatible; MSIE 6.0; Windows NT 5.1; SV1; .NET CLR 1.1.4322) Babya Discoverer  8.0:" 
178.137.89.157 - - [01/Jan/2016:14:05:38 -0800] "GET /honeypot/ HTTP/1.1" 200 1077 "http://brothers-smaller.ru/" "Mozilla/4.0 (compatible; MSIE 6.0; Windows NT 5.1; SV1; .NET CLR 1.0.3705; .NET CLR 1.1.4322; .NET CLR 2.0.40607)" 
178.137.89.157 - - [01/Jan/2016:14:05:39 -0800] "GET /honeypot/ HTTP/1.1" 200 1077 "http://platesauto.com/" "Mozilla/4.0 (compatible; MSIE 6.0; Windows NT 5.1; SV1; .NET CLR 1.1.4322) Babya Discoverer  8.0:" 
178.137.89.157 - - [01/Jan/2016:14:05:39 -0800] "GET /honeypot/ HTTP/1.1" 200 1077 "http://brothers-smaller.ru/" "Mozilla/4.0 (compatible; MSIE 6.0; Windows NT 5.1; SV1; .NET CLR 1.0.3705; .NET CLR 1.1.4322; .NET CLR 2.0.40607)" 
178.137.89.157 - - [01/Jan/2016:14:05:39 -0800] "GET /honeypot/ HTTP/1.1" 200 1077 "http://platesauto.com/" "Mozilla/4.0 (compatible; MSIE 6.0; Windows NT 5.1; SV1; .NET CLR 1.1.4322) Babya Discoverer  8.0:" 
178.137.89.157 - - [01/Jan/2016:14:05:40 -0800] "GET /honeypot/ HTTP/1.1" 200 1077 "http://brothers-smaller.ru/" "Mozilla/4.0 (compatible; MSIE 6.0; Windows NT 5.1; SV1; .NET CLR 1.0.3705; .NET CLR 1.1.4322; .NET CLR 2.0.40607)" 
188.165.15.206 - - [01/Jan/2016:14:21:06 -0800] "GET /self.logs/error.log.2015-07-20.gz HTTP/1.1" 200 913 "-" "Mozilla/5.0 (compatible; AhrefsBot/5.0; +http://ahrefs.com/robot/)" 
200.146.28.136 - - [01/Jan/2016:14:22:24 -0800] "GET / HTTP/1.1" 301 483 "http://top1-seo-service.com/try.php?u=http://secrepo.com" "Mozilla/5.0 (Windows NT 6.1; WOW64) AppleWebKit/537.36 (KHTML, like Gecko) Chrome/32.0.1700.107 Safari/537.36" 
200.146.28.136 - - [01/Jan/2016:14:22:25 -0800] "GET / HTTP/1.1" 200 8354 "http://top1-seo-service.com/try.php?u=http://secrepo.com" "Mozilla/5.0 (Windows NT 6.1; WOW64) AppleWebKit/537.36 (KHTML, like Gecko) Chrome/32.0.1700.107 Safari/537.36" 
200.146.28.136 - - [01/Jan/2016:14:22:26 -0800] "GET /twitter-icon.png HTTP/1.1" 200 27787 "http://www.secrepo.com/" "Mozilla/5.0 (Windows NT 6.1; WOW64) AppleWebKit/537.36 (KHTML, like Gecko) Chrome/32.0.1700.107 Safari/537.36" 
200.146.28.136 - - [01/Jan/2016:14:22:26 -0800] "GET /GitHub-Mark.png HTTP/1.1" 200 7428 "http://www.secrepo.com/" "Mozilla/5.0 (Windows NT 6.1; WOW64) AppleWebKit/537.36 (KHTML, like Gecko) Chrome/32.0.1700.107 Safari/537.36" 
188.165.15.206 - - [01/Jan/2016:14:26:54 -0800] "GET /self.logs/access.log.2015-03-05.gz HTTP/1.1" 200 3269 "-" "Mozilla/5.0 (compatible; AhrefsBot/5.0; +http://ahrefs.com/robot/)" 
208.115.113.86 - - [01/Jan/2016:14:35:04 -0800] "GET /robots.txt HTTP/1.1" 200 233 "-" "Mozilla/5.0 (compatible; DotBot/1.1; http://www.opensiteexplorer.org/dotbot, help@moz.com)" 
212.98.207.134 - - [01/Jan/2016:14:37:47 -0800] "GET /bootstrap/img/favicon.ico HTTP/1.1" 200 590 "-" "Mozilla/5.0 (Windows NT 10.0; WOW64; rv:43.0) Gecko/20100101 Firefox/43.0" 
188.165.15.206 - - [01/Jan/2016:14:47:18 -0800] "GET /self.logs/error.log.2015-11-05.gz HTTP/1.1" 200 1057 "-" "Mozilla/5.0 (compatible; AhrefsBot/5.0; +http://ahrefs.com/robot/)" 
134.249.49.23 - - [01/Jan/2016:14:58:58 -0800] "GET /honeypot/ HTTP/1.1" 200 1077 "http://sachaan.com/" "Mozilla/3.0 (x86 [en] Windows NT 5.1; Sun)" 
134.249.49.23 - - [01/Jan/2016:14:58:59 -0800] "GET /honeypot/ HTTP/1.1" 200 1077 "http://sachaan.com/" "Mozilla/3.0 (x86 [en] Windows NT 5.1; Sun)" 
134.249.49.23 - - [01/Jan/2016:14:59:00 -0800] "GET /honeypot/ HTTP/1.1" 200 1077 "http://sachaan.com/" "Mozilla/3.0 (x86 [en] Windows NT 5.1; Sun)" 
141.8.143.159 - - [01/Jan/2016:15:02:22 -0800] "GET /honeypot/Honeypot%20-%20Howto.pdf HTTP/1.1" 200 1279418 "-" "Mozilla/5.0 (compatible; YandexBot/3.0; +http://yandex.com/bots)" 
172.56.12.233 - - [01/Jan/2016:15:03:42 -0800] "GET /honeypot/Honeypot%20-%20Howto.pdf HTTP/1.1" 200 1279418 "-" "Mozilla/5.0 (Windows; U; Windows NT 5.1; it; rv:1.8.1.11) Gecko/20071127 Firefox/2.0.0.11" 
68.180.231.44 - - [01/Jan/2016:15:06:59 -0800] "GET /robots.txt HTTP/1.1" 200 233 "-" "Mozilla/5.0 (compatible; Yahoo! Slurp; http://help.yahoo.com/help/us/ysearch/slurp)" 
68.180.231.44 - - [01/Jan/2016:15:07:00 -0800] "GET /self.logs/error.log.2015-04-07.gz HTTP/1.1" 200 644 "-" "Mozilla/5.0 (compatible; Yahoo! Slurp; http://help.yahoo.com/help/us/ysearch/slurp)" 
188.165.15.206 - - [01/Jan/2016:15:15:39 -0800] "GET /self.logs/access.log.2015-11-04.gz HTTP/1.1" 200 5869 "-" "Mozilla/5.0 (compatible; AhrefsBot/5.0; +http://ahrefs.com/robot/)" 
46.118.226.141 - - [01/Jan/2016:15:44:04 -0800] "GET /honeypot/ HTTP/1.1" 200 1077 "http://na15.ru/" "Mozilla/4.0 (compatible; MSIE 6.0; Windows XP)" 
46.118.226.141 - - [01/Jan/2016:15:44:05 -0800] "GET /honeypot/ HTTP/1.1" 200 1077 "http://na15.ru/" "Mozilla/4.0 (compatible; MSIE 6.0; Windows XP)" 
46.118.226.141 - - [01/Jan/2016:15:44:05 -0800] "GET /honeypot/ HTTP/1.1" 200 1077 "http://na15.ru/" "Mozilla/4.0 (compatible; MSIE 6.0; Windows XP)" 
141.8.143.159 - - [01/Jan/2016:15:45:09 -0800] "GET /robots.txt HTTP/1.1" 200 289 "-" "Mozilla/5.0 (compatible; YandexBot/3.0; +http://yandex.com/bots)" 
208.115.113.86 - - [01/Jan/2016:15:45:52 -0800] "GET /self.logs/?C=D;O=A HTTP/1.1" 200 67013 "-" "Mozilla/5.0 (compatible; DotBot/1.1; http://www.opensiteexplorer.org/dotbot, help@moz.com)" 
136.243.48.85 - - [01/Jan/2016:15:47:30 -0800] "GET /maccdc2012/files.log.gz HTTP/1.1" 200 11929370 "-" "Mozilla/5.0 (X11; Linux x86_64) AppleWebKit/537.36 (KHTML, like Gecko) Chrome/37.0.2062.120 Safari/537.36" 
188.165.15.206 - - [01/Jan/2016:15:55:08 -0800] "GET /self.logs/access.log.2015-12-01.gz HTTP/1.1" 200 7666 "-" "Mozilla/5.0 (compatible; AhrefsBot/5.0; +http://ahrefs.com/robot/)" 
188.165.15.206 - - [01/Jan/2016:16:38:44 -0800] "GET /self.logs/error.log.2015-02-26.gz HTTP/1.1" 200 994 "-" "Mozilla/5.0 (compatible; AhrefsBot/5.0; +http://ahrefs.com/robot/)" 
40.77.167.40 - - [01/Jan/2016:16:56:13 -0800] "GET /robots.txt HTTP/1.1" 200 289 "-" "Mozilla/5.0 (compatible; bingbot/2.0; +http://www.bing.com/bingbot.htm)" 
40.77.167.40 - - [01/Jan/2016:16:56:34 -0800] "GET /honeypot/Honeypot%20-%20Howto%20-%20BSides%20Austin.pdf HTTP/1.1" 200 2928460 "-" "Mozilla/5.0 (iPhone; CPU iPhone OS 7_0 like Mac OS X) AppleWebKit/537.51.1 (KHTML, like Gecko) Version/7.0 Mobile/11A465 Safari/9537.53 (compatible; bingbot/2.0;  http://www.bing.com/bingbot.htm)" 
188.165.15.206 - - [01/Jan/2016:17:33:50 -0800] "GET /self.logs/error.log.2015-05-25.gz HTTP/1.1" 200 715 "-" "Mozilla/5.0 (compatible; AhrefsBot/5.0; +http://ahrefs.com/robot/)" 
157.55.39.72 - - [01/Jan/2016:17:36:55 -0800] "GET /self.logs/error.log.2015-11-16.gz HTTP/1.1" 200 635 "-" "Mozilla/5.0 (compatible; bingbot/2.0; +http://www.bing.com/bingbot.htm)" 
187.59.58.73 - - [01/Jan/2016:17:41:16 -0800] "GET / HTTP/1.1" 301 483 "http://top1-seo-service.com/try.php?u=http://secrepo.com" "Mozilla/5.0 (Windows NT 6.1; WOW64) AppleWebKit/537.36 (KHTML, like Gecko) Chrome/36.0.1985.143 Safari/537.36" 
187.59.58.73 - - [01/Jan/2016:17:41:17 -0800] "GET / HTTP/1.1" 200 8354 "http://top1-seo-service.com/try.php?u=http://secrepo.com" "Mozilla/5.0 (Windows NT 6.1; WOW64) AppleWebKit/537.36 (KHTML, like Gecko) Chrome/36.0.1985.143 Safari/537.36" 
187.59.58.73 - - [01/Jan/2016:17:41:17 -0800] "GET /twitter-icon.png HTTP/1.1" 200 27787 "http://www.secrepo.com/" "Mozilla/5.0 (Windows NT 6.1; WOW64) AppleWebKit/537.36 (KHTML, like Gecko) Chrome/36.0.1985.143 Safari/537.36" 
187.59.58.73 - - [01/Jan/2016:17:41:18 -0800] "GET /GitHub-Mark.png HTTP/1.1" 200 7428 "http://www.secrepo.com/" "Mozilla/5.0 (Windows NT 6.1; WOW64) AppleWebKit/537.36 (KHTML, like Gecko) Chrome/36.0.1985.143 Safari/537.36" 
66.249.83.252 - - [01/Jan/2016:17:52:46 -0800] "GET / HTTP/1.1" 200 8354 "-" "Mozilla/5.0 (Windows NT 6.1; rv:6.0) Gecko/20110814 Firefox/6.0 Google Favicon" 
66.249.83.193 - - [01/Jan/2016:17:52:46 -0800] "GET /bootstrap/img/favicon.ico HTTP/1.1" 200 590 "-" "Mozilla/5.0 (Windows NT 6.1; rv:6.0) Gecko/20110814 Firefox/6.0 Google Favicon" 
77.75.76.164 - - [01/Jan/2016:17:58:42 -0800] "GET /robots.txt HTTP/1.1" 200 334 "-" "Mozilla/5.0 (compatible; SeznamBot/3.2; +http://fulltext.sblog.cz/)" 
188.165.15.206 - - [01/Jan/2016:17:58:42 -0800] "GET /self.logs/error.log.2015-07-03.gz HTTP/1.1" 200 654 "-" "Mozilla/5.0 (compatible; AhrefsBot/5.0; +http://ahrefs.com/robot/)" 
77.75.76.164 - - [01/Jan/2016:17:58:43 -0800] "GET /maccdc2012/weird.log.gz HTTP/1.1" 200 1242777 "-" "Mozilla/5.0 (compatible; SeznamBot/3.2; +http://fulltext.sblog.cz/)" 
136.243.48.85 - - [01/Jan/2016:18:03:58 -0800] "GET /maccdc2012/ssh.log.gz HTTP/1.1" 200 182461 "-" "Mozilla/5.0 (X11; Linux x86_64) AppleWebKit/537.36 (KHTML, like Gecko) Chrome/37.0.2062.120 Safari/537.36" 
188.165.15.206 - - [01/Jan/2016:18:12:02 -0800] "GET /self.logs/error.log.2015-10-27.gz HTTP/1.1" 200 677 "-" "Mozilla/5.0 (compatible; AhrefsBot/5.0; +http://ahrefs.com/robot/)" 
134.249.49.23 - - [01/Jan/2016:18:21:32 -0800] "GET /honeypot/ HTTP/1.1" 200 1077 "http://bodybuilding-shop.biz/" "Mozilla/4.0 (compatible; MSIE 6.0; Windows NT 5.1; ru) Opera 8.50" 
134.249.49.23 - - [01/Jan/2016:18:21:32 -0800] "GET /honeypot/ HTTP/1.1" 200 1077 "http://bodybuilding-shop.biz/" "Mozilla/4.0 (compatible; MSIE 6.0; Windows NT 5.1; ru) Opera 8.50" 
134.249.49.23 - - [01/Jan/2016:18:21:33 -0800] "GET /honeypot/ HTTP/1.1" 200 1077 "http://bodybuilding-shop.biz/" "Mozilla/4.0 (compatible; MSIE 6.0; Windows NT 5.1; ru) Opera 8.50" 
101.226.167.244 - - [01/Jan/2016:18:34:36 -0800] "GET / HTTP/1.1" 200 8354 "http://www.secrepo.com/" "Mozilla/5.0 (Windows NT 6.1) AppleWebKit/537.1 (KHTML, like Gecko) Chrome/21.0.1180.89 Safari/537.1; 360Spider(compatible; HaosouSpider; http://www.haosou.com/help/help_3_2.html)" 
68.180.231.44 - - [01/Jan/2016:19:07:39 -0800] "GET /self.logs/error.log.2015-07-17.gz HTTP/1.1" 200 703 "-" "Mozilla/5.0 (compatible; Yahoo! Slurp; http://help.yahoo.com/help/us/ysearch/slurp)" 
124.197.117.76 - - [01/Jan/2016:19:59:20 -0800] "GET / HTTP/1.1" 200 8354 "-" "Mozilla/5.0 (Windows NT 6.3; WOW64) AppleWebKit/537.36 (KHTML, like Gecko) Chrome/47.0.2526.106 Safari/537.36" 
124.197.117.76 - - [01/Jan/2016:19:59:20 -0800] "GET /twitter-icon.png HTTP/1.1" 200 27787 "http://www.secrepo.com/" "Mozilla/5.0 (Windows NT 6.3; WOW64) AppleWebKit/537.36 (KHTML, like Gecko) Chrome/47.0.2526.106 Safari/537.36" 
124.197.117.76 - - [01/Jan/2016:19:59:21 -0800] "GET /GitHub-Mark.png HTTP/1.1" 200 7427 "http://www.secrepo.com/" "Mozilla/5.0 (Windows NT 6.3; WOW64) AppleWebKit/537.36 (KHTML, like Gecko) Chrome/47.0.2526.106 Safari/537.36" 
124.197.117.76 - - [01/Jan/2016:19:59:21 -0800] "GET /bootstrap/img/favicon.ico HTTP/1.1" 200 589 "http://www.secrepo.com/" "Mozilla/5.0 (Windows NT 6.3; WOW64) AppleWebKit/537.36 (KHTML, like Gecko) Chrome/47.0.2526.106 Safari/537.36" 
178.137.160.2 - - [01/Jan/2016:20:12:55 -0800] "GET /honeypot/ HTTP/1.1" 200 1077 "http://alphaforum.ru/" "Mozilla/4.0 (compatible; MSIE 5.5; Windows NT 5.0; T312461)" 
178.137.160.2 - - [01/Jan/2016:20:12:55 -0800] "GET /honeypot/ HTTP/1.1" 200 1077 "http://cmd.kz/" "Mozilla/4.76 [en] (Windows NT 5.0; U)" 
178.137.160.2 - - [01/Jan/2016:20:12:55 -0800] "GET /honeypot/ HTTP/1.1" 200 1077 "http://numrinje.com/" "Mozilla/4.0 (compatible; MSIE 5.5; Windows NT 5.0; .NET CLR 1.1.4322)" 
178.137.160.2 - - [01/Jan/2016:20:12:55 -0800] "GET /honeypot/ HTTP/1.1" 200 1077 "http://sdi-pme.com/" "Mozilla/4.0 (compatible; MSIE 5.5; Windows NT 5.0; .NET CLR 1.1.4322)" 
178.137.160.2 - - [01/Jan/2016:20:12:56 -0800] "GET /honeypot/ HTTP/1.1" 200 1077 "http://cmd.kz/" "Mozilla/4.76 [en] (Windows NT 5.0; U)" 
178.137.160.2 - - [01/Jan/2016:20:12:56 -0800] "GET /honeypot/ HTTP/1.1" 200 1077 "http://numrinje.com/" "Mozilla/4.0 (compatible; MSIE 5.5; Windows NT 5.0; .NET CLR 1.1.4322)" 
178.137.160.2 - - [01/Jan/2016:20:12:56 -0800] "GET /honeypot/ HTTP/1.1" 200 1077 "http://sdi-pme.com/" "Mozilla/4.0 (compatible; MSIE 5.5; Windows NT 5.0; .NET CLR 1.1.4322)" 
178.137.160.2 - - [01/Jan/2016:20:12:56 -0800] "GET /honeypot/ HTTP/1.1" 200 1077 "http://alphaforum.ru/" "Mozilla/4.0 (compatible; MSIE 5.5; Windows NT 5.0; T312461)" 
178.137.160.2 - - [01/Jan/2016:20:12:57 -0800] "GET /honeypot/ HTTP/1.1" 200 1077 "http://cmd.kz/" "Mozilla/4.76 [en] (Windows NT 5.0; U)" 
178.137.160.2 - - [01/Jan/2016:20:12:57 -0800] "GET /honeypot/ HTTP/1.1" 200 1077 "http://sdi-pme.com/" "Mozilla/4.0 (compatible; MSIE 5.5; Windows NT 5.0; .NET CLR 1.1.4322)" 
188.165.15.206 - - [01/Jan/2016:20:30:09 -0800] "GET /self.logs/access.log.2015-04-12.gz HTTP/1.1" 200 3054 "-" "Mozilla/5.0 (compatible; AhrefsBot/5.0; +http://ahrefs.com/robot/)" 
77.75.78.170 - - [01/Jan/2016:20:31:19 -0800] "GET /robots.txt HTTP/1.1" 200 334 "-" "Mozilla/5.0 (compatible; SeznamBot/3.2; +http://fulltext.sblog.cz/)" 
77.75.78.170 - - [01/Jan/2016:20:31:20 -0800] "GET /tg/b.zip HTTP/1.1" 200 13363888 "-" "Mozilla/5.0 (compatible; SeznamBot/3.2; +http://fulltext.sblog.cz/)" 
188.165.15.206 - - [01/Jan/2016:21:09:25 -0800] "GET /self.logs/error.log.2015-08-07.gz HTTP/1.1" 200 1039 "-" "Mozilla/5.0 (compatible; AhrefsBot/5.0; +http://ahrefs.com/robot/)" 
89.138.110.88 - - [01/Jan/2016:21:17:41 -0800] "GET / HTTP/1.1" 200 8354 "https://www.google.co.il/" "Mozilla/5.0 (Windows NT 5.2; WOW64) AppleWebKit/537.36 (KHTML, like Gecko) Chrome/47.0.2526.106 Safari/537.36" 
89.138.110.88 - - [01/Jan/2016:21:17:41 -0800] "GET /twitter-icon.png HTTP/1.1" 200 27787 "http://www.secrepo.com/" "Mozilla/5.0 (Windows NT 5.2; WOW64) AppleWebKit/537.36 (KHTML, like Gecko) Chrome/47.0.2526.106 Safari/537.36" 
89.138.110.88 - - [01/Jan/2016:21:17:41 -0800] "GET /GitHub-Mark.png HTTP/1.1" 200 7428 "http://www.secrepo.com/" "Mozilla/5.0 (Windows NT 5.2; WOW64) AppleWebKit/537.36 (KHTML, like Gecko) Chrome/47.0.2526.106 Safari/537.36" 
89.138.110.88 - - [01/Jan/2016:21:17:42 -0800] "GET /bootstrap/img/favicon.ico HTTP/1.1" 200 589 "http://www.secrepo.com/" "Mozilla/5.0 (Windows NT 5.2; WOW64) AppleWebKit/537.36 (KHTML, like Gecko) Chrome/47.0.2526.106 Safari/537.36" 
40.77.167.40 - - [01/Jan/2016:21:21:41 -0800] "GET /robots.txt HTTP/1.1" 301 518 "-" "Mozilla/5.0 (compatible; bingbot/2.0; +http://www.bing.com/bingbot.htm)" 
40.77.167.40 - - [01/Jan/2016:21:21:42 -0800] "GET /robots.txt HTTP/1.1" 200 288 "-" "Mozilla/5.0 (compatible; bingbot/2.0; +http://www.bing.com/bingbot.htm)" 
40.77.167.40 - - [01/Jan/2016:21:22:18 -0800] "GET /self.logs/error.log.2015-05-03.gz HTTP/1.1" 301 543 "-" "Mozilla/5.0 (compatible; bingbot/2.0; +http://www.bing.com/bingbot.htm)" 
174.113.250.62 - - [01/Jan/2016:22:12:08 -0800] "GET / HTTP/1.1" 301 483 "https://t.co/pArNAxgTZi" "Mozilla/5.0 (Windows NT 6.1; WOW64) AppleWebKit/537.36 (KHTML, like Gecko) Chrome/47.0.2526.106 Safari/537.36" 
174.113.250.62 - - [01/Jan/2016:22:12:09 -0800] "GET / HTTP/1.1" 200 8354 "https://t.co/pArNAxgTZi" "Mozilla/5.0 (Windows NT 6.1; WOW64) AppleWebKit/537.36 (KHTML, like Gecko) Chrome/47.0.2526.106 Safari/537.36" 
174.113.250.62 - - [01/Jan/2016:22:12:09 -0800] "GET /twitter-icon.png HTTP/1.1" 200 27787 "http://www.secrepo.com/" "Mozilla/5.0 (Windows NT 6.1; WOW64) AppleWebKit/537.36 (KHTML, like Gecko) Chrome/47.0.2526.106 Safari/537.36" 
174.113.250.62 - - [01/Jan/2016:22:12:09 -0800] "GET /GitHub-Mark.png HTTP/1.1" 200 7427 "http://www.secrepo.com/" "Mozilla/5.0 (Windows NT 6.1; WOW64) AppleWebKit/537.36 (KHTML, like Gecko) Chrome/47.0.2526.106 Safari/537.36" 
174.113.250.62 - - [01/Jan/2016:22:12:09 -0800] "GET /bootstrap/img/favicon.ico HTTP/1.1" 200 589 "http://www.secrepo.com/" "Mozilla/5.0 (Windows NT 6.1; WOW64) AppleWebKit/537.36 (KHTML, like Gecko) Chrome/47.0.2526.106 Safari/537.36" 
188.165.15.206 - - [01/Jan/2016:22:15:49 -0800] "GET /self.logs/access.log.2015-07-19.gz HTTP/1.1" 200 4207 "-" "Mozilla/5.0 (compatible; AhrefsBot/5.0; +http://ahrefs.com/robot/)" 
68.180.231.44 - - [01/Jan/2016:22:29:50 -0800] "GET /self.logs/error.log.2015-02-28.gz HTTP/1.1" 304 132 "-" "Mozilla/5.0 (compatible; Yahoo! Slurp; http://help.yahoo.com/help/us/ysearch/slurp)" 
68.180.231.44 - - [01/Jan/2016:22:33:34 -0800] "GET /self.logs/ HTTP/1.1" 200 7353 "-" "Mozilla/5.0 (compatible; Yahoo! Slurp; http://help.yahoo.com/help/us/ysearch/slurp)" 
188.165.15.206 - - [01/Jan/2016:22:38:13 -0800] "GET /self.logs/access.log.2015-04-15.gz HTTP/1.1" 200 20678 "-" "Mozilla/5.0 (compatible; AhrefsBot/5.0; +http://ahrefs.com/robot/)" 
188.165.15.206 - - [01/Jan/2016:22:49:58 -0800] "GET /self.logs/error.log.2015-12-02.gz HTTP/1.1" 200 602 "-" "Mozilla/5.0 (compatible; AhrefsBot/5.0; +http://ahrefs.com/robot/)" 
188.165.15.206 - - [01/Jan/2016:23:01:38 -0800] "GET /self.logs/access.log.2015-08-26.gz HTTP/1.1" 200 4681 "-" "Mozilla/5.0 (compatible; AhrefsBot/5.0; +http://ahrefs.com/robot/)" 
188.165.15.206 - - [01/Jan/2016:23:07:50 -0800] "GET /self.logs/error.log.2015-08-21.gz HTTP/1.1" 200 1034 "-" "Mozilla/5.0 (compatible; AhrefsBot/5.0; +http://ahrefs.com/robot/)" 
68.180.231.44 - - [01/Jan/2016:23:17:58 -0800] "GET /self.logs/error.log.2015-04-21.gz HTTP/1.1" 200 2147 "-" "Mozilla/5.0 (compatible; Yahoo! Slurp; http://help.yahoo.com/help/us/ysearch/slurp)" 
68.180.231.44 - - [01/Jan/2016:23:21:18 -0800] "GET /self.logs/error.log.2015-07-31.gz HTTP/1.1" 200 806 "-" "Mozilla/5.0 (compatible; Yahoo! Slurp; http://help.yahoo.com/help/us/ysearch/slurp)" 
157.55.39.78 - - [01/Jan/2016:23:27:18 -0800] "GET /robots.txt HTTP/1.1" 200 289 "-" "Mozilla/5.0 (compatible; bingbot/2.0; +http://www.bing.com/bingbot.htm)" 
157.55.39.78 - - [01/Jan/2016:23:28:09 -0800] "GET / HTTP/1.1" 200 8354 "-" "Mozilla/5.0 (compatible; bingbot/2.0; +http://www.bing.com/bingbot.htm)" 
157.55.39.78 - - [01/Jan/2016:23:28:11 -0800] "GET /self.logs/access.log.2015-04-25.gz HTTP/1.1" 200 2858 "-" "Mozilla/5.0 (compatible; bingbot/2.0; +http://www.bing.com/bingbot.htm)" 
188.165.15.206 - - [01/Jan/2016:23:52:42 -0800] "GET /self.logs/error.log.2015-12-10.gz HTTP/1.1" 200 486 "-" "Mozilla/5.0 (compatible; AhrefsBot/5.0; +http://ahrefs.com/robot/)" 
184.53.50.139 - - [01/Jan/2016:23:58:10 -0800] "GET / HTTP/1.1" 200 8354 "https://www.google.com/" "Mozilla/5.0 (Windows NT 10.0; WOW64) AppleWebKit/537.36 (KHTML, like Gecko) Chrome/47.0.2526.106 Safari/537.36" 
184.53.50.139 - - [01/Jan/2016:23:58:10 -0800] "GET /twitter-icon.png HTTP/1.1" 200 27787 "http://www.secrepo.com/" "Mozilla/5.0 (Windows NT 10.0; WOW64) AppleWebKit/537.36 (KHTML, like Gecko) Chrome/47.0.2526.106 Safari/537.36" 
184.53.50.139 - - [01/Jan/2016:23:58:10 -0800] "GET /GitHub-Mark.png HTTP/1.1" 200 7428 "http://www.secrepo.com/" "Mozilla/5.0 (Windows NT 10.0; WOW64) AppleWebKit/537.36 (KHTML, like Gecko) Chrome/47.0.2526.106 Safari/537.36" 
184.53.50.139 - - [01/Jan/2016:23:58:18 -0800] "GET /bootstrap/img/favicon.ico HTTP/1.1" 200 590 "http://www.secrepo.com/" "Mozilla/5.0 (Windows NT 10.0; WOW64) AppleWebKit/537.36 (KHTML, like Gecko) Chrome/47.0.2526.106 Safari/537.36" 
66.249.66.187 - - [02/Jan/2016:00:01:35 -0800] "GET /robots.txt HTTP/1.1" 200 334 "-" "Mozilla/5.0 (compatible; Googlebot/2.1; +http://www.google.com/bot.html)" 
66.249.66.187 - - [02/Jan/2016:00:01:35 -0800] "GET / HTTP/1.1" 200 8353 "-" "Mozilla/5.0 (iPhone; CPU iPhone OS 8_3 like Mac OS X) AppleWebKit/600.1.4 (KHTML, like Gecko) Version/8.0 Mobile/12F70 Safari/600.1.4 (compatible; Googlebot/2.1; +http://www.google.com/bot.html)" 
68.180.231.44 - - [02/Jan/2016:00:03:42 -0800] "GET /self.logs/error.log.2015-11-01.gz HTTP/1.1" 200 637 "-" "Mozilla/5.0 (compatible; Yahoo! Slurp; http://help.yahoo.com/help/us/ysearch/slurp)" 
68.180.231.44 - - [02/Jan/2016:00:13:49 -0800] "GET /self.logs/error.log.2015-07-08.gz HTTP/1.1" 200 1156 "-" "Mozilla/5.0 (compatible; Yahoo! Slurp; http://help.yahoo.com/help/us/ysearch/slurp)" 
162.223.88.66 - - [02/Jan/2016:00:21:35 -0800] "GET /bootstrap/img/favicon.ico HTTP/1.1" 200 590 "-" "Mozilla/5.0 (Windows NT 6.3; WOW64; rv:43.0) Gecko/20100101 Firefox/43.0" 
188.165.15.206 - - [02/Jan/2016:00:27:14 -0800] "GET /self.logs/error.log.2015-07-29.gz HTTP/1.1" 200 686 "-" "Mozilla/5.0 (compatible; AhrefsBot/5.0; +http://ahrefs.com/robot/)" 
180.76.15.153 - - [02/Jan/2016:00:27:24 -0800] "GET /self.logs/?C=D;O=D HTTP/1.1" 200 7403 "-" "Mozilla/5.0 (compatible; Baiduspider/2.0; +http://www.baidu.com/search/spider.html)" 
188.165.15.206 - - [02/Jan/2016:00:29:49 -0800] "GET /self.logs/error.log.2015-06-01.gz HTTP/1.1" 200 617 "-" "Mozilla/5.0 (compatible; AhrefsBot/5.0; +http://ahrefs.com/robot/)" 
188.165.15.206 - - [02/Jan/2016:00:46:30 -0800] "GET /self.logs/access.log.2015-08-12.gz HTTP/1.1" 200 6151 "-" "Mozilla/5.0 (compatible; AhrefsBot/5.0; +http://ahrefs.com/robot/)" 
40.77.167.40 - - [02/Jan/2016:00:50:46 -0800] "GET /robots.txt HTTP/1.1" 200 289 "-" "Mozilla/5.0 (compatible; bingbot/2.0; +http://www.bing.com/bingbot.htm)" 
40.77.167.40 - - [02/Jan/2016:00:50:55 -0800] "GET /maccdc2012/dhcp.log.gz HTTP/1.1" 200 45019 "-" "Mozilla/5.0 (compatible; bingbot/2.0; +http://www.bing.com/bingbot.htm)" 
68.180.231.44 - - [02/Jan/2016:00:54:19 -0800] "GET /self.logs/error.log.2015-04-12.gz HTTP/1.1" 200 886 "-" "Mozilla/5.0 (compatible; Yahoo! Slurp; http://help.yahoo.com/help/us/ysearch/slurp)" 
188.165.15.206 - - [02/Jan/2016:01:17:08 -0800] "GET /self.logs/error.log.2015-02-02.gz HTTP/1.1" 200 621 "-" "Mozilla/5.0 (compatible; AhrefsBot/5.0; +http://ahrefs.com/robot/)" 
155.4.12.225 - - [02/Jan/2016:01:37:29 -0800] "GET /wp-admin/ HTTP/1.1" 301 479 "-" "-" 
50.62.57.239 - - [02/Jan/2016:01:43:40 -0800] "GET /test/wp-admin/ HTTP/1.1" 301 489 "-" "-" 
188.165.15.206 - - [02/Jan/2016:01:44:16 -0800] "GET /self.logs/access.log.2015-08-24.gz HTTP/1.1" 200 22767 "-" "Mozilla/5.0 (compatible; AhrefsBot/5.0; +http://ahrefs.com/robot/)" 
188.165.15.206 - - [02/Jan/2016:01:44:38 -0800] "GET /self.logs/access.log.2015-11-26.gz HTTP/1.1" 200 4683 "-" "Mozilla/5.0 (compatible; AhrefsBot/5.0; +http://ahrefs.com/robot/)" 
93.84.159.252 - - [02/Jan/2016:01:48:28 -0800] "GET / HTTP/1.1" 200 8354 "-" "Mozilla/5.0 (Macintosh; Intel Mac OS X 10_11_1) AppleWebKit/601.2.7 (KHTML, like Gecko)" 
93.84.159.252 - - [02/Jan/2016:01:48:29 -0800] "GET /apple-touch-icon-precomposed.png HTTP/1.1" 404 340 "-" "Safari/11601.2.7.2 CFNetwork/760.1.2 Darwin/15.0.0 (x86_64)" 
93.84.159.252 - - [02/Jan/2016:01:48:29 -0800] "GET /apple-touch-icon.png HTTP/1.1" 404 339 "-" "Safari/11601.2.7.2 CFNetwork/760.1.2 Darwin/15.0.0 (x86_64)" 
93.84.159.252 - - [02/Jan/2016:01:48:29 -0800] "GET /apple-touch-icon-precomposed.png HTTP/1.1" 404 339 "-" "Safari/11601.2.7.2 CFNetwork/760.1.2 Darwin/15.0.0 (x86_64)" 
93.84.159.252 - - [02/Jan/2016:01:48:29 -0800] "GET /apple-touch-icon.png HTTP/1.1" 404 339 "-" "Safari/11601.2.7.2 CFNetwork/760.1.2 Darwin/15.0.0 (x86_64)" 
188.165.15.206 - - [02/Jan/2016:01:55:42 -0800] "GET /self.logs/error.log.2015-10-15.gz HTTP/1.1" 200 1056 "-" "Mozilla/5.0 (compatible; AhrefsBot/5.0; +http://ahrefs.com/robot/)" 
101.99.65.48 - - [02/Jan/2016:01:56:00 -0800] "GET /blog/wp-admin/ HTTP/1.1" 301 489 "-" "-" 
