188.165.15.84 - - [06/Aug/2015:01:52:08 -0700] "GET /self.logs/access.log.2015-03-15.gz HTTP/1.1" 200 5419 "-" "Mozilla/5.0 (compatible; AhrefsBot/5.0; +http://ahrefs.com/robot/)" 
188.165.15.84 - - [06/Aug/2015:01:58:53 -0700] "GET /self.logs/access.log.2015-02-25.gz HTTP/1.1" 200 2741 "-" "Mozilla/5.0 (compatible; AhrefsBot/5.0; +http://ahrefs.com/robot/)" 
188.165.15.84 - - [06/Aug/2015:02:02:10 -0700] "GET /self.logs/?C=M;O=D HTTP/1.1" 200 4610 "-" "Mozilla/5.0 (compatible; AhrefsBot/5.0; +http://ahrefs.com/robot/)" 
188.165.15.84 - - [06/Aug/2015:02:10:43 -0700] "GET /self.logs/?C=D;O=D HTTP/1.1" 200 4484 "-" "Mozilla/5.0 (compatible; AhrefsBot/5.0; +http://ahrefs.com/robot/)" 
193.71.65.246 - - [06/Aug/2015:02:40:00 -0700] "GET / HTTP/1.1" 200 7347 "http://www2.mlsecproject.org/" "Mozilla/5.0 (X11; Linux x86_64) AppleWebKit/537.36 (KHTML, like Gecko) Chrome/44.0.2403.107 Safari/537.36" 
193.71.65.246 - - [06/Aug/2015:02:40:00 -0700] "GET /GitHub-Mark.png HTTP/1.1" 200 7428 "http://www.secrepo.com/" "Mozilla/5.0 (X11; Linux x86_64) AppleWebKit/537.36 (KHTML, like Gecko) Chrome/44.0.2403.107 Safari/537.36" 
193.71.65.246 - - [06/Aug/2015:02:40:00 -0700] "GET /twitter-icon.png HTTP/1.1" 200 27787 "http://www.secrepo.com/" "Mozilla/5.0 (X11; Linux x86_64) AppleWebKit/537.36 (KHTML, like Gecko) Chrome/44.0.2403.107 Safari/537.36" 
193.71.65.246 - - [06/Aug/2015:02:40:01 -0700] "GET /bootstrap/img/favicon.ico HTTP/1.1" 200 589 "http://www.secrepo.com/" "Mozilla/5.0 (X11; Linux x86_64) AppleWebKit/537.36 (KHTML, like Gecko) Chrome/44.0.2403.107 Safari/537.36" 
180.76.15.140 - - [06/Aug/2015:02:48:35 -0700] "GET / HTTP/1.1" 200 7310 "-" "Mozilla/5.0 (compatible; Baiduspider/2.0; +http://www.baidu.com/search/spider.html)" 
157.55.39.28 - - [06/Aug/2015:02:58:58 -0700] "GET / HTTP/1.1" 200 7347 "-" "Mozilla/5.0 (compatible; bingbot/2.0; +http://www.bing.com/bingbot.htm)" 
188.165.15.84 - - [06/Aug/2015:03:31:20 -0700] "GET /self.logs/error.log.2015-05-17.gz HTTP/1.1" 200 730 "-" "Mozilla/5.0 (compatible; AhrefsBot/5.0; +http://ahrefs.com/robot/)" 
188.165.15.84 - - [06/Aug/2015:03:41:41 -0700] "GET /self.logs/access.log.2015-05-08.gz HTTP/1.1" 200 4813 "-" "Mozilla/5.0 (compatible; AhrefsBot/5.0; +http://ahrefs.com/robot/)" 
66.249.93.249 - - [06/Aug/2015:04:15:56 -0700] "GET / HTTP/1.1" 200 7347 "-" "Google favicon" 
66.249.93.249 - - [06/Aug/2015:04:15:57 -0700] "GET /bootstrap/img/favicon.ico HTTP/1.1" 200 589 "-" "Google favicon" 
188.165.15.84 - - [06/Aug/2015:04:17:20 -0700] "GET /self.logs/access.log.2015-02-28.gz HTTP/1.1" 200 2930 "-" "Mozilla/5.0 (compatible; AhrefsBot/5.0; +http://ahrefs.com/robot/)" 
188.165.15.84 - - [06/Aug/2015:04:23:18 -0700] "GET /self.logs/?C=S;O=A HTTP/1.1" 200 4741 "-" "Mozilla/5.0 (compatible; AhrefsBot/5.0; +http://ahrefs.com/robot/)" 
188.165.15.84 - - [06/Aug/2015:04:26:07 -0700] "GET /self.logs/error.log.2015-05-27.gz HTTP/1.1" 200 646 "-" "Mozilla/5.0 (compatible; AhrefsBot/5.0; +http://ahrefs.com/robot/)" 
113.66.40.168 - - [06/Aug/2015:04:27:43 -0700] "GET /honeypot/Honeypot HTTP/1.1" 404 340 "-" "Mozilla/4.0 (compatible; MSIE 6.0; Windows NT 5.1; SV1;)" 
188.165.15.84 - - [06/Aug/2015:04:33:33 -0700] "GET /self.logs/access.log.2015-04-06.gz HTTP/1.1" 200 2691 "-" "Mozilla/5.0 (compatible; AhrefsBot/5.0; +http://ahrefs.com/robot/)" 
188.165.15.84 - - [06/Aug/2015:05:01:13 -0700] "GET /self.logs/access.log.2015-03-04.gz HTTP/1.1" 200 3433 "-" "Mozilla/5.0 (compatible; AhrefsBot/5.0; +http://ahrefs.com/robot/)" 
157.55.39.49 - - [06/Aug/2015:05:03:33 -0700] "GET /robots.txt HTTP/1.1" 301 518 "-" "Mozilla/5.0 (compatible; bingbot/2.0; +http://www.bing.com/bingbot.htm)" 
157.55.39.49 - - [06/Aug/2015:05:03:34 -0700] "GET /robots.txt HTTP/1.1" 200 288 "-" "Mozilla/5.0 (compatible; bingbot/2.0; +http://www.bing.com/bingbot.htm)" 
182.118.22.213 - - [06/Aug/2015:05:05:48 -0700] "GET /robots.txt HTTP/1.1" 200 334 "http://www.secrepo.com/robots.txt" "Mozilla/5.0 (compatible; MSIE 9.0; Windows NT 6.1; Trident/5.0); 360Spider(compatible; HaosouSpider; http://www.haosou.com/help/help_3_2.html)" 
188.165.15.84 - - [06/Aug/2015:05:06:18 -0700] "GET /self.logs/error.log.2015-05-26.gz HTTP/1.1" 200 726 "-" "Mozilla/5.0 (compatible; AhrefsBot/5.0; +http://ahrefs.com/robot/)" 
188.165.15.84 - - [06/Aug/2015:05:14:32 -0700] "GET /self.logs/error.log.2015-03-02.gz HTTP/1.1" 200 886 "-" "Mozilla/5.0 (compatible; AhrefsBot/5.0; +http://ahrefs.com/robot/)" 
188.165.15.84 - - [06/Aug/2015:05:35:33 -0700] "GET /self.logs/error.log.2015-05-07.gz HTTP/1.1" 200 2593 "-" "Mozilla/5.0 (compatible; AhrefsBot/5.0; +http://ahrefs.com/robot/)" 
157.55.39.50 - - [06/Aug/2015:05:36:17 -0700] "GET /self.logs/access.log.2015-05-05.gz HTTP/1.1" 200 4443 "-" "Mozilla/5.0 (compatible; bingbot/2.0; +http://www.bing.com/bingbot.htm)" 
188.165.15.84 - - [06/Aug/2015:05:36:30 -0700] "GET /self.logs/error.log.2015-07-18.gz HTTP/1.1" 200 1793 "-" "Mozilla/5.0 (compatible; AhrefsBot/5.0; +http://ahrefs.com/robot/)" 
188.165.15.84 - - [06/Aug/2015:05:38:31 -0700] "GET /self.logs/error.log.2015-07-25.gz HTTP/1.1" 200 566 "-" "Mozilla/5.0 (compatible; AhrefsBot/5.0; +http://ahrefs.com/robot/)" 
103.245.47.23 - - [06/Aug/2015:05:54:56 -0700] "GET / HTTP/1.1" 200 7347 "http://www2.mlsecproject.org/" "Mozilla/5.0 (Windows NT 6.1; WOW64) AppleWebKit/537.36 (KHTML, like Gecko) Chrome/44.0.2403.107 Safari/537.36" 
103.245.47.23 - - [06/Aug/2015:05:54:56 -0700] "GET /twitter-icon.png HTTP/1.1" 200 27787 "http://www.secrepo.com/" "Mozilla/5.0 (Windows NT 6.1; WOW64) AppleWebKit/537.36 (KHTML, like Gecko) Chrome/44.0.2403.107 Safari/537.36" 
103.245.47.23 - - [06/Aug/2015:05:54:57 -0700] "GET /GitHub-Mark.png HTTP/1.1" 200 7427 "http://www.secrepo.com/" "Mozilla/5.0 (Windows NT 6.1; WOW64) AppleWebKit/537.36 (KHTML, like Gecko) Chrome/44.0.2403.107 Safari/537.36" 
103.245.47.23 - - [06/Aug/2015:05:54:57 -0700] "GET /bootstrap/img/favicon.ico HTTP/1.1" 200 589 "http://www.secrepo.com/" "Mozilla/5.0 (Windows NT 6.1; WOW64) AppleWebKit/537.36 (KHTML, like Gecko) Chrome/44.0.2403.107 Safari/537.36" 
208.115.113.86 - - [06/Aug/2015:06:10:11 -0700] "GET /robots.txt HTTP/1.1" 200 233 "-" "Mozilla/5.0 (compatible; DotBot/1.1; http://www.opensiteexplorer.org/dotbot, help@moz.com)" 
188.165.15.84 - - [06/Aug/2015:06:36:43 -0700] "GET /self.logs/error.log.2015-05-12.gz HTTP/1.1" 200 867 "-" "Mozilla/5.0 (compatible; AhrefsBot/5.0; +http://ahrefs.com/robot/)" 
188.165.15.84 - - [06/Aug/2015:06:43:35 -0700] "GET /self.logs/error.log.2015-03-01.gz HTTP/1.1" 200 866 "-" "Mozilla/5.0 (compatible; AhrefsBot/5.0; +http://ahrefs.com/robot/)" 
208.115.113.86 - - [06/Aug/2015:06:54:29 -0700] "GET /self.logs/?C=S;O=A HTTP/1.1" 200 38597 "-" "Mozilla/5.0 (compatible; DotBot/1.1; http://www.opensiteexplorer.org/dotbot, help@moz.com)" 
157.55.39.109 - - [06/Aug/2015:07:15:26 -0700] "GET /self.logs/access.log.2015-01-21.gz HTTP/1.1" 200 4027 "-" "Mozilla/5.0 (compatible; bingbot/2.0; +http://www.bing.com/bingbot.htm)" 
188.165.15.84 - - [06/Aug/2015:07:23:32 -0700] "GET /self.logs/access.log.2015-03-29.gz HTTP/1.1" 200 3448 "-" "Mozilla/5.0 (compatible; AhrefsBot/5.0; +http://ahrefs.com/robot/)" 
188.165.15.84 - - [06/Aug/2015:07:24:13 -0700] "GET /self.logs/error.log.2015-05-22.gz HTTP/1.1" 200 808 "-" "Mozilla/5.0 (compatible; AhrefsBot/5.0; +http://ahrefs.com/robot/)" 
188.165.15.84 - - [06/Aug/2015:07:24:14 -0700] "GET /self.logs/error.log.2015-05-01.gz HTTP/1.1" 200 881 "-" "Mozilla/5.0 (compatible; AhrefsBot/5.0; +http://ahrefs.com/robot/)" 
8.28.16.254 - - [06/Aug/2015:07:27:19 -0700] "GET / HTTP/1.1" 200 24410 "-" "Mozilla/5.0 (compatible; MSIE 10.0; Windows NT 6.1; WOW64; Trident/6.0)" 
199.198.251.107 - - [06/Aug/2015:07:27:19 -0700] "GET / HTTP/1.1" 200 7347 "http://www.google.ca/url?sa=t&rct=j&q=&esrc=s&frm=1&source=web&cd=3&ved=0CCsQFjACahUKEwiNxeiG1ZTHAhWEGpIKHW5pCD0&url=http%3A%2F%2Fwww.secrepo.com%2F&ei=w27DVc3XDIS1yATu0qHoAw&usg=AFQjCNHeQikQ6r63vtqWKlBvSenYpdB4dQ&bvm=bv.99556055,d.aWw" "Mozilla/5.0 (compatible; MSIE 10.0; Windows NT 6.1; WOW64; Trident/6.0)" 
199.91.135.140 - - [06/Aug/2015:07:27:19 -0700] "GET / HTTP/1.1" 200 24410 "-" "Mozilla/5.0 (compatible; MSIE 10.0; Windows NT 6.1; WOW64; Trident/6.0)" 
199.198.251.107 - - [06/Aug/2015:07:27:19 -0700] "GET /GitHub-Mark.png HTTP/1.1" 200 7427 "http://www.secrepo.com/" "Mozilla/5.0 (compatible; MSIE 10.0; Windows NT 6.1; WOW64; Trident/6.0)" 
199.198.251.107 - - [06/Aug/2015:07:27:19 -0700] "GET /twitter-icon.png HTTP/1.1" 200 27788 "http://www.secrepo.com/" "Mozilla/5.0 (compatible; MSIE 10.0; Windows NT 6.1; WOW64; Trident/6.0)" 
199.198.251.107 - - [06/Aug/2015:07:27:20 -0700] "GET /bootstrap/img/favicon.ico HTTP/1.1" 200 589 "-" "Mozilla/5.0 (compatible; MSIE 10.0; Windows NT 6.1; Win64; x64; Trident/6.0)" 
8.28.16.254 - - [06/Aug/2015:07:27:56 -0700] "GET /maccdc2012/http.log.gz HTTP/1.1" 200 186200 "-" "Mozilla/5.0 (compatible; MSIE 10.0; Windows NT 6.1; WOW64; Trident/6.0)" 
199.198.251.107 - - [06/Aug/2015:07:27:59 -0700] "GET /maccdc2012/http.log.gz HTTP/1.1" 200 54258816 "http://www.secrepo.com/" "Mozilla/5.0 (compatible; MSIE 10.0; Windows NT 6.1; WOW64; Trident/6.0)" 
157.55.39.50 - - [06/Aug/2015:07:31:53 -0700] "GET / HTTP/1.1" 301 483 "-" "Mozilla/5.0 (compatible; bingbot/2.0; +http://www.bing.com/bingbot.htm)" 
157.55.39.28 - - [06/Aug/2015:07:33:53 -0700] "GET / HTTP/1.1" 200 7347 "-" "Mozilla/5.0 (compatible; bingbot/2.0; +http://www.bing.com/bingbot.htm)" 
188.165.15.84 - - [06/Aug/2015:07:34:11 -0700] "GET /self.logs/error.log.2015-04-28.gz HTTP/1.1" 200 1291 "-" "Mozilla/5.0 (compatible; AhrefsBot/5.0; +http://ahrefs.com/robot/)" 
68.180.229.162 - - [06/Aug/2015:07:58:21 -0700] "GET /self.logs/error.log.2015-05-08.gz HTTP/1.1" 200 1054 "-" "Mozilla/5.0 (compatible; Yahoo! Slurp; http://help.yahoo.com/help/us/ysearch/slurp)" 
188.165.15.84 - - [06/Aug/2015:08:01:43 -0700] "GET /self.logs/access.log.2015-02-21.gz HTTP/1.1" 200 17337 "-" "Mozilla/5.0 (compatible; AhrefsBot/5.0; +http://ahrefs.com/robot/)" 
188.165.15.84 - - [06/Aug/2015:08:02:24 -0700] "GET /self.logs/error.log.2015-01-19.gz HTTP/1.1" 200 1120 "-" "Mozilla/5.0 (compatible; AhrefsBot/5.0; +http://ahrefs.com/robot/)" 
66.249.64.155 - - [06/Aug/2015:08:05:43 -0700] "GET /bootstrap/img/favicon.ico HTTP/1.1" 304 165 "-" "Googlebot-Image/1.0" 
188.165.15.84 - - [06/Aug/2015:08:17:27 -0700] "GET /self.logs/error.log.2015-02-19.gz HTTP/1.1" 200 5346 "-" "Mozilla/5.0 (compatible; AhrefsBot/5.0; +http://ahrefs.com/robot/)" 
188.165.15.84 - - [06/Aug/2015:08:37:43 -0700] "GET /self.logs/error.log.2015-06-02.gz HTTP/1.1" 200 762 "-" "Mozilla/5.0 (compatible; AhrefsBot/5.0; +http://ahrefs.com/robot/)" 
188.165.15.84 - - [06/Aug/2015:08:46:42 -0700] "GET /maccdc2012/files.log.gz HTTP/1.1" 200 124678 "-" "Mozilla/5.0 (compatible; AhrefsBot/5.0; +http://ahrefs.com/robot/)" 
188.165.15.84 - - [06/Aug/2015:09:07:27 -0700] "GET /self.logs/error.log.2015-01-22.gz HTTP/1.1" 200 632 "-" "Mozilla/5.0 (compatible; AhrefsBot/5.0; +http://ahrefs.com/robot/)" 
109.173.149.145 - - [06/Aug/2015:09:24:18 -0700] "GET /bootstrap/img/favicon.ico HTTP/1.1" 200 590 "-" "Mozilla/5.0 (X11; Ubuntu; Linux x86_64; rv:39.0) Gecko/20100101 Firefox/39.0" 
188.165.15.84 - - [06/Aug/2015:09:37:10 -0700] "GET /self.logs/access.log.2015-05-02.gz HTTP/1.1" 200 4107 "-" "Mozilla/5.0 (compatible; AhrefsBot/5.0; +http://ahrefs.com/robot/)" 
157.55.39.28 - - [06/Aug/2015:09:43:41 -0700] "GET /self.logs/access.log.2015-03-07.gz HTTP/1.1" 301 546 "-" "Mozilla/5.0 (compatible; bingbot/2.0; +http://www.bing.com/bingbot.htm)" 
188.165.15.84 - - [06/Aug/2015:09:44:03 -0700] "GET /self.logs/access.log.2015-07-16.gz HTTP/1.1" 200 7234 "-" "Mozilla/5.0 (compatible; AhrefsBot/5.0; +http://ahrefs.com/robot/)" 
213.191.63.227 - - [06/Aug/2015:09:45:38 -0700] "GET / HTTP/1.1" 200 7347 "http://www2.mlsecproject.org/" "Mozilla/5.0 (Windows NT 6.1; Win64; x64) AppleWebKit/537.36 (KHTML, like Gecko) Chrome/44.0.2403.130 Safari/537.36" 
213.191.63.227 - - [06/Aug/2015:09:45:38 -0700] "GET /twitter-icon.png HTTP/1.1" 200 27787 "http://www.secrepo.com/" "Mozilla/5.0 (Windows NT 6.1; Win64; x64) AppleWebKit/537.36 (KHTML, like Gecko) Chrome/44.0.2403.130 Safari/537.36" 
213.191.63.227 - - [06/Aug/2015:09:45:39 -0700] "GET /GitHub-Mark.png HTTP/1.1" 200 7428 "http://www.secrepo.com/" "Mozilla/5.0 (Windows NT 6.1; Win64; x64) AppleWebKit/537.36 (KHTML, like Gecko) Chrome/44.0.2403.130 Safari/537.36" 
213.191.63.227 - - [06/Aug/2015:09:45:39 -0700] "GET /bootstrap/img/favicon.ico HTTP/1.1" 200 589 "http://www.secrepo.com/" "Mozilla/5.0 (Windows NT 6.1; Win64; x64) AppleWebKit/537.36 (KHTML, like Gecko) Chrome/44.0.2403.130 Safari/537.36" 
188.165.15.84 - - [06/Aug/2015:09:56:45 -0700] "GET /self.logs/error.log.2015-03-15.gz HTTP/1.1" 200 1116 "-" "Mozilla/5.0 (compatible; AhrefsBot/5.0; +http://ahrefs.com/robot/)" 
180.76.15.154 - - [06/Aug/2015:09:58:16 -0700] "GET / HTTP/1.1" 200 7310 "-" "Mozilla/5.0 (compatible; Baiduspider/2.0; +http://www.baidu.com/search/spider.html)" 
157.55.39.12 - - [06/Aug/2015:10:09:23 -0700] "GET /self.logs/access.log.2015-02-25.gz HTTP/1.1" 301 545 "-" "Mozilla/5.0 (compatible; bingbot/2.0; +http://www.bing.com/bingbot.htm)" 
157.55.39.28 - - [06/Aug/2015:10:19:10 -0700] "GET /self.logs/access.log.2015-02-26.gz HTTP/1.1" 301 546 "-" "Mozilla/5.0 (compatible; bingbot/2.0; +http://www.bing.com/bingbot.htm)" 
188.165.15.84 - - [06/Aug/2015:10:33:38 -0700] "GET /self.logs/error.log.2015-07-23.gz HTTP/1.1" 200 1034 "-" "Mozilla/5.0 (compatible; AhrefsBot/5.0; +http://ahrefs.com/robot/)" 
188.165.15.84 - - [06/Aug/2015:10:34:56 -0700] "GET /self.logs/access.log.2015-04-14.gz HTTP/1.1" 200 5009 "-" "Mozilla/5.0 (compatible; AhrefsBot/5.0; +http://ahrefs.com/robot/)" 
188.165.15.84 - - [06/Aug/2015:10:50:45 -0700] "GET /self.logs/access.log.2015-02-03.gz HTTP/1.1" 200 5660 "-" "Mozilla/5.0 (compatible; AhrefsBot/5.0; +http://ahrefs.com/robot/)" 
188.165.15.84 - - [06/Aug/2015:10:53:20 -0700] "GET /self.logs/access.log.2015-05-07.gz HTTP/1.1" 200 6137 "-" "Mozilla/5.0 (compatible; AhrefsBot/5.0; +http://ahrefs.com/robot/)" 
188.165.15.84 - - [06/Aug/2015:10:53:24 -0700] "GET /self.logs/error.log.2015-06-08.gz HTTP/1.1" 200 861 "-" "Mozilla/5.0 (compatible; AhrefsBot/5.0; +http://ahrefs.com/robot/)" 
188.165.15.84 - - [06/Aug/2015:10:58:48 -0700] "GET /self.logs/error.log.2015-04-07.gz HTTP/1.1" 200 644 "-" "Mozilla/5.0 (compatible; AhrefsBot/5.0; +http://ahrefs.com/robot/)" 
68.98.75.197 - - [06/Aug/2015:11:03:41 -0700] "GET /honeypot/Honeypot - Howto - BSides Austin.pdf#search= HTTP/1.0" 404 295 "-" "Mozilla/5.0 (Windows NT 6.1) AppleWebKit/537.36 (KHTML, like Gecko) Chrome/41.0.2228.0 Safari/537.36" 
113.66.40.168 - - [06/Aug/2015:11:12:43 -0700] "GET /honeypot HTTP/1.1" 301 497 "-" "Mozilla/4.0 (compatible; MSIE 6.0; Windows NT 5.1; SV1;)" 
113.66.40.168 - - [06/Aug/2015:11:12:46 -0700] "GET /honeypot/ HTTP/1.1" 200 674 "-" "Mozilla/4.0 (compatible; MSIE 6.0; Windows NT 5.1; SV1;)" 
113.66.40.168 - - [06/Aug/2015:11:12:47 -0700] "GET /honeypot/login.php HTTP/1.1" 404 340 "-" "Mozilla/5.0 (Windows NT 6.1; rv:26.0) Gecko/20100101 Firefox/26.0" 
113.66.40.168 - - [06/Aug/2015:11:12:49 -0700] "GET /honeypot/ HTTP/1.1" 200 674 "-" "Mozilla/5.0 (Windows NT 6.1; rv:26.0) Gecko/20100101 Firefox/26.0" 
113.66.40.168 - - [06/Aug/2015:11:12:50 -0700] "GET /honeypot/member.php?mod=logging&action=login HTTP/1.1" 404 340 "http://www.secrepo.com/honeypot/" "Mozilla/5.0 (Windows NT 6.1; rv:26.0) Gecko/20100101 Firefox/26.0" 
113.66.40.168 - - [06/Aug/2015:11:13:15 -0700] "GET /honeypot/index.php?action=form HTTP/1.1" 404 340 "http://www.secrepo.com/honeypot/" "Mozilla/5.0 (Windows NT 6.1; rv:26.0) Gecko/20100101 Firefox/26.0" 
113.66.40.168 - - [06/Aug/2015:11:13:15 -0700] "GET /honeypot/index.php?cmd=sign HTTP/1.1" 404 340 "http://www.secrepo.com/honeypot/" "Mozilla/5.0 (Windows NT 6.1; rv:26.0) Gecko/20100101 Firefox/26.0" 
113.66.40.168 - - [06/Aug/2015:11:13:16 -0700] "GET /honeypot/newentry.php HTTP/1.1" 404 340 "http://www.secrepo.com/honeypot/" "Mozilla/5.0 (Windows NT 6.1; rv:26.0) Gecko/20100101 Firefox/26.0" 
113.66.40.168 - - [06/Aug/2015:11:13:20 -0700] "GET /honeypot HTTP/1.1" 301 497 "http://www.secrepo.com/honeypot" "Mozilla/5.0 (Windows NT 6.1; rv:26.0) Gecko/20100101 Firefox/26.0" 
113.66.40.168 - - [06/Aug/2015:11:13:22 -0700] "GET /honeypot/ HTTP/1.1" 200 674 "http://www.secrepo.com/honeypot" "Mozilla/5.0 (Windows NT 6.1; rv:26.0) Gecko/20100101 Firefox/26.0" 
113.66.40.168 - - [06/Aug/2015:11:13:22 -0700] "GET / HTTP/1.1" 200 7347 "http://www.secrepo.com" "Mozilla/5.0 (Windows NT 6.1; rv:26.0) Gecko/20100101 Firefox/26.0" 
113.66.40.168 - - [06/Aug/2015:11:15:01 -0700] "GET /honeypot/ HTTP/1.1" 200 674 "http://www.secrepo.com/honeypot/" "Mozilla/5.0 (Windows NT 6.1; rv:26.0) Gecko/20100101 Firefox/26.0" 
113.66.40.168 - - [06/Aug/2015:11:15:04 -0700] "GET /honeypot/ HTTP/1.1" 200 674 "http://www.secrepo.com/honeypot/" "Mozilla/5.0 (Windows NT 6.1; rv:26.0) Gecko/20100101 Firefox/26.0" 
113.66.40.168 - - [06/Aug/2015:11:15:04 -0700] "GET /honeypot/ HTTP/1.1" 200 674 "http://www.secrepo.com/honeypot/" "Mozilla/5.0 (Windows NT 6.1; rv:26.0) Gecko/20100101 Firefox/26.0" 
113.66.40.168 - - [06/Aug/2015:11:15:05 -0700] "GET /honeypot HTTP/1.1" 301 497 "-" "Mozilla/5.0 (Windows NT 6.1; rv:26.0) Gecko/20100101 Firefox/26.0" 
113.66.40.168 - - [06/Aug/2015:11:15:08 -0700] "GET /honeypot/ HTTP/1.1" 200 674 "http://www.secrepo.com/honeypot" "Mozilla/5.0 (Windows NT 6.1; rv:26.0) Gecko/20100101 Firefox/26.0" 
113.66.40.168 - - [06/Aug/2015:11:15:12 -0700] "GET /honeypot/create_account_form.php?next_url= HTTP/1.1" 404 340 "http://www.secrepo.com/honeypot/create_account_form.php?next_url=" "Mozilla/5.0 (Windows NT 6.1; rv:26.0) Gecko/20100101 Firefox/26.0" 
113.66.40.168 - - [06/Aug/2015:11:15:18 -0700] "GET /honeypot/ardguest.php HTTP/1.1" 404 340 "http://www.secrepo.com/honeypot/ardguest.php" "Mozilla/5.0 (Windows NT 6.1; rv:26.0) Gecko/20100101 Firefox/26.0" 
113.66.40.168 - - [06/Aug/2015:11:15:19 -0700] "GET /honeypot/ HTTP/1.1" 200 674 "-" "Mozilla/5.0 (Windows NT 6.1; rv:26.0) Gecko/20100101 Firefox/26.0" 
113.66.40.168 - - [06/Aug/2015:11:15:19 -0700] "GET /honeypot/signup.php HTTP/1.1" 404 340 "http://www.secrepo.com/honeypot/" "Mozilla/5.0 (Windows NT 6.1; WOW64; rv:24.0) Gecko/20100101 Firefox/24.0" 
113.66.40.168 - - [06/Aug/2015:11:15:20 -0700] "GET /honeypot/index.php?site=guestbook&action=add HTTP/1.1" 404 340 "http://www.secrepo.com/honeypot/" "Mozilla/5.0 (Windows NT 6.1; rv:26.0) Gecko/20100101 Firefox/26.0" 
113.66.40.168 - - [06/Aug/2015:11:15:20 -0700] "GET /honeypot/ HTTP/1.1" 200 674 "-" "Mozilla/5.0 (Windows NT 6.1; rv:26.0) Gecko/20100101 Firefox/26.0" 
113.66.40.168 - - [06/Aug/2015:11:15:21 -0700] "GET /honeypot/ HTTP/1.1" 200 674 "-" "Mozilla/5.0 (Windows NT 6.1; rv:26.0) Gecko/20100101 Firefox/26.0" 
113.66.40.168 - - [06/Aug/2015:11:15:21 -0700] "GET /honeypot/ HTTP/1.1" 200 674 "-" "Mozilla/5.0 (Windows NT 6.1; rv:26.0) Gecko/20100101 Firefox/26.0" 
113.66.40.168 - - [06/Aug/2015:11:15:25 -0700] "GET /honeypot/ HTTP/1.1" 200 674 "-" "Mozilla/5.0 (Windows NT 6.1; rv:26.0) Gecko/20100101 Firefox/26.0" 
113.66.40.168 - - [06/Aug/2015:11:15:29 -0700] "GET /honeypot/addentry.php HTTP/1.1" 404 340 "-" "Mozilla/5.0 (Windows NT 6.1; rv:26.0) Gecko/20100101 Firefox/26.0" 
113.66.40.168 - - [06/Aug/2015:11:15:30 -0700] "GET /honeypot HTTP/1.1" 301 497 "-" "Mozilla/5.0 (Windows NT 6.1; rv:26.0) Gecko/20100101 Firefox/26.0" 
113.66.40.168 - - [06/Aug/2015:11:15:49 -0700] "GET /honeypot/ HTTP/1.1" 200 674 "-" "Mozilla/5.0 (Windows NT 6.1; rv:26.0) Gecko/20100101 Firefox/26.0" 
113.66.40.168 - - [06/Aug/2015:11:15:50 -0700] "GET /honeypot/ HTTP/1.1" 200 674 "-" "Mozilla/5.0 (Windows NT 6.1; rv:26.0) Gecko/20100101 Firefox/26.0" 
113.66.40.168 - - [06/Aug/2015:11:15:50 -0700] "GET /honeypot/ HTTP/1.1" 200 674 "-" "Mozilla/5.0 (Windows NT 6.1; rv:26.0) Gecko/20100101 Firefox/26.0" 
113.66.40.168 - - [06/Aug/2015:11:15:52 -0700] "GET /honeypot/logging.php?action=login HTTP/1.1" 404 340 "http://www.secrepo.com/honeypot/" "Mozilla/5.0 (Windows NT 6.1; rv:26.0) Gecko/20100101 Firefox/26.0" 
113.66.40.168 - - [06/Aug/2015:11:15:55 -0700] "GET /honeypot/index.php HTTP/1.1" 404 340 "http://www.secrepo.com/honeypot/" "Mozilla/5.0 (Windows NT 6.1; rv:26.0) Gecko/20100101 Firefox/26.0" 
113.66.40.168 - - [06/Aug/2015:11:15:59 -0700] "GET /honeypot/register.php HTTP/1.1" 404 340 "http://www.secrepo.com/honeypot/" "Mozilla/5.0 (Windows NT 6.1; rv:26.0) Gecko/20100101 Firefox/26.0" 
113.66.40.168 - - [06/Aug/2015:11:16:00 -0700] "GET /honeypot/login.php HTTP/1.1" 404 340 "-" "Mozilla/5.0 (Windows NT 6.1; rv:26.0) Gecko/20100101 Firefox/26.0" 
113.66.40.168 - - [06/Aug/2015:11:16:01 -0700] "GET /honeypot/ HTTP/1.1" 200 674 "-" "Mozilla/5.0 (Windows NT 6.1; rv:26.0) Gecko/20100101 Firefox/26.0" 
113.66.40.168 - - [06/Aug/2015:11:16:01 -0700] "GET /honeypot/ HTTP/1.1" 200 674 "-" "Mozilla/5.0 (Windows NT 6.1; rv:26.0) Gecko/20100101 Firefox/26.0" 
113.66.40.168 - - [06/Aug/2015:11:16:02 -0700] "GET /honeypot/forums/ HTTP/1.1" 404 340 "http://www.secrepo.com/honeypot/" "Mozilla/5.0 (Windows NT 6.1; rv:26.0) Gecko/20100101 Firefox/26.0" 
113.66.40.168 - - [06/Aug/2015:11:16:02 -0700] "GET /honeypot/ HTTP/1.1" 200 674 "http://www.secrepo.com/honeypot/" "Mozilla/5.0 (Windows NT 6.1; rv:26.0) Gecko/20100101 Firefox/26.0" 
113.66.40.168 - - [06/Aug/2015:11:16:12 -0700] "GET /honeypot/forum.php HTTP/1.1" 404 340 "-" "Mozilla/5.0 (Windows NT 6.1; rv:26.0) Gecko/20100101 Firefox/26.0" 
113.66.40.168 - - [06/Aug/2015:11:16:22 -0700] "GET /honeypot/ HTTP/1.1" 200 674 "-" "Mozilla/5.0 (Windows NT 6.1; rv:26.0) Gecko/20100101 Firefox/26.0" 
113.66.40.168 - - [06/Aug/2015:11:16:23 -0700] "GET /honeypot/register HTTP/1.1" 404 340 "http://www.secrepo.com/honeypot/" "Mozilla/5.0 (Windows NT 6.1; rv:26.0) Gecko/20100101 Firefox/26.0" 
113.66.40.168 - - [06/Aug/2015:11:16:23 -0700] "GET /honeypot/index.php?register HTTP/1.1" 404 339 "http://www.secrepo.com/honeypot/" "Mozilla/5.0 (Windows NT 6.1; rv:26.0) Gecko/20100101 Firefox/26.0" 
113.66.40.168 - - [06/Aug/2015:11:16:24 -0700] "GET /honeypot/ HTTP/1.1" 200 673 "-" "Mozilla/5.0 (Windows NT 6.1; rv:26.0) Gecko/20100101 Firefox/26.0" 
113.66.40.168 - - [06/Aug/2015:11:16:24 -0700] "GET /honeypot/ HTTP/1.1" 200 674 "http://www.secrepo.com/honeypot/" "Mozilla/4.0 (compatible; MSIE 8.0; Windows NT 5.1; Trident/4.0; .NET CLR 2.0.50727; .NET CLR 3.0.04506.648; .NET CLR 3.5.21022; .NET4.0C; .NET4.0E; 360SE)" 
113.66.40.168 - - [06/Aug/2015:11:16:24 -0700] "GET /honeypot/index.php?act=register HTTP/1.1" 404 339 "http://www.secrepo.com/honeypot/" "Mozilla/4.0 (compatible; MSIE 8.0; Windows NT 5.1; Trident/4.0; .NET CLR 2.0.50727; .NET CLR 3.0.04506.648; .NET CLR 3.5.21022; .NET4.0C; .NET4.0E; 360SE)" 
113.66.40.168 - - [06/Aug/2015:11:16:26 -0700] "GET /honeypot/index.php?act=login HTTP/1.1" 404 340 "http://www.secrepo.com/honeypot/" "Mozilla/4.0 (compatible; MSIE 8.0; Windows NT 5.1; Trident/4.0; .NET CLR 2.0.50727; .NET CLR 3.0.04506.648; .NET CLR 3.5.21022; .NET4.0C; .NET4.0E; 360SE)" 
113.66.40.168 - - [06/Aug/2015:11:16:26 -0700] "GET /honeypot/ HTTP/1.1" 200 674 "-" "Mozilla/5.0 (Windows NT 6.1; rv:26.0) Gecko/20100101 Firefox/26.0" 
113.66.40.168 - - [06/Aug/2015:11:16:30 -0700] "GET /honeypot/ HTTP/1.1" 200 674 "-" "Mozilla/5.0 (Windows NT 6.1; rv:26.0) Gecko/20100101 Firefox/26.0" 
113.66.40.168 - - [06/Aug/2015:11:16:30 -0700] "GET /honeypot/index.php?page=Register HTTP/1.1" 404 340 "http://www.secrepo.com/honeypot/" "Mozilla/5.0 (Windows NT 6.1; rv:26.0) Gecko/20100101 Firefox/26.0" 
113.66.40.168 - - [06/Aug/2015:11:16:43 -0700] "GET /honeypot/register.php HTTP/1.1" 404 340 "http://www.secrepo.com/honeypot/" "Mozilla/5.0 (Windows NT 6.1; rv:26.0) Gecko/20100101 Firefox/26.0" 
113.66.40.168 - - [06/Aug/2015:11:16:47 -0700] "GET /honeypot/ HTTP/1.1" 200 674 "http://www.secrepo.com/honeypot/" "Mozilla/5.0 (Windows NT 5.1; rv:11.0) Gecko/20100101 Firefox/11.0" 
113.66.40.168 - - [06/Aug/2015:11:16:47 -0700] "GET /honeypot/ HTTP/1.1" 200 673 "http://www.secrepo.com/honeypot/" "Mozilla/5.0 (Windows NT 6.1; rv:26.0) Gecko/20100101 Firefox/26.0" 
113.66.40.168 - - [06/Aug/2015:11:16:48 -0700] "GET /honeypot/ HTTP/1.1" 200 674 "-" "Mozilla/5.0 (Windows NT 6.1; rv:26.0) Gecko/20100101 Firefox/26.0" 
113.66.40.168 - - [06/Aug/2015:11:16:48 -0700] "GET /honeypot/ HTTP/1.1" 200 674 "-" "Mozilla/5.0 (Windows NT 6.1; rv:26.0) Gecko/20100101 Firefox/26.0" 
113.66.40.168 - - [06/Aug/2015:11:16:49 -0700] "GET /honeypot/ HTTP/1.1" 200 674 "http://www.secrepo.com/honeypot/" "Mozilla/5.0 (Windows NT 6.1; rv:26.0) Gecko/20100101 Firefox/26.0" 
113.66.40.168 - - [06/Aug/2015:11:16:49 -0700] "GET /honeypot/index.php?action=registernew HTTP/1.1" 404 340 "http://www.secrepo.com/honeypot/" "Mozilla/5.0 (Windows NT 6.1; rv:26.0) Gecko/20100101 Firefox/26.0" 
113.66.40.168 - - [06/Aug/2015:11:16:50 -0700] "GET /honeypot/index.php?option=com_registration&task=register HTTP/1.1" 404 340 "http://www.secrepo.com/honeypot/index.php?option=com_registration&task=register" "Mozilla/5.0 (Windows NT 5.1; rv:26.0) Gecko/20100101 Firefox/26.0" 
113.66.40.168 - - [06/Aug/2015:11:16:50 -0700] "GET /honeypot/index.php?option=com_fireboard HTTP/1.1" 404 340 "http://www.secrepo.com/honeypot/index.php?option=com_fireboard" "Mozilla/5.0 (Windows NT 5.1; rv:26.0) Gecko/20100101 Firefox/26.0" 
113.66.40.168 - - [06/Aug/2015:11:16:54 -0700] "GET /honeypot/ HTTP/1.1" 200 674 "-" "Mozilla/5.0 (Windows NT 6.1; rv:26.0) Gecko/20100101 Firefox/26.0" 
113.66.40.168 - - [06/Aug/2015:11:16:59 -0700] "GET /honeypot/registration_rules.asp?FID=0 HTTP/1.1" 404 340 "http://www.secrepo.com/honeypot/registration_rules.asp?FID=0" "Mozilla/5.0 (Windows NT 6.1; rv:26.0) Gecko/20100101 Firefox/26.0" 
113.66.40.168 - - [06/Aug/2015:11:16:59 -0700] "GET /honeypot/register.php HTTP/1.1" 404 340 "http://www.secrepo.com/honeypot/register.php" "Mozilla/5.0 (Windows NT 6.1; rv:26.0) Gecko/20100101 Firefox/26.0" 
113.66.40.168 - - [06/Aug/2015:11:17:00 -0700] "GET /honeypot/register.php HTTP/1.1" 404 340 "http://www.secrepo.com/honeypot/" "Mozilla/5.0 (Windows NT 6.1; rv:26.0) Gecko/20100101 Firefox/26.0" 
113.66.40.168 - - [06/Aug/2015:11:17:00 -0700] "GET /honeypot/profile.php?mode=register&agreed=true&coppa=0 HTTP/1.1" 404 340 "http://www.secrepo.com/honeypot/profile.php?mode=register" "Mozilla/5.0 (Windows NT 6.1; rv:26.0) Gecko/20100101 Firefox/26.0" 
113.66.40.168 - - [06/Aug/2015:11:17:04 -0700] "GET /honeypot/ucp.php?mode=register HTTP/1.1" 404 340 "http://www.secrepo.com/honeypot/" "Mozilla/5.0 (Windows NT 6.1; rv:26.0) Gecko/20100101 Firefox/26.0" 
113.66.40.168 - - [06/Aug/2015:11:17:04 -0700] "GET /honeypot/ HTTP/1.1" 200 674 "-" "Mozilla/5.0 (Windows NT 6.1; rv:26.0) Gecko/20100101 Firefox/26.0" 
113.66.40.168 - - [06/Aug/2015:11:17:08 -0700] "GET /honeypot/ HTTP/1.1" 200 674 "-" "Mozilla/5.0 (Windows NT 6.1; rv:26.0) Gecko/20100101 Firefox/26.0" 
113.66.40.168 - - [06/Aug/2015:11:17:09 -0700] "GET /honeypot/guestadd.asp HTTP/1.1" 404 340 "-" "Mozilla/5.0 (Windows NT 6.1; rv:26.0) Gecko/20100101 Firefox/26.0" 
113.66.40.168 - - [06/Aug/2015:11:17:12 -0700] "GET /honeypot/index.php?app=core&module=global&section=register HTTP/1.1" 404 340 "-" "Mozilla/5.0 (Windows NT 6.1; rv:26.0) Gecko/20100101 Firefox/26.0" 
113.66.40.168 - - [06/Aug/2015:11:17:13 -0700] "GET /honeypot/index.php?act=Reg&CODE=00 HTTP/1.1" 404 340 "-" "Mozilla/5.0 (Windows NT 6.1; rv:26.0) Gecko/20100101 Firefox/26.0" 
113.66.40.168 - - [06/Aug/2015:11:17:13 -0700] "GET /honeypot/index.php?action=register HTTP/1.1" 404 340 "http://www.secrepo.com/honeypot/" "Mozilla/5.0 (Windows NT 6.1; rv:26.0) Gecko/20100101 Firefox/26.0" 
113.66.40.168 - - [06/Aug/2015:11:17:14 -0700] "GET /honeypot/ HTTP/1.1" 200 674 "-" "Mozilla/5.0 (Windows NT 6.1; rv:26.0) Gecko/20100101 Firefox/26.0" 
113.66.40.168 - - [06/Aug/2015:11:17:15 -0700] "GET /honeypot/ HTTP/1.1" 200 674 "-" "Mozilla/5.0 (Windows NT 6.1; rv:26.0) Gecko/20100101 Firefox/26.0" 
113.66.40.168 - - [06/Aug/2015:11:17:16 -0700] "GET /honeypot/member.php?action=reg HTTP/1.1" 404 340 "http://www.secrepo.com/honeypot/" "Mozilla/5.0 (Windows NT 6.1; rv:26.0) Gecko/20100101 Firefox/26.0" 
113.66.40.168 - - [06/Aug/2015:11:17:16 -0700] "GET /honeypot/ HTTP/1.1" 200 674 "-" "Mozilla/5.0 (Windows NT 6.1; rv:26.0) Gecko/20100101 Firefox/26.0" 
113.66.40.168 - - [06/Aug/2015:11:17:20 -0700] "GET /honeypot/CreateUser.asp HTTP/1.1" 404 340 "http://www.secrepo.com/honeypot/" "Mozilla/5.0 (Windows NT 6.1; rv:26.0) Gecko/20100101 Firefox/26.0" 
113.66.40.168 - - [06/Aug/2015:11:17:23 -0700] "GET /member/register HTTP/1.1" 404 340 "http://www.secrepo.com/" "Mozilla/5.0 (Windows NT 6.1; rv:26.0) Gecko/20100101 Firefox/26.0" 
113.66.40.168 - - [06/Aug/2015:11:17:23 -0700] "GET /index.php/forums/member/register HTTP/1.1" 404 340 "http://www.secrepo.com/" "Mozilla/5.0 (Windows NT 6.1; rv:26.0) Gecko/20100101 Firefox/26.0" 
113.66.40.168 - - [06/Aug/2015:11:17:35 -0700] "GET /forum/member/register HTTP/1.1" 404 340 "http://www.secrepo.com/" "Mozilla/5.0 (Windows NT 6.1; rv:26.0) Gecko/20100101 Firefox/26.0" 
113.66.40.168 - - [06/Aug/2015:11:17:39 -0700] "GET /honeypot/signup.php HTTP/1.1" 404 340 "http://www.secrepo.com/honeypot/" "Mozilla/5.0 (Windows NT 6.1; rv:26.0) Gecko/20100101 Firefox/26.0" 
113.66.40.168 - - [06/Aug/2015:11:17:42 -0700] "GET /honeypot/site/signup.php HTTP/1.1" 404 340 "http://www.secrepo.com/honeypot/" "Mozilla/5.0 (Windows NT 6.1; rv:26.0) Gecko/20100101 Firefox/26.0" 
188.165.15.84 - - [06/Aug/2015:11:21:20 -0700] "GET /self.logs/access.log.2015-01-27.gz HTTP/1.1" 200 2196 "-" "Mozilla/5.0 (compatible; AhrefsBot/5.0; +http://ahrefs.com/robot/)" 
199.116.169.254 - - [06/Aug/2015:11:40:53 -0700] "GET / HTTP/1.1" 200 24410 "-" "Mozilla/5.0 (Windows NT 6.2; WOW64) AppleWebKit/537.36 (KHTML, like Gecko) Chrome/44.0.2403.130 Safari/537.36" 
134.134.139.74 - - [06/Aug/2015:11:40:54 -0700] "GET / HTTP/1.1" 200 7347 "http://www2.mlsecproject.org/" "Mozilla/5.0 (Windows NT 6.2; WOW64) AppleWebKit/537.36 (KHTML, like Gecko) Chrome/44.0.2403.130 Safari/537.36" 
134.134.139.74 - - [06/Aug/2015:11:40:57 -0700] "GET /twitter-icon.png HTTP/1.1" 200 27788 "http://www.secrepo.com/" "Mozilla/5.0 (Windows NT 6.2; WOW64) AppleWebKit/537.36 (KHTML, like Gecko) Chrome/44.0.2403.130 Safari/537.36" 
134.134.139.74 - - [06/Aug/2015:11:40:58 -0700] "GET /GitHub-Mark.png HTTP/1.1" 200 7427 "http://www.secrepo.com/" "Mozilla/5.0 (Windows NT 6.2; WOW64) AppleWebKit/537.36 (KHTML, like Gecko) Chrome/44.0.2403.130 Safari/537.36" 
134.134.139.74 - - [06/Aug/2015:11:41:01 -0700] "GET /bootstrap/img/favicon.ico HTTP/1.1" 200 590 "http://www.secrepo.com/" "Mozilla/5.0 (Windows NT 6.2; WOW64) AppleWebKit/537.36 (KHTML, like Gecko) Chrome/44.0.2403.130 Safari/537.36" 
188.165.15.84 - - [06/Aug/2015:11:42:09 -0700] "GET /self.logs/access.log.2015-04-20.gz HTTP/1.1" 200 4186 "-" "Mozilla/5.0 (compatible; AhrefsBot/5.0; +http://ahrefs.com/robot/)" 
188.165.15.84 - - [06/Aug/2015:11:48:18 -0700] "GET /self.logs/error.log.2015-06-12.gz HTTP/1.1" 200 985 "-" "Mozilla/5.0 (compatible; AhrefsBot/5.0; +http://ahrefs.com/robot/)" 
66.249.64.150 - - [06/Aug/2015:12:12:25 -0700] "GET /auth.log/auth.log.gz HTTP/1.1" 200 554524 "-" "Mozilla/5.0 (iPhone; CPU iPhone OS 6_0 like Mac OS X) AppleWebKit/536.26 (KHTML, like Gecko) Version/6.0 Mobile/10A5376e Safari/8536.25 (compatible; Googlebot/2.1; +http://www.google.com/bot.html)" 
157.55.39.28 - - [06/Aug/2015:12:16:16 -0700] "GET /self.logs/error.log.2015-03-07.gz HTTP/1.1" 301 545 "-" "Mozilla/5.0 (compatible; bingbot/2.0; +http://www.bing.com/bingbot.htm)" 
188.165.15.84 - - [06/Aug/2015:12:30:56 -0700] "GET /self.logs/error.log.2015-05-10.gz HTTP/1.1" 200 955 "-" "Mozilla/5.0 (compatible; AhrefsBot/5.0; +http://ahrefs.com/robot/)" 
188.165.15.84 - - [06/Aug/2015:12:43:46 -0700] "GET /self.logs/access.log.2015-05-25.gz HTTP/1.1" 200 4535 "-" "Mozilla/5.0 (compatible; AhrefsBot/5.0; +http://ahrefs.com/robot/)" 
93.131.249.43 - - [06/Aug/2015:13:23:12 -0700] "GET /favicon.ico HTTP/1.1" 200 268 "-" "Mozilla/5.0 (X11; Linux x86_64; rv:31.0) Gecko/20100101 Firefox/31.0 Iceweasel/31.8.0" 
93.131.249.43 - - [06/Aug/2015:13:23:12 -0700] "GET /honeypot/Honeypot%20-%20Howto.pdf HTTP/1.1" 206 34291 "http://www.google.de/url?url=http://www.secrepo.com/honeypot/Honeypot%2520-%2520Howto.pdf&rct=j&q=&esrc=s&sa=U&ved=0CEMQFjAEahUKEwiGr83FpJXHAhVMOhQKHUwuDgY&usg=AFQjCNGzwnOc-ypRaV-f-nClmMsuZJGRTA&cad=rja" "Mozilla/5.0 (X11; Linux x86_64; rv:31.0) Gecko/20100101 Firefox/31.0 Iceweasel/31.8.0" 
93.131.249.43 - - [06/Aug/2015:13:23:18 -0700] "GET /honeypot/Honeypot%20-%20Howto.pdf HTTP/1.1" 206 34291 "http://www.google.de/url?url=http://www.secrepo.com/honeypot/Honeypot%2520-%2520Howto.pdf&rct=j&q=&esrc=s&sa=U&ved=0CEMQFjAEahUKEwiGr83FpJXHAhVMOhQKHUwuDgY&usg=AFQjCNGzwnOc-ypRaV-f-nClmMsuZJGRTA&cad=rja" "Mozilla/5.0 (X11; Linux x86_64; rv:31.0) Gecko/20100101 Firefox/31.0 Iceweasel/31.8.0" 
93.131.249.43 - - [06/Aug/2015:13:23:21 -0700] "GET /honeypot/Honeypot%20-%20Howto.pdf HTTP/1.1" 206 65873 "http://www.google.de/url?url=http://www.secrepo.com/honeypot/Honeypot%2520-%2520Howto.pdf&rct=j&q=&esrc=s&sa=U&ved=0CEMQFjAEahUKEwiGr83FpJXHAhVMOhQKHUwuDgY&usg=AFQjCNGzwnOc-ypRaV-f-nClmMsuZJGRTA&cad=rja" "Mozilla/5.0 (X11; Linux x86_64; rv:31.0) Gecko/20100101 Firefox/31.0 Iceweasel/31.8.0" 
93.131.249.43 - - [06/Aug/2015:13:23:21 -0700] "GET /honeypot/Honeypot%20-%20Howto.pdf HTTP/1.1" 206 65875 "http://www.google.de/url?url=http://www.secrepo.com/honeypot/Honeypot%2520-%2520Howto.pdf&rct=j&q=&esrc=s&sa=U&ved=0CEMQFjAEahUKEwiGr83FpJXHAhVMOhQKHUwuDgY&usg=AFQjCNGzwnOc-ypRaV-f-nClmMsuZJGRTA&cad=rja" "Mozilla/5.0 (X11; Linux x86_64; rv:31.0) Gecko/20100101 Firefox/31.0 Iceweasel/31.8.0" 
93.131.249.43 - - [06/Aug/2015:13:23:23 -0700] "GET /honeypot/Honeypot%20-%20Howto.pdf HTTP/1.1" 206 65872 "http://www.google.de/url?url=http://www.secrepo.com/honeypot/Honeypot%2520-%2520Howto.pdf&rct=j&q=&esrc=s&sa=U&ved=0CEMQFjAEahUKEwiGr83FpJXHAhVMOhQKHUwuDgY&usg=AFQjCNGzwnOc-ypRaV-f-nClmMsuZJGRTA&cad=rja" "Mozilla/5.0 (X11; Linux x86_64; rv:31.0) Gecko/20100101 Firefox/31.0 Iceweasel/31.8.0" 
93.131.249.43 - - [06/Aug/2015:13:23:23 -0700] "GET /honeypot/Honeypot%20-%20Howto.pdf HTTP/1.1" 206 524627 "http://www.google.de/url?url=http://www.secrepo.com/honeypot/Honeypot%2520-%2520Howto.pdf&rct=j&q=&esrc=s&sa=U&ved=0CEMQFjAEahUKEwiGr83FpJXHAhVMOhQKHUwuDgY&usg=AFQjCNGzwnOc-ypRaV-f-nClmMsuZJGRTA&cad=rja" "Mozilla/5.0 (X11; Linux x86_64; rv:31.0) Gecko/20100101 Firefox/31.0 Iceweasel/31.8.0" 
93.131.249.43 - - [06/Aug/2015:13:23:23 -0700] "GET /honeypot/Honeypot%20-%20Howto.pdf HTTP/1.1" 206 131409 "http://www.google.de/url?url=http://www.secrepo.com/honeypot/Honeypot%2520-%2520Howto.pdf&rct=j&q=&esrc=s&sa=U&ved=0CEMQFjAEahUKEwiGr83FpJXHAhVMOhQKHUwuDgY&usg=AFQjCNGzwnOc-ypRaV-f-nClmMsuZJGRTA&cad=rja" "Mozilla/5.0 (X11; Linux x86_64; rv:31.0) Gecko/20100101 Firefox/31.0 Iceweasel/31.8.0" 
93.131.249.43 - - [06/Aug/2015:13:23:28 -0700] "GET /honeypot/Honeypot%20-%20Howto.pdf HTTP/1.1" 206 65872 "http://www.google.de/url?url=http://www.secrepo.com/honeypot/Honeypot%2520-%2520Howto.pdf&rct=j&q=&esrc=s&sa=U&ved=0CEMQFjAEahUKEwiGr83FpJXHAhVMOhQKHUwuDgY&usg=AFQjCNGzwnOc-ypRaV-f-nClmMsuZJGRTA&cad=rja" "Mozilla/5.0 (X11; Linux x86_64; rv:31.0) Gecko/20100101 Firefox/31.0 Iceweasel/31.8.0" 
93.131.249.43 - - [06/Aug/2015:13:23:12 -0700] "GET /honeypot/Honeypot%20-%20Howto.pdf HTTP/1.1" 200 79860 "http://www.google.de/url?url=http://www.secrepo.com/honeypot/Honeypot%2520-%2520Howto.pdf&rct=j&q=&esrc=s&sa=U&ved=0CEMQFjAEahUKEwiGr83FpJXHAhVMOhQKHUwuDgY&usg=AFQjCNGzwnOc-ypRaV-f-nClmMsuZJGRTA&cad=rja" "Mozilla/5.0 (X11; Linux x86_64; rv:31.0) Gecko/20100101 Firefox/31.0 Iceweasel/31.8.0" 
93.131.249.43 - - [06/Aug/2015:13:23:13 -0700] "GET /honeypot/Honeypot%20-%20Howto.pdf HTTP/1.1" 206 53724 "http://www.google.de/url?url=http://www.secrepo.com/honeypot/Honeypot%2520-%2520Howto.pdf&rct=j&q=&esrc=s&sa=U&ved=0CEMQFjAEahUKEwiGr83FpJXHAhVMOhQKHUwuDgY&usg=AFQjCNGzwnOc-ypRaV-f-nClmMsuZJGRTA&cad=rja" "Mozilla/5.0 (X11; Linux x86_64; rv:31.0) Gecko/20100101 Firefox/31.0 Iceweasel/31.8.0" 
93.131.249.43 - - [06/Aug/2015:13:23:17 -0700] "GET /honeypot/Honeypot%20-%20Howto.pdf HTTP/1.1" 206 1194996 "http://www.google.de/url?url=http://www.secrepo.com/honeypot/Honeypot%2520-%2520Howto.pdf&rct=j&q=&esrc=s&sa=U&ved=0CEMQFjAEahUKEwiGr83FpJXHAhVMOhQKHUwuDgY&usg=AFQjCNGzwnOc-ypRaV-f-nClmMsuZJGRTA&cad=rja" "Mozilla/5.0 (X11; Linux x86_64; rv:31.0) Gecko/20100101 Firefox/31.0 Iceweasel/31.8.0" 
157.55.39.28 - - [06/Aug/2015:13:35:08 -0700] "GET /robots.txt HTTP/1.1" 301 518 "-" "Mozilla/5.0 (compatible; bingbot/2.0; +http://www.bing.com/bingbot.htm)" 
157.55.39.28 - - [06/Aug/2015:13:35:10 -0700] "GET /robots.txt HTTP/1.1" 200 289 "-" "Mozilla/5.0 (compatible; bingbot/2.0; +http://www.bing.com/bingbot.htm)" 
157.55.39.28 - - [06/Aug/2015:13:35:32 -0700] "GET /self.logs/access.log.2015-03-05.gz HTTP/1.1" 301 545 "-" "Mozilla/5.0 (compatible; bingbot/2.0; +http://www.bing.com/bingbot.htm)" 
144.76.7.107 - - [06/Aug/2015:13:35:37 -0700] "GET /robots.txt HTTP/1.0" 301 481 "-" "Mozilla/5.0 (compatible; MJ12bot/v1.4.5; http://www.majestic12.co.uk/bot.php?+)" 
144.76.7.107 - - [06/Aug/2015:13:35:51 -0700] "GET /robots.txt HTTP/1.0" 200 252 "-" "Mozilla/5.0 (compatible; MJ12bot/v1.4.5; http://www.majestic12.co.uk/bot.php?+)" 
144.76.7.107 - - [06/Aug/2015:13:35:53 -0700] "GET / HTTP/1.0" 301 461 "-" "Mozilla/5.0 (compatible; MJ12bot/v1.4.5; http://www.majestic12.co.uk/bot.php?+)" 
144.76.7.107 - - [06/Aug/2015:13:35:54 -0700] "GET /robots.txt HTTP/1.0" 200 252 "-" "Mozilla/5.0 (compatible; MJ12bot/v1.4.5; http://www.majestic12.co.uk/bot.php?+)" 
144.76.7.107 - - [06/Aug/2015:13:35:55 -0700] "GET / HTTP/1.0" 200 24399 "-" "Mozilla/5.0 (compatible; MJ12bot/v1.4.5; http://www.majestic12.co.uk/bot.php?+)" 
187.22.38.229 - - [06/Aug/2015:13:36:25 -0700] "GET / HTTP/1.1" 301 483 "http://buttons-for-website.com" "Mozilla/5.0 (Windows NT 6.1; WOW64) AppleWebKit/537.36 (KHTML, like Gecko) Chrome/36.0.1985.143 Safari/537.36" 
187.22.38.229 - - [06/Aug/2015:13:36:25 -0700] "GET / HTTP/1.1" 200 7347 "http://buttons-for-website.com" "Mozilla/5.0 (Windows NT 6.1; WOW64) AppleWebKit/537.36 (KHTML, like Gecko) Chrome/36.0.1985.143 Safari/537.36" 
187.22.38.229 - - [06/Aug/2015:13:36:26 -0700] "GET /twitter-icon.png HTTP/1.1" 200 27787 "http://www.secrepo.com/" "Mozilla/5.0 (Windows NT 6.1; WOW64) AppleWebKit/537.36 (KHTML, like Gecko) Chrome/36.0.1985.143 Safari/537.36" 
187.22.38.229 - - [06/Aug/2015:13:36:26 -0700] "GET /GitHub-Mark.png HTTP/1.1" 200 7428 "http://www.secrepo.com/" "Mozilla/5.0 (Windows NT 6.1; WOW64) AppleWebKit/537.36 (KHTML, like Gecko) Chrome/36.0.1985.143 Safari/537.36" 
188.165.15.84 - - [06/Aug/2015:13:38:31 -0700] "GET /self.logs/access.log.2015-03-27.gz HTTP/1.1" 200 4001 "-" "Mozilla/5.0 (compatible; AhrefsBot/5.0; +http://ahrefs.com/robot/)" 
113.231.213.168 - - [06/Aug/2015:13:47:02 -0700] "GET /honeypot/BSidesDFW%20-%202014.ipynb HTTP/1.1" 200 930836 "http://www.secrepo.com/" "Mozilla/5.0 (Macintosh; Intel Mac OS X 10_10_1) AppleWebKit/537.36 (KHTML, like Gecko) Chrome/39.0.2171.99 Safari/537.36" 
106.38.241.166 - - [06/Aug/2015:13:48:45 -0700] "GET /robots.txt HTTP/1.1" 200 252 "-" "Sogou web spider/4.0(+http://www.sogou.com/docs/help/webmasters.htm#07)" 
106.38.241.166 - - [06/Aug/2015:13:48:47 -0700] "GET / HTTP/1.1" 200 7310 "-" "Sogou web spider/4.0(+http://www.sogou.com/docs/help/webmasters.htm#07)" 
188.165.15.84 - - [06/Aug/2015:14:11:22 -0700] "GET /self.logs/access.log.2015-02-24.gz HTTP/1.1" 200 4608 "-" "Mozilla/5.0 (compatible; AhrefsBot/5.0; +http://ahrefs.com/robot/)" 
188.165.15.84 - - [06/Aug/2015:14:17:34 -0700] "GET /self.logs/access.log.2015-07-07.gz HTTP/1.1" 200 4942 "-" "Mozilla/5.0 (compatible; AhrefsBot/5.0; +http://ahrefs.com/robot/)" 
188.165.15.84 - - [06/Aug/2015:14:18:38 -0700] "GET /maccdc2012/dns.log.gz HTTP/1.1" 200 543697 "-" "Mozilla/5.0 (compatible; AhrefsBot/5.0; +http://ahrefs.com/robot/)" 
98.240.36.109 - - [06/Aug/2015:14:30:34 -0700] "GET /bootstrap/img/favicon.ico HTTP/1.1" 200 590 "-" "Mozilla/5.0 (Windows NT 6.3; WOW64; rv:39.0) Gecko/20100101 Firefox/39.0" 
77.75.77.17 - - [06/Aug/2015:14:44:47 -0700] "GET /robots.txt HTTP/1.1" 200 334 "-" "Mozilla/5.0 (compatible; SeznamBot/3.2; +http://fulltext.sblog.cz/)" 
77.75.77.17 - - [06/Aug/2015:14:44:48 -0700] "GET /self.logs/?C=S;O=D HTTP/1.1" 200 4783 "-" "Mozilla/5.0 (compatible; SeznamBot/3.2; +http://fulltext.sblog.cz/)" 
77.75.77.17 - - [06/Aug/2015:14:44:54 -0700] "GET /maccdc2012/ssh.log.gz HTTP/1.1" 200 182517 "-" "Mozilla/5.0 (compatible; SeznamBot/3.2; +http://fulltext.sblog.cz/)" 
54.160.175.13 - - [06/Aug/2015:14:45:00 -0700] "GET /robots.txt HTTP/1.1" 200 304 "-" "Mozilla/5.0 (Macintosh; Intel Mac OS X 10.9; rv:28.0) Gecko/20100101 Firefox/28.0 (FlipboardProxy/1.1; +http://flipboard.com/browserproxy)" 
54.160.175.13 - - [06/Aug/2015:14:45:00 -0700] "GET / HTTP/1.1" 200 7291 "-" "Mozilla/5.0 (Macintosh; Intel Mac OS X 10.9; rv:28.0) Gecko/20100101 Firefox/28.0 (FlipboardProxy/1.1; +http://flipboard.com/browserproxy)" 
77.75.77.17 - - [06/Aug/2015:14:45:17 -0700] "GET /self.logs/access.log.2015-04-14.gz HTTP/1.1" 200 5065 "-" "Mozilla/5.0 (compatible; SeznamBot/3.2; +http://fulltext.sblog.cz/)" 
77.75.77.17 - - [06/Aug/2015:14:45:28 -0700] "GET /self.logs/access.log.2015-01-24.gz HTTP/1.1" 200 2277 "-" "Mozilla/5.0 (compatible; SeznamBot/3.2; +http://fulltext.sblog.cz/)" 
77.75.77.17 - - [06/Aug/2015:14:45:28 -0700] "GET /maccdc2012/dhcp.log.gz HTTP/1.1" 200 45018 "-" "Mozilla/5.0 (compatible; SeznamBot/3.2; +http://fulltext.sblog.cz/)" 
77.75.77.17 - - [06/Aug/2015:14:45:29 -0700] "GET /self.logs/error.log.2015-05-21.gz HTTP/1.1" 200 823 "-" "Mozilla/5.0 (compatible; SeznamBot/3.2; +http://fulltext.sblog.cz/)" 
77.75.77.17 - - [06/Aug/2015:14:45:30 -0700] "GET /self.logs/error.log.2015-03-01.gz HTTP/1.1" 200 921 "-" "Mozilla/5.0 (compatible; SeznamBot/3.2; +http://fulltext.sblog.cz/)" 
77.75.77.17 - - [06/Aug/2015:14:45:34 -0700] "GET /self.logs/error.log.2015-05-25.gz HTTP/1.1" 200 771 "-" "Mozilla/5.0 (compatible; SeznamBot/3.2; +http://fulltext.sblog.cz/)" 
77.75.77.17 - - [06/Aug/2015:14:45:35 -0700] "GET /self.logs/access.log.2015-02-19.gz HTTP/1.1" 200 12947 "-" "Mozilla/5.0 (compatible; SeznamBot/3.2; +http://fulltext.sblog.cz/)" 
77.75.77.17 - - [06/Aug/2015:14:45:35 -0700] "GET /self.logs/error.log.2015-06-10.gz HTTP/1.1" 200 845 "-" "Mozilla/5.0 (compatible; SeznamBot/3.2; +http://fulltext.sblog.cz/)" 
77.75.77.17 - - [06/Aug/2015:14:45:36 -0700] "GET /self.logs/access.log.2015-05-02.gz HTTP/1.1" 200 4162 "-" "Mozilla/5.0 (compatible; SeznamBot/3.2; +http://fulltext.sblog.cz/)" 
77.75.77.17 - - [06/Aug/2015:14:45:36 -0700] "GET /self.logs/access.log.2015-04-13.gz HTTP/1.1" 200 3714 "-" "Mozilla/5.0 (compatible; SeznamBot/3.2; +http://fulltext.sblog.cz/)" 
77.75.77.17 - - [06/Aug/2015:14:45:36 -0700] "GET /self.logs/access.log.2015-01-23.gz HTTP/1.1" 200 2158 "-" "Mozilla/5.0 (compatible; SeznamBot/3.2; +http://fulltext.sblog.cz/)" 
77.75.77.17 - - [06/Aug/2015:14:45:37 -0700] "GET /self.logs/error.log.2015-03-25.gz HTTP/1.1" 200 964 "-" "Mozilla/5.0 (compatible; SeznamBot/3.2; +http://fulltext.sblog.cz/)" 
77.75.77.17 - - [06/Aug/2015:14:45:38 -0700] "GET /self.logs/error.log.2015-06-17.gz HTTP/1.1" 200 1151 "-" "Mozilla/5.0 (compatible; SeznamBot/3.2; +http://fulltext.sblog.cz/)" 
188.165.15.84 - - [06/Aug/2015:15:02:50 -0700] "GET /self.logs/access.log.2015-04-25.gz HTTP/1.1" 200 2802 "-" "Mozilla/5.0 (compatible; AhrefsBot/5.0; +http://ahrefs.com/robot/)" 
188.165.15.84 - - [06/Aug/2015:15:15:54 -0700] "GET /self.logs/access.log.2015-05-30.gz HTTP/1.1" 200 3056 "-" "Mozilla/5.0 (compatible; AhrefsBot/5.0; +http://ahrefs.com/robot/)" 
107.153.7.120 - - [06/Aug/2015:15:27:50 -0700] "GET /honeypot/BSidesDFW%20-%202014.ipynb HTTP/1.0" 200 930799 "http://www.secrepo.com/" "Mozilla/5.0 (Macintosh; Intel Mac OS X 10_10_1) AppleWebKit/537.36 (KHTML, like Gecko) Chrome/39.0.2171.95 Safari/537.36" 
188.165.15.84 - - [06/Aug/2015:15:28:41 -0700] "GET /self.logs/access.log.2015-03-09.gz HTTP/1.1" 200 6366 "-" "Mozilla/5.0 (compatible; AhrefsBot/5.0; +http://ahrefs.com/robot/)" 
199.16.156.125 - - [06/Aug/2015:15:39:16 -0700] "GET /robots.txt HTTP/1.1" 200 304 "-" "Twitterbot/1.0" 
199.16.156.125 - - [06/Aug/2015:15:39:16 -0700] "GET / HTTP/1.1" 200 7291 "-" "Twitterbot/1.0" 
157.55.39.28 - - [06/Aug/2015:15:49:45 -0700] "GET /honeypot/Honeypot%20-%20Howto.pdf HTTP/1.1" 200 1279418 "-" "Mozilla/5.0 (iPhone; CPU iPhone OS 7_0 like Mac OS X) AppleWebKit/537.51.1 (KHTML, like Gecko) Version/7.0 Mobile/11A465 Safari/9537.53 (compatible; bingbot/2.0;  http://www.bing.com/bingbot.htm)" 
188.165.15.84 - - [06/Aug/2015:16:06:57 -0700] "GET /self.logs/access.log.2015-05-16.gz HTTP/1.1" 200 3632 "-" "Mozilla/5.0 (compatible; AhrefsBot/5.0; +http://ahrefs.com/robot/)" 
45.55.219.3 - - [06/Aug/2015:16:20:27 -0700] "GET / HTTP/1.0" 200 24399 "-" "Mozilla/5.0 (compatible; NetcraftSurveyAgent/1.0; +info@netcraft.com)" 
104.144.21.40 - - [06/Aug/2015:16:25:14 -0700] "GET /honeypot/BSidesDFW%20-%202014.ipynb HTTP/1.0" 200 930799 "http://www.secrepo.com/" "Mozilla/5.0 (Macintosh; Intel Mac OS X 10_10_1) AppleWebKit/537.36 (KHTML, like Gecko) Chrome/39.0.2171.95 Safari/537.36" 
188.165.15.84 - - [06/Aug/2015:16:25:56 -0700] "GET /self.logs/access.log.2015-05-17.gz HTTP/1.1" 200 4054 "-" "Mozilla/5.0 (compatible; AhrefsBot/5.0; +http://ahrefs.com/robot/)" 
188.165.15.84 - - [06/Aug/2015:16:42:40 -0700] "GET /self.logs/access.log.2015-03-14.gz HTTP/1.1" 200 3757 "-" "Mozilla/5.0 (compatible; AhrefsBot/5.0; +http://ahrefs.com/robot/)" 
113.231.213.168 - - [06/Aug/2015:16:42:02 -0700] "GET /honeypot/BSidesDFW%20-%202014.ipynb HTTP/1.1" 200 930836 "http://www.secrepo.com/" "Mozilla/5.0 (Macintosh; Intel Mac OS X 10_10_1) AppleWebKit/537.36 (KHTML, like Gecko) Chrome/39.0.2171.99 Safari/537.36" 
188.165.15.84 - - [06/Aug/2015:16:52:38 -0700] "GET /self.logs/error.log.2015-03-11.gz HTTP/1.1" 200 669 "-" "Mozilla/5.0 (compatible; AhrefsBot/5.0; +http://ahrefs.com/robot/)" 
208.83.136.178 - - [06/Aug/2015:16:53:32 -0700] "GET / HTTP/1.1" 200 7347 "http://www2.mlsecproject.org/" "Mozilla/5.0 (X11; Ubuntu; Linux x86_64; rv:39.0) Gecko/20100101 Firefox/39.0" 
208.83.136.178 - - [06/Aug/2015:16:53:32 -0700] "GET /twitter-icon.png HTTP/1.1" 200 27787 "http://www.secrepo.com/" "Mozilla/5.0 (X11; Ubuntu; Linux x86_64; rv:39.0) Gecko/20100101 Firefox/39.0" 
208.83.136.178 - - [06/Aug/2015:16:53:32 -0700] "GET /GitHub-Mark.png HTTP/1.1" 200 7428 "http://www.secrepo.com/" "Mozilla/5.0 (X11; Ubuntu; Linux x86_64; rv:39.0) Gecko/20100101 Firefox/39.0" 
208.83.136.178 - - [06/Aug/2015:16:53:32 -0700] "GET /bootstrap/img/favicon.ico HTTP/1.1" 200 589 "-" "Mozilla/5.0 (X11; Ubuntu; Linux x86_64; rv:39.0) Gecko/20100101 Firefox/39.0" 
188.165.15.84 - - [06/Aug/2015:16:54:17 -0700] "GET /self.logs/error.log.2015-02-09.gz HTTP/1.1" 200 1240 "-" "Mozilla/5.0 (compatible; AhrefsBot/5.0; +http://ahrefs.com/robot/)" 
188.165.15.84 - - [06/Aug/2015:17:10:44 -0700] "GET /self.logs/access.log.2015-02-13.gz HTTP/1.1" 200 15554 "-" "Mozilla/5.0 (compatible; AhrefsBot/5.0; +http://ahrefs.com/robot/)" 
188.165.15.84 - - [06/Aug/2015:17:30:26 -0700] "GET /self.logs/access.log.2015-03-02.gz HTTP/1.1" 200 3308 "-" "Mozilla/5.0 (compatible; AhrefsBot/5.0; +http://ahrefs.com/robot/)" 
220.181.108.152 - - [06/Aug/2015:17:31:33 -0700] "GET / HTTP/1.1" 200 7310 "-" "Mozilla/5.0 (compatible; Baiduspider/2.0; +http://www.baidu.com/search/spider.html)" 
31.187.76.31 - - [06/Aug/2015:17:34:19 -0700] "GET /honeypot/Honeypot%20-%20Howto%20-%20BSides%20Austin.pdf HTTP/1.0" 200 1854200 "http://www.secrepo.com/" "Mozilla/5.0 (Macintosh; Intel Mac OS X 10_10_1) AppleWebKit/537.36 (KHTML, like Gecko) Chrome/39.0.2171.95 Safari/537.36" 
188.165.15.84 - - [06/Aug/2015:17:46:00 -0700] "GET /maccdc2012/tunnel.log.gz HTTP/1.1" 200 5173 "-" "Mozilla/5.0 (compatible; AhrefsBot/5.0; +http://ahrefs.com/robot/)" 
157.55.39.50 - - [06/Aug/2015:18:19:19 -0700] "GET /self.logs/error.log.2015-05-23.gz HTTP/1.1" 200 784 "-" "Mozilla/5.0 (compatible; bingbot/2.0; +http://www.bing.com/bingbot.htm)" 
172.98.190.56 - - [06/Aug/2015:18:28:05 -0700] "GET /honeypot/BSidesDFW - 2014.ipynb HTTP/1.0" 404 303 "http://www.secrepo.com/" "Mozilla/5.0 (Macintosh; Intel Mac OS X 10_10_1) AppleWebKit/537.36 (KHTML, like Gecko) Chrome/39.0.2171.95 Safari/537.36" 
172.98.190.56 - - [06/Aug/2015:18:28:05 -0700] "GET / HTTP/1.1" 200 7347 "http://www.secrepo.com" "Mozilla/5.0 (Macintosh; Intel Mac OS X 10_10_1) AppleWebKit/537.36 (KHTML, like Gecko) Chrome/39.0.2171.95 Safari/537.36" 
68.180.229.162 - - [06/Aug/2015:18:43:16 -0700] "GET /maccdc2012/ftp.log.gz HTTP/1.1" 200 128060 "-" "Mozilla/5.0 (compatible; Yahoo! Slurp; http://help.yahoo.com/help/us/ysearch/slurp)" 
123.125.71.78 - - [06/Aug/2015:19:14:11 -0700] "GET /tg/c.zip HTTP/1.1" 200 11431800 "-" "Mozilla/5.0 (compatible; Baiduspider/2.0; +http://www.baidu.com/search/spider.html)" 
157.55.39.12 - - [06/Aug/2015:19:37:26 -0700] "GET / HTTP/1.1" 301 483 "-" "Mozilla/5.0 (compatible; bingbot/2.0; +http://www.bing.com/bingbot.htm)" 
157.55.39.50 - - [06/Aug/2015:19:40:18 -0700] "GET / HTTP/1.1" 200 7347 "-" "Mozilla/5.0 (compatible; bingbot/2.0; +http://www.bing.com/bingbot.htm)" 
98.245.115.116 - - [06/Aug/2015:20:37:25 -0700] "GET / HTTP/1.1" 200 7347 "-" "Mozilla/5.0 (Macintosh; Intel Mac OS X 10_10_4) AppleWebKit/600.7.12 (KHTML, like Gecko) Version/8.0.7 Safari/600.7.12" 
