68.180.230.27 - - [09/Nov/2015:02:41:13 -0800] "GET /robots.txt HTTP/1.1" 200 233 "-" "Mozilla/5.0 (compatible; Yahoo! Slurp; http://help.yahoo.com/help/us/ysearch/slurp)" 
68.180.230.27 - - [09/Nov/2015:02:41:13 -0800] "GET /maccdc2012/dns.log.gz HTTP/1.1" 200 916033 "-" "Mozilla/5.0 (compatible; Yahoo! Slurp; http://help.yahoo.com/help/us/ysearch/slurp)" 
108.183.215.7 - - [09/Nov/2015:03:07:54 -0800] "GET /robots.txt HTTP/1.0" 200 289 "-" "Mozilla/5.0 (compatible; MJ12bot/v1.4.5; http://www.majestic12.co.uk/bot.php?+)" 
108.183.215.7 - - [09/Nov/2015:03:07:56 -0800] "GET /honeypot//%22http://amunhoney.sourceforge.net//%22 HTTP/1.1" 404 239 "-" "Mozilla/5.0 (compatible; MJ12bot/v1.4.5; http://www.majestic12.co.uk/bot.php?+)" 
108.183.215.7 - - [09/Nov/2015:03:07:57 -0800] "GET /honeypot//%22http://glastopf.org//%22 HTTP/1.1" 404 284 "-" "Mozilla/5.0 (compatible; MJ12bot/v1.4.5; http://www.majestic12.co.uk/bot.php?+)" 
108.183.215.7 - - [09/Nov/2015:03:07:59 -0800] "GET /honeypot//%22http://www.maxmind.com/%22 HTTP/1.1" 404 284 "-" "Mozilla/5.0 (compatible; MJ12bot/v1.4.5; http://www.majestic12.co.uk/bot.php?+)" 
108.183.215.7 - - [09/Nov/2015:03:08:00 -0800] "GET /honeypot//%22https://twitter.com/sooshie/%22 HTTP/1.1" 404 284 "-" "Mozilla/5.0 (compatible; MJ12bot/v1.4.5; http://www.majestic12.co.uk/bot.php?+)" 
108.183.215.7 - - [09/Nov/2015:03:08:01 -0800] "GET /honeypot//%22https://twitter.com/theroxyd/%22 HTTP/1.1" 404 284 "-" "Mozilla/5.0 (compatible; MJ12bot/v1.4.5; http://www.majestic12.co.uk/bot.php?+)" 
73.44.165.47 - - [09/Nov/2015:03:10:29 -0800] "GET / HTTP/1.1" 200 8101 "-" "Mozilla/5.0 (Macintosh; Intel Mac OS X 10.9; rv:30.0) Gecko/20100101 Firefox/30.0" 
73.44.165.47 - - [09/Nov/2015:03:13:06 -0800] "GET /bootstrap/img/favicon.ico HTTP/1.1" 200 590 "http://www.secrepo.com/" "Mozilla/5.0 (Macintosh; Intel Mac OS X 10.9; rv:30.0) Gecko/20100101 Firefox/30.0" 
73.44.165.47 - - [09/Nov/2015:03:19:48 -0800] "GET /GitHub-Mark.png HTTP/1.1" 200 7428 "-" "Evernote Android/7.4_1263.1074023 (en_US); Android/5.1.1; SM-G928V/22;" 
73.44.165.47 - - [09/Nov/2015:03:19:48 -0800] "GET /twitter-icon.png HTTP/1.1" 200 27787 "-" "Evernote Android/7.4_1263.1074023 (en_US); Android/5.1.1; SM-G928V/22;" 
188.165.15.222 - - [09/Nov/2015:03:24:16 -0800] "GET /self.logs/access.log.2015-10-28.gz HTTP/1.1" 200 20062 "-" "Mozilla/5.0 (compatible; AhrefsBot/5.0; +http://ahrefs.com/robot/)" 
207.46.13.169 - - [09/Nov/2015:03:41:33 -0800] "GET /self.logs/access.log.2015-03-31.gz HTTP/1.1" 301 545 "-" "Mozilla/5.0 (compatible; bingbot/2.0; +http://www.bing.com/bingbot.htm)" 
62.254.145.53 - - [09/Nov/2015:04:19:31 -0800] "GET / HTTP/1.1" 304 189 "-" "Mozilla/5.0 (Macintosh; Intel Mac OS X 10_10_5) AppleWebKit/537.36 (KHTML, like Gecko) Chrome/46.0.2490.80 Safari/537.36" 
157.55.39.14 - - [09/Nov/2015:04:49:01 -0800] "GET /self.logs/error.log.2015-02-08.gz HTTP/1.1" 301 544 "-" "Mozilla/5.0 (compatible; bingbot/2.0; +http://www.bing.com/bingbot.htm)" 
66.249.67.246 - - [09/Nov/2015:04:52:14 -0800] "GET / HTTP/1.1" 200 8101 "-" "Mozilla/5.0 (compatible; Googlebot/2.1; +http://www.google.com/bot.html)" 
207.46.13.169 - - [09/Nov/2015:04:53:42 -0800] "GET /self.logs/error.log.2015-02-02.gz HTTP/1.1" 200 677 "-" "Mozilla/5.0 (compatible; bingbot/2.0; +http://www.bing.com/bingbot.htm)" 
70.212.128.27 - - [09/Nov/2015:04:58:50 -0800] "GET / HTTP/1.1" 200 8101 "-" "Mozilla/5.0 (iPhone; CPU iPhone OS 9_1 like Mac OS X) AppleWebKit/601.1.46 (KHTML, like Gecko) Version/9.0 Mobile/13B143 Safari/601.1" 
70.212.128.27 - - [09/Nov/2015:04:58:50 -0800] "GET /twitter-icon.png HTTP/1.1" 200 27787 "http://www.secrepo.com/" "Mozilla/5.0 (iPhone; CPU iPhone OS 9_1 like Mac OS X) AppleWebKit/601.1.46 (KHTML, like Gecko) Version/9.0 Mobile/13B143 Safari/601.1" 
70.212.128.27 - - [09/Nov/2015:04:58:51 -0800] "GET /GitHub-Mark.png HTTP/1.1" 200 7428 "http://www.secrepo.com/" "Mozilla/5.0 (iPhone; CPU iPhone OS 9_1 like Mac OS X) AppleWebKit/601.1.46 (KHTML, like Gecko) Version/9.0 Mobile/13B143 Safari/601.1" 
91.200.12.143 - - [09/Nov/2015:05:11:49 -0800] "GET /honeypot/Honeypot%20-%20Howto.pdf HTTP/1.0" 200 532900 "http://www.secrepo.com/honeypot/Honeypot%20-%20Howto.pdf" "Mozilla/5.0 (Windows NT 6.1; WOW64) AppleWebKit/537.36 (KHTML, like Gecko) Chrome/45.0.2454.101 Safari/537.36" 
207.46.13.169 - - [09/Nov/2015:05:24:09 -0800] "GET /honeypot/Honeypot%20-%20Howto%20-%20BSides%20Austin.pdf HTTP/1.1" 200 2928460 "-" "Mozilla/5.0 (iPhone; CPU iPhone OS 7_0 like Mac OS X) AppleWebKit/537.51.1 (KHTML, like Gecko) Version/7.0 Mobile/11A465 Safari/9537.53 (compatible; bingbot/2.0;  http://www.bing.com/bingbot.htm)" 
40.77.167.59 - - [09/Nov/2015:05:30:57 -0800] "GET /honeypot/Honeypot%20-%20Howto%20-%20BSides%20Austin.pdf HTTP/1.1" 200 2928460 "-" "Mozilla/5.0 (iPhone; CPU iPhone OS 7_0 like Mac OS X) AppleWebKit/537.51.1 (KHTML, like Gecko) Version/7.0 Mobile/11A465 Safari/9537.53 (compatible; bingbot/2.0; +http://www.bing.com/bingbot.htm)" 
68.180.230.27 - - [09/Nov/2015:05:32:10 -0800] "GET /self.logs/error.log.2015-09-07.gz HTTP/1.1" 200 660 "-" "Mozilla/5.0 (compatible; Yahoo! Slurp; http://help.yahoo.com/help/us/ysearch/slurp)" 
212.98.207.134 - - [09/Nov/2015:05:39:05 -0800] "GET /bootstrap/img/favicon.ico HTTP/1.1" 200 590 "-" "Mozilla/5.0 (Windows NT 10.0; WOW64; rv:42.0) Gecko/20100101 Firefox/42.0" 
188.165.15.222 - - [09/Nov/2015:05:52:56 -0800] "GET /self.logs/error.log.2015-08-22.gz HTTP/1.1" 200 645 "-" "Mozilla/5.0 (compatible; AhrefsBot/5.0; +http://ahrefs.com/robot/)" 
207.46.13.169 - - [09/Nov/2015:06:00:25 -0800] "GET /self.logs/access.log.2015-04-23.gz HTTP/1.1" 301 545 "-" "Mozilla/5.0 (compatible; bingbot/2.0; +http://www.bing.com/bingbot.htm)" 
207.46.13.169 - - [09/Nov/2015:06:02:02 -0800] "GET /self.logs/error.log.2015-01-26.gz HTTP/1.1" 301 544 "-" "Mozilla/5.0 (compatible; bingbot/2.0; +http://www.bing.com/bingbot.htm)" 
24.39.163.118 - - [09/Nov/2015:06:46:55 -0800] "GET / HTTP/1.1" 200 8101 "-" "Mozilla/5.0 (Windows NT 6.1; WOW64; rv:38.0) Gecko/20100101 Firefox/38.0" 
24.39.163.118 - - [09/Nov/2015:06:46:55 -0800] "GET /bootstrap/img/favicon.ico HTTP/1.1" 200 589 "-" "Mozilla/5.0 (Windows NT 6.1; WOW64; rv:38.0) Gecko/20100101 Firefox/38.0" 
24.39.163.118 - - [09/Nov/2015:06:46:56 -0800] "GET /twitter-icon.png HTTP/1.1" 200 27787 "http://www.secrepo.com/" "Mozilla/5.0 (Windows NT 6.1; WOW64; rv:38.0) Gecko/20100101 Firefox/38.0" 
24.39.163.118 - - [09/Nov/2015:06:46:56 -0800] "GET /GitHub-Mark.png HTTP/1.1" 200 7428 "http://www.secrepo.com/" "Mozilla/5.0 (Windows NT 6.1; WOW64; rv:38.0) Gecko/20100101 Firefox/38.0" 
4.31.199.226 - - [09/Nov/2015:06:47:20 -0800] "GET / HTTP/1.1" 200 8101 "-" "Mozilla/5.0 (Windows NT 6.1; WOW64; Trident/7.0; rv:11.0) like Gecko" 
4.31.199.226 - - [09/Nov/2015:06:47:21 -0800] "GET /GitHub-Mark.png HTTP/1.1" 200 7428 "http://www.secrepo.com/" "Mozilla/5.0 (Windows NT 6.1; WOW64; Trident/7.0; rv:11.0) like Gecko" 
4.31.199.226 - - [09/Nov/2015:06:47:21 -0800] "GET /twitter-icon.png HTTP/1.1" 200 27787 "http://www.secrepo.com/" "Mozilla/5.0 (Windows NT 6.1; WOW64; Trident/7.0; rv:11.0) like Gecko" 
4.31.199.226 - - [09/Nov/2015:06:47:22 -0800] "GET /bootstrap/img/favicon.ico HTTP/1.1" 200 589 "-" "Mozilla/5.0 (Windows NT 6.1; WOW64; Trident/7.0; rv:11.0) like Gecko" 
108.45.93.78 - - [09/Nov/2015:07:02:07 -0800] "GET /honeypot/BSidesDFW%20-%202014.ipynb HTTP/1.1" 200 930836 "-" "Mozilla/5.0 (X11; Linux x86_64) AppleWebKit/537.36 (KHTML, like Gecko) Chrome/46.0.2490.80 Safari/537.36" 
133.44.1.220 - - [09/Nov/2015:07:02:18 -0800] "GET / HTTP/1.0" 200 8101 "https://www.google.co.jp" "Mozilla/5.0 (Windows NT 6.1; WOW64; rv:42.0) Gecko/20100101 Firefox/42.0" 
133.44.1.220 - - [09/Nov/2015:07:02:18 -0800] "GET /bootstrap/img/favicon.ico HTTP/1.0" 200 589 "-" "Mozilla/5.0 (Windows NT 6.1; WOW64; rv:42.0) Gecko/20100101 Firefox/42.0" 
133.44.1.220 - - [09/Nov/2015:07:02:18 -0800] "GET /twitter-icon.png HTTP/1.0" 200 27788 "http://www.secrepo.com/" "Mozilla/5.0 (Windows NT 6.1; WOW64; rv:42.0) Gecko/20100101 Firefox/42.0" 
133.44.1.220 - - [09/Nov/2015:07:02:18 -0800] "GET /GitHub-Mark.png HTTP/1.0" 200 7428 "http://www.secrepo.com/" "Mozilla/5.0 (Windows NT 6.1; WOW64; rv:42.0) Gecko/20100101 Firefox/42.0" 
66.249.83.252 - - [09/Nov/2015:07:03:41 -0800] "GET / HTTP/1.1" 200 8101 "-" "Google favicon" 
66.249.83.252 - - [09/Nov/2015:07:03:41 -0800] "GET /bootstrap/img/favicon.ico HTTP/1.1" 200 589 "-" "Google favicon" 
133.44.1.220 - - [09/Nov/2015:07:04:37 -0800] "GET / HTTP/1.0" 200 8101 "-" "Mozilla/5.0 (Windows NT 6.1; WOW64; rv:42.0) Gecko/20100101 Firefox/42.0" 
133.44.1.220 - - [09/Nov/2015:07:04:38 -0800] "GET /twitter-icon.png HTTP/1.0" 200 27787 "http://www.secrepo.com/" "Mozilla/5.0 (Windows NT 6.1; WOW64; rv:42.0) Gecko/20100101 Firefox/42.0" 
133.44.1.220 - - [09/Nov/2015:07:04:38 -0800] "GET /GitHub-Mark.png HTTP/1.0" 200 7428 "http://www.secrepo.com/" "Mozilla/5.0 (Windows NT 6.1; WOW64; rv:42.0) Gecko/20100101 Firefox/42.0" 
163.164.225.102 - - [09/Nov/2015:07:10:23 -0800] "GET / HTTP/1.1" 200 8045 "-" "Mozilla/5.0 (Windows NT 6.1; WOW64; Trident/7.0; rv:11.0) like Gecko" 
207.46.13.169 - - [09/Nov/2015:07:13:12 -0800] "GET /self.logs/error.log.2015-05-10.gz HTTP/1.1" 301 544 "-" "Mozilla/5.0 (compatible; bingbot/2.0; +http://www.bing.com/bingbot.htm)" 
159.140.254.96 - - [09/Nov/2015:07:28:27 -0800] "GET / HTTP/1.1" 200 8101 "-" "Mozilla/5.0 (Windows NT 6.1; WOW64; rv:42.0) Gecko/20100101 Firefox/42.0" 
159.140.254.96 - - [09/Nov/2015:07:28:28 -0800] "GET /bootstrap/img/favicon.ico HTTP/1.1" 200 589 "-" "Mozilla/5.0 (Windows NT 6.1; WOW64; rv:42.0) Gecko/20100101 Firefox/42.0" 
159.140.254.96 - - [09/Nov/2015:07:28:28 -0800] "GET /GitHub-Mark.png HTTP/1.1" 200 7428 "http://www.secrepo.com/" "Mozilla/5.0 (Windows NT 6.1; WOW64; rv:42.0) Gecko/20100101 Firefox/42.0" 
159.140.254.96 - - [09/Nov/2015:07:28:28 -0800] "GET /twitter-icon.png HTTP/1.1" 200 27787 "http://www.secrepo.com/" "Mozilla/5.0 (Windows NT 6.1; WOW64; rv:42.0) Gecko/20100101 Firefox/42.0" 
8.28.16.254 - - [09/Nov/2015:07:30:30 -0800] "GET / HTTP/1.1" 200 26631 "-" "Mozilla/5.0 (Macintosh; Intel Mac OS X 10_10_3) AppleWebKit/537.36 (KHTML, like Gecko) Chrome/46.0.2490.80 Safari/537.36" 
128.237.28.16 - - [09/Nov/2015:07:30:30 -0800] "GET / HTTP/1.1" 200 8101 "https://www.google.com/" "Mozilla/5.0 (Macintosh; Intel Mac OS X 10_10_3) AppleWebKit/537.36 (KHTML, like Gecko) Chrome/46.0.2490.80 Safari/537.36" 
128.237.28.16 - - [09/Nov/2015:07:30:30 -0800] "GET /GitHub-Mark.png HTTP/1.1" 200 7427 "http://www.secrepo.com/" "Mozilla/5.0 (Macintosh; Intel Mac OS X 10_10_3) AppleWebKit/537.36 (KHTML, like Gecko) Chrome/46.0.2490.80 Safari/537.36" 
128.237.28.16 - - [09/Nov/2015:07:30:30 -0800] "GET /twitter-icon.png HTTP/1.1" 200 27788 "http://www.secrepo.com/" "Mozilla/5.0 (Macintosh; Intel Mac OS X 10_10_3) AppleWebKit/537.36 (KHTML, like Gecko) Chrome/46.0.2490.80 Safari/537.36" 
128.237.28.16 - - [09/Nov/2015:07:30:31 -0800] "GET /bootstrap/img/favicon.ico HTTP/1.1" 200 589 "http://www.secrepo.com/" "Mozilla/5.0 (Macintosh; Intel Mac OS X 10_10_3) AppleWebKit/537.36 (KHTML, like Gecko) Chrome/46.0.2490.80 Safari/537.36" 
52.33.131.96 - - [09/Nov/2015:07:41:11 -0800] "GET /wp-login.php HTTP/1.1" 404 340 "-" "Opera/9.80 (Windows NT 6.0) Presto/2.12.388 Version/12.14" 
66.102.9.109 - - [09/Nov/2015:07:42:42 -0800] "GET / HTTP/1.1" 200 8101 "-" "Google favicon" 
66.102.9.109 - - [09/Nov/2015:07:42:42 -0800] "GET /bootstrap/img/favicon.ico HTTP/1.1" 200 589 "-" "Google favicon" 
123.125.71.71 - - [09/Nov/2015:07:48:41 -0800] "GET /honeypot/honeypot.json.zip HTTP/1.1" 200 4631836 "-" "Mozilla/5.0 (compatible; Baiduspider/2.0; +http://www.baidu.com/search/spider.html)" 
221.221.159.198 - - [09/Nov/2015:08:11:16 -0800] "GET / HTTP/1.1" 200 8101 "http://www.mlsecproject.org/" "Mozilla/5.0 (Macintosh; Intel Mac OS X 10_9_5) AppleWebKit/537.36 (KHTML, like Gecko) Chrome/46.0.2490.80 Safari/537.36" 
221.221.159.198 - - [09/Nov/2015:08:11:17 -0800] "GET /twitter-icon.png HTTP/1.1" 200 27787 "http://www.secrepo.com/" "Mozilla/5.0 (Macintosh; Intel Mac OS X 10_9_5) AppleWebKit/537.36 (KHTML, like Gecko) Chrome/46.0.2490.80 Safari/537.36" 
221.221.159.198 - - [09/Nov/2015:08:11:17 -0800] "GET /GitHub-Mark.png HTTP/1.1" 200 7428 "http://www.secrepo.com/" "Mozilla/5.0 (Macintosh; Intel Mac OS X 10_9_5) AppleWebKit/537.36 (KHTML, like Gecko) Chrome/46.0.2490.80 Safari/537.36" 
221.221.159.198 - - [09/Nov/2015:08:12:10 -0800] "GET /data HTTP/1.1" 404 340 "http://www.secrepo.com/" "Mozilla/5.0 (Macintosh; Intel Mac OS X 10_9_5) AppleWebKit/537.36 (KHTML, like Gecko) Chrome/46.0.2490.80 Safari/537.36" 
221.221.159.198 - - [09/Nov/2015:08:12:10 -0800] "GET /favicon.ico HTTP/1.1" 200 267 "http://www.secrepo.com/data" "Mozilla/5.0 (Macintosh; Intel Mac OS X 10_9_5) AppleWebKit/537.36 (KHTML, like Gecko) Chrome/46.0.2490.80 Safari/537.36" 
80.87.30.98 - - [09/Nov/2015:08:41:40 -0800] "GET / HTTP/1.1" 200 8101 "-" "Mozilla/5.0 (Macintosh; Intel Mac OS X 10_10_5) AppleWebKit/600.8.9 (KHTML, like Gecko) Version/8.0.8 Safari/600.8.9" 
62.254.145.53 - - [09/Nov/2015:09:03:49 -0800] "GET / HTTP/1.1" 200 8101 "-" "Mozilla/5.0 (Macintosh; Intel Mac OS X 10_10_5) AppleWebKit/537.36 (KHTML, like Gecko) Chrome/46.0.2490.80 Safari/537.36" 
62.254.145.53 - - [09/Nov/2015:09:03:49 -0800] "GET /twitter-icon.png HTTP/1.1" 200 27787 "http://www.secrepo.com/" "Mozilla/5.0 (Macintosh; Intel Mac OS X 10_10_5) AppleWebKit/537.36 (KHTML, like Gecko) Chrome/46.0.2490.80 Safari/537.36" 
62.254.145.53 - - [09/Nov/2015:09:03:49 -0800] "GET /GitHub-Mark.png HTTP/1.1" 200 7428 "http://www.secrepo.com/" "Mozilla/5.0 (Macintosh; Intel Mac OS X 10_10_5) AppleWebKit/537.36 (KHTML, like Gecko) Chrome/46.0.2490.80 Safari/537.36" 
73.173.226.247 - - [09/Nov/2015:09:08:10 -0800] "GET /bootstrap/img/favicon.ico HTTP/1.1" 200 590 "-" "Mozilla/5.0 (Macintosh; Intel Mac OS X 10.10; rv:42.0) Gecko/20100101 Firefox/42.0" 
24.39.163.118 - - [09/Nov/2015:09:23:24 -0800] "GET /bootstrap/img/favicon.ico HTTP/1.1" 200 590 "-" "Mozilla/5.0 (Windows NT 6.1; WOW64; rv:38.0) Gecko/20100101 Firefox/38.0" 
69.30.198.242 - - [09/Nov/2015:09:26:58 -0800] "GET /robots.txt HTTP/1.0" 200 252 "-" "Mozilla/5.0 (compatible; MJ12bot/v1.4.5; http://www.majestic12.co.uk/bot.php?+)" 
69.30.198.242 - - [09/Nov/2015:09:27:00 -0800] "GET /honeypot//%22http://amunhoney.sourceforge.net//%22 HTTP/1.0" 404 284 "-" "Mozilla/5.0 (compatible; MJ12bot/v1.4.5; http://www.majestic12.co.uk/bot.php?+)" 
69.30.198.242 - - [09/Nov/2015:09:27:02 -0800] "GET /honeypot//%22http://glastopf.org//%22 HTTP/1.0" 404 303 "-" "Mozilla/5.0 (compatible; MJ12bot/v1.4.5; http://www.majestic12.co.uk/bot.php?+)" 
69.30.198.242 - - [09/Nov/2015:09:27:04 -0800] "GET /honeypot//%22http://www.maxmind.com/%22 HTTP/1.0" 404 303 "-" "Mozilla/5.0 (compatible; MJ12bot/v1.4.5; http://www.majestic12.co.uk/bot.php?+)" 
69.30.198.242 - - [09/Nov/2015:09:27:06 -0800] "GET /honeypot//%22https://twitter.com/sooshie/%22 HTTP/1.0" 404 303 "-" "Mozilla/5.0 (compatible; MJ12bot/v1.4.5; http://www.majestic12.co.uk/bot.php?+)" 
69.30.198.242 - - [09/Nov/2015:09:27:07 -0800] "GET /honeypot//%22https://twitter.com/theroxyd/%22 HTTP/1.0" 404 303 "-" "Mozilla/5.0 (compatible; MJ12bot/v1.4.5; http://www.majestic12.co.uk/bot.php?+)" 
180.76.15.31 - - [09/Nov/2015:09:51:03 -0800] "GET /honeypot/BSidesDFW%20-%202014.ipynb HTTP/1.1" 200 930799 "-" "Mozilla/5.0 (compatible; Baiduspider/2.0; +http://www.baidu.com/search/spider.html)" 
199.16.140.28 - - [09/Nov/2015:09:53:33 -0800] "GET / HTTP/1.1" 200 8045 "-" "Mozilla/5.0 (Macintosh; Intel Mac OS X 10.9; rv:39.0) Gecko/20100101 Firefox/39.0" 
199.16.140.28 - - [09/Nov/2015:09:53:34 -0800] "GET /twitter-icon.png HTTP/1.1" 200 27732 "-" "Mozilla/5.0 (Macintosh; Intel Mac OS X 10.9; rv:39.0) Gecko/20100101 Firefox/39.0" 
199.16.140.28 - - [09/Nov/2015:09:53:34 -0800] "GET /GitHub-Mark.png HTTP/1.1" 200 7372 "-" "Mozilla/5.0 (Macintosh; Intel Mac OS X 10.9; rv:39.0) Gecko/20100101 Firefox/39.0" 
199.16.140.26 - - [09/Nov/2015:09:53:34 -0800] "GET /bootstrap/img/favicon.ico HTTP/1.1" 200 534 "-" "Mozilla/5.0 (Macintosh; Intel Mac OS X 10.9; rv:39.0) Gecko/20100101 Firefox/39.0" 
68.180.230.27 - - [09/Nov/2015:10:04:29 -0800] "GET /self.logs/error.log.2015-09-17.gz HTTP/1.1" 200 777 "-" "Mozilla/5.0 (compatible; Yahoo! Slurp; http://help.yahoo.com/help/us/ysearch/slurp)" 
212.98.207.134 - - [09/Nov/2015:10:06:12 -0800] "GET /bootstrap/img/favicon.ico HTTP/1.1" 200 590 "-" "Mozilla/5.0 (Windows NT 10.0; WOW64; rv:42.0) Gecko/20100101 Firefox/42.0" 
207.46.13.35 - - [09/Nov/2015:10:15:05 -0800] "GET /self.logs/?C=D;O=A HTTP/1.1" 200 6368 "-" "Mozilla/5.0 (compatible; bingbot/2.0; +http://www.bing.com/bingbot.htm)" 
207.46.13.35 - - [09/Nov/2015:10:15:07 -0800] "GET /self.logs/access.log.2015-02-03.gz HTTP/1.1" 200 5715 "-" "Mozilla/5.0 (compatible; bingbot/2.0; +http://www.bing.com/bingbot.htm)" 
207.46.13.35 - - [09/Nov/2015:10:15:08 -0800] "GET /self.logs/?C=S;O=A HTTP/1.1" 200 6959 "-" "Mozilla/5.0 (compatible; bingbot/2.0; +http://www.bing.com/bingbot.htm)" 
207.46.13.169 - - [09/Nov/2015:10:15:15 -0800] "GET /self.logs/ HTTP/1.1" 200 6368 "-" "Mozilla/5.0 (compatible; bingbot/2.0; +http://www.bing.com/bingbot.htm)" 
207.46.13.169 - - [09/Nov/2015:10:15:15 -0800] "GET /self.logs/?C=N;O=D HTTP/1.1" 200 6384 "-" "Mozilla/5.0 (compatible; bingbot/2.0; +http://www.bing.com/bingbot.htm)" 
207.46.13.43 - - [09/Nov/2015:10:15:18 -0800] "GET /self.logs/access.log.2015-02-01.gz HTTP/1.1" 200 2648 "-" "Mozilla/5.0 (compatible; bingbot/2.0; +http://www.bing.com/bingbot.htm)" 
207.46.13.141 - - [09/Nov/2015:10:23:50 -0800] "GET /self.logs/access.log.2015-02-18.gz HTTP/1.1" 301 546 "-" "Mozilla/5.0 (compatible; bingbot/2.0; +http://www.bing.com/bingbot.htm)" 
178.137.91.140 - - [09/Nov/2015:10:33:06 -0800] "GET /honeypot/ HTTP/1.1" 200 1077 "http://origin-my.ru/" "Mozilla/4.0 (compatible; MSIE 6.0; Windows 98; Win 9x 4.90)" 
178.137.91.140 - - [09/Nov/2015:10:33:06 -0800] "GET /honeypot/ HTTP/1.1" 200 1077 "http://gta-club.ru/" "Mozilla/4.0 (compatible; MSIE 6.0; Windows NT 5.0)" 
178.137.91.140 - - [09/Nov/2015:10:33:07 -0800] "GET /honeypot/ HTTP/1.1" 200 1077 "http://origin-my.ru/" "Mozilla/4.0 (compatible; MSIE 6.0; Windows 98; Win 9x 4.90)" 
178.137.91.140 - - [09/Nov/2015:10:33:08 -0800] "GET /honeypot/ HTTP/1.1" 200 1077 "http://origin-my.ru/" "Mozilla/4.0 (compatible; MSIE 6.0; Windows 98; Win 9x 4.90)" 
178.137.91.140 - - [09/Nov/2015:10:33:08 -0800] "GET /honeypot/ HTTP/1.1" 200 1077 "http://gta-club.ru/" "Mozilla/4.0 (compatible; MSIE 6.0; Windows NT 5.0)" 
95.8.206.128 - - [09/Nov/2015:10:48:27 -0800] "GET /bootstrap/img/favicon.ico HTTP/1.1" 200 590 "-" "Mozilla/5.0 (Windows NT 10.0; WOW64; rv:42.0) Gecko/20100101 Firefox/42.0" 
66.192.187.242 - - [09/Nov/2015:10:51:53 -0800] "GET / HTTP/1.1" 200 8101 "-" "Mozilla/5.0 (Macintosh; Intel Mac OS X 10_10_5) AppleWebKit/537.36 (KHTML, like Gecko) Chrome/45.0.2454.85 Safari/537.36" 
66.192.187.242 - - [09/Nov/2015:10:51:53 -0800] "GET /GitHub-Mark.png HTTP/1.1" 200 7428 "http://www.secrepo.com/" "Mozilla/5.0 (Macintosh; Intel Mac OS X 10_10_5) AppleWebKit/537.36 (KHTML, like Gecko) Chrome/45.0.2454.85 Safari/537.36" 
66.192.187.242 - - [09/Nov/2015:10:51:54 -0800] "GET /twitter-icon.png HTTP/1.1" 200 27787 "http://www.secrepo.com/" "Mozilla/5.0 (Macintosh; Intel Mac OS X 10_10_5) AppleWebKit/537.36 (KHTML, like Gecko) Chrome/45.0.2454.85 Safari/537.36" 
66.192.187.242 - - [09/Nov/2015:10:51:54 -0800] "GET /bootstrap/img/favicon.ico HTTP/1.1" 200 589 "http://www.secrepo.com/" "Mozilla/5.0 (Macintosh; Intel Mac OS X 10_10_5) AppleWebKit/537.36 (KHTML, like Gecko) Chrome/45.0.2454.85 Safari/537.36" 
66.192.187.242 - - [09/Nov/2015:10:55:30 -0800] "GET /maccdc2012/dhcp.log.gz HTTP/1.1" 200 45019 "http://www.secrepo.com/" "Mozilla/5.0 (Macintosh; Intel Mac OS X 10_10_5) AppleWebKit/537.36 (KHTML, like Gecko) Chrome/45.0.2454.85 Safari/537.36" 
66.192.187.242 - - [09/Nov/2015:10:55:32 -0800] "GET /maccdc2012/dns.log.gz HTTP/1.1" 200 6629419 "http://www.secrepo.com/" "Mozilla/5.0 (Macintosh; Intel Mac OS X 10_10_5) AppleWebKit/537.36 (KHTML, like Gecko) Chrome/45.0.2454.85 Safari/537.36" 
66.192.187.242 - - [09/Nov/2015:10:55:45 -0800] "GET /maccdc2012/ftp.log.gz HTTP/1.1" 200 128116 "http://www.secrepo.com/" "Mozilla/5.0 (Macintosh; Intel Mac OS X 10_10_5) AppleWebKit/537.36 (KHTML, like Gecko) Chrome/45.0.2454.85 Safari/537.36" 
66.192.187.242 - - [09/Nov/2015:10:55:54 -0800] "GET /maccdc2012/notice.log.gz HTTP/1.1" 200 20779 "http://www.secrepo.com/" "Mozilla/5.0 (Macintosh; Intel Mac OS X 10_10_5) AppleWebKit/537.36 (KHTML, like Gecko) Chrome/45.0.2454.85 Safari/537.36" 
66.192.187.242 - - [09/Nov/2015:10:55:55 -0800] "GET /maccdc2012/signatures.log.gz HTTP/1.1" 200 604 "http://www.secrepo.com/" "Mozilla/5.0 (Macintosh; Intel Mac OS X 10_10_5) AppleWebKit/537.36 (KHTML, like Gecko) Chrome/45.0.2454.85 Safari/537.36" 
66.192.187.242 - - [09/Nov/2015:10:55:59 -0800] "GET /maccdc2012/smtp.log.gz HTTP/1.1" 200 6908 "http://www.secrepo.com/" "Mozilla/5.0 (Macintosh; Intel Mac OS X 10_10_5) AppleWebKit/537.36 (KHTML, like Gecko) Chrome/45.0.2454.85 Safari/537.36" 
66.192.187.242 - - [09/Nov/2015:10:56:00 -0800] "GET /maccdc2012/ssh.log.gz HTTP/1.1" 200 182516 "http://www.secrepo.com/" "Mozilla/5.0 (Macintosh; Intel Mac OS X 10_10_5) AppleWebKit/537.36 (KHTML, like Gecko) Chrome/45.0.2454.85 Safari/537.36" 
66.192.187.242 - - [09/Nov/2015:10:56:03 -0800] "GET /maccdc2012/ssl.log.gz HTTP/1.1" 200 1313674 "http://www.secrepo.com/" "Mozilla/5.0 (Macintosh; Intel Mac OS X 10_10_5) AppleWebKit/537.36 (KHTML, like Gecko) Chrome/45.0.2454.85 Safari/537.36" 
66.192.187.242 - - [09/Nov/2015:10:56:07 -0800] "GET /maccdc2012/tunnel.log.gz HTTP/1.1" 200 5228 "http://www.secrepo.com/" "Mozilla/5.0 (Macintosh; Intel Mac OS X 10_10_5) AppleWebKit/537.36 (KHTML, like Gecko) Chrome/45.0.2454.85 Safari/537.36" 
66.192.187.242 - - [09/Nov/2015:10:56:09 -0800] "GET /maccdc2012/weird.log.gz HTTP/1.1" 200 1242776 "http://www.secrepo.com/" "Mozilla/5.0 (Macintosh; Intel Mac OS X 10_10_5) AppleWebKit/537.36 (KHTML, like Gecko) Chrome/45.0.2454.85 Safari/537.36" 
66.192.187.242 - - [09/Nov/2015:10:55:42 -0800] "GET /maccdc2012/files.log.gz HTTP/1.1" 200 51408671 "http://www.secrepo.com/" "Mozilla/5.0 (Macintosh; Intel Mac OS X 10_10_5) AppleWebKit/537.36 (KHTML, like Gecko) Chrome/45.0.2454.85 Safari/537.36" 
66.192.187.242 - - [09/Nov/2015:10:56:16 -0800] "GET /maccdc2012/maccdc2012_fast_alert.7z HTTP/1.1" 200 9478149 "http://www.secrepo.com/" "Mozilla/5.0 (Macintosh; Intel Mac OS X 10_10_5) AppleWebKit/537.36 (KHTML, like Gecko) Chrome/45.0.2454.85 Safari/537.36" 
66.192.187.242 - - [09/Nov/2015:10:55:47 -0800] "GET /maccdc2012/http.log.gz HTTP/1.1" 200 54258815 "http://www.secrepo.com/" "Mozilla/5.0 (Macintosh; Intel Mac OS X 10_10_5) AppleWebKit/537.36 (KHTML, like Gecko) Chrome/45.0.2454.85 Safari/537.36" 
66.192.187.242 - - [09/Nov/2015:10:56:19 -0800] "GET /maccdc2012/maccdc2012_full_alert.7z HTTP/1.1" 200 24978942 "http://www.secrepo.com/" "Mozilla/5.0 (Macintosh; Intel Mac OS X 10_10_5) AppleWebKit/537.36 (KHTML, like Gecko) Chrome/45.0.2454.85 Safari/537.36" 
66.192.187.242 - - [09/Nov/2015:10:55:25 -0800] "GET /maccdc2012/conn.log.gz HTTP/1.1" 200 551041635 "http://www.secrepo.com/" "Mozilla/5.0 (Macintosh; Intel Mac OS X 10_10_5) AppleWebKit/537.36 (KHTML, like Gecko) Chrome/45.0.2454.85 Safari/537.36" 
94.224.54.76 - - [09/Nov/2015:11:03:00 -0800] "GET / HTTP/1.1" 200 8101 "http://www.mlsecproject.org/" "Mozilla/5.0 (X11; Linux x86_64) AppleWebKit/537.36 (KHTML, like Gecko) Chrome/46.0.2490.71 Safari/537.36" 
94.224.54.76 - - [09/Nov/2015:11:03:00 -0800] "GET /twitter-icon.png HTTP/1.1" 200 27787 "http://www.secrepo.com/" "Mozilla/5.0 (X11; Linux x86_64) AppleWebKit/537.36 (KHTML, like Gecko) Chrome/46.0.2490.71 Safari/537.36" 
94.224.54.76 - - [09/Nov/2015:11:03:00 -0800] "GET /GitHub-Mark.png HTTP/1.1" 200 7427 "http://www.secrepo.com/" "Mozilla/5.0 (X11; Linux x86_64) AppleWebKit/537.36 (KHTML, like Gecko) Chrome/46.0.2490.71 Safari/537.36" 
94.224.54.76 - - [09/Nov/2015:11:03:00 -0800] "GET /bootstrap/img/favicon.ico HTTP/1.1" 200 589 "http://www.secrepo.com/" "Mozilla/5.0 (X11; Linux x86_64) AppleWebKit/537.36 (KHTML, like Gecko) Chrome/46.0.2490.71 Safari/537.36" 
66.192.187.242 - - [09/Nov/2015:11:06:21 -0800] "GET /self.logs/ HTTP/1.1" 200 6368 "http://www.secrepo.com/" "Mozilla/5.0 (Macintosh; Intel Mac OS X 10_10_5) AppleWebKit/537.36 (KHTML, like Gecko) Chrome/45.0.2454.85 Safari/537.36" 
66.192.187.242 - - [09/Nov/2015:11:06:21 -0800] "GET /favicon.ico HTTP/1.1" 200 267 "http://www.secrepo.com/self.logs/" "Mozilla/5.0 (Macintosh; Intel Mac OS X 10_10_5) AppleWebKit/537.36 (KHTML, like Gecko) Chrome/45.0.2454.85 Safari/537.36" 
66.192.187.242 - - [09/Nov/2015:11:06:47 -0800] "GET /Security-Data-Analysis/Lab_1/conn.log.zip HTTP/1.1" 200 549098528 "http://www.secrepo.com/" "Mozilla/5.0 (Macintosh; Intel Mac OS X 10_10_5) AppleWebKit/537.36 (KHTML, like Gecko) Chrome/45.0.2454.85 Safari/537.36" 
180.153.236.104 - - [09/Nov/2015:11:41:49 -0800] "GET / HTTP/1.1" 200 8101 "http://www.secrepo.com/" "Mozilla/5.0 (compatible; MSIE 9.0; Windows NT 6.1; Trident/5.0); 360Spider(compatible; HaosouSpider; http://www.haosou.com/help/help_3_2.html)" 
157.55.39.84 - - [09/Nov/2015:11:49:58 -0800] "GET /data HTTP/1.1" 404 340 "-" "Mozilla/5.0 (compatible; bingbot/2.0; +http://www.bing.com/bingbot.htm)" 
207.46.13.141 - - [09/Nov/2015:12:31:15 -0800] "GET /self.logs/?C=M;O=A HTTP/1.1" 200 6560 "-" "Mozilla/5.0 (compatible; bingbot/2.0; +http://www.bing.com/bingbot.htm)" 
207.46.13.141 - - [09/Nov/2015:12:31:15 -0800] "GET / HTTP/1.1" 200 8100 "-" "Mozilla/5.0 (compatible; bingbot/2.0; +http://www.bing.com/bingbot.htm)" 
207.46.13.141 - - [09/Nov/2015:12:31:15 -0800] "GET /self.logs/?C=S;O=D HTTP/1.1" 200 6936 "-" "Mozilla/5.0 (compatible; bingbot/2.0; +http://www.bing.com/bingbot.htm)" 
207.46.13.141 - - [09/Nov/2015:12:31:15 -0800] "GET /self.logs/?C=M;O=D HTTP/1.1" 200 6596 "-" "Mozilla/5.0 (compatible; bingbot/2.0; +http://www.bing.com/bingbot.htm)" 
66.249.64.129 - - [09/Nov/2015:12:37:55 -0800] "GET /robots.txt HTTP/1.1" 200 334 "-" "Mozilla/5.0 (compatible; Googlebot/2.1; +http://www.google.com/bot.html)" 
66.249.64.250 - - [09/Nov/2015:12:37:55 -0800] "GET /honeypot/Honeypot%20-%20Howto.pdf HTTP/1.1" 200 1279418 "-" "Googlebot/2.1 (+http://www.google.com/bot.html)" 
68.180.230.27 - - [09/Nov/2015:12:40:45 -0800] "GET /self.logs/error.log.2015-09-29.gz HTTP/1.1" 200 616 "-" "Mozilla/5.0 (compatible; Yahoo! Slurp; http://help.yahoo.com/help/us/ysearch/slurp)" 
207.46.13.169 - - [09/Nov/2015:13:31:54 -0800] "GET / HTTP/1.1" 200 8101 "-" "Mozilla/5.0 (compatible; bingbot/2.0; +http://www.bing.com/bingbot.htm)" 
207.46.13.35 - - [09/Nov/2015:13:40:59 -0800] "GET /robots.txt HTTP/1.1" 301 518 "-" "Mozilla/5.0 (compatible; bingbot/2.0; +http://www.bing.com/bingbot.htm)" 
207.46.13.35 - - [09/Nov/2015:13:41:00 -0800] "GET /robots.txt HTTP/1.1" 200 288 "-" "Mozilla/5.0 (compatible; bingbot/2.0; +http://www.bing.com/bingbot.htm)" 
207.46.13.35 - - [09/Nov/2015:13:41:54 -0800] "GET / HTTP/1.1" 301 483 "-" "Mozilla/5.0 (compatible; bingbot/2.0; +http://www.bing.com/bingbot.htm)" 
180.76.15.138 - - [09/Nov/2015:13:54:39 -0800] "GET / HTTP/1.1" 304 152 "-" "Mozilla/5.0 (compatible; Baiduspider/2.0; +http://www.baidu.com/search/spider.html)" 
220.181.108.161 - - [09/Nov/2015:13:55:13 -0800] "GET /Security-Data-Analysis/Lab_1/conn.log.zip HTTP/1.1" 200 11070371 "-" "Mozilla/5.0 (compatible; Baiduspider/2.0; +http://www.baidu.com/search/spider.html)" 
220.181.108.145 - - [09/Nov/2015:13:55:25 -0800] "GET /Security-Data-Analysis/Lab_1/conn.log.zip HTTP/1.1" 200 12366200 "-" "Mozilla/5.0 (compatible; Baiduspider/2.0; +http://www.baidu.com/search/spider.html)" 
104.233.87.36 - - [09/Nov/2015:14:08:46 -0800] "POST /xmlrpc.php HTTP/1.1" 404 295 "-" "Mozilla/5.0 (Macintosh; U; Intel Mac OS X 10.6; fr; rv:1.9.2.8) Gecko/20100722 Firefox/3.6.8" 
104.233.87.36 - - [09/Nov/2015:14:08:56 -0800] "POST /blog/xmlrpc.php HTTP/1.1" 404 295 "-" "Mozilla/5.0 (Macintosh; U; Intel Mac OS X 10.6; fr; rv:1.9.2.8) Gecko/20100722 Firefox/3.6.8" 
178.137.91.140 - - [09/Nov/2015:14:21:46 -0800] "GET /honeypot/ HTTP/1.1" 200 1077 "http://tominokery.ru/" "Mozilla/4.0 (compatible; MSIE 6.0; Windows NT 5.1; Maxthon; .NET CLR 1.1.4322)" 
178.137.91.140 - - [09/Nov/2015:14:21:47 -0800] "GET /honeypot/ HTTP/1.1" 200 1077 "http://tominokery.ru/" "Mozilla/4.0 (compatible; MSIE 6.0; Windows NT 5.1; Maxthon; .NET CLR 1.1.4322)" 
62.210.152.87 - - [09/Nov/2015:14:43:34 -0800] "GET /robots.txt HTTP/1.0" 200 252 "-" "Mozilla/5.0 (compatible; MJ12bot/v1.4.5; http://www.majestic12.co.uk/bot.php?+)" 
62.210.152.87 - - [09/Nov/2015:14:43:36 -0800] "GET /honeypot//%22http://amunhoney.sourceforge.net//%22 HTTP/1.0" 404 284 "-" "Mozilla/5.0 (compatible; MJ12bot/v1.4.5; http://www.majestic12.co.uk/bot.php?+)" 
62.210.152.87 - - [09/Nov/2015:14:43:38 -0800] "GET /honeypot//%22http://glastopf.org//%22 HTTP/1.0" 404 303 "-" "Mozilla/5.0 (compatible; MJ12bot/v1.4.5; http://www.majestic12.co.uk/bot.php?+)" 
62.210.152.87 - - [09/Nov/2015:14:43:39 -0800] "GET /honeypot//%22http://www.maxmind.com/%22 HTTP/1.0" 404 303 "-" "Mozilla/5.0 (compatible; MJ12bot/v1.4.5; http://www.majestic12.co.uk/bot.php?+)" 
207.46.13.43 - - [09/Nov/2015:14:59:23 -0800] "GET /self.logs/access.log.2015-01-20.gz HTTP/1.1" 200 3670 "-" "Mozilla/5.0 (compatible; bingbot/2.0; +http://www.bing.com/bingbot.htm)" 
93.115.95.205 - - [09/Nov/2015:15:20:09 -0800] "GET / HTTP/1.1" 301 427 "http://pizza-tycoon.com/" "Mozilla/5.0 (X11; Linux x86_64) AppleWebKit/537.36 (KHTML, like Gecko) Chrome/37.0.2062.120 Safari/537.36" 
71.163.40.225 - - [09/Nov/2015:15:20:10 -0800] "GET / HTTP/1.1" 200 8045 "http://pizza-tycoon.com/" "Mozilla/5.0 (X11; Linux x86_64) AppleWebKit/537.36 (KHTML, like Gecko) Chrome/37.0.2062.120 Safari/537.36" 
113.238.71.71 - - [09/Nov/2015:15:26:22 -0800] "GET /honeypot/Honeypot%20-%20Howto%20-%20BSides%20Austin.pdf HTTP/1.1" 200 1344552 "http://www.secrepo.com/" "Mozilla/5.0 (Windows NT 6.3) AppleWebKit/537.36 (KHTML, like Gecko) Chrome/39.0.2171.95 Safari/537.36" 
188.165.15.222 - - [09/Nov/2015:15:33:55 -0800] "GET /self.logs/access.log.2015-09-30.gz HTTP/1.1" 200 5030 "-" "Mozilla/5.0 (compatible; AhrefsBot/5.0; +http://ahrefs.com/robot/)" 
178.137.82.178 - - [09/Nov/2015:15:59:16 -0800] "GET /honeypot/ HTTP/1.1" 200 1077 "http://infazavr.ru/" "Mozilla/4.0 (compatible; MSIE 6.0; Windows NT 5.1; Maxthon; .NET CLR 1.1.4322)" 
178.137.82.178 - - [09/Nov/2015:15:59:16 -0800] "GET /honeypot/ HTTP/1.1" 200 1077 "http://blogos.kz/" "Mozilla/4.0 (compatible; MSIE 6.0; AOL 9.0; Windows NT 5.1)" 
178.137.82.178 - - [09/Nov/2015:15:59:17 -0800] "GET /honeypot/ HTTP/1.1" 200 1077 "http://infazavr.ru/" "Mozilla/4.0 (compatible; MSIE 6.0; Windows NT 5.1; Maxthon; .NET CLR 1.1.4322)" 
178.137.82.178 - - [09/Nov/2015:15:59:17 -0800] "GET /honeypot/ HTTP/1.1" 200 1077 "http://blogos.kz/" "Mozilla/4.0 (compatible; MSIE 6.0; AOL 9.0; Windows NT 5.1)" 
178.137.82.178 - - [09/Nov/2015:15:59:18 -0800] "GET /honeypot/ HTTP/1.1" 200 1077 "http://infazavr.ru/" "Mozilla/4.0 (compatible; MSIE 6.0; Windows NT 5.1; Maxthon; .NET CLR 1.1.4322)" 
178.137.82.178 - - [09/Nov/2015:15:59:18 -0800] "GET /honeypot/ HTTP/1.1" 200 1077 "http://blogos.kz/" "Mozilla/4.0 (compatible; MSIE 6.0; AOL 9.0; Windows NT 5.1)" 
72.66.126.234 - - [09/Nov/2015:16:42:56 -0800] "GET / HTTP/1.1" 200 8101 "http://www.mlsecproject.org/" "Mozilla/5.0 (Linux; Android 5.1.1; A0001 Build/LMY48B) AppleWebKit/537.36 (KHTML, like Gecko) Chrome/46.0.2490.76 Mobile Safari/537.36" 
72.66.126.234 - - [09/Nov/2015:16:42:56 -0800] "GET /twitter-icon.png HTTP/1.1" 200 27787 "http://www.secrepo.com/" "Mozilla/5.0 (Linux; Android 5.1.1; A0001 Build/LMY48B) AppleWebKit/537.36 (KHTML, like Gecko) Chrome/46.0.2490.76 Mobile Safari/537.36" 
72.66.126.234 - - [09/Nov/2015:16:42:56 -0800] "GET /GitHub-Mark.png HTTP/1.1" 200 7428 "http://www.secrepo.com/" "Mozilla/5.0 (Linux; Android 5.1.1; A0001 Build/LMY48B) AppleWebKit/537.36 (KHTML, like Gecko) Chrome/46.0.2490.76 Mobile Safari/537.36" 
72.66.126.234 - - [09/Nov/2015:16:42:57 -0800] "GET /bootstrap/img/favicon.ico HTTP/1.1" 200 589 "http://www.secrepo.com/" "Mozilla/5.0 (Linux; Android 5.1.1; A0001 Build/LMY48B) AppleWebKit/537.36 (KHTML, like Gecko) Chrome/46.0.2490.76 Mobile Safari/537.36" 
91.200.12.138 - - [09/Nov/2015:17:02:08 -0800] "GET /honeypot/BSidesDFW%20-%202014.ipynb HTTP/1.1" 200 419020 "-" "Mozilla/5.0 (Windows NT 6.1; Trident/7.0; rv:11.0) like Gecko" 
91.200.12.138 - - [09/Nov/2015:17:02:09 -0800] "POST /honeypot/BSidesDFW%20-%202014.ipynb/trackback/ HTTP/1.1" 404 303 "http://www.secrepo.com/honeypot/BSidesDFW - 2014.ipynb" "Mozilla/5.0 (Windows NT 6.1; Trident/7.0; rv:11.0) like Gecko" 
68.180.230.27 - - [09/Nov/2015:17:07:15 -0800] "GET / HTTP/1.1" 304 133 "-" "Mozilla/5.0 (compatible; Yahoo! Slurp; http://help.yahoo.com/help/us/ysearch/slurp)" 
61.97.250.166 - - [09/Nov/2015:17:10:35 -0800] "GET /honeypot/BSidesDFW%20-%202014.ipynb HTTP/1.1" 200 930836 "https://www.google.co.kr/" "Mozilla/5.0 (Windows NT 6.1) AppleWebKit/537.36 (KHTML, like Gecko) Chrome/46.0.2490.80 Safari/537.36" 
61.97.250.166 - - [09/Nov/2015:17:10:40 -0800] "GET /favicon.ico HTTP/1.1" 200 267 "http://www.secrepo.com/honeypot/BSidesDFW%20-%202014.ipynb" "Mozilla/5.0 (Windows NT 6.1) AppleWebKit/537.36 (KHTML, like Gecko) Chrome/46.0.2490.80 Safari/537.36" 
207.46.13.169 - - [09/Nov/2015:17:14:47 -0800] "GET /self.logs/error.log.2015-01-21.gz HTTP/1.1" 200 616 "-" "Mozilla/5.0 (compatible; bingbot/2.0; +http://www.bing.com/bingbot.htm)" 
38.122.223.131 - - [09/Nov/2015:17:24:13 -0800] "GET / HTTP/1.1" 200 8101 "-" "Mozilla/5.0 (Macintosh; Intel Mac OS X 10_10_5) AppleWebKit/537.36 (KHTML, like Gecko) Chrome/46.0.2490.80 Safari/537.36" 
38.122.223.131 - - [09/Nov/2015:17:24:14 -0800] "GET /twitter-icon.png HTTP/1.1" 200 27787 "http://www.secrepo.com/" "Mozilla/5.0 (Macintosh; Intel Mac OS X 10_10_5) AppleWebKit/537.36 (KHTML, like Gecko) Chrome/46.0.2490.80 Safari/537.36" 
38.122.223.131 - - [09/Nov/2015:17:24:14 -0800] "GET /GitHub-Mark.png HTTP/1.1" 200 7428 "http://www.secrepo.com/" "Mozilla/5.0 (Macintosh; Intel Mac OS X 10_10_5) AppleWebKit/537.36 (KHTML, like Gecko) Chrome/46.0.2490.80 Safari/537.36" 
38.122.223.131 - - [09/Nov/2015:17:24:14 -0800] "GET /bootstrap/img/favicon.ico HTTP/1.1" 200 589 "http://www.secrepo.com/" "Mozilla/5.0 (Macintosh; Intel Mac OS X 10_10_5) AppleWebKit/537.36 (KHTML, like Gecko) Chrome/46.0.2490.80 Safari/537.36" 
207.46.13.35 - - [09/Nov/2015:17:28:13 -0800] "GET /self.logs/error.log.2015-01-29.gz HTTP/1.1" 301 544 "-" "Mozilla/5.0 (compatible; bingbot/2.0; +http://www.bing.com/bingbot.htm)" 
111.204.219.198 - - [09/Nov/2015:17:56:30 -0800] "GET /favicon.ico HTTP/1.1" 200 212 "-" "Mozilla/4.0 (compatible; MSIE 7.0; Windows NT 5.1; Trident/4.0; .NET CLR 2.0.50727; 360space)" 
91.200.12.141 - - [09/Nov/2015:18:02:48 -0800] "GET /honeypot/BSidesDFW%20-%202014.ipynb HTTP/1.0" 200 478880 "http://www.secrepo.com/honeypot/BSidesDFW%20-%202014.ipynb" "Mozilla/5.0 (Windows NT 6.1; WOW64; rv:41.0) Gecko/20100101 Firefox/41.0" 
91.200.12.106 - - [09/Nov/2015:18:06:19 -0800] "GET /honeypot/BSidesDFW%20-%202014.ipynb HTTP/1.0" 200 608820 "http://www.secrepo.com/honeypot/BSidesDFW%20-%202014.ipynb" "Mozilla/5.0 (Windows NT 6.3; WOW64) AppleWebKit/537.36 (KHTML, like Gecko) Chrome/45.0.2454.99 Safari/537.36" 
91.200.12.143 - - [09/Nov/2015:18:09:58 -0800] "GET /honeypot/BSidesDFW%20-%202014.ipynb HTTP/1.0" 200 576700 "http://www.secrepo.com/honeypot/BSidesDFW%20-%202014.ipynb" "Mozilla/5.0 (Windows NT 6.1) AppleWebKit/537.36 (KHTML, like Gecko) Chrome/45.0.2454.99 Safari/537.36" 
91.200.12.141 - - [09/Nov/2015:18:17:10 -0800] "GET /honeypot/BSidesDFW%20-%202014.ipynb HTTP/1.0" 200 613200 "http://www.secrepo.com/honeypot/BSidesDFW%20-%202014.ipynb" "Mozilla/5.0 (Windows NT 6.3; WOW64) AppleWebKit/537.36 (KHTML, like Gecko) Chrome/45.0.2454.101 Safari/537.36" 
91.200.12.106 - - [09/Nov/2015:18:20:18 -0800] "GET /honeypot/BSidesDFW%20-%202014.ipynb HTTP/1.0" 200 496400 "http://www.secrepo.com/honeypot/BSidesDFW%20-%202014.ipynb" "Mozilla/5.0 (Windows NT 10.0; WOW64) AppleWebKit/537.36 (KHTML, like Gecko) Chrome/45.0.2454.99 Safari/537.36" 
91.200.12.136 - - [09/Nov/2015:18:22:23 -0800] "GET /honeypot/BSidesDFW%20-%202014.ipynb HTTP/1.0" 200 581080 "http://www.secrepo.com/honeypot/BSidesDFW%20-%202014.ipynb" "Mozilla/5.0 (Windows NT 6.1; WOW64; rv:40.0) Gecko/20100101 Firefox/40.0" 
91.200.12.143 - - [09/Nov/2015:18:24:07 -0800] "GET /honeypot/BSidesDFW%20-%202014.ipynb HTTP/1.0" 200 494940 "http://www.secrepo.com/honeypot/BSidesDFW%20-%202014.ipynb" "Mozilla/5.0 (Windows NT 6.1; rv:40.0) Gecko/20100101 Firefox/40.0" 
91.212.124.173 - - [09/Nov/2015:18:33:31 -0800] "GET /honeypot/BSidesDFW%20-%202014.ipynb HTTP/1.0" 200 613200 "http://www.secrepo.com/honeypot/BSidesDFW%20-%202014.ipynb" "Mozilla/5.0 (Windows NT 10.0; WOW64) AppleWebKit/537.36 (KHTML, like Gecko) Chrome/45.0.2454.99 Safari/537.36" 
91.200.12.136 - - [09/Nov/2015:18:36:27 -0800] "GET /honeypot/BSidesDFW%20-%202014.ipynb HTTP/1.0" 200 930799 "http://www.secrepo.com/honeypot/BSidesDFW%20-%202014.ipynb" "Mozilla/5.0 (Windows NT 5.1; rv:40.0) Gecko/20100101 Firefox/40.0" 
91.200.12.143 - - [09/Nov/2015:18:48:53 -0800] "GET /honeypot/BSidesDFW%20-%202014.ipynb HTTP/1.0" 200 677440 "http://www.secrepo.com/honeypot/BSidesDFW%20-%202014.ipynb" "Mozilla/5.0 (Windows NT 6.1; WOW64) AppleWebKit/537.36 (KHTML, like Gecko) Chrome/45.0.2454.93 Safari/537.36" 
91.212.124.173 - - [09/Nov/2015:18:53:33 -0800] "GET /honeypot/BSidesDFW%20-%202014.ipynb HTTP/1.0" 200 610280 "http://www.secrepo.com/honeypot/BSidesDFW%20-%202014.ipynb" "Mozilla/5.0 (Windows NT 10.0; WOW64; rv:41.0) Gecko/20100101 Firefox/41.0" 
91.200.12.136 - - [09/Nov/2015:18:57:07 -0800] "GET /honeypot/BSidesDFW%20-%202014.ipynb HTTP/1.0" 200 741680 "http://www.secrepo.com/honeypot/BSidesDFW%20-%202014.ipynb" "Mozilla/5.0 (Windows NT 6.1) AppleWebKit/537.36 (KHTML, like Gecko) Chrome/45.0.2454.99 Safari/537.36" 
91.200.12.136 - - [09/Nov/2015:18:59:21 -0800] "GET /honeypot/BSidesDFW%20-%202014.ipynb HTTP/1.0" 200 773800 "http://www.secrepo.com/honeypot/BSidesDFW%20-%202014.ipynb" "Mozilla/5.0 (Windows NT 5.1) AppleWebKit/537.36 (KHTML, like Gecko) Chrome/45.0.2454.101 Safari/537.36" 
91.200.12.143 - - [09/Nov/2015:19:02:57 -0800] "GET /honeypot/BSidesDFW%20-%202014.ipynb HTTP/1.0" 200 738760 "http://www.secrepo.com/honeypot/BSidesDFW%20-%202014.ipynb" "Mozilla/5.0 (Windows NT 6.1; WOW64) AppleWebKit/537.36 (KHTML, like Gecko) Chrome/45.0.2454.85 Safari/537.36 OPR/32.0.1948.25" 
91.200.12.136 - - [09/Nov/2015:19:10:41 -0800] "GET /honeypot/BSidesDFW%20-%202014.ipynb HTTP/1.0" 200 613200 "http://www.secrepo.com/honeypot/BSidesDFW%20-%202014.ipynb" "Mozilla/5.0 (Windows NT 6.1; WOW64) AppleWebKit/537.36 (KHTML, like Gecko) Chrome/43.0.2357.124 YaBrowser/15.7.2357.2877 Safari/537.36" 
107.150.42.186 - - [09/Nov/2015:19:13:56 -0800] "GET / HTTP/1.1" 301 483 "-" "Mozilla/5.0 (Windows NT 6.1; Trident/7.0; rv:11.0) like Gecko" 
107.150.42.186 - - [09/Nov/2015:19:13:57 -0800] "GET / HTTP/1.1" 200 8101 "-" "Mozilla/5.0 (Windows NT 6.1; Trident/7.0; rv:11.0) like Gecko" 
62.210.143.245 - - [09/Nov/2015:20:12:42 -0800] "GET /robots.txt HTTP/1.0" 200 252 "-" "Mozilla/5.0 (compatible; MJ12bot/v1.4.5; http://www.majestic12.co.uk/bot.php?+)" 
62.210.143.245 - - [09/Nov/2015:20:12:44 -0800] "GET /honeypot//%22http://amunhoney.sourceforge.net//%22 HTTP/1.0" 404 284 "-" "Mozilla/5.0 (compatible; MJ12bot/v1.4.5; http://www.majestic12.co.uk/bot.php?+)" 
62.210.143.245 - - [09/Nov/2015:20:12:45 -0800] "GET /honeypot//%22http://glastopf.org//%22 HTTP/1.0" 404 303 "-" "Mozilla/5.0 (compatible; MJ12bot/v1.4.5; http://www.majestic12.co.uk/bot.php?+)" 
62.210.143.245 - - [09/Nov/2015:20:12:47 -0800] "GET /honeypot//%22http://www.maxmind.com/%22 HTTP/1.0" 404 303 "-" "Mozilla/5.0 (compatible; MJ12bot/v1.4.5; http://www.majestic12.co.uk/bot.php?+)" 
62.210.143.245 - - [09/Nov/2015:20:12:49 -0800] "GET /honeypot//%22https://twitter.com/sooshie/%22 HTTP/1.0" 404 303 "-" "Mozilla/5.0 (compatible; MJ12bot/v1.4.5; http://www.majestic12.co.uk/bot.php?+)" 
62.210.143.245 - - [09/Nov/2015:20:12:50 -0800] "GET /honeypot//%22https://twitter.com/theroxyd/%22 HTTP/1.0" 404 303 "-" "Mozilla/5.0 (compatible; MJ12bot/v1.4.5; http://www.majestic12.co.uk/bot.php?+)" 
75.80.163.213 - - [09/Nov/2015:20:23:41 -0800] "GET / HTTP/1.1" 200 8101 "http://www2.mlsecproject.org/" "Mozilla/5.0 (Windows NT 10.0; WOW64) AppleWebKit/537.36 (KHTML, like Gecko) Chrome/46.0.2490.80 Safari/537.36" 
75.80.163.213 - - [09/Nov/2015:20:23:42 -0800] "GET /twitter-icon.png HTTP/1.1" 200 27788 "http://www.secrepo.com/" "Mozilla/5.0 (Windows NT 10.0; WOW64) AppleWebKit/537.36 (KHTML, like Gecko) Chrome/46.0.2490.80 Safari/537.36" 
75.80.163.213 - - [09/Nov/2015:20:23:43 -0800] "GET /GitHub-Mark.png HTTP/1.1" 200 7428 "http://www.secrepo.com/" "Mozilla/5.0 (Windows NT 10.0; WOW64) AppleWebKit/537.36 (KHTML, like Gecko) Chrome/46.0.2490.80 Safari/537.36" 
75.80.163.213 - - [09/Nov/2015:20:23:44 -0800] "GET /bootstrap/img/favicon.ico HTTP/1.1" 200 590 "http://www.secrepo.com/" "Mozilla/5.0 (Windows NT 10.0; WOW64) AppleWebKit/537.36 (KHTML, like Gecko) Chrome/46.0.2490.80 Safari/537.36" 
68.180.230.27 - - [09/Nov/2015:20:33:41 -0800] "GET /maccdc2012/tunnel.log.gz HTTP/1.1" 200 5173 "-" "Mozilla/5.0 (compatible; Yahoo! Slurp; http://help.yahoo.com/help/us/ysearch/slurp)" 
76.184.12.105 - - [09/Nov/2015:20:37:16 -0800] "GET /self.logs/ HTTP/1.1" 200 6368 "https://www.google.com/" "Mozilla/5.0 (Linux; Android 5.1.1; Nexus 5 Build/LMY48Y) AppleWebKit/537.36 (KHTML, like Gecko) Chrome/46.0.2490.76 Mobile Safari/537.36" 
76.184.12.105 - - [09/Nov/2015:20:37:20 -0800] "GET /favicon.ico HTTP/1.1" 200 267 "http://www.secrepo.com/self.logs/" "Mozilla/5.0 (Linux; Android 5.1.1; Nexus 5 Build/LMY48Y) AppleWebKit/537.36 (KHTML, like Gecko) Chrome/46.0.2490.76 Mobile Safari/537.36" 
76.184.12.105 - - [09/Nov/2015:20:37:28 -0800] "GET /self.logs/access.log.2015-03-23.gz HTTP/1.1" 200 4133 "http://www.secrepo.com/self.logs/" "Mozilla/5.0 (Linux; Android 5.1.1; Nexus 5 Build/LMY48Y) AppleWebKit/537.36 (KHTML, like Gecko) Chrome/46.0.2490.76 Mobile Safari/537.36" 
76.184.12.105 - - [09/Nov/2015:20:37:28 -0800] "GET /self.logs/access.log.2015-03-23.gz HTTP/1.1" 200 4070 "http://www.secrepo.com/self.logs/" "Mozilla/5.0 (Linux; Android 5.1.1; Nexus 5 Build/LMY48Y) AppleWebKit/537.36 (KHTML, like Gecko) Chrome/46.0.2490.76 Mobile Safari/537.36" 
66.102.7.171 - - [09/Nov/2015:20:42:59 -0800] "GET / HTTP/1.1" 200 8101 "-" "Google favicon" 
66.102.7.164 - - [09/Nov/2015:20:42:59 -0800] "GET /bootstrap/img/favicon.ico HTTP/1.1" 200 590 "-" "Google favicon" 
78.172.170.195 - - [09/Nov/2015:22:08:24 -0800] "GET / HTTP/1.1" 200 8101 "-" "Mozilla/5.0 (Windows NT 6.3; WOW64) AppleWebKit/537.36 (KHTML, like Gecko) Chrome/46.0.2490.80 Safari/537.36" 
78.172.170.195 - - [09/Nov/2015:22:08:24 -0800] "GET / HTTP/1.1" 304 188 "-" "Mozilla/5.0 (Windows NT 6.3; WOW64) AppleWebKit/537.36 (KHTML, like Gecko) Chrome/46.0.2490.80 Safari/537.36" 
78.172.170.195 - - [09/Nov/2015:22:08:24 -0800] "GET /GitHub-Mark.png HTTP/1.1" 200 7428 "http://www.secrepo.com/" "Mozilla/5.0 (Windows NT 6.3; WOW64) AppleWebKit/537.36 (KHTML, like Gecko) Chrome/46.0.2490.80 Safari/537.36" 
78.172.170.195 - - [09/Nov/2015:22:08:25 -0800] "GET /twitter-icon.png HTTP/1.1" 200 27787 "http://www.secrepo.com/" "Mozilla/5.0 (Windows NT 6.3; WOW64) AppleWebKit/537.36 (KHTML, like Gecko) Chrome/46.0.2490.80 Safari/537.36" 
78.172.170.195 - - [09/Nov/2015:22:08:25 -0800] "GET /bootstrap/img/favicon.ico HTTP/1.1" 200 589 "http://www.secrepo.com/" "Mozilla/5.0 (Windows NT 6.3; WOW64) AppleWebKit/537.36 (KHTML, like Gecko) Chrome/46.0.2490.80 Safari/537.36" 
78.172.170.195 - - [09/Nov/2015:22:09:17 -0800] "GET /self.logs/ HTTP/1.1" 200 6368 "http://www.secrepo.com/" "Mozilla/5.0 (Windows NT 6.3; WOW64) AppleWebKit/537.36 (KHTML, like Gecko) Chrome/46.0.2490.80 Safari/537.36" 
78.172.170.195 - - [09/Nov/2015:22:09:18 -0800] "GET /favicon.ico HTTP/1.1" 200 267 "http://www.secrepo.com/self.logs/" "Mozilla/5.0 (Windows NT 6.3; WOW64) AppleWebKit/537.36 (KHTML, like Gecko) Chrome/46.0.2490.80 Safari/537.36" 
77.75.78.160 - - [09/Nov/2015:22:37:32 -0800] "GET /robots.txt HTTP/1.1" 200 334 "-" "Mozilla/5.0 (compatible; SeznamBot/3.2; +http://fulltext.sblog.cz/)" 
77.75.78.160 - - [09/Nov/2015:22:37:34 -0800] "GET /self.logs/?C=M;O=D HTTP/1.1" 200 6597 "-" "Mozilla/5.0 (compatible; SeznamBot/3.2; +http://fulltext.sblog.cz/)" 
77.75.78.160 - - [09/Nov/2015:22:37:35 -0800] "GET /self.logs/?C=S;O=D HTTP/1.1" 200 6936 "-" "Mozilla/5.0 (compatible; SeznamBot/3.2; +http://fulltext.sblog.cz/)" 
77.75.78.160 - - [09/Nov/2015:22:37:36 -0800] "GET /self.logs/?C=S;O=A HTTP/1.1" 200 6959 "-" "Mozilla/5.0 (compatible; SeznamBot/3.2; +http://fulltext.sblog.cz/)" 
77.75.78.160 - - [09/Nov/2015:22:37:45 -0800] "GET /self.logs/?C=M;O=A HTTP/1.1" 200 6560 "-" "Mozilla/5.0 (compatible; SeznamBot/3.2; +http://fulltext.sblog.cz/)" 
77.75.78.160 - - [09/Nov/2015:22:37:45 -0800] "GET /self.logs/ HTTP/1.1" 200 6367 "-" "Mozilla/5.0 (compatible; SeznamBot/3.2; +http://fulltext.sblog.cz/)" 
77.75.78.160 - - [09/Nov/2015:22:37:52 -0800] "GET / HTTP/1.1" 200 8101 "-" "Mozilla/5.0 (compatible; SeznamBot/3.2; +http://fulltext.sblog.cz/)" 
77.75.78.160 - - [09/Nov/2015:22:38:56 -0800] "GET /honeypot/Honeypot%20-%20Howto.pdf HTTP/1.1" 304 168 "-" "Mozilla/5.0 (compatible; SeznamBot/3.2; +http://fulltext.sblog.cz/)" 
91.200.12.138 - - [09/Nov/2015:23:04:26 -0800] "GET /honeypot/BSidesDFW%20-%202014.ipynb HTTP/1.1" 200 503700 "-" "Mozilla/5.0 (Windows NT 6.1; Trident/7.0; rv:11.0) like Gecko" 
91.200.12.138 - - [09/Nov/2015:23:04:27 -0800] "POST /honeypot/BSidesDFW%20-%202014.ipynb/trackback/ HTTP/1.1" 404 303 "http://www.secrepo.com/honeypot/BSidesDFW - 2014.ipynb" "Mozilla/5.0 (Windows NT 6.1; Trident/7.0; rv:11.0) like Gecko" 
207.46.13.35 - - [09/Nov/2015:23:32:31 -0800] "GET /self.logs/access.log.2015-06-03.gz HTTP/1.1" 200 3400 "-" "Mozilla/5.0 (compatible; bingbot/2.0; +http://www.bing.com/bingbot.htm)" 
194.244.43.243 - - [09/Nov/2015:23:40:15 -0800] "GET / HTTP/1.1" 200 8101 "-" "Mozilla/5.0 (Macintosh; Intel Mac OS X 10_11_1) AppleWebKit/601.2.7 (KHTML, like Gecko) Version/9.0.1 Safari/601.2.7" 
141.8.143.159 - - [09/Nov/2015:23:43:12 -0800] "GET /robots.txt HTTP/1.1" 200 289 "-" "Mozilla/5.0 (compatible; YandexBot/3.0; +http://yandex.com/bots)" 
68.180.230.27 - - [09/Nov/2015:23:50:24 -0800] "GET /robots.txt HTTP/1.1" 200 233 "-" "Mozilla/5.0 (compatible; Yahoo! Slurp; http://help.yahoo.com/help/us/ysearch/slurp)" 
68.180.230.27 - - [09/Nov/2015:23:50:24 -0800] "GET /honeypot/Honeypot+-+Howto.pdf HTTP/1.1" 404 284 "-" "Mozilla/5.0 (compatible; Yahoo! Slurp; http://help.yahoo.com/help/us/ysearch/slurp)" 
176.195.82.164 - - [10/Nov/2015:00:26:26 -0800] "GET /honeypot/BSidesDFW%20-%202014.ipynb HTTP/1.0" 200 930799 "http://yandex.ru/clck/jsredir?from=yandex.ru%3Bsearch%3Bweb%3B%3B&text=&etext=868.oTTLlwfDOzeBEz-LgPbj9H24-rvorrpRkMTm9-wQKZdMXs7-f-roJfXmLo9OYRpL.2b0de760869f0ca52f1bc224b91a7537a9281051&uuid=&state=AiuY0DBWFJ4ePaEse6rgeAjgs2pI3DW9J0KiE5XNXd0dp0ZMwFHoviUoYa6nzP7MFsomsouu4qeBHavlV3AR_Uw-e6qjeXFCai_1qK8kPvS0071MVCN8Y9PBhZ3DRCzmlNhnWIAnotWTVKdJz4KPj__-JrfV9S9HEYptDucpgZVj-nkyfnC3W7VnjHtPZq9w06FAnWSTZWT_IM7X_2_K6g&data=UlNrNmk5WktYejR0eWJFYk1LdmtxdFVvX2JPZzkyaEU2WFNsdVNGUmVZbHU3ZjQwYnJsWFQzaTk3eklSTnotZ1h4SW1DUmpSY1JVWlAxT212aTdGbmljek9uMzIxTElNRnUyZGR2aTVBa0tDcjFmakNjOHJSaUNSZkloQmdCaTZfQTFjSzl2YW56eWN5RTZubEVYRzBFU2pZaGZTd3BjbQ&b64e=2&sign=f10ffae8820d7840b114a0c526862e5f&keyno=0&l10n=ru&cts=1447138139935&mc=4.91530656381" "Mozilla/4.0 (compatible; MSIE 8.0; Windows NT 5.1; Trident/4.0; .NET CLR 2.0.50727; .NET CLR 3.0.4506.2152; .NET CLR 3.5.30729)" 
141.8.143.159 - - [10/Nov/2015:00:28:53 -0800] "GET /self.logs/?C=N;O=A HTTP/1.1" 200 6368 "-" "Mozilla/5.0 (compatible; YandexBot/3.0; +http://yandex.com/bots)" 
220.181.108.162 - - [10/Nov/2015:00:37:27 -0800] "GET / HTTP/1.1" 200 8064 "-" "Mozilla/5.0 (compatible; Baiduspider/2.0; +http://www.baidu.com/search/spider.html)" 
217.160.108.46 - - [10/Nov/2015:00:38:54 -0800] "GET / HTTP/1.1" 301 442 "" "Mozilla/5.0 (Windows NT 6.1; WOW64; rv:5.0) Gecko/20100101 Firefox/5.0" 
217.160.108.46 - - [10/Nov/2015:00:38:55 -0800] "GET / HTTP/1.1" 200 26575 "" "Mozilla/5.0 (Windows NT 6.1; WOW64; rv:5.0) Gecko/20100101 Firefox/5.0" 
217.160.108.46 - - [10/Nov/2015:00:38:55 -0800] "GET /robots.txt HTTP/1.0" 301 481 "-" "-" 
217.160.108.46 - - [10/Nov/2015:00:38:56 -0800] "GET /robots.txt HTTP/1.0" 200 252 "-" "-" 
208.115.113.86 - - [10/Nov/2015:01:06:27 -0800] "GET /robots.txt HTTP/1.1" 200 233 "-" "Mozilla/5.0 (compatible; DotBot/1.1; http://www.opensiteexplorer.org/dotbot, help@moz.com)" 
157.55.39.84 - - [10/Nov/2015:01:21:18 -0800] "GET /self.logs/access.log.2015-05-17.gz HTTP/1.1" 301 546 "-" "Mozilla/5.0 (compatible; bingbot/2.0; +http://www.bing.com/bingbot.htm)" 
212.98.207.134 - - [10/Nov/2015:01:23:19 -0800] "GET /bootstrap/img/favicon.ico HTTP/1.1" 200 590 "-" "Mozilla/5.0 (Windows NT 10.0; WOW64; rv:42.0) Gecko/20100101 Firefox/42.0" 
212.26.16.63 - - [10/Nov/2015:01:50:50 -0800] "GET / HTTP/1.1" 200 8101 "https://www.google.com.sa/" "Mozilla/5.0 (Windows NT 10.0) AppleWebKit/537.36 (KHTML, like Gecko) Chrome/46.0.2490.80 Safari/537.36" 
