123.125.71.76 - - [06/Oct/2015:02:07:09 -0700] "GET /Security-Data-Analysis/Lab_1/conn.log.zip HTTP/1.1" 200 10632755 "-" "Mozilla/5.0 (compatible; Baiduspider/2.0; +http://www.baidu.com/search/spider.html)" 
123.125.71.86 - - [06/Oct/2015:02:07:15 -0700] "GET /Security-Data-Analysis/Lab_1/conn.log.zip HTTP/1.1" 200 13328340 "-" "Mozilla/5.0 (compatible; Baiduspider/2.0; +http://www.baidu.com/search/spider.html)" 
121.244.95.1 - - [06/Oct/2015:02:10:54 -0700] "GET / HTTP/1.1" 200 7659 "https://www.reddit.com/r/mlsec/" "Mozilla/5.0 (Windows NT 6.3; WOW64) AppleWebKit/537.36 (KHTML, like Gecko) Chrome/45.0.2454.101 Safari/537.36" 
121.244.95.1 - - [06/Oct/2015:02:10:55 -0700] "GET /twitter-icon.png HTTP/1.1" 200 27787 "http://www.secrepo.com/" "Mozilla/5.0 (Windows NT 6.3; WOW64) AppleWebKit/537.36 (KHTML, like Gecko) Chrome/45.0.2454.101 Safari/537.36" 
121.244.95.1 - - [06/Oct/2015:02:10:57 -0700] "GET /GitHub-Mark.png HTTP/1.1" 200 7427 "http://www.secrepo.com/" "Mozilla/5.0 (Windows NT 6.3; WOW64) AppleWebKit/537.36 (KHTML, like Gecko) Chrome/45.0.2454.101 Safari/537.36" 
121.244.95.1 - - [06/Oct/2015:02:10:59 -0700] "GET /bootstrap/img/favicon.ico HTTP/1.1" 200 590 "http://www.secrepo.com/" "Mozilla/5.0 (Windows NT 6.3; WOW64) AppleWebKit/537.36 (KHTML, like Gecko) Chrome/45.0.2454.101 Safari/537.36" 
128.40.65.71 - - [06/Oct/2015:02:12:52 -0700] "GET / HTTP/1.1" 200 7659 "http://www2.mlsecproject.org/" "Mozilla/5.0 (Windows NT 6.1; WOW64) AppleWebKit/537.36 (KHTML, like Gecko) Chrome/45.0.2454.101 Safari/537.36" 
128.40.65.71 - - [06/Oct/2015:02:12:52 -0700] "GET /twitter-icon.png HTTP/1.1" 200 27787 "http://www.secrepo.com/" "Mozilla/5.0 (Windows NT 6.1; WOW64) AppleWebKit/537.36 (KHTML, like Gecko) Chrome/45.0.2454.101 Safari/537.36" 
128.40.65.71 - - [06/Oct/2015:02:12:52 -0700] "GET /GitHub-Mark.png HTTP/1.1" 200 7428 "http://www.secrepo.com/" "Mozilla/5.0 (Windows NT 6.1; WOW64) AppleWebKit/537.36 (KHTML, like Gecko) Chrome/45.0.2454.101 Safari/537.36" 
128.40.65.71 - - [06/Oct/2015:02:12:52 -0700] "GET /bootstrap/img/favicon.ico HTTP/1.1" 200 589 "http://www.secrepo.com/" "Mozilla/5.0 (Windows NT 6.1; WOW64) AppleWebKit/537.36 (KHTML, like Gecko) Chrome/45.0.2454.101 Safari/537.36" 
123.125.71.77 - - [06/Oct/2015:02:40:29 -0700] "GET /maccdc2012/maccdc2012_full_alert.7z HTTP/1.1" 200 11807953 "-" "Mozilla/5.0 (compatible; Baiduspider/2.0; +http://www.baidu.com/search/spider.html)" 
68.180.229.162 - - [06/Oct/2015:02:44:13 -0700] "GET /self.logs/error.log.2015-05-31.gz HTTP/1.1" 200 772 "-" "Mozilla/5.0 (compatible; Yahoo! Slurp; http://help.yahoo.com/help/us/ysearch/slurp)" 
130.192.9.54 - - [06/Oct/2015:03:01:23 -0700] "GET /robots.txt HTTP/1.0" 200 252 "-" "Python-urllib/1.17" 
130.192.9.54 - - [06/Oct/2015:03:01:23 -0700] "GET / HTTP/1.1" 200 25367 "-" "Research-purpose-Polito" 
220.181.108.117 - - [06/Oct/2015:03:13:49 -0700] "GET /tg/tg_snort_full.7z HTTP/1.1" 200 8847783 "-" "Mozilla/5.0 (compatible; Baiduspider/2.0; +http://www.baidu.com/search/spider.html)" 
117.211.61.69 - - [06/Oct/2015:03:41:38 -0700] "GET / HTTP/1.1" 200 7659 "https://www.google.co.in/" "Mozilla/5.0 (Windows NT 5.1) AppleWebKit/537.36 (KHTML, like Gecko) Chrome/45.0.2454.101 Safari/537.36" 
117.211.61.69 - - [06/Oct/2015:03:41:39 -0700] "GET /GitHub-Mark.png HTTP/1.1" 200 7428 "http://www.secrepo.com/" "Mozilla/5.0 (Windows NT 5.1) AppleWebKit/537.36 (KHTML, like Gecko) Chrome/45.0.2454.101 Safari/537.36" 
117.211.61.69 - - [06/Oct/2015:03:41:39 -0700] "GET /twitter-icon.png HTTP/1.1" 200 27787 "http://www.secrepo.com/" "Mozilla/5.0 (Windows NT 5.1) AppleWebKit/537.36 (KHTML, like Gecko) Chrome/45.0.2454.101 Safari/537.36" 
117.211.61.69 - - [06/Oct/2015:03:41:46 -0700] "GET /bootstrap/img/favicon.ico HTTP/1.1" 200 590 "http://www.secrepo.com/" "Mozilla/5.0 (Windows NT 5.1) AppleWebKit/537.36 (KHTML, like Gecko) Chrome/45.0.2454.101 Safari/537.36" 
91.90.191.135 - - [06/Oct/2015:03:42:54 -0700] "GET /honeypot/BSidesDFW HTTP/1.0" 404 295 "-" "Mozilla/5.0 (Windows NT 6.1) AppleWebKit/537.36 (KHTML, like Gecko) Chrome/41.0.2228.0 Safari/537.36" 
91.90.191.135 - - [06/Oct/2015:03:42:54 -0700] "GET /honeypot/BSidesDFW HTTP/1.0" 404 295 "-" "Mozilla/5.0 (Windows NT 6.1) AppleWebKit/537.36 (KHTML, like Gecko) Chrome/41.0.2228.0 Safari/537.36" 
216.163.188.222 - - [06/Oct/2015:03:42:56 -0700] "GET / HTTP/1.1" 301 498 "-" "Mozilla/5.0 (Windows NT 6.1; WOW64; rv:27.0) Gecko/20100101 Firefox/27.0" 
216.163.188.232 - - [06/Oct/2015:03:42:56 -0700] "GET / HTTP/1.1" 200 25378 "-" "Mozilla/5.0 (Windows NT 6.1; WOW64; rv:27.0) Gecko/20100101 Firefox/27.0" 
220.181.108.113 - - [06/Oct/2015:04:10:41 -0700] "GET / HTTP/1.1" 301 446 "-" "Mozilla/5.0 (compatible; Baiduspider/2.0; +http://www.baidu.com/search/spider.html)" 
220.181.108.88 - - [06/Oct/2015:04:10:42 -0700] "GET / HTTP/1.1" 304 152 "-" "Mozilla/5.0 (compatible; Baiduspider/2.0; +http://www.baidu.com/search/spider.html)" 
68.180.229.162 - - [06/Oct/2015:04:37:35 -0700] "GET /self.logs/error.log.2015-08-09.gz HTTP/1.1" 200 782 "-" "Mozilla/5.0 (compatible; Yahoo! Slurp; http://help.yahoo.com/help/us/ysearch/slurp)" 
66.249.64.155 - - [06/Oct/2015:04:43:15 -0700] "GET /honeypot/BSidesDFW%20-%202014.ipynb HTTP/1.1" 304 167 "-" "Mozilla/5.0 (compatible; Googlebot/2.1; +http://www.google.com/bot.html)" 
207.46.13.78 - - [06/Oct/2015:04:51:15 -0700] "GET /robots.txt HTTP/1.1" 301 518 "-" "Mozilla/5.0 (compatible; bingbot/2.0; +http://www.bing.com/bingbot.htm)" 
207.46.13.78 - - [06/Oct/2015:04:51:16 -0700] "GET /robots.txt HTTP/1.1" 200 288 "-" "Mozilla/5.0 (compatible; bingbot/2.0; +http://www.bing.com/bingbot.htm)" 
207.46.13.78 - - [06/Oct/2015:04:51:22 -0700] "GET / HTTP/1.1" 301 483 "-" "Mozilla/5.0 (compatible; bingbot/2.0; +http://www.bing.com/bingbot.htm)" 
117.211.61.69 - - [06/Oct/2015:03:42:12 -0700] "GET /maccdc2012/conn.log.gz HTTP/1.1" 200 551041635 "http://www.secrepo.com/" "Mozilla/5.0 (Windows NT 5.1) AppleWebKit/537.36 (KHTML, like Gecko) Chrome/45.0.2454.101 Safari/537.36" 
66.249.64.150 - - [06/Oct/2015:05:09:17 -0700] "GET /honeypot/Honeypot%20-%20Howto.pdf HTTP/1.1" 304 168 "-" "Mozilla/5.0 (compatible; Googlebot/2.1; +http://www.google.com/bot.html)" 
207.46.13.170 - - [06/Oct/2015:05:16:14 -0700] "GET / HTTP/1.1" 200 7659 "-" "Mozilla/5.0 (compatible; bingbot/2.0; +http://www.bing.com/bingbot.htm)" 
114.244.32.221 - - [06/Oct/2015:05:17:14 -0700] "GET / HTTP/1.1" 200 7659 "-" "Mozilla/5.0 (Windows NT 6.1; WOW64) AppleWebKit/537.36 (KHTML, like Gecko) Chrome/45.0.2454.101 Safari/537.36" 
114.244.32.221 - - [06/Oct/2015:05:17:17 -0700] "GET /GitHub-Mark.png HTTP/1.1" 200 7428 "http://www.secrepo.com/" "Mozilla/5.0 (Windows NT 6.1; WOW64) AppleWebKit/537.36 (KHTML, like Gecko) Chrome/45.0.2454.101 Safari/537.36" 
114.244.32.221 - - [06/Oct/2015:05:17:39 -0700] "GET /bootstrap/img/favicon.ico HTTP/1.1" 200 590 "http://www.secrepo.com/" "Mozilla/5.0 (Windows NT 6.1; WOW64) AppleWebKit/537.36 (KHTML, like Gecko) Chrome/45.0.2454.101 Safari/537.36" 
179.34.229.121 - - [06/Oct/2015:06:06:32 -0700] "GET / HTTP/1.1" 301 483 "http://rankings-analytics.com/try.php?u=http://secrepo.com" "Mozilla/5.0 (Windows NT 6.1; WOW64) AppleWebKit/537.36 (KHTML, like Gecko) Chrome/36.0.1985.143 Safari/537.36" 
179.34.229.121 - - [06/Oct/2015:06:06:33 -0700] "GET / HTTP/1.1" 200 7659 "http://rankings-analytics.com/try.php?u=http://secrepo.com" "Mozilla/5.0 (Windows NT 6.1; WOW64) AppleWebKit/537.36 (KHTML, like Gecko) Chrome/36.0.1985.143 Safari/537.36" 
179.34.229.121 - - [06/Oct/2015:06:06:33 -0700] "GET /twitter-icon.png HTTP/1.1" 200 27787 "http://www.secrepo.com/" "Mozilla/5.0 (Windows NT 6.1; WOW64) AppleWebKit/537.36 (KHTML, like Gecko) Chrome/36.0.1985.143 Safari/537.36" 
179.34.229.121 - - [06/Oct/2015:06:06:33 -0700] "GET /GitHub-Mark.png HTTP/1.1" 200 7428 "http://www.secrepo.com/" "Mozilla/5.0 (Windows NT 6.1; WOW64) AppleWebKit/537.36 (KHTML, like Gecko) Chrome/36.0.1985.143 Safari/537.36" 
108.214.188.61 - - [06/Oct/2015:06:48:07 -0700] "GET /honeypot/BSidesDFW%20-%202014.ipynb HTTP/1.1" 200 930836 "-" "Mozilla/5.0 (Macintosh; Intel Mac OS X 10_10_5) AppleWebKit/537.36 (KHTML, like Gecko) Chrome/45.0.2454.85 Safari/537.36" 
108.214.188.61 - - [06/Oct/2015:06:48:08 -0700] "GET /favicon.ico HTTP/1.1" 200 267 "http://www.secrepo.com/honeypot/BSidesDFW%20-%202014.ipynb" "Mozilla/5.0 (Macintosh; Intel Mac OS X 10_10_5) AppleWebKit/537.36 (KHTML, like Gecko) Chrome/45.0.2454.85 Safari/537.36" 
108.214.188.61 - - [06/Oct/2015:06:48:27 -0700] "GET / HTTP/1.1" 200 7659 "-" "Mozilla/5.0 (Macintosh; Intel Mac OS X 10_10_5) AppleWebKit/537.36 (KHTML, like Gecko) Chrome/45.0.2454.85 Safari/537.36" 
108.214.188.61 - - [06/Oct/2015:06:48:28 -0700] "GET /twitter-icon.png HTTP/1.1" 200 27787 "http://www.secrepo.com/" "Mozilla/5.0 (Macintosh; Intel Mac OS X 10_10_5) AppleWebKit/537.36 (KHTML, like Gecko) Chrome/45.0.2454.85 Safari/537.36" 
108.214.188.61 - - [06/Oct/2015:06:48:28 -0700] "GET /GitHub-Mark.png HTTP/1.1" 200 7428 "http://www.secrepo.com/" "Mozilla/5.0 (Macintosh; Intel Mac OS X 10_10_5) AppleWebKit/537.36 (KHTML, like Gecko) Chrome/45.0.2454.85 Safari/537.36" 
108.214.188.61 - - [06/Oct/2015:06:48:28 -0700] "GET /bootstrap/img/favicon.ico HTTP/1.1" 200 589 "http://www.secrepo.com/" "Mozilla/5.0 (Macintosh; Intel Mac OS X 10_10_5) AppleWebKit/537.36 (KHTML, like Gecko) Chrome/45.0.2454.85 Safari/537.36" 
130.89.180.59 - - [06/Oct/2015:07:29:21 -0700] "GET / HTTP/1.1" 200 7659 "-" "Mozilla/5.0 (Macintosh; Intel Mac OS X 10_10_5) AppleWebKit/537.36 (KHTML, like Gecko) Chrome/45.0.2454.101 Safari/537.36" 
130.89.180.59 - - [06/Oct/2015:07:29:21 -0700] "GET /twitter-icon.png HTTP/1.1" 200 27787 "http://www.secrepo.com/" "Mozilla/5.0 (Macintosh; Intel Mac OS X 10_10_5) AppleWebKit/537.36 (KHTML, like Gecko) Chrome/45.0.2454.101 Safari/537.36" 
130.89.180.59 - - [06/Oct/2015:07:29:21 -0700] "GET /GitHub-Mark.png HTTP/1.1" 200 7428 "http://www.secrepo.com/" "Mozilla/5.0 (Macintosh; Intel Mac OS X 10_10_5) AppleWebKit/537.36 (KHTML, like Gecko) Chrome/45.0.2454.101 Safari/537.36" 
130.89.180.59 - - [06/Oct/2015:07:29:31 -0700] "GET /honeypot/BSidesDFW%20-%202014.ipynb HTTP/1.1" 200 930836 "http://www.secrepo.com/" "Mozilla/5.0 (Macintosh; Intel Mac OS X 10_10_5) AppleWebKit/537.36 (KHTML, like Gecko) Chrome/45.0.2454.101 Safari/537.36" 
130.89.180.59 - - [06/Oct/2015:07:29:32 -0700] "GET /favicon.ico HTTP/1.1" 200 267 "http://www.secrepo.com/honeypot/BSidesDFW%20-%202014.ipynb" "Mozilla/5.0 (Macintosh; Intel Mac OS X 10_10_5) AppleWebKit/537.36 (KHTML, like Gecko) Chrome/45.0.2454.101 Safari/537.36" 
104.130.0.60 - - [06/Oct/2015:07:29:35 -0700] "GET /robots.txt HTTP/1.1" 301 446 "-" "Tornado-Async-Client" 
104.130.0.60 - - [06/Oct/2015:07:29:35 -0700] "GET /robots.txt HTTP/1.1" 200 304 "-" "Tornado-Async-Client" 
104.130.0.60 - - [06/Oct/2015:07:29:35 -0700] "GET /honeypot/BSidesDFW%20-%202014.ipynb HTTP/1.1" 301 484 "-" "Tornado-Async-Client" 
104.130.0.60 - - [06/Oct/2015:07:29:35 -0700] "GET /honeypot/BSidesDFW%20-%202014.ipynb HTTP/1.1" 200 930780 "-" "Tornado-Async-Client" 
66.249.64.150 - - [06/Oct/2015:07:30:55 -0700] "GET / HTTP/1.1" 200 7659 "-" "Mozilla/5.0 (compatible; Googlebot/2.1; +http://www.google.com/bot.html)" 
199.59.148.211 - - [06/Oct/2015:07:35:11 -0700] "GET /robots.txt HTTP/1.1" 200 304 "-" "Twitterbot/1.0" 
199.59.148.211 - - [06/Oct/2015:07:35:11 -0700] "GET / HTTP/1.1" 200 7603 "-" "Twitterbot/1.0" 
130.240.80.121 - - [06/Oct/2015:07:41:54 -0700] "GET / HTTP/1.1" 200 7659 "http://www2.mlsecproject.org/" "Mozilla/5.0 (X11; CrOS armv7l 7262.57.0) AppleWebKit/537.36 (KHTML, like Gecko) Chrome/45.0.2454.98 Safari/537.36" 
130.240.80.121 - - [06/Oct/2015:07:41:56 -0700] "GET /twitter-icon.png HTTP/1.1" 200 27787 "http://www.secrepo.com/" "Mozilla/5.0 (X11; CrOS armv7l 7262.57.0) AppleWebKit/537.36 (KHTML, like Gecko) Chrome/45.0.2454.98 Safari/537.36" 
130.240.80.121 - - [06/Oct/2015:07:41:56 -0700] "GET /GitHub-Mark.png HTTP/1.1" 200 7428 "http://www.secrepo.com/" "Mozilla/5.0 (X11; CrOS armv7l 7262.57.0) AppleWebKit/537.36 (KHTML, like Gecko) Chrome/45.0.2454.98 Safari/537.36" 
130.240.80.121 - - [06/Oct/2015:07:41:57 -0700] "GET /bootstrap/img/favicon.ico HTTP/1.1" 200 589 "http://www.secrepo.com/" "Mozilla/5.0 (X11; CrOS armv7l 7262.57.0) AppleWebKit/537.36 (KHTML, like Gecko) Chrome/45.0.2454.98 Safari/537.36" 
82.144.227.194 - - [06/Oct/2015:07:54:11 -0700] "GET / HTTP/1.1" 200 7659 "http://www2.mlsecproject.org/" "Mozilla/5.0 (Macintosh; Intel Mac OS X 10_11_0) AppleWebKit/537.36 (KHTML, like Gecko) Chrome/45.0.2454.101 Safari/537.36" 
82.144.227.194 - - [06/Oct/2015:07:54:11 -0700] "GET /twitter-icon.png HTTP/1.1" 200 27787 "http://www.secrepo.com/" "Mozilla/5.0 (Macintosh; Intel Mac OS X 10_11_0) AppleWebKit/537.36 (KHTML, like Gecko) Chrome/45.0.2454.101 Safari/537.36" 
82.144.227.194 - - [06/Oct/2015:07:54:11 -0700] "GET /GitHub-Mark.png HTTP/1.1" 200 7428 "http://www.secrepo.com/" "Mozilla/5.0 (Macintosh; Intel Mac OS X 10_11_0) AppleWebKit/537.36 (KHTML, like Gecko) Chrome/45.0.2454.101 Safari/537.36" 
82.144.227.194 - - [06/Oct/2015:07:54:11 -0700] "GET /bootstrap/img/favicon.ico HTTP/1.1" 200 589 "http://www.secrepo.com/" "Mozilla/5.0 (Macintosh; Intel Mac OS X 10_11_0) AppleWebKit/537.36 (KHTML, like Gecko) Chrome/45.0.2454.101 Safari/537.36" 
50.20.87.130 - - [06/Oct/2015:07:55:57 -0700] "GET / HTTP/1.1" 200 7659 "https://www.google.com/" "Mozilla/5.0 (Macintosh; Intel Mac OS X 10_10_5) AppleWebKit/537.36 (KHTML, like Gecko) Chrome/45.0.2454.101 Safari/537.36" 
50.20.87.130 - - [06/Oct/2015:07:55:57 -0700] "GET /twitter-icon.png HTTP/1.1" 200 27787 "http://www.secrepo.com/" "Mozilla/5.0 (Macintosh; Intel Mac OS X 10_10_5) AppleWebKit/537.36 (KHTML, like Gecko) Chrome/45.0.2454.101 Safari/537.36" 
50.20.87.130 - - [06/Oct/2015:07:55:57 -0700] "GET /GitHub-Mark.png HTTP/1.1" 200 7428 "http://www.secrepo.com/" "Mozilla/5.0 (Macintosh; Intel Mac OS X 10_10_5) AppleWebKit/537.36 (KHTML, like Gecko) Chrome/45.0.2454.101 Safari/537.36" 
50.20.87.130 - - [06/Oct/2015:07:55:57 -0700] "GET /bootstrap/img/favicon.ico HTTP/1.1" 200 589 "http://www.secrepo.com/" "Mozilla/5.0 (Macintosh; Intel Mac OS X 10_10_5) AppleWebKit/537.36 (KHTML, like Gecko) Chrome/45.0.2454.101 Safari/537.36" 
84.208.106.199 - - [06/Oct/2015:07:56:19 -0700] "GET / HTTP/1.1" 200 7659 "http://www2.mlsecproject.org/" "Mozilla/5.0 (X11; CrOS armv7l 7262.57.0) AppleWebKit/537.36 (KHTML, like Gecko) Chrome/45.0.2454.98 Safari/537.36" 
84.208.106.199 - - [06/Oct/2015:07:56:22 -0700] "GET /GitHub-Mark.png HTTP/1.1" 200 7428 "http://www.secrepo.com/" "Mozilla/5.0 (X11; CrOS armv7l 7262.57.0) AppleWebKit/537.36 (KHTML, like Gecko) Chrome/45.0.2454.98 Safari/537.36" 
84.208.106.199 - - [06/Oct/2015:07:56:22 -0700] "GET /twitter-icon.png HTTP/1.1" 200 27788 "http://www.secrepo.com/" "Mozilla/5.0 (X11; CrOS armv7l 7262.57.0) AppleWebKit/537.36 (KHTML, like Gecko) Chrome/45.0.2454.98 Safari/537.36" 
50.20.87.130 - - [06/Oct/2015:07:57:04 -0700] "GET /maccdc2012/http.log.gz HTTP/1.1" 200 54258816 "http://www.secrepo.com/" "Mozilla/5.0 (Macintosh; Intel Mac OS X 10_10_5) AppleWebKit/537.36 (KHTML, like Gecko) Chrome/45.0.2454.101 Safari/537.36" 
50.20.87.130 - - [06/Oct/2015:08:01:24 -0700] "GET /self.logs/ HTTP/1.1" 200 5706 "http://www.secrepo.com/" "Mozilla/5.0 (Macintosh; Intel Mac OS X 10_10_5) AppleWebKit/537.36 (KHTML, like Gecko) Chrome/45.0.2454.101 Safari/537.36" 
50.20.87.130 - - [06/Oct/2015:08:01:25 -0700] "GET /favicon.ico HTTP/1.1" 200 267 "http://www.secrepo.com/self.logs/" "Mozilla/5.0 (Macintosh; Intel Mac OS X 10_10_5) AppleWebKit/537.36 (KHTML, like Gecko) Chrome/45.0.2454.101 Safari/537.36" 
50.20.87.130 - - [06/Oct/2015:08:01:33 -0700] "GET /self.logs/access.log.2015-01-17.gz HTTP/1.1" 200 3597 "http://www.secrepo.com/self.logs/" "Mozilla/5.0 (Macintosh; Intel Mac OS X 10_10_5) AppleWebKit/537.36 (KHTML, like Gecko) Chrome/45.0.2454.101 Safari/537.36" 
50.20.87.130 - - [06/Oct/2015:08:02:41 -0700] "GET /maccdc2012/dns.log.gz HTTP/1.1" 200 6629420 "http://www.secrepo.com/" "Mozilla/5.0 (Macintosh; Intel Mac OS X 10_10_5) AppleWebKit/537.36 (KHTML, like Gecko) Chrome/45.0.2454.101 Safari/537.36" 
50.20.87.130 - - [06/Oct/2015:08:03:41 -0700] "GET /maccdc2012/maccdc2012_fast_alert.7z HTTP/1.1" 200 9478149 "http://www.secrepo.com/" "Mozilla/5.0 (Macintosh; Intel Mac OS X 10_10_5) AppleWebKit/537.36 (KHTML, like Gecko) Chrome/45.0.2454.101 Safari/537.36" 
46.118.115.132 - - [06/Oct/2015:08:06:08 -0700] "GET /honeypot/ HTTP/1.1" 200 1077 "http://cinemaenergy-hd.ru/" "Mozilla/4.0 (compatible; MSIE 6.0; Windows NT) ::ELNSB50::000061100320025802a00111000000000507000900000000" 
46.118.115.132 - - [06/Oct/2015:08:06:08 -0700] "GET /honeypot/ HTTP/1.1" 200 1077 "http://mazal-shop.ru/" "Mozilla/4.0 (compatible; MSIE 6.0; Windows NT 5.1; ru) Opera 8.01" 
46.118.115.132 - - [06/Oct/2015:08:06:08 -0700] "GET /honeypot/ HTTP/1.1" 200 1077 "http://cinemaenergy-hd.ru/" "Mozilla/4.0 (compatible; MSIE 6.0; Windows NT) ::ELNSB50::000061100320025802a00111000000000507000900000000" 
46.118.115.132 - - [06/Oct/2015:08:06:08 -0700] "GET /honeypot/ HTTP/1.1" 200 1077 "http://mazal-shop.ru/" "Mozilla/4.0 (compatible; MSIE 6.0; Windows NT 5.1; ru) Opera 8.01" 
46.118.115.132 - - [06/Oct/2015:08:06:09 -0700] "GET /honeypot/ HTTP/1.1" 200 1077 "http://cinemaenergy-hd.ru/" "Mozilla/4.0 (compatible; MSIE 6.0; Windows NT) ::ELNSB50::000061100320025802a00111000000000507000900000000" 
46.118.115.132 - - [06/Oct/2015:08:06:09 -0700] "GET /honeypot/ HTTP/1.1" 200 1077 "http://mazal-shop.ru/" "Mozilla/4.0 (compatible; MSIE 6.0; Windows NT 5.1; ru) Opera 8.01" 
185.92.73.125 - - [06/Oct/2015:08:23:52 -0700] "GET /spaw/dialogs/dialog.php?module=spawfm&dialog=spawfm&theme=spaw2lite&type=imagesundefined HTTP/1.1" 301 591 "http://secrepo.com/spaw/dialogs/dialog.php?module=spawfm&dialog=spawfm&theme=spaw2lite&type=imagesundefined" "Mozilla/4.0 (compatible; MSIE 6.0; Windows NT 5.1; SV1)" 
185.92.73.125 - - [06/Oct/2015:08:23:57 -0700] "GET /spaw/dialogs/dialog.php?module=spawfm&dialog=spawfm&theme=spaw2lite&type=imagesundefined HTTP/1.1" 418 547 "http://secrepo.com/spaw/dialogs/dialog.php?module=spawfm&dialog=spawfm&theme=spaw2lite&type=imagesundefined" "Mozilla/4.0 (compatible; MSIE 6.0; Windows NT 5.1; SV1)" 
150.204.49.199 - - [06/Oct/2015:08:28:03 -0700] "GET / HTTP/1.1" 200 7659 "http://www2.mlsecproject.org/" "Mozilla/5.0 (Macintosh; Intel Mac OS X 10_10) AppleWebKit/600.1.25 (KHTML, like Gecko) Version/8.0 Safari/600.1.25" 
150.204.49.199 - - [06/Oct/2015:08:28:03 -0700] "GET /twitter-icon.png HTTP/1.1" 200 27787 "http://www.secrepo.com/" "Mozilla/5.0 (Macintosh; Intel Mac OS X 10_10) AppleWebKit/600.1.25 (KHTML, like Gecko) Version/8.0 Safari/600.1.25" 
150.204.49.199 - - [06/Oct/2015:08:28:04 -0700] "GET /GitHub-Mark.png HTTP/1.1" 200 7428 "http://www.secrepo.com/" "Mozilla/5.0 (Macintosh; Intel Mac OS X 10_10) AppleWebKit/600.1.25 (KHTML, like Gecko) Version/8.0 Safari/600.1.25" 
46.118.117.53 - - [06/Oct/2015:08:46:53 -0700] "GET /honeypot/ HTTP/1.1" 200 1077 "http://xn--80aafgvxihbpc5lqb.xn--p1ai/" "Mozilla/4.0 (compatible; MSIE 6.0; Windows NT 5.0; APC; .NET CLR 1.0.3705; .NET CLR 1.1.4322; .NET CLR 2.0.50215; InfoPath.1)" 
46.118.117.53 - - [06/Oct/2015:08:46:53 -0700] "GET /honeypot/ HTTP/1.1" 200 1077 "http://xn--80aafgvxihbpc5lqb.xn--p1ai/" "Mozilla/4.0 (compatible; MSIE 6.0; Windows NT 5.0; APC; .NET CLR 1.0.3705; .NET CLR 1.1.4322; .NET CLR 2.0.50215; InfoPath.1)" 
46.118.117.53 - - [06/Oct/2015:08:46:54 -0700] "GET /honeypot/ HTTP/1.1" 200 1077 "http://xn--80aafgvxihbpc5lqb.xn--p1ai/" "Mozilla/4.0 (compatible; MSIE 6.0; Windows NT 5.0; APC; .NET CLR 1.0.3705; .NET CLR 1.1.4322; .NET CLR 2.0.50215; InfoPath.1)" 
165.91.13.92 - - [06/Oct/2015:09:07:20 -0700] "GET / HTTP/1.1" 200 7659 "http://www2.mlsecproject.org/" "Mozilla/5.0 (Windows NT 10.0; WOW64) AppleWebKit/537.36 (KHTML, like Gecko) Chrome/45.0.2454.101 Safari/537.36" 
165.91.13.92 - - [06/Oct/2015:09:07:20 -0700] "GET /twitter-icon.png HTTP/1.1" 200 27787 "http://www.secrepo.com/" "Mozilla/5.0 (Windows NT 10.0; WOW64) AppleWebKit/537.36 (KHTML, like Gecko) Chrome/45.0.2454.101 Safari/537.36" 
165.91.13.92 - - [06/Oct/2015:09:07:20 -0700] "GET /GitHub-Mark.png HTTP/1.1" 200 7428 "http://www.secrepo.com/" "Mozilla/5.0 (Windows NT 10.0; WOW64) AppleWebKit/537.36 (KHTML, like Gecko) Chrome/45.0.2454.101 Safari/537.36" 
165.91.13.92 - - [06/Oct/2015:09:07:21 -0700] "GET /bootstrap/img/favicon.ico HTTP/1.1" 200 589 "http://www.secrepo.com/" "Mozilla/5.0 (Windows NT 10.0; WOW64) AppleWebKit/537.36 (KHTML, like Gecko) Chrome/45.0.2454.101 Safari/537.36" 
66.249.64.145 - - [06/Oct/2015:09:08:58 -0700] "GET / HTTP/1.1" 200 7659 "-" "Mozilla/5.0 (iPhone; CPU iPhone OS 8_3 like Mac OS X) AppleWebKit/600.1.4 (KHTML, like Gecko) Version/8.0 Mobile/12F70 Safari/600.1.4 (compatible; Googlebot/2.1; +http://www.google.com/bot.html)" 
165.91.13.92 - - [06/Oct/2015:09:08:55 -0700] "GET /maccdc2012/conn.log.gz HTTP/1.1" 200 2145655 "http://www.secrepo.com/" "Mozilla/5.0 (Windows NT 10.0; WOW64) AppleWebKit/537.36 (KHTML, like Gecko) Chrome/45.0.2454.101 Safari/537.36" 
165.91.13.92 - - [06/Oct/2015:09:10:01 -0700] "GET /favicon.ico HTTP/1.1" 200 268 "http://www.secrepo.com/honeypot/Honeypot%20-%20Howto.pdf" "Mozilla/5.0 (Windows NT 10.0; WOW64) AppleWebKit/537.36 (KHTML, like Gecko) Chrome/45.0.2454.101 Safari/537.36" 
165.91.13.92 - - [06/Oct/2015:09:10:02 -0700] "GET /honeypot/Honeypot%20-%20Howto.pdf HTTP/1.1" 206 33098 "http://www.secrepo.com/honeypot/Honeypot%20-%20Howto.pdf" "Mozilla/5.0 (Windows NT 10.0; WOW64) AppleWebKit/537.36 (KHTML, like Gecko) Chrome/45.0.2454.101 Safari/537.36" 
165.91.13.92 - - [06/Oct/2015:09:10:01 -0700] "GET /honeypot/Honeypot%20-%20Howto.pdf HTTP/1.1" 200 325710 "http://www.secrepo.com/" "Mozilla/5.0 (Windows NT 10.0; WOW64) AppleWebKit/537.36 (KHTML, like Gecko) Chrome/45.0.2454.101 Safari/537.36" 
165.91.13.92 - - [06/Oct/2015:09:10:02 -0700] "GET /honeypot/Honeypot%20-%20Howto.pdf HTTP/1.1" 206 1246706 "http://www.secrepo.com/honeypot/Honeypot%20-%20Howto.pdf" "Mozilla/5.0 (Windows NT 10.0; WOW64) AppleWebKit/537.36 (KHTML, like Gecko) Chrome/45.0.2454.101 Safari/537.36" 
63.235.135.90 - - [06/Oct/2015:09:10:51 -0700] "GET / HTTP/1.1" 200 7659 "-" "Mozilla/5.0 (Macintosh; Intel Mac OS X 10_10_5) AppleWebKit/601.1.56 (KHTML, like Gecko) Version/9.0 Safari/601.1.56" 
42.86.60.251 - - [06/Oct/2015:09:16:18 -0700] "GET /honeypot/Honeypot%20-%20Howto%20-%20BSides%20Austin.pdf HTTP/1.1" 200 1336320 "http://www.secrepo.com/" "Mozilla/5.0 (Macintosh; Intel Mac OS X 10_10_1) AppleWebKit/600.2.5 (KHTML, like Gecko) Version/8.0.2 Safari/600.2.5" 
68.180.229.162 - - [06/Oct/2015:09:41:23 -0700] "GET /robots.txt HTTP/1.1" 200 233 "-" "Mozilla/5.0 (compatible; Yahoo! Slurp; http://help.yahoo.com/help/us/ysearch/slurp)" 
68.180.229.162 - - [06/Oct/2015:09:41:23 -0700] "GET /self.logs/error.log.2015-08-13.gz HTTP/1.1" 200 719 "-" "Mozilla/5.0 (compatible; Yahoo! Slurp; http://help.yahoo.com/help/us/ysearch/slurp)" 
165.91.13.92 - - [06/Oct/2015:09:48:24 -0700] "GET /maccdc2012/dhcp.log.gz HTTP/1.1" 200 45019 "http://www.secrepo.com/" "Mozilla/5.0 (Windows NT 10.0; WOW64) AppleWebKit/537.36 (KHTML, like Gecko) Chrome/45.0.2454.101 Safari/537.36" 
165.91.13.92 - - [06/Oct/2015:09:48:48 -0700] "GET /maccdc2012/ftp.log.gz HTTP/1.1" 200 128116 "http://www.secrepo.com/" "Mozilla/5.0 (Windows NT 10.0; WOW64) AppleWebKit/537.36 (KHTML, like Gecko) Chrome/45.0.2454.101 Safari/537.36" 
95.8.149.197 - - [06/Oct/2015:10:03:04 -0700] "GET /bootstrap/img/favicon.ico HTTP/1.1" 200 590 "-" "Mozilla/5.0 (Windows NT 10.0; WOW64; rv:41.0) Gecko/20100101 Firefox/41.0" 
82.144.227.194 - - [06/Oct/2015:10:23:01 -0700] "GET / HTTP/1.1" 200 7659 "-" "Mozilla/5.0 (Macintosh; Intel Mac OS X 10_11_0) AppleWebKit/537.36 (KHTML, like Gecko) Chrome/45.0.2454.101 Safari/537.36" 
82.144.227.194 - - [06/Oct/2015:10:23:01 -0700] "GET /twitter-icon.png HTTP/1.1" 200 27787 "http://www.secrepo.com/" "Mozilla/5.0 (Macintosh; Intel Mac OS X 10_11_0) AppleWebKit/537.36 (KHTML, like Gecko) Chrome/45.0.2454.101 Safari/537.36" 
82.144.227.194 - - [06/Oct/2015:10:23:01 -0700] "GET /GitHub-Mark.png HTTP/1.1" 200 7428 "http://www.secrepo.com/" "Mozilla/5.0 (Macintosh; Intel Mac OS X 10_11_0) AppleWebKit/537.36 (KHTML, like Gecko) Chrome/45.0.2454.101 Safari/537.36" 
104.130.0.60 - - [06/Oct/2015:10:24:24 -0700] "GET /robots.txt HTTP/1.1" 301 446 "-" "Tornado-Async-Client" 
104.130.0.60 - - [06/Oct/2015:10:24:24 -0700] "GET /robots.txt HTTP/1.1" 200 304 "-" "Tornado-Async-Client" 
104.130.0.60 - - [06/Oct/2015:10:24:24 -0700] "GET /honeypot/BSidesDFW%20-%202014.ipynb HTTP/1.1" 301 484 "-" "Tornado-Async-Client" 
104.130.0.60 - - [06/Oct/2015:10:24:24 -0700] "GET /honeypot/BSidesDFW%20-%202014.ipynb HTTP/1.1" 200 930780 "-" "Tornado-Async-Client" 
128.54.251.113 - - [06/Oct/2015:10:29:37 -0700] "GET / HTTP/1.1" 200 7659 "http://www2.mlsecproject.org/" "Mozilla/5.0 (Macintosh; Intel Mac OS X 10_10_5) AppleWebKit/537.36 (KHTML, like Gecko) Chrome/45.0.2454.101 Safari/537.36" 
128.54.251.113 - - [06/Oct/2015:10:29:42 -0700] "GET /twitter-icon.png HTTP/1.1" 200 27788 "http://www.secrepo.com/" "Mozilla/5.0 (Macintosh; Intel Mac OS X 10_10_5) AppleWebKit/537.36 (KHTML, like Gecko) Chrome/45.0.2454.101 Safari/537.36" 
128.54.251.113 - - [06/Oct/2015:10:29:45 -0700] "GET /GitHub-Mark.png HTTP/1.1" 200 7428 "http://www.secrepo.com/" "Mozilla/5.0 (Macintosh; Intel Mac OS X 10_10_5) AppleWebKit/537.36 (KHTML, like Gecko) Chrome/45.0.2454.101 Safari/537.36" 
63.235.135.90 - - [06/Oct/2015:10:41:47 -0700] "GET / HTTP/1.1" 200 7659 "-" "Mozilla/5.0 (Macintosh; Intel Mac OS X 10_10_5) AppleWebKit/601.1.56 (KHTML, like Gecko) Version/9.0 Safari/601.1.56" 
63.235.135.90 - - [06/Oct/2015:10:41:50 -0700] "GET / HTTP/1.1" 200 7659 "-" "Mozilla/5.0 (Macintosh; Intel Mac OS X 10_10_5) AppleWebKit/601.1.56 (KHTML, like Gecko) Version/9.0 Safari/601.1.56" 
123.125.71.57 - - [06/Oct/2015:10:42:17 -0700] "GET /GitHub-Mark.png HTTP/1.1" 200 7391 "-" "Baiduspider-image+(+http://www.baidu.com/search/spider.htm)" 
63.235.135.90 - - [06/Oct/2015:10:54:01 -0700] "GET / HTTP/1.1" 200 7659 "-" "Mozilla/5.0 (Macintosh; Intel Mac OS X 10_10_5) AppleWebKit/601.1.56 (KHTML, like Gecko) Version/9.0 Safari/601.1.56" 
134.249.52.69 - - [06/Oct/2015:11:02:35 -0700] "GET /honeypot/ HTTP/1.1" 200 1077 "http://fishingwiki.ru/" "Mozilla/4.0 (compatible; MSIE 6.0; Windows NT 5.1) Opera 7.54 [en]" 
134.249.52.69 - - [06/Oct/2015:11:02:36 -0700] "GET /honeypot/ HTTP/1.1" 200 1077 "http://fishingwiki.ru/" "Mozilla/4.0 (compatible; MSIE 6.0; Windows NT 5.1) Opera 7.54 [en]" 
134.249.52.69 - - [06/Oct/2015:11:02:37 -0700] "GET /honeypot/ HTTP/1.1" 200 1077 "http://fishingwiki.ru/" "Mozilla/4.0 (compatible; MSIE 6.0; Windows NT 5.1) Opera 7.54 [en]" 
199.59.148.210 - - [06/Oct/2015:11:14:50 -0700] "GET /robots.txt HTTP/1.1" 200 304 "-" "Twitterbot/1.0" 
199.59.148.210 - - [06/Oct/2015:11:14:50 -0700] "GET /robots.txt HTTP/1.1" 200 304 "-" "Twitterbot/1.0" 
199.59.148.210 - - [06/Oct/2015:11:14:50 -0700] "GET /honeypot/honeypot.json.zip HTTP/1.1" 200 4631817 "-" "Twitterbot/1.0" 
199.59.148.210 - - [06/Oct/2015:11:14:50 -0700] "GET /honeypot/Honeypot%20-%20Howto%20-%20BSides%20Austin.pdf HTTP/1.1" 200 2928404 "-" "Twitterbot/1.0" 
50.20.87.130 - - [06/Oct/2015:11:26:53 -0700] "GET /twitter-icon.png HTTP/1.1" 200 27788 "http://www.secrepo.com/" "Mozilla/5.0 (Macintosh; Intel Mac OS X 10_10_5) AppleWebKit/537.36 (KHTML, like Gecko) Chrome/45.0.2454.101 Safari/537.36" 
50.20.87.130 - - [06/Oct/2015:11:26:53 -0700] "GET /GitHub-Mark.png HTTP/1.1" 200 7428 "http://www.secrepo.com/" "Mozilla/5.0 (Macintosh; Intel Mac OS X 10_10_5) AppleWebKit/537.36 (KHTML, like Gecko) Chrome/45.0.2454.101 Safari/537.36" 
50.20.87.130 - - [06/Oct/2015:11:27:25 -0700] "GET /tg/a.zip HTTP/1.1" 200 66189337 "http://www.secrepo.com/" "Mozilla/5.0 (Macintosh; Intel Mac OS X 10_10_5) AppleWebKit/537.36 (KHTML, like Gecko) Chrome/45.0.2454.101 Safari/537.36" 
50.20.87.130 - - [06/Oct/2015:11:27:40 -0700] "GET /honeypot/BSidesDFW%20-%202014.ipynb HTTP/1.1" 200 930836 "http://www.secrepo.com/" "Mozilla/5.0 (Macintosh; Intel Mac OS X 10_10_5) AppleWebKit/537.36 (KHTML, like Gecko) Chrome/45.0.2454.101 Safari/537.36" 
104.130.0.59 - - [06/Oct/2015:11:29:40 -0700] "GET /robots.txt HTTP/1.1" 301 446 "-" "Tornado-Async-Client" 
104.130.0.59 - - [06/Oct/2015:11:29:40 -0700] "GET /robots.txt HTTP/1.1" 200 304 "-" "Tornado-Async-Client" 
104.130.0.59 - - [06/Oct/2015:11:29:40 -0700] "GET /honeypot/BSidesDFW%20-%202014.ipynb HTTP/1.1" 301 484 "-" "Tornado-Async-Client" 
104.130.0.59 - - [06/Oct/2015:11:29:40 -0700] "GET /honeypot/BSidesDFW%20-%202014.ipynb HTTP/1.1" 200 930780 "-" "Tornado-Async-Client" 
50.20.87.130 - - [06/Oct/2015:11:31:26 -0700] "GET /honeypot/honeypot.json.zip HTTP/1.1" 200 4631873 "http://www.secrepo.com/" "Mozilla/5.0 (Macintosh; Intel Mac OS X 10_10_5) AppleWebKit/537.36 (KHTML, like Gecko) Chrome/45.0.2454.101 Safari/537.36" 
200.145.216.144 - - [06/Oct/2015:11:43:34 -0700] "GET / HTTP/1.1" 301 483 "http://t.co/pArNAxgTZi" "Mozilla/5.0 (X11; Ubuntu; Linux x86_64; rv:41.0) Gecko/20100101 Firefox/41.0" 
200.145.216.144 - - [06/Oct/2015:11:43:35 -0700] "GET / HTTP/1.1" 200 7659 "http://t.co/pArNAxgTZi" "Mozilla/5.0 (X11; Ubuntu; Linux x86_64; rv:41.0) Gecko/20100101 Firefox/41.0" 
200.145.216.144 - - [06/Oct/2015:11:43:35 -0700] "GET /bootstrap/img/favicon.ico HTTP/1.1" 200 589 "-" "Mozilla/5.0 (X11; Ubuntu; Linux x86_64; rv:41.0) Gecko/20100101 Firefox/41.0" 
200.145.216.144 - - [06/Oct/2015:11:43:36 -0700] "GET /twitter-icon.png HTTP/1.1" 200 27787 "http://www.secrepo.com/" "Mozilla/5.0 (X11; Ubuntu; Linux x86_64; rv:41.0) Gecko/20100101 Firefox/41.0" 
200.145.216.144 - - [06/Oct/2015:11:43:37 -0700] "GET /GitHub-Mark.png HTTP/1.1" 200 7428 "http://www.secrepo.com/" "Mozilla/5.0 (X11; Ubuntu; Linux x86_64; rv:41.0) Gecko/20100101 Firefox/41.0" 
69.165.64.194 - - [06/Oct/2015:11:59:25 -0700] "OPTIONS / HTTP/1.1" 200 270 "-" "Mozilla/5.0 (Windows NT 6.2; WOW64) AppleWebKit/537.36 (KHTML, like Gecko) Chrome/29.0.1547.0 Safari/537.36" 
199.16.156.126 - - [06/Oct/2015:12:06:04 -0700] "GET /robots.txt HTTP/1.1" 200 304 "-" "Twitterbot/1.0" 
199.16.156.126 - - [06/Oct/2015:12:06:04 -0700] "GET /honeypot/honeypot.json.zip HTTP/1.1" 200 4631817 "-" "Twitterbot/1.0" 
8.28.16.254 - - [06/Oct/2015:12:27:22 -0700] "GET / HTTP/1.1" 200 25378 "-" "Mozilla/5.0 (Windows NT 6.1; WOW64; rv:41.0) Gecko/20100101 Firefox/41.0" 
144.160.226.96 - - [06/Oct/2015:12:27:22 -0700] "GET / HTTP/1.1" 200 7659 "http://www2.mlsecproject.org/" "Mozilla/5.0 (Windows NT 6.1; WOW64; rv:41.0) Gecko/20100101 Firefox/41.0" 
152.15.112.184 - - [06/Oct/2015:12:38:11 -0700] "GET / HTTP/1.1" 200 7659 "http://www2.mlsecproject.org/" "Mozilla/5.0 (Windows NT 6.3; WOW64) AppleWebKit/537.36 (KHTML, like Gecko) Chrome/45.0.2454.101 Safari/537.36" 
152.15.112.184 - - [06/Oct/2015:12:38:12 -0700] "GET /twitter-icon.png HTTP/1.1" 200 27787 "http://www.secrepo.com/" "Mozilla/5.0 (Windows NT 6.3; WOW64) AppleWebKit/537.36 (KHTML, like Gecko) Chrome/45.0.2454.101 Safari/537.36" 
152.15.112.184 - - [06/Oct/2015:12:38:12 -0700] "GET /GitHub-Mark.png HTTP/1.1" 200 7428 "http://www.secrepo.com/" "Mozilla/5.0 (Windows NT 6.3; WOW64) AppleWebKit/537.36 (KHTML, like Gecko) Chrome/45.0.2454.101 Safari/537.36" 
152.15.112.184 - - [06/Oct/2015:12:38:13 -0700] "GET /bootstrap/img/favicon.ico HTTP/1.1" 200 589 "http://www.secrepo.com/" "Mozilla/5.0 (Windows NT 6.3; WOW64) AppleWebKit/537.36 (KHTML, like Gecko) Chrome/45.0.2454.101 Safari/537.36" 
66.249.83.186 - - [06/Oct/2015:12:39:03 -0700] "GET / HTTP/1.1" 200 7659 "-" "Google favicon" 
66.249.83.186 - - [06/Oct/2015:12:39:03 -0700] "GET /bootstrap/img/favicon.ico HTTP/1.1" 200 589 "-" "Google favicon" 
66.249.64.145 - - [06/Oct/2015:12:52:57 -0700] "GET /honeypot/Honeypot%20-%20Howto%20-%20BSides%20Austin.pdf HTTP/1.1" 304 168 "-" "Mozilla/5.0 (compatible; Googlebot/2.1; +http://www.google.com/bot.html)" 
63.235.135.90 - - [06/Oct/2015:13:22:23 -0700] "GET / HTTP/1.1" 200 7659 "-" "Mozilla/5.0 (Macintosh; Intel Mac OS X 10_10_5) AppleWebKit/601.1.56 (KHTML, like Gecko) Version/9.0 Safari/601.1.56" 
91.200.12.116 - - [06/Oct/2015:13:54:04 -0700] "GET /honeypot/Honeypot%20-%20Howto.pdf HTTP/1.0" 200 905461 "http://www.secrepo.com/honeypot/Honeypot%20-%20Howto.pdf" "Mozilla/5.0 (Windows NT 6.2; WOW64) AppleWebKit/537.36 (KHTML, like Gecko) Chrome/41.0.2272.101 Safari/537.36" 
207.46.13.154 - - [06/Oct/2015:13:58:10 -0700] "GET /honeypot/Honeypot%20-%20Howto%20-%20BSides%20Austin.pdf HTTP/1.1" 200 2928460 "-" "Mozilla/5.0 (iPhone; CPU iPhone OS 7_0 like Mac OS X) AppleWebKit/537.51.1 (KHTML, like Gecko) Version/7.0 Mobile/11A465 Safari/9537.53 (compatible; bingbot/2.0;  http://www.bing.com/bingbot.htm)" 
207.46.13.154 - - [06/Oct/2015:13:58:29 -0700] "GET /robots.txt HTTP/1.1" 200 334 "-" "Mozilla/5.0 (compatible; bingbot/2.0; +http://www.bing.com/bingbot.htm)" 
91.200.12.71 - - [06/Oct/2015:14:00:58 -0700] "GET /honeypot/Honeypot%20-%20Howto.pdf HTTP/1.0" 200 870160 "http://www.secrepo.com/honeypot/Honeypot%20-%20Howto.pdf" "Mozilla/5.0 (Windows NT 6.1; rv:37.0) Gecko/20100101 Firefox/37.0" 
180.76.15.158 - - [06/Oct/2015:14:01:51 -0700] "GET /honeypot/BSidesDFW%20-%202014.ipynb HTTP/1.1" 200 930799 "-" "Mozilla/5.0 (compatible; Baiduspider/2.0; +http://www.baidu.com/search/spider.html)" 
92.1.120.100 - - [06/Oct/2015:14:03:48 -0700] "GET / HTTP/1.1" 200 7659 "https://www.google.com" "Mozilla/5.0 (Windows NT 6.3; WOW64; rv:41.0) Gecko/20100101 Firefox/41.0" 
92.1.120.100 - - [06/Oct/2015:14:03:48 -0700] "GET /twitter-icon.png HTTP/1.1" 200 27787 "http://www.secrepo.com/" "Mozilla/5.0 (Windows NT 6.3; WOW64; rv:41.0) Gecko/20100101 Firefox/41.0" 
92.1.120.100 - - [06/Oct/2015:14:03:48 -0700] "GET /GitHub-Mark.png HTTP/1.1" 200 7428 "http://www.secrepo.com/" "Mozilla/5.0 (Windows NT 6.3; WOW64; rv:41.0) Gecko/20100101 Firefox/41.0" 
92.1.120.100 - - [06/Oct/2015:14:03:48 -0700] "GET /bootstrap/img/favicon.ico HTTP/1.1" 200 589 "-" "Mozilla/5.0 (Windows NT 6.3; WOW64; rv:41.0) Gecko/20100101 Firefox/41.0" 
91.200.12.19 - - [06/Oct/2015:14:05:43 -0700] "GET /honeypot/Honeypot%20-%20Howto.pdf HTTP/1.0" 200 770880 "http://www.secrepo.com/honeypot/Honeypot%20-%20Howto.pdf" "Mozilla/5.0 (Windows NT 6.1; rv:37.0) Gecko/20100101 Firefox/37.0" 
62.24.252.133 - - [06/Oct/2015:14:10:34 -0700] "GET /robots.txt HTTP/1.0" 200 252 "http://www.secrepo.com/robots.txt" "Mozilla/4.0 (compatible; MSIE 8.0; Windows NT 5.1; Trident/4.0; .NET CLR 2.0.50727; .NET CLR 3.0.04506.648; .NET CLR 3.5.21022; .NET CLR 3.0.4506.2152; .NET CLR 3.5.30729; InfoPath.2)" 
62.24.252.133 - - [06/Oct/2015:14:10:34 -0700] "GET / HTTP/1.0" 200 25367 "http://www.secrepo.com/" "Mozilla/4.0 (compatible; MSIE 8.0; Windows NT 5.1; Trident/4.0; .NET CLR 2.0.50727; .NET CLR 3.0.04506.648; .NET CLR 3.5.21022; .NET CLR 3.0.4506.2152; .NET CLR 3.5.30729; InfoPath.2)" 
91.200.12.116 - - [06/Oct/2015:14:11:37 -0700] "GET /honeypot/Honeypot%20-%20Howto.pdf HTTP/1.0" 200 1032220 "http://www.secrepo.com/honeypot/Honeypot%20-%20Howto.pdf" "Mozilla/5.0 (Windows NT 6.1; WOW64; rv:36.0) Gecko/20100101 Firefox/36.0" 
91.200.12.71 - - [06/Oct/2015:14:18:26 -0700] "GET /honeypot/Honeypot%20-%20Howto.pdf HTTP/1.0" 200 813220 "http://www.secrepo.com/honeypot/Honeypot%20-%20Howto.pdf" "Mozilla/5.0 (Windows NT 6.3; WOW64; rv:36.0) Gecko/20100101 Firefox/36.0" 
91.200.12.19 - - [06/Oct/2015:14:22:31 -0700] "GET /honeypot/Honeypot%20-%20Howto.pdf HTTP/1.0" 200 784020 "http://www.secrepo.com/honeypot/Honeypot%20-%20Howto.pdf" "Mozilla/5.0 (Windows NT 5.1) AppleWebKit/537.36 (KHTML, like Gecko) Chrome/40.0.2214.115 YaBrowser/15.2.2214.3645 Safari/537.36" 
91.200.12.116 - - [06/Oct/2015:14:28:15 -0700] "GET /honeypot/Honeypot%20-%20Howto.pdf HTTP/1.0" 200 1000100 "http://www.secrepo.com/honeypot/Honeypot%20-%20Howto.pdf" "Mozilla/5.0 (Windows NT 6.3; WOW64) AppleWebKit/537.36 (KHTML, like Gecko) Chrome/41.0.2272.101 Safari/537.36" 
220.181.108.178 - - [06/Oct/2015:14:29:38 -0700] "GET /honeypot/honeypot.json.zip HTTP/1.1" 200 4631836 "-" "Mozilla/5.0 (compatible; Baiduspider/2.0; +http://www.baidu.com/search/spider.html)" 
66.249.64.150 - - [06/Oct/2015:14:33:32 -0700] "GET /honeypot/Honeypot%20-%20Howto.pdf HTTP/1.1" 304 168 "-" "Mozilla/5.0 (compatible; Googlebot/2.1; +http://www.google.com/bot.html)" 
91.200.12.116 - - [06/Oct/2015:14:45:35 -0700] "GET /honeypot/Honeypot%20-%20Howto.pdf HTTP/1.0" 200 871620 "http://www.secrepo.com/honeypot/Honeypot%20-%20Howto.pdf" "Mozilla/5.0 (Windows NT 6.3; WOW64; rv:36.0) Gecko/20100101 Firefox/36.0" 
192.249.67.125 - - [06/Oct/2015:14:51:47 -0700] "GET /honeypot/Honeypot%20-%20Howto%20-%20BSides%20Austin.pdf HTTP/1.1" 200 2665960 "http://www.secrepo.com/" "Mozilla/5.0 (Macintosh; Intel Mac OS X 10_10_1) AppleWebKit/537.36 (KHTML, like Gecko) Chrome/39.0.2171.99 Safari/537.36" 
192.249.67.125 - - [06/Oct/2015:14:53:16 -0700] "GET /honeypot/Honeypot%20-%20Howto%20-%20BSides%20Austin.pdf HTTP/1.1" 200 1210340 "http://www.secrepo.com/" "Mozilla/5.0 (Macintosh; Intel Mac OS X 10_10_1) AppleWebKit/537.36 (KHTML, like Gecko) Chrome/39.0.2171.99 Safari/537.36" 
63.235.135.90 - - [06/Oct/2015:14:57:09 -0700] "GET / HTTP/1.1" 200 7659 "-" "Mozilla/5.0 (Macintosh; Intel Mac OS X 10_10_5) AppleWebKit/601.1.56 (KHTML, like Gecko) Version/9.0 Safari/601.1.56" 
63.235.135.90 - - [06/Oct/2015:14:57:10 -0700] "GET /twitter-icon.png HTTP/1.1" 200 27787 "http://www.secrepo.com/" "Mozilla/5.0 (Macintosh; Intel Mac OS X 10_10_5) AppleWebKit/601.1.56 (KHTML, like Gecko) Version/9.0 Safari/601.1.56" 
63.235.135.90 - - [06/Oct/2015:14:57:10 -0700] "GET /GitHub-Mark.png HTTP/1.1" 200 7428 "http://www.secrepo.com/" "Mozilla/5.0 (Macintosh; Intel Mac OS X 10_10_5) AppleWebKit/601.1.56 (KHTML, like Gecko) Version/9.0 Safari/601.1.56" 
63.235.135.90 - - [06/Oct/2015:14:57:10 -0700] "GET /bootstrap/img/favicon.ico HTTP/1.1" 200 589 "http://www.secrepo.com/" "Mozilla/5.0 (Macintosh; Intel Mac OS X 10_10_5) AppleWebKit/601.1.56 (KHTML, like Gecko) Version/9.0 Safari/601.1.56" 
212.83.131.201 - - [06/Oct/2015:15:05:19 -0700] "GET /honeypot/BSidesDFW - 2014.ipynb HTTP/1.0" 404 295 "-" "Mozilla/5.0 (Windows NT 6.1) AppleWebKit/537.36 (KHTML, like Gecko) Chrome/41.0.2228.0 Safari/537.36" 
212.83.131.201 - - [06/Oct/2015:15:05:19 -0700] "GET /honeypot/BSidesDFW - 2014.ipynb HTTP/1.0" 404 295 "-" "Mozilla/5.0 (Windows NT 6.1) AppleWebKit/537.36 (KHTML, like Gecko) Chrome/41.0.2228.0 Safari/537.36" 
107.189.60.78 - - [06/Oct/2015:15:07:24 -0700] "GET / HTTP/1.1" 301 483 "-" "Mozilla/5.0 (X11; Ubuntu; Linux x86_64; rv:39.0) Gecko/20100101 Firefox/39.0" 
107.189.60.78 - - [06/Oct/2015:15:07:24 -0700] "GET / HTTP/1.1" 301 483 "-" "Mozilla/5.0 (X11; Ubuntu; Linux x86_64; rv:39.0) Gecko/20100101 Firefox/39.0" 
107.189.60.78 - - [06/Oct/2015:15:07:24 -0700] "GET / HTTP/1.1" 301 482 "-" "Mozilla/5.0 (X11; Ubuntu; Linux x86_64; rv:39.0) Gecko/20100101 Firefox/39.0" 
107.189.60.78 - - [06/Oct/2015:15:07:24 -0700] "GET / HTTP/1.1" 301 482 "-" "Mozilla/5.0 (X11; Ubuntu; Linux x86_64; rv:39.0) Gecko/20100101 Firefox/39.0" 
107.189.60.78 - - [06/Oct/2015:15:07:24 -0700] "GET / HTTP/1.1" 301 482 "-" "Mozilla/5.0 (X11; Ubuntu; Linux x86_64; rv:39.0) Gecko/20100101 Firefox/39.0" 
107.189.60.78 - - [06/Oct/2015:15:07:24 -0700] "GET / HTTP/1.1" 301 482 "-" "Mozilla/5.0 (X11; Ubuntu; Linux x86_64; rv:39.0) Gecko/20100101 Firefox/39.0" 
107.189.60.78 - - [06/Oct/2015:15:07:24 -0700] "GET / HTTP/1.1" 301 482 "-" "Mozilla/5.0 (X11; Ubuntu; Linux x86_64; rv:39.0) Gecko/20100101 Firefox/39.0" 
107.189.60.78 - - [06/Oct/2015:15:07:25 -0700] "GET / HTTP/1.1" 301 482 "-" "Mozilla/5.0 (X11; Ubuntu; Linux x86_64; rv:39.0) Gecko/20100101 Firefox/39.0" 
107.189.60.78 - - [06/Oct/2015:15:07:25 -0700] "GET / HTTP/1.1" 301 482 "-" "Mozilla/5.0 (X11; Ubuntu; Linux x86_64; rv:39.0) Gecko/20100101 Firefox/39.0" 
107.189.60.78 - - [06/Oct/2015:15:07:25 -0700] "GET / HTTP/1.1" 301 482 "-" "Mozilla/5.0 (X11; Ubuntu; Linux x86_64; rv:39.0) Gecko/20100101 Firefox/39.0" 
107.189.60.78 - - [06/Oct/2015:15:07:25 -0700] "GET / HTTP/1.1" 301 482 "-" "Mozilla/5.0 (X11; Ubuntu; Linux x86_64; rv:39.0) Gecko/20100101 Firefox/39.0" 
107.189.60.78 - - [06/Oct/2015:15:07:25 -0700] "GET / HTTP/1.1" 301 482 "-" "Mozilla/5.0 (X11; Ubuntu; Linux x86_64; rv:39.0) Gecko/20100101 Firefox/39.0" 
107.189.60.78 - - [06/Oct/2015:15:07:25 -0700] "GET / HTTP/1.1" 301 482 "-" "Mozilla/5.0 (X11; Ubuntu; Linux x86_64; rv:39.0) Gecko/20100101 Firefox/39.0" 
107.189.60.78 - - [06/Oct/2015:15:07:25 -0700] "GET / HTTP/1.1" 301 482 "-" "Mozilla/5.0 (X11; Ubuntu; Linux x86_64; rv:39.0) Gecko/20100101 Firefox/39.0" 
107.189.60.78 - - [06/Oct/2015:15:07:25 -0700] "GET / HTTP/1.1" 301 482 "-" "Mozilla/5.0 (X11; Ubuntu; Linux x86_64; rv:39.0) Gecko/20100101 Firefox/39.0" 
107.189.60.78 - - [06/Oct/2015:15:07:25 -0700] "GET / HTTP/1.1" 301 482 "-" "Mozilla/5.0 (X11; Ubuntu; Linux x86_64; rv:39.0) Gecko/20100101 Firefox/39.0" 
107.189.60.78 - - [06/Oct/2015:15:07:25 -0700] "GET / HTTP/1.1" 301 482 "-" "Mozilla/5.0 (X11; Ubuntu; Linux x86_64; rv:39.0) Gecko/20100101 Firefox/39.0" 
107.189.60.78 - - [06/Oct/2015:15:07:25 -0700] "GET / HTTP/1.1" 301 482 "-" "Mozilla/5.0 (X11; Ubuntu; Linux x86_64; rv:39.0) Gecko/20100101 Firefox/39.0" 
107.189.60.78 - - [06/Oct/2015:15:07:25 -0700] "GET / HTTP/1.1" 301 482 "-" "Mozilla/5.0 (X11; Ubuntu; Linux x86_64; rv:39.0) Gecko/20100101 Firefox/39.0" 
107.189.60.78 - - [06/Oct/2015:15:07:25 -0700] "GET / HTTP/1.1" 301 482 "-" "Mozilla/5.0 (X11; Ubuntu; Linux x86_64; rv:39.0) Gecko/20100101 Firefox/39.0" 
91.200.12.19 - - [06/Oct/2015:15:22:11 -0700] "GET /honeypot/Honeypot%20-%20Howto.pdf HTTP/1.0" 200 838040 "http://www.secrepo.com/honeypot/Honeypot%20-%20Howto.pdf" "Mozilla/5.0 (Windows NT 6.1; rv:37.0) Gecko/20100101 Firefox/37.0" 
76.123.114.179 - - [06/Oct/2015:15:37:39 -0700] "GET / HTTP/1.1" 304 189 "http://www2.mlsecproject.org/" "Mozilla/5.0 (Windows NT 6.1; WOW64) AppleWebKit/537.36 (KHTML, like Gecko) Chrome/45.0.2454.101 Safari/537.36" 
162.253.183.182 - - [06/Oct/2015:16:01:12 -0700] "GET / HTTP/1.1" 200 7659 "http://www2.mlsecproject.org/" "Mozilla/5.0 (Macintosh; Intel Mac OS X 10_10_3) AppleWebKit/537.36 (KHTML, like Gecko) Chrome/45.0.2454.99 Safari/537.36" 
162.253.183.182 - - [06/Oct/2015:16:01:12 -0700] "GET /twitter-icon.png HTTP/1.1" 200 27787 "http://www.secrepo.com/" "Mozilla/5.0 (Macintosh; Intel Mac OS X 10_10_3) AppleWebKit/537.36 (KHTML, like Gecko) Chrome/45.0.2454.99 Safari/537.36" 
162.253.183.182 - - [06/Oct/2015:16:01:12 -0700] "GET /GitHub-Mark.png HTTP/1.1" 200 7428 "http://www.secrepo.com/" "Mozilla/5.0 (Macintosh; Intel Mac OS X 10_10_3) AppleWebKit/537.36 (KHTML, like Gecko) Chrome/45.0.2454.99 Safari/537.36" 
162.253.183.182 - - [06/Oct/2015:16:01:13 -0700] "GET /bootstrap/img/favicon.ico HTTP/1.1" 200 589 "http://www.secrepo.com/" "Mozilla/5.0 (Macintosh; Intel Mac OS X 10_10_3) AppleWebKit/537.36 (KHTML, like Gecko) Chrome/45.0.2454.99 Safari/537.36" 
173.230.129.121 - - [06/Oct/2015:16:03:02 -0700] "GET / HTTP/1.1" 200 25367 "-" "CC Metadata Scaper http://wiki.creativecommons.org/Metadata_Scraper" 
173.230.129.121 - - [06/Oct/2015:16:03:02 -0700] "GET / HTTP/1.1" 200 25367 "-" "CC Metadata Scaper http://wiki.creativecommons.org/Metadata_Scraper" 
130.43.158.7 - - [06/Oct/2015:16:57:42 -0700] "GET / HTTP/1.1" 200 7659 "http://www.researchgate.net/go.Deref.html?url=http%3A%2F%2Fwww.secrepo.com%2F" "Mozilla/5.0 (Macintosh; Intel Mac OS X 10_9_5) AppleWebKit/537.36 (KHTML, like Gecko) Chrome/45.0.2454.101 Safari/537.36" 
130.43.158.7 - - [06/Oct/2015:16:57:42 -0700] "GET /twitter-icon.png HTTP/1.1" 200 27787 "http://www.secrepo.com/" "Mozilla/5.0 (Macintosh; Intel Mac OS X 10_9_5) AppleWebKit/537.36 (KHTML, like Gecko) Chrome/45.0.2454.101 Safari/537.36" 
130.43.158.7 - - [06/Oct/2015:16:57:43 -0700] "GET /GitHub-Mark.png HTTP/1.1" 200 7428 "http://www.secrepo.com/" "Mozilla/5.0 (Macintosh; Intel Mac OS X 10_9_5) AppleWebKit/537.36 (KHTML, like Gecko) Chrome/45.0.2454.101 Safari/537.36" 
130.43.158.7 - - [06/Oct/2015:16:57:43 -0700] "GET /bootstrap/img/favicon.ico HTTP/1.1" 200 589 "http://www.secrepo.com/" "Mozilla/5.0 (Macintosh; Intel Mac OS X 10_9_5) AppleWebKit/537.36 (KHTML, like Gecko) Chrome/45.0.2454.101 Safari/537.36" 
66.249.64.150 - - [06/Oct/2015:17:31:05 -0700] "GET / HTTP/1.1" 200 7659 "-" "SAMSUNG-SGH-E250/1.0 Profile/MIDP-2.0 Configuration/CLDC-1.1 UP.Browser/6.2.3.3.c.1.101 (GUI) MMP/2.0 (compatible; Googlebot-Mobile/2.1; +http://www.google.com/bot.html)" 
203.176.151.250 - - [06/Oct/2015:18:17:54 -0700] "GET / HTTP/1.1" 200 7659 "http://www.google.com/url?sa=t&rct=j&q=&esrc=s&source=web&cd=7&cad=rja&uact=8&ved=0CEIQFjAGahUKEwihh4WKmK_IAhWCGpQKHagNC3Y&url=http%3A%2F%2Fwww.secrepo.com%2F&usg=AFQjCNHeQikQ6r63vtqWKlBvSenYpdB4dQ&bvm=bv.104615367,d.dGo" "Mozilla/5.0 (X11; Ubuntu; Linux x86_64; rv:37.0) Gecko/20100101 Firefox/37.0" 
203.176.151.250 - - [06/Oct/2015:18:17:55 -0700] "GET /bootstrap/img/favicon.ico HTTP/1.1" 200 589 "-" "Mozilla/5.0 (X11; Ubuntu; Linux x86_64; rv:37.0) Gecko/20100101 Firefox/37.0" 
203.176.151.250 - - [06/Oct/2015:18:17:56 -0700] "GET /twitter-icon.png HTTP/1.1" 200 27787 "http://www.secrepo.com/" "Mozilla/5.0 (X11; Ubuntu; Linux x86_64; rv:37.0) Gecko/20100101 Firefox/37.0" 
203.176.151.250 - - [06/Oct/2015:18:17:57 -0700] "GET /GitHub-Mark.png HTTP/1.1" 200 7428 "http://www.secrepo.com/" "Mozilla/5.0 (X11; Ubuntu; Linux x86_64; rv:37.0) Gecko/20100101 Firefox/37.0" 
61.135.190.224 - - [06/Oct/2015:18:44:18 -0700] "GET / HTTP/1.1" 200 7659 "http://www.baidu.com/s?wd=SecRepo-SecurityDataSamplesRepository" "Mozilla/5.0 (iPhone; CPU iPhone OS 5_0 like Mac OS X) AppleWebKit/534.46 (KHTML, like Gecko) Version/5.1 Mobile/9A334 Safari/7534.48.3" 
157.55.39.242 - - [06/Oct/2015:18:54:32 -0700] "GET /self.logs/access.log.2015-04-07.gz HTTP/1.1" 200 3452 "-" "Mozilla/5.0 (compatible; bingbot/2.0; +http://www.bing.com/bingbot.htm)" 
123.125.71.28 - - [06/Oct/2015:19:01:42 -0700] "GET /misc/zeus_dga_domains.txt.zip HTTP/1.1" 200 594323 "-" "Mozilla/5.0 (compatible; Baiduspider/2.0; +http://www.baidu.com/search/spider.html)" 
66.249.64.145 - - [06/Oct/2015:19:11:55 -0700] "GET /robots.txt HTTP/1.1" 200 334 "-" "Mozilla/5.0 (compatible; Googlebot/2.1; +http://www.google.com/bot.html)" 
66.249.64.155 - - [06/Oct/2015:19:11:55 -0700] "GET /honeypot/Honeypot%20-%20Howto.pdf HTTP/1.1" 304 168 "-" "Mozilla/5.0 (compatible; Googlebot/2.1; +http://www.google.com/bot.html)" 
192.187.100.154 - - [06/Oct/2015:19:16:15 -0700] "GET /honeypot/BSidesDFW%20-%202014.ipynb HTTP/1.1" 200 930836 "http://www.secrepo.com/" "Mozilla/5.0 (Macintosh; Intel Mac OS X 10_10_1) AppleWebKit/537.36 (KHTML, like Gecko) Chrome/39.0.2171.99 Safari/537.36" 
42.86.60.251 - - [06/Oct/2015:19:21:45 -0700] "GET /honeypot/BSidesDFW%20-%202014.ipynb HTTP/1.1" 200 930836 "http://www.secrepo.com/" "Mozilla/5.0 (Macintosh; Intel Mac OS X 10_10_1) AppleWebKit/600.2.5 (KHTML, like Gecko) Version/8.0.2 Safari/600.2.5" 
203.133.170.101 - - [06/Oct/2015:19:22:58 -0700] "GET /robots.txt HTTP/1.1" 200 334 "-" "Mozilla/5.0 (compatible; MSIE or Firefox mutant; not on Windows server;) Daumoa 4.0" 
203.133.170.101 - - [06/Oct/2015:19:23:02 -0700] "GET /honeypot/Honeypot%20-%20Howto%20-%20BSides%20Austin.pdf HTTP/1.1" 200 2470320 "-" "Mozilla/5.0 (compatible; MSIE or Firefox mutant; not on Windows server;) Daumoa 4.0" 
107.23.45.196 - - [06/Oct/2015:19:30:14 -0700] "GET / HTTP/1.1" 200 7659 "http://www.secrepo.com/" "Mozilla/5.0 (compatible; DuckDuckGo-Favicons-Bot/1.0; +http://duckduckgo.com)" 
107.23.45.196 - - [06/Oct/2015:19:30:14 -0700] "GET /bootstrap/img/favicon.ico HTTP/1.1" 200 589 "http://www.secrepo.com/bootstrap/img/favicon.ico" "Mozilla/5.0 (compatible; DuckDuckGo-Favicons-Bot/1.0; +http://duckduckgo.com)" 
61.135.190.224 - - [06/Oct/2015:19:39:19 -0700] "GET / HTTP/1.1" 200 7659 "http://www.baidu.com/s?wd=SecRepo-SecurityDataSamplesRepository" "Mozilla/5.0 (Windows NT 6.1; WOW64) AppleWebKit/537.36 (KHTML, like Gecko) Chrome/36.0.1985.143 Safari/537.36" 
68.100.122.115 - - [06/Oct/2015:19:45:33 -0700] "GET / HTTP/1.1" 200 7659 "http://www2.mlsecproject.org/" "Mozilla/5.0 (Macintosh; Intel Mac OS X 10.10; rv:33.0) Gecko/20100101 Firefox/33.0 SeaMonkey/2.30" 
68.100.122.115 - - [06/Oct/2015:19:45:33 -0700] "GET /twitter-icon.png HTTP/1.1" 200 27787 "http://www.secrepo.com/" "Mozilla/5.0 (Macintosh; Intel Mac OS X 10.10; rv:33.0) Gecko/20100101 Firefox/33.0 SeaMonkey/2.30" 
68.100.122.115 - - [06/Oct/2015:19:45:33 -0700] "GET /GitHub-Mark.png HTTP/1.1" 200 7428 "http://www.secrepo.com/" "Mozilla/5.0 (Macintosh; Intel Mac OS X 10.10; rv:33.0) Gecko/20100101 Firefox/33.0 SeaMonkey/2.30" 
68.100.122.115 - - [06/Oct/2015:19:45:33 -0700] "GET /bootstrap/img/favicon.ico HTTP/1.1" 200 589 "-" "Mozilla/5.0 (Macintosh; Intel Mac OS X 10.10; rv:33.0) Gecko/20100101 Firefox/33.0 SeaMonkey/2.30" 
46.118.115.132 - - [06/Oct/2015:19:45:58 -0700] "GET /honeypot/ HTTP/1.1" 200 1077 "http://x360-torrent.net/" "Mozilla/4.0 (compatible; MSIE 6.0; Windows NT 5.1; SV1; InfoPath.1)" 
46.118.115.132 - - [06/Oct/2015:19:45:58 -0700] "GET /honeypot/ HTTP/1.1" 200 1077 "http://x360-torrent.net/" "Mozilla/4.0 (compatible; MSIE 6.0; Windows NT 5.1; SV1; InfoPath.1)" 
46.118.115.132 - - [06/Oct/2015:19:45:59 -0700] "GET /honeypot/ HTTP/1.1" 200 1077 "http://x360-torrent.net/" "Mozilla/4.0 (compatible; MSIE 6.0; Windows NT 5.1; SV1; InfoPath.1)" 
68.100.122.115 - - [06/Oct/2015:19:47:00 -0700] "GET /favicon.ico HTTP/1.1" 200 268 "-" "Mozilla/5.0 (Macintosh; Intel Mac OS X 10.10; rv:33.0) Gecko/20100101 Firefox/33.0 SeaMonkey/2.30" 
