221.7.225.50 - - [10/Jun/2017:02:23:10 -0700] "GET /favicon.ico HTTP/1.1" 200 212 "-" "Mozilla/4.0 (compatible; MSIE 7.0; Windows NT 5.1; Trident/4.0; .NET CLR 2.0.50727; 360space)" 
180.92.56.134 - - [10/Jun/2017:02:24:02 -0700] "GET / HTTP/1.1" 200 10793 "https://www.google.co.jp/" "Mozilla/5.0 (Linux; Android 6.0.1; ASUS_Z00AD Build/MMB29P) AppleWebKit/537.36 (KHTML, like Gecko) Chrome/58.0.3029.83 Mobile Safari/537.36" 
180.92.56.134 - - [10/Jun/2017:02:24:02 -0700] "GET /twitter-icon.png HTTP/1.1" 200 27787 "http://www.secrepo.com/" "Mozilla/5.0 (Linux; Android 6.0.1; ASUS_Z00AD Build/MMB29P) AppleWebKit/537.36 (KHTML, like Gecko) Chrome/58.0.3029.83 Mobile Safari/537.36" 
180.92.56.134 - - [10/Jun/2017:02:24:03 -0700] "GET /GitHub-Mark.png HTTP/1.1" 200 7428 "http://www.secrepo.com/" "Mozilla/5.0 (Linux; Android 6.0.1; ASUS_Z00AD Build/MMB29P) AppleWebKit/537.36 (KHTML, like Gecko) Chrome/58.0.3029.83 Mobile Safari/537.36" 
180.92.56.134 - - [10/Jun/2017:02:24:03 -0700] "GET /bootstrap/img/favicon.ico HTTP/1.1" 200 589 "http://www.secrepo.com/" "Mozilla/5.0 (Linux; Android 6.0.1; ASUS_Z00AD Build/MMB29P) AppleWebKit/537.36 (KHTML, like Gecko) Chrome/58.0.3029.83 Mobile Safari/537.36" 
66.249.64.129 - - [10/Jun/2017:02:24:13 -0700] "GET / HTTP/1.1" 200 10793 "-" "Mozilla/5.0 (Linux; Android 6.0.1; Nexus 5X Build/MMB29P) AppleWebKit/537.36 (KHTML, like Gecko) Chrome/41.0.2272.96 Mobile Safari/537.36 (compatible; Googlebot/2.1; +http://www.google.com/bot.html)" 
216.244.66.227 - - [10/Jun/2017:02:28:11 -0700] "GET /robots.txt HTTP/1.1" 200 233 "-" "Mozilla/5.0 (compatible; DotBot/1.1; http://www.opensiteexplorer.org/dotbot, help@moz.com)" 
217.182.132.32 - - [10/Jun/2017:02:30:07 -0700] "GET /self.logs/access.log.2017-02-19.gz HTTP/1.1" 200 16385 "-" "Mozilla/5.0 (compatible; AhrefsBot/5.2; +http://ahrefs.com/robot/)" 
117.200.215.207 - - [10/Jun/2017:02:37:50 -0700] "GET /wp-login.php HTTP/1.1" 404 295 "-" "Mozilla/5.0 (Windows NT 6.1; WOW64; rv:40.0) Gecko/20100101 Firefox/40.1" 
117.200.215.207 - - [10/Jun/2017:02:37:56 -0700] "GET /wp-login.php HTTP/1.1" 404 295 "-" "Mozilla/5.0 (Windows NT 6.1; WOW64; rv:40.0) Gecko/20100101 Firefox/40.1" 
117.200.215.207 - - [10/Jun/2017:02:38:02 -0700] "GET / HTTP/1.1" 200 36475 "-" "Mozilla/5.0 (Windows NT 6.1; WOW64; rv:40.0) Gecko/20100101 Firefox/40.1" 
216.244.66.227 - - [10/Jun/2017:02:44:55 -0700] "GET /self.logs/access.log.2016-12-04.gz HTTP/1.1" 200 27361 "-" "Mozilla/5.0 (compatible; DotBot/1.1; http://www.opensiteexplorer.org/dotbot, help@moz.com)" 
51.255.65.30 - - [10/Jun/2017:02:52:56 -0700] "GET /self.logs/error.log.2015-03-25.gz HTTP/1.1" 200 909 "-" "Mozilla/5.0 (compatible; AhrefsBot/5.2; +http://ahrefs.com/robot/)" 
202.142.113.37 - - [10/Jun/2017:02:56:08 -0700] "GET /wp-login.php HTTP/1.1" 404 295 "-" "Mozilla/5.0 (Windows NT 6.1; WOW64; rv:40.0) Gecko/20100101 Firefox/40.1" 
202.142.113.37 - - [10/Jun/2017:02:56:13 -0700] "GET /wp-login.php HTTP/1.1" 404 295 "-" "Mozilla/5.0 (Windows NT 6.1; WOW64; rv:40.0) Gecko/20100101 Firefox/40.1" 
202.142.113.37 - - [10/Jun/2017:02:56:19 -0700] "GET / HTTP/1.1" 200 36475 "-" "Mozilla/5.0 (Windows NT 6.1; WOW64; rv:40.0) Gecko/20100101 Firefox/40.1" 
180.76.15.160 - - [10/Jun/2017:03:00:13 -0700] "GET / HTTP/1.1" 200 10756 "-" "Mozilla/5.0 (compatible; Baiduspider/2.0; +http://www.baidu.com/search/spider.html)" 
216.244.66.227 - - [10/Jun/2017:03:11:45 -0700] "GET /robots.txt HTTP/1.1" 200 233 "-" "Mozilla/5.0 (compatible; DotBot/1.1; http://www.opensiteexplorer.org/dotbot, help@moz.com)" 
66.249.64.157 - - [10/Jun/2017:03:13:02 -0700] "GET / HTTP/1.1" 200 10793 "-" "Mozilla/5.0 (compatible; Googlebot/2.1; +http://www.google.com/bot.html)" 
105.212.50.222 - - [10/Jun/2017:03:17:51 -0700] "GET / HTTP/1.1" 301 483 "http://fsecurify.com/fwaf-machine-learning-driven-web-application-firewall/" "Mozilla/5.0 (X11; Linux x86_64) AppleWebKit/537.36 (KHTML, like Gecko) Chrome/58.0.3029.110 Safari/537.36" 
105.212.50.222 - - [10/Jun/2017:03:17:52 -0700] "GET / HTTP/1.1" 200 10793 "http://fsecurify.com/fwaf-machine-learning-driven-web-application-firewall/" "Mozilla/5.0 (X11; Linux x86_64) AppleWebKit/537.36 (KHTML, like Gecko) Chrome/58.0.3029.110 Safari/537.36" 
164.132.161.5 - - [10/Jun/2017:03:25:42 -0700] "GET /self.logs/access.log.2017-04-12.gz HTTP/1.1" 200 27980 "-" "Mozilla/5.0 (compatible; AhrefsBot/5.2; +http://ahrefs.com/robot/)" 
111.193.200.156 - - [10/Jun/2017:03:25:59 -0700] "GET / HTTP/1.1" 200 10793 "http://link.zhihu.com/?target=http%3A//www.secrepo.com/" "Mozilla/5.0 (Macintosh; Intel Mac OS X 10_12_5) AppleWebKit/537.36 (KHTML, like Gecko) Chrome/58.0.3029.110 Safari/537.36" 
111.193.200.156 - - [10/Jun/2017:03:25:59 -0700] "GET /GitHub-Mark.png HTTP/1.1" 200 7428 "http://www.secrepo.com/" "Mozilla/5.0 (Macintosh; Intel Mac OS X 10_12_5) AppleWebKit/537.36 (KHTML, like Gecko) Chrome/58.0.3029.110 Safari/537.36" 
111.193.200.156 - - [10/Jun/2017:03:25:59 -0700] "GET /twitter-icon.png HTTP/1.1" 200 27787 "http://www.secrepo.com/" "Mozilla/5.0 (Macintosh; Intel Mac OS X 10_12_5) AppleWebKit/537.36 (KHTML, like Gecko) Chrome/58.0.3029.110 Safari/537.36" 
216.244.66.227 - - [10/Jun/2017:03:28:30 -0700] "GET /self.logs/access.log.2015-02-27.gz HTTP/1.1" 200 3115 "-" "Mozilla/5.0 (compatible; DotBot/1.1; http://www.opensiteexplorer.org/dotbot, help@moz.com)" 
216.244.66.227 - - [10/Jun/2017:03:28:32 -0700] "GET /self.logs/access.log.2015-11-02.gz HTTP/1.1" 200 8810 "-" "Mozilla/5.0 (compatible; DotBot/1.1; http://www.opensiteexplorer.org/dotbot, help@moz.com)" 
216.244.66.227 - - [10/Jun/2017:03:28:34 -0700] "GET /self.logs/access.log.2017-01-06.gz HTTP/1.1" 200 20457 "-" "Mozilla/5.0 (compatible; DotBot/1.1; http://www.opensiteexplorer.org/dotbot, help@moz.com)" 
216.244.66.227 - - [10/Jun/2017:03:28:35 -0700] "GET /self.logs/error.log.2016-08-27.gz HTTP/1.1" 200 548 "-" "Mozilla/5.0 (compatible; DotBot/1.1; http://www.opensiteexplorer.org/dotbot, help@moz.com)" 
216.244.66.227 - - [10/Jun/2017:03:28:37 -0700] "GET /self.logs/error.log.2016-12-18.gz HTTP/1.1" 200 487 "-" "Mozilla/5.0 (compatible; DotBot/1.1; http://www.opensiteexplorer.org/dotbot, help@moz.com)" 
216.244.66.227 - - [10/Jun/2017:03:28:39 -0700] "GET /self.logs/error.log.2017-01-27.gz HTTP/1.1" 200 1605 "-" "Mozilla/5.0 (compatible; DotBot/1.1; http://www.opensiteexplorer.org/dotbot, help@moz.com)" 
99.10.210.144 - - [10/Jun/2017:03:32:19 -0700] "GET / HTTP/1.1" 200 10793 "-" "Mozilla/5.0 (Windows NT 10.0; Win64; x64) AppleWebKit/537.36 (KHTML, like Gecko) Chrome/51.0.2704.79 Safari/537.36 Edge/14.14393" 
99.10.210.144 - - [10/Jun/2017:03:32:19 -0700] "GET /GitHub-Mark.png HTTP/1.1" 200 7427 "http://www.secrepo.com/" "Mozilla/5.0 (Windows NT 10.0; Win64; x64) AppleWebKit/537.36 (KHTML, like Gecko) Chrome/51.0.2704.79 Safari/537.36 Edge/14.14393" 
99.10.210.144 - - [10/Jun/2017:03:32:19 -0700] "GET /twitter-icon.png HTTP/1.1" 200 27788 "http://www.secrepo.com/" "Mozilla/5.0 (Windows NT 10.0; Win64; x64) AppleWebKit/537.36 (KHTML, like Gecko) Chrome/51.0.2704.79 Safari/537.36 Edge/14.14393" 
99.10.210.144 - - [10/Jun/2017:03:32:20 -0700] "GET /bootstrap/img/favicon.ico HTTP/1.1" 200 590 "-" "Mozilla/5.0 (Windows NT 10.0; Win64; x64) AppleWebKit/537.36 (KHTML, like Gecko) Chrome/51.0.2704.79 Safari/537.36 Edge/14.14393" 
51.255.71.127 - - [10/Jun/2017:03:32:27 -0700] "GET /self.logs/access.log.2015-09-08.gz HTTP/1.1" 200 3805 "-" "Mozilla/5.0 (compatible; AhrefsBot/5.2; +http://ahrefs.com/robot/)" 
180.76.15.146 - - [10/Jun/2017:03:33:33 -0700] "GET /honeypot/BSidesDFW%20-%202014.ipynb HTTP/1.1" 200 930799 "-" "Mozilla/5.0 (compatible; Baiduspider/2.0; +http://www.baidu.com/search/spider.html)" 
5.12.168.152 - - [10/Jun/2017:03:34:42 -0700] "GET /wp-login.php HTTP/1.1" 301 522 "-" "Mozilla/5.0 (Windows NT 6.1; WOW64; rv:40.0) Gecko/20100101 Firefox/40.1" 
5.12.168.152 - - [10/Jun/2017:03:34:42 -0700] "GET /wp-login.php HTTP/1.1" 404 295 "-" "Mozilla/5.0 (Windows NT 6.1; WOW64; rv:40.0) Gecko/20100101 Firefox/40.1" 
5.12.168.152 - - [10/Jun/2017:03:34:47 -0700] "GET /wp-login.php HTTP/1.1" 301 522 "-" "Mozilla/5.0 (Windows NT 6.1; WOW64; rv:40.0) Gecko/20100101 Firefox/40.1" 
5.12.168.152 - - [10/Jun/2017:03:34:48 -0700] "GET /wp-login.php HTTP/1.1" 404 295 "-" "Mozilla/5.0 (Windows NT 6.1; WOW64; rv:40.0) Gecko/20100101 Firefox/40.1" 
5.12.168.152 - - [10/Jun/2017:03:34:53 -0700] "GET / HTTP/1.1" 301 498 "-" "Mozilla/5.0 (Windows NT 6.1; WOW64; rv:40.0) Gecko/20100101 Firefox/40.1" 
5.12.168.152 - - [10/Jun/2017:03:34:53 -0700] "GET / HTTP/1.1" 200 36475 "-" "Mozilla/5.0 (Windows NT 6.1; WOW64; rv:40.0) Gecko/20100101 Firefox/40.1" 
62.244.154.223 - - [10/Jun/2017:03:37:21 -0700] "GET / HTTP/1.1" 200 10793 "-" "Mozilla/5.0 (Windows NT 10.0; Win64; x64) AppleWebKit/537.36 (KHTML, like Gecko) Chrome/58.0.3029.110 Safari/537.36" 
62.244.154.223 - - [10/Jun/2017:03:37:24 -0700] "GET /twitter-icon.png HTTP/1.1" 200 27788 "http://www.secrepo.com/" "Mozilla/5.0 (Windows NT 10.0; Win64; x64) AppleWebKit/537.36 (KHTML, like Gecko) Chrome/58.0.3029.110 Safari/537.36" 
62.244.154.223 - - [10/Jun/2017:03:37:25 -0700] "GET /GitHub-Mark.png HTTP/1.1" 200 7428 "http://www.secrepo.com/" "Mozilla/5.0 (Windows NT 10.0; Win64; x64) AppleWebKit/537.36 (KHTML, like Gecko) Chrome/58.0.3029.110 Safari/537.36" 
62.244.154.223 - - [10/Jun/2017:03:37:29 -0700] "GET /bootstrap/img/favicon.ico HTTP/1.1" 200 590 "http://www.secrepo.com/" "Mozilla/5.0 (Windows NT 10.0; Win64; x64) AppleWebKit/537.36 (KHTML, like Gecko) Chrome/58.0.3029.110 Safari/537.36" 
188.78.7.194 - - [10/Jun/2017:03:42:43 -0700] "GET / HTTP/1.1" 304 189 "-" "Mozilla/5.0 (Macintosh; Intel Mac OS X 10_12_5) AppleWebKit/537.36 (KHTML, like Gecko) Chrome/58.0.3029.110 Safari/537.36" 
188.78.7.194 - - [10/Jun/2017:03:43:00 -0700] "GET /maccdc2012/ssl.log.gz HTTP/1.1" 200 1313675 "-" "Mozilla/5.0 (Macintosh; Intel Mac OS X 10_12_5) AppleWebKit/537.36 (KHTML, like Gecko) Chrome/58.0.3029.110 Safari/537.36" 
77.30.215.12 - - [10/Jun/2017:03:43:08 -0700] "GET /favicon.ico HTTP/1.1" 200 268 "-" "Java/1.8.0_92" 
77.30.215.12 - - [10/Jun/2017:03:43:08 -0700] "GET /favicon.ico HTTP/1.1" 200 268 "-" "Java/1.8.0_92" 
77.30.215.12 - - [10/Jun/2017:03:43:09 -0700] "GET /favicon.ico HTTP/1.1" 200 267 "-" "Java/1.8.0_92" 
77.30.215.12 - - [10/Jun/2017:03:43:09 -0700] "GET /favicon.ico HTTP/1.1" 200 267 "-" "Java/1.8.0_92" 
77.30.215.12 - - [10/Jun/2017:03:43:09 -0700] "GET /favicon.ico HTTP/1.1" 200 267 "-" "Java/1.8.0_92" 
77.30.215.12 - - [10/Jun/2017:03:43:10 -0700] "GET /favicon.ico HTTP/1.1" 200 267 "-" "Java/1.8.0_92" 
77.30.215.12 - - [10/Jun/2017:03:43:10 -0700] "GET /favicon.ico HTTP/1.1" 200 267 "-" "Java/1.8.0_92" 
77.30.215.12 - - [10/Jun/2017:03:43:11 -0700] "GET /favicon.ico HTTP/1.1" 200 267 "-" "Java/1.8.0_92" 
77.30.215.12 - - [10/Jun/2017:03:43:11 -0700] "GET /favicon.ico HTTP/1.1" 200 267 "-" "Java/1.8.0_92" 
188.78.7.194 - - [10/Jun/2017:03:44:03 -0700] "GET /maccdc2012/smtp.log.gz HTTP/1.1" 200 6908 "-" "Mozilla/5.0 (Macintosh; Intel Mac OS X 10_12_5) AppleWebKit/537.36 (KHTML, like Gecko) Chrome/58.0.3029.110 Safari/537.36" 
188.78.7.194 - - [10/Jun/2017:03:45:11 -0700] "GET /Security-Data-Analysis/Lab_1/conn.log.zip HTTP/1.1" 200 549098528 "-" "Mozilla/5.0 (Macintosh; Intel Mac OS X 10_12_5) AppleWebKit/537.36 (KHTML, like Gecko) Chrome/58.0.3029.110 Safari/537.36" 
188.78.7.194 - - [10/Jun/2017:03:48:31 -0700] "GET /Security-Data-Analysis/Lab_2/http.log.zip HTTP/1.1" 200 53454198 "-" "Mozilla/5.0 (Macintosh; Intel Mac OS X 10_12_5) AppleWebKit/537.36 (KHTML, like Gecko) Chrome/58.0.3029.110 Safari/537.36" 
120.221.1.28 - - [10/Jun/2017:03:49:23 -0700] "GET /maccdc2012/files.log.gz HTTP/1.1" 304 155 "-" "Mozilla/5.0 Gecko/20100115 Firefox/3.6" 
175.137.122.253 - - [10/Jun/2017:03:51:52 -0700] "GET /wp-login.php HTTP/1.1" 404 295 "-" "Mozilla/5.0 (Windows NT 6.1; WOW64; rv:40.0) Gecko/20100101 Firefox/40.1" 
175.137.122.253 - - [10/Jun/2017:03:51:58 -0700] "GET /wp-login.php HTTP/1.1" 404 295 "-" "Mozilla/5.0 (Windows NT 6.1; WOW64; rv:40.0) Gecko/20100101 Firefox/40.1" 
175.137.122.253 - - [10/Jun/2017:03:52:03 -0700] "GET / HTTP/1.1" 200 36475 "-" "Mozilla/5.0 (Windows NT 6.1; WOW64; rv:40.0) Gecko/20100101 Firefox/40.1" 
51.255.65.50 - - [10/Jun/2017:03:52:36 -0700] "GET /self.logs/access.log.2015-05-21.gz HTTP/1.1" 200 4928 "-" "Mozilla/5.0 (compatible; AhrefsBot/5.2; +http://ahrefs.com/robot/)" 
216.244.66.227 - - [10/Jun/2017:03:55:30 -0700] "GET /robots.txt HTTP/1.1" 200 233 "-" "Mozilla/5.0 (compatible; DotBot/1.1; http://www.opensiteexplorer.org/dotbot, help@moz.com)" 
117.193.247.103 - - [10/Jun/2017:03:55:44 -0700] "GET /wp-login.php HTTP/1.1" 404 295 "-" "Mozilla/5.0 (Windows NT 6.1; WOW64; rv:40.0) Gecko/20100101 Firefox/40.1" 
117.193.247.103 - - [10/Jun/2017:03:55:50 -0700] "GET /wp-login.php HTTP/1.1" 404 295 "-" "Mozilla/5.0 (Windows NT 6.1; WOW64; rv:40.0) Gecko/20100101 Firefox/40.1" 
117.193.247.103 - - [10/Jun/2017:03:55:56 -0700] "GET / HTTP/1.1" 200 36475 "-" "Mozilla/5.0 (Windows NT 6.1; WOW64; rv:40.0) Gecko/20100101 Firefox/40.1" 
43.242.210.75 - - [10/Jun/2017:03:58:23 -0700] "GET / HTTP/1.1" 200 10793 "http://www.kdnuggets.com/2017/01/machine-learning-cyber-security.html" "Mozilla/5.0 (X11; Linux x86_64) AppleWebKit/537.36 (KHTML, like Gecko) Ubuntu Chromium/58.0.3029.110 Chrome/58.0.3029.110 Safari/537.36" 
43.242.210.75 - - [10/Jun/2017:03:58:24 -0700] "GET /GitHub-Mark.png HTTP/1.1" 200 7428 "http://www.secrepo.com/" "Mozilla/5.0 (X11; Linux x86_64) AppleWebKit/537.36 (KHTML, like Gecko) Ubuntu Chromium/58.0.3029.110 Chrome/58.0.3029.110 Safari/537.36" 
43.242.210.75 - - [10/Jun/2017:03:58:24 -0700] "GET /twitter-icon.png HTTP/1.1" 200 27787 "http://www.secrepo.com/" "Mozilla/5.0 (X11; Linux x86_64) AppleWebKit/537.36 (KHTML, like Gecko) Ubuntu Chromium/58.0.3029.110 Chrome/58.0.3029.110 Safari/537.36" 
43.242.210.75 - - [10/Jun/2017:03:58:26 -0700] "GET /bootstrap/img/favicon.ico HTTP/1.1" 200 589 "http://www.secrepo.com/" "Mozilla/5.0 (X11; Linux x86_64) AppleWebKit/537.36 (KHTML, like Gecko) Ubuntu Chromium/58.0.3029.110 Chrome/58.0.3029.110 Safari/537.36" 
175.137.122.253 - - [10/Jun/2017:04:00:03 -0700] "GET /wp-login.php HTTP/1.1" 301 522 "-" "Mozilla/5.0 (Windows NT 6.1; WOW64; rv:40.0) Gecko/20100101 Firefox/40.1" 
175.137.122.253 - - [10/Jun/2017:04:00:04 -0700] "GET /wp-login.php HTTP/1.1" 404 295 "-" "Mozilla/5.0 (Windows NT 6.1; WOW64; rv:40.0) Gecko/20100101 Firefox/40.1" 
175.137.122.253 - - [10/Jun/2017:04:00:09 -0700] "GET /wp-login.php HTTP/1.1" 301 522 "-" "Mozilla/5.0 (Windows NT 6.1; WOW64; rv:40.0) Gecko/20100101 Firefox/40.1" 
175.137.122.253 - - [10/Jun/2017:04:00:10 -0700] "GET /wp-login.php HTTP/1.1" 404 295 "-" "Mozilla/5.0 (Windows NT 6.1; WOW64; rv:40.0) Gecko/20100101 Firefox/40.1" 
175.137.122.253 - - [10/Jun/2017:04:00:15 -0700] "GET / HTTP/1.1" 301 498 "-" "Mozilla/5.0 (Windows NT 6.1; WOW64; rv:40.0) Gecko/20100101 Firefox/40.1" 
175.137.122.253 - - [10/Jun/2017:04:00:16 -0700] "GET / HTTP/1.1" 200 36475 "-" "Mozilla/5.0 (Windows NT 6.1; WOW64; rv:40.0) Gecko/20100101 Firefox/40.1" 
188.78.7.194 - - [10/Jun/2017:04:01:41 -0700] "GET /self.logs/ HTTP/1.1" 200 17836 "http://www.secrepo.com/" "Mozilla/5.0 (Macintosh; Intel Mac OS X 10_12_5) AppleWebKit/537.36 (KHTML, like Gecko) Chrome/58.0.3029.110 Safari/537.36" 
188.78.7.194 - - [10/Jun/2017:04:01:41 -0700] "GET /favicon.ico HTTP/1.1" 200 267 "http://www.secrepo.com/self.logs/" "Mozilla/5.0 (Macintosh; Intel Mac OS X 10_12_5) AppleWebKit/537.36 (KHTML, like Gecko) Chrome/58.0.3029.110 Safari/537.36" 
191.240.28.121 - - [10/Jun/2017:04:06:43 -0700] "GET / HTTP/1.1" 200 10793 "https://www.google.com.br" "Mozilla/5.0 (X11; Linux i686; rv:45.0) Gecko/20100101 Firefox/45.0" 
191.240.28.121 - - [10/Jun/2017:04:06:44 -0700] "GET /twitter-icon.png HTTP/1.1" 200 27787 "http://www.secrepo.com/" "Mozilla/5.0 (X11; Linux i686; rv:45.0) Gecko/20100101 Firefox/45.0" 
191.240.28.121 - - [10/Jun/2017:04:06:44 -0700] "GET /GitHub-Mark.png HTTP/1.1" 200 7428 "http://www.secrepo.com/" "Mozilla/5.0 (X11; Linux i686; rv:45.0) Gecko/20100101 Firefox/45.0" 
216.244.66.227 - - [10/Jun/2017:04:12:21 -0700] "GET /self.logs/access.log.2015-02-10.gz HTTP/1.1" 200 13567 "-" "Mozilla/5.0 (compatible; DotBot/1.1; http://www.opensiteexplorer.org/dotbot, help@moz.com)" 
216.244.66.227 - - [10/Jun/2017:04:12:22 -0700] "GET /self.logs/access.log.2015-03-17.gz HTTP/1.1" 200 5910 "-" "Mozilla/5.0 (compatible; DotBot/1.1; http://www.opensiteexplorer.org/dotbot, help@moz.com)" 
216.244.66.227 - - [10/Jun/2017:04:12:25 -0700] "GET /self.logs/access.log.2016-09-30.gz HTTP/1.1" 200 8408 "-" "Mozilla/5.0 (compatible; DotBot/1.1; http://www.opensiteexplorer.org/dotbot, help@moz.com)" 
216.244.66.227 - - [10/Jun/2017:04:12:25 -0700] "GET /self.logs/access.log.2015-04-16.gz HTTP/1.1" 200 11808 "-" "Mozilla/5.0 (compatible; DotBot/1.1; http://www.opensiteexplorer.org/dotbot, help@moz.com)" 
216.244.66.227 - - [10/Jun/2017:04:12:26 -0700] "GET /self.logs/access.log.2016-11-03.gz HTTP/1.1" 200 15844 "-" "Mozilla/5.0 (compatible; DotBot/1.1; http://www.opensiteexplorer.org/dotbot, help@moz.com)" 
216.244.66.227 - - [10/Jun/2017:04:12:28 -0700] "GET /self.logs/access.log.2017-03-14.gz HTTP/1.1" 200 16384 "-" "Mozilla/5.0 (compatible; DotBot/1.1; http://www.opensiteexplorer.org/dotbot, help@moz.com)" 
216.244.66.227 - - [10/Jun/2017:04:12:29 -0700] "GET /self.logs/error.log.2015-10-12.gz HTTP/1.1" 200 1888 "-" "Mozilla/5.0 (compatible; DotBot/1.1; http://www.opensiteexplorer.org/dotbot, help@moz.com)" 
216.244.66.227 - - [10/Jun/2017:04:12:31 -0700] "GET /self.logs/error.log.2016-02-23.gz HTTP/1.1" 200 735 "-" "Mozilla/5.0 (compatible; DotBot/1.1; http://www.opensiteexplorer.org/dotbot, help@moz.com)" 
216.244.66.227 - - [10/Jun/2017:04:12:32 -0700] "GET /self.logs/error.log.2016-04-10.gz HTTP/1.1" 200 639 "-" "Mozilla/5.0 (compatible; DotBot/1.1; http://www.opensiteexplorer.org/dotbot, help@moz.com)" 
216.244.66.227 - - [10/Jun/2017:04:12:33 -0700] "GET /self.logs/error.log.2016-07-09.gz HTTP/1.1" 200 962 "-" "Mozilla/5.0 (compatible; DotBot/1.1; http://www.opensiteexplorer.org/dotbot, help@moz.com)" 
117.193.247.103 - - [10/Jun/2017:04:18:50 -0700] "GET /wp-login.php HTTP/1.1" 301 522 "-" "Mozilla/5.0 (Windows NT 6.1; WOW64; rv:40.0) Gecko/20100101 Firefox/40.1" 
117.193.247.103 - - [10/Jun/2017:04:18:50 -0700] "GET /wp-login.php HTTP/1.1" 404 295 "-" "Mozilla/5.0 (Windows NT 6.1; WOW64; rv:40.0) Gecko/20100101 Firefox/40.1" 
117.193.247.103 - - [10/Jun/2017:04:18:56 -0700] "GET /wp-login.php HTTP/1.1" 301 522 "-" "Mozilla/5.0 (Windows NT 6.1; WOW64; rv:40.0) Gecko/20100101 Firefox/40.1" 
117.193.247.103 - - [10/Jun/2017:04:18:57 -0700] "GET /wp-login.php HTTP/1.1" 404 295 "-" "Mozilla/5.0 (Windows NT 6.1; WOW64; rv:40.0) Gecko/20100101 Firefox/40.1" 
117.193.247.103 - - [10/Jun/2017:04:19:02 -0700] "GET / HTTP/1.1" 301 498 "-" "Mozilla/5.0 (Windows NT 6.1; WOW64; rv:40.0) Gecko/20100101 Firefox/40.1" 
117.193.247.103 - - [10/Jun/2017:04:19:03 -0700] "GET / HTTP/1.1" 200 36475 "-" "Mozilla/5.0 (Windows NT 6.1; WOW64; rv:40.0) Gecko/20100101 Firefox/40.1" 
216.244.66.250 - - [10/Jun/2017:04:28:26 -0700] "GET /robots.txt HTTP/1.1" 200 233 "-" "Mozilla/5.0 (compatible; DotBot/1.1; http://www.opensiteexplorer.org/dotbot, help@moz.com)" 
188.40.126.66 - - [10/Jun/2017:04:28:52 -0700] "GET / HTTP/1.1" 200 10737 "-" "Mozilla/5.0 (compatible; NewShareCounts.com/1.0; +http://newsharecounts.com/crawler)" 
216.244.66.227 - - [10/Jun/2017:04:37:35 -0700] "GET /robots.txt HTTP/1.1" 200 233 "-" "Mozilla/5.0 (compatible; DotBot/1.1; http://www.opensiteexplorer.org/dotbot, help@moz.com)" 
117.197.199.142 - - [10/Jun/2017:04:42:31 -0700] "GET /wp-login.php HTTP/1.1" 404 295 "-" "Mozilla/5.0 (Windows NT 6.1; WOW64; rv:40.0) Gecko/20100101 Firefox/40.1" 
117.197.199.142 - - [10/Jun/2017:04:42:36 -0700] "GET /wp-login.php HTTP/1.1" 404 295 "-" "Mozilla/5.0 (Windows NT 6.1; WOW64; rv:40.0) Gecko/20100101 Firefox/40.1" 
117.197.199.142 - - [10/Jun/2017:04:42:42 -0700] "GET / HTTP/1.1" 200 36475 "-" "Mozilla/5.0 (Windows NT 6.1; WOW64; rv:40.0) Gecko/20100101 Firefox/40.1" 
52.168.161.70 - - [10/Jun/2017:04:49:10 -0700] "HEAD / HTTP/1.1" 301 253 "https://www.google.com/" "Mozilla/5.0 (compatible; epicbot; +http://www.epictions.com/epicbot)" 
52.168.161.70 - - [10/Jun/2017:04:49:12 -0700] "HEAD / HTTP/1.1" 301 253 "https://www.google.com/" "Mozilla/5.0 (compatible; epicbot; +http://www.epictions.com/epicbot)" 
52.168.161.70 - - [10/Jun/2017:04:49:12 -0700] "HEAD / HTTP/1.1" 301 253 "https://www.google.com/" "Mozilla/5.0 (compatible; epicbot; +http://www.epictions.com/epicbot)" 
137.74.207.114 - - [10/Jun/2017:04:50:37 -0700] "GET /self.logs/access.log.2015-03-10.gz HTTP/1.1" 200 13354 "-" "Mozilla/5.0 (compatible; AhrefsBot/5.2; +http://ahrefs.com/robot/)" 
51.255.65.40 - - [10/Jun/2017:04:51:05 -0700] "GET /self.logs/error.log.2016-04-20.gz HTTP/1.1" 200 761 "-" "Mozilla/5.0 (compatible; AhrefsBot/5.2; +http://ahrefs.com/robot/)" 
66.102.6.96 - - [10/Jun/2017:04:52:46 -0700] "GET / HTTP/1.1" 200 10793 "http://googleweblight.com/" "Mozilla/5.0 (Linux; Android 4.2.1; en-us; Nexus 5 Build/JOP40D) AppleWebKit/535.19 (KHTML, like Gecko; googleweblight) Chrome/38.0.1025.166 Mobile Safari/535.19" 
66.102.6.96 - - [10/Jun/2017:04:52:46 -0700] "GET / HTTP/1.1" 200 10792 "-" "Mozilla/5.0 (Linux; Android 4.2.1; en-us; Nexus 5 Build/JOP40D) AppleWebKit/535.19 (KHTML, like Gecko; googleweblight) Chrome/38.0.1025.166 Mobile Safari/535.19" 
66.102.6.96 - - [10/Jun/2017:04:52:46 -0700] "GET /GitHub-Mark.png HTTP/1.1" 200 7427 "http://www.secrepo.com/" "Mozilla/5.0 (Linux; Android 4.2.1; en-us; Nexus 5 Build/JOP40D) AppleWebKit/535.19 (KHTML, like Gecko; googleweblight) Chrome/38.0.1025.166 Mobile Safari/535.19" 
66.249.83.84 - - [10/Jun/2017:04:52:46 -0700] "GET /twitter-icon.png HTTP/1.1" 200 27788 "http://www.secrepo.com/" "Mozilla/5.0 (Linux; Android 4.2.1; en-us; Nexus 5 Build/JOP40D) AppleWebKit/535.19 (KHTML, like Gecko; googleweblight) Chrome/38.0.1025.166 Mobile Safari/535.19" 
66.102.6.125 - - [10/Jun/2017:04:52:46 -0700] "GET /GitHub-Mark.png HTTP/1.1" 200 7428 "http://www.secrepo.com/" "Mozilla/5.0 (Linux; Android 4.2.1; en-us; Nexus 5 Build/JOP40D) AppleWebKit/535.19 (KHTML, like Gecko; googleweblight) Chrome/38.0.1025.166 Mobile Safari/535.19" 
66.102.6.127 - - [10/Jun/2017:04:52:46 -0700] "GET /twitter-icon.png HTTP/1.1" 200 27788 "http://www.secrepo.com/" "Mozilla/5.0 (Linux; Android 4.2.1; en-us; Nexus 5 Build/JOP40D) AppleWebKit/535.19 (KHTML, like Gecko; googleweblight) Chrome/38.0.1025.166 Mobile Safari/535.19" 
216.244.66.227 - - [10/Jun/2017:04:54:33 -0700] "GET /self.logs/access.log.2015-04-25.gz HTTP/1.1" 200 2750 "-" "Mozilla/5.0 (compatible; DotBot/1.1; http://www.opensiteexplorer.org/dotbot, help@moz.com)" 
216.244.66.227 - - [10/Jun/2017:04:54:35 -0700] "GET /self.logs/error.log.2015-05-06.gz HTTP/1.1" 200 2053 "-" "Mozilla/5.0 (compatible; DotBot/1.1; http://www.opensiteexplorer.org/dotbot, help@moz.com)" 
216.244.66.227 - - [10/Jun/2017:04:54:37 -0700] "GET /self.logs/error.log.2017-03-10.gz HTTP/1.1" 200 817 "-" "Mozilla/5.0 (compatible; DotBot/1.1; http://www.opensiteexplorer.org/dotbot, help@moz.com)" 
137.74.207.101 - - [10/Jun/2017:04:55:32 -0700] "GET /self.logs/access.log.2016-06-23.gz HTTP/1.1" 200 7013 "-" "Mozilla/5.0 (compatible; AhrefsBot/5.2; +http://ahrefs.com/robot/)" 
43.242.210.75 - - [10/Jun/2017:04:57:20 -0700] "GET /maccdc2012/conn.log.gz HTTP/1.1" 200 1615963 "-" "Mozilla/5.0 (X11; Linux x86_64) AppleWebKit/537.36 (KHTML, like Gecko) Ubuntu Chromium/58.0.3029.110 Chrome/58.0.3029.110 Safari/537.36" 
43.242.210.75 - - [10/Jun/2017:04:57:41 -0700] "GET /maccdc2012/dhcp.log.gz HTTP/1.1" 200 45019 "-" "Mozilla/5.0 (X11; Linux x86_64) AppleWebKit/537.36 (KHTML, like Gecko) Ubuntu Chromium/58.0.3029.110 Chrome/58.0.3029.110 Safari/537.36" 
117.212.231.136 - - [10/Jun/2017:05:03:01 -0700] "GET / HTTP/1.1" 200 10793 "-" "Mozilla/5.0 (Windows NT 10.0; Win64; x64) AppleWebKit/537.36 (KHTML, like Gecko) Chrome/58.0.3029.110 Safari/537.36" 
117.212.231.136 - - [10/Jun/2017:05:03:02 -0700] "GET /GitHub-Mark.png HTTP/1.1" 200 7428 "http://www.secrepo.com/" "Mozilla/5.0 (Windows NT 10.0; Win64; x64) AppleWebKit/537.36 (KHTML, like Gecko) Chrome/58.0.3029.110 Safari/537.36" 
117.212.231.136 - - [10/Jun/2017:05:03:02 -0700] "GET /twitter-icon.png HTTP/1.1" 200 27787 "http://www.secrepo.com/" "Mozilla/5.0 (Windows NT 10.0; Win64; x64) AppleWebKit/537.36 (KHTML, like Gecko) Chrome/58.0.3029.110 Safari/537.36" 
117.212.231.136 - - [10/Jun/2017:05:03:03 -0700] "GET /bootstrap/img/favicon.ico HTTP/1.1" 200 589 "http://www.secrepo.com/" "Mozilla/5.0 (Windows NT 10.0; Win64; x64) AppleWebKit/537.36 (KHTML, like Gecko) Chrome/58.0.3029.110 Safari/537.36" 
43.242.210.75 - - [10/Jun/2017:05:08:54 -0700] "GET /maccdc2012/dns.log.gz HTTP/1.1" 200 80465 "-" "Mozilla/5.0 (iPad; CPU OS 5_0 like Mac OS X) AppleWebKit/534.46 (KHTML, like Gecko) Version/5.1 Mobile/9A334 Safari/7534.48.3" 
95.221.222.224 - - [10/Jun/2017:05:10:22 -0700] "GET / HTTP/1.1" 200 10756 "http://yandex.ru/clck/jsredir?from=yandex.ru%3Bsearch%3Bweb%3B%3B&text=&etext=1448.Z5BCR4xk8Zi9OgqosjuggLaPPSToRRjtnJtZJoyxjKQxXtSvulCk_B10-1cMqrZU.9c3744ec29b085f72517c20f1cd0151f1681ceb1&uuid=&state=_BLhILn4SxNIvvL0W45KSic66uCIg23qh8iRG98qeIXmeppkgUc0YHRNgn3KsbHJbmUkku86_mY&data=UlNrNmk5WktYejR0eWJFYk1LdmtxdFVvX2JPZzkyaEU2WFNsdVNGUmVZbU91UHlqSWwyc084UnhuaF9haXotb2hTSXdwR1lvRncwZ25SVG4xQm1FRHRSZEJ2MHlrd1BrNUFBYXlaV2lQaVk&b64e=2&sign=f4e14cfe8929fde6d2b852a7ea81aebe&keyno=0&cst=AiuY0DBWFJ7IXge4WdYJQaYgAYq7Jarr1CHZEwCPmEfe-yRhE8YQ4bZ_viNUEfa56H925nps2y9mirDYlD98JAt7N2ugMm3xra9-tGtXjlYmAhpU9phfo2LqYn9XVuVmu4Abo2IhMUclFCvGD4ZI72Wid9cHSzmE&ref=orjY4mGPRjk5boDnW0uvlrrd71vZw9kp5uQozpMtKCV-bB70LKhDfCLZWGyKAhhEydGbc8guIXpxQQtzseOebEmWLO_L2MK8Pez1Mr0DTsuBh-m46WOihg&l10n=ru&cts=1497084056809&mc=4.01992349546" "Mozilla/5.0 (compatible; MSIE 10.0; Windows NT 6.1; Trident/6.0; Touch; MASEJS)" 
51.255.65.21 - - [10/Jun/2017:05:11:03 -0700] "GET /self.logs/error.log.2016-09-19.gz HTTP/1.1" 200 754 "-" "Mozilla/5.0 (compatible; AhrefsBot/5.2; +http://ahrefs.com/robot/)" 
43.242.210.75 - - [10/Jun/2017:05:10:28 -0700] "GET /maccdc2012/http.log.gz HTTP/1.1" 200 3672226 "-" "-" 
43.242.210.75 - - [10/Jun/2017:05:07:11 -0700] "GET /maccdc2012/conn.log.gz HTTP/1.1" 200 11080147 "-" "-" 
51.255.71.128 - - [10/Jun/2017:05:11:59 -0700] "GET /self.logs/error.log.2015-01-28.gz HTTP/1.1" 200 588 "-" "Mozilla/5.0 (compatible; AhrefsBot/5.2; +http://ahrefs.com/robot/)" 
52.168.161.70 - - [10/Jun/2017:05:12:36 -0700] "HEAD / HTTP/1.1" 301 253 "https://www.google.com/" "Mozilla/5.0 (compatible; epicbot; +http://www.epictions.com/epicbot)" 
52.168.161.70 - - [10/Jun/2017:05:12:36 -0700] "HEAD / HTTP/1.1" 301 253 "https://www.google.com/" "Mozilla/5.0 (compatible; epicbot; +http://www.epictions.com/epicbot)" 
52.168.161.70 - - [10/Jun/2017:05:12:36 -0700] "HEAD / HTTP/1.1" 301 253 "https://www.google.com/" "Mozilla/5.0 (compatible; epicbot; +http://www.epictions.com/epicbot)" 
52.168.161.70 - - [10/Jun/2017:05:12:36 -0700] "HEAD / HTTP/1.1" 301 253 "https://www.google.com/" "Mozilla/5.0 (compatible; epicbot; +http://www.epictions.com/epicbot)" 
52.168.161.70 - - [10/Jun/2017:05:12:38 -0700] "HEAD / HTTP/1.1" 301 253 "https://www.google.com/" "Mozilla/5.0 (compatible; epicbot; +http://www.epictions.com/epicbot)" 
52.168.161.70 - - [10/Jun/2017:05:12:38 -0700] "HEAD / HTTP/1.1" 301 253 "https://www.google.com/" "Mozilla/5.0 (compatible; epicbot; +http://www.epictions.com/epicbot)" 
52.168.161.70 - - [10/Jun/2017:05:12:38 -0700] "HEAD / HTTP/1.1" 301 253 "https://www.google.com/" "Mozilla/5.0 (compatible; epicbot; +http://www.epictions.com/epicbot)" 
52.168.161.70 - - [10/Jun/2017:05:12:38 -0700] "HEAD / HTTP/1.1" 301 253 "https://www.google.com/" "Mozilla/5.0 (compatible; epicbot; +http://www.epictions.com/epicbot)" 
52.168.161.70 - - [10/Jun/2017:05:12:39 -0700] "HEAD / HTTP/1.1" 301 253 "https://www.google.com/" "Mozilla/5.0 (compatible; epicbot; +http://www.epictions.com/epicbot)" 
52.168.161.70 - - [10/Jun/2017:05:12:39 -0700] "HEAD / HTTP/1.1" 301 253 "https://www.google.com/" "Mozilla/5.0 (compatible; epicbot; +http://www.epictions.com/epicbot)" 
52.168.161.70 - - [10/Jun/2017:05:12:39 -0700] "HEAD / HTTP/1.1" 301 253 "https://www.google.com/" "Mozilla/5.0 (compatible; epicbot; +http://www.epictions.com/epicbot)" 
52.168.161.70 - - [10/Jun/2017:05:12:39 -0700] "HEAD / HTTP/1.1" 301 253 "https://www.google.com/" "Mozilla/5.0 (compatible; epicbot; +http://www.epictions.com/epicbot)" 
182.70.17.187 - - [10/Jun/2017:05:15:25 -0700] "GET / HTTP/1.1" 200 10793 "https://www.google.co.in/" "Mozilla/5.0 (Windows NT 10.0; Win64; x64) AppleWebKit/537.36 (KHTML, like Gecko) Chrome/58.0.3029.110 Safari/537.36" 
182.70.17.187 - - [10/Jun/2017:05:15:26 -0700] "GET /GitHub-Mark.png HTTP/1.1" 200 7428 "http://www.secrepo.com/" "Mozilla/5.0 (Windows NT 10.0; Win64; x64) AppleWebKit/537.36 (KHTML, like Gecko) Chrome/58.0.3029.110 Safari/537.36" 
182.70.17.187 - - [10/Jun/2017:05:15:26 -0700] "GET /twitter-icon.png HTTP/1.1" 200 27787 "http://www.secrepo.com/" "Mozilla/5.0 (Windows NT 10.0; Win64; x64) AppleWebKit/537.36 (KHTML, like Gecko) Chrome/58.0.3029.110 Safari/537.36" 
182.70.17.187 - - [10/Jun/2017:05:15:27 -0700] "GET /bootstrap/img/favicon.ico HTTP/1.1" 200 589 "http://www.secrepo.com/" "Mozilla/5.0 (Windows NT 10.0; Win64; x64) AppleWebKit/537.36 (KHTML, like Gecko) Chrome/58.0.3029.110 Safari/537.36" 
52.168.161.70 - - [10/Jun/2017:05:16:45 -0700] "HEAD / HTTP/1.1" 200 282 "https://www.google.com/" "Mozilla/5.0 (compatible; epicbot; +http://www.epictions.com/epicbot)" 
52.168.161.70 - - [10/Jun/2017:05:16:49 -0700] "HEAD / HTTP/1.1" 200 282 "https://www.google.com/" "Mozilla/5.0 (compatible; epicbot; +http://www.epictions.com/epicbot)" 
52.168.161.70 - - [10/Jun/2017:05:16:49 -0700] "HEAD / HTTP/1.1" 200 282 "https://www.google.com/" "Mozilla/5.0 (compatible; epicbot; +http://www.epictions.com/epicbot)" 
182.70.17.187 - - [10/Jun/2017:05:17:01 -0700] "GET /maccdc2012/dns.log.gz HTTP/1.1" 200 6629420 "-" "Mozilla/5.0 (Windows NT 10.0; Win64; x64) AppleWebKit/537.36 (KHTML, like Gecko) Chrome/58.0.3029.110 Safari/537.36" 
216.244.66.227 - - [10/Jun/2017:05:20:00 -0700] "GET /robots.txt HTTP/1.1" 200 233 "-" "Mozilla/5.0 (compatible; DotBot/1.1; http://www.opensiteexplorer.org/dotbot, help@moz.com)" 
182.70.17.187 - - [10/Jun/2017:05:22:56 -0700] "GET /maccdc2012/dns.log.gz HTTP/1.1" 200 6629420 "-" "Mozilla/5.0 (Windows NT 10.0; Win64; x64) AppleWebKit/537.36 (KHTML, like Gecko) Chrome/58.0.3029.110 Safari/537.36" 
52.168.161.70 - - [10/Jun/2017:05:29:54 -0700] "HEAD / HTTP/1.1" 200 282 "https://www.google.com/" "Mozilla/5.0 (compatible; epicbot; +http://www.epictions.com/epicbot)" 
52.168.161.70 - - [10/Jun/2017:05:29:56 -0700] "HEAD / HTTP/1.1" 200 282 "https://www.google.com/" "Mozilla/5.0 (compatible; epicbot; +http://www.epictions.com/epicbot)" 
52.168.161.70 - - [10/Jun/2017:05:29:56 -0700] "HEAD / HTTP/1.1" 200 282 "https://www.google.com/" "Mozilla/5.0 (compatible; epicbot; +http://www.epictions.com/epicbot)" 
66.249.64.70 - - [10/Jun/2017:05:31:54 -0700] "GET /robots.txt HTTP/1.1" 301 502 "-" "Mozilla/5.0 (compatible; Googlebot/2.1; +http://www.google.com/bot.html)" 
66.249.64.157 - - [10/Jun/2017:05:31:54 -0700] "GET /robots.txt HTTP/1.1" 200 334 "-" "Mozilla/5.0 (compatible; Googlebot/2.1; +http://www.google.com/bot.html)" 
66.249.64.69 - - [10/Jun/2017:05:31:55 -0700] "GET / HTTP/1.1" 301 483 "-" "Mozilla/5.0 (compatible; Googlebot/2.1; +http://www.google.com/bot.html)" 
37.186.50.95 - - [10/Jun/2017:05:35:07 -0700] "GET /wp-login.php HTTP/1.1" 404 295 "-" "Mozilla/5.0 (Windows NT 6.1; WOW64; rv:40.0) Gecko/20100101 Firefox/40.1" 
37.186.50.95 - - [10/Jun/2017:05:35:13 -0700] "GET /wp-login.php HTTP/1.1" 404 295 "-" "Mozilla/5.0 (Windows NT 6.1; WOW64; rv:40.0) Gecko/20100101 Firefox/40.1" 
37.186.50.95 - - [10/Jun/2017:05:35:18 -0700] "GET / HTTP/1.1" 200 36475 "-" "Mozilla/5.0 (Windows NT 6.1; WOW64; rv:40.0) Gecko/20100101 Firefox/40.1" 
216.244.66.227 - - [10/Jun/2017:05:37:20 -0700] "GET /self.logs/access.log.2015-10-10.gz HTTP/1.1" 200 4097 "-" "Mozilla/5.0 (compatible; DotBot/1.1; http://www.opensiteexplorer.org/dotbot, help@moz.com)" 
216.244.66.227 - - [10/Jun/2017:05:37:22 -0700] "GET /self.logs/access.log.2016-10-22.gz HTTP/1.1" 200 6355 "-" "Mozilla/5.0 (compatible; DotBot/1.1; http://www.opensiteexplorer.org/dotbot, help@moz.com)" 
216.244.66.227 - - [10/Jun/2017:05:37:23 -0700] "GET /self.logs/access.log.2016-11-19.gz HTTP/1.1" 200 8969 "-" "Mozilla/5.0 (compatible; DotBot/1.1; http://www.opensiteexplorer.org/dotbot, help@moz.com)" 
216.244.66.227 - - [10/Jun/2017:05:37:24 -0700] "GET /self.logs/access.log.2017-01-07.gz HTTP/1.1" 200 17153 "-" "Mozilla/5.0 (compatible; DotBot/1.1; http://www.opensiteexplorer.org/dotbot, help@moz.com)" 
216.244.66.227 - - [10/Jun/2017:05:37:26 -0700] "GET /self.logs/error.log.2015-02-27.gz HTTP/1.1" 200 759 "-" "Mozilla/5.0 (compatible; DotBot/1.1; http://www.opensiteexplorer.org/dotbot, help@moz.com)" 
216.244.66.227 - - [10/Jun/2017:05:37:28 -0700] "GET /self.logs/error.log.2015-09-20.gz HTTP/1.1" 200 733 "-" "Mozilla/5.0 (compatible; DotBot/1.1; http://www.opensiteexplorer.org/dotbot, help@moz.com)" 
216.244.66.227 - - [10/Jun/2017:05:37:29 -0700] "GET /self.logs/error.log.2015-11-12.gz HTTP/1.1" 200 1208 "-" "Mozilla/5.0 (compatible; DotBot/1.1; http://www.opensiteexplorer.org/dotbot, help@moz.com)" 
216.244.66.227 - - [10/Jun/2017:05:37:30 -0700] "GET /self.logs/error.log.2016-04-19.gz HTTP/1.1" 200 939 "-" "Mozilla/5.0 (compatible; DotBot/1.1; http://www.opensiteexplorer.org/dotbot, help@moz.com)" 
216.244.66.227 - - [10/Jun/2017:05:37:32 -0700] "GET /self.logs/error.log.2016-08-25.gz HTTP/1.1" 200 747 "-" "Mozilla/5.0 (compatible; DotBot/1.1; http://www.opensiteexplorer.org/dotbot, help@moz.com)" 
216.244.66.227 - - [10/Jun/2017:05:37:33 -0700] "GET /self.logs/error.log.2016-09-05.gz HTTP/1.1" 200 678 "-" "Mozilla/5.0 (compatible; DotBot/1.1; http://www.opensiteexplorer.org/dotbot, help@moz.com)" 
217.182.132.71 - - [10/Jun/2017:05:41:58 -0700] "GET /self.logs/error.log.2015-06-25.gz HTTP/1.1" 200 1070 "-" "Mozilla/5.0 (compatible; AhrefsBot/5.2; +http://ahrefs.com/robot/)" 
95.90.237.223 - - [10/Jun/2017:05:43:09 -0700] "GET /wp-login.php HTTP/1.1" 404 295 "-" "Mozilla/5.0 (Windows NT 6.1; WOW64; rv:40.0) Gecko/20100101 Firefox/40.1" 
37.186.50.95 - - [10/Jun/2017:05:43:11 -0700] "GET /wp-login.php HTTP/1.1" 301 522 "-" "Mozilla/5.0 (Windows NT 6.1; WOW64; rv:40.0) Gecko/20100101 Firefox/40.1" 
37.186.50.95 - - [10/Jun/2017:05:43:12 -0700] "GET /wp-login.php HTTP/1.1" 404 295 "-" "Mozilla/5.0 (Windows NT 6.1; WOW64; rv:40.0) Gecko/20100101 Firefox/40.1" 
95.90.237.223 - - [10/Jun/2017:05:43:14 -0700] "GET /wp-login.php HTTP/1.1" 404 295 "-" "Mozilla/5.0 (Windows NT 6.1; WOW64; rv:40.0) Gecko/20100101 Firefox/40.1" 
37.186.50.95 - - [10/Jun/2017:05:43:17 -0700] "GET /wp-login.php HTTP/1.1" 301 522 "-" "Mozilla/5.0 (Windows NT 6.1; WOW64; rv:40.0) Gecko/20100101 Firefox/40.1" 
37.186.50.95 - - [10/Jun/2017:05:43:18 -0700] "GET /wp-login.php HTTP/1.1" 404 295 "-" "Mozilla/5.0 (Windows NT 6.1; WOW64; rv:40.0) Gecko/20100101 Firefox/40.1" 
95.90.237.223 - - [10/Jun/2017:05:43:19 -0700] "GET / HTTP/1.1" 200 36475 "-" "Mozilla/5.0 (Windows NT 6.1; WOW64; rv:40.0) Gecko/20100101 Firefox/40.1" 
37.186.50.95 - - [10/Jun/2017:05:43:23 -0700] "GET / HTTP/1.1" 301 498 "-" "Mozilla/5.0 (Windows NT 6.1; WOW64; rv:40.0) Gecko/20100101 Firefox/40.1" 
37.186.50.95 - - [10/Jun/2017:05:43:24 -0700] "GET / HTTP/1.1" 200 36475 "-" "Mozilla/5.0 (Windows NT 6.1; WOW64; rv:40.0) Gecko/20100101 Firefox/40.1" 
216.244.66.250 - - [10/Jun/2017:05:50:01 -0700] "GET /honeypot/BSidesDFW%20-%202014.ipynb HTTP/1.1" 200 930780 "-" "Mozilla/5.0 (compatible; DotBot/1.1; http://www.opensiteexplorer.org/dotbot, help@moz.com)" 
117.197.199.142 - - [10/Jun/2017:05:59:04 -0700] "GET /wp-login.php HTTP/1.1" 301 522 "-" "Mozilla/5.0 (Windows NT 6.1; WOW64; rv:40.0) Gecko/20100101 Firefox/40.1" 
117.197.199.142 - - [10/Jun/2017:05:59:05 -0700] "GET /wp-login.php HTTP/1.1" 404 295 "-" "Mozilla/5.0 (Windows NT 6.1; WOW64; rv:40.0) Gecko/20100101 Firefox/40.1" 
117.197.199.142 - - [10/Jun/2017:05:59:10 -0700] "GET /wp-login.php HTTP/1.1" 301 522 "-" "Mozilla/5.0 (Windows NT 6.1; WOW64; rv:40.0) Gecko/20100101 Firefox/40.1" 
117.197.199.142 - - [10/Jun/2017:05:59:11 -0700] "GET /wp-login.php HTTP/1.1" 404 295 "-" "Mozilla/5.0 (Windows NT 6.1; WOW64; rv:40.0) Gecko/20100101 Firefox/40.1" 
117.197.199.142 - - [10/Jun/2017:05:59:17 -0700] "GET / HTTP/1.1" 301 498 "-" "Mozilla/5.0 (Windows NT 6.1; WOW64; rv:40.0) Gecko/20100101 Firefox/40.1" 
117.197.199.142 - - [10/Jun/2017:05:59:17 -0700] "GET / HTTP/1.1" 200 36475 "-" "Mozilla/5.0 (Windows NT 6.1; WOW64; rv:40.0) Gecko/20100101 Firefox/40.1" 
43.242.210.75 - - [10/Jun/2017:05:16:09 -0700] "GET /maccdc2012/conn.log.gz HTTP/1.1" 200 191222800 "http://www.secrepo.com/maccdc2012/" "-" 
216.244.66.227 - - [10/Jun/2017:06:02:10 -0700] "GET /robots.txt HTTP/1.1" 200 233 "-" "Mozilla/5.0 (compatible; DotBot/1.1; http://www.opensiteexplorer.org/dotbot, help@moz.com)" 
82.48.76.30 - - [10/Jun/2017:06:03:27 -0700] "GET /wp-login.php HTTP/1.1" 404 295 "-" "Mozilla/5.0 (Windows NT 6.1; WOW64; rv:40.0) Gecko/20100101 Firefox/40.1" 
82.48.76.30 - - [10/Jun/2017:06:03:33 -0700] "GET /wp-login.php HTTP/1.1" 404 295 "-" "Mozilla/5.0 (Windows NT 6.1; WOW64; rv:40.0) Gecko/20100101 Firefox/40.1" 
82.48.76.30 - - [10/Jun/2017:06:03:38 -0700] "GET / HTTP/1.1" 200 36475 "-" "Mozilla/5.0 (Windows NT 6.1; WOW64; rv:40.0) Gecko/20100101 Firefox/40.1" 
222.211.227.228 - - [10/Jun/2017:06:12:04 -0700] "GET /favicon.ico HTTP/1.1" 200 212 "-" "Mozilla/4.0 (compatible; MSIE 7.0; Windows NT 5.1; Trident/4.0; .NET CLR 2.0.50727; 360space)" 
51.255.65.76 - - [10/Jun/2017:06:15:50 -0700] "GET /self.logs/error.log.2016-10-06.gz HTTP/1.1" 200 797 "-" "Mozilla/5.0 (compatible; AhrefsBot/5.2; +http://ahrefs.com/robot/)" 
217.182.132.96 - - [10/Jun/2017:06:18:13 -0700] "GET /self.logs/error.log.2016-03-05.gz HTTP/1.1" 200 587 "-" "Mozilla/5.0 (compatible; AhrefsBot/5.2; +http://ahrefs.com/robot/)" 
216.244.66.227 - - [10/Jun/2017:06:19:48 -0700] "GET /self.logs/access.log.2015-12-26.gz HTTP/1.1" 200 3715 "-" "Mozilla/5.0 (compatible; DotBot/1.1; http://www.opensiteexplorer.org/dotbot, help@moz.com)" 
216.244.66.227 - - [10/Jun/2017:06:19:50 -0700] "GET /self.logs/access.log.2016-12-15.gz HTTP/1.1" 200 6881 "-" "Mozilla/5.0 (compatible; DotBot/1.1; http://www.opensiteexplorer.org/dotbot, help@moz.com)" 
216.244.66.227 - - [10/Jun/2017:06:19:51 -0700] "GET /self.logs/access.log.2017-01-14.gz HTTP/1.1" 200 10691 "-" "Mozilla/5.0 (compatible; DotBot/1.1; http://www.opensiteexplorer.org/dotbot, help@moz.com)" 
216.244.66.227 - - [10/Jun/2017:06:19:53 -0700] "GET /self.logs/error.log.2015-02-03.gz HTTP/1.1" 200 652 "-" "Mozilla/5.0 (compatible; DotBot/1.1; http://www.opensiteexplorer.org/dotbot, help@moz.com)" 
216.244.66.227 - - [10/Jun/2017:06:19:53 -0700] "GET /self.logs/error.log.2015-04-28.gz HTTP/1.1" 200 1244 "-" "Mozilla/5.0 (compatible; DotBot/1.1; http://www.opensiteexplorer.org/dotbot, help@moz.com)" 
216.244.66.227 - - [10/Jun/2017:06:19:54 -0700] "GET /self.logs/error.log.2015-07-02.gz HTTP/1.1" 200 737 "-" "Mozilla/5.0 (compatible; DotBot/1.1; http://www.opensiteexplorer.org/dotbot, help@moz.com)" 
216.244.66.227 - - [10/Jun/2017:06:19:56 -0700] "GET /self.logs/error.log.2016-05-21.gz HTTP/1.1" 200 731 "-" "Mozilla/5.0 (compatible; DotBot/1.1; http://www.opensiteexplorer.org/dotbot, help@moz.com)" 
216.244.66.227 - - [10/Jun/2017:06:19:57 -0700] "GET /self.logs/error.log.2016-09-21.gz HTTP/1.1" 200 790 "-" "Mozilla/5.0 (compatible; DotBot/1.1; http://www.opensiteexplorer.org/dotbot, help@moz.com)" 
216.244.66.227 - - [10/Jun/2017:06:19:58 -0700] "GET /self.logs/error.log.2016-12-06.gz HTTP/1.1" 200 664 "-" "Mozilla/5.0 (compatible; DotBot/1.1; http://www.opensiteexplorer.org/dotbot, help@moz.com)" 
216.244.66.227 - - [10/Jun/2017:06:20:00 -0700] "GET /self.logs/error.log.2017-01-12.gz HTTP/1.1" 200 2230 "-" "Mozilla/5.0 (compatible; DotBot/1.1; http://www.opensiteexplorer.org/dotbot, help@moz.com)" 
123.125.71.38 - - [10/Jun/2017:06:31:55 -0700] "GET /robots.txt HTTP/1.1" 200 297 "-" "Mozilla/5.0 (compatible; Baiduspider/2.0; +http://www.baidu.com/search/spider.html)" 
216.244.66.227 - - [10/Jun/2017:06:44:00 -0700] "GET /robots.txt HTTP/1.1" 200 233 "-" "Mozilla/5.0 (compatible; DotBot/1.1; http://www.opensiteexplorer.org/dotbot, help@moz.com)" 
207.46.13.124 - - [10/Jun/2017:06:47:55 -0700] "GET /honeypot/Honeypot%20-%20Howto%20-%20BSides%20Austin.pdf HTTP/1.1" 200 2928460 "-" "Mozilla/5.0 (iPhone; CPU iPhone OS 7_0 like Mac OS X) AppleWebKit/537.51.1 (KHTML, like Gecko) Version/7.0 Mobile/11A465 Safari/9537.53 (compatible; bingbot/2.0; +http://www.bing.com/bingbot.htm)" 
120.221.1.28 - - [10/Jun/2017:06:49:25 -0700] "GET /maccdc2012/files.log.gz HTTP/1.1" 304 155 "-" "Mozilla/5.0 Gecko/20100115 Firefox/3.6" 
46.39.54.236 - - [10/Jun/2017:06:53:46 -0700] "GET /wp-login.php HTTP/1.1" 404 295 "-" "Mozilla/5.0 (Windows NT 6.1; WOW64; rv:40.0) Gecko/20100101 Firefox/40.1" 
46.39.54.236 - - [10/Jun/2017:06:53:51 -0700] "GET /wp-login.php HTTP/1.1" 404 295 "-" "Mozilla/5.0 (Windows NT 6.1; WOW64; rv:40.0) Gecko/20100101 Firefox/40.1" 
46.39.54.236 - - [10/Jun/2017:06:53:57 -0700] "GET / HTTP/1.1" 200 36475 "-" "Mozilla/5.0 (Windows NT 6.1; WOW64; rv:40.0) Gecko/20100101 Firefox/40.1" 
216.244.66.227 - - [10/Jun/2017:07:01:15 -0700] "GET /self.logs/error.log.2015-03-22.gz HTTP/1.1" 200 942 "-" "Mozilla/5.0 (compatible; DotBot/1.1; http://www.opensiteexplorer.org/dotbot, help@moz.com)" 
216.244.66.227 - - [10/Jun/2017:07:01:16 -0700] "GET /self.logs/error.log.2015-05-11.gz HTTP/1.1" 200 1037 "-" "Mozilla/5.0 (compatible; DotBot/1.1; http://www.opensiteexplorer.org/dotbot, help@moz.com)" 
216.244.66.227 - - [10/Jun/2017:07:01:18 -0700] "GET /self.logs/error.log.2015-08-11.gz HTTP/1.1" 200 732 "-" "Mozilla/5.0 (compatible; DotBot/1.1; http://www.opensiteexplorer.org/dotbot, help@moz.com)" 
216.244.66.227 - - [10/Jun/2017:07:01:20 -0700] "GET /self.logs/error.log.2016-03-26.gz HTTP/1.1" 200 758 "-" "Mozilla/5.0 (compatible; DotBot/1.1; http://www.opensiteexplorer.org/dotbot, help@moz.com)" 
216.244.66.227 - - [10/Jun/2017:07:01:21 -0700] "GET /self.logs/error.log.2016-07-20.gz HTTP/1.1" 200 915 "-" "Mozilla/5.0 (compatible; DotBot/1.1; http://www.opensiteexplorer.org/dotbot, help@moz.com)" 
216.244.66.227 - - [10/Jun/2017:07:01:23 -0700] "GET /self.logs/error.log.2017-02-05.gz HTTP/1.1" 200 1225 "-" "Mozilla/5.0 (compatible; DotBot/1.1; http://www.opensiteexplorer.org/dotbot, help@moz.com)" 
216.244.66.227 - - [10/Jun/2017:07:01:24 -0700] "GET /self.logs/error.log.2017-02-22.gz HTTP/1.1" 200 859 "-" "Mozilla/5.0 (compatible; DotBot/1.1; http://www.opensiteexplorer.org/dotbot, help@moz.com)" 
164.132.161.81 - - [10/Jun/2017:07:01:25 -0700] "GET /self.logs/error.log.2016-02-20.gz HTTP/1.1" 200 509 "-" "Mozilla/5.0 (compatible; AhrefsBot/5.2; +http://ahrefs.com/robot/)" 
123.125.67.165 - - [10/Jun/2017:07:06:48 -0700] "GET / HTTP/1.1" 200 10756 "-" "Mozilla/5.0 (Windows NT 10.0; WOW64) AppleWebKit/537.36 (KHTML, like Gecko) Chrome/45.0.2454.93 Safari/537.36" 
123.125.71.51 - - [10/Jun/2017:07:06:48 -0700] "GET / HTTP/1.1" 200 10756 "-" "Mozilla/5.0 (compatible; Baiduspider/2.0; +http://www.baidu.com/search/spider.html)" 
217.182.132.29 - - [10/Jun/2017:07:07:59 -0700] "GET /self.logs/error.log.2015-07-28.gz HTTP/1.1" 200 633 "-" "Mozilla/5.0 (compatible; AhrefsBot/5.2; +http://ahrefs.com/robot/)" 
71.184.111.238 - - [10/Jun/2017:07:08:11 -0700] "GET / HTTP/1.1" 301 483 "-" "Mozilla/5.0 (Macintosh; Intel Mac OS X 10_11_3) AppleWebKit/537.36 (KHTML, like Gecko) Chrome/58.0.3029.110 Safari/537.36" 
71.184.111.238 - - [10/Jun/2017:07:08:22 -0700] "GET /maccdc2012/ssh.log.gz HTTP/1.1" 200 182517 "-" "Mozilla/5.0 (Macintosh; Intel Mac OS X 10_11_3) AppleWebKit/537.36 (KHTML, like Gecko) Chrome/58.0.3029.110 Safari/537.36" 
81.213.189.144 - - [10/Jun/2017:07:08:42 -0700] "GET /wp-login.php HTTP/1.1" 404 295 "-" "Mozilla/5.0 (Windows NT 6.1; WOW64; rv:40.0) Gecko/20100101 Firefox/40.1" 
81.213.189.144 - - [10/Jun/2017:07:08:47 -0700] "GET /wp-login.php HTTP/1.1" 404 295 "-" "Mozilla/5.0 (Windows NT 6.1; WOW64; rv:40.0) Gecko/20100101 Firefox/40.1" 
81.213.189.144 - - [10/Jun/2017:07:08:53 -0700] "GET / HTTP/1.1" 200 36475 "-" "Mozilla/5.0 (Windows NT 6.1; WOW64; rv:40.0) Gecko/20100101 Firefox/40.1" 
79.37.77.98 - - [10/Jun/2017:07:10:23 -0700] "GET /twitter-icon.png HTTP/1.1" 200 27788 "-" "Mozilla/5.0 (Windows NT 10.0; Win64; x64) AppleWebKit/537.36 (KHTML, like Gecko) Chrome/58.0.3029.110 Safari/537.36" 
79.37.77.98 - - [10/Jun/2017:07:10:23 -0700] "GET /GitHub-Mark.png HTTP/1.1" 200 7428 "-" "Mozilla/5.0 (Windows NT 10.0; Win64; x64) AppleWebKit/537.36 (KHTML, like Gecko) Chrome/58.0.3029.110 Safari/537.36" 
164.132.162.188 - - [10/Jun/2017:07:10:33 -0700] "GET /self.logs/error.log.2015-11-07.gz HTTP/1.1" 200 770 "-" "Mozilla/5.0 (compatible; AhrefsBot/5.2; +http://ahrefs.com/robot/)" 
66.102.8.128 - - [10/Jun/2017:07:14:43 -0700] "GET / HTTP/1.1" 200 36475 "https://www.google.co.in/" "Mozilla/5.0 (Windows NT 6.1; WOW64) AppleWebKit/537.36 (KHTML, like Gecko) Chrome/58.0.3029.110 Safari/537.36" 
66.102.8.159 - - [10/Jun/2017:07:14:44 -0700] "GET /GitHub-Mark.png HTTP/1.1" 200 7428 "http://www.secrepo.com/" "Mozilla/5.0 (Windows NT 6.1; WOW64) AppleWebKit/537.36 (KHTML, like Gecko) Chrome/58.0.3029.110 Safari/537.36" 
66.102.8.159 - - [10/Jun/2017:07:14:44 -0700] "GET /twitter-icon.png HTTP/1.1" 200 27788 "http://www.secrepo.com/" "Mozilla/5.0 (Windows NT 6.1; WOW64) AppleWebKit/537.36 (KHTML, like Gecko) Chrome/58.0.3029.110 Safari/537.36" 
66.102.8.159 - - [10/Jun/2017:07:14:44 -0700] "GET /tg/a.zip HTTP/1.1" 200 66189336 "http://www.secrepo.com/" "Mozilla/5.0 (Windows NT 6.1; WOW64) AppleWebKit/537.36 (KHTML, like Gecko) Chrome/58.0.3029.110 Safari/537.36" 
66.102.8.159 - - [10/Jun/2017:07:15:08 -0700] "GET /tg/a.zip HTTP/1.1" 200 66189337 "-" "Mozilla/5.0 (Windows NT 10.0; Win64; x64) AppleWebKit/537.36 (KHTML, like Gecko) Chrome/58.0.3029.110 Safari/537.36" 
51.255.65.82 - - [10/Jun/2017:07:16:42 -0700] "GET /self.logs/error.log.2016-01-18.gz HTTP/1.1" 200 1087 "-" "Mozilla/5.0 (compatible; AhrefsBot/5.2; +http://ahrefs.com/robot/)" 
217.182.132.176 - - [10/Jun/2017:07:20:48 -0700] "GET /self.logs/error.log.2016-09-04.gz HTTP/1.1" 200 1010 "-" "Mozilla/5.0 (compatible; AhrefsBot/5.2; +http://ahrefs.com/robot/)" 
216.244.66.227 - - [10/Jun/2017:07:25:55 -0700] "GET /robots.txt HTTP/1.1" 200 233 "-" "Mozilla/5.0 (compatible; DotBot/1.1; http://www.opensiteexplorer.org/dotbot, help@moz.com)" 
164.132.161.32 - - [10/Jun/2017:07:26:24 -0700] "GET /self.logs/error.log.2015-11-30.gz HTTP/1.1" 200 834 "-" "Mozilla/5.0 (compatible; AhrefsBot/5.2; +http://ahrefs.com/robot/)" 
93.37.77.153 - - [10/Jun/2017:07:42:16 -0700] "GET /wp-login.php HTTP/1.1" 404 295 "-" "Mozilla/5.0 (Windows NT 6.1; WOW64; rv:40.0) Gecko/20100101 Firefox/40.1" 
93.37.77.153 - - [10/Jun/2017:07:42:22 -0700] "GET /wp-login.php HTTP/1.1" 404 295 "-" "Mozilla/5.0 (Windows NT 6.1; WOW64; rv:40.0) Gecko/20100101 Firefox/40.1" 
93.37.77.153 - - [10/Jun/2017:07:42:27 -0700] "GET / HTTP/1.1" 200 36475 "-" "Mozilla/5.0 (Windows NT 6.1; WOW64; rv:40.0) Gecko/20100101 Firefox/40.1" 
216.244.66.227 - - [10/Jun/2017:07:43:07 -0700] "GET /self.logs/access.log.2015-12-10.gz HTTP/1.1" 200 6011 "-" "Mozilla/5.0 (compatible; DotBot/1.1; http://www.opensiteexplorer.org/dotbot, help@moz.com)" 
216.244.66.227 - - [10/Jun/2017:07:43:08 -0700] "GET /self.logs/access.log.2016-05-20.gz HTTP/1.1" 200 7950 "-" "Mozilla/5.0 (compatible; DotBot/1.1; http://www.opensiteexplorer.org/dotbot, help@moz.com)" 
216.244.66.227 - - [10/Jun/2017:07:43:09 -0700] "GET /self.logs/access.log.2016-06-04.gz HTTP/1.1" 200 8151 "-" "Mozilla/5.0 (compatible; DotBot/1.1; http://www.opensiteexplorer.org/dotbot, help@moz.com)" 
216.244.66.227 - - [10/Jun/2017:07:43:11 -0700] "GET /self.logs/access.log.2016-10-31.gz HTTP/1.1" 200 10678 "-" "Mozilla/5.0 (compatible; DotBot/1.1; http://www.opensiteexplorer.org/dotbot, help@moz.com)" 
216.244.66.227 - - [10/Jun/2017:07:43:12 -0700] "GET /self.logs/access.log.2017-01-20.gz HTTP/1.1" 200 12848 "-" "Mozilla/5.0 (compatible; DotBot/1.1; http://www.opensiteexplorer.org/dotbot, help@moz.com)" 
216.244.66.227 - - [10/Jun/2017:07:43:14 -0700] "GET /self.logs/error.log.2015-09-03.gz HTTP/1.1" 200 643 "-" "Mozilla/5.0 (compatible; DotBot/1.1; http://www.opensiteexplorer.org/dotbot, help@moz.com)" 
216.244.66.227 - - [10/Jun/2017:07:43:15 -0700] "GET /self.logs/error.log.2016-05-31.gz HTTP/1.1" 200 1291 "-" "Mozilla/5.0 (compatible; DotBot/1.1; http://www.opensiteexplorer.org/dotbot, help@moz.com)" 
216.244.66.227 - - [10/Jun/2017:07:43:17 -0700] "GET /self.logs/error.log.2017-03-05.gz HTTP/1.1" 200 717 "-" "Mozilla/5.0 (compatible; DotBot/1.1; http://www.opensiteexplorer.org/dotbot, help@moz.com)" 
66.249.80.31 - - [10/Jun/2017:07:44:47 -0700] "GET / HTTP/1.1" 200 10793 "-" "Mozilla/5.0 (X11; Linux x86_64) AppleWebKit/537.36 (KHTML, like Gecko) Chrome/49.0.2623.75 Safari/537.36 Google Favicon" 
66.249.80.29 - - [10/Jun/2017:07:44:47 -0700] "GET /bootstrap/img/favicon.ico HTTP/1.1" 200 590 "-" "Mozilla/5.0 (X11; Linux x86_64) AppleWebKit/537.36 (KHTML, like Gecko) Chrome/49.0.2623.75 Safari/537.36 Google Favicon" 
