180.76.15.152 - - [02/Apr/2017:02:46:06 -0700] "GET / HTTP/1.1" 304 152 "-" "Mozilla/5.0 (compatible; Baiduspider/2.0; +http://www.baidu.com/search/spider.html)" 
178.82.224.136 - - [02/Apr/2017:02:56:25 -0700] "GET /wp-login.php HTTP/1.1" 404 295 "-" "Mozilla/5.0 (Windows NT 6.1; WOW64; rv:40.0) Gecko/20100101 Firefox/40.1" 
178.82.224.136 - - [02/Apr/2017:02:56:30 -0700] "GET /wp-login.php HTTP/1.1" 404 295 "-" "Mozilla/5.0 (Windows NT 6.1; WOW64; rv:40.0) Gecko/20100101 Firefox/40.1" 
178.82.224.136 - - [02/Apr/2017:02:56:35 -0700] "GET / HTTP/1.1" 200 36475 "-" "Mozilla/5.0 (Windows NT 6.1; WOW64; rv:40.0) Gecko/20100101 Firefox/40.1" 
49.206.210.247 - - [02/Apr/2017:02:56:37 -0700] "GET /wp-login.php HTTP/1.1" 404 295 "-" "Mozilla/5.0 (Windows NT 6.1; WOW64; rv:40.0) Gecko/20100101 Firefox/40.1" 
49.206.210.247 - - [02/Apr/2017:02:56:42 -0700] "GET /wp-login.php HTTP/1.1" 404 295 "-" "Mozilla/5.0 (Windows NT 6.1; WOW64; rv:40.0) Gecko/20100101 Firefox/40.1" 
49.206.210.247 - - [02/Apr/2017:02:56:47 -0700] "GET / HTTP/1.1" 200 36475 "-" "Mozilla/5.0 (Windows NT 6.1; WOW64; rv:40.0) Gecko/20100101 Firefox/40.1" 
66.249.64.191 - - [02/Apr/2017:02:57:25 -0700] "GET / HTTP/1.1" 200 10792 "-" "Mozilla/5.0 (Linux; Android 6.0.1; Nexus 5X Build/MMB29P) AppleWebKit/537.36 (KHTML, like Gecko) Chrome/41.0.2272.96 Mobile Safari/537.36 (compatible; Googlebot/2.1; +http://www.google.com/bot.html)" 
113.91.146.92 - - [02/Apr/2017:03:10:04 -0700] "GET / HTTP/1.1" 200 10792 "-" "Mozilla/5.0 (Windows NT 6.1; WOW64) AppleWebKit/537.36 (KHTML, like Gecko) Chrome/49.0.2623.75 Safari/537.36" 
113.91.146.92 - - [02/Apr/2017:03:10:05 -0700] "GET /twitter-icon.png HTTP/1.1" 200 27787 "http://www.secrepo.com/" "Mozilla/5.0 (Windows NT 6.1; WOW64) AppleWebKit/537.36 (KHTML, like Gecko) Chrome/49.0.2623.75 Safari/537.36" 
113.91.146.92 - - [02/Apr/2017:03:10:05 -0700] "GET /GitHub-Mark.png HTTP/1.1" 200 7428 "http://www.secrepo.com/" "Mozilla/5.0 (Windows NT 6.1; WOW64) AppleWebKit/537.36 (KHTML, like Gecko) Chrome/49.0.2623.75 Safari/537.36" 
113.91.146.92 - - [02/Apr/2017:03:11:31 -0700] "GET /bootstrap/img/favicon.ico HTTP/1.1" 200 590 "http://www.secrepo.com/" "Mozilla/5.0 (Windows NT 6.1; WOW64) AppleWebKit/537.36 (KHTML, like Gecko) Chrome/49.0.2623.75 Safari/537.36" 
164.132.161.41 - - [02/Apr/2017:03:18:58 -0700] "GET /self.logs/access.log.2015-04-07.gz HTTP/1.1" 200 3396 "-" "Mozilla/5.0 (compatible; AhrefsBot/5.2; +http://ahrefs.com/robot/)" 
81.53.146.83 - - [02/Apr/2017:03:22:09 -0700] "GET / HTTP/1.1" 200 10792 "-" "Mozilla/5.0 (Macintosh; Intel Mac OS X 10.10; rv:52.0) Gecko/20100101 Firefox/52.0" 
81.53.146.83 - - [02/Apr/2017:03:22:09 -0700] "GET /bootstrap/img/favicon.ico HTTP/1.1" 200 589 "-" "Mozilla/5.0 (Macintosh; Intel Mac OS X 10.10; rv:52.0) Gecko/20100101 Firefox/52.0" 
81.53.146.83 - - [02/Apr/2017:03:22:10 -0700] "GET /twitter-icon.png HTTP/1.1" 200 27787 "http://www.secrepo.com/" "Mozilla/5.0 (Macintosh; Intel Mac OS X 10.10; rv:52.0) Gecko/20100101 Firefox/52.0" 
81.53.146.83 - - [02/Apr/2017:03:22:10 -0700] "GET /GitHub-Mark.png HTTP/1.1" 200 7428 "http://www.secrepo.com/" "Mozilla/5.0 (Macintosh; Intel Mac OS X 10.10; rv:52.0) Gecko/20100101 Firefox/52.0" 
66.249.64.74 - - [02/Apr/2017:03:22:35 -0700] "GET / HTTP/1.1" 301 483 "-" "Mozilla/5.0 (compatible; Googlebot/2.1; +http://www.google.com/bot.html)" 
66.249.64.191 - - [02/Apr/2017:03:22:36 -0700] "GET / HTTP/1.1" 200 10792 "-" "Mozilla/5.0 (compatible; Googlebot/2.1; +http://www.google.com/bot.html)" 
162.210.196.100 - - [02/Apr/2017:03:24:12 -0700] "GET /robots.txt HTTP/1.1" 200 289 "-" "Mozilla/5.0 (compatible; MJ12bot/v1.4.8; http://mj12bot.com/)" 
162.210.196.100 - - [02/Apr/2017:03:24:14 -0700] "GET / HTTP/1.1" 200 36419 "-" "Mozilla/5.0 (compatible; MJ12bot/v1.4.8; http://mj12bot.com/)" 
173.174.135.104 - - [02/Apr/2017:03:29:50 -0700] "GET / HTTP/1.1" 200 10792 "https://www.google.com/" "Mozilla/5.0 (X11; Linux x86_64) AppleWebKit/537.36 (KHTML, like Gecko) Ubuntu Chromium/53.0.2785.143 Chrome/53.0.2785.143 Safari/537.36" 
173.174.135.104 - - [02/Apr/2017:03:29:50 -0700] "GET /GitHub-Mark.png HTTP/1.1" 200 7428 "http://www.secrepo.com/" "Mozilla/5.0 (X11; Linux x86_64) AppleWebKit/537.36 (KHTML, like Gecko) Ubuntu Chromium/53.0.2785.143 Chrome/53.0.2785.143 Safari/537.36" 
173.174.135.104 - - [02/Apr/2017:03:29:50 -0700] "GET /twitter-icon.png HTTP/1.1" 200 27787 "http://www.secrepo.com/" "Mozilla/5.0 (X11; Linux x86_64) AppleWebKit/537.36 (KHTML, like Gecko) Ubuntu Chromium/53.0.2785.143 Chrome/53.0.2785.143 Safari/537.36" 
173.174.135.104 - - [02/Apr/2017:03:29:52 -0700] "GET /bootstrap/img/favicon.ico HTTP/1.1" 200 589 "http://www.secrepo.com/" "Mozilla/5.0 (X11; Linux x86_64) AppleWebKit/537.36 (KHTML, like Gecko) Ubuntu Chromium/53.0.2785.143 Chrome/53.0.2785.143 Safari/537.36" 
163.172.64.191 - - [02/Apr/2017:03:36:35 -0700] "GET /self.logs/error.log.2016-10-13.gz HTTP/1.1" 200 773 "-" "Mozilla/5.0 (compatible; AhrefsBot/5.2; +http://ahrefs.com/robot/)" 
178.82.224.136 - - [02/Apr/2017:03:38:20 -0700] "GET /wp-login.php HTTP/1.1" 301 522 "-" "Mozilla/5.0 (Windows NT 6.1; WOW64; rv:40.0) Gecko/20100101 Firefox/40.1" 
178.82.224.136 - - [02/Apr/2017:03:38:20 -0700] "GET /wp-login.php HTTP/1.1" 404 295 "-" "Mozilla/5.0 (Windows NT 6.1; WOW64; rv:40.0) Gecko/20100101 Firefox/40.1" 
178.82.224.136 - - [02/Apr/2017:03:38:26 -0700] "GET /wp-login.php HTTP/1.1" 301 522 "-" "Mozilla/5.0 (Windows NT 6.1; WOW64; rv:40.0) Gecko/20100101 Firefox/40.1" 
178.82.224.136 - - [02/Apr/2017:03:38:26 -0700] "GET /wp-login.php HTTP/1.1" 404 295 "-" "Mozilla/5.0 (Windows NT 6.1; WOW64; rv:40.0) Gecko/20100101 Firefox/40.1" 
178.82.224.136 - - [02/Apr/2017:03:38:31 -0700] "GET / HTTP/1.1" 301 498 "-" "Mozilla/5.0 (Windows NT 6.1; WOW64; rv:40.0) Gecko/20100101 Firefox/40.1" 
178.82.224.136 - - [02/Apr/2017:03:38:31 -0700] "GET / HTTP/1.1" 200 36475 "-" "Mozilla/5.0 (Windows NT 6.1; WOW64; rv:40.0) Gecko/20100101 Firefox/40.1" 
85.85.85.60 - - [02/Apr/2017:03:38:37 -0700] "GET /wp-login.php HTTP/1.1" 404 295 "-" "Mozilla/5.0 (Windows NT 6.1; WOW64; rv:40.0) Gecko/20100101 Firefox/40.1" 
196.215.130.33 - - [02/Apr/2017:03:38:37 -0700] "GET /wp-login.php HTTP/1.1" 404 295 "-" "Mozilla/5.0 (Windows NT 6.1; WOW64; rv:40.0) Gecko/20100101 Firefox/40.1" 
85.85.85.60 - - [02/Apr/2017:03:38:42 -0700] "GET /wp-login.php HTTP/1.1" 404 295 "-" "Mozilla/5.0 (Windows NT 6.1; WOW64; rv:40.0) Gecko/20100101 Firefox/40.1" 
196.215.130.33 - - [02/Apr/2017:03:38:43 -0700] "GET /wp-login.php HTTP/1.1" 404 295 "-" "Mozilla/5.0 (Windows NT 6.1; WOW64; rv:40.0) Gecko/20100101 Firefox/40.1" 
196.215.130.33 - - [02/Apr/2017:03:38:48 -0700] "GET / HTTP/1.1" 200 36475 "-" "Mozilla/5.0 (Windows NT 6.1; WOW64; rv:40.0) Gecko/20100101 Firefox/40.1" 
85.85.85.60 - - [02/Apr/2017:03:38:49 -0700] "GET / HTTP/1.1" 200 36475 "-" "Mozilla/5.0 (Windows NT 6.1; WOW64; rv:40.0) Gecko/20100101 Firefox/40.1" 
196.215.130.33 - - [02/Apr/2017:03:40:45 -0700] "GET /wp-login.php HTTP/1.1" 301 522 "-" "Mozilla/5.0 (Windows NT 6.1; WOW64; rv:40.0) Gecko/20100101 Firefox/40.1" 
196.215.130.33 - - [02/Apr/2017:03:40:45 -0700] "GET /wp-login.php HTTP/1.1" 404 295 "-" "Mozilla/5.0 (Windows NT 6.1; WOW64; rv:40.0) Gecko/20100101 Firefox/40.1" 
196.215.130.33 - - [02/Apr/2017:03:40:51 -0700] "GET /wp-login.php HTTP/1.1" 301 522 "-" "Mozilla/5.0 (Windows NT 6.1; WOW64; rv:40.0) Gecko/20100101 Firefox/40.1" 
196.215.130.33 - - [02/Apr/2017:03:40:51 -0700] "GET /wp-login.php HTTP/1.1" 404 295 "-" "Mozilla/5.0 (Windows NT 6.1; WOW64; rv:40.0) Gecko/20100101 Firefox/40.1" 
196.215.130.33 - - [02/Apr/2017:03:40:57 -0700] "GET / HTTP/1.1" 301 498 "-" "Mozilla/5.0 (Windows NT 6.1; WOW64; rv:40.0) Gecko/20100101 Firefox/40.1" 
196.215.130.33 - - [02/Apr/2017:03:40:57 -0700] "GET / HTTP/1.1" 200 36475 "-" "Mozilla/5.0 (Windows NT 6.1; WOW64; rv:40.0) Gecko/20100101 Firefox/40.1" 
39.46.143.51 - - [02/Apr/2017:03:48:13 -0700] "GET / HTTP/1.1" 301 483 "-" "Mozilla/5.0 (Windows NT 6.3; WOW64; rv:52.0) Gecko/20100101 Firefox/52.0" 
39.46.143.51 - - [02/Apr/2017:03:48:14 -0700] "GET / HTTP/1.1" 200 10792 "-" "Mozilla/5.0 (Windows NT 6.3; WOW64; rv:52.0) Gecko/20100101 Firefox/52.0" 
39.46.143.51 - - [02/Apr/2017:03:48:15 -0700] "GET /bootstrap/img/favicon.ico HTTP/1.1" 200 590 "-" "Mozilla/5.0 (Windows NT 6.3; WOW64; rv:52.0) Gecko/20100101 Firefox/52.0" 
39.46.143.51 - - [02/Apr/2017:03:48:15 -0700] "GET /GitHub-Mark.png HTTP/1.1" 200 7428 "http://www.secrepo.com/" "Mozilla/5.0 (Windows NT 6.3; WOW64; rv:52.0) Gecko/20100101 Firefox/52.0" 
39.46.143.51 - - [02/Apr/2017:03:48:15 -0700] "GET /twitter-icon.png HTTP/1.1" 200 27788 "http://www.secrepo.com/" "Mozilla/5.0 (Windows NT 6.3; WOW64; rv:52.0) Gecko/20100101 Firefox/52.0" 
85.85.85.60 - - [02/Apr/2017:03:53:43 -0700] "GET /wp-login.php HTTP/1.1" 301 522 "-" "Mozilla/5.0 (Windows NT 6.1; WOW64; rv:40.0) Gecko/20100101 Firefox/40.1" 
85.85.85.60 - - [02/Apr/2017:03:53:43 -0700] "GET /wp-login.php HTTP/1.1" 404 295 "-" "Mozilla/5.0 (Windows NT 6.1; WOW64; rv:40.0) Gecko/20100101 Firefox/40.1" 
85.85.85.60 - - [02/Apr/2017:03:53:48 -0700] "GET /wp-login.php HTTP/1.1" 301 522 "-" "Mozilla/5.0 (Windows NT 6.1; WOW64; rv:40.0) Gecko/20100101 Firefox/40.1" 
85.85.85.60 - - [02/Apr/2017:03:53:48 -0700] "GET /wp-login.php HTTP/1.1" 404 295 "-" "Mozilla/5.0 (Windows NT 6.1; WOW64; rv:40.0) Gecko/20100101 Firefox/40.1" 
85.85.85.60 - - [02/Apr/2017:03:53:54 -0700] "GET / HTTP/1.1" 301 498 "-" "Mozilla/5.0 (Windows NT 6.1; WOW64; rv:40.0) Gecko/20100101 Firefox/40.1" 
85.85.85.60 - - [02/Apr/2017:03:53:54 -0700] "GET / HTTP/1.1" 200 36475 "-" "Mozilla/5.0 (Windows NT 6.1; WOW64; rv:40.0) Gecko/20100101 Firefox/40.1" 
107.150.47.42 - - [02/Apr/2017:03:55:44 -0700] "GET /honeypot/BSidesDFW%20-%202014.ipynb HTTP/1.1" 418 584 "-" "Mozilla/4.0 (compatible; MSIE 6.0; Windows NT 5.1; SV1)" 
103.57.237.223 - - [02/Apr/2017:04:01:19 -0700] "GET /wp-login.php HTTP/1.1" 404 295 "-" "Mozilla/5.0 (Windows NT 6.1; WOW64; rv:40.0) Gecko/20100101 Firefox/40.1" 
103.57.237.223 - - [02/Apr/2017:04:01:25 -0700] "GET /wp-login.php HTTP/1.1" 404 295 "-" "Mozilla/5.0 (Windows NT 6.1; WOW64; rv:40.0) Gecko/20100101 Firefox/40.1" 
5.12.136.168 - - [02/Apr/2017:04:08:00 -0700] "GET /wp-login.php HTTP/1.1" 404 295 "-" "Mozilla/5.0 (Windows NT 6.1; WOW64; rv:40.0) Gecko/20100101 Firefox/40.1" 
5.12.136.168 - - [02/Apr/2017:04:08:05 -0700] "GET /wp-login.php HTTP/1.1" 404 295 "-" "Mozilla/5.0 (Windows NT 6.1; WOW64; rv:40.0) Gecko/20100101 Firefox/40.1" 
5.12.136.168 - - [02/Apr/2017:04:08:11 -0700] "GET / HTTP/1.1" 200 36475 "-" "Mozilla/5.0 (Windows NT 6.1; WOW64; rv:40.0) Gecko/20100101 Firefox/40.1" 
173.208.169.26 - - [02/Apr/2017:04:14:22 -0700] "GET /blog/wp-admin/setup-config.php HTTP/1.1" 404 340 "-" "Mozilla/5.0 (Windows NT 6.1; Trident/7.0; rv:11.0) like Gecko" 
173.208.169.26 - - [02/Apr/2017:04:14:22 -0700] "GET /wp/wp-admin/setup-config.php HTTP/1.1" 404 340 "-" "Mozilla/5.0 (Windows NT 6.1; Trident/7.0; rv:11.0) like Gecko" 
173.208.169.26 - - [02/Apr/2017:04:14:22 -0700] "GET /old/wp-admin/setup-config.php HTTP/1.1" 404 284 "-" "Mozilla/5.0 (Windows NT 6.1; Trident/7.0; rv:11.0) like Gecko" 
173.208.169.26 - - [02/Apr/2017:04:14:22 -0700] "GET /wordpress/wp-admin/setup-config.php HTTP/1.1" 404 284 "-" "Mozilla/5.0 (Windows NT 6.1; Trident/7.0; rv:11.0) like Gecko" 
173.208.169.26 - - [02/Apr/2017:04:14:22 -0700] "GET /test/wp-admin/setup-config.php HTTP/1.1" 404 284 "-" "Mozilla/5.0 (Windows NT 6.1; Trident/7.0; rv:11.0) like Gecko" 
159.226.251.229 - - [02/Apr/2017:04:16:27 -0700] "GET /maccdc2012/maccdc2012_full_alert.7z HTTP/1.1" 304 132 "-" "Mozilla/5.0 Gecko/20100115 Firefox/3.6" 
51.255.65.47 - - [02/Apr/2017:04:23:32 -0700] "GET /self.logs/access.log.2015-05-07.gz HTTP/1.1" 200 6137 "-" "Mozilla/5.0 (compatible; AhrefsBot/5.2; +http://ahrefs.com/robot/)" 
119.85.118.78 - - [02/Apr/2017:04:24:11 -0700] "GET /maccdc2012/maccdc2012_full_alert.7z HTTP/1.1" 200 1428480 "-" "Mozilla/5.0 (compatible; MSIE 6.0; Windows NT 5.0)" 
119.85.118.78 - - [02/Apr/2017:04:24:12 -0700] "GET /maccdc2012/maccdc2012_full_alert.7z HTTP/1.1" 200 1019520 "-" "Mozilla/5.0 (compatible; MSIE 6.0; Windows NT 5.0)" 
119.85.118.78 - - [02/Apr/2017:04:24:12 -0700] "GET /maccdc2012/maccdc2012_full_alert.7z HTTP/1.1" 200 511200 "-" "Mozilla/5.0 (compatible; MSIE 6.0; Windows NT 5.0)" 
119.85.118.78 - - [02/Apr/2017:04:24:12 -0700] "GET /maccdc2012/maccdc2012_full_alert.7z HTTP/1.1" 200 396000 "-" "Mozilla/5.0 (compatible; MSIE 6.0; Windows NT 5.0)" 
159.226.251.229 - - [02/Apr/2017:04:29:32 -0700] "GET /tg/a.zip HTTP/1.1" 304 132 "-" "Mozilla/5.0 Gecko/20100115 Firefox/3.6" 
40.77.167.19 - - [02/Apr/2017:04:30:43 -0700] "GET /self.logs/error.log.2017-02-13.gz HTTP/1.1" 200 1069 "-" "Mozilla/5.0 (compatible; bingbot/2.0; +http://www.bing.com/bingbot.htm)" 
77.88.47.100 - - [02/Apr/2017:04:31:30 -0700] "GET / HTTP/1.1" 301 483 "-" "Mozilla/5.0 (compatible; YandexBot/3.0; +http://yandex.com/bots)" 
5.255.250.59 - - [02/Apr/2017:04:31:31 -0700] "GET /robots.txt HTTP/1.1" 200 289 "-" "Mozilla/5.0 (compatible; YandexBot/3.0; +http://yandex.com/bots)" 
77.88.47.100 - - [02/Apr/2017:04:31:35 -0700] "GET / HTTP/1.1" 200 10792 "-" "Mozilla/5.0 (compatible; YandexBot/3.0; +http://yandex.com/bots)" 
5.12.136.168 - - [02/Apr/2017:04:35:58 -0700] "GET /wp-login.php HTTP/1.1" 301 522 "-" "Mozilla/5.0 (Windows NT 6.1; WOW64; rv:40.0) Gecko/20100101 Firefox/40.1" 
5.12.136.168 - - [02/Apr/2017:04:36:01 -0700] "GET /wp-login.php HTTP/1.1" 404 295 "-" "Mozilla/5.0 (Windows NT 6.1; WOW64; rv:40.0) Gecko/20100101 Firefox/40.1" 
5.12.136.168 - - [02/Apr/2017:04:36:06 -0700] "GET /wp-login.php HTTP/1.1" 301 522 "-" "Mozilla/5.0 (Windows NT 6.1; WOW64; rv:40.0) Gecko/20100101 Firefox/40.1" 
5.12.136.168 - - [02/Apr/2017:04:36:06 -0700] "GET /wp-login.php HTTP/1.1" 404 295 "-" "Mozilla/5.0 (Windows NT 6.1; WOW64; rv:40.0) Gecko/20100101 Firefox/40.1" 
5.12.136.168 - - [02/Apr/2017:04:36:12 -0700] "GET / HTTP/1.1" 301 498 "-" "Mozilla/5.0 (Windows NT 6.1; WOW64; rv:40.0) Gecko/20100101 Firefox/40.1" 
5.12.136.168 - - [02/Apr/2017:04:36:12 -0700] "GET / HTTP/1.1" 200 36475 "-" "Mozilla/5.0 (Windows NT 6.1; WOW64; rv:40.0) Gecko/20100101 Firefox/40.1" 
103.1.81.101 - - [02/Apr/2017:04:42:38 -0700] "GET /wp-login.php HTTP/1.1" 404 295 "-" "Mozilla/5.0 (Windows NT 6.1; WOW64; rv:40.0) Gecko/20100101 Firefox/40.1" 
103.1.81.101 - - [02/Apr/2017:04:42:39 -0700] "GET /wp-login.php HTTP/1.1" 404 294 "-" "Mozilla/5.0 (Windows NT 6.1; WOW64; rv:40.0) Gecko/20100101 Firefox/40.1" 
77.75.76.167 - - [02/Apr/2017:04:49:38 -0700] "GET /robots.txt HTTP/1.1" 200 334 "-" "Mozilla/5.0 (compatible; SeznamBot/3.2; +http://napoveda.seznam.cz/en/seznambot-intro/)" 
77.75.76.167 - - [02/Apr/2017:04:49:39 -0700] "GET /tg/b.zip HTTP/1.1" 200 42298164 "-" "Mozilla/5.0 (compatible; SeznamBot/3.2; +http://napoveda.seznam.cz/en/seznambot-intro/)" 
51.255.65.25 - - [02/Apr/2017:04:51:52 -0700] "GET /self.logs/?C=M;O=A HTTP/1.1" 200 16774 "-" "Mozilla/5.0 (compatible; AhrefsBot/5.2; +http://ahrefs.com/robot/)" 
163.172.66.19 - - [02/Apr/2017:04:53:25 -0700] "GET /self.logs/access.log.2015-09-04.gz HTTP/1.1" 200 7067 "-" "Mozilla/5.0 (compatible; AhrefsBot/5.2; +http://ahrefs.com/robot/)" 
66.249.64.128 - - [02/Apr/2017:04:58:15 -0700] "GET / HTTP/1.1" 200 10792 "-" "Mozilla/5.0 (Linux; Android 6.0.1; Nexus 5X Build/MMB29P) AppleWebKit/537.36 (KHTML, like Gecko) Chrome/41.0.2272.96 Mobile Safari/537.36 (compatible; Googlebot/2.1; +http://www.google.com/bot.html)" 
159.226.251.229 - - [02/Apr/2017:05:02:11 -0700] "GET /maccdc2012/conn.log.gz HTTP/1.1" 304 156 "-" "Mozilla/5.0 Gecko/20100115 Firefox/3.6" 
51.255.65.14 - - [02/Apr/2017:05:11:00 -0700] "GET /self.logs/error.log.2015-12-13.gz HTTP/1.1" 200 610 "-" "Mozilla/5.0 (compatible; AhrefsBot/5.2; +http://ahrefs.com/robot/)" 
54.212.221.240 - - [02/Apr/2017:05:13:39 -0700] "HEAD / HTTP/1.1" 301 246 "-" "Mozilla/5.0" 
54.212.221.240 - - [02/Apr/2017:05:13:39 -0700] "HEAD / HTTP/1.1" 200 295 "-" "Mozilla/5.0" 
84.214.216.53 - - [02/Apr/2017:05:18:04 -0700] "GET / HTTP/1.1" 200 10792 "http://www.mlsecproject.org/" "Mozilla/5.0 (Macintosh; Intel Mac OS X 10_12_1) AppleWebKit/602.2.14 (KHTML, like Gecko) Version/10.0.1 Safari/602.2.14" 
84.214.216.53 - - [02/Apr/2017:05:18:04 -0700] "GET /twitter-icon.png HTTP/1.1" 200 27787 "http://www.secrepo.com/" "Mozilla/5.0 (Macintosh; Intel Mac OS X 10_12_1) AppleWebKit/602.2.14 (KHTML, like Gecko) Version/10.0.1 Safari/602.2.14" 
84.214.216.53 - - [02/Apr/2017:05:18:04 -0700] "GET /GitHub-Mark.png HTTP/1.1" 200 7428 "http://www.secrepo.com/" "Mozilla/5.0 (Macintosh; Intel Mac OS X 10_12_1) AppleWebKit/602.2.14 (KHTML, like Gecko) Version/10.0.1 Safari/602.2.14" 
84.214.216.53 - - [02/Apr/2017:05:18:05 -0700] "GET /bootstrap/img/favicon.ico HTTP/1.1" 200 590 "http://www.secrepo.com/" "Mozilla/5.0 (Macintosh; Intel Mac OS X 10_12_1) AppleWebKit/602.2.14 (KHTML, like Gecko) Version/10.0.1 Safari/602.2.14" 
84.214.216.53 - - [02/Apr/2017:05:19:16 -0700] "GET / HTTP/1.1" 200 10792 "http://www.mlsecproject.org/" "Mozilla/5.0 (Macintosh; Intel Mac OS X 10_12_1) AppleWebKit/602.2.14 (KHTML, like Gecko) Version/10.0.1 Safari/602.2.14" 
84.214.216.53 - - [02/Apr/2017:05:19:16 -0700] "GET /twitter-icon.png HTTP/1.1" 304 165 "http://www.secrepo.com/" "Mozilla/5.0 (Macintosh; Intel Mac OS X 10_12_1) AppleWebKit/602.2.14 (KHTML, like Gecko) Version/10.0.1 Safari/602.2.14" 
84.214.216.53 - - [02/Apr/2017:05:19:16 -0700] "GET /GitHub-Mark.png HTTP/1.1" 304 166 "http://www.secrepo.com/" "Mozilla/5.0 (Macintosh; Intel Mac OS X 10_12_1) AppleWebKit/602.2.14 (KHTML, like Gecko) Version/10.0.1 Safari/602.2.14" 
84.214.216.53 - - [02/Apr/2017:05:19:18 -0700] "GET / HTTP/1.1" 200 10791 "http://www.mlsecproject.org/" "Mozilla/5.0 (Macintosh; Intel Mac OS X 10_12_1) AppleWebKit/602.2.14 (KHTML, like Gecko) Version/10.0.1 Safari/602.2.14" 
84.214.216.53 - - [02/Apr/2017:05:19:18 -0700] "GET /twitter-icon.png HTTP/1.1" 304 165 "http://www.secrepo.com/" "Mozilla/5.0 (Macintosh; Intel Mac OS X 10_12_1) AppleWebKit/602.2.14 (KHTML, like Gecko) Version/10.0.1 Safari/602.2.14" 
84.214.216.53 - - [02/Apr/2017:05:19:18 -0700] "GET /GitHub-Mark.png HTTP/1.1" 304 165 "http://www.secrepo.com/" "Mozilla/5.0 (Macintosh; Intel Mac OS X 10_12_1) AppleWebKit/602.2.14 (KHTML, like Gecko) Version/10.0.1 Safari/602.2.14" 
163.172.66.17 - - [02/Apr/2017:05:21:49 -0700] "GET /self.logs/error.log.2017-01-26.gz HTTP/1.1" 200 1285 "-" "Mozilla/5.0 (compatible; AhrefsBot/5.2; +http://ahrefs.com/robot/)" 
121.220.104.112 - - [02/Apr/2017:05:48:09 -0700] "GET /bootstrap/img/favicon.ico HTTP/1.1" 200 590 "-" "Opera/9.80 (Windows NT 6.1; WOW64) Presto/2.12.388 Version/12.17" 
121.220.104.112 - - [02/Apr/2017:05:48:09 -0700] "GET /twitter-icon.png HTTP/1.1" 200 27788 "-" "Opera/9.80 (Windows NT 6.1; WOW64) Presto/2.12.388 Version/12.17" 
121.220.104.112 - - [02/Apr/2017:05:48:09 -0700] "GET /GitHub-Mark.png HTTP/1.1" 200 7428 "-" "Opera/9.80 (Windows NT 6.1; WOW64) Presto/2.12.388 Version/12.17" 
121.220.104.112 - - [02/Apr/2017:05:48:57 -0700] "GET /maccdc2012/dns.log.gz HTTP/1.1" 200 6629420 "-" "Opera/9.80 (Windows NT 6.1; WOW64) Presto/2.12.388 Version/12.17" 
77.75.76.162 - - [02/Apr/2017:05:59:15 -0700] "GET /robots.txt HTTP/1.1" 200 334 "-" "Mozilla/5.0 (compatible; SeznamBot/3.2; +http://napoveda.seznam.cz/en/seznambot-intro/)" 
77.75.76.162 - - [02/Apr/2017:05:59:16 -0700] "GET /self.logs/ HTTP/1.1" 200 16486 "-" "Mozilla/5.0 (compatible; SeznamBot/3.2; +http://napoveda.seznam.cz/en/seznambot-intro/)" 
1.199.75.195 - - [02/Apr/2017:06:03:32 -0700] "GET /maccdc2012/maccdc2012_full_alert.7z HTTP/1.1" 200 46080 "-" "Mozilla/5.0 (compatible; MSIE 6.0; Windows NT 5.0)" 
1.199.75.195 - - [02/Apr/2017:06:03:31 -0700] "GET /maccdc2012/maccdc2012_full_alert.7z HTTP/1.1" 200 76320 "-" "Mozilla/5.0 (compatible; MSIE 6.0; Windows NT 5.0)" 
1.199.75.195 - - [02/Apr/2017:06:03:31 -0700] "GET /maccdc2012/maccdc2012_full_alert.7z HTTP/1.1" 200 252000 "-" "Mozilla/5.0 (compatible; MSIE 6.0; Windows NT 5.0)" 
1.199.75.195 - - [02/Apr/2017:06:03:31 -0700] "GET /maccdc2012/maccdc2012_full_alert.7z HTTP/1.1" 200 266400 "-" "Mozilla/5.0 (compatible; MSIE 6.0; Windows NT 5.0)" 
163.172.65.131 - - [02/Apr/2017:06:05:08 -0700] "GET /self.logs/error.log.2016-10-05.gz HTTP/1.1" 200 528 "-" "Mozilla/5.0 (compatible; AhrefsBot/5.2; +http://ahrefs.com/robot/)" 
103.57.237.223 - - [02/Apr/2017:06:15:57 -0700] "GET / HTTP/1.1" 200 36475 "-" "Mozilla/5.0 (Windows NT 6.1; WOW64; rv:40.0) Gecko/20100101 Firefox/40.1" 
177.154.145.103 - - [02/Apr/2017:06:20:40 -0700] "GET / HTTP/1.1" 200 10792 "https://www.google.com.br/" "Mozilla/5.0 (X11; Linux x86_64) AppleWebKit/537.36 (KHTML, like Gecko) Chrome/57.0.2987.133 Safari/537.36" 
177.154.145.103 - - [02/Apr/2017:06:20:42 -0700] "GET /twitter-icon.png HTTP/1.1" 200 27787 "http://www.secrepo.com/" "Mozilla/5.0 (X11; Linux x86_64) AppleWebKit/537.36 (KHTML, like Gecko) Chrome/57.0.2987.133 Safari/537.36" 
177.154.145.103 - - [02/Apr/2017:06:20:42 -0700] "GET /GitHub-Mark.png HTTP/1.1" 200 7428 "http://www.secrepo.com/" "Mozilla/5.0 (X11; Linux x86_64) AppleWebKit/537.36 (KHTML, like Gecko) Chrome/57.0.2987.133 Safari/537.36" 
177.154.145.103 - - [02/Apr/2017:06:20:42 -0700] "GET /bootstrap/img/favicon.ico HTTP/1.1" 200 589 "http://www.secrepo.com/" "Mozilla/5.0 (X11; Linux x86_64) AppleWebKit/537.36 (KHTML, like Gecko) Chrome/57.0.2987.133 Safari/537.36" 
177.154.145.103 - - [02/Apr/2017:06:20:52 -0700] "GET /maccdc2012/maccdc2012_fast_alert.7z HTTP/1.1" 200 9478149 "-" "Mozilla/5.0 (X11; Linux x86_64) AppleWebKit/537.36 (KHTML, like Gecko) Chrome/57.0.2987.133 Safari/537.36" 
123.125.67.162 - - [02/Apr/2017:06:22:27 -0700] "GET /robots.txt HTTP/1.1" 301 465 "-" "Mozilla/5.0 (Windows NT 10.0; WOW64) AppleWebKit/537.36 (KHTML, like Gecko) Chrome/45.0.2454.93 Safari/537.36" 
123.125.67.160 - - [02/Apr/2017:06:22:28 -0700] "GET /robots.txt HTTP/1.1" 200 297 "-" "Mozilla/5.0 (Windows NT 10.0; WOW64) AppleWebKit/537.36 (KHTML, like Gecko) Chrome/45.0.2454.93 Safari/537.36" 
220.181.51.120 - - [02/Apr/2017:06:22:28 -0700] "GET /robots.txt HTTP/1.1" 200 297 "-" "Mozilla/5.0 (Windows NT 10.0; WOW64) AppleWebKit/537.36 (KHTML, like Gecko) Chrome/45.0.2454.93 Safari/537.36" 
40.77.167.108 - - [02/Apr/2017:06:24:39 -0700] "GET /maccdc2012/http.log.gz HTTP/1.1" 200 10941758 "-" "Mozilla/5.0 (iPhone; CPU iPhone OS 7_0 like Mac OS X) AppleWebKit/537.51.1 (KHTML, like Gecko) Version/7.0 Mobile/11A465 Safari/9537.53 (compatible; bingbot/2.0; +http://www.bing.com/bingbot.htm)" 
163.172.66.63 - - [02/Apr/2017:06:24:48 -0700] "GET /self.logs/access.log.2016-12-16.gz HTTP/1.1" 200 7769 "-" "Mozilla/5.0 (compatible; AhrefsBot/5.2; +http://ahrefs.com/robot/)" 
40.77.167.19 - - [02/Apr/2017:06:36:45 -0700] "GET /self.logs/access.log.2015-03-31.gz HTTP/1.1" 301 545 "-" "msnbot-media/1.1 (+http://search.msn.com/msnbot.htm)" 
197.246.28.235 - - [02/Apr/2017:06:50:31 -0700] "GET / HTTP/1.1" 200 10792 "-" "Mozilla/5.0 (Windows NT 10.0; WOW64) AppleWebKit/537.36 (KHTML, like Gecko) Chrome/56.0.2924.87 Safari/537.36" 
197.246.28.235 - - [02/Apr/2017:06:50:31 -0700] "GET /twitter-icon.png HTTP/1.1" 200 27787 "http://www.secrepo.com/" "Mozilla/5.0 (Windows NT 10.0; WOW64) AppleWebKit/537.36 (KHTML, like Gecko) Chrome/56.0.2924.87 Safari/537.36" 
197.246.28.235 - - [02/Apr/2017:06:50:31 -0700] "GET /GitHub-Mark.png HTTP/1.1" 200 7428 "http://www.secrepo.com/" "Mozilla/5.0 (Windows NT 10.0; WOW64) AppleWebKit/537.36 (KHTML, like Gecko) Chrome/56.0.2924.87 Safari/537.36" 
197.246.28.235 - - [02/Apr/2017:06:50:35 -0700] "GET /bootstrap/img/favicon.ico HTTP/1.1" 200 590 "http://www.secrepo.com/" "Mozilla/5.0 (Windows NT 10.0; WOW64) AppleWebKit/537.36 (KHTML, like Gecko) Chrome/56.0.2924.87 Safari/537.36" 
139.194.136.20 - - [02/Apr/2017:06:52:18 -0700] "GET /wp-login.php HTTP/1.1" 404 295 "-" "Mozilla/5.0 (Windows NT 6.1; WOW64; rv:40.0) Gecko/20100101 Firefox/40.1" 
139.194.136.20 - - [02/Apr/2017:06:52:24 -0700] "GET /wp-login.php HTTP/1.1" 404 295 "-" "Mozilla/5.0 (Windows NT 6.1; WOW64; rv:40.0) Gecko/20100101 Firefox/40.1" 
139.194.136.20 - - [02/Apr/2017:06:52:29 -0700] "GET / HTTP/1.1" 200 36475 "-" "Mozilla/5.0 (Windows NT 6.1; WOW64; rv:40.0) Gecko/20100101 Firefox/40.1" 
183.89.56.220 - - [02/Apr/2017:06:56:40 -0700] "GET /wp-login.php HTTP/1.1" 404 295 "-" "Mozilla/5.0 (Windows NT 6.1; WOW64; rv:40.0) Gecko/20100101 Firefox/40.1" 
66.249.64.191 - - [02/Apr/2017:06:56:43 -0700] "GET / HTTP/1.1" 200 10792 "-" "Mozilla/5.0 (Linux; Android 6.0.1; Nexus 5X Build/MMB29P) AppleWebKit/537.36 (KHTML, like Gecko) Chrome/41.0.2272.96 Mobile Safari/537.36 (compatible; Googlebot/2.1; +http://www.google.com/bot.html)" 
183.89.56.220 - - [02/Apr/2017:06:56:45 -0700] "GET /wp-login.php HTTP/1.1" 404 295 "-" "Mozilla/5.0 (Windows NT 6.1; WOW64; rv:40.0) Gecko/20100101 Firefox/40.1" 
183.89.56.220 - - [02/Apr/2017:06:56:51 -0700] "GET / HTTP/1.1" 200 36475 "-" "Mozilla/5.0 (Windows NT 6.1; WOW64; rv:40.0) Gecko/20100101 Firefox/40.1" 
163.172.66.41 - - [02/Apr/2017:07:06:52 -0700] "GET /self.logs/access.log.2017-01-20.gz HTTP/1.1" 200 12925 "-" "Mozilla/5.0 (compatible; AhrefsBot/5.2; +http://ahrefs.com/robot/)" 
210.187.154.97 - - [02/Apr/2017:07:13:49 -0700] "GET /wp-login.php HTTP/1.1" 404 295 "-" "Mozilla/5.0 (Windows NT 6.1; WOW64; rv:40.0) Gecko/20100101 Firefox/40.1" 
210.187.154.97 - - [02/Apr/2017:07:13:55 -0700] "GET /wp-login.php HTTP/1.1" 404 295 "-" "Mozilla/5.0 (Windows NT 6.1; WOW64; rv:40.0) Gecko/20100101 Firefox/40.1" 
210.187.154.97 - - [02/Apr/2017:07:14:00 -0700] "GET / HTTP/1.1" 200 36475 "-" "Mozilla/5.0 (Windows NT 6.1; WOW64; rv:40.0) Gecko/20100101 Firefox/40.1" 
159.226.251.229 - - [02/Apr/2017:07:16:40 -0700] "GET /maccdc2012/maccdc2012_full_alert.7z HTTP/1.1" 304 132 "-" "Mozilla/5.0 Gecko/20100115 Firefox/3.6" 
46.118.122.226 - - [02/Apr/2017:07:18:03 -0700] "GET / HTTP/1.1" 200 36419 "http://zarabotat-na-sajte.ru/" "Mozilla/4.0 (compatible; MSIE 6.0; Windows NT 5.1; SV1; .NET CLR 1.1.4322; .NET CLR 2.0.50727)" 
46.118.122.226 - - [02/Apr/2017:07:18:04 -0700] "GET / HTTP/1.1" 200 36419 "http://zarabotat-na-sajte.ru/" "Mozilla/4.0 (compatible; MSIE 6.0; Windows NT 5.1; SV1; .NET CLR 1.1.4322; .NET CLR 2.0.50727)" 
46.118.122.226 - - [02/Apr/2017:07:18:04 -0700] "GET / HTTP/1.1" 200 36419 "http://life-instyle.com/" "Mozilla/4.0 (compatible; MSIE 6.0; Windows NT 5.1; SV1; .NET CLR 1.1.4322; .NET CLR 2.0.50727)" 
210.187.154.97 - - [02/Apr/2017:07:18:48 -0700] "GET /wp-login.php HTTP/1.1" 301 522 "-" "Mozilla/5.0 (Windows NT 6.1; WOW64; rv:40.0) Gecko/20100101 Firefox/40.1" 
210.187.154.97 - - [02/Apr/2017:07:18:48 -0700] "GET /wp-login.php HTTP/1.1" 404 295 "-" "Mozilla/5.0 (Windows NT 6.1; WOW64; rv:40.0) Gecko/20100101 Firefox/40.1" 
210.187.154.97 - - [02/Apr/2017:07:18:54 -0700] "GET /wp-login.php HTTP/1.1" 301 522 "-" "Mozilla/5.0 (Windows NT 6.1; WOW64; rv:40.0) Gecko/20100101 Firefox/40.1" 
210.187.154.97 - - [02/Apr/2017:07:18:55 -0700] "GET /wp-login.php HTTP/1.1" 404 295 "-" "Mozilla/5.0 (Windows NT 6.1; WOW64; rv:40.0) Gecko/20100101 Firefox/40.1" 
40.77.167.108 - - [02/Apr/2017:07:18:56 -0700] "GET /maccdc2012/http.log.gz HTTP/1.1" 200 10785142 "-" "Mozilla/5.0 (iPhone; CPU iPhone OS 7_0 like Mac OS X) AppleWebKit/537.51.1 (KHTML, like Gecko) Version/7.0 Mobile/11A465 Safari/9537.53 (compatible; bingbot/2.0; +http://www.bing.com/bingbot.htm)" 
210.187.154.97 - - [02/Apr/2017:07:19:00 -0700] "GET / HTTP/1.1" 301 498 "-" "Mozilla/5.0 (Windows NT 6.1; WOW64; rv:40.0) Gecko/20100101 Firefox/40.1" 
210.187.154.97 - - [02/Apr/2017:07:19:01 -0700] "GET / HTTP/1.1" 200 36475 "-" "Mozilla/5.0 (Windows NT 6.1; WOW64; rv:40.0) Gecko/20100101 Firefox/40.1" 
207.46.13.206 - - [02/Apr/2017:07:19:20 -0700] "GET /robots.txt HTTP/1.1" 200 334 "-" "Mozilla/5.0 (compatible; bingbot/2.0; +http://www.bing.com/bingbot.htm)" 
199.30.24.125 - - [02/Apr/2017:07:26:18 -0700] "GET /maccdc2012/http.log.gz HTTP/1.1" 200 5637400 "-" "Mozilla/5.0 (iPhone; CPU iPhone OS 7_0 like Mac OS X) AppleWebKit/537.51.1 (KHTML, like Gecko) Version/7.0 Mobile/11A465 Safari/9537.53 BingPreview/1.0b" 
37.115.191.53 - - [02/Apr/2017:07:29:46 -0700] "GET / HTTP/1.1" 200 36419 "http://dvervmoskvu.ru/" "Opera/9.00 (Windows NT 5.1; U; ru)" 
159.226.251.229 - - [02/Apr/2017:07:29:54 -0700] "GET /tg/a.zip HTTP/1.1" 304 132 "-" "Mozilla/5.0 Gecko/20100115 Firefox/3.6" 
107.185.108.48 - - [02/Apr/2017:07:30:50 -0700] "GET /wp-login.php HTTP/1.1" 404 295 "-" "Mozilla/5.0 (Windows NT 6.1; WOW64; rv:40.0) Gecko/20100101 Firefox/40.1" 
107.185.108.48 - - [02/Apr/2017:07:30:58 -0700] "GET /wp-login.php HTTP/1.1" 404 295 "-" "Mozilla/5.0 (Windows NT 6.1; WOW64; rv:40.0) Gecko/20100101 Firefox/40.1" 
107.185.108.48 - - [02/Apr/2017:07:31:04 -0700] "GET / HTTP/1.1" 200 36475 "-" "Mozilla/5.0 (Windows NT 6.1; WOW64; rv:40.0) Gecko/20100101 Firefox/40.1" 
87.222.33.52 - - [02/Apr/2017:07:44:24 -0700] "GET /self.logs/ HTTP/1.1" 200 16486 "http://www.secrepo.com/" "Mozilla/5.0 (Macintosh; Intel Mac OS X 10_11_6) AppleWebKit/537.36 (KHTML, like Gecko) Chrome/56.0.2924.87 Safari/537.36" 
87.222.33.52 - - [02/Apr/2017:07:44:25 -0700] "GET /favicon.ico HTTP/1.1" 200 267 "http://www.secrepo.com/self.logs/" "Mozilla/5.0 (Macintosh; Intel Mac OS X 10_11_6) AppleWebKit/537.36 (KHTML, like Gecko) Chrome/56.0.2924.87 Safari/537.36" 
87.222.33.52 - - [02/Apr/2017:07:44:27 -0700] "GET /self.logs/access.log.2015-01-17.gz HTTP/1.1" 200 3596 "http://www.secrepo.com/self.logs/" "Mozilla/5.0 (Macintosh; Intel Mac OS X 10_11_6) AppleWebKit/537.36 (KHTML, like Gecko) Chrome/56.0.2924.87 Safari/537.36" 
87.222.33.52 - - [02/Apr/2017:07:44:32 -0700] "GET /bootstrap/img/favicon.ico HTTP/1.1" 200 590 "http://www.secrepo.com/" "Mozilla/5.0 (Macintosh; Intel Mac OS X 10_11_6) AppleWebKit/537.36 (KHTML, like Gecko) Chrome/56.0.2924.87 Safari/537.36" 
87.222.33.52 - - [02/Apr/2017:07:44:06 -0700] "GET /tg/a.zip HTTP/1.1" 200 66189337 "-" "Mozilla/5.0 (Macintosh; Intel Mac OS X 10_11_6) AppleWebKit/537.36 (KHTML, like Gecko) Chrome/56.0.2924.87 Safari/537.36" 
51.255.65.88 - - [02/Apr/2017:07:50:19 -0700] "GET /self.logs/?C=S;O=D HTTP/1.1" 200 18560 "-" "Mozilla/5.0 (compatible; AhrefsBot/5.2; +http://ahrefs.com/robot/)" 
46.148.120.138 - - [02/Apr/2017:07:53:04 -0700] "GET /honeypot/BSidesDFW%20-%202014.ipynb HTTP/1.0" 200 930799 "http://www.secrepo.com/" "Mozilla/5.0 (Windows NT 6.3; WOW64; Trident/7.0; rv:11.0) like Gecko" 
87.222.33.52 - - [02/Apr/2017:07:43:51 -0700] "GET /maccdc2012/conn.log.gz HTTP/1.1" 200 551041635 "-" "Mozilla/5.0 (Macintosh; Intel Mac OS X 10_11_6) AppleWebKit/537.36 (KHTML, like Gecko) Chrome/56.0.2924.87 Safari/537.36" 
84.119.200.109 - - [02/Apr/2017:07:58:04 -0700] "GET / HTTP/1.1" 200 10792 "https://www.google.de/" "Mozilla/5.0 (Macintosh; Intel Mac OS X 10_11_6) AppleWebKit/537.36 (KHTML, like Gecko) Chrome/56.0.2924.87 Safari/537.36" 
84.119.200.109 - - [02/Apr/2017:07:58:04 -0700] "GET /twitter-icon.png HTTP/1.1" 200 27787 "http://www.secrepo.com/" "Mozilla/5.0 (Macintosh; Intel Mac OS X 10_11_6) AppleWebKit/537.36 (KHTML, like Gecko) Chrome/56.0.2924.87 Safari/537.36" 
84.119.200.109 - - [02/Apr/2017:07:58:04 -0700] "GET /GitHub-Mark.png HTTP/1.1" 200 7428 "http://www.secrepo.com/" "Mozilla/5.0 (Macintosh; Intel Mac OS X 10_11_6) AppleWebKit/537.36 (KHTML, like Gecko) Chrome/56.0.2924.87 Safari/537.36" 
84.119.200.109 - - [02/Apr/2017:07:58:05 -0700] "GET /bootstrap/img/favicon.ico HTTP/1.1" 200 589 "http://www.secrepo.com/" "Mozilla/5.0 (Macintosh; Intel Mac OS X 10_11_6) AppleWebKit/537.36 (KHTML, like Gecko) Chrome/56.0.2924.87 Safari/537.36" 
159.226.251.229 - - [02/Apr/2017:08:02:34 -0700] "GET /maccdc2012/conn.log.gz HTTP/1.1" 304 156 "-" "Mozilla/5.0 Gecko/20100115 Firefox/3.6" 
208.80.192.33 - - [02/Apr/2017:08:12:10 -0700] "GET / HTTP/1.0" 200 36464 "-" "Mozilla/5.0 (Windows; U; Windows NT 6.1; en-US; rv:1.9.2.18) Gecko/20110614 Firefox/3.6.18" 
164.132.161.14 - - [02/Apr/2017:08:26:13 -0700] "GET /self.logs/access.log.2017-02-08.gz HTTP/1.1" 200 31182 "-" "Mozilla/5.0 (compatible; AhrefsBot/5.2; +http://ahrefs.com/robot/)" 
63.243.252.122 - - [02/Apr/2017:08:26:58 -0700] "GET /honeypot/Honeypot%20-%20Howto.pdf HTTP/1.1" 200 1279381 "-" "Mozilla/5.0 (compatible; Baiduspider/2.0; +http://www.baidu.com/search/spider.html)" 
76.253.164.37 - - [02/Apr/2017:08:28:43 -0700] "GET / HTTP/1.1" 200 10792 "http://www.kdnuggets.com/2017/01/machine-learning-cyber-security.html" "Mozilla/5.0 (Macintosh; Intel Mac OS X 10_10_5) AppleWebKit/537.36 (KHTML, like Gecko) Chrome/56.0.2924.87 Safari/537.36" 
84.108.157.127 - - [02/Apr/2017:08:28:43 -0700] "GET /wp-login.php HTTP/1.1" 404 295 "-" "Mozilla/5.0 (Windows NT 6.1; WOW64; rv:40.0) Gecko/20100101 Firefox/40.1" 
76.253.164.37 - - [02/Apr/2017:08:28:43 -0700] "GET /twitter-icon.png HTTP/1.1" 200 27787 "http://www.secrepo.com/" "Mozilla/5.0 (Macintosh; Intel Mac OS X 10_10_5) AppleWebKit/537.36 (KHTML, like Gecko) Chrome/56.0.2924.87 Safari/537.36" 
76.253.164.37 - - [02/Apr/2017:08:28:43 -0700] "GET /GitHub-Mark.png HTTP/1.1" 200 7428 "http://www.secrepo.com/" "Mozilla/5.0 (Macintosh; Intel Mac OS X 10_10_5) AppleWebKit/537.36 (KHTML, like Gecko) Chrome/56.0.2924.87 Safari/537.36" 
84.108.157.127 - - [02/Apr/2017:08:28:48 -0700] "GET /wp-login.php HTTP/1.1" 404 295 "-" "Mozilla/5.0 (Windows NT 6.1; WOW64; rv:40.0) Gecko/20100101 Firefox/40.1" 
84.108.157.127 - - [02/Apr/2017:08:28:54 -0700] "GET / HTTP/1.1" 200 36475 "-" "Mozilla/5.0 (Windows NT 6.1; WOW64; rv:40.0) Gecko/20100101 Firefox/40.1" 
76.253.164.37 - - [02/Apr/2017:08:31:21 -0700] "GET /maccdc2012/dhcp.log.gz HTTP/1.1" 200 45019 "-" "Mozilla/5.0 (Macintosh; Intel Mac OS X 10_10_5) AppleWebKit/537.36 (KHTML, like Gecko) Chrome/56.0.2924.87 Safari/537.36" 
61.6.41.87 - - [02/Apr/2017:08:31:22 -0700] "GET /wp-login.php HTTP/1.1" 404 295 "-" "Mozilla/5.0 (Windows NT 6.1; WOW64; rv:40.0) Gecko/20100101 Firefox/40.1" 
61.6.41.87 - - [02/Apr/2017:08:31:27 -0700] "GET /wp-login.php HTTP/1.1" 404 295 "-" "Mozilla/5.0 (Windows NT 6.1; WOW64; rv:40.0) Gecko/20100101 Firefox/40.1" 
61.6.41.87 - - [02/Apr/2017:08:31:33 -0700] "GET / HTTP/1.1" 200 36475 "-" "Mozilla/5.0 (Windows NT 6.1; WOW64; rv:40.0) Gecko/20100101 Firefox/40.1" 
40.77.167.108 - - [02/Apr/2017:08:36:43 -0700] "GET /maccdc2012/http.log.gz HTTP/1.1" 200 10783134 "-" "Mozilla/5.0 (iPhone; CPU iPhone OS 7_0 like Mac OS X) AppleWebKit/537.51.1 (KHTML, like Gecko) Version/7.0 Mobile/11A465 Safari/9537.53 (compatible; bingbot/2.0; +http://www.bing.com/bingbot.htm)" 
92.236.19.221 - - [02/Apr/2017:08:52:37 -0700] "GET /favicon.ico HTTP/1.1" 200 268 "http://www.secrepo.com/honeypot/Honeypot%20-%20Howto.pdf" "Mozilla/5.0 (Windows NT 10.0; WOW64) AppleWebKit/537.36 (KHTML, like Gecko) Chrome/56.0.2924.87 Safari/537.36" 
92.236.19.221 - - [02/Apr/2017:08:52:36 -0700] "GET /honeypot/Honeypot%20-%20Howto.pdf HTTP/1.1" 200 1279418 "https://www.google.co.uk/" "Mozilla/5.0 (Windows NT 10.0; WOW64) AppleWebKit/537.36 (KHTML, like Gecko) Chrome/56.0.2924.87 Safari/537.36" 
66.249.64.187 - - [02/Apr/2017:08:55:15 -0700] "GET / HTTP/1.1" 200 10792 "-" "Mozilla/5.0 (Linux; Android 6.0.1; Nexus 5X Build/MMB29P) AppleWebKit/537.36 (KHTML, like Gecko) Chrome/41.0.2272.96 Mobile Safari/537.36 (compatible; Googlebot/2.1; +http://www.google.com/bot.html)" 
40.77.167.108 - - [02/Apr/2017:09:09:20 -0700] "GET /maccdc2012/http.log.gz HTTP/1.1" 200 10754318 "-" "Mozilla/5.0 (iPhone; CPU iPhone OS 7_0 like Mac OS X) AppleWebKit/537.51.1 (KHTML, like Gecko) Version/7.0 Mobile/11A465 Safari/9537.53 (compatible; bingbot/2.0; +http://www.bing.com/bingbot.htm)" 
192.114.105.254 - - [02/Apr/2017:09:09:30 -0700] "GET / HTTP/1.1" 200 10792 "https://www.reddit.com/r/datasets/comments/3tbxap/cyber_security_datasets/" "Mozilla/5.0 (Windows NT 10.0; WOW64) AppleWebKit/537.36 (KHTML, like Gecko) Chrome/56.0.2924.87 Safari/537.36" 
192.114.105.254 - - [02/Apr/2017:09:09:30 -0700] "GET /twitter-icon.png HTTP/1.1" 200 27787 "http://www.secrepo.com/" "Mozilla/5.0 (Windows NT 10.0; WOW64) AppleWebKit/537.36 (KHTML, like Gecko) Chrome/56.0.2924.87 Safari/537.36" 
192.114.105.254 - - [02/Apr/2017:09:09:30 -0700] "GET /GitHub-Mark.png HTTP/1.1" 200 7428 "http://www.secrepo.com/" "Mozilla/5.0 (Windows NT 10.0; WOW64) AppleWebKit/537.36 (KHTML, like Gecko) Chrome/56.0.2924.87 Safari/537.36" 
192.114.105.254 - - [02/Apr/2017:09:09:31 -0700] "GET /bootstrap/img/favicon.ico HTTP/1.1" 200 589 "http://www.secrepo.com/" "Mozilla/5.0 (Windows NT 10.0; WOW64) AppleWebKit/537.36 (KHTML, like Gecko) Chrome/56.0.2924.87 Safari/537.36" 
40.77.167.19 - - [02/Apr/2017:09:15:17 -0700] "GET /honeypot/honeypot%20-%20howto.pdf HTTP/1.1" 301 531 "-" "Mozilla/5.0 (iPhone; CPU iPhone OS 7_0 like Mac OS X) AppleWebKit/537.51.1 (KHTML, like Gecko) Version/7.0 Mobile/11A465 Safari/9537.53 (compatible; bingbot/2.0; +http://www.bing.com/bingbot.htm)" 
164.132.161.42 - - [02/Apr/2017:09:21:31 -0700] "GET /self.logs/error.log.2015-07-12.gz HTTP/1.1" 200 1202 "-" "Mozilla/5.0 (compatible; AhrefsBot/5.2; +http://ahrefs.com/robot/)" 
189.25.54.199 - - [02/Apr/2017:09:22:14 -0700] "GET /wp-login.php HTTP/1.1" 404 295 "-" "Mozilla/5.0 (Windows NT 6.1; WOW64; rv:40.0) Gecko/20100101 Firefox/40.1" 
189.25.54.199 - - [02/Apr/2017:09:22:29 -0700] "GET /wp-login.php HTTP/1.1" 404 295 "-" "Mozilla/5.0 (Windows NT 6.1; WOW64; rv:40.0) Gecko/20100101 Firefox/40.1" 
189.25.54.199 - - [02/Apr/2017:09:22:44 -0700] "GET / HTTP/1.1" 200 36475 "-" "Mozilla/5.0 (Windows NT 6.1; WOW64; rv:40.0) Gecko/20100101 Firefox/40.1" 
163.172.64.245 - - [02/Apr/2017:09:25:49 -0700] "GET /self.logs/access.log.2017-03-16.gz HTTP/1.1" 200 30718 "-" "Mozilla/5.0 (compatible; AhrefsBot/5.2; +http://ahrefs.com/robot/)" 
84.108.157.127 - - [02/Apr/2017:09:27:47 -0700] "GET /wp-login.php HTTP/1.1" 301 522 "-" "Mozilla/5.0 (Windows NT 6.1; WOW64; rv:40.0) Gecko/20100101 Firefox/40.1" 
84.108.157.127 - - [02/Apr/2017:09:27:48 -0700] "GET /wp-login.php HTTP/1.1" 404 295 "-" "Mozilla/5.0 (Windows NT 6.1; WOW64; rv:40.0) Gecko/20100101 Firefox/40.1" 
84.108.157.127 - - [02/Apr/2017:09:27:53 -0700] "GET /wp-login.php HTTP/1.1" 301 522 "-" "Mozilla/5.0 (Windows NT 6.1; WOW64; rv:40.0) Gecko/20100101 Firefox/40.1" 
84.108.157.127 - - [02/Apr/2017:09:27:53 -0700] "GET /wp-login.php HTTP/1.1" 404 295 "-" "Mozilla/5.0 (Windows NT 6.1; WOW64; rv:40.0) Gecko/20100101 Firefox/40.1" 
84.108.157.127 - - [02/Apr/2017:09:27:59 -0700] "GET / HTTP/1.1" 301 498 "-" "Mozilla/5.0 (Windows NT 6.1; WOW64; rv:40.0) Gecko/20100101 Firefox/40.1" 
84.108.157.127 - - [02/Apr/2017:09:27:59 -0700] "GET / HTTP/1.1" 200 36475 "-" "Mozilla/5.0 (Windows NT 6.1; WOW64; rv:40.0) Gecko/20100101 Firefox/40.1" 
164.132.161.65 - - [02/Apr/2017:09:34:43 -0700] "GET /self.logs/error.log.2015-06-24.gz HTTP/1.1" 200 820 "-" "Mozilla/5.0 (compatible; AhrefsBot/5.2; +http://ahrefs.com/robot/)" 
157.55.39.221 - - [02/Apr/2017:09:39:14 -0700] "GET /robots.txt HTTP/1.1" 200 334 "-" "Mozilla/5.0 (compatible; bingbot/2.0; +http://www.bing.com/bingbot.htm)" 
40.77.167.108 - - [02/Apr/2017:09:39:20 -0700] "GET /maccdc2012/http.log.gz HTTP/1.1" 200 10942002 "-" "Mozilla/5.0 (iPhone; CPU iPhone OS 7_0 like Mac OS X) AppleWebKit/537.51.1 (KHTML, like Gecko) Version/7.0 Mobile/11A465 Safari/9537.53 (compatible; bingbot/2.0; +http://www.bing.com/bingbot.htm)" 
122.137.252.203 - - [02/Apr/2017:09:40:16 -0700] "GET /maccdc2012/maccdc2012_full_alert.7z HTTP/1.1" 200 100800 "-" "Mozilla/5.0 (compatible; MSIE 6.0; Windows NT 5.0)" 
122.137.252.203 - - [02/Apr/2017:09:40:16 -0700] "GET /maccdc2012/maccdc2012_full_alert.7z HTTP/1.1" 200 100800 "-" "Mozilla/5.0 (compatible; MSIE 6.0; Windows NT 5.0)" 
122.137.252.203 - - [02/Apr/2017:09:40:16 -0700] "GET /maccdc2012/maccdc2012_full_alert.7z HTTP/1.1" 200 103680 "-" "Mozilla/5.0 (compatible; MSIE 6.0; Windows NT 5.0)" 
122.137.252.203 - - [02/Apr/2017:09:40:16 -0700] "GET /maccdc2012/maccdc2012_full_alert.7z HTTP/1.1" 200 100800 "-" "Mozilla/5.0 (compatible; MSIE 6.0; Windows NT 5.0)" 
163.172.66.86 - - [02/Apr/2017:09:50:27 -0700] "GET /self.logs/error.log.2016-05-29.gz HTTP/1.1" 200 649 "-" "Mozilla/5.0 (compatible; AhrefsBot/5.2; +http://ahrefs.com/robot/)" 
123.125.71.34 - - [02/Apr/2017:09:53:36 -0700] "GET /robots.txt HTTP/1.1" 200 297 "-" "Mozilla/5.0 (compatible; Baiduspider/2.0; +http://www.baidu.com/search/spider.html)" 
220.181.108.170 - - [02/Apr/2017:09:56:54 -0700] "GET / HTTP/1.1" 200 10755 "-" "Mozilla/5.0 (compatible; Baiduspider/2.0; +http://www.baidu.com/search/spider.html)" 
40.77.167.108 - - [02/Apr/2017:09:59:44 -0700] "GET /self.logs/error.log.2015-01-24.gz HTTP/1.1" 301 544 "-" "msnbot-media/1.1 (+http://search.msn.com/msnbot.htm)" 
80.82.64.21 - - [02/Apr/2017:10:05:45 -0700] "GET /muieblackcat HTTP/1.1" 301 466 "-" "-" 
80.82.64.21 - - [02/Apr/2017:10:05:46 -0700] "GET //phpMyAdmin/scripts/setup.php HTTP/1.1" 301 496 "-" "-" 
80.82.64.21 - - [02/Apr/2017:10:05:46 -0700] "GET //phpmyadmin/scripts/setup.php HTTP/1.1" 301 494 "-" "-" 
80.82.64.21 - - [02/Apr/2017:10:05:46 -0700] "GET //pma/scripts/setup.php HTTP/1.1" 301 483 "-" "-" 
80.82.64.21 - - [02/Apr/2017:10:05:47 -0700] "GET //myadmin/scripts/setup.php HTTP/1.1" 301 491 "-" "-" 
80.82.64.21 - - [02/Apr/2017:10:05:47 -0700] "GET //MyAdmin/scripts/setup.php HTTP/1.1" 301 491 "-" "-" 
80.82.64.21 - - [02/Apr/2017:10:05:48 -0700] "GET //scripts/setup.php HTTP/1.1" 301 475 "-" "-" 
80.82.64.21 - - [02/Apr/2017:10:05:48 -0700] "GET //admin/scripts/setup.php HTTP/1.1" 301 487 "-" "-" 
80.82.64.21 - - [02/Apr/2017:10:05:48 -0700] "GET //admin/pma/scripts/setup.php HTTP/1.1" 301 493 "-" "-" 
80.82.64.21 - - [02/Apr/2017:10:05:49 -0700] "GET //admin/phpmyadmin/scripts/setup.php HTTP/1.1" 301 502 "-" "-" 
80.82.64.21 - - [02/Apr/2017:10:05:50 -0700] "GET //db/scripts/setup.php HTTP/1.1" 301 482 "-" "-" 
80.82.64.21 - - [02/Apr/2017:10:05:50 -0700] "GET //dbadmin/scripts/setup.php HTTP/1.1" 301 491 "-" "-" 
80.82.64.21 - - [02/Apr/2017:10:05:50 -0700] "GET //mysql/scripts/setup.php HTTP/1.1" 301 487 "-" "-" 
80.82.64.21 - - [02/Apr/2017:10:05:51 -0700] "GET //mysqladmin/scripts/setup.php HTTP/1.1" 301 496 "-" "-" 
80.82.64.21 - - [02/Apr/2017:10:05:51 -0700] "GET //web/phpMyAdmin/scripts/setup.php HTTP/1.1" 301 502 "-" "-" 
80.82.64.21 - - [02/Apr/2017:10:05:52 -0700] "GET //web/scripts/setup.php HTTP/1.1" 301 483 "-" "-" 
80.82.64.21 - - [02/Apr/2017:10:05:52 -0700] "GET //_phpmyadmin/scripts/setup.php HTTP/1.1" 301 497 "-" "-" 
80.82.64.21 - - [02/Apr/2017:10:05:53 -0700] "GET //administrator/phpmyadmin/scripts/setup.php HTTP/1.1" 301 515 "-" "-" 
80.82.64.21 - - [02/Apr/2017:10:05:53 -0700] "GET //administrator/scripts/setup.php HTTP/1.1" 301 500 "-" "-" 
40.77.167.19 - - [02/Apr/2017:10:07:17 -0700] "GET /honeypot/honeypot%20-%20howto.pdf HTTP/1.1" 301 531 "-" "Mozilla/5.0 (iPhone; CPU iPhone OS 7_0 like Mac OS X) AppleWebKit/537.51.1 (KHTML, like Gecko) Version/7.0 Mobile/11A465 Safari/9537.53 (compatible; bingbot/2.0; +http://www.bing.com/bingbot.htm)" 
40.77.167.19 - - [02/Apr/2017:10:08:20 -0700] "GET /honeypot/honeypot%20-%20howto.pdf HTTP/1.1" 404 340 "-" "Mozilla/5.0 (iPhone; CPU iPhone OS 7_0 like Mac OS X) AppleWebKit/537.51.1 (KHTML, like Gecko) Version/7.0 Mobile/11A465 Safari/9537.53 (compatible; bingbot/2.0; +http://www.bing.com/bingbot.htm)" 
40.77.167.108 - - [02/Apr/2017:10:09:30 -0700] "GET /maccdc2012/http.log.gz HTTP/1.1" 200 10941758 "-" "Mozilla/5.0 (iPhone; CPU iPhone OS 7_0 like Mac OS X) AppleWebKit/537.51.1 (KHTML, like Gecko) Version/7.0 Mobile/11A465 Safari/9537.53 (compatible; bingbot/2.0; +http://www.bing.com/bingbot.htm)" 
131.253.25.143 - - [02/Apr/2017:10:10:53 -0700] "GET /maccdc2012/http.log.gz HTTP/1.1" 200 4927400 "-" "Mozilla/5.0 (iPhone; CPU iPhone OS 7_0 like Mac OS X) AppleWebKit/537.51.1 (KHTML, like Gecko) Version/7.0 Mobile/11A465 Safari/9537.53 BingPreview/1.0b" 
159.226.251.229 - - [02/Apr/2017:10:16:56 -0700] "GET /maccdc2012/maccdc2012_full_alert.7z HTTP/1.1" 304 132 "-" "Mozilla/5.0 Gecko/20100115 Firefox/3.6" 
106.38.241.146 - - [02/Apr/2017:10:17:42 -0700] "GET / HTTP/1.1" 304 152 "-" "Sogou web spider/4.0(+http://www.sogou.com/docs/help/webmasters.htm#07)" 
106.38.241.146 - - [02/Apr/2017:10:17:53 -0700] "GET /self.logs/ HTTP/1.1" 200 16449 "-" "Sogou web spider/4.0(+http://www.sogou.com/docs/help/webmasters.htm#07)" 
51.255.65.16 - - [02/Apr/2017:10:20:57 -0700] "GET /self.logs/error.log.2016-04-18.gz HTTP/1.1" 200 837 "-" "Mozilla/5.0 (compatible; AhrefsBot/5.2; +http://ahrefs.com/robot/)" 
159.226.251.229 - - [02/Apr/2017:10:29:59 -0700] "GET /tg/a.zip HTTP/1.1" 304 132 "-" "Mozilla/5.0 Gecko/20100115 Firefox/3.6" 
189.25.54.199 - - [02/Apr/2017:10:35:59 -0700] "GET /wp-login.php HTTP/1.1" 301 522 "-" "Mozilla/5.0 (Windows NT 6.1; WOW64; rv:40.0) Gecko/20100101 Firefox/40.1" 
189.25.54.199 - - [02/Apr/2017:10:35:59 -0700] "GET /wp-login.php HTTP/1.1" 404 295 "-" "Mozilla/5.0 (Windows NT 6.1; WOW64; rv:40.0) Gecko/20100101 Firefox/40.1" 
189.25.54.199 - - [02/Apr/2017:10:36:04 -0700] "GET /wp-login.php HTTP/1.1" 301 522 "-" "Mozilla/5.0 (Windows NT 6.1; WOW64; rv:40.0) Gecko/20100101 Firefox/40.1" 
189.25.54.199 - - [02/Apr/2017:10:36:05 -0700] "GET /wp-login.php HTTP/1.1" 404 295 "-" "Mozilla/5.0 (Windows NT 6.1; WOW64; rv:40.0) Gecko/20100101 Firefox/40.1" 
189.25.54.199 - - [02/Apr/2017:10:36:10 -0700] "GET / HTTP/1.1" 301 498 "-" "Mozilla/5.0 (Windows NT 6.1; WOW64; rv:40.0) Gecko/20100101 Firefox/40.1" 
189.25.54.199 - - [02/Apr/2017:10:36:10 -0700] "GET / HTTP/1.1" 200 36475 "-" "Mozilla/5.0 (Windows NT 6.1; WOW64; rv:40.0) Gecko/20100101 Firefox/40.1" 
40.77.167.108 - - [02/Apr/2017:10:37:05 -0700] "GET /maccdc2012/http.log.gz HTTP/1.1" 200 10941758 "-" "Mozilla/5.0 (iPhone; CPU iPhone OS 7_0 like Mac OS X) AppleWebKit/537.51.1 (KHTML, like Gecko) Version/7.0 Mobile/11A465 Safari/9537.53 (compatible; bingbot/2.0; +http://www.bing.com/bingbot.htm)" 
40.77.167.19 - - [02/Apr/2017:10:38:17 -0700] "GET /honeypot/honeypot%20-%20howto.pdf HTTP/1.1" 301 531 "-" "Mozilla/5.0 (iPhone; CPU iPhone OS 7_0 like Mac OS X) AppleWebKit/537.51.1 (KHTML, like Gecko) Version/7.0 Mobile/11A465 Safari/9537.53 (compatible; bingbot/2.0; +http://www.bing.com/bingbot.htm)" 
40.77.167.19 - - [02/Apr/2017:10:38:21 -0700] "GET /honeypot/honeypot%20-%20howto.pdf HTTP/1.1" 404 340 "-" "Mozilla/5.0 (iPhone; CPU iPhone OS 7_0 like Mac OS X) AppleWebKit/537.51.1 (KHTML, like Gecko) Version/7.0 Mobile/11A465 Safari/9537.53 (compatible; bingbot/2.0; +http://www.bing.com/bingbot.htm)" 
178.221.171.54 - - [02/Apr/2017:10:54:53 -0700] "GET /wp-login.php HTTP/1.1" 404 295 "-" "Mozilla/5.0 (Windows NT 6.1; WOW64; rv:40.0) Gecko/20100101 Firefox/40.1" 
178.221.171.54 - - [02/Apr/2017:10:54:58 -0700] "GET /wp-login.php HTTP/1.1" 404 295 "-" "Mozilla/5.0 (Windows NT 6.1; WOW64; rv:40.0) Gecko/20100101 Firefox/40.1" 
178.221.171.54 - - [02/Apr/2017:10:55:04 -0700] "GET / HTTP/1.1" 200 36475 "-" "Mozilla/5.0 (Windows NT 6.1; WOW64; rv:40.0) Gecko/20100101 Firefox/40.1" 
84.119.200.109 - - [02/Apr/2017:10:56:28 -0700] "GET /pe_static/op-cleaver.zip HTTP/1.1" 200 710065 "-" "Mozilla/5.0 (Macintosh; Intel Mac OS X 10_11_6) AppleWebKit/537.36 (KHTML, like Gecko) Chrome/56.0.2924.87 Safari/537.36" 
163.172.65.127 - - [02/Apr/2017:10:56:33 -0700] "GET /self.logs/error.log.2017-01-24.gz HTTP/1.1" 200 1183 "-" "Mozilla/5.0 (compatible; AhrefsBot/5.2; +http://ahrefs.com/robot/)" 
163.172.66.184 - - [02/Apr/2017:11:00:18 -0700] "GET /self.logs/error.log.2015-08-10.gz HTTP/1.1" 200 502 "-" "Mozilla/5.0 (compatible; AhrefsBot/5.2; +http://ahrefs.com/robot/)" 
159.226.251.229 - - [02/Apr/2017:11:02:57 -0700] "GET /maccdc2012/conn.log.gz HTTP/1.1" 304 156 "-" "Mozilla/5.0 Gecko/20100115 Firefox/3.6" 
45.116.233.40 - - [02/Apr/2017:11:04:41 -0700] "GET / HTTP/1.1" 200 10792 "http://www.mlsecproject.org/" "Mozilla/5.0 (Windows NT 10.0; WOW64) AppleWebKit/537.36 (KHTML, like Gecko) Chrome/56.0.2924.87 Safari/537.36 OPR/43.0.2442.1144" 
45.116.233.40 - - [02/Apr/2017:11:04:43 -0700] "GET /GitHub-Mark.png HTTP/1.1" 200 7428 "http://www.secrepo.com/" "Mozilla/5.0 (Windows NT 10.0; WOW64) AppleWebKit/537.36 (KHTML, like Gecko) Chrome/56.0.2924.87 Safari/537.36 OPR/43.0.2442.1144" 
45.116.233.40 - - [02/Apr/2017:11:04:43 -0700] "GET /twitter-icon.png HTTP/1.1" 200 27787 "http://www.secrepo.com/" "Mozilla/5.0 (Windows NT 10.0; WOW64) AppleWebKit/537.36 (KHTML, like Gecko) Chrome/56.0.2924.87 Safari/537.36 OPR/43.0.2442.1144" 
45.116.233.40 - - [02/Apr/2017:11:04:46 -0700] "GET /bootstrap/img/favicon.ico HTTP/1.1" 200 590 "http://www.secrepo.com/" "Mozilla/5.0 (Windows NT 10.0; WOW64) AppleWebKit/537.36 (KHTML, like Gecko) Chrome/56.0.2924.87 Safari/537.36 OPR/43.0.2442.1144" 
163.172.64.252 - - [02/Apr/2017:11:08:46 -0700] "GET /self.logs/error.log.2017-03-15.gz HTTP/1.1" 200 888 "-" "Mozilla/5.0 (compatible; AhrefsBot/5.2; +http://ahrefs.com/robot/)" 
40.77.167.108 - - [02/Apr/2017:11:10:18 -0700] "GET /maccdc2012/http.log.gz HTTP/1.1" 200 10863630 "-" "Mozilla/5.0 (iPhone; CPU iPhone OS 7_0 like Mac OS X) AppleWebKit/537.51.1 (KHTML, like Gecko) Version/7.0 Mobile/11A465 Safari/9537.53 (compatible; bingbot/2.0; +http://www.bing.com/bingbot.htm)" 
199.30.24.60 - - [02/Apr/2017:11:11:11 -0700] "GET /maccdc2012/http.log.gz HTTP/1.1" 200 9153826 "-" "Mozilla/5.0 (iPhone; CPU iPhone OS 7_0 like Mac OS X) AppleWebKit/537.51.1 (KHTML, like Gecko) Version/7.0 Mobile/11A465 Safari/9537.53 BingPreview/1.0b" 
104.131.219.17 - - [02/Apr/2017:11:21:15 -0700] "GET /robots.txt HTTP/1.1" 301 446 "-" "Mozilla/5.0 (compatible; spbot/5.0.3; +http://OpenLinkProfiler.org/bot )" 
