123.182.156.200 - - [05/Aug/2015:02:01:02 -0700] "GET /honeypot/BSidesDFW%20-%202014.ipynb HTTP/1.1" 200 349920 "-" "Mozilla/4.0 (compatible; MSIE 6.0; Windows NT 5.1; SV1; Mozilla/4.0 (compatible; MSIE 6.0; Windows NT 5.1; SV1) )" 
123.182.156.200 - - [05/Aug/2015:02:01:08 -0700] "POST /honeypot/BSidesDFW%20-%202014.ipynb/trackback/ HTTP/1.1" 404 303 "http://www.secrepo.com/honeypot/BSidesDFW - 2014.ipynb" "Mozilla/4.0 (compatible; MSIE 6.0; Windows NT 5.1)" 
188.165.15.84 - - [05/Aug/2015:02:16:08 -0700] "GET /self.logs/error.log.2015-07-20.gz HTTP/1.1" 200 913 "-" "Mozilla/5.0 (compatible; AhrefsBot/5.0; +http://ahrefs.com/robot/)" 
188.165.15.84 - - [05/Aug/2015:02:21:12 -0700] "GET /self.logs/error.log.2015-01-31.gz HTTP/1.1" 200 713 "-" "Mozilla/5.0 (compatible; AhrefsBot/5.0; +http://ahrefs.com/robot/)" 
2.9.61.73 - - [05/Aug/2015:02:31:33 -0700] "GET / HTTP/1.1" 200 7347 "http://www2.mlsecproject.org/" "Mozilla/5.0 (Macintosh; Intel Mac OS X 10_10_4) AppleWebKit/537.36 (KHTML, like Gecko) Chrome/44.0.2403.130 Safari/537.36" 
2.9.61.73 - - [05/Aug/2015:02:31:34 -0700] "GET /twitter-icon.png HTTP/1.1" 200 27787 "http://www.secrepo.com/" "Mozilla/5.0 (Macintosh; Intel Mac OS X 10_10_4) AppleWebKit/537.36 (KHTML, like Gecko) Chrome/44.0.2403.130 Safari/537.36" 
2.9.61.73 - - [05/Aug/2015:02:31:34 -0700] "GET /GitHub-Mark.png HTTP/1.1" 200 7427 "http://www.secrepo.com/" "Mozilla/5.0 (Macintosh; Intel Mac OS X 10_10_4) AppleWebKit/537.36 (KHTML, like Gecko) Chrome/44.0.2403.130 Safari/537.36" 
188.165.15.84 - - [05/Aug/2015:02:33:08 -0700] "GET /self.logs/access.log.2015-01-22.gz HTTP/1.1" 200 2744 "-" "Mozilla/5.0 (compatible; AhrefsBot/5.0; +http://ahrefs.com/robot/)" 
94.73.155.10 - - [05/Aug/2015:02:37:14 -0700] "POST /wp-content/uploads/gravity_forms/_input_1_.php5 HTTP/1.1" 301 511 "-" "Mozilla/5.0 (X11; Linux x86_64) AppleWebKit/535.11 (KHTML, like Gecko) Ubuntu/11.04 Chromium/17.0.963.56 Chrome/17.0.963.56 Safari/535.11" 
188.165.15.84 - - [05/Aug/2015:02:54:47 -0700] "GET /self.logs/error.log.2015-02-17.gz HTTP/1.1" 200 4166 "-" "Mozilla/5.0 (compatible; AhrefsBot/5.0; +http://ahrefs.com/robot/)" 
188.165.15.84 - - [05/Aug/2015:03:14:44 -0700] "GET /self.logs/error.log.2015-01-27.gz HTTP/1.1" 200 616 "-" "Mozilla/5.0 (compatible; AhrefsBot/5.0; +http://ahrefs.com/robot/)" 
199.19.249.196 - - [05/Aug/2015:03:16:53 -0700] "GET / HTTP/1.1" 200 24410 "-" "Mozilla/5.0 (Windows NT 6.1; WOW64; Trident/7.0; rv:11.0) like Gecko" 
193.113.37.9 - - [05/Aug/2015:03:16:53 -0700] "GET / HTTP/1.1" 200 7347 "http://www2.mlsecproject.org/" "Mozilla/5.0 (Windows NT 6.1; WOW64; Trident/7.0; rv:11.0) like Gecko" 
193.113.37.9 - - [05/Aug/2015:03:16:53 -0700] "GET /GitHub-Mark.png HTTP/1.1" 200 7427 "http://www.secrepo.com/" "Mozilla/5.0 (Windows NT 6.1; WOW64; Trident/7.0; rv:11.0) like Gecko" 
193.113.37.9 - - [05/Aug/2015:03:16:53 -0700] "GET /twitter-icon.png HTTP/1.1" 200 27788 "http://www.secrepo.com/" "Mozilla/5.0 (Windows NT 6.1; WOW64; Trident/7.0; rv:11.0) like Gecko" 
193.113.37.9 - - [05/Aug/2015:03:16:54 -0700] "GET /bootstrap/img/favicon.ico HTTP/1.1" 200 589 "-" "Mozilla/5.0 (Windows NT 6.1; Win64; x64; Trident/7.0; rv:11.0) like Gecko" 
199.19.249.196 - - [05/Aug/2015:03:19:48 -0700] "GET /browserconfig.xml HTTP/1.1" 404 295 "-" "Mozilla/5.0 (Windows NT 6.1; Win64; x64; Trident/7.0; rv:11.0) like Gecko" 
193.113.37.9 - - [05/Aug/2015:03:19:48 -0700] "GET /browserconfig.xml HTTP/1.1" 404 340 "-" "Mozilla/5.0 (Windows NT 6.1; Win64; x64; Trident/7.0; rv:11.0) like Gecko" 
223.26.106.149 - - [05/Aug/2015:03:24:11 -0700] "GET / HTTP/1.1" 200 7347 "http://www2.mlsecproject.org/" "Mozilla/5.0 (Windows NT 6.1; WOW64) AppleWebKit/537.36 (KHTML, like Gecko) Chrome/44.0.2403.125 Safari/537.36" 
223.26.106.149 - - [05/Aug/2015:03:24:13 -0700] "GET /twitter-icon.png HTTP/1.1" 200 27787 "http://www.secrepo.com/" "Mozilla/5.0 (Windows NT 6.1; WOW64) AppleWebKit/537.36 (KHTML, like Gecko) Chrome/44.0.2403.125 Safari/537.36" 
223.26.106.149 - - [05/Aug/2015:03:24:14 -0700] "GET /GitHub-Mark.png HTTP/1.1" 200 7427 "http://www.secrepo.com/" "Mozilla/5.0 (Windows NT 6.1; WOW64) AppleWebKit/537.36 (KHTML, like Gecko) Chrome/44.0.2403.125 Safari/537.36" 
111.206.36.142 - - [05/Aug/2015:03:24:14 -0700] "GET / HTTP/1.1" 200 24399 "-" "Mozilla/4.0" 
111.206.36.140 - - [05/Aug/2015:03:24:17 -0700] "GET //ajax.googleapis.com/ajax/libs/jquery/2.0.2/jquery.min.js HTTP/1.1" 404 284 "-" "Mozilla/4.0" 
111.206.36.143 - - [05/Aug/2015:03:24:17 -0700] "GET //netdna.bootstrapcdn.com/bootstrap/3.1.1/js/bootstrap.min.js HTTP/1.1" 404 284 "-" "Mozilla/4.0" 
223.26.106.149 - - [05/Aug/2015:03:24:21 -0700] "GET /bootstrap/img/favicon.ico HTTP/1.1" 200 590 "http://www.secrepo.com/" "Mozilla/5.0 (Windows NT 6.1; WOW64) AppleWebKit/537.36 (KHTML, like Gecko) Chrome/44.0.2403.125 Safari/537.36" 
185.63.255.91 - - [05/Aug/2015:03:27:32 -0700] "GET /administrator/index.php HTTP/1.0" 301 544 "-" "Mozilla/4.0 (compatible; Synapse)" 
185.63.255.91 - - [05/Aug/2015:03:27:32 -0700] "GET /user/ HTTP/1.0" 301 508 "-" "Mozilla/4.0 (compatible; Synapse)" 
188.165.15.84 - - [05/Aug/2015:03:33:07 -0700] "GET /self.logs/access.log.2015-02-17.gz HTTP/1.1" 200 11219 "-" "Mozilla/5.0 (compatible; AhrefsBot/5.0; +http://ahrefs.com/robot/)" 
68.180.229.162 - - [05/Aug/2015:03:52:44 -0700] "GET /maccdc2012/dhcp.log.gz HTTP/1.1" 200 44963 "-" "Mozilla/5.0 (compatible; Yahoo! Slurp; http://help.yahoo.com/help/us/ysearch/slurp)" 
213.233.85.4 - - [05/Aug/2015:03:57:24 -0700] "GET /honeypot/Honeypot%20-%20Howto.pdf HTTP/1.1" 200 232140 "https://www.google.ro/" "Mozilla/5.0 (Linux; Android 5.1.1; Nexus 9 Build/LMY47X) AppleWebKit/537.36 (KHTML, like Gecko) Chrome/44.0.2403.128 Safari/537.36" 
213.233.85.4 - - [05/Aug/2015:03:57:25 -0700] "GET /honeypot/Honeypot%20-%20Howto.pdf HTTP/1.1" 200 1279418 "https://www.google.ro/" "Mozilla/5.0 (Linux; Android 5.1.1; Nexus 9 Build/LMY47X) AppleWebKit/537.36 (KHTML, like Gecko) Chrome/44.0.2403.128 Safari/537.36" 
142.4.106.212 - - [05/Aug/2015:04:02:43 -0700] "GET /honeypot/BSidesDFW%20-%202014.ipynb HTTP/1.1" 200 329960 "-" "Mozilla/4.0 (compatible; MSIE 6.0; Windows NT 5.1; SV1; Mozilla/4.0 (compatible; MSIE 6.0; Windows NT 5.1; SV1) )" 
142.4.106.212 - - [05/Aug/2015:04:02:44 -0700] "POST /honeypot/BSidesDFW%20-%202014.ipynb/trackback/ HTTP/1.1" 404 303 "http://www.secrepo.com/honeypot/BSidesDFW - 2014.ipynb" "Mozilla/4.0 (compatible; MSIE 6.0; Windows NT 5.1)" 
142.4.106.212 - - [05/Aug/2015:04:15:36 -0700] "GET /honeypot/BSidesDFW%20-%202014.ipynb HTTP/1.1" 418 584 "-" "Mozilla/4.0 (compatible; MSIE 6.0; Windows NT 5.1; SV1)" 
91.121.81.45 - - [05/Aug/2015:04:22:32 -0700] "GET /honeypot/Honeypot - Howto.pdf#search= HTTP/1.0" 404 295 "-" "Mozilla/5.0 (Windows NT 6.1) AppleWebKit/537.36 (KHTML, like Gecko) Chrome/41.0.2228.0 Safari/537.36" 
188.165.15.84 - - [05/Aug/2015:04:28:40 -0700] "GET /self.logs/access.log.2015-04-30.gz HTTP/1.1" 200 5796 "-" "Mozilla/5.0 (compatible; AhrefsBot/5.0; +http://ahrefs.com/robot/)" 
68.180.229.162 - - [05/Aug/2015:04:40:53 -0700] "GET /self.logs/access.log.2015-03-09.gz HTTP/1.1" 200 6366 "-" "Mozilla/5.0 (compatible; Yahoo! Slurp; http://help.yahoo.com/help/us/ysearch/slurp)" 
188.165.15.84 - - [05/Aug/2015:05:20:48 -0700] "GET /self.logs/error.log.2015-05-15.gz HTTP/1.1" 200 1065 "-" "Mozilla/5.0 (compatible; AhrefsBot/5.0; +http://ahrefs.com/robot/)" 
188.165.15.84 - - [05/Aug/2015:05:42:04 -0700] "GET /self.logs/access.log.2015-06-10.gz HTTP/1.1" 200 6330 "-" "Mozilla/5.0 (compatible; AhrefsBot/5.0; +http://ahrefs.com/robot/)" 
177.182.24.113 - - [05/Aug/2015:05:43:25 -0700] "GET / HTTP/1.1" 200 7347 "http://www2.mlsecproject.org/" "Mozilla/5.0 (X11; Linux x86_64) AppleWebKit/537.36 (KHTML, like Gecko) Chrome/31.0.1650.63 Safari/537.36" 
177.182.24.113 - - [05/Aug/2015:05:43:26 -0700] "GET /twitter-icon.png HTTP/1.1" 200 27787 "http://www.secrepo.com/" "Mozilla/5.0 (X11; Linux x86_64) AppleWebKit/537.36 (KHTML, like Gecko) Chrome/31.0.1650.63 Safari/537.36" 
177.182.24.113 - - [05/Aug/2015:05:43:26 -0700] "GET /GitHub-Mark.png HTTP/1.1" 200 7428 "http://www.secrepo.com/" "Mozilla/5.0 (X11; Linux x86_64) AppleWebKit/537.36 (KHTML, like Gecko) Chrome/31.0.1650.63 Safari/537.36" 
119.147.146.189 - - [05/Aug/2015:05:44:44 -0700] "GET / HTTP/1.1" 200 7291 "-" "Mozilla/5.0 (Windows NT 6.1; WOW64) AppleWebKit/537.36 (KHTML, like Gecko) Chrome/39.0.2171.95  Safari/537.36" 
188.165.15.84 - - [05/Aug/2015:05:52:38 -0700] "GET /self.logs/access.log.2015-07-17.gz HTTP/1.1" 200 4590 "-" "Mozilla/5.0 (compatible; AhrefsBot/5.0; +http://ahrefs.com/robot/)" 
188.165.15.84 - - [05/Aug/2015:06:28:16 -0700] "GET /self.logs/error.log.2015-07-22.gz HTTP/1.1" 200 694 "-" "Mozilla/5.0 (compatible; AhrefsBot/5.0; +http://ahrefs.com/robot/)" 
180.76.15.154 - - [05/Aug/2015:06:33:12 -0700] "GET /self.logs/?C=N;O=D HTTP/1.1" 200 4503 "-" "Mozilla/5.0 (compatible; Baiduspider/2.0; +http://www.baidu.com/search/spider.html)" 
188.165.15.84 - - [05/Aug/2015:06:41:08 -0700] "GET /self.logs/error.log.2015-05-21.gz HTTP/1.1" 200 768 "-" "Mozilla/5.0 (compatible; AhrefsBot/5.0; +http://ahrefs.com/robot/)" 
188.165.15.84 - - [05/Aug/2015:06:44:43 -0700] "GET /self.logs/error.log.2015-07-24.gz HTTP/1.1" 200 1007 "-" "Mozilla/5.0 (compatible; AhrefsBot/5.0; +http://ahrefs.com/robot/)" 
77.210.201.193 - - [05/Aug/2015:06:48:42 -0700] "GET /favicon.ico HTTP/1.1" 200 268 "http://www.secrepo.com/honeypot/Honeypot%20-%20Howto.pdf" "Mozilla/5.0 (Windows NT 6.3; WOW64) AppleWebKit/537.36 (KHTML, like Gecko) Chrome/44.0.2403.125 Safari/537.36" 
77.210.201.193 - - [05/Aug/2015:06:48:41 -0700] "GET /honeypot/Honeypot%20-%20Howto.pdf HTTP/1.1" 200 1279418 "https://www.google.es/" "Mozilla/5.0 (Windows NT 6.3; WOW64) AppleWebKit/537.36 (KHTML, like Gecko) Chrome/44.0.2403.125 Safari/537.36" 
188.165.15.84 - - [05/Aug/2015:07:11:35 -0700] "GET /self.logs/access.log.2015-06-21.gz HTTP/1.1" 200 10002 "-" "Mozilla/5.0 (compatible; AhrefsBot/5.0; +http://ahrefs.com/robot/)" 
188.165.15.84 - - [05/Aug/2015:07:19:15 -0700] "GET /self.logs/ HTTP/1.1" 200 4464 "-" "Mozilla/5.0 (compatible; AhrefsBot/5.0; +http://ahrefs.com/robot/)" 
66.249.83.129 - - [05/Aug/2015:07:21:29 -0700] "GET / HTTP/1.1" 200 7347 "-" "Google favicon" 
66.249.83.189 - - [05/Aug/2015:07:21:30 -0700] "GET /bootstrap/img/favicon.ico HTTP/1.1" 200 590 "-" "Google favicon" 
104.130.1.148 - - [05/Aug/2015:07:27:34 -0700] "GET /robots.txt HTTP/1.1" 301 446 "-" "Tornado-Async-Client" 
104.130.1.148 - - [05/Aug/2015:07:27:34 -0700] "GET /robots.txt HTTP/1.1" 200 304 "-" "Tornado-Async-Client" 
104.130.1.148 - - [05/Aug/2015:07:27:34 -0700] "GET /honeypot/BSidesDFW%20-%202014.ipynb HTTP/1.1" 301 484 "-" "Tornado-Async-Client" 
104.130.1.148 - - [05/Aug/2015:07:27:34 -0700] "GET /honeypot/BSidesDFW%20-%202014.ipynb HTTP/1.1" 200 930780 "-" "Tornado-Async-Client" 
180.76.15.24 - - [05/Aug/2015:07:31:57 -0700] "GET / HTTP/1.1" 200 21900 "-" "Mozilla/5.0 (compatible; Baiduspider/2.0; +http://www.baidu.com/search/spider.html)" 
180.76.15.139 - - [05/Aug/2015:07:32:23 -0700] "GET / HTTP/1.1" 200 21900 "-" "Mozilla/5.0 (compatible; Baiduspider/2.0; +http://www.baidu.com/search/spider.html)" 
188.165.15.84 - - [05/Aug/2015:07:37:51 -0700] "GET /self.logs/access.log.2015-07-10.gz HTTP/1.1" 200 3950 "-" "Mozilla/5.0 (compatible; AhrefsBot/5.0; +http://ahrefs.com/robot/)" 
188.165.15.84 - - [05/Aug/2015:07:42:57 -0700] "GET /self.logs/access.log.2015-02-14.gz HTTP/1.1" 200 25896 "-" "Mozilla/5.0 (compatible; AhrefsBot/5.0; +http://ahrefs.com/robot/)" 
180.76.15.140 - - [05/Aug/2015:07:48:57 -0700] "GET /tg/tg_snort_full.7z HTTP/1.1" 200 730000 "-" "Mozilla/5.0 (compatible; Baiduspider/2.0; +http://www.baidu.com/search/spider.html)" 
188.165.15.84 - - [05/Aug/2015:08:15:40 -0700] "GET /self.logs/access.log.2015-02-16.gz HTTP/1.1" 200 20432 "-" "Mozilla/5.0 (compatible; AhrefsBot/5.0; +http://ahrefs.com/robot/)" 
188.165.15.84 - - [05/Aug/2015:08:17:05 -0700] "GET /self.logs/error.log.2015-06-06.gz HTTP/1.1" 200 700 "-" "Mozilla/5.0 (compatible; AhrefsBot/5.0; +http://ahrefs.com/robot/)" 
68.180.229.162 - - [05/Aug/2015:08:17:16 -0700] "GET /self.logs/error.log.2015-04-09.gz HTTP/1.1" 200 562 "-" "Mozilla/5.0 (compatible; Yahoo! Slurp; http://help.yahoo.com/help/us/ysearch/slurp)" 
188.165.15.84 - - [05/Aug/2015:08:37:24 -0700] "GET /self.logs/access.log.2015-05-04.gz HTTP/1.1" 200 3809 "-" "Mozilla/5.0 (compatible; AhrefsBot/5.0; +http://ahrefs.com/robot/)" 
188.165.15.84 - - [05/Aug/2015:08:50:32 -0700] "GET /self.logs/error.log.2015-05-19.gz HTTP/1.1" 200 943 "-" "Mozilla/5.0 (compatible; AhrefsBot/5.0; +http://ahrefs.com/robot/)" 
108.162.186.222 - - [05/Aug/2015:08:51:20 -0700] "GET / HTTP/1.1" 200 7347 "https://www.google.ca/" "Mozilla/5.0 (X11; Linux x86_64) AppleWebKit/537.36 (KHTML, like Gecko) Chrome/42.0.2311.90 Safari/537.36" 
108.162.186.222 - - [05/Aug/2015:08:51:20 -0700] "GET /twitter-icon.png HTTP/1.1" 200 27787 "http://www.secrepo.com/" "Mozilla/5.0 (X11; Linux x86_64) AppleWebKit/537.36 (KHTML, like Gecko) Chrome/42.0.2311.90 Safari/537.36" 
108.162.186.222 - - [05/Aug/2015:08:51:20 -0700] "GET /GitHub-Mark.png HTTP/1.1" 200 7428 "http://www.secrepo.com/" "Mozilla/5.0 (X11; Linux x86_64) AppleWebKit/537.36 (KHTML, like Gecko) Chrome/42.0.2311.90 Safari/537.36" 
108.162.186.222 - - [05/Aug/2015:08:51:21 -0700] "GET /bootstrap/img/favicon.ico HTTP/1.1" 200 589 "http://www.secrepo.com/" "Mozilla/5.0 (X11; Linux x86_64) AppleWebKit/537.36 (KHTML, like Gecko) Chrome/42.0.2311.90 Safari/537.36" 
64.102.249.8 - - [05/Aug/2015:08:56:06 -0700] "GET / HTTP/1.1" 200 7347 "https://www.google.com" "Mozilla/5.0 (X11; Fedora; Linux x86_64; rv:39.0) Gecko/20100101 Firefox/39.0" 
64.102.249.8 - - [05/Aug/2015:08:56:06 -0700] "GET /twitter-icon.png HTTP/1.1" 200 27787 "http://www.secrepo.com/" "Mozilla/5.0 (X11; Fedora; Linux x86_64; rv:39.0) Gecko/20100101 Firefox/39.0" 
64.102.249.8 - - [05/Aug/2015:08:56:06 -0700] "GET /GitHub-Mark.png HTTP/1.1" 200 7428 "http://www.secrepo.com/" "Mozilla/5.0 (X11; Fedora; Linux x86_64; rv:39.0) Gecko/20100101 Firefox/39.0" 
64.102.249.8 - - [05/Aug/2015:08:56:06 -0700] "GET /bootstrap/img/favicon.ico HTTP/1.1" 200 589 "-" "Mozilla/5.0 (X11; Fedora; Linux x86_64; rv:39.0) Gecko/20100101 Firefox/39.0" 
207.46.13.41 - - [05/Aug/2015:08:59:48 -0700] "GET /robots.txt HTTP/1.1" 200 289 "-" "Mozilla/5.0 (compatible; bingbot/2.0; +http://www.bing.com/bingbot.htm)" 
155.94.133.79 - - [05/Aug/2015:09:00:31 -0700] "GET /honeypot/BSidesDFW%20-%202014.ipynb HTTP/1.0" 200 930799 "http://www.secrepo.com/" "Mozilla/5.0 (Macintosh; Intel Mac OS X 10_10_0) AppleWebKit/537.36 (KHTML, like Gecko) Chrome/39.0.2171.95 Safari/537.36" 
188.165.15.84 - - [05/Aug/2015:09:08:33 -0700] "GET /self.logs/error.log.2015-03-30.gz HTTP/1.1" 200 3236 "-" "Mozilla/5.0 (compatible; AhrefsBot/5.0; +http://ahrefs.com/robot/)" 
207.46.13.41 - - [05/Aug/2015:09:10:15 -0700] "GET / HTTP/1.1" 200 7347 "-" "Mozilla/5.0 (compatible; bingbot/2.0; +http://www.bing.com/bingbot.htm)" 
157.55.39.216 - - [05/Aug/2015:09:16:39 -0700] "GET /self.logs/access.log.2015-02-23.gz HTTP/1.1" 301 545 "-" "Mozilla/5.0 (compatible; bingbot/2.0; +http://www.bing.com/bingbot.htm)" 
188.165.15.84 - - [05/Aug/2015:09:23:08 -0700] "GET /self.logs/error.log.2015-05-02.gz HTTP/1.1" 200 815 "-" "Mozilla/5.0 (compatible; AhrefsBot/5.0; +http://ahrefs.com/robot/)" 
66.249.84.252 - - [05/Aug/2015:09:36:14 -0700] "GET / HTTP/1.1" 200 7347 "-" "Google favicon" 
66.249.84.252 - - [05/Aug/2015:09:36:14 -0700] "GET /bootstrap/img/favicon.ico HTTP/1.1" 200 589 "-" "Google favicon" 
109.173.151.170 - - [05/Aug/2015:09:38:15 -0700] "GET /bootstrap/img/favicon.ico HTTP/1.1" 200 590 "-" "Mozilla/5.0 (X11; Ubuntu; Linux x86_64; rv:39.0) Gecko/20100101 Firefox/39.0" 
188.165.15.84 - - [05/Aug/2015:09:39:57 -0700] "GET /self.logs/access.log.2015-04-03.gz HTTP/1.1" 200 2298 "-" "Mozilla/5.0 (compatible; AhrefsBot/5.0; +http://ahrefs.com/robot/)" 
165.231.8.194 - - [05/Aug/2015:09:49:40 -0700] "GET /honeypot/BSidesDFW%20-%202014.ipynb HTTP/1.0" 200 930799 "http://www.secrepo.com/" "Mozilla/5.0 (Macintosh; Intel Mac OS X 10_10_0) AppleWebKit/537.36 (KHTML, like Gecko) Chrome/39.0.2171.95 Safari/537.36" 
142.4.106.212 - - [05/Aug/2015:09:54:03 -0700] "GET /honeypot/BSidesDFW%20-%202014.ipynb HTTP/1.1" 200 353320 "-" "Mozilla/4.0 (compatible; MSIE 6.0; Windows NT 5.1; SV1; Mozilla/4.0 (compatible; MSIE 6.0; Windows NT 5.1; SV1) ; .NET CLR 2.0.50727 ; .NET CLR 4.0.30319)" 
142.4.106.212 - - [05/Aug/2015:09:54:04 -0700] "POST /honeypot/BSidesDFW%20-%202014.ipynb/trackback/ HTTP/1.1" 404 303 "http://www.secrepo.com/honeypot/BSidesDFW - 2014.ipynb" "Mozilla/4.0 (compatible; MSIE 6.0; Windows NT 5.1; SV1; Mozilla/4.0 (compatible; MSIE 6.0; Windows NT 5.1; SV1) ; .NET CLR 2.0.50727 ; .NET CLR 4.0.30319)" 
117.177.243.43 - - [05/Aug/2015:10:10:30 -0700] "GET /honeypot/BSidesDFW%20-%202014.ipynb HTTP/1.1" 200 930836 "http://www.secrepo.com/" "Mozilla/5.0 (Linux; Android 4.4.2; SM-G900F Build/KOT49H) AppleWebKit/537.36 (KHTML, like Gecko) Chrome/39.0.2171.93 Mobile Safari/537.36" 
188.165.15.84 - - [05/Aug/2015:10:15:23 -0700] "GET /self.logs/error.log.2015-03-31.gz HTTP/1.1" 200 1158 "-" "Mozilla/5.0 (compatible; AhrefsBot/5.0; +http://ahrefs.com/robot/)" 
188.165.15.84 - - [05/Aug/2015:10:24:21 -0700] "GET /self.logs/error.log.2015-07-26.gz HTTP/1.1" 200 671 "-" "Mozilla/5.0 (compatible; AhrefsBot/5.0; +http://ahrefs.com/robot/)" 
91.121.81.45 - - [05/Aug/2015:10:30:28 -0700] "GET /honeypot/Honeypot - Howto.pdf#search= HTTP/1.0" 404 295 "-" "Mozilla/5.0 (Windows NT 6.1) AppleWebKit/537.36 (KHTML, like Gecko) Chrome/41.0.2228.0 Safari/537.36" 
188.165.15.84 - - [05/Aug/2015:10:31:53 -0700] "GET /self.logs/access.log.2015-01-21.gz HTTP/1.1" 200 3971 "-" "Mozilla/5.0 (compatible; AhrefsBot/5.0; +http://ahrefs.com/robot/)" 
188.165.15.84 - - [05/Aug/2015:10:46:55 -0700] "GET /self.logs/access.log.2015-02-06.gz HTTP/1.1" 200 2823 "-" "Mozilla/5.0 (compatible; AhrefsBot/5.0; +http://ahrefs.com/robot/)" 
188.165.15.84 - - [05/Aug/2015:10:58:05 -0700] "GET /self.logs/error.log.2015-02-04.gz HTTP/1.1" 200 482 "-" "Mozilla/5.0 (compatible; AhrefsBot/5.0; +http://ahrefs.com/robot/)" 
180.76.15.161 - - [05/Aug/2015:10:59:58 -0700] "GET / HTTP/1.1" 200 21900 "-" "Mozilla/5.0 (compatible; Baiduspider/2.0; +http://www.baidu.com/search/spider.html)" 
180.76.15.144 - - [05/Aug/2015:11:00:26 -0700] "GET / HTTP/1.1" 200 21900 "-" "Mozilla/5.0 (compatible; Baiduspider/2.0; +http://www.baidu.com/search/spider.html)" 
36.248.167.240 - - [05/Aug/2015:11:08:48 -0700] "GET /honeypot/BSidesDFW%20-%202014.ipynb HTTP/1.1" 418 584 "-" "Mozilla/4.0 (compatible; MSIE 6.0; Windows NT 5.1; SV1)" 
157.55.39.76 - - [05/Aug/2015:11:09:48 -0700] "GET /honeypot/BSidesDFW%20-%202014.ipynb HTTP/1.1" 200 930836 "-" "Mozilla/5.0 (iPhone; CPU iPhone OS 7_0 like Mac OS X) AppleWebKit/537.51.1 (KHTML, like Gecko) Version/7.0 Mobile/11A465 Safari/9537.53 (compatible; bingbot/2.0;  http://www.bing.com/bingbot.htm)" 
157.55.39.216 - - [05/Aug/2015:11:35:42 -0700] "GET /self.logs/access.log.2015-01-23.gz HTTP/1.1" 200 2159 "-" "Mozilla/5.0 (compatible; bingbot/2.0; +http://www.bing.com/bingbot.htm)" 
157.55.39.216 - - [05/Aug/2015:11:35:42 -0700] "GET /data HTTP/1.1" 404 339 "-" "Mozilla/5.0 (compatible; bingbot/2.0; +http://www.bing.com/bingbot.htm)" 
157.55.39.76 - - [05/Aug/2015:11:35:57 -0700] "GET /self.logs/ HTTP/1.1" 200 4520 "-" "Mozilla/5.0 (compatible; bingbot/2.0; +http://www.bing.com/bingbot.htm)" 
157.55.39.76 - - [05/Aug/2015:11:35:59 -0700] "GET /self.logs/?C=N;O=D HTTP/1.1" 200 4539 "-" "Mozilla/5.0 (compatible; bingbot/2.0; +http://www.bing.com/bingbot.htm)" 
207.46.13.41 - - [05/Aug/2015:11:36:54 -0700] "GET /self.logs/?C=S;O=A HTTP/1.1" 200 4797 "-" "Mozilla/5.0 (compatible; bingbot/2.0; +http://www.bing.com/bingbot.htm)" 
207.46.13.41 - - [05/Aug/2015:11:36:55 -0700] "GET /honeypot/Honeypot%20-%20Howto%20-%20BSides%20Austin.pdf HTTP/1.1" 200 93720 "-" "Mozilla/5.0 (compatible; bingbot/2.0; +http://www.bing.com/bingbot.htm)" 
207.46.13.41 - - [05/Aug/2015:11:36:55 -0700] "GET /honeypot/Honeypot%20-%20Howto%20-%20BSides%20Austin.pdf HTTP/1.1" 200 93720 "-" "Mozilla/5.0 (compatible; bingbot/2.0; +http://www.bing.com/bingbot.htm)" 
207.46.13.41 - - [05/Aug/2015:11:36:55 -0700] "GET /self.logs/access.log.2015-01-22.gz HTTP/1.1" 200 2800 "-" "Mozilla/5.0 (compatible; bingbot/2.0; +http://www.bing.com/bingbot.htm)" 
207.46.13.41 - - [05/Aug/2015:11:36:56 -0700] "GET /self.logs/?C=M;O=A HTTP/1.1" 200 4633 "-" "Mozilla/5.0 (compatible; bingbot/2.0; +http://www.bing.com/bingbot.htm)" 
207.46.13.41 - - [05/Aug/2015:11:36:56 -0700] "GET /self.logs/?C=D;O=A HTTP/1.1" 200 4519 "-" "Mozilla/5.0 (compatible; bingbot/2.0; +http://www.bing.com/bingbot.htm)" 
207.46.13.41 - - [05/Aug/2015:11:36:56 -0700] "GET /honeypot/Honeypot%20-%20Howto.pdf HTTP/1.1" 200 45721 "-" "Mozilla/5.0 (compatible; bingbot/2.0; +http://www.bing.com/bingbot.htm)" 
157.55.39.12 - - [05/Aug/2015:11:37:13 -0700] "GET / HTTP/1.1" 200 7347 "-" "Mozilla/5.0 (compatible; bingbot/2.0; +http://www.bing.com/bingbot.htm)" 
98.245.115.116 - - [05/Aug/2015:11:59:49 -0700] "GET / HTTP/1.1" 200 7347 "-" "Mozilla/5.0 (Macintosh; Intel Mac OS X 10_10_4) AppleWebKit/600.7.12 (KHTML, like Gecko) Version/8.0.7 Safari/600.7.12" 
98.245.115.116 - - [05/Aug/2015:11:59:49 -0700] "GET /twitter-icon.png HTTP/1.1" 200 27787 "http://www.secrepo.com/" "Mozilla/5.0 (Macintosh; Intel Mac OS X 10_10_4) AppleWebKit/600.7.12 (KHTML, like Gecko) Version/8.0.7 Safari/600.7.12" 
98.245.115.116 - - [05/Aug/2015:11:59:49 -0700] "GET /GitHub-Mark.png HTTP/1.1" 200 7428 "http://www.secrepo.com/" "Mozilla/5.0 (Macintosh; Intel Mac OS X 10_10_4) AppleWebKit/600.7.12 (KHTML, like Gecko) Version/8.0.7 Safari/600.7.12" 
98.245.115.116 - - [05/Aug/2015:11:59:50 -0700] "GET /bootstrap/img/favicon.ico HTTP/1.1" 200 590 "http://www.secrepo.com/" "Mozilla/5.0 (Macintosh; Intel Mac OS X 10_10_4) AppleWebKit/600.7.12 (KHTML, like Gecko) Version/8.0.7 Safari/600.7.12" 
109.173.151.170 - - [05/Aug/2015:12:14:53 -0700] "GET /bootstrap/img/favicon.ico HTTP/1.1" 200 590 "-" "Mozilla/5.0 (X11; Ubuntu; Linux x86_64; rv:39.0) Gecko/20100101 Firefox/39.0" 
188.165.15.84 - - [05/Aug/2015:12:34:16 -0700] "GET /self.logs/access.log.2015-01-30.gz HTTP/1.1" 200 6216 "-" "Mozilla/5.0 (compatible; AhrefsBot/5.0; +http://ahrefs.com/robot/)" 
94.153.10.0 - - [05/Aug/2015:12:42:54 -0700] "GET /wp-login.php HTTP/1.1" 404 303 "-" "Mozilla/5.0 (Windows NT 6.3; rv:36.0) Gecko/20100101 Firefox/36.0" 
94.153.10.0 - - [05/Aug/2015:12:42:54 -0700] "GET /administrator/index.php HTTP/1.1" 404 303 "-" "Mozilla/5.0 (Windows NT 6.3; rv:36.0) Gecko/20100101 Firefox/36.0" 
220.181.108.86 - - [05/Aug/2015:12:49:08 -0700] "GET /maccdc2012/maccdc2012_fast_alert.7z HTTP/1.1" 200 9478138 "-" "Mozilla/5.0 (compatible; Baiduspider/2.0; +http://www.baidu.com/search/spider.html)" 
188.165.15.84 - - [05/Aug/2015:13:46:33 -0700] "GET /self.logs/error.log.2015-06-11.gz HTTP/1.1" 200 655 "-" "Mozilla/5.0 (compatible; AhrefsBot/5.0; +http://ahrefs.com/robot/)" 
188.165.15.84 - - [05/Aug/2015:13:58:18 -0700] "GET /self.logs/access.log.2015-05-09.gz HTTP/1.1" 200 2800 "-" "Mozilla/5.0 (compatible; AhrefsBot/5.0; +http://ahrefs.com/robot/)" 
188.165.15.84 - - [05/Aug/2015:13:59:57 -0700] "GET /self.logs/error.log.2015-01-18.gz HTTP/1.1" 200 1203 "-" "Mozilla/5.0 (compatible; AhrefsBot/5.0; +http://ahrefs.com/robot/)" 
166.137.8.125 - - [05/Aug/2015:14:00:47 -0700] "GET / HTTP/1.1" 200 7347 "http://www2.mlsecproject.org/" "Mozilla/5.0 (iPhone; CPU iPhone OS 8_4 like Mac OS X) AppleWebKit/600.1.4 (KHTML, like Gecko) Version/8.0 Mobile/12H143 Safari/600.1.4" 
166.137.8.125 - - [05/Aug/2015:14:00:48 -0700] "GET /twitter-icon.png HTTP/1.1" 200 27787 "http://www.secrepo.com/" "Mozilla/5.0 (iPhone; CPU iPhone OS 8_4 like Mac OS X) AppleWebKit/600.1.4 (KHTML, like Gecko) Version/8.0 Mobile/12H143 Safari/600.1.4" 
166.137.8.125 - - [05/Aug/2015:14:00:48 -0700] "GET /GitHub-Mark.png HTTP/1.1" 200 7428 "http://www.secrepo.com/" "Mozilla/5.0 (iPhone; CPU iPhone OS 8_4 like Mac OS X) AppleWebKit/600.1.4 (KHTML, like Gecko) Version/8.0 Mobile/12H143 Safari/600.1.4" 
166.137.8.125 - - [05/Aug/2015:14:00:56 -0700] "GET /apple-touch-icon-120x120-precomposed.png HTTP/1.1" 404 340 "-" "MobileSafari/600.1.4 CFNetwork/711.4.6 Darwin/14.0.0" 
166.137.8.125 - - [05/Aug/2015:14:00:56 -0700] "GET /apple-touch-icon-120x120.png HTTP/1.1" 404 339 "-" "MobileSafari/600.1.4 CFNetwork/711.4.6 Darwin/14.0.0" 
166.137.8.125 - - [05/Aug/2015:14:00:57 -0700] "GET /apple-touch-icon.png HTTP/1.1" 404 339 "-" "MobileSafari/600.1.4 CFNetwork/711.4.6 Darwin/14.0.0" 
166.137.8.125 - - [05/Aug/2015:14:00:57 -0700] "GET /apple-touch-icon.png HTTP/1.1" 404 339 "-" "MobileSafari/600.1.4 CFNetwork/711.4.6 Darwin/14.0.0" 
166.137.8.125 - - [05/Aug/2015:14:01:00 -0700] "GET / HTTP/1.1" 200 7347 "-" "Mozilla/5.0 (iPhone; CPU iPhone OS 8_4 like Mac OS X) AppleWebKit/600.1.4 (KHTML, like Gecko) Mobile/12H143" 
166.137.8.125 - - [05/Aug/2015:14:01:01 -0700] "GET /apple-touch-icon-120x120-precomposed.png HTTP/1.1" 404 340 "-" "Mozilla/5.0 (iPhone; CPU iPhone OS 8_4 like Mac OS X) AppleWebKit/600.1.4 (KHTML, like Gecko) Mobile/12H143" 
166.137.8.125 - - [05/Aug/2015:14:01:01 -0700] "GET /apple-touch-icon-120x120.png HTTP/1.1" 404 339 "-" "Mozilla/5.0 (iPhone; CPU iPhone OS 8_4 like Mac OS X) AppleWebKit/600.1.4 (KHTML, like Gecko) Mobile/12H143" 
166.137.8.125 - - [05/Aug/2015:14:01:01 -0700] "GET /apple-touch-icon.png HTTP/1.1" 404 339 "-" "Mozilla/5.0 (iPhone; CPU iPhone OS 8_4 like Mac OS X) AppleWebKit/600.1.4 (KHTML, like Gecko) Mobile/12H143" 
166.137.8.125 - - [05/Aug/2015:14:01:01 -0700] "GET /apple-touch-icon.png HTTP/1.1" 404 339 "-" "Mozilla/5.0 (iPhone; CPU iPhone OS 8_4 like Mac OS X) AppleWebKit/600.1.4 (KHTML, like Gecko) Mobile/12H143" 
166.137.8.125 - - [05/Aug/2015:14:01:02 -0700] "GET /bootstrap/img/favicon.ico HTTP/1.1" 200 589 "-" "Mozilla/5.0 (iPhone; CPU iPhone OS 8_4 like Mac OS X) AppleWebKit/600.1.4 (KHTML, like Gecko) Mobile/12H143" 
188.165.15.84 - - [05/Aug/2015:14:06:22 -0700] "GET /self.logs/error.log.2015-06-15.gz HTTP/1.1" 200 1273 "-" "Mozilla/5.0 (compatible; AhrefsBot/5.0; +http://ahrefs.com/robot/)" 
154.58.103.133 - - [05/Aug/2015:14:19:50 -0700] "GET / HTTP/1.1" 200 7347 "http://www2.mlsecproject.org/" "Mozilla/5.0 (X11; Linux x86_64) AppleWebKit/537.36 (KHTML, like Gecko) Chrome/42.0.2311.152 Safari/537.36" 
154.58.103.133 - - [05/Aug/2015:14:19:50 -0700] "GET /twitter-icon.png HTTP/1.1" 200 27787 "http://www.secrepo.com/" "Mozilla/5.0 (X11; Linux x86_64) AppleWebKit/537.36 (KHTML, like Gecko) Chrome/42.0.2311.152 Safari/537.36" 
154.58.103.133 - - [05/Aug/2015:14:19:50 -0700] "GET /GitHub-Mark.png HTTP/1.1" 200 7428 "http://www.secrepo.com/" "Mozilla/5.0 (X11; Linux x86_64) AppleWebKit/537.36 (KHTML, like Gecko) Chrome/42.0.2311.152 Safari/537.36" 
154.58.103.133 - - [05/Aug/2015:14:19:51 -0700] "GET /bootstrap/img/favicon.ico HTTP/1.1" 200 589 "http://www.secrepo.com/" "Mozilla/5.0 (X11; Linux x86_64) AppleWebKit/537.36 (KHTML, like Gecko) Chrome/42.0.2311.152 Safari/537.36" 
154.58.103.133 - - [05/Aug/2015:14:22:28 -0700] "GET / HTTP/1.1" 301 483 "http://www.secrepo.com/" "Mozilla/5.0 (X11; Linux x86_64) AppleWebKit/537.36 (KHTML, like Gecko) Chrome/42.0.2311.152 Safari/537.36" 
166.137.8.125 - - [05/Aug/2015:14:53:28 -0700] "GET / HTTP/1.1" 200 7347 "http://www2.mlsecproject.org/" "Mozilla/5.0 (iPhone; CPU iPhone OS 8_4 like Mac OS X) AppleWebKit/600.1.4 (KHTML, like Gecko) Version/8.0 Mobile/12H143 Safari/600.1.4" 
166.137.8.125 - - [05/Aug/2015:14:53:29 -0700] "GET /GitHub-Mark.png HTTP/1.1" 200 7428 "http://www.secrepo.com/" "Mozilla/5.0 (iPhone; CPU iPhone OS 8_4 like Mac OS X) AppleWebKit/600.1.4 (KHTML, like Gecko) Version/8.0 Mobile/12H143 Safari/600.1.4" 
166.137.8.125 - - [05/Aug/2015:14:53:29 -0700] "GET /twitter-icon.png HTTP/1.1" 200 27788 "http://www.secrepo.com/" "Mozilla/5.0 (iPhone; CPU iPhone OS 8_4 like Mac OS X) AppleWebKit/600.1.4 (KHTML, like Gecko) Version/8.0 Mobile/12H143 Safari/600.1.4" 
132.248.124.176 - - [05/Aug/2015:15:11:20 -0700] "GET /favicon.ico HTTP/1.1" 200 268 "http://www.secrepo.com/honeypot/Honeypot%20-%20Howto.pdf" "Mozilla/5.0 (Windows NT 6.1; WOW64) AppleWebKit/537.36 (KHTML, like Gecko) Chrome/44.0.2403.125 Safari/537.36" 
132.248.124.176 - - [05/Aug/2015:15:11:20 -0700] "GET /honeypot/Honeypot%20-%20Howto.pdf HTTP/1.1" 200 710640 "https://www.google.com.mx/" "Mozilla/5.0 (Windows NT 6.1; WOW64) AppleWebKit/537.36 (KHTML, like Gecko) Chrome/44.0.2403.125 Safari/537.36" 
132.248.124.176 - - [05/Aug/2015:15:11:21 -0700] "GET /honeypot/Honeypot%20-%20Howto.pdf HTTP/1.1" 206 33098 "http://www.secrepo.com/honeypot/Honeypot%20-%20Howto.pdf" "Mozilla/5.0 (Windows NT 6.1; WOW64) AppleWebKit/537.36 (KHTML, like Gecko) Chrome/44.0.2403.125 Safari/537.36" 
132.248.124.176 - - [05/Aug/2015:15:11:22 -0700] "GET /honeypot/Honeypot%20-%20Howto.pdf HTTP/1.1" 206 1246706 "http://www.secrepo.com/honeypot/Honeypot%20-%20Howto.pdf" "Mozilla/5.0 (Windows NT 6.1; WOW64) AppleWebKit/537.36 (KHTML, like Gecko) Chrome/44.0.2403.125 Safari/537.36" 
198.50.236.89 - - [05/Aug/2015:15:17:53 -0700] "GET /honeypot/Honeypot%20-%20Howto%20-%20BSides%20Austin.pdf HTTP/1.1" 200 2928460 "http://www.secrepo.com/" "Mozilla/5.0 (Macintosh; Intel Mac OS X 10_10_0) AppleWebKit/537.36 (KHTML, like Gecko) Chrome/39.0.2171.95 Safari/537.36" 
177.134.241.10 - - [05/Aug/2015:15:30:12 -0700] "GET / HTTP/1.1" 301 483 "http://success-seo.com/try.php?u=http://secrepo.com" "Mozilla/5.0 (Windows NT 6.1; WOW64) AppleWebKit/537.36 (KHTML, like Gecko) Chrome/32.0.1700.107 Safari/537.36" 
177.134.241.10 - - [05/Aug/2015:15:30:14 -0700] "GET / HTTP/1.1" 200 7347 "http://success-seo.com/try.php?u=http://secrepo.com" "Mozilla/5.0 (Windows NT 6.1; WOW64) AppleWebKit/537.36 (KHTML, like Gecko) Chrome/32.0.1700.107 Safari/537.36" 
177.134.241.10 - - [05/Aug/2015:15:30:15 -0700] "GET /GitHub-Mark.png HTTP/1.1" 200 7428 "http://www.secrepo.com/" "Mozilla/5.0 (Windows NT 6.1; WOW64) AppleWebKit/537.36 (KHTML, like Gecko) Chrome/32.0.1700.107 Safari/537.36" 
177.134.241.10 - - [05/Aug/2015:15:30:16 -0700] "GET /twitter-icon.png HTTP/1.1" 200 27787 "http://www.secrepo.com/" "Mozilla/5.0 (Windows NT 6.1; WOW64) AppleWebKit/537.36 (KHTML, like Gecko) Chrome/32.0.1700.107 Safari/537.36" 
192.210.240.186 - - [05/Aug/2015:15:52:17 -0700] "GET / HTTP/1.1" 301 442 "http://search.aol.com/aol/search?q=secrepo.com&v_t=keyword_rollover&s_cs=-4851822306737969872&s_it=botm_grelsearch" "Mozilla/5.0 (Windows NT 6.1; WOW64) AppleWebKit/537.36 (KHTML, like Gecko) Chrome/35.0.1916.153 Safari/537.36" 
192.210.240.186 - - [05/Aug/2015:15:52:17 -0700] "GET / HTTP/1.1" 200 24354 "http://search.aol.com/aol/search?q=secrepo.com&v_t=keyword_rollover&s_cs=-4851822306737969872&s_it=botm_grelsearch" "Mozilla/5.0 (Windows NT 6.1; WOW64) AppleWebKit/537.36 (KHTML, like Gecko) Chrome/35.0.1916.153 Safari/537.36" 
188.165.15.84 - - [05/Aug/2015:16:04:52 -0700] "GET /self.logs/access.log.2015-06-12.gz HTTP/1.1" 200 6171 "-" "Mozilla/5.0 (compatible; AhrefsBot/5.0; +http://ahrefs.com/robot/)" 
188.165.15.84 - - [05/Aug/2015:16:10:19 -0700] "GET /self.logs/access.log.2015-06-04.gz HTTP/1.1" 200 5178 "-" "Mozilla/5.0 (compatible; AhrefsBot/5.0; +http://ahrefs.com/robot/)" 
188.165.15.84 - - [05/Aug/2015:16:17:52 -0700] "GET /self.logs/error.log.2015-06-09.gz HTTP/1.1" 200 743 "-" "Mozilla/5.0 (compatible; AhrefsBot/5.0; +http://ahrefs.com/robot/)" 
188.165.15.84 - - [05/Aug/2015:16:28:50 -0700] "GET /self.logs/access.log.2015-02-02.gz HTTP/1.1" 200 3300 "-" "Mozilla/5.0 (compatible; AhrefsBot/5.0; +http://ahrefs.com/robot/)" 
188.165.15.84 - - [05/Aug/2015:16:28:52 -0700] "GET /self.logs/access.log.2015-05-31.gz HTTP/1.1" 200 4974 "-" "Mozilla/5.0 (compatible; AhrefsBot/5.0; +http://ahrefs.com/robot/)" 
208.79.144.52 - - [05/Aug/2015:16:58:29 -0700] "GET / HTTP/1.1" 200 7347 "http://www2.mlsecproject.org/" "Mozilla/5.0 (X11; Linux x86_64) AppleWebKit/537.36 (KHTML, like Gecko) Chrome/44.0.2403.89 Safari/537.36" 
208.79.144.52 - - [05/Aug/2015:16:58:30 -0700] "GET /twitter-icon.png HTTP/1.1" 200 27787 "http://www.secrepo.com/" "Mozilla/5.0 (X11; Linux x86_64) AppleWebKit/537.36 (KHTML, like Gecko) Chrome/44.0.2403.89 Safari/537.36" 
208.79.144.52 - - [05/Aug/2015:16:58:30 -0700] "GET /GitHub-Mark.png HTTP/1.1" 200 7428 "http://www.secrepo.com/" "Mozilla/5.0 (X11; Linux x86_64) AppleWebKit/537.36 (KHTML, like Gecko) Chrome/44.0.2403.89 Safari/537.36" 
208.79.144.52 - - [05/Aug/2015:16:58:30 -0700] "GET /bootstrap/img/favicon.ico HTTP/1.1" 200 589 "http://www.secrepo.com/" "Mozilla/5.0 (X11; Linux x86_64) AppleWebKit/537.36 (KHTML, like Gecko) Chrome/44.0.2403.89 Safari/537.36" 
68.180.229.162 - - [05/Aug/2015:17:00:17 -0700] "GET /data HTTP/1.1" 404 284 "-" "Mozilla/5.0 (compatible; Yahoo! Slurp; http://help.yahoo.com/help/us/ysearch/slurp)" 
70.90.168.211 - - [05/Aug/2015:17:33:25 -0700] "GET / HTTP/1.1" 200 7347 "-" "Mozilla/5.0 (Macintosh; Intel Mac OS X 10_10_2) AppleWebKit/537.36 (KHTML, like Gecko) Chrome/44.0.2403.125 Safari/537.36" 
70.90.168.211 - - [05/Aug/2015:17:33:26 -0700] "GET /twitter-icon.png HTTP/1.1" 200 27787 "http://www.secrepo.com/" "Mozilla/5.0 (Macintosh; Intel Mac OS X 10_10_2) AppleWebKit/537.36 (KHTML, like Gecko) Chrome/44.0.2403.125 Safari/537.36" 
70.90.168.211 - - [05/Aug/2015:17:33:26 -0700] "GET /GitHub-Mark.png HTTP/1.1" 200 7428 "http://www.secrepo.com/" "Mozilla/5.0 (Macintosh; Intel Mac OS X 10_10_2) AppleWebKit/537.36 (KHTML, like Gecko) Chrome/44.0.2403.125 Safari/537.36" 
70.90.168.211 - - [05/Aug/2015:17:33:27 -0700] "GET /bootstrap/img/favicon.ico HTTP/1.1" 200 589 "http://www.secrepo.com/" "Mozilla/5.0 (Macintosh; Intel Mac OS X 10_10_2) AppleWebKit/537.36 (KHTML, like Gecko) Chrome/44.0.2403.125 Safari/537.36" 
73.43.28.181 - - [05/Aug/2015:17:36:23 -0700] "GET /robots.txt HTTP/1.0" 301 481 "-" "GigablastOpenSource/1.0" 
73.43.28.181 - - [05/Aug/2015:17:36:24 -0700] "GET /robots.txt HTTP/1.0" 200 252 "-" "GigablastOpenSource/1.0" 
73.43.28.181 - - [05/Aug/2015:17:36:24 -0700] "GET / HTTP/1.0" 301 461 "-" "GigablastOpenSource/1.0" 
73.43.28.181 - - [05/Aug/2015:17:36:24 -0700] "GET / HTTP/1.0" 200 24399 "-" "GigablastOpenSource/1.0" 
188.165.15.84 - - [05/Aug/2015:17:37:53 -0700] "GET /self.logs/access.log.2015-04-27.gz HTTP/1.1" 200 7276 "-" "Mozilla/5.0 (compatible; AhrefsBot/5.0; +http://ahrefs.com/robot/)" 
188.165.15.84 - - [05/Aug/2015:17:58:40 -0700] "GET /self.logs/access.log.2015-06-01.gz HTTP/1.1" 200 4308 "-" "Mozilla/5.0 (compatible; AhrefsBot/5.0; +http://ahrefs.com/robot/)" 
91.121.81.45 - - [05/Aug/2015:18:07:20 -0700] "GET /honeypot/Honeypot - Howto.pdf#search= HTTP/1.0" 404 295 "-" "Mozilla/5.0 (Windows NT 6.1) AppleWebKit/537.36 (KHTML, like Gecko) Chrome/41.0.2228.0 Safari/537.36" 
188.165.15.84 - - [05/Aug/2015:18:20:40 -0700] "GET /self.logs/error.log.2015-04-29.gz HTTP/1.1" 200 1703 "-" "Mozilla/5.0 (compatible; AhrefsBot/5.0; +http://ahrefs.com/robot/)" 
188.165.15.84 - - [05/Aug/2015:18:22:28 -0700] "GET /self.logs/access.log.2015-04-12.gz HTTP/1.1" 200 3054 "-" "Mozilla/5.0 (compatible; AhrefsBot/5.0; +http://ahrefs.com/robot/)" 
37.187.137.225 - - [05/Aug/2015:18:38:02 -0700] "GET /robots.txt HTTP/1.0" 301 481 "-" "Mozilla/5.0 (compatible; MJ12bot/v1.4.5; http://www.majestic12.co.uk/bot.php?+)" 
37.187.137.225 - - [05/Aug/2015:18:38:07 -0700] "GET /robots.txt HTTP/1.0" 200 252 "-" "Mozilla/5.0 (compatible; MJ12bot/v1.4.5; http://www.majestic12.co.uk/bot.php?+)" 
37.187.137.225 - - [05/Aug/2015:18:38:10 -0700] "GET / HTTP/1.0" 301 461 "-" "Mozilla/5.0 (compatible; MJ12bot/v1.4.5; http://www.majestic12.co.uk/bot.php?+)" 
37.187.137.225 - - [05/Aug/2015:18:38:10 -0700] "GET /robots.txt HTTP/1.0" 200 252 "-" "Mozilla/5.0 (compatible; MJ12bot/v1.4.5; http://www.majestic12.co.uk/bot.php?+)" 
37.187.137.225 - - [05/Aug/2015:18:38:12 -0700] "GET / HTTP/1.0" 200 24399 "-" "Mozilla/5.0 (compatible; MJ12bot/v1.4.5; http://www.majestic12.co.uk/bot.php?+)" 
188.165.15.84 - - [05/Aug/2015:18:58:39 -0700] "GET /self.logs/access.log.2015-05-29.gz HTTP/1.1" 200 3694 "-" "Mozilla/5.0 (compatible; AhrefsBot/5.0; +http://ahrefs.com/robot/)" 
188.165.15.84 - - [05/Aug/2015:19:03:14 -0700] "GET /self.logs/error.log.2015-04-19.gz HTTP/1.1" 200 864 "-" "Mozilla/5.0 (compatible; AhrefsBot/5.0; +http://ahrefs.com/robot/)" 
188.165.15.84 - - [05/Aug/2015:19:26:00 -0700] "GET /self.logs/access.log.2015-05-20.gz HTTP/1.1" 200 4845 "-" "Mozilla/5.0 (compatible; AhrefsBot/5.0; +http://ahrefs.com/robot/)" 
157.55.39.76 - - [05/Aug/2015:19:51:59 -0700] "GET /robots.txt HTTP/1.1" 200 289 "-" "Mozilla/5.0 (compatible; bingbot/2.0; +http://www.bing.com/bingbot.htm)" 
188.165.15.84 - - [05/Aug/2015:19:57:05 -0700] "GET /self.logs/access.log.2015-01-26.gz HTTP/1.1" 200 3201 "-" "Mozilla/5.0 (compatible; AhrefsBot/5.0; +http://ahrefs.com/robot/)" 
68.180.229.162 - - [05/Aug/2015:20:18:05 -0700] "GET /self.logs/access.log.2015-04-17.gz HTTP/1.1" 200 6161 "-" "Mozilla/5.0 (compatible; Yahoo! Slurp; http://help.yahoo.com/help/us/ysearch/slurp)" 
66.249.64.150 - - [05/Aug/2015:20:19:54 -0700] "GET /robots.txt HTTP/1.1" 200 334 "-" "Mozilla/5.0 (compatible; Googlebot/2.1; +http://www.google.com/bot.html)" 
66.249.64.150 - - [05/Aug/2015:20:19:54 -0700] "GET /squid/access.log.gz HTTP/1.1" 200 15827449 "-" "Mozilla/5.0 (iPhone; CPU iPhone OS 6_0 like Mac OS X) AppleWebKit/536.26 (KHTML, like Gecko) Version/6.0 Mobile/10A5376e Safari/8536.25 (compatible; Googlebot/2.1; +http://www.google.com/bot.html)" 
188.165.15.84 - - [05/Aug/2015:20:38:20 -0700] "GET /self.logs/access.log.2015-04-29.gz HTTP/1.1" 200 5181 "-" "Mozilla/5.0 (compatible; AhrefsBot/5.0; +http://ahrefs.com/robot/)" 
119.81.167.63 - - [05/Aug/2015:20:50:33 -0700] "GET / HTTP/1.1" 200 7347 "https://www.google.com.sg/" "Mozilla/5.0 (Windows NT 6.2; WOW64) AppleWebKit/537.36 (KHTML, like Gecko) Chrome/43.0.2357.132 Safari/537.36" 
119.81.167.63 - - [05/Aug/2015:20:50:33 -0700] "GET /twitter-icon.png HTTP/1.1" 200 27787 "http://www.secrepo.com/" "Mozilla/5.0 (Windows NT 6.2; WOW64) AppleWebKit/537.36 (KHTML, like Gecko) Chrome/43.0.2357.132 Safari/537.36" 
119.81.167.63 - - [05/Aug/2015:20:50:34 -0700] "GET /GitHub-Mark.png HTTP/1.1" 200 7427 "http://www.secrepo.com/" "Mozilla/5.0 (Windows NT 6.2; WOW64) AppleWebKit/537.36 (KHTML, like Gecko) Chrome/43.0.2357.132 Safari/537.36" 
119.81.167.63 - - [05/Aug/2015:20:50:35 -0700] "GET /bootstrap/img/favicon.ico HTTP/1.1" 200 589 "http://www.secrepo.com/" "Mozilla/5.0 (Windows NT 6.2; WOW64) AppleWebKit/537.36 (KHTML, like Gecko) Chrome/43.0.2357.132 Safari/537.36" 
119.81.167.63 - - [05/Aug/2015:20:54:47 -0700] "GET / HTTP/1.1" 200 7347 "-" "Mozilla/5.0 (compatible; MSIE 10.0; Windows NT 6.2; WOW64; Trident/6.0) QQBrowser/8.2.4257.400" 
119.81.167.63 - - [05/Aug/2015:20:54:48 -0700] "GET /twitter-icon.png HTTP/1.1" 200 27787 "http://www.secrepo.com/" "Mozilla/5.0 (compatible; MSIE 10.0; Windows NT 6.2; WOW64; Trident/6.0) QQBrowser/8.2.4257.400" 
119.81.167.63 - - [05/Aug/2015:20:54:48 -0700] "GET /GitHub-Mark.png HTTP/1.1" 200 7428 "http://www.secrepo.com/" "Mozilla/5.0 (compatible; MSIE 10.0; Windows NT 6.2; WOW64; Trident/6.0) QQBrowser/8.2.4257.400" 
119.81.167.63 - - [05/Aug/2015:20:54:49 -0700] "GET /bootstrap/img/favicon.ico HTTP/1.1" 200 534 "-" "Mozilla/5.0 (compatible; MSIE 10.0; Windows NT 6.2; WOW64; Trident/6.0; QQBrowser/8.2.4257.400)" 
188.165.15.84 - - [05/Aug/2015:20:57:40 -0700] "GET /self.logs/access.log.2015-03-26.gz HTTP/1.1" 200 4039 "-" "Mozilla/5.0 (compatible; AhrefsBot/5.0; +http://ahrefs.com/robot/)" 
180.153.214.198 - - [05/Aug/2015:21:04:06 -0700] "GET / HTTP/1.1" 200 24399 "https://www.google.com.sg/" "Mozilla/5.0 (Linux; U; Android 4.4.2; zh-cn; GT-I9500 Build/KOT49H) AppleWebKit/537.36 (KHTML, like Gecko)Version/4.0 MQQBrowser/5.0 QQ-Manager Mobile Safari/537.36" 
180.153.214.198 - - [05/Aug/2015:21:16:45 -0700] "GET //html5shim.googlecode.com/svn/trunk/html5.js HTTP/1.1" 404 284 "http://www.secrepo.com//html5shim.googlecode.com/svn/trunk/html5.js" "Mozilla/5.0 (Linux; U; Android 4.4.2; zh-cn; GT-I9500 Build/KOT49H) AppleWebKit/537.36 (KHTML, like Gecko)Version/4.0 MQQBrowser/5.0 QQ-Manager Mobile Safari/537.36" 
180.153.214.198 - - [05/Aug/2015:21:16:45 -0700] "GET //ajax.googleapis.com/ajax/libs/jquery/2.0.2/jquery.min.js HTTP/1.1" 404 284 "http://www.secrepo.com//ajax.googleapis.com/ajax/libs/jquery/2.0.2/jquery.min.js" "Mozilla/5.0 (Linux; U; Android 4.4.2; zh-cn; GT-I9500 Build/KOT49H) AppleWebKit/537.36 (KHTML, like Gecko)Version/4.0 MQQBrowser/5.0 QQ-Manager Mobile Safari/537.36" 
180.153.214.198 - - [05/Aug/2015:21:16:46 -0700] "GET //netdna.bootstrapcdn.com/bootstrap/3.1.1/js/bootstrap.min.js HTTP/1.1" 404 284 "http://www.secrepo.com//netdna.bootstrapcdn.com/bootstrap/3.1.1/js/bootstrap.min.js" "Mozilla/5.0 (Linux; U; Android 4.4.2; zh-cn; GT-I9500 Build/KOT49H) AppleWebKit/537.36 (KHTML, like Gecko)Version/4.0 MQQBrowser/5.0 QQ-Manager Mobile Safari/537.36" 
182.140.168.118 - - [05/Aug/2015:21:18:32 -0700] "GET /Security-Data-Analysis/Lab_1/conn.log.zip HTTP/1.1" 200 52560 "http://w.x.baidu.com/go/mini/2/1202000172" "Mozilla/5.0 (Linux; U; Android 4.4.2; zh-cn; GT-I9500 Build/KOT49H) AppleWebKit/537.36 (KHTML, like Gecko)Version/4.0 MQQBrowser/5.0 Mobile Safari/537.36" 
199.127.226.150 - - [05/Aug/2015:21:27:42 -0700] "GET / HTTP/1.1" 301 427 "http://hvd-store.com/" "Mozilla/5.0 (X11; Linux x86_64) AppleWebKit/537.36 (KHTML, like Gecko) Chrome/37.0.2062.120 Safari/537.36" 
192.42.116.16 - - [05/Aug/2015:21:27:57 -0700] "GET / HTTP/1.1" 200 7291 "http://hvd-store.com/" "Mozilla/5.0 (X11; Linux x86_64) AppleWebKit/537.36 (KHTML, like Gecko) Chrome/37.0.2062.120 Safari/537.36" 
188.165.15.84 - - [05/Aug/2015:21:30:47 -0700] "GET /self.logs/access.log.2015-01-24.gz HTTP/1.1" 200 2221 "-" "Mozilla/5.0 (compatible; AhrefsBot/5.0; +http://ahrefs.com/robot/)" 
104.227.185.91 - - [05/Aug/2015:21:40:57 -0700] "GET /honeypot/BSidesDFW-2014.ipynb HTTP/1.1" 404 295 "-" "Mozilla/5.0 (Windows NT 6.1) AppleWebKit/537.36 (KHTML, like Gecko) Chrome/41.0.2228.0 Safari/537.36" 
107.152.128.28 - - [05/Aug/2015:21:40:58 -0700] "GET /honeypot/BSidesDFW - 2014.ipynb HTTP/1.0" 404 295 "-" "Mozilla/5.0 (Windows NT 6.1) AppleWebKit/537.36 (KHTML, like Gecko) Chrome/41.0.2228.0 Safari/537.36" 
188.165.15.84 - - [05/Aug/2015:21:45:29 -0700] "GET /self.logs/access.log.2015-02-08.gz HTTP/1.1" 200 3343 "-" "Mozilla/5.0 (compatible; AhrefsBot/5.0; +http://ahrefs.com/robot/)" 
207.46.13.41 - - [05/Aug/2015:21:45:41 -0700] "GET /robots.txt HTTP/1.1" 200 289 "-" "Mozilla/5.0 (compatible; bingbot/2.0; +http://www.bing.com/bingbot.htm)" 
188.165.15.84 - - [05/Aug/2015:21:46:04 -0700] "GET /self.logs/access.log.2015-05-18.gz HTTP/1.1" 200 4617 "-" "Mozilla/5.0 (compatible; AhrefsBot/5.0; +http://ahrefs.com/robot/)" 
207.46.13.41 - - [05/Aug/2015:21:46:20 -0700] "GET /self.logs/access.log.2015-01-21.gz HTTP/1.1" 200 4027 "-" "Mozilla/5.0 (compatible; bingbot/2.0; +http://www.bing.com/bingbot.htm)" 
23.105.129.251 - - [05/Aug/2015:22:02:05 -0700] "GET / HTTP/1.1" 200 24410 "-" "Mozilla/5.0 (X11; Linux x86_64) AppleWebKit/537.36 (KHTML, like Gecko) Chrome/33.0.1750.152 Safari/537.36" 
185.53.44.148 - - [05/Aug/2015:22:19:03 -0700] "GET / HTTP/1.1" 200 24354 "-" "Mozilla/5.0 (compatible; XoviBot/2.0; +http://www.xovibot.net/)" 
188.165.15.84 - - [05/Aug/2015:22:22:37 -0700] "GET /self.logs/access.log.2015-02-07.gz HTTP/1.1" 200 2764 "-" "Mozilla/5.0 (compatible; AhrefsBot/5.0; +http://ahrefs.com/robot/)" 
188.165.15.84 - - [05/Aug/2015:22:24:56 -0700] "GET /self.logs/error.log.2015-02-11.gz HTTP/1.1" 200 1301 "-" "Mozilla/5.0 (compatible; AhrefsBot/5.0; +http://ahrefs.com/robot/)" 
157.55.39.76 - - [05/Aug/2015:22:35:12 -0700] "GET /self.logs/error.log.2015-04-03.gz HTTP/1.1" 200 932 "-" "Mozilla/5.0 (compatible; bingbot/2.0; +http://www.bing.com/bingbot.htm)" 
188.165.15.84 - - [05/Aug/2015:22:42:34 -0700] "GET /self.logs/error.log.2015-06-13.gz HTTP/1.1" 200 546 "-" "Mozilla/5.0 (compatible; AhrefsBot/5.0; +http://ahrefs.com/robot/)" 
113.66.40.168 - - [05/Aug/2015:23:18:44 -0700] "GET /honeypot/BSidesDFW HTTP/1.1" 404 340 "-" "Mozilla/4.0 (compatible; MSIE 6.0; Windows NT 5.1; SV1;)" 
188.165.15.84 - - [05/Aug/2015:23:29:09 -0700] "GET /self.logs/error.log.2015-05-28.gz HTTP/1.1" 200 649 "-" "Mozilla/5.0 (compatible; AhrefsBot/5.0; +http://ahrefs.com/robot/)" 
66.249.64.155 - - [05/Aug/2015:23:30:52 -0700] "GET /honeypot/Honeypot HTTP/1.1" 404 340 "-" "Mozilla/5.0 (compatible; Googlebot/2.1; +http://www.google.com/bot.html)" 
188.165.15.84 - - [05/Aug/2015:23:31:22 -0700] "GET /self.logs/access.log.2015-03-05.gz HTTP/1.1" 200 3269 "-" "Mozilla/5.0 (compatible; AhrefsBot/5.0; +http://ahrefs.com/robot/)" 
91.121.81.45 - - [05/Aug/2015:23:33:50 -0700] "GET /honeypot/Honeypot - Howto - BSides Austin.pdf#search= HTTP/1.0" 404 295 "-" "Mozilla/5.0 (Windows NT 6.1) AppleWebKit/537.36 (KHTML, like Gecko) Chrome/41.0.2228.0 Safari/537.36" 
212.98.207.134 - - [05/Aug/2015:23:33:53 -0700] "GET /bootstrap/img/favicon.ico HTTP/1.1" 200 590 "-" "Mozilla/5.0 (Windows NT 10.0; Win64; x64; rv:40.0) Gecko/20100101 Firefox/40.0" 
188.165.15.84 - - [05/Aug/2015:23:44:59 -0700] "GET /self.logs/access.log.2015-05-05.gz HTTP/1.1" 200 4387 "-" "Mozilla/5.0 (compatible; AhrefsBot/5.0; +http://ahrefs.com/robot/)" 
157.55.39.50 - - [05/Aug/2015:23:47:39 -0700] "GET /self.logs/error.log.2015-05-21.gz HTTP/1.1" 200 824 "-" "Mozilla/5.0 (compatible; bingbot/2.0; +http://www.bing.com/bingbot.htm)" 
66.249.64.155 - - [05/Aug/2015:23:49:36 -0700] "GET / HTTP/1.1" 200 7347 "-" "SAMSUNG-SGH-E250/1.0 Profile/MIDP-2.0 Configuration/CLDC-1.1 UP.Browser/6.2.3.3.c.1.101 (GUI) MMP/2.0 (compatible; Googlebot-Mobile/2.1; +http://www.google.com/bot.html)" 
88.117.11.245 - - [06/Aug/2015:00:21:34 -0700] "GET / HTTP/1.1" 200 7347 "-" "Mozilla/5.0 (Windows NT 6.1; WOW64; rv:39.0) Gecko/20100101 Firefox/39.0" 
88.117.11.245 - - [06/Aug/2015:00:21:34 -0700] "GET /bootstrap/img/favicon.ico HTTP/1.1" 200 589 "-" "Mozilla/5.0 (Windows NT 6.1; WOW64; rv:39.0) Gecko/20100101 Firefox/39.0" 
88.117.11.245 - - [06/Aug/2015:00:21:34 -0700] "GET /GitHub-Mark.png HTTP/1.1" 200 7428 "http://www.secrepo.com/" "Mozilla/5.0 (Windows NT 6.1; WOW64; rv:39.0) Gecko/20100101 Firefox/39.0" 
88.117.11.245 - - [06/Aug/2015:00:21:34 -0700] "GET /twitter-icon.png HTTP/1.1" 200 27787 "http://www.secrepo.com/" "Mozilla/5.0 (Windows NT 6.1; WOW64; rv:39.0) Gecko/20100101 Firefox/39.0" 
117.177.246.144 - - [06/Aug/2015:00:24:31 -0700] "GET http://www.secrepo.com/honeypot/BSidesDFW%20-%202014.ipynb HTTP/1.0" 200 588090 "http://www.secrepo.com/honeypot/BSidesDFW%20-%202014.ipynb" "Mozilla/5.0 (Windows NT 6.3; WOW64; rv:36.0) Gecko/20100101 Firefox/36.0" 
157.55.39.76 - - [06/Aug/2015:00:29:49 -0700] "GET / HTTP/1.1" 200 7347 "-" "Mozilla/5.0 (compatible; bingbot/2.0; +http://www.bing.com/bingbot.htm)" 
70.162.173.18 - - [06/Aug/2015:00:30:09 -0700] "GET /honeypot/Honeypot - Howto.pdf#search= HTTP/1.0" 404 295 "-" "Mozilla/5.0 (Windows NT 6.1) AppleWebKit/537.36 (KHTML, like Gecko) Chrome/41.0.2228.0 Safari/537.36" 
123.182.156.200 - - [06/Aug/2015:00:36:55 -0700] "GET /honeypot/BSidesDFW%20-%202014.ipynb HTTP/1.1" 200 324000 "-" "Mozilla/4.0 (compatible; MSIE 6.0; Windows NT 5.1; SV1; Mozilla/4.0 (compatible; MSIE 6.0; Windows NT 5.1; SV1) ; .NET CLR 1.0.3705)" 
123.182.156.200 - - [06/Aug/2015:00:37:02 -0700] "POST /honeypot/BSidesDFW%20-%202014.ipynb/trackback/ HTTP/1.1" 418 547 "http://www.secrepo.com/honeypot/BSidesDFW - 2014.ipynb" "Mozilla/4.0 (compatible; MSIE 6.0; Windows NT 5.1; SV1)" 
119.81.190.175 - - [06/Aug/2015:00:53:02 -0700] "GET /self.logs/ HTTP/1.1" 200 4520 "http://www.secrepo.com/" "Mozilla/5.0 (compatible; MSIE 10.0; Windows NT 6.2; WOW64; Trident/6.0) QQBrowser/8.2.4257.400" 
66.249.64.145 - - [06/Aug/2015:01:06:12 -0700] "GET /maccdc2012/notice.log.gz HTTP/1.1" 200 20779 "-" "Mozilla/5.0 (iPhone; CPU iPhone OS 6_0 like Mac OS X) AppleWebKit/536.26 (KHTML, like Gecko) Version/6.0 Mobile/10A5376e Safari/8536.25 (compatible; Googlebot/2.1; +http://www.google.com/bot.html)" 
68.180.229.162 - - [06/Aug/2015:01:08:43 -0700] "GET /robots.txt HTTP/1.1" 200 233 "-" "Mozilla/5.0 (compatible; Yahoo! Slurp; http://help.yahoo.com/help/us/ysearch/slurp)" 
68.180.229.162 - - [06/Aug/2015:01:08:43 -0700] "GET /maccdc2012/signatures.log.gz HTTP/1.1" 200 549 "-" "Mozilla/5.0 (compatible; Yahoo! Slurp; http://help.yahoo.com/help/us/ysearch/slurp)" 
188.165.15.84 - - [06/Aug/2015:01:16:13 -0700] "GET /self.logs/error.log.2015-05-09.gz HTTP/1.1" 200 722 "-" "Mozilla/5.0 (compatible; AhrefsBot/5.0; +http://ahrefs.com/robot/)" 
66.249.64.150 - - [06/Aug/2015:01:17:22 -0700] "GET / HTTP/1.1" 200 7347 "-" "Mozilla/5.0 (compatible; Googlebot/2.1; +http://www.google.com/bot.html)" 
188.165.15.84 - - [06/Aug/2015:01:45:58 -0700] "GET /self.logs/error.log.2015-04-21.gz HTTP/1.1" 200 2147 "-" "Mozilla/5.0 (compatible; AhrefsBot/5.0; +http://ahrefs.com/robot/)" 
