130.211.146.123 - - [05/Apr/2015:02:44:30 -0700] "GET /honeypot/BSidesDFW%2520-%25202014.ipynb HTTP/1.1" 418 695 "-" "() { foo;};echo; /bin/bash -c \"expr 299663299665 / 3; echo 333:; uname -a; echo 333:; id;\"" 
80.15.154.35 - - [05/Apr/2015:02:51:42 -0700] "GET / HTTP/1.1" 301 498 "-" "Mozilla/5.0 (X11; Ubuntu; Linux i686; rv:15.0) Gecko/20100101 Firefox/15.0.1" 
80.15.154.35 - - [05/Apr/2015:02:51:42 -0700] "GET / HTTP/1.1" 200 22519 "-" "Mozilla/5.0 (X11; Ubuntu; Linux i686; rv:15.0) Gecko/20100101 Firefox/15.0.1" 
80.15.154.35 - - [05/Apr/2015:02:51:42 -0700] "GET / HTTP/1.1" 200 22518 "-" "Mozilla/5.0 (X11; Ubuntu; Linux i686; rv:15.0) Gecko/20100101 Firefox/15.0.1" 
104.237.147.97 - - [05/Apr/2015:03:03:15 -0700] "HEAD / HTTP/1.1" 200 295 "-" "-" 
130.211.146.123 - - [05/Apr/2015:03:10:36 -0700] "GET /honeypot/BSidesDFW%2520-%25202014.ipynb HTTP/1.1" 418 695 "-" "() { foo;};echo; /bin/bash -c \"expr 299663299665 / 3; echo 333:; uname -a; echo 333:; id;\"" 
178.137.85.64 - - [05/Apr/2015:03:13:50 -0700] "GET / HTTP/1.1" 200 22463 "http://pornokajf.com/" "Mozilla/4.0 (compatible; MSIE 6.0; AOL 9.0; Windows NT 5.1)" 
178.137.85.64 - - [05/Apr/2015:03:13:51 -0700] "GET / HTTP/1.1" 200 22463 "http://idkredit.com/" "Mozilla/4.0 (compatible; MSIE 6.0; Windows NT 5.1; SV1; MRA 4.6 (build 01425); MRSPUTNIK 1, 5, 0, 19 SW)" 
178.137.85.64 - - [05/Apr/2015:03:13:51 -0700] "GET / HTTP/1.1" 200 22463 "http://pornokajf.com/" "Mozilla/4.0 (compatible; MSIE 6.0; AOL 9.0; Windows NT 5.1)" 
178.137.85.64 - - [05/Apr/2015:03:13:51 -0700] "GET / HTTP/1.1" 200 22463 "http://idkredit.com/" "Mozilla/4.0 (compatible; MSIE 6.0; Windows NT 5.1; SV1; MRA 4.6 (build 01425); MRSPUTNIK 1, 5, 0, 19 SW)" 
178.137.85.64 - - [05/Apr/2015:03:13:52 -0700] "GET / HTTP/1.1" 200 22463 "http://pornokajf.com/" "Mozilla/4.0 (compatible; MSIE 6.0; AOL 9.0; Windows NT 5.1)" 
178.137.85.64 - - [05/Apr/2015:03:13:52 -0700] "GET / HTTP/1.1" 200 22463 "http://idkredit.com/" "Mozilla/4.0 (compatible; MSIE 6.0; Windows NT 5.1; SV1; MRA 4.6 (build 01425); MRSPUTNIK 1, 5, 0, 19 SW)" 
130.211.146.123 - - [05/Apr/2015:03:28:49 -0700] "GET /honeypot/BSidesDFW%2520-%25202014.ipynb HTTP/1.1" 418 695 "-" "() { foo;};echo; /bin/bash -c \"expr 299663299665 / 3; echo 333:; uname -a; echo 333:; id;\"" 
167.114.156.59 - - [05/Apr/2015:04:54:32 -0700] "GET / HTTP/1.0" 200 22508 "-" "-" 
104.130.161.115 - - [05/Apr/2015:05:04:59 -0700] "GET /honeypot/BSidesDFW%20-%202014.ipynb HTTP/1.1" 301 484 "-" "Tornado-Async-Client" 
104.130.161.115 - - [05/Apr/2015:05:04:59 -0700] "GET /honeypot/BSidesDFW%20-%202014.ipynb HTTP/1.1" 200 930780 "-" "Tornado-Async-Client" 
199.16.156.126 - - [05/Apr/2015:05:08:25 -0700] "GET /robots.txt HTTP/1.1" 200 304 "-" "Twitterbot/1.0" 
199.16.156.126 - - [05/Apr/2015:05:08:25 -0700] "GET /honeypot/Honeypot%20-%20Howto.pdf HTTP/1.1" 200 1279362 "-" "Twitterbot/1.0" 
91.200.12.39 - - [05/Apr/2015:05:30:52 -0700] "GET /honeypot/BSidesDFW+-+2014.ipynb HTTP/1.0" 404 284 "http://www.secrepo.com/honeypot/BSidesDFW+-+2014.ipynb" "Mozilla/5.0 (Windows NT 6.1) AppleWebKit/537.36 (KHTML, like Gecko) Chrome/37.0.2062.124 YaBrowser/14.10.2062.12061 Safari/537.36" 
91.200.12.39 - - [05/Apr/2015:05:30:53 -0700] "GET / HTTP/1.0" 200 22508 "http://www.secrepo.com/" "Mozilla/5.0 (Windows NT 6.1) AppleWebKit/537.36 (KHTML, like Gecko) Chrome/37.0.2062.124 YaBrowser/14.10.2062.12061 Safari/537.36" 
199.16.156.126 - - [05/Apr/2015:06:14:36 -0700] "GET /robots.txt HTTP/1.1" 200 304 "-" "Twitterbot/1.0" 
199.16.156.126 - - [05/Apr/2015:06:14:36 -0700] "GET /honeypot/Honeypot%20-%20Howto.pdf HTTP/1.1" 200 1279362 "-" "Twitterbot/1.0" 
157.55.39.35 - - [05/Apr/2015:06:48:58 -0700] "GET /robots.txt HTTP/1.1" 301 518 "-" "Mozilla/5.0 (compatible; bingbot/2.0; +http://www.bing.com/bingbot.htm)" 
157.55.39.35 - - [05/Apr/2015:06:48:59 -0700] "GET /robots.txt HTTP/1.1" 200 288 "-" "Mozilla/5.0 (compatible; bingbot/2.0; +http://www.bing.com/bingbot.htm)" 
157.55.39.35 - - [05/Apr/2015:06:49:08 -0700] "GET / HTTP/1.1" 301 483 "-" "Mozilla/5.0 (compatible; bingbot/2.0; +http://www.bing.com/bingbot.htm)" 
199.16.156.126 - - [05/Apr/2015:06:53:52 -0700] "GET /robots.txt HTTP/1.1" 200 304 "-" "Twitterbot/1.0" 
199.16.156.126 - - [05/Apr/2015:06:53:52 -0700] "GET /honeypot/Honeypot%20-%20Howto.pdf HTTP/1.1" 200 1279362 "-" "Twitterbot/1.0" 
69.64.41.236 - - [05/Apr/2015:07:08:04 -0700] "GET /robots.txt HTTP/1.0" 200 252 "-" "Mozilla/5.0 (compatible; MJ12bot/v1.4.5; http://www.majestic12.co.uk/bot.php?+)" 
69.64.41.236 - - [05/Apr/2015:07:08:38 -0700] "GET /honeypot//%22http://amunhoney.sourceforge.net//%22 HTTP/1.0" 404 284 "-" "Mozilla/5.0 (compatible; MJ12bot/v1.4.5; http://www.majestic12.co.uk/bot.php?+)" 
69.64.41.236 - - [05/Apr/2015:07:08:41 -0700] "GET /robots.txt HTTP/1.0" 200 252 "-" "Mozilla/5.0 (compatible; MJ12bot/v1.4.5; http://www.majestic12.co.uk/bot.php?+)" 
69.64.41.236 - - [05/Apr/2015:07:08:47 -0700] "GET /honeypot//%22http://glastopf.org//%22 HTTP/1.0" 404 284 "-" "Mozilla/5.0 (compatible; MJ12bot/v1.4.5; http://www.majestic12.co.uk/bot.php?+)" 
69.64.41.236 - - [05/Apr/2015:07:08:52 -0700] "GET /honeypot//%22http://www.maxmind.com/%22 HTTP/1.0" 404 303 "-" "Mozilla/5.0 (compatible; MJ12bot/v1.4.5; http://www.majestic12.co.uk/bot.php?+)" 
69.64.41.236 - - [05/Apr/2015:07:08:55 -0700] "GET /robots.txt HTTP/1.0" 200 252 "-" "Mozilla/5.0 (compatible; MJ12bot/v1.4.5; http://www.majestic12.co.uk/bot.php?+)" 
69.64.41.236 - - [05/Apr/2015:07:09:04 -0700] "GET /honeypot//%22https://twitter.com/sooshie/%22 HTTP/1.0" 404 284 "-" "Mozilla/5.0 (compatible; MJ12bot/v1.4.5; http://www.majestic12.co.uk/bot.php?+)" 
69.64.41.236 - - [05/Apr/2015:07:09:08 -0700] "GET /robots.txt HTTP/1.0" 200 252 "-" "Mozilla/5.0 (compatible; MJ12bot/v1.4.5; http://www.majestic12.co.uk/bot.php?+)" 
69.64.41.236 - - [05/Apr/2015:07:09:42 -0700] "GET /honeypot//%22https://twitter.com/theroxyd/%22 HTTP/1.0" 404 284 "-" "Mozilla/5.0 (compatible; MJ12bot/v1.4.5; http://www.majestic12.co.uk/bot.php?+)" 
157.55.39.35 - - [05/Apr/2015:07:12:01 -0700] "GET / HTTP/1.1" 200 6885 "-" "Mozilla/5.0 (compatible; bingbot/2.0; +http://www.bing.com/bingbot.htm)" 
46.119.113.155 - - [05/Apr/2015:07:41:41 -0700] "GET / HTTP/1.1" 200 22463 "http://proekt-gaz.ru/" "Mozilla/4.0 (compatible; Powermarks/3.5; Windows 95/98/2000/NT)" 
46.119.113.155 - - [05/Apr/2015:07:41:41 -0700] "GET / HTTP/1.1" 200 22463 "http://kinonew-online.net/" "Mozilla/4.0 (compatible; Powermarks/3.5; Windows 95/98/2000/NT)" 
46.119.113.155 - - [05/Apr/2015:07:41:41 -0700] "GET / HTTP/1.1" 200 22463 "http://volldex.com/" "Mozilla/4.0 (compatible; MSIE 5.0; Windows 2000) Opera 6.0 [en]" 
46.119.113.155 - - [05/Apr/2015:07:41:42 -0700] "GET / HTTP/1.1" 200 22463 "http://proekt-gaz.ru/" "Mozilla/4.0 (compatible; Powermarks/3.5; Windows 95/98/2000/NT)" 
46.119.113.155 - - [05/Apr/2015:07:41:42 -0700] "GET / HTTP/1.1" 200 22463 "http://kinonew-online.net/" "Mozilla/4.0 (compatible; Powermarks/3.5; Windows 95/98/2000/NT)" 
46.119.113.155 - - [05/Apr/2015:07:41:42 -0700] "GET / HTTP/1.1" 200 22463 "http://volldex.com/" "Mozilla/4.0 (compatible; MSIE 5.0; Windows 2000) Opera 6.0 [en]" 
46.119.113.155 - - [05/Apr/2015:07:41:42 -0700] "GET / HTTP/1.1" 200 22463 "http://proekt-gaz.ru/" "Mozilla/4.0 (compatible; Powermarks/3.5; Windows 95/98/2000/NT)" 
46.119.113.155 - - [05/Apr/2015:07:41:42 -0700] "GET / HTTP/1.1" 200 22463 "http://kinonew-online.net/" "Mozilla/4.0 (compatible; Powermarks/3.5; Windows 95/98/2000/NT)" 
46.119.113.155 - - [05/Apr/2015:07:41:42 -0700] "GET / HTTP/1.1" 200 22463 "http://volldex.com/" "Mozilla/4.0 (compatible; MSIE 5.0; Windows 2000) Opera 6.0 [en]" 
46.119.113.155 - - [05/Apr/2015:07:42:38 -0700] "GET / HTTP/1.1" 200 22463 "http://ikidz.ru/" "Mozilla/4.0 (compatible; MSIE 6.0; Windows NT 5.1; SV1; FunWebProducts; MRA 4.6 (build 01425); .NET CLR 1.1.4322; .NET CLR 2.0.50727)" 
46.119.113.155 - - [05/Apr/2015:07:42:39 -0700] "GET / HTTP/1.1" 200 22463 "http://ikidz.ru/" "Mozilla/4.0 (compatible; MSIE 6.0; Windows NT 5.1; SV1; FunWebProducts; MRA 4.6 (build 01425); .NET CLR 1.1.4322; .NET CLR 2.0.50727)" 
46.119.113.155 - - [05/Apr/2015:07:42:39 -0700] "GET / HTTP/1.1" 200 22463 "http://ikidz.ru/" "Mozilla/4.0 (compatible; MSIE 6.0; Windows NT 5.1; SV1; FunWebProducts; MRA 4.6 (build 01425); .NET CLR 1.1.4322; .NET CLR 2.0.50727)" 
199.16.156.126 - - [05/Apr/2015:07:45:15 -0700] "GET /robots.txt HTTP/1.1" 200 304 "-" "Twitterbot/1.0" 
199.16.156.126 - - [05/Apr/2015:07:45:15 -0700] "GET /honeypot/Honeypot%20-%20Howto.pdf HTTP/1.1" 200 1279362 "-" "Twitterbot/1.0" 
180.76.5.153 - - [05/Apr/2015:07:50:31 -0700] "GET /self.logs/?C=N;O=A HTTP/1.1" 200 2093 "-" "Mozilla/5.0 (compatible; Baiduspider/2.0; +http://www.baidu.com/search/spider.html)" 
79.49.41.222 - - [05/Apr/2015:08:31:47 -0700] "GET / HTTP/1.1" 200 6885 "http://t.co/q2PLcf3uFn" "Mozilla/5.0 (Linux; Android 5.1; Nexus 5 Build/LMY47I) AppleWebKit/537.36 (KHTML, like Gecko) Version/4.0 Chrome/40.0.0.0 Mobile Safari/537.36" 
79.49.41.222 - - [05/Apr/2015:08:31:48 -0700] "GET /twitter-icon.png HTTP/1.1" 200 27787 "http://www.secrepo.com/" "Mozilla/5.0 (Linux; Android 5.1; Nexus 5 Build/LMY47I) AppleWebKit/537.36 (KHTML, like Gecko) Version/4.0 Chrome/40.0.0.0 Mobile Safari/537.36" 
79.49.41.222 - - [05/Apr/2015:08:31:48 -0700] "GET /bootstrap/img/favicon.ico HTTP/1.1" 200 589 "-" "Mozilla/5.0 (Linux; Android 5.1; Nexus 5 Build/LMY47I) AppleWebKit/537.36 (KHTML, like Gecko) Version/4.0 Chrome/40.0.0.0 Mobile Safari/537.36" 
66.249.81.170 - - [05/Apr/2015:08:34:22 -0700] "GET / HTTP/1.1" 200 6885 "-" "Mozilla/5.0 (Linux; Android 5.1; Nexus 5 Build/LMY47I) AppleWebKit/537.36 (KHTML, like Gecko) Chrome/41.0.2272.96 Mobile Safari/537.36" 
66.249.81.162 - - [05/Apr/2015:08:34:22 -0700] "GET /twitter-icon.png HTTP/1.1" 200 27788 "http://www.secrepo.com/" "Mozilla/5.0 (Linux; Android 5.1; Nexus 5 Build/LMY47I) AppleWebKit/537.36 (KHTML, like Gecko) Chrome/41.0.2272.96 Mobile Safari/537.36" 
66.249.81.162 - - [05/Apr/2015:08:34:24 -0700] "GET /bootstrap/img/favicon.ico HTTP/1.1" 200 590 "-" "Mozilla/5.0 (Linux; Android 5.1; Nexus 5 Build/LMY47I) AppleWebKit/537.36 (KHTML, like Gecko) Chrome/41.0.2272.96 Mobile Safari/537.36" 
199.16.156.125 - - [05/Apr/2015:08:36:29 -0700] "GET /robots.txt HTTP/1.1" 200 304 "-" "Twitterbot/1.0" 
199.16.156.125 - - [05/Apr/2015:08:36:29 -0700] "GET /honeypot/Honeypot%20-%20Howto.pdf HTTP/1.1" 200 1279362 "-" "Twitterbot/1.0" 
157.55.39.228 - - [05/Apr/2015:09:05:56 -0700] "GET /honeypot/BSidesDFW%20-%202014.ipynb HTTP/1.1" 200 930836 "-" "Mozilla/5.0 (iPhone; CPU iPhone OS 7_0 like Mac OS X) AppleWebKit/537.51.1 (KHTML, like Gecko) Version/7.0 Mobile/11A465 Safari/9537.53 (compatible; bingbot/2.0;  http://www.bing.com/bingbot.htm)" 
199.16.156.126 - - [05/Apr/2015:09:11:09 -0700] "GET /robots.txt HTTP/1.1" 200 304 "-" "Twitterbot/1.0" 
199.16.156.126 - - [05/Apr/2015:09:11:09 -0700] "GET /honeypot/Honeypot%20-%20Howto.pdf HTTP/1.1" 200 1279362 "-" "Twitterbot/1.0" 
104.130.161.115 - - [05/Apr/2015:09:19:20 -0700] "GET /honeypot/BSidesDFW%20-%202014.ipynb HTTP/1.1" 301 484 "-" "Tornado-Async-Client" 
104.130.161.115 - - [05/Apr/2015:09:19:20 -0700] "GET /honeypot/BSidesDFW%20-%202014.ipynb HTTP/1.1" 200 930780 "-" "Tornado-Async-Client" 
94.23.202.60 - - [05/Apr/2015:09:31:26 -0700] "GET /honeypot/BSidesDFW%20-%202014.ipynb HTTP/1.1" 200 930836 "http://www.secrepo.com/" "Mozilla/5.0 (Macintosh; Intel Mac OS X 10.7; rv:34.0) Gecko/20100101 Firefox/34.0" 
78.110.160.179 - - [05/Apr/2015:09:32:27 -0700] "GET /honeypot/BSidesDFW - 2014.ipynb HTTP/1.1" 404 340 "http://www.secrepo.com/" "Mozilla/5.0 (Macintosh; Intel Mac OS X 10.7; rv:34.0) Gecko/20100101 Firefox/34.0" 
78.110.160.179 - - [05/Apr/2015:09:32:27 -0700] "GET / HTTP/1.1" 200 6884 "http://www.secrepo.com" "Mozilla/5.0 (Macintosh; Intel Mac OS X 10.7; rv:34.0) Gecko/20100101 Firefox/34.0" 
207.46.13.113 - - [05/Apr/2015:09:32:41 -0700] "GET /robots.txt HTTP/1.1" 200 334 "-" "Mozilla/5.0 (compatible; bingbot/2.0; +http://www.bing.com/bingbot.htm)" 
199.16.156.124 - - [05/Apr/2015:09:47:28 -0700] "GET /robots.txt HTTP/1.1" 200 304 "-" "Twitterbot/1.0" 
199.16.156.124 - - [05/Apr/2015:09:47:28 -0700] "GET /honeypot/Honeypot%20-%20Howto.pdf HTTP/1.1" 200 1279362 "-" "Twitterbot/1.0" 
199.16.156.125 - - [05/Apr/2015:10:24:21 -0700] "GET /robots.txt HTTP/1.1" 200 304 "-" "Twitterbot/1.0" 
199.16.156.125 - - [05/Apr/2015:10:24:21 -0700] "GET /honeypot/Honeypot%20-%20Howto.pdf HTTP/1.1" 200 1279362 "-" "Twitterbot/1.0" 
200.101.47.108 - - [05/Apr/2015:10:28:25 -0700] "GET / HTTP/1.1" 301 483 "http://best-seo-solution.com/try.php?u=http://secrepo.com" "Mozilla/5.0 (Windows NT 6.1; WOW64) AppleWebKit/537.36 (KHTML, like Gecko) Chrome/36.0.1985.143 Safari/537.36" 
200.101.47.108 - - [05/Apr/2015:10:28:25 -0700] "GET / HTTP/1.1" 200 6885 "http://best-seo-solution.com/try.php?u=http://secrepo.com" "Mozilla/5.0 (Windows NT 6.1; WOW64) AppleWebKit/537.36 (KHTML, like Gecko) Chrome/36.0.1985.143 Safari/537.36" 
200.101.47.108 - - [05/Apr/2015:10:28:26 -0700] "GET /twitter-icon.png HTTP/1.1" 200 27787 "http://www.secrepo.com/" "Mozilla/5.0 (Windows NT 6.1; WOW64) AppleWebKit/537.36 (KHTML, like Gecko) Chrome/36.0.1985.143 Safari/537.36" 
62.210.180.9 - - [05/Apr/2015:10:49:55 -0700] "GET /honeypot/Honeypot HTTP/1.0" 404 284 "http://www.secrepo.com/honeypot/Honeypot" "Mozilla/5.0 (Windows NT 6.1; WOW64) AppleWebKit/537.36 (KHTML, like Gecko) Chrome/39.0.2171.65 Safari/537.36 OPR/26.0.1656.24" 
62.210.180.9 - - [05/Apr/2015:10:49:55 -0700] "GET / HTTP/1.0" 200 22508 "http://www.secrepo.com/" "Mozilla/5.0 (Windows NT 6.1; WOW64) AppleWebKit/537.36 (KHTML, like Gecko) Chrome/39.0.2171.65 Safari/537.36 OPR/26.0.1656.24" 
134.249.53.8 - - [05/Apr/2015:10:55:53 -0700] "GET / HTTP/1.1" 200 22463 "http://droidmod.ru/" "Mozilla/4.7 (compatible; OffByOne; Windows 2000) Webster Pro V3.4" 
134.249.53.8 - - [05/Apr/2015:10:55:54 -0700] "GET / HTTP/1.1" 200 22463 "http://droidmod.ru/" "Mozilla/4.7 (compatible; OffByOne; Windows 2000) Webster Pro V3.4" 
134.249.53.8 - - [05/Apr/2015:10:55:54 -0700] "GET / HTTP/1.1" 200 22463 "http://droidmod.ru/" "Mozilla/4.7 (compatible; OffByOne; Windows 2000) Webster Pro V3.4" 
199.16.156.124 - - [05/Apr/2015:11:02:31 -0700] "GET /robots.txt HTTP/1.1" 200 304 "-" "Twitterbot/1.0" 
199.16.156.124 - - [05/Apr/2015:11:02:31 -0700] "GET /honeypot/Honeypot%20-%20Howto.pdf HTTP/1.1" 200 1279362 "-" "Twitterbot/1.0" 
199.16.156.125 - - [05/Apr/2015:11:51:05 -0700] "GET /robots.txt HTTP/1.1" 200 304 "-" "Twitterbot/1.0" 
199.16.156.125 - - [05/Apr/2015:11:51:05 -0700] "GET /honeypot/Honeypot%20-%20Howto.pdf HTTP/1.1" 200 1279362 "-" "Twitterbot/1.0" 
104.237.145.172 - - [05/Apr/2015:12:19:55 -0700] "HEAD / HTTP/1.1" 301 246 "-" "-" 
104.237.145.172 - - [05/Apr/2015:12:19:55 -0700] "GET / HTTP/1.1" 200 22519 "-" "-" 
199.16.156.126 - - [05/Apr/2015:12:30:57 -0700] "GET /robots.txt HTTP/1.1" 200 304 "-" "Twitterbot/1.0" 
199.16.156.126 - - [05/Apr/2015:12:30:57 -0700] "GET /honeypot/Honeypot%20-%20Howto.pdf HTTP/1.1" 200 1279362 "-" "Twitterbot/1.0" 
199.16.156.124 - - [05/Apr/2015:13:14:53 -0700] "GET /robots.txt HTTP/1.1" 200 304 "-" "Twitterbot/1.0" 
199.16.156.124 - - [05/Apr/2015:13:14:53 -0700] "GET /honeypot/Honeypot%20-%20Howto.pdf HTTP/1.1" 200 1279362 "-" "Twitterbot/1.0" 
199.59.148.210 - - [05/Apr/2015:13:18:45 -0700] "GET /robots.txt HTTP/1.1" 200 304 "-" "Twitterbot/1.0" 
199.59.148.210 - - [05/Apr/2015:13:18:45 -0700] "GET /robots.txt HTTP/1.1" 200 304 "-" "Twitterbot/1.0" 
199.59.148.210 - - [05/Apr/2015:13:18:45 -0700] "GET /honeypot/Honeypot%20-%20Howto%20-%20BSides%20Austin.pdf HTTP/1.1" 200 2928404 "-" "Twitterbot/1.0" 
199.59.148.210 - - [05/Apr/2015:13:18:45 -0700] "GET /honeypot/honeypot.json.zip HTTP/1.1" 200 4631817 "-" "Twitterbot/1.0" 
70.199.65.99 - - [05/Apr/2015:13:23:56 -0700] "GET /bootstrap/img/favicon.ico HTTP/1.1" 200 590 "-" "Mozilla/5.0 (Macintosh; Intel Mac OS X 10.10; rv:36.0) Gecko/20100101 Firefox/36.0" 
104.130.161.115 - - [05/Apr/2015:13:34:03 -0700] "GET /honeypot/BSidesDFW%2B-%2B2014.ipynb HTTP/1.1" 301 486 "-" "Tornado-Async-Client" 
104.130.161.115 - - [05/Apr/2015:13:34:03 -0700] "GET /honeypot/BSidesDFW+-+2014.ipynb HTTP/1.1" 404 284 "-" "Tornado-Async-Client" 
91.200.12.39 - - [05/Apr/2015:13:50:48 -0700] "GET /honeypot/BSidesDFW+-+2014.ipynb HTTP/1.0" 404 284 "http://www.secrepo.com/honeypot/BSidesDFW+-+2014.ipynb" "Mozilla/5.0 (Windows NT 6.3; WOW64) AppleWebKit/537.36 (KHTML, like Gecko) Chrome/39.0.2171.65 Safari/537.36" 
91.200.12.39 - - [05/Apr/2015:13:50:48 -0700] "GET / HTTP/1.0" 200 22508 "http://www.secrepo.com/" "Mozilla/5.0 (Windows NT 6.3; WOW64) AppleWebKit/537.36 (KHTML, like Gecko) Chrome/39.0.2171.65 Safari/537.36" 
199.16.156.125 - - [05/Apr/2015:13:59:32 -0700] "GET /robots.txt HTTP/1.1" 200 304 "-" "Twitterbot/1.0" 
199.16.156.125 - - [05/Apr/2015:13:59:32 -0700] "GET /honeypot/Honeypot%20-%20Howto.pdf HTTP/1.1" 200 1279362 "-" "Twitterbot/1.0" 
66.249.83.128 - - [05/Apr/2015:14:08:37 -0700] "GET / HTTP/1.1" 200 6885 "-" "Mozilla/5.0 (Windows NT 6.1; rv:6.0) Gecko/20110814 Firefox/6.0 Google favicon" 
66.249.83.128 - - [05/Apr/2015:14:08:37 -0700] "GET /bootstrap/img/favicon.ico HTTP/1.1" 200 589 "-" "Mozilla/5.0 (Windows NT 6.1; rv:6.0) Gecko/20110814 Firefox/6.0 Google favicon" 
104.130.161.115 - - [05/Apr/2015:14:27:21 -0700] "GET /honeypot/BSidesDFW%20-%202014.ipynb HTTP/1.1" 301 484 "-" "Tornado-Async-Client" 
104.130.161.115 - - [05/Apr/2015:14:27:21 -0700] "GET /honeypot/BSidesDFW%20-%202014.ipynb HTTP/1.1" 200 930780 "-" "Tornado-Async-Client" 
199.16.156.126 - - [05/Apr/2015:14:36:25 -0700] "GET /robots.txt HTTP/1.1" 200 304 "-" "Twitterbot/1.0" 
199.16.156.126 - - [05/Apr/2015:14:36:25 -0700] "GET /honeypot/Honeypot%20-%20Howto.pdf HTTP/1.1" 200 1279362 "-" "Twitterbot/1.0" 
104.130.161.115 - - [05/Apr/2015:15:14:29 -0700] "GET /honeypot/BSidesDFW%20-%202014.ipynb HTTP/1.1" 301 484 "-" "Tornado-Async-Client" 
104.130.161.115 - - [05/Apr/2015:15:14:29 -0700] "GET /honeypot/BSidesDFW%20-%202014.ipynb HTTP/1.1" 200 930780 "-" "Tornado-Async-Client" 
199.16.156.125 - - [05/Apr/2015:15:20:38 -0700] "GET /robots.txt HTTP/1.1" 200 304 "-" "Twitterbot/1.0" 
199.16.156.125 - - [05/Apr/2015:15:20:38 -0700] "GET /honeypot/Honeypot%20-%20Howto.pdf HTTP/1.1" 200 1279362 "-" "Twitterbot/1.0" 
62.210.180.9 - - [05/Apr/2015:15:22:43 -0700] "GET /honeypot/BSidesDFW HTTP/1.0" 404 284 "http://www.secrepo.com/honeypot/BSidesDFW" "Mozilla/5.0 (Windows NT 6.3) AppleWebKit/537.36 (KHTML, like Gecko) Chrome/39.0.2171.71 Safari/537.36" 
62.210.180.9 - - [05/Apr/2015:15:22:43 -0700] "GET / HTTP/1.0" 200 22508 "http://www.secrepo.com/" "Mozilla/5.0 (Windows NT 6.3) AppleWebKit/537.36 (KHTML, like Gecko) Chrome/39.0.2171.71 Safari/537.36" 
109.120.157.179 - - [05/Apr/2015:15:27:55 -0700] "GET / HTTP/1.1" 200 22463 "http://chimiver.info/" "Mozilla/5.0 (compatible; Add Catalog/2.1;)" 
109.120.157.179 - - [05/Apr/2015:15:27:55 -0700] "GET / HTTP/1.1" 200 22463 "http://chimiver.info/" "Mozilla/5.0 (compatible; Add Catalog/2.1;)" 
109.120.157.179 - - [05/Apr/2015:15:27:56 -0700] "GET / HTTP/1.1" 200 22463 "http://chimiver.info/" "Mozilla/5.0 (compatible; Add Catalog/2.1;)" 
104.130.161.115 - - [05/Apr/2015:15:52:38 -0700] "GET /honeypot/BSidesDFW%20-%202014.ipynb HTTP/1.1" 301 484 "-" "Tornado-Async-Client" 
104.130.161.115 - - [05/Apr/2015:15:52:38 -0700] "GET /honeypot/BSidesDFW%20-%202014.ipynb HTTP/1.1" 200 930780 "-" "Tornado-Async-Client" 
66.249.67.160 - - [05/Apr/2015:16:04:54 -0700] "GET /honeypot/BSidesDFW%20-%202014.ipynb HTTP/1.1" 304 167 "-" "Mozilla/5.0 (compatible; Googlebot/2.1; +http://www.google.com/bot.html)" 
104.130.161.115 - - [05/Apr/2015:16:05:55 -0700] "GET /honeypot/BSidesDFW%20-%202014.ipynb HTTP/1.1" 301 484 "-" "Tornado-Async-Client" 
104.130.161.115 - - [05/Apr/2015:16:05:55 -0700] "GET /honeypot/BSidesDFW%20-%202014.ipynb HTTP/1.1" 200 930780 "-" "Tornado-Async-Client" 
62.210.206.26 - - [05/Apr/2015:16:05:55 -0700] "GET /honeypot/BSidesDFW%20-%202014.ipynb HTTP/1.1" 200 465740 "-" "Mozilla/4.0 (compatible; MSIE 6.0; Windows NT 5.1; SV1; Mozilla/4.0 (compatible; MSIE 6.0; Windows NT 5.1; SV1) ; .NET CLR 1.0.3705)" 
62.210.206.26 - - [05/Apr/2015:16:05:57 -0700] "POST /honeypot/BSidesDFW%20-%202014.ipynb/trackback/ HTTP/1.1" 404 303 "http://www.secrepo.com/honeypot/BSidesDFW - 2014.ipynb" "Mozilla/4.0 (compatible; MSIE 6.0; Windows NT 5.1; SV1; Mozilla/4.0 (compatible; MSIE 6.0; Windows NT 5.1; SV1) )" 
199.16.156.125 - - [05/Apr/2015:16:24:45 -0700] "GET /robots.txt HTTP/1.1" 200 304 "-" "Twitterbot/1.0" 
199.16.156.125 - - [05/Apr/2015:16:24:45 -0700] "GET /honeypot/Honeypot%20-%20Howto.pdf HTTP/1.1" 200 1279362 "-" "Twitterbot/1.0" 
199.21.99.218 - - [05/Apr/2015:17:08:52 -0700] "GET /robots.txt HTTP/1.1" 200 289 "-" "Mozilla/5.0 (compatible; YandexBot/3.0; +http://yandex.com/bots)" 
199.21.99.218 - - [05/Apr/2015:17:08:52 -0700] "GET /robots.txt HTTP/1.1" 301 517 "-" "Mozilla/5.0 (compatible; YandexBot/3.0; +http://yandex.com/bots)" 
100.43.85.5 - - [05/Apr/2015:17:08:54 -0700] "GET / HTTP/1.1" 200 6885 "-" "Mozilla/5.0 (compatible; YandexBot/3.0; +http://yandex.com/bots)" 
199.21.99.218 - - [05/Apr/2015:17:08:54 -0700] "GET / HTTP/1.1" 301 483 "-" "Mozilla/5.0 (compatible; YandexBot/3.0; +http://yandex.com/bots)" 
199.21.99.218 - - [05/Apr/2015:17:08:57 -0700] "GET / HTTP/1.1" 200 6885 "-" "Mozilla/5.0 (compatible; YandexBot/3.0; +http://yandex.com/bots)" 
199.16.156.125 - - [05/Apr/2015:17:09:22 -0700] "GET /robots.txt HTTP/1.1" 200 304 "-" "Twitterbot/1.0" 
199.16.156.125 - - [05/Apr/2015:17:09:22 -0700] "GET /honeypot/Honeypot%20-%20Howto.pdf HTTP/1.1" 200 1279362 "-" "Twitterbot/1.0" 
157.55.39.35 - - [05/Apr/2015:17:47:51 -0700] "GET / HTTP/1.1" 301 483 "-" "Mozilla/5.0 (compatible; bingbot/2.0; +http://www.bing.com/bingbot.htm)" 
157.55.39.35 - - [05/Apr/2015:17:50:48 -0700] "GET / HTTP/1.1" 200 6885 "-" "Mozilla/5.0 (compatible; bingbot/2.0; +http://www.bing.com/bingbot.htm)" 
199.59.148.210 - - [05/Apr/2015:17:54:29 -0700] "GET /robots.txt HTTP/1.1" 200 304 "-" "Twitterbot/1.0" 
199.59.148.210 - - [05/Apr/2015:17:54:29 -0700] "GET /honeypot/Honeypot%20-%20Howto.pdf HTTP/1.1" 200 1279362 "-" "Twitterbot/1.0" 
66.249.67.8 - - [05/Apr/2015:18:07:13 -0700] "GET /robots.txt HTTP/1.1" 200 334 "-" "Mozilla/5.0 (compatible; Googlebot/2.1; +http://www.google.com/bot.html)" 
66.249.67.152 - - [05/Apr/2015:18:07:14 -0700] "GET / HTTP/1.1" 200 6885 "-" "Mozilla/5.0 (compatible; Googlebot/2.1; +http://www.google.com/bot.html)" 
186.250.9.33 - - [05/Apr/2015:18:15:28 -0700] "GET / HTTP/1.1" 301 483 "http://best-seo-solution.com/try.php?u=http://secrepo.com" "Mozilla/5.0 (Windows NT 6.1; WOW64) AppleWebKit/537.36 (KHTML, like Gecko) Chrome/36.0.1985.143 Safari/537.36" 
186.250.9.33 - - [05/Apr/2015:18:15:29 -0700] "GET / HTTP/1.1" 200 6885 "http://best-seo-solution.com/try.php?u=http://secrepo.com" "Mozilla/5.0 (Windows NT 6.1; WOW64) AppleWebKit/537.36 (KHTML, like Gecko) Chrome/36.0.1985.143 Safari/537.36" 
186.250.9.33 - - [05/Apr/2015:18:15:29 -0700] "GET /twitter-icon.png HTTP/1.1" 200 27787 "http://www.secrepo.com/" "Mozilla/5.0 (Windows NT 6.1; WOW64) AppleWebKit/537.36 (KHTML, like Gecko) Chrome/36.0.1985.143 Safari/537.36" 
199.16.156.125 - - [05/Apr/2015:18:39:10 -0700] "GET /robots.txt HTTP/1.1" 200 304 "-" "Twitterbot/1.0" 
199.16.156.125 - - [05/Apr/2015:18:39:10 -0700] "GET /honeypot/Honeypot%20-%20Howto.pdf HTTP/1.1" 200 1279362 "-" "Twitterbot/1.0" 
89.169.4.244 - - [05/Apr/2015:18:44:31 -0700] "GET /honeypot/BSidesDFW%20-%202014.ipynb HTTP/1.1" 200 930836 "http://www.secrepo.com/" "Mozilla/5.0 (Macintosh; Intel Mac OS X 10.9; rv:35.0) Gecko/20100101 Firefox/35.0" 
199.59.148.209 - - [05/Apr/2015:18:53:02 -0700] "GET /robots.txt HTTP/1.1" 200 304 "-" "Twitterbot/1.0" 
199.59.148.209 - - [05/Apr/2015:18:53:03 -0700] "GET /honeypot/Honeypot%20-%20Howto.pdf HTTP/1.1" 200 1279362 "-" "Twitterbot/1.0" 
91.200.12.27 - - [05/Apr/2015:19:31:42 -0700] "GET /honeypot/BSidesDFW HTTP/1.0" 301 497 "http://secrepo.com/honeypot/BSidesDFW" "Mozilla/5.0 (Windows NT 6.1) AppleWebKit/537.36 (KHTML, like Gecko) Chrome/37.0.2062.124 YaBrowser/14.10.2062.12061 Safari/537.36" 
91.200.12.27 - - [05/Apr/2015:19:31:42 -0700] "GET /honeypot/BSidesDFW HTTP/1.0" 404 284 "http://www.secrepo.com/honeypot/BSidesDFW" "Mozilla/5.0 (Windows NT 6.1) AppleWebKit/537.36 (KHTML, like Gecko) Chrome/37.0.2062.124 YaBrowser/14.10.2062.12061 Safari/537.36" 
199.16.156.124 - - [05/Apr/2015:19:51:44 -0700] "GET /robots.txt HTTP/1.1" 200 304 "-" "Twitterbot/1.0" 
199.16.156.124 - - [05/Apr/2015:19:51:44 -0700] "GET /honeypot/Honeypot%20-%20Howto.pdf HTTP/1.1" 200 1279362 "-" "Twitterbot/1.0" 
45.56.101.116 - - [05/Apr/2015:19:56:17 -0700] "HEAD / HTTP/1.1" 301 246 "-" "-" 
45.56.101.116 - - [05/Apr/2015:19:56:17 -0700] "GET / HTTP/1.1" 200 22519 "-" "-" 
181.52.101.248 - - [05/Apr/2015:20:20:28 -0700] "GET / HTTP/1.1" 301 483 "http://best-seo-solution.com/try.php?u=http://secrepo.com" "Mozilla/5.0 (Windows NT 6.1; WOW64) AppleWebKit/537.36 (KHTML, like Gecko) Chrome/32.0.1700.107 Safari/537.36" 
181.52.101.248 - - [05/Apr/2015:20:20:29 -0700] "GET / HTTP/1.1" 200 6885 "http://best-seo-solution.com/try.php?u=http://secrepo.com" "Mozilla/5.0 (Windows NT 6.1; WOW64) AppleWebKit/537.36 (KHTML, like Gecko) Chrome/32.0.1700.107 Safari/537.36" 
181.52.101.248 - - [05/Apr/2015:20:20:30 -0700] "GET /twitter-icon.png HTTP/1.1" 200 27787 "http://www.secrepo.com/" "Mozilla/5.0 (Windows NT 6.1; WOW64) AppleWebKit/537.36 (KHTML, like Gecko) Chrome/32.0.1700.107 Safari/537.36" 
199.16.156.124 - - [05/Apr/2015:20:35:20 -0700] "GET /robots.txt HTTP/1.1" 200 304 "-" "Twitterbot/1.0" 
199.16.156.124 - - [05/Apr/2015:20:35:20 -0700] "GET /honeypot/Honeypot%20-%20Howto.pdf HTTP/1.1" 200 1279362 "-" "Twitterbot/1.0" 
66.249.67.8 - - [05/Apr/2015:21:40:34 -0700] "GET /honeypot/BSidesDFW%20-%202014.ipynb HTTP/1.1" 304 167 "-" "Mozilla/5.0 (compatible; Googlebot/2.1; +http://www.google.com/bot.html)" 
180.76.4.39 - - [05/Apr/2015:23:53:35 -0700] "GET / HTTP/1.1" 200 17520 "-" "Mozilla/4.0 (compatible; MSIE 7.0; Windows NT 6.0)" 
104.130.161.114 - - [06/Apr/2015:01:08:59 -0700] "GET /honeypot/BSidesDFW%20-%202014.ipynb HTTP/1.1" 301 484 "-" "Tornado-Async-Client" 
104.130.161.114 - - [06/Apr/2015:01:08:59 -0700] "GET /honeypot/BSidesDFW%20-%202014.ipynb HTTP/1.1" 200 930780 "-" "Tornado-Async-Client" 
52.5.163.121 - - [06/Apr/2015:01:10:14 -0700] "GET / HTTP/1.1" 200 6829 "-" "Mozilla/5.0 (Windows; U; Windows NT 5.1; en-US; rv:1.7.8) Gecko/20050511 Firefox/1.0.4" 
52.5.163.121 - - [06/Apr/2015:01:10:14 -0700] "GET / HTTP/1.1" 200 6829 "-" "Mozilla/5.0 (Windows; U; Windows NT 5.1; en-US; rv:1.7.8) Gecko/20050511 Firefox/1.0.4" 
52.5.163.121 - - [06/Apr/2015:01:10:14 -0700] "GET / HTTP/1.1" 200 6829 "-" "Mozilla/5.0 (Windows; U; Windows NT 5.1; en-US; rv:1.7.8) Gecko/20050511 Firefox/1.0.4" 
52.5.163.121 - - [06/Apr/2015:01:10:20 -0700] "GET / HTTP/1.1" 200 6829 "-" "Mozilla/5.0 (Windows; U; Windows NT 5.1; en-US; rv:1.7.8) Gecko/20050511 Firefox/1.0.4" 
52.5.163.121 - - [06/Apr/2015:01:10:21 -0700] "GET / HTTP/1.1" 200 6829 "-" "Mozilla/5.0 (Windows; U; Windows NT 5.1; en-US; rv:1.7.8) Gecko/20050511 Firefox/1.0.4" 
52.5.163.121 - - [06/Apr/2015:01:10:55 -0700] "GET / HTTP/1.1" 200 6829 "-" "Mozilla/5.0 (Windows; U; Windows NT 5.1; en-US; rv:1.7.8) Gecko/20050511 Firefox/1.0.4" 
