51.255.71.110 - - [10/Jun/2017:13:51:21 -0700] "GET /self.logs/access.log.2017-04-16.gz HTTP/1.1" 200 15279 "-" "Mozilla/5.0 (compatible; AhrefsBot/5.2; +http://ahrefs.com/robot/)" 
217.182.132.157 - - [10/Jun/2017:13:52:26 -0700] "GET /self.logs/access.log.2016-10-01.gz HTTP/1.1" 200 6068 "-" "Mozilla/5.0 (compatible; AhrefsBot/5.2; +http://ahrefs.com/robot/)" 
217.182.132.30 - - [10/Jun/2017:13:52:29 -0700] "GET /self.logs/error.log.2015-02-14.gz HTTP/1.1" 200 9833 "-" "Mozilla/5.0 (compatible; AhrefsBot/5.2; +http://ahrefs.com/robot/)" 
213.208.157.7 - - [10/Jun/2017:13:53:55 -0700] "GET / HTTP/1.1" 200 10793 "-" "Mozilla/5.0 (Macintosh; Intel Mac OS X 10_10_5) AppleWebKit/537.36 (KHTML, like Gecko) Chrome/58.0.3029.110 Safari/537.36" 
213.208.157.7 - - [10/Jun/2017:13:53:57 -0700] "GET /twitter-icon.png HTTP/1.1" 200 27788 "http://www.secrepo.com/" "Mozilla/5.0 (Macintosh; Intel Mac OS X 10_10_5) AppleWebKit/537.36 (KHTML, like Gecko) Chrome/58.0.3029.110 Safari/537.36" 
213.208.157.7 - - [10/Jun/2017:13:53:57 -0700] "GET /GitHub-Mark.png HTTP/1.1" 200 7428 "http://www.secrepo.com/" "Mozilla/5.0 (Macintosh; Intel Mac OS X 10_10_5) AppleWebKit/537.36 (KHTML, like Gecko) Chrome/58.0.3029.110 Safari/537.36" 
213.208.157.7 - - [10/Jun/2017:13:54:00 -0700] "GET /bootstrap/img/favicon.ico HTTP/1.1" 200 590 "http://www.secrepo.com/" "Mozilla/5.0 (Macintosh; Intel Mac OS X 10_10_5) AppleWebKit/537.36 (KHTML, like Gecko) Chrome/58.0.3029.110 Safari/537.36" 
216.244.66.227 - - [10/Jun/2017:14:01:15 -0700] "GET /robots.txt HTTP/1.1" 200 233 "-" "Mozilla/5.0 (compatible; DotBot/1.1; http://www.opensiteexplorer.org/dotbot, help@moz.com)" 
64.62.252.162 - - [10/Jun/2017:14:11:46 -0700] "GET /robots.txt HTTP/1.1" 200 334 "-" "BUbiNG (+http://law.di.unimi.it/BUbiNG.html)" 
64.62.252.162 - - [10/Jun/2017:14:11:46 -0700] "GET / HTTP/1.1" 200 10792 "-" "BUbiNG (+http://law.di.unimi.it/BUbiNG.html)" 
216.244.66.227 - - [10/Jun/2017:14:17:33 -0700] "GET /self.logs/access.log.2015-02-13.gz HTTP/1.1" 200 15472 "-" "Mozilla/5.0 (compatible; DotBot/1.1; http://www.opensiteexplorer.org/dotbot, help@moz.com)" 
216.244.66.227 - - [10/Jun/2017:14:17:34 -0700] "GET /self.logs/access.log.2015-03-15.gz HTTP/1.1" 200 5362 "-" "Mozilla/5.0 (compatible; DotBot/1.1; http://www.opensiteexplorer.org/dotbot, help@moz.com)" 
216.244.66.227 - - [10/Jun/2017:14:17:35 -0700] "GET /self.logs/access.log.2015-09-30.gz HTTP/1.1" 200 4973 "-" "Mozilla/5.0 (compatible; DotBot/1.1; http://www.opensiteexplorer.org/dotbot, help@moz.com)" 
216.244.66.227 - - [10/Jun/2017:14:17:37 -0700] "GET /self.logs/access.log.2016-05-17.gz HTTP/1.1" 200 13650 "-" "Mozilla/5.0 (compatible; DotBot/1.1; http://www.opensiteexplorer.org/dotbot, help@moz.com)" 
216.244.66.227 - - [10/Jun/2017:14:17:38 -0700] "GET /self.logs/error.log.2015-03-15.gz HTTP/1.1" 200 1069 "-" "Mozilla/5.0 (compatible; DotBot/1.1; http://www.opensiteexplorer.org/dotbot, help@moz.com)" 
216.244.66.227 - - [10/Jun/2017:14:17:39 -0700] "GET /self.logs/error.log.2016-07-16.gz HTTP/1.1" 200 786 "-" "Mozilla/5.0 (compatible; DotBot/1.1; http://www.opensiteexplorer.org/dotbot, help@moz.com)" 
216.244.66.227 - - [10/Jun/2017:14:17:41 -0700] "GET /self.logs/error.log.2016-07-30.gz HTTP/1.1" 200 1038 "-" "Mozilla/5.0 (compatible; DotBot/1.1; http://www.opensiteexplorer.org/dotbot, help@moz.com)" 
216.244.66.227 - - [10/Jun/2017:14:17:42 -0700] "GET /self.logs/error.log.2016-08-10.gz HTTP/1.1" 200 586 "-" "Mozilla/5.0 (compatible; DotBot/1.1; http://www.opensiteexplorer.org/dotbot, help@moz.com)" 
216.244.66.227 - - [10/Jun/2017:14:17:43 -0700] "GET /self.logs/error.log.2017-02-20.gz HTTP/1.1" 200 911 "-" "Mozilla/5.0 (compatible; DotBot/1.1; http://www.opensiteexplorer.org/dotbot, help@moz.com)" 
123.125.71.52 - - [10/Jun/2017:14:21:47 -0700] "GET /robots.txt HTTP/1.1" 200 297 "-" "Mozilla/5.0 (compatible; Baiduspider/2.0; +http://www.baidu.com/search/spider.html)" 
216.244.66.250 - - [10/Jun/2017:14:23:44 -0700] "GET /robots.txt HTTP/1.1" 200 233 "-" "Mozilla/5.0 (compatible; DotBot/1.1; http://www.opensiteexplorer.org/dotbot, help@moz.com)" 
89.138.194.176 - - [10/Jun/2017:14:29:50 -0700] "GET /wp-login.php HTTP/1.1" 301 522 "-" "Mozilla/5.0 (Windows NT 6.1; WOW64; rv:40.0) Gecko/20100101 Firefox/40.1" 
89.138.194.176 - - [10/Jun/2017:14:29:51 -0700] "GET /wp-login.php HTTP/1.1" 404 295 "-" "Mozilla/5.0 (Windows NT 6.1; WOW64; rv:40.0) Gecko/20100101 Firefox/40.1" 
89.138.194.176 - - [10/Jun/2017:14:29:56 -0700] "GET /wp-login.php HTTP/1.1" 301 522 "-" "Mozilla/5.0 (Windows NT 6.1; WOW64; rv:40.0) Gecko/20100101 Firefox/40.1" 
89.138.194.176 - - [10/Jun/2017:14:29:57 -0700] "GET /wp-login.php HTTP/1.1" 404 295 "-" "Mozilla/5.0 (Windows NT 6.1; WOW64; rv:40.0) Gecko/20100101 Firefox/40.1" 
89.138.194.176 - - [10/Jun/2017:14:30:02 -0700] "GET / HTTP/1.1" 301 498 "-" "Mozilla/5.0 (Windows NT 6.1; WOW64; rv:40.0) Gecko/20100101 Firefox/40.1" 
89.138.194.176 - - [10/Jun/2017:14:30:03 -0700] "GET / HTTP/1.1" 200 36475 "-" "Mozilla/5.0 (Windows NT 6.1; WOW64; rv:40.0) Gecko/20100101 Firefox/40.1" 
82.48.76.30 - - [10/Jun/2017:14:38:13 -0700] "GET /wp-login.php HTTP/1.1" 301 522 "-" "Mozilla/5.0 (Windows NT 6.1; WOW64; rv:40.0) Gecko/20100101 Firefox/40.1" 
82.48.76.30 - - [10/Jun/2017:14:38:13 -0700] "GET /wp-login.php HTTP/1.1" 404 295 "-" "Mozilla/5.0 (Windows NT 6.1; WOW64; rv:40.0) Gecko/20100101 Firefox/40.1" 
82.48.76.30 - - [10/Jun/2017:14:38:19 -0700] "GET /wp-login.php HTTP/1.1" 301 522 "-" "Mozilla/5.0 (Windows NT 6.1; WOW64; rv:40.0) Gecko/20100101 Firefox/40.1" 
82.48.76.30 - - [10/Jun/2017:14:38:19 -0700] "GET /wp-login.php HTTP/1.1" 404 295 "-" "Mozilla/5.0 (Windows NT 6.1; WOW64; rv:40.0) Gecko/20100101 Firefox/40.1" 
82.48.76.30 - - [10/Jun/2017:14:38:24 -0700] "GET / HTTP/1.1" 301 498 "-" "Mozilla/5.0 (Windows NT 6.1; WOW64; rv:40.0) Gecko/20100101 Firefox/40.1" 
82.48.76.30 - - [10/Jun/2017:14:38:25 -0700] "GET / HTTP/1.1" 200 36475 "-" "Mozilla/5.0 (Windows NT 6.1; WOW64; rv:40.0) Gecko/20100101 Firefox/40.1" 
217.182.132.19 - - [10/Jun/2017:14:41:50 -0700] "GET /self.logs/access.log.2015-06-05.gz HTTP/1.1" 200 4046 "-" "Mozilla/5.0 (compatible; AhrefsBot/5.2; +http://ahrefs.com/robot/)" 
177.4.80.103 - - [10/Jun/2017:14:44:31 -0700] "GET /wp-login.php HTTP/1.1" 404 295 "-" "Mozilla/5.0 (Windows NT 6.1; WOW64; rv:40.0) Gecko/20100101 Firefox/40.1" 
216.244.66.227 - - [10/Jun/2017:14:44:33 -0700] "GET /robots.txt HTTP/1.1" 200 233 "-" "Mozilla/5.0 (compatible; DotBot/1.1; http://www.opensiteexplorer.org/dotbot, help@moz.com)" 
177.4.80.103 - - [10/Jun/2017:14:44:36 -0700] "GET /wp-login.php HTTP/1.1" 404 295 "-" "Mozilla/5.0 (Windows NT 6.1; WOW64; rv:40.0) Gecko/20100101 Firefox/40.1" 
177.4.80.103 - - [10/Jun/2017:14:44:42 -0700] "GET / HTTP/1.1" 200 36475 "-" "Mozilla/5.0 (Windows NT 6.1; WOW64; rv:40.0) Gecko/20100101 Firefox/40.1" 
216.244.66.227 - - [10/Jun/2017:15:00:59 -0700] "GET /self.logs/access.log.2016-06-11.gz HTTP/1.1" 200 7616 "-" "Mozilla/5.0 (compatible; DotBot/1.1; http://www.opensiteexplorer.org/dotbot, help@moz.com)" 
216.244.66.227 - - [10/Jun/2017:15:01:01 -0700] "GET /self.logs/access.log.2016-08-05.gz HTTP/1.1" 200 15876 "-" "Mozilla/5.0 (compatible; DotBot/1.1; http://www.opensiteexplorer.org/dotbot, help@moz.com)" 
216.244.66.227 - - [10/Jun/2017:15:01:02 -0700] "GET /self.logs/access.log.2016-10-14.gz HTTP/1.1" 200 7072 "-" "Mozilla/5.0 (compatible; DotBot/1.1; http://www.opensiteexplorer.org/dotbot, help@moz.com)" 
216.244.66.227 - - [10/Jun/2017:15:01:04 -0700] "GET /self.logs/error.log.2015-03-25.gz HTTP/1.1" 200 862 "-" "Mozilla/5.0 (compatible; DotBot/1.1; http://www.opensiteexplorer.org/dotbot, help@moz.com)" 
216.244.66.227 - - [10/Jun/2017:15:01:05 -0700] "GET /self.logs/error.log.2015-12-20.gz HTTP/1.1" 200 1329 "-" "Mozilla/5.0 (compatible; DotBot/1.1; http://www.opensiteexplorer.org/dotbot, help@moz.com)" 
216.244.66.227 - - [10/Jun/2017:15:01:07 -0700] "GET /self.logs/error.log.2016-08-08.gz HTTP/1.1" 200 826 "-" "Mozilla/5.0 (compatible; DotBot/1.1; http://www.opensiteexplorer.org/dotbot, help@moz.com)" 
46.153.92.107 - - [10/Jun/2017:15:13:57 -0700] "GET /bootstrap/img/favicon.ico HTTP/1.1" 200 590 "-" "Mozilla/5.0 (Windows NT 6.3; WOW64; rv:53.0) Gecko/20100101 Firefox/53.0" 
175.143.67.177 - - [10/Jun/2017:15:14:41 -0700] "GET /wp-login.php HTTP/1.1" 301 522 "-" "Mozilla/5.0 (Windows NT 6.1; WOW64; rv:40.0) Gecko/20100101 Firefox/40.1" 
175.143.67.177 - - [10/Jun/2017:15:14:42 -0700] "GET /wp-login.php HTTP/1.1" 404 295 "-" "Mozilla/5.0 (Windows NT 6.1; WOW64; rv:40.0) Gecko/20100101 Firefox/40.1" 
175.143.67.177 - - [10/Jun/2017:15:14:48 -0700] "GET /wp-login.php HTTP/1.1" 301 522 "-" "Mozilla/5.0 (Windows NT 6.1; WOW64; rv:40.0) Gecko/20100101 Firefox/40.1" 
175.143.67.177 - - [10/Jun/2017:15:14:49 -0700] "GET /wp-login.php HTTP/1.1" 404 295 "-" "Mozilla/5.0 (Windows NT 6.1; WOW64; rv:40.0) Gecko/20100101 Firefox/40.1" 
175.143.67.177 - - [10/Jun/2017:15:14:54 -0700] "GET / HTTP/1.1" 301 498 "-" "Mozilla/5.0 (Windows NT 6.1; WOW64; rv:40.0) Gecko/20100101 Firefox/40.1" 
175.143.67.177 - - [10/Jun/2017:15:14:55 -0700] "GET / HTTP/1.1" 200 36475 "-" "Mozilla/5.0 (Windows NT 6.1; WOW64; rv:40.0) Gecko/20100101 Firefox/40.1" 
164.132.161.6 - - [10/Jun/2017:15:20:15 -0700] "GET /self.logs/access.log.2016-03-03.gz HTTP/1.1" 200 14175 "-" "Mozilla/5.0 (compatible; AhrefsBot/5.2; +http://ahrefs.com/robot/)" 
192.187.100.58 - - [10/Jun/2017:15:26:19 -0700] "POST / HTTP/1.1" 200 36464 "http://www.secrepo.com/wp-admin/" "Mozilla/5.0 (Windows; Windows NT 5.1; en-US) Firefox/3.5.0" 
192.187.100.58 - - [10/Jun/2017:15:26:19 -0700] "GET /wp-content/uploads/51217766.php HTTP/1.1" 404 239 "-" "Mozilla/5.0 (compatible; MSIE 9.0; Windows NT 6.1; Trident/5.0)" 
192.187.100.58 - - [10/Jun/2017:15:26:19 -0700] "POST / HTTP/1.1" 200 36464 "http://www.secrepo.com/wp-admin/" "Mozilla/5.0 (Windows; Windows NT 5.1; en-US) Firefox/3.5.0" 
192.187.100.58 - - [10/Jun/2017:15:26:20 -0700] "GET /wp-content/uploads/51217766.php HTTP/1.1" 404 239 "-" "Mozilla/5.0 (compatible; MSIE 9.0; Windows NT 6.1; Trident/5.0)" 
192.187.100.58 - - [10/Jun/2017:15:26:20 -0700] "POST /uploadify/uploadify.php?folder=/ HTTP/1.1" 404 284 "http://www.secrepo.com/wp-admin/" "Mozilla/5.0 (Windows; Windows NT 5.1; en-US) Firefox/3.5.0" 
192.187.100.58 - - [10/Jun/2017:15:26:21 -0700] "POST /uploadify/uploadify.php?folder=/ HTTP/1.1" 404 284 "http://www.secrepo.com/wp-admin/" "Mozilla/5.0 (Windows; Windows NT 5.1; en-US) Firefox/3.5.0" 
192.187.100.58 - - [10/Jun/2017:15:26:21 -0700] "POST /wp-admin/admin-ajax.php HTTP/1.1" 404 284 "http://www.secrepo.com/wp-admin/" "Mozilla/5.0 (Windows; Windows NT 5.1; en-US) Firefox/3.5.0" 
192.187.100.58 - - [10/Jun/2017:15:26:21 -0700] "POST /wp-admin/admin-ajax.php HTTP/1.1" 404 284 "http://www.secrepo.com/wp-admin/" "Mozilla/5.0 (Windows; Windows NT 5.1; en-US) Firefox/3.5.0" 
192.187.100.58 - - [10/Jun/2017:15:26:21 -0700] "POST /license.php HTTP/1.1" 404 284 "http://www.secrepo.com/wp-admin/" "Mozilla/5.0 (Windows; Windows NT 5.1; en-US) Firefox/3.5.0" 
192.187.100.58 - - [10/Jun/2017:15:26:22 -0700] "POST /license.php HTTP/1.1" 404 284 "http://www.secrepo.com/wp-admin/" "Mozilla/5.0 (Windows; Windows NT 5.1; en-US) Firefox/3.5.0" 
164.132.161.29 - - [10/Jun/2017:15:26:32 -0700] "GET /self.logs/error.log.2015-10-28.gz HTTP/1.1" 200 783 "-" "Mozilla/5.0 (compatible; AhrefsBot/5.2; +http://ahrefs.com/robot/)" 
177.4.80.103 - - [10/Jun/2017:15:29:04 -0700] "GET /wp-login.php HTTP/1.1" 301 522 "-" "Mozilla/5.0 (Windows NT 6.1; WOW64; rv:40.0) Gecko/20100101 Firefox/40.1" 
177.4.80.103 - - [10/Jun/2017:15:29:04 -0700] "GET /wp-login.php HTTP/1.1" 404 295 "-" "Mozilla/5.0 (Windows NT 6.1; WOW64; rv:40.0) Gecko/20100101 Firefox/40.1" 
177.4.80.103 - - [10/Jun/2017:15:29:10 -0700] "GET /wp-login.php HTTP/1.1" 301 522 "-" "Mozilla/5.0 (Windows NT 6.1; WOW64; rv:40.0) Gecko/20100101 Firefox/40.1" 
177.4.80.103 - - [10/Jun/2017:15:29:10 -0700] "GET /wp-login.php HTTP/1.1" 404 295 "-" "Mozilla/5.0 (Windows NT 6.1; WOW64; rv:40.0) Gecko/20100101 Firefox/40.1" 
177.4.80.103 - - [10/Jun/2017:15:29:15 -0700] "GET / HTTP/1.1" 301 498 "-" "Mozilla/5.0 (Windows NT 6.1; WOW64; rv:40.0) Gecko/20100101 Firefox/40.1" 
177.4.80.103 - - [10/Jun/2017:15:29:16 -0700] "GET / HTTP/1.1" 200 36475 "-" "Mozilla/5.0 (Windows NT 6.1; WOW64; rv:40.0) Gecko/20100101 Firefox/40.1" 
109.241.246.34 - - [10/Jun/2017:15:34:23 -0700] "GET /wp-login.php HTTP/1.1" 404 295 "-" "Mozilla/5.0 (Windows NT 6.1; WOW64; rv:40.0) Gecko/20100101 Firefox/40.1" 
109.241.246.34 - - [10/Jun/2017:15:34:28 -0700] "GET /wp-login.php HTTP/1.1" 404 295 "-" "Mozilla/5.0 (Windows NT 6.1; WOW64; rv:40.0) Gecko/20100101 Firefox/40.1" 
109.241.246.34 - - [10/Jun/2017:15:34:33 -0700] "GET / HTTP/1.1" 200 36475 "-" "Mozilla/5.0 (Windows NT 6.1; WOW64; rv:40.0) Gecko/20100101 Firefox/40.1" 
216.244.66.227 - - [10/Jun/2017:15:38:49 -0700] "GET /robots.txt HTTP/1.1" 200 233 "-" "Mozilla/5.0 (compatible; DotBot/1.1; http://www.opensiteexplorer.org/dotbot, help@moz.com)" 
207.46.13.16 - - [10/Jun/2017:15:47:51 -0700] "GET /maccdc2012/tunnel.log.gz HTTP/1.1" 200 5229 "-" "Mozilla/5.0 (compatible; bingbot/2.0; +http://www.bing.com/bingbot.htm)" 
216.244.66.227 - - [10/Jun/2017:15:49:24 -0700] "GET /honeypot/Honeypot%20-%20Howto.pdf HTTP/1.1" 200 1279362 "-" "Mozilla/5.0 (compatible; DotBot/1.1; http://www.opensiteexplorer.org/dotbot, help@moz.com)" 
120.221.1.28 - - [10/Jun/2017:15:49:33 -0700] "GET /maccdc2012/files.log.gz HTTP/1.1" 304 155 "-" "Mozilla/5.0 Gecko/20100115 Firefox/3.6" 
216.244.66.227 - - [10/Jun/2017:15:55:37 -0700] "GET /self.logs/access.log.2016-01-25.gz HTTP/1.1" 200 6559 "-" "Mozilla/5.0 (compatible; DotBot/1.1; http://www.opensiteexplorer.org/dotbot, help@moz.com)" 
216.244.66.227 - - [10/Jun/2017:15:55:39 -0700] "GET /self.logs/error.log.2015-05-21.gz HTTP/1.1" 200 721 "-" "Mozilla/5.0 (compatible; DotBot/1.1; http://www.opensiteexplorer.org/dotbot, help@moz.com)" 
216.244.66.227 - - [10/Jun/2017:15:55:40 -0700] "GET /self.logs/error.log.2015-10-04.gz HTTP/1.1" 200 865 "-" "Mozilla/5.0 (compatible; DotBot/1.1; http://www.opensiteexplorer.org/dotbot, help@moz.com)" 
216.244.66.227 - - [10/Jun/2017:15:55:42 -0700] "GET /self.logs/error.log.2016-04-02.gz HTTP/1.1" 200 557 "-" "Mozilla/5.0 (compatible; DotBot/1.1; http://www.opensiteexplorer.org/dotbot, help@moz.com)" 
216.244.66.227 - - [10/Jun/2017:15:55:43 -0700] "GET /self.logs/error.log.2016-06-18.gz HTTP/1.1" 200 741 "-" "Mozilla/5.0 (compatible; DotBot/1.1; http://www.opensiteexplorer.org/dotbot, help@moz.com)" 
216.244.66.227 - - [10/Jun/2017:15:55:44 -0700] "GET /self.logs/error.log.2016-06-20.gz HTTP/1.1" 200 788 "-" "Mozilla/5.0 (compatible; DotBot/1.1; http://www.opensiteexplorer.org/dotbot, help@moz.com)" 
216.244.66.227 - - [10/Jun/2017:15:55:46 -0700] "GET /self.logs/error.log.2016-10-25.gz HTTP/1.1" 200 1590 "-" "Mozilla/5.0 (compatible; DotBot/1.1; http://www.opensiteexplorer.org/dotbot, help@moz.com)" 
216.244.66.227 - - [10/Jun/2017:15:55:47 -0700] "GET /self.logs/error.log.2017-02-27.gz HTTP/1.1" 200 936 "-" "Mozilla/5.0 (compatible; DotBot/1.1; http://www.opensiteexplorer.org/dotbot, help@moz.com)" 
216.244.66.250 - - [10/Jun/2017:15:59:10 -0700] "GET /self.logs/?C=M;O=A HTTP/1.1" 200 167619 "-" "Mozilla/5.0 (compatible; DotBot/1.1; http://www.opensiteexplorer.org/dotbot, help@moz.com)" 
129.0.40.226 - - [10/Jun/2017:16:00:12 -0700] "GET /wp-login.php HTTP/1.1" 404 295 "-" "Mozilla/5.0 (Windows NT 6.1; WOW64; rv:40.0) Gecko/20100101 Firefox/40.1" 
129.0.40.226 - - [10/Jun/2017:16:00:18 -0700] "GET /wp-login.php HTTP/1.1" 404 295 "-" "Mozilla/5.0 (Windows NT 6.1; WOW64; rv:40.0) Gecko/20100101 Firefox/40.1" 
129.0.40.226 - - [10/Jun/2017:16:00:23 -0700] "GET / HTTP/1.1" 200 36475 "-" "Mozilla/5.0 (Windows NT 6.1; WOW64; rv:40.0) Gecko/20100101 Firefox/40.1" 
129.0.40.226 - - [10/Jun/2017:16:03:12 -0700] "GET /wp-login.php HTTP/1.1" 301 522 "-" "Mozilla/5.0 (Windows NT 6.1; WOW64; rv:40.0) Gecko/20100101 Firefox/40.1" 
129.0.40.226 - - [10/Jun/2017:16:03:12 -0700] "GET /wp-login.php HTTP/1.1" 404 295 "-" "Mozilla/5.0 (Windows NT 6.1; WOW64; rv:40.0) Gecko/20100101 Firefox/40.1" 
129.0.40.226 - - [10/Jun/2017:16:03:20 -0700] "GET /wp-login.php HTTP/1.1" 301 522 "-" "Mozilla/5.0 (Windows NT 6.1; WOW64; rv:40.0) Gecko/20100101 Firefox/40.1" 
129.0.40.226 - - [10/Jun/2017:16:03:21 -0700] "GET /wp-login.php HTTP/1.1" 404 295 "-" "Mozilla/5.0 (Windows NT 6.1; WOW64; rv:40.0) Gecko/20100101 Firefox/40.1" 
129.0.40.226 - - [10/Jun/2017:16:03:26 -0700] "GET / HTTP/1.1" 301 498 "-" "Mozilla/5.0 (Windows NT 6.1; WOW64; rv:40.0) Gecko/20100101 Firefox/40.1" 
129.0.40.226 - - [10/Jun/2017:16:03:27 -0700] "GET / HTTP/1.1" 200 36475 "-" "Mozilla/5.0 (Windows NT 6.1; WOW64; rv:40.0) Gecko/20100101 Firefox/40.1" 
51.255.65.56 - - [10/Jun/2017:16:07:56 -0700] "GET /self.logs/error.log.2017-03-09.gz HTTP/1.1" 200 1247 "-" "Mozilla/5.0 (compatible; AhrefsBot/5.2; +http://ahrefs.com/robot/)" 
189.114.118.127 - - [10/Jun/2017:16:16:21 -0700] "GET /wp-login.php HTTP/1.1" 404 295 "-" "Mozilla/5.0 (Windows NT 6.1; WOW64; rv:40.0) Gecko/20100101 Firefox/40.1" 
189.114.118.127 - - [10/Jun/2017:16:16:26 -0700] "GET /wp-login.php HTTP/1.1" 404 295 "-" "Mozilla/5.0 (Windows NT 6.1; WOW64; rv:40.0) Gecko/20100101 Firefox/40.1" 
189.114.118.127 - - [10/Jun/2017:16:16:32 -0700] "GET / HTTP/1.1" 200 36475 "-" "Mozilla/5.0 (Windows NT 6.1; WOW64; rv:40.0) Gecko/20100101 Firefox/40.1" 
35.186.148.210 - - [10/Jun/2017:16:22:01 -0700] "GET /robots.txt HTTP/1.1" 200 289 "-" "Mozilla/5.0 (Windows NT 10.0; Win64; x64; rv:48.0) Gecko/20100101 Firefox/48.0" 
35.186.148.210 - - [10/Jun/2017:16:22:01 -0700] "GET /xmlrpc.php?rsd HTTP/1.1" 404 294 "-" "Mozilla/5.0 (Windows NT 10.0; Win64; x64; rv:48.0) Gecko/20100101 Firefox/48.0" 
35.186.148.210 - - [10/Jun/2017:16:22:01 -0700] "GET / HTTP/1.1" 200 36474 "-" "Mozilla/5.0 (Windows NT 10.0; Win64; x64; rv:48.0) Gecko/20100101 Firefox/48.0" 
35.186.148.210 - - [10/Jun/2017:16:22:02 -0700] "GET /blog/robots.txt HTTP/1.1" 404 294 "-" "Mozilla/5.0 (Windows NT 10.0; Win64; x64; rv:48.0) Gecko/20100101 Firefox/48.0" 
35.186.148.210 - - [10/Jun/2017:16:22:02 -0700] "GET /blog/ HTTP/1.1" 404 294 "-" "Mozilla/5.0 (Windows NT 10.0; Win64; x64; rv:48.0) Gecko/20100101 Firefox/48.0" 
35.186.148.210 - - [10/Jun/2017:16:22:02 -0700] "GET /wordpress/ HTTP/1.1" 404 294 "-" "Mozilla/5.0 (Windows NT 10.0; Win64; x64; rv:48.0) Gecko/20100101 Firefox/48.0" 
35.186.148.210 - - [10/Jun/2017:16:22:03 -0700] "GET /wp/ HTTP/1.1" 404 294 "-" "Mozilla/5.0 (Windows NT 10.0; Win64; x64; rv:48.0) Gecko/20100101 Firefox/48.0" 
216.244.66.227 - - [10/Jun/2017:16:26:08 -0700] "GET /robots.txt HTTP/1.1" 200 233 "-" "Mozilla/5.0 (compatible; DotBot/1.1; http://www.opensiteexplorer.org/dotbot, help@moz.com)" 
211.243.74.76 - - [10/Jun/2017:16:27:08 -0700] "GET /wp-login.php HTTP/1.1" 404 295 "-" "Mozilla/5.0 (Windows NT 6.1; WOW64; rv:40.0) Gecko/20100101 Firefox/40.1" 
211.243.74.76 - - [10/Jun/2017:16:27:13 -0700] "GET /wp-login.php HTTP/1.1" 404 295 "-" "Mozilla/5.0 (Windows NT 6.1; WOW64; rv:40.0) Gecko/20100101 Firefox/40.1" 
211.243.74.76 - - [10/Jun/2017:16:27:19 -0700] "GET / HTTP/1.1" 200 36475 "-" "Mozilla/5.0 (Windows NT 6.1; WOW64; rv:40.0) Gecko/20100101 Firefox/40.1" 
111.220.33.126 - - [10/Jun/2017:16:33:46 -0700] "GET /wp-login.php HTTP/1.1" 404 295 "-" "Mozilla/5.0 (Windows NT 6.1; WOW64; rv:40.0) Gecko/20100101 Firefox/40.1" 
111.220.33.126 - - [10/Jun/2017:16:33:52 -0700] "GET /wp-login.php HTTP/1.1" 404 295 "-" "Mozilla/5.0 (Windows NT 6.1; WOW64; rv:40.0) Gecko/20100101 Firefox/40.1" 
111.220.33.126 - - [10/Jun/2017:16:33:57 -0700] "GET / HTTP/1.1" 200 36475 "-" "Mozilla/5.0 (Windows NT 6.1; WOW64; rv:40.0) Gecko/20100101 Firefox/40.1" 
216.244.66.227 - - [10/Jun/2017:16:44:06 -0700] "GET /self.logs/access.log.2016-03-21.gz HTTP/1.1" 200 6504 "-" "Mozilla/5.0 (compatible; DotBot/1.1; http://www.opensiteexplorer.org/dotbot, help@moz.com)" 
216.244.66.227 - - [10/Jun/2017:16:44:09 -0700] "GET /self.logs/access.log.2016-07-18.gz HTTP/1.1" 200 8249 "-" "Mozilla/5.0 (compatible; DotBot/1.1; http://www.opensiteexplorer.org/dotbot, help@moz.com)" 
216.244.66.227 - - [10/Jun/2017:16:44:10 -0700] "GET /self.logs/error.log.2015-05-08.gz HTTP/1.1" 200 1007 "-" "Mozilla/5.0 (compatible; DotBot/1.1; http://www.opensiteexplorer.org/dotbot, help@moz.com)" 
216.244.66.227 - - [10/Jun/2017:16:44:13 -0700] "GET /self.logs/error.log.2016-05-07.gz HTTP/1.1" 200 739 "-" "Mozilla/5.0 (compatible; DotBot/1.1; http://www.opensiteexplorer.org/dotbot, help@moz.com)" 
216.244.66.227 - - [10/Jun/2017:16:44:15 -0700] "GET /self.logs/error.log.2016-07-27.gz HTTP/1.1" 200 871 "-" "Mozilla/5.0 (compatible; DotBot/1.1; http://www.opensiteexplorer.org/dotbot, help@moz.com)" 
216.244.66.227 - - [10/Jun/2017:16:44:17 -0700] "GET /self.logs/error.log.2017-01-15.gz HTTP/1.1" 200 713 "-" "Mozilla/5.0 (compatible; DotBot/1.1; http://www.opensiteexplorer.org/dotbot, help@moz.com)" 
203.115.148.4 - - [10/Jun/2017:16:45:34 -0700] "GET /wp-login.php HTTP/1.1" 404 295 "-" "Mozilla/5.0 (Windows NT 6.1; WOW64; rv:40.0) Gecko/20100101 Firefox/40.1" 
203.115.148.4 - - [10/Jun/2017:16:45:39 -0700] "GET /wp-login.php HTTP/1.1" 404 295 "-" "Mozilla/5.0 (Windows NT 6.1; WOW64; rv:40.0) Gecko/20100101 Firefox/40.1" 
203.115.148.4 - - [10/Jun/2017:16:45:45 -0700] "GET / HTTP/1.1" 200 36475 "-" "Mozilla/5.0 (Windows NT 6.1; WOW64; rv:40.0) Gecko/20100101 Firefox/40.1" 
52.168.161.70 - - [10/Jun/2017:17:04:53 -0700] "HEAD / HTTP/1.1" 301 253 "https://www.google.com/" "Mozilla/5.0 (compatible; epicbot; +http://www.epictions.com/epicbot)" 
52.168.161.70 - - [10/Jun/2017:17:04:55 -0700] "HEAD / HTTP/1.1" 301 253 "https://www.google.com/" "Mozilla/5.0 (compatible; epicbot; +http://www.epictions.com/epicbot)" 
52.168.161.70 - - [10/Jun/2017:17:04:55 -0700] "HEAD / HTTP/1.1" 301 253 "https://www.google.com/" "Mozilla/5.0 (compatible; epicbot; +http://www.epictions.com/epicbot)" 
216.244.66.227 - - [10/Jun/2017:17:12:17 -0700] "GET /robots.txt HTTP/1.1" 200 233 "-" "Mozilla/5.0 (compatible; DotBot/1.1; http://www.opensiteexplorer.org/dotbot, help@moz.com)" 
208.43.225.85 - - [10/Jun/2017:17:17:37 -0700] "GET /robots.txt HTTP/1.1" 200 334 "-" "Mozilla/5.0 (compatible; SiteExplorer/1.1b; +http://siteexplorer.info/Backlink-Checker-Spider/)" 
208.43.225.85 - - [10/Jun/2017:17:17:47 -0700] "GET /maccdc2012/maccdc2012_full_alert.7z HTTP/1.1" 200 296 "-" "Mozilla/5.0 (compatible; SiteExplorer/1.1b; +http://siteexplorer.info/Backlink-Checker-Spider/)" 
208.43.225.85 - - [10/Jun/2017:17:17:51 -0700] "GET /robots.txt HTTP/1.1" 301 502 "-" "Mozilla/5.0 (compatible; SiteExplorer/1.1b; +http://siteexplorer.info/Backlink-Checker-Spider/)" 
208.43.225.85 - - [10/Jun/2017:17:17:56 -0700] "GET / HTTP/1.1" 200 10793 "-" "Mozilla/5.0 (compatible; SiteExplorer/1.1b; +http://siteexplorer.info/Backlink-Checker-Spider/)" 
208.43.225.85 - - [10/Jun/2017:17:18:05 -0700] "GET /maccdc2012/maccdc2012_fast_alert.7z HTTP/1.1" 200 221920 "-" "Mozilla/5.0 (compatible; SiteExplorer/1.1b; +http://siteexplorer.info/Backlink-Checker-Spider/)" 
51.255.71.126 - - [10/Jun/2017:17:18:39 -0700] "GET /self.logs/access.log.2015-08-09.gz HTTP/1.1" 200 4521 "-" "Mozilla/5.0 (compatible; AhrefsBot/5.2; +http://ahrefs.com/robot/)" 
216.244.66.227 - - [10/Jun/2017:17:30:05 -0700] "GET /self.logs/access.log.2015-10-22.gz HTTP/1.1" 200 8849 "-" "Mozilla/5.0 (compatible; DotBot/1.1; http://www.opensiteexplorer.org/dotbot, help@moz.com)" 
216.244.66.227 - - [10/Jun/2017:17:30:09 -0700] "GET /self.logs/error.log.2015-12-27.gz HTTP/1.1" 200 532 "-" "Mozilla/5.0 (compatible; DotBot/1.1; http://www.opensiteexplorer.org/dotbot, help@moz.com)" 
81.213.177.23 - - [10/Jun/2017:17:31:11 -0700] "GET /wp-login.php HTTP/1.1" 404 295 "-" "Mozilla/5.0 (Windows NT 6.1; WOW64; rv:40.0) Gecko/20100101 Firefox/40.1" 
81.213.177.23 - - [10/Jun/2017:17:31:16 -0700] "GET /wp-login.php HTTP/1.1" 404 295 "-" "Mozilla/5.0 (Windows NT 6.1; WOW64; rv:40.0) Gecko/20100101 Firefox/40.1" 
81.213.177.23 - - [10/Jun/2017:17:31:22 -0700] "GET / HTTP/1.1" 200 36475 "-" "Mozilla/5.0 (Windows NT 6.1; WOW64; rv:40.0) Gecko/20100101 Firefox/40.1" 
189.114.118.127 - - [10/Jun/2017:17:33:37 -0700] "GET /wp-login.php HTTP/1.1" 301 522 "-" "Mozilla/5.0 (Windows NT 6.1; WOW64; rv:40.0) Gecko/20100101 Firefox/40.1" 
189.114.118.127 - - [10/Jun/2017:17:33:38 -0700] "GET /wp-login.php HTTP/1.1" 404 295 "-" "Mozilla/5.0 (Windows NT 6.1; WOW64; rv:40.0) Gecko/20100101 Firefox/40.1" 
189.114.118.127 - - [10/Jun/2017:17:33:43 -0700] "GET /wp-login.php HTTP/1.1" 301 522 "-" "Mozilla/5.0 (Windows NT 6.1; WOW64; rv:40.0) Gecko/20100101 Firefox/40.1" 
189.114.118.127 - - [10/Jun/2017:17:33:44 -0700] "GET /wp-login.php HTTP/1.1" 404 295 "-" "Mozilla/5.0 (Windows NT 6.1; WOW64; rv:40.0) Gecko/20100101 Firefox/40.1" 
189.114.118.127 - - [10/Jun/2017:17:33:49 -0700] "GET / HTTP/1.1" 301 498 "-" "Mozilla/5.0 (Windows NT 6.1; WOW64; rv:40.0) Gecko/20100101 Firefox/40.1" 
189.114.118.127 - - [10/Jun/2017:17:33:52 -0700] "GET / HTTP/1.1" 200 36475 "-" "Mozilla/5.0 (Windows NT 6.1; WOW64; rv:40.0) Gecko/20100101 Firefox/40.1" 
52.168.161.70 - - [10/Jun/2017:17:40:27 -0700] "HEAD / HTTP/1.1" 200 282 "https://www.google.com/" "Mozilla/5.0 (compatible; epicbot; +http://www.epictions.com/epicbot)" 
52.168.161.70 - - [10/Jun/2017:17:40:31 -0700] "HEAD / HTTP/1.1" 200 282 "https://www.google.com/" "Mozilla/5.0 (compatible; epicbot; +http://www.epictions.com/epicbot)" 
52.168.161.70 - - [10/Jun/2017:17:40:31 -0700] "HEAD / HTTP/1.1" 200 282 "https://www.google.com/" "Mozilla/5.0 (compatible; epicbot; +http://www.epictions.com/epicbot)" 
81.213.177.23 - - [10/Jun/2017:17:43:53 -0700] "GET /wp-login.php HTTP/1.1" 301 522 "-" "Mozilla/5.0 (Windows NT 6.1; WOW64; rv:40.0) Gecko/20100101 Firefox/40.1" 
81.213.177.23 - - [10/Jun/2017:17:43:54 -0700] "GET /wp-login.php HTTP/1.1" 404 295 "-" "Mozilla/5.0 (Windows NT 6.1; WOW64; rv:40.0) Gecko/20100101 Firefox/40.1" 
81.213.177.23 - - [10/Jun/2017:17:43:59 -0700] "GET /wp-login.php HTTP/1.1" 301 522 "-" "Mozilla/5.0 (Windows NT 6.1; WOW64; rv:40.0) Gecko/20100101 Firefox/40.1" 
81.213.177.23 - - [10/Jun/2017:17:43:59 -0700] "GET /wp-login.php HTTP/1.1" 404 295 "-" "Mozilla/5.0 (Windows NT 6.1; WOW64; rv:40.0) Gecko/20100101 Firefox/40.1" 
81.213.177.23 - - [10/Jun/2017:17:44:04 -0700] "GET / HTTP/1.1" 301 498 "-" "Mozilla/5.0 (Windows NT 6.1; WOW64; rv:40.0) Gecko/20100101 Firefox/40.1" 
81.213.177.23 - - [10/Jun/2017:17:44:05 -0700] "GET / HTTP/1.1" 200 36475 "-" "Mozilla/5.0 (Windows NT 6.1; WOW64; rv:40.0) Gecko/20100101 Firefox/40.1" 
66.249.64.157 - - [10/Jun/2017:17:51:05 -0700] "GET / HTTP/1.1" 200 10793 "-" "Mozilla/5.0 (Linux; Android 6.0.1; Nexus 5X Build/MMB29P) AppleWebKit/537.36 (KHTML, like Gecko) Chrome/41.0.2272.96 Mobile Safari/537.36 (compatible; Googlebot/2.1; +http://www.google.com/bot.html)" 
138.68.11.255 - - [10/Jun/2017:17:51:27 -0700] "GET /favicon.ico HTTP/1.1" 200 212 "http://offlintab.firefoxchina.cn/?cachebust=20150714" "Mozilla/5.0 (Windows NT 10.0; Win64; x64; rv:53.0) Gecko/20100101 Firefox/53.0" 
8.37.233.244 - - [10/Jun/2017:17:51:46 -0700] "GET / HTTP/1.1" 200 10793 "http://www.google.co.in/search?q=shell+c99+download+for+scam+page&site=webhp&prmd=vin&ei=dhU8We_BNYzWvAS2mLQw&start=50&sa=N&biw=320&bih=496" "Mozilla/5.0 (Linux; U; Android 5.1; en-US; Aura_Power Build/LMY47D) AppleWebKit/534.30 (KHTML, like Gecko) Version/4.0 UCBrowser/11.3.0.950 U3/0.8.0 Mobile Safari/534.30" 
8.37.233.244 - - [10/Jun/2017:17:51:46 -0700] "GET /twitter-icon.png HTTP/1.1" 200 27787 "http://www.secrepo.com/" "Mozilla/5.0 (Linux; U; Android 5.1; en-US; Aura_Power Build/LMY47D) AppleWebKit/534.30 (KHTML, like Gecko) Version/4.0 UCBrowser/11.3.0.950 U3/0.8.0 Mobile Safari/534.30" 
8.37.233.244 - - [10/Jun/2017:17:51:46 -0700] "GET /GitHub-Mark.png HTTP/1.1" 200 7428 "http://www.secrepo.com/" "Mozilla/5.0 (Linux; U; Android 5.1; en-US; Aura_Power Build/LMY47D) AppleWebKit/534.30 (KHTML, like Gecko) Version/4.0 UCBrowser/11.3.0.950 U3/0.8.0 Mobile Safari/534.30" 
8.37.233.244 - - [10/Jun/2017:17:51:50 -0700] "GET /bootstrap/img/favicon.ico HTTP/1.1" 200 590 "http://www.secrepo.com/" "Mozilla/5.0 (Linux; U; Android 5.1; en-US; Aura_Power Build/LMY47D) AppleWebKit/534.30 (KHTML, like Gecko) Version/4.0 UCBrowser/11.3.0.950 U3/0.8.0 Mobile Safari/534.30" 
138.68.11.255 - - [10/Jun/2017:17:52:37 -0700] "GET /favicon.ico HTTP/1.1" 200 212 "http://offlintab.firefoxchina.cn/?cachebust=20150714" "Mozilla/5.0 (Windows NT 10.0; Win64; x64; rv:53.0) Gecko/20100101 Firefox/53.0" 
217.182.132.156 - - [10/Jun/2017:17:53:39 -0700] "GET /self.logs/error.log.2016-10-30.gz HTTP/1.1" 200 764 "-" "Mozilla/5.0 (compatible; AhrefsBot/5.2; +http://ahrefs.com/robot/)" 
216.244.66.227 - - [10/Jun/2017:17:57:50 -0700] "GET /robots.txt HTTP/1.1" 200 233 "-" "Mozilla/5.0 (compatible; DotBot/1.1; http://www.opensiteexplorer.org/dotbot, help@moz.com)" 
181.177.33.91 - - [10/Jun/2017:17:57:52 -0700] "GET /wp-login.php HTTP/1.1" 404 295 "-" "Mozilla/5.0 (Windows NT 6.1; WOW64; rv:40.0) Gecko/20100101 Firefox/40.1" 
181.177.33.91 - - [10/Jun/2017:17:57:57 -0700] "GET /wp-login.php HTTP/1.1" 404 295 "-" "Mozilla/5.0 (Windows NT 6.1; WOW64; rv:40.0) Gecko/20100101 Firefox/40.1" 
181.177.33.91 - - [10/Jun/2017:17:58:02 -0700] "GET / HTTP/1.1" 200 36475 "-" "Mozilla/5.0 (Windows NT 6.1; WOW64; rv:40.0) Gecko/20100101 Firefox/40.1" 
66.102.6.125 - - [10/Jun/2017:17:58:47 -0700] "GET / HTTP/1.1" 200 10793 "-" "Mozilla/5.0 (X11; Linux x86_64) AppleWebKit/537.36 (KHTML, like Gecko) Chrome/49.0.2623.75 Safari/537.36 Google Favicon" 
66.102.6.96 - - [10/Jun/2017:17:58:47 -0700] "GET /bootstrap/img/favicon.ico HTTP/1.1" 200 590 "-" "Mozilla/5.0 (X11; Linux x86_64) AppleWebKit/537.36 (KHTML, like Gecko) Chrome/49.0.2623.75 Safari/537.36 Google Favicon" 
103.47.132.43 - - [10/Jun/2017:17:59:36 -0700] "GET /wp-login.php HTTP/1.1" 404 295 "-" "Mozilla/5.0 (Windows NT 6.1; WOW64; rv:40.0) Gecko/20100101 Firefox/40.1" 
103.47.134.31 - - [10/Jun/2017:17:59:45 -0700] "GET /wp-login.php HTTP/1.1" 404 295 "-" "Mozilla/5.0 (Windows NT 6.1; WOW64; rv:40.0) Gecko/20100101 Firefox/40.1" 
103.47.132.29 - - [10/Jun/2017:17:59:51 -0700] "GET / HTTP/1.1" 200 36475 "-" "Mozilla/5.0 (Windows NT 6.1; WOW64; rv:40.0) Gecko/20100101 Firefox/40.1" 
103.47.132.43 - - [10/Jun/2017:18:00:02 -0700] "GET /wp-login.php HTTP/1.1" 301 522 "-" "Mozilla/5.0 (Windows NT 6.1; WOW64; rv:40.0) Gecko/20100101 Firefox/40.1" 
103.47.132.43 - - [10/Jun/2017:18:00:02 -0700] "GET /wp-login.php HTTP/1.1" 404 295 "-" "Mozilla/5.0 (Windows NT 6.1; WOW64; rv:40.0) Gecko/20100101 Firefox/40.1" 
103.47.134.31 - - [10/Jun/2017:18:00:08 -0700] "GET /wp-login.php HTTP/1.1" 301 522 "-" "Mozilla/5.0 (Windows NT 6.1; WOW64; rv:40.0) Gecko/20100101 Firefox/40.1" 
103.47.132.43 - - [10/Jun/2017:18:00:08 -0700] "GET /wp-login.php HTTP/1.1" 404 295 "-" "Mozilla/5.0 (Windows NT 6.1; WOW64; rv:40.0) Gecko/20100101 Firefox/40.1" 
103.47.134.31 - - [10/Jun/2017:18:00:14 -0700] "GET / HTTP/1.1" 301 498 "-" "Mozilla/5.0 (Windows NT 6.1; WOW64; rv:40.0) Gecko/20100101 Firefox/40.1" 
103.47.132.29 - - [10/Jun/2017:18:00:14 -0700] "GET / HTTP/1.1" 200 36475 "-" "Mozilla/5.0 (Windows NT 6.1; WOW64; rv:40.0) Gecko/20100101 Firefox/40.1" 
99.43.46.127 - - [10/Jun/2017:18:07:11 -0700] "GET / HTTP/1.1" 200 10793 "https://www.google.com/" "Mozilla/5.0 (Windows NT 10.0; Win64; x64) AppleWebKit/537.36 (KHTML, like Gecko) Chrome/58.0.3029.110 Safari/537.36" 
99.43.46.127 - - [10/Jun/2017:18:07:12 -0700] "GET /GitHub-Mark.png HTTP/1.1" 200 7428 "http://www.secrepo.com/" "Mozilla/5.0 (Windows NT 10.0; Win64; x64) AppleWebKit/537.36 (KHTML, like Gecko) Chrome/58.0.3029.110 Safari/537.36" 
99.43.46.127 - - [10/Jun/2017:18:07:12 -0700] "GET /twitter-icon.png HTTP/1.1" 200 27787 "http://www.secrepo.com/" "Mozilla/5.0 (Windows NT 10.0; Win64; x64) AppleWebKit/537.36 (KHTML, like Gecko) Chrome/58.0.3029.110 Safari/537.36" 
99.43.46.127 - - [10/Jun/2017:18:07:13 -0700] "GET /bootstrap/img/favicon.ico HTTP/1.1" 200 589 "http://www.secrepo.com/" "Mozilla/5.0 (Windows NT 10.0; Win64; x64) AppleWebKit/537.36 (KHTML, like Gecko) Chrome/58.0.3029.110 Safari/537.36" 
138.68.11.255 - - [10/Jun/2017:18:07:52 -0700] "GET /favicon.ico HTTP/1.1" 200 212 "http://offlintab.firefoxchina.cn/?cachebust=20150714" "Mozilla/5.0 (Windows NT 10.0; Win64; x64; rv:53.0) Gecko/20100101 Firefox/53.0" 
207.46.13.124 - - [10/Jun/2017:18:14:13 -0700] "GET /honeypot/Honeypot%20-%20Howto.pdf HTTP/1.1" 200 1279418 "-" "Mozilla/5.0 (compatible; bingbot/2.0; +http://www.bing.com/bingbot.htm)" 
216.244.66.227 - - [10/Jun/2017:18:16:09 -0700] "GET /self.logs/access.log.2015-02-25.gz HTTP/1.1" 200 2689 "-" "Mozilla/5.0 (compatible; DotBot/1.1; http://www.opensiteexplorer.org/dotbot, help@moz.com)" 
216.244.66.227 - - [10/Jun/2017:18:16:11 -0700] "GET /self.logs/access.log.2015-11-03.gz HTTP/1.1" 200 7106 "-" "Mozilla/5.0 (compatible; DotBot/1.1; http://www.opensiteexplorer.org/dotbot, help@moz.com)" 
216.244.66.227 - - [10/Jun/2017:18:16:12 -0700] "GET /self.logs/access.log.2016-09-09.gz HTTP/1.1" 200 6950 "-" "Mozilla/5.0 (compatible; DotBot/1.1; http://www.opensiteexplorer.org/dotbot, help@moz.com)" 
216.244.66.227 - - [10/Jun/2017:18:16:15 -0700] "GET /self.logs/access.log.2016-12-19.gz HTTP/1.1" 200 8786 "-" "Mozilla/5.0 (compatible; DotBot/1.1; http://www.opensiteexplorer.org/dotbot, help@moz.com)" 
216.244.66.227 - - [10/Jun/2017:18:16:17 -0700] "GET /self.logs/error.log.2015-09-08.gz HTTP/1.1" 200 636 "-" "Mozilla/5.0 (compatible; DotBot/1.1; http://www.opensiteexplorer.org/dotbot, help@moz.com)" 
216.244.66.227 - - [10/Jun/2017:18:16:18 -0700] "GET /self.logs/error.log.2016-05-29.gz HTTP/1.1" 200 602 "-" "Mozilla/5.0 (compatible; DotBot/1.1; http://www.opensiteexplorer.org/dotbot, help@moz.com)" 
216.244.66.227 - - [10/Jun/2017:18:16:21 -0700] "GET /self.logs/error.log.2016-10-30.gz HTTP/1.1" 200 717 "-" "Mozilla/5.0 (compatible; DotBot/1.1; http://www.opensiteexplorer.org/dotbot, help@moz.com)" 
164.132.161.83 - - [10/Jun/2017:18:27:23 -0700] "GET /self.logs/error.log.2016-07-29.gz HTTP/1.1" 200 951 "-" "Mozilla/5.0 (compatible; AhrefsBot/5.2; +http://ahrefs.com/robot/)" 
218.106.182.96 - - [10/Jun/2017:18:31:12 -0700] "GET / HTTP/1.1" 200 10793 "-" "Mozilla/5.0 (Windows NT 10.0; Win64; x64) AppleWebKit/537.36 (KHTML, like Gecko) Chrome/58.0.3029.110 Safari/537.36" 
218.106.182.96 - - [10/Jun/2017:18:31:13 -0700] "GET /twitter-icon.png HTTP/1.1" 200 27787 "http://www.secrepo.com/" "Mozilla/5.0 (Windows NT 10.0; Win64; x64) AppleWebKit/537.36 (KHTML, like Gecko) Chrome/58.0.3029.110 Safari/537.36" 
218.106.182.96 - - [10/Jun/2017:18:31:13 -0700] "GET /GitHub-Mark.png HTTP/1.1" 200 7428 "http://www.secrepo.com/" "Mozilla/5.0 (Windows NT 10.0; Win64; x64) AppleWebKit/537.36 (KHTML, like Gecko) Chrome/58.0.3029.110 Safari/537.36" 
218.106.182.96 - - [10/Jun/2017:18:31:25 -0700] "GET /bootstrap/img/favicon.ico HTTP/1.1" 200 590 "http://www.secrepo.com/" "Mozilla/5.0 (Windows NT 10.0; Win64; x64) AppleWebKit/537.36 (KHTML, like Gecko) Chrome/58.0.3029.110 Safari/537.36" 
66.249.64.157 - - [10/Jun/2017:18:31:50 -0700] "GET / HTTP/1.1" 200 10793 "-" "Mozilla/5.0 (compatible; Googlebot/2.1; +http://www.google.com/bot.html)" 
218.106.182.96 - - [10/Jun/2017:18:33:28 -0700] "GET /maccdc2012/dns.log.gz HTTP/1.1" 200 6629420 "-" "Mozilla/5.0 (Windows NT 10.0; Win64; x64) AppleWebKit/537.36 (KHTML, like Gecko) Chrome/58.0.3029.110 Safari/537.36" 
74.89.177.220 - - [10/Jun/2017:18:34:09 -0700] "GET / HTTP/1.1" 200 10793 "https://www.google.com/" "Mozilla/5.0 (Windows NT 6.1; WOW64) AppleWebKit/537.36 (KHTML, like Gecko) Chrome/58.0.3029.110 Safari/537.36" 
74.89.177.220 - - [10/Jun/2017:18:34:09 -0700] "GET /twitter-icon.png HTTP/1.1" 200 27787 "http://www.secrepo.com/" "Mozilla/5.0 (Windows NT 6.1; WOW64) AppleWebKit/537.36 (KHTML, like Gecko) Chrome/58.0.3029.110 Safari/537.36" 
74.89.177.220 - - [10/Jun/2017:18:34:09 -0700] "GET /GitHub-Mark.png HTTP/1.1" 200 7428 "http://www.secrepo.com/" "Mozilla/5.0 (Windows NT 6.1; WOW64) AppleWebKit/537.36 (KHTML, like Gecko) Chrome/58.0.3029.110 Safari/537.36" 
74.89.177.220 - - [10/Jun/2017:18:34:12 -0700] "GET /bootstrap/img/favicon.ico HTTP/1.1" 200 590 "http://www.secrepo.com/" "Mozilla/5.0 (Windows NT 6.1; WOW64) AppleWebKit/537.36 (KHTML, like Gecko) Chrome/58.0.3029.110 Safari/537.36" 
74.89.177.220 - - [10/Jun/2017:18:34:14 -0700] "GET /maccdc2012/dhcp.log.gz HTTP/1.1" 200 45018 "-" "Mozilla/5.0 (Windows NT 6.1; WOW64) AppleWebKit/537.36 (KHTML, like Gecko) Chrome/58.0.3029.110 Safari/537.36" 
74.89.177.220 - - [10/Jun/2017:18:39:18 -0700] "GET /maccdc2012/smtp.log.gz HTTP/1.1" 200 6908 "-" "Mozilla/5.0 (Windows NT 6.1; WOW64) AppleWebKit/537.36 (KHTML, like Gecko) Chrome/58.0.3029.110 Safari/537.36" 
74.89.177.220 - - [10/Jun/2017:18:40:45 -0700] "GET /maccdc2012/dns.log.gz HTTP/1.1" 200 6629420 "-" "Mozilla/5.0 (Windows NT 6.1; WOW64) AppleWebKit/537.36 (KHTML, like Gecko) Chrome/58.0.3029.110 Safari/537.36" 
216.244.66.227 - - [10/Jun/2017:18:44:51 -0700] "GET /robots.txt HTTP/1.1" 200 233 "-" "Mozilla/5.0 (compatible; DotBot/1.1; http://www.opensiteexplorer.org/dotbot, help@moz.com)" 
125.209.213.86 - - [10/Jun/2017:18:47:28 -0700] "GET / HTTP/1.1" 301 498 "-" "Mozilla/5.0 (compatible; MSIE 9.0; Windows NT 6.1; Trident/5.0)" 
125.209.213.86 - - [10/Jun/2017:18:47:29 -0700] "GET / HTTP/1.1" 200 36475 "-" "Mozilla/5.0 (compatible; MSIE 9.0; Windows NT 6.1; Trident/5.0)" 
125.209.213.86 - - [10/Jun/2017:18:47:29 -0700] "GET / HTTP/1.1" 200 36475 "-" "Mozilla/5.0 (compatible; MSIE 9.0; Windows NT 6.1; Trident/5.0)" 
125.209.213.87 - - [10/Jun/2017:18:47:33 -0700] "GET / HTTP/1.1" 301 498 "-" "Mozilla/5.0 (compatible; MSIE 9.0; Windows NT 6.1; Trident/5.0)" 
125.209.213.87 - - [10/Jun/2017:18:47:33 -0700] "GET / HTTP/1.1" 200 36475 "-" "Mozilla/5.0 (compatible; MSIE 9.0; Windows NT 6.1; Trident/5.0)" 
125.209.213.87 - - [10/Jun/2017:18:47:34 -0700] "GET / HTTP/1.1" 200 36475 "-" "Mozilla/5.0 (compatible; MSIE 9.0; Windows NT 6.1; Trident/5.0)" 
120.221.1.28 - - [10/Jun/2017:18:49:35 -0700] "GET /maccdc2012/files.log.gz HTTP/1.1" 304 155 "-" "Mozilla/5.0 Gecko/20100115 Firefox/3.6" 
216.244.66.227 - - [10/Jun/2017:19:02:48 -0700] "GET /self.logs/access.log.2015-07-02.gz HTTP/1.1" 200 3937 "-" "Mozilla/5.0 (compatible; DotBot/1.1; http://www.opensiteexplorer.org/dotbot, help@moz.com)" 
216.244.66.227 - - [10/Jun/2017:19:02:50 -0700] "GET /self.logs/access.log.2016-06-24.gz HTTP/1.1" 200 8715 "-" "Mozilla/5.0 (compatible; DotBot/1.1; http://www.opensiteexplorer.org/dotbot, help@moz.com)" 
216.244.66.227 - - [10/Jun/2017:19:02:52 -0700] "GET /self.logs/error.log.2015-10-29.gz HTTP/1.1" 200 574 "-" "Mozilla/5.0 (compatible; DotBot/1.1; http://www.opensiteexplorer.org/dotbot, help@moz.com)" 
216.244.66.227 - - [10/Jun/2017:19:02:54 -0700] "GET /self.logs/error.log.2016-11-03.gz HTTP/1.1" 200 819 "-" "Mozilla/5.0 (compatible; DotBot/1.1; http://www.opensiteexplorer.org/dotbot, help@moz.com)" 
207.46.13.124 - - [10/Jun/2017:19:03:00 -0700] "GET /self.logs/access.log.2015-07-07.gz HTTP/1.1" 200 4998 "-" "Mozilla/5.0 (compatible; bingbot/2.0; +http://www.bing.com/bingbot.htm)" 
211.201.207.142 - - [10/Jun/2017:19:06:30 -0700] "GET /wp-login.php HTTP/1.1" 404 295 "-" "Mozilla/5.0 (Windows NT 6.1; WOW64; rv:40.0) Gecko/20100101 Firefox/40.1" 
211.201.207.142 - - [10/Jun/2017:19:06:35 -0700] "GET /wp-login.php HTTP/1.1" 404 295 "-" "Mozilla/5.0 (Windows NT 6.1; WOW64; rv:40.0) Gecko/20100101 Firefox/40.1" 
211.201.207.142 - - [10/Jun/2017:19:06:41 -0700] "GET / HTTP/1.1" 200 36475 "-" "Mozilla/5.0 (Windows NT 6.1; WOW64; rv:40.0) Gecko/20100101 Firefox/40.1" 
52.212.146.96 - - [10/Jun/2017:19:30:01 -0700] "GET /self.logs/access.log.2017-06-04.gz HTTP/1.1" 200 25071 "-" "python-requests/2.12.1" 
52.212.146.96 - - [10/Jun/2017:19:30:02 -0700] "GET /self.logs/access.log.2017-06-05.gz HTTP/1.1" 200 25299 "-" "python-requests/2.12.1" 
52.212.146.96 - - [10/Jun/2017:19:30:02 -0700] "GET /self.logs/access.log.2017-06-06.gz HTTP/1.1" 200 31715 "-" "python-requests/2.12.1" 
52.212.146.96 - - [10/Jun/2017:19:30:02 -0700] "GET /self.logs/access.log.2017-06-07.gz HTTP/1.1" 200 20451 "-" "python-requests/2.12.1" 
52.212.146.96 - - [10/Jun/2017:19:30:03 -0700] "GET /self.logs/access.log.2017-06-08.gz HTTP/1.1" 404 340 "-" "python-requests/2.12.1" 
52.212.146.96 - - [10/Jun/2017:19:30:03 -0700] "GET /self.logs/access.log.2017-06-09.gz HTTP/1.1" 404 340 "-" "python-requests/2.12.1" 
52.212.146.96 - - [10/Jun/2017:19:30:03 -0700] "GET /self.logs/access.log.2017-06-10.gz HTTP/1.1" 404 340 "-" "python-requests/2.12.1" 
216.244.66.227 - - [10/Jun/2017:19:30:10 -0700] "GET /robots.txt HTTP/1.1" 200 233 "-" "Mozilla/5.0 (compatible; DotBot/1.1; http://www.opensiteexplorer.org/dotbot, help@moz.com)" 
51.255.65.53 - - [10/Jun/2017:19:33:19 -0700] "GET /self.logs/error.log.2016-05-08.gz HTTP/1.1" 200 644 "-" "Mozilla/5.0 (compatible; AhrefsBot/5.2; +http://ahrefs.com/robot/)" 
217.182.132.95 - - [10/Jun/2017:19:41:18 -0700] "GET /self.logs/error.log.2016-08-06.gz HTTP/1.1" 200 3516 "-" "Mozilla/5.0 (compatible; AhrefsBot/5.2; +http://ahrefs.com/robot/)" 
151.80.39.150 - - [10/Jun/2017:19:41:38 -0700] "GET /robots.txt HTTP/1.1" 200 304 "-" "Mozilla/5.0 (compatible; AhrefsBot/5.2; +http://ahrefs.com/robot/)" 
84.201.133.53 - - [10/Jun/2017:19:42:18 -0700] "GET /robots.txt HTTP/1.1" 200 289 "-" "Mozilla/5.0 (compatible; YandexBot/3.0; +http://yandex.com/bots)" 
84.201.133.53 - - [10/Jun/2017:19:42:22 -0700] "GET /self.logs/?C=N;O=A HTTP/1.1" 200 17851 "-" "Mozilla/5.0 (compatible; YandexBot/3.0; +http://yandex.com/bots)" 
217.182.132.187 - - [10/Jun/2017:19:45:28 -0700] "GET /self.logs/access.log.2016-01-04.gz HTTP/1.1" 200 10217 "-" "Mozilla/5.0 (compatible; AhrefsBot/5.2; +http://ahrefs.com/robot/)" 
164.132.161.70 - - [10/Jun/2017:19:45:56 -0700] "GET /self.logs/error.log.2016-07-20.gz HTTP/1.1" 200 962 "-" "Mozilla/5.0 (compatible; AhrefsBot/5.2; +http://ahrefs.com/robot/)" 
216.244.66.227 - - [10/Jun/2017:19:47:45 -0700] "GET /self.logs/access.log.2015-05-12.gz HTTP/1.1" 200 4314 "-" "Mozilla/5.0 (compatible; DotBot/1.1; http://www.opensiteexplorer.org/dotbot, help@moz.com)" 
216.244.66.227 - - [10/Jun/2017:19:47:47 -0700] "GET /self.logs/access.log.2015-05-26.gz HTTP/1.1" 200 4321 "-" "Mozilla/5.0 (compatible; DotBot/1.1; http://www.opensiteexplorer.org/dotbot, help@moz.com)" 
216.244.66.227 - - [10/Jun/2017:19:47:48 -0700] "GET /self.logs/access.log.2015-10-14.gz HTTP/1.1" 200 11834 "-" "Mozilla/5.0 (compatible; DotBot/1.1; http://www.opensiteexplorer.org/dotbot, help@moz.com)" 
216.244.66.227 - - [10/Jun/2017:19:47:49 -0700] "GET /self.logs/access.log.2016-03-09.gz HTTP/1.1" 200 8257 "-" "Mozilla/5.0 (compatible; DotBot/1.1; http://www.opensiteexplorer.org/dotbot, help@moz.com)" 
216.244.66.227 - - [10/Jun/2017:19:47:51 -0700] "GET /self.logs/access.log.2016-10-30.gz HTTP/1.1" 200 12519 "-" "Mozilla/5.0 (compatible; DotBot/1.1; http://www.opensiteexplorer.org/dotbot, help@moz.com)" 
216.244.66.227 - - [10/Jun/2017:19:47:52 -0700] "GET /self.logs/access.log.2017-02-01.gz HTTP/1.1" 200 26974 "-" "Mozilla/5.0 (compatible; DotBot/1.1; http://www.opensiteexplorer.org/dotbot, help@moz.com)" 
216.244.66.227 - - [10/Jun/2017:19:47:53 -0700] "GET /self.logs/error.log.2015-04-09.gz HTTP/1.1" 200 515 "-" "Mozilla/5.0 (compatible; DotBot/1.1; http://www.opensiteexplorer.org/dotbot, help@moz.com)" 
216.244.66.227 - - [10/Jun/2017:19:47:55 -0700] "GET /self.logs/error.log.2015-06-15.gz HTTP/1.1" 200 1225 "-" "Mozilla/5.0 (compatible; DotBot/1.1; http://www.opensiteexplorer.org/dotbot, help@moz.com)" 
216.244.66.227 - - [10/Jun/2017:19:47:56 -0700] "GET /self.logs/error.log.2016-12-26.gz HTTP/1.1" 200 824 "-" "Mozilla/5.0 (compatible; DotBot/1.1; http://www.opensiteexplorer.org/dotbot, help@moz.com)" 
218.106.182.96 - - [10/Jun/2017:19:49:08 -0700] "GET /self.logs/ HTTP/1.1" 200 17851 "http://www.secrepo.com/" "Mozilla/5.0 (Windows NT 10.0; Win64; x64) AppleWebKit/537.36 (KHTML, like Gecko) Chrome/58.0.3029.110 Safari/537.36" 
218.106.182.96 - - [10/Jun/2017:19:49:09 -0700] "GET /favicon.ico HTTP/1.1" 200 267 "http://www.secrepo.com/self.logs/" "Mozilla/5.0 (Windows NT 10.0; Win64; x64) AppleWebKit/537.36 (KHTML, like Gecko) Chrome/58.0.3029.110 Safari/537.36" 
123.30.175.228 - - [10/Jun/2017:19:55:39 -0700] "GET /robots.txt HTTP/1.1" 200 297 "-" "Mozilla/5.0 (compatible; coccocbot-web/1.0; +http://help.coccoc.com/searchengine)" 
123.30.175.230 - - [10/Jun/2017:19:55:41 -0700] "GET / HTTP/1.1" 200 10756 "-" "Mozilla/5.0 (compatible; coccocbot-web/1.0; +http://help.coccoc.com/searchengine)" 
123.30.175.230 - - [10/Jun/2017:19:55:43 -0700] "GET /honeypot/Honeypot%20-%20Howto%20-%20BSides%20Austin.pdf HTTP/1.1" 200 2928423 "-" "Mozilla/5.0 (compatible; coccocbot-web/1.0; +http://help.coccoc.com/searchengine)" 
207.46.13.204 - - [10/Jun/2017:19:57:57 -0700] "GET /robots.txt HTTP/1.1" 200 334 "-" "Mozilla/5.0 (compatible; bingbot/2.0; +http://www.bing.com/bingbot.htm)" 
207.46.13.167 - - [10/Jun/2017:19:58:02 -0700] "GET /self.logs/error.log.2017-05-07.gz HTTP/1.1" 200 999 "-" "Mozilla/5.0 (compatible; bingbot/2.0; +http://www.bing.com/bingbot.htm)" 
164.132.161.60 - - [10/Jun/2017:19:58:51 -0700] "GET /self.logs/access.log.2015-10-29.gz HTTP/1.1" 200 5280 "-" "Mozilla/5.0 (compatible; AhrefsBot/5.2; +http://ahrefs.com/robot/)" 
197.148.11.220 - - [10/Jun/2017:20:06:31 -0700] "GET /wp-login.php HTTP/1.1" 404 295 "-" "Mozilla/5.0 (Windows NT 6.1; WOW64; rv:40.0) Gecko/20100101 Firefox/40.1" 
197.148.11.220 - - [10/Jun/2017:20:06:37 -0700] "GET /wp-login.php HTTP/1.1" 404 295 "-" "Mozilla/5.0 (Windows NT 6.1; WOW64; rv:40.0) Gecko/20100101 Firefox/40.1" 
197.148.11.220 - - [10/Jun/2017:20:06:45 -0700] "GET / HTTP/1.1" 200 36475 "-" "Mozilla/5.0 (Windows NT 6.1; WOW64; rv:40.0) Gecko/20100101 Firefox/40.1" 
37.110.145.216 - - [10/Jun/2017:20:13:32 -0700] "GET / HTTP/1.1" 200 10756 "http://yandex.ru/clck/jsredir?from=yandex.ru%3Bsearch%3Bweb%3B%3B&text=&etext=1448.gjhdocFAu79cUmzXx80vqGMPM-eRnYLNYaJFEye6l7K50xsExuzhcPax0GoR76rA.edabc315a111f721c7c62123d697ace60242bbb4&uuid=&state=_BLhILn4SxNIvvL0W45KSic66uCIg23qh8iRG98qeIXmeppkgUc0YHRNgn3KsbHJbmUkku86_mY&data=UlNrNmk5WktYejR0eWJFYk1LdmtxdFVvX2JPZzkyaEU2WFNsdVNGUmVZbU91UHlqSWwyc082R2xtYk53V1c3QkhWaXA3alNyWjkxMGZpamxEMGU3X1hGdG1SRFcxT3MzdjQ3b1pFSzZaVDA&b64e=2&sign=07728c96d1b04f1640e0f5cf5d8225f9&keyno=0&cst=AiuY0DBWFJ7IXge4WdYJQXbYQp9t5VF6YQh60p1ySc081jisfgEYoCBVT6FAJ14I7n4W7z6MkBCDzxjWhoSOwb4AAhI2KLGSEOPxM4Z8oCvk3W8K3u23aytpkkE2tkybg2Q87RZXzf5Ar6QooQGJK_cPQcVHAEQK&ref=orjY4mGPRjk5boDnW0uvlrrd71vZw9kp5uQozpMtKCXdCnh-_wii4fOQK4L58ePg9QtqY37oyzbe04e7A3LAVrMga99sK3Ue_f1vR5ymO_NKxvf2XY09Sw&l10n=ru&cts=1497149032522&mc=1.8485411045" "Mozilla/4.0 (compatible; MSIE 8.0; Windows NT 5.1; Trident/4.0; .NET CLR 1.1.4322)" 
172.58.152.240 - - [10/Jun/2017:20:15:26 -0700] "GET / HTTP/1.1" 200 10793 "-" "Mozilla/5.0 (Linux; Android 5.0.2; D6616 Build/23.1.C.0.399) AppleWebKit/537.36 (KHTML, like Gecko) Chrome/58.0.3029.83 Mobile Safari/537.36" 
172.58.152.240 - - [10/Jun/2017:20:15:27 -0700] "GET /twitter-icon.png HTTP/1.1" 200 27787 "http://www.secrepo.com/" "Mozilla/5.0 (Linux; Android 5.0.2; D6616 Build/23.1.C.0.399) AppleWebKit/537.36 (KHTML, like Gecko) Chrome/58.0.3029.83 Mobile Safari/537.36" 
172.58.152.240 - - [10/Jun/2017:20:15:27 -0700] "GET /GitHub-Mark.png HTTP/1.1" 200 7428 "http://www.secrepo.com/" "Mozilla/5.0 (Linux; Android 5.0.2; D6616 Build/23.1.C.0.399) AppleWebKit/537.36 (KHTML, like Gecko) Chrome/58.0.3029.83 Mobile Safari/537.36" 
172.58.152.240 - - [10/Jun/2017:20:15:27 -0700] "GET /bootstrap/img/favicon.ico HTTP/1.1" 200 589 "http://www.secrepo.com/" "Mozilla/5.0 (Linux; Android 5.0.2; D6616 Build/23.1.C.0.399) AppleWebKit/537.36 (KHTML, like Gecko) Chrome/58.0.3029.83 Mobile Safari/537.36" 
216.244.66.227 - - [10/Jun/2017:20:15:43 -0700] "GET /robots.txt HTTP/1.1" 200 233 "-" "Mozilla/5.0 (compatible; DotBot/1.1; http://www.opensiteexplorer.org/dotbot, help@moz.com)" 
172.58.152.240 - - [10/Jun/2017:20:16:23 -0700] "GET /self.logs/ HTTP/1.1" 200 17851 "http://www.secrepo.com/" "Mozilla/5.0 (Linux; Android 5.0.2; D6616 Build/23.1.C.0.399) AppleWebKit/537.36 (KHTML, like Gecko) Chrome/58.0.3029.83 Mobile Safari/537.36" 
172.58.152.240 - - [10/Jun/2017:20:16:24 -0700] "GET /favicon.ico HTTP/1.1" 200 267 "http://www.secrepo.com/self.logs/" "Mozilla/5.0 (Linux; Android 5.0.2; D6616 Build/23.1.C.0.399) AppleWebKit/537.36 (KHTML, like Gecko) Chrome/58.0.3029.83 Mobile Safari/537.36" 
172.58.152.240 - - [10/Jun/2017:20:16:35 -0700] "GET /self.logs/access.log.2015-01-18.gz HTTP/1.1" 200 3472 "http://www.secrepo.com/self.logs/" "Mozilla/5.0 (Linux; Android 5.0.2; D6616 Build/23.1.C.0.399) AppleWebKit/537.36 (KHTML, like Gecko) Chrome/58.0.3029.83 Mobile Safari/537.36" 
172.58.152.240 - - [10/Jun/2017:20:17:04 -0700] "GET /auth.log/auth.log.gz HTTP/1.1" 200 554524 "-" "Mozilla/5.0 (Linux; Android 5.0.2; D6616 Build/23.1.C.0.399) AppleWebKit/537.36 (KHTML, like Gecko) Chrome/58.0.3029.83 Mobile Safari/537.36" 
74.125.59.6 - - [10/Jun/2017:20:28:37 -0700] "GET /self.logs/ HTTP/1.1" 200 17851 "http://www.secrepo.com/" "Mozilla/5.0 (X11; Linux x86_64) AppleWebKit/537.36 (KHTML, like Gecko) Chrome/59.0.3071.86 Safari/537.36" 
74.125.59.6 - - [10/Jun/2017:20:28:39 -0700] "GET /favicon.ico HTTP/1.1" 200 267 "http://www.secrepo.com/self.logs/" "Mozilla/5.0 (X11; Linux x86_64) AppleWebKit/537.36 (KHTML, like Gecko) Chrome/59.0.3071.86 Safari/537.36" 
