5.149.254.109 - - [06/Jun/2016:02:16:23 -0700] "GET /wordpress/ HTTP/1.1" 404 239 "-" "Mozilla/4.0 (compatible; MSIE 7.0; Windows NT 5.1; SV1; (R1 1.5); .NET CLR 1.1.0414.6023; InfoPath.1; .NET CLR 2.0.50727)" 
51.255.65.18 - - [06/Jun/2016:02:33:06 -0700] "GET /self.logs/error.log.2015-11-26.gz HTTP/1.1" 200 587 "-" "Mozilla/5.0 (compatible; AhrefsBot/5.1; +http://ahrefs.com/robot/)" 
157.55.39.141 - - [06/Jun/2016:02:35:12 -0700] "GET /honeypot/Honeypot%20-%20Howto%20-%20BSides%20Austin.pdf HTTP/1.1" 200 2928460 "-" "Mozilla/5.0 (iPhone; CPU iPhone OS 7_0 like Mac OS X) AppleWebKit/537.51.1 (KHTML, like Gecko) Version/7.0 Mobile/11A465 Safari/9537.53 (compatible; bingbot/2.0; +http://www.bing.com/bingbot.htm)" 
157.55.39.202 - - [06/Jun/2016:02:35:32 -0700] "GET /robots.txt HTTP/1.1" 200 334 "-" "Mozilla/5.0 (compatible; bingbot/2.0; +http://www.bing.com/bingbot.htm)" 
117.177.241.60 - - [06/Jun/2016:02:37:05 -0700] "GET /tg/a.zip HTTP/1.1" 304 132 "-" "Mozilla/5.0 Gecko/20100115 Firefox/3.6" 
151.80.31.164 - - [06/Jun/2016:02:56:59 -0700] "GET /self.logs/error.log.2016-01-08.gz HTTP/1.1" 200 787 "-" "Mozilla/5.0 (compatible; AhrefsBot/5.1; +http://ahrefs.com/robot/)" 
40.77.167.26 - - [06/Jun/2016:02:57:33 -0700] "GET /robots.txt HTTP/1.1" 200 289 "-" "Mozilla/5.0 (compatible; bingbot/2.0; +http://www.bing.com/bingbot.htm)" 
40.77.167.66 - - [06/Jun/2016:03:05:15 -0700] "GET /self.logs/access.log.2016-04-22.gz HTTP/1.1" 200 8034 "-" "Mozilla/5.0 (compatible; bingbot/2.0; +http://www.bing.com/bingbot.htm)" 
111.7.128.40 - - [06/Jun/2016:03:07:14 -0700] "GET /tg/a.zip HTTP/1.1" 304 132 "-" "Mozilla/5.0 Gecko/20100115 Firefox/3.6" 
157.55.39.202 - - [06/Jun/2016:03:19:19 -0700] "GET /self.logs/access.log.2015-12-19.gz HTTP/1.1" 301 546 "-" "Mozilla/5.0 (compatible; bingbot/2.0; +http://www.bing.com/bingbot.htm)" 
193.113.37.9 - - [06/Jun/2016:03:30:01 -0700] "GET /bootstrap/img/favicon.ico HTTP/1.1" 304 165 "-" "Mozilla/5.0 (Windows NT 6.3; WOW64; rv:46.0) Gecko/20100101 Firefox/46.0" 
193.113.37.9 - - [06/Jun/2016:03:30:01 -0700] "GET /bootstrap/img/favicon.ico HTTP/1.1" 304 164 "-" "Mozilla/5.0 (Windows NT 6.3; WOW64; rv:46.0) Gecko/20100101 Firefox/46.0" 
95.183.244.2 - - [06/Jun/2016:03:34:38 -0700] "GET / HTTP/1.1" 301 483 "-" "Mozilla/5.0 (Windows NT 6.3; WOW64) AppleWebKit/537.36 (KHTML, like Gecko) Chrome/50.0.2661.102 Safari/537.36" 
95.183.244.2 - - [06/Jun/2016:03:34:40 -0700] "GET / HTTP/1.1" 200 9878 "-" "Mozilla/5.0 (Windows NT 6.3; WOW64) AppleWebKit/537.36 (KHTML, like Gecko) Chrome/50.0.2661.102 Safari/537.36" 
95.183.244.2 - - [06/Jun/2016:03:34:41 -0700] "GET /twitter-icon.png HTTP/1.1" 200 27787 "http://www.secrepo.com/" "Mozilla/5.0 (Windows NT 6.3; WOW64) AppleWebKit/537.36 (KHTML, like Gecko) Chrome/50.0.2661.102 Safari/537.36" 
95.183.244.2 - - [06/Jun/2016:03:34:41 -0700] "GET /GitHub-Mark.png HTTP/1.1" 200 7428 "http://www.secrepo.com/" "Mozilla/5.0 (Windows NT 6.3; WOW64) AppleWebKit/537.36 (KHTML, like Gecko) Chrome/50.0.2661.102 Safari/537.36" 
222.128.120.5 - - [06/Jun/2016:03:40:27 -0700] "GET / HTTP/1.1" 200 9878 "http://www.mlsecproject.org/" "Mozilla/5.0 (Windows NT 10.0; WOW64; rv:46.0) Gecko/20100101 Firefox/46.0" 
222.128.120.5 - - [06/Jun/2016:03:40:27 -0700] "GET /bootstrap/img/favicon.ico HTTP/1.1" 200 589 "-" "Mozilla/5.0 (Windows NT 10.0; WOW64; rv:46.0) Gecko/20100101 Firefox/46.0" 
222.128.120.5 - - [06/Jun/2016:03:40:28 -0700] "GET /twitter-icon.png HTTP/1.1" 200 27787 "http://www.secrepo.com/" "Mozilla/5.0 (Windows NT 10.0; WOW64; rv:46.0) Gecko/20100101 Firefox/46.0" 
222.128.120.5 - - [06/Jun/2016:03:40:28 -0700] "GET /GitHub-Mark.png HTTP/1.1" 200 7428 "http://www.secrepo.com/" "Mozilla/5.0 (Windows NT 10.0; WOW64; rv:46.0) Gecko/20100101 Firefox/46.0" 
159.226.95.68 - - [06/Jun/2016:03:43:56 -0700] "GET /favicon.ico HTTP/1.1" 200 268 "-" "Mozilla/5.0 (Windows NT 10.0; WOW64) AppleWebKit/537.36 (KHTML, like Gecko) Chrome/42.0.2311.154 Safari/537.36 LBBROWSER" 
85.4.49.65 - - [06/Jun/2016:03:46:05 -0700] "GET / HTTP/1.1" 301 483 "-" "Mozilla/5.0 (X11; Linux x86_64; rv:46.0) Gecko/20100101 Firefox/46.0" 
85.4.49.65 - - [06/Jun/2016:03:46:05 -0700] "GET / HTTP/1.1" 200 9878 "-" "Mozilla/5.0 (X11; Linux x86_64; rv:46.0) Gecko/20100101 Firefox/46.0" 
85.4.49.65 - - [06/Jun/2016:03:46:06 -0700] "GET /twitter-icon.png HTTP/1.1" 200 27787 "http://www.secrepo.com/" "Mozilla/5.0 (X11; Linux x86_64; rv:46.0) Gecko/20100101 Firefox/46.0" 
85.4.49.65 - - [06/Jun/2016:03:46:06 -0700] "GET /GitHub-Mark.png HTTP/1.1" 200 7428 "http://www.secrepo.com/" "Mozilla/5.0 (X11; Linux x86_64; rv:46.0) Gecko/20100101 Firefox/46.0" 
85.4.49.65 - - [06/Jun/2016:03:46:06 -0700] "GET /bootstrap/img/favicon.ico HTTP/1.1" 200 590 "-" "Mozilla/5.0 (X11; Linux x86_64; rv:46.0) Gecko/20100101 Firefox/46.0" 
58.6.54.187 - - [06/Jun/2016:03:48:53 -0700] "GET / HTTP/1.1" 200 9878 "-" "Mozilla/5.0 (Macintosh; Intel Mac OS X 10_11_5) AppleWebKit/601.6.17 (KHTML, like Gecko)" 
58.6.54.187 - - [06/Jun/2016:03:48:53 -0700] "GET /apple-touch-icon-precomposed.png HTTP/1.1" 404 340 "-" "Safari/11601.6.17 CFNetwork/760.5.1 Darwin/15.5.0 (x86_64)" 
58.6.54.187 - - [06/Jun/2016:03:48:53 -0700] "GET /apple-touch-icon.png HTTP/1.1" 404 339 "-" "Safari/11601.6.17 CFNetwork/760.5.1 Darwin/15.5.0 (x86_64)" 
58.6.54.187 - - [06/Jun/2016:03:48:54 -0700] "GET /apple-touch-icon-precomposed.png HTTP/1.1" 404 339 "-" "Safari/11601.6.17 CFNetwork/760.5.1 Darwin/15.5.0 (x86_64)" 
58.6.54.187 - - [06/Jun/2016:03:48:54 -0700] "GET /apple-touch-icon.png HTTP/1.1" 404 339 "-" "Safari/11601.6.17 CFNetwork/760.5.1 Darwin/15.5.0 (x86_64)" 
148.197.138.191 - - [06/Jun/2016:04:04:41 -0700] "GET / HTTP/1.1" 200 9878 "-" "Mozilla/5.0 (Macintosh; Intel Mac OS X 10_11_4) AppleWebKit/537.36 (KHTML, like Gecko) Chrome/50.0.2661.102 Safari/537.36" 
148.197.138.191 - - [06/Jun/2016:04:04:41 -0700] "GET /twitter-icon.png HTTP/1.1" 200 27787 "http://www.secrepo.com/" "Mozilla/5.0 (Macintosh; Intel Mac OS X 10_11_4) AppleWebKit/537.36 (KHTML, like Gecko) Chrome/50.0.2661.102 Safari/537.36" 
148.197.138.191 - - [06/Jun/2016:04:04:41 -0700] "GET /GitHub-Mark.png HTTP/1.1" 200 7428 "http://www.secrepo.com/" "Mozilla/5.0 (Macintosh; Intel Mac OS X 10_11_4) AppleWebKit/537.36 (KHTML, like Gecko) Chrome/50.0.2661.102 Safari/537.36" 
148.197.138.191 - - [06/Jun/2016:04:04:42 -0700] "GET /bootstrap/img/favicon.ico HTTP/1.1" 200 589 "http://www.secrepo.com/" "Mozilla/5.0 (Macintosh; Intel Mac OS X 10_11_4) AppleWebKit/537.36 (KHTML, like Gecko) Chrome/50.0.2661.102 Safari/537.36" 
40.77.167.66 - - [06/Jun/2016:04:06:39 -0700] "GET /self.logs/ HTTP/1.1" 200 10556 "-" "Mozilla/5.0 (compatible; bingbot/2.0; +http://www.bing.com/bingbot.htm)" 
40.77.167.66 - - [06/Jun/2016:04:06:39 -0700] "GET /self.logs/?C=S;O=A HTTP/1.1" 200 11790 "-" "Mozilla/5.0 (compatible; bingbot/2.0; +http://www.bing.com/bingbot.htm)" 
40.77.167.66 - - [06/Jun/2016:04:06:39 -0700] "GET /self.logs/?C=M;O=D HTTP/1.1" 200 10752 "-" "Mozilla/5.0 (compatible; bingbot/2.0; +http://www.bing.com/bingbot.htm)" 
157.55.39.202 - - [06/Jun/2016:04:06:43 -0700] "GET /self.logs/access.log.2016-01-22.gz HTTP/1.1" 200 5675 "-" "Mozilla/5.0 (compatible; bingbot/2.0; +http://www.bing.com/bingbot.htm)" 
157.55.39.202 - - [06/Jun/2016:04:06:43 -0700] "GET /self.logs/?C=N;O=A HTTP/1.1" 200 10555 "-" "Mozilla/5.0 (compatible; bingbot/2.0; +http://www.bing.com/bingbot.htm)" 
157.55.39.202 - - [06/Jun/2016:04:06:43 -0700] "GET /self.logs/?C=D;O=A HTTP/1.1" 200 10555 "-" "Mozilla/5.0 (compatible; bingbot/2.0; +http://www.bing.com/bingbot.htm)" 
157.55.39.141 - - [06/Jun/2016:04:06:50 -0700] "GET /self.logs/?C=N;O=D HTTP/1.1" 200 10589 "-" "Mozilla/5.0 (compatible; bingbot/2.0; +http://www.bing.com/bingbot.htm)" 
157.55.39.141 - - [06/Jun/2016:04:06:51 -0700] "GET /self.logs/error.log.2016-01-19.gz HTTP/1.1" 200 683 "-" "Mozilla/5.0 (compatible; bingbot/2.0; +http://www.bing.com/bingbot.htm)" 
157.55.39.141 - - [06/Jun/2016:04:06:51 -0700] "GET /self.logs/?C=D;O=D HTTP/1.1" 200 10588 "-" "Mozilla/5.0 (compatible; bingbot/2.0; +http://www.bing.com/bingbot.htm)" 
207.46.13.138 - - [06/Jun/2016:04:06:54 -0700] "GET /self.logs/?C=S;O=D HTTP/1.1" 200 11850 "-" "Mozilla/5.0 (compatible; bingbot/2.0; +http://www.bing.com/bingbot.htm)" 
207.46.13.138 - - [06/Jun/2016:04:06:55 -0700] "GET / HTTP/1.1" 200 9877 "-" "Mozilla/5.0 (compatible; bingbot/2.0; +http://www.bing.com/bingbot.htm)" 
207.46.13.138 - - [06/Jun/2016:04:06:55 -0700] "GET /self.logs/?C=M;O=A HTTP/1.1" 200 10777 "-" "Mozilla/5.0 (compatible; bingbot/2.0; +http://www.bing.com/bingbot.htm)" 
111.23.10.33 - - [06/Jun/2016:04:12:08 -0700] "GET /tg/a.zip HTTP/1.1" 304 132 "-" "Mozilla/5.0 Gecko/20100115 Firefox/3.6" 
51.255.65.62 - - [06/Jun/2016:04:14:02 -0700] "GET /self.logs/error.log.2016-01-31.gz HTTP/1.1" 200 566 "-" "Mozilla/5.0 (compatible; AhrefsBot/5.1; +http://ahrefs.com/robot/)" 
62.210.148.246 - - [06/Jun/2016:04:14:17 -0700] "GET /robots.txt HTTP/1.0" 301 481 "-" "Mozilla/5.0 (compatible; MJ12bot/v1.4.5; http://www.majestic12.co.uk/bot.php?+)" 
62.210.148.246 - - [06/Jun/2016:04:14:17 -0700] "GET /robots.txt HTTP/1.0" 200 252 "-" "Mozilla/5.0 (compatible; MJ12bot/v1.4.5; http://www.majestic12.co.uk/bot.php?+)" 
62.210.148.246 - - [06/Jun/2016:04:14:19 -0700] "GET /&quot HTTP/1.0" 301 475 "-" "Mozilla/5.0 (compatible; MJ12bot/v1.4.5; http://www.majestic12.co.uk/bot.php?+)" 
62.210.148.246 - - [06/Jun/2016:04:14:20 -0700] "GET /robots.txt HTTP/1.0" 200 252 "-" "Mozilla/5.0 (compatible; MJ12bot/v1.4.5; http://www.majestic12.co.uk/bot.php?+)" 
62.210.148.246 - - [06/Jun/2016:04:14:21 -0700] "GET /&quot HTTP/1.0" 404 284 "-" "Mozilla/5.0 (compatible; MJ12bot/v1.4.5; http://www.majestic12.co.uk/bot.php?+)" 
125.99.120.234 - - [06/Jun/2016:04:21:43 -0700] "GET / HTTP/1.1" 200 9878 "http://www.mlsecproject.org/" "Mozilla/5.0 (Windows NT 6.2; WOW64) AppleWebKit/537.36 (KHTML, like Gecko) Chrome/50.0.2661.102 Safari/537.36" 
125.99.120.234 - - [06/Jun/2016:04:21:58 -0700] "GET /twitter-icon.png HTTP/1.1" 200 27788 "http://www.secrepo.com/" "Mozilla/5.0 (Windows NT 6.2; WOW64) AppleWebKit/537.36 (KHTML, like Gecko) Chrome/50.0.2661.102 Safari/537.36" 
125.99.120.234 - - [06/Jun/2016:04:21:58 -0700] "GET /GitHub-Mark.png HTTP/1.1" 200 7427 "http://www.secrepo.com/" "Mozilla/5.0 (Windows NT 6.2; WOW64) AppleWebKit/537.36 (KHTML, like Gecko) Chrome/50.0.2661.102 Safari/537.36" 
125.99.120.234 - - [06/Jun/2016:04:22:07 -0700] "GET /bootstrap/img/favicon.ico HTTP/1.1" 200 590 "http://www.secrepo.com/" "Mozilla/5.0 (Windows NT 6.2; WOW64) AppleWebKit/537.36 (KHTML, like Gecko) Chrome/50.0.2661.102 Safari/537.36" 
164.132.161.3 - - [06/Jun/2016:04:22:53 -0700] "GET /self.logs/error.log.2015-09-24.gz HTTP/1.1" 200 677 "-" "Mozilla/5.0 (compatible; AhrefsBot/5.1; +http://ahrefs.com/robot/)" 
212.201.131.80 - - [06/Jun/2016:04:28:31 -0700] "GET / HTTP/1.1" 200 9878 "-" "Mozilla/5.0 (X11; Linux x86_64) AppleWebKit/537.36 (KHTML, like Gecko) Chrome/51.0.2704.79 Safari/537.36" 
212.201.131.80 - - [06/Jun/2016:04:28:32 -0700] "GET /twitter-icon.png HTTP/1.1" 200 27787 "http://www.secrepo.com/" "Mozilla/5.0 (X11; Linux x86_64) AppleWebKit/537.36 (KHTML, like Gecko) Chrome/51.0.2704.79 Safari/537.36" 
212.201.131.80 - - [06/Jun/2016:04:28:32 -0700] "GET /GitHub-Mark.png HTTP/1.1" 200 7428 "http://www.secrepo.com/" "Mozilla/5.0 (X11; Linux x86_64) AppleWebKit/537.36 (KHTML, like Gecko) Chrome/51.0.2704.79 Safari/537.36" 
212.201.131.80 - - [06/Jun/2016:04:28:32 -0700] "GET /bootstrap/img/favicon.ico HTTP/1.1" 200 589 "http://www.secrepo.com/" "Mozilla/5.0 (X11; Linux x86_64) AppleWebKit/537.36 (KHTML, like Gecko) Chrome/51.0.2704.79 Safari/537.36" 
202.196.63.124 - - [06/Jun/2016:04:31:33 -0700] "GET /favicon.ico HTTP/1.1" 200 268 "-" "Mozilla/5.0 (Windows; U; MSIE 6.0; Windows NT 5.1; SV1; .NET CLR 2.0.50727; BIDUBrowser 7.6)" 
202.196.63.124 - - [06/Jun/2016:04:31:34 -0700] "GET / HTTP/1.1" 200 32799 "-" "Mozilla/5.0 (Windows; U; MSIE 6.0; Windows NT 5.1; SV1; .NET CLR 2.0.50727; BIDUBrowser 7.6)" 
202.196.63.124 - - [06/Jun/2016:04:31:34 -0700] "GET /bootstrap/img/favicon.ico HTTP/1.1" 304 164 "-" "Mozilla/5.0 (Windows; U; MSIE 6.0; Windows NT 5.1; SV1; .NET CLR 2.0.50727; BIDUBrowser 7.6)" 
202.196.63.124 - - [06/Jun/2016:04:31:36 -0700] "GET /favicon.ico HTTP/1.1" 200 267 "-" "Mozilla/5.0 (Windows; U; MSIE 6.0; Windows NT 5.1; SV1; .NET CLR 2.0.50727; BIDUBrowser 7.6)" 
202.196.63.124 - - [06/Jun/2016:04:31:36 -0700] "GET / HTTP/1.1" 200 32799 "-" "Mozilla/5.0 (Windows; U; MSIE 6.0; Windows NT 5.1; SV1; .NET CLR 2.0.50727; BIDUBrowser 7.6)" 
202.196.63.124 - - [06/Jun/2016:04:31:37 -0700] "GET /bootstrap/img/favicon.ico HTTP/1.1" 304 164 "-" "Mozilla/5.0 (Windows; U; MSIE 6.0; Windows NT 5.1; SV1; .NET CLR 2.0.50727; BIDUBrowser 7.6)" 
157.55.39.141 - - [06/Jun/2016:04:32:26 -0700] "GET /self.logs/error.log.2015-02-18.gz HTTP/1.1" 200 3123 "-" "Mozilla/5.0 (compatible; bingbot/2.0; +http://www.bing.com/bingbot.htm)" 
40.77.167.66 - - [06/Jun/2016:04:35:17 -0700] "GET /self.logs/access.log.2016-01-02.gz HTTP/1.1" 301 545 "-" "Mozilla/5.0 (compatible; bingbot/2.0; +http://www.bing.com/bingbot.htm)" 
81.252.251.70 - - [06/Jun/2016:04:39:55 -0700] "GET / HTTP/1.1" 200 9878 "https://www.google.fr" "Mozilla/5.0 (Windows NT 6.3; WOW64; rv:46.0) Gecko/20100101 Firefox/46.0" 
81.252.251.70 - - [06/Jun/2016:04:39:55 -0700] "GET /bootstrap/img/favicon.ico HTTP/1.1" 200 589 "-" "Mozilla/5.0 (Windows NT 6.3; WOW64; rv:46.0) Gecko/20100101 Firefox/46.0" 
81.252.251.70 - - [06/Jun/2016:04:39:55 -0700] "GET /twitter-icon.png HTTP/1.1" 200 27787 "http://www.secrepo.com/" "Mozilla/5.0 (Windows NT 6.3; WOW64; rv:46.0) Gecko/20100101 Firefox/46.0" 
81.252.251.70 - - [06/Jun/2016:04:39:55 -0700] "GET /GitHub-Mark.png HTTP/1.1" 200 7428 "http://www.secrepo.com/" "Mozilla/5.0 (Windows NT 6.3; WOW64; rv:46.0) Gecko/20100101 Firefox/46.0" 
81.252.251.70 - - [06/Jun/2016:04:41:00 -0700] "GET /self.logs/ HTTP/1.1" 200 10556 "http://www.secrepo.com/" "Mozilla/5.0 (Windows NT 6.3; WOW64; rv:46.0) Gecko/20100101 Firefox/46.0" 
81.252.251.70 - - [06/Jun/2016:04:41:00 -0700] "GET /favicon.ico HTTP/1.1" 200 267 "-" "Mozilla/5.0 (Windows NT 6.3; WOW64; rv:46.0) Gecko/20100101 Firefox/46.0" 
81.252.251.70 - - [06/Jun/2016:04:41:07 -0700] "GET /honeypot/honeypot.json.zip HTTP/1.1" 200 4631873 "http://www.secrepo.com/" "Mozilla/5.0 (Windows NT 6.3; WOW64; rv:46.0) Gecko/20100101 Firefox/46.0" 
51.255.65.40 - - [06/Jun/2016:04:45:09 -0700] "GET /self.logs/access.log.2016-04-03.gz HTTP/1.1" 200 14119 "-" "Mozilla/5.0 (compatible; AhrefsBot/5.1; +http://ahrefs.com/robot/)" 
117.190.191.170 - - [06/Jun/2016:04:50:29 -0700] "GET /tg/a.zip HTTP/1.1" 304 132 "-" "Mozilla/5.0 Gecko/20100115 Firefox/3.6" 
111.23.4.148 - - [06/Jun/2016:04:59:48 -0700] "GET /tg/a.zip HTTP/1.1" 304 132 "-" "Mozilla/5.0 Gecko/20100115 Firefox/3.6" 
51.255.65.40 - - [06/Jun/2016:05:00:38 -0700] "GET /self.logs/error.log.2016-03-11.gz HTTP/1.1" 200 835 "-" "Mozilla/5.0 (compatible; AhrefsBot/5.1; +http://ahrefs.com/robot/)" 
207.46.13.138 - - [06/Jun/2016:05:02:19 -0700] "GET /self.logs/error.log.2015-03-06.gz HTTP/1.1" 301 544 "-" "Mozilla/5.0 (compatible; bingbot/2.0; +http://www.bing.com/bingbot.htm)" 
66.249.64.250 - - [06/Jun/2016:05:13:39 -0700] "GET / HTTP/1.1" 200 9878 "-" "Mozilla/5.0 (compatible; Googlebot/2.1; +http://www.google.com/bot.html)" 
164.132.161.25 - - [06/Jun/2016:05:15:45 -0700] "GET /self.logs/error.log.2016-05-02.gz HTTP/1.1" 200 633 "-" "Mozilla/5.0 (compatible; AhrefsBot/5.1; +http://ahrefs.com/robot/)" 
202.196.63.124 - - [06/Jun/2016:05:18:09 -0700] "GET /favicon.ico HTTP/1.1" 200 268 "-" "Mozilla/5.0 (Windows; U; MSIE 6.0; Windows NT 5.1; SV1; .NET CLR 2.0.50727; BIDUBrowser 7.6)" 
202.196.63.124 - - [06/Jun/2016:05:18:09 -0700] "GET / HTTP/1.1" 200 32799 "-" "Mozilla/5.0 (Windows; U; MSIE 6.0; Windows NT 5.1; SV1; .NET CLR 2.0.50727; BIDUBrowser 7.6)" 
202.196.63.124 - - [06/Jun/2016:05:18:09 -0700] "GET /bootstrap/img/favicon.ico HTTP/1.1" 304 164 "-" "Mozilla/5.0 (Windows; U; MSIE 6.0; Windows NT 5.1; SV1; .NET CLR 2.0.50727; BIDUBrowser 7.6)" 
40.77.167.26 - - [06/Jun/2016:05:33:16 -0700] "GET / HTTP/1.1" 200 9878 "-" "Mozilla/5.0 (compatible; bingbot/2.0; +http://www.bing.com/bingbot.htm)" 
51.255.65.54 - - [06/Jun/2016:05:33:43 -0700] "GET / HTTP/1.1" 200 9822 "-" "Mozilla/5.0 (compatible; AhrefsBot/5.1; +http://ahrefs.com/robot/)" 
117.177.241.60 - - [06/Jun/2016:05:37:08 -0700] "GET /tg/a.zip HTTP/1.1" 304 132 "-" "Mozilla/5.0 Gecko/20100115 Firefox/3.6" 
72.2.127.236 - - [06/Jun/2016:05:38:56 -0700] "GET / HTTP/1.1" 200 9878 "-" "Refind Crawler/0.1 - Best links on the web." 
72.2.127.236 - - [06/Jun/2016:05:38:56 -0700] "GET /twitter-icon.png HTTP/1.1" 200 27787 "http://www.secrepo.com/" "Refind Crawler/0.1 - Best links on the web." 
72.2.127.236 - - [06/Jun/2016:05:38:56 -0700] "GET /GitHub-Mark.png HTTP/1.1" 200 7428 "http://www.secrepo.com/" "Refind Crawler/0.1 - Best links on the web." 
202.196.63.124 - - [06/Jun/2016:05:49:57 -0700] "GET /favicon.ico HTTP/1.1" 200 268 "-" "Mozilla/5.0 (Windows; U; MSIE 6.0; Windows NT 5.1; SV1; .NET CLR 2.0.50727; BIDUBrowser 7.6)" 
202.196.63.124 - - [06/Jun/2016:05:49:57 -0700] "GET / HTTP/1.1" 200 32799 "-" "Mozilla/5.0 (Windows; U; MSIE 6.0; Windows NT 5.1; SV1; .NET CLR 2.0.50727; BIDUBrowser 7.6)" 
202.196.63.124 - - [06/Jun/2016:05:49:58 -0700] "GET /bootstrap/img/favicon.ico HTTP/1.1" 304 164 "-" "Mozilla/5.0 (Windows; U; MSIE 6.0; Windows NT 5.1; SV1; .NET CLR 2.0.50727; BIDUBrowser 7.6)" 
202.196.63.124 - - [06/Jun/2016:05:49:58 -0700] "GET /favicon.ico HTTP/1.1" 200 267 "-" "Mozilla/5.0 (Windows; U; MSIE 6.0; Windows NT 5.1; SV1; .NET CLR 2.0.50727; BIDUBrowser 7.6)" 
202.196.63.124 - - [06/Jun/2016:05:49:59 -0700] "GET / HTTP/1.1" 200 32799 "-" "Mozilla/5.0 (Windows; U; MSIE 6.0; Windows NT 5.1; SV1; .NET CLR 2.0.50727; BIDUBrowser 7.6)" 
151.80.31.179 - - [06/Jun/2016:05:49:59 -0700] "GET /self.logs/access.log.2015-01-19.gz HTTP/1.1" 200 2780 "-" "Mozilla/5.0 (compatible; AhrefsBot/5.1; +http://ahrefs.com/robot/)" 
202.196.63.124 - - [06/Jun/2016:05:49:59 -0700] "GET /bootstrap/img/favicon.ico HTTP/1.1" 304 164 "-" "Mozilla/5.0 (Windows; U; MSIE 6.0; Windows NT 5.1; SV1; .NET CLR 2.0.50727; BIDUBrowser 7.6)" 
202.196.63.124 - - [06/Jun/2016:05:51:12 -0700] "GET /favicon.ico HTTP/1.1" 200 268 "-" "Mozilla/5.0 (Windows; U; MSIE 6.0; Windows NT 5.1; SV1; .NET CLR 2.0.50727; BIDUBrowser 7.6)" 
202.196.63.124 - - [06/Jun/2016:05:51:13 -0700] "GET / HTTP/1.1" 200 32799 "-" "Mozilla/5.0 (Windows; U; MSIE 6.0; Windows NT 5.1; SV1; .NET CLR 2.0.50727; BIDUBrowser 7.6)" 
202.196.63.124 - - [06/Jun/2016:05:51:13 -0700] "GET /bootstrap/img/favicon.ico HTTP/1.1" 304 164 "-" "Mozilla/5.0 (Windows; U; MSIE 6.0; Windows NT 5.1; SV1; .NET CLR 2.0.50727; BIDUBrowser 7.6)" 
66.249.83.209 - - [06/Jun/2016:05:51:22 -0700] "GET / HTTP/1.1" 200 9878 "-" "Mozilla/5.0 (X11; Linux x86_64) AppleWebKit/537.36 (KHTML, like Gecko) Chrome/49.0.2623.75 Safari/537.36 Google Favicon" 
66.249.83.209 - - [06/Jun/2016:05:51:22 -0700] "GET /bootstrap/img/favicon.ico HTTP/1.1" 200 589 "-" "Mozilla/5.0 (X11; Linux x86_64) AppleWebKit/537.36 (KHTML, like Gecko) Chrome/49.0.2623.75 Safari/537.36 Google Favicon" 
111.7.128.40 - - [06/Jun/2016:06:07:16 -0700] "GET /tg/a.zip HTTP/1.1" 304 132 "-" "Mozilla/5.0 Gecko/20100115 Firefox/3.6" 
51.255.65.17 - - [06/Jun/2016:06:15:10 -0700] "GET /self.logs/access.log.2016-01-26.gz HTTP/1.1" 200 5527 "-" "Mozilla/5.0 (compatible; AhrefsBot/5.1; +http://ahrefs.com/robot/)" 
180.76.15.159 - - [06/Jun/2016:06:26:39 -0700] "GET / HTTP/1.1" 200 32789 "-" "Mozilla/5.0 (compatible; Baiduspider/2.0; +http://www.baidu.com/search/spider.html)" 
180.76.15.28 - - [06/Jun/2016:06:27:12 -0700] "GET / HTTP/1.1" 200 21900 "-" "Mozilla/5.0 (compatible; Baiduspider/2.0; +http://www.baidu.com/search/spider.html)" 
37.202.97.221 - - [06/Jun/2016:06:40:43 -0700] "GET / HTTP/1.1" 200 9878 "-" "Mozilla/5.0 (Windows NT 6.1; WOW64) AppleWebKit/537.36 (KHTML, like Gecko) Chrome/50.0.2661.102 Safari/537.36" 
37.202.97.221 - - [06/Jun/2016:06:40:44 -0700] "GET /twitter-icon.png HTTP/1.1" 200 27787 "http://www.secrepo.com/" "Mozilla/5.0 (Windows NT 6.1; WOW64) AppleWebKit/537.36 (KHTML, like Gecko) Chrome/50.0.2661.102 Safari/537.36" 
37.202.97.221 - - [06/Jun/2016:06:40:44 -0700] "GET /GitHub-Mark.png HTTP/1.1" 200 7427 "http://www.secrepo.com/" "Mozilla/5.0 (Windows NT 6.1; WOW64) AppleWebKit/537.36 (KHTML, like Gecko) Chrome/50.0.2661.102 Safari/537.36" 
202.196.63.124 - - [06/Jun/2016:06:48:14 -0700] "GET /favicon.ico HTTP/1.1" 200 268 "-" "Mozilla/5.0 (Windows; U; MSIE 6.0; Windows NT 5.1; SV1; .NET CLR 2.0.50727; BIDUBrowser 7.6)" 
202.196.63.124 - - [06/Jun/2016:06:48:14 -0700] "GET / HTTP/1.1" 200 32799 "-" "Mozilla/5.0 (Windows; U; MSIE 6.0; Windows NT 5.1; SV1; .NET CLR 2.0.50727; BIDUBrowser 7.6)" 
202.196.63.124 - - [06/Jun/2016:06:48:15 -0700] "GET /bootstrap/img/favicon.ico HTTP/1.1" 304 164 "-" "Mozilla/5.0 (Windows; U; MSIE 6.0; Windows NT 5.1; SV1; .NET CLR 2.0.50727; BIDUBrowser 7.6)" 
157.55.39.141 - - [06/Jun/2016:06:52:36 -0700] "GET /self.logs/access.log.2015-11-05.gz HTTP/1.1" 301 545 "-" "Mozilla/5.0 (compatible; bingbot/2.0; +http://www.bing.com/bingbot.htm)" 
59.92.169.183 - - [06/Jun/2016:06:54:51 -0700] "GET / HTTP/1.1" 200 9878 "http://www.mlsecproject.org/" "Mozilla/5.0 (Windows NT 10.0; Win64; x64) AppleWebKit/537.36 (KHTML, like Gecko) Chrome/52.0.2743.24 Safari/537.36" 
59.92.169.183 - - [06/Jun/2016:06:54:51 -0700] "GET /GitHub-Mark.png HTTP/1.1" 200 7428 "http://www.secrepo.com/" "Mozilla/5.0 (Windows NT 10.0; Win64; x64) AppleWebKit/537.36 (KHTML, like Gecko) Chrome/52.0.2743.24 Safari/537.36" 
59.92.169.183 - - [06/Jun/2016:06:54:51 -0700] "GET /twitter-icon.png HTTP/1.1" 200 27787 "http://www.secrepo.com/" "Mozilla/5.0 (Windows NT 10.0; Win64; x64) AppleWebKit/537.36 (KHTML, like Gecko) Chrome/52.0.2743.24 Safari/537.36" 
59.92.169.183 - - [06/Jun/2016:06:54:57 -0700] "GET /bootstrap/img/favicon.ico HTTP/1.1" 200 590 "http://www.secrepo.com/" "Mozilla/5.0 (Windows NT 10.0; Win64; x64) AppleWebKit/537.36 (KHTML, like Gecko) Chrome/52.0.2743.24 Safari/537.36" 
173.234.159.250 - - [06/Jun/2016:06:57:21 -0700] "GET /robots.txt HTTP/1.0" 301 481 "-" "Mozilla/5.0 (compatible; MJ12bot/v1.4.5; http://www.majestic12.co.uk/bot.php?+)" 
173.234.159.250 - - [06/Jun/2016:06:57:22 -0700] "GET /robots.txt HTTP/1.0" 200 252 "-" "Mozilla/5.0 (compatible; MJ12bot/v1.4.5; http://www.majestic12.co.uk/bot.php?+)" 
173.234.159.250 - - [06/Jun/2016:06:57:23 -0700] "GET / HTTP/1.0" 301 461 "-" "Mozilla/5.0 (compatible; MJ12bot/v1.4.5; http://www.majestic12.co.uk/bot.php?+)" 
173.234.159.250 - - [06/Jun/2016:06:57:24 -0700] "GET /robots.txt HTTP/1.0" 200 252 "-" "Mozilla/5.0 (compatible; MJ12bot/v1.4.5; http://www.majestic12.co.uk/bot.php?+)" 
173.234.159.250 - - [06/Jun/2016:06:57:25 -0700] "GET / HTTP/1.0" 200 32789 "-" "Mozilla/5.0 (compatible; MJ12bot/v1.4.5; http://www.majestic12.co.uk/bot.php?+)" 
207.46.13.138 - - [06/Jun/2016:06:58:13 -0700] "GET /self.logs/access.log.2015-12-20.gz HTTP/1.1" 301 545 "-" "Mozilla/5.0 (compatible; bingbot/2.0; +http://www.bing.com/bingbot.htm)" 
111.23.10.33 - - [06/Jun/2016:07:12:10 -0700] "GET /tg/a.zip HTTP/1.1" 304 132 "-" "Mozilla/5.0 Gecko/20100115 Firefox/3.6" 
71.179.173.251 - - [06/Jun/2016:07:31:33 -0700] "GET / HTTP/1.1" 200 9878 "https://t.co/pArNAxyuQQ" "Mozilla/5.0 (Macintosh; Intel Mac OS X 10_11_5) AppleWebKit/537.36 (KHTML, like Gecko) Chrome/50.0.2661.102 Safari/537.36" 
71.179.173.251 - - [06/Jun/2016:07:31:37 -0700] "GET /twitter-icon.png HTTP/1.1" 200 27788 "http://www.secrepo.com/" "Mozilla/5.0 (Macintosh; Intel Mac OS X 10_11_5) AppleWebKit/537.36 (KHTML, like Gecko) Chrome/50.0.2661.102 Safari/537.36" 
71.179.173.251 - - [06/Jun/2016:07:31:37 -0700] "GET /GitHub-Mark.png HTTP/1.1" 200 7428 "http://www.secrepo.com/" "Mozilla/5.0 (Macintosh; Intel Mac OS X 10_11_5) AppleWebKit/537.36 (KHTML, like Gecko) Chrome/50.0.2661.102 Safari/537.36" 
68.180.229.239 - - [06/Jun/2016:07:36:51 -0700] "GET /self.logs/access.log.2016-04-26.gz HTTP/1.1" 200 8169 "-" "Mozilla/5.0 (compatible; Yahoo! Slurp; http://help.yahoo.com/help/us/ysearch/slurp)" 
51.255.65.37 - - [06/Jun/2016:07:44:25 -0700] "GET /self.logs/access.log.2015-03-28.gz HTTP/1.1" 200 3418 "-" "Mozilla/5.0 (compatible; AhrefsBot/5.1; +http://ahrefs.com/robot/)" 
196.23.107.134 - - [06/Jun/2016:07:48:53 -0700] "GET / HTTP/1.1" 200 9878 "https://www.google.co.za/" "Mozilla/5.0 (Windows NT 6.3; WOW64) AppleWebKit/537.36 (KHTML, like Gecko) Chrome/50.0.2661.102 Safari/537.36" 
196.23.107.134 - - [06/Jun/2016:07:48:57 -0700] "GET /twitter-icon.png HTTP/1.1" 200 27788 "http://www.secrepo.com/" "Mozilla/5.0 (Windows NT 6.3; WOW64) AppleWebKit/537.36 (KHTML, like Gecko) Chrome/50.0.2661.102 Safari/537.36" 
196.23.107.134 - - [06/Jun/2016:07:48:57 -0700] "GET /GitHub-Mark.png HTTP/1.1" 200 7428 "http://www.secrepo.com/" "Mozilla/5.0 (Windows NT 6.3; WOW64) AppleWebKit/537.36 (KHTML, like Gecko) Chrome/50.0.2661.102 Safari/537.36" 
196.23.107.134 - - [06/Jun/2016:07:48:58 -0700] "GET /bootstrap/img/favicon.ico HTTP/1.1" 200 589 "http://www.secrepo.com/" "Mozilla/5.0 (Windows NT 6.3; WOW64) AppleWebKit/537.36 (KHTML, like Gecko) Chrome/50.0.2661.102 Safari/537.36" 
196.23.107.134 - - [06/Jun/2016:07:49:52 -0700] "GET / HTTP/1.1" 304 189 "https://www.google.co.za/" "Mozilla/5.0 (Windows NT 6.3; WOW64) AppleWebKit/537.36 (KHTML, like Gecko) Chrome/50.0.2661.102 Safari/537.36" 
196.23.107.134 - - [06/Jun/2016:07:49:54 -0700] "GET /twitter-icon.png HTTP/1.1" 304 165 "http://www.secrepo.com/" "Mozilla/5.0 (Windows NT 6.3; WOW64) AppleWebKit/537.36 (KHTML, like Gecko) Chrome/50.0.2661.102 Safari/537.36" 
196.23.107.134 - - [06/Jun/2016:07:49:54 -0700] "GET /GitHub-Mark.png HTTP/1.1" 304 166 "http://www.secrepo.com/" "Mozilla/5.0 (Windows NT 6.3; WOW64) AppleWebKit/537.36 (KHTML, like Gecko) Chrome/50.0.2661.102 Safari/537.36" 
196.23.107.134 - - [06/Jun/2016:07:49:54 -0700] "GET /bootstrap/img/favicon.ico HTTP/1.1" 200 589 "http://www.secrepo.com/" "Mozilla/5.0 (Windows NT 6.3; WOW64) AppleWebKit/537.36 (KHTML, like Gecko) Chrome/50.0.2661.102 Safari/537.36" 
117.190.191.170 - - [06/Jun/2016:07:50:31 -0700] "GET /tg/a.zip HTTP/1.1" 304 132 "-" "Mozilla/5.0 Gecko/20100115 Firefox/3.6" 
77.75.77.32 - - [06/Jun/2016:07:53:52 -0700] "GET /robots.txt HTTP/1.1" 200 334 "-" "Mozilla/5.0 (compatible; SeznamBot/3.2; +http://napoveda.seznam.cz/en/seznambot-intro/)" 
77.75.77.32 - - [06/Jun/2016:07:53:56 -0700] "GET /honeypot/honeypot.json.zip HTTP/1.1" 200 4631873 "-" "Mozilla/5.0 (compatible; SeznamBot/3.2; +http://napoveda.seznam.cz/en/seznambot-intro/)" 
111.23.4.148 - - [06/Jun/2016:07:59:54 -0700] "GET /tg/a.zip HTTP/1.1" 304 132 "-" "Mozilla/5.0 Gecko/20100115 Firefox/3.6" 
52.26.234.76 - - [06/Jun/2016:08:02:27 -0700] "GET /wp-content/plugins/wysija-newsletters/readme.txt HTTP/1.1" 404 295 "-" "Mozilla/4.0 (compatible; MSIE 6.0; Windows NT 5.1; SV1; .NET CLR 1.1.4322)" 
49.248.203.15 - - [06/Jun/2016:08:03:22 -0700] "GET / HTTP/1.1" 200 9878 "http://www.mlsecproject.org/" "Mozilla/5.0 (Windows NT 6.1) AppleWebKit/537.36 (KHTML, like Gecko) Chrome/49.0.2623.87 Safari/537.36" 
49.248.203.15 - - [06/Jun/2016:08:03:23 -0700] "GET /twitter-icon.png HTTP/1.1" 200 27787 "http://www.secrepo.com/" "Mozilla/5.0 (Windows NT 6.1) AppleWebKit/537.36 (KHTML, like Gecko) Chrome/49.0.2623.87 Safari/537.36" 
49.248.203.15 - - [06/Jun/2016:08:03:23 -0700] "GET /GitHub-Mark.png HTTP/1.1" 200 7428 "http://www.secrepo.com/" "Mozilla/5.0 (Windows NT 6.1) AppleWebKit/537.36 (KHTML, like Gecko) Chrome/49.0.2623.87 Safari/537.36" 
49.248.203.15 - - [06/Jun/2016:08:03:24 -0700] "GET /bootstrap/img/favicon.ico HTTP/1.1" 200 589 "http://www.secrepo.com/" "Mozilla/5.0 (Windows NT 6.1) AppleWebKit/537.36 (KHTML, like Gecko) Chrome/49.0.2623.87 Safari/537.36" 
149.202.74.134 - - [06/Jun/2016:08:36:59 -0700] "GET /robots.txt HTTP/1.1" 200 334 "-" "Mozilla/5.0 (Windows NT 10.0; WOW64) AppleWebKit/537.36 (KHTML, like Gecko) Chrome/40.0.2214.91 Safari/537.36" 
117.177.241.60 - - [06/Jun/2016:08:37:09 -0700] "GET /tg/a.zip HTTP/1.1" 304 132 "-" "Mozilla/5.0 Gecko/20100115 Firefox/3.6" 
68.180.229.239 - - [06/Jun/2016:08:43:12 -0700] "GET /self.logs/access.log.2016-05-14.gz HTTP/1.1" 200 7861 "-" "Mozilla/5.0 (compatible; Yahoo! Slurp; http://help.yahoo.com/help/us/ysearch/slurp)" 
164.132.161.55 - - [06/Jun/2016:08:46:46 -0700] "GET /self.logs/access.log.2015-05-17.gz HTTP/1.1" 200 4054 "-" "Mozilla/5.0 (compatible; AhrefsBot/5.1; +http://ahrefs.com/robot/)" 
151.80.31.174 - - [06/Jun/2016:08:47:48 -0700] "GET /self.logs/access.log.2015-09-13.gz HTTP/1.1" 200 4333 "-" "Mozilla/5.0 (compatible; AhrefsBot/5.1; +http://ahrefs.com/robot/)" 
97.105.90.27 - - [06/Jun/2016:08:55:05 -0700] "GET /GitHub-Mark.png HTTP/1.1" 200 7428 "http://www.secrepo.com/" "Mozilla/5.0 (Macintosh; Intel Mac OS X 10_11_3) AppleWebKit/601.4.4 (KHTML, like Gecko) Version/9.0.3 Safari/601.4.4" 
97.105.90.27 - - [06/Jun/2016:08:55:05 -0700] "GET /bootstrap/img/favicon.ico HTTP/1.1" 200 590 "http://www.secrepo.com/" "Mozilla/5.0 (Macintosh; Intel Mac OS X 10_11_3) AppleWebKit/601.4.4 (KHTML, like Gecko) Version/9.0.3 Safari/601.4.4" 
97.105.90.27 - - [06/Jun/2016:08:55:06 -0700] "GET /favicon.ico HTTP/1.1" 200 267 "http://www.secrepo.com/self.logs/" "Mozilla/5.0 (Macintosh; Intel Mac OS X 10_11_3) AppleWebKit/601.4.4 (KHTML, like Gecko) Version/9.0.3 Safari/601.4.4" 
69.197.163.195 - - [06/Jun/2016:08:58:07 -0700] "GET /robots.txt HTTP/1.0" 200 289 "-" "Mozilla/5.0 (compatible; MJ12bot/v1.4.5; http://www.majestic12.co.uk/bot.php?+)" 
69.197.163.195 - - [06/Jun/2016:08:58:10 -0700] "GET / HTTP/1.1" 200 32744 "-" "Mozilla/5.0 (compatible; MJ12bot/v1.4.5; http://www.majestic12.co.uk/bot.php?+)" 
111.7.128.40 - - [06/Jun/2016:09:07:17 -0700] "GET /tg/a.zip HTTP/1.1" 304 132 "-" "Mozilla/5.0 Gecko/20100115 Firefox/3.6" 
223.240.45.93 - - [06/Jun/2016:09:09:04 -0700] "GET /access.log.2015-01-17.gz HTTP/1.1" 301 530 "-" "Mozilla/5.0 (Windows NT 6.1; Trident/7.0; rv:11.0) like Gecko" 
223.240.45.93 - - [06/Jun/2016:09:09:10 -0700] "GET /access.log.2015-01-17.gz HTTP/1.1" 404 340 "-" "Mozilla/5.0 (Windows NT 6.1; Trident/7.0; rv:11.0) like Gecko" 
164.132.161.84 - - [06/Jun/2016:09:18:11 -0700] "GET /self.logs/access.log.2016-02-04.gz HTTP/1.1" 200 7204 "-" "Mozilla/5.0 (compatible; AhrefsBot/5.1; +http://ahrefs.com/robot/)" 
66.249.84.168 - - [06/Jun/2016:09:28:35 -0700] "GET / HTTP/1.1" 200 9878 "-" "Mozilla/5.0 (X11; Linux x86_64) AppleWebKit/537.36 (KHTML, like Gecko) Chrome/49.0.2623.75 Safari/537.36 Google Favicon" 
66.249.84.166 - - [06/Jun/2016:09:28:35 -0700] "GET /bootstrap/img/favicon.ico HTTP/1.1" 200 590 "-" "Mozilla/5.0 (X11; Linux x86_64) AppleWebKit/537.36 (KHTML, like Gecko) Chrome/49.0.2623.75 Safari/537.36 Google Favicon" 
108.19.171.88 - - [06/Jun/2016:09:33:31 -0700] "GET / HTTP/1.1" 200 9878 "-" "Mozilla/5.0 (Windows NT 6.1; WOW64) AppleWebKit/537.36 (KHTML, like Gecko) Chrome/50.0.2661.102 Safari/537.36" 
108.19.171.88 - - [06/Jun/2016:09:33:31 -0700] "GET /twitter-icon.png HTTP/1.1" 200 27787 "http://www.secrepo.com/" "Mozilla/5.0 (Windows NT 6.1; WOW64) AppleWebKit/537.36 (KHTML, like Gecko) Chrome/50.0.2661.102 Safari/537.36" 
108.19.171.88 - - [06/Jun/2016:09:33:31 -0700] "GET /GitHub-Mark.png HTTP/1.1" 200 7428 "http://www.secrepo.com/" "Mozilla/5.0 (Windows NT 6.1; WOW64) AppleWebKit/537.36 (KHTML, like Gecko) Chrome/50.0.2661.102 Safari/537.36" 
108.19.171.88 - - [06/Jun/2016:09:33:33 -0700] "GET /bootstrap/img/favicon.ico HTTP/1.1" 200 589 "http://www.secrepo.com/" "Mozilla/5.0 (Windows NT 6.1; WOW64) AppleWebKit/537.36 (KHTML, like Gecko) Chrome/50.0.2661.102 Safari/537.36" 
220.181.108.111 - - [06/Jun/2016:09:50:16 -0700] "GET /bootstrap/img/favicon.ico HTTP/1.1" 200 553 "-" "Mozilla/5.0 (compatible; Baiduspider/2.0; +http://www.baidu.com/search/spider.html)" 
223.240.45.93 - - [06/Jun/2016:09:53:40 -0700] "GET /access.log.2015-02-04.gz HTTP/1.1" 301 530 "-" "Mozilla/5.0 (Windows NT 6.1; Trident/7.0; rv:11.0) like Gecko" 
223.240.45.93 - - [06/Jun/2016:09:53:40 -0700] "GET /access.log.2015-02-04.gz HTTP/1.1" 404 340 "-" "Mozilla/5.0 (Windows NT 6.1; Trident/7.0; rv:11.0) like Gecko" 
164.132.161.15 - - [06/Jun/2016:09:55:04 -0700] "GET /self.logs/access.log.2015-05-13.gz HTTP/1.1" 200 7788 "-" "Mozilla/5.0 (compatible; AhrefsBot/5.1; +http://ahrefs.com/robot/)" 
85.103.59.196 - - [06/Jun/2016:09:56:20 -0700] "GET /bootstrap/img/favicon.ico HTTP/1.1" 200 590 "-" "Mozilla/5.0 (Windows NT 10.0; WOW64; rv:46.0) Gecko/20100101 Firefox/46.0" 
49.144.79.178 - - [06/Jun/2016:10:00:02 -0700] "GET /wp-login.php HTTP/1.1" 404 295 "-" "Mozilla/5.0 (Windows NT 6.1; WOW64; rv:40.0) Gecko/20100101 Firefox/40.1" 
49.144.79.178 - - [06/Jun/2016:10:00:04 -0700] "GET /wp-login.php HTTP/1.1" 404 294 "-" "Mozilla/5.0 (Windows NT 6.1; WOW64; rv:40.0) Gecko/20100101 Firefox/40.1" 
66.249.64.28 - - [06/Jun/2016:10:05:09 -0700] "GET / HTTP/1.1" 200 9878 "-" "Mozilla/5.0 (compatible; Googlebot/2.1; +http://www.google.com/bot.html)" 
132.178.129.171 - - [06/Jun/2016:10:11:02 -0700] "GET / HTTP/1.1" 200 9878 "-" "Mozilla/5.0 (X11; Ubuntu; Linux x86_64; rv:46.0) Gecko/20100101 Firefox/46.0" 
132.178.129.171 - - [06/Jun/2016:10:11:02 -0700] "GET /twitter-icon.png HTTP/1.1" 200 27787 "http://www.secrepo.com/" "Mozilla/5.0 (X11; Ubuntu; Linux x86_64; rv:46.0) Gecko/20100101 Firefox/46.0" 
132.178.129.171 - - [06/Jun/2016:10:11:02 -0700] "GET /GitHub-Mark.png HTTP/1.1" 200 7427 "http://www.secrepo.com/" "Mozilla/5.0 (X11; Ubuntu; Linux x86_64; rv:46.0) Gecko/20100101 Firefox/46.0" 
132.178.129.171 - - [06/Jun/2016:10:11:02 -0700] "GET /bootstrap/img/favicon.ico HTTP/1.1" 200 590 "-" "Mozilla/5.0 (X11; Ubuntu; Linux x86_64; rv:46.0) Gecko/20100101 Firefox/46.0" 
111.23.10.33 - - [06/Jun/2016:10:12:12 -0700] "GET /tg/a.zip HTTP/1.1" 304 132 "-" "Mozilla/5.0 Gecko/20100115 Firefox/3.6" 
157.55.39.202 - - [06/Jun/2016:10:12:48 -0700] "GET /self.logs/error.log.2015-07-28.gz HTTP/1.1" 200 689 "-" "Mozilla/5.0 (compatible; bingbot/2.0; +http://www.bing.com/bingbot.htm)" 
164.132.161.18 - - [06/Jun/2016:10:19:41 -0700] "GET /self.logs/access.log.2015-03-13.gz HTTP/1.1" 200 4822 "-" "Mozilla/5.0 (compatible; AhrefsBot/5.1; +http://ahrefs.com/robot/)" 
86.246.158.252 - - [06/Jun/2016:10:22:18 -0700] "GET / HTTP/1.1" 200 9878 "https://www.google.fr" "Mozilla/5.0 (X11; Ubuntu; Linux x86_64; rv:39.0) Gecko/20100101 Firefox/39.0" 
86.246.158.252 - - [06/Jun/2016:10:22:19 -0700] "GET /twitter-icon.png HTTP/1.1" 200 27787 "http://www.secrepo.com/" "Mozilla/5.0 (X11; Ubuntu; Linux x86_64; rv:39.0) Gecko/20100101 Firefox/39.0" 
86.246.158.252 - - [06/Jun/2016:10:22:19 -0700] "GET /GitHub-Mark.png HTTP/1.1" 200 7427 "http://www.secrepo.com/" "Mozilla/5.0 (X11; Ubuntu; Linux x86_64; rv:39.0) Gecko/20100101 Firefox/39.0" 
86.246.158.252 - - [06/Jun/2016:10:22:19 -0700] "GET /bootstrap/img/favicon.ico HTTP/1.1" 200 590 "-" "Mozilla/5.0 (X11; Ubuntu; Linux x86_64; rv:39.0) Gecko/20100101 Firefox/39.0" 
86.246.158.252 - - [06/Jun/2016:10:22:34 -0700] "GET /misc/zeus_dga_domains.txt.zip HTTP/1.1" 200 594360 "http://www.secrepo.com/" "Mozilla/5.0 (X11; Ubuntu; Linux x86_64; rv:39.0) Gecko/20100101 Firefox/39.0" 
86.246.158.252 - - [06/Jun/2016:10:23:07 -0700] "GET /misc/zeus_dga_domains.txt.zip HTTP/1.1" 200 594360 "http://www.secrepo.com/" "Mozilla/5.0 (X11; Ubuntu; Linux x86_64; rv:39.0) Gecko/20100101 Firefox/39.0" 
207.46.13.138 - - [06/Jun/2016:10:26:38 -0700] "GET /self.logs/error.log.2015-04-07.gz HTTP/1.1" 200 700 "-" "Mozilla/5.0 (compatible; bingbot/2.0; +http://www.bing.com/bingbot.htm)" 
208.43.225.85 - - [06/Jun/2016:10:27:52 -0700] "GET /robots.txt HTTP/1.1" 200 334 "-" "Mozilla/5.0 (compatible; SiteExplorer/1.0b; +http://siteexplorer.info/)" 
157.55.39.141 - - [06/Jun/2016:10:27:57 -0700] "GET /self.logs/error.log.2015-12-25.gz HTTP/1.1" 301 543 "-" "Mozilla/5.0 (compatible; bingbot/2.0; +http://www.bing.com/bingbot.htm)" 
58.6.54.187 - - [06/Jun/2016:10:28:02 -0700] "GET / HTTP/1.1" 200 9878 "-" "Mozilla/5.0 (Macintosh; Intel Mac OS X 10_11_5) AppleWebKit/601.6.17 (KHTML, like Gecko)" 
58.6.54.187 - - [06/Jun/2016:10:28:02 -0700] "GET /apple-touch-icon-precomposed.png HTTP/1.1" 404 340 "-" "Safari/11601.6.17 CFNetwork/760.5.1 Darwin/15.5.0 (x86_64)" 
58.6.54.187 - - [06/Jun/2016:10:28:03 -0700] "GET /apple-touch-icon.png HTTP/1.1" 404 339 "-" "Safari/11601.6.17 CFNetwork/760.5.1 Darwin/15.5.0 (x86_64)" 
58.6.54.187 - - [06/Jun/2016:10:28:03 -0700] "GET /apple-touch-icon-precomposed.png HTTP/1.1" 404 339 "-" "Safari/11601.6.17 CFNetwork/760.5.1 Darwin/15.5.0 (x86_64)" 
58.6.54.187 - - [06/Jun/2016:10:28:03 -0700] "GET /apple-touch-icon.png HTTP/1.1" 404 339 "-" "Safari/11601.6.17 CFNetwork/760.5.1 Darwin/15.5.0 (x86_64)" 
51.255.65.45 - - [06/Jun/2016:10:38:18 -0700] "GET /self.logs/error.log.2016-02-24.gz HTTP/1.1" 200 1040 "-" "Mozilla/5.0 (compatible; AhrefsBot/5.1; +http://ahrefs.com/robot/)" 
15.65.244.11 - - [06/Jun/2016:10:38:42 -0700] "GET / HTTP/1.1" 200 9878 "http://www.mlsecproject.org/" "Mozilla/5.0 (Windows NT 6.1; WOW64) AppleWebKit/537.36 (KHTML, like Gecko) Chrome/50.0.2661.102 Safari/537.36" 
15.65.244.11 - - [06/Jun/2016:10:38:44 -0700] "GET /twitter-icon.png HTTP/1.1" 200 27787 "http://www.secrepo.com/" "Mozilla/5.0 (Windows NT 6.1; WOW64) AppleWebKit/537.36 (KHTML, like Gecko) Chrome/50.0.2661.102 Safari/537.36" 
15.65.244.11 - - [06/Jun/2016:10:38:44 -0700] "GET /GitHub-Mark.png HTTP/1.1" 200 7427 "http://www.secrepo.com/" "Mozilla/5.0 (Windows NT 6.1; WOW64) AppleWebKit/537.36 (KHTML, like Gecko) Chrome/50.0.2661.102 Safari/537.36" 
15.65.244.11 - - [06/Jun/2016:10:38:46 -0700] "GET /bootstrap/img/favicon.ico HTTP/1.1" 200 553 "http://www.secrepo.com/" "Mozilla/5.0 (Windows NT 6.1; WOW64) AppleWebKit/537.36 (KHTML, like Gecko) Chrome/50.0.2661.102 Safari/537.36" 
5.70.48.133 - - [06/Jun/2016:10:42:34 -0700] "GET / HTTP/1.1" 200 9878 "-" "Mozilla/5.0 (Windows NT 6.1; rv:46.0) Gecko/20100101 Firefox/46.0" 
5.70.48.133 - - [06/Jun/2016:10:42:35 -0700] "GET /bootstrap/img/favicon.ico HTTP/1.1" 200 589 "-" "Mozilla/5.0 (Windows NT 6.1; rv:46.0) Gecko/20100101 Firefox/46.0" 
5.70.48.133 - - [06/Jun/2016:10:42:38 -0700] "GET /twitter-icon.png HTTP/1.1" 200 27788 "http://www.secrepo.com/" "Mozilla/5.0 (Windows NT 6.1; rv:46.0) Gecko/20100101 Firefox/46.0" 
5.70.48.133 - - [06/Jun/2016:10:42:38 -0700] "GET /GitHub-Mark.png HTTP/1.1" 200 7428 "http://www.secrepo.com/" "Mozilla/5.0 (Windows NT 6.1; rv:46.0) Gecko/20100101 Firefox/46.0" 
68.180.229.239 - - [06/Jun/2016:10:44:13 -0700] "GET /self.logs/access.log.2015-02-05.gz HTTP/1.1" 200 3498 "-" "Mozilla/5.0 (compatible; Yahoo! Slurp; http://help.yahoo.com/help/us/ysearch/slurp)" 
138.201.59.34 - - [06/Jun/2016:10:48:10 -0700] "GET /robots.txt HTTP/1.0" 200 252 "-" "Mozilla/5.0 (compatible; SEOkicks-Robot; +http://www.seokicks.de/robot.html)" 
138.201.59.34 - - [06/Jun/2016:10:48:11 -0700] "GET / HTTP/1.0" 200 32789 "-" "Mozilla/5.0 (compatible; SEOkicks-Robot; +http://www.seokicks.de/robot.html)" 
138.201.59.34 - - [06/Jun/2016:10:48:13 -0700] "GET /bootstrap/img/favicon.ico HTTP/1.0" 200 553 "http://www.secrepo.com/" "Mozilla/5.0 (compatible; SEOkicks-Robot; +http://www.seokicks.de/robot.html)" 
138.201.59.34 - - [06/Jun/2016:10:48:14 -0700] "GET /data HTTP/1.0" 404 284 "http://www.secrepo.com/" "Mozilla/5.0 (compatible; SEOkicks-Robot; +http://www.seokicks.de/robot.html)" 
138.201.59.34 - - [06/Jun/2016:10:48:17 -0700] "GET /maccdc2012/conn.log.gz HTTP/1.0" 200 29200 "http://www.secrepo.com/" "Mozilla/5.0 (compatible; SEOkicks-Robot; +http://www.seokicks.de/robot.html)" 
138.201.59.34 - - [06/Jun/2016:10:48:22 -0700] "GET /maccdc2012/dhcp.log.gz HTTP/1.0" 200 29200 "http://www.secrepo.com/" "Mozilla/5.0 (compatible; SEOkicks-Robot; +http://www.seokicks.de/robot.html)" 
138.201.59.34 - - [06/Jun/2016:10:48:25 -0700] "GET /maccdc2012/dns.log.gz HTTP/1.0" 200 65700 "http://www.secrepo.com/" "Mozilla/5.0 (compatible; SEOkicks-Robot; +http://www.seokicks.de/robot.html)" 
138.201.59.34 - - [06/Jun/2016:10:48:28 -0700] "GET /maccdc2012/files.log.gz HTTP/1.0" 200 29200 "http://www.secrepo.com/" "Mozilla/5.0 (compatible; SEOkicks-Robot; +http://www.seokicks.de/robot.html)" 
138.201.59.34 - - [06/Jun/2016:10:48:32 -0700] "GET /maccdc2012/ftp.log.gz HTTP/1.0" 200 54020 "http://www.secrepo.com/" "Mozilla/5.0 (compatible; SEOkicks-Robot; +http://www.seokicks.de/robot.html)" 
117.190.191.170 - - [06/Jun/2016:10:50:34 -0700] "GET /tg/a.zip HTTP/1.1" 304 132 "-" "Mozilla/5.0 Gecko/20100115 Firefox/3.6" 
111.23.4.148 - - [06/Jun/2016:10:59:56 -0700] "GET /tg/a.zip HTTP/1.1" 304 132 "-" "Mozilla/5.0 Gecko/20100115 Firefox/3.6" 
223.240.45.93 - - [06/Jun/2016:11:21:12 -0700] "GET /maccdc2012/tunnel.log.gz HTTP/1.1" 301 528 "-" "Mozilla/5.0 (Windows NT 6.1; Trident/7.0; rv:11.0) like Gecko" 
223.240.45.93 - - [06/Jun/2016:11:21:13 -0700] "GET /maccdc2012/tunnel.log.gz HTTP/1.1" 200 5229 "-" "Mozilla/5.0 (Windows NT 6.1; Trident/7.0; rv:11.0) like Gecko" 
223.240.45.93 - - [06/Jun/2016:11:21:28 -0700] "POST /maccdc2012/tunnel.log.gz/trackback/ HTTP/1.1" 301 510 "http://secrepo.com/maccdc2012/tunnel.log.gz" "Mozilla/5.0 (Windows NT 6.1; Trident/7.0; rv:11.0) like Gecko" 
207.46.13.138 - - [06/Jun/2016:11:22:31 -0700] "GET /self.logs/access.log.2015-04-10.gz HTTP/1.1" 301 545 "-" "Mozilla/5.0 (compatible; bingbot/2.0; +http://www.bing.com/bingbot.htm)" 
157.55.39.202 - - [06/Jun/2016:11:26:46 -0700] "GET /self.logs/access.log.2015-06-20.gz HTTP/1.1" 200 3117 "-" "Mozilla/5.0 (compatible; bingbot/2.0; +http://www.bing.com/bingbot.htm)" 
8.37.96.39 - - [06/Jun/2016:11:28:48 -0700] "GET / HTTP/1.1" 200 9878 "http://www.mlsecproject.org/" "Mozilla/5.0 (Windows NT 6.1; WOW64) AppleWebKit/537.36 (KHTML, like Gecko) Chrome/52.0.2743.24 Safari/537.36" 
8.37.96.39 - - [06/Jun/2016:11:28:48 -0700] "GET /twitter-icon.png HTTP/1.1" 200 27787 "http://www.secrepo.com/" "Mozilla/5.0 (Windows NT 6.1; WOW64) AppleWebKit/537.36 (KHTML, like Gecko) Chrome/52.0.2743.24 Safari/537.36" 
8.37.96.39 - - [06/Jun/2016:11:28:48 -0700] "GET /GitHub-Mark.png HTTP/1.1" 200 7428 "http://www.secrepo.com/" "Mozilla/5.0 (Windows NT 6.1; WOW64) AppleWebKit/537.36 (KHTML, like Gecko) Chrome/52.0.2743.24 Safari/537.36" 
8.37.96.39 - - [06/Jun/2016:11:28:49 -0700] "GET /bootstrap/img/favicon.ico HTTP/1.1" 200 589 "http://www.secrepo.com/" "Mozilla/5.0 (Windows NT 6.1; WOW64) AppleWebKit/537.36 (KHTML, like Gecko) Chrome/52.0.2743.24 Safari/537.36" 
157.55.39.202 - - [06/Jun/2016:11:29:27 -0700] "GET /self.logs/access.log.2016-03-17.gz HTTP/1.1" 200 16538 "-" "Mozilla/5.0 (compatible; bingbot/2.0; +http://www.bing.com/bingbot.htm)" 
76.21.82.87 - - [06/Jun/2016:11:36:18 -0700] "GET / HTTP/1.1" 200 9878 "https://www.google.com/" "Mozilla/5.0 (Windows NT 10.0; WOW64) AppleWebKit/537.36 (KHTML, like Gecko) Chrome/50.0.2661.102 Safari/537.36" 
76.21.82.87 - - [06/Jun/2016:11:37:09 -0700] "GET /twitter-icon.png HTTP/1.1" 200 27788 "http://www.secrepo.com/" "Mozilla/5.0 (Windows NT 10.0; WOW64) AppleWebKit/537.36 (KHTML, like Gecko) Chrome/50.0.2661.102 Safari/537.36" 
76.21.82.87 - - [06/Jun/2016:11:37:58 -0700] "GET /GitHub-Mark.png HTTP/1.1" 200 7428 "http://www.secrepo.com/" "Mozilla/5.0 (Windows NT 10.0; WOW64) AppleWebKit/537.36 (KHTML, like Gecko) Chrome/50.0.2661.102 Safari/537.36" 
66.249.84.167 - - [06/Jun/2016:11:57:52 -0700] "GET / HTTP/1.1" 200 9878 "-" "Mozilla/5.0 (X11; Linux x86_64) AppleWebKit/537.36 (KHTML, like Gecko) Chrome/49.0.2623.75 Safari/537.36 Google Favicon" 
66.249.84.166 - - [06/Jun/2016:11:57:53 -0700] "GET /bootstrap/img/favicon.ico HTTP/1.1" 200 590 "-" "Mozilla/5.0 (X11; Linux x86_64) AppleWebKit/537.36 (KHTML, like Gecko) Chrome/49.0.2623.75 Safari/537.36 Google Favicon" 
40.77.167.66 - - [06/Jun/2016:11:59:40 -0700] "GET /self.logs/error.log.2015-08-23.gz HTTP/1.1" 200 875 "-" "Mozilla/5.0 (compatible; bingbot/2.0; +http://www.bing.com/bingbot.htm)" 
108.48.105.54 - - [06/Jun/2016:12:03:59 -0700] "GET /bootstrap/img/favicon.ico HTTP/1.1" 200 590 "-" "Mozilla/5.0 (Macintosh; Intel Mac OS X 10_11_5) AppleWebKit/537.36 (KHTML, like Gecko) Chrome/51.0.2704.79 Safari/537.36" 
180.76.15.33 - - [06/Jun/2016:12:06:33 -0700] "GET /self.logs/?C=M;O=D HTTP/1.1" 200 10735 "-" "Mozilla/5.0 (compatible; Baiduspider/2.0; +http://www.baidu.com/search/spider.html)" 
111.7.128.40 - - [06/Jun/2016:12:07:21 -0700] "GET /tg/a.zip HTTP/1.1" 304 132 "-" "Mozilla/5.0 Gecko/20100115 Firefox/3.6" 
117.177.241.60 - - [06/Jun/2016:12:07:23 -0700] "GET /tg/a.zip HTTP/1.1" 304 132 "-" "Mozilla/5.0 Gecko/20100115 Firefox/3.6" 
91.108.178.171 - - [06/Jun/2016:12:20:21 -0700] "GET / HTTP/1.1" 200 32800 "-" "Mozilla/5.0 (X11; Linux x86_64) AppleWebKit/537.36 (KHTML, like Gecko) Chrome/28.0.1500.71 Safari/537.36" 
151.80.31.166 - - [06/Jun/2016:12:23:06 -0700] "GET /self.logs/error.log.2015-09-17.gz HTTP/1.1" 200 777 "-" "Mozilla/5.0 (compatible; AhrefsBot/5.1; +http://ahrefs.com/robot/)" 
180.76.15.158 - - [06/Jun/2016:12:27:59 -0700] "GET / HTTP/1.1" 200 32789 "-" "Mozilla/5.0 (compatible; Baiduspider/2.0; +http://www.baidu.com/search/spider.html)" 
180.76.15.136 - - [06/Jun/2016:12:28:34 -0700] "GET / HTTP/1.1" 200 21900 "-" "Mozilla/5.0 (compatible; Baiduspider/2.0; +http://www.baidu.com/search/spider.html)" 
157.55.39.141 - - [06/Jun/2016:12:31:41 -0700] "GET /self.logs/access.log.2015-12-13.gz HTTP/1.1" 301 545 "-" "Mozilla/5.0 (compatible; bingbot/2.0; +http://www.bing.com/bingbot.htm)" 
200.14.52.199 - - [06/Jun/2016:12:32:04 -0700] "GET / HTTP/1.1" 301 483 "-" "Mozilla/5.0 (Windows NT 6.3; WOW64; rv:37.0) Gecko/20100101 Firefox/37.0" 
200.14.52.199 - - [06/Jun/2016:12:32:08 -0700] "GET / HTTP/1.1" 200 9878 "-" "Mozilla/5.0 (Windows NT 6.3; WOW64; rv:37.0) Gecko/20100101 Firefox/37.0" 
200.14.52.199 - - [06/Jun/2016:12:32:09 -0700] "GET /bootstrap/img/favicon.ico HTTP/1.1" 200 590 "-" "Mozilla/5.0 (Windows NT 6.3; WOW64; rv:37.0) Gecko/20100101 Firefox/37.0" 
200.14.52.199 - - [06/Jun/2016:12:32:16 -0700] "GET /GitHub-Mark.png HTTP/1.1" 200 7428 "http://www.secrepo.com/" "Mozilla/5.0 (Windows NT 6.3; WOW64; rv:37.0) Gecko/20100101 Firefox/37.0" 
200.14.52.199 - - [06/Jun/2016:12:32:17 -0700] "GET /twitter-icon.png HTTP/1.1" 200 27788 "http://www.secrepo.com/" "Mozilla/5.0 (Windows NT 6.3; WOW64; rv:37.0) Gecko/20100101 Firefox/37.0" 
151.80.31.164 - - [06/Jun/2016:12:34:36 -0700] "GET /self.logs/access.log.2015-06-23.gz HTTP/1.1" 200 4529 "-" "Mozilla/5.0 (compatible; AhrefsBot/5.1; +http://ahrefs.com/robot/)" 
83.134.224.53 - - [06/Jun/2016:12:35:52 -0700] "GET / HTTP/1.1" 200 9878 "https://www.facebook.com/" "Mozilla/5.0 (Windows NT 6.3; WOW64) AppleWebKit/537.36 (KHTML, like Gecko) Chrome/50.0.2661.102 Safari/537.36" 
83.134.224.53 - - [06/Jun/2016:12:35:52 -0700] "GET /twitter-icon.png HTTP/1.1" 200 27787 "http://www.secrepo.com/" "Mozilla/5.0 (Windows NT 6.3; WOW64) AppleWebKit/537.36 (KHTML, like Gecko) Chrome/50.0.2661.102 Safari/537.36" 
83.134.224.53 - - [06/Jun/2016:12:35:52 -0700] "GET /GitHub-Mark.png HTTP/1.1" 200 7428 "http://www.secrepo.com/" "Mozilla/5.0 (Windows NT 6.3; WOW64) AppleWebKit/537.36 (KHTML, like Gecko) Chrome/50.0.2661.102 Safari/537.36" 
31.13.97.123 - - [06/Jun/2016:12:35:52 -0700] "GET / HTTP/1.1" 206 9888 "-" "facebookexternalhit/1.1 (+http://www.facebook.com/externalhit_uatext.php)" 
81.82.216.57 - - [06/Jun/2016:12:35:56 -0700] "GET /bootstrap/img/favicon.ico HTTP/1.1" 200 590 "http://www.secrepo.com/" "Mozilla/5.0 (Windows NT 6.3; WOW64) AppleWebKit/537.36 (KHTML, like Gecko) Chrome/50.0.2661.102 Safari/537.36" 
83.134.224.53 - - [06/Jun/2016:12:39:53 -0700] "GET /maccdc2012/dhcp.log.gz HTTP/1.1" 200 45019 "http://www.secrepo.com/" "Mozilla/5.0 (Windows NT 6.3; WOW64) AppleWebKit/537.36 (KHTML, like Gecko) Chrome/50.0.2661.102 Safari/537.36" 
68.180.229.239 - - [06/Jun/2016:12:49:32 -0700] "GET /self.logs/error.log.2015-08-30.gz HTTP/1.1" 200 582 "-" "Mozilla/5.0 (compatible; Yahoo! Slurp; http://help.yahoo.com/help/us/ysearch/slurp)" 
157.55.39.202 - - [06/Jun/2016:12:56:22 -0700] "GET /self.logs/error.log.2015-08-17.gz HTTP/1.1" 200 1955 "-" "Mozilla/5.0 (compatible; bingbot/2.0; +http://www.bing.com/bingbot.htm)" 
199.116.174.40 - - [06/Jun/2016:12:59:14 -0700] "GET / HTTP/1.1" 200 9878 "https://www.google.com" "Mozilla/5.0 (Windows NT 10.0; WOW64; rv:46.0) Gecko/20100101 Firefox/46.0" 
199.116.174.40 - - [06/Jun/2016:12:59:14 -0700] "GET /bootstrap/img/favicon.ico HTTP/1.1" 200 589 "-" "Mozilla/5.0 (Windows NT 10.0; WOW64; rv:46.0) Gecko/20100101 Firefox/46.0" 
199.116.174.40 - - [06/Jun/2016:12:59:14 -0700] "GET /twitter-icon.png HTTP/1.1" 200 27787 "http://www.secrepo.com/" "Mozilla/5.0 (Windows NT 10.0; WOW64; rv:46.0) Gecko/20100101 Firefox/46.0" 
199.116.174.40 - - [06/Jun/2016:12:59:14 -0700] "GET /GitHub-Mark.png HTTP/1.1" 200 7428 "http://www.secrepo.com/" "Mozilla/5.0 (Windows NT 10.0; WOW64; rv:46.0) Gecko/20100101 Firefox/46.0" 
164.132.161.31 - - [06/Jun/2016:13:04:14 -0700] "GET /maccdc2012/dns.log.gz HTTP/1.1" 200 32697 "-" "Mozilla/5.0 (compatible; AhrefsBot/5.1; +http://ahrefs.com/robot/)" 
77.75.79.17 - - [06/Jun/2016:13:05:07 -0700] "GET /robots.txt HTTP/1.1" 200 334 "-" "Mozilla/5.0 (compatible; SeznamBot/3.2; +http://napoveda.seznam.cz/en/seznambot-intro/)" 
77.75.79.17 - - [06/Jun/2016:13:05:08 -0700] "GET /domaindata/domainmovement.zip HTTP/1.1" 200 7437725 "-" "Mozilla/5.0 (compatible; SeznamBot/3.2; +http://napoveda.seznam.cz/en/seznambot-intro/)" 
111.23.10.33 - - [06/Jun/2016:13:12:14 -0700] "GET /tg/a.zip HTTP/1.1" 304 132 "-" "Mozilla/5.0 Gecko/20100115 Firefox/3.6" 
