122.192.29.174 - - [06/Dec/2016:04:44:11 -0800] "GET /tg/a.zip HTTP/1.1" 206 328023 "-" "Mozilla/5.0 (Linux; Android) AppleWebKit/537.36 (KHTML, like Gecko) Chrome/34.0.1847.131 Safari/537.36" 
183.92.237.200 - - [06/Dec/2016:04:44:12 -0800] "GET /tg/c.zip HTTP/1.1" 206 65878 "-" "Mozilla/5.0 (Linux; Android) AppleWebKit/537.36 (KHTML, like Gecko) Chrome/34.0.1847.131 Safari/537.36" 
116.1.3.198 - - [06/Dec/2016:04:44:04 -0800] "GET /squid/access.log.gz HTTP/1.1" 206 225641 "-" "Mozilla/4.0 (compatible; MSIE 7.0; Windows NT 6.2; WOW64; Trident/7.0; .NET4.0E; .NET4.0C; .NET CLR 3.5.30729; .NET CLR 2.0.50727; .NET CLR 3.0.30729)" 
122.192.29.174 - - [06/Dec/2016:04:44:13 -0800] "GET /tg/a.zip HTTP/1.1" 206 393559 "-" "Mozilla/5.0 (Linux; Android) AppleWebKit/537.36 (KHTML, like Gecko) Chrome/34.0.1847.131 Safari/537.36" 
183.92.237.200 - - [06/Dec/2016:04:44:14 -0800] "GET /tg/c.zip HTTP/1.1" 206 65878 "-" "Mozilla/5.0 (Linux; Android) AppleWebKit/537.36 (KHTML, like Gecko) Chrome/34.0.1847.131 Safari/537.36" 
116.1.3.197 - - [06/Dec/2016:04:44:10 -0800] "GET /squid/access.log.gz HTTP/1.1" 206 127020 "-" "Mozilla/4.0 (compatible; MSIE 7.0; Windows NT 6.2; WOW64; Trident/7.0; .NET4.0E; .NET4.0C; .NET CLR 3.5.30729; .NET CLR 2.0.50727; .NET CLR 3.0.30729)" 
116.1.3.197 - - [06/Dec/2016:04:44:15 -0800] "GET /squid/access.log.gz HTTP/1.1" 206 23870 "-" "Mozilla/4.0 (compatible; MSIE 7.0; Windows NT 6.2; WOW64; Trident/7.0; .NET4.0E; .NET4.0C; .NET CLR 3.5.30729; .NET CLR 2.0.50727; .NET CLR 3.0.30729)" 
122.192.29.174 - - [06/Dec/2016:04:44:15 -0800] "GET /tg/a.zip HTTP/1.1" 206 459095 "-" "Mozilla/5.0 (Linux; Android) AppleWebKit/537.36 (KHTML, like Gecko) Chrome/34.0.1847.131 Safari/537.36" 
183.92.237.200 - - [06/Dec/2016:04:44:15 -0800] "GET /tg/c.zip HTTP/1.1" 206 131415 "-" "Mozilla/5.0 (Linux; Android) AppleWebKit/537.36 (KHTML, like Gecko) Chrome/34.0.1847.131 Safari/537.36" 
122.192.29.174 - - [06/Dec/2016:04:44:16 -0800] "GET /tg/a.zip HTTP/1.1" 206 524631 "-" "Mozilla/5.0 (Linux; Android) AppleWebKit/537.36 (KHTML, like Gecko) Chrome/34.0.1847.131 Safari/537.36" 
183.92.237.200 - - [06/Dec/2016:04:44:17 -0800] "GET /tg/c.zip HTTP/1.1" 206 131415 "-" "Mozilla/5.0 (Linux; Android) AppleWebKit/537.36 (KHTML, like Gecko) Chrome/34.0.1847.131 Safari/537.36" 
116.1.3.197 - - [06/Dec/2016:04:44:17 -0800] "GET /squid/access.log.gz HTTP/1.1" 206 32143 "-" "Mozilla/4.0 (compatible; MSIE 7.0; Windows NT 6.2; WOW64; Trident/7.0; .NET4.0E; .NET4.0C; .NET CLR 3.5.30729; .NET CLR 2.0.50727; .NET CLR 3.0.30729)" 
122.192.29.174 - - [06/Dec/2016:04:44:17 -0800] "GET /tg/a.zip HTTP/1.1" 206 655703 "-" "Mozilla/5.0 (Linux; Android) AppleWebKit/537.36 (KHTML, like Gecko) Chrome/34.0.1847.131 Safari/537.36" 
122.192.29.174 - - [06/Dec/2016:04:44:19 -0800] "GET /tg/a.zip HTTP/1.1" 206 786775 "-" "Mozilla/5.0 (Linux; Android) AppleWebKit/537.36 (KHTML, like Gecko) Chrome/34.0.1847.131 Safari/537.36" 
183.92.237.200 - - [06/Dec/2016:04:44:18 -0800] "GET /tg/c.zip HTTP/1.1" 206 196951 "-" "Mozilla/5.0 (Linux; Android) AppleWebKit/537.36 (KHTML, like Gecko) Chrome/34.0.1847.131 Safari/537.36" 
116.1.3.197 - - [06/Dec/2016:04:44:20 -0800] "GET /squid/access.log.gz HTTP/1.1" 206 6140 "-" "Mozilla/4.0 (compatible; MSIE 7.0; Windows NT 6.2; WOW64; Trident/7.0; .NET4.0E; .NET4.0C; .NET CLR 3.5.30729; .NET CLR 2.0.50727; .NET CLR 3.0.30729)" 
116.1.3.197 - - [06/Dec/2016:04:44:09 -0800] "GET /squid/access.log.gz HTTP/1.1" 206 83220 "-" "Mozilla/4.0 (compatible; MSIE 7.0; Windows NT 6.2; WOW64; Trident/7.0; .NET4.0E; .NET4.0C; .NET CLR 3.5.30729; .NET CLR 2.0.50727; .NET CLR 3.0.30729)" 
116.1.3.200 - - [06/Dec/2016:04:44:20 -0800] "GET /squid/access.log.gz HTTP/1.1" 206 6500 "-" "Mozilla/4.0 (compatible; MSIE 7.0; Windows NT 6.2; WOW64; Trident/7.0; .NET4.0E; .NET4.0C; .NET CLR 3.5.30729; .NET CLR 2.0.50727; .NET CLR 3.0.30729)" 
183.92.237.200 - - [06/Dec/2016:04:44:20 -0800] "GET /tg/c.zip HTTP/1.1" 206 196951 "-" "Mozilla/5.0 (Linux; Android) AppleWebKit/537.36 (KHTML, like Gecko) Chrome/34.0.1847.131 Safari/537.36" 
122.192.29.174 - - [06/Dec/2016:04:44:20 -0800] "GET /tg/a.zip HTTP/1.1" 206 1048920 "-" "Mozilla/5.0 (Linux; Android) AppleWebKit/537.36 (KHTML, like Gecko) Chrome/34.0.1847.131 Safari/537.36" 
116.1.3.197 - - [06/Dec/2016:04:44:20 -0800] "GET /squid/access.log.gz HTTP/1.1" 206 6885 "-" "Mozilla/4.0 (compatible; MSIE 7.0; Windows NT 6.2; WOW64; Trident/7.0; .NET4.0E; .NET4.0C; .NET CLR 3.5.30729; .NET CLR 2.0.50727; .NET CLR 3.0.30729)" 
116.1.3.197 - - [06/Dec/2016:04:44:21 -0800] "GET /squid/access.log.gz HTTP/1.1" 206 37510 "-" "Mozilla/4.0 (compatible; MSIE 7.0; Windows NT 6.2; WOW64; Trident/7.0; .NET4.0E; .NET4.0C; .NET CLR 3.5.30729; .NET CLR 2.0.50727; .NET CLR 3.0.30729)" 
122.192.29.174 - - [06/Dec/2016:04:44:21 -0800] "GET /tg/a.zip HTTP/1.1" 206 1114456 "-" "Mozilla/5.0 (Linux; Android) AppleWebKit/537.36 (KHTML, like Gecko) Chrome/34.0.1847.131 Safari/537.36" 
116.1.3.200 - - [06/Dec/2016:04:44:21 -0800] "GET /squid/access.log.gz HTTP/1.1" 206 37960 "-" "Mozilla/4.0 (compatible; MSIE 7.0; Windows NT 6.2; WOW64; Trident/7.0; .NET4.0E; .NET4.0C; .NET CLR 3.5.30729; .NET CLR 2.0.50727; .NET CLR 3.0.30729)" 
116.1.3.197 - - [06/Dec/2016:04:44:22 -0800] "GET /squid/access.log.gz HTTP/1.1" 206 0 "-" "Mozilla/4.0 (compatible; MSIE 7.0; Windows NT 6.2; WOW64; Trident/7.0; .NET4.0E; .NET4.0C; .NET CLR 3.5.30729; .NET CLR 2.0.50727; .NET CLR 3.0.30729)" 
183.92.237.200 - - [06/Dec/2016:04:44:22 -0800] "GET /tg/c.zip HTTP/1.1" 206 262487 "-" "Mozilla/5.0 (Linux; Android) AppleWebKit/537.36 (KHTML, like Gecko) Chrome/34.0.1847.131 Safari/537.36" 
122.192.29.174 - - [06/Dec/2016:04:44:23 -0800] "GET /tg/a.zip HTTP/1.1" 206 1311064 "-" "Mozilla/5.0 (Linux; Android) AppleWebKit/537.36 (KHTML, like Gecko) Chrome/34.0.1847.131 Safari/537.36" 
122.192.29.174 - - [06/Dec/2016:04:44:25 -0800] "GET /tg/a.zip HTTP/1.1" 206 1507672 "-" "Mozilla/5.0 (Linux; Android) AppleWebKit/537.36 (KHTML, like Gecko) Chrome/34.0.1847.131 Safari/537.36" 
122.192.29.174 - - [06/Dec/2016:04:44:27 -0800] "GET /tg/a.zip HTTP/1.1" 206 1442136 "-" "Mozilla/5.0 (Linux; Android) AppleWebKit/537.36 (KHTML, like Gecko) Chrome/34.0.1847.131 Safari/537.36" 
122.192.29.174 - - [06/Dec/2016:04:44:29 -0800] "GET /tg/a.zip HTTP/1.1" 206 1179992 "-" "Mozilla/5.0 (Linux; Android) AppleWebKit/537.36 (KHTML, like Gecko) Chrome/34.0.1847.131 Safari/537.36" 
183.92.237.200 - - [06/Dec/2016:04:44:37 -0800] "GET /tg/c.zip HTTP/1.1" 206 65879 "-" "Mozilla/5.0 (Linux; Android) AppleWebKit/537.36 (KHTML, like Gecko) Chrome/34.0.1847.131 Safari/537.36" 
183.92.237.200 - - [06/Dec/2016:04:44:39 -0800] "GET /tg/c.zip HTTP/1.1" 206 65878 "-" "Mozilla/5.0 (Linux; Android) AppleWebKit/537.36 (KHTML, like Gecko) Chrome/34.0.1847.131 Safari/537.36" 
183.92.237.200 - - [06/Dec/2016:04:44:39 -0800] "GET /tg/c.zip HTTP/1.1" 206 131415 "-" "Mozilla/5.0 (Linux; Android) AppleWebKit/537.36 (KHTML, like Gecko) Chrome/34.0.1847.131 Safari/537.36" 
183.92.237.200 - - [06/Dec/2016:04:44:41 -0800] "GET /tg/c.zip HTTP/1.1" 206 131415 "-" "Mozilla/5.0 (Linux; Android) AppleWebKit/537.36 (KHTML, like Gecko) Chrome/34.0.1847.131 Safari/537.36" 
122.192.29.174 - - [06/Dec/2016:04:44:43 -0800] "GET /tg/a.zip HTTP/1.1" 206 65879 "-" "Mozilla/5.0 (Linux; Android) AppleWebKit/537.36 (KHTML, like Gecko) Chrome/34.0.1847.131 Safari/537.36" 
183.92.237.200 - - [06/Dec/2016:04:44:56 -0800] "GET /tg/c.zip HTTP/1.1" 206 65879 "-" "Mozilla/5.0 (Linux; Android) AppleWebKit/537.36 (KHTML, like Gecko) Chrome/34.0.1847.131 Safari/537.36" 
183.92.237.200 - - [06/Dec/2016:04:44:58 -0800] "GET /tg/c.zip HTTP/1.1" 206 65878 "-" "Mozilla/5.0 (Linux; Android) AppleWebKit/537.36 (KHTML, like Gecko) Chrome/34.0.1847.131 Safari/537.36" 
122.192.29.174 - - [06/Dec/2016:04:44:58 -0800] "GET /tg/a.zip HTTP/1.1" 206 65879 "-" "Mozilla/5.0 (Linux; Android) AppleWebKit/537.36 (KHTML, like Gecko) Chrome/34.0.1847.131 Safari/537.36" 
122.192.29.174 - - [06/Dec/2016:04:45:00 -0800] "GET /tg/a.zip HTTP/1.1" 206 65878 "-" "Mozilla/5.0 (Linux; Android) AppleWebKit/537.36 (KHTML, like Gecko) Chrome/34.0.1847.131 Safari/537.36" 
183.92.237.200 - - [06/Dec/2016:04:44:59 -0800] "GET /tg/c.zip HTTP/1.1" 206 131415 "-" "Mozilla/5.0 (Linux; Android) AppleWebKit/537.36 (KHTML, like Gecko) Chrome/34.0.1847.131 Safari/537.36" 
122.192.29.174 - - [06/Dec/2016:04:45:01 -0800] "GET /tg/a.zip HTTP/1.1" 206 65878 "-" "Mozilla/5.0 (Linux; Android) AppleWebKit/537.36 (KHTML, like Gecko) Chrome/34.0.1847.131 Safari/537.36" 
122.192.29.174 - - [06/Dec/2016:04:45:02 -0800] "GET /tg/a.zip HTTP/1.1" 206 131415 "-" "Mozilla/5.0 (Linux; Android) AppleWebKit/537.36 (KHTML, like Gecko) Chrome/34.0.1847.131 Safari/537.36" 
122.192.29.174 - - [06/Dec/2016:04:45:04 -0800] "GET /tg/a.zip HTTP/1.1" 206 196951 "-" "Mozilla/5.0 (Linux; Android) AppleWebKit/537.36 (KHTML, like Gecko) Chrome/34.0.1847.131 Safari/537.36" 
122.192.29.174 - - [06/Dec/2016:04:45:06 -0800] "GET /tg/a.zip HTTP/1.1" 206 196951 "-" "Mozilla/5.0 (Linux; Android) AppleWebKit/537.36 (KHTML, like Gecko) Chrome/34.0.1847.131 Safari/537.36" 
222.73.133.27 - - [06/Dec/2016:04:42:00 -0800] "GET /tg/a.zip HTTP/1.1" 206 708100 "-" "Mozilla/5.0 (Windows NT 5.1) AppleWebKit/537.36 (KHTML, like Gecko) Chrome/38.0.2125.104 Safari/537.36" 
122.192.29.174 - - [06/Dec/2016:04:45:08 -0800] "GET /tg/a.zip HTTP/1.1" 206 196951 "-" "Mozilla/5.0 (Linux; Android) AppleWebKit/537.36 (KHTML, like Gecko) Chrome/34.0.1847.131 Safari/537.36" 
122.192.29.174 - - [06/Dec/2016:04:45:09 -0800] "GET /tg/a.zip HTTP/1.1" 206 262487 "-" "Mozilla/5.0 (Linux; Android) AppleWebKit/537.36 (KHTML, like Gecko) Chrome/34.0.1847.131 Safari/537.36" 
122.192.29.174 - - [06/Dec/2016:04:45:11 -0800] "GET /tg/a.zip HTTP/1.1" 206 328023 "-" "Mozilla/5.0 (Linux; Android) AppleWebKit/537.36 (KHTML, like Gecko) Chrome/34.0.1847.131 Safari/537.36" 
122.192.29.174 - - [06/Dec/2016:04:45:13 -0800] "GET /tg/a.zip HTTP/1.1" 206 393559 "-" "Mozilla/5.0 (Linux; Android) AppleWebKit/537.36 (KHTML, like Gecko) Chrome/34.0.1847.131 Safari/537.36" 
122.192.29.174 - - [06/Dec/2016:04:45:14 -0800] "GET /tg/a.zip HTTP/1.1" 206 459095 "-" "Mozilla/5.0 (Linux; Android) AppleWebKit/537.36 (KHTML, like Gecko) Chrome/34.0.1847.131 Safari/537.36" 
122.192.29.174 - - [06/Dec/2016:04:45:16 -0800] "GET /tg/a.zip HTTP/1.1" 206 459095 "-" "Mozilla/5.0 (Linux; Android) AppleWebKit/537.36 (KHTML, like Gecko) Chrome/34.0.1847.131 Safari/537.36" 
122.192.29.174 - - [06/Dec/2016:04:45:17 -0800] "GET /tg/a.zip HTTP/1.1" 206 655703 "-" "Mozilla/5.0 (Linux; Android) AppleWebKit/537.36 (KHTML, like Gecko) Chrome/34.0.1847.131 Safari/537.36" 
183.92.237.200 - - [06/Dec/2016:04:45:17 -0800] "GET /tg/c.zip HTTP/1.1" 206 65879 "-" "Mozilla/5.0 (Linux; Android) AppleWebKit/537.36 (KHTML, like Gecko) Chrome/34.0.1847.131 Safari/537.36" 
122.192.29.174 - - [06/Dec/2016:04:45:19 -0800] "GET /tg/a.zip HTTP/1.1" 206 655703 "-" "Mozilla/5.0 (Linux; Android) AppleWebKit/537.36 (KHTML, like Gecko) Chrome/34.0.1847.131 Safari/537.36" 
183.92.237.200 - - [06/Dec/2016:04:45:19 -0800] "GET /tg/c.zip HTTP/1.1" 206 65878 "-" "Mozilla/5.0 (Linux; Android) AppleWebKit/537.36 (KHTML, like Gecko) Chrome/34.0.1847.131 Safari/537.36" 
183.92.237.200 - - [06/Dec/2016:04:45:20 -0800] "GET /tg/c.zip HTTP/1.1" 206 65878 "-" "Mozilla/5.0 (Linux; Android) AppleWebKit/537.36 (KHTML, like Gecko) Chrome/34.0.1847.131 Safari/537.36" 
122.192.29.174 - - [06/Dec/2016:04:45:20 -0800] "GET /tg/a.zip HTTP/1.1" 206 852311 "-" "Mozilla/5.0 (Linux; Android) AppleWebKit/537.36 (KHTML, like Gecko) Chrome/34.0.1847.131 Safari/537.36" 
122.192.29.174 - - [06/Dec/2016:04:45:21 -0800] "GET /tg/a.zip HTTP/1.1" 206 1048920 "-" "Mozilla/5.0 (Linux; Android) AppleWebKit/537.36 (KHTML, like Gecko) Chrome/34.0.1847.131 Safari/537.36" 
183.92.237.200 - - [06/Dec/2016:04:45:21 -0800] "GET /tg/c.zip HTTP/1.1" 206 131415 "-" "Mozilla/5.0 (Linux; Android) AppleWebKit/537.36 (KHTML, like Gecko) Chrome/34.0.1847.131 Safari/537.36" 
183.92.237.200 - - [06/Dec/2016:04:45:23 -0800] "GET /tg/c.zip HTTP/1.1" 206 131415 "-" "Mozilla/5.0 (Linux; Android) AppleWebKit/537.36 (KHTML, like Gecko) Chrome/34.0.1847.131 Safari/537.36" 
122.192.29.174 - - [06/Dec/2016:04:45:23 -0800] "GET /tg/a.zip HTTP/1.1" 206 1245528 "-" "Mozilla/5.0 (Linux; Android) AppleWebKit/537.36 (KHTML, like Gecko) Chrome/34.0.1847.131 Safari/537.36" 
122.192.29.174 - - [06/Dec/2016:04:45:24 -0800] "GET /tg/a.zip HTTP/1.1" 206 1507672 "-" "Mozilla/5.0 (Linux; Android) AppleWebKit/537.36 (KHTML, like Gecko) Chrome/34.0.1847.131 Safari/537.36" 
183.92.237.200 - - [06/Dec/2016:04:45:24 -0800] "GET /tg/c.zip HTTP/1.1" 206 196951 "-" "Mozilla/5.0 (Linux; Android) AppleWebKit/537.36 (KHTML, like Gecko) Chrome/34.0.1847.131 Safari/537.36" 
183.92.237.200 - - [06/Dec/2016:04:45:26 -0800] "GET /tg/c.zip HTTP/1.1" 206 196951 "-" "Mozilla/5.0 (Linux; Android) AppleWebKit/537.36 (KHTML, like Gecko) Chrome/34.0.1847.131 Safari/537.36" 
122.192.29.174 - - [06/Dec/2016:04:45:26 -0800] "GET /tg/a.zip HTTP/1.1" 206 1573208 "-" "Mozilla/5.0 (Linux; Android) AppleWebKit/537.36 (KHTML, like Gecko) Chrome/34.0.1847.131 Safari/537.36" 
183.92.237.200 - - [06/Dec/2016:04:45:27 -0800] "GET /tg/c.zip HTTP/1.1" 206 262487 "-" "Mozilla/5.0 (Linux; Android) AppleWebKit/537.36 (KHTML, like Gecko) Chrome/34.0.1847.131 Safari/537.36" 
122.192.29.174 - - [06/Dec/2016:04:45:27 -0800] "GET /tg/a.zip HTTP/1.1" 206 1835352 "-" "Mozilla/5.0 (Linux; Android) AppleWebKit/537.36 (KHTML, like Gecko) Chrome/34.0.1847.131 Safari/537.36" 
183.92.237.200 - - [06/Dec/2016:04:45:28 -0800] "GET /tg/c.zip HTTP/1.1" 206 164183 "-" "Mozilla/5.0 (Linux; Android) AppleWebKit/537.36 (KHTML, like Gecko) Chrome/34.0.1847.131 Safari/537.36" 
122.192.29.174 - - [06/Dec/2016:04:45:28 -0800] "GET /tg/a.zip HTTP/1.1" 206 1081688 "-" "Mozilla/5.0 (Linux; Android) AppleWebKit/537.36 (KHTML, like Gecko) Chrome/34.0.1847.131 Safari/537.36" 
122.192.29.174 - - [06/Dec/2016:04:45:30 -0800] "GET /tg/a.zip HTTP/1.1" 206 1212760 "-" "Mozilla/5.0 (Linux; Android) AppleWebKit/537.36 (KHTML, like Gecko) Chrome/34.0.1847.131 Safari/537.36" 
183.92.237.200 - - [06/Dec/2016:04:45:30 -0800] "GET /tg/c.zip HTTP/1.1" 206 164183 "-" "Mozilla/5.0 (Linux; Android) AppleWebKit/537.36 (KHTML, like Gecko) Chrome/34.0.1847.131 Safari/537.36" 
122.192.29.174 - - [06/Dec/2016:04:45:31 -0800] "GET /tg/a.zip HTTP/1.1" 206 1179992 "-" "Mozilla/5.0 (Linux; Android) AppleWebKit/537.36 (KHTML, like Gecko) Chrome/34.0.1847.131 Safari/537.36" 
122.192.29.174 - - [06/Dec/2016:04:45:32 -0800] "GET /tg/a.zip HTTP/1.1" 206 1179992 "-" "Mozilla/5.0 (Linux; Android) AppleWebKit/537.36 (KHTML, like Gecko) Chrome/34.0.1847.131 Safari/537.36" 
122.192.29.174 - - [06/Dec/2016:04:45:33 -0800] "GET /tg/a.zip HTTP/1.1" 206 1212760 "-" "Mozilla/5.0 (Linux; Android) AppleWebKit/537.36 (KHTML, like Gecko) Chrome/34.0.1847.131 Safari/537.36" 
122.192.29.174 - - [06/Dec/2016:04:45:34 -0800] "GET /tg/a.zip HTTP/1.1" 206 1079381 "-" "Mozilla/5.0 (Linux; Android) AppleWebKit/537.36 (KHTML, like Gecko) Chrome/34.0.1847.131 Safari/537.36" 
183.92.237.200 - - [06/Dec/2016:04:45:48 -0800] "GET /tg/c.zip HTTP/1.1" 206 65879 "-" "Mozilla/5.0 (Linux; Android) AppleWebKit/537.36 (KHTML, like Gecko) Chrome/34.0.1847.131 Safari/537.36" 
183.92.237.200 - - [06/Dec/2016:04:45:50 -0800] "GET /tg/c.zip HTTP/1.1" 206 65878 "-" "Mozilla/5.0 (Linux; Android) AppleWebKit/537.36 (KHTML, like Gecko) Chrome/34.0.1847.131 Safari/537.36" 
183.92.237.200 - - [06/Dec/2016:04:45:51 -0800] "GET /tg/c.zip HTTP/1.1" 206 65878 "-" "Mozilla/5.0 (Linux; Android) AppleWebKit/537.36 (KHTML, like Gecko) Chrome/34.0.1847.131 Safari/537.36" 
183.92.237.200 - - [06/Dec/2016:04:45:53 -0800] "GET /tg/c.zip HTTP/1.1" 206 65878 "-" "Mozilla/5.0 (Linux; Android) AppleWebKit/537.36 (KHTML, like Gecko) Chrome/34.0.1847.131 Safari/537.36" 
183.92.237.200 - - [06/Dec/2016:04:45:54 -0800] "GET /tg/c.zip HTTP/1.1" 206 65878 "-" "Mozilla/5.0 (Linux; Android) AppleWebKit/537.36 (KHTML, like Gecko) Chrome/34.0.1847.131 Safari/537.36" 
183.92.237.200 - - [06/Dec/2016:04:45:56 -0800] "GET /tg/c.zip HTTP/1.1" 206 65878 "-" "Mozilla/5.0 (Linux; Android) AppleWebKit/537.36 (KHTML, like Gecko) Chrome/34.0.1847.131 Safari/537.36" 
183.92.237.200 - - [06/Dec/2016:04:45:56 -0800] "GET /tg/c.zip HTTP/1.1" 206 65878 "-" "Mozilla/5.0 (Linux; Android) AppleWebKit/537.36 (KHTML, like Gecko) Chrome/34.0.1847.131 Safari/537.36" 
183.92.237.200 - - [06/Dec/2016:04:45:57 -0800] "GET /tg/c.zip HTTP/1.1" 206 65878 "-" "Mozilla/5.0 (Linux; Android) AppleWebKit/537.36 (KHTML, like Gecko) Chrome/34.0.1847.131 Safari/537.36" 
183.92.237.200 - - [06/Dec/2016:04:45:59 -0800] "GET /tg/c.zip HTTP/1.1" 206 98646 "-" "Mozilla/5.0 (Linux; Android) AppleWebKit/537.36 (KHTML, like Gecko) Chrome/34.0.1847.131 Safari/537.36" 
183.92.237.200 - - [06/Dec/2016:04:46:17 -0800] "GET /tg/c.zip HTTP/1.1" 206 65879 "-" "Mozilla/5.0 (Linux; Android) AppleWebKit/537.36 (KHTML, like Gecko) Chrome/34.0.1847.131 Safari/537.36" 
183.92.237.200 - - [06/Dec/2016:04:46:19 -0800] "GET /tg/c.zip HTTP/1.1" 206 65878 "-" "Mozilla/5.0 (Linux; Android) AppleWebKit/537.36 (KHTML, like Gecko) Chrome/34.0.1847.131 Safari/537.36" 
183.92.237.200 - - [06/Dec/2016:04:46:21 -0800] "GET /tg/c.zip HTTP/1.1" 206 65878 "-" "Mozilla/5.0 (Linux; Android) AppleWebKit/537.36 (KHTML, like Gecko) Chrome/34.0.1847.131 Safari/537.36" 
183.92.237.200 - - [06/Dec/2016:04:46:22 -0800] "GET /tg/c.zip HTTP/1.1" 206 65878 "-" "Mozilla/5.0 (Linux; Android) AppleWebKit/537.36 (KHTML, like Gecko) Chrome/34.0.1847.131 Safari/537.36" 
183.92.237.200 - - [06/Dec/2016:04:46:23 -0800] "GET /tg/c.zip HTTP/1.1" 206 65878 "-" "Mozilla/5.0 (Linux; Android) AppleWebKit/537.36 (KHTML, like Gecko) Chrome/34.0.1847.131 Safari/537.36" 
183.92.237.200 - - [06/Dec/2016:04:46:24 -0800] "GET /tg/c.zip HTTP/1.1" 206 65878 "-" "Mozilla/5.0 (Linux; Android) AppleWebKit/537.36 (KHTML, like Gecko) Chrome/34.0.1847.131 Safari/537.36" 
183.92.237.200 - - [06/Dec/2016:04:46:25 -0800] "GET /tg/c.zip HTTP/1.1" 206 65878 "-" "Mozilla/5.0 (Linux; Android) AppleWebKit/537.36 (KHTML, like Gecko) Chrome/34.0.1847.131 Safari/537.36" 
183.92.237.200 - - [06/Dec/2016:04:46:27 -0800] "GET /tg/c.zip HTTP/1.1" 206 98646 "-" "Mozilla/5.0 (Linux; Android) AppleWebKit/537.36 (KHTML, like Gecko) Chrome/34.0.1847.131 Safari/537.36" 
183.92.237.200 - - [06/Dec/2016:04:46:28 -0800] "GET /tg/c.zip HTTP/1.1" 206 98646 "-" "Mozilla/5.0 (Linux; Android) AppleWebKit/537.36 (KHTML, like Gecko) Chrome/34.0.1847.131 Safari/537.36" 
183.92.237.200 - - [06/Dec/2016:04:46:29 -0800] "GET /tg/c.zip HTTP/1.1" 206 65878 "-" "Mozilla/5.0 (Linux; Android) AppleWebKit/537.36 (KHTML, like Gecko) Chrome/34.0.1847.131 Safari/537.36" 
183.92.237.200 - - [06/Dec/2016:04:46:30 -0800] "GET /tg/c.zip HTTP/1.1" 206 98646 "-" "Mozilla/5.0 (Linux; Android) AppleWebKit/537.36 (KHTML, like Gecko) Chrome/34.0.1847.131 Safari/537.36" 
183.92.237.200 - - [06/Dec/2016:04:46:32 -0800] "GET /tg/c.zip HTTP/1.1" 206 98646 "-" "Mozilla/5.0 (Linux; Android) AppleWebKit/537.36 (KHTML, like Gecko) Chrome/34.0.1847.131 Safari/537.36" 
183.92.237.200 - - [06/Dec/2016:04:46:50 -0800] "GET /tg/c.zip HTTP/1.1" 206 65879 "-" "Mozilla/5.0 (Linux; Android) AppleWebKit/537.36 (KHTML, like Gecko) Chrome/34.0.1847.131 Safari/537.36" 
183.92.237.200 - - [06/Dec/2016:04:46:52 -0800] "GET /tg/c.zip HTTP/1.1" 206 65878 "-" "Mozilla/5.0 (Linux; Android) AppleWebKit/537.36 (KHTML, like Gecko) Chrome/34.0.1847.131 Safari/537.36" 
183.92.237.200 - - [06/Dec/2016:04:46:54 -0800] "GET /tg/c.zip HTTP/1.1" 206 65878 "-" "Mozilla/5.0 (Linux; Android) AppleWebKit/537.36 (KHTML, like Gecko) Chrome/34.0.1847.131 Safari/537.36" 
183.92.237.200 - - [06/Dec/2016:04:46:55 -0800] "GET /tg/c.zip HTTP/1.1" 206 65878 "-" "Mozilla/5.0 (Linux; Android) AppleWebKit/537.36 (KHTML, like Gecko) Chrome/34.0.1847.131 Safari/537.36" 
183.92.237.200 - - [06/Dec/2016:04:46:56 -0800] "GET /tg/c.zip HTTP/1.1" 206 65878 "-" "Mozilla/5.0 (Linux; Android) AppleWebKit/537.36 (KHTML, like Gecko) Chrome/34.0.1847.131 Safari/537.36" 
183.92.237.200 - - [06/Dec/2016:04:46:57 -0800] "GET /tg/c.zip HTTP/1.1" 206 65878 "-" "Mozilla/5.0 (Linux; Android) AppleWebKit/537.36 (KHTML, like Gecko) Chrome/34.0.1847.131 Safari/537.36" 
183.92.237.200 - - [06/Dec/2016:04:46:58 -0800] "GET /tg/c.zip HTTP/1.1" 206 65878 "-" "Mozilla/5.0 (Linux; Android) AppleWebKit/537.36 (KHTML, like Gecko) Chrome/34.0.1847.131 Safari/537.36" 
183.92.237.200 - - [06/Dec/2016:04:46:59 -0800] "GET /tg/c.zip HTTP/1.1" 206 98646 "-" "Mozilla/5.0 (Linux; Android) AppleWebKit/537.36 (KHTML, like Gecko) Chrome/34.0.1847.131 Safari/537.36" 
183.92.237.200 - - [06/Dec/2016:04:47:00 -0800] "GET /tg/c.zip HTTP/1.1" 206 98646 "-" "Mozilla/5.0 (Linux; Android) AppleWebKit/537.36 (KHTML, like Gecko) Chrome/34.0.1847.131 Safari/537.36" 
183.92.237.200 - - [06/Dec/2016:04:47:02 -0800] "GET /tg/c.zip HTTP/1.1" 206 98646 "-" "Mozilla/5.0 (Linux; Android) AppleWebKit/537.36 (KHTML, like Gecko) Chrome/34.0.1847.131 Safari/537.36" 
183.92.237.200 - - [06/Dec/2016:04:47:03 -0800] "GET /tg/c.zip HTTP/1.1" 206 98646 "-" "Mozilla/5.0 (Linux; Android) AppleWebKit/537.36 (KHTML, like Gecko) Chrome/34.0.1847.131 Safari/537.36" 
183.92.237.200 - - [06/Dec/2016:04:47:04 -0800] "GET /tg/c.zip HTTP/1.1" 206 98646 "-" "Mozilla/5.0 (Linux; Android) AppleWebKit/537.36 (KHTML, like Gecko) Chrome/34.0.1847.131 Safari/537.36" 
222.73.133.27 - - [06/Dec/2016:04:46:06 -0800] "GET /tg/a.zip HTTP/1.1" 206 77380 "-" "Mozilla/5.0 (Windows NT 5.1) AppleWebKit/537.36 (KHTML, like Gecko) Chrome/38.0.2125.104 Safari/537.36" 
183.92.237.200 - - [06/Dec/2016:04:47:05 -0800] "GET /tg/c.zip HTTP/1.1" 206 98646 "-" "Mozilla/5.0 (Linux; Android) AppleWebKit/537.36 (KHTML, like Gecko) Chrome/34.0.1847.131 Safari/537.36" 
183.92.237.200 - - [06/Dec/2016:04:47:06 -0800] "GET /tg/c.zip HTTP/1.1" 206 98646 "-" "Mozilla/5.0 (Linux; Android) AppleWebKit/537.36 (KHTML, like Gecko) Chrome/34.0.1847.131 Safari/537.36" 
183.92.237.200 - - [06/Dec/2016:04:47:07 -0800] "GET /tg/c.zip HTTP/1.1" 206 98646 "-" "Mozilla/5.0 (Linux; Android) AppleWebKit/537.36 (KHTML, like Gecko) Chrome/34.0.1847.131 Safari/537.36" 
183.92.237.200 - - [06/Dec/2016:04:47:08 -0800] "GET /tg/c.zip HTTP/1.1" 206 98646 "-" "Mozilla/5.0 (Linux; Android) AppleWebKit/537.36 (KHTML, like Gecko) Chrome/34.0.1847.131 Safari/537.36" 
183.92.237.200 - - [06/Dec/2016:04:47:09 -0800] "GET /tg/c.zip HTTP/1.1" 206 98646 "-" "Mozilla/5.0 (Linux; Android) AppleWebKit/537.36 (KHTML, like Gecko) Chrome/34.0.1847.131 Safari/537.36" 
183.92.237.200 - - [06/Dec/2016:04:47:10 -0800] "GET /tg/c.zip HTTP/1.1" 206 131415 "-" "Mozilla/5.0 (Linux; Android) AppleWebKit/537.36 (KHTML, like Gecko) Chrome/34.0.1847.131 Safari/537.36" 
183.92.237.200 - - [06/Dec/2016:04:47:11 -0800] "GET /tg/c.zip HTTP/1.1" 206 131415 "-" "Mozilla/5.0 (Linux; Android) AppleWebKit/537.36 (KHTML, like Gecko) Chrome/34.0.1847.131 Safari/537.36" 
183.92.237.200 - - [06/Dec/2016:04:47:12 -0800] "GET /tg/c.zip HTTP/1.1" 206 131415 "-" "Mozilla/5.0 (Linux; Android) AppleWebKit/537.36 (KHTML, like Gecko) Chrome/34.0.1847.131 Safari/537.36" 
183.92.237.200 - - [06/Dec/2016:04:47:13 -0800] "GET /tg/c.zip HTTP/1.1" 206 131415 "-" "Mozilla/5.0 (Linux; Android) AppleWebKit/537.36 (KHTML, like Gecko) Chrome/34.0.1847.131 Safari/537.36" 
183.92.237.200 - - [06/Dec/2016:04:47:15 -0800] "GET /tg/c.zip HTTP/1.1" 206 131415 "-" "Mozilla/5.0 (Linux; Android) AppleWebKit/537.36 (KHTML, like Gecko) Chrome/34.0.1847.131 Safari/537.36" 
183.92.237.200 - - [06/Dec/2016:04:47:33 -0800] "GET /tg/c.zip HTTP/1.1" 206 65879 "-" "Mozilla/5.0 (Linux; Android) AppleWebKit/537.36 (KHTML, like Gecko) Chrome/34.0.1847.131 Safari/537.36" 
183.92.237.200 - - [06/Dec/2016:04:47:35 -0800] "GET /tg/c.zip HTTP/1.1" 206 65878 "-" "Mozilla/5.0 (Linux; Android) AppleWebKit/537.36 (KHTML, like Gecko) Chrome/34.0.1847.131 Safari/537.36" 
183.92.237.200 - - [06/Dec/2016:04:47:36 -0800] "GET /tg/c.zip HTTP/1.1" 206 65878 "-" "Mozilla/5.0 (Linux; Android) AppleWebKit/537.36 (KHTML, like Gecko) Chrome/34.0.1847.131 Safari/537.36" 
183.92.237.200 - - [06/Dec/2016:04:47:38 -0800] "GET /tg/c.zip HTTP/1.1" 206 65878 "-" "Mozilla/5.0 (Linux; Android) AppleWebKit/537.36 (KHTML, like Gecko) Chrome/34.0.1847.131 Safari/537.36" 
183.92.237.200 - - [06/Dec/2016:04:47:53 -0800] "GET /tg/c.zip HTTP/1.1" 206 65879 "-" "Mozilla/5.0 (Linux; Android) AppleWebKit/537.36 (KHTML, like Gecko) Chrome/34.0.1847.131 Safari/537.36" 
183.92.237.200 - - [06/Dec/2016:04:47:55 -0800] "GET /tg/c.zip HTTP/1.1" 206 65878 "-" "Mozilla/5.0 (Linux; Android) AppleWebKit/537.36 (KHTML, like Gecko) Chrome/34.0.1847.131 Safari/537.36" 
183.92.237.200 - - [06/Dec/2016:04:47:56 -0800] "GET /tg/c.zip HTTP/1.1" 206 65878 "-" "Mozilla/5.0 (Linux; Android) AppleWebKit/537.36 (KHTML, like Gecko) Chrome/34.0.1847.131 Safari/537.36" 
183.92.237.200 - - [06/Dec/2016:04:47:58 -0800] "GET /tg/c.zip HTTP/1.1" 206 65878 "-" "Mozilla/5.0 (Linux; Android) AppleWebKit/537.36 (KHTML, like Gecko) Chrome/34.0.1847.131 Safari/537.36" 
183.92.237.200 - - [06/Dec/2016:04:47:59 -0800] "GET /tg/c.zip HTTP/1.1" 206 65878 "-" "Mozilla/5.0 (Linux; Android) AppleWebKit/537.36 (KHTML, like Gecko) Chrome/34.0.1847.131 Safari/537.36" 
183.92.237.200 - - [06/Dec/2016:04:48:00 -0800] "GET /tg/c.zip HTTP/1.1" 206 65878 "-" "Mozilla/5.0 (Linux; Android) AppleWebKit/537.36 (KHTML, like Gecko) Chrome/34.0.1847.131 Safari/537.36" 
183.92.237.200 - - [06/Dec/2016:04:48:01 -0800] "GET /tg/c.zip HTTP/1.1" 206 65878 "-" "Mozilla/5.0 (Linux; Android) AppleWebKit/537.36 (KHTML, like Gecko) Chrome/34.0.1847.131 Safari/537.36" 
183.92.237.200 - - [06/Dec/2016:04:48:02 -0800] "GET /tg/c.zip HTTP/1.1" 206 65878 "-" "Mozilla/5.0 (Linux; Android) AppleWebKit/537.36 (KHTML, like Gecko) Chrome/34.0.1847.131 Safari/537.36" 
183.92.237.200 - - [06/Dec/2016:04:48:03 -0800] "GET /tg/c.zip HTTP/1.1" 206 65878 "-" "Mozilla/5.0 (Linux; Android) AppleWebKit/537.36 (KHTML, like Gecko) Chrome/34.0.1847.131 Safari/537.36" 
183.92.237.200 - - [06/Dec/2016:04:48:04 -0800] "GET /tg/c.zip HTTP/1.1" 206 98646 "-" "Mozilla/5.0 (Linux; Android) AppleWebKit/537.36 (KHTML, like Gecko) Chrome/34.0.1847.131 Safari/537.36" 
183.92.237.200 - - [06/Dec/2016:04:48:05 -0800] "GET /tg/c.zip HTTP/1.1" 206 98646 "-" "Mozilla/5.0 (Linux; Android) AppleWebKit/537.36 (KHTML, like Gecko) Chrome/34.0.1847.131 Safari/537.36" 
183.92.237.200 - - [06/Dec/2016:04:48:06 -0800] "GET /tg/c.zip HTTP/1.1" 206 98646 "-" "Mozilla/5.0 (Linux; Android) AppleWebKit/537.36 (KHTML, like Gecko) Chrome/34.0.1847.131 Safari/537.36" 
183.92.237.200 - - [06/Dec/2016:04:48:07 -0800] "GET /tg/c.zip HTTP/1.1" 206 98646 "-" "Mozilla/5.0 (Linux; Android) AppleWebKit/537.36 (KHTML, like Gecko) Chrome/34.0.1847.131 Safari/537.36" 
183.92.237.200 - - [06/Dec/2016:04:48:08 -0800] "GET /tg/c.zip HTTP/1.1" 206 98646 "-" "Mozilla/5.0 (Linux; Android) AppleWebKit/537.36 (KHTML, like Gecko) Chrome/34.0.1847.131 Safari/537.36" 
183.92.237.200 - - [06/Dec/2016:04:48:09 -0800] "GET /tg/c.zip HTTP/1.1" 206 98646 "-" "Mozilla/5.0 (Linux; Android) AppleWebKit/537.36 (KHTML, like Gecko) Chrome/34.0.1847.131 Safari/537.36" 
183.92.237.200 - - [06/Dec/2016:04:48:10 -0800] "GET /tg/c.zip HTTP/1.1" 206 98646 "-" "Mozilla/5.0 (Linux; Android) AppleWebKit/537.36 (KHTML, like Gecko) Chrome/34.0.1847.131 Safari/537.36" 
183.92.237.200 - - [06/Dec/2016:04:48:11 -0800] "GET /tg/c.zip HTTP/1.1" 206 98646 "-" "Mozilla/5.0 (Linux; Android) AppleWebKit/537.36 (KHTML, like Gecko) Chrome/34.0.1847.131 Safari/537.36" 
183.92.237.200 - - [06/Dec/2016:04:48:12 -0800] "GET /tg/c.zip HTTP/1.1" 206 98646 "-" "Mozilla/5.0 (Linux; Android) AppleWebKit/537.36 (KHTML, like Gecko) Chrome/34.0.1847.131 Safari/537.36" 
183.92.237.200 - - [06/Dec/2016:04:48:13 -0800] "GET /tg/c.zip HTTP/1.1" 206 131415 "-" "Mozilla/5.0 (Linux; Android) AppleWebKit/537.36 (KHTML, like Gecko) Chrome/34.0.1847.131 Safari/537.36" 
183.92.237.200 - - [06/Dec/2016:04:48:14 -0800] "GET /tg/c.zip HTTP/1.1" 206 131415 "-" "Mozilla/5.0 (Linux; Android) AppleWebKit/537.36 (KHTML, like Gecko) Chrome/34.0.1847.131 Safari/537.36" 
183.92.237.200 - - [06/Dec/2016:04:48:16 -0800] "GET /tg/c.zip HTTP/1.1" 206 131415 "-" "Mozilla/5.0 (Linux; Android) AppleWebKit/537.36 (KHTML, like Gecko) Chrome/34.0.1847.131 Safari/537.36" 
116.1.3.200 - - [06/Dec/2016:04:48:02 -0800] "GET /pe_static/zeus.zip HTTP/1.1" 200 2863060 "http://www.secrepo.com/" "Mozilla/5.0 (Windows NT 6.3; WOW64) AppleWebKit/537.36 (KHTML, like Gecko) Maxthon/4.4.8.2000 Chrome/30.0.1599.101 Safari/537.36" 
183.92.237.200 - - [06/Dec/2016:04:48:35 -0800] "GET /tg/c.zip HTTP/1.1" 206 65879 "-" "Mozilla/5.0 (Linux; Android) AppleWebKit/537.36 (KHTML, like Gecko) Chrome/34.0.1847.131 Safari/537.36" 
183.92.237.200 - - [06/Dec/2016:04:48:37 -0800] "GET /tg/c.zip HTTP/1.1" 206 65878 "-" "Mozilla/5.0 (Linux; Android) AppleWebKit/537.36 (KHTML, like Gecko) Chrome/34.0.1847.131 Safari/537.36" 
183.92.237.200 - - [06/Dec/2016:04:48:52 -0800] "GET /tg/c.zip HTTP/1.1" 206 65879 "-" "Mozilla/5.0 (Linux; Android) AppleWebKit/537.36 (KHTML, like Gecko) Chrome/34.0.1847.131 Safari/537.36" 
183.92.237.200 - - [06/Dec/2016:04:48:54 -0800] "GET /tg/c.zip HTTP/1.1" 206 65878 "-" "Mozilla/5.0 (Linux; Android) AppleWebKit/537.36 (KHTML, like Gecko) Chrome/34.0.1847.131 Safari/537.36" 
183.92.237.200 - - [06/Dec/2016:04:48:55 -0800] "GET /tg/c.zip HTTP/1.1" 206 65878 "-" "Mozilla/5.0 (Linux; Android) AppleWebKit/537.36 (KHTML, like Gecko) Chrome/34.0.1847.131 Safari/537.36" 
183.92.237.200 - - [06/Dec/2016:04:48:57 -0800] "GET /tg/c.zip HTTP/1.1" 206 65878 "-" "Mozilla/5.0 (Linux; Android) AppleWebKit/537.36 (KHTML, like Gecko) Chrome/34.0.1847.131 Safari/537.36" 
183.92.237.200 - - [06/Dec/2016:04:48:58 -0800] "GET /tg/c.zip HTTP/1.1" 206 65878 "-" "Mozilla/5.0 (Linux; Android) AppleWebKit/537.36 (KHTML, like Gecko) Chrome/34.0.1847.131 Safari/537.36" 
183.92.237.200 - - [06/Dec/2016:04:49:00 -0800] "GET /tg/c.zip HTTP/1.1" 206 65878 "-" "Mozilla/5.0 (Linux; Android) AppleWebKit/537.36 (KHTML, like Gecko) Chrome/34.0.1847.131 Safari/537.36" 
183.92.237.200 - - [06/Dec/2016:04:49:01 -0800] "GET /tg/c.zip HTTP/1.1" 206 65878 "-" "Mozilla/5.0 (Linux; Android) AppleWebKit/537.36 (KHTML, like Gecko) Chrome/34.0.1847.131 Safari/537.36" 
183.92.237.200 - - [06/Dec/2016:04:49:03 -0800] "GET /tg/c.zip HTTP/1.1" 206 65878 "-" "Mozilla/5.0 (Linux; Android) AppleWebKit/537.36 (KHTML, like Gecko) Chrome/34.0.1847.131 Safari/537.36" 
183.92.237.200 - - [06/Dec/2016:04:49:03 -0800] "GET /tg/c.zip HTTP/1.1" 206 65878 "-" "Mozilla/5.0 (Linux; Android) AppleWebKit/537.36 (KHTML, like Gecko) Chrome/34.0.1847.131 Safari/537.36" 
183.92.237.200 - - [06/Dec/2016:04:49:05 -0800] "GET /tg/c.zip HTTP/1.1" 206 65878 "-" "Mozilla/5.0 (Linux; Android) AppleWebKit/537.36 (KHTML, like Gecko) Chrome/34.0.1847.131 Safari/537.36" 
183.92.237.200 - - [06/Dec/2016:04:49:06 -0800] "GET /tg/c.zip HTTP/1.1" 206 98646 "-" "Mozilla/5.0 (Linux; Android) AppleWebKit/537.36 (KHTML, like Gecko) Chrome/34.0.1847.131 Safari/537.36" 
183.92.237.200 - - [06/Dec/2016:04:49:07 -0800] "GET /tg/c.zip HTTP/1.1" 206 98646 "-" "Mozilla/5.0 (Linux; Android) AppleWebKit/537.36 (KHTML, like Gecko) Chrome/34.0.1847.131 Safari/537.36" 
183.92.237.200 - - [06/Dec/2016:04:49:07 -0800] "GET /tg/c.zip HTTP/1.1" 206 98646 "-" "Mozilla/5.0 (Linux; Android) AppleWebKit/537.36 (KHTML, like Gecko) Chrome/34.0.1847.131 Safari/537.36" 
183.92.237.200 - - [06/Dec/2016:04:49:09 -0800] "GET /tg/c.zip HTTP/1.1" 206 98646 "-" "Mozilla/5.0 (Linux; Android) AppleWebKit/537.36 (KHTML, like Gecko) Chrome/34.0.1847.131 Safari/537.36" 
183.92.237.200 - - [06/Dec/2016:04:49:10 -0800] "GET /tg/c.zip HTTP/1.1" 206 98646 "-" "Mozilla/5.0 (Linux; Android) AppleWebKit/537.36 (KHTML, like Gecko) Chrome/34.0.1847.131 Safari/537.36" 
183.92.237.200 - - [06/Dec/2016:04:49:11 -0800] "GET /tg/c.zip HTTP/1.1" 206 131415 "-" "Mozilla/5.0 (Linux; Android) AppleWebKit/537.36 (KHTML, like Gecko) Chrome/34.0.1847.131 Safari/537.36" 
183.92.237.200 - - [06/Dec/2016:04:49:11 -0800] "GET /tg/c.zip HTTP/1.1" 206 131415 "-" "Mozilla/5.0 (Linux; Android) AppleWebKit/537.36 (KHTML, like Gecko) Chrome/34.0.1847.131 Safari/537.36" 
183.92.237.200 - - [06/Dec/2016:04:49:12 -0800] "GET /tg/c.zip HTTP/1.1" 206 131415 "-" "Mozilla/5.0 (Linux; Android) AppleWebKit/537.36 (KHTML, like Gecko) Chrome/34.0.1847.131 Safari/537.36" 
183.92.237.200 - - [06/Dec/2016:04:49:14 -0800] "GET /tg/c.zip HTTP/1.1" 206 131415 "-" "Mozilla/5.0 (Linux; Android) AppleWebKit/537.36 (KHTML, like Gecko) Chrome/34.0.1847.131 Safari/537.36" 
222.73.133.27 - - [06/Dec/2016:04:47:47 -0800] "GET /tg/a.zip HTTP/1.1" 206 144540 "-" "Mozilla/5.0 (Windows NT 5.1) AppleWebKit/537.36 (KHTML, like Gecko) Chrome/38.0.2125.104 Safari/537.36" 
183.92.237.200 - - [06/Dec/2016:04:49:32 -0800] "GET /tg/c.zip HTTP/1.1" 206 65879 "-" "Mozilla/5.0 (Linux; Android) AppleWebKit/537.36 (KHTML, like Gecko) Chrome/34.0.1847.131 Safari/537.36" 
183.92.237.200 - - [06/Dec/2016:04:49:34 -0800] "GET /tg/c.zip HTTP/1.1" 206 65878 "-" "Mozilla/5.0 (Linux; Android) AppleWebKit/537.36 (KHTML, like Gecko) Chrome/34.0.1847.131 Safari/537.36" 
183.92.237.200 - - [06/Dec/2016:04:49:35 -0800] "GET /tg/c.zip HTTP/1.1" 206 65878 "-" "Mozilla/5.0 (Linux; Android) AppleWebKit/537.36 (KHTML, like Gecko) Chrome/34.0.1847.131 Safari/537.36" 
183.92.237.200 - - [06/Dec/2016:04:49:36 -0800] "GET /tg/c.zip HTTP/1.1" 206 65878 "-" "Mozilla/5.0 (Linux; Android) AppleWebKit/537.36 (KHTML, like Gecko) Chrome/34.0.1847.131 Safari/537.36" 
183.92.237.200 - - [06/Dec/2016:04:49:37 -0800] "GET /tg/c.zip HTTP/1.1" 206 65878 "-" "Mozilla/5.0 (Linux; Android) AppleWebKit/537.36 (KHTML, like Gecko) Chrome/34.0.1847.131 Safari/537.36" 
183.92.237.200 - - [06/Dec/2016:04:49:38 -0800] "GET /tg/c.zip HTTP/1.1" 206 18632 "-" "Mozilla/5.0 (Linux; Android) AppleWebKit/537.36 (KHTML, like Gecko) Chrome/34.0.1847.131 Safari/537.36" 
116.1.3.197 - - [06/Dec/2016:04:48:39 -0800] "GET /squid/access.log.gz HTTP/1.1" 200 2214302 "http://www.secrepo.com/" "Mozilla/5.0 (Windows NT 6.3; WOW64) AppleWebKit/537.36 (KHTML, like Gecko) Maxthon/4.4.8.2000 Chrome/30.0.1599.101 Safari/537.36" 
116.1.3.197 - - [06/Dec/2016:04:50:00 -0800] "GET /squid/access.log.gz HTTP/1.1" 200 2240782 "http://www.secrepo.com/" "Mozilla/5.0 (Windows NT 6.3; WOW64) AppleWebKit/537.36 (KHTML, like Gecko) Maxthon/4.4.8.2000 Chrome/30.0.1599.101 Safari/537.36" 
121.217.124.185 - - [06/Dec/2016:04:54:52 -0800] "GET /Security-Data-Analysis/Lab_1/conn.log.zip HTTP/1.1" 200 5905020 "-" "Mozilla/5.0 (Macintosh; Intel Mac OS X 10_11_6) AppleWebKit/537.36 (KHTML, like Gecko) Chrome/54.0.2840.98 Safari/537.36" 
68.180.230.40 - - [06/Dec/2016:04:58:30 -0800] "GET /self.logs/access.log.2016-06-11.gz HTTP/1.1" 200 7678 "-" "Mozilla/5.0 (compatible; Yahoo! Slurp; http://help.yahoo.com/help/us/ysearch/slurp)" 
207.46.13.6 - - [06/Dec/2016:05:00:43 -0800] "GET /self.logs/access.log.2016-07-30.gz HTTP/1.1" 200 5605 "-" "Mozilla/5.0 (compatible; bingbot/2.0; +http://www.bing.com/bingbot.htm)" 
222.73.133.39 - - [06/Dec/2016:05:02:10 -0800] "GET /honeypot/honeypot.json.zip HTTP/1.1" 200 331214 "-" "Mozilla/5.0 (Windows NT 5.1) AppleWebKit/537.36 (KHTML, like Gecko) Chrome/38.0.2125.104 Safari/537.36" 
222.73.133.39 - - [06/Dec/2016:05:02:19 -0800] "GET /honeypot/honeypot.json.zip HTTP/1.1" 206 167900 "-" "Mozilla/5.0 (Windows NT 5.1) AppleWebKit/537.36 (KHTML, like Gecko) Chrome/38.0.2125.104 Safari/537.36" 
222.73.133.39 - - [06/Dec/2016:05:02:39 -0800] "GET /honeypot/honeypot.json.zip HTTP/1.1" 206 2207100 "-" "Mozilla/5.0 (Windows NT 5.1) AppleWebKit/537.36 (KHTML, like Gecko) Chrome/38.0.2125.104 Safari/537.36" 
222.73.133.39 - - [06/Dec/2016:05:03:03 -0800] "GET /honeypot/honeypot.json.zip HTTP/1.1" 206 1598700 "-" "Mozilla/5.0 (Windows NT 5.1) AppleWebKit/537.36 (KHTML, like Gecko) Chrome/38.0.2125.104 Safari/537.36" 
222.73.133.39 - - [06/Dec/2016:05:05:11 -0800] "GET /honeypot/honeypot.json.zip HTTP/1.1" 206 377172 "-" "Mozilla/5.0 (Windows NT 5.1) AppleWebKit/537.36 (KHTML, like Gecko) Chrome/38.0.2125.104 Safari/537.36" 
222.73.133.39 - - [06/Dec/2016:05:04:59 -0800] "GET /honeypot/honeypot.json.zip HTTP/1.1" 206 286160 "-" "Mozilla/5.0 (Windows NT 5.1) AppleWebKit/537.36 (KHTML, like Gecko) Chrome/38.0.2125.104 Safari/537.36" 
207.46.13.6 - - [06/Dec/2016:05:06:33 -0800] "GET /self.logs/access.log.2015-12-27.gz HTTP/1.1" 200 6780 "-" "Mozilla/5.0 (compatible; bingbot/2.0; +http://www.bing.com/bingbot.htm)" 
207.46.13.6 - - [06/Dec/2016:05:06:38 -0800] "GET /self.logs/access.log.2015-12-27.gz HTTP/1.1" 200 6780 "-" "Mozilla/5.0 (compatible; bingbot/2.0; +http://www.bing.com/bingbot.htm)" 
207.46.13.6 - - [06/Dec/2016:05:06:43 -0800] "GET /self.logs/access.log.2015-12-27.gz HTTP/1.1" 200 6780 "-" "Mozilla/5.0 (compatible; bingbot/2.0; +http://www.bing.com/bingbot.htm)" 
207.46.13.6 - - [06/Dec/2016:05:06:54 -0800] "GET /self.logs/access.log.2015-12-27.gz HTTP/1.1" 200 6780 "-" "Mozilla/5.0 (compatible; bingbot/2.0; +http://www.bing.com/bingbot.htm)" 
222.73.133.39 - - [06/Dec/2016:05:06:55 -0800] "GET /honeypot/honeypot.json.zip HTTP/1.1" 206 59860 "-" "Mozilla/5.0 (Windows NT 5.1) AppleWebKit/537.36 (KHTML, like Gecko) Chrome/38.0.2125.104 Safari/537.36" 
222.73.133.39 - - [06/Dec/2016:05:06:55 -0800] "GET /honeypot/honeypot.json.zip HTTP/1.1" 206 280320 "-" "Mozilla/5.0 (Windows NT 5.1) AppleWebKit/537.36 (KHTML, like Gecko) Chrome/38.0.2125.104 Safari/537.36" 
222.73.133.39 - - [06/Dec/2016:05:08:21 -0800] "GET /honeypot/honeypot.json.zip HTTP/1.1" 206 82259 "-" "Mozilla/5.0 (Windows NT 5.1) AppleWebKit/537.36 (KHTML, like Gecko) Chrome/38.0.2125.104 Safari/537.36" 
222.73.133.39 - - [06/Dec/2016:05:08:39 -0800] "GET /honeypot/honeypot.json.zip HTTP/1.1" 206 82259 "-" "Mozilla/5.0 (Windows NT 5.1) AppleWebKit/537.36 (KHTML, like Gecko) Chrome/38.0.2125.104 Safari/537.36" 
222.73.133.39 - - [06/Dec/2016:05:08:49 -0800] "GET /honeypot/honeypot.json.zip HTTP/1.1" 206 33107 "-" "Mozilla/5.0 (Windows NT 5.1) AppleWebKit/537.36 (KHTML, like Gecko) Chrome/38.0.2125.104 Safari/537.36" 
222.73.133.39 - - [06/Dec/2016:05:08:57 -0800] "GET /honeypot/honeypot.json.zip HTTP/1.1" 206 16723 "-" "Mozilla/5.0 (Windows NT 5.1) AppleWebKit/537.36 (KHTML, like Gecko) Chrome/38.0.2125.104 Safari/537.36" 
222.73.133.39 - - [06/Dec/2016:05:08:57 -0800] "GET /honeypot/honeypot.json.zip HTTP/1.1" 206 33107 "-" "Mozilla/5.0 (Windows NT 5.1) AppleWebKit/537.36 (KHTML, like Gecko) Chrome/38.0.2125.104 Safari/537.36" 
222.73.133.39 - - [06/Dec/2016:05:07:19 -0800] "GET /honeypot/honeypot.json.zip HTTP/1.1" 206 89060 "-" "Mozilla/5.0 (Windows NT 5.1) AppleWebKit/537.36 (KHTML, like Gecko) Chrome/38.0.2125.104 Safari/537.36" 
52.38.236.245 - - [06/Dec/2016:05:09:20 -0800] "GET / HTTP/1.1" 301 483 "-" "Mozilla/5.0 (Macintosh; Intel Mac OS X 10_10_2) AppleWebKit/600.3.18 (KHTML, like Gecko) Version/8.0.3 Safari/600.3.18" 
52.38.236.245 - - [06/Dec/2016:05:09:21 -0800] "GET / HTTP/1.1" 200 10179 "-" "Mozilla/5.0 (Macintosh; Intel Mac OS X 10_10_2) AppleWebKit/600.3.18 (KHTML, like Gecko) Version/8.0.3 Safari/600.3.18" 
209.8.196.40 - - [06/Dec/2016:05:12:33 -0800] "GET / HTTP/1.1" 200 10179 "http://www.mlsecproject.org/" "Mozilla/5.0 (Windows NT 6.1; WOW64) AppleWebKit/537.36 (KHTML, like Gecko) Chrome/54.0.2840.99 Safari/537.36 OPR/41.0.2353.69" 
209.8.196.40 - - [06/Dec/2016:05:12:34 -0800] "GET /twitter-icon.png HTTP/1.1" 200 27787 "http://www.secrepo.com/" "Mozilla/5.0 (Windows NT 6.1; WOW64) AppleWebKit/537.36 (KHTML, like Gecko) Chrome/54.0.2840.99 Safari/537.36 OPR/41.0.2353.69" 
209.8.196.40 - - [06/Dec/2016:05:12:34 -0800] "GET /GitHub-Mark.png HTTP/1.1" 200 7428 "http://www.secrepo.com/" "Mozilla/5.0 (Windows NT 6.1; WOW64) AppleWebKit/537.36 (KHTML, like Gecko) Chrome/54.0.2840.99 Safari/537.36 OPR/41.0.2353.69" 
209.8.196.40 - - [06/Dec/2016:05:12:36 -0800] "GET /bootstrap/img/favicon.ico HTTP/1.1" 200 590 "http://www.secrepo.com/" "Mozilla/5.0 (Windows NT 6.1; WOW64) AppleWebKit/537.36 (KHTML, like Gecko) Chrome/54.0.2840.99 Safari/537.36 OPR/41.0.2353.69" 
207.46.13.6 - - [06/Dec/2016:05:14:06 -0800] "GET /self.logs/access.log.2015-05-01.gz HTTP/1.1" 200 4487 "-" "Mozilla/5.0 (compatible; bingbot/2.0; +http://www.bing.com/bingbot.htm)" 
68.180.230.40 - - [06/Dec/2016:05:15:13 -0800] "GET /maccdc2012/ftp.log.gz HTTP/1.1" 304 134 "-" "Mozilla/5.0 (compatible; Yahoo! Slurp; http://help.yahoo.com/help/us/ysearch/slurp)" 
180.76.15.27 - - [06/Dec/2016:05:18:44 -0800] "GET /honeypot/BSidesDFW%20-%202014.ipynb HTTP/1.1" 200 930799 "-" "Mozilla/5.0 (compatible; Baiduspider/2.0; +http://www.baidu.com/search/spider.html)" 
148.197.250.143 - - [06/Dec/2016:05:21:41 -0800] "GET / HTTP/1.1" 200 10179 "-" "Mozilla/5.0 (Windows NT 6.3; Win64; x64) AppleWebKit/537.36 (KHTML, like Gecko) Chrome/54.0.2840.99 Safari/537.36" 
148.197.250.143 - - [06/Dec/2016:05:21:42 -0800] "GET /GitHub-Mark.png HTTP/1.1" 200 7428 "http://www.secrepo.com/" "Mozilla/5.0 (Windows NT 6.3; Win64; x64) AppleWebKit/537.36 (KHTML, like Gecko) Chrome/54.0.2840.99 Safari/537.36" 
148.197.250.143 - - [06/Dec/2016:05:21:42 -0800] "GET /twitter-icon.png HTTP/1.1" 200 27787 "http://www.secrepo.com/" "Mozilla/5.0 (Windows NT 6.3; Win64; x64) AppleWebKit/537.36 (KHTML, like Gecko) Chrome/54.0.2840.99 Safari/537.36" 
148.197.250.143 - - [06/Dec/2016:05:21:43 -0800] "GET /bootstrap/img/favicon.ico HTTP/1.1" 200 589 "http://www.secrepo.com/" "Mozilla/5.0 (Windows NT 6.3; Win64; x64) AppleWebKit/537.36 (KHTML, like Gecko) Chrome/54.0.2840.99 Safari/537.36" 
157.55.39.245 - - [06/Dec/2016:05:23:32 -0800] "GET /self.logs/access.log.2015-08-13.gz HTTP/1.1" 200 4659 "-" "Mozilla/5.0 (compatible; bingbot/2.0; +http://www.bing.com/bingbot.htm)" 
45.41.60.251 - - [06/Dec/2016:05:32:14 -0800] "GET / HTTP/1.1" 200 34061 "-" "Mozilla/5.0 (Windows NT 6.3; rv:36.0) Gecko/20100101 Firefox/36.0" 
157.55.39.204 - - [06/Dec/2016:05:34:13 -0800] "GET /self.logs/access.log.2015-03-20.gz HTTP/1.1" 200 4215 "-" "Mozilla/5.0 (compatible; bingbot/2.0; +http://www.bing.com/bingbot.htm)" 
212.43.112.33 - - [06/Dec/2016:05:54:22 -0800] "GET /honeypot/Honeypot%20-%20Howto.pdf HTTP/1.1" 200 1279418 "http://www.secrepo.com/" "Mozilla/5.0 (Windows NT 6.1; WOW64) AppleWebKit/537.36 (KHTML, like Gecko) Maxthon/4.4.4.600 Chrome/30.0.1599.101 Safari/537.36" 
222.73.133.27 - - [06/Dec/2016:05:57:55 -0800] "GET /tg/a.zip HTTP/1.1" 206 270100 "-" "Mozilla/5.0 (Windows NT 5.1) AppleWebKit/537.36 (KHTML, like Gecko) Chrome/38.0.2125.104 Safari/537.36" 
173.37.200.7 - - [06/Dec/2016:06:03:20 -0800] "GET / HTTP/1.1" 200 10179 "https://www.google.com/" "Mozilla/5.0 (Macintosh; Intel Mac OS X 10.11; rv:50.0) Gecko/20100101 Firefox/50.0" 
173.37.200.7 - - [06/Dec/2016:06:03:20 -0800] "GET /bootstrap/img/favicon.ico HTTP/1.1" 200 589 "-" "Mozilla/5.0 (Macintosh; Intel Mac OS X 10.11; rv:50.0) Gecko/20100101 Firefox/50.0" 
173.37.200.7 - - [06/Dec/2016:06:03:21 -0800] "GET /twitter-icon.png HTTP/1.1" 200 27787 "http://www.secrepo.com/" "Mozilla/5.0 (Macintosh; Intel Mac OS X 10.11; rv:50.0) Gecko/20100101 Firefox/50.0" 
173.37.200.7 - - [06/Dec/2016:06:03:21 -0800] "GET /GitHub-Mark.png HTTP/1.1" 200 7427 "http://www.secrepo.com/" "Mozilla/5.0 (Macintosh; Intel Mac OS X 10.11; rv:50.0) Gecko/20100101 Firefox/50.0" 
207.46.13.6 - - [06/Dec/2016:06:21:36 -0800] "GET /self.logs/access.log.2015-12-06.gz HTTP/1.1" 200 9437 "-" "Mozilla/5.0 (compatible; bingbot/2.0; +http://www.bing.com/bingbot.htm)" 
63.243.252.108 - - [06/Dec/2016:06:25:42 -0800] "GET /honeypot/Honeypot%20-%20Howto%20-%20BSides%20Austin.pdf HTTP/1.1" 200 738760 "-" "Mozilla/5.0 (compatible; Baiduspider/2.0; +http://www.baidu.com/search/spider.html)" 
219.148.86.226 - - [06/Dec/2016:06:31:11 -0800] "GET /honeypot/honeypot.json.zip HTTP/1.1" 206 65867 "-" "Mozilla/5.0 (Linux; Android) AppleWebKit/537.36 (KHTML, like Gecko) Chrome/34.0.1847.131 Safari/537.36" 
219.148.86.226 - - [06/Dec/2016:06:31:12 -0800] "GET /honeypot/honeypot.json.zip HTTP/1.1" 206 65871 "-" "Mozilla/5.0 (Linux; Android) AppleWebKit/537.36 (KHTML, like Gecko) Chrome/34.0.1847.131 Safari/537.36" 
180.104.187.143 - - [06/Dec/2016:06:31:22 -0800] "GET /honeypot/honeypot.json.zip HTTP/1.1" 206 65875 "-" "Mozilla/5.0 (Linux; Android) AppleWebKit/537.36 (KHTML, like Gecko) Chrome/34.0.1847.131 Safari/537.36" 
180.104.187.143 - - [06/Dec/2016:06:31:23 -0800] "GET /honeypot/honeypot.json.zip HTTP/1.1" 206 65874 "-" "Mozilla/5.0 (Linux; Android) AppleWebKit/537.36 (KHTML, like Gecko) Chrome/34.0.1847.131 Safari/537.36" 
180.104.187.143 - - [06/Dec/2016:06:31:26 -0800] "GET /honeypot/honeypot.json.zip HTTP/1.1" 206 65874 "-" "Mozilla/5.0 (Linux; Android) AppleWebKit/537.36 (KHTML, like Gecko) Chrome/34.0.1847.131 Safari/537.36" 
219.148.86.226 - - [06/Dec/2016:06:31:27 -0800] "GET /honeypot/honeypot.json.zip HTTP/1.1" 206 65873 "-" "Mozilla/5.0 (Linux; Android) AppleWebKit/537.36 (KHTML, like Gecko) Chrome/34.0.1847.131 Safari/537.36" 
180.104.187.143 - - [06/Dec/2016:06:31:27 -0800] "GET /honeypot/honeypot.json.zip HTTP/1.1" 206 65874 "-" "Mozilla/5.0 (Linux; Android) AppleWebKit/537.36 (KHTML, like Gecko) Chrome/34.0.1847.131 Safari/537.36" 
219.148.86.226 - - [06/Dec/2016:06:31:28 -0800] "GET /honeypot/honeypot.json.zip HTTP/1.1" 206 65872 "-" "Mozilla/5.0 (Linux; Android) AppleWebKit/537.36 (KHTML, like Gecko) Chrome/34.0.1847.131 Safari/537.36" 
180.104.187.143 - - [06/Dec/2016:06:31:43 -0800] "GET /honeypot/honeypot.json.zip HTTP/1.1" 206 65875 "-" "Mozilla/5.0 (Linux; Android) AppleWebKit/537.36 (KHTML, like Gecko) Chrome/34.0.1847.131 Safari/537.36" 
180.104.187.143 - - [06/Dec/2016:06:31:44 -0800] "GET /honeypot/honeypot.json.zip HTTP/1.1" 206 65874 "-" "Mozilla/5.0 (Linux; Android) AppleWebKit/537.36 (KHTML, like Gecko) Chrome/34.0.1847.131 Safari/537.36" 
219.148.86.226 - - [06/Dec/2016:06:31:44 -0800] "GET /honeypot/honeypot.json.zip HTTP/1.1" 206 65873 "-" "Mozilla/5.0 (Linux; Android) AppleWebKit/537.36 (KHTML, like Gecko) Chrome/34.0.1847.131 Safari/537.36" 
180.104.187.143 - - [06/Dec/2016:06:31:45 -0800] "GET /honeypot/honeypot.json.zip HTTP/1.1" 206 65874 "-" "Mozilla/5.0 (Linux; Android) AppleWebKit/537.36 (KHTML, like Gecko) Chrome/34.0.1847.131 Safari/537.36" 
180.104.187.143 - - [06/Dec/2016:06:31:47 -0800] "GET /honeypot/honeypot.json.zip HTTP/1.1" 206 65874 "-" "Mozilla/5.0 (Linux; Android) AppleWebKit/537.36 (KHTML, like Gecko) Chrome/34.0.1847.131 Safari/537.36" 
219.148.86.226 - - [06/Dec/2016:06:31:47 -0800] "GET /honeypot/honeypot.json.zip HTTP/1.1" 206 65872 "-" "Mozilla/5.0 (Linux; Android) AppleWebKit/537.36 (KHTML, like Gecko) Chrome/34.0.1847.131 Safari/537.36" 
219.148.86.226 - - [06/Dec/2016:06:31:51 -0800] "GET /honeypot/honeypot.json.zip HTTP/1.1" 206 65872 "-" "Mozilla/5.0 (Linux; Android) AppleWebKit/537.36 (KHTML, like Gecko) Chrome/34.0.1847.131 Safari/537.36" 
219.148.86.226 - - [06/Dec/2016:06:31:54 -0800] "GET /honeypot/honeypot.json.zip HTTP/1.1" 206 65872 "-" "Mozilla/5.0 (Linux; Android) AppleWebKit/537.36 (KHTML, like Gecko) Chrome/34.0.1847.131 Safari/537.36" 
180.104.187.143 - - [06/Dec/2016:06:32:03 -0800] "GET /honeypot/honeypot.json.zip HTTP/1.1" 206 65875 "-" "Mozilla/5.0 (Linux; Android) AppleWebKit/537.36 (KHTML, like Gecko) Chrome/34.0.1847.131 Safari/537.36" 
180.104.187.143 - - [06/Dec/2016:06:32:04 -0800] "GET /honeypot/honeypot.json.zip HTTP/1.1" 206 65874 "-" "Mozilla/5.0 (Linux; Android) AppleWebKit/537.36 (KHTML, like Gecko) Chrome/34.0.1847.131 Safari/537.36" 
180.104.187.143 - - [06/Dec/2016:06:32:05 -0800] "GET /honeypot/honeypot.json.zip HTTP/1.1" 206 65874 "-" "Mozilla/5.0 (Linux; Android) AppleWebKit/537.36 (KHTML, like Gecko) Chrome/34.0.1847.131 Safari/537.36" 
180.104.187.143 - - [06/Dec/2016:06:32:06 -0800] "GET /honeypot/honeypot.json.zip HTTP/1.1" 206 65874 "-" "Mozilla/5.0 (Linux; Android) AppleWebKit/537.36 (KHTML, like Gecko) Chrome/34.0.1847.131 Safari/537.36" 
180.104.187.143 - - [06/Dec/2016:06:32:06 -0800] "GET /honeypot/honeypot.json.zip HTTP/1.1" 206 65874 "-" "Mozilla/5.0 (Linux; Android) AppleWebKit/537.36 (KHTML, like Gecko) Chrome/34.0.1847.131 Safari/537.36" 
180.104.187.143 - - [06/Dec/2016:06:32:07 -0800] "GET /honeypot/honeypot.json.zip HTTP/1.1" 206 65874 "-" "Mozilla/5.0 (Linux; Android) AppleWebKit/537.36 (KHTML, like Gecko) Chrome/34.0.1847.131 Safari/537.36" 
180.104.187.143 - - [06/Dec/2016:06:32:07 -0800] "GET /honeypot/honeypot.json.zip HTTP/1.1" 206 98642 "-" "Mozilla/5.0 (Linux; Android) AppleWebKit/537.36 (KHTML, like Gecko) Chrome/34.0.1847.131 Safari/537.36" 
180.104.187.143 - - [06/Dec/2016:06:32:08 -0800] "GET /honeypot/honeypot.json.zip HTTP/1.1" 206 131411 "-" "Mozilla/5.0 (Linux; Android) AppleWebKit/537.36 (KHTML, like Gecko) Chrome/34.0.1847.131 Safari/537.36" 
180.104.187.143 - - [06/Dec/2016:06:32:09 -0800] "GET /honeypot/honeypot.json.zip HTTP/1.1" 206 131411 "-" "Mozilla/5.0 (Linux; Android) AppleWebKit/537.36 (KHTML, like Gecko) Chrome/34.0.1847.131 Safari/537.36" 
180.104.187.143 - - [06/Dec/2016:06:32:09 -0800] "GET /honeypot/honeypot.json.zip HTTP/1.1" 206 131411 "-" "Mozilla/5.0 (Linux; Android) AppleWebKit/537.36 (KHTML, like Gecko) Chrome/34.0.1847.131 Safari/537.36" 
180.104.187.143 - - [06/Dec/2016:06:32:10 -0800] "GET /honeypot/honeypot.json.zip HTTP/1.1" 206 164179 "-" "Mozilla/5.0 (Linux; Android) AppleWebKit/537.36 (KHTML, like Gecko) Chrome/34.0.1847.131 Safari/537.36" 
180.104.187.143 - - [06/Dec/2016:06:32:11 -0800] "GET /honeypot/honeypot.json.zip HTTP/1.1" 206 164179 "-" "Mozilla/5.0 (Linux; Android) AppleWebKit/537.36 (KHTML, like Gecko) Chrome/34.0.1847.131 Safari/537.36" 
