111.7.128.40 - - [18/Apr/2016:02:16:38 -0700] "GET /tg/a.zip HTTP/1.1" 304 132 "-" "Mozilla/5.0 Gecko/20100115 Firefox/3.6" 
114.98.253.40 - - [18/Apr/2016:02:18:41 -0700] "GET /maccdc2012/ftp.log.gz HTTP/1.1" 200 128116 "-" "Mozilla/5.0 (Windows NT 6.1; Trident/7.0; rv:11.0) like Gecko" 
111.23.10.33 - - [18/Apr/2016:02:18:44 -0700] "GET /tg/a.zip HTTP/1.1" 304 132 "-" "Mozilla/5.0 Gecko/20100115 Firefox/3.6" 
114.98.253.40 - - [18/Apr/2016:02:18:46 -0700] "POST /maccdc2012/ftp.log.gz/trackback/ HTTP/1.1" 404 303 "http://www.secrepo.com/maccdc2012/ftp.log.gz" "Mozilla/5.0 (Windows NT 6.1; Trident/7.0; rv:11.0) like Gecko" 
211.137.56.172 - - [18/Apr/2016:02:21:57 -0700] "GET /tg/a.zip HTTP/1.1" 304 132 "-" "Mozilla/5.0 Gecko/20100115 Firefox/3.6" 
40.77.167.86 - - [18/Apr/2016:02:22:33 -0700] "GET /self.logs/error.log.2015-03-20.gz HTTP/1.1" 301 543 "-" "Mozilla/5.0 (compatible; bingbot/2.0; +http://www.bing.com/bingbot.htm)" 
69.30.201.98 - - [18/Apr/2016:02:31:24 -0700] "GET /robots.txt HTTP/1.0" 200 252 "-" "Mozilla/5.0 (compatible; MJ12bot/v1.4.5; http://www.majestic12.co.uk/bot.php?+)" 
69.30.201.98 - - [18/Apr/2016:02:31:25 -0700] "GET / HTTP/1.0" 200 28946 "-" "Mozilla/5.0 (compatible; MJ12bot/v1.4.5; http://www.majestic12.co.uk/bot.php?+)" 
85.151.138.157 - - [18/Apr/2016:02:32:45 -0700] "GET / HTTP/1.1" 200 8801 "-" "Mozilla/5.0 (Windows NT 10.0; WOW64; rv:45.0) Gecko/20100101 Firefox/45.0" 
85.151.138.157 - - [18/Apr/2016:02:32:46 -0700] "GET /GitHub-Mark.png HTTP/1.1" 200 7427 "http://www.secrepo.com/" "Mozilla/5.0 (Windows NT 10.0; WOW64; rv:45.0) Gecko/20100101 Firefox/45.0" 
85.151.138.157 - - [18/Apr/2016:02:32:46 -0700] "GET /bootstrap/img/favicon.ico HTTP/1.1" 200 589 "-" "Mozilla/5.0 (Windows NT 10.0; WOW64; rv:45.0) Gecko/20100101 Firefox/45.0" 
40.77.167.25 - - [18/Apr/2016:02:34:17 -0700] "GET /self.logs/access.log.2015-05-02.gz HTTP/1.1" 200 4163 "-" "Mozilla/5.0 (compatible; bingbot/2.0; +http://www.bing.com/bingbot.htm)" 
180.76.15.30 - - [18/Apr/2016:02:43:06 -0700] "GET /self.logs/ HTTP/1.1" 200 9532 "-" "Mozilla/5.0 (compatible; Baiduspider/2.0; +http://www.baidu.com/search/spider.html)" 
164.132.161.2 - - [18/Apr/2016:03:06:04 -0700] "GET /self.logs/error.log.2015-04-29.gz HTTP/1.1" 200 1703 "-" "Mozilla/5.0 (compatible; AhrefsBot/5.1; +http://ahrefs.com/robot/)" 
117.190.191.170 - - [18/Apr/2016:03:27:47 -0700] "GET /tg/a.zip HTTP/1.1" 304 132 "-" "Mozilla/5.0 Gecko/20100115 Firefox/3.6" 
202.196.63.123 - - [18/Apr/2016:03:29:43 -0700] "GET /favicon.ico HTTP/1.1" 200 268 "-" "Mozilla/5.0 (Windows; U; MSIE 6.0; Windows NT 5.1; SV1; .NET CLR 2.0.50727; BIDUBrowser 7.6)" 
202.196.63.123 - - [18/Apr/2016:03:29:43 -0700] "GET / HTTP/1.1" 200 28956 "-" "Mozilla/5.0 (Windows; U; MSIE 6.0; Windows NT 5.1; SV1; .NET CLR 2.0.50727; BIDUBrowser 7.6)" 
202.196.63.123 - - [18/Apr/2016:03:29:43 -0700] "GET /bootstrap/img/favicon.ico HTTP/1.1" 304 164 "-" "Mozilla/5.0 (Windows; U; MSIE 6.0; Windows NT 5.1; SV1; .NET CLR 2.0.50727; BIDUBrowser 7.6)" 
202.196.63.123 - - [18/Apr/2016:03:29:44 -0700] "GET / HTTP/1.1" 200 28956 "-" "Mozilla/5.0 (Windows; U; MSIE 6.0; Windows NT 5.1; SV1; .NET CLR 2.0.50727; BIDUBrowser 7.6)" 
202.196.63.123 - - [18/Apr/2016:03:29:45 -0700] "GET /bootstrap/img/favicon.ico HTTP/1.1" 304 164 "-" "Mozilla/5.0 (Windows; U; MSIE 6.0; Windows NT 5.1; SV1; .NET CLR 2.0.50727; BIDUBrowser 7.6)" 
202.196.63.123 - - [18/Apr/2016:03:46:42 -0700] "GET /favicon.ico HTTP/1.1" 200 268 "-" "Mozilla/5.0 (Windows; U; MSIE 6.0; Windows NT 5.1; SV1; .NET CLR 2.0.50727; BIDUBrowser 7.6)" 
202.196.63.123 - - [18/Apr/2016:03:46:42 -0700] "GET / HTTP/1.1" 200 28956 "-" "Mozilla/5.0 (Windows; U; MSIE 6.0; Windows NT 5.1; SV1; .NET CLR 2.0.50727; BIDUBrowser 7.6)" 
202.196.63.123 - - [18/Apr/2016:03:46:43 -0700] "GET /bootstrap/img/favicon.ico HTTP/1.1" 304 164 "-" "Mozilla/5.0 (Windows; U; MSIE 6.0; Windows NT 5.1; SV1; .NET CLR 2.0.50727; BIDUBrowser 7.6)" 
202.196.63.123 - - [18/Apr/2016:03:46:46 -0700] "GET / HTTP/1.1" 200 28957 "-" "Mozilla/5.0 (Windows; U; MSIE 6.0; Windows NT 5.1; SV1; .NET CLR 2.0.50727; BIDUBrowser 7.6)" 
202.196.63.123 - - [18/Apr/2016:03:46:47 -0700] "GET /bootstrap/img/favicon.ico HTTP/1.1" 304 164 "-" "Mozilla/5.0 (Windows; U; MSIE 6.0; Windows NT 5.1; SV1; .NET CLR 2.0.50727; BIDUBrowser 7.6)" 
92.255.210.226 - - [18/Apr/2016:03:48:33 -0700] "GET / HTTP/1.1" 200 8801 "-" "Mozilla/5.0 (Windows NT 6.1; WOW64) AppleWebKit/537.36 (KHTML, like Gecko) Chrome/47.0.2526.111 YaBrowser/16.3.0.7146 Yowser/2.5 Safari/537.36" 
92.255.210.226 - - [18/Apr/2016:03:48:33 -0700] "GET /twitter-icon.png HTTP/1.1" 200 27787 "http://www.secrepo.com/" "Mozilla/5.0 (Windows NT 6.1; WOW64) AppleWebKit/537.36 (KHTML, like Gecko) Chrome/47.0.2526.111 YaBrowser/16.3.0.7146 Yowser/2.5 Safari/537.36" 
92.255.210.226 - - [18/Apr/2016:03:48:33 -0700] "GET /GitHub-Mark.png HTTP/1.1" 200 7428 "http://www.secrepo.com/" "Mozilla/5.0 (Windows NT 6.1; WOW64) AppleWebKit/537.36 (KHTML, like Gecko) Chrome/47.0.2526.111 YaBrowser/16.3.0.7146 Yowser/2.5 Safari/537.36" 
117.177.241.60 - - [18/Apr/2016:03:51:41 -0700] "GET /tg/a.zip HTTP/1.1" 304 132 "-" "Mozilla/5.0 Gecko/20100115 Firefox/3.6" 
51.255.65.4 - - [18/Apr/2016:03:56:52 -0700] "GET /self.logs/error.log.2015-05-01.gz HTTP/1.1" 200 881 "-" "Mozilla/5.0 (compatible; AhrefsBot/5.1; +http://ahrefs.com/robot/)" 
111.23.4.148 - - [18/Apr/2016:04:05:14 -0700] "GET /tg/a.zip HTTP/1.1" 304 132 "-" "Mozilla/5.0 Gecko/20100115 Firefox/3.6" 
188.64.171.181 - - [18/Apr/2016:04:05:57 -0700] "GET /honeypot/BSidesDFW%20-%202014.ipynb HTTP/1.0" 200 930799 "http://www.secrepo.com/honeypot/BSidesDFW%20-%202014.ipynb" "Mozilla/5.0 (Windows NT 6.3; WOW64) AppleWebKit/537.36 (KHTML, like Gecko) Chrome/48.0.2564.116 Safari/537.36" 
40.77.167.25 - - [18/Apr/2016:04:22:37 -0700] "GET /self.logs/access.log.2015-07-24.gz HTTP/1.1" 200 4143 "-" "Mozilla/5.0 (compatible; bingbot/2.0; +http://www.bing.com/bingbot.htm)" 
164.132.161.38 - - [18/Apr/2016:04:48:18 -0700] "GET /self.logs/error.log.2015-07-08.gz HTTP/1.1" 200 1156 "-" "Mozilla/5.0 (compatible; AhrefsBot/5.1; +http://ahrefs.com/robot/)" 
111.7.128.40 - - [18/Apr/2016:05:16:51 -0700] "GET /tg/a.zip HTTP/1.1" 304 132 "-" "Mozilla/5.0 Gecko/20100115 Firefox/3.6" 
157.55.39.20 - - [18/Apr/2016:05:18:24 -0700] "GET /self.logs/error.log.2015-10-09.gz HTTP/1.1" 200 2342 "-" "Mozilla/5.0 (compatible; bingbot/2.0; +http://www.bing.com/bingbot.htm)" 
111.23.10.33 - - [18/Apr/2016:05:18:46 -0700] "GET /tg/a.zip HTTP/1.1" 304 132 "-" "Mozilla/5.0 Gecko/20100115 Firefox/3.6" 
134.249.55.100 - - [18/Apr/2016:05:19:41 -0700] "GET /honeypot/ HTTP/1.1" 200 1077 "http://all-sims.ru/" "Mozilla/5.0 (Windows NT 5.1; U; en) Opera 8.01" 
134.249.55.100 - - [18/Apr/2016:05:19:41 -0700] "GET /honeypot/ HTTP/1.1" 200 1077 "http://all-sims.ru/" "Mozilla/5.0 (Windows NT 5.1; U; en) Opera 8.01" 
134.249.55.100 - - [18/Apr/2016:05:19:43 -0700] "GET /honeypot/ HTTP/1.1" 200 1077 "http://all-sims.ru/" "Mozilla/5.0 (Windows NT 5.1; U; en) Opera 8.01" 
211.137.56.172 - - [18/Apr/2016:05:22:02 -0700] "GET /tg/a.zip HTTP/1.1" 304 132 "-" "Mozilla/5.0 Gecko/20100115 Firefox/3.6" 
66.249.83.209 - - [18/Apr/2016:05:23:42 -0700] "GET / HTTP/1.1" 200 8801 "-" "Mozilla/5.0 (X11; Linux x86_64) AppleWebKit/537.36 (KHTML, like Gecko) Chrome/49.0.2623.75 Safari/537.36 Google Favicon" 
66.249.83.209 - - [18/Apr/2016:05:23:42 -0700] "GET /bootstrap/img/favicon.ico HTTP/1.1" 200 589 "-" "Mozilla/5.0 (X11; Linux x86_64) AppleWebKit/537.36 (KHTML, like Gecko) Chrome/49.0.2623.75 Safari/537.36 Google Favicon" 
45.62.112.16 - - [18/Apr/2016:05:25:42 -0700] "GET / HTTP/1.1" 200 8801 "-" "Mozilla/5.0 (Macintosh; Intel Mac OS X 10_11_3) AppleWebKit/601.4.4 (KHTML, like Gecko)" 
45.62.112.16 - - [18/Apr/2016:05:25:51 -0700] "GET /apple-touch-icon-precomposed.png HTTP/1.1" 404 340 "-" "Safari/11601.4.4 CFNetwork/760.2.6 Darwin/15.3.0 (x86_64)" 
45.62.112.16 - - [18/Apr/2016:05:26:00 -0700] "GET /apple-touch-icon.png HTTP/1.1" 404 340 "-" "Safari/11601.4.4 CFNetwork/760.2.6 Darwin/15.3.0 (x86_64)" 
45.62.112.16 - - [18/Apr/2016:05:26:09 -0700] "GET /apple-touch-icon-precomposed.png HTTP/1.1" 404 340 "-" "Safari/11601.4.4 CFNetwork/760.2.6 Darwin/15.3.0 (x86_64)" 
45.62.112.16 - - [18/Apr/2016:05:26:22 -0700] "GET /apple-touch-icon.png HTTP/1.1" 404 340 "-" "Safari/11601.4.4 CFNetwork/760.2.6 Darwin/15.3.0 (x86_64)" 
157.55.39.20 - - [18/Apr/2016:05:30:31 -0700] "GET /self.logs/access.log.2015-02-05.gz HTTP/1.1" 301 545 "-" "Mozilla/5.0 (compatible; bingbot/2.0; +http://www.bing.com/bingbot.htm)" 
51.255.65.23 - - [18/Apr/2016:05:37:07 -0700] "GET /self.logs/access.log.2015-08-27.gz HTTP/1.1" 200 6047 "-" "Mozilla/5.0 (compatible; AhrefsBot/5.1; +http://ahrefs.com/robot/)" 
192.115.180.159 - - [18/Apr/2016:05:50:40 -0700] "GET / HTTP/1.1" 200 8801 "https://www.google.co.il/" "Mozilla/5.0 (Windows NT 6.1; WOW64) AppleWebKit/537.36 (KHTML, like Gecko) Chrome/49.0.2623.112 Safari/537.36" 
192.115.180.159 - - [18/Apr/2016:05:50:40 -0700] "GET /twitter-icon.png HTTP/1.1" 200 27787 "http://www.secrepo.com/" "Mozilla/5.0 (Windows NT 6.1; WOW64) AppleWebKit/537.36 (KHTML, like Gecko) Chrome/49.0.2623.112 Safari/537.36" 
192.115.180.159 - - [18/Apr/2016:05:50:40 -0700] "GET /GitHub-Mark.png HTTP/1.1" 200 7428 "http://www.secrepo.com/" "Mozilla/5.0 (Windows NT 6.1; WOW64) AppleWebKit/537.36 (KHTML, like Gecko) Chrome/49.0.2623.112 Safari/537.36" 
192.115.180.159 - - [18/Apr/2016:05:50:41 -0700] "GET /bootstrap/img/favicon.ico HTTP/1.1" 200 589 "http://www.secrepo.com/" "Mozilla/5.0 (Windows NT 6.1; WOW64) AppleWebKit/537.36 (KHTML, like Gecko) Chrome/49.0.2623.112 Safari/537.36" 
164.132.161.54 - - [18/Apr/2016:05:52:18 -0700] "GET /self.logs/error.log.2015-10-04.gz HTTP/1.1" 200 912 "-" "Mozilla/5.0 (compatible; AhrefsBot/5.1; +http://ahrefs.com/robot/)" 
202.196.63.123 - - [18/Apr/2016:05:59:36 -0700] "GET /favicon.ico HTTP/1.1" 200 268 "-" "Mozilla/5.0 (Windows; U; MSIE 6.0; Windows NT 5.1; SV1; .NET CLR 2.0.50727; BIDUBrowser 7.6)" 
202.196.63.123 - - [18/Apr/2016:05:59:37 -0700] "GET / HTTP/1.1" 200 28956 "-" "Mozilla/5.0 (Windows; U; MSIE 6.0; Windows NT 5.1; SV1; .NET CLR 2.0.50727; BIDUBrowser 7.6)" 
202.196.63.123 - - [18/Apr/2016:05:59:37 -0700] "GET / HTTP/1.1" 200 28957 "-" "Mozilla/5.0 (Windows; U; MSIE 6.0; Windows NT 5.1; SV1; .NET CLR 2.0.50727; BIDUBrowser 7.6)" 
202.196.63.123 - - [18/Apr/2016:05:59:37 -0700] "GET /bootstrap/img/favicon.ico HTTP/1.1" 304 164 "-" "Mozilla/5.0 (Windows; U; MSIE 6.0; Windows NT 5.1; SV1; .NET CLR 2.0.50727; BIDUBrowser 7.6)" 
202.196.63.123 - - [18/Apr/2016:05:59:37 -0700] "GET /bootstrap/img/favicon.ico HTTP/1.1" 304 164 "-" "Mozilla/5.0 (Windows; U; MSIE 6.0; Windows NT 5.1; SV1; .NET CLR 2.0.50727; BIDUBrowser 7.6)" 
40.77.167.25 - - [18/Apr/2016:06:02:20 -0700] "GET /self.logs/access.log.2016-02-26.gz HTTP/1.1" 200 13351 "-" "Mozilla/5.0 (compatible; bingbot/2.0; +http://www.bing.com/bingbot.htm)" 
157.55.39.20 - - [18/Apr/2016:06:10:52 -0700] "GET /self.logs/error.log.2016-02-02.gz HTTP/1.1" 200 731 "-" "Mozilla/5.0 (compatible; bingbot/2.0; +http://www.bing.com/bingbot.htm)" 
157.55.39.20 - - [18/Apr/2016:06:13:33 -0700] "GET /self.logs/access.log.2015-08-14.gz HTTP/1.1" 200 7338 "-" "Mozilla/5.0 (compatible; bingbot/2.0; +http://www.bing.com/bingbot.htm)" 
193.55.72.149 - - [18/Apr/2016:06:14:44 -0700] "GET /bootstrap/img/favicon.ico HTTP/1.1" 200 590 "-" "Mozilla/5.0 (X11; Ubuntu; Linux x86_64; rv:45.0) Gecko/20100101 Firefox/45.0" 
51.255.65.60 - - [18/Apr/2016:06:23:09 -0700] "GET /self.logs/access.log.2015-02-01.gz HTTP/1.1" 200 2592 "-" "Mozilla/5.0 (compatible; AhrefsBot/5.1; +http://ahrefs.com/robot/)" 
180.76.15.7 - - [18/Apr/2016:06:26:49 -0700] "GET / HTTP/1.1" 200 21900 "-" "Mozilla/5.0 (compatible; Baiduspider/2.0; +http://www.baidu.com/search/spider.html)" 
180.76.15.6 - - [18/Apr/2016:06:27:22 -0700] "GET / HTTP/1.1" 200 21900 "-" "Mozilla/5.0 (compatible; Baiduspider/2.0; +http://www.baidu.com/search/spider.html)" 
117.190.191.170 - - [18/Apr/2016:06:27:47 -0700] "GET /tg/a.zip HTTP/1.1" 304 132 "-" "Mozilla/5.0 Gecko/20100115 Firefox/3.6" 
106.220.166.255 - - [18/Apr/2016:06:33:43 -0700] "GET /twitter-icon.png HTTP/1.1" 200 27788 "http://www.secrepo.com/" "Mozilla/5.0 (iPhone; CPU iPhone OS 9_3_1 like Mac OS X) AppleWebKit/601.1.46 (KHTML, like Gecko) Version/9.0 Mobile/13E238 Safari/601.1" 
106.220.166.255 - - [18/Apr/2016:06:34:31 -0700] "GET /honeypot/Honeypot%20-%20Howto.pdf HTTP/1.1" 200 1279418 "http://www.secrepo.com/" "Mozilla/5.0 (iPhone; CPU iPhone OS 9_3_1 like Mac OS X) AppleWebKit/601.1.46 (KHTML, like Gecko) Version/9.0 Mobile/13E238 Safari/601.1" 
121.26.253.90 - - [18/Apr/2016:06:36:57 -0700] "GET /honeypot/BSidesDFW%20-%202014.ipynb HTTP/1.1" 200 930836 "-" "Mozilla/4.0 (compatible; MSIE 6.0; Windows NT 5.1)" 
164.132.161.73 - - [18/Apr/2016:06:38:08 -0700] "GET /self.logs/access.log.2015-10-27.gz HTTP/1.1" 200 6438 "-" "Mozilla/5.0 (compatible; AhrefsBot/5.1; +http://ahrefs.com/robot/)" 
77.96.173.165 - - [18/Apr/2016:06:42:02 -0700] "GET /honeypot/BSidesDFW%20-%202014.ipynb HTTP/1.0" 200 930799 "http://www.secrepo.com/" "Mozilla/5.0 (Macintosh; Intel Mac OS X 10.9; rv:35.0) Gecko/20100101 Firefox/35.0" 
164.132.161.41 - - [18/Apr/2016:06:46:47 -0700] "GET /self.logs/access.log.2015-11-13.gz HTTP/1.1" 200 4886 "-" "Mozilla/5.0 (compatible; AhrefsBot/5.1; +http://ahrefs.com/robot/)" 
221.216.140.104 - - [18/Apr/2016:06:50:15 -0700] "GET / HTTP/1.1" 200 8801 "-" "Mozilla/5.0 (Macintosh; Intel Mac OS X 10_11_3) AppleWebKit/601.4.4 (KHTML, like Gecko)" 
221.216.140.104 - - [18/Apr/2016:06:50:17 -0700] "GET /bootstrap/img/favicon.ico HTTP/1.1" 200 590 "-" "Safari/11601.4.4 CFNetwork/760.2.6 Darwin/15.3.0 (x86_64)" 
221.216.140.104 - - [18/Apr/2016:06:50:17 -0700] "GET /apple-touch-icon-precomposed.png HTTP/1.1" 404 340 "-" "Safari/11601.4.4 CFNetwork/760.2.6 Darwin/15.3.0 (x86_64)" 
221.216.140.104 - - [18/Apr/2016:06:50:18 -0700] "GET /apple-touch-icon.png HTTP/1.1" 404 339 "-" "Safari/11601.4.4 CFNetwork/760.2.6 Darwin/15.3.0 (x86_64)" 
221.216.140.104 - - [18/Apr/2016:06:50:18 -0700] "GET /apple-touch-icon-precomposed.png HTTP/1.1" 404 339 "-" "Safari/11601.4.4 CFNetwork/760.2.6 Darwin/15.3.0 (x86_64)" 
221.216.140.104 - - [18/Apr/2016:06:50:19 -0700] "GET /apple-touch-icon.png HTTP/1.1" 404 339 "-" "Safari/11601.4.4 CFNetwork/760.2.6 Darwin/15.3.0 (x86_64)" 
117.177.241.60 - - [18/Apr/2016:06:51:43 -0700] "GET /tg/a.zip HTTP/1.1" 304 132 "-" "Mozilla/5.0 Gecko/20100115 Firefox/3.6" 
202.196.63.122 - - [18/Apr/2016:06:58:39 -0700] "GET / HTTP/1.1" 200 8801 "-" "Mozilla/5.0 (Windows NT 6.1) AppleWebKit/537.36 (KHTML, like Gecko) Chrome/45.0.2454.101 Safari/537.36" 
202.196.63.122 - - [18/Apr/2016:06:58:40 -0700] "GET /twitter-icon.png HTTP/1.1" 200 27787 "http://www.secrepo.com/" "Mozilla/5.0 (Windows NT 6.1) AppleWebKit/537.36 (KHTML, like Gecko) Chrome/45.0.2454.101 Safari/537.36" 
202.196.63.122 - - [18/Apr/2016:06:58:40 -0700] "GET /GitHub-Mark.png HTTP/1.1" 200 7428 "http://www.secrepo.com/" "Mozilla/5.0 (Windows NT 6.1) AppleWebKit/537.36 (KHTML, like Gecko) Chrome/45.0.2454.101 Safari/537.36" 
202.196.63.122 - - [18/Apr/2016:06:59:02 -0700] "GET /bootstrap/img/favicon.ico HTTP/1.1" 200 590 "http://www.secrepo.com/" "Mozilla/5.0 (Windows NT 6.1) AppleWebKit/537.36 (KHTML, like Gecko) Chrome/45.0.2454.101 Safari/537.36" 
220.181.132.216 - - [18/Apr/2016:07:00:07 -0700] "GET / HTTP/1.1" 200 28946 "http://www.secrepo.com/" "Mozilla/4.0 (compatible; MSIE 8.0; Windows NT 6.1; Trident/4.0; SLCC2; .NET CLR 2.0.50727; .NET CLR 3.5.30729; .NET CLR 3.0.30729; Media Center PC 6.0; Tablet PC 2.0)" 
101.199.108.53 - - [18/Apr/2016:07:00:21 -0700] "GET / HTTP/1.1" 200 8801 "-" "Mozilla/5.0 (iPhone; CPU iPhone OS 8_0 like Mac OS X) AppleWebKit/600.1.3 (KHTML, like Gecko) Version/8.0 Mobile/12A4345d Safari/600.1.4" 
111.23.4.148 - - [18/Apr/2016:07:05:21 -0700] "GET /tg/a.zip HTTP/1.1" 304 132 "-" "Mozilla/5.0 Gecko/20100115 Firefox/3.6" 
171.10.142.222 - - [18/Apr/2016:07:09:39 -0700] "GET / HTTP/1.1" 200 8801 "-" "Mozilla/5.0 (iPhone; CPU iPhone OS 9_3_1 like Mac OS X) AppleWebKit/601.1.46 (KHTML, like Gecko) Mobile/13E238 MicroMessenger/6.3.15 NetType/3G+ Language/zh_HK" 
171.10.142.222 - - [18/Apr/2016:07:09:40 -0700] "GET /GitHub-Mark.png HTTP/1.1" 200 7428 "http://www.secrepo.com/" "Mozilla/5.0 (iPhone; CPU iPhone OS 9_3_1 like Mac OS X) AppleWebKit/601.1.46 (KHTML, like Gecko) Mobile/13E238 MicroMessenger/6.3.15 NetType/3G+ Language/zh_HK" 
171.10.142.222 - - [18/Apr/2016:07:09:40 -0700] "GET /twitter-icon.png HTTP/1.1" 200 27788 "http://www.secrepo.com/" "Mozilla/5.0 (iPhone; CPU iPhone OS 9_3_1 like Mac OS X) AppleWebKit/601.1.46 (KHTML, like Gecko) Mobile/13E238 MicroMessenger/6.3.15 NetType/3G+ Language/zh_HK" 
171.10.142.222 - - [18/Apr/2016:07:10:09 -0700] "GET /twitter-icon.png HTTP/1.1" 200 27788 "-" "WeChat/6.3.15.16 CFNetwork/758.3.15 Darwin/15.4.0" 
146.20.68.17 - - [18/Apr/2016:07:10:23 -0700] "GET /robots.txt HTTP/1.1" 301 446 "-" "Tornado-Async-Client" 
146.20.68.17 - - [18/Apr/2016:07:10:23 -0700] "GET /robots.txt HTTP/1.1" 200 304 "-" "Tornado-Async-Client" 
146.20.68.17 - - [18/Apr/2016:07:10:23 -0700] "GET /honeypot/BSidesDFW%20-%202014.ipynb HTTP/1.1" 301 484 "-" "Tornado-Async-Client" 
146.20.68.17 - - [18/Apr/2016:07:10:23 -0700] "GET /honeypot/BSidesDFW%20-%202014.ipynb HTTP/1.1" 200 930780 "-" "Tornado-Async-Client" 
141.8.143.159 - - [18/Apr/2016:07:21:11 -0700] "GET /robots.txt HTTP/1.1" 301 518 "-" "Mozilla/5.0 (compatible; YandexBot/3.0; +http://yandex.com/bots)" 
141.8.143.219 - - [18/Apr/2016:07:21:11 -0700] "GET /robots.txt HTTP/1.1" 200 289 "-" "Mozilla/5.0 (compatible; YandexBot/3.0; +http://yandex.com/bots)" 
141.8.143.159 - - [18/Apr/2016:07:21:15 -0700] "GET / HTTP/1.1" 301 483 "-" "Mozilla/5.0 (compatible; YandexBot/3.0; +http://yandex.com/bots)" 
141.8.143.219 - - [18/Apr/2016:07:21:15 -0700] "GET / HTTP/1.1" 200 8801 "-" "Mozilla/5.0 (compatible; YandexBot/3.0; +http://yandex.com/bots)" 
141.8.143.159 - - [18/Apr/2016:07:21:19 -0700] "GET / HTTP/1.1" 200 8801 "-" "Mozilla/5.0 (compatible; YandexBot/3.0; +http://yandex.com/bots)" 
51.255.65.3 - - [18/Apr/2016:07:32:54 -0700] "GET /self.logs/access.log.2015-06-04.gz HTTP/1.1" 200 5178 "-" "Mozilla/5.0 (compatible; AhrefsBot/5.1; +http://ahrefs.com/robot/)" 
40.77.167.86 - - [18/Apr/2016:07:42:47 -0700] "GET / HTTP/1.1" 301 483 "-" "Mozilla/5.0 (compatible; bingbot/2.0; +http://www.bing.com/bingbot.htm)" 
40.77.167.86 - - [18/Apr/2016:07:46:16 -0700] "GET / HTTP/1.1" 200 8801 "-" "Mozilla/5.0 (compatible; bingbot/2.0; +http://www.bing.com/bingbot.htm)" 
40.77.167.86 - - [18/Apr/2016:07:48:32 -0700] "GET /robots.txt HTTP/1.1" 200 289 "-" "Mozilla/5.0 (compatible; bingbot/2.0; +http://www.bing.com/bingbot.htm)" 
40.77.167.86 - - [18/Apr/2016:07:48:34 -0700] "GET /self.logs/access.log.2015-03-23.gz HTTP/1.1" 200 4133 "-" "Mozilla/5.0 (compatible; bingbot/2.0; +http://www.bing.com/bingbot.htm)" 
151.80.31.102 - - [18/Apr/2016:07:51:36 -0700] "GET /self.logs/error.log.2015-10-16.gz HTTP/1.1" 200 755 "-" "Mozilla/5.0 (compatible; AhrefsBot/5.1; +http://ahrefs.com/robot/)" 
202.196.63.123 - - [18/Apr/2016:07:51:48 -0700] "GET /favicon.ico HTTP/1.1" 200 268 "-" "Mozilla/5.0 (Windows; U; MSIE 6.0; Windows NT 5.1; SV1; .NET CLR 2.0.50727; BIDUBrowser 7.6)" 
202.196.63.123 - - [18/Apr/2016:07:51:48 -0700] "GET /favicon.ico HTTP/1.1" 200 268 "-" "Mozilla/5.0 (Windows; U; MSIE 6.0; Windows NT 5.1; SV1; .NET CLR 2.0.50727; BIDUBrowser 7.6)" 
202.196.63.123 - - [18/Apr/2016:07:51:48 -0700] "GET / HTTP/1.1" 200 28956 "-" "Mozilla/5.0 (Windows; U; MSIE 6.0; Windows NT 5.1; SV1; .NET CLR 2.0.50727; BIDUBrowser 7.6)" 
202.196.63.123 - - [18/Apr/2016:07:51:48 -0700] "GET / HTTP/1.1" 200 28956 "-" "Mozilla/5.0 (Windows; U; MSIE 6.0; Windows NT 5.1; SV1; .NET CLR 2.0.50727; BIDUBrowser 7.6)" 
202.196.63.123 - - [18/Apr/2016:07:51:48 -0700] "GET /bootstrap/img/favicon.ico HTTP/1.1" 304 164 "-" "Mozilla/5.0 (Windows; U; MSIE 6.0; Windows NT 5.1; SV1; .NET CLR 2.0.50727; BIDUBrowser 7.6)" 
202.196.63.123 - - [18/Apr/2016:07:51:48 -0700] "GET /bootstrap/img/favicon.ico HTTP/1.1" 304 164 "-" "Mozilla/5.0 (Windows; U; MSIE 6.0; Windows NT 5.1; SV1; .NET CLR 2.0.50727; BIDUBrowser 7.6)" 
159.226.95.68 - - [18/Apr/2016:07:56:10 -0700] "GET /favicon.ico HTTP/1.1" 200 268 "-" "Mozilla/5.0 (Windows NT 10.0; WOW64) AppleWebKit/537.36 (KHTML, like Gecko) Chrome/42.0.2311.154 Safari/537.36 LBBROWSER" 
178.137.90.202 - - [18/Apr/2016:07:58:18 -0700] "GET /honeypot/ HTTP/1.1" 200 1077 "http://ukr-cegla.com.ua/" "Mozilla/4.0 (compatible; MSIE 6.0; MSIE 5.5; Windows NT 4.0) Opera 7.0 [en]" 
178.137.90.202 - - [18/Apr/2016:07:58:20 -0700] "GET /honeypot/ HTTP/1.1" 200 1077 "http://ukr-cegla.com.ua/" "Mozilla/4.0 (compatible; MSIE 6.0; MSIE 5.5; Windows NT 4.0) Opera 7.0 [en]" 
178.137.90.202 - - [18/Apr/2016:07:58:20 -0700] "GET /honeypot/ HTTP/1.1" 200 1077 "http://ukr-cegla.com.ua/" "Mozilla/4.0 (compatible; MSIE 6.0; MSIE 5.5; Windows NT 4.0) Opera 7.0 [en]" 
202.196.63.123 - - [18/Apr/2016:08:02:38 -0700] "GET / HTTP/1.1" 200 8801 "-" "Mozilla/5.0 (Windows NT 6.1; WOW64) AppleWebKit/537.36 (KHTML, like Gecko) Chrome/42.0.2311.135 BIDUBrowser/7.6 Safari/537.36" 
202.196.63.123 - - [18/Apr/2016:08:02:40 -0700] "GET /favicon.ico HTTP/1.1" 200 268 "-" "Mozilla/5.0 (Windows; U; MSIE 6.0; Windows NT 5.1; SV1; .NET CLR 2.0.50727; BIDUBrowser 7.6)" 
202.196.63.123 - - [18/Apr/2016:08:02:40 -0700] "GET /favicon.ico HTTP/1.1" 200 268 "-" "Mozilla/5.0 (Windows; U; MSIE 6.0; Windows NT 5.1; SV1; .NET CLR 2.0.50727; BIDUBrowser 7.6)" 
202.196.63.123 - - [18/Apr/2016:08:02:40 -0700] "GET / HTTP/1.1" 200 28956 "-" "Mozilla/5.0 (Windows; U; MSIE 6.0; Windows NT 5.1; SV1; .NET CLR 2.0.50727; BIDUBrowser 7.6)" 
202.196.63.123 - - [18/Apr/2016:08:02:40 -0700] "GET / HTTP/1.1" 200 28956 "-" "Mozilla/5.0 (Windows; U; MSIE 6.0; Windows NT 5.1; SV1; .NET CLR 2.0.50727; BIDUBrowser 7.6)" 
202.196.63.123 - - [18/Apr/2016:08:02:39 -0700] "GET /twitter-icon.png HTTP/1.1" 200 27787 "http://www.secrepo.com/" "Mozilla/5.0 (Windows NT 6.1; WOW64) AppleWebKit/537.36 (KHTML, like Gecko) Chrome/42.0.2311.135 BIDUBrowser/7.6 Safari/537.36" 
202.196.63.123 - - [18/Apr/2016:08:02:40 -0700] "GET /GitHub-Mark.png HTTP/1.1" 200 7428 "http://www.secrepo.com/" "Mozilla/5.0 (Windows NT 6.1; WOW64) AppleWebKit/537.36 (KHTML, like Gecko) Chrome/42.0.2311.135 BIDUBrowser/7.6 Safari/537.36" 
202.196.63.123 - - [18/Apr/2016:08:02:41 -0700] "GET /bootstrap/img/favicon.ico HTTP/1.1" 304 164 "-" "Mozilla/5.0 (Windows; U; MSIE 6.0; Windows NT 5.1; SV1; .NET CLR 2.0.50727; BIDUBrowser 7.6)" 
202.196.63.123 - - [18/Apr/2016:08:02:41 -0700] "GET /bootstrap/img/favicon.ico HTTP/1.1" 304 164 "-" "Mozilla/5.0 (Windows; U; MSIE 6.0; Windows NT 5.1; SV1; .NET CLR 2.0.50727; BIDUBrowser 7.6)" 
202.196.63.123 - - [18/Apr/2016:08:02:44 -0700] "GET /favicon.ico HTTP/1.1" 200 268 "-" "Mozilla/5.0 (Windows; U; MSIE 6.0; Windows NT 5.1; SV1; .NET CLR 2.0.50727; BIDUBrowser 7.6)" 
202.196.63.123 - - [18/Apr/2016:08:02:44 -0700] "GET /favicon.ico HTTP/1.1" 200 268 "-" "Mozilla/5.0 (Windows; U; MSIE 6.0; Windows NT 5.1; SV1; .NET CLR 2.0.50727; BIDUBrowser 7.6)" 
202.196.63.123 - - [18/Apr/2016:08:02:44 -0700] "GET /favicon.ico HTTP/1.1" 200 268 "-" "Mozilla/5.0 (Windows; U; MSIE 6.0; Windows NT 5.1; SV1; .NET CLR 2.0.50727; BIDUBrowser 7.6)" 
202.196.63.123 - - [18/Apr/2016:08:02:44 -0700] "GET / HTTP/1.1" 200 28956 "-" "Mozilla/5.0 (Windows; U; MSIE 6.0; Windows NT 5.1; SV1; .NET CLR 2.0.50727; BIDUBrowser 7.6)" 
202.196.63.123 - - [18/Apr/2016:08:02:44 -0700] "GET / HTTP/1.1" 200 28956 "-" "Mozilla/5.0 (Windows; U; MSIE 6.0; Windows NT 5.1; SV1; .NET CLR 2.0.50727; BIDUBrowser 7.6)" 
202.196.63.123 - - [18/Apr/2016:08:02:44 -0700] "GET / HTTP/1.1" 200 28956 "-" "Mozilla/5.0 (Windows; U; MSIE 6.0; Windows NT 5.1; SV1; .NET CLR 2.0.50727; BIDUBrowser 7.6)" 
202.196.63.123 - - [18/Apr/2016:08:02:44 -0700] "GET /bootstrap/img/favicon.ico HTTP/1.1" 304 164 "-" "Mozilla/5.0 (Windows; U; MSIE 6.0; Windows NT 5.1; SV1; .NET CLR 2.0.50727; BIDUBrowser 7.6)" 
202.196.63.123 - - [18/Apr/2016:08:02:44 -0700] "GET /bootstrap/img/favicon.ico HTTP/1.1" 304 164 "-" "Mozilla/5.0 (Windows; U; MSIE 6.0; Windows NT 5.1; SV1; .NET CLR 2.0.50727; BIDUBrowser 7.6)" 
202.196.63.123 - - [18/Apr/2016:08:02:44 -0700] "GET /bootstrap/img/favicon.ico HTTP/1.1" 304 164 "-" "Mozilla/5.0 (Windows; U; MSIE 6.0; Windows NT 5.1; SV1; .NET CLR 2.0.50727; BIDUBrowser 7.6)" 
40.77.167.56 - - [18/Apr/2016:08:04:37 -0700] "GET /self.logs/error.log.2016-02-08.gz HTTP/1.1" 200 713 "-" "Mozilla/5.0 (compatible; bingbot/2.0; +http://www.bing.com/bingbot.htm)" 
111.7.128.40 - - [18/Apr/2016:08:16:53 -0700] "GET /tg/a.zip HTTP/1.1" 304 132 "-" "Mozilla/5.0 Gecko/20100115 Firefox/3.6" 
111.23.10.33 - - [18/Apr/2016:08:18:48 -0700] "GET /tg/a.zip HTTP/1.1" 304 132 "-" "Mozilla/5.0 Gecko/20100115 Firefox/3.6" 
128.29.43.1 - - [18/Apr/2016:08:28:12 -0700] "GET / HTTP/1.1" 200 8801 "https://www.google.com" "Mozilla/5.0 (Windows NT 6.1; WOW64; rv:45.0) Gecko/20100101 Firefox/45.0" 
128.29.43.1 - - [18/Apr/2016:08:28:12 -0700] "GET /twitter-icon.png HTTP/1.1" 200 27787 "http://www.secrepo.com/" "Mozilla/5.0 (Windows NT 6.1; WOW64; rv:45.0) Gecko/20100101 Firefox/45.0" 
128.29.43.1 - - [18/Apr/2016:08:28:12 -0700] "GET /GitHub-Mark.png HTTP/1.1" 200 7428 "http://www.secrepo.com/" "Mozilla/5.0 (Windows NT 6.1; WOW64; rv:45.0) Gecko/20100101 Firefox/45.0" 
128.29.43.1 - - [18/Apr/2016:08:28:12 -0700] "GET /bootstrap/img/favicon.ico HTTP/1.1" 200 590 "-" "Mozilla/5.0 (Windows NT 6.1; WOW64; rv:45.0) Gecko/20100101 Firefox/45.0" 
128.29.43.2 - - [18/Apr/2016:08:28:46 -0700] "GET / HTTP/1.1" 200 8801 "-" "Mozilla/5.0 (Windows NT 6.1; WOW64; Trident/7.0; rv:11.0) like Gecko" 
128.29.43.2 - - [18/Apr/2016:08:28:46 -0700] "GET /twitter-icon.png HTTP/1.1" 200 27787 "http://www.secrepo.com/" "Mozilla/5.0 (Windows NT 6.1; WOW64; Trident/7.0; rv:11.0) like Gecko" 
128.29.43.2 - - [18/Apr/2016:08:28:46 -0700] "GET /GitHub-Mark.png HTTP/1.1" 200 7428 "http://www.secrepo.com/" "Mozilla/5.0 (Windows NT 6.1; WOW64; Trident/7.0; rv:11.0) like Gecko" 
128.29.43.2 - - [18/Apr/2016:08:28:47 -0700] "GET /bootstrap/img/favicon.ico HTTP/1.1" 200 589 "-" "Mozilla/5.0 (Windows NT 6.1; Win64; x64; Trident/7.0; rv:11.0) like Gecko" 
2.86.204.78 - - [18/Apr/2016:08:33:49 -0700] "GET / HTTP/1.1" 200 8801 "http://www.mlsecproject.org/" "Mozilla/5.0 (Windows NT 10.0; WOW64) AppleWebKit/537.36 (KHTML, like Gecko) Chrome/49.0.2623.112 Safari/537.36" 
2.86.204.78 - - [18/Apr/2016:08:33:50 -0700] "GET /GitHub-Mark.png HTTP/1.1" 200 7427 "http://www.secrepo.com/" "Mozilla/5.0 (Windows NT 10.0; WOW64) AppleWebKit/537.36 (KHTML, like Gecko) Chrome/49.0.2623.112 Safari/537.36" 
164.132.161.6 - - [18/Apr/2016:08:37:40 -0700] "GET /self.logs/access.log.2015-07-09.gz HTTP/1.1" 200 4739 "-" "Mozilla/5.0 (compatible; AhrefsBot/5.1; +http://ahrefs.com/robot/)" 
51.255.65.22 - - [18/Apr/2016:08:42:15 -0700] "GET /self.logs/access.log.2015-02-25.gz HTTP/1.1" 200 2741 "-" "Mozilla/5.0 (compatible; AhrefsBot/5.1; +http://ahrefs.com/robot/)" 
40.77.167.56 - - [18/Apr/2016:08:48:17 -0700] "GET /self.logs/error.log.2015-10-03.gz HTTP/1.1" 200 848 "-" "Mozilla/5.0 (compatible; bingbot/2.0; +http://www.bing.com/bingbot.htm)" 
112.74.111.25 - - [18/Apr/2016:08:49:40 -0700] "GET /honeypot/Honeypot%20-%20Howto.pdf HTTP/1.1" 200 1279418 "-" "Mozilla/4.0 (compatible; MSIE 6.0; Windows NT 5.1)" 
211.137.56.172 - - [18/Apr/2016:08:52:26 -0700] "GET /tg/a.zip HTTP/1.1" 304 132 "-" "Mozilla/5.0 Gecko/20100115 Firefox/3.6" 
46.118.156.3 - - [18/Apr/2016:08:57:56 -0700] "GET /honeypot/ HTTP/1.1" 200 1077 "http://forum.tvmir.org/" "Mozilla/4.0 (compatible; MSIE 6.0; Windows NT 5.1; FREE; .NET CLR 1.1.4322)" 
46.118.156.3 - - [18/Apr/2016:08:57:57 -0700] "GET /honeypot/ HTTP/1.1" 200 1077 "http://forum.tvmir.org/" "Mozilla/4.0 (compatible; MSIE 6.0; Windows NT 5.1; FREE; .NET CLR 1.1.4322)" 
46.118.156.3 - - [18/Apr/2016:08:57:57 -0700] "GET /honeypot/ HTTP/1.1" 200 1077 "http://forum.tvmir.org/" "Mozilla/4.0 (compatible; MSIE 6.0; Windows NT 5.1; FREE; .NET CLR 1.1.4322)" 
218.29.102.122 - - [18/Apr/2016:08:58:46 -0700] "GET /twitter-icon.png HTTP/1.1" 200 27788 "-" "WeChat/6.3.15.16 CFNetwork/758.3.15 Darwin/15.4.0" 
151.80.31.164 - - [18/Apr/2016:09:01:53 -0700] "GET /self.logs/access.log.2016-04-08.gz HTTP/1.1" 200 19890 "-" "Mozilla/5.0 (compatible; AhrefsBot/5.1; +http://ahrefs.com/robot/)" 
58.252.8.41 - - [18/Apr/2016:09:02:15 -0700] "GET /honeypot/Honeypot%20-%20Howto%20-%20BSides%20Austin.pdf HTTP/1.1" 200 93440 "http://www.secrepo.com/" "Mozilla/5.0 (Windows NT 6.3; Win64; x64) AppleWebKit/537.36 (KHTML, like Gecko) Chrome/41.0.2220.0 Safari/537.36" 
40.77.167.56 - - [18/Apr/2016:09:09:56 -0700] "GET /self.logs/error.log.2015-10-25.gz HTTP/1.1" 301 543 "-" "Mozilla/5.0 (compatible; bingbot/2.0; +http://www.bing.com/bingbot.htm)" 
66.249.88.119 - - [18/Apr/2016:09:17:09 -0700] "GET / HTTP/1.1" 200 8801 "-" "Mozilla/5.0 (X11; Linux x86_64) AppleWebKit/537.36 (KHTML, like Gecko) Chrome/49.0.2623.75 Safari/537.36 Google Favicon" 
66.249.88.8 - - [18/Apr/2016:09:17:09 -0700] "GET /bootstrap/img/favicon.ico HTTP/1.1" 200 590 "-" "Mozilla/5.0 (X11; Linux x86_64) AppleWebKit/537.36 (KHTML, like Gecko) Chrome/49.0.2623.75 Safari/537.36 Google Favicon" 
128.29.43.1 - - [18/Apr/2016:09:16:00 -0700] "GET /maccdc2012/conn.log.gz HTTP/1.1" 200 551041635 "http://www.secrepo.com/" "Mozilla/5.0 (Windows NT 6.1; WOW64; rv:45.0) Gecko/20100101 Firefox/45.0" 
40.77.167.56 - - [18/Apr/2016:09:23:27 -0700] "GET /self.logs/access.log.2015-08-22.gz HTTP/1.1" 200 4494 "-" "Mozilla/5.0 (compatible; bingbot/2.0; +http://www.bing.com/bingbot.htm)" 
117.190.191.170 - - [18/Apr/2016:09:27:47 -0700] "GET /tg/a.zip HTTP/1.1" 304 132 "-" "Mozilla/5.0 Gecko/20100115 Firefox/3.6" 
130.154.0.250 - - [18/Apr/2016:09:39:36 -0700] "GET / HTTP/1.1" 200 8801 "-" "Mozilla/5.0 (Macintosh; Intel Mac OS X 10_9_5) AppleWebKit/537.36 (KHTML, like Gecko) Chrome/49.0.2623.112 Safari/537.36" 
199.116.169.254 - - [18/Apr/2016:09:39:37 -0700] "GET / HTTP/1.1" 200 28957 "-" "Mozilla/5.0 (Macintosh; Intel Mac OS X 10_9_5) AppleWebKit/537.36 (KHTML, like Gecko) Chrome/49.0.2623.112 Safari/537.36" 
130.154.0.250 - - [18/Apr/2016:09:39:38 -0700] "GET / HTTP/1.1" 200 8801 "http://notify.bluecoat.com/notify-Notice-AUP-NEW?http/www.secrepo.com/aHR0cDovL3d3dy5zZWNyZXBvLmNvbS8=" "Mozilla/5.0 (Macintosh; Intel Mac OS X 10_9_5) AppleWebKit/537.36 (KHTML, like Gecko) Chrome/49.0.2623.112 Safari/537.36" 
130.154.0.250 - - [18/Apr/2016:09:39:39 -0700] "GET /twitter-icon.png HTTP/1.1" 200 27787 "http://www.secrepo.com/" "Mozilla/5.0 (Macintosh; Intel Mac OS X 10_9_5) AppleWebKit/537.36 (KHTML, like Gecko) Chrome/49.0.2623.112 Safari/537.36" 
130.154.0.250 - - [18/Apr/2016:09:39:39 -0700] "GET /GitHub-Mark.png HTTP/1.1" 200 7428 "http://www.secrepo.com/" "Mozilla/5.0 (Macintosh; Intel Mac OS X 10_9_5) AppleWebKit/537.36 (KHTML, like Gecko) Chrome/49.0.2623.112 Safari/537.36" 
130.154.0.250 - - [18/Apr/2016:09:39:43 -0700] "GET /bootstrap/img/favicon.ico HTTP/1.1" 200 590 "http://www.secrepo.com/" "Mozilla/5.0 (Macintosh; Intel Mac OS X 10_9_5) AppleWebKit/537.36 (KHTML, like Gecko) Chrome/49.0.2623.112 Safari/537.36" 
128.29.43.1 - - [18/Apr/2016:09:43:20 -0700] "GET /maccdc2012/dhcp.log.gz HTTP/1.1" 200 45019 "http://www.secrepo.com/" "Mozilla/5.0 (Windows NT 6.1; WOW64; rv:45.0) Gecko/20100101 Firefox/45.0" 
128.29.43.1 - - [18/Apr/2016:09:43:56 -0700] "GET /maccdc2012/dns.log.gz HTTP/1.1" 200 6629420 "http://www.secrepo.com/" "Mozilla/5.0 (Windows NT 6.1; WOW64; rv:45.0) Gecko/20100101 Firefox/45.0" 
128.29.43.1 - - [18/Apr/2016:09:44:04 -0700] "GET /maccdc2012/ftp.log.gz HTTP/1.1" 200 128116 "http://www.secrepo.com/" "Mozilla/5.0 (Windows NT 6.1; WOW64; rv:45.0) Gecko/20100101 Firefox/45.0" 
128.29.43.1 - - [18/Apr/2016:09:44:11 -0700] "GET /maccdc2012/notice.log.gz HTTP/1.1" 200 20779 "http://www.secrepo.com/" "Mozilla/5.0 (Windows NT 6.1; WOW64; rv:45.0) Gecko/20100101 Firefox/45.0" 
128.29.43.1 - - [18/Apr/2016:09:44:00 -0700] "GET /maccdc2012/files.log.gz HTTP/1.1" 200 51408672 "http://www.secrepo.com/" "Mozilla/5.0 (Windows NT 6.1; WOW64; rv:45.0) Gecko/20100101 Firefox/45.0" 
128.29.43.1 - - [18/Apr/2016:09:44:15 -0700] "GET /maccdc2012/signatures.log.gz HTTP/1.1" 200 604 "http://www.secrepo.com/" "Mozilla/5.0 (Windows NT 6.1; WOW64; rv:45.0) Gecko/20100101 Firefox/45.0" 
128.29.43.1 - - [18/Apr/2016:09:44:18 -0700] "GET /maccdc2012/smtp.log.gz HTTP/1.1" 200 6908 "http://www.secrepo.com/" "Mozilla/5.0 (Windows NT 6.1; WOW64; rv:45.0) Gecko/20100101 Firefox/45.0" 
128.29.43.1 - - [18/Apr/2016:09:44:08 -0700] "GET /maccdc2012/http.log.gz HTTP/1.1" 200 54258816 "http://www.secrepo.com/" "Mozilla/5.0 (Windows NT 6.1; WOW64; rv:45.0) Gecko/20100101 Firefox/45.0" 
128.29.43.1 - - [18/Apr/2016:09:44:21 -0700] "GET /maccdc2012/ssh.log.gz HTTP/1.1" 200 182516 "http://www.secrepo.com/" "Mozilla/5.0 (Windows NT 6.1; WOW64; rv:45.0) Gecko/20100101 Firefox/45.0" 
128.29.43.1 - - [18/Apr/2016:09:44:25 -0700] "GET /maccdc2012/ssl.log.gz HTTP/1.1" 200 1313675 "http://www.secrepo.com/" "Mozilla/5.0 (Windows NT 6.1; WOW64; rv:45.0) Gecko/20100101 Firefox/45.0" 
128.29.43.1 - - [18/Apr/2016:09:44:28 -0700] "GET /maccdc2012/tunnel.log.gz HTTP/1.1" 200 5229 "http://www.secrepo.com/" "Mozilla/5.0 (Windows NT 6.1; WOW64; rv:45.0) Gecko/20100101 Firefox/45.0" 
128.29.43.1 - - [18/Apr/2016:09:44:32 -0700] "GET /maccdc2012/weird.log.gz HTTP/1.1" 200 1242777 "http://www.secrepo.com/" "Mozilla/5.0 (Windows NT 6.1; WOW64; rv:45.0) Gecko/20100101 Firefox/45.0" 
128.29.43.1 - - [18/Apr/2016:09:47:30 -0700] "GET /maccdc2012/maccdc2012_fast_alert.7z HTTP/1.1" 200 9478149 "http://www.secrepo.com/" "Mozilla/5.0 (Windows NT 6.1; WOW64; rv:45.0) Gecko/20100101 Firefox/45.0" 
128.29.43.1 - - [18/Apr/2016:09:47:34 -0700] "GET /maccdc2012/maccdc2012_full_alert.7z HTTP/1.1" 200 24978941 "http://www.secrepo.com/" "Mozilla/5.0 (Windows NT 6.1; WOW64; rv:45.0) Gecko/20100101 Firefox/45.0" 
117.177.241.60 - - [18/Apr/2016:09:51:45 -0700] "GET /tg/a.zip HTTP/1.1" 304 132 "-" "Mozilla/5.0 Gecko/20100115 Firefox/3.6" 
128.29.43.1 - - [18/Apr/2016:09:52:07 -0700] "GET /tg/a.zip HTTP/1.1" 200 66189337 "http://www.secrepo.com/" "Mozilla/5.0 (Windows NT 6.1; WOW64; rv:45.0) Gecko/20100101 Firefox/45.0" 
128.29.43.1 - - [18/Apr/2016:09:57:12 -0700] "GET /tg/b.zip HTTP/1.1" 200 42298164 "-" "Wget/1.13.4 (linux-gnu)" 
128.29.43.1 - - [18/Apr/2016:09:57:17 -0700] "GET /tg/c.zip HTTP/1.1" 200 63359117 "-" "Wget/1.13.4 (linux-gnu)" 
128.29.43.1 - - [18/Apr/2016:09:59:51 -0700] "GET /tg/tg_snort_fast.7z HTTP/1.1" 200 4274093 "http://www.secrepo.com/" "Mozilla/5.0 (Windows NT 6.1; WOW64; rv:45.0) Gecko/20100101 Firefox/45.0" 
128.29.43.1 - - [18/Apr/2016:10:00:15 -0700] "GET /tg/tg_snort_full.7z HTTP/1.1" 200 8847794 "http://www.secrepo.com/" "Mozilla/5.0 (Windows NT 6.1; WOW64; rv:45.0) Gecko/20100101 Firefox/45.0" 
111.23.4.148 - - [18/Apr/2016:10:05:23 -0700] "GET /tg/a.zip HTTP/1.1" 304 132 "-" "Mozilla/5.0 Gecko/20100115 Firefox/3.6" 
66.192.187.242 - - [18/Apr/2016:10:06:09 -0700] "GET / HTTP/1.1" 200 8801 "-" "Mozilla/5.0 (Macintosh; Intel Mac OS X 10_10_5) AppleWebKit/537.36 (KHTML, like Gecko) Chrome/49.0.2623.110 Safari/537.36" 
66.192.187.242 - - [18/Apr/2016:10:06:09 -0700] "GET /twitter-icon.png HTTP/1.1" 200 27787 "http://www.secrepo.com/" "Mozilla/5.0 (Macintosh; Intel Mac OS X 10_10_5) AppleWebKit/537.36 (KHTML, like Gecko) Chrome/49.0.2623.110 Safari/537.36" 
66.192.187.242 - - [18/Apr/2016:10:06:09 -0700] "GET /GitHub-Mark.png HTTP/1.1" 200 7428 "http://www.secrepo.com/" "Mozilla/5.0 (Macintosh; Intel Mac OS X 10_10_5) AppleWebKit/537.36 (KHTML, like Gecko) Chrome/49.0.2623.110 Safari/537.36" 
66.192.187.242 - - [18/Apr/2016:10:06:10 -0700] "GET /bootstrap/img/favicon.ico HTTP/1.1" 200 589 "http://www.secrepo.com/" "Mozilla/5.0 (Macintosh; Intel Mac OS X 10_10_5) AppleWebKit/537.36 (KHTML, like Gecko) Chrome/49.0.2623.110 Safari/537.36" 
45.56.98.126 - - [18/Apr/2016:10:06:50 -0700] "HEAD / HTTP/1.1" 200 295 "http://t.co/Qro1LCR4GM" "-" 
69.30.213.82 - - [18/Apr/2016:10:16:42 -0700] "GET /robots.txt HTTP/1.0" 200 252 "-" "Mozilla/5.0 (compatible; MJ12bot/v1.4.5; http://www.majestic12.co.uk/bot.php?+)" 
69.30.213.82 - - [18/Apr/2016:10:16:44 -0700] "GET /self.logs/?C=D;O=D HTTP/1.0" 200 87573 "-" "Mozilla/5.0 (compatible; MJ12bot/v1.4.5; http://www.majestic12.co.uk/bot.php?+)" 
69.30.213.82 - - [18/Apr/2016:10:16:52 -0700] "GET /robots.txt HTTP/1.0" 200 252 "-" "Mozilla/5.0 (compatible; MJ12bot/v1.4.5; http://www.majestic12.co.uk/bot.php?+)" 
69.30.213.82 - - [18/Apr/2016:10:16:54 -0700] "GET /self.logs/?C=N;O=A HTTP/1.0" 200 87573 "-" "Mozilla/5.0 (compatible; MJ12bot/v1.4.5; http://www.majestic12.co.uk/bot.php?+)" 
39.33.242.191 - - [18/Apr/2016:10:24:15 -0700] "GET / HTTP/1.1" 200 8801 "https://www.google.com.pk/" "Mozilla/5.0 (Windows NT 6.3; WOW64) AppleWebKit/537.36 (KHTML, like Gecko) Chrome/49.0.2623.112 Safari/537.36" 
39.33.242.191 - - [18/Apr/2016:10:24:15 -0700] "GET /twitter-icon.png HTTP/1.1" 200 27787 "http://www.secrepo.com/" "Mozilla/5.0 (Windows NT 6.3; WOW64) AppleWebKit/537.36 (KHTML, like Gecko) Chrome/49.0.2623.112 Safari/537.36" 
39.33.242.191 - - [18/Apr/2016:10:24:17 -0700] "GET /GitHub-Mark.png HTTP/1.1" 200 7428 "http://www.secrepo.com/" "Mozilla/5.0 (Windows NT 6.3; WOW64) AppleWebKit/537.36 (KHTML, like Gecko) Chrome/49.0.2623.112 Safari/537.36" 
39.33.242.191 - - [18/Apr/2016:10:24:20 -0700] "GET /bootstrap/img/favicon.ico HTTP/1.1" 200 590 "http://www.secrepo.com/" "Mozilla/5.0 (Windows NT 6.3; WOW64) AppleWebKit/537.36 (KHTML, like Gecko) Chrome/49.0.2623.112 Safari/537.36" 
40.77.167.56 - - [18/Apr/2016:10:34:07 -0700] "GET /self.logs/access.log.2015-07-07.gz HTTP/1.1" 200 4998 "-" "Mozilla/5.0 (compatible; bingbot/2.0; +http://www.bing.com/bingbot.htm)" 
51.254.121.186 - - [18/Apr/2016:10:34:44 -0700] "GET /robots.txt HTTP/1.0" 200 252 "-" "Mozilla/5.0 (compatible; MJ12bot/v1.4.5; http://www.majestic12.co.uk/bot.php?+)" 
51.254.121.186 - - [18/Apr/2016:10:34:47 -0700] "GET /honeypot//%22https://twitter.com/sooshie/%22 HTTP/1.0" 404 284 "-" "Mozilla/5.0 (compatible; MJ12bot/v1.4.5; http://www.majestic12.co.uk/bot.php?+)" 
51.254.121.186 - - [18/Apr/2016:10:34:49 -0700] "GET /honeypot//%22https://twitter.com/theroxyd/%22 HTTP/1.0" 404 303 "-" "Mozilla/5.0 (compatible; MJ12bot/v1.4.5; http://www.majestic12.co.uk/bot.php?+)" 
141.8.143.159 - - [18/Apr/2016:11:10:48 -0700] "GET /honeypot/BSidesDFW%20-%202014.ipynb HTTP/1.1" 200 930836 "-" "Mozilla/5.0 (compatible; YandexBot/3.0; +http://yandex.com/bots)" 
111.7.128.40 - - [18/Apr/2016:11:16:56 -0700] "GET /tg/a.zip HTTP/1.1" 304 132 "-" "Mozilla/5.0 Gecko/20100115 Firefox/3.6" 
111.23.10.33 - - [18/Apr/2016:11:18:49 -0700] "GET /tg/a.zip HTTP/1.1" 304 132 "-" "Mozilla/5.0 Gecko/20100115 Firefox/3.6" 
85.151.138.157 - - [18/Apr/2016:11:39:18 -0700] "GET /maccdc2012/dns.log.gz HTTP/1.1" 200 6607269 "-" "Wget/1.17.1 (cygwin)" 
164.132.161.52 - - [18/Apr/2016:11:44:53 -0700] "GET /self.logs/access.log.2015-08-31.gz HTTP/1.1" 200 5570 "-" "Mozilla/5.0 (compatible; AhrefsBot/5.1; +http://ahrefs.com/robot/)" 
37.220.114.183 - - [18/Apr/2016:10:48:36 -0700] "GET /maccdc2012/conn.log.gz HTTP/1.1" 200 551041635 "http://www.secrepo.com/" "Mozilla/5.0 (Windows NT 6.1; WOW64) AppleWebKit/537.36 (KHTML, like Gecko) Chrome/48.0.2564.116 Safari/537.36" 
211.137.56.172 - - [18/Apr/2016:11:52:27 -0700] "GET /tg/a.zip HTTP/1.1" 304 132 "-" "Mozilla/5.0 Gecko/20100115 Firefox/3.6" 
24.23.195.68 - - [18/Apr/2016:11:55:21 -0700] "GET / HTTP/1.1" 200 8801 "-" "Mozilla/5.0 (Macintosh; Intel Mac OS X 10_11_5) AppleWebKit/601.6.16 (KHTML, like Gecko)" 
24.23.195.68 - - [18/Apr/2016:11:55:23 -0700] "GET /apple-touch-icon-precomposed.png HTTP/1.1" 404 340 "-" "Safari/11601.6.16 CFNetwork/760.5.1 Darwin/15.5.0 (x86_64)" 
24.23.195.68 - - [18/Apr/2016:11:55:23 -0700] "GET /apple-touch-icon.png HTTP/1.1" 404 339 "-" "Safari/11601.6.16 CFNetwork/760.5.1 Darwin/15.5.0 (x86_64)" 
24.23.195.68 - - [18/Apr/2016:11:55:23 -0700] "GET /apple-touch-icon-precomposed.png HTTP/1.1" 404 339 "-" "Safari/11601.6.16 CFNetwork/760.5.1 Darwin/15.5.0 (x86_64)" 
24.23.195.68 - - [18/Apr/2016:11:55:23 -0700] "GET /apple-touch-icon.png HTTP/1.1" 404 339 "-" "Safari/11601.6.16 CFNetwork/760.5.1 Darwin/15.5.0 (x86_64)" 
157.55.39.95 - - [18/Apr/2016:11:59:12 -0700] "GET /self.logs/access.log.2015-08-27.gz HTTP/1.1" 200 6103 "-" "Mozilla/5.0 (compatible; bingbot/2.0; +http://www.bing.com/bingbot.htm)" 
73.141.173.154 - - [18/Apr/2016:12:06:24 -0700] "GET / HTTP/1.1" 200 8801 "-" "Mozilla/5.0 (Windows NT 10.0; WOW64) AppleWebKit/537.36 (KHTML, like Gecko) Chrome/49.0.2623.112 Safari/537.36" 
73.141.173.154 - - [18/Apr/2016:12:06:25 -0700] "GET /twitter-icon.png HTTP/1.1" 200 27787 "http://www.secrepo.com/" "Mozilla/5.0 (Windows NT 10.0; WOW64) AppleWebKit/537.36 (KHTML, like Gecko) Chrome/49.0.2623.112 Safari/537.36" 
73.141.173.154 - - [18/Apr/2016:12:06:25 -0700] "GET /GitHub-Mark.png HTTP/1.1" 200 7428 "http://www.secrepo.com/" "Mozilla/5.0 (Windows NT 10.0; WOW64) AppleWebKit/537.36 (KHTML, like Gecko) Chrome/49.0.2623.112 Safari/537.36" 
73.141.173.154 - - [18/Apr/2016:12:06:25 -0700] "GET /bootstrap/img/favicon.ico HTTP/1.1" 200 589 "http://www.secrepo.com/" "Mozilla/5.0 (Windows NT 10.0; WOW64) AppleWebKit/537.36 (KHTML, like Gecko) Chrome/49.0.2623.112 Safari/537.36" 
51.255.65.70 - - [18/Apr/2016:12:13:58 -0700] "GET /self.logs/error.log.2015-03-18.gz HTTP/1.1" 200 2315 "-" "Mozilla/5.0 (compatible; AhrefsBot/5.1; +http://ahrefs.com/robot/)" 
68.45.2.245 - - [18/Apr/2016:12:17:03 -0700] "GET / HTTP/1.1" 200 8801 "https://www.google.com/" "Mozilla/5.0 (Macintosh; Intel Mac OS X 10_10_5) AppleWebKit/537.36 (KHTML, like Gecko) Chrome/49.0.2623.110 Safari/537.36" 
68.45.2.245 - - [18/Apr/2016:12:17:03 -0700] "GET /GitHub-Mark.png HTTP/1.1" 200 7428 "http://www.secrepo.com/" "Mozilla/5.0 (Macintosh; Intel Mac OS X 10_10_5) AppleWebKit/537.36 (KHTML, like Gecko) Chrome/49.0.2623.110 Safari/537.36" 
68.45.2.245 - - [18/Apr/2016:12:17:03 -0700] "GET /twitter-icon.png HTTP/1.1" 200 27787 "http://www.secrepo.com/" "Mozilla/5.0 (Macintosh; Intel Mac OS X 10_10_5) AppleWebKit/537.36 (KHTML, like Gecko) Chrome/49.0.2623.110 Safari/537.36" 
68.45.2.245 - - [18/Apr/2016:12:17:04 -0700] "GET /bootstrap/img/favicon.ico HTTP/1.1" 200 589 "http://www.secrepo.com/" "Mozilla/5.0 (Macintosh; Intel Mac OS X 10_10_5) AppleWebKit/537.36 (KHTML, like Gecko) Chrome/49.0.2623.110 Safari/537.36" 
117.190.191.170 - - [18/Apr/2016:12:27:47 -0700] "GET /tg/a.zip HTTP/1.1" 304 132 "-" "Mozilla/5.0 Gecko/20100115 Firefox/3.6" 
180.76.15.154 - - [18/Apr/2016:12:29:40 -0700] "GET / HTTP/1.1" 200 21900 "-" "Mozilla/5.0 (compatible; Baiduspider/2.0; +http://www.baidu.com/search/spider.html)" 
180.76.15.22 - - [18/Apr/2016:12:30:18 -0700] "GET / HTTP/1.1" 200 21900 "-" "Mozilla/5.0 (compatible; Baiduspider/2.0; +http://www.baidu.com/search/spider.html)" 
164.132.161.36 - - [18/Apr/2016:12:40:24 -0700] "GET /self.logs/error.log.2016-02-07.gz HTTP/1.1" 200 676 "-" "Mozilla/5.0 (compatible; AhrefsBot/5.1; +http://ahrefs.com/robot/)" 
40.77.167.86 - - [18/Apr/2016:12:40:29 -0700] "GET /self.logs/error.log.2015-05-02.gz HTTP/1.1" 301 544 "-" "Mozilla/5.0 (compatible; bingbot/2.0; +http://www.bing.com/bingbot.htm)" 
157.55.39.95 - - [18/Apr/2016:12:40:35 -0700] "GET /honeypot/BSidesDFW%20-%202014.ipynb HTTP/1.1" 200 930836 "-" "Mozilla/5.0 (iPhone; CPU iPhone OS 7_0 like Mac OS X) AppleWebKit/537.51.1 (KHTML, like Gecko) Version/7.0 Mobile/11A465 Safari/9537.53 (compatible; bingbot/2.0; +http://www.bing.com/bingbot.htm)" 
117.177.241.60 - - [18/Apr/2016:12:51:48 -0700] "GET /tg/a.zip HTTP/1.1" 304 132 "-" "Mozilla/5.0 Gecko/20100115 Firefox/3.6" 
40.77.167.86 - - [18/Apr/2016:12:52:58 -0700] "GET /self.logs/access.log.2015-09-13.gz HTTP/1.1" 200 4389 "-" "Mozilla/5.0 (compatible; bingbot/2.0; +http://www.bing.com/bingbot.htm)" 
40.77.167.86 - - [18/Apr/2016:12:59:59 -0700] "GET /self.logs/access.log.2015-08-30.gz HTTP/1.1" 200 4452 "-" "Mozilla/5.0 (compatible; bingbot/2.0; +http://www.bing.com/bingbot.htm)" 
51.255.65.36 - - [18/Apr/2016:13:04:31 -0700] "GET /self.logs/error.log.2015-08-23.gz HTTP/1.1" 200 819 "-" "Mozilla/5.0 (compatible; AhrefsBot/5.1; +http://ahrefs.com/robot/)" 
129.137.111.17 - - [18/Apr/2016:13:05:06 -0700] "GET / HTTP/1.1" 200 8801 "-" "Mozilla/5.0 (Windows NT 6.1; WOW64) AppleWebKit/537.36 (KHTML, like Gecko) Chrome/49.0.2623.112 Safari/537.36" 
129.137.111.17 - - [18/Apr/2016:13:05:07 -0700] "GET /GitHub-Mark.png HTTP/1.1" 200 7428 "http://www.secrepo.com/" "Mozilla/5.0 (Windows NT 6.1; WOW64) AppleWebKit/537.36 (KHTML, like Gecko) Chrome/49.0.2623.112 Safari/537.36" 
129.137.111.17 - - [18/Apr/2016:13:05:07 -0700] "GET /twitter-icon.png HTTP/1.1" 200 27787 "http://www.secrepo.com/" "Mozilla/5.0 (Windows NT 6.1; WOW64) AppleWebKit/537.36 (KHTML, like Gecko) Chrome/49.0.2623.112 Safari/537.36" 
129.137.111.17 - - [18/Apr/2016:13:05:07 -0700] "GET /bootstrap/img/favicon.ico HTTP/1.1" 200 589 "http://www.secrepo.com/" "Mozilla/5.0 (Windows NT 6.1; WOW64) AppleWebKit/537.36 (KHTML, like Gecko) Chrome/49.0.2623.112 Safari/537.36" 
111.23.4.148 - - [18/Apr/2016:13:05:25 -0700] "GET /tg/a.zip HTTP/1.1" 304 132 "-" "Mozilla/5.0 Gecko/20100115 Firefox/3.6" 
129.137.111.17 - - [18/Apr/2016:13:05:43 -0700] "GET /self.logs/ HTTP/1.1" 200 9589 "http://www.secrepo.com/" "Mozilla/5.0 (Windows NT 6.1; WOW64) AppleWebKit/537.36 (KHTML, like Gecko) Chrome/49.0.2623.112 Safari/537.36" 
129.137.111.17 - - [18/Apr/2016:13:05:46 -0700] "GET /favicon.ico HTTP/1.1" 200 267 "http://www.secrepo.com/self.logs/" "Mozilla/5.0 (Windows NT 6.1; WOW64) AppleWebKit/537.36 (KHTML, like Gecko) Chrome/49.0.2623.112 Safari/537.36" 
129.137.111.17 - - [18/Apr/2016:13:06:02 -0700] "GET /self.logs/access.log.2015-01-24.gz HTTP/1.1" 200 2277 "http://www.secrepo.com/self.logs/" "Mozilla/5.0 (Windows NT 6.1; WOW64) AppleWebKit/537.36 (KHTML, like Gecko) Chrome/49.0.2623.112 Safari/537.36" 
123.57.248.225 - - [18/Apr/2016:13:06:36 -0700] "GET /honeypot/Honeypot%20-%20Howto.pdf HTTP/1.1" 200 1279418 "-" "Mozilla/4.0 (compatible; MSIE 6.0; Windows NT 5.1)" 
188.64.175.201 - - [18/Apr/2016:13:17:27 -0700] "GET /honeypot/BSidesDFW%20-%202014.ipynb HTTP/1.0" 200 930799 "http://www.secrepo.com/honeypot/BSidesDFW%20-%202014.ipynb" "Mozilla/5.0 (Windows NT 6.1; WOW64) AppleWebKit/537.36 (KHTML, like Gecko) Chrome/48.0.2564.82 Safari/537.36 OPR/35.0.2066.37" 
164.132.161.50 - - [18/Apr/2016:13:17:36 -0700] "GET /self.logs/error.log.2016-04-01.gz HTTP/1.1" 200 707 "-" "Mozilla/5.0 (compatible; AhrefsBot/5.1; +http://ahrefs.com/robot/)" 
101.226.169.225 - - [18/Apr/2016:13:26:52 -0700] "GET / HTTP/1.1" 200 8801 "http://www.secrepo.com/" "Mozilla/5.0 (Windows NT 6.1) AppleWebKit/537.1 (KHTML, like Gecko) Chrome/21.0.1180.89 Safari/537.1; 360Spider(compatible; HaosouSpider; http://www.haosou.com/help/help_3_2.html)" 
40.77.167.56 - - [18/Apr/2016:13:38:12 -0700] "GET /self.logs/error.log.2016-02-01.gz HTTP/1.1" 200 814 "-" "Mozilla/5.0 (compatible; bingbot/2.0; +http://www.bing.com/bingbot.htm)" 
208.115.113.86 - - [18/Apr/2016:13:39:09 -0700] "GET /robots.txt HTTP/1.1" 200 233 "-" "Mozilla/5.0 (compatible; DotBot/1.1; http://www.opensiteexplorer.org/dotbot, help@moz.com)" 
66.249.84.168 - - [18/Apr/2016:13:51:53 -0700] "GET / HTTP/1.1" 200 8801 "-" "Mozilla/5.0 (X11; Linux x86_64) AppleWebKit/537.36 (KHTML, like Gecko) Chrome/49.0.2623.75 Safari/537.36 Google Favicon" 
66.249.84.168 - - [18/Apr/2016:13:51:53 -0700] "GET /bootstrap/img/favicon.ico HTTP/1.1" 200 589 "-" "Mozilla/5.0 (X11; Linux x86_64) AppleWebKit/537.36 (KHTML, like Gecko) Chrome/49.0.2623.75 Safari/537.36 Google Favicon" 
66.249.64.250 - - [18/Apr/2016:13:53:21 -0700] "GET /robots.txt HTTP/1.1" 200 334 "-" "Mozilla/5.0 (compatible; Googlebot/2.1; +http://www.google.com/bot.html)" 
66.249.64.129 - - [18/Apr/2016:13:53:21 -0700] "GET /umlbzvbkjpuozy.html HTTP/1.1" 404 340 "-" "Mozilla/5.0 (compatible; Googlebot/2.1; +http://www.google.com/bot.html)" 
111.7.128.40 - - [18/Apr/2016:14:17:00 -0700] "GET /tg/a.zip HTTP/1.1" 304 132 "-" "Mozilla/5.0 Gecko/20100115 Firefox/3.6" 
40.77.167.56 - - [18/Apr/2016:14:17:22 -0700] "GET /self.logs/access.log.2016-02-11.gz HTTP/1.1" 200 9167 "-" "Mozilla/5.0 (compatible; bingbot/2.0; +http://www.bing.com/bingbot.htm)" 
111.23.10.33 - - [18/Apr/2016:14:18:51 -0700] "GET /tg/a.zip HTTP/1.1" 304 132 "-" "Mozilla/5.0 Gecko/20100115 Firefox/3.6" 
111.23.10.33 - - [18/Apr/2016:14:18:51 -0700] "GET /tg/a.zip HTTP/1.1" 200 52560 "-" "Mozilla/5.0 Gecko/20100115 Firefox/3.6" 
123.125.71.31 - - [18/Apr/2016:14:23:04 -0700] "GET /robots.txt HTTP/1.1" 200 297 "-" "Mozilla/5.0 (compatible; Baiduspider/2.0; +http://www.baidu.com/search/spider.html)" 
220.181.108.183 - - [18/Apr/2016:14:24:18 -0700] "GET /data HTTP/1.1" 404 303 "-" "Mozilla/5.0 (compatible; Baiduspider/2.0; +http://www.baidu.com/search/spider.html)" 
40.77.167.56 - - [18/Apr/2016:14:32:16 -0700] "GET /self.logs/error.log.2015-11-08.gz HTTP/1.1" 301 544 "-" "Mozilla/5.0 (compatible; bingbot/2.0; +http://www.bing.com/bingbot.htm)" 
157.55.39.95 - - [18/Apr/2016:14:36:33 -0700] "GET /robots.txt HTTP/1.1" 301 518 "-" "Mozilla/5.0 (compatible; bingbot/2.0; +http://www.bing.com/bingbot.htm)" 
157.55.39.95 - - [18/Apr/2016:14:36:33 -0700] "GET /robots.txt HTTP/1.1" 200 288 "-" "Mozilla/5.0 (compatible; bingbot/2.0; +http://www.bing.com/bingbot.htm)" 
