91.228.167.109 - - [29/Jan/2017:07:29:15 -0800] "GET / HTTP/1.0" 200 29200 "https://socialmediascanner.eset.com" "Mozilla/5.0 (Windows NT 6.1) AppleWebKit/537.36 (KHTML, like Gecko) Chrome/31.0.1650.16 Safari/537.36" 
213.152.162.165 - - [29/Jan/2017:07:30:01 -0800] "GET /honeypot/honeypot.json.zip HTTP/1.1" 200 4631873 "http://www.secrepo.com/" "Mozilla/5.0 (X11; Ubuntu; Linux x86_64; rv:51.0) Gecko/20100101 Firefox/51.0" 
45.243.25.68 - - [29/Jan/2017:07:30:20 -0800] "GET /wp-login.php HTTP/1.1" 404 295 "-" "Mozilla/5.0 (Windows NT 6.1; WOW64; rv:40.0) Gecko/20100101 Firefox/40.1" 
45.243.25.68 - - [29/Jan/2017:07:30:25 -0800] "GET /wp-login.php HTTP/1.1" 404 295 "-" "Mozilla/5.0 (Windows NT 6.1; WOW64; rv:40.0) Gecko/20100101 Firefox/40.1" 
45.243.25.68 - - [29/Jan/2017:07:30:31 -0800] "GET / HTTP/1.1" 200 34374 "-" "Mozilla/5.0 (Windows NT 6.1; WOW64; rv:40.0) Gecko/20100101 Firefox/40.1" 
47.186.178.245 - - [29/Jan/2017:07:31:07 -0800] "GET / HTTP/1.1" 301 483 "http://www.secrepo.com/" "Mozilla/5.0 (iPad; CPU OS 9_3_5 like Mac OS X) AppleWebKit/601.1 (KHTML, like Gecko) CriOS/55.0.2883.79 Mobile/13G36 Safari/601.1.46" 
47.186.178.245 - - [29/Jan/2017:07:31:07 -0800] "GET / HTTP/1.1" 304 189 "http://www.secrepo.com/" "Mozilla/5.0 (iPad; CPU OS 9_3_5 like Mac OS X) AppleWebKit/601.1 (KHTML, like Gecko) CriOS/55.0.2883.79 Mobile/13G36 Safari/601.1.46" 
144.76.29.66 - - [29/Jan/2017:07:31:30 -0800] "GET /robots.txt HTTP/1.1" 200 289 "-" "Mozilla/5.0 (compatible; MJ12bot/v1.4.7; http://mj12bot.com/)" 
144.76.29.66 - - [29/Jan/2017:07:31:31 -0800] "GET /honeypot//%22http://amunhoney.sourceforge.net//%22 HTTP/1.1" 404 239 "-" "Mozilla/5.0 (compatible; MJ12bot/v1.4.7; http://mj12bot.com/)" 
144.76.29.66 - - [29/Jan/2017:07:31:33 -0800] "GET /honeypot//%22http://glastopf.org//%22 HTTP/1.1" 404 284 "-" "Mozilla/5.0 (compatible; MJ12bot/v1.4.7; http://mj12bot.com/)" 
144.76.29.66 - - [29/Jan/2017:07:31:34 -0800] "GET /honeypot//%22http://www.maxmind.com/%22 HTTP/1.1" 404 284 "-" "Mozilla/5.0 (compatible; MJ12bot/v1.4.7; http://mj12bot.com/)" 
144.76.29.66 - - [29/Jan/2017:07:31:36 -0800] "GET /honeypot//%22https://twitter.com/sooshie/%22 HTTP/1.1" 404 284 "-" "Mozilla/5.0 (compatible; MJ12bot/v1.4.7; http://mj12bot.com/)" 
144.76.29.66 - - [29/Jan/2017:07:31:38 -0800] "GET /honeypot//%22https://twitter.com/theroxyd/%22 HTTP/1.1" 404 284 "-" "Mozilla/5.0 (compatible; MJ12bot/v1.4.7; http://mj12bot.com/)" 
52.173.86.102 - - [29/Jan/2017:07:32:39 -0800] "GET / HTTP/1.1" 200 10232 "-" "Mozilla/5.0 (Windows; U; Windows NT 6.1; en-US; rv:1.9.1.2) Gecko/20090805 Shiretoko/3.5.2" 
69.63.188.196 - - [29/Jan/2017:07:35:15 -0800] "GET /twitter-icon.png HTTP/1.1" 200 27788 "-" "facebookexternalhit/1.1 (+http://www.facebook.com/externalhit_uatext.php)" 
159.0.160.33 - - [29/Jan/2017:07:35:20 -0800] "GET / HTTP/1.1" 200 10269 "https://t.co/oWHtBZzWYf" "Mozilla/5.0 (iPhone; CPU iPhone OS 10_2_1 like Mac OS X) AppleWebKit/602.1.32 (KHTML, like Gecko) Mobile/14D27 Twitter for iPhone" 
159.0.160.33 - - [29/Jan/2017:07:35:20 -0800] "GET /twitter-icon.png HTTP/1.1" 200 27787 "http://www.secrepo.com/" "Mozilla/5.0 (iPhone; CPU iPhone OS 10_2_1 like Mac OS X) AppleWebKit/602.1.32 (KHTML, like Gecko) Mobile/14D27 Twitter for iPhone" 
159.0.160.33 - - [29/Jan/2017:07:35:20 -0800] "GET /GitHub-Mark.png HTTP/1.1" 200 7428 "http://www.secrepo.com/" "Mozilla/5.0 (iPhone; CPU iPhone OS 10_2_1 like Mac OS X) AppleWebKit/602.1.32 (KHTML, like Gecko) Mobile/14D27 Twitter for iPhone" 
51.36.205.155 - - [29/Jan/2017:07:35:21 -0800] "GET / HTTP/1.1" 200 10269 "https://t.co/oWHtBZzWYf" "Mozilla/5.0 (iPhone; CPU iPhone OS 10_2_1 like Mac OS X) AppleWebKit/602.1.32 (KHTML, like Gecko) Mobile/14D27 Twitter for iPhone" 
51.36.205.155 - - [29/Jan/2017:07:35:21 -0800] "GET /twitter-icon.png HTTP/1.1" 200 27787 "http://www.secrepo.com/" "Mozilla/5.0 (iPhone; CPU iPhone OS 10_2_1 like Mac OS X) AppleWebKit/602.1.32 (KHTML, like Gecko) Mobile/14D27 Twitter for iPhone" 
51.36.205.155 - - [29/Jan/2017:07:35:21 -0800] "GET /GitHub-Mark.png HTTP/1.1" 200 7428 "http://www.secrepo.com/" "Mozilla/5.0 (iPhone; CPU iPhone OS 10_2_1 like Mac OS X) AppleWebKit/602.1.32 (KHTML, like Gecko) Mobile/14D27 Twitter for iPhone" 
37.127.54.191 - - [29/Jan/2017:07:35:43 -0800] "GET /favicon.ico HTTP/1.1" 200 231 "-" "okhttp/2.5.0" 
68.180.228.248 - - [29/Jan/2017:07:35:43 -0800] "GET /self.logs/error.log.2015-04-26.gz HTTP/1.1" 200 824 "-" "Mozilla/5.0 (compatible; Yahoo! Slurp; http://help.yahoo.com/help/us/ysearch/slurp)" 
77.88.47.100 - - [29/Jan/2017:07:36:46 -0800] "GET /self.logs/ HTTP/1.1" 200 15290 "-" "Mozilla/5.0 (compatible; YandexBot/3.0; +http://yandex.com/bots)" 
163.172.65.240 - - [29/Jan/2017:07:37:11 -0800] "GET /self.logs/access.log.2015-03-16.gz HTTP/1.1" 200 8113 "-" "Mozilla/5.0 (compatible; AhrefsBot/5.2; +http://ahrefs.com/robot/)" 
45.243.25.68 - - [29/Jan/2017:07:38:56 -0800] "GET /wp-login.php HTTP/1.1" 301 522 "-" "Mozilla/5.0 (Windows NT 6.1; WOW64; rv:40.0) Gecko/20100101 Firefox/40.1" 
45.243.25.68 - - [29/Jan/2017:07:38:56 -0800] "GET /wp-login.php HTTP/1.1" 404 295 "-" "Mozilla/5.0 (Windows NT 6.1; WOW64; rv:40.0) Gecko/20100101 Firefox/40.1" 
45.243.25.68 - - [29/Jan/2017:07:39:02 -0800] "GET /wp-login.php HTTP/1.1" 301 522 "-" "Mozilla/5.0 (Windows NT 6.1; WOW64; rv:40.0) Gecko/20100101 Firefox/40.1" 
45.243.25.68 - - [29/Jan/2017:07:39:02 -0800] "GET /wp-login.php HTTP/1.1" 404 295 "-" "Mozilla/5.0 (Windows NT 6.1; WOW64; rv:40.0) Gecko/20100101 Firefox/40.1" 
45.243.25.68 - - [29/Jan/2017:07:39:07 -0800] "GET / HTTP/1.1" 301 498 "-" "Mozilla/5.0 (Windows NT 6.1; WOW64; rv:40.0) Gecko/20100101 Firefox/40.1" 
45.243.25.68 - - [29/Jan/2017:07:39:08 -0800] "GET / HTTP/1.1" 200 34374 "-" "Mozilla/5.0 (Windows NT 6.1; WOW64; rv:40.0) Gecko/20100101 Firefox/40.1" 
66.249.93.93 - - [29/Jan/2017:07:39:40 -0800] "GET / HTTP/1.1" 200 10269 "https://t.co/oWHtBZzWYf" "Mozilla/5.0 (Linux; Android 6.0.1; SM-G935F Build/MMB29K) AppleWebKit/537.36 (KHTML, like Gecko) Chrome/55.0.2883.91 Mobile Safari/537.36" 
66.249.93.95 - - [29/Jan/2017:07:39:41 -0800] "GET /twitter-icon.png HTTP/1.1" 200 27788 "http://www.secrepo.com/" "Mozilla/5.0 (Linux; Android 6.0.1; SM-G935F Build/MMB29K) AppleWebKit/537.36 (KHTML, like Gecko) Chrome/55.0.2883.91 Mobile Safari/537.36" 
66.249.93.93 - - [29/Jan/2017:07:39:41 -0800] "GET /GitHub-Mark.png HTTP/1.1" 200 7427 "http://www.secrepo.com/" "Mozilla/5.0 (Linux; Android 6.0.1; SM-G935F Build/MMB29K) AppleWebKit/537.36 (KHTML, like Gecko) Chrome/55.0.2883.91 Mobile Safari/537.36" 
66.249.93.93 - - [29/Jan/2017:07:39:43 -0800] "GET /bootstrap/img/favicon.ico HTTP/1.1" 200 590 "http://www.secrepo.com/" "Mozilla/5.0 (Linux; Android 6.0.1; SM-G935F Build/MMB29K) AppleWebKit/537.36 (KHTML, like Gecko) Chrome/55.0.2883.91 Mobile Safari/537.36" 
207.46.13.40 - - [29/Jan/2017:07:40:36 -0800] "GET /self.logs/error.log.2016-05-25.gz HTTP/1.1" 200 1052 "-" "Mozilla/5.0 (compatible; bingbot/2.0; +http://www.bing.com/bingbot.htm)" 
176.28.122.158 - - [29/Jan/2017:07:41:04 -0800] "GET / HTTP/1.1" 200 34374 "-" "Java/1.6.0_24" 
188.117.110.188 - - [29/Jan/2017:07:42:13 -0800] "GET / HTTP/1.1" 200 10269 "https://t.co/oWHtBZzWYf" "Mozilla/5.0 (Windows NT 10.0; Win64; x64) AppleWebKit/537.36 (KHTML, like Gecko) Chrome/56.0.2924.76 Safari/537.36" 
188.117.110.188 - - [29/Jan/2017:07:42:15 -0800] "GET /twitter-icon.png HTTP/1.1" 200 27788 "http://www.secrepo.com/" "Mozilla/5.0 (Windows NT 10.0; Win64; x64) AppleWebKit/537.36 (KHTML, like Gecko) Chrome/56.0.2924.76 Safari/537.36" 
188.117.110.188 - - [29/Jan/2017:07:42:16 -0800] "GET /GitHub-Mark.png HTTP/1.1" 200 7428 "http://www.secrepo.com/" "Mozilla/5.0 (Windows NT 10.0; Win64; x64) AppleWebKit/537.36 (KHTML, like Gecko) Chrome/56.0.2924.76 Safari/537.36" 
188.117.110.188 - - [29/Jan/2017:07:42:17 -0800] "GET /bootstrap/img/favicon.ico HTTP/1.1" 200 589 "http://www.secrepo.com/" "Mozilla/5.0 (Windows NT 10.0; Win64; x64) AppleWebKit/537.36 (KHTML, like Gecko) Chrome/56.0.2924.76 Safari/537.36" 
51.36.29.153 - - [29/Jan/2017:07:44:09 -0800] "GET / HTTP/1.1" 200 10269 "-" "Mozilla/5.0 (iPhone; CPU iPhone OS 10_2_1 like Mac OS X) AppleWebKit/602.4.6 (KHTML, like Gecko) Version/10.0 Mobile/14D27 Safari/602.1" 
51.36.29.153 - - [29/Jan/2017:07:44:10 -0800] "GET /twitter-icon.png HTTP/1.1" 200 27787 "http://www.secrepo.com/" "Mozilla/5.0 (iPhone; CPU iPhone OS 10_2_1 like Mac OS X) AppleWebKit/602.4.6 (KHTML, like Gecko) Version/10.0 Mobile/14D27 Safari/602.1" 
51.36.29.153 - - [29/Jan/2017:07:44:10 -0800] "GET /GitHub-Mark.png HTTP/1.1" 200 7428 "http://www.secrepo.com/" "Mozilla/5.0 (iPhone; CPU iPhone OS 10_2_1 like Mac OS X) AppleWebKit/602.4.6 (KHTML, like Gecko) Version/10.0 Mobile/14D27 Safari/602.1" 
130.211.62.84 - - [29/Jan/2017:07:45:20 -0800] "GET / HTTP/1.1" 200 10269 "-" "Mozilla/5.0 (compatible; +http://tweetedtimes.com)" 
188.51.174.182 - - [29/Jan/2017:07:45:37 -0800] "GET / HTTP/1.1" 200 10269 "https://t.co/oWHtBZzWYf" "Mozilla/5.0 (iPhone; CPU iPhone OS 10_2 like Mac OS X) AppleWebKit/602.1.32 (KHTML, like Gecko) Mobile/14C92 Twitter for iPhone" 
188.51.174.182 - - [29/Jan/2017:07:45:37 -0800] "GET /twitter-icon.png HTTP/1.1" 200 27787 "http://www.secrepo.com/" "Mozilla/5.0 (iPhone; CPU iPhone OS 10_2 like Mac OS X) AppleWebKit/602.1.32 (KHTML, like Gecko) Mobile/14C92 Twitter for iPhone" 
188.51.174.182 - - [29/Jan/2017:07:45:37 -0800] "GET /GitHub-Mark.png HTTP/1.1" 200 7428 "http://www.secrepo.com/" "Mozilla/5.0 (iPhone; CPU iPhone OS 10_2 like Mac OS X) AppleWebKit/602.1.32 (KHTML, like Gecko) Mobile/14C92 Twitter for iPhone" 
37.127.54.191 - - [29/Jan/2017:07:45:43 -0800] "GET /favicon.ico HTTP/1.1" 200 231 "-" "okhttp/2.5.0" 
94.67.11.69 - - [29/Jan/2017:07:45:51 -0800] "GET /wp-login.php HTTP/1.1" 404 295 "-" "Mozilla/5.0 (Windows NT 6.1; WOW64; rv:40.0) Gecko/20100101 Firefox/40.1" 
94.67.11.69 - - [29/Jan/2017:07:45:56 -0800] "GET /wp-login.php HTTP/1.1" 404 295 "-" "Mozilla/5.0 (Windows NT 6.1; WOW64; rv:40.0) Gecko/20100101 Firefox/40.1" 
94.67.11.69 - - [29/Jan/2017:07:46:02 -0800] "GET / HTTP/1.1" 200 34374 "-" "Mozilla/5.0 (Windows NT 6.1; WOW64; rv:40.0) Gecko/20100101 Firefox/40.1" 
188.117.110.188 - - [29/Jan/2017:07:46:00 -0800] "GET /maccdc2012/conn.log.gz HTTP/1.1" 200 61723 "-" "Mozilla/5.0 (Windows NT 10.0; Win64; x64) AppleWebKit/537.36 (KHTML, like Gecko) Chrome/56.0.2924.76 Safari/537.36" 
93.184.35.31 - - [29/Jan/2017:07:46:24 -0800] "GET / HTTP/1.1" 200 34374 "-" "Pearltrees" 
93.184.35.31 - - [29/Jan/2017:07:46:24 -0800] "GET / HTTP/1.1" 200 34374 "-" "Pearltrees" 
93.184.35.31 - - [29/Jan/2017:07:46:24 -0800] "GET / HTTP/1.1" 200 34373 "-" "Pearltrees" 
93.184.35.31 - - [29/Jan/2017:07:46:24 -0800] "GET /favicon.ico HTTP/1.1" 200 268 "-" "Java/1.7.0_40" 
198.27.80.99 - - [29/Jan/2017:07:46:25 -0800] "GET / HTTP/1.1" 200 34374 "-" "Mozilla/5.0 (X11; Ubuntu; Linux armv7l; rv:17.0) Gecko/20100101 Firefox/17.0" 
198.27.80.99 - - [29/Jan/2017:07:46:26 -0800] "GET / HTTP/1.1" 200 10269 "-" "Mozilla/5.0 (X11; Ubuntu; Linux x86_64; rv:17.0) Gecko/20100101 Firefox/17.0" 
198.27.80.99 - - [29/Jan/2017:07:46:26 -0800] "GET /twitter-icon.png HTTP/1.1" 200 27787 "http://www.secrepo.com/" "Mozilla/5.0 (X11; Ubuntu; Linux x86_64; rv:17.0) Gecko/20100101 Firefox/17.0" 
198.27.80.99 - - [29/Jan/2017:07:46:26 -0800] "GET /GitHub-Mark.png HTTP/1.1" 200 7428 "http://www.secrepo.com/" "Mozilla/5.0 (X11; Ubuntu; Linux x86_64; rv:17.0) Gecko/20100101 Firefox/17.0" 
198.27.80.99 - - [29/Jan/2017:07:46:26 -0800] "GET /bootstrap/img/favicon.ico HTTP/1.1" 200 589 "-" "Mozilla/5.0 (X11; Ubuntu; Linux x86_64; rv:17.0) Gecko/20100101 Firefox/17.0" 
66.249.93.93 - - [29/Jan/2017:07:47:23 -0800] "GET / HTTP/1.1" 200 10269 "-" "Mozilla/5.0 (Linux; Android 6.0; HUAWEI NXT-L29 Build/HUAWEINXT-L29) AppleWebKit/537.36 (KHTML, like Gecko) Chrome/55.0.2883.91 Mobile Safari/537.36" 
66.249.93.93 - - [29/Jan/2017:07:47:24 -0800] "GET /twitter-icon.png HTTP/1.1" 200 27787 "http://www.secrepo.com/" "Mozilla/5.0 (Linux; Android 6.0; HUAWEI NXT-L29 Build/HUAWEINXT-L29) AppleWebKit/537.36 (KHTML, like Gecko) Chrome/55.0.2883.91 Mobile Safari/537.36" 
66.249.93.95 - - [29/Jan/2017:07:47:24 -0800] "GET /GitHub-Mark.png HTTP/1.1" 200 7428 "http://www.secrepo.com/" "Mozilla/5.0 (Linux; Android 6.0; HUAWEI NXT-L29 Build/HUAWEINXT-L29) AppleWebKit/537.36 (KHTML, like Gecko) Chrome/55.0.2883.91 Mobile Safari/537.36" 
66.249.93.64 - - [29/Jan/2017:07:47:25 -0800] "GET /bootstrap/img/favicon.ico HTTP/1.1" 200 590 "http://www.secrepo.com/" "Mozilla/5.0 (Linux; Android 6.0; HUAWEI NXT-L29 Build/HUAWEINXT-L29) AppleWebKit/537.36 (KHTML, like Gecko) Chrome/55.0.2883.91 Mobile Safari/537.36" 
171.79.69.106 - - [29/Jan/2017:07:49:09 -0800] "GET /wp-login.php HTTP/1.1" 404 239 "-" "Mozilla/5.0 (Windows NT 6.1; WOW64; rv:40.0) Gecko/20100101 Firefox/40.1" 
171.79.69.106 - - [29/Jan/2017:07:49:15 -0800] "GET /wp-login.php HTTP/1.1" 404 239 "-" "Mozilla/5.0 (Windows NT 6.1; WOW64; rv:40.0) Gecko/20100101 Firefox/40.1" 
171.79.69.106 - - [29/Jan/2017:07:49:21 -0800] "GET / HTTP/1.1" 200 34318 "-" "Mozilla/5.0 (Windows NT 6.1; WOW64; rv:40.0) Gecko/20100101 Firefox/40.1" 
171.79.69.106 - - [29/Jan/2017:07:52:39 -0800] "GET /wp-login.php HTTP/1.1" 301 466 "-" "Mozilla/5.0 (Windows NT 6.1; WOW64; rv:40.0) Gecko/20100101 Firefox/40.1" 
171.79.69.106 - - [29/Jan/2017:07:52:40 -0800] "GET /wp-login.php HTTP/1.1" 404 239 "-" "Mozilla/5.0 (Windows NT 6.1; WOW64; rv:40.0) Gecko/20100101 Firefox/40.1" 
171.79.69.106 - - [29/Jan/2017:07:52:46 -0800] "GET /wp-login.php HTTP/1.1" 301 466 "-" "Mozilla/5.0 (Windows NT 6.1; WOW64; rv:40.0) Gecko/20100101 Firefox/40.1" 
171.79.69.106 - - [29/Jan/2017:07:52:46 -0800] "GET /wp-login.php HTTP/1.1" 404 239 "-" "Mozilla/5.0 (Windows NT 6.1; WOW64; rv:40.0) Gecko/20100101 Firefox/40.1" 
188.54.143.16 - - [29/Jan/2017:07:52:51 -0800] "GET / HTTP/1.1" 200 10269 "https://t.co/oWHtBZzWYf" "Mozilla/5.0 (Windows NT 10.0; WOW64; rv:51.0) Gecko/20100101 Firefox/51.0" 
188.54.143.16 - - [29/Jan/2017:07:52:51 -0800] "GET /bootstrap/img/favicon.ico HTTP/1.1" 200 589 "-" "Mozilla/5.0 (Windows NT 10.0; WOW64; rv:51.0) Gecko/20100101 Firefox/51.0" 
171.79.69.106 - - [29/Jan/2017:07:52:52 -0800] "GET / HTTP/1.1" 301 442 "-" "Mozilla/5.0 (Windows NT 6.1; WOW64; rv:40.0) Gecko/20100101 Firefox/40.1" 
188.54.143.16 - - [29/Jan/2017:07:52:52 -0800] "GET /twitter-icon.png HTTP/1.1" 200 27787 "http://www.secrepo.com/" "Mozilla/5.0 (Windows NT 10.0; WOW64; rv:51.0) Gecko/20100101 Firefox/51.0" 
188.54.143.16 - - [29/Jan/2017:07:52:52 -0800] "GET /GitHub-Mark.png HTTP/1.1" 200 7428 "http://www.secrepo.com/" "Mozilla/5.0 (Windows NT 10.0; WOW64; rv:51.0) Gecko/20100101 Firefox/51.0" 
171.79.69.106 - - [29/Jan/2017:07:52:52 -0800] "GET / HTTP/1.1" 200 34318 "-" "Mozilla/5.0 (Windows NT 6.1; WOW64; rv:40.0) Gecko/20100101 Firefox/40.1" 
37.127.54.191 - - [29/Jan/2017:07:55:43 -0800] "GET /favicon.ico HTTP/1.1" 200 231 "-" "okhttp/2.5.0" 
66.249.64.128 - - [29/Jan/2017:07:56:33 -0800] "GET / HTTP/1.1" 200 10269 "-" "Mozilla/5.0 (compatible; Googlebot/2.1; +http://www.google.com/bot.html)" 
24.224.224.121 - - [29/Jan/2017:07:57:54 -0800] "GET / HTTP/1.1" 200 10269 "https://t.co/oWHtBZzWYf" "Mozilla/5.0 (Linux; Android 5.1.1; A0001 Build/LMY47V) AppleWebKit/537.36 (KHTML, like Gecko) Chrome/55.0.2883.91 Mobile Safari/537.36" 
24.224.224.121 - - [29/Jan/2017:07:57:54 -0800] "GET /twitter-icon.png HTTP/1.1" 200 27787 "http://www.secrepo.com/" "Mozilla/5.0 (Linux; Android 5.1.1; A0001 Build/LMY47V) AppleWebKit/537.36 (KHTML, like Gecko) Chrome/55.0.2883.91 Mobile Safari/537.36" 
24.224.224.121 - - [29/Jan/2017:07:57:54 -0800] "GET /GitHub-Mark.png HTTP/1.1" 200 7428 "http://www.secrepo.com/" "Mozilla/5.0 (Linux; Android 5.1.1; A0001 Build/LMY47V) AppleWebKit/537.36 (KHTML, like Gecko) Chrome/55.0.2883.91 Mobile Safari/537.36" 
24.224.224.121 - - [29/Jan/2017:07:57:55 -0800] "GET /bootstrap/img/favicon.ico HTTP/1.1" 200 589 "http://www.secrepo.com/" "Mozilla/5.0 (Linux; Android 5.1.1; A0001 Build/LMY47V) AppleWebKit/537.36 (KHTML, like Gecko) Chrome/55.0.2883.91 Mobile Safari/537.36" 
93.28.253.6 - - [29/Jan/2017:07:58:31 -0800] "GET / HTTP/1.1" 200 10269 "-" "Mozilla/5.0 (Linux; Android 6.0.1; Nexus 5 Build/MOB30Z) AppleWebKit/537.36 (KHTML, like Gecko) Chrome/51.0.2704.103 Mobile Safari/537.36" 
93.28.253.6 - - [29/Jan/2017:07:58:32 -0800] "GET /twitter-icon.png HTTP/1.1" 200 27787 "http://www.secrepo.com/" "Mozilla/5.0 (Linux; Android 6.0.1; Nexus 5 Build/MOB30Z) AppleWebKit/537.36 (KHTML, like Gecko) Chrome/51.0.2704.103 Mobile Safari/537.36" 
93.28.253.6 - - [29/Jan/2017:07:58:32 -0800] "GET /GitHub-Mark.png HTTP/1.1" 200 7428 "http://www.secrepo.com/" "Mozilla/5.0 (Linux; Android 6.0.1; Nexus 5 Build/MOB30Z) AppleWebKit/537.36 (KHTML, like Gecko) Chrome/51.0.2704.103 Mobile Safari/537.36" 
93.28.253.6 - - [29/Jan/2017:07:58:33 -0800] "GET /bootstrap/img/favicon.ico HTTP/1.1" 200 589 "http://www.secrepo.com/" "Mozilla/5.0 (Linux; Android 6.0.1; Nexus 5 Build/MOB30Z) AppleWebKit/537.36 (KHTML, like Gecko) Chrome/51.0.2704.103 Mobile Safari/537.36" 
17.142.159.143 - - [29/Jan/2017:08:00:24 -0800] "GET / HTTP/1.1" 200 10269 "-" "Mozilla/5.0 (Macintosh; Intel Mac OS X 10_10_1) AppleWebKit/600.2.5 (KHTML, like Gecko) Version/8.0.2 Safari/600.2.5 (Applebot/0.1; +http://www.apple.com/go/applebot)" 
17.142.159.143 - - [29/Jan/2017:08:00:24 -0800] "GET / HTTP/1.1" 200 10268 "-" "Mozilla/5.0 (Macintosh; Intel Mac OS X 10_10_1) AppleWebKit/600.2.5 (KHTML, like Gecko) Version/8.0.2 Safari/600.2.5 (Applebot/0.1; +http://www.apple.com/go/applebot)" 
78.95.116.11 - - [29/Jan/2017:08:02:10 -0800] "GET / HTTP/1.1" 200 10269 "-" "Mozilla/5.0 (Linux; Android 6.0.1; SAMSUNG SM-N910C Build/MMB29K) AppleWebKit/537.36 (KHTML, like Gecko) SamsungBrowser/4.0 Chrome/44.0.2403.133 Mobile Safari/537.36" 
78.95.116.11 - - [29/Jan/2017:08:02:15 -0800] "GET /twitter-icon.png HTTP/1.1" 200 27788 "http://www.secrepo.com/" "Mozilla/5.0 (Linux; Android 6.0.1; SAMSUNG SM-N910C Build/MMB29K) AppleWebKit/537.36 (KHTML, like Gecko) SamsungBrowser/4.0 Chrome/44.0.2403.133 Mobile Safari/537.36" 
78.95.116.11 - - [29/Jan/2017:08:02:15 -0800] "GET /GitHub-Mark.png HTTP/1.1" 200 7428 "http://www.secrepo.com/" "Mozilla/5.0 (Linux; Android 6.0.1; SAMSUNG SM-N910C Build/MMB29K) AppleWebKit/537.36 (KHTML, like Gecko) SamsungBrowser/4.0 Chrome/44.0.2403.133 Mobile Safari/537.36" 
78.95.116.11 - - [29/Jan/2017:08:02:20 -0800] "GET /bootstrap/img/favicon.ico HTTP/1.1" 200 590 "http://www.secrepo.com/" "Mozilla/5.0 (Linux; Android 6.0.1; SAMSUNG SM-N910C Build/MMB29K) AppleWebKit/537.36 (KHTML, like Gecko) SamsungBrowser/4.0 Chrome/44.0.2403.133 Mobile Safari/537.36" 
188.50.129.149 - - [29/Jan/2017:08:03:03 -0800] "GET / HTTP/1.1" 200 10269 "https://t.co/oWHtBZzWYf" "Mozilla/5.0 (X11; Ubuntu; Linux x86_64; rv:51.0) Gecko/20100101 Firefox/51.0" 
188.50.129.149 - - [29/Jan/2017:08:03:04 -0800] "GET /twitter-icon.png HTTP/1.1" 200 27787 "http://www.secrepo.com/" "Mozilla/5.0 (X11; Ubuntu; Linux x86_64; rv:51.0) Gecko/20100101 Firefox/51.0" 
188.50.129.149 - - [29/Jan/2017:08:03:04 -0800] "GET /GitHub-Mark.png HTTP/1.1" 200 7428 "http://www.secrepo.com/" "Mozilla/5.0 (X11; Ubuntu; Linux x86_64; rv:51.0) Gecko/20100101 Firefox/51.0" 
188.50.129.149 - - [29/Jan/2017:08:03:04 -0800] "GET /bootstrap/img/favicon.ico HTTP/1.1" 200 589 "-" "Mozilla/5.0 (X11; Ubuntu; Linux x86_64; rv:51.0) Gecko/20100101 Firefox/51.0" 
163.172.64.229 - - [29/Jan/2017:08:03:34 -0800] "GET /self.logs/access.log.2015-08-26.gz HTTP/1.1" 200 4681 "-" "Mozilla/5.0 (compatible; AhrefsBot/5.2; +http://ahrefs.com/robot/)" 
66.249.93.95 - - [29/Jan/2017:08:05:00 -0800] "GET / HTTP/1.1" 200 10269 "https://t.co/oWHtBZzWYf" "Mozilla/5.0 (Linux; Android 7.1.1; Nexus 6P Build/N4F26I) AppleWebKit/537.36 (KHTML, like Gecko) Chrome/55.0.2883.91 Mobile Safari/537.36" 
66.249.93.95 - - [29/Jan/2017:08:05:01 -0800] "GET /GitHub-Mark.png HTTP/1.1" 200 7427 "http://www.secrepo.com/" "Mozilla/5.0 (Linux; Android 7.1.1; Nexus 6P Build/N4F26I) AppleWebKit/537.36 (KHTML, like Gecko) Chrome/55.0.2883.91 Mobile Safari/537.36" 
66.249.93.93 - - [29/Jan/2017:08:05:01 -0800] "GET /twitter-icon.png HTTP/1.1" 200 27788 "http://www.secrepo.com/" "Mozilla/5.0 (Linux; Android 7.1.1; Nexus 6P Build/N4F26I) AppleWebKit/537.36 (KHTML, like Gecko) Chrome/55.0.2883.91 Mobile Safari/537.36" 
66.249.93.95 - - [29/Jan/2017:08:05:02 -0800] "GET /bootstrap/img/favicon.ico HTTP/1.1" 200 590 "http://www.secrepo.com/" "Mozilla/5.0 (Linux; Android 7.1.1; Nexus 6P Build/N4F26I) AppleWebKit/537.36 (KHTML, like Gecko) Chrome/55.0.2883.91 Mobile Safari/537.36" 
37.127.54.191 - - [29/Jan/2017:08:05:43 -0800] "GET /favicon.ico HTTP/1.1" 200 231 "-" "okhttp/2.5.0" 
2.89.91.135 - - [29/Jan/2017:08:07:45 -0800] "GET / HTTP/1.1" 200 10269 "https://t.co/oWHtBZzWYf" "Mozilla/5.0 (iPhone; CPU iPhone OS 10_2_1 like Mac OS X) AppleWebKit/602.1.32 (KHTML, like Gecko) Mobile/14D27 Twitter for iPhone" 
2.89.91.135 - - [29/Jan/2017:08:07:46 -0800] "GET /twitter-icon.png HTTP/1.1" 200 27787 "http://www.secrepo.com/" "Mozilla/5.0 (iPhone; CPU iPhone OS 10_2_1 like Mac OS X) AppleWebKit/602.1.32 (KHTML, like Gecko) Mobile/14D27 Twitter for iPhone" 
2.89.91.135 - - [29/Jan/2017:08:07:46 -0800] "GET /GitHub-Mark.png HTTP/1.1" 200 7428 "http://www.secrepo.com/" "Mozilla/5.0 (iPhone; CPU iPhone OS 10_2_1 like Mac OS X) AppleWebKit/602.1.32 (KHTML, like Gecko) Mobile/14D27 Twitter for iPhone" 
37.127.54.191 - - [29/Jan/2017:08:15:43 -0800] "GET /favicon.ico HTTP/1.1" 200 231 "-" "okhttp/2.5.0" 
54.237.138.245 - - [29/Jan/2017:08:17:18 -0800] "GET / HTTP/1.1" 200 10213 "-" "Mozilla/5.0 (Macintosh; Intel Mac OS X 10.11; rv:49.0) Gecko/20100101 Firefox/49.0 (FlipboardProxy/1.2; +http://flipboard.com/browserproxy)" 
157.55.39.199 - - [29/Jan/2017:08:17:37 -0800] "GET /honeypot/Honeypot%20-%20Howto.pdf HTTP/1.1" 200 1279418 "-" "Mozilla/5.0 (iPhone; CPU iPhone OS 7_0 like Mac OS X) AppleWebKit/537.51.1 (KHTML, like Gecko) Version/7.0 Mobile/11A465 Safari/9537.53 (compatible; bingbot/2.0; +http://www.bing.com/bingbot.htm)" 
207.46.13.40 - - [29/Jan/2017:08:17:48 -0800] "GET /robots.txt HTTP/1.1" 200 334 "-" "Mozilla/5.0 (compatible; bingbot/2.0; +http://www.bing.com/bingbot.htm)" 
159.0.143.66 - - [29/Jan/2017:08:18:49 -0800] "GET / HTTP/1.1" 200 10269 "https://t.co/oWHtBZzWYf" "Mozilla/5.0 (Macintosh; Intel Mac OS X 10_12_3) AppleWebKit/537.36 (KHTML, like Gecko) Chrome/56.0.2924.76 Safari/537.36" 
159.0.143.66 - - [29/Jan/2017:08:18:50 -0800] "GET /twitter-icon.png HTTP/1.1" 200 27787 "http://www.secrepo.com/" "Mozilla/5.0 (Macintosh; Intel Mac OS X 10_12_3) AppleWebKit/537.36 (KHTML, like Gecko) Chrome/56.0.2924.76 Safari/537.36" 
159.0.143.66 - - [29/Jan/2017:08:18:50 -0800] "GET /GitHub-Mark.png HTTP/1.1" 200 7428 "http://www.secrepo.com/" "Mozilla/5.0 (Macintosh; Intel Mac OS X 10_12_3) AppleWebKit/537.36 (KHTML, like Gecko) Chrome/56.0.2924.76 Safari/537.36" 
159.0.143.66 - - [29/Jan/2017:08:18:50 -0800] "GET /bootstrap/img/favicon.ico HTTP/1.1" 200 589 "http://www.secrepo.com/" "Mozilla/5.0 (Macintosh; Intel Mac OS X 10_12_3) AppleWebKit/537.36 (KHTML, like Gecko) Chrome/56.0.2924.76 Safari/537.36" 
163.172.65.210 - - [29/Jan/2017:08:19:39 -0800] "GET /self.logs/error.log.2016-11-19.gz HTTP/1.1" 200 571 "-" "Mozilla/5.0 (compatible; AhrefsBot/5.2; +http://ahrefs.com/robot/)" 
157.55.39.199 - - [29/Jan/2017:08:23:31 -0800] "GET /self.logs/access.log.2016-04-27.gz HTTP/1.1" 200 9949 "-" "Mozilla/5.0 (compatible; bingbot/2.0; +http://www.bing.com/bingbot.htm)" 
199.59.150.182 - - [29/Jan/2017:08:24:22 -0800] "GET /robots.txt HTTP/1.1" 200 233 "-" "Twitterbot/1.0" 
199.59.150.182 - - [29/Jan/2017:08:24:22 -0800] "GET / HTTP/1.1" 200 10213 "-" "Twitterbot/1.0" 
144.76.14.46 - - [29/Jan/2017:08:24:29 -0800] "GET /robots.txt HTTP/1.1" 200 297 "-" "Mozilla/5.0 (X11; U; Linux x86_64; en-US; rv:1.9.2.6) Gecko/20100628 Ubuntu/10.04 (lucid) Firefox/3.6.6 (.NET CLR 3.5.30729)" 
144.76.14.46 - - [29/Jan/2017:08:24:29 -0800] "GET / HTTP/1.1" 200 10232 "-" "Mozilla/5.0 (X11; U; Linux x86_64; en-US; rv:1.9.2.6) Gecko/20100628 Ubuntu/10.04 (lucid) Firefox/3.6.6 (.NET CLR 3.5.30729)" 
37.107.192.103 - - [29/Jan/2017:08:26:42 -0800] "GET / HTTP/1.1" 200 10269 "https://t.co/oWHtBZzWYf" "Mozilla/5.0 (Linux; Android 5.1.1; SM-J120F Build/LMY47X) AppleWebKit/537.36 (KHTML, like Gecko) Chrome/53.0.2785.124 Mobile Safari/537.36" 
37.107.192.103 - - [29/Jan/2017:08:26:42 -0800] "GET /twitter-icon.png HTTP/1.1" 200 27787 "http://www.secrepo.com/" "Mozilla/5.0 (Linux; Android 5.1.1; SM-J120F Build/LMY47X) AppleWebKit/537.36 (KHTML, like Gecko) Chrome/53.0.2785.124 Mobile Safari/537.36" 
37.107.192.103 - - [29/Jan/2017:08:26:42 -0800] "GET /GitHub-Mark.png HTTP/1.1" 200 7428 "http://www.secrepo.com/" "Mozilla/5.0 (Linux; Android 5.1.1; SM-J120F Build/LMY47X) AppleWebKit/537.36 (KHTML, like Gecko) Chrome/53.0.2785.124 Mobile Safari/537.36" 
37.107.192.103 - - [29/Jan/2017:08:27:00 -0800] "GET / HTTP/1.1" 200 10269 "-" "Mozilla/5.0 (Linux; Android 5.1.1; SAMSUNG SM-J120F Build/LMY47X) AppleWebKit/537.36 (KHTML, like Gecko) SamsungBrowser/3.5 Chrome/38.0.2125.102 Mobile Safari/537.36" 
37.107.192.103 - - [29/Jan/2017:08:27:01 -0800] "GET /GitHub-Mark.png HTTP/1.1" 200 7428 "http://www.secrepo.com/" "Mozilla/5.0 (Linux; Android 5.1.1; SAMSUNG SM-J120F Build/LMY47X) AppleWebKit/537.36 (KHTML, like Gecko) SamsungBrowser/3.5 Chrome/38.0.2125.102 Mobile Safari/537.36" 
37.107.192.103 - - [29/Jan/2017:08:27:01 -0800] "GET /twitter-icon.png HTTP/1.1" 200 27788 "http://www.secrepo.com/" "Mozilla/5.0 (Linux; Android 5.1.1; SAMSUNG SM-J120F Build/LMY47X) AppleWebKit/537.36 (KHTML, like Gecko) SamsungBrowser/3.5 Chrome/38.0.2125.102 Mobile Safari/537.36" 
37.107.192.103 - - [29/Jan/2017:08:27:04 -0800] "GET /bootstrap/img/favicon.ico HTTP/1.1" 200 590 "-" "Mozilla/5.0 (Linux; Android 5.1.1; SAMSUNG SM-J120F Build/LMY47X) AppleWebKit/537.36 (KHTML, like Gecko) SamsungBrowser/3.5 Chrome/38.0.2125.102 Mobile Safari/537.36" 
69.156.44.128 - - [29/Jan/2017:08:27:50 -0800] "GET / HTTP/1.1" 200 10269 "https://www.google.ca/" "Mozilla/5.0 (Windows NT 10.0; Win64; x64) AppleWebKit/537.36 (KHTML, like Gecko) Chrome/51.0.2704.79 Safari/537.36 Edge/14.14393" 
69.156.44.128 - - [29/Jan/2017:08:27:50 -0800] "GET /GitHub-Mark.png HTTP/1.1" 200 7427 "http://www.secrepo.com/" "Mozilla/5.0 (Windows NT 10.0; Win64; x64) AppleWebKit/537.36 (KHTML, like Gecko) Chrome/51.0.2704.79 Safari/537.36 Edge/14.14393" 
69.156.44.128 - - [29/Jan/2017:08:27:50 -0800] "GET /twitter-icon.png HTTP/1.1" 200 27788 "http://www.secrepo.com/" "Mozilla/5.0 (Windows NT 10.0; Win64; x64) AppleWebKit/537.36 (KHTML, like Gecko) Chrome/51.0.2704.79 Safari/537.36 Edge/14.14393" 
69.156.44.128 - - [29/Jan/2017:08:27:50 -0800] "GET /bootstrap/img/favicon.ico HTTP/1.1" 200 590 "-" "Mozilla/5.0 (Windows NT 10.0; Win64; x64) AppleWebKit/537.36 (KHTML, like Gecko) Chrome/51.0.2704.79 Safari/537.36 Edge/14.14393" 
69.156.44.128 - - [29/Jan/2017:08:28:50 -0800] "GET /self.logs/ HTTP/1.1" 200 15290 "http://www.secrepo.com/" "Mozilla/5.0 (Windows NT 10.0; Win64; x64) AppleWebKit/537.36 (KHTML, like Gecko) Chrome/51.0.2704.79 Safari/537.36 Edge/14.14393" 
69.156.44.128 - - [29/Jan/2017:08:28:50 -0800] "GET /favicon.ico HTTP/1.1" 200 268 "-" "Mozilla/5.0 (Windows NT 10.0; Win64; x64) AppleWebKit/537.36 (KHTML, like Gecko) Chrome/51.0.2704.79 Safari/537.36 Edge/14.14393" 
69.156.44.128 - - [29/Jan/2017:08:28:53 -0800] "GET /self.logs/access.log.2015-01-17.gz HTTP/1.1" 200 3597 "http://www.secrepo.com/self.logs/" "Mozilla/5.0 (Windows NT 10.0; Win64; x64) AppleWebKit/537.36 (KHTML, like Gecko) Chrome/51.0.2704.79 Safari/537.36 Edge/14.14393" 
207.46.13.40 - - [29/Jan/2017:08:29:09 -0800] "GET /self.logs/access.log.2016-10-07.gz HTTP/1.1" 200 19638 "-" "Mozilla/5.0 (compatible; bingbot/2.0; +http://www.bing.com/bingbot.htm)" 
69.156.44.128 - - [29/Jan/2017:08:31:23 -0800] "GET /self.logs/access.log.2016-10-25.gz HTTP/1.1" 200 12900 "http://www.secrepo.com/self.logs/" "Mozilla/5.0 (Windows NT 10.0; Win64; x64) AppleWebKit/537.36 (KHTML, like Gecko) Chrome/51.0.2704.79 Safari/537.36 Edge/14.14393" 
66.220.152.174 - - [29/Jan/2017:08:32:10 -0800] "GET /twitter-icon.png HTTP/1.1" 200 27788 "-" "facebookexternalhit/1.1 (+http://www.facebook.com/externalhit_uatext.php)" 
188.50.64.45 - - [29/Jan/2017:08:32:43 -0800] "GET / HTTP/1.1" 200 10269 "-" "Mozilla/5.0 (iPhone; CPU iPhone OS 10_1_1 like Mac OS X) AppleWebKit/602.2.14 (KHTML, like Gecko) Version/10.0 Mobile/14B100 Safari/602.1" 
188.50.64.45 - - [29/Jan/2017:08:32:43 -0800] "GET /twitter-icon.png HTTP/1.1" 200 27787 "http://www.secrepo.com/" "Mozilla/5.0 (iPhone; CPU iPhone OS 10_1_1 like Mac OS X) AppleWebKit/602.2.14 (KHTML, like Gecko) Version/10.0 Mobile/14B100 Safari/602.1" 
188.50.64.45 - - [29/Jan/2017:08:32:43 -0800] "GET /GitHub-Mark.png HTTP/1.1" 200 7428 "http://www.secrepo.com/" "Mozilla/5.0 (iPhone; CPU iPhone OS 10_1_1 like Mac OS X) AppleWebKit/602.2.14 (KHTML, like Gecko) Version/10.0 Mobile/14B100 Safari/602.1" 
93.184.35.31 - - [29/Jan/2017:08:32:45 -0800] "GET / HTTP/1.1" 200 34374 "-" "Pearltrees" 
93.184.35.31 - - [29/Jan/2017:08:32:46 -0800] "GET / HTTP/1.1" 200 34374 "-" "Pearltrees" 
188.50.64.45 - - [29/Jan/2017:08:32:50 -0800] "GET /GitHub-Mark.png HTTP/1.1" 200 7428 "http://www.secrepo.com/" "Mozilla/5.0 (iPhone; CPU iPhone OS 10_1_1 like Mac OS X) AppleWebKit/602.2.14 (KHTML, like Gecko) Version/10.0 Mobile/14B100 Safari/602.1" 
188.50.64.45 - - [29/Jan/2017:08:32:50 -0800] "GET /twitter-icon.png HTTP/1.1" 200 27788 "http://www.secrepo.com/" "Mozilla/5.0 (iPhone; CPU iPhone OS 10_1_1 like Mac OS X) AppleWebKit/602.2.14 (KHTML, like Gecko) Version/10.0 Mobile/14B100 Safari/602.1" 
69.156.44.128 - - [29/Jan/2017:08:33:21 -0800] "GET /honeypot/honeypot.json.zip HTTP/1.1" 200 4631873 "http://www.secrepo.com/" "Mozilla/5.0 (Windows NT 10.0; Win64; x64) AppleWebKit/537.36 (KHTML, like Gecko) Chrome/51.0.2704.79 Safari/537.36 Edge/14.14393" 
148.62.14.178 - - [29/Jan/2017:08:34:33 -0800] "GET /robots.txt HTTP/1.1" 301 446 "-" "Tornado-Async-Client" 
148.62.14.178 - - [29/Jan/2017:08:34:33 -0800] "GET /robots.txt HTTP/1.1" 200 304 "-" "Tornado-Async-Client" 
148.62.14.178 - - [29/Jan/2017:08:34:34 -0800] "GET /honeypot/BSidesDFW%20-%202014.ipynb HTTP/1.1" 301 484 "-" "Tornado-Async-Client" 
148.62.14.178 - - [29/Jan/2017:08:34:34 -0800] "GET /honeypot/BSidesDFW%20-%202014.ipynb HTTP/1.1" 200 930780 "-" "Tornado-Async-Client" 
69.156.44.128 - - [29/Jan/2017:08:37:07 -0800] "GET /pe_static/ap1.zip HTTP/1.1" 404 340 "http://www.secrepo.com/" "Mozilla/5.0 (Windows NT 10.0; Win64; x64) AppleWebKit/537.36 (KHTML, like Gecko) Chrome/51.0.2704.79 Safari/537.36 Edge/14.14393" 
69.156.44.128 - - [29/Jan/2017:08:37:10 -0800] "GET /pe_static/ap1.zip HTTP/1.1" 404 340 "-" "Mozilla/5.0 (Windows NT 10.0; Win64; x64) AppleWebKit/537.36 (KHTML, like Gecko) Chrome/51.0.2704.79 Safari/537.36 Edge/14.14393" 
69.156.44.128 - - [29/Jan/2017:08:37:11 -0800] "GET /pe_static/ap1.zip HTTP/1.1" 404 339 "-" "Mozilla/5.0 (Windows NT 10.0; Win64; x64) AppleWebKit/537.36 (KHTML, like Gecko) Chrome/51.0.2704.79 Safari/537.36 Edge/14.14393" 
69.156.44.128 - - [29/Jan/2017:08:37:13 -0800] "GET /pe_static/ap1.zip HTTP/1.1" 404 340 "http://www.secrepo.com/" "Mozilla/5.0 (Windows NT 10.0; Win64; x64) AppleWebKit/537.36 (KHTML, like Gecko) Chrome/51.0.2704.79 Safari/537.36 Edge/14.14393" 
69.63.188.220 - - [29/Jan/2017:08:37:51 -0800] "GET /GitHub-Mark.png HTTP/1.1" 200 7428 "-" "facebookexternalhit/1.1 (+http://www.facebook.com/externalhit_uatext.php)" 
146.185.201.52 - - [29/Jan/2017:08:38:48 -0800] "GET /honeypot/BSidesDFW%20-%202014.ipynb HTTP/1.1" 418 695 "-" "Mozilla/4.0 (compatible; MSIE 6.0; Windows NT 5.1; SV1)" 
46.148.127.196 - - [29/Jan/2017:08:38:49 -0800] "GET /honeypot/BSidesDFW%20-%202014.ipynb HTTP/1.1" 418 695 "-" "Mozilla/4.0 (compatible; MSIE 6.0; Windows NT 5.1; SV1)" 
146.185.200.26 - - [29/Jan/2017:08:38:50 -0800] "GET /honeypot/BSidesDFW%20-%202014.ipynb HTTP/1.1" 418 695 "-" "Mozilla/4.0 (compatible; MSIE 6.0; Windows NT 5.1; SV1)" 
46.61.25.113 - - [29/Jan/2017:08:40:49 -0800] "GET /wp-login.php HTTP/1.1" 404 295 "-" "Mozilla/5.0 (Windows NT 6.1; WOW64; rv:40.0) Gecko/20100101 Firefox/40.1" 
46.61.25.113 - - [29/Jan/2017:08:40:55 -0800] "GET /wp-login.php HTTP/1.1" 404 295 "-" "Mozilla/5.0 (Windows NT 6.1; WOW64; rv:40.0) Gecko/20100101 Firefox/40.1" 
46.61.25.113 - - [29/Jan/2017:08:41:01 -0800] "GET / HTTP/1.1" 200 34374 "-" "Mozilla/5.0 (Windows NT 6.1; WOW64; rv:40.0) Gecko/20100101 Firefox/40.1" 
91.228.167.109 - - [29/Jan/2017:08:41:46 -0800] "GET / HTTP/1.0" 200 34363 "https://socialmediascanner.eset.com" "Mozilla/5.0 (Windows NT 6.1) AppleWebKit/537.36 (KHTML, like Gecko) Chrome/31.0.1650.16 Safari/537.36" 
176.28.122.158 - - [29/Jan/2017:08:41:51 -0800] "GET / HTTP/1.1" 200 34374 "-" "Java/1.6.0_24" 
148.62.14.207 - - [29/Jan/2017:08:42:06 -0800] "GET /robots.txt HTTP/1.1" 301 446 "-" "Tornado-Async-Client" 
148.62.14.207 - - [29/Jan/2017:08:42:07 -0800] "GET /robots.txt HTTP/1.1" 200 304 "-" "Tornado-Async-Client" 
148.62.14.207 - - [29/Jan/2017:08:42:07 -0800] "GET /honeypot/BSidesDFW%20-%202014.ipynb HTTP/1.1" 301 484 "-" "Tornado-Async-Client" 
148.62.14.207 - - [29/Jan/2017:08:42:07 -0800] "GET /honeypot/BSidesDFW%20-%202014.ipynb HTTP/1.1" 200 930780 "-" "Tornado-Async-Client" 
114.25.12.192 - - [29/Jan/2017:08:43:11 -0800] "GET / HTTP/1.1" 200 10269 "-" "Mozilla/5.0 (Windows NT 10.0; WOW64) AppleWebKit/537.36 (KHTML, like Gecko) Chrome/55.0.2883.87 Safari/537.36" 
114.25.12.192 - - [29/Jan/2017:08:43:12 -0800] "GET /twitter-icon.png HTTP/1.1" 200 27787 "http://www.secrepo.com/" "Mozilla/5.0 (Windows NT 10.0; WOW64) AppleWebKit/537.36 (KHTML, like Gecko) Chrome/55.0.2883.87 Safari/537.36" 
114.25.12.192 - - [29/Jan/2017:08:43:12 -0800] "GET /GitHub-Mark.png HTTP/1.1" 200 7428 "http://www.secrepo.com/" "Mozilla/5.0 (Windows NT 10.0; WOW64) AppleWebKit/537.36 (KHTML, like Gecko) Chrome/55.0.2883.87 Safari/537.36" 
114.25.12.192 - - [29/Jan/2017:08:43:13 -0800] "GET /bootstrap/img/favicon.ico HTTP/1.1" 200 589 "http://www.secrepo.com/" "Mozilla/5.0 (Windows NT 10.0; WOW64) AppleWebKit/537.36 (KHTML, like Gecko) Chrome/55.0.2883.87 Safari/537.36" 
176.28.122.158 - - [29/Jan/2017:08:44:37 -0800] "GET / HTTP/1.1" 200 34374 "-" "Java/1.6.0_24" 
130.211.62.84 - - [29/Jan/2017:08:47:38 -0800] "GET / HTTP/1.1" 200 10269 "-" "Mozilla/5.0 (compatible; +http://tweetedtimes.com)" 
37.141.216.41 - - [29/Jan/2017:08:48:17 -0800] "GET / HTTP/1.1" 200 10269 "-" "Mozilla/5.0 (iPhone; CPU iPhone OS 10_1_1 like Mac OS X) AppleWebKit/602.2.14 (KHTML, like Gecko) Version/10.0 Mobile/14B150 Safari/602.1" 
91.228.167.109 - - [29/Jan/2017:08:49:12 -0800] "GET / HTTP/1.0" 200 34363 "https://socialmediascanner.eset.com" "Mozilla/5.0 (Windows NT 6.1) AppleWebKit/537.36 (KHTML, like Gecko) Chrome/31.0.1650.16 Safari/537.36" 
91.228.167.130 - - [29/Jan/2017:08:49:12 -0800] "GET / HTTP/1.0" 200 34363 "https://socialmediascanner.eset.com" "Mozilla/5.0 (Windows NT 6.1) AppleWebKit/537.36 (KHTML, like Gecko) Chrome/31.0.1650.16 Safari/537.36" 
2.48.77.11 - - [29/Jan/2017:08:52:19 -0800] "GET / HTTP/1.1" 200 10269 "https://t.co/oWHtBZzWYf" "Mozilla/5.0 (iPhone; CPU iPhone OS 10_2_1 like Mac OS X) AppleWebKit/602.1.32 (KHTML, like Gecko) Mobile/14D27 Twitter for iPhone" 
2.48.77.11 - - [29/Jan/2017:08:52:20 -0800] "GET /twitter-icon.png HTTP/1.1" 200 27787 "http://www.secrepo.com/" "Mozilla/5.0 (iPhone; CPU iPhone OS 10_2_1 like Mac OS X) AppleWebKit/602.1.32 (KHTML, like Gecko) Mobile/14D27 Twitter for iPhone" 
2.48.77.11 - - [29/Jan/2017:08:52:20 -0800] "GET /GitHub-Mark.png HTTP/1.1" 200 7428 "http://www.secrepo.com/" "Mozilla/5.0 (iPhone; CPU iPhone OS 10_2_1 like Mac OS X) AppleWebKit/602.1.32 (KHTML, like Gecko) Mobile/14D27 Twitter for iPhone" 
95.211.216.24 - - [29/Jan/2017:08:54:04 -0800] "GET / HTTP/1.1" 301 446 "http://secrepo.com" "Mozilla/5.0 (Windows NT 10.0; WOW64; rv:50.0) Gecko/20100101 Firefox/50.0" 
95.211.216.24 - - [29/Jan/2017:08:54:04 -0800] "GET / HTTP/1.1" 200 10232 "http://secrepo.com" "Mozilla/5.0 (Windows NT 10.0; WOW64; rv:50.0) Gecko/20100101 Firefox/50.0" 
219.92.118.77 - - [29/Jan/2017:08:54:59 -0800] "GET /wp-login.php HTTP/1.1" 404 295 "-" "Mozilla/5.0 (Windows NT 6.1; WOW64; rv:40.0) Gecko/20100101 Firefox/40.1" 
219.92.118.77 - - [29/Jan/2017:08:55:04 -0800] "GET /wp-login.php HTTP/1.1" 404 295 "-" "Mozilla/5.0 (Windows NT 6.1; WOW64; rv:40.0) Gecko/20100101 Firefox/40.1" 
219.92.118.77 - - [29/Jan/2017:08:55:10 -0800] "GET / HTTP/1.1" 200 34374 "-" "Mozilla/5.0 (Windows NT 6.1; WOW64; rv:40.0) Gecko/20100101 Firefox/40.1" 
5.156.8.44 - - [29/Jan/2017:08:55:48 -0800] "GET / HTTP/1.1" 200 10269 "https://t.co/oWHtBZzWYf" "Mozilla/5.0 (iPhone; CPU iPhone OS 10_1_1 like Mac OS X) AppleWebKit/602.1.32 (KHTML, like Gecko) Mobile/14B100 Twitter for iPhone" 
5.156.8.44 - - [29/Jan/2017:08:55:48 -0800] "GET /twitter-icon.png HTTP/1.1" 200 27787 "http://www.secrepo.com/" "Mozilla/5.0 (iPhone; CPU iPhone OS 10_1_1 like Mac OS X) AppleWebKit/602.1.32 (KHTML, like Gecko) Mobile/14B100 Twitter for iPhone" 
5.156.8.44 - - [29/Jan/2017:08:55:49 -0800] "GET /GitHub-Mark.png HTTP/1.1" 200 7428 "http://www.secrepo.com/" "Mozilla/5.0 (iPhone; CPU iPhone OS 10_1_1 like Mac OS X) AppleWebKit/602.1.32 (KHTML, like Gecko) Mobile/14B100 Twitter for iPhone" 
95.218.220.38 - - [29/Jan/2017:08:56:23 -0800] "GET / HTTP/1.1" 200 10269 "-" "Dalvik/2.1.0 (Linux; U; Android 7.0; ONEPLUS A3003 Build/NRD90M)" 
66.249.93.95 - - [29/Jan/2017:08:56:24 -0800] "GET / HTTP/1.1" 200 10269 "-" "Mozilla/5.0 (Linux; Android 7.0; ONEPLUS A3003 Build/NRD90M) AppleWebKit/537.36 (KHTML, like Gecko) Chrome/55.0.2883.91 Mobile Safari/537.36" 
66.249.93.93 - - [29/Jan/2017:08:56:25 -0800] "GET /twitter-icon.png HTTP/1.1" 200 27788 "http://www.secrepo.com/" "Mozilla/5.0 (Linux; Android 7.0; ONEPLUS A3003 Build/NRD90M) AppleWebKit/537.36 (KHTML, like Gecko) Chrome/55.0.2883.91 Mobile Safari/537.36" 
66.249.93.93 - - [29/Jan/2017:08:56:25 -0800] "GET /GitHub-Mark.png HTTP/1.1" 200 7428 "http://www.secrepo.com/" "Mozilla/5.0 (Linux; Android 7.0; ONEPLUS A3003 Build/NRD90M) AppleWebKit/537.36 (KHTML, like Gecko) Chrome/55.0.2883.91 Mobile Safari/537.36" 
66.249.93.64 - - [29/Jan/2017:08:56:26 -0800] "GET /bootstrap/img/favicon.ico HTTP/1.1" 200 590 "http://www.secrepo.com/" "Mozilla/5.0 (Linux; Android 7.0; ONEPLUS A3003 Build/NRD90M) AppleWebKit/537.36 (KHTML, like Gecko) Chrome/55.0.2883.91 Mobile Safari/537.36" 
94.96.9.64 - - [29/Jan/2017:08:56:55 -0800] "GET / HTTP/1.1" 200 10269 "https://t.co/oWHtBZzWYf" "Mozilla/5.0 (Windows NT 6.1) AppleWebKit/537.36 (KHTML, like Gecko) Chrome/55.0.2883.87 Safari/537.36" 
94.96.9.64 - - [29/Jan/2017:08:56:57 -0800] "GET /GitHub-Mark.png HTTP/1.1" 200 7428 "http://www.secrepo.com/" "Mozilla/5.0 (Windows NT 6.1) AppleWebKit/537.36 (KHTML, like Gecko) Chrome/55.0.2883.87 Safari/537.36" 
94.96.9.64 - - [29/Jan/2017:08:56:57 -0800] "GET /twitter-icon.png HTTP/1.1" 200 27787 "http://www.secrepo.com/" "Mozilla/5.0 (Windows NT 6.1) AppleWebKit/537.36 (KHTML, like Gecko) Chrome/55.0.2883.87 Safari/537.36" 
94.96.9.64 - - [29/Jan/2017:08:57:05 -0800] "GET /bootstrap/img/favicon.ico HTTP/1.1" 200 590 "http://www.secrepo.com/" "Mozilla/5.0 (Windows NT 6.1) AppleWebKit/537.36 (KHTML, like Gecko) Chrome/55.0.2883.87 Safari/537.36" 
66.249.93.93 - - [29/Jan/2017:08:57:31 -0800] "GET / HTTP/1.1" 200 10269 "https://t.co/oWHtBZzWYf" "Mozilla/5.0 (Linux; Android 7.0; ONEPLUS A3003 Build/NRD90M) AppleWebKit/537.36 (KHTML, like Gecko) Chrome/55.0.2883.91 Mobile Safari/537.36" 
66.249.93.64 - - [29/Jan/2017:08:57:32 -0800] "GET /twitter-icon.png HTTP/1.1" 200 27788 "http://www.secrepo.com/" "Mozilla/5.0 (Linux; Android 7.0; ONEPLUS A3003 Build/NRD90M) AppleWebKit/537.36 (KHTML, like Gecko) Chrome/55.0.2883.91 Mobile Safari/537.36" 
66.249.93.93 - - [29/Jan/2017:08:57:32 -0800] "GET /GitHub-Mark.png HTTP/1.1" 200 7427 "http://www.secrepo.com/" "Mozilla/5.0 (Linux; Android 7.0; ONEPLUS A3003 Build/NRD90M) AppleWebKit/537.36 (KHTML, like Gecko) Chrome/55.0.2883.91 Mobile Safari/537.36" 
157.55.39.103 - - [29/Jan/2017:08:57:33 -0800] "GET /self.logs/access.log.2015-07-20.gz HTTP/1.1" 200 5357 "-" "Mozilla/5.0 (compatible; bingbot/2.0; +http://www.bing.com/bingbot.htm)" 
66.249.93.93 - - [29/Jan/2017:08:57:34 -0800] "GET /bootstrap/img/favicon.ico HTTP/1.1" 200 590 "http://www.secrepo.com/" "Mozilla/5.0 (Linux; Android 7.0; ONEPLUS A3003 Build/NRD90M) AppleWebKit/537.36 (KHTML, like Gecko) Chrome/55.0.2883.91 Mobile Safari/537.36" 
37.105.28.63 - - [29/Jan/2017:08:57:54 -0800] "GET / HTTP/1.1" 200 10269 "https://t.co/oWHtBZzWYf" "Mozilla/5.0 (Windows NT 6.3; WOW64; rv:50.0) Gecko/20100101 Firefox/50.0" 
37.105.28.63 - - [29/Jan/2017:08:57:55 -0800] "GET /bootstrap/img/favicon.ico HTTP/1.1" 200 589 "-" "Mozilla/5.0 (Windows NT 6.3; WOW64; rv:50.0) Gecko/20100101 Firefox/50.0" 
37.105.28.63 - - [29/Jan/2017:08:57:56 -0800] "GET /GitHub-Mark.png HTTP/1.1" 200 7428 "http://www.secrepo.com/" "Mozilla/5.0 (Windows NT 6.3; WOW64; rv:50.0) Gecko/20100101 Firefox/50.0" 
37.105.28.63 - - [29/Jan/2017:08:57:56 -0800] "GET /twitter-icon.png HTTP/1.1" 200 27787 "http://www.secrepo.com/" "Mozilla/5.0 (Windows NT 6.3; WOW64; rv:50.0) Gecko/20100101 Firefox/50.0" 
157.55.39.103 - - [29/Jan/2017:09:00:24 -0800] "GET /self.logs/error.log.2015-08-06.gz HTTP/1.1" 200 729 "-" "Mozilla/5.0 (compatible; bingbot/2.0; +http://www.bing.com/bingbot.htm)" 
2.50.204.172 - - [29/Jan/2017:09:01:46 -0800] "GET / HTTP/1.1" 200 10269 "https://t.co/oWHtBZzWYf" "Mozilla/5.0 (Windows NT 10.0; WOW64; rv:51.0) Gecko/20100101 Firefox/51.0" 
2.50.204.172 - - [29/Jan/2017:09:01:46 -0800] "GET /bootstrap/img/favicon.ico HTTP/1.1" 200 589 "-" "Mozilla/5.0 (Windows NT 10.0; WOW64; rv:51.0) Gecko/20100101 Firefox/51.0" 
2.50.204.172 - - [29/Jan/2017:09:01:46 -0800] "GET /twitter-icon.png HTTP/1.1" 200 27787 "http://www.secrepo.com/" "Mozilla/5.0 (Windows NT 10.0; WOW64; rv:51.0) Gecko/20100101 Firefox/51.0" 
2.50.204.172 - - [29/Jan/2017:09:01:47 -0800] "GET /GitHub-Mark.png HTTP/1.1" 200 7428 "http://www.secrepo.com/" "Mozilla/5.0 (Windows NT 10.0; WOW64; rv:51.0) Gecko/20100101 Firefox/51.0" 
66.249.93.64 - - [29/Jan/2017:09:02:41 -0800] "GET / HTTP/1.1" 200 10269 "https://t.co/oWHtBZzWYf" "Mozilla/5.0 (Linux; Android 6.0; Lenovo A7020a48 Build/MRA58K) AppleWebKit/537.36 (KHTML, like Gecko) Chrome/55.0.2883.91 Mobile Safari/537.36" 
66.249.93.93 - - [29/Jan/2017:09:02:43 -0800] "GET /twitter-icon.png HTTP/1.1" 200 27788 "http://www.secrepo.com/" "Mozilla/5.0 (Linux; Android 6.0; Lenovo A7020a48 Build/MRA58K) AppleWebKit/537.36 (KHTML, like Gecko) Chrome/55.0.2883.91 Mobile Safari/537.36" 
66.249.93.93 - - [29/Jan/2017:09:02:43 -0800] "GET /GitHub-Mark.png HTTP/1.1" 200 7428 "http://www.secrepo.com/" "Mozilla/5.0 (Linux; Android 6.0; Lenovo A7020a48 Build/MRA58K) AppleWebKit/537.36 (KHTML, like Gecko) Chrome/55.0.2883.91 Mobile Safari/537.36" 
66.249.93.95 - - [29/Jan/2017:09:02:44 -0800] "GET /bootstrap/img/favicon.ico HTTP/1.1" 200 590 "http://www.secrepo.com/" "Mozilla/5.0 (Linux; Android 6.0; Lenovo A7020a48 Build/MRA58K) AppleWebKit/537.36 (KHTML, like Gecko) Chrome/55.0.2883.91 Mobile Safari/537.36" 
69.164.221.186 - - [29/Jan/2017:09:03:28 -0800] "GET / HTTP/1.1" 200 34374 "-" "Mozilla/5.0 (compatible; EveryoneSocialBot/1.0; support@everyonesocial.com http://everyonesocial.com/)" 
37.39.47.219 - - [29/Jan/2017:09:05:01 -0800] "GET / HTTP/1.1" 200 10269 "https://t.co/oWHtBZzWYf?amp=1" "Mozilla/5.0 (iPhone; CPU iPhone OS 10_1_1 like Mac OS X) AppleWebKit/602.1.32 (KHTML, like Gecko) Mobile/14B100 Twitter for iPhone" 
37.39.47.219 - - [29/Jan/2017:09:05:01 -0800] "GET /twitter-icon.png HTTP/1.1" 200 27787 "http://www.secrepo.com/" "Mozilla/5.0 (iPhone; CPU iPhone OS 10_1_1 like Mac OS X) AppleWebKit/602.1.32 (KHTML, like Gecko) Mobile/14B100 Twitter for iPhone" 
37.39.47.219 - - [29/Jan/2017:09:05:02 -0800] "GET /GitHub-Mark.png HTTP/1.1" 200 7428 "http://www.secrepo.com/" "Mozilla/5.0 (iPhone; CPU iPhone OS 10_1_1 like Mac OS X) AppleWebKit/602.1.32 (KHTML, like Gecko) Mobile/14B100 Twitter for iPhone" 
66.220.148.167 - - [29/Jan/2017:09:05:16 -0800] "GET / HTTP/1.1" 206 10279 "-" "facebookexternalhit/1.1" 
82.167.209.239 - - [29/Jan/2017:09:05:17 -0800] "GET / HTTP/1.1" 200 10269 "https://t.co/oWHtBZzWYf" "Mozilla/5.0 (X11; Ubuntu; Linux x86_64; rv:51.0) Gecko/20100101 Firefox/51.0" 
82.167.209.239 - - [29/Jan/2017:09:05:18 -0800] "GET /bootstrap/img/favicon.ico HTTP/1.1" 200 590 "-" "Mozilla/5.0 (X11; Ubuntu; Linux x86_64; rv:51.0) Gecko/20100101 Firefox/51.0" 
82.167.209.239 - - [29/Jan/2017:09:05:18 -0800] "GET /twitter-icon.png HTTP/1.1" 200 27788 "http://www.secrepo.com/" "Mozilla/5.0 (X11; Ubuntu; Linux x86_64; rv:51.0) Gecko/20100101 Firefox/51.0" 
82.167.209.239 - - [29/Jan/2017:09:05:18 -0800] "GET /GitHub-Mark.png HTTP/1.1" 200 7428 "http://www.secrepo.com/" "Mozilla/5.0 (X11; Ubuntu; Linux x86_64; rv:51.0) Gecko/20100101 Firefox/51.0" 
62.120.0.243 - - [29/Jan/2017:09:07:28 -0800] "GET / HTTP/1.1" 200 10269 "https://t.co/oWHtBZzWYf" "Mozilla/5.0 (iPhone; CPU iPhone OS 10_2 like Mac OS X) AppleWebKit/602.1.32 (KHTML, like Gecko) Mobile/14C92 Twitter for iPhone" 
62.120.0.243 - - [29/Jan/2017:09:07:28 -0800] "GET /twitter-icon.png HTTP/1.1" 200 27787 "http://www.secrepo.com/" "Mozilla/5.0 (iPhone; CPU iPhone OS 10_2 like Mac OS X) AppleWebKit/602.1.32 (KHTML, like Gecko) Mobile/14C92 Twitter for iPhone" 
62.120.0.243 - - [29/Jan/2017:09:07:28 -0800] "GET /GitHub-Mark.png HTTP/1.1" 200 7428 "http://www.secrepo.com/" "Mozilla/5.0 (iPhone; CPU iPhone OS 10_2 like Mac OS X) AppleWebKit/602.1.32 (KHTML, like Gecko) Mobile/14C92 Twitter for iPhone" 
160.120.36.161 - - [29/Jan/2017:09:07:53 -0800] "GET /wp-login.php HTTP/1.1" 404 295 "-" "Mozilla/5.0 (Windows NT 6.1; WOW64; rv:40.0) Gecko/20100101 Firefox/40.1" 
160.120.36.161 - - [29/Jan/2017:09:08:01 -0800] "GET /wp-login.php HTTP/1.1" 404 295 "-" "Mozilla/5.0 (Windows NT 6.1; WOW64; rv:40.0) Gecko/20100101 Firefox/40.1" 
160.120.36.161 - - [29/Jan/2017:09:08:07 -0800] "GET / HTTP/1.1" 200 34374 "-" "Mozilla/5.0 (Windows NT 6.1; WOW64; rv:40.0) Gecko/20100101 Firefox/40.1" 
159.0.175.110 - - [29/Jan/2017:09:09:03 -0800] "GET / HTTP/1.1" 200 10269 "-" "Mozilla/5.0 (Linux; Android 6.0.1; SAMSUNG SM-N910C Build/MMB29K) AppleWebKit/537.36 (KHTML, like Gecko) SamsungBrowser/4.0 Chrome/44.0.2403.133 Mobile Safari/537.36" 
159.0.175.110 - - [29/Jan/2017:09:09:04 -0800] "GET /twitter-icon.png HTTP/1.1" 200 27787 "http://www.secrepo.com/" "Mozilla/5.0 (Linux; Android 6.0.1; SAMSUNG SM-N910C Build/MMB29K) AppleWebKit/537.36 (KHTML, like Gecko) SamsungBrowser/4.0 Chrome/44.0.2403.133 Mobile Safari/537.36" 
159.0.175.110 - - [29/Jan/2017:09:09:04 -0800] "GET /GitHub-Mark.png HTTP/1.1" 200 7428 "http://www.secrepo.com/" "Mozilla/5.0 (Linux; Android 6.0.1; SAMSUNG SM-N910C Build/MMB29K) AppleWebKit/537.36 (KHTML, like Gecko) SamsungBrowser/4.0 Chrome/44.0.2403.133 Mobile Safari/537.36" 
159.0.175.110 - - [29/Jan/2017:09:09:07 -0800] "GET /bootstrap/img/favicon.ico HTTP/1.1" 200 590 "http://www.secrepo.com/" "Mozilla/5.0 (Linux; Android 6.0.1; SAMSUNG SM-N910C Build/MMB29K) AppleWebKit/537.36 (KHTML, like Gecko) SamsungBrowser/4.0 Chrome/44.0.2403.133 Mobile Safari/537.36" 
78.225.218.186 - - [29/Jan/2017:09:11:05 -0800] "GET /wp-login.php HTTP/1.1" 404 295 "-" "Mozilla/5.0 (Windows NT 6.1; WOW64; rv:40.0) Gecko/20100101 Firefox/40.1" 
78.225.218.186 - - [29/Jan/2017:09:11:11 -0800] "GET /wp-login.php HTTP/1.1" 404 295 "-" "Mozilla/5.0 (Windows NT 6.1; WOW64; rv:40.0) Gecko/20100101 Firefox/40.1" 
78.225.218.186 - - [29/Jan/2017:09:11:17 -0800] "GET / HTTP/1.1" 200 34374 "-" "Mozilla/5.0 (Windows NT 6.1; WOW64; rv:40.0) Gecko/20100101 Firefox/40.1" 
46.165.197.142 - - [29/Jan/2017:09:12:26 -0800] "GET /robots.txt HTTP/1.1" 301 518 "-" "Mozilla/5.0 (compatible; MJ12bot/v1.4.7; http://mj12bot.com/)" 
46.165.197.142 - - [29/Jan/2017:09:12:27 -0800] "GET /robots.txt HTTP/1.1" 200 289 "-" "Mozilla/5.0 (compatible; MJ12bot/v1.4.7; http://mj12bot.com/)" 
46.165.197.142 - - [29/Jan/2017:09:12:29 -0800] "GET / HTTP/1.1" 301 442 "-" "Mozilla/5.0 (compatible; MJ12bot/v1.4.7; http://mj12bot.com/)" 
46.165.197.142 - - [29/Jan/2017:09:12:32 -0800] "GET / HTTP/1.1" 200 34318 "-" "Mozilla/5.0 (compatible; MJ12bot/v1.4.7; http://mj12bot.com/)" 
17.142.159.143 - - [29/Jan/2017:09:13:26 -0800] "GET / HTTP/1.1" 200 10269 "-" "Mozilla/5.0 (Macintosh; Intel Mac OS X 10_10_1) AppleWebKit/600.2.5 (KHTML, like Gecko) Version/8.0.2 Safari/600.2.5 (Applebot/0.1; +http://www.apple.com/go/applebot)" 
17.142.159.143 - - [29/Jan/2017:09:13:26 -0800] "GET / HTTP/1.1" 200 10268 "-" "Mozilla/5.0 (Macintosh; Intel Mac OS X 10_10_1) AppleWebKit/600.2.5 (KHTML, like Gecko) Version/8.0.2 Safari/600.2.5 (Applebot/0.1; +http://www.apple.com/go/applebot)" 
176.205.166.205 - - [29/Jan/2017:09:13:57 -0800] "GET / HTTP/1.1" 200 10269 "https://t.co/oWHtBZzWYf" "Mozilla/5.0 (iPhone; CPU iPhone OS 10_2_1 like Mac OS X) AppleWebKit/602.1.32 (KHTML, like Gecko) Mobile/14D27 Twitter for iPhone" 
176.205.166.205 - - [29/Jan/2017:09:13:58 -0800] "GET /twitter-icon.png HTTP/1.1" 200 27787 "http://www.secrepo.com/" "Mozilla/5.0 (iPhone; CPU iPhone OS 10_2_1 like Mac OS X) AppleWebKit/602.1.32 (KHTML, like Gecko) Mobile/14D27 Twitter for iPhone" 
176.205.166.205 - - [29/Jan/2017:09:13:58 -0800] "GET /GitHub-Mark.png HTTP/1.1" 200 7428 "http://www.secrepo.com/" "Mozilla/5.0 (iPhone; CPU iPhone OS 10_2_1 like Mac OS X) AppleWebKit/602.1.32 (KHTML, like Gecko) Mobile/14D27 Twitter for iPhone" 
