199.59.148.211 - - [20/Mar/2015:02:12:21 -0700] "GET /robots.txt HTTP/1.1" 200 304 "-" "Twitterbot/1.0" 
199.59.148.211 - - [20/Mar/2015:02:12:21 -0700] "GET /honeypot/Honeypot%20-%20Howto%20-%20BSides%20Austin.pdf HTTP/1.1" 200 2928404 "-" "Twitterbot/1.0" 
87.16.114.17 - - [20/Mar/2015:02:26:32 -0700] "GET / HTTP/1.1" 301 483 "http://buttons-for-website.com" "Mozilla/5.0 (Windows NT 6.1; WOW64) AppleWebKit/537.36 (KHTML, like Gecko) Chrome/36.0.1985.143 Safari/537.36" 
87.16.114.17 - - [20/Mar/2015:02:26:34 -0700] "GET / HTTP/1.1" 200 6807 "http://buttons-for-website.com" "Mozilla/5.0 (Windows NT 6.1; WOW64) AppleWebKit/537.36 (KHTML, like Gecko) Chrome/36.0.1985.143 Safari/537.36" 
87.16.114.17 - - [20/Mar/2015:02:26:34 -0700] "GET /twitter-icon.png HTTP/1.1" 200 27787 "http://www.secrepo.com/" "Mozilla/5.0 (Windows NT 6.1; WOW64) AppleWebKit/537.36 (KHTML, like Gecko) Chrome/36.0.1985.143 Safari/537.36" 
220.181.108.123 - - [20/Mar/2015:02:44:00 -0700] "GET / HTTP/1.1" 301 446 "-" "Mozilla/5.0 (compatible; Baiduspider/2.0; +http://www.baidu.com/search/spider.html)" 
220.181.108.105 - - [20/Mar/2015:02:44:01 -0700] "GET / HTTP/1.1" 200 6770 "-" "Mozilla/5.0 (compatible; Baiduspider/2.0; +http://www.baidu.com/search/spider.html)" 
123.125.71.95 - - [20/Mar/2015:02:44:01 -0700] "GET /robots.txt HTTP/1.1" 200 297 "-" "Mozilla/5.0 (Windows NT 5.1; rv:6.0.2) Gecko/20100101 Firefox/6.0.2" 
112.111.184.214 - - [20/Mar/2015:03:00:14 -0700] "GET /honeypot/BSidesDFW HTTP/1.1" 404 340 "-" "Mozilla/4.0 (compatible; MSIE 6.0; Windows NT 5.1; SV1;)" 
192.99.107.82 - - [20/Mar/2015:03:32:04 -0700] "GET /robots.txt HTTP/1.1" 200 304 "-" "Mozilla/5.0 (compatible; meanpathbot/1.0; +http://www.meanpath.com/meanpathbot.html)" 
192.99.107.82 - - [20/Mar/2015:03:32:04 -0700] "GET / HTTP/1.1" 200 6751 "-" "Mozilla/5.0 (compatible; meanpathbot/1.0; +http://www.meanpath.com/meanpathbot.html)" 
199.16.156.125 - - [20/Mar/2015:04:36:43 -0700] "GET /robots.txt HTTP/1.1" 200 304 "-" "Twitterbot/1.0" 
199.16.156.126 - - [20/Mar/2015:04:36:43 -0700] "GET /robots.txt HTTP/1.1" 200 304 "-" "Twitterbot/1.0" 
199.16.156.125 - - [20/Mar/2015:04:36:43 -0700] "GET /honeypot/Honeypot%20-%20Howto%20-%20BSides%20Austin.pdf HTTP/1.1" 200 2928404 "-" "Twitterbot/1.0" 
199.16.156.126 - - [20/Mar/2015:04:36:43 -0700] "GET /honeypot/honeypot.json.zip HTTP/1.1" 200 4631817 "-" "Twitterbot/1.0" 
95.91.179.202 - - [20/Mar/2015:04:41:05 -0700] "GET /robots.txt HTTP/1.0" 200 252 "-" "Mozilla/5.0 (compatible; MJ12bot/v1.4.5; http://www.majestic12.co.uk/bot.php?+)" 
95.91.179.202 - - [20/Mar/2015:04:41:06 -0700] "GET /honeypot//%22http://amunhoney.sourceforge.net//%22 HTTP/1.0" 404 284 "-" "Mozilla/5.0 (compatible; MJ12bot/v1.4.5; http://www.majestic12.co.uk/bot.php?+)" 
95.91.179.202 - - [20/Mar/2015:04:41:17 -0700] "GET /honeypot//%22http://glastopf.org//%22 HTTP/1.1" 404 295 "-" "Mozilla/5.0 (compatible; MJ12bot/v1.4.5; http://www.majestic12.co.uk/bot.php?+)" 
95.91.179.202 - - [20/Mar/2015:04:41:19 -0700] "GET /honeypot//%22http://www.maxmind.com/%22 HTTP/1.1" 404 239 "-" "Mozilla/5.0 (compatible; MJ12bot/v1.4.5; http://www.majestic12.co.uk/bot.php?+)" 
95.91.179.202 - - [20/Mar/2015:04:41:21 -0700] "GET /honeypot//%22https://twitter.com/sooshie/%22 HTTP/1.1" 404 239 "-" "Mozilla/5.0 (compatible; MJ12bot/v1.4.5; http://www.majestic12.co.uk/bot.php?+)" 
95.91.179.202 - - [20/Mar/2015:04:41:44 -0700] "GET /honeypot//%22https://twitter.com/theroxyd/%22 HTTP/1.1" 404 239 "-" "Mozilla/5.0 (compatible; MJ12bot/v1.4.5; http://www.majestic12.co.uk/bot.php?+)" 
60.18.55.180 - - [20/Mar/2015:05:29:20 -0700] "GET /honeypot/BSidesDFW%20-%202014.ipynb HTTP/1.1" 200 930836 "http://www.secrepo.com/" "Mozilla/5.0 (Windows NT 6.3; WOW64; Trident/7.0; rv:11.0) like Gecko" 
199.16.156.125 - - [20/Mar/2015:05:38:56 -0700] "GET /robots.txt HTTP/1.1" 200 304 "-" "Twitterbot/1.0" 
199.16.156.125 - - [20/Mar/2015:05:38:56 -0700] "GET /robots.txt HTTP/1.1" 200 304 "-" "Twitterbot/1.0" 
199.16.156.125 - - [20/Mar/2015:05:38:56 -0700] "GET /honeypot/Honeypot%20-%20Howto%20-%20BSides%20Austin.pdf HTTP/1.1" 200 2928404 "-" "Twitterbot/1.0" 
199.16.156.125 - - [20/Mar/2015:05:38:56 -0700] "GET /honeypot/honeypot.json.zip HTTP/1.1" 200 4631817 "-" "Twitterbot/1.0" 
104.130.161.115 - - [20/Mar/2015:06:20:23 -0700] "GET /honeypot/BSidesDFW%20-%202014.ipynb HTTP/1.1" 301 484 "-" "Tornado-Async-Client" 
104.130.161.115 - - [20/Mar/2015:06:20:23 -0700] "GET /honeypot/BSidesDFW%20-%202014.ipynb HTTP/1.1" 200 930780 "-" "Tornado-Async-Client" 
66.249.83.246 - - [20/Mar/2015:06:20:48 -0700] "GET / HTTP/1.1" 200 6807 "-" "Mozilla/5.0 (Windows NT 6.1; rv:6.0) Gecko/20110814 Firefox/6.0 Google favicon" 
199.16.156.126 - - [20/Mar/2015:06:37:04 -0700] "GET /robots.txt HTTP/1.1" 200 304 "-" "Twitterbot/1.0" 
199.16.156.126 - - [20/Mar/2015:06:37:04 -0700] "GET /honeypot/Honeypot%20-%20Howto%20-%20BSides%20Austin.pdf HTTP/1.1" 200 2928404 "-" "Twitterbot/1.0" 
199.59.148.211 - - [20/Mar/2015:06:51:01 -0700] "GET /robots.txt HTTP/1.1" 200 304 "-" "Twitterbot/1.0" 
199.59.148.211 - - [20/Mar/2015:06:51:01 -0700] "GET /honeypot/honeypot.json.zip HTTP/1.1" 200 4631817 "-" "Twitterbot/1.0" 
199.59.148.210 - - [20/Mar/2015:07:11:23 -0700] "GET /robots.txt HTTP/1.1" 200 304 "-" "Twitterbot/1.0" 
199.59.148.210 - - [20/Mar/2015:07:11:23 -0700] "GET /honeypot/Honeypot%20-%20Howto%20-%20BSides%20Austin.pdf HTTP/1.1" 200 2928404 "-" "Twitterbot/1.0" 
189.81.198.62 - - [20/Mar/2015:07:13:07 -0700] "GET / HTTP/1.1" 301 483 "http://semalt.semalt.com/crawler.php?u=http://secrepo.com" "Mozilla/5.0 (Windows NT 6.1; WOW64) AppleWebKit/537.36 (KHTML, like Gecko) Chrome/32.0.1700.107 Safari/537.36" 
189.81.198.62 - - [20/Mar/2015:07:13:08 -0700] "GET / HTTP/1.1" 200 6807 "http://semalt.semalt.com/crawler.php?u=http://secrepo.com" "Mozilla/5.0 (Windows NT 6.1; WOW64) AppleWebKit/537.36 (KHTML, like Gecko) Chrome/32.0.1700.107 Safari/537.36" 
189.81.198.62 - - [20/Mar/2015:07:13:09 -0700] "GET /twitter-icon.png HTTP/1.1" 200 27787 "http://www.secrepo.com/" "Mozilla/5.0 (Windows NT 6.1; WOW64) AppleWebKit/537.36 (KHTML, like Gecko) Chrome/32.0.1700.107 Safari/537.36" 
114.249.210.130 - - [20/Mar/2015:07:27:46 -0700] "GET / HTTP/1.1" 200 6807 "https://www.google.com/" "Mozilla/5.0 (Macintosh; Intel Mac OS X 10_10_0) AppleWebKit/537.36 (KHTML, like Gecko) Chrome/41.0.2272.89 Safari/537.36" 
114.249.210.130 - - [20/Mar/2015:07:27:52 -0700] "GET /twitter-icon.png HTTP/1.1" 200 27788 "http://www.secrepo.com/" "Mozilla/5.0 (Macintosh; Intel Mac OS X 10_10_0) AppleWebKit/537.36 (KHTML, like Gecko) Chrome/41.0.2272.89 Safari/537.36" 
114.249.210.130 - - [20/Mar/2015:07:27:57 -0700] "GET /bootstrap/img/favicon.ico HTTP/1.1" 200 590 "-" "Mozilla/5.0 (Macintosh; Intel Mac OS X 10_10_0) AppleWebKit/537.36 (KHTML, like Gecko) Chrome/41.0.2272.89 Safari/537.36" 
199.59.148.209 - - [20/Mar/2015:07:48:04 -0700] "GET /robots.txt HTTP/1.1" 200 304 "-" "Twitterbot/1.0" 
199.59.148.209 - - [20/Mar/2015:07:48:04 -0700] "GET /honeypot/Honeypot%20-%20Howto%20-%20BSides%20Austin.pdf HTTP/1.1" 200 2928404 "-" "Twitterbot/1.0" 
199.59.148.209 - - [20/Mar/2015:07:53:46 -0700] "GET /robots.txt HTTP/1.1" 200 304 "-" "Twitterbot/1.0" 
199.59.148.209 - - [20/Mar/2015:07:53:46 -0700] "GET /honeypot/honeypot.json.zip HTTP/1.1" 200 4631817 "-" "Twitterbot/1.0" 
199.59.148.211 - - [20/Mar/2015:08:27:50 -0700] "GET /robots.txt HTTP/1.1" 200 304 "-" "Twitterbot/1.0" 
199.59.148.211 - - [20/Mar/2015:08:27:50 -0700] "GET /honeypot/Honeypot%20-%20Howto%20-%20BSides%20Austin.pdf HTTP/1.1" 200 2928404 "-" "Twitterbot/1.0" 
69.58.178.58 - - [20/Mar/2015:08:51:39 -0700] "GET /robots.txt HTTP/1.1" 200 233 "-" "Mozilla/5.0 (X11; Ubuntu; Linux i686; rv:14.0; ips-agent) Gecko/20100101 Firefox/14.0.1" 
69.58.178.58 - - [20/Mar/2015:08:51:40 -0700] "GET / HTTP/1.1" 200 22089 "-" "Mozilla/5.0 (X11; Ubuntu; Linux i686; rv:14.0; ips-agent) Gecko/20100101 Firefox/14.0.1" 
69.58.178.58 - - [20/Mar/2015:08:51:57 -0700] "GET / HTTP/1.1" 200 22089 "-" "Mozilla/5.0 (X11; Ubuntu; Linux i686; rv:14.0; ips-agent) Gecko/20100101 Firefox/14.0.1" 
69.58.178.58 - - [20/Mar/2015:08:51:58 -0700] "GET /data HTTP/1.1" 404 239 "-" "Mozilla/5.0 (X11; Ubuntu; Linux i686; rv:14.0; ips-agent) Gecko/20100101 Firefox/14.0.1" 
69.58.178.58 - - [20/Mar/2015:08:52:07 -0700] "GET /robots.txt HTTP/1.1" 301 462 "-" "Mozilla/5.0 (X11; Ubuntu; Linux i686; rv:14.0; ips-agent) Gecko/20100101 Firefox/14.0.1" 
69.58.178.58 - - [20/Mar/2015:08:52:08 -0700] "GET / HTTP/1.1" 301 442 "-" "Mozilla/5.0 (X11; Ubuntu; Linux i686; rv:14.0; ips-agent) Gecko/20100101 Firefox/14.0.1" 
69.58.178.58 - - [20/Mar/2015:08:52:09 -0700] "GET /self.logs/ HTTP/1.1" 200 11909 "-" "Mozilla/5.0 (X11; Ubuntu; Linux i686; rv:14.0; ips-agent) Gecko/20100101 Firefox/14.0.1" 
69.58.178.58 - - [20/Mar/2015:08:52:10 -0700] "GET /honeypot/BSidesDFW%20-%202014.ipynb HTTP/1.1" 200 473040 "-" "Mozilla/5.0 (X11; Ubuntu; Linux i686; rv:14.0; ips-agent) Gecko/20100101 Firefox/14.0.1" 
69.58.178.58 - - [20/Mar/2015:08:52:11 -0700] "GET /self.logs/?C=N;O=D HTTP/1.1" 200 11909 "-" "BlackBerry9000/4.6.0.167 Profile/MIDP-2.0 Configuration/CLDC-1.1 VendorID/102 ips-agent" 
69.58.178.58 - - [20/Mar/2015:08:52:12 -0700] "GET /self.logs/?C=M;O=A HTTP/1.1" 200 11909 "-" "Mozilla/5.0 (X11; Ubuntu; Linux i686; rv:14.0; ips-agent) Gecko/20100101 Firefox/14.0.1" 
69.58.178.58 - - [20/Mar/2015:08:52:13 -0700] "GET /self.logs/?C=S;O=A HTTP/1.1" 200 11909 "-" "Mozilla/5.0 (X11; Ubuntu; Linux i686; rv:14.0; ips-agent) Gecko/20100101 Firefox/14.0.1" 
69.58.178.58 - - [20/Mar/2015:08:52:14 -0700] "GET /self.logs/?C=D;O=A HTTP/1.1" 200 11909 "-" "Mozilla/5.0 (X11; Ubuntu; Linux i686; rv:14.0; ips-agent) Gecko/20100101 Firefox/14.0.1" 
69.58.178.58 - - [20/Mar/2015:08:52:15 -0700] "GET /self.logs/?C=N;O=A HTTP/1.1" 200 11909 "-" "Mozilla/5.0 (X11; Ubuntu; Linux i686; rv:14.0; ips-agent) Gecko/20100101 Firefox/14.0.1" 
69.58.178.58 - - [20/Mar/2015:08:52:16 -0700] "GET /self.logs/?C=M;O=D HTTP/1.1" 200 11909 "-" "Mozilla/5.0 (X11; Ubuntu; Linux i686; rv:14.0; ips-agent) Gecko/20100101 Firefox/14.0.1" 
69.58.178.58 - - [20/Mar/2015:08:52:17 -0700] "GET /self.logs/?C=S;O=D HTTP/1.1" 200 11909 "-" "Mozilla/5.0 (X11; Ubuntu; Linux i686; rv:14.0; ips-agent) Gecko/20100101 Firefox/14.0.1" 
199.59.148.210 - - [20/Mar/2015:09:05:56 -0700] "GET /robots.txt HTTP/1.1" 200 304 "-" "Twitterbot/1.0" 
199.59.148.210 - - [20/Mar/2015:09:05:56 -0700] "GET /honeypot/Honeypot%20-%20Howto%20-%20BSides%20Austin.pdf HTTP/1.1" 200 2928404 "-" "Twitterbot/1.0" 
157.55.39.228 - - [20/Mar/2015:09:18:48 -0700] "GET /self.logs/access.log.2015-02-10.gz HTTP/1.1" 200 13700 "-" "Mozilla/5.0 (compatible; bingbot/2.0; +http://www.bing.com/bingbot.htm)" 
157.55.39.228 - - [20/Mar/2015:09:28:02 -0700] "GET /honeypot/BSidesDFW%20-%202014.ipynb HTTP/1.1" 200 930836 "-" "Mozilla/5.0 (iPhone; CPU iPhone OS 7_0 like Mac OS X) AppleWebKit/537.51.1 (KHTML, like Gecko) Version/7.0 Mobile/11A465 Safari/9537.53 (compatible; bingbot/2.0;  http://www.bing.com/bingbot.htm)" 
199.16.156.124 - - [20/Mar/2015:10:02:14 -0700] "GET /robots.txt HTTP/1.1" 200 304 "-" "Twitterbot/1.0" 
199.16.156.124 - - [20/Mar/2015:10:02:14 -0700] "GET /honeypot/Honeypot%20-%20Howto%20-%20BSides%20Austin.pdf HTTP/1.1" 200 2928404 "-" "Twitterbot/1.0" 
212.129.10.181 - - [20/Mar/2015:10:32:09 -0700] "GET /honeypot/BSidesDFW%20-%202014.ipynb HTTP/1.0" 200 930799 "http://www.secrepo.com/honeypot/BSidesDFW%20-%202014.ipynb" "Mozilla/5.0 (Windows NT 6.3; WOW64) AppleWebKit/537.36 (KHTML, like Gecko) Chrome/37.0.2062.124 YaBrowser/14.10.2062.12061 Safari/537.36" 
199.16.156.125 - - [20/Mar/2015:11:18:34 -0700] "GET /robots.txt HTTP/1.1" 200 304 "-" "Twitterbot/1.0" 
199.16.156.125 - - [20/Mar/2015:11:18:34 -0700] "GET /honeypot/Honeypot%20-%20Howto%20-%20BSides%20Austin.pdf HTTP/1.1" 200 2928404 "-" "Twitterbot/1.0" 
176.8.89.30 - - [20/Mar/2015:11:32:24 -0700] "GET /honeypot/BSidesDFW%2520-%25202014.ipynb HTTP/1.1" 404 239 "http://eramebel.com/korpusnaya_mebel/shkafy_kupe" "Opera/7.11 (Windows NT 5.1; U) [en]" 
176.8.89.30 - - [20/Mar/2015:11:32:24 -0700] "GET /honeypot/BSidesDFW%2520-%25202014.ipynb HTTP/1.1" 404 239 "http://eramebel.com/korpusnaya_mebel/shkafy_kupe" "Opera/7.11 (Windows NT 5.1; U) [en]" 
176.8.89.30 - - [20/Mar/2015:11:32:25 -0700] "GET /honeypot/BSidesDFW%2520-%25202014.ipynb HTTP/1.1" 404 239 "http://eramebel.com/korpusnaya_mebel/shkafy_kupe" "Opera/7.11 (Windows NT 5.1; U) [en]" 
46.119.118.191 - - [20/Mar/2015:11:33:25 -0700] "GET /honeypot/BSidesDFW%2520-%25202014.ipynb HTTP/1.1" 404 239 "http://owohho.com/" "Mozilla/4.0 (compatible; MSIE 6.0; Windows NT 5.1; FREE; .NET CLR 1.1.4322)" 
46.119.118.191 - - [20/Mar/2015:11:33:25 -0700] "GET /honeypot/BSidesDFW%2520-%25202014.ipynb HTTP/1.1" 404 239 "http://jointpoint.org/" "Mozilla/4.0 (compatible; MSIE 6.0; Windows NT 5.1; FREE; .NET CLR 1.1.4322)" 
46.119.118.191 - - [20/Mar/2015:11:33:25 -0700] "GET /honeypot/BSidesDFW%2520-%25202014.ipynb HTTP/1.1" 404 239 "http://owohho.com/" "Mozilla/4.0 (compatible; MSIE 6.0; Windows NT 5.1; FREE; .NET CLR 1.1.4322)" 
46.119.118.191 - - [20/Mar/2015:11:33:26 -0700] "GET /honeypot/BSidesDFW%2520-%25202014.ipynb HTTP/1.1" 404 239 "http://owohho.com/" "Mozilla/4.0 (compatible; MSIE 6.0; Windows NT 5.1; FREE; .NET CLR 1.1.4322)" 
46.119.118.191 - - [20/Mar/2015:11:33:27 -0700] "GET /honeypot/BSidesDFW%2520-%25202014.ipynb HTTP/1.1" 404 239 "http://jointpoint.org/" "Mozilla/4.0 (compatible; MSIE 6.0; Windows NT 5.1; FREE; .NET CLR 1.1.4322)" 
46.119.118.191 - - [20/Mar/2015:11:33:28 -0700] "GET /honeypot/BSidesDFW%2520-%25202014.ipynb HTTP/1.1" 404 239 "http://jointpoint.org/" "Mozilla/4.0 (compatible; MSIE 6.0; Windows NT 5.1; FREE; .NET CLR 1.1.4322)" 
187.255.237.141 - - [20/Mar/2015:11:38:54 -0700] "GET / HTTP/1.1" 301 483 "http://buttons-for-website.com" "Mozilla/5.0 (Windows NT 6.1; WOW64) AppleWebKit/537.36 (KHTML, like Gecko) Chrome/36.0.1985.143 Safari/537.36" 
187.255.237.141 - - [20/Mar/2015:11:38:54 -0700] "GET / HTTP/1.1" 200 6807 "http://buttons-for-website.com" "Mozilla/5.0 (Windows NT 6.1; WOW64) AppleWebKit/537.36 (KHTML, like Gecko) Chrome/36.0.1985.143 Safari/537.36" 
187.255.237.141 - - [20/Mar/2015:11:38:55 -0700] "GET /twitter-icon.png HTTP/1.1" 200 27787 "http://www.secrepo.com/" "Mozilla/5.0 (Windows NT 6.1; WOW64) AppleWebKit/537.36 (KHTML, like Gecko) Chrome/36.0.1985.143 Safari/537.36" 
108.49.112.67 - - [20/Mar/2015:11:45:22 -0700] "GET / HTTP/1.1" 200 6807 "-" "Mozilla/5.0 (Macintosh; Intel Mac OS X 10_10_2) AppleWebKit/537.36 (KHTML, like Gecko) Chrome/41.0.2272.76 Safari/537.36" 
108.49.112.67 - - [20/Mar/2015:11:45:24 -0700] "GET /bootstrap/img/favicon.ico HTTP/1.1" 200 589 "-" "Mozilla/5.0 (Macintosh; Intel Mac OS X 10_10_2) AppleWebKit/537.36 (KHTML, like Gecko) Chrome/41.0.2272.76 Safari/537.36" 
50.255.33.189 - - [20/Mar/2015:11:45:41 -0700] "GET / HTTP/1.1" 200 6807 "-" "Mozilla/5.0 (Macintosh; Intel Mac OS X 10_9_5) AppleWebKit/537.36 (KHTML, like Gecko) Chrome/41.0.2272.89 Safari/537.36" 
50.255.33.189 - - [20/Mar/2015:11:45:41 -0700] "GET /twitter-icon.png HTTP/1.1" 200 27787 "http://www.secrepo.com/" "Mozilla/5.0 (Macintosh; Intel Mac OS X 10_9_5) AppleWebKit/537.36 (KHTML, like Gecko) Chrome/41.0.2272.89 Safari/537.36" 
50.255.33.189 - - [20/Mar/2015:11:45:42 -0700] "GET /bootstrap/img/favicon.ico HTTP/1.1" 200 589 "-" "Mozilla/5.0 (Macintosh; Intel Mac OS X 10_9_5) AppleWebKit/537.36 (KHTML, like Gecko) Chrome/41.0.2272.89 Safari/537.36" 
199.59.148.210 - - [20/Mar/2015:11:54:06 -0700] "GET /robots.txt HTTP/1.1" 200 304 "-" "Twitterbot/1.0" 
199.59.148.209 - - [20/Mar/2015:11:54:06 -0700] "GET /robots.txt HTTP/1.1" 200 304 "-" "Twitterbot/1.0" 
199.59.148.210 - - [20/Mar/2015:11:54:06 -0700] "GET /honeypot/Honeypot%20-%20Howto%20-%20BSides%20Austin.pdf HTTP/1.1" 200 2928404 "-" "Twitterbot/1.0" 
199.59.148.209 - - [20/Mar/2015:11:54:06 -0700] "GET /honeypot/honeypot.json.zip HTTP/1.1" 200 4631817 "-" "Twitterbot/1.0" 
104.130.161.117 - - [20/Mar/2015:11:59:47 -0700] "GET /honeypot/BSidesDFW%20-%202014.ipynb HTTP/1.1" 301 484 "-" "Tornado-Async-Client" 
104.130.161.117 - - [20/Mar/2015:11:59:47 -0700] "GET /honeypot/BSidesDFW%20-%202014.ipynb HTTP/1.1" 200 930780 "-" "Tornado-Async-Client" 
94.234.170.63 - - [20/Mar/2015:12:23:20 -0700] "GET / HTTP/1.1" 301 483 "http://t.co/pArNAxyuQQ" "Mozilla/5.0 (iPhone; CPU iPhone OS 7_1_2 like Mac OS X) AppleWebKit/537.51.2 (KHTML, like Gecko) Mobile/11D257" 
94.234.170.63 - - [20/Mar/2015:12:23:22 -0700] "GET / HTTP/1.1" 200 6807 "http://t.co/pArNAxyuQQ" "Mozilla/5.0 (iPhone; CPU iPhone OS 7_1_2 like Mac OS X) AppleWebKit/537.51.2 (KHTML, like Gecko) Mobile/11D257" 
94.234.170.63 - - [20/Mar/2015:12:23:22 -0700] "GET /twitter-icon.png HTTP/1.1" 200 27787 "http://www.secrepo.com/" "Mozilla/5.0 (iPhone; CPU iPhone OS 7_1_2 like Mac OS X) AppleWebKit/537.51.2 (KHTML, like Gecko) Mobile/11D257" 
173.252.120.113 - - [20/Mar/2015:12:31:39 -0700] "GET /twitter-icon.png HTTP/1.1" 200 27788 "-" "facebookexternalhit/1.1 (+http://www.facebook.com/externalhit_uatext.php)" 
199.59.148.209 - - [20/Mar/2015:12:36:32 -0700] "GET /robots.txt HTTP/1.1" 200 304 "-" "Twitterbot/1.0" 
199.59.148.209 - - [20/Mar/2015:12:36:32 -0700] "GET /honeypot/Honeypot%20-%20Howto%20-%20BSides%20Austin.pdf HTTP/1.1" 200 2928404 "-" "Twitterbot/1.0" 
107.152.128.28 - - [20/Mar/2015:12:39:01 -0700] "GET /honeypot/Honeypot HTTP/1.0" 404 295 "-" "Mozilla/5.0 (Windows NT 6.1) AppleWebKit/537.36 (KHTML, like Gecko) Chrome/41.0.2228.0 Safari/537.36" 
107.152.128.28 - - [20/Mar/2015:12:39:01 -0700] "GET /honeypot/Honeypot HTTP/1.0" 404 295 "-" "Mozilla/5.0 (Windows NT 6.1) AppleWebKit/537.36 (KHTML, like Gecko) Chrome/41.0.2228.0 Safari/537.36" 
104.130.161.115 - - [20/Mar/2015:12:54:33 -0700] "GET /honeypot/BSidesDFW%20-%202014.ipynb HTTP/1.1" 301 484 "-" "Tornado-Async-Client" 
104.130.161.115 - - [20/Mar/2015:12:54:33 -0700] "GET /honeypot/BSidesDFW%20-%202014.ipynb HTTP/1.1" 200 930780 "-" "Tornado-Async-Client" 
173.15.38.129 - - [20/Mar/2015:13:14:32 -0700] "GET /honeypot/Honeypot%20-%20Howto.pdf HTTP/1.1" 200 1279418 "http://www.secrepo.com/" "Mozilla/5.0 (iPad; CPU OS 8_2 like Mac OS X) AppleWebKit/600.1.4 (KHTML, like Gecko) Version/8.0 Mobile/12D508 Safari/600.1.4" 
107.23.45.196 - - [20/Mar/2015:13:16:39 -0700] "GET / HTTP/1.1" 200 22145 "http://www.secrepo.com/" "Mozilla/5.0 (compatible; DuckDuckGo-Favicons-Bot/1.0; +http://duckduckgo.com)" 
107.23.45.196 - - [20/Mar/2015:13:16:39 -0700] "GET /bootstrap/img/favicon.ico HTTP/1.1" 200 589 "http://www.secrepo.com/bootstrap/img/favicon.ico" "Mozilla/5.0 (compatible; DuckDuckGo-Favicons-Bot/1.0; +http://duckduckgo.com)" 
171.113.220.172 - - [20/Mar/2015:13:22:21 -0700] "GET /honeypot/BSidesDFW+-+2014.ipynb HTTP/1.0" 404 284 "http://www.secrepo.com/honeypot/BSidesDFW+-+2014.ipynb" "Opera/9.80 (Windows NT 6.1; WOW64) Presto/2.12.388 Version/12.17" 
171.113.220.172 - - [20/Mar/2015:13:22:21 -0700] "GET / HTTP/1.0" 200 22134 "http://www.secrepo.com/" "Opera/9.80 (Windows NT 6.1; WOW64) Presto/2.12.388 Version/12.17" 
66.249.64.192 - - [20/Mar/2015:13:25:47 -0700] "GET / HTTP/1.1" 200 6807 "-" "Mozilla/5.0 (compatible; Googlebot/2.1; +http://www.google.com/bot.html)" 
199.16.156.124 - - [20/Mar/2015:13:49:46 -0700] "GET /robots.txt HTTP/1.1" 200 304 "-" "Twitterbot/1.0" 
199.16.156.125 - - [20/Mar/2015:13:49:46 -0700] "GET /robots.txt HTTP/1.1" 200 304 "-" "Twitterbot/1.0" 
199.16.156.124 - - [20/Mar/2015:13:49:46 -0700] "GET /honeypot/Honeypot%20-%20Howto%20-%20BSides%20Austin.pdf HTTP/1.1" 200 2928404 "-" "Twitterbot/1.0" 
199.16.156.125 - - [20/Mar/2015:13:49:46 -0700] "GET /honeypot/honeypot.json.zip HTTP/1.1" 200 4631817 "-" "Twitterbot/1.0" 
178.62.184.85 - - [20/Mar/2015:14:09:42 -0700] "GET / HTTP/1.1" 200 6807 "http://www.google.nl/url?sa=t&rct=j&q=&esrc=s&source=web&cd=19&cad=rja&uact=8&ved=0CE0QFjAIOAo&url=http%3A%2F%2Fwww.secrepo.com%2F&ei=bIwMVcSRLIvmaNzRgPAC&usg=AFQjCNHeQikQ6r63vtqWKlBvSenYpdB4dQ&bvm=bv.89060397,d.d2s" "Mozilla/5.0 (Macintosh; Intel Mac OS X 10_10_2) AppleWebKit/600.3.18 (KHTML, like Gecko) Version/8.0.3 Safari/600.3.18" 
178.62.184.85 - - [20/Mar/2015:14:09:43 -0700] "GET /twitter-icon.png HTTP/1.1" 200 27787 "http://www.secrepo.com/" "Mozilla/5.0 (Macintosh; Intel Mac OS X 10_10_2) AppleWebKit/600.3.18 (KHTML, like Gecko) Version/8.0.3 Safari/600.3.18" 
178.62.184.85 - - [20/Mar/2015:14:09:44 -0700] "GET /bootstrap/img/favicon.ico HTTP/1.1" 200 590 "http://www.secrepo.com/" "Mozilla/5.0 (Macintosh; Intel Mac OS X 10_10_2) AppleWebKit/600.3.18 (KHTML, like Gecko) Version/8.0.3 Safari/600.3.18" 
50.255.33.189 - - [20/Mar/2015:14:37:32 -0700] "GET /Security-Data-Analysis/Lab_1/conn.log.zip HTTP/1.1" 200 6314192 "http://www.secrepo.com/" "Mozilla/5.0 (Macintosh; Intel Mac OS X 10_9_5) AppleWebKit/537.36 (KHTML, like Gecko) Chrome/41.0.2272.89 Safari/537.36" 
50.255.33.189 - - [20/Mar/2015:14:21:46 -0700] "GET /maccdc2012/conn.log.gz HTTP/1.1" 200 551041635 "http://www.secrepo.com/" "Mozilla/5.0 (Macintosh; Intel Mac OS X 10_9_5) AppleWebKit/537.36 (KHTML, like Gecko) Chrome/41.0.2272.89 Safari/537.36" 
199.59.148.211 - - [20/Mar/2015:14:54:31 -0700] "GET /robots.txt HTTP/1.1" 200 304 "-" "Twitterbot/1.0" 
199.59.148.211 - - [20/Mar/2015:14:54:31 -0700] "GET /honeypot/Honeypot%20-%20Howto%20-%20BSides%20Austin.pdf HTTP/1.1" 200 2928404 "-" "Twitterbot/1.0" 
199.16.156.124 - - [20/Mar/2015:15:01:17 -0700] "GET /robots.txt HTTP/1.1" 200 304 "-" "Twitterbot/1.0" 
199.16.156.124 - - [20/Mar/2015:15:01:17 -0700] "GET /honeypot/Honeypot%20-%20Howto%20-%20BSides%20Austin.pdf HTTP/1.1" 200 2928404 "-" "Twitterbot/1.0" 
66.249.64.196 - - [20/Mar/2015:15:15:50 -0700] "GET /robots.txt HTTP/1.1" 200 334 "-" "Mozilla/5.0 (compatible; Googlebot/2.1; +http://www.google.com/bot.html)" 
66.249.64.192 - - [20/Mar/2015:15:15:50 -0700] "GET / HTTP/1.1" 200 6807 "-" "Mozilla/5.0 (compatible; Googlebot/2.1; +http://www.google.com/bot.html)" 
60.18.55.180 - - [20/Mar/2015:15:16:23 -0700] "GET /honeypot/BSidesDFW%20-%202014.ipynb HTTP/1.1" 200 930836 "http://www.secrepo.com/" "Mozilla/5.0 (X11; CrOS x86_64 6310.68.0) AppleWebKit/537.36 (KHTML, like Gecko) Chrome/39.0.2171.96 Safari/537.36" 
199.59.148.210 - - [20/Mar/2015:15:28:55 -0700] "GET /robots.txt HTTP/1.1" 200 304 "-" "Twitterbot/1.0" 
199.59.148.210 - - [20/Mar/2015:15:28:55 -0700] "GET /honeypot/Honeypot%20-%20Howto%20-%20BSides%20Austin.pdf HTTP/1.1" 200 2928404 "-" "Twitterbot/1.0" 
199.59.148.211 - - [20/Mar/2015:16:12:36 -0700] "GET /robots.txt HTTP/1.1" 200 304 "-" "Twitterbot/1.0" 
199.59.148.209 - - [20/Mar/2015:16:12:36 -0700] "GET /robots.txt HTTP/1.1" 200 304 "-" "Twitterbot/1.0" 
199.59.148.211 - - [20/Mar/2015:16:12:36 -0700] "GET /honeypot/Honeypot%20-%20Howto%20-%20BSides%20Austin.pdf HTTP/1.1" 200 2928404 "-" "Twitterbot/1.0" 
199.59.148.209 - - [20/Mar/2015:16:12:36 -0700] "GET /honeypot/honeypot.json.zip HTTP/1.1" 200 4631817 "-" "Twitterbot/1.0" 
178.137.18.185 - - [20/Mar/2015:16:26:32 -0700] "GET /honeypot/BSidesDFW%2520-%25202014.ipynb HTTP/1.1" 404 239 "http://spb-velo.ru/" "Mozilla/4.0 (compatible; MSIE 6.0; AOL 9.0; Windows NT 5.1)" 
178.137.18.185 - - [20/Mar/2015:16:26:33 -0700] "GET /honeypot/BSidesDFW%2520-%25202014.ipynb HTTP/1.1" 404 239 "http://spb-velo.ru/" "Mozilla/4.0 (compatible; MSIE 6.0; AOL 9.0; Windows NT 5.1)" 
178.137.18.185 - - [20/Mar/2015:16:26:33 -0700] "GET /honeypot/BSidesDFW%2520-%25202014.ipynb HTTP/1.1" 404 239 "http://spb-velo.ru/" "Mozilla/4.0 (compatible; MSIE 6.0; AOL 9.0; Windows NT 5.1)" 
199.59.148.210 - - [20/Mar/2015:16:52:37 -0700] "GET /robots.txt HTTP/1.1" 200 304 "-" "Twitterbot/1.0" 
199.59.148.210 - - [20/Mar/2015:16:52:37 -0700] "GET /honeypot/honeypot.json.zip HTTP/1.1" 200 4631817 "-" "Twitterbot/1.0" 
207.46.13.33 - - [20/Mar/2015:16:52:55 -0700] "GET / HTTP/1.1" 301 483 "-" "Mozilla/5.0 (compatible; bingbot/2.0; +http://www.bing.com/bingbot.htm)" 
207.46.13.33 - - [20/Mar/2015:16:55:32 -0700] "GET / HTTP/1.1" 200 6807 "-" "Mozilla/5.0 (compatible; bingbot/2.0; +http://www.bing.com/bingbot.htm)" 
50.255.33.189 - - [20/Mar/2015:17:22:24 -0700] "GET /honeypot/BSidesDFW%20-%202014.ipynb HTTP/1.1" 200 930836 "http://www.secrepo.com/" "Mozilla/5.0 (Macintosh; Intel Mac OS X 10_9_5) AppleWebKit/537.36 (KHTML, like Gecko) Chrome/41.0.2272.89 Safari/537.36" 
50.255.33.189 - - [20/Mar/2015:17:22:27 -0700] "GET /favicon.ico HTTP/1.1" 200 267 "-" "Mozilla/5.0 (Macintosh; Intel Mac OS X 10_9_5) AppleWebKit/537.36 (KHTML, like Gecko) Chrome/41.0.2272.89 Safari/537.36" 
199.59.148.210 - - [20/Mar/2015:17:31:17 -0700] "GET /robots.txt HTTP/1.1" 200 304 "-" "Twitterbot/1.0" 
199.59.148.210 - - [20/Mar/2015:17:31:17 -0700] "GET /honeypot/honeypot.json.zip HTTP/1.1" 200 4631817 "-" "Twitterbot/1.0" 
207.46.13.33 - - [20/Mar/2015:18:01:40 -0700] "GET /self.logs/access.log.2015-02-09.gz HTTP/1.1" 200 4271 "-" "Mozilla/5.0 (compatible; bingbot/2.0; +http://www.bing.com/bingbot.htm)" 
199.59.148.209 - - [20/Mar/2015:18:10:35 -0700] "GET /robots.txt HTTP/1.1" 200 304 "-" "Twitterbot/1.0" 
199.59.148.209 - - [20/Mar/2015:18:10:35 -0700] "GET /honeypot/honeypot.json.zip HTTP/1.1" 200 4631817 "-" "Twitterbot/1.0" 
109.120.157.179 - - [20/Mar/2015:18:42:37 -0700] "GET /honeypot/BSidesDFW%2520-%25202014.ipynb HTTP/1.1" 404 239 "http://www.artparquet.ru/" "Mozilla/5.0 (compatible; Add Catalog/2.1;)" 
109.120.157.179 - - [20/Mar/2015:18:42:37 -0700] "GET /honeypot/BSidesDFW%2520-%25202014.ipynb HTTP/1.1" 404 239 "http://www.artparquet.ru/" "Mozilla/5.0 (compatible; Add Catalog/2.1;)" 
109.120.157.179 - - [20/Mar/2015:18:42:38 -0700] "GET /honeypot/BSidesDFW%2520-%25202014.ipynb HTTP/1.1" 404 239 "http://www.artparquet.ru/" "Mozilla/5.0 (compatible; Add Catalog/2.1;)" 
199.16.156.125 - - [20/Mar/2015:18:59:39 -0700] "GET /robots.txt HTTP/1.1" 200 304 "-" "Twitterbot/1.0" 
199.16.156.125 - - [20/Mar/2015:18:59:39 -0700] "GET /honeypot/honeypot.json.zip HTTP/1.1" 200 4631817 "-" "Twitterbot/1.0" 
104.130.161.117 - - [20/Mar/2015:19:11:23 -0700] "GET /honeypot/BSidesDFW%20-%202014.ipynb HTTP/1.1" 301 484 "-" "Tornado-Async-Client" 
104.130.161.117 - - [20/Mar/2015:19:11:24 -0700] "GET /honeypot/BSidesDFW%20-%202014.ipynb HTTP/1.1" 200 930780 "-" "Tornado-Async-Client" 
199.16.156.125 - - [20/Mar/2015:19:16:21 -0700] "GET /robots.txt HTTP/1.1" 200 304 "-" "Twitterbot/1.0" 
199.16.156.125 - - [20/Mar/2015:19:16:21 -0700] "GET /honeypot/Honeypot%20-%20Howto%20-%20BSides%20Austin.pdf HTTP/1.1" 200 2928404 "-" "Twitterbot/1.0" 
207.46.13.8 - - [20/Mar/2015:19:31:12 -0700] "GET /honeypot/Honeypot%20-%20Howto%20-%20BSides%20Austin.pdf HTTP/1.1" 200 2928460 "-" "Mozilla/5.0 (compatible; bingbot/2.0; +http://www.bing.com/bingbot.htm)" 
199.16.156.125 - - [20/Mar/2015:19:36:07 -0700] "GET /robots.txt HTTP/1.1" 200 304 "-" "Twitterbot/1.0" 
199.16.156.125 - - [20/Mar/2015:19:36:07 -0700] "GET /honeypot/honeypot.json.zip HTTP/1.1" 200 4631817 "-" "Twitterbot/1.0" 
180.76.5.72 - - [20/Mar/2015:20:02:34 -0700] "GET / HTTP/1.1" 304 152 "-" "Mozilla/5.0 (compatible; Baiduspider/2.0; +http://www.baidu.com/search/spider.html)" 
66.249.64.127 - - [20/Mar/2015:20:27:00 -0700] "GET /robots.txt HTTP/1.1" 301 502 "-" "Mozilla/5.0 (compatible; Googlebot/2.1; +http://www.google.com/bot.html)" 
66.249.64.192 - - [20/Mar/2015:20:27:00 -0700] "GET /robots.txt HTTP/1.1" 200 334 "-" "Mozilla/5.0 (compatible; Googlebot/2.1; +http://www.google.com/bot.html)" 
66.249.64.131 - - [20/Mar/2015:20:27:00 -0700] "GET / HTTP/1.1" 301 483 "-" "Mozilla/5.0 (compatible; Googlebot/2.1; +http://www.google.com/bot.html)" 
100.43.85.5 - - [20/Mar/2015:20:29:15 -0700] "GET /robots.txt HTTP/1.1" 301 517 "-" "Mozilla/5.0 (compatible; YandexBot/3.0; +http://yandex.com/bots)" 
100.43.81.151 - - [20/Mar/2015:20:29:15 -0700] "GET /robots.txt HTTP/1.1" 200 289 "-" "Mozilla/5.0 (compatible; YandexBot/3.0; +http://yandex.com/bots)" 
199.21.99.218 - - [20/Mar/2015:20:29:17 -0700] "GET / HTTP/1.1" 301 482 "-" "Mozilla/5.0 (compatible; YandexBot/3.0; +http://yandex.com/bots)" 
100.43.85.5 - - [20/Mar/2015:20:29:17 -0700] "GET / HTTP/1.1" 200 6806 "-" "Mozilla/5.0 (compatible; YandexBot/3.0; +http://yandex.com/bots)" 
199.21.99.218 - - [20/Mar/2015:20:29:23 -0700] "GET / HTTP/1.1" 200 6806 "-" "Mozilla/5.0 (compatible; YandexBot/3.0; +http://yandex.com/bots)" 
199.59.148.209 - - [20/Mar/2015:20:55:19 -0700] "GET /robots.txt HTTP/1.1" 200 304 "-" "Twitterbot/1.0" 
199.59.148.209 - - [20/Mar/2015:20:55:19 -0700] "GET /honeypot/honeypot.json.zip HTTP/1.1" 200 4631817 "-" "Twitterbot/1.0" 
66.249.64.4 - - [20/Mar/2015:20:56:36 -0700] "GET /self.logs/ HTTP/1.1" 200 1811 "-" "Mozilla/5.0 (compatible; Googlebot/2.1; +http://www.google.com/bot.html)" 
199.59.148.209 - - [20/Mar/2015:21:24:08 -0700] "GET /robots.txt HTTP/1.1" 200 304 "-" "Twitterbot/1.0" 
199.59.148.209 - - [20/Mar/2015:21:24:08 -0700] "GET /honeypot/Honeypot%20-%20Howto%20-%20BSides%20Austin.pdf HTTP/1.1" 200 2928404 "-" "Twitterbot/1.0" 
142.54.160.106 - - [20/Mar/2015:22:13:39 -0700] "GET /honeypot/BSidesDFW+-+2014.ipynb HTTP/1.0" 404 284 "http://www.secrepo.com/honeypot/BSidesDFW+-+2014.ipynb" "Mozilla/5.0 (Windows NT 6.3; WOW64) AppleWebKit/537.36 (KHTML, like Gecko) Chrome/39.0.2171.65 Safari/537.36" 
142.54.160.106 - - [20/Mar/2015:22:13:39 -0700] "GET / HTTP/1.0" 200 22134 "http://www.secrepo.com/" "Mozilla/5.0 (Windows NT 6.3; WOW64) AppleWebKit/537.36 (KHTML, like Gecko) Chrome/39.0.2171.65 Safari/537.36" 
66.249.64.196 - - [20/Mar/2015:22:25:06 -0700] "GET / HTTP/1.1" 200 6807 "-" "Mozilla/5.0 (compatible; Googlebot/2.1; +http://www.google.com/bot.html)" 
203.58.0.155 - - [20/Mar/2015:23:33:56 -0700] "GET //ask_password.php?dir=http://sklep.altus.pl/images/options/mad01.jpg?? HTTP/1.1" 404 284 "-" "Mozilla/4.0 (compatible; MSIE 8.0; Windows NT 5.1; Trident/4.0; .NET CLR 2.0.50727; .NET CLR 3.0.4506.2152; .NET CLR 3.5.30729; InfoPath.2)" 
203.58.0.155 - - [20/Mar/2015:23:33:58 -0700] "GET //ask_password.php?dir=http://sklep.altus.pl/images/options/mad02.jpg?? HTTP/1.1" 404 284 "-" "Mozilla/4.0 (compatible; MSIE 8.0; Windows NT 5.1; Trident/4.0; .NET CLR 2.0.50727; .NET CLR 3.0.4506.2152; .NET CLR 3.5.30729; InfoPath.2)" 
178.137.18.185 - - [21/Mar/2015:00:49:57 -0700] "GET /honeypot/BSidesDFW%2520-%25202014.ipynb HTTP/1.1" 404 239 "https://informpora.ru/yellowpages/gelendzhik/1273/" "Mozilla/4.0 (compatible; MSIE 6.0; Windows NT 5.1) Opera 7.54 [en]" 
178.137.18.185 - - [21/Mar/2015:00:49:57 -0700] "GET /honeypot/BSidesDFW%2520-%25202014.ipynb HTTP/1.1" 404 239 "https://informpora.ru/yellowpages/gelendzhik/1273/" "Mozilla/4.0 (compatible; MSIE 6.0; Windows NT 5.1) Opera 7.54 [en]" 
178.137.18.185 - - [21/Mar/2015:00:49:58 -0700] "GET /honeypot/BSidesDFW%2520-%25202014.ipynb HTTP/1.1" 404 239 "https://informpora.ru/yellowpages/gelendzhik/1273/" "Mozilla/4.0 (compatible; MSIE 6.0; Windows NT 5.1) Opera 7.54 [en]" 
188.165.15.85 - - [21/Mar/2015:01:32:13 -0700] "GET /robots.txt HTTP/1.1" 301 446 "-" "Mozilla/5.0 (compatible; AhrefsBot/5.0; +http://ahrefs.com/robot/)" 
188.165.15.85 - - [21/Mar/2015:01:32:13 -0700] "GET /robots.txt HTTP/1.1" 200 304 "-" "Mozilla/5.0 (compatible; AhrefsBot/5.0; +http://ahrefs.com/robot/)" 
104.130.161.117 - - [21/Mar/2015:01:40:05 -0700] "GET /honeypot/BSidesDFW HTTP/1.1" 301 460 "-" "Tornado-Async-Client" 
104.130.161.117 - - [21/Mar/2015:01:40:05 -0700] "GET /honeypot/BSidesDFW HTTP/1.1" 404 284 "-" "Tornado-Async-Client" 
