119.2.6.69 - - [10/Apr/2017:02:15:14 -0700] "GET / HTTP/1.1" 200 10792 "-" "Mozilla/5.0 (Macintosh; Intel Mac OS X 10_12_2) AppleWebKit/537.36 (KHTML, like Gecko) Chrome/57.0.2987.133 Safari/537.36" 
119.2.6.69 - - [10/Apr/2017:02:15:20 -0700] "GET /twitter-icon.png HTTP/1.1" 200 27788 "http://www.secrepo.com/" "Mozilla/5.0 (Macintosh; Intel Mac OS X 10_12_2) AppleWebKit/537.36 (KHTML, like Gecko) Chrome/57.0.2987.133 Safari/537.36" 
119.2.6.69 - - [10/Apr/2017:02:15:26 -0700] "GET /GitHub-Mark.png HTTP/1.1" 200 7428 "http://www.secrepo.com/" "Mozilla/5.0 (Macintosh; Intel Mac OS X 10_12_2) AppleWebKit/537.36 (KHTML, like Gecko) Chrome/57.0.2987.133 Safari/537.36" 
66.249.93.64 - - [10/Apr/2017:02:17:12 -0700] "GET / HTTP/1.1" 200 10792 "-" "Mozilla/5.0 (X11; Linux x86_64) AppleWebKit/537.36 (KHTML, like Gecko) Chrome/49.0.2623.75 Safari/537.36 Google Favicon" 
66.249.93.95 - - [10/Apr/2017:02:17:12 -0700] "GET /bootstrap/img/favicon.ico HTTP/1.1" 200 590 "-" "Mozilla/5.0 (X11; Linux x86_64) AppleWebKit/537.36 (KHTML, like Gecko) Chrome/49.0.2623.75 Safari/537.36 Google Favicon" 
212.156.95.174 - - [10/Apr/2017:02:17:50 -0700] "GET / HTTP/1.1" 200 10792 "http://www.covert.io/" "Mozilla/5.0 (X11; Linux x86_64; rv:45.0) Gecko/20100101 Firefox/45.0" 
212.156.95.174 - - [10/Apr/2017:02:17:50 -0700] "GET /twitter-icon.png HTTP/1.1" 200 27787 "http://www.secrepo.com/" "Mozilla/5.0 (X11; Linux x86_64; rv:45.0) Gecko/20100101 Firefox/45.0" 
212.156.95.174 - - [10/Apr/2017:02:17:50 -0700] "GET /GitHub-Mark.png HTTP/1.1" 200 7428 "http://www.secrepo.com/" "Mozilla/5.0 (X11; Linux x86_64; rv:45.0) Gecko/20100101 Firefox/45.0" 
212.156.95.174 - - [10/Apr/2017:02:17:50 -0700] "GET /bootstrap/img/favicon.ico HTTP/1.1" 200 589 "-" "Mozilla/5.0 (X11; Linux x86_64; rv:45.0) Gecko/20100101 Firefox/45.0" 
211.231.103.91 - - [10/Apr/2017:02:19:01 -0700] "GET / HTTP/1.1" 200 36419 "-" "facebookexternalhit/1.1;kakaotalk-scrap/1.0;" 
173.252.90.228 - - [10/Apr/2017:02:22:36 -0700] "GET /twitter-icon.png HTTP/1.1" 200 27788 "-" "facebookexternalhit/1.1 (+http://www.facebook.com/externalhit_uatext.php)" 
49.144.225.138 - - [10/Apr/2017:02:23:53 -0700] "GET /wp-login.php HTTP/1.1" 301 522 "-" "Mozilla/5.0 (Windows NT 6.1; WOW64; rv:40.0) Gecko/20100101 Firefox/40.1" 
49.144.225.138 - - [10/Apr/2017:02:23:54 -0700] "GET /wp-login.php HTTP/1.1" 404 295 "-" "Mozilla/5.0 (Windows NT 6.1; WOW64; rv:40.0) Gecko/20100101 Firefox/40.1" 
49.144.225.138 - - [10/Apr/2017:02:24:00 -0700] "GET /wp-login.php HTTP/1.1" 301 522 "-" "Mozilla/5.0 (Windows NT 6.1; WOW64; rv:40.0) Gecko/20100101 Firefox/40.1" 
49.144.225.138 - - [10/Apr/2017:02:24:00 -0700] "GET /wp-login.php HTTP/1.1" 404 295 "-" "Mozilla/5.0 (Windows NT 6.1; WOW64; rv:40.0) Gecko/20100101 Firefox/40.1" 
49.144.225.138 - - [10/Apr/2017:02:24:06 -0700] "GET / HTTP/1.1" 301 498 "-" "Mozilla/5.0 (Windows NT 6.1; WOW64; rv:40.0) Gecko/20100101 Firefox/40.1" 
49.144.225.138 - - [10/Apr/2017:02:24:06 -0700] "GET / HTTP/1.1" 200 36475 "-" "Mozilla/5.0 (Windows NT 6.1; WOW64; rv:40.0) Gecko/20100101 Firefox/40.1" 
216.244.66.227 - - [10/Apr/2017:02:24:24 -0700] "GET /robots.txt HTTP/1.1" 200 233 "-" "Mozilla/5.0 (compatible; DotBot/1.1; http://www.opensiteexplorer.org/dotbot, help@moz.com)" 
159.226.251.229 - - [10/Apr/2017:02:28:07 -0700] "GET /tg/a.zip HTTP/1.1" 304 132 "-" "Mozilla/5.0 Gecko/20100115 Firefox/3.6" 
216.244.66.227 - - [10/Apr/2017:02:30:01 -0700] "GET /self.logs/access.log.2016-06-01.gz HTTP/1.1" 200 9830 "-" "Mozilla/5.0 (compatible; DotBot/1.1; http://www.opensiteexplorer.org/dotbot, help@moz.com)" 
216.244.66.227 - - [10/Apr/2017:02:30:03 -0700] "GET /self.logs/error.log.2015-04-19.gz HTTP/1.1" 200 817 "-" "Mozilla/5.0 (compatible; DotBot/1.1; http://www.opensiteexplorer.org/dotbot, help@moz.com)" 
216.244.66.227 - - [10/Apr/2017:02:30:05 -0700] "GET /self.logs/error.log.2015-09-27.gz HTTP/1.1" 200 667 "-" "Mozilla/5.0 (compatible; DotBot/1.1; http://www.opensiteexplorer.org/dotbot, help@moz.com)" 
216.244.66.227 - - [10/Apr/2017:02:30:07 -0700] "GET /self.logs/error.log.2015-11-06.gz HTTP/1.1" 200 606 "-" "Mozilla/5.0 (compatible; DotBot/1.1; http://www.opensiteexplorer.org/dotbot, help@moz.com)" 
216.244.66.227 - - [10/Apr/2017:02:30:09 -0700] "GET /self.logs/error.log.2015-12-30.gz HTTP/1.1" 200 768 "-" "Mozilla/5.0 (compatible; DotBot/1.1; http://www.opensiteexplorer.org/dotbot, help@moz.com)" 
175.0.72.141 - - [10/Apr/2017:02:32:09 -0700] "GET / HTTP/1.1" 301 483 "http://www.freebuf.com/articles/network/131279.html" "Mozilla/5.0 (Windows NT 10.0; WOW64) AppleWebKit/537.36 (KHTML, like Gecko) Chrome/50.0.2661.102 Safari/537.36" 
175.0.72.141 - - [10/Apr/2017:02:32:09 -0700] "GET / HTTP/1.1" 200 10792 "http://www.freebuf.com/articles/network/131279.html" "Mozilla/5.0 (Windows NT 10.0; WOW64) AppleWebKit/537.36 (KHTML, like Gecko) Chrome/50.0.2661.102 Safari/537.36" 
175.0.72.141 - - [10/Apr/2017:02:32:10 -0700] "GET /GitHub-Mark.png HTTP/1.1" 200 7428 "http://www.secrepo.com/" "Mozilla/5.0 (Windows NT 10.0; WOW64) AppleWebKit/537.36 (KHTML, like Gecko) Chrome/50.0.2661.102 Safari/537.36" 
175.0.72.141 - - [10/Apr/2017:02:32:10 -0700] "GET /twitter-icon.png HTTP/1.1" 200 27787 "http://www.secrepo.com/" "Mozilla/5.0 (Windows NT 10.0; WOW64) AppleWebKit/537.36 (KHTML, like Gecko) Chrome/50.0.2661.102 Safari/537.36" 
103.10.24.194 - - [10/Apr/2017:02:32:31 -0700] "GET / HTTP/1.1" 200 10792 "-" "Mozilla/5.0 (X11; Ubuntu; Linux x86_64; rv:52.0) Gecko/20100101 Firefox/52.0" 
103.10.24.194 - - [10/Apr/2017:02:32:32 -0700] "GET /bootstrap/img/favicon.ico HTTP/1.1" 200 589 "-" "Mozilla/5.0 (X11; Ubuntu; Linux x86_64; rv:52.0) Gecko/20100101 Firefox/52.0" 
103.10.24.194 - - [10/Apr/2017:02:32:32 -0700] "GET /twitter-icon.png HTTP/1.1" 200 27787 "http://www.secrepo.com/" "Mozilla/5.0 (X11; Ubuntu; Linux x86_64; rv:52.0) Gecko/20100101 Firefox/52.0" 
103.10.24.194 - - [10/Apr/2017:02:32:32 -0700] "GET /GitHub-Mark.png HTTP/1.1" 200 7428 "http://www.secrepo.com/" "Mozilla/5.0 (X11; Ubuntu; Linux x86_64; rv:52.0) Gecko/20100101 Firefox/52.0" 
163.172.64.185 - - [10/Apr/2017:02:53:59 -0700] "GET /self.logs/access.log.2016-06-28.gz HTTP/1.1" 200 11079 "-" "Mozilla/5.0 (compatible; AhrefsBot/5.2; +http://ahrefs.com/robot/)" 
195.53.165.150 - - [10/Apr/2017:02:54:27 -0700] "GET / HTTP/1.1" 200 10792 "https://www.google.es/" "Mozilla/5.0 (Windows NT 6.1; WOW64) AppleWebKit/537.36 (KHTML, like Gecko) Chrome/57.0.2987.133 Safari/537.36" 
195.53.165.150 - - [10/Apr/2017:02:54:27 -0700] "GET /twitter-icon.png HTTP/1.1" 200 27787 "http://www.secrepo.com/" "Mozilla/5.0 (Windows NT 6.1; WOW64) AppleWebKit/537.36 (KHTML, like Gecko) Chrome/57.0.2987.133 Safari/537.36" 
195.53.165.150 - - [10/Apr/2017:02:54:27 -0700] "GET /GitHub-Mark.png HTTP/1.1" 200 7428 "http://www.secrepo.com/" "Mozilla/5.0 (Windows NT 6.1; WOW64) AppleWebKit/537.36 (KHTML, like Gecko) Chrome/57.0.2987.133 Safari/537.36" 
195.53.165.150 - - [10/Apr/2017:02:54:29 -0700] "GET /bootstrap/img/favicon.ico HTTP/1.1" 200 589 "http://www.secrepo.com/" "Mozilla/5.0 (Windows NT 6.1; WOW64) AppleWebKit/537.36 (KHTML, like Gecko) Chrome/57.0.2987.133 Safari/537.36" 
207.46.13.143 - - [10/Apr/2017:02:58:44 -0700] "GET /robots.txt HTTP/1.1" 200 334 "-" "Mozilla/5.0 (compatible; bingbot/2.0; +http://www.bing.com/bingbot.htm)" 
14.139.213.38 - - [10/Apr/2017:03:00:39 -0700] "GET / HTTP/1.1" 200 10792 "https://www.google.co.in/" "Mozilla/5.0 (Windows NT 6.1) AppleWebKit/537.36 (KHTML, like Gecko) Chrome/52.0.2743.116 Safari/537.36" 
14.139.213.38 - - [10/Apr/2017:03:00:42 -0700] "GET /GitHub-Mark.png HTTP/1.1" 200 7428 "http://www.secrepo.com/" "Mozilla/5.0 (Windows NT 6.1) AppleWebKit/537.36 (KHTML, like Gecko) Chrome/52.0.2743.116 Safari/537.36" 
14.139.213.38 - - [10/Apr/2017:03:00:42 -0700] "GET /twitter-icon.png HTTP/1.1" 200 27788 "http://www.secrepo.com/" "Mozilla/5.0 (Windows NT 6.1) AppleWebKit/537.36 (KHTML, like Gecko) Chrome/52.0.2743.116 Safari/537.36" 
151.80.31.154 - - [10/Apr/2017:03:01:01 -0700] "GET /robots.txt HTTP/1.1" 200 304 "-" "Mozilla/5.0 (compatible; AhrefsBot/5.2; +http://ahrefs.com/robot/)" 
151.80.31.150 - - [10/Apr/2017:03:01:01 -0700] "GET /self.logs/error.log.2015-07-15.gz HTTP/1.1" 200 727 "-" "Mozilla/5.0 (compatible; AhrefsBot/5.2; +http://ahrefs.com/robot/)" 
163.172.65.128 - - [10/Apr/2017:03:02:27 -0700] "GET /self.logs/?C=S;O=A HTTP/1.1" 200 18740 "-" "Mozilla/5.0 (compatible; AhrefsBot/5.2; +http://ahrefs.com/robot/)" 
211.89.230.130 - - [10/Apr/2017:03:04:24 -0700] "GET /maccdc2012/maccdc2012_full_alert.7z HTTP/1.1" 200 24978942 "-" "Mozilla/5.0 (Macintosh; Intel Mac OS X 10_12_4) AppleWebKit/537.36 (KHTML, like Gecko) Chrome/55.0.2883.95 Safari/537.36" 
103.10.24.194 - - [10/Apr/2017:03:07:27 -0700] "GET /maccdc2012/dhcp.log.gz HTTP/1.1" 200 45019 "http://www.secrepo.com/" "Mozilla/5.0 (X11; Ubuntu; Linux x86_64; rv:52.0) Gecko/20100101 Firefox/52.0" 
103.10.24.194 - - [10/Apr/2017:03:07:28 -0700] "GET /favicon.ico HTTP/1.1" 200 267 "-" "Mozilla/5.0 (X11; Ubuntu; Linux x86_64; rv:52.0) Gecko/20100101 Firefox/52.0" 
103.10.24.194 - - [10/Apr/2017:03:07:29 -0700] "GET /favicon.ico HTTP/1.1" 200 268 "-" "Mozilla/5.0 (X11; Ubuntu; Linux x86_64; rv:52.0) Gecko/20100101 Firefox/52.0" 
103.10.24.194 - - [10/Apr/2017:03:07:29 -0700] "GET /favicon.ico HTTP/1.1" 200 268 "-" "Mozilla/5.0 (X11; Ubuntu; Linux x86_64; rv:52.0) Gecko/20100101 Firefox/52.0" 
46.0.199.1 - - [10/Apr/2017:03:08:30 -0700] "GET / HTTP/1.1" 200 10792 "-" "Mozilla/5.0 (Windows NT 6.1; WOW64) AppleWebKit/537.36 (KHTML, like Gecko) Chrome/56.0.2924.87 Safari/537.36" 
46.0.199.1 - - [10/Apr/2017:03:08:32 -0700] "GET /twitter-icon.png HTTP/1.1" 200 27787 "http://www.secrepo.com/" "Mozilla/5.0 (Windows NT 6.1; WOW64) AppleWebKit/537.36 (KHTML, like Gecko) Chrome/56.0.2924.87 Safari/537.36" 
46.0.199.1 - - [10/Apr/2017:03:08:32 -0700] "GET /GitHub-Mark.png HTTP/1.1" 200 7428 "http://www.secrepo.com/" "Mozilla/5.0 (Windows NT 6.1; WOW64) AppleWebKit/537.36 (KHTML, like Gecko) Chrome/56.0.2924.87 Safari/537.36" 
46.0.199.1 - - [10/Apr/2017:03:08:33 -0700] "GET /bootstrap/img/favicon.ico HTTP/1.1" 200 589 "http://www.secrepo.com/" "Mozilla/5.0 (Windows NT 6.1; WOW64) AppleWebKit/537.36 (KHTML, like Gecko) Chrome/56.0.2924.87 Safari/537.36" 
128.71.109.102 - - [10/Apr/2017:03:09:15 -0700] "GET /honeypot/BSidesDFW%20-%202014.ipynb HTTP/1.0" 200 930799 "http://www.secrepo.com/honeypot/BSidesDFW%20-%202014.ipynb" "Mozilla/5.0 (Windows NT 6.1; WOW64) AppleWebKit/537.36 (KHTML, like Gecko) Chrome/47.0.2526.111 Safari/537.36 OPR/34.0.2036.50" 
120.192.95.88 - - [10/Apr/2017:03:09:36 -0700] "GET /maccdc2012/maccdc2012_full_alert.7z HTTP/1.1" 304 132 "-" "Mozilla/5.0 Gecko/20100115 Firefox/3.6" 
216.244.66.227 - - [10/Apr/2017:03:11:31 -0700] "GET /robots.txt HTTP/1.1" 200 233 "-" "Mozilla/5.0 (compatible; DotBot/1.1; http://www.opensiteexplorer.org/dotbot, help@moz.com)" 
61.149.143.198 - - [10/Apr/2017:03:16:30 -0700] "GET / HTTP/1.1" 301 483 "http://www.freebuf.com/articles/network/131279.html" "Mozilla/5.0 (Windows NT 6.1; WOW64) AppleWebKit/537.36 (KHTML, like Gecko) Chrome/50.0.2661.102 Safari/537.36" 
61.149.143.198 - - [10/Apr/2017:03:16:31 -0700] "GET / HTTP/1.1" 200 10792 "http://www.freebuf.com/articles/network/131279.html" "Mozilla/5.0 (Windows NT 6.1; WOW64) AppleWebKit/537.36 (KHTML, like Gecko) Chrome/50.0.2661.102 Safari/537.36" 
61.149.143.198 - - [10/Apr/2017:03:16:32 -0700] "GET /twitter-icon.png HTTP/1.1" 200 27787 "http://www.secrepo.com/" "Mozilla/5.0 (Windows NT 6.1; WOW64) AppleWebKit/537.36 (KHTML, like Gecko) Chrome/50.0.2661.102 Safari/537.36" 
61.149.143.198 - - [10/Apr/2017:03:16:32 -0700] "GET /GitHub-Mark.png HTTP/1.1" 200 7428 "http://www.secrepo.com/" "Mozilla/5.0 (Windows NT 6.1; WOW64) AppleWebKit/537.36 (KHTML, like Gecko) Chrome/50.0.2661.102 Safari/537.36" 
216.244.66.227 - - [10/Apr/2017:03:16:56 -0700] "GET /self.logs/access.log.2015-02-09.gz HTTP/1.1" 200 4163 "-" "Mozilla/5.0 (compatible; DotBot/1.1; http://www.opensiteexplorer.org/dotbot, help@moz.com)" 
216.244.66.227 - - [10/Apr/2017:03:16:58 -0700] "GET /self.logs/access.log.2015-09-13.gz HTTP/1.1" 200 4281 "-" "Mozilla/5.0 (compatible; DotBot/1.1; http://www.opensiteexplorer.org/dotbot, help@moz.com)" 
216.244.66.227 - - [10/Apr/2017:03:16:59 -0700] "GET /self.logs/access.log.2016-02-03.gz HTTP/1.1" 200 7168 "-" "Mozilla/5.0 (compatible; DotBot/1.1; http://www.opensiteexplorer.org/dotbot, help@moz.com)" 
216.244.66.227 - - [10/Apr/2017:03:17:01 -0700] "GET /self.logs/access.log.2016-03-03.gz HTTP/1.1" 200 14098 "-" "Mozilla/5.0 (compatible; DotBot/1.1; http://www.opensiteexplorer.org/dotbot, help@moz.com)" 
216.244.66.227 - - [10/Apr/2017:03:17:02 -0700] "GET /self.logs/access.log.2016-05-26.gz HTTP/1.1" 200 8585 "-" "Mozilla/5.0 (compatible; DotBot/1.1; http://www.opensiteexplorer.org/dotbot, help@moz.com)" 
216.244.66.227 - - [10/Apr/2017:03:17:04 -0700] "GET /self.logs/access.log.2017-02-18.gz HTTP/1.1" 200 20892 "-" "Mozilla/5.0 (compatible; DotBot/1.1; http://www.opensiteexplorer.org/dotbot, help@moz.com)" 
216.244.66.227 - - [10/Apr/2017:03:17:05 -0700] "GET /self.logs/error.log.2015-03-26.gz HTTP/1.1" 200 1030 "-" "Mozilla/5.0 (compatible; DotBot/1.1; http://www.opensiteexplorer.org/dotbot, help@moz.com)" 
216.244.66.227 - - [10/Apr/2017:03:17:10 -0700] "GET /self.logs/error.log.2015-05-15.gz HTTP/1.1" 200 1018 "-" "Mozilla/5.0 (compatible; DotBot/1.1; http://www.opensiteexplorer.org/dotbot, help@moz.com)" 
61.149.143.198 - - [10/Apr/2017:03:18:31 -0700] "GET /bootstrap/img/favicon.ico HTTP/1.1" 200 590 "http://www.secrepo.com/" "Mozilla/5.0 (Windows NT 6.1; WOW64) AppleWebKit/537.36 (KHTML, like Gecko) Chrome/50.0.2661.102 Safari/537.36" 
51.255.65.43 - - [10/Apr/2017:03:19:00 -0700] "GET /self.logs/?C=M;O=A HTTP/1.1" 200 16938 "-" "Mozilla/5.0 (compatible; AhrefsBot/5.2; +http://ahrefs.com/robot/)" 
119.137.112.196 - - [10/Apr/2017:03:20:34 -0700] "GET / HTTP/1.1" 301 483 "http://www.freebuf.com/articles/network/131279.html" "Mozilla/5.0 (Macintosh; Intel Mac OS X 10.12; rv:52.0) Gecko/20100101 Firefox/52.0" 
119.137.112.196 - - [10/Apr/2017:03:20:35 -0700] "GET / HTTP/1.1" 200 10792 "http://www.freebuf.com/articles/network/131279.html" "Mozilla/5.0 (Macintosh; Intel Mac OS X 10.12; rv:52.0) Gecko/20100101 Firefox/52.0" 
119.137.112.196 - - [10/Apr/2017:03:20:36 -0700] "GET /bootstrap/img/favicon.ico HTTP/1.1" 200 589 "-" "Mozilla/5.0 (Macintosh; Intel Mac OS X 10.12; rv:52.0) Gecko/20100101 Firefox/52.0" 
119.137.112.196 - - [10/Apr/2017:03:20:37 -0700] "GET /twitter-icon.png HTTP/1.1" 200 27787 "http://www.secrepo.com/" "Mozilla/5.0 (Macintosh; Intel Mac OS X 10.12; rv:52.0) Gecko/20100101 Firefox/52.0" 
119.137.112.196 - - [10/Apr/2017:03:20:37 -0700] "GET /GitHub-Mark.png HTTP/1.1" 200 7428 "http://www.secrepo.com/" "Mozilla/5.0 (Macintosh; Intel Mac OS X 10.12; rv:52.0) Gecko/20100101 Firefox/52.0" 
211.89.230.130 - - [10/Apr/2017:03:20:55 -0700] "GET /tg/tg_snort_fast.7z HTTP/1.1" 200 4274093 "-" "Mozilla/5.0 (Macintosh; Intel Mac OS X 10_12_4) AppleWebKit/537.36 (KHTML, like Gecko) Chrome/55.0.2883.95 Safari/537.36" 
211.89.230.130 - - [10/Apr/2017:03:22:47 -0700] "GET /data HTTP/1.1" 404 340 "http://www.secrepo.com/" "Mozilla/5.0 (Macintosh; Intel Mac OS X 10_12_4) AppleWebKit/537.36 (KHTML, like Gecko) Chrome/55.0.2883.95 Safari/537.36" 
91.98.250.67 - - [10/Apr/2017:03:23:23 -0700] "GET / HTTP/1.1" 200 10792 "https://www.google.com/" "Mozilla/5.0 (Windows NT 6.2; WOW64; rv:52.0) Gecko/20100101 Firefox/52.0" 
91.98.250.67 - - [10/Apr/2017:03:23:23 -0700] "GET /bootstrap/img/favicon.ico HTTP/1.1" 200 589 "-" "Mozilla/5.0 (Windows NT 6.2; WOW64; rv:52.0) Gecko/20100101 Firefox/52.0" 
91.98.250.67 - - [10/Apr/2017:03:23:23 -0700] "GET /twitter-icon.png HTTP/1.1" 200 27787 "http://www.secrepo.com/" "Mozilla/5.0 (Windows NT 6.2; WOW64; rv:52.0) Gecko/20100101 Firefox/52.0" 
91.98.250.67 - - [10/Apr/2017:03:23:23 -0700] "GET /GitHub-Mark.png HTTP/1.1" 200 7428 "http://www.secrepo.com/" "Mozilla/5.0 (Windows NT 6.2; WOW64; rv:52.0) Gecko/20100101 Firefox/52.0" 
211.89.230.130 - - [10/Apr/2017:03:23:09 -0700] "GET /maccdc2012/conn.log.gz HTTP/1.1" 200 1554907 "-" "Mozilla/5.0 (Macintosh; Intel Mac OS X 10_12_4) AppleWebKit/537.36 (KHTML, like Gecko) Chrome/55.0.2883.95 Safari/537.36" 
159.226.251.229 - - [10/Apr/2017:03:24:35 -0700] "GET /maccdc2012/conn.log.gz HTTP/1.1" 304 156 "-" "Mozilla/5.0 Gecko/20100115 Firefox/3.6" 
79.112.9.229 - - [10/Apr/2017:03:25:28 -0700] "GET /wp-login.php HTTP/1.1" 404 295 "-" "Mozilla/5.0 (Windows NT 6.1; WOW64; rv:40.0) Gecko/20100101 Firefox/40.1" 
79.112.9.229 - - [10/Apr/2017:03:25:34 -0700] "GET /wp-login.php HTTP/1.1" 404 295 "-" "Mozilla/5.0 (Windows NT 6.1; WOW64; rv:40.0) Gecko/20100101 Firefox/40.1" 
79.112.9.229 - - [10/Apr/2017:03:25:39 -0700] "GET / HTTP/1.1" 200 36475 "-" "Mozilla/5.0 (Windows NT 6.1; WOW64; rv:40.0) Gecko/20100101 Firefox/40.1" 
117.136.40.224 - - [10/Apr/2017:03:27:53 -0700] "GET / HTTP/1.1" 301 483 "http://www.freebuf.com/articles/network/131279.html" "MI 5s_6.0.1_WeiboIntlAndroid_2110" 
117.136.40.224 - - [10/Apr/2017:03:27:54 -0700] "GET / HTTP/1.1" 200 10792 "http://www.freebuf.com/articles/network/131279.html" "MI 5s_6.0.1_WeiboIntlAndroid_2110" 
117.136.40.224 - - [10/Apr/2017:03:27:55 -0700] "GET /GitHub-Mark.png HTTP/1.1" 200 7428 "http://www.secrepo.com/" "MI 5s_6.0.1_WeiboIntlAndroid_2110" 
117.136.40.224 - - [10/Apr/2017:03:27:55 -0700] "GET /twitter-icon.png HTTP/1.1" 200 27787 "http://www.secrepo.com/" "MI 5s_6.0.1_WeiboIntlAndroid_2110" 
119.137.112.196 - - [10/Apr/2017:03:28:49 -0700] "GET /data HTTP/1.1" 404 340 "http://www.secrepo.com/" "Mozilla/5.0 (Macintosh; Intel Mac OS X 10.12; rv:52.0) Gecko/20100101 Firefox/52.0" 
119.137.112.196 - - [10/Apr/2017:03:28:50 -0700] "GET /favicon.ico HTTP/1.1" 200 267 "-" "Mozilla/5.0 (Macintosh; Intel Mac OS X 10.12; rv:52.0) Gecko/20100101 Firefox/52.0" 
79.112.9.229 - - [10/Apr/2017:03:29:11 -0700] "GET /wp-login.php HTTP/1.1" 301 522 "-" "Mozilla/5.0 (Windows NT 6.1; WOW64; rv:40.0) Gecko/20100101 Firefox/40.1" 
79.112.9.229 - - [10/Apr/2017:03:29:11 -0700] "GET /wp-login.php HTTP/1.1" 404 295 "-" "Mozilla/5.0 (Windows NT 6.1; WOW64; rv:40.0) Gecko/20100101 Firefox/40.1" 
79.112.9.229 - - [10/Apr/2017:03:29:17 -0700] "GET /wp-login.php HTTP/1.1" 301 522 "-" "Mozilla/5.0 (Windows NT 6.1; WOW64; rv:40.0) Gecko/20100101 Firefox/40.1" 
79.112.9.229 - - [10/Apr/2017:03:29:17 -0700] "GET /wp-login.php HTTP/1.1" 404 295 "-" "Mozilla/5.0 (Windows NT 6.1; WOW64; rv:40.0) Gecko/20100101 Firefox/40.1" 
79.112.9.229 - - [10/Apr/2017:03:29:22 -0700] "GET / HTTP/1.1" 301 498 "-" "Mozilla/5.0 (Windows NT 6.1; WOW64; rv:40.0) Gecko/20100101 Firefox/40.1" 
79.112.9.229 - - [10/Apr/2017:03:29:23 -0700] "GET / HTTP/1.1" 200 36475 "-" "Mozilla/5.0 (Windows NT 6.1; WOW64; rv:40.0) Gecko/20100101 Firefox/40.1" 
199.16.157.182 - - [10/Apr/2017:03:31:19 -0700] "GET /robots.txt HTTP/1.1" 200 233 "-" "Twitterbot/1.0" 
199.16.157.182 - - [10/Apr/2017:03:31:19 -0700] "GET / HTTP/1.1" 200 10736 "-" "Twitterbot/1.0" 
162.222.181.176 - - [10/Apr/2017:03:34:41 -0700] "GET / HTTP/1.1" 200 10792 "https://www.google.com/" "Mozilla/5.0 (Windows NT 10.0; Win64; x64) AppleWebKit/537.36 (KHTML, like Gecko) Chrome/56.0.2924.87 Safari/537.36" 
162.222.181.176 - - [10/Apr/2017:03:34:42 -0700] "GET /twitter-icon.png HTTP/1.1" 200 27787 "http://www.secrepo.com/" "Mozilla/5.0 (Windows NT 10.0; Win64; x64) AppleWebKit/537.36 (KHTML, like Gecko) Chrome/56.0.2924.87 Safari/537.36" 
162.222.181.176 - - [10/Apr/2017:03:34:42 -0700] "GET /GitHub-Mark.png HTTP/1.1" 200 7428 "http://www.secrepo.com/" "Mozilla/5.0 (Windows NT 10.0; Win64; x64) AppleWebKit/537.36 (KHTML, like Gecko) Chrome/56.0.2924.87 Safari/537.36" 
162.222.181.176 - - [10/Apr/2017:03:34:47 -0700] "GET /bootstrap/img/favicon.ico HTTP/1.1" 200 590 "http://www.secrepo.com/" "Mozilla/5.0 (Windows NT 10.0; Win64; x64) AppleWebKit/537.36 (KHTML, like Gecko) Chrome/56.0.2924.87 Safari/537.36" 
27.205.255.228 - - [10/Apr/2017:03:36:54 -0700] "GET /maccdc2012/maccdc2012_full_alert.7z HTTP/1.1" 200 1336320 "-" "Mozilla/5.0 (compatible; MSIE 6.0; Windows NT 5.0)" 
27.205.255.228 - - [10/Apr/2017:03:36:54 -0700] "GET /maccdc2012/maccdc2012_full_alert.7z HTTP/1.1" 200 1267200 "-" "Mozilla/5.0 (compatible; MSIE 6.0; Windows NT 5.0)" 
27.205.255.228 - - [10/Apr/2017:03:36:54 -0700] "GET /maccdc2012/maccdc2012_full_alert.7z HTTP/1.1" 200 508320 "-" "Mozilla/5.0 (compatible; MSIE 6.0; Windows NT 5.0)" 
27.205.255.228 - - [10/Apr/2017:03:36:54 -0700] "GET /maccdc2012/maccdc2012_full_alert.7z HTTP/1.1" 200 1078560 "-" "Mozilla/5.0 (compatible; MSIE 6.0; Windows NT 5.0)" 
163.172.66.65 - - [10/Apr/2017:03:39:58 -0700] "GET /self.logs/access.log.2017-02-17.gz HTTP/1.1" 200 14937 "-" "Mozilla/5.0 (compatible; AhrefsBot/5.2; +http://ahrefs.com/robot/)" 
163.172.65.41 - - [10/Apr/2017:03:41:56 -0700] "GET /self.logs/access.log.2015-05-11.gz HTTP/1.1" 200 5110 "-" "Mozilla/5.0 (compatible; AhrefsBot/5.2; +http://ahrefs.com/robot/)" 
216.244.66.227 - - [10/Apr/2017:03:41:58 -0700] "GET /robots.txt HTTP/1.1" 200 233 "-" "Mozilla/5.0 (compatible; DotBot/1.1; http://www.opensiteexplorer.org/dotbot, help@moz.com)" 
52.91.184.228 - - [10/Apr/2017:03:44:31 -0700] "GET / HTTP/1.1" 206 10841 "-" "Slackbot-LinkExpanding 1.0 (+https://api.slack.com/robots)" 
52.91.184.228 - - [10/Apr/2017:03:44:31 -0700] "GET /bootstrap/img/apple-touch-icon.png HTTP/1.1" 404 339 "https://slack.com" "Slackbot-LinkExpanding 1.0 (+https://api.slack.com/robots)" 
52.91.184.228 - - [10/Apr/2017:03:44:31 -0700] "GET /favicon.ico HTTP/1.1" 200 267 "https://slack.com" "Slackbot-LinkExpanding 1.0 (+https://api.slack.com/robots)" 
80.107.50.99 - - [10/Apr/2017:03:44:38 -0700] "GET / HTTP/1.1" 200 10792 "-" "Mozilla/5.0 (X11; Linux x86_64) AppleWebKit/537.36 (KHTML, like Gecko) Chrome/57.0.2987.110 Safari/537.36" 
80.107.50.99 - - [10/Apr/2017:03:44:38 -0700] "GET /twitter-icon.png HTTP/1.1" 200 27787 "http://www.secrepo.com/" "Mozilla/5.0 (X11; Linux x86_64) AppleWebKit/537.36 (KHTML, like Gecko) Chrome/57.0.2987.110 Safari/537.36" 
80.107.50.99 - - [10/Apr/2017:03:44:38 -0700] "GET /GitHub-Mark.png HTTP/1.1" 200 7428 "http://www.secrepo.com/" "Mozilla/5.0 (X11; Linux x86_64) AppleWebKit/537.36 (KHTML, like Gecko) Chrome/57.0.2987.110 Safari/537.36" 
80.107.50.99 - - [10/Apr/2017:03:44:40 -0700] "GET /bootstrap/img/favicon.ico HTTP/1.1" 200 589 "http://www.secrepo.com/" "Mozilla/5.0 (X11; Linux x86_64) AppleWebKit/537.36 (KHTML, like Gecko) Chrome/57.0.2987.110 Safari/537.36" 
105.238.151.233 - - [10/Apr/2017:03:45:50 -0700] "GET / HTTP/1.1" 200 10792 "https://www.google.com/" "Mozilla/5.0 (Windows NT 10.0; WOW64; rv:52.0) Gecko/20100101 Firefox/52.0" 
105.238.151.233 - - [10/Apr/2017:03:45:51 -0700] "GET /bootstrap/img/favicon.ico HTTP/1.1" 200 589 "-" "Mozilla/5.0 (Windows NT 10.0; WOW64; rv:52.0) Gecko/20100101 Firefox/52.0" 
105.238.151.233 - - [10/Apr/2017:03:45:53 -0700] "GET /twitter-icon.png HTTP/1.1" 200 27787 "http://www.secrepo.com/" "Mozilla/5.0 (Windows NT 10.0; WOW64; rv:52.0) Gecko/20100101 Firefox/52.0" 
105.238.151.233 - - [10/Apr/2017:03:45:53 -0700] "GET /GitHub-Mark.png HTTP/1.1" 200 7428 "http://www.secrepo.com/" "Mozilla/5.0 (Windows NT 10.0; WOW64; rv:52.0) Gecko/20100101 Firefox/52.0" 
105.238.151.233 - - [10/Apr/2017:03:46:48 -0700] "GET /maccdc2012/conn.log.gz HTTP/1.1" 200 632800 "http://www.secrepo.com/" "Mozilla/5.0 (Windows NT 10.0; WOW64; rv:52.0) Gecko/20100101 Firefox/52.0" 
162.222.181.176 - - [10/Apr/2017:03:48:14 -0700] "GET /self.logs/ HTTP/1.1" 200 16631 "http://www.secrepo.com/" "Mozilla/5.0 (Windows NT 10.0; Win64; x64) AppleWebKit/537.36 (KHTML, like Gecko) Chrome/56.0.2924.87 Safari/537.36" 
162.222.181.176 - - [10/Apr/2017:03:48:15 -0700] "GET /favicon.ico HTTP/1.1" 200 267 "http://www.secrepo.com/self.logs/" "Mozilla/5.0 (Windows NT 10.0; Win64; x64) AppleWebKit/537.36 (KHTML, like Gecko) Chrome/56.0.2924.87 Safari/537.36" 
105.238.151.233 - - [10/Apr/2017:03:48:15 -0700] "GET /maccdc2012/weird.log.gz HTTP/1.1" 206 46200 "http://www.secrepo.com/" "Mozilla/5.0 (Windows NT 10.0; WOW64; rv:52.0) Gecko/20100101 Firefox/52.0" 
105.238.151.233 - - [10/Apr/2017:03:48:15 -0700] "GET /maccdc2012/weird.log.gz HTTP/1.1" 206 87242 "http://www.secrepo.com/" "Mozilla/5.0 (Windows NT 10.0; WOW64; rv:52.0) Gecko/20100101 Firefox/52.0" 
105.238.151.233 - - [10/Apr/2017:03:48:14 -0700] "GET /maccdc2012/weird.log.gz HTTP/1.1" 206 195999 "http://www.secrepo.com/" "Mozilla/5.0 (Windows NT 10.0; WOW64; rv:52.0) Gecko/20100101 Firefox/52.0" 
105.238.151.233 - - [10/Apr/2017:03:48:11 -0700] "GET /maccdc2012/weird.log.gz HTTP/1.1" 200 639800 "http://www.secrepo.com/" "Mozilla/5.0 (Windows NT 10.0; WOW64; rv:52.0) Gecko/20100101 Firefox/52.0" 
105.238.151.233 - - [10/Apr/2017:03:48:13 -0700] "GET /maccdc2012/weird.log.gz HTTP/1.1" 206 548800 "http://www.secrepo.com/" "Mozilla/5.0 (Windows NT 10.0; WOW64; rv:52.0) Gecko/20100101 Firefox/52.0" 
105.238.151.233 - - [10/Apr/2017:03:48:17 -0700] "GET /maccdc2012/weird.log.gz HTTP/1.1" 206 34815 "http://www.secrepo.com/" "Mozilla/5.0 (Windows NT 10.0; WOW64; rv:52.0) Gecko/20100101 Firefox/52.0" 
105.238.151.233 - - [10/Apr/2017:03:48:15 -0700] "GET /maccdc2012/weird.log.gz HTTP/1.1" 206 46200 "http://www.secrepo.com/" "Mozilla/5.0 (Windows NT 10.0; WOW64; rv:52.0) Gecko/20100101 Firefox/52.0" 
105.238.151.233 - - [10/Apr/2017:03:48:15 -0700] "GET /maccdc2012/weird.log.gz HTTP/1.1" 206 91000 "http://www.secrepo.com/" "Mozilla/5.0 (Windows NT 10.0; WOW64; rv:52.0) Gecko/20100101 Firefox/52.0" 
105.238.151.233 - - [10/Apr/2017:03:48:14 -0700] "GET /maccdc2012/weird.log.gz HTTP/1.1" 206 175000 "http://www.secrepo.com/" "Mozilla/5.0 (Windows NT 10.0; WOW64; rv:52.0) Gecko/20100101 Firefox/52.0" 
162.222.181.176 - - [10/Apr/2017:03:48:27 -0700] "GET /self.logs/access.log.2015-01-17.gz HTTP/1.1" 200 3597 "http://www.secrepo.com/self.logs/" "Mozilla/5.0 (Windows NT 10.0; Win64; x64) AppleWebKit/537.36 (KHTML, like Gecko) Chrome/56.0.2924.87 Safari/537.36" 
216.244.66.227 - - [10/Apr/2017:03:48:38 -0700] "GET /self.logs/access.log.2016-01-22.gz HTTP/1.1" 200 5562 "-" "Mozilla/5.0 (compatible; DotBot/1.1; http://www.opensiteexplorer.org/dotbot, help@moz.com)" 
216.244.66.227 - - [10/Apr/2017:03:48:41 -0700] "GET /self.logs/access.log.2016-06-02.gz HTTP/1.1" 200 11172 "-" "Mozilla/5.0 (compatible; DotBot/1.1; http://www.opensiteexplorer.org/dotbot, help@moz.com)" 
216.244.66.227 - - [10/Apr/2017:03:48:43 -0700] "GET /self.logs/access.log.2016-10-08.gz HTTP/1.1" 200 6656 "-" "Mozilla/5.0 (compatible; DotBot/1.1; http://www.opensiteexplorer.org/dotbot, help@moz.com)" 
216.244.66.227 - - [10/Apr/2017:03:48:45 -0700] "GET /self.logs/error.log.2015-11-20.gz HTTP/1.1" 200 923 "-" "Mozilla/5.0 (compatible; DotBot/1.1; http://www.opensiteexplorer.org/dotbot, help@moz.com)" 
216.244.66.227 - - [10/Apr/2017:03:48:46 -0700] "GET /self.logs/error.log.2015-12-22.gz HTTP/1.1" 200 674 "-" "Mozilla/5.0 (compatible; DotBot/1.1; http://www.opensiteexplorer.org/dotbot, help@moz.com)" 
216.244.66.227 - - [10/Apr/2017:03:48:48 -0700] "GET /self.logs/error.log.2017-01-16.gz HTTP/1.1" 200 900 "-" "Mozilla/5.0 (compatible; DotBot/1.1; http://www.opensiteexplorer.org/dotbot, help@moz.com)" 
105.238.151.233 - - [10/Apr/2017:03:46:51 -0700] "GET /maccdc2012/conn.log.gz HTTP/1.1" 206 578200 "http://www.secrepo.com/" "Mozilla/5.0 (Windows NT 10.0; WOW64; rv:52.0) Gecko/20100101 Firefox/52.0" 
105.238.151.233 - - [10/Apr/2017:03:46:54 -0700] "GET /maccdc2012/conn.log.gz HTTP/1.1" 206 1017800 "http://www.secrepo.com/" "Mozilla/5.0 (Windows NT 10.0; WOW64; rv:52.0) Gecko/20100101 Firefox/52.0" 
105.238.151.233 - - [10/Apr/2017:03:46:51 -0700] "GET /maccdc2012/conn.log.gz HTTP/1.1" 206 69553400 "http://www.secrepo.com/" "Mozilla/5.0 (Windows NT 10.0; WOW64; rv:52.0) Gecko/20100101 Firefox/52.0" 
105.238.151.233 - - [10/Apr/2017:03:46:54 -0700] "GET /maccdc2012/conn.log.gz HTTP/1.1" 206 68585911 "http://www.secrepo.com/" "Mozilla/5.0 (Windows NT 10.0; WOW64; rv:52.0) Gecko/20100101 Firefox/52.0" 
123.163.18.227 - - [10/Apr/2017:03:54:12 -0700] "GET /favicon.ico HTTP/1.1" 200 212 "-" "Mozilla/4.0 (compatible; MSIE 7.0; Windows NT 5.1; Trident/4.0; .NET CLR 2.0.50727; 360space)" 
105.238.151.233 - - [10/Apr/2017:03:48:55 -0700] "GET /maccdc2012/conn.log.gz HTTP/1.1" 206 1773800 "http://www.secrepo.com/" "Mozilla/5.0 (Windows NT 10.0; WOW64; rv:52.0) Gecko/20100101 Firefox/52.0" 
105.238.151.233 - - [10/Apr/2017:03:46:54 -0700] "GET /maccdc2012/conn.log.gz HTTP/1.1" 206 69902000 "http://www.secrepo.com/" "Mozilla/5.0 (Windows NT 10.0; WOW64; rv:52.0) Gecko/20100101 Firefox/52.0" 
105.238.151.233 - - [10/Apr/2017:03:52:56 -0700] "GET /maccdc2012/conn.log.gz HTTP/1.1" 206 34428758 "http://www.secrepo.com/" "Mozilla/5.0 (Windows NT 10.0; WOW64; rv:52.0) Gecko/20100101 Firefox/52.0" 
105.238.151.233 - - [10/Apr/2017:03:50:18 -0700] "GET /maccdc2012/conn.log.gz HTTP/1.1" 206 67599542 "http://www.secrepo.com/" "Mozilla/5.0 (Windows NT 10.0; WOW64; rv:52.0) Gecko/20100101 Firefox/52.0" 
105.238.151.233 - - [10/Apr/2017:03:54:06 -0700] "GET /maccdc2012/conn.log.gz HTTP/1.1" 206 33224179 "http://www.secrepo.com/" "Mozilla/5.0 (Windows NT 10.0; WOW64; rv:52.0) Gecko/20100101 Firefox/52.0" 
105.238.151.233 - - [10/Apr/2017:03:56:11 -0700] "GET /maccdc2012/conn.log.gz HTTP/1.1" 206 15785686 "http://www.secrepo.com/" "Mozilla/5.0 (Windows NT 10.0; WOW64; rv:52.0) Gecko/20100101 Firefox/52.0" 
105.238.151.233 - - [10/Apr/2017:03:56:03 -0700] "GET /maccdc2012/conn.log.gz HTTP/1.1" 206 15886329 "http://www.secrepo.com/" "Mozilla/5.0 (Windows NT 10.0; WOW64; rv:52.0) Gecko/20100101 Firefox/52.0" 
105.238.151.233 - - [10/Apr/2017:03:57:04 -0700] "GET /maccdc2012/conn.log.gz HTTP/1.1" 206 14979877 "http://www.secrepo.com/" "Mozilla/5.0 (Windows NT 10.0; WOW64; rv:52.0) Gecko/20100101 Firefox/52.0" 
105.238.151.233 - - [10/Apr/2017:03:57:24 -0700] "GET /maccdc2012/conn.log.gz HTTP/1.1" 206 14460154 "http://www.secrepo.com/" "Mozilla/5.0 (Windows NT 10.0; WOW64; rv:52.0) Gecko/20100101 Firefox/52.0" 
105.238.151.233 - - [10/Apr/2017:03:58:46 -0700] "GET /maccdc2012/conn.log.gz HTTP/1.1" 206 12688998 "http://www.secrepo.com/" "Mozilla/5.0 (Windows NT 10.0; WOW64; rv:52.0) Gecko/20100101 Firefox/52.0" 
105.238.151.233 - - [10/Apr/2017:03:59:37 -0700] "GET /maccdc2012/conn.log.gz HTTP/1.1" 206 5738947 "http://www.secrepo.com/" "Mozilla/5.0 (Windows NT 10.0; WOW64; rv:52.0) Gecko/20100101 Firefox/52.0" 
105.238.151.233 - - [10/Apr/2017:04:00:30 -0700] "GET /maccdc2012/conn.log.gz HTTP/1.1" 206 4744026 "http://www.secrepo.com/" "Mozilla/5.0 (Windows NT 10.0; WOW64; rv:52.0) Gecko/20100101 Firefox/52.0" 
105.238.151.233 - - [10/Apr/2017:04:00:56 -0700] "GET /maccdc2012/conn.log.gz HTTP/1.1" 206 3954186 "http://www.secrepo.com/" "Mozilla/5.0 (Windows NT 10.0; WOW64; rv:52.0) Gecko/20100101 Firefox/52.0" 
105.238.151.233 - - [10/Apr/2017:03:58:44 -0700] "GET /maccdc2012/conn.log.gz HTTP/1.1" 206 13655922 "http://www.secrepo.com/" "Mozilla/5.0 (Windows NT 10.0; WOW64; rv:52.0) Gecko/20100101 Firefox/52.0" 
105.238.151.233 - - [10/Apr/2017:03:46:50 -0700] "GET /maccdc2012/conn.log.gz HTTP/1.1" 206 16177000 "http://www.secrepo.com/" "Mozilla/5.0 (Windows NT 10.0; WOW64; rv:52.0) Gecko/20100101 Firefox/52.0" 
105.238.151.233 - - [10/Apr/2017:04:01:21 -0700] "GET /maccdc2012/conn.log.gz HTTP/1.1" 206 2902730 "http://www.secrepo.com/" "Mozilla/5.0 (Windows NT 10.0; WOW64; rv:52.0) Gecko/20100101 Firefox/52.0" 
105.238.151.233 - - [10/Apr/2017:04:01:30 -0700] "GET /maccdc2012/conn.log.gz HTTP/1.1" 206 2199151 "http://www.secrepo.com/" "Mozilla/5.0 (Windows NT 10.0; WOW64; rv:52.0) Gecko/20100101 Firefox/52.0" 
105.238.151.233 - - [10/Apr/2017:04:01:30 -0700] "GET /maccdc2012/conn.log.gz HTTP/1.1" 206 2332364 "http://www.secrepo.com/" "Mozilla/5.0 (Windows NT 10.0; WOW64; rv:52.0) Gecko/20100101 Firefox/52.0" 
105.238.151.233 - - [10/Apr/2017:04:01:49 -0700] "GET /maccdc2012/conn.log.gz HTTP/1.1" 206 46200 "http://www.secrepo.com/" "Mozilla/5.0 (Windows NT 10.0; WOW64; rv:52.0) Gecko/20100101 Firefox/52.0" 
105.238.151.233 - - [10/Apr/2017:04:01:49 -0700] "GET /maccdc2012/conn.log.gz HTTP/1.1" 206 1005652 "http://www.secrepo.com/" "Mozilla/5.0 (Windows NT 10.0; WOW64; rv:52.0) Gecko/20100101 Firefox/52.0" 
105.238.151.233 - - [10/Apr/2017:04:01:56 -0700] "GET /maccdc2012/conn.log.gz HTTP/1.1" 206 873069 "http://www.secrepo.com/" "Mozilla/5.0 (Windows NT 10.0; WOW64; rv:52.0) Gecko/20100101 Firefox/52.0" 
105.238.151.233 - - [10/Apr/2017:04:02:01 -0700] "GET /maccdc2012/conn.log.gz HTTP/1.1" 206 593662 "http://www.secrepo.com/" "Mozilla/5.0 (Windows NT 10.0; WOW64; rv:52.0) Gecko/20100101 Firefox/52.0" 
105.238.151.233 - - [10/Apr/2017:04:01:49 -0700] "GET /maccdc2012/conn.log.gz HTTP/1.1" 206 1148600 "http://www.secrepo.com/" "Mozilla/5.0 (Windows NT 10.0; WOW64; rv:52.0) Gecko/20100101 Firefox/52.0" 
105.238.151.233 - - [10/Apr/2017:03:46:55 -0700] "GET /maccdc2012/conn.log.gz HTTP/1.1" 206 18449200 "http://www.secrepo.com/" "Mozilla/5.0 (Windows NT 10.0; WOW64; rv:52.0) Gecko/20100101 Firefox/52.0" 
105.238.151.233 - - [10/Apr/2017:04:02:06 -0700] "GET /maccdc2012/conn.log.gz HTTP/1.1" 206 501977 "http://www.secrepo.com/" "Mozilla/5.0 (Windows NT 10.0; WOW64; rv:52.0) Gecko/20100101 Firefox/52.0" 
105.238.151.233 - - [10/Apr/2017:04:02:09 -0700] "GET /maccdc2012/conn.log.gz HTTP/1.1" 206 360987 "http://www.secrepo.com/" "Mozilla/5.0 (Windows NT 10.0; WOW64; rv:52.0) Gecko/20100101 Firefox/52.0" 
105.238.151.233 - - [10/Apr/2017:04:02:12 -0700] "GET /maccdc2012/conn.log.gz HTTP/1.1" 206 46200 "http://www.secrepo.com/" "Mozilla/5.0 (Windows NT 10.0; WOW64; rv:52.0) Gecko/20100101 Firefox/52.0" 
105.238.151.233 - - [10/Apr/2017:03:55:55 -0700] "GET /maccdc2012/conn.log.gz HTTP/1.1" 206 12475400 "http://www.secrepo.com/" "Mozilla/5.0 (Windows NT 10.0; WOW64; rv:52.0) Gecko/20100101 Firefox/52.0" 
105.238.151.233 - - [10/Apr/2017:04:02:14 -0700] "GET /maccdc2012/conn.log.gz HTTP/1.1" 206 118533 "http://www.secrepo.com/" "Mozilla/5.0 (Windows NT 10.0; WOW64; rv:52.0) Gecko/20100101 Firefox/52.0" 
105.238.151.233 - - [10/Apr/2017:04:01:37 -0700] "GET /maccdc2012/conn.log.gz HTTP/1.1" 206 1531380 "http://www.secrepo.com/" "Mozilla/5.0 (Windows NT 10.0; WOW64; rv:52.0) Gecko/20100101 Firefox/52.0" 
105.238.151.233 - - [10/Apr/2017:04:02:15 -0700] "GET /maccdc2012/conn.log.gz HTTP/1.1" 206 46200 "http://www.secrepo.com/" "Mozilla/5.0 (Windows NT 10.0; WOW64; rv:52.0) Gecko/20100101 Firefox/52.0" 
105.238.151.233 - - [10/Apr/2017:04:02:14 -0700] "GET /maccdc2012/conn.log.gz HTTP/1.1" 206 135880 "http://www.secrepo.com/" "Mozilla/5.0 (Windows NT 10.0; WOW64; rv:52.0) Gecko/20100101 Firefox/52.0" 
105.238.151.233 - - [10/Apr/2017:03:54:04 -0700] "GET /maccdc2012/conn.log.gz HTTP/1.1" 206 14938000 "http://www.secrepo.com/" "Mozilla/5.0 (Windows NT 10.0; WOW64; rv:52.0) Gecko/20100101 Firefox/52.0" 
105.238.151.233 - - [10/Apr/2017:04:02:15 -0700] "GET /maccdc2012/conn.log.gz HTTP/1.1" 206 61282 "http://www.secrepo.com/" "Mozilla/5.0 (Windows NT 10.0; WOW64; rv:52.0) Gecko/20100101 Firefox/52.0" 
105.238.151.233 - - [10/Apr/2017:04:02:16 -0700] "GET /maccdc2012/conn.log.gz HTTP/1.1" 206 31420 "http://www.secrepo.com/" "Mozilla/5.0 (Windows NT 10.0; WOW64; rv:52.0) Gecko/20100101 Firefox/52.0" 
105.238.151.233 - - [10/Apr/2017:04:02:16 -0700] "GET /maccdc2012/conn.log.gz HTTP/1.1" 206 23283 "http://www.secrepo.com/" "Mozilla/5.0 (Windows NT 10.0; WOW64; rv:52.0) Gecko/20100101 Firefox/52.0" 
105.238.151.233 - - [10/Apr/2017:03:46:54 -0700] "GET /maccdc2012/conn.log.gz HTTP/1.1" 206 14203000 "http://www.secrepo.com/" "Mozilla/5.0 (Windows NT 10.0; WOW64; rv:52.0) Gecko/20100101 Firefox/52.0" 
105.238.151.233 - - [10/Apr/2017:04:02:17 -0700] "GET /maccdc2012/conn.log.gz HTTP/1.1" 206 15897 "http://www.secrepo.com/" "Mozilla/5.0 (Windows NT 10.0; WOW64; rv:52.0) Gecko/20100101 Firefox/52.0" 
105.238.151.233 - - [10/Apr/2017:03:54:14 -0700] "GET /maccdc2012/conn.log.gz HTTP/1.1" 206 15772400 "http://www.secrepo.com/" "Mozilla/5.0 (Windows NT 10.0; WOW64; rv:52.0) Gecko/20100101 Firefox/52.0" 
86.51.5.102 - - [10/Apr/2017:04:08:25 -0700] "GET /wp-login.php HTTP/1.1" 404 295 "-" "Mozilla/5.0 (Windows NT 6.1; WOW64; rv:40.0) Gecko/20100101 Firefox/40.1" 
86.51.5.102 - - [10/Apr/2017:04:08:30 -0700] "GET /wp-login.php HTTP/1.1" 404 295 "-" "Mozilla/5.0 (Windows NT 6.1; WOW64; rv:40.0) Gecko/20100101 Firefox/40.1" 
86.51.5.102 - - [10/Apr/2017:04:08:36 -0700] "GET / HTTP/1.1" 200 36475 "-" "Mozilla/5.0 (Windows NT 6.1; WOW64; rv:40.0) Gecko/20100101 Firefox/40.1" 
131.246.194.53 - - [10/Apr/2017:04:11:28 -0700] "GET / HTTP/1.1" 200 10792 "-" "Mozilla/5.0 (Windows NT 6.3; Win64; x64) AppleWebKit/537.36 (KHTML, like Gecko) Chrome/57.0.2987.133 Safari/537.36" 
131.246.194.53 - - [10/Apr/2017:04:11:28 -0700] "GET /twitter-icon.png HTTP/1.1" 200 27787 "http://www.secrepo.com/" "Mozilla/5.0 (Windows NT 6.3; Win64; x64) AppleWebKit/537.36 (KHTML, like Gecko) Chrome/57.0.2987.133 Safari/537.36" 
131.246.194.53 - - [10/Apr/2017:04:11:28 -0700] "GET /GitHub-Mark.png HTTP/1.1" 200 7428 "http://www.secrepo.com/" "Mozilla/5.0 (Windows NT 6.3; Win64; x64) AppleWebKit/537.36 (KHTML, like Gecko) Chrome/57.0.2987.133 Safari/537.36" 
131.246.194.53 - - [10/Apr/2017:04:11:28 -0700] "GET /bootstrap/img/favicon.ico HTTP/1.1" 200 589 "http://www.secrepo.com/" "Mozilla/5.0 (Windows NT 6.3; Win64; x64) AppleWebKit/537.36 (KHTML, like Gecko) Chrome/57.0.2987.133 Safari/537.36" 
163.172.66.105 - - [10/Apr/2017:04:11:46 -0700] "GET /self.logs/error.log.2017-02-12.gz HTTP/1.1" 200 1104 "-" "Mozilla/5.0 (compatible; AhrefsBot/5.2; +http://ahrefs.com/robot/)" 
14.17.22.32 - - [10/Apr/2017:04:12:43 -0700] "GET / HTTP/1.1" 301 483 "-" "Mozilla/5.0 (Windows NT 6.1; WOW64) AppleWebKit/537.36 (KHTML, like Gecko) Chrome/56.0.2924.87 Safari/537.36" 
14.17.22.32 - - [10/Apr/2017:04:12:45 -0700] "GET / HTTP/1.1" 200 10792 "-" "Mozilla/5.0 (Windows NT 6.1; WOW64) AppleWebKit/537.36 (KHTML, like Gecko) Chrome/56.0.2924.87 Safari/537.36" 
14.17.22.32 - - [10/Apr/2017:04:12:56 -0700] "GET /twitter-icon.png HTTP/1.1" 200 27788 "http://www.secrepo.com/" "Mozilla/5.0 (Windows NT 6.1; WOW64) AppleWebKit/537.36 (KHTML, like Gecko) Chrome/56.0.2924.87 Safari/537.36" 
14.17.22.32 - - [10/Apr/2017:04:12:56 -0700] "GET /GitHub-Mark.png HTTP/1.1" 200 7428 "http://www.secrepo.com/" "Mozilla/5.0 (Windows NT 6.1; WOW64) AppleWebKit/537.36 (KHTML, like Gecko) Chrome/56.0.2924.87 Safari/537.36" 
14.17.22.32 - - [10/Apr/2017:04:12:57 -0700] "GET /bootstrap/img/favicon.ico HTTP/1.1" 200 589 "http://www.secrepo.com/" "Mozilla/5.0 (Windows NT 6.1; WOW64) AppleWebKit/537.36 (KHTML, like Gecko) Chrome/56.0.2924.87 Safari/537.36" 
180.163.2.88 - - [10/Apr/2017:04:13:32 -0700] "GET /bootstrap/img/favicon.ico HTTP/1.1" 200 590 "-" "Mozilla/5.0 (Windows NT 6.1; WOW64) AppleWebKit/537.36 (KHTML, like Gecko) Chrome/56.0.2924.87 Safari/537.36" 
101.226.33.240 - - [10/Apr/2017:04:13:32 -0700] "GET /twitter-icon.png HTTP/1.1" 200 27788 "-" "Mozilla/5.0 (Windows NT 6.1; WOW64) AppleWebKit/537.36 (KHTML, like Gecko) Chrome/45.0.2454.101 Safari/537.36" 
180.153.206.22 - - [10/Apr/2017:04:13:35 -0700] "GET /bootstrap/img/favicon.ico HTTP/1.1" 200 590 "-" "Mozilla/5.0 (Windows NT 6.1; WOW64) AppleWebKit/537.36 (KHTML, like Gecko) Chrome/45.0.2454.101 Safari/537.36" 
101.226.65.105 - - [10/Apr/2017:04:13:30 -0700] "GET /maccdc2012/http.log.gz HTTP/1.1" 200 151670 "http://www.secrepo.com/" "Mozilla/5.0 (Windows NT 6.1; WOW64) AppleWebKit/537.36 (KHTML, like Gecko) Chrome/43.0.2357.124 Safari/537.36" 
2.121.9.4 - - [10/Apr/2017:04:19:43 -0700] "GET /bootstrap/img/favicon.ico HTTP/1.1" 200 590 "-" "Mozilla/5.0 (Windows NT 10.0; WOW64; rv:52.0) Gecko/20100101 Firefox/52.0" 
216.244.66.227 - - [10/Apr/2017:04:21:04 -0700] "GET /robots.txt HTTP/1.1" 200 233 "-" "Mozilla/5.0 (compatible; DotBot/1.1; http://www.opensiteexplorer.org/dotbot, help@moz.com)" 
36.110.16.77 - - [10/Apr/2017:04:21:16 -0700] "GET / HTTP/1.1" 301 483 "-" "Mozilla/5.0 (Windows NT 6.1; Win64; x64) AppleWebKit/537.36 (KHTML, like Gecko) Chrome/56.0.2924.87 Safari/537.36" 
163.172.66.48 - - [10/Apr/2017:04:21:16 -0700] "GET /self.logs/access.log.2015-03-07.gz HTTP/1.1" 200 2692 "-" "Mozilla/5.0 (compatible; AhrefsBot/5.2; +http://ahrefs.com/robot/)" 
36.110.16.77 - - [10/Apr/2017:04:21:17 -0700] "GET / HTTP/1.1" 200 10792 "-" "Mozilla/5.0 (Windows NT 6.1; Win64; x64) AppleWebKit/537.36 (KHTML, like Gecko) Chrome/56.0.2924.87 Safari/537.36" 
36.110.16.77 - - [10/Apr/2017:04:21:17 -0700] "GET /GitHub-Mark.png HTTP/1.1" 200 7428 "http://www.secrepo.com/" "Mozilla/5.0 (Windows NT 6.1; Win64; x64) AppleWebKit/537.36 (KHTML, like Gecko) Chrome/56.0.2924.87 Safari/537.36" 
36.110.16.77 - - [10/Apr/2017:04:21:17 -0700] "GET /twitter-icon.png HTTP/1.1" 200 27787 "http://www.secrepo.com/" "Mozilla/5.0 (Windows NT 6.1; Win64; x64) AppleWebKit/537.36 (KHTML, like Gecko) Chrome/56.0.2924.87 Safari/537.36" 
36.110.16.77 - - [10/Apr/2017:04:21:44 -0700] "GET /data HTTP/1.1" 404 340 "http://www.secrepo.com/" "Mozilla/5.0 (Windows NT 6.1; Win64; x64) AppleWebKit/537.36 (KHTML, like Gecko) Chrome/56.0.2924.87 Safari/537.36" 
162.222.181.176 - - [10/Apr/2017:04:24:45 -0700] "GET /tg/tg_snort_fast.7z HTTP/1.1" 200 4274093 "-" "Mozilla/5.0 (Windows NT 10.0; Win64; x64) AppleWebKit/537.36 (KHTML, like Gecko) Chrome/56.0.2924.87 Safari/537.36" 
54.209.199.74 - - [10/Apr/2017:04:25:46 -0700] "HEAD / HTTP/1.1" 200 284 "-" "Go-http-client/1.1" 
36.110.16.77 - - [10/Apr/2017:04:26:16 -0700] "GET /data HTTP/1.1" 404 340 "-" "Mozilla/5.0 (Windows NT 6.1; Win64; x64) AppleWebKit/537.36 (KHTML, like Gecko) Chrome/56.0.2924.87 Safari/537.36" 
216.244.66.227 - - [10/Apr/2017:04:27:37 -0700] "GET /self.logs/access.log.2016-06-22.gz HTTP/1.1" 200 13116 "-" "Mozilla/5.0 (compatible; DotBot/1.1; http://www.opensiteexplorer.org/dotbot, help@moz.com)" 
216.244.66.227 - - [10/Apr/2017:04:27:40 -0700] "GET /self.logs/error.log.2015-09-01.gz HTTP/1.1" 200 615 "-" "Mozilla/5.0 (compatible; DotBot/1.1; http://www.opensiteexplorer.org/dotbot, help@moz.com)" 
114.255.40.34 - - [10/Apr/2017:04:28:25 -0700] "GET /favicon.ico HTTP/1.1" 301 501 "-" "Mozilla/5.0 (Windows NT 6.3; WOW64) AppleWebKit/537.36 (KHTML, like Gecko) Chrome/45.0.2454.101 Safari/537.36" 
114.255.40.34 - - [10/Apr/2017:04:28:26 -0700] "GET /favicon.ico HTTP/1.1" 200 268 "-" "Mozilla/5.0 (Windows NT 6.3; WOW64) AppleWebKit/537.36 (KHTML, like Gecko) Chrome/45.0.2454.101 Safari/537.36" 
114.255.40.34 - - [10/Apr/2017:04:28:27 -0700] "GET /favicon.ico HTTP/1.1" 200 267 "-" "Mozilla/5.0 (Windows NT 6.3; WOW64) AppleWebKit/537.36 (KHTML, like Gecko) Chrome/45.0.2454.101 Safari/537.36" 
86.51.5.102 - - [10/Apr/2017:04:28:42 -0700] "GET /wp-login.php HTTP/1.1" 301 522 "-" "Mozilla/5.0 (Windows NT 6.1; WOW64; rv:40.0) Gecko/20100101 Firefox/40.1" 
86.51.5.102 - - [10/Apr/2017:04:28:43 -0700] "GET /wp-login.php HTTP/1.1" 404 295 "-" "Mozilla/5.0 (Windows NT 6.1; WOW64; rv:40.0) Gecko/20100101 Firefox/40.1" 
86.51.5.102 - - [10/Apr/2017:04:28:48 -0700] "GET /wp-login.php HTTP/1.1" 301 522 "-" "Mozilla/5.0 (Windows NT 6.1; WOW64; rv:40.0) Gecko/20100101 Firefox/40.1" 
86.51.5.102 - - [10/Apr/2017:04:28:48 -0700] "GET /wp-login.php HTTP/1.1" 404 295 "-" "Mozilla/5.0 (Windows NT 6.1; WOW64; rv:40.0) Gecko/20100101 Firefox/40.1" 
86.51.5.102 - - [10/Apr/2017:04:28:54 -0700] "GET / HTTP/1.1" 301 498 "-" "Mozilla/5.0 (Windows NT 6.1; WOW64; rv:40.0) Gecko/20100101 Firefox/40.1" 
86.51.5.102 - - [10/Apr/2017:04:28:54 -0700] "GET / HTTP/1.1" 200 36475 "-" "Mozilla/5.0 (Windows NT 6.1; WOW64; rv:40.0) Gecko/20100101 Firefox/40.1" 
14.17.22.32 - - [10/Apr/2017:04:13:21 -0700] "GET /maccdc2012/http.log.gz HTTP/1.1" 200 15056058 "http://www.secrepo.com/" "Mozilla/5.0 (Windows NT 6.1; WOW64) AppleWebKit/537.36 (KHTML, like Gecko) Chrome/56.0.2924.87 Safari/537.36" 
185.182.49.12 - - [10/Apr/2017:04:35:35 -0700] "GET /honeypot/Honeypot%20-%20Howto.pdf HTTP/1.0" 200 1279381 "http://www.secrepo.com/" "Mozilla/5.0 (Macintosh; Intel Mac OS X 10.9; rv:35.0) Gecko/20100101 Firefox/35.0" 
103.11.162.35 - - [10/Apr/2017:04:36:14 -0700] "GET /wp-login.php HTTP/1.1" 404 295 "-" "Mozilla/5.0 (Windows NT 6.1; WOW64; rv:40.0) Gecko/20100101 Firefox/40.1" 
103.11.162.35 - - [10/Apr/2017:04:36:21 -0700] "GET /wp-login.php HTTP/1.1" 404 295 "-" "Mozilla/5.0 (Windows NT 6.1; WOW64; rv:40.0) Gecko/20100101 Firefox/40.1" 
103.11.162.35 - - [10/Apr/2017:04:36:30 -0700] "GET / HTTP/1.1" 200 36475 "-" "Mozilla/5.0 (Windows NT 6.1; WOW64; rv:40.0) Gecko/20100101 Firefox/40.1" 
116.52.78.254 - - [10/Apr/2017:04:36:56 -0700] "GET / HTTP/1.1" 301 483 "http://www.freebuf.com/articles/network/131279.html" "Mozilla/5.0 (Windows NT 6.1; WOW64) AppleWebKit/537.36 (KHTML, like Gecko) Chrome/45.0.2454.101 Safari/537.36" 
116.52.78.254 - - [10/Apr/2017:04:36:59 -0700] "GET / HTTP/1.1" 200 10792 "http://www.freebuf.com/articles/network/131279.html" "Mozilla/5.0 (Windows NT 6.1; WOW64) AppleWebKit/537.36 (KHTML, like Gecko) Chrome/45.0.2454.101 Safari/537.36" 
116.52.78.254 - - [10/Apr/2017:04:38:10 -0700] "GET / HTTP/1.1" 200 10792 "http://www.freebuf.com/articles/network/131279.html" "Mozilla/5.0 (Windows NT 6.1; WOW64) AppleWebKit/537.36 (KHTML, like Gecko) Chrome/45.0.2454.101 Safari/537.36" 
114.255.40.34 - - [10/Apr/2017:04:38:15 -0700] "GET /favicon.ico HTTP/1.1" 301 501 "-" "Mozilla/5.0 (Windows NT 6.3; WOW64) AppleWebKit/537.36 (KHTML, like Gecko) Chrome/45.0.2454.101 Safari/537.36" 
116.52.78.254 - - [10/Apr/2017:04:38:15 -0700] "GET /twitter-icon.png HTTP/1.1" 200 27788 "http://www.secrepo.com/" "Mozilla/5.0 (Windows NT 6.1; WOW64) AppleWebKit/537.36 (KHTML, like Gecko) Chrome/45.0.2454.101 Safari/537.36" 
116.52.78.254 - - [10/Apr/2017:04:38:15 -0700] "GET /GitHub-Mark.png HTTP/1.1" 200 7428 "http://www.secrepo.com/" "Mozilla/5.0 (Windows NT 6.1; WOW64) AppleWebKit/537.36 (KHTML, like Gecko) Chrome/45.0.2454.101 Safari/537.36" 
114.255.40.34 - - [10/Apr/2017:04:38:16 -0700] "GET /favicon.ico HTTP/1.1" 200 268 "-" "Mozilla/5.0 (Windows NT 6.3; WOW64) AppleWebKit/537.36 (KHTML, like Gecko) Chrome/45.0.2454.101 Safari/537.36" 
114.255.40.34 - - [10/Apr/2017:04:38:16 -0700] "GET /favicon.ico HTTP/1.1" 200 267 "-" "Mozilla/5.0 (Windows NT 6.3; WOW64) AppleWebKit/537.36 (KHTML, like Gecko) Chrome/45.0.2454.101 Safari/537.36" 
116.52.78.254 - - [10/Apr/2017:04:38:38 -0700] "GET /bootstrap/img/favicon.ico HTTP/1.1" 200 590 "http://www.secrepo.com/" "Mozilla/5.0 (Windows NT 6.1; WOW64) AppleWebKit/537.36 (KHTML, like Gecko) Chrome/45.0.2454.101 Safari/537.36" 
119.2.6.69 - - [10/Apr/2017:04:39:38 -0700] "GET / HTTP/1.1" 301 483 "http://www.freebuf.com/articles/network/131279.html" "Mozilla/5.0 (Windows NT 10.0; Win64; x64) AppleWebKit/537.36 (KHTML, like Gecko) Chrome/57.0.2987.133 Safari/537.36" 
119.2.6.69 - - [10/Apr/2017:04:39:39 -0700] "GET / HTTP/1.1" 200 10792 "http://www.freebuf.com/articles/network/131279.html" "Mozilla/5.0 (Windows NT 10.0; Win64; x64) AppleWebKit/537.36 (KHTML, like Gecko) Chrome/57.0.2987.133 Safari/537.36" 
119.2.6.69 - - [10/Apr/2017:04:39:40 -0700] "GET /GitHub-Mark.png HTTP/1.1" 200 7428 "http://www.secrepo.com/" "Mozilla/5.0 (Windows NT 10.0; Win64; x64) AppleWebKit/537.36 (KHTML, like Gecko) Chrome/57.0.2987.133 Safari/537.36" 
119.2.6.69 - - [10/Apr/2017:04:39:40 -0700] "GET /twitter-icon.png HTTP/1.1" 200 27787 "http://www.secrepo.com/" "Mozilla/5.0 (Windows NT 10.0; Win64; x64) AppleWebKit/537.36 (KHTML, like Gecko) Chrome/57.0.2987.133 Safari/537.36" 
119.2.6.69 - - [10/Apr/2017:04:39:44 -0700] "GET /bootstrap/img/favicon.ico HTTP/1.1" 200 590 "http://www.secrepo.com/" "Mozilla/5.0 (Windows NT 10.0; Win64; x64) AppleWebKit/537.36 (KHTML, like Gecko) Chrome/57.0.2987.133 Safari/537.36" 
131.246.194.53 - - [10/Apr/2017:04:37:58 -0700] "GET /tg/a.zip HTTP/1.1" 200 66189337 "-" "Mozilla/5.0 (Windows NT 6.3; Win64; x64) AppleWebKit/537.36 (KHTML, like Gecko) Chrome/57.0.2987.133 Safari/537.36" 
107.151.169.188 - - [10/Apr/2017:04:43:29 -0700] "GET / HTTP/1.1" 200 10792 "https://www.google.com/" "Mozilla/5.0 (Windows NT 6.1; WOW64; rv:52.0) Gecko/20100101 Firefox/52.0" 
107.151.169.188 - - [10/Apr/2017:04:43:30 -0700] "GET /twitter-icon.png HTTP/1.1" 200 27787 "http://www.secrepo.com/" "Mozilla/5.0 (Windows NT 6.1; WOW64; rv:52.0) Gecko/20100101 Firefox/52.0" 
107.151.169.188 - - [10/Apr/2017:04:43:31 -0700] "GET /GitHub-Mark.png HTTP/1.1" 200 7428 "http://www.secrepo.com/" "Mozilla/5.0 (Windows NT 6.1; WOW64; rv:52.0) Gecko/20100101 Firefox/52.0" 
107.151.169.188 - - [10/Apr/2017:04:43:33 -0700] "GET /bootstrap/img/favicon.ico HTTP/1.1" 200 590 "-" "Mozilla/5.0 (Windows NT 6.1; WOW64; rv:52.0) Gecko/20100101 Firefox/52.0" 
107.151.169.188 - - [10/Apr/2017:04:44:31 -0700] "GET /self.logs/ HTTP/1.1" 200 16631 "http://www.secrepo.com/" "Mozilla/5.0 (Windows NT 6.1; WOW64; rv:52.0) Gecko/20100101 Firefox/52.0" 
107.151.169.188 - - [10/Apr/2017:04:44:32 -0700] "GET /favicon.ico HTTP/1.1" 200 267 "-" "Mozilla/5.0 (Windows NT 6.1; WOW64; rv:52.0) Gecko/20100101 Firefox/52.0" 
107.151.169.188 - - [10/Apr/2017:04:44:34 -0700] "GET /self.logs/access.log.2015-01-17.gz HTTP/1.1" 200 3597 "http://www.secrepo.com/self.logs/" "Mozilla/5.0 (Windows NT 6.1; WOW64; rv:52.0) Gecko/20100101 Firefox/52.0" 
104.132.20.93 - - [10/Apr/2017:04:44:37 -0700] "GET / HTTP/1.1" 200 10792 "https://www.google.co.in/" "Mozilla/5.0 (Windows NT 10.0; Win64; x64) AppleWebKit/537.36 (KHTML, like Gecko) Chrome/56.0.2924.87 Safari/537.36" 
104.132.20.93 - - [10/Apr/2017:04:44:38 -0700] "GET /twitter-icon.png HTTP/1.1" 200 27787 "http://www.secrepo.com/" "Mozilla/5.0 (Windows NT 10.0; Win64; x64) AppleWebKit/537.36 (KHTML, like Gecko) Chrome/56.0.2924.87 Safari/537.36" 
