124.95.156.30 - - [10/Jan/2017:08:44:44 -0800] "GET /scada/scada_logs.zip HTTP/1.1" 200 364901 "-" "Mozilla/5.0 (Linux; Android) AppleWebKit/537.36 (KHTML, like Gecko) Chrome/34.0.1847.131 Safari/537.36" 
124.95.156.55 - - [10/Jan/2017:08:45:12 -0800] "GET /tg/tg_snort_fast.7z HTTP/1.1" 206 262496 "-" "Mozilla/5.0 (Linux; Android) AppleWebKit/537.36 (KHTML, like Gecko) Chrome/34.0.1847.131 Safari/537.36" 
124.95.156.55 - - [10/Jan/2017:08:45:12 -0800] "GET /tg/tg_snort_fast.7z HTTP/1.1" 206 262496 "-" "Mozilla/5.0 (Linux; Android) AppleWebKit/537.36 (KHTML, like Gecko) Chrome/34.0.1847.131 Safari/537.36" 
124.95.156.55 - - [10/Jan/2017:08:45:12 -0800] "GET /tg/tg_snort_fast.7z HTTP/1.1" 206 262496 "-" "Mozilla/5.0 (Linux; Android) AppleWebKit/537.36 (KHTML, like Gecko) Chrome/34.0.1847.131 Safari/537.36" 
124.95.156.55 - - [10/Jan/2017:08:45:12 -0800] "GET /tg/tg_snort_fast.7z HTTP/1.1" 206 262496 "-" "Mozilla/5.0 (Linux; Android) AppleWebKit/537.36 (KHTML, like Gecko) Chrome/34.0.1847.131 Safari/537.36" 
124.95.156.55 - - [10/Jan/2017:08:45:14 -0800] "GET /tg/tg_snort_fast.7z HTTP/1.1" 206 262495 "-" "Mozilla/5.0 (Linux; Android) AppleWebKit/537.36 (KHTML, like Gecko) Chrome/34.0.1847.131 Safari/537.36" 
124.95.156.55 - - [10/Jan/2017:08:45:14 -0800] "GET /tg/tg_snort_fast.7z HTTP/1.1" 206 262495 "-" "Mozilla/5.0 (Linux; Android) AppleWebKit/537.36 (KHTML, like Gecko) Chrome/34.0.1847.131 Safari/537.36" 
124.95.156.55 - - [10/Jan/2017:08:45:14 -0800] "GET /tg/tg_snort_fast.7z HTTP/1.1" 206 262495 "-" "Mozilla/5.0 (Linux; Android) AppleWebKit/537.36 (KHTML, like Gecko) Chrome/34.0.1847.131 Safari/537.36" 
124.95.156.55 - - [10/Jan/2017:08:45:14 -0800] "GET /tg/tg_snort_fast.7z HTTP/1.1" 206 262495 "-" "Mozilla/5.0 (Linux; Android) AppleWebKit/537.36 (KHTML, like Gecko) Chrome/34.0.1847.131 Safari/537.36" 
124.95.156.55 - - [10/Jan/2017:08:45:15 -0800] "GET /tg/tg_snort_fast.7z HTTP/1.1" 206 262495 "-" "Mozilla/5.0 (Linux; Android) AppleWebKit/537.36 (KHTML, like Gecko) Chrome/34.0.1847.131 Safari/537.36" 
124.95.156.55 - - [10/Jan/2017:08:45:16 -0800] "GET /tg/tg_snort_fast.7z HTTP/1.1" 206 262495 "-" "Mozilla/5.0 (Linux; Android) AppleWebKit/537.36 (KHTML, like Gecko) Chrome/34.0.1847.131 Safari/537.36" 
124.95.156.55 - - [10/Jan/2017:08:45:16 -0800] "GET /tg/tg_snort_fast.7z HTTP/1.1" 206 262495 "-" "Mozilla/5.0 (Linux; Android) AppleWebKit/537.36 (KHTML, like Gecko) Chrome/34.0.1847.131 Safari/537.36" 
124.95.156.55 - - [10/Jan/2017:08:45:16 -0800] "GET /tg/tg_snort_fast.7z HTTP/1.1" 206 262495 "-" "Mozilla/5.0 (Linux; Android) AppleWebKit/537.36 (KHTML, like Gecko) Chrome/34.0.1847.131 Safari/537.36" 
124.95.156.55 - - [10/Jan/2017:08:45:17 -0800] "GET /tg/tg_snort_fast.7z HTTP/1.1" 206 79845 "-" "Mozilla/5.0 (Linux; Android) AppleWebKit/537.36 (KHTML, like Gecko) Chrome/34.0.1847.131 Safari/537.36" 
124.95.156.55 - - [10/Jan/2017:08:45:11 -0800] "GET /tg/tg_snort_fast.7z HTTP/1.1" 200 1343200 "-" "Mozilla/5.0 (Linux; Android) AppleWebKit/537.36 (KHTML, like Gecko) Chrome/34.0.1847.131 Safari/537.36" 
124.95.156.55 - - [10/Jan/2017:08:45:17 -0800] "GET /tg/tg_snort_fast.7z HTTP/1.1" 206 64189 "-" "Mozilla/5.0 (Linux; Android) AppleWebKit/537.36 (KHTML, like Gecko) Chrome/34.0.1847.131 Safari/537.36" 
124.95.156.55 - - [10/Jan/2017:08:45:17 -0800] "GET /tg/tg_snort_fast.7z HTTP/1.1" 206 98654 "-" "Mozilla/5.0 (Linux; Android) AppleWebKit/537.36 (KHTML, like Gecko) Chrome/34.0.1847.131 Safari/537.36" 
124.95.156.55 - - [10/Jan/2017:08:45:17 -0800] "GET /tg/tg_snort_fast.7z HTTP/1.1" 206 45380 "-" "Mozilla/5.0 (Linux; Android) AppleWebKit/537.36 (KHTML, like Gecko) Chrome/34.0.1847.131 Safari/537.36" 
124.95.156.64 - - [10/Jan/2017:08:45:21 -0800] "GET /honeypot/Honeypot%20-%20Howto.pdf HTTP/1.1" 206 230900 "-" "Mozilla/5.0 (Linux; Android) AppleWebKit/537.36 (KHTML, like Gecko) Chrome/34.0.1847.131 Safari/537.36" 
124.95.156.55 - - [10/Jan/2017:08:45:21 -0800] "GET /tg/tg_snort_full.7z HTTP/1.1" 206 262496 "-" "Mozilla/5.0 (Linux; Android) AppleWebKit/537.36 (KHTML, like Gecko) Chrome/34.0.1847.131 Safari/537.36" 
124.95.156.64 - - [10/Jan/2017:08:45:23 -0800] "GET /honeypot/Honeypot%20-%20Howto.pdf HTTP/1.1" 206 16720 "-" "Mozilla/5.0 (Linux; Android) AppleWebKit/537.36 (KHTML, like Gecko) Chrome/34.0.1847.131 Safari/537.36" 
124.95.156.55 - - [10/Jan/2017:08:45:21 -0800] "GET /tg/tg_snort_full.7z HTTP/1.1" 206 262496 "-" "Mozilla/5.0 (Linux; Android) AppleWebKit/537.36 (KHTML, like Gecko) Chrome/34.0.1847.131 Safari/537.36" 
124.95.156.55 - - [10/Jan/2017:08:45:21 -0800] "GET /tg/tg_snort_full.7z HTTP/1.1" 206 262496 "-" "Mozilla/5.0 (Linux; Android) AppleWebKit/537.36 (KHTML, like Gecko) Chrome/34.0.1847.131 Safari/537.36" 
124.95.156.55 - - [10/Jan/2017:08:45:22 -0800] "GET /tg/tg_snort_full.7z HTTP/1.1" 206 262496 "-" "Mozilla/5.0 (Linux; Android) AppleWebKit/537.36 (KHTML, like Gecko) Chrome/34.0.1847.131 Safari/537.36" 
124.95.156.55 - - [10/Jan/2017:08:45:24 -0800] "GET /tg/tg_snort_full.7z HTTP/1.1" 206 262495 "-" "Mozilla/5.0 (Linux; Android) AppleWebKit/537.36 (KHTML, like Gecko) Chrome/34.0.1847.131 Safari/537.36" 
124.95.156.64 - - [10/Jan/2017:08:45:20 -0800] "GET /honeypot/Honeypot%20-%20Howto.pdf HTTP/1.1" 200 1279418 "-" "Mozilla/5.0 (Linux; Android) AppleWebKit/537.36 (KHTML, like Gecko) Chrome/34.0.1847.131 Safari/537.36" 
124.95.156.55 - - [10/Jan/2017:08:45:24 -0800] "GET /tg/tg_snort_full.7z HTTP/1.1" 206 262495 "-" "Mozilla/5.0 (Linux; Android) AppleWebKit/537.36 (KHTML, like Gecko) Chrome/34.0.1847.131 Safari/537.36" 
124.95.156.55 - - [10/Jan/2017:08:45:25 -0800] "GET /tg/tg_snort_full.7z HTTP/1.1" 206 262495 "-" "Mozilla/5.0 (Linux; Android) AppleWebKit/537.36 (KHTML, like Gecko) Chrome/34.0.1847.131 Safari/537.36" 
124.95.156.55 - - [10/Jan/2017:08:45:26 -0800] "GET /tg/tg_snort_full.7z HTTP/1.1" 206 262495 "-" "Mozilla/5.0 (Linux; Android) AppleWebKit/537.36 (KHTML, like Gecko) Chrome/34.0.1847.131 Safari/537.36" 
124.95.156.55 - - [10/Jan/2017:08:45:27 -0800] "GET /tg/tg_snort_full.7z HTTP/1.1" 206 262495 "-" "Mozilla/5.0 (Linux; Android) AppleWebKit/537.36 (KHTML, like Gecko) Chrome/34.0.1847.131 Safari/537.36" 
124.95.156.55 - - [10/Jan/2017:08:45:26 -0800] "GET /tg/tg_snort_full.7z HTTP/1.1" 206 262495 "-" "Mozilla/5.0 (Linux; Android) AppleWebKit/537.36 (KHTML, like Gecko) Chrome/34.0.1847.131 Safari/537.36" 
124.95.156.55 - - [10/Jan/2017:08:45:27 -0800] "GET /tg/tg_snort_full.7z HTTP/1.1" 206 262495 "-" "Mozilla/5.0 (Linux; Android) AppleWebKit/537.36 (KHTML, like Gecko) Chrome/34.0.1847.131 Safari/537.36" 
124.95.156.64 - - [10/Jan/2017:08:45:25 -0800] "GET /honeypot/Honeypot%20-%20Howto%20-%20BSides%20Austin.pdf HTTP/1.1" 206 262484 "-" "Mozilla/5.0 (Linux; Android) AppleWebKit/537.36 (KHTML, like Gecko) Chrome/34.0.1847.131 Safari/537.36" 
124.95.156.55 - - [10/Jan/2017:08:45:28 -0800] "GET /tg/tg_snort_full.7z HTTP/1.1" 206 262495 "-" "Mozilla/5.0 (Linux; Android) AppleWebKit/537.36 (KHTML, like Gecko) Chrome/34.0.1847.131 Safari/537.36" 
124.95.156.55 - - [10/Jan/2017:08:45:28 -0800] "GET /tg/tg_snort_full.7z HTTP/1.1" 206 393567 "-" "Mozilla/5.0 (Linux; Android) AppleWebKit/537.36 (KHTML, like Gecko) Chrome/34.0.1847.131 Safari/537.36" 
124.95.156.55 - - [10/Jan/2017:08:45:28 -0800] "GET /tg/tg_snort_full.7z HTTP/1.1" 206 393567 "-" "Mozilla/5.0 (Linux; Android) AppleWebKit/537.36 (KHTML, like Gecko) Chrome/34.0.1847.131 Safari/537.36" 
124.95.156.64 - - [10/Jan/2017:08:45:26 -0800] "GET /honeypot/Honeypot%20-%20Howto%20-%20BSides%20Austin.pdf HTTP/1.1" 206 262484 "-" "Mozilla/5.0 (Linux; Android) AppleWebKit/537.36 (KHTML, like Gecko) Chrome/34.0.1847.131 Safari/537.36" 
124.95.156.55 - - [10/Jan/2017:08:45:22 -0800] "GET /tg/tg_snort_full.7z HTTP/1.1" 200 1474600 "-" "Mozilla/5.0 (Linux; Android) AppleWebKit/537.36 (KHTML, like Gecko) Chrome/34.0.1847.131 Safari/537.36" 
124.95.156.55 - - [10/Jan/2017:08:45:29 -0800] "GET /tg/tg_snort_full.7z HTTP/1.1" 206 393567 "-" "Mozilla/5.0 (Linux; Android) AppleWebKit/537.36 (KHTML, like Gecko) Chrome/34.0.1847.131 Safari/537.36" 
124.95.156.55 - - [10/Jan/2017:08:45:29 -0800] "GET /tg/tg_snort_full.7z HTTP/1.1" 206 459103 "-" "Mozilla/5.0 (Linux; Android) AppleWebKit/537.36 (KHTML, like Gecko) Chrome/34.0.1847.131 Safari/537.36" 
124.95.156.55 - - [10/Jan/2017:08:45:29 -0800] "GET /tg/tg_snort_full.7z HTTP/1.1" 206 524639 "-" "Mozilla/5.0 (Linux; Android) AppleWebKit/537.36 (KHTML, like Gecko) Chrome/34.0.1847.131 Safari/537.36" 
124.95.156.55 - - [10/Jan/2017:08:45:28 -0800] "GET /tg/tg_snort_full.7z HTTP/1.1" 206 262496 "-" "Mozilla/5.0 (Linux; Android) AppleWebKit/537.36 (KHTML, like Gecko) Chrome/34.0.1847.131 Safari/537.36" 
124.95.156.55 - - [10/Jan/2017:08:45:31 -0800] "GET /tg/tg_snort_full.7z HTTP/1.1" 206 262495 "-" "Mozilla/5.0 (Linux; Android) AppleWebKit/537.36 (KHTML, like Gecko) Chrome/34.0.1847.131 Safari/537.36" 
124.95.156.64 - - [10/Jan/2017:08:45:28 -0800] "GET /honeypot/Honeypot%20-%20Howto%20-%20BSides%20Austin.pdf HTTP/1.1" 206 262483 "-" "Mozilla/5.0 (Linux; Android) AppleWebKit/537.36 (KHTML, like Gecko) Chrome/34.0.1847.131 Safari/537.36" 
124.95.156.64 - - [10/Jan/2017:08:45:29 -0800] "GET /honeypot/Honeypot%20-%20Howto%20-%20BSides%20Austin.pdf HTTP/1.1" 206 262483 "-" "Mozilla/5.0 (Linux; Android) AppleWebKit/537.36 (KHTML, like Gecko) Chrome/34.0.1847.131 Safari/537.36" 
124.95.156.55 - - [10/Jan/2017:08:45:29 -0800] "GET /tg/tg_snort_full.7z HTTP/1.1" 206 262496 "-" "Mozilla/5.0 (Linux; Android) AppleWebKit/537.36 (KHTML, like Gecko) Chrome/34.0.1847.131 Safari/537.36" 
124.95.156.64 - - [10/Jan/2017:08:45:25 -0800] "GET /honeypot/Honeypot%20-%20Howto%20-%20BSides%20Austin.pdf HTTP/1.1" 200 1464380 "-" "Mozilla/5.0 (Linux; Android) AppleWebKit/537.36 (KHTML, like Gecko) Chrome/34.0.1847.131 Safari/537.36" 
124.95.156.64 - - [10/Jan/2017:08:45:32 -0800] "GET /honeypot/Honeypot%20-%20Howto%20-%20BSides%20Austin.pdf HTTP/1.1" 206 262483 "-" "Mozilla/5.0 (Linux; Android) AppleWebKit/537.36 (KHTML, like Gecko) Chrome/34.0.1847.131 Safari/537.36" 
124.95.156.64 - - [10/Jan/2017:08:45:34 -0800] "GET /honeypot/Honeypot%20-%20Howto%20-%20BSides%20Austin.pdf HTTP/1.1" 206 262483 "-" "Mozilla/5.0 (Linux; Android) AppleWebKit/537.36 (KHTML, like Gecko) Chrome/34.0.1847.131 Safari/537.36" 
124.95.156.64 - - [10/Jan/2017:08:45:36 -0800] "GET /honeypot/Honeypot%20-%20Howto%20-%20BSides%20Austin.pdf HTTP/1.1" 206 262483 "-" "Mozilla/5.0 (Linux; Android) AppleWebKit/537.36 (KHTML, like Gecko) Chrome/34.0.1847.131 Safari/537.36" 
124.95.156.64 - - [10/Jan/2017:08:45:37 -0800] "GET /honeypot/Honeypot%20-%20Howto%20-%20BSides%20Austin.pdf HTTP/1.1" 206 44932 "-" "Mozilla/5.0 (Linux; Android) AppleWebKit/537.36 (KHTML, like Gecko) Chrome/34.0.1847.131 Safari/537.36" 
124.95.156.75 - - [10/Jan/2017:08:45:47 -0800] "GET /maccdc2012/dns.log.gz HTTP/1.1" 206 53726 "-" "Mozilla/5.0 (Linux; Android) AppleWebKit/537.36 (KHTML, like Gecko) Chrome/34.0.1847.131 Safari/537.36" 
124.95.156.122 - - [10/Jan/2017:08:46:08 -0800] "GET /auth.log/auth.log.gz HTTP/1.1" 206 91336 "-" "Mozilla/5.0 (Linux; Android) AppleWebKit/537.36 (KHTML, like Gecko) Chrome/34.0.1847.131 Safari/537.36" 
124.95.156.122 - - [10/Jan/2017:08:46:08 -0800] "GET /auth.log/auth.log.gz HTTP/1.1" 200 615569 "-" "Mozilla/5.0 (Linux; Android) AppleWebKit/537.36 (KHTML, like Gecko) Chrome/34.0.1847.131 Safari/537.36" 
124.95.156.122 - - [10/Jan/2017:08:46:11 -0800] "GET /auth.log/auth.log.gz HTTP/1.1" 206 16736 "-" "Mozilla/5.0 (Linux; Android) AppleWebKit/537.36 (KHTML, like Gecko) Chrome/34.0.1847.131 Safari/537.36" 
124.95.156.122 - - [10/Jan/2017:08:46:21 -0800] "GET /misc/zeus_dga_domains.txt.zip HTTP/1.1" 206 68060 "-" "Mozilla/5.0 (Linux; Android) AppleWebKit/537.36 (KHTML, like Gecko) Chrome/34.0.1847.131 Safari/537.36" 
124.95.156.122 - - [10/Jan/2017:08:46:22 -0800] "GET /misc/zeus_dga_domains.txt.zip HTTP/1.1" 206 24931 "-" "Mozilla/5.0 (Linux; Android) AppleWebKit/537.36 (KHTML, like Gecko) Chrome/34.0.1847.131 Safari/537.36" 
124.95.156.122 - - [10/Jan/2017:08:46:21 -0800] "GET /misc/zeus_dga_domains.txt.zip HTTP/1.1" 200 592293 "-" "Mozilla/5.0 (Linux; Android) AppleWebKit/537.36 (KHTML, like Gecko) Chrome/34.0.1847.131 Safari/537.36" 
124.95.156.55 - - [10/Jan/2017:08:47:37 -0800] "GET /tg/tg_snort_full.7z HTTP/1.1" 206 262496 "-" "Mozilla/5.0 (Linux; Android) AppleWebKit/537.36 (KHTML, like Gecko) Chrome/34.0.1847.131 Safari/537.36" 
124.95.156.55 - - [10/Jan/2017:08:47:38 -0800] "GET /tg/tg_snort_full.7z HTTP/1.1" 206 262496 "-" "Mozilla/5.0 (Linux; Android) AppleWebKit/537.36 (KHTML, like Gecko) Chrome/34.0.1847.131 Safari/537.36" 
124.95.156.55 - - [10/Jan/2017:08:47:43 -0800] "GET /tg/tg_snort_full.7z HTTP/1.1" 206 262495 "-" "Mozilla/5.0 (Linux; Android) AppleWebKit/537.36 (KHTML, like Gecko) Chrome/34.0.1847.131 Safari/537.36" 
124.95.156.55 - - [10/Jan/2017:08:47:44 -0800] "GET /tg/tg_snort_full.7z HTTP/1.1" 206 262495 "-" "Mozilla/5.0 (Linux; Android) AppleWebKit/537.36 (KHTML, like Gecko) Chrome/34.0.1847.131 Safari/537.36" 
124.95.156.55 - - [10/Jan/2017:08:47:45 -0800] "GET /tg/tg_snort_full.7z HTTP/1.1" 206 262495 "-" "Mozilla/5.0 (Linux; Android) AppleWebKit/537.36 (KHTML, like Gecko) Chrome/34.0.1847.131 Safari/537.36" 
124.95.156.55 - - [10/Jan/2017:08:47:47 -0800] "GET /tg/tg_snort_full.7z HTTP/1.1" 206 131563 "-" "Mozilla/5.0 (Linux; Android) AppleWebKit/537.36 (KHTML, like Gecko) Chrome/34.0.1847.131 Safari/537.36" 
124.95.156.55 - - [10/Jan/2017:08:47:46 -0800] "GET /tg/tg_snort_full.7z HTTP/1.1" 206 262495 "-" "Mozilla/5.0 (Linux; Android) AppleWebKit/537.36 (KHTML, like Gecko) Chrome/34.0.1847.131 Safari/537.36" 
124.95.156.55 - - [10/Jan/2017:08:47:48 -0800] "GET /tg/tg_snort_full.7z HTTP/1.1" 206 65886 "-" "Mozilla/5.0 (Linux; Android) AppleWebKit/537.36 (KHTML, like Gecko) Chrome/34.0.1847.131 Safari/537.36" 
124.95.156.141 - - [10/Jan/2017:08:47:30 -0800] "GET /Security-Data-Analysis/Lab_1/conn.log.zip HTTP/1.1" 206 262513 "-" "Mozilla/5.0 (Linux; Android) AppleWebKit/537.36 (KHTML, like Gecko) Chrome/34.0.1847.131 Safari/537.36" 
124.95.156.141 - - [10/Jan/2017:08:47:30 -0800] "GET /Security-Data-Analysis/Lab_1/conn.log.zip HTTP/1.1" 206 262513 "-" "Mozilla/5.0 (Linux; Android) AppleWebKit/537.36 (KHTML, like Gecko) Chrome/34.0.1847.131 Safari/537.36" 
124.95.156.141 - - [10/Jan/2017:08:47:30 -0800] "GET /Security-Data-Analysis/Lab_1/conn.log.zip HTTP/1.1" 206 262513 "-" "Mozilla/5.0 (Linux; Android) AppleWebKit/537.36 (KHTML, like Gecko) Chrome/34.0.1847.131 Safari/537.36" 
124.95.156.141 - - [10/Jan/2017:08:47:30 -0800] "GET /Security-Data-Analysis/Lab_1/conn.log.zip HTTP/1.1" 206 262512 "-" "Mozilla/5.0 (Linux; Android) AppleWebKit/537.36 (KHTML, like Gecko) Chrome/34.0.1847.131 Safari/537.36" 
124.95.156.141 - - [10/Jan/2017:08:43:32 -0800] "GET /Security-Data-Analysis/Lab_1/conn.log.zip HTTP/1.1" 200 8132200 "-" "Mozilla/5.0 (Linux; Android) AppleWebKit/537.36 (KHTML, like Gecko) Chrome/34.0.1847.131 Safari/537.36" 
124.95.156.141 - - [10/Jan/2017:08:48:26 -0800] "GET /Security-Data-Analysis/Lab_1/conn.log.zip HTTP/1.1" 206 65902 "-" "Mozilla/5.0 (Linux; Android) AppleWebKit/537.36 (KHTML, like Gecko) Chrome/34.0.1847.131 Safari/537.36" 
124.95.156.141 - - [10/Jan/2017:08:48:25 -0800] "GET /Security-Data-Analysis/Lab_1/conn.log.zip HTTP/1.1" 206 262513 "-" "Mozilla/5.0 (Linux; Android) AppleWebKit/537.36 (KHTML, like Gecko) Chrome/34.0.1847.131 Safari/537.36" 
124.95.156.141 - - [10/Jan/2017:08:48:25 -0800] "GET /Security-Data-Analysis/Lab_1/conn.log.zip HTTP/1.1" 206 262513 "-" "Mozilla/5.0 (Linux; Android) AppleWebKit/537.36 (KHTML, like Gecko) Chrome/34.0.1847.131 Safari/537.36" 
124.95.156.141 - - [10/Jan/2017:08:48:25 -0800] "GET /Security-Data-Analysis/Lab_1/conn.log.zip HTTP/1.1" 206 262513 "-" "Mozilla/5.0 (Linux; Android) AppleWebKit/537.36 (KHTML, like Gecko) Chrome/34.0.1847.131 Safari/537.36" 
124.95.156.141 - - [10/Jan/2017:08:48:25 -0800] "GET /Security-Data-Analysis/Lab_1/conn.log.zip HTTP/1.1" 206 262513 "-" "Mozilla/5.0 (Linux; Android) AppleWebKit/537.36 (KHTML, like Gecko) Chrome/34.0.1847.131 Safari/537.36" 
124.95.156.118 - - [10/Jan/2017:08:48:18 -0800] "GET /squid/access.log.gz HTTP/1.1" 206 262506 "-" "Mozilla/5.0 (Linux; Android) AppleWebKit/537.36 (KHTML, like Gecko) Chrome/34.0.1847.131 Safari/537.36" 
124.95.156.118 - - [10/Jan/2017:08:48:18 -0800] "GET /squid/access.log.gz HTTP/1.1" 206 262506 "-" "Mozilla/5.0 (Linux; Android) AppleWebKit/537.36 (KHTML, like Gecko) Chrome/34.0.1847.131 Safari/537.36" 
124.95.156.118 - - [10/Jan/2017:08:48:50 -0800] "GET /squid/access.log.gz HTTP/1.1" 206 262506 "-" "Mozilla/5.0 (Linux; Android) AppleWebKit/537.36 (KHTML, like Gecko) Chrome/34.0.1847.131 Safari/537.36" 
124.95.156.118 - - [10/Jan/2017:08:48:49 -0800] "GET /squid/access.log.gz HTTP/1.1" 206 262506 "-" "Mozilla/5.0 (Linux; Android) AppleWebKit/537.36 (KHTML, like Gecko) Chrome/34.0.1847.131 Safari/537.36" 
124.95.156.118 - - [10/Jan/2017:08:48:49 -0800] "GET /squid/access.log.gz HTTP/1.1" 206 262506 "-" "Mozilla/5.0 (Linux; Android) AppleWebKit/537.36 (KHTML, like Gecko) Chrome/34.0.1847.131 Safari/537.36" 
124.95.156.141 - - [10/Jan/2017:08:48:28 -0800] "GET /Security-Data-Analysis/Lab_1/conn.log.zip HTTP/1.1" 206 262512 "-" "Mozilla/5.0 (Linux; Android) AppleWebKit/537.36 (KHTML, like Gecko) Chrome/34.0.1847.131 Safari/537.36" 
124.95.156.118 - - [10/Jan/2017:08:48:55 -0800] "GET /squid/access.log.gz HTTP/1.1" 206 262506 "-" "Mozilla/5.0 (Linux; Android) AppleWebKit/537.36 (KHTML, like Gecko) Chrome/34.0.1847.131 Safari/537.36" 
124.95.156.130 - - [10/Jan/2017:08:49:24 -0800] "GET /pe_static/zeus.zip HTTP/1.1" 206 262486 "-" "Mozilla/5.0 (Linux; Android) AppleWebKit/537.36 (KHTML, like Gecko) Chrome/34.0.1847.131 Safari/537.36" 
124.95.156.130 - - [10/Jan/2017:08:49:24 -0800] "GET /pe_static/zeus.zip HTTP/1.1" 206 262486 "-" "Mozilla/5.0 (Linux; Android) AppleWebKit/537.36 (KHTML, like Gecko) Chrome/34.0.1847.131 Safari/537.36" 
124.95.156.130 - - [10/Jan/2017:08:49:24 -0800] "GET /pe_static/zeus.zip HTTP/1.1" 206 262486 "-" "Mozilla/5.0 (Linux; Android) AppleWebKit/537.36 (KHTML, like Gecko) Chrome/34.0.1847.131 Safari/537.36" 
124.95.156.130 - - [10/Jan/2017:08:49:24 -0800] "GET /pe_static/zeus.zip HTTP/1.1" 206 262486 "-" "Mozilla/5.0 (Linux; Android) AppleWebKit/537.36 (KHTML, like Gecko) Chrome/34.0.1847.131 Safari/537.36" 
124.95.156.145 - - [10/Jan/2017:08:49:27 -0800] "GET /pe_static/ap1.zip HTTP/1.1" 404 295 "-" "Mozilla/5.0 (Linux; Android) AppleWebKit/537.36 (KHTML, like Gecko) Chrome/34.0.1847.131 Safari/537.36" 
124.95.156.130 - - [10/Jan/2017:08:49:26 -0800] "GET /pe_static/zeus.zip HTTP/1.1" 206 262485 "-" "Mozilla/5.0 (Linux; Android) AppleWebKit/537.36 (KHTML, like Gecko) Chrome/34.0.1847.131 Safari/537.36" 
124.95.156.130 - - [10/Jan/2017:08:49:26 -0800] "GET /pe_static/zeus.zip HTTP/1.1" 206 262485 "-" "Mozilla/5.0 (Linux; Android) AppleWebKit/537.36 (KHTML, like Gecko) Chrome/34.0.1847.131 Safari/537.36" 
124.95.156.130 - - [10/Jan/2017:08:49:26 -0800] "GET /pe_static/zeus.zip HTTP/1.1" 206 262485 "-" "Mozilla/5.0 (Linux; Android) AppleWebKit/537.36 (KHTML, like Gecko) Chrome/34.0.1847.131 Safari/537.36" 
124.95.156.130 - - [10/Jan/2017:08:49:27 -0800] "GET /pe_static/zeus.zip HTTP/1.1" 206 262485 "-" "Mozilla/5.0 (Linux; Android) AppleWebKit/537.36 (KHTML, like Gecko) Chrome/34.0.1847.131 Safari/537.36" 
124.95.156.130 - - [10/Jan/2017:08:49:28 -0800] "GET /pe_static/zeus.zip HTTP/1.1" 206 262485 "-" "Mozilla/5.0 (Linux; Android) AppleWebKit/537.36 (KHTML, like Gecko) Chrome/34.0.1847.131 Safari/537.36" 
124.95.156.130 - - [10/Jan/2017:08:49:28 -0800] "GET /pe_static/zeus.zip HTTP/1.1" 206 262485 "-" "Mozilla/5.0 (Linux; Android) AppleWebKit/537.36 (KHTML, like Gecko) Chrome/34.0.1847.131 Safari/537.36" 
124.95.156.118 - - [10/Jan/2017:08:49:33 -0800] "GET /squid/access.log.gz HTTP/1.1" 206 262506 "-" "Mozilla/5.0 (Linux; Android) AppleWebKit/537.36 (KHTML, like Gecko) Chrome/34.0.1847.131 Safari/537.36" 
124.95.156.130 - - [10/Jan/2017:08:49:35 -0800] "GET /pe_static/zeus.zip HTTP/1.1" 206 262486 "-" "Mozilla/5.0 (Linux; Android) AppleWebKit/537.36 (KHTML, like Gecko) Chrome/34.0.1847.131 Safari/537.36" 
124.95.156.130 - - [10/Jan/2017:08:49:35 -0800] "GET /pe_static/zeus.zip HTTP/1.1" 206 262486 "-" "Mozilla/5.0 (Linux; Android) AppleWebKit/537.36 (KHTML, like Gecko) Chrome/34.0.1847.131 Safari/537.36" 
124.95.156.130 - - [10/Jan/2017:08:49:36 -0800] "GET /pe_static/zeus.zip HTTP/1.1" 206 262486 "-" "Mozilla/5.0 (Linux; Android) AppleWebKit/537.36 (KHTML, like Gecko) Chrome/34.0.1847.131 Safari/537.36" 
124.95.156.118 - - [10/Jan/2017:08:49:34 -0800] "GET /squid/access.log.gz HTTP/1.1" 206 262506 "-" "Mozilla/5.0 (Linux; Android) AppleWebKit/537.36 (KHTML, like Gecko) Chrome/34.0.1847.131 Safari/537.36" 
124.95.156.130 - - [10/Jan/2017:08:49:37 -0800] "GET /pe_static/zeus.zip HTTP/1.1" 206 262485 "-" "Mozilla/5.0 (Linux; Android) AppleWebKit/537.36 (KHTML, like Gecko) Chrome/34.0.1847.131 Safari/537.36" 
124.95.156.130 - - [10/Jan/2017:08:49:37 -0800] "GET /pe_static/zeus.zip HTTP/1.1" 206 262485 "-" "Mozilla/5.0 (Linux; Android) AppleWebKit/537.36 (KHTML, like Gecko) Chrome/34.0.1847.131 Safari/537.36" 
124.95.156.130 - - [10/Jan/2017:08:49:35 -0800] "GET /pe_static/zeus.zip HTTP/1.1" 206 262486 "-" "Mozilla/5.0 (Linux; Android) AppleWebKit/537.36 (KHTML, like Gecko) Chrome/34.0.1847.131 Safari/537.36" 
124.95.156.118 - - [10/Jan/2017:08:49:33 -0800] "GET /squid/access.log.gz HTTP/1.1" 206 262506 "-" "Mozilla/5.0 (Linux; Android) AppleWebKit/537.36 (KHTML, like Gecko) Chrome/34.0.1847.131 Safari/537.36" 
124.95.156.118 - - [10/Jan/2017:08:49:37 -0800] "GET /squid/access.log.gz HTTP/1.1" 206 262506 "-" "Mozilla/5.0 (Linux; Android) AppleWebKit/537.36 (KHTML, like Gecko) Chrome/34.0.1847.131 Safari/537.36" 
124.95.156.130 - - [10/Jan/2017:08:49:24 -0800] "GET /pe_static/zeus.zip HTTP/1.1" 200 2985700 "-" "Mozilla/5.0 (Linux; Android) AppleWebKit/537.36 (KHTML, like Gecko) Chrome/34.0.1847.131 Safari/537.36" 
124.95.156.118 - - [10/Jan/2017:08:49:40 -0800] "GET /squid/access.log.gz HTTP/1.1" 206 262505 "-" "Mozilla/5.0 (Linux; Android) AppleWebKit/537.36 (KHTML, like Gecko) Chrome/34.0.1847.131 Safari/537.36" 
124.95.156.118 - - [10/Jan/2017:08:49:38 -0800] "GET /squid/access.log.gz HTTP/1.1" 206 262505 "-" "Mozilla/5.0 (Linux; Android) AppleWebKit/537.36 (KHTML, like Gecko) Chrome/34.0.1847.131 Safari/537.36" 
124.95.156.118 - - [10/Jan/2017:08:49:41 -0800] "GET /squid/access.log.gz HTTP/1.1" 206 262505 "-" "Mozilla/5.0 (Linux; Android) AppleWebKit/537.36 (KHTML, like Gecko) Chrome/34.0.1847.131 Safari/537.36" 
124.95.156.118 - - [10/Jan/2017:08:49:50 -0800] "GET /squid/access.log.gz HTTP/1.1" 206 262506 "-" "Mozilla/5.0 (Linux; Android) AppleWebKit/537.36 (KHTML, like Gecko) Chrome/34.0.1847.131 Safari/537.36" 
124.95.156.118 - - [10/Jan/2017:08:49:51 -0800] "GET /squid/access.log.gz HTTP/1.1" 206 262506 "-" "Mozilla/5.0 (Linux; Android) AppleWebKit/537.36 (KHTML, like Gecko) Chrome/34.0.1847.131 Safari/537.36" 
124.95.156.118 - - [10/Jan/2017:08:49:51 -0800] "GET /squid/access.log.gz HTTP/1.1" 206 262506 "-" "Mozilla/5.0 (Linux; Android) AppleWebKit/537.36 (KHTML, like Gecko) Chrome/34.0.1847.131 Safari/537.36" 
124.95.156.130 - - [10/Jan/2017:08:49:42 -0800] "GET /pe_static/zeus.zip HTTP/1.1" 206 262486 "-" "Mozilla/5.0 (Linux; Android) AppleWebKit/537.36 (KHTML, like Gecko) Chrome/34.0.1847.131 Safari/537.36" 
124.95.156.130 - - [10/Jan/2017:08:49:42 -0800] "GET /pe_static/zeus.zip HTTP/1.1" 206 262486 "-" "Mozilla/5.0 (Linux; Android) AppleWebKit/537.36 (KHTML, like Gecko) Chrome/34.0.1847.131 Safari/537.36" 
124.95.156.130 - - [10/Jan/2017:08:49:42 -0800] "GET /pe_static/zeus.zip HTTP/1.1" 206 262486 "-" "Mozilla/5.0 (Linux; Android) AppleWebKit/537.36 (KHTML, like Gecko) Chrome/34.0.1847.131 Safari/537.36" 
124.95.156.118 - - [10/Jan/2017:08:50:04 -0800] "GET /squid/access.log.gz HTTP/1.1" 206 262506 "-" "Mozilla/5.0 (Linux; Android) AppleWebKit/537.36 (KHTML, like Gecko) Chrome/34.0.1847.131 Safari/537.36" 
124.95.156.118 - - [10/Jan/2017:08:50:06 -0800] "GET /squid/access.log.gz HTTP/1.1" 206 262506 "-" "Mozilla/5.0 (Linux; Android) AppleWebKit/537.36 (KHTML, like Gecko) Chrome/34.0.1847.131 Safari/537.36" 
124.95.156.118 - - [10/Jan/2017:08:50:06 -0800] "GET /squid/access.log.gz HTTP/1.1" 206 262506 "-" "Mozilla/5.0 (Linux; Android) AppleWebKit/537.36 (KHTML, like Gecko) Chrome/34.0.1847.131 Safari/537.36" 
124.95.156.118 - - [10/Jan/2017:08:50:10 -0800] "GET /squid/access.log.gz HTTP/1.1" 206 262505 "-" "Mozilla/5.0 (Linux; Android) AppleWebKit/537.36 (KHTML, like Gecko) Chrome/34.0.1847.131 Safari/537.36" 
124.95.156.118 - - [10/Jan/2017:08:50:09 -0800] "GET /squid/access.log.gz HTTP/1.1" 206 262505 "-" "Mozilla/5.0 (Linux; Android) AppleWebKit/537.36 (KHTML, like Gecko) Chrome/34.0.1847.131 Safari/537.36" 
124.95.156.118 - - [10/Jan/2017:08:50:13 -0800] "GET /squid/access.log.gz HTTP/1.1" 206 262505 "-" "Mozilla/5.0 (Linux; Android) AppleWebKit/537.36 (KHTML, like Gecko) Chrome/34.0.1847.131 Safari/537.36" 
124.95.156.118 - - [10/Jan/2017:08:50:12 -0800] "GET /squid/access.log.gz HTTP/1.1" 206 262505 "-" "Mozilla/5.0 (Linux; Android) AppleWebKit/537.36 (KHTML, like Gecko) Chrome/34.0.1847.131 Safari/537.36" 
124.95.156.118 - - [10/Jan/2017:08:50:12 -0800] "GET /squid/access.log.gz HTTP/1.1" 206 262505 "-" "Mozilla/5.0 (Linux; Android) AppleWebKit/537.36 (KHTML, like Gecko) Chrome/34.0.1847.131 Safari/537.36" 
124.95.156.141 - - [10/Jan/2017:08:50:33 -0800] "GET /Security-Data-Analysis/Lab_1/conn.log.zip HTTP/1.1" 206 262513 "-" "Mozilla/5.0 (Linux; Android) AppleWebKit/537.36 (KHTML, like Gecko) Chrome/34.0.1847.131 Safari/537.36" 
124.95.156.141 - - [10/Jan/2017:08:50:33 -0800] "GET /Security-Data-Analysis/Lab_1/conn.log.zip HTTP/1.1" 206 262513 "-" "Mozilla/5.0 (Linux; Android) AppleWebKit/537.36 (KHTML, like Gecko) Chrome/34.0.1847.131 Safari/537.36" 
124.95.156.141 - - [10/Jan/2017:08:50:33 -0800] "GET /Security-Data-Analysis/Lab_1/conn.log.zip HTTP/1.1" 206 262513 "-" "Mozilla/5.0 (Linux; Android) AppleWebKit/537.36 (KHTML, like Gecko) Chrome/34.0.1847.131 Safari/537.36" 
124.95.156.141 - - [10/Jan/2017:08:50:31 -0800] "GET /Security-Data-Analysis/Lab_1/conn.log.zip HTTP/1.1" 206 262513 "-" "Mozilla/5.0 (Linux; Android) AppleWebKit/537.36 (KHTML, like Gecko) Chrome/34.0.1847.131 Safari/537.36" 
124.95.156.141 - - [10/Jan/2017:08:50:36 -0800] "GET /Security-Data-Analysis/Lab_1/conn.log.zip HTTP/1.1" 206 262512 "-" "Mozilla/5.0 (Linux; Android) AppleWebKit/537.36 (KHTML, like Gecko) Chrome/34.0.1847.131 Safari/537.36" 
124.95.156.141 - - [10/Jan/2017:08:50:37 -0800] "GET /Security-Data-Analysis/Lab_1/conn.log.zip HTTP/1.1" 206 262512 "-" "Mozilla/5.0 (Linux; Android) AppleWebKit/537.36 (KHTML, like Gecko) Chrome/34.0.1847.131 Safari/537.36" 
124.95.156.141 - - [10/Jan/2017:08:50:37 -0800] "GET /Security-Data-Analysis/Lab_1/conn.log.zip HTTP/1.1" 206 262512 "-" "Mozilla/5.0 (Linux; Android) AppleWebKit/537.36 (KHTML, like Gecko) Chrome/34.0.1847.131 Safari/537.36" 
124.95.156.141 - - [10/Jan/2017:08:50:33 -0800] "GET /Security-Data-Analysis/Lab_1/conn.log.zip HTTP/1.1" 206 262513 "-" "Mozilla/5.0 (Linux; Android) AppleWebKit/537.36 (KHTML, like Gecko) Chrome/34.0.1847.131 Safari/537.36" 
193.83.212.216 - - [10/Jan/2017:08:50:53 -0800] "GET / HTTP/1.1" 200 10267 "-" "Mozilla/5.0 (Linux; U; Android 6.0.1; de-de; Redmi 4 Build/MMB29M) AppleWebKit/537.36 (KHTML, like Gecko) Version/4.0 Chrome/46.0.2490.85 Mobile Safari/537.36 XiaoMi/MiuiBrowser/8.1.4" 
193.83.212.216 - - [10/Jan/2017:08:50:53 -0800] "GET /twitter-icon.png HTTP/1.1" 200 27787 "http://www.secrepo.com/" "Mozilla/5.0 (Linux; U; Android 6.0.1; de-de; Redmi 4 Build/MMB29M) AppleWebKit/537.36 (KHTML, like Gecko) Version/4.0 Chrome/46.0.2490.85 Mobile Safari/537.36 XiaoMi/MiuiBrowser/8.1.4" 
193.83.212.216 - - [10/Jan/2017:08:50:53 -0800] "GET /GitHub-Mark.png HTTP/1.1" 200 7428 "http://www.secrepo.com/" "Mozilla/5.0 (Linux; U; Android 6.0.1; de-de; Redmi 4 Build/MMB29M) AppleWebKit/537.36 (KHTML, like Gecko) Version/4.0 Chrome/46.0.2490.85 Mobile Safari/537.36 XiaoMi/MiuiBrowser/8.1.4" 
193.83.212.216 - - [10/Jan/2017:08:50:53 -0800] "GET /bootstrap/img/favicon.ico HTTP/1.1" 200 589 "http://www.secrepo.com/" "Mozilla/5.0 (Linux; U; Android 6.0.1; de-de; Redmi 4 Build/MMB29M) AppleWebKit/537.36 (KHTML, like Gecko) Version/4.0 Chrome/46.0.2490.85 Mobile Safari/537.36 XiaoMi/MiuiBrowser/8.1.4" 
124.95.156.118 - - [10/Jan/2017:08:49:20 -0800] "GET /squid/access.log.gz HTTP/1.1" 206 191260 "-" "Mozilla/5.0 (Linux; Android) AppleWebKit/537.36 (KHTML, like Gecko) Chrome/34.0.1847.131 Safari/537.36" 
124.95.156.140 - - [10/Jan/2017:08:51:41 -0800] "GET /domaindata/domainmovement.zip HTTP/1.1" 206 262484 "-" "Mozilla/5.0 (Linux; Android) AppleWebKit/537.36 (KHTML, like Gecko) Chrome/34.0.1847.131 Safari/537.36" 
124.95.156.140 - - [10/Jan/2017:08:51:43 -0800] "GET /domaindata/domainmovement.zip HTTP/1.1" 206 97749 "-" "Mozilla/5.0 (Linux; Android) AppleWebKit/537.36 (KHTML, like Gecko) Chrome/34.0.1847.131 Safari/537.36" 
124.95.156.118 - - [10/Jan/2017:08:51:40 -0800] "GET /squid/access.log.gz HTTP/1.1" 206 262506 "-" "Mozilla/5.0 (Linux; Android) AppleWebKit/537.36 (KHTML, like Gecko) Chrome/34.0.1847.131 Safari/537.36" 
124.95.156.140 - - [10/Jan/2017:08:51:42 -0800] "GET /domaindata/domainmovement.zip HTTP/1.1" 206 262484 "-" "Mozilla/5.0 (Linux; Android) AppleWebKit/537.36 (KHTML, like Gecko) Chrome/34.0.1847.131 Safari/537.36" 
124.95.156.140 - - [10/Jan/2017:08:51:44 -0800] "GET /domaindata/domainmovement.zip HTTP/1.1" 206 64166 "-" "Mozilla/5.0 (Linux; Android) AppleWebKit/537.36 (KHTML, like Gecko) Chrome/34.0.1847.131 Safari/537.36" 
124.95.156.118 - - [10/Jan/2017:08:51:44 -0800] "GET /squid/access.log.gz HTTP/1.1" 206 262506 "-" "Mozilla/5.0 (Linux; Android) AppleWebKit/537.36 (KHTML, like Gecko) Chrome/34.0.1847.131 Safari/537.36" 
14.195.234.214 - - [10/Jan/2017:08:51:50 -0800] "GET /wp-login.php HTTP/1.1" 404 295 "-" "Mozilla/5.0 (Windows NT 6.1; WOW64; rv:40.0) Gecko/20100101 Firefox/40.1" 
124.95.156.118 - - [10/Jan/2017:08:51:43 -0800] "GET /squid/access.log.gz HTTP/1.1" 206 262506 "-" "Mozilla/5.0 (Linux; Android) AppleWebKit/537.36 (KHTML, like Gecko) Chrome/34.0.1847.131 Safari/537.36" 
14.195.234.214 - - [10/Jan/2017:08:51:55 -0800] "GET /wp-login.php HTTP/1.1" 404 295 "-" "Mozilla/5.0 (Windows NT 6.1; WOW64; rv:40.0) Gecko/20100101 Firefox/40.1" 
14.195.234.214 - - [10/Jan/2017:08:52:01 -0800] "GET / HTTP/1.1" 200 34374 "-" "Mozilla/5.0 (Windows NT 6.1; WOW64; rv:40.0) Gecko/20100101 Firefox/40.1" 
124.95.156.118 - - [10/Jan/2017:08:52:00 -0800] "GET /squid/access.log.gz HTTP/1.1" 206 262506 "-" "Mozilla/5.0 (Linux; Android) AppleWebKit/537.36 (KHTML, like Gecko) Chrome/34.0.1847.131 Safari/537.36" 
124.95.156.118 - - [10/Jan/2017:08:52:03 -0800] "GET /squid/access.log.gz HTTP/1.1" 206 262506 "-" "Mozilla/5.0 (Linux; Android) AppleWebKit/537.36 (KHTML, like Gecko) Chrome/34.0.1847.131 Safari/537.36" 
124.95.156.118 - - [10/Jan/2017:08:52:06 -0800] "GET /squid/access.log.gz HTTP/1.1" 206 195871 "-" "Mozilla/5.0 (Linux; Android) AppleWebKit/537.36 (KHTML, like Gecko) Chrome/34.0.1847.131 Safari/537.36" 
124.95.156.118 - - [10/Jan/2017:08:52:06 -0800] "GET /squid/access.log.gz HTTP/1.1" 206 262505 "-" "Mozilla/5.0 (Linux; Android) AppleWebKit/537.36 (KHTML, like Gecko) Chrome/34.0.1847.131 Safari/537.36" 
124.95.156.118 - - [10/Jan/2017:08:52:09 -0800] "GET /squid/access.log.gz HTTP/1.1" 206 262505 "-" "Mozilla/5.0 (Linux; Android) AppleWebKit/537.36 (KHTML, like Gecko) Chrome/34.0.1847.131 Safari/537.36" 
124.95.156.118 - - [10/Jan/2017:08:52:11 -0800] "GET /squid/access.log.gz HTTP/1.1" 206 262505 "-" "Mozilla/5.0 (Linux; Android) AppleWebKit/537.36 (KHTML, like Gecko) Chrome/34.0.1847.131 Safari/537.36" 
124.95.156.118 - - [10/Jan/2017:08:52:14 -0800] "GET /squid/access.log.gz HTTP/1.1" 206 262505 "-" "Mozilla/5.0 (Linux; Android) AppleWebKit/537.36 (KHTML, like Gecko) Chrome/34.0.1847.131 Safari/537.36" 
124.95.156.118 - - [10/Jan/2017:08:52:12 -0800] "GET /squid/access.log.gz HTTP/1.1" 206 262505 "-" "Mozilla/5.0 (Linux; Android) AppleWebKit/537.36 (KHTML, like Gecko) Chrome/34.0.1847.131 Safari/537.36" 
124.95.156.118 - - [10/Jan/2017:08:52:16 -0800] "GET /squid/access.log.gz HTTP/1.1" 206 262505 "-" "Mozilla/5.0 (Linux; Android) AppleWebKit/537.36 (KHTML, like Gecko) Chrome/34.0.1847.131 Safari/537.36" 
69.60.82.14 - - [10/Jan/2017:08:52:18 -0800] "GET / HTTP/1.1" 200 10267 "https://www.reddit.com/r/datasets/comments/3tbxap/cyber_security_datasets/" "Mozilla/5.0 (Windows NT 6.1) AppleWebKit/537.36 (KHTML, like Gecko) Chrome/55.0.2883.87 Safari/537.36" 
69.60.82.14 - - [10/Jan/2017:08:52:18 -0800] "GET /twitter-icon.png HTTP/1.1" 200 27787 "http://www.secrepo.com/" "Mozilla/5.0 (Windows NT 6.1) AppleWebKit/537.36 (KHTML, like Gecko) Chrome/55.0.2883.87 Safari/537.36" 
69.60.82.14 - - [10/Jan/2017:08:52:18 -0800] "GET /GitHub-Mark.png HTTP/1.1" 200 7428 "http://www.secrepo.com/" "Mozilla/5.0 (Windows NT 6.1) AppleWebKit/537.36 (KHTML, like Gecko) Chrome/55.0.2883.87 Safari/537.36" 
124.95.156.118 - - [10/Jan/2017:08:52:17 -0800] "GET /squid/access.log.gz HTTP/1.1" 206 262505 "-" "Mozilla/5.0 (Linux; Android) AppleWebKit/537.36 (KHTML, like Gecko) Chrome/34.0.1847.131 Safari/537.36" 
124.95.156.118 - - [10/Jan/2017:08:52:16 -0800] "GET /squid/access.log.gz HTTP/1.1" 206 262505 "-" "Mozilla/5.0 (Linux; Android) AppleWebKit/537.36 (KHTML, like Gecko) Chrome/34.0.1847.131 Safari/537.36" 
69.60.82.14 - - [10/Jan/2017:08:52:20 -0800] "GET /bootstrap/img/favicon.ico HTTP/1.1" 200 589 "http://www.secrepo.com/" "Mozilla/5.0 (Windows NT 6.1) AppleWebKit/537.36 (KHTML, like Gecko) Chrome/55.0.2883.87 Safari/537.36" 
124.95.156.118 - - [10/Jan/2017:08:52:19 -0800] "GET /squid/access.log.gz HTTP/1.1" 206 262505 "-" "Mozilla/5.0 (Linux; Android) AppleWebKit/537.36 (KHTML, like Gecko) Chrome/34.0.1847.131 Safari/537.36" 
124.95.156.118 - - [10/Jan/2017:08:52:19 -0800] "GET /squid/access.log.gz HTTP/1.1" 206 262505 "-" "Mozilla/5.0 (Linux; Android) AppleWebKit/537.36 (KHTML, like Gecko) Chrome/34.0.1847.131 Safari/537.36" 
124.95.156.118 - - [10/Jan/2017:08:52:41 -0800] "GET /squid/access.log.gz HTTP/1.1" 206 97484 "-" "Mozilla/5.0 (Linux; Android) AppleWebKit/537.36 (KHTML, like Gecko) Chrome/34.0.1847.131 Safari/537.36" 
124.95.156.118 - - [10/Jan/2017:08:52:40 -0800] "GET /squid/access.log.gz HTTP/1.1" 206 262506 "-" "Mozilla/5.0 (Linux; Android) AppleWebKit/537.36 (KHTML, like Gecko) Chrome/34.0.1847.131 Safari/537.36" 
124.95.156.141 - - [10/Jan/2017:08:53:48 -0800] "GET /Security-Data-Analysis/Lab_1/conn.log.zip HTTP/1.1" 206 262513 "-" "Mozilla/5.0 (Linux; Android) AppleWebKit/537.36 (KHTML, like Gecko) Chrome/34.0.1847.131 Safari/537.36" 
124.95.156.141 - - [10/Jan/2017:08:53:49 -0800] "GET /Security-Data-Analysis/Lab_1/conn.log.zip HTTP/1.1" 206 262513 "-" "Mozilla/5.0 (Linux; Android) AppleWebKit/537.36 (KHTML, like Gecko) Chrome/34.0.1847.131 Safari/537.36" 
124.95.156.141 - - [10/Jan/2017:08:53:49 -0800] "GET /Security-Data-Analysis/Lab_1/conn.log.zip HTTP/1.1" 206 262513 "-" "Mozilla/5.0 (Linux; Android) AppleWebKit/537.36 (KHTML, like Gecko) Chrome/34.0.1847.131 Safari/537.36" 
124.95.156.141 - - [10/Jan/2017:08:53:49 -0800] "GET /Security-Data-Analysis/Lab_1/conn.log.zip HTTP/1.1" 206 262513 "-" "Mozilla/5.0 (Linux; Android) AppleWebKit/537.36 (KHTML, like Gecko) Chrome/34.0.1847.131 Safari/537.36" 
124.95.156.141 - - [10/Jan/2017:08:53:49 -0800] "GET /Security-Data-Analysis/Lab_1/conn.log.zip HTTP/1.1" 206 262513 "-" "Mozilla/5.0 (Linux; Android) AppleWebKit/537.36 (KHTML, like Gecko) Chrome/34.0.1847.131 Safari/537.36" 
124.95.156.141 - - [10/Jan/2017:08:53:51 -0800] "GET /Security-Data-Analysis/Lab_1/conn.log.zip HTTP/1.1" 206 262512 "-" "Mozilla/5.0 (Linux; Android) AppleWebKit/537.36 (KHTML, like Gecko) Chrome/34.0.1847.131 Safari/537.36" 
124.95.156.141 - - [10/Jan/2017:08:53:52 -0800] "GET /Security-Data-Analysis/Lab_1/conn.log.zip HTTP/1.1" 206 262512 "-" "Mozilla/5.0 (Linux; Android) AppleWebKit/537.36 (KHTML, like Gecko) Chrome/34.0.1847.131 Safari/537.36" 
124.95.156.141 - - [10/Jan/2017:08:53:52 -0800] "GET /Security-Data-Analysis/Lab_1/conn.log.zip HTTP/1.1" 206 262512 "-" "Mozilla/5.0 (Linux; Android) AppleWebKit/537.36 (KHTML, like Gecko) Chrome/34.0.1847.131 Safari/537.36" 
124.95.156.141 - - [10/Jan/2017:08:53:52 -0800] "GET /Security-Data-Analysis/Lab_1/conn.log.zip HTTP/1.1" 206 262512 "-" "Mozilla/5.0 (Linux; Android) AppleWebKit/537.36 (KHTML, like Gecko) Chrome/34.0.1847.131 Safari/537.36" 
124.95.156.141 - - [10/Jan/2017:08:53:52 -0800] "GET /Security-Data-Analysis/Lab_1/conn.log.zip HTTP/1.1" 206 262512 "-" "Mozilla/5.0 (Linux; Android) AppleWebKit/537.36 (KHTML, like Gecko) Chrome/34.0.1847.131 Safari/537.36" 
124.95.156.141 - - [10/Jan/2017:08:55:21 -0800] "GET /Security-Data-Analysis/Lab_1/conn.log.zip HTTP/1.1" 206 262513 "-" "Mozilla/5.0 (Linux; Android) AppleWebKit/537.36 (KHTML, like Gecko) Chrome/34.0.1847.131 Safari/537.36" 
124.95.156.141 - - [10/Jan/2017:08:55:23 -0800] "GET /Security-Data-Analysis/Lab_1/conn.log.zip HTTP/1.1" 206 262512 "-" "Mozilla/5.0 (Linux; Android) AppleWebKit/537.36 (KHTML, like Gecko) Chrome/34.0.1847.131 Safari/537.36" 
124.95.156.141 - - [10/Jan/2017:08:55:22 -0800] "GET /Security-Data-Analysis/Lab_1/conn.log.zip HTTP/1.1" 206 262513 "-" "Mozilla/5.0 (Linux; Android) AppleWebKit/537.36 (KHTML, like Gecko) Chrome/34.0.1847.131 Safari/537.36" 
124.95.156.141 - - [10/Jan/2017:08:55:22 -0800] "GET /Security-Data-Analysis/Lab_1/conn.log.zip HTTP/1.1" 206 262513 "-" "Mozilla/5.0 (Linux; Android) AppleWebKit/537.36 (KHTML, like Gecko) Chrome/34.0.1847.131 Safari/537.36" 
124.95.156.141 - - [10/Jan/2017:08:55:22 -0800] "GET /Security-Data-Analysis/Lab_1/conn.log.zip HTTP/1.1" 206 262513 "-" "Mozilla/5.0 (Linux; Android) AppleWebKit/537.36 (KHTML, like Gecko) Chrome/34.0.1847.131 Safari/537.36" 
124.95.156.141 - - [10/Jan/2017:08:55:23 -0800] "GET /Security-Data-Analysis/Lab_1/conn.log.zip HTTP/1.1" 206 262513 "-" "Mozilla/5.0 (Linux; Android) AppleWebKit/537.36 (KHTML, like Gecko) Chrome/34.0.1847.131 Safari/537.36" 
124.95.156.141 - - [10/Jan/2017:08:55:25 -0800] "GET /Security-Data-Analysis/Lab_1/conn.log.zip HTTP/1.1" 206 262512 "-" "Mozilla/5.0 (Linux; Android) AppleWebKit/537.36 (KHTML, like Gecko) Chrome/34.0.1847.131 Safari/537.36" 
124.95.156.141 - - [10/Jan/2017:08:55:25 -0800] "GET /Security-Data-Analysis/Lab_1/conn.log.zip HTTP/1.1" 206 262512 "-" "Mozilla/5.0 (Linux; Android) AppleWebKit/537.36 (KHTML, like Gecko) Chrome/34.0.1847.131 Safari/537.36" 
124.95.156.141 - - [10/Jan/2017:08:55:25 -0800] "GET /Security-Data-Analysis/Lab_1/conn.log.zip HTTP/1.1" 206 262512 "-" "Mozilla/5.0 (Linux; Android) AppleWebKit/537.36 (KHTML, like Gecko) Chrome/34.0.1847.131 Safari/537.36" 
124.95.156.141 - - [10/Jan/2017:08:55:25 -0800] "GET /Security-Data-Analysis/Lab_1/conn.log.zip HTTP/1.1" 206 262512 "-" "Mozilla/5.0 (Linux; Android) AppleWebKit/537.36 (KHTML, like Gecko) Chrome/34.0.1847.131 Safari/537.36" 
124.95.156.145 - - [10/Jan/2017:08:55:59 -0800] "GET /pe_static/ap1.zip HTTP/1.1" 404 295 "-" "Mozilla/5.0 (Linux; Android) AppleWebKit/537.36 (KHTML, like Gecko) Chrome/34.0.1847.131 Safari/537.36" 
123.120.31.95 - - [10/Jan/2017:08:55:59 -0800] "GET /pe_static/ap1.zip HTTP/1.1" 404 295 "http://www.secrepo.com/" "Mozilla/4.0 (compatible; MSIE 7.0; Windows NT 6.2; WOW64; Trident/7.0; .NET4.0C; .NET4.0E; Tablet PC 2.0; .NET CLR 2.0.50727; .NET CLR 3.0.30729; .NET CLR 3.5.30729)" 
123.120.31.95 - - [10/Jan/2017:08:56:00 -0800] "GET /pe_static/ap1.zip HTTP/1.1" 404 295 "http://www.secrepo.com/" "Mozilla/4.0 (compatible; MSIE 7.0; Windows NT 6.2; WOW64; Trident/7.0; .NET4.0C; .NET4.0E; Tablet PC 2.0; .NET CLR 2.0.50727; .NET CLR 3.0.30729; .NET CLR 3.5.30729)" 
123.120.31.95 - - [10/Jan/2017:08:56:00 -0800] "GET /pe_static/ap1.zip HTTP/1.1" 404 295 "-" "Mozilla/4.0 (compatible; MSIE 7.0; Windows NT 6.2; WOW64; Trident/7.0; .NET4.0C; .NET4.0E; Tablet PC 2.0; .NET CLR 2.0.50727; .NET CLR 3.0.30729; .NET CLR 3.5.30729)" 
123.120.31.95 - - [10/Jan/2017:08:56:01 -0800] "GET /pe_static/ap1.zip HTTP/1.1" 404 295 "http://www.secrepo.com/pe_static" "Mozilla/4.0 (compatible; MSIE 7.0; Windows NT 6.2; WOW64; Trident/7.0; .NET4.0C; .NET4.0E; Tablet PC 2.0; .NET CLR 2.0.50727; .NET CLR 3.0.30729; .NET CLR 3.5.30729)" 
123.120.31.95 - - [10/Jan/2017:08:56:20 -0800] "GET /pe_static/ap1.zip HTTP/1.1" 404 295 "http://www.secrepo.com/" "Mozilla/4.0 (compatible; MSIE 7.0; Windows NT 6.2; WOW64; Trident/7.0; .NET4.0C; .NET4.0E; Tablet PC 2.0; .NET CLR 2.0.50727; .NET CLR 3.0.30729; .NET CLR 3.5.30729)" 
123.120.31.95 - - [10/Jan/2017:08:56:21 -0800] "GET /pe_static/ap1.zip HTTP/1.1" 404 295 "http://www.secrepo.com/" "Mozilla/4.0 (compatible; MSIE 7.0; Windows NT 6.2; WOW64; Trident/7.0; .NET4.0C; .NET4.0E; Tablet PC 2.0; .NET CLR 2.0.50727; .NET CLR 3.0.30729; .NET CLR 3.5.30729)" 
123.120.31.95 - - [10/Jan/2017:08:56:21 -0800] "GET /pe_static/ap1.zip HTTP/1.1" 404 295 "-" "Mozilla/4.0 (compatible; MSIE 7.0; Windows NT 6.2; WOW64; Trident/7.0; .NET4.0C; .NET4.0E; Tablet PC 2.0; .NET CLR 2.0.50727; .NET CLR 3.0.30729; .NET CLR 3.5.30729)" 
123.120.31.95 - - [10/Jan/2017:08:56:22 -0800] "GET /pe_static/ap1.zip HTTP/1.1" 404 295 "http://www.secrepo.com/pe_static" "Mozilla/4.0 (compatible; MSIE 7.0; Windows NT 6.2; WOW64; Trident/7.0; .NET4.0C; .NET4.0E; Tablet PC 2.0; .NET CLR 2.0.50727; .NET CLR 3.0.30729; .NET CLR 3.5.30729)" 
124.95.156.141 - - [10/Jan/2017:08:57:21 -0800] "GET /Security-Data-Analysis/Lab_1/conn.log.zip HTTP/1.1" 206 262513 "-" "Mozilla/5.0 (Linux; Android) AppleWebKit/537.36 (KHTML, like Gecko) Chrome/34.0.1847.131 Safari/537.36" 
124.95.156.141 - - [10/Jan/2017:08:57:21 -0800] "GET /Security-Data-Analysis/Lab_1/conn.log.zip HTTP/1.1" 206 262513 "-" "Mozilla/5.0 (Linux; Android) AppleWebKit/537.36 (KHTML, like Gecko) Chrome/34.0.1847.131 Safari/537.36" 
124.95.156.141 - - [10/Jan/2017:08:57:20 -0800] "GET /Security-Data-Analysis/Lab_1/conn.log.zip HTTP/1.1" 206 262513 "-" "Mozilla/5.0 (Linux; Android) AppleWebKit/537.36 (KHTML, like Gecko) Chrome/34.0.1847.131 Safari/537.36" 
124.95.156.141 - - [10/Jan/2017:08:57:21 -0800] "GET /Security-Data-Analysis/Lab_1/conn.log.zip HTTP/1.1" 206 262513 "-" "Mozilla/5.0 (Linux; Android) AppleWebKit/537.36 (KHTML, like Gecko) Chrome/34.0.1847.131 Safari/537.36" 
124.95.156.141 - - [10/Jan/2017:08:57:26 -0800] "GET /Security-Data-Analysis/Lab_1/conn.log.zip HTTP/1.1" 206 262512 "-" "Mozilla/5.0 (Linux; Android) AppleWebKit/537.36 (KHTML, like Gecko) Chrome/34.0.1847.131 Safari/537.36" 
124.95.156.141 - - [10/Jan/2017:08:57:27 -0800] "GET /Security-Data-Analysis/Lab_1/conn.log.zip HTTP/1.1" 206 262512 "-" "Mozilla/5.0 (Linux; Android) AppleWebKit/537.36 (KHTML, like Gecko) Chrome/34.0.1847.131 Safari/537.36" 
124.95.156.141 - - [10/Jan/2017:08:57:21 -0800] "GET /Security-Data-Analysis/Lab_1/conn.log.zip HTTP/1.1" 206 262513 "-" "Mozilla/5.0 (Linux; Android) AppleWebKit/537.36 (KHTML, like Gecko) Chrome/34.0.1847.131 Safari/537.36" 
124.95.156.141 - - [10/Jan/2017:08:57:26 -0800] "GET /Security-Data-Analysis/Lab_1/conn.log.zip HTTP/1.1" 206 262512 "-" "Mozilla/5.0 (Linux; Android) AppleWebKit/537.36 (KHTML, like Gecko) Chrome/34.0.1847.131 Safari/537.36" 
124.95.156.141 - - [10/Jan/2017:08:57:30 -0800] "GET /Security-Data-Analysis/Lab_1/conn.log.zip HTTP/1.1" 206 262512 "-" "Mozilla/5.0 (Linux; Android) AppleWebKit/537.36 (KHTML, like Gecko) Chrome/34.0.1847.131 Safari/537.36" 
124.95.156.141 - - [10/Jan/2017:08:57:28 -0800] "GET /Security-Data-Analysis/Lab_1/conn.log.zip HTTP/1.1" 206 262512 "-" "Mozilla/5.0 (Linux; Android) AppleWebKit/537.36 (KHTML, like Gecko) Chrome/34.0.1847.131 Safari/537.36" 
124.95.156.141 - - [10/Jan/2017:08:57:31 -0800] "GET /Security-Data-Analysis/Lab_1/conn.log.zip HTTP/1.1" 206 262512 "-" "Mozilla/5.0 (Linux; Android) AppleWebKit/537.36 (KHTML, like Gecko) Chrome/34.0.1847.131 Safari/537.36" 
220.181.108.156 - - [10/Jan/2017:08:57:42 -0800] "GET / HTTP/1.1" 301 446 "-" "Mozilla/5.0 (compatible; Baiduspider/2.0; +http://www.baidu.com/search/spider.html)" 
123.125.71.91 - - [10/Jan/2017:08:57:50 -0800] "GET / HTTP/1.1" 200 10230 "-" "Mozilla/5.0 (compatible; Baiduspider/2.0; +http://www.baidu.com/search/spider.html)" 
124.95.156.141 - - [10/Jan/2017:08:57:30 -0800] "GET /Security-Data-Analysis/Lab_1/conn.log.zip HTTP/1.1" 206 262513 "-" "Mozilla/5.0 (Linux; Android) AppleWebKit/537.36 (KHTML, like Gecko) Chrome/34.0.1847.131 Safari/537.36" 
124.95.156.141 - - [10/Jan/2017:08:58:22 -0800] "GET /Security-Data-Analysis/Lab_1/conn.log.zip HTTP/1.1" 206 262513 "-" "Mozilla/5.0 (Linux; Android) AppleWebKit/537.36 (KHTML, like Gecko) Chrome/34.0.1847.131 Safari/537.36" 
124.95.156.141 - - [10/Jan/2017:08:58:25 -0800] "GET /Security-Data-Analysis/Lab_1/conn.log.zip HTTP/1.1" 206 262512 "-" "Mozilla/5.0 (Linux; Android) AppleWebKit/537.36 (KHTML, like Gecko) Chrome/34.0.1847.131 Safari/537.36" 
124.95.156.141 - - [10/Jan/2017:08:58:25 -0800] "GET /Security-Data-Analysis/Lab_1/conn.log.zip HTTP/1.1" 206 262513 "-" "Mozilla/5.0 (Linux; Android) AppleWebKit/537.36 (KHTML, like Gecko) Chrome/34.0.1847.131 Safari/537.36" 
124.95.156.141 - - [10/Jan/2017:08:58:25 -0800] "GET /Security-Data-Analysis/Lab_1/conn.log.zip HTTP/1.1" 206 262513 "-" "Mozilla/5.0 (Linux; Android) AppleWebKit/537.36 (KHTML, like Gecko) Chrome/34.0.1847.131 Safari/537.36" 
124.95.156.141 - - [10/Jan/2017:08:58:25 -0800] "GET /Security-Data-Analysis/Lab_1/conn.log.zip HTTP/1.1" 206 262513 "-" "Mozilla/5.0 (Linux; Android) AppleWebKit/537.36 (KHTML, like Gecko) Chrome/34.0.1847.131 Safari/537.36" 
124.95.156.141 - - [10/Jan/2017:08:58:38 -0800] "GET /Security-Data-Analysis/Lab_1/conn.log.zip HTTP/1.1" 206 262513 "-" "Mozilla/5.0 (Linux; Android) AppleWebKit/537.36 (KHTML, like Gecko) Chrome/34.0.1847.131 Safari/537.36" 
124.95.156.130 - - [10/Jan/2017:08:59:03 -0800] "GET /pe_static/zeus.zip HTTP/1.1" 206 262486 "-" "Mozilla/5.0 (Linux; Android) AppleWebKit/537.36 (KHTML, like Gecko) Chrome/34.0.1847.131 Safari/537.36" 
124.95.156.130 - - [10/Jan/2017:08:59:03 -0800] "GET /pe_static/zeus.zip HTTP/1.1" 206 262486 "-" "Mozilla/5.0 (Linux; Android) AppleWebKit/537.36 (KHTML, like Gecko) Chrome/34.0.1847.131 Safari/537.36" 
124.95.156.130 - - [10/Jan/2017:08:59:04 -0800] "GET /pe_static/zeus.zip HTTP/1.1" 206 262486 "-" "Mozilla/5.0 (Linux; Android) AppleWebKit/537.36 (KHTML, like Gecko) Chrome/34.0.1847.131 Safari/537.36" 
124.95.156.130 - - [10/Jan/2017:08:59:06 -0800] "GET /pe_static/zeus.zip HTTP/1.1" 206 262485 "-" "Mozilla/5.0 (Linux; Android) AppleWebKit/537.36 (KHTML, like Gecko) Chrome/34.0.1847.131 Safari/537.36" 
124.95.156.130 - - [10/Jan/2017:08:59:04 -0800] "GET /pe_static/zeus.zip HTTP/1.1" 206 262486 "-" "Mozilla/5.0 (Linux; Android) AppleWebKit/537.36 (KHTML, like Gecko) Chrome/34.0.1847.131 Safari/537.36" 
124.95.156.130 - - [10/Jan/2017:08:59:07 -0800] "GET /pe_static/zeus.zip HTTP/1.1" 206 262485 "-" "Mozilla/5.0 (Linux; Android) AppleWebKit/537.36 (KHTML, like Gecko) Chrome/34.0.1847.131 Safari/537.36" 
124.95.156.130 - - [10/Jan/2017:08:59:06 -0800] "GET /pe_static/zeus.zip HTTP/1.1" 206 262485 "-" "Mozilla/5.0 (Linux; Android) AppleWebKit/537.36 (KHTML, like Gecko) Chrome/34.0.1847.131 Safari/537.36" 
124.95.156.141 - - [10/Jan/2017:08:59:06 -0800] "GET /Security-Data-Analysis/Lab_1/conn.log.zip HTTP/1.1" 206 262513 "-" "Mozilla/5.0 (Linux; Android) AppleWebKit/537.36 (KHTML, like Gecko) Chrome/34.0.1847.131 Safari/537.36" 
124.95.156.130 - - [10/Jan/2017:08:59:07 -0800] "GET /pe_static/zeus.zip HTTP/1.1" 206 262485 "-" "Mozilla/5.0 (Linux; Android) AppleWebKit/537.36 (KHTML, like Gecko) Chrome/34.0.1847.131 Safari/537.36" 
124.95.156.130 - - [10/Jan/2017:08:59:07 -0800] "GET /pe_static/zeus.zip HTTP/1.1" 206 262485 "-" "Mozilla/5.0 (Linux; Android) AppleWebKit/537.36 (KHTML, like Gecko) Chrome/34.0.1847.131 Safari/537.36" 
124.95.156.141 - - [10/Jan/2017:08:59:07 -0800] "GET /Security-Data-Analysis/Lab_1/conn.log.zip HTTP/1.1" 206 262513 "-" "Mozilla/5.0 (Linux; Android) AppleWebKit/537.36 (KHTML, like Gecko) Chrome/34.0.1847.131 Safari/537.36" 
124.95.156.141 - - [10/Jan/2017:08:59:07 -0800] "GET /Security-Data-Analysis/Lab_1/conn.log.zip HTTP/1.1" 206 262513 "-" "Mozilla/5.0 (Linux; Android) AppleWebKit/537.36 (KHTML, like Gecko) Chrome/34.0.1847.131 Safari/537.36" 
124.95.156.141 - - [10/Jan/2017:08:59:07 -0800] "GET /Security-Data-Analysis/Lab_1/conn.log.zip HTTP/1.1" 206 262513 "-" "Mozilla/5.0 (Linux; Android) AppleWebKit/537.36 (KHTML, like Gecko) Chrome/34.0.1847.131 Safari/537.36" 
124.95.156.141 - - [10/Jan/2017:08:59:09 -0800] "GET /Security-Data-Analysis/Lab_1/conn.log.zip HTTP/1.1" 206 262512 "-" "Mozilla/5.0 (Linux; Android) AppleWebKit/537.36 (KHTML, like Gecko) Chrome/34.0.1847.131 Safari/537.36" 
124.95.156.130 - - [10/Jan/2017:08:59:04 -0800] "GET /pe_static/zeus.zip HTTP/1.1" 206 262486 "-" "Mozilla/5.0 (Linux; Android) AppleWebKit/537.36 (KHTML, like Gecko) Chrome/34.0.1847.131 Safari/537.36" 
124.95.156.141 - - [10/Jan/2017:08:59:05 -0800] "GET /Security-Data-Analysis/Lab_1/conn.log.zip HTTP/1.1" 206 262512 "-" "Mozilla/5.0 (Linux; Android) AppleWebKit/537.36 (KHTML, like Gecko) Chrome/34.0.1847.131 Safari/537.36" 
124.95.156.141 - - [10/Jan/2017:08:59:10 -0800] "GET /Security-Data-Analysis/Lab_1/conn.log.zip HTTP/1.1" 206 262512 "-" "Mozilla/5.0 (Linux; Android) AppleWebKit/537.36 (KHTML, like Gecko) Chrome/34.0.1847.131 Safari/537.36" 
124.95.156.141 - - [10/Jan/2017:08:59:10 -0800] "GET /Security-Data-Analysis/Lab_1/conn.log.zip HTTP/1.1" 206 262512 "-" "Mozilla/5.0 (Linux; Android) AppleWebKit/537.36 (KHTML, like Gecko) Chrome/34.0.1847.131 Safari/537.36" 
