207.46.13.146 - - [01/Aug/2015:03:29:11 -0700] "GET /honeypot/Honeypot%20-%20Howto%20-%20BSides%20Austin.pdf HTTP/1.1" 200 2928460 "-" "Mozilla/5.0 (iPhone; CPU iPhone OS 7_0 like Mac OS X) AppleWebKit/537.51.1 (KHTML, like Gecko) Version/7.0 Mobile/11A465 Safari/9537.53 (compatible; bingbot/2.0;  http://www.bing.com/bingbot.htm)" 
192.187.100.154 - - [01/Aug/2015:03:33:08 -0700] "GET /honeypot/Honeypot%20-%20Howto.pdf HTTP/1.1" 200 1279418 "http://www.secrepo.com/" "Mozilla/5.0 (Linux; Android 4.4.4; Galaxy Nexus Build/KTU84P) AppleWebKit/537.36 (KHTML, like Gecko) Chrome/39.0.2171.93 Mobile Safari/537.36" 
192.187.100.154 - - [01/Aug/2015:03:33:45 -0700] "GET /honeypot/Honeypot%20-%20Howto%20-%20BSides%20Austin.pdf HTTP/1.1" 200 2928460 "http://www.secrepo.com/" "Mozilla/5.0 (Linux; Android 4.4.4; Galaxy Nexus Build/KTU84P) AppleWebKit/537.36 (KHTML, like Gecko) Chrome/39.0.2171.93 Mobile Safari/537.36" 
207.46.13.120 - - [01/Aug/2015:03:56:56 -0700] "GET /self.logs/error.log.2015-05-17.gz HTTP/1.1" 200 786 "-" "Mozilla/5.0 (compatible; bingbot/2.0; +http://www.bing.com/bingbot.htm)" 
114.244.37.54 - - [01/Aug/2015:04:46:36 -0700] "GET / HTTP/1.1" 200 7347 "-" "Mozilla/5.0 (Windows NT 6.1; WOW64) AppleWebKit/537.36 (KHTML, like Gecko) Chrome/44.0.2403.107 Safari/537.36" 
114.244.37.54 - - [01/Aug/2015:04:46:37 -0700] "GET /GitHub-Mark.png HTTP/1.1" 200 7427 "http://www.secrepo.com/" "Mozilla/5.0 (Windows NT 6.1; WOW64) AppleWebKit/537.36 (KHTML, like Gecko) Chrome/44.0.2403.107 Safari/537.36" 
180.76.15.138 - - [01/Aug/2015:05:10:10 -0700] "GET /data HTTP/1.1" 404 303 "-" "Mozilla/5.0 (compatible; Baiduspider/2.0; +http://www.baidu.com/search/spider.html)" 
212.98.207.134 - - [01/Aug/2015:06:44:23 -0700] "GET /bootstrap/img/favicon.ico HTTP/1.1" 200 590 "-" "Mozilla/5.0 (Windows NT 10.0; Win64; x64; rv:40.0) Gecko/20100101 Firefox/40.0" 
207.46.13.45 - - [01/Aug/2015:07:35:43 -0700] "GET / HTTP/1.1" 301 483 "-" "Mozilla/5.0 (compatible; bingbot/2.0; +http://www.bing.com/bingbot.htm)" 
207.46.13.146 - - [01/Aug/2015:07:38:36 -0700] "GET / HTTP/1.1" 200 7347 "-" "Mozilla/5.0 (compatible; bingbot/2.0; +http://www.bing.com/bingbot.htm)" 
207.46.13.45 - - [01/Aug/2015:07:47:19 -0700] "GET /self.logs/access.log.2015-05-22.gz HTTP/1.1" 200 4738 "-" "Mozilla/5.0 (compatible; bingbot/2.0; +http://www.bing.com/bingbot.htm)" 
73.43.28.181 - - [01/Aug/2015:07:49:25 -0700] "GET /robots.txt HTTP/1.0" 200 252 "-" "GigablastOpenSource/1.0" 
73.43.28.181 - - [01/Aug/2015:07:49:25 -0700] "GET / HTTP/1.0" 200 24399 "-" "GigablastOpenSource/1.0" 
177.223.0.61 - - [01/Aug/2015:08:08:29 -0700] "GET / HTTP/1.1" 301 483 "http://buttons-for-website.com" "Mozilla/5.0 (Windows NT 6.1; WOW64) AppleWebKit/537.36 (KHTML, like Gecko) Chrome/36.0.1985.143 Safari/537.36" 
177.223.0.61 - - [01/Aug/2015:08:08:30 -0700] "GET / HTTP/1.1" 200 7347 "http://buttons-for-website.com" "Mozilla/5.0 (Windows NT 6.1; WOW64) AppleWebKit/537.36 (KHTML, like Gecko) Chrome/36.0.1985.143 Safari/537.36" 
177.223.0.61 - - [01/Aug/2015:08:08:31 -0700] "GET /twitter-icon.png HTTP/1.1" 200 27787 "http://www.secrepo.com/" "Mozilla/5.0 (Windows NT 6.1; WOW64) AppleWebKit/537.36 (KHTML, like Gecko) Chrome/36.0.1985.143 Safari/537.36" 
177.223.0.61 - - [01/Aug/2015:08:08:31 -0700] "GET /GitHub-Mark.png HTTP/1.1" 200 7428 "http://www.secrepo.com/" "Mozilla/5.0 (Windows NT 6.1; WOW64) AppleWebKit/537.36 (KHTML, like Gecko) Chrome/36.0.1985.143 Safari/537.36" 
187.16.43.38 - - [01/Aug/2015:08:38:50 -0700] "GET / HTTP/1.1" 301 483 "http://success-seo.com/try.php?u=http://secrepo.com" "Mozilla/5.0 (Windows NT 6.1; WOW64) AppleWebKit/537.36 (KHTML, like Gecko) Chrome/32.0.1700.107 Safari/537.36" 
187.16.43.38 - - [01/Aug/2015:08:38:51 -0700] "GET / HTTP/1.1" 200 7347 "http://success-seo.com/try.php?u=http://secrepo.com" "Mozilla/5.0 (Windows NT 6.1; WOW64) AppleWebKit/537.36 (KHTML, like Gecko) Chrome/32.0.1700.107 Safari/537.36" 
187.16.43.38 - - [01/Aug/2015:08:38:53 -0700] "GET /twitter-icon.png HTTP/1.1" 200 27787 "http://www.secrepo.com/" "Mozilla/5.0 (Windows NT 6.1; WOW64) AppleWebKit/537.36 (KHTML, like Gecko) Chrome/32.0.1700.107 Safari/537.36" 
187.16.43.38 - - [01/Aug/2015:08:38:53 -0700] "GET /GitHub-Mark.png HTTP/1.1" 200 7428 "http://www.secrepo.com/" "Mozilla/5.0 (Windows NT 6.1; WOW64) AppleWebKit/537.36 (KHTML, like Gecko) Chrome/32.0.1700.107 Safari/537.36" 
66.249.73.239 - - [01/Aug/2015:08:46:33 -0700] "GET / HTTP/1.1" 200 7347 "-" "Mozilla/5.0 (compatible; Googlebot/2.1; +http://www.google.com/bot.html)" 
207.46.13.45 - - [01/Aug/2015:09:33:03 -0700] "GET /self.logs/error.log.2015-05-14.gz HTTP/1.1" 200 1063 "-" "Mozilla/5.0 (compatible; bingbot/2.0; +http://www.bing.com/bingbot.htm)" 
207.46.13.45 - - [01/Aug/2015:09:36:11 -0700] "GET /self.logs/access.log.2015-05-10.gz HTTP/1.1" 200 4200 "-" "Mozilla/5.0 (compatible; bingbot/2.0; +http://www.bing.com/bingbot.htm)" 
180.76.15.153 - - [01/Aug/2015:09:56:20 -0700] "GET / HTTP/1.1" 200 7310 "-" "Mozilla/5.0 (compatible; Baiduspider/2.0; +http://www.baidu.com/search/spider.html)" 
23.229.30.164 - - [01/Aug/2015:10:02:20 -0700] "GET /honeypot/BSidesDFW%20-%202014.ipynb HTTP/1.1" 200 930836 "http://www.secrepo.com/" "Mozilla/5.0 (Linux; Android 4.4.4; Galaxy Nexus Build/KTU84P) AppleWebKit/537.36 (KHTML, like Gecko) Chrome/39.0.2171.93 Mobile Safari/537.36" 
207.46.13.146 - - [01/Aug/2015:10:51:05 -0700] "GET /self.logs/error.log.2015-05-16.gz HTTP/1.1" 200 652 "-" "Mozilla/5.0 (compatible; bingbot/2.0; +http://www.bing.com/bingbot.htm)" 
107.153.7.62 - - [01/Aug/2015:12:34:43 -0700] "GET /honeypot/BSidesDFW%20-%202014.ipynb HTTP/1.0" 200 930799 "http://www.secrepo.com/" "Mozilla/5.0 (Linux; Android 4.4.4; Galaxy Nexus Build/KTU84P) AppleWebKit/537.36 (KHTML, like Gecko) Chrome/39.0.2171.93 Mobile Safari/537.36" 
207.46.13.146 - - [01/Aug/2015:13:02:00 -0700] "GET /honeypot/BSidesDFW%20-%202014.ipynb HTTP/1.1" 200 930836 "-" "Mozilla/5.0 (iPhone; CPU iPhone OS 7_0 like Mac OS X) AppleWebKit/537.51.1 (KHTML, like Gecko) Version/7.0 Mobile/11A465 Safari/9537.53 (compatible; bingbot/2.0;  http://www.bing.com/bingbot.htm)" 
66.212.64.166 - - [01/Aug/2015:13:54:33 -0700] "GET / HTTP/1.1" 200 7347 "-" "Mozilla/5.0 (Windows NT 6.3; WOW64) AppleWebKit/537.36 (KHTML, like Gecko) Chrome/44.0.2403.125 Safari/537.36" 
66.212.64.166 - - [01/Aug/2015:13:54:33 -0700] "GET /twitter-icon.png HTTP/1.1" 200 27787 "http://www.secrepo.com/" "Mozilla/5.0 (Windows NT 6.3; WOW64) AppleWebKit/537.36 (KHTML, like Gecko) Chrome/44.0.2403.125 Safari/537.36" 
66.212.64.166 - - [01/Aug/2015:13:54:33 -0700] "GET /GitHub-Mark.png HTTP/1.1" 200 7428 "http://www.secrepo.com/" "Mozilla/5.0 (Windows NT 6.3; WOW64) AppleWebKit/537.36 (KHTML, like Gecko) Chrome/44.0.2403.125 Safari/537.36" 
208.115.113.86 - - [01/Aug/2015:14:14:56 -0700] "GET /robots.txt HTTP/1.1" 200 233 "-" "Mozilla/5.0 (compatible; DotBot/1.1; http://www.opensiteexplorer.org/dotbot, help@moz.com)" 
208.115.113.86 - - [01/Aug/2015:14:58:53 -0700] "GET /self.logs/?C=M;O=A HTTP/1.1" 200 37637 "-" "Mozilla/5.0 (compatible; DotBot/1.1; http://www.opensiteexplorer.org/dotbot, help@moz.com)" 
180.76.15.19 - - [01/Aug/2015:16:39:59 -0700] "GET / HTTP/1.1" 200 21900 "-" "Mozilla/5.0 (compatible; Baiduspider/2.0; +http://www.baidu.com/search/spider.html)" 
180.76.15.5 - - [01/Aug/2015:16:40:44 -0700] "GET / HTTP/1.1" 200 21900 "-" "Mozilla/5.0 (compatible; Baiduspider/2.0; +http://www.baidu.com/search/spider.html)" 
66.249.83.186 - - [01/Aug/2015:16:40:46 -0700] "GET / HTTP/1.1" 200 7347 "-" "Google favicon" 
66.249.83.129 - - [01/Aug/2015:16:40:47 -0700] "GET /bootstrap/img/favicon.ico HTTP/1.1" 200 590 "-" "Google favicon" 
98.231.230.118 - - [01/Aug/2015:16:56:59 -0700] "GET /bootstrap/img/favicon.ico HTTP/1.1" 200 590 "-" "Mozilla/5.0 (Windows NT 6.1; WOW64; rv:39.0) Gecko/20100101 Firefox/39.0" 
207.46.13.45 - - [01/Aug/2015:17:09:34 -0700] "GET /self.logs/error.log.2015-06-05.gz HTTP/1.1" 200 674 "-" "Mozilla/5.0 (compatible; bingbot/2.0; +http://www.bing.com/bingbot.htm)" 
183.79.221.234 - - [01/Aug/2015:17:16:41 -0700] "GET /robots.txt HTTP/1.0" 200 297 "-" "Y!J-ASR/0.1 crawler (http://www.yahoo-help.jp/app/answers/detail/p/595/a_id/42716/)" 
183.79.221.234 - - [01/Aug/2015:17:16:41 -0700] "GET /tg/tg_snort_full.7z HTTP/1.0" 200 8847783 "-" "Y!J-ASR/0.1 crawler (http://www.yahoo-help.jp/app/answers/detail/p/595/a_id/42716/)" 
183.79.221.234 - - [01/Aug/2015:17:40:00 -0700] "GET /honeypot/BSidesDFW - 2014.ipynb HTTP/1.0" 404 303 "-" "Y!J-ASR/0.1 crawler (http://www.yahoo-help.jp/app/answers/detail/p/595/a_id/42716/)" 
172.241.201.191 - - [01/Aug/2015:17:55:47 -0700] "GET /honeypot/BSidesDFW - 2014.ipynb HTTP/1.0" 404 303 "http://www.secrepo.com/" "Mozilla/5.0 (Linux; Android 4.4.4; Galaxy Nexus Build/KTU84P) AppleWebKit/537.36 (KHTML, like Gecko) Chrome/39.0.2171.93 Mobile Safari/537.36" 
172.241.201.191 - - [01/Aug/2015:17:55:47 -0700] "GET / HTTP/1.1" 200 7347 "http://www.secrepo.com" "Mozilla/5.0 (Linux; Android 4.4.4; Galaxy Nexus Build/KTU84P) AppleWebKit/537.36 (KHTML, like Gecko) Chrome/39.0.2171.93 Mobile Safari/537.36" 
188.165.15.84 - - [01/Aug/2015:17:57:21 -0700] "GET /self.logs/error.log.2015-04-25.gz HTTP/1.1" 200 937 "-" "Mozilla/5.0 (compatible; AhrefsBot/5.0; +http://ahrefs.com/robot/)" 
188.165.15.84 - - [01/Aug/2015:18:16:40 -0700] "GET /self.logs/error.log.2015-02-01.gz HTTP/1.1" 200 745 "-" "Mozilla/5.0 (compatible; AhrefsBot/5.0; +http://ahrefs.com/robot/)" 
66.249.73.247 - - [01/Aug/2015:18:24:56 -0700] "GET /robots.txt HTTP/1.1" 200 334 "-" "Mozilla/5.0 (compatible; Googlebot/2.1; +http://www.google.com/bot.html)" 
66.249.73.239 - - [01/Aug/2015:18:24:56 -0700] "GET / HTTP/1.1" 200 7347 "-" "Mozilla/5.0 (compatible; Googlebot/2.1; +http://www.google.com/bot.html)" 
183.79.221.234 - - [01/Aug/2015:18:31:55 -0700] "GET /data HTTP/1.0" 404 303 "-" "Y!J-ASR/0.1 crawler (http://www.yahoo-help.jp/app/answers/detail/p/595/a_id/42716/)" 
188.165.15.84 - - [01/Aug/2015:18:32:32 -0700] "GET /self.logs/access.log.2015-03-19.gz HTTP/1.1" 200 3672 "-" "Mozilla/5.0 (compatible; AhrefsBot/5.0; +http://ahrefs.com/robot/)" 
188.165.15.84 - - [01/Aug/2015:18:48:57 -0700] "GET /self.logs/error.log.2015-05-03.gz HTTP/1.1" 200 936 "-" "Mozilla/5.0 (compatible; AhrefsBot/5.0; +http://ahrefs.com/robot/)" 
207.46.13.45 - - [01/Aug/2015:18:53:38 -0700] "GET /self.logs/access.log.2015-02-02.gz HTTP/1.1" 200 3356 "-" "Mozilla/5.0 (compatible; bingbot/2.0; +http://www.bing.com/bingbot.htm)" 
188.165.15.84 - - [01/Aug/2015:18:55:02 -0700] "GET /self.logs/access.log.2015-04-10.gz HTTP/1.1" 200 5890 "-" "Mozilla/5.0 (compatible; AhrefsBot/5.0; +http://ahrefs.com/robot/)" 
188.165.15.84 - - [01/Aug/2015:18:58:26 -0700] "GET /self.logs/access.log.2015-03-30.gz HTTP/1.1" 200 7965 "-" "Mozilla/5.0 (compatible; AhrefsBot/5.0; +http://ahrefs.com/robot/)" 
188.165.15.84 - - [01/Aug/2015:19:09:32 -0700] "GET /self.logs/access.log.2015-03-13.gz HTTP/1.1" 200 4822 "-" "Mozilla/5.0 (compatible; AhrefsBot/5.0; +http://ahrefs.com/robot/)" 
104.222.132.14 - - [01/Aug/2015:19:09:50 -0700] "GET /honeypot/Honeypot%20-%20Howto.pdf HTTP/1.0" 200 1279381 "http://www.secrepo.com/" "Mozilla/5.0 (Macintosh; Intel Mac OS X 10.10; rv:34.0) Gecko/20100101 Firefox/34.0" 
188.165.15.84 - - [01/Aug/2015:19:33:27 -0700] "GET /self.logs/access.log.2015-05-06.gz HTTP/1.1" 200 6569 "-" "Mozilla/5.0 (compatible; AhrefsBot/5.0; +http://ahrefs.com/robot/)" 
188.165.15.84 - - [01/Aug/2015:19:38:17 -0700] "GET /self.logs/access.log.2015-05-15.gz HTTP/1.1" 200 4881 "-" "Mozilla/5.0 (compatible; AhrefsBot/5.0; +http://ahrefs.com/robot/)" 
207.46.13.45 - - [01/Aug/2015:20:01:11 -0700] "GET / HTTP/1.1" 200 7347 "-" "Mozilla/5.0 (compatible; bingbot/2.0; +http://www.bing.com/bingbot.htm)" 
207.46.13.21 - - [01/Aug/2015:20:16:05 -0700] "GET / HTTP/1.1" 301 483 "-" "Mozilla/5.0 (compatible; bingbot/2.0; +http://www.bing.com/bingbot.htm)" 
188.165.15.84 - - [01/Aug/2015:20:49:14 -0700] "GET /self.logs/error.log.2015-03-10.gz HTTP/1.1" 200 4827 "-" "Mozilla/5.0 (compatible; AhrefsBot/5.0; +http://ahrefs.com/robot/)" 
188.165.15.84 - - [01/Aug/2015:20:52:32 -0700] "GET /self.logs/error.log.2015-03-23.gz HTTP/1.1" 200 1387 "-" "Mozilla/5.0 (compatible; AhrefsBot/5.0; +http://ahrefs.com/robot/)" 
188.165.15.84 - - [01/Aug/2015:20:59:58 -0700] "GET /self.logs/access.log.2015-01-18.gz HTTP/1.1" 200 3416 "-" "Mozilla/5.0 (compatible; AhrefsBot/5.0; +http://ahrefs.com/robot/)" 
188.165.15.84 - - [01/Aug/2015:21:23:01 -0700] "GET /self.logs/access.log.2015-04-13.gz HTTP/1.1" 200 3659 "-" "Mozilla/5.0 (compatible; AhrefsBot/5.0; +http://ahrefs.com/robot/)" 
188.165.15.84 - - [01/Aug/2015:21:24:08 -0700] "GET /self.logs/error.log.2015-03-14.gz HTTP/1.1" 200 913 "-" "Mozilla/5.0 (compatible; AhrefsBot/5.0; +http://ahrefs.com/robot/)" 
66.249.73.247 - - [01/Aug/2015:21:28:17 -0700] "GET / HTTP/1.1" 200 7347 "-" "Mozilla/5.0 (iPhone; CPU iPhone OS 6_0 like Mac OS X) AppleWebKit/536.26 (KHTML, like Gecko) Version/6.0 Mobile/10A5376e Safari/8536.25 (compatible; Googlebot/2.1; +http://www.google.com/bot.html)" 
188.165.15.84 - - [01/Aug/2015:21:54:01 -0700] "GET /self.logs/error.log.2015-07-27.gz HTTP/1.1" 200 738 "-" "Mozilla/5.0 (compatible; AhrefsBot/5.0; +http://ahrefs.com/robot/)" 
188.165.15.84 - - [01/Aug/2015:21:59:15 -0700] "GET /self.logs/error.log.2015-04-15.gz HTTP/1.1" 200 838 "-" "Mozilla/5.0 (compatible; AhrefsBot/5.0; +http://ahrefs.com/robot/)" 
50.113.93.0 - - [01/Aug/2015:22:04:15 -0700] "GET / HTTP/1.1" 200 7347 "http://www2.mlsecproject.org/" "Mozilla/5.0 (Windows NT 6.1; Win64; x64) AppleWebKit/537.36 (KHTML, like Gecko) Chrome/46.0.2467.2 Safari/537.36" 
50.113.93.0 - - [01/Aug/2015:22:04:15 -0700] "GET /twitter-icon.png HTTP/1.1" 200 27787 "http://www.secrepo.com/" "Mozilla/5.0 (Windows NT 6.1; Win64; x64) AppleWebKit/537.36 (KHTML, like Gecko) Chrome/46.0.2467.2 Safari/537.36" 
50.113.93.0 - - [01/Aug/2015:22:04:16 -0700] "GET /GitHub-Mark.png HTTP/1.1" 200 7428 "http://www.secrepo.com/" "Mozilla/5.0 (Windows NT 6.1; Win64; x64) AppleWebKit/537.36 (KHTML, like Gecko) Chrome/46.0.2467.2 Safari/537.36" 
50.113.93.0 - - [01/Aug/2015:22:04:16 -0700] "GET /bootstrap/img/favicon.ico HTTP/1.1" 200 589 "http://www.secrepo.com/" "Mozilla/5.0 (Windows NT 6.1; Win64; x64) AppleWebKit/537.36 (KHTML, like Gecko) Chrome/46.0.2467.2 Safari/537.36" 
188.165.15.84 - - [01/Aug/2015:22:13:31 -0700] "GET /self.logs/access.log.2015-04-18.gz HTTP/1.1" 200 5670 "-" "Mozilla/5.0 (compatible; AhrefsBot/5.0; +http://ahrefs.com/robot/)" 
141.8.143.159 - - [01/Aug/2015:22:17:38 -0700] "GET /robots.txt HTTP/1.1" 200 289 "-" "Mozilla/5.0 (compatible; YandexBot/3.0; +http://yandex.com/bots)" 
50.67.236.22 - - [01/Aug/2015:22:21:07 -0700] "GET / HTTP/1.1" 200 7347 "-" "Mozilla/5.0 (Macintosh; Intel Mac OS X 10_10_4) AppleWebKit/600.7.12 (KHTML, like Gecko) Version/8.0.7 Safari/600.7.12" 
50.67.236.22 - - [01/Aug/2015:22:21:08 -0700] "GET /bootstrap/img/favicon.ico HTTP/1.1" 304 164 "http://www.secrepo.com/" "Mozilla/5.0 (Macintosh; Intel Mac OS X 10_10_4) AppleWebKit/600.7.12 (KHTML, like Gecko) Version/8.0.7 Safari/600.7.12" 
50.67.236.22 - - [01/Aug/2015:22:21:08 -0700] "GET / HTTP/1.1" 200 7346 "-" "Mozilla/5.0 (iPhone; CPU iPhone OS 8_1 like Mac OS X) AppleWebKit/600.1.4 (KHTML, like Gecko) Version/8.0 Mobile/12B410 Safari/600.1.4" 
50.67.236.22 - - [01/Aug/2015:22:21:08 -0700] "GET /apple-touch-icon-precomposed.png HTTP/1.1" 404 340 "-" "com.apple.WebKit.WebContent/10600.7.12 CFNetwork/720.4.4 Darwin/14.4.0 (x86_64)" 
50.67.236.22 - - [01/Aug/2015:22:21:08 -0700] "GET /apple-touch-icon.png HTTP/1.1" 404 339 "-" "com.apple.WebKit.WebContent/10600.7.12 CFNetwork/720.4.4 Darwin/14.4.0 (x86_64)" 
141.8.143.159 - - [01/Aug/2015:22:21:20 -0700] "GET /self.logs/?C=N;O=D HTTP/1.1" 200 4456 "-" "Mozilla/5.0 (compatible; YandexBot/3.0; +http://yandex.com/bots)" 
64.79.100.20 - - [01/Aug/2015:22:29:37 -0700] "GET /robots.txt HTTP/1.1" 200 297 "http://www.secrepo.com/robots.txt" "Mozilla/5.0 (Windows NT 6.1; WOW64) AppleWebKit/537.36 (KHTML, like Gecko) Chrome/39.0.2171.95 Safari/537.36" 
64.79.100.20 - - [01/Aug/2015:22:29:37 -0700] "GET / HTTP/1.1" 200 7310 "http://www.secrepo.com" "Mozilla/5.0 (Windows NT 6.1; WOW64) AppleWebKit/537.36 (KHTML, like Gecko) Chrome/39.0.2171.95 Safari/537.36" 
64.79.100.20 - - [01/Aug/2015:22:29:38 -0700] "GET / HTTP/1.1" 200 7347 "-" "Mozilla" 
64.79.100.20 - - [01/Aug/2015:22:29:38 -0700] "GET /data HTTP/1.1" 404 303 "http://www.secrepo.com/data" "Mozilla/5.0 (Windows NT 6.1; WOW64) AppleWebKit/537.36 (KHTML, like Gecko) Chrome/39.0.2171.95 Safari/537.36" 
64.79.100.20 - - [01/Aug/2015:22:29:38 -0700] "GET / HTTP/1.1" 301 446 "http://secrepo.com" "Mozilla/5.0 (Windows NT 6.1; WOW64) AppleWebKit/537.36 (KHTML, like Gecko) Chrome/39.0.2171.95 Safari/537.36" 
64.79.100.20 - - [01/Aug/2015:22:29:38 -0700] "GET / HTTP/1.1" 200 7310 "http://secrepo.com" "Mozilla/5.0 (Windows NT 6.1; WOW64) AppleWebKit/537.36 (KHTML, like Gecko) Chrome/39.0.2171.95 Safari/537.36" 
64.79.100.20 - - [01/Aug/2015:22:29:38 -0700] "GET / HTTP/1.1" 200 7347 "-" "Mozilla" 
64.79.100.20 - - [01/Aug/2015:22:29:39 -0700] "GET /maccdc2012/dhcp.log.gz HTTP/1.1" 200 44982 "http://www.secrepo.com/maccdc2012/dhcp.log.gz" "Mozilla/5.0 (Windows NT 6.1; WOW64) AppleWebKit/537.36 (KHTML, like Gecko) Chrome/39.0.2171.95 Safari/537.36" 
64.79.100.20 - - [01/Aug/2015:22:29:39 -0700] "GET /maccdc2012/dhcp.log.gz HTTP/1.1" 200 45019 "-" "Mozilla" 
64.79.100.20 - - [01/Aug/2015:22:29:39 -0700] "GET /maccdc2012/conn.log.gz HTTP/1.1" 200 888278 "http://www.secrepo.com/maccdc2012/conn.log.gz" "Mozilla/5.0 (Windows NT 6.1; WOW64) AppleWebKit/537.36 (KHTML, like Gecko) Chrome/39.0.2171.95 Safari/537.36" 
64.79.100.20 - - [01/Aug/2015:22:29:39 -0700] "GET /maccdc2012/dns.log.gz HTTP/1.1" 200 880976 "http://www.secrepo.com/maccdc2012/dns.log.gz" "Mozilla/5.0 (Windows NT 6.1; WOW64) AppleWebKit/537.36 (KHTML, like Gecko) Chrome/39.0.2171.95 Safari/537.36" 
64.79.100.20 - - [01/Aug/2015:22:29:39 -0700] "GET /maccdc2012/files.log.gz HTTP/1.1" 200 903385 "http://www.secrepo.com/maccdc2012/files.log.gz" "Mozilla/5.0 (Windows NT 6.1; WOW64) AppleWebKit/537.36 (KHTML, like Gecko) Chrome/39.0.2171.95 Safari/537.36" 
64.79.100.20 - - [01/Aug/2015:22:29:41 -0700] "GET /maccdc2012/conn.log.gz HTTP/1.1" 200 1296979 "-" "Mozilla" 
64.79.100.20 - - [01/Aug/2015:22:29:41 -0700] "GET /maccdc2012/dns.log.gz HTTP/1.1" 200 1313185 "-" "Mozilla" 
64.79.100.20 - - [01/Aug/2015:22:29:41 -0700] "GET /maccdc2012/files.log.gz HTTP/1.1" 200 1329394 "-" "Mozilla" 
64.79.100.20 - - [01/Aug/2015:22:29:43 -0700] "GET /maccdc2012/ftp.log.gz HTTP/1.1" 200 128079 "http://www.secrepo.com/maccdc2012/ftp.log.gz" "Mozilla/5.0 (Windows NT 6.1; WOW64) AppleWebKit/537.36 (KHTML, like Gecko) Chrome/39.0.2171.95 Safari/537.36" 
64.79.100.20 - - [01/Aug/2015:22:29:44 -0700] "GET /maccdc2012/notice.log.gz HTTP/1.1" 200 20742 "http://www.secrepo.com/maccdc2012/notice.log.gz" "Mozilla/5.0 (Windows NT 6.1; WOW64) AppleWebKit/537.36 (KHTML, like Gecko) Chrome/39.0.2171.95 Safari/537.36" 
64.79.100.20 - - [01/Aug/2015:22:29:44 -0700] "GET /maccdc2012/notice.log.gz HTTP/1.1" 200 20779 "-" "Mozilla" 
64.79.100.20 - - [01/Aug/2015:22:29:44 -0700] "GET /maccdc2012/ftp.log.gz HTTP/1.1" 200 128116 "-" "Mozilla" 
64.79.100.20 - - [01/Aug/2015:22:29:43 -0700] "GET /maccdc2012/http.log.gz HTTP/1.1" 200 880977 "http://www.secrepo.com/maccdc2012/http.log.gz" "Mozilla/5.0 (Windows NT 6.1; WOW64) AppleWebKit/537.36 (KHTML, like Gecko) Chrome/39.0.2171.95 Safari/537.36" 
64.79.100.20 - - [01/Aug/2015:22:29:46 -0700] "GET /maccdc2012/http.log.gz HTTP/1.1" 200 1321289 "-" "Mozilla" 
112.111.185.142 - - [01/Aug/2015:22:30:45 -0700] "GET /honeypot/BSidesDFW%20-%202014.ipynb HTTP/1.1" 200 329760 "-" "Mozilla/4.0 (compatible; MSIE 6.0; Windows NT 5.1; SV1; Mozilla/4.0 (compatible; MSIE 6.0; Windows NT 5.1; SV1) ; .NET CLR 1.0.3705)" 
112.111.185.142 - - [01/Aug/2015:22:30:55 -0700] "POST /honeypot/BSidesDFW%20-%202014.ipynb/trackback/ HTTP/1.1" 404 303 "http://www.secrepo.com/honeypot/BSidesDFW - 2014.ipynb" "Mozilla/4.0 (compatible; MSIE 6.0; Windows NT 5.1; SV1; Mozilla/4.0 (compatible; MSIE 6.0; Windows NT 5.1; SV1) )" 
188.165.15.84 - - [01/Aug/2015:22:44:14 -0700] "GET /self.logs/access.log.2015-03-11.gz HTTP/1.1" 200 2404 "-" "Mozilla/5.0 (compatible; AhrefsBot/5.0; +http://ahrefs.com/robot/)" 
188.165.15.84 - - [01/Aug/2015:22:51:54 -0700] "GET /self.logs/access.log.2015-03-07.gz HTTP/1.1" 200 2692 "-" "Mozilla/5.0 (compatible; AhrefsBot/5.0; +http://ahrefs.com/robot/)" 
180.76.15.136 - - [01/Aug/2015:22:52:01 -0700] "GET /maccdc2012/maccdc2012_full_alert.7z HTTP/1.1" 200 1286705 "-" "Mozilla/5.0 (compatible; Baiduspider/2.0; +http://www.baidu.com/search/spider.html)" 
188.165.15.84 - - [01/Aug/2015:22:59:57 -0700] "GET /self.logs/error.log.2015-05-04.gz HTTP/1.1" 200 697 "-" "Mozilla/5.0 (compatible; AhrefsBot/5.0; +http://ahrefs.com/robot/)" 
123.125.71.53 - - [01/Aug/2015:23:27:11 -0700] "GET /honeypot/BSidesDFW%20-%202014.ipynb HTTP/1.1" 200 930799 "-" "Mozilla/5.0 (compatible; Baiduspider/2.0; +http://www.baidu.com/search/spider.html)" 
157.55.39.76 - - [01/Aug/2015:23:31:10 -0700] "GET /self.logs/error.log.2015-05-22.gz HTTP/1.1" 200 864 "-" "Mozilla/5.0 (compatible; bingbot/2.0; +http://www.bing.com/bingbot.htm)" 
207.46.13.21 - - [02/Aug/2015:00:01:39 -0700] "GET /self.logs/error.log.2015-02-10.gz HTTP/1.1" 301 543 "-" "Mozilla/5.0 (compatible; bingbot/2.0; +http://www.bing.com/bingbot.htm)" 
68.180.229.162 - - [02/Aug/2015:00:09:35 -0700] "GET /robots.txt HTTP/1.1" 304 130 "-" "Mozilla/5.0 (compatible; Yahoo! Slurp; http://help.yahoo.com/help/us/ysearch/slurp)" 
68.180.229.162 - - [02/Aug/2015:00:09:35 -0700] "GET /maccdc2012/dns.log.gz HTTP/1.1" 200 852053 "-" "Mozilla/5.0 (compatible; Yahoo! Slurp; http://help.yahoo.com/help/us/ysearch/slurp)" 
188.165.15.84 - - [02/Aug/2015:00:18:15 -0700] "GET /self.logs/access.log.2015-07-15.gz HTTP/1.1" 200 3967 "-" "Mozilla/5.0 (compatible; AhrefsBot/5.0; +http://ahrefs.com/robot/)" 
188.165.15.84 - - [02/Aug/2015:00:25:49 -0700] "GET /self.logs/access.log.2015-05-26.gz HTTP/1.1" 200 4373 "-" "Mozilla/5.0 (compatible; AhrefsBot/5.0; +http://ahrefs.com/robot/)" 
188.165.15.84 - - [02/Aug/2015:00:28:24 -0700] "GET /self.logs/error.log.2015-04-24.gz HTTP/1.1" 200 648 "-" "Mozilla/5.0 (compatible; AhrefsBot/5.0; +http://ahrefs.com/robot/)" 
188.165.15.84 - - [02/Aug/2015:00:29:29 -0700] "GET /self.logs/error.log.2015-04-11.gz HTTP/1.1" 200 1739 "-" "Mozilla/5.0 (compatible; AhrefsBot/5.0; +http://ahrefs.com/robot/)" 
93.203.95.123 - - [02/Aug/2015:00:42:17 -0700] "GET /robots.txt HTTP/1.0" 301 518 "-" "Mozilla/5.0 (compatible; MJ12bot/v1.4.5; http://www.majestic12.co.uk/bot.php?+)" 
93.203.95.123 - - [02/Aug/2015:00:42:18 -0700] "GET /robots.txt HTTP/1.0" 200 289 "-" "Mozilla/5.0 (compatible; MJ12bot/v1.4.5; http://www.majestic12.co.uk/bot.php?+)" 
93.203.95.123 - - [02/Aug/2015:00:42:20 -0700] "GET / HTTP/1.1" 301 442 "-" "Mozilla/5.0 (compatible; MJ12bot/v1.4.5; http://www.majestic12.co.uk/bot.php?+)" 
93.203.95.123 - - [02/Aug/2015:00:42:22 -0700] "GET /robots.txt HTTP/1.0" 200 289 "-" "Mozilla/5.0 (compatible; MJ12bot/v1.4.5; http://www.majestic12.co.uk/bot.php?+)" 
93.203.95.123 - - [02/Aug/2015:00:42:24 -0700] "GET / HTTP/1.1" 200 24354 "-" "Mozilla/5.0 (compatible; MJ12bot/v1.4.5; http://www.majestic12.co.uk/bot.php?+)" 
93.203.95.123 - - [02/Aug/2015:00:42:26 -0700] "GET /data HTTP/1.1" 404 284 "-" "Mozilla/5.0 (compatible; MJ12bot/v1.4.5; http://www.majestic12.co.uk/bot.php?+)" 
93.203.95.123 - - [02/Aug/2015:00:42:28 -0700] "GET /honeypot/BSidesDFW%20-%202014.ipynb HTTP/1.1" 200 304920 "-" "Mozilla/5.0 (compatible; MJ12bot/v1.4.5; http://www.majestic12.co.uk/bot.php?+)" 
93.203.95.123 - - [02/Aug/2015:00:42:41 -0700] "GET /self.logs/ HTTP/1.1" 200 4389 "-" "Mozilla/5.0 (compatible; MJ12bot/v1.4.5; http://www.majestic12.co.uk/bot.php?+)" 
95.8.175.36 - - [02/Aug/2015:00:45:36 -0700] "GET /bootstrap/img/favicon.ico HTTP/1.1" 200 590 "-" "Mozilla/5.0 (Windows NT 10.0; Win64; x64; rv:40.0) Gecko/20100101 Firefox/40.0" 
188.165.15.84 - - [02/Aug/2015:00:48:32 -0700] "GET /self.logs/error.log.2015-03-18.gz HTTP/1.1" 200 2315 "-" "Mozilla/5.0 (compatible; AhrefsBot/5.0; +http://ahrefs.com/robot/)" 
188.165.15.84 - - [02/Aug/2015:00:53:45 -0700] "GET /self.logs/error.log.2015-04-10.gz HTTP/1.1" 200 2542 "-" "Mozilla/5.0 (compatible; AhrefsBot/5.0; +http://ahrefs.com/robot/)" 
188.165.15.84 - - [02/Aug/2015:01:16:48 -0700] "GET /self.logs/access.log.2015-05-11.gz HTTP/1.1" 200 5110 "-" "Mozilla/5.0 (compatible; AhrefsBot/5.0; +http://ahrefs.com/robot/)" 
207.46.13.45 - - [02/Aug/2015:01:27:41 -0700] "GET /self.logs/access.log.2015-05-19.gz HTTP/1.1" 200 4781 "-" "Mozilla/5.0 (compatible; bingbot/2.0; +http://www.bing.com/bingbot.htm)" 
106.185.55.61 - - [02/Aug/2015:01:37:06 -0700] "GET / HTTP/1.1" 301 483 "-" "Mozilla/5.0 (X11; Linux i686; rv:31.0) Gecko/20100101 Firefox/31.0 Iceweasel/31.5.0" 
106.185.55.61 - - [02/Aug/2015:01:37:07 -0700] "GET / HTTP/1.1" 200 7347 "-" "Mozilla/5.0 (X11; Linux i686; rv:31.0) Gecko/20100101 Firefox/31.0 Iceweasel/31.5.0" 
106.185.55.61 - - [02/Aug/2015:01:37:07 -0700] "GET /bootstrap/img/favicon.ico HTTP/1.1" 200 590 "-" "Mozilla/5.0 (X11; Linux i686; rv:31.0) Gecko/20100101 Firefox/31.0 Iceweasel/31.5.0" 
106.185.55.61 - - [02/Aug/2015:01:37:08 -0700] "GET /twitter-icon.png HTTP/1.1" 200 27787 "http://www.secrepo.com/" "Mozilla/5.0 (X11; Linux i686; rv:31.0) Gecko/20100101 Firefox/31.0 Iceweasel/31.5.0" 
106.185.55.61 - - [02/Aug/2015:01:37:08 -0700] "GET /GitHub-Mark.png HTTP/1.1" 200 7427 "http://www.secrepo.com/" "Mozilla/5.0 (X11; Linux i686; rv:31.0) Gecko/20100101 Firefox/31.0 Iceweasel/31.5.0" 
