36.224.168.242 - - [03/Mar/2017:06:53:03 -0800] "GET / HTTP/1.1" 200 10567 "-" "Mozilla/5.0 (iPhone; CPU iPhone OS 10_1_1 like Mac OS X) AppleWebKit/602.2.14 (KHTML, like Gecko) Version/10.0 Mobile/14B100 Safari/602.1" 
36.224.168.242 - - [03/Mar/2017:06:53:03 -0800] "GET /twitter-icon.png HTTP/1.1" 200 27787 "http://www.secrepo.com/" "Mozilla/5.0 (iPhone; CPU iPhone OS 10_1_1 like Mac OS X) AppleWebKit/602.2.14 (KHTML, like Gecko) Version/10.0 Mobile/14B100 Safari/602.1" 
36.224.168.242 - - [03/Mar/2017:06:53:03 -0800] "GET /GitHub-Mark.png HTTP/1.1" 200 7428 "http://www.secrepo.com/" "Mozilla/5.0 (iPhone; CPU iPhone OS 10_1_1 like Mac OS X) AppleWebKit/602.2.14 (KHTML, like Gecko) Version/10.0 Mobile/14B100 Safari/602.1" 
23.106.26.76 - - [03/Mar/2017:06:53:17 -0800] "GET /honeypot/BSidesDFW+-+2014.ipynb HTTP/1.1" 404 295 "http://www.secrepo.com/honeypot/BSidesDFW+-+2014.ipynb" "Mozilla/5.0 (Windows NT 10.0; WOW64; rv:43.0) Gecko/20100101 Firefox/43.0" 
23.106.26.162 - - [03/Mar/2017:06:54:10 -0800] "GET /honeypot/BSidesDFW+-+2014.ipynb HTTP/1.1" 404 295 "http://www.secrepo.com/honeypot/BSidesDFW+-+2014.ipynb" "Mozilla/5.0 (Windows NT 10.0; WOW64; rv:43.0) Gecko/20100101 Firefox/43.0" 
23.106.26.76 - - [03/Mar/2017:06:55:01 -0800] "GET /honeypot/BSidesDFW+-+2014.ipynb HTTP/1.1" 404 295 "http://www.secrepo.com/honeypot/BSidesDFW+-+2014.ipynb" "Mozilla/5.0 (Windows NT 10.0; WOW64; rv:43.0) Gecko/20100101 Firefox/43.0" 
23.106.26.129 - - [03/Mar/2017:06:55:52 -0800] "GET /honeypot/BSidesDFW+-+2014.ipynb HTTP/1.1" 404 295 "http://www.secrepo.com/honeypot/BSidesDFW+-+2014.ipynb" "Mozilla/5.0 (Windows NT 10.0; WOW64; rv:43.0) Gecko/20100101 Firefox/43.0" 
23.106.26.76 - - [03/Mar/2017:06:56:43 -0800] "GET /honeypot/BSidesDFW+-+2014.ipynb HTTP/1.1" 404 295 "http://www.secrepo.com/honeypot/BSidesDFW+-+2014.ipynb" "Mozilla/5.0 (Windows NT 10.0; WOW64; rv:43.0) Gecko/20100101 Firefox/43.0" 
85.144.72.211 - - [03/Mar/2017:06:57:05 -0800] "GET / HTTP/1.1" 200 10567 "https://www.google.nl/" "Mozilla/5.0 (Windows NT 10.0; WOW64) AppleWebKit/537.36 (KHTML, like Gecko) Chrome/56.0.2924.87 Safari/537.36" 
85.144.72.211 - - [03/Mar/2017:06:57:06 -0800] "GET /twitter-icon.png HTTP/1.1" 200 27787 "http://www.secrepo.com/" "Mozilla/5.0 (Windows NT 10.0; WOW64) AppleWebKit/537.36 (KHTML, like Gecko) Chrome/56.0.2924.87 Safari/537.36" 
85.144.72.211 - - [03/Mar/2017:06:57:06 -0800] "GET /GitHub-Mark.png HTTP/1.1" 200 7428 "http://www.secrepo.com/" "Mozilla/5.0 (Windows NT 10.0; WOW64) AppleWebKit/537.36 (KHTML, like Gecko) Chrome/56.0.2924.87 Safari/537.36" 
85.144.72.211 - - [03/Mar/2017:06:57:06 -0800] "GET /bootstrap/img/favicon.ico HTTP/1.1" 200 589 "http://www.secrepo.com/" "Mozilla/5.0 (Windows NT 10.0; WOW64) AppleWebKit/537.36 (KHTML, like Gecko) Chrome/56.0.2924.87 Safari/537.36" 
23.82.104.9 - - [03/Mar/2017:06:57:35 -0800] "GET /honeypot/BSidesDFW+-+2014.ipynb HTTP/1.1" 404 295 "http://www.secrepo.com/honeypot/BSidesDFW+-+2014.ipynb" "Mozilla/5.0 (Windows NT 10.0; WOW64; rv:43.0) Gecko/20100101 Firefox/43.0" 
104.153.224.168 - - [03/Mar/2017:06:57:37 -0800] "GET / HTTP/1.1" 200 10567 "https://www.google.co.uk/" "Mozilla/5.0 (Macintosh; Intel Mac OS X 10_11_4) AppleWebKit/537.36 (KHTML, like Gecko) Chrome/56.0.2924.87 Safari/537.36" 
104.153.224.168 - - [03/Mar/2017:06:57:44 -0800] "GET /GitHub-Mark.png HTTP/1.1" 200 7428 "http://www.secrepo.com/" "Mozilla/5.0 (Macintosh; Intel Mac OS X 10_11_4) AppleWebKit/537.36 (KHTML, like Gecko) Chrome/56.0.2924.87 Safari/537.36" 
104.153.224.168 - - [03/Mar/2017:06:57:47 -0800] "GET /twitter-icon.png HTTP/1.1" 200 27788 "http://www.secrepo.com/" "Mozilla/5.0 (Macintosh; Intel Mac OS X 10_11_4) AppleWebKit/537.36 (KHTML, like Gecko) Chrome/56.0.2924.87 Safari/537.36" 
104.153.224.168 - - [03/Mar/2017:06:57:56 -0800] "GET /bootstrap/img/favicon.ico HTTP/1.1" 200 590 "http://www.secrepo.com/" "Mozilla/5.0 (Macintosh; Intel Mac OS X 10_11_4) AppleWebKit/537.36 (KHTML, like Gecko) Chrome/56.0.2924.87 Safari/537.36" 
23.106.26.129 - - [03/Mar/2017:06:58:26 -0800] "GET /honeypot/BSidesDFW+-+2014.ipynb HTTP/1.1" 404 295 "http://www.secrepo.com/honeypot/BSidesDFW+-+2014.ipynb" "Mozilla/5.0 (Windows NT 10.0; WOW64; rv:43.0) Gecko/20100101 Firefox/43.0" 
208.80.192.33 - - [03/Mar/2017:06:59:01 -0800] "GET / HTTP/1.0" 200 35378 "-" "Mozilla/5.0 (Windows; U; Windows NT 6.1; en-US; rv:1.9.2.18) Gecko/20110614 Firefox/3.6.18" 
23.106.26.129 - - [03/Mar/2017:06:59:17 -0800] "GET /honeypot/BSidesDFW+-+2014.ipynb HTTP/1.1" 404 295 "http://www.secrepo.com/honeypot/BSidesDFW+-+2014.ipynb" "Mozilla/5.0 (Windows NT 10.0; WOW64; rv:43.0) Gecko/20100101 Firefox/43.0" 
23.82.104.9 - - [03/Mar/2017:07:00:11 -0800] "GET /honeypot/BSidesDFW+-+2014.ipynb HTTP/1.1" 404 295 "http://www.secrepo.com/honeypot/BSidesDFW+-+2014.ipynb" "Mozilla/5.0 (Windows NT 10.0; WOW64; rv:43.0) Gecko/20100101 Firefox/43.0" 
68.180.228.156 - - [03/Mar/2017:07:01:45 -0800] "GET /self.logs/error.log.2016-08-07.gz HTTP/1.1" 200 1798 "-" "Mozilla/5.0 (compatible; Yahoo! Slurp; http://help.yahoo.com/help/us/ysearch/slurp)" 
104.153.224.168 - - [03/Mar/2017:06:58:29 -0800] "GET /maccdc2012/http.log.gz HTTP/1.1" 200 10387242 "-" "Mozilla/5.0 (Macintosh; Intel Mac OS X 10_11_4) AppleWebKit/537.36 (KHTML, like Gecko) Chrome/56.0.2924.87 Safari/537.36" 
41.78.78.26 - - [03/Mar/2017:07:02:20 -0800] "GET / HTTP/1.1" 200 10567 "https://www.google.com/" "Mozilla/5.0 (X11; Ubuntu; Linux x86_64; rv:49.0) Gecko/20100101 Firefox/49.0" 
209.88.91.222 - - [03/Mar/2017:07:02:26 -0800] "GET /twitter-icon.png HTTP/1.1" 200 27788 "http://www.secrepo.com/" "Mozilla/5.0 (X11; Ubuntu; Linux x86_64; rv:49.0) Gecko/20100101 Firefox/49.0" 
209.88.91.222 - - [03/Mar/2017:07:02:26 -0800] "GET /GitHub-Mark.png HTTP/1.1" 200 7428 "http://www.secrepo.com/" "Mozilla/5.0 (X11; Ubuntu; Linux x86_64; rv:49.0) Gecko/20100101 Firefox/49.0" 
209.88.91.222 - - [03/Mar/2017:07:02:29 -0800] "GET /bootstrap/img/favicon.ico HTTP/1.1" 200 590 "-" "Mozilla/5.0 (X11; Ubuntu; Linux x86_64; rv:49.0) Gecko/20100101 Firefox/49.0" 
123.125.67.218 - - [03/Mar/2017:07:04:01 -0800] "GET / HTTP/1.1" 200 10530 "-" "Mozilla/5.0 (Windows NT 10.0; WOW64) AppleWebKit/537.36 (KHTML, like Gecko) Chrome/45.0.2454.93 Safari/537.36" 
68.180.228.156 - - [03/Mar/2017:07:05:35 -0800] "GET /self.logs/error.log.2015-02-13.gz HTTP/1.1" 200 5400 "-" "Mozilla/5.0 (compatible; Yahoo! Slurp; http://help.yahoo.com/help/us/ysearch/slurp)" 
41.78.78.26 - - [03/Mar/2017:07:04:37 -0800] "GET /maccdc2012/http.log.gz HTTP/1.1" 200 222642 "http://www.secrepo.com/" "Mozilla/5.0 (X11; Ubuntu; Linux x86_64; rv:49.0) Gecko/20100101 Firefox/49.0" 
41.78.78.26 - - [03/Mar/2017:07:04:39 -0800] "GET /maccdc2012/files.log.gz HTTP/1.1" 200 131642 "http://www.secrepo.com/" "Mozilla/5.0 (X11; Ubuntu; Linux x86_64; rv:49.0) Gecko/20100101 Firefox/49.0" 
104.153.224.168 - - [03/Mar/2017:07:07:14 -0800] "GET /honeypot/honeypot.json.zip HTTP/1.1" 200 101250 "http://www.secrepo.com/" "Mozilla/5.0 (Macintosh; Intel Mac OS X 10_11_4) AppleWebKit/537.36 (KHTML, like Gecko) Chrome/56.0.2924.87 Safari/537.36" 
63.88.83.66 - - [03/Mar/2017:07:09:44 -0800] "GET / HTTP/1.1" 304 189 "-" "Mozilla/5.0 (Windows NT 6.1; WOW64) AppleWebKit/537.36 (KHTML, like Gecko) Chrome/56.0.2924.87 Safari/537.36" 
68.180.228.156 - - [03/Mar/2017:07:09:45 -0800] "GET /self.logs/access.log.2015-06-15.gz HTTP/1.1" 200 7930 "-" "Mozilla/5.0 (compatible; Yahoo! Slurp; http://help.yahoo.com/help/us/ysearch/slurp)" 
41.78.78.26 - - [03/Mar/2017:07:10:50 -0800] "GET /maccdc2012/http.log.gz HTTP/1.1" 200 312242 "http://www.secrepo.com/" "Mozilla/5.0 (X11; Ubuntu; Linux x86_64; rv:49.0) Gecko/20100101 Firefox/49.0" 
164.132.161.67 - - [03/Mar/2017:07:15:00 -0800] "GET /self.logs/access.log.2015-10-25.gz HTTP/1.1" 200 4404 "-" "Mozilla/5.0 (compatible; AhrefsBot/5.2; +http://ahrefs.com/robot/)" 
151.80.39.150 - - [03/Mar/2017:07:15:36 -0800] "GET /robots.txt HTTP/1.1" 200 304 "-" "Mozilla/5.0 (compatible; AhrefsBot/5.2; +http://ahrefs.com/robot/)" 
91.215.36.24 - - [03/Mar/2017:07:18:12 -0800] "GET / HTTP/1.1" 200 10567 "-" "Mozilla/5.0 (Macintosh; Intel Mac OS X 10_12_3) AppleWebKit/602.4.8 (KHTML, like Gecko)" 
91.215.36.24 - - [03/Mar/2017:07:18:16 -0800] "GET /apple-touch-icon-precomposed.png HTTP/1.1" 404 340 "-" "Safari/12602.4.8 CFNetwork/807.2.14 Darwin/16.4.0 (x86_64)" 
91.215.36.24 - - [03/Mar/2017:07:18:16 -0800] "GET /apple-touch-icon.png HTTP/1.1" 404 339 "-" "Safari/12602.4.8 CFNetwork/807.2.14 Darwin/16.4.0 (x86_64)" 
91.215.36.24 - - [03/Mar/2017:07:18:16 -0800] "GET /apple-touch-icon-precomposed.png HTTP/1.1" 404 339 "-" "Safari/12602.4.8 CFNetwork/807.2.14 Darwin/16.4.0 (x86_64)" 
91.215.36.24 - - [03/Mar/2017:07:18:16 -0800] "GET /apple-touch-icon.png HTTP/1.1" 404 339 "-" "Safari/12602.4.8 CFNetwork/807.2.14 Darwin/16.4.0 (x86_64)" 
91.215.36.24 - - [03/Mar/2017:07:19:25 -0800] "GET / HTTP/1.1" 200 10567 "-" "Mozilla/5.0 (Macintosh; Intel Mac OS X 10_12_3) AppleWebKit/602.4.8 (KHTML, like Gecko)" 
91.215.36.24 - - [03/Mar/2017:07:19:25 -0800] "GET /apple-touch-icon-precomposed.png HTTP/1.1" 404 340 "-" "Safari/12602.4.8 CFNetwork/807.2.14 Darwin/16.4.0 (x86_64)" 
91.215.36.24 - - [03/Mar/2017:07:19:26 -0800] "GET /apple-touch-icon.png HTTP/1.1" 404 339 "-" "Safari/12602.4.8 CFNetwork/807.2.14 Darwin/16.4.0 (x86_64)" 
91.215.36.24 - - [03/Mar/2017:07:19:27 -0800] "GET /apple-touch-icon-precomposed.png HTTP/1.1" 404 339 "-" "Safari/12602.4.8 CFNetwork/807.2.14 Darwin/16.4.0 (x86_64)" 
91.215.36.24 - - [03/Mar/2017:07:19:28 -0800] "GET /apple-touch-icon.png HTTP/1.1" 404 339 "-" "Safari/12602.4.8 CFNetwork/807.2.14 Darwin/16.4.0 (x86_64)" 
68.180.228.156 - - [03/Mar/2017:07:20:19 -0800] "GET /self.logs/access.log.2015-06-28.gz HTTP/1.1" 200 11790 "-" "Mozilla/5.0 (compatible; Yahoo! Slurp; http://help.yahoo.com/help/us/ysearch/slurp)" 
103.214.167.18 - - [03/Mar/2017:07:20:54 -0800] "GET /favicon.ico HTTP/1.1" 200 231 "-" "Mozilla/4.0 (compatible; MSIE 7.0; Windows NT 5.1; Trident/4.0; .NET CLR 2.0.50727; 360space)" 
36.84.13.159 - - [03/Mar/2017:07:25:16 -0800] "GET / HTTP/1.1" 200 10567 "https://www.google.co.id/" "Mozilla/5.0 (Macintosh; Intel Mac OS X 10.10; rv:51.0) Gecko/20100101 Firefox/51.0" 
36.84.13.159 - - [03/Mar/2017:07:25:23 -0800] "GET /twitter-icon.png HTTP/1.1" 200 27788 "http://www.secrepo.com/" "Mozilla/5.0 (Macintosh; Intel Mac OS X 10.10; rv:51.0) Gecko/20100101 Firefox/51.0" 
36.84.13.159 - - [03/Mar/2017:07:25:23 -0800] "GET /GitHub-Mark.png HTTP/1.1" 200 7428 "http://www.secrepo.com/" "Mozilla/5.0 (Macintosh; Intel Mac OS X 10.10; rv:51.0) Gecko/20100101 Firefox/51.0" 
41.78.78.26 - - [03/Mar/2017:07:25:53 -0800] "GET /maccdc2012/http.log.gz HTTP/1.1" 200 132370 "http://www.secrepo.com/" "Mozilla/5.0 (X11; Ubuntu; Linux x86_64; rv:49.0) Gecko/20100101 Firefox/49.0" 
51.255.65.19 - - [03/Mar/2017:07:27:36 -0800] "GET /self.logs/error.log.2015-02-25.gz HTTP/1.1" 200 970 "-" "Mozilla/5.0 (compatible; AhrefsBot/5.2; +http://ahrefs.com/robot/)" 
68.180.228.156 - - [03/Mar/2017:07:27:50 -0800] "GET /self.logs/error.log.2015-09-30.gz HTTP/1.1" 200 689 "-" "Mozilla/5.0 (compatible; Yahoo! Slurp; http://help.yahoo.com/help/us/ysearch/slurp)" 
66.102.6.159 - - [03/Mar/2017:07:28:07 -0800] "GET / HTTP/1.1" 200 10567 "https://www.google.co.in/" "Mozilla/5.0 (Linux; Android 4.2.1; en-us; Nexus 5 Build/JOP40D) AppleWebKit/535.19 (KHTML, like Gecko; googleweblight) Chrome/38.0.1025.166 Mobile Safari/535.19" 
66.102.7.191 - - [03/Mar/2017:07:28:07 -0800] "GET /GitHub-Mark.png HTTP/1.1" 200 7428 "http://www.secrepo.com/" "Mozilla/5.0 (Linux; Android 4.2.1; en-us; Nexus 5 Build/JOP40D) AppleWebKit/535.19 (KHTML, like Gecko; googleweblight) Chrome/38.0.1025.166 Mobile Safari/535.19" 
66.102.6.221 - - [03/Mar/2017:07:28:09 -0800] "GET /twitter-icon.png HTTP/1.1" 200 27788 "http://www.secrepo.com/" "Mozilla/5.0 (Linux; Android 4.2.1; en-us; Nexus 5 Build/JOP40D) AppleWebKit/535.19 (KHTML, like Gecko; googleweblight) Chrome/38.0.1025.166 Mobile Safari/535.19" 
41.78.78.26 - - [03/Mar/2017:07:25:52 -0800] "GET /maccdc2012/files.log.gz HTTP/1.1" 200 513842 "http://www.secrepo.com/" "Mozilla/5.0 (X11; Ubuntu; Linux x86_64; rv:49.0) Gecko/20100101 Firefox/49.0" 
66.249.93.93 - - [03/Mar/2017:07:31:25 -0800] "GET / HTTP/1.1" 200 10567 "-" "Mozilla/5.0 (X11; Linux x86_64) AppleWebKit/537.36 (KHTML, like Gecko) Chrome/49.0.2623.75 Safari/537.36 Google Favicon" 
66.249.93.93 - - [03/Mar/2017:07:31:26 -0800] "GET /bootstrap/img/favicon.ico HTTP/1.1" 200 589 "-" "Mozilla/5.0 (X11; Linux x86_64) AppleWebKit/537.36 (KHTML, like Gecko) Chrome/49.0.2623.75 Safari/537.36 Google Favicon" 
123.125.71.50 - - [03/Mar/2017:07:33:44 -0800] "GET / HTTP/1.1" 200 10530 "-" "Mozilla/5.0 (compatible; Baiduspider/2.0; +http://www.baidu.com/search/spider.html)" 
130.192.181.149 - - [03/Mar/2017:07:41:51 -0800] "GET / HTTP/1.1" 200 10567 "https://www.google.it/" "Mozilla/5.0 (Windows NT 10.0; WOW64) AppleWebKit/537.36 (KHTML, like Gecko) Chrome/56.0.2924.87 Safari/537.36" 
130.192.181.149 - - [03/Mar/2017:07:41:52 -0800] "GET /GitHub-Mark.png HTTP/1.1" 200 7428 "http://www.secrepo.com/" "Mozilla/5.0 (Windows NT 10.0; WOW64) AppleWebKit/537.36 (KHTML, like Gecko) Chrome/56.0.2924.87 Safari/537.36" 
130.192.181.149 - - [03/Mar/2017:07:41:53 -0800] "GET /twitter-icon.png HTTP/1.1" 200 27787 "http://www.secrepo.com/" "Mozilla/5.0 (Windows NT 10.0; WOW64) AppleWebKit/537.36 (KHTML, like Gecko) Chrome/56.0.2924.87 Safari/537.36" 
130.192.181.149 - - [03/Mar/2017:07:41:53 -0800] "GET /bootstrap/img/favicon.ico HTTP/1.1" 200 589 "http://www.secrepo.com/" "Mozilla/5.0 (Windows NT 10.0; WOW64) AppleWebKit/537.36 (KHTML, like Gecko) Chrome/56.0.2924.87 Safari/537.36" 
68.180.228.156 - - [03/Mar/2017:07:42:22 -0800] "GET /self.logs/access.log.2016-08-18.gz HTTP/1.1" 200 5648 "-" "Mozilla/5.0 (compatible; Yahoo! Slurp; http://help.yahoo.com/help/us/ysearch/slurp)" 
70.42.129.65 - - [03/Mar/2017:07:42:53 -0800] "GET / HTTP/1.1" 200 10567 "-" "Mozilla/5.0 (Macintosh; Intel Mac OS X 10_10_5) AppleWebKit/600.8.9 (KHTML, like Gecko) Version/8.0.8 Safari/600.8.9" 
70.42.129.65 - - [03/Mar/2017:07:42:56 -0800] "GET /GitHub-Mark.png HTTP/1.1" 200 7428 "http://www.secrepo.com/" "Mozilla/5.0 (Macintosh; Intel Mac OS X 10_10_5) AppleWebKit/600.8.9 (KHTML, like Gecko) Version/8.0.8 Safari/600.8.9" 
70.42.129.65 - - [03/Mar/2017:07:42:57 -0800] "GET /twitter-icon.png HTTP/1.1" 200 27787 "http://www.secrepo.com/" "Mozilla/5.0 (Macintosh; Intel Mac OS X 10_10_5) AppleWebKit/600.8.9 (KHTML, like Gecko) Version/8.0.8 Safari/600.8.9" 
70.42.129.65 - - [03/Mar/2017:07:43:15 -0800] "GET /bootstrap/img/favicon.ico HTTP/1.1" 200 590 "http://www.secrepo.com/" "Mozilla/5.0 (Macintosh; Intel Mac OS X 10_10_5) AppleWebKit/600.8.9 (KHTML, like Gecko) Version/8.0.8 Safari/600.8.9" 
148.62.14.207 - - [03/Mar/2017:07:43:37 -0800] "GET /robots.txt HTTP/1.1" 301 446 "-" "Tornado-Async-Client" 
148.62.14.207 - - [03/Mar/2017:07:43:37 -0800] "GET /robots.txt HTTP/1.1" 304 130 "-" "Tornado-Async-Client" 
148.62.14.207 - - [03/Mar/2017:07:43:38 -0800] "GET /honeypot/BSidesDFW%20-%202014.ipynb HTTP/1.1" 301 484 "-" "Tornado-Async-Client" 
148.62.14.207 - - [03/Mar/2017:07:44:04 -0800] "GET /robots.txt HTTP/1.1" 301 446 "-" "Tornado-Async-Client" 
148.62.14.207 - - [03/Mar/2017:07:44:08 -0800] "GET /robots.txt HTTP/1.1" 304 130 "-" "Tornado-Async-Client" 
148.62.14.207 - - [03/Mar/2017:07:43:38 -0800] "GET /honeypot/BSidesDFW%20-%202014.ipynb HTTP/1.1" 200 90520 "-" "Tornado-Async-Client" 
148.62.14.207 - - [03/Mar/2017:07:44:14 -0800] "GET /honeypot/BSidesDFW%20-%202014.ipynb HTTP/1.1" 301 484 "-" "Tornado-Async-Client" 
148.62.14.178 - - [03/Mar/2017:07:44:19 -0800] "GET /robots.txt HTTP/1.1" 301 446 "-" "Tornado-Async-Client" 
148.62.14.178 - - [03/Mar/2017:07:44:22 -0800] "GET /robots.txt HTTP/1.1" 304 130 "-" "Tornado-Async-Client" 
148.62.14.178 - - [03/Mar/2017:07:44:22 -0800] "GET /honeypot/BSidesDFW%20-%202014.ipynb HTTP/1.1" 301 484 "-" "Tornado-Async-Client" 
148.62.14.207 - - [03/Mar/2017:07:44:16 -0800] "GET /honeypot/BSidesDFW%20-%202014.ipynb HTTP/1.1" 200 186880 "-" "Tornado-Async-Client" 
148.62.14.207 - - [03/Mar/2017:07:44:41 -0800] "GET /robots.txt HTTP/1.1" 301 446 "-" "Tornado-Async-Client" 
148.62.14.207 - - [03/Mar/2017:07:44:42 -0800] "GET /robots.txt HTTP/1.1" 304 130 "-" "Tornado-Async-Client" 
148.62.14.207 - - [03/Mar/2017:07:44:42 -0800] "GET /honeypot/BSidesDFW%20-%202014.ipynb HTTP/1.1" 301 484 "-" "Tornado-Async-Client" 
148.62.14.178 - - [03/Mar/2017:07:44:37 -0800] "GET /honeypot/BSidesDFW%20-%202014.ipynb HTTP/1.1" 200 59860 "-" "Tornado-Async-Client" 
148.62.14.207 - - [03/Mar/2017:07:45:03 -0800] "GET /robots.txt HTTP/1.1" 301 446 "-" "Tornado-Async-Client" 
148.62.14.207 - - [03/Mar/2017:07:45:04 -0800] "GET /robots.txt HTTP/1.1" 304 130 "-" "Tornado-Async-Client" 
148.62.14.207 - - [03/Mar/2017:07:44:42 -0800] "GET /honeypot/BSidesDFW%20-%202014.ipynb HTTP/1.1" 200 54020 "-" "Tornado-Async-Client" 
148.62.14.207 - - [03/Mar/2017:07:45:05 -0800] "GET /honeypot/BSidesDFW%20-%202014.ipynb HTTP/1.1" 301 484 "-" "Tornado-Async-Client" 
148.62.14.178 - - [03/Mar/2017:07:45:28 -0800] "GET /robots.txt HTTP/1.1" 301 446 "-" "Tornado-Async-Client" 
148.62.14.178 - - [03/Mar/2017:07:45:41 -0800] "GET /honeypot/BSidesDFW%20-%202014.ipynb HTTP/1.1" 301 484 "-" "Tornado-Async-Client" 
148.62.14.207 - - [03/Mar/2017:07:45:05 -0800] "GET /honeypot/BSidesDFW%20-%202014.ipynb HTTP/1.1" 200 52560 "-" "Tornado-Async-Client" 
148.62.14.207 - - [03/Mar/2017:07:45:43 -0800] "GET /robots.txt HTTP/1.1" 301 446 "-" "Tornado-Async-Client" 
148.62.14.207 - - [03/Mar/2017:07:45:47 -0800] "GET /robots.txt HTTP/1.1" 304 130 "-" "Tornado-Async-Client" 
148.62.14.207 - - [03/Mar/2017:07:45:50 -0800] "GET /honeypot/BSidesDFW%20-%202014.ipynb HTTP/1.1" 301 484 "-" "Tornado-Async-Client" 
148.62.14.207 - - [03/Mar/2017:07:46:04 -0800] "GET /robots.txt HTTP/1.1" 301 446 "-" "Tornado-Async-Client" 
148.62.14.207 - - [03/Mar/2017:07:46:08 -0800] "GET /robots.txt HTTP/1.1" 304 130 "-" "Tornado-Async-Client" 
148.62.14.207 - - [03/Mar/2017:07:46:08 -0800] "GET /honeypot/BSidesDFW%20-%202014.ipynb HTTP/1.1" 301 484 "-" "Tornado-Async-Client" 
148.62.14.178 - - [03/Mar/2017:07:46:25 -0800] "GET /robots.txt HTTP/1.1" 301 446 "-" "Tornado-Async-Client" 
130.192.181.149 - - [03/Mar/2017:07:43:19 -0800] "GET /Security-Data-Analysis/Lab_1/conn.log.zip HTTP/1.1" 200 13304980 "-" "Mozilla/5.0 (Windows NT 10.0; WOW64) AppleWebKit/537.36 (KHTML, like Gecko) Chrome/56.0.2924.87 Safari/537.36" 
148.62.14.207 - - [03/Mar/2017:07:46:15 -0800] "GET /honeypot/BSidesDFW%20-%202014.ipynb HTTP/1.1" 200 127020 "-" "Tornado-Async-Client" 
148.62.14.178 - - [03/Mar/2017:07:46:44 -0800] "GET /honeypot/BSidesDFW%20-%202014.ipynb HTTP/1.1" 301 484 "-" "Tornado-Async-Client" 
148.62.14.178 - - [03/Mar/2017:07:45:42 -0800] "GET /honeypot/BSidesDFW%20-%202014.ipynb HTTP/1.1" 200 89060 "-" "Tornado-Async-Client" 
148.62.14.178 - - [03/Mar/2017:07:47:02 -0800] "GET /robots.txt HTTP/1.1" 301 446 "-" "Tornado-Async-Client" 
148.62.14.178 - - [03/Mar/2017:07:47:02 -0800] "GET /robots.txt HTTP/1.1" 304 130 "-" "Tornado-Async-Client" 
148.62.14.178 - - [03/Mar/2017:07:47:03 -0800] "GET /honeypot/BSidesDFW%20-%202014.ipynb HTTP/1.1" 301 484 "-" "Tornado-Async-Client" 
148.62.14.178 - - [03/Mar/2017:07:47:03 -0800] "GET /honeypot/BSidesDFW%20-%202014.ipynb HTTP/1.1" 200 113880 "-" "Tornado-Async-Client" 
148.62.14.178 - - [03/Mar/2017:07:47:23 -0800] "GET /robots.txt HTTP/1.1" 301 446 "-" "Tornado-Async-Client" 
148.62.14.178 - - [03/Mar/2017:07:47:26 -0800] "GET /robots.txt HTTP/1.1" 304 130 "-" "Tornado-Async-Client" 
148.62.14.207 - - [03/Mar/2017:07:47:28 -0800] "GET /robots.txt HTTP/1.1" 301 446 "-" "Tornado-Async-Client" 
148.62.14.207 - - [03/Mar/2017:07:47:29 -0800] "GET /robots.txt HTTP/1.1" 304 130 "-" "Tornado-Async-Client" 
148.62.14.207 - - [03/Mar/2017:07:47:30 -0800] "GET /honeypot/BSidesDFW%20-%202014.ipynb HTTP/1.1" 301 484 "-" "Tornado-Async-Client" 
148.62.14.178 - - [03/Mar/2017:07:47:31 -0800] "GET /honeypot/BSidesDFW%20-%202014.ipynb HTTP/1.1" 301 484 "-" "Tornado-Async-Client" 
148.62.14.178 - - [03/Mar/2017:07:47:48 -0800] "GET /robots.txt HTTP/1.1" 301 446 "-" "Tornado-Async-Client" 
148.62.14.207 - - [03/Mar/2017:07:47:31 -0800] "GET /honeypot/BSidesDFW%20-%202014.ipynb HTTP/1.1" 200 54020 "-" "Tornado-Async-Client" 
148.62.14.178 - - [03/Mar/2017:07:47:53 -0800] "GET /robots.txt HTTP/1.1" 304 130 "-" "Tornado-Async-Client" 
148.62.14.178 - - [03/Mar/2017:07:47:53 -0800] "GET /honeypot/BSidesDFW%20-%202014.ipynb HTTP/1.1" 301 484 "-" "Tornado-Async-Client" 
148.62.14.207 - - [03/Mar/2017:07:48:09 -0800] "GET /robots.txt HTTP/1.1" 301 446 "-" "Tornado-Async-Client" 
148.62.14.207 - - [03/Mar/2017:07:48:14 -0800] "GET /robots.txt HTTP/1.1" 304 130 "-" "Tornado-Async-Client" 
148.62.14.207 - - [03/Mar/2017:07:48:15 -0800] "GET /honeypot/BSidesDFW%20-%202014.ipynb HTTP/1.1" 301 484 "-" "Tornado-Async-Client" 
148.62.14.207 - - [03/Mar/2017:07:48:31 -0800] "GET /robots.txt HTTP/1.1" 301 446 "-" "Tornado-Async-Client" 
148.62.14.207 - - [03/Mar/2017:07:48:31 -0800] "GET /robots.txt HTTP/1.1" 304 130 "-" "Tornado-Async-Client" 
148.62.14.207 - - [03/Mar/2017:07:48:31 -0800] "GET /honeypot/BSidesDFW%20-%202014.ipynb HTTP/1.1" 301 484 "-" "Tornado-Async-Client" 
68.180.228.156 - - [03/Mar/2017:07:48:37 -0800] "GET /self.logs/access.log.2016-01-13.gz HTTP/1.1" 200 6496 "-" "Mozilla/5.0 (compatible; Yahoo! Slurp; http://help.yahoo.com/help/us/ysearch/slurp)" 
148.62.14.207 - - [03/Mar/2017:07:48:15 -0800] "GET /honeypot/BSidesDFW%20-%202014.ipynb HTTP/1.1" 200 32120 "-" "Tornado-Async-Client" 
148.62.14.207 - - [03/Mar/2017:07:48:32 -0800] "GET /honeypot/BSidesDFW%20-%202014.ipynb HTTP/1.1" 200 144540 "-" "Tornado-Async-Client" 
148.62.14.178 - - [03/Mar/2017:07:48:52 -0800] "GET /robots.txt HTTP/1.1" 301 446 "-" "Tornado-Async-Client" 
148.62.14.178 - - [03/Mar/2017:07:48:53 -0800] "GET /robots.txt HTTP/1.1" 304 130 "-" "Tornado-Async-Client" 
148.62.14.178 - - [03/Mar/2017:07:48:54 -0800] "GET /honeypot/BSidesDFW%20-%202014.ipynb HTTP/1.1" 301 484 "-" "Tornado-Async-Client" 
148.62.14.207 - - [03/Mar/2017:07:49:12 -0800] "GET /robots.txt HTTP/1.1" 301 446 "-" "Tornado-Async-Client" 
148.62.14.178 - - [03/Mar/2017:07:48:54 -0800] "GET /honeypot/BSidesDFW%20-%202014.ipynb HTTP/1.1" 200 197100 "-" "Tornado-Async-Client" 
148.62.14.207 - - [03/Mar/2017:07:49:13 -0800] "GET /robots.txt HTTP/1.1" 304 130 "-" "Tornado-Async-Client" 
148.62.14.207 - - [03/Mar/2017:07:49:14 -0800] "GET /honeypot/BSidesDFW%20-%202014.ipynb HTTP/1.1" 301 484 "-" "Tornado-Async-Client" 
148.62.14.178 - - [03/Mar/2017:07:47:53 -0800] "GET /honeypot/BSidesDFW%20-%202014.ipynb HTTP/1.1" 200 75920 "-" "Tornado-Async-Client" 
148.62.14.178 - - [03/Mar/2017:07:49:33 -0800] "GET /robots.txt HTTP/1.1" 301 446 "-" "Tornado-Async-Client" 
148.62.14.207 - - [03/Mar/2017:07:49:14 -0800] "GET /honeypot/BSidesDFW%20-%202014.ipynb HTTP/1.1" 200 194180 "-" "Tornado-Async-Client" 
148.62.14.178 - - [03/Mar/2017:07:49:34 -0800] "GET /robots.txt HTTP/1.1" 304 130 "-" "Tornado-Async-Client" 
148.62.14.178 - - [03/Mar/2017:07:49:35 -0800] "GET /honeypot/BSidesDFW%20-%202014.ipynb HTTP/1.1" 301 484 "-" "Tornado-Async-Client" 
51.255.65.59 - - [03/Mar/2017:07:49:43 -0800] "GET /self.logs/access.log.2015-11-10.gz HTTP/1.1" 200 7557 "-" "Mozilla/5.0 (compatible; AhrefsBot/5.2; +http://ahrefs.com/robot/)" 
148.62.14.178 - - [03/Mar/2017:07:49:37 -0800] "GET /honeypot/BSidesDFW%20-%202014.ipynb HTTP/1.1" 200 281780 "-" "Tornado-Async-Client" 
148.62.14.178 - - [03/Mar/2017:07:49:55 -0800] "GET /robots.txt HTTP/1.1" 301 446 "-" "Tornado-Async-Client" 
148.62.14.178 - - [03/Mar/2017:07:49:56 -0800] "GET /robots.txt HTTP/1.1" 304 130 "-" "Tornado-Async-Client" 
148.62.14.178 - - [03/Mar/2017:07:49:57 -0800] "GET /honeypot/BSidesDFW%20-%202014.ipynb HTTP/1.1" 301 484 "-" "Tornado-Async-Client" 
148.62.14.178 - - [03/Mar/2017:07:49:58 -0800] "GET /honeypot/BSidesDFW%20-%202014.ipynb HTTP/1.1" 200 930780 "-" "Tornado-Async-Client" 
217.169.117.36 - - [03/Mar/2017:07:51:47 -0800] "GET / HTTP/1.1" 200 10566 "https://www.google.it/" "Mozilla/5.0 (Windows NT 6.1; WOW64; rv:51.0) Gecko/20100101 Firefox/51.0" 
217.169.117.36 - - [03/Mar/2017:07:51:48 -0800] "GET /bootstrap/img/favicon.ico HTTP/1.1" 200 589 "-" "Mozilla/5.0 (Windows NT 6.1; WOW64; rv:51.0) Gecko/20100101 Firefox/51.0" 
217.169.117.36 - - [03/Mar/2017:07:51:49 -0800] "GET /GitHub-Mark.png HTTP/1.1" 200 7428 "http://www.secrepo.com/" "Mozilla/5.0 (Windows NT 6.1; WOW64; rv:51.0) Gecko/20100101 Firefox/51.0" 
217.169.117.36 - - [03/Mar/2017:07:51:59 -0800] "GET /twitter-icon.png HTTP/1.1" 200 27788 "http://www.secrepo.com/" "Mozilla/5.0 (Windows NT 6.1; WOW64; rv:51.0) Gecko/20100101 Firefox/51.0" 
92.169.235.101 - - [03/Mar/2017:07:53:14 -0800] "GET /wp-login.php HTTP/1.1" 301 522 "-" "Mozilla/5.0 (Windows NT 6.1; WOW64; rv:40.0) Gecko/20100101 Firefox/40.1" 
92.169.235.101 - - [03/Mar/2017:07:53:14 -0800] "GET /wp-login.php HTTP/1.1" 404 295 "-" "Mozilla/5.0 (Windows NT 6.1; WOW64; rv:40.0) Gecko/20100101 Firefox/40.1" 
92.169.235.101 - - [03/Mar/2017:07:53:20 -0800] "GET /wp-login.php HTTP/1.1" 301 522 "-" "Mozilla/5.0 (Windows NT 6.1; WOW64; rv:40.0) Gecko/20100101 Firefox/40.1" 
92.169.235.101 - - [03/Mar/2017:07:53:21 -0800] "GET /wp-login.php HTTP/1.1" 404 295 "-" "Mozilla/5.0 (Windows NT 6.1; WOW64; rv:40.0) Gecko/20100101 Firefox/40.1" 
92.169.235.101 - - [03/Mar/2017:07:53:27 -0800] "GET / HTTP/1.1" 301 498 "-" "Mozilla/5.0 (Windows NT 6.1; WOW64; rv:40.0) Gecko/20100101 Firefox/40.1" 
92.169.235.101 - - [03/Mar/2017:07:53:27 -0800] "GET / HTTP/1.1" 200 35389 "-" "Mozilla/5.0 (Windows NT 6.1; WOW64; rv:40.0) Gecko/20100101 Firefox/40.1" 
217.169.117.36 - - [03/Mar/2017:07:53:41 -0800] "GET / HTTP/1.1" 301 483 "-" "Mozilla/5.0 (Windows NT 6.1; WOW64; rv:51.0) Gecko/20100101 Firefox/51.0" 
163.172.66.121 - - [03/Mar/2017:07:54:21 -0800] "GET /self.logs/error.log.2015-02-24.gz HTTP/1.1" 200 1647 "-" "Mozilla/5.0 (compatible; AhrefsBot/5.2; +http://ahrefs.com/robot/)" 
68.180.228.156 - - [03/Mar/2017:07:54:38 -0800] "GET /self.logs/access.log.2015-06-09.gz HTTP/1.1" 200 8156 "-" "Mozilla/5.0 (compatible; Yahoo! Slurp; http://help.yahoo.com/help/us/ysearch/slurp)" 
68.180.228.156 - - [03/Mar/2017:07:55:53 -0800] "GET /self.logs/error.log.2015-04-20.gz HTTP/1.1" 200 908 "-" "Mozilla/5.0 (compatible; Yahoo! Slurp; http://help.yahoo.com/help/us/ysearch/slurp)" 
130.192.181.149 - - [03/Mar/2017:07:56:19 -0800] "GET / HTTP/1.1" 301 483 "http://www.secrepo.com/" "Mozilla/5.0 (Windows NT 10.0; WOW64) AppleWebKit/537.36 (KHTML, like Gecko) Chrome/56.0.2924.87 Safari/537.36" 
83.56.38.150 - - [03/Mar/2017:08:09:33 -0800] "GET / HTTP/1.1" 200 10566 "-" "Mozilla/5.0 (X11; Ubuntu; Linux x86_64; rv:51.0) Gecko/20100101 Firefox/51.0" 
83.56.38.150 - - [03/Mar/2017:08:09:34 -0800] "GET /twitter-icon.png HTTP/1.1" 200 27787 "http://www.secrepo.com/" "Mozilla/5.0 (X11; Ubuntu; Linux x86_64; rv:51.0) Gecko/20100101 Firefox/51.0" 
83.56.38.150 - - [03/Mar/2017:08:09:34 -0800] "GET /GitHub-Mark.png HTTP/1.1" 200 7428 "http://www.secrepo.com/" "Mozilla/5.0 (X11; Ubuntu; Linux x86_64; rv:51.0) Gecko/20100101 Firefox/51.0" 
83.56.38.150 - - [03/Mar/2017:08:09:34 -0800] "GET /bootstrap/img/favicon.ico HTTP/1.1" 200 589 "-" "Mozilla/5.0 (X11; Ubuntu; Linux x86_64; rv:51.0) Gecko/20100101 Firefox/51.0" 
68.180.228.156 - - [03/Mar/2017:08:11:43 -0800] "GET /self.logs/access.log.2015-04-24.gz HTTP/1.1" 200 3666 "-" "Mozilla/5.0 (compatible; Yahoo! Slurp; http://help.yahoo.com/help/us/ysearch/slurp)" 
68.180.228.156 - - [03/Mar/2017:08:16:31 -0800] "GET /self.logs/error.log.2016-05-26.gz HTTP/1.1" 200 752 "-" "Mozilla/5.0 (compatible; Yahoo! Slurp; http://help.yahoo.com/help/us/ysearch/slurp)" 
68.180.228.156 - - [03/Mar/2017:08:19:20 -0800] "GET /self.logs/error.log.2016-12-26.gz HTTP/1.1" 200 871 "-" "Mozilla/5.0 (compatible; Yahoo! Slurp; http://help.yahoo.com/help/us/ysearch/slurp)" 
51.255.65.54 - - [03/Mar/2017:08:28:20 -0800] "GET /self.logs/access.log.2015-04-08.gz HTTP/1.1" 200 4044 "-" "Mozilla/5.0 (compatible; AhrefsBot/5.2; +http://ahrefs.com/robot/)" 
68.180.228.156 - - [03/Mar/2017:08:28:37 -0800] "GET /self.logs/access.log.2015-12-04.gz HTTP/1.1" 200 6369 "-" "Mozilla/5.0 (compatible; Yahoo! Slurp; http://help.yahoo.com/help/us/ysearch/slurp)" 
68.180.228.156 - - [03/Mar/2017:08:30:06 -0800] "GET /self.logs/access.log.2016-03-06.gz HTTP/1.1" 200 7425 "-" "Mozilla/5.0 (compatible; Yahoo! Slurp; http://help.yahoo.com/help/us/ysearch/slurp)" 
172.254.11.2 - - [03/Mar/2017:08:40:25 -0800] "GET /wp-login.php HTTP/1.1" 404 295 "-" "Mozilla/5.0 (Windows NT 6.1; WOW64; rv:40.0) Gecko/20100101 Firefox/40.1" 
172.254.11.2 - - [03/Mar/2017:08:40:25 -0800] "GET /wp-login.php HTTP/1.1" 404 294 "-" "Mozilla/5.0 (Windows NT 6.1; WOW64; rv:40.0) Gecko/20100101 Firefox/40.1" 
128.29.43.3 - - [03/Mar/2017:08:41:34 -0800] "GET / HTTP/1.1" 301 483 "-" "Mozilla/5.0 (Windows NT 6.1; WOW64; Trident/7.0; rv:11.0) like Gecko" 
128.29.43.3 - - [03/Mar/2017:08:41:34 -0800] "GET / HTTP/1.1" 200 10566 "-" "Mozilla/5.0 (Windows NT 6.1; WOW64; Trident/7.0; rv:11.0) like Gecko" 
128.29.43.3 - - [03/Mar/2017:08:41:34 -0800] "GET /GitHub-Mark.png HTTP/1.1" 304 165 "http://www.secrepo.com/" "Mozilla/5.0 (Windows NT 6.1; WOW64; Trident/7.0; rv:11.0) like Gecko" 
128.29.43.3 - - [03/Mar/2017:08:41:34 -0800] "GET /twitter-icon.png HTTP/1.1" 304 166 "http://www.secrepo.com/" "Mozilla/5.0 (Windows NT 6.1; WOW64; Trident/7.0; rv:11.0) like Gecko" 
128.29.43.3 - - [03/Mar/2017:08:41:35 -0800] "GET /bootstrap/img/favicon.ico HTTP/1.1" 304 165 "-" "Mozilla/5.0 (Windows NT 6.1; Win64; x64; Trident/7.0; rv:11.0) like Gecko" 
68.180.228.156 - - [03/Mar/2017:08:42:42 -0800] "GET /self.logs/error.log.2017-01-22.gz HTTP/1.1" 200 694 "-" "Mozilla/5.0 (compatible; Yahoo! Slurp; http://help.yahoo.com/help/us/ysearch/slurp)" 
180.76.15.22 - - [03/Mar/2017:08:43:19 -0800] "GET / HTTP/1.1" 200 10529 "-" "Mozilla/5.0 (compatible; Baiduspider/2.0; +http://www.baidu.com/search/spider.html)" 
199.167.55.50 - - [03/Mar/2017:08:45:37 -0800] "GET / HTTP/1.1" 200 10566 "https://www.google.com/" "Mozilla/5.0 (Windows NT 6.1; WOW64) AppleWebKit/537.36 (KHTML, like Gecko) Chrome/56.0.2924.87 Safari/537.36" 
199.167.55.50 - - [03/Mar/2017:08:45:37 -0800] "GET /twitter-icon.png HTTP/1.1" 200 27787 "http://www.secrepo.com/" "Mozilla/5.0 (Windows NT 6.1; WOW64) AppleWebKit/537.36 (KHTML, like Gecko) Chrome/56.0.2924.87 Safari/537.36" 
199.167.55.50 - - [03/Mar/2017:08:45:37 -0800] "GET /GitHub-Mark.png HTTP/1.1" 200 7428 "http://www.secrepo.com/" "Mozilla/5.0 (Windows NT 6.1; WOW64) AppleWebKit/537.36 (KHTML, like Gecko) Chrome/56.0.2924.87 Safari/537.36" 
199.167.55.50 - - [03/Mar/2017:08:45:38 -0800] "GET /bootstrap/img/favicon.ico HTTP/1.1" 200 589 "http://www.secrepo.com/" "Mozilla/5.0 (Windows NT 6.1; WOW64) AppleWebKit/537.36 (KHTML, like Gecko) Chrome/56.0.2924.87 Safari/537.36" 
27.0.7.39 - - [03/Mar/2017:08:48:52 -0800] "GET / HTTP/1.1" 200 35378 "-" "Mozilla/4.0 (compatible;)" 
68.180.228.156 - - [03/Mar/2017:08:52:16 -0800] "GET /self.logs/error.log.2015-12-02.gz HTTP/1.1" 200 602 "-" "Mozilla/5.0 (compatible; Yahoo! Slurp; http://help.yahoo.com/help/us/ysearch/slurp)" 
68.180.228.156 - - [03/Mar/2017:08:52:24 -0800] "GET /self.logs/error.log.2015-06-01.gz HTTP/1.1" 200 617 "-" "Mozilla/5.0 (compatible; Yahoo! Slurp; http://help.yahoo.com/help/us/ysearch/slurp)" 
68.180.228.156 - - [03/Mar/2017:08:55:52 -0800] "GET /self.logs/error.log.2016-07-10.gz HTTP/1.1" 200 819 "-" "Mozilla/5.0 (compatible; Yahoo! Slurp; http://help.yahoo.com/help/us/ysearch/slurp)" 
68.5.146.53 - - [03/Mar/2017:08:58:02 -0800] "GET / HTTP/1.1" 200 10566 "-" "Mozilla/5.0 (Macintosh; Intel Mac OS X 10_11_6) AppleWebKit/537.36 (KHTML, like Gecko) Chrome/56.0.2924.87 Safari/537.36" 
68.180.228.156 - - [03/Mar/2017:08:59:41 -0800] "GET /self.logs/access.log.2015-06-13.gz HTTP/1.1" 200 3559 "-" "Mozilla/5.0 (compatible; Yahoo! Slurp; http://help.yahoo.com/help/us/ysearch/slurp)" 
159.226.251.229 - - [03/Mar/2017:09:06:29 -0800] "GET /tg/a.zip HTTP/1.1" 304 132 "-" "Mozilla/5.0 Gecko/20100115 Firefox/3.6" 
68.180.228.156 - - [03/Mar/2017:09:16:00 -0800] "GET /self.logs/access.log.2016-12-29.gz HTTP/1.1" 200 8853 "-" "Mozilla/5.0 (compatible; Yahoo! Slurp; http://help.yahoo.com/help/us/ysearch/slurp)" 
68.180.228.156 - - [03/Mar/2017:09:18:41 -0800] "GET /self.logs/access.log.2015-08-05.gz HTTP/1.1" 200 5922 "-" "Mozilla/5.0 (compatible; Yahoo! Slurp; http://help.yahoo.com/help/us/ysearch/slurp)" 
142.204.27.131 - - [03/Mar/2017:09:22:45 -0800] "GET / HTTP/1.1" 200 10566 "-" "Mozilla/5.0 (Windows NT 10.0; Win64; x64) AppleWebKit/537.36 (KHTML, like Gecko) Chrome/56.0.2924.87 Safari/537.36" 
142.204.27.131 - - [03/Mar/2017:09:22:48 -0800] "GET /twitter-icon.png HTTP/1.1" 200 27788 "http://www.secrepo.com/" "Mozilla/5.0 (Windows NT 10.0; Win64; x64) AppleWebKit/537.36 (KHTML, like Gecko) Chrome/56.0.2924.87 Safari/537.36" 
142.204.27.131 - - [03/Mar/2017:09:22:48 -0800] "GET /GitHub-Mark.png HTTP/1.1" 200 7428 "http://www.secrepo.com/" "Mozilla/5.0 (Windows NT 10.0; Win64; x64) AppleWebKit/537.36 (KHTML, like Gecko) Chrome/56.0.2924.87 Safari/537.36" 
142.204.27.131 - - [03/Mar/2017:09:22:52 -0800] "GET /bootstrap/img/favicon.ico HTTP/1.1" 200 590 "http://www.secrepo.com/" "Mozilla/5.0 (Windows NT 10.0; Win64; x64) AppleWebKit/537.36 (KHTML, like Gecko) Chrome/56.0.2924.87 Safari/537.36" 
68.180.228.156 - - [03/Mar/2017:09:26:15 -0800] "GET /self.logs/access.log.2016-09-11.gz HTTP/1.1" 200 21792 "-" "Mozilla/5.0 (compatible; Yahoo! Slurp; http://help.yahoo.com/help/us/ysearch/slurp)" 
106.38.241.146 - - [03/Mar/2017:09:28:59 -0800] "GET / HTTP/1.1" 200 10529 "-" "Sogou web spider/4.0(+http://www.sogou.com/docs/help/webmasters.htm#07)" 
106.38.241.146 - - [03/Mar/2017:09:29:00 -0800] "GET /robots.txt HTTP/1.1" 200 252 "-" "Sogou web spider/4.0(+http://www.sogou.com/docs/help/webmasters.htm#07)" 
159.226.251.229 - - [03/Mar/2017:09:32:06 -0800] "GET /maccdc2012/conn.log.gz HTTP/1.1" 304 156 "-" "Mozilla/5.0 Gecko/20100115 Firefox/3.6" 
141.89.226.149 - - [03/Mar/2017:09:52:23 -0800] "GET / HTTP/1.1" 200 10566 "-" "Mozilla/5.0 (Macintosh; Intel Mac OS X 10_10_5) AppleWebKit/602.4.8 (KHTML, like Gecko) Version/10.0.3 Safari/602.4.8" 
68.180.228.156 - - [03/Mar/2017:09:54:15 -0800] "GET /self.logs/access.log.2015-12-09.gz HTTP/1.1" 200 7670 "-" "Mozilla/5.0 (compatible; Yahoo! Slurp; http://help.yahoo.com/help/us/ysearch/slurp)" 
86.8.9.206 - - [03/Mar/2017:09:54:32 -0800] "GET / HTTP/1.1" 200 10566 "https://www.google.co.uk/" "Mozilla/5.0 (Windows NT 10.0; Win64; x64) AppleWebKit/537.36 (KHTML, like Gecko) Chrome/56.0.2924.87 Safari/537.36" 
86.8.9.206 - - [03/Mar/2017:09:54:32 -0800] "GET /GitHub-Mark.png HTTP/1.1" 200 7428 "http://www.secrepo.com/" "Mozilla/5.0 (Windows NT 10.0; Win64; x64) AppleWebKit/537.36 (KHTML, like Gecko) Chrome/56.0.2924.87 Safari/537.36" 
86.8.9.206 - - [03/Mar/2017:09:54:32 -0800] "GET /twitter-icon.png HTTP/1.1" 200 27787 "http://www.secrepo.com/" "Mozilla/5.0 (Windows NT 10.0; Win64; x64) AppleWebKit/537.36 (KHTML, like Gecko) Chrome/56.0.2924.87 Safari/537.36" 
86.8.9.206 - - [03/Mar/2017:09:54:33 -0800] "GET /bootstrap/img/favicon.ico HTTP/1.1" 200 589 "http://www.secrepo.com/" "Mozilla/5.0 (Windows NT 10.0; Win64; x64) AppleWebKit/537.36 (KHTML, like Gecko) Chrome/56.0.2924.87 Safari/537.36" 
68.180.228.156 - - [03/Mar/2017:09:58:45 -0800] "GET /self.logs/access.log.2016-01-20.gz HTTP/1.1" 200 10398 "-" "Mozilla/5.0 (compatible; Yahoo! Slurp; http://help.yahoo.com/help/us/ysearch/slurp)" 
68.180.228.156 - - [03/Mar/2017:09:59:31 -0800] "GET /self.logs/access.log.2015-05-17.gz HTTP/1.1" 200 4054 "-" "Mozilla/5.0 (compatible; Yahoo! Slurp; http://help.yahoo.com/help/us/ysearch/slurp)" 
148.62.14.178 - - [03/Mar/2017:09:59:32 -0800] "GET /robots.txt HTTP/1.1" 301 446 "-" "Tornado-Async-Client" 
148.62.14.178 - - [03/Mar/2017:09:59:32 -0800] "GET /robots.txt HTTP/1.1" 304 130 "-" "Tornado-Async-Client" 
148.62.14.178 - - [03/Mar/2017:09:59:33 -0800] "GET /honeypot/BSidesDFW%20-%202014.ipynb HTTP/1.1" 301 484 "-" "Tornado-Async-Client" 
148.62.14.178 - - [03/Mar/2017:09:59:33 -0800] "GET /honeypot/BSidesDFW%20-%202014.ipynb HTTP/1.1" 200 930780 "-" "Tornado-Async-Client" 
83.175.70.56 - - [03/Mar/2017:10:00:28 -0800] "GET /bootstrap/img/favicon.ico HTTP/1.1" 200 590 "-" "Mozilla/5.0 (Windows NT 10.0; WOW64) AppleWebKit/537.36 (KHTML, like Gecko) Chrome/56.0.2924.87 Safari/537.36" 
68.180.228.156 - - [03/Mar/2017:10:05:04 -0800] "GET /self.logs/error.log.2016-08-17.gz HTTP/1.1" 200 969 "-" "Mozilla/5.0 (compatible; Yahoo! Slurp; http://help.yahoo.com/help/us/ysearch/slurp)" 
68.180.228.156 - - [03/Mar/2017:10:06:58 -0800] "GET /self.logs/access.log.2016-08-05.gz HTTP/1.1" 200 15823 "-" "Mozilla/5.0 (compatible; Yahoo! Slurp; http://help.yahoo.com/help/us/ysearch/slurp)" 
130.85.58.235 - - [03/Mar/2017:10:17:17 -0800] "GET / HTTP/1.1" 200 10566 "-" "Mozilla/5.0 (Windows NT 10.0; Win64; x64) AppleWebKit/537.36 (KHTML, like Gecko) Chrome/56.0.2924.87 Safari/537.36" 
68.180.228.156 - - [03/Mar/2017:10:20:44 -0800] "GET /self.logs/access.log.2015-04-15.gz HTTP/1.1" 200 20678 "-" "Mozilla/5.0 (compatible; Yahoo! Slurp; http://help.yahoo.com/help/us/ysearch/slurp)" 
68.180.228.156 - - [03/Mar/2017:10:21:58 -0800] "GET /self.logs/error.log.2015-12-10.gz HTTP/1.1" 200 486 "-" "Mozilla/5.0 (compatible; Yahoo! Slurp; http://help.yahoo.com/help/us/ysearch/slurp)" 
50.201.125.254 - - [03/Mar/2017:10:23:48 -0800] "GET / HTTP/1.1" 200 10566 "http://www.mlsecproject.org/" "Mozilla/5.0 (Macintosh; Intel Mac OS X 10_11_6) AppleWebKit/537.36 (KHTML, like Gecko) Chrome/56.0.2924.87 Safari/537.36" 
50.201.125.254 - - [03/Mar/2017:10:23:49 -0800] "GET /twitter-icon.png HTTP/1.1" 200 27787 "http://www.secrepo.com/" "Mozilla/5.0 (Macintosh; Intel Mac OS X 10_11_6) AppleWebKit/537.36 (KHTML, like Gecko) Chrome/56.0.2924.87 Safari/537.36" 
50.201.125.254 - - [03/Mar/2017:10:23:49 -0800] "GET /GitHub-Mark.png HTTP/1.1" 200 7428 "http://www.secrepo.com/" "Mozilla/5.0 (Macintosh; Intel Mac OS X 10_11_6) AppleWebKit/537.36 (KHTML, like Gecko) Chrome/56.0.2924.87 Safari/537.36" 
104.209.188.207 - - [03/Mar/2017:10:24:00 -0800] "GET / HTTP/1.1" 200 35389 "-" "Mozilla/5.0 (Windows NT 6.1; WOW64) SkypeUriPreview Preview/0.5" 
104.209.188.207 - - [03/Mar/2017:10:24:00 -0800] "GET /bootstrap/img/favicon.ico HTTP/1.1" 200 534 "-" "Mozilla/5.0 (Windows NT 6.1; WOW64) SkypeUriPreview Preview/0.5" 
50.201.125.254 - - [03/Mar/2017:10:24:04 -0800] "GET / HTTP/1.1" 200 10566 "-" "Mozilla/5.0 (X11; Linux x86_64) AppleWebKit/537.36 (KHTML, like Gecko) Chrome/55.0.2883.87 Safari/537.36" 
50.201.125.254 - - [03/Mar/2017:10:24:04 -0800] "GET /twitter-icon.png HTTP/1.1" 200 27787 "http://www.secrepo.com/" "Mozilla/5.0 (X11; Linux x86_64) AppleWebKit/537.36 (KHTML, like Gecko) Chrome/55.0.2883.87 Safari/537.36" 
50.201.125.254 - - [03/Mar/2017:10:24:04 -0800] "GET /GitHub-Mark.png HTTP/1.1" 200 7428 "http://www.secrepo.com/" "Mozilla/5.0 (X11; Linux x86_64) AppleWebKit/537.36 (KHTML, like Gecko) Chrome/55.0.2883.87 Safari/537.36" 
50.201.125.254 - - [03/Mar/2017:10:24:05 -0800] "GET /bootstrap/img/favicon.ico HTTP/1.1" 200 589 "http://www.secrepo.com/" "Mozilla/5.0 (X11; Linux x86_64) AppleWebKit/537.36 (KHTML, like Gecko) Chrome/55.0.2883.87 Safari/537.36" 
79.197.185.110 - - [03/Mar/2017:10:24:46 -0800] "GET /wp-login.php HTTP/1.1" 404 295 "-" "Mozilla/5.0 (Windows NT 6.1; WOW64; rv:40.0) Gecko/20100101 Firefox/40.1" 
200.144.117.133 - - [03/Mar/2017:10:27:23 -0800] "GET / HTTP/1.1" 200 10566 "https://www.google.com.br/" "Mozilla/5.0 (X11; Ubuntu; Linux x86_64; rv:51.0) Gecko/20100101 Firefox/51.0" 
200.144.117.133 - - [03/Mar/2017:10:27:24 -0800] "GET /twitter-icon.png HTTP/1.1" 200 27787 "http://www.secrepo.com/" "Mozilla/5.0 (X11; Ubuntu; Linux x86_64; rv:51.0) Gecko/20100101 Firefox/51.0" 
200.144.117.133 - - [03/Mar/2017:10:27:24 -0800] "GET /GitHub-Mark.png HTTP/1.1" 200 7428 "http://www.secrepo.com/" "Mozilla/5.0 (X11; Ubuntu; Linux x86_64; rv:51.0) Gecko/20100101 Firefox/51.0" 
200.144.117.133 - - [03/Mar/2017:10:27:25 -0800] "GET /bootstrap/img/favicon.ico HTTP/1.1" 200 589 "-" "Mozilla/5.0 (X11; Ubuntu; Linux x86_64; rv:51.0) Gecko/20100101 Firefox/51.0" 
68.180.228.156 - - [03/Mar/2017:10:34:00 -0800] "GET /self.logs/error.log.2017-02-21.gz HTTP/1.1" 200 880 "-" "Mozilla/5.0 (compatible; Yahoo! Slurp; http://help.yahoo.com/help/us/ysearch/slurp)" 
68.180.228.156 - - [03/Mar/2017:10:34:26 -0800] "GET /self.logs/access.log.2016-02-03.gz HTTP/1.1" 200 7230 "-" "Mozilla/5.0 (compatible; Yahoo! Slurp; http://help.yahoo.com/help/us/ysearch/slurp)" 
68.180.228.156 - - [03/Mar/2017:10:39:41 -0800] "GET /self.logs/access.log.2015-12-21.gz HTTP/1.1" 200 10525 "-" "Mozilla/5.0 (compatible; Yahoo! Slurp; http://help.yahoo.com/help/us/ysearch/slurp)" 
111.162.146.120 - - [03/Mar/2017:10:44:40 -0800] "GET /data HTTP/1.1" 404 303 "-" "Mozilla/5.0 (iPhone; CPU iPhone OS 9_1 like Mac OS X) AppleWebKit/601.1.46 (KHTML, like Gecko) Version/9.0 Mobile/13B143 Safari/601.1" 
68.180.228.156 - - [03/Mar/2017:10:44:57 -0800] "GET /self.logs/access.log.2016-05-04.gz HTTP/1.1" 200 17005 "-" "Mozilla/5.0 (compatible; Yahoo! Slurp; http://help.yahoo.com/help/us/ysearch/slurp)" 
68.180.228.156 - - [03/Mar/2017:10:50:10 -0800] "GET /self.logs/error.log.2015-04-13.gz HTTP/1.1" 200 789 "-" "Mozilla/5.0 (compatible; Yahoo! Slurp; http://help.yahoo.com/help/us/ysearch/slurp)" 
68.180.228.156 - - [03/Mar/2017:10:50:41 -0800] "GET /self.logs/access.log.2015-06-29.gz HTTP/1.1" 200 6209 "-" "Mozilla/5.0 (compatible; Yahoo! Slurp; http://help.yahoo.com/help/us/ysearch/slurp)" 
39.40.136.60 - - [03/Mar/2017:10:54:34 -0800] "GET /wp-login.php HTTP/1.1" 404 295 "-" "Mozilla/5.0 (Windows NT 6.1; WOW64; rv:40.0) Gecko/20100101 Firefox/40.1" 
39.40.136.60 - - [03/Mar/2017:10:54:41 -0800] "GET /wp-login.php HTTP/1.1" 404 295 "-" "Mozilla/5.0 (Windows NT 6.1; WOW64; rv:40.0) Gecko/20100101 Firefox/40.1" 
39.40.136.60 - - [03/Mar/2017:10:54:49 -0800] "GET / HTTP/1.1" 200 35389 "-" "Mozilla/5.0 (Windows NT 6.1; WOW64; rv:40.0) Gecko/20100101 Firefox/40.1" 
192.26.251.254 - - [03/Mar/2017:10:57:43 -0800] "GET / HTTP/1.1" 200 10566 "-" "Mozilla/5.0 (Windows NT 10.0; Win64; x64) AppleWebKit/537.36 (KHTML, like Gecko) Chrome/51.0.2704.79 Safari/537.36 Edge/14.14393" 
192.26.251.254 - - [03/Mar/2017:10:57:43 -0800] "GET /twitter-icon.png HTTP/1.1" 200 27788 "http://www.secrepo.com/" "Mozilla/5.0 (Windows NT 10.0; Win64; x64) AppleWebKit/537.36 (KHTML, like Gecko) Chrome/51.0.2704.79 Safari/537.36 Edge/14.14393" 
192.26.251.254 - - [03/Mar/2017:10:57:43 -0800] "GET /GitHub-Mark.png HTTP/1.1" 200 7427 "http://www.secrepo.com/" "Mozilla/5.0 (Windows NT 10.0; Win64; x64) AppleWebKit/537.36 (KHTML, like Gecko) Chrome/51.0.2704.79 Safari/537.36 Edge/14.14393" 
192.26.251.254 - - [03/Mar/2017:10:57:47 -0800] "GET /bootstrap/img/favicon.ico HTTP/1.1" 200 590 "-" "Mozilla/5.0 (Windows NT 10.0; Win64; x64) AppleWebKit/537.36 (KHTML, like Gecko) Chrome/51.0.2704.79 Safari/537.36 Edge/14.14393" 
192.26.251.254 - - [03/Mar/2017:10:59:39 -0800] "GET /favicon.ico HTTP/1.1" 200 268 "-" "Mozilla/5.0 (Windows NT 10.0; Win64; x64) AppleWebKit/537.36 (KHTML, like Gecko) Chrome/51.0.2704.79 Safari/537.36 Edge/14.14393" 
192.26.251.254 - - [03/Mar/2017:10:59:43 -0800] "GET /favicon.ico HTTP/1.1" 200 268 "-" "Mozilla/5.0 (Windows NT 10.0; Win64; x64) AppleWebKit/537.36 (KHTML, like Gecko) Chrome/51.0.2704.79 Safari/537.36 Edge/14.14393" 
192.26.251.254 - - [03/Mar/2017:10:59:46 -0800] "GET /favicon.ico HTTP/1.1" 200 268 "-" "Mozilla/5.0 (Windows NT 10.0; Win64; x64) AppleWebKit/537.36 (KHTML, like Gecko) Chrome/51.0.2704.79 Safari/537.36 Edge/14.14393" 
68.180.228.156 - - [03/Mar/2017:11:02:41 -0800] "GET /self.logs/error.log.2016-02-12.gz HTTP/1.1" 200 795 "-" "Mozilla/5.0 (compatible; Yahoo! Slurp; http://help.yahoo.com/help/us/ysearch/slurp)" 
68.180.228.156 - - [03/Mar/2017:11:05:10 -0800] "GET /self.logs/access.log.2016-05-03.gz HTTP/1.1" 200 8708 "-" "Mozilla/5.0 (compatible; Yahoo! Slurp; http://help.yahoo.com/help/us/ysearch/slurp)" 
216.172.189.138 - - [03/Mar/2017:11:13:28 -0800] "GET /wp-admin/ HTTP/1.1" 301 479 "-" "-" 
118.209.115.69 - - [03/Mar/2017:11:14:32 -0800] "GET / HTTP/1.1" 200 10566 "http://www.kdnuggets.com/2017/01/machine-learning-cyber-security.html" "Mozilla/5.0 (Macintosh; Intel Mac OS X 10_12_3) AppleWebKit/537.36 (KHTML, like Gecko) Chrome/56.0.2924.87 Safari/537.36" 
118.209.115.69 - - [03/Mar/2017:11:14:33 -0800] "GET /twitter-icon.png HTTP/1.1" 200 27787 "http://www.secrepo.com/" "Mozilla/5.0 (Macintosh; Intel Mac OS X 10_12_3) AppleWebKit/537.36 (KHTML, like Gecko) Chrome/56.0.2924.87 Safari/537.36" 
118.209.115.69 - - [03/Mar/2017:11:14:33 -0800] "GET /GitHub-Mark.png HTTP/1.1" 200 7428 "http://www.secrepo.com/" "Mozilla/5.0 (Macintosh; Intel Mac OS X 10_12_3) AppleWebKit/537.36 (KHTML, like Gecko) Chrome/56.0.2924.87 Safari/537.36" 
118.209.115.69 - - [03/Mar/2017:11:14:34 -0800] "GET /bootstrap/img/favicon.ico HTTP/1.1" 200 589 "http://www.secrepo.com/" "Mozilla/5.0 (Macintosh; Intel Mac OS X 10_12_3) AppleWebKit/537.36 (KHTML, like Gecko) Chrome/56.0.2924.87 Safari/537.36" 
68.180.228.156 - - [03/Mar/2017:11:15:58 -0800] "GET /self.logs/error.log.2015-02-07.gz HTTP/1.1" 200 641 "-" "Mozilla/5.0 (compatible; Yahoo! Slurp; http://help.yahoo.com/help/us/ysearch/slurp)" 
68.180.228.156 - - [03/Mar/2017:11:16:01 -0800] "GET /self.logs/error.log.2015-10-10.gz HTTP/1.1" 200 791 "-" "Mozilla/5.0 (compatible; Yahoo! Slurp; http://help.yahoo.com/help/us/ysearch/slurp)" 
68.180.228.156 - - [03/Mar/2017:11:16:15 -0800] "GET /self.logs/access.log.2017-01-14.gz HTTP/1.1" 200 10763 "-" "Mozilla/5.0 (compatible; Yahoo! Slurp; http://help.yahoo.com/help/us/ysearch/slurp)" 
68.180.228.156 - - [03/Mar/2017:11:20:57 -0800] "GET /self.logs/access.log.2015-09-24.gz HTTP/1.1" 200 4748 "-" "Mozilla/5.0 (compatible; Yahoo! Slurp; http://help.yahoo.com/help/us/ysearch/slurp)" 
101.108.158.32 - - [03/Mar/2017:11:22:43 -0800] "GET /honeypot/Honeypot%20-%20Howto%20-%20BSides%20Austin.pdf HTTP/1.1" 200 2884716 "http://www.secrepo.com/" "Mozilla/5.0 (Windows NT 6.1) AppleWebKit/537.36 (KHTML, like Gecko) Dragon/36.1.1.21 Chrome/36.0.1985.97 Safari/537.36" 
96.31.33.27 - - [03/Mar/2017:11:23:44 -0800] "GET /test/wp-admin/ HTTP/1.1" 301 489 "-" "-" 
68.180.228.156 - - [03/Mar/2017:11:27:48 -0800] "GET /self.logs/access.log.2015-02-20.gz HTTP/1.1" 200 14410 "-" "Mozilla/5.0 (compatible; Yahoo! Slurp; http://help.yahoo.com/help/us/ysearch/slurp)" 
122.177.104.190 - - [03/Mar/2017:11:27:54 -0800] "GET / HTTP/1.1" 200 10566 "http://www.mlsecproject.org/" "Mozilla/5.0 (Windows NT 6.1; WOW64) AppleWebKit/537.36 (KHTML, like Gecko) Chrome/56.0.2924.87 Safari/537.36" 
122.177.104.190 - - [03/Mar/2017:11:27:55 -0800] "GET /twitter-icon.png HTTP/1.1" 200 27787 "http://www.secrepo.com/" "Mozilla/5.0 (Windows NT 6.1; WOW64) AppleWebKit/537.36 (KHTML, like Gecko) Chrome/56.0.2924.87 Safari/537.36" 
122.177.104.190 - - [03/Mar/2017:11:27:56 -0800] "GET /GitHub-Mark.png HTTP/1.1" 200 7428 "http://www.secrepo.com/" "Mozilla/5.0 (Windows NT 6.1; WOW64) AppleWebKit/537.36 (KHTML, like Gecko) Chrome/56.0.2924.87 Safari/537.36" 
176.53.63.50 - - [03/Mar/2017:11:33:56 -0800] "GET /wordpress/wp-admin/ HTTP/1.1" 301 499 "-" "-" 
78.46.109.116 - - [03/Mar/2017:11:44:12 -0800] "GET /blog/wp-admin/ HTTP/1.1" 301 489 "-" "-" 
68.180.228.156 - - [03/Mar/2017:11:44:48 -0800] "GET /self.logs/error.log.2015-03-05.gz HTTP/1.1" 200 792 "-" "Mozilla/5.0 (compatible; Yahoo! Slurp; http://help.yahoo.com/help/us/ysearch/slurp)" 
46.28.105.105 - - [03/Mar/2017:11:54:21 -0800] "GET /wp/wp-admin/ HTTP/1.1" 301 485 "-" "-" 
68.180.228.156 - - [03/Mar/2017:11:58:20 -0800] "GET /self.logs/error.log.2016-02-27.gz HTTP/1.1" 200 1052 "-" "Mozilla/5.0 (compatible; Yahoo! Slurp; http://help.yahoo.com/help/us/ysearch/slurp)" 
68.180.228.156 - - [03/Mar/2017:11:58:21 -0800] "GET /self.logs/error.log.2016-11-08.gz HTTP/1.1" 200 753 "-" "Mozilla/5.0 (compatible; Yahoo! Slurp; http://help.yahoo.com/help/us/ysearch/slurp)" 
68.180.228.156 - - [03/Mar/2017:12:00:21 -0800] "GET /self.logs/access.log.2015-08-28.gz HTTP/1.1" 200 7625 "-" "Mozilla/5.0 (compatible; Yahoo! Slurp; http://help.yahoo.com/help/us/ysearch/slurp)" 
68.180.228.156 - - [03/Mar/2017:12:01:22 -0800] "GET /self.logs/access.log.2016-05-21.gz HTTP/1.1" 200 7985 "-" "Mozilla/5.0 (compatible; Yahoo! Slurp; http://help.yahoo.com/help/us/ysearch/slurp)" 
68.180.228.156 - - [03/Mar/2017:12:03:46 -0800] "GET /self.logs/error.log.2016-04-01.gz HTTP/1.1" 200 707 "-" "Mozilla/5.0 (compatible; Yahoo! Slurp; http://help.yahoo.com/help/us/ysearch/slurp)" 
68.180.228.156 - - [03/Mar/2017:12:03:46 -0800] "GET /self.logs/error.log.2016-04-09.gz HTTP/1.1" 200 738 "-" "Mozilla/5.0 (compatible; Yahoo! Slurp; http://help.yahoo.com/help/us/ysearch/slurp)" 
68.180.228.156 - - [03/Mar/2017:12:03:57 -0800] "GET /self.logs/access.log.2015-04-25.gz HTTP/1.1" 200 2802 "-" "Mozilla/5.0 (compatible; Yahoo! Slurp; http://help.yahoo.com/help/us/ysearch/slurp)" 
92.52.30.54 - - [03/Mar/2017:12:04:34 -0800] "GET / HTTP/1.1" 200 10566 "https://www.google.sk/" "Mozilla/5.0 (Windows NT 10.0; Win64; x64) AppleWebKit/537.36 (KHTML, like Gecko) Chrome/56.0.2924.87 Safari/537.36" 
92.52.30.54 - - [03/Mar/2017:12:04:34 -0800] "GET /twitter-icon.png HTTP/1.1" 200 27787 "http://www.secrepo.com/" "Mozilla/5.0 (Windows NT 10.0; Win64; x64) AppleWebKit/537.36 (KHTML, like Gecko) Chrome/56.0.2924.87 Safari/537.36" 
