92.187.166.253 - - [07/Jul/2017:02:08:01 -0700] "GET /wp-login.php HTTP/1.1" 404 295 "-" "Mozilla/5.0 (Windows NT 6.1; WOW64; rv:40.0) Gecko/20100101 Firefox/40.1" 
92.187.166.253 - - [07/Jul/2017:02:08:06 -0700] "GET /wp-login.php HTTP/1.1" 404 295 "-" "Mozilla/5.0 (Windows NT 6.1; WOW64; rv:40.0) Gecko/20100101 Firefox/40.1" 
92.187.166.253 - - [07/Jul/2017:02:08:11 -0700] "GET / HTTP/1.1" 200 36476 "-" "Mozilla/5.0 (Windows NT 6.1; WOW64; rv:40.0) Gecko/20100101 Firefox/40.1" 
220.181.51.92 - - [07/Jul/2017:02:09:52 -0700] "GET /robots.txt HTTP/1.1" 200 297 "-" "Mozilla/5.0 (Windows NT 10.0; WOW64) AppleWebKit/537.36 (KHTML, like Gecko) Chrome/45.0.2454.93 Safari/537.36" 
216.244.66.227 - - [07/Jul/2017:02:11:22 -0700] "GET /self.logs/access.log.2015-05-16.gz HTTP/1.1" 200 3580 "-" "Mozilla/5.0 (compatible; DotBot/1.1; http://www.opensiteexplorer.org/dotbot, help@moz.com)" 
216.244.66.227 - - [07/Jul/2017:02:11:23 -0700] "GET /self.logs/access.log.2015-08-19.gz HTTP/1.1" 200 5019 "-" "Mozilla/5.0 (compatible; DotBot/1.1; http://www.opensiteexplorer.org/dotbot, help@moz.com)" 
216.244.66.227 - - [07/Jul/2017:02:11:24 -0700] "GET /self.logs/access.log.2015-10-13.gz HTTP/1.1" 200 12189 "-" "Mozilla/5.0 (compatible; DotBot/1.1; http://www.opensiteexplorer.org/dotbot, help@moz.com)" 
216.244.66.227 - - [07/Jul/2017:02:11:25 -0700] "GET /self.logs/access.log.2016-04-21.gz HTTP/1.1" 200 23523 "-" "Mozilla/5.0 (compatible; DotBot/1.1; http://www.opensiteexplorer.org/dotbot, help@moz.com)" 
216.244.66.227 - - [07/Jul/2017:02:11:27 -0700] "GET /self.logs/access.log.2016-06-03.gz HTTP/1.1" 200 11460 "-" "Mozilla/5.0 (compatible; DotBot/1.1; http://www.opensiteexplorer.org/dotbot, help@moz.com)" 
216.244.66.227 - - [07/Jul/2017:02:11:28 -0700] "GET /self.logs/access.log.2017-02-24.gz HTTP/1.1" 200 66930 "-" "Mozilla/5.0 (compatible; DotBot/1.1; http://www.opensiteexplorer.org/dotbot, help@moz.com)" 
216.244.66.227 - - [07/Jul/2017:02:11:29 -0700] "GET /self.logs/error.log.2015-07-24.gz HTTP/1.1" 200 960 "-" "Mozilla/5.0 (compatible; DotBot/1.1; http://www.opensiteexplorer.org/dotbot, help@moz.com)" 
216.244.66.227 - - [07/Jul/2017:02:11:30 -0700] "GET /self.logs/error.log.2015-09-17.gz HTTP/1.1" 200 730 "-" "Mozilla/5.0 (compatible; DotBot/1.1; http://www.opensiteexplorer.org/dotbot, help@moz.com)" 
216.244.66.227 - - [07/Jul/2017:02:11:32 -0700] "GET /self.logs/error.log.2015-10-10.gz HTTP/1.1" 200 744 "-" "Mozilla/5.0 (compatible; DotBot/1.1; http://www.opensiteexplorer.org/dotbot, help@moz.com)" 
216.244.66.227 - - [07/Jul/2017:02:11:33 -0700] "GET /self.logs/error.log.2015-12-02.gz HTTP/1.1" 200 555 "-" "Mozilla/5.0 (compatible; DotBot/1.1; http://www.opensiteexplorer.org/dotbot, help@moz.com)" 
216.244.66.227 - - [07/Jul/2017:02:11:34 -0700] "GET /self.logs/error.log.2016-08-12.gz HTTP/1.1" 200 711 "-" "Mozilla/5.0 (compatible; DotBot/1.1; http://www.opensiteexplorer.org/dotbot, help@moz.com)" 
216.244.66.227 - - [07/Jul/2017:02:11:35 -0700] "GET /self.logs/error.log.2016-11-08.gz HTTP/1.1" 200 706 "-" "Mozilla/5.0 (compatible; DotBot/1.1; http://www.opensiteexplorer.org/dotbot, help@moz.com)" 
92.187.166.253 - - [07/Jul/2017:02:14:55 -0700] "GET /wp-login.php HTTP/1.1" 301 522 "-" "Mozilla/5.0 (Windows NT 6.1; WOW64; rv:40.0) Gecko/20100101 Firefox/40.1" 
92.187.166.253 - - [07/Jul/2017:02:14:56 -0700] "GET /wp-login.php HTTP/1.1" 404 295 "-" "Mozilla/5.0 (Windows NT 6.1; WOW64; rv:40.0) Gecko/20100101 Firefox/40.1" 
92.187.166.253 - - [07/Jul/2017:02:15:01 -0700] "GET /wp-login.php HTTP/1.1" 301 522 "-" "Mozilla/5.0 (Windows NT 6.1; WOW64; rv:40.0) Gecko/20100101 Firefox/40.1" 
92.187.166.253 - - [07/Jul/2017:02:15:01 -0700] "GET /wp-login.php HTTP/1.1" 404 295 "-" "Mozilla/5.0 (Windows NT 6.1; WOW64; rv:40.0) Gecko/20100101 Firefox/40.1" 
92.187.166.253 - - [07/Jul/2017:02:15:06 -0700] "GET / HTTP/1.1" 301 498 "-" "Mozilla/5.0 (Windows NT 6.1; WOW64; rv:40.0) Gecko/20100101 Firefox/40.1" 
92.187.166.253 - - [07/Jul/2017:02:15:07 -0700] "GET / HTTP/1.1" 200 36476 "-" "Mozilla/5.0 (Windows NT 6.1; WOW64; rv:40.0) Gecko/20100101 Firefox/40.1" 
150.70.173.21 - - [07/Jul/2017:02:15:14 -0700] "GET / HTTP/1.1" 200 36420 "-" "Mozilla/5.0 (Windows NT 6.1) AppleWebKit/537.2 (KHTML, like Gecko) Chrome/22.0.1216.0 Safari/537.2" 
220.181.108.106 - - [07/Jul/2017:02:15:58 -0700] "GET /robots.txt HTTP/1.1" 200 297 "-" "Mozilla/5.0 (compatible; Baiduspider/2.0; +http://www.baidu.com/search/spider.html)" 
118.185.21.90 - - [07/Jul/2017:02:16:06 -0700] "GET / HTTP/1.1" 200 10794 "https://www.google.co.in/" "Mozilla/5.0 (Windows NT 6.2; Win64; x64) AppleWebKit/537.36 (KHTML, like Gecko) Chrome/59.0.3071.115 Safari/537.36" 
118.185.21.90 - - [07/Jul/2017:02:16:08 -0700] "GET /twitter-icon.png HTTP/1.1" 200 27787 "http://www.secrepo.com/" "Mozilla/5.0 (Windows NT 6.2; Win64; x64) AppleWebKit/537.36 (KHTML, like Gecko) Chrome/59.0.3071.115 Safari/537.36" 
118.185.21.90 - - [07/Jul/2017:02:16:08 -0700] "GET /GitHub-Mark.png HTTP/1.1" 200 7428 "http://www.secrepo.com/" "Mozilla/5.0 (Windows NT 6.2; Win64; x64) AppleWebKit/537.36 (KHTML, like Gecko) Chrome/59.0.3071.115 Safari/537.36" 
118.185.21.90 - - [07/Jul/2017:02:16:11 -0700] "GET /bootstrap/img/favicon.ico HTTP/1.1" 200 590 "http://www.secrepo.com/" "Mozilla/5.0 (Windows NT 6.2; Win64; x64) AppleWebKit/537.36 (KHTML, like Gecko) Chrome/59.0.3071.115 Safari/537.36" 
192.54.144.229 - - [07/Jul/2017:02:15:24 -0700] "GET /maccdc2012/conn.log.gz HTTP/1.1" 200 551041635 "http://www.secrepo.com/" "Mozilla/5.0 (Windows NT 6.1; WOW64; rv:45.0) Gecko/20100101 Firefox/45.0" 
123.117.104.218 - - [07/Jul/2017:02:19:11 -0700] "GET / HTTP/1.1" 200 10794 "http://link.zhihu.com/?target=http%3A//www.secrepo.com/" "Mozilla/5.0 (iPad; CPU OS 10_3_2 like Mac OS X) AppleWebKit/534.46 (KHTML, like Gecko) BaiduHD/5.4.0.0 Mobile/10A406 Safari/8536.25" 
123.117.104.218 - - [07/Jul/2017:02:19:11 -0700] "GET /twitter-icon.png HTTP/1.1" 200 27787 "http://www.secrepo.com/" "Mozilla/5.0 (iPad; CPU OS 10_3_2 like Mac OS X) AppleWebKit/534.46 (KHTML, like Gecko) BaiduHD/5.4.0.0 Mobile/10A406 Safari/8536.25" 
123.117.104.218 - - [07/Jul/2017:02:19:11 -0700] "GET /GitHub-Mark.png HTTP/1.1" 200 7428 "http://www.secrepo.com/" "Mozilla/5.0 (iPad; CPU OS 10_3_2 like Mac OS X) AppleWebKit/534.46 (KHTML, like Gecko) BaiduHD/5.4.0.0 Mobile/10A406 Safari/8536.25" 
123.117.104.218 - - [07/Jul/2017:02:20:27 -0700] "GET /bootstrap/img/favicon.ico HTTP/1.1" 200 590 "-" "\xe7\x99\xbe\xe5\xba\xa6HD 5.4.0 rv:5.4.0.0 (iPad; iOS 10.3.2; zh_CN)" 
123.117.104.218 - - [07/Jul/2017:02:22:41 -0700] "GET / HTTP/1.1" 200 10794 "http://link.zhihu.com/?target=http%3A//www.secrepo.com/" "Mozilla/5.0 (iPad; CPU OS 10_3_2 like Mac OS X) AppleWebKit/534.46 (KHTML, like Gecko) BaiduHD/5.4.0.0 Mobile/10A406 Safari/8536.25" 
123.117.104.218 - - [07/Jul/2017:02:22:41 -0700] "GET /twitter-icon.png HTTP/1.1" 200 27787 "http://www.secrepo.com/" "Mozilla/5.0 (iPad; CPU OS 10_3_2 like Mac OS X) AppleWebKit/534.46 (KHTML, like Gecko) BaiduHD/5.4.0.0 Mobile/10A406 Safari/8536.25" 
216.244.66.250 - - [07/Jul/2017:02:23:08 -0700] "GET /robots.txt HTTP/1.1" 200 233 "-" "Mozilla/5.0 (compatible; DotBot/1.1; http://www.opensiteexplorer.org/dotbot, help@moz.com)" 
150.70.173.21 - - [07/Jul/2017:02:25:24 -0700] "GET / HTTP/1.1" 200 36420 "-" "Mozilla/5.0 (Windows NT 6.1) AppleWebKit/537.2 (KHTML, like Gecko) Chrome/22.0.1216.0 Safari/537.2" 
220.181.51.87 - - [07/Jul/2017:02:25:28 -0700] "GET /robots.txt HTTP/1.1" 200 297 "-" "Mozilla/5.0 (Windows NT 10.0; WOW64) AppleWebKit/537.36 (KHTML, like Gecko) Chrome/45.0.2454.93 Safari/537.36" 
123.117.104.218 - - [07/Jul/2017:02:27:09 -0700] "GET /GitHub-Mark.png HTTP/1.1" 200 7428 "http://www.secrepo.com/" "Mozilla/5.0 (iPad; CPU OS 10_3_2 like Mac OS X) AppleWebKit/534.46 (KHTML, like Gecko) BaiduHD/5.4.0.0 Mobile/10A406 Safari/8536.25" 
220.181.51.113 - - [07/Jul/2017:02:27:13 -0700] "GET /robots.txt HTTP/1.1" 200 297 "-" "Mozilla/5.0 (Windows NT 10.0; WOW64) AppleWebKit/537.36 (KHTML, like Gecko) Chrome/45.0.2454.93 Safari/537.36" 
216.244.66.227 - - [07/Jul/2017:02:31:16 -0700] "GET /robots.txt HTTP/1.1" 200 233 "-" "Mozilla/5.0 (compatible; DotBot/1.1; http://www.opensiteexplorer.org/dotbot, help@moz.com)" 
123.125.71.57 - - [07/Jul/2017:02:36:39 -0700] "GET /robots.txt HTTP/1.1" 200 297 "-" "Mozilla/5.0 (compatible; Baiduspider/2.0; +http://www.baidu.com/search/spider.html)" 
182.69.211.222 - - [07/Jul/2017:02:40:07 -0700] "GET /wp-login.php HTTP/1.1" 404 295 "-" "Mozilla/5.0 (Windows NT 6.1; WOW64; rv:40.0) Gecko/20100101 Firefox/40.1" 
182.69.211.222 - - [07/Jul/2017:02:40:13 -0700] "GET /wp-login.php HTTP/1.1" 404 295 "-" "Mozilla/5.0 (Windows NT 6.1; WOW64; rv:40.0) Gecko/20100101 Firefox/40.1" 
182.69.211.222 - - [07/Jul/2017:02:40:19 -0700] "GET / HTTP/1.1" 200 36476 "-" "Mozilla/5.0 (Windows NT 6.1; WOW64; rv:40.0) Gecko/20100101 Firefox/40.1" 
157.55.39.38 - - [07/Jul/2017:02:41:52 -0700] "GET / HTTP/1.1" 200 10794 "-" "Mozilla/5.0 (compatible; bingbot/2.0; +http://www.bing.com/bingbot.htm)" 
220.181.51.92 - - [07/Jul/2017:02:43:54 -0700] "GET /robots.txt HTTP/1.1" 200 297 "-" "Mozilla/5.0 (Windows NT 10.0; WOW64) AppleWebKit/537.36 (KHTML, like Gecko) Chrome/45.0.2454.93 Safari/537.36" 
182.69.211.222 - - [07/Jul/2017:02:45:04 -0700] "GET /wp-login.php HTTP/1.1" 301 522 "-" "Mozilla/5.0 (Windows NT 6.1; WOW64; rv:40.0) Gecko/20100101 Firefox/40.1" 
182.69.211.222 - - [07/Jul/2017:02:45:05 -0700] "GET /wp-login.php HTTP/1.1" 404 295 "-" "Mozilla/5.0 (Windows NT 6.1; WOW64; rv:40.0) Gecko/20100101 Firefox/40.1" 
182.69.211.222 - - [07/Jul/2017:02:45:11 -0700] "GET /wp-login.php HTTP/1.1" 301 522 "-" "Mozilla/5.0 (Windows NT 6.1; WOW64; rv:40.0) Gecko/20100101 Firefox/40.1" 
182.69.211.222 - - [07/Jul/2017:02:45:11 -0700] "GET /wp-login.php HTTP/1.1" 404 295 "-" "Mozilla/5.0 (Windows NT 6.1; WOW64; rv:40.0) Gecko/20100101 Firefox/40.1" 
182.69.211.222 - - [07/Jul/2017:02:45:17 -0700] "GET / HTTP/1.1" 301 498 "-" "Mozilla/5.0 (Windows NT 6.1; WOW64; rv:40.0) Gecko/20100101 Firefox/40.1" 
182.69.211.222 - - [07/Jul/2017:02:45:18 -0700] "GET / HTTP/1.1" 200 36476 "-" "Mozilla/5.0 (Windows NT 6.1; WOW64; rv:40.0) Gecko/20100101 Firefox/40.1" 
123.125.71.36 - - [07/Jul/2017:02:45:52 -0700] "GET /robots.txt HTTP/1.1" 200 297 "-" "Mozilla/5.0 (compatible; Baiduspider/2.0; +http://www.baidu.com/search/spider.html)" 
94.126.240.2 - - [07/Jul/2017:02:51:10 -0700] "GET / HTTP/1.1" 200 10794 "-" "Mozilla/5.0 (Windows NT 10.0; Win64; x64) AppleWebKit/537.36 (KHTML, like Gecko) Chrome/59.0.3071.115 Safari/537.36" 
94.126.240.2 - - [07/Jul/2017:02:51:11 -0700] "GET /twitter-icon.png HTTP/1.1" 200 27787 "http://www.secrepo.com/" "Mozilla/5.0 (Windows NT 10.0; Win64; x64) AppleWebKit/537.36 (KHTML, like Gecko) Chrome/59.0.3071.115 Safari/537.36" 
94.126.240.2 - - [07/Jul/2017:02:51:11 -0700] "GET /GitHub-Mark.png HTTP/1.1" 200 7428 "http://www.secrepo.com/" "Mozilla/5.0 (Windows NT 10.0; Win64; x64) AppleWebKit/537.36 (KHTML, like Gecko) Chrome/59.0.3071.115 Safari/537.36" 
94.126.240.2 - - [07/Jul/2017:02:51:12 -0700] "GET /bootstrap/img/favicon.ico HTTP/1.1" 200 589 "http://www.secrepo.com/" "Mozilla/5.0 (Windows NT 10.0; Win64; x64) AppleWebKit/537.36 (KHTML, like Gecko) Chrome/59.0.3071.115 Safari/537.36" 
216.244.66.227 - - [07/Jul/2017:02:52:59 -0700] "GET /self.logs/access.log.2015-04-19.gz HTTP/1.1" 200 4732 "-" "Mozilla/5.0 (compatible; DotBot/1.1; http://www.opensiteexplorer.org/dotbot, help@moz.com)" 
216.244.66.227 - - [07/Jul/2017:02:53:01 -0700] "GET /self.logs/access.log.2015-09-06.gz HTTP/1.1" 200 4759 "-" "Mozilla/5.0 (compatible; DotBot/1.1; http://www.opensiteexplorer.org/dotbot, help@moz.com)" 
216.244.66.227 - - [07/Jul/2017:02:53:02 -0700] "GET /self.logs/access.log.2016-06-17.gz HTTP/1.1" 200 12001 "-" "Mozilla/5.0 (compatible; DotBot/1.1; http://www.opensiteexplorer.org/dotbot, help@moz.com)" 
216.244.66.227 - - [07/Jul/2017:02:53:04 -0700] "GET /self.logs/error.log.2016-05-30.gz HTTP/1.1" 200 822 "-" "Mozilla/5.0 (compatible; DotBot/1.1; http://www.opensiteexplorer.org/dotbot, help@moz.com)" 
216.244.66.227 - - [07/Jul/2017:02:53:06 -0700] "GET /self.logs/error.log.2016-10-03.gz HTTP/1.1" 200 569 "-" "Mozilla/5.0 (compatible; DotBot/1.1; http://www.opensiteexplorer.org/dotbot, help@moz.com)" 
123.125.71.43 - - [07/Jul/2017:02:55:12 -0700] "GET /robots.txt HTTP/1.1" 200 297 "-" "Mozilla/5.0 (compatible; Baiduspider/2.0; +http://www.baidu.com/search/spider.html)" 
192.93.158.162 - - [07/Jul/2017:02:56:18 -0700] "GET /maccdc2012/dns.log.gz HTTP/1.1" 200 6629420 "http://www.secrepo.com/" "Mozilla/5.0 (X11; Ubuntu; Linux x86_64; rv:47.0) Gecko/20100101 Firefox/47.0" 
220.181.51.118 - - [07/Jul/2017:03:02:39 -0700] "GET /robots.txt HTTP/1.1" 200 297 "-" "Mozilla/5.0 (Windows NT 10.0; WOW64) AppleWebKit/537.36 (KHTML, like Gecko) Chrome/45.0.2454.93 Safari/537.36" 
220.181.51.92 - - [07/Jul/2017:03:02:40 -0700] "GET /robots.txt HTTP/1.1" 200 297 "-" "Mozilla/5.0 (Windows NT 10.0; WOW64) AppleWebKit/537.36 (KHTML, like Gecko) Chrome/45.0.2454.93 Safari/537.36" 
220.181.51.93 - - [07/Jul/2017:03:04:17 -0700] "GET /robots.txt HTTP/1.1" 200 297 "-" "Mozilla/5.0 (Windows NT 10.0; WOW64) AppleWebKit/537.36 (KHTML, like Gecko) Chrome/45.0.2454.93 Safari/537.36" 
118.185.21.90 - - [07/Jul/2017:03:08:04 -0700] "GET /honeypot/honeypot.json.zip HTTP/1.1" 200 941700 "-" "Mozilla/5.0 (Windows NT 6.2; Win64; x64) AppleWebKit/537.36 (KHTML, like Gecko) Chrome/59.0.3071.115 Safari/537.36" 
220.181.51.87 - - [07/Jul/2017:03:11:48 -0700] "GET /robots.txt HTTP/1.1" 200 297 "-" "Mozilla/5.0 (Windows NT 10.0; WOW64) AppleWebKit/537.36 (KHTML, like Gecko) Chrome/45.0.2454.93 Safari/537.36" 
220.181.51.122 - - [07/Jul/2017:03:13:12 -0700] "GET /robots.txt HTTP/1.1" 200 297 "-" "Mozilla/5.0 (Windows NT 10.0; WOW64) AppleWebKit/537.36 (KHTML, like Gecko) Chrome/45.0.2454.93 Safari/537.36" 
216.244.66.227 - - [07/Jul/2017:03:17:58 -0700] "GET /robots.txt HTTP/1.1" 200 233 "-" "Mozilla/5.0 (compatible; DotBot/1.1; http://www.opensiteexplorer.org/dotbot, help@moz.com)" 
164.132.161.53 - - [07/Jul/2017:03:22:02 -0700] "GET /maccdc2012/notice.log.gz HTTP/1.1" 200 20723 "-" "Mozilla/5.0 (compatible; AhrefsBot/5.2; +http://ahrefs.com/robot/)" 
87.161.168.137 - - [07/Jul/2017:03:24:54 -0700] "GET / HTTP/1.1" 200 10794 "-" "Mozilla/5.0 (Windows NT 6.3; Win64; x64; rv:46.0) Gecko/20100101 Firefox/46.0" 
87.161.168.137 - - [07/Jul/2017:03:24:57 -0700] "GET /GitHub-Mark.png HTTP/1.1" 200 7428 "http://www.secrepo.com/" "Mozilla/5.0 (Windows NT 6.3; Win64; x64; rv:46.0) Gecko/20100101 Firefox/46.0" 
87.161.168.137 - - [07/Jul/2017:03:24:57 -0700] "GET /twitter-icon.png HTTP/1.1" 200 27788 "http://www.secrepo.com/" "Mozilla/5.0 (Windows NT 6.3; Win64; x64; rv:46.0) Gecko/20100101 Firefox/46.0" 
87.161.168.137 - - [07/Jul/2017:03:25:13 -0700] "GET /bootstrap/img/favicon.ico HTTP/1.1" 200 590 "-" "Mozilla/5.0 (Windows NT 6.3; Win64; x64; rv:46.0) Gecko/20100101 Firefox/46.0" 
101.254.182.6 - - [07/Jul/2017:03:25:34 -0700] "GET / HTTP/1.1" 200 10794 "-" "Mozilla/5.0 (Macintosh; Intel Mac OS X 10_12_5) AppleWebKit/603.2.4 (KHTML, like Gecko) Version/10.1.1 Safari/603.2.4" 
101.254.182.6 - - [07/Jul/2017:03:25:35 -0700] "GET /twitter-icon.png HTTP/1.1" 200 27787 "http://www.secrepo.com/" "Mozilla/5.0 (Macintosh; Intel Mac OS X 10_12_5) AppleWebKit/603.2.4 (KHTML, like Gecko) Version/10.1.1 Safari/603.2.4" 
101.254.182.6 - - [07/Jul/2017:03:25:35 -0700] "GET /GitHub-Mark.png HTTP/1.1" 200 7428 "http://www.secrepo.com/" "Mozilla/5.0 (Macintosh; Intel Mac OS X 10_12_5) AppleWebKit/603.2.4 (KHTML, like Gecko) Version/10.1.1 Safari/603.2.4" 
149.6.150.10 - - [07/Jul/2017:03:27:29 -0700] "GET / HTTP/1.1" 200 10794 "-" "Mozilla/5.0 (X11; Linux x86_64) AppleWebKit/537.36 (KHTML, like Gecko) Ubuntu Chromium/59.0.3071.109 Chrome/59.0.3071.109 Safari/537.36" 
149.6.150.10 - - [07/Jul/2017:03:27:29 -0700] "GET /GitHub-Mark.png HTTP/1.1" 200 7427 "http://www.secrepo.com/" "Mozilla/5.0 (X11; Linux x86_64) AppleWebKit/537.36 (KHTML, like Gecko) Ubuntu Chromium/59.0.3071.109 Chrome/59.0.3071.109 Safari/537.36" 
149.6.150.10 - - [07/Jul/2017:03:27:29 -0700] "GET /bootstrap/img/favicon.ico HTTP/1.1" 200 589 "http://www.secrepo.com/" "Mozilla/5.0 (X11; Linux x86_64) AppleWebKit/537.36 (KHTML, like Gecko) Ubuntu Chromium/59.0.3071.109 Chrome/59.0.3071.109 Safari/537.36" 
109.121.2.154 - - [07/Jul/2017:03:27:54 -0700] "GET /wp-login.php HTTP/1.1" 404 295 "-" "Mozilla/5.0 (Windows NT 6.1; WOW64; rv:40.0) Gecko/20100101 Firefox/40.1" 
109.121.2.154 - - [07/Jul/2017:03:27:59 -0700] "GET /wp-login.php HTTP/1.1" 404 295 "-" "Mozilla/5.0 (Windows NT 6.1; WOW64; rv:40.0) Gecko/20100101 Firefox/40.1" 
109.121.2.154 - - [07/Jul/2017:03:28:05 -0700] "GET / HTTP/1.1" 200 36476 "-" "Mozilla/5.0 (Windows NT 6.1; WOW64; rv:40.0) Gecko/20100101 Firefox/40.1" 
109.121.2.154 - - [07/Jul/2017:03:28:07 -0700] "GET /wp-login.php HTTP/1.1" 301 522 "-" "Mozilla/5.0 (Windows NT 6.1; WOW64; rv:40.0) Gecko/20100101 Firefox/40.1" 
109.121.2.154 - - [07/Jul/2017:03:28:12 -0700] "GET /wp-login.php HTTP/1.1" 301 522 "-" "Mozilla/5.0 (Windows NT 6.1; WOW64; rv:40.0) Gecko/20100101 Firefox/40.1" 
109.121.2.154 - - [07/Jul/2017:03:28:12 -0700] "GET /wp-login.php HTTP/1.1" 404 295 "-" "Mozilla/5.0 (Windows NT 6.1; WOW64; rv:40.0) Gecko/20100101 Firefox/40.1" 
109.121.2.154 - - [07/Jul/2017:03:28:18 -0700] "GET / HTTP/1.1" 301 498 "-" "Mozilla/5.0 (Windows NT 6.1; WOW64; rv:40.0) Gecko/20100101 Firefox/40.1" 
109.121.2.154 - - [07/Jul/2017:03:28:18 -0700] "GET / HTTP/1.1" 200 36476 "-" "Mozilla/5.0 (Windows NT 6.1; WOW64; rv:40.0) Gecko/20100101 Firefox/40.1" 
220.181.51.93 - - [07/Jul/2017:03:29:15 -0700] "GET /robots.txt HTTP/1.1" 200 297 "-" "Mozilla/5.0 (Windows NT 10.0; WOW64) AppleWebKit/537.36 (KHTML, like Gecko) Chrome/45.0.2454.93 Safari/537.36" 
123.125.71.32 - - [07/Jul/2017:03:29:44 -0700] "GET /robots.txt HTTP/1.1" 200 297 "-" "Mozilla/5.0 (compatible; Baiduspider/2.0; +http://www.baidu.com/search/spider.html)" 
120.221.1.28 - - [07/Jul/2017:03:32:18 -0700] "GET /maccdc2012/files.log.gz HTTP/1.1" 304 155 "-" "Mozilla/5.0 Gecko/20100115 Firefox/3.6" 
216.244.66.250 - - [07/Jul/2017:03:36:58 -0700] "GET /self.logs/?C=M;O=A HTTP/1.1" 200 172611 "-" "Mozilla/5.0 (compatible; DotBot/1.1; http://www.opensiteexplorer.org/dotbot, help@moz.com)" 
216.244.66.227 - - [07/Jul/2017:03:38:56 -0700] "GET /self.logs/access.log.2015-03-02.gz HTTP/1.1" 200 3256 "-" "Mozilla/5.0 (compatible; DotBot/1.1; http://www.opensiteexplorer.org/dotbot, help@moz.com)" 
216.244.66.227 - - [07/Jul/2017:03:38:58 -0700] "GET /self.logs/access.log.2017-02-14.gz HTTP/1.1" 200 53576 "-" "Mozilla/5.0 (compatible; DotBot/1.1; http://www.opensiteexplorer.org/dotbot, help@moz.com)" 
216.244.66.227 - - [07/Jul/2017:03:39:00 -0700] "GET /self.logs/error.log.2015-11-30.gz HTTP/1.1" 200 787 "-" "Mozilla/5.0 (compatible; DotBot/1.1; http://www.opensiteexplorer.org/dotbot, help@moz.com)" 
216.244.66.227 - - [07/Jul/2017:03:39:01 -0700] "GET /self.logs/error.log.2016-01-03.gz HTTP/1.1" 200 601 "-" "Mozilla/5.0 (compatible; DotBot/1.1; http://www.opensiteexplorer.org/dotbot, help@moz.com)" 
216.244.66.227 - - [07/Jul/2017:03:39:03 -0700] "GET /self.logs/error.log.2016-07-23.gz HTTP/1.1" 200 1259 "-" "Mozilla/5.0 (compatible; DotBot/1.1; http://www.opensiteexplorer.org/dotbot, help@moz.com)" 
216.244.66.227 - - [07/Jul/2017:03:39:05 -0700] "GET /self.logs/error.log.2016-12-08.gz HTTP/1.1" 200 907 "-" "Mozilla/5.0 (compatible; DotBot/1.1; http://www.opensiteexplorer.org/dotbot, help@moz.com)" 
220.181.108.116 - - [07/Jul/2017:03:46:19 -0700] "GET /robots.txt HTTP/1.1" 200 297 "-" "Mozilla/5.0 (compatible; Baiduspider/2.0; +http://www.baidu.com/search/spider.html)" 
220.181.51.93 - - [07/Jul/2017:03:55:27 -0700] "GET /robots.txt HTTP/1.1" 200 297 "-" "Mozilla/5.0 (Windows NT 10.0; WOW64) AppleWebKit/537.36 (KHTML, like Gecko) Chrome/45.0.2454.93 Safari/537.36" 
54.91.253.125 - - [07/Jul/2017:03:55:48 -0700] "GET / HTTP/1.1" 200 10794 "-" "Mozilla/5.0 (Windows NT 6.3; Win64; x64) AppleWebKit/537.36 (KHTML, like Gecko) Chrome/56.0.2924.87 Safari/537.36" 
216.244.66.227 - - [07/Jul/2017:04:04:11 -0700] "GET /robots.txt HTTP/1.1" 200 233 "-" "Mozilla/5.0 (compatible; DotBot/1.1; http://www.opensiteexplorer.org/dotbot, help@moz.com)" 
220.181.51.116 - - [07/Jul/2017:04:05:16 -0700] "GET /robots.txt HTTP/1.1" 200 297 "-" "Mozilla/5.0 (Windows NT 10.0; WOW64) AppleWebKit/537.36 (KHTML, like Gecko) Chrome/45.0.2454.93 Safari/537.36" 
123.125.71.39 - - [07/Jul/2017:04:05:16 -0700] "GET /robots.txt HTTP/1.1" 200 297 "-" "Mozilla/5.0 (compatible; Baiduspider/2.0; +http://www.baidu.com/search/spider.html)" 
123.125.71.57 - - [07/Jul/2017:04:13:29 -0700] "GET /robots.txt HTTP/1.1" 200 297 "-" "Mozilla/5.0 (compatible; Baiduspider/2.0; +http://www.baidu.com/search/spider.html)" 
123.125.71.69 - - [07/Jul/2017:04:14:11 -0700] "GET /robots.txt HTTP/1.1" 200 297 "-" "Mozilla/5.0 (compatible; Baiduspider/2.0; +http://www.baidu.com/search/spider.html)" 
137.74.201.108 - - [07/Jul/2017:04:15:33 -0700] "GET /self.logs/error.log.2015-09-02.gz HTTP/1.1" 200 508 "-" "Mozilla/5.0 (compatible; AhrefsBot/5.2; +http://ahrefs.com/robot/)" 
52.168.161.70 - - [07/Jul/2017:04:18:14 -0700] "HEAD / HTTP/1.1" 301 253 "https://www.google.com/" "Mozilla/5.0 (compatible; epicbot; +http://www.epictions.com/epicbot)" 
52.168.161.70 - - [07/Jul/2017:04:18:17 -0700] "HEAD / HTTP/1.1" 301 253 "https://www.google.com/" "Mozilla/5.0 (compatible; epicbot; +http://www.epictions.com/epicbot)" 
52.168.161.70 - - [07/Jul/2017:04:18:17 -0700] "HEAD / HTTP/1.1" 301 253 "https://www.google.com/" "Mozilla/5.0 (compatible; epicbot; +http://www.epictions.com/epicbot)" 
109.230.218.3 - - [07/Jul/2017:04:20:51 -0700] "GET /honeypot/Honeypot%20-%20Howto%20-%20BSides%20Austin.pdf HTTP/1.0" 200 1960780 "http://www.secrepo.com/" "Mozilla/5.0 (Windows NT 6.3) AppleWebKit/537.36 (KHTML, like Gecko) Chrome/39.0.2171.95 Safari/537.36" 
220.181.51.92 - - [07/Jul/2017:04:22:02 -0700] "GET /robots.txt HTTP/1.1" 200 297 "-" "Mozilla/5.0 (Windows NT 10.0; WOW64) AppleWebKit/537.36 (KHTML, like Gecko) Chrome/45.0.2454.93 Safari/537.36" 
216.244.66.227 - - [07/Jul/2017:04:28:07 -0700] "GET /self.logs/access.log.2015-08-21.gz HTTP/1.1" 200 4232 "-" "Mozilla/5.0 (compatible; DotBot/1.1; http://www.opensiteexplorer.org/dotbot, help@moz.com)" 
216.244.66.227 - - [07/Jul/2017:04:28:09 -0700] "GET /self.logs/access.log.2015-08-24.gz HTTP/1.1" 200 22670 "-" "Mozilla/5.0 (compatible; DotBot/1.1; http://www.opensiteexplorer.org/dotbot, help@moz.com)" 
216.244.66.227 - - [07/Jul/2017:04:28:10 -0700] "GET /self.logs/access.log.2016-08-10.gz HTTP/1.1" 200 5869 "-" "Mozilla/5.0 (compatible; DotBot/1.1; http://www.opensiteexplorer.org/dotbot, help@moz.com)" 
216.244.66.227 - - [07/Jul/2017:04:28:12 -0700] "GET /self.logs/error.log.2015-01-17.gz HTTP/1.1" 200 1102 "-" "Mozilla/5.0 (compatible; DotBot/1.1; http://www.opensiteexplorer.org/dotbot, help@moz.com)" 
216.244.66.227 - - [07/Jul/2017:04:28:14 -0700] "GET /self.logs/error.log.2016-07-24.gz HTTP/1.1" 200 717 "-" "Mozilla/5.0 (compatible; DotBot/1.1; http://www.opensiteexplorer.org/dotbot, help@moz.com)" 
216.244.66.227 - - [07/Jul/2017:04:28:16 -0700] "GET /self.logs/error.log.2016-11-10.gz HTTP/1.1" 200 554 "-" "Mozilla/5.0 (compatible; DotBot/1.1; http://www.opensiteexplorer.org/dotbot, help@moz.com)" 
103.5.6.243 - - [07/Jul/2017:04:29:02 -0700] "GET / HTTP/1.1" 200 10794 "-" "Mozilla/5.0 (Windows NT 6.1; Win64; x64) AppleWebKit/537.36 (KHTML, like Gecko) Chrome/59.0.3071.115 Safari/537.36" 
103.5.6.243 - - [07/Jul/2017:04:29:03 -0700] "GET /twitter-icon.png HTTP/1.1" 200 27787 "http://www.secrepo.com/" "Mozilla/5.0 (Windows NT 6.1; Win64; x64) AppleWebKit/537.36 (KHTML, like Gecko) Chrome/59.0.3071.115 Safari/537.36" 
103.5.6.243 - - [07/Jul/2017:04:29:03 -0700] "GET /GitHub-Mark.png HTTP/1.1" 200 7428 "http://www.secrepo.com/" "Mozilla/5.0 (Windows NT 6.1; Win64; x64) AppleWebKit/537.36 (KHTML, like Gecko) Chrome/59.0.3071.115 Safari/537.36" 
103.5.6.243 - - [07/Jul/2017:04:29:04 -0700] "GET /bootstrap/img/favicon.ico HTTP/1.1" 200 589 "http://www.secrepo.com/" "Mozilla/5.0 (Windows NT 6.1; Win64; x64) AppleWebKit/537.36 (KHTML, like Gecko) Chrome/59.0.3071.115 Safari/537.36" 
124.43.100.70 - - [07/Jul/2017:04:29:28 -0700] "GET /wp-login.php HTTP/1.1" 404 295 "-" "Mozilla/5.0 (Windows NT 6.1; WOW64; rv:40.0) Gecko/20100101 Firefox/40.1" 
52.168.161.70 - - [07/Jul/2017:04:29:30 -0700] "HEAD / HTTP/1.1" 301 253 "https://www.google.com/" "Mozilla/5.0 (compatible; epicbot; +http://www.epictions.com/epicbot)" 
52.168.161.70 - - [07/Jul/2017:04:29:30 -0700] "HEAD / HTTP/1.1" 301 253 "https://www.google.com/" "Mozilla/5.0 (compatible; epicbot; +http://www.epictions.com/epicbot)" 
52.168.161.70 - - [07/Jul/2017:04:29:30 -0700] "HEAD / HTTP/1.1" 301 253 "https://www.google.com/" "Mozilla/5.0 (compatible; epicbot; +http://www.epictions.com/epicbot)" 
52.168.161.70 - - [07/Jul/2017:04:29:30 -0700] "HEAD / HTTP/1.1" 301 253 "https://www.google.com/" "Mozilla/5.0 (compatible; epicbot; +http://www.epictions.com/epicbot)" 
52.168.161.70 - - [07/Jul/2017:04:29:32 -0700] "HEAD / HTTP/1.1" 301 253 "https://www.google.com/" "Mozilla/5.0 (compatible; epicbot; +http://www.epictions.com/epicbot)" 
52.168.161.70 - - [07/Jul/2017:04:29:32 -0700] "HEAD / HTTP/1.1" 301 253 "https://www.google.com/" "Mozilla/5.0 (compatible; epicbot; +http://www.epictions.com/epicbot)" 
52.168.161.70 - - [07/Jul/2017:04:29:32 -0700] "HEAD / HTTP/1.1" 301 253 "https://www.google.com/" "Mozilla/5.0 (compatible; epicbot; +http://www.epictions.com/epicbot)" 
52.168.161.70 - - [07/Jul/2017:04:29:32 -0700] "HEAD / HTTP/1.1" 301 253 "https://www.google.com/" "Mozilla/5.0 (compatible; epicbot; +http://www.epictions.com/epicbot)" 
52.168.161.70 - - [07/Jul/2017:04:29:32 -0700] "HEAD / HTTP/1.1" 301 253 "https://www.google.com/" "Mozilla/5.0 (compatible; epicbot; +http://www.epictions.com/epicbot)" 
52.168.161.70 - - [07/Jul/2017:04:29:32 -0700] "HEAD / HTTP/1.1" 301 253 "https://www.google.com/" "Mozilla/5.0 (compatible; epicbot; +http://www.epictions.com/epicbot)" 
52.168.161.70 - - [07/Jul/2017:04:29:33 -0700] "HEAD / HTTP/1.1" 301 253 "https://www.google.com/" "Mozilla/5.0 (compatible; epicbot; +http://www.epictions.com/epicbot)" 
52.168.161.70 - - [07/Jul/2017:04:29:33 -0700] "HEAD / HTTP/1.1" 301 253 "https://www.google.com/" "Mozilla/5.0 (compatible; epicbot; +http://www.epictions.com/epicbot)" 
124.43.100.70 - - [07/Jul/2017:04:29:33 -0700] "GET /wp-login.php HTTP/1.1" 404 295 "-" "Mozilla/5.0 (Windows NT 6.1; WOW64; rv:40.0) Gecko/20100101 Firefox/40.1" 
124.43.100.70 - - [07/Jul/2017:04:29:39 -0700] "GET / HTTP/1.1" 200 36476 "-" "Mozilla/5.0 (Windows NT 6.1; WOW64; rv:40.0) Gecko/20100101 Firefox/40.1" 
123.125.71.33 - - [07/Jul/2017:04:30:58 -0700] "GET /robots.txt HTTP/1.1" 200 297 "-" "Mozilla/5.0 (compatible; Baiduspider/2.0; +http://www.baidu.com/search/spider.html)" 
52.168.161.70 - - [07/Jul/2017:04:31:56 -0700] "HEAD / HTTP/1.1" 200 282 "https://www.google.com/" "Mozilla/5.0 (compatible; epicbot; +http://www.epictions.com/epicbot)" 
52.168.161.70 - - [07/Jul/2017:04:32:05 -0700] "HEAD / HTTP/1.1" 200 282 "https://www.google.com/" "Mozilla/5.0 (compatible; epicbot; +http://www.epictions.com/epicbot)" 
52.168.161.70 - - [07/Jul/2017:04:32:05 -0700] "HEAD / HTTP/1.1" 200 282 "https://www.google.com/" "Mozilla/5.0 (compatible; epicbot; +http://www.epictions.com/epicbot)" 
217.182.132.187 - - [07/Jul/2017:04:34:46 -0700] "GET /self.logs/error.log.2016-12-15.gz HTTP/1.1" 200 673 "-" "Mozilla/5.0 (compatible; AhrefsBot/5.2; +http://ahrefs.com/robot/)" 
220.181.51.114 - - [07/Jul/2017:04:39:42 -0700] "GET /robots.txt HTTP/1.1" 200 297 "-" "Mozilla/5.0 (Windows NT 10.0; WOW64) AppleWebKit/537.36 (KHTML, like Gecko) Chrome/45.0.2454.93 Safari/537.36" 
123.125.67.227 - - [07/Jul/2017:04:40:30 -0700] "GET /robots.txt HTTP/1.1" 200 297 "-" "Mozilla/5.0 (Windows NT 10.0; WOW64) AppleWebKit/537.36 (KHTML, like Gecko) Chrome/45.0.2454.93 Safari/537.36" 
87.16.115.230 - - [07/Jul/2017:04:41:56 -0700] "GET /wp-login.php HTTP/1.1" 404 295 "-" "Mozilla/5.0 (Windows NT 6.1; WOW64; rv:40.0) Gecko/20100101 Firefox/40.1" 
87.16.115.230 - - [07/Jul/2017:04:42:02 -0700] "GET /wp-login.php HTTP/1.1" 404 295 "-" "Mozilla/5.0 (Windows NT 6.1; WOW64; rv:40.0) Gecko/20100101 Firefox/40.1" 
87.16.115.230 - - [07/Jul/2017:04:42:07 -0700] "GET / HTTP/1.1" 200 36476 "-" "Mozilla/5.0 (Windows NT 6.1; WOW64; rv:40.0) Gecko/20100101 Firefox/40.1" 
66.249.93.93 - - [07/Jul/2017:04:46:18 -0700] "GET / HTTP/1.1" 200 10794 "-" "Mozilla/5.0 (X11; Linux x86_64) AppleWebKit/537.36 (KHTML, like Gecko) Chrome/49.0.2623.75 Safari/537.36 Google Favicon" 
66.249.93.64 - - [07/Jul/2017:04:46:18 -0700] "GET /bootstrap/img/favicon.ico HTTP/1.1" 200 590 "-" "Mozilla/5.0 (X11; Linux x86_64) AppleWebKit/537.36 (KHTML, like Gecko) Chrome/49.0.2623.75 Safari/537.36 Google Favicon" 
90.214.101.183 - - [07/Jul/2017:04:47:06 -0700] "GET /wp-login.php HTTP/1.1" 404 295 "-" "Mozilla/5.0 (Windows NT 6.1; WOW64; rv:40.0) Gecko/20100101 Firefox/40.1" 
90.214.101.183 - - [07/Jul/2017:04:47:12 -0700] "GET /wp-login.php HTTP/1.1" 404 295 "-" "Mozilla/5.0 (Windows NT 6.1; WOW64; rv:40.0) Gecko/20100101 Firefox/40.1" 
90.214.101.183 - - [07/Jul/2017:04:47:17 -0700] "GET / HTTP/1.1" 200 36476 "-" "Mozilla/5.0 (Windows NT 6.1; WOW64; rv:40.0) Gecko/20100101 Firefox/40.1" 
123.125.71.115 - - [07/Jul/2017:04:48:14 -0700] "GET /robots.txt HTTP/1.1" 200 297 "-" "Mozilla/5.0 (compatible; Baiduspider/2.0; +http://www.baidu.com/search/spider.html)" 
216.244.66.227 - - [07/Jul/2017:04:50:33 -0700] "GET /robots.txt HTTP/1.1" 200 233 "-" "Mozilla/5.0 (compatible; DotBot/1.1; http://www.opensiteexplorer.org/dotbot, help@moz.com)" 
157.55.39.120 - - [07/Jul/2017:04:51:51 -0700] "GET /self.logs/error.log.2017-05-15.gz HTTP/1.1" 200 1511 "-" "Mozilla/5.0 (compatible; bingbot/2.0; +http://www.bing.com/bingbot.htm)" 
51.255.65.54 - - [07/Jul/2017:04:51:55 -0700] "GET /self.logs/error.log.2016-12-17.gz HTTP/1.1" 200 736 "-" "Mozilla/5.0 (compatible; AhrefsBot/5.2; +http://ahrefs.com/robot/)" 
87.16.115.230 - - [07/Jul/2017:04:52:31 -0700] "GET /wp-login.php HTTP/1.1" 301 522 "-" "Mozilla/5.0 (Windows NT 6.1; WOW64; rv:40.0) Gecko/20100101 Firefox/40.1" 
87.16.115.230 - - [07/Jul/2017:04:52:31 -0700] "GET /wp-login.php HTTP/1.1" 404 295 "-" "Mozilla/5.0 (Windows NT 6.1; WOW64; rv:40.0) Gecko/20100101 Firefox/40.1" 
87.16.115.230 - - [07/Jul/2017:04:52:37 -0700] "GET /wp-login.php HTTP/1.1" 301 522 "-" "Mozilla/5.0 (Windows NT 6.1; WOW64; rv:40.0) Gecko/20100101 Firefox/40.1" 
87.16.115.230 - - [07/Jul/2017:04:52:37 -0700] "GET /wp-login.php HTTP/1.1" 404 295 "-" "Mozilla/5.0 (Windows NT 6.1; WOW64; rv:40.0) Gecko/20100101 Firefox/40.1" 
87.16.115.230 - - [07/Jul/2017:04:52:42 -0700] "GET / HTTP/1.1" 301 498 "-" "Mozilla/5.0 (Windows NT 6.1; WOW64; rv:40.0) Gecko/20100101 Firefox/40.1" 
87.16.115.230 - - [07/Jul/2017:04:52:43 -0700] "GET / HTTP/1.1" 200 36476 "-" "Mozilla/5.0 (Windows NT 6.1; WOW64; rv:40.0) Gecko/20100101 Firefox/40.1" 
123.125.71.109 - - [07/Jul/2017:04:57:03 -0700] "GET /robots.txt HTTP/1.1" 200 297 "-" "Mozilla/5.0 (compatible; Baiduspider/2.0; +http://www.baidu.com/search/spider.html)" 
217.132.13.93 - - [07/Jul/2017:04:58:05 -0700] "GET /favicon.ico HTTP/1.1" 200 268 "http://www.secrepo.com/honeypot/Honeypot%20-%20Howto.pdf" "Mozilla/5.0 (Macintosh; Intel Mac OS X 10_12_0) AppleWebKit/537.36 (KHTML, like Gecko) Chrome/59.0.3071.115 Safari/537.36" 
217.132.13.93 - - [07/Jul/2017:04:58:05 -0700] "GET /honeypot/Honeypot%20-%20Howto.pdf HTTP/1.1" 200 675180 "https://www.google.co.il/" "Mozilla/5.0 (Macintosh; Intel Mac OS X 10_12_0) AppleWebKit/537.36 (KHTML, like Gecko) Chrome/59.0.3071.115 Safari/537.36" 
217.132.13.93 - - [07/Jul/2017:04:58:06 -0700] "GET /honeypot/Honeypot%20-%20Howto.pdf HTTP/1.1" 206 1027109 "http://www.secrepo.com/honeypot/Honeypot%20-%20Howto.pdf" "Mozilla/5.0 (Macintosh; Intel Mac OS X 10_12_0) AppleWebKit/537.36 (KHTML, like Gecko) Chrome/59.0.3071.115 Safari/537.36" 
103.78.164.146 - - [07/Jul/2017:04:59:57 -0700] "GET / HTTP/1.1" 304 189 "https://www.google.co.in/" "Mozilla/5.0 (X11; Ubuntu; Linux x86_64; rv:52.0) Gecko/20100101 Firefox/52.0" 
103.78.164.146 - - [07/Jul/2017:04:59:57 -0700] "GET /twitter-icon.png HTTP/1.1" 304 165 "http://www.secrepo.com/" "Mozilla/5.0 (X11; Ubuntu; Linux x86_64; rv:52.0) Gecko/20100101 Firefox/52.0" 
103.78.164.146 - - [07/Jul/2017:04:59:58 -0700] "GET /GitHub-Mark.png HTTP/1.1" 304 166 "http://www.secrepo.com/" "Mozilla/5.0 (X11; Ubuntu; Linux x86_64; rv:52.0) Gecko/20100101 Firefox/52.0" 
103.78.164.146 - - [07/Jul/2017:04:59:58 -0700] "GET /bootstrap/img/favicon.ico HTTP/1.1" 304 165 "-" "Mozilla/5.0 (X11; Ubuntu; Linux x86_64; rv:52.0) Gecko/20100101 Firefox/52.0" 
90.214.101.183 - - [07/Jul/2017:05:02:46 -0700] "GET /wp-login.php HTTP/1.1" 301 522 "-" "Mozilla/5.0 (Windows NT 6.1; WOW64; rv:40.0) Gecko/20100101 Firefox/40.1" 
90.214.101.183 - - [07/Jul/2017:05:02:46 -0700] "GET /wp-login.php HTTP/1.1" 404 295 "-" "Mozilla/5.0 (Windows NT 6.1; WOW64; rv:40.0) Gecko/20100101 Firefox/40.1" 
90.214.101.183 - - [07/Jul/2017:05:02:51 -0700] "GET /wp-login.php HTTP/1.1" 301 522 "-" "Mozilla/5.0 (Windows NT 6.1; WOW64; rv:40.0) Gecko/20100101 Firefox/40.1" 
90.214.101.183 - - [07/Jul/2017:05:02:51 -0700] "GET /wp-login.php HTTP/1.1" 404 295 "-" "Mozilla/5.0 (Windows NT 6.1; WOW64; rv:40.0) Gecko/20100101 Firefox/40.1" 
90.214.101.183 - - [07/Jul/2017:05:02:57 -0700] "GET / HTTP/1.1" 301 498 "-" "Mozilla/5.0 (Windows NT 6.1; WOW64; rv:40.0) Gecko/20100101 Firefox/40.1" 
90.214.101.183 - - [07/Jul/2017:05:02:57 -0700] "GET / HTTP/1.1" 200 36476 "-" "Mozilla/5.0 (Windows NT 6.1; WOW64; rv:40.0) Gecko/20100101 Firefox/40.1" 
123.125.71.30 - - [07/Jul/2017:05:05:40 -0700] "GET /robots.txt HTTP/1.1" 200 297 "-" "Mozilla/5.0 (compatible; Baiduspider/2.0; +http://www.baidu.com/search/spider.html)" 
220.181.51.94 - - [07/Jul/2017:05:05:43 -0700] "GET /robots.txt HTTP/1.1" 200 297 "-" "Mozilla/5.0 (Windows NT 10.0; WOW64) AppleWebKit/537.36 (KHTML, like Gecko) Chrome/45.0.2454.93 Safari/537.36" 
220.181.108.113 - - [07/Jul/2017:05:06:21 -0700] "GET /robots.txt HTTP/1.1" 200 297 "-" "Mozilla/5.0 (compatible; Baiduspider/2.0; +http://www.baidu.com/search/spider.html)" 
147.102.239.146 - - [07/Jul/2017:05:06:37 -0700] "GET / HTTP/1.1" 200 10794 "-" "Mozilla/5.0 (X11; Ubuntu; Linux x86_64; rv:54.0) Gecko/20100101 Firefox/54.0" 
147.102.239.146 - - [07/Jul/2017:05:06:38 -0700] "GET /bootstrap/img/favicon.ico HTTP/1.1" 200 589 "-" "Mozilla/5.0 (X11; Ubuntu; Linux x86_64; rv:54.0) Gecko/20100101 Firefox/54.0" 
147.102.239.146 - - [07/Jul/2017:05:06:38 -0700] "GET /twitter-icon.png HTTP/1.1" 200 27787 "http://www.secrepo.com/" "Mozilla/5.0 (X11; Ubuntu; Linux x86_64; rv:54.0) Gecko/20100101 Firefox/54.0" 
147.102.239.146 - - [07/Jul/2017:05:06:38 -0700] "GET /GitHub-Mark.png HTTP/1.1" 200 7428 "http://www.secrepo.com/" "Mozilla/5.0 (X11; Ubuntu; Linux x86_64; rv:54.0) Gecko/20100101 Firefox/54.0" 
147.102.239.146 - - [07/Jul/2017:05:06:55 -0700] "GET /maccdc2012/dns.log.gz HTTP/1.1" 200 6629420 "http://www.secrepo.com/" "Mozilla/5.0 (X11; Ubuntu; Linux x86_64; rv:54.0) Gecko/20100101 Firefox/54.0" 
147.251.13.34 - - [07/Jul/2017:05:08:56 -0700] "GET / HTTP/1.1" 200 10794 "-" "Mozilla/5.0 (X11; Ubuntu; Linux x86_64; rv:54.0) Gecko/20100101 Firefox/54.0" 
147.251.13.34 - - [07/Jul/2017:05:08:57 -0700] "GET /twitter-icon.png HTTP/1.1" 200 27787 "http://www.secrepo.com/" "Mozilla/5.0 (X11; Ubuntu; Linux x86_64; rv:54.0) Gecko/20100101 Firefox/54.0" 
147.251.13.34 - - [07/Jul/2017:05:08:57 -0700] "GET /GitHub-Mark.png HTTP/1.1" 200 7428 "http://www.secrepo.com/" "Mozilla/5.0 (X11; Ubuntu; Linux x86_64; rv:54.0) Gecko/20100101 Firefox/54.0" 
147.251.13.34 - - [07/Jul/2017:05:08:57 -0700] "GET /bootstrap/img/favicon.ico HTTP/1.1" 200 590 "-" "Mozilla/5.0 (X11; Ubuntu; Linux x86_64; rv:54.0) Gecko/20100101 Firefox/54.0" 
217.182.132.73 - - [07/Jul/2017:05:12:56 -0700] "GET /self.logs/error.log.2015-06-09.gz HTTP/1.1" 200 743 "-" "Mozilla/5.0 (compatible; AhrefsBot/5.2; +http://ahrefs.com/robot/)" 
103.220.21.210 - - [07/Jul/2017:05:13:46 -0700] "GET /wp-login.php HTTP/1.1" 301 522 "-" "Mozilla/5.0 (Windows NT 6.1; WOW64; rv:40.0) Gecko/20100101 Firefox/40.1" 
103.220.21.210 - - [07/Jul/2017:05:13:47 -0700] "GET /wp-login.php HTTP/1.1" 404 295 "-" "Mozilla/5.0 (Windows NT 6.1; WOW64; rv:40.0) Gecko/20100101 Firefox/40.1" 
103.220.21.210 - - [07/Jul/2017:05:13:52 -0700] "GET /wp-login.php HTTP/1.1" 301 522 "-" "Mozilla/5.0 (Windows NT 6.1; WOW64; rv:40.0) Gecko/20100101 Firefox/40.1" 
103.220.21.210 - - [07/Jul/2017:05:13:53 -0700] "GET /wp-login.php HTTP/1.1" 404 295 "-" "Mozilla/5.0 (Windows NT 6.1; WOW64; rv:40.0) Gecko/20100101 Firefox/40.1" 
103.220.21.210 - - [07/Jul/2017:05:13:58 -0700] "GET / HTTP/1.1" 301 498 "-" "Mozilla/5.0 (Windows NT 6.1; WOW64; rv:40.0) Gecko/20100101 Firefox/40.1" 
103.220.21.210 - - [07/Jul/2017:05:13:59 -0700] "GET / HTTP/1.1" 200 36476 "-" "Mozilla/5.0 (Windows NT 6.1; WOW64; rv:40.0) Gecko/20100101 Firefox/40.1" 
220.181.51.87 - - [07/Jul/2017:05:14:33 -0700] "GET /robots.txt HTTP/1.1" 200 297 "-" "Mozilla/5.0 (Windows NT 10.0; WOW64) AppleWebKit/537.36 (KHTML, like Gecko) Chrome/45.0.2454.93 Safari/537.36" 
220.181.108.121 - - [07/Jul/2017:05:15:13 -0700] "GET /robots.txt HTTP/1.1" 200 297 "-" "Mozilla/5.0 (compatible; Baiduspider/2.0; +http://www.baidu.com/search/spider.html)" 
216.244.66.227 - - [07/Jul/2017:05:15:57 -0700] "GET /self.logs/access.log.2015-03-01.gz HTTP/1.1" 200 2330 "-" "Mozilla/5.0 (compatible; DotBot/1.1; http://www.opensiteexplorer.org/dotbot, help@moz.com)" 
216.244.66.227 - - [07/Jul/2017:05:15:58 -0700] "GET /self.logs/access.log.2015-11-12.gz HTTP/1.1" 200 5998 "-" "Mozilla/5.0 (compatible; DotBot/1.1; http://www.opensiteexplorer.org/dotbot, help@moz.com)" 
216.244.66.227 - - [07/Jul/2017:05:16:00 -0700] "GET /self.logs/access.log.2016-07-27.gz HTTP/1.1" 200 15147 "-" "Mozilla/5.0 (compatible; DotBot/1.1; http://www.opensiteexplorer.org/dotbot, help@moz.com)" 
216.244.66.227 - - [07/Jul/2017:05:16:01 -0700] "GET /self.logs/access.log.2016-08-02.gz HTTP/1.1" 200 9832 "-" "Mozilla/5.0 (compatible; DotBot/1.1; http://www.opensiteexplorer.org/dotbot, help@moz.com)" 
216.244.66.227 - - [07/Jul/2017:05:16:02 -0700] "GET /self.logs/access.log.2017-01-12.gz HTTP/1.1" 200 86408 "-" "Mozilla/5.0 (compatible; DotBot/1.1; http://www.opensiteexplorer.org/dotbot, help@moz.com)" 
216.244.66.227 - - [07/Jul/2017:05:16:04 -0700] "GET /self.logs/error.log.2015-12-19.gz HTTP/1.1" 200 854 "-" "Mozilla/5.0 (compatible; DotBot/1.1; http://www.opensiteexplorer.org/dotbot, help@moz.com)" 
216.244.66.227 - - [07/Jul/2017:05:16:05 -0700] "GET /self.logs/error.log.2016-09-25.gz HTTP/1.1" 200 1347 "-" "Mozilla/5.0 (compatible; DotBot/1.1; http://www.opensiteexplorer.org/dotbot, help@moz.com)" 
216.244.66.227 - - [07/Jul/2017:05:16:07 -0700] "GET /self.logs/error.log.2017-01-28.gz HTTP/1.1" 200 1334 "-" "Mozilla/5.0 (compatible; DotBot/1.1; http://www.opensiteexplorer.org/dotbot, help@moz.com)" 
95.183.244.2 - - [07/Jul/2017:05:16:47 -0700] "GET / HTTP/1.1" 200 10794 "https://www.google.com.tr/" "Mozilla/5.0 (X11; Ubuntu; Linux x86_64; rv:54.0) Gecko/20100101 Firefox/54.0" 
95.183.244.2 - - [07/Jul/2017:05:16:48 -0700] "GET /bootstrap/img/favicon.ico HTTP/1.1" 200 589 "-" "Mozilla/5.0 (X11; Ubuntu; Linux x86_64; rv:54.0) Gecko/20100101 Firefox/54.0" 
95.183.244.2 - - [07/Jul/2017:05:16:48 -0700] "GET /twitter-icon.png HTTP/1.1" 200 27788 "http://www.secrepo.com/" "Mozilla/5.0 (X11; Ubuntu; Linux x86_64; rv:54.0) Gecko/20100101 Firefox/54.0" 
95.183.244.2 - - [07/Jul/2017:05:16:49 -0700] "GET /GitHub-Mark.png HTTP/1.1" 200 7427 "http://www.secrepo.com/" "Mozilla/5.0 (X11; Ubuntu; Linux x86_64; rv:54.0) Gecko/20100101 Firefox/54.0" 
217.182.132.52 - - [07/Jul/2017:05:19:06 -0700] "GET /self.logs/error.log.2015-10-13.gz HTTP/1.1" 200 693 "-" "Mozilla/5.0 (compatible; AhrefsBot/5.2; +http://ahrefs.com/robot/)" 
51.255.65.20 - - [07/Jul/2017:05:19:54 -0700] "GET /self.logs/access.log.2017-03-29.gz HTTP/1.1" 200 15417 "-" "Mozilla/5.0 (compatible; AhrefsBot/5.2; +http://ahrefs.com/robot/)" 
220.181.51.114 - - [07/Jul/2017:05:23:41 -0700] "GET /robots.txt HTTP/1.1" 200 297 "-" "Mozilla/5.0 (Windows NT 10.0; WOW64) AppleWebKit/537.36 (KHTML, like Gecko) Chrome/45.0.2454.93 Safari/537.36" 
178.153.1.212 - - [07/Jul/2017:05:24:48 -0700] "GET /wp-login.php HTTP/1.1" 404 295 "-" "Mozilla/5.0 (Windows NT 6.1; WOW64; rv:40.0) Gecko/20100101 Firefox/40.1" 
178.153.1.212 - - [07/Jul/2017:05:24:54 -0700] "GET /wp-login.php HTTP/1.1" 404 295 "-" "Mozilla/5.0 (Windows NT 6.1; WOW64; rv:40.0) Gecko/20100101 Firefox/40.1" 
178.153.1.212 - - [07/Jul/2017:05:24:59 -0700] "GET / HTTP/1.1" 200 36476 "-" "Mozilla/5.0 (Windows NT 6.1; WOW64; rv:40.0) Gecko/20100101 Firefox/40.1" 
51.255.65.13 - - [07/Jul/2017:05:25:34 -0700] "GET /self.logs/access.log.2016-09-02.gz HTTP/1.1" 200 8284 "-" "Mozilla/5.0 (compatible; AhrefsBot/5.2; +http://ahrefs.com/robot/)" 
123.117.104.218 - - [07/Jul/2017:05:29:01 -0700] "GET / HTTP/1.1" 200 10794 "http://link.zhihu.com/?target=http%3A//www.secrepo.com/" "Mozilla/5.0 (iPad; CPU OS 10_3_2 like Mac OS X) AppleWebKit/534.46 (KHTML, like Gecko) BaiduHD/5.4.0.0 Mobile/10A406 Safari/8536.25" 
123.117.104.218 - - [07/Jul/2017:05:29:01 -0700] "GET /twitter-icon.png HTTP/1.1" 200 27787 "http://www.secrepo.com/" "Mozilla/5.0 (iPad; CPU OS 10_3_2 like Mac OS X) AppleWebKit/534.46 (KHTML, like Gecko) BaiduHD/5.4.0.0 Mobile/10A406 Safari/8536.25" 
123.117.104.218 - - [07/Jul/2017:05:29:01 -0700] "GET /GitHub-Mark.png HTTP/1.1" 200 7428 "http://www.secrepo.com/" "Mozilla/5.0 (iPad; CPU OS 10_3_2 like Mac OS X) AppleWebKit/534.46 (KHTML, like Gecko) BaiduHD/5.4.0.0 Mobile/10A406 Safari/8536.25" 
178.153.1.212 - - [07/Jul/2017:05:31:19 -0700] "GET /wp-login.php HTTP/1.1" 301 522 "-" "Mozilla/5.0 (Windows NT 6.1; WOW64; rv:40.0) Gecko/20100101 Firefox/40.1" 
178.153.1.212 - - [07/Jul/2017:05:31:20 -0700] "GET /wp-login.php HTTP/1.1" 404 295 "-" "Mozilla/5.0 (Windows NT 6.1; WOW64; rv:40.0) Gecko/20100101 Firefox/40.1" 
178.153.1.212 - - [07/Jul/2017:05:31:25 -0700] "GET /wp-login.php HTTP/1.1" 301 522 "-" "Mozilla/5.0 (Windows NT 6.1; WOW64; rv:40.0) Gecko/20100101 Firefox/40.1" 
178.153.1.212 - - [07/Jul/2017:05:31:26 -0700] "GET /wp-login.php HTTP/1.1" 404 295 "-" "Mozilla/5.0 (Windows NT 6.1; WOW64; rv:40.0) Gecko/20100101 Firefox/40.1" 
66.102.7.61 - - [07/Jul/2017:05:31:31 -0700] "GET / HTTP/1.1" 200 10794 "-" "Mozilla/5.0 (X11; Linux x86_64) AppleWebKit/537.36 (KHTML, like Gecko) Chrome/49.0.2623.75 Safari/537.36 Google Favicon" 
178.153.1.212 - - [07/Jul/2017:05:31:31 -0700] "GET / HTTP/1.1" 301 498 "-" "Mozilla/5.0 (Windows NT 6.1; WOW64; rv:40.0) Gecko/20100101 Firefox/40.1" 
66.102.7.63 - - [07/Jul/2017:05:31:31 -0700] "GET /bootstrap/img/favicon.ico HTTP/1.1" 200 590 "-" "Mozilla/5.0 (X11; Linux x86_64) AppleWebKit/537.36 (KHTML, like Gecko) Chrome/49.0.2623.75 Safari/537.36 Google Favicon" 
178.153.1.212 - - [07/Jul/2017:05:31:32 -0700] "GET / HTTP/1.1" 200 36476 "-" "Mozilla/5.0 (Windows NT 6.1; WOW64; rv:40.0) Gecko/20100101 Firefox/40.1" 
220.181.51.114 - - [07/Jul/2017:05:32:50 -0700] "GET /robots.txt HTTP/1.1" 200 297 "-" "Mozilla/5.0 (Windows NT 10.0; WOW64) AppleWebKit/537.36 (KHTML, like Gecko) Chrome/45.0.2454.93 Safari/537.36" 
220.181.51.114 - - [07/Jul/2017:05:33:08 -0700] "GET /robots.txt HTTP/1.1" 200 297 "-" "Mozilla/5.0 (Windows NT 10.0; WOW64) AppleWebKit/537.36 (KHTML, like Gecko) Chrome/45.0.2454.93 Safari/537.36" 
51.255.65.10 - - [07/Jul/2017:05:34:38 -0700] "GET /self.logs/access.log.2016-07-12.gz HTTP/1.1" 200 21347 "-" "Mozilla/5.0 (compatible; AhrefsBot/5.2; +http://ahrefs.com/robot/)" 
213.87.144.87 - - [07/Jul/2017:05:37:01 -0700] "GET / HTTP/1.1" 200 10794 "http://fsecurify.com/machine-learning-and-cyber-security/" "Mozilla/5.0 (Linux; Android 6.0.1; SM-A500F Build/MMB29M) AppleWebKit/537.36 (KHTML, like Gecko) Chrome/58.0.3029.83 Mobile Safari/537.36" 
213.87.144.87 - - [07/Jul/2017:05:37:02 -0700] "GET /twitter-icon.png HTTP/1.1" 200 27787 "http://www.secrepo.com/" "Mozilla/5.0 (Linux; Android 6.0.1; SM-A500F Build/MMB29M) AppleWebKit/537.36 (KHTML, like Gecko) Chrome/58.0.3029.83 Mobile Safari/537.36" 
213.87.144.87 - - [07/Jul/2017:05:37:02 -0700] "GET /GitHub-Mark.png HTTP/1.1" 200 7428 "http://www.secrepo.com/" "Mozilla/5.0 (Linux; Android 6.0.1; SM-A500F Build/MMB29M) AppleWebKit/537.36 (KHTML, like Gecko) Chrome/58.0.3029.83 Mobile Safari/537.36" 
216.244.66.227 - - [07/Jul/2017:05:38:11 -0700] "GET /robots.txt HTTP/1.1" 200 233 "-" "Mozilla/5.0 (compatible; DotBot/1.1; http://www.opensiteexplorer.org/dotbot, help@moz.com)" 
220.181.108.117 - - [07/Jul/2017:05:41:38 -0700] "GET /robots.txt HTTP/1.1" 200 297 "-" "Mozilla/5.0 (compatible; Baiduspider/2.0; +http://www.baidu.com/search/spider.html)" 
117.220.59.220 - - [07/Jul/2017:05:45:57 -0700] "GET /wp-login.php HTTP/1.1" 404 295 "-" "Mozilla/5.0 (Windows NT 6.1; WOW64; rv:40.0) Gecko/20100101 Firefox/40.1" 
117.220.59.220 - - [07/Jul/2017:05:46:03 -0700] "GET /wp-login.php HTTP/1.1" 404 295 "-" "Mozilla/5.0 (Windows NT 6.1; WOW64; rv:40.0) Gecko/20100101 Firefox/40.1" 
117.220.59.220 - - [07/Jul/2017:05:46:09 -0700] "GET / HTTP/1.1" 200 36476 "-" "Mozilla/5.0 (Windows NT 6.1; WOW64; rv:40.0) Gecko/20100101 Firefox/40.1" 
123.117.104.218 - - [07/Jul/2017:05:48:56 -0700] "GET / HTTP/1.1" 200 10794 "http://link.zhihu.com/?target=http%3A//www.secrepo.com/" "Mozilla/5.0 (iPad; CPU OS 10_3_2 like Mac OS X) AppleWebKit/534.46 (KHTML, like Gecko) BaiduHD/5.4.0.0 Mobile/10A406 Safari/8536.25" 
123.117.104.218 - - [07/Jul/2017:05:48:56 -0700] "GET /twitter-icon.png HTTP/1.1" 200 27787 "http://www.secrepo.com/" "Mozilla/5.0 (iPad; CPU OS 10_3_2 like Mac OS X) AppleWebKit/534.46 (KHTML, like Gecko) BaiduHD/5.4.0.0 Mobile/10A406 Safari/8536.25" 
217.131.147.193 - - [07/Jul/2017:05:49:38 -0700] "GET /wp-login.php HTTP/1.1" 404 295 "-" "Mozilla/5.0 (Windows NT 6.1; WOW64; rv:40.0) Gecko/20100101 Firefox/40.1" 
217.131.147.193 - - [07/Jul/2017:05:49:43 -0700] "GET /wp-login.php HTTP/1.1" 404 295 "-" "Mozilla/5.0 (Windows NT 6.1; WOW64; rv:40.0) Gecko/20100101 Firefox/40.1" 
217.131.147.193 - - [07/Jul/2017:05:49:48 -0700] "GET / HTTP/1.1" 200 36476 "-" "Mozilla/5.0 (Windows NT 6.1; WOW64; rv:40.0) Gecko/20100101 Firefox/40.1" 
220.181.51.119 - - [07/Jul/2017:05:50:46 -0700] "GET /robots.txt HTTP/1.1" 200 297 "-" "Mozilla/5.0 (Windows NT 10.0; WOW64) AppleWebKit/537.36 (KHTML, like Gecko) Chrome/45.0.2454.93 Safari/537.36" 
217.182.132.192 - - [07/Jul/2017:05:57:22 -0700] "GET /self.logs/error.log.2015-09-10.gz HTTP/1.1" 200 605 "-" "Mozilla/5.0 (compatible; AhrefsBot/5.2; +http://ahrefs.com/robot/)" 
220.181.51.115 - - [07/Jul/2017:06:00:48 -0700] "GET /robots.txt HTTP/1.1" 200 297 "-" "Mozilla/5.0 (Windows NT 10.0; WOW64) AppleWebKit/537.36 (KHTML, like Gecko) Chrome/45.0.2454.93 Safari/537.36" 
216.244.66.227 - - [07/Jul/2017:06:01:31 -0700] "GET /self.logs/access.log.2015-04-02.gz HTTP/1.1" 200 3214 "-" "Mozilla/5.0 (compatible; DotBot/1.1; http://www.opensiteexplorer.org/dotbot, help@moz.com)" 
216.244.66.227 - - [07/Jul/2017:06:01:32 -0700] "GET /self.logs/access.log.2015-11-28.gz HTTP/1.1" 200 3765 "-" "Mozilla/5.0 (compatible; DotBot/1.1; http://www.opensiteexplorer.org/dotbot, help@moz.com)" 
216.244.66.227 - - [07/Jul/2017:06:01:34 -0700] "GET /self.logs/access.log.2015-12-31.gz HTTP/1.1" 200 6676 "-" "Mozilla/5.0 (compatible; DotBot/1.1; http://www.opensiteexplorer.org/dotbot, help@moz.com)" 
216.244.66.227 - - [07/Jul/2017:06:01:36 -0700] "GET /self.logs/access.log.2016-01-18.gz HTTP/1.1" 200 7229 "-" "Mozilla/5.0 (compatible; DotBot/1.1; http://www.opensiteexplorer.org/dotbot, help@moz.com)" 
216.244.66.227 - - [07/Jul/2017:06:01:37 -0700] "GET /self.logs/access.log.2016-11-08.gz HTTP/1.1" 200 8344 "-" "Mozilla/5.0 (compatible; DotBot/1.1; http://www.opensiteexplorer.org/dotbot, help@moz.com)" 
216.244.66.227 - - [07/Jul/2017:06:01:39 -0700] "GET /self.logs/error.log.2016-11-16.gz HTTP/1.1" 200 761 "-" "Mozilla/5.0 (compatible; DotBot/1.1; http://www.opensiteexplorer.org/dotbot, help@moz.com)" 
163.172.4.153 - - [07/Jul/2017:06:02:39 -0700] "GET / HTTP/1.1" 301 427 "http://secrepo.com/" "Mozilla/5.0 (X11; Linux x86_64) AppleWebKit/537.36 (KHTML, like Gecko) Ubuntu Chromium/58.0.3029.110 Chrome/58.0.3029.110 Safari/537.36" 
163.172.4.153 - - [07/Jul/2017:06:02:40 -0700] "GET / HTTP/1.1" 200 10738 "http://www.secrepo.com/" "Mozilla/5.0 (Windows NT 6.1; WOW64; rv:45.0) Gecko/20100101 Firefox/45.0" 
164.132.161.17 - - [07/Jul/2017:06:09:31 -0700] "GET /self.logs/access.log.2015-07-02.gz HTTP/1.1" 200 3989 "-" "Mozilla/5.0 (compatible; AhrefsBot/5.2; +http://ahrefs.com/robot/)" 
123.117.104.218 - - [07/Jul/2017:06:09:47 -0700] "GET / HTTP/1.1" 200 10794 "http://link.zhihu.com/?target=http%3A//www.secrepo.com/" "Mozilla/5.0 (Macintosh; Intel Mac OS X 10_12_3) AppleWebKit/537.36 (KHTML, like Gecko) Chrome/59.0.3071.109 Safari/537.36" 
123.117.104.218 - - [07/Jul/2017:06:09:48 -0700] "GET /twitter-icon.png HTTP/1.1" 200 27787 "http://www.secrepo.com/" "Mozilla/5.0 (Macintosh; Intel Mac OS X 10_12_3) AppleWebKit/537.36 (KHTML, like Gecko) Chrome/59.0.3071.109 Safari/537.36" 
220.181.51.118 - - [07/Jul/2017:06:10:05 -0700] "GET /robots.txt HTTP/1.1" 200 297 "-" "Mozilla/5.0 (Windows NT 10.0; WOW64) AppleWebKit/537.36 (KHTML, like Gecko) Chrome/45.0.2454.93 Safari/537.36" 
