151.80.31.120 - - [10/Jan/2016:01:33:52 -0800] "GET /self.logs/error.log.2015-07-21.gz HTTP/1.1" 200 992 "-" "Mozilla/5.0 (compatible; AhrefsBot/5.0; +http://ahrefs.com/robot/)" 
46.252.131.34 - - [10/Jan/2016:01:37:10 -0800] "GET /robots.txt HTTP/1.0" 200 252 "-" "Mozilla/5.0 (compatible; MJ12bot/v1.4.5; http://www.majestic12.co.uk/bot.php?+)" 
46.252.131.34 - - [10/Jan/2016:01:37:12 -0800] "GET /self.logs/?C=D;O=D HTTP/1.0" 200 68568 "-" "Mozilla/5.0 (compatible; MJ12bot/v1.4.5; http://www.majestic12.co.uk/bot.php?+)" 
46.252.131.34 - - [10/Jan/2016:01:37:14 -0800] "GET /self.logs/?C=N;O=A HTTP/1.0" 200 7548 "-" "Mozilla/5.0 (compatible; MJ12bot/v1.4.5; http://www.majestic12.co.uk/bot.php?+)" 
198.84.229.222 - - [10/Jan/2016:01:56:25 -0800] "GET /honeypot/BSidesDFW%20-%202014.ipynb HTTP/1.1" 200 930836 "http://www.secrepo.com/" "Mozilla/5.0 (Windows NT 6.2; WOW64) AppleWebKit/537.36 (KHTML, like Gecko) Chrome/39.0.2171.95 Safari/537.36" 
198.84.229.222 - - [10/Jan/2016:01:59:19 -0800] "GET /honeypot/Honeypot%20-%20Howto%20-%20BSides%20Austin.pdf HTTP/1.1" 200 2928460 "http://www.secrepo.com/" "Mozilla/5.0 (Windows NT 6.2; WOW64) AppleWebKit/537.36 (KHTML, like Gecko) Chrome/39.0.2171.95 Safari/537.36" 
198.84.229.222 - - [10/Jan/2016:02:21:09 -0800] "GET /honeypot/BSidesDFW%20-%202014.ipynb HTTP/1.1" 200 930836 "http://www.secrepo.com/" "Mozilla/5.0 (Windows NT 6.2; WOW64) AppleWebKit/537.36 (KHTML, like Gecko) Chrome/39.0.2171.95 Safari/537.36" 
151.80.31.120 - - [10/Jan/2016:02:24:49 -0800] "GET /self.logs/error.log.2015-03-19.gz HTTP/1.1" 200 824 "-" "Mozilla/5.0 (compatible; AhrefsBot/5.0; +http://ahrefs.com/robot/)" 
115.187.166.201 - - [10/Jan/2016:02:27:39 -0800] "GET /data HTTP/1.1" 404 340 "-" "Mozilla/5.0 (iPad; CPU OS 7_1_2 like Mac OS X) AppleWebKit/537.51.2 (KHTML, like Gecko) Version/7.0 Mobile/11D257 Safari/9537.53" 
151.80.31.120 - - [10/Jan/2016:02:30:11 -0800] "GET /self.logs/access.log.2015-09-12.gz HTTP/1.1" 200 4035 "-" "Mozilla/5.0 (compatible; AhrefsBot/5.0; +http://ahrefs.com/robot/)" 
91.200.12.138 - - [10/Jan/2016:02:45:22 -0800] "GET /honeypot/BSidesDFW%20-%202014.ipynb HTTP/1.1" 200 741680 "-" "Mozilla/5.0 (Windows NT 6.1; Trident/7.0; rv:11.0) like Gecko" 
91.200.12.138 - - [10/Jan/2016:02:45:23 -0800] "POST /honeypot/BSidesDFW%20-%202014.ipynb/trackback/ HTTP/1.1" 404 303 "http://www.secrepo.com/honeypot/BSidesDFW - 2014.ipynb" "Mozilla/5.0 (Windows NT 6.1; Trident/7.0; rv:11.0) like Gecko" 
151.80.31.120 - - [10/Jan/2016:03:03:06 -0800] "GET /self.logs/access.log.2015-08-28.gz HTTP/1.1" 200 7625 "-" "Mozilla/5.0 (compatible; AhrefsBot/5.0; +http://ahrefs.com/robot/)" 
217.128.255.219 - - [10/Jan/2016:03:35:36 -0800] "GET / HTTP/1.1" 200 8354 "http://www.mlsecproject.org/" "Mozilla/5.0 (X11; Linux x86_64) AppleWebKit/537.36 (KHTML, like Gecko) Chrome/44.0.2403.157 Safari/537.36" 
217.128.255.219 - - [10/Jan/2016:03:35:36 -0800] "GET /twitter-icon.png HTTP/1.1" 200 27787 "http://www.secrepo.com/" "Mozilla/5.0 (X11; Linux x86_64) AppleWebKit/537.36 (KHTML, like Gecko) Chrome/44.0.2403.157 Safari/537.36" 
217.128.255.219 - - [10/Jan/2016:03:35:37 -0800] "GET /GitHub-Mark.png HTTP/1.1" 200 7427 "http://www.secrepo.com/" "Mozilla/5.0 (X11; Linux x86_64) AppleWebKit/537.36 (KHTML, like Gecko) Chrome/44.0.2403.157 Safari/537.36" 
217.128.255.219 - - [10/Jan/2016:03:35:40 -0800] "GET /bootstrap/img/favicon.ico HTTP/1.1" 200 590 "http://www.secrepo.com/" "Mozilla/5.0 (X11; Linux x86_64) AppleWebKit/537.36 (KHTML, like Gecko) Chrome/44.0.2403.157 Safari/537.36" 
217.128.255.219 - - [10/Jan/2016:03:36:18 -0800] "GET /zeus/zeus_json.zip HTTP/1.1" 404 340 "http://www.secrepo.com/" "Mozilla/5.0 (X11; Linux x86_64) AppleWebKit/537.36 (KHTML, like Gecko) Chrome/44.0.2403.157 Safari/537.36" 
217.128.255.219 - - [10/Jan/2016:03:36:19 -0800] "GET /favicon.ico HTTP/1.1" 200 267 "http://www.secrepo.com/zeus/zeus_json.zip" "Mozilla/5.0 (X11; Linux x86_64) AppleWebKit/537.36 (KHTML, like Gecko) Chrome/44.0.2403.157 Safari/537.36" 
151.80.31.120 - - [10/Jan/2016:04:04:23 -0800] "GET /self.logs/access.log.2015-06-17.gz HTTP/1.1" 200 5737 "-" "Mozilla/5.0 (compatible; AhrefsBot/5.0; +http://ahrefs.com/robot/)" 
178.137.89.157 - - [10/Jan/2016:04:49:37 -0800] "GET /honeypot/ HTTP/1.1" 200 1077 "http://light.ifmo.ru/en/" "Mozilla/4.0 (compatible; MSIE 5.5; Windows NT 4.0; .NET CLR 1.0.2914)" 
178.137.89.157 - - [10/Jan/2016:04:49:38 -0800] "GET /honeypot/ HTTP/1.1" 200 1077 "http://light.ifmo.ru/en/" "Mozilla/4.0 (compatible; MSIE 5.5; Windows NT 4.0; .NET CLR 1.0.2914)" 
151.80.31.120 - - [10/Jan/2016:05:20:15 -0800] "GET /self.logs/error.log.2015-09-27.gz HTTP/1.1" 200 714 "-" "Mozilla/5.0 (compatible; AhrefsBot/5.0; +http://ahrefs.com/robot/)" 
69.30.211.2 - - [10/Jan/2016:05:21:29 -0800] "GET /robots.txt HTTP/1.0" 200 252 "-" "Mozilla/5.0 (compatible; MJ12bot/v1.4.5; http://www.majestic12.co.uk/bot.php?+)" 
69.30.211.2 - - [10/Jan/2016:05:21:30 -0800] "GET /honeypot//%22http://amunhoney.sourceforge.net//%22 HTTP/1.0" 404 284 "-" "Mozilla/5.0 (compatible; MJ12bot/v1.4.5; http://www.majestic12.co.uk/bot.php?+)" 
69.30.211.2 - - [10/Jan/2016:05:21:32 -0800] "GET /honeypot//%22http://glastopf.org//%22 HTTP/1.0" 404 303 "-" "Mozilla/5.0 (compatible; MJ12bot/v1.4.5; http://www.majestic12.co.uk/bot.php?+)" 
69.30.211.2 - - [10/Jan/2016:05:21:33 -0800] "GET /honeypot//%22http://www.maxmind.com/%22 HTTP/1.0" 404 303 "-" "Mozilla/5.0 (compatible; MJ12bot/v1.4.5; http://www.majestic12.co.uk/bot.php?+)" 
69.30.211.2 - - [10/Jan/2016:05:21:35 -0800] "GET /honeypot//%22https://twitter.com/sooshie/%22 HTTP/1.0" 404 303 "-" "Mozilla/5.0 (compatible; MJ12bot/v1.4.5; http://www.majestic12.co.uk/bot.php?+)" 
69.30.211.2 - - [10/Jan/2016:05:21:37 -0800] "GET /honeypot//%22https://twitter.com/theroxyd/%22 HTTP/1.0" 404 303 "-" "Mozilla/5.0 (compatible; MJ12bot/v1.4.5; http://www.majestic12.co.uk/bot.php?+)" 
207.46.13.144 - - [10/Jan/2016:05:37:29 -0800] "GET /self.logs/access.log.2015-01-23.gz HTTP/1.1" 200 2159 "-" "Mozilla/5.0 (compatible; bingbot/2.0; +http://www.bing.com/bingbot.htm)" 
157.55.39.208 - - [10/Jan/2016:06:00:19 -0800] "GET /self.logs/error.log.2015-07-06.gz HTTP/1.1" 200 719 "-" "Mozilla/5.0 (compatible; bingbot/2.0; +http://www.bing.com/bingbot.htm)" 
151.80.31.120 - - [10/Jan/2016:06:13:19 -0800] "GET /self.logs/error.log.2015-06-20.gz HTTP/1.1" 200 544 "-" "Mozilla/5.0 (compatible; AhrefsBot/5.0; +http://ahrefs.com/robot/)" 
113.20.116.80 - - [10/Jan/2016:06:38:50 -0800] "GET / HTTP/1.1" 200 8354 "-" "Mozilla/5.0 (Windows NT 6.3; ARM; Trident/7.0; Touch; rv:11.0) like Gecko" 
113.20.116.80 - - [10/Jan/2016:06:38:50 -0800] "GET /twitter-icon.png HTTP/1.1" 200 27787 "http://www.secrepo.com/" "Mozilla/5.0 (Windows NT 6.3; ARM; Trident/7.0; Touch; rv:11.0) like Gecko" 
113.20.116.80 - - [10/Jan/2016:06:38:51 -0800] "GET /GitHub-Mark.png HTTP/1.1" 200 7428 "http://www.secrepo.com/" "Mozilla/5.0 (Windows NT 6.3; ARM; Trident/7.0; Touch; rv:11.0) like Gecko" 
136.243.48.82 - - [10/Jan/2016:07:04:31 -0800] "GET /maccdc2012/maccdc2012_full_alert.7z HTTP/1.1" 200 13237820 "-" "Mozilla/5.0 (X11; Linux x86_64) AppleWebKit/537.36 (KHTML, like Gecko) Chrome/37.0.2062.120 Safari/537.36" 
58.59.239.63 - - [10/Jan/2016:07:17:57 -0800] "GET /wp-content/plugins/Login-wall-YsqOw/login_wall.php?login=cmd HTTP/1.1" 404 295 "-" "Mozilla/4.0 (compatible; Win32; WinHttp.WinHttpRequest.5)" 
207.46.13.144 - - [10/Jan/2016:07:21:40 -0800] "GET /self.logs/access.log.2015-01-18.gz HTTP/1.1" 200 3472 "-" "Mozilla/5.0 (compatible; bingbot/2.0; +http://www.bing.com/bingbot.htm)" 
136.243.48.86 - - [10/Jan/2016:07:29:51 -0800] "GET /maccdc2012/dhcp.log.gz HTTP/1.1" 200 44963 "-" "Mozilla/5.0 (X11; Linux x86_64) AppleWebKit/537.36 (KHTML, like Gecko) Chrome/37.0.2062.120 Safari/537.36" 
151.80.31.120 - - [10/Jan/2016:07:33:03 -0800] "GET /squid/access.log.gz HTTP/1.1" 200 63866 "-" "Mozilla/5.0 (compatible; AhrefsBot/5.0; +http://ahrefs.com/robot/)" 
61.136.247.238 - - [10/Jan/2016:07:56:39 -0800] "GET /honeypot/Honeypot%20-%20Howto%20-%20BSides%20Austin.pdf HTTP/1.0" 200 1646880 "http://www.secrepo.com/" "Mozilla/5.0 (X11; CrOS x86_64 6310.68.0) AppleWebKit/537.36 (KHTML, like Gecko) Chrome/39.0.2171.96 Safari/537.36" 
222.138.66.107 - - [10/Jan/2016:08:03:09 -0800] "GET /honeypot/Honeypot%20-%20Howto%20-%20BSides%20Austin.pdf HTTP/1.0" 200 2304324 "http://www.secrepo.com/" "Mozilla/5.0 (X11; CrOS x86_64 6310.68.0) AppleWebKit/537.36 (KHTML, like Gecko) Chrome/39.0.2171.96 Safari/537.36" 
193.47.139.177 - - [10/Jan/2016:08:09:32 -0800] "GET /index.php?option=com_contenthistory&view=history&list[ordering]=&item_id=75&type_id=1&list[select]=(ExtractValue(1,(select%20concat_ws(0x3a,user(),version(),database())))) HTTP/1.1" 301 823 "-" "Mozilla/5.0 (Windows NT 5.1) AppleWebKit/537.36 (KHTML, like Gecko) Chrome/46.0.2490.86 Safari/537.36" 
193.47.139.177 - - [10/Jan/2016:08:09:48 -0800] "GET /index.php?option=com_contenthistory&view=history&list[ordering]=&item_id=75&type_id=1&list[select]=(ExtractValue(1,(select%20concat_ws(0x3a,user(),version(),database())))) HTTP/1.1" 404 284 "-" "Mozilla/5.0 (Windows NT 5.1) AppleWebKit/537.36 (KHTML, like Gecko) Chrome/46.0.2490.86 Safari/537.36" 
24.5.106.194 - - [10/Jan/2016:08:16:25 -0800] "GET / HTTP/1.1" 200 8354 "http://www.mlsecproject.org/" "Mozilla/5.0 (Macintosh; Intel Mac OS X 10_11_2) AppleWebKit/537.36 (KHTML, like Gecko) Chrome/47.0.2526.106 Safari/537.36" 
24.5.106.194 - - [10/Jan/2016:08:16:26 -0800] "GET /twitter-icon.png HTTP/1.1" 200 27787 "http://www.secrepo.com/" "Mozilla/5.0 (Macintosh; Intel Mac OS X 10_11_2) AppleWebKit/537.36 (KHTML, like Gecko) Chrome/47.0.2526.106 Safari/537.36" 
24.5.106.194 - - [10/Jan/2016:08:16:26 -0800] "GET /GitHub-Mark.png HTTP/1.1" 200 7427 "http://www.secrepo.com/" "Mozilla/5.0 (Macintosh; Intel Mac OS X 10_11_2) AppleWebKit/537.36 (KHTML, like Gecko) Chrome/47.0.2526.106 Safari/537.36" 
24.5.106.194 - - [10/Jan/2016:08:16:27 -0800] "GET /bootstrap/img/favicon.ico HTTP/1.1" 200 589 "http://www.secrepo.com/" "Mozilla/5.0 (Macintosh; Intel Mac OS X 10_11_2) AppleWebKit/537.36 (KHTML, like Gecko) Chrome/47.0.2526.106 Safari/537.36" 
24.5.106.194 - - [10/Jan/2016:08:18:27 -0800] "GET /favicon.ico HTTP/1.1" 200 268 "http://www.secrepo.com/honeypot/Honeypot%20-%20Howto%20-%20BSides%20Austin.pdf" "Mozilla/5.0 (Macintosh; Intel Mac OS X 10_11_2) AppleWebKit/537.36 (KHTML, like Gecko) Chrome/47.0.2526.106 Safari/537.36" 
24.5.106.194 - - [10/Jan/2016:08:18:26 -0800] "GET /honeypot/Honeypot%20-%20Howto%20-%20BSides%20Austin.pdf HTTP/1.1" 200 1976840 "http://www.secrepo.com/" "Mozilla/5.0 (Macintosh; Intel Mac OS X 10_11_2) AppleWebKit/537.36 (KHTML, like Gecko) Chrome/47.0.2526.106 Safari/537.36" 
24.5.106.194 - - [10/Jan/2016:08:18:44 -0800] "GET /honeypot/Honeypot%20-%20Howto%20-%20BSides%20Austin.pdf HTTP/1.1" 206 33099 "http://www.secrepo.com/honeypot/Honeypot%20-%20Howto%20-%20BSides%20Austin.pdf" "Mozilla/5.0 (Macintosh; Intel Mac OS X 10_11_2) AppleWebKit/537.36 (KHTML, like Gecko) Chrome/47.0.2526.106 Safari/537.36" 
24.5.106.194 - - [10/Jan/2016:08:18:44 -0800] "GET /honeypot/Honeypot%20-%20Howto%20-%20BSides%20Austin.pdf HTTP/1.1" 206 2895748 "http://www.secrepo.com/honeypot/Honeypot%20-%20Howto%20-%20BSides%20Austin.pdf" "Mozilla/5.0 (Macintosh; Intel Mac OS X 10_11_2) AppleWebKit/537.36 (KHTML, like Gecko) Chrome/47.0.2526.106 Safari/537.36" 
207.46.13.144 - - [10/Jan/2016:08:28:50 -0800] "GET / HTTP/1.1" 200 8354 "-" "Mozilla/5.0 (compatible; bingbot/2.0; +http://www.bing.com/bingbot.htm)" 
198.84.229.222 - - [10/Jan/2016:08:49:21 -0800] "GET /honeypot/BSidesDFW%20-%202014.ipynb HTTP/1.1" 200 930836 "http://www.secrepo.com/" "Mozilla/5.0 (Windows NT 6.2; WOW64) AppleWebKit/537.36 (KHTML, like Gecko) Chrome/39.0.2171.95 Safari/537.36" 
46.118.126.200 - - [10/Jan/2016:08:53:40 -0800] "GET /honeypot/ HTTP/1.1" 200 1077 "http://pornoforadult.com/" "Mozilla/2.0 (compatible; MSIE 3.02; Windows CE; 240x320)" 
46.118.126.200 - - [10/Jan/2016:08:53:40 -0800] "GET /honeypot/ HTTP/1.1" 200 1077 "http://pornoforadult.com/" "Mozilla/2.0 (compatible; MSIE 3.02; Windows CE; 240x320)" 
46.118.126.200 - - [10/Jan/2016:08:53:41 -0800] "GET /honeypot/ HTTP/1.1" 200 1077 "http://pornoforadult.com/" "Mozilla/2.0 (compatible; MSIE 3.02; Windows CE; 240x320)" 
208.115.113.94 - - [10/Jan/2016:09:01:12 -0800] "GET /robots.txt HTTP/1.1" 200 233 "-" "Mozilla/5.0 (compatible; DotBot/1.1; http://www.opensiteexplorer.org/dotbot, help@moz.com)" 
180.250.170.28 - - [10/Jan/2016:09:01:42 -0800] "GET / HTTP/1.1" 200 8354 "-" "Mozilla/5.0 (X11; Linux x86_64) AppleWebKit/537.36 (KHTML, like Gecko) Chrome/40.0.2214.91 Safari/537.36" 
180.250.170.28 - - [10/Jan/2016:09:01:48 -0800] "GET /bootstrap/img/favicon.ico HTTP/1.1" 200 590 "-" "Mozilla/5.0 (X11; Linux x86_64) AppleWebKit/537.36 (KHTML, like Gecko) Chrome/40.0.2214.91 Safari/537.36" 
180.250.170.28 - - [10/Jan/2016:09:05:39 -0800] "GET /auth.log/auth.log.gz HTTP/1.1" 200 554524 "http://www.secrepo.com/" "Mozilla/5.0 (X11; Linux x86_64) AppleWebKit/537.36 (KHTML, like Gecko) Chrome/40.0.2214.91 Safari/537.36" 
151.80.31.120 - - [10/Jan/2016:09:17:55 -0800] "GET /maccdc2012/files.log.gz HTTP/1.1" 200 63866 "-" "Mozilla/5.0 (compatible; AhrefsBot/5.0; +http://ahrefs.com/robot/)" 
151.80.31.120 - - [10/Jan/2016:09:32:30 -0800] "GET /self.logs/error.log.2015-03-02.gz HTTP/1.1" 200 886 "-" "Mozilla/5.0 (compatible; AhrefsBot/5.0; +http://ahrefs.com/robot/)" 
208.115.113.94 - - [10/Jan/2016:10:16:24 -0800] "GET /self.logs/?C=M;O=D HTTP/1.1" 200 68741 "-" "Mozilla/5.0 (compatible; DotBot/1.1; http://www.opensiteexplorer.org/dotbot, help@moz.com)" 
207.241.229.214 - - [10/Jan/2016:10:23:51 -0800] "GET /robots.txt HTTP/1.0" 301 481 "-" "Mozilla/5.0 (compatible; archive.org_bot +http://www.archive.org/details/archive.org_bot)" 
207.241.229.214 - - [10/Jan/2016:10:23:51 -0800] "GET /robots.txt HTTP/1.0" 200 252 "http://secrepo.com/robots.txt" "Mozilla/5.0 (compatible; archive.org_bot +http://www.archive.org/details/archive.org_bot)" 
207.241.229.214 - - [10/Jan/2016:10:23:54 -0800] "GET / HTTP/1.0" 301 461 "-" "Mozilla/5.0 (compatible; archive.org_bot +http://www.archive.org/details/archive.org_bot)" 
151.80.31.120 - - [10/Jan/2016:10:37:55 -0800] "GET /maccdc2012/conn.log.gz HTTP/1.1" 200 63359 "-" "Mozilla/5.0 (compatible; AhrefsBot/5.0; +http://ahrefs.com/robot/)" 
62.210.115.133 - - [10/Jan/2016:10:41:40 -0800] "GET /robots.txt HTTP/1.0" 200 252 "-" "Mozilla/5.0 (compatible; MJ12bot/v1.4.5; http://www.majestic12.co.uk/bot.php?+)" 
62.210.115.133 - - [10/Jan/2016:10:41:42 -0800] "GET / HTTP/1.0" 200 27276 "-" "Mozilla/5.0 (compatible; MJ12bot/v1.4.5; http://www.majestic12.co.uk/bot.php?+)" 
201.175.95.168 - - [10/Jan/2016:10:56:51 -0800] "GET /honeypot/bsidesdfw%2520-%25202014.ipynb'A=0 HTTP/1.1" 301 557 "http://secrepo.com/honeypot/bsidesdfw%2520-%25202014.ipynb'A=0" "Mozilla/5.0 (Windows; U; Windows NT 5.1; pt-PT; rv:1.9.1.2) Gecko/20090729 Firefox/3.5.2 (.NET CLR 3.5.30729)" 
201.175.95.168 - - [10/Jan/2016:10:57:00 -0800] "GET /honeypot/bsidesdfw%2520-%25202014.ipynb'A=0 HTTP/1.1" 301 501 "http://secrepo.com/honeypot/bsidesdfw%2520-%25202014.ipynb'A=0" "Mozilla/5.0 (Windows; U; Windows NT 5.1; pt-PT; rv:1.9.1.2) Gecko/20090729 Firefox/3.5.2 (.NET CLR 3.5.30729)" 
201.175.95.168 - - [10/Jan/2016:10:57:04 -0800] "GET /honeypot/bsidesdfw%20-%202014.ipynb'A=0 HTTP/1.1" 404 340 "http://secrepo.com/honeypot/bsidesdfw%2520-%25202014.ipynb'A=0" "Mozilla/5.0 (Windows; U; Windows NT 5.1; pt-PT; rv:1.9.1.2) Gecko/20090729 Firefox/3.5.2 (.NET CLR 3.5.30729)" 
201.175.95.168 - - [10/Jan/2016:10:57:08 -0800] "GET /honeypot/bsidesdfw%2520-%25202014.ipynb'A=0 HTTP/1.1" 301 501 "http://secrepo.com/honeypot/bsidesdfw%2520-%25202014.ipynb'A=0" "Mozilla/5.0 (Windows; U; Windows NT 5.1; pt-PT; rv:1.9.1.2) Gecko/20090729 Firefox/3.5.2 (.NET CLR 3.5.30729)" 
201.175.95.168 - - [10/Jan/2016:10:57:14 -0800] "GET /honeypot/bsidesdfw%20-%202014.ipynb'A=0 HTTP/1.1" 404 284 "http://secrepo.com/honeypot/bsidesdfw%2520-%25202014.ipynb'A=0" "Mozilla/5.0 (Windows; U; Windows NT 5.1; pt-PT; rv:1.9.1.2) Gecko/20090729 Firefox/3.5.2 (.NET CLR 3.5.30729)" 
201.175.95.168 - - [10/Jan/2016:10:57:16 -0800] "GET /honeypot/bsidesdfw%2520-%25202014.ipynb'A=0 HTTP/1.1" 301 501 "http://secrepo.com/honeypot/bsidesdfw%2520-%25202014.ipynb'A=0" "Mozilla/5.0 (Windows; U; Windows NT 5.1; pt-PT; rv:1.9.1.2) Gecko/20090729 Firefox/3.5.2 (.NET CLR 3.5.30729)" 
201.175.95.168 - - [10/Jan/2016:10:57:25 -0800] "GET /honeypot/bsidesdfw%20-%202014.ipynb'A=0 HTTP/1.1" 404 284 "http://secrepo.com/honeypot/bsidesdfw%2520-%25202014.ipynb'A=0" "Mozilla/5.0 (Windows; U; Windows NT 5.1; pt-PT; rv:1.9.1.2) Gecko/20090729 Firefox/3.5.2 (.NET CLR 3.5.30729)" 
201.175.95.168 - - [10/Jan/2016:10:57:31 -0800] "GET /honeypot/bsidesdfw%2520-%25202014.ipynb'A=0 HTTP/1.1" 301 501 "http://secrepo.com/honeypot/bsidesdfw%2520-%25202014.ipynb'A=0" "Mozilla/5.0 (Windows; U; Windows NT 5.1; pt-PT; rv:1.9.1.2) Gecko/20090729 Firefox/3.5.2 (.NET CLR 3.5.30729)" 
201.175.95.168 - - [10/Jan/2016:10:57:36 -0800] "GET /honeypot/bsidesdfw%20-%202014.ipynb'A=0 HTTP/1.1" 404 284 "http://secrepo.com/honeypot/bsidesdfw%2520-%25202014.ipynb'A=0" "Mozilla/5.0 (Windows; U; Windows NT 5.1; pt-PT; rv:1.9.1.2) Gecko/20090729 Firefox/3.5.2 (.NET CLR 3.5.30729)" 
201.175.95.168 - - [10/Jan/2016:10:57:41 -0800] "GET /honeypot/bsidesdfw%2520-%25202014.ipynb'A=0 HTTP/1.1" 301 501 "http://secrepo.com/honeypot/bsidesdfw%2520-%25202014.ipynb'A=0" "Mozilla/5.0 (Windows; U; Windows NT 5.1; pt-PT; rv:1.9.1.2) Gecko/20090729 Firefox/3.5.2 (.NET CLR 3.5.30729)" 
201.175.95.168 - - [10/Jan/2016:10:57:43 -0800] "GET /honeypot/bsidesdfw%20-%202014.ipynb'A=0 HTTP/1.1" 404 284 "http://secrepo.com/honeypot/bsidesdfw%2520-%25202014.ipynb'A=0" "Mozilla/5.0 (Windows; U; Windows NT 5.1; pt-PT; rv:1.9.1.2) Gecko/20090729 Firefox/3.5.2 (.NET CLR 3.5.30729)" 
180.180.78.255 - - [10/Jan/2016:11:09:06 -0800] "GET /honeypot/BSidesDFW%20-%202014.ipynb/RK=0/RS=bVGCGwc5Xu5i6KZ9PL1qVwr9bzs- HTTP/1.1" 404 340 "http://www.secrepo.com/" "Mozilla/5.0 (X11; Linux i686; rv:17.0) Gecko/20100101 Firefox/17.0" 
180.180.78.255 - - [10/Jan/2016:11:09:06 -0800] "GET / HTTP/1.1" 200 8353 "http://www.secrepo.com" "Mozilla/5.0 (X11; Linux i686; rv:17.0) Gecko/20100101 Firefox/17.0" 
172.99.70.101 - - [10/Jan/2016:11:15:22 -0800] "GET /robots.txt HTTP/1.1" 301 446 "-" "Tornado-Async-Client" 
172.99.70.101 - - [10/Jan/2016:11:15:22 -0800] "GET /robots.txt HTTP/1.1" 200 304 "-" "Tornado-Async-Client" 
172.99.70.101 - - [10/Jan/2016:11:15:22 -0800] "GET /honeypot/BSidesDFW%20-%202014.ipynb HTTP/1.1" 301 484 "-" "Tornado-Async-Client" 
172.99.70.101 - - [10/Jan/2016:11:15:22 -0800] "GET /honeypot/BSidesDFW%20-%202014.ipynb HTTP/1.1" 200 930780 "-" "Tornado-Async-Client" 
220.181.108.86 - - [10/Jan/2016:11:35:51 -0800] "GET /maccdc2012/maccdc2012_full_alert.7z HTTP/1.1" 200 10247740 "-" "Mozilla/5.0 (compatible; Baiduspider/2.0; +http://www.baidu.com/search/spider.html)" 
199.59.148.211 - - [10/Jan/2016:11:37:18 -0800] "GET /robots.txt HTTP/1.1" 200 304 "-" "Twitterbot/1.0" 
199.59.148.209 - - [10/Jan/2016:11:37:18 -0800] "GET /honeypot/Honeypot%20-%20Howto%20-%20BSides%20Austin.pdf HTTP/1.1" 200 2928404 "-" "Twitterbot/1.0" 
199.59.148.211 - - [10/Jan/2016:11:37:18 -0800] "GET /honeypot/honeypot.json.zip HTTP/1.1" 200 4631817 "-" "Twitterbot/1.0" 
91.200.12.138 - - [10/Jan/2016:12:04:09 -0800] "GET /honeypot/BSidesDFW%20-%202014.ipynb HTTP/1.1" 200 581080 "-" "Mozilla/5.0 (Windows NT 6.1; Trident/7.0; rv:11.0) like Gecko" 
91.200.12.138 - - [10/Jan/2016:12:04:10 -0800] "POST /honeypot/BSidesDFW%20-%202014.ipynb/trackback/ HTTP/1.1" 404 303 "http://www.secrepo.com/honeypot/BSidesDFW - 2014.ipynb" "Mozilla/5.0 (Windows NT 6.1; Trident/7.0; rv:11.0) like Gecko" 
157.55.39.208 - - [10/Jan/2016:12:29:13 -0800] "GET /self.logs/error.log.2015-11-04.gz HTTP/1.1" 200 1083 "-" "Mozilla/5.0 (compatible; bingbot/2.0; +http://www.bing.com/bingbot.htm)" 
199.16.156.126 - - [10/Jan/2016:12:31:15 -0800] "GET /robots.txt HTTP/1.1" 301 446 "-" "Twitterbot/1.0" 
199.16.156.126 - - [10/Jan/2016:12:31:15 -0800] "GET / HTTP/1.1" 301 427 "-" "Twitterbot/1.0" 
199.16.156.125 - - [10/Jan/2016:12:31:16 -0800] "GET /robots.txt HTTP/1.1" 200 304 "-" "Twitterbot/1.0" 
199.16.156.125 - - [10/Jan/2016:12:31:16 -0800] "GET / HTTP/1.1" 200 8298 "-" "Twitterbot/1.0" 
172.245.24.138 - - [10/Jan/2016:13:37:36 -0800] "GET /robots.txt HTTP/1.0" 200 252 "-" "Mozilla/5.0 (compatible; MJ12bot/v1.4.5; http://www.majestic12.co.uk/bot.php?+)" 
172.245.24.138 - - [10/Jan/2016:13:37:38 -0800] "GET /honeypot//%22http://amunhoney.sourceforge.net//%22 HTTP/1.0" 404 284 "-" "Mozilla/5.0 (compatible; MJ12bot/v1.4.5; http://www.majestic12.co.uk/bot.php?+)" 
172.245.24.138 - - [10/Jan/2016:13:37:40 -0800] "GET /honeypot//%22http://glastopf.org//%22 HTTP/1.0" 404 303 "-" "Mozilla/5.0 (compatible; MJ12bot/v1.4.5; http://www.majestic12.co.uk/bot.php?+)" 
172.245.24.138 - - [10/Jan/2016:13:37:44 -0800] "GET /honeypot//%22http://www.maxmind.com/%22 HTTP/1.0" 404 303 "-" "Mozilla/5.0 (compatible; MJ12bot/v1.4.5; http://www.majestic12.co.uk/bot.php?+)" 
172.245.24.138 - - [10/Jan/2016:13:37:45 -0800] "GET /honeypot//%22https://twitter.com/sooshie/%22 HTTP/1.0" 404 303 "-" "Mozilla/5.0 (compatible; MJ12bot/v1.4.5; http://www.majestic12.co.uk/bot.php?+)" 
172.245.24.138 - - [10/Jan/2016:13:37:48 -0800] "GET /honeypot//%22https://twitter.com/theroxyd/%22 HTTP/1.0" 404 303 "-" "Mozilla/5.0 (compatible; MJ12bot/v1.4.5; http://www.majestic12.co.uk/bot.php?+)" 
157.55.39.149 - - [10/Jan/2016:13:56:39 -0800] "GET /self.logs/access.log.2015-02-01.gz HTTP/1.1" 200 2648 "-" "Mozilla/5.0 (compatible; bingbot/2.0; +http://www.bing.com/bingbot.htm)" 
151.80.31.120 - - [10/Jan/2016:14:03:35 -0800] "GET /self.logs/error.log.2015-02-15.gz HTTP/1.1" 200 5753 "-" "Mozilla/5.0 (compatible; AhrefsBot/5.0; +http://ahrefs.com/robot/)" 
201.248.103.53 - - [10/Jan/2016:14:20:04 -0800] "GET / HTTP/1.1" 301 483 "http://buttons-for-website.com" "Mozilla/5.0 (Windows NT 6.1; WOW64) AppleWebKit/537.36 (KHTML, like Gecko) Chrome/36.0.1985.143 Safari/537.36" 
201.248.103.53 - - [10/Jan/2016:14:20:05 -0800] "GET / HTTP/1.1" 200 8354 "http://buttons-for-website.com" "Mozilla/5.0 (Windows NT 6.1; WOW64) AppleWebKit/537.36 (KHTML, like Gecko) Chrome/36.0.1985.143 Safari/537.36" 
201.248.103.53 - - [10/Jan/2016:14:20:06 -0800] "GET /twitter-icon.png HTTP/1.1" 200 27787 "http://www.secrepo.com/" "Mozilla/5.0 (Windows NT 6.1; WOW64) AppleWebKit/537.36 (KHTML, like Gecko) Chrome/36.0.1985.143 Safari/537.36" 
201.248.103.53 - - [10/Jan/2016:14:20:06 -0800] "GET /GitHub-Mark.png HTTP/1.1" 200 7428 "http://www.secrepo.com/" "Mozilla/5.0 (Windows NT 6.1; WOW64) AppleWebKit/537.36 (KHTML, like Gecko) Chrome/36.0.1985.143 Safari/537.36" 
167.114.247.7 - - [10/Jan/2016:14:37:03 -0800] "GET / HTTP/1.1" 200 27231 "-" "Mozilla/5.0 (Windows NT 6.3; rv:36.0) Gecko/20100101 Firefox/36.0" 
66.249.66.128 - - [10/Jan/2016:14:55:39 -0800] "GET / HTTP/1.1" 200 8354 "-" "Mozilla/5.0 (iPhone; CPU iPhone OS 8_3 like Mac OS X) AppleWebKit/600.1.4 (KHTML, like Gecko) Version/8.0 Mobile/12F70 Safari/600.1.4 (compatible; Googlebot/2.1; +http://www.google.com/bot.html)" 
92.90.19.31 - - [10/Jan/2016:14:58:06 -0800] "GET / HTTP/1.1" 200 8354 "-" "Mozilla/5.0 (Linux; Android 4.1.2; GT-I8190 Build/JZO54K) AppleWebKit/537.36 (KHTML, like Gecko) Chrome/47.0.2526.83 Mobile Safari/537.36" 
92.90.19.31 - - [10/Jan/2016:14:58:09 -0800] "GET /GitHub-Mark.png HTTP/1.1" 200 7428 "http://www.secrepo.com/" "Mozilla/5.0 (Linux; Android 4.1.2; GT-I8190 Build/JZO54K) AppleWebKit/537.36 (KHTML, like Gecko) Chrome/47.0.2526.83 Mobile Safari/537.36" 
92.90.19.31 - - [10/Jan/2016:14:58:09 -0800] "GET /twitter-icon.png HTTP/1.1" 200 27788 "http://www.secrepo.com/" "Mozilla/5.0 (Linux; Android 4.1.2; GT-I8190 Build/JZO54K) AppleWebKit/537.36 (KHTML, like Gecko) Chrome/47.0.2526.83 Mobile Safari/537.36" 
92.90.19.31 - - [10/Jan/2016:14:58:15 -0800] "GET /bootstrap/img/favicon.ico HTTP/1.1" 200 590 "http://www.secrepo.com/" "Mozilla/5.0 (Linux; Android 4.1.2; GT-I8190 Build/JZO54K) AppleWebKit/537.36 (KHTML, like Gecko) Chrome/47.0.2526.83 Mobile Safari/537.36" 
151.80.31.120 - - [10/Jan/2016:15:25:54 -0800] "GET /self.logs/access.log.2015-03-13.gz HTTP/1.1" 200 4822 "-" "Mozilla/5.0 (compatible; AhrefsBot/5.0; +http://ahrefs.com/robot/)" 
141.8.143.159 - - [10/Jan/2016:15:55:23 -0800] "GET /robots.txt HTTP/1.1" 200 289 "-" "Mozilla/5.0 (compatible; YandexBot/3.0; +http://yandex.com/bots)" 
141.8.143.182 - - [10/Jan/2016:15:55:23 -0800] "GET /robots.txt HTTP/1.1" 301 518 "-" "Mozilla/5.0 (compatible; YandexBot/3.0; +http://yandex.com/bots)" 
141.8.143.159 - - [10/Jan/2016:15:55:27 -0800] "GET / HTTP/1.1" 200 8354 "-" "Mozilla/5.0 (compatible; YandexBot/3.0; +http://yandex.com/bots)" 
100.43.81.131 - - [10/Jan/2016:15:55:27 -0800] "GET / HTTP/1.1" 301 483 "-" "Mozilla/5.0 (compatible; YandexBot/3.0; +http://yandex.com/bots)" 
141.8.143.159 - - [10/Jan/2016:15:55:31 -0800] "GET / HTTP/1.1" 200 8354 "-" "Mozilla/5.0 (compatible; YandexBot/3.0; +http://yandex.com/bots)" 
91.200.12.136 - - [10/Jan/2016:16:07:33 -0800] "GET /honeypot/BSidesDFW%20-%202014.ipynb HTTP/1.0" 200 930799 "http://www.secrepo.com/honeypot/BSidesDFW%20-%202014.ipynb" "Mozilla/5.0 (Windows NT 6.1; WOW64) AppleWebKit/537.36 (KHTML, like Gecko) Chrome/45.0.2454.99 Safari/537.36" 
91.200.12.136 - - [10/Jan/2016:16:20:54 -0800] "GET /honeypot/BSidesDFW%20-%202014.ipynb HTTP/1.0" 200 930799 "http://www.secrepo.com/honeypot/BSidesDFW%20-%202014.ipynb" "Mozilla/5.0 (Windows NT 6.3; WOW64) AppleWebKit/537.36 (KHTML, like Gecko) Chrome/45.0.2454.101 Safari/537.36" 
207.46.13.144 - - [10/Jan/2016:16:24:24 -0800] "GET /self.logs/error.log.2015-11-07.gz HTTP/1.1" 200 826 "-" "Mozilla/5.0 (compatible; bingbot/2.0; +http://www.bing.com/bingbot.htm)" 
128.174.236.223 - - [10/Jan/2016:16:29:24 -0800] "GET / HTTP/1.1" 200 8354 "https://www.google.com" "Mozilla/5.0 (Windows NT 6.1; WOW64; rv:42.0) Gecko/20100101 Firefox/42.0" 
128.174.236.223 - - [10/Jan/2016:16:29:24 -0800] "GET /bootstrap/img/favicon.ico HTTP/1.1" 200 589 "-" "Mozilla/5.0 (Windows NT 6.1; WOW64; rv:42.0) Gecko/20100101 Firefox/42.0" 
128.174.236.223 - - [10/Jan/2016:16:29:24 -0800] "GET /twitter-icon.png HTTP/1.1" 200 27788 "http://www.secrepo.com/" "Mozilla/5.0 (Windows NT 6.1; WOW64; rv:42.0) Gecko/20100101 Firefox/42.0" 
128.174.236.223 - - [10/Jan/2016:16:29:24 -0800] "GET /GitHub-Mark.png HTTP/1.1" 200 7427 "http://www.secrepo.com/" "Mozilla/5.0 (Windows NT 6.1; WOW64; rv:42.0) Gecko/20100101 Firefox/42.0" 
104.236.109.55 - - [10/Jan/2016:16:29:51 -0800] "GET / HTTP/1.1" 200 8317 "-" "CRAZYWEBCRAWLER 0.9.10, http://www.crazywebcrawler.com" 
66.249.83.193 - - [10/Jan/2016:16:41:03 -0800] "GET / HTTP/1.1" 200 8354 "-" "Mozilla/5.0 (Windows NT 6.1; rv:6.0) Gecko/20110814 Firefox/6.0 Google Favicon" 
66.249.83.193 - - [10/Jan/2016:16:41:03 -0800] "GET /bootstrap/img/favicon.ico HTTP/1.1" 200 589 "-" "Mozilla/5.0 (Windows NT 6.1; rv:6.0) Gecko/20110814 Firefox/6.0 Google Favicon" 
45.63.84.79 - - [10/Jan/2016:16:50:04 -0800] "GET / HTTP/1.1" 301 427 "-" "Scrapy/1.0.3 (+http://scrapy.org)" 
45.63.84.79 - - [10/Jan/2016:16:50:14 -0800] "GET / HTTP/1.1" 200 8298 "-" "Scrapy/1.0.3 (+http://scrapy.org)" 
151.80.31.120 - - [10/Jan/2016:16:54:05 -0800] "GET /self.logs/error.log.2015-06-28.gz HTTP/1.1" 200 3939 "-" "Mozilla/5.0 (compatible; AhrefsBot/5.0; +http://ahrefs.com/robot/)" 
66.249.66.187 - - [10/Jan/2016:16:58:15 -0800] "GET / HTTP/1.1" 200 8354 "-" "Mozilla/5.0 (compatible; Googlebot/2.1; +http://www.google.com/bot.html)" 
40.77.167.25 - - [10/Jan/2016:17:31:04 -0800] "GET /maccdc2012/files.log.gz HTTP/1.1" 301 526 "-" "Mozilla/5.0 (compatible; bingbot/2.0; +http://www.bing.com/bingbot.htm)" 
157.55.39.149 - - [10/Jan/2016:17:36:31 -0800] "GET /self.logs/error.log.2015-02-02.gz HTTP/1.1" 301 544 "-" "Mozilla/5.0 (compatible; bingbot/2.0; +http://www.bing.com/bingbot.htm)" 
157.55.39.149 - - [10/Jan/2016:17:36:31 -0800] "GET /self.logs/access.log.2015-01-31.gz HTTP/1.1" 301 544 "-" "Mozilla/5.0 (compatible; bingbot/2.0; +http://www.bing.com/bingbot.htm)" 
157.55.39.149 - - [10/Jan/2016:17:36:32 -0800] "GET /maccdc2012/dns.log.gz HTTP/1.1" 301 521 "-" "Mozilla/5.0 (compatible; bingbot/2.0; +http://www.bing.com/bingbot.htm)" 
157.55.39.149 - - [10/Jan/2016:17:36:32 -0800] "GET /squid/access.log.gz HTTP/1.1" 301 517 "-" "Mozilla/5.0 (compatible; bingbot/2.0; +http://www.bing.com/bingbot.htm)" 
207.46.13.144 - - [10/Jan/2016:17:40:25 -0800] "GET /auth.log/auth.log.gz HTTP/1.1" 301 515 "-" "Mozilla/5.0 (compatible; bingbot/2.0; +http://www.bing.com/bingbot.htm)" 
207.46.13.144 - - [10/Jan/2016:17:40:25 -0800] "GET /self.logs/error.log.2015-01-29.gz HTTP/1.1" 301 543 "-" "Mozilla/5.0 (compatible; bingbot/2.0; +http://www.bing.com/bingbot.htm)" 
207.46.13.144 - - [10/Jan/2016:17:40:25 -0800] "GET /self.logs/error.log.2015-02-04.gz HTTP/1.1" 301 542 "-" "Mozilla/5.0 (compatible; bingbot/2.0; +http://www.bing.com/bingbot.htm)" 
91.200.12.141 - - [10/Jan/2016:17:41:59 -0800] "GET /honeypot/BSidesDFW%20-%202014.ipynb HTTP/1.0" 200 925640 "http://www.secrepo.com/honeypot/BSidesDFW%20-%202014.ipynb" "Mozilla/5.0 (Windows NT 6.3; WOW64) AppleWebKit/537.36 (KHTML, like Gecko) Chrome/45.0.2454.101 Safari/537.36" 
157.55.39.208 - - [10/Jan/2016:17:44:43 -0800] "GET /self.logs/access.log.2015-01-27.gz HTTP/1.1" 301 546 "-" "Mozilla/5.0 (compatible; bingbot/2.0; +http://www.bing.com/bingbot.htm)" 
157.55.39.208 - - [10/Jan/2016:17:44:43 -0800] "GET /maccdc2012/conn.log.gz HTTP/1.1" 301 523 "-" "Mozilla/5.0 (compatible; bingbot/2.0; +http://www.bing.com/bingbot.htm)" 
157.55.39.208 - - [10/Jan/2016:17:44:43 -0800] "GET /maccdc2012/weird.log.gz HTTP/1.1" 301 525 "-" "Mozilla/5.0 (compatible; bingbot/2.0; +http://www.bing.com/bingbot.htm)" 
157.55.39.208 - - [10/Jan/2016:17:44:43 -0800] "GET /maccdc2012/signatures.log.gz HTTP/1.1" 301 533 "-" "Mozilla/5.0 (compatible; bingbot/2.0; +http://www.bing.com/bingbot.htm)" 
157.55.39.208 - - [10/Jan/2016:17:44:43 -0800] "GET /maccdc2012/ssh.log.gz HTTP/1.1" 301 521 "-" "Mozilla/5.0 (compatible; bingbot/2.0; +http://www.bing.com/bingbot.htm)" 
157.55.39.208 - - [10/Jan/2016:17:44:43 -0800] "GET /maccdc2012/http.log.gz HTTP/1.1" 301 521 "-" "Mozilla/5.0 (compatible; bingbot/2.0; +http://www.bing.com/bingbot.htm)" 
151.80.31.120 - - [10/Jan/2016:17:52:47 -0800] "GET /self.logs/error.log.2015-09-17.gz HTTP/1.1" 200 777 "-" "Mozilla/5.0 (compatible; AhrefsBot/5.0; +http://ahrefs.com/robot/)" 
91.200.12.141 - - [10/Jan/2016:17:54:55 -0800] "GET /honeypot/BSidesDFW%20-%202014.ipynb HTTP/1.0" 200 775260 "http://www.secrepo.com/honeypot/BSidesDFW%20-%202014.ipynb" "Mozilla/5.0 (Windows NT 6.1; rv:40.0) Gecko/20100101 Firefox/40.0" 
157.55.39.149 - - [10/Jan/2016:18:00:50 -0800] "GET /self.logs/?C=D;O=D HTTP/1.1" 200 7654 "-" "Mozilla/5.0 (compatible; bingbot/2.0; +http://www.bing.com/bingbot.htm)" 
157.55.39.149 - - [10/Jan/2016:18:00:51 -0800] "GET /self.logs/?C=N;O=D HTTP/1.1" 200 7653 "-" "Mozilla/5.0 (compatible; bingbot/2.0; +http://www.bing.com/bingbot.htm)" 
207.46.13.144 - - [10/Jan/2016:18:01:47 -0800] "GET / HTTP/1.1" 200 8354 "-" "Mozilla/5.0 (compatible; bingbot/2.0; +http://www.bing.com/bingbot.htm)" 
207.46.13.144 - - [10/Jan/2016:18:01:52 -0800] "GET /self.logs/?C=M;O=A HTTP/1.1" 200 7823 "-" "Mozilla/5.0 (compatible; bingbot/2.0; +http://www.bing.com/bingbot.htm)" 
207.46.13.144 - - [10/Jan/2016:18:01:52 -0800] "GET /self.logs/?C=S;O=D HTTP/1.1" 200 8455 "-" "Mozilla/5.0 (compatible; bingbot/2.0; +http://www.bing.com/bingbot.htm)" 
157.55.39.208 - - [10/Jan/2016:18:03:20 -0800] "GET /self.logs/?C=M;O=D HTTP/1.1" 200 7815 "-" "Mozilla/5.0 (compatible; bingbot/2.0; +http://www.bing.com/bingbot.htm)" 
157.55.39.208 - - [10/Jan/2016:18:03:20 -0800] "GET /self.logs/?C=S;O=A HTTP/1.1" 200 8487 "-" "Mozilla/5.0 (compatible; bingbot/2.0; +http://www.bing.com/bingbot.htm)" 
157.55.39.208 - - [10/Jan/2016:18:03:20 -0800] "GET /self.logs/ HTTP/1.1" 200 7608 "-" "Mozilla/5.0 (compatible; bingbot/2.0; +http://www.bing.com/bingbot.htm)" 
157.55.39.208 - - [10/Jan/2016:18:03:20 -0800] "GET /self.logs/access.log.2015-03-12.gz HTTP/1.1" 200 9559 "-" "Mozilla/5.0 (compatible; bingbot/2.0; +http://www.bing.com/bingbot.htm)" 
221.12.10.218 - - [10/Jan/2016:18:06:00 -0800] "GET / HTTP/1.1" 200 8354 "-" "Mozilla/5.0 (Windows NT 6.1; WOW64) AppleWebKit/537.36 (KHTML, like Gecko) Chrome/47.0.2526.106 Safari/537.36" 
221.12.10.218 - - [10/Jan/2016:18:06:00 -0800] "GET /GitHub-Mark.png HTTP/1.1" 200 7428 "http://www.secrepo.com/" "Mozilla/5.0 (Windows NT 6.1; WOW64) AppleWebKit/537.36 (KHTML, like Gecko) Chrome/47.0.2526.106 Safari/537.36" 
221.12.10.218 - - [10/Jan/2016:18:06:01 -0800] "GET /twitter-icon.png HTTP/1.1" 200 27787 "http://www.secrepo.com/" "Mozilla/5.0 (Windows NT 6.1; WOW64) AppleWebKit/537.36 (KHTML, like Gecko) Chrome/47.0.2526.106 Safari/537.36" 
221.12.10.218 - - [10/Jan/2016:18:07:04 -0800] "GET /bootstrap/img/favicon.ico HTTP/1.1" 200 590 "http://www.secrepo.com/" "Mozilla/5.0 (Windows NT 6.1; WOW64) AppleWebKit/537.36 (KHTML, like Gecko) Chrome/47.0.2526.106 Safari/537.36" 
151.80.31.120 - - [10/Jan/2016:18:12:05 -0800] "GET /self.logs/access.log.2015-07-07.gz HTTP/1.1" 200 4942 "-" "Mozilla/5.0 (compatible; AhrefsBot/5.0; +http://ahrefs.com/robot/)" 
83.202.122.4 - - [10/Jan/2016:18:13:11 -0800] "GET / HTTP/1.1" 200 8354 "-" "Mozilla/5.0 (Macintosh; Intel Mac OS X 10_11_2) AppleWebKit/601.3.9 (KHTML, like Gecko) Version/9.0.2 Safari/601.3.9" 
83.202.122.4 - - [10/Jan/2016:18:13:12 -0800] "GET /twitter-icon.png HTTP/1.1" 200 27787 "http://www.secrepo.com/" "Mozilla/5.0 (Macintosh; Intel Mac OS X 10_11_2) AppleWebKit/601.3.9 (KHTML, like Gecko) Version/9.0.2 Safari/601.3.9" 
83.202.122.4 - - [10/Jan/2016:18:13:12 -0800] "GET /GitHub-Mark.png HTTP/1.1" 200 7428 "http://www.secrepo.com/" "Mozilla/5.0 (Macintosh; Intel Mac OS X 10_11_2) AppleWebKit/601.3.9 (KHTML, like Gecko) Version/9.0.2 Safari/601.3.9" 
83.202.122.4 - - [10/Jan/2016:18:13:23 -0800] "GET /bootstrap/img/favicon.ico HTTP/1.1" 200 590 "http://www.secrepo.com/" "Mozilla/5.0 (Macintosh; Intel Mac OS X 10_11_2) AppleWebKit/601.3.9 (KHTML, like Gecko) Version/9.0.2 Safari/601.3.9" 
221.12.10.218 - - [10/Jan/2016:18:28:16 -0800] "GET /maccdc2012/conn.log.gz HTTP/1.1" 200 923863 "http://www.secrepo.com/" "Mozilla/5.0 (Windows NT 6.1; WOW64) AppleWebKit/537.36 (KHTML, like Gecko) Chrome/47.0.2526.106 Safari/537.36" 
187.76.237.145 - - [10/Jan/2016:18:34:05 -0800] "GET /GitHub-Mark.png HTTP/1.1" 304 166 "-" "Mozilla/4.0 (compatible;)" 
77.75.79.101 - - [10/Jan/2016:19:13:17 -0800] "GET /robots.txt HTTP/1.1" 200 334 "-" "Mozilla/5.0 (compatible; SeznamBot/3.2; +http://fulltext.sblog.cz/)" 
77.75.79.101 - - [10/Jan/2016:19:13:19 -0800] "GET /zeus/zeus_json.zip HTTP/1.1" 404 340 "-" "Mozilla/5.0 (compatible; SeznamBot/3.2; +http://fulltext.sblog.cz/)" 
199.19.249.196 - - [10/Jan/2016:19:15:17 -0800] "GET / HTTP/1.1" 200 27287 "-" "Mozilla/5.0 (Macintosh; Intel Mac OS X 10_10_5) AppleWebKit/537.36 (KHTML, like Gecko) Chrome/47.0.2526.106 Safari/537.36" 
199.91.135.165 - - [10/Jan/2016:19:15:17 -0800] "GET / HTTP/1.1" 200 27287 "-" "Mozilla/5.0 (Macintosh; Intel Mac OS X 10_10_5) AppleWebKit/537.36 (KHTML, like Gecko) Chrome/47.0.2526.106 Safari/537.36" 
140.168.79.1 - - [10/Jan/2016:19:15:18 -0800] "GET / HTTP/1.1" 200 8354 "http://www.mlsecproject.org/" "Mozilla/5.0 (Macintosh; Intel Mac OS X 10_10_5) AppleWebKit/537.36 (KHTML, like Gecko) Chrome/47.0.2526.106 Safari/537.36" 
140.168.79.1 - - [10/Jan/2016:19:15:51 -0800] "GET /twitter-icon.png HTTP/1.1" 200 27788 "http://www.secrepo.com/" "Mozilla/5.0 (Macintosh; Intel Mac OS X 10_10_5) AppleWebKit/537.36 (KHTML, like Gecko) Chrome/47.0.2526.106 Safari/537.36" 
140.168.79.1 - - [10/Jan/2016:19:15:52 -0800] "GET /GitHub-Mark.png HTTP/1.1" 200 7428 "http://www.secrepo.com/" "Mozilla/5.0 (Macintosh; Intel Mac OS X 10_10_5) AppleWebKit/537.36 (KHTML, like Gecko) Chrome/47.0.2526.106 Safari/537.36" 
140.168.79.1 - - [10/Jan/2016:19:16:26 -0800] "GET /bootstrap/img/favicon.ico HTTP/1.1" 200 590 "http://www.secrepo.com/" "Mozilla/5.0 (Macintosh; Intel Mac OS X 10_10_5) AppleWebKit/537.36 (KHTML, like Gecko) Chrome/47.0.2526.106 Safari/537.36" 
199.19.249.196 - - [10/Jan/2016:19:16:26 -0800] "GET /honeypot/Honeypot%20-%20Howto%20-%20BSides%20Austin.pdf HTTP/1.1" 200 259000 "-" "Mozilla/5.0 (Macintosh; Intel Mac OS X 10_10_5) AppleWebKit/537.36 (KHTML, like Gecko) Chrome/47.0.2526.106 Safari/537.36" 
140.168.79.1 - - [10/Jan/2016:19:16:26 -0800] "GET /honeypot/Honeypot%20-%20Howto%20-%20BSides%20Austin.pdf HTTP/1.1" 200 1578260 "http://www.secrepo.com/" "Mozilla/5.0 (Macintosh; Intel Mac OS X 10_10_5) AppleWebKit/537.36 (KHTML, like Gecko) Chrome/47.0.2526.106 Safari/537.36" 
140.168.79.1 - - [10/Jan/2016:19:16:32 -0800] "GET /honeypot/Honeypot%20-%20Howto%20-%20BSides%20Austin.pdf HTTP/1.1" 200 1353420 "http://www.secrepo.com/honeypot/Honeypot%20-%20Howto%20-%20BSides%20Austin.pdf" "Mozilla/5.0 (Macintosh; Intel Mac OS X 10_10_5) AppleWebKit/537.36 (KHTML, like Gecko) Chrome/47.0.2526.106 Safari/537.36" 
140.168.79.1 - - [10/Jan/2016:19:16:37 -0800] "GET /honeypot/Honeypot%20-%20Howto%20-%20BSides%20Austin.pdf HTTP/1.1" 206 2895749 "http://www.secrepo.com/honeypot/Honeypot%20-%20Howto%20-%20BSides%20Austin.pdf" "Mozilla/5.0 (Macintosh; Intel Mac OS X 10_10_5) AppleWebKit/537.36 (KHTML, like Gecko) Chrome/47.0.2526.106 Safari/537.36" 
140.168.79.1 - - [10/Jan/2016:19:16:56 -0800] "GET /favicon.ico HTTP/1.1" 200 268 "http://www.secrepo.com/honeypot/Honeypot%20-%20Howto%20-%20BSides%20Austin.pdf" "Mozilla/5.0 (Macintosh; Intel Mac OS X 10_10_5) AppleWebKit/537.36 (KHTML, like Gecko) Chrome/47.0.2526.106 Safari/537.36" 
157.55.39.149 - - [10/Jan/2016:19:28:33 -0800] "GET /robots.txt HTTP/1.1" 200 289 "-" "Mozilla/5.0 (compatible; bingbot/2.0; +http://www.bing.com/bingbot.htm)" 
198.84.229.222 - - [10/Jan/2016:19:38:31 -0800] "GET /honeypot/Honeypot%20-%20Howto%20-%20BSides%20Austin.pdf HTTP/1.1" 200 2928460 "http://www.secrepo.com/" "Mozilla/5.0 (Windows NT 6.2; WOW64) AppleWebKit/537.36 (KHTML, like Gecko) Chrome/39.0.2171.95 Safari/537.36" 
198.84.229.222 - - [10/Jan/2016:19:38:35 -0800] "GET /honeypot/Honeypot%20-%20Howto.pdf HTTP/1.1" 200 1279418 "http://www.secrepo.com/" "Mozilla/5.0 (Windows NT 6.2; WOW64) AppleWebKit/537.36 (KHTML, like Gecko) Chrome/39.0.2171.95 Safari/537.36" 
198.84.229.222 - - [10/Jan/2016:19:40:16 -0800] "GET /honeypot/BSidesDFW%20-%202014.ipynb HTTP/1.1" 200 930836 "http://www.secrepo.com/" "Mozilla/5.0 (Windows NT 6.2; WOW64) AppleWebKit/537.36 (KHTML, like Gecko) Chrome/39.0.2171.95 Safari/537.36" 
123.192.7.181 - - [10/Jan/2016:20:08:59 -0800] "GET / HTTP/1.1" 301 483 "http://top1-seo-service.com/try.php?u=http://secrepo.com" "Mozilla/5.0 (Windows NT 6.1; WOW64) AppleWebKit/537.36 (KHTML, like Gecko) Chrome/35.0.1916.153 Safari/537.36" 
123.192.7.181 - - [10/Jan/2016:20:09:01 -0800] "GET / HTTP/1.1" 200 8354 "http://top1-seo-service.com/try.php?u=http://secrepo.com" "Mozilla/5.0 (Windows NT 6.1; WOW64) AppleWebKit/537.36 (KHTML, like Gecko) Chrome/35.0.1916.153 Safari/537.36" 
123.192.7.181 - - [10/Jan/2016:20:09:01 -0800] "GET /twitter-icon.png HTTP/1.1" 200 27787 "http://www.secrepo.com/" "Mozilla/5.0 (Windows NT 6.1; WOW64) AppleWebKit/537.36 (KHTML, like Gecko) Chrome/35.0.1916.153 Safari/537.36" 
123.192.7.181 - - [10/Jan/2016:20:09:03 -0800] "GET /GitHub-Mark.png HTTP/1.1" 200 7428 "http://www.secrepo.com/" "Mozilla/5.0 (Windows NT 6.1; WOW64) AppleWebKit/537.36 (KHTML, like Gecko) Chrome/35.0.1916.153 Safari/537.36" 
207.46.13.144 - - [10/Jan/2016:20:19:43 -0800] "GET / HTTP/1.1" 200 8354 "-" "Mozilla/5.0 (compatible; bingbot/2.0; +http://www.bing.com/bingbot.htm)" 
68.180.231.44 - - [10/Jan/2016:20:43:45 -0800] "GET /robots.txt HTTP/1.1" 200 233 "-" "Mozilla/5.0 (compatible; Yahoo! Slurp; http://help.yahoo.com/help/us/ysearch/slurp)" 
68.180.231.44 - - [10/Jan/2016:20:43:45 -0800] "GET /self.logs/error.log.2015-09-18.gz HTTP/1.1" 200 588 "-" "Mozilla/5.0 (compatible; Yahoo! Slurp; http://help.yahoo.com/help/us/ysearch/slurp)" 
178.137.160.2 - - [10/Jan/2016:20:49:14 -0800] "GET /honeypot/ HTTP/1.1" 200 1077 "http://www.sexkrasivo.net/" "Opera/7.54 (Windows NT 5.1; U)  [pl]" 
178.137.160.2 - - [10/Jan/2016:20:49:14 -0800] "GET /honeypot/ HTTP/1.1" 200 1077 "http://cmd.kz/" "Opera/8.01 (Windows NT 5.1)" 
178.137.160.2 - - [10/Jan/2016:20:49:14 -0800] "GET /honeypot/ HTTP/1.1" 200 1077 "http://sdi-pme.com/" "Mozilla/5.0 (Windows NT 5.1; U; en) Opera 8.01" 
178.137.160.2 - - [10/Jan/2016:20:49:14 -0800] "GET /honeypot/ HTTP/1.1" 200 1077 "http://netpics.org/" "Opera/8.01 (Windows NT 5.1)" 
178.137.160.2 - - [10/Jan/2016:20:49:15 -0800] "GET /honeypot/ HTTP/1.1" 200 1077 "http://www.sexkrasivo.net/" "Opera/7.54 (Windows NT 5.1; U)  [pl]" 
178.137.160.2 - - [10/Jan/2016:20:49:15 -0800] "GET /honeypot/ HTTP/1.1" 200 1077 "http://cmd.kz/" "Opera/8.01 (Windows NT 5.1)" 
178.137.160.2 - - [10/Jan/2016:20:49:15 -0800] "GET /honeypot/ HTTP/1.1" 200 1077 "http://sdi-pme.com/" "Mozilla/5.0 (Windows NT 5.1; U; en) Opera 8.01" 
178.137.160.2 - - [10/Jan/2016:20:49:15 -0800] "GET /honeypot/ HTTP/1.1" 200 1077 "http://netpics.org/" "Opera/8.01 (Windows NT 5.1)" 
178.137.160.2 - - [10/Jan/2016:20:49:15 -0800] "GET /honeypot/ HTTP/1.1" 200 1077 "http://www.sexkrasivo.net/" "Opera/7.54 (Windows NT 5.1; U)  [pl]" 
178.137.160.2 - - [10/Jan/2016:20:49:15 -0800] "GET /honeypot/ HTTP/1.1" 200 1077 "http://cmd.kz/" "Opera/8.01 (Windows NT 5.1)" 
178.137.160.2 - - [10/Jan/2016:20:49:15 -0800] "GET /honeypot/ HTTP/1.1" 200 1077 "http://sdi-pme.com/" "Mozilla/5.0 (Windows NT 5.1; U; en) Opera 8.01" 
178.137.160.2 - - [10/Jan/2016:20:49:15 -0800] "GET /honeypot/ HTTP/1.1" 200 1077 "http://netpics.org/" "Opera/8.01 (Windows NT 5.1)" 
66.249.66.128 - - [10/Jan/2016:20:50:56 -0800] "GET /robots.txt HTTP/1.1" 200 334 "-" "Mozilla/5.0 (compatible; Googlebot/2.1; +http://www.google.com/bot.html)" 
66.249.66.191 - - [10/Jan/2016:20:50:56 -0800] "GET / HTTP/1.1" 200 8354 "-" "Mozilla/5.0 (compatible; Googlebot/2.1; +http://www.google.com/bot.html)" 
46.118.226.141 - - [10/Jan/2016:21:01:28 -0800] "GET /honeypot/ HTTP/1.1" 200 1077 "http://xn--80ahvj9e.xn--p1ai/" "Mozilla/4.0 (compatible; MSIE 6.0; Windows XP)" 
46.118.226.141 - - [10/Jan/2016:21:01:28 -0800] "GET /honeypot/ HTTP/1.1" 200 1077 "http://xn--80ahvj9e.xn--p1ai/" "Mozilla/4.0 (compatible; MSIE 6.0; Windows XP)" 
46.118.226.141 - - [10/Jan/2016:21:01:29 -0800] "GET /honeypot/ HTTP/1.1" 200 1077 "http://xn--80ahvj9e.xn--p1ai/" "Mozilla/4.0 (compatible; MSIE 6.0; Windows XP)" 
151.80.31.120 - - [10/Jan/2016:21:02:08 -0800] "GET /self.logs/error.log.2015-11-19.gz HTTP/1.1" 200 1638 "-" "Mozilla/5.0 (compatible; AhrefsBot/5.0; +http://ahrefs.com/robot/)" 
103.198.52.1 - - [10/Jan/2016:21:29:53 -0800] "GET / HTTP/1.1" 200 8354 "https://www.google.com.my/" "Mozilla/5.0 (Windows NT 6.3; WOW64) AppleWebKit/537.36 (KHTML, like Gecko) Chrome/47.0.2526.106 Safari/537.36" 
103.198.52.1 - - [10/Jan/2016:21:29:54 -0800] "GET /twitter-icon.png HTTP/1.1" 200 27787 "http://www.secrepo.com/" "Mozilla/5.0 (Windows NT 6.3; WOW64) AppleWebKit/537.36 (KHTML, like Gecko) Chrome/47.0.2526.106 Safari/537.36" 
103.198.52.1 - - [10/Jan/2016:21:29:54 -0800] "GET /GitHub-Mark.png HTTP/1.1" 200 7428 "http://www.secrepo.com/" "Mozilla/5.0 (Windows NT 6.3; WOW64) AppleWebKit/537.36 (KHTML, like Gecko) Chrome/47.0.2526.106 Safari/537.36" 
103.198.52.1 - - [10/Jan/2016:21:30:01 -0800] "GET /bootstrap/img/favicon.ico HTTP/1.1" 200 590 "http://www.secrepo.com/" "Mozilla/5.0 (Windows NT 6.3; WOW64) AppleWebKit/537.36 (KHTML, like Gecko) Chrome/47.0.2526.106 Safari/537.36" 
69.30.234.2 - - [10/Jan/2016:21:30:17 -0800] "GET /robots.txt HTTP/1.0" 200 252 "-" "Mozilla/5.0 (compatible; MJ12bot/v1.4.5; http://www.majestic12.co.uk/bot.php?+)" 
69.30.234.2 - - [10/Jan/2016:21:30:19 -0800] "GET /data HTTP/1.0" 404 284 "-" "Mozilla/5.0 (compatible; MJ12bot/v1.4.5; http://www.majestic12.co.uk/bot.php?+)" 
69.30.234.2 - - [10/Jan/2016:21:30:21 -0800] "GET /honeypot//%22http://amunhoney.sourceforge.net//%22 HTTP/1.0" 404 303 "-" "Mozilla/5.0 (compatible; MJ12bot/v1.4.5; http://www.majestic12.co.uk/bot.php?+)" 
69.30.234.2 - - [10/Jan/2016:21:30:24 -0800] "GET /honeypot//%22http://glastopf.org//%22 HTTP/1.0" 404 303 "-" "Mozilla/5.0 (compatible; MJ12bot/v1.4.5; http://www.majestic12.co.uk/bot.php?+)" 
69.30.234.2 - - [10/Jan/2016:21:30:26 -0800] "GET /honeypot//%22http://www.maxmind.com/%22 HTTP/1.0" 404 303 "-" "Mozilla/5.0 (compatible; MJ12bot/v1.4.5; http://www.majestic12.co.uk/bot.php?+)" 
69.30.234.2 - - [10/Jan/2016:21:30:28 -0800] "GET /honeypot//%22https://twitter.com/sooshie/%22 HTTP/1.0" 404 303 "-" "Mozilla/5.0 (compatible; MJ12bot/v1.4.5; http://www.majestic12.co.uk/bot.php?+)" 
202.43.129.25 - - [10/Jan/2016:21:43:30 -0800] "GET / HTTP/1.1" 301 483 "-" "Mozilla/5.0 (Windows NT 6.1; WOW64; Trident/7.0; rv:11.0) like Gecko" 
202.43.129.25 - - [10/Jan/2016:21:43:31 -0800] "GET / HTTP/1.1" 200 8354 "-" "Mozilla/5.0 (Windows NT 6.1; WOW64; Trident/7.0; rv:11.0) like Gecko" 
202.43.129.25 - - [10/Jan/2016:21:43:32 -0800] "GET /twitter-icon.png HTTP/1.1" 200 27787 "http://www.secrepo.com/" "Mozilla/5.0 (Windows NT 6.1; WOW64; Trident/7.0; rv:11.0) like Gecko" 
202.43.129.25 - - [10/Jan/2016:21:43:32 -0800] "GET /GitHub-Mark.png HTTP/1.1" 200 7428 "http://www.secrepo.com/" "Mozilla/5.0 (Windows NT 6.1; WOW64; Trident/7.0; rv:11.0) like Gecko" 
202.43.129.25 - - [10/Jan/2016:21:43:33 -0800] "GET /bootstrap/img/favicon.ico HTTP/1.1" 200 589 "-" "Mozilla/5.0 (Windows NT 6.1; Win64; x64; Trident/7.0; rv:11.0) like Gecko" 
157.55.39.149 - - [10/Jan/2016:21:44:13 -0800] "GET /honeypot/Honeypot%20-%20Howto.pdf HTTP/1.1" 200 1279418 "-" "Mozilla/5.0 (iPhone; CPU iPhone OS 7_0 like Mac OS X) AppleWebKit/537.51.1 (KHTML, like Gecko) Version/7.0 Mobile/11A465 Safari/9537.53 (compatible; bingbot/2.0;  http://www.bing.com/bingbot.htm)" 
157.55.39.149 - - [10/Jan/2016:21:44:51 -0800] "GET /self.logs/access.log.2015-11-11.gz HTTP/1.1" 200 5243 "-" "Mozilla/5.0 (compatible; bingbot/2.0; +http://www.bing.com/bingbot.htm)" 
202.43.129.25 - - [10/Jan/2016:21:46:17 -0800] "GET /browserconfig.xml HTTP/1.1" 404 340 "-" "Mozilla/5.0 (Windows NT 6.1; Win64; x64; Trident/7.0; rv:11.0) like Gecko" 
107.150.42.186 - - [10/Jan/2016:21:53:36 -0800] "GET / HTTP/1.1" 200 8354 "-" "Mozilla/5.0 (Windows NT 6.1; Trident/7.0; rv:11.0) like Gecko" 
46.118.126.200 - - [10/Jan/2016:21:59:46 -0800] "GET /honeypot/ HTTP/1.1" 200 1077 "http://sachaan.com/" "Mozilla/4.7 (compatible; OffByOne; Windows 2000) Webster Pro V3.4" 
46.118.126.200 - - [10/Jan/2016:21:59:47 -0800] "GET /honeypot/ HTTP/1.1" 200 1077 "http://sachaan.com/" "Mozilla/4.7 (compatible; OffByOne; Windows 2000) Webster Pro V3.4" 
46.118.126.200 - - [10/Jan/2016:21:59:47 -0800] "GET /honeypot/ HTTP/1.1" 200 1077 "http://sachaan.com/" "Mozilla/4.7 (compatible; OffByOne; Windows 2000) Webster Pro V3.4" 
122.15.156.64 - - [10/Jan/2016:22:11:43 -0800] "GET / HTTP/1.1" 200 8354 "http://www.mlsecproject.org/" "Mozilla/5.0 (compatible; MSIE 10.0; Windows NT 6.2; Trident/6.0)" 
199.116.169.254 - - [10/Jan/2016:22:11:43 -0800] "GET / HTTP/1.1" 200 27287 "-" "Mozilla/5.0 (compatible; MSIE 10.0; Windows NT 6.2; Trident/6.0)" 
122.15.156.64 - - [10/Jan/2016:22:11:43 -0800] "GET /twitter-icon.png HTTP/1.1" 200 27787 "http://www.secrepo.com/" "Mozilla/5.0 (compatible; MSIE 10.0; Windows NT 6.2; Trident/6.0)" 
122.15.156.64 - - [10/Jan/2016:22:11:43 -0800] "GET /GitHub-Mark.png HTTP/1.1" 200 7428 "http://www.secrepo.com/" "Mozilla/5.0 (compatible; MSIE 10.0; Windows NT 6.2; Trident/6.0)" 
122.15.156.64 - - [10/Jan/2016:22:11:44 -0800] "GET /bootstrap/img/favicon.ico HTTP/1.1" 200 589 "-" "Mozilla/5.0 (compatible; MSIE 10.0; Windows NT 6.2; Trident/6.0)" 
76.176.42.106 - - [10/Jan/2016:22:18:13 -0800] "GET / HTTP/1.1" 200 8354 "http://www.mlsecproject.org/" "Mozilla/5.0 (Macintosh; Intel Mac OS X 10_11_2) AppleWebKit/537.36 (KHTML, like Gecko) Chrome/47.0.2526.106 Safari/537.36" 
76.176.42.106 - - [10/Jan/2016:22:18:13 -0800] "GET /twitter-icon.png HTTP/1.1" 200 27787 "http://www.secrepo.com/" "Mozilla/5.0 (Macintosh; Intel Mac OS X 10_11_2) AppleWebKit/537.36 (KHTML, like Gecko) Chrome/47.0.2526.106 Safari/537.36" 
76.176.42.106 - - [10/Jan/2016:22:18:13 -0800] "GET /GitHub-Mark.png HTTP/1.1" 200 7428 "http://www.secrepo.com/" "Mozilla/5.0 (Macintosh; Intel Mac OS X 10_11_2) AppleWebKit/537.36 (KHTML, like Gecko) Chrome/47.0.2526.106 Safari/537.36" 
76.176.42.106 - - [10/Jan/2016:22:18:13 -0800] "GET /bootstrap/img/favicon.ico HTTP/1.1" 200 589 "http://www.secrepo.com/" "Mozilla/5.0 (Macintosh; Intel Mac OS X 10_11_2) AppleWebKit/537.36 (KHTML, like Gecko) Chrome/47.0.2526.106 Safari/537.36" 
180.76.15.10 - - [10/Jan/2016:22:30:01 -0800] "GET / HTTP/1.1" 200 21900 "-" "Mozilla/5.0 (compatible; Baiduspider/2.0; +http://www.baidu.com/search/spider.html)" 
180.76.15.18 - - [10/Jan/2016:22:30:36 -0800] "GET / HTTP/1.1" 200 21900 "-" "Mozilla/5.0 (compatible; Baiduspider/2.0; +http://www.baidu.com/search/spider.html)" 
94.224.111.74 - - [10/Jan/2016:23:13:58 -0800] "GET /favicon.ico HTTP/1.1" 200 268 "http://www.secrepo.com/honeypot/Honeypot%20-%20Howto.pdf" "Mozilla/5.0 (Windows NT 6.1; WOW64) AppleWebKit/537.36 (KHTML, like Gecko) Chrome/47.0.2526.106 Safari/537.36" 
94.224.111.74 - - [10/Jan/2016:23:13:59 -0800] "GET /honeypot/Honeypot%20-%20Howto.pdf HTTP/1.1" 206 33098 "http://www.secrepo.com/honeypot/Honeypot%20-%20Howto.pdf" "Mozilla/5.0 (Windows NT 6.1; WOW64) AppleWebKit/537.36 (KHTML, like Gecko) Chrome/47.0.2526.106 Safari/537.36" 
