68.180.230.181 - - [30/May/2017:02:17:19 -0700] "GET /self.logs/error.log.2016-02-17.gz HTTP/1.1" 304 132 "-" "Mozilla/5.0 (compatible; Yahoo! Slurp; http://help.yahoo.com/help/us/ysearch/slurp)" 
164.132.161.81 - - [30/May/2017:02:18:15 -0700] "GET /self.logs/error.log.2017-05-22.gz HTTP/1.1" 200 877 "-" "Mozilla/5.0 (compatible; AhrefsBot/5.2; +http://ahrefs.com/robot/)" 
78.1.182.143 - - [30/May/2017:02:21:28 -0700] "GET /bootstrap/img/favicon.ico HTTP/1.1" 200 590 "-" "Mozilla/5.0 (X11; OpenBSD i386; rv:43.0) Gecko/20100101 Firefox/43.0 SeaMonkey/2.40" 
203.133.168.157 - - [30/May/2017:02:22:04 -0700] "GET /robots.txt HTTP/1.1" 200 289 "-" "Mozilla/5.0 (compatible; Daum/4.1; +http://cs.daum.net/faq/15/4118.html?faqId=28966)" 
203.133.168.157 - - [30/May/2017:02:22:04 -0700] "GET /tg/a.zip HTTP/1.1" 200 37780420 "-" "Mozilla/5.0 (compatible; Daum/4.1; +http://cs.daum.net/faq/15/4118.html?faqId=28966)" 
47.15.14.47 - - [30/May/2017:02:24:33 -0700] "GET /wp-login.php HTTP/1.1" 301 522 "-" "Mozilla/5.0 (Windows NT 6.1; WOW64; rv:40.0) Gecko/20100101 Firefox/40.1" 
47.15.14.47 - - [30/May/2017:02:24:36 -0700] "GET /wp-login.php HTTP/1.1" 404 295 "-" "Mozilla/5.0 (Windows NT 6.1; WOW64; rv:40.0) Gecko/20100101 Firefox/40.1" 
47.15.14.47 - - [30/May/2017:02:24:42 -0700] "GET /wp-login.php HTTP/1.1" 301 522 "-" "Mozilla/5.0 (Windows NT 6.1; WOW64; rv:40.0) Gecko/20100101 Firefox/40.1" 
47.15.14.47 - - [30/May/2017:02:24:42 -0700] "GET /wp-login.php HTTP/1.1" 404 295 "-" "Mozilla/5.0 (Windows NT 6.1; WOW64; rv:40.0) Gecko/20100101 Firefox/40.1" 
47.15.14.47 - - [30/May/2017:02:24:48 -0700] "GET / HTTP/1.1" 301 498 "-" "Mozilla/5.0 (Windows NT 6.1; WOW64; rv:40.0) Gecko/20100101 Firefox/40.1" 
47.15.14.47 - - [30/May/2017:02:24:49 -0700] "GET / HTTP/1.1" 200 36475 "-" "Mozilla/5.0 (Windows NT 6.1; WOW64; rv:40.0) Gecko/20100101 Firefox/40.1" 
14.139.155.243 - - [30/May/2017:02:25:29 -0700] "GET / HTTP/1.1" 200 10792 "https://www.google.co.in/" "Mozilla/5.0 (Windows NT 6.2; Win64; x64; rv:52.0) Gecko/20100101 Firefox/52.0" 
14.139.155.243 - - [30/May/2017:02:25:33 -0700] "GET /bootstrap/img/favicon.ico HTTP/1.1" 200 590 "-" "Mozilla/5.0 (Windows NT 6.2; Win64; x64; rv:52.0) Gecko/20100101 Firefox/52.0" 
14.139.155.243 - - [30/May/2017:02:25:37 -0700] "GET /GitHub-Mark.png HTTP/1.1" 200 7428 "http://www.secrepo.com/" "Mozilla/5.0 (Windows NT 6.2; Win64; x64; rv:52.0) Gecko/20100101 Firefox/52.0" 
14.139.155.243 - - [30/May/2017:02:25:38 -0700] "GET /twitter-icon.png HTTP/1.1" 200 27788 "http://www.secrepo.com/" "Mozilla/5.0 (Windows NT 6.2; Win64; x64; rv:52.0) Gecko/20100101 Firefox/52.0" 
51.255.65.66 - - [30/May/2017:02:31:18 -0700] "GET /self.logs/access.log.2017-05-18.gz HTTP/1.1" 200 25722 "-" "Mozilla/5.0 (compatible; AhrefsBot/5.2; +http://ahrefs.com/robot/)" 
164.132.161.22 - - [30/May/2017:02:31:27 -0700] "GET /self.logs/access.log.2017-05-22.gz HTTP/1.1" 200 18367 "-" "Mozilla/5.0 (compatible; AhrefsBot/5.2; +http://ahrefs.com/robot/)" 
42.236.12.190 - - [30/May/2017:02:32:59 -0700] "GET / HTTP/1.1" 200 10792 "http://www.secrepo.com/" "Mozilla/5.0 (Windows NT 6.1; WOW64) AppleWebKit/537.36 (KHTML, like Gecko) Chrome/50.0.2661.102 Safari/537.36; 360Spider" 
66.249.66.197 - - [30/May/2017:02:36:32 -0700] "GET / HTTP/1.1" 301 483 "-" "Mozilla/5.0 (compatible; Googlebot/2.1; +http://www.google.com/bot.html)" 
66.249.66.84 - - [30/May/2017:02:36:33 -0700] "GET / HTTP/1.1" 200 10792 "-" "Mozilla/5.0 (compatible; Googlebot/2.1; +http://www.google.com/bot.html)" 
51.255.71.98 - - [30/May/2017:02:37:02 -0700] "GET /self.logs/access.log.2017-05-25.gz HTTP/1.1" 200 36248 "-" "Mozilla/5.0 (compatible; AhrefsBot/5.2; +http://ahrefs.com/robot/)" 
64.180.52.178 - - [30/May/2017:02:42:37 -0700] "GET /wp-login.php HTTP/1.1" 404 295 "-" "Mozilla/5.0 (Windows NT 6.1; WOW64; rv:40.0) Gecko/20100101 Firefox/40.1" 
64.180.52.178 - - [30/May/2017:02:42:42 -0700] "GET /wp-login.php HTTP/1.1" 404 295 "-" "Mozilla/5.0 (Windows NT 6.1; WOW64; rv:40.0) Gecko/20100101 Firefox/40.1" 
64.180.52.178 - - [30/May/2017:02:42:47 -0700] "GET / HTTP/1.1" 200 36475 "-" "Mozilla/5.0 (Windows NT 6.1; WOW64; rv:40.0) Gecko/20100101 Firefox/40.1" 
213.205.252.152 - - [30/May/2017:02:43:09 -0700] "GET / HTTP/1.1" 200 10792 "-" "Mozilla/5.0 (Macintosh; Intel Mac OS X 10_11_1) AppleWebKit/601.2.7 (KHTML, like Gecko) Version/9.0.1 Safari/601.2.7" 
213.205.252.152 - - [30/May/2017:02:43:09 -0700] "GET /twitter-icon.png HTTP/1.1" 200 27787 "http://www.secrepo.com/" "Mozilla/5.0 (Macintosh; Intel Mac OS X 10_11_1) AppleWebKit/601.2.7 (KHTML, like Gecko) Version/9.0.1 Safari/601.2.7" 
213.205.252.152 - - [30/May/2017:02:43:09 -0700] "GET /GitHub-Mark.png HTTP/1.1" 200 7428 "http://www.secrepo.com/" "Mozilla/5.0 (Macintosh; Intel Mac OS X 10_11_1) AppleWebKit/601.2.7 (KHTML, like Gecko) Version/9.0.1 Safari/601.2.7" 
213.205.252.152 - - [30/May/2017:02:43:11 -0700] "GET /bootstrap/img/favicon.ico HTTP/1.1" 200 589 "http://www.secrepo.com/" "Mozilla/5.0 (Macintosh; Intel Mac OS X 10_11_1) AppleWebKit/601.2.7 (KHTML, like Gecko) Version/9.0.1 Safari/601.2.7" 
124.253.6.98 - - [30/May/2017:02:43:51 -0700] "GET / HTTP/1.1" 200 10792 "https://www.google.co.in/" "Mozilla/5.0 (Windows NT 6.1; rv:54.0) Gecko/20100101 Firefox/54.0" 
124.253.6.98 - - [30/May/2017:02:43:52 -0700] "GET /bootstrap/img/favicon.ico HTTP/1.1" 200 589 "-" "Mozilla/5.0 (Windows NT 6.1; rv:54.0) Gecko/20100101 Firefox/54.0" 
124.253.6.98 - - [30/May/2017:02:43:53 -0700] "GET /twitter-icon.png HTTP/1.1" 200 27787 "http://www.secrepo.com/" "Mozilla/5.0 (Windows NT 6.1; rv:54.0) Gecko/20100101 Firefox/54.0" 
124.253.6.98 - - [30/May/2017:02:43:53 -0700] "GET /GitHub-Mark.png HTTP/1.1" 200 7428 "http://www.secrepo.com/" "Mozilla/5.0 (Windows NT 6.1; rv:54.0) Gecko/20100101 Firefox/54.0" 
120.192.95.88 - - [30/May/2017:02:45:21 -0700] "GET /maccdc2012/maccdc2012_full_alert.7z HTTP/1.1" 304 132 "-" "Mozilla/5.0 Gecko/20100115 Firefox/3.6" 
217.182.132.85 - - [30/May/2017:02:49:04 -0700] "GET /self.logs/access.log.2016-06-25.gz HTTP/1.1" 200 5753 "-" "Mozilla/5.0 (compatible; AhrefsBot/5.2; +http://ahrefs.com/robot/)" 
14.139.155.243 - - [30/May/2017:02:26:19 -0700] "GET /Security-Data-Analysis/Lab_1/conn.log.zip HTTP/1.1" 200 549098528 "http://www.secrepo.com/" "Mozilla/5.0 (Windows NT 6.2; Win64; x64; rv:52.0) Gecko/20100101 Firefox/52.0" 
120.221.1.28 - - [30/May/2017:03:15:58 -0700] "GET /maccdc2012/files.log.gz HTTP/1.1" 304 155 "-" "Mozilla/5.0 Gecko/20100115 Firefox/3.6" 
68.180.230.181 - - [30/May/2017:03:17:24 -0700] "GET /self.logs/error.log.2016-05-09.gz HTTP/1.1" 200 596 "-" "Mozilla/5.0 (compatible; Yahoo! Slurp; http://help.yahoo.com/help/us/ysearch/slurp)" 
217.182.132.92 - - [30/May/2017:03:18:44 -0700] "GET /self.logs/error.log.2016-01-29.gz HTTP/1.1" 200 613 "-" "Mozilla/5.0 (compatible; AhrefsBot/5.2; +http://ahrefs.com/robot/)" 
68.180.230.181 - - [30/May/2017:03:20:30 -0700] "GET /self.logs/access.log.2016-08-11.gz HTTP/1.1" 200 17478 "-" "Mozilla/5.0 (compatible; Yahoo! Slurp; http://help.yahoo.com/help/us/ysearch/slurp)" 
121.242.29.87 - - [30/May/2017:03:21:49 -0700] "GET / HTTP/1.1" 200 10792 "https://www.google.co.in/" "Mozilla/5.0 (Windows NT 6.1; WOW64) AppleWebKit/537.36 (KHTML, like Gecko) Chrome/58.0.3029.110 Safari/537.36" 
121.242.29.87 - - [30/May/2017:03:21:50 -0700] "GET /twitter-icon.png HTTP/1.1" 200 27787 "http://www.secrepo.com/" "Mozilla/5.0 (Windows NT 6.1; WOW64) AppleWebKit/537.36 (KHTML, like Gecko) Chrome/58.0.3029.110 Safari/537.36" 
121.242.29.87 - - [30/May/2017:03:21:50 -0700] "GET /GitHub-Mark.png HTTP/1.1" 200 7428 "http://www.secrepo.com/" "Mozilla/5.0 (Windows NT 6.1; WOW64) AppleWebKit/537.36 (KHTML, like Gecko) Chrome/58.0.3029.110 Safari/537.36" 
121.242.29.87 - - [30/May/2017:03:21:51 -0700] "GET /bootstrap/img/favicon.ico HTTP/1.1" 200 589 "http://www.secrepo.com/" "Mozilla/5.0 (Windows NT 6.1; WOW64) AppleWebKit/537.36 (KHTML, like Gecko) Chrome/58.0.3029.110 Safari/537.36" 
66.249.66.84 - - [30/May/2017:03:29:32 -0700] "GET / HTTP/1.1" 200 10792 "-" "Mozilla/5.0 (Linux; Android 6.0.1; Nexus 5X Build/MMB29P) AppleWebKit/537.36 (KHTML, like Gecko) Chrome/41.0.2272.96 Mobile Safari/537.36 (compatible; Googlebot/2.1; +http://www.google.com/bot.html)" 
68.180.230.181 - - [30/May/2017:03:29:35 -0700] "GET /self.logs/access.log.2017-04-10.gz HTTP/1.1" 200 49939 "-" "Mozilla/5.0 (compatible; Yahoo! Slurp; http://help.yahoo.com/help/us/ysearch/slurp)" 
68.180.230.181 - - [30/May/2017:03:35:57 -0700] "GET /self.logs/access.log.2015-12-21.gz HTTP/1.1" 200 10525 "-" "Mozilla/5.0 (compatible; Yahoo! Slurp; http://help.yahoo.com/help/us/ysearch/slurp)" 
68.180.230.181 - - [30/May/2017:03:35:59 -0700] "GET /self.logs/error.log.2017-03-17.gz HTTP/1.1" 200 995 "-" "Mozilla/5.0 (compatible; Yahoo! Slurp; http://help.yahoo.com/help/us/ysearch/slurp)" 
51.255.71.111 - - [30/May/2017:03:40:09 -0700] "GET /self.logs/error.log.2017-05-24.gz HTTP/1.1" 200 944 "-" "Mozilla/5.0 (compatible; AhrefsBot/5.2; +http://ahrefs.com/robot/)" 
51.255.65.81 - - [30/May/2017:03:49:51 -0700] "GET /self.logs/error.log.2016-01-08.gz HTTP/1.1" 200 787 "-" "Mozilla/5.0 (compatible; AhrefsBot/5.2; +http://ahrefs.com/robot/)" 
217.182.132.63 - - [30/May/2017:03:51:33 -0700] "GET /self.logs/access.log.2015-10-17.gz HTTP/1.1" 200 4564 "-" "Mozilla/5.0 (compatible; AhrefsBot/5.2; +http://ahrefs.com/robot/)" 
195.69.49.26 - - [30/May/2017:03:54:53 -0700] "GET /maccdc2012/dns.log.gz HTTP/1.1" 200 6629420 "-" "Mozilla/5.0 (Macintosh; Intel Mac OS X 10_12_5) AppleWebKit/537.36 (KHTML, like Gecko) Chrome/58.0.3029.110 Safari/537.36" 
148.62.14.207 - - [30/May/2017:03:55:27 -0700] "GET /robots.txt HTTP/1.1" 301 446 "-" "Tornado-Async-Client" 
148.62.14.207 - - [30/May/2017:03:55:27 -0700] "GET /robots.txt HTTP/1.1" 304 130 "-" "Tornado-Async-Client" 
148.62.14.207 - - [30/May/2017:03:55:27 -0700] "GET /honeypot/BSidesDFW%20-%202014.ipynb HTTP/1.1" 301 484 "-" "Tornado-Async-Client" 
148.62.14.207 - - [30/May/2017:03:55:27 -0700] "GET /honeypot/BSidesDFW%20-%202014.ipynb HTTP/1.1" 200 930780 "-" "Tornado-Async-Client" 
195.69.49.26 - - [30/May/2017:03:54:58 -0700] "GET /maccdc2012/files.log.gz HTTP/1.1" 200 51408672 "-" "Mozilla/5.0 (Macintosh; Intel Mac OS X 10_12_5) AppleWebKit/537.36 (KHTML, like Gecko) Chrome/58.0.3029.110 Safari/537.36" 
137.74.207.101 - - [30/May/2017:03:57:26 -0700] "GET /self.logs/access.log.2015-03-22.gz HTTP/1.1" 200 3623 "-" "Mozilla/5.0 (compatible; AhrefsBot/5.2; +http://ahrefs.com/robot/)" 
114.244.226.16 - - [30/May/2017:04:06:34 -0700] "GET /maccdc2012/files.log.gz HTTP/1.1" 200 2182952 "-" "Mozilla/5.0 (compatible; MSIE 6.0; Windows NT 5.0)" 
114.244.226.16 - - [30/May/2017:04:06:34 -0700] "GET /maccdc2012/files.log.gz HTTP/1.1" 200 3744624 "-" "Mozilla/5.0 (compatible; MSIE 6.0; Windows NT 5.0)" 
114.244.226.16 - - [30/May/2017:04:06:34 -0700] "GET /maccdc2012/files.log.gz HTTP/1.1" 200 3441044 "-" "Mozilla/5.0 (compatible; MSIE 6.0; Windows NT 5.0)" 
114.244.226.16 - - [30/May/2017:04:06:34 -0700] "GET /maccdc2012/files.log.gz HTTP/1.1" 200 3775688 "-" "Mozilla/5.0 (compatible; MSIE 6.0; Windows NT 5.0)" 
52.168.161.70 - - [30/May/2017:04:12:12 -0700] "HEAD / HTTP/1.1" 301 253 "https://www.google.com/" "Mozilla/5.0 (compatible; epicbot; +http://www.epictions.com/epicbot)" 
52.168.161.70 - - [30/May/2017:04:12:14 -0700] "HEAD / HTTP/1.1" 301 253 "https://www.google.com/" "Mozilla/5.0 (compatible; epicbot; +http://www.epictions.com/epicbot)" 
52.168.161.70 - - [30/May/2017:04:12:14 -0700] "HEAD / HTTP/1.1" 301 253 "https://www.google.com/" "Mozilla/5.0 (compatible; epicbot; +http://www.epictions.com/epicbot)" 
217.182.132.27 - - [30/May/2017:04:25:21 -0700] "GET /self.logs/access.log.2016-04-24.gz HTTP/1.1" 200 7779 "-" "Mozilla/5.0 (compatible; AhrefsBot/5.2; +http://ahrefs.com/robot/)" 
212.57.215.89 - - [30/May/2017:04:27:58 -0700] "GET /self.logs/ HTTP/1.1" 200 17604 "http://enigmater.blogspot.fr/2017/03/intrusion-detection-based-on-supervised.html" "Mozilla/5.0 (Windows NT 10.0; Win64; x64) AppleWebKit/537.36 (KHTML, like Gecko) Chrome/58.0.3029.110 Safari/537.36" 
212.57.215.89 - - [30/May/2017:04:27:59 -0700] "GET /favicon.ico HTTP/1.1" 200 267 "http://www.secrepo.com/self.logs/" "Mozilla/5.0 (Windows NT 10.0; Win64; x64) AppleWebKit/537.36 (KHTML, like Gecko) Chrome/58.0.3029.110 Safari/537.36" 
212.57.215.89 - - [30/May/2017:04:28:01 -0700] "GET /self.logs/access.log.2015-01-18.gz HTTP/1.1" 200 3435 "http://www.secrepo.com/self.logs/" "Mozilla/5.0 (Windows NT 10.0; Win64; x64) AppleWebKit/537.36 (KHTML, like Gecko) Chrome/58.0.3029.110 Safari/537.36" 
68.180.230.181 - - [30/May/2017:04:30:44 -0700] "GET /self.logs/access.log.2017-02-13.gz HTTP/1.1" 200 25474 "-" "Mozilla/5.0 (compatible; Yahoo! Slurp; http://help.yahoo.com/help/us/ysearch/slurp)" 
66.249.66.84 - - [30/May/2017:04:33:46 -0700] "GET / HTTP/1.1" 200 10792 "-" "Mozilla/5.0 (Linux; Android 6.0.1; Nexus 5X Build/MMB29P) AppleWebKit/537.36 (KHTML, like Gecko) Chrome/41.0.2272.96 Mobile Safari/537.36 (compatible; Googlebot/2.1; +http://www.google.com/bot.html)" 
52.168.161.70 - - [30/May/2017:04:34:17 -0700] "HEAD / HTTP/1.1" 301 253 "https://www.google.com/" "Mozilla/5.0 (compatible; epicbot; +http://www.epictions.com/epicbot)" 
52.168.161.70 - - [30/May/2017:04:34:17 -0700] "HEAD / HTTP/1.1" 301 253 "https://www.google.com/" "Mozilla/5.0 (compatible; epicbot; +http://www.epictions.com/epicbot)" 
52.168.161.70 - - [30/May/2017:04:34:17 -0700] "HEAD / HTTP/1.1" 301 253 "https://www.google.com/" "Mozilla/5.0 (compatible; epicbot; +http://www.epictions.com/epicbot)" 
52.168.161.70 - - [30/May/2017:04:34:17 -0700] "HEAD / HTTP/1.1" 301 253 "https://www.google.com/" "Mozilla/5.0 (compatible; epicbot; +http://www.epictions.com/epicbot)" 
52.168.161.70 - - [30/May/2017:04:34:19 -0700] "HEAD / HTTP/1.1" 301 253 "https://www.google.com/" "Mozilla/5.0 (compatible; epicbot; +http://www.epictions.com/epicbot)" 
52.168.161.70 - - [30/May/2017:04:34:19 -0700] "HEAD / HTTP/1.1" 301 253 "https://www.google.com/" "Mozilla/5.0 (compatible; epicbot; +http://www.epictions.com/epicbot)" 
52.168.161.70 - - [30/May/2017:04:34:19 -0700] "HEAD / HTTP/1.1" 301 253 "https://www.google.com/" "Mozilla/5.0 (compatible; epicbot; +http://www.epictions.com/epicbot)" 
52.168.161.70 - - [30/May/2017:04:34:19 -0700] "HEAD / HTTP/1.1" 301 253 "https://www.google.com/" "Mozilla/5.0 (compatible; epicbot; +http://www.epictions.com/epicbot)" 
52.168.161.70 - - [30/May/2017:04:34:19 -0700] "HEAD / HTTP/1.1" 301 253 "https://www.google.com/" "Mozilla/5.0 (compatible; epicbot; +http://www.epictions.com/epicbot)" 
52.168.161.70 - - [30/May/2017:04:34:19 -0700] "HEAD / HTTP/1.1" 301 253 "https://www.google.com/" "Mozilla/5.0 (compatible; epicbot; +http://www.epictions.com/epicbot)" 
52.168.161.70 - - [30/May/2017:04:34:19 -0700] "HEAD / HTTP/1.1" 301 253 "https://www.google.com/" "Mozilla/5.0 (compatible; epicbot; +http://www.epictions.com/epicbot)" 
52.168.161.70 - - [30/May/2017:04:34:19 -0700] "HEAD / HTTP/1.1" 301 253 "https://www.google.com/" "Mozilla/5.0 (compatible; epicbot; +http://www.epictions.com/epicbot)" 
78.1.182.143 - - [30/May/2017:04:39:08 -0700] "GET /bootstrap/img/favicon.ico HTTP/1.1" 200 590 "-" "Mozilla/5.0 (X11; Linux x86_64; rv:49.0) Gecko/20100101 Firefox/49.0" 
89.114.201.26 - - [30/May/2017:04:42:27 -0700] "GET /wp-login.php HTTP/1.1" 301 522 "-" "Mozilla/5.0 (Windows NT 6.1; WOW64; rv:40.0) Gecko/20100101 Firefox/40.1" 
89.114.201.26 - - [30/May/2017:04:42:28 -0700] "GET /wp-login.php HTTP/1.1" 404 295 "-" "Mozilla/5.0 (Windows NT 6.1; WOW64; rv:40.0) Gecko/20100101 Firefox/40.1" 
89.114.201.26 - - [30/May/2017:04:42:33 -0700] "GET /wp-login.php HTTP/1.1" 301 522 "-" "Mozilla/5.0 (Windows NT 6.1; WOW64; rv:40.0) Gecko/20100101 Firefox/40.1" 
89.114.201.26 - - [30/May/2017:04:42:33 -0700] "GET /wp-login.php HTTP/1.1" 404 295 "-" "Mozilla/5.0 (Windows NT 6.1; WOW64; rv:40.0) Gecko/20100101 Firefox/40.1" 
89.114.201.26 - - [30/May/2017:04:42:39 -0700] "GET / HTTP/1.1" 301 498 "-" "Mozilla/5.0 (Windows NT 6.1; WOW64; rv:40.0) Gecko/20100101 Firefox/40.1" 
89.114.201.26 - - [30/May/2017:04:42:39 -0700] "GET / HTTP/1.1" 200 36475 "-" "Mozilla/5.0 (Windows NT 6.1; WOW64; rv:40.0) Gecko/20100101 Firefox/40.1" 
156.35.152.13 - - [30/May/2017:04:45:24 -0700] "GET / HTTP/1.1" 200 10792 "https://www.google.es/" "Mozilla/5.0 (Windows NT 6.1; WOW64; rv:53.0) Gecko/20100101 Firefox/53.0" 
156.35.152.13 - - [30/May/2017:04:45:24 -0700] "GET /bootstrap/img/favicon.ico HTTP/1.1" 200 589 "-" "Mozilla/5.0 (Windows NT 6.1; WOW64; rv:53.0) Gecko/20100101 Firefox/53.0" 
156.35.152.13 - - [30/May/2017:04:45:25 -0700] "GET /twitter-icon.png HTTP/1.1" 200 27787 "http://www.secrepo.com/" "Mozilla/5.0 (Windows NT 6.1; WOW64; rv:53.0) Gecko/20100101 Firefox/53.0" 
156.35.152.13 - - [30/May/2017:04:45:25 -0700] "GET /GitHub-Mark.png HTTP/1.1" 200 7427 "http://www.secrepo.com/" "Mozilla/5.0 (Windows NT 6.1; WOW64; rv:53.0) Gecko/20100101 Firefox/53.0" 
52.168.161.70 - - [30/May/2017:04:45:43 -0700] "HEAD / HTTP/1.1" 200 282 "https://www.google.com/" "Mozilla/5.0 (compatible; epicbot; +http://www.epictions.com/epicbot)" 
52.168.161.70 - - [30/May/2017:04:45:47 -0700] "HEAD / HTTP/1.1" 200 282 "https://www.google.com/" "Mozilla/5.0 (compatible; epicbot; +http://www.epictions.com/epicbot)" 
52.168.161.70 - - [30/May/2017:04:45:47 -0700] "HEAD / HTTP/1.1" 200 282 "https://www.google.com/" "Mozilla/5.0 (compatible; epicbot; +http://www.epictions.com/epicbot)" 
68.180.230.181 - - [30/May/2017:04:46:01 -0700] "GET /self.logs/error.log.2015-07-01.gz HTTP/1.1" 200 989 "-" "Mozilla/5.0 (compatible; Yahoo! Slurp; http://help.yahoo.com/help/us/ysearch/slurp)" 
68.180.230.181 - - [30/May/2017:04:46:27 -0700] "GET /self.logs/access.log.2016-06-24.gz HTTP/1.1" 200 8782 "-" "Mozilla/5.0 (compatible; Yahoo! Slurp; http://help.yahoo.com/help/us/ysearch/slurp)" 
217.182.132.86 - - [30/May/2017:04:51:39 -0700] "GET /self.logs/error.log.2015-08-18.gz HTTP/1.1" 200 694 "-" "Mozilla/5.0 (compatible; AhrefsBot/5.2; +http://ahrefs.com/robot/)" 
164.132.161.52 - - [30/May/2017:04:52:25 -0700] "GET /self.logs/error.log.2016-09-20.gz HTTP/1.1" 200 1439 "-" "Mozilla/5.0 (compatible; AhrefsBot/5.2; +http://ahrefs.com/robot/)" 
163.152.3.134 - - [30/May/2017:04:57:44 -0700] "GET / HTTP/1.1" 200 10792 "-" "Mozilla/5.0 (Linux; Android 6.0.1; SM-A700K Build/MMB29M; wv) AppleWebKit/537.36 (KHTML, like Gecko) Version/4.0 Chrome/58.0.3029.83 Mobile Safari/537.36;KAKAOTALK 1400272" 
163.152.3.134 - - [30/May/2017:04:57:45 -0700] "GET /GitHub-Mark.png HTTP/1.1" 200 7428 "http://www.secrepo.com/" "Mozilla/5.0 (Linux; Android 6.0.1; SM-A700K Build/MMB29M; wv) AppleWebKit/537.36 (KHTML, like Gecko) Version/4.0 Chrome/58.0.3029.83 Mobile Safari/537.36;KAKAOTALK 1400272" 
163.152.3.134 - - [30/May/2017:04:57:45 -0700] "GET /twitter-icon.png HTTP/1.1" 200 27787 "http://www.secrepo.com/" "Mozilla/5.0 (Linux; Android 6.0.1; SM-A700K Build/MMB29M; wv) AppleWebKit/537.36 (KHTML, like Gecko) Version/4.0 Chrome/58.0.3029.83 Mobile Safari/537.36;KAKAOTALK 1400272" 
163.152.3.134 - - [30/May/2017:04:57:46 -0700] "GET /bootstrap/img/favicon.ico HTTP/1.1" 200 589 "http://www.secrepo.com/" "Mozilla/5.0 (Linux; Android 6.0.1; SM-A700K Build/MMB29M; wv) AppleWebKit/537.36 (KHTML, like Gecko) Version/4.0 Chrome/58.0.3029.83 Mobile Safari/537.36;KAKAOTALK 1400272" 
66.249.66.84 - - [30/May/2017:04:58:01 -0700] "GET / HTTP/1.1" 200 10792 "-" "Mozilla/5.0 (Linux; Android 6.0.1; Nexus 5X Build/MMB29P) AppleWebKit/537.36 (KHTML, like Gecko) Chrome/41.0.2272.96 Mobile Safari/537.36 (compatible; Googlebot/2.1; +http://www.google.com/bot.html)" 
66.249.66.84 - - [30/May/2017:05:01:04 -0700] "GET / HTTP/1.1" 200 10792 "-" "Mozilla/5.0 (compatible; Googlebot/2.1; +http://www.google.com/bot.html)" 
163.152.3.134 - - [30/May/2017:05:04:51 -0700] "GET / HTTP/1.1" 200 10792 "-" "Mozilla/5.0 (Linux; Android 6.0.1; SM-A700K Build/MMB29M; wv) AppleWebKit/537.36 (KHTML, like Gecko) Version/4.0 Chrome/58.0.3029.83 Mobile Safari/537.36;KAKAOTALK 1400272" 
163.152.3.134 - - [30/May/2017:05:04:52 -0700] "GET /twitter-icon.png HTTP/1.1" 200 27787 "http://www.secrepo.com/" "Mozilla/5.0 (Linux; Android 6.0.1; SM-A700K Build/MMB29M; wv) AppleWebKit/537.36 (KHTML, like Gecko) Version/4.0 Chrome/58.0.3029.83 Mobile Safari/537.36;KAKAOTALK 1400272" 
163.152.3.134 - - [30/May/2017:05:04:52 -0700] "GET /GitHub-Mark.png HTTP/1.1" 200 7428 "http://www.secrepo.com/" "Mozilla/5.0 (Linux; Android 6.0.1; SM-A700K Build/MMB29M; wv) AppleWebKit/537.36 (KHTML, like Gecko) Version/4.0 Chrome/58.0.3029.83 Mobile Safari/537.36;KAKAOTALK 1400272" 
163.152.3.134 - - [30/May/2017:05:04:53 -0700] "GET /bootstrap/img/favicon.ico HTTP/1.1" 200 589 "http://www.secrepo.com/" "Mozilla/5.0 (Linux; Android 6.0.1; SM-A700K Build/MMB29M; wv) AppleWebKit/537.36 (KHTML, like Gecko) Version/4.0 Chrome/58.0.3029.83 Mobile Safari/537.36;KAKAOTALK 1400272" 
68.180.230.181 - - [30/May/2017:05:06:07 -0700] "GET /self.logs/access.log.2015-07-14.gz HTTP/1.1" 200 4498 "-" "Mozilla/5.0 (compatible; Yahoo! Slurp; http://help.yahoo.com/help/us/ysearch/slurp)" 
144.76.56.44 - - [30/May/2017:05:06:20 -0700] "GET /robots.txt HTTP/1.1" 200 289 "-" "Mozilla/5.0 (compatible; MJ12bot/v1.4.7; http://mj12bot.com/)" 
144.76.56.44 - - [30/May/2017:05:06:21 -0700] "GET /self.logs/?C=N;O=A HTTP/1.1" 200 165507 "-" "Mozilla/5.0 (compatible; MJ12bot/v1.4.7; http://mj12bot.com/)" 
163.152.127.143 - - [30/May/2017:05:07:01 -0700] "GET / HTTP/1.1" 200 10792 "-" "Mozilla/5.0 (Windows NT 10.0; Win64; x64) AppleWebKit/537.36 (KHTML, like Gecko) Chrome/58.0.3029.110 Safari/537.36" 
163.152.127.143 - - [30/May/2017:05:07:02 -0700] "GET /twitter-icon.png HTTP/1.1" 200 27787 "http://www.secrepo.com/" "Mozilla/5.0 (Windows NT 10.0; Win64; x64) AppleWebKit/537.36 (KHTML, like Gecko) Chrome/58.0.3029.110 Safari/537.36" 
163.152.127.143 - - [30/May/2017:05:07:02 -0700] "GET /GitHub-Mark.png HTTP/1.1" 200 7428 "http://www.secrepo.com/" "Mozilla/5.0 (Windows NT 10.0; Win64; x64) AppleWebKit/537.36 (KHTML, like Gecko) Chrome/58.0.3029.110 Safari/537.36" 
163.152.127.143 - - [30/May/2017:05:07:02 -0700] "GET /bootstrap/img/favicon.ico HTTP/1.1" 200 589 "http://www.secrepo.com/" "Mozilla/5.0 (Windows NT 10.0; Win64; x64) AppleWebKit/537.36 (KHTML, like Gecko) Chrome/58.0.3029.110 Safari/537.36" 
68.180.230.181 - - [30/May/2017:05:07:21 -0700] "GET /self.logs/access.log.2015-08-17.gz HTTP/1.1" 200 6566 "-" "Mozilla/5.0 (compatible; Yahoo! Slurp; http://help.yahoo.com/help/us/ysearch/slurp)" 
80.88.245.19 - - [30/May/2017:05:16:33 -0700] "GET / HTTP/1.1" 200 10792 "https://www.google.com/" "Mozilla/5.0 (Windows NT 6.1; WOW64; rv:53.0) Gecko/20100101 Firefox/53.0" 
80.88.245.19 - - [30/May/2017:05:16:33 -0700] "GET /bootstrap/img/favicon.ico HTTP/1.1" 200 589 "-" "Mozilla/5.0 (Windows NT 6.1; WOW64; rv:53.0) Gecko/20100101 Firefox/53.0" 
80.88.245.19 - - [30/May/2017:05:16:33 -0700] "GET /twitter-icon.png HTTP/1.1" 200 27788 "http://www.secrepo.com/" "Mozilla/5.0 (Windows NT 6.1; WOW64; rv:53.0) Gecko/20100101 Firefox/53.0" 
80.88.245.19 - - [30/May/2017:05:16:33 -0700] "GET /GitHub-Mark.png HTTP/1.1" 200 7428 "http://www.secrepo.com/" "Mozilla/5.0 (Windows NT 6.1; WOW64; rv:53.0) Gecko/20100101 Firefox/53.0" 
68.180.230.181 - - [30/May/2017:05:23:36 -0700] "GET /self.logs/access.log.2015-08-15.gz HTTP/1.1" 200 4193 "-" "Mozilla/5.0 (compatible; Yahoo! Slurp; http://help.yahoo.com/help/us/ysearch/slurp)" 
77.28.179.180 - - [30/May/2017:05:27:54 -0700] "GET /wp-login.php HTTP/1.1" 404 295 "-" "Mozilla/5.0 (Windows NT 6.1; WOW64; rv:40.0) Gecko/20100101 Firefox/40.1" 
77.28.179.180 - - [30/May/2017:05:27:59 -0700] "GET /wp-login.php HTTP/1.1" 404 295 "-" "Mozilla/5.0 (Windows NT 6.1; WOW64; rv:40.0) Gecko/20100101 Firefox/40.1" 
77.28.179.180 - - [30/May/2017:05:28:05 -0700] "GET / HTTP/1.1" 200 36475 "-" "Mozilla/5.0 (Windows NT 6.1; WOW64; rv:40.0) Gecko/20100101 Firefox/40.1" 
77.28.179.180 - - [30/May/2017:05:30:40 -0700] "GET /wp-login.php HTTP/1.1" 301 522 "-" "Mozilla/5.0 (Windows NT 6.1; WOW64; rv:40.0) Gecko/20100101 Firefox/40.1" 
77.28.179.180 - - [30/May/2017:05:30:40 -0700] "GET /wp-login.php HTTP/1.1" 404 295 "-" "Mozilla/5.0 (Windows NT 6.1; WOW64; rv:40.0) Gecko/20100101 Firefox/40.1" 
77.28.179.180 - - [30/May/2017:05:30:46 -0700] "GET /wp-login.php HTTP/1.1" 301 522 "-" "Mozilla/5.0 (Windows NT 6.1; WOW64; rv:40.0) Gecko/20100101 Firefox/40.1" 
77.28.179.180 - - [30/May/2017:05:30:46 -0700] "GET /wp-login.php HTTP/1.1" 404 295 "-" "Mozilla/5.0 (Windows NT 6.1; WOW64; rv:40.0) Gecko/20100101 Firefox/40.1" 
77.28.179.180 - - [30/May/2017:05:30:51 -0700] "GET / HTTP/1.1" 301 498 "-" "Mozilla/5.0 (Windows NT 6.1; WOW64; rv:40.0) Gecko/20100101 Firefox/40.1" 
77.28.179.180 - - [30/May/2017:05:30:52 -0700] "GET / HTTP/1.1" 200 36475 "-" "Mozilla/5.0 (Windows NT 6.1; WOW64; rv:40.0) Gecko/20100101 Firefox/40.1" 
68.180.230.181 - - [30/May/2017:05:33:45 -0700] "GET /self.logs/error.log.2016-10-25.gz HTTP/1.1" 200 1384 "-" "Mozilla/5.0 (compatible; Yahoo! Slurp; http://help.yahoo.com/help/us/ysearch/slurp)" 
120.192.95.88 - - [30/May/2017:05:45:25 -0700] "GET /maccdc2012/maccdc2012_full_alert.7z HTTP/1.1" 304 132 "-" "Mozilla/5.0 Gecko/20100115 Firefox/3.6" 
5.146.198.228 - - [30/May/2017:05:56:26 -0700] "GET / HTTP/1.1" 200 10792 "-" "Mozilla/5.0 (Windows NT 10.0; Win64; x64) AppleWebKit/537.36 (KHTML, like Gecko) Chrome/59.0.3071.15 Safari/537.36" 
5.146.198.228 - - [30/May/2017:05:56:27 -0700] "GET /twitter-icon.png HTTP/1.1" 200 27787 "http://www.secrepo.com/" "Mozilla/5.0 (Windows NT 10.0; Win64; x64) AppleWebKit/537.36 (KHTML, like Gecko) Chrome/59.0.3071.15 Safari/537.36" 
5.146.198.228 - - [30/May/2017:05:56:27 -0700] "GET /GitHub-Mark.png HTTP/1.1" 200 7428 "http://www.secrepo.com/" "Mozilla/5.0 (Windows NT 10.0; Win64; x64) AppleWebKit/537.36 (KHTML, like Gecko) Chrome/59.0.3071.15 Safari/537.36" 
5.146.198.228 - - [30/May/2017:05:56:28 -0700] "GET /bootstrap/img/favicon.ico HTTP/1.1" 200 589 "http://www.secrepo.com/" "Mozilla/5.0 (Windows NT 10.0; Win64; x64) AppleWebKit/537.36 (KHTML, like Gecko) Chrome/59.0.3071.15 Safari/537.36" 
101.226.89.116 - - [30/May/2017:05:56:37 -0700] "GET / HTTP/1.1" 200 10792 "-" "Mozilla/5.0 (Windows NT 6.1; WOW64; rv:50.0) Gecko/20100101 Firefox/50.0" 
68.180.230.181 - - [30/May/2017:05:58:22 -0700] "GET /self.logs/access.log.2016-07-20.gz HTTP/1.1" 200 9202 "-" "Mozilla/5.0 (compatible; Yahoo! Slurp; http://help.yahoo.com/help/us/ysearch/slurp)" 
148.62.14.178 - - [30/May/2017:05:59:05 -0700] "GET /robots.txt HTTP/1.1" 301 446 "-" "Tornado-Async-Client" 
148.62.14.178 - - [30/May/2017:05:59:05 -0700] "GET /robots.txt HTTP/1.1" 304 130 "-" "Tornado-Async-Client" 
148.62.14.178 - - [30/May/2017:05:59:05 -0700] "GET /honeypot/BSidesDFW%20-%202014.ipynb HTTP/1.1" 301 484 "-" "Tornado-Async-Client" 
148.62.14.178 - - [30/May/2017:05:59:05 -0700] "GET /honeypot/BSidesDFW%20-%202014.ipynb HTTP/1.1" 200 930780 "-" "Tornado-Async-Client" 
68.180.230.181 - - [30/May/2017:06:04:31 -0700] "GET /self.logs/access.log.2017-05-22.gz HTTP/1.1" 200 18367 "-" "Mozilla/5.0 (compatible; Yahoo! Slurp; http://help.yahoo.com/help/us/ysearch/slurp)" 
151.8.75.56 - - [30/May/2017:06:07:51 -0700] "GET / HTTP/1.1" 200 10792 "-" "Mozilla/5.0 (Windows NT 10.0; Win64; x64) AppleWebKit/537.36 (KHTML, like Gecko) Chrome/52.0.2743.116 Safari/537.36 Edge/15.15063" 
151.8.75.56 - - [30/May/2017:06:07:52 -0700] "GET /GitHub-Mark.png HTTP/1.1" 200 7428 "http://www.secrepo.com/" "Mozilla/5.0 (Windows NT 10.0; Win64; x64) AppleWebKit/537.36 (KHTML, like Gecko) Chrome/52.0.2743.116 Safari/537.36 Edge/15.15063" 
151.8.75.56 - - [30/May/2017:06:07:52 -0700] "GET /twitter-icon.png HTTP/1.1" 200 27788 "http://www.secrepo.com/" "Mozilla/5.0 (Windows NT 10.0; Win64; x64) AppleWebKit/537.36 (KHTML, like Gecko) Chrome/52.0.2743.116 Safari/537.36 Edge/15.15063" 
151.8.75.56 - - [30/May/2017:06:07:52 -0700] "GET /bootstrap/img/favicon.ico HTTP/1.1" 200 589 "-" "Mozilla/5.0 (Windows NT 10.0; Win64; x64) AppleWebKit/537.36 (KHTML, like Gecko) Chrome/52.0.2743.116 Safari/537.36 Edge/15.15063" 
177.206.72.17 - - [30/May/2017:06:08:48 -0700] "GET / HTTP/1.1" 200 10792 "http://fsecurify.com/machine-learning-and-cyber-security/" "Mozilla/5.0 (Windows NT 10.0; Win64; x64) AppleWebKit/537.36 (KHTML, like Gecko) Chrome/58.0.3029.110 Safari/537.36" 
177.206.72.17 - - [30/May/2017:06:08:49 -0700] "GET /twitter-icon.png HTTP/1.1" 200 27787 "http://www.secrepo.com/" "Mozilla/5.0 (Windows NT 10.0; Win64; x64) AppleWebKit/537.36 (KHTML, like Gecko) Chrome/58.0.3029.110 Safari/537.36" 
177.206.72.17 - - [30/May/2017:06:08:49 -0700] "GET /GitHub-Mark.png HTTP/1.1" 200 7428 "http://www.secrepo.com/" "Mozilla/5.0 (Windows NT 10.0; Win64; x64) AppleWebKit/537.36 (KHTML, like Gecko) Chrome/58.0.3029.110 Safari/537.36" 
177.206.72.17 - - [30/May/2017:06:08:50 -0700] "GET /bootstrap/img/favicon.ico HTTP/1.1" 200 589 "http://www.secrepo.com/" "Mozilla/5.0 (Windows NT 10.0; Win64; x64) AppleWebKit/537.36 (KHTML, like Gecko) Chrome/58.0.3029.110 Safari/537.36" 
221.220.92.197 - - [30/May/2017:06:09:48 -0700] "GET /maccdc2012/files.log.gz HTTP/1.1" 200 21180 "-" "Mozilla/5.0 (compatible; MSIE 6.0; Windows NT 5.0)" 
221.220.92.197 - - [30/May/2017:06:09:48 -0700] "GET /maccdc2012/files.log.gz HTTP/1.1" 200 21180 "-" "Mozilla/5.0 (compatible; MSIE 6.0; Windows NT 5.0)" 
221.220.92.197 - - [30/May/2017:06:09:48 -0700] "GET /maccdc2012/files.log.gz HTTP/1.1" 200 21180 "-" "Mozilla/5.0 (compatible; MSIE 6.0; Windows NT 5.0)" 
221.220.92.197 - - [30/May/2017:06:09:48 -0700] "GET /maccdc2012/files.log.gz HTTP/1.1" 200 21180 "-" "Mozilla/5.0 (compatible; MSIE 6.0; Windows NT 5.0)" 
217.182.132.170 - - [30/May/2017:06:12:51 -0700] "GET /self.logs/error.log.2016-09-16.gz HTTP/1.1" 200 1541 "-" "Mozilla/5.0 (compatible; AhrefsBot/5.2; +http://ahrefs.com/robot/)" 
217.182.132.25 - - [30/May/2017:06:13:50 -0700] "GET /self.logs/access.log.2015-04-16.gz HTTP/1.1" 200 11880 "-" "Mozilla/5.0 (compatible; AhrefsBot/5.2; +http://ahrefs.com/robot/)" 
68.180.230.181 - - [30/May/2017:06:14:39 -0700] "GET /self.logs/access.log.2015-05-07.gz HTTP/1.1" 200 6137 "-" "Mozilla/5.0 (compatible; Yahoo! Slurp; http://help.yahoo.com/help/us/ysearch/slurp)" 
120.221.1.28 - - [30/May/2017:06:16:01 -0700] "GET /maccdc2012/files.log.gz HTTP/1.1" 304 155 "-" "Mozilla/5.0 Gecko/20100115 Firefox/3.6" 
125.142.101.34 - - [30/May/2017:06:21:11 -0700] "GET / HTTP/1.1" 200 10792 "https://www.google.co.kr/" "Mozilla/5.0 (Windows NT 10.0; Win64; x64) AppleWebKit/537.36 (KHTML, like Gecko) Chrome/58.0.3029.110 Safari/537.36" 
125.142.101.34 - - [30/May/2017:06:21:12 -0700] "GET /twitter-icon.png HTTP/1.1" 200 27787 "http://www.secrepo.com/" "Mozilla/5.0 (Windows NT 10.0; Win64; x64) AppleWebKit/537.36 (KHTML, like Gecko) Chrome/58.0.3029.110 Safari/537.36" 
125.142.101.34 - - [30/May/2017:06:21:12 -0700] "GET /GitHub-Mark.png HTTP/1.1" 200 7428 "http://www.secrepo.com/" "Mozilla/5.0 (Windows NT 10.0; Win64; x64) AppleWebKit/537.36 (KHTML, like Gecko) Chrome/58.0.3029.110 Safari/537.36" 
125.142.101.34 - - [30/May/2017:06:21:13 -0700] "GET /bootstrap/img/favicon.ico HTTP/1.1" 200 589 "http://www.secrepo.com/" "Mozilla/5.0 (Windows NT 10.0; Win64; x64) AppleWebKit/537.36 (KHTML, like Gecko) Chrome/58.0.3029.110 Safari/537.36" 
68.180.230.181 - - [30/May/2017:06:23:08 -0700] "GET /self.logs/access.log.2015-04-25.gz HTTP/1.1" 200 2802 "-" "Mozilla/5.0 (compatible; Yahoo! Slurp; http://help.yahoo.com/help/us/ysearch/slurp)" 
68.180.230.181 - - [30/May/2017:06:24:03 -0700] "GET /self.logs/error.log.2016-04-01.gz HTTP/1.1" 200 707 "-" "Mozilla/5.0 (compatible; Yahoo! Slurp; http://help.yahoo.com/help/us/ysearch/slurp)" 
78.1.182.143 - - [30/May/2017:06:24:20 -0700] "GET /bootstrap/img/favicon.ico HTTP/1.1" 200 590 "-" "Mozilla/5.0 (Macintosh; Intel Mac OS X 10_11_5) AppleWebKit/537.36 (KHTML, like Gecko) Chrome/53.0.2785.21 Safari/537.36" 
68.180.230.181 - - [30/May/2017:06:24:43 -0700] "GET /self.logs/error.log.2015-11-25.gz HTTP/1.1" 200 647 "-" "Mozilla/5.0 (compatible; Yahoo! Slurp; http://help.yahoo.com/help/us/ysearch/slurp)" 
66.249.66.84 - - [30/May/2017:06:26:29 -0700] "GET / HTTP/1.1" 200 10792 "-" "Mozilla/5.0 (Linux; Android 6.0.1; Nexus 5X Build/MMB29P) AppleWebKit/537.36 (KHTML, like Gecko) Chrome/41.0.2272.96 Mobile Safari/537.36 (compatible; Googlebot/2.1; +http://www.google.com/bot.html)" 
51.255.65.81 - - [30/May/2017:06:29:47 -0700] "GET /self.logs/error.log.2015-06-16.gz HTTP/1.1" 200 691 "-" "Mozilla/5.0 (compatible; AhrefsBot/5.2; +http://ahrefs.com/robot/)" 
68.180.230.181 - - [30/May/2017:06:30:35 -0700] "GET /self.logs/?C=D;O=A HTTP/1.1" 200 17570 "-" "Mozilla/5.0 (compatible; Yahoo! Slurp; http://help.yahoo.com/help/us/ysearch/slurp)" 
68.180.230.181 - - [30/May/2017:06:31:07 -0700] "GET /self.logs/error.log.2016-10-11.gz HTTP/1.1" 200 978 "-" "Mozilla/5.0 (compatible; Yahoo! Slurp; http://help.yahoo.com/help/us/ysearch/slurp)" 
192.108.116.64 - - [30/May/2017:06:31:19 -0700] "GET /bootstrap/img/favicon.ico HTTP/1.1" 304 165 "-" "Mozilla/5.0 (Windows NT 6.3; WOW64; rv:53.0) Gecko/20100101 Firefox/53.0" 
80.12.27.44 - - [30/May/2017:06:32:24 -0700] "GET /twitter-icon.png HTTP/1.1" 200 27788 "-" "Mozilla/5.0 (Windows NT 10.0; WOW64; rv:52.0) Gecko/20100101 Firefox/52.0" 
80.12.27.44 - - [30/May/2017:06:32:24 -0700] "GET /GitHub-Mark.png HTTP/1.1" 200 7428 "-" "Mozilla/5.0 (Windows NT 10.0; WOW64; rv:52.0) Gecko/20100101 Firefox/52.0" 
68.180.230.181 - - [30/May/2017:06:36:44 -0700] "GET /self.logs/error.log.2015-02-12.gz HTTP/1.1" 200 2249 "-" "Mozilla/5.0 (compatible; Yahoo! Slurp; http://help.yahoo.com/help/us/ysearch/slurp)" 
73.129.90.146 - - [30/May/2017:06:37:22 -0700] "GET / HTTP/1.1" 200 10792 "-" "Mozilla/5.0 (Windows NT 10.0; Win64; x64) AppleWebKit/537.36 (KHTML, like Gecko) Chrome/51.0.2704.79 Safari/537.36 Edge/14.14393" 
73.129.90.146 - - [30/May/2017:06:37:22 -0700] "GET /GitHub-Mark.png HTTP/1.1" 200 7427 "http://www.secrepo.com/" "Mozilla/5.0 (Windows NT 10.0; Win64; x64) AppleWebKit/537.36 (KHTML, like Gecko) Chrome/51.0.2704.79 Safari/537.36 Edge/14.14393" 
73.129.90.146 - - [30/May/2017:06:37:22 -0700] "GET /twitter-icon.png HTTP/1.1" 200 27788 "http://www.secrepo.com/" "Mozilla/5.0 (Windows NT 10.0; Win64; x64) AppleWebKit/537.36 (KHTML, like Gecko) Chrome/51.0.2704.79 Safari/537.36 Edge/14.14393" 
73.129.90.146 - - [30/May/2017:06:37:22 -0700] "GET /bootstrap/img/favicon.ico HTTP/1.1" 200 590 "-" "Mozilla/5.0 (Windows NT 10.0; Win64; x64) AppleWebKit/537.36 (KHTML, like Gecko) Chrome/51.0.2704.79 Safari/537.36 Edge/14.14393" 
199.58.86.206 - - [30/May/2017:06:37:25 -0700] "GET /robots.txt HTTP/1.1" 301 518 "-" "Mozilla/5.0 (compatible; MJ12bot/v1.4.8; http://mj12bot.com/)" 
199.58.86.206 - - [30/May/2017:06:37:26 -0700] "GET /robots.txt HTTP/1.1" 200 289 "-" "Mozilla/5.0 (compatible; MJ12bot/v1.4.8; http://mj12bot.com/)" 
199.58.86.206 - - [30/May/2017:06:37:28 -0700] "GET / HTTP/1.1" 301 442 "-" "Mozilla/5.0 (compatible; MJ12bot/v1.4.8; http://mj12bot.com/)" 
199.58.86.206 - - [30/May/2017:06:37:32 -0700] "GET / HTTP/1.1" 200 36419 "-" "Mozilla/5.0 (compatible; MJ12bot/v1.4.8; http://mj12bot.com/)" 
68.180.230.181 - - [30/May/2017:06:39:56 -0700] "GET /self.logs/access.log.2015-04-10.gz HTTP/1.1" 200 5890 "-" "Mozilla/5.0 (compatible; Yahoo! Slurp; http://help.yahoo.com/help/us/ysearch/slurp)" 
217.182.132.14 - - [30/May/2017:06:45:51 -0700] "GET /self.logs/access.log.2016-10-14.gz HTTP/1.1" 200 7134 "-" "Mozilla/5.0 (compatible; AhrefsBot/5.2; +http://ahrefs.com/robot/)" 
82.230.124.158 - - [30/May/2017:06:52:39 -0700] "GET /twitter-icon.png HTTP/1.1" 200 27788 "-" "Mozilla/5.0 (iPhone; CPU iPhone OS 9_3_5 like Mac OS X) AppleWebKit/601.1.46 (KHTML, like Gecko) Version/9.0 Mobile/13G36 Safari/601.1" 
82.230.124.158 - - [30/May/2017:06:52:39 -0700] "GET /GitHub-Mark.png HTTP/1.1" 200 7428 "-" "Mozilla/5.0 (iPhone; CPU iPhone OS 9_3_5 like Mac OS X) AppleWebKit/601.1.46 (KHTML, like Gecko) Version/9.0 Mobile/13G36 Safari/601.1" 
78.1.182.143 - - [30/May/2017:06:53:15 -0700] "GET /bootstrap/img/favicon.ico HTTP/1.1" 200 590 "-" "Mozilla/5.0 (Macintosh; Intel Mac OS X 10_10_5) AppleWebKit/537.36 (KHTML, like Gecko) Chrome/52.0.2743.82 Safari/537.36" 
66.249.88.60 - - [30/May/2017:06:54:01 -0700] "GET / HTTP/1.1" 200 10792 "-" "Mozilla/5.0 (X11; Linux x86_64) AppleWebKit/537.36 (KHTML, like Gecko) Chrome/49.0.2623.75 Safari/537.36 Google Favicon" 
66.249.88.62 - - [30/May/2017:06:54:01 -0700] "GET /bootstrap/img/favicon.ico HTTP/1.1" 200 590 "-" "Mozilla/5.0 (X11; Linux x86_64) AppleWebKit/537.36 (KHTML, like Gecko) Chrome/49.0.2623.75 Safari/537.36 Google Favicon" 
159.226.251.229 - - [30/May/2017:06:54:38 -0700] "GET /maccdc2012/maccdc2012_full_alert.7z HTTP/1.1" 304 132 "-" "Mozilla/5.0 Gecko/20100115 Firefox/3.6" 
66.102.6.158 - - [30/May/2017:06:56:27 -0700] "GET / HTTP/1.1" 200 10792 "-" "Mozilla/5.0 (X11; Linux x86_64) AppleWebKit/537.36 (KHTML, like Gecko) Chrome/49.0.2623.75 Safari/537.36 Google Favicon" 
66.102.6.159 - - [30/May/2017:06:56:27 -0700] "GET /bootstrap/img/favicon.ico HTTP/1.1" 200 590 "-" "Mozilla/5.0 (X11; Linux x86_64) AppleWebKit/537.36 (KHTML, like Gecko) Chrome/49.0.2623.75 Safari/537.36 Google Favicon" 
68.180.230.181 - - [30/May/2017:07:00:10 -0700] "GET /self.logs/access.log.2016-02-17.gz HTTP/1.1" 200 11149 "-" "Mozilla/5.0 (compatible; Yahoo! Slurp; http://help.yahoo.com/help/us/ysearch/slurp)" 
68.180.230.181 - - [30/May/2017:07:02:47 -0700] "GET /self.logs/access.log.2016-02-25.gz HTTP/1.1" 200 11411 "-" "Mozilla/5.0 (compatible; Yahoo! Slurp; http://help.yahoo.com/help/us/ysearch/slurp)" 
66.249.66.198 - - [30/May/2017:07:06:09 -0700] "GET / HTTP/1.1" 301 483 "-" "Mozilla/5.0 (compatible; Googlebot/2.1; +http://www.google.com/bot.html)" 
66.249.66.84 - - [30/May/2017:07:06:09 -0700] "GET / HTTP/1.1" 200 10792 "-" "Mozilla/5.0 (compatible; Googlebot/2.1; +http://www.google.com/bot.html)" 
99.99.191.92 - - [30/May/2017:07:06:14 -0700] "GET / HTTP/1.1" 200 10792 "-" "Mozilla/5.0 (iPhone; CPU iPhone OS 10_3_2 like Mac OS X) AppleWebKit/602.1.50 (KHTML, like Gecko) CriOS/58.0.3029.113 Mobile/14F89 Safari/602.1" 
99.99.191.92 - - [30/May/2017:07:06:14 -0700] "GET /twitter-icon.png HTTP/1.1" 200 27787 "http://www.secrepo.com/" "Mozilla/5.0 (iPhone; CPU iPhone OS 10_3_2 like Mac OS X) AppleWebKit/602.1.50 (KHTML, like Gecko) CriOS/58.0.3029.113 Mobile/14F89 Safari/602.1" 
99.99.191.92 - - [30/May/2017:07:06:15 -0700] "GET /GitHub-Mark.png HTTP/1.1" 200 7428 "http://www.secrepo.com/" "Mozilla/5.0 (iPhone; CPU iPhone OS 10_3_2 like Mac OS X) AppleWebKit/602.1.50 (KHTML, like Gecko) CriOS/58.0.3029.113 Mobile/14F89 Safari/602.1" 
99.99.191.92 - - [30/May/2017:07:06:15 -0700] "GET /bootstrap/img/favicon.ico HTTP/1.1" 200 590 "-" "Mozilla/5.0 (iPhone; CPU iPhone OS 10_3_2 like Mac OS X) AppleWebKit/602.1.50 (KHTML, like Gecko) CriOS/58.0.3029.113 Mobile/14F89 Safari/602.1" 
23.105.219.138 - - [30/May/2017:07:06:40 -0700] "GET / HTTP/1.1" 200 10792 "-" "Mozilla/5.0 (Windows NT 10.0; Win64; x64) AppleWebKit/537.36 (KHTML, like Gecko) Chrome/57.0.2987.98 Safari/537.36" 
23.105.219.138 - - [30/May/2017:07:06:41 -0700] "GET /twitter-icon.png HTTP/1.1" 200 27787 "http://www.secrepo.com/" "Mozilla/5.0 (Windows NT 10.0; Win64; x64) AppleWebKit/537.36 (KHTML, like Gecko) Chrome/57.0.2987.98 Safari/537.36" 
23.105.219.138 - - [30/May/2017:07:06:41 -0700] "GET /GitHub-Mark.png HTTP/1.1" 200 7428 "http://www.secrepo.com/" "Mozilla/5.0 (Windows NT 10.0; Win64; x64) AppleWebKit/537.36 (KHTML, like Gecko) Chrome/57.0.2987.98 Safari/537.36" 
23.105.219.138 - - [30/May/2017:07:06:43 -0700] "GET /bootstrap/img/favicon.ico HTTP/1.1" 200 589 "http://www.secrepo.com/" "Mozilla/5.0 (Windows NT 10.0; Win64; x64) AppleWebKit/537.36 (KHTML, like Gecko) Chrome/57.0.2987.98 Safari/537.36" 
52.168.161.70 - - [30/May/2017:07:07:44 -0700] "HEAD / HTTP/1.1" 301 253 "https://www.google.com/" "Mozilla/5.0 (compatible; epicbot; +http://www.epictions.com/epicbot)" 
52.168.161.70 - - [30/May/2017:07:07:44 -0700] "HEAD / HTTP/1.1" 301 253 "https://www.google.com/" "Mozilla/5.0 (compatible; epicbot; +http://www.epictions.com/epicbot)" 
52.168.161.70 - - [30/May/2017:07:07:44 -0700] "HEAD / HTTP/1.1" 301 253 "https://www.google.com/" "Mozilla/5.0 (compatible; epicbot; +http://www.epictions.com/epicbot)" 
52.168.161.70 - - [30/May/2017:07:07:44 -0700] "HEAD / HTTP/1.1" 301 253 "https://www.google.com/" "Mozilla/5.0 (compatible; epicbot; +http://www.epictions.com/epicbot)" 
52.168.161.70 - - [30/May/2017:07:07:44 -0700] "HEAD / HTTP/1.1" 301 253 "https://www.google.com/" "Mozilla/5.0 (compatible; epicbot; +http://www.epictions.com/epicbot)" 
52.168.161.70 - - [30/May/2017:07:07:44 -0700] "HEAD / HTTP/1.1" 301 253 "https://www.google.com/" "Mozilla/5.0 (compatible; epicbot; +http://www.epictions.com/epicbot)" 
52.168.161.70 - - [30/May/2017:07:07:44 -0700] "HEAD / HTTP/1.1" 301 253 "https://www.google.com/" "Mozilla/5.0 (compatible; epicbot; +http://www.epictions.com/epicbot)" 
52.168.161.70 - - [30/May/2017:07:07:44 -0700] "HEAD / HTTP/1.1" 301 253 "https://www.google.com/" "Mozilla/5.0 (compatible; epicbot; +http://www.epictions.com/epicbot)" 
52.168.161.70 - - [30/May/2017:07:07:44 -0700] "HEAD / HTTP/1.1" 301 253 "https://www.google.com/" "Mozilla/5.0 (compatible; epicbot; +http://www.epictions.com/epicbot)" 
52.168.161.70 - - [30/May/2017:07:07:44 -0700] "HEAD / HTTP/1.1" 301 253 "https://www.google.com/" "Mozilla/5.0 (compatible; epicbot; +http://www.epictions.com/epicbot)" 
52.168.161.70 - - [30/May/2017:07:07:44 -0700] "HEAD / HTTP/1.1" 200 282 "https://www.google.com/" "Mozilla/5.0 (compatible; epicbot; +http://www.epictions.com/epicbot)" 
52.168.161.70 - - [30/May/2017:07:07:44 -0700] "HEAD / HTTP/1.1" 301 253 "https://www.google.com/" "Mozilla/5.0 (compatible; epicbot; +http://www.epictions.com/epicbot)" 
52.168.161.70 - - [30/May/2017:07:07:46 -0700] "HEAD / HTTP/1.1" 301 253 "https://www.google.com/" "Mozilla/5.0 (compatible; epicbot; +http://www.epictions.com/epicbot)" 
52.168.161.70 - - [30/May/2017:07:07:46 -0700] "HEAD / HTTP/1.1" 301 253 "https://www.google.com/" "Mozilla/5.0 (compatible; epicbot; +http://www.epictions.com/epicbot)" 
52.168.161.70 - - [30/May/2017:07:07:46 -0700] "HEAD / HTTP/1.1" 301 253 "https://www.google.com/" "Mozilla/5.0 (compatible; epicbot; +http://www.epictions.com/epicbot)" 
52.168.161.70 - - [30/May/2017:07:07:46 -0700] "HEAD / HTTP/1.1" 301 253 "https://www.google.com/" "Mozilla/5.0 (compatible; epicbot; +http://www.epictions.com/epicbot)" 
52.168.161.70 - - [30/May/2017:07:07:46 -0700] "HEAD / HTTP/1.1" 301 253 "https://www.google.com/" "Mozilla/5.0 (compatible; epicbot; +http://www.epictions.com/epicbot)" 
52.168.161.70 - - [30/May/2017:07:07:46 -0700] "HEAD / HTTP/1.1" 301 253 "https://www.google.com/" "Mozilla/5.0 (compatible; epicbot; +http://www.epictions.com/epicbot)" 
52.168.161.70 - - [30/May/2017:07:07:46 -0700] "HEAD / HTTP/1.1" 301 253 "https://www.google.com/" "Mozilla/5.0 (compatible; epicbot; +http://www.epictions.com/epicbot)" 
52.168.161.70 - - [30/May/2017:07:07:46 -0700] "HEAD / HTTP/1.1" 301 253 "https://www.google.com/" "Mozilla/5.0 (compatible; epicbot; +http://www.epictions.com/epicbot)" 
52.168.161.70 - - [30/May/2017:07:07:46 -0700] "HEAD / HTTP/1.1" 301 253 "https://www.google.com/" "Mozilla/5.0 (compatible; epicbot; +http://www.epictions.com/epicbot)" 
52.168.161.70 - - [30/May/2017:07:07:46 -0700] "HEAD / HTTP/1.1" 301 253 "https://www.google.com/" "Mozilla/5.0 (compatible; epicbot; +http://www.epictions.com/epicbot)" 
52.168.161.70 - - [30/May/2017:07:07:46 -0700] "HEAD / HTTP/1.1" 301 253 "https://www.google.com/" "Mozilla/5.0 (compatible; epicbot; +http://www.epictions.com/epicbot)" 
52.168.161.70 - - [30/May/2017:07:07:46 -0700] "HEAD / HTTP/1.1" 301 253 "https://www.google.com/" "Mozilla/5.0 (compatible; epicbot; +http://www.epictions.com/epicbot)" 
52.168.161.70 - - [30/May/2017:07:07:46 -0700] "HEAD / HTTP/1.1" 301 253 "https://www.google.com/" "Mozilla/5.0 (compatible; epicbot; +http://www.epictions.com/epicbot)" 
52.168.161.70 - - [30/May/2017:07:07:46 -0700] "HEAD / HTTP/1.1" 301 253 "https://www.google.com/" "Mozilla/5.0 (compatible; epicbot; +http://www.epictions.com/epicbot)" 
52.168.161.70 - - [30/May/2017:07:07:46 -0700] "HEAD / HTTP/1.1" 200 282 "https://www.google.com/" "Mozilla/5.0 (compatible; epicbot; +http://www.epictions.com/epicbot)" 
52.168.161.70 - - [30/May/2017:07:07:46 -0700] "HEAD / HTTP/1.1" 200 282 "https://www.google.com/" "Mozilla/5.0 (compatible; epicbot; +http://www.epictions.com/epicbot)" 
52.168.161.70 - - [30/May/2017:07:07:46 -0700] "HEAD / HTTP/1.1" 301 253 "https://www.google.com/" "Mozilla/5.0 (compatible; epicbot; +http://www.epictions.com/epicbot)" 
52.168.161.70 - - [30/May/2017:07:07:46 -0700] "HEAD / HTTP/1.1" 301 253 "https://www.google.com/" "Mozilla/5.0 (compatible; epicbot; +http://www.epictions.com/epicbot)" 
52.168.161.70 - - [30/May/2017:07:07:46 -0700] "HEAD / HTTP/1.1" 301 253 "https://www.google.com/" "Mozilla/5.0 (compatible; epicbot; +http://www.epictions.com/epicbot)" 
52.168.161.70 - - [30/May/2017:07:07:46 -0700] "HEAD / HTTP/1.1" 301 253 "https://www.google.com/" "Mozilla/5.0 (compatible; epicbot; +http://www.epictions.com/epicbot)" 
52.168.161.70 - - [30/May/2017:07:07:47 -0700] "HEAD / HTTP/1.1" 301 253 "https://www.google.com/" "Mozilla/5.0 (compatible; epicbot; +http://www.epictions.com/epicbot)" 
52.168.161.70 - - [30/May/2017:07:07:47 -0700] "HEAD / HTTP/1.1" 301 253 "https://www.google.com/" "Mozilla/5.0 (compatible; epicbot; +http://www.epictions.com/epicbot)" 
66.249.66.200 - - [30/May/2017:07:09:12 -0700] "GET / HTTP/1.1" 301 483 "-" "Mozilla/5.0 (Linux; Android 6.0.1; Nexus 5X Build/MMB29P) AppleWebKit/537.36 (KHTML, like Gecko) Chrome/41.0.2272.96 Mobile Safari/537.36 (compatible; Googlebot/2.1; +http://www.google.com/bot.html)" 
66.249.66.82 - - [30/May/2017:07:09:12 -0700] "GET / HTTP/1.1" 200 10792 "-" "Mozilla/5.0 (Linux; Android 6.0.1; Nexus 5X Build/MMB29P) AppleWebKit/537.36 (KHTML, like Gecko) Chrome/41.0.2272.96 Mobile Safari/537.36 (compatible; Googlebot/2.1; +http://www.google.com/bot.html)" 
185.108.170.158 - - [30/May/2017:07:13:33 -0700] "GET / HTTP/1.1" 200 10792 "http://www.google.co.uk/url?sa=t&rct=j&q=&esrc=s&source=web&cd=1&cad=rja&uact=8&ved=0ahUKEwiL9ufA5pfUAhVqJcAKHRkPABQQFghBMAA&url=http%3A%2F%2Fwww.secrepo.com%2F&usg=AFQjCNHeQikQ6r63vtqWKlBvSenYpdB4dQ&sig2=Nv0cxEKmmOoAR12aGSFzMA" "Mozilla/5.0 (Windows NT 6.1; WOW64; Trident/7.0; rv:11.0) like Gecko" 
185.108.170.158 - - [30/May/2017:07:13:33 -0700] "GET /twitter-icon.png HTTP/1.1" 200 27788 "http://www.secrepo.com/" "Mozilla/5.0 (Windows NT 6.1; WOW64; Trident/7.0; rv:11.0) like Gecko" 
185.108.170.158 - - [30/May/2017:07:13:33 -0700] "GET /GitHub-Mark.png HTTP/1.1" 200 7427 "http://www.secrepo.com/" "Mozilla/5.0 (Windows NT 6.1; WOW64; Trident/7.0; rv:11.0) like Gecko" 
185.108.170.158 - - [30/May/2017:07:13:34 -0700] "GET /bootstrap/img/favicon.ico HTTP/1.1" 200 589 "-" "Mozilla/5.0 (Windows NT 6.1; WOW64; Trident/7.0; rv:11.0) like Gecko" 
201.229.96.222 - - [30/May/2017:07:15:12 -0700] "GET / HTTP/1.1" 200 10792 "https://www.google.com/" "Mozilla/5.0 (Windows NT 10.0; Win64; x64) AppleWebKit/537.36 (KHTML, like Gecko) Chrome/51.0.2704.79 Safari/537.36 Edge/14.14393" 
201.229.96.222 - - [30/May/2017:07:15:12 -0700] "GET /GitHub-Mark.png HTTP/1.1" 200 7427 "http://www.secrepo.com/" "Mozilla/5.0 (Windows NT 10.0; Win64; x64) AppleWebKit/537.36 (KHTML, like Gecko) Chrome/51.0.2704.79 Safari/537.36 Edge/14.14393" 
201.229.96.222 - - [30/May/2017:07:15:12 -0700] "GET /twitter-icon.png HTTP/1.1" 200 27788 "http://www.secrepo.com/" "Mozilla/5.0 (Windows NT 10.0; Win64; x64) AppleWebKit/537.36 (KHTML, like Gecko) Chrome/51.0.2704.79 Safari/537.36 Edge/14.14393" 
201.229.96.222 - - [30/May/2017:07:15:12 -0700] "GET /bootstrap/img/favicon.ico HTTP/1.1" 200 590 "-" "Mozilla/5.0 (Windows NT 10.0; Win64; x64) AppleWebKit/537.36 (KHTML, like Gecko) Chrome/51.0.2704.79 Safari/537.36 Edge/14.14393" 
104.129.194.76 - - [30/May/2017:07:15:25 -0700] "GET / HTTP/1.1" 200 10792 "-" "Mozilla/5.0 (Macintosh; Intel Mac OS X 10_12_5) AppleWebKit/537.36 (KHTML, like Gecko) Chrome/58.0.3029.110 Safari/537.36" 
104.129.194.76 - - [30/May/2017:07:15:26 -0700] "GET /twitter-icon.png HTTP/1.1" 200 27787 "http://www.secrepo.com/" "Mozilla/5.0 (Macintosh; Intel Mac OS X 10_12_5) AppleWebKit/537.36 (KHTML, like Gecko) Chrome/58.0.3029.110 Safari/537.36" 
104.129.194.76 - - [30/May/2017:07:15:27 -0700] "GET /GitHub-Mark.png HTTP/1.1" 200 7427 "http://www.secrepo.com/" "Mozilla/5.0 (Macintosh; Intel Mac OS X 10_12_5) AppleWebKit/537.36 (KHTML, like Gecko) Chrome/58.0.3029.110 Safari/537.36" 
104.129.194.76 - - [30/May/2017:07:15:27 -0700] "GET /bootstrap/img/favicon.ico HTTP/1.1" 200 589 "http://www.secrepo.com/" "Mozilla/5.0 (Macintosh; Intel Mac OS X 10_12_5) AppleWebKit/537.36 (KHTML, like Gecko) Chrome/58.0.3029.110 Safari/537.36" 
185.108.170.158 - - [30/May/2017:07:18:22 -0700] "GET /honeypot/honeypot.json.zip HTTP/1.1" 200 23085976 "http://www.secrepo.com/" "Mozilla/5.0 (Windows NT 6.1; WOW64; Trident/7.0; rv:11.0) like Gecko" 
40.78.146.128 - - [30/May/2017:07:19:06 -0700] "GET /maccdc2012/maccdc2012_full_alert.7z HTTP/1.1" 200 79200 "-" "Mozilla/5.0 (Windows NT 6.1; WOW64) SkypeUriPreview Preview/0.5" 
73.157.93.235 - - [30/May/2017:07:19:40 -0700] "GET / HTTP/1.1" 200 10736 "-" "Mozilla/5.0 (Macintosh; Intel Mac OS X 10_12_2) AppleWebKit/537.36 (KHTML, like Gecko) Chrome/53.0.2785.116 Safari/537.36" 
