66.249.84.209 - - [05/Mar/2016:02:02:32 -0800] "GET / HTTP/1.1" 200 8681 "-" "Mozilla/5.0 (Windows NT 6.1; rv:6.0) Gecko/20110814 Firefox/6.0 Google Favicon" 
66.249.84.217 - - [05/Mar/2016:02:02:32 -0800] "GET /bootstrap/img/favicon.ico HTTP/1.1" 200 590 "-" "Mozilla/5.0 (Windows NT 6.1; rv:6.0) Gecko/20110814 Firefox/6.0 Google Favicon" 
51.255.65.50 - - [05/Mar/2016:02:06:40 -0800] "GET /self.logs/access.log.2016-01-01.gz HTTP/1.1" 200 5449 "-" "Mozilla/5.0 (compatible; AhrefsBot/5.0; +http://ahrefs.com/robot/)" 
77.75.78.165 - - [05/Mar/2016:02:08:01 -0800] "GET /robots.txt HTTP/1.1" 200 334 "-" "Mozilla/5.0 (compatible; SeznamBot/3.2; +http://fulltext.sblog.cz/)" 
77.75.78.165 - - [05/Mar/2016:02:08:02 -0800] "GET /maccdc2012/signatures.log.gz HTTP/1.1" 200 605 "-" "Mozilla/5.0 (compatible; SeznamBot/3.2; +http://fulltext.sblog.cz/)" 
51.255.65.32 - - [05/Mar/2016:02:12:14 -0800] "GET /self.logs/error.log.2015-02-07.gz HTTP/1.1" 200 641 "-" "Mozilla/5.0 (compatible; AhrefsBot/5.0; +http://ahrefs.com/robot/)" 
212.98.207.134 - - [05/Mar/2016:02:21:18 -0800] "GET /bootstrap/img/favicon.ico HTTP/1.1" 200 590 "-" "Mozilla/5.0 (Windows NT 10.0; WOW64; rv:44.0) Gecko/20100101 Firefox/44.0" 
117.190.191.170 - - [05/Mar/2016:02:21:58 -0800] "GET /tg/a.zip HTTP/1.1" 304 132 "-" "Mozilla/5.0 Gecko/20100115 Firefox/3.6" 
207.46.13.37 - - [05/Mar/2016:02:38:58 -0800] "GET /honeypot/Honeypot%20-%20Howto%20-%20BSides%20Austin.pdf HTTP/1.1" 200 2928460 "-" "Mozilla/5.0 (iPhone; CPU iPhone OS 7_0 like Mac OS X) AppleWebKit/537.51.1 (KHTML, like Gecko) Version/7.0 Mobile/11A465 Safari/9537.53 (compatible; bingbot/2.0;  http://www.bing.com/bingbot.htm)" 
202.46.129.19 - - [05/Mar/2016:02:53:04 -0800] "GET / HTTP/1.0" 200 8681 "https://www.google.com" "Mozilla/5.0 (X11; Ubuntu; Linux x86_64; rv:44.0) Gecko/20100101 Firefox/44.0" 
202.46.129.19 - - [05/Mar/2016:02:53:04 -0800] "GET /bootstrap/img/favicon.ico HTTP/1.0" 200 589 "-" "Mozilla/5.0 (X11; Ubuntu; Linux x86_64; rv:44.0) Gecko/20100101 Firefox/44.0" 
202.46.129.19 - - [05/Mar/2016:02:53:11 -0800] "GET /GitHub-Mark.png HTTP/1.0" 200 7428 "http://www.secrepo.com/" "Mozilla/5.0 (X11; Ubuntu; Linux x86_64; rv:44.0) Gecko/20100101 Firefox/44.0" 
202.46.129.19 - - [05/Mar/2016:02:53:11 -0800] "GET /twitter-icon.png HTTP/1.0" 200 27788 "http://www.secrepo.com/" "Mozilla/5.0 (X11; Ubuntu; Linux x86_64; rv:44.0) Gecko/20100101 Firefox/44.0" 
211.137.56.194 - - [05/Mar/2016:02:57:25 -0800] "GET /tg/a.zip HTTP/1.1" 304 132 "-" "Mozilla/5.0 Gecko/20100115 Firefox/3.6" 
142.0.72.2 - - [05/Mar/2016:03:04:26 -0800] "GET /honeypot/Honeypot%20-%20Howto.pdf HTTP/1.1" 200 1279418 "https://www.google.com" "Mozilla/5.0 (Windows NT 6.1; Win64; x64; rv:45.0) Gecko/20100101 Firefox/45.0" 
142.0.72.2 - - [05/Mar/2016:03:04:28 -0800] "GET /honeypot/Honeypot%20-%20Howto.pdf HTTP/1.1" 206 34291 "https://www.google.com" "Mozilla/5.0 (Windows NT 6.1; Win64; x64; rv:45.0) Gecko/20100101 Firefox/45.0" 
142.0.72.2 - - [05/Mar/2016:03:04:28 -0800] "GET /honeypot/Honeypot%20-%20Howto.pdf HTTP/1.1" 206 65867 "https://www.google.com" "Mozilla/5.0 (Windows NT 6.1; Win64; x64; rv:45.0) Gecko/20100101 Firefox/45.0" 
142.0.72.2 - - [05/Mar/2016:03:04:29 -0800] "GET /honeypot/Honeypot%20-%20Howto.pdf HTTP/1.1" 206 65872 "https://www.google.com" "Mozilla/5.0 (Windows NT 6.1; Win64; x64; rv:45.0) Gecko/20100101 Firefox/45.0" 
142.0.72.2 - - [05/Mar/2016:03:04:29 -0800] "GET /honeypot/Honeypot%20-%20Howto.pdf HTTP/1.1" 206 65874 "https://www.google.com" "Mozilla/5.0 (Windows NT 6.1; Win64; x64; rv:45.0) Gecko/20100101 Firefox/45.0" 
142.0.72.2 - - [05/Mar/2016:03:04:32 -0800] "GET /honeypot/Honeypot%20-%20Howto.pdf HTTP/1.1" 206 65873 "https://www.google.com" "Mozilla/5.0 (Windows NT 6.1; Win64; x64; rv:45.0) Gecko/20100101 Firefox/45.0" 
142.0.72.2 - - [05/Mar/2016:03:04:32 -0800] "GET /favicon.ico HTTP/1.1" 200 267 "-" "Mozilla/5.0 (Windows NT 6.1; Win64; x64; rv:45.0) Gecko/20100101 Firefox/45.0" 
142.0.72.2 - - [05/Mar/2016:03:04:32 -0800] "GET /honeypot/Honeypot%20-%20Howto.pdf HTTP/1.1" 206 196947 "https://www.google.com" "Mozilla/5.0 (Windows NT 6.1; Win64; x64; rv:45.0) Gecko/20100101 Firefox/45.0" 
207.46.13.37 - - [05/Mar/2016:03:12:22 -0800] "GET /self.logs/error.log.2015-10-03.gz HTTP/1.1" 301 544 "-" "Mozilla/5.0 (compatible; bingbot/2.0; +http://www.bing.com/bingbot.htm)" 
77.75.78.160 - - [05/Mar/2016:03:24:49 -0800] "GET /robots.txt HTTP/1.1" 200 334 "-" "Mozilla/5.0 (compatible; SeznamBot/3.2; +http://fulltext.sblog.cz/)" 
77.75.78.160 - - [05/Mar/2016:03:24:50 -0800] "GET /self.logs/error.log.2015-01-18.gz HTTP/1.1" 200 1259 "-" "Mozilla/5.0 (compatible; SeznamBot/3.2; +http://fulltext.sblog.cz/)" 
211.137.56.172 - - [05/Mar/2016:03:28:26 -0800] "GET /tg/a.zip HTTP/1.1" 304 132 "-" "Mozilla/5.0 Gecko/20100115 Firefox/3.6" 
207.46.13.37 - - [05/Mar/2016:03:36:09 -0800] "GET /self.logs/error.log.2016-01-10.gz HTTP/1.1" 200 938 "-" "Mozilla/5.0 (compatible; bingbot/2.0; +http://www.bing.com/bingbot.htm)" 
202.46.129.68 - - [05/Mar/2016:03:45:11 -0800] "GET / HTTP/1.0" 200 8681 "-" "Mozilla/5.0 (Windows NT 6.1) AppleWebKit/537.36 (KHTML, like Gecko) Chrome/48.0.2564.116 Safari/537.36" 
202.46.129.68 - - [05/Mar/2016:03:45:13 -0800] "GET /GitHub-Mark.png HTTP/1.0" 200 7427 "http://www.secrepo.com/" "Mozilla/5.0 (Windows NT 6.1) AppleWebKit/537.36 (KHTML, like Gecko) Chrome/48.0.2564.116 Safari/537.36" 
202.46.129.68 - - [05/Mar/2016:03:45:13 -0800] "GET /twitter-icon.png HTTP/1.0" 200 27788 "http://www.secrepo.com/" "Mozilla/5.0 (Windows NT 6.1) AppleWebKit/537.36 (KHTML, like Gecko) Chrome/48.0.2564.116 Safari/537.36" 
202.46.129.68 - - [05/Mar/2016:03:45:14 -0800] "GET /bootstrap/img/favicon.ico HTTP/1.0" 200 589 "http://www.secrepo.com/" "Mozilla/5.0 (Windows NT 6.1) AppleWebKit/537.36 (KHTML, like Gecko) Chrome/48.0.2564.116 Safari/537.36" 
218.200.66.203 - - [05/Mar/2016:03:56:01 -0800] "GET /tg/a.zip HTTP/1.1" 304 132 "-" "Mozilla/5.0 Gecko/20100115 Firefox/3.6" 
111.7.128.40 - - [05/Mar/2016:03:56:40 -0800] "GET /tg/a.zip HTTP/1.1" 304 132 "-" "Mozilla/5.0 Gecko/20100115 Firefox/3.6" 
211.137.56.201 - - [05/Mar/2016:03:57:01 -0800] "GET /tg/a.zip HTTP/1.1" 304 132 "-" "Mozilla/5.0 Gecko/20100115 Firefox/3.6" 
128.199.103.121 - - [05/Mar/2016:04:00:38 -0800] "GET /) HTTP/1.1" 404 340 "-" "Mozilla/5.0 (Windows NT 10.0; WOW64) AppleWebKit/537.36 (KHTML, like Gecko) Chrome/48.0.2564.116 Safari/537.36" 
128.199.103.121 - - [05/Mar/2016:04:00:38 -0800] "GET /favicon.ico HTTP/1.1" 200 267 "http://www.secrepo.com/)" "Mozilla/5.0 (Windows NT 10.0; WOW64) AppleWebKit/537.36 (KHTML, like Gecko) Chrome/48.0.2564.116 Safari/537.36" 
128.199.103.121 - - [05/Mar/2016:04:00:41 -0800] "GET / HTTP/1.1" 200 8681 "-" "Mozilla/5.0 (Windows NT 10.0; WOW64) AppleWebKit/537.36 (KHTML, like Gecko) Chrome/48.0.2564.116 Safari/537.36" 
128.199.103.121 - - [05/Mar/2016:04:00:42 -0800] "GET /twitter-icon.png HTTP/1.1" 200 27788 "http://www.secrepo.com/" "Mozilla/5.0 (Windows NT 10.0; WOW64) AppleWebKit/537.36 (KHTML, like Gecko) Chrome/48.0.2564.116 Safari/537.36" 
128.199.103.121 - - [05/Mar/2016:04:00:42 -0800] "GET /GitHub-Mark.png HTTP/1.1" 200 7428 "http://www.secrepo.com/" "Mozilla/5.0 (Windows NT 10.0; WOW64) AppleWebKit/537.36 (KHTML, like Gecko) Chrome/48.0.2564.116 Safari/537.36" 
128.199.103.121 - - [05/Mar/2016:04:00:43 -0800] "GET /bootstrap/img/favicon.ico HTTP/1.1" 200 589 "http://www.secrepo.com/" "Mozilla/5.0 (Windows NT 10.0; WOW64) AppleWebKit/537.36 (KHTML, like Gecko) Chrome/48.0.2564.116 Safari/537.36" 
66.249.66.155 - - [05/Mar/2016:04:07:11 -0800] "GET / HTTP/1.1" 200 8681 "-" "Mozilla/5.0 (compatible; Googlebot/2.1; +http://www.google.com/bot.html)" 
207.46.13.142 - - [05/Mar/2016:04:11:25 -0800] "GET /self.logs/access.log.2015-05-15.gz HTTP/1.1" 301 545 "-" "Mozilla/5.0 (compatible; bingbot/2.0; +http://www.bing.com/bingbot.htm)" 
207.46.13.101 - - [05/Mar/2016:04:15:50 -0800] "GET /self.logs/error.log.2015-01-23.gz HTTP/1.1" 200 647 "-" "Mozilla/5.0 (compatible; bingbot/2.0; +http://www.bing.com/bingbot.htm)" 
77.75.76.168 - - [05/Mar/2016:04:16:54 -0800] "GET /robots.txt HTTP/1.1" 200 334 "-" "Mozilla/5.0 (compatible; SeznamBot/3.2; +http://fulltext.sblog.cz/)" 
77.75.76.168 - - [05/Mar/2016:04:16:55 -0800] "GET /self.logs/error.log.2015-05-29.gz HTTP/1.1" 200 754 "-" "Mozilla/5.0 (compatible; SeznamBot/3.2; +http://fulltext.sblog.cz/)" 
207.46.13.101 - - [05/Mar/2016:04:36:04 -0800] "GET /self.logs/error.log.2015-05-15.gz HTTP/1.1" 200 1121 "-" "Mozilla/5.0 (compatible; bingbot/2.0; +http://www.bing.com/bingbot.htm)" 
111.23.10.33 - - [05/Mar/2016:04:38:45 -0800] "GET /tg/a.zip HTTP/1.1" 304 132 "-" "Mozilla/5.0 Gecko/20100115 Firefox/3.6" 
207.46.13.142 - - [05/Mar/2016:04:51:03 -0800] "GET /self.logs/access.log.2015-09-13.gz HTTP/1.1" 200 4389 "-" "Mozilla/5.0 (compatible; bingbot/2.0; +http://www.bing.com/bingbot.htm)" 
207.46.13.101 - - [05/Mar/2016:04:52:27 -0800] "GET /self.logs/access.log.2015-07-24.gz HTTP/1.1" 200 4143 "-" "Mozilla/5.0 (compatible; bingbot/2.0; +http://www.bing.com/bingbot.htm)" 
62.195.74.144 - - [05/Mar/2016:05:05:46 -0800] "GET / HTTP/1.1" 301 483 "-" "Mozilla/5.0 (X11; Ubuntu; Linux x86_64; rv:44.0) Gecko/20100101 Firefox/44.0" 
62.195.74.144 - - [05/Mar/2016:05:05:46 -0800] "GET / HTTP/1.1" 200 8681 "-" "Mozilla/5.0 (X11; Ubuntu; Linux x86_64; rv:44.0) Gecko/20100101 Firefox/44.0" 
62.195.74.144 - - [05/Mar/2016:05:05:46 -0800] "GET /twitter-icon.png HTTP/1.1" 200 27787 "http://www.secrepo.com/" "Mozilla/5.0 (X11; Ubuntu; Linux x86_64; rv:44.0) Gecko/20100101 Firefox/44.0" 
62.195.74.144 - - [05/Mar/2016:05:05:46 -0800] "GET /GitHub-Mark.png HTTP/1.1" 200 7428 "http://www.secrepo.com/" "Mozilla/5.0 (X11; Ubuntu; Linux x86_64; rv:44.0) Gecko/20100101 Firefox/44.0" 
62.195.74.144 - - [05/Mar/2016:05:05:47 -0800] "GET /bootstrap/img/favicon.ico HTTP/1.1" 200 589 "-" "Mozilla/5.0 (X11; Ubuntu; Linux x86_64; rv:44.0) Gecko/20100101 Firefox/44.0" 
54.164.169.107 - - [05/Mar/2016:05:06:09 -0800] "GET / HTTP/1.1" 200 8681 "-" "Mozilla/5.0 (Unknown; Linux x86_64) AppleWebKit/534.34 (KHTML, like Gecko) PhantomJS/1.9.8 Safari/534.34" 
54.164.169.107 - - [05/Mar/2016:05:06:09 -0800] "GET /twitter-icon.png HTTP/1.1" 200 27788 "-" "-" 
54.164.169.107 - - [05/Mar/2016:05:06:09 -0800] "GET /GitHub-Mark.png HTTP/1.1" 200 7428 "-" "-" 
77.75.76.160 - - [05/Mar/2016:05:17:11 -0800] "GET /robots.txt HTTP/1.1" 200 334 "-" "Mozilla/5.0 (compatible; SeznamBot/3.2; +http://fulltext.sblog.cz/)" 
77.75.76.160 - - [05/Mar/2016:05:17:12 -0800] "GET /self.logs/error.log.2015-04-02.gz HTTP/1.1" 200 1056 "-" "Mozilla/5.0 (compatible; SeznamBot/3.2; +http://fulltext.sblog.cz/)" 
117.190.191.170 - - [05/Mar/2016:05:21:58 -0800] "GET /tg/a.zip HTTP/1.1" 304 132 "-" "Mozilla/5.0 Gecko/20100115 Firefox/3.6" 
180.76.15.160 - - [05/Mar/2016:05:26:42 -0800] "GET / HTTP/1.1" 200 28422 "-" "Mozilla/5.0 (compatible; Baiduspider/2.0; +http://www.baidu.com/search/spider.html)" 
180.76.15.33 - - [05/Mar/2016:05:27:16 -0800] "GET / HTTP/1.1" 200 21900 "-" "Mozilla/5.0 (compatible; Baiduspider/2.0; +http://www.baidu.com/search/spider.html)" 
108.253.242.232 - - [05/Mar/2016:05:33:21 -0800] "GET / HTTP/1.1" 200 8681 "http://www.mlsecproject.org/" "Mozilla/5.0 (Macintosh; Intel Mac OS X 10_11_3) AppleWebKit/601.4.4 (KHTML, like Gecko) Version/9.0.3 Safari/601.4.4" 
108.253.242.232 - - [05/Mar/2016:05:33:21 -0800] "GET /twitter-icon.png HTTP/1.1" 200 27787 "http://www.secrepo.com/" "Mozilla/5.0 (Macintosh; Intel Mac OS X 10_11_3) AppleWebKit/601.4.4 (KHTML, like Gecko) Version/9.0.3 Safari/601.4.4" 
108.253.242.232 - - [05/Mar/2016:05:33:21 -0800] "GET /GitHub-Mark.png HTTP/1.1" 200 7428 "http://www.secrepo.com/" "Mozilla/5.0 (Macintosh; Intel Mac OS X 10_11_3) AppleWebKit/601.4.4 (KHTML, like Gecko) Version/9.0.3 Safari/601.4.4" 
108.253.242.232 - - [05/Mar/2016:05:33:21 -0800] "GET /bootstrap/img/favicon.ico HTTP/1.1" 200 590 "http://www.secrepo.com/" "Mozilla/5.0 (Macintosh; Intel Mac OS X 10_11_3) AppleWebKit/601.4.4 (KHTML, like Gecko) Version/9.0.3 Safari/601.4.4" 
108.253.242.232 - - [05/Mar/2016:05:34:31 -0800] "GET /self.logs/ HTTP/1.1" 200 8751 "http://www.secrepo.com/" "Mozilla/5.0 (Macintosh; Intel Mac OS X 10_11_3) AppleWebKit/601.4.4 (KHTML, like Gecko) Version/9.0.3 Safari/601.4.4" 
108.253.242.232 - - [05/Mar/2016:05:34:33 -0800] "GET /favicon.ico HTTP/1.1" 200 268 "http://www.secrepo.com/self.logs/" "Mozilla/5.0 (Macintosh; Intel Mac OS X 10_11_3) AppleWebKit/601.4.4 (KHTML, like Gecko) Version/9.0.3 Safari/601.4.4" 
108.253.242.232 - - [05/Mar/2016:05:34:56 -0800] "GET /honeypot/honeypot.json.zip HTTP/1.1" 200 4631873 "http://www.secrepo.com/" "Mozilla/5.0 (Macintosh; Intel Mac OS X 10_11_3) AppleWebKit/601.4.4 (KHTML, like Gecko) Version/9.0.3 Safari/601.4.4" 
173.35.134.39 - - [05/Mar/2016:05:48:44 -0800] "GET /honeypot/Honeypot%20-%20Howto%20-%20BSides%20Austin.pdf HTTP/1.1" 200 2928460 "http://www.secrepo.com/" "Mozilla/5.0 (Windows NT 6.1; WOW64) AppleWebKit/537.36 (KHTML, like Gecko) Maxthon/4.4.4.600 Chrome/30.0.1599.101 Safari/537.36" 
211.137.56.194 - - [05/Mar/2016:05:57:28 -0800] "GET /tg/a.zip HTTP/1.1" 304 132 "-" "Mozilla/5.0 Gecko/20100115 Firefox/3.6" 
108.253.242.232 - - [05/Mar/2016:06:04:09 -0800] "GET / HTTP/1.1" 200 8681 "http://www.mlsecproject.org/" "Mozilla/5.0 (Macintosh; Intel Mac OS X 10_11_3) AppleWebKit/601.4.4 (KHTML, like Gecko) Version/9.0.3 Safari/601.4.4" 
77.75.76.170 - - [05/Mar/2016:06:04:28 -0800] "GET /robots.txt HTTP/1.1" 200 334 "-" "Mozilla/5.0 (compatible; SeznamBot/3.2; +http://fulltext.sblog.cz/)" 
77.75.76.170 - - [05/Mar/2016:06:04:29 -0800] "GET /maccdc2012/ssh.log.gz HTTP/1.1" 200 182517 "-" "Mozilla/5.0 (compatible; SeznamBot/3.2; +http://fulltext.sblog.cz/)" 
207.46.13.142 - - [05/Mar/2016:06:19:42 -0800] "GET / HTTP/1.1" 200 8681 "-" "Mozilla/5.0 (compatible; bingbot/2.0; +http://www.bing.com/bingbot.htm)" 
211.137.56.172 - - [05/Mar/2016:06:28:28 -0800] "GET /tg/a.zip HTTP/1.1" 304 132 "-" "Mozilla/5.0 Gecko/20100115 Firefox/3.6" 
199.59.148.211 - - [05/Mar/2016:06:35:59 -0800] "GET /robots.txt HTTP/1.1" 301 446 "-" "Twitterbot/1.0" 
199.59.148.211 - - [05/Mar/2016:06:35:59 -0800] "GET / HTTP/1.1" 301 427 "-" "Twitterbot/1.0" 
199.59.148.209 - - [05/Mar/2016:06:35:59 -0800] "GET /robots.txt HTTP/1.1" 200 304 "-" "Twitterbot/1.0" 
199.59.148.209 - - [05/Mar/2016:06:35:59 -0800] "GET / HTTP/1.1" 200 8625 "-" "Twitterbot/1.0" 
207.46.13.101 - - [05/Mar/2016:06:36:14 -0800] "GET /self.logs/access.log.2015-08-20.gz HTTP/1.1" 200 5305 "-" "Mozilla/5.0 (compatible; bingbot/2.0; +http://www.bing.com/bingbot.htm)" 
218.200.66.203 - - [05/Mar/2016:06:56:06 -0800] "GET /tg/a.zip HTTP/1.1" 304 132 "-" "Mozilla/5.0 Gecko/20100115 Firefox/3.6" 
111.7.128.40 - - [05/Mar/2016:06:56:41 -0800] "GET /tg/a.zip HTTP/1.1" 304 132 "-" "Mozilla/5.0 Gecko/20100115 Firefox/3.6" 
211.137.56.201 - - [05/Mar/2016:06:57:02 -0800] "GET /tg/a.zip HTTP/1.1" 304 132 "-" "Mozilla/5.0 Gecko/20100115 Firefox/3.6" 
51.255.65.16 - - [05/Mar/2016:07:06:52 -0800] "GET /self.logs/?C=N;O=D HTTP/1.1" 200 8749 "-" "Mozilla/5.0 (compatible; AhrefsBot/5.0; +http://ahrefs.com/robot/)" 
96.242.7.40 - - [05/Mar/2016:07:08:37 -0800] "GET / HTTP/1.1" 200 8681 "http://www.mlsecproject.org/" "Mozilla/5.0 (iPhone; CPU iPhone OS 9_2_1 like Mac OS X) AppleWebKit/601.1.46 (KHTML, like Gecko) Version/9.0 Mobile/13D15 Safari/601.1" 
96.242.7.40 - - [05/Mar/2016:07:08:37 -0800] "GET /twitter-icon.png HTTP/1.1" 200 27787 "http://www.secrepo.com/" "Mozilla/5.0 (iPhone; CPU iPhone OS 9_2_1 like Mac OS X) AppleWebKit/601.1.46 (KHTML, like Gecko) Version/9.0 Mobile/13D15 Safari/601.1" 
96.242.7.40 - - [05/Mar/2016:07:08:38 -0800] "GET /GitHub-Mark.png HTTP/1.1" 200 7428 "http://www.secrepo.com/" "Mozilla/5.0 (iPhone; CPU iPhone OS 9_2_1 like Mac OS X) AppleWebKit/601.1.46 (KHTML, like Gecko) Version/9.0 Mobile/13D15 Safari/601.1" 
109.148.82.106 - - [05/Mar/2016:07:13:25 -0800] "GET / HTTP/1.1" 200 8681 "https://t.co/6nnCTYcDLT" "Mozilla/5.0 (Macintosh; Intel Mac OS X 10_10_5) AppleWebKit/537.36 (KHTML, like Gecko) Chrome/48.0.2564.116 Safari/537.36" 
109.148.82.106 - - [05/Mar/2016:07:13:25 -0800] "GET /twitter-icon.png HTTP/1.1" 200 27787 "http://www.secrepo.com/" "Mozilla/5.0 (Macintosh; Intel Mac OS X 10_10_5) AppleWebKit/537.36 (KHTML, like Gecko) Chrome/48.0.2564.116 Safari/537.36" 
109.148.82.106 - - [05/Mar/2016:07:13:26 -0800] "GET /GitHub-Mark.png HTTP/1.1" 200 7427 "http://www.secrepo.com/" "Mozilla/5.0 (Macintosh; Intel Mac OS X 10_10_5) AppleWebKit/537.36 (KHTML, like Gecko) Chrome/48.0.2564.116 Safari/537.36" 
77.75.77.54 - - [05/Mar/2016:07:20:27 -0800] "GET /robots.txt HTTP/1.1" 200 334 "-" "Mozilla/5.0 (compatible; SeznamBot/3.2; +http://fulltext.sblog.cz/)" 
77.75.77.54 - - [05/Mar/2016:07:20:28 -0800] "GET /honeypot/Honeypot%20-%20Howto%20-%20BSides%20Austin.pdf HTTP/1.1" 200 2928460 "-" "Mozilla/5.0 (compatible; SeznamBot/3.2; +http://fulltext.sblog.cz/)" 
202.46.129.19 - - [05/Mar/2016:07:25:32 -0800] "GET / HTTP/1.0" 200 8681 "-" "Mozilla/5.0 (Windows NT 6.3; WOW64) AppleWebKit/537.36 (KHTML, like Gecko) Chrome/48.0.2564.116 Safari/537.36" 
202.46.129.19 - - [05/Mar/2016:07:25:32 -0800] "GET /twitter-icon.png HTTP/1.0" 200 27787 "http://www.secrepo.com/" "Mozilla/5.0 (Windows NT 6.3; WOW64) AppleWebKit/537.36 (KHTML, like Gecko) Chrome/48.0.2564.116 Safari/537.36" 
202.46.129.19 - - [05/Mar/2016:07:25:33 -0800] "GET /GitHub-Mark.png HTTP/1.0" 200 7428 "http://www.secrepo.com/" "Mozilla/5.0 (Windows NT 6.3; WOW64) AppleWebKit/537.36 (KHTML, like Gecko) Chrome/48.0.2564.116 Safari/537.36" 
202.46.129.19 - - [05/Mar/2016:07:25:33 -0800] "GET /bootstrap/img/favicon.ico HTTP/1.0" 200 589 "http://www.secrepo.com/" "Mozilla/5.0 (Windows NT 6.3; WOW64) AppleWebKit/537.36 (KHTML, like Gecko) Chrome/48.0.2564.116 Safari/537.36" 
111.23.10.33 - - [05/Mar/2016:07:38:47 -0800] "GET /tg/a.zip HTTP/1.1" 304 132 "-" "Mozilla/5.0 Gecko/20100115 Firefox/3.6" 
124.67.255.90 - - [05/Mar/2016:07:46:43 -0800] "GET /honeypot/Honeypot%20-%20Howto.pdf HTTP/1.1" 200 1279418 "-" "Mozilla/4.0 (compatible; MSIE 6.0; Windows NT 5.1)" 
116.86.207.30 - - [05/Mar/2016:07:50:55 -0800] "GET / HTTP/1.1" 200 8681 "http://www.mlsecproject.org/" "Mozilla/5.0 (Macintosh; Intel Mac OS X 10_10_4) AppleWebKit/600.7.12 (KHTML, like Gecko) Version/8.0.7 Safari/600.7.12" 
116.86.207.30 - - [05/Mar/2016:07:50:55 -0800] "GET /twitter-icon.png HTTP/1.1" 200 27787 "http://www.secrepo.com/" "Mozilla/5.0 (Macintosh; Intel Mac OS X 10_10_4) AppleWebKit/600.7.12 (KHTML, like Gecko) Version/8.0.7 Safari/600.7.12" 
116.86.207.30 - - [05/Mar/2016:07:50:55 -0800] "GET /GitHub-Mark.png HTTP/1.1" 200 7428 "http://www.secrepo.com/" "Mozilla/5.0 (Macintosh; Intel Mac OS X 10_10_4) AppleWebKit/600.7.12 (KHTML, like Gecko) Version/8.0.7 Safari/600.7.12" 
116.86.207.30 - - [05/Mar/2016:07:50:56 -0800] "GET /bootstrap/img/favicon.ico HTTP/1.1" 200 590 "http://www.secrepo.com/" "Mozilla/5.0 (Macintosh; Intel Mac OS X 10_10_4) AppleWebKit/600.7.12 (KHTML, like Gecko) Version/8.0.7 Safari/600.7.12" 
109.107.224.25 - - [05/Mar/2016:07:53:17 -0800] "GET /data HTTP/1.1" 404 340 "http://www.secrepo.com/" "Mozilla/5.0 (Windows NT 6.1; WOW64) AppleWebKit/537.36 (KHTML, like Gecko) Chrome/48.0.2564.116 Safari/537.36" 
109.107.224.25 - - [05/Mar/2016:07:53:18 -0800] "GET /favicon.ico HTTP/1.1" 200 267 "http://www.secrepo.com/data" "Mozilla/5.0 (Windows NT 6.1; WOW64) AppleWebKit/537.36 (KHTML, like Gecko) Chrome/48.0.2564.116 Safari/537.36" 
109.107.224.25 - - [05/Mar/2016:07:53:29 -0800] "GET / HTTP/1.1" 200 8681 "http://www.secrepo.com/" "Mozilla/5.0 (Windows NT 6.1; WOW64) AppleWebKit/537.36 (KHTML, like Gecko) Chrome/48.0.2564.116 Safari/537.36" 
109.107.224.25 - - [05/Mar/2016:07:53:29 -0800] "GET /twitter-icon.png HTTP/1.1" 304 165 "http://www.secrepo.com/" "Mozilla/5.0 (Windows NT 6.1; WOW64) AppleWebKit/537.36 (KHTML, like Gecko) Chrome/48.0.2564.116 Safari/537.36" 
109.107.224.25 - - [05/Mar/2016:07:53:30 -0800] "GET /GitHub-Mark.png HTTP/1.1" 304 166 "http://www.secrepo.com/" "Mozilla/5.0 (Windows NT 6.1; WOW64) AppleWebKit/537.36 (KHTML, like Gecko) Chrome/48.0.2564.116 Safari/537.36" 
207.46.13.142 - - [05/Mar/2016:08:02:41 -0800] "GET /self.logs/access.log.2015-08-30.gz HTTP/1.1" 200 4452 "-" "Mozilla/5.0 (compatible; bingbot/2.0; +http://www.bing.com/bingbot.htm)" 
146.20.68.17 - - [05/Mar/2016:08:07:29 -0800] "GET /robots.txt HTTP/1.1" 301 446 "-" "Tornado-Async-Client" 
146.20.68.17 - - [05/Mar/2016:08:07:29 -0800] "GET /robots.txt HTTP/1.1" 200 304 "-" "Tornado-Async-Client" 
146.20.68.17 - - [05/Mar/2016:08:07:29 -0800] "GET /honeypot/BSidesDFW%20-%202014.ipynb HTTP/1.1" 301 484 "-" "Tornado-Async-Client" 
146.20.68.17 - - [05/Mar/2016:08:07:29 -0800] "GET /honeypot/BSidesDFW%20-%202014.ipynb HTTP/1.1" 200 930780 "-" "Tornado-Async-Client" 
77.75.76.160 - - [05/Mar/2016:08:07:31 -0800] "GET /robots.txt HTTP/1.1" 200 334 "-" "Mozilla/5.0 (compatible; SeznamBot/3.2; +http://fulltext.sblog.cz/)" 
77.75.76.160 - - [05/Mar/2016:08:07:32 -0800] "GET /maccdc2012/notice.log.gz HTTP/1.1" 200 20779 "-" "Mozilla/5.0 (compatible; SeznamBot/3.2; +http://fulltext.sblog.cz/)" 
117.190.191.170 - - [05/Mar/2016:08:22:01 -0800] "GET /tg/a.zip HTTP/1.1" 304 132 "-" "Mozilla/5.0 Gecko/20100115 Firefox/3.6" 
98.231.230.118 - - [05/Mar/2016:08:46:47 -0800] "GET /bootstrap/img/favicon.ico HTTP/1.1" 200 590 "-" "Mozilla/5.0 (Windows NT 6.1; WOW64; rv:44.0) Gecko/20100101 Firefox/44.0" 
58.97.216.107 - - [05/Mar/2016:08:52:20 -0800] "GET / HTTP/1.1" 200 8681 "https://www.google.com" "Mozilla/5.0 (Windows NT 6.2; WOW64; rv:44.0) Gecko/20100101 Firefox/44.0" 
58.97.216.107 - - [05/Mar/2016:08:52:22 -0800] "GET /bootstrap/img/favicon.ico HTTP/1.1" 200 589 "-" "Mozilla/5.0 (Windows NT 6.2; WOW64; rv:44.0) Gecko/20100101 Firefox/44.0" 
58.97.216.107 - - [05/Mar/2016:08:52:22 -0800] "GET /twitter-icon.png HTTP/1.1" 200 27788 "http://www.secrepo.com/" "Mozilla/5.0 (Windows NT 6.2; WOW64; rv:44.0) Gecko/20100101 Firefox/44.0" 
58.97.216.107 - - [05/Mar/2016:08:52:23 -0800] "GET /GitHub-Mark.png HTTP/1.1" 200 7428 "http://www.secrepo.com/" "Mozilla/5.0 (Windows NT 6.2; WOW64; rv:44.0) Gecko/20100101 Firefox/44.0" 
211.137.56.194 - - [05/Mar/2016:08:57:28 -0800] "GET /tg/a.zip HTTP/1.1" 304 132 "-" "Mozilla/5.0 Gecko/20100115 Firefox/3.6" 
207.46.13.142 - - [05/Mar/2016:09:10:00 -0800] "GET /self.logs/access.log.2015-08-18.gz HTTP/1.1" 200 10631 "-" "Mozilla/5.0 (compatible; bingbot/2.0; +http://www.bing.com/bingbot.htm)" 
207.46.13.142 - - [05/Mar/2016:09:10:11 -0800] "GET /robots.txt HTTP/1.1" 301 518 "-" "Mozilla/5.0 (compatible; bingbot/2.0; +http://www.bing.com/bingbot.htm)" 
207.46.13.142 - - [05/Mar/2016:09:10:11 -0800] "GET /robots.txt HTTP/1.1" 200 288 "-" "Mozilla/5.0 (compatible; bingbot/2.0; +http://www.bing.com/bingbot.htm)" 
77.75.79.17 - - [05/Mar/2016:09:13:03 -0800] "GET /robots.txt HTTP/1.1" 200 334 "-" "Mozilla/5.0 (compatible; SeznamBot/3.2; +http://fulltext.sblog.cz/)" 
77.75.79.17 - - [05/Mar/2016:09:13:04 -0800] "GET /self.logs/error.log.2015-04-29.gz HTTP/1.1" 200 1759 "-" "Mozilla/5.0 (compatible; SeznamBot/3.2; +http://fulltext.sblog.cz/)" 
75.70.119.120 - - [05/Mar/2016:09:16:52 -0800] "GET / HTTP/1.1" 200 8681 "-" "Mozilla/5.0 (Macintosh; Intel Mac OS X 10_11_3) AppleWebKit/601.4.4 (KHTML, like Gecko) Version/9.0.3 Safari/601.4.4" 
75.70.119.120 - - [05/Mar/2016:09:16:52 -0800] "GET /twitter-icon.png HTTP/1.1" 200 27787 "http://www.secrepo.com/" "Mozilla/5.0 (Macintosh; Intel Mac OS X 10_11_3) AppleWebKit/601.4.4 (KHTML, like Gecko) Version/9.0.3 Safari/601.4.4" 
75.70.119.120 - - [05/Mar/2016:09:16:52 -0800] "GET /GitHub-Mark.png HTTP/1.1" 200 7428 "http://www.secrepo.com/" "Mozilla/5.0 (Macintosh; Intel Mac OS X 10_11_3) AppleWebKit/601.4.4 (KHTML, like Gecko) Version/9.0.3 Safari/601.4.4" 
180.76.15.144 - - [05/Mar/2016:09:26:51 -0800] "GET / HTTP/1.1" 200 21900 "-" "Mozilla/5.0 (compatible; Baiduspider/2.0; +http://www.baidu.com/search/spider.html)" 
180.76.15.154 - - [05/Mar/2016:09:27:25 -0800] "GET / HTTP/1.1" 200 21900 "-" "Mozilla/5.0 (compatible; Baiduspider/2.0; +http://www.baidu.com/search/spider.html)" 
211.137.56.172 - - [05/Mar/2016:09:28:33 -0800] "GET /tg/a.zip HTTP/1.1" 304 132 "-" "Mozilla/5.0 Gecko/20100115 Firefox/3.6" 
82.12.164.186 - - [05/Mar/2016:09:28:49 -0800] "GET / HTTP/1.1" 200 8681 "-" "Mozilla/5.0 (iPad; CPU OS 9_2_1 like Mac OS X) AppleWebKit/601.1.46 (KHTML, like Gecko) Version/9.0 Mobile/13D15 Safari/601.1" 
82.12.164.186 - - [05/Mar/2016:09:28:49 -0800] "GET /twitter-icon.png HTTP/1.1" 200 27787 "http://www.secrepo.com/" "Mozilla/5.0 (iPad; CPU OS 9_2_1 like Mac OS X) AppleWebKit/601.1.46 (KHTML, like Gecko) Version/9.0 Mobile/13D15 Safari/601.1" 
82.12.164.186 - - [05/Mar/2016:09:28:49 -0800] "GET /GitHub-Mark.png HTTP/1.1" 200 7428 "http://www.secrepo.com/" "Mozilla/5.0 (iPad; CPU OS 9_2_1 like Mac OS X) AppleWebKit/601.1.46 (KHTML, like Gecko) Version/9.0 Mobile/13D15 Safari/601.1" 
104.156.240.163 - - [05/Mar/2016:09:48:22 -0800] "GET / HTTP/1.1" 200 8681 "https://www.google.com/" "Mozilla/5.0 (Macintosh; Intel Mac OS X 10_11_3) AppleWebKit/537.36 (KHTML, like Gecko) Chrome/48.0.2564.116 Safari/537.36" 
104.156.240.163 - - [05/Mar/2016:09:48:23 -0800] "GET /twitter-icon.png HTTP/1.1" 200 27787 "http://www.secrepo.com/" "Mozilla/5.0 (Macintosh; Intel Mac OS X 10_11_3) AppleWebKit/537.36 (KHTML, like Gecko) Chrome/48.0.2564.116 Safari/537.36" 
104.156.240.163 - - [05/Mar/2016:09:48:23 -0800] "GET /GitHub-Mark.png HTTP/1.1" 200 7428 "http://www.secrepo.com/" "Mozilla/5.0 (Macintosh; Intel Mac OS X 10_11_3) AppleWebKit/537.36 (KHTML, like Gecko) Chrome/48.0.2564.116 Safari/537.36" 
104.156.240.163 - - [05/Mar/2016:09:48:24 -0800] "GET /bootstrap/img/favicon.ico HTTP/1.1" 200 589 "http://www.secrepo.com/" "Mozilla/5.0 (Macintosh; Intel Mac OS X 10_11_3) AppleWebKit/537.36 (KHTML, like Gecko) Chrome/48.0.2564.116 Safari/537.36" 
104.156.240.163 - - [05/Mar/2016:09:50:09 -0800] "GET /tg/tg_snort_full.7z HTTP/1.1" 200 8847794 "http://www.secrepo.com/" "Mozilla/5.0 (Macintosh; Intel Mac OS X 10_11_3) AppleWebKit/537.36 (KHTML, like Gecko) Chrome/48.0.2564.116 Safari/537.36" 
218.200.66.203 - - [05/Mar/2016:09:56:12 -0800] "GET /tg/a.zip HTTP/1.1" 304 132 "-" "Mozilla/5.0 Gecko/20100115 Firefox/3.6" 
111.7.128.40 - - [05/Mar/2016:09:56:45 -0800] "GET /tg/a.zip HTTP/1.1" 304 132 "-" "Mozilla/5.0 Gecko/20100115 Firefox/3.6" 
211.137.56.201 - - [05/Mar/2016:09:57:05 -0800] "GET /tg/a.zip HTTP/1.1" 304 132 "-" "Mozilla/5.0 Gecko/20100115 Firefox/3.6" 
50.251.169.19 - - [05/Mar/2016:10:05:34 -0800] "GET /bootstrap/img/favicon.ico HTTP/1.1" 200 590 "-" "Mozilla/5.0 (Windows NT 6.1; WOW64) AppleWebKit/537.36 (KHTML, like Gecko) Chrome/48.0.2564.116 Safari/537.36" 
77.75.76.171 - - [05/Mar/2016:10:17:05 -0800] "GET /robots.txt HTTP/1.1" 200 334 "-" "Mozilla/5.0 (compatible; SeznamBot/3.2; +http://fulltext.sblog.cz/)" 
77.75.76.171 - - [05/Mar/2016:10:17:06 -0800] "GET /self.logs/?C=M;O=A HTTP/1.1" 200 8938 "-" "Mozilla/5.0 (compatible; SeznamBot/3.2; +http://fulltext.sblog.cz/)" 
62.195.74.144 - - [05/Mar/2016:10:18:08 -0800] "GET /favicon.ico HTTP/1.1" 301 501 "-" "Mozilla/5.0 (X11; Linux x86_64) AppleWebKit/537.36 (KHTML, like Gecko) Version/4.0 Chrome/48.0.2564.106 Safari/537.36" 
62.195.74.144 - - [05/Mar/2016:10:18:08 -0800] "GET /favicon.ico HTTP/1.1" 200 268 "-" "Mozilla/5.0 (X11; Linux x86_64) AppleWebKit/537.36 (KHTML, like Gecko) Version/4.0 Chrome/48.0.2564.106 Safari/537.36" 
207.46.13.101 - - [05/Mar/2016:10:24:07 -0800] "GET /self.logs/access.log.2015-06-21.gz HTTP/1.1" 200 10058 "-" "Mozilla/5.0 (compatible; bingbot/2.0; +http://www.bing.com/bingbot.htm)" 
5.165.250.65 - - [05/Mar/2016:10:33:05 -0800] "GET /honeypot/BSidesDFW%20-%202014.ipynb HTTP/1.1" 200 930799 "http://yandex.ru/clck/jsredir?from=yandex.ru%3Bsearch%3Bweb%3B%3B&text=&etext=984.JgRjCfRTVJGd7npLsjbpDafpgYEQACTkhMrcUfio1SI.bfcabe5d79308d3bd5378e21cd25c92f449dff6c&uuid=&state=AiuY0DBWFJ4ePaEse6rgeAjgs2pI3DW9J0KiE5XNXd0dp0ZMwFHoviUoYa6nzP7MSi3gOS8hVmLlvmgDdx4pIU7AQJFrS5ukKP6-G-BbY-s_jYInsN-tNN3AaX3JJGpoe6vgznP8mQ4rseaNvkJZfUY7mcIET4GWhJ_kt4U5_fE4BG5GnEdV0osqgY0Y-hxCBxwDM5vJ5C79SZTjjwYDbw&data=UlNrNmk5WktYejR0eWJFYk1LdmtxdFVvX2JPZzkyaEU2WFNsdVNGUmVZbHU3ZjQwYnJsWFQzaTk3eklSTnotZ1h4SW1DUmpSY1JVWlAxT212aTdGbmljek9uMzIxTElNRnUyZGR2aTVBa0xhejNqUU54SE5vME9lVU91QkRJMjRDQXREeldVN2lqelpUc0NMVEFKemliWi1QVUpnMFhjMQ&b64e=2&sign=2c25828e92efb1de0b4038f5a0a0a6a5&keyno=0&l10n=ru&cts=1457202214308&mc=4.38514497487" "Mozilla/5.0 (Windows NT 5.1) AppleWebKit/537.36 (KHTML, like Gecko) Chrome/31.0.1650.57 Safari/537.36 OPR/18.0.1284.49 (Edition Yx)" 
146.96.130.201 - - [05/Mar/2016:10:34:21 -0800] "GET / HTTP/1.1" 200 8681 "https://www.google.com/" "Mozilla/5.0 (Macintosh; Intel Mac OS X 10_10_5) AppleWebKit/601.3.9 (KHTML, like Gecko) Version/9.0.2 Safari/601.3.9" 
146.96.130.201 - - [05/Mar/2016:10:34:21 -0800] "GET /twitter-icon.png HTTP/1.1" 200 27787 "http://www.secrepo.com/" "Mozilla/5.0 (Macintosh; Intel Mac OS X 10_10_5) AppleWebKit/601.3.9 (KHTML, like Gecko) Version/9.0.2 Safari/601.3.9" 
146.96.130.201 - - [05/Mar/2016:10:34:21 -0800] "GET /GitHub-Mark.png HTTP/1.1" 200 7428 "http://www.secrepo.com/" "Mozilla/5.0 (Macintosh; Intel Mac OS X 10_10_5) AppleWebKit/601.3.9 (KHTML, like Gecko) Version/9.0.2 Safari/601.3.9" 
146.96.130.201 - - [05/Mar/2016:10:34:22 -0800] "GET /bootstrap/img/favicon.ico HTTP/1.1" 200 590 "http://www.secrepo.com/" "Mozilla/5.0 (Macintosh; Intel Mac OS X 10_10_5) AppleWebKit/601.3.9 (KHTML, like Gecko) Version/9.0.2 Safari/601.3.9" 
111.23.10.33 - - [05/Mar/2016:10:38:48 -0800] "GET /tg/a.zip HTTP/1.1" 304 132 "-" "Mozilla/5.0 Gecko/20100115 Firefox/3.6" 
217.26.119.252 - - [05/Mar/2016:11:20:40 -0800] "GET /honeypot/Honeypot%20-%20Howto%20-%20BSides%20Austin.pdf HTTP/1.1" 200 2928460 "-" "Mozilla/5.0 (Windows NT 6.1; rv:38.0) Gecko/20100101 Firefox/38.0" 
176.56.230.162 - - [05/Mar/2016:11:20:43 -0800] "GET /honeypot/Honeypot%20-%20Howto%20-%20BSides%20Austin.pdf HTTP/1.1" 206 44933 "-" "Mozilla/5.0 (Windows NT 6.1; rv:38.0) Gecko/20100101 Firefox/38.0" 
176.56.230.162 - - [05/Mar/2016:11:20:43 -0800] "GET /honeypot/Honeypot%20-%20Howto%20-%20BSides%20Austin.pdf HTTP/1.1" 206 65867 "-" "Mozilla/5.0 (Windows NT 6.1; rv:38.0) Gecko/20100101 Firefox/38.0" 
217.26.119.252 - - [05/Mar/2016:11:20:43 -0800] "GET /favicon.ico HTTP/1.1" 200 267 "-" "Mozilla/5.0 (Windows NT 6.1; rv:38.0) Gecko/20100101 Firefox/38.0" 
117.190.191.170 - - [05/Mar/2016:11:22:02 -0800] "GET /tg/a.zip HTTP/1.1" 304 132 "-" "Mozilla/5.0 Gecko/20100115 Firefox/3.6" 
77.75.78.164 - - [05/Mar/2016:11:26:32 -0800] "GET /robots.txt HTTP/1.1" 200 334 "-" "Mozilla/5.0 (compatible; SeznamBot/3.2; +http://fulltext.sblog.cz/)" 
77.75.78.164 - - [05/Mar/2016:11:26:33 -0800] "GET /self.logs/ HTTP/1.1" 200 8751 "-" "Mozilla/5.0 (compatible; SeznamBot/3.2; +http://fulltext.sblog.cz/)" 
180.76.15.22 - - [05/Mar/2016:11:27:45 -0800] "GET / HTTP/1.1" 200 21900 "-" "Mozilla/5.0 (compatible; Baiduspider/2.0; +http://www.baidu.com/search/spider.html)" 
180.76.15.18 - - [05/Mar/2016:11:28:20 -0800] "GET / HTTP/1.1" 200 21900 "-" "Mozilla/5.0 (compatible; Baiduspider/2.0; +http://www.baidu.com/search/spider.html)" 
211.137.56.194 - - [05/Mar/2016:11:57:28 -0800] "GET /tg/a.zip HTTP/1.1" 304 132 "-" "Mozilla/5.0 Gecko/20100115 Firefox/3.6" 
207.46.13.142 - - [05/Mar/2016:12:02:50 -0800] "GET /self.logs/access.log.2015-03-23.gz HTTP/1.1" 200 4133 "-" "Mozilla/5.0 (compatible; bingbot/2.0; +http://www.bing.com/bingbot.htm)" 
207.46.13.142 - - [05/Mar/2016:12:15:53 -0800] "GET /self.logs/access.log.2015-05-08.gz HTTP/1.1" 301 546 "-" "Mozilla/5.0 (compatible; bingbot/2.0; +http://www.bing.com/bingbot.htm)" 
211.137.56.172 - - [05/Mar/2016:12:28:42 -0800] "GET /tg/a.zip HTTP/1.1" 304 132 "-" "Mozilla/5.0 Gecko/20100115 Firefox/3.6" 
178.208.12.8 - - [05/Mar/2016:12:55:57 -0800] "GET / HTTP/1.1" 200 28433 "-" "Mozilla/5.0 (Macintosh; Intel Mac OS X 10_10_2) AppleWebKit/537.36 (KHTML" 
178.208.12.8 - - [05/Mar/2016:12:55:57 -0800] "GET / HTTP/1.1" 200 28432 "-" "Mozilla/5.0 (Macintosh; Intel Mac OS X 10_10_2) AppleWebKit/537.36 (KHTML" 
218.200.66.203 - - [05/Mar/2016:12:56:19 -0800] "GET /tg/a.zip HTTP/1.1" 304 132 "-" "Mozilla/5.0 Gecko/20100115 Firefox/3.6" 
111.7.128.40 - - [05/Mar/2016:12:56:48 -0800] "GET /tg/a.zip HTTP/1.1" 304 132 "-" "Mozilla/5.0 Gecko/20100115 Firefox/3.6" 
211.137.56.201 - - [05/Mar/2016:12:57:09 -0800] "GET /tg/a.zip HTTP/1.1" 304 132 "-" "Mozilla/5.0 Gecko/20100115 Firefox/3.6" 
66.249.83.209 - - [05/Mar/2016:12:58:06 -0800] "GET / HTTP/1.1" 200 8681 "-" "Mozilla/5.0 (Windows NT 6.1; rv:6.0) Gecko/20110814 Firefox/6.0 Google Favicon" 
66.249.83.213 - - [05/Mar/2016:12:58:06 -0800] "GET /bootstrap/img/favicon.ico HTTP/1.1" 200 590 "-" "Mozilla/5.0 (Windows NT 6.1; rv:6.0) Gecko/20110814 Firefox/6.0 Google Favicon" 
194.225.173.210 - - [05/Mar/2016:13:17:03 -0800] "GET / HTTP/1.1" 200 8681 "https://www.google.com/" "Mozilla/5.0 (Windows NT 6.1; Win64; x64) AppleWebKit/537.36 (KHTML, like Gecko) Chrome/47.0.2526.73 Safari/537.36" 
194.225.173.210 - - [05/Mar/2016:13:17:04 -0800] "GET /twitter-icon.png HTTP/1.1" 200 27787 "http://www.secrepo.com/" "Mozilla/5.0 (Windows NT 6.1; Win64; x64) AppleWebKit/537.36 (KHTML, like Gecko) Chrome/47.0.2526.73 Safari/537.36" 
194.225.173.121 - - [05/Mar/2016:13:17:04 -0800] "GET /GitHub-Mark.png HTTP/1.1" 200 7428 "http://www.secrepo.com/" "Mozilla/5.0 (Windows NT 6.1; Win64; x64) AppleWebKit/537.36 (KHTML, like Gecko) Chrome/47.0.2526.73 Safari/537.36" 
194.225.173.121 - - [05/Mar/2016:13:17:05 -0800] "GET /bootstrap/img/favicon.ico HTTP/1.1" 200 589 "http://www.secrepo.com/" "Mozilla/5.0 (Windows NT 6.1; Win64; x64) AppleWebKit/537.36 (KHTML, like Gecko) Chrome/47.0.2526.73 Safari/537.36" 
51.255.65.6 - - [05/Mar/2016:13:30:47 -0800] "GET /self.logs/error.log.2015-08-01.gz HTTP/1.1" 200 651 "-" "Mozilla/5.0 (compatible; AhrefsBot/5.0; +http://ahrefs.com/robot/)" 
111.23.10.33 - - [05/Mar/2016:13:38:50 -0800] "GET /tg/a.zip HTTP/1.1" 304 132 "-" "Mozilla/5.0 Gecko/20100115 Firefox/3.6" 
51.255.65.59 - - [05/Mar/2016:14:03:02 -0800] "GET /auth.log/auth.log.gz HTTP/1.1" 200 69196 "-" "Mozilla/5.0 (compatible; AhrefsBot/5.0; +http://ahrefs.com/robot/)" 
130.89.136.208 - - [05/Mar/2016:14:07:43 -0800] "GET / HTTP/1.1" 200 8681 "-" "Mozilla/5.0 (Windows NT 6.3; Win64; x64) AppleWebKit/537.36 (KHTML, like Gecko) Chrome/47.0.2493.0 Safari/537.36" 
130.89.136.208 - - [05/Mar/2016:14:07:43 -0800] "GET /twitter-icon.png HTTP/1.1" 200 27787 "http://www.secrepo.com/" "Mozilla/5.0 (Windows NT 6.3; Win64; x64) AppleWebKit/537.36 (KHTML, like Gecko) Chrome/47.0.2493.0 Safari/537.36" 
130.89.136.208 - - [05/Mar/2016:14:07:43 -0800] "GET /GitHub-Mark.png HTTP/1.1" 200 7428 "http://www.secrepo.com/" "Mozilla/5.0 (Windows NT 6.3; Win64; x64) AppleWebKit/537.36 (KHTML, like Gecko) Chrome/47.0.2493.0 Safari/537.36" 
130.89.136.208 - - [05/Mar/2016:14:07:43 -0800] "GET /bootstrap/img/favicon.ico HTTP/1.1" 200 589 "http://www.secrepo.com/" "Mozilla/5.0 (Windows NT 6.3; Win64; x64) AppleWebKit/537.36 (KHTML, like Gecko) Chrome/47.0.2493.0 Safari/537.36" 
117.190.191.170 - - [05/Mar/2016:14:22:01 -0800] "GET /tg/a.zip HTTP/1.1" 304 132 "-" "Mozilla/5.0 Gecko/20100115 Firefox/3.6" 
207.46.13.37 - - [05/Mar/2016:14:32:16 -0800] "GET /self.logs/access.log.2015-08-22.gz HTTP/1.1" 200 4494 "-" "Mozilla/5.0 (compatible; bingbot/2.0; +http://www.bing.com/bingbot.htm)" 
211.137.56.194 - - [05/Mar/2016:14:57:32 -0800] "GET /tg/a.zip HTTP/1.1" 304 132 "-" "Mozilla/5.0 Gecko/20100115 Firefox/3.6" 
207.46.13.56 - - [05/Mar/2016:15:01:38 -0800] "GET /self.logs/error.log.2015-07-13.gz HTTP/1.1" 301 544 "-" "Mozilla/5.0 (compatible; bingbot/2.0; +http://www.bing.com/bingbot.htm)" 
207.46.13.56 - - [05/Mar/2016:15:08:19 -0800] "GET /self.logs/access.log.2015-09-23.gz HTTP/1.1" 301 546 "-" "Mozilla/5.0 (compatible; bingbot/2.0; +http://www.bing.com/bingbot.htm)" 
207.46.13.142 - - [05/Mar/2016:15:13:34 -0800] "GET /self.logs/access.log.2015-07-01.gz HTTP/1.1" 200 5643 "-" "Mozilla/5.0 (compatible; bingbot/2.0; +http://www.bing.com/bingbot.htm)" 
65.31.10.178 - - [05/Mar/2016:15:17:50 -0800] "GET / HTTP/1.1" 200 8681 "-" "Mozilla/5.0 (Windows NT 6.1; WOW64; rv:44.0) Gecko/20100101 Firefox/44.0" 
65.31.10.178 - - [05/Mar/2016:15:17:52 -0800] "GET /twitter-icon.png HTTP/1.1" 200 27787 "http://www.secrepo.com/" "Mozilla/5.0 (Windows NT 6.1; WOW64; rv:44.0) Gecko/20100101 Firefox/44.0" 
65.31.10.178 - - [05/Mar/2016:15:17:52 -0800] "GET /GitHub-Mark.png HTTP/1.1" 200 7428 "http://www.secrepo.com/" "Mozilla/5.0 (Windows NT 6.1; WOW64; rv:44.0) Gecko/20100101 Firefox/44.0" 
65.31.10.178 - - [05/Mar/2016:15:18:09 -0800] "HEAD / HTTP/1.1" 200 281 "-" "Mozilla/5.0 (X11; Linux x86_64; rv:10.0) Gecko/20150101 Firefox/20.0 (Chrome)" 
65.31.10.178 - - [05/Mar/2016:15:18:09 -0800] "GET / HTTP/1.1" 200 8644 "-" "Mozilla/5.0 (X11; Linux x86_64; rv:10.0) Gecko/20150101 Firefox/20.0 (Chrome)" 
120.52.73.13 - - [05/Mar/2016:15:13:45 -0800] "GET /tg/c.zip HTTP/1.1" 200 2822180 "-" "Mozilla/5.0 (compatible; Baiduspider/2.0; +http://www.baidu.com/search/spider.html)" 
65.31.10.178 - - [05/Mar/2016:15:20:07 -0800] "HEAD / HTTP/1.1" 200 281 "-" "Mozilla/5.0 (X11; Linux x86_64; rv:10.0) Gecko/20150101 Firefox/20.0 (Chrome)" 
65.31.10.178 - - [05/Mar/2016:15:20:07 -0800] "GET / HTTP/1.1" 200 8644 "-" "Mozilla/5.0 (X11; Linux x86_64; rv:10.0) Gecko/20150101 Firefox/20.0 (Chrome)" 
51.255.65.49 - - [05/Mar/2016:15:25:33 -0800] "GET /self.logs/error.log.2016-01-13.gz HTTP/1.1" 200 455 "-" "Mozilla/5.0 (compatible; AhrefsBot/5.0; +http://ahrefs.com/robot/)" 
211.137.56.172 - - [05/Mar/2016:15:28:47 -0800] "GET /tg/a.zip HTTP/1.1" 304 132 "-" "Mozilla/5.0 Gecko/20100115 Firefox/3.6" 
207.46.13.37 - - [05/Mar/2016:15:30:39 -0800] "GET /self.logs/access.log.2015-09-08.gz HTTP/1.1" 200 3861 "-" "Mozilla/5.0 (compatible; bingbot/2.0; +http://www.bing.com/bingbot.htm)" 
207.46.13.101 - - [05/Mar/2016:15:40:18 -0800] "GET /honeypot/BSidesDFW%20-%202014.ipynb HTTP/1.1" 200 930836 "-" "Mozilla/5.0 (iPhone; CPU iPhone OS 7_0 like Mac OS X) AppleWebKit/537.51.1 (KHTML, like Gecko) Version/7.0 Mobile/11A465 Safari/9537.53 (compatible; bingbot/2.0;  http://www.bing.com/bingbot.htm)" 
218.200.66.203 - - [05/Mar/2016:15:56:21 -0800] "GET /tg/a.zip HTTP/1.1" 304 132 "-" "Mozilla/5.0 Gecko/20100115 Firefox/3.6" 
111.7.128.40 - - [05/Mar/2016:15:56:55 -0800] "GET /tg/a.zip HTTP/1.1" 304 132 "-" "Mozilla/5.0 Gecko/20100115 Firefox/3.6" 
211.137.56.201 - - [05/Mar/2016:15:57:14 -0800] "GET /tg/a.zip HTTP/1.1" 304 132 "-" "Mozilla/5.0 Gecko/20100115 Firefox/3.6" 
111.13.102.5 - - [05/Mar/2016:16:14:15 -0800] "GET /robots.txt HTTP/1.1" 301 465 "-" "Mozilla/5.0 (compatible; Baiduspider/2.0; +http://www.baidu.com/search/spider.html)" 
111.13.102.4 - - [05/Mar/2016:16:14:17 -0800] "GET /robots.txt HTTP/1.1" 200 297 "-" "Mozilla/5.0 (compatible; Baiduspider/2.0; +http://www.baidu.com/search/spider.html)" 
24.23.195.68 - - [05/Mar/2016:16:17:18 -0800] "GET / HTTP/1.1" 200 8681 "-" "Mozilla/5.0 (Macintosh; Intel Mac OS X 10_11_4) AppleWebKit/601.5.17 (KHTML, like Gecko)" 
24.23.195.68 - - [05/Mar/2016:16:17:19 -0800] "GET /apple-touch-icon-precomposed.png HTTP/1.1" 404 340 "-" "Safari/11601.5.17.1 CFNetwork/760.4.2 Darwin/15.4.0 (x86_64)" 
24.23.195.68 - - [05/Mar/2016:16:17:19 -0800] "GET /apple-touch-icon.png HTTP/1.1" 404 339 "-" "Safari/11601.5.17.1 CFNetwork/760.4.2 Darwin/15.4.0 (x86_64)" 
24.23.195.68 - - [05/Mar/2016:16:17:19 -0800] "GET /apple-touch-icon-precomposed.png HTTP/1.1" 404 339 "-" "Safari/11601.5.17.1 CFNetwork/760.4.2 Darwin/15.4.0 (x86_64)" 
24.23.195.68 - - [05/Mar/2016:16:17:20 -0800] "GET /apple-touch-icon.png HTTP/1.1" 404 339 "-" "Safari/11601.5.17.1 CFNetwork/760.4.2 Darwin/15.4.0 (x86_64)" 
65.31.10.178 - - [05/Mar/2016:16:18:43 -0800] "HEAD / HTTP/1.1" 200 281 "-" "Mozilla/5.0 (X11; Linux x86_64; rv:10.0) Gecko/20150101 Firefox/20.0 (Chrome)" 
65.31.10.178 - - [05/Mar/2016:16:18:43 -0800] "GET / HTTP/1.1" 200 8644 "-" "Mozilla/5.0 (X11; Linux x86_64; rv:10.0) Gecko/20150101 Firefox/20.0 (Chrome)" 
65.31.10.178 - - [05/Mar/2016:16:20:47 -0800] "HEAD / HTTP/1.1" 200 281 "-" "Mozilla/5.0 (X11; Linux x86_64; rv:10.0) Gecko/20150101 Firefox/20.0 (Chrome)" 
65.31.10.178 - - [05/Mar/2016:16:20:47 -0800] "GET / HTTP/1.1" 200 8644 "-" "Mozilla/5.0 (X11; Linux x86_64; rv:10.0) Gecko/20150101 Firefox/20.0 (Chrome)" 
207.46.13.142 - - [05/Mar/2016:16:21:43 -0800] "GET /robots.txt HTTP/1.1" 301 518 "-" "Mozilla/5.0 (compatible; bingbot/2.0; +http://www.bing.com/bingbot.htm)" 
207.46.13.142 - - [05/Mar/2016:16:21:43 -0800] "GET /robots.txt HTTP/1.1" 200 288 "-" "Mozilla/5.0 (compatible; bingbot/2.0; +http://www.bing.com/bingbot.htm)" 
65.31.10.178 - - [05/Mar/2016:16:24:29 -0800] "HEAD / HTTP/1.1" 200 281 "-" "Mozilla/5.0 (X11; Linux x86_64; rv:10.0) Gecko/20150101 Firefox/20.0 (Chrome)" 
65.31.10.178 - - [05/Mar/2016:16:24:29 -0800] "GET / HTTP/1.1" 200 8644 "-" "Mozilla/5.0 (X11; Linux x86_64; rv:10.0) Gecko/20150101 Firefox/20.0 (Chrome)" 
111.23.10.33 - - [05/Mar/2016:16:38:52 -0800] "GET /tg/a.zip HTTP/1.1" 304 132 "-" "Mozilla/5.0 Gecko/20100115 Firefox/3.6" 
207.46.13.101 - - [05/Mar/2016:17:01:09 -0800] "GET /self.logs/access.log.2015-08-12.gz HTTP/1.1" 200 6207 "-" "Mozilla/5.0 (compatible; bingbot/2.0; +http://www.bing.com/bingbot.htm)" 
203.133.169.13 - - [05/Mar/2016:17:14:18 -0800] "GET / HTTP/1.1" 200 8681 "-" "Mozilla/5.0 (compatible; MSIE or Firefox mutant;) Daum 4.1" 
117.190.191.170 - - [05/Mar/2016:17:22:00 -0800] "GET /tg/a.zip HTTP/1.1" 304 132 "-" "Mozilla/5.0 Gecko/20100115 Firefox/3.6" 
207.46.13.101 - - [05/Mar/2016:17:24:51 -0800] "GET /self.logs/access.log.2015-05-02.gz HTTP/1.1" 200 4163 "-" "Mozilla/5.0 (compatible; bingbot/2.0; +http://www.bing.com/bingbot.htm)" 
66.102.7.164 - - [05/Mar/2016:17:28:08 -0800] "GET / HTTP/1.1" 200 8681 "-" "Mozilla/5.0 (Windows NT 6.1; rv:6.0) Gecko/20110814 Firefox/6.0 Google Favicon" 
66.102.7.164 - - [05/Mar/2016:17:28:08 -0800] "GET /bootstrap/img/favicon.ico HTTP/1.1" 200 589 "-" "Mozilla/5.0 (Windows NT 6.1; rv:6.0) Gecko/20110814 Firefox/6.0 Google Favicon" 
31.172.191.135 - - [05/Mar/2016:17:32:19 -0800] "GET /honeypot/BSidesDFW HTTP/1.0" 404 295 "-" "Mozilla/5.0 (Windows NT 6.1) AppleWebKit/537.36 (KHTML, like Gecko) Chrome/41.0.2228.0 Safari/537.36" 
31.172.191.135 - - [05/Mar/2016:17:32:20 -0800] "GET /honeypot/BSidesDFW HTTP/1.0" 404 295 "-" "Mozilla/5.0 (Windows NT 6.1) AppleWebKit/537.36 (KHTML, like Gecko) Chrome/41.0.2228.0 Safari/537.36" 
31.172.191.135 - - [05/Mar/2016:17:32:20 -0800] "GET /honeypot/BSidesDFW HTTP/1.0" 404 295 "-" "Mozilla/5.0 (Windows NT 6.1) AppleWebKit/537.36 (KHTML, like Gecko) Chrome/41.0.2228.0 Safari/537.36" 
207.46.13.142 - - [05/Mar/2016:17:50:39 -0800] "GET /robots.txt HTTP/1.1" 200 289 "-" "Mozilla/5.0 (compatible; bingbot/2.0; +http://www.bing.com/bingbot.htm)" 
211.137.56.194 - - [05/Mar/2016:17:57:33 -0800] "GET /tg/a.zip HTTP/1.1" 304 132 "-" "Mozilla/5.0 Gecko/20100115 Firefox/3.6" 
207.46.13.101 - - [05/Mar/2016:18:06:32 -0800] "GET /self.logs/error.log.2015-06-17.gz HTTP/1.1" 301 545 "-" "Mozilla/5.0 (compatible; bingbot/2.0; +http://www.bing.com/bingbot.htm)" 
66.249.64.129 - - [05/Mar/2016:18:28:25 -0800] "GET /robots.txt HTTP/1.1" 200 334 "-" "Mozilla/5.0 (compatible; Googlebot/2.1; +http://www.google.com/bot.html)" 
66.249.64.245 - - [05/Mar/2016:18:28:25 -0800] "GET / HTTP/1.1" 200 8681 "-" "DoCoMo/2.0 N905i(c100;TB;W24H16) (compatible; Googlebot-Mobile/2.1; +http://www.google.com/bot.html)" 
211.137.56.172 - - [05/Mar/2016:18:28:50 -0800] "GET /tg/a.zip HTTP/1.1" 304 132 "-" "Mozilla/5.0 Gecko/20100115 Firefox/3.6" 
120.52.73.14 - - [05/Mar/2016:18:29:34 -0800] "GET /tg/a.zip HTTP/1.1" 304 113 "-" "Java/1.6.0_24" 
68.180.231.44 - - [05/Mar/2016:18:34:05 -0800] "GET /robots.txt HTTP/1.1" 200 233 "-" "Mozilla/5.0 (compatible; Yahoo! Slurp; http://help.yahoo.com/help/us/ysearch/slurp)" 
68.180.231.44 - - [05/Mar/2016:18:34:05 -0800] "GET /self.logs/error.log.2015-05-08.gz HTTP/1.1" 200 1054 "-" "Mozilla/5.0 (compatible; Yahoo! Slurp; http://help.yahoo.com/help/us/ysearch/slurp)" 
218.200.66.203 - - [05/Mar/2016:18:56:23 -0800] "GET /tg/a.zip HTTP/1.1" 304 132 "-" "Mozilla/5.0 Gecko/20100115 Firefox/3.6" 
111.7.128.40 - - [05/Mar/2016:18:56:56 -0800] "GET /tg/a.zip HTTP/1.1" 304 132 "-" "Mozilla/5.0 Gecko/20100115 Firefox/3.6" 
211.137.56.201 - - [05/Mar/2016:18:57:18 -0800] "GET /tg/a.zip HTTP/1.1" 304 132 "-" "Mozilla/5.0 Gecko/20100115 Firefox/3.6" 
203.133.169.13 - - [05/Mar/2016:18:58:15 -0800] "GET / HTTP/1.1" 200 8681 "-" "Mozilla/5.0 (compatible; MSIE or Firefox mutant;) Daum 4.1" 
207.46.13.142 - - [05/Mar/2016:19:13:39 -0800] "GET /self.logs/access.log.2015-10-06.gz HTTP/1.1" 301 545 "-" "Mozilla/5.0 (compatible; bingbot/2.0; +http://www.bing.com/bingbot.htm)" 
219.138.225.150 - - [05/Mar/2016:19:18:10 -0800] "GET /honeypot/BSidesDFW%20-%202014.ipynb HTTP/1.1" 200 443840 "-" "Mozilla/4.0 (compatible; MSIE 6.0; Windows NT 5.1)" 
111.23.10.33 - - [05/Mar/2016:19:38:53 -0800] "GET /tg/a.zip HTTP/1.1" 304 132 "-" "Mozilla/5.0 Gecko/20100115 Firefox/3.6" 
117.190.191.170 - - [05/Mar/2016:20:22:00 -0800] "GET /tg/a.zip HTTP/1.1" 304 132 "-" "Mozilla/5.0 Gecko/20100115 Firefox/3.6" 
96.229.150.161 - - [05/Mar/2016:20:28:26 -0800] "GET / HTTP/1.1" 200 8681 "https://www.google.com/" "Mozilla/5.0 (Windows NT 10.0; Win64; x64) AppleWebKit/537.36 (KHTML, like Gecko) Chrome/48.0.2564.116 Safari/537.36" 
96.229.150.161 - - [05/Mar/2016:20:28:26 -0800] "GET /twitter-icon.png HTTP/1.1" 200 27787 "http://www.secrepo.com/" "Mozilla/5.0 (Windows NT 10.0; Win64; x64) AppleWebKit/537.36 (KHTML, like Gecko) Chrome/48.0.2564.116 Safari/537.36" 
96.229.150.161 - - [05/Mar/2016:20:28:27 -0800] "GET /GitHub-Mark.png HTTP/1.1" 200 7428 "http://www.secrepo.com/" "Mozilla/5.0 (Windows NT 10.0; Win64; x64) AppleWebKit/537.36 (KHTML, like Gecko) Chrome/48.0.2564.116 Safari/537.36" 
96.229.150.161 - - [05/Mar/2016:20:28:27 -0800] "GET /bootstrap/img/favicon.ico HTTP/1.1" 200 589 "http://www.secrepo.com/" "Mozilla/5.0 (Windows NT 10.0; Win64; x64) AppleWebKit/537.36 (KHTML, like Gecko) Chrome/48.0.2564.116 Safari/537.36" 
207.46.13.142 - - [05/Mar/2016:20:43:01 -0800] "GET /self.logs/error.log.2015-12-24.gz HTTP/1.1" 200 1005 "-" "Mozilla/5.0 (compatible; bingbot/2.0; +http://www.bing.com/bingbot.htm)" 
182.118.20.226 - - [05/Mar/2016:20:50:56 -0800] "GET /robots.txt HTTP/1.1" 200 334 "http://www.secrepo.com/robots.txt" "Mozilla/5.0 (compatible; MSIE 9.0; Windows NT 6.1; Trident/5.0); 360Spider(compatible; HaosouSpider; http://www.haosou.com/help/help_3_2.html)" 
211.137.56.194 - - [05/Mar/2016:20:57:37 -0800] "GET /tg/a.zip HTTP/1.1" 304 132 "-" "Mozilla/5.0 Gecko/20100115 Firefox/3.6" 
207.241.237.228 - - [05/Mar/2016:21:03:21 -0800] "GET /robots.txt HTTP/1.0" 301 481 "-" "Mozilla/5.0 (compatible; archive.org_bot +http://www.archive.org/details/archive.org_bot)" 
207.241.237.228 - - [05/Mar/2016:21:03:22 -0800] "GET /robots.txt HTTP/1.0" 200 252 "http://secrepo.com/robots.txt" "Mozilla/5.0 (compatible; archive.org_bot +http://www.archive.org/details/archive.org_bot)" 
207.241.237.228 - - [05/Mar/2016:21:03:25 -0800] "GET / HTTP/1.0" 301 461 "-" "Mozilla/5.0 (compatible; archive.org_bot +http://www.archive.org/details/archive.org_bot)" 
73.162.28.252 - - [05/Mar/2016:21:15:39 -0800] "GET / HTTP/1.1" 200 8681 "http://www.mlsecproject.org/" "Mozilla/5.0 (Windows NT 6.3; WOW64) AppleWebKit/537.36 (KHTML, like Gecko) Chrome/48.0.2564.116 Safari/537.36" 
73.162.28.252 - - [05/Mar/2016:21:15:39 -0800] "GET /GitHub-Mark.png HTTP/1.1" 200 7428 "http://www.secrepo.com/" "Mozilla/5.0 (Windows NT 6.3; WOW64) AppleWebKit/537.36 (KHTML, like Gecko) Chrome/48.0.2564.116 Safari/537.36" 
73.162.28.252 - - [05/Mar/2016:21:15:39 -0800] "GET /twitter-icon.png HTTP/1.1" 200 27787 "http://www.secrepo.com/" "Mozilla/5.0 (Windows NT 6.3; WOW64) AppleWebKit/537.36 (KHTML, like Gecko) Chrome/48.0.2564.116 Safari/537.36" 
73.162.28.252 - - [05/Mar/2016:21:15:39 -0800] "GET /bootstrap/img/favicon.ico HTTP/1.1" 200 589 "http://www.secrepo.com/" "Mozilla/5.0 (Windows NT 6.3; WOW64) AppleWebKit/537.36 (KHTML, like Gecko) Chrome/48.0.2564.116 Safari/537.36" 
73.162.28.252 - - [05/Mar/2016:21:15:39 -0800] "GET /honeypot/Honeypot%20-%20Howto.pdf HTTP/1.1" 200 1279417 "-" "Mozilla/5.0 (Windows NT 6.3; WOW64) AppleWebKit/537.36 (KHTML, like Gecko) Chrome/48.0.2564.116 Safari/537.36" 
73.162.28.252 - - [05/Mar/2016:21:15:40 -0800] "GET /honeypot/Honeypot%20-%20Howto%20-%20BSides%20Austin.pdf HTTP/1.1" 200 2067360 "-" "Mozilla/5.0 (Windows NT 6.3; WOW64) AppleWebKit/537.36 (KHTML, like Gecko) Chrome/48.0.2564.116 Safari/537.36" 
180.76.15.22 - - [05/Mar/2016:21:16:23 -0800] "GET /honeypot/Honeypot%20-%20Howto.pdf HTTP/1.1" 200 1279381 "-" "Mozilla/5.0 (compatible; Baiduspider/2.0; +http://www.baidu.com/search/spider.html)" 
199.59.148.209 - - [05/Mar/2016:21:20:43 -0800] "GET /robots.txt HTTP/1.1" 200 304 "-" "Twitterbot/1.0" 
199.59.148.209 - - [05/Mar/2016:21:20:43 -0800] "GET / HTTP/1.1" 200 8625 "-" "Twitterbot/1.0" 
211.137.56.172 - - [05/Mar/2016:21:28:52 -0800] "GET /tg/a.zip HTTP/1.1" 304 132 "-" "Mozilla/5.0 Gecko/20100115 Firefox/3.6" 
73.146.192.133 - - [05/Mar/2016:21:29:19 -0800] "GET / HTTP/1.1" 200 8681 "-" "Mozilla/5.0 (Macintosh; Intel Mac OS X 10_11_3) AppleWebKit/601.4.4 (KHTML, like Gecko) Version/9.0.3 Safari/601.4.4" 
73.146.192.133 - - [05/Mar/2016:21:29:20 -0800] "GET /twitter-icon.png HTTP/1.1" 200 27787 "http://www.secrepo.com/" "Mozilla/5.0 (Macintosh; Intel Mac OS X 10_11_3) AppleWebKit/601.4.4 (KHTML, like Gecko) Version/9.0.3 Safari/601.4.4" 
