61.158.132.148 - - [19/Oct/2015:23:27:30 -0700] "GET /maccdc2012/ssh.log.gz HTTP/1.1" 206 49503 "-" "Mozilla/5.0 (Windows NT 5.1) AppleWebKit/537.36 (KHTML, like Gecko) Chrome/38.0.2125.104 Safari/537.36" 
61.158.132.148 - - [19/Oct/2015:23:27:35 -0700] "GET /maccdc2012/ssh.log.gz HTTP/1.1" 206 49503 "-" "Mozilla/5.0 (Windows NT 5.1) AppleWebKit/537.36 (KHTML, like Gecko) Chrome/38.0.2125.104 Safari/537.36" 
119.84.114.18 - - [19/Oct/2015:23:13:57 -0700] "GET /maccdc2012/conn.log.gz HTTP/1.1" 206 16875888 "-" "Mozilla/5.0 (Windows NT 5.1) AppleWebKit/537.36 (KHTML, like Gecko) Chrome/38.0.2125.104 Safari/537.36" 
119.84.114.18 - - [19/Oct/2015:23:27:58 -0700] "GET /maccdc2012/conn.log.gz HTTP/1.1" 206 16777584 "-" "Mozilla/5.0 (Windows NT 5.1) AppleWebKit/537.36 (KHTML, like Gecko) Chrome/38.0.2125.104 Safari/537.36" 
207.46.13.23 - - [19/Oct/2015:23:36:52 -0700] "GET /robots.txt HTTP/1.1" 301 518 "-" "Mozilla/5.0 (compatible; bingbot/2.0; +http://www.bing.com/bingbot.htm)" 
207.46.13.23 - - [19/Oct/2015:23:36:54 -0700] "GET /robots.txt HTTP/1.1" 200 288 "-" "Mozilla/5.0 (compatible; bingbot/2.0; +http://www.bing.com/bingbot.htm)" 
207.46.13.23 - - [19/Oct/2015:23:37:14 -0700] "GET /self.logs/error.log.2015-05-28.gz HTTP/1.1" 301 545 "-" "Mozilla/5.0 (compatible; bingbot/2.0; +http://www.bing.com/bingbot.htm)" 
119.81.143.6 - - [19/Oct/2015:23:37:22 -0700] "GET / HTTP/1.1" 200 7880 "-" "Mozilla/5.0 (Macintosh; Intel Mac OS X 10_11_0) AppleWebKit/537.36 (KHTML, like Gecko) Chrome/46.0.2490.71 Safari/537.36" 
119.81.143.6 - - [19/Oct/2015:23:37:22 -0700] "GET /twitter-icon.png HTTP/1.1" 200 27787 "http://www.secrepo.com/" "Mozilla/5.0 (Macintosh; Intel Mac OS X 10_11_0) AppleWebKit/537.36 (KHTML, like Gecko) Chrome/46.0.2490.71 Safari/537.36" 
119.81.143.6 - - [19/Oct/2015:23:37:23 -0700] "GET /GitHub-Mark.png HTTP/1.1" 200 7427 "http://www.secrepo.com/" "Mozilla/5.0 (Macintosh; Intel Mac OS X 10_11_0) AppleWebKit/537.36 (KHTML, like Gecko) Chrome/46.0.2490.71 Safari/537.36" 
119.81.143.6 - - [19/Oct/2015:23:37:26 -0700] "GET /bootstrap/img/favicon.ico HTTP/1.1" 200 590 "http://www.secrepo.com/" "Mozilla/5.0 (Macintosh; Intel Mac OS X 10_11_0) AppleWebKit/537.36 (KHTML, like Gecko) Chrome/46.0.2490.71 Safari/537.36" 
119.84.114.18 - - [19/Oct/2015:23:34:45 -0700] "GET /maccdc2012/conn.log.gz HTTP/1.1" 206 16712048 "-" "Mozilla/5.0 (Windows NT 5.1) AppleWebKit/537.36 (KHTML, like Gecko) Chrome/38.0.2125.104 Safari/537.36" 
119.84.110.92 - - [19/Oct/2015:23:42:26 -0700] "GET /maccdc2012/weird.log.gz HTTP/1.1" 206 294920 "-" "Mozilla/5.0 (Windows NT 5.1) AppleWebKit/537.36 (KHTML, like Gecko) Chrome/38.0.2125.104 Safari/537.36" 
119.84.110.92 - - [19/Oct/2015:23:42:34 -0700] "GET /maccdc2012/weird.log.gz HTTP/1.1" 206 147812 "-" "Mozilla/5.0 (Windows NT 5.1) AppleWebKit/537.36 (KHTML, like Gecko) Chrome/38.0.2125.104 Safari/537.36" 
119.84.110.92 - - [19/Oct/2015:23:42:34 -0700] "GET /maccdc2012/weird.log.gz HTTP/1.1" 206 213348 "-" "Mozilla/5.0 (Windows NT 5.1) AppleWebKit/537.36 (KHTML, like Gecko) Chrome/38.0.2125.104 Safari/537.36" 
119.84.110.92 - - [19/Oct/2015:23:42:34 -0700] "GET /maccdc2012/weird.log.gz HTTP/1.1" 206 271560 "-" "Mozilla/5.0 (Windows NT 5.1) AppleWebKit/537.36 (KHTML, like Gecko) Chrome/38.0.2125.104 Safari/537.36" 
119.84.110.92 - - [19/Oct/2015:23:42:26 -0700] "GET /maccdc2012/weird.log.gz HTTP/1.1" 206 597441 "-" "Mozilla/5.0 (Windows NT 5.1) AppleWebKit/537.36 (KHTML, like Gecko) Chrome/38.0.2125.104 Safari/537.36" 
119.84.110.92 - - [19/Oct/2015:23:42:22 -0700] "GET /maccdc2012/weird.log.gz HTTP/1.1" 200 1030760 "-" "Mozilla/5.0 (Windows NT 5.1) AppleWebKit/537.36 (KHTML, like Gecko) Chrome/38.0.2125.104 Safari/537.36" 
119.84.110.92 - - [19/Oct/2015:23:43:35 -0700] "GET /maccdc2012/weird.log.gz HTTP/1.1" 206 61320 "-" "Mozilla/5.0 (Windows NT 5.1) AppleWebKit/537.36 (KHTML, like Gecko) Chrome/38.0.2125.104 Safari/537.36" 
119.84.110.92 - - [19/Oct/2015:23:43:38 -0700] "GET /maccdc2012/weird.log.gz HTTP/1.1" 206 49507 "-" "Mozilla/5.0 (Windows NT 5.1) AppleWebKit/537.36 (KHTML, like Gecko) Chrome/38.0.2125.104 Safari/537.36" 
119.84.110.92 - - [19/Oct/2015:23:43:42 -0700] "GET /maccdc2012/weird.log.gz HTTP/1.1" 206 40385 "-" "Mozilla/5.0 (Windows NT 5.1) AppleWebKit/537.36 (KHTML, like Gecko) Chrome/38.0.2125.104 Safari/537.36" 
119.84.110.92 - - [19/Oct/2015:23:43:42 -0700] "GET /maccdc2012/weird.log.gz HTTP/1.1" 206 33123 "-" "Mozilla/5.0 (Windows NT 5.1) AppleWebKit/537.36 (KHTML, like Gecko) Chrome/38.0.2125.104 Safari/537.36" 
119.84.110.92 - - [19/Oct/2015:23:43:42 -0700] "GET /maccdc2012/weird.log.gz HTTP/1.1" 206 49507 "-" "Mozilla/5.0 (Windows NT 5.1) AppleWebKit/537.36 (KHTML, like Gecko) Chrome/38.0.2125.104 Safari/537.36" 
119.84.110.92 - - [19/Oct/2015:23:43:42 -0700] "GET /maccdc2012/weird.log.gz HTTP/1.1" 206 89537 "-" "Mozilla/5.0 (Windows NT 5.1) AppleWebKit/537.36 (KHTML, like Gecko) Chrome/38.0.2125.104 Safari/537.36" 
119.84.110.92 - - [19/Oct/2015:23:43:42 -0700] "GET /maccdc2012/weird.log.gz HTTP/1.1" 206 187842 "-" "Mozilla/5.0 (Windows NT 5.1) AppleWebKit/537.36 (KHTML, like Gecko) Chrome/38.0.2125.104 Safari/537.36" 
119.84.110.92 - - [19/Oct/2015:23:43:51 -0700] "GET /maccdc2012/weird.log.gz HTTP/1.1" 206 33125 "-" "Mozilla/5.0 (Windows NT 5.1) AppleWebKit/537.36 (KHTML, like Gecko) Chrome/38.0.2125.104 Safari/537.36" 
119.84.110.92 - - [19/Oct/2015:23:43:51 -0700] "GET /maccdc2012/weird.log.gz HTTP/1.1" 206 16741 "-" "Mozilla/5.0 (Windows NT 5.1) AppleWebKit/537.36 (KHTML, like Gecko) Chrome/38.0.2125.104 Safari/537.36" 
119.84.110.92 - - [19/Oct/2015:23:43:51 -0700] "GET /maccdc2012/weird.log.gz HTTP/1.1" 206 82277 "-" "Mozilla/5.0 (Windows NT 5.1) AppleWebKit/537.36 (KHTML, like Gecko) Chrome/38.0.2125.104 Safari/537.36" 
119.84.110.92 - - [19/Oct/2015:23:43:51 -0700] "GET /maccdc2012/weird.log.gz HTTP/1.1" 206 49509 "-" "Mozilla/5.0 (Windows NT 5.1) AppleWebKit/537.36 (KHTML, like Gecko) Chrome/38.0.2125.104 Safari/537.36" 
119.84.110.92 - - [19/Oct/2015:23:44:27 -0700] "GET /maccdc2012/weird.log.gz HTTP/1.1" 206 16741 "-" "Mozilla/5.0 (Windows NT 5.1) AppleWebKit/537.36 (KHTML, like Gecko) Chrome/38.0.2125.104 Safari/537.36" 
119.84.110.92 - - [19/Oct/2015:23:44:27 -0700] "GET /maccdc2012/weird.log.gz HTTP/1.1" 206 33125 "-" "Mozilla/5.0 (Windows NT 5.1) AppleWebKit/537.36 (KHTML, like Gecko) Chrome/38.0.2125.104 Safari/537.36" 
119.84.110.92 - - [19/Oct/2015:23:44:27 -0700] "GET /maccdc2012/weird.log.gz HTTP/1.1" 206 33125 "-" "Mozilla/5.0 (Windows NT 5.1) AppleWebKit/537.36 (KHTML, like Gecko) Chrome/38.0.2125.104 Safari/537.36" 
183.131.105.50 - - [19/Oct/2015:23:45:56 -0700] "GET /honeypot/Honeypot%20-%20Howto%20-%20BSides%20Austin.pdf HTTP/1.1" 200 732960 "-" "Mozilla/4.0 (compatible; MSIE 6.0; Windows NT 5.1)" 
45.56.80.123 - - [19/Oct/2015:23:48:55 -0700] "GET / HTTP/1.1" 200 7880 "-" "Mozilla/5.0 (Windows NT 6.3; WOW64; rv:41.0) Gecko/20100101 Firefox/41.0" 
45.56.80.123 - - [19/Oct/2015:23:48:56 -0700] "GET /bootstrap/img/favicon.ico HTTP/1.1" 200 589 "-" "Mozilla/5.0 (Windows NT 6.3; WOW64; rv:41.0) Gecko/20100101 Firefox/41.0" 
45.56.80.123 - - [19/Oct/2015:23:48:58 -0700] "GET /twitter-icon.png HTTP/1.1" 200 27787 "http://www.secrepo.com/" "Mozilla/5.0 (Windows NT 6.3; WOW64; rv:41.0) Gecko/20100101 Firefox/41.0" 
45.56.80.123 - - [19/Oct/2015:23:48:58 -0700] "GET /GitHub-Mark.png HTTP/1.1" 200 7428 "http://www.secrepo.com/" "Mozilla/5.0 (Windows NT 6.3; WOW64; rv:41.0) Gecko/20100101 Firefox/41.0" 
172.99.112.52 - - [19/Oct/2015:23:56:55 -0700] "GET / HTTP/1.1" 200 25983 "-" "Firefox" 
119.84.114.18 - - [19/Oct/2015:23:40:18 -0700] "GET /maccdc2012/conn.log.gz HTTP/1.1" 206 11627440 "-" "Mozilla/5.0 (Windows NT 5.1) AppleWebKit/537.36 (KHTML, like Gecko) Chrome/38.0.2125.104 Safari/537.36" 
68.180.229.162 - - [20/Oct/2015:00:01:00 -0700] "GET /self.logs/error.log.2015-03-15.gz HTTP/1.1" 200 1116 "-" "Mozilla/5.0 (compatible; Yahoo! Slurp; http://help.yahoo.com/help/us/ysearch/slurp)" 
119.84.110.105 - - [20/Oct/2015:00:04:05 -0700] "GET /misc/zeus_dga_domains.txt.zip HTTP/1.1" 200 341640 "-" "Mozilla/5.0 (Windows NT 5.1) AppleWebKit/537.36 (KHTML, like Gecko) Chrome/38.0.2125.104 Safari/537.36" 
119.84.110.105 - - [20/Oct/2015:00:04:07 -0700] "GET /misc/zeus_dga_domains.txt.zip HTTP/1.1" 206 248285 "-" "Mozilla/5.0 (Windows NT 5.1) AppleWebKit/537.36 (KHTML, like Gecko) Chrome/38.0.2125.104 Safari/537.36" 
119.84.110.105 - - [20/Oct/2015:00:04:34 -0700] "GET /misc/zeus_dga_domains.txt.zip HTTP/1.1" 206 82278 "-" "Mozilla/5.0 (Windows NT 5.1) AppleWebKit/537.36 (KHTML, like Gecko) Chrome/38.0.2125.104 Safari/537.36" 
119.84.110.105 - - [20/Oct/2015:00:04:07 -0700] "GET /misc/zeus_dga_domains.txt.zip HTTP/1.1" 206 526812 "-" "Mozilla/5.0 (Windows NT 5.1) AppleWebKit/537.36 (KHTML, like Gecko) Chrome/38.0.2125.104 Safari/537.36" 
76.103.46.150 - - [20/Oct/2015:00:08:54 -0700] "GET /honeypot/BSidesDFW%20-%202014.ipynb HTTP/1.1" 301 560 "-" "Wget/1.16.3 (cygwin)" 
76.103.46.150 - - [20/Oct/2015:00:08:55 -0700] "GET /honeypot/BSidesDFW%20-%202014.ipynb HTTP/1.1" 200 930835 "-" "Wget/1.16.3 (cygwin)" 
119.84.114.18 - - [19/Oct/2015:23:57:39 -0700] "GET /maccdc2012/conn.log.gz HTTP/1.1" 206 13566320 "-" "Mozilla/5.0 (Windows NT 5.1) AppleWebKit/537.36 (KHTML, like Gecko) Chrome/38.0.2125.104 Safari/537.36" 
119.84.110.105 - - [20/Oct/2015:00:21:10 -0700] "GET /misc/zeus_dga_domains.txt.zip HTTP/1.1" 206 49510 "-" "Mozilla/5.0 (Windows NT 5.1) AppleWebKit/537.36 (KHTML, like Gecko) Chrome/38.0.2125.104 Safari/537.36" 
119.84.110.105 - - [20/Oct/2015:00:21:12 -0700] "GET /misc/zeus_dga_domains.txt.zip HTTP/1.1" 206 18907 "-" "Mozilla/5.0 (Windows NT 5.1) AppleWebKit/537.36 (KHTML, like Gecko) Chrome/38.0.2125.104 Safari/537.36" 
182.118.20.213 - - [20/Oct/2015:00:24:09 -0700] "GET /robots.txt HTTP/1.1" 200 334 "http://www.secrepo.com/robots.txt" "Mozilla/5.0 (compatible; MSIE 9.0; Windows NT 6.1; Trident/5.0); 360Spider(compatible; HaosouSpider; http://www.haosou.com/help/help_3_2.html)" 
119.84.114.18 - - [20/Oct/2015:00:09:35 -0700] "GET /maccdc2012/conn.log.gz HTTP/1.1" 206 12812654 "-" "Mozilla/5.0 (Windows NT 5.1) AppleWebKit/537.36 (KHTML, like Gecko) Chrome/38.0.2125.104 Safari/537.36" 
119.84.114.18 - - [20/Oct/2015:00:26:30 -0700] "GET /maccdc2012/conn.log.gz HTTP/1.1" 206 10994030 "-" "Mozilla/5.0 (Windows NT 5.1) AppleWebKit/537.36 (KHTML, like Gecko) Chrome/38.0.2125.104 Safari/537.36" 
119.84.114.18 - - [20/Oct/2015:00:33:29 -0700] "GET /maccdc2012/conn.log.gz HTTP/1.1" 206 3753660 "-" "Mozilla/5.0 (Windows NT 5.1) AppleWebKit/537.36 (KHTML, like Gecko) Chrome/38.0.2125.104 Safari/537.36" 
119.84.114.18 - - [20/Oct/2015:00:40:06 -0700] "GET /maccdc2012/conn.log.gz HTTP/1.1" 206 4213560 "-" "Mozilla/5.0 (Windows NT 5.1) AppleWebKit/537.36 (KHTML, like Gecko) Chrome/38.0.2125.104 Safari/537.36" 
119.84.110.105 - - [20/Oct/2015:00:47:20 -0700] "GET /misc/zeus_dga_domains.txt.zip HTTP/1.1" 206 51676 "-" "Mozilla/5.0 (Windows NT 5.1) AppleWebKit/537.36 (KHTML, like Gecko) Chrome/38.0.2125.104 Safari/537.36" 
68.180.229.162 - - [20/Oct/2015:00:49:39 -0700] "GET /self.logs/error.log.2015-02-01.gz HTTP/1.1" 304 132 "-" "Mozilla/5.0 (compatible; Yahoo! Slurp; http://help.yahoo.com/help/us/ysearch/slurp)" 
119.84.110.105 - - [20/Oct/2015:01:18:50 -0700] "GET /misc/zeus_dga_domains.txt.zip HTTP/1.1" 206 2523 "-" "Mozilla/5.0 (Windows NT 5.1) AppleWebKit/537.36 (KHTML, like Gecko) Chrome/38.0.2125.104 Safari/537.36" 
212.174.97.100 - - [20/Oct/2015:01:25:51 -0700] "GET / HTTP/1.1" 304 133 "-" "Mozilla/5.0 (Windows NT 6.3; WOW64) AppleWebKit/537.36 (KHTML, like Gecko) Chrome/46.0.2490.71 Safari/537.36" 
104.130.0.17 - - [20/Oct/2015:01:26:07 -0700] "GET /robots.txt HTTP/1.1" 301 446 "-" "Tornado-Async-Client" 
104.130.0.17 - - [20/Oct/2015:01:26:07 -0700] "GET /robots.txt HTTP/1.1" 200 304 "-" "Tornado-Async-Client" 
104.130.0.17 - - [20/Oct/2015:01:26:07 -0700] "GET /honeypot/BSidesDFW%20-%202014.ipynb HTTP/1.1" 301 484 "-" "Tornado-Async-Client" 
104.130.0.17 - - [20/Oct/2015:01:26:07 -0700] "GET /honeypot/BSidesDFW%20-%202014.ipynb HTTP/1.1" 200 930780 "-" "Tornado-Async-Client" 
109.155.24.0 - - [20/Oct/2015:01:45:55 -0700] "GET / HTTP/1.1" 200 7880 "-" "Mozilla/5.0 (Windows NT 10.0; WOW64) AppleWebKit/537.36 (KHTML, like Gecko) Chrome/46.0.2490.71 Safari/537.36" 
109.155.24.0 - - [20/Oct/2015:01:45:55 -0700] "GET /twitter-icon.png HTTP/1.1" 200 27787 "http://www.secrepo.com/" "Mozilla/5.0 (Windows NT 10.0; WOW64) AppleWebKit/537.36 (KHTML, like Gecko) Chrome/46.0.2490.71 Safari/537.36" 
109.155.24.0 - - [20/Oct/2015:01:45:55 -0700] "GET /GitHub-Mark.png HTTP/1.1" 200 7428 "http://www.secrepo.com/" "Mozilla/5.0 (Windows NT 10.0; WOW64) AppleWebKit/537.36 (KHTML, like Gecko) Chrome/46.0.2490.71 Safari/537.36" 
109.155.24.0 - - [20/Oct/2015:01:45:55 -0700] "GET /bootstrap/img/favicon.ico HTTP/1.1" 200 589 "http://www.secrepo.com/" "Mozilla/5.0 (Windows NT 10.0; WOW64) AppleWebKit/537.36 (KHTML, like Gecko) Chrome/46.0.2490.71 Safari/537.36" 
109.155.24.0 - - [20/Oct/2015:01:46:23 -0700] "GET /maccdc2012/dns.log.gz HTTP/1.1" 200 6629420 "http://www.secrepo.com/" "Mozilla/5.0 (Windows NT 10.0; WOW64) AppleWebKit/537.36 (KHTML, like Gecko) Chrome/46.0.2490.71 Safari/537.36" 
119.84.114.18 - - [20/Oct/2015:01:48:49 -0700] "GET /maccdc2012/conn.log.gz HTTP/1.1" 206 8266520 "-" "Mozilla/5.0 (Windows NT 5.1) AppleWebKit/537.36 (KHTML, like Gecko) Chrome/38.0.2125.104 Safari/537.36" 
119.84.114.18 - - [20/Oct/2015:01:48:51 -0700] "GET /maccdc2012/conn.log.gz HTTP/1.1" 206 1965160 "-" "Mozilla/5.0 (Windows NT 5.1) AppleWebKit/537.36 (KHTML, like Gecko) Chrome/38.0.2125.104 Safari/537.36" 
119.84.114.18 - - [20/Oct/2015:01:49:19 -0700] "GET /maccdc2012/conn.log.gz HTTP/1.1" 206 886220 "-" "Mozilla/5.0 (Windows NT 5.1) AppleWebKit/537.36 (KHTML, like Gecko) Chrome/38.0.2125.104 Safari/537.36" 
119.84.114.18 - - [20/Oct/2015:01:49:19 -0700] "GET /maccdc2012/conn.log.gz HTTP/1.1" 206 1324220 "-" "Mozilla/5.0 (Windows NT 5.1) AppleWebKit/537.36 (KHTML, like Gecko) Chrome/38.0.2125.104 Safari/537.36" 
119.84.114.18 - - [20/Oct/2015:01:48:50 -0700] "GET /maccdc2012/conn.log.gz HTTP/1.1" 206 5602020 "-" "Mozilla/5.0 (Windows NT 5.1) AppleWebKit/537.36 (KHTML, like Gecko) Chrome/38.0.2125.104 Safari/537.36" 
104.236.219.141 - - [20/Oct/2015:01:50:54 -0700] "GET / HTTP/1.1" 200 25938 "-" "HTTPClient/1.0 (2.6.0.1, ruby 2.2.0 (2014-12-25))" 
119.84.114.18 - - [20/Oct/2015:01:51:14 -0700] "GET /maccdc2012/conn.log.gz HTTP/1.1" 206 1550520 "-" "Mozilla/5.0 (Windows NT 5.1) AppleWebKit/537.36 (KHTML, like Gecko) Chrome/38.0.2125.104 Safari/537.36" 
119.84.114.18 - - [20/Oct/2015:01:51:09 -0700] "GET /maccdc2012/conn.log.gz HTTP/1.1" 206 6209901 "-" "Mozilla/5.0 (Windows NT 5.1) AppleWebKit/537.36 (KHTML, like Gecko) Chrome/38.0.2125.104 Safari/537.36" 
119.84.114.18 - - [20/Oct/2015:01:54:51 -0700] "GET /maccdc2012/conn.log.gz HTTP/1.1" 206 213356 "-" "Mozilla/5.0 (Windows NT 5.1) AppleWebKit/537.36 (KHTML, like Gecko) Chrome/38.0.2125.104 Safari/537.36" 
119.84.114.18 - - [20/Oct/2015:01:51:19 -0700] "GET /maccdc2012/conn.log.gz HTTP/1.1" 206 3524440 "-" "Mozilla/5.0 (Windows NT 5.1) AppleWebKit/537.36 (KHTML, like Gecko) Chrome/38.0.2125.104 Safari/537.36" 
119.84.114.18 - - [20/Oct/2015:01:51:19 -0700] "GET /maccdc2012/conn.log.gz HTTP/1.1" 206 7340399 "-" "Mozilla/5.0 (Windows NT 5.1) AppleWebKit/537.36 (KHTML, like Gecko) Chrome/38.0.2125.104 Safari/537.36" 
91.103.43.50 - - [20/Oct/2015:01:58:12 -0700] "GET /honeypot/Honeypot%20-%20Howto.pdf HTTP/1.1" 200 1279418 "https://www.google.fr" "Mozilla/5.0 (Windows NT 6.1; WOW64; rv:41.0) Gecko/20100101 Firefox/41.0" 
91.103.43.50 - - [20/Oct/2015:01:58:14 -0700] "GET /favicon.ico HTTP/1.1" 200 267 "-" "Mozilla/5.0 (Windows NT 6.1; WOW64; rv:41.0) Gecko/20100101 Firefox/41.0" 
119.84.114.18 - - [20/Oct/2015:01:55:38 -0700] "GET /maccdc2012/conn.log.gz HTTP/1.1" 206 5505389 "-" "Mozilla/5.0 (Windows NT 5.1) AppleWebKit/537.36 (KHTML, like Gecko) Chrome/38.0.2125.104 Safari/537.36" 
119.84.114.18 - - [20/Oct/2015:01:53:15 -0700] "GET /maccdc2012/conn.log.gz HTTP/1.1" 206 5505389 "-" "Mozilla/5.0 (Windows NT 5.1) AppleWebKit/537.36 (KHTML, like Gecko) Chrome/38.0.2125.104 Safari/537.36" 
119.84.114.18 - - [20/Oct/2015:01:51:14 -0700] "GET /maccdc2012/conn.log.gz HTTP/1.1" 206 7946607 "-" "Mozilla/5.0 (Windows NT 5.1) AppleWebKit/537.36 (KHTML, like Gecko) Chrome/38.0.2125.104 Safari/537.36" 
119.84.114.18 - - [20/Oct/2015:01:55:42 -0700] "GET /maccdc2012/conn.log.gz HTTP/1.1" 206 5144943 "-" "Mozilla/5.0 (Windows NT 5.1) AppleWebKit/537.36 (KHTML, like Gecko) Chrome/38.0.2125.104 Safari/537.36" 
119.84.114.18 - - [20/Oct/2015:02:00:47 -0700] "GET /maccdc2012/conn.log.gz HTTP/1.1" 206 4587887 "-" "Mozilla/5.0 (Windows NT 5.1) AppleWebKit/537.36 (KHTML, like Gecko) Chrome/38.0.2125.104 Safari/537.36" 
119.84.114.18 - - [20/Oct/2015:01:55:38 -0700] "GET /maccdc2012/conn.log.gz HTTP/1.1" 206 5325167 "-" "Mozilla/5.0 (Windows NT 5.1) AppleWebKit/537.36 (KHTML, like Gecko) Chrome/38.0.2125.104 Safari/537.36" 
119.84.114.18 - - [20/Oct/2015:02:00:21 -0700] "GET /maccdc2012/conn.log.gz HTTP/1.1" 206 5013871 "-" "Mozilla/5.0 (Windows NT 5.1) AppleWebKit/537.36 (KHTML, like Gecko) Chrome/38.0.2125.104 Safari/537.36" 
119.84.114.18 - - [20/Oct/2015:02:00:50 -0700] "GET /maccdc2012/conn.log.gz HTTP/1.1" 206 4227439 "-" "Mozilla/5.0 (Windows NT 5.1) AppleWebKit/537.36 (KHTML, like Gecko) Chrome/38.0.2125.104 Safari/537.36" 
119.84.114.18 - - [20/Oct/2015:02:00:35 -0700] "GET /maccdc2012/conn.log.gz HTTP/1.1" 206 5144943 "-" "Mozilla/5.0 (Windows NT 5.1) AppleWebKit/537.36 (KHTML, like Gecko) Chrome/38.0.2125.104 Safari/537.36" 
