66.102.7.190 - - [02/Mar/2017:22:25:27 -0800] "GET /bootstrap/img/favicon.ico HTTP/1.1" 200 590 "-" "Mozilla/5.0 (X11; Linux x86_64) AppleWebKit/537.36 (KHTML, like Gecko) Chrome/49.0.2623.75 Safari/537.36 Google Favicon" 
180.76.15.33 - - [02/Mar/2017:22:25:47 -0800] "GET /data HTTP/1.1" 404 303 "-" "Mozilla/5.0 (compatible; Baiduspider/2.0; +http://www.baidu.com/search/spider.html)" 
68.180.228.156 - - [02/Mar/2017:22:29:23 -0800] "GET /self.logs/error.log.2016-09-26.gz HTTP/1.1" 200 763 "-" "Mozilla/5.0 (compatible; Yahoo! Slurp; http://help.yahoo.com/help/us/ysearch/slurp)" 
68.180.228.156 - - [02/Mar/2017:22:32:35 -0800] "GET /self.logs/access.log.2015-06-26.gz HTTP/1.1" 200 4014 "-" "Mozilla/5.0 (compatible; Yahoo! Slurp; http://help.yahoo.com/help/us/ysearch/slurp)" 
104.156.245.248 - - [02/Mar/2017:22:33:22 -0800] "GET /blog/wp-admin/ HTTP/1.1" 301 489 "-" "-" 
164.132.161.18 - - [02/Mar/2017:22:35:18 -0800] "GET /self.logs/error.log.2016-01-31.gz HTTP/1.1" 200 566 "-" "Mozilla/5.0 (compatible; AhrefsBot/5.2; +http://ahrefs.com/robot/)" 
68.180.228.156 - - [02/Mar/2017:22:36:04 -0800] "GET /self.logs/access.log.2015-12-15.gz HTTP/1.1" 200 8836 "-" "Mozilla/5.0 (compatible; Yahoo! Slurp; http://help.yahoo.com/help/us/ysearch/slurp)" 
36.81.129.61 - - [02/Mar/2017:22:39:45 -0800] "GET /honeypot/Honeypot%20-%20Howto.pdf HTTP/1.1" 206 124076 "https://www.google.co.id/" "Mozilla/5.0 (Windows NT 6.3; Win64; x64) AppleWebKit/537.36 (KHTML, like Gecko) Chrome/56.0.2924.87 Safari/537.36" 
36.81.129.61 - - [02/Mar/2017:22:39:44 -0800] "GET /honeypot/Honeypot%20-%20Howto.pdf HTTP/1.1" 206 393492 "https://www.google.co.id/" "Mozilla/5.0 (Windows NT 6.3; Win64; x64) AppleWebKit/537.36 (KHTML, like Gecko) Chrome/56.0.2924.87 Safari/537.36" 
36.81.129.61 - - [02/Mar/2017:22:39:45 -0800] "GET /honeypot/Honeypot%20-%20Howto.pdf HTTP/1.1" 206 121817 "https://www.google.co.id/" "Mozilla/5.0 (Windows NT 6.3; Win64; x64) AppleWebKit/537.36 (KHTML, like Gecko) Chrome/56.0.2924.87 Safari/537.36" 
36.81.129.61 - - [02/Mar/2017:22:39:45 -0800] "GET /honeypot/Honeypot%20-%20Howto.pdf HTTP/1.1" 206 181500 "https://www.google.co.id/" "Mozilla/5.0 (Windows NT 6.3; Win64; x64) AppleWebKit/537.36 (KHTML, like Gecko) Chrome/56.0.2924.87 Safari/537.36" 
36.81.129.61 - - [02/Mar/2017:22:39:45 -0800] "GET /honeypot/Honeypot%20-%20Howto.pdf HTTP/1.1" 206 197472 "https://www.google.co.id/" "Mozilla/5.0 (Windows NT 6.3; Win64; x64) AppleWebKit/537.36 (KHTML, like Gecko) Chrome/56.0.2924.87 Safari/537.36" 
36.81.129.61 - - [02/Mar/2017:22:39:44 -0800] "GET /honeypot/Honeypot%20-%20Howto.pdf HTTP/1.1" 206 181966 "https://www.google.co.id/" "Mozilla/5.0 (Windows NT 6.3; Win64; x64) AppleWebKit/537.36 (KHTML, like Gecko) Chrome/56.0.2924.87 Safari/537.36" 
36.81.129.61 - - [02/Mar/2017:22:39:44 -0800] "GET /honeypot/Honeypot%20-%20Howto.pdf HTTP/1.1" 206 187308 "https://www.google.co.id/" "Mozilla/5.0 (Windows NT 6.3; Win64; x64) AppleWebKit/537.36 (KHTML, like Gecko) Chrome/56.0.2924.87 Safari/537.36" 
36.81.129.61 - - [02/Mar/2017:22:39:43 -0800] "GET /honeypot/Honeypot%20-%20Howto.pdf HTTP/1.1" 200 304920 "https://www.google.co.id/" "Mozilla/5.0 (Windows NT 6.3; Win64; x64) AppleWebKit/537.36 (KHTML, like Gecko) Chrome/56.0.2924.87 Safari/537.36" 
74.208.16.14 - - [02/Mar/2017:22:42:52 -0800] "GET /wp/wp-admin/ HTTP/1.1" 301 485 "-" "-" 
68.180.228.156 - - [02/Mar/2017:22:45:51 -0800] "GET /self.logs/error.log.2016-11-06.gz HTTP/1.1" 200 1156 "-" "Mozilla/5.0 (compatible; Yahoo! Slurp; http://help.yahoo.com/help/us/ysearch/slurp)" 
40.77.167.108 - - [02/Mar/2017:22:46:12 -0800] "GET /self.logs/access.log.2016-07-17.gz HTTP/1.1" 200 6448 "-" "Mozilla/5.0 (compatible; bingbot/2.0; +http://www.bing.com/bingbot.htm)" 
91.205.173.74 - - [02/Mar/2017:22:52:04 -0800] "GET /old/wp-admin/ HTTP/1.1" 301 487 "-" "-" 
69.250.190.181 - - [02/Mar/2017:22:54:41 -0800] "GET / HTTP/1.1" 200 10567 "-" "Mozilla/5.0 (Macintosh; Intel Mac OS X 10_10_5) AppleWebKit/600.8.9 (KHTML, like Gecko) Version/8.0.8 Safari/600.8.9" 
69.250.190.181 - - [02/Mar/2017:22:54:41 -0800] "GET /bootstrap/img/favicon.ico HTTP/1.1" 200 589 "http://www.secrepo.com/" "Mozilla/5.0 (Macintosh; Intel Mac OS X 10_10_5) AppleWebKit/600.8.9 (KHTML, like Gecko) Version/8.0.8 Safari/600.8.9" 
69.250.190.181 - - [02/Mar/2017:22:54:41 -0800] "GET / HTTP/1.1" 200 10566 "-" "Mozilla/5.0 (iPhone; CPU iPhone OS 8_1 like Mac OS X) AppleWebKit/600.1.4 (KHTML, like Gecko) Version/8.0 Mobile/12B410 Safari/600.1.4" 
69.250.190.181 - - [02/Mar/2017:22:54:41 -0800] "GET /apple-touch-icon-precomposed.png HTTP/1.1" 404 340 "-" "com.apple.WebKit.WebContent/10600.8.9 CFNetwork/720.5.7 Darwin/14.5.0 (x86_64)" 
69.250.190.181 - - [02/Mar/2017:22:54:41 -0800] "GET /apple-touch-icon.png HTTP/1.1" 404 339 "-" "com.apple.WebKit.WebContent/10600.8.9 CFNetwork/720.5.7 Darwin/14.5.0 (x86_64)" 
163.172.64.225 - - [02/Mar/2017:23:00:37 -0800] "GET /self.logs/?C=M;O=D HTTP/1.1" 200 16203 "-" "Mozilla/5.0 (compatible; AhrefsBot/5.2; +http://ahrefs.com/robot/)" 
51.255.65.63 - - [02/Mar/2017:23:04:20 -0800] "GET /self.logs/error.log.2016-06-10.gz HTTP/1.1" 200 1057 "-" "Mozilla/5.0 (compatible; AhrefsBot/5.2; +http://ahrefs.com/robot/)" 
68.180.228.156 - - [02/Mar/2017:23:04:49 -0800] "GET /self.logs/error.log.2016-10-09.gz HTTP/1.1" 200 781 "-" "Mozilla/5.0 (compatible; Yahoo! Slurp; http://help.yahoo.com/help/us/ysearch/slurp)" 
68.180.228.156 - - [02/Mar/2017:23:08:17 -0800] "GET /self.logs/error.log.2017-01-17.gz HTTP/1.1" 200 852 "-" "Mozilla/5.0 (compatible; Yahoo! Slurp; http://help.yahoo.com/help/us/ysearch/slurp)" 
68.180.228.156 - - [02/Mar/2017:23:13:31 -0800] "GET /self.logs/error.log.2016-10-05.gz HTTP/1.1" 200 528 "-" "Mozilla/5.0 (compatible; Yahoo! Slurp; http://help.yahoo.com/help/us/ysearch/slurp)" 
114.255.40.54 - - [02/Mar/2017:23:14:40 -0800] "GET /favicon.ico HTTP/1.1" 200 212 "-" "Mozilla/4.0 (compatible; MSIE 7.0; Windows NT 5.1; Trident/4.0; .NET CLR 2.0.50727; 360space)" 
68.180.228.156 - - [02/Mar/2017:23:18:56 -0800] "GET /self.logs/access.log.2015-04-16.gz HTTP/1.1" 200 11880 "-" "Mozilla/5.0 (compatible; Yahoo! Slurp; http://help.yahoo.com/help/us/ysearch/slurp)" 
68.180.228.156 - - [02/Mar/2017:23:24:37 -0800] "GET /self.logs/access.log.2017-01-19.gz HTTP/1.1" 200 18307 "-" "Mozilla/5.0 (compatible; Yahoo! Slurp; http://help.yahoo.com/help/us/ysearch/slurp)" 
68.180.228.156 - - [02/Mar/2017:23:24:37 -0800] "GET /self.logs/access.log.2015-12-25.gz HTTP/1.1" 200 3805 "-" "Mozilla/5.0 (compatible; Yahoo! Slurp; http://help.yahoo.com/help/us/ysearch/slurp)" 
68.180.228.156 - - [02/Mar/2017:23:25:54 -0800] "GET /self.logs/error.log.2015-11-21.gz HTTP/1.1" 200 982 "-" "Mozilla/5.0 (compatible; Yahoo! Slurp; http://help.yahoo.com/help/us/ysearch/slurp)" 
68.180.228.156 - - [02/Mar/2017:23:28:43 -0800] "GET /self.logs/error.log.2016-02-21.gz HTTP/1.1" 200 728 "-" "Mozilla/5.0 (compatible; Yahoo! Slurp; http://help.yahoo.com/help/us/ysearch/slurp)" 
51.255.65.88 - - [02/Mar/2017:23:30:16 -0800] "GET /maccdc2012/signatures.log.gz HTTP/1.1" 200 549 "-" "Mozilla/5.0 (compatible; AhrefsBot/5.2; +http://ahrefs.com/robot/)" 
68.180.228.156 - - [02/Mar/2017:23:35:48 -0800] "GET /self.logs/access.log.2016-05-09.gz HTTP/1.1" 200 8366 "-" "Mozilla/5.0 (compatible; Yahoo! Slurp; http://help.yahoo.com/help/us/ysearch/slurp)" 
68.180.228.156 - - [02/Mar/2017:23:37:41 -0800] "GET /self.logs/access.log.2016-09-25.gz HTTP/1.1" 200 7076 "-" "Mozilla/5.0 (compatible; Yahoo! Slurp; http://help.yahoo.com/help/us/ysearch/slurp)" 
68.180.228.156 - - [02/Mar/2017:23:38:30 -0800] "GET /self.logs/error.log.2016-12-18.gz HTTP/1.1" 200 534 "-" "Mozilla/5.0 (compatible; Yahoo! Slurp; http://help.yahoo.com/help/us/ysearch/slurp)" 
68.180.228.156 - - [02/Mar/2017:23:39:50 -0800] "GET /self.logs/access.log.2015-09-08.gz HTTP/1.1" 200 3805 "-" "Mozilla/5.0 (compatible; Yahoo! Slurp; http://help.yahoo.com/help/us/ysearch/slurp)" 
43.230.88.117 - - [02/Mar/2017:23:39:52 -0800] "GET / HTTP/1.1" 200 10567 "http://www.kdnuggets.com/2017/01/machine-learning-cyber-security.html" "Mozilla/5.0 (Windows NT 10.0; WOW64; rv:51.0) Gecko/20100101 Firefox/51.0" 
43.230.88.117 - - [02/Mar/2017:23:39:54 -0800] "GET /bootstrap/img/favicon.ico HTTP/1.1" 200 590 "-" "Mozilla/5.0 (Windows NT 10.0; WOW64; rv:51.0) Gecko/20100101 Firefox/51.0" 
43.230.88.117 - - [02/Mar/2017:23:39:55 -0800] "GET /GitHub-Mark.png HTTP/1.1" 200 7427 "http://www.secrepo.com/" "Mozilla/5.0 (Windows NT 10.0; WOW64; rv:51.0) Gecko/20100101 Firefox/51.0" 
43.230.88.117 - - [02/Mar/2017:23:39:55 -0800] "GET /twitter-icon.png HTTP/1.1" 200 27788 "http://www.secrepo.com/" "Mozilla/5.0 (Windows NT 10.0; WOW64; rv:51.0) Gecko/20100101 Firefox/51.0" 
38.94.183.34 - - [02/Mar/2017:23:42:42 -0800] "GET / HTTP/1.1" 200 10511 "-" "Mozilla/5.0 (Windows NT 10.0; Win64; x64) AppleWebKit/537.36 (KHTML, like Gecko) Chrome/54.0.2840.99 Safari/537.36" 
68.180.228.156 - - [02/Mar/2017:23:43:36 -0800] "GET /self.logs/access.log.2015-03-31.gz HTTP/1.1" 200 4029 "-" "Mozilla/5.0 (compatible; Yahoo! Slurp; http://help.yahoo.com/help/us/ysearch/slurp)" 
68.180.228.156 - - [02/Mar/2017:23:45:58 -0800] "GET /self.logs/access.log.2015-10-06.gz HTTP/1.1" 200 6181 "-" "Mozilla/5.0 (compatible; Yahoo! Slurp; http://help.yahoo.com/help/us/ysearch/slurp)" 
51.255.65.38 - - [02/Mar/2017:23:46:20 -0800] "GET /self.logs/access.log.2015-03-15.gz HTTP/1.1" 200 5419 "-" "Mozilla/5.0 (compatible; AhrefsBot/5.2; +http://ahrefs.com/robot/)" 
51.255.65.22 - - [02/Mar/2017:23:54:05 -0800] "GET /self.logs/access.log.2015-02-27.gz HTTP/1.1" 200 3167 "-" "Mozilla/5.0 (compatible; AhrefsBot/5.2; +http://ahrefs.com/robot/)" 
159.226.251.229 - - [03/Mar/2017:00:05:44 -0800] "GET /tg/a.zip HTTP/1.1" 304 132 "-" "Mozilla/5.0 Gecko/20100115 Firefox/3.6" 
101.78.229.7 - - [03/Mar/2017:00:07:11 -0800] "GET /twitter-icon.png HTTP/1.1" 200 27788 "http://www.secrepo.com/" "Mozilla/5.0 (Macintosh; Intel Mac OS X 10_12_3) AppleWebKit/602.4.8 (KHTML, like Gecko) Version/10.0.3 Safari/602.4.8" 
86.157.179.28 - - [03/Mar/2017:00:07:37 -0800] "GET /wp-login.php HTTP/1.1" 404 295 "-" "Mozilla/5.0 (Windows NT 6.1; WOW64; rv:40.0) Gecko/20100101 Firefox/40.1" 
86.157.179.28 - - [03/Mar/2017:00:07:42 -0800] "GET /wp-login.php HTTP/1.1" 404 295 "-" "Mozilla/5.0 (Windows NT 6.1; WOW64; rv:40.0) Gecko/20100101 Firefox/40.1" 
86.157.179.28 - - [03/Mar/2017:00:07:47 -0800] "GET / HTTP/1.1" 200 35389 "-" "Mozilla/5.0 (Windows NT 6.1; WOW64; rv:40.0) Gecko/20100101 Firefox/40.1" 
86.157.179.28 - - [03/Mar/2017:00:08:06 -0800] "GET /wp-login.php HTTP/1.1" 301 522 "-" "Mozilla/5.0 (Windows NT 6.1; WOW64; rv:40.0) Gecko/20100101 Firefox/40.1" 
86.157.179.28 - - [03/Mar/2017:00:08:06 -0800] "GET /wp-login.php HTTP/1.1" 404 295 "-" "Mozilla/5.0 (Windows NT 6.1; WOW64; rv:40.0) Gecko/20100101 Firefox/40.1" 
86.157.179.28 - - [03/Mar/2017:00:08:12 -0800] "GET /wp-login.php HTTP/1.1" 301 522 "-" "Mozilla/5.0 (Windows NT 6.1; WOW64; rv:40.0) Gecko/20100101 Firefox/40.1" 
86.157.179.28 - - [03/Mar/2017:00:08:12 -0800] "GET /wp-login.php HTTP/1.1" 404 295 "-" "Mozilla/5.0 (Windows NT 6.1; WOW64; rv:40.0) Gecko/20100101 Firefox/40.1" 
86.157.179.28 - - [03/Mar/2017:00:08:17 -0800] "GET / HTTP/1.1" 301 498 "-" "Mozilla/5.0 (Windows NT 6.1; WOW64; rv:40.0) Gecko/20100101 Firefox/40.1" 
86.157.179.28 - - [03/Mar/2017:00:08:17 -0800] "GET / HTTP/1.1" 200 35389 "-" "Mozilla/5.0 (Windows NT 6.1; WOW64; rv:40.0) Gecko/20100101 Firefox/40.1" 
86.157.179.28 - - [03/Mar/2017:00:08:24 -0800] "GET /wp-login.php HTTP/1.1" 404 295 "-" "Mozilla/5.0 (Windows NT 6.1; WOW64; rv:40.0) Gecko/20100101 Firefox/40.1" 
86.157.179.28 - - [03/Mar/2017:00:08:30 -0800] "GET /wp-login.php HTTP/1.1" 404 295 "-" "Mozilla/5.0 (Windows NT 6.1; WOW64; rv:40.0) Gecko/20100101 Firefox/40.1" 
86.157.179.28 - - [03/Mar/2017:00:08:35 -0800] "GET / HTTP/1.1" 200 35389 "-" "Mozilla/5.0 (Windows NT 6.1; WOW64; rv:40.0) Gecko/20100101 Firefox/40.1" 
68.180.228.156 - - [03/Mar/2017:00:09:51 -0800] "GET /robots.txt HTTP/1.1" 200 233 "-" "Mozilla/5.0 (compatible; Yahoo! Slurp; http://help.yahoo.com/help/us/ysearch/slurp)" 
68.180.228.156 - - [03/Mar/2017:00:09:51 -0800] "GET /self.logs/access.log.2016-11-22.gz HTTP/1.1" 200 10393 "-" "Mozilla/5.0 (compatible; Yahoo! Slurp; http://help.yahoo.com/help/us/ysearch/slurp)" 
141.89.226.149 - - [03/Mar/2017:00:21:59 -0800] "GET / HTTP/1.1" 301 483 "-" "Mozilla/5.0 (Macintosh; Intel Mac OS X 10_10_5) AppleWebKit/602.4.8 (KHTML, like Gecko) Version/10.0.3 Safari/602.4.8" 
141.89.226.149 - - [03/Mar/2017:00:22:00 -0800] "GET / HTTP/1.1" 200 10567 "-" "Mozilla/5.0 (Macintosh; Intel Mac OS X 10_10_5) AppleWebKit/602.4.8 (KHTML, like Gecko) Version/10.0.3 Safari/602.4.8" 
141.89.226.149 - - [03/Mar/2017:00:22:00 -0800] "GET /twitter-icon.png HTTP/1.1" 200 27787 "http://www.secrepo.com/" "Mozilla/5.0 (Macintosh; Intel Mac OS X 10_10_5) AppleWebKit/602.4.8 (KHTML, like Gecko) Version/10.0.3 Safari/602.4.8" 
141.89.226.149 - - [03/Mar/2017:00:22:00 -0800] "GET /GitHub-Mark.png HTTP/1.1" 200 7428 "http://www.secrepo.com/" "Mozilla/5.0 (Macintosh; Intel Mac OS X 10_10_5) AppleWebKit/602.4.8 (KHTML, like Gecko) Version/10.0.3 Safari/602.4.8" 
141.89.226.149 - - [03/Mar/2017:00:22:00 -0800] "GET /bootstrap/img/favicon.ico HTTP/1.1" 200 590 "http://www.secrepo.com/" "Mozilla/5.0 (Macintosh; Intel Mac OS X 10_10_5) AppleWebKit/602.4.8 (KHTML, like Gecko) Version/10.0.3 Safari/602.4.8" 
51.255.65.72 - - [03/Mar/2017:00:22:35 -0800] "GET /self.logs/error.log.2016-01-14.gz HTTP/1.1" 200 620 "-" "Mozilla/5.0 (compatible; AhrefsBot/5.2; +http://ahrefs.com/robot/)" 
180.76.15.34 - - [03/Mar/2017:00:23:01 -0800] "GET / HTTP/1.1" 200 21900 "-" "Mozilla/5.0 (compatible; Baiduspider/2.0; +http://www.baidu.com/search/spider.html)" 
180.76.15.160 - - [03/Mar/2017:00:23:22 -0800] "GET / HTTP/1.1" 200 21900 "-" "Mozilla/5.0 (compatible; Baiduspider/2.0; +http://www.baidu.com/search/spider.html)" 
66.249.64.250 - - [03/Mar/2017:00:24:03 -0800] "GET / HTTP/1.1" 200 10567 "-" "Mozilla/5.0 (compatible; Googlebot/2.1; +http://www.google.com/bot.html)" 
68.180.228.156 - - [03/Mar/2017:00:24:53 -0800] "GET /self.logs/error.log.2016-04-08.gz HTTP/1.1" 200 673 "-" "Mozilla/5.0 (compatible; Yahoo! Slurp; http://help.yahoo.com/help/us/ysearch/slurp)" 
68.180.228.156 - - [03/Mar/2017:00:26:15 -0800] "GET /self.logs/access.log.2015-08-11.gz HTTP/1.1" 200 5951 "-" "Mozilla/5.0 (compatible; Yahoo! Slurp; http://help.yahoo.com/help/us/ysearch/slurp)" 
68.180.228.156 - - [03/Mar/2017:00:26:22 -0800] "GET /self.logs/error.log.2016-11-28.gz HTTP/1.1" 200 2157 "-" "Mozilla/5.0 (compatible; Yahoo! Slurp; http://help.yahoo.com/help/us/ysearch/slurp)" 
95.221.246.241 - - [03/Mar/2017:00:28:18 -0800] "GET /honeypot/Honeypot%20-%20Howto%20-%20BSides%20Austin.pdf HTTP/1.1" 200 398040 "http://yandex.ru/clck/jsredir?from=yandex.ru%3Bsearch%3Bweb%3B%3B&text=&etext=1349.mRaJ2Hmed90qIDDFE3g1PRUfjRZahObpQ6XTR8WCiLhmK_-LU4BBlTN1GK47MpFg.9cf66b496e98863bc5612cabf210097cc838ac5a&uuid=&state=_BLhILn4SxNIvvL0W45KSic66uCIg23qh8iRG98qeIXmeppkgUc0YGHEttDsYq_w3pSJtejupWg&data=UlNrNmk5WktYejR0eWJFYk1LdmtxdFVvX2JPZzkyaEU2WFNsdVNGUmVZbHU3ZjQwYnJsWFQ4SC1qOC1WSk9yZmJ4bUd1UXFUUkg4TEZjWmVfMTJOSG9LUDBTVDdtU2FFc0FvVkJpMVRqeUNoYnhuOFRTSDIyNFUtY3l0UllVcDhscmhxakRQNHZkVk5kd3o1MG9YcEdtN0tkTERaQ0d5M18xYU85QzhqSU1ndGJXR1hnSS1ydjBnTV9tY0Y4QWlM&b64e=2&sign=91d936c329ec99b0ae6fdf350b1eee71&keyno=0&cst=AiuY0DBWFJ7IXge4WdYJQa9gkHE_3kbi6E4DAc7RBMSIZz7rWRCuUub1XbTOL-oiaQ3c35WYfvzObRtBiub4RQrN3STtDk7oOgJJ5qvLD3fT4lTd6qa4JoifOJAGFBEUPHAe-j-NltSmL9L36gdA7mcpyT6twnpD&ref=orjY4mGPRjk5boDnW0uvlrrd71vZw9kp5uQozpMtKCWuAUzT58TqAYUToQEN50xSvNweovwtZx4sDuMiTpgl1p9itIEtFDORsfE4G1huQdJz6rtujvRZ9w&l10n=ru&cts=1488526468736&mc=7.18421754034" "Mozilla/5.0 (compatible; MSIE 10.0; Windows NT 6.1; Trident/6.0; Touch; MASMJS)" 
95.221.246.241 - - [03/Mar/2017:00:28:19 -0800] "GET /honeypot/Honeypot%20-%20Howto%20-%20BSides%20Austin.pdf HTTP/1.1" 200 2928423 "http://yandex.ru/clck/jsredir?from=yandex.ru%3Bsearch%3Bweb%3B%3B&text=&etext=1349.mRaJ2Hmed90qIDDFE3g1PRUfjRZahObpQ6XTR8WCiLhmK_-LU4BBlTN1GK47MpFg.9cf66b496e98863bc5612cabf210097cc838ac5a&uuid=&state=_BLhILn4SxNIvvL0W45KSic66uCIg23qh8iRG98qeIXmeppkgUc0YGHEttDsYq_w3pSJtejupWg&data=UlNrNmk5WktYejR0eWJFYk1LdmtxdFVvX2JPZzkyaEU2WFNsdVNGUmVZbHU3ZjQwYnJsWFQ4SC1qOC1WSk9yZmJ4bUd1UXFUUkg4TEZjWmVfMTJOSG9LUDBTVDdtU2FFc0FvVkJpMVRqeUNoYnhuOFRTSDIyNFUtY3l0UllVcDhscmhxakRQNHZkVk5kd3o1MG9YcEdtN0tkTERaQ0d5M18xYU85QzhqSU1ndGJXR1hnSS1ydjBnTV9tY0Y4QWlM&b64e=2&sign=91d936c329ec99b0ae6fdf350b1eee71&keyno=0&cst=AiuY0DBWFJ7IXge4WdYJQa9gkHE_3kbi6E4DAc7RBMSIZz7rWRCuUub1XbTOL-oiaQ3c35WYfvzObRtBiub4RQrN3STtDk7oOgJJ5qvLD3fT4lTd6qa4JoifOJAGFBEUPHAe-j-NltSmL9L36gdA7mcpyT6twnpD&ref=orjY4mGPRjk5boDnW0uvlrrd71vZw9kp5uQozpMtKCWuAUzT58TqAYUToQEN50xSvNweovwtZx4sDuMiTpgl1p9itIEtFDORsfE4G1huQdJz6rtujvRZ9w&l10n=ru&cts=1488526468736&mc=7.18421754034" "Mozilla/5.0 (compatible; MSIE 10.0; Windows NT 6.1; Trident/6.0; Touch; MASMJS)" 
68.180.228.156 - - [03/Mar/2017:00:28:44 -0800] "GET /self.logs/access.log.2016-08-12.gz HTTP/1.1" 200 16478 "-" "Mozilla/5.0 (compatible; Yahoo! Slurp; http://help.yahoo.com/help/us/ysearch/slurp)" 
141.89.226.149 - - [03/Mar/2017:00:30:59 -0800] "GET /pe_static/zeus.zip HTTP/1.1" 200 51367111 "http://www.secrepo.com/" "Mozilla/5.0 (Macintosh; Intel Mac OS X 10_10_5) AppleWebKit/602.4.8 (KHTML, like Gecko) Version/10.0.3 Safari/602.4.8" 
159.226.251.229 - - [03/Mar/2017:00:31:34 -0800] "GET /maccdc2012/conn.log.gz HTTP/1.1" 304 156 "-" "Mozilla/5.0 Gecko/20100115 Firefox/3.6" 
162.210.196.130 - - [03/Mar/2017:00:31:51 -0800] "GET /robots.txt HTTP/1.1" 200 289 "-" "Mozilla/5.0 (compatible; MJ12bot/v1.4.8; http://mj12bot.com/)" 
162.210.196.130 - - [03/Mar/2017:00:31:59 -0800] "GET / HTTP/1.1" 200 35333 "-" "Mozilla/5.0 (compatible; MJ12bot/v1.4.8; http://mj12bot.com/)" 
40.77.167.42 - - [03/Mar/2017:00:33:02 -0800] "GET / HTTP/1.1" 200 10567 "-" "Mozilla/5.0 (compatible; bingbot/2.0; +http://www.bing.com/bingbot.htm)" 
68.180.228.156 - - [03/Mar/2017:00:39:24 -0800] "GET /self.logs/access.log.2016-10-14.gz HTTP/1.1" 200 7134 "-" "Mozilla/5.0 (compatible; Yahoo! Slurp; http://help.yahoo.com/help/us/ysearch/slurp)" 
182.156.75.158 - - [03/Mar/2017:00:45:15 -0800] "GET / HTTP/1.1" 200 10567 "https://www.google.co.in/" "Mozilla/5.0 (Windows NT 10.0; Win64; x64) AppleWebKit/537.36 (KHTML, like Gecko) Chrome/56.0.2924.87 Safari/537.36" 
182.156.75.158 - - [03/Mar/2017:00:45:17 -0800] "GET /twitter-icon.png HTTP/1.1" 200 27787 "http://www.secrepo.com/" "Mozilla/5.0 (Windows NT 10.0; Win64; x64) AppleWebKit/537.36 (KHTML, like Gecko) Chrome/56.0.2924.87 Safari/537.36" 
182.156.75.158 - - [03/Mar/2017:00:45:17 -0800] "GET /GitHub-Mark.png HTTP/1.1" 200 7428 "http://www.secrepo.com/" "Mozilla/5.0 (Windows NT 10.0; Win64; x64) AppleWebKit/537.36 (KHTML, like Gecko) Chrome/56.0.2924.87 Safari/537.36" 
182.156.75.158 - - [03/Mar/2017:00:45:17 -0800] "GET /bootstrap/img/favicon.ico HTTP/1.1" 200 589 "http://www.secrepo.com/" "Mozilla/5.0 (Windows NT 10.0; Win64; x64) AppleWebKit/537.36 (KHTML, like Gecko) Chrome/56.0.2924.87 Safari/537.36" 
193.140.97.253 - - [03/Mar/2017:00:46:07 -0800] "GET / HTTP/1.1" 304 189 "https://www.reddit.com/r/datasets/comments/3tbxap/cyber_security_datasets/" "Mozilla/5.0 (Windows NT 10.0; Win64; x64) AppleWebKit/537.36 (KHTML, like Gecko) Chrome/56.0.2924.87 Safari/537.36" 
68.180.228.156 - - [03/Mar/2017:00:50:11 -0800] "GET /self.logs/access.log.2016-12-17.gz HTTP/1.1" 200 9880 "-" "Mozilla/5.0 (compatible; Yahoo! Slurp; http://help.yahoo.com/help/us/ysearch/slurp)" 
59.167.188.211 - - [03/Mar/2017:00:52:46 -0800] "GET / HTTP/1.1" 200 10567 "-" "Mozilla/5.0 (Windows NT 6.1; Win64; x64; rv:51.0) Gecko/20100101 Firefox/51.0.1 Waterfox/51.0.1" 
59.167.188.211 - - [03/Mar/2017:00:52:47 -0800] "GET / HTTP/1.1" 304 188 "-" "Mozilla/5.0 (Windows NT 6.1; Win64; x64; rv:51.0) Gecko/20100101 Firefox/51.0.1 Waterfox/51.0.1" 
59.167.188.211 - - [03/Mar/2017:00:52:48 -0800] "GET /favicon.ico HTTP/1.1" 200 267 "-" "Mozilla/5.0 (Windows NT 6.1; Win64; x64; rv:51.0) Gecko/20100101 Firefox/51.0.1 Waterfox/51.0.1" 
59.167.188.211 - - [03/Mar/2017:00:52:48 -0800] "GET /twitter-icon.png HTTP/1.1" 200 27788 "http://www.secrepo.com/" "Mozilla/5.0 (Windows NT 6.1; Win64; x64; rv:51.0) Gecko/20100101 Firefox/51.0.1 Waterfox/51.0.1" 
59.167.188.211 - - [03/Mar/2017:00:52:49 -0800] "GET /GitHub-Mark.png HTTP/1.1" 200 7427 "http://www.secrepo.com/" "Mozilla/5.0 (Windows NT 6.1; Win64; x64; rv:51.0) Gecko/20100101 Firefox/51.0.1 Waterfox/51.0.1" 
145.94.170.60 - - [03/Mar/2017:00:55:02 -0800] "GET / HTTP/1.1" 200 10567 "https://www.google.nl/" "Mozilla/5.0 (Windows NT 6.1; WOW64) AppleWebKit/537.36 (KHTML, like Gecko) Chrome/56.0.2924.87 Safari/537.36" 
145.94.170.60 - - [03/Mar/2017:00:55:03 -0800] "GET /twitter-icon.png HTTP/1.1" 200 27787 "http://www.secrepo.com/" "Mozilla/5.0 (Windows NT 6.1; WOW64) AppleWebKit/537.36 (KHTML, like Gecko) Chrome/56.0.2924.87 Safari/537.36" 
145.94.170.60 - - [03/Mar/2017:00:55:03 -0800] "GET /GitHub-Mark.png HTTP/1.1" 200 7428 "http://www.secrepo.com/" "Mozilla/5.0 (Windows NT 6.1; WOW64) AppleWebKit/537.36 (KHTML, like Gecko) Chrome/56.0.2924.87 Safari/537.36" 
145.94.170.60 - - [03/Mar/2017:00:55:04 -0800] "GET /bootstrap/img/favicon.ico HTTP/1.1" 200 589 "http://www.secrepo.com/" "Mozilla/5.0 (Windows NT 6.1; WOW64) AppleWebKit/537.36 (KHTML, like Gecko) Chrome/56.0.2924.87 Safari/537.36" 
145.94.170.60 - - [03/Mar/2017:00:56:20 -0800] "GET /honeypot/honeypot.json.zip HTTP/1.1" 200 9883440 "-" "Mozilla/5.0 (Windows NT 6.1; WOW64) AppleWebKit/537.36 (KHTML, like Gecko) Chrome/56.0.2924.87 Safari/537.36" 
163.172.65.130 - - [03/Mar/2017:00:58:26 -0800] "GET /self.logs/error.log.2016-11-01.gz HTTP/1.1" 200 814 "-" "Mozilla/5.0 (compatible; AhrefsBot/5.2; +http://ahrefs.com/robot/)" 
66.249.93.8 - - [03/Mar/2017:01:00:58 -0800] "GET / HTTP/1.1" 200 10567 "-" "Mozilla/5.0 (X11; Linux x86_64) AppleWebKit/537.36 (KHTML, like Gecko) Chrome/49.0.2623.75 Safari/537.36 Google Favicon" 
66.249.93.8 - - [03/Mar/2017:01:00:58 -0800] "GET /bootstrap/img/favicon.ico HTTP/1.1" 200 589 "-" "Mozilla/5.0 (X11; Linux x86_64) AppleWebKit/537.36 (KHTML, like Gecko) Chrome/49.0.2623.75 Safari/537.36 Google Favicon" 
182.75.165.178 - - [03/Mar/2017:01:03:58 -0800] "GET / HTTP/1.1" 200 10567 "-" "Mozilla/5.0 (Windows NT 6.3; Win64; x64) AppleWebKit/537.36 (KHTML, like Gecko) Chrome/56.0.2924.87 Safari/537.36" 
182.75.165.178 - - [03/Mar/2017:01:03:59 -0800] "GET /twitter-icon.png HTTP/1.1" 200 27787 "http://www.secrepo.com/" "Mozilla/5.0 (Windows NT 6.3; Win64; x64) AppleWebKit/537.36 (KHTML, like Gecko) Chrome/56.0.2924.87 Safari/537.36" 
182.75.165.178 - - [03/Mar/2017:01:03:59 -0800] "GET /GitHub-Mark.png HTTP/1.1" 200 7428 "http://www.secrepo.com/" "Mozilla/5.0 (Windows NT 6.3; Win64; x64) AppleWebKit/537.36 (KHTML, like Gecko) Chrome/56.0.2924.87 Safari/537.36" 
182.75.165.178 - - [03/Mar/2017:01:04:00 -0800] "GET /bootstrap/img/favicon.ico HTTP/1.1" 200 589 "http://www.secrepo.com/" "Mozilla/5.0 (Windows NT 6.3; Win64; x64) AppleWebKit/537.36 (KHTML, like Gecko) Chrome/56.0.2924.87 Safari/537.36" 
68.180.228.156 - - [03/Mar/2017:01:05:43 -0800] "GET /self.logs/access.log.2015-04-11.gz HTTP/1.1" 200 5482 "-" "Mozilla/5.0 (compatible; Yahoo! Slurp; http://help.yahoo.com/help/us/ysearch/slurp)" 
106.38.241.146 - - [03/Mar/2017:01:08:42 -0800] "GET / HTTP/1.1" 304 152 "-" "Sogou web spider/4.0(+http://www.sogou.com/docs/help/webmasters.htm#07)" 
164.132.161.88 - - [03/Mar/2017:01:13:20 -0800] "GET /self.logs/access.log.2015-09-21.gz HTTP/1.1" 200 5468 "-" "Mozilla/5.0 (compatible; AhrefsBot/5.2; +http://ahrefs.com/robot/)" 
125.227.3.236 - - [03/Mar/2017:01:14:04 -0800] "GET / HTTP/1.1" 200 10567 "http://www.mlsecproject.org/" "Mozilla/5.0 (Windows NT 6.1; WOW64) AppleWebKit/537.36 (KHTML, like Gecko) Chrome/56.0.2924.87 Safari/537.36" 
125.227.3.236 - - [03/Mar/2017:01:14:05 -0800] "GET /GitHub-Mark.png HTTP/1.1" 200 7428 "http://www.secrepo.com/" "Mozilla/5.0 (Windows NT 6.1; WOW64) AppleWebKit/537.36 (KHTML, like Gecko) Chrome/56.0.2924.87 Safari/537.36" 
125.227.3.236 - - [03/Mar/2017:01:14:05 -0800] "GET /twitter-icon.png HTTP/1.1" 200 27787 "http://www.secrepo.com/" "Mozilla/5.0 (Windows NT 6.1; WOW64) AppleWebKit/537.36 (KHTML, like Gecko) Chrome/56.0.2924.87 Safari/537.36" 
125.227.3.236 - - [03/Mar/2017:01:14:05 -0800] "GET /bootstrap/img/favicon.ico HTTP/1.1" 200 589 "http://www.secrepo.com/" "Mozilla/5.0 (Windows NT 6.1; WOW64) AppleWebKit/537.36 (KHTML, like Gecko) Chrome/56.0.2924.87 Safari/537.36" 
182.75.165.178 - - [03/Mar/2017:01:15:21 -0800] "GET / HTTP/1.1" 200 10567 "-" "Mozilla/5.0 (Windows NT 10.0; Win64; x64) AppleWebKit/537.36 (KHTML, like Gecko) Chrome/56.0.2924.87 Safari/537.36" 
182.75.165.178 - - [03/Mar/2017:01:15:25 -0800] "GET /GitHub-Mark.png HTTP/1.1" 200 7428 "http://www.secrepo.com/" "Mozilla/5.0 (Windows NT 10.0; Win64; x64) AppleWebKit/537.36 (KHTML, like Gecko) Chrome/56.0.2924.87 Safari/537.36" 
182.75.165.178 - - [03/Mar/2017:01:15:25 -0800] "GET /twitter-icon.png HTTP/1.1" 200 27788 "http://www.secrepo.com/" "Mozilla/5.0 (Windows NT 10.0; Win64; x64) AppleWebKit/537.36 (KHTML, like Gecko) Chrome/56.0.2924.87 Safari/537.36" 
182.75.165.178 - - [03/Mar/2017:01:15:27 -0800] "GET /bootstrap/img/favicon.ico HTTP/1.1" 200 589 "http://www.secrepo.com/" "Mozilla/5.0 (Windows NT 10.0; Win64; x64) AppleWebKit/537.36 (KHTML, like Gecko) Chrome/56.0.2924.87 Safari/537.36" 
182.75.165.178 - - [03/Mar/2017:01:18:03 -0800] "GET / HTTP/1.1" 200 10567 "-" "Mozilla/5.0 (Macintosh; Intel Mac OS X 10_12_1) AppleWebKit/602.2.14 (KHTML, like Gecko) Version/10.0.1 Safari/602.2.14" 
182.75.165.178 - - [03/Mar/2017:01:18:03 -0800] "GET /twitter-icon.png HTTP/1.1" 200 27787 "http://www.secrepo.com/" "Mozilla/5.0 (Macintosh; Intel Mac OS X 10_12_1) AppleWebKit/602.2.14 (KHTML, like Gecko) Version/10.0.1 Safari/602.2.14" 
182.75.165.178 - - [03/Mar/2017:01:18:03 -0800] "GET /GitHub-Mark.png HTTP/1.1" 200 7428 "http://www.secrepo.com/" "Mozilla/5.0 (Macintosh; Intel Mac OS X 10_12_1) AppleWebKit/602.2.14 (KHTML, like Gecko) Version/10.0.1 Safari/602.2.14" 
182.75.165.178 - - [03/Mar/2017:01:18:05 -0800] "GET /bootstrap/img/favicon.ico HTTP/1.1" 200 590 "http://www.secrepo.com/" "Mozilla/5.0 (Macintosh; Intel Mac OS X 10_12_1) AppleWebKit/602.2.14 (KHTML, like Gecko) Version/10.0.1 Safari/602.2.14" 
203.133.169.213 - - [03/Mar/2017:01:18:24 -0800] "GET /robots.txt HTTP/1.1" 200 334 "-" "Mozilla/5.0 (compatible; Daum/4.1; +http://cs.daum.net/faq/15/4118.html?faqId=28966)" 
203.133.169.213 - - [03/Mar/2017:01:18:25 -0800] "GET / HTTP/1.1" 200 10567 "-" "Mozilla/5.0 (compatible; Daum/4.1; +http://cs.daum.net/faq/15/4118.html?faqId=28966)" 
212.2.174.67 - - [03/Mar/2017:01:19:39 -0800] "GET / HTTP/1.1" 200 10567 "https://www.google.ie/" "Mozilla/5.0 (Macintosh; Intel Mac OS X 10_10_5) AppleWebKit/537.36 (KHTML, like Gecko) Chrome/45.0.2454.101 Safari/537.36" 
212.2.174.67 - - [03/Mar/2017:01:19:39 -0800] "GET /twitter-icon.png HTTP/1.1" 200 27787 "http://www.secrepo.com/" "Mozilla/5.0 (Macintosh; Intel Mac OS X 10_10_5) AppleWebKit/537.36 (KHTML, like Gecko) Chrome/45.0.2454.101 Safari/537.36" 
212.2.174.67 - - [03/Mar/2017:01:19:39 -0800] "GET /GitHub-Mark.png HTTP/1.1" 200 7428 "http://www.secrepo.com/" "Mozilla/5.0 (Macintosh; Intel Mac OS X 10_10_5) AppleWebKit/537.36 (KHTML, like Gecko) Chrome/45.0.2454.101 Safari/537.36" 
212.2.174.67 - - [03/Mar/2017:01:19:40 -0800] "GET /bootstrap/img/favicon.ico HTTP/1.1" 200 589 "http://www.secrepo.com/" "Mozilla/5.0 (Macintosh; Intel Mac OS X 10_10_5) AppleWebKit/537.36 (KHTML, like Gecko) Chrome/45.0.2454.101 Safari/537.36" 
40.77.167.18 - - [03/Mar/2017:01:20:58 -0800] "GET /maccdc2012/http.log.gz HTTP/1.1" 200 10816798 "-" "msnbot-media/1.1 (+http://search.msn.com/msnbot.htm)" 
212.81.152.194 - - [03/Mar/2017:01:22:26 -0800] "GET /bootstrap/img/favicon.ico HTTP/1.1" 304 165 "-" "Mozilla/5.0 (Windows NT 10.0; WOW64; rv:51.0) Gecko/20100101 Firefox/51.0" 
164.132.161.12 - - [03/Mar/2017:01:23:11 -0800] "GET /self.logs/error.log.2015-08-31.gz HTTP/1.1" 200 748 "-" "Mozilla/5.0 (compatible; AhrefsBot/5.2; +http://ahrefs.com/robot/)" 
68.180.228.156 - - [03/Mar/2017:01:27:34 -0800] "GET /self.logs/access.log.2015-10-18.gz HTTP/1.1" 200 4357 "-" "Mozilla/5.0 (compatible; Yahoo! Slurp; http://help.yahoo.com/help/us/ysearch/slurp)" 
68.180.228.156 - - [03/Mar/2017:01:27:45 -0800] "GET /self.logs/access.log.2015-12-19.gz HTTP/1.1" 200 6370 "-" "Mozilla/5.0 (compatible; Yahoo! Slurp; http://help.yahoo.com/help/us/ysearch/slurp)" 
68.180.228.156 - - [03/Mar/2017:01:27:50 -0800] "GET /self.logs/access.log.2015-04-30.gz HTTP/1.1" 200 5796 "-" "Mozilla/5.0 (compatible; Yahoo! Slurp; http://help.yahoo.com/help/us/ysearch/slurp)" 
212.2.174.67 - - [03/Mar/2017:01:29:44 -0800] "GET /pe_static/op-cleaver.zip HTTP/1.1" 200 710065 "-" "Mozilla/5.0 (Macintosh; Intel Mac OS X 10_10_5) AppleWebKit/537.36 (KHTML, like Gecko) Chrome/45.0.2454.101 Safari/537.36" 
203.133.169.200 - - [03/Mar/2017:01:30:17 -0800] "GET /robots.txt HTTP/1.1" 301 502 "-" "Mozilla/5.0 (compatible; Daum/4.1; +http://cs.daum.net/faq/15/4118.html?faqId=28966)" 
203.133.169.200 - - [03/Mar/2017:01:30:18 -0800] "GET /robots.txt HTTP/1.1" 200 334 "-" "Mozilla/5.0 (compatible; Daum/4.1; +http://cs.daum.net/faq/15/4118.html?faqId=28966)" 
203.133.169.200 - - [03/Mar/2017:01:30:18 -0800] "GET / HTTP/1.1" 301 483 "-" "Mozilla/5.0 (compatible; Daum/4.1; +http://cs.daum.net/faq/15/4118.html?faqId=28966)" 
203.133.169.200 - - [03/Mar/2017:01:30:25 -0800] "GET /robots.txt HTTP/1.1" 200 334 "-" "Mozilla/5.0 (compatible; Daum/4.1; +http://cs.daum.net/faq/15/4118.html?faqId=28966)" 
203.133.169.200 - - [03/Mar/2017:01:30:26 -0800] "GET / HTTP/1.1" 200 10567 "-" "Mozilla/5.0 (compatible; Daum/4.1; +http://cs.daum.net/faq/15/4118.html?faqId=28966)" 
93.34.113.74 - - [03/Mar/2017:01:31:35 -0800] "GET /wp-login.php HTTP/1.1" 404 295 "-" "Mozilla/5.0 (Windows NT 6.1; WOW64; rv:40.0) Gecko/20100101 Firefox/40.1" 
93.34.113.74 - - [03/Mar/2017:01:31:40 -0800] "GET /wp-login.php HTTP/1.1" 404 295 "-" "Mozilla/5.0 (Windows NT 6.1; WOW64; rv:40.0) Gecko/20100101 Firefox/40.1" 
93.34.113.74 - - [03/Mar/2017:01:31:45 -0800] "GET / HTTP/1.1" 200 35389 "-" "Mozilla/5.0 (Windows NT 6.1; WOW64; rv:40.0) Gecko/20100101 Firefox/40.1" 
80.78.5.104 - - [03/Mar/2017:01:33:10 -0800] "GET / HTTP/1.1" 200 10567 "-" "Mozilla/5.0 (Windows NT 6.1; Win64; x64) AppleWebKit/537.36 (KHTML, like Gecko) Chrome/56.0.2924.87 Safari/537.36" 
80.78.5.104 - - [03/Mar/2017:01:33:10 -0800] "GET /twitter-icon.png HTTP/1.1" 200 27787 "http://www.secrepo.com/" "Mozilla/5.0 (Windows NT 6.1; Win64; x64) AppleWebKit/537.36 (KHTML, like Gecko) Chrome/56.0.2924.87 Safari/537.36" 
80.78.5.104 - - [03/Mar/2017:01:33:11 -0800] "GET /GitHub-Mark.png HTTP/1.1" 304 166 "http://www.secrepo.com/" "Mozilla/5.0 (Windows NT 6.1; Win64; x64) AppleWebKit/537.36 (KHTML, like Gecko) Chrome/56.0.2924.87 Safari/537.36" 
80.78.5.104 - - [03/Mar/2017:01:33:11 -0800] "GET /bootstrap/img/favicon.ico HTTP/1.1" 200 589 "http://www.secrepo.com/" "Mozilla/5.0 (Windows NT 6.1; Win64; x64) AppleWebKit/537.36 (KHTML, like Gecko) Chrome/56.0.2924.87 Safari/537.36" 
106.66.214.115 - - [03/Mar/2017:01:33:29 -0800] "GET / HTTP/1.1" 200 10567 "-" "Mozilla/5.0 (iPhone; CPU iPhone OS 10_2_1 like Mac OS X) AppleWebKit/602.1.50 (KHTML, like Gecko) CriOS/56.0.2924.79 Mobile/14D27 Safari/602.1" 
106.66.214.115 - - [03/Mar/2017:01:33:29 -0800] "GET /twitter-icon.png HTTP/1.1" 200 27787 "http://www.secrepo.com/" "Mozilla/5.0 (iPhone; CPU iPhone OS 10_2_1 like Mac OS X) AppleWebKit/602.1.50 (KHTML, like Gecko) CriOS/56.0.2924.79 Mobile/14D27 Safari/602.1" 
106.66.214.115 - - [03/Mar/2017:01:33:29 -0800] "GET /GitHub-Mark.png HTTP/1.1" 200 7428 "http://www.secrepo.com/" "Mozilla/5.0 (iPhone; CPU iPhone OS 10_2_1 like Mac OS X) AppleWebKit/602.1.50 (KHTML, like Gecko) CriOS/56.0.2924.79 Mobile/14D27 Safari/602.1" 
106.66.214.115 - - [03/Mar/2017:01:33:31 -0800] "GET /bootstrap/img/favicon.ico HTTP/1.1" 200 590 "-" "Mozilla/5.0 (iPhone; CPU iPhone OS 10_2_1 like Mac OS X) AppleWebKit/602.1.50 (KHTML, like Gecko) CriOS/56.0.2924.79 Mobile/14D27 Safari/602.1" 
68.180.228.156 - - [03/Mar/2017:01:34:59 -0800] "GET /self.logs/access.log.2016-01-12.gz HTTP/1.1" 200 7428 "-" "Mozilla/5.0 (compatible; Yahoo! Slurp; http://help.yahoo.com/help/us/ysearch/slurp)" 
68.180.228.156 - - [03/Mar/2017:01:35:00 -0800] "GET /self.logs/access.log.2016-02-23.gz HTTP/1.1" 200 10157 "-" "Mozilla/5.0 (compatible; Yahoo! Slurp; http://help.yahoo.com/help/us/ysearch/slurp)" 
107.191.53.179 - - [03/Mar/2017:01:38:14 -0800] "GET / HTTP/1.1" 200 10567 "https://www.google.com.hk/" "Mozilla/5.0 (Windows NT 10.0; Win64; x64) AppleWebKit/537.36 (KHTML, like Gecko) Chrome/57.0.2987.88 Safari/537.36" 
107.191.53.179 - - [03/Mar/2017:01:38:15 -0800] "GET /twitter-icon.png HTTP/1.1" 200 27787 "http://www.secrepo.com/" "Mozilla/5.0 (Windows NT 10.0; Win64; x64) AppleWebKit/537.36 (KHTML, like Gecko) Chrome/57.0.2987.88 Safari/537.36" 
107.191.53.179 - - [03/Mar/2017:01:38:15 -0800] "GET /GitHub-Mark.png HTTP/1.1" 200 7428 "http://www.secrepo.com/" "Mozilla/5.0 (Windows NT 10.0; Win64; x64) AppleWebKit/537.36 (KHTML, like Gecko) Chrome/57.0.2987.88 Safari/537.36" 
107.191.53.179 - - [03/Mar/2017:01:38:19 -0800] "GET /bootstrap/img/favicon.ico HTTP/1.1" 200 590 "http://www.secrepo.com/" "Mozilla/5.0 (Windows NT 10.0; Win64; x64) AppleWebKit/537.36 (KHTML, like Gecko) Chrome/57.0.2987.88 Safari/537.36" 
80.78.5.104 - - [03/Mar/2017:01:43:34 -0800] "GET /squid/access.log.gz HTTP/1.1" 200 23177322 "-" "Mozilla/5.0 (Windows NT 6.1; Win64; x64) AppleWebKit/537.36 (KHTML, like Gecko) Chrome/56.0.2924.87 Safari/537.36" 
80.78.5.104 - - [03/Mar/2017:01:43:59 -0800] "GET /honeypot/BSidesDFW%20-%202014.ipynb HTTP/1.1" 200 930836 "http://www.secrepo.com/" "Mozilla/5.0 (Windows NT 6.1; Win64; x64) AppleWebKit/537.36 (KHTML, like Gecko) Chrome/56.0.2924.87 Safari/537.36" 
41.36.103.70 - - [03/Mar/2017:01:44:04 -0800] "GET / HTTP/1.1" 304 189 "-" "Mozilla/5.0 (Windows NT 10.0; WOW64) AppleWebKit/537.36 (KHTML, like Gecko) Chrome/56.0.2924.87 Safari/537.36" 
68.180.228.156 - - [03/Mar/2017:01:44:13 -0800] "GET /self.logs/access.log.2016-12-10.gz HTTP/1.1" 200 9239 "-" "Mozilla/5.0 (compatible; Yahoo! Slurp; http://help.yahoo.com/help/us/ysearch/slurp)" 
94.127.56.218 - - [03/Mar/2017:01:44:29 -0800] "GET / HTTP/1.1" 200 10567 "https://www.google.no/" "Mozilla/5.0 (Windows NT 6.1; WOW64) AppleWebKit/537.36 (KHTML, like Gecko) Chrome/56.0.2924.87 Safari/537.36" 
94.127.56.218 - - [03/Mar/2017:01:44:30 -0800] "GET /twitter-icon.png HTTP/1.1" 200 27788 "http://www.secrepo.com/" "Mozilla/5.0 (Windows NT 6.1; WOW64) AppleWebKit/537.36 (KHTML, like Gecko) Chrome/56.0.2924.87 Safari/537.36" 
94.127.56.218 - - [03/Mar/2017:01:44:31 -0800] "GET /GitHub-Mark.png HTTP/1.1" 200 7427 "http://www.secrepo.com/" "Mozilla/5.0 (Windows NT 6.1; WOW64) AppleWebKit/537.36 (KHTML, like Gecko) Chrome/56.0.2924.87 Safari/537.36" 
94.127.56.218 - - [03/Mar/2017:01:44:47 -0800] "GET /bootstrap/img/favicon.ico HTTP/1.1" 200 590 "http://www.secrepo.com/" "Mozilla/5.0 (Windows NT 6.1; WOW64) AppleWebKit/537.36 (KHTML, like Gecko) Chrome/56.0.2924.87 Safari/537.36" 
138.9.8.236 - - [03/Mar/2017:01:45:17 -0800] "GET /favicon.ico HTTP/1.1" 200 268 "http://www.secrepo.com/honeypot/Honeypot%20-%20Howto.pdf" "Mozilla/5.0 (Windows NT 10.0; Win64; x64) AppleWebKit/537.36 (KHTML, like Gecko) Chrome/56.0.2924.87 Safari/537.36" 
138.9.8.236 - - [03/Mar/2017:01:45:17 -0800] "GET /honeypot/Honeypot%20-%20Howto.pdf HTTP/1.1" 200 1279418 "https://www.google.com/" "Mozilla/5.0 (Windows NT 10.0; Win64; x64) AppleWebKit/537.36 (KHTML, like Gecko) Chrome/56.0.2924.87 Safari/537.36" 
184.54.195.248 - - [03/Mar/2017:01:46:03 -0800] "GET / HTTP/1.1" 200 10567 "https://www.google.com" "Mozilla/5.0 (X11; Ubuntu; Linux x86_64; rv:47.0) Gecko/20100101 Firefox/47.0" 
184.54.195.248 - - [03/Mar/2017:01:46:04 -0800] "GET /bootstrap/img/favicon.ico HTTP/1.1" 200 589 "-" "Mozilla/5.0 (X11; Ubuntu; Linux x86_64; rv:47.0) Gecko/20100101 Firefox/47.0" 
184.54.195.248 - - [03/Mar/2017:01:46:04 -0800] "GET /twitter-icon.png HTTP/1.1" 200 27787 "http://www.secrepo.com/" "Mozilla/5.0 (X11; Ubuntu; Linux x86_64; rv:47.0) Gecko/20100101 Firefox/47.0" 
184.54.195.248 - - [03/Mar/2017:01:46:04 -0800] "GET /GitHub-Mark.png HTTP/1.1" 200 7428 "http://www.secrepo.com/" "Mozilla/5.0 (X11; Ubuntu; Linux x86_64; rv:47.0) Gecko/20100101 Firefox/47.0" 
93.41.72.179 - - [03/Mar/2017:01:46:43 -0800] "GET /bootstrap/img/favicon.ico HTTP/1.1" 200 590 "-" "Mozilla/5.0 (X11; Linux x86_64; rv:45.0) Gecko/20100101 Firefox/45.0" 
184.54.195.248 - - [03/Mar/2017:01:47:07 -0800] "GET /honeypot/honeypot.json.zip HTTP/1.1" 200 23085976 "http://www.secrepo.com/" "Mozilla/5.0 (X11; Ubuntu; Linux x86_64; rv:47.0) Gecko/20100101 Firefox/47.0" 
68.180.228.156 - - [03/Mar/2017:01:53:04 -0800] "GET /self.logs/access.log.2016-03-29.gz HTTP/1.1" 200 8864 "-" "Mozilla/5.0 (compatible; Yahoo! Slurp; http://help.yahoo.com/help/us/ysearch/slurp)" 
68.180.228.156 - - [03/Mar/2017:01:53:06 -0800] "GET /self.logs/access.log.2016-11-04.gz HTTP/1.1" 200 9315 "-" "Mozilla/5.0 (compatible; Yahoo! Slurp; http://help.yahoo.com/help/us/ysearch/slurp)" 
68.180.228.156 - - [03/Mar/2017:01:54:33 -0800] "GET /self.logs/access.log.2015-11-20.gz HTTP/1.1" 200 8350 "-" "Mozilla/5.0 (compatible; Yahoo! Slurp; http://help.yahoo.com/help/us/ysearch/slurp)" 
75.119.200.128 - - [03/Mar/2017:01:59:38 -0800] "GET / HTTP/1.0" 301 461 "-" "-" 
75.119.200.128 - - [03/Mar/2017:01:59:38 -0800] "GET / HTTP/1.0" 200 35378 "-" "-" 
175.0.220.146 - - [03/Mar/2017:02:00:29 -0800] "GET / HTTP/1.1" 200 10567 "http://weibo.com/ttarticle/p/show?id=2309351000224059911968401644" "Mozilla/5.0 (Windows NT 6.1; WOW64) AppleWebKit/537.36 (KHTML, like Gecko) Chrome/56.0.2924.87 Safari/537.36" 
175.0.220.146 - - [03/Mar/2017:02:00:30 -0800] "GET /twitter-icon.png HTTP/1.1" 200 27787 "http://www.secrepo.com/" "Mozilla/5.0 (Windows NT 6.1; WOW64) AppleWebKit/537.36 (KHTML, like Gecko) Chrome/56.0.2924.87 Safari/537.36" 
175.0.220.146 - - [03/Mar/2017:02:00:30 -0800] "GET /GitHub-Mark.png HTTP/1.1" 200 7428 "http://www.secrepo.com/" "Mozilla/5.0 (Windows NT 6.1; WOW64) AppleWebKit/537.36 (KHTML, like Gecko) Chrome/56.0.2924.87 Safari/537.36" 
175.0.220.146 - - [03/Mar/2017:02:00:33 -0800] "GET /bootstrap/img/favicon.ico HTTP/1.1" 200 590 "http://www.secrepo.com/" "Mozilla/5.0 (Windows NT 6.1; WOW64) AppleWebKit/537.36 (KHTML, like Gecko) Chrome/56.0.2924.87 Safari/537.36" 
68.180.228.156 - - [03/Mar/2017:02:10:26 -0800] "GET /self.logs/access.log.2016-03-01.gz HTTP/1.1" 200 9181 "-" "Mozilla/5.0 (compatible; Yahoo! Slurp; http://help.yahoo.com/help/us/ysearch/slurp)" 
68.180.228.156 - - [03/Mar/2017:02:19:06 -0800] "GET /self.logs/access.log.2015-11-03.gz HTTP/1.1" 200 7168 "-" "Mozilla/5.0 (compatible; Yahoo! Slurp; http://help.yahoo.com/help/us/ysearch/slurp)" 
31.223.170.141 - - [03/Mar/2017:02:27:59 -0800] "GET / HTTP/1.1" 301 483 "http://fsecurify.com/fwaf-machine-learning-driven-web-application-firewall/" "Mozilla/5.0 (X11; Linux x86_64) AppleWebKit/537.36 (KHTML, like Gecko) Chrome/56.0.2924.87 Safari/537.36" 
31.223.170.141 - - [03/Mar/2017:02:27:59 -0800] "GET / HTTP/1.1" 200 10567 "http://fsecurify.com/fwaf-machine-learning-driven-web-application-firewall/" "Mozilla/5.0 (X11; Linux x86_64) AppleWebKit/537.36 (KHTML, like Gecko) Chrome/56.0.2924.87 Safari/537.36" 
31.223.170.141 - - [03/Mar/2017:02:28:00 -0800] "GET /twitter-icon.png HTTP/1.1" 200 27787 "http://www.secrepo.com/" "Mozilla/5.0 (X11; Linux x86_64) AppleWebKit/537.36 (KHTML, like Gecko) Chrome/56.0.2924.87 Safari/537.36" 
31.223.170.141 - - [03/Mar/2017:02:28:00 -0800] "GET /GitHub-Mark.png HTTP/1.1" 200 7428 "http://www.secrepo.com/" "Mozilla/5.0 (X11; Linux x86_64) AppleWebKit/537.36 (KHTML, like Gecko) Chrome/56.0.2924.87 Safari/537.36" 
31.223.170.141 - - [03/Mar/2017:02:28:00 -0800] "GET /bootstrap/img/favicon.ico HTTP/1.1" 200 589 "http://www.secrepo.com/" "Mozilla/5.0 (X11; Linux x86_64) AppleWebKit/537.36 (KHTML, like Gecko) Chrome/56.0.2924.87 Safari/537.36" 
88.88.240.248 - - [03/Mar/2017:02:33:05 -0800] "GET /wp-login.php HTTP/1.1" 404 295 "-" "Mozilla/5.0 (Windows NT 6.1; WOW64; rv:40.0) Gecko/20100101 Firefox/40.1" 
88.88.240.248 - - [03/Mar/2017:02:33:06 -0800] "GET /wp-login.php HTTP/1.1" 404 294 "-" "Mozilla/5.0 (Windows NT 6.1; WOW64; rv:40.0) Gecko/20100101 Firefox/40.1" 
93.34.113.74 - - [03/Mar/2017:02:33:51 -0800] "GET /wp-login.php HTTP/1.1" 301 522 "-" "Mozilla/5.0 (Windows NT 6.1; WOW64; rv:40.0) Gecko/20100101 Firefox/40.1" 
93.34.113.74 - - [03/Mar/2017:02:33:52 -0800] "GET /wp-login.php HTTP/1.1" 404 295 "-" "Mozilla/5.0 (Windows NT 6.1; WOW64; rv:40.0) Gecko/20100101 Firefox/40.1" 
93.34.113.74 - - [03/Mar/2017:02:33:57 -0800] "GET /wp-login.php HTTP/1.1" 301 522 "-" "Mozilla/5.0 (Windows NT 6.1; WOW64; rv:40.0) Gecko/20100101 Firefox/40.1" 
93.34.113.74 - - [03/Mar/2017:02:33:57 -0800] "GET /wp-login.php HTTP/1.1" 404 295 "-" "Mozilla/5.0 (Windows NT 6.1; WOW64; rv:40.0) Gecko/20100101 Firefox/40.1" 
93.34.113.74 - - [03/Mar/2017:02:34:03 -0800] "GET / HTTP/1.1" 301 498 "-" "Mozilla/5.0 (Windows NT 6.1; WOW64; rv:40.0) Gecko/20100101 Firefox/40.1" 
93.34.113.74 - - [03/Mar/2017:02:34:03 -0800] "GET / HTTP/1.1" 200 35389 "-" "Mozilla/5.0 (Windows NT 6.1; WOW64; rv:40.0) Gecko/20100101 Firefox/40.1" 
54.211.191.174 - - [03/Mar/2017:02:34:49 -0800] "GET /robots.txt HTTP/1.1" 301 446 "-" "Googlebot (gocrawl v0.4)" 
54.211.191.174 - - [03/Mar/2017:02:34:50 -0800] "GET /robots.txt HTTP/1.1" 200 304 "http://secrepo.com/robots.txt" "Go 1.1 package http" 
83.149.126.98 - - [03/Mar/2017:02:34:59 -0800] "GET /robots.txt HTTP/1.1" 301 518 "-" "Mozilla/5.0 (compatible; MJ12bot/v1.4.8; http://mj12bot.com/)" 
83.149.126.98 - - [03/Mar/2017:02:35:00 -0800] "GET /robots.txt HTTP/1.1" 200 289 "-" "Mozilla/5.0 (compatible; MJ12bot/v1.4.8; http://mj12bot.com/)" 
83.149.126.98 - - [03/Mar/2017:02:35:01 -0800] "GET / HTTP/1.1" 301 442 "-" "Mozilla/5.0 (compatible; MJ12bot/v1.4.8; http://mj12bot.com/)" 
54.211.191.174 - - [03/Mar/2017:02:35:02 -0800] "GET / HTTP/1.1" 200 10511 "-" "Mozilla/5.0 (Windows NT 6.1; rv:15.0) Gecko/20120716 Firefox/15.0a2" 
83.149.126.98 - - [03/Mar/2017:02:35:04 -0800] "GET / HTTP/1.1" 200 35333 "-" "Mozilla/5.0 (compatible; MJ12bot/v1.4.8; http://mj12bot.com/)" 
218.248.4.14 - - [03/Mar/2017:02:35:57 -0800] "GET / HTTP/1.1" 200 10567 "https://www.google.co.in/" "Mozilla/5.0 (Windows NT 6.1) AppleWebKit/537.36 (KHTML, like Gecko) Chrome/56.0.2924.87 Safari/537.36" 
218.248.4.14 - - [03/Mar/2017:02:35:58 -0800] "GET /twitter-icon.png HTTP/1.1" 200 27787 "http://www.secrepo.com/" "Mozilla/5.0 (Windows NT 6.1) AppleWebKit/537.36 (KHTML, like Gecko) Chrome/56.0.2924.87 Safari/537.36" 
218.248.4.14 - - [03/Mar/2017:02:35:58 -0800] "GET /GitHub-Mark.png HTTP/1.1" 200 7428 "http://www.secrepo.com/" "Mozilla/5.0 (Windows NT 6.1) AppleWebKit/537.36 (KHTML, like Gecko) Chrome/56.0.2924.87 Safari/537.36" 
218.248.4.14 - - [03/Mar/2017:02:36:05 -0800] "GET /bootstrap/img/favicon.ico HTTP/1.1" 200 590 "http://www.secrepo.com/" "Mozilla/5.0 (Windows NT 6.1) AppleWebKit/537.36 (KHTML, like Gecko) Chrome/56.0.2924.87 Safari/537.36" 
68.180.228.156 - - [03/Mar/2017:02:52:06 -0800] "GET /self.logs/access.log.2016-12-26.gz HTTP/1.1" 200 8842 "-" "Mozilla/5.0 (compatible; Yahoo! Slurp; http://help.yahoo.com/help/us/ysearch/slurp)" 
