199.59.148.210 - - [26/Mar/2015:01:47:35 -0700] "GET /robots.txt HTTP/1.1" 200 304 "-" "Twitterbot/1.0" 
199.59.148.210 - - [26/Mar/2015:01:47:35 -0700] "GET /honeypot/Honeypot%20-%20Howto%20-%20BSides%20Austin.pdf HTTP/1.1" 200 2928404 "-" "Twitterbot/1.0" 
104.130.161.115 - - [26/Mar/2015:01:51:38 -0700] "GET /honeypot/BSidesDFW HTTP/1.1" 301 460 "-" "Tornado-Async-Client" 
104.130.161.115 - - [26/Mar/2015:01:51:38 -0700] "GET /honeypot/BSidesDFW HTTP/1.1" 404 284 "-" "Tornado-Async-Client" 
104.130.161.114 - - [26/Mar/2015:02:37:05 -0700] "GET /honeypot/BSidesDFW%20-%202014.ipynb HTTP/1.1" 301 484 "-" "Tornado-Async-Client" 
104.130.161.114 - - [26/Mar/2015:02:37:05 -0700] "GET /honeypot/BSidesDFW%20-%202014.ipynb HTTP/1.1" 200 930780 "-" "Tornado-Async-Client" 
95.24.46.126 - - [26/Mar/2015:03:14:38 -0700] "GET / HTTP/1.1" 200 6770 "http://yandex.ru/clck/jsredir?from=yandex.ru%3Byandsearch%3Bweb%3B%3B&text=&etext=639.XjqzWK9ws0SkuGLgV79VzBJP75ORcu6W1eQ96xj1XAjJ9zznxnHx95JdjmbKs15l.093c05659b497d915ab04b61acfa8096a1a190f8&uuid=&state=AiuY0DBWFJ4ePaEse6rgeAjgs2pI3DW9J0KiE5XNXd0dp0ZMwFHoviUoYa6nzP7MFsomsouu4qcYXEUvdg2lKETC6qle1VKWLCtLb0cSk8_hv9-Eyr8vxusYJfHeT6hgLdDp-rRp-kk1r_nuhlO9daSmvl4BQodgq9XTaw8vvK9GlaruoIcxAmxmNX_tRedyP7mnjfZOQIwOSRMX7OXOLg&data=UlNrNmk5WktYejR0eWJFYk1LdmtxdFVvX2JPZzkyaEU2WFNsdVNGUmVZbU91UHlqSWwyc08yUTNLSS1LMWRyRUhRXzB0MlFyM1ZIRG5MVTdVdHNzNjBuOFdlM0I2TE9FdmhIU1VSU1B1M0E&b64e=2&sign=8106ec052ef68116dca2dfbb2532522f&keyno=0&l10n=ru&cts=1427364129422&mc=5.46381200485" "Opera/9.80 (Windows NT 6.1; WOW64) Presto/2.12.388 Version/12.14" 
95.24.46.126 - - [26/Mar/2015:03:14:39 -0700] "GET /twitter-icon.png HTTP/1.1" 200 27751 "http://www.secrepo.com/" "Opera/9.80 (Windows NT 6.1; WOW64) Presto/2.12.388 Version/12.14" 
199.59.148.211 - - [26/Mar/2015:03:46:42 -0700] "GET /robots.txt HTTP/1.1" 200 304 "-" "Twitterbot/1.0" 
199.59.148.211 - - [26/Mar/2015:03:46:42 -0700] "GET /honeypot/honeypot.json.zip HTTP/1.1" 200 4631817 "-" "Twitterbot/1.0" 
192.54.145.66 - - [26/Mar/2015:03:52:09 -0700] "GET / HTTP/1.1" 301 483 "-" "Mozilla/5.0 (compatible; MSIE 9.0; Windows NT 6.1; WOW64; Trident/5.0)" 
192.54.145.66 - - [26/Mar/2015:03:52:10 -0700] "GET / HTTP/1.1" 200 6807 "-" "Mozilla/5.0 (compatible; MSIE 9.0; Windows NT 6.1; WOW64; Trident/5.0)" 
192.54.145.66 - - [26/Mar/2015:03:52:10 -0700] "GET /twitter-icon.png HTTP/1.1" 200 27788 "http://www.secrepo.com/" "Mozilla/5.0 (compatible; MSIE 9.0; Windows NT 6.1; WOW64; Trident/5.0)" 
192.54.145.66 - - [26/Mar/2015:03:52:11 -0700] "GET /bootstrap/img/favicon.ico HTTP/1.1" 200 589 "-" "Mozilla/5.0 (compatible; MSIE 9.0; Windows NT 6.1; WOW64; Trident/5.0)" 
123.125.71.86 - - [26/Mar/2015:04:04:57 -0700] "GET /robots.txt HTTP/1.1" 200 297 "-" "Mozilla/5.0 (Windows NT 5.1; rv:6.0.2) Gecko/20100101 Firefox/6.0.2" 
220.181.108.148 - - [26/Mar/2015:04:06:39 -0700] "GET / HTTP/1.1" 200 6770 "-" "Mozilla/5.0 (compatible; Baiduspider/2.0; +http://www.baidu.com/search/spider.html)" 
199.16.156.125 - - [26/Mar/2015:05:58:37 -0700] "GET /robots.txt HTTP/1.1" 200 304 "-" "Twitterbot/1.0" 
199.16.156.125 - - [26/Mar/2015:05:58:37 -0700] "GET /honeypot/Honeypot%20-%20Howto%20-%20BSides%20Austin.pdf HTTP/1.1" 200 2928404 "-" "Twitterbot/1.0" 
162.244.15.75 - - [26/Mar/2015:06:19:15 -0700] "GET /honeypot/Honeypot - Howto.pdf HTTP/1.1" 404 340 "http://www.secrepo.com/" "Mozilla/5.0 (Android; Mobile; rv:34.0) Gecko/34.0 Firefox/34.0" 
162.244.15.75 - - [26/Mar/2015:06:19:16 -0700] "GET / HTTP/1.1" 200 6806 "http://www.secrepo.com" "Mozilla/5.0 (Android; Mobile; rv:34.0) Gecko/34.0 Firefox/34.0" 
199.16.156.125 - - [26/Mar/2015:06:20:10 -0700] "GET /robots.txt HTTP/1.1" 200 304 "-" "Twitterbot/1.0" 
199.16.156.125 - - [26/Mar/2015:06:20:10 -0700] "GET /honeypot/honeypot.json.zip HTTP/1.1" 200 4631817 "-" "Twitterbot/1.0" 
199.16.156.126 - - [26/Mar/2015:07:10:45 -0700] "GET /robots.txt HTTP/1.1" 200 304 "-" "Twitterbot/1.0" 
199.16.156.126 - - [26/Mar/2015:07:10:45 -0700] "GET /honeypot/honeypot.json.zip HTTP/1.1" 200 4631817 "-" "Twitterbot/1.0" 
104.130.161.114 - - [26/Mar/2015:07:13:04 -0700] "GET /honeypot/BSidesDFW%20-%202014.ipynb HTTP/1.1" 301 484 "-" "Tornado-Async-Client" 
104.130.161.114 - - [26/Mar/2015:07:13:04 -0700] "GET /honeypot/BSidesDFW%20-%202014.ipynb HTTP/1.1" 200 930780 "-" "Tornado-Async-Client" 
199.16.156.124 - - [26/Mar/2015:07:53:42 -0700] "GET /robots.txt HTTP/1.1" 200 304 "-" "Twitterbot/1.0" 
199.16.156.124 - - [26/Mar/2015:07:53:42 -0700] "GET /robots.txt HTTP/1.1" 200 304 "-" "Twitterbot/1.0" 
199.16.156.124 - - [26/Mar/2015:07:53:42 -0700] "GET /honeypot/Honeypot%20-%20Howto%20-%20BSides%20Austin.pdf HTTP/1.1" 200 2928404 "-" "Twitterbot/1.0" 
199.16.156.124 - - [26/Mar/2015:07:53:42 -0700] "GET /honeypot/honeypot.json.zip HTTP/1.1" 200 4631817 "-" "Twitterbot/1.0" 
104.130.161.115 - - [26/Mar/2015:08:00:33 -0700] "GET /honeypot/BSidesDFW%20-%202014.ipynb HTTP/1.1" 301 484 "-" "Tornado-Async-Client" 
104.130.161.115 - - [26/Mar/2015:08:00:33 -0700] "GET /honeypot/BSidesDFW%20-%202014.ipynb HTTP/1.1" 200 930780 "-" "Tornado-Async-Client" 
198.27.64.33 - - [26/Mar/2015:08:16:26 -0700] "GET /robots.txt HTTP/1.0" 200 252 "-" "Mozilla/5.0 (compatible; MJ12bot/v1.4.5; http://www.majestic12.co.uk/bot.php?+)" 
198.27.64.33 - - [26/Mar/2015:08:16:32 -0700] "GET /honeypot//%22http://amunhoney.sourceforge.net//%22 HTTP/1.0" 404 284 "-" "Mozilla/5.0 (compatible; MJ12bot/v1.4.5; http://www.majestic12.co.uk/bot.php?+)" 
198.27.64.33 - - [26/Mar/2015:08:16:41 -0700] "GET /honeypot//%22http://glastopf.org//%22 HTTP/1.0" 404 303 "-" "Mozilla/5.0 (compatible; MJ12bot/v1.4.5; http://www.majestic12.co.uk/bot.php?+)" 
198.27.64.33 - - [26/Mar/2015:08:16:50 -0700] "GET /honeypot//%22http://www.maxmind.com/%22 HTTP/1.0" 404 303 "-" "Mozilla/5.0 (compatible; MJ12bot/v1.4.5; http://www.majestic12.co.uk/bot.php?+)" 
198.27.64.33 - - [26/Mar/2015:08:16:57 -0700] "GET /honeypot//%22https://twitter.com/sooshie/%22 HTTP/1.0" 404 303 "-" "Mozilla/5.0 (compatible; MJ12bot/v1.4.5; http://www.majestic12.co.uk/bot.php?+)" 
198.27.64.33 - - [26/Mar/2015:08:17:04 -0700] "GET /honeypot//%22https://twitter.com/theroxyd/%22 HTTP/1.0" 404 303 "-" "Mozilla/5.0 (compatible; MJ12bot/v1.4.5; http://www.majestic12.co.uk/bot.php?+)" 
150.135.211.246 - - [26/Mar/2015:08:31:33 -0700] "GET /bootstrap/img/favicon.ico HTTP/1.1" 200 590 "-" "Mozilla/5.0 (Macintosh; Intel Mac OS X 10_10_2) AppleWebKit/537.36 (KHTML, like Gecko) Chrome/42.0.2311.60 Safari/537.36" 
66.249.67.152 - - [26/Mar/2015:08:34:44 -0700] "GET /robots.txt HTTP/1.1" 200 334 "-" "Mozilla/5.0 (compatible; Googlebot/2.1; +http://www.google.com/bot.html)" 
66.249.67.8 - - [26/Mar/2015:08:34:44 -0700] "GET / HTTP/1.1" 200 6807 "-" "Mozilla/5.0 (iPhone; CPU iPhone OS 6_0 like Mac OS X) AppleWebKit/536.26 (KHTML, like Gecko) Version/6.0 Mobile/10A5376e Safari/8536.25 (compatible; Googlebot/2.1; +http://www.google.com/bot.html)" 
199.16.156.126 - - [26/Mar/2015:08:43:34 -0700] "GET /robots.txt HTTP/1.1" 200 304 "-" "Twitterbot/1.0" 
199.16.156.125 - - [26/Mar/2015:08:43:34 -0700] "GET /robots.txt HTTP/1.1" 200 304 "-" "Twitterbot/1.0" 
199.16.156.125 - - [26/Mar/2015:08:43:34 -0700] "GET /honeypot/honeypot.json.zip HTTP/1.1" 200 4631817 "-" "Twitterbot/1.0" 
199.16.156.126 - - [26/Mar/2015:08:43:34 -0700] "GET /honeypot/Honeypot%20-%20Howto%20-%20BSides%20Austin.pdf HTTP/1.1" 200 2928404 "-" "Twitterbot/1.0" 
173.252.112.118 - - [26/Mar/2015:09:25:09 -0700] "GET /twitter-icon.png HTTP/1.1" 200 27788 "-" "facebookexternalhit/1.1 (+http://www.facebook.com/externalhit_uatext.php)" 
199.16.156.126 - - [26/Mar/2015:09:43:21 -0700] "GET /robots.txt HTTP/1.1" 200 304 "-" "Twitterbot/1.0" 
199.16.156.125 - - [26/Mar/2015:09:43:21 -0700] "GET /robots.txt HTTP/1.1" 200 304 "-" "Twitterbot/1.0" 
199.16.156.125 - - [26/Mar/2015:09:43:21 -0700] "GET /honeypot/Honeypot%20-%20Howto%20-%20BSides%20Austin.pdf HTTP/1.1" 200 2928404 "-" "Twitterbot/1.0" 
199.16.156.126 - - [26/Mar/2015:09:43:21 -0700] "GET /honeypot/honeypot.json.zip HTTP/1.1" 200 4631817 "-" "Twitterbot/1.0" 
180.76.5.194 - - [26/Mar/2015:09:48:41 -0700] "GET /self.logs/?C=S;O=D HTTP/1.1" 200 1950 "-" "Mozilla/5.0 (compatible; Baiduspider/2.0; +http://www.baidu.com/search/spider.html)" 
178.137.18.185 - - [26/Mar/2015:09:57:50 -0700] "GET /honeypot/BSidesDFW%2520-%25202014.ipynb HTTP/1.1" 404 239 "http://www.kirpich-kupit.ru/" "Mozilla/4.0 (compatible; MSIE 6.0; Windows NT 5.2; Win64; x64; SV1; .NET CLR 2.0.50727)" 
178.137.18.185 - - [26/Mar/2015:09:57:50 -0700] "GET /honeypot/BSidesDFW%2520-%25202014.ipynb HTTP/1.1" 404 239 "http://krasnodar-split-system.ru/" "Mozilla/4.0 (compatible; MSIE 6.0; Windows NT 5.1; SV1; .NET CLR 1.0.3705; .NET CLR 1.1.4322; .NET CLR 2.0.40607)" 
178.137.18.185 - - [26/Mar/2015:09:57:50 -0700] "GET /honeypot/BSidesDFW%2520-%25202014.ipynb HTTP/1.1" 404 239 "http://www.kirpich-kupit.ru/" "Mozilla/4.0 (compatible; MSIE 6.0; Windows NT 5.2; Win64; x64; SV1; .NET CLR 2.0.50727)" 
178.137.18.185 - - [26/Mar/2015:09:57:50 -0700] "GET /honeypot/BSidesDFW%2520-%25202014.ipynb HTTP/1.1" 404 239 "http://krasnodar-split-system.ru/" "Mozilla/4.0 (compatible; MSIE 6.0; Windows NT 5.1; SV1; .NET CLR 1.0.3705; .NET CLR 1.1.4322; .NET CLR 2.0.40607)" 
178.137.18.185 - - [26/Mar/2015:09:57:51 -0700] "GET /honeypot/BSidesDFW%2520-%25202014.ipynb HTTP/1.1" 404 239 "http://www.knowed.ru/" "Mozilla/4.0 (compatible; MSIE 6.0; Windows NT 5.1; .NET CLR 1.1.4322)" 
178.137.18.185 - - [26/Mar/2015:09:57:51 -0700] "GET /honeypot/BSidesDFW%2520-%25202014.ipynb HTTP/1.1" 404 239 "http://www.kirpich-kupit.ru/" "Mozilla/4.0 (compatible; MSIE 6.0; Windows NT 5.2; Win64; x64; SV1; .NET CLR 2.0.50727)" 
178.137.18.185 - - [26/Mar/2015:09:57:51 -0700] "GET /honeypot/BSidesDFW%2520-%25202014.ipynb HTTP/1.1" 404 239 "http://krasnodar-split-system.ru/" "Mozilla/4.0 (compatible; MSIE 6.0; Windows NT 5.1; SV1; .NET CLR 1.0.3705; .NET CLR 1.1.4322; .NET CLR 2.0.40607)" 
178.137.18.185 - - [26/Mar/2015:09:57:51 -0700] "GET /honeypot/BSidesDFW%2520-%25202014.ipynb HTTP/1.1" 404 239 "http://www.knowed.ru/" "Mozilla/4.0 (compatible; MSIE 6.0; Windows NT 5.1; .NET CLR 1.1.4322)" 
178.137.18.185 - - [26/Mar/2015:09:57:52 -0700] "GET /honeypot/BSidesDFW%2520-%25202014.ipynb HTTP/1.1" 404 239 "http://www.knowed.ru/" "Mozilla/4.0 (compatible; MSIE 6.0; Windows NT 5.1; .NET CLR 1.1.4322)" 
199.16.156.126 - - [26/Mar/2015:10:19:30 -0700] "GET /robots.txt HTTP/1.1" 200 304 "-" "Twitterbot/1.0" 
199.16.156.126 - - [26/Mar/2015:10:19:30 -0700] "GET /honeypot/Honeypot%20-%20Howto%20-%20BSides%20Austin.pdf HTTP/1.1" 200 2928404 "-" "Twitterbot/1.0" 
64.129.148.114 - - [26/Mar/2015:11:25:14 -0700] "GET / HTTP/1.1" 200 6807 "-" "Mozilla/5.0 (iPhone; CPU iPhone OS 8_2 like Mac OS X) AppleWebKit/600.1.4 (KHTML, like Gecko) CriOS/41.0.2272.58 Mobile/12D508 Safari/600.1.4" 
64.129.148.114 - - [26/Mar/2015:11:25:15 -0700] "GET /twitter-icon.png HTTP/1.1" 200 27787 "http://www.secrepo.com/" "Mozilla/5.0 (iPhone; CPU iPhone OS 8_2 like Mac OS X) AppleWebKit/600.1.4 (KHTML, like Gecko) CriOS/41.0.2272.58 Mobile/12D508 Safari/600.1.4" 
64.129.148.114 - - [26/Mar/2015:11:25:15 -0700] "GET /bootstrap/img/favicon.ico HTTP/1.1" 200 590 "-" "Mozilla/5.0 (iPhone; CPU iPhone OS 8_2 like Mac OS X) AppleWebKit/600.1.4 (KHTML, like Gecko) CriOS/41.0.2272.58 Mobile/12D508 Safari/600.1.4" 
46.119.118.191 - - [26/Mar/2015:11:28:41 -0700] "GET /honeypot/BSidesDFW%2520-%25202014.ipynb HTTP/1.1" 404 239 "http://wcw.su/" "Mozilla/4.0 (compatible; MSIE 6.0; Windows NT 5.0)" 
46.119.118.191 - - [26/Mar/2015:11:28:41 -0700] "GET /honeypot/BSidesDFW%2520-%25202014.ipynb HTTP/1.1" 404 239 "http://wcw.su/" "Mozilla/4.0 (compatible; MSIE 6.0; Windows NT 5.0)" 
46.119.118.191 - - [26/Mar/2015:11:28:42 -0700] "GET /honeypot/BSidesDFW%2520-%25202014.ipynb HTTP/1.1" 404 239 "http://wcw.su/" "Mozilla/4.0 (compatible; MSIE 6.0; Windows NT 5.0)" 
199.16.156.126 - - [26/Mar/2015:11:32:45 -0700] "GET /robots.txt HTTP/1.1" 200 304 "-" "Twitterbot/1.0" 
199.16.156.126 - - [26/Mar/2015:11:32:45 -0700] "GET /honeypot/Honeypot%20-%20Howto%20-%20BSides%20Austin.pdf HTTP/1.1" 200 2928404 "-" "Twitterbot/1.0" 
199.19.249.196 - - [26/Mar/2015:11:39:36 -0700] "GET /honeypot/Honeypot%20-%20Howto.pdf HTTP/1.1" 200 282800 "-" "Mozilla/4.0 (compatible; MSIE 7.0; Windows NT 5.1; InfoPath.1; .NET CLR 2.0.50727; .NET CLR 1.1.4322; MS-RTC LM 8; .NET CLR 3.0.4506.2152; .NET CLR 3.5.30729)" 
159.53.46.143 - - [26/Mar/2015:11:39:37 -0700] "GET /honeypot/Honeypot%20-%20Howto.pdf HTTP/1.1" 200 100740 "http://www.google.com/url?sa=t&rct=j&q=&esrc=s&source=web&cd=7&ved=0CEQQFjAG&url=http%3A%2F%2Fwww.secrepo.com%2Fhoneypot%2FHoneypot%2520-%2520Howto.pdf&ei=DFIUVYDcHpe_sQTui4CYCQ&usg=AFQjCNEaovwF-qnAaTQC7apCn-rY_g7a5A" "Mozilla/5.0 (Windows NT 6.1; WOW64; rv:24.0) Gecko/20100101 Firefox/24.0" 
159.53.46.143 - - [26/Mar/2015:11:39:38 -0700] "GET /favicon.ico HTTP/1.1" 200 268 "-" "Mozilla/5.0 (Windows NT 6.1; WOW64; rv:24.0) Gecko/20100101 Firefox/24.0" 
178.137.19.161 - - [26/Mar/2015:11:56:38 -0700] "GET /wp-login.php HTTP/1.1" 301 466 "-" "-" 
178.137.19.161 - - [26/Mar/2015:11:56:39 -0700] "GET /wp-login.php HTTP/1.1" 404 303 "-" "-" 
178.137.19.161 - - [26/Mar/2015:11:56:39 -0700] "GET /administrator/index.php HTTP/1.1" 301 487 "-" "-" 
178.137.19.161 - - [26/Mar/2015:11:56:40 -0700] "GET /administrator/index.php HTTP/1.1" 404 303 "-" "-" 
178.137.19.161 - - [26/Mar/2015:11:56:40 -0700] "GET / HTTP/1.1" 301 446 "-" "-" 
178.137.19.161 - - [26/Mar/2015:11:56:40 -0700] "GET / HTTP/1.1" 200 6770 "-" "-" 
104.130.161.115 - - [26/Mar/2015:12:28:05 -0700] "GET /honeypot/BSidesDFW%20-%202014.ipynb HTTP/1.1" 301 484 "-" "Tornado-Async-Client" 
104.130.161.115 - - [26/Mar/2015:12:28:05 -0700] "GET /honeypot/BSidesDFW%20-%202014.ipynb HTTP/1.1" 200 930780 "-" "Tornado-Async-Client" 
109.120.157.179 - - [26/Mar/2015:13:01:56 -0700] "GET /honeypot/BSidesDFW%2520-%25202014.ipynb HTTP/1.1" 404 239 "http://www.artparquet.ru/" "Mozilla/5.0 (compatible; Add Catalog/2.1;)" 
109.120.157.179 - - [26/Mar/2015:13:01:57 -0700] "GET /honeypot/BSidesDFW%2520-%25202014.ipynb HTTP/1.1" 404 239 "http://www.artparquet.ru/" "Mozilla/5.0 (compatible; Add Catalog/2.1;)" 
109.120.157.179 - - [26/Mar/2015:13:01:57 -0700] "GET /honeypot/BSidesDFW%2520-%25202014.ipynb HTTP/1.1" 404 239 "http://www.artparquet.ru/" "Mozilla/5.0 (compatible; Add Catalog/2.1;)" 
62.210.180.9 - - [26/Mar/2015:13:23:46 -0700] "GET /honeypot/BSidesDFW HTTP/1.0" 301 497 "http://secrepo.com/honeypot/BSidesDFW" "Mozilla/5.0 (Windows NT 6.1; WOW64; rv:33.0) Gecko/20100101 Firefox/33.0" 
62.210.180.9 - - [26/Mar/2015:13:23:47 -0700] "GET /honeypot/BSidesDFW HTTP/1.0" 404 284 "http://www.secrepo.com/honeypot/BSidesDFW" "Mozilla/5.0 (Windows NT 6.1; WOW64; rv:33.0) Gecko/20100101 Firefox/33.0" 
111.172.104.166 - - [26/Mar/2015:14:21:12 -0700] "GET /honeypot/Honeypot+-+Howto.pdf HTTP/1.0" 404 284 "http://www.secrepo.com/honeypot/Honeypot+-+Howto.pdf" "Mozilla/5.0 (Windows NT 6.3) AppleWebKit/537.36 (KHTML, like Gecko) Chrome/39.0.2171.71 Safari/537.36" 
111.172.104.166 - - [26/Mar/2015:14:21:13 -0700] "GET / HTTP/1.0" 200 22134 "http://www.secrepo.com/" "Mozilla/5.0 (Windows NT 6.3) AppleWebKit/537.36 (KHTML, like Gecko) Chrome/39.0.2171.71 Safari/537.36" 
104.130.161.115 - - [26/Mar/2015:14:33:17 -0700] "GET /honeypot/BSidesDFW%20-%202014.ipynb HTTP/1.1" 301 484 "-" "Tornado-Async-Client" 
104.130.161.115 - - [26/Mar/2015:14:33:17 -0700] "GET /honeypot/BSidesDFW%20-%202014.ipynb HTTP/1.1" 200 930780 "-" "Tornado-Async-Client" 
62.210.206.26 - - [26/Mar/2015:14:33:17 -0700] "GET /honeypot/BSidesDFW%20-%202014.ipynb HTTP/1.1" 200 518300 "-" "Mozilla/4.0 (compatible; MSIE 6.0; Windows NT 5.1)" 
173.248.165.101 - - [26/Mar/2015:15:12:59 -0700] "GET /CFIDE/adminapi/base.cfc?wsdl HTTP/1.1" 404 295 "-" "Mozilla/5.0 (compatible; MSIE 9.0; Windows NT 6.1; Trident/5.0)" 
76.233.2.251 - - [26/Mar/2015:16:12:12 -0700] "GET / HTTP/1.1" 301 498 "-" "Mozilla/5.0 (Windows NT 6.1; WOW64; rv:32.0) Gecko/20100101 Firefox/32.0" 
76.233.2.251 - - [26/Mar/2015:16:12:12 -0700] "GET / HTTP/1.1" 200 22145 "-" "Mozilla/5.0 (Windows NT 6.1; WOW64; rv:32.0) Gecko/20100101 Firefox/32.0" 
76.233.2.251 - - [26/Mar/2015:16:12:12 -0700] "GET /bootstrap/img/favicon.ico HTTP/1.1" 200 589 "-" "Mozilla/5.0 (Windows NT 6.1; WOW64; rv:32.0) Gecko/20100101 Firefox/32.0" 
76.233.2.251 - - [26/Mar/2015:16:12:12 -0700] "GET /twitter-icon.png HTTP/1.1" 200 27787 "http://www.secrepo.com/" "Mozilla/5.0 (Windows NT 6.1; WOW64; rv:32.0) Gecko/20100101 Firefox/32.0" 
199.16.156.125 - - [26/Mar/2015:16:25:05 -0700] "GET /robots.txt HTTP/1.1" 200 304 "-" "Twitterbot/1.0" 
199.16.156.125 - - [26/Mar/2015:16:25:05 -0700] "GET /honeypot/honeypot.json.zip HTTP/1.1" 200 4631817 "-" "Twitterbot/1.0" 
199.16.156.124 - - [26/Mar/2015:16:26:57 -0700] "GET /robots.txt HTTP/1.1" 200 304 "-" "Twitterbot/1.0" 
199.16.156.124 - - [26/Mar/2015:16:26:57 -0700] "GET /honeypot/Honeypot%20-%20Howto%20-%20BSides%20Austin.pdf HTTP/1.1" 200 2928404 "-" "Twitterbot/1.0" 
199.16.156.124 - - [26/Mar/2015:16:31:44 -0700] "GET /robots.txt HTTP/1.1" 200 304 "-" "Twitterbot/1.0" 
199.16.156.124 - - [26/Mar/2015:16:31:44 -0700] "GET / HTTP/1.1" 200 6751 "-" "Twitterbot/1.0" 
177.10.249.82 - - [26/Mar/2015:16:47:36 -0700] "GET /honeypot/BSidesDFW+-+2014.ipynb HTTP/1.1" 404 295 "http://www.secrepo.com/honeypot/BSidesDFW+-+2014.ipynb" "Mozilla/5.0 (Windows NT 6.1; WOW64; rv:33.0) Gecko/20100101 Firefox/33.0" 
119.90.127.2 - - [26/Mar/2015:16:48:00 -0700] "GET /honeypot/BSidesDFW+-+2014.ipynb HTTP/1.1" 404 295 "http://www.secrepo.com/honeypot/BSidesDFW+-+2014.ipynb" "Mozilla/5.0 (Windows NT 6.1; WOW64; rv:33.0) Gecko/20100101 Firefox/33.0" 
104.130.161.114 - - [26/Mar/2015:16:48:12 -0700] "GET /honeypot/BSidesDFW%2B-%2B2014.ipynb HTTP/1.1" 301 486 "-" "Tornado-Async-Client" 
104.130.161.114 - - [26/Mar/2015:16:48:12 -0700] "GET /honeypot/BSidesDFW+-+2014.ipynb HTTP/1.1" 404 284 "-" "Tornado-Async-Client" 
221.204.223.248 - - [26/Mar/2015:16:48:23 -0700] "GET /honeypot/BSidesDFW+-+2014.ipynb HTTP/1.1" 404 295 "http://www.secrepo.com/honeypot/BSidesDFW+-+2014.ipynb" "Mozilla/5.0 (Windows NT 6.1; WOW64; rv:33.0) Gecko/20100101 Firefox/33.0" 
221.204.223.248 - - [26/Mar/2015:16:48:25 -0700] "GET /honeypot/BSidesDFW+-+2014.ipynb HTTP/1.1" 404 295 "http://www.secrepo.com/honeypot/BSidesDFW+-+2014.ipynb" "Mozilla/5.0 (Windows NT 6.1; WOW64; rv:33.0) Gecko/20100101 Firefox/33.0" 
221.204.223.248 - - [26/Mar/2015:16:48:27 -0700] "GET /honeypot/BSidesDFW+-+2014.ipynb HTTP/1.1" 404 295 "http://www.secrepo.com/honeypot/BSidesDFW+-+2014.ipynb" "Mozilla/5.0 (Windows NT 6.1; WOW64; rv:33.0) Gecko/20100101 Firefox/33.0" 
104.130.161.114 - - [26/Mar/2015:16:48:41 -0700] "GET /honeypot/BSidesDFW%2B-%2B2014.ipynb HTTP/1.1" 301 486 "-" "Tornado-Async-Client" 
104.130.161.114 - - [26/Mar/2015:16:48:41 -0700] "GET /honeypot/BSidesDFW+-+2014.ipynb HTTP/1.1" 404 284 "-" "Tornado-Async-Client" 
104.130.161.114 - - [26/Mar/2015:16:49:29 -0700] "GET /honeypot/BSidesDFW%2B-%2B2014.ipynb HTTP/1.1" 301 486 "-" "Tornado-Async-Client" 
104.130.161.114 - - [26/Mar/2015:16:49:29 -0700] "GET /honeypot/BSidesDFW+-+2014.ipynb HTTP/1.1" 404 284 "-" "Tornado-Async-Client" 
213.136.81.79 - - [26/Mar/2015:16:49:55 -0700] "GET /honeypot/BSidesDFW+-+2014.ipynb HTTP/1.1" 404 295 "http://www.secrepo.com/honeypot/BSidesDFW+-+2014.ipynb" "Mozilla/5.0 (Windows NT 6.1; WOW64; rv:33.0) Gecko/20100101 Firefox/33.0" 
104.130.161.114 - - [26/Mar/2015:16:49:55 -0700] "GET /honeypot/BSidesDFW%2B-%2B2014.ipynb HTTP/1.1" 301 486 "-" "Tornado-Async-Client" 
104.130.161.114 - - [26/Mar/2015:16:49:55 -0700] "GET /honeypot/BSidesDFW+-+2014.ipynb HTTP/1.1" 404 284 "-" "Tornado-Async-Client" 
183.207.228.14 - - [26/Mar/2015:16:50:19 -0700] "GET /honeypot/BSidesDFW+-+2014.ipynb HTTP/1.1" 404 239 "http://www.secrepo.com/honeypot/BSidesDFW+-+2014.ipynb" "Mozilla/5.0 (Windows NT 6.1; WOW64; rv:33.0) Gecko/20100101 Firefox/33.0" 
104.130.161.114 - - [26/Mar/2015:16:51:07 -0700] "GET /honeypot/BSidesDFW%2B-%2B2014.ipynb HTTP/1.1" 301 486 "-" "Tornado-Async-Client" 
104.130.161.114 - - [26/Mar/2015:16:51:07 -0700] "GET /honeypot/BSidesDFW+-+2014.ipynb HTTP/1.1" 404 284 "-" "Tornado-Async-Client" 
195.211.154.40 - - [26/Mar/2015:16:51:23 -0700] "GET http://www.secrepo.com/honeypot/BSidesDFW+-+2014.ipynb HTTP/1.0" 404 284 "http://www.secrepo.com/honeypot/BSidesDFW+-+2014.ipynb" "Mozilla/5.0 (Windows NT 6.1; WOW64; rv:33.0) Gecko/20100101 Firefox/33.0" 
17.142.152.109 - - [26/Mar/2015:17:03:17 -0700] "GET /robots.txt HTTP/1.1" 200 334 "-" "Mozilla/5.0 (Macintosh; Intel Mac OS X 10_10_1) AppleWebKit/600.2.5 (KHTML, like Gecko) Version/8.0.2 Safari/600.2.5 (Applebot/0.1; +http://www.apple.com/go/applebot)" 
17.142.151.236 - - [26/Mar/2015:17:03:18 -0700] "GET /robots.txt HTTP/1.1" 200 334 "-" "Mozilla/5.0 (Macintosh; Intel Mac OS X 10_10_1) AppleWebKit/600.2.5 (KHTML, like Gecko) Version/8.0.2 Safari/600.2.5 (Applebot/0.1; +http://www.apple.com/go/applebot)" 
17.142.152.109 - - [26/Mar/2015:17:03:17 -0700] "GET /honeypot/Honeypot%20-%20Howto%20-%20BSides%20Austin.pdf HTTP/1.1" 200 2928460 "-" "Mozilla/5.0 (Macintosh; Intel Mac OS X 10_10_1) AppleWebKit/600.2.5 (KHTML, like Gecko) Version/8.0.2 Safari/600.2.5 (Applebot/0.1; +http://www.apple.com/go/applebot)" 
17.142.151.236 - - [26/Mar/2015:17:03:18 -0700] "GET /honeypot/Honeypot%20-%20Howto%20-%20BSides%20Austin.pdf HTTP/1.1" 200 2928460 "-" "Mozilla/5.0 (Macintosh; Intel Mac OS X 10_10_1) AppleWebKit/600.2.5 (KHTML, like Gecko) Version/8.0.2 Safari/600.2.5 (Applebot/0.1; +http://www.apple.com/go/applebot)" 
176.8.89.30 - - [26/Mar/2015:17:44:08 -0700] "GET /honeypot/BSidesDFW%2520-%25202014.ipynb HTTP/1.1" 404 239 "http://fixprice.xoztovari.ru/" "Mozilla/4.0 (compatible; MSIE 7.0b; Windows NT 6.0)" 
176.8.89.30 - - [26/Mar/2015:17:44:08 -0700] "GET /honeypot/BSidesDFW%2520-%25202014.ipynb HTTP/1.1" 404 239 "http://mosrif.ru/" "Mozilla/4.0 (compatible; MSIE 7.0b; Windows NT 6.0)" 
176.8.89.30 - - [26/Mar/2015:17:44:09 -0700] "GET /honeypot/BSidesDFW%2520-%25202014.ipynb HTTP/1.1" 404 239 "http://fixprice.xoztovari.ru/" "Mozilla/4.0 (compatible; MSIE 7.0b; Windows NT 6.0)" 
176.8.89.30 - - [26/Mar/2015:17:44:09 -0700] "GET /honeypot/BSidesDFW%2520-%25202014.ipynb HTTP/1.1" 404 239 "http://mosrif.ru/" "Mozilla/4.0 (compatible; MSIE 7.0b; Windows NT 6.0)" 
176.8.89.30 - - [26/Mar/2015:17:44:10 -0700] "GET /honeypot/BSidesDFW%2520-%25202014.ipynb HTTP/1.1" 404 239 "http://fixprice.xoztovari.ru/" "Mozilla/4.0 (compatible; MSIE 7.0b; Windows NT 6.0)" 
176.8.89.30 - - [26/Mar/2015:17:44:10 -0700] "GET /honeypot/BSidesDFW%2520-%25202014.ipynb HTTP/1.1" 404 239 "http://mosrif.ru/" "Mozilla/4.0 (compatible; MSIE 7.0b; Windows NT 6.0)" 
104.130.161.115 - - [26/Mar/2015:18:00:57 -0700] "GET /honeypot/BSidesDFW%20-%202014.ipynb HTTP/1.1" 301 484 "-" "Tornado-Async-Client" 
104.130.161.115 - - [26/Mar/2015:18:00:57 -0700] "GET /honeypot/BSidesDFW%20-%202014.ipynb HTTP/1.1" 200 930780 "-" "Tornado-Async-Client" 
46.119.118.191 - - [26/Mar/2015:18:10:45 -0700] "GET /honeypot/BSidesDFW%2520-%25202014.ipynb HTTP/1.1" 404 239 "http://milediva.ru/" "Mozilla/4.0 (compatible; MSIE 6.0; Windows NT 5.1; SV1; .NET CLR 1.1.4322)" 
46.119.118.191 - - [26/Mar/2015:18:10:46 -0700] "GET /honeypot/BSidesDFW%2520-%25202014.ipynb HTTP/1.1" 404 239 "http://milediva.ru/" "Mozilla/4.0 (compatible; MSIE 6.0; Windows NT 5.1; SV1; .NET CLR 1.1.4322)" 
46.119.118.191 - - [26/Mar/2015:18:10:46 -0700] "GET /honeypot/BSidesDFW%2520-%25202014.ipynb HTTP/1.1" 404 239 "http://milediva.ru/" "Mozilla/4.0 (compatible; MSIE 6.0; Windows NT 5.1; SV1; .NET CLR 1.1.4322)" 
178.137.18.185 - - [26/Mar/2015:18:22:57 -0700] "GET /honeypot/BSidesDFW%2520-%25202014.ipynb HTTP/1.1" 404 239 "http://pornogig.com/" "Opera/9.0 (Windows NT 5.1; U; en)" 
178.137.18.185 - - [26/Mar/2015:18:22:58 -0700] "GET /honeypot/BSidesDFW%2520-%25202014.ipynb HTTP/1.1" 404 239 "http://pornogig.com/" "Opera/9.0 (Windows NT 5.1; U; en)" 
178.137.18.185 - - [26/Mar/2015:18:22:58 -0700] "GET /honeypot/BSidesDFW%2520-%25202014.ipynb HTTP/1.1" 404 239 "http://pornogig.com/" "Opera/9.0 (Windows NT 5.1; U; en)" 
100.43.85.5 - - [26/Mar/2015:19:22:49 -0700] "GET /robots.txt HTTP/1.1" 301 518 "-" "Mozilla/5.0 (compatible; YandexBot/3.0; +http://yandex.com/bots)" 
199.21.99.218 - - [26/Mar/2015:19:22:49 -0700] "GET /robots.txt HTTP/1.1" 200 289 "-" "Mozilla/5.0 (compatible; YandexBot/3.0; +http://yandex.com/bots)" 
100.43.85.5 - - [26/Mar/2015:19:22:51 -0700] "GET / HTTP/1.1" 301 482 "-" "Mozilla/5.0 (compatible; YandexBot/3.0; +http://yandex.com/bots)" 
199.21.99.218 - - [26/Mar/2015:19:22:51 -0700] "GET / HTTP/1.1" 200 6807 "-" "Mozilla/5.0 (compatible; YandexBot/3.0; +http://yandex.com/bots)" 
199.21.99.218 - - [26/Mar/2015:19:22:54 -0700] "GET / HTTP/1.1" 200 6807 "-" "Mozilla/5.0 (compatible; YandexBot/3.0; +http://yandex.com/bots)" 
199.59.148.210 - - [26/Mar/2015:19:26:19 -0700] "GET /robots.txt HTTP/1.1" 200 304 "-" "Twitterbot/1.0" 
199.59.148.211 - - [26/Mar/2015:19:26:19 -0700] "GET /robots.txt HTTP/1.1" 200 304 "-" "Twitterbot/1.0" 
199.59.148.211 - - [26/Mar/2015:19:26:19 -0700] "GET /honeypot/Honeypot%20-%20Howto%20-%20BSides%20Austin.pdf HTTP/1.1" 200 2928404 "-" "Twitterbot/1.0" 
199.59.148.210 - - [26/Mar/2015:19:26:19 -0700] "GET /honeypot/honeypot.json.zip HTTP/1.1" 200 4631817 "-" "Twitterbot/1.0" 
68.203.31.30 - - [26/Mar/2015:20:00:54 -0700] "GET / HTTP/1.1" 200 6807 "-" "Mozilla/5.0 (iPhone; CPU iPhone OS 8_2 like Mac OS X) AppleWebKit/600.1.4 (KHTML, like Gecko) CriOS/41.0.2272.58 Mobile/12D508 Safari/600.1.4" 
68.203.31.30 - - [26/Mar/2015:20:00:54 -0700] "GET /twitter-icon.png HTTP/1.1" 200 27787 "http://www.secrepo.com/" "Mozilla/5.0 (iPhone; CPU iPhone OS 8_2 like Mac OS X) AppleWebKit/600.1.4 (KHTML, like Gecko) CriOS/41.0.2272.58 Mobile/12D508 Safari/600.1.4" 
104.130.161.115 - - [26/Mar/2015:21:33:23 -0700] "GET /honeypot/BSidesDFW%20-%202014.ipynb HTTP/1.1" 301 484 "-" "Tornado-Async-Client" 
104.130.161.115 - - [26/Mar/2015:21:33:23 -0700] "GET /honeypot/BSidesDFW%20-%202014.ipynb HTTP/1.1" 200 930780 "-" "Tornado-Async-Client" 
157.55.39.228 - - [26/Mar/2015:23:43:21 -0700] "GET /robots.txt HTTP/1.1" 200 289 "-" "Mozilla/5.0 (compatible; bingbot/2.0; +http://www.bing.com/bingbot.htm)" 
157.55.39.228 - - [26/Mar/2015:23:43:23 -0700] "GET /honeypot/BSidesDFW%20-%202014.ipynb HTTP/1.1" 200 930836 "-" "Mozilla/5.0 (iPhone; CPU iPhone OS 7_0 like Mac OS X) AppleWebKit/537.51.1 (KHTML, like Gecko) Version/7.0 Mobile/11A465 Safari/9537.53 (compatible; bingbot/2.0;  http://www.bing.com/bingbot.htm)" 
207.46.13.113 - - [26/Mar/2015:23:48:08 -0700] "GET /robots.txt HTTP/1.1" 200 334 "-" "Mozilla/5.0 (compatible; bingbot/2.0; +http://www.bing.com/bingbot.htm)" 
117.218.153.226 - - [27/Mar/2015:00:36:45 -0700] "GET / HTTP/1.1" 301 483 "http://buttons-for-website.com" "Mozilla/5.0 (Windows NT 6.1; WOW64) AppleWebKit/537.36 (KHTML, like Gecko) Chrome/36.0.1985.143 Safari/537.36" 
117.218.153.226 - - [27/Mar/2015:00:36:50 -0700] "GET / HTTP/1.1" 200 6807 "http://buttons-for-website.com" "Mozilla/5.0 (Windows NT 6.1; WOW64) AppleWebKit/537.36 (KHTML, like Gecko) Chrome/36.0.1985.143 Safari/537.36" 
117.218.153.226 - - [27/Mar/2015:00:36:50 -0700] "GET /twitter-icon.png HTTP/1.1" 200 27787 "http://www.secrepo.com/" "Mozilla/5.0 (Windows NT 6.1; WOW64) AppleWebKit/537.36 (KHTML, like Gecko) Chrome/36.0.1985.143 Safari/537.36" 
