68.180.228.157 - - [10/Jul/2016:02:42:09 -0700] "GET /self.logs/error.log.2016-05-29.gz HTTP/1.1" 200 649 "-" "Mozilla/5.0 (compatible; Yahoo! Slurp; http://help.yahoo.com/help/us/ysearch/slurp)" 
68.180.228.157 - - [10/Jul/2016:02:42:35 -0700] "GET /self.logs/error.log.2015-08-15.gz HTTP/1.1" 200 631 "-" "Mozilla/5.0 (compatible; Yahoo! Slurp; http://help.yahoo.com/help/us/ysearch/slurp)" 
14.28.56.48 - - [10/Jul/2016:02:52:41 -0700] "GET /honeypot/BSidesDFW%20-%202014.ipynb HTTP/1.1" 200 900000 "http://www.secrepo.com/" "Mozilla/5.0 (Windows NT 6.1; WOW64; Trident/7.0; rv:11.0) like Gecko" 
207.46.13.105 - - [10/Jul/2016:03:05:57 -0700] "GET /self.logs/access.log.2016-04-07.gz HTTP/1.1" 200 8226 "-" "Mozilla/5.0 (compatible; bingbot/2.0; +http://www.bing.com/bingbot.htm)" 
77.75.76.171 - - [10/Jul/2016:03:07:47 -0700] "GET /robots.txt HTTP/1.1" 200 334 "-" "Mozilla/5.0 (compatible; SeznamBot/3.2; +http://napoveda.seznam.cz/en/seznambot-intro/)" 
77.75.76.171 - - [10/Jul/2016:03:07:53 -0700] "GET /self.logs/access.log.2015-10-07.gz HTTP/1.1" 200 7037 "-" "Mozilla/5.0 (compatible; SeznamBot/3.2; +http://napoveda.seznam.cz/en/seznambot-intro/)" 
49.224.208.234 - - [10/Jul/2016:03:09:23 -0700] "GET / HTTP/1.1" 200 9904 "-" "Mozilla/5.0 (iPhone; CPU iPhone OS 9_3_2 like Mac OS X) AppleWebKit/601.1.46 (KHTML, like Gecko) Version/9.0 Mobile/13F69 Safari/601.1" 
49.224.208.234 - - [10/Jul/2016:03:09:24 -0700] "GET /twitter-icon.png HTTP/1.1" 200 27787 "http://www.secrepo.com/" "Mozilla/5.0 (iPhone; CPU iPhone OS 9_3_2 like Mac OS X) AppleWebKit/601.1.46 (KHTML, like Gecko) Version/9.0 Mobile/13F69 Safari/601.1" 
49.224.208.234 - - [10/Jul/2016:03:09:24 -0700] "GET /GitHub-Mark.png HTTP/1.1" 200 7428 "http://www.secrepo.com/" "Mozilla/5.0 (iPhone; CPU iPhone OS 9_3_2 like Mac OS X) AppleWebKit/601.1.46 (KHTML, like Gecko) Version/9.0 Mobile/13F69 Safari/601.1" 
176.9.131.69 - - [10/Jul/2016:03:09:45 -0700] "GET /robots.txt HTTP/1.0" 301 481 "-" "Mozilla/5.0 (compatible; MJ12bot/v1.4.5; http://www.majestic12.co.uk/bot.php?+)" 
176.9.131.69 - - [10/Jul/2016:03:09:45 -0700] "GET /robots.txt HTTP/1.0" 200 252 "-" "Mozilla/5.0 (compatible; MJ12bot/v1.4.5; http://www.majestic12.co.uk/bot.php?+)" 
176.9.131.69 - - [10/Jul/2016:03:09:47 -0700] "GET /&quot HTTP/1.0" 301 475 "-" "Mozilla/5.0 (compatible; MJ12bot/v1.4.5; http://www.majestic12.co.uk/bot.php?+)" 
176.9.131.69 - - [10/Jul/2016:03:09:48 -0700] "GET /robots.txt HTTP/1.0" 200 252 "-" "Mozilla/5.0 (compatible; MJ12bot/v1.4.5; http://www.majestic12.co.uk/bot.php?+)" 
176.9.131.69 - - [10/Jul/2016:03:09:49 -0700] "GET /&quot HTTP/1.0" 404 284 "-" "Mozilla/5.0 (compatible; MJ12bot/v1.4.5; http://www.majestic12.co.uk/bot.php?+)" 
46.119.117.55 - - [10/Jul/2016:03:13:29 -0700] "GET /honeypot/ HTTP/1.1" 200 1077 "http://wallpapers-best.com/" "Mozilla/4.0 (compatible; MSIE 6.0; Windows NT 5.1; SV1; InfoPath.1" 
46.119.117.55 - - [10/Jul/2016:03:13:29 -0700] "GET /honeypot/ HTTP/1.1" 200 1077 "http://wallpapers-best.com/" "Mozilla/4.0 (compatible; MSIE 6.0; Windows NT 5.1; SV1; InfoPath.1" 
207.46.13.131 - - [10/Jul/2016:03:25:24 -0700] "GET /self.logs/error.log.2015-05-03.gz HTTP/1.1" 200 992 "-" "Mozilla/5.0 (compatible; bingbot/2.0; +http://www.bing.com/bingbot.htm)" 
117.190.191.170 - - [10/Jul/2016:03:36:38 -0700] "GET /tg/a.zip HTTP/1.1" 304 132 "-" "Mozilla/5.0 Gecko/20100115 Firefox/3.6" 
91.200.12.143 - - [10/Jul/2016:03:40:05 -0700] "GET /honeypot/Honeypot+-+Howto.pdf HTTP/1.0" 404 284 "http://www.secrepo.com/honeypot/Honeypot+-+Howto.pdf#search=" "Mozilla/5.0 (Windows NT 6.3; WOW64) AppleWebKit/537.36 (KHTML, like Gecko) Chrome/47.0.2526.111 Safari/537.36" 
91.200.12.143 - - [10/Jul/2016:03:40:05 -0700] "GET / HTTP/1.0" 200 33073 "http://www.secrepo.com/" "Mozilla/5.0 (Windows NT 6.3; WOW64) AppleWebKit/537.36 (KHTML, like Gecko) Chrome/47.0.2526.111 Safari/537.36" 
91.200.12.143 - - [10/Jul/2016:03:57:01 -0700] "GET /honeypot/Honeypot+-+Howto.pdf HTTP/1.0" 404 284 "http://www.secrepo.com/honeypot/Honeypot+-+Howto.pdf#search=" "Mozilla/5.0 (Windows NT 6.1; WOW64) AppleWebKit/537.36 (KHTML, like Gecko) Chrome/47.0.2526.111 YaBrowser/16.2.0.3539 Safari/537.36" 
91.200.12.143 - - [10/Jul/2016:03:57:01 -0700] "GET / HTTP/1.0" 200 33073 "http://www.secrepo.com/" "Mozilla/5.0 (Windows NT 6.1; WOW64) AppleWebKit/537.36 (KHTML, like Gecko) Chrome/47.0.2526.111 YaBrowser/16.2.0.3539 Safari/537.36" 
164.132.161.60 - - [10/Jul/2016:04:07:59 -0700] "GET /self.logs/access.log.2016-04-03.gz HTTP/1.1" 200 14119 "-" "Mozilla/5.0 (compatible; AhrefsBot/5.1; +http://ahrefs.com/robot/)" 
111.7.128.40 - - [10/Jul/2016:04:23:11 -0700] "GET /tg/a.zip HTTP/1.1" 304 132 "-" "Mozilla/5.0 Gecko/20100115 Firefox/3.6" 
66.249.64.129 - - [10/Jul/2016:04:38:06 -0700] "GET / HTTP/1.1" 200 9904 "-" "Mozilla/5.0 (compatible; Googlebot/2.1; +http://www.google.com/bot.html)" 
207.46.13.131 - - [10/Jul/2016:04:55:25 -0700] "GET /self.logs/access.log.2015-06-16.gz HTTP/1.1" 301 546 "-" "Mozilla/5.0 (compatible; bingbot/2.0; +http://www.bing.com/bingbot.htm)" 
213.133.110.35 - - [10/Jul/2016:05:01:56 -0700] "HEAD / HTTP/1.1" 200 239 "-" "Mozilla/5.0 (Windows NT 6.1) AppleWebKit/537.36 (KHTML, like Gecko) Chrome/41.0.2228.0 Safari/537.36Mozilla/5.0 (Macintosh; Intel Mac OS X 10.8; rv:24.0) Gecko/20100101 Firefox/24.0" 
72.74.58.81 - - [10/Jul/2016:05:09:14 -0700] "GET / HTTP/1.1" 200 9904 "https://www.google.com/" "Mozilla/5.0 (X11; Linux x86_64) AppleWebKit/537.36 (KHTML, like Gecko) Ubuntu Chromium/51.0.2704.79 Chrome/51.0.2704.79 Safari/537.36" 
72.74.58.81 - - [10/Jul/2016:05:09:14 -0700] "GET /GitHub-Mark.png HTTP/1.1" 200 7428 "http://www.secrepo.com/" "Mozilla/5.0 (X11; Linux x86_64) AppleWebKit/537.36 (KHTML, like Gecko) Ubuntu Chromium/51.0.2704.79 Chrome/51.0.2704.79 Safari/537.36" 
72.74.58.81 - - [10/Jul/2016:05:09:14 -0700] "GET /twitter-icon.png HTTP/1.1" 200 27787 "http://www.secrepo.com/" "Mozilla/5.0 (X11; Linux x86_64) AppleWebKit/537.36 (KHTML, like Gecko) Ubuntu Chromium/51.0.2704.79 Chrome/51.0.2704.79 Safari/537.36" 
72.74.58.81 - - [10/Jul/2016:05:09:15 -0700] "GET /bootstrap/img/favicon.ico HTTP/1.1" 200 589 "http://www.secrepo.com/" "Mozilla/5.0 (X11; Linux x86_64) AppleWebKit/537.36 (KHTML, like Gecko) Ubuntu Chromium/51.0.2704.79 Chrome/51.0.2704.79 Safari/537.36" 
207.46.13.80 - - [10/Jul/2016:05:11:26 -0700] "GET /self.logs/access.log.2016-04-10.gz HTTP/1.1" 200 8413 "-" "Mozilla/5.0 (compatible; bingbot/2.0; +http://www.bing.com/bingbot.htm)" 
5.255.250.93 - - [10/Jul/2016:05:24:40 -0700] "GET /robots.txt HTTP/1.1" 200 289 "-" "Mozilla/5.0 (compatible; YandexBot/3.0; +http://yandex.com/bots)" 
5.255.250.93 - - [10/Jul/2016:05:24:44 -0700] "GET /honeypot/Honeypot%20-%20Howto.pdf HTTP/1.1" 200 1279418 "-" "Mozilla/5.0 (compatible; YandexBot/3.0; +http://yandex.com/bots)" 
178.221.68.177 - - [10/Jul/2016:05:27:52 -0700] "GET /wp-login.php HTTP/1.1" 404 295 "-" "Mozilla/5.0 (Windows NT 6.1; WOW64; rv:40.0) Gecko/20100101 Firefox/40.1" 
178.221.68.177 - - [10/Jul/2016:05:27:52 -0700] "GET /wp-login.php HTTP/1.1" 404 294 "-" "Mozilla/5.0 (Windows NT 6.1; WOW64; rv:40.0) Gecko/20100101 Firefox/40.1" 
157.55.39.133 - - [10/Jul/2016:06:01:00 -0700] "GET /self.logs/access.log.2015-07-25.gz HTTP/1.1" 200 3566 "-" "Mozilla/5.0 (compatible; bingbot/2.0; +http://www.bing.com/bingbot.htm)" 
117.64.225.192 - - [10/Jul/2016:06:01:29 -0700] "GET /maccdc2012/ssl.log.gz HTTP/1.1" 301 523 "-" "Mozilla/5.0 (Windows NT 6.1; Trident/7.0; rv:11.0) like Gecko" 
117.64.225.192 - - [10/Jul/2016:06:01:31 -0700] "GET /maccdc2012/ssl.log.gz HTTP/1.1" 200 96281 "-" "Mozilla/5.0 (Windows NT 6.1; Trident/7.0; rv:11.0) like Gecko" 
117.64.225.192 - - [10/Jul/2016:06:07:49 -0700] "POST /maccdc2012/ssl.log.gz/trackback/ HTTP/1.1" 301 505 "http://secrepo.com/maccdc2012/ssl.log.gz" "Mozilla/5.0 (Windows NT 6.1; Trident/7.0; rv:11.0) like Gecko" 
5.255.250.93 - - [10/Jul/2016:06:18:55 -0700] "GET /honeypot/Honeypot%20-%20Howto%20-%20BSides%20Austin.pdf HTTP/1.1" 200 2928460 "-" "Mozilla/5.0 (compatible; YandexBot/3.0; +http://yandex.com/bots)" 
157.55.39.133 - - [10/Jul/2016:06:21:22 -0700] "GET /self.logs/error.log.2015-07-14.gz HTTP/1.1" 200 652 "-" "Mozilla/5.0 (compatible; bingbot/2.0; +http://www.bing.com/bingbot.htm)" 
164.132.161.67 - - [10/Jul/2016:06:25:35 -0700] "GET /self.logs/access.log.2015-08-11.gz HTTP/1.1" 200 5951 "-" "Mozilla/5.0 (compatible; AhrefsBot/5.1; +http://ahrefs.com/robot/)" 
207.46.13.131 - - [10/Jul/2016:06:36:17 -0700] "GET /self.logs/access.log.2015-01-19.gz HTTP/1.1" 200 2836 "-" "Mozilla/5.0 (compatible; bingbot/2.0; +http://www.bing.com/bingbot.htm)" 
117.190.191.170 - - [10/Jul/2016:06:36:39 -0700] "GET /tg/a.zip HTTP/1.1" 304 132 "-" "Mozilla/5.0 Gecko/20100115 Firefox/3.6" 
207.46.13.105 - - [10/Jul/2016:06:37:38 -0700] "GET /self.logs/access.log.2015-09-21.gz HTTP/1.1" 200 5524 "-" "Mozilla/5.0 (compatible; bingbot/2.0; +http://www.bing.com/bingbot.htm)" 
199.59.148.209 - - [10/Jul/2016:06:40:30 -0700] "GET /robots.txt HTTP/1.1" 200 304 "-" "Twitterbot/1.0" 
199.59.148.209 - - [10/Jul/2016:06:40:31 -0700] "GET / HTTP/1.1" 200 9848 "-" "Twitterbot/1.0" 
199.16.156.126 - - [10/Jul/2016:06:47:05 -0700] "GET /robots.txt HTTP/1.1" 200 304 "-" "Twitterbot/1.0" 
199.16.156.126 - - [10/Jul/2016:06:47:06 -0700] "GET / HTTP/1.1" 200 9848 "-" "Twitterbot/1.0" 
178.137.89.208 - - [10/Jul/2016:06:54:03 -0700] "GET /honeypot/ HTTP/1.1" 200 1077 "http://sexphoto.site/" "Mozilla/4.0 (compatible; MSIE 6.0; Windows NT 5.1; FREE; .NET CLR 1.1.4322)" 
178.137.89.208 - - [10/Jul/2016:06:54:04 -0700] "GET /honeypot/ HTTP/1.1" 200 1077 "http://sexphoto.site/" "Mozilla/4.0 (compatible; MSIE 6.0; Windows NT 5.1; FREE; .NET CLR 1.1.4322)" 
178.137.89.208 - - [10/Jul/2016:06:54:04 -0700] "GET /honeypot/ HTTP/1.1" 200 1077 "http://sexphoto.site/" "Mozilla/4.0 (compatible; MSIE 6.0; Windows NT 5.1; FREE; .NET CLR 1.1.4322)" 
123.125.71.27 - - [10/Jul/2016:07:08:53 -0700] "GET /robots.txt HTTP/1.1" 200 297 "-" "Mozilla/5.0 (compatible; Baiduspider/2.0; +http://www.baidu.com/search/spider.html)" 
220.181.108.85 - - [10/Jul/2016:07:10:41 -0700] "GET /honeypot/honeypot.json.zip HTTP/1.1" 200 4631836 "-" "Mozilla/5.0 (compatible; Baiduspider/2.0; +http://www.baidu.com/search/spider.html)" 
5.255.250.93 - - [10/Jul/2016:07:17:11 -0700] "GET / HTTP/1.1" 200 9904 "-" "Mozilla/5.0 (compatible; YandexBot/3.0; +http://yandex.com/bots)" 
111.7.128.40 - - [10/Jul/2016:07:23:15 -0700] "GET /tg/a.zip HTTP/1.1" 304 132 "-" "Mozilla/5.0 Gecko/20100115 Firefox/3.6" 
37.254.0.104 - - [10/Jul/2016:08:04:34 -0700] "GET / HTTP/1.1" 200 9904 "-" "Mozilla/5.0 (Windows NT 10.0; Win64; x64) AppleWebKit/537.36 (KHTML, like Gecko) Chrome/42.0.2311.135 Safari/537.36 Edge/12.10240" 
180.76.15.160 - - [10/Jul/2016:08:05:39 -0700] "GET /honeypot/Honeypot%20-%20Howto.pdf HTTP/1.1" 200 779640 "-" "Mozilla/5.0 (compatible; Baiduspider/2.0; +http://www.baidu.com/search/spider.html)" 
157.55.39.133 - - [10/Jul/2016:08:14:13 -0700] "GET /self.logs/access.log.2015-09-16.gz HTTP/1.1" 200 5387 "-" "Mozilla/5.0 (compatible; bingbot/2.0; +http://www.bing.com/bingbot.htm)" 
51.255.65.71 - - [10/Jul/2016:08:31:25 -0700] "GET /self.logs/access.log.2015-07-03.gz HTTP/1.1" 200 3721 "-" "Mozilla/5.0 (compatible; AhrefsBot/5.1; +http://ahrefs.com/robot/)" 
66.249.64.129 - - [10/Jul/2016:08:33:17 -0700] "GET / HTTP/1.1" 200 9904 "-" "Mozilla/5.0 (Linux; Android 6.0.1; Nexus 5X Build/MMB29P) AppleWebKit/537.36 (KHTML, like Gecko) Chrome/41.0.2272.96 Mobile Safari/537.36 (compatible; Googlebot/2.1; +http://www.google.com/bot.html)" 
129.173.208.150 - - [10/Jul/2016:08:38:28 -0700] "GET / HTTP/1.1" 200 9904 "https://www.google.ca/" "Mozilla/5.0 (Windows NT 6.1; WOW64) AppleWebKit/537.36 (KHTML, like Gecko) Chrome/51.0.2704.103 Safari/537.36" 
129.173.208.150 - - [10/Jul/2016:08:38:28 -0700] "GET /twitter-icon.png HTTP/1.1" 200 27787 "http://www.secrepo.com/" "Mozilla/5.0 (Windows NT 6.1; WOW64) AppleWebKit/537.36 (KHTML, like Gecko) Chrome/51.0.2704.103 Safari/537.36" 
129.173.208.150 - - [10/Jul/2016:08:38:28 -0700] "GET /GitHub-Mark.png HTTP/1.1" 200 7428 "http://www.secrepo.com/" "Mozilla/5.0 (Windows NT 6.1; WOW64) AppleWebKit/537.36 (KHTML, like Gecko) Chrome/51.0.2704.103 Safari/537.36" 
129.173.208.150 - - [10/Jul/2016:08:38:28 -0700] "GET /bootstrap/img/favicon.ico HTTP/1.1" 200 589 "http://www.secrepo.com/" "Mozilla/5.0 (Windows NT 6.1; WOW64) AppleWebKit/537.36 (KHTML, like Gecko) Chrome/51.0.2704.103 Safari/537.36" 
37.254.0.104 - - [10/Jul/2016:08:04:17 -0700] "GET /Security-Data-Analysis/Lab_1/conn.log.zip HTTP/1.1" 200 549098528 "http://www.secrepo.com/" "Mozilla/5.0 (Windows NT 10.0; Win64; x64) AppleWebKit/537.36 (KHTML, like Gecko) Chrome/42.0.2311.135 Safari/537.36 Edge/12.10240" 
79.164.130.57 - - [10/Jul/2016:08:44:03 -0700] "GET /honeypot/BSidesDFW%20-%202014.ipynb HTTP/1.1" 200 930799 "http://yandex.ru/clck/jsredir?from=yandex.ru%3Bsearch%3Bweb%3B%3B&text=&etext=1112.ELFeCkf_MdZaCU-tXkZDkbj7snhQZ45yanvPgs1KLDP2pTgyDUsgVqASnEQGwmis.0b1f656ab1d11baeb0c8755effd82b9e1d51b276&uuid=&state=_BLhILn4SxNIvvL0W45KSic66uCIg23qh8iRG98qeIXmeppkgUc0YGHEttDsYq_w3pSJtejupWg&data=UlNrNmk5WktYejR0eWJFYk1LdmtxdFVvX2JPZzkyaEU2WFNsdVNGUmVZbHU3ZjQwYnJsWFQzaTk3eklSTnotZ1h4SW1DUmpSY1JVWlAxT212aTdGbmljek9uMzIxTElNRnUyZGR2aTVBa0xMeHBDRnY3WXNRdmlmd1lwendvSlRONmpnNnRRcFZBX3Y3dFBZUEU4UTRQTTVsYUNweEY1Zw&b64e=2&sign=9bd17757976d8e4846310289f244bc3e&keyno=0&cst=AiuY0DBWFJ7IXge4WdYJQYuwSQLovbTTqKNNdl5xvWl_A1l9Lcaq_tDoCm9-a1QFutj6qQ0Qfq0H4W-th6fKyJEm4-YDM7AQL27hfWyG-eoXb0jW6KnZ3LqeQB6dddw-4C7bpe9TMz2z6JWd28LLrw&ref=orjY4mGPRjk5boDnW0uvlrrd71vZw9kp5uQozpMtKCUQRLQ03OV55iKXhb6vj4-yhCCRsqmFTeLfaMNf9frLKXdqq_giW6Cei3KvqG8mLt1WwAbNnmO2wA&l10n=ru&cts=1468164909569&mc=3.72369932838" "Mozilla/5.0 (Windows NT 6.1) AppleWebKit/537.36 (KHTML, like Gecko) Chrome/31.0.1650.63 Safari/537.36" 
37.147.102.221 - - [10/Jul/2016:08:44:03 -0700] "GET /honeypot/Honeypot%20-%20Howto.pdf HTTP/1.1" 200 1279381 "http://yandex.ru/clck/jsredir?from=yandex.ru%3Bsearch%3Bweb%3B%3B&text=&etext=1112.QkiLtE-KmS9NAMgNLJmGlucaTBKrKTJm42RDtzmVP4ISfEGYMLMb_gPhz8iK8Ztj.ce7766b90ab0827252a980b5f89baab313c4cf34&uuid=&state=_BLhILn4SxNIvvL0W45KSic66uCIg23qh8iRG98qeIXmeppkgUc0YOm24rr5dkiDnIjpu2TfUVc&data=UlNrNmk5WktYejR0eWJFYk1LdmtxdFVvX2JPZzkyaEU2WFNsdVNGUmVZbHU3ZjQwYnJsWFQ4SC1qOC1WSk9yZmJ4bUd1UXFUUkg4TEZjWmVfMTJOSGdGWmYxM3NoVTBFWEF4d0ZVMFhHdFZnRlMwN1REcG1lOHFpNng3dkYtNjdwdFVnWElLWWlYbnplUXkzX0FXZmdn&b64e=2&sign=f600d59483cde414841a1a3b6e51bcd1&keyno=0&cst=AiuY0DBWFJ7IXge4WdYJQYpgPUyh7uQlYrNT8Ozq-8aCEtSpknpFkX1nNwzla5q_-IMBqtRMXsUsjjlMNLLy2dBfMNoazeOosRa7A2GmEnZopcA7Typ_PadP9evJe_bTNCTkJHFQ-Ywts-Lb2mRThQ&ref=orjY4mGPRjk5boDnW0uvlrrd71vZw9kp5uQozpMtKCXboeqr305aILJ0B57p_xRrH-h91Q3CKIdIlRi0gudHV40162ni4y6wViGNZ-XyCFvgtkg5HAUcfg&l10n=ru&cts=1468164909569&mc=6.44226775029" "Mozilla/5.0 (Windows NT 6.1; WOW64; rv:25.0) Gecko/20100101 Firefox/25.0" 
164.132.161.4 - - [10/Jul/2016:08:44:53 -0700] "GET /self.logs/access.log.2015-11-26.gz HTTP/1.1" 200 4683 "-" "Mozilla/5.0 (compatible; AhrefsBot/5.1; +http://ahrefs.com/robot/)" 
68.180.228.157 - - [10/Jul/2016:09:03:56 -0700] "GET /self.logs/access.log.2016-06-12.gz HTTP/1.1" 200 13517 "-" "Mozilla/5.0 (compatible; Yahoo! Slurp; http://help.yahoo.com/help/us/ysearch/slurp)" 
207.46.13.67 - - [10/Jul/2016:09:04:05 -0700] "GET /self.logs/access.log.2015-05-02.gz HTTP/1.1" 301 545 "-" "Mozilla/5.0 (compatible; bingbot/2.0; +http://www.bing.com/bingbot.htm)" 
129.173.208.150 - - [10/Jul/2016:09:09:03 -0700] "GET /maccdc2012/ssh.log.gz HTTP/1.1" 200 182517 "-" "Mozilla/5.0 (Windows NT 6.1; WOW64) AppleWebKit/537.36 (KHTML, like Gecko) Chrome/51.0.2704.103 Safari/537.36" 
71.178.197.94 - - [10/Jul/2016:09:28:53 -0700] "GET / HTTP/1.1" 200 9904 "https://www.google.com/" "Mozilla/5.0 (Macintosh; Intel Mac OS X 10_11_5) AppleWebKit/601.6.17 (KHTML, like Gecko) Version/9.1.1 Safari/601.6.17" 
71.178.197.94 - - [10/Jul/2016:09:28:54 -0700] "GET /twitter-icon.png HTTP/1.1" 200 27787 "http://www.secrepo.com/" "Mozilla/5.0 (Macintosh; Intel Mac OS X 10_11_5) AppleWebKit/601.6.17 (KHTML, like Gecko) Version/9.1.1 Safari/601.6.17" 
71.178.197.94 - - [10/Jul/2016:09:28:54 -0700] "GET /GitHub-Mark.png HTTP/1.1" 200 7428 "http://www.secrepo.com/" "Mozilla/5.0 (Macintosh; Intel Mac OS X 10_11_5) AppleWebKit/601.6.17 (KHTML, like Gecko) Version/9.1.1 Safari/601.6.17" 
71.178.197.94 - - [10/Jul/2016:09:28:54 -0700] "GET /bootstrap/img/favicon.ico HTTP/1.1" 200 590 "http://www.secrepo.com/" "Mozilla/5.0 (Macintosh; Intel Mac OS X 10_11_5) AppleWebKit/601.6.17 (KHTML, like Gecko) Version/9.1.1 Safari/601.6.17" 
71.178.197.94 - - [10/Jul/2016:09:31:56 -0700] "GET /zeus/zeus_json.zip HTTP/1.1" 404 340 "-" "Mozilla/5.0 (Macintosh; Intel Mac OS X 10_11_5) AppleWebKit/601.6.17 (KHTML, like Gecko) Version/9.1.1 Safari/601.6.17" 
71.178.197.94 - - [10/Jul/2016:09:31:56 -0700] "GET /favicon.ico HTTP/1.1" 200 268 "http://www.secrepo.com/zeus/zeus_json.zip" "Mozilla/5.0 (Macintosh; Intel Mac OS X 10_11_5) AppleWebKit/601.6.17 (KHTML, like Gecko) Version/9.1.1 Safari/601.6.17" 
71.178.197.94 - - [10/Jul/2016:09:32:22 -0700] "GET /zeus/zeus_json.zip HTTP/1.1" 404 340 "http://www.secrepo.com/" "Mozilla/5.0 (Macintosh; Intel Mac OS X 10_11_5) AppleWebKit/601.6.17 (KHTML, like Gecko) Version/9.1.1 Safari/601.6.17" 
71.178.197.94 - - [10/Jul/2016:09:32:32 -0700] "GET /self.logs/ HTTP/1.1" 200 11241 "http://www.secrepo.com/" "Mozilla/5.0 (Macintosh; Intel Mac OS X 10_11_5) AppleWebKit/601.6.17 (KHTML, like Gecko) Version/9.1.1 Safari/601.6.17" 
71.178.197.94 - - [10/Jul/2016:09:34:09 -0700] "GET /self.logs/access.log.2015-01-17.gz HTTP/1.1" 200 3597 "http://www.secrepo.com/self.logs/" "Mozilla/5.0 (Macintosh; Intel Mac OS X 10_11_5) AppleWebKit/601.6.17 (KHTML, like Gecko) Version/9.1.1 Safari/601.6.17" 
71.178.197.94 - - [10/Jul/2016:09:34:17 -0700] "GET /self.logs/access.log.2015-01-18.gz HTTP/1.1" 200 3472 "http://www.secrepo.com/self.logs/" "Mozilla/5.0 (Macintosh; Intel Mac OS X 10_11_5) AppleWebKit/601.6.17 (KHTML, like Gecko) Version/9.1.1 Safari/601.6.17" 
117.190.191.170 - - [10/Jul/2016:09:36:38 -0700] "GET /tg/a.zip HTTP/1.1" 304 132 "-" "Mozilla/5.0 Gecko/20100115 Firefox/3.6" 
207.46.13.67 - - [10/Jul/2016:09:40:32 -0700] "GET /self.logs/access.log.2016-04-03.gz HTTP/1.1" 200 14175 "-" "Mozilla/5.0 (compatible; bingbot/2.0; +http://www.bing.com/bingbot.htm)" 
207.46.13.131 - - [10/Jul/2016:09:54:24 -0700] "GET /self.logs/error.log.2015-02-24.gz HTTP/1.1" 200 1703 "-" "Mozilla/5.0 (compatible; bingbot/2.0; +http://www.bing.com/bingbot.htm)" 
68.180.228.157 - - [10/Jul/2016:10:01:52 -0700] "GET /maccdc2012/http.log.gz HTTP/1.1" 200 1287134 "-" "Mozilla/5.0 (compatible; Yahoo! Slurp; http://help.yahoo.com/help/us/ysearch/slurp)" 
164.132.161.73 - - [10/Jul/2016:10:03:28 -0700] "GET /self.logs/error.log.2016-01-08.gz HTTP/1.1" 200 787 "-" "Mozilla/5.0 (compatible; AhrefsBot/5.1; +http://ahrefs.com/robot/)" 
52.71.155.178 - - [10/Jul/2016:10:21:03 -0700] "GET /robots.txt HTTP/1.1" 200 297 "-" "Mozilla/5.0 (Macintosh; Intel Mac OS X 10_10_1) AppleWebKit/600.1.25 (KHTML, like Gecko) Version/8.0 Safari/600.1.25" 
52.71.155.178 - - [10/Jul/2016:10:21:03 -0700] "GET /zeus/zeus_json.zip HTTP/1.1" 404 303 "-" "Mozilla/5.0 (Macintosh; Intel Mac OS X 10_10_1) AppleWebKit/600.1.25 (KHTML, like Gecko) Version/8.0 Safari/600.1.25" 
111.7.128.40 - - [10/Jul/2016:10:23:17 -0700] "GET /tg/a.zip HTTP/1.1" 304 132 "-" "Mozilla/5.0 Gecko/20100115 Firefox/3.6" 
164.132.161.45 - - [10/Jul/2016:10:31:56 -0700] "GET /self.logs/error.log.2015-09-21.gz HTTP/1.1" 200 871 "-" "Mozilla/5.0 (compatible; AhrefsBot/5.1; +http://ahrefs.com/robot/)" 
157.55.39.44 - - [10/Jul/2016:10:33:13 -0700] "GET /self.logs/access.log.2015-02-05.gz HTTP/1.1" 200 3554 "-" "Mozilla/5.0 (compatible; bingbot/2.0; +http://www.bing.com/bingbot.htm)" 
74.56.151.27 - - [10/Jul/2016:10:38:53 -0700] "GET / HTTP/1.1" 200 9904 "https://www.google.ca/" "Mozilla/5.0 (X11; Linux x86_64) AppleWebKit/537.36 (KHTML, like Gecko) Chrome/51.0.2704.106 Safari/537.36" 
74.56.151.27 - - [10/Jul/2016:10:38:53 -0700] "GET /twitter-icon.png HTTP/1.1" 200 27787 "http://www.secrepo.com/" "Mozilla/5.0 (X11; Linux x86_64) AppleWebKit/537.36 (KHTML, like Gecko) Chrome/51.0.2704.106 Safari/537.36" 
74.56.151.27 - - [10/Jul/2016:10:38:53 -0700] "GET /GitHub-Mark.png HTTP/1.1" 200 7428 "http://www.secrepo.com/" "Mozilla/5.0 (X11; Linux x86_64) AppleWebKit/537.36 (KHTML, like Gecko) Chrome/51.0.2704.106 Safari/537.36" 
74.56.151.27 - - [10/Jul/2016:10:38:53 -0700] "GET /bootstrap/img/favicon.ico HTTP/1.1" 200 589 "http://www.secrepo.com/" "Mozilla/5.0 (X11; Linux x86_64) AppleWebKit/537.36 (KHTML, like Gecko) Chrome/51.0.2704.106 Safari/537.36" 
207.46.13.105 - - [10/Jul/2016:11:00:52 -0700] "GET / HTTP/1.1" 301 483 "-" "Mozilla/5.0 (compatible; bingbot/2.0; +http://www.bing.com/bingbot.htm)" 
207.46.13.105 - - [10/Jul/2016:11:03:51 -0700] "GET / HTTP/1.1" 200 9904 "-" "Mozilla/5.0 (compatible; bingbot/2.0; +http://www.bing.com/bingbot.htm)" 
74.56.151.27 - - [10/Jul/2016:11:23:04 -0700] "GET /honeypot/honeypot.json.zip HTTP/1.1" 200 4631873 "-" "Mozilla/5.0 (X11; Linux x86_64) AppleWebKit/537.36 (KHTML, like Gecko) Chrome/51.0.2704.106 Safari/537.36" 
46.229.160.171 - - [10/Jul/2016:11:25:05 -0700] "GET / HTTP/1.1" 200 33028 "-" "-" 
46.229.160.171 - - [10/Jul/2016:11:25:06 -0700] "GET / HTTP/1.1" 200 33028 "-" "-" 
91.200.12.143 - - [10/Jul/2016:11:26:04 -0700] "GET /honeypot/BSidesDFW%20-%202014.ipynb HTTP/1.0" 200 677440 "http://www.secrepo.com/honeypot/BSidesDFW%20-%202014.ipynb" "Mozilla/5.0 (Windows NT 6.1; WOW64) AppleWebKit/537.36 (KHTML, like Gecko) Chrome/48.0.2564.103 Safari/537.36" 
74.56.151.27 - - [10/Jul/2016:11:23:31 -0700] "GET /Security-Data-Analysis/Lab_1/conn.log.zip HTTP/1.1" 200 549098528 "-" "Mozilla/5.0 (X11; Linux x86_64) AppleWebKit/537.36 (KHTML, like Gecko) Chrome/51.0.2704.106 Safari/537.36" 
207.46.13.131 - - [10/Jul/2016:11:32:35 -0700] "GET /self.logs/error.log.2016-04-02.gz HTTP/1.1" 200 660 "-" "Mozilla/5.0 (compatible; bingbot/2.0; +http://www.bing.com/bingbot.htm)" 
91.200.12.143 - - [10/Jul/2016:11:42:29 -0700] "GET /honeypot/BSidesDFW%20-%202014.ipynb HTTP/1.0" 200 706640 "http://www.secrepo.com/honeypot/BSidesDFW%20-%202014.ipynb" "Mozilla/5.0 (Windows NT 6.3; WOW64) AppleWebKit/537.36 (KHTML, like Gecko) Chrome/48.0.2564.97 Safari/537.36" 
122.175.76.146 - - [10/Jul/2016:12:36:08 -0700] "GET / HTTP/1.1" 200 9904 "https://www.google.co.in" "Mozilla/5.0 (X11; Ubuntu; Linux x86_64; rv:47.0) Gecko/20100101 Firefox/47.0" 
122.175.76.146 - - [10/Jul/2016:12:36:09 -0700] "GET /bootstrap/img/favicon.ico HTTP/1.1" 200 589 "-" "Mozilla/5.0 (X11; Ubuntu; Linux x86_64; rv:47.0) Gecko/20100101 Firefox/47.0" 
122.175.76.146 - - [10/Jul/2016:12:36:09 -0700] "GET /twitter-icon.png HTTP/1.1" 200 27788 "http://www.secrepo.com/" "Mozilla/5.0 (X11; Ubuntu; Linux x86_64; rv:47.0) Gecko/20100101 Firefox/47.0" 
122.175.76.146 - - [10/Jul/2016:12:36:09 -0700] "GET /GitHub-Mark.png HTTP/1.1" 200 7427 "http://www.secrepo.com/" "Mozilla/5.0 (X11; Ubuntu; Linux x86_64; rv:47.0) Gecko/20100101 Firefox/47.0" 
37.254.2.87 - - [10/Jul/2016:12:36:25 -0700] "GET /Security-Data-Analysis/Lab_1/conn.log.zip HTTP/1.1" 200 1154944 "http://www.secrepo.com/" "Mozilla/5.0 (Windows NT 10.0; Win64; x64) AppleWebKit/537.36 (KHTML, like Gecko) Chrome/42.0.2311.135 Safari/537.36 Edge/12.10240" 
117.190.191.170 - - [10/Jul/2016:12:36:37 -0700] "GET /tg/a.zip HTTP/1.1" 304 132 "-" "Mozilla/5.0 Gecko/20100115 Firefox/3.6" 
122.175.76.146 - - [10/Jul/2016:12:37:57 -0700] "GET /misc/zeus_dga_domains.txt.zip HTTP/1.1" 200 594360 "http://www.secrepo.com/" "Mozilla/5.0 (X11; Ubuntu; Linux x86_64; rv:47.0) Gecko/20100101 Firefox/47.0" 
122.175.76.146 - - [10/Jul/2016:12:38:12 -0700] "GET /zeus/zeus_json.zip HTTP/1.1" 404 340 "http://www.secrepo.com/" "Mozilla/5.0 (X11; Ubuntu; Linux x86_64; rv:47.0) Gecko/20100101 Firefox/47.0" 
207.46.13.139 - - [10/Jul/2016:12:44:55 -0700] "GET /self.logs/access.log.2015-03-06.gz HTTP/1.1" 200 2436 "-" "Mozilla/5.0 (compatible; bingbot/2.0; +http://www.bing.com/bingbot.htm)" 
46.119.117.55 - - [10/Jul/2016:13:00:01 -0700] "GET /honeypot/ HTTP/1.1" 200 1077 "http://buy-cheap-pills-order-online.com/" "Mozilla/0.91 Beta (Windows)" 
77.75.76.163 - - [10/Jul/2016:13:15:27 -0700] "GET /robots.txt HTTP/1.1" 200 334 "-" "Mozilla/5.0 (compatible; SeznamBot/3.2; +http://napoveda.seznam.cz/en/seznambot-intro/)" 
77.75.76.163 - - [10/Jul/2016:13:15:28 -0700] "GET /self.logs/access.log.2016-03-25.gz HTTP/1.1" 200 11473 "-" "Mozilla/5.0 (compatible; SeznamBot/3.2; +http://napoveda.seznam.cz/en/seznambot-intro/)" 
111.7.128.40 - - [10/Jul/2016:13:23:19 -0700] "GET /tg/a.zip HTTP/1.1" 304 132 "-" "Mozilla/5.0 Gecko/20100115 Firefox/3.6" 
95.80.154.74 - - [10/Jul/2016:13:41:00 -0700] "GET /Security-Data-Analysis/Lab_2/http.log.zip HTTP/1.1" 206 23671 "http://www.secrepo.com/Security-Data-Analysis/Lab_2/" "Mozilla/5.0 (Windows NT 10.0; WOW64) AppleWebKit/537.36 (KHTML, like Gecko) Chrome/50.0.2661.102 Safari/537.36" 
95.80.154.74 - - [10/Jul/2016:13:42:07 -0700] "GET /honeypot/honeypot.json.zip HTTP/1.1" 206 23644 "http://www.secrepo.com/honeypot/" "Mozilla/5.0 (Windows NT 10.0; WOW64) AppleWebKit/537.36 (KHTML, like Gecko) Chrome/50.0.2661.102 Safari/537.36" 
95.80.154.74 - - [10/Jul/2016:13:41:00 -0700] "GET /Security-Data-Analysis/Lab_2/http.log.zip HTTP/1.1" 200 8005200 "http://www.secrepo.com/Security-Data-Analysis/Lab_2/" "Mozilla/5.0 (Windows NT 10.0; WOW64) AppleWebKit/537.36 (KHTML, like Gecko) Chrome/50.0.2661.102 Safari/537.36" 
95.80.154.74 - - [10/Jul/2016:13:42:10 -0700] "GET /honeypot/honeypot.json.zip HTTP/1.1" 206 809200 "http://www.secrepo.com/honeypot/" "Mozilla/5.0 (Windows NT 10.0; WOW64) AppleWebKit/537.36 (KHTML, like Gecko) Chrome/50.0.2661.102 Safari/537.36" 
95.80.154.74 - - [10/Jul/2016:13:42:14 -0700] "GET /honeypot/honeypot.json.zip HTTP/1.1" 206 546632 "http://www.secrepo.com/honeypot/" "Mozilla/5.0 (Windows NT 10.0; WOW64) AppleWebKit/537.36 (KHTML, like Gecko) Chrome/50.0.2661.102 Safari/537.36" 
95.80.154.74 - - [10/Jul/2016:13:42:17 -0700] "GET /honeypot/honeypot.json.zip HTTP/1.1" 206 476489 "http://www.secrepo.com/honeypot/" "Mozilla/5.0 (Windows NT 10.0; WOW64) AppleWebKit/537.36 (KHTML, like Gecko) Chrome/50.0.2661.102 Safari/537.36" 
95.80.154.74 - - [10/Jul/2016:13:42:17 -0700] "GET /honeypot/honeypot.json.zip HTTP/1.1" 206 532210 "http://www.secrepo.com/honeypot/" "Mozilla/5.0 (Windows NT 10.0; WOW64) AppleWebKit/537.36 (KHTML, like Gecko) Chrome/50.0.2661.102 Safari/537.36" 
95.80.154.74 - - [10/Jul/2016:13:42:05 -0700] "GET /honeypot/honeypot.json.zip HTTP/1.1" 200 896000 "http://www.secrepo.com/honeypot/" "Mozilla/5.0 (Windows NT 10.0; WOW64) AppleWebKit/537.36 (KHTML, like Gecko) Chrome/50.0.2661.102 Safari/537.36" 
95.80.154.74 - - [10/Jul/2016:13:42:36 -0700] "GET /honeypot/honeypot.json.zip HTTP/1.1" 206 89358 "http://www.secrepo.com/honeypot/" "Mozilla/5.0 (Windows NT 10.0; WOW64) AppleWebKit/537.36 (KHTML, like Gecko) Chrome/50.0.2661.102 Safari/537.36" 
95.80.154.74 - - [10/Jul/2016:13:42:14 -0700] "GET /honeypot/honeypot.json.zip HTTP/1.1" 206 581000 "http://www.secrepo.com/honeypot/" "Mozilla/5.0 (Windows NT 10.0; WOW64) AppleWebKit/537.36 (KHTML, like Gecko) Chrome/50.0.2661.102 Safari/537.36" 
95.80.154.74 - - [10/Jul/2016:13:42:29 -0700] "GET /honeypot/honeypot.json.zip HTTP/1.1" 206 210390 "http://www.secrepo.com/honeypot/" "Mozilla/5.0 (Windows NT 10.0; WOW64) AppleWebKit/537.36 (KHTML, like Gecko) Chrome/50.0.2661.102 Safari/537.36" 
95.80.154.74 - - [10/Jul/2016:13:42:17 -0700] "GET /honeypot/honeypot.json.zip HTTP/1.1" 206 478800 "http://www.secrepo.com/honeypot/" "Mozilla/5.0 (Windows NT 10.0; WOW64) AppleWebKit/537.36 (KHTML, like Gecko) Chrome/50.0.2661.102 Safari/537.36" 
95.80.154.74 - - [10/Jul/2016:13:42:37 -0700] "GET /honeypot/honeypot.json.zip HTTP/1.1" 206 58193 "http://www.secrepo.com/honeypot/" "Mozilla/5.0 (Windows NT 10.0; WOW64) AppleWebKit/537.36 (KHTML, like Gecko) Chrome/50.0.2661.102 Safari/537.36" 
95.80.154.74 - - [10/Jul/2016:13:42:33 -0700] "GET /honeypot/honeypot.json.zip HTTP/1.1" 206 141018 "http://www.secrepo.com/honeypot/" "Mozilla/5.0 (Windows NT 10.0; WOW64) AppleWebKit/537.36 (KHTML, like Gecko) Chrome/50.0.2661.102 Safari/537.36" 
95.80.154.74 - - [10/Jul/2016:13:42:40 -0700] "GET /honeypot/honeypot.json.zip HTTP/1.1" 206 37158 "http://www.secrepo.com/honeypot/" "Mozilla/5.0 (Windows NT 10.0; WOW64) AppleWebKit/537.36 (KHTML, like Gecko) Chrome/50.0.2661.102 Safari/537.36" 
95.80.154.74 - - [10/Jul/2016:13:42:41 -0700] "GET /honeypot/honeypot.json.zip HTTP/1.1" 206 18722 "http://www.secrepo.com/honeypot/" "Mozilla/5.0 (Windows NT 10.0; WOW64) AppleWebKit/537.36 (KHTML, like Gecko) Chrome/50.0.2661.102 Safari/537.36" 
95.80.154.74 - - [10/Jul/2016:13:42:34 -0700] "GET /honeypot/honeypot.json.zip HTTP/1.1" 206 125548 "http://www.secrepo.com/honeypot/" "Mozilla/5.0 (Windows NT 10.0; WOW64) AppleWebKit/537.36 (KHTML, like Gecko) Chrome/50.0.2661.102 Safari/537.36" 
95.80.154.74 - - [10/Jul/2016:13:42:41 -0700] "GET /honeypot/honeypot.json.zip HTTP/1.1" 206 15179 "http://www.secrepo.com/honeypot/" "Mozilla/5.0 (Windows NT 10.0; WOW64) AppleWebKit/537.36 (KHTML, like Gecko) Chrome/50.0.2661.102 Safari/537.36" 
95.80.154.74 - - [10/Jul/2016:13:42:12 -0700] "GET /honeypot/honeypot.json.zip HTTP/1.1" 206 599200 "http://www.secrepo.com/honeypot/" "Mozilla/5.0 (Windows NT 10.0; WOW64) AppleWebKit/537.36 (KHTML, like Gecko) Chrome/50.0.2661.102 Safari/537.36" 
95.80.154.74 - - [10/Jul/2016:13:41:06 -0700] "GET /Security-Data-Analysis/Lab_2/http.log.zip HTTP/1.1" 206 6475715 "http://www.secrepo.com/Security-Data-Analysis/Lab_2/" "Mozilla/5.0 (Windows NT 10.0; WOW64) AppleWebKit/537.36 (KHTML, like Gecko) Chrome/50.0.2661.102 Safari/537.36" 
95.80.154.74 - - [10/Jul/2016:13:41:04 -0700] "GET /Security-Data-Analysis/Lab_2/http.log.zip HTTP/1.1" 206 6578845 "http://www.secrepo.com/Security-Data-Analysis/Lab_2/" "Mozilla/5.0 (Windows NT 10.0; WOW64) AppleWebKit/537.36 (KHTML, like Gecko) Chrome/50.0.2661.102 Safari/537.36" 
95.80.154.74 - - [10/Jul/2016:13:42:26 -0700] "GET /Security-Data-Analysis/Lab_2/http.log.zip HTTP/1.1" 206 2123921 "http://www.secrepo.com/Security-Data-Analysis/Lab_2/" "Mozilla/5.0 (Windows NT 10.0; WOW64) AppleWebKit/537.36 (KHTML, like Gecko) Chrome/50.0.2661.102 Safari/537.36" 
95.80.154.74 - - [10/Jul/2016:13:41:04 -0700] "GET /Security-Data-Analysis/Lab_2/http.log.zip HTTP/1.1" 206 6245400 "http://www.secrepo.com/Security-Data-Analysis/Lab_2/" "Mozilla/5.0 (Windows NT 10.0; WOW64) AppleWebKit/537.36 (KHTML, like Gecko) Chrome/50.0.2661.102 Safari/537.36" 
95.80.154.74 - - [10/Jul/2016:13:41:01 -0700] "GET /Security-Data-Analysis/Lab_2/http.log.zip HTTP/1.1" 206 6976200 "http://www.secrepo.com/Security-Data-Analysis/Lab_2/" "Mozilla/5.0 (Windows NT 10.0; WOW64) AppleWebKit/537.36 (KHTML, like Gecko) Chrome/50.0.2661.102 Safari/537.36" 
95.80.154.74 - - [10/Jul/2016:13:41:06 -0700] "GET /Security-Data-Analysis/Lab_2/http.log.zip HTTP/1.1" 206 4177600 "http://www.secrepo.com/Security-Data-Analysis/Lab_2/" "Mozilla/5.0 (Windows NT 10.0; WOW64) AppleWebKit/537.36 (KHTML, like Gecko) Chrome/50.0.2661.102 Safari/537.36" 
95.80.154.74 - - [10/Jul/2016:13:43:20 -0700] "GET /Security-Data-Analysis/Lab_2/http.log.zip HTTP/1.1" 206 237760 "http://www.secrepo.com/Security-Data-Analysis/Lab_2/" "Mozilla/5.0 (Windows NT 10.0; WOW64) AppleWebKit/537.36 (KHTML, like Gecko) Chrome/50.0.2661.102 Safari/537.36" 
95.80.154.74 - - [10/Jul/2016:13:41:02 -0700] "GET /Security-Data-Analysis/Lab_2/http.log.zip HTTP/1.1" 206 6865600 "http://www.secrepo.com/Security-Data-Analysis/Lab_2/" "Mozilla/5.0 (Windows NT 10.0; WOW64) AppleWebKit/537.36 (KHTML, like Gecko) Chrome/50.0.2661.102 Safari/537.36" 
95.80.154.74 - - [10/Jul/2016:13:43:19 -0700] "GET /Security-Data-Analysis/Lab_2/http.log.zip HTTP/1.1" 206 488895 "http://www.secrepo.com/Security-Data-Analysis/Lab_2/" "Mozilla/5.0 (Windows NT 10.0; WOW64) AppleWebKit/537.36 (KHTML, like Gecko) Chrome/50.0.2661.102 Safari/537.36" 
95.80.154.74 - - [10/Jul/2016:13:43:11 -0700] "GET /Security-Data-Analysis/Lab_2/http.log.zip HTTP/1.1" 206 666834 "http://www.secrepo.com/Security-Data-Analysis/Lab_2/" "Mozilla/5.0 (Windows NT 10.0; WOW64) AppleWebKit/537.36 (KHTML, like Gecko) Chrome/50.0.2661.102 Safari/537.36" 
95.80.154.74 - - [10/Jul/2016:13:43:21 -0700] "GET /Security-Data-Analysis/Lab_2/http.log.zip HTTP/1.1" 206 220804 "http://www.secrepo.com/Security-Data-Analysis/Lab_2/" "Mozilla/5.0 (Windows NT 10.0; WOW64) AppleWebKit/537.36 (KHTML, like Gecko) Chrome/50.0.2661.102 Safari/537.36" 
95.80.154.74 - - [10/Jul/2016:13:43:19 -0700] "GET /Security-Data-Analysis/Lab_2/http.log.zip HTTP/1.1" 206 454752 "http://www.secrepo.com/Security-Data-Analysis/Lab_2/" "Mozilla/5.0 (Windows NT 10.0; WOW64) AppleWebKit/537.36 (KHTML, like Gecko) Chrome/50.0.2661.102 Safari/537.36" 
95.80.154.74 - - [10/Jul/2016:13:41:01 -0700] "GET /Security-Data-Analysis/Lab_2/http.log.zip HTTP/1.1" 206 5055400 "http://www.secrepo.com/Security-Data-Analysis/Lab_2/" "Mozilla/5.0 (Windows NT 10.0; WOW64) AppleWebKit/537.36 (KHTML, like Gecko) Chrome/50.0.2661.102 Safari/537.36" 
95.80.154.74 - - [10/Jul/2016:13:43:25 -0700] "GET /Security-Data-Analysis/Lab_2/http.log.zip HTTP/1.1" 206 104129 "http://www.secrepo.com/Security-Data-Analysis/Lab_2/" "Mozilla/5.0 (Windows NT 10.0; WOW64) AppleWebKit/537.36 (KHTML, like Gecko) Chrome/50.0.2661.102 Safari/537.36" 
95.80.154.74 - - [10/Jul/2016:13:43:03 -0700] "GET /Security-Data-Analysis/Lab_2/http.log.zip HTTP/1.1" 206 1059800 "http://www.secrepo.com/Security-Data-Analysis/Lab_2/" "Mozilla/5.0 (Windows NT 10.0; WOW64) AppleWebKit/537.36 (KHTML, like Gecko) Chrome/50.0.2661.102 Safari/537.36" 
95.80.154.74 - - [10/Jul/2016:13:43:25 -0700] "GET /Security-Data-Analysis/Lab_2/http.log.zip HTTP/1.1" 206 90487 "http://www.secrepo.com/Security-Data-Analysis/Lab_2/" "Mozilla/5.0 (Windows NT 10.0; WOW64) AppleWebKit/537.36 (KHTML, like Gecko) Chrome/50.0.2661.102 Safari/537.36" 
157.55.39.44 - - [10/Jul/2016:13:56:21 -0700] "GET /self.logs/access.log.2015-10-10.gz HTTP/1.1" 200 4205 "-" "Mozilla/5.0 (compatible; bingbot/2.0; +http://www.bing.com/bingbot.htm)" 
77.75.76.165 - - [10/Jul/2016:14:00:51 -0700] "GET /robots.txt HTTP/1.1" 200 334 "-" "Mozilla/5.0 (compatible; SeznamBot/3.2; +http://napoveda.seznam.cz/en/seznambot-intro/)" 
77.75.76.165 - - [10/Jul/2016:14:00:52 -0700] "GET /self.logs/access.log.2016-01-10.gz HTTP/1.1" 200 7114 "-" "Mozilla/5.0 (compatible; SeznamBot/3.2; +http://napoveda.seznam.cz/en/seznambot-intro/)" 
207.46.13.137 - - [10/Jul/2016:14:13:40 -0700] "GET /self.logs/access.log.2015-07-16.gz HTTP/1.1" 200 7290 "-" "Mozilla/5.0 (compatible; bingbot/2.0; +http://www.bing.com/bingbot.htm)" 
207.46.13.105 - - [10/Jul/2016:14:21:10 -0700] "GET /self.logs/access.log.2016-05-11.gz HTTP/1.1" 200 18278 "-" "Mozilla/5.0 (compatible; bingbot/2.0; +http://www.bing.com/bingbot.htm)" 
207.46.13.131 - - [10/Jul/2016:14:51:15 -0700] "GET /self.logs/access.log.2016-01-09.gz HTTP/1.1" 301 546 "-" "Mozilla/5.0 (compatible; bingbot/2.0; +http://www.bing.com/bingbot.htm)" 
207.46.13.105 - - [10/Jul/2016:15:08:07 -0700] "GET /self.logs/error.log.2016-03-24.gz HTTP/1.1" 200 801 "-" "Mozilla/5.0 (compatible; bingbot/2.0; +http://www.bing.com/bingbot.htm)" 
73.88.138.55 - - [10/Jul/2016:15:17:52 -0700] "GET /bootstrap/img/favicon.ico HTTP/1.1" 200 590 "-" "Mozilla/5.0 (Windows NT 6.3; WOW64; rv:47.0) Gecko/20100101 Firefox/47.0" 
91.200.12.106 - - [10/Jul/2016:15:28:05 -0700] "GET /honeypot/BSidesDFW%20-%202014.ipynb HTTP/1.0" 200 484720 "http://www.secrepo.com/honeypot/BSidesDFW%20-%202014.ipynb" "Mozilla/5.0 (Windows NT 6.3; WOW64; rv:43.0) Gecko/20100101 Firefox/43.0" 
117.64.225.192 - - [10/Jul/2016:15:31:09 -0700] "GET /squid/access.log.gz HTTP/1.1" 301 518 "-" "Mozilla/5.0 (Windows NT 6.1; Trident/7.0; rv:11.0) like Gecko" 
117.64.225.192 - - [10/Jul/2016:15:31:10 -0700] "GET /squid/access.log.gz HTTP/1.1" 200 77562 "-" "Mozilla/5.0 (Windows NT 6.1; Trident/7.0; rv:11.0) like Gecko" 
117.190.191.170 - - [10/Jul/2016:15:36:36 -0700] "GET /tg/a.zip HTTP/1.1" 304 132 "-" "Mozilla/5.0 Gecko/20100115 Firefox/3.6" 
157.55.39.44 - - [10/Jul/2016:15:40:28 -0700] "GET /self.logs/access.log.2015-05-17.gz HTTP/1.1" 200 4110 "-" "Mozilla/5.0 (compatible; bingbot/2.0; +http://www.bing.com/bingbot.htm)" 
117.64.225.192 - - [10/Jul/2016:15:42:04 -0700] "POST /squid/access.log.gz/trackback/ HTTP/1.1" 301 501 "http://secrepo.com/squid/access.log.gz" "Mozilla/5.0 (Windows NT 6.1; Trident/7.0; rv:11.0) like Gecko" 
91.200.12.106 - - [10/Jul/2016:15:45:47 -0700] "GET /honeypot/BSidesDFW%20-%202014.ipynb HTTP/1.0" 200 646780 "http://www.secrepo.com/honeypot/BSidesDFW%20-%202014.ipynb" "Mozilla/5.0 (Windows NT 6.3; WOW64) AppleWebKit/537.36 (KHTML, like Gecko) Chrome/48.0.2564.116 Safari/537.36" 
151.80.31.102 - - [10/Jul/2016:15:50:35 -0700] "GET /self.logs/error.log.2015-08-05.gz HTTP/1.1" 200 999 "-" "Mozilla/5.0 (compatible; AhrefsBot/5.1; +http://ahrefs.com/robot/)" 
75.177.169.126 - - [10/Jul/2016:15:55:30 -0700] "GET / HTTP/1.1" 200 9904 "https://t.co/sCrYyYw3rt" "Mozilla/5.0 (Linux; Android 4.4.2; LGLS740 Build/KOT49I.LS740ZV6) AppleWebKit/537.36 (KHTML, like Gecko) Chrome/51.0.2704.81 Mobile Safari/537.36" 
75.177.169.126 - - [10/Jul/2016:15:55:30 -0700] "GET /twitter-icon.png HTTP/1.1" 200 27787 "http://www.secrepo.com/" "Mozilla/5.0 (Linux; Android 4.4.2; LGLS740 Build/KOT49I.LS740ZV6) AppleWebKit/537.36 (KHTML, like Gecko) Chrome/51.0.2704.81 Mobile Safari/537.36" 
75.177.169.126 - - [10/Jul/2016:15:55:30 -0700] "GET /GitHub-Mark.png HTTP/1.1" 200 7427 "http://www.secrepo.com/" "Mozilla/5.0 (Linux; Android 4.4.2; LGLS740 Build/KOT49I.LS740ZV6) AppleWebKit/537.36 (KHTML, like Gecko) Chrome/51.0.2704.81 Mobile Safari/537.36" 
75.177.169.126 - - [10/Jul/2016:15:55:31 -0700] "GET /bootstrap/img/favicon.ico HTTP/1.1" 200 589 "http://www.secrepo.com/" "Mozilla/5.0 (Linux; Android 4.4.2; LGLS740 Build/KOT49I.LS740ZV6) AppleWebKit/537.36 (KHTML, like Gecko) Chrome/51.0.2704.81 Mobile Safari/537.36" 
207.46.13.131 - - [10/Jul/2016:16:00:02 -0700] "GET /self.logs/access.log.2015-09-12.gz HTTP/1.1" 200 4091 "-" "Mozilla/5.0 (compatible; bingbot/2.0; +http://www.bing.com/bingbot.htm)" 
5.255.250.93 - - [10/Jul/2016:16:02:32 -0700] "GET /self.logs/ HTTP/1.1" 200 11240 "-" "Mozilla/5.0 (compatible; YandexBot/3.0; +http://yandex.com/bots)" 
207.46.13.131 - - [10/Jul/2016:16:18:52 -0700] "GET /robots.txt HTTP/1.1" 200 289 "-" "Mozilla/5.0 (compatible; bingbot/2.0; +http://www.bing.com/bingbot.htm)" 
207.46.13.131 - - [10/Jul/2016:16:18:57 -0700] "GET /self.logs/access.log.2015-10-14.gz HTTP/1.1" 200 11907 "-" "Mozilla/5.0 (compatible; bingbot/2.0; +http://www.bing.com/bingbot.htm)" 
111.7.128.40 - - [10/Jul/2016:16:23:20 -0700] "GET /tg/a.zip HTTP/1.1" 304 132 "-" "Mozilla/5.0 Gecko/20100115 Firefox/3.6" 
45.32.129.200 - - [10/Jul/2016:16:33:45 -0700] "GET / HTTP/1.1" 200 33028 "-" "Mozilla/5.0 (Windows NT 6.1; WOW64) AppleWebKit/537.36 (KHTML, like Gecko) Chrome/40.0.2214.115 Safari/537.36" 
71.114.93.9 - - [10/Jul/2016:16:43:25 -0700] "GET /bootstrap/img/favicon.ico HTTP/1.1" 200 590 "-" "Mozilla/5.0 (Windows NT 6.1; WOW64; rv:47.0) Gecko/20100101 Firefox/47.0" 
108.217.160.57 - - [10/Jul/2016:16:43:53 -0700] "GET / HTTP/1.1" 304 189 "https://www.google.com/" "Mozilla/5.0 (Macintosh; Intel Mac OS X 10_11_4) AppleWebKit/537.36 (KHTML, like Gecko) Chrome/51.0.2704.103 Safari/537.36" 
108.217.160.57 - - [10/Jul/2016:16:43:54 -0700] "GET /twitter-icon.png HTTP/1.1" 304 165 "http://www.secrepo.com/" "Mozilla/5.0 (Macintosh; Intel Mac OS X 10_11_4) AppleWebKit/537.36 (KHTML, like Gecko) Chrome/51.0.2704.103 Safari/537.36" 
108.217.160.57 - - [10/Jul/2016:16:43:54 -0700] "GET /GitHub-Mark.png HTTP/1.1" 304 165 "http://www.secrepo.com/" "Mozilla/5.0 (Macintosh; Intel Mac OS X 10_11_4) AppleWebKit/537.36 (KHTML, like Gecko) Chrome/51.0.2704.103 Safari/537.36" 
164.132.161.8 - - [10/Jul/2016:16:49:24 -0700] "GET /self.logs/access.log.2016-07-02.gz HTTP/1.1" 200 5605 "-" "Mozilla/5.0 (compatible; AhrefsBot/5.1; +http://ahrefs.com/robot/)" 
178.137.89.208 - - [10/Jul/2016:16:50:59 -0700] "GET /honeypot/ HTTP/1.1" 200 1077 "http://igrovyeavtomaty777.ru/" "Mozilla/4.0 (compatible; MSIE 5.5; Windows 98)" 
178.137.89.208 - - [10/Jul/2016:16:50:59 -0700] "GET /honeypot/ HTTP/1.1" 200 1077 "http://igrovyeavtomaty777.ru/" "Mozilla/4.0 (compatible; MSIE 5.5; Windows 98)" 
178.137.89.208 - - [10/Jul/2016:16:51:01 -0700] "GET /honeypot/ HTTP/1.1" 200 1077 "http://igrovyeavtomaty777.ru/" "Mozilla/4.0 (compatible; MSIE 5.5; Windows 98)" 
207.46.13.137 - - [10/Jul/2016:17:16:28 -0700] "GET /self.logs/error.log.2015-05-29.gz HTTP/1.1" 200 754 "-" "Mozilla/5.0 (compatible; bingbot/2.0; +http://www.bing.com/bingbot.htm)" 
46.119.117.55 - - [10/Jul/2016:17:24:06 -0700] "GET /honeypot/ HTTP/1.1" 200 1077 "http://www.o-trubah.com/" "Mozilla/4.0 (compatible; MSIE 6.0; Windows NT 5.1; TheFreeDictionary.com; .NET CLR 1.1.4322; .NET CLR 1.0.3705; .NET CLR 2.0.50727)" 
46.119.117.55 - - [10/Jul/2016:17:24:07 -0700] "GET /honeypot/ HTTP/1.1" 200 1077 "http://www.o-trubah.com/" "Mozilla/4.0 (compatible; MSIE 6.0; Windows NT 5.1; TheFreeDictionary.com; .NET CLR 1.1.4322; .NET CLR 1.0.3705; .NET CLR 2.0.50727)" 
207.46.13.100 - - [10/Jul/2016:17:26:06 -0700] "GET /self.logs/error.log.2015-01-25.gz HTTP/1.1" 200 611 "-" "Mozilla/5.0 (compatible; bingbot/2.0; +http://www.bing.com/bingbot.htm)" 
66.249.64.129 - - [10/Jul/2016:17:32:09 -0700] "GET / HTTP/1.1" 200 9904 "-" "DoCoMo/2.0 N905i(c100;TB;W24H16) (compatible; Googlebot-Mobile/2.1; +http://www.google.com/bot.html)" 
207.46.13.105 - - [10/Jul/2016:17:56:13 -0700] "GET /self.logs/access.log.2015-02-07.gz HTTP/1.1" 200 2820 "-" "Mozilla/5.0 (compatible; bingbot/2.0; +http://www.bing.com/bingbot.htm)" 
172.96.113.119 - - [10/Jul/2016:17:56:46 -0700] "GET /bootstrap/img/favicon.ico HTTP/1.1" 304 165 "-" "Mozilla/5.0 (Windows NT 6.1; WOW64; rv:47.0) Gecko/20100101 Firefox/47.0" 
207.46.13.137 - - [10/Jul/2016:18:04:36 -0700] "GET /self.logs/access.log.2015-07-24.gz HTTP/1.1" 301 546 "-" "Mozilla/5.0 (compatible; bingbot/2.0; +http://www.bing.com/bingbot.htm)" 
180.76.15.150 - - [10/Jul/2016:18:20:17 -0700] "GET /honeypot/Honeypot%20-%20Howto.pdf HTTP/1.1" 200 687660 "-" "Mozilla/5.0 (compatible; Baiduspider/2.0; +http://www.baidu.com/search/spider.html)" 
117.190.191.170 - - [10/Jul/2016:18:36:36 -0700] "GET /tg/a.zip HTTP/1.1" 304 132 "-" "Mozilla/5.0 Gecko/20100115 Firefox/3.6" 
209.190.113.85 - - [10/Jul/2016:18:53:55 -0700] "GET /robots.txt HTTP/1.1" 200 334 "-" "Mozilla/5.0 (Windows NT 6.1) (compatible; SMTBot/1.0; +http://www.similartech.com/smtbot)" 
209.190.113.85 - - [10/Jul/2016:18:54:36 -0700] "GET / HTTP/1.1" 301 483 "-" "Mozilla/5.0 (Windows NT 6.1) (compatible; SMTBot/1.0; +http://www.similartech.com/smtbot)" 
209.190.113.85 - - [10/Jul/2016:18:54:45 -0700] "GET / HTTP/1.1" 200 9904 "-" "Mozilla/5.0 (Windows NT 6.1) (compatible; SMTBot/1.0; +http://www.similartech.com/smtbot)" 
209.190.113.85 - - [10/Jul/2016:18:55:10 -0700] "GET / HTTP/1.1" 301 483 "-" "Mozilla/5.0 (iPhone; CPU iPhone OS 6_0 like Mac OS X) AppleWebKit/536.26 (KHTML, like Gecko)                 Version/6.0 Mobile/10A5376e Safari/8536.25 (compatible; SMTBot/1.0; +http://www.similartech.com/smtbot)" 
209.190.113.85 - - [10/Jul/2016:18:55:51 -0700] "GET / HTTP/1.1" 200 9904 "-" "Mozilla/5.0 (iPhone; CPU iPhone OS 6_0 like Mac OS X) AppleWebKit/536.26 (KHTML, like Gecko)                 Version/6.0 Mobile/10A5376e Safari/8536.25 (compatible; SMTBot/1.0; +http://www.similartech.com/smtbot)" 
209.190.113.85 - - [10/Jul/2016:18:55:52 -0700] "GET /tg/tg_snort_full.7z HTTP/1.1" 301 521 "-" "Mozilla/5.0 (Windows NT 6.1) (compatible; SMTBot/1.0; +http://www.similartech.com/smtbot)" 
209.190.113.85 - - [10/Jul/2016:18:55:52 -0700] "GET /maccdc2012/maccdc2012_full_alert.7z HTTP/1.1" 301 544 "-" "Mozilla/5.0 (Windows NT 6.1) (compatible; SMTBot/1.0; +http://www.similartech.com/smtbot)" 
209.190.113.85 - - [10/Jul/2016:18:55:52 -0700] "GET /tg/tg_snort_fast.7z HTTP/1.1" 301 522 "-" "Mozilla/5.0 (Windows NT 6.1) (compatible; SMTBot/1.0; +http://www.similartech.com/smtbot)" 
209.190.113.85 - - [10/Jul/2016:18:55:52 -0700] "GET /maccdc2012/maccdc2012_fast_alert.7z HTTP/1.1" 301 545 "-" "Mozilla/5.0 (Windows NT 6.1) (compatible; SMTBot/1.0; +http://www.similartech.com/smtbot)" 
209.190.113.85 - - [10/Jul/2016:18:55:52 -0700] "GET /data HTTP/1.1" 301 488 "-" "Mozilla/5.0 (Windows NT 6.1) (compatible; SMTBot/1.0; +http://www.similartech.com/smtbot)" 
209.190.113.85 - - [10/Jul/2016:18:55:52 -0700] "GET /self.logs/ HTTP/1.1" 301 499 "-" "Mozilla/5.0 (Windows NT 6.1) (compatible; SMTBot/1.0; +http://www.similartech.com/smtbot)" 
209.190.113.85 - - [10/Jul/2016:18:55:52 -0700] "GET /honeypot/BSidesDFW%20-%202014.ipynb HTTP/1.1" 301 540 "-" "Mozilla/5.0 (Windows NT 6.1) (compatible; SMTBot/1.0; +http://www.similartech.com/smtbot)" 
209.190.113.85 - - [10/Jul/2016:18:56:15 -0700] "GET /self.logs/ HTTP/1.1" 200 11241 "-" "Mozilla/5.0 (Windows NT 6.1) (compatible; SMTBot/1.0; +http://www.similartech.com/smtbot)" 
209.190.113.85 - - [10/Jul/2016:18:56:19 -0700] "GET /data HTTP/1.1" 404 340 "-" "Mozilla/5.0 (Windows NT 6.1) (compatible; SMTBot/1.0; +http://www.similartech.com/smtbot)" 
209.190.113.85 - - [10/Jul/2016:18:56:10 -0700] "GET /tg/tg_snort_full.7z HTTP/1.1" 200 8847794 "-" "Mozilla/5.0 (Windows NT 6.1) (compatible; SMTBot/1.0; +http://www.similartech.com/smtbot)" 
209.190.113.85 - - [10/Jul/2016:18:56:13 -0700] "GET /tg/tg_snort_fast.7z HTTP/1.1" 200 4274093 "-" "Mozilla/5.0 (Windows NT 6.1) (compatible; SMTBot/1.0; +http://www.similartech.com/smtbot)" 
209.190.113.85 - - [10/Jul/2016:18:56:12 -0700] "GET /maccdc2012/maccdc2012_fast_alert.7z HTTP/1.1" 200 9478149 "-" "Mozilla/5.0 (Windows NT 6.1) (compatible; SMTBot/1.0; +http://www.similartech.com/smtbot)" 
209.190.113.85 - - [10/Jul/2016:18:56:25 -0700] "GET /honeypot/BSidesDFW - 2014.ipynb HTTP/1.1" 404 340 "-" "Mozilla/5.0 (Windows NT 6.1) (compatible; SMTBot/1.0; +http://www.similartech.com/smtbot)" 
209.190.113.85 - - [10/Jul/2016:18:56:27 -0700] "GET /maccdc2012/maccdc2012_full_alert.7z HTTP/1.1" 200 24978942 "-" "Mozilla/5.0 (Windows NT 6.1) (compatible; SMTBot/1.0; +http://www.similartech.com/smtbot)" 
77.75.78.167 - - [10/Jul/2016:18:57:47 -0700] "GET /robots.txt HTTP/1.1" 200 334 "-" "Mozilla/5.0 (compatible; SeznamBot/3.2; +http://napoveda.seznam.cz/en/seznambot-intro/)" 
77.75.78.167 - - [10/Jul/2016:18:57:48 -0700] "GET /self.logs/error.log.2016-01-29.gz HTTP/1.1" 200 669 "-" "Mozilla/5.0 (compatible; SeznamBot/3.2; +http://napoveda.seznam.cz/en/seznambot-intro/)" 
173.252.120.114 - - [10/Jul/2016:19:06:33 -0700] "GET /twitter-icon.png HTTP/1.1" 200 27788 "-" "facebookexternalhit/1.1 (+http://www.facebook.com/externalhit_uatext.php)" 
207.46.13.151 - - [10/Jul/2016:19:06:54 -0700] "GET /self.logs/error.log.2015-05-16.gz HTTP/1.1" 200 652 "-" "Mozilla/5.0 (compatible; bingbot/2.0; +http://www.bing.com/bingbot.htm)" 
66.249.83.209 - - [10/Jul/2016:19:12:05 -0700] "GET / HTTP/1.1" 200 9904 "-" "Mozilla/5.0 (X11; Linux x86_64) AppleWebKit/537.36 (KHTML, like Gecko) Chrome/49.0.2623.75 Safari/537.36 Google Favicon" 
66.249.83.209 - - [10/Jul/2016:19:12:05 -0700] "GET /bootstrap/img/favicon.ico HTTP/1.1" 200 589 "-" "Mozilla/5.0 (X11; Linux x86_64) AppleWebKit/537.36 (KHTML, like Gecko) Chrome/49.0.2623.75 Safari/537.36 Google Favicon" 
111.7.128.40 - - [10/Jul/2016:19:23:24 -0700] "GET /tg/a.zip HTTP/1.1" 304 132 "-" "Mozilla/5.0 Gecko/20100115 Firefox/3.6" 
79.115.193.175 - - [10/Jul/2016:19:32:33 -0700] "GET / HTTP/1.1" 200 33084 "-" "Java/1.6.0_04" 
79.115.193.175 - - [10/Jul/2016:19:32:34 -0700] "GET /GitHub-Mark.png HTTP/1.1" 200 7427 "-" "Java/1.6.0_04" 
79.115.193.175 - - [10/Jul/2016:19:32:34 -0700] "GET /self.logs HTTP/1.1" 301 517 "-" "Java/1.6.0_04" 
79.115.193.175 - - [10/Jul/2016:19:32:34 -0700] "GET /self.logs/ HTTP/1.1" 200 103547 "-" "Java/1.6.0_04" 
79.115.193.175 - - [10/Jul/2016:19:32:39 -0700] "GET /twitter-icon.png HTTP/1.1" 200 27788 "-" "Java/1.6.0_04" 
79.115.193.175 - - [10/Jul/2016:19:32:39 -0700] "GET /access.log.2015-01-17.gz HTTP/1.1" 404 294 "-" "Java/1.6.0_04" 
79.115.193.175 - - [10/Jul/2016:19:32:40 -0700] "GET /access.log.2015-01-18.gz HTTP/1.1" 404 294 "-" "Java/1.6.0_04" 
79.115.193.175 - - [10/Jul/2016:19:32:40 -0700] "GET /access.log.2015-01-19.gz HTTP/1.1" 404 294 "-" "Java/1.6.0_04" 
79.115.193.175 - - [10/Jul/2016:19:32:40 -0700] "GET /access.log.2015-01-20.gz HTTP/1.1" 404 294 "-" "Java/1.6.0_04" 
79.115.193.175 - - [10/Jul/2016:19:32:40 -0700] "GET /access.log.2015-01-21.gz HTTP/1.1" 404 294 "-" "Java/1.6.0_04" 
79.115.193.175 - - [10/Jul/2016:19:32:40 -0700] "GET /access.log.2015-01-22.gz HTTP/1.1" 404 294 "-" "Java/1.6.0_04" 
79.115.193.175 - - [10/Jul/2016:19:32:40 -0700] "GET /access.log.2015-01-23.gz HTTP/1.1" 404 294 "-" "Java/1.6.0_04" 
79.115.193.175 - - [10/Jul/2016:19:32:41 -0700] "GET /access.log.2015-01-24.gz HTTP/1.1" 404 294 "-" "Java/1.6.0_04" 
79.115.193.175 - - [10/Jul/2016:19:32:41 -0700] "GET /access.log.2015-01-25.gz HTTP/1.1" 404 294 "-" "Java/1.6.0_04" 
79.115.193.175 - - [10/Jul/2016:19:32:41 -0700] "GET /access.log.2015-01-26.gz HTTP/1.1" 404 294 "-" "Java/1.6.0_04" 
79.115.193.175 - - [10/Jul/2016:19:32:41 -0700] "GET /access.log.2015-01-27.gz HTTP/1.1" 404 294 "-" "Java/1.6.0_04" 
79.115.193.175 - - [10/Jul/2016:19:32:41 -0700] "GET /access.log.2015-01-28.gz HTTP/1.1" 404 294 "-" "Java/1.6.0_04" 
79.115.193.175 - - [10/Jul/2016:19:32:42 -0700] "GET /access.log.2015-01-29.gz HTTP/1.1" 404 294 "-" "Java/1.6.0_04" 
