109.175.65.148 - - [15/Jul/2017:14:25:02 -0700] "GET /wp-login.php HTTP/1.1" 404 295 "-" "Mozilla/5.0 (Windows NT 6.1; WOW64; rv:40.0) Gecko/20100101 Firefox/40.1" 
109.175.65.148 - - [15/Jul/2017:14:25:08 -0700] "GET /wp-login.php HTTP/1.1" 404 295 "-" "Mozilla/5.0 (Windows NT 6.1; WOW64; rv:40.0) Gecko/20100101 Firefox/40.1" 
109.175.65.148 - - [15/Jul/2017:14:25:14 -0700] "GET / HTTP/1.1" 200 36476 "-" "Mozilla/5.0 (Windows NT 6.1; WOW64; rv:40.0) Gecko/20100101 Firefox/40.1" 
77.242.95.103 - - [15/Jul/2017:14:26:08 -0700] "GET /wp-login.php HTTP/1.1" 404 295 "-" "Mozilla/5.0 (Windows NT 6.1; WOW64; rv:40.0) Gecko/20100101 Firefox/40.1" 
77.242.95.103 - - [15/Jul/2017:14:26:13 -0700] "GET /wp-login.php HTTP/1.1" 404 295 "-" "Mozilla/5.0 (Windows NT 6.1; WOW64; rv:40.0) Gecko/20100101 Firefox/40.1" 
77.242.95.103 - - [15/Jul/2017:14:26:19 -0700] "GET / HTTP/1.1" 200 36476 "-" "Mozilla/5.0 (Windows NT 6.1; WOW64; rv:40.0) Gecko/20100101 Firefox/40.1" 
164.132.161.6 - - [15/Jul/2017:14:31:38 -0700] "GET /self.logs/error.log.2016-03-11.gz HTTP/1.1" 200 835 "-" "Mozilla/5.0 (compatible; AhrefsBot/5.2; +http://ahrefs.com/robot/)" 
178.149.124.17 - - [15/Jul/2017:14:35:09 -0700] "GET /wp-login.php HTTP/1.1" 404 295 "-" "Mozilla/5.0 (Windows NT 6.1; WOW64; rv:40.0) Gecko/20100101 Firefox/40.1" 
178.149.124.17 - - [15/Jul/2017:14:35:15 -0700] "GET /wp-login.php HTTP/1.1" 404 295 "-" "Mozilla/5.0 (Windows NT 6.1; WOW64; rv:40.0) Gecko/20100101 Firefox/40.1" 
178.149.124.17 - - [15/Jul/2017:14:35:20 -0700] "GET / HTTP/1.1" 200 36476 "-" "Mozilla/5.0 (Windows NT 6.1; WOW64; rv:40.0) Gecko/20100101 Firefox/40.1" 
109.175.65.148 - - [15/Jul/2017:14:35:45 -0700] "GET /wp-login.php HTTP/1.1" 301 522 "-" "Mozilla/5.0 (Windows NT 6.1; WOW64; rv:40.0) Gecko/20100101 Firefox/40.1" 
109.175.65.148 - - [15/Jul/2017:14:35:46 -0700] "GET /wp-login.php HTTP/1.1" 404 295 "-" "Mozilla/5.0 (Windows NT 6.1; WOW64; rv:40.0) Gecko/20100101 Firefox/40.1" 
109.175.65.148 - - [15/Jul/2017:14:35:52 -0700] "GET /wp-login.php HTTP/1.1" 301 522 "-" "Mozilla/5.0 (Windows NT 6.1; WOW64; rv:40.0) Gecko/20100101 Firefox/40.1" 
109.175.65.148 - - [15/Jul/2017:14:35:52 -0700] "GET /wp-login.php HTTP/1.1" 404 295 "-" "Mozilla/5.0 (Windows NT 6.1; WOW64; rv:40.0) Gecko/20100101 Firefox/40.1" 
109.175.65.148 - - [15/Jul/2017:14:35:58 -0700] "GET / HTTP/1.1" 301 498 "-" "Mozilla/5.0 (Windows NT 6.1; WOW64; rv:40.0) Gecko/20100101 Firefox/40.1" 
109.175.65.148 - - [15/Jul/2017:14:35:59 -0700] "GET / HTTP/1.1" 200 36476 "-" "Mozilla/5.0 (Windows NT 6.1; WOW64; rv:40.0) Gecko/20100101 Firefox/40.1" 
52.168.161.70 - - [15/Jul/2017:14:41:34 -0700] "HEAD / HTTP/1.1" 301 253 "https://www.google.com/" "Mozilla/5.0 (compatible; epicbot; +http://www.epictions.com/epicbot)" 
52.168.161.70 - - [15/Jul/2017:14:41:34 -0700] "HEAD / HTTP/1.1" 301 253 "https://www.google.com/" "Mozilla/5.0 (compatible; epicbot; +http://www.epictions.com/epicbot)" 
52.168.161.70 - - [15/Jul/2017:14:41:34 -0700] "HEAD / HTTP/1.1" 301 253 "https://www.google.com/" "Mozilla/5.0 (compatible; epicbot; +http://www.epictions.com/epicbot)" 
52.168.161.70 - - [15/Jul/2017:14:41:34 -0700] "HEAD / HTTP/1.1" 301 253 "https://www.google.com/" "Mozilla/5.0 (compatible; epicbot; +http://www.epictions.com/epicbot)" 
52.168.161.70 - - [15/Jul/2017:14:41:36 -0700] "HEAD / HTTP/1.1" 301 253 "https://www.google.com/" "Mozilla/5.0 (compatible; epicbot; +http://www.epictions.com/epicbot)" 
52.168.161.70 - - [15/Jul/2017:14:41:36 -0700] "HEAD / HTTP/1.1" 301 253 "https://www.google.com/" "Mozilla/5.0 (compatible; epicbot; +http://www.epictions.com/epicbot)" 
52.168.161.70 - - [15/Jul/2017:14:41:36 -0700] "HEAD / HTTP/1.1" 301 253 "https://www.google.com/" "Mozilla/5.0 (compatible; epicbot; +http://www.epictions.com/epicbot)" 
52.168.161.70 - - [15/Jul/2017:14:41:36 -0700] "HEAD / HTTP/1.1" 301 253 "https://www.google.com/" "Mozilla/5.0 (compatible; epicbot; +http://www.epictions.com/epicbot)" 
52.168.161.70 - - [15/Jul/2017:14:41:37 -0700] "HEAD / HTTP/1.1" 301 253 "https://www.google.com/" "Mozilla/5.0 (compatible; epicbot; +http://www.epictions.com/epicbot)" 
52.168.161.70 - - [15/Jul/2017:14:41:37 -0700] "HEAD / HTTP/1.1" 301 253 "https://www.google.com/" "Mozilla/5.0 (compatible; epicbot; +http://www.epictions.com/epicbot)" 
52.168.161.70 - - [15/Jul/2017:14:41:37 -0700] "HEAD / HTTP/1.1" 301 253 "https://www.google.com/" "Mozilla/5.0 (compatible; epicbot; +http://www.epictions.com/epicbot)" 
52.168.161.70 - - [15/Jul/2017:14:41:37 -0700] "HEAD / HTTP/1.1" 301 253 "https://www.google.com/" "Mozilla/5.0 (compatible; epicbot; +http://www.epictions.com/epicbot)" 
89.208.69.167 - - [15/Jul/2017:14:43:44 -0700] "GET / HTTP/1.1" 200 10794 "-" "Mozilla/5.0 (X11; Linux x86_64) AppleWebKit/537.36 (KHTML, like Gecko) Ubuntu Chromium/59.0.3071.109 Chrome/59.0.3071.109 Safari/537.36" 
89.208.69.167 - - [15/Jul/2017:14:43:44 -0700] "GET /GitHub-Mark.png HTTP/1.1" 200 7427 "http://www.secrepo.com/" "Mozilla/5.0 (X11; Linux x86_64) AppleWebKit/537.36 (KHTML, like Gecko) Ubuntu Chromium/59.0.3071.109 Chrome/59.0.3071.109 Safari/537.36" 
52.168.161.70 - - [15/Jul/2017:14:48:10 -0700] "HEAD / HTTP/1.1" 200 282 "https://www.google.com/" "Mozilla/5.0 (compatible; epicbot; +http://www.epictions.com/epicbot)" 
52.168.161.70 - - [15/Jul/2017:14:48:14 -0700] "HEAD / HTTP/1.1" 200 282 "https://www.google.com/" "Mozilla/5.0 (compatible; epicbot; +http://www.epictions.com/epicbot)" 
52.168.161.70 - - [15/Jul/2017:14:48:14 -0700] "HEAD / HTTP/1.1" 200 282 "https://www.google.com/" "Mozilla/5.0 (compatible; epicbot; +http://www.epictions.com/epicbot)" 
157.55.39.135 - - [15/Jul/2017:14:48:42 -0700] "GET / HTTP/1.1" 200 10794 "-" "Mozilla/5.0 (compatible; bingbot/2.0; +http://www.bing.com/bingbot.htm)" 
216.244.66.227 - - [15/Jul/2017:14:51:50 -0700] "GET /robots.txt HTTP/1.1" 200 233 "-" "Mozilla/5.0 (compatible; DotBot/1.1; http://www.opensiteexplorer.org/dotbot, help@moz.com)" 
51.175.232.246 - - [15/Jul/2017:14:55:05 -0700] "GET /wp-login.php HTTP/1.1" 404 295 "-" "Mozilla/5.0 (Windows NT 6.1; WOW64; rv:40.0) Gecko/20100101 Firefox/40.1" 
51.175.232.246 - - [15/Jul/2017:14:55:10 -0700] "GET /wp-login.php HTTP/1.1" 404 295 "-" "Mozilla/5.0 (Windows NT 6.1; WOW64; rv:40.0) Gecko/20100101 Firefox/40.1" 
51.175.232.246 - - [15/Jul/2017:14:55:16 -0700] "GET / HTTP/1.1" 200 36476 "-" "Mozilla/5.0 (Windows NT 6.1; WOW64; rv:40.0) Gecko/20100101 Firefox/40.1" 
217.182.132.71 - - [15/Jul/2017:14:57:07 -0700] "GET /self.logs/error.log.2015-02-10.gz HTTP/1.1" 200 4846 "-" "Mozilla/5.0 (compatible; AhrefsBot/5.2; +http://ahrefs.com/robot/)" 
156.196.53.3 - - [15/Jul/2017:14:57:45 -0700] "GET /wp-login.php HTTP/1.1" 404 295 "-" "Mozilla/5.0 (Windows NT 6.1; WOW64; rv:40.0) Gecko/20100101 Firefox/40.1" 
156.196.53.3 - - [15/Jul/2017:14:57:50 -0700] "GET /wp-login.php HTTP/1.1" 404 295 "-" "Mozilla/5.0 (Windows NT 6.1; WOW64; rv:40.0) Gecko/20100101 Firefox/40.1" 
156.196.53.3 - - [15/Jul/2017:14:57:55 -0700] "GET / HTTP/1.1" 200 36476 "-" "Mozilla/5.0 (Windows NT 6.1; WOW64; rv:40.0) Gecko/20100101 Firefox/40.1" 
178.149.124.17 - - [15/Jul/2017:15:03:48 -0700] "GET /wp-login.php HTTP/1.1" 301 522 "-" "Mozilla/5.0 (Windows NT 6.1; WOW64; rv:40.0) Gecko/20100101 Firefox/40.1" 
178.149.124.17 - - [15/Jul/2017:15:03:48 -0700] "GET /wp-login.php HTTP/1.1" 404 295 "-" "Mozilla/5.0 (Windows NT 6.1; WOW64; rv:40.0) Gecko/20100101 Firefox/40.1" 
178.149.124.17 - - [15/Jul/2017:15:03:53 -0700] "GET /wp-login.php HTTP/1.1" 301 522 "-" "Mozilla/5.0 (Windows NT 6.1; WOW64; rv:40.0) Gecko/20100101 Firefox/40.1" 
178.149.124.17 - - [15/Jul/2017:15:03:54 -0700] "GET /wp-login.php HTTP/1.1" 404 295 "-" "Mozilla/5.0 (Windows NT 6.1; WOW64; rv:40.0) Gecko/20100101 Firefox/40.1" 
178.149.124.17 - - [15/Jul/2017:15:03:59 -0700] "GET / HTTP/1.1" 301 498 "-" "Mozilla/5.0 (Windows NT 6.1; WOW64; rv:40.0) Gecko/20100101 Firefox/40.1" 
178.149.124.17 - - [15/Jul/2017:15:03:59 -0700] "GET / HTTP/1.1" 200 36476 "-" "Mozilla/5.0 (Windows NT 6.1; WOW64; rv:40.0) Gecko/20100101 Firefox/40.1" 
156.196.53.3 - - [15/Jul/2017:15:06:28 -0700] "GET /wp-login.php HTTP/1.1" 301 522 "-" "Mozilla/5.0 (Windows NT 6.1; WOW64; rv:40.0) Gecko/20100101 Firefox/40.1" 
156.196.53.3 - - [15/Jul/2017:15:06:28 -0700] "GET /wp-login.php HTTP/1.1" 404 295 "-" "Mozilla/5.0 (Windows NT 6.1; WOW64; rv:40.0) Gecko/20100101 Firefox/40.1" 
156.196.53.3 - - [15/Jul/2017:15:06:34 -0700] "GET /wp-login.php HTTP/1.1" 301 522 "-" "Mozilla/5.0 (Windows NT 6.1; WOW64; rv:40.0) Gecko/20100101 Firefox/40.1" 
156.196.53.3 - - [15/Jul/2017:15:06:35 -0700] "GET /wp-login.php HTTP/1.1" 404 295 "-" "Mozilla/5.0 (Windows NT 6.1; WOW64; rv:40.0) Gecko/20100101 Firefox/40.1" 
156.196.53.3 - - [15/Jul/2017:15:06:40 -0700] "GET / HTTP/1.1" 301 498 "-" "Mozilla/5.0 (Windows NT 6.1; WOW64; rv:40.0) Gecko/20100101 Firefox/40.1" 
156.196.53.3 - - [15/Jul/2017:15:06:44 -0700] "GET / HTTP/1.1" 200 36476 "-" "Mozilla/5.0 (Windows NT 6.1; WOW64; rv:40.0) Gecko/20100101 Firefox/40.1" 
217.182.132.176 - - [15/Jul/2017:15:07:04 -0700] "GET /self.logs/error.log.2016-04-20.gz HTTP/1.1" 200 761 "-" "Mozilla/5.0 (compatible; AhrefsBot/5.2; +http://ahrefs.com/robot/)" 
164.132.161.80 - - [15/Jul/2017:15:09:52 -0700] "GET /self.logs/error.log.2016-11-11.gz HTTP/1.1" 200 451 "-" "Mozilla/5.0 (compatible; AhrefsBot/5.2; +http://ahrefs.com/robot/)" 
216.244.66.227 - - [15/Jul/2017:15:11:53 -0700] "GET /self.logs/access.log.2015-11-24.gz HTTP/1.1" 200 10394 "-" "Mozilla/5.0 (compatible; DotBot/1.1; http://www.opensiteexplorer.org/dotbot, help@moz.com)" 
216.244.66.227 - - [15/Jul/2017:15:11:54 -0700] "GET /self.logs/access.log.2016-10-02.gz HTTP/1.1" 200 9302 "-" "Mozilla/5.0 (compatible; DotBot/1.1; http://www.opensiteexplorer.org/dotbot, help@moz.com)" 
216.244.66.227 - - [15/Jul/2017:15:11:55 -0700] "GET /self.logs/error.log.2015-02-28.gz HTTP/1.1" 200 873 "-" "Mozilla/5.0 (compatible; DotBot/1.1; http://www.opensiteexplorer.org/dotbot, help@moz.com)" 
216.244.66.227 - - [15/Jul/2017:15:11:58 -0700] "GET /self.logs/error.log.2015-04-03.gz HTTP/1.1" 200 829 "-" "Mozilla/5.0 (compatible; DotBot/1.1; http://www.opensiteexplorer.org/dotbot, help@moz.com)" 
216.244.66.227 - - [15/Jul/2017:15:11:58 -0700] "GET /self.logs/error.log.2016-03-07.gz HTTP/1.1" 200 661 "-" "Mozilla/5.0 (compatible; DotBot/1.1; http://www.opensiteexplorer.org/dotbot, help@moz.com)" 
216.244.66.227 - - [15/Jul/2017:15:12:01 -0700] "GET /self.logs/error.log.2016-05-05.gz HTTP/1.1" 200 624 "-" "Mozilla/5.0 (compatible; DotBot/1.1; http://www.opensiteexplorer.org/dotbot, help@moz.com)" 
216.244.66.227 - - [15/Jul/2017:15:12:01 -0700] "GET /self.logs/error.log.2016-06-14.gz HTTP/1.1" 200 1132 "-" "Mozilla/5.0 (compatible; DotBot/1.1; http://www.opensiteexplorer.org/dotbot, help@moz.com)" 
216.244.66.227 - - [15/Jul/2017:15:12:03 -0700] "GET /self.logs/error.log.2016-10-04.gz HTTP/1.1" 200 872 "-" "Mozilla/5.0 (compatible; DotBot/1.1; http://www.opensiteexplorer.org/dotbot, help@moz.com)" 
120.192.95.88 - - [15/Jul/2017:15:25:09 -0700] "GET /maccdc2012/maccdc2012_full_alert.7z HTTP/1.1" 304 132 "-" "Mozilla/5.0 Gecko/20100115 Firefox/3.6" 
46.7.194.149 - - [15/Jul/2017:15:34:18 -0700] "GET /wp-login.php HTTP/1.1" 301 522 "-" "Mozilla/5.0 (Windows NT 6.1; WOW64; rv:40.0) Gecko/20100101 Firefox/40.1" 
46.7.194.149 - - [15/Jul/2017:15:34:18 -0700] "GET /wp-login.php HTTP/1.1" 404 295 "-" "Mozilla/5.0 (Windows NT 6.1; WOW64; rv:40.0) Gecko/20100101 Firefox/40.1" 
46.7.194.149 - - [15/Jul/2017:15:34:24 -0700] "GET /wp-login.php HTTP/1.1" 301 522 "-" "Mozilla/5.0 (Windows NT 6.1; WOW64; rv:40.0) Gecko/20100101 Firefox/40.1" 
46.7.194.149 - - [15/Jul/2017:15:34:24 -0700] "GET /wp-login.php HTTP/1.1" 404 295 "-" "Mozilla/5.0 (Windows NT 6.1; WOW64; rv:40.0) Gecko/20100101 Firefox/40.1" 
46.7.194.149 - - [15/Jul/2017:15:34:29 -0700] "GET / HTTP/1.1" 301 498 "-" "Mozilla/5.0 (Windows NT 6.1; WOW64; rv:40.0) Gecko/20100101 Firefox/40.1" 
46.7.194.149 - - [15/Jul/2017:15:34:29 -0700] "GET / HTTP/1.1" 200 36476 "-" "Mozilla/5.0 (Windows NT 6.1; WOW64; rv:40.0) Gecko/20100101 Firefox/40.1" 
216.244.66.227 - - [15/Jul/2017:15:36:23 -0700] "GET /robots.txt HTTP/1.1" 200 233 "-" "Mozilla/5.0 (compatible; DotBot/1.1; http://www.opensiteexplorer.org/dotbot, help@moz.com)" 
120.221.1.28 - - [15/Jul/2017:15:36:33 -0700] "GET /maccdc2012/files.log.gz HTTP/1.1" 304 155 "-" "Mozilla/5.0 Gecko/20100115 Firefox/3.6" 
164.132.161.4 - - [15/Jul/2017:15:47:53 -0700] "GET /self.logs/error.log.2016-05-25.gz HTTP/1.1" 200 996 "-" "Mozilla/5.0 (compatible; AhrefsBot/5.2; +http://ahrefs.com/robot/)" 
73.202.36.56 - - [15/Jul/2017:15:51:13 -0700] "GET /bootstrap/img/favicon.ico HTTP/1.1" 200 590 "-" "Mozilla/5.0 (Macintosh; Intel Mac OS X 10.12; rv:54.0) Gecko/20100101 Firefox/54.0" 
58.6.200.118 - - [15/Jul/2017:15:51:45 -0700] "GET /wp-login.php HTTP/1.1" 404 295 "-" "Mozilla/5.0 (Windows NT 6.1; WOW64; rv:40.0) Gecko/20100101 Firefox/40.1" 
58.6.200.118 - - [15/Jul/2017:15:51:50 -0700] "GET /wp-login.php HTTP/1.1" 404 295 "-" "Mozilla/5.0 (Windows NT 6.1; WOW64; rv:40.0) Gecko/20100101 Firefox/40.1" 
58.6.200.118 - - [15/Jul/2017:15:51:56 -0700] "GET / HTTP/1.1" 200 36476 "-" "Mozilla/5.0 (Windows NT 6.1; WOW64; rv:40.0) Gecko/20100101 Firefox/40.1" 
216.244.66.227 - - [15/Jul/2017:15:55:47 -0700] "GET /self.logs/access.log.2015-05-25.gz HTTP/1.1" 200 4478 "-" "Mozilla/5.0 (compatible; DotBot/1.1; http://www.opensiteexplorer.org/dotbot, help@moz.com)" 
216.244.66.227 - - [15/Jul/2017:15:55:48 -0700] "GET /self.logs/access.log.2015-09-25.gz HTTP/1.1" 200 12483 "-" "Mozilla/5.0 (compatible; DotBot/1.1; http://www.opensiteexplorer.org/dotbot, help@moz.com)" 
216.244.66.227 - - [15/Jul/2017:15:55:49 -0700] "GET /self.logs/access.log.2015-10-17.gz HTTP/1.1" 200 4507 "-" "Mozilla/5.0 (compatible; DotBot/1.1; http://www.opensiteexplorer.org/dotbot, help@moz.com)" 
216.244.66.227 - - [15/Jul/2017:15:55:51 -0700] "GET /self.logs/access.log.2015-11-30.gz HTTP/1.1" 200 5113 "-" "Mozilla/5.0 (compatible; DotBot/1.1; http://www.opensiteexplorer.org/dotbot, help@moz.com)" 
216.244.66.227 - - [15/Jul/2017:15:55:52 -0700] "GET /self.logs/access.log.2015-12-30.gz HTTP/1.1" 200 6414 "-" "Mozilla/5.0 (compatible; DotBot/1.1; http://www.opensiteexplorer.org/dotbot, help@moz.com)" 
216.244.66.227 - - [15/Jul/2017:15:55:54 -0700] "GET /self.logs/error.log.2016-03-17.gz HTTP/1.1" 200 733 "-" "Mozilla/5.0 (compatible; DotBot/1.1; http://www.opensiteexplorer.org/dotbot, help@moz.com)" 
216.244.66.227 - - [15/Jul/2017:15:55:55 -0700] "GET /self.logs/error.log.2016-04-28.gz HTTP/1.1" 200 694 "-" "Mozilla/5.0 (compatible; DotBot/1.1; http://www.opensiteexplorer.org/dotbot, help@moz.com)" 
216.244.66.227 - - [15/Jul/2017:15:55:56 -0700] "GET /self.logs/error.log.2016-08-03.gz HTTP/1.1" 200 1502 "-" "Mozilla/5.0 (compatible; DotBot/1.1; http://www.opensiteexplorer.org/dotbot, help@moz.com)" 
216.244.66.227 - - [15/Jul/2017:15:55:58 -0700] "GET /self.logs/error.log.2016-09-23.gz HTTP/1.1" 200 812 "-" "Mozilla/5.0 (compatible; DotBot/1.1; http://www.opensiteexplorer.org/dotbot, help@moz.com)" 
148.197.10.76 - - [15/Jul/2017:15:57:03 -0700] "GET / HTTP/1.1" 200 10794 "http://www.google.co.uk/url?sa=t&rct=j&q=&esrc=s&source=web&cd=1&ved=0ahUKEwjk0e26mobVAhXLVxoKHSNFBwoQFggmMAA&url=http%3A%2F%2Fwww.secrepo.com%2F&usg=AFQjCNHeQikQ6r63vtqWKlBvSenYpdB4dQ" "Mozilla/5.0 (X11; Linux x86_64; rv:24.0) Gecko/20100101 Firefox/24.0" 
148.197.10.76 - - [15/Jul/2017:15:57:04 -0700] "GET /twitter-icon.png HTTP/1.1" 200 27787 "http://www.secrepo.com/" "Mozilla/5.0 (X11; Linux x86_64; rv:24.0) Gecko/20100101 Firefox/24.0" 
148.197.10.76 - - [15/Jul/2017:15:57:04 -0700] "GET /GitHub-Mark.png HTTP/1.1" 200 7428 "http://www.secrepo.com/" "Mozilla/5.0 (X11; Linux x86_64; rv:24.0) Gecko/20100101 Firefox/24.0" 
216.244.66.227 - - [15/Jul/2017:16:21:59 -0700] "GET /robots.txt HTTP/1.1" 200 233 "-" "Mozilla/5.0 (compatible; DotBot/1.1; http://www.opensiteexplorer.org/dotbot, help@moz.com)" 
213.230.103.39 - - [15/Jul/2017:16:38:35 -0700] "GET /wp-login.php HTTP/1.1" 404 295 "-" "Mozilla/5.0 (Windows NT 6.1; WOW64; rv:40.0) Gecko/20100101 Firefox/40.1" 
213.230.103.39 - - [15/Jul/2017:16:38:40 -0700] "GET /wp-login.php HTTP/1.1" 404 295 "-" "Mozilla/5.0 (Windows NT 6.1; WOW64; rv:40.0) Gecko/20100101 Firefox/40.1" 
213.230.103.39 - - [15/Jul/2017:16:38:46 -0700] "GET / HTTP/1.1" 200 36476 "-" "Mozilla/5.0 (Windows NT 6.1; WOW64; rv:40.0) Gecko/20100101 Firefox/40.1" 
210.195.14.200 - - [15/Jul/2017:16:39:18 -0700] "GET /wp-login.php HTTP/1.1" 404 295 "-" "Mozilla/5.0 (Windows NT 6.1; WOW64; rv:40.0) Gecko/20100101 Firefox/40.1" 
210.195.14.200 - - [15/Jul/2017:16:39:24 -0700] "GET /wp-login.php HTTP/1.1" 404 295 "-" "Mozilla/5.0 (Windows NT 6.1; WOW64; rv:40.0) Gecko/20100101 Firefox/40.1" 
210.195.14.200 - - [15/Jul/2017:16:39:29 -0700] "GET / HTTP/1.1" 200 36476 "-" "Mozilla/5.0 (Windows NT 6.1; WOW64; rv:40.0) Gecko/20100101 Firefox/40.1" 
162.236.158.248 - - [15/Jul/2017:16:41:51 -0700] "GET /wp-login.php HTTP/1.1" 301 522 "-" "Mozilla/5.0 (Windows NT 6.1; WOW64; rv:40.0) Gecko/20100101 Firefox/40.1" 
162.236.158.248 - - [15/Jul/2017:16:41:51 -0700] "GET /wp-login.php HTTP/1.1" 404 295 "-" "Mozilla/5.0 (Windows NT 6.1; WOW64; rv:40.0) Gecko/20100101 Firefox/40.1" 
162.236.158.248 - - [15/Jul/2017:16:41:56 -0700] "GET /wp-login.php HTTP/1.1" 301 522 "-" "Mozilla/5.0 (Windows NT 6.1; WOW64; rv:40.0) Gecko/20100101 Firefox/40.1" 
162.236.158.248 - - [15/Jul/2017:16:41:56 -0700] "GET /wp-login.php HTTP/1.1" 404 295 "-" "Mozilla/5.0 (Windows NT 6.1; WOW64; rv:40.0) Gecko/20100101 Firefox/40.1" 
162.236.158.248 - - [15/Jul/2017:16:42:02 -0700] "GET / HTTP/1.1" 301 498 "-" "Mozilla/5.0 (Windows NT 6.1; WOW64; rv:40.0) Gecko/20100101 Firefox/40.1" 
162.236.158.248 - - [15/Jul/2017:16:42:02 -0700] "GET / HTTP/1.1" 200 36476 "-" "Mozilla/5.0 (Windows NT 6.1; WOW64; rv:40.0) Gecko/20100101 Firefox/40.1" 
216.244.66.227 - - [15/Jul/2017:16:42:37 -0700] "GET /self.logs/access.log.2016-12-04.gz HTTP/1.1" 200 27361 "-" "Mozilla/5.0 (compatible; DotBot/1.1; http://www.opensiteexplorer.org/dotbot, help@moz.com)" 
1.161.211.42 - - [15/Jul/2017:16:46:50 -0700] "GET /maccdc2012/tunnel.log.gz HTTP/1.1" 200 5229 "-" "Mozilla/5.0 (Windows NT 10.0; Win64; x64) AppleWebKit/537.36 (KHTML, like Gecko) Chrome/59.0.3071.115 Safari/537.36" 
216.244.66.227 - - [15/Jul/2017:16:59:50 -0700] "GET /robots.txt HTTP/1.1" 200 233 "-" "Mozilla/5.0 (compatible; DotBot/1.1; http://www.opensiteexplorer.org/dotbot, help@moz.com)" 
210.195.14.200 - - [15/Jul/2017:17:02:05 -0700] "GET /wp-login.php HTTP/1.1" 301 522 "-" "Mozilla/5.0 (Windows NT 6.1; WOW64; rv:40.0) Gecko/20100101 Firefox/40.1" 
210.195.14.200 - - [15/Jul/2017:17:02:06 -0700] "GET /wp-login.php HTTP/1.1" 404 295 "-" "Mozilla/5.0 (Windows NT 6.1; WOW64; rv:40.0) Gecko/20100101 Firefox/40.1" 
210.195.14.200 - - [15/Jul/2017:17:02:11 -0700] "GET /wp-login.php HTTP/1.1" 301 522 "-" "Mozilla/5.0 (Windows NT 6.1; WOW64; rv:40.0) Gecko/20100101 Firefox/40.1" 
210.195.14.200 - - [15/Jul/2017:17:02:12 -0700] "GET /wp-login.php HTTP/1.1" 404 295 "-" "Mozilla/5.0 (Windows NT 6.1; WOW64; rv:40.0) Gecko/20100101 Firefox/40.1" 
210.195.14.200 - - [15/Jul/2017:17:02:17 -0700] "GET / HTTP/1.1" 301 498 "-" "Mozilla/5.0 (Windows NT 6.1; WOW64; rv:40.0) Gecko/20100101 Firefox/40.1" 
210.195.14.200 - - [15/Jul/2017:17:02:18 -0700] "GET / HTTP/1.1" 200 36476 "-" "Mozilla/5.0 (Windows NT 6.1; WOW64; rv:40.0) Gecko/20100101 Firefox/40.1" 
164.132.161.95 - - [15/Jul/2017:17:07:06 -0700] "GET /self.logs/error.log.2016-04-08.gz HTTP/1.1" 200 673 "-" "Mozilla/5.0 (compatible; AhrefsBot/5.2; +http://ahrefs.com/robot/)" 
52.168.161.70 - - [15/Jul/2017:17:07:42 -0700] "HEAD / HTTP/1.1" 301 253 "https://www.google.com/" "Mozilla/5.0 (compatible; epicbot; +http://www.epictions.com/epicbot)" 
52.168.161.70 - - [15/Jul/2017:17:07:42 -0700] "HEAD / HTTP/1.1" 301 253 "https://www.google.com/" "Mozilla/5.0 (compatible; epicbot; +http://www.epictions.com/epicbot)" 
52.168.161.70 - - [15/Jul/2017:17:07:42 -0700] "HEAD / HTTP/1.1" 301 253 "https://www.google.com/" "Mozilla/5.0 (compatible; epicbot; +http://www.epictions.com/epicbot)" 
52.168.161.70 - - [15/Jul/2017:17:07:42 -0700] "HEAD / HTTP/1.1" 301 253 "https://www.google.com/" "Mozilla/5.0 (compatible; epicbot; +http://www.epictions.com/epicbot)" 
52.168.161.70 - - [15/Jul/2017:17:07:42 -0700] "HEAD / HTTP/1.1" 301 253 "https://www.google.com/" "Mozilla/5.0 (compatible; epicbot; +http://www.epictions.com/epicbot)" 
52.168.161.70 - - [15/Jul/2017:17:07:42 -0700] "HEAD / HTTP/1.1" 301 253 "https://www.google.com/" "Mozilla/5.0 (compatible; epicbot; +http://www.epictions.com/epicbot)" 
52.168.161.70 - - [15/Jul/2017:17:07:42 -0700] "HEAD / HTTP/1.1" 301 253 "https://www.google.com/" "Mozilla/5.0 (compatible; epicbot; +http://www.epictions.com/epicbot)" 
52.168.161.70 - - [15/Jul/2017:17:07:42 -0700] "HEAD / HTTP/1.1" 301 253 "https://www.google.com/" "Mozilla/5.0 (compatible; epicbot; +http://www.epictions.com/epicbot)" 
52.168.161.70 - - [15/Jul/2017:17:07:42 -0700] "HEAD / HTTP/1.1" 301 253 "https://www.google.com/" "Mozilla/5.0 (compatible; epicbot; +http://www.epictions.com/epicbot)" 
52.168.161.70 - - [15/Jul/2017:17:07:42 -0700] "HEAD / HTTP/1.1" 200 282 "https://www.google.com/" "Mozilla/5.0 (compatible; epicbot; +http://www.epictions.com/epicbot)" 
52.168.161.70 - - [15/Jul/2017:17:07:42 -0700] "HEAD / HTTP/1.1" 301 253 "https://www.google.com/" "Mozilla/5.0 (compatible; epicbot; +http://www.epictions.com/epicbot)" 
52.168.161.70 - - [15/Jul/2017:17:07:42 -0700] "HEAD / HTTP/1.1" 301 253 "https://www.google.com/" "Mozilla/5.0 (compatible; epicbot; +http://www.epictions.com/epicbot)" 
52.168.161.70 - - [15/Jul/2017:17:07:44 -0700] "HEAD / HTTP/1.1" 301 253 "https://www.google.com/" "Mozilla/5.0 (compatible; epicbot; +http://www.epictions.com/epicbot)" 
52.168.161.70 - - [15/Jul/2017:17:07:44 -0700] "HEAD / HTTP/1.1" 301 253 "https://www.google.com/" "Mozilla/5.0 (compatible; epicbot; +http://www.epictions.com/epicbot)" 
52.168.161.70 - - [15/Jul/2017:17:07:44 -0700] "HEAD / HTTP/1.1" 301 253 "https://www.google.com/" "Mozilla/5.0 (compatible; epicbot; +http://www.epictions.com/epicbot)" 
52.168.161.70 - - [15/Jul/2017:17:07:44 -0700] "HEAD / HTTP/1.1" 301 253 "https://www.google.com/" "Mozilla/5.0 (compatible; epicbot; +http://www.epictions.com/epicbot)" 
52.168.161.70 - - [15/Jul/2017:17:07:44 -0700] "HEAD / HTTP/1.1" 301 253 "https://www.google.com/" "Mozilla/5.0 (compatible; epicbot; +http://www.epictions.com/epicbot)" 
52.168.161.70 - - [15/Jul/2017:17:07:44 -0700] "HEAD / HTTP/1.1" 301 253 "https://www.google.com/" "Mozilla/5.0 (compatible; epicbot; +http://www.epictions.com/epicbot)" 
52.168.161.70 - - [15/Jul/2017:17:07:44 -0700] "HEAD / HTTP/1.1" 301 253 "https://www.google.com/" "Mozilla/5.0 (compatible; epicbot; +http://www.epictions.com/epicbot)" 
52.168.161.70 - - [15/Jul/2017:17:07:44 -0700] "HEAD / HTTP/1.1" 301 253 "https://www.google.com/" "Mozilla/5.0 (compatible; epicbot; +http://www.epictions.com/epicbot)" 
52.168.161.70 - - [15/Jul/2017:17:07:44 -0700] "HEAD / HTTP/1.1" 301 253 "https://www.google.com/" "Mozilla/5.0 (compatible; epicbot; +http://www.epictions.com/epicbot)" 
52.168.161.70 - - [15/Jul/2017:17:07:44 -0700] "HEAD / HTTP/1.1" 301 253 "https://www.google.com/" "Mozilla/5.0 (compatible; epicbot; +http://www.epictions.com/epicbot)" 
52.168.161.70 - - [15/Jul/2017:17:07:44 -0700] "HEAD / HTTP/1.1" 301 253 "https://www.google.com/" "Mozilla/5.0 (compatible; epicbot; +http://www.epictions.com/epicbot)" 
52.168.161.70 - - [15/Jul/2017:17:07:44 -0700] "HEAD / HTTP/1.1" 301 253 "https://www.google.com/" "Mozilla/5.0 (compatible; epicbot; +http://www.epictions.com/epicbot)" 
52.168.161.70 - - [15/Jul/2017:17:07:44 -0700] "HEAD / HTTP/1.1" 301 253 "https://www.google.com/" "Mozilla/5.0 (compatible; epicbot; +http://www.epictions.com/epicbot)" 
52.168.161.70 - - [15/Jul/2017:17:07:44 -0700] "HEAD / HTTP/1.1" 301 253 "https://www.google.com/" "Mozilla/5.0 (compatible; epicbot; +http://www.epictions.com/epicbot)" 
52.168.161.70 - - [15/Jul/2017:17:07:44 -0700] "HEAD / HTTP/1.1" 301 253 "https://www.google.com/" "Mozilla/5.0 (compatible; epicbot; +http://www.epictions.com/epicbot)" 
52.168.161.70 - - [15/Jul/2017:17:07:44 -0700] "HEAD / HTTP/1.1" 301 253 "https://www.google.com/" "Mozilla/5.0 (compatible; epicbot; +http://www.epictions.com/epicbot)" 
52.168.161.70 - - [15/Jul/2017:17:07:44 -0700] "HEAD / HTTP/1.1" 200 282 "https://www.google.com/" "Mozilla/5.0 (compatible; epicbot; +http://www.epictions.com/epicbot)" 
52.168.161.70 - - [15/Jul/2017:17:07:44 -0700] "HEAD / HTTP/1.1" 200 282 "https://www.google.com/" "Mozilla/5.0 (compatible; epicbot; +http://www.epictions.com/epicbot)" 
52.168.161.70 - - [15/Jul/2017:17:07:44 -0700] "HEAD / HTTP/1.1" 301 253 "https://www.google.com/" "Mozilla/5.0 (compatible; epicbot; +http://www.epictions.com/epicbot)" 
52.168.161.70 - - [15/Jul/2017:17:07:44 -0700] "HEAD / HTTP/1.1" 301 253 "https://www.google.com/" "Mozilla/5.0 (compatible; epicbot; +http://www.epictions.com/epicbot)" 
52.168.161.70 - - [15/Jul/2017:17:07:45 -0700] "HEAD / HTTP/1.1" 301 253 "https://www.google.com/" "Mozilla/5.0 (compatible; epicbot; +http://www.epictions.com/epicbot)" 
52.168.161.70 - - [15/Jul/2017:17:07:45 -0700] "HEAD / HTTP/1.1" 301 253 "https://www.google.com/" "Mozilla/5.0 (compatible; epicbot; +http://www.epictions.com/epicbot)" 
109.102.201.222 - - [15/Jul/2017:17:08:59 -0700] "GET /wp-login.php HTTP/1.1" 404 295 "-" "Mozilla/5.0 (Windows NT 6.1; WOW64; rv:40.0) Gecko/20100101 Firefox/40.1" 
109.102.201.222 - - [15/Jul/2017:17:09:04 -0700] "GET /wp-login.php HTTP/1.1" 404 295 "-" "Mozilla/5.0 (Windows NT 6.1; WOW64; rv:40.0) Gecko/20100101 Firefox/40.1" 
109.102.201.222 - - [15/Jul/2017:17:09:09 -0700] "GET / HTTP/1.1" 200 36476 "-" "Mozilla/5.0 (Windows NT 6.1; WOW64; rv:40.0) Gecko/20100101 Firefox/40.1" 
217.182.132.154 - - [15/Jul/2017:17:15:52 -0700] "GET /self.logs/error.log.2017-02-28.gz HTTP/1.1" 200 797 "-" "Mozilla/5.0 (compatible; AhrefsBot/5.2; +http://ahrefs.com/robot/)" 
52.168.161.70 - - [15/Jul/2017:17:16:19 -0700] "HEAD / HTTP/1.1" 301 253 "https://www.google.com/" "Mozilla/5.0 (compatible; epicbot; +http://www.epictions.com/epicbot)" 
52.168.161.70 - - [15/Jul/2017:17:16:21 -0700] "HEAD / HTTP/1.1" 301 253 "https://www.google.com/" "Mozilla/5.0 (compatible; epicbot; +http://www.epictions.com/epicbot)" 
52.168.161.70 - - [15/Jul/2017:17:16:21 -0700] "HEAD / HTTP/1.1" 301 253 "https://www.google.com/" "Mozilla/5.0 (compatible; epicbot; +http://www.epictions.com/epicbot)" 
216.244.66.227 - - [15/Jul/2017:17:16:32 -0700] "GET /self.logs/access.log.2015-02-27.gz HTTP/1.1" 200 3115 "-" "Mozilla/5.0 (compatible; DotBot/1.1; http://www.opensiteexplorer.org/dotbot, help@moz.com)" 
216.244.66.227 - - [15/Jul/2017:17:16:34 -0700] "GET /self.logs/access.log.2015-11-02.gz HTTP/1.1" 200 8810 "-" "Mozilla/5.0 (compatible; DotBot/1.1; http://www.opensiteexplorer.org/dotbot, help@moz.com)" 
216.244.66.227 - - [15/Jul/2017:17:16:36 -0700] "GET /self.logs/access.log.2017-01-06.gz HTTP/1.1" 200 20457 "-" "Mozilla/5.0 (compatible; DotBot/1.1; http://www.opensiteexplorer.org/dotbot, help@moz.com)" 
216.244.66.227 - - [15/Jul/2017:17:16:38 -0700] "GET /self.logs/error.log.2016-08-27.gz HTTP/1.1" 200 548 "-" "Mozilla/5.0 (compatible; DotBot/1.1; http://www.opensiteexplorer.org/dotbot, help@moz.com)" 
216.244.66.227 - - [15/Jul/2017:17:16:39 -0700] "GET /self.logs/error.log.2016-12-18.gz HTTP/1.1" 200 487 "-" "Mozilla/5.0 (compatible; DotBot/1.1; http://www.opensiteexplorer.org/dotbot, help@moz.com)" 
216.244.66.227 - - [15/Jul/2017:17:16:41 -0700] "GET /self.logs/error.log.2017-01-27.gz HTTP/1.1" 200 1605 "-" "Mozilla/5.0 (compatible; DotBot/1.1; http://www.opensiteexplorer.org/dotbot, help@moz.com)" 
109.102.201.222 - - [15/Jul/2017:17:21:07 -0700] "GET /wp-login.php HTTP/1.1" 301 522 "-" "Mozilla/5.0 (Windows NT 6.1; WOW64; rv:40.0) Gecko/20100101 Firefox/40.1" 
109.102.201.222 - - [15/Jul/2017:17:21:07 -0700] "GET /wp-login.php HTTP/1.1" 404 295 "-" "Mozilla/5.0 (Windows NT 6.1; WOW64; rv:40.0) Gecko/20100101 Firefox/40.1" 
109.102.201.222 - - [15/Jul/2017:17:21:12 -0700] "GET /wp-login.php HTTP/1.1" 301 522 "-" "Mozilla/5.0 (Windows NT 6.1; WOW64; rv:40.0) Gecko/20100101 Firefox/40.1" 
109.102.201.222 - - [15/Jul/2017:17:21:13 -0700] "GET /wp-login.php HTTP/1.1" 404 295 "-" "Mozilla/5.0 (Windows NT 6.1; WOW64; rv:40.0) Gecko/20100101 Firefox/40.1" 
109.102.201.222 - - [15/Jul/2017:17:21:18 -0700] "GET / HTTP/1.1" 301 498 "-" "Mozilla/5.0 (Windows NT 6.1; WOW64; rv:40.0) Gecko/20100101 Firefox/40.1" 
109.102.201.222 - - [15/Jul/2017:17:21:18 -0700] "GET / HTTP/1.1" 200 36476 "-" "Mozilla/5.0 (Windows NT 6.1; WOW64; rv:40.0) Gecko/20100101 Firefox/40.1" 
217.182.132.80 - - [15/Jul/2017:17:28:47 -0700] "GET /self.logs/error.log.2017-05-22.gz HTTP/1.1" 200 877 "-" "Mozilla/5.0 (compatible; AhrefsBot/5.2; +http://ahrefs.com/robot/)" 
52.168.161.70 - - [15/Jul/2017:17:37:43 -0700] "HEAD / HTTP/1.1" 301 253 "https://www.google.com/" "Mozilla/5.0 (compatible; epicbot; +http://www.epictions.com/epicbot)" 
52.168.161.70 - - [15/Jul/2017:17:37:43 -0700] "HEAD / HTTP/1.1" 301 253 "https://www.google.com/" "Mozilla/5.0 (compatible; epicbot; +http://www.epictions.com/epicbot)" 
52.168.161.70 - - [15/Jul/2017:17:37:43 -0700] "HEAD / HTTP/1.1" 301 253 "https://www.google.com/" "Mozilla/5.0 (compatible; epicbot; +http://www.epictions.com/epicbot)" 
52.168.161.70 - - [15/Jul/2017:17:37:43 -0700] "HEAD / HTTP/1.1" 301 253 "https://www.google.com/" "Mozilla/5.0 (compatible; epicbot; +http://www.epictions.com/epicbot)" 
52.168.161.70 - - [15/Jul/2017:17:37:45 -0700] "HEAD / HTTP/1.1" 301 253 "https://www.google.com/" "Mozilla/5.0 (compatible; epicbot; +http://www.epictions.com/epicbot)" 
52.168.161.70 - - [15/Jul/2017:17:37:45 -0700] "HEAD / HTTP/1.1" 301 253 "https://www.google.com/" "Mozilla/5.0 (compatible; epicbot; +http://www.epictions.com/epicbot)" 
52.168.161.70 - - [15/Jul/2017:17:37:45 -0700] "HEAD / HTTP/1.1" 301 253 "https://www.google.com/" "Mozilla/5.0 (compatible; epicbot; +http://www.epictions.com/epicbot)" 
52.168.161.70 - - [15/Jul/2017:17:37:45 -0700] "HEAD / HTTP/1.1" 301 253 "https://www.google.com/" "Mozilla/5.0 (compatible; epicbot; +http://www.epictions.com/epicbot)" 
52.168.161.70 - - [15/Jul/2017:17:37:45 -0700] "HEAD / HTTP/1.1" 301 253 "https://www.google.com/" "Mozilla/5.0 (compatible; epicbot; +http://www.epictions.com/epicbot)" 
52.168.161.70 - - [15/Jul/2017:17:37:45 -0700] "HEAD / HTTP/1.1" 301 253 "https://www.google.com/" "Mozilla/5.0 (compatible; epicbot; +http://www.epictions.com/epicbot)" 
52.168.161.70 - - [15/Jul/2017:17:37:45 -0700] "HEAD / HTTP/1.1" 301 253 "https://www.google.com/" "Mozilla/5.0 (compatible; epicbot; +http://www.epictions.com/epicbot)" 
52.168.161.70 - - [15/Jul/2017:17:37:45 -0700] "HEAD / HTTP/1.1" 301 253 "https://www.google.com/" "Mozilla/5.0 (compatible; epicbot; +http://www.epictions.com/epicbot)" 
216.244.66.227 - - [15/Jul/2017:17:38:01 -0700] "GET /robots.txt HTTP/1.1" 200 233 "-" "Mozilla/5.0 (compatible; DotBot/1.1; http://www.opensiteexplorer.org/dotbot, help@moz.com)" 
213.230.103.39 - - [15/Jul/2017:17:38:49 -0700] "GET /wp-login.php HTTP/1.1" 301 522 "-" "Mozilla/5.0 (Windows NT 6.1; WOW64; rv:40.0) Gecko/20100101 Firefox/40.1" 
213.230.103.39 - - [15/Jul/2017:17:38:49 -0700] "GET /wp-login.php HTTP/1.1" 404 295 "-" "Mozilla/5.0 (Windows NT 6.1; WOW64; rv:40.0) Gecko/20100101 Firefox/40.1" 
213.230.103.39 - - [15/Jul/2017:17:38:55 -0700] "GET /wp-login.php HTTP/1.1" 301 522 "-" "Mozilla/5.0 (Windows NT 6.1; WOW64; rv:40.0) Gecko/20100101 Firefox/40.1" 
213.230.103.39 - - [15/Jul/2017:17:38:55 -0700] "GET /wp-login.php HTTP/1.1" 404 295 "-" "Mozilla/5.0 (Windows NT 6.1; WOW64; rv:40.0) Gecko/20100101 Firefox/40.1" 
213.230.103.39 - - [15/Jul/2017:17:39:01 -0700] "GET / HTTP/1.1" 301 498 "-" "Mozilla/5.0 (Windows NT 6.1; WOW64; rv:40.0) Gecko/20100101 Firefox/40.1" 
213.230.103.39 - - [15/Jul/2017:17:39:01 -0700] "GET / HTTP/1.1" 200 36476 "-" "Mozilla/5.0 (Windows NT 6.1; WOW64; rv:40.0) Gecko/20100101 Firefox/40.1" 
58.65.217.187 - - [15/Jul/2017:17:40:04 -0700] "GET /wp-login.php HTTP/1.1" 404 295 "-" "Mozilla/5.0 (Windows NT 6.1; WOW64; rv:40.0) Gecko/20100101 Firefox/40.1" 
58.65.217.187 - - [15/Jul/2017:17:40:10 -0700] "GET /wp-login.php HTTP/1.1" 404 295 "-" "Mozilla/5.0 (Windows NT 6.1; WOW64; rv:40.0) Gecko/20100101 Firefox/40.1" 
58.65.217.187 - - [15/Jul/2017:17:40:15 -0700] "GET / HTTP/1.1" 200 36476 "-" "Mozilla/5.0 (Windows NT 6.1; WOW64; rv:40.0) Gecko/20100101 Firefox/40.1" 
52.168.161.70 - - [15/Jul/2017:17:44:13 -0700] "HEAD / HTTP/1.1" 200 282 "https://www.google.com/" "Mozilla/5.0 (compatible; epicbot; +http://www.epictions.com/epicbot)" 
52.168.161.70 - - [15/Jul/2017:17:44:16 -0700] "HEAD / HTTP/1.1" 200 282 "https://www.google.com/" "Mozilla/5.0 (compatible; epicbot; +http://www.epictions.com/epicbot)" 
52.168.161.70 - - [15/Jul/2017:17:44:16 -0700] "HEAD / HTTP/1.1" 200 282 "https://www.google.com/" "Mozilla/5.0 (compatible; epicbot; +http://www.epictions.com/epicbot)" 
24.78.8.207 - - [15/Jul/2017:17:45:13 -0700] "GET /wp-login.php HTTP/1.1" 404 295 "-" "Mozilla/5.0 (Windows NT 6.1; WOW64; rv:40.0) Gecko/20100101 Firefox/40.1" 
24.78.8.207 - - [15/Jul/2017:17:45:18 -0700] "GET /wp-login.php HTTP/1.1" 404 295 "-" "Mozilla/5.0 (Windows NT 6.1; WOW64; rv:40.0) Gecko/20100101 Firefox/40.1" 
24.78.8.207 - - [15/Jul/2017:17:45:23 -0700] "GET / HTTP/1.1" 200 36476 "-" "Mozilla/5.0 (Windows NT 6.1; WOW64; rv:40.0) Gecko/20100101 Firefox/40.1" 
216.244.66.227 - - [15/Jul/2017:17:51:59 -0700] "GET /self.logs/access.log.2015-02-10.gz HTTP/1.1" 200 13567 "-" "Mozilla/5.0 (compatible; DotBot/1.1; http://www.opensiteexplorer.org/dotbot, help@moz.com)" 
216.244.66.227 - - [15/Jul/2017:17:52:00 -0700] "GET /self.logs/access.log.2015-03-17.gz HTTP/1.1" 200 5910 "-" "Mozilla/5.0 (compatible; DotBot/1.1; http://www.opensiteexplorer.org/dotbot, help@moz.com)" 
216.244.66.227 - - [15/Jul/2017:17:52:01 -0700] "GET /self.logs/access.log.2015-04-16.gz HTTP/1.1" 200 11808 "-" "Mozilla/5.0 (compatible; DotBot/1.1; http://www.opensiteexplorer.org/dotbot, help@moz.com)" 
216.244.66.227 - - [15/Jul/2017:17:52:03 -0700] "GET /self.logs/access.log.2016-09-30.gz HTTP/1.1" 200 8408 "-" "Mozilla/5.0 (compatible; DotBot/1.1; http://www.opensiteexplorer.org/dotbot, help@moz.com)" 
216.244.66.227 - - [15/Jul/2017:17:52:04 -0700] "GET /self.logs/access.log.2016-11-03.gz HTTP/1.1" 200 15844 "-" "Mozilla/5.0 (compatible; DotBot/1.1; http://www.opensiteexplorer.org/dotbot, help@moz.com)" 
216.244.66.227 - - [15/Jul/2017:17:52:05 -0700] "GET /self.logs/access.log.2017-03-14.gz HTTP/1.1" 200 16384 "-" "Mozilla/5.0 (compatible; DotBot/1.1; http://www.opensiteexplorer.org/dotbot, help@moz.com)" 
216.244.66.227 - - [15/Jul/2017:17:52:07 -0700] "GET /self.logs/error.log.2015-10-12.gz HTTP/1.1" 200 1888 "-" "Mozilla/5.0 (compatible; DotBot/1.1; http://www.opensiteexplorer.org/dotbot, help@moz.com)" 
216.244.66.227 - - [15/Jul/2017:17:52:08 -0700] "GET /self.logs/error.log.2016-02-23.gz HTTP/1.1" 200 735 "-" "Mozilla/5.0 (compatible; DotBot/1.1; http://www.opensiteexplorer.org/dotbot, help@moz.com)" 
216.244.66.227 - - [15/Jul/2017:17:52:09 -0700] "GET /self.logs/error.log.2016-04-10.gz HTTP/1.1" 200 639 "-" "Mozilla/5.0 (compatible; DotBot/1.1; http://www.opensiteexplorer.org/dotbot, help@moz.com)" 
216.244.66.227 - - [15/Jul/2017:17:52:11 -0700] "GET /self.logs/error.log.2016-07-09.gz HTTP/1.1" 200 962 "-" "Mozilla/5.0 (compatible; DotBot/1.1; http://www.opensiteexplorer.org/dotbot, help@moz.com)" 
42.236.99.242 - - [15/Jul/2017:17:53:33 -0700] "GET / HTTP/1.1" 301 483 "http://secrepo.com/" "Mozilla/5.0 (Windows NT 6.1; WOW64) AppleWebKit/537.36 (KHTML, like Gecko) Chrome/50.0.2661.102 Safari/537.36; 360Spider" 
42.236.99.242 - - [15/Jul/2017:17:53:33 -0700] "GET / HTTP/1.1" 200 10794 "http://www.secrepo.com/" "Mozilla/5.0 (Windows NT 6.1; WOW64) AppleWebKit/537.36 (KHTML, like Gecko) Chrome/50.0.2661.102 Safari/537.36; 360Spider" 
42.236.99.242 - - [15/Jul/2017:17:53:34 -0700] "GET / HTTP/1.1" 200 10793 "http://www.secrepo.com/" "Mozilla/5.0 (Windows NT 6.1; WOW64) AppleWebKit/537.36 (KHTML, like Gecko) Chrome/50.0.2661.102 Safari/537.36; 360Spider" 
216.244.66.227 - - [15/Jul/2017:18:13:40 -0700] "GET /robots.txt HTTP/1.1" 200 233 "-" "Mozilla/5.0 (compatible; DotBot/1.1; http://www.opensiteexplorer.org/dotbot, help@moz.com)" 
51.255.65.86 - - [15/Jul/2017:18:14:59 -0700] "GET /self.logs/access.log.2016-08-21.gz HTTP/1.1" 200 7775 "-" "Mozilla/5.0 (compatible; AhrefsBot/5.2; +http://ahrefs.com/robot/)" 
58.65.217.187 - - [15/Jul/2017:18:21:06 -0700] "GET /wp-login.php HTTP/1.1" 301 522 "-" "Mozilla/5.0 (Windows NT 6.1; WOW64; rv:40.0) Gecko/20100101 Firefox/40.1" 
58.65.217.187 - - [15/Jul/2017:18:21:07 -0700] "GET /wp-login.php HTTP/1.1" 404 295 "-" "Mozilla/5.0 (Windows NT 6.1; WOW64; rv:40.0) Gecko/20100101 Firefox/40.1" 
58.65.217.187 - - [15/Jul/2017:18:21:12 -0700] "GET /wp-login.php HTTP/1.1" 301 522 "-" "Mozilla/5.0 (Windows NT 6.1; WOW64; rv:40.0) Gecko/20100101 Firefox/40.1" 
58.65.217.187 - - [15/Jul/2017:18:21:13 -0700] "GET /wp-login.php HTTP/1.1" 404 295 "-" "Mozilla/5.0 (Windows NT 6.1; WOW64; rv:40.0) Gecko/20100101 Firefox/40.1" 
58.65.217.187 - - [15/Jul/2017:18:21:18 -0700] "GET / HTTP/1.1" 301 498 "-" "Mozilla/5.0 (Windows NT 6.1; WOW64; rv:40.0) Gecko/20100101 Firefox/40.1" 
58.65.217.187 - - [15/Jul/2017:18:21:18 -0700] "GET / HTTP/1.1" 200 36476 "-" "Mozilla/5.0 (Windows NT 6.1; WOW64; rv:40.0) Gecko/20100101 Firefox/40.1" 
120.192.95.88 - - [15/Jul/2017:18:25:12 -0700] "GET /maccdc2012/maccdc2012_full_alert.7z HTTP/1.1" 304 132 "-" "Mozilla/5.0 Gecko/20100115 Firefox/3.6" 
216.244.66.227 - - [15/Jul/2017:18:27:04 -0700] "GET /self.logs/access.log.2015-04-25.gz HTTP/1.1" 200 2750 "-" "Mozilla/5.0 (compatible; DotBot/1.1; http://www.opensiteexplorer.org/dotbot, help@moz.com)" 
216.244.66.227 - - [15/Jul/2017:18:27:06 -0700] "GET /self.logs/error.log.2015-05-06.gz HTTP/1.1" 200 2053 "-" "Mozilla/5.0 (compatible; DotBot/1.1; http://www.opensiteexplorer.org/dotbot, help@moz.com)" 
216.244.66.227 - - [15/Jul/2017:18:27:10 -0700] "GET /self.logs/error.log.2017-03-10.gz HTTP/1.1" 200 817 "-" "Mozilla/5.0 (compatible; DotBot/1.1; http://www.opensiteexplorer.org/dotbot, help@moz.com)" 
69.171.225.64 - - [15/Jul/2017:18:28:00 -0700] "GET /twitter-icon.png HTTP/1.1" 200 27788 "-" "facebookexternalhit/1.1 (+http://www.facebook.com/externalhit_uatext.php)" 
73.85.206.190 - - [15/Jul/2017:18:30:48 -0700] "GET / HTTP/1.1" 200 10794 "https://www.google.com/" "Mozilla/5.0 (Macintosh; Intel Mac OS X 10_12_5) AppleWebKit/537.36 (KHTML, like Gecko) Chrome/58.0.3029.110 Safari/537.36" 
73.85.206.190 - - [15/Jul/2017:18:30:48 -0700] "GET /twitter-icon.png HTTP/1.1" 200 27787 "http://www.secrepo.com/" "Mozilla/5.0 (Macintosh; Intel Mac OS X 10_12_5) AppleWebKit/537.36 (KHTML, like Gecko) Chrome/58.0.3029.110 Safari/537.36" 
73.85.206.190 - - [15/Jul/2017:18:30:48 -0700] "GET /GitHub-Mark.png HTTP/1.1" 200 7428 "http://www.secrepo.com/" "Mozilla/5.0 (Macintosh; Intel Mac OS X 10_12_5) AppleWebKit/537.36 (KHTML, like Gecko) Chrome/58.0.3029.110 Safari/537.36" 
73.85.206.190 - - [15/Jul/2017:18:30:49 -0700] "GET /bootstrap/img/favicon.ico HTTP/1.1" 200 589 "http://www.secrepo.com/" "Mozilla/5.0 (Macintosh; Intel Mac OS X 10_12_5) AppleWebKit/537.36 (KHTML, like Gecko) Chrome/58.0.3029.110 Safari/537.36" 
120.221.1.28 - - [15/Jul/2017:18:36:36 -0700] "GET /maccdc2012/files.log.gz HTTP/1.1" 304 155 "-" "Mozilla/5.0 Gecko/20100115 Firefox/3.6" 
82.205.71.90 - - [15/Jul/2017:18:44:58 -0700] "GET /wp-login.php HTTP/1.1" 404 295 "-" "Mozilla/5.0 (Windows NT 6.1; WOW64; rv:40.0) Gecko/20100101 Firefox/40.1" 
82.205.71.90 - - [15/Jul/2017:18:45:04 -0700] "GET /wp-login.php HTTP/1.1" 404 295 "-" "Mozilla/5.0 (Windows NT 6.1; WOW64; rv:40.0) Gecko/20100101 Firefox/40.1" 
82.205.71.90 - - [15/Jul/2017:18:45:09 -0700] "GET / HTTP/1.1" 200 36476 "-" "Mozilla/5.0 (Windows NT 6.1; WOW64; rv:40.0) Gecko/20100101 Firefox/40.1" 
216.244.66.227 - - [15/Jul/2017:18:50:00 -0700] "GET /robots.txt HTTP/1.1" 200 233 "-" "Mozilla/5.0 (compatible; DotBot/1.1; http://www.opensiteexplorer.org/dotbot, help@moz.com)" 
106.11.153.130 - - [15/Jul/2017:18:58:16 -0700] "GET / HTTP/1.1" 301 483 "-" "YisouSpider" 
106.11.153.130 - - [15/Jul/2017:18:58:17 -0700] "GET / HTTP/1.1" 200 36476 "-" "YisouSpider" 
216.244.66.227 - - [15/Jul/2017:19:05:54 -0700] "GET /self.logs/access.log.2015-10-10.gz HTTP/1.1" 200 4097 "-" "Mozilla/5.0 (compatible; DotBot/1.1; http://www.opensiteexplorer.org/dotbot, help@moz.com)" 
216.244.66.227 - - [15/Jul/2017:19:05:55 -0700] "GET /self.logs/access.log.2016-10-22.gz HTTP/1.1" 200 6355 "-" "Mozilla/5.0 (compatible; DotBot/1.1; http://www.opensiteexplorer.org/dotbot, help@moz.com)" 
216.244.66.227 - - [15/Jul/2017:19:05:56 -0700] "GET /self.logs/access.log.2016-11-19.gz HTTP/1.1" 200 8969 "-" "Mozilla/5.0 (compatible; DotBot/1.1; http://www.opensiteexplorer.org/dotbot, help@moz.com)" 
216.244.66.227 - - [15/Jul/2017:19:05:57 -0700] "GET /self.logs/access.log.2017-01-07.gz HTTP/1.1" 200 17153 "-" "Mozilla/5.0 (compatible; DotBot/1.1; http://www.opensiteexplorer.org/dotbot, help@moz.com)" 
216.244.66.227 - - [15/Jul/2017:19:05:59 -0700] "GET /self.logs/error.log.2015-02-27.gz HTTP/1.1" 200 759 "-" "Mozilla/5.0 (compatible; DotBot/1.1; http://www.opensiteexplorer.org/dotbot, help@moz.com)" 
216.244.66.227 - - [15/Jul/2017:19:06:00 -0700] "GET /self.logs/error.log.2015-09-20.gz HTTP/1.1" 200 733 "-" "Mozilla/5.0 (compatible; DotBot/1.1; http://www.opensiteexplorer.org/dotbot, help@moz.com)" 
216.244.66.227 - - [15/Jul/2017:19:06:01 -0700] "GET /self.logs/error.log.2015-11-12.gz HTTP/1.1" 200 1208 "-" "Mozilla/5.0 (compatible; DotBot/1.1; http://www.opensiteexplorer.org/dotbot, help@moz.com)" 
216.244.66.227 - - [15/Jul/2017:19:06:02 -0700] "GET /self.logs/error.log.2016-04-19.gz HTTP/1.1" 200 939 "-" "Mozilla/5.0 (compatible; DotBot/1.1; http://www.opensiteexplorer.org/dotbot, help@moz.com)" 
216.244.66.227 - - [15/Jul/2017:19:06:04 -0700] "GET /self.logs/error.log.2016-08-25.gz HTTP/1.1" 200 747 "-" "Mozilla/5.0 (compatible; DotBot/1.1; http://www.opensiteexplorer.org/dotbot, help@moz.com)" 
216.244.66.227 - - [15/Jul/2017:19:06:05 -0700] "GET /self.logs/error.log.2016-09-05.gz HTTP/1.1" 200 678 "-" "Mozilla/5.0 (compatible; DotBot/1.1; http://www.opensiteexplorer.org/dotbot, help@moz.com)" 
79.184.243.202 - - [15/Jul/2017:19:09:23 -0700] "GET /honeypot/BSidesDFW%20-%202014.ipynb HTTP/1.1" 200 930836 "http://www.secrepo.com/" "Mozilla/5.0 (X11; Linux x86_64) AppleWebKit/537.36 (KHTML, like Gecko) Chrome/39.0.2171.99 Safari/537.36" 
52.212.146.96 - - [15/Jul/2017:19:30:01 -0700] "GET /self.logs/access.log.2017-07-09.gz HTTP/1.1" 200 31433 "-" "python-requests/2.12.1" 
52.212.146.96 - - [15/Jul/2017:19:30:02 -0700] "GET /self.logs/access.log.2017-07-10.gz HTTP/1.1" 200 16910 "-" "python-requests/2.12.1" 
52.212.146.96 - - [15/Jul/2017:19:30:02 -0700] "GET /self.logs/access.log.2017-07-11.gz HTTP/1.1" 200 14116 "-" "python-requests/2.12.1" 
52.212.146.96 - - [15/Jul/2017:19:30:02 -0700] "GET /self.logs/access.log.2017-07-12.gz HTTP/1.1" 200 38980 "-" "python-requests/2.12.1" 
52.212.146.96 - - [15/Jul/2017:19:30:03 -0700] "GET /self.logs/access.log.2017-07-13.gz HTTP/1.1" 404 340 "-" "python-requests/2.12.1" 
52.212.146.96 - - [15/Jul/2017:19:30:03 -0700] "GET /self.logs/access.log.2017-07-14.gz HTTP/1.1" 404 340 "-" "python-requests/2.12.1" 
52.212.146.96 - - [15/Jul/2017:19:30:03 -0700] "GET /self.logs/access.log.2017-07-15.gz HTTP/1.1" 404 340 "-" "python-requests/2.12.1" 
216.244.66.227 - - [15/Jul/2017:19:33:28 -0700] "GET /robots.txt HTTP/1.1" 200 233 "-" "Mozilla/5.0 (compatible; DotBot/1.1; http://www.opensiteexplorer.org/dotbot, help@moz.com)" 
66.102.6.125 - - [15/Jul/2017:19:40:18 -0700] "GET / HTTP/1.1" 200 10794 "-" "Mozilla/5.0 (X11; Linux x86_64) AppleWebKit/537.36 (KHTML, like Gecko) Chrome/49.0.2623.75 Safari/537.36 Google Favicon" 
66.102.6.96 - - [15/Jul/2017:19:40:18 -0700] "GET /bootstrap/img/favicon.ico HTTP/1.1" 200 590 "-" "Mozilla/5.0 (X11; Linux x86_64) AppleWebKit/537.36 (KHTML, like Gecko) Chrome/49.0.2623.75 Safari/537.36 Google Favicon" 
217.182.132.51 - - [15/Jul/2017:19:41:31 -0700] "GET /self.logs/access.log.2017-05-19.gz HTTP/1.1" 200 14864 "-" "Mozilla/5.0 (compatible; AhrefsBot/5.2; +http://ahrefs.com/robot/)" 
88.99.141.3 - - [15/Jul/2017:19:41:56 -0700] "GET / HTTP/1.1" 301 427 "" "Mozilla/5.0 (Windows NT 6.2; WOW64) AppleWebKit/537.36 (KHTML, like Gecko) Chrome/56.0.2924.87 Safari/537.36" 
88.99.141.3 - - [15/Jul/2017:19:42:01 -0700] "GET / HTTP/1.1" 200 10738 "http://secrepo.com/" "Mozilla/5.0 (Windows NT 6.2; WOW64) AppleWebKit/537.36 (KHTML, like Gecko) Chrome/56.0.2924.87 Safari/537.36" 
24.78.8.207 - - [15/Jul/2017:19:42:23 -0700] "GET /wp-login.php HTTP/1.1" 301 522 "-" "Mozilla/5.0 (Windows NT 6.1; WOW64; rv:40.0) Gecko/20100101 Firefox/40.1" 
24.78.8.207 - - [15/Jul/2017:19:42:23 -0700] "GET /wp-login.php HTTP/1.1" 404 295 "-" "Mozilla/5.0 (Windows NT 6.1; WOW64; rv:40.0) Gecko/20100101 Firefox/40.1" 
24.78.8.207 - - [15/Jul/2017:19:42:29 -0700] "GET /wp-login.php HTTP/1.1" 301 522 "-" "Mozilla/5.0 (Windows NT 6.1; WOW64; rv:40.0) Gecko/20100101 Firefox/40.1" 
24.78.8.207 - - [15/Jul/2017:19:42:29 -0700] "GET /wp-login.php HTTP/1.1" 404 295 "-" "Mozilla/5.0 (Windows NT 6.1; WOW64; rv:40.0) Gecko/20100101 Firefox/40.1" 
24.78.8.207 - - [15/Jul/2017:19:42:34 -0700] "GET / HTTP/1.1" 301 498 "-" "Mozilla/5.0 (Windows NT 6.1; WOW64; rv:40.0) Gecko/20100101 Firefox/40.1" 
24.78.8.207 - - [15/Jul/2017:19:42:34 -0700] "GET / HTTP/1.1" 200 36476 "-" "Mozilla/5.0 (Windows NT 6.1; WOW64; rv:40.0) Gecko/20100101 Firefox/40.1" 
216.244.66.227 - - [15/Jul/2017:19:46:32 -0700] "GET /self.logs/error.log.2015-07-02.gz HTTP/1.1" 200 737 "-" "Mozilla/5.0 (compatible; DotBot/1.1; http://www.opensiteexplorer.org/dotbot, help@moz.com)" 
216.244.66.227 - - [15/Jul/2017:19:46:37 -0700] "GET /self.logs/error.log.2016-05-21.gz HTTP/1.1" 200 731 "-" "Mozilla/5.0 (compatible; DotBot/1.1; http://www.opensiteexplorer.org/dotbot, help@moz.com)" 
36.5.134.55 - - [15/Jul/2017:19:56:58 -0700] "GET / HTTP/1.1" 200 10794 "-" "Mozilla/5.0 (Windows NT 10.0; Win64; x64; rv:54.0) Gecko/20100101 Firefox/54.0" 
36.5.134.55 - - [15/Jul/2017:19:56:59 -0700] "GET /bootstrap/img/favicon.ico HTTP/1.1" 200 590 "-" "Mozilla/5.0 (Windows NT 10.0; Win64; x64; rv:54.0) Gecko/20100101 Firefox/54.0" 
36.5.134.55 - - [15/Jul/2017:19:57:00 -0700] "GET /twitter-icon.png HTTP/1.1" 200 27787 "http://www.secrepo.com/" "Mozilla/5.0 (Windows NT 10.0; Win64; x64; rv:54.0) Gecko/20100101 Firefox/54.0" 
36.5.134.55 - - [15/Jul/2017:19:57:00 -0700] "GET /GitHub-Mark.png HTTP/1.1" 200 7428 "http://www.secrepo.com/" "Mozilla/5.0 (Windows NT 10.0; Win64; x64; rv:54.0) Gecko/20100101 Firefox/54.0" 
36.5.134.55 - - [15/Jul/2017:19:57:10 -0700] "GET /data HTTP/1.1" 404 340 "http://www.secrepo.com/" "Mozilla/5.0 (Windows NT 10.0; Win64; x64; rv:54.0) Gecko/20100101 Firefox/54.0" 
36.5.134.55 - - [15/Jul/2017:19:57:16 -0700] "GET /favicon.ico HTTP/1.1" 200 268 "-" "Mozilla/5.0 (Windows NT 10.0; Win64; x64; rv:54.0) Gecko/20100101 Firefox/54.0" 
36.5.134.55 - - [15/Jul/2017:19:59:12 -0700] "GET /misc/zeus_dga_domains.txt.zip HTTP/1.1" 200 594360 "http://www.secrepo.com/" "Mozilla/5.0 (Windows NT 10.0; Win64; x64; rv:54.0) Gecko/20100101 Firefox/54.0" 
73.88.138.55 - - [15/Jul/2017:20:19:12 -0700] "GET /bootstrap/img/favicon.ico HTTP/1.1" 304 165 "-" "Mozilla/5.0 (Windows NT 6.3; WOW64; rv:53.0) Gecko/20100101 Firefox/53.0" 
82.205.71.90 - - [15/Jul/2017:20:27:19 -0700] "GET /wp-login.php HTTP/1.1" 301 522 "-" "Mozilla/5.0 (Windows NT 6.1; WOW64; rv:40.0) Gecko/20100101 Firefox/40.1" 
82.205.71.90 - - [15/Jul/2017:20:27:19 -0700] "GET /wp-login.php HTTP/1.1" 404 295 "-" "Mozilla/5.0 (Windows NT 6.1; WOW64; rv:40.0) Gecko/20100101 Firefox/40.1" 
82.205.71.90 - - [15/Jul/2017:20:27:24 -0700] "GET /wp-login.php HTTP/1.1" 301 522 "-" "Mozilla/5.0 (Windows NT 6.1; WOW64; rv:40.0) Gecko/20100101 Firefox/40.1" 
82.205.71.90 - - [15/Jul/2017:20:27:25 -0700] "GET /wp-login.php HTTP/1.1" 404 295 "-" "Mozilla/5.0 (Windows NT 6.1; WOW64; rv:40.0) Gecko/20100101 Firefox/40.1" 
82.205.71.90 - - [15/Jul/2017:20:27:30 -0700] "GET / HTTP/1.1" 301 498 "-" "Mozilla/5.0 (Windows NT 6.1; WOW64; rv:40.0) Gecko/20100101 Firefox/40.1" 
82.205.71.90 - - [15/Jul/2017:20:27:30 -0700] "GET / HTTP/1.1" 200 36476 "-" "Mozilla/5.0 (Windows NT 6.1; WOW64; rv:40.0) Gecko/20100101 Firefox/40.1" 
217.182.132.51 - - [15/Jul/2017:20:28:36 -0700] "GET /self.logs/error.log.2015-11-18.gz HTTP/1.1" 200 948 "-" "Mozilla/5.0 (compatible; AhrefsBot/5.2; +http://ahrefs.com/robot/)" 
217.182.132.173 - - [15/Jul/2017:20:30:48 -0700] "GET /self.logs/access.log.2017-02-27.gz HTTP/1.1" 200 37449 "-" "Mozilla/5.0 (compatible; AhrefsBot/5.2; +http://ahrefs.com/robot/)" 
51.255.65.49 - - [15/Jul/2017:20:49:25 -0700] "GET /self.logs/error.log.2015-01-27.gz HTTP/1.1" 200 616 "-" "Mozilla/5.0 (compatible; AhrefsBot/5.2; +http://ahrefs.com/robot/)" 
158.222.8.82 - - [15/Jul/2017:21:11:24 -0700] "GET /honeypot/BSidesDFW%20-%202014.ipynb HTTP/1.0" 200 930799 "http://www.secrepo.com/" "Mozilla/5.0 (X11; Linux i686; rv:17.0) Gecko/20100101 Firefox/17.0" 
117.205.213.1 - - [15/Jul/2017:21:13:06 -0700] "GET /wp-login.php HTTP/1.1" 404 295 "-" "Mozilla/5.0 (Windows NT 6.1; WOW64; rv:40.0) Gecko/20100101 Firefox/40.1" 
