201.193.217.126 - - [19/Oct/2015:17:25:28 -0700] "GET /maccdc2012/dns.log.gz HTTP/1.1" 200 6629420 "http://www.secrepo.com/" "Mozilla/5.0 (Windows NT 6.1; WOW64) AppleWebKit/537.36 (KHTML, like Gecko) Chrome/46.0.2490.71 Safari/537.36" 
201.193.217.126 - - [19/Oct/2015:17:33:23 -0700] "GET /maccdc2012/signatures.log.gz HTTP/1.1" 200 605 "http://www.secrepo.com/" "Mozilla/5.0 (Windows NT 6.1; WOW64) AppleWebKit/537.36 (KHTML, like Gecko) Chrome/46.0.2490.71 Safari/537.36" 
201.193.217.126 - - [19/Oct/2015:17:36:27 -0700] "GET /maccdc2012/notice.log.gz HTTP/1.1" 200 20779 "http://www.secrepo.com/" "Mozilla/5.0 (Windows NT 6.1; WOW64) AppleWebKit/537.36 (KHTML, like Gecko) Chrome/46.0.2490.71 Safari/537.36" 
76.123.114.179 - - [19/Oct/2015:17:36:32 -0700] "GET / HTTP/1.1" 304 189 "http://www2.mlsecproject.org/" "Mozilla/5.0 (Windows NT 6.1; WOW64) AppleWebKit/537.36 (KHTML, like Gecko) Chrome/46.0.2490.71 Safari/537.36" 
76.123.114.179 - - [19/Oct/2015:17:36:35 -0700] "GET /bootstrap/img/favicon.ico HTTP/1.1" 200 590 "http://www.secrepo.com/" "Mozilla/5.0 (Windows NT 6.1; WOW64) AppleWebKit/537.36 (KHTML, like Gecko) Chrome/46.0.2490.71 Safari/537.36" 
65.49.14.89 - - [19/Oct/2015:17:38:40 -0700] "GET / HTTP/1.1" 200 7880 "-" "Mozilla/5.0 (Windows NT 6.1; WOW64) AppleWebKit/537.36 (KHTML, like Gecko) Chrome/46.0.2490.71 Safari/537.36" 
65.49.14.89 - - [19/Oct/2015:17:38:43 -0700] "GET /twitter-icon.png HTTP/1.1" 200 27788 "http://www.secrepo.com/" "Mozilla/5.0 (Windows NT 6.1; WOW64) AppleWebKit/537.36 (KHTML, like Gecko) Chrome/46.0.2490.71 Safari/537.36" 
65.49.14.89 - - [19/Oct/2015:17:38:49 -0700] "GET /GitHub-Mark.png HTTP/1.1" 200 7428 "http://www.secrepo.com/" "Mozilla/5.0 (Windows NT 6.1; WOW64) AppleWebKit/537.36 (KHTML, like Gecko) Chrome/46.0.2490.71 Safari/537.36" 
65.49.14.89 - - [19/Oct/2015:17:39:01 -0700] "GET /bootstrap/img/favicon.ico HTTP/1.1" 200 590 "http://www.secrepo.com/" "Mozilla/5.0 (Windows NT 6.1; WOW64) AppleWebKit/537.36 (KHTML, like Gecko) Chrome/46.0.2490.71 Safari/537.36" 
201.193.217.126 - - [19/Oct/2015:17:38:12 -0700] "GET /tg/tg_snort_fast.7z HTTP/1.1" 200 4274093 "http://www.secrepo.com/" "Mozilla/5.0 (Windows NT 6.1; WOW64) AppleWebKit/537.36 (KHTML, like Gecko) Chrome/46.0.2490.71 Safari/537.36" 
201.193.217.126 - - [19/Oct/2015:17:43:21 -0700] "GET /tg/tg_snort_fast.7z HTTP/1.1" 200 4274093 "-" "Mozilla/5.0 (Windows NT 6.1; WOW64) AppleWebKit/537.36 (KHTML, like Gecko) Chrome/46.0.2490.71 Safari/537.36" 
220.181.108.99 - - [19/Oct/2015:17:49:27 -0700] "GET /honeypot/BSidesDFW%20-%202014.ipynb HTTP/1.1" 200 930799 "-" "Mozilla/5.0 (compatible; Baiduspider/2.0; +http://www.baidu.com/search/spider.html)" 
201.193.217.126 - - [19/Oct/2015:17:25:35 -0700] "GET /maccdc2012/files.log.gz HTTP/1.1" 200 51408672 "http://www.secrepo.com/" "Mozilla/5.0 (Windows NT 6.1; WOW64) AppleWebKit/537.36 (KHTML, like Gecko) Chrome/46.0.2490.71 Safari/537.36" 
201.193.217.126 - - [19/Oct/2015:17:34:51 -0700] "GET /tg/a.zip HTTP/1.1" 200 66189337 "http://www.secrepo.com/" "Mozilla/5.0 (Windows NT 6.1; WOW64) AppleWebKit/537.36 (KHTML, like Gecko) Chrome/46.0.2490.71 Safari/537.36" 
157.55.39.219 - - [19/Oct/2015:18:23:50 -0700] "GET /honeypot/Honeypot%20-%20Howto.pdf HTTP/1.1" 200 1279418 "-" "Mozilla/5.0 (iPhone; CPU iPhone OS 7_0 like Mac OS X) AppleWebKit/537.51.1 (KHTML, like Gecko) Version/7.0 Mobile/11A465 Safari/9537.53 (compatible; bingbot/2.0;  http://www.bing.com/bingbot.htm)" 
207.46.13.144 - - [19/Oct/2015:18:24:27 -0700] "GET /robots.txt HTTP/1.1" 200 334 "-" "Mozilla/5.0 (compatible; bingbot/2.0; +http://www.bing.com/bingbot.htm)" 
67.169.44.221 - - [19/Oct/2015:18:44:12 -0700] "GET / HTTP/1.1" 200 7880 "http://t.co/6iijA75dqz" "Mozilla/5.0 (Windows NT 6.3; WOW64) AppleWebKit/537.36 (KHTML, like Gecko) Chrome/46.0.2490.71 Safari/537.36" 
67.169.44.221 - - [19/Oct/2015:18:44:12 -0700] "GET /twitter-icon.png HTTP/1.1" 200 27787 "http://www.secrepo.com/" "Mozilla/5.0 (Windows NT 6.3; WOW64) AppleWebKit/537.36 (KHTML, like Gecko) Chrome/46.0.2490.71 Safari/537.36" 
67.169.44.221 - - [19/Oct/2015:18:44:12 -0700] "GET /GitHub-Mark.png HTTP/1.1" 200 7428 "http://www.secrepo.com/" "Mozilla/5.0 (Windows NT 6.3; WOW64) AppleWebKit/537.36 (KHTML, like Gecko) Chrome/46.0.2490.71 Safari/537.36" 
67.169.44.221 - - [19/Oct/2015:18:44:12 -0700] "GET /bootstrap/img/favicon.ico HTTP/1.1" 200 589 "http://www.secrepo.com/" "Mozilla/5.0 (Windows NT 6.3; WOW64) AppleWebKit/537.36 (KHTML, like Gecko) Chrome/46.0.2490.71 Safari/537.36" 
115.156.236.69 - - [19/Oct/2015:18:52:10 -0700] "GET / HTTP/1.1" 200 7880 "-" "Mozilla/5.0 (X11; Ubuntu; Linux x86_64; rv:31.0) Gecko/20100101 Firefox/31.0" 
115.156.236.69 - - [19/Oct/2015:18:52:11 -0700] "GET /bootstrap/img/favicon.ico HTTP/1.1" 200 589 "-" "Mozilla/5.0 (X11; Ubuntu; Linux x86_64; rv:31.0) Gecko/20100101 Firefox/31.0" 
115.156.236.69 - - [19/Oct/2015:18:52:11 -0700] "GET /twitter-icon.png HTTP/1.1" 200 27787 "http://www.secrepo.com/" "Mozilla/5.0 (X11; Ubuntu; Linux x86_64; rv:31.0) Gecko/20100101 Firefox/31.0" 
115.156.236.69 - - [19/Oct/2015:18:52:11 -0700] "GET /GitHub-Mark.png HTTP/1.1" 200 7428 "http://www.secrepo.com/" "Mozilla/5.0 (X11; Ubuntu; Linux x86_64; rv:31.0) Gecko/20100101 Firefox/31.0" 
222.76.234.148 - - [19/Oct/2015:19:24:13 -0700] "GET / HTTP/1.1" 200 7880 "-" "Mozilla/5.0 (Windows NT 6.1; WOW64) AppleWebKit/537.36 (KHTML, like Gecko) Chrome/38.0.2125.122 Safari/537.36" 
222.76.234.148 - - [19/Oct/2015:19:24:14 -0700] "GET /twitter-icon.png HTTP/1.1" 200 27787 "http://www.secrepo.com/" "Mozilla/5.0 (Windows NT 6.1; WOW64) AppleWebKit/537.36 (KHTML, like Gecko) Chrome/38.0.2125.122 Safari/537.36" 
222.76.234.148 - - [19/Oct/2015:19:24:14 -0700] "GET /GitHub-Mark.png HTTP/1.1" 200 7428 "http://www.secrepo.com/" "Mozilla/5.0 (Windows NT 6.1; WOW64) AppleWebKit/537.36 (KHTML, like Gecko) Chrome/38.0.2125.122 Safari/537.36" 
222.76.234.148 - - [19/Oct/2015:19:32:37 -0700] "GET /bootstrap/img/favicon.ico HTTP/1.1" 200 590 "-" "Mozilla/5.0 (Windows NT 6.1; WOW64) AppleWebKit/537.36 (KHTML, like Gecko) Chrome/38.0.2125.122 Safari/537.36" 
96.255.129.82 - - [19/Oct/2015:19:45:25 -0700] "GET / HTTP/1.1" 200 7880 "-" "Mozilla/5.0 (Windows NT 6.1; Win64; x64) AppleWebKit/537.36 (KHTML, like Gecko) Chrome/46.0.2490.71 Safari/537.36" 
96.255.129.82 - - [19/Oct/2015:19:45:25 -0700] "GET /twitter-icon.png HTTP/1.1" 200 27787 "http://www.secrepo.com/" "Mozilla/5.0 (Windows NT 6.1; Win64; x64) AppleWebKit/537.36 (KHTML, like Gecko) Chrome/46.0.2490.71 Safari/537.36" 
96.255.129.82 - - [19/Oct/2015:19:45:25 -0700] "GET /GitHub-Mark.png HTTP/1.1" 200 7427 "http://www.secrepo.com/" "Mozilla/5.0 (Windows NT 6.1; Win64; x64) AppleWebKit/537.36 (KHTML, like Gecko) Chrome/46.0.2490.71 Safari/537.36" 
96.255.129.82 - - [19/Oct/2015:19:45:26 -0700] "GET /bootstrap/img/favicon.ico HTTP/1.1" 200 589 "http://www.secrepo.com/" "Mozilla/5.0 (Windows NT 6.1; Win64; x64) AppleWebKit/537.36 (KHTML, like Gecko) Chrome/46.0.2490.71 Safari/537.36" 
66.249.67.254 - - [19/Oct/2015:19:52:41 -0700] "GET /bootstrap/img/favicon.ico HTTP/1.1" 200 590 "-" "Googlebot-Image/1.0" 
103.224.83.145 - - [19/Oct/2015:19:55:13 -0700] "GET / HTTP/1.1" 200 7880 "http://t.co/6iijA75dqz" "Mozilla/5.0 (Windows NT 10.0; WOW64) AppleWebKit/537.36 (KHTML, like Gecko) Chrome/45.0.2454.85 Safari/537.36" 
103.224.83.145 - - [19/Oct/2015:19:55:15 -0700] "GET /twitter-icon.png HTTP/1.1" 200 27787 "http://www.secrepo.com/" "Mozilla/5.0 (Windows NT 10.0; WOW64) AppleWebKit/537.36 (KHTML, like Gecko) Chrome/45.0.2454.85 Safari/537.36" 
103.224.83.145 - - [19/Oct/2015:19:55:15 -0700] "GET /GitHub-Mark.png HTTP/1.1" 200 7428 "http://www.secrepo.com/" "Mozilla/5.0 (Windows NT 10.0; WOW64) AppleWebKit/537.36 (KHTML, like Gecko) Chrome/45.0.2454.85 Safari/537.36" 
103.224.83.145 - - [19/Oct/2015:19:55:15 -0700] "GET /bootstrap/img/favicon.ico HTTP/1.1" 200 589 "http://www.secrepo.com/" "Mozilla/5.0 (Windows NT 10.0; WOW64) AppleWebKit/537.36 (KHTML, like Gecko) Chrome/45.0.2454.85 Safari/537.36" 
180.171.221.65 - - [19/Oct/2015:19:58:06 -0700] "GET / HTTP/1.1" 200 7880 "-" "Mozilla/5.0 (Windows NT 6.1; WOW64) AppleWebKit/537.36 (KHTML, like Gecko) Chrome/45.0.2454.85 Safari/537.36" 
180.171.221.65 - - [19/Oct/2015:19:58:07 -0700] "GET /twitter-icon.png HTTP/1.1" 200 27787 "http://www.secrepo.com/" "Mozilla/5.0 (Windows NT 6.1; WOW64) AppleWebKit/537.36 (KHTML, like Gecko) Chrome/45.0.2454.85 Safari/537.36" 
180.171.221.65 - - [19/Oct/2015:19:58:07 -0700] "GET /GitHub-Mark.png HTTP/1.1" 200 7428 "http://www.secrepo.com/" "Mozilla/5.0 (Windows NT 6.1; WOW64) AppleWebKit/537.36 (KHTML, like Gecko) Chrome/45.0.2454.85 Safari/537.36" 
180.171.221.65 - - [19/Oct/2015:19:58:29 -0700] "GET /bootstrap/img/favicon.ico HTTP/1.1" 200 590 "http://www.secrepo.com/" "Mozilla/5.0 (Windows NT 6.1; WOW64) AppleWebKit/537.36 (KHTML, like Gecko) Chrome/45.0.2454.85 Safari/537.36" 
207.46.13.23 - - [19/Oct/2015:20:06:46 -0700] "GET /robots.txt HTTP/1.1" 301 518 "-" "Mozilla/5.0 (compatible; bingbot/2.0; +http://www.bing.com/bingbot.htm)" 
207.46.13.23 - - [19/Oct/2015:20:06:46 -0700] "GET /robots.txt HTTP/1.1" 200 288 "-" "Mozilla/5.0 (compatible; bingbot/2.0; +http://www.bing.com/bingbot.htm)" 
207.46.13.23 - - [19/Oct/2015:20:07:06 -0700] "GET /self.logs/error.log.2015-06-02.gz HTTP/1.1" 301 544 "-" "Mozilla/5.0 (compatible; bingbot/2.0; +http://www.bing.com/bingbot.htm)" 
68.180.229.162 - - [19/Oct/2015:20:09:51 -0700] "GET /self.logs/error.log.2015-03-07.gz HTTP/1.1" 304 132 "-" "Mozilla/5.0 (compatible; Yahoo! Slurp; http://help.yahoo.com/help/us/ysearch/slurp)" 
175.44.4.172 - - [19/Oct/2015:20:22:54 -0700] "GET /honeypot/honeypot HTTP/1.0" 404 284 "http://www.secrepo.com/honeypot/honeypot" "Mozilla/4.0 (compatible; MSIE 6.0; Windows NT 5.1; SV1; .NET CLR 2.0.50727)" 
204.74.212.15 - - [19/Oct/2015:20:29:58 -0700] "GET / HTTP/1.1" 200 7880 "http://t.co/6iijA75dqz" "Mozilla/5.0 (Macintosh; Intel Mac OS X 10_11_1) AppleWebKit/537.36 (KHTML, like Gecko) Chrome/46.0.2490.71 Safari/537.36" 
204.74.212.15 - - [19/Oct/2015:20:29:59 -0700] "GET /twitter-icon.png HTTP/1.1" 200 27787 "http://www.secrepo.com/" "Mozilla/5.0 (Macintosh; Intel Mac OS X 10_11_1) AppleWebKit/537.36 (KHTML, like Gecko) Chrome/46.0.2490.71 Safari/537.36" 
204.74.212.15 - - [19/Oct/2015:20:29:59 -0700] "GET /GitHub-Mark.png HTTP/1.1" 200 7428 "http://www.secrepo.com/" "Mozilla/5.0 (Macintosh; Intel Mac OS X 10_11_1) AppleWebKit/537.36 (KHTML, like Gecko) Chrome/46.0.2490.71 Safari/537.36" 
204.74.212.15 - - [19/Oct/2015:20:30:00 -0700] "GET /bootstrap/img/favicon.ico HTTP/1.1" 200 589 "http://www.secrepo.com/" "Mozilla/5.0 (Macintosh; Intel Mac OS X 10_11_1) AppleWebKit/537.36 (KHTML, like Gecko) Chrome/46.0.2490.71 Safari/537.36" 
141.8.143.159 - - [19/Oct/2015:20:32:15 -0700] "GET /robots.txt HTTP/1.1" 200 289 "-" "Mozilla/5.0 (compatible; YandexBot/3.0; +http://yandex.com/bots)" 
119.62.122.51 - - [19/Oct/2015:20:39:04 -0700] "GET / HTTP/1.1" 200 7880 "http://weibo.com/p/1001603899953926824281" "Mozilla/5.0 (Windows NT 6.3; WOW64) AppleWebKit/537.36 (KHTML, like Gecko) Chrome/31.0.1650.63 Safari/537.36" 
119.62.122.51 - - [19/Oct/2015:20:39:04 -0700] "GET /twitter-icon.png HTTP/1.1" 200 27787 "http://www.secrepo.com/" "Mozilla/5.0 (Windows NT 6.3; WOW64) AppleWebKit/537.36 (KHTML, like Gecko) Chrome/31.0.1650.63 Safari/537.36" 
119.62.122.51 - - [19/Oct/2015:20:39:05 -0700] "GET /GitHub-Mark.png HTTP/1.1" 200 7428 "http://www.secrepo.com/" "Mozilla/5.0 (Windows NT 6.3; WOW64) AppleWebKit/537.36 (KHTML, like Gecko) Chrome/31.0.1650.63 Safari/537.36" 
119.62.122.51 - - [19/Oct/2015:20:39:07 -0700] "GET /bootstrap/img/favicon.ico HTTP/1.1" 200 589 "-" "Mozilla/5.0 (Windows NT 6.3; WOW64) AppleWebKit/537.36 (KHTML, like Gecko) Chrome/31.0.1650.63 Safari/537.36" 
119.62.122.51 - - [19/Oct/2015:20:40:04 -0700] "GET /favicon.ico HTTP/1.1" 200 212 "-" "Mozilla/4.0 (compatible; MSIE 7.0; Windows NT 5.1; Trident/4.0; .NET CLR 2.0.50727; 360space)" 
180.171.221.65 - - [19/Oct/2015:20:41:16 -0700] "GET /maccdc2012/conn.log.gz HTTP/1.1" 200 272640 "http://www.secrepo.com/maccdc2012" "Mozilla/4.0 (compatible; MSIE 7.0; Windows NT 6.1; WOW64; Trident/7.0; SLCC2; .NET CLR 2.0.50727; .NET CLR 3.5.30729; .NET CLR 3.0.30729; Media Center PC 6.0; .NET4.0C; .NET4.0E)" 
180.171.221.65 - - [19/Oct/2015:20:41:20 -0700] "GET /maccdc2012/conn.log.gz HTTP/1.1" 206 20845 "http://www.secrepo.com/maccdc2012" "Mozilla/4.0 (compatible; MSIE 7.0; Windows NT 6.1; WOW64; Trident/7.0; SLCC2; .NET CLR 2.0.50727; .NET CLR 3.5.30729; .NET CLR 3.0.30729; Media Center PC 6.0; .NET4.0C; .NET4.0E)" 
180.171.221.65 - - [19/Oct/2015:20:41:21 -0700] "GET /maccdc2012/conn.log.gz HTTP/1.1" 206 20845 "http://www.secrepo.com/maccdc2012" "Mozilla/4.0 (compatible; MSIE 7.0; Windows NT 6.1; WOW64; Trident/7.0; SLCC2; .NET CLR 2.0.50727; .NET CLR 3.5.30729; .NET CLR 3.0.30729; Media Center PC 6.0; .NET4.0C; .NET4.0E)" 
180.171.221.65 - - [19/Oct/2015:20:41:29 -0700] "GET /maccdc2012/dhcp.log.gz HTTP/1.1" 200 44867 "http://www.secrepo.com/maccdc2012" "Mozilla/4.0 (compatible; MSIE 7.0; Windows NT 6.1; WOW64; Trident/7.0; SLCC2; .NET CLR 2.0.50727; .NET CLR 3.5.30729; .NET CLR 3.0.30729; Media Center PC 6.0; .NET4.0C; .NET4.0E)" 
180.153.91.182 - - [19/Oct/2015:20:41:33 -0700] "GET /maccdc2012/dhcp.log.gz HTTP/1.1" 200 44867 "-" "Mozilla/5.0 (Windows NT 5.1) AppleWebKit/537.36 (KHTML, like Gecko) Chrome/38.0.2125.104 Safari/537.36" 
119.84.114.18 - - [19/Oct/2015:20:41:27 -0700] "GET /maccdc2012/conn.log.gz HTTP/1.1" 200 400040 "-" "Mozilla/5.0 (Windows NT 5.1) AppleWebKit/537.36 (KHTML, like Gecko) Chrome/38.0.2125.104 Safari/537.36" 
119.84.114.18 - - [19/Oct/2015:20:41:31 -0700] "GET /maccdc2012/conn.log.gz HTTP/1.1" 206 819060 "-" "Mozilla/5.0 (Windows NT 5.1) AppleWebKit/537.36 (KHTML, like Gecko) Chrome/38.0.2125.104 Safari/537.36" 
180.171.221.65 - - [19/Oct/2015:20:41:39 -0700] "GET /maccdc2012/dns.log.gz HTTP/1.1" 200 149100 "http://www.secrepo.com/maccdc2012" "Mozilla/4.0 (compatible; MSIE 7.0; Windows NT 6.1; WOW64; Trident/7.0; SLCC2; .NET CLR 2.0.50727; .NET CLR 3.5.30729; .NET CLR 3.0.30729; Media Center PC 6.0; .NET4.0C; .NET4.0E)" 
180.171.221.65 - - [19/Oct/2015:20:41:44 -0700] "GET /maccdc2012/dns.log.gz HTTP/1.1" 206 20837 "http://www.secrepo.com/maccdc2012" "Mozilla/4.0 (compatible; MSIE 7.0; Windows NT 6.1; WOW64; Trident/7.0; SLCC2; .NET CLR 2.0.50727; .NET CLR 3.5.30729; .NET CLR 3.0.30729; Media Center PC 6.0; .NET4.0C; .NET4.0E)" 
180.171.221.65 - - [19/Oct/2015:20:41:44 -0700] "GET /maccdc2012/dns.log.gz HTTP/1.1" 206 20837 "http://www.secrepo.com/maccdc2012" "Mozilla/4.0 (compatible; MSIE 7.0; Windows NT 6.1; WOW64; Trident/7.0; SLCC2; .NET CLR 2.0.50727; .NET CLR 3.5.30729; .NET CLR 3.0.30729; Media Center PC 6.0; .NET4.0C; .NET4.0E)" 
180.171.221.65 - - [19/Oct/2015:20:41:48 -0700] "GET /maccdc2012/files.log.gz HTTP/1.1" 200 163300 "http://www.secrepo.com/maccdc2012" "Mozilla/4.0 (compatible; MSIE 7.0; Windows NT 6.1; WOW64; Trident/7.0; SLCC2; .NET CLR 2.0.50727; .NET CLR 3.5.30729; .NET CLR 3.0.30729; Media Center PC 6.0; .NET4.0C; .NET4.0E)" 
180.153.91.173 - - [19/Oct/2015:20:41:44 -0700] "GET /maccdc2012/dns.log.gz HTTP/1.1" 200 481800 "-" "Mozilla/5.0 (Windows NT 5.1) AppleWebKit/537.36 (KHTML, like Gecko) Chrome/38.0.2125.104 Safari/537.36" 
180.171.221.65 - - [19/Oct/2015:20:41:53 -0700] "GET /maccdc2012/files.log.gz HTTP/1.1" 206 20841 "http://www.secrepo.com/maccdc2012" "Mozilla/4.0 (compatible; MSIE 7.0; Windows NT 6.1; WOW64; Trident/7.0; SLCC2; .NET CLR 2.0.50727; .NET CLR 3.5.30729; .NET CLR 3.0.30729; Media Center PC 6.0; .NET4.0C; .NET4.0E)" 
180.171.221.65 - - [19/Oct/2015:20:41:54 -0700] "GET /maccdc2012/files.log.gz HTTP/1.1" 206 20841 "http://www.secrepo.com/maccdc2012" "Mozilla/4.0 (compatible; MSIE 7.0; Windows NT 6.1; WOW64; Trident/7.0; SLCC2; .NET CLR 2.0.50727; .NET CLR 3.5.30729; .NET CLR 3.0.30729; Media Center PC 6.0; .NET4.0C; .NET4.0E)" 
180.171.221.65 - - [19/Oct/2015:20:41:45 -0700] "GET /maccdc2012/dns.log.gz HTTP/1.1" 206 1056408 "http://www.secrepo.com/maccdc2012" "Mozilla/4.0 (compatible; MSIE 7.0; Windows NT 6.1; WOW64; Trident/7.0; SLCC2; .NET CLR 2.0.50727; .NET CLR 3.5.30729; .NET CLR 3.0.30729; Media Center PC 6.0; .NET4.0C; .NET4.0E)" 
180.153.91.173 - - [19/Oct/2015:20:41:54 -0700] "GET /maccdc2012/dns.log.gz HTTP/1.1" 206 770406 "-" "Mozilla/5.0 (Windows NT 5.1) AppleWebKit/537.36 (KHTML, like Gecko) Chrome/38.0.2125.104 Safari/537.36" 
180.171.221.65 - - [19/Oct/2015:20:41:44 -0700] "GET /maccdc2012/dns.log.gz HTTP/1.1" 206 1322020 "http://www.secrepo.com/maccdc2012" "Mozilla/4.0 (compatible; MSIE 7.0; Windows NT 6.1; WOW64; Trident/7.0; SLCC2; .NET CLR 2.0.50727; .NET CLR 3.5.30729; .NET CLR 3.0.30729; Media Center PC 6.0; .NET4.0C; .NET4.0E)" 
180.153.91.173 - - [19/Oct/2015:20:41:54 -0700] "GET /maccdc2012/dns.log.gz HTTP/1.1" 206 1661480 "-" "Mozilla/5.0 (Windows NT 5.1) AppleWebKit/537.36 (KHTML, like Gecko) Chrome/38.0.2125.104 Safari/537.36" 
180.153.91.173 - - [19/Oct/2015:20:41:49 -0700] "GET /maccdc2012/dns.log.gz HTTP/1.1" 206 1264360 "-" "Mozilla/5.0 (Windows NT 5.1) AppleWebKit/537.36 (KHTML, like Gecko) Chrome/38.0.2125.104 Safari/537.36" 
115.231.38.67 - - [19/Oct/2015:20:41:56 -0700] "GET /maccdc2012/files.log.gz HTTP/1.1" 206 1582640 "-" "Mozilla/5.0 (Windows NT 5.1) AppleWebKit/537.36 (KHTML, like Gecko) Chrome/38.0.2125.104 Safari/537.36" 
180.153.91.173 - - [19/Oct/2015:20:41:59 -0700] "GET /maccdc2012/dns.log.gz HTTP/1.1" 206 49509 "-" "Mozilla/5.0 (Windows NT 5.1) AppleWebKit/537.36 (KHTML, like Gecko) Chrome/38.0.2125.104 Safari/537.36" 
180.171.221.65 - - [19/Oct/2015:20:42:01 -0700] "GET /maccdc2012/ftp.log.gz HTTP/1.1" 206 20223 "http://www.secrepo.com/maccdc2012" "Mozilla/4.0 (compatible; MSIE 7.0; Windows NT 6.1; WOW64; Trident/7.0; SLCC2; .NET CLR 2.0.50727; .NET CLR 3.5.30729; .NET CLR 3.0.30729; Media Center PC 6.0; .NET4.0C; .NET4.0E)" 
180.153.91.173 - - [19/Oct/2015:20:41:57 -0700] "GET /maccdc2012/dns.log.gz HTTP/1.1" 206 754022 "-" "Mozilla/5.0 (Windows NT 5.1) AppleWebKit/537.36 (KHTML, like Gecko) Chrome/38.0.2125.104 Safari/537.36" 
180.171.221.65 - - [19/Oct/2015:20:42:01 -0700] "GET /maccdc2012/ftp.log.gz HTTP/1.1" 206 20831 "http://www.secrepo.com/maccdc2012" "Mozilla/4.0 (compatible; MSIE 7.0; Windows NT 6.1; WOW64; Trident/7.0; SLCC2; .NET CLR 2.0.50727; .NET CLR 3.5.30729; .NET CLR 3.0.30729; Media Center PC 6.0; .NET4.0C; .NET4.0E)" 
180.171.221.65 - - [19/Oct/2015:20:42:01 -0700] "GET /maccdc2012/ftp.log.gz HTTP/1.1" 206 25030 "http://www.secrepo.com/maccdc2012" "Mozilla/4.0 (compatible; MSIE 7.0; Windows NT 6.1; WOW64; Trident/7.0; SLCC2; .NET CLR 2.0.50727; .NET CLR 3.5.30729; .NET CLR 3.0.30729; Media Center PC 6.0; .NET4.0C; .NET4.0E)" 
180.171.221.65 - - [19/Oct/2015:20:42:01 -0700] "GET /maccdc2012/ftp.log.gz HTTP/1.1" 206 16650 "http://www.secrepo.com/maccdc2012" "Mozilla/4.0 (compatible; MSIE 7.0; Windows NT 6.1; WOW64; Trident/7.0; SLCC2; .NET CLR 2.0.50727; .NET CLR 3.5.30729; .NET CLR 3.0.30729; Media Center PC 6.0; .NET4.0C; .NET4.0E)" 
180.171.221.65 - - [19/Oct/2015:20:42:01 -0700] "GET /maccdc2012/ftp.log.gz HTTP/1.1" 206 10592 "http://www.secrepo.com/maccdc2012" "Mozilla/4.0 (compatible; MSIE 7.0; Windows NT 6.1; WOW64; Trident/7.0; SLCC2; .NET CLR 2.0.50727; .NET CLR 3.5.30729; .NET CLR 3.0.30729; Media Center PC 6.0; .NET4.0C; .NET4.0E)" 
180.171.221.65 - - [19/Oct/2015:20:42:02 -0700] "GET /maccdc2012/ftp.log.gz HTTP/1.1" 206 11445 "http://www.secrepo.com/maccdc2012" "Mozilla/4.0 (compatible; MSIE 7.0; Windows NT 6.1; WOW64; Trident/7.0; SLCC2; .NET CLR 2.0.50727; .NET CLR 3.5.30729; .NET CLR 3.0.30729; Media Center PC 6.0; .NET4.0C; .NET4.0E)" 
180.171.221.65 - - [19/Oct/2015:20:42:02 -0700] "GET /maccdc2012/ftp.log.gz HTTP/1.1" 206 75013 "http://www.secrepo.com/maccdc2012" "Mozilla/4.0 (compatible; MSIE 7.0; Windows NT 6.1; WOW64; Trident/7.0; SLCC2; .NET CLR 2.0.50727; .NET CLR 3.5.30729; .NET CLR 3.0.30729; Media Center PC 6.0; .NET4.0C; .NET4.0E)" 
180.171.221.65 - - [19/Oct/2015:20:42:02 -0700] "GET /maccdc2012/ftp.log.gz HTTP/1.1" 206 101554 "http://www.secrepo.com/maccdc2012" "Mozilla/4.0 (compatible; MSIE 7.0; Windows NT 6.1; WOW64; Trident/7.0; SLCC2; .NET CLR 2.0.50727; .NET CLR 3.5.30729; .NET CLR 3.0.30729; Media Center PC 6.0; .NET4.0C; .NET4.0E)" 
180.171.221.65 - - [19/Oct/2015:20:42:03 -0700] "GET /maccdc2012/ftp.log.gz HTTP/1.1" 206 20833 "http://www.secrepo.com/maccdc2012" "Mozilla/4.0 (compatible; MSIE 7.0; Windows NT 6.1; WOW64; Trident/7.0; SLCC2; .NET CLR 2.0.50727; .NET CLR 3.5.30729; .NET CLR 3.0.30729; Media Center PC 6.0; .NET4.0C; .NET4.0E)" 
180.153.91.173 - - [19/Oct/2015:20:42:01 -0700] "GET /maccdc2012/dns.log.gz HTTP/1.1" 206 557413 "-" "Mozilla/5.0 (Windows NT 5.1) AppleWebKit/537.36 (KHTML, like Gecko) Chrome/38.0.2125.104 Safari/537.36" 
180.171.221.65 - - [19/Oct/2015:20:42:03 -0700] "GET /maccdc2012/ftp.log.gz HTTP/1.1" 206 12641 "http://www.secrepo.com/maccdc2012" "Mozilla/4.0 (compatible; MSIE 7.0; Windows NT 6.1; WOW64; Trident/7.0; SLCC2; .NET CLR 2.0.50727; .NET CLR 3.5.30729; .NET CLR 3.0.30729; Media Center PC 6.0; .NET4.0C; .NET4.0E)" 
180.171.221.65 - - [19/Oct/2015:20:42:03 -0700] "GET /maccdc2012/ftp.log.gz HTTP/1.1" 206 8544 "http://www.secrepo.com/maccdc2012" "Mozilla/4.0 (compatible; MSIE 7.0; Windows NT 6.1; WOW64; Trident/7.0; SLCC2; .NET CLR 2.0.50727; .NET CLR 3.5.30729; .NET CLR 3.0.30729; Media Center PC 6.0; .NET4.0C; .NET4.0E)" 
180.171.221.65 - - [19/Oct/2015:20:42:04 -0700] "GET /maccdc2012/ftp.log.gz HTTP/1.1" 206 12641 "http://www.secrepo.com/maccdc2012" "Mozilla/4.0 (compatible; MSIE 7.0; Windows NT 6.1; WOW64; Trident/7.0; SLCC2; .NET CLR 2.0.50727; .NET CLR 3.5.30729; .NET CLR 3.0.30729; Media Center PC 6.0; .NET4.0C; .NET4.0E)" 
180.153.91.173 - - [19/Oct/2015:20:42:02 -0700] "GET /maccdc2012/dns.log.gz HTTP/1.1" 206 278886 "-" "Mozilla/5.0 (Windows NT 5.1) AppleWebKit/537.36 (KHTML, like Gecko) Chrome/38.0.2125.104 Safari/537.36" 
115.231.38.67 - - [19/Oct/2015:20:41:51 -0700] "GET /maccdc2012/files.log.gz HTTP/1.1" 200 24278340 "-" "Mozilla/5.0 (Windows NT 5.1) AppleWebKit/537.36 (KHTML, like Gecko) Chrome/38.0.2125.104 Safari/537.36" 
180.171.221.65 - - [19/Oct/2015:20:42:04 -0700] "GET /maccdc2012/ftp.log.gz HTTP/1.1" 206 10593 "http://www.secrepo.com/maccdc2012" "Mozilla/4.0 (compatible; MSIE 7.0; Windows NT 6.1; WOW64; Trident/7.0; SLCC2; .NET CLR 2.0.50727; .NET CLR 3.5.30729; .NET CLR 3.0.30729; Media Center PC 6.0; .NET4.0C; .NET4.0E)" 
180.153.91.173 - - [19/Oct/2015:20:41:59 -0700] "GET /maccdc2012/dns.log.gz HTTP/1.1" 206 643551 "-" "Mozilla/5.0 (Windows NT 5.1) AppleWebKit/537.36 (KHTML, like Gecko) Chrome/38.0.2125.104 Safari/537.36" 
115.231.38.67 - - [19/Oct/2015:20:42:01 -0700] "GET /maccdc2012/files.log.gz HTTP/1.1" 206 1438100 "-" "Mozilla/5.0 (Windows NT 5.1) AppleWebKit/537.36 (KHTML, like Gecko) Chrome/38.0.2125.104 Safari/537.36" 
180.153.91.173 - - [19/Oct/2015:20:42:04 -0700] "GET /maccdc2012/dns.log.gz HTTP/1.1" 206 49509 "-" "Mozilla/5.0 (Windows NT 5.1) AppleWebKit/537.36 (KHTML, like Gecko) Chrome/38.0.2125.104 Safari/537.36" 
180.171.221.65 - - [19/Oct/2015:20:41:58 -0700] "GET /maccdc2012/ftp.log.gz HTTP/1.1" 200 34080 "http://www.secrepo.com/maccdc2012" "Mozilla/4.0 (compatible; MSIE 7.0; Windows NT 6.1; WOW64; Trident/7.0; SLCC2; .NET CLR 2.0.50727; .NET CLR 3.5.30729; .NET CLR 3.0.30729; Media Center PC 6.0; .NET4.0C; .NET4.0E)" 
180.153.91.173 - - [19/Oct/2015:20:42:06 -0700] "GET /maccdc2012/dns.log.gz HTTP/1.1" 206 98661 "-" "Mozilla/5.0 (Windows NT 5.1) AppleWebKit/537.36 (KHTML, like Gecko) Chrome/38.0.2125.104 Safari/537.36" 
180.153.91.173 - - [19/Oct/2015:20:42:05 -0700] "GET /maccdc2012/dns.log.gz HTTP/1.1" 206 180582 "-" "Mozilla/5.0 (Windows NT 5.1) AppleWebKit/537.36 (KHTML, like Gecko) Chrome/38.0.2125.104 Safari/537.36" 
180.153.91.173 - - [19/Oct/2015:20:42:06 -0700] "GET /maccdc2012/dns.log.gz HTTP/1.1" 206 82276 "-" "Mozilla/5.0 (Windows NT 5.1) AppleWebKit/537.36 (KHTML, like Gecko) Chrome/38.0.2125.104 Safari/537.36" 
180.171.221.65 - - [19/Oct/2015:20:42:08 -0700] "GET /maccdc2012/ftp.log.gz HTTP/1.1" 206 11445 "http://www.secrepo.com/maccdc2012" "Mozilla/4.0 (compatible; MSIE 7.0; Windows NT 6.1; WOW64; Trident/7.0; SLCC2; .NET CLR 2.0.50727; .NET CLR 3.5.30729; .NET CLR 3.0.30729; Media Center PC 6.0; .NET4.0C; .NET4.0E)" 
180.153.91.173 - - [19/Oct/2015:20:41:54 -0700] "GET /maccdc2012/dns.log.gz HTTP/1.1" 206 689120 "-" "Mozilla/5.0 (Windows NT 5.1) AppleWebKit/537.36 (KHTML, like Gecko) Chrome/38.0.2125.104 Safari/537.36" 
180.153.91.173 - - [19/Oct/2015:20:42:08 -0700] "GET /maccdc2012/dns.log.gz HTTP/1.1" 206 16740 "-" "Mozilla/5.0 (Windows NT 5.1) AppleWebKit/537.36 (KHTML, like Gecko) Chrome/38.0.2125.104 Safari/537.36" 
180.153.91.173 - - [19/Oct/2015:20:42:08 -0700] "GET /maccdc2012/dns.log.gz HTTP/1.1" 206 33125 "-" "Mozilla/5.0 (Windows NT 5.1) AppleWebKit/537.36 (KHTML, like Gecko) Chrome/38.0.2125.104 Safari/537.36" 
180.153.91.173 - - [19/Oct/2015:20:42:08 -0700] "GET /maccdc2012/dns.log.gz HTTP/1.1" 206 16740 "-" "Mozilla/5.0 (Windows NT 5.1) AppleWebKit/537.36 (KHTML, like Gecko) Chrome/38.0.2125.104 Safari/537.36" 
115.231.38.67 - - [19/Oct/2015:20:42:06 -0700] "GET /maccdc2012/files.log.gz HTTP/1.1" 206 328500 "-" "Mozilla/5.0 (Windows NT 5.1) AppleWebKit/537.36 (KHTML, like Gecko) Chrome/38.0.2125.104 Safari/537.36" 
180.171.221.65 - - [19/Oct/2015:20:42:06 -0700] "GET /maccdc2012/http.log.gz HTTP/1.1" 200 301040 "http://www.secrepo.com/maccdc2012" "Mozilla/4.0 (compatible; MSIE 7.0; Windows NT 6.1; WOW64; Trident/7.0; SLCC2; .NET CLR 2.0.50727; .NET CLR 3.5.30729; .NET CLR 3.0.30729; Media Center PC 6.0; .NET4.0C; .NET4.0E)" 
180.153.91.173 - - [19/Oct/2015:20:41:49 -0700] "GET /maccdc2012/dns.log.gz HTTP/1.1" 206 1147560 "-" "Mozilla/5.0 (Windows NT 5.1) AppleWebKit/537.36 (KHTML, like Gecko) Chrome/38.0.2125.104 Safari/537.36" 
180.171.221.65 - - [19/Oct/2015:20:42:11 -0700] "GET /maccdc2012/http.log.gz HTTP/1.1" 206 20841 "http://www.secrepo.com/maccdc2012" "Mozilla/4.0 (compatible; MSIE 7.0; Windows NT 6.1; WOW64; Trident/7.0; SLCC2; .NET CLR 2.0.50727; .NET CLR 3.5.30729; .NET CLR 3.0.30729; Media Center PC 6.0; .NET4.0C; .NET4.0E)" 
180.171.221.65 - - [19/Oct/2015:20:42:11 -0700] "GET /maccdc2012/http.log.gz HTTP/1.1" 206 20841 "http://www.secrepo.com/maccdc2012" "Mozilla/4.0 (compatible; MSIE 7.0; Windows NT 6.1; WOW64; Trident/7.0; SLCC2; .NET CLR 2.0.50727; .NET CLR 3.5.30729; .NET CLR 3.0.30729; Media Center PC 6.0; .NET4.0C; .NET4.0E)" 
180.171.221.65 - - [19/Oct/2015:20:42:12 -0700] "GET /maccdc2012/notice.log.gz HTTP/1.1" 200 20687 "http://www.secrepo.com/maccdc2012" "Mozilla/4.0 (compatible; MSIE 7.0; Windows NT 6.1; WOW64; Trident/7.0; SLCC2; .NET CLR 2.0.50727; .NET CLR 3.5.30729; .NET CLR 3.0.30729; Media Center PC 6.0; .NET4.0C; .NET4.0E)" 
180.171.221.65 - - [19/Oct/2015:20:41:48 -0700] "GET /maccdc2012/dns.log.gz HTTP/1.1" 206 59640 "http://www.secrepo.com/maccdc2012" "Mozilla/4.0 (compatible; MSIE 7.0; Windows NT 6.1; WOW64; Trident/7.0; SLCC2; .NET CLR 2.0.50727; .NET CLR 3.5.30729; .NET CLR 3.0.30729; Media Center PC 6.0; .NET4.0C; .NET4.0E)" 
180.171.221.65 - - [19/Oct/2015:20:42:06 -0700] "GET /maccdc2012/dns.log.gz HTTP/1.1" 206 658728 "http://www.secrepo.com/maccdc2012" "Mozilla/4.0 (compatible; MSIE 7.0; Windows NT 6.1; WOW64; Trident/7.0; SLCC2; .NET CLR 2.0.50727; .NET CLR 3.5.30729; .NET CLR 3.0.30729; Media Center PC 6.0; .NET4.0C; .NET4.0E)" 
180.171.221.65 - - [19/Oct/2015:20:41:59 -0700] "GET /maccdc2012/dns.log.gz HTTP/1.1" 206 609744 "http://www.secrepo.com/maccdc2012" "Mozilla/4.0 (compatible; MSIE 7.0; Windows NT 6.1; WOW64; Trident/7.0; SLCC2; .NET CLR 2.0.50727; .NET CLR 3.5.30729; .NET CLR 3.0.30729; Media Center PC 6.0; .NET4.0C; .NET4.0E)" 
180.171.221.65 - - [19/Oct/2015:20:42:13 -0700] "GET /maccdc2012/dns.log.gz HTTP/1.1" 206 207757 "http://www.secrepo.com/maccdc2012" "Mozilla/4.0 (compatible; MSIE 7.0; Windows NT 6.1; WOW64; Trident/7.0; SLCC2; .NET CLR 2.0.50727; .NET CLR 3.5.30729; .NET CLR 3.0.30729; Media Center PC 6.0; .NET4.0C; .NET4.0E)" 
115.231.38.67 - - [19/Oct/2015:20:42:11 -0700] "GET /maccdc2012/files.log.gz HTTP/1.1" 206 765040 "-" "Mozilla/5.0 (Windows NT 5.1) AppleWebKit/537.36 (KHTML, like Gecko) Chrome/38.0.2125.104 Safari/537.36" 
180.171.221.65 - - [19/Oct/2015:20:42:16 -0700] "GET /maccdc2012/signatures.log.gz HTTP/1.1" 200 558 "http://www.secrepo.com/maccdc2012" "Mozilla/4.0 (compatible; MSIE 7.0; Windows NT 6.1; WOW64; Trident/7.0; SLCC2; .NET CLR 2.0.50727; .NET CLR 3.5.30729; .NET CLR 3.0.30729; Media Center PC 6.0; .NET4.0C; .NET4.0E)" 
180.171.221.65 - - [19/Oct/2015:20:42:14 -0700] "GET /maccdc2012/dns.log.gz HTTP/1.1" 206 185635 "http://www.secrepo.com/maccdc2012" "Mozilla/4.0 (compatible; MSIE 7.0; Windows NT 6.1; WOW64; Trident/7.0; SLCC2; .NET CLR 2.0.50727; .NET CLR 3.5.30729; .NET CLR 3.0.30729; Media Center PC 6.0; .NET4.0C; .NET4.0E)" 
180.171.221.65 - - [19/Oct/2015:20:42:14 -0700] "GET /maccdc2012/dns.log.gz HTTP/1.1" 206 133780 "http://www.secrepo.com/maccdc2012" "Mozilla/4.0 (compatible; MSIE 7.0; Windows NT 6.1; WOW64; Trident/7.0; SLCC2; .NET CLR 2.0.50727; .NET CLR 3.5.30729; .NET CLR 3.0.30729; Media Center PC 6.0; .NET4.0C; .NET4.0E)" 
115.231.38.67 - - [19/Oct/2015:20:42:16 -0700] "GET /maccdc2012/files.log.gz HTTP/1.1" 206 367920 "-" "Mozilla/5.0 (Windows NT 5.1) AppleWebKit/537.36 (KHTML, like Gecko) Chrome/38.0.2125.104 Safari/537.36" 
180.171.221.65 - - [19/Oct/2015:20:42:20 -0700] "GET /maccdc2012/dns.log.gz HTTP/1.1" 206 39896 "http://www.secrepo.com/maccdc2012" "Mozilla/4.0 (compatible; MSIE 7.0; Windows NT 6.1; WOW64; Trident/7.0; SLCC2; .NET CLR 2.0.50727; .NET CLR 3.5.30729; .NET CLR 3.0.30729; Media Center PC 6.0; .NET4.0C; .NET4.0E)" 
180.171.221.65 - - [19/Oct/2015:20:42:22 -0700] "GET /maccdc2012/dns.log.gz HTTP/1.1" 206 25249 "http://www.secrepo.com/maccdc2012" "Mozilla/4.0 (compatible; MSIE 7.0; Windows NT 6.1; WOW64; Trident/7.0; SLCC2; .NET CLR 2.0.50727; .NET CLR 3.5.30729; .NET CLR 3.0.30729; Media Center PC 6.0; .NET4.0C; .NET4.0E)" 
180.171.221.65 - - [19/Oct/2015:20:41:45 -0700] "GET /maccdc2012/dns.log.gz HTTP/1.1" 206 1865880 "http://www.secrepo.com/maccdc2012" "Mozilla/4.0 (compatible; MSIE 7.0; Windows NT 6.1; WOW64; Trident/7.0; SLCC2; .NET CLR 2.0.50727; .NET CLR 3.5.30729; .NET CLR 3.0.30729; Media Center PC 6.0; .NET4.0C; .NET4.0E)" 
180.171.221.65 - - [19/Oct/2015:20:42:23 -0700] "GET /maccdc2012/dns.log.gz HTTP/1.1" 206 27120 "http://www.secrepo.com/maccdc2012" "Mozilla/4.0 (compatible; MSIE 7.0; Windows NT 6.1; WOW64; Trident/7.0; SLCC2; .NET CLR 2.0.50727; .NET CLR 3.5.30729; .NET CLR 3.0.30729; Media Center PC 6.0; .NET4.0C; .NET4.0E)" 
180.171.221.65 - - [19/Oct/2015:20:42:24 -0700] "GET /maccdc2012/dns.log.gz HTTP/1.1" 206 11839 "http://www.secrepo.com/maccdc2012" "Mozilla/4.0 (compatible; MSIE 7.0; Windows NT 6.1; WOW64; Trident/7.0; SLCC2; .NET CLR 2.0.50727; .NET CLR 3.5.30729; .NET CLR 3.0.30729; Media Center PC 6.0; .NET4.0C; .NET4.0E)" 
180.171.221.65 - - [19/Oct/2015:20:41:44 -0700] "GET /maccdc2012/dns.log.gz HTTP/1.1" 206 842060 "http://www.secrepo.com/maccdc2012" "Mozilla/4.0 (compatible; MSIE 7.0; Windows NT 6.1; WOW64; Trident/7.0; SLCC2; .NET CLR 2.0.50727; .NET CLR 3.5.30729; .NET CLR 3.0.30729; Media Center PC 6.0; .NET4.0C; .NET4.0E)" 
115.231.38.67 - - [19/Oct/2015:20:42:21 -0700] "GET /maccdc2012/files.log.gz HTTP/1.1" 206 300760 "-" "Mozilla/5.0 (Windows NT 5.1) AppleWebKit/537.36 (KHTML, like Gecko) Chrome/38.0.2125.104 Safari/537.36" 
180.171.221.65 - - [19/Oct/2015:20:42:27 -0700] "GET /maccdc2012/smtp.log.gz HTTP/1.1" 200 6846 "http://www.secrepo.com/maccdc2012" "Mozilla/4.0 (compatible; MSIE 7.0; Windows NT 6.1; WOW64; Trident/7.0; SLCC2; .NET CLR 2.0.50727; .NET CLR 3.5.30729; .NET CLR 3.0.30729; Media Center PC 6.0; .NET4.0C; .NET4.0E)" 
115.231.38.67 - - [19/Oct/2015:20:42:01 -0700] "GET /maccdc2012/files.log.gz HTTP/1.1" 206 2867440 "-" "Mozilla/5.0 (Windows NT 5.1) AppleWebKit/537.36 (KHTML, like Gecko) Chrome/38.0.2125.104 Safari/537.36" 
180.171.221.65 - - [19/Oct/2015:20:42:12 -0700] "GET /maccdc2012/http.log.gz HTTP/1.1" 206 568000 "http://www.secrepo.com/maccdc2012" "Mozilla/4.0 (compatible; MSIE 7.0; Windows NT 6.1; WOW64; Trident/7.0; SLCC2; .NET CLR 2.0.50727; .NET CLR 3.5.30729; .NET CLR 3.0.30729; Media Center PC 6.0; .NET4.0C; .NET4.0E)" 
115.231.38.67 - - [19/Oct/2015:20:42:26 -0700] "GET /maccdc2012/files.log.gz HTTP/1.1" 206 880380 "-" "Mozilla/5.0 (Windows NT 5.1) AppleWebKit/537.36 (KHTML, like Gecko) Chrome/38.0.2125.104 Safari/537.36" 
180.171.221.65 - - [19/Oct/2015:20:42:34 -0700] "GET /maccdc2012/ssh.log.gz HTTP/1.1" 200 72420 "http://www.secrepo.com/maccdc2012" "Mozilla/4.0 (compatible; MSIE 7.0; Windows NT 6.1; WOW64; Trident/7.0; SLCC2; .NET CLR 2.0.50727; .NET CLR 3.5.30729; .NET CLR 3.0.30729; Media Center PC 6.0; .NET4.0C; .NET4.0E)" 
180.171.221.65 - - [19/Oct/2015:20:42:35 -0700] "GET /maccdc2012/ssh.log.gz HTTP/1.1" 206 22293 "http://www.secrepo.com/maccdc2012" "Mozilla/4.0 (compatible; MSIE 7.0; Windows NT 6.1; WOW64; Trident/7.0; SLCC2; .NET CLR 2.0.50727; .NET CLR 3.5.30729; .NET CLR 3.0.30729; Media Center PC 6.0; .NET4.0C; .NET4.0E)" 
180.171.221.65 - - [19/Oct/2015:20:42:35 -0700] "GET /maccdc2012/ssh.log.gz HTTP/1.1" 206 28892 "http://www.secrepo.com/maccdc2012" "Mozilla/4.0 (compatible; MSIE 7.0; Windows NT 6.1; WOW64; Trident/7.0; SLCC2; .NET CLR 2.0.50727; .NET CLR 3.5.30729; .NET CLR 3.0.30729; Media Center PC 6.0; .NET4.0C; .NET4.0E)" 
180.171.221.65 - - [19/Oct/2015:20:42:35 -0700] "GET /maccdc2012/ssh.log.gz HTTP/1.1" 206 28892 "http://www.secrepo.com/maccdc2012" "Mozilla/4.0 (compatible; MSIE 7.0; Windows NT 6.1; WOW64; Trident/7.0; SLCC2; .NET CLR 2.0.50727; .NET CLR 3.5.30729; .NET CLR 3.0.30729; Media Center PC 6.0; .NET4.0C; .NET4.0E)" 
180.171.221.65 - - [19/Oct/2015:20:42:22 -0700] "GET /maccdc2012/http.log.gz HTTP/1.1" 206 34080 "http://www.secrepo.com/maccdc2012" "Mozilla/4.0 (compatible; MSIE 7.0; Windows NT 6.1; WOW64; Trident/7.0; SLCC2; .NET CLR 2.0.50727; .NET CLR 3.5.30729; .NET CLR 3.0.30729; Media Center PC 6.0; .NET4.0C; .NET4.0E)" 
180.171.221.65 - - [19/Oct/2015:20:42:36 -0700] "GET /maccdc2012/ssh.log.gz HTTP/1.1" 206 20833 "http://www.secrepo.com/maccdc2012" "Mozilla/4.0 (compatible; MSIE 7.0; Windows NT 6.1; WOW64; Trident/7.0; SLCC2; .NET CLR 2.0.50727; .NET CLR 3.5.30729; .NET CLR 3.0.30729; Media Center PC 6.0; .NET4.0C; .NET4.0E)" 
180.171.221.65 - - [19/Oct/2015:20:42:36 -0700] "GET /maccdc2012/ssh.log.gz HTTP/1.1" 206 20831 "http://www.secrepo.com/maccdc2012" "Mozilla/4.0 (compatible; MSIE 7.0; Windows NT 6.1; WOW64; Trident/7.0; SLCC2; .NET CLR 2.0.50727; .NET CLR 3.5.30729; .NET CLR 3.0.30729; Media Center PC 6.0; .NET4.0C; .NET4.0E)" 
180.171.221.65 - - [19/Oct/2015:20:42:36 -0700] "GET /maccdc2012/ssh.log.gz HTTP/1.1" 206 21607 "http://www.secrepo.com/maccdc2012" "Mozilla/4.0 (compatible; MSIE 7.0; Windows NT 6.1; WOW64; Trident/7.0; SLCC2; .NET CLR 2.0.50727; .NET CLR 3.5.30729; .NET CLR 3.0.30729; Media Center PC 6.0; .NET4.0C; .NET4.0E)" 
180.171.221.65 - - [19/Oct/2015:20:42:36 -0700] "GET /maccdc2012/ssh.log.gz HTTP/1.1" 206 9753 "http://www.secrepo.com/maccdc2012" "Mozilla/4.0 (compatible; MSIE 7.0; Windows NT 6.1; WOW64; Trident/7.0; SLCC2; .NET CLR 2.0.50727; .NET CLR 3.5.30729; .NET CLR 3.0.30729; Media Center PC 6.0; .NET4.0C; .NET4.0E)" 
180.171.221.65 - - [19/Oct/2015:20:42:37 -0700] "GET /maccdc2012/ssh.log.gz HTTP/1.1" 206 8542 "http://www.secrepo.com/maccdc2012" "Mozilla/4.0 (compatible; MSIE 7.0; Windows NT 6.1; WOW64; Trident/7.0; SLCC2; .NET CLR 2.0.50727; .NET CLR 3.5.30729; .NET CLR 3.0.30729; Media Center PC 6.0; .NET4.0C; .NET4.0E)" 
180.171.221.65 - - [19/Oct/2015:20:42:38 -0700] "GET /maccdc2012/ssh.log.gz HTTP/1.1" 206 8541 "http://www.secrepo.com/maccdc2012" "Mozilla/4.0 (compatible; MSIE 7.0; Windows NT 6.1; WOW64; Trident/7.0; SLCC2; .NET CLR 2.0.50727; .NET CLR 3.5.30729; .NET CLR 3.0.30729; Media Center PC 6.0; .NET4.0C; .NET4.0E)" 
180.171.221.65 - - [19/Oct/2015:20:42:38 -0700] "GET /maccdc2012/ssh.log.gz HTTP/1.1" 206 22291 "http://www.secrepo.com/maccdc2012" "Mozilla/4.0 (compatible; MSIE 7.0; Windows NT 6.1; WOW64; Trident/7.0; SLCC2; .NET CLR 2.0.50727; .NET CLR 3.5.30729; .NET CLR 3.0.30729; Media Center PC 6.0; .NET4.0C; .NET4.0E)" 
180.171.221.65 - - [19/Oct/2015:20:42:38 -0700] "GET /maccdc2012/ssh.log.gz HTTP/1.1" 206 9754 "http://www.secrepo.com/maccdc2012" "Mozilla/4.0 (compatible; MSIE 7.0; Windows NT 6.1; WOW64; Trident/7.0; SLCC2; .NET CLR 2.0.50727; .NET CLR 3.5.30729; .NET CLR 3.0.30729; Media Center PC 6.0; .NET4.0C; .NET4.0E)" 
115.231.38.67 - - [19/Oct/2015:20:42:31 -0700] "GET /maccdc2012/files.log.gz HTTP/1.1" 206 2752875 "-" "Mozilla/5.0 (Windows NT 5.1) AppleWebKit/537.36 (KHTML, like Gecko) Chrome/38.0.2125.104 Safari/537.36" 
115.231.38.67 - - [19/Oct/2015:20:42:36 -0700] "GET /maccdc2012/files.log.gz HTTP/1.1" 206 565020 "-" "Mozilla/5.0 (Windows NT 5.1) AppleWebKit/537.36 (KHTML, like Gecko) Chrome/38.0.2125.104 Safari/537.36" 
180.171.221.65 - - [19/Oct/2015:20:42:41 -0700] "GET /maccdc2012/ssl.log.gz HTTP/1.1" 200 72420 "http://www.secrepo.com/maccdc2012" "Mozilla/4.0 (compatible; MSIE 7.0; Windows NT 6.1; WOW64; Trident/7.0; SLCC2; .NET CLR 2.0.50727; .NET CLR 3.5.30729; .NET CLR 3.0.30729; Media Center PC 6.0; .NET4.0C; .NET4.0E)" 
180.171.221.65 - - [19/Oct/2015:20:42:43 -0700] "GET /maccdc2012/ssl.log.gz HTTP/1.1" 206 20835 "http://www.secrepo.com/maccdc2012" "Mozilla/4.0 (compatible; MSIE 7.0; Windows NT 6.1; WOW64; Trident/7.0; SLCC2; .NET CLR 2.0.50727; .NET CLR 3.5.30729; .NET CLR 3.0.30729; Media Center PC 6.0; .NET4.0C; .NET4.0E)" 
180.171.221.65 - - [19/Oct/2015:20:42:43 -0700] "GET /maccdc2012/ssl.log.gz HTTP/1.1" 206 20837 "http://www.secrepo.com/maccdc2012" "Mozilla/4.0 (compatible; MSIE 7.0; Windows NT 6.1; WOW64; Trident/7.0; SLCC2; .NET CLR 2.0.50727; .NET CLR 3.5.30729; .NET CLR 3.0.30729; Media Center PC 6.0; .NET4.0C; .NET4.0E)" 
180.171.221.65 - - [19/Oct/2015:20:42:46 -0700] "GET /maccdc2012/tunnel.log.gz HTTP/1.1" 200 5172 "http://www.secrepo.com/maccdc2012" "Mozilla/4.0 (compatible; MSIE 7.0; Windows NT 6.1; WOW64; Trident/7.0; SLCC2; .NET CLR 2.0.50727; .NET CLR 3.5.30729; .NET CLR 3.0.30729; Media Center PC 6.0; .NET4.0C; .NET4.0E)" 
115.231.38.67 - - [19/Oct/2015:20:42:41 -0700] "GET /maccdc2012/files.log.gz HTTP/1.1" 206 1622379 "-" "Mozilla/5.0 (Windows NT 5.1) AppleWebKit/537.36 (KHTML, like Gecko) Chrome/38.0.2125.104 Safari/537.36" 
180.171.221.65 - - [19/Oct/2015:20:42:45 -0700] "GET /maccdc2012/ssl.log.gz HTTP/1.1" 206 194345 "http://www.secrepo.com/maccdc2012" "Mozilla/4.0 (compatible; MSIE 7.0; Windows NT 6.1; WOW64; Trident/7.0; SLCC2; .NET CLR 2.0.50727; .NET CLR 3.5.30729; .NET CLR 3.0.30729; Media Center PC 6.0; .NET4.0C; .NET4.0E)" 
180.171.221.65 - - [19/Oct/2015:20:42:43 -0700] "GET /maccdc2012/ssl.log.gz HTTP/1.1" 206 254681 "http://www.secrepo.com/maccdc2012" "Mozilla/4.0 (compatible; MSIE 7.0; Windows NT 6.1; WOW64; Trident/7.0; SLCC2; .NET CLR 2.0.50727; .NET CLR 3.5.30729; .NET CLR 3.0.30729; Media Center PC 6.0; .NET4.0C; .NET4.0E)" 
180.171.221.65 - - [19/Oct/2015:20:42:43 -0700] "GET /maccdc2012/ssl.log.gz HTTP/1.1" 206 309560 "http://www.secrepo.com/maccdc2012" "Mozilla/4.0 (compatible; MSIE 7.0; Windows NT 6.1; WOW64; Trident/7.0; SLCC2; .NET CLR 2.0.50727; .NET CLR 3.5.30729; .NET CLR 3.0.30729; Media Center PC 6.0; .NET4.0C; .NET4.0E)" 
115.231.38.67 - - [19/Oct/2015:20:42:48 -0700] "GET /maccdc2012/files.log.gz HTTP/1.1" 206 163520 "-" "Mozilla/5.0 (Windows NT 5.1) AppleWebKit/537.36 (KHTML, like Gecko) Chrome/38.0.2125.104 Safari/537.36" 
180.171.221.65 - - [19/Oct/2015:20:42:49 -0700] "GET /maccdc2012/ssl.log.gz HTTP/1.1" 206 107934 "http://www.secrepo.com/maccdc2012" "Mozilla/4.0 (compatible; MSIE 7.0; Windows NT 6.1; WOW64; Trident/7.0; SLCC2; .NET CLR 2.0.50727; .NET CLR 3.5.30729; .NET CLR 3.0.30729; Media Center PC 6.0; .NET4.0C; .NET4.0E)" 
180.171.221.65 - - [19/Oct/2015:20:42:50 -0700] "GET /maccdc2012/ssl.log.gz HTTP/1.1" 206 73726 "http://www.secrepo.com/maccdc2012" "Mozilla/4.0 (compatible; MSIE 7.0; Windows NT 6.1; WOW64; Trident/7.0; SLCC2; .NET CLR 2.0.50727; .NET CLR 3.5.30729; .NET CLR 3.0.30729; Media Center PC 6.0; .NET4.0C; .NET4.0E)" 
180.171.221.65 - - [19/Oct/2015:20:42:50 -0700] "GET /maccdc2012/ssl.log.gz HTTP/1.1" 206 92300 "http://www.secrepo.com/maccdc2012" "Mozilla/4.0 (compatible; MSIE 7.0; Windows NT 6.1; WOW64; Trident/7.0; SLCC2; .NET CLR 2.0.50727; .NET CLR 3.5.30729; .NET CLR 3.0.30729; Media Center PC 6.0; .NET4.0C; .NET4.0E)" 
180.171.221.65 - - [19/Oct/2015:20:42:52 -0700] "GET /maccdc2012/ssl.log.gz HTTP/1.1" 206 37903 "http://www.secrepo.com/maccdc2012" "Mozilla/4.0 (compatible; MSIE 7.0; Windows NT 6.1; WOW64; Trident/7.0; SLCC2; .NET CLR 2.0.50727; .NET CLR 3.5.30729; .NET CLR 3.0.30729; Media Center PC 6.0; .NET4.0C; .NET4.0E)" 
180.171.221.65 - - [19/Oct/2015:20:42:53 -0700] "GET /maccdc2012/ssl.log.gz HTTP/1.1" 206 37904 "http://www.secrepo.com/maccdc2012" "Mozilla/4.0 (compatible; MSIE 7.0; Windows NT 6.1; WOW64; Trident/7.0; SLCC2; .NET CLR 2.0.50727; .NET CLR 3.5.30729; .NET CLR 3.0.30729; Media Center PC 6.0; .NET4.0C; .NET4.0E)" 
180.171.221.65 - - [19/Oct/2015:20:42:53 -0700] "GET /maccdc2012/ssl.log.gz HTTP/1.1" 206 35323 "http://www.secrepo.com/maccdc2012" "Mozilla/4.0 (compatible; MSIE 7.0; Windows NT 6.1; WOW64; Trident/7.0; SLCC2; .NET CLR 2.0.50727; .NET CLR 3.5.30729; .NET CLR 3.0.30729; Media Center PC 6.0; .NET4.0C; .NET4.0E)" 
180.171.221.65 - - [19/Oct/2015:20:42:45 -0700] "GET /maccdc2012/ssl.log.gz HTTP/1.1" 206 284000 "http://www.secrepo.com/maccdc2012" "Mozilla/4.0 (compatible; MSIE 7.0; Windows NT 6.1; WOW64; Trident/7.0; SLCC2; .NET CLR 2.0.50727; .NET CLR 3.5.30729; .NET CLR 3.0.30729; Media Center PC 6.0; .NET4.0C; .NET4.0E)" 
115.231.38.67 - - [19/Oct/2015:20:42:52 -0700] "GET /maccdc2012/files.log.gz HTTP/1.1" 206 180586 "-" "Mozilla/5.0 (Windows NT 5.1) AppleWebKit/537.36 (KHTML, like Gecko) Chrome/38.0.2125.104 Safari/537.36" 
180.171.221.65 - - [19/Oct/2015:20:42:53 -0700] "GET /maccdc2012/ssl.log.gz HTTP/1.1" 206 19556 "http://www.secrepo.com/maccdc2012" "Mozilla/4.0 (compatible; MSIE 7.0; Windows NT 6.1; WOW64; Trident/7.0; SLCC2; .NET CLR 2.0.50727; .NET CLR 3.5.30729; .NET CLR 3.0.30729; Media Center PC 6.0; .NET4.0C; .NET4.0E)" 
180.171.221.65 - - [19/Oct/2015:20:42:53 -0700] "GET /maccdc2012/weird.log.gz HTTP/1.1" 200 72420 "http://www.secrepo.com/maccdc2012" "Mozilla/4.0 (compatible; MSIE 7.0; Windows NT 6.1; WOW64; Trident/7.0; SLCC2; .NET CLR 2.0.50727; .NET CLR 3.5.30729; .NET CLR 3.0.30729; Media Center PC 6.0; .NET4.0C; .NET4.0E)" 
115.231.38.67 - - [19/Oct/2015:20:42:05 -0700] "GET /maccdc2012/files.log.gz HTTP/1.1" 206 6177420 "-" "Mozilla/5.0 (Windows NT 5.1) AppleWebKit/537.36 (KHTML, like Gecko) Chrome/38.0.2125.104 Safari/537.36" 
180.171.221.65 - - [19/Oct/2015:20:42:54 -0700] "GET /maccdc2012/ssl.log.gz HTTP/1.1" 206 19129 "http://www.secrepo.com/maccdc2012" "Mozilla/4.0 (compatible; MSIE 7.0; Windows NT 6.1; WOW64; Trident/7.0; SLCC2; .NET CLR 2.0.50727; .NET CLR 3.5.30729; .NET CLR 3.0.30729; Media Center PC 6.0; .NET4.0C; .NET4.0E)" 
180.171.221.65 - - [19/Oct/2015:20:42:55 -0700] "GET /maccdc2012/ssl.log.gz HTTP/1.1" 206 19129 "http://www.secrepo.com/maccdc2012" "Mozilla/4.0 (compatible; MSIE 7.0; Windows NT 6.1; WOW64; Trident/7.0; SLCC2; .NET CLR 2.0.50727; .NET CLR 3.5.30729; .NET CLR 3.0.30729; Media Center PC 6.0; .NET4.0C; .NET4.0E)" 
180.171.221.65 - - [19/Oct/2015:20:42:55 -0700] "GET /maccdc2012/ssl.log.gz HTTP/1.1" 206 12336 "http://www.secrepo.com/maccdc2012" "Mozilla/4.0 (compatible; MSIE 7.0; Windows NT 6.1; WOW64; Trident/7.0; SLCC2; .NET CLR 2.0.50727; .NET CLR 3.5.30729; .NET CLR 3.0.30729; Media Center PC 6.0; .NET4.0C; .NET4.0E)" 
180.171.221.65 - - [19/Oct/2015:20:42:55 -0700] "GET /maccdc2012/weird.log.gz HTTP/1.1" 206 20835 "http://www.secrepo.com/maccdc2012" "Mozilla/4.0 (compatible; MSIE 7.0; Windows NT 6.1; WOW64; Trident/7.0; SLCC2; .NET CLR 2.0.50727; .NET CLR 3.5.30729; .NET CLR 3.0.30729; Media Center PC 6.0; .NET4.0C; .NET4.0E)" 
180.171.221.65 - - [19/Oct/2015:20:42:55 -0700] "GET /maccdc2012/ssl.log.gz HTTP/1.1" 206 9955 "http://www.secrepo.com/maccdc2012" "Mozilla/4.0 (compatible; MSIE 7.0; Windows NT 6.1; WOW64; Trident/7.0; SLCC2; .NET CLR 2.0.50727; .NET CLR 3.5.30729; .NET CLR 3.0.30729; Media Center PC 6.0; .NET4.0C; .NET4.0E)" 
180.171.221.65 - - [19/Oct/2015:20:42:56 -0700] "GET /maccdc2012/ssl.log.gz HTTP/1.1" 206 9740 "http://www.secrepo.com/maccdc2012" "Mozilla/4.0 (compatible; MSIE 7.0; Windows NT 6.1; WOW64; Trident/7.0; SLCC2; .NET CLR 2.0.50727; .NET CLR 3.5.30729; .NET CLR 3.0.30729; Media Center PC 6.0; .NET4.0C; .NET4.0E)" 
180.171.221.65 - - [19/Oct/2015:20:42:56 -0700] "GET /maccdc2012/ssl.log.gz HTTP/1.1" 206 9741 "http://www.secrepo.com/maccdc2012" "Mozilla/4.0 (compatible; MSIE 7.0; Windows NT 6.1; WOW64; Trident/7.0; SLCC2; .NET CLR 2.0.50727; .NET CLR 3.5.30729; .NET CLR 3.0.30729; Media Center PC 6.0; .NET4.0C; .NET4.0E)" 
180.171.221.65 - - [19/Oct/2015:20:42:56 -0700] "GET /maccdc2012/ssl.log.gz HTTP/1.1" 206 54524 "http://www.secrepo.com/maccdc2012" "Mozilla/4.0 (compatible; MSIE 7.0; Windows NT 6.1; WOW64; Trident/7.0; SLCC2; .NET CLR 2.0.50727; .NET CLR 3.5.30729; .NET CLR 3.0.30729; Media Center PC 6.0; .NET4.0C; .NET4.0E)" 
180.171.221.65 - - [19/Oct/2015:20:42:58 -0700] "GET /maccdc2012/ssl.log.gz HTTP/1.1" 206 9955 "http://www.secrepo.com/maccdc2012" "Mozilla/4.0 (compatible; MSIE 7.0; Windows NT 6.1; WOW64; Trident/7.0; SLCC2; .NET CLR 2.0.50727; .NET CLR 3.5.30729; .NET CLR 3.0.30729; Media Center PC 6.0; .NET4.0C; .NET4.0E)" 
180.171.221.65 - - [19/Oct/2015:20:42:55 -0700] "GET /maccdc2012/weird.log.gz HTTP/1.1" 206 246361 "http://www.secrepo.com/maccdc2012" "Mozilla/4.0 (compatible; MSIE 7.0; Windows NT 6.1; WOW64; Trident/7.0; SLCC2; .NET CLR 2.0.50727; .NET CLR 3.5.30729; .NET CLR 3.0.30729; Media Center PC 6.0; .NET4.0C; .NET4.0E)" 
180.153.91.174 - - [19/Oct/2015:20:43:00 -0700] "GET /maccdc2012/notice.log.gz HTTP/1.1" 200 20687 "-" "Mozilla/5.0 (Windows NT 5.1) AppleWebKit/537.36 (KHTML, like Gecko) Chrome/38.0.2125.104 Safari/537.36" 
115.231.38.65 - - [19/Oct/2015:20:43:00 -0700] "GET /maccdc2012/signatures.log.gz HTTP/1.1" 200 558 "-" "Mozilla/5.0 (Windows NT 5.1) AppleWebKit/537.36 (KHTML, like Gecko) Chrome/38.0.2125.104 Safari/537.36" 
115.231.38.67 - - [19/Oct/2015:20:42:56 -0700] "GET /maccdc2012/files.log.gz HTTP/1.1" 206 235060 "-" "Mozilla/5.0 (Windows NT 5.1) AppleWebKit/537.36 (KHTML, like Gecko) Chrome/38.0.2125.104 Safari/537.36" 
115.231.38.67 - - [19/Oct/2015:20:42:57 -0700] "GET /maccdc2012/files.log.gz HTTP/1.1" 206 200020 "-" "Mozilla/5.0 (Windows NT 5.1) AppleWebKit/537.36 (KHTML, like Gecko) Chrome/38.0.2125.104 Safari/537.36" 
119.84.114.18 - - [19/Oct/2015:20:43:01 -0700] "GET /maccdc2012/tunnel.log.gz HTTP/1.1" 200 5172 "-" "Mozilla/5.0 (Windows NT 5.1) AppleWebKit/537.36 (KHTML, like Gecko) Chrome/38.0.2125.104 Safari/537.36" 
180.171.221.65 - - [19/Oct/2015:20:43:01 -0700] "GET /maccdc2012/weird.log.gz HTTP/1.1" 206 20836 "http://www.secrepo.com/maccdc2012" "Mozilla/4.0 (compatible; MSIE 7.0; Windows NT 6.1; WOW64; Trident/7.0; SLCC2; .NET CLR 2.0.50727; .NET CLR 3.5.30729; .NET CLR 3.0.30729; Media Center PC 6.0; .NET4.0C; .NET4.0E)" 
115.231.38.67 - - [19/Oct/2015:20:43:01 -0700] "GET /maccdc2012/files.log.gz HTTP/1.1" 206 49513 "-" "Mozilla/5.0 (Windows NT 5.1) AppleWebKit/537.36 (KHTML, like Gecko) Chrome/38.0.2125.104 Safari/537.36" 
115.231.38.67 - - [19/Oct/2015:20:41:56 -0700] "GET /maccdc2012/files.log.gz HTTP/1.1" 206 4851580 "-" "Mozilla/5.0 (Windows NT 5.1) AppleWebKit/537.36 (KHTML, like Gecko) Chrome/38.0.2125.104 Safari/537.36" 
180.171.221.65 - - [19/Oct/2015:20:43:02 -0700] "GET /maccdc2012/weird.log.gz HTTP/1.1" 206 129829 "http://www.secrepo.com/maccdc2012" "Mozilla/4.0 (compatible; MSIE 7.0; Windows NT 6.1; WOW64; Trident/7.0; SLCC2; .NET CLR 2.0.50727; .NET CLR 3.5.30729; .NET CLR 3.0.30729; Media Center PC 6.0; .NET4.0C; .NET4.0E)" 
119.84.11.95 - - [19/Oct/2015:20:43:08 -0700] "GET /maccdc2012/smtp.log.gz HTTP/1.1" 200 6846 "-" "Mozilla/5.0 (Windows NT 5.1) AppleWebKit/537.36 (KHTML, like Gecko) Chrome/38.0.2125.104 Safari/537.36" 
180.171.221.65 - - [19/Oct/2015:20:43:07 -0700] "GET /maccdc2012/weird.log.gz HTTP/1.1" 206 20837 "http://www.secrepo.com/maccdc2012" "Mozilla/4.0 (compatible; MSIE 7.0; Windows NT 6.1; WOW64; Trident/7.0; SLCC2; .NET CLR 2.0.50727; .NET CLR 3.5.30729; .NET CLR 3.0.30729; Media Center PC 6.0; .NET4.0C; .NET4.0E)" 
180.171.221.65 - - [19/Oct/2015:20:42:43 -0700] "GET /maccdc2012/http.log.gz HTTP/1.1" 206 89460 "http://www.secrepo.com/maccdc2012" "Mozilla/4.0 (compatible; MSIE 7.0; Windows NT 6.1; WOW64; Trident/7.0; SLCC2; .NET CLR 2.0.50727; .NET CLR 3.5.30729; .NET CLR 3.0.30729; Media Center PC 6.0; .NET4.0C; .NET4.0E)" 
119.84.114.12 - - [19/Oct/2015:20:43:01 -0700] "GET /maccdc2012/http.log.gz HTTP/1.1" 200 576700 "-" "Mozilla/5.0 (Windows NT 5.1) AppleWebKit/537.36 (KHTML, like Gecko) Chrome/38.0.2125.104 Safari/537.36" 
115.231.38.67 - - [19/Oct/2015:20:43:06 -0700] "GET /maccdc2012/files.log.gz HTTP/1.1" 206 373760 "-" "Mozilla/5.0 (Windows NT 5.1) AppleWebKit/537.36 (KHTML, like Gecko) Chrome/38.0.2125.104 Safari/537.36" 
61.147.76.24 - - [19/Oct/2015:20:43:04 -0700] "GET /maccdc2012/ssl.log.gz HTTP/1.1" 200 1311376 "-" "Mozilla/5.0 (Windows NT 5.1) AppleWebKit/537.36 (KHTML, like Gecko) Chrome/38.0.2125.104 Safari/537.36" 
