148.62.14.207 - - [17/Apr/2017:09:17:22 -0700] "GET /robots.txt HTTP/1.1" 304 130 "-" "Tornado-Async-Client" 
148.62.14.207 - - [17/Apr/2017:09:17:23 -0700] "GET /honeypot/BSidesDFW%20-%202014.ipynb HTTP/1.1" 301 484 "-" "Tornado-Async-Client" 
148.62.14.207 - - [17/Apr/2017:09:17:23 -0700] "GET /honeypot/BSidesDFW%20-%202014.ipynb HTTP/1.1" 200 930780 "-" "Tornado-Async-Client" 
14.139.213.38 - - [17/Apr/2017:09:12:46 -0700] "GET /tg/a.zip HTTP/1.1" 200 66189337 "-" "Mozilla/5.0 (Windows NT 6.1; WOW64) AppleWebKit/537.36 (KHTML, like Gecko) Chrome/57.0.2987.133 Safari/537.36" 
180.76.15.159 - - [17/Apr/2017:09:25:47 -0700] "GET / HTTP/1.1" 200 36464 "-" "Mozilla/5.0 (compatible; Baiduspider/2.0; +http://www.baidu.com/search/spider.html)" 
180.76.15.23 - - [17/Apr/2017:09:26:16 -0700] "GET / HTTP/1.1" 200 36464 "-" "Mozilla/5.0 (compatible; Baiduspider/2.0; +http://www.baidu.com/search/spider.html)" 
159.226.251.229 - - [17/Apr/2017:09:31:34 -0700] "GET /maccdc2012/maccdc2012_full_alert.7z HTTP/1.1" 304 132 "-" "Mozilla/5.0 Gecko/20100115 Firefox/3.6" 
123.125.71.38 - - [17/Apr/2017:09:36:23 -0700] "GET /robots.txt HTTP/1.1" 200 297 "-" "Mozilla/5.0 (compatible; Baiduspider/2.0; +http://www.baidu.com/search/spider.html)" 
220.181.108.166 - - [17/Apr/2017:09:37:39 -0700] "GET / HTTP/1.1" 200 10755 "-" "Mozilla/5.0 (compatible; Baiduspider/2.0; +http://www.baidu.com/search/spider.html)" 
159.226.251.229 - - [17/Apr/2017:09:38:45 -0700] "GET /tg/a.zip HTTP/1.1" 304 132 "-" "Mozilla/5.0 Gecko/20100115 Firefox/3.6" 
63.144.48.142 - - [17/Apr/2017:09:41:52 -0700] "GET / HTTP/1.1" 200 10792 "https://www.google.com/" "Mozilla/5.0 (Windows NT 6.1; WOW64) AppleWebKit/537.36 (KHTML, like Gecko) Chrome/57.0.2987.133 Safari/537.36" 
63.144.48.142 - - [17/Apr/2017:09:41:52 -0700] "GET /twitter-icon.png HTTP/1.1" 200 27787 "http://www.secrepo.com/" "Mozilla/5.0 (Windows NT 6.1; WOW64) AppleWebKit/537.36 (KHTML, like Gecko) Chrome/57.0.2987.133 Safari/537.36" 
63.144.48.142 - - [17/Apr/2017:09:41:52 -0700] "GET /GitHub-Mark.png HTTP/1.1" 200 7428 "http://www.secrepo.com/" "Mozilla/5.0 (Windows NT 6.1; WOW64) AppleWebKit/537.36 (KHTML, like Gecko) Chrome/57.0.2987.133 Safari/537.36" 
63.144.48.142 - - [17/Apr/2017:09:41:52 -0700] "GET /bootstrap/img/favicon.ico HTTP/1.1" 200 589 "http://www.secrepo.com/" "Mozilla/5.0 (Windows NT 6.1; WOW64) AppleWebKit/537.36 (KHTML, like Gecko) Chrome/57.0.2987.133 Safari/537.36" 
63.144.48.142 - - [17/Apr/2017:09:42:37 -0700] "GET /maccdc2012/conn.log.gz HTTP/1.1" 200 551041635 "-" "Mozilla/5.0 (Windows NT 6.1; WOW64) AppleWebKit/537.36 (KHTML, like Gecko) Chrome/57.0.2987.133 Safari/537.36" 
207.46.13.105 - - [17/Apr/2017:09:52:18 -0700] "GET /self.logs/access.log.2015-06-05.gz HTTP/1.1" 200 4102 "-" "msnbot-media/1.1 (+http://search.msn.com/msnbot.htm)" 
189.122.97.40 - - [17/Apr/2017:09:52:48 -0700] "GET /wp-login.php HTTP/1.1" 404 295 "-" "Mozilla/5.0 (Windows NT 6.1; WOW64; rv:40.0) Gecko/20100101 Firefox/40.1" 
189.122.97.40 - - [17/Apr/2017:09:52:53 -0700] "GET /wp-login.php HTTP/1.1" 404 295 "-" "Mozilla/5.0 (Windows NT 6.1; WOW64; rv:40.0) Gecko/20100101 Firefox/40.1" 
189.122.97.40 - - [17/Apr/2017:09:52:59 -0700] "GET / HTTP/1.1" 200 36475 "-" "Mozilla/5.0 (Windows NT 6.1; WOW64; rv:40.0) Gecko/20100101 Firefox/40.1" 
128.237.28.17 - - [17/Apr/2017:09:53:27 -0700] "GET / HTTP/1.1" 304 189 "-" "Mozilla/5.0 (Macintosh; Intel Mac OS X 10_12_4) AppleWebKit/537.36 (KHTML, like Gecko) Chrome/57.0.2987.133 Safari/537.36" 
85.245.107.41 - - [17/Apr/2017:09:54:57 -0700] "GET /tg/tg_snort_fast.7z HTTP/1.1" 200 4274093 "-" "Mozilla/5.0 (Macintosh; Intel Mac OS X 10_12_4) AppleWebKit/537.36 (KHTML, like Gecko) Chrome/57.0.2987.133 Safari/537.36" 
207.46.13.112 - - [17/Apr/2017:09:55:23 -0700] "GET /self.logs/access.log.2015-02-28.gz HTTP/1.1" 200 2986 "-" "msnbot-media/1.1 (+http://search.msn.com/msnbot.htm)" 
189.122.97.40 - - [17/Apr/2017:09:55:41 -0700] "GET /wp-login.php HTTP/1.1" 301 522 "-" "Mozilla/5.0 (Windows NT 6.1; WOW64; rv:40.0) Gecko/20100101 Firefox/40.1" 
189.122.97.40 - - [17/Apr/2017:09:55:41 -0700] "GET /wp-login.php HTTP/1.1" 404 295 "-" "Mozilla/5.0 (Windows NT 6.1; WOW64; rv:40.0) Gecko/20100101 Firefox/40.1" 
189.122.97.40 - - [17/Apr/2017:09:55:47 -0700] "GET /wp-login.php HTTP/1.1" 301 522 "-" "Mozilla/5.0 (Windows NT 6.1; WOW64; rv:40.0) Gecko/20100101 Firefox/40.1" 
189.122.97.40 - - [17/Apr/2017:09:55:47 -0700] "GET /wp-login.php HTTP/1.1" 404 295 "-" "Mozilla/5.0 (Windows NT 6.1; WOW64; rv:40.0) Gecko/20100101 Firefox/40.1" 
189.122.97.40 - - [17/Apr/2017:09:55:52 -0700] "GET / HTTP/1.1" 301 498 "-" "Mozilla/5.0 (Windows NT 6.1; WOW64; rv:40.0) Gecko/20100101 Firefox/40.1" 
189.122.97.40 - - [17/Apr/2017:09:55:52 -0700] "GET / HTTP/1.1" 200 36475 "-" "Mozilla/5.0 (Windows NT 6.1; WOW64; rv:40.0) Gecko/20100101 Firefox/40.1" 
85.245.107.41 - - [17/Apr/2017:09:57:17 -0700] "GET / HTTP/1.1" 301 483 "-" "Mozilla/5.0 (Macintosh; Intel Mac OS X 10_12_4) AppleWebKit/537.36 (KHTML, like Gecko) Chrome/57.0.2987.133 Safari/537.36" 
85.245.107.41 - - [17/Apr/2017:09:57:17 -0700] "GET / HTTP/1.1" 200 10792 "-" "Mozilla/5.0 (Macintosh; Intel Mac OS X 10_12_4) AppleWebKit/537.36 (KHTML, like Gecko) Chrome/57.0.2987.133 Safari/537.36" 
85.245.107.41 - - [17/Apr/2017:09:57:17 -0700] "GET /GitHub-Mark.png HTTP/1.1" 200 7428 "http://www.secrepo.com/" "Mozilla/5.0 (Macintosh; Intel Mac OS X 10_12_4) AppleWebKit/537.36 (KHTML, like Gecko) Chrome/57.0.2987.133 Safari/537.36" 
85.245.107.41 - - [17/Apr/2017:09:57:17 -0700] "GET /twitter-icon.png HTTP/1.1" 200 27787 "http://www.secrepo.com/" "Mozilla/5.0 (Macintosh; Intel Mac OS X 10_12_4) AppleWebKit/537.36 (KHTML, like Gecko) Chrome/57.0.2987.133 Safari/537.36" 
85.245.107.41 - - [17/Apr/2017:09:57:19 -0700] "GET /bootstrap/img/favicon.ico HTTP/1.1" 200 589 "http://www.secrepo.com/" "Mozilla/5.0 (Macintosh; Intel Mac OS X 10_12_4) AppleWebKit/537.36 (KHTML, like Gecko) Chrome/57.0.2987.133 Safari/537.36" 
54.165.241.61 - - [17/Apr/2017:09:57:44 -0700] "GET / HTTP/1.1" 206 10841 "-" "Slackbot-LinkExpanding 1.0 (+https://api.slack.com/robots)" 
52.54.222.230 - - [17/Apr/2017:09:57:44 -0700] "GET /bootstrap/img/apple-touch-icon.png HTTP/1.1" 404 340 "https://slack.com" "Slackbot-LinkExpanding 1.0 (+https://api.slack.com/robots)" 
52.54.222.230 - - [17/Apr/2017:09:57:44 -0700] "GET /favicon.ico HTTP/1.1" 200 267 "https://slack.com" "Slackbot-LinkExpanding 1.0 (+https://api.slack.com/robots)" 
85.245.107.41 - - [17/Apr/2017:09:58:49 -0700] "GET /tg/tg_snort_full.7z HTTP/1.1" 200 8847794 "-" "Mozilla/5.0 (Macintosh; Intel Mac OS X 10_12_4) AppleWebKit/537.36 (KHTML, like Gecko) Chrome/57.0.2987.133 Safari/537.36" 
93.137.194.63 - - [17/Apr/2017:10:02:18 -0700] "GET /wp-login.php HTTP/1.1" 404 295 "-" "Mozilla/5.0 (Windows NT 6.1; WOW64; rv:40.0) Gecko/20100101 Firefox/40.1" 
93.137.194.63 - - [17/Apr/2017:10:02:24 -0700] "GET /wp-login.php HTTP/1.1" 404 295 "-" "Mozilla/5.0 (Windows NT 6.1; WOW64; rv:40.0) Gecko/20100101 Firefox/40.1" 
93.137.194.63 - - [17/Apr/2017:10:02:31 -0700] "GET / HTTP/1.1" 200 36475 "-" "Mozilla/5.0 (Windows NT 6.1; WOW64; rv:40.0) Gecko/20100101 Firefox/40.1" 
131.95.31.135 - - [17/Apr/2017:10:17:12 -0700] "GET / HTTP/1.1" 200 10792 "https://www.google.com/" "Mozilla/5.0 (Windows NT 10.0; WOW64) AppleWebKit/537.36 (KHTML, like Gecko) Chrome/57.0.2987.133 Safari/537.36" 
131.95.31.135 - - [17/Apr/2017:10:17:12 -0700] "GET /twitter-icon.png HTTP/1.1" 200 27787 "http://www.secrepo.com/" "Mozilla/5.0 (Windows NT 10.0; WOW64) AppleWebKit/537.36 (KHTML, like Gecko) Chrome/57.0.2987.133 Safari/537.36" 
131.95.31.135 - - [17/Apr/2017:10:17:12 -0700] "GET /GitHub-Mark.png HTTP/1.1" 200 7428 "http://www.secrepo.com/" "Mozilla/5.0 (Windows NT 10.0; WOW64) AppleWebKit/537.36 (KHTML, like Gecko) Chrome/57.0.2987.133 Safari/537.36" 
131.95.31.135 - - [17/Apr/2017:10:17:12 -0700] "GET /bootstrap/img/favicon.ico HTTP/1.1" 200 589 "http://www.secrepo.com/" "Mozilla/5.0 (Windows NT 10.0; WOW64) AppleWebKit/537.36 (KHTML, like Gecko) Chrome/57.0.2987.133 Safari/537.36" 
131.95.31.135 - - [17/Apr/2017:10:23:10 -0700] "GET / HTTP/1.1" 304 189 "https://www.google.com/" "Mozilla/5.0 (Windows NT 10.0; WOW64) AppleWebKit/537.36 (KHTML, like Gecko) Chrome/57.0.2987.133 Safari/537.36" 
131.95.31.135 - - [17/Apr/2017:10:23:11 -0700] "GET /bootstrap/img/favicon.ico HTTP/1.1" 200 589 "http://www.secrepo.com/" "Mozilla/5.0 (Windows NT 10.0; WOW64) AppleWebKit/537.36 (KHTML, like Gecko) Chrome/57.0.2987.133 Safari/537.36" 
137.74.207.161 - - [17/Apr/2017:10:25:14 -0700] "GET / HTTP/1.1" 200 10736 "-" "Mozilla/5.0 (compatible; AhrefsBot/5.2; +http://ahrefs.com/robot/)" 
89.32.68.128 - - [17/Apr/2017:10:27:42 -0700] "GET /honeypot/Honeypot%20-%20Howto.pdf/RK=0/RS=pceKJ9zGjJvSmzPUeluuVXX.HxY- HTTP/1.0" 404 303 "http://www.secrepo.com/" "Mozilla/5.0 (Windows NT 5.1) AppleWebKit/537.36 (KHTML, like Gecko) Chrome/39.0.2171.95 Safari/537.36 OPR/26.0.1656.60" 
89.32.68.128 - - [17/Apr/2017:10:27:43 -0700] "GET /honeypot/Honeypot%20-%20Howto.pdf/RK=0/RS=pceKJ9zGjJvSmzPUeluuVXX.HxY- HTTP/1.0" 404 284 "http://www.secrepo.com/" "Mozilla/5.0 (Windows NT 5.1) AppleWebKit/537.36 (KHTML, like Gecko) Chrome/39.0.2171.95 Safari/537.36 OPR/26.0.1656.60" 
89.32.68.128 - - [17/Apr/2017:10:27:44 -0700] "GET / HTTP/1.1" 200 10792 "http://www.secrepo.com" "Mozilla/5.0 (Windows NT 5.1) AppleWebKit/537.36 (KHTML, like Gecko) Chrome/39.0.2171.95 Safari/537.36 OPR/26.0.1656.60" 
159.226.251.229 - - [17/Apr/2017:10:31:45 -0700] "GET /maccdc2012/conn.log.gz HTTP/1.1" 304 156 "-" "Mozilla/5.0 Gecko/20100115 Firefox/3.6" 
213.57.48.111 - - [17/Apr/2017:10:32:53 -0700] "GET / HTTP/1.1" 200 10792 "https://www.researchgate.net/" "Mozilla/5.0 (Windows NT 10.0; WOW64; rv:52.0) Gecko/20100101 Firefox/52.0" 
213.57.48.111 - - [17/Apr/2017:10:32:53 -0700] "GET /bootstrap/img/favicon.ico HTTP/1.1" 200 589 "-" "Mozilla/5.0 (Windows NT 10.0; WOW64; rv:52.0) Gecko/20100101 Firefox/52.0" 
213.57.48.111 - - [17/Apr/2017:10:32:54 -0700] "GET /twitter-icon.png HTTP/1.1" 200 27787 "http://www.secrepo.com/" "Mozilla/5.0 (Windows NT 10.0; WOW64; rv:52.0) Gecko/20100101 Firefox/52.0" 
213.57.48.111 - - [17/Apr/2017:10:32:54 -0700] "GET /GitHub-Mark.png HTTP/1.1" 200 7427 "http://www.secrepo.com/" "Mozilla/5.0 (Windows NT 10.0; WOW64; rv:52.0) Gecko/20100101 Firefox/52.0" 
208.91.115.12 - - [17/Apr/2017:10:34:24 -0700] "GET / HTTP/1.1" 200 10792 "https://www.reddit.com/r/bigdata/comments/5sexos/data_for_cybersecuity_analysis/" "Mozilla/5.0 (X11; Linux x86_64) AppleWebKit/537.36 (KHTML, like Gecko) Chrome/57.0.2987.133 Safari/537.36" 
208.91.115.12 - - [17/Apr/2017:10:34:24 -0700] "GET /GitHub-Mark.png HTTP/1.1" 200 7428 "http://www.secrepo.com/" "Mozilla/5.0 (X11; Linux x86_64) AppleWebKit/537.36 (KHTML, like Gecko) Chrome/57.0.2987.133 Safari/537.36" 
208.91.115.12 - - [17/Apr/2017:10:34:24 -0700] "GET /twitter-icon.png HTTP/1.1" 200 27787 "http://www.secrepo.com/" "Mozilla/5.0 (X11; Linux x86_64) AppleWebKit/537.36 (KHTML, like Gecko) Chrome/57.0.2987.133 Safari/537.36" 
208.91.115.12 - - [17/Apr/2017:10:34:24 -0700] "GET /bootstrap/img/favicon.ico HTTP/1.1" 200 589 "http://www.secrepo.com/" "Mozilla/5.0 (X11; Linux x86_64) AppleWebKit/537.36 (KHTML, like Gecko) Chrome/57.0.2987.133 Safari/537.36" 
91.225.166.99 - - [17/Apr/2017:10:44:24 -0700] "GET / HTTP/1.1" 200 10792 "http://www.kdnuggets.com/2017/01/machine-learning-cyber-security.html" "Mozilla/5.0 (Macintosh; Intel Mac OS X 10_12_4) AppleWebKit/537.36 (KHTML, like Gecko) Chrome/57.0.2987.133 Safari/537.36" 
91.225.166.99 - - [17/Apr/2017:10:44:24 -0700] "GET /GitHub-Mark.png HTTP/1.1" 200 7428 "http://www.secrepo.com/" "Mozilla/5.0 (Macintosh; Intel Mac OS X 10_12_4) AppleWebKit/537.36 (KHTML, like Gecko) Chrome/57.0.2987.133 Safari/537.36" 
91.225.166.99 - - [17/Apr/2017:10:44:24 -0700] "GET /twitter-icon.png HTTP/1.1" 200 27787 "http://www.secrepo.com/" "Mozilla/5.0 (Macintosh; Intel Mac OS X 10_12_4) AppleWebKit/537.36 (KHTML, like Gecko) Chrome/57.0.2987.133 Safari/537.36" 
91.225.166.99 - - [17/Apr/2017:10:44:24 -0700] "GET /bootstrap/img/favicon.ico HTTP/1.1" 200 589 "http://www.secrepo.com/" "Mozilla/5.0 (Macintosh; Intel Mac OS X 10_12_4) AppleWebKit/537.36 (KHTML, like Gecko) Chrome/57.0.2987.133 Safari/537.36" 
129.10.105.194 - - [17/Apr/2017:10:45:30 -0700] "GET / HTTP/1.1" 200 10792 "https://www.google.com/" "Mozilla/5.0 (Macintosh; Intel Mac OS X 10_11_6) AppleWebKit/537.36 (KHTML, like Gecko) Chrome/49.0.2623.87 Safari/537.36" 
129.10.105.194 - - [17/Apr/2017:10:45:30 -0700] "GET /twitter-icon.png HTTP/1.1" 200 27787 "http://www.secrepo.com/" "Mozilla/5.0 (Macintosh; Intel Mac OS X 10_11_6) AppleWebKit/537.36 (KHTML, like Gecko) Chrome/49.0.2623.87 Safari/537.36" 
129.10.105.194 - - [17/Apr/2017:10:45:30 -0700] "GET /GitHub-Mark.png HTTP/1.1" 200 7428 "http://www.secrepo.com/" "Mozilla/5.0 (Macintosh; Intel Mac OS X 10_11_6) AppleWebKit/537.36 (KHTML, like Gecko) Chrome/49.0.2623.87 Safari/537.36" 
129.10.105.194 - - [17/Apr/2017:10:45:31 -0700] "GET /bootstrap/img/favicon.ico HTTP/1.1" 200 589 "http://www.secrepo.com/" "Mozilla/5.0 (Macintosh; Intel Mac OS X 10_11_6) AppleWebKit/537.36 (KHTML, like Gecko) Chrome/49.0.2623.87 Safari/537.36" 
50.199.62.242 - - [17/Apr/2017:10:47:28 -0700] "GET / HTTP/1.1" 200 10792 "https://www.google.com/" "Mozilla/5.0 (Macintosh; Intel Mac OS X 10_12_3) AppleWebKit/537.36 (KHTML, like Gecko) Chrome/57.0.2987.133 Safari/537.36" 
50.199.62.242 - - [17/Apr/2017:10:47:29 -0700] "GET /twitter-icon.png HTTP/1.1" 200 27787 "http://www.secrepo.com/" "Mozilla/5.0 (Macintosh; Intel Mac OS X 10_12_3) AppleWebKit/537.36 (KHTML, like Gecko) Chrome/57.0.2987.133 Safari/537.36" 
50.199.62.242 - - [17/Apr/2017:10:47:29 -0700] "GET /GitHub-Mark.png HTTP/1.1" 200 7428 "http://www.secrepo.com/" "Mozilla/5.0 (Macintosh; Intel Mac OS X 10_12_3) AppleWebKit/537.36 (KHTML, like Gecko) Chrome/57.0.2987.133 Safari/537.36" 
50.199.62.242 - - [17/Apr/2017:10:47:30 -0700] "GET /bootstrap/img/favicon.ico HTTP/1.1" 200 589 "http://www.secrepo.com/" "Mozilla/5.0 (Macintosh; Intel Mac OS X 10_12_3) AppleWebKit/537.36 (KHTML, like Gecko) Chrome/57.0.2987.133 Safari/537.36" 
182.185.35.117 - - [17/Apr/2017:10:48:26 -0700] "GET /wp-login.php HTTP/1.1" 301 522 "-" "Mozilla/5.0 (Windows NT 6.1; WOW64; rv:40.0) Gecko/20100101 Firefox/40.1" 
182.185.35.117 - - [17/Apr/2017:10:48:27 -0700] "GET /wp-login.php HTTP/1.1" 404 295 "-" "Mozilla/5.0 (Windows NT 6.1; WOW64; rv:40.0) Gecko/20100101 Firefox/40.1" 
182.185.35.117 - - [17/Apr/2017:10:48:33 -0700] "GET /wp-login.php HTTP/1.1" 301 522 "-" "Mozilla/5.0 (Windows NT 6.1; WOW64; rv:40.0) Gecko/20100101 Firefox/40.1" 
182.185.35.117 - - [17/Apr/2017:10:48:35 -0700] "GET /wp-login.php HTTP/1.1" 404 295 "-" "Mozilla/5.0 (Windows NT 6.1; WOW64; rv:40.0) Gecko/20100101 Firefox/40.1" 
182.185.35.117 - - [17/Apr/2017:10:48:42 -0700] "GET / HTTP/1.1" 301 498 "-" "Mozilla/5.0 (Windows NT 6.1; WOW64; rv:40.0) Gecko/20100101 Firefox/40.1" 
182.185.35.117 - - [17/Apr/2017:10:48:44 -0700] "GET / HTTP/1.1" 200 36475 "-" "Mozilla/5.0 (Windows NT 6.1; WOW64; rv:40.0) Gecko/20100101 Firefox/40.1" 
217.182.132.150 - - [17/Apr/2017:10:56:02 -0700] "GET /self.logs/access.log.2015-11-19.gz HTTP/1.1" 200 11861 "-" "Mozilla/5.0 (compatible; AhrefsBot/5.2; +http://ahrefs.com/robot/)" 
164.132.161.69 - - [17/Apr/2017:10:56:40 -0700] "GET /self.logs/error.log.2015-10-13.gz HTTP/1.1" 200 693 "-" "Mozilla/5.0 (compatible; AhrefsBot/5.2; +http://ahrefs.com/robot/)" 
148.197.250.152 - - [17/Apr/2017:11:02:17 -0700] "GET / HTTP/1.1" 200 10792 "https://www.google.co.uk/" "Mozilla/5.0 (Windows NT 10.0; Win64; x64) AppleWebKit/537.36 (KHTML, like Gecko) Chrome/57.0.2987.133 Safari/537.36" 
148.197.250.152 - - [17/Apr/2017:11:02:17 -0700] "GET /twitter-icon.png HTTP/1.1" 200 27787 "http://www.secrepo.com/" "Mozilla/5.0 (Windows NT 10.0; Win64; x64) AppleWebKit/537.36 (KHTML, like Gecko) Chrome/57.0.2987.133 Safari/537.36" 
148.197.250.152 - - [17/Apr/2017:11:02:17 -0700] "GET /GitHub-Mark.png HTTP/1.1" 200 7428 "http://www.secrepo.com/" "Mozilla/5.0 (Windows NT 10.0; Win64; x64) AppleWebKit/537.36 (KHTML, like Gecko) Chrome/57.0.2987.133 Safari/537.36" 
148.197.250.152 - - [17/Apr/2017:11:02:17 -0700] "GET /bootstrap/img/favicon.ico HTTP/1.1" 200 589 "http://www.secrepo.com/" "Mozilla/5.0 (Windows NT 10.0; Win64; x64) AppleWebKit/537.36 (KHTML, like Gecko) Chrome/57.0.2987.133 Safari/537.36" 
148.197.250.152 - - [17/Apr/2017:11:05:25 -0700] "GET / HTTP/1.1" 200 10792 "https://www.google.co.uk/" "Mozilla/5.0 (Windows NT 10.0; Win64; x64) AppleWebKit/537.36 (KHTML, like Gecko) Chrome/57.0.2987.133 Safari/537.36" 
148.197.250.152 - - [17/Apr/2017:11:05:25 -0700] "GET /twitter-icon.png HTTP/1.1" 200 27787 "http://www.secrepo.com/" "Mozilla/5.0 (Windows NT 10.0; Win64; x64) AppleWebKit/537.36 (KHTML, like Gecko) Chrome/57.0.2987.133 Safari/537.36" 
148.197.250.152 - - [17/Apr/2017:11:05:25 -0700] "GET /GitHub-Mark.png HTTP/1.1" 200 7428 "http://www.secrepo.com/" "Mozilla/5.0 (Windows NT 10.0; Win64; x64) AppleWebKit/537.36 (KHTML, like Gecko) Chrome/57.0.2987.133 Safari/537.36" 
66.249.93.93 - - [17/Apr/2017:11:07:31 -0700] "GET / HTTP/1.1" 200 10792 "-" "Mozilla/5.0 (X11; Linux x86_64) AppleWebKit/537.36 (KHTML, like Gecko) Chrome/49.0.2623.75 Safari/537.36 Google Favicon" 
66.249.93.93 - - [17/Apr/2017:11:07:32 -0700] "GET /bootstrap/img/favicon.ico HTTP/1.1" 200 589 "-" "Mozilla/5.0 (X11; Linux x86_64) AppleWebKit/537.36 (KHTML, like Gecko) Chrome/49.0.2623.75 Safari/537.36 Google Favicon" 
207.46.13.166 - - [17/Apr/2017:11:07:54 -0700] "GET /self.logs/access.log.2015-04-27.gz HTTP/1.1" 200 7332 "-" "msnbot-media/1.1 (+http://search.msn.com/msnbot.htm)" 
105.111.119.42 - - [17/Apr/2017:11:15:03 -0700] "GET /wp-login.php HTTP/1.1" 404 295 "-" "Mozilla/5.0 (Windows NT 6.1; WOW64; rv:40.0) Gecko/20100101 Firefox/40.1" 
105.111.119.42 - - [17/Apr/2017:11:15:09 -0700] "GET /wp-login.php HTTP/1.1" 404 295 "-" "Mozilla/5.0 (Windows NT 6.1; WOW64; rv:40.0) Gecko/20100101 Firefox/40.1" 
105.111.119.42 - - [17/Apr/2017:11:15:14 -0700] "GET / HTTP/1.1" 200 36475 "-" "Mozilla/5.0 (Windows NT 6.1; WOW64; rv:40.0) Gecko/20100101 Firefox/40.1" 
105.111.119.42 - - [17/Apr/2017:11:16:37 -0700] "GET /wp-login.php HTTP/1.1" 301 522 "-" "Mozilla/5.0 (Windows NT 6.1; WOW64; rv:40.0) Gecko/20100101 Firefox/40.1" 
105.111.119.42 - - [17/Apr/2017:11:16:38 -0700] "GET /wp-login.php HTTP/1.1" 404 295 "-" "Mozilla/5.0 (Windows NT 6.1; WOW64; rv:40.0) Gecko/20100101 Firefox/40.1" 
105.111.119.42 - - [17/Apr/2017:11:16:43 -0700] "GET /wp-login.php HTTP/1.1" 301 522 "-" "Mozilla/5.0 (Windows NT 6.1; WOW64; rv:40.0) Gecko/20100101 Firefox/40.1" 
105.111.119.42 - - [17/Apr/2017:11:16:44 -0700] "GET /wp-login.php HTTP/1.1" 404 295 "-" "Mozilla/5.0 (Windows NT 6.1; WOW64; rv:40.0) Gecko/20100101 Firefox/40.1" 
105.111.119.42 - - [17/Apr/2017:11:16:49 -0700] "GET / HTTP/1.1" 301 498 "-" "Mozilla/5.0 (Windows NT 6.1; WOW64; rv:40.0) Gecko/20100101 Firefox/40.1" 
105.111.119.42 - - [17/Apr/2017:11:16:50 -0700] "GET / HTTP/1.1" 200 36475 "-" "Mozilla/5.0 (Windows NT 6.1; WOW64; rv:40.0) Gecko/20100101 Firefox/40.1" 
64.150.5.95 - - [17/Apr/2017:11:17:57 -0700] "GET / HTTP/1.1" 200 10792 "-" "Mozilla/5.0 (Windows NT 10.0; Win64; x64) AppleWebKit/537.36 (KHTML, like Gecko) Chrome/57.0.2987.133 Safari/537.36" 
64.150.5.95 - - [17/Apr/2017:11:18:18 -0700] "GET /twitter-icon.png HTTP/1.1" 200 27788 "http://www.secrepo.com/" "Mozilla/5.0 (Windows NT 10.0; Win64; x64) AppleWebKit/537.36 (KHTML, like Gecko) Chrome/57.0.2987.133 Safari/537.36" 
64.150.5.95 - - [17/Apr/2017:11:18:18 -0700] "GET /GitHub-Mark.png HTTP/1.1" 200 7428 "http://www.secrepo.com/" "Mozilla/5.0 (Windows NT 10.0; Win64; x64) AppleWebKit/537.36 (KHTML, like Gecko) Chrome/57.0.2987.133 Safari/537.36" 
51.255.65.16 - - [17/Apr/2017:11:18:22 -0700] "GET /self.logs/error.log.2016-04-06.gz HTTP/1.1" 200 661 "-" "Mozilla/5.0 (compatible; AhrefsBot/5.2; +http://ahrefs.com/robot/)" 
64.150.5.95 - - [17/Apr/2017:11:18:43 -0700] "GET /bootstrap/img/favicon.ico HTTP/1.1" 200 590 "http://www.secrepo.com/" "Mozilla/5.0 (Windows NT 10.0; Win64; x64) AppleWebKit/537.36 (KHTML, like Gecko) Chrome/57.0.2987.133 Safari/537.36" 
40.77.167.47 - - [17/Apr/2017:11:34:52 -0700] "GET /self.logs/error.log.2015-02-09.gz HTTP/1.1" 200 1296 "-" "msnbot-media/1.1 (+http://search.msn.com/msnbot.htm)" 
128.136.211.22 - - [17/Apr/2017:11:43:24 -0700] "GET / HTTP/1.1" 200 10792 "-" "Mozilla/5.0 (Macintosh; Intel Mac OS X 10_12_4) AppleWebKit/537.36 (KHTML, like Gecko) Chrome/57.0.2987.133 Safari/537.36" 
128.136.211.22 - - [17/Apr/2017:11:43:24 -0700] "GET /twitter-icon.png HTTP/1.1" 200 27787 "http://www.secrepo.com/" "Mozilla/5.0 (Macintosh; Intel Mac OS X 10_12_4) AppleWebKit/537.36 (KHTML, like Gecko) Chrome/57.0.2987.133 Safari/537.36" 
128.136.211.22 - - [17/Apr/2017:11:43:24 -0700] "GET /GitHub-Mark.png HTTP/1.1" 200 7428 "http://www.secrepo.com/" "Mozilla/5.0 (Macintosh; Intel Mac OS X 10_12_4) AppleWebKit/537.36 (KHTML, like Gecko) Chrome/57.0.2987.133 Safari/537.36" 
200.121.220.131 - - [17/Apr/2017:11:53:05 -0700] "GET /wp-login.php HTTP/1.1" 404 295 "-" "Mozilla/5.0 (Windows NT 6.1; WOW64; rv:40.0) Gecko/20100101 Firefox/40.1" 
200.121.220.131 - - [17/Apr/2017:11:53:10 -0700] "GET /wp-login.php HTTP/1.1" 404 295 "-" "Mozilla/5.0 (Windows NT 6.1; WOW64; rv:40.0) Gecko/20100101 Firefox/40.1" 
200.121.220.131 - - [17/Apr/2017:11:53:16 -0700] "GET / HTTP/1.1" 200 36475 "-" "Mozilla/5.0 (Windows NT 6.1; WOW64; rv:40.0) Gecko/20100101 Firefox/40.1" 
200.121.220.131 - - [17/Apr/2017:11:53:57 -0700] "GET /wp-login.php HTTP/1.1" 301 522 "-" "Mozilla/5.0 (Windows NT 6.1; WOW64; rv:40.0) Gecko/20100101 Firefox/40.1" 
200.121.220.131 - - [17/Apr/2017:11:53:58 -0700] "GET /wp-login.php HTTP/1.1" 404 295 "-" "Mozilla/5.0 (Windows NT 6.1; WOW64; rv:40.0) Gecko/20100101 Firefox/40.1" 
200.121.220.131 - - [17/Apr/2017:11:54:03 -0700] "GET /wp-login.php HTTP/1.1" 301 522 "-" "Mozilla/5.0 (Windows NT 6.1; WOW64; rv:40.0) Gecko/20100101 Firefox/40.1" 
200.121.220.131 - - [17/Apr/2017:11:54:03 -0700] "GET /wp-login.php HTTP/1.1" 404 295 "-" "Mozilla/5.0 (Windows NT 6.1; WOW64; rv:40.0) Gecko/20100101 Firefox/40.1" 
200.121.220.131 - - [17/Apr/2017:11:54:09 -0700] "GET / HTTP/1.1" 301 498 "-" "Mozilla/5.0 (Windows NT 6.1; WOW64; rv:40.0) Gecko/20100101 Firefox/40.1" 
200.121.220.131 - - [17/Apr/2017:11:54:09 -0700] "GET / HTTP/1.1" 200 36475 "-" "Mozilla/5.0 (Windows NT 6.1; WOW64; rv:40.0) Gecko/20100101 Firefox/40.1" 
85.245.107.41 - - [17/Apr/2017:11:58:19 -0700] "GET / HTTP/1.1" 304 189 "-" "Mozilla/5.0 (Macintosh; Intel Mac OS X 10_12_4) AppleWebKit/537.36 (KHTML, like Gecko) Chrome/57.0.2987.133 Safari/537.36" 
85.245.107.41 - - [17/Apr/2017:11:58:20 -0700] "GET /bootstrap/img/favicon.ico HTTP/1.1" 200 589 "http://www.secrepo.com/" "Mozilla/5.0 (Macintosh; Intel Mac OS X 10_12_4) AppleWebKit/537.36 (KHTML, like Gecko) Chrome/57.0.2987.133 Safari/537.36" 
85.245.107.41 - - [17/Apr/2017:11:58:22 -0700] "GET / HTTP/1.1" 304 189 "-" "Mozilla/5.0 (Macintosh; Intel Mac OS X 10_12_4) AppleWebKit/537.36 (KHTML, like Gecko) Chrome/57.0.2987.133 Safari/537.36" 
85.245.107.41 - - [17/Apr/2017:11:58:22 -0700] "GET /bootstrap/img/favicon.ico HTTP/1.1" 200 589 "http://www.secrepo.com/" "Mozilla/5.0 (Macintosh; Intel Mac OS X 10_12_4) AppleWebKit/537.36 (KHTML, like Gecko) Chrome/57.0.2987.133 Safari/537.36" 
157.55.39.152 - - [17/Apr/2017:11:59:21 -0700] "GET /self.logs/access.log.2015-07-20.gz HTTP/1.1" 200 5357 "-" "msnbot-media/1.1 (+http://search.msn.com/msnbot.htm)" 
197.159.210.197 - - [17/Apr/2017:11:59:36 -0700] "GET /wp-login.php HTTP/1.1" 404 295 "-" "Mozilla/5.0 (Windows NT 6.1; WOW64; rv:40.0) Gecko/20100101 Firefox/40.1" 
197.159.210.197 - - [17/Apr/2017:11:59:42 -0700] "GET /wp-login.php HTTP/1.1" 404 295 "-" "Mozilla/5.0 (Windows NT 6.1; WOW64; rv:40.0) Gecko/20100101 Firefox/40.1" 
197.159.210.197 - - [17/Apr/2017:11:59:49 -0700] "GET / HTTP/1.1" 200 36475 "-" "Mozilla/5.0 (Windows NT 6.1; WOW64; rv:40.0) Gecko/20100101 Firefox/40.1" 
93.34.55.91 - - [17/Apr/2017:12:00:08 -0700] "GET /wp-login.php HTTP/1.1" 404 295 "-" "Mozilla/5.0 (Windows NT 6.1; WOW64; rv:40.0) Gecko/20100101 Firefox/40.1" 
93.34.55.91 - - [17/Apr/2017:12:00:14 -0700] "GET /wp-login.php HTTP/1.1" 404 295 "-" "Mozilla/5.0 (Windows NT 6.1; WOW64; rv:40.0) Gecko/20100101 Firefox/40.1" 
93.34.55.91 - - [17/Apr/2017:12:00:19 -0700] "GET / HTTP/1.1" 200 36475 "-" "Mozilla/5.0 (Windows NT 6.1; WOW64; rv:40.0) Gecko/20100101 Firefox/40.1" 
157.55.39.152 - - [17/Apr/2017:12:02:58 -0700] "GET /self.logs/access.log.2015-05-01.gz HTTP/1.1" 200 4487 "-" "msnbot-media/1.1 (+http://search.msn.com/msnbot.htm)" 
93.34.55.91 - - [17/Apr/2017:12:05:41 -0700] "GET /wp-login.php HTTP/1.1" 301 522 "-" "Mozilla/5.0 (Windows NT 6.1; WOW64; rv:40.0) Gecko/20100101 Firefox/40.1" 
93.34.55.91 - - [17/Apr/2017:12:05:41 -0700] "GET /wp-login.php HTTP/1.1" 404 295 "-" "Mozilla/5.0 (Windows NT 6.1; WOW64; rv:40.0) Gecko/20100101 Firefox/40.1" 
93.34.55.91 - - [17/Apr/2017:12:05:47 -0700] "GET /wp-login.php HTTP/1.1" 301 522 "-" "Mozilla/5.0 (Windows NT 6.1; WOW64; rv:40.0) Gecko/20100101 Firefox/40.1" 
93.34.55.91 - - [17/Apr/2017:12:05:47 -0700] "GET /wp-login.php HTTP/1.1" 404 295 "-" "Mozilla/5.0 (Windows NT 6.1; WOW64; rv:40.0) Gecko/20100101 Firefox/40.1" 
93.34.55.91 - - [17/Apr/2017:12:05:53 -0700] "GET / HTTP/1.1" 301 498 "-" "Mozilla/5.0 (Windows NT 6.1; WOW64; rv:40.0) Gecko/20100101 Firefox/40.1" 
93.34.55.91 - - [17/Apr/2017:12:05:53 -0700] "GET / HTTP/1.1" 200 36475 "-" "Mozilla/5.0 (Windows NT 6.1; WOW64; rv:40.0) Gecko/20100101 Firefox/40.1" 
157.55.39.152 - - [17/Apr/2017:12:07:14 -0700] "GET /self.logs/error.log.2015-02-25.gz HTTP/1.1" 200 1026 "-" "msnbot-media/1.1 (+http://search.msn.com/msnbot.htm)" 
157.55.39.152 - - [17/Apr/2017:12:07:14 -0700] "GET /self.logs/error.log.2015-06-21.gz HTTP/1.1" 200 2277 "-" "msnbot-media/1.1 (+http://search.msn.com/msnbot.htm)" 
51.255.65.79 - - [17/Apr/2017:12:10:03 -0700] "GET /self.logs/access.log.2015-11-03.gz HTTP/1.1" 200 7168 "-" "Mozilla/5.0 (compatible; AhrefsBot/5.2; +http://ahrefs.com/robot/)" 
42.236.99.206 - - [17/Apr/2017:12:10:54 -0700] "GET / HTTP/1.1" 200 10792 "http://www.secrepo.com/" "Mozilla/5.0 (Windows NT 6.1; WOW64) AppleWebKit/537.36 (KHTML, like Gecko) Chrome/50.0.2661.102 Safari/537.36; 360Spider" 
42.236.10.81 - - [17/Apr/2017:12:10:54 -0700] "GET / HTTP/1.1" 301 483 "http://secrepo.com/" "Mozilla/5.0 (Windows NT 6.1; WOW64) AppleWebKit/537.36 (KHTML, like Gecko) Chrome/50.0.2661.102 Safari/537.36; 360Spider" 
42.236.10.81 - - [17/Apr/2017:12:10:54 -0700] "GET / HTTP/1.1" 200 10791 "http://www.secrepo.com/" "Mozilla/5.0 (Windows NT 6.1; WOW64) AppleWebKit/537.36 (KHTML, like Gecko) Chrome/50.0.2661.102 Safari/537.36; 360Spider" 
173.36.240.166 - - [17/Apr/2017:12:12:53 -0700] "GET / HTTP/1.1" 200 10792 "http://www.mlsecproject.org/" "Mozilla/5.0 (Macintosh; Intel Mac OS X 10_11_6) AppleWebKit/537.36 (KHTML, like Gecko) Chrome/57.0.2987.133 Safari/537.36" 
173.36.240.166 - - [17/Apr/2017:12:12:53 -0700] "GET /twitter-icon.png HTTP/1.1" 200 27787 "http://www.secrepo.com/" "Mozilla/5.0 (Macintosh; Intel Mac OS X 10_11_6) AppleWebKit/537.36 (KHTML, like Gecko) Chrome/57.0.2987.133 Safari/537.36" 
173.36.240.166 - - [17/Apr/2017:12:12:53 -0700] "GET /GitHub-Mark.png HTTP/1.1" 200 7428 "http://www.secrepo.com/" "Mozilla/5.0 (Macintosh; Intel Mac OS X 10_11_6) AppleWebKit/537.36 (KHTML, like Gecko) Chrome/57.0.2987.133 Safari/537.36" 
173.36.240.166 - - [17/Apr/2017:12:12:55 -0700] "GET /bootstrap/img/favicon.ico HTTP/1.1" 200 589 "http://www.secrepo.com/" "Mozilla/5.0 (Macintosh; Intel Mac OS X 10_11_6) AppleWebKit/537.36 (KHTML, like Gecko) Chrome/57.0.2987.133 Safari/537.36" 
120.192.95.88 - - [17/Apr/2017:12:16:01 -0700] "GET /maccdc2012/maccdc2012_full_alert.7z HTTP/1.1" 304 132 "-" "Mozilla/5.0 Gecko/20100115 Firefox/3.6" 
157.55.39.152 - - [17/Apr/2017:12:19:21 -0700] "GET /self.logs/error.log.2015-05-24.gz HTTP/1.1" 200 687 "-" "msnbot-media/1.1 (+http://search.msn.com/msnbot.htm)" 
64.4.93.130 - - [17/Apr/2017:12:25:52 -0700] "GET / HTTP/1.1" 200 10792 "https://www.google.ca/" "Mozilla/5.0 (Windows NT 6.1; Win64; x64) AppleWebKit/537.36 (KHTML, like Gecko) Chrome/57.0.2987.133 Safari/537.36" 
64.4.93.130 - - [17/Apr/2017:12:25:52 -0700] "GET /twitter-icon.png HTTP/1.1" 200 27787 "http://www.secrepo.com/" "Mozilla/5.0 (Windows NT 6.1; Win64; x64) AppleWebKit/537.36 (KHTML, like Gecko) Chrome/57.0.2987.133 Safari/537.36" 
64.4.93.130 - - [17/Apr/2017:12:25:52 -0700] "GET /GitHub-Mark.png HTTP/1.1" 200 7428 "http://www.secrepo.com/" "Mozilla/5.0 (Windows NT 6.1; Win64; x64) AppleWebKit/537.36 (KHTML, like Gecko) Chrome/57.0.2987.133 Safari/537.36" 
64.4.93.130 - - [17/Apr/2017:12:25:52 -0700] "GET /bootstrap/img/favicon.ico HTTP/1.1" 200 589 "http://www.secrepo.com/" "Mozilla/5.0 (Windows NT 6.1; Win64; x64) AppleWebKit/537.36 (KHTML, like Gecko) Chrome/57.0.2987.133 Safari/537.36" 
64.4.93.130 - - [17/Apr/2017:12:26:04 -0700] "GET /maccdc2012/weird.log.gz HTTP/1.1" 200 1242777 "-" "Mozilla/5.0 (Windows NT 6.1; Win64; x64) AppleWebKit/537.36 (KHTML, like Gecko) Chrome/57.0.2987.133 Safari/537.36" 
157.55.39.119 - - [17/Apr/2017:12:27:37 -0700] "GET /self.logs/access.log.2015-05-09.gz HTTP/1.1" 200 2856 "-" "msnbot-media/1.1 (+http://search.msn.com/msnbot.htm)" 
207.46.13.12 - - [17/Apr/2017:12:27:48 -0700] "GET /self.logs/access.log.2015-06-03.gz HTTP/1.1" 200 3400 "-" "msnbot-media/1.1 (+http://search.msn.com/msnbot.htm)" 
40.77.167.47 - - [17/Apr/2017:12:28:07 -0700] "GET /self.logs/access.log.2015-07-11.gz HTTP/1.1" 200 3498 "-" "msnbot-media/1.1 (+http://search.msn.com/msnbot.htm)" 
159.226.251.229 - - [17/Apr/2017:12:31:42 -0700] "GET /maccdc2012/maccdc2012_full_alert.7z HTTP/1.1" 304 132 "-" "Mozilla/5.0 Gecko/20100115 Firefox/3.6" 
173.11.113.121 - - [17/Apr/2017:12:38:06 -0700] "GET / HTTP/1.1" 200 10792 "https://www.google.com/" "Mozilla/5.0 (Macintosh; Intel Mac OS X 10_12_4) AppleWebKit/537.36 (KHTML, like Gecko) Chrome/57.0.2987.133 Safari/537.36" 
173.11.113.121 - - [17/Apr/2017:12:38:06 -0700] "GET /GitHub-Mark.png HTTP/1.1" 200 7428 "http://www.secrepo.com/" "Mozilla/5.0 (Macintosh; Intel Mac OS X 10_12_4) AppleWebKit/537.36 (KHTML, like Gecko) Chrome/57.0.2987.133 Safari/537.36" 
173.11.113.121 - - [17/Apr/2017:12:38:06 -0700] "GET /twitter-icon.png HTTP/1.1" 200 27787 "http://www.secrepo.com/" "Mozilla/5.0 (Macintosh; Intel Mac OS X 10_12_4) AppleWebKit/537.36 (KHTML, like Gecko) Chrome/57.0.2987.133 Safari/537.36" 
173.11.113.121 - - [17/Apr/2017:12:38:08 -0700] "GET /bootstrap/img/favicon.ico HTTP/1.1" 200 589 "http://www.secrepo.com/" "Mozilla/5.0 (Macintosh; Intel Mac OS X 10_12_4) AppleWebKit/537.36 (KHTML, like Gecko) Chrome/57.0.2987.133 Safari/537.36" 
66.102.6.129 - - [17/Apr/2017:12:38:26 -0700] "GET / HTTP/1.1" 200 10792 "-" "Mozilla/5.0 (X11; Linux x86_64) AppleWebKit/537.36 (KHTML, like Gecko) Chrome/49.0.2623.75 Safari/537.36 Google Favicon" 
66.102.6.158 - - [17/Apr/2017:12:38:27 -0700] "GET /bootstrap/img/favicon.ico HTTP/1.1" 200 590 "-" "Mozilla/5.0 (X11; Linux x86_64) AppleWebKit/537.36 (KHTML, like Gecko) Chrome/49.0.2623.75 Safari/537.36 Google Favicon" 
159.226.251.229 - - [17/Apr/2017:12:38:52 -0700] "GET /tg/a.zip HTTP/1.1" 304 132 "-" "Mozilla/5.0 Gecko/20100115 Firefox/3.6" 
207.46.13.105 - - [17/Apr/2017:12:39:43 -0700] "GET /self.logs/access.log.2015-05-13.gz HTTP/1.1" 200 7844 "-" "msnbot-media/1.1 (+http://search.msn.com/msnbot.htm)" 
173.11.113.121 - - [17/Apr/2017:12:38:14 -0700] "GET /Security-Data-Analysis/Lab_1/conn.log.zip HTTP/1.1" 200 549098528 "-" "Mozilla/5.0 (Macintosh; Intel Mac OS X 10_12_4) AppleWebKit/537.36 (KHTML, like Gecko) Chrome/57.0.2987.133 Safari/537.36" 
207.46.13.105 - - [17/Apr/2017:12:43:29 -0700] "GET /self.logs/error.log.2015-09-23.gz HTTP/1.1" 200 926 "-" "msnbot-media/1.1 (+http://search.msn.com/msnbot.htm)" 
51.255.71.125 - - [17/Apr/2017:12:45:43 -0700] "GET /self.logs/access.log.2016-04-03.gz HTTP/1.1" 200 14119 "-" "Mozilla/5.0 (compatible; AhrefsBot/5.2; +http://ahrefs.com/robot/)" 
200.219.166.178 - - [17/Apr/2017:12:48:06 -0700] "GET / HTTP/1.1" 200 10736 "http://www.kdnuggets.com/2017/01/machine-learning-cyber-security.html" "Mozilla/5.0 (Windows NT 6.1; WOW64) AppleWebKit/537.36 (KHTML, like Gecko) Chrome/57.0.2987.133 Safari/537.36" 
200.219.166.178 - - [17/Apr/2017:12:48:07 -0700] "GET /twitter-icon.png HTTP/1.1" 200 27732 "http://www.secrepo.com/" "Mozilla/5.0 (Windows NT 6.1; WOW64) AppleWebKit/537.36 (KHTML, like Gecko) Chrome/57.0.2987.133 Safari/537.36" 
200.219.166.178 - - [17/Apr/2017:12:48:07 -0700] "GET /GitHub-Mark.png HTTP/1.1" 200 7372 "http://www.secrepo.com/" "Mozilla/5.0 (Windows NT 6.1; WOW64) AppleWebKit/537.36 (KHTML, like Gecko) Chrome/57.0.2987.133 Safari/537.36" 
200.219.166.178 - - [17/Apr/2017:12:48:10 -0700] "GET /bootstrap/img/favicon.ico HTTP/1.1" 200 534 "http://www.secrepo.com/" "Mozilla/5.0 (Windows NT 6.1; WOW64) AppleWebKit/537.36 (KHTML, like Gecko) Chrome/57.0.2987.133 Safari/537.36" 
51.255.65.57 - - [17/Apr/2017:12:48:11 -0700] "GET /self.logs/access.log.2017-02-23.gz HTTP/1.1" 200 20630 "-" "Mozilla/5.0 (compatible; AhrefsBot/5.2; +http://ahrefs.com/robot/)" 
216.244.66.250 - - [17/Apr/2017:12:52:05 -0700] "GET /robots.txt HTTP/1.1" 200 233 "-" "Mozilla/5.0 (compatible; DotBot/1.1; http://www.opensiteexplorer.org/dotbot, help@moz.com)" 
66.102.9.61 - - [17/Apr/2017:12:59:31 -0700] "GET / HTTP/1.1" 200 10792 "-" "Mozilla/5.0 (X11; Linux x86_64) AppleWebKit/537.36 (KHTML, like Gecko) Chrome/49.0.2623.75 Safari/537.36 Google Favicon" 
66.102.9.61 - - [17/Apr/2017:12:59:31 -0700] "GET /bootstrap/img/favicon.ico HTTP/1.1" 200 589 "-" "Mozilla/5.0 (X11; Linux x86_64) AppleWebKit/537.36 (KHTML, like Gecko) Chrome/49.0.2623.75 Safari/537.36 Google Favicon" 
157.55.39.119 - - [17/Apr/2017:12:59:38 -0700] "GET /self.logs/access.log.2015-05-26.gz HTTP/1.1" 200 4429 "-" "msnbot-media/1.1 (+http://search.msn.com/msnbot.htm)" 
108.197.144.248 - - [17/Apr/2017:13:03:33 -0700] "GET / HTTP/1.1" 200 10792 "-" "Mozilla/5.0 (Macintosh; Intel Mac OS X 10_12_4) AppleWebKit/603.1.30 (KHTML, like Gecko) Version/10.1 Safari/603.1.30" 
108.197.144.248 - - [17/Apr/2017:13:03:33 -0700] "GET /twitter-icon.png HTTP/1.1" 200 27787 "http://www.secrepo.com/" "Mozilla/5.0 (Macintosh; Intel Mac OS X 10_12_4) AppleWebKit/603.1.30 (KHTML, like Gecko) Version/10.1 Safari/603.1.30" 
108.197.144.248 - - [17/Apr/2017:13:03:33 -0700] "GET /GitHub-Mark.png HTTP/1.1" 200 7428 "http://www.secrepo.com/" "Mozilla/5.0 (Macintosh; Intel Mac OS X 10_12_4) AppleWebKit/603.1.30 (KHTML, like Gecko) Version/10.1 Safari/603.1.30" 
108.197.144.248 - - [17/Apr/2017:13:03:37 -0700] "GET /bootstrap/img/favicon.ico HTTP/1.1" 200 590 "http://www.secrepo.com/" "Mozilla/5.0 (Macintosh; Intel Mac OS X 10_12_4) AppleWebKit/603.1.30 (KHTML, like Gecko) Version/10.1 Safari/603.1.30" 
68.5.120.103 - - [17/Apr/2017:13:05:58 -0700] "GET / HTTP/1.1" 200 10792 "-" "Mozilla/5.0 (Windows NT 10.0; WOW64) AppleWebKit/537.36 (KHTML, like Gecko) Chrome/57.0.2987.133 Safari/537.36" 
68.5.120.103 - - [17/Apr/2017:13:06:01 -0700] "GET /GitHub-Mark.png HTTP/1.1" 200 7428 "http://www.secrepo.com/" "Mozilla/5.0 (Windows NT 10.0; WOW64) AppleWebKit/537.36 (KHTML, like Gecko) Chrome/57.0.2987.133 Safari/537.36" 
68.5.120.103 - - [17/Apr/2017:13:06:01 -0700] "GET /twitter-icon.png HTTP/1.1" 200 27788 "http://www.secrepo.com/" "Mozilla/5.0 (Windows NT 10.0; WOW64) AppleWebKit/537.36 (KHTML, like Gecko) Chrome/57.0.2987.133 Safari/537.36" 
68.5.120.103 - - [17/Apr/2017:13:06:02 -0700] "GET /bootstrap/img/favicon.ico HTTP/1.1" 200 589 "http://www.secrepo.com/" "Mozilla/5.0 (Windows NT 10.0; WOW64) AppleWebKit/537.36 (KHTML, like Gecko) Chrome/57.0.2987.133 Safari/537.36" 
131.95.31.135 - - [17/Apr/2017:13:06:34 -0700] "GET /bootstrap/img/favicon.ico HTTP/1.1" 200 590 "-" "Mozilla/5.0 (Windows NT 10.0; WOW64) AppleWebKit/537.36 (KHTML, like Gecko) Chrome/57.0.2987.133 Safari/537.36" 
207.46.13.12 - - [17/Apr/2017:13:08:22 -0700] "GET / HTTP/1.1" 200 10792 "-" "Mozilla/5.0 (compatible; bingbot/2.0; +http://www.bing.com/bingbot.htm)" 
108.197.144.248 - - [17/Apr/2017:13:08:26 -0700] "GET / HTTP/1.1" 200 10792 "-" "Mozilla/5.0 (Macintosh; Intel Mac OS X 10_12_4) AppleWebKit/603.1.30 (KHTML, like Gecko) Version/10.1 Safari/603.1.30" 
108.197.144.248 - - [17/Apr/2017:13:08:26 -0700] "GET /twitter-icon.png HTTP/1.1" 200 27787 "http://www.secrepo.com/" "Mozilla/5.0 (Macintosh; Intel Mac OS X 10_12_4) AppleWebKit/603.1.30 (KHTML, like Gecko) Version/10.1 Safari/603.1.30" 
108.197.144.248 - - [17/Apr/2017:13:08:26 -0700] "GET /GitHub-Mark.png HTTP/1.1" 200 7428 "http://www.secrepo.com/" "Mozilla/5.0 (Macintosh; Intel Mac OS X 10_12_4) AppleWebKit/603.1.30 (KHTML, like Gecko) Version/10.1 Safari/603.1.30" 
199.167.55.50 - - [17/Apr/2017:13:11:50 -0700] "GET / HTTP/1.1" 200 10792 "-" "Mozilla/5.0 (Macintosh; Intel Mac OS X 10_10_5) AppleWebKit/537.36 (KHTML, like Gecko) Chrome/57.0.2987.133 Safari/537.36" 
148.62.14.178 - - [17/Apr/2017:13:11:51 -0700] "GET /robots.txt HTTP/1.1" 301 446 "-" "Tornado-Async-Client" 
199.167.55.50 - - [17/Apr/2017:13:11:51 -0700] "GET /twitter-icon.png HTTP/1.1" 200 27787 "http://www.secrepo.com/" "Mozilla/5.0 (Macintosh; Intel Mac OS X 10_10_5) AppleWebKit/537.36 (KHTML, like Gecko) Chrome/57.0.2987.133 Safari/537.36" 
199.167.55.50 - - [17/Apr/2017:13:11:51 -0700] "GET /GitHub-Mark.png HTTP/1.1" 200 7428 "http://www.secrepo.com/" "Mozilla/5.0 (Macintosh; Intel Mac OS X 10_10_5) AppleWebKit/537.36 (KHTML, like Gecko) Chrome/57.0.2987.133 Safari/537.36" 
148.62.14.178 - - [17/Apr/2017:13:11:51 -0700] "GET /robots.txt HTTP/1.1" 304 130 "-" "Tornado-Async-Client" 
148.62.14.178 - - [17/Apr/2017:13:11:51 -0700] "GET /honeypot/BSidesDFW%20-%202014.ipynb HTTP/1.1" 301 484 "-" "Tornado-Async-Client" 
148.62.14.178 - - [17/Apr/2017:13:11:51 -0700] "GET /honeypot/BSidesDFW%20-%202014.ipynb HTTP/1.1" 200 930780 "-" "Tornado-Async-Client" 
199.167.55.50 - - [17/Apr/2017:13:11:54 -0700] "GET /bootstrap/img/favicon.ico HTTP/1.1" 200 590 "http://www.secrepo.com/" "Mozilla/5.0 (Macintosh; Intel Mac OS X 10_10_5) AppleWebKit/537.36 (KHTML, like Gecko) Chrome/57.0.2987.133 Safari/537.36" 
66.249.66.59 - - [17/Apr/2017:13:13:12 -0700] "GET / HTTP/1.1" 200 10792 "-" "Mozilla/5.0 (Linux; Android 6.0.1; Nexus 5X Build/MMB29P) AppleWebKit/537.36 (KHTML, like Gecko) Chrome/41.0.2272.96 Mobile Safari/537.36 (compatible; Googlebot/2.1; +http://www.google.com/bot.html)" 
203.133.168.8 - - [17/Apr/2017:13:14:45 -0700] "GET /robots.txt HTTP/1.1" 200 334 "-" "Mozilla/5.0 (compatible; Daum/4.1; +http://cs.daum.net/faq/15/4118.html?faqId=28966)" 
203.133.168.8 - - [17/Apr/2017:13:14:46 -0700] "GET /maccdc2012/maccdc2012_full_alert.7z HTTP/1.1" 200 24978942 "-" "Mozilla/5.0 (compatible; Daum/4.1; +http://cs.daum.net/faq/15/4118.html?faqId=28966)" 
103.211.53.207 - - [17/Apr/2017:13:21:25 -0700] "GET /wp-login.php HTTP/1.1" 404 295 "-" "Mozilla/5.0 (Windows NT 6.1; WOW64; rv:40.0) Gecko/20100101 Firefox/40.1" 
103.211.53.207 - - [17/Apr/2017:13:21:31 -0700] "GET /wp-login.php HTTP/1.1" 404 295 "-" "Mozilla/5.0 (Windows NT 6.1; WOW64; rv:40.0) Gecko/20100101 Firefox/40.1" 
103.211.53.207 - - [17/Apr/2017:13:21:36 -0700] "GET / HTTP/1.1" 200 36475 "-" "Mozilla/5.0 (Windows NT 6.1; WOW64; rv:40.0) Gecko/20100101 Firefox/40.1" 
41.136.231.65 - - [17/Apr/2017:13:23:51 -0700] "GET /wp-login.php HTTP/1.1" 404 295 "-" "Mozilla/5.0 (Windows NT 6.1; WOW64; rv:40.0) Gecko/20100101 Firefox/40.1" 
41.136.231.65 - - [17/Apr/2017:13:23:57 -0700] "GET /wp-login.php HTTP/1.1" 404 295 "-" "Mozilla/5.0 (Windows NT 6.1; WOW64; rv:40.0) Gecko/20100101 Firefox/40.1" 
41.136.231.65 - - [17/Apr/2017:13:24:02 -0700] "GET / HTTP/1.1" 200 36475 "-" "Mozilla/5.0 (Windows NT 6.1; WOW64; rv:40.0) Gecko/20100101 Firefox/40.1" 
51.255.71.128 - - [17/Apr/2017:13:24:33 -0700] "GET /self.logs/error.log.2017-04-04.gz HTTP/1.1" 200 3501 "-" "Mozilla/5.0 (compatible; AhrefsBot/5.2; +http://ahrefs.com/robot/)" 
159.226.251.229 - - [17/Apr/2017:13:32:16 -0700] "GET /maccdc2012/conn.log.gz HTTP/1.1" 304 156 "-" "Mozilla/5.0 Gecko/20100115 Firefox/3.6" 
40.77.167.21 - - [17/Apr/2017:13:32:19 -0700] "GET /self.logs/error.log.2015-03-19.gz HTTP/1.1" 200 880 "-" "msnbot-media/1.1 (+http://search.msn.com/msnbot.htm)" 
47.187.97.9 - - [17/Apr/2017:13:36:24 -0700] "GET / HTTP/1.1" 200 10792 "https://www.linkedin.com/" "Mozilla/5.0 (Macintosh; Intel Mac OS X 10_12_3) AppleWebKit/537.36 (KHTML, like Gecko) Chrome/57.0.2987.133 Safari/537.36" 
47.187.97.9 - - [17/Apr/2017:13:36:24 -0700] "GET /twitter-icon.png HTTP/1.1" 200 27787 "http://www.secrepo.com/" "Mozilla/5.0 (Macintosh; Intel Mac OS X 10_12_3) AppleWebKit/537.36 (KHTML, like Gecko) Chrome/57.0.2987.133 Safari/537.36" 
47.187.97.9 - - [17/Apr/2017:13:36:24 -0700] "GET /GitHub-Mark.png HTTP/1.1" 200 7428 "http://www.secrepo.com/" "Mozilla/5.0 (Macintosh; Intel Mac OS X 10_12_3) AppleWebKit/537.36 (KHTML, like Gecko) Chrome/57.0.2987.133 Safari/537.36" 
47.187.97.9 - - [17/Apr/2017:13:36:25 -0700] "GET /bootstrap/img/favicon.ico HTTP/1.1" 200 590 "http://www.secrepo.com/" "Mozilla/5.0 (Macintosh; Intel Mac OS X 10_12_3) AppleWebKit/537.36 (KHTML, like Gecko) Chrome/57.0.2987.133 Safari/537.36" 
198.241.217.31 - - [17/Apr/2017:13:36:34 -0700] "GET / HTTP/1.1" 304 189 "http://www.mlsecproject.org/" "Mozilla/5.0 (Windows NT 10.0; WOW64) AppleWebKit/537.36 (KHTML, like Gecko) Chrome/57.0.2987.133 Safari/537.36" 
148.62.14.207 - - [17/Apr/2017:13:37:02 -0700] "GET /robots.txt HTTP/1.1" 301 446 "-" "Tornado-Async-Client" 
148.62.14.207 - - [17/Apr/2017:13:37:02 -0700] "GET /robots.txt HTTP/1.1" 304 130 "-" "Tornado-Async-Client" 
148.62.14.207 - - [17/Apr/2017:13:37:02 -0700] "GET /honeypot/BSidesDFW%20-%202014.ipynb HTTP/1.1" 301 484 "-" "Tornado-Async-Client" 
148.62.14.207 - - [17/Apr/2017:13:37:02 -0700] "GET /honeypot/BSidesDFW%20-%202014.ipynb HTTP/1.1" 200 930780 "-" "Tornado-Async-Client" 
216.244.66.250 - - [17/Apr/2017:13:39:59 -0700] "GET / HTTP/1.1" 200 36419 "-" "Mozilla/5.0 (compatible; DotBot/1.1; http://www.opensiteexplorer.org/dotbot, help@moz.com)" 
180.76.15.10 - - [17/Apr/2017:13:40:39 -0700] "GET /tg/tg_snort_fast.7z HTTP/1.1" 200 908120 "-" "Mozilla/5.0 (compatible; Baiduspider/2.0; +http://www.baidu.com/search/spider.html)" 
197.133.60.171 - - [17/Apr/2017:13:44:59 -0700] "GET /wp-login.php HTTP/1.1" 404 295 "-" "Mozilla/5.0 (Windows NT 6.1; WOW64; rv:40.0) Gecko/20100101 Firefox/40.1" 
197.133.60.171 - - [17/Apr/2017:13:45:04 -0700] "GET /wp-login.php HTTP/1.1" 404 295 "-" "Mozilla/5.0 (Windows NT 6.1; WOW64; rv:40.0) Gecko/20100101 Firefox/40.1" 
197.133.60.171 - - [17/Apr/2017:13:45:10 -0700] "GET / HTTP/1.1" 200 36475 "-" "Mozilla/5.0 (Windows NT 6.1; WOW64; rv:40.0) Gecko/20100101 Firefox/40.1" 
40.140.245.104 - - [17/Apr/2017:13:47:12 -0700] "GET / HTTP/1.1" 200 10792 "https://www.google.com/" "Mozilla/5.0 (Macintosh; Intel Mac OS X 10_10_5) AppleWebKit/537.36 (KHTML, like Gecko) Chrome/57.0.2987.133 Safari/537.36" 
40.140.245.104 - - [17/Apr/2017:13:47:13 -0700] "GET /twitter-icon.png HTTP/1.1" 200 27787 "http://www.secrepo.com/" "Mozilla/5.0 (Macintosh; Intel Mac OS X 10_10_5) AppleWebKit/537.36 (KHTML, like Gecko) Chrome/57.0.2987.133 Safari/537.36" 
40.140.245.104 - - [17/Apr/2017:13:47:13 -0700] "GET /GitHub-Mark.png HTTP/1.1" 200 7428 "http://www.secrepo.com/" "Mozilla/5.0 (Macintosh; Intel Mac OS X 10_10_5) AppleWebKit/537.36 (KHTML, like Gecko) Chrome/57.0.2987.133 Safari/537.36" 
40.140.245.104 - - [17/Apr/2017:13:47:13 -0700] "GET /bootstrap/img/favicon.ico HTTP/1.1" 200 589 "http://www.secrepo.com/" "Mozilla/5.0 (Macintosh; Intel Mac OS X 10_10_5) AppleWebKit/537.36 (KHTML, like Gecko) Chrome/57.0.2987.133 Safari/537.36" 
164.132.161.66 - - [17/Apr/2017:13:48:59 -0700] "GET /self.logs/access.log.2016-03-28.gz HTTP/1.1" 200 12332 "-" "Mozilla/5.0 (compatible; AhrefsBot/5.2; +http://ahrefs.com/robot/)" 
162.234.15.6 - - [17/Apr/2017:13:49:42 -0700] "GET / HTTP/1.1" 200 10792 "https://www.google.com/" "Mozilla/5.0 (Windows NT 6.1; WOW64) AppleWebKit/537.36 (KHTML, like Gecko) Chrome/54.0.2840.87 Safari/537.36" 
162.234.15.6 - - [17/Apr/2017:13:49:42 -0700] "GET /twitter-icon.png HTTP/1.1" 200 27787 "http://www.secrepo.com/" "Mozilla/5.0 (Windows NT 6.1; WOW64) AppleWebKit/537.36 (KHTML, like Gecko) Chrome/54.0.2840.87 Safari/537.36" 
162.234.15.6 - - [17/Apr/2017:13:49:42 -0700] "GET /GitHub-Mark.png HTTP/1.1" 200 7428 "http://www.secrepo.com/" "Mozilla/5.0 (Windows NT 6.1; WOW64) AppleWebKit/537.36 (KHTML, like Gecko) Chrome/54.0.2840.87 Safari/537.36" 
162.234.15.6 - - [17/Apr/2017:13:49:44 -0700] "GET /bootstrap/img/favicon.ico HTTP/1.1" 200 589 "http://www.secrepo.com/" "Mozilla/5.0 (Windows NT 6.1; WOW64) AppleWebKit/537.36 (KHTML, like Gecko) Chrome/54.0.2840.87 Safari/537.36" 
200.24.233.12 - - [17/Apr/2017:13:51:51 -0700] "GET /wp-login.php HTTP/1.1" 404 295 "-" "Mozilla/5.0 (Windows NT 6.1; WOW64; rv:40.0) Gecko/20100101 Firefox/40.1" 
200.24.233.12 - - [17/Apr/2017:13:51:56 -0700] "GET /wp-login.php HTTP/1.1" 404 295 "-" "Mozilla/5.0 (Windows NT 6.1; WOW64; rv:40.0) Gecko/20100101 Firefox/40.1" 
200.24.233.12 - - [17/Apr/2017:13:52:01 -0700] "GET / HTTP/1.1" 200 36475 "-" "Mozilla/5.0 (Windows NT 6.1; WOW64; rv:40.0) Gecko/20100101 Firefox/40.1" 
162.234.15.6 - - [17/Apr/2017:13:50:15 -0700] "GET /pe_static/zeus.zip HTTP/1.1" 200 44779660 "-" "Mozilla/5.0 (Windows NT 6.1; WOW64) AppleWebKit/537.36 (KHTML, like Gecko) Chrome/54.0.2840.87 Safari/537.36" 
98.245.48.242 - - [17/Apr/2017:13:56:53 -0700] "GET / HTTP/1.1" 200 10792 "https://www.google.com/" "Mozilla/5.0 (X11; Ubuntu; Linux x86_64; rv:52.0) Gecko/20100101 Firefox/52.0" 
98.245.48.242 - - [17/Apr/2017:13:56:55 -0700] "GET /bootstrap/img/favicon.ico HTTP/1.1" 200 589 "-" "Mozilla/5.0 (X11; Ubuntu; Linux x86_64; rv:52.0) Gecko/20100101 Firefox/52.0" 
98.245.48.242 - - [17/Apr/2017:13:56:55 -0700] "GET /twitter-icon.png HTTP/1.1" 200 27787 "http://www.secrepo.com/" "Mozilla/5.0 (X11; Ubuntu; Linux x86_64; rv:52.0) Gecko/20100101 Firefox/52.0" 
98.245.48.242 - - [17/Apr/2017:13:56:55 -0700] "GET /GitHub-Mark.png HTTP/1.1" 200 7428 "http://www.secrepo.com/" "Mozilla/5.0 (X11; Ubuntu; Linux x86_64; rv:52.0) Gecko/20100101 Firefox/52.0" 
192.76.27.213 - - [17/Apr/2017:14:08:11 -0700] "GET / HTTP/1.1" 200 10792 "-" "Mozilla/5.0 (Macintosh; Intel Mac OS X 10_12_4) AppleWebKit/537.36 (KHTML, like Gecko) Chrome/57.0.2987.133 Safari/537.36" 
192.76.27.213 - - [17/Apr/2017:14:08:13 -0700] "GET /GitHub-Mark.png HTTP/1.1" 200 7428 "http://www.secrepo.com/" "Mozilla/5.0 (Macintosh; Intel Mac OS X 10_12_4) AppleWebKit/537.36 (KHTML, like Gecko) Chrome/57.0.2987.133 Safari/537.36" 
192.76.27.213 - - [17/Apr/2017:14:08:13 -0700] "GET /twitter-icon.png HTTP/1.1" 200 27788 "http://www.secrepo.com/" "Mozilla/5.0 (Macintosh; Intel Mac OS X 10_12_4) AppleWebKit/537.36 (KHTML, like Gecko) Chrome/57.0.2987.133 Safari/537.36" 
90.198.157.2 - - [17/Apr/2017:14:09:06 -0700] "GET /bootstrap/img/favicon.ico HTTP/1.1" 200 590 "-" "Mozilla/5.0 (Windows NT 10.0; WOW64; rv:52.0) Gecko/20100101 Firefox/52.0" 
148.62.14.178 - - [17/Apr/2017:14:12:38 -0700] "GET /robots.txt HTTP/1.1" 301 446 "-" "Tornado-Async-Client" 
148.62.14.178 - - [17/Apr/2017:14:12:38 -0700] "GET /robots.txt HTTP/1.1" 304 130 "-" "Tornado-Async-Client" 
148.62.14.178 - - [17/Apr/2017:14:12:38 -0700] "GET /honeypot/BSidesDFW%20-%202014.ipynb HTTP/1.1" 301 484 "-" "Tornado-Async-Client" 
148.62.14.178 - - [17/Apr/2017:14:12:38 -0700] "GET /honeypot/BSidesDFW%20-%202014.ipynb HTTP/1.1" 200 930780 "-" "Tornado-Async-Client" 
51.255.65.30 - - [17/Apr/2017:14:14:57 -0700] "GET /self.logs/access.log.2016-01-06.gz HTTP/1.1" 200 5438 "-" "Mozilla/5.0 (compatible; AhrefsBot/5.2; +http://ahrefs.com/robot/)" 
85.124.63.29 - - [17/Apr/2017:14:32:05 -0700] "GET /wp-login.php HTTP/1.1" 301 522 "-" "Mozilla/5.0 (Windows NT 6.1; WOW64; rv:40.0) Gecko/20100101 Firefox/40.1" 
85.124.63.29 - - [17/Apr/2017:14:32:05 -0700] "GET /wp-login.php HTTP/1.1" 404 295 "-" "Mozilla/5.0 (Windows NT 6.1; WOW64; rv:40.0) Gecko/20100101 Firefox/40.1" 
85.124.63.29 - - [17/Apr/2017:14:32:11 -0700] "GET /wp-login.php HTTP/1.1" 301 522 "-" "Mozilla/5.0 (Windows NT 6.1; WOW64; rv:40.0) Gecko/20100101 Firefox/40.1" 
85.124.63.29 - - [17/Apr/2017:14:32:11 -0700] "GET /wp-login.php HTTP/1.1" 404 295 "-" "Mozilla/5.0 (Windows NT 6.1; WOW64; rv:40.0) Gecko/20100101 Firefox/40.1" 
85.124.63.29 - - [17/Apr/2017:14:32:17 -0700] "GET / HTTP/1.1" 301 498 "-" "Mozilla/5.0 (Windows NT 6.1; WOW64; rv:40.0) Gecko/20100101 Firefox/40.1" 
85.124.63.29 - - [17/Apr/2017:14:32:17 -0700] "GET / HTTP/1.1" 200 36475 "-" "Mozilla/5.0 (Windows NT 6.1; WOW64; rv:40.0) Gecko/20100101 Firefox/40.1" 
128.220.160.202 - - [17/Apr/2017:14:36:16 -0700] "GET / HTTP/1.1" 200 10792 "http://www.kdnuggets.com/2017/01/machine-learning-cyber-security.html" "Mozilla/5.0 (Macintosh; Intel Mac OS X 10_12_4) AppleWebKit/537.36 (KHTML, like Gecko) Chrome/57.0.2987.133 Safari/537.36" 
128.220.160.202 - - [17/Apr/2017:14:36:18 -0700] "GET /twitter-icon.png HTTP/1.1" 200 27787 "http://www.secrepo.com/" "Mozilla/5.0 (Macintosh; Intel Mac OS X 10_12_4) AppleWebKit/537.36 (KHTML, like Gecko) Chrome/57.0.2987.133 Safari/537.36" 
128.220.160.202 - - [17/Apr/2017:14:36:18 -0700] "GET /GitHub-Mark.png HTTP/1.1" 200 7428 "http://www.secrepo.com/" "Mozilla/5.0 (Macintosh; Intel Mac OS X 10_12_4) AppleWebKit/537.36 (KHTML, like Gecko) Chrome/57.0.2987.133 Safari/537.36" 
