211.137.56.172 - - [04/Apr/2016:22:45:34 -0700] "GET /tg/a.zip HTTP/1.1" 304 132 "-" "Mozilla/5.0 Gecko/20100115 Firefox/3.6" 
116.55.255.119 - - [04/Apr/2016:22:46:44 -0700] "GET /self.logs/access.log.2016-04-01.gz HTTP/1.1" 200 7609 "http://www.secrepo.com/self.logs/" "Mozilla/5.0 (Windows NT 5.1) AppleWebKit/537.36 (KHTML, like Gecko) Chrome/38.0.2125.104 Safari/537.36" 
61.147.94.20 - - [04/Apr/2016:22:47:30 -0700] "GET /self.logs/access.log.2015-01-17.gz HTTP/1.1" 200 3545 "http://www.secrepo.com/self.logs/" "Mozilla/5.0 (Windows NT 5.1) AppleWebKit/537.36 (KHTML, like Gecko) Chrome/38.0.2125.104 Safari/537.36" 
111.23.10.33 - - [04/Apr/2016:22:53:31 -0700] "GET /tg/a.zip HTTP/1.1" 304 132 "-" "Mozilla/5.0 Gecko/20100115 Firefox/3.6" 
164.132.161.64 - - [04/Apr/2016:23:07:35 -0700] "GET /self.logs/access.log.2016-01-20.gz HTTP/1.1" 200 10398 "-" "Mozilla/5.0 (compatible; AhrefsBot/5.1; +http://ahrefs.com/robot/)" 
111.7.128.40 - - [04/Apr/2016:23:11:02 -0700] "GET /tg/a.zip HTTP/1.1" 304 132 "-" "Mozilla/5.0 Gecko/20100115 Firefox/3.6" 
211.137.56.201 - - [04/Apr/2016:23:13:40 -0700] "GET /tg/a.zip HTTP/1.1" 304 132 "-" "Mozilla/5.0 Gecko/20100115 Firefox/3.6" 
58.220.12.217 - - [04/Apr/2016:23:34:18 -0700] "GET /self.logs/error.log.2016-04-01.gz HTTP/1.1" 200 716 "http://www.secrepo.com/self.logs/" "Mozilla/5.0 (Windows NT 5.1) AppleWebKit/537.36 (KHTML, like Gecko) Chrome/38.0.2125.104 Safari/537.36" 
58.220.12.217 - - [04/Apr/2016:23:35:14 -0700] "GET /self.logs/error.log.2016-04-01.gz HTTP/1.1" 200 716 "http://www.secrepo.com/self.logs/" "Mozilla/5.0 (Windows NT 5.1) AppleWebKit/537.36 (KHTML, like Gecko) Chrome/38.0.2125.104 Safari/537.36" 
58.220.12.217 - - [04/Apr/2016:23:36:09 -0700] "GET /self.logs/error.log.2016-04-01.gz HTTP/1.1" 200 716 "http://www.secrepo.com/self.logs/" "Mozilla/5.0 (Windows NT 5.1) AppleWebKit/537.36 (KHTML, like Gecko) Chrome/38.0.2125.104 Safari/537.36" 
58.220.12.217 - - [04/Apr/2016:23:37:04 -0700] "GET /self.logs/error.log.2016-04-01.gz HTTP/1.1" 200 716 "http://www.secrepo.com/self.logs/" "Mozilla/5.0 (Windows NT 5.1) AppleWebKit/537.36 (KHTML, like Gecko) Chrome/38.0.2125.104 Safari/537.36" 
58.220.12.217 - - [04/Apr/2016:23:37:59 -0700] "GET /self.logs/error.log.2016-04-01.gz HTTP/1.1" 200 716 "http://www.secrepo.com/self.logs/" "Mozilla/5.0 (Windows NT 5.1) AppleWebKit/537.36 (KHTML, like Gecko) Chrome/38.0.2125.104 Safari/537.36" 
58.220.12.217 - - [04/Apr/2016:23:38:55 -0700] "GET /self.logs/error.log.2016-04-01.gz HTTP/1.1" 200 716 "http://www.secrepo.com/self.logs/" "Mozilla/5.0 (Windows NT 5.1) AppleWebKit/537.36 (KHTML, like Gecko) Chrome/38.0.2125.104 Safari/537.36" 
58.220.12.217 - - [04/Apr/2016:23:40:48 -0700] "GET /self.logs/error.log.2016-04-01.gz HTTP/1.1" 200 716 "http://www.secrepo.com/self.logs/" "Mozilla/5.0 (Windows NT 5.1) AppleWebKit/537.36 (KHTML, like Gecko) Chrome/38.0.2125.104 Safari/537.36" 
58.220.12.217 - - [04/Apr/2016:23:41:39 -0700] "GET /self.logs/error.log.2016-04-01.gz HTTP/1.1" 200 716 "http://www.secrepo.com/self.logs/" "Mozilla/5.0 (Windows NT 5.1) AppleWebKit/537.36 (KHTML, like Gecko) Chrome/38.0.2125.104 Safari/537.36" 
58.220.12.217 - - [04/Apr/2016:23:42:34 -0700] "GET /self.logs/error.log.2016-04-01.gz HTTP/1.1" 200 716 "http://www.secrepo.com/self.logs/" "Mozilla/5.0 (Windows NT 5.1) AppleWebKit/537.36 (KHTML, like Gecko) Chrome/38.0.2125.104 Safari/537.36" 
58.220.12.217 - - [04/Apr/2016:23:44:24 -0700] "GET /self.logs/error.log.2016-04-01.gz HTTP/1.1" 200 716 "http://www.secrepo.com/self.logs/" "Mozilla/5.0 (Windows NT 5.1) AppleWebKit/537.36 (KHTML, like Gecko) Chrome/38.0.2125.104 Safari/537.36" 
58.220.12.217 - - [04/Apr/2016:23:45:19 -0700] "GET /self.logs/error.log.2016-04-01.gz HTTP/1.1" 200 716 "http://www.secrepo.com/self.logs/" "Mozilla/5.0 (Windows NT 5.1) AppleWebKit/537.36 (KHTML, like Gecko) Chrome/38.0.2125.104 Safari/537.36" 
58.220.12.217 - - [04/Apr/2016:23:46:14 -0700] "GET /self.logs/error.log.2016-04-01.gz HTTP/1.1" 200 716 "http://www.secrepo.com/self.logs/" "Mozilla/5.0 (Windows NT 5.1) AppleWebKit/537.36 (KHTML, like Gecko) Chrome/38.0.2125.104 Safari/537.36" 
58.220.12.217 - - [04/Apr/2016:23:47:09 -0700] "GET /self.logs/error.log.2016-04-01.gz HTTP/1.1" 200 716 "http://www.secrepo.com/self.logs/" "Mozilla/5.0 (Windows NT 5.1) AppleWebKit/537.36 (KHTML, like Gecko) Chrome/38.0.2125.104 Safari/537.36" 
130.185.155.82 - - [04/Apr/2016:23:47:29 -0700] "GET /wp-login.php HTTP/1.1" 404 295 "-" "Mozilla/5.0 (compatible; MSIE 9.0; Windows NT 6.1; Trident/5.0)" 
58.220.12.217 - - [04/Apr/2016:23:48:04 -0700] "GET /self.logs/error.log.2016-04-01.gz HTTP/1.1" 200 716 "http://www.secrepo.com/self.logs/" "Mozilla/5.0 (Windows NT 5.1) AppleWebKit/537.36 (KHTML, like Gecko) Chrome/38.0.2125.104 Safari/537.36" 
58.220.12.217 - - [04/Apr/2016:23:49:01 -0700] "GET /self.logs/error.log.2016-04-01.gz HTTP/1.1" 200 716 "http://www.secrepo.com/self.logs/" "Mozilla/5.0 (Windows NT 5.1) AppleWebKit/537.36 (KHTML, like Gecko) Chrome/38.0.2125.104 Safari/537.36" 
58.220.12.217 - - [04/Apr/2016:23:49:56 -0700] "GET /self.logs/error.log.2016-04-01.gz HTTP/1.1" 200 716 "http://www.secrepo.com/self.logs/" "Mozilla/5.0 (Windows NT 5.1) AppleWebKit/537.36 (KHTML, like Gecko) Chrome/38.0.2125.104 Safari/537.36" 
58.220.12.217 - - [04/Apr/2016:23:50:50 -0700] "GET /self.logs/error.log.2016-04-01.gz HTTP/1.1" 200 716 "http://www.secrepo.com/self.logs/" "Mozilla/5.0 (Windows NT 5.1) AppleWebKit/537.36 (KHTML, like Gecko) Chrome/38.0.2125.104 Safari/537.36" 
58.220.12.217 - - [04/Apr/2016:23:51:45 -0700] "GET /self.logs/error.log.2016-04-01.gz HTTP/1.1" 200 716 "http://www.secrepo.com/self.logs/" "Mozilla/5.0 (Windows NT 5.1) AppleWebKit/537.36 (KHTML, like Gecko) Chrome/38.0.2125.104 Safari/537.36" 
116.55.255.119 - - [04/Apr/2016:23:51:47 -0700] "GET /self.logs/access.log.2016-04-01.gz HTTP/1.1" 200 7609 "http://www.secrepo.com/self.logs/" "Mozilla/5.0 (Windows NT 5.1) AppleWebKit/537.36 (KHTML, like Gecko) Chrome/38.0.2125.104 Safari/537.36" 
58.220.12.217 - - [04/Apr/2016:23:52:40 -0700] "GET /self.logs/error.log.2016-04-01.gz HTTP/1.1" 200 716 "http://www.secrepo.com/self.logs/" "Mozilla/5.0 (Windows NT 5.1) AppleWebKit/537.36 (KHTML, like Gecko) Chrome/38.0.2125.104 Safari/537.36" 
61.147.94.20 - - [04/Apr/2016:23:52:45 -0700] "GET /self.logs/access.log.2015-01-17.gz HTTP/1.1" 200 3545 "http://www.secrepo.com/self.logs/" "Mozilla/5.0 (Windows NT 5.1) AppleWebKit/537.36 (KHTML, like Gecko) Chrome/38.0.2125.104 Safari/537.36" 
58.220.12.217 - - [04/Apr/2016:23:53:35 -0700] "GET /self.logs/error.log.2016-04-01.gz HTTP/1.1" 200 716 "http://www.secrepo.com/self.logs/" "Mozilla/5.0 (Windows NT 5.1) AppleWebKit/537.36 (KHTML, like Gecko) Chrome/38.0.2125.104 Safari/537.36" 
58.220.12.217 - - [04/Apr/2016:23:54:30 -0700] "GET /self.logs/error.log.2016-04-01.gz HTTP/1.1" 200 716 "http://www.secrepo.com/self.logs/" "Mozilla/5.0 (Windows NT 5.1) AppleWebKit/537.36 (KHTML, like Gecko) Chrome/38.0.2125.104 Safari/537.36" 
46.118.157.172 - - [04/Apr/2016:23:55:11 -0700] "GET /honeypot/ HTTP/1.1" 200 1077 "http://userequip.com/" "Mozilla/4.0 (compatible; MSIE 5.5; Windows 95; BCD2000)" 
46.118.157.172 - - [04/Apr/2016:23:55:11 -0700] "GET /honeypot/ HTTP/1.1" 200 1077 "http://userequip.com/" "Mozilla/4.0 (compatible; MSIE 5.5; Windows 95; BCD2000)" 
46.118.157.172 - - [04/Apr/2016:23:55:12 -0700] "GET /honeypot/ HTTP/1.1" 200 1077 "http://userequip.com/" "Mozilla/4.0 (compatible; MSIE 5.5; Windows 95; BCD2000)" 
58.220.12.217 - - [04/Apr/2016:23:55:30 -0700] "GET /self.logs/error.log.2016-04-01.gz HTTP/1.1" 200 716 "http://www.secrepo.com/self.logs/" "Mozilla/5.0 (Windows NT 5.1) AppleWebKit/537.36 (KHTML, like Gecko) Chrome/38.0.2125.104 Safari/537.36" 
58.220.12.217 - - [04/Apr/2016:23:56:22 -0700] "GET /self.logs/error.log.2016-04-01.gz HTTP/1.1" 200 716 "http://www.secrepo.com/self.logs/" "Mozilla/5.0 (Windows NT 5.1) AppleWebKit/537.36 (KHTML, like Gecko) Chrome/38.0.2125.104 Safari/537.36" 
58.220.12.217 - - [04/Apr/2016:23:57:16 -0700] "GET /self.logs/error.log.2016-04-01.gz HTTP/1.1" 200 716 "http://www.secrepo.com/self.logs/" "Mozilla/5.0 (Windows NT 5.1) AppleWebKit/537.36 (KHTML, like Gecko) Chrome/38.0.2125.104 Safari/537.36" 
115.66.71.59 - - [04/Apr/2016:23:57:42 -0700] "GET / HTTP/1.1" 200 8680 "-" "Mozilla/5.0 (Windows NT 6.1; WOW64) AppleWebKit/537.36 (KHTML, like Gecko) Chrome/49.0.2623.110 Safari/537.36" 
115.66.71.59 - - [04/Apr/2016:23:57:42 -0700] "GET /twitter-icon.png HTTP/1.1" 200 27787 "http://www.secrepo.com/" "Mozilla/5.0 (Windows NT 6.1; WOW64) AppleWebKit/537.36 (KHTML, like Gecko) Chrome/49.0.2623.110 Safari/537.36" 
115.66.71.59 - - [04/Apr/2016:23:57:42 -0700] "GET /GitHub-Mark.png HTTP/1.1" 200 7428 "http://www.secrepo.com/" "Mozilla/5.0 (Windows NT 6.1; WOW64) AppleWebKit/537.36 (KHTML, like Gecko) Chrome/49.0.2623.110 Safari/537.36" 
115.66.71.59 - - [04/Apr/2016:23:57:43 -0700] "GET /bootstrap/img/favicon.ico HTTP/1.1" 200 589 "http://www.secrepo.com/" "Mozilla/5.0 (Windows NT 6.1; WOW64) AppleWebKit/537.36 (KHTML, like Gecko) Chrome/49.0.2623.110 Safari/537.36" 
58.220.12.217 - - [04/Apr/2016:23:58:11 -0700] "GET /self.logs/error.log.2016-04-01.gz HTTP/1.1" 200 716 "http://www.secrepo.com/self.logs/" "Mozilla/5.0 (Windows NT 5.1) AppleWebKit/537.36 (KHTML, like Gecko) Chrome/38.0.2125.104 Safari/537.36" 
58.220.12.217 - - [04/Apr/2016:23:59:05 -0700] "GET /self.logs/error.log.2016-04-01.gz HTTP/1.1" 200 716 "http://www.secrepo.com/self.logs/" "Mozilla/5.0 (Windows NT 5.1) AppleWebKit/537.36 (KHTML, like Gecko) Chrome/38.0.2125.104 Safari/537.36" 
115.66.71.59 - - [04/Apr/2016:23:58:19 -0700] "GET /maccdc2012/http.log.gz HTTP/1.1" 200 54258816 "http://www.secrepo.com/" "Mozilla/5.0 (Windows NT 6.1; WOW64) AppleWebKit/537.36 (KHTML, like Gecko) Chrome/49.0.2623.110 Safari/537.36" 
115.66.71.59 - - [04/Apr/2016:23:58:12 -0700] "GET /maccdc2012/files.log.gz HTTP/1.1" 200 51408672 "http://www.secrepo.com/" "Mozilla/5.0 (Windows NT 6.1; WOW64) AppleWebKit/537.36 (KHTML, like Gecko) Chrome/49.0.2623.110 Safari/537.36" 
58.220.12.217 - - [05/Apr/2016:00:00:01 -0700] "GET /self.logs/error.log.2016-04-01.gz HTTP/1.1" 200 716 "http://www.secrepo.com/self.logs/" "Mozilla/5.0 (Windows NT 5.1) AppleWebKit/537.36 (KHTML, like Gecko) Chrome/38.0.2125.104 Safari/537.36" 
58.220.12.217 - - [05/Apr/2016:00:00:55 -0700] "GET /self.logs/error.log.2016-04-01.gz HTTP/1.1" 200 716 "http://www.secrepo.com/self.logs/" "Mozilla/5.0 (Windows NT 5.1) AppleWebKit/537.36 (KHTML, like Gecko) Chrome/38.0.2125.104 Safari/537.36" 
58.220.12.217 - - [05/Apr/2016:00:01:50 -0700] "GET /self.logs/error.log.2016-04-01.gz HTTP/1.1" 200 716 "http://www.secrepo.com/self.logs/" "Mozilla/5.0 (Windows NT 5.1) AppleWebKit/537.36 (KHTML, like Gecko) Chrome/38.0.2125.104 Safari/537.36" 
212.98.207.134 - - [05/Apr/2016:00:02:20 -0700] "GET /bootstrap/img/favicon.ico HTTP/1.1" 200 590 "-" "Mozilla/5.0 (Windows NT 10.0; Win64; x64; rv:45.0) Gecko/20100101 Firefox/45.0" 
58.220.12.217 - - [05/Apr/2016:00:02:45 -0700] "GET /self.logs/error.log.2016-04-01.gz HTTP/1.1" 200 716 "http://www.secrepo.com/self.logs/" "Mozilla/5.0 (Windows NT 5.1) AppleWebKit/537.36 (KHTML, like Gecko) Chrome/38.0.2125.104 Safari/537.36" 
58.220.12.217 - - [05/Apr/2016:00:03:41 -0700] "GET /self.logs/error.log.2016-04-01.gz HTTP/1.1" 200 716 "http://www.secrepo.com/self.logs/" "Mozilla/5.0 (Windows NT 5.1) AppleWebKit/537.36 (KHTML, like Gecko) Chrome/38.0.2125.104 Safari/537.36" 
58.220.12.217 - - [05/Apr/2016:00:04:36 -0700] "GET /self.logs/error.log.2016-04-01.gz HTTP/1.1" 200 716 "http://www.secrepo.com/self.logs/" "Mozilla/5.0 (Windows NT 5.1) AppleWebKit/537.36 (KHTML, like Gecko) Chrome/38.0.2125.104 Safari/537.36" 
58.220.12.217 - - [05/Apr/2016:00:05:31 -0700] "GET /self.logs/error.log.2016-04-01.gz HTTP/1.1" 200 716 "http://www.secrepo.com/self.logs/" "Mozilla/5.0 (Windows NT 5.1) AppleWebKit/537.36 (KHTML, like Gecko) Chrome/38.0.2125.104 Safari/537.36" 
58.220.12.217 - - [05/Apr/2016:00:06:26 -0700] "GET /self.logs/error.log.2016-04-01.gz HTTP/1.1" 200 716 "http://www.secrepo.com/self.logs/" "Mozilla/5.0 (Windows NT 5.1) AppleWebKit/537.36 (KHTML, like Gecko) Chrome/38.0.2125.104 Safari/537.36" 
58.220.12.217 - - [05/Apr/2016:00:07:20 -0700] "GET /self.logs/error.log.2016-04-01.gz HTTP/1.1" 200 716 "http://www.secrepo.com/self.logs/" "Mozilla/5.0 (Windows NT 5.1) AppleWebKit/537.36 (KHTML, like Gecko) Chrome/38.0.2125.104 Safari/537.36" 
58.220.12.217 - - [05/Apr/2016:00:08:19 -0700] "GET /self.logs/error.log.2016-04-01.gz HTTP/1.1" 200 716 "http://www.secrepo.com/self.logs/" "Mozilla/5.0 (Windows NT 5.1) AppleWebKit/537.36 (KHTML, like Gecko) Chrome/38.0.2125.104 Safari/537.36" 
58.220.12.217 - - [05/Apr/2016:00:09:11 -0700] "GET /self.logs/error.log.2016-04-01.gz HTTP/1.1" 200 716 "http://www.secrepo.com/self.logs/" "Mozilla/5.0 (Windows NT 5.1) AppleWebKit/537.36 (KHTML, like Gecko) Chrome/38.0.2125.104 Safari/537.36" 
58.220.12.217 - - [05/Apr/2016:00:10:06 -0700] "GET /self.logs/error.log.2016-04-01.gz HTTP/1.1" 200 716 "http://www.secrepo.com/self.logs/" "Mozilla/5.0 (Windows NT 5.1) AppleWebKit/537.36 (KHTML, like Gecko) Chrome/38.0.2125.104 Safari/537.36" 
27.251.37.42 - - [05/Apr/2016:00:10:18 -0700] "GET / HTTP/1.1" 200 8680 "-" "Mozilla/5.0 (Windows NT 6.1; WOW64; rv:45.0) Gecko/20100101 Firefox/45.0" 
27.251.37.42 - - [05/Apr/2016:00:10:19 -0700] "GET /bootstrap/img/favicon.ico HTTP/1.1" 200 589 "-" "Mozilla/5.0 (Windows NT 6.1; WOW64; rv:45.0) Gecko/20100101 Firefox/45.0" 
27.251.37.42 - - [05/Apr/2016:00:10:20 -0700] "GET /twitter-icon.png HTTP/1.1" 200 27787 "http://www.secrepo.com/" "Mozilla/5.0 (Windows NT 6.1; WOW64; rv:45.0) Gecko/20100101 Firefox/45.0" 
27.251.37.42 - - [05/Apr/2016:00:10:20 -0700] "GET /GitHub-Mark.png HTTP/1.1" 200 7428 "http://www.secrepo.com/" "Mozilla/5.0 (Windows NT 6.1; WOW64; rv:45.0) Gecko/20100101 Firefox/45.0" 
58.220.12.217 - - [05/Apr/2016:00:11:01 -0700] "GET /self.logs/error.log.2016-04-01.gz HTTP/1.1" 200 716 "http://www.secrepo.com/self.logs/" "Mozilla/5.0 (Windows NT 5.1) AppleWebKit/537.36 (KHTML, like Gecko) Chrome/38.0.2125.104 Safari/537.36" 
58.220.12.217 - - [05/Apr/2016:00:11:56 -0700] "GET /self.logs/error.log.2016-04-01.gz HTTP/1.1" 200 716 "http://www.secrepo.com/self.logs/" "Mozilla/5.0 (Windows NT 5.1) AppleWebKit/537.36 (KHTML, like Gecko) Chrome/38.0.2125.104 Safari/537.36" 
58.220.12.217 - - [05/Apr/2016:00:12:51 -0700] "GET /self.logs/error.log.2016-04-01.gz HTTP/1.1" 200 716 "http://www.secrepo.com/self.logs/" "Mozilla/5.0 (Windows NT 5.1) AppleWebKit/537.36 (KHTML, like Gecko) Chrome/38.0.2125.104 Safari/537.36" 
218.200.66.203 - - [05/Apr/2016:00:13:20 -0700] "GET /tg/a.zip HTTP/1.1" 304 132 "-" "Mozilla/5.0 Gecko/20100115 Firefox/3.6" 
58.220.12.217 - - [05/Apr/2016:00:13:47 -0700] "GET /self.logs/error.log.2016-04-01.gz HTTP/1.1" 200 716 "http://www.secrepo.com/self.logs/" "Mozilla/5.0 (Windows NT 5.1) AppleWebKit/537.36 (KHTML, like Gecko) Chrome/38.0.2125.104 Safari/537.36" 
58.220.12.217 - - [05/Apr/2016:00:14:41 -0700] "GET /self.logs/error.log.2016-04-01.gz HTTP/1.1" 200 716 "http://www.secrepo.com/self.logs/" "Mozilla/5.0 (Windows NT 5.1) AppleWebKit/537.36 (KHTML, like Gecko) Chrome/38.0.2125.104 Safari/537.36" 
58.220.12.217 - - [05/Apr/2016:00:15:36 -0700] "GET /self.logs/error.log.2016-04-01.gz HTTP/1.1" 200 716 "http://www.secrepo.com/self.logs/" "Mozilla/5.0 (Windows NT 5.1) AppleWebKit/537.36 (KHTML, like Gecko) Chrome/38.0.2125.104 Safari/537.36" 
58.220.12.217 - - [05/Apr/2016:00:16:35 -0700] "GET /self.logs/error.log.2016-04-01.gz HTTP/1.1" 200 716 "http://www.secrepo.com/self.logs/" "Mozilla/5.0 (Windows NT 5.1) AppleWebKit/537.36 (KHTML, like Gecko) Chrome/38.0.2125.104 Safari/537.36" 
117.177.241.60 - - [05/Apr/2016:00:16:46 -0700] "GET /tg/a.zip HTTP/1.1" 304 132 "-" "Mozilla/5.0 Gecko/20100115 Firefox/3.6" 
58.220.12.217 - - [05/Apr/2016:00:17:31 -0700] "GET /self.logs/error.log.2016-04-01.gz HTTP/1.1" 200 716 "http://www.secrepo.com/self.logs/" "Mozilla/5.0 (Windows NT 5.1) AppleWebKit/537.36 (KHTML, like Gecko) Chrome/38.0.2125.104 Safari/537.36" 
58.220.12.217 - - [05/Apr/2016:00:18:27 -0700] "GET /self.logs/error.log.2016-04-01.gz HTTP/1.1" 200 716 "http://www.secrepo.com/self.logs/" "Mozilla/5.0 (Windows NT 5.1) AppleWebKit/537.36 (KHTML, like Gecko) Chrome/38.0.2125.104 Safari/537.36" 
58.220.12.217 - - [05/Apr/2016:00:19:22 -0700] "GET /self.logs/error.log.2016-04-01.gz HTTP/1.1" 200 716 "http://www.secrepo.com/self.logs/" "Mozilla/5.0 (Windows NT 5.1) AppleWebKit/537.36 (KHTML, like Gecko) Chrome/38.0.2125.104 Safari/537.36" 
58.220.12.217 - - [05/Apr/2016:00:20:16 -0700] "GET /self.logs/error.log.2016-04-01.gz HTTP/1.1" 200 716 "http://www.secrepo.com/self.logs/" "Mozilla/5.0 (Windows NT 5.1) AppleWebKit/537.36 (KHTML, like Gecko) Chrome/38.0.2125.104 Safari/537.36" 
157.55.39.89 - - [05/Apr/2016:00:20:38 -0700] "GET /self.logs/access.log.2015-01-26.gz HTTP/1.1" 301 546 "-" "Mozilla/5.0 (compatible; bingbot/2.0; +http://www.bing.com/bingbot.htm)" 
58.220.12.217 - - [05/Apr/2016:00:21:11 -0700] "GET /self.logs/error.log.2016-04-01.gz HTTP/1.1" 200 716 "http://www.secrepo.com/self.logs/" "Mozilla/5.0 (Windows NT 5.1) AppleWebKit/537.36 (KHTML, like Gecko) Chrome/38.0.2125.104 Safari/537.36" 
58.220.12.217 - - [05/Apr/2016:00:22:06 -0700] "GET /self.logs/error.log.2016-04-01.gz HTTP/1.1" 200 716 "http://www.secrepo.com/self.logs/" "Mozilla/5.0 (Windows NT 5.1) AppleWebKit/537.36 (KHTML, like Gecko) Chrome/38.0.2125.104 Safari/537.36" 
58.220.12.217 - - [05/Apr/2016:00:23:01 -0700] "GET /self.logs/error.log.2016-04-01.gz HTTP/1.1" 200 716 "http://www.secrepo.com/self.logs/" "Mozilla/5.0 (Windows NT 5.1) AppleWebKit/537.36 (KHTML, like Gecko) Chrome/38.0.2125.104 Safari/537.36" 
58.220.12.217 - - [05/Apr/2016:00:23:57 -0700] "GET /self.logs/error.log.2016-04-01.gz HTTP/1.1" 200 716 "http://www.secrepo.com/self.logs/" "Mozilla/5.0 (Windows NT 5.1) AppleWebKit/537.36 (KHTML, like Gecko) Chrome/38.0.2125.104 Safari/537.36" 
58.220.12.217 - - [05/Apr/2016:00:24:55 -0700] "GET /self.logs/error.log.2016-04-01.gz HTTP/1.1" 200 716 "http://www.secrepo.com/self.logs/" "Mozilla/5.0 (Windows NT 5.1) AppleWebKit/537.36 (KHTML, like Gecko) Chrome/38.0.2125.104 Safari/537.36" 
58.220.12.217 - - [05/Apr/2016:00:25:47 -0700] "GET /self.logs/error.log.2016-04-01.gz HTTP/1.1" 200 716 "http://www.secrepo.com/self.logs/" "Mozilla/5.0 (Windows NT 5.1) AppleWebKit/537.36 (KHTML, like Gecko) Chrome/38.0.2125.104 Safari/537.36" 
117.190.191.170 - - [05/Apr/2016:00:26:24 -0700] "GET /tg/a.zip HTTP/1.1" 304 132 "-" "Mozilla/5.0 Gecko/20100115 Firefox/3.6" 
58.220.12.217 - - [05/Apr/2016:00:26:41 -0700] "GET /self.logs/error.log.2016-04-01.gz HTTP/1.1" 200 716 "http://www.secrepo.com/self.logs/" "Mozilla/5.0 (Windows NT 5.1) AppleWebKit/537.36 (KHTML, like Gecko) Chrome/38.0.2125.104 Safari/537.36" 
58.220.12.217 - - [05/Apr/2016:00:27:37 -0700] "GET /self.logs/error.log.2016-04-01.gz HTTP/1.1" 200 716 "http://www.secrepo.com/self.logs/" "Mozilla/5.0 (Windows NT 5.1) AppleWebKit/537.36 (KHTML, like Gecko) Chrome/38.0.2125.104 Safari/537.36" 
58.220.12.217 - - [05/Apr/2016:00:28:31 -0700] "GET /self.logs/error.log.2016-04-01.gz HTTP/1.1" 200 716 "http://www.secrepo.com/self.logs/" "Mozilla/5.0 (Windows NT 5.1) AppleWebKit/537.36 (KHTML, like Gecko) Chrome/38.0.2125.104 Safari/537.36" 
58.220.12.217 - - [05/Apr/2016:00:30:21 -0700] "GET /self.logs/error.log.2016-04-01.gz HTTP/1.1" 200 716 "http://www.secrepo.com/self.logs/" "Mozilla/5.0 (Windows NT 5.1) AppleWebKit/537.36 (KHTML, like Gecko) Chrome/38.0.2125.104 Safari/537.36" 
58.220.12.217 - - [05/Apr/2016:00:31:16 -0700] "GET /self.logs/error.log.2016-04-01.gz HTTP/1.1" 200 716 "http://www.secrepo.com/self.logs/" "Mozilla/5.0 (Windows NT 5.1) AppleWebKit/537.36 (KHTML, like Gecko) Chrome/38.0.2125.104 Safari/537.36" 
58.220.12.217 - - [05/Apr/2016:00:32:11 -0700] "GET /self.logs/error.log.2016-04-01.gz HTTP/1.1" 200 716 "http://www.secrepo.com/self.logs/" "Mozilla/5.0 (Windows NT 5.1) AppleWebKit/537.36 (KHTML, like Gecko) Chrome/38.0.2125.104 Safari/537.36" 
58.220.12.217 - - [05/Apr/2016:00:33:10 -0700] "GET /self.logs/error.log.2016-04-01.gz HTTP/1.1" 200 716 "http://www.secrepo.com/self.logs/" "Mozilla/5.0 (Windows NT 5.1) AppleWebKit/537.36 (KHTML, like Gecko) Chrome/38.0.2125.104 Safari/537.36" 
58.220.12.217 - - [05/Apr/2016:00:34:01 -0700] "GET /self.logs/error.log.2016-04-01.gz HTTP/1.1" 200 716 "http://www.secrepo.com/self.logs/" "Mozilla/5.0 (Windows NT 5.1) AppleWebKit/537.36 (KHTML, like Gecko) Chrome/38.0.2125.104 Safari/537.36" 
58.220.12.217 - - [05/Apr/2016:00:39:25 -0700] "GET /self.logs/error.log.2016-04-01.gz HTTP/1.1" 200 716 "http://www.secrepo.com/self.logs/" "Mozilla/5.0 (Windows NT 5.1) AppleWebKit/537.36 (KHTML, like Gecko) Chrome/38.0.2125.104 Safari/537.36" 
58.220.12.217 - - [05/Apr/2016:00:39:28 -0700] "GET /self.logs/error.log.2016-04-01.gz HTTP/1.1" 200 716 "http://www.secrepo.com/self.logs/" "Mozilla/5.0 (Windows NT 5.1) AppleWebKit/537.36 (KHTML, like Gecko) Chrome/38.0.2125.104 Safari/537.36" 
58.220.12.217 - - [05/Apr/2016:00:39:28 -0700] "GET /self.logs/error.log.2016-04-01.gz HTTP/1.1" 200 716 "http://www.secrepo.com/self.logs/" "Mozilla/5.0 (Windows NT 5.1) AppleWebKit/537.36 (KHTML, like Gecko) Chrome/38.0.2125.104 Safari/537.36" 
69.30.218.166 - - [05/Apr/2016:00:51:41 -0700] "GET /robots.txt HTTP/1.0" 200 252 "-" "Mozilla/5.0 (compatible; MJ12bot/v1.4.5; http://www.majestic12.co.uk/bot.php?+)" 
69.30.218.166 - - [05/Apr/2016:00:51:42 -0700] "GET /self.logs/?C=D;O=D HTTP/1.0" 200 84885 "-" "Mozilla/5.0 (compatible; MJ12bot/v1.4.5; http://www.majestic12.co.uk/bot.php?+)" 
69.30.218.166 - - [05/Apr/2016:00:51:44 -0700] "GET /self.logs/?C=N;O=A HTTP/1.0" 200 9277 "-" "Mozilla/5.0 (compatible; MJ12bot/v1.4.5; http://www.majestic12.co.uk/bot.php?+)" 
116.55.255.119 - - [05/Apr/2016:00:57:00 -0700] "GET /self.logs/access.log.2016-04-01.gz HTTP/1.1" 200 7609 "http://www.secrepo.com/self.logs/" "Mozilla/5.0 (Windows NT 5.1) AppleWebKit/537.36 (KHTML, like Gecko) Chrome/38.0.2125.104 Safari/537.36" 
111.23.4.148 - - [05/Apr/2016:00:57:41 -0700] "GET /tg/a.zip HTTP/1.1" 304 132 "-" "Mozilla/5.0 Gecko/20100115 Firefox/3.6" 
61.147.94.20 - - [05/Apr/2016:00:57:56 -0700] "GET /self.logs/access.log.2015-01-17.gz HTTP/1.1" 200 3545 "http://www.secrepo.com/self.logs/" "Mozilla/5.0 (Windows NT 5.1) AppleWebKit/537.36 (KHTML, like Gecko) Chrome/38.0.2125.104 Safari/537.36" 
210.245.86.220 - - [05/Apr/2016:01:09:35 -0700] "GET / HTTP/1.1" 304 189 "https://www.google.com/" "Mozilla/5.0 (Windows NT 10.0; WOW64) AppleWebKit/537.36 (KHTML, like Gecko) Chrome/49.0.2623.110 Safari/537.36" 
95.128.91.242 - - [05/Apr/2016:01:19:36 -0700] "GET / HTTP/1.1" 200 8680 "-" "Mozilla/5.0 (Windows NT 6.1; WOW64; rv:38.0) Gecko/20100101 Firefox/38.0" 
95.128.91.242 - - [05/Apr/2016:01:19:36 -0700] "GET /bootstrap/img/favicon.ico HTTP/1.1" 200 589 "-" "Mozilla/5.0 (Windows NT 6.1; WOW64; rv:38.0) Gecko/20100101 Firefox/38.0" 
95.128.91.242 - - [05/Apr/2016:01:19:36 -0700] "GET /twitter-icon.png HTTP/1.1" 200 27787 "http://www.secrepo.com/" "Mozilla/5.0 (Windows NT 6.1; WOW64; rv:38.0) Gecko/20100101 Firefox/38.0" 
95.128.91.242 - - [05/Apr/2016:01:19:36 -0700] "GET /GitHub-Mark.png HTTP/1.1" 200 7428 "http://www.secrepo.com/" "Mozilla/5.0 (Windows NT 6.1; WOW64; rv:38.0) Gecko/20100101 Firefox/38.0" 
134.249.55.71 - - [05/Apr/2016:01:23:36 -0700] "GET /wp-login.php HTTP/1.1" 404 303 "-" "-" 
134.249.55.71 - - [05/Apr/2016:01:23:36 -0700] "GET /administrator/index.php HTTP/1.1" 404 303 "-" "-" 
134.249.55.71 - - [05/Apr/2016:01:23:36 -0700] "GET / HTTP/1.1" 200 8643 "-" "-" 
51.255.65.40 - - [05/Apr/2016:01:39:20 -0700] "GET /self.logs/access.log.2015-02-03.gz HTTP/1.1" 200 5660 "-" "Mozilla/5.0 (compatible; AhrefsBot/5.1; +http://ahrefs.com/robot/)" 
121.43.113.98 - - [05/Apr/2016:01:44:28 -0700] "GET /honeypot/Honeypot%20-%20Howto%20-%20BSides%20Austin.pdf HTTP/1.1" 200 2928404 "-" "Mozilla/4.0 (compatible; MSIE 6.0; Windows NT 5.1)" 
58.220.12.217 - - [05/Apr/2016:01:44:34 -0700] "GET /self.logs/error.log.2016-04-01.gz HTTP/1.1" 200 716 "http://www.secrepo.com/self.logs/" "Mozilla/5.0 (Windows NT 5.1) AppleWebKit/537.36 (KHTML, like Gecko) Chrome/38.0.2125.104 Safari/537.36" 
121.43.113.98 - - [05/Apr/2016:01:44:28 -0700] "GET /honeypot/Honeypot%20-%20Howto%20-%20BSides%20Austin.pdf HTTP/1.1" 200 2928460 "-" "Mozilla/4.0 (compatible; MSIE 6.0; Windows NT 5.1)" 
