202.103.46.69 - - [13/Apr/2017:19:53:15 -0700] "GET / HTTP/1.1" 200 10792 "-" "Mozilla/5.0 (Windows NT 6.1; Trident/7.0; rv:11.0) like Gecko" 
202.103.46.69 - - [13/Apr/2017:19:53:15 -0700] "GET /twitter-icon.png HTTP/1.1" 200 27787 "http://www.secrepo.com/" "Mozilla/5.0 (Windows NT 6.1; Trident/7.0; rv:11.0) like Gecko" 
202.103.46.69 - - [13/Apr/2017:19:53:15 -0700] "GET /GitHub-Mark.png HTTP/1.1" 200 7428 "http://www.secrepo.com/" "Mozilla/5.0 (Windows NT 6.1; Trident/7.0; rv:11.0) like Gecko" 
184.90.214.237 - - [13/Apr/2017:19:53:24 -0700] "GET /wp-login.php HTTP/1.1" 404 295 "-" "Mozilla/5.0 (Windows NT 6.1; WOW64; rv:40.0) Gecko/20100101 Firefox/40.1" 
184.90.214.237 - - [13/Apr/2017:19:53:29 -0700] "GET /wp-login.php HTTP/1.1" 404 295 "-" "Mozilla/5.0 (Windows NT 6.1; WOW64; rv:40.0) Gecko/20100101 Firefox/40.1" 
184.90.214.237 - - [13/Apr/2017:19:53:34 -0700] "GET / HTTP/1.1" 200 36475 "-" "Mozilla/5.0 (Windows NT 6.1; WOW64; rv:40.0) Gecko/20100101 Firefox/40.1" 
101.226.125.16 - - [13/Apr/2017:19:53:35 -0700] "GET / HTTP/1.1" 200 10792 "-" "Mozilla/5.0 (Macintosh; Intel Mac OS X 10_12_4) AppleWebKit/537.36 (KHTML, like Gecko) \t\t\tChrome/55.0.2883.95 Safari/537.36" 
202.103.46.69 - - [13/Apr/2017:19:54:09 -0700] "GET /data HTTP/1.1" 404 340 "http://www.secrepo.com/" "Mozilla/5.0 (Windows NT 6.1; Trident/7.0; rv:11.0) like Gecko" 
202.103.46.69 - - [13/Apr/2017:19:54:15 -0700] "GET /data HTTP/1.1" 404 340 "http://www.secrepo.com/" "Mozilla/5.0 (Windows NT 6.1; Trident/7.0; rv:11.0) like Gecko" 
117.185.27.115 - - [13/Apr/2017:19:54:19 -0700] "GET /data HTTP/1.1" 404 340 "-" "Mozilla/5.0 (Windows NT 6.1; WOW64) AppleWebKit/537.36 (KHTML, like Gecko) Chrome/43.0.2357.124 Safari/537.36" 
101.226.33.220 - - [13/Apr/2017:19:54:20 -0700] "GET /data HTTP/1.1" 404 340 "-" "Mozilla/5.0 (Windows NT 6.1; WOW64) AppleWebKit/537.36 (KHTML, like Gecko) Chrome/43.0.2357.124 Safari/537.36" 
91.228.167.89 - - [13/Apr/2017:19:55:26 -0700] "GET / HTTP/1.0" 200 36464 "https://socialmediascanner.eset.com" "Mozilla/5.0 (Windows NT 6.1) AppleWebKit/537.36 (KHTML, like Gecko) Chrome/31.0.1650.16 Safari/537.36" 
217.182.132.92 - - [13/Apr/2017:19:56:34 -0700] "GET /self.logs/error.log.2016-03-10.gz HTTP/1.1" 200 804 "-" "Mozilla/5.0 (compatible; AhrefsBot/5.2; +http://ahrefs.com/robot/)" 
40.77.167.131 - - [13/Apr/2017:19:56:34 -0700] "GET /self.logs/error.log.2015-08-11.gz HTTP/1.1" 200 835 "-" "msnbot-media/1.1 (+http://search.msn.com/msnbot.htm)" 
180.76.15.26 - - [13/Apr/2017:20:02:07 -0700] "GET /honeypot/Honeypot%20-%20Howto.pdf HTTP/1.1" 200 873080 "-" "Mozilla/5.0 (compatible; Baiduspider/2.0; +http://www.baidu.com/search/spider.html)" 
121.120.86.182 - - [13/Apr/2017:20:02:24 -0700] "GET /wp-login.php HTTP/1.1" 404 295 "-" "Mozilla/5.0 (Windows NT 6.1; WOW64; rv:40.0) Gecko/20100101 Firefox/40.1" 
121.120.86.182 - - [13/Apr/2017:20:02:30 -0700] "GET /wp-login.php HTTP/1.1" 404 295 "-" "Mozilla/5.0 (Windows NT 6.1; WOW64; rv:40.0) Gecko/20100101 Firefox/40.1" 
121.120.86.182 - - [13/Apr/2017:20:02:35 -0700] "GET / HTTP/1.1" 200 36475 "-" "Mozilla/5.0 (Windows NT 6.1; WOW64; rv:40.0) Gecko/20100101 Firefox/40.1" 
216.244.66.227 - - [13/Apr/2017:20:07:07 -0700] "GET /robots.txt HTTP/1.1" 200 233 "-" "Mozilla/5.0 (compatible; DotBot/1.1; http://www.opensiteexplorer.org/dotbot, help@moz.com)" 
216.244.66.227 - - [13/Apr/2017:20:09:01 -0700] "GET /self.logs/access.log.2016-03-08.gz HTTP/1.1" 200 8096 "-" "Mozilla/5.0 (compatible; DotBot/1.1; http://www.opensiteexplorer.org/dotbot, help@moz.com)" 
217.182.132.86 - - [13/Apr/2017:20:10:37 -0700] "GET /self.logs/access.log.2016-10-20.gz HTTP/1.1" 200 8458 "-" "Mozilla/5.0 (compatible; AhrefsBot/5.2; +http://ahrefs.com/robot/)" 
71.198.27.146 - - [13/Apr/2017:20:13:15 -0700] "GET / HTTP/1.1" 200 10792 "-" "Mozilla/5.0 (Macintosh; Intel Mac OS X 10_12_5) AppleWebKit/603.2.2 (KHTML, like Gecko)" 
71.198.27.146 - - [13/Apr/2017:20:13:15 -0700] "GET /apple-touch-icon-precomposed.png HTTP/1.1" 404 340 "-" "Safari/12603.2.2 CFNetwork/811.5.2 Darwin/16.6.0 (x86_64)" 
71.198.27.146 - - [13/Apr/2017:20:13:15 -0700] "GET /apple-touch-icon.png HTTP/1.1" 404 339 "-" "Safari/12603.2.2 CFNetwork/811.5.2 Darwin/16.6.0 (x86_64)" 
71.198.27.146 - - [13/Apr/2017:20:13:15 -0700] "GET / HTTP/1.1" 200 10791 "-" "Mozilla/5.0 (iPhone; CPU iPhone OS 10_0 like Mac OS X) AppleWebKit/602.1.38 (KHTML, like Gecko) Version/10.0 Mobile/14A300 Safari/602.1" 
71.198.27.146 - - [13/Apr/2017:20:13:16 -0700] "GET /apple-touch-icon-precomposed.png HTTP/1.1" 404 339 "-" "Safari/12603.2.2 CFNetwork/811.5.2 Darwin/16.6.0 (x86_64)" 
71.198.27.146 - - [13/Apr/2017:20:13:16 -0700] "GET /apple-touch-icon.png HTTP/1.1" 404 339 "-" "Safari/12603.2.2 CFNetwork/811.5.2 Darwin/16.6.0 (x86_64)" 
101.55.71.36 - - [13/Apr/2017:20:14:35 -0700] "GET / HTTP/1.1" 200 10792 "https://www.google.co.kr/" "Mozilla/5.0 (X11; Linux x86_64) AppleWebKit/537.36 (KHTML, like Gecko) Chrome/57.0.2987.133 Safari/537.36" 
101.55.71.36 - - [13/Apr/2017:20:14:36 -0700] "GET /twitter-icon.png HTTP/1.1" 200 27787 "http://www.secrepo.com/" "Mozilla/5.0 (X11; Linux x86_64) AppleWebKit/537.36 (KHTML, like Gecko) Chrome/57.0.2987.133 Safari/537.36" 
101.55.71.36 - - [13/Apr/2017:20:14:37 -0700] "GET /GitHub-Mark.png HTTP/1.1" 200 7428 "http://www.secrepo.com/" "Mozilla/5.0 (X11; Linux x86_64) AppleWebKit/537.36 (KHTML, like Gecko) Chrome/57.0.2987.133 Safari/537.36" 
101.55.71.36 - - [13/Apr/2017:20:14:40 -0700] "GET /bootstrap/img/favicon.ico HTTP/1.1" 200 590 "http://www.secrepo.com/" "Mozilla/5.0 (X11; Linux x86_64) AppleWebKit/537.36 (KHTML, like Gecko) Chrome/57.0.2987.133 Safari/537.36" 
195.43.95.196 - - [13/Apr/2017:20:16:55 -0700] "GET /honeypot/Honeypot%20-%20Howto.pdf HTTP/1.1" 200 800080 "https://www.google.com.hk/" "Mozilla/5.0 (Windows NT 6.1; WOW64) AppleWebKit/537.36 (KHTML, like Gecko) Chrome/53.0.2785.104 Safari/537.36 Core/1.53.2372.400 QQBrowser/9.5.10548.400" 
195.43.95.196 - - [13/Apr/2017:20:16:57 -0700] "GET /favicon.ico HTTP/1.1" 200 212 "http://www.secrepo.com/honeypot/Honeypot%20-%20Howto.pdf" "Mozilla/5.0 (Windows NT 6.1; WOW64) AppleWebKit/537.36 (KHTML, like Gecko) Chrome/53.0.2785.104 Safari/537.36 Core/1.53.2372.400 QQBrowser/9.5.10548.400" 
195.43.95.196 - - [13/Apr/2017:20:16:57 -0700] "GET /honeypot/Honeypot%20-%20Howto.pdf HTTP/1.1" 206 1194889 "http://www.secrepo.com/honeypot/Honeypot%20-%20Howto.pdf" "Mozilla/5.0 (Windows NT 6.1; WOW64) AppleWebKit/537.36 (KHTML, like Gecko) Chrome/53.0.2785.104 Safari/537.36 Core/1.53.2372.400 QQBrowser/9.5.10548.400" 
180.163.2.88 - - [13/Apr/2017:20:17:04 -0700] "GET /honeypot/Honeypot-Howto.pdf HTTP/1.1" 404 340 "blank" "Mozilla/5.0 (Windows NT 6.1; WOW64) AppleWebKit/537.36 (KHTML, like Gecko) Chrome/56.0.2924.87 Safari/537.36" 
61.48.40.26 - - [13/Apr/2017:20:25:36 -0700] "GET / HTTP/1.1" 301 483 "http://www.freebuf.com/articles/network/131279.html" "Mozilla/5.0 (Windows NT 6.1; WOW64; rv:52.0) Gecko/20100101 Firefox/52.0" 
61.48.40.26 - - [13/Apr/2017:20:25:37 -0700] "GET / HTTP/1.1" 200 10792 "http://www.freebuf.com/articles/network/131279.html" "Mozilla/5.0 (Windows NT 6.1; WOW64; rv:52.0) Gecko/20100101 Firefox/52.0" 
61.48.40.26 - - [13/Apr/2017:20:25:38 -0700] "GET /bootstrap/img/favicon.ico HTTP/1.1" 200 589 "-" "Mozilla/5.0 (Windows NT 6.1; WOW64; rv:52.0) Gecko/20100101 Firefox/52.0" 
61.48.40.26 - - [13/Apr/2017:20:25:38 -0700] "GET /twitter-icon.png HTTP/1.1" 200 27787 "http://www.secrepo.com/" "Mozilla/5.0 (Windows NT 6.1; WOW64; rv:52.0) Gecko/20100101 Firefox/52.0" 
61.48.40.26 - - [13/Apr/2017:20:25:38 -0700] "GET /GitHub-Mark.png HTTP/1.1" 200 7428 "http://www.secrepo.com/" "Mozilla/5.0 (Windows NT 6.1; WOW64; rv:52.0) Gecko/20100101 Firefox/52.0" 
216.244.66.227 - - [13/Apr/2017:20:34:34 -0700] "GET /robots.txt HTTP/1.1" 200 233 "-" "Mozilla/5.0 (compatible; DotBot/1.1; http://www.opensiteexplorer.org/dotbot, help@moz.com)" 
216.244.66.227 - - [13/Apr/2017:20:35:52 -0700] "GET /self.logs/access.log.2016-06-21.gz HTTP/1.1" 200 8935 "-" "Mozilla/5.0 (compatible; DotBot/1.1; http://www.opensiteexplorer.org/dotbot, help@moz.com)" 
149.56.135.24 - - [13/Apr/2017:20:37:43 -0700] "GET / HTTP/1.1" 200 10792 "-" "SocialRankIOBot; http://socialrank.io/about" 
184.90.214.237 - - [13/Apr/2017:20:38:27 -0700] "GET /wp-login.php HTTP/1.1" 301 522 "-" "Mozilla/5.0 (Windows NT 6.1; WOW64; rv:40.0) Gecko/20100101 Firefox/40.1" 
184.90.214.237 - - [13/Apr/2017:20:38:27 -0700] "GET /wp-login.php HTTP/1.1" 404 295 "-" "Mozilla/5.0 (Windows NT 6.1; WOW64; rv:40.0) Gecko/20100101 Firefox/40.1" 
184.90.214.237 - - [13/Apr/2017:20:38:32 -0700] "GET /wp-login.php HTTP/1.1" 301 522 "-" "Mozilla/5.0 (Windows NT 6.1; WOW64; rv:40.0) Gecko/20100101 Firefox/40.1" 
184.90.214.237 - - [13/Apr/2017:20:38:32 -0700] "GET /wp-login.php HTTP/1.1" 404 295 "-" "Mozilla/5.0 (Windows NT 6.1; WOW64; rv:40.0) Gecko/20100101 Firefox/40.1" 
184.90.214.237 - - [13/Apr/2017:20:38:37 -0700] "GET / HTTP/1.1" 301 498 "-" "Mozilla/5.0 (Windows NT 6.1; WOW64; rv:40.0) Gecko/20100101 Firefox/40.1" 
184.90.214.237 - - [13/Apr/2017:20:38:37 -0700] "GET / HTTP/1.1" 200 36475 "-" "Mozilla/5.0 (Windows NT 6.1; WOW64; rv:40.0) Gecko/20100101 Firefox/40.1" 
159.226.251.229 - - [13/Apr/2017:20:57:14 -0700] "GET /maccdc2012/maccdc2012_full_alert.7z HTTP/1.1" 304 132 "-" "Mozilla/5.0 Gecko/20100115 Firefox/3.6" 
216.244.66.227 - - [13/Apr/2017:20:59:53 -0700] "GET /robots.txt HTTP/1.1" 200 233 "-" "Mozilla/5.0 (compatible; DotBot/1.1; http://www.opensiteexplorer.org/dotbot, help@moz.com)" 
216.244.66.227 - - [13/Apr/2017:21:01:21 -0700] "GET /self.logs/error.log.2015-09-04.gz HTTP/1.1" 200 1929 "-" "Mozilla/5.0 (compatible; DotBot/1.1; http://www.opensiteexplorer.org/dotbot, help@moz.com)" 
207.46.13.211 - - [13/Apr/2017:21:06:13 -0700] "GET /self.logs/error.log.2015-08-27.gz HTTP/1.1" 200 952 "-" "msnbot-media/1.1 (+http://search.msn.com/msnbot.htm)" 
159.226.251.229 - - [13/Apr/2017:21:08:47 -0700] "GET /tg/a.zip HTTP/1.1" 304 132 "-" "Mozilla/5.0 Gecko/20100115 Firefox/3.6" 
101.109.42.45 - - [13/Apr/2017:21:08:59 -0700] "GET /honeypot/BSidesDFW%20-%202014.ipynb HTTP/1.1" 200 930836 "http://www.secrepo.com/" "Mozilla/5.0 (Macintosh; Intel Mac OS X 10_10_1) AppleWebKit/600.2.5 (KHTML, like Gecko) Version/8.0.2 Safari/600.2.5" 
128.110.65.147 - - [13/Apr/2017:21:12:09 -0700] "GET / HTTP/1.1" 200 10792 "-" "Mozilla/5.0 (Windows NT 10.0; Win64; x64) AppleWebKit/537.36 (KHTML, like Gecko) Chrome/57.0.2987.133 Safari/537.36" 
128.110.65.147 - - [13/Apr/2017:21:12:09 -0700] "GET /twitter-icon.png HTTP/1.1" 200 27787 "http://www.secrepo.com/" "Mozilla/5.0 (Windows NT 10.0; Win64; x64) AppleWebKit/537.36 (KHTML, like Gecko) Chrome/57.0.2987.133 Safari/537.36" 
128.110.65.147 - - [13/Apr/2017:21:12:09 -0700] "GET /GitHub-Mark.png HTTP/1.1" 200 7428 "http://www.secrepo.com/" "Mozilla/5.0 (Windows NT 10.0; Win64; x64) AppleWebKit/537.36 (KHTML, like Gecko) Chrome/57.0.2987.133 Safari/537.36" 
157.55.39.28 - - [13/Apr/2017:21:13:13 -0700] "GET /self.logs/error.log.2015-03-17.gz HTTP/1.1" 200 831 "-" "msnbot-media/1.1 (+http://search.msn.com/msnbot.htm)" 
120.192.95.88 - - [13/Apr/2017:21:13:20 -0700] "GET /maccdc2012/maccdc2012_full_alert.7z HTTP/1.1" 304 132 "-" "Mozilla/5.0 Gecko/20100115 Firefox/3.6" 
123.30.175.229 - - [13/Apr/2017:21:20:45 -0700] "GET /robots.txt HTTP/1.1" 301 465 "-" "Mozilla/5.0 (compatible; coccocbot-web/1.0; +http://help.coccoc.com/searchengine)" 
123.30.175.229 - - [13/Apr/2017:21:20:47 -0700] "GET /robots.txt HTTP/1.1" 200 297 "-" "Mozilla/5.0 (compatible; coccocbot-web/1.0; +http://help.coccoc.com/searchengine)" 
123.30.175.230 - - [13/Apr/2017:21:20:49 -0700] "GET / HTTP/1.1" 301 446 "-" "Mozilla/5.0 (compatible; coccocbot-web/1.0; +http://help.coccoc.com/searchengine)" 
216.244.66.227 - - [13/Apr/2017:21:24:03 -0700] "GET /robots.txt HTTP/1.1" 200 233 "-" "Mozilla/5.0 (compatible; DotBot/1.1; http://www.opensiteexplorer.org/dotbot, help@moz.com)" 
216.244.66.227 - - [13/Apr/2017:21:25:48 -0700] "GET /self.logs/access.log.2016-05-22.gz HTTP/1.1" 200 11480 "-" "Mozilla/5.0 (compatible; DotBot/1.1; http://www.opensiteexplorer.org/dotbot, help@moz.com)" 
216.244.66.227 - - [13/Apr/2017:21:26:20 -0700] "GET /self.logs/error.log.2016-02-27.gz HTTP/1.1" 200 1005 "-" "Mozilla/5.0 (compatible; DotBot/1.1; http://www.opensiteexplorer.org/dotbot, help@moz.com)" 
216.244.66.227 - - [13/Apr/2017:21:26:23 -0700] "GET /self.logs/error.log.2017-03-17.gz HTTP/1.1" 200 948 "-" "Mozilla/5.0 (compatible; DotBot/1.1; http://www.opensiteexplorer.org/dotbot, help@moz.com)" 
208.43.225.84 - - [13/Apr/2017:21:31:50 -0700] "GET /robots.txt HTTP/1.1" 200 334 "-" "Mozilla/5.0 (compatible; SiteExplorer/1.1b; +http://siteexplorer.info/Backlink-Checker-Spider/)" 
121.120.86.182 - - [13/Apr/2017:21:32:10 -0700] "GET /wp-login.php HTTP/1.1" 301 522 "-" "Mozilla/5.0 (Windows NT 6.1; WOW64; rv:40.0) Gecko/20100101 Firefox/40.1" 
121.120.86.182 - - [13/Apr/2017:21:32:12 -0700] "GET /wp-login.php HTTP/1.1" 404 295 "-" "Mozilla/5.0 (Windows NT 6.1; WOW64; rv:40.0) Gecko/20100101 Firefox/40.1" 
121.120.86.182 - - [13/Apr/2017:21:32:17 -0700] "GET /wp-login.php HTTP/1.1" 301 522 "-" "Mozilla/5.0 (Windows NT 6.1; WOW64; rv:40.0) Gecko/20100101 Firefox/40.1" 
121.120.86.182 - - [13/Apr/2017:21:32:18 -0700] "GET /wp-login.php HTTP/1.1" 404 295 "-" "Mozilla/5.0 (Windows NT 6.1; WOW64; rv:40.0) Gecko/20100101 Firefox/40.1" 
121.120.86.182 - - [13/Apr/2017:21:32:25 -0700] "GET / HTTP/1.1" 301 498 "-" "Mozilla/5.0 (Windows NT 6.1; WOW64; rv:40.0) Gecko/20100101 Firefox/40.1" 
121.120.86.182 - - [13/Apr/2017:21:32:31 -0700] "GET / HTTP/1.1" 200 36475 "-" "Mozilla/5.0 (Windows NT 6.1; WOW64; rv:40.0) Gecko/20100101 Firefox/40.1" 
207.46.13.211 - - [13/Apr/2017:21:34:35 -0700] "GET /self.logs/access.log.2015-08-02.gz HTTP/1.1" 200 4194 "-" "msnbot-media/1.1 (+http://search.msn.com/msnbot.htm)" 
180.153.236.181 - - [13/Apr/2017:21:37:03 -0700] "GET / HTTP/1.1" 200 10792 "http://www.secrepo.com/" "Mozilla/5.0 (Windows NT 6.1; WOW64) AppleWebKit/537.36 (KHTML, like Gecko) Chrome/50.0.2661.102 Safari/537.36; 360Spider" 
162.197.4.180 - - [13/Apr/2017:21:41:54 -0700] "GET / HTTP/1.1" 200 10792 "-" "Mozilla/5.0 (Macintosh; Intel Mac OS X 10_12_3) AppleWebKit/537.36 (KHTML, like Gecko) Chrome/57.0.2987.133 Safari/537.36" 
162.197.4.180 - - [13/Apr/2017:21:41:55 -0700] "GET /twitter-icon.png HTTP/1.1" 200 27787 "http://www.secrepo.com/" "Mozilla/5.0 (Macintosh; Intel Mac OS X 10_12_3) AppleWebKit/537.36 (KHTML, like Gecko) Chrome/57.0.2987.133 Safari/537.36" 
162.197.4.180 - - [13/Apr/2017:21:41:55 -0700] "GET /GitHub-Mark.png HTTP/1.1" 200 7428 "http://www.secrepo.com/" "Mozilla/5.0 (Macintosh; Intel Mac OS X 10_12_3) AppleWebKit/537.36 (KHTML, like Gecko) Chrome/57.0.2987.133 Safari/537.36" 
162.197.4.180 - - [13/Apr/2017:21:41:57 -0700] "GET /bootstrap/img/favicon.ico HTTP/1.1" 200 589 "http://www.secrepo.com/" "Mozilla/5.0 (Macintosh; Intel Mac OS X 10_12_3) AppleWebKit/537.36 (KHTML, like Gecko) Chrome/57.0.2987.133 Safari/537.36" 
50.68.58.112 - - [13/Apr/2017:21:42:10 -0700] "GET /wp-login.php HTTP/1.1" 404 295 "-" "Mozilla/5.0 (Windows NT 6.1; WOW64; rv:40.0) Gecko/20100101 Firefox/40.1" 
50.68.58.112 - - [13/Apr/2017:21:42:16 -0700] "GET /wp-login.php HTTP/1.1" 404 295 "-" "Mozilla/5.0 (Windows NT 6.1; WOW64; rv:40.0) Gecko/20100101 Firefox/40.1" 
50.68.58.112 - - [13/Apr/2017:21:42:21 -0700] "GET / HTTP/1.1" 200 36475 "-" "Mozilla/5.0 (Windows NT 6.1; WOW64; rv:40.0) Gecko/20100101 Firefox/40.1" 
105.73.27.67 - - [13/Apr/2017:21:46:12 -0700] "GET /wp-login.php HTTP/1.1" 404 295 "-" "Mozilla/5.0 (Windows NT 6.1; WOW64; rv:40.0) Gecko/20100101 Firefox/40.1" 
105.73.27.192 - - [13/Apr/2017:21:46:18 -0700] "GET /wp-login.php HTTP/1.1" 404 295 "-" "Mozilla/5.0 (Windows NT 6.1; WOW64; rv:40.0) Gecko/20100101 Firefox/40.1" 
105.73.27.179 - - [13/Apr/2017:21:46:24 -0700] "GET / HTTP/1.1" 200 36475 "-" "Mozilla/5.0 (Windows NT 6.1; WOW64; rv:40.0) Gecko/20100101 Firefox/40.1" 
216.244.66.227 - - [13/Apr/2017:21:47:36 -0700] "GET /robots.txt HTTP/1.1" 200 233 "-" "Mozilla/5.0 (compatible; DotBot/1.1; http://www.opensiteexplorer.org/dotbot, help@moz.com)" 
50.68.58.112 - - [13/Apr/2017:21:48:20 -0700] "GET /wp-login.php HTTP/1.1" 301 522 "-" "Mozilla/5.0 (Windows NT 6.1; WOW64; rv:40.0) Gecko/20100101 Firefox/40.1" 
50.68.58.112 - - [13/Apr/2017:21:48:20 -0700] "GET /wp-login.php HTTP/1.1" 404 295 "-" "Mozilla/5.0 (Windows NT 6.1; WOW64; rv:40.0) Gecko/20100101 Firefox/40.1" 
50.68.58.112 - - [13/Apr/2017:21:48:25 -0700] "GET /wp-login.php HTTP/1.1" 301 522 "-" "Mozilla/5.0 (Windows NT 6.1; WOW64; rv:40.0) Gecko/20100101 Firefox/40.1" 
50.68.58.112 - - [13/Apr/2017:21:48:26 -0700] "GET /wp-login.php HTTP/1.1" 404 295 "-" "Mozilla/5.0 (Windows NT 6.1; WOW64; rv:40.0) Gecko/20100101 Firefox/40.1" 
50.68.58.112 - - [13/Apr/2017:21:48:31 -0700] "GET / HTTP/1.1" 301 498 "-" "Mozilla/5.0 (Windows NT 6.1; WOW64; rv:40.0) Gecko/20100101 Firefox/40.1" 
50.68.58.112 - - [13/Apr/2017:21:48:31 -0700] "GET / HTTP/1.1" 200 36475 "-" "Mozilla/5.0 (Windows NT 6.1; WOW64; rv:40.0) Gecko/20100101 Firefox/40.1" 
216.244.66.227 - - [13/Apr/2017:21:48:47 -0700] "GET /self.logs/access.log.2015-08-14.gz HTTP/1.1" 200 7220 "-" "Mozilla/5.0 (compatible; DotBot/1.1; http://www.opensiteexplorer.org/dotbot, help@moz.com)" 
216.244.66.227 - - [13/Apr/2017:21:48:50 -0700] "GET /self.logs/access.log.2016-02-12.gz HTTP/1.1" 200 9146 "-" "Mozilla/5.0 (compatible; DotBot/1.1; http://www.opensiteexplorer.org/dotbot, help@moz.com)" 
216.244.66.227 - - [13/Apr/2017:21:48:52 -0700] "GET /self.logs/error.log.2016-08-22.gz HTTP/1.1" 200 1073 "-" "Mozilla/5.0 (compatible; DotBot/1.1; http://www.opensiteexplorer.org/dotbot, help@moz.com)" 
217.182.132.70 - - [13/Apr/2017:21:53:11 -0700] "GET /self.logs/error.log.2017-01-30.gz HTTP/1.1" 200 1863 "-" "Mozilla/5.0 (compatible; AhrefsBot/5.2; +http://ahrefs.com/robot/)" 
159.226.251.229 - - [13/Apr/2017:22:05:07 -0700] "GET /maccdc2012/conn.log.gz HTTP/1.1" 304 156 "-" "Mozilla/5.0 Gecko/20100115 Firefox/3.6" 
216.244.66.227 - - [13/Apr/2017:22:15:39 -0700] "GET /robots.txt HTTP/1.1" 200 233 "-" "Mozilla/5.0 (compatible; DotBot/1.1; http://www.opensiteexplorer.org/dotbot, help@moz.com)" 
216.244.66.227 - - [13/Apr/2017:22:17:53 -0700] "GET /self.logs/access.log.2016-04-11.gz HTTP/1.1" 200 8692 "-" "Mozilla/5.0 (compatible; DotBot/1.1; http://www.opensiteexplorer.org/dotbot, help@moz.com)" 
216.244.66.227 - - [13/Apr/2017:22:17:57 -0700] "GET /self.logs/error.log.2015-11-14.gz HTTP/1.1" 200 652 "-" "Mozilla/5.0 (compatible; DotBot/1.1; http://www.opensiteexplorer.org/dotbot, help@moz.com)" 
217.182.132.19 - - [13/Apr/2017:22:21:43 -0700] "GET /self.logs/access.log.2016-06-29.gz HTTP/1.1" 200 8618 "-" "Mozilla/5.0 (compatible; AhrefsBot/5.2; +http://ahrefs.com/robot/)" 
173.252.124.211 - - [13/Apr/2017:22:23:31 -0700] "GET / HTTP/1.1" 304 152 "-" "facebookexternalhit/1.1 (+http://www.facebook.com/externalhit_uatext.php)" 
182.148.106.131 - - [13/Apr/2017:22:32:01 -0700] "GET / HTTP/1.1" 301 483 "http://www.hackbase.com/article-217752-1.html" "Mozilla/5.0 (Windows NT 6.1) AppleWebKit/537.1 (KHTML, like Gecko) Chrome/21.0.1180.89 Safari/537.1" 
182.148.106.131 - - [13/Apr/2017:22:32:04 -0700] "GET / HTTP/1.1" 200 10792 "http://www.hackbase.com/article-217752-1.html" "Mozilla/5.0 (Windows NT 6.1) AppleWebKit/537.1 (KHTML, like Gecko) Chrome/21.0.1180.89 Safari/537.1" 
182.148.106.131 - - [13/Apr/2017:22:32:05 -0700] "GET /twitter-icon.png HTTP/1.1" 200 27787 "http://www.secrepo.com/" "Mozilla/5.0 (Windows NT 6.1) AppleWebKit/537.1 (KHTML, like Gecko) Chrome/21.0.1180.89 Safari/537.1" 
182.148.106.131 - - [13/Apr/2017:22:32:05 -0700] "GET /GitHub-Mark.png HTTP/1.1" 200 7428 "http://www.secrepo.com/" "Mozilla/5.0 (Windows NT 6.1) AppleWebKit/537.1 (KHTML, like Gecko) Chrome/21.0.1180.89 Safari/537.1" 
106.120.160.109 - - [13/Apr/2017:22:32:49 -0700] "GET / HTTP/1.1" 200 36464 "http://www.secrepo.com/" "Mozilla/4.0 (compatible; MSIE 8.0; Windows NT 6.1; Trident/4.0; SLCC2; .NET CLR 2.0.50727; .NET CLR 3.5.30729; .NET CLR 3.0.30729; Media Center PC 6.0; Tablet PC 2.0)" 
101.199.108.119 - - [13/Apr/2017:22:33:05 -0700] "GET / HTTP/1.1" 200 10792 "-" "Mozilla/5.0 (Linux; U; Android 5.0.2; zh-CN; Redmi Note 3 Build/LRX22G) AppleWebKit/537.36 (KHTML, like Gecko) Version/4.0 OPR/11.2.3.102637 Mobile Safari/537.36" 
207.46.13.211 - - [13/Apr/2017:22:34:48 -0700] "GET /self.logs/error.log.2015-06-28.gz HTTP/1.1" 200 3995 "-" "msnbot-media/1.1 (+http://search.msn.com/msnbot.htm)" 
204.79.180.26 - - [13/Apr/2017:22:42:40 -0700] "GET / HTTP/1.1" 200 10792 "-" "Mozilla/5.0 (compatible; MSIE 9.0; Windows NT 6.0; Trident/5.0;  Trident/5.0)" 
216.244.66.227 - - [13/Apr/2017:22:45:06 -0700] "GET /robots.txt HTTP/1.1" 200 233 "-" "Mozilla/5.0 (compatible; DotBot/1.1; http://www.opensiteexplorer.org/dotbot, help@moz.com)" 
123.125.67.226 - - [13/Apr/2017:22:45:19 -0700] "GET /robots.txt HTTP/1.1" 200 297 "-" "Mozilla/5.0 (Windows NT 10.0; WOW64) AppleWebKit/537.36 (KHTML, like Gecko) Chrome/45.0.2454.93 Safari/537.36" 
216.244.66.227 - - [13/Apr/2017:22:46:28 -0700] "GET /self.logs/access.log.2016-08-22.gz HTTP/1.1" 200 8744 "-" "Mozilla/5.0 (compatible; DotBot/1.1; http://www.opensiteexplorer.org/dotbot, help@moz.com)" 
216.244.66.227 - - [13/Apr/2017:22:47:02 -0700] "GET /self.logs/error.log.2017-03-01.gz HTTP/1.1" 200 942 "-" "Mozilla/5.0 (compatible; DotBot/1.1; http://www.opensiteexplorer.org/dotbot, help@moz.com)" 
220.181.108.174 - - [13/Apr/2017:22:47:00 -0700] "GET /domaindata/domainmovement.zip HTTP/1.1" 200 7437688 "-" "Mozilla/5.0 (compatible; Baiduspider/2.0; +http://www.baidu.com/search/spider.html)" 
116.87.23.186 - - [13/Apr/2017:22:47:17 -0700] "GET /wp-login.php HTTP/1.1" 404 295 "-" "Mozilla/5.0 (Windows NT 6.1; WOW64; rv:40.0) Gecko/20100101 Firefox/40.1" 
116.87.23.186 - - [13/Apr/2017:22:47:23 -0700] "GET /wp-login.php HTTP/1.1" 404 295 "-" "Mozilla/5.0 (Windows NT 6.1; WOW64; rv:40.0) Gecko/20100101 Firefox/40.1" 
105.247.128.115 - - [13/Apr/2017:22:47:28 -0700] "GET /wp-login.php HTTP/1.1" 404 295 "-" "Mozilla/5.0 (Windows NT 6.1; WOW64; rv:40.0) Gecko/20100101 Firefox/40.1" 
116.87.23.186 - - [13/Apr/2017:22:47:28 -0700] "GET / HTTP/1.1" 200 36475 "-" "Mozilla/5.0 (Windows NT 6.1; WOW64; rv:40.0) Gecko/20100101 Firefox/40.1" 
105.247.128.115 - - [13/Apr/2017:22:47:33 -0700] "GET /wp-login.php HTTP/1.1" 404 295 "-" "Mozilla/5.0 (Windows NT 6.1; WOW64; rv:40.0) Gecko/20100101 Firefox/40.1" 
105.247.128.115 - - [13/Apr/2017:22:47:39 -0700] "GET / HTTP/1.1" 200 36475 "-" "Mozilla/5.0 (Windows NT 6.1; WOW64; rv:40.0) Gecko/20100101 Firefox/40.1" 
51.255.71.112 - - [13/Apr/2017:22:59:13 -0700] "GET /self.logs/error.log.2016-02-10.gz HTTP/1.1" 200 683 "-" "Mozilla/5.0 (compatible; AhrefsBot/5.2; +http://ahrefs.com/robot/)" 
114.255.40.34 - - [13/Apr/2017:23:02:15 -0700] "GET /favicon.ico HTTP/1.1" 301 501 "-" "Mozilla/5.0 (Windows NT 6.3; WOW64) AppleWebKit/537.36 (KHTML, like Gecko) Chrome/45.0.2454.101 Safari/537.36" 
114.255.40.34 - - [13/Apr/2017:23:02:16 -0700] "GET /favicon.ico HTTP/1.1" 200 268 "-" "Mozilla/5.0 (Windows NT 6.3; WOW64) AppleWebKit/537.36 (KHTML, like Gecko) Chrome/45.0.2454.101 Safari/537.36" 
116.87.23.186 - - [13/Apr/2017:23:02:17 -0700] "GET /wp-login.php HTTP/1.1" 301 522 "-" "Mozilla/5.0 (Windows NT 6.1; WOW64; rv:40.0) Gecko/20100101 Firefox/40.1" 
116.87.23.186 - - [13/Apr/2017:23:02:18 -0700] "GET /wp-login.php HTTP/1.1" 404 295 "-" "Mozilla/5.0 (Windows NT 6.1; WOW64; rv:40.0) Gecko/20100101 Firefox/40.1" 
114.255.40.34 - - [13/Apr/2017:23:02:19 -0700] "GET /favicon.ico HTTP/1.1" 200 268 "-" "Mozilla/5.0 (Windows NT 6.3; WOW64) AppleWebKit/537.36 (KHTML, like Gecko) Chrome/45.0.2454.101 Safari/537.36" 
116.87.23.186 - - [13/Apr/2017:23:02:24 -0700] "GET /wp-login.php HTTP/1.1" 301 522 "-" "Mozilla/5.0 (Windows NT 6.1; WOW64; rv:40.0) Gecko/20100101 Firefox/40.1" 
116.87.23.186 - - [13/Apr/2017:23:02:24 -0700] "GET /wp-login.php HTTP/1.1" 404 295 "-" "Mozilla/5.0 (Windows NT 6.1; WOW64; rv:40.0) Gecko/20100101 Firefox/40.1" 
116.87.23.186 - - [13/Apr/2017:23:02:30 -0700] "GET / HTTP/1.1" 301 498 "-" "Mozilla/5.0 (Windows NT 6.1; WOW64; rv:40.0) Gecko/20100101 Firefox/40.1" 
116.87.23.186 - - [13/Apr/2017:23:02:30 -0700] "GET / HTTP/1.1" 200 36475 "-" "Mozilla/5.0 (Windows NT 6.1; WOW64; rv:40.0) Gecko/20100101 Firefox/40.1" 
66.249.82.135 - - [13/Apr/2017:23:07:57 -0700] "GET / HTTP/1.1" 200 10792 "http://www.hakawati.co.kr/416" "Mozilla/5.0 (Windows NT 6.1) AppleWebKit/537.36 (KHTML, like Gecko) Chrome/57.0.2987.133 Safari/537.36" 
66.249.82.134 - - [13/Apr/2017:23:07:58 -0700] "GET /GitHub-Mark.png HTTP/1.1" 200 7428 "http://www.secrepo.com/" "Mozilla/5.0 (Windows NT 6.1) AppleWebKit/537.36 (KHTML, like Gecko) Chrome/57.0.2987.133 Safari/537.36" 
66.249.82.136 - - [13/Apr/2017:23:07:58 -0700] "GET /twitter-icon.png HTTP/1.1" 200 27788 "http://www.secrepo.com/" "Mozilla/5.0 (Windows NT 6.1) AppleWebKit/537.36 (KHTML, like Gecko) Chrome/57.0.2987.133 Safari/537.36" 
66.249.82.135 - - [13/Apr/2017:23:07:59 -0700] "GET /bootstrap/img/favicon.ico HTTP/1.1" 200 590 "http://www.secrepo.com/" "Mozilla/5.0 (Windows NT 6.1) AppleWebKit/537.36 (KHTML, like Gecko) Chrome/57.0.2987.133 Safari/537.36" 
164.132.161.28 - - [13/Apr/2017:23:12:21 -0700] "GET / HTTP/1.1" 301 427 "-" "Mozilla/5.0 (compatible; AhrefsBot/5.2; +http://ahrefs.com/robot/)" 
216.244.66.227 - - [13/Apr/2017:23:12:28 -0700] "GET /robots.txt HTTP/1.1" 200 233 "-" "Mozilla/5.0 (compatible; DotBot/1.1; http://www.opensiteexplorer.org/dotbot, help@moz.com)" 
216.244.66.227 - - [13/Apr/2017:23:13:48 -0700] "GET /self.logs/access.log.2016-08-25.gz HTTP/1.1" 200 6143 "-" "Mozilla/5.0 (compatible; DotBot/1.1; http://www.opensiteexplorer.org/dotbot, help@moz.com)" 
31.210.11.165 - - [13/Apr/2017:23:18:54 -0700] "GET / HTTP/1.1" 200 10792 "http://www.mlsecproject.org/" "Mozilla/5.0 (Windows NT 6.1; Win64; x64) AppleWebKit/537.36 (KHTML, like Gecko) Chrome/55.0.2883.87 Safari/537.36" 
31.210.11.165 - - [13/Apr/2017:23:18:54 -0700] "GET /twitter-icon.png HTTP/1.1" 200 27787 "http://www.secrepo.com/" "Mozilla/5.0 (Windows NT 6.1; Win64; x64) AppleWebKit/537.36 (KHTML, like Gecko) Chrome/55.0.2883.87 Safari/537.36" 
31.210.11.165 - - [13/Apr/2017:23:18:54 -0700] "GET /GitHub-Mark.png HTTP/1.1" 200 7428 "http://www.secrepo.com/" "Mozilla/5.0 (Windows NT 6.1; Win64; x64) AppleWebKit/537.36 (KHTML, like Gecko) Chrome/55.0.2883.87 Safari/537.36" 
31.210.11.165 - - [13/Apr/2017:23:18:55 -0700] "GET /bootstrap/img/favicon.ico HTTP/1.1" 200 589 "http://www.secrepo.com/" "Mozilla/5.0 (Windows NT 6.1; Win64; x64) AppleWebKit/537.36 (KHTML, like Gecko) Chrome/55.0.2883.87 Safari/537.36" 
31.210.11.165 - - [13/Apr/2017:23:19:44 -0700] "GET /Security-Data-Analysis/Lab_1/conn.log.zip HTTP/1.1" 200 100428 "-" "Mozilla/5.0 (Windows NT 6.1; Win64; x64) AppleWebKit/537.36 (KHTML, like Gecko) Chrome/55.0.2883.87 Safari/537.36" 
46.161.9.29 - - [13/Apr/2017:23:22:59 -0700] "GET / HTTP/1.0" 301 461 "secrepo.com/" "Mozilla/5.0 (Windows NT 10.0; WOW64) AppleWebKit/537.36 (KHTML, like Gecko) Chrome/48.0.2564.109 Safari/537.36" 
46.161.9.29 - - [13/Apr/2017:23:22:59 -0700] "GET / HTTP/1.0" 200 36464 "http://www.secrepo.com/" "Mozilla/5.0 (Windows NT 6.1; WOW64) AppleWebKit/537.36 (KHTML, like Gecko) Chrome/48.0.2564.116 Safari/537.36" 
2.236.226.14 - - [13/Apr/2017:23:26:35 -0700] "GET /wp-login.php HTTP/1.1" 404 295 "-" "Mozilla/5.0 (Windows NT 6.1; WOW64; rv:40.0) Gecko/20100101 Firefox/40.1" 
2.236.226.14 - - [13/Apr/2017:23:26:41 -0700] "GET /wp-login.php HTTP/1.1" 404 295 "-" "Mozilla/5.0 (Windows NT 6.1; WOW64; rv:40.0) Gecko/20100101 Firefox/40.1" 
2.236.226.14 - - [13/Apr/2017:23:26:46 -0700] "GET / HTTP/1.1" 200 36475 "-" "Mozilla/5.0 (Windows NT 6.1; WOW64; rv:40.0) Gecko/20100101 Firefox/40.1" 
66.249.82.135 - - [13/Apr/2017:23:28:03 -0700] "GET / HTTP/1.1" 200 10792 "http://www.hakawati.co.kr/416" "Mozilla/5.0 (Windows NT 6.1) AppleWebKit/537.36 (KHTML, like Gecko) Chrome/57.0.2987.133 Safari/537.36" 
66.249.82.135 - - [13/Apr/2017:23:28:03 -0700] "GET /twitter-icon.png HTTP/1.1" 200 27787 "http://www.secrepo.com/" "Mozilla/5.0 (Windows NT 6.1) AppleWebKit/537.36 (KHTML, like Gecko) Chrome/57.0.2987.133 Safari/537.36" 
66.249.82.134 - - [13/Apr/2017:23:28:04 -0700] "GET /GitHub-Mark.png HTTP/1.1" 200 7428 "http://www.secrepo.com/" "Mozilla/5.0 (Windows NT 6.1) AppleWebKit/537.36 (KHTML, like Gecko) Chrome/57.0.2987.133 Safari/537.36" 
218.241.161.50 - - [13/Apr/2017:23:28:06 -0700] "GET /favicon.ico HTTP/1.1" 200 268 "-" "Mozilla/5.0 (Windows NT 6.3; WOW64) AppleWebKit/537.36 (KHTML, like Gecko) Chrome/49.0.2623.75 Safari/537.36 LBBROWSER" 
66.249.82.136 - - [13/Apr/2017:23:28:28 -0700] "GET / HTTP/1.1" 200 10792 "http://www.hakawati.co.kr/416" "Mozilla/5.0 (Windows NT 6.1) AppleWebKit/537.36 (KHTML, like Gecko) Chrome/57.0.2987.133 Safari/537.36" 
66.249.82.134 - - [13/Apr/2017:23:28:29 -0700] "GET /GitHub-Mark.png HTTP/1.1" 200 7428 "http://www.secrepo.com/" "Mozilla/5.0 (Windows NT 6.1) AppleWebKit/537.36 (KHTML, like Gecko) Chrome/57.0.2987.133 Safari/537.36" 
66.249.82.134 - - [13/Apr/2017:23:28:29 -0700] "GET /twitter-icon.png HTTP/1.1" 200 27788 "http://www.secrepo.com/" "Mozilla/5.0 (Windows NT 6.1) AppleWebKit/537.36 (KHTML, like Gecko) Chrome/57.0.2987.133 Safari/537.36" 
66.249.82.136 - - [13/Apr/2017:23:29:26 -0700] "GET / HTTP/1.1" 200 10792 "http://www.hakawati.co.kr/416" "Mozilla/5.0 (Windows NT 6.1) AppleWebKit/537.36 (KHTML, like Gecko) Chrome/57.0.2987.133 Safari/537.36" 
66.249.82.134 - - [13/Apr/2017:23:30:50 -0700] "GET / HTTP/1.1" 200 10792 "http://www.hakawati.co.kr/416" "Mozilla/5.0 (Windows NT 6.1) AppleWebKit/537.36 (KHTML, like Gecko) Chrome/57.0.2987.133 Safari/537.36" 
66.249.82.135 - - [13/Apr/2017:23:30:50 -0700] "GET / HTTP/1.1" 200 10792 "http://www.hakawati.co.kr/416" "Mozilla/5.0 (Windows NT 6.1) AppleWebKit/537.36 (KHTML, like Gecko) Chrome/57.0.2987.133 Safari/537.36" 
31.210.11.165 - - [13/Apr/2017:23:31:29 -0700] "GET /maccdc2012/maccdc2012_fast_alert.7z HTTP/1.1" 200 9478149 "-" "Mozilla/5.0 (Windows NT 6.1; Win64; x64) AppleWebKit/537.36 (KHTML, like Gecko) Chrome/55.0.2883.87 Safari/537.36" 
114.255.40.34 - - [13/Apr/2017:23:34:50 -0700] "GET /favicon.ico HTTP/1.1" 301 501 "-" "Mozilla/5.0 (Windows NT 6.3; WOW64) AppleWebKit/537.36 (KHTML, like Gecko) Chrome/45.0.2454.101 Safari/537.36" 
114.255.40.34 - - [13/Apr/2017:23:34:50 -0700] "GET /favicon.ico HTTP/1.1" 200 268 "-" "Mozilla/5.0 (Windows NT 6.3; WOW64) AppleWebKit/537.36 (KHTML, like Gecko) Chrome/45.0.2454.101 Safari/537.36" 
114.255.40.34 - - [13/Apr/2017:23:34:51 -0700] "GET /favicon.ico HTTP/1.1" 200 267 "-" "Mozilla/5.0 (Windows NT 6.3; WOW64) AppleWebKit/537.36 (KHTML, like Gecko) Chrome/45.0.2454.101 Safari/537.36" 
66.249.88.60 - - [13/Apr/2017:23:37:28 -0700] "GET / HTTP/1.1" 200 36475 "http://www.google.com/url?sa=t&rct=j&q=&esrc=s&source=web&cd=1&ved=0CEMQFjAB&url=http%3A%2F%2Fwww.secrepo.com%2F&ei=KG7wWMqzGqTdxAXJvQE&usg=AFQjCNHeQikQ6r63vtqWKlBvSenYpdB4dQ" "Mozilla/5.0 (Windows NT 10.0; WOW64) AppleWebKit/537.36 (KHTML, like Gecko) Chrome/56.0.2924.87 Safari/537.36" 
66.249.88.60 - - [13/Apr/2017:23:37:28 -0700] "GET /twitter-icon.png HTTP/1.1" 200 27787 "http://www.secrepo.com/" "Mozilla/5.0 (Windows NT 10.0; WOW64) AppleWebKit/537.36 (KHTML, like Gecko) Chrome/56.0.2924.87 Safari/537.36" 
66.249.88.61 - - [13/Apr/2017:23:37:28 -0700] "GET /GitHub-Mark.png HTTP/1.1" 200 7428 "http://www.secrepo.com/" "Mozilla/5.0 (Windows NT 10.0; WOW64) AppleWebKit/537.36 (KHTML, like Gecko) Chrome/56.0.2924.87 Safari/537.36" 
66.249.88.62 - - [13/Apr/2017:23:37:28 -0700] "GET /tg/a.zip HTTP/1.1" 200 66189337 "http://www.secrepo.com/" "Mozilla/5.0 (Windows NT 10.0; WOW64) AppleWebKit/537.36 (KHTML, like Gecko) Chrome/56.0.2924.87 Safari/537.36" 
66.102.8.159 - - [13/Apr/2017:23:37:50 -0700] "GET /tg/a.zip HTTP/1.1" 200 66189337 "-" "Mozilla/5.0 (Windows NT 6.3; WOW64) AppleWebKit/537.11 (KHTML, like Gecko) Chrome/23.0.1271.64 Safari/537.11" 
216.244.66.227 - - [13/Apr/2017:23:38:31 -0700] "GET /robots.txt HTTP/1.1" 200 233 "-" "Mozilla/5.0 (compatible; DotBot/1.1; http://www.opensiteexplorer.org/dotbot, help@moz.com)" 
1.180.212.204 - - [13/Apr/2017:23:39:24 -0700] "GET / HTTP/1.1" 200 10792 "-" "Mozilla/5.0 (Macintosh; Intel Mac OS X 10_12_3) AppleWebKit/537.36 (KHTML, like Gecko) Chrome/57.0.2987.110 Safari/537.36" 
1.180.212.204 - - [13/Apr/2017:23:39:25 -0700] "GET /twitter-icon.png HTTP/1.1" 200 27787 "http://www.secrepo.com/" "Mozilla/5.0 (Macintosh; Intel Mac OS X 10_12_3) AppleWebKit/537.36 (KHTML, like Gecko) Chrome/57.0.2987.110 Safari/537.36" 
1.180.212.204 - - [13/Apr/2017:23:39:25 -0700] "GET /GitHub-Mark.png HTTP/1.1" 200 7428 "http://www.secrepo.com/" "Mozilla/5.0 (Macintosh; Intel Mac OS X 10_12_3) AppleWebKit/537.36 (KHTML, like Gecko) Chrome/57.0.2987.110 Safari/537.36" 
216.244.66.227 - - [13/Apr/2017:23:40:08 -0700] "GET /self.logs/access.log.2016-12-24.gz HTTP/1.1" 200 7591 "-" "Mozilla/5.0 (compatible; DotBot/1.1; http://www.opensiteexplorer.org/dotbot, help@moz.com)" 
216.244.66.227 - - [13/Apr/2017:23:40:10 -0700] "GET /self.logs/error.log.2016-04-03.gz HTTP/1.1" 200 534 "-" "Mozilla/5.0 (compatible; DotBot/1.1; http://www.opensiteexplorer.org/dotbot, help@moz.com)" 
216.244.66.227 - - [13/Apr/2017:23:40:12 -0700] "GET /self.logs/error.log.2016-04-07.gz HTTP/1.1" 200 630 "-" "Mozilla/5.0 (compatible; DotBot/1.1; http://www.opensiteexplorer.org/dotbot, help@moz.com)" 
216.244.66.227 - - [13/Apr/2017:23:40:13 -0700] "GET /self.logs/error.log.2016-05-20.gz HTTP/1.1" 200 789 "-" "Mozilla/5.0 (compatible; DotBot/1.1; http://www.opensiteexplorer.org/dotbot, help@moz.com)" 
216.244.66.227 - - [13/Apr/2017:23:40:15 -0700] "GET /self.logs/error.log.2017-01-02.gz HTTP/1.1" 200 2549 "-" "Mozilla/5.0 (compatible; DotBot/1.1; http://www.opensiteexplorer.org/dotbot, help@moz.com)" 
216.244.66.227 - - [13/Apr/2017:23:40:17 -0700] "GET /self.logs/error.log.2017-01-14.gz HTTP/1.1" 200 711 "-" "Mozilla/5.0 (compatible; DotBot/1.1; http://www.opensiteexplorer.org/dotbot, help@moz.com)" 
216.244.66.227 - - [13/Apr/2017:23:42:32 -0700] "GET /self.logs/access.log.2017-03-31.gz HTTP/1.1" 200 37558 "-" "Mozilla/5.0 (compatible; DotBot/1.1; http://www.opensiteexplorer.org/dotbot, help@moz.com)" 
217.165.77.62 - - [13/Apr/2017:23:43:13 -0700] "GET /wp-login.php HTTP/1.1" 404 295 "-" "Mozilla/5.0 (Windows NT 6.1; WOW64; rv:40.0) Gecko/20100101 Firefox/40.1" 
217.165.77.62 - - [13/Apr/2017:23:43:19 -0700] "GET /wp-login.php HTTP/1.1" 404 295 "-" "Mozilla/5.0 (Windows NT 6.1; WOW64; rv:40.0) Gecko/20100101 Firefox/40.1" 
217.165.77.62 - - [13/Apr/2017:23:43:24 -0700] "GET / HTTP/1.1" 200 36475 "-" "Mozilla/5.0 (Windows NT 6.1; WOW64; rv:40.0) Gecko/20100101 Firefox/40.1" 
66.249.66.103 - - [13/Apr/2017:23:47:02 -0700] "GET /honeypot/Honeypot%20-%20Howto.pdf HTTP/1.1" 200 1279418 "-" "Mozilla/5.0 (compatible; Googlebot/2.1; +http://www.google.com/bot.html)" 
51.255.65.67 - - [13/Apr/2017:23:47:58 -0700] "GET /self.logs/access.log.2015-05-05.gz HTTP/1.1" 200 4387 "-" "Mozilla/5.0 (compatible; AhrefsBot/5.2; +http://ahrefs.com/robot/)" 
148.62.14.178 - - [13/Apr/2017:23:50:49 -0700] "GET /robots.txt HTTP/1.1" 301 446 "-" "Tornado-Async-Client" 
148.62.14.178 - - [13/Apr/2017:23:50:49 -0700] "GET /robots.txt HTTP/1.1" 304 130 "-" "Tornado-Async-Client" 
148.62.14.178 - - [13/Apr/2017:23:50:49 -0700] "GET /honeypot/BSidesDFW%20-%202014.ipynb HTTP/1.1" 301 484 "-" "Tornado-Async-Client" 
148.62.14.178 - - [13/Apr/2017:23:50:49 -0700] "GET /honeypot/BSidesDFW%20-%202014.ipynb HTTP/1.1" 200 930780 "-" "Tornado-Async-Client" 
159.226.251.229 - - [13/Apr/2017:23:57:32 -0700] "GET /maccdc2012/maccdc2012_full_alert.7z HTTP/1.1" 304 132 "-" "Mozilla/5.0 Gecko/20100115 Firefox/3.6" 
114.255.40.34 - - [14/Apr/2017:00:00:14 -0700] "GET /favicon.ico HTTP/1.1" 301 501 "-" "Mozilla/5.0 (Windows NT 6.3; WOW64) AppleWebKit/537.36 (KHTML, like Gecko) Chrome/45.0.2454.101 Safari/537.36" 
114.255.40.34 - - [14/Apr/2017:00:00:16 -0700] "GET /favicon.ico HTTP/1.1" 200 268 "-" "Mozilla/5.0 (Windows NT 6.3; WOW64) AppleWebKit/537.36 (KHTML, like Gecko) Chrome/45.0.2454.101 Safari/537.36" 
114.255.40.34 - - [14/Apr/2017:00:00:16 -0700] "GET /favicon.ico HTTP/1.1" 200 267 "-" "Mozilla/5.0 (Windows NT 6.3; WOW64) AppleWebKit/537.36 (KHTML, like Gecko) Chrome/45.0.2454.101 Safari/537.36" 
216.244.66.227 - - [14/Apr/2017:00:01:56 -0700] "GET /robots.txt HTTP/1.1" 200 233 "-" "Mozilla/5.0 (compatible; DotBot/1.1; http://www.opensiteexplorer.org/dotbot, help@moz.com)" 
216.244.66.227 - - [14/Apr/2017:00:03:07 -0700] "GET /self.logs/access.log.2015-09-22.gz HTTP/1.1" 200 4956 "-" "Mozilla/5.0 (compatible; DotBot/1.1; http://www.opensiteexplorer.org/dotbot, help@moz.com)" 
216.244.66.227 - - [14/Apr/2017:00:03:09 -0700] "GET /self.logs/access.log.2016-05-14.gz HTTP/1.1" 200 7799 "-" "Mozilla/5.0 (compatible; DotBot/1.1; http://www.opensiteexplorer.org/dotbot, help@moz.com)" 
216.244.66.227 - - [14/Apr/2017:00:03:11 -0700] "GET /self.logs/error.log.2016-04-14.gz HTTP/1.1" 200 730 "-" "Mozilla/5.0 (compatible; DotBot/1.1; http://www.opensiteexplorer.org/dotbot, help@moz.com)" 
216.244.66.227 - - [14/Apr/2017:00:03:13 -0700] "GET /self.logs/error.log.2017-01-05.gz HTTP/1.1" 200 4966 "-" "Mozilla/5.0 (compatible; DotBot/1.1; http://www.opensiteexplorer.org/dotbot, help@moz.com)" 
159.226.251.229 - - [14/Apr/2017:00:09:04 -0700] "GET /tg/a.zip HTTP/1.1" 304 132 "-" "Mozilla/5.0 Gecko/20100115 Firefox/3.6" 
217.165.77.62 - - [14/Apr/2017:00:10:45 -0700] "GET /wp-login.php HTTP/1.1" 301 522 "-" "Mozilla/5.0 (Windows NT 6.1; WOW64; rv:40.0) Gecko/20100101 Firefox/40.1" 
217.165.77.62 - - [14/Apr/2017:00:10:45 -0700] "GET /wp-login.php HTTP/1.1" 404 295 "-" "Mozilla/5.0 (Windows NT 6.1; WOW64; rv:40.0) Gecko/20100101 Firefox/40.1" 
217.165.77.62 - - [14/Apr/2017:00:10:51 -0700] "GET /wp-login.php HTTP/1.1" 301 522 "-" "Mozilla/5.0 (Windows NT 6.1; WOW64; rv:40.0) Gecko/20100101 Firefox/40.1" 
217.165.77.62 - - [14/Apr/2017:00:10:51 -0700] "GET /wp-login.php HTTP/1.1" 404 295 "-" "Mozilla/5.0 (Windows NT 6.1; WOW64; rv:40.0) Gecko/20100101 Firefox/40.1" 
217.165.77.62 - - [14/Apr/2017:00:10:57 -0700] "GET / HTTP/1.1" 301 498 "-" "Mozilla/5.0 (Windows NT 6.1; WOW64; rv:40.0) Gecko/20100101 Firefox/40.1" 
217.165.77.62 - - [14/Apr/2017:00:10:57 -0700] "GET / HTTP/1.1" 200 36475 "-" "Mozilla/5.0 (Windows NT 6.1; WOW64; rv:40.0) Gecko/20100101 Firefox/40.1" 
118.175.231.108 - - [14/Apr/2017:00:11:47 -0700] "GET /wp-login.php HTTP/1.1" 404 295 "-" "Mozilla/5.0 (Windows NT 6.1; WOW64; rv:40.0) Gecko/20100101 Firefox/40.1" 
118.175.231.108 - - [14/Apr/2017:00:11:53 -0700] "GET /wp-login.php HTTP/1.1" 404 295 "-" "Mozilla/5.0 (Windows NT 6.1; WOW64; rv:40.0) Gecko/20100101 Firefox/40.1" 
118.175.231.108 - - [14/Apr/2017:00:11:58 -0700] "GET / HTTP/1.1" 200 36475 "-" "Mozilla/5.0 (Windows NT 6.1; WOW64; rv:40.0) Gecko/20100101 Firefox/40.1" 
120.192.95.88 - - [14/Apr/2017:00:13:23 -0700] "GET /maccdc2012/maccdc2012_full_alert.7z HTTP/1.1" 304 132 "-" "Mozilla/5.0 Gecko/20100115 Firefox/3.6" 
217.182.132.180 - - [14/Apr/2017:00:16:35 -0700] "GET /self.logs/access.log.2015-08-11.gz HTTP/1.1" 200 5951 "-" "Mozilla/5.0 (compatible; AhrefsBot/5.2; +http://ahrefs.com/robot/)" 
123.125.71.79 - - [14/Apr/2017:00:24:40 -0700] "GET /robots.txt HTTP/1.1" 200 297 "-" "Mozilla/5.0 (compatible; Baiduspider/2.0; +http://www.baidu.com/search/spider.html)" 
173.252.123.134 - - [14/Apr/2017:00:25:52 -0700] "GET /twitter-icon.png HTTP/1.1" 200 27788 "-" "facebookexternalhit/1.1 (+http://www.facebook.com/externalhit_uatext.php)" 
68.180.230.247 - - [14/Apr/2017:00:30:47 -0700] "GET /robots.txt HTTP/1.1" 200 233 "-" "Mozilla/5.0 (compatible; Yahoo! Slurp; http://help.yahoo.com/help/us/ysearch/slurp)" 
68.180.230.247 - - [14/Apr/2017:00:30:47 -0700] "GET /maccdc2012/maccdc2012_full_alert.7z HTTP/1.1" 304 113 "-" "Mozilla/5.0 (compatible; Yahoo! Slurp; http://help.yahoo.com/help/us/ysearch/slurp)" 
216.244.66.227 - - [14/Apr/2017:00:30:53 -0700] "GET /robots.txt HTTP/1.1" 200 233 "-" "Mozilla/5.0 (compatible; DotBot/1.1; http://www.opensiteexplorer.org/dotbot, help@moz.com)" 
216.244.66.227 - - [14/Apr/2017:00:32:05 -0700] "GET /self.logs/access.log.2016-04-17.gz HTTP/1.1" 200 8865 "-" "Mozilla/5.0 (compatible; DotBot/1.1; http://www.opensiteexplorer.org/dotbot, help@moz.com)" 
216.244.66.227 - - [14/Apr/2017:00:32:07 -0700] "GET /self.logs/error.log.2016-11-21.gz HTTP/1.1" 200 684 "-" "Mozilla/5.0 (compatible; DotBot/1.1; http://www.opensiteexplorer.org/dotbot, help@moz.com)" 
119.6.3.75 - - [14/Apr/2017:00:37:30 -0700] "GET / HTTP/1.1" 301 483 "http://fsecurify.com/fwaf-machine-learning-driven-web-application-firewall/" "Mozilla/5.0 (Windows NT 6.1; Win64; x64) AppleWebKit/537.36 (KHTML, like Gecko) Chrome/56.0.2924.87 Safari/537.36" 
119.6.3.75 - - [14/Apr/2017:00:37:31 -0700] "GET / HTTP/1.1" 200 10792 "http://fsecurify.com/fwaf-machine-learning-driven-web-application-firewall/" "Mozilla/5.0 (Windows NT 6.1; Win64; x64) AppleWebKit/537.36 (KHTML, like Gecko) Chrome/56.0.2924.87 Safari/537.36" 
119.6.3.75 - - [14/Apr/2017:00:37:34 -0700] "GET /GitHub-Mark.png HTTP/1.1" 200 7428 "http://www.secrepo.com/" "Mozilla/5.0 (Windows NT 6.1; Win64; x64) AppleWebKit/537.36 (KHTML, like Gecko) Chrome/56.0.2924.87 Safari/537.36" 
192.195.90.5 - - [14/Apr/2017:00:39:44 -0700] "GET / HTTP/1.1" 200 10792 "http://www.mlsecproject.org/" "Mozilla/5.0 (Windows NT 6.1; WOW64) AppleWebKit/537.36 (KHTML, like Gecko) Chrome/57.0.2987.133 Safari/537.36" 
192.195.90.5 - - [14/Apr/2017:00:39:46 -0700] "GET /twitter-icon.png HTTP/1.1" 200 27787 "http://www.secrepo.com/" "Mozilla/5.0 (Windows NT 6.1; WOW64) AppleWebKit/537.36 (KHTML, like Gecko) Chrome/57.0.2987.133 Safari/537.36" 
192.195.90.5 - - [14/Apr/2017:00:39:46 -0700] "GET /GitHub-Mark.png HTTP/1.1" 200 7428 "http://www.secrepo.com/" "Mozilla/5.0 (Windows NT 6.1; WOW64) AppleWebKit/537.36 (KHTML, like Gecko) Chrome/57.0.2987.133 Safari/537.36" 
192.195.90.5 - - [14/Apr/2017:00:39:46 -0700] "GET /bootstrap/img/favicon.ico HTTP/1.1" 200 589 "http://www.secrepo.com/" "Mozilla/5.0 (Windows NT 6.1; WOW64) AppleWebKit/537.36 (KHTML, like Gecko) Chrome/57.0.2987.133 Safari/537.36" 
66.249.83.82 - - [14/Apr/2017:00:40:41 -0700] "GET / HTTP/1.1" 200 10792 "-" "Mozilla/5.0 (X11; Linux x86_64) AppleWebKit/537.36 (KHTML, like Gecko) Chrome/49.0.2623.75 Safari/537.36 Google Favicon" 
66.249.83.84 - - [14/Apr/2017:00:40:41 -0700] "GET /bootstrap/img/favicon.ico HTTP/1.1" 200 590 "-" "Mozilla/5.0 (X11; Linux x86_64) AppleWebKit/537.36 (KHTML, like Gecko) Chrome/49.0.2623.75 Safari/537.36 Google Favicon" 
119.6.3.75 - - [14/Apr/2017:00:37:38 -0700] "GET /maccdc2012/http.log.gz HTTP/1.1" 200 10542298 "-" "Mozilla/5.0 (Windows NT 6.1; Win64; x64) AppleWebKit/537.36 (KHTML, like Gecko) Chrome/56.0.2924.87 Safari/537.36" 
119.6.3.75 - - [14/Apr/2017:00:41:40 -0700] "GET /maccdc2012/http.log.gz HTTP/1.1" 200 627800 "http://www.secrepo.com/maccdc2012" "Mozilla/4.0 (compatible; MSIE 7.0; Windows NT 6.1; WOW64; Trident/7.0; SLCC2; .NET CLR 2.0.50727; .NET CLR 3.5.30729; .NET CLR 3.0.30729; Media Center PC 6.0; .NET4.0C; InfoPath.3; .NET4.0E)" 
119.6.3.75 - - [14/Apr/2017:00:41:46 -0700] "GET /maccdc2012/http.log.gz HTTP/1.1" 206 443840 "http://www.secrepo.com/maccdc2012" "Mozilla/4.0 (compatible; MSIE 7.0; Windows NT 6.1; WOW64; Trident/7.0; SLCC2; .NET CLR 2.0.50727; .NET CLR 3.5.30729; .NET CLR 3.0.30729; Media Center PC 6.0; .NET4.0C; InfoPath.3; .NET4.0E)" 
119.6.3.75 - - [14/Apr/2017:00:41:46 -0700] "GET /maccdc2012/http.log.gz HTTP/1.1" 206 578160 "http://www.secrepo.com/maccdc2012" "Mozilla/4.0 (compatible; MSIE 7.0; Windows NT 6.1; WOW64; Trident/7.0; SLCC2; .NET CLR 2.0.50727; .NET CLR 3.5.30729; .NET CLR 3.0.30729; Media Center PC 6.0; .NET4.0C; InfoPath.3; .NET4.0E)" 
119.6.3.75 - - [14/Apr/2017:00:41:46 -0700] "GET /maccdc2012/http.log.gz HTTP/1.1" 206 1641040 "http://www.secrepo.com/maccdc2012" "Mozilla/4.0 (compatible; MSIE 7.0; Windows NT 6.1; WOW64; Trident/7.0; SLCC2; .NET CLR 2.0.50727; .NET CLR 3.5.30729; .NET CLR 3.0.30729; Media Center PC 6.0; .NET4.0C; InfoPath.3; .NET4.0E)" 
119.6.3.75 - - [14/Apr/2017:00:43:25 -0700] "GET /maccdc2012/http.log.gz HTTP/1.1" 206 360620 "http://www.secrepo.com/maccdc2012" "Mozilla/4.0 (compatible; MSIE 7.0; Windows NT 6.1; WOW64; Trident/7.0; SLCC2; .NET CLR 2.0.50727; .NET CLR 3.5.30729; .NET CLR 3.0.30729; Media Center PC 6.0; .NET4.0C; InfoPath.3; .NET4.0E)" 
119.6.3.75 - - [14/Apr/2017:00:44:25 -0700] "GET /maccdc2012/http.log.gz HTTP/1.1" 206 998640 "http://www.secrepo.com/maccdc2012" "Mozilla/4.0 (compatible; MSIE 7.0; Windows NT 6.1; WOW64; Trident/7.0; SLCC2; .NET CLR 2.0.50727; .NET CLR 3.5.30729; .NET CLR 3.0.30729; Media Center PC 6.0; .NET4.0C; InfoPath.3; .NET4.0E)" 
119.6.3.75 - - [14/Apr/2017:00:44:55 -0700] "GET /maccdc2012/http.log.gz HTTP/1.1" 206 426320 "http://www.secrepo.com/maccdc2012" "Mozilla/4.0 (compatible; MSIE 7.0; Windows NT 6.1; WOW64; Trident/7.0; SLCC2; .NET CLR 2.0.50727; .NET CLR 3.5.30729; .NET CLR 3.0.30729; Media Center PC 6.0; .NET4.0C; InfoPath.3; .NET4.0E)" 
202.115.10.138 - - [14/Apr/2017:00:45:43 -0700] "GET /bootstrap/img/favicon.ico HTTP/1.1" 304 165 "-" "Mozilla/5.0 (Windows; U; MSIE 6.0; Windows NT 5.1; SV1; .NET CLR 2.0.50727; BIDUBrowser 8.4)" 
202.115.10.138 - - [14/Apr/2017:00:45:43 -0700] "GET /bootstrap/img/favicon.ico HTTP/1.1" 304 165 "-" "Mozilla/5.0 (Windows; U; MSIE 6.0; Windows NT 5.1; SV1; .NET CLR 2.0.50727; BIDUBrowser 8.4)" 
119.6.3.75 - - [14/Apr/2017:00:45:39 -0700] "GET /maccdc2012/http.log.gz HTTP/1.1" 206 166440 "http://www.secrepo.com/maccdc2012" "Mozilla/4.0 (compatible; MSIE 7.0; Windows NT 6.1; WOW64; Trident/7.0; SLCC2; .NET CLR 2.0.50727; .NET CLR 3.5.30729; .NET CLR 3.0.30729; Media Center PC 6.0; .NET4.0C; InfoPath.3; .NET4.0E)" 
202.115.10.138 - - [14/Apr/2017:00:45:57 -0700] "GET / HTTP/1.1" 200 10792 "-" "Mozilla/5.0 (Windows NT 10.0; WOW64) AppleWebKit/537.36 (KHTML, like Gecko) Chrome/47.0.2526.106 BIDUBrowser/8.4 Safari/537.36" 
202.115.10.138 - - [14/Apr/2017:00:46:01 -0700] "GET /twitter-icon.png HTTP/1.1" 200 27788 "http://www.secrepo.com/" "Mozilla/5.0 (Windows NT 10.0; WOW64) AppleWebKit/537.36 (KHTML, like Gecko) Chrome/47.0.2526.106 BIDUBrowser/8.4 Safari/537.36" 
202.115.10.138 - - [14/Apr/2017:00:46:02 -0700] "GET /GitHub-Mark.png HTTP/1.1" 200 7428 "http://www.secrepo.com/" "Mozilla/5.0 (Windows NT 10.0; WOW64) AppleWebKit/537.36 (KHTML, like Gecko) Chrome/47.0.2526.106 BIDUBrowser/8.4 Safari/537.36" 
119.6.3.75 - - [14/Apr/2017:00:46:04 -0700] "GET /maccdc2012/http.log.gz HTTP/1.1" 206 100740 "http://www.secrepo.com/maccdc2012" "Mozilla/4.0 (compatible; MSIE 7.0; Windows NT 6.1; WOW64; Trident/7.0; SLCC2; .NET CLR 2.0.50727; .NET CLR 3.5.30729; .NET CLR 3.0.30729; Media Center PC 6.0; .NET4.0C; InfoPath.3; .NET4.0E)" 
119.6.3.75 - - [14/Apr/2017:00:41:44 -0700] "GET /maccdc2012/http.log.gz HTTP/1.1" 206 11439100 "http://www.secrepo.com/maccdc2012" "Mozilla/4.0 (compatible; MSIE 7.0; Windows NT 6.1; WOW64; Trident/7.0; SLCC2; .NET CLR 2.0.50727; .NET CLR 3.5.30729; .NET CLR 3.0.30729; Media Center PC 6.0; .NET4.0C; InfoPath.3; .NET4.0E)" 
119.6.3.75 - - [14/Apr/2017:00:42:34 -0700] "GET /maccdc2012/http.log.gz HTTP/1.1" 206 11008162 "http://www.secrepo.com/maccdc2012" "Mozilla/4.0 (compatible; MSIE 7.0; Windows NT 6.1; WOW64; Trident/7.0; SLCC2; .NET CLR 2.0.50727; .NET CLR 3.5.30729; .NET CLR 3.0.30729; Media Center PC 6.0; .NET4.0C; InfoPath.3; .NET4.0E)" 
119.6.3.75 - - [14/Apr/2017:00:46:38 -0700] "GET /maccdc2012/http.log.gz HTTP/1.1" 206 166440 "http://www.secrepo.com/maccdc2012" "Mozilla/4.0 (compatible; MSIE 7.0; Windows NT 6.1; WOW64; Trident/7.0; SLCC2; .NET CLR 2.0.50727; .NET CLR 3.5.30729; .NET CLR 3.0.30729; Media Center PC 6.0; .NET4.0C; InfoPath.3; .NET4.0E)" 
119.6.3.75 - - [14/Apr/2017:00:43:21 -0700] "GET /maccdc2012/http.log.gz HTTP/1.1" 206 10795292 "http://www.secrepo.com/maccdc2012" "Mozilla/4.0 (compatible; MSIE 7.0; Windows NT 6.1; WOW64; Trident/7.0; SLCC2; .NET CLR 2.0.50727; .NET CLR 3.5.30729; .NET CLR 3.0.30729; Media Center PC 6.0; .NET4.0C; InfoPath.3; .NET4.0E)" 
119.6.3.75 - - [14/Apr/2017:00:47:06 -0700] "GET /maccdc2012/http.log.gz HTTP/1.1" 206 2904908 "http://www.secrepo.com/maccdc2012" "Mozilla/4.0 (compatible; MSIE 7.0; Windows NT 6.1; WOW64; Trident/7.0; SLCC2; .NET CLR 2.0.50727; .NET CLR 3.5.30729; .NET CLR 3.0.30729; Media Center PC 6.0; .NET4.0C; InfoPath.3; .NET4.0E)" 
119.6.3.75 - - [14/Apr/2017:00:47:26 -0700] "GET /maccdc2012/http.log.gz HTTP/1.1" 206 322660 "http://www.secrepo.com/maccdc2012" "Mozilla/4.0 (compatible; MSIE 7.0; Windows NT 6.1; WOW64; Trident/7.0; SLCC2; .NET CLR 2.0.50727; .NET CLR 3.5.30729; .NET CLR 3.0.30729; Media Center PC 6.0; .NET4.0C; InfoPath.3; .NET4.0E)" 
119.6.3.75 - - [14/Apr/2017:00:46:28 -0700] "GET /maccdc2012/http.log.gz HTTP/1.1" 206 4518700 "http://www.secrepo.com/maccdc2012" "Mozilla/4.0 (compatible; MSIE 7.0; Windows NT 6.1; WOW64; Trident/7.0; SLCC2; .NET CLR 2.0.50727; .NET CLR 3.5.30729; .NET CLR 3.0.30729; Media Center PC 6.0; .NET4.0C; InfoPath.3; .NET4.0E)" 
119.6.3.75 - - [14/Apr/2017:00:47:48 -0700] "GET /maccdc2012/http.log.gz HTTP/1.1" 206 938593 "http://www.secrepo.com/maccdc2012" "Mozilla/4.0 (compatible; MSIE 7.0; Windows NT 6.1; WOW64; Trident/7.0; SLCC2; .NET CLR 2.0.50727; .NET CLR 3.5.30729; .NET CLR 3.0.30729; Media Center PC 6.0; .NET4.0C; InfoPath.3; .NET4.0E)" 
