122.137.68.158 - - [18/Aug/2017:14:12:48 -0700] "GET /honeypot/Honeypot%20-%20Howto.pdf HTTP/1.1" 200 1279418 "-" "Mozilla/4.0 (compatible; MSIE 6.0; Windows NT 5.1)" 
122.137.68.158 - - [18/Aug/2017:14:12:55 -0700] "GET /honeypot/Honeypot%20-%20Howto.pdf HTTP/1.1" 200 1279362 "-" "Mozilla/4.0 (compatible; MSIE 6.0; Windows NT 5.1)" 
122.137.68.158 - - [18/Aug/2017:14:12:59 -0700] "GET /honeypot/Honeypot%20-%20Howto.pdf HTTP/1.1" 200 1279362 "-" "Mozilla/4.0 (compatible; MSIE 6.0; Windows NT 5.1)" 
122.137.68.158 - - [18/Aug/2017:14:13:05 -0700] "GET /honeypot/Honeypot%20-%20Howto.pdf HTTP/1.1" 200 1279362 "-" "Mozilla/4.0 (compatible; MSIE 6.0; Windows NT 5.1)" 
122.137.68.158 - - [18/Aug/2017:14:13:11 -0700] "GET /honeypot/Honeypot%20-%20Howto.pdf HTTP/1.1" 200 1279362 "-" "Mozilla/4.0 (compatible; MSIE 6.0; Windows NT 5.1)" 
122.137.68.158 - - [18/Aug/2017:14:13:16 -0700] "GET /honeypot/Honeypot%20-%20Howto.pdf HTTP/1.1" 200 1279362 "-" "Mozilla/4.0 (compatible; MSIE 6.0; Windows NT 5.1)" 
122.137.68.158 - - [18/Aug/2017:14:13:22 -0700] "GET /honeypot/Honeypot%20-%20Howto.pdf HTTP/1.1" 200 219910 "-" "Mozilla/4.0 (compatible; MSIE 6.0; Windows NT 5.1)" 
122.137.68.158 - - [18/Aug/2017:14:13:21 -0700] "GET /honeypot/Honeypot%20-%20Howto.pdf HTTP/1.1" 200 1279362 "-" "Mozilla/4.0 (compatible; MSIE 6.0; Windows NT 5.1)" 
122.137.68.158 - - [18/Aug/2017:14:13:26 -0700] "GET /honeypot/Honeypot%20-%20Howto.pdf HTTP/1.1" 200 1279362 "-" "Mozilla/4.0 (compatible; MSIE 6.0; Windows NT 5.1)" 
122.137.68.158 - - [18/Aug/2017:14:13:26 -0700] "GET /honeypot/Honeypot%20-%20Howto.pdf HTTP/1.1" 200 1279362 "-" "Mozilla/4.0 (compatible; MSIE 6.0; Windows NT 5.1)" 
122.137.68.158 - - [18/Aug/2017:14:13:41 -0700] "GET /honeypot/Honeypot%20-%20Howto.pdf HTTP/1.1" 200 1279362 "-" "Mozilla/4.0 (compatible; MSIE 6.0; Windows NT 5.1)" 
122.137.68.158 - - [18/Aug/2017:14:13:47 -0700] "GET /honeypot/Honeypot%20-%20Howto.pdf HTTP/1.1" 200 1279362 "-" "Mozilla/4.0 (compatible; MSIE 6.0; Windows NT 5.1)" 
122.137.68.158 - - [18/Aug/2017:14:14:12 -0700] "GET /honeypot/Honeypot%20-%20Howto.pdf HTTP/1.1" 200 1279362 "-" "Mozilla/4.0 (compatible; MSIE 6.0; Windows NT 5.1)" 
122.137.68.158 - - [18/Aug/2017:14:14:18 -0700] "GET /honeypot/Honeypot%20-%20Howto.pdf HTTP/1.1" 200 1279362 "-" "Mozilla/4.0 (compatible; MSIE 6.0; Windows NT 5.1)" 
122.137.68.158 - - [18/Aug/2017:14:14:35 -0700] "GET /honeypot/Honeypot%20-%20Howto.pdf HTTP/1.1" 200 1279362 "-" "Mozilla/4.0 (compatible; MSIE 6.0; Windows NT 5.1)" 
122.137.68.158 - - [18/Aug/2017:14:14:43 -0700] "GET /honeypot/Honeypot%20-%20Howto.pdf HTTP/1.1" 200 1279362 "-" "Mozilla/4.0 (compatible; MSIE 6.0; Windows NT 5.1)" 
122.137.68.158 - - [18/Aug/2017:14:15:06 -0700] "GET /honeypot/Honeypot%20-%20Howto.pdf HTTP/1.1" 200 46720 "-" "Mozilla/4.0 (compatible; MSIE 6.0; Windows NT 5.1)" 
122.137.68.158 - - [18/Aug/2017:14:14:50 -0700] "GET /honeypot/Honeypot%20-%20Howto.pdf HTTP/1.1" 200 1279362 "-" "Mozilla/4.0 (compatible; MSIE 6.0; Windows NT 5.1)" 
110.136.73.220 - - [18/Aug/2017:14:15:25 -0700] "GET / HTTP/1.1" 200 10913 "https://www.google.co.id/" "Mozilla/5.0 (Windows NT 10.0; Win64; x64) AppleWebKit/537.36 (KHTML, like Gecko) Chrome/51.0.2704.79 Safari/537.36 Edge/14.14393" 
110.136.73.220 - - [18/Aug/2017:14:15:25 -0700] "GET /GitHub-Mark.png HTTP/1.1" 200 7427 "http://www.secrepo.com/" "Mozilla/5.0 (Windows NT 10.0; Win64; x64) AppleWebKit/537.36 (KHTML, like Gecko) Chrome/51.0.2704.79 Safari/537.36 Edge/14.14393" 
110.136.73.220 - - [18/Aug/2017:14:15:25 -0700] "GET /twitter-icon.png HTTP/1.1" 200 27788 "http://www.secrepo.com/" "Mozilla/5.0 (Windows NT 10.0; Win64; x64) AppleWebKit/537.36 (KHTML, like Gecko) Chrome/51.0.2704.79 Safari/537.36 Edge/14.14393" 
173.36.240.175 - - [18/Aug/2017:14:14:40 -0700] "GET /maccdc2012/conn.log.gz HTTP/1.1" 200 8554783 "-" "Mozilla/5.0 (Windows NT 10.0; Win64; x64) AppleWebKit/537.36 (KHTML, like Gecko) Chrome/60.0.3112.101 Safari/537.36" 
173.36.240.175 - - [18/Aug/2017:14:14:40 -0700] "GET /maccdc2012/conn.log.gz HTTP/1.1" 200 551041635 "-" "Mozilla/5.0 (Windows NT 10.0; Win64; x64) AppleWebKit/537.36 (KHTML, like Gecko) Chrome/60.0.3112.101 Safari/537.36" 
207.46.13.61 - - [18/Aug/2017:14:22:27 -0700] "GET /self.logs/access.log.2015-12-14.gz HTTP/1.1" 200 6603 "-" "Mozilla/5.0 (compatible; bingbot/2.0; +http://www.bing.com/bingbot.htm)" 
110.136.73.220 - - [18/Aug/2017:14:23:03 -0700] "GET /tg/a.zip HTTP/1.1" 200 66189337 "http://www.secrepo.com/" "Mozilla/5.0 (Windows NT 10.0; Win64; x64) AppleWebKit/537.36 (KHTML, like Gecko) Chrome/51.0.2704.79 Safari/537.36 Edge/14.14393" 
52.168.161.70 - - [18/Aug/2017:14:25:56 -0700] "HEAD / HTTP/1.1" 301 253 "https://www.google.com/" "Mozilla/5.0 (compatible; epicbot; +http://www.epictions.com/epicbot)" 
52.168.161.70 - - [18/Aug/2017:14:25:58 -0700] "HEAD / HTTP/1.1" 301 253 "https://www.google.com/" "Mozilla/5.0 (compatible; epicbot; +http://www.epictions.com/epicbot)" 
52.168.161.70 - - [18/Aug/2017:14:25:58 -0700] "HEAD / HTTP/1.1" 301 253 "https://www.google.com/" "Mozilla/5.0 (compatible; epicbot; +http://www.epictions.com/epicbot)" 
190.192.197.123 - - [18/Aug/2017:14:31:07 -0700] "GET /wp-login.php HTTP/1.1" 404 295 "-" "Mozilla/5.0 (Windows NT 6.1; WOW64; rv:40.0) Gecko/20100101 Firefox/40.1" 
190.192.197.123 - - [18/Aug/2017:14:31:13 -0700] "GET /wp-login.php HTTP/1.1" 404 295 "-" "Mozilla/5.0 (Windows NT 6.1; WOW64; rv:40.0) Gecko/20100101 Firefox/40.1" 
190.192.197.123 - - [18/Aug/2017:14:31:18 -0700] "GET / HTTP/1.1" 200 36860 "-" "Mozilla/5.0 (Windows NT 6.1; WOW64; rv:40.0) Gecko/20100101 Firefox/40.1" 
110.136.73.220 - - [18/Aug/2017:14:38:24 -0700] "GET /maccdc2012/dns.log.gz HTTP/1.1" 200 6629420 "http://www.secrepo.com/" "Mozilla/5.0 (Windows NT 10.0; Win64; x64) AppleWebKit/537.36 (KHTML, like Gecko) Chrome/51.0.2704.79 Safari/537.36 Edge/14.14393" 
110.136.73.220 - - [18/Aug/2017:14:38:24 -0700] "GET /maccdc2012/dns.log.gz HTTP/1.1" 200 6629420 "http://www.secrepo.com/" "Mozilla/5.0 (Windows NT 10.0; Win64; x64) AppleWebKit/537.36 (KHTML, like Gecko) Chrome/51.0.2704.79 Safari/537.36 Edge/14.14393" 
207.46.13.89 - - [18/Aug/2017:14:39:20 -0700] "GET /self.logs/ HTTP/1.1" 200 19178 "-" "Mozilla/5.0 (iPhone; CPU iPhone OS 7_0 like Mac OS X) AppleWebKit/537.51.1 (KHTML, like Gecko) Version/7.0 Mobile/11A465 Safari/9537.53 (compatible; bingbot/2.0; +http://www.bing.com/bingbot.htm)" 
162.195.116.40 - - [18/Aug/2017:14:40:31 -0700] "GET / HTTP/1.1" 200 10913 "https://www.google.com/" "Mozilla/5.0 (Windows NT 10.0; Win64; x64) AppleWebKit/537.36 (KHTML, like Gecko) Chrome/60.0.3112.90 Safari/537.36" 
162.195.116.40 - - [18/Aug/2017:14:40:32 -0700] "GET /twitter-icon.png HTTP/1.1" 200 27787 "http://www.secrepo.com/" "Mozilla/5.0 (Windows NT 10.0; Win64; x64) AppleWebKit/537.36 (KHTML, like Gecko) Chrome/60.0.3112.90 Safari/537.36" 
162.195.116.40 - - [18/Aug/2017:14:40:32 -0700] "GET /GitHub-Mark.png HTTP/1.1" 200 7428 "http://www.secrepo.com/" "Mozilla/5.0 (Windows NT 10.0; Win64; x64) AppleWebKit/537.36 (KHTML, like Gecko) Chrome/60.0.3112.90 Safari/537.36" 
162.195.116.40 - - [18/Aug/2017:14:40:32 -0700] "GET /bootstrap/img/favicon.ico HTTP/1.1" 200 589 "http://www.secrepo.com/" "Mozilla/5.0 (Windows NT 10.0; Win64; x64) AppleWebKit/537.36 (KHTML, like Gecko) Chrome/60.0.3112.90 Safari/537.36" 
52.168.161.70 - - [18/Aug/2017:14:43:52 -0700] "HEAD / HTTP/1.1" 301 253 "https://www.google.com/" "Mozilla/5.0 (compatible; epicbot; +http://www.epictions.com/epicbot)" 
52.168.161.70 - - [18/Aug/2017:14:43:52 -0700] "HEAD / HTTP/1.1" 301 253 "https://www.google.com/" "Mozilla/5.0 (compatible; epicbot; +http://www.epictions.com/epicbot)" 
52.168.161.70 - - [18/Aug/2017:14:43:52 -0700] "HEAD / HTTP/1.1" 301 253 "https://www.google.com/" "Mozilla/5.0 (compatible; epicbot; +http://www.epictions.com/epicbot)" 
52.168.161.70 - - [18/Aug/2017:14:43:52 -0700] "HEAD / HTTP/1.1" 301 253 "https://www.google.com/" "Mozilla/5.0 (compatible; epicbot; +http://www.epictions.com/epicbot)" 
52.168.161.70 - - [18/Aug/2017:14:43:52 -0700] "HEAD / HTTP/1.1" 301 253 "https://www.google.com/" "Mozilla/5.0 (compatible; epicbot; +http://www.epictions.com/epicbot)" 
52.168.161.70 - - [18/Aug/2017:14:43:54 -0700] "HEAD / HTTP/1.1" 301 253 "https://www.google.com/" "Mozilla/5.0 (compatible; epicbot; +http://www.epictions.com/epicbot)" 
52.168.161.70 - - [18/Aug/2017:14:43:54 -0700] "HEAD / HTTP/1.1" 301 253 "https://www.google.com/" "Mozilla/5.0 (compatible; epicbot; +http://www.epictions.com/epicbot)" 
52.168.161.70 - - [18/Aug/2017:14:43:54 -0700] "HEAD / HTTP/1.1" 301 253 "https://www.google.com/" "Mozilla/5.0 (compatible; epicbot; +http://www.epictions.com/epicbot)" 
52.168.161.70 - - [18/Aug/2017:14:43:54 -0700] "HEAD / HTTP/1.1" 301 253 "https://www.google.com/" "Mozilla/5.0 (compatible; epicbot; +http://www.epictions.com/epicbot)" 
52.168.161.70 - - [18/Aug/2017:14:43:54 -0700] "HEAD / HTTP/1.1" 301 253 "https://www.google.com/" "Mozilla/5.0 (compatible; epicbot; +http://www.epictions.com/epicbot)" 
52.168.161.70 - - [18/Aug/2017:14:43:54 -0700] "HEAD / HTTP/1.1" 301 253 "https://www.google.com/" "Mozilla/5.0 (compatible; epicbot; +http://www.epictions.com/epicbot)" 
52.168.161.70 - - [18/Aug/2017:14:43:54 -0700] "HEAD / HTTP/1.1" 301 253 "https://www.google.com/" "Mozilla/5.0 (compatible; epicbot; +http://www.epictions.com/epicbot)" 
52.168.161.70 - - [18/Aug/2017:14:43:54 -0700] "HEAD / HTTP/1.1" 301 253 "https://www.google.com/" "Mozilla/5.0 (compatible; epicbot; +http://www.epictions.com/epicbot)" 
52.168.161.70 - - [18/Aug/2017:14:43:55 -0700] "HEAD / HTTP/1.1" 301 253 "https://www.google.com/" "Mozilla/5.0 (compatible; epicbot; +http://www.epictions.com/epicbot)" 
52.168.161.70 - - [18/Aug/2017:14:43:55 -0700] "HEAD / HTTP/1.1" 301 253 "https://www.google.com/" "Mozilla/5.0 (compatible; epicbot; +http://www.epictions.com/epicbot)" 
50.193.47.170 - - [18/Aug/2017:14:44:50 -0700] "GET /bootstrap/img/favicon.ico HTTP/1.1" 200 590 "-" "Mozilla/5.0 (Macintosh; Intel Mac OS X 10.12; rv:55.0) Gecko/20100101 Firefox/55.0" 
157.55.39.96 - - [18/Aug/2017:14:47:36 -0700] "GET /self.logs/access.log.2017-01-24.gz HTTP/1.1" 200 17090 "-" "Mozilla/5.0 (compatible; bingbot/2.0; +http://www.bing.com/bingbot.htm)" 
216.244.66.250 - - [18/Aug/2017:14:49:37 -0700] "GET /robots.txt HTTP/1.1" 200 233 "-" "Mozilla/5.0 (compatible; DotBot/1.1; http://www.opensiteexplorer.org/dotbot, help@moz.com)" 
52.168.161.70 - - [18/Aug/2017:14:50:17 -0700] "HEAD / HTTP/1.1" 200 282 "https://www.google.com/" "Mozilla/5.0 (compatible; epicbot; +http://www.epictions.com/epicbot)" 
52.168.161.70 - - [18/Aug/2017:14:50:20 -0700] "HEAD / HTTP/1.1" 200 282 "https://www.google.com/" "Mozilla/5.0 (compatible; epicbot; +http://www.epictions.com/epicbot)" 
52.168.161.70 - - [18/Aug/2017:14:50:20 -0700] "HEAD / HTTP/1.1" 200 282 "https://www.google.com/" "Mozilla/5.0 (compatible; epicbot; +http://www.epictions.com/epicbot)" 
173.212.221.62 - - [18/Aug/2017:14:52:46 -0700] "GET /robots.txt HTTP/1.1" 301 518 "-" "Mozilla/5.0 (compatible; MJ12bot/v1.4.7; http://mj12bot.com/)" 
173.212.221.62 - - [18/Aug/2017:14:52:48 -0700] "GET /robots.txt HTTP/1.1" 200 289 "-" "Mozilla/5.0 (compatible; MJ12bot/v1.4.7; http://mj12bot.com/)" 
173.212.221.62 - - [18/Aug/2017:14:52:51 -0700] "GET /%C2%A0%C2%A0 HTTP/1.1" 301 450 "-" "Mozilla/5.0 (compatible; MJ12bot/v1.4.7; http://mj12bot.com/)" 
173.212.221.62 - - [18/Aug/2017:14:52:54 -0700] "GET /%C3%82%C2%A0%C3%82 HTTP/1.1" 404 239 "-" "Mozilla/5.0 (compatible; MJ12bot/v1.4.7; http://mj12bot.com/)" 
173.212.221.62 - - [18/Aug/2017:14:52:57 -0700] "GET /honeypot//%22http://amunhoney.sourceforge.net//%22 HTTP/1.1" 404 284 "-" "Mozilla/5.0 (compatible; MJ12bot/v1.4.7; http://mj12bot.com/)" 
173.212.221.62 - - [18/Aug/2017:14:53:03 -0700] "GET /honeypot//%22http://glastopf.org//%22 HTTP/1.1" 404 284 "-" "Mozilla/5.0 (compatible; MJ12bot/v1.4.7; http://mj12bot.com/)" 
173.212.221.62 - - [18/Aug/2017:14:53:08 -0700] "GET /honeypot//%22http://www.maxmind.com/%22 HTTP/1.1" 404 284 "-" "Mozilla/5.0 (compatible; MJ12bot/v1.4.7; http://mj12bot.com/)" 
173.212.221.62 - - [18/Aug/2017:14:53:10 -0700] "GET /honeypot//%22https://twitter.com/sooshie/%22 HTTP/1.1" 404 284 "-" "Mozilla/5.0 (compatible; MJ12bot/v1.4.7; http://mj12bot.com/)" 
173.212.221.62 - - [18/Aug/2017:14:53:14 -0700] "GET /honeypot//%22https://twitter.com/theroxyd/%22 HTTP/1.1" 404 284 "-" "Mozilla/5.0 (compatible; MJ12bot/v1.4.7; http://mj12bot.com/)" 
110.136.73.220 - - [18/Aug/2017:14:53:18 -0700] "GET /maccdc2012/dhcp.log.gz HTTP/1.1" 200 45019 "http://www.secrepo.com/" "Mozilla/5.0 (Windows NT 10.0; Win64; x64) AppleWebKit/537.36 (KHTML, like Gecko) Chrome/51.0.2704.79 Safari/537.36 Edge/14.14393" 
42.236.99.230 - - [18/Aug/2017:15:01:23 -0700] "GET / HTTP/1.1" 200 10913 "http://www.secrepo.com/" "Mozilla/5.0 (Windows NT 6.1; WOW64) AppleWebKit/537.36 (KHTML, like Gecko) Chrome/50.0.2661.102 Safari/537.36; 360Spider" 
42.236.99.230 - - [18/Aug/2017:15:01:23 -0700] "GET / HTTP/1.1" 200 10913 "http://www.secrepo.com/" "Mozilla/5.0 (Windows NT 6.1; WOW64) AppleWebKit/537.36 (KHTML, like Gecko) Chrome/50.0.2661.102 Safari/537.36; 360Spider" 
42.236.99.230 - - [18/Aug/2017:15:01:23 -0700] "GET / HTTP/1.1" 301 483 "http://secrepo.com/" "Mozilla/5.0 (Windows NT 6.1; WOW64) AppleWebKit/537.36 (KHTML, like Gecko) Chrome/50.0.2661.102 Safari/537.36; 360Spider" 
42.236.99.230 - - [18/Aug/2017:15:01:23 -0700] "GET / HTTP/1.1" 301 483 "http://secrepo.com/" "Mozilla/5.0 (Windows NT 6.1; WOW64) AppleWebKit/537.36 (KHTML, like Gecko) Chrome/50.0.2661.102 Safari/537.36; 360Spider" 
42.236.99.230 - - [18/Aug/2017:15:01:23 -0700] "GET / HTTP/1.1" 301 483 "http://secrepo.com/" "Mozilla/5.0 (Windows NT 6.1; WOW64) AppleWebKit/537.36 (KHTML, like Gecko) Chrome/50.0.2661.102 Safari/537.36; 360Spider" 
42.236.99.230 - - [18/Aug/2017:15:01:23 -0700] "GET / HTTP/1.1" 200 10913 "http://www.secrepo.com/" "Mozilla/5.0 (Windows NT 6.1; WOW64) AppleWebKit/537.36 (KHTML, like Gecko) Chrome/50.0.2661.102 Safari/537.36; 360Spider" 
42.236.99.230 - - [18/Aug/2017:15:01:23 -0700] "GET / HTTP/1.1" 301 483 "http://secrepo.com/" "Mozilla/5.0 (Windows NT 6.1; WOW64) AppleWebKit/537.36 (KHTML, like Gecko) Chrome/50.0.2661.102 Safari/537.36; 360Spider" 
42.236.99.230 - - [18/Aug/2017:15:01:23 -0700] "GET / HTTP/1.1" 301 483 "http://secrepo.com/" "Mozilla/5.0 (Windows NT 6.1; WOW64) AppleWebKit/537.36 (KHTML, like Gecko) Chrome/50.0.2661.102 Safari/537.36; 360Spider" 
42.236.99.230 - - [18/Aug/2017:15:01:23 -0700] "GET / HTTP/1.1" 200 10912 "http://www.secrepo.com/" "Mozilla/5.0 (Windows NT 6.1; WOW64) AppleWebKit/537.36 (KHTML, like Gecko) Chrome/50.0.2661.102 Safari/537.36; 360Spider" 
42.236.99.230 - - [18/Aug/2017:15:01:23 -0700] "GET / HTTP/1.1" 200 10912 "http://www.secrepo.com/" "Mozilla/5.0 (Windows NT 6.1; WOW64) AppleWebKit/537.36 (KHTML, like Gecko) Chrome/50.0.2661.102 Safari/537.36; 360Spider" 
42.236.99.230 - - [18/Aug/2017:15:01:23 -0700] "GET / HTTP/1.1" 200 10912 "http://www.secrepo.com/" "Mozilla/5.0 (Windows NT 6.1; WOW64) AppleWebKit/537.36 (KHTML, like Gecko) Chrome/50.0.2661.102 Safari/537.36; 360Spider" 
42.236.99.230 - - [18/Aug/2017:15:01:24 -0700] "GET / HTTP/1.1" 200 10912 "http://www.secrepo.com/" "Mozilla/5.0 (Windows NT 6.1; WOW64) AppleWebKit/537.36 (KHTML, like Gecko) Chrome/50.0.2661.102 Safari/537.36; 360Spider" 
42.236.99.230 - - [18/Aug/2017:15:01:24 -0700] "GET / HTTP/1.1" 200 10912 "http://www.secrepo.com/" "Mozilla/5.0 (Windows NT 6.1; WOW64) AppleWebKit/537.36 (KHTML, like Gecko) Chrome/50.0.2661.102 Safari/537.36; 360Spider" 
42.236.99.230 - - [18/Aug/2017:15:01:24 -0700] "GET / HTTP/1.1" 200 10913 "http://www.secrepo.com/" "Mozilla/5.0 (Windows NT 6.1; WOW64) AppleWebKit/537.36 (KHTML, like Gecko) Chrome/50.0.2661.102 Safari/537.36; 360Spider" 
42.236.54.22 - - [18/Aug/2017:15:01:47 -0700] "GET / HTTP/1.1" 200 10913 "http://www.secrepo.com/" "Mozilla/5.0 (Windows NT 6.1; WOW64) AppleWebKit/537.36 (KHTML, like Gecko) Chrome/50.0.2661.102 Safari/537.36; 360Spider" 
90.207.171.207 - - [18/Aug/2017:15:06:11 -0700] "GET /wp-login.php HTTP/1.1" 404 295 "-" "Mozilla/5.0 (Windows NT 6.1; WOW64; rv:40.0) Gecko/20100101 Firefox/40.1" 
90.207.171.207 - - [18/Aug/2017:15:06:16 -0700] "GET /wp-login.php HTTP/1.1" 404 295 "-" "Mozilla/5.0 (Windows NT 6.1; WOW64; rv:40.0) Gecko/20100101 Firefox/40.1" 
90.207.171.207 - - [18/Aug/2017:15:06:21 -0700] "GET / HTTP/1.1" 200 36860 "-" "Mozilla/5.0 (Windows NT 6.1; WOW64; rv:40.0) Gecko/20100101 Firefox/40.1" 
211.103.88.105 - - [18/Aug/2017:15:08:55 -0700] "GET /maccdc2012/maccdc2012_full_alert.7z HTTP/1.1" 304 132 "-" "Mozilla/5.0 Gecko/20100115 Firefox/3.6" 
157.55.39.96 - - [18/Aug/2017:15:20:23 -0700] "GET /self.logs/error.log.2015-01-22.gz HTTP/1.1" 200 688 "-" "Mozilla/5.0 (compatible; bingbot/2.0; +http://www.bing.com/bingbot.htm)" 
101.53.101.172 - - [18/Aug/2017:15:41:15 -0700] "GET /honeypot/Honeypot%20-%20Howto.pdf HTTP/1.0" 200 1279381 "http://www.secrepo.com/" "Mozilla/5.0 (Macintosh; Intel Mac OS X 10_11_6) AppleWebKit/537.36 (KHTML, like Gecko) Chrome/59.0.3071.115 Safari/537.36" 
207.46.13.89 - - [18/Aug/2017:15:44:16 -0700] "GET /self.logs/error.log.2015-05-12.gz HTTP/1.1" 200 923 "-" "Mozilla/5.0 (compatible; bingbot/2.0; +http://www.bing.com/bingbot.htm)" 
189.6.19.250 - - [18/Aug/2017:15:44:39 -0700] "GET / HTTP/1.1" 200 10913 "-" "Mozilla/5.0 (Windows NT 10.0; Win64; x64) AppleWebKit/537.36 (KHTML, like Gecko) Chrome/60.0.3112.101 Safari/537.36" 
189.6.19.250 - - [18/Aug/2017:15:45:58 -0700] "GET /GitHub-Mark.png HTTP/1.1" 200 7428 "http://www.secrepo.com/" "Mozilla/5.0 (Windows NT 10.0; Win64; x64) AppleWebKit/537.36 (KHTML, like Gecko) Chrome/60.0.3112.101 Safari/537.36" 
189.6.19.250 - - [18/Aug/2017:15:45:58 -0700] "GET /twitter-icon.png HTTP/1.1" 200 27788 "http://www.secrepo.com/" "Mozilla/5.0 (Windows NT 10.0; Win64; x64) AppleWebKit/537.36 (KHTML, like Gecko) Chrome/60.0.3112.101 Safari/537.36" 
90.207.171.207 - - [18/Aug/2017:15:59:56 -0700] "GET /wp-login.php HTTP/1.1" 301 522 "-" "Mozilla/5.0 (Windows NT 6.1; WOW64; rv:40.0) Gecko/20100101 Firefox/40.1" 
90.207.171.207 - - [18/Aug/2017:15:59:56 -0700] "GET /wp-login.php HTTP/1.1" 404 295 "-" "Mozilla/5.0 (Windows NT 6.1; WOW64; rv:40.0) Gecko/20100101 Firefox/40.1" 
90.207.171.207 - - [18/Aug/2017:16:00:02 -0700] "GET /wp-login.php HTTP/1.1" 301 522 "-" "Mozilla/5.0 (Windows NT 6.1; WOW64; rv:40.0) Gecko/20100101 Firefox/40.1" 
90.207.171.207 - - [18/Aug/2017:16:00:02 -0700] "GET /wp-login.php HTTP/1.1" 404 295 "-" "Mozilla/5.0 (Windows NT 6.1; WOW64; rv:40.0) Gecko/20100101 Firefox/40.1" 
90.207.171.207 - - [18/Aug/2017:16:00:07 -0700] "GET / HTTP/1.1" 301 498 "-" "Mozilla/5.0 (Windows NT 6.1; WOW64; rv:40.0) Gecko/20100101 Firefox/40.1" 
90.207.171.207 - - [18/Aug/2017:16:00:07 -0700] "GET / HTTP/1.1" 200 36860 "-" "Mozilla/5.0 (Windows NT 6.1; WOW64; rv:40.0) Gecko/20100101 Firefox/40.1" 
40.77.167.105 - - [18/Aug/2017:16:10:36 -0700] "GET /self.logs/error.log.2015-05-16.gz HTTP/1.1" 200 652 "-" "Mozilla/5.0 (compatible; bingbot/2.0; +http://www.bing.com/bingbot.htm)" 
200.163.115.115 - - [18/Aug/2017:16:14:13 -0700] "GET /wp-login.php HTTP/1.1" 404 295 "-" "Mozilla/5.0 (Windows NT 6.1; WOW64; rv:40.0) Gecko/20100101 Firefox/40.1" 
200.163.115.115 - - [18/Aug/2017:16:14:19 -0700] "GET /wp-login.php HTTP/1.1" 404 295 "-" "Mozilla/5.0 (Windows NT 6.1; WOW64; rv:40.0) Gecko/20100101 Firefox/40.1" 
200.163.115.115 - - [18/Aug/2017:16:14:24 -0700] "GET / HTTP/1.1" 200 36860 "-" "Mozilla/5.0 (Windows NT 6.1; WOW64; rv:40.0) Gecko/20100101 Firefox/40.1" 
207.46.13.89 - - [18/Aug/2017:16:18:44 -0700] "GET /self.logs/access.log.2015-10-24.gz HTTP/1.1" 200 4858 "-" "Mozilla/5.0 (compatible; bingbot/2.0; +http://www.bing.com/bingbot.htm)" 
52.168.161.70 - - [18/Aug/2017:16:19:25 -0700] "HEAD / HTTP/1.1" 301 253 "https://www.google.com/" "Mozilla/5.0 (compatible; epicbot; +http://www.epictions.com/epicbot)" 
52.168.161.70 - - [18/Aug/2017:16:19:25 -0700] "HEAD / HTTP/1.1" 301 253 "https://www.google.com/" "Mozilla/5.0 (compatible; epicbot; +http://www.epictions.com/epicbot)" 
52.168.161.70 - - [18/Aug/2017:16:19:25 -0700] "HEAD / HTTP/1.1" 301 253 "https://www.google.com/" "Mozilla/5.0 (compatible; epicbot; +http://www.epictions.com/epicbot)" 
52.168.161.70 - - [18/Aug/2017:16:19:25 -0700] "HEAD / HTTP/1.1" 301 253 "https://www.google.com/" "Mozilla/5.0 (compatible; epicbot; +http://www.epictions.com/epicbot)" 
52.168.161.70 - - [18/Aug/2017:16:19:25 -0700] "HEAD / HTTP/1.1" 301 253 "https://www.google.com/" "Mozilla/5.0 (compatible; epicbot; +http://www.epictions.com/epicbot)" 
52.168.161.70 - - [18/Aug/2017:16:19:25 -0700] "HEAD / HTTP/1.1" 301 253 "https://www.google.com/" "Mozilla/5.0 (compatible; epicbot; +http://www.epictions.com/epicbot)" 
52.168.161.70 - - [18/Aug/2017:16:19:25 -0700] "HEAD / HTTP/1.1" 301 253 "https://www.google.com/" "Mozilla/5.0 (compatible; epicbot; +http://www.epictions.com/epicbot)" 
52.168.161.70 - - [18/Aug/2017:16:19:25 -0700] "HEAD / HTTP/1.1" 301 253 "https://www.google.com/" "Mozilla/5.0 (compatible; epicbot; +http://www.epictions.com/epicbot)" 
52.168.161.70 - - [18/Aug/2017:16:19:25 -0700] "HEAD / HTTP/1.1" 301 253 "https://www.google.com/" "Mozilla/5.0 (compatible; epicbot; +http://www.epictions.com/epicbot)" 
52.168.161.70 - - [18/Aug/2017:16:19:25 -0700] "HEAD / HTTP/1.1" 301 253 "https://www.google.com/" "Mozilla/5.0 (compatible; epicbot; +http://www.epictions.com/epicbot)" 
52.168.161.70 - - [18/Aug/2017:16:19:25 -0700] "HEAD / HTTP/1.1" 200 282 "https://www.google.com/" "Mozilla/5.0 (compatible; epicbot; +http://www.epictions.com/epicbot)" 
52.168.161.70 - - [18/Aug/2017:16:19:25 -0700] "HEAD / HTTP/1.1" 301 253 "https://www.google.com/" "Mozilla/5.0 (compatible; epicbot; +http://www.epictions.com/epicbot)" 
52.168.161.70 - - [18/Aug/2017:16:19:27 -0700] "HEAD / HTTP/1.1" 301 253 "https://www.google.com/" "Mozilla/5.0 (compatible; epicbot; +http://www.epictions.com/epicbot)" 
52.168.161.70 - - [18/Aug/2017:16:19:27 -0700] "HEAD / HTTP/1.1" 301 253 "https://www.google.com/" "Mozilla/5.0 (compatible; epicbot; +http://www.epictions.com/epicbot)" 
52.168.161.70 - - [18/Aug/2017:16:19:27 -0700] "HEAD / HTTP/1.1" 301 253 "https://www.google.com/" "Mozilla/5.0 (compatible; epicbot; +http://www.epictions.com/epicbot)" 
52.168.161.70 - - [18/Aug/2017:16:19:27 -0700] "HEAD / HTTP/1.1" 301 253 "https://www.google.com/" "Mozilla/5.0 (compatible; epicbot; +http://www.epictions.com/epicbot)" 
52.168.161.70 - - [18/Aug/2017:16:19:27 -0700] "HEAD / HTTP/1.1" 301 253 "https://www.google.com/" "Mozilla/5.0 (compatible; epicbot; +http://www.epictions.com/epicbot)" 
52.168.161.70 - - [18/Aug/2017:16:19:27 -0700] "HEAD / HTTP/1.1" 301 253 "https://www.google.com/" "Mozilla/5.0 (compatible; epicbot; +http://www.epictions.com/epicbot)" 
52.168.161.70 - - [18/Aug/2017:16:19:27 -0700] "HEAD / HTTP/1.1" 301 253 "https://www.google.com/" "Mozilla/5.0 (compatible; epicbot; +http://www.epictions.com/epicbot)" 
52.168.161.70 - - [18/Aug/2017:16:19:27 -0700] "HEAD / HTTP/1.1" 301 253 "https://www.google.com/" "Mozilla/5.0 (compatible; epicbot; +http://www.epictions.com/epicbot)" 
52.168.161.70 - - [18/Aug/2017:16:19:27 -0700] "HEAD / HTTP/1.1" 301 253 "https://www.google.com/" "Mozilla/5.0 (compatible; epicbot; +http://www.epictions.com/epicbot)" 
52.168.161.70 - - [18/Aug/2017:16:19:27 -0700] "HEAD / HTTP/1.1" 301 253 "https://www.google.com/" "Mozilla/5.0 (compatible; epicbot; +http://www.epictions.com/epicbot)" 
52.168.161.70 - - [18/Aug/2017:16:19:27 -0700] "HEAD / HTTP/1.1" 301 253 "https://www.google.com/" "Mozilla/5.0 (compatible; epicbot; +http://www.epictions.com/epicbot)" 
52.168.161.70 - - [18/Aug/2017:16:19:27 -0700] "HEAD / HTTP/1.1" 301 253 "https://www.google.com/" "Mozilla/5.0 (compatible; epicbot; +http://www.epictions.com/epicbot)" 
52.168.161.70 - - [18/Aug/2017:16:19:27 -0700] "HEAD / HTTP/1.1" 301 253 "https://www.google.com/" "Mozilla/5.0 (compatible; epicbot; +http://www.epictions.com/epicbot)" 
52.168.161.70 - - [18/Aug/2017:16:19:27 -0700] "HEAD / HTTP/1.1" 301 253 "https://www.google.com/" "Mozilla/5.0 (compatible; epicbot; +http://www.epictions.com/epicbot)" 
52.168.161.70 - - [18/Aug/2017:16:19:28 -0700] "HEAD / HTTP/1.1" 301 253 "https://www.google.com/" "Mozilla/5.0 (compatible; epicbot; +http://www.epictions.com/epicbot)" 
52.168.161.70 - - [18/Aug/2017:16:19:28 -0700] "HEAD / HTTP/1.1" 301 253 "https://www.google.com/" "Mozilla/5.0 (compatible; epicbot; +http://www.epictions.com/epicbot)" 
52.168.161.70 - - [18/Aug/2017:16:19:28 -0700] "HEAD / HTTP/1.1" 301 253 "https://www.google.com/" "Mozilla/5.0 (compatible; epicbot; +http://www.epictions.com/epicbot)" 
52.168.161.70 - - [18/Aug/2017:16:19:28 -0700] "HEAD / HTTP/1.1" 301 253 "https://www.google.com/" "Mozilla/5.0 (compatible; epicbot; +http://www.epictions.com/epicbot)" 
52.168.161.70 - - [18/Aug/2017:16:19:28 -0700] "HEAD / HTTP/1.1" 200 282 "https://www.google.com/" "Mozilla/5.0 (compatible; epicbot; +http://www.epictions.com/epicbot)" 
52.168.161.70 - - [18/Aug/2017:16:19:28 -0700] "HEAD / HTTP/1.1" 200 282 "https://www.google.com/" "Mozilla/5.0 (compatible; epicbot; +http://www.epictions.com/epicbot)" 
52.168.161.70 - - [18/Aug/2017:16:19:28 -0700] "HEAD / HTTP/1.1" 301 253 "https://www.google.com/" "Mozilla/5.0 (compatible; epicbot; +http://www.epictions.com/epicbot)" 
52.168.161.70 - - [18/Aug/2017:16:19:28 -0700] "HEAD / HTTP/1.1" 301 253 "https://www.google.com/" "Mozilla/5.0 (compatible; epicbot; +http://www.epictions.com/epicbot)" 
216.244.66.250 - - [18/Aug/2017:16:21:46 -0700] "GET /robots.txt HTTP/1.1" 200 233 "-" "Mozilla/5.0 (compatible; DotBot/1.1; http://www.opensiteexplorer.org/dotbot, help@moz.com)" 
207.46.13.89 - - [18/Aug/2017:16:23:25 -0700] "GET /self.logs/access.log.2016-05-27.gz HTTP/1.1" 200 10704 "-" "Mozilla/5.0 (compatible; bingbot/2.0; +http://www.bing.com/bingbot.htm)" 
216.244.66.250 - - [18/Aug/2017:16:23:52 -0700] "GET /self.logs/?C=D;O=D HTTP/1.1" 200 180867 "-" "Mozilla/5.0 (compatible; DotBot/1.1; http://www.opensiteexplorer.org/dotbot, help@moz.com)" 
120.221.1.28 - - [18/Aug/2017:16:24:14 -0700] "GET /maccdc2012/files.log.gz HTTP/1.1" 304 155 "-" "Mozilla/5.0 Gecko/20100115 Firefox/3.6" 
67.253.25.128 - - [18/Aug/2017:16:26:14 -0700] "GET /honeypot/BSidesDFW%20-%202014.ipynb HTTP/1.0" 200 930799 "http://www.secrepo.com/honeypot/BSidesDFW%20-%202014.ipynb" "Mozilla/5.0 (Windows NT 10.0; Win64; x64) AppleWebKit/537.36 (KHTML, like Gecko) Chrome/56.0.2924.87 Safari/537.36 OPR/43.0.2442.1144" 
40.77.167.71 - - [18/Aug/2017:16:26:40 -0700] "GET /self.logs/error.log.2015-02-11.gz HTTP/1.1" 200 1357 "-" "Mozilla/5.0 (compatible; bingbot/2.0; +http://www.bing.com/bingbot.htm)" 
196.18.1.65 - - [18/Aug/2017:16:37:01 -0700] "GET /honeypot/Honeypot%20-%20Howto.pdf HTTP/1.0" 200 1279381 "http://www.secrepo.com/" "Mozilla/5.0 (Macintosh; Intel Mac OS X 10_11_6) AppleWebKit/537.36 (KHTML, like Gecko) Chrome/59.0.3071.115 Safari/537.36" 
24.200.103.67 - - [18/Aug/2017:16:45:35 -0700] "GET /wp-login.php HTTP/1.1" 404 295 "-" "Mozilla/5.0 (Windows NT 6.1; WOW64; rv:40.0) Gecko/20100101 Firefox/40.1" 
24.200.103.67 - - [18/Aug/2017:16:45:40 -0700] "GET /wp-login.php HTTP/1.1" 404 295 "-" "Mozilla/5.0 (Windows NT 6.1; WOW64; rv:40.0) Gecko/20100101 Firefox/40.1" 
24.200.103.67 - - [18/Aug/2017:16:45:45 -0700] "GET / HTTP/1.1" 200 36860 "-" "Mozilla/5.0 (Windows NT 6.1; WOW64; rv:40.0) Gecko/20100101 Firefox/40.1" 
64.62.252.164 - - [18/Aug/2017:16:51:32 -0700] "GET /robots.txt HTTP/1.1" 200 334 "-" "BUbiNG (+http://law.di.unimi.it/BUbiNG.html)" 
64.62.252.164 - - [18/Aug/2017:16:51:32 -0700] "GET / HTTP/1.1" 200 10912 "-" "BUbiNG (+http://law.di.unimi.it/BUbiNG.html)" 
64.102.249.13 - - [18/Aug/2017:16:57:41 -0700] "GET /bootstrap/img/favicon.ico HTTP/1.1" 304 165 "-" "Mozilla/5.0 (Macintosh; Intel Mac OS X 10.12; rv:54.0) Gecko/20100101 Firefox/54.0" 
120.221.0.34 - - [18/Aug/2017:17:01:14 -0700] "GET /honeypot/Honeypot%20-%20Howto.pdf HTTP/1.1" 304 131 "-" "Mozilla/5.0 Gecko/20100115 Firefox/3.6" 
190.192.197.123 - - [18/Aug/2017:17:01:45 -0700] "GET /wp-login.php HTTP/1.1" 301 522 "-" "Mozilla/5.0 (Windows NT 6.1; WOW64; rv:40.0) Gecko/20100101 Firefox/40.1" 
190.192.197.123 - - [18/Aug/2017:17:01:46 -0700] "GET /wp-login.php HTTP/1.1" 404 295 "-" "Mozilla/5.0 (Windows NT 6.1; WOW64; rv:40.0) Gecko/20100101 Firefox/40.1" 
190.192.197.123 - - [18/Aug/2017:17:01:51 -0700] "GET /wp-login.php HTTP/1.1" 301 522 "-" "Mozilla/5.0 (Windows NT 6.1; WOW64; rv:40.0) Gecko/20100101 Firefox/40.1" 
190.192.197.123 - - [18/Aug/2017:17:01:51 -0700] "GET /wp-login.php HTTP/1.1" 404 295 "-" "Mozilla/5.0 (Windows NT 6.1; WOW64; rv:40.0) Gecko/20100101 Firefox/40.1" 
190.192.197.123 - - [18/Aug/2017:17:01:57 -0700] "GET / HTTP/1.1" 301 498 "-" "Mozilla/5.0 (Windows NT 6.1; WOW64; rv:40.0) Gecko/20100101 Firefox/40.1" 
190.192.197.123 - - [18/Aug/2017:17:01:57 -0700] "GET / HTTP/1.1" 200 36860 "-" "Mozilla/5.0 (Windows NT 6.1; WOW64; rv:40.0) Gecko/20100101 Firefox/40.1" 
120.192.95.88 - - [18/Aug/2017:17:06:42 -0700] "GET /maccdc2012/maccdc2012_full_alert.7z HTTP/1.1" 304 132 "-" "Mozilla/5.0 Gecko/20100115 Firefox/3.6" 
180.191.79.218 - - [18/Aug/2017:17:13:10 -0700] "GET /wp-login.php HTTP/1.1" 404 295 "-" "Mozilla/5.0 (Windows NT 6.1; WOW64; rv:40.0) Gecko/20100101 Firefox/40.1" 
180.191.79.218 - - [18/Aug/2017:17:13:15 -0700] "GET /wp-login.php HTTP/1.1" 404 295 "-" "Mozilla/5.0 (Windows NT 6.1; WOW64; rv:40.0) Gecko/20100101 Firefox/40.1" 
180.191.79.218 - - [18/Aug/2017:17:13:21 -0700] "GET / HTTP/1.1" 200 36860 "-" "Mozilla/5.0 (Windows NT 6.1; WOW64; rv:40.0) Gecko/20100101 Firefox/40.1" 
216.244.66.250 - - [18/Aug/2017:17:17:54 -0700] "GET /self.logs/?C=N;O=D HTTP/1.1" 200 180867 "-" "Mozilla/5.0 (compatible; DotBot/1.1; http://www.opensiteexplorer.org/dotbot, help@moz.com)" 
75.129.16.174 - - [18/Aug/2017:17:19:52 -0700] "GET / HTTP/1.1" 200 10913 "https://www.google.com/" "Mozilla/5.0 (Windows NT 10.0; Win64; x64) AppleWebKit/537.36 (KHTML, like Gecko) Chrome/60.0.3112.90 Safari/537.36" 
75.129.16.174 - - [18/Aug/2017:17:19:52 -0700] "GET /twitter-icon.png HTTP/1.1" 200 27787 "http://www.secrepo.com/" "Mozilla/5.0 (Windows NT 10.0; Win64; x64) AppleWebKit/537.36 (KHTML, like Gecko) Chrome/60.0.3112.90 Safari/537.36" 
75.129.16.174 - - [18/Aug/2017:17:19:52 -0700] "GET /GitHub-Mark.png HTTP/1.1" 200 7428 "http://www.secrepo.com/" "Mozilla/5.0 (Windows NT 10.0; Win64; x64) AppleWebKit/537.36 (KHTML, like Gecko) Chrome/60.0.3112.90 Safari/537.36" 
75.129.16.174 - - [18/Aug/2017:17:19:53 -0700] "GET /bootstrap/img/favicon.ico HTTP/1.1" 200 589 "http://www.secrepo.com/" "Mozilla/5.0 (Windows NT 10.0; Win64; x64) AppleWebKit/537.36 (KHTML, like Gecko) Chrome/60.0.3112.90 Safari/537.36" 
75.129.16.174 - - [18/Aug/2017:17:20:44 -0700] "GET /maccdc2012/dhcp.log.gz HTTP/1.1" 200 45019 "http://www.secrepo.com/" "Mozilla/5.0 (Windows NT 10.0; Win64; x64) AppleWebKit/537.36 (KHTML, like Gecko) Chrome/60.0.3112.90 Safari/537.36" 
75.129.16.174 - - [18/Aug/2017:17:20:38 -0700] "GET /maccdc2012/http.log.gz HTTP/1.1" 200 54258816 "http://www.secrepo.com/" "Mozilla/5.0 (Windows NT 10.0; Win64; x64) AppleWebKit/537.36 (KHTML, like Gecko) Chrome/60.0.3112.90 Safari/537.36" 
75.129.16.174 - - [18/Aug/2017:17:20:47 -0700] "GET /maccdc2012/dns.log.gz HTTP/1.1" 200 6629420 "http://www.secrepo.com/" "Mozilla/5.0 (Windows NT 10.0; Win64; x64) AppleWebKit/537.36 (KHTML, like Gecko) Chrome/60.0.3112.90 Safari/537.36" 
75.129.16.174 - - [18/Aug/2017:17:21:06 -0700] "GET /honeypot/honeypot.json.zip HTTP/1.1" 200 3193020 "-" "Mozilla/5.0 (Windows NT 10.0; Win64; x64) AppleWebKit/537.36 (KHTML, like Gecko) Chrome/60.0.3112.90 Safari/537.36" 
180.191.79.218 - - [18/Aug/2017:17:21:26 -0700] "GET /wp-login.php HTTP/1.1" 301 522 "-" "Mozilla/5.0 (Windows NT 6.1; WOW64; rv:40.0) Gecko/20100101 Firefox/40.1" 
180.191.79.218 - - [18/Aug/2017:17:21:27 -0700] "GET /wp-login.php HTTP/1.1" 404 295 "-" "Mozilla/5.0 (Windows NT 6.1; WOW64; rv:40.0) Gecko/20100101 Firefox/40.1" 
180.191.79.218 - - [18/Aug/2017:17:21:32 -0700] "GET /wp-login.php HTTP/1.1" 301 522 "-" "Mozilla/5.0 (Windows NT 6.1; WOW64; rv:40.0) Gecko/20100101 Firefox/40.1" 
180.191.79.218 - - [18/Aug/2017:17:21:33 -0700] "GET /wp-login.php HTTP/1.1" 404 295 "-" "Mozilla/5.0 (Windows NT 6.1; WOW64; rv:40.0) Gecko/20100101 Firefox/40.1" 
180.191.79.218 - - [18/Aug/2017:17:21:39 -0700] "GET / HTTP/1.1" 301 498 "-" "Mozilla/5.0 (Windows NT 6.1; WOW64; rv:40.0) Gecko/20100101 Firefox/40.1" 
180.191.79.218 - - [18/Aug/2017:17:21:39 -0700] "GET / HTTP/1.1" 200 36860 "-" "Mozilla/5.0 (Windows NT 6.1; WOW64; rv:40.0) Gecko/20100101 Firefox/40.1" 
75.129.16.174 - - [18/Aug/2017:17:20:16 -0700] "GET /maccdc2012/conn.log.gz HTTP/1.1" 200 551041635 "http://www.secrepo.com/" "Mozilla/5.0 (Windows NT 10.0; Win64; x64) AppleWebKit/537.36 (KHTML, like Gecko) Chrome/60.0.3112.90 Safari/537.36" 
157.55.39.96 - - [18/Aug/2017:17:23:46 -0700] "GET /self.logs/error.log.2015-05-26.gz HTTP/1.1" 200 782 "-" "Mozilla/5.0 (compatible; bingbot/2.0; +http://www.bing.com/bingbot.htm)" 
79.101.157.173 - - [18/Aug/2017:17:25:08 -0700] "GET /wp-login.php HTTP/1.1" 404 295 "-" "Mozilla/5.0 (Windows NT 6.1; WOW64; rv:40.0) Gecko/20100101 Firefox/40.1" 
79.101.157.173 - - [18/Aug/2017:17:25:13 -0700] "GET /wp-login.php HTTP/1.1" 404 295 "-" "Mozilla/5.0 (Windows NT 6.1; WOW64; rv:40.0) Gecko/20100101 Firefox/40.1" 
79.101.157.173 - - [18/Aug/2017:17:25:18 -0700] "GET / HTTP/1.1" 200 36860 "-" "Mozilla/5.0 (Windows NT 6.1; WOW64; rv:40.0) Gecko/20100101 Firefox/40.1" 
180.76.15.161 - - [18/Aug/2017:17:27:01 -0700] "GET /honeypot/Honeypot%20-%20Howto.pdf HTTP/1.1" 200 932940 "-" "Mozilla/5.0 (compatible; Baiduspider/2.0; +http://www.baidu.com/search/spider.html)" 
79.101.157.173 - - [18/Aug/2017:17:28:10 -0700] "GET /wp-login.php HTTP/1.1" 301 522 "-" "Mozilla/5.0 (Windows NT 6.1; WOW64; rv:40.0) Gecko/20100101 Firefox/40.1" 
79.101.157.173 - - [18/Aug/2017:17:28:10 -0700] "GET /wp-login.php HTTP/1.1" 404 295 "-" "Mozilla/5.0 (Windows NT 6.1; WOW64; rv:40.0) Gecko/20100101 Firefox/40.1" 
79.101.157.173 - - [18/Aug/2017:17:28:16 -0700] "GET /wp-login.php HTTP/1.1" 301 522 "-" "Mozilla/5.0 (Windows NT 6.1; WOW64; rv:40.0) Gecko/20100101 Firefox/40.1" 
79.101.157.173 - - [18/Aug/2017:17:28:16 -0700] "GET /wp-login.php HTTP/1.1" 404 295 "-" "Mozilla/5.0 (Windows NT 6.1; WOW64; rv:40.0) Gecko/20100101 Firefox/40.1" 
79.101.157.173 - - [18/Aug/2017:17:28:21 -0700] "GET / HTTP/1.1" 301 498 "-" "Mozilla/5.0 (Windows NT 6.1; WOW64; rv:40.0) Gecko/20100101 Firefox/40.1" 
79.101.157.173 - - [18/Aug/2017:17:28:22 -0700] "GET / HTTP/1.1" 200 36860 "-" "Mozilla/5.0 (Windows NT 6.1; WOW64; rv:40.0) Gecko/20100101 Firefox/40.1" 
23.245.153.117 - - [18/Aug/2017:17:29:05 -0700] "GET /honeypot/Honeypot%20-%20Howto.pdf HTTP/1.0" 200 1279381 "http://www.secrepo.com/" "Mozilla/5.0 (X11; Linux x86_64) AppleWebKit/537.36 (KHTML, like Gecko) Chrome/59.0.3071.115 Safari/537.36" 
52.168.161.70 - - [18/Aug/2017:17:35:56 -0700] "HEAD / HTTP/1.1" 301 253 "https://www.google.com/" "Mozilla/5.0 (compatible; epicbot; +http://www.epictions.com/epicbot)" 
52.168.161.70 - - [18/Aug/2017:17:35:58 -0700] "HEAD / HTTP/1.1" 301 253 "https://www.google.com/" "Mozilla/5.0 (compatible; epicbot; +http://www.epictions.com/epicbot)" 
52.168.161.70 - - [18/Aug/2017:17:35:58 -0700] "HEAD / HTTP/1.1" 301 253 "https://www.google.com/" "Mozilla/5.0 (compatible; epicbot; +http://www.epictions.com/epicbot)" 
149.56.135.229 - - [18/Aug/2017:17:36:32 -0700] "GET / HTTP/1.1" 301 483 "-" "SocialRankIOBot; http://socialrank.io/about" 
149.56.135.229 - - [18/Aug/2017:17:36:32 -0700] "GET / HTTP/1.1" 200 10913 "-" "SocialRankIOBot; http://socialrank.io/about" 
40.77.167.105 - - [18/Aug/2017:17:37:36 -0700] "GET /self.logs/error.log.2015-06-07.gz HTTP/1.1" 200 560 "-" "Mozilla/5.0 (compatible; bingbot/2.0; +http://www.bing.com/bingbot.htm)" 
68.11.88.111 - - [18/Aug/2017:17:43:23 -0700] "GET /bootstrap/img/favicon.ico HTTP/1.1" 200 590 "http://www.secrepo.com/" "Mozilla/5.0 (Windows NT 10.0; Win64; x64) AppleWebKit/537.36 (KHTML, like Gecko) Chrome/60.0.3112.90 Safari/537.36" 
40.77.167.105 - - [18/Aug/2017:17:43:31 -0700] "GET /self.logs/access.log.2016-07-23.gz HTTP/1.1" 200 7545 "-" "Mozilla/5.0 (compatible; bingbot/2.0; +http://www.bing.com/bingbot.htm)" 
23.94.229.203 - - [18/Aug/2017:17:46:24 -0700] "GET /honeypot/Honeypot%20-%20Howto.pdf HTTP/1.0" 200 1279381 "http://www.secrepo.com/" "Mozilla/5.0 (Macintosh; Intel Mac OS X 10_11_6) AppleWebKit/537.36 (KHTML, like Gecko) Chrome/59.0.3071.115 Safari/537.36" 
149.202.43.226 - - [18/Aug/2017:17:54:32 -0700] "GET / HTTP/1.1" 301 483 "-" "SocialRankIOBot; http://socialrank.io/about" 
149.202.43.226 - - [18/Aug/2017:17:54:33 -0700] "GET / HTTP/1.1" 200 10913 "-" "SocialRankIOBot; http://socialrank.io/about" 
75.129.16.174 - - [18/Aug/2017:17:55:38 -0700] "GET /maccdc2012/conn.log.gz HTTP/1.1" 200 549157643 "-" "Wget/1.17.1 (linux-gnu)" 
52.168.161.70 - - [18/Aug/2017:17:56:57 -0700] "HEAD / HTTP/1.1" 301 253 "https://www.google.com/" "Mozilla/5.0 (compatible; epicbot; +http://www.epictions.com/epicbot)" 
52.168.161.70 - - [18/Aug/2017:17:56:57 -0700] "HEAD / HTTP/1.1" 301 253 "https://www.google.com/" "Mozilla/5.0 (compatible; epicbot; +http://www.epictions.com/epicbot)" 
52.168.161.70 - - [18/Aug/2017:17:56:57 -0700] "HEAD / HTTP/1.1" 301 253 "https://www.google.com/" "Mozilla/5.0 (compatible; epicbot; +http://www.epictions.com/epicbot)" 
52.168.161.70 - - [18/Aug/2017:17:56:57 -0700] "HEAD / HTTP/1.1" 301 253 "https://www.google.com/" "Mozilla/5.0 (compatible; epicbot; +http://www.epictions.com/epicbot)" 
52.168.161.70 - - [18/Aug/2017:17:56:57 -0700] "HEAD / HTTP/1.1" 301 253 "https://www.google.com/" "Mozilla/5.0 (compatible; epicbot; +http://www.epictions.com/epicbot)" 
52.168.161.70 - - [18/Aug/2017:17:56:59 -0700] "HEAD / HTTP/1.1" 301 253 "https://www.google.com/" "Mozilla/5.0 (compatible; epicbot; +http://www.epictions.com/epicbot)" 
52.168.161.70 - - [18/Aug/2017:17:56:59 -0700] "HEAD / HTTP/1.1" 301 253 "https://www.google.com/" "Mozilla/5.0 (compatible; epicbot; +http://www.epictions.com/epicbot)" 
52.168.161.70 - - [18/Aug/2017:17:56:59 -0700] "HEAD / HTTP/1.1" 301 253 "https://www.google.com/" "Mozilla/5.0 (compatible; epicbot; +http://www.epictions.com/epicbot)" 
52.168.161.70 - - [18/Aug/2017:17:56:59 -0700] "HEAD / HTTP/1.1" 301 253 "https://www.google.com/" "Mozilla/5.0 (compatible; epicbot; +http://www.epictions.com/epicbot)" 
52.168.161.70 - - [18/Aug/2017:17:56:59 -0700] "HEAD / HTTP/1.1" 301 253 "https://www.google.com/" "Mozilla/5.0 (compatible; epicbot; +http://www.epictions.com/epicbot)" 
52.168.161.70 - - [18/Aug/2017:17:56:59 -0700] "HEAD / HTTP/1.1" 301 253 "https://www.google.com/" "Mozilla/5.0 (compatible; epicbot; +http://www.epictions.com/epicbot)" 
52.168.161.70 - - [18/Aug/2017:17:56:59 -0700] "HEAD / HTTP/1.1" 301 253 "https://www.google.com/" "Mozilla/5.0 (compatible; epicbot; +http://www.epictions.com/epicbot)" 
52.168.161.70 - - [18/Aug/2017:17:56:59 -0700] "HEAD / HTTP/1.1" 301 253 "https://www.google.com/" "Mozilla/5.0 (compatible; epicbot; +http://www.epictions.com/epicbot)" 
52.168.161.70 - - [18/Aug/2017:17:56:59 -0700] "HEAD / HTTP/1.1" 301 253 "https://www.google.com/" "Mozilla/5.0 (compatible; epicbot; +http://www.epictions.com/epicbot)" 
52.168.161.70 - - [18/Aug/2017:17:56:59 -0700] "HEAD / HTTP/1.1" 301 253 "https://www.google.com/" "Mozilla/5.0 (compatible; epicbot; +http://www.epictions.com/epicbot)" 
207.46.13.89 - - [18/Aug/2017:18:01:25 -0700] "GET /self.logs/access.log.2016-09-13.gz HTTP/1.1" 200 12167 "-" "Mozilla/5.0 (compatible; bingbot/2.0; +http://www.bing.com/bingbot.htm)" 
52.168.161.70 - - [18/Aug/2017:18:03:38 -0700] "HEAD / HTTP/1.1" 200 282 "https://www.google.com/" "Mozilla/5.0 (compatible; epicbot; +http://www.epictions.com/epicbot)" 
52.168.161.70 - - [18/Aug/2017:18:03:41 -0700] "HEAD / HTTP/1.1" 200 282 "https://www.google.com/" "Mozilla/5.0 (compatible; epicbot; +http://www.epictions.com/epicbot)" 
52.168.161.70 - - [18/Aug/2017:18:03:41 -0700] "HEAD / HTTP/1.1" 200 282 "https://www.google.com/" "Mozilla/5.0 (compatible; epicbot; +http://www.epictions.com/epicbot)" 
192.241.106.40 - - [18/Aug/2017:18:08:14 -0700] "GET /honeypot/Honeypot%20-%20Howto.pdf HTTP/1.1" 200 1279418 "http://www.secrepo.com/" "Mozilla/5.0 (Macintosh; Intel Mac OS X 10_11_6) AppleWebKit/537.36 (KHTML, like Gecko) Chrome/59.0.3071.115 Safari/537.36" 
211.103.88.105 - - [18/Aug/2017:18:08:59 -0700] "GET /maccdc2012/maccdc2012_full_alert.7z HTTP/1.1" 304 132 "-" "Mozilla/5.0 Gecko/20100115 Firefox/3.6" 
86.106.19.39 - - [18/Aug/2017:18:09:45 -0700] "GET /honeypot/Honeypot%20-%20Howto.pdf HTTP/1.1" 200 1279418 "http://www.secrepo.com/" "Mozilla/5.0 (Macintosh; Intel Mac OS X 10_11_6) AppleWebKit/537.36 (KHTML, like Gecko) Chrome/59.0.3071.115 Safari/537.36" 
79.169.92.238 - - [18/Aug/2017:18:10:00 -0700] "GET /wp-login.php HTTP/1.1" 404 295 "-" "Mozilla/5.0 (Windows NT 6.1; WOW64; rv:40.0) Gecko/20100101 Firefox/40.1" 
79.169.92.238 - - [18/Aug/2017:18:10:05 -0700] "GET /wp-login.php HTTP/1.1" 404 295 "-" "Mozilla/5.0 (Windows NT 6.1; WOW64; rv:40.0) Gecko/20100101 Firefox/40.1" 
79.169.92.238 - - [18/Aug/2017:18:10:11 -0700] "GET / HTTP/1.1" 200 36860 "-" "Mozilla/5.0 (Windows NT 6.1; WOW64; rv:40.0) Gecko/20100101 Firefox/40.1" 
79.169.92.238 - - [18/Aug/2017:18:13:34 -0700] "GET /wp-login.php HTTP/1.1" 301 522 "-" "Mozilla/5.0 (Windows NT 6.1; WOW64; rv:40.0) Gecko/20100101 Firefox/40.1" 
79.169.92.238 - - [18/Aug/2017:18:13:35 -0700] "GET /wp-login.php HTTP/1.1" 404 295 "-" "Mozilla/5.0 (Windows NT 6.1; WOW64; rv:40.0) Gecko/20100101 Firefox/40.1" 
79.169.92.238 - - [18/Aug/2017:18:13:40 -0700] "GET /wp-login.php HTTP/1.1" 301 522 "-" "Mozilla/5.0 (Windows NT 6.1; WOW64; rv:40.0) Gecko/20100101 Firefox/40.1" 
79.169.92.238 - - [18/Aug/2017:18:13:40 -0700] "GET /wp-login.php HTTP/1.1" 404 295 "-" "Mozilla/5.0 (Windows NT 6.1; WOW64; rv:40.0) Gecko/20100101 Firefox/40.1" 
79.169.92.238 - - [18/Aug/2017:18:13:45 -0700] "GET / HTTP/1.1" 301 498 "-" "Mozilla/5.0 (Windows NT 6.1; WOW64; rv:40.0) Gecko/20100101 Firefox/40.1" 
79.169.92.238 - - [18/Aug/2017:18:13:46 -0700] "GET / HTTP/1.1" 200 36860 "-" "Mozilla/5.0 (Windows NT 6.1; WOW64; rv:40.0) Gecko/20100101 Firefox/40.1" 
161.0.113.11 - - [18/Aug/2017:18:17:22 -0700] "GET /wp-login.php HTTP/1.1" 404 295 "-" "Mozilla/5.0 (Windows NT 6.1; WOW64; rv:40.0) Gecko/20100101 Firefox/40.1" 
161.0.113.11 - - [18/Aug/2017:18:17:27 -0700] "GET /wp-login.php HTTP/1.1" 404 295 "-" "Mozilla/5.0 (Windows NT 6.1; WOW64; rv:40.0) Gecko/20100101 Firefox/40.1" 
161.0.113.11 - - [18/Aug/2017:18:17:32 -0700] "GET / HTTP/1.1" 200 36860 "-" "Mozilla/5.0 (Windows NT 6.1; WOW64; rv:40.0) Gecko/20100101 Firefox/40.1" 
50.193.47.170 - - [18/Aug/2017:18:18:04 -0700] "GET /bootstrap/img/favicon.ico HTTP/1.1" 200 590 "-" "Mozilla/5.0 (Macintosh; Intel Mac OS X 10.12; rv:55.0) Gecko/20100101 Firefox/55.0" 
50.193.47.170 - - [18/Aug/2017:18:18:05 -0700] "GET /bootstrap/img/favicon.ico HTTP/1.1" 200 589 "-" "Mozilla/5.0 (Macintosh; Intel Mac OS X 10.12; rv:55.0) Gecko/20100101 Firefox/55.0" 
40.77.167.71 - - [18/Aug/2017:18:25:26 -0700] "GET /self.logs/access.log.2015-02-15.gz HTTP/1.1" 200 15640 "-" "Mozilla/5.0 (compatible; bingbot/2.0; +http://www.bing.com/bingbot.htm)" 
66.249.69.93 - - [18/Aug/2017:18:25:54 -0700] "GET /robots.txt HTTP/1.1" 200 334 "-" "Mozilla/5.0 (compatible; Googlebot/2.1; +http://www.google.com/bot.html)" 
66.249.69.93 - - [18/Aug/2017:18:25:54 -0700] "GET / HTTP/1.1" 200 10912 "-" "Mozilla/5.0 (compatible; Googlebot/2.1; +http://www.google.com/bot.html)" 
189.10.85.23 - - [18/Aug/2017:18:25:57 -0700] "GET /wp-login.php HTTP/1.1" 404 295 "-" "Mozilla/5.0 (Windows NT 6.1; WOW64; rv:40.0) Gecko/20100101 Firefox/40.1" 
189.10.85.23 - - [18/Aug/2017:18:26:02 -0700] "GET /wp-login.php HTTP/1.1" 404 295 "-" "Mozilla/5.0 (Windows NT 6.1; WOW64; rv:40.0) Gecko/20100101 Firefox/40.1" 
189.10.85.23 - - [18/Aug/2017:18:26:07 -0700] "GET / HTTP/1.1" 200 36860 "-" "Mozilla/5.0 (Windows NT 6.1; WOW64; rv:40.0) Gecko/20100101 Firefox/40.1" 
222.180.251.234 - - [18/Aug/2017:18:36:30 -0700] "GET /honeypot/Honeypot%20-%20Howto.pdf HTTP/1.1" 200 1279362 "-" "Mozilla/4.0 (compatible; MSIE 6.0; Windows NT 5.1)" 
222.180.251.234 - - [18/Aug/2017:18:36:37 -0700] "GET /honeypot/Honeypot%20-%20Howto.pdf HTTP/1.1" 200 1279362 "-" "Mozilla/4.0 (compatible; MSIE 6.0; Windows NT 5.1)" 
222.180.251.234 - - [18/Aug/2017:18:36:42 -0700] "GET /honeypot/Honeypot%20-%20Howto.pdf HTTP/1.1" 200 1279362 "-" "Mozilla/4.0 (compatible; MSIE 6.0; Windows NT 5.1)" 
222.180.251.234 - - [18/Aug/2017:18:36:47 -0700] "GET /honeypot/Honeypot%20-%20Howto.pdf HTTP/1.1" 200 1279362 "-" "Mozilla/4.0 (compatible; MSIE 6.0; Windows NT 5.1)" 
222.180.251.234 - - [18/Aug/2017:18:36:55 -0700] "GET /honeypot/Honeypot%20-%20Howto.pdf HTTP/1.1" 200 241154 "-" "Mozilla/4.0 (compatible; MSIE 6.0; Windows NT 5.1)" 
222.180.251.234 - - [18/Aug/2017:18:36:19 -0700] "GET /honeypot/Honeypot%20-%20Howto.pdf HTTP/1.1" 200 1279418 "-" "Mozilla/4.0 (compatible; MSIE 6.0; Windows NT 5.1)" 
222.180.251.234 - - [18/Aug/2017:18:36:59 -0700] "GET /honeypot/Honeypot%20-%20Howto.pdf HTTP/1.1" 200 1279362 "-" "Mozilla/4.0 (compatible; MSIE 6.0; Windows NT 5.1)" 
222.180.251.234 - - [18/Aug/2017:18:36:57 -0700] "GET /honeypot/Honeypot%20-%20Howto.pdf HTTP/1.1" 200 1279362 "-" "Mozilla/4.0 (compatible; MSIE 6.0; Windows NT 5.1)" 
222.180.251.234 - - [18/Aug/2017:18:37:16 -0700] "GET /honeypot/Honeypot%20-%20Howto.pdf HTTP/1.1" 200 198158 "-" "Mozilla/4.0 (compatible; MSIE 6.0; Windows NT 5.1)" 
222.180.251.234 - - [18/Aug/2017:18:37:17 -0700] "GET /honeypot/Honeypot%20-%20Howto.pdf HTTP/1.1" 200 1279362 "-" "Mozilla/4.0 (compatible; MSIE 6.0; Windows NT 5.1)" 
222.180.251.234 - - [18/Aug/2017:18:37:26 -0700] "GET /honeypot/Honeypot%20-%20Howto.pdf HTTP/1.1" 200 1279362 "-" "Mozilla/4.0 (compatible; MSIE 6.0; Windows NT 5.1)" 
222.180.251.234 - - [18/Aug/2017:18:37:33 -0700] "GET /honeypot/Honeypot%20-%20Howto.pdf HTTP/1.1" 200 222978 "-" "Mozilla/4.0 (compatible; MSIE 6.0; Windows NT 5.1)" 
222.180.251.234 - - [18/Aug/2017:18:37:49 -0700] "GET /honeypot/Honeypot%20-%20Howto.pdf HTTP/1.1" 200 1279362 "-" "Mozilla/4.0 (compatible; MSIE 6.0; Windows NT 5.1)" 
222.180.251.234 - - [18/Aug/2017:18:37:55 -0700] "GET /honeypot/Honeypot%20-%20Howto.pdf HTTP/1.1" 200 1279362 "-" "Mozilla/4.0 (compatible; MSIE 6.0; Windows NT 5.1)" 
222.180.251.234 - - [18/Aug/2017:18:38:00 -0700] "GET /honeypot/Honeypot%20-%20Howto.pdf HTTP/1.1" 200 1279362 "-" "Mozilla/4.0 (compatible; MSIE 6.0; Windows NT 5.1)" 
222.180.251.234 - - [18/Aug/2017:18:38:09 -0700] "GET /honeypot/Honeypot%20-%20Howto.pdf HTTP/1.1" 200 1279362 "-" "Mozilla/4.0 (compatible; MSIE 6.0; Windows NT 5.1)" 
222.180.251.234 - - [18/Aug/2017:18:38:07 -0700] "GET /honeypot/Honeypot%20-%20Howto.pdf HTTP/1.1" 200 1279362 "-" "Mozilla/4.0 (compatible; MSIE 6.0; Windows NT 5.1)" 
222.180.251.234 - - [18/Aug/2017:18:38:16 -0700] "GET /honeypot/Honeypot%20-%20Howto.pdf HTTP/1.1" 200 289080 "-" "Mozilla/4.0 (compatible; MSIE 6.0; Windows NT 5.1)" 
222.180.251.234 - - [18/Aug/2017:18:38:18 -0700] "GET /honeypot/Honeypot%20-%20Howto.pdf HTTP/1.1" 200 1279362 "-" "Mozilla/4.0 (compatible; MSIE 6.0; Windows NT 5.1)" 
40.77.167.71 - - [18/Aug/2017:18:40:51 -0700] "GET /self.logs/access.log.2015-02-27.gz HTTP/1.1" 200 3223 "-" "Mozilla/5.0 (compatible; bingbot/2.0; +http://www.bing.com/bingbot.htm)" 
50.193.47.170 - - [18/Aug/2017:18:47:45 -0700] "GET /bootstrap/img/favicon.ico HTTP/1.1" 200 590 "-" "Mozilla/5.0 (Macintosh; Intel Mac OS X 10.12; rv:55.0) Gecko/20100101 Firefox/55.0" 
50.193.47.170 - - [18/Aug/2017:18:47:46 -0700] "GET /bootstrap/img/favicon.ico HTTP/1.1" 200 589 "-" "Mozilla/5.0 (Macintosh; Intel Mac OS X 10.12; rv:55.0) Gecko/20100101 Firefox/55.0" 
37.230.135.63 - - [18/Aug/2017:18:55:16 -0700] "GET /honeypot/Honeypot%20-%20Howto.pdf HTTP/1.0" 200 1279381 "http://www.secrepo.com/" "Mozilla/5.0 (X11; Linux x86_64) AppleWebKit/537.36 (KHTML, like Gecko) Chrome/59.0.3071.115 Safari/537.36" 
68.117.38.251 - - [18/Aug/2017:18:58:14 -0700] "GET / HTTP/1.1" 200 10913 "https://www.google.com/" "Mozilla/5.0 (iPhone; CPU iPhone OS 10_3_2 like Mac OS X) AppleWebKit/603.1.30 (KHTML, like Gecko) CriOS/60.0.3112.72 Mobile/14F89 Safari/602.1" 
68.117.38.251 - - [18/Aug/2017:18:58:14 -0700] "GET /twitter-icon.png HTTP/1.1" 200 27787 "http://www.secrepo.com/" "Mozilla/5.0 (iPhone; CPU iPhone OS 10_3_2 like Mac OS X) AppleWebKit/603.1.30 (KHTML, like Gecko) CriOS/60.0.3112.72 Mobile/14F89 Safari/602.1" 
68.117.38.251 - - [18/Aug/2017:18:58:14 -0700] "GET /GitHub-Mark.png HTTP/1.1" 200 7428 "http://www.secrepo.com/" "Mozilla/5.0 (iPhone; CPU iPhone OS 10_3_2 like Mac OS X) AppleWebKit/603.1.30 (KHTML, like Gecko) CriOS/60.0.3112.72 Mobile/14F89 Safari/602.1" 
68.117.38.251 - - [18/Aug/2017:18:58:15 -0700] "GET /bootstrap/img/favicon.ico HTTP/1.1" 200 590 "-" "Mozilla/5.0 (iPhone; CPU iPhone OS 10_3_2 like Mac OS X) AppleWebKit/603.1.30 (KHTML, like Gecko) CriOS/60.0.3112.72 Mobile/14F89 Safari/602.1" 
207.46.13.89 - - [18/Aug/2017:19:10:44 -0700] "GET /self.logs/access.log.2017-01-22.gz HTTP/1.1" 200 12427 "-" "Mozilla/5.0 (compatible; bingbot/2.0; +http://www.bing.com/bingbot.htm)" 
51.255.138.90 - - [18/Aug/2017:19:20:04 -0700] "GET / HTTP/1.1" 200 36860 "-" "Mozilla/5.0 (Windows NT 10.0; Win64; x64; rv:50.0) Gecko/20100101 Firefox/50.0" 
51.255.138.90 - - [18/Aug/2017:19:20:04 -0700] "GET /wp-includes/wlwmanifest.xml HTTP/1.1" 404 294 "-" "Mozilla/5.0 (Windows NT 10.0; Win64; x64; rv:50.0) Gecko/20100101 Firefox/50.0" 
