157.55.39.194 - - [24/Jul/2017:15:38:37 -0700] "GET /self.logs/access.log.2015-07-05.gz HTTP/1.1" 200 3468 "-" "Mozilla/5.0 (compatible; bingbot/2.0; +http://www.bing.com/bingbot.htm)" 
157.55.39.217 - - [24/Jul/2017:15:40:11 -0700] "GET /self.logs/access.log.2017-04-03.gz HTTP/1.1" 200 33420 "-" "Mozilla/5.0 (compatible; bingbot/2.0; +http://www.bing.com/bingbot.htm)" 
207.46.13.109 - - [24/Jul/2017:15:41:23 -0700] "GET /self.logs/access.log.2015-05-08.gz HTTP/1.1" 200 4869 "-" "Mozilla/5.0 (compatible; bingbot/2.0; +http://www.bing.com/bingbot.htm)" 
157.55.39.194 - - [24/Jul/2017:15:41:27 -0700] "GET /self.logs/access.log.2016-10-15.gz HTTP/1.1" 200 6952 "-" "Mozilla/5.0 (compatible; bingbot/2.0; +http://www.bing.com/bingbot.htm)" 
217.43.67.69 - - [24/Jul/2017:15:41:32 -0700] "GET /wp-login.php HTTP/1.1" 301 522 "-" "Mozilla/5.0 (Windows NT 6.1; WOW64; rv:40.0) Gecko/20100101 Firefox/40.1" 
217.43.67.69 - - [24/Jul/2017:15:41:32 -0700] "GET /wp-login.php HTTP/1.1" 404 295 "-" "Mozilla/5.0 (Windows NT 6.1; WOW64; rv:40.0) Gecko/20100101 Firefox/40.1" 
217.43.67.69 - - [24/Jul/2017:15:41:38 -0700] "GET /wp-login.php HTTP/1.1" 301 522 "-" "Mozilla/5.0 (Windows NT 6.1; WOW64; rv:40.0) Gecko/20100101 Firefox/40.1" 
217.43.67.69 - - [24/Jul/2017:15:41:38 -0700] "GET /wp-login.php HTTP/1.1" 404 295 "-" "Mozilla/5.0 (Windows NT 6.1; WOW64; rv:40.0) Gecko/20100101 Firefox/40.1" 
207.46.13.109 - - [24/Jul/2017:15:41:43 -0700] "GET /self.logs/access.log.2016-04-14.gz HTTP/1.1" 200 9270 "-" "Mozilla/5.0 (compatible; bingbot/2.0; +http://www.bing.com/bingbot.htm)" 
217.43.67.69 - - [24/Jul/2017:15:41:43 -0700] "GET / HTTP/1.1" 301 498 "-" "Mozilla/5.0 (Windows NT 6.1; WOW64; rv:40.0) Gecko/20100101 Firefox/40.1" 
217.43.67.69 - - [24/Jul/2017:15:41:43 -0700] "GET / HTTP/1.1" 200 36476 "-" "Mozilla/5.0 (Windows NT 6.1; WOW64; rv:40.0) Gecko/20100101 Firefox/40.1" 
207.46.13.109 - - [24/Jul/2017:15:42:18 -0700] "GET /self.logs/access.log.2015-02-07.gz HTTP/1.1" 200 2820 "-" "Mozilla/5.0 (compatible; bingbot/2.0; +http://www.bing.com/bingbot.htm)" 
157.55.39.194 - - [24/Jul/2017:15:43:34 -0700] "GET /self.logs/access.log.2016-12-01.gz HTTP/1.1" 200 9329 "-" "Mozilla/5.0 (compatible; bingbot/2.0; +http://www.bing.com/bingbot.htm)" 
207.46.13.109 - - [24/Jul/2017:15:44:32 -0700] "GET /self.logs/access.log.2016-10-24.gz HTTP/1.1" 200 10652 "-" "Mozilla/5.0 (compatible; bingbot/2.0; +http://www.bing.com/bingbot.htm)" 
38.125.29.1 - - [24/Jul/2017:15:44:33 -0700] "GET / HTTP/1.1" 301 483 "-" "Mozilla/5.0 (X11; Linux x86_64; rv:10.0) Gecko/20100101 Firefox/10.0" 
38.125.29.1 - - [24/Jul/2017:15:44:34 -0700] "GET / HTTP/1.1" 200 10794 "-" "Mozilla/5.0 (X11; Linux x86_64; rv:10.0) Gecko/20100101 Firefox/10.0" 
38.125.29.1 - - [24/Jul/2017:15:44:34 -0700] "GET /bootstrap/img/favicon.ico HTTP/1.1" 200 589 "-" "Mozilla/5.0 (X11; Linux x86_64; rv:10.0) Gecko/20100101 Firefox/10.0" 
38.125.29.1 - - [24/Jul/2017:15:44:34 -0700] "GET /twitter-icon.png HTTP/1.1" 200 27787 "http://www.secrepo.com/" "Mozilla/5.0 (X11; Linux x86_64; rv:10.0) Gecko/20100101 Firefox/10.0" 
38.125.29.1 - - [24/Jul/2017:15:44:34 -0700] "GET /GitHub-Mark.png HTTP/1.1" 200 7428 "http://www.secrepo.com/" "Mozilla/5.0 (X11; Linux x86_64; rv:10.0) Gecko/20100101 Firefox/10.0" 
69.74.145.127 - - [24/Jul/2017:15:45:11 -0700] "GET / HTTP/1.1" 200 10794 "-" "Mozilla/5.0 (Windows NT 6.1; Win64; x64) AppleWebKit/537.36 (KHTML, like Gecko) Chrome/59.0.3071.104 Safari/537.36" 
69.74.145.127 - - [24/Jul/2017:15:45:12 -0700] "GET /GitHub-Mark.png HTTP/1.1" 200 7428 "http://www.secrepo.com/" "Mozilla/5.0 (Windows NT 6.1; Win64; x64) AppleWebKit/537.36 (KHTML, like Gecko) Chrome/59.0.3071.104 Safari/537.36" 
69.74.145.127 - - [24/Jul/2017:15:45:12 -0700] "GET /twitter-icon.png HTTP/1.1" 200 27787 "http://www.secrepo.com/" "Mozilla/5.0 (Windows NT 6.1; Win64; x64) AppleWebKit/537.36 (KHTML, like Gecko) Chrome/59.0.3071.104 Safari/537.36" 
69.74.145.127 - - [24/Jul/2017:15:45:13 -0700] "GET /bootstrap/img/favicon.ico HTTP/1.1" 200 589 "http://www.secrepo.com/" "Mozilla/5.0 (Windows NT 6.1; Win64; x64) AppleWebKit/537.36 (KHTML, like Gecko) Chrome/59.0.3071.104 Safari/537.36" 
157.55.39.194 - - [24/Jul/2017:15:45:45 -0700] "GET /self.logs/access.log.2016-11-22.gz HTTP/1.1" 200 10449 "-" "Mozilla/5.0 (compatible; bingbot/2.0; +http://www.bing.com/bingbot.htm)" 
104.239.135.78 - - [24/Jul/2017:15:46:52 -0700] "GET /robots.txt HTTP/1.1" 301 446 "-" "Tornado-Async-Client" 
104.239.135.78 - - [24/Jul/2017:15:46:52 -0700] "GET /robots.txt HTTP/1.1" 304 130 "-" "Tornado-Async-Client" 
104.239.135.78 - - [24/Jul/2017:15:46:52 -0700] "GET /honeypot/BSidesDFW%20-%202014.ipynb HTTP/1.1" 301 484 "-" "Tornado-Async-Client" 
104.239.135.78 - - [24/Jul/2017:15:46:52 -0700] "GET /honeypot/BSidesDFW%20-%202014.ipynb HTTP/1.1" 200 930780 "-" "Tornado-Async-Client" 
207.46.13.109 - - [24/Jul/2017:15:49:30 -0700] "GET /self.logs/access.log.2015-07-06.gz HTTP/1.1" 200 4419 "-" "Mozilla/5.0 (compatible; bingbot/2.0; +http://www.bing.com/bingbot.htm)" 
157.55.39.146 - - [24/Jul/2017:15:49:42 -0700] "GET /self.logs/access.log.2015-07-28.gz HTTP/1.1" 200 3716 "-" "Mozilla/5.0 (compatible; bingbot/2.0; +http://www.bing.com/bingbot.htm)" 
157.55.39.146 - - [24/Jul/2017:15:49:42 -0700] "GET /self.logs/access.log.2016-08-26.gz HTTP/1.1" 200 5945 "-" "Mozilla/5.0 (compatible; bingbot/2.0; +http://www.bing.com/bingbot.htm)" 
216.244.66.250 - - [24/Jul/2017:15:50:06 -0700] "GET /self.logs/ HTTP/1.1" 200 176067 "-" "Mozilla/5.0 (compatible; DotBot/1.1; http://www.opensiteexplorer.org/dotbot, help@moz.com)" 
157.55.39.194 - - [24/Jul/2017:15:50:08 -0700] "GET /self.logs/access.log.2015-11-13.gz HTTP/1.1" 200 4942 "-" "Mozilla/5.0 (compatible; bingbot/2.0; +http://www.bing.com/bingbot.htm)" 
157.55.39.146 - - [24/Jul/2017:15:50:21 -0700] "GET /self.logs/access.log.2015-03-04.gz HTTP/1.1" 200 3489 "-" "Mozilla/5.0 (compatible; bingbot/2.0; +http://www.bing.com/bingbot.htm)" 
157.55.39.146 - - [24/Jul/2017:15:50:47 -0700] "GET /self.logs/access.log.2016-05-19.gz HTTP/1.1" 200 10203 "-" "Mozilla/5.0 (compatible; bingbot/2.0; +http://www.bing.com/bingbot.htm)" 
207.46.13.109 - - [24/Jul/2017:15:51:38 -0700] "GET /self.logs/access.log.2015-12-27.gz HTTP/1.1" 200 6780 "-" "Mozilla/5.0 (compatible; bingbot/2.0; +http://www.bing.com/bingbot.htm)" 
207.46.13.109 - - [24/Jul/2017:15:51:42 -0700] "GET /self.logs/access.log.2015-02-14.gz HTTP/1.1" 200 25952 "-" "Mozilla/5.0 (compatible; bingbot/2.0; +http://www.bing.com/bingbot.htm)" 
157.55.39.217 - - [24/Jul/2017:15:54:15 -0700] "GET /self.logs/access.log.2015-10-04.gz HTTP/1.1" 200 6142 "-" "Mozilla/5.0 (compatible; bingbot/2.0; +http://www.bing.com/bingbot.htm)" 
157.55.39.194 - - [24/Jul/2017:15:54:57 -0700] "GET /self.logs/access.log.2015-06-26.gz HTTP/1.1" 200 4070 "-" "Mozilla/5.0 (compatible; bingbot/2.0; +http://www.bing.com/bingbot.htm)" 
207.46.13.109 - - [24/Jul/2017:15:55:42 -0700] "GET /self.logs/access.log.2016-05-16.gz HTTP/1.1" 200 10680 "-" "Mozilla/5.0 (compatible; bingbot/2.0; +http://www.bing.com/bingbot.htm)" 
65.126.207.151 - - [24/Jul/2017:15:58:49 -0700] "GET /squid/access.log.gz HTTP/1.1" 200 360302 "-" "Mozilla/5.0 (Macintosh; Intel Mac OS X 10_12_5) AppleWebKit/537.36 (KHTML, like Gecko) Chrome/59.0.3071.115 Safari/537.36" 
207.46.13.109 - - [24/Jul/2017:15:59:20 -0700] "GET /self.logs/access.log.2017-04-01.gz HTTP/1.1" 200 12040 "-" "Mozilla/5.0 (compatible; bingbot/2.0; +http://www.bing.com/bingbot.htm)" 
157.55.39.194 - - [24/Jul/2017:16:01:17 -0700] "GET /self.logs/access.log.2017-04-11.gz HTTP/1.1" 200 32398 "-" "Mozilla/5.0 (compatible; bingbot/2.0; +http://www.bing.com/bingbot.htm)" 
157.55.39.146 - - [24/Jul/2017:16:01:37 -0700] "GET /self.logs/access.log.2015-05-28.gz HTTP/1.1" 200 4424 "-" "Mozilla/5.0 (compatible; bingbot/2.0; +http://www.bing.com/bingbot.htm)" 
207.46.13.109 - - [24/Jul/2017:16:02:08 -0700] "GET /self.logs/access.log.2015-08-11.gz HTTP/1.1" 200 6007 "-" "Mozilla/5.0 (compatible; bingbot/2.0; +http://www.bing.com/bingbot.htm)" 
217.182.132.63 - - [24/Jul/2017:16:02:08 -0700] "GET /self.logs/error.log.2016-03-25.gz HTTP/1.1" 200 664 "-" "Mozilla/5.0 (compatible; AhrefsBot/5.2; +http://ahrefs.com/robot/)" 
217.182.132.58 - - [24/Jul/2017:16:02:18 -0700] "GET /self.logs/access.log.2016-03-29.gz HTTP/1.1" 200 8864 "-" "Mozilla/5.0 (compatible; AhrefsBot/5.2; +http://ahrefs.com/robot/)" 
112.209.35.40 - - [24/Jul/2017:16:03:36 -0700] "GET /wp-login.php HTTP/1.1" 301 522 "-" "Mozilla/5.0 (Windows NT 6.1; WOW64; rv:40.0) Gecko/20100101 Firefox/40.1" 
112.209.35.40 - - [24/Jul/2017:16:03:37 -0700] "GET /wp-login.php HTTP/1.1" 404 295 "-" "Mozilla/5.0 (Windows NT 6.1; WOW64; rv:40.0) Gecko/20100101 Firefox/40.1" 
112.209.35.40 - - [24/Jul/2017:16:03:42 -0700] "GET /wp-login.php HTTP/1.1" 301 522 "-" "Mozilla/5.0 (Windows NT 6.1; WOW64; rv:40.0) Gecko/20100101 Firefox/40.1" 
112.209.35.40 - - [24/Jul/2017:16:03:43 -0700] "GET /wp-login.php HTTP/1.1" 404 295 "-" "Mozilla/5.0 (Windows NT 6.1; WOW64; rv:40.0) Gecko/20100101 Firefox/40.1" 
112.209.35.40 - - [24/Jul/2017:16:03:48 -0700] "GET / HTTP/1.1" 301 498 "-" "Mozilla/5.0 (Windows NT 6.1; WOW64; rv:40.0) Gecko/20100101 Firefox/40.1" 
112.209.35.40 - - [24/Jul/2017:16:03:49 -0700] "GET / HTTP/1.1" 200 36476 "-" "Mozilla/5.0 (Windows NT 6.1; WOW64; rv:40.0) Gecko/20100101 Firefox/40.1" 
157.55.39.146 - - [24/Jul/2017:16:04:38 -0700] "GET /self.logs/access.log.2016-10-03.gz HTTP/1.1" 200 9527 "-" "Mozilla/5.0 (compatible; bingbot/2.0; +http://www.bing.com/bingbot.htm)" 
157.55.39.146 - - [24/Jul/2017:16:05:38 -0700] "GET /self.logs/access.log.2015-02-15.gz HTTP/1.1" 200 15640 "-" "Mozilla/5.0 (compatible; bingbot/2.0; +http://www.bing.com/bingbot.htm)" 
207.46.13.109 - - [24/Jul/2017:16:05:43 -0700] "GET /self.logs/access.log.2016-12-30.gz HTTP/1.1" 200 14151 "-" "Mozilla/5.0 (compatible; bingbot/2.0; +http://www.bing.com/bingbot.htm)" 
157.55.39.194 - - [24/Jul/2017:16:08:17 -0700] "GET /self.logs/access.log.2017-04-30.gz HTTP/1.1" 200 11942 "-" "Mozilla/5.0 (compatible; bingbot/2.0; +http://www.bing.com/bingbot.htm)" 
157.55.39.146 - - [24/Jul/2017:16:09:36 -0700] "GET /self.logs/access.log.2015-08-31.gz HTTP/1.1" 200 5626 "-" "Mozilla/5.0 (compatible; bingbot/2.0; +http://www.bing.com/bingbot.htm)" 
157.55.39.217 - - [24/Jul/2017:16:10:01 -0700] "GET /self.logs/access.log.2015-09-23.gz HTTP/1.1" 200 5812 "-" "Mozilla/5.0 (compatible; bingbot/2.0; +http://www.bing.com/bingbot.htm)" 
120.221.1.28 - - [24/Jul/2017:16:10:47 -0700] "GET /maccdc2012/files.log.gz HTTP/1.1" 304 155 "-" "Mozilla/5.0 Gecko/20100115 Firefox/3.6" 
159.83.168.248 - - [24/Jul/2017:16:13:53 -0700] "GET / HTTP/1.1" 200 10757 "https://www.google.com/" "Mozilla/5.0 (Windows NT 6.1) AppleWebKit/537.36 (KHTML, like Gecko) Chrome/59.0.3071.115 Safari/537.36" 
159.83.168.248 - - [24/Jul/2017:16:13:54 -0700] "GET / HTTP/1.1" 200 10757 "https://www.google.com/" "Mozilla/5.0 (Windows NT 6.1) AppleWebKit/537.36 (KHTML, like Gecko) Chrome/59.0.3071.115 Safari/537.36" 
159.83.168.248 - - [24/Jul/2017:16:13:54 -0700] "GET /twitter-icon.png HTTP/1.1" 200 27751 "http://www.secrepo.com/" "Mozilla/5.0 (Windows NT 6.1) AppleWebKit/537.36 (KHTML, like Gecko) Chrome/59.0.3071.115 Safari/537.36" 
159.83.168.248 - - [24/Jul/2017:16:13:54 -0700] "GET /GitHub-Mark.png HTTP/1.1" 200 7391 "http://www.secrepo.com/" "Mozilla/5.0 (Windows NT 6.1) AppleWebKit/537.36 (KHTML, like Gecko) Chrome/59.0.3071.115 Safari/537.36" 
159.83.168.248 - - [24/Jul/2017:16:13:54 -0700] "GET /bootstrap/img/favicon.ico HTTP/1.1" 200 553 "http://www.secrepo.com/" "Mozilla/5.0 (Windows NT 6.1) AppleWebKit/537.36 (KHTML, like Gecko) Chrome/59.0.3071.115 Safari/537.36" 
157.55.39.194 - - [24/Jul/2017:16:22:31 -0700] "GET /self.logs/access.log.2015-12-11.gz HTTP/1.1" 200 7170 "-" "Mozilla/5.0 (compatible; bingbot/2.0; +http://www.bing.com/bingbot.htm)" 
157.55.39.194 - - [24/Jul/2017:16:22:32 -0700] "GET /self.logs/access.log.2017-04-24.gz HTTP/1.1" 200 17175 "-" "Mozilla/5.0 (compatible; bingbot/2.0; +http://www.bing.com/bingbot.htm)" 
157.55.39.146 - - [24/Jul/2017:16:22:47 -0700] "GET /self.logs/access.log.2015-11-23.gz HTTP/1.1" 200 8922 "-" "Mozilla/5.0 (compatible; bingbot/2.0; +http://www.bing.com/bingbot.htm)" 
157.55.39.146 - - [24/Jul/2017:16:23:49 -0700] "GET /self.logs/access.log.2017-06-13.gz HTTP/1.1" 200 20861 "-" "Mozilla/5.0 (compatible; bingbot/2.0; +http://www.bing.com/bingbot.htm)" 
157.55.39.194 - - [24/Jul/2017:16:24:52 -0700] "GET /self.logs/access.log.2015-10-16.gz HTTP/1.1" 200 6298 "-" "Mozilla/5.0 (compatible; bingbot/2.0; +http://www.bing.com/bingbot.htm)" 
207.46.13.109 - - [24/Jul/2017:16:26:36 -0700] "GET /self.logs/access.log.2016-05-24.gz HTTP/1.1" 200 11459 "-" "Mozilla/5.0 (compatible; bingbot/2.0; +http://www.bing.com/bingbot.htm)" 
157.55.39.217 - - [24/Jul/2017:16:27:59 -0700] "GET /self.logs/access.log.2016-03-10.gz HTTP/1.1" 200 11912 "-" "Mozilla/5.0 (compatible; bingbot/2.0; +http://www.bing.com/bingbot.htm)" 
157.55.39.217 - - [24/Jul/2017:16:28:00 -0700] "GET /self.logs/access.log.2016-04-02.gz HTTP/1.1" 200 20022 "-" "Mozilla/5.0 (compatible; bingbot/2.0; +http://www.bing.com/bingbot.htm)" 
120.192.95.88 - - [24/Jul/2017:16:30:42 -0700] "GET /maccdc2012/maccdc2012_full_alert.7z HTTP/1.1" 304 132 "-" "Mozilla/5.0 Gecko/20100115 Firefox/3.6" 
207.46.13.109 - - [24/Jul/2017:16:32:48 -0700] "GET /self.logs/access.log.2016-12-16.gz HTTP/1.1" 200 7825 "-" "Mozilla/5.0 (compatible; bingbot/2.0; +http://www.bing.com/bingbot.htm)" 
157.55.39.194 - - [24/Jul/2017:16:33:34 -0700] "GET /self.logs/access.log.2016-04-17.gz HTTP/1.1" 200 8988 "-" "Mozilla/5.0 (compatible; bingbot/2.0; +http://www.bing.com/bingbot.htm)" 
157.55.39.217 - - [24/Jul/2017:16:34:54 -0700] "GET /self.logs/access.log.2016-06-02.gz HTTP/1.1" 200 11300 "-" "Mozilla/5.0 (compatible; bingbot/2.0; +http://www.bing.com/bingbot.htm)" 
157.55.39.217 - - [24/Jul/2017:16:36:17 -0700] "GET /self.logs/access.log.2015-10-31.gz HTTP/1.1" 200 7257 "-" "Mozilla/5.0 (compatible; bingbot/2.0; +http://www.bing.com/bingbot.htm)" 
52.168.161.70 - - [24/Jul/2017:16:37:38 -0700] "HEAD / HTTP/1.1" 301 253 "https://www.google.com/" "Mozilla/5.0 (compatible; epicbot; +http://www.epictions.com/epicbot)" 
52.168.161.70 - - [24/Jul/2017:16:37:38 -0700] "HEAD / HTTP/1.1" 301 253 "https://www.google.com/" "Mozilla/5.0 (compatible; epicbot; +http://www.epictions.com/epicbot)" 
52.168.161.70 - - [24/Jul/2017:16:37:38 -0700] "HEAD / HTTP/1.1" 301 253 "https://www.google.com/" "Mozilla/5.0 (compatible; epicbot; +http://www.epictions.com/epicbot)" 
52.168.161.70 - - [24/Jul/2017:16:37:38 -0700] "HEAD / HTTP/1.1" 301 253 "https://www.google.com/" "Mozilla/5.0 (compatible; epicbot; +http://www.epictions.com/epicbot)" 
52.168.161.70 - - [24/Jul/2017:16:37:38 -0700] "HEAD / HTTP/1.1" 301 253 "https://www.google.com/" "Mozilla/5.0 (compatible; epicbot; +http://www.epictions.com/epicbot)" 
52.168.161.70 - - [24/Jul/2017:16:37:38 -0700] "HEAD / HTTP/1.1" 301 253 "https://www.google.com/" "Mozilla/5.0 (compatible; epicbot; +http://www.epictions.com/epicbot)" 
52.168.161.70 - - [24/Jul/2017:16:37:38 -0700] "HEAD / HTTP/1.1" 301 253 "https://www.google.com/" "Mozilla/5.0 (compatible; epicbot; +http://www.epictions.com/epicbot)" 
52.168.161.70 - - [24/Jul/2017:16:37:38 -0700] "HEAD / HTTP/1.1" 301 253 "https://www.google.com/" "Mozilla/5.0 (compatible; epicbot; +http://www.epictions.com/epicbot)" 
52.168.161.70 - - [24/Jul/2017:16:37:38 -0700] "HEAD / HTTP/1.1" 301 253 "https://www.google.com/" "Mozilla/5.0 (compatible; epicbot; +http://www.epictions.com/epicbot)" 
52.168.161.70 - - [24/Jul/2017:16:37:38 -0700] "HEAD / HTTP/1.1" 301 253 "https://www.google.com/" "Mozilla/5.0 (compatible; epicbot; +http://www.epictions.com/epicbot)" 
52.168.161.70 - - [24/Jul/2017:16:37:38 -0700] "HEAD / HTTP/1.1" 200 282 "https://www.google.com/" "Mozilla/5.0 (compatible; epicbot; +http://www.epictions.com/epicbot)" 
52.168.161.70 - - [24/Jul/2017:16:37:38 -0700] "HEAD / HTTP/1.1" 301 253 "https://www.google.com/" "Mozilla/5.0 (compatible; epicbot; +http://www.epictions.com/epicbot)" 
52.168.161.70 - - [24/Jul/2017:16:37:40 -0700] "HEAD / HTTP/1.1" 301 253 "https://www.google.com/" "Mozilla/5.0 (compatible; epicbot; +http://www.epictions.com/epicbot)" 
52.168.161.70 - - [24/Jul/2017:16:37:40 -0700] "HEAD / HTTP/1.1" 301 253 "https://www.google.com/" "Mozilla/5.0 (compatible; epicbot; +http://www.epictions.com/epicbot)" 
52.168.161.70 - - [24/Jul/2017:16:37:40 -0700] "HEAD / HTTP/1.1" 301 253 "https://www.google.com/" "Mozilla/5.0 (compatible; epicbot; +http://www.epictions.com/epicbot)" 
52.168.161.70 - - [24/Jul/2017:16:37:40 -0700] "HEAD / HTTP/1.1" 301 253 "https://www.google.com/" "Mozilla/5.0 (compatible; epicbot; +http://www.epictions.com/epicbot)" 
52.168.161.70 - - [24/Jul/2017:16:37:40 -0700] "HEAD / HTTP/1.1" 301 253 "https://www.google.com/" "Mozilla/5.0 (compatible; epicbot; +http://www.epictions.com/epicbot)" 
52.168.161.70 - - [24/Jul/2017:16:37:40 -0700] "HEAD / HTTP/1.1" 301 253 "https://www.google.com/" "Mozilla/5.0 (compatible; epicbot; +http://www.epictions.com/epicbot)" 
52.168.161.70 - - [24/Jul/2017:16:37:40 -0700] "HEAD / HTTP/1.1" 301 253 "https://www.google.com/" "Mozilla/5.0 (compatible; epicbot; +http://www.epictions.com/epicbot)" 
52.168.161.70 - - [24/Jul/2017:16:37:40 -0700] "HEAD / HTTP/1.1" 301 253 "https://www.google.com/" "Mozilla/5.0 (compatible; epicbot; +http://www.epictions.com/epicbot)" 
52.168.161.70 - - [24/Jul/2017:16:37:40 -0700] "HEAD / HTTP/1.1" 301 253 "https://www.google.com/" "Mozilla/5.0 (compatible; epicbot; +http://www.epictions.com/epicbot)" 
52.168.161.70 - - [24/Jul/2017:16:37:40 -0700] "HEAD / HTTP/1.1" 301 253 "https://www.google.com/" "Mozilla/5.0 (compatible; epicbot; +http://www.epictions.com/epicbot)" 
52.168.161.70 - - [24/Jul/2017:16:37:40 -0700] "HEAD / HTTP/1.1" 301 253 "https://www.google.com/" "Mozilla/5.0 (compatible; epicbot; +http://www.epictions.com/epicbot)" 
52.168.161.70 - - [24/Jul/2017:16:37:40 -0700] "HEAD / HTTP/1.1" 301 253 "https://www.google.com/" "Mozilla/5.0 (compatible; epicbot; +http://www.epictions.com/epicbot)" 
52.168.161.70 - - [24/Jul/2017:16:37:40 -0700] "HEAD / HTTP/1.1" 301 253 "https://www.google.com/" "Mozilla/5.0 (compatible; epicbot; +http://www.epictions.com/epicbot)" 
52.168.161.70 - - [24/Jul/2017:16:37:40 -0700] "HEAD / HTTP/1.1" 301 253 "https://www.google.com/" "Mozilla/5.0 (compatible; epicbot; +http://www.epictions.com/epicbot)" 
52.168.161.70 - - [24/Jul/2017:16:37:40 -0700] "HEAD / HTTP/1.1" 301 253 "https://www.google.com/" "Mozilla/5.0 (compatible; epicbot; +http://www.epictions.com/epicbot)" 
52.168.161.70 - - [24/Jul/2017:16:37:40 -0700] "HEAD / HTTP/1.1" 301 253 "https://www.google.com/" "Mozilla/5.0 (compatible; epicbot; +http://www.epictions.com/epicbot)" 
52.168.161.70 - - [24/Jul/2017:16:37:41 -0700] "HEAD / HTTP/1.1" 301 253 "https://www.google.com/" "Mozilla/5.0 (compatible; epicbot; +http://www.epictions.com/epicbot)" 
52.168.161.70 - - [24/Jul/2017:16:37:41 -0700] "HEAD / HTTP/1.1" 301 253 "https://www.google.com/" "Mozilla/5.0 (compatible; epicbot; +http://www.epictions.com/epicbot)" 
52.168.161.70 - - [24/Jul/2017:16:37:41 -0700] "HEAD / HTTP/1.1" 200 282 "https://www.google.com/" "Mozilla/5.0 (compatible; epicbot; +http://www.epictions.com/epicbot)" 
52.168.161.70 - - [24/Jul/2017:16:37:41 -0700] "HEAD / HTTP/1.1" 200 282 "https://www.google.com/" "Mozilla/5.0 (compatible; epicbot; +http://www.epictions.com/epicbot)" 
52.168.161.70 - - [24/Jul/2017:16:37:41 -0700] "HEAD / HTTP/1.1" 301 253 "https://www.google.com/" "Mozilla/5.0 (compatible; epicbot; +http://www.epictions.com/epicbot)" 
52.168.161.70 - - [24/Jul/2017:16:37:41 -0700] "HEAD / HTTP/1.1" 301 253 "https://www.google.com/" "Mozilla/5.0 (compatible; epicbot; +http://www.epictions.com/epicbot)" 
207.46.13.109 - - [24/Jul/2017:16:38:46 -0700] "GET /self.logs/access.log.2015-01-30.gz HTTP/1.1" 200 6272 "-" "Mozilla/5.0 (compatible; bingbot/2.0; +http://www.bing.com/bingbot.htm)" 
207.46.13.109 - - [24/Jul/2017:16:38:46 -0700] "GET /self.logs/access.log.2015-01-24.gz HTTP/1.1" 200 2276 "-" "Mozilla/5.0 (compatible; bingbot/2.0; +http://www.bing.com/bingbot.htm)" 
207.46.13.109 - - [24/Jul/2017:16:38:47 -0700] "GET /self.logs/access.log.2015-03-05.gz HTTP/1.1" 200 3325 "-" "Mozilla/5.0 (compatible; bingbot/2.0; +http://www.bing.com/bingbot.htm)" 
207.46.13.109 - - [24/Jul/2017:16:40:01 -0700] "GET /self.logs/access.log.2016-01-08.gz HTTP/1.1" 200 7437 "-" "Mozilla/5.0 (compatible; bingbot/2.0; +http://www.bing.com/bingbot.htm)" 
157.55.39.217 - - [24/Jul/2017:16:40:37 -0700] "GET /self.logs/access.log.2016-07-26.gz HTTP/1.1" 200 9746 "-" "Mozilla/5.0 (compatible; bingbot/2.0; +http://www.bing.com/bingbot.htm)" 
157.55.39.146 - - [24/Jul/2017:16:41:14 -0700] "GET /self.logs/access.log.2015-11-18.gz HTTP/1.1" 200 9950 "-" "Mozilla/5.0 (compatible; bingbot/2.0; +http://www.bing.com/bingbot.htm)" 
71.198.27.146 - - [24/Jul/2017:16:42:12 -0700] "GET / HTTP/1.1" 200 10794 "-" "Mozilla/5.0 (Macintosh; Intel Mac OS X 10_12_6) AppleWebKit/604.1.32 (KHTML, like Gecko)" 
71.198.27.146 - - [24/Jul/2017:16:42:13 -0700] "GET /apple-touch-icon-precomposed.png HTTP/1.1" 404 340 "-" "Safari/12604.1.32 CFNetwork/811.5.4 Darwin/16.7.0 (x86_64)" 
71.198.27.146 - - [24/Jul/2017:16:42:13 -0700] "GET /apple-touch-icon.png HTTP/1.1" 404 339 "-" "Safari/12604.1.32 CFNetwork/811.5.4 Darwin/16.7.0 (x86_64)" 
71.198.27.146 - - [24/Jul/2017:16:42:13 -0700] "GET / HTTP/1.1" 200 10793 "-" "Mozilla/5.0 (iPhone; CPU iPhone OS 10_3 like Mac OS X) AppleWebKit/603.1.30 (KHTML, like Gecko) Version/10.3 Mobile/14E277 Safari/603.1.30" 
71.198.27.146 - - [24/Jul/2017:16:42:13 -0700] "GET /apple-touch-icon-precomposed.png HTTP/1.1" 404 339 "-" "Safari/12604.1.32 CFNetwork/811.5.4 Darwin/16.7.0 (x86_64)" 
71.198.27.146 - - [24/Jul/2017:16:42:13 -0700] "GET /apple-touch-icon.png HTTP/1.1" 404 339 "-" "Safari/12604.1.32 CFNetwork/811.5.4 Darwin/16.7.0 (x86_64)" 
157.55.39.217 - - [24/Jul/2017:16:44:54 -0700] "GET /self.logs/access.log.2015-06-15.gz HTTP/1.1" 200 7986 "-" "Mozilla/5.0 (compatible; bingbot/2.0; +http://www.bing.com/bingbot.htm)" 
157.55.39.217 - - [24/Jul/2017:16:45:55 -0700] "GET /self.logs/access.log.2017-06-10.gz HTTP/1.1" 200 19465 "-" "Mozilla/5.0 (compatible; bingbot/2.0; +http://www.bing.com/bingbot.htm)" 
157.55.39.217 - - [24/Jul/2017:16:46:39 -0700] "GET /self.logs/access.log.2017-04-25.gz HTTP/1.1" 200 30380 "-" "Mozilla/5.0 (compatible; bingbot/2.0; +http://www.bing.com/bingbot.htm)" 
157.55.39.217 - - [24/Jul/2017:16:47:57 -0700] "GET /self.logs/access.log.2015-06-08.gz HTTP/1.1" 200 4220 "-" "Mozilla/5.0 (compatible; bingbot/2.0; +http://www.bing.com/bingbot.htm)" 
157.55.39.217 - - [24/Jul/2017:16:48:51 -0700] "GET /self.logs/access.log.2016-01-04.gz HTTP/1.1" 200 10273 "-" "Mozilla/5.0 (compatible; bingbot/2.0; +http://www.bing.com/bingbot.htm)" 
104.42.198.99 - - [24/Jul/2017:16:51:28 -0700] "GET /maccdc2012/maccdc2012_fast_alert.7z HTTP/1.1" 200 9478138 "-" "Mozilla/4.0 (compatible; MSIE 6.0; Windows NT 5.1; .NET CLR 1.1.4322; .NET CLR 2.0.50727)" 
207.46.13.109 - - [24/Jul/2017:16:51:50 -0700] "GET /self.logs/access.log.2015-05-27.gz HTTP/1.1" 200 3464 "-" "Mozilla/5.0 (compatible; bingbot/2.0; +http://www.bing.com/bingbot.htm)" 
68.11.88.111 - - [24/Jul/2017:16:54:18 -0700] "GET / HTTP/1.1" 200 10794 "https://www.google.com/" "Mozilla/5.0 (Windows NT 10.0; Win64; x64) AppleWebKit/537.36 (KHTML, like Gecko) Chrome/59.0.3071.115 Safari/537.36" 
68.11.88.111 - - [24/Jul/2017:16:54:18 -0700] "GET /twitter-icon.png HTTP/1.1" 200 27787 "http://www.secrepo.com/" "Mozilla/5.0 (Windows NT 10.0; Win64; x64) AppleWebKit/537.36 (KHTML, like Gecko) Chrome/59.0.3071.115 Safari/537.36" 
68.11.88.111 - - [24/Jul/2017:16:54:18 -0700] "GET /GitHub-Mark.png HTTP/1.1" 200 7427 "http://www.secrepo.com/" "Mozilla/5.0 (Windows NT 10.0; Win64; x64) AppleWebKit/537.36 (KHTML, like Gecko) Chrome/59.0.3071.115 Safari/537.36" 
68.11.88.111 - - [24/Jul/2017:16:54:19 -0700] "GET /bootstrap/img/favicon.ico HTTP/1.1" 200 589 "http://www.secrepo.com/" "Mozilla/5.0 (Windows NT 10.0; Win64; x64) AppleWebKit/537.36 (KHTML, like Gecko) Chrome/59.0.3071.115 Safari/537.36" 
157.55.39.146 - - [24/Jul/2017:16:54:53 -0700] "GET /self.logs/access.log.2017-01-01.gz HTTP/1.1" 200 17655 "-" "Mozilla/5.0 (compatible; bingbot/2.0; +http://www.bing.com/bingbot.htm)" 
157.55.39.146 - - [24/Jul/2017:16:55:34 -0700] "GET /self.logs/access.log.2015-06-24.gz HTTP/1.1" 200 4094 "-" "Mozilla/5.0 (compatible; bingbot/2.0; +http://www.bing.com/bingbot.htm)" 
157.55.39.146 - - [24/Jul/2017:16:57:15 -0700] "GET /self.logs/access.log.2016-12-10.gz HTTP/1.1" 200 9295 "-" "Mozilla/5.0 (compatible; bingbot/2.0; +http://www.bing.com/bingbot.htm)" 
104.228.49.89 - - [24/Jul/2017:16:58:09 -0700] "GET / HTTP/1.1" 200 10794 "https://www.google.com/" "Mozilla/5.0 (Macintosh; Intel Mac OS X 10_12_5) AppleWebKit/603.2.4 (KHTML, like Gecko) Version/10.1.1 Safari/603.2.4" 
104.228.49.89 - - [24/Jul/2017:16:58:10 -0700] "GET /twitter-icon.png HTTP/1.1" 200 27787 "http://www.secrepo.com/" "Mozilla/5.0 (Macintosh; Intel Mac OS X 10_12_5) AppleWebKit/603.2.4 (KHTML, like Gecko) Version/10.1.1 Safari/603.2.4" 
104.228.49.89 - - [24/Jul/2017:16:58:10 -0700] "GET /GitHub-Mark.png HTTP/1.1" 200 7428 "http://www.secrepo.com/" "Mozilla/5.0 (Macintosh; Intel Mac OS X 10_12_5) AppleWebKit/603.2.4 (KHTML, like Gecko) Version/10.1.1 Safari/603.2.4" 
104.228.49.89 - - [24/Jul/2017:16:58:11 -0700] "GET /bootstrap/img/favicon.ico HTTP/1.1" 200 590 "http://www.secrepo.com/" "Mozilla/5.0 (Macintosh; Intel Mac OS X 10_12_5) AppleWebKit/603.2.4 (KHTML, like Gecko) Version/10.1.1 Safari/603.2.4" 
157.55.39.146 - - [24/Jul/2017:17:00:21 -0700] "GET /self.logs/access.log.2016-05-17.gz HTTP/1.1" 200 13783 "-" "Mozilla/5.0 (compatible; bingbot/2.0; +http://www.bing.com/bingbot.htm)" 
207.46.13.109 - - [24/Jul/2017:17:01:52 -0700] "GET /self.logs/access.log.2017-02-16.gz HTTP/1.1" 200 17620 "-" "Mozilla/5.0 (compatible; bingbot/2.0; +http://www.bing.com/bingbot.htm)" 
157.55.39.146 - - [24/Jul/2017:17:03:57 -0700] "GET /self.logs/access.log.2017-05-05.gz HTTP/1.1" 200 14649 "-" "Mozilla/5.0 (compatible; bingbot/2.0; +http://www.bing.com/bingbot.htm)" 
157.55.39.146 - - [24/Jul/2017:17:03:57 -0700] "GET /self.logs/access.log.2017-05-05.gz HTTP/1.1" 200 14648 "-" "Mozilla/5.0 (compatible; bingbot/2.0; +http://www.bing.com/bingbot.htm)" 
157.55.39.194 - - [24/Jul/2017:17:04:05 -0700] "GET /self.logs/access.log.2017-05-28.gz HTTP/1.1" 200 21113 "-" "Mozilla/5.0 (compatible; bingbot/2.0; +http://www.bing.com/bingbot.htm)" 
157.55.39.217 - - [24/Jul/2017:17:07:30 -0700] "GET /self.logs/access.log.2015-12-25.gz HTTP/1.1" 200 3861 "-" "Mozilla/5.0 (compatible; bingbot/2.0; +http://www.bing.com/bingbot.htm)" 
207.46.13.109 - - [24/Jul/2017:17:08:24 -0700] "GET /self.logs/access.log.2017-03-13.gz HTTP/1.1" 200 43255 "-" "Mozilla/5.0 (compatible; bingbot/2.0; +http://www.bing.com/bingbot.htm)" 
207.46.13.109 - - [24/Jul/2017:17:08:35 -0700] "GET /self.logs/access.log.2015-08-18.gz HTTP/1.1" 200 10631 "-" "Mozilla/5.0 (compatible; bingbot/2.0; +http://www.bing.com/bingbot.htm)" 
172.245.107.28 - - [24/Jul/2017:17:12:22 -0700] "GET /honeypot/Honeypot%20-%20Howto%20-%20BSides%20Austin.pdf HTTP/1.0" 200 1935960 "http://www.secrepo.com/" "Mozilla/5.0 (Macintosh; Intel Mac OS X 10_10_1) AppleWebKit/537.36 (KHTML, like Gecko) Chrome/39.0.2171.99 Safari/537.36" 
207.46.13.109 - - [24/Jul/2017:17:12:30 -0700] "GET /self.logs/access.log.2017-06-12.gz HTTP/1.1" 200 23553 "-" "Mozilla/5.0 (compatible; bingbot/2.0; +http://www.bing.com/bingbot.htm)" 
157.55.39.217 - - [24/Jul/2017:17:13:20 -0700] "GET /self.logs/access.log.2016-08-31.gz HTTP/1.1" 200 8545 "-" "Mozilla/5.0 (compatible; bingbot/2.0; +http://www.bing.com/bingbot.htm)" 
157.55.39.146 - - [24/Jul/2017:17:14:02 -0700] "GET /self.logs/access.log.2017-04-09.gz HTTP/1.1" 200 39255 "-" "Mozilla/5.0 (compatible; bingbot/2.0; +http://www.bing.com/bingbot.htm)" 
157.55.39.194 - - [24/Jul/2017:17:15:37 -0700] "GET /self.logs/access.log.2015-02-03.gz HTTP/1.1" 200 5716 "-" "Mozilla/5.0 (compatible; bingbot/2.0; +http://www.bing.com/bingbot.htm)" 
157.55.39.217 - - [24/Jul/2017:17:17:15 -0700] "GET /self.logs/access.log.2017-01-18.gz HTTP/1.1" 200 15340 "-" "Mozilla/5.0 (compatible; bingbot/2.0; +http://www.bing.com/bingbot.htm)" 
157.55.39.194 - - [24/Jul/2017:17:17:28 -0700] "GET /self.logs/access.log.2016-11-10.gz HTTP/1.1" 200 9361 "-" "Mozilla/5.0 (compatible; bingbot/2.0; +http://www.bing.com/bingbot.htm)" 
114.252.212.133 - - [24/Jul/2017:17:19:03 -0700] "GET /maccdc2012/maccdc2012_full_alert.7z HTTP/1.1" 200 12212388 "-" "Mozilla/5.0 (compatible; MSIE 6.0; Windows NT 5.0)" 
114.252.212.133 - - [24/Jul/2017:17:19:03 -0700] "GET /maccdc2012/maccdc2012_full_alert.7z HTTP/1.1" 200 1300452 "-" "Mozilla/5.0 (compatible; MSIE 6.0; Windows NT 5.0)" 
114.252.212.133 - - [24/Jul/2017:17:19:05 -0700] "GET /maccdc2012/maccdc2012_full_alert.7z HTTP/1.1" 200 1040644 "-" "Mozilla/5.0 (compatible; MSIE 6.0; Windows NT 5.0)" 
114.252.212.133 - - [24/Jul/2017:17:19:03 -0700] "GET /maccdc2012/maccdc2012_full_alert.7z HTTP/1.1" 200 799192 "-" "Mozilla/5.0 (compatible; MSIE 6.0; Windows NT 5.0)" 
120.133.6.6 - - [24/Jul/2017:17:20:37 -0700] "GET /honeypot/Honeypot%20-%20Howto.pdf HTTP/1.1" 200 1279418 "http://www.secrepo.com/" "Mozilla/5.0 (Windows NT 10.0) AppleWebKit/537.36 (KHTML, like Gecko) Chrome/59.0.3071.115 Safari/537.36" 
157.55.39.146 - - [24/Jul/2017:17:21:02 -0700] "GET /self.logs/access.log.2016-12-22.gz HTTP/1.1" 200 16567 "-" "Mozilla/5.0 (compatible; bingbot/2.0; +http://www.bing.com/bingbot.htm)" 
157.55.39.146 - - [24/Jul/2017:17:21:03 -0700] "GET /self.logs/access.log.2015-04-18.gz HTTP/1.1" 200 5725 "-" "Mozilla/5.0 (compatible; bingbot/2.0; +http://www.bing.com/bingbot.htm)" 
207.46.13.109 - - [24/Jul/2017:17:21:10 -0700] "GET /self.logs/access.log.2015-01-23.gz HTTP/1.1" 200 2159 "-" "Mozilla/5.0 (compatible; bingbot/2.0; +http://www.bing.com/bingbot.htm)" 
157.55.39.217 - - [24/Jul/2017:17:22:11 -0700] "GET /self.logs/access.log.2016-08-04.gz HTTP/1.1" 200 14615 "-" "Mozilla/5.0 (compatible; bingbot/2.0; +http://www.bing.com/bingbot.htm)" 
157.55.39.146 - - [24/Jul/2017:17:24:05 -0700] "GET /self.logs/access.log.2016-05-03.gz HTTP/1.1" 200 8764 "-" "Mozilla/5.0 (compatible; bingbot/2.0; +http://www.bing.com/bingbot.htm)" 
157.55.39.217 - - [24/Jul/2017:17:25:33 -0700] "GET /self.logs/access.log.2017-01-24.gz HTTP/1.1" 200 17090 "-" "Mozilla/5.0 (compatible; bingbot/2.0; +http://www.bing.com/bingbot.htm)" 
99.30.243.134 - - [24/Jul/2017:17:26:10 -0700] "GET / HTTP/1.1" 200 10794 "-" "Mozilla/5.0 (Macintosh; Intel Mac OS X 10_11_6) AppleWebKit/601.7.7 (KHTML, like Gecko)" 
99.30.243.134 - - [24/Jul/2017:17:26:10 -0700] "GET /apple-touch-icon-precomposed.png HTTP/1.1" 404 340 "-" "Safari/11601.7.7 CFNetwork/760.6.3 Darwin/15.6.0 (x86_64)" 
99.30.243.134 - - [24/Jul/2017:17:26:11 -0700] "GET /apple-touch-icon.png HTTP/1.1" 404 339 "-" "Safari/11601.7.7 CFNetwork/760.6.3 Darwin/15.6.0 (x86_64)" 
99.30.243.134 - - [24/Jul/2017:17:26:11 -0700] "GET /apple-touch-icon-precomposed.png HTTP/1.1" 404 339 "-" "Safari/11601.7.7 CFNetwork/760.6.3 Darwin/15.6.0 (x86_64)" 
99.30.243.134 - - [24/Jul/2017:17:26:11 -0700] "GET /apple-touch-icon.png HTTP/1.1" 404 339 "-" "Safari/11601.7.7 CFNetwork/760.6.3 Darwin/15.6.0 (x86_64)" 
157.55.39.194 - - [24/Jul/2017:17:28:04 -0700] "GET /self.logs/access.log.2015-09-25.gz HTTP/1.1" 200 12413 "-" "Mozilla/5.0 (compatible; bingbot/2.0; +http://www.bing.com/bingbot.htm)" 
157.55.39.146 - - [24/Jul/2017:17:29:58 -0700] "GET /self.logs/access.log.2016-09-18.gz HTTP/1.1" 200 11995 "-" "Mozilla/5.0 (compatible; bingbot/2.0; +http://www.bing.com/bingbot.htm)" 
157.55.39.217 - - [24/Jul/2017:17:30:18 -0700] "GET /self.logs/access.log.2016-02-15.gz HTTP/1.1" 200 8221 "-" "Mozilla/5.0 (compatible; bingbot/2.0; +http://www.bing.com/bingbot.htm)" 
157.55.39.146 - - [24/Jul/2017:17:30:37 -0700] "GET /self.logs/access.log.2015-08-17.gz HTTP/1.1" 200 6622 "-" "Mozilla/5.0 (compatible; bingbot/2.0; +http://www.bing.com/bingbot.htm)" 
157.55.39.194 - - [24/Jul/2017:17:31:57 -0700] "GET /self.logs/access.log.2015-03-27.gz HTTP/1.1" 200 4057 "-" "Mozilla/5.0 (compatible; bingbot/2.0; +http://www.bing.com/bingbot.htm)" 
157.55.39.194 - - [24/Jul/2017:17:33:53 -0700] "GET /self.logs/access.log.2016-07-08.gz HTTP/1.1" 200 7117 "-" "Mozilla/5.0 (compatible; bingbot/2.0; +http://www.bing.com/bingbot.htm)" 
111.204.219.198 - - [24/Jul/2017:17:34:24 -0700] "GET / HTTP/1.1" 304 189 "-" "Mozilla/5.0 (Windows NT 6.1; WOW64) AppleWebKit/537.36 (KHTML, like Gecko) Chrome/56.0.2924.87 Safari/537.36" 
157.55.39.194 - - [24/Jul/2017:17:34:39 -0700] "GET /self.logs/access.log.2015-11-14.gz HTTP/1.1" 200 5342 "-" "Mozilla/5.0 (compatible; bingbot/2.0; +http://www.bing.com/bingbot.htm)" 
157.55.39.194 - - [24/Jul/2017:17:35:42 -0700] "GET /self.logs/access.log.2017-01-19.gz HTTP/1.1" 200 18363 "-" "Mozilla/5.0 (compatible; bingbot/2.0; +http://www.bing.com/bingbot.htm)" 
207.46.13.109 - - [24/Jul/2017:17:37:19 -0700] "GET /self.logs/access.log.2015-05-29.gz HTTP/1.1" 200 3750 "-" "Mozilla/5.0 (compatible; bingbot/2.0; +http://www.bing.com/bingbot.htm)" 
157.55.39.146 - - [24/Jul/2017:17:38:05 -0700] "GET /self.logs/access.log.2016-12-19.gz HTTP/1.1" 200 8909 "-" "Mozilla/5.0 (compatible; bingbot/2.0; +http://www.bing.com/bingbot.htm)" 
51.255.64.106 - - [24/Jul/2017:17:38:09 -0700] "GET /self.logs/error.log.2016-03-17.gz HTTP/1.1" 200 780 "-" "Mozilla/5.0 (compatible; AhrefsBot/5.2; +http://ahrefs.com/robot/)" 
173.239.223.138 - - [24/Jul/2017:17:42:40 -0700] "GET / HTTP/1.1" 200 10794 "https://www.google.com/" "Mozilla/5.0 (Macintosh; Intel Mac OS X 10.10; rv:54.0) Gecko/20100101 Firefox/54.0" 
173.239.223.138 - - [24/Jul/2017:17:42:40 -0700] "GET /bootstrap/img/favicon.ico HTTP/1.1" 200 589 "-" "Mozilla/5.0 (Macintosh; Intel Mac OS X 10.10; rv:54.0) Gecko/20100101 Firefox/54.0" 
173.239.223.138 - - [24/Jul/2017:17:42:40 -0700] "GET /twitter-icon.png HTTP/1.1" 200 27787 "http://www.secrepo.com/" "Mozilla/5.0 (Macintosh; Intel Mac OS X 10.10; rv:54.0) Gecko/20100101 Firefox/54.0" 
173.239.223.138 - - [24/Jul/2017:17:42:40 -0700] "GET /GitHub-Mark.png HTTP/1.1" 200 7427 "http://www.secrepo.com/" "Mozilla/5.0 (Macintosh; Intel Mac OS X 10.10; rv:54.0) Gecko/20100101 Firefox/54.0" 
186.27.127.129 - - [24/Jul/2017:17:44:00 -0700] "GET /honeypot/Honeypot%20-%20Howto.pdf HTTP/1.0" 200 1279381 "http://www.secrepo.com/" "Mozilla/5.0 (Macintosh; Intel Mac OS X 10_10_1) AppleWebKit/600.2.5 (KHTML, like Gecko) Version/8.0.2 Safari/600.2.5" 
108.4.80.138 - - [24/Jul/2017:17:44:46 -0700] "GET /bootstrap/img/favicon.ico HTTP/1.1" 200 590 "-" "Mozilla/5.0 (Windows NT 10.0; Win64; x64) AppleWebKit/537.36 (KHTML, like Gecko) Chrome/59.0.3071.115 Safari/537.36" 
157.55.39.217 - - [24/Jul/2017:17:45:27 -0700] "GET /self.logs/access.log.2016-09-27.gz HTTP/1.1" 200 11813 "-" "Mozilla/5.0 (compatible; bingbot/2.0; +http://www.bing.com/bingbot.htm)" 
161.130.188.160 - - [24/Jul/2017:17:46:12 -0700] "GET / HTTP/1.1" 200 10794 "https://www.google.com/" "Mozilla/5.0 (Windows NT 10.0; Win64; x64) AppleWebKit/537.36 (KHTML, like Gecko) Chrome/59.0.3071.115 Safari/537.36" 
161.130.188.160 - - [24/Jul/2017:17:46:13 -0700] "GET /twitter-icon.png HTTP/1.1" 200 27787 "http://www.secrepo.com/" "Mozilla/5.0 (Windows NT 10.0; Win64; x64) AppleWebKit/537.36 (KHTML, like Gecko) Chrome/59.0.3071.115 Safari/537.36" 
161.130.188.160 - - [24/Jul/2017:17:46:13 -0700] "GET /GitHub-Mark.png HTTP/1.1" 200 7428 "http://www.secrepo.com/" "Mozilla/5.0 (Windows NT 10.0; Win64; x64) AppleWebKit/537.36 (KHTML, like Gecko) Chrome/59.0.3071.115 Safari/537.36" 
161.130.188.160 - - [24/Jul/2017:17:46:13 -0700] "GET /bootstrap/img/favicon.ico HTTP/1.1" 200 589 "http://www.secrepo.com/" "Mozilla/5.0 (Windows NT 10.0; Win64; x64) AppleWebKit/537.36 (KHTML, like Gecko) Chrome/59.0.3071.115 Safari/537.36" 
157.55.39.217 - - [24/Jul/2017:17:47:59 -0700] "GET /self.logs/access.log.2015-09-16.gz HTTP/1.1" 200 5387 "-" "Mozilla/5.0 (compatible; bingbot/2.0; +http://www.bing.com/bingbot.htm)" 
203.178.143.112 - - [24/Jul/2017:17:48:18 -0700] "GET / HTTP/1.1" 200 10794 "-" "Mozilla/5.0 (X11; Ubuntu; Linux x86_64; rv:54.0) Gecko/20100101 Firefox/54.0" 
203.178.143.112 - - [24/Jul/2017:17:48:19 -0700] "GET /twitter-icon.png HTTP/1.1" 200 27787 "http://www.secrepo.com/" "Mozilla/5.0 (X11; Ubuntu; Linux x86_64; rv:54.0) Gecko/20100101 Firefox/54.0" 
203.178.143.112 - - [24/Jul/2017:17:48:19 -0700] "GET /GitHub-Mark.png HTTP/1.1" 200 7428 "http://www.secrepo.com/" "Mozilla/5.0 (X11; Ubuntu; Linux x86_64; rv:54.0) Gecko/20100101 Firefox/54.0" 
203.178.143.112 - - [24/Jul/2017:17:48:19 -0700] "GET /bootstrap/img/favicon.ico HTTP/1.1" 200 589 "-" "Mozilla/5.0 (X11; Ubuntu; Linux x86_64; rv:54.0) Gecko/20100101 Firefox/54.0" 
157.55.39.194 - - [24/Jul/2017:17:49:45 -0700] "GET /self.logs/access.log.2016-06-04.gz HTTP/1.1" 200 8269 "-" "Mozilla/5.0 (compatible; bingbot/2.0; +http://www.bing.com/bingbot.htm)" 
207.46.13.109 - - [24/Jul/2017:17:49:50 -0700] "GET /self.logs/access.log.2015-07-20.gz HTTP/1.1" 200 5357 "-" "Mozilla/5.0 (compatible; bingbot/2.0; +http://www.bing.com/bingbot.htm)" 
176.223.72.121 - - [24/Jul/2017:17:50:54 -0700] "GET / HTTP/1.1" 200 10794 "-" "Mozilla/5.0 (Macintosh; Intel Mac OS X 10_12_3) AppleWebKit/602.4.8 (KHTML, like Gecko) Version/10.0.3 Safari/602.4.8" 
176.223.72.121 - - [24/Jul/2017:17:50:54 -0700] "GET /twitter-icon.png HTTP/1.1" 200 27787 "http://www.secrepo.com/" "Mozilla/5.0 (Macintosh; Intel Mac OS X 10_12_3) AppleWebKit/602.4.8 (KHTML, like Gecko) Version/10.0.3 Safari/602.4.8" 
176.223.72.121 - - [24/Jul/2017:17:50:54 -0700] "GET /GitHub-Mark.png HTTP/1.1" 200 7428 "http://www.secrepo.com/" "Mozilla/5.0 (Macintosh; Intel Mac OS X 10_12_3) AppleWebKit/602.4.8 (KHTML, like Gecko) Version/10.0.3 Safari/602.4.8" 
176.223.72.121 - - [24/Jul/2017:17:50:55 -0700] "GET /bootstrap/img/favicon.ico HTTP/1.1" 200 589 "http://www.secrepo.com/" "Mozilla/5.0 (Macintosh; Intel Mac OS X 10_12_3) AppleWebKit/602.4.8 (KHTML, like Gecko) Version/10.0.3 Safari/602.4.8" 
207.46.13.109 - - [24/Jul/2017:17:51:29 -0700] "GET /self.logs/access.log.2015-02-26.gz HTTP/1.1" 200 3599 "-" "Mozilla/5.0 (compatible; bingbot/2.0; +http://www.bing.com/bingbot.htm)" 
157.55.39.146 - - [24/Jul/2017:17:52:02 -0700] "GET /self.logs/access.log.2015-10-07.gz HTTP/1.1" 200 7037 "-" "Mozilla/5.0 (compatible; bingbot/2.0; +http://www.bing.com/bingbot.htm)" 
157.55.39.194 - - [24/Jul/2017:17:52:12 -0700] "GET /self.logs/access.log.2016-07-15.gz HTTP/1.1" 200 12218 "-" "Mozilla/5.0 (compatible; bingbot/2.0; +http://www.bing.com/bingbot.htm)" 
157.55.39.146 - - [24/Jul/2017:17:52:16 -0700] "GET /self.logs/access.log.2015-05-26.gz HTTP/1.1" 200 4429 "-" "Mozilla/5.0 (compatible; bingbot/2.0; +http://www.bing.com/bingbot.htm)" 
157.55.39.194 - - [24/Jul/2017:17:53:31 -0700] "GET /self.logs/access.log.2016-09-13.gz HTTP/1.1" 200 12167 "-" "Mozilla/5.0 (compatible; bingbot/2.0; +http://www.bing.com/bingbot.htm)" 
207.46.13.109 - - [24/Jul/2017:17:53:50 -0700] "GET /self.logs/access.log.2015-05-06.gz HTTP/1.1" 200 6625 "-" "Mozilla/5.0 (compatible; bingbot/2.0; +http://www.bing.com/bingbot.htm)" 
157.55.39.217 - - [24/Jul/2017:17:54:05 -0700] "GET /self.logs/access.log.2015-03-14.gz HTTP/1.1" 200 3813 "-" "Mozilla/5.0 (compatible; bingbot/2.0; +http://www.bing.com/bingbot.htm)" 
157.55.39.217 - - [24/Jul/2017:17:54:18 -0700] "GET /self.logs/access.log.2016-01-31.gz HTTP/1.1" 200 5811 "-" "Mozilla/5.0 (compatible; bingbot/2.0; +http://www.bing.com/bingbot.htm)" 
157.55.39.217 - - [24/Jul/2017:17:54:18 -0700] "GET /self.logs/access.log.2017-03-16.gz HTTP/1.1" 200 30773 "-" "Mozilla/5.0 (compatible; bingbot/2.0; +http://www.bing.com/bingbot.htm)" 
157.55.39.217 - - [24/Jul/2017:17:54:18 -0700] "GET /self.logs/access.log.2016-07-07.gz HTTP/1.1" 200 11262 "-" "Mozilla/5.0 (compatible; bingbot/2.0; +http://www.bing.com/bingbot.htm)" 
157.55.39.217 - - [24/Jul/2017:17:54:19 -0700] "GET /self.logs/access.log.2016-07-28.gz HTTP/1.1" 200 6538 "-" "Mozilla/5.0 (compatible; bingbot/2.0; +http://www.bing.com/bingbot.htm)" 
157.55.39.146 - - [24/Jul/2017:17:54:22 -0700] "GET /self.logs/access.log.2016-10-19.gz HTTP/1.1" 200 15681 "-" "Mozilla/5.0 (compatible; bingbot/2.0; +http://www.bing.com/bingbot.htm)" 
137.69.117.207 - - [24/Jul/2017:17:54:38 -0700] "GET / HTTP/1.1" 200 10794 "-" "Mozilla/5.0 (Windows NT 10.0; WOW64; rv:54.0) Gecko/20100101 Firefox/54.0" 
137.69.117.207 - - [24/Jul/2017:17:54:38 -0700] "GET /bootstrap/img/favicon.ico HTTP/1.1" 200 589 "-" "Mozilla/5.0 (Windows NT 10.0; WOW64; rv:54.0) Gecko/20100101 Firefox/54.0" 
137.69.117.207 - - [24/Jul/2017:17:54:39 -0700] "GET /twitter-icon.png HTTP/1.1" 200 27787 "http://www.secrepo.com/" "Mozilla/5.0 (Windows NT 10.0; WOW64; rv:54.0) Gecko/20100101 Firefox/54.0" 
137.69.117.207 - - [24/Jul/2017:17:54:39 -0700] "GET /GitHub-Mark.png HTTP/1.1" 200 7428 "http://www.secrepo.com/" "Mozilla/5.0 (Windows NT 10.0; WOW64; rv:54.0) Gecko/20100101 Firefox/54.0" 
157.55.39.146 - - [24/Jul/2017:17:55:08 -0700] "GET /self.logs/access.log.2015-07-21.gz HTTP/1.1" 200 5911 "-" "Mozilla/5.0 (compatible; bingbot/2.0; +http://www.bing.com/bingbot.htm)" 
157.55.39.194 - - [24/Jul/2017:17:55:18 -0700] "GET /self.logs/access.log.2016-06-17.gz HTTP/1.1" 200 12129 "-" "Mozilla/5.0 (compatible; bingbot/2.0; +http://www.bing.com/bingbot.htm)" 
157.55.39.146 - - [24/Jul/2017:17:55:57 -0700] "GET /self.logs/access.log.2017-03-20.gz HTTP/1.1" 200 16090 "-" "Mozilla/5.0 (compatible; bingbot/2.0; +http://www.bing.com/bingbot.htm)" 
157.55.39.217 - - [24/Jul/2017:17:56:32 -0700] "GET /self.logs/access.log.2015-06-12.gz HTTP/1.1" 200 6227 "-" "Mozilla/5.0 (compatible; bingbot/2.0; +http://www.bing.com/bingbot.htm)" 
211.103.88.105 - - [24/Jul/2017:17:57:12 -0700] "GET /maccdc2012/maccdc2012_full_alert.7z HTTP/1.1" 304 132 "-" "Mozilla/5.0 Gecko/20100115 Firefox/3.6" 
180.181.60.248 - - [24/Jul/2017:17:58:37 -0700] "GET / HTTP/1.1" 200 10794 "-" "Mozilla/5.0 (X11; Fedora; Linux x86_64) AppleWebKit/537.36 (KHTML, like Gecko) Chrome/58.0.3029.110 Safari/537.36" 
180.181.60.248 - - [24/Jul/2017:17:58:38 -0700] "GET /twitter-icon.png HTTP/1.1" 200 27787 "http://www.secrepo.com/" "Mozilla/5.0 (X11; Fedora; Linux x86_64) AppleWebKit/537.36 (KHTML, like Gecko) Chrome/58.0.3029.110 Safari/537.36" 
180.181.60.248 - - [24/Jul/2017:17:58:38 -0700] "GET /GitHub-Mark.png HTTP/1.1" 200 7428 "http://www.secrepo.com/" "Mozilla/5.0 (X11; Fedora; Linux x86_64) AppleWebKit/537.36 (KHTML, like Gecko) Chrome/58.0.3029.110 Safari/537.36" 
207.46.13.109 - - [24/Jul/2017:17:58:41 -0700] "GET /self.logs/access.log.2016-11-21.gz HTTP/1.1" 200 11469 "-" "Mozilla/5.0 (compatible; bingbot/2.0; +http://www.bing.com/bingbot.htm)" 
207.46.13.109 - - [24/Jul/2017:17:58:56 -0700] "GET /self.logs/access.log.2015-09-09.gz HTTP/1.1" 200 4711 "-" "Mozilla/5.0 (compatible; bingbot/2.0; +http://www.bing.com/bingbot.htm)" 
157.55.39.194 - - [24/Jul/2017:17:59:52 -0700] "GET /self.logs/access.log.2015-04-28.gz HTTP/1.1" 200 9531 "-" "Mozilla/5.0 (compatible; bingbot/2.0; +http://www.bing.com/bingbot.htm)" 
157.55.39.217 - - [24/Jul/2017:18:01:03 -0700] "GET /self.logs/access.log.2016-11-18.gz HTTP/1.1" 200 22018 "-" "Mozilla/5.0 (compatible; bingbot/2.0; +http://www.bing.com/bingbot.htm)" 
87.221.97.132 - - [24/Jul/2017:18:01:33 -0700] "GET / HTTP/1.1" 200 10794 "-" "Mozilla/5.0 (Macintosh; Intel Mac OS X 10_11_6) AppleWebKit/602.2.14 (KHTML, like Gecko)" 
87.221.97.132 - - [24/Jul/2017:18:01:33 -0700] "GET /apple-touch-icon-precomposed.png HTTP/1.1" 404 340 "-" "Safari/11602.2.14.0.7 CFNetwork/760.6.3 Darwin/15.6.0 (x86_64)" 
87.221.97.132 - - [24/Jul/2017:18:01:33 -0700] "GET /apple-touch-icon.png HTTP/1.1" 404 339 "-" "Safari/11602.2.14.0.7 CFNetwork/760.6.3 Darwin/15.6.0 (x86_64)" 
87.221.97.132 - - [24/Jul/2017:18:01:33 -0700] "GET /apple-touch-icon-precomposed.png HTTP/1.1" 404 339 "-" "Safari/11602.2.14.0.7 CFNetwork/760.6.3 Darwin/15.6.0 (x86_64)" 
87.221.97.132 - - [24/Jul/2017:18:01:33 -0700] "GET /apple-touch-icon.png HTTP/1.1" 404 339 "-" "Safari/11602.2.14.0.7 CFNetwork/760.6.3 Darwin/15.6.0 (x86_64)" 
157.55.39.217 - - [24/Jul/2017:18:01:44 -0700] "GET /self.logs/access.log.2015-04-15.gz HTTP/1.1" 200 20734 "-" "Mozilla/5.0 (compatible; bingbot/2.0; +http://www.bing.com/bingbot.htm)" 
207.46.13.109 - - [24/Jul/2017:18:03:01 -0700] "GET /self.logs/access.log.2016-06-14.gz HTTP/1.1" 200 14418 "-" "Mozilla/5.0 (compatible; bingbot/2.0; +http://www.bing.com/bingbot.htm)" 
107.174.251.154 - - [24/Jul/2017:18:03:37 -0700] "GET /honeypot/Honeypot%20-%20Howto.pdf HTTP/1.0" 200 1279381 "http://www.secrepo.com/" "Mozilla/5.0 (Macintosh; Intel Mac OS X 10_10_1) AppleWebKit/600.2.5 (KHTML, like Gecko) Version/8.0.2 Safari/600.2.5" 
52.168.161.70 - - [24/Jul/2017:18:03:42 -0700] "HEAD / HTTP/1.1" 301 253 "https://www.google.com/" "Mozilla/5.0 (compatible; epicbot; +http://www.epictions.com/epicbot)" 
52.168.161.70 - - [24/Jul/2017:18:03:45 -0700] "HEAD / HTTP/1.1" 301 253 "https://www.google.com/" "Mozilla/5.0 (compatible; epicbot; +http://www.epictions.com/epicbot)" 
52.168.161.70 - - [24/Jul/2017:18:03:45 -0700] "HEAD / HTTP/1.1" 301 253 "https://www.google.com/" "Mozilla/5.0 (compatible; epicbot; +http://www.epictions.com/epicbot)" 
159.203.105.15 - - [24/Jul/2017:18:04:31 -0700] "GET / HTTP/1.1" 301 483 "http://secrepo.com" "Mozilla/5.0 (Windows NT 6.1; WOW64; rv:29.0) Gecko/20100101 Firefox/29.0" 
159.203.105.15 - - [24/Jul/2017:18:04:32 -0700] "GET / HTTP/1.1" 200 10794 "http://secrepo.com/" "Mozilla/5.0 (Windows NT 6.1; WOW64; rv:29.0) Gecko/20100101 Firefox/29.0" 
157.55.39.146 - - [24/Jul/2017:18:04:40 -0700] "GET /self.logs/access.log.2015-12-14.gz HTTP/1.1" 200 6603 "-" "Mozilla/5.0 (compatible; bingbot/2.0; +http://www.bing.com/bingbot.htm)" 
159.203.105.15 - - [24/Jul/2017:18:04:40 -0700] "GET /robots.txt HTTP/1.1" 200 334 "-" "Mozilla/5.0 (Macintosh; Intel Mac OS X 10_9_2) AppleWebKit/537.36 (KHTML, like Gecko) Chrome/34.0.1847.131 Safari/537.36" 
157.55.39.194 - - [24/Jul/2017:18:05:11 -0700] "GET /maccdc2012/weird.log.gz HTTP/1.1" 200 1242777 "-" "Mozilla/5.0 (compatible; bingbot/2.0; +http://www.bing.com/bingbot.htm)" 
207.46.13.109 - - [24/Jul/2017:18:05:15 -0700] "GET /self.logs/access.log.2017-04-27.gz HTTP/1.1" 200 13932 "-" "Mozilla/5.0 (compatible; bingbot/2.0; +http://www.bing.com/bingbot.htm)" 
159.203.105.15 - - [24/Jul/2017:18:05:16 -0700] "GET /data HTTP/1.1" 404 340 "http://www.secrepo.com" "Mozilla/5.0 (compatible; MSIE 9.0; Windows NT 6.1; WOW64; Trident/5.0)" 
159.203.105.15 - - [24/Jul/2017:18:05:16 -0700] "GET / HTTP/1.1" 301 483 "http://secrepo.com" "Mozilla/5.0 (compatible; MSIE 10.0; Windows NT 6.1; WOW64; Trident/6.0)" 
159.203.105.15 - - [24/Jul/2017:18:05:16 -0700] "GET /maccdc2012/dhcp.log.gz HTTP/1.1" 200 45019 "http://www.secrepo.com" "Mozilla/5.0 (Windows NT 6.3; WOW64) AppleWebKit/537.36 (KHTML, like Gecko) Chrome/34.0.1847.131 Safari/537.36" 
159.203.105.15 - - [24/Jul/2017:18:05:17 -0700] "GET / HTTP/1.1" 200 10794 "http://secrepo.com/" "Mozilla/5.0 (compatible; MSIE 10.0; Windows NT 6.1; WOW64; Trident/6.0)" 
159.203.105.15 - - [24/Jul/2017:18:05:18 -0700] "GET /maccdc2012/ftp.log.gz HTTP/1.1" 200 128116 "http://www.secrepo.com" "Mozilla/5.0 (Windows NT 6.1; WOW64) AppleWebKit/537.36 (KHTML, like Gecko) Chrome/34.0.1847.131 Safari/537.36" 
159.203.105.15 - - [24/Jul/2017:18:05:16 -0700] "GET /maccdc2012/maccdc2012_fast_alert.7z HTTP/1.1" 200 9478149 "http://www.secrepo.com" "Mozilla/5.0 (Windows NT 6.1; WOW64; rv:28.0) Gecko/20100101 Firefox/28.0" 
159.203.105.15 - - [24/Jul/2017:18:05:16 -0700] "GET /maccdc2012/dns.log.gz HTTP/1.1" 200 6629420 "http://www.secrepo.com" "Mozilla/5.0 (compatible; MSIE 10.0; Windows NT 6.1; WOW64; Trident/6.0)" 
159.203.105.15 - - [24/Jul/2017:18:05:18 -0700] "GET /maccdc2012/http.log.gz HTTP/1.1" 200 685882 "http://www.secrepo.com" "Mozilla/5.0 (Windows NT 6.1; WOW64; rv:28.0) Gecko/20100101 Firefox/28.0" 
159.203.105.15 - - [24/Jul/2017:18:05:17 -0700] "GET /maccdc2012/files.log.gz HTTP/1.1" 200 8891218 "http://www.secrepo.com" "Mozilla/5.0 (Macintosh; Intel Mac OS X 10_9_2) AppleWebKit/537.75.14 (KHTML, like Gecko) Version/7.0.3 Safari/537.75.14" 
159.203.105.15 - - [24/Jul/2017:18:05:16 -0700] "GET /maccdc2012/conn.log.gz HTTP/1.1" 200 9293599 "http://www.secrepo.com" "Mozilla/5.0 (compatible; MSIE 9.0; Windows NT 6.1; WOW64; Trident/5.0)" 
157.55.39.146 - - [24/Jul/2017:18:05:36 -0700] "GET /self.logs/access.log.2017-02-17.gz HTTP/1.1" 200 14993 "-" "Mozilla/5.0 (compatible; bingbot/2.0; +http://www.bing.com/bingbot.htm)" 
157.55.39.146 - - [24/Jul/2017:18:05:37 -0700] "GET /self.logs/access.log.2015-02-12.gz HTTP/1.1" 200 7071 "-" "Mozilla/5.0 (compatible; bingbot/2.0; +http://www.bing.com/bingbot.htm)" 
164.132.161.41 - - [24/Jul/2017:18:06:17 -0700] "GET /self.logs/error.log.2016-07-31.gz HTTP/1.1" 200 1057 "-" "Mozilla/5.0 (compatible; AhrefsBot/5.2; +http://ahrefs.com/robot/)" 
157.55.39.146 - - [24/Jul/2017:18:08:43 -0700] "GET /self.logs/access.log.2016-10-10.gz HTTP/1.1" 200 9569 "-" "Mozilla/5.0 (compatible; bingbot/2.0; +http://www.bing.com/bingbot.htm)" 
207.46.13.109 - - [24/Jul/2017:18:08:59 -0700] "GET /self.logs/access.log.2016-06-28.gz HTTP/1.1" 200 11135 "-" "Mozilla/5.0 (compatible; bingbot/2.0; +http://www.bing.com/bingbot.htm)" 
122.225.128.136 - - [24/Jul/2017:18:09:02 -0700] "GET / HTTP/1.1" 304 189 "-" "Mozilla/4.0 (compatible;)" 
