216.244.66.227 - - [07/Apr/2017:22:32:27 -0700] "GET /self.logs/access.log.2016-11-17.gz HTTP/1.1" 200 15026 "-" "Mozilla/5.0 (compatible; DotBot/1.1; http://www.opensiteexplorer.org/dotbot, help@moz.com)" 
216.244.66.227 - - [07/Apr/2017:22:32:29 -0700] "GET /self.logs/error.log.2015-03-28.gz HTTP/1.1" 200 856 "-" "Mozilla/5.0 (compatible; DotBot/1.1; http://www.opensiteexplorer.org/dotbot, help@moz.com)" 
216.244.66.227 - - [07/Apr/2017:22:32:31 -0700] "GET /self.logs/error.log.2016-11-24.gz HTTP/1.1" 200 728 "-" "Mozilla/5.0 (compatible; DotBot/1.1; http://www.opensiteexplorer.org/dotbot, help@moz.com)" 
163.172.65.34 - - [07/Apr/2017:22:35:39 -0700] "GET /self.logs/error.log.2016-03-19.gz HTTP/1.1" 200 490 "-" "Mozilla/5.0 (compatible; AhrefsBot/5.2; +http://ahrefs.com/robot/)" 
46.197.11.191 - - [07/Apr/2017:22:36:30 -0700] "GET /favicon.ico HTTP/1.1" 200 268 "http://www.secrepo.com/honeypot/Honeypot%20-%20Howto%20-%20BSides%20Austin.pdf" "Mozilla/5.0 (Macintosh; Intel Mac OS X 10_11_4) AppleWebKit/537.36 (KHTML, like Gecko) Chrome/57.0.2987.133 Safari/537.36" 
46.197.11.191 - - [07/Apr/2017:22:36:30 -0700] "GET /honeypot/Honeypot%20-%20Howto%20-%20BSides%20Austin.pdf HTTP/1.1" 206 2838278 "http://www.secrepo.com/honeypot/Honeypot%20-%20Howto%20-%20BSides%20Austin.pdf" "Mozilla/5.0 (Macintosh; Intel Mac OS X 10_11_4) AppleWebKit/537.36 (KHTML, like Gecko) Chrome/57.0.2987.133 Safari/537.36" 
150.70.173.8 - - [07/Apr/2017:22:37:23 -0700] "GET / HTTP/1.1" 200 36419 "-" "Mozilla/4.0 (compatible; MSIE 8.0; Windows NT 5.1; Trident/4.0)" 
46.197.11.191 - - [07/Apr/2017:22:36:29 -0700] "GET /honeypot/Honeypot%20-%20Howto%20-%20BSides%20Austin.pdf HTTP/1.1" 200 164980 "http://www.secrepo.com/" "Mozilla/5.0 (Macintosh; Intel Mac OS X 10_11_4) AppleWebKit/537.36 (KHTML, like Gecko) Chrome/57.0.2987.133 Safari/537.36" 
222.164.202.66 - - [07/Apr/2017:22:39:02 -0700] "GET / HTTP/1.1" 200 10792 "-" "Mozilla/5.0 (X11; Linux x86_64) AppleWebKit/537.36 (KHTML, like Gecko) Chrome/55.0.2883.87 Safari/537.36" 
222.164.202.66 - - [07/Apr/2017:22:39:04 -0700] "GET /GitHub-Mark.png HTTP/1.1" 200 7428 "http://www.secrepo.com/" "Mozilla/5.0 (X11; Linux x86_64) AppleWebKit/537.36 (KHTML, like Gecko) Chrome/55.0.2883.87 Safari/537.36" 
222.164.202.66 - - [07/Apr/2017:22:39:04 -0700] "GET /twitter-icon.png HTTP/1.1" 200 27787 "http://www.secrepo.com/" "Mozilla/5.0 (X11; Linux x86_64) AppleWebKit/537.36 (KHTML, like Gecko) Chrome/55.0.2883.87 Safari/537.36" 
222.164.202.66 - - [07/Apr/2017:22:39:06 -0700] "GET /bootstrap/img/favicon.ico HTTP/1.1" 200 589 "http://www.secrepo.com/" "Mozilla/5.0 (X11; Linux x86_64) AppleWebKit/537.36 (KHTML, like Gecko) Chrome/55.0.2883.87 Safari/537.36" 
194.67.209.128 - - [07/Apr/2017:22:40:01 -0700] "GET / HTTP/1.1" 200 10792 "https://www.google.ru/" "Mozilla/5.0 (Windows NT 10.0; WOW64; rv:52.0) Gecko/20100101 Firefox/52.0" 
194.67.209.128 - - [07/Apr/2017:22:40:01 -0700] "GET /bootstrap/img/favicon.ico HTTP/1.1" 200 589 "-" "Mozilla/5.0 (Windows NT 10.0; WOW64; rv:52.0) Gecko/20100101 Firefox/52.0" 
194.67.209.128 - - [07/Apr/2017:22:40:03 -0700] "GET /twitter-icon.png HTTP/1.1" 200 27787 "http://www.secrepo.com/" "Mozilla/5.0 (Windows NT 10.0; WOW64; rv:52.0) Gecko/20100101 Firefox/52.0" 
194.67.209.128 - - [07/Apr/2017:22:40:03 -0700] "GET /GitHub-Mark.png HTTP/1.1" 200 7428 "http://www.secrepo.com/" "Mozilla/5.0 (Windows NT 10.0; WOW64; rv:52.0) Gecko/20100101 Firefox/52.0" 
163.172.65.207 - - [07/Apr/2017:22:42:14 -0700] "GET /self.logs/error.log.2016-06-05.gz HTTP/1.1" 200 952 "-" "Mozilla/5.0 (compatible; AhrefsBot/5.2; +http://ahrefs.com/robot/)" 
123.9.153.102 - - [07/Apr/2017:22:45:51 -0700] "GET /maccdc2012/maccdc2012_full_alert.7z HTTP/1.1" 200 2094400 "-" "Mozilla/5.0 (compatible; MSIE 6.0; Windows NT 5.0)" 
123.9.153.102 - - [07/Apr/2017:22:45:51 -0700] "GET /maccdc2012/maccdc2012_full_alert.7z HTTP/1.1" 200 1643600 "-" "Mozilla/5.0 (compatible; MSIE 6.0; Windows NT 5.0)" 
123.9.153.102 - - [07/Apr/2017:22:45:52 -0700] "GET /maccdc2012/maccdc2012_full_alert.7z HTTP/1.1" 200 1997800 "-" "Mozilla/5.0 (compatible; MSIE 6.0; Windows NT 5.0)" 
123.9.153.102 - - [07/Apr/2017:22:45:51 -0700] "GET /maccdc2012/maccdc2012_full_alert.7z HTTP/1.1" 200 1675800 "-" "Mozilla/5.0 (compatible; MSIE 6.0; Windows NT 5.0)" 
159.226.251.229 - - [07/Apr/2017:22:50:23 -0700] "GET /maccdc2012/maccdc2012_full_alert.7z HTTP/1.1" 304 132 "-" "Mozilla/5.0 Gecko/20100115 Firefox/3.6" 
106.39.10.162 - - [07/Apr/2017:22:50:29 -0700] "GET / HTTP/1.1" 301 483 "-" "Mozilla/5.0 (Windows NT 10.0; Win64; x64) AppleWebKit/537.36 (KHTML, like Gecko) Chrome/56.0.2924.87 Safari/537.36" 
106.39.10.162 - - [07/Apr/2017:22:50:29 -0700] "GET / HTTP/1.1" 200 10792 "-" "Mozilla/5.0 (Windows NT 10.0; Win64; x64) AppleWebKit/537.36 (KHTML, like Gecko) Chrome/56.0.2924.87 Safari/537.36" 
106.39.10.162 - - [07/Apr/2017:22:50:30 -0700] "GET /twitter-icon.png HTTP/1.1" 200 27787 "http://www.secrepo.com/" "Mozilla/5.0 (Windows NT 10.0; Win64; x64) AppleWebKit/537.36 (KHTML, like Gecko) Chrome/56.0.2924.87 Safari/537.36" 
106.39.10.162 - - [07/Apr/2017:22:50:30 -0700] "GET /GitHub-Mark.png HTTP/1.1" 200 7428 "http://www.secrepo.com/" "Mozilla/5.0 (Windows NT 10.0; Win64; x64) AppleWebKit/537.36 (KHTML, like Gecko) Chrome/56.0.2924.87 Safari/537.36" 
106.39.10.162 - - [07/Apr/2017:22:50:33 -0700] "GET /bootstrap/img/favicon.ico HTTP/1.1" 200 590 "http://www.secrepo.com/" "Mozilla/5.0 (Windows NT 10.0; Win64; x64) AppleWebKit/537.36 (KHTML, like Gecko) Chrome/56.0.2924.87 Safari/537.36" 
106.2.43.7 - - [07/Apr/2017:22:54:50 -0700] "GET /GitHub-Mark.png HTTP/1.1" 200 7428 "http://www.secrepo.com/" "Mozilla/5.0 (Windows NT 5.1; rv:8.0) Gecko/20100101 Firefox/8.0" 
106.2.43.7 - - [07/Apr/2017:22:54:50 -0700] "GET /twitter-icon.png HTTP/1.1" 200 27788 "http://www.secrepo.com/" "Mozilla/5.0 (Windows NT 5.1; rv:8.0) Gecko/20100101 Firefox/8.0" 
66.249.64.191 - - [07/Apr/2017:22:59:02 -0700] "GET /robots.txt HTTP/1.1" 200 334 "-" "Mozilla/5.0 (compatible; Googlebot/2.1; +http://www.google.com/bot.html)" 
66.249.64.128 - - [07/Apr/2017:22:59:02 -0700] "GET / HTTP/1.1" 200 10792 "-" "Mozilla/5.0 (compatible; Googlebot/2.1; +http://www.google.com/bot.html)" 
70.31.126.3 - - [07/Apr/2017:23:00:52 -0700] "GET /wp-login.php HTTP/1.1" 404 295 "-" "Mozilla/5.0 (Windows NT 6.1; WOW64; rv:40.0) Gecko/20100101 Firefox/40.1" 
70.31.126.3 - - [07/Apr/2017:23:00:57 -0700] "GET /wp-login.php HTTP/1.1" 404 295 "-" "Mozilla/5.0 (Windows NT 6.1; WOW64; rv:40.0) Gecko/20100101 Firefox/40.1" 
70.31.126.3 - - [07/Apr/2017:23:01:03 -0700] "GET / HTTP/1.1" 200 36475 "-" "Mozilla/5.0 (Windows NT 6.1; WOW64; rv:40.0) Gecko/20100101 Firefox/40.1" 
52.38.236.245 - - [07/Apr/2017:23:01:55 -0700] "GET / HTTP/1.1" 301 483 "-" "Mozilla/5.0 (Macintosh; Intel Mac OS X 10_10_2) AppleWebKit/600.3.18 (KHTML, like Gecko) Version/8.0.3 Safari/600.3.18" 
52.38.236.245 - - [07/Apr/2017:23:01:55 -0700] "GET / HTTP/1.1" 200 10792 "-" "Mozilla/5.0 (Macintosh; Intel Mac OS X 10_10_2) AppleWebKit/600.3.18 (KHTML, like Gecko) Version/8.0.3 Safari/600.3.18" 
89.79.166.114 - - [07/Apr/2017:23:09:43 -0700] "GET /wp-login.php HTTP/1.1" 404 295 "-" "Mozilla/5.0 (Windows NT 6.1; WOW64; rv:40.0) Gecko/20100101 Firefox/40.1" 
89.79.166.114 - - [07/Apr/2017:23:09:49 -0700] "GET /wp-login.php HTTP/1.1" 404 295 "-" "Mozilla/5.0 (Windows NT 6.1; WOW64; rv:40.0) Gecko/20100101 Firefox/40.1" 
89.79.166.114 - - [07/Apr/2017:23:09:54 -0700] "GET / HTTP/1.1" 200 36475 "-" "Mozilla/5.0 (Windows NT 6.1; WOW64; rv:40.0) Gecko/20100101 Firefox/40.1" 
159.226.251.229 - - [07/Apr/2017:23:11:39 -0700] "GET /tg/a.zip HTTP/1.1" 304 132 "-" "Mozilla/5.0 Gecko/20100115 Firefox/3.6" 
167.114.228.206 - - [07/Apr/2017:23:11:56 -0700] "GET / HTTP/1.0" 200 36464 "-" "Mozilla/5.0 (Windows NT 10.0; Win64; x64; rv:51.0) Gecko/20100101 Firefox/51.0" 
216.244.66.227 - - [07/Apr/2017:23:13:53 -0700] "GET /robots.txt HTTP/1.1" 200 233 "-" "Mozilla/5.0 (compatible; DotBot/1.1; http://www.opensiteexplorer.org/dotbot, help@moz.com)" 
216.244.66.227 - - [07/Apr/2017:23:19:04 -0700] "GET /self.logs/access.log.2015-03-21.gz HTTP/1.1" 200 2826 "-" "Mozilla/5.0 (compatible; DotBot/1.1; http://www.opensiteexplorer.org/dotbot, help@moz.com)" 
216.244.66.227 - - [07/Apr/2017:23:19:06 -0700] "GET /self.logs/access.log.2015-04-01.gz HTTP/1.1" 200 4750 "-" "Mozilla/5.0 (compatible; DotBot/1.1; http://www.opensiteexplorer.org/dotbot, help@moz.com)" 
216.244.66.227 - - [07/Apr/2017:23:19:07 -0700] "GET /self.logs/access.log.2016-07-05.gz HTTP/1.1" 200 21053 "-" "Mozilla/5.0 (compatible; DotBot/1.1; http://www.opensiteexplorer.org/dotbot, help@moz.com)" 
216.244.66.227 - - [07/Apr/2017:23:19:09 -0700] "GET /self.logs/access.log.2016-11-06.gz HTTP/1.1" 200 8145 "-" "Mozilla/5.0 (compatible; DotBot/1.1; http://www.opensiteexplorer.org/dotbot, help@moz.com)" 
216.244.66.227 - - [07/Apr/2017:23:19:10 -0700] "GET /self.logs/error.log.2015-04-26.gz HTTP/1.1" 200 777 "-" "Mozilla/5.0 (compatible; DotBot/1.1; http://www.opensiteexplorer.org/dotbot, help@moz.com)" 
216.244.66.227 - - [07/Apr/2017:23:19:12 -0700] "GET /self.logs/error.log.2015-07-29.gz HTTP/1.1" 200 639 "-" "Mozilla/5.0 (compatible; DotBot/1.1; http://www.opensiteexplorer.org/dotbot, help@moz.com)" 
216.244.66.227 - - [07/Apr/2017:23:19:13 -0700] "GET /self.logs/error.log.2016-04-01.gz HTTP/1.1" 200 660 "-" "Mozilla/5.0 (compatible; DotBot/1.1; http://www.opensiteexplorer.org/dotbot, help@moz.com)" 
46.197.11.191 - - [07/Apr/2017:23:28:31 -0700] "GET / HTTP/1.1" 301 483 "http://www.mlsecproject.org/blog/introducing-secrepo-a-security-data-clearing-house" "Mozilla/5.0 (Macintosh; Intel Mac OS X 10_11_4) AppleWebKit/537.36 (KHTML, like Gecko) Chrome/57.0.2987.133 Safari/537.36" 
46.197.11.191 - - [07/Apr/2017:23:28:52 -0700] "GET /maccdc2012/dns.log.gz HTTP/1.1" 200 6629420 "-" "Mozilla/5.0 (Macintosh; Intel Mac OS X 10_11_4) AppleWebKit/537.36 (KHTML, like Gecko) Chrome/57.0.2987.133 Safari/537.36" 
51.255.65.71 - - [07/Apr/2017:23:29:37 -0700] "GET /self.logs/error.log.2016-12-22.gz HTTP/1.1" 200 892 "-" "Mozilla/5.0 (compatible; AhrefsBot/5.2; +http://ahrefs.com/robot/)" 
46.197.11.191 - - [07/Apr/2017:23:30:19 -0700] "GET /self.logs/ HTTP/1.1" 200 16594 "http://www.secrepo.com/" "Mozilla/5.0 (Macintosh; Intel Mac OS X 10_11_4) AppleWebKit/537.36 (KHTML, like Gecko) Chrome/57.0.2987.133 Safari/537.36" 
51.255.65.65 - - [07/Apr/2017:23:31:00 -0700] "GET /self.logs/error.log.2016-12-20.gz HTTP/1.1" 200 793 "-" "Mozilla/5.0 (compatible; AhrefsBot/5.2; +http://ahrefs.com/robot/)" 
70.31.126.3 - - [07/Apr/2017:23:31:24 -0700] "GET /wp-login.php HTTP/1.1" 301 522 "-" "Mozilla/5.0 (Windows NT 6.1; WOW64; rv:40.0) Gecko/20100101 Firefox/40.1" 
70.31.126.3 - - [07/Apr/2017:23:31:24 -0700] "GET /wp-login.php HTTP/1.1" 404 295 "-" "Mozilla/5.0 (Windows NT 6.1; WOW64; rv:40.0) Gecko/20100101 Firefox/40.1" 
70.31.126.3 - - [07/Apr/2017:23:31:29 -0700] "GET /wp-login.php HTTP/1.1" 301 522 "-" "Mozilla/5.0 (Windows NT 6.1; WOW64; rv:40.0) Gecko/20100101 Firefox/40.1" 
70.31.126.3 - - [07/Apr/2017:23:31:29 -0700] "GET /wp-login.php HTTP/1.1" 404 295 "-" "Mozilla/5.0 (Windows NT 6.1; WOW64; rv:40.0) Gecko/20100101 Firefox/40.1" 
70.31.126.3 - - [07/Apr/2017:23:31:34 -0700] "GET / HTTP/1.1" 301 498 "-" "Mozilla/5.0 (Windows NT 6.1; WOW64; rv:40.0) Gecko/20100101 Firefox/40.1" 
70.31.126.3 - - [07/Apr/2017:23:31:34 -0700] "GET / HTTP/1.1" 200 36475 "-" "Mozilla/5.0 (Windows NT 6.1; WOW64; rv:40.0) Gecko/20100101 Firefox/40.1" 
46.197.11.191 - - [07/Apr/2017:23:32:22 -0700] "GET /self.logs/access.log.2015-01-17.gz HTTP/1.1" 200 3597 "http://www.secrepo.com/self.logs/" "Mozilla/5.0 (Macintosh; Intel Mac OS X 10_11_4) AppleWebKit/537.36 (KHTML, like Gecko) Chrome/57.0.2987.133 Safari/537.36" 
51.255.65.41 - - [07/Apr/2017:23:34:06 -0700] "GET /self.logs/access.log.2016-11-21.gz HTTP/1.1" 200 11413 "-" "Mozilla/5.0 (compatible; AhrefsBot/5.2; +http://ahrefs.com/robot/)" 
164.132.161.28 - - [07/Apr/2017:23:37:36 -0700] "GET /self.logs/error.log.2016-06-13.gz HTTP/1.1" 200 1188 "-" "Mozilla/5.0 (compatible; AhrefsBot/5.2; +http://ahrefs.com/robot/)" 
89.79.166.114 - - [07/Apr/2017:23:38:36 -0700] "GET /wp-login.php HTTP/1.1" 301 522 "-" "Mozilla/5.0 (Windows NT 6.1; WOW64; rv:40.0) Gecko/20100101 Firefox/40.1" 
89.79.166.114 - - [07/Apr/2017:23:38:37 -0700] "GET /wp-login.php HTTP/1.1" 404 295 "-" "Mozilla/5.0 (Windows NT 6.1; WOW64; rv:40.0) Gecko/20100101 Firefox/40.1" 
157.55.39.57 - - [07/Apr/2017:23:38:40 -0700] "GET /self.logs/error.log.2015-06-24.gz HTTP/1.1" 301 544 "-" "msnbot-media/1.1 (+http://search.msn.com/msnbot.htm)" 
89.79.166.114 - - [07/Apr/2017:23:38:42 -0700] "GET /wp-login.php HTTP/1.1" 301 522 "-" "Mozilla/5.0 (Windows NT 6.1; WOW64; rv:40.0) Gecko/20100101 Firefox/40.1" 
89.79.166.114 - - [07/Apr/2017:23:38:42 -0700] "GET /wp-login.php HTTP/1.1" 404 295 "-" "Mozilla/5.0 (Windows NT 6.1; WOW64; rv:40.0) Gecko/20100101 Firefox/40.1" 
89.79.166.114 - - [07/Apr/2017:23:38:48 -0700] "GET / HTTP/1.1" 301 498 "-" "Mozilla/5.0 (Windows NT 6.1; WOW64; rv:40.0) Gecko/20100101 Firefox/40.1" 
89.79.166.114 - - [07/Apr/2017:23:38:48 -0700] "GET / HTTP/1.1" 200 36475 "-" "Mozilla/5.0 (Windows NT 6.1; WOW64; rv:40.0) Gecko/20100101 Firefox/40.1" 
123.126.113.17 - - [07/Apr/2017:23:41:03 -0700] "GET /robots.txt HTTP/1.1" 200 252 "-" "Sogou web spider/4.0(+http://www.sogou.com/docs/help/webmasters.htm#07)" 
148.62.14.207 - - [07/Apr/2017:23:44:24 -0700] "GET /robots.txt HTTP/1.1" 301 446 "-" "Tornado-Async-Client" 
148.62.14.207 - - [07/Apr/2017:23:44:24 -0700] "GET /robots.txt HTTP/1.1" 304 130 "-" "Tornado-Async-Client" 
148.62.14.207 - - [07/Apr/2017:23:44:24 -0700] "GET /honeypot/BSidesDFW%20-%202014.ipynb HTTP/1.1" 301 484 "-" "Tornado-Async-Client" 
148.62.14.207 - - [07/Apr/2017:23:44:24 -0700] "GET /honeypot/BSidesDFW%20-%202014.ipynb HTTP/1.1" 200 930780 "-" "Tornado-Async-Client" 
159.226.251.229 - - [07/Apr/2017:23:49:53 -0700] "GET /maccdc2012/conn.log.gz HTTP/1.1" 304 156 "-" "Mozilla/5.0 Gecko/20100115 Firefox/3.6" 
154.242.167.121 - - [07/Apr/2017:23:53:44 -0700] "GET /wp-login.php HTTP/1.1" 404 295 "-" "Mozilla/5.0 (Windows NT 6.1; WOW64; rv:40.0) Gecko/20100101 Firefox/40.1" 
154.242.167.121 - - [07/Apr/2017:23:53:50 -0700] "GET /wp-login.php HTTP/1.1" 404 295 "-" "Mozilla/5.0 (Windows NT 6.1; WOW64; rv:40.0) Gecko/20100101 Firefox/40.1" 
154.242.167.121 - - [07/Apr/2017:23:53:55 -0700] "GET / HTTP/1.1" 200 36475 "-" "Mozilla/5.0 (Windows NT 6.1; WOW64; rv:40.0) Gecko/20100101 Firefox/40.1" 
216.244.66.227 - - [07/Apr/2017:23:54:59 -0700] "GET /robots.txt HTTP/1.1" 200 233 "-" "Mozilla/5.0 (compatible; DotBot/1.1; http://www.opensiteexplorer.org/dotbot, help@moz.com)" 
180.76.15.137 - - [07/Apr/2017:23:57:57 -0700] "GET /self.logs/?C=S;O=D HTTP/1.1" 200 18700 "-" "Mozilla/5.0 (compatible; Baiduspider/2.0; +http://www.baidu.com/search/spider.html)" 
216.244.66.227 - - [08/Apr/2017:00:00:17 -0700] "GET /self.logs/access.log.2016-04-10.gz HTTP/1.1" 200 8295 "-" "Mozilla/5.0 (compatible; DotBot/1.1; http://www.opensiteexplorer.org/dotbot, help@moz.com)" 
216.244.66.227 - - [08/Apr/2017:00:00:20 -0700] "GET /self.logs/access.log.2016-11-14.gz HTTP/1.1" 200 27770 "-" "Mozilla/5.0 (compatible; DotBot/1.1; http://www.opensiteexplorer.org/dotbot, help@moz.com)" 
216.244.66.227 - - [08/Apr/2017:00:00:22 -0700] "GET /self.logs/error.log.2017-02-02.gz HTTP/1.1" 200 791 "-" "Mozilla/5.0 (compatible; DotBot/1.1; http://www.opensiteexplorer.org/dotbot, help@moz.com)" 
157.55.39.24 - - [08/Apr/2017:00:02:13 -0700] "GET /robots.txt HTTP/1.1" 301 502 "-" "Mozilla/5.0 (compatible; bingbot/2.0; +http://www.bing.com/bingbot.htm)" 
157.55.39.24 - - [08/Apr/2017:00:02:13 -0700] "GET /robots.txt HTTP/1.1" 200 334 "-" "Mozilla/5.0 (compatible; bingbot/2.0; +http://www.bing.com/bingbot.htm)" 
5.36.102.59 - - [08/Apr/2017:00:08:32 -0700] "GET /wp-login.php HTTP/1.1" 301 522 "-" "Mozilla/5.0 (Windows NT 6.1; WOW64; rv:40.0) Gecko/20100101 Firefox/40.1" 
5.36.102.59 - - [08/Apr/2017:00:08:32 -0700] "GET /wp-login.php HTTP/1.1" 404 295 "-" "Mozilla/5.0 (Windows NT 6.1; WOW64; rv:40.0) Gecko/20100101 Firefox/40.1" 
5.36.102.59 - - [08/Apr/2017:00:08:38 -0700] "GET /wp-login.php HTTP/1.1" 301 522 "-" "Mozilla/5.0 (Windows NT 6.1; WOW64; rv:40.0) Gecko/20100101 Firefox/40.1" 
5.36.102.59 - - [08/Apr/2017:00:08:39 -0700] "GET /wp-login.php HTTP/1.1" 404 295 "-" "Mozilla/5.0 (Windows NT 6.1; WOW64; rv:40.0) Gecko/20100101 Firefox/40.1" 
5.36.102.59 - - [08/Apr/2017:00:08:44 -0700] "GET / HTTP/1.1" 301 498 "-" "Mozilla/5.0 (Windows NT 6.1; WOW64; rv:40.0) Gecko/20100101 Firefox/40.1" 
5.36.102.59 - - [08/Apr/2017:00:08:45 -0700] "GET / HTTP/1.1" 200 36475 "-" "Mozilla/5.0 (Windows NT 6.1; WOW64; rv:40.0) Gecko/20100101 Firefox/40.1" 
163.172.66.74 - - [08/Apr/2017:00:13:34 -0700] "GET /self.logs/access.log.2015-04-09.gz HTTP/1.1" 200 3559 "-" "Mozilla/5.0 (compatible; AhrefsBot/5.2; +http://ahrefs.com/robot/)" 
106.105.103.138 - - [08/Apr/2017:00:19:11 -0700] "GET /self.logs/ HTTP/1.1" 200 16594 "http://www.secrepo.com/" "Mozilla/5.0 (Windows NT 6.0) AppleWebKit/537.36 (KHTML, like Gecko) Chrome/49.0.2623.112 Safari/537.36" 
106.105.103.138 - - [08/Apr/2017:00:19:12 -0700] "GET /favicon.ico HTTP/1.1" 200 267 "http://www.secrepo.com/self.logs/" "Mozilla/5.0 (Windows NT 6.0) AppleWebKit/537.36 (KHTML, like Gecko) Chrome/49.0.2623.112 Safari/537.36" 
106.105.103.138 - - [08/Apr/2017:00:19:42 -0700] "GET /self.logs/error.log.2017-04-04.gz HTTP/1.1" 200 3557 "http://www.secrepo.com/self.logs/" "Mozilla/5.0 (Windows NT 6.0) AppleWebKit/537.36 (KHTML, like Gecko) Chrome/49.0.2623.112 Safari/537.36" 
216.244.66.227 - - [08/Apr/2017:00:25:41 -0700] "GET /robots.txt HTTP/1.1" 200 233 "-" "Mozilla/5.0 (compatible; DotBot/1.1; http://www.opensiteexplorer.org/dotbot, help@moz.com)" 
117.213.160.179 - - [08/Apr/2017:00:29:24 -0700] "GET /wp-login.php HTTP/1.1" 404 295 "-" "Mozilla/5.0 (Windows NT 6.1; WOW64; rv:40.0) Gecko/20100101 Firefox/40.1" 
117.213.160.179 - - [08/Apr/2017:00:29:30 -0700] "GET /wp-login.php HTTP/1.1" 404 295 "-" "Mozilla/5.0 (Windows NT 6.1; WOW64; rv:40.0) Gecko/20100101 Firefox/40.1" 
117.213.160.179 - - [08/Apr/2017:00:29:36 -0700] "GET / HTTP/1.1" 200 36475 "-" "Mozilla/5.0 (Windows NT 6.1; WOW64; rv:40.0) Gecko/20100101 Firefox/40.1" 
216.244.66.227 - - [08/Apr/2017:00:31:54 -0700] "GET /self.logs/access.log.2015-01-25.gz HTTP/1.1" 200 2953 "-" "Mozilla/5.0 (compatible; DotBot/1.1; http://www.opensiteexplorer.org/dotbot, help@moz.com)" 
216.244.66.227 - - [08/Apr/2017:00:31:56 -0700] "GET /self.logs/access.log.2015-10-23.gz HTTP/1.1" 200 5148 "-" "Mozilla/5.0 (compatible; DotBot/1.1; http://www.opensiteexplorer.org/dotbot, help@moz.com)" 
216.244.66.227 - - [08/Apr/2017:00:31:58 -0700] "GET /self.logs/access.log.2016-01-20.gz HTTP/1.1" 200 10331 "-" "Mozilla/5.0 (compatible; DotBot/1.1; http://www.opensiteexplorer.org/dotbot, help@moz.com)" 
216.244.66.227 - - [08/Apr/2017:00:32:00 -0700] "GET /self.logs/error.log.2016-07-29.gz HTTP/1.1" 200 904 "-" "Mozilla/5.0 (compatible; DotBot/1.1; http://www.opensiteexplorer.org/dotbot, help@moz.com)" 
221.212.116.38 - - [08/Apr/2017:00:40:37 -0700] "GET / HTTP/1.1" 200 10792 "-" "Mozilla/5.0 (X11; Linux x86_64) AppleWebKit/537.36 (KHTML, like Gecko) Chrome/55.0.2883.87 Safari/537.36" 
221.212.116.38 - - [08/Apr/2017:00:40:46 -0700] "GET /GitHub-Mark.png HTTP/1.1" 200 7428 "http://www.secrepo.com/" "Mozilla/5.0 (X11; Linux x86_64) AppleWebKit/537.36 (KHTML, like Gecko) Chrome/55.0.2883.87 Safari/537.36" 
221.212.116.38 - - [08/Apr/2017:00:40:46 -0700] "GET /twitter-icon.png HTTP/1.1" 200 27788 "http://www.secrepo.com/" "Mozilla/5.0 (X11; Linux x86_64) AppleWebKit/537.36 (KHTML, like Gecko) Chrome/55.0.2883.87 Safari/537.36" 
113.200.69.42 - - [08/Apr/2017:00:41:10 -0700] "GET /maccdc2012/maccdc2012_full_alert.7z HTTP/1.1" 200 46080 "-" "Mozilla/5.0 (compatible; MSIE 6.0; Windows NT 5.0)" 
113.200.69.42 - - [08/Apr/2017:00:41:10 -0700] "GET /maccdc2012/maccdc2012_full_alert.7z HTTP/1.1" 200 46080 "-" "Mozilla/5.0 (compatible; MSIE 6.0; Windows NT 5.0)" 
221.212.116.38 - - [08/Apr/2017:00:41:15 -0700] "GET /bootstrap/img/favicon.ico HTTP/1.1" 200 590 "http://www.secrepo.com/" "Mozilla/5.0 (X11; Linux x86_64) AppleWebKit/537.36 (KHTML, like Gecko) Chrome/55.0.2883.87 Safari/537.36" 
113.200.69.42 - - [08/Apr/2017:00:41:10 -0700] "GET /maccdc2012/maccdc2012_full_alert.7z HTTP/1.1" 200 139680 "-" "Mozilla/5.0 (compatible; MSIE 6.0; Windows NT 5.0)" 
113.200.69.42 - - [08/Apr/2017:00:41:10 -0700] "GET /maccdc2012/maccdc2012_full_alert.7z HTTP/1.1" 200 339840 "-" "Mozilla/5.0 (compatible; MSIE 6.0; Windows NT 5.0)" 
221.212.116.38 - - [08/Apr/2017:00:43:20 -0700] "GET / HTTP/1.1" 304 189 "-" "Mozilla/5.0 (X11; Linux x86_64) AppleWebKit/537.36 (KHTML, like Gecko) Chrome/55.0.2883.87 Safari/537.36" 
221.212.116.38 - - [08/Apr/2017:00:43:24 -0700] "GET /bootstrap/img/favicon.ico HTTP/1.1" 200 590 "http://www.secrepo.com/" "Mozilla/5.0 (X11; Linux x86_64) AppleWebKit/537.36 (KHTML, like Gecko) Chrome/55.0.2883.87 Safari/537.36" 
163.172.66.32 - - [08/Apr/2017:00:43:55 -0700] "GET /self.logs/error.log.2016-08-22.gz HTTP/1.1" 200 1120 "-" "Mozilla/5.0 (compatible; AhrefsBot/5.2; +http://ahrefs.com/robot/)" 
39.44.67.36 - - [08/Apr/2017:00:45:27 -0700] "GET /wp-login.php HTTP/1.1" 404 295 "-" "Mozilla/5.0 (Windows NT 6.1; WOW64; rv:40.0) Gecko/20100101 Firefox/40.1" 
39.44.67.36 - - [08/Apr/2017:00:45:33 -0700] "GET /wp-login.php HTTP/1.1" 404 295 "-" "Mozilla/5.0 (Windows NT 6.1; WOW64; rv:40.0) Gecko/20100101 Firefox/40.1" 
39.44.67.36 - - [08/Apr/2017:00:45:38 -0700] "GET / HTTP/1.1" 200 36475 "-" "Mozilla/5.0 (Windows NT 6.1; WOW64; rv:40.0) Gecko/20100101 Firefox/40.1" 
46.5.19.90 - - [08/Apr/2017:00:47:56 -0700] "GET /bootstrap/img/favicon.ico HTTP/1.1" 200 590 "-" "Mozilla/5.0 (X11; Ubuntu; Linux x86_64; rv:52.0) Gecko/20100101 Firefox/52.0" 
80.246.133.210 - - [08/Apr/2017:00:48:49 -0700] "GET / HTTP/1.1" 200 10792 "http://www.mlsecproject.org/" "Mozilla/5.0 (Linux; Android 6.0.1; RS988 Build/MMB29M) AppleWebKit/537.36 (KHTML, like Gecko) Chrome/57.0.2987.132 Mobile Safari/537.36" 
80.246.133.210 - - [08/Apr/2017:00:48:51 -0700] "GET /GitHub-Mark.png HTTP/1.1" 200 7428 "http://www.secrepo.com/" "Mozilla/5.0 (Linux; Android 6.0.1; RS988 Build/MMB29M) AppleWebKit/537.36 (KHTML, like Gecko) Chrome/57.0.2987.132 Mobile Safari/537.36" 
80.246.133.210 - - [08/Apr/2017:00:48:51 -0700] "GET /twitter-icon.png HTTP/1.1" 200 27788 "http://www.secrepo.com/" "Mozilla/5.0 (Linux; Android 6.0.1; RS988 Build/MMB29M) AppleWebKit/537.36 (KHTML, like Gecko) Chrome/57.0.2987.132 Mobile Safari/537.36" 
66.249.93.95 - - [08/Apr/2017:01:03:42 -0700] "GET / HTTP/1.1" 200 10792 "-" "Mozilla/5.0 (X11; Linux x86_64) AppleWebKit/537.36 (KHTML, like Gecko) Chrome/49.0.2623.75 Safari/537.36 Google Favicon" 
66.249.93.64 - - [08/Apr/2017:01:03:42 -0700] "GET /bootstrap/img/favicon.ico HTTP/1.1" 200 590 "-" "Mozilla/5.0 (X11; Linux x86_64) AppleWebKit/537.36 (KHTML, like Gecko) Chrome/49.0.2623.75 Safari/537.36 Google Favicon" 
163.172.66.74 - - [08/Apr/2017:01:06:21 -0700] "GET /self.logs/access.log.2016-02-07.gz HTTP/1.1" 200 9082 "-" "Mozilla/5.0 (compatible; AhrefsBot/5.2; +http://ahrefs.com/robot/)" 
112.198.73.171 - - [08/Apr/2017:01:13:32 -0700] "GET /wp-login.php HTTP/1.1" 404 295 "-" "Mozilla/5.0 (Windows NT 6.1; WOW64; rv:40.0) Gecko/20100101 Firefox/40.1" 
112.198.73.171 - - [08/Apr/2017:01:13:37 -0700] "GET /wp-login.php HTTP/1.1" 404 295 "-" "Mozilla/5.0 (Windows NT 6.1; WOW64; rv:40.0) Gecko/20100101 Firefox/40.1" 
112.198.73.171 - - [08/Apr/2017:01:13:43 -0700] "GET / HTTP/1.1" 200 36475 "-" "Mozilla/5.0 (Windows NT 6.1; WOW64; rv:40.0) Gecko/20100101 Firefox/40.1" 
121.88.238.44 - - [08/Apr/2017:01:14:10 -0700] "GET /wp-login.php HTTP/1.1" 404 295 "-" "Mozilla/5.0 (Windows NT 6.1; WOW64; rv:40.0) Gecko/20100101 Firefox/40.1" 
121.88.238.44 - - [08/Apr/2017:01:14:15 -0700] "GET /wp-login.php HTTP/1.1" 404 295 "-" "Mozilla/5.0 (Windows NT 6.1; WOW64; rv:40.0) Gecko/20100101 Firefox/40.1" 
121.88.238.44 - - [08/Apr/2017:01:14:21 -0700] "GET / HTTP/1.1" 200 36475 "-" "Mozilla/5.0 (Windows NT 6.1; WOW64; rv:40.0) Gecko/20100101 Firefox/40.1" 
76.119.88.84 - - [08/Apr/2017:01:15:03 -0700] "GET / HTTP/1.1" 200 10792 "https://www.google.com/" "Mozilla/5.0 (Windows NT 10.0; WOW64) AppleWebKit/537.36 (KHTML, like Gecko) Chrome/57.0.2987.133 Safari/537.36" 
76.119.88.84 - - [08/Apr/2017:01:15:03 -0700] "GET /twitter-icon.png HTTP/1.1" 200 27787 "http://www.secrepo.com/" "Mozilla/5.0 (Windows NT 10.0; WOW64) AppleWebKit/537.36 (KHTML, like Gecko) Chrome/57.0.2987.133 Safari/537.36" 
76.119.88.84 - - [08/Apr/2017:01:15:03 -0700] "GET /GitHub-Mark.png HTTP/1.1" 200 7427 "http://www.secrepo.com/" "Mozilla/5.0 (Windows NT 10.0; WOW64) AppleWebKit/537.36 (KHTML, like Gecko) Chrome/57.0.2987.133 Safari/537.36" 
76.119.88.84 - - [08/Apr/2017:01:16:55 -0700] "GET /misc/zeus_dga_domains.txt.zip HTTP/1.1" 200 594360 "-" "Mozilla/5.0 (Windows NT 10.0; WOW64) AppleWebKit/537.36 (KHTML, like Gecko) Chrome/57.0.2987.133 Safari/537.36" 
180.76.15.137 - - [08/Apr/2017:01:23:20 -0700] "GET / HTTP/1.1" 200 21900 "-" "Mozilla/5.0 (compatible; Baiduspider/2.0; +http://www.baidu.com/search/spider.html)" 
180.76.15.154 - - [08/Apr/2017:01:23:42 -0700] "GET / HTTP/1.1" 200 36464 "-" "Mozilla/5.0 (compatible; Baiduspider/2.0; +http://www.baidu.com/search/spider.html)" 
77.88.47.73 - - [08/Apr/2017:01:42:10 -0700] "GET /robots.txt HTTP/1.1" 200 289 "-" "Mozilla/5.0 (compatible; YandexBot/3.0; +http://yandex.com/bots)" 
77.88.47.100 - - [08/Apr/2017:01:42:14 -0700] "GET /honeypot/Honeypot%20-%20Howto%20-%20BSides%20Austin.pdf HTTP/1.1" 200 2928460 "-" "Mozilla/5.0 (compatible; YandexBot/3.0; +http://yandex.com/bots)" 
66.249.64.191 - - [08/Apr/2017:01:44:19 -0700] "GET / HTTP/1.1" 200 10792 "-" "Mozilla/5.0 (Linux; Android 6.0.1; Nexus 5X Build/MMB29P) AppleWebKit/537.36 (KHTML, like Gecko) Chrome/41.0.2272.96 Mobile Safari/537.36 (compatible; Googlebot/2.1; +http://www.google.com/bot.html)" 
75.119.200.128 - - [08/Apr/2017:01:48:41 -0700] "GET / HTTP/1.0" 301 461 "-" "-" 
75.119.200.128 - - [08/Apr/2017:01:48:42 -0700] "GET / HTTP/1.0" 200 36464 "-" "-" 
216.244.66.227 - - [08/Apr/2017:01:50:15 -0700] "GET /robots.txt HTTP/1.1" 200 233 "-" "Mozilla/5.0 (compatible; DotBot/1.1; http://www.opensiteexplorer.org/dotbot, help@moz.com)" 
159.226.251.229 - - [08/Apr/2017:01:50:30 -0700] "GET /maccdc2012/maccdc2012_full_alert.7z HTTP/1.1" 304 132 "-" "Mozilla/5.0 Gecko/20100115 Firefox/3.6" 
216.244.66.227 - - [08/Apr/2017:01:56:18 -0700] "GET /self.logs/access.log.2015-05-17.gz HTTP/1.1" 200 4002 "-" "Mozilla/5.0 (compatible; DotBot/1.1; http://www.opensiteexplorer.org/dotbot, help@moz.com)" 
216.244.66.227 - - [08/Apr/2017:01:56:20 -0700] "GET /self.logs/access.log.2015-12-11.gz HTTP/1.1" 200 7052 "-" "Mozilla/5.0 (compatible; DotBot/1.1; http://www.opensiteexplorer.org/dotbot, help@moz.com)" 
216.244.66.227 - - [08/Apr/2017:01:56:21 -0700] "GET /self.logs/access.log.2016-08-15.gz HTTP/1.1" 200 9929 "-" "Mozilla/5.0 (compatible; DotBot/1.1; http://www.opensiteexplorer.org/dotbot, help@moz.com)" 
216.244.66.227 - - [08/Apr/2017:01:56:23 -0700] "GET /self.logs/access.log.2016-12-08.gz HTTP/1.1" 200 10610 "-" "Mozilla/5.0 (compatible; DotBot/1.1; http://www.opensiteexplorer.org/dotbot, help@moz.com)" 
216.244.66.227 - - [08/Apr/2017:01:56:24 -0700] "GET /self.logs/access.log.2016-12-13.gz HTTP/1.1" 200 12112 "-" "Mozilla/5.0 (compatible; DotBot/1.1; http://www.opensiteexplorer.org/dotbot, help@moz.com)" 
216.244.66.227 - - [08/Apr/2017:01:56:26 -0700] "GET /self.logs/access.log.2017-02-19.gz HTTP/1.1" 200 16303 "-" "Mozilla/5.0 (compatible; DotBot/1.1; http://www.opensiteexplorer.org/dotbot, help@moz.com)" 
216.244.66.227 - - [08/Apr/2017:01:56:28 -0700] "GET /self.logs/error.log.2016-11-18.gz HTTP/1.1" 200 581 "-" "Mozilla/5.0 (compatible; DotBot/1.1; http://www.opensiteexplorer.org/dotbot, help@moz.com)" 
