68.180.229.38 - - [14/Mar/2016:12:29:47 -0700] "GET /self.logs/access.log.2015-05-16.gz HTTP/1.1" 200 3632 "-" "Mozilla/5.0 (compatible; Yahoo! Slurp; http://help.yahoo.com/help/us/ysearch/slurp)" 
77.66.60.75 - - [14/Mar/2016:12:37:32 -0700] "GET /robots.txt HTTP/1.0" 200 297 "-" "Mozilla/5.0 (compatible; Findxbot/1.0; +http://www.findxbot.com)" 
77.66.60.75 - - [14/Mar/2016:12:37:32 -0700] "GET / HTTP/1.0" 200 8644 "-" "Mozilla/5.0 (compatible; Findxbot/1.0; +http://www.findxbot.com)" 
111.23.4.148 - - [14/Mar/2016:12:45:07 -0700] "GET /tg/a.zip HTTP/1.1" 304 132 "-" "Mozilla/5.0 Gecko/20100115 Firefox/3.6" 
68.180.229.38 - - [14/Mar/2016:12:53:54 -0700] "GET /maccdc2012/signatures.log.gz HTTP/1.1" 200 549 "-" "Mozilla/5.0 (compatible; Yahoo! Slurp; http://help.yahoo.com/help/us/ysearch/slurp)" 
211.137.56.194 - - [14/Mar/2016:13:02:25 -0700] "GET /tg/a.zip HTTP/1.1" 304 132 "-" "Mozilla/5.0 Gecko/20100115 Firefox/3.6" 
130.215.23.88 - - [14/Mar/2016:13:09:44 -0700] "GET / HTTP/1.1" 200 8681 "-" "Mozilla/5.0 (Windows NT 10.0; Win64; x64) AppleWebKit/537.36 (KHTML, like Gecko) Chrome/49.0.2623.87 Safari/537.36" 
130.215.23.88 - - [14/Mar/2016:13:09:44 -0700] "GET /GitHub-Mark.png HTTP/1.1" 200 7428 "http://www.secrepo.com/" "Mozilla/5.0 (Windows NT 10.0; Win64; x64) AppleWebKit/537.36 (KHTML, like Gecko) Chrome/49.0.2623.87 Safari/537.36" 
130.215.23.88 - - [14/Mar/2016:13:09:44 -0700] "GET /twitter-icon.png HTTP/1.1" 200 27787 "http://www.secrepo.com/" "Mozilla/5.0 (Windows NT 10.0; Win64; x64) AppleWebKit/537.36 (KHTML, like Gecko) Chrome/49.0.2623.87 Safari/537.36" 
130.215.23.88 - - [14/Mar/2016:13:09:45 -0700] "GET /bootstrap/img/favicon.ico HTTP/1.1" 200 589 "http://www.secrepo.com/" "Mozilla/5.0 (Windows NT 10.0; Win64; x64) AppleWebKit/537.36 (KHTML, like Gecko) Chrome/49.0.2623.87 Safari/537.36" 
157.55.39.137 - - [14/Mar/2016:13:13:08 -0700] "GET /self.logs/error.log.2016-02-03.gz HTTP/1.1" 200 766 "-" "Mozilla/5.0 (compatible; bingbot/2.0; +http://www.bing.com/bingbot.htm)" 
212.251.149.51 - - [14/Mar/2016:13:20:14 -0700] "GET / HTTP/1.1" 200 8681 "https://www.google.no/" "Mozilla/5.0 (Windows NT 10.0; WOW64) AppleWebKit/537.36 (KHTML, like Gecko) Chrome/48.0.2564.116 Safari/537.36" 
212.251.149.51 - - [14/Mar/2016:13:20:14 -0700] "GET /twitter-icon.png HTTP/1.1" 200 27787 "http://www.secrepo.com/" "Mozilla/5.0 (Windows NT 10.0; WOW64) AppleWebKit/537.36 (KHTML, like Gecko) Chrome/48.0.2564.116 Safari/537.36" 
212.251.149.51 - - [14/Mar/2016:13:20:14 -0700] "GET /GitHub-Mark.png HTTP/1.1" 200 7428 "http://www.secrepo.com/" "Mozilla/5.0 (Windows NT 10.0; WOW64) AppleWebKit/537.36 (KHTML, like Gecko) Chrome/48.0.2564.116 Safari/537.36" 
212.251.149.51 - - [14/Mar/2016:13:20:21 -0700] "GET /bootstrap/img/favicon.ico HTTP/1.1" 200 590 "http://www.secrepo.com/" "Mozilla/5.0 (Windows NT 10.0; WOW64) AppleWebKit/537.36 (KHTML, like Gecko) Chrome/48.0.2564.116 Safari/537.36" 
212.251.149.51 - - [14/Mar/2016:13:21:54 -0700] "GET /tg/tg_snort_full.7z HTTP/1.1" 200 8847794 "http://www.secrepo.com/" "Mozilla/5.0 (Windows NT 10.0; WOW64) AppleWebKit/537.36 (KHTML, like Gecko) Chrome/48.0.2564.116 Safari/537.36" 
211.137.56.172 - - [14/Mar/2016:13:32:56 -0700] "GET /tg/a.zip HTTP/1.1" 304 132 "-" "Mozilla/5.0 Gecko/20100115 Firefox/3.6" 
220.181.108.139 - - [14/Mar/2016:13:43:35 -0700] "GET / HTTP/1.1" 304 152 "-" "Mozilla/5.0 (compatible; Baiduspider/2.0; +http://www.baidu.com/search/spider.html)" 
174.24.153.20 - - [14/Mar/2016:13:44:46 -0700] "GET / HTTP/1.1" 200 8681 "https://www.google.com/" "Mozilla/5.0 (Windows NT 6.1; WOW64) AppleWebKit/537.36 (KHTML, like Gecko) Chrome/48.0.2564.116 Safari/537.36" 
174.24.153.20 - - [14/Mar/2016:13:44:47 -0700] "GET /twitter-icon.png HTTP/1.1" 200 27787 "http://www.secrepo.com/" "Mozilla/5.0 (Windows NT 6.1; WOW64) AppleWebKit/537.36 (KHTML, like Gecko) Chrome/48.0.2564.116 Safari/537.36" 
174.24.153.20 - - [14/Mar/2016:13:44:47 -0700] "GET /GitHub-Mark.png HTTP/1.1" 200 7428 "http://www.secrepo.com/" "Mozilla/5.0 (Windows NT 6.1; WOW64) AppleWebKit/537.36 (KHTML, like Gecko) Chrome/48.0.2564.116 Safari/537.36" 
174.24.153.20 - - [14/Mar/2016:13:44:47 -0700] "GET /bootstrap/img/favicon.ico HTTP/1.1" 200 589 "http://www.secrepo.com/" "Mozilla/5.0 (Windows NT 6.1; WOW64) AppleWebKit/537.36 (KHTML, like Gecko) Chrome/48.0.2564.116 Safari/537.36" 
207.46.13.85 - - [14/Mar/2016:13:57:49 -0700] "GET /self.logs/access.log.2015-04-04.gz HTTP/1.1" 200 5354 "-" "Mozilla/5.0 (compatible; bingbot/2.0; +http://www.bing.com/bingbot.htm)" 
111.7.128.40 - - [14/Mar/2016:14:01:34 -0700] "GET /tg/a.zip HTTP/1.1" 304 132 "-" "Mozilla/5.0 Gecko/20100115 Firefox/3.6" 
211.137.56.201 - - [14/Mar/2016:14:02:15 -0700] "GET /tg/a.zip HTTP/1.1" 304 132 "-" "Mozilla/5.0 Gecko/20100115 Firefox/3.6" 
64.102.249.7 - - [14/Mar/2016:14:25:23 -0700] "GET / HTTP/1.1" 200 8681 "-" "Mozilla/5.0 (Macintosh; Intel Mac OS X 10.10; rv:44.0) Gecko/20100101 Firefox/44.0" 
64.102.249.7 - - [14/Mar/2016:14:25:23 -0700] "GET /bootstrap/img/favicon.ico HTTP/1.1" 200 589 "-" "Mozilla/5.0 (Macintosh; Intel Mac OS X 10.10; rv:44.0) Gecko/20100101 Firefox/44.0" 
64.102.249.7 - - [14/Mar/2016:14:25:24 -0700] "GET /twitter-icon.png HTTP/1.1" 200 27787 "http://www.secrepo.com/" "Mozilla/5.0 (Macintosh; Intel Mac OS X 10.10; rv:44.0) Gecko/20100101 Firefox/44.0" 
64.102.249.7 - - [14/Mar/2016:14:25:24 -0700] "GET /GitHub-Mark.png HTTP/1.1" 200 7428 "http://www.secrepo.com/" "Mozilla/5.0 (Macintosh; Intel Mac OS X 10.10; rv:44.0) Gecko/20100101 Firefox/44.0" 
218.200.66.203 - - [14/Mar/2016:14:32:26 -0700] "GET /tg/a.zip HTTP/1.1" 304 132 "-" "Mozilla/5.0 Gecko/20100115 Firefox/3.6" 
68.180.229.38 - - [14/Mar/2016:14:35:03 -0700] "GET /self.logs/error.log.2015-11-09.gz HTTP/1.1" 200 742 "-" "Mozilla/5.0 (compatible; Yahoo! Slurp; http://help.yahoo.com/help/us/ysearch/slurp)" 
111.23.10.33 - - [14/Mar/2016:14:53:39 -0700] "GET /tg/a.zip HTTP/1.1" 304 132 "-" "Mozilla/5.0 Gecko/20100115 Firefox/3.6" 
50.16.221.78 - - [14/Mar/2016:15:21:18 -0700] "GET / HTTP/1.1" 301 498 "http://www.traackr.com/" "Traackr.com" 
50.16.221.78 - - [14/Mar/2016:15:21:18 -0700] "GET / HTTP/1.1" 200 28433 "http://www.traackr.com/" "Traackr.com" 
188.163.73.63 - - [14/Mar/2016:15:23:21 -0700] "GET / HTTP/1.1" 200 8681 "https://www.google.com.ua" "Mozilla/5.0 (X11; Ubuntu; Linux x86_64; rv:45.0) Gecko/20100101 Firefox/45.0" 
188.163.73.63 - - [14/Mar/2016:15:23:21 -0700] "GET /twitter-icon.png HTTP/1.1" 200 27787 "http://www.secrepo.com/" "Mozilla/5.0 (X11; Ubuntu; Linux x86_64; rv:45.0) Gecko/20100101 Firefox/45.0" 
188.163.73.63 - - [14/Mar/2016:15:23:21 -0700] "GET /GitHub-Mark.png HTTP/1.1" 200 7428 "http://www.secrepo.com/" "Mozilla/5.0 (X11; Ubuntu; Linux x86_64; rv:45.0) Gecko/20100101 Firefox/45.0" 
188.163.73.63 - - [14/Mar/2016:15:23:21 -0700] "GET /bootstrap/img/favicon.ico HTTP/1.1" 200 590 "-" "Mozilla/5.0 (X11; Ubuntu; Linux x86_64; rv:45.0) Gecko/20100101 Firefox/45.0" 
117.190.191.170 - - [14/Mar/2016:15:23:39 -0700] "GET /tg/a.zip HTTP/1.1" 304 132 "-" "Mozilla/5.0 Gecko/20100115 Firefox/3.6" 
68.180.229.38 - - [14/Mar/2016:15:29:39 -0700] "GET /self.logs/access.log.2016-01-31.gz HTTP/1.1" 200 5755 "-" "Mozilla/5.0 (compatible; Yahoo! Slurp; http://help.yahoo.com/help/us/ysearch/slurp)" 
68.180.229.38 - - [14/Mar/2016:15:34:21 -0700] "GET /self.logs/access.log.2015-10-24.gz HTTP/1.1" 200 4802 "-" "Mozilla/5.0 (compatible; Yahoo! Slurp; http://help.yahoo.com/help/us/ysearch/slurp)" 
111.23.4.148 - - [14/Mar/2016:15:45:09 -0700] "GET /tg/a.zip HTTP/1.1" 304 132 "-" "Mozilla/5.0 Gecko/20100115 Firefox/3.6" 
40.77.167.78 - - [14/Mar/2016:15:45:37 -0700] "GET /self.logs/error.log.2015-09-24.gz HTTP/1.1" 301 544 "-" "Mozilla/5.0 (compatible; bingbot/2.0; +http://www.bing.com/bingbot.htm)" 
211.137.56.194 - - [14/Mar/2016:16:02:26 -0700] "GET /tg/a.zip HTTP/1.1" 304 132 "-" "Mozilla/5.0 Gecko/20100115 Firefox/3.6" 
135.0.95.242 - - [14/Mar/2016:16:29:55 -0700] "GET / HTTP/1.1" 200 8681 "-" "Mozilla/5.0 (Macintosh; Intel Mac OS X 10_11_3) AppleWebKit/601.4.4 (KHTML, like Gecko) Version/9.0.3 Safari/601.4.4" 
211.137.56.172 - - [14/Mar/2016:16:33:00 -0700] "GET /tg/a.zip HTTP/1.1" 304 132 "-" "Mozilla/5.0 Gecko/20100115 Firefox/3.6" 
135.0.95.242 - - [14/Mar/2016:16:33:39 -0700] "GET / HTTP/1.1" 200 8681 "-" "Mozilla/5.0 (Macintosh; Intel Mac OS X 10_11_3) AppleWebKit/601.4.4 (KHTML, like Gecko) Version/9.0.3 Safari/601.4.4" 
69.30.234.186 - - [14/Mar/2016:16:45:50 -0700] "GET /robots.txt HTTP/1.0" 200 252 "-" "Mozilla/5.0 (compatible; MJ12bot/v1.4.5; http://www.majestic12.co.uk/bot.php?+)" 
69.30.234.186 - - [14/Mar/2016:16:45:51 -0700] "GET /honeypot/BSidesDFW%20-%202014.ipynb HTTP/1.0" 200 249660 "-" "Mozilla/5.0 (compatible; MJ12bot/v1.4.5; http://www.majestic12.co.uk/bot.php?+)" 
68.180.229.38 - - [14/Mar/2016:16:57:01 -0700] "GET /self.logs/error.log.2016-01-13.gz HTTP/1.1" 200 455 "-" "Mozilla/5.0 (compatible; Yahoo! Slurp; http://help.yahoo.com/help/us/ysearch/slurp)" 
111.7.128.40 - - [14/Mar/2016:17:01:38 -0700] "GET /tg/a.zip HTTP/1.1" 304 132 "-" "Mozilla/5.0 Gecko/20100115 Firefox/3.6" 
211.137.56.201 - - [14/Mar/2016:17:02:22 -0700] "GET /tg/a.zip HTTP/1.1" 304 132 "-" "Mozilla/5.0 Gecko/20100115 Firefox/3.6" 
157.55.39.137 - - [14/Mar/2016:17:03:09 -0700] "GET /self.logs/error.log.2016-01-27.gz HTTP/1.1" 200 771 "-" "Mozilla/5.0 (compatible; bingbot/2.0; +http://www.bing.com/bingbot.htm)" 
218.200.66.203 - - [14/Mar/2016:17:32:29 -0700] "GET /tg/a.zip HTTP/1.1" 304 132 "-" "Mozilla/5.0 Gecko/20100115 Firefox/3.6" 
68.180.229.38 - - [14/Mar/2016:17:41:59 -0700] "GET /self.logs/access.log.2015-06-10.gz HTTP/1.1" 200 6330 "-" "Mozilla/5.0 (compatible; Yahoo! Slurp; http://help.yahoo.com/help/us/ysearch/slurp)" 
111.23.10.33 - - [14/Mar/2016:17:53:40 -0700] "GET /tg/a.zip HTTP/1.1" 304 132 "-" "Mozilla/5.0 Gecko/20100115 Firefox/3.6" 
68.180.229.38 - - [14/Mar/2016:17:57:40 -0700] "GET /self.logs/access.log.2016-01-05.gz HTTP/1.1" 200 6183 "-" "Mozilla/5.0 (compatible; Yahoo! Slurp; http://help.yahoo.com/help/us/ysearch/slurp)" 
66.249.69.120 - - [14/Mar/2016:18:00:36 -0700] "GET /robots.txt HTTP/1.1" 200 334 "-" "Mozilla/5.0 (compatible; Googlebot/2.1; +http://www.google.com/bot.html)" 
66.249.69.8 - - [14/Mar/2016:18:00:36 -0700] "GET /emvzhwqn.html HTTP/1.1" 404 340 "-" "Mozilla/5.0 (compatible; Googlebot/2.1; +http://www.google.com/bot.html)" 
123.125.71.22 - - [14/Mar/2016:18:14:50 -0700] "GET /robots.txt HTTP/1.1" 200 297 "-" "Mozilla/5.0 (compatible; Baiduspider/2.0; +http://www.baidu.com/search/spider.html)" 
199.204.185.26 - - [14/Mar/2016:18:18:02 -0700] "GET / HTTP/1.1" 301 442 "-" "Mozilla/5.0 (Windows; U; Windows NT 5.1; en-US; rv:1.8.0.11) Gecko/20070312 Firefox/1.5.0.11" 
199.204.185.26 - - [14/Mar/2016:18:18:02 -0700] "GET / HTTP/1.1" 200 28377 "-" "Mozilla/5.0 (Windows; U; Windows NT 5.1; en-US; rv:1.8.0.11) Gecko/20070312 Firefox/1.5.0.11" 
199.204.185.26 - - [14/Mar/2016:18:18:03 -0700] "GET / HTTP/1.1" 301 442 "-" "Mozilla/5.0 (Windows; U; Windows NT 5.1; en-US; rv:1.8.0.11) Gecko/20070312 Firefox/1.5.0.11" 
199.204.185.26 - - [14/Mar/2016:18:18:03 -0700] "GET /data HTTP/1.1" 301 450 "-" "Mozilla/5.0 (Windows; U; Windows NT 5.1; en-US; rv:1.8.0.11) Gecko/20070312 Firefox/1.5.0.11" 
199.204.185.26 - - [14/Mar/2016:18:18:03 -0700] "GET /maccdc2012/conn.log.gz HTTP/1.1" 301 486 "-" "Mozilla/5.0 (Windows; U; Windows NT 5.1; en-US; rv:1.8.0.11) Gecko/20070312 Firefox/1.5.0.11" 
199.204.185.26 - - [14/Mar/2016:18:18:03 -0700] "GET /maccdc2012/dhcp.log.gz HTTP/1.1" 301 486 "-" "Mozilla/5.0 (Windows; U; Windows NT 5.1; en-US; rv:1.8.0.11) Gecko/20070312 Firefox/1.5.0.11" 
199.204.185.26 - - [14/Mar/2016:18:18:03 -0700] "GET /maccdc2012/dns.log.gz HTTP/1.1" 301 484 "-" "Mozilla/5.0 (Windows; U; Windows NT 5.1; en-US; rv:1.8.0.11) Gecko/20070312 Firefox/1.5.0.11" 
199.204.185.26 - - [14/Mar/2016:18:18:03 -0700] "GET /maccdc2012/files.log.gz HTTP/1.1" 301 488 "-" "Mozilla/5.0 (Windows; U; Windows NT 5.1; en-US; rv:1.8.0.11) Gecko/20070312 Firefox/1.5.0.11" 
199.204.185.26 - - [14/Mar/2016:18:18:03 -0700] "GET /maccdc2012/notice.log.gz HTTP/1.1" 301 490 "-" "Mozilla/5.0 (Windows; U; Windows NT 5.1; en-US; rv:1.8.0.11) Gecko/20070312 Firefox/1.5.0.11" 
199.204.185.26 - - [14/Mar/2016:18:18:03 -0700] "GET /maccdc2012/ftp.log.gz HTTP/1.1" 301 484 "-" "Mozilla/5.0 (Windows; U; Windows NT 5.1; en-US; rv:1.8.0.11) Gecko/20070312 Firefox/1.5.0.11" 
199.204.185.26 - - [14/Mar/2016:18:18:03 -0700] "GET /maccdc2012/signatures.log.gz HTTP/1.1" 301 498 "-" "Mozilla/5.0 (Windows; U; Windows NT 5.1; en-US; rv:1.8.0.11) Gecko/20070312 Firefox/1.5.0.11" 
199.204.185.26 - - [14/Mar/2016:18:18:03 -0700] "GET /maccdc2012/smtp.log.gz HTTP/1.1" 301 486 "-" "Mozilla/5.0 (Windows; U; Windows NT 5.1; en-US; rv:1.8.0.11) Gecko/20070312 Firefox/1.5.0.11" 
199.204.185.26 - - [14/Mar/2016:18:18:04 -0700] "GET /maccdc2012/http.log.gz HTTP/1.1" 301 486 "-" "Mozilla/5.0 (Windows; U; Windows NT 5.1; en-US; rv:1.8.0.11) Gecko/20070312 Firefox/1.5.0.11" 
199.204.185.26 - - [14/Mar/2016:18:18:04 -0700] "GET /maccdc2012/ssh.log.gz HTTP/1.1" 301 484 "-" "Mozilla/5.0 (Windows; U; Windows NT 5.1; en-US; rv:1.8.0.11) Gecko/20070312 Firefox/1.5.0.11" 
199.204.185.26 - - [14/Mar/2016:18:18:05 -0700] "GET /maccdc2012/tunnel.log.gz HTTP/1.1" 301 490 "-" "Mozilla/5.0 (Windows; U; Windows NT 5.1; en-US; rv:1.8.0.11) Gecko/20070312 Firefox/1.5.0.11" 
199.204.185.26 - - [14/Mar/2016:18:18:05 -0700] "GET /maccdc2012/ssl.log.gz HTTP/1.1" 301 484 "-" "Mozilla/5.0 (Windows; U; Windows NT 5.1; en-US; rv:1.8.0.11) Gecko/20070312 Firefox/1.5.0.11" 
199.204.185.26 - - [14/Mar/2016:18:18:05 -0700] "GET /maccdc2012/maccdc2012_full_alert.7z HTTP/1.1" 301 512 "-" "Mozilla/5.0 (Windows; U; Windows NT 5.1; en-US; rv:1.8.0.11) Gecko/20070312 Firefox/1.5.0.11" 
199.204.185.26 - - [14/Mar/2016:18:18:05 -0700] "GET /tg/b.zip HTTP/1.1" 301 458 "-" "Mozilla/5.0 (Windows; U; Windows NT 5.1; en-US; rv:1.8.0.11) Gecko/20070312 Firefox/1.5.0.11" 
199.204.185.26 - - [14/Mar/2016:18:18:05 -0700] "GET /maccdc2012/weird.log.gz HTTP/1.1" 301 488 "-" "Mozilla/5.0 (Windows; U; Windows NT 5.1; en-US; rv:1.8.0.11) Gecko/20070312 Firefox/1.5.0.11" 
199.204.185.26 - - [14/Mar/2016:18:18:05 -0700] "GET /maccdc2012/maccdc2012_fast_alert.7z HTTP/1.1" 301 512 "-" "Mozilla/5.0 (Windows; U; Windows NT 5.1; en-US; rv:1.8.0.11) Gecko/20070312 Firefox/1.5.0.11" 
199.204.185.26 - - [14/Mar/2016:18:18:05 -0700] "GET /tg/c.zip HTTP/1.1" 301 458 "-" "Mozilla/5.0 (Windows; U; Windows NT 5.1; en-US; rv:1.8.0.11) Gecko/20070312 Firefox/1.5.0.11" 
199.204.185.26 - - [14/Mar/2016:18:18:05 -0700] "GET /tg/a.zip HTTP/1.1" 301 458 "-" "Mozilla/5.0 (Windows; U; Windows NT 5.1; en-US; rv:1.8.0.11) Gecko/20070312 Firefox/1.5.0.11" 
199.204.185.26 - - [14/Mar/2016:18:18:05 -0700] "GET /misc/zeus_dga_domains.txt.zip HTTP/1.1" 301 500 "-" "Mozilla/5.0 (Windows; U; Windows NT 5.1; en-US; rv:1.8.0.11) Gecko/20070312 Firefox/1.5.0.11" 
199.204.185.26 - - [14/Mar/2016:18:18:05 -0700] "GET /tg/tg_snort_full.7z HTTP/1.1" 301 480 "-" "Mozilla/5.0 (Windows; U; Windows NT 5.1; en-US; rv:1.8.0.11) Gecko/20070312 Firefox/1.5.0.11" 
199.204.185.26 - - [14/Mar/2016:18:18:05 -0700] "GET /tg/tg_snort_fast.7z HTTP/1.1" 301 480 "-" "Mozilla/5.0 (Windows; U; Windows NT 5.1; en-US; rv:1.8.0.11) Gecko/20070312 Firefox/1.5.0.11" 
199.204.185.26 - - [14/Mar/2016:18:18:05 -0700] "GET /auth.log/auth.log.gz HTTP/1.1" 301 482 "-" "Mozilla/5.0 (Windows; U; Windows NT 5.1; en-US; rv:1.8.0.11) Gecko/20070312 Firefox/1.5.0.11" 
199.204.185.26 - - [14/Mar/2016:18:18:05 -0700] "GET /self.logs HTTP/1.1" 301 460 "-" "Mozilla/5.0 (Windows; U; Windows NT 5.1; en-US; rv:1.8.0.11) Gecko/20070312 Firefox/1.5.0.11" 
199.204.185.26 - - [14/Mar/2016:18:18:06 -0700] "GET /squid/access.log.gz HTTP/1.1" 301 480 "-" "Mozilla/5.0 (Windows; U; Windows NT 5.1; en-US; rv:1.8.0.11) Gecko/20070312 Firefox/1.5.0.11" 
199.204.185.26 - - [14/Mar/2016:18:18:06 -0700] "GET /honeypot/BSidesDFW HTTP/1.1" 301 478 "-" "Mozilla/5.0 (Windows; U; Windows NT 5.1; en-US; rv:1.8.0.11) Gecko/20070312 Firefox/1.5.0.11" 
199.204.185.26 - - [14/Mar/2016:18:18:06 -0700] "GET /honeypot/Honeypot HTTP/1.1" 301 476 "-" "Mozilla/5.0 (Windows; U; Windows NT 5.1; en-US; rv:1.8.0.11) Gecko/20070312 Firefox/1.5.0.11" 
199.204.185.26 - - [14/Mar/2016:18:18:06 -0700] "GET /zeus/zeus_json.zip HTTP/1.1" 301 478 "-" "Mozilla/5.0 (Windows; U; Windows NT 5.1; en-US; rv:1.8.0.11) Gecko/20070312 Firefox/1.5.0.11" 
199.204.185.26 - - [14/Mar/2016:18:18:06 -0700] "GET /Security-Data-Analysis/Lab_1/conn.log.zip HTTP/1.1" 301 524 "-" "Mozilla/5.0 (Windows; U; Windows NT 5.1; en-US; rv:1.8.0.11) Gecko/20070312 Firefox/1.5.0.11" 
199.204.185.26 - - [14/Mar/2016:18:18:06 -0700] "GET /data HTTP/1.1" 404 239 "-" "Mozilla/5.0 (Windows; U; Windows NT 5.1; en-US; rv:1.8.0.11) Gecko/20070312 Firefox/1.5.0.11" 
199.204.185.26 - - [14/Mar/2016:18:18:06 -0700] "GET / HTTP/1.1" 200 28377 "-" "Mozilla/5.0 (Windows; U; Windows NT 5.1; en-US; rv:1.8.0.11) Gecko/20070312 Firefox/1.5.0.11" 
199.204.185.26 - - [14/Mar/2016:18:18:06 -0700] "GET /maccdc2012/notice.log.gz HTTP/1.1" 200 20631 "-" "Mozilla/5.0 (Windows; U; Windows NT 5.1; en-US; rv:1.8.0.11) Gecko/20070312 Firefox/1.5.0.11" 
199.204.185.26 - - [14/Mar/2016:18:18:06 -0700] "GET /maccdc2012/dhcp.log.gz HTTP/1.1" 200 21900 "-" "Mozilla/5.0 (Windows; U; Windows NT 5.1; en-US; rv:1.8.0.11) Gecko/20070312 Firefox/1.5.0.11" 
199.204.185.26 - - [14/Mar/2016:18:18:06 -0700] "GET /maccdc2012/signatures.log.gz HTTP/1.1" 200 502 "-" "Mozilla/5.0 (Windows; U; Windows NT 5.1; en-US; rv:1.8.0.11) Gecko/20070312 Firefox/1.5.0.11" 
199.204.185.26 - - [14/Mar/2016:18:18:06 -0700] "GET /maccdc2012/ftp.log.gz HTTP/1.1" 200 127595 "-" "Mozilla/5.0 (Windows; U; Windows NT 5.1; en-US; rv:1.8.0.11) Gecko/20070312 Firefox/1.5.0.11" 
199.204.185.26 - - [14/Mar/2016:18:18:07 -0700] "GET /tg/a.zip HTTP/1.1" 503 532 "-" "Mozilla/5.0 (Windows; U; Windows NT 5.1; en-US; rv:1.8.0.11) Gecko/20070312 Firefox/1.5.0.11" 
199.204.185.26 - - [14/Mar/2016:18:18:07 -0700] "GET /maccdc2012/smtp.log.gz HTTP/1.1" 200 6790 "-" "Mozilla/5.0 (Windows; U; Windows NT 5.1; en-US; rv:1.8.0.11) Gecko/20070312 Firefox/1.5.0.11" 
199.204.185.26 - - [14/Mar/2016:18:18:07 -0700] "GET /self.logs HTTP/1.1" 503 532 "-" "Mozilla/5.0 (Windows; U; Windows NT 5.1; en-US; rv:1.8.0.11) Gecko/20070312 Firefox/1.5.0.11" 
199.204.185.26 - - [14/Mar/2016:18:18:07 -0700] "GET /maccdc2012/tunnel.log.gz HTTP/1.1" 200 5116 "-" "Mozilla/5.0 (Windows; U; Windows NT 5.1; en-US; rv:1.8.0.11) Gecko/20070312 Firefox/1.5.0.11" 
199.204.185.26 - - [14/Mar/2016:18:18:07 -0700] "GET /tg/c.zip HTTP/1.1" 503 532 "-" "Mozilla/5.0 (Windows; U; Windows NT 5.1; en-US; rv:1.8.0.11) Gecko/20070312 Firefox/1.5.0.11" 
199.204.185.26 - - [14/Mar/2016:18:18:07 -0700] "GET /tg/tg_snort_full.7z HTTP/1.1" 503 532 "-" "Mozilla/5.0 (Windows; U; Windows NT 5.1; en-US; rv:1.8.0.11) Gecko/20070312 Firefox/1.5.0.11" 
199.204.185.26 - - [14/Mar/2016:18:18:07 -0700] "GET /tg/tg_snort_fast.7z HTTP/1.1" 503 532 "-" "Mozilla/5.0 (Windows; U; Windows NT 5.1; en-US; rv:1.8.0.11) Gecko/20070312 Firefox/1.5.0.11" 
199.204.185.26 - - [14/Mar/2016:18:18:07 -0700] "GET /maccdc2012/maccdc2012_full_alert.7z HTTP/1.1" 503 532 "-" "Mozilla/5.0 (Windows; U; Windows NT 5.1; en-US; rv:1.8.0.11) Gecko/20070312 Firefox/1.5.0.11" 
199.204.185.26 - - [14/Mar/2016:18:18:07 -0700] "GET /maccdc2012/weird.log.gz HTTP/1.1" 503 532 "-" "Mozilla/5.0 (Windows; U; Windows NT 5.1; en-US; rv:1.8.0.11) Gecko/20070312 Firefox/1.5.0.11" 
199.204.185.26 - - [14/Mar/2016:18:18:07 -0700] "GET /maccdc2012/maccdc2012_fast_alert.7z HTTP/1.1" 503 532 "-" "Mozilla/5.0 (Windows; U; Windows NT 5.1; en-US; rv:1.8.0.11) Gecko/20070312 Firefox/1.5.0.11" 
199.204.185.26 - - [14/Mar/2016:18:18:07 -0700] "GET /auth.log/auth.log.gz HTTP/1.1" 503 532 "-" "Mozilla/5.0 (Windows; U; Windows NT 5.1; en-US; rv:1.8.0.11) Gecko/20070312 Firefox/1.5.0.11" 
199.204.185.26 - - [14/Mar/2016:18:18:07 -0700] "GET /misc/zeus_dga_domains.txt.zip HTTP/1.1" 200 592237 "-" "Mozilla/5.0 (Windows; U; Windows NT 5.1; en-US; rv:1.8.0.11) Gecko/20070312 Firefox/1.5.0.11" 
199.204.185.26 - - [14/Mar/2016:18:18:07 -0700] "GET /maccdc2012/ssl.log.gz HTTP/1.1" 200 1311320 "-" "Mozilla/5.0 (Windows; U; Windows NT 5.1; en-US; rv:1.8.0.11) Gecko/20070312 Firefox/1.5.0.11" 
199.204.185.26 - - [14/Mar/2016:18:18:07 -0700] "GET /maccdc2012/ssh.log.gz HTTP/1.1" 200 137240 "-" "Mozilla/5.0 (Windows; U; Windows NT 5.1; en-US; rv:1.8.0.11) Gecko/20070312 Firefox/1.5.0.11" 
199.204.185.26 - - [14/Mar/2016:18:18:06 -0700] "GET /maccdc2012/dns.log.gz HTTP/1.1" 200 138700 "-" "Mozilla/5.0 (Windows; U; Windows NT 5.1; en-US; rv:1.8.0.11) Gecko/20070312 Firefox/1.5.0.11" 
199.204.185.26 - - [14/Mar/2016:18:18:06 -0700] "GET /maccdc2012/files.log.gz HTTP/1.1" 200 21900 "-" "Mozilla/5.0 (Windows; U; Windows NT 5.1; en-US; rv:1.8.0.11) Gecko/20070312 Firefox/1.5.0.11" 
199.204.185.26 - - [14/Mar/2016:18:18:07 -0700] "GET /tg/b.zip HTTP/1.1" 200 21074148 "-" "Mozilla/5.0 (Windows; U; Windows NT 5.1; en-US; rv:1.8.0.11) Gecko/20070312 Firefox/1.5.0.11" 
199.204.185.26 - - [14/Mar/2016:18:18:06 -0700] "GET /maccdc2012/conn.log.gz HTTP/1.1" 200 21900 "-" "Mozilla/5.0 (Windows; U; Windows NT 5.1; en-US; rv:1.8.0.11) Gecko/20070312 Firefox/1.5.0.11" 
199.204.185.26 - - [14/Mar/2016:18:18:07 -0700] "GET /maccdc2012/http.log.gz HTTP/1.1" 200 21900 "-" "Mozilla/5.0 (Windows; U; Windows NT 5.1; en-US; rv:1.8.0.11) Gecko/20070312 Firefox/1.5.0.11" 
68.180.229.38 - - [14/Mar/2016:18:19:46 -0700] "GET /self.logs/error.log.2015-01-17.gz HTTP/1.1" 200 1149 "-" "Mozilla/5.0 (compatible; Yahoo! Slurp; http://help.yahoo.com/help/us/ysearch/slurp)" 
117.190.191.170 - - [14/Mar/2016:18:23:44 -0700] "GET /tg/a.zip HTTP/1.1" 304 132 "-" "Mozilla/5.0 Gecko/20100115 Firefox/3.6" 
111.23.4.148 - - [14/Mar/2016:18:45:11 -0700] "GET /tg/a.zip HTTP/1.1" 304 132 "-" "Mozilla/5.0 Gecko/20100115 Firefox/3.6" 
157.55.39.137 - - [14/Mar/2016:18:54:20 -0700] "GET /honeypot/BSidesDFW%20-%202014.ipynb HTTP/1.1" 200 930836 "-" "Mozilla/5.0 (iPhone; CPU iPhone OS 7_0 like Mac OS X) AppleWebKit/537.51.1 (KHTML, like Gecko) Version/7.0 Mobile/11A465 Safari/9537.53 (compatible; bingbot/2.0;  http://www.bing.com/bingbot.htm)" 
66.249.84.217 - - [14/Mar/2016:18:56:01 -0700] "GET / HTTP/1.1" 200 8681 "-" "Mozilla/5.0 (X11; Linux x86_64) AppleWebKit/537.36 (KHTML, like Gecko) Chrome/49.0.2623.75 Safari/537.36 Google Favicon" 
66.249.84.217 - - [14/Mar/2016:18:56:01 -0700] "GET /bootstrap/img/favicon.ico HTTP/1.1" 200 589 "-" "Mozilla/5.0 (X11; Linux x86_64) AppleWebKit/537.36 (KHTML, like Gecko) Chrome/49.0.2623.75 Safari/537.36 Google Favicon" 
66.102.7.171 - - [14/Mar/2016:18:58:33 -0700] "GET / HTTP/1.1" 200 8681 "-" "Mozilla/5.0 (X11; Linux x86_64) AppleWebKit/537.36 (KHTML, like Gecko) Chrome/49.0.2623.75 Safari/537.36 Google Favicon" 
66.102.7.164 - - [14/Mar/2016:18:58:33 -0700] "GET /bootstrap/img/favicon.ico HTTP/1.1" 200 590 "-" "Mozilla/5.0 (X11; Linux x86_64) AppleWebKit/537.36 (KHTML, like Gecko) Chrome/49.0.2623.75 Safari/537.36 Google Favicon" 
180.76.15.149 - - [14/Mar/2016:18:59:15 -0700] "GET /honeypot/Honeypot%20-%20Howto.pdf HTTP/1.1" 200 788400 "-" "Mozilla/5.0 (compatible; Baiduspider/2.0; +http://www.baidu.com/search/spider.html)" 
211.137.56.194 - - [14/Mar/2016:19:02:29 -0700] "GET /tg/a.zip HTTP/1.1" 304 132 "-" "Mozilla/5.0 Gecko/20100115 Firefox/3.6" 
68.180.229.38 - - [14/Mar/2016:19:10:32 -0700] "GET /self.logs/error.log.2015-10-20.gz HTTP/1.1" 200 735 "-" "Mozilla/5.0 (compatible; Yahoo! Slurp; http://help.yahoo.com/help/us/ysearch/slurp)" 
207.46.13.85 - - [14/Mar/2016:19:12:10 -0700] "GET / HTTP/1.1" 200 8681 "-" "Mozilla/5.0 (compatible; bingbot/2.0; +http://www.bing.com/bingbot.htm)" 
85.164.92.232 - - [14/Mar/2016:19:12:45 -0700] "GET /robots.txt HTTP/1.0" 200 252 "-" "Mozilla/5.0 (compatible; MJ12bot/v1.4.5; http://www.majestic12.co.uk/bot.php?+)" 
85.164.92.232 - - [14/Mar/2016:19:12:46 -0700] "GET /self.logs/?C=N;O=D HTTP/1.0" 200 81045 "-" "Mozilla/5.0 (compatible; MJ12bot/v1.4.5; http://www.majestic12.co.uk/bot.php?+)" 
68.180.229.38 - - [14/Mar/2016:19:18:28 -0700] "GET /self.logs/access.log.2015-10-02.gz HTTP/1.1" 200 3754 "-" "Mozilla/5.0 (compatible; Yahoo! Slurp; http://help.yahoo.com/help/us/ysearch/slurp)" 
149.202.49.56 - - [14/Mar/2016:19:20:19 -0700] "GET /robots.txt HTTP/1.0" 301 481 "-" "Mozilla/5.0 (compatible; MJ12bot/v1.4.5; http://www.majestic12.co.uk/bot.php?+)" 
149.202.49.56 - - [14/Mar/2016:19:20:24 -0700] "GET /robots.txt HTTP/1.0" 200 252 "-" "Mozilla/5.0 (compatible; MJ12bot/v1.4.5; http://www.majestic12.co.uk/bot.php?+)" 
149.202.49.56 - - [14/Mar/2016:19:20:27 -0700] "GET /honeypot/BSidesDFW%20-%202014.ipynb HTTP/1.0" 301 523 "-" "Mozilla/5.0 (compatible; MJ12bot/v1.4.5; http://www.majestic12.co.uk/bot.php?+)" 
149.202.49.56 - - [14/Mar/2016:19:20:30 -0700] "GET /robots.txt HTTP/1.0" 200 252 "-" "Mozilla/5.0 (compatible; MJ12bot/v1.4.5; http://www.majestic12.co.uk/bot.php?+)" 
149.202.49.56 - - [14/Mar/2016:19:20:34 -0700] "GET /honeypot/BSidesDFW%20-%202014.ipynb HTTP/1.0" 200 553340 "-" "Mozilla/5.0 (compatible; MJ12bot/v1.4.5; http://www.majestic12.co.uk/bot.php?+)" 
211.137.56.172 - - [14/Mar/2016:19:33:02 -0700] "GET /tg/a.zip HTTP/1.1" 304 132 "-" "Mozilla/5.0 Gecko/20100115 Firefox/3.6" 
157.55.39.137 - - [14/Mar/2016:19:35:25 -0700] "GET /self.logs/access.log.2016-02-13.gz HTTP/1.1" 200 7144 "-" "Mozilla/5.0 (compatible; bingbot/2.0; +http://www.bing.com/bingbot.htm)" 
103.15.63.229 - - [14/Mar/2016:19:50:45 -0700] "GET / HTTP/1.1" 200 8681 "https://www.google.co.in/" "Mozilla/5.0 (Linux; Android 4.0.4; GT-I9103 Build/IMM76D) AppleWebKit/537.36 (KHTML, like Gecko) Chrome/42.0.2311.111 Mobile Safari/537.36" 
103.15.63.229 - - [14/Mar/2016:19:50:46 -0700] "GET /GitHub-Mark.png HTTP/1.1" 200 7428 "http://www.secrepo.com/" "Mozilla/5.0 (Linux; Android 4.0.4; GT-I9103 Build/IMM76D) AppleWebKit/537.36 (KHTML, like Gecko) Chrome/42.0.2311.111 Mobile Safari/537.36" 
103.15.63.229 - - [14/Mar/2016:19:50:46 -0700] "GET /twitter-icon.png HTTP/1.1" 200 27787 "http://www.secrepo.com/" "Mozilla/5.0 (Linux; Android 4.0.4; GT-I9103 Build/IMM76D) AppleWebKit/537.36 (KHTML, like Gecko) Chrome/42.0.2311.111 Mobile Safari/537.36" 
103.15.63.229 - - [14/Mar/2016:19:55:06 -0700] "GET /twitter-icon.png HTTP/1.1" 206 322 "http://www.secrepo.com/" "Mozilla/5.0 (Linux; Android 4.0.4; GT-I9103 Build/IMM76D) AppleWebKit/537.36 (KHTML, like Gecko) Chrome/42.0.2311.111 Mobile Safari/537.36" 
103.15.63.229 - - [14/Mar/2016:19:55:07 -0700] "GET /twitter-icon.png HTTP/1.1" 206 13511 "http://www.secrepo.com/" "Mozilla/5.0 (Linux; Android 4.0.4; GT-I9103 Build/IMM76D) AppleWebKit/537.36 (KHTML, like Gecko) Chrome/42.0.2311.111 Mobile Safari/537.36" 
103.15.63.229 - - [14/Mar/2016:19:55:09 -0700] "GET /bootstrap/img/favicon.ico HTTP/1.1" 200 590 "http://www.secrepo.com/" "Mozilla/5.0 (Linux; Android 4.0.4; GT-I9103 Build/IMM76D) AppleWebKit/537.36 (KHTML, like Gecko) Chrome/42.0.2311.111 Mobile Safari/537.36" 
68.180.229.38 - - [14/Mar/2016:19:55:21 -0700] "GET /self.logs/access.log.2015-07-31.gz HTTP/1.1" 200 4396 "-" "Mozilla/5.0 (compatible; Yahoo! Slurp; http://help.yahoo.com/help/us/ysearch/slurp)" 
182.92.81.213 - - [14/Mar/2016:19:59:28 -0700] "GET /honeypot/Honeypot%20-%20Howto.pdf HTTP/1.1" 200 1279418 "-" "Mozilla/4.0 (compatible; MSIE 6.0; Windows NT 5.1)" 
207.46.13.81 - - [14/Mar/2016:19:59:52 -0700] "GET /self.logs/access.log.2016-02-15.gz HTTP/1.1" 200 8221 "-" "Mozilla/5.0 (compatible; bingbot/2.0; +http://www.bing.com/bingbot.htm)" 
111.7.128.40 - - [14/Mar/2016:20:01:39 -0700] "GET /tg/a.zip HTTP/1.1" 304 132 "-" "Mozilla/5.0 Gecko/20100115 Firefox/3.6" 
211.137.56.201 - - [14/Mar/2016:20:02:24 -0700] "GET /tg/a.zip HTTP/1.1" 304 132 "-" "Mozilla/5.0 Gecko/20100115 Firefox/3.6" 
68.180.229.38 - - [14/Mar/2016:20:23:58 -0700] "GET /self.logs/error.log.2015-10-22.gz HTTP/1.1" 200 939 "-" "Mozilla/5.0 (compatible; Yahoo! Slurp; http://help.yahoo.com/help/us/ysearch/slurp)" 
68.180.229.38 - - [14/Mar/2016:20:26:05 -0700] "GET /self.logs/access.log.2015-11-21.gz HTTP/1.1" 200 5360 "-" "Mozilla/5.0 (compatible; Yahoo! Slurp; http://help.yahoo.com/help/us/ysearch/slurp)" 
218.200.66.203 - - [14/Mar/2016:20:32:32 -0700] "GET /tg/a.zip HTTP/1.1" 304 132 "-" "Mozilla/5.0 Gecko/20100115 Firefox/3.6" 
111.23.10.33 - - [14/Mar/2016:20:53:42 -0700] "GET /tg/a.zip HTTP/1.1" 304 132 "-" "Mozilla/5.0 Gecko/20100115 Firefox/3.6" 
79.127.68.242 - - [14/Mar/2016:21:13:18 -0700] "GET /honeypot/Honeypot%20-%20Howto.pdf HTTP/1.1" 200 175200 "http://www.google.com/url?sa=t&rct=j&q=&esrc=s&source=web&cd=13&cad=rja&uact=8&ved=0ahUKEwi_oeje6cHLAhWmBZoKHdlXBbw4ChAWCCgwAg&url=http%3A%2F%2Fwww.secrepo.com%2Fhoneypot%2FHoneypot%2520-%2520Howto.pdf&usg=AFQjCNEaovwF-qnAaTQC7apCn-rY_g7a5A&bvm=bv.116636494,d.bGs" "Mozilla/5.0 (X11; Linux x86_64; rv:31.0) Gecko/20100101 Firefox/31.0 Iceweasel/31.8.0" 
79.127.68.242 - - [14/Mar/2016:21:13:19 -0700] "GET /favicon.ico HTTP/1.1" 200 268 "-" "Mozilla/5.0 (X11; Linux x86_64; rv:31.0) Gecko/20100101 Firefox/31.0 Iceweasel/31.8.0" 
79.127.68.242 - - [14/Mar/2016:21:13:19 -0700] "GET /honeypot/Honeypot%20-%20Howto.pdf HTTP/1.1" 206 33043 "http://www.google.com/url?sa=t&rct=j&q=&esrc=s&source=web&cd=13&cad=rja&uact=8&ved=0ahUKEwi_oeje6cHLAhWmBZoKHdlXBbw4ChAWCCgwAg&url=http%3A%2F%2Fwww.secrepo.com%2Fhoneypot%2FHoneypot%2520-%2520Howto.pdf&usg=AFQjCNEaovwF-qnAaTQC7apCn-rY_g7a5A&bvm=bv.116636494,d.bGs" "Mozilla/5.0 (X11; Linux x86_64; rv:31.0) Gecko/20100101 Firefox/31.0 Iceweasel/31.8.0" 
79.127.68.242 - - [14/Mar/2016:21:13:20 -0700] "GET /honeypot/Honeypot%20-%20Howto.pdf HTTP/1.1" 206 34290 "http://www.google.com/url?sa=t&rct=j&q=&esrc=s&source=web&cd=13&cad=rja&uact=8&ved=0ahUKEwi_oeje6cHLAhWmBZoKHdlXBbw4ChAWCCgwAg&url=http%3A%2F%2Fwww.secrepo.com%2Fhoneypot%2FHoneypot%2520-%2520Howto.pdf&usg=AFQjCNEaovwF-qnAaTQC7apCn-rY_g7a5A&bvm=bv.116636494,d.bGs" "Mozilla/5.0 (X11; Linux x86_64; rv:31.0) Gecko/20100101 Firefox/31.0 Iceweasel/31.8.0" 
79.127.68.242 - - [14/Mar/2016:21:13:20 -0700] "GET /honeypot/Honeypot%20-%20Howto.pdf HTTP/1.1" 206 33043 "http://www.google.com/url?sa=t&rct=j&q=&esrc=s&source=web&cd=13&cad=rja&uact=8&ved=0ahUKEwi_oeje6cHLAhWmBZoKHdlXBbw4ChAWCCgwAg&url=http%3A%2F%2Fwww.secrepo.com%2Fhoneypot%2FHoneypot%2520-%2520Howto.pdf&usg=AFQjCNEaovwF-qnAaTQC7apCn-rY_g7a5A&bvm=bv.116636494,d.bGs" "Mozilla/5.0 (X11; Linux x86_64; rv:31.0) Gecko/20100101 Firefox/31.0 Iceweasel/31.8.0" 
79.127.68.242 - - [14/Mar/2016:21:13:21 -0700] "GET /honeypot/Honeypot%20-%20Howto.pdf HTTP/1.1" 206 65874 "http://www.google.com/url?sa=t&rct=j&q=&esrc=s&source=web&cd=13&cad=rja&uact=8&ved=0ahUKEwi_oeje6cHLAhWmBZoKHdlXBbw4ChAWCCgwAg&url=http%3A%2F%2Fwww.secrepo.com%2Fhoneypot%2FHoneypot%2520-%2520Howto.pdf&usg=AFQjCNEaovwF-qnAaTQC7apCn-rY_g7a5A&bvm=bv.116636494,d.bGs" "Mozilla/5.0 (X11; Linux x86_64; rv:31.0) Gecko/20100101 Firefox/31.0 Iceweasel/31.8.0" 
79.127.68.242 - - [14/Mar/2016:21:13:21 -0700] "GET /honeypot/Honeypot%20-%20Howto.pdf HTTP/1.1" 304 167 "http://www.google.com/url?sa=t&rct=j&q=&esrc=s&source=web&cd=13&cad=rja&uact=8&ved=0ahUKEwi_oeje6cHLAhWmBZoKHdlXBbw4ChAWCCgwAg&url=http%3A%2F%2Fwww.secrepo.com%2Fhoneypot%2FHoneypot%2520-%2520Howto.pdf&usg=AFQjCNEaovwF-qnAaTQC7apCn-rY_g7a5A&bvm=bv.116636494,d.bGs" "Mozilla/5.0 (X11; Linux x86_64; rv:31.0) Gecko/20100101 Firefox/31.0 Iceweasel/31.8.0" 
79.127.68.242 - - [14/Mar/2016:21:13:21 -0700] "GET /honeypot/Honeypot%20-%20Howto.pdf HTTP/1.1" 206 65866 "http://www.google.com/url?sa=t&rct=j&q=&esrc=s&source=web&cd=13&cad=rja&uact=8&ved=0ahUKEwi_oeje6cHLAhWmBZoKHdlXBbw4ChAWCCgwAg&url=http%3A%2F%2Fwww.secrepo.com%2Fhoneypot%2FHoneypot%2520-%2520Howto.pdf&usg=AFQjCNEaovwF-qnAaTQC7apCn-rY_g7a5A&bvm=bv.116636494,d.bGs" "Mozilla/5.0 (X11; Linux x86_64; rv:31.0) Gecko/20100101 Firefox/31.0 Iceweasel/31.8.0" 
79.127.68.242 - - [14/Mar/2016:21:13:21 -0700] "GET /honeypot/Honeypot%20-%20Howto.pdf HTTP/1.1" 304 168 "http://www.google.com/url?sa=t&rct=j&q=&esrc=s&source=web&cd=13&cad=rja&uact=8&ved=0ahUKEwi_oeje6cHLAhWmBZoKHdlXBbw4ChAWCCgwAg&url=http%3A%2F%2Fwww.secrepo.com%2Fhoneypot%2FHoneypot%2520-%2520Howto.pdf&usg=AFQjCNEaovwF-qnAaTQC7apCn-rY_g7a5A&bvm=bv.116636494,d.bGs" "Mozilla/5.0 (X11; Linux x86_64; rv:31.0) Gecko/20100101 Firefox/31.0 Iceweasel/31.8.0" 
79.127.68.242 - - [14/Mar/2016:21:13:21 -0700] "GET /honeypot/Honeypot%20-%20Howto.pdf HTTP/1.1" 304 168 "http://www.google.com/url?sa=t&rct=j&q=&esrc=s&source=web&cd=13&cad=rja&uact=8&ved=0ahUKEwi_oeje6cHLAhWmBZoKHdlXBbw4ChAWCCgwAg&url=http%3A%2F%2Fwww.secrepo.com%2Fhoneypot%2FHoneypot%2520-%2520Howto.pdf&usg=AFQjCNEaovwF-qnAaTQC7apCn-rY_g7a5A&bvm=bv.116636494,d.bGs" "Mozilla/5.0 (X11; Linux x86_64; rv:31.0) Gecko/20100101 Firefox/31.0 Iceweasel/31.8.0" 
79.127.68.242 - - [14/Mar/2016:21:13:21 -0700] "GET /honeypot/Honeypot%20-%20Howto.pdf HTTP/1.1" 304 168 "http://www.google.com/url?sa=t&rct=j&q=&esrc=s&source=web&cd=13&cad=rja&uact=8&ved=0ahUKEwi_oeje6cHLAhWmBZoKHdlXBbw4ChAWCCgwAg&url=http%3A%2F%2Fwww.secrepo.com%2Fhoneypot%2FHoneypot%2520-%2520Howto.pdf&usg=AFQjCNEaovwF-qnAaTQC7apCn-rY_g7a5A&bvm=bv.116636494,d.bGs" "Mozilla/5.0 (X11; Linux x86_64; rv:31.0) Gecko/20100101 Firefox/31.0 Iceweasel/31.8.0" 
79.127.68.242 - - [14/Mar/2016:21:13:21 -0700] "GET /honeypot/Honeypot%20-%20Howto.pdf HTTP/1.1" 304 168 "http://www.google.com/url?sa=t&rct=j&q=&esrc=s&source=web&cd=13&cad=rja&uact=8&ved=0ahUKEwi_oeje6cHLAhWmBZoKHdlXBbw4ChAWCCgwAg&url=http%3A%2F%2Fwww.secrepo.com%2Fhoneypot%2FHoneypot%2520-%2520Howto.pdf&usg=AFQjCNEaovwF-qnAaTQC7apCn-rY_g7a5A&bvm=bv.116636494,d.bGs" "Mozilla/5.0 (X11; Linux x86_64; rv:31.0) Gecko/20100101 Firefox/31.0 Iceweasel/31.8.0" 
79.127.68.242 - - [14/Mar/2016:21:13:22 -0700] "GET /honeypot/Honeypot%20-%20Howto.pdf HTTP/1.1" 206 65871 "http://www.google.com/url?sa=t&rct=j&q=&esrc=s&source=web&cd=13&cad=rja&uact=8&ved=0ahUKEwi_oeje6cHLAhWmBZoKHdlXBbw4ChAWCCgwAg&url=http%3A%2F%2Fwww.secrepo.com%2Fhoneypot%2FHoneypot%2520-%2520Howto.pdf&usg=AFQjCNEaovwF-qnAaTQC7apCn-rY_g7a5A&bvm=bv.116636494,d.bGs" "Mozilla/5.0 (X11; Linux x86_64; rv:31.0) Gecko/20100101 Firefox/31.0 Iceweasel/31.8.0" 
79.127.68.242 - - [14/Mar/2016:21:13:22 -0700] "GET /honeypot/Honeypot%20-%20Howto.pdf HTTP/1.1" 206 65872 "http://www.google.com/url?sa=t&rct=j&q=&esrc=s&source=web&cd=13&cad=rja&uact=8&ved=0ahUKEwi_oeje6cHLAhWmBZoKHdlXBbw4ChAWCCgwAg&url=http%3A%2F%2Fwww.secrepo.com%2Fhoneypot%2FHoneypot%2520-%2520Howto.pdf&usg=AFQjCNEaovwF-qnAaTQC7apCn-rY_g7a5A&bvm=bv.116636494,d.bGs" "Mozilla/5.0 (X11; Linux x86_64; rv:31.0) Gecko/20100101 Firefox/31.0 Iceweasel/31.8.0" 
79.127.68.242 - - [14/Mar/2016:21:13:22 -0700] "GET /honeypot/Honeypot%20-%20Howto.pdf HTTP/1.1" 206 262481 "http://www.google.com/url?sa=t&rct=j&q=&esrc=s&source=web&cd=13&cad=rja&uact=8&ved=0ahUKEwi_oeje6cHLAhWmBZoKHdlXBbw4ChAWCCgwAg&url=http%3A%2F%2Fwww.secrepo.com%2Fhoneypot%2FHoneypot%2520-%2520Howto.pdf&usg=AFQjCNEaovwF-qnAaTQC7apCn-rY_g7a5A&bvm=bv.116636494,d.bGs" "Mozilla/5.0 (X11; Linux x86_64; rv:31.0) Gecko/20100101 Firefox/31.0 Iceweasel/31.8.0" 
79.127.68.242 - - [14/Mar/2016:21:13:22 -0700] "GET /honeypot/Honeypot%20-%20Howto.pdf HTTP/1.1" 206 524626 "http://www.google.com/url?sa=t&rct=j&q=&esrc=s&source=web&cd=13&cad=rja&uact=8&ved=0ahUKEwi_oeje6cHLAhWmBZoKHdlXBbw4ChAWCCgwAg&url=http%3A%2F%2Fwww.secrepo.com%2Fhoneypot%2FHoneypot%2520-%2520Howto.pdf&usg=AFQjCNEaovwF-qnAaTQC7apCn-rY_g7a5A&bvm=bv.116636494,d.bGs" "Mozilla/5.0 (X11; Linux x86_64; rv:31.0) Gecko/20100101 Firefox/31.0 Iceweasel/31.8.0" 
79.127.68.242 - - [14/Mar/2016:21:13:24 -0700] "GET /honeypot/Honeypot%20-%20Howto.pdf HTTP/1.1" 304 167 "http://www.google.com/url?sa=t&rct=j&q=&esrc=s&source=web&cd=13&cad=rja&uact=8&ved=0ahUKEwi_oeje6cHLAhWmBZoKHdlXBbw4ChAWCCgwAg&url=http%3A%2F%2Fwww.secrepo.com%2Fhoneypot%2FHoneypot%2520-%2520Howto.pdf&usg=AFQjCNEaovwF-qnAaTQC7apCn-rY_g7a5A&bvm=bv.116636494,d.bGs" "Mozilla/5.0 (X11; Linux x86_64; rv:31.0) Gecko/20100101 Firefox/31.0 Iceweasel/31.8.0" 
79.127.68.242 - - [14/Mar/2016:21:13:24 -0700] "GET /honeypot/Honeypot%20-%20Howto.pdf HTTP/1.1" 304 167 "http://www.google.com/url?sa=t&rct=j&q=&esrc=s&source=web&cd=13&cad=rja&uact=8&ved=0ahUKEwi_oeje6cHLAhWmBZoKHdlXBbw4ChAWCCgwAg&url=http%3A%2F%2Fwww.secrepo.com%2Fhoneypot%2FHoneypot%2520-%2520Howto.pdf&usg=AFQjCNEaovwF-qnAaTQC7apCn-rY_g7a5A&bvm=bv.116636494,d.bGs" "Mozilla/5.0 (X11; Linux x86_64; rv:31.0) Gecko/20100101 Firefox/31.0 Iceweasel/31.8.0" 
79.127.68.242 - - [14/Mar/2016:21:13:24 -0700] "GET /honeypot/Honeypot%20-%20Howto.pdf HTTP/1.1" 206 65872 "http://www.google.com/url?sa=t&rct=j&q=&esrc=s&source=web&cd=13&cad=rja&uact=8&ved=0ahUKEwi_oeje6cHLAhWmBZoKHdlXBbw4ChAWCCgwAg&url=http%3A%2F%2Fwww.secrepo.com%2Fhoneypot%2FHoneypot%2520-%2520Howto.pdf&usg=AFQjCNEaovwF-qnAaTQC7apCn-rY_g7a5A&bvm=bv.116636494,d.bGs" "Mozilla/5.0 (X11; Linux x86_64; rv:31.0) Gecko/20100101 Firefox/31.0 Iceweasel/31.8.0" 
79.127.68.242 - - [14/Mar/2016:21:13:24 -0700] "GET /honeypot/Honeypot%20-%20Howto.pdf HTTP/1.1" 304 168 "http://www.google.com/url?sa=t&rct=j&q=&esrc=s&source=web&cd=13&cad=rja&uact=8&ved=0ahUKEwi_oeje6cHLAhWmBZoKHdlXBbw4ChAWCCgwAg&url=http%3A%2F%2Fwww.secrepo.com%2Fhoneypot%2FHoneypot%2520-%2520Howto.pdf&usg=AFQjCNEaovwF-qnAaTQC7apCn-rY_g7a5A&bvm=bv.116636494,d.bGs" "Mozilla/5.0 (X11; Linux x86_64; rv:31.0) Gecko/20100101 Firefox/31.0 Iceweasel/31.8.0" 
79.127.68.242 - - [14/Mar/2016:21:13:24 -0700] "GET /honeypot/Honeypot%20-%20Howto.pdf HTTP/1.1" 206 65872 "http://www.google.com/url?sa=t&rct=j&q=&esrc=s&source=web&cd=13&cad=rja&uact=8&ved=0ahUKEwi_oeje6cHLAhWmBZoKHdlXBbw4ChAWCCgwAg&url=http%3A%2F%2Fwww.secrepo.com%2Fhoneypot%2FHoneypot%2520-%2520Howto.pdf&usg=AFQjCNEaovwF-qnAaTQC7apCn-rY_g7a5A&bvm=bv.116636494,d.bGs" "Mozilla/5.0 (X11; Linux x86_64; rv:31.0) Gecko/20100101 Firefox/31.0 Iceweasel/31.8.0" 
79.127.68.242 - - [14/Mar/2016:21:13:24 -0700] "GET /honeypot/Honeypot%20-%20Howto.pdf HTTP/1.1" 206 65872 "http://www.google.com/url?sa=t&rct=j&q=&esrc=s&source=web&cd=13&cad=rja&uact=8&ved=0ahUKEwi_oeje6cHLAhWmBZoKHdlXBbw4ChAWCCgwAg&url=http%3A%2F%2Fwww.secrepo.com%2Fhoneypot%2FHoneypot%2520-%2520Howto.pdf&usg=AFQjCNEaovwF-qnAaTQC7apCn-rY_g7a5A&bvm=bv.116636494,d.bGs" "Mozilla/5.0 (X11; Linux x86_64; rv:31.0) Gecko/20100101 Firefox/31.0 Iceweasel/31.8.0" 
117.190.191.170 - - [14/Mar/2016:21:23:44 -0700] "GET /tg/a.zip HTTP/1.1" 304 132 "-" "Mozilla/5.0 Gecko/20100115 Firefox/3.6" 
68.180.229.38 - - [14/Mar/2016:21:29:45 -0700] "GET /self.logs/error.log.2015-06-18.gz HTTP/1.1" 200 651 "-" "Mozilla/5.0 (compatible; Yahoo! Slurp; http://help.yahoo.com/help/us/ysearch/slurp)" 
180.76.15.22 - - [14/Mar/2016:21:29:57 -0700] "GET /self.logs/?C=N;O=D HTTP/1.1" 200 8952 "-" "Mozilla/5.0 (compatible; Baiduspider/2.0; +http://www.baidu.com/search/spider.html)" 
68.180.229.38 - - [14/Mar/2016:21:38:30 -0700] "GET /self.logs/access.log.2016-01-15.gz HTTP/1.1" 200 7471 "-" "Mozilla/5.0 (compatible; Yahoo! Slurp; http://help.yahoo.com/help/us/ysearch/slurp)" 
68.180.229.38 - - [14/Mar/2016:21:38:35 -0700] "GET /self.logs/error.log.2015-04-05.gz HTTP/1.1" 200 993 "-" "Mozilla/5.0 (compatible; Yahoo! Slurp; http://help.yahoo.com/help/us/ysearch/slurp)" 
111.23.4.148 - - [14/Mar/2016:21:45:12 -0700] "GET /tg/a.zip HTTP/1.1" 304 132 "-" "Mozilla/5.0 Gecko/20100115 Firefox/3.6" 
211.137.56.194 - - [14/Mar/2016:22:02:34 -0700] "GET /tg/a.zip HTTP/1.1" 304 132 "-" "Mozilla/5.0 Gecko/20100115 Firefox/3.6" 
220.181.108.92 - - [14/Mar/2016:22:02:47 -0700] "GET /self.logs/ HTTP/1.1" 200 8887 "-" "Mozilla/5.0 (compatible; Baiduspider/2.0; +http://www.baidu.com/search/spider.html)" 
123.126.109.207 - - [14/Mar/2016:22:09:48 -0700] "GET /honeypot/Honeypot%20-%20Howto.pdf HTTP/1.1" 200 1279418 "-" "Mozilla/4.0 (compatible; MSIE 6.0; Windows NT 5.1)" 
61.135.190.222 - - [14/Mar/2016:22:11:34 -0700] "GET / HTTP/1.1" 301 483 "http://m.baidu.com/s?wd=SecRepo-SecurityDataSamplesRepository" "Mozilla/5.0 (iPhone; CPU iPhone OS 5_0 like Mac OS X) AppleWebKit/534.46 (KHTML, like Gecko) Version/5.1 Mobile/9A334 Safari/7534.48.3" 
61.135.190.103 - - [14/Mar/2016:22:11:35 -0700] "GET / HTTP/1.1" 200 8681 "http://m.baidu.com/s?wd=SecRepo-SecurityDataSamplesRepository" "Mozilla/5.0 (iPhone; CPU iPhone OS 5_0 like Mac OS X) AppleWebKit/534.46 (KHTML, like Gecko) Version/5.1 Mobile/9A334 Safari/7534.48.3" 
61.135.190.103 - - [14/Mar/2016:22:19:18 -0700] "GET / HTTP/1.1" 301 483 "http://www.baidu.com/s?wd=SecRepo-SecurityDataSamplesRepository" "Mozilla/5.0 (Windows NT 6.1; WOW64) AppleWebKit/537.36 (KHTML, like Gecko) Chrome/36.0.1985.143 Safari/537.36" 
61.135.190.103 - - [14/Mar/2016:22:19:18 -0700] "GET / HTTP/1.1" 200 8681 "http://www.baidu.com/s?wd=SecRepo-SecurityDataSamplesRepository" "Mozilla/5.0 (Windows NT 6.1; WOW64) AppleWebKit/537.36 (KHTML, like Gecko) Chrome/36.0.1985.143 Safari/537.36" 
211.137.56.172 - - [14/Mar/2016:22:33:07 -0700] "GET /tg/a.zip HTTP/1.1" 304 132 "-" "Mozilla/5.0 Gecko/20100115 Firefox/3.6" 
68.180.229.38 - - [14/Mar/2016:22:56:42 -0700] "GET /self.logs/error.log.2015-07-14.gz HTTP/1.1" 200 596 "-" "Mozilla/5.0 (compatible; Yahoo! Slurp; http://help.yahoo.com/help/us/ysearch/slurp)" 
111.7.128.40 - - [14/Mar/2016:23:01:42 -0700] "GET /tg/a.zip HTTP/1.1" 304 132 "-" "Mozilla/5.0 Gecko/20100115 Firefox/3.6" 
211.137.56.201 - - [14/Mar/2016:23:02:29 -0700] "GET /tg/a.zip HTTP/1.1" 304 132 "-" "Mozilla/5.0 Gecko/20100115 Firefox/3.6" 
207.46.13.85 - - [14/Mar/2016:23:14:41 -0700] "GET /self.logs/access.log.2015-11-22.gz HTTP/1.1" 200 8605 "-" "Mozilla/5.0 (compatible; bingbot/2.0; +http://www.bing.com/bingbot.htm)" 
157.55.39.137 - - [14/Mar/2016:23:27:30 -0700] "GET /self.logs/access.log.2015-08-29.gz HTTP/1.1" 200 6850 "-" "Mozilla/5.0 (compatible; bingbot/2.0; +http://www.bing.com/bingbot.htm)" 
218.200.66.203 - - [14/Mar/2016:23:32:35 -0700] "GET /tg/a.zip HTTP/1.1" 304 132 "-" "Mozilla/5.0 Gecko/20100115 Firefox/3.6" 
207.46.13.81 - - [14/Mar/2016:23:50:59 -0700] "GET /self.logs/access.log.2015-07-04.gz HTTP/1.1" 200 3895 "-" "Mozilla/5.0 (compatible; bingbot/2.0; +http://www.bing.com/bingbot.htm)" 
111.23.10.33 - - [14/Mar/2016:23:53:43 -0700] "GET /tg/a.zip HTTP/1.1" 304 132 "-" "Mozilla/5.0 Gecko/20100115 Firefox/3.6" 
68.180.229.38 - - [14/Mar/2016:23:57:48 -0700] "GET /self.logs/access.log.2015-05-10.gz HTTP/1.1" 200 4144 "-" "Mozilla/5.0 (compatible; Yahoo! Slurp; http://help.yahoo.com/help/us/ysearch/slurp)" 
86.98.47.39 - - [15/Mar/2016:00:21:00 -0700] "GET / HTTP/1.0" 200 8681 "http://www.google.ae/url?sa=t&rct=j&q=&esrc=s&source=web&cd=6&ved=0ahUKEwjTz-Dkk8LLAhWJUhQKHYT2CjIQFghJMAU&url=http%3A%2F%2Fwww.secrepo.com%2F&usg=AFQjCNHeQikQ6r63vtqWKlBvSenYpdB4dQ&bvm=bv.116636494,d.bGs" "Mozilla/5.0 (X11; Linux x86_64; rv:38.0) Gecko/20100101 Firefox/38.0 Iceweasel/38.7.0" 
86.98.47.39 - - [15/Mar/2016:00:21:00 -0700] "GET /bootstrap/img/favicon.ico HTTP/1.0" 200 589 "-" "Mozilla/5.0 (X11; Linux x86_64; rv:38.0) Gecko/20100101 Firefox/38.0 Iceweasel/38.7.0" 
86.98.47.39 - - [15/Mar/2016:00:21:01 -0700] "GET /twitter-icon.png HTTP/1.0" 200 27787 "http://www.secrepo.com/" "Mozilla/5.0 (X11; Linux x86_64; rv:38.0) Gecko/20100101 Firefox/38.0 Iceweasel/38.7.0" 
86.98.47.39 - - [15/Mar/2016:00:21:01 -0700] "GET /GitHub-Mark.png HTTP/1.0" 200 7428 "http://www.secrepo.com/" "Mozilla/5.0 (X11; Linux x86_64; rv:38.0) Gecko/20100101 Firefox/38.0 Iceweasel/38.7.0" 
122.162.103.235 - - [15/Mar/2016:00:23:41 -0700] "GET / HTTP/1.1" 200 8681 "https://www.google.co.in/" "Mozilla/5.0 (Windows NT 6.1; WOW64) AppleWebKit/537.36 (KHTML, like Gecko) Chrome/48.0.2564.116 Safari/537.36" 
122.162.103.235 - - [15/Mar/2016:00:23:43 -0700] "GET /twitter-icon.png HTTP/1.1" 200 27788 "http://www.secrepo.com/" "Mozilla/5.0 (Windows NT 6.1; WOW64) AppleWebKit/537.36 (KHTML, like Gecko) Chrome/48.0.2564.116 Safari/537.36" 
122.162.103.235 - - [15/Mar/2016:00:23:43 -0700] "GET /GitHub-Mark.png HTTP/1.1" 200 7427 "http://www.secrepo.com/" "Mozilla/5.0 (Windows NT 6.1; WOW64) AppleWebKit/537.36 (KHTML, like Gecko) Chrome/48.0.2564.116 Safari/537.36" 
122.162.103.235 - - [15/Mar/2016:00:23:45 -0700] "GET /bootstrap/img/favicon.ico HTTP/1.1" 200 589 "http://www.secrepo.com/" "Mozilla/5.0 (Windows NT 6.1; WOW64) AppleWebKit/537.36 (KHTML, like Gecko) Chrome/48.0.2564.116 Safari/537.36" 
117.190.191.170 - - [15/Mar/2016:00:23:48 -0700] "GET /tg/a.zip HTTP/1.1" 304 132 "-" "Mozilla/5.0 Gecko/20100115 Firefox/3.6" 
70.72.44.193 - - [15/Mar/2016:00:28:51 -0700] "GET /xmlrpc.php HTTP/1.1" 404 295 "-" "Mozilla/5.0 (X11; Linux i686; rv:2.0.1) Gecko/20100101 Firefox/4.0.1" 
157.55.39.137 - - [15/Mar/2016:00:30:30 -0700] "GET /self.logs/error.log.2015-11-25.gz HTTP/1.1" 200 703 "-" "Mozilla/5.0 (compatible; bingbot/2.0; +http://www.bing.com/bingbot.htm)" 
66.249.93.125 - - [15/Mar/2016:00:31:59 -0700] "GET / HTTP/1.1" 200 8681 "-" "Mozilla/5.0 (X11; Linux x86_64) AppleWebKit/537.36 (KHTML, like Gecko) Chrome/49.0.2623.75 Safari/537.36 Google Favicon" 
66.249.93.125 - - [15/Mar/2016:00:32:00 -0700] "GET /bootstrap/img/favicon.ico HTTP/1.1" 200 589 "-" "Mozilla/5.0 (X11; Linux x86_64) AppleWebKit/537.36 (KHTML, like Gecko) Chrome/49.0.2623.75 Safari/537.36 Google Favicon" 
120.24.242.10 - - [15/Mar/2016:00:32:06 -0700] "GET /honeypot/Honeypot%20-%20Howto.pdf HTTP/1.1" 200 1279362 "-" "Mozilla/4.0 (compatible; MSIE 6.0; Windows NT 5.1)" 
120.24.242.10 - - [15/Mar/2016:00:32:01 -0700] "GET /honeypot/Honeypot%20-%20Howto%20-%20BSides%20Austin.pdf HTTP/1.1" 200 2928460 "-" "Mozilla/4.0 (compatible; MSIE 6.0; Windows NT 5.1)" 
68.180.229.38 - - [15/Mar/2016:00:36:41 -0700] "GET /maccdc2012/ssl.log.gz HTTP/1.1" 200 1013281 "-" "Mozilla/5.0 (compatible; Yahoo! Slurp; http://help.yahoo.com/help/us/ysearch/slurp)" 
111.23.4.148 - - [15/Mar/2016:00:45:13 -0700] "GET /tg/a.zip HTTP/1.1" 304 132 "-" "Mozilla/5.0 Gecko/20100115 Firefox/3.6" 
211.137.56.194 - - [15/Mar/2016:01:02:39 -0700] "GET /tg/a.zip HTTP/1.1" 304 132 "-" "Mozilla/5.0 Gecko/20100115 Firefox/3.6" 
68.180.229.38 - - [15/Mar/2016:01:16:05 -0700] "GET /self.logs/access.log.2015-03-21.gz HTTP/1.1" 200 2878 "-" "Mozilla/5.0 (compatible; Yahoo! Slurp; http://help.yahoo.com/help/us/ysearch/slurp)" 
147.46.240.64 - - [15/Mar/2016:01:22:56 -0700] "GET /bootstrap/img/favicon.ico HTTP/1.1" 200 590 "-" "Mozilla/5.0 (Windows NT 10.0; WOW64; rv:44.0) Gecko/20100101 Firefox/44.0" 
193.140.89.100 - - [15/Mar/2016:01:27:57 -0700] "GET / HTTP/1.1" 200 8681 "-" "Mozilla/5.0 (Windows NT 6.3; WOW64) AppleWebKit/537.36 (KHTML, like Gecko) Chrome/49.0.2623.87 Safari/537.36" 
193.140.89.100 - - [15/Mar/2016:01:27:58 -0700] "GET /GitHub-Mark.png HTTP/1.1" 200 7428 "http://www.secrepo.com/" "Mozilla/5.0 (Windows NT 6.3; WOW64) AppleWebKit/537.36 (KHTML, like Gecko) Chrome/49.0.2623.87 Safari/537.36" 
193.140.89.100 - - [15/Mar/2016:01:27:58 -0700] "GET /twitter-icon.png HTTP/1.1" 200 27787 "http://www.secrepo.com/" "Mozilla/5.0 (Windows NT 6.3; WOW64) AppleWebKit/537.36 (KHTML, like Gecko) Chrome/49.0.2623.87 Safari/537.36" 
193.140.89.100 - - [15/Mar/2016:01:27:58 -0700] "GET /bootstrap/img/favicon.ico HTTP/1.1" 200 589 "http://www.secrepo.com/" "Mozilla/5.0 (Windows NT 6.3; WOW64) AppleWebKit/537.36 (KHTML, like Gecko) Chrome/49.0.2623.87 Safari/537.36" 
211.137.56.172 - - [15/Mar/2016:01:33:11 -0700] "GET /tg/a.zip HTTP/1.1" 304 132 "-" "Mozilla/5.0 Gecko/20100115 Firefox/3.6" 
