216.244.66.230 - - [18/Sep/2016:14:11:37 -0700] "GET /self.logs/?C=D;O=D HTTP/1.1" 200 116931 "-" "Mozilla/5.0 (compatible; DotBot/1.1; http://www.opensiteexplorer.org/dotbot, help@moz.com)" 
216.244.66.230 - - [18/Sep/2016:14:12:07 -0700] "GET /self.logs/?C=D;O=D HTTP/1.1" 200 116931 "-" "Mozilla/5.0 (compatible; DotBot/1.1; http://www.opensiteexplorer.org/dotbot, help@moz.com)" 
74.6.254.83 - - [18/Sep/2016:14:38:58 -0700] "GET / HTTP/1.1" 200 9990 "-" "Mozilla/5.0 (compatible; Yahoo! Slurp; http://help.yahoo.com/help/us/ysearch/slurp)" 
144.76.8.132 - - [18/Sep/2016:14:50:38 -0700] "GET /robots.txt HTTP/1.0" 200 252 "-" "Mozilla/5.0 (compatible; MJ12bot/v1.4.5; http://www.majestic12.co.uk/bot.php?+)" 
144.76.8.132 - - [18/Sep/2016:14:50:39 -0700] "GET /honeypot//%22http://amunhoney.sourceforge.net//%22 HTTP/1.0" 404 284 "-" "Mozilla/5.0 (compatible; MJ12bot/v1.4.5; http://www.majestic12.co.uk/bot.php?+)" 
144.76.8.132 - - [18/Sep/2016:14:50:41 -0700] "GET /honeypot//%22http://glastopf.org//%22 HTTP/1.0" 404 284 "-" "Mozilla/5.0 (compatible; MJ12bot/v1.4.5; http://www.majestic12.co.uk/bot.php?+)" 
144.76.8.132 - - [18/Sep/2016:14:50:42 -0700] "GET /honeypot//%22http://www.maxmind.com/%22 HTTP/1.0" 404 284 "-" "Mozilla/5.0 (compatible; MJ12bot/v1.4.5; http://www.majestic12.co.uk/bot.php?+)" 
144.76.8.132 - - [18/Sep/2016:14:50:45 -0700] "GET /honeypot//%22https://twitter.com/sooshie/%22 HTTP/1.0" 404 284 "-" "Mozilla/5.0 (compatible; MJ12bot/v1.4.5; http://www.majestic12.co.uk/bot.php?+)" 
144.76.8.132 - - [18/Sep/2016:14:50:47 -0700] "GET /honeypot//%22https://twitter.com/theroxyd/%22 HTTP/1.0" 404 284 "-" "Mozilla/5.0 (compatible; MJ12bot/v1.4.5; http://www.majestic12.co.uk/bot.php?+)" 
163.172.65.112 - - [18/Sep/2016:14:54:23 -0700] "GET /self.logs/access.log.2015-12-17.gz HTTP/1.1" 200 6134 "-" "Mozilla/5.0 (compatible; AhrefsBot/5.1; +http://ahrefs.com/robot/)" 
130.211.62.84 - - [18/Sep/2016:14:55:42 -0700] "GET / HTTP/1.1" 200 10046 "-" "Mozilla/5.0 (compatible; +http://tweetedtimes.com)" 
66.249.64.123 - - [18/Sep/2016:15:04:46 -0700] "GET /honeypot/Honeypot%20-%20Howto.pdf HTTP/1.1" 200 1279418 "-" "Mozilla/5.0 (Linux; Android 6.0.1; Nexus 5X Build/MMB29P) AppleWebKit/537.36 (KHTML, like Gecko) Chrome/41.0.2272.96 Mobile Safari/537.36 (compatible; Googlebot/2.1; +http://www.google.com/bot.html)" 
69.164.222.192 - - [18/Sep/2016:15:06:46 -0700] "GET / HTTP/1.1" 200 33505 "-" "Mozilla/5.0 (compatible; EveryoneSocialBot/1.0; support@everyonesocial.com http://everyonesocial.com/)" 
180.76.15.161 - - [18/Sep/2016:15:10:04 -0700] "GET /robots.txt HTTP/1.1" 200 297 "-" "Mozilla/5.0 (Windows NT 5.1; rv:6.0.2) Gecko/20100101 Firefox/6.0.2" 
49.182.137.192 - - [18/Sep/2016:15:28:54 -0700] "GET /self.logs/ HTTP/1.1" 200 12617 "https://www.google.com.au/" "Mozilla/5.0 (Windows NT 6.1; Win64; x64) AppleWebKit/537.36 (KHTML, like Gecko) Chrome/53.0.2785.116 Safari/537.36" 
49.182.137.192 - - [18/Sep/2016:15:28:54 -0700] "GET /favicon.ico HTTP/1.1" 200 267 "http://www.secrepo.com/self.logs/" "Mozilla/5.0 (Windows NT 6.1; Win64; x64) AppleWebKit/537.36 (KHTML, like Gecko) Chrome/53.0.2785.116 Safari/537.36" 
49.182.137.192 - - [18/Sep/2016:15:28:57 -0700] "GET /self.logs/access.log.2015-01-29.gz HTTP/1.1" 200 8411 "http://www.secrepo.com/self.logs/" "Mozilla/5.0 (Windows NT 6.1; Win64; x64) AppleWebKit/537.36 (KHTML, like Gecko) Chrome/53.0.2785.116 Safari/537.36" 
49.182.137.192 - - [18/Sep/2016:15:29:31 -0700] "GET /self.logs/access.log.2015-01-20.gz HTTP/1.1" 200 3670 "http://www.secrepo.com/self.logs/" "Mozilla/5.0 (Windows NT 6.1; Win64; x64) AppleWebKit/537.36 (KHTML, like Gecko) Chrome/53.0.2785.116 Safari/537.36" 
49.182.137.192 - - [18/Sep/2016:15:29:43 -0700] "GET /self.logs/access.log.2015-02-01.gz HTTP/1.1" 200 2648 "http://www.secrepo.com/self.logs/" "Mozilla/5.0 (Windows NT 6.1; Win64; x64) AppleWebKit/537.36 (KHTML, like Gecko) Chrome/53.0.2785.116 Safari/537.36" 
74.6.254.83 - - [18/Sep/2016:15:44:23 -0700] "GET / HTTP/1.1" 304 133 "-" "Mozilla/5.0 (compatible; Yahoo! Slurp; http://help.yahoo.com/help/us/ysearch/slurp)" 
87.21.214.26 - - [18/Sep/2016:15:54:47 -0700] "GET / HTTP/1.1" 200 10046 "https://www.google.it/" "Mozilla/5.0 (Windows NT 10.0; Win64; x64) AppleWebKit/537.36 (KHTML, like Gecko) Chrome/52.0.2743.116 Safari/537.36" 
87.21.214.26 - - [18/Sep/2016:15:54:49 -0700] "GET /GitHub-Mark.png HTTP/1.1" 200 7428 "http://www.secrepo.com/" "Mozilla/5.0 (Windows NT 10.0; Win64; x64) AppleWebKit/537.36 (KHTML, like Gecko) Chrome/52.0.2743.116 Safari/537.36" 
87.21.214.26 - - [18/Sep/2016:15:54:49 -0700] "GET /twitter-icon.png HTTP/1.1" 200 27787 "http://www.secrepo.com/" "Mozilla/5.0 (Windows NT 10.0; Win64; x64) AppleWebKit/537.36 (KHTML, like Gecko) Chrome/52.0.2743.116 Safari/537.36" 
87.21.214.26 - - [18/Sep/2016:15:54:51 -0700] "GET /bootstrap/img/favicon.ico HTTP/1.1" 200 589 "http://www.secrepo.com/" "Mozilla/5.0 (Windows NT 10.0; Win64; x64) AppleWebKit/537.36 (KHTML, like Gecko) Chrome/52.0.2743.116 Safari/537.36" 
50.131.185.24 - - [18/Sep/2016:15:56:26 -0700] "GET / HTTP/1.1" 200 10046 "https://www.google.com/" "Mozilla/5.0 (Macintosh; Intel Mac OS X 10_11_6) AppleWebKit/537.36 (KHTML, like Gecko) Chrome/52.0.2743.116 Safari/537.36" 
50.131.185.24 - - [18/Sep/2016:15:56:26 -0700] "GET /twitter-icon.png HTTP/1.1" 200 27787 "http://www.secrepo.com/" "Mozilla/5.0 (Macintosh; Intel Mac OS X 10_11_6) AppleWebKit/537.36 (KHTML, like Gecko) Chrome/52.0.2743.116 Safari/537.36" 
50.131.185.24 - - [18/Sep/2016:15:56:26 -0700] "GET /GitHub-Mark.png HTTP/1.1" 200 7428 "http://www.secrepo.com/" "Mozilla/5.0 (Macintosh; Intel Mac OS X 10_11_6) AppleWebKit/537.36 (KHTML, like Gecko) Chrome/52.0.2743.116 Safari/537.36" 
50.131.185.24 - - [18/Sep/2016:15:56:26 -0700] "GET /bootstrap/img/favicon.ico HTTP/1.1" 200 589 "http://www.secrepo.com/" "Mozilla/5.0 (Macintosh; Intel Mac OS X 10_11_6) AppleWebKit/537.36 (KHTML, like Gecko) Chrome/52.0.2743.116 Safari/537.36" 
40.77.167.22 - - [18/Sep/2016:15:58:25 -0700] "GET / HTTP/1.1" 301 483 "-" "Mozilla/5.0 (compatible; bingbot/2.0; +http://www.bing.com/bingbot.htm)" 
40.77.167.22 - - [18/Sep/2016:16:01:35 -0700] "GET / HTTP/1.1" 200 10046 "-" "Mozilla/5.0 (compatible; bingbot/2.0; +http://www.bing.com/bingbot.htm)" 
66.249.64.127 - - [18/Sep/2016:16:02:44 -0700] "GET / HTTP/1.1" 200 10046 "-" "Mozilla/5.0 (compatible; Googlebot/2.1; +http://www.google.com/bot.html)" 
91.228.167.109 - - [18/Sep/2016:16:05:06 -0700] "GET / HTTP/1.0" 200 33494 "https://socialmediascanner.eset.com" "Mozilla/5.0 (Windows NT 6.1) AppleWebKit/537.36 (KHTML, like Gecko) Chrome/31.0.1650.16 Safari/537.36" 
117.190.191.170 - - [18/Sep/2016:16:05:47 -0700] "GET /tg/a.zip HTTP/1.1" 304 132 "-" "Mozilla/5.0 Gecko/20100115 Firefox/3.6" 
173.255.232.130 - - [18/Sep/2016:16:06:16 -0700] "GET / HTTP/1.1" 200 33505 "-" "Mozilla/5.0 (compatible; EveryoneSocialBot/1.0; support@everyonesocial.com http://everyonesocial.com/)" 
66.249.88.29 - - [18/Sep/2016:16:15:48 -0700] "GET / HTTP/1.1" 200 10046 "-" "Mozilla/5.0 (X11; Linux x86_64) AppleWebKit/537.36 (KHTML, like Gecko) Chrome/49.0.2623.75 Safari/537.36 Google Favicon" 
66.249.88.31 - - [18/Sep/2016:16:15:48 -0700] "GET /bootstrap/img/favicon.ico HTTP/1.1" 200 590 "-" "Mozilla/5.0 (X11; Linux x86_64) AppleWebKit/537.36 (KHTML, like Gecko) Chrome/49.0.2623.75 Safari/537.36 Google Favicon" 
111.7.128.40 - - [18/Sep/2016:16:21:46 -0700] "GET /tg/a.zip HTTP/1.1" 304 132 "-" "Mozilla/5.0 Gecko/20100115 Firefox/3.6" 
68.180.230.91 - - [18/Sep/2016:16:32:29 -0700] "GET /self.logs/ HTTP/1.1" 200 12561 "-" "Mozilla/5.0 (compatible; Yahoo! Slurp; http://help.yahoo.com/help/us/ysearch/slurp)" 
68.180.230.91 - - [18/Sep/2016:16:34:46 -0700] "GET /self.logs/error.log.2016-07-07.gz HTTP/1.1" 200 719 "-" "Mozilla/5.0 (compatible; Yahoo! Slurp; http://help.yahoo.com/help/us/ysearch/slurp)" 
68.180.230.91 - - [18/Sep/2016:16:34:50 -0700] "GET /self.logs/access.log.2015-02-13.gz HTTP/1.1" 200 15554 "-" "Mozilla/5.0 (compatible; Yahoo! Slurp; http://help.yahoo.com/help/us/ysearch/slurp)" 
68.180.230.91 - - [18/Sep/2016:16:34:50 -0700] "GET /self.logs/error.log.2015-03-05.gz HTTP/1.1" 200 792 "-" "Mozilla/5.0 (compatible; Yahoo! Slurp; http://help.yahoo.com/help/us/ysearch/slurp)" 
68.180.230.91 - - [18/Sep/2016:16:35:04 -0700] "GET /self.logs/access.log.2015-02-25.gz HTTP/1.1" 200 2741 "-" "Mozilla/5.0 (compatible; Yahoo! Slurp; http://help.yahoo.com/help/us/ysearch/slurp)" 
68.180.230.91 - - [18/Sep/2016:16:35:06 -0700] "GET /self.logs/access.log.2015-11-21.gz HTTP/1.1" 200 5360 "-" "Mozilla/5.0 (compatible; Yahoo! Slurp; http://help.yahoo.com/help/us/ysearch/slurp)" 
68.180.230.91 - - [18/Sep/2016:16:35:10 -0700] "GET /self.logs/access.log.2016-07-14.gz HTTP/1.1" 200 9507 "-" "Mozilla/5.0 (compatible; Yahoo! Slurp; http://help.yahoo.com/help/us/ysearch/slurp)" 
68.180.230.91 - - [18/Sep/2016:16:35:14 -0700] "GET /self.logs/access.log.2015-03-10.gz HTTP/1.1" 200 13354 "-" "Mozilla/5.0 (compatible; Yahoo! Slurp; http://help.yahoo.com/help/us/ysearch/slurp)" 
68.180.230.91 - - [18/Sep/2016:16:35:15 -0700] "GET /self.logs/access.log.2016-02-01.gz HTTP/1.1" 200 6872 "-" "Mozilla/5.0 (compatible; Yahoo! Slurp; http://help.yahoo.com/help/us/ysearch/slurp)" 
68.180.230.91 - - [18/Sep/2016:16:35:22 -0700] "GET /self.logs/access.log.2016-04-28.gz HTTP/1.1" 200 10782 "-" "Mozilla/5.0 (compatible; Yahoo! Slurp; http://help.yahoo.com/help/us/ysearch/slurp)" 
68.180.230.91 - - [18/Sep/2016:16:35:24 -0700] "GET /self.logs/access.log.2015-06-07.gz HTTP/1.1" 200 3396 "-" "Mozilla/5.0 (compatible; Yahoo! Slurp; http://help.yahoo.com/help/us/ysearch/slurp)" 
68.180.230.91 - - [18/Sep/2016:16:35:24 -0700] "GET /self.logs/access.log.2015-11-03.gz HTTP/1.1" 200 7168 "-" "Mozilla/5.0 (compatible; Yahoo! Slurp; http://help.yahoo.com/help/us/ysearch/slurp)" 
68.180.230.91 - - [18/Sep/2016:16:35:29 -0700] "GET /self.logs/error.log.2016-03-24.gz HTTP/1.1" 200 745 "-" "Mozilla/5.0 (compatible; Yahoo! Slurp; http://help.yahoo.com/help/us/ysearch/slurp)" 
68.180.230.91 - - [18/Sep/2016:16:35:32 -0700] "GET /self.logs/error.log.2015-06-26.gz HTTP/1.1" 200 744 "-" "Mozilla/5.0 (compatible; Yahoo! Slurp; http://help.yahoo.com/help/us/ysearch/slurp)" 
68.180.230.91 - - [18/Sep/2016:16:35:34 -0700] "GET /self.logs/error.log.2016-01-13.gz HTTP/1.1" 200 455 "-" "Mozilla/5.0 (compatible; Yahoo! Slurp; http://help.yahoo.com/help/us/ysearch/slurp)" 
68.180.230.91 - - [18/Sep/2016:16:35:40 -0700] "GET /self.logs/error.log.2016-05-28.gz HTTP/1.1" 200 570 "-" "Mozilla/5.0 (compatible; Yahoo! Slurp; http://help.yahoo.com/help/us/ysearch/slurp)" 
68.180.230.91 - - [18/Sep/2016:16:35:44 -0700] "GET /self.logs/error.log.2016-04-12.gz HTTP/1.1" 200 947 "-" "Mozilla/5.0 (compatible; Yahoo! Slurp; http://help.yahoo.com/help/us/ysearch/slurp)" 
68.180.230.91 - - [18/Sep/2016:16:35:47 -0700] "GET /self.logs/error.log.2015-07-09.gz HTTP/1.1" 200 1240 "-" "Mozilla/5.0 (compatible; Yahoo! Slurp; http://help.yahoo.com/help/us/ysearch/slurp)" 
68.180.230.91 - - [18/Sep/2016:16:35:52 -0700] "GET /self.logs/error.log.2016-06-24.gz HTTP/1.1" 200 1306 "-" "Mozilla/5.0 (compatible; Yahoo! Slurp; http://help.yahoo.com/help/us/ysearch/slurp)" 
68.180.230.91 - - [18/Sep/2016:16:35:52 -0700] "GET /self.logs/access.log.2015-04-12.gz HTTP/1.1" 200 3054 "-" "Mozilla/5.0 (compatible; Yahoo! Slurp; http://help.yahoo.com/help/us/ysearch/slurp)" 
68.180.230.91 - - [18/Sep/2016:16:35:53 -0700] "GET /self.logs/access.log.2015-06-30.gz HTTP/1.1" 200 5302 "-" "Mozilla/5.0 (compatible; Yahoo! Slurp; http://help.yahoo.com/help/us/ysearch/slurp)" 
68.180.230.91 - - [18/Sep/2016:16:35:55 -0700] "GET /self.logs/access.log.2015-05-29.gz HTTP/1.1" 200 3694 "-" "Mozilla/5.0 (compatible; Yahoo! Slurp; http://help.yahoo.com/help/us/ysearch/slurp)" 
68.180.230.91 - - [18/Sep/2016:16:35:56 -0700] "GET /self.logs/error.log.2016-01-25.gz HTTP/1.1" 200 632 "-" "Mozilla/5.0 (compatible; Yahoo! Slurp; http://help.yahoo.com/help/us/ysearch/slurp)" 
68.180.230.91 - - [18/Sep/2016:16:36:01 -0700] "GET /self.logs/?C=D;O=A HTTP/1.1" 200 12561 "-" "Mozilla/5.0 (compatible; Yahoo! Slurp; http://help.yahoo.com/help/us/ysearch/slurp)" 
68.180.230.91 - - [18/Sep/2016:16:36:05 -0700] "GET /self.logs/access.log.2016-08-27.gz HTTP/1.1" 200 7074 "-" "Mozilla/5.0 (compatible; Yahoo! Slurp; http://help.yahoo.com/help/us/ysearch/slurp)" 
68.180.230.91 - - [18/Sep/2016:16:36:06 -0700] "GET /self.logs/error.log.2015-04-30.gz HTTP/1.1" 200 1192 "-" "Mozilla/5.0 (compatible; Yahoo! Slurp; http://help.yahoo.com/help/us/ysearch/slurp)" 
68.180.230.91 - - [18/Sep/2016:16:36:07 -0700] "GET /self.logs/error.log.2015-11-29.gz HTTP/1.1" 200 604 "-" "Mozilla/5.0 (compatible; Yahoo! Slurp; http://help.yahoo.com/help/us/ysearch/slurp)" 
68.180.230.91 - - [18/Sep/2016:16:36:08 -0700] "GET /self.logs/access.log.2015-11-05.gz HTTP/1.1" 200 8473 "-" "Mozilla/5.0 (compatible; Yahoo! Slurp; http://help.yahoo.com/help/us/ysearch/slurp)" 
68.180.230.91 - - [18/Sep/2016:16:36:16 -0700] "GET /self.logs/access.log.2016-01-16.gz HTTP/1.1" 200 5031 "-" "Mozilla/5.0 (compatible; Yahoo! Slurp; http://help.yahoo.com/help/us/ysearch/slurp)" 
68.180.230.91 - - [18/Sep/2016:16:36:29 -0700] "GET /self.logs/error.log.2016-07-15.gz HTTP/1.1" 200 822 "-" "Mozilla/5.0 (compatible; Yahoo! Slurp; http://help.yahoo.com/help/us/ysearch/slurp)" 
68.180.230.91 - - [18/Sep/2016:16:36:29 -0700] "GET /self.logs/access.log.2016-07-25.gz HTTP/1.1" 200 7223 "-" "Mozilla/5.0 (compatible; Yahoo! Slurp; http://help.yahoo.com/help/us/ysearch/slurp)" 
68.180.230.91 - - [18/Sep/2016:16:36:31 -0700] "GET /self.logs/access.log.2016-05-23.gz HTTP/1.1" 200 15174 "-" "Mozilla/5.0 (compatible; Yahoo! Slurp; http://help.yahoo.com/help/us/ysearch/slurp)" 
68.180.230.91 - - [18/Sep/2016:16:36:34 -0700] "GET /self.logs/access.log.2015-03-07.gz HTTP/1.1" 200 2692 "-" "Mozilla/5.0 (compatible; Yahoo! Slurp; http://help.yahoo.com/help/us/ysearch/slurp)" 
68.180.230.91 - - [18/Sep/2016:16:36:45 -0700] "GET /self.logs/error.log.2016-03-22.gz HTTP/1.1" 200 651 "-" "Mozilla/5.0 (compatible; Yahoo! Slurp; http://help.yahoo.com/help/us/ysearch/slurp)" 
68.180.230.91 - - [18/Sep/2016:16:36:52 -0700] "GET /self.logs/access.log.2016-08-31.gz HTTP/1.1" 200 8489 "-" "Mozilla/5.0 (compatible; Yahoo! Slurp; http://help.yahoo.com/help/us/ysearch/slurp)" 
68.180.230.91 - - [18/Sep/2016:16:36:55 -0700] "GET /self.logs/access.log.2016-01-19.gz HTTP/1.1" 200 6650 "-" "Mozilla/5.0 (compatible; Yahoo! Slurp; http://help.yahoo.com/help/us/ysearch/slurp)" 
68.180.230.91 - - [18/Sep/2016:16:37:00 -0700] "GET /self.logs/error.log.2016-07-06.gz HTTP/1.1" 200 837 "-" "Mozilla/5.0 (compatible; Yahoo! Slurp; http://help.yahoo.com/help/us/ysearch/slurp)" 
68.180.230.91 - - [18/Sep/2016:16:37:02 -0700] "GET /self.logs/access.log.2016-01-29.gz HTTP/1.1" 200 12829 "-" "Mozilla/5.0 (compatible; Yahoo! Slurp; http://help.yahoo.com/help/us/ysearch/slurp)" 
68.180.230.91 - - [18/Sep/2016:16:37:07 -0700] "GET /self.logs/error.log.2015-02-09.gz HTTP/1.1" 200 1240 "-" "Mozilla/5.0 (compatible; Yahoo! Slurp; http://help.yahoo.com/help/us/ysearch/slurp)" 
68.180.230.91 - - [18/Sep/2016:16:37:08 -0700] "GET /self.logs/access.log.2016-03-22.gz HTTP/1.1" 200 8238 "-" "Mozilla/5.0 (compatible; Yahoo! Slurp; http://help.yahoo.com/help/us/ysearch/slurp)" 
68.180.230.91 - - [18/Sep/2016:16:37:09 -0700] "GET /self.logs/error.log.2016-08-28.gz HTTP/1.1" 200 573 "-" "Mozilla/5.0 (compatible; Yahoo! Slurp; http://help.yahoo.com/help/us/ysearch/slurp)" 
68.180.230.91 - - [18/Sep/2016:16:37:12 -0700] "GET /self.logs/access.log.2015-12-01.gz HTTP/1.1" 200 7666 "-" "Mozilla/5.0 (compatible; Yahoo! Slurp; http://help.yahoo.com/help/us/ysearch/slurp)" 
68.180.230.91 - - [18/Sep/2016:16:37:16 -0700] "GET /self.logs/error.log.2016-07-13.gz HTTP/1.1" 200 589 "-" "Mozilla/5.0 (compatible; Yahoo! Slurp; http://help.yahoo.com/help/us/ysearch/slurp)" 
68.180.230.91 - - [18/Sep/2016:16:37:21 -0700] "GET /self.logs/access.log.2016-09-10.gz HTTP/1.1" 200 5309 "-" "Mozilla/5.0 (compatible; Yahoo! Slurp; http://help.yahoo.com/help/us/ysearch/slurp)" 
68.180.230.91 - - [18/Sep/2016:16:37:24 -0700] "GET /self.logs/access.log.2015-04-16.gz HTTP/1.1" 200 11880 "-" "Mozilla/5.0 (compatible; Yahoo! Slurp; http://help.yahoo.com/help/us/ysearch/slurp)" 
68.180.230.91 - - [18/Sep/2016:16:37:24 -0700] "GET /self.logs/access.log.2016-04-03.gz HTTP/1.1" 200 14119 "-" "Mozilla/5.0 (compatible; Yahoo! Slurp; http://help.yahoo.com/help/us/ysearch/slurp)" 
68.180.230.91 - - [18/Sep/2016:16:37:24 -0700] "GET /self.logs/access.log.2016-07-20.gz HTTP/1.1" 200 9202 "-" "Mozilla/5.0 (compatible; Yahoo! Slurp; http://help.yahoo.com/help/us/ysearch/slurp)" 
68.180.230.91 - - [18/Sep/2016:16:37:26 -0700] "GET /self.logs/access.log.2015-10-17.gz HTTP/1.1" 200 4564 "-" "Mozilla/5.0 (compatible; Yahoo! Slurp; http://help.yahoo.com/help/us/ysearch/slurp)" 
68.180.230.91 - - [18/Sep/2016:16:37:27 -0700] "GET /self.logs/error.log.2016-09-02.gz HTTP/1.1" 200 716 "-" "Mozilla/5.0 (compatible; Yahoo! Slurp; http://help.yahoo.com/help/us/ysearch/slurp)" 
68.180.230.91 - - [18/Sep/2016:16:37:28 -0700] "GET /self.logs/error.log.2016-06-09.gz HTTP/1.1" 200 894 "-" "Mozilla/5.0 (compatible; Yahoo! Slurp; http://help.yahoo.com/help/us/ysearch/slurp)" 
68.180.230.91 - - [18/Sep/2016:16:37:33 -0700] "GET /self.logs/error.log.2016-09-01.gz HTTP/1.1" 200 689 "-" "Mozilla/5.0 (compatible; Yahoo! Slurp; http://help.yahoo.com/help/us/ysearch/slurp)" 
68.180.230.91 - - [18/Sep/2016:16:37:36 -0700] "GET /self.logs/access.log.2016-01-21.gz HTTP/1.1" 200 5536 "-" "Mozilla/5.0 (compatible; Yahoo! Slurp; http://help.yahoo.com/help/us/ysearch/slurp)" 
68.180.230.91 - - [18/Sep/2016:16:37:36 -0700] "GET /self.logs/access.log.2016-09-08.gz HTTP/1.1" 200 10806 "-" "Mozilla/5.0 (compatible; Yahoo! Slurp; http://help.yahoo.com/help/us/ysearch/slurp)" 
68.180.230.91 - - [18/Sep/2016:16:37:45 -0700] "GET /self.logs/access.log.2015-04-20.gz HTTP/1.1" 200 4186 "-" "Mozilla/5.0 (compatible; Yahoo! Slurp; http://help.yahoo.com/help/us/ysearch/slurp)" 
68.180.230.91 - - [18/Sep/2016:16:37:59 -0700] "GET /self.logs/access.log.2016-05-03.gz HTTP/1.1" 200 8708 "-" "Mozilla/5.0 (compatible; Yahoo! Slurp; http://help.yahoo.com/help/us/ysearch/slurp)" 
68.180.230.91 - - [18/Sep/2016:16:38:02 -0700] "GET /self.logs/error.log.2015-06-16.gz HTTP/1.1" 200 691 "-" "Mozilla/5.0 (compatible; Yahoo! Slurp; http://help.yahoo.com/help/us/ysearch/slurp)" 
68.180.230.91 - - [18/Sep/2016:16:38:14 -0700] "GET /self.logs/access.log.2016-02-24.gz HTTP/1.1" 200 26739 "-" "Mozilla/5.0 (compatible; Yahoo! Slurp; http://help.yahoo.com/help/us/ysearch/slurp)" 
68.180.230.91 - - [18/Sep/2016:16:38:19 -0700] "GET /self.logs/access.log.2016-07-07.gz HTTP/1.1" 200 11207 "-" "Mozilla/5.0 (compatible; Yahoo! Slurp; http://help.yahoo.com/help/us/ysearch/slurp)" 
68.180.230.91 - - [18/Sep/2016:16:38:29 -0700] "GET /self.logs/access.log.2015-06-18.gz HTTP/1.1" 200 5552 "-" "Mozilla/5.0 (compatible; Yahoo! Slurp; http://help.yahoo.com/help/us/ysearch/slurp)" 
68.180.230.91 - - [18/Sep/2016:16:38:33 -0700] "GET /self.logs/error.log.2016-01-12.gz HTTP/1.1" 200 567 "-" "Mozilla/5.0 (compatible; Yahoo! Slurp; http://help.yahoo.com/help/us/ysearch/slurp)" 
68.180.230.91 - - [18/Sep/2016:16:38:40 -0700] "GET /self.logs/access.log.2016-07-16.gz HTTP/1.1" 200 8637 "-" "Mozilla/5.0 (compatible; Yahoo! Slurp; http://help.yahoo.com/help/us/ysearch/slurp)" 
68.180.230.91 - - [18/Sep/2016:16:38:40 -0700] "GET /self.logs/access.log.2015-08-25.gz HTTP/1.1" 200 6456 "-" "Mozilla/5.0 (compatible; Yahoo! Slurp; http://help.yahoo.com/help/us/ysearch/slurp)" 
68.180.230.91 - - [18/Sep/2016:16:39:05 -0700] "GET /self.logs/access.log.2016-03-14.gz HTTP/1.1" 200 13524 "-" "Mozilla/5.0 (compatible; Yahoo! Slurp; http://help.yahoo.com/help/us/ysearch/slurp)" 
68.180.230.91 - - [18/Sep/2016:16:39:10 -0700] "GET /self.logs/error.log.2016-05-06.gz HTTP/1.1" 200 840 "-" "Mozilla/5.0 (compatible; Yahoo! Slurp; http://help.yahoo.com/help/us/ysearch/slurp)" 
68.180.230.91 - - [18/Sep/2016:16:39:20 -0700] "GET /self.logs/access.log.2016-03-31.gz HTTP/1.1" 200 8336 "-" "Mozilla/5.0 (compatible; Yahoo! Slurp; http://help.yahoo.com/help/us/ysearch/slurp)" 
68.180.230.91 - - [18/Sep/2016:16:39:22 -0700] "GET /self.logs/access.log.2015-06-13.gz HTTP/1.1" 200 3559 "-" "Mozilla/5.0 (compatible; Yahoo! Slurp; http://help.yahoo.com/help/us/ysearch/slurp)" 
68.180.230.91 - - [18/Sep/2016:16:39:42 -0700] "GET /self.logs/access.log.2015-11-11.gz HTTP/1.1" 200 5187 "-" "Mozilla/5.0 (compatible; Yahoo! Slurp; http://help.yahoo.com/help/us/ysearch/slurp)" 
68.180.230.91 - - [18/Sep/2016:16:39:56 -0700] "GET /self.logs/error.log.2016-07-17.gz HTTP/1.1" 200 855 "-" "Mozilla/5.0 (compatible; Yahoo! Slurp; http://help.yahoo.com/help/us/ysearch/slurp)" 
68.180.230.91 - - [18/Sep/2016:16:40:08 -0700] "GET /self.logs/error.log.2016-09-14.gz HTTP/1.1" 200 733 "-" "Mozilla/5.0 (compatible; Yahoo! Slurp; http://help.yahoo.com/help/us/ysearch/slurp)" 
68.180.230.91 - - [18/Sep/2016:16:40:09 -0700] "GET /self.logs/?C=M;O=A HTTP/1.1" 200 12872 "-" "Mozilla/5.0 (compatible; Yahoo! Slurp; http://help.yahoo.com/help/us/ysearch/slurp)" 
68.180.230.91 - - [18/Sep/2016:16:40:23 -0700] "GET /self.logs/error.log.2015-01-23.gz HTTP/1.1" 200 591 "-" "Mozilla/5.0 (compatible; Yahoo! Slurp; http://help.yahoo.com/help/us/ysearch/slurp)" 
68.180.230.91 - - [18/Sep/2016:16:40:36 -0700] "GET /self.logs/access.log.2015-02-17.gz HTTP/1.1" 200 11219 "-" "Mozilla/5.0 (compatible; Yahoo! Slurp; http://help.yahoo.com/help/us/ysearch/slurp)" 
146.164.71.253 - - [18/Sep/2016:16:40:43 -0700] "GET / HTTP/1.1" 200 10046 "http://www.mlsecproject.org/" "Mozilla/5.0 (Macintosh; Intel Mac OS X 10_11_6) AppleWebKit/537.36 (KHTML, like Gecko) Chrome/52.0.2743.116 Safari/537.36" 
146.164.71.253 - - [18/Sep/2016:16:40:43 -0700] "GET /twitter-icon.png HTTP/1.1" 200 27787 "http://www.secrepo.com/" "Mozilla/5.0 (Macintosh; Intel Mac OS X 10_11_6) AppleWebKit/537.36 (KHTML, like Gecko) Chrome/52.0.2743.116 Safari/537.36" 
146.164.71.253 - - [18/Sep/2016:16:40:43 -0700] "GET /GitHub-Mark.png HTTP/1.1" 200 7428 "http://www.secrepo.com/" "Mozilla/5.0 (Macintosh; Intel Mac OS X 10_11_6) AppleWebKit/537.36 (KHTML, like Gecko) Chrome/52.0.2743.116 Safari/537.36" 
146.164.71.253 - - [18/Sep/2016:16:40:45 -0700] "GET /bootstrap/img/favicon.ico HTTP/1.1" 200 589 "http://www.secrepo.com/" "Mozilla/5.0 (Macintosh; Intel Mac OS X 10_11_6) AppleWebKit/537.36 (KHTML, like Gecko) Chrome/52.0.2743.116 Safari/537.36" 
184.151.178.148 - - [18/Sep/2016:16:40:45 -0700] "GET /honeypot/Honeypot%20-%20Howto.pdf HTTP/1.1" 200 1279418 "http://www.google.ca/url?sa=t&rct=j&q=&esrc=s&source=web&cd=10&cad=rja&uact=8&ved=0ahUKEwjYkYu1i5rPAhVM34MKHf78CzMQFghaMAk&url=http%3A%2F%2Fwww.secrepo.com%2Fhoneypot%2FHoneypot%2520-%2520Howto.pdf&usg=AFQjCNEaovwF-qnAaTQC7apCn-rY_g7a5A&bvm=bv.133178914,d.amc" "Mozilla/5.0 (Windows NT 6.1; WOW64; Trident/7.0; rv:11.0) like Gecko" 
68.180.230.91 - - [18/Sep/2016:16:40:47 -0700] "GET /self.logs/error.log.2015-04-11.gz HTTP/1.1" 200 1739 "-" "Mozilla/5.0 (compatible; Yahoo! Slurp; http://help.yahoo.com/help/us/ysearch/slurp)" 
68.180.230.91 - - [18/Sep/2016:16:41:03 -0700] "GET /self.logs/access.log.2015-02-20.gz HTTP/1.1" 200 14410 "-" "Mozilla/5.0 (compatible; Yahoo! Slurp; http://help.yahoo.com/help/us/ysearch/slurp)" 
68.180.230.91 - - [18/Sep/2016:16:41:05 -0700] "GET /self.logs/error.log.2016-04-22.gz HTTP/1.1" 200 694 "-" "Mozilla/5.0 (compatible; Yahoo! Slurp; http://help.yahoo.com/help/us/ysearch/slurp)" 
68.180.230.91 - - [18/Sep/2016:16:42:29 -0700] "GET /self.logs/access.log.2016-05-14.gz HTTP/1.1" 200 7861 "-" "Mozilla/5.0 (compatible; Yahoo! Slurp; http://help.yahoo.com/help/us/ysearch/slurp)" 
68.180.230.91 - - [18/Sep/2016:16:42:43 -0700] "GET /self.logs/access.log.2015-03-18.gz HTTP/1.1" 200 9436 "-" "Mozilla/5.0 (compatible; Yahoo! Slurp; http://help.yahoo.com/help/us/ysearch/slurp)" 
68.180.230.91 - - [18/Sep/2016:16:43:06 -0700] "GET /self.logs/access.log.2016-06-12.gz HTTP/1.1" 200 13517 "-" "Mozilla/5.0 (compatible; Yahoo! Slurp; http://help.yahoo.com/help/us/ysearch/slurp)" 
68.180.230.91 - - [18/Sep/2016:16:43:16 -0700] "GET /self.logs/access.log.2016-05-06.gz HTTP/1.1" 200 8420 "-" "Mozilla/5.0 (compatible; Yahoo! Slurp; http://help.yahoo.com/help/us/ysearch/slurp)" 
68.180.230.91 - - [18/Sep/2016:16:43:20 -0700] "GET /self.logs/access.log.2016-03-24.gz HTTP/1.1" 200 11178 "-" "Mozilla/5.0 (compatible; Yahoo! Slurp; http://help.yahoo.com/help/us/ysearch/slurp)" 
68.180.230.91 - - [18/Sep/2016:16:43:37 -0700] "GET /self.logs/error.log.2016-03-11.gz HTTP/1.1" 200 835 "-" "Mozilla/5.0 (compatible; Yahoo! Slurp; http://help.yahoo.com/help/us/ysearch/slurp)" 
68.180.230.91 - - [18/Sep/2016:16:43:57 -0700] "GET /self.logs/access.log.2016-07-09.gz HTTP/1.1" 200 8346 "-" "Mozilla/5.0 (compatible; Yahoo! Slurp; http://help.yahoo.com/help/us/ysearch/slurp)" 
68.180.230.91 - - [18/Sep/2016:16:44:55 -0700] "GET /self.logs/access.log.2015-09-20.gz HTTP/1.1" 200 4284 "-" "Mozilla/5.0 (compatible; Yahoo! Slurp; http://help.yahoo.com/help/us/ysearch/slurp)" 
68.180.230.91 - - [18/Sep/2016:16:46:13 -0700] "GET /self.logs/access.log.2015-07-04.gz HTTP/1.1" 200 3839 "-" "Mozilla/5.0 (compatible; Yahoo! Slurp; http://help.yahoo.com/help/us/ysearch/slurp)" 
68.180.230.91 - - [18/Sep/2016:16:46:35 -0700] "GET /self.logs/access.log.2016-05-02.gz HTTP/1.1" 200 11088 "-" "Mozilla/5.0 (compatible; Yahoo! Slurp; http://help.yahoo.com/help/us/ysearch/slurp)" 
68.180.230.91 - - [18/Sep/2016:16:47:36 -0700] "GET /self.logs/access.log.2016-06-20.gz HTTP/1.1" 200 9919 "-" "Mozilla/5.0 (compatible; Yahoo! Slurp; http://help.yahoo.com/help/us/ysearch/slurp)" 
68.180.230.91 - - [18/Sep/2016:16:48:44 -0700] "GET /self.logs/access.log.2015-04-19.gz HTTP/1.1" 200 4789 "-" "Mozilla/5.0 (compatible; Yahoo! Slurp; http://help.yahoo.com/help/us/ysearch/slurp)" 
68.180.230.91 - - [18/Sep/2016:16:50:10 -0700] "GET /self.logs/access.log.2016-03-01.gz HTTP/1.1" 200 9181 "-" "Mozilla/5.0 (compatible; Yahoo! Slurp; http://help.yahoo.com/help/us/ysearch/slurp)" 
68.180.230.91 - - [18/Sep/2016:16:50:25 -0700] "GET /self.logs/access.log.2016-03-07.gz HTTP/1.1" 200 9423 "-" "Mozilla/5.0 (compatible; Yahoo! Slurp; http://help.yahoo.com/help/us/ysearch/slurp)" 
68.180.230.91 - - [18/Sep/2016:16:50:46 -0700] "GET /self.logs/access.log.2015-09-12.gz HTTP/1.1" 200 4035 "-" "Mozilla/5.0 (compatible; Yahoo! Slurp; http://help.yahoo.com/help/us/ysearch/slurp)" 
68.180.230.91 - - [18/Sep/2016:16:50:52 -0700] "GET /self.logs/access.log.2016-05-09.gz HTTP/1.1" 200 8366 "-" "Mozilla/5.0 (compatible; Yahoo! Slurp; http://help.yahoo.com/help/us/ysearch/slurp)" 
68.180.230.91 - - [18/Sep/2016:16:50:57 -0700] "GET /self.logs/access.log.2015-04-09.gz HTTP/1.1" 200 3559 "-" "Mozilla/5.0 (compatible; Yahoo! Slurp; http://help.yahoo.com/help/us/ysearch/slurp)" 
68.180.230.91 - - [18/Sep/2016:16:51:01 -0700] "GET /self.logs/error.log.2016-02-22.gz HTTP/1.1" 200 781 "-" "Mozilla/5.0 (compatible; Yahoo! Slurp; http://help.yahoo.com/help/us/ysearch/slurp)" 
68.180.230.91 - - [18/Sep/2016:16:53:08 -0700] "GET /self.logs/error.log.2016-06-27.gz HTTP/1.1" 200 1039 "-" "Mozilla/5.0 (compatible; Yahoo! Slurp; http://help.yahoo.com/help/us/ysearch/slurp)" 
68.180.230.91 - - [18/Sep/2016:16:53:11 -0700] "GET /self.logs/access.log.2016-07-11.gz HTTP/1.1" 200 11469 "-" "Mozilla/5.0 (compatible; Yahoo! Slurp; http://help.yahoo.com/help/us/ysearch/slurp)" 
68.180.230.91 - - [18/Sep/2016:16:53:32 -0700] "GET /self.logs/access.log.2015-01-28.gz HTTP/1.1" 200 2073 "-" "Mozilla/5.0 (compatible; Yahoo! Slurp; http://help.yahoo.com/help/us/ysearch/slurp)" 
68.180.230.91 - - [18/Sep/2016:16:53:42 -0700] "GET /self.logs/error.log.2015-02-08.gz HTTP/1.1" 200 1048 "-" "Mozilla/5.0 (compatible; Yahoo! Slurp; http://help.yahoo.com/help/us/ysearch/slurp)" 
68.180.230.91 - - [18/Sep/2016:16:54:00 -0700] "GET /self.logs/access.log.2015-10-03.gz HTTP/1.1" 200 27098 "-" "Mozilla/5.0 (compatible; Yahoo! Slurp; http://help.yahoo.com/help/us/ysearch/slurp)" 
68.180.230.91 - - [18/Sep/2016:16:54:15 -0700] "GET /self.logs/access.log.2016-07-04.gz HTTP/1.1" 200 10605 "-" "Mozilla/5.0 (compatible; Yahoo! Slurp; http://help.yahoo.com/help/us/ysearch/slurp)" 
68.180.230.91 - - [18/Sep/2016:16:54:28 -0700] "GET /self.logs/access.log.2016-09-11.gz HTTP/1.1" 200 21792 "-" "Mozilla/5.0 (compatible; Yahoo! Slurp; http://help.yahoo.com/help/us/ysearch/slurp)" 
68.180.230.91 - - [18/Sep/2016:16:55:19 -0700] "GET /self.logs/access.log.2015-11-15.gz HTTP/1.1" 200 5539 "-" "Mozilla/5.0 (compatible; Yahoo! Slurp; http://help.yahoo.com/help/us/ysearch/slurp)" 
68.180.230.91 - - [18/Sep/2016:16:55:38 -0700] "GET /self.logs/access.log.2016-07-12.gz HTTP/1.1" 200 21347 "-" "Mozilla/5.0 (compatible; Yahoo! Slurp; http://help.yahoo.com/help/us/ysearch/slurp)" 
68.180.230.91 - - [18/Sep/2016:16:55:51 -0700] "GET /self.logs/access.log.2015-09-08.gz HTTP/1.1" 200 3805 "-" "Mozilla/5.0 (compatible; Yahoo! Slurp; http://help.yahoo.com/help/us/ysearch/slurp)" 
68.180.230.91 - - [18/Sep/2016:16:56:42 -0700] "GET /self.logs/access.log.2015-12-27.gz HTTP/1.1" 200 6724 "-" "Mozilla/5.0 (compatible; Yahoo! Slurp; http://help.yahoo.com/help/us/ysearch/slurp)" 
68.180.230.91 - - [18/Sep/2016:16:56:46 -0700] "GET /self.logs/error.log.2016-06-16.gz HTTP/1.1" 200 1049 "-" "Mozilla/5.0 (compatible; Yahoo! Slurp; http://help.yahoo.com/help/us/ysearch/slurp)" 
68.180.230.91 - - [18/Sep/2016:16:56:58 -0700] "GET /self.logs/access.log.2015-10-29.gz HTTP/1.1" 200 5280 "-" "Mozilla/5.0 (compatible; Yahoo! Slurp; http://help.yahoo.com/help/us/ysearch/slurp)" 
68.180.230.91 - - [18/Sep/2016:16:57:31 -0700] "GET /self.logs/access.log.2016-09-07.gz HTTP/1.1" 200 30371 "-" "Mozilla/5.0 (compatible; Yahoo! Slurp; http://help.yahoo.com/help/us/ysearch/slurp)" 
68.180.230.91 - - [18/Sep/2016:16:57:41 -0700] "GET /self.logs/error.log.2016-05-07.gz HTTP/1.1" 200 786 "-" "Mozilla/5.0 (compatible; Yahoo! Slurp; http://help.yahoo.com/help/us/ysearch/slurp)" 
68.180.230.91 - - [18/Sep/2016:16:58:42 -0700] "GET /self.logs/access.log.2015-11-17.gz HTTP/1.1" 200 5555 "-" "Mozilla/5.0 (compatible; Yahoo! Slurp; http://help.yahoo.com/help/us/ysearch/slurp)" 
68.180.230.91 - - [18/Sep/2016:16:59:50 -0700] "GET /self.logs/error.log.2016-07-05.gz HTTP/1.1" 200 872 "-" "Mozilla/5.0 (compatible; Yahoo! Slurp; http://help.yahoo.com/help/us/ysearch/slurp)" 
68.180.230.91 - - [18/Sep/2016:17:00:54 -0700] "GET /self.logs/error.log.2015-06-21.gz HTTP/1.1" 200 2222 "-" "Mozilla/5.0 (compatible; Yahoo! Slurp; http://help.yahoo.com/help/us/ysearch/slurp)" 
68.180.230.91 - - [18/Sep/2016:17:00:58 -0700] "GET /self.logs/error.log.2015-05-30.gz HTTP/1.1" 200 534 "-" "Mozilla/5.0 (compatible; Yahoo! Slurp; http://help.yahoo.com/help/us/ysearch/slurp)" 
68.180.230.91 - - [18/Sep/2016:17:01:46 -0700] "GET /self.logs/access.log.2015-08-19.gz HTTP/1.1" 200 5076 "-" "Mozilla/5.0 (compatible; Yahoo! Slurp; http://help.yahoo.com/help/us/ysearch/slurp)" 
54.165.230.219 - - [18/Sep/2016:17:01:59 -0700] "GET / HTTP/1.1" 200 33505 "-" "Mozilla/5.0 (compatible)" 
68.180.230.91 - - [18/Sep/2016:17:02:00 -0700] "GET /self.logs/access.log.2015-12-10.gz HTTP/1.1" 200 6068 "-" "Mozilla/5.0 (compatible; Yahoo! Slurp; http://help.yahoo.com/help/us/ysearch/slurp)" 
68.180.230.91 - - [18/Sep/2016:17:02:17 -0700] "GET /self.logs/access.log.2015-06-09.gz HTTP/1.1" 200 8156 "-" "Mozilla/5.0 (compatible; Yahoo! Slurp; http://help.yahoo.com/help/us/ysearch/slurp)" 
68.180.230.91 - - [18/Sep/2016:17:03:25 -0700] "GET /self.logs/error.log.2015-02-13.gz HTTP/1.1" 200 5400 "-" "Mozilla/5.0 (compatible; Yahoo! Slurp; http://help.yahoo.com/help/us/ysearch/slurp)" 
68.180.230.91 - - [18/Sep/2016:17:03:32 -0700] "GET /self.logs/access.log.2016-08-29.gz HTTP/1.1" 200 10214 "-" "Mozilla/5.0 (compatible; Yahoo! Slurp; http://help.yahoo.com/help/us/ysearch/slurp)" 
69.164.217.210 - - [18/Sep/2016:17:05:35 -0700] "GET / HTTP/1.1" 200 33505 "-" "Mozilla/5.0 (compatible; EveryoneSocialBot/1.0; support@everyonesocial.com http://everyonesocial.com/)" 
68.180.230.91 - - [18/Sep/2016:17:05:46 -0700] "GET /self.logs/error.log.2016-01-17.gz HTTP/1.1" 200 674 "-" "Mozilla/5.0 (compatible; Yahoo! Slurp; http://help.yahoo.com/help/us/ysearch/slurp)" 
68.180.230.91 - - [18/Sep/2016:17:06:41 -0700] "GET /self.logs/access.log.2016-02-27.gz HTTP/1.1" 200 10831 "-" "Mozilla/5.0 (compatible; Yahoo! Slurp; http://help.yahoo.com/help/us/ysearch/slurp)" 
68.180.230.91 - - [18/Sep/2016:17:06:55 -0700] "GET /self.logs/error.log.2016-04-20.gz HTTP/1.1" 200 761 "-" "Mozilla/5.0 (compatible; Yahoo! Slurp; http://help.yahoo.com/help/us/ysearch/slurp)" 
121.138.74.134 - - [18/Sep/2016:17:10:19 -0700] "GET /bootstrap/img/favicon.ico HTTP/1.1" 200 590 "http://www.secrepo.com/" "Mozilla/5.0 (Windows NT 10.0; WOW64) AppleWebKit/537.36 (KHTML, like Gecko) Chrome/53.0.2785.116 Safari/537.36" 
68.180.230.91 - - [18/Sep/2016:17:11:22 -0700] "GET /self.logs/error.log.2016-06-12.gz HTTP/1.1" 200 1151 "-" "Mozilla/5.0 (compatible; Yahoo! Slurp; http://help.yahoo.com/help/us/ysearch/slurp)" 
68.180.230.91 - - [18/Sep/2016:17:15:02 -0700] "GET /self.logs/access.log.2016-06-25.gz HTTP/1.1" 200 5753 "-" "Mozilla/5.0 (compatible; Yahoo! Slurp; http://help.yahoo.com/help/us/ysearch/slurp)" 
68.180.230.91 - - [18/Sep/2016:17:15:59 -0700] "GET /self.logs/access.log.2016-04-10.gz HTTP/1.1" 200 8357 "-" "Mozilla/5.0 (compatible; Yahoo! Slurp; http://help.yahoo.com/help/us/ysearch/slurp)" 
68.180.230.91 - - [18/Sep/2016:17:22:14 -0700] "GET /self.logs/error.log.2016-07-11.gz HTTP/1.1" 200 725 "-" "Mozilla/5.0 (compatible; Yahoo! Slurp; http://help.yahoo.com/help/us/ysearch/slurp)" 
68.180.230.91 - - [18/Sep/2016:17:23:59 -0700] "GET /self.logs/access.log.2016-05-18.gz HTTP/1.1" 200 9941 "-" "Mozilla/5.0 (compatible; Yahoo! Slurp; http://help.yahoo.com/help/us/ysearch/slurp)" 
68.180.230.91 - - [18/Sep/2016:17:25:41 -0700] "GET /self.logs/error.log.2016-02-04.gz HTTP/1.1" 200 852 "-" "Mozilla/5.0 (compatible; Yahoo! Slurp; http://help.yahoo.com/help/us/ysearch/slurp)" 
68.180.230.91 - - [18/Sep/2016:17:28:35 -0700] "GET /self.logs/access.log.2015-07-19.gz HTTP/1.1" 200 4207 "-" "Mozilla/5.0 (compatible; Yahoo! Slurp; http://help.yahoo.com/help/us/ysearch/slurp)" 
180.76.15.6 - - [18/Sep/2016:17:30:56 -0700] "GET / HTTP/1.1" 304 152 "-" "Mozilla/5.0 (compatible; Baiduspider/2.0; +http://www.baidu.com/search/spider.html)" 
68.180.230.91 - - [18/Sep/2016:17:32:07 -0700] "GET /self.logs/access.log.2015-07-26.gz HTTP/1.1" 200 3445 "-" "Mozilla/5.0 (compatible; Yahoo! Slurp; http://help.yahoo.com/help/us/ysearch/slurp)" 
91.228.167.109 - - [18/Sep/2016:17:33:12 -0700] "GET / HTTP/1.0" 200 33494 "https://socialmediascanner.eset.com" "Mozilla/5.0 (Windows NT 6.1) AppleWebKit/537.36 (KHTML, like Gecko) Chrome/31.0.1650.16 Safari/537.36" 
68.180.230.91 - - [18/Sep/2016:17:39:04 -0700] "GET /self.logs/access.log.2015-04-28.gz HTTP/1.1" 304 133 "-" "Mozilla/5.0 (compatible; Yahoo! Slurp; http://help.yahoo.com/help/us/ysearch/slurp)" 
68.180.230.91 - - [18/Sep/2016:17:41:32 -0700] "GET /self.logs/error.log.2016-08-29.gz HTTP/1.1" 200 905 "-" "Mozilla/5.0 (compatible; Yahoo! Slurp; http://help.yahoo.com/help/us/ysearch/slurp)" 
220.181.51.109 - - [18/Sep/2016:17:44:53 -0700] "GET /robots.txt HTTP/1.1" 301 465 "-" "Mozilla/5.0 (Windows NT 10.0; WOW64) AppleWebKit/537.36 (KHTML, like Gecko) Chrome/45.0.2454.93 Safari/537.36" 
220.181.51.74 - - [18/Sep/2016:17:44:57 -0700] "GET /robots.txt HTTP/1.1" 200 297 "-" "Mozilla/5.0 (Windows NT 10.0; WOW64) AppleWebKit/537.36 (KHTML, like Gecko) Chrome/45.0.2454.93 Safari/537.36" 
220.181.51.82 - - [18/Sep/2016:17:45:00 -0700] "GET /robots.txt HTTP/1.1" 200 297 "-" "Mozilla/5.0 (Windows NT 10.0; WOW64) AppleWebKit/537.36 (KHTML, like Gecko) Chrome/45.0.2454.93 Safari/537.36" 
40.77.167.18 - - [18/Sep/2016:17:51:35 -0700] "GET /self.logs/access.log.2015-02-17.gz HTTP/1.1" 200 11275 "-" "Mozilla/5.0 (compatible; bingbot/2.0; +http://www.bing.com/bingbot.htm)" 
40.77.167.18 - - [18/Sep/2016:17:51:35 -0700] "GET /self.logs/ HTTP/1.1" 200 12616 "-" "Mozilla/5.0 (compatible; bingbot/2.0; +http://www.bing.com/bingbot.htm)" 
40.77.167.18 - - [18/Sep/2016:17:51:35 -0700] "GET /maccdc2012/maccdc2012_fast_alert.7z HTTP/1.1" 200 840933 "-" "Mozilla/5.0 (compatible; bingbot/2.0; +http://www.bing.com/bingbot.htm)" 
40.77.167.18 - - [18/Sep/2016:17:51:37 -0700] "GET /scada/scada_logs.zip HTTP/1.1" 200 364901 "-" "Mozilla/5.0 (compatible; bingbot/2.0; +http://www.bing.com/bingbot.htm)" 
40.77.167.18 - - [18/Sep/2016:17:51:37 -0700] "GET /tg/tg_snort_full.7z HTTP/1.1" 200 898860 "-" "Mozilla/5.0 (compatible; bingbot/2.0; +http://www.bing.com/bingbot.htm)" 
40.77.167.18 - - [18/Sep/2016:17:51:37 -0700] "GET /tg/b.zip HTTP/1.1" 200 859100 "-" "Mozilla/5.0 (compatible; bingbot/2.0; +http://www.bing.com/bingbot.htm)" 
40.77.167.18 - - [18/Sep/2016:17:51:37 -0700] "GET /self.logs/?C=S;O=A HTTP/1.1" 200 14130 "-" "Mozilla/5.0 (compatible; bingbot/2.0; +http://www.bing.com/bingbot.htm)" 
40.77.167.18 - - [18/Sep/2016:17:51:37 -0700] "GET /self.logs/access.log.2015-02-19.gz HTTP/1.1" 200 12947 "-" "Mozilla/5.0 (compatible; bingbot/2.0; +http://www.bing.com/bingbot.htm)" 
157.55.39.193 - - [18/Sep/2016:17:51:43 -0700] "GET /Security-Data-Analysis/Lab_1/conn.log.zip HTTP/1.1" 200 972628 "-" "Mozilla/5.0 (compatible; bingbot/2.0; +http://www.bing.com/bingbot.htm)" 
157.55.39.193 - - [18/Sep/2016:17:51:46 -0700] "GET /self.logs/?C=D;O=A HTTP/1.1" 200 12617 "-" "Mozilla/5.0 (compatible; bingbot/2.0; +http://www.bing.com/bingbot.htm)" 
157.55.39.193 - - [18/Sep/2016:17:51:46 -0700] "GET /tg/tg_snort_fast.7z HTTP/1.1" 200 908800 "-" "Mozilla/5.0 (compatible; bingbot/2.0; +http://www.bing.com/bingbot.htm)" 
157.55.39.193 - - [18/Sep/2016:17:51:48 -0700] "GET /maccdc2012/maccdc2012_full_alert.7z HTTP/1.1" 200 854840 "-" "Mozilla/5.0 (compatible; bingbot/2.0; +http://www.bing.com/bingbot.htm)" 
157.55.39.193 - - [18/Sep/2016:17:51:49 -0700] "GET /self.logs/access.log.2015-02-16.gz HTTP/1.1" 200 20488 "-" "Mozilla/5.0 (compatible; bingbot/2.0; +http://www.bing.com/bingbot.htm)" 
157.55.39.193 - - [18/Sep/2016:17:51:49 -0700] "GET /self.logs/access.log.2015-02-18.gz HTTP/1.1" 200 8878 "-" "Mozilla/5.0 (compatible; bingbot/2.0; +http://www.bing.com/bingbot.htm)" 
68.180.230.91 - - [18/Sep/2016:17:52:15 -0700] "GET /self.logs/error.log.2016-02-25.gz HTTP/1.1" 200 783 "-" "Mozilla/5.0 (compatible; Yahoo! Slurp; http://help.yahoo.com/help/us/ysearch/slurp)" 
68.180.230.91 - - [18/Sep/2016:18:03:55 -0700] "GET /self.logs/access.log.2016-09-13.gz HTTP/1.1" 200 12111 "-" "Mozilla/5.0 (compatible; Yahoo! Slurp; http://help.yahoo.com/help/us/ysearch/slurp)" 
40.77.167.80 - - [18/Sep/2016:18:09:59 -0700] "GET /robots.txt HTTP/1.1" 200 289 "-" "Mozilla/5.0 (compatible; bingbot/2.0; +http://www.bing.com/bingbot.htm)" 
40.77.167.18 - - [18/Sep/2016:18:31:30 -0700] "GET /honeypot/BSidesDFW%20-%202014.ipynb HTTP/1.1" 200 930836 "-" "Mozilla/5.0 (iPhone; CPU iPhone OS 7_0 like Mac OS X) AppleWebKit/537.51.1 (KHTML, like Gecko) Version/7.0 Mobile/11A465 Safari/9537.53 (compatible; bingbot/2.0; +http://www.bing.com/bingbot.htm)" 
157.55.39.193 - - [18/Sep/2016:18:31:48 -0700] "GET /robots.txt HTTP/1.1" 200 334 "-" "Mozilla/5.0 (compatible; bingbot/2.0; +http://www.bing.com/bingbot.htm)" 
68.180.230.91 - - [18/Sep/2016:18:31:50 -0700] "GET /self.logs/access.log.2015-03-26.gz HTTP/1.1" 200 4039 "-" "Mozilla/5.0 (compatible; Yahoo! Slurp; http://help.yahoo.com/help/us/ysearch/slurp)" 
163.152.219.62 - - [18/Sep/2016:18:34:38 -0700] "GET / HTTP/1.1" 200 10046 "https://www.researchgate.net/post/Where_can_I_get_ISCX_2012_Intrusion_Detection_Dataset" "Mozilla/5.0 (Windows NT 10.0; Win64; x64) AppleWebKit/537.36 (KHTML, like Gecko) Chrome/51.0.2704.79 Safari/537.36 Edge/14.14393" 
163.152.219.62 - - [18/Sep/2016:18:34:38 -0700] "GET /GitHub-Mark.png HTTP/1.1" 200 7427 "http://www.secrepo.com/" "Mozilla/5.0 (Windows NT 10.0; Win64; x64) AppleWebKit/537.36 (KHTML, like Gecko) Chrome/51.0.2704.79 Safari/537.36 Edge/14.14393" 
163.152.219.62 - - [18/Sep/2016:18:34:38 -0700] "GET /twitter-icon.png HTTP/1.1" 200 27788 "http://www.secrepo.com/" "Mozilla/5.0 (Windows NT 10.0; Win64; x64) AppleWebKit/537.36 (KHTML, like Gecko) Chrome/51.0.2704.79 Safari/537.36 Edge/14.14393" 
163.152.219.62 - - [18/Sep/2016:18:34:39 -0700] "GET /bootstrap/img/favicon.ico HTTP/1.1" 200 590 "-" "Mozilla/5.0 (Windows NT 10.0; Win64; x64) AppleWebKit/537.36 (KHTML, like Gecko) Chrome/51.0.2704.79 Safari/537.36 Edge/14.14393" 
163.152.219.62 - - [18/Sep/2016:18:35:24 -0700] "GET /maccdc2012/ftp.log.gz HTTP/1.1" 200 128116 "http://www.secrepo.com/" "Mozilla/5.0 (Windows NT 10.0; Win64; x64) AppleWebKit/537.36 (KHTML, like Gecko) Chrome/51.0.2704.79 Safari/537.36 Edge/14.14393" 
68.180.230.91 - - [18/Sep/2016:18:41:44 -0700] "GET /self.logs/error.log.2015-07-26.gz HTTP/1.1" 200 671 "-" "Mozilla/5.0 (compatible; Yahoo! Slurp; http://help.yahoo.com/help/us/ysearch/slurp)" 
163.152.219.62 - - [18/Sep/2016:18:43:13 -0700] "GET /maccdc2012/http.log.gz HTTP/1.1" 200 54258816 "http://www.secrepo.com/" "Mozilla/5.0 (Windows NT 10.0; Win64; x64) AppleWebKit/537.36 (KHTML, like Gecko) Chrome/51.0.2704.79 Safari/537.36 Edge/14.14393" 
68.180.230.91 - - [18/Sep/2016:18:45:58 -0700] "GET /self.logs/access.log.2015-11-16.gz HTTP/1.1" 200 5746 "-" "Mozilla/5.0 (compatible; Yahoo! Slurp; http://help.yahoo.com/help/us/ysearch/slurp)" 
68.180.230.91 - - [18/Sep/2016:18:47:15 -0700] "GET /self.logs/access.log.2015-06-15.gz HTTP/1.1" 200 7930 "-" "Mozilla/5.0 (compatible; Yahoo! Slurp; http://help.yahoo.com/help/us/ysearch/slurp)" 
68.180.230.91 - - [18/Sep/2016:18:52:09 -0700] "GET /self.logs/error.log.2015-10-31.gz HTTP/1.1" 200 957 "-" "Mozilla/5.0 (compatible; Yahoo! Slurp; http://help.yahoo.com/help/us/ysearch/slurp)" 
117.190.191.170 - - [18/Sep/2016:19:05:57 -0700] "GET /tg/a.zip HTTP/1.1" 304 132 "-" "Mozilla/5.0 Gecko/20100115 Firefox/3.6" 
111.7.128.40 - - [18/Sep/2016:19:21:48 -0700] "GET /tg/a.zip HTTP/1.1" 304 132 "-" "Mozilla/5.0 Gecko/20100115 Firefox/3.6" 
91.228.167.109 - - [18/Sep/2016:19:21:51 -0700] "GET / HTTP/1.0" 200 33494 "https://socialmediascanner.eset.com" "Mozilla/5.0 (Windows NT 6.1) AppleWebKit/537.36 (KHTML, like Gecko) Chrome/31.0.1650.16 Safari/537.36" 
68.180.230.91 - - [18/Sep/2016:19:32:46 -0700] "GET /self.logs/error.log.2016-06-28.gz HTTP/1.1" 200 1022 "-" "Mozilla/5.0 (compatible; Yahoo! Slurp; http://help.yahoo.com/help/us/ysearch/slurp)" 
66.249.64.123 - - [18/Sep/2016:19:34:30 -0700] "GET /robots.txt HTTP/1.1" 200 334 "-" "Mozilla/5.0 (compatible; Googlebot/2.1; +http://www.google.com/bot.html)" 
66.249.64.127 - - [18/Sep/2016:19:34:30 -0700] "GET / HTTP/1.1" 200 10046 "-" "Mozilla/5.0 (compatible; Googlebot/2.1; +http://www.google.com/bot.html)" 
68.180.230.91 - - [18/Sep/2016:20:04:50 -0700] "GET /self.logs/access.log.2016-04-02.gz HTTP/1.1" 200 19966 "-" "Mozilla/5.0 (compatible; Yahoo! Slurp; http://help.yahoo.com/help/us/ysearch/slurp)" 
115.113.153.34 - - [18/Sep/2016:20:15:30 -0700] "GET / HTTP/1.1" 304 189 "https://www.google.co.in/" "Mozilla/5.0 (Windows NT 10.0; WOW64) AppleWebKit/537.36 (KHTML, like Gecko) Chrome/53.0.2785.116 Safari/537.36" 
115.113.153.34 - - [18/Sep/2016:20:15:32 -0700] "GET /bootstrap/img/favicon.ico HTTP/1.1" 200 590 "http://www.secrepo.com/" "Mozilla/5.0 (Windows NT 10.0; WOW64) AppleWebKit/537.36 (KHTML, like Gecko) Chrome/53.0.2785.116 Safari/537.36" 
68.180.230.91 - - [18/Sep/2016:20:17:35 -0700] "GET /self.logs/access.log.2016-08-25.gz HTTP/1.1" 200 6200 "-" "Mozilla/5.0 (compatible; Yahoo! Slurp; http://help.yahoo.com/help/us/ysearch/slurp)" 
62.210.181.15 - - [18/Sep/2016:20:22:06 -0700] "HEAD / HTTP/1.1" 200 295 "-" "Mozilla/5.0" 
201.86.243.27 - - [18/Sep/2016:20:36:05 -0700] "GET / HTTP/1.1" 200 10046 "-" "Mozilla/5.0 (Windows NT 10.0; WOW64) AppleWebKit/537.36 (KHTML, like Gecko) Chrome/53.0.2785.116 Safari/537.36" 
201.86.243.27 - - [18/Sep/2016:20:36:06 -0700] "GET /twitter-icon.png HTTP/1.1" 200 27787 "http://www.secrepo.com/" "Mozilla/5.0 (Windows NT 10.0; WOW64) AppleWebKit/537.36 (KHTML, like Gecko) Chrome/53.0.2785.116 Safari/537.36" 
201.86.243.27 - - [18/Sep/2016:20:36:06 -0700] "GET /GitHub-Mark.png HTTP/1.1" 200 7428 "http://www.secrepo.com/" "Mozilla/5.0 (Windows NT 10.0; WOW64) AppleWebKit/537.36 (KHTML, like Gecko) Chrome/53.0.2785.116 Safari/537.36" 
201.86.243.27 - - [18/Sep/2016:20:36:07 -0700] "GET /bootstrap/img/favicon.ico HTTP/1.1" 200 589 "http://www.secrepo.com/" "Mozilla/5.0 (Windows NT 10.0; WOW64) AppleWebKit/537.36 (KHTML, like Gecko) Chrome/53.0.2785.116 Safari/537.36" 
68.180.230.91 - - [18/Sep/2016:20:49:51 -0700] "GET /self.logs/error.log.2016-04-14.gz HTTP/1.1" 200 777 "-" "Mozilla/5.0 (compatible; Yahoo! Slurp; http://help.yahoo.com/help/us/ysearch/slurp)" 
216.244.66.230 - - [18/Sep/2016:20:54:16 -0700] "GET /robots.txt HTTP/1.1" 200 233 "-" "Mozilla/5.0 (compatible; DotBot/1.1; http://www.opensiteexplorer.org/dotbot, help@moz.com)" 
216.244.66.230 - - [18/Sep/2016:20:54:17 -0700] "GET /robots.txt HTTP/1.1" 200 233 "-" "Mozilla/5.0 (compatible; DotBot/1.1; http://www.opensiteexplorer.org/dotbot, help@moz.com)" 
50.250.223.94 - - [18/Sep/2016:20:54:26 -0700] "GET /self.logs/ HTTP/1.1" 200 12617 "http://www.secrepo.com/" "Mozilla/5.0 (Macintosh; Intel Mac OS X 10_11_6) AppleWebKit/537.36 (KHTML, like Gecko) Chrome/53.0.2785.116 Safari/537.36" 
50.250.223.94 - - [18/Sep/2016:20:54:27 -0700] "GET /favicon.ico HTTP/1.1" 200 267 "http://www.secrepo.com/self.logs/" "Mozilla/5.0 (Macintosh; Intel Mac OS X 10_11_6) AppleWebKit/537.36 (KHTML, like Gecko) Chrome/53.0.2785.116 Safari/537.36" 
50.250.223.94 - - [18/Sep/2016:20:54:29 -0700] "GET /twitter-icon.png HTTP/1.1" 200 27787 "http://www.secrepo.com/" "Mozilla/5.0 (Macintosh; Intel Mac OS X 10_11_6) AppleWebKit/537.36 (KHTML, like Gecko) Chrome/53.0.2785.116 Safari/537.36" 
50.250.223.94 - - [18/Sep/2016:20:54:29 -0700] "GET /GitHub-Mark.png HTTP/1.1" 200 7428 "http://www.secrepo.com/" "Mozilla/5.0 (Macintosh; Intel Mac OS X 10_11_6) AppleWebKit/537.36 (KHTML, like Gecko) Chrome/53.0.2785.116 Safari/537.36" 
68.180.230.91 - - [18/Sep/2016:21:12:05 -0700] "GET /self.logs/access.log.2015-05-03.gz HTTP/1.1" 200 3092 "-" "Mozilla/5.0 (compatible; Yahoo! Slurp; http://help.yahoo.com/help/us/ysearch/slurp)" 
68.180.230.91 - - [18/Sep/2016:21:14:38 -0700] "GET /self.logs/error.log.2016-02-29.gz HTTP/1.1" 200 621 "-" "Mozilla/5.0 (compatible; Yahoo! Slurp; http://help.yahoo.com/help/us/ysearch/slurp)" 
71.87.142.219 - - [18/Sep/2016:21:17:35 -0700] "GET / HTTP/1.1" 200 10046 "https://www.google.com/" "Mozilla/5.0 (iPhone; CPU iPhone OS 9_1 like Mac OS X) AppleWebKit/601.1.46 (KHTML, like Gecko) Version/9.0 Mobile/13B143 Safari/601.1" 
71.87.142.219 - - [18/Sep/2016:21:17:35 -0700] "GET /twitter-icon.png HTTP/1.1" 200 27787 "http://www.secrepo.com/" "Mozilla/5.0 (iPhone; CPU iPhone OS 9_1 like Mac OS X) AppleWebKit/601.1.46 (KHTML, like Gecko) Version/9.0 Mobile/13B143 Safari/601.1" 
71.87.142.219 - - [18/Sep/2016:21:17:35 -0700] "GET /GitHub-Mark.png HTTP/1.1" 200 7428 "http://www.secrepo.com/" "Mozilla/5.0 (iPhone; CPU iPhone OS 9_1 like Mac OS X) AppleWebKit/601.1.46 (KHTML, like Gecko) Version/9.0 Mobile/13B143 Safari/601.1" 
68.180.230.91 - - [18/Sep/2016:21:25:45 -0700] "GET /self.logs/access.log.2016-04-07.gz HTTP/1.1" 200 8170 "-" "Mozilla/5.0 (compatible; Yahoo! Slurp; http://help.yahoo.com/help/us/ysearch/slurp)" 
68.180.230.91 - - [18/Sep/2016:21:27:25 -0700] "GET /self.logs/error.log.2016-07-18.gz HTTP/1.1" 200 749 "-" "Mozilla/5.0 (compatible; Yahoo! Slurp; http://help.yahoo.com/help/us/ysearch/slurp)" 
172.99.112.52 - - [18/Sep/2016:21:31:19 -0700] "GET / HTTP/1.1" 200 33494 "-" "Firefox" 
172.99.112.52 - - [18/Sep/2016:21:31:46 -0700] "GET / HTTP/1.1" 200 33494 "-" "Firefox" 
172.99.112.52 - - [18/Sep/2016:21:31:50 -0700] "GET / HTTP/1.1" 200 33494 "-" "Firefox" 
68.180.230.91 - - [18/Sep/2016:21:34:14 -0700] "GET /self.logs/error.log.2015-03-27.gz HTTP/1.1" 200 871 "-" "Mozilla/5.0 (compatible; Yahoo! Slurp; http://help.yahoo.com/help/us/ysearch/slurp)" 
164.132.161.15 - - [18/Sep/2016:21:34:43 -0700] "GET /self.logs/error.log.2016-05-18.gz HTTP/1.1" 200 645 "-" "Mozilla/5.0 (compatible; AhrefsBot/5.1; +http://ahrefs.com/robot/)" 
68.180.230.91 - - [18/Sep/2016:21:44:02 -0700] "GET /self.logs/access.log.2016-04-22.gz HTTP/1.1" 200 7978 "-" "Mozilla/5.0 (compatible; Yahoo! Slurp; http://help.yahoo.com/help/us/ysearch/slurp)" 
91.228.167.109 - - [18/Sep/2016:21:53:27 -0700] "GET / HTTP/1.0" 200 33494 "https://socialmediascanner.eset.com" "Mozilla/5.0 (Windows NT 6.1) AppleWebKit/537.36 (KHTML, like Gecko) Chrome/31.0.1650.16 Safari/537.36" 
66.249.64.127 - - [18/Sep/2016:21:55:10 -0700] "GET / HTTP/1.1" 200 10046 "-" "Mozilla/5.0 (Linux; Android 6.0.1; Nexus 5X Build/MMB29P) AppleWebKit/537.36 (KHTML, like Gecko) Chrome/41.0.2272.96 Mobile Safari/537.36 (compatible; Googlebot/2.1; +http://www.google.com/bot.html)" 
220.181.51.110 - - [18/Sep/2016:21:56:43 -0700] "GET /robots.txt HTTP/1.1" 200 297 "-" "Mozilla/5.0 (Windows NT 10.0; WOW64) AppleWebKit/537.36 (KHTML, like Gecko) Chrome/45.0.2454.93 Safari/537.36" 
68.180.230.91 - - [18/Sep/2016:21:57:15 -0700] "GET /self.logs/error.log.2016-04-15.gz HTTP/1.1" 200 554 "-" "Mozilla/5.0 (compatible; Yahoo! Slurp; http://help.yahoo.com/help/us/ysearch/slurp)" 
68.180.230.91 - - [18/Sep/2016:22:03:55 -0700] "GET /self.logs/error.log.2016-04-19.gz HTTP/1.1" 200 986 "-" "Mozilla/5.0 (compatible; Yahoo! Slurp; http://help.yahoo.com/help/us/ysearch/slurp)" 
