207.46.13.109 - - [24/Jul/2017:22:35:06 -0700] "GET /self.logs/access.log.2017-04-15.gz HTTP/1.1" 200 13768 "-" "Mozilla/5.0 (compatible; bingbot/2.0; +http://www.bing.com/bingbot.htm)" 
207.46.13.109 - - [24/Jul/2017:22:35:16 -0700] "GET /self.logs/access.log.2016-03-12.gz HTTP/1.1" 200 12108 "-" "Mozilla/5.0 (compatible; bingbot/2.0; +http://www.bing.com/bingbot.htm)" 
157.55.39.194 - - [24/Jul/2017:22:36:14 -0700] "GET /self.logs/access.log.2015-08-29.gz HTTP/1.1" 200 6850 "-" "Mozilla/5.0 (compatible; bingbot/2.0; +http://www.bing.com/bingbot.htm)" 
157.55.39.217 - - [24/Jul/2017:22:36:46 -0700] "GET /self.logs/access.log.2017-05-29.gz HTTP/1.1" 200 43619 "-" "Mozilla/5.0 (compatible; bingbot/2.0; +http://www.bing.com/bingbot.htm)" 
157.55.39.217 - - [24/Jul/2017:22:36:46 -0700] "GET /self.logs/access.log.2016-04-11.gz HTTP/1.1" 200 8814 "-" "Mozilla/5.0 (compatible; bingbot/2.0; +http://www.bing.com/bingbot.htm)" 
157.55.39.217 - - [24/Jul/2017:22:36:46 -0700] "GET /self.logs/access.log.2016-09-12.gz HTTP/1.1" 200 12349 "-" "Mozilla/5.0 (compatible; bingbot/2.0; +http://www.bing.com/bingbot.htm)" 
207.46.13.109 - - [24/Jul/2017:22:36:56 -0700] "GET /self.logs/access.log.2017-03-07.gz HTTP/1.1" 200 21661 "-" "Mozilla/5.0 (compatible; bingbot/2.0; +http://www.bing.com/bingbot.htm)" 
207.46.13.109 - - [24/Jul/2017:22:38:22 -0700] "GET /self.logs/access.log.2015-04-17.gz HTTP/1.1" 200 6217 "-" "Mozilla/5.0 (compatible; bingbot/2.0; +http://www.bing.com/bingbot.htm)" 
52.168.161.70 - - [24/Jul/2017:22:38:57 -0700] "HEAD / HTTP/1.1" 200 282 "https://www.google.com/" "Mozilla/5.0 (compatible; epicbot; +http://www.epictions.com/epicbot)" 
52.168.161.70 - - [24/Jul/2017:22:39:02 -0700] "HEAD / HTTP/1.1" 200 282 "https://www.google.com/" "Mozilla/5.0 (compatible; epicbot; +http://www.epictions.com/epicbot)" 
52.168.161.70 - - [24/Jul/2017:22:39:02 -0700] "HEAD / HTTP/1.1" 200 282 "https://www.google.com/" "Mozilla/5.0 (compatible; epicbot; +http://www.epictions.com/epicbot)" 
157.55.39.146 - - [24/Jul/2017:22:39:14 -0700] "GET /self.logs/access.log.2015-03-31.gz HTTP/1.1" 200 4085 "-" "Mozilla/5.0 (compatible; bingbot/2.0; +http://www.bing.com/bingbot.htm)" 
157.55.39.194 - - [24/Jul/2017:22:41:03 -0700] "GET /self.logs/access.log.2017-03-22.gz HTTP/1.1" 200 25031 "-" "Mozilla/5.0 (compatible; bingbot/2.0; +http://www.bing.com/bingbot.htm)" 
51.255.65.28 - - [24/Jul/2017:22:41:08 -0700] "GET /self.logs/access.log.2015-09-22.gz HTTP/1.1" 200 5013 "-" "Mozilla/5.0 (compatible; AhrefsBot/5.2; +http://ahrefs.com/robot/)" 
113.200.157.42 - - [24/Jul/2017:22:42:45 -0700] "GET / HTTP/1.1" 304 189 "http://link.zhihu.com/?target=http%3A//www.secrepo.com/" "Mozilla/5.0 (Windows NT 6.1; WOW64; rv:54.0) Gecko/20100101 Firefox/54.0" 
113.200.157.42 - - [24/Jul/2017:22:42:51 -0700] "GET /twitter-icon.png HTTP/1.1" 200 27788 "http://www.secrepo.com/" "Mozilla/5.0 (Windows NT 6.1; WOW64; rv:54.0) Gecko/20100101 Firefox/54.0" 
113.200.157.42 - - [24/Jul/2017:22:42:51 -0700] "GET /bootstrap/img/favicon.ico HTTP/1.1" 200 590 "-" "Mozilla/5.0 (Windows NT 6.1; WOW64; rv:54.0) Gecko/20100101 Firefox/54.0" 
157.55.39.217 - - [24/Jul/2017:22:43:27 -0700] "GET /self.logs/access.log.2015-04-01.gz HTTP/1.1" 200 4863 "-" "Mozilla/5.0 (compatible; bingbot/2.0; +http://www.bing.com/bingbot.htm)" 
157.55.39.217 - - [24/Jul/2017:22:43:27 -0700] "GET /self.logs/access.log.2015-07-10.gz HTTP/1.1" 200 4005 "-" "Mozilla/5.0 (compatible; bingbot/2.0; +http://www.bing.com/bingbot.htm)" 
107.21.1.8 - - [24/Jul/2017:22:43:38 -0700] "GET / HTTP/1.1" 200 10794 "http://www.secrepo.com/" "Mozilla/5.0 (compatible; DuckDuckGo-Favicons-Bot/1.0; +http://duckduckgo.com)" 
107.21.1.8 - - [24/Jul/2017:22:43:38 -0700] "GET /bootstrap/img/favicon.ico HTTP/1.1" 200 589 "http://www.secrepo.com/bootstrap/img/favicon.ico" "Mozilla/5.0 (compatible; DuckDuckGo-Favicons-Bot/1.0; +http://duckduckgo.com)" 
113.200.157.42 - - [24/Jul/2017:22:44:06 -0700] "GET /GitHub-Mark.png HTTP/1.1" 200 7428 "http://www.secrepo.com/" "Mozilla/5.0 (Windows NT 6.1; WOW64; rv:54.0) Gecko/20100101 Firefox/54.0" 
157.55.39.146 - - [24/Jul/2017:22:44:13 -0700] "GET /self.logs/access.log.2015-06-02.gz HTTP/1.1" 200 3797 "-" "Mozilla/5.0 (compatible; bingbot/2.0; +http://www.bing.com/bingbot.htm)" 
157.55.39.146 - - [24/Jul/2017:22:44:43 -0700] "GET /self.logs/access.log.2017-03-08.gz HTTP/1.1" 200 18042 "-" "Mozilla/5.0 (compatible; bingbot/2.0; +http://www.bing.com/bingbot.htm)" 
157.55.39.146 - - [24/Jul/2017:22:45:48 -0700] "GET /self.logs/access.log.2017-01-15.gz HTTP/1.1" 200 13713 "-" "Mozilla/5.0 (compatible; bingbot/2.0; +http://www.bing.com/bingbot.htm)" 
222.204.248.73 - - [24/Jul/2017:22:47:23 -0700] "GET /favicon.ico HTTP/1.1" 200 212 "-" "Mozilla/4.0 (compatible; MSIE 7.0; Windows NT 5.1; Trident/4.0; .NET CLR 2.0.50727; 360space)" 
157.55.39.194 - - [24/Jul/2017:22:49:27 -0700] "GET /self.logs/access.log.2017-04-23.gz HTTP/1.1" 200 14846 "-" "Mozilla/5.0 (compatible; bingbot/2.0; +http://www.bing.com/bingbot.htm)" 
157.55.39.194 - - [24/Jul/2017:22:49:28 -0700] "GET /self.logs/access.log.2016-02-26.gz HTTP/1.1" 200 13351 "-" "Mozilla/5.0 (compatible; bingbot/2.0; +http://www.bing.com/bingbot.htm)" 
157.55.39.146 - - [24/Jul/2017:22:50:01 -0700] "GET /self.logs/access.log.2017-03-29.gz HTTP/1.1" 200 15473 "-" "Mozilla/5.0 (compatible; bingbot/2.0; +http://www.bing.com/bingbot.htm)" 
157.55.39.217 - - [24/Jul/2017:22:51:14 -0700] "GET /self.logs/access.log.2015-05-10.gz HTTP/1.1" 200 4200 "-" "Mozilla/5.0 (compatible; bingbot/2.0; +http://www.bing.com/bingbot.htm)" 
52.168.161.70 - - [24/Jul/2017:22:51:22 -0700] "HEAD / HTTP/1.1" 200 282 "https://www.google.com/" "Mozilla/5.0 (compatible; epicbot; +http://www.epictions.com/epicbot)" 
52.168.161.70 - - [24/Jul/2017:22:51:27 -0700] "HEAD / HTTP/1.1" 200 282 "https://www.google.com/" "Mozilla/5.0 (compatible; epicbot; +http://www.epictions.com/epicbot)" 
52.168.161.70 - - [24/Jul/2017:22:51:27 -0700] "HEAD / HTTP/1.1" 200 282 "https://www.google.com/" "Mozilla/5.0 (compatible; epicbot; +http://www.epictions.com/epicbot)" 
157.55.39.217 - - [24/Jul/2017:22:51:46 -0700] "GET /self.logs/access.log.2017-06-17.gz HTTP/1.1" 200 35728 "-" "Mozilla/5.0 (compatible; bingbot/2.0; +http://www.bing.com/bingbot.htm)" 
157.55.39.194 - - [24/Jul/2017:22:51:50 -0700] "GET /self.logs/access.log.2015-06-13.gz HTTP/1.1" 200 3615 "-" "Mozilla/5.0 (compatible; bingbot/2.0; +http://www.bing.com/bingbot.htm)" 
157.55.39.146 - - [24/Jul/2017:22:51:56 -0700] "GET /self.logs/access.log.2016-04-20.gz HTTP/1.1" 200 9388 "-" "Mozilla/5.0 (compatible; bingbot/2.0; +http://www.bing.com/bingbot.htm)" 
138.204.242.216 - - [24/Jul/2017:22:53:20 -0700] "GET /wp-login.php HTTP/1.1" 404 295 "-" "Mozilla/5.0 (Windows NT 6.1; WOW64; rv:40.0) Gecko/20100101 Firefox/40.1" 
138.204.242.216 - - [24/Jul/2017:22:53:28 -0700] "GET /wp-login.php HTTP/1.1" 404 295 "-" "Mozilla/5.0 (Windows NT 6.1; WOW64; rv:40.0) Gecko/20100101 Firefox/40.1" 
138.204.242.216 - - [24/Jul/2017:22:53:33 -0700] "GET / HTTP/1.1" 200 36476 "-" "Mozilla/5.0 (Windows NT 6.1; WOW64; rv:40.0) Gecko/20100101 Firefox/40.1" 
207.46.13.109 - - [24/Jul/2017:22:58:35 -0700] "GET /self.logs/access.log.2016-04-07.gz HTTP/1.1" 200 8226 "-" "Mozilla/5.0 (compatible; bingbot/2.0; +http://www.bing.com/bingbot.htm)" 
207.46.13.109 - - [24/Jul/2017:22:59:31 -0700] "GET /self.logs/access.log.2016-10-30.gz HTTP/1.1" 200 12647 "-" "Mozilla/5.0 (compatible; bingbot/2.0; +http://www.bing.com/bingbot.htm)" 
157.55.39.146 - - [24/Jul/2017:22:59:36 -0700] "GET /self.logs/access.log.2016-04-27.gz HTTP/1.1" 200 9949 "-" "Mozilla/5.0 (compatible; bingbot/2.0; +http://www.bing.com/bingbot.htm)" 
39.43.205.210 - - [24/Jul/2017:23:01:47 -0700] "GET /wp-login.php HTTP/1.1" 404 295 "-" "Mozilla/5.0 (Windows NT 6.1; WOW64; rv:40.0) Gecko/20100101 Firefox/40.1" 
39.43.205.210 - - [24/Jul/2017:23:01:53 -0700] "GET /wp-login.php HTTP/1.1" 404 295 "-" "Mozilla/5.0 (Windows NT 6.1; WOW64; rv:40.0) Gecko/20100101 Firefox/40.1" 
39.43.205.210 - - [24/Jul/2017:23:01:58 -0700] "GET / HTTP/1.1" 200 36476 "-" "Mozilla/5.0 (Windows NT 6.1; WOW64; rv:40.0) Gecko/20100101 Firefox/40.1" 
157.55.39.146 - - [24/Jul/2017:23:03:36 -0700] "GET /self.logs/access.log.2015-09-27.gz HTTP/1.1" 200 4837 "-" "Mozilla/5.0 (compatible; bingbot/2.0; +http://www.bing.com/bingbot.htm)" 
157.55.39.217 - - [24/Jul/2017:23:04:48 -0700] "GET /self.logs/access.log.2016-01-25.gz HTTP/1.1" 200 6677 "-" "Mozilla/5.0 (compatible; bingbot/2.0; +http://www.bing.com/bingbot.htm)" 
157.55.39.146 - - [24/Jul/2017:23:06:16 -0700] "GET /self.logs/access.log.2015-05-09.gz HTTP/1.1" 200 2856 "-" "Mozilla/5.0 (compatible; bingbot/2.0; +http://www.bing.com/bingbot.htm)" 
157.55.39.194 - - [24/Jul/2017:23:06:20 -0700] "GET /self.logs/access.log.2015-08-12.gz HTTP/1.1" 200 6207 "-" "Mozilla/5.0 (compatible; bingbot/2.0; +http://www.bing.com/bingbot.htm)" 
66.249.79.93 - - [24/Jul/2017:23:06:40 -0700] "GET / HTTP/1.1" 200 10794 "-" "Mozilla/5.0 (compatible; Googlebot/2.1; +http://www.google.com/bot.html)" 
207.46.13.109 - - [24/Jul/2017:23:08:51 -0700] "GET /self.logs/access.log.2017-05-25.gz HTTP/1.1" 200 36304 "-" "Mozilla/5.0 (compatible; bingbot/2.0; +http://www.bing.com/bingbot.htm)" 
157.55.39.217 - - [24/Jul/2017:23:11:20 -0700] "GET /self.logs/access.log.2016-11-30.gz HTTP/1.1" 200 12106 "-" "Mozilla/5.0 (compatible; bingbot/2.0; +http://www.bing.com/bingbot.htm)" 
157.55.39.146 - - [24/Jul/2017:23:14:41 -0700] "GET /self.logs/access.log.2015-04-24.gz HTTP/1.1" 200 3722 "-" "Mozilla/5.0 (compatible; bingbot/2.0; +http://www.bing.com/bingbot.htm)" 
207.46.13.109 - - [24/Jul/2017:23:15:12 -0700] "GET /self.logs/access.log.2016-06-09.gz HTTP/1.1" 200 43782 "-" "Mozilla/5.0 (compatible; bingbot/2.0; +http://www.bing.com/bingbot.htm)" 
51.255.65.61 - - [24/Jul/2017:23:16:09 -0700] "GET /self.logs/error.log.2016-02-21.gz HTTP/1.1" 200 728 "-" "Mozilla/5.0 (compatible; AhrefsBot/5.2; +http://ahrefs.com/robot/)" 
157.55.39.146 - - [24/Jul/2017:23:16:35 -0700] "GET /self.logs/access.log.2016-03-21.gz HTTP/1.1" 200 6622 "-" "Mozilla/5.0 (compatible; bingbot/2.0; +http://www.bing.com/bingbot.htm)" 
207.46.13.109 - - [24/Jul/2017:23:16:48 -0700] "GET /self.logs/access.log.2015-08-02.gz HTTP/1.1" 200 4194 "-" "Mozilla/5.0 (compatible; bingbot/2.0; +http://www.bing.com/bingbot.htm)" 
157.55.39.194 - - [24/Jul/2017:23:16:53 -0700] "GET /self.logs/access.log.2015-07-23.gz HTTP/1.1" 200 4068 "-" "Mozilla/5.0 (compatible; bingbot/2.0; +http://www.bing.com/bingbot.htm)" 
124.169.164.32 - - [24/Jul/2017:23:17:40 -0700] "GET /wp-login.php HTTP/1.1" 404 295 "-" "Mozilla/5.0 (Windows NT 6.1; WOW64; rv:40.0) Gecko/20100101 Firefox/40.1" 
124.169.164.32 - - [24/Jul/2017:23:17:46 -0700] "GET /wp-login.php HTTP/1.1" 404 295 "-" "Mozilla/5.0 (Windows NT 6.1; WOW64; rv:40.0) Gecko/20100101 Firefox/40.1" 
124.169.164.32 - - [24/Jul/2017:23:17:52 -0700] "GET / HTTP/1.1" 200 36476 "-" "Mozilla/5.0 (Windows NT 6.1; WOW64; rv:40.0) Gecko/20100101 Firefox/40.1" 
207.46.13.109 - - [24/Jul/2017:23:19:05 -0700] "GET /self.logs/access.log.2016-08-12.gz HTTP/1.1" 200 16534 "-" "Mozilla/5.0 (compatible; bingbot/2.0; +http://www.bing.com/bingbot.htm)" 
207.46.13.109 - - [24/Jul/2017:23:19:33 -0700] "GET /self.logs/access.log.2015-08-05.gz HTTP/1.1" 200 5978 "-" "Mozilla/5.0 (compatible; bingbot/2.0; +http://www.bing.com/bingbot.htm)" 
124.169.164.32 - - [24/Jul/2017:23:19:38 -0700] "GET /wp-login.php HTTP/1.1" 301 522 "-" "Mozilla/5.0 (Windows NT 6.1; WOW64; rv:40.0) Gecko/20100101 Firefox/40.1" 
124.169.164.32 - - [24/Jul/2017:23:19:39 -0700] "GET /wp-login.php HTTP/1.1" 404 295 "-" "Mozilla/5.0 (Windows NT 6.1; WOW64; rv:40.0) Gecko/20100101 Firefox/40.1" 
124.169.164.32 - - [24/Jul/2017:23:19:45 -0700] "GET /wp-login.php HTTP/1.1" 301 522 "-" "Mozilla/5.0 (Windows NT 6.1; WOW64; rv:40.0) Gecko/20100101 Firefox/40.1" 
124.169.164.32 - - [24/Jul/2017:23:19:46 -0700] "GET /wp-login.php HTTP/1.1" 404 295 "-" "Mozilla/5.0 (Windows NT 6.1; WOW64; rv:40.0) Gecko/20100101 Firefox/40.1" 
124.169.164.32 - - [24/Jul/2017:23:19:52 -0700] "GET / HTTP/1.1" 301 498 "-" "Mozilla/5.0 (Windows NT 6.1; WOW64; rv:40.0) Gecko/20100101 Firefox/40.1" 
124.169.164.32 - - [24/Jul/2017:23:19:53 -0700] "GET / HTTP/1.1" 200 36476 "-" "Mozilla/5.0 (Windows NT 6.1; WOW64; rv:40.0) Gecko/20100101 Firefox/40.1" 
157.55.39.146 - - [24/Jul/2017:23:20:22 -0700] "GET /self.logs/access.log.2016-03-09.gz HTTP/1.1" 200 8375 "-" "Mozilla/5.0 (compatible; bingbot/2.0; +http://www.bing.com/bingbot.htm)" 
207.46.13.109 - - [24/Jul/2017:23:21:43 -0700] "GET /self.logs/access.log.2015-01-18.gz HTTP/1.1" 200 3472 "-" "Mozilla/5.0 (compatible; bingbot/2.0; +http://www.bing.com/bingbot.htm)" 
157.55.39.194 - - [24/Jul/2017:23:22:35 -0700] "GET /self.logs/access.log.2016-03-23.gz HTTP/1.1" 200 9822 "-" "Mozilla/5.0 (compatible; bingbot/2.0; +http://www.bing.com/bingbot.htm)" 
157.55.39.217 - - [24/Jul/2017:23:23:47 -0700] "GET /self.logs/access.log.2017-01-30.gz HTTP/1.1" 200 29632 "-" "Mozilla/5.0 (compatible; bingbot/2.0; +http://www.bing.com/bingbot.htm)" 
207.46.13.109 - - [24/Jul/2017:23:23:51 -0700] "GET /self.logs/access.log.2015-06-22.gz HTTP/1.1" 200 10670 "-" "Mozilla/5.0 (compatible; bingbot/2.0; +http://www.bing.com/bingbot.htm)" 
112.5.238.181 - - [24/Jul/2017:23:24:45 -0700] "GET / HTTP/1.1" 200 10794 "http://www.casinos4dummies.co.uk" "Mozilla/5.0 (iPad; CPU OS 4_3_5 like Mac OS X; en-us) AppleWebKit/533.17.9 (KHTML, like Gecko) Version/5.0.2 Mobile/8L1 Safari/6533.18.5" 
207.46.13.109 - - [24/Jul/2017:23:24:51 -0700] "GET /self.logs/access.log.2017-06-29.gz HTTP/1.1" 200 15443 "-" "Mozilla/5.0 (compatible; bingbot/2.0; +http://www.bing.com/bingbot.htm)" 
207.46.13.109 - - [24/Jul/2017:23:26:12 -0700] "GET /self.logs/access.log.2016-04-13.gz HTTP/1.1" 200 16094 "-" "Mozilla/5.0 (compatible; bingbot/2.0; +http://www.bing.com/bingbot.htm)" 
157.55.39.217 - - [24/Jul/2017:23:28:18 -0700] "GET /self.logs/access.log.2017-04-10.gz HTTP/1.1" 200 49995 "-" "Mozilla/5.0 (compatible; bingbot/2.0; +http://www.bing.com/bingbot.htm)" 
207.46.13.109 - - [24/Jul/2017:23:28:24 -0700] "GET /self.logs/access.log.2017-06-06.gz HTTP/1.1" 200 31715 "-" "Mozilla/5.0 (compatible; bingbot/2.0; +http://www.bing.com/bingbot.htm)" 
207.46.13.109 - - [24/Jul/2017:23:29:17 -0700] "GET /self.logs/access.log.2017-03-21.gz HTTP/1.1" 200 26715 "-" "Mozilla/5.0 (compatible; bingbot/2.0; +http://www.bing.com/bingbot.htm)" 
157.55.39.194 - - [24/Jul/2017:23:31:00 -0700] "GET /self.logs/access.log.2015-04-21.gz HTTP/1.1" 200 6723 "-" "Mozilla/5.0 (compatible; bingbot/2.0; +http://www.bing.com/bingbot.htm)" 
157.55.39.217 - - [24/Jul/2017:23:32:04 -0700] "GET /self.logs/access.log.2017-01-23.gz HTTP/1.1" 200 45299 "-" "Mozilla/5.0 (compatible; bingbot/2.0; +http://www.bing.com/bingbot.htm)" 
157.55.39.217 - - [24/Jul/2017:23:32:04 -0700] "GET /self.logs/access.log.2017-03-11.gz HTTP/1.1" 200 14766 "-" "Mozilla/5.0 (compatible; bingbot/2.0; +http://www.bing.com/bingbot.htm)" 
183.205.38.166 - - [24/Jul/2017:23:32:28 -0700] "GET /maccdc2012/maccdc2012_full_alert.7z HTTP/1.1" 200 128800 "-" "Mozilla/5.0 (compatible; MSIE 6.0; Windows NT 5.0)" 
183.205.38.166 - - [24/Jul/2017:23:32:28 -0700] "GET /maccdc2012/maccdc2012_full_alert.7z HTTP/1.1" 200 2415000 "-" "Mozilla/5.0 (compatible; MSIE 6.0; Windows NT 5.0)" 
183.205.38.166 - - [24/Jul/2017:23:32:28 -0700] "GET /maccdc2012/maccdc2012_full_alert.7z HTTP/1.1" 200 1769600 "-" "Mozilla/5.0 (compatible; MSIE 6.0; Windows NT 5.0)" 
183.205.38.166 - - [24/Jul/2017:23:32:28 -0700] "GET /maccdc2012/maccdc2012_full_alert.7z HTTP/1.1" 200 3285800 "-" "Mozilla/5.0 (compatible; MSIE 6.0; Windows NT 5.0)" 
157.55.39.194 - - [24/Jul/2017:23:32:43 -0700] "GET /self.logs/access.log.2015-06-21.gz HTTP/1.1" 200 10058 "-" "Mozilla/5.0 (compatible; bingbot/2.0; +http://www.bing.com/bingbot.htm)" 
77.88.5.8 - - [24/Jul/2017:23:34:34 -0700] "GET /honeypot/BSidesDFW%20-%202014.ipynb HTTP/1.1" 200 930836 "-" "Mozilla/5.0 (compatible; YandexBot/3.0; +http://yandex.com/bots)" 
207.46.13.109 - - [24/Jul/2017:23:38:38 -0700] "GET /self.logs/access.log.2015-03-02.gz HTTP/1.1" 200 3364 "-" "Mozilla/5.0 (compatible; bingbot/2.0; +http://www.bing.com/bingbot.htm)" 
207.46.13.109 - - [24/Jul/2017:23:38:39 -0700] "GET /self.logs/access.log.2017-01-28.gz HTTP/1.1" 200 17565 "-" "Mozilla/5.0 (compatible; bingbot/2.0; +http://www.bing.com/bingbot.htm)" 
157.55.39.146 - - [24/Jul/2017:23:38:45 -0700] "GET /self.logs/access.log.2015-02-27.gz HTTP/1.1" 200 3223 "-" "Mozilla/5.0 (compatible; bingbot/2.0; +http://www.bing.com/bingbot.htm)" 
157.55.39.217 - - [24/Jul/2017:23:38:52 -0700] "GET /self.logs/access.log.2015-11-08.gz HTTP/1.1" 200 6544 "-" "Mozilla/5.0 (compatible; bingbot/2.0; +http://www.bing.com/bingbot.htm)" 
157.55.39.146 - - [24/Jul/2017:23:40:45 -0700] "GET /self.logs/access.log.2016-08-28.gz HTTP/1.1" 200 7317 "-" "Mozilla/5.0 (compatible; bingbot/2.0; +http://www.bing.com/bingbot.htm)" 
107.178.194.221 - - [24/Jul/2017:23:40:58 -0700] "GET / HTTP/1.1" 200 10794 "https://www.google.com/" "Mozilla/5.0 (Windows NT 6.1; Win64; x64) AppleWebKit/537.36 (KHTML, like Gecko) Chrome/59.0.3071.115 Safari/537.36 AppEngine-Google; (+http://code.google.com/appengine; appid: s~yjyj-001)" 
107.178.194.193 - - [24/Jul/2017:23:40:59 -0700] "GET /twitter-icon.png HTTP/1.1" 200 27788 "http://www.secrepo.com/" "Mozilla/5.0 (Windows NT 6.1; Win64; x64) AppleWebKit/537.36 (KHTML, like Gecko) Chrome/59.0.3071.115 Safari/537.36 AppEngine-Google; (+http://code.google.com/appengine; appid: s~yjyj-001)" 
107.178.194.221 - - [24/Jul/2017:23:40:59 -0700] "GET /GitHub-Mark.png HTTP/1.1" 200 7428 "http://www.secrepo.com/" "Mozilla/5.0 (Windows NT 6.1; Win64; x64) AppleWebKit/537.36 (KHTML, like Gecko) Chrome/59.0.3071.115 Safari/537.36 AppEngine-Google; (+http://code.google.com/appengine; appid: s~yjyj-001)" 
107.178.194.223 - - [24/Jul/2017:23:41:01 -0700] "GET /bootstrap/img/favicon.ico HTTP/1.1" 200 590 "http://www.secrepo.com/" "Mozilla/5.0 (Windows NT 6.1; Win64; x64) AppleWebKit/537.36 (KHTML, like Gecko) Chrome/59.0.3071.115 Safari/537.36 AppEngine-Google; (+http://code.google.com/appengine; appid: s~yjyj-001)" 
157.55.39.146 - - [24/Jul/2017:23:41:11 -0700] "GET /self.logs/access.log.2015-11-05.gz HTTP/1.1" 200 8529 "-" "Mozilla/5.0 (compatible; bingbot/2.0; +http://www.bing.com/bingbot.htm)" 
111.204.219.198 - - [24/Jul/2017:23:41:26 -0700] "GET /favicon.ico HTTP/1.1" 200 268 "-" "Mozilla/5.0 (Windows NT 10.0; WOW64) AppleWebKit/537.36 (KHTML, like Gecko) Chrome/45.0.2454.101 Safari/537.36" 
111.204.219.198 - - [24/Jul/2017:23:41:26 -0700] "GET / HTTP/1.1" 200 10793 "-" "Mozilla/5.0 (Windows NT 10.0; WOW64) AppleWebKit/537.36 (KHTML, like Gecko) Chrome/45.0.2454.101 Safari/537.36" 
111.204.219.198 - - [24/Jul/2017:23:41:27 -0700] "GET /twitter-icon.png HTTP/1.1" 200 27788 "http://www.secrepo.com/" "Mozilla/5.0 (Windows NT 10.0; WOW64) AppleWebKit/537.36 (KHTML, like Gecko) Chrome/45.0.2454.101 Safari/537.36" 
111.204.219.198 - - [24/Jul/2017:23:41:27 -0700] "GET /GitHub-Mark.png HTTP/1.1" 200 7427 "http://www.secrepo.com/" "Mozilla/5.0 (Windows NT 10.0; WOW64) AppleWebKit/537.36 (KHTML, like Gecko) Chrome/45.0.2454.101 Safari/537.36" 
111.204.219.198 - - [24/Jul/2017:23:42:52 -0700] "GET /bootstrap/img/favicon.ico HTTP/1.1" 200 590 "http://www.secrepo.com/" "Mozilla/5.0 (Windows NT 10.0; WOW64) AppleWebKit/537.36 (KHTML, like Gecko) Chrome/45.0.2454.101 Safari/537.36" 
143.248.55.238 - - [24/Jul/2017:23:42:56 -0700] "GET / HTTP/1.1" 200 10794 "https://www.reddit.com/r/datasets/comments/3tbxap/cyber_security_datasets/" "Mozilla/5.0 (Macintosh; Intel Mac OS X 10_11_6) AppleWebKit/537.36 (KHTML, like Gecko) Chrome/59.0.3071.115 Safari/537.36" 
143.248.55.238 - - [24/Jul/2017:23:42:56 -0700] "GET /twitter-icon.png HTTP/1.1" 200 27787 "http://www.secrepo.com/" "Mozilla/5.0 (Macintosh; Intel Mac OS X 10_11_6) AppleWebKit/537.36 (KHTML, like Gecko) Chrome/59.0.3071.115 Safari/537.36" 
143.248.55.238 - - [24/Jul/2017:23:42:56 -0700] "GET /GitHub-Mark.png HTTP/1.1" 200 7428 "http://www.secrepo.com/" "Mozilla/5.0 (Macintosh; Intel Mac OS X 10_11_6) AppleWebKit/537.36 (KHTML, like Gecko) Chrome/59.0.3071.115 Safari/537.36" 
143.248.55.238 - - [24/Jul/2017:23:42:57 -0700] "GET /bootstrap/img/favicon.ico HTTP/1.1" 200 589 "http://www.secrepo.com/" "Mozilla/5.0 (Macintosh; Intel Mac OS X 10_11_6) AppleWebKit/537.36 (KHTML, like Gecko) Chrome/59.0.3071.115 Safari/537.36" 
197.156.75.53 - - [24/Jul/2017:23:43:55 -0700] "GET / HTTP/1.1" 200 10794 "-" "Mozilla/5.0 (Windows NT 10.0; WOW64) AppleWebKit/537.36 (KHTML, like Gecko) Chrome/43.0.2357.124 Safari/537.36" 
197.156.75.53 - - [24/Jul/2017:23:43:59 -0700] "GET /twitter-icon.png HTTP/1.1" 200 27788 "http://www.secrepo.com/" "Mozilla/5.0 (Windows NT 10.0; WOW64) AppleWebKit/537.36 (KHTML, like Gecko) Chrome/43.0.2357.124 Safari/537.36" 
197.156.75.53 - - [24/Jul/2017:23:43:59 -0700] "GET /GitHub-Mark.png HTTP/1.1" 200 7428 "http://www.secrepo.com/" "Mozilla/5.0 (Windows NT 10.0; WOW64) AppleWebKit/537.36 (KHTML, like Gecko) Chrome/43.0.2357.124 Safari/537.36" 
104.239.135.78 - - [24/Jul/2017:23:45:58 -0700] "GET /robots.txt HTTP/1.1" 301 446 "-" "Tornado-Async-Client" 
104.239.135.78 - - [24/Jul/2017:23:45:58 -0700] "GET /robots.txt HTTP/1.1" 304 130 "-" "Tornado-Async-Client" 
104.239.135.78 - - [24/Jul/2017:23:45:58 -0700] "GET /honeypot/BSidesDFW%20-%202014.ipynb HTTP/1.1" 301 484 "-" "Tornado-Async-Client" 
104.239.135.78 - - [24/Jul/2017:23:45:58 -0700] "GET /honeypot/BSidesDFW%20-%202014.ipynb HTTP/1.1" 200 930780 "-" "Tornado-Async-Client" 
164.132.161.60 - - [24/Jul/2017:23:48:07 -0700] "GET /self.logs/error.log.2016-07-27.gz HTTP/1.1" 200 918 "-" "Mozilla/5.0 (compatible; AhrefsBot/5.2; +http://ahrefs.com/robot/)" 
157.55.39.146 - - [24/Jul/2017:23:49:39 -0700] "GET /self.logs/access.log.2016-05-10.gz HTTP/1.1" 200 11290 "-" "Mozilla/5.0 (compatible; bingbot/2.0; +http://www.bing.com/bingbot.htm)" 
157.55.39.146 - - [24/Jul/2017:23:49:39 -0700] "GET /self.logs/access.log.2016-09-24.gz HTTP/1.1" 200 5531 "-" "Mozilla/5.0 (compatible; bingbot/2.0; +http://www.bing.com/bingbot.htm)" 
157.55.39.146 - - [24/Jul/2017:23:49:54 -0700] "GET /self.logs/access.log.2016-10-17.gz HTTP/1.1" 200 9181 "-" "Mozilla/5.0 (compatible; bingbot/2.0; +http://www.bing.com/bingbot.htm)" 
207.46.13.109 - - [24/Jul/2017:23:50:55 -0700] "GET /self.logs/access.log.2016-10-18.gz HTTP/1.1" 200 15514 "-" "Mozilla/5.0 (compatible; bingbot/2.0; +http://www.bing.com/bingbot.htm)" 
157.55.39.146 - - [24/Jul/2017:23:53:20 -0700] "GET /self.logs/access.log.2016-10-22.gz HTTP/1.1" 200 6468 "-" "Mozilla/5.0 (compatible; bingbot/2.0; +http://www.bing.com/bingbot.htm)" 
217.182.132.31 - - [24/Jul/2017:23:55:06 -0700] "GET /self.logs/access.log.2015-01-17.gz HTTP/1.1" 200 3541 "-" "Mozilla/5.0 (compatible; AhrefsBot/5.2; +http://ahrefs.com/robot/)" 
51.255.71.129 - - [24/Jul/2017:23:55:11 -0700] "GET /self.logs/access.log.2015-01-28.gz HTTP/1.1" 200 2073 "-" "Mozilla/5.0 (compatible; AhrefsBot/5.2; +http://ahrefs.com/robot/)" 
207.46.13.109 - - [24/Jul/2017:23:56:10 -0700] "GET /self.logs/access.log.2016-06-26.gz HTTP/1.1" 200 6817 "-" "Mozilla/5.0 (compatible; bingbot/2.0; +http://www.bing.com/bingbot.htm)" 
207.46.13.109 - - [24/Jul/2017:23:56:30 -0700] "GET /self.logs/access.log.2015-08-16.gz HTTP/1.1" 200 6535 "-" "Mozilla/5.0 (compatible; bingbot/2.0; +http://www.bing.com/bingbot.htm)" 
157.55.39.146 - - [24/Jul/2017:23:56:35 -0700] "GET /self.logs/access.log.2017-04-28.gz HTTP/1.1" 200 14335 "-" "Mozilla/5.0 (compatible; bingbot/2.0; +http://www.bing.com/bingbot.htm)" 
207.46.13.109 - - [24/Jul/2017:23:56:45 -0700] "GET /self.logs/access.log.2015-04-03.gz HTTP/1.1" 200 2354 "-" "Mozilla/5.0 (compatible; bingbot/2.0; +http://www.bing.com/bingbot.htm)" 
207.46.13.109 - - [24/Jul/2017:23:56:46 -0700] "GET /self.logs/access.log.2016-06-21.gz HTTP/1.1" 200 9057 "-" "Mozilla/5.0 (compatible; bingbot/2.0; +http://www.bing.com/bingbot.htm)" 
207.46.13.109 - - [24/Jul/2017:23:56:46 -0700] "GET /self.logs/access.log.2016-09-25.gz HTTP/1.1" 200 7132 "-" "Mozilla/5.0 (compatible; bingbot/2.0; +http://www.bing.com/bingbot.htm)" 
207.46.13.109 - - [24/Jul/2017:23:57:01 -0700] "GET /self.logs/access.log.2016-04-28.gz HTTP/1.1" 200 10838 "-" "Mozilla/5.0 (compatible; bingbot/2.0; +http://www.bing.com/bingbot.htm)" 
211.103.88.105 - - [24/Jul/2017:23:57:17 -0700] "GET /maccdc2012/maccdc2012_full_alert.7z HTTP/1.1" 304 132 "-" "Mozilla/5.0 Gecko/20100115 Firefox/3.6" 
207.46.13.109 - - [24/Jul/2017:23:57:17 -0700] "GET /self.logs/access.log.2015-02-13.gz HTTP/1.1" 200 15610 "-" "Mozilla/5.0 (compatible; bingbot/2.0; +http://www.bing.com/bingbot.htm)" 
207.46.13.109 - - [24/Jul/2017:23:57:26 -0700] "GET /self.logs/access.log.2016-11-26.gz HTTP/1.1" 200 7620 "-" "Mozilla/5.0 (compatible; bingbot/2.0; +http://www.bing.com/bingbot.htm)" 
51.255.65.73 - - [24/Jul/2017:23:58:09 -0700] "GET /self.logs/error.log.2016-04-18.gz HTTP/1.1" 200 837 "-" "Mozilla/5.0 (compatible; AhrefsBot/5.2; +http://ahrefs.com/robot/)" 
217.182.132.181 - - [24/Jul/2017:23:58:29 -0700] "GET /self.logs/error.log.2015-01-23.gz HTTP/1.1" 200 591 "-" "Mozilla/5.0 (compatible; AhrefsBot/5.2; +http://ahrefs.com/robot/)" 
207.46.13.109 - - [24/Jul/2017:23:59:23 -0700] "GET /self.logs/access.log.2016-07-16.gz HTTP/1.1" 200 8693 "-" "Mozilla/5.0 (compatible; bingbot/2.0; +http://www.bing.com/bingbot.htm)" 
157.55.39.146 - - [24/Jul/2017:23:59:40 -0700] "GET /self.logs/access.log.2015-08-19.gz HTTP/1.1" 200 5132 "-" "Mozilla/5.0 (compatible; bingbot/2.0; +http://www.bing.com/bingbot.htm)" 
157.55.39.217 - - [24/Jul/2017:23:59:44 -0700] "GET /self.logs/access.log.2017-01-11.gz HTTP/1.1" 200 91545 "-" "Mozilla/5.0 (compatible; bingbot/2.0; +http://www.bing.com/bingbot.htm)" 
114.249.29.231 - - [25/Jul/2017:00:01:23 -0700] "GET / HTTP/1.1" 200 10794 "-" "Mozilla/5.0 (Windows NT 10.0; Win64; x64) AppleWebKit/537.36 (KHTML, like Gecko) Chrome/59.0.3071.115 Safari/537.36" 
114.249.29.231 - - [25/Jul/2017:00:01:24 -0700] "GET /GitHub-Mark.png HTTP/1.1" 200 7428 "http://www.secrepo.com/" "Mozilla/5.0 (Windows NT 10.0; Win64; x64) AppleWebKit/537.36 (KHTML, like Gecko) Chrome/59.0.3071.115 Safari/537.36" 
114.249.29.231 - - [25/Jul/2017:00:01:24 -0700] "GET /twitter-icon.png HTTP/1.1" 200 27787 "http://www.secrepo.com/" "Mozilla/5.0 (Windows NT 10.0; Win64; x64) AppleWebKit/537.36 (KHTML, like Gecko) Chrome/59.0.3071.115 Safari/537.36" 
114.249.29.231 - - [25/Jul/2017:00:01:26 -0700] "GET /bootstrap/img/favicon.ico HTTP/1.1" 200 589 "http://www.secrepo.com/" "Mozilla/5.0 (Windows NT 10.0; Win64; x64) AppleWebKit/537.36 (KHTML, like Gecko) Chrome/59.0.3071.115 Safari/537.36" 
207.46.13.109 - - [25/Jul/2017:00:01:29 -0700] "GET / HTTP/1.1" 200 10794 "-" "Mozilla/5.0 (compatible; bingbot/2.0; +http://www.bing.com/bingbot.htm)" 
157.55.39.194 - - [25/Jul/2017:00:02:13 -0700] "GET /maccdc2012/conn.log.gz HTTP/1.1" 200 10841623 "-" "Mozilla/5.0 (compatible; bingbot/2.0; +http://www.bing.com/bingbot.htm)" 
64.233.172.191 - - [25/Jul/2017:00:03:48 -0700] "GET / HTTP/1.1" 200 10794 "-" "Mozilla/5.0 (X11; Linux x86_64) AppleWebKit/537.36 (KHTML, like Gecko) Chrome/49.0.2623.75 Safari/537.36 Google Favicon" 
64.233.172.160 - - [25/Jul/2017:00:03:48 -0700] "GET /bootstrap/img/favicon.ico HTTP/1.1" 200 590 "-" "Mozilla/5.0 (X11; Linux x86_64) AppleWebKit/537.36 (KHTML, like Gecko) Chrome/49.0.2623.75 Safari/537.36 Google Favicon" 
157.55.39.194 - - [25/Jul/2017:00:04:29 -0700] "GET /self.logs/access.log.2017-06-24.gz HTTP/1.1" 200 32850 "-" "Mozilla/5.0 (compatible; bingbot/2.0; +http://www.bing.com/bingbot.htm)" 
157.55.39.146 - - [25/Jul/2017:00:04:34 -0700] "GET /self.logs/access.log.2015-06-30.gz HTTP/1.1" 200 5358 "-" "Mozilla/5.0 (compatible; bingbot/2.0; +http://www.bing.com/bingbot.htm)" 
157.55.39.146 - - [25/Jul/2017:00:04:34 -0700] "GET /self.logs/access.log.2016-08-07.gz HTTP/1.1" 200 13654 "-" "Mozilla/5.0 (compatible; bingbot/2.0; +http://www.bing.com/bingbot.htm)" 
157.55.39.194 - - [25/Jul/2017:00:07:19 -0700] "GET /self.logs/access.log.2017-06-30.gz HTTP/1.1" 200 51348 "-" "Mozilla/5.0 (compatible; bingbot/2.0; +http://www.bing.com/bingbot.htm)" 
131.94.186.33 - - [25/Jul/2017:00:07:52 -0700] "GET / HTTP/1.1" 200 10794 "https://www.google.com/" "Mozilla/5.0 (Windows NT 10.0; WOW64; rv:54.0) Gecko/20100101 Firefox/54.0" 
131.94.186.33 - - [25/Jul/2017:00:07:54 -0700] "GET /twitter-icon.png HTTP/1.1" 200 27788 "http://www.secrepo.com/" "Mozilla/5.0 (Windows NT 10.0; WOW64; rv:54.0) Gecko/20100101 Firefox/54.0" 
131.94.186.33 - - [25/Jul/2017:00:07:54 -0700] "GET /GitHub-Mark.png HTTP/1.1" 200 7428 "http://www.secrepo.com/" "Mozilla/5.0 (Windows NT 10.0; WOW64; rv:54.0) Gecko/20100101 Firefox/54.0" 
131.94.186.33 - - [25/Jul/2017:00:07:55 -0700] "GET /bootstrap/img/favicon.ico HTTP/1.1" 200 589 "-" "Mozilla/5.0 (Windows NT 10.0; WOW64; rv:54.0) Gecko/20100101 Firefox/54.0" 
157.55.39.194 - - [25/Jul/2017:00:07:56 -0700] "GET /self.logs/access.log.2017-03-17.gz HTTP/1.1" 200 17893 "-" "Mozilla/5.0 (compatible; bingbot/2.0; +http://www.bing.com/bingbot.htm)" 
157.55.39.146 - - [25/Jul/2017:00:08:34 -0700] "GET /self.logs/access.log.2017-05-18.gz HTTP/1.1" 200 25778 "-" "Mozilla/5.0 (compatible; bingbot/2.0; +http://www.bing.com/bingbot.htm)" 
157.55.39.217 - - [25/Jul/2017:00:08:40 -0700] "GET /self.logs/access.log.2016-10-14.gz HTTP/1.1" 200 7190 "-" "Mozilla/5.0 (compatible; bingbot/2.0; +http://www.bing.com/bingbot.htm)" 
157.55.39.146 - - [25/Jul/2017:00:09:09 -0700] "GET /self.logs/access.log.2017-02-25.gz HTTP/1.1" 200 13254 "-" "Mozilla/5.0 (compatible; bingbot/2.0; +http://www.bing.com/bingbot.htm)" 
157.55.39.146 - - [25/Jul/2017:00:14:41 -0700] "GET /self.logs/access.log.2016-05-04.gz HTTP/1.1" 200 17061 "-" "Mozilla/5.0 (compatible; bingbot/2.0; +http://www.bing.com/bingbot.htm)" 
157.55.39.194 - - [25/Jul/2017:00:15:04 -0700] "GET /self.logs/access.log.2016-04-04.gz HTTP/1.1" 200 9477 "-" "Mozilla/5.0 (compatible; bingbot/2.0; +http://www.bing.com/bingbot.htm)" 
157.55.39.194 - - [25/Jul/2017:00:15:05 -0700] "GET /self.logs/access.log.2016-06-03.gz HTTP/1.1" 200 11587 "-" "Mozilla/5.0 (compatible; bingbot/2.0; +http://www.bing.com/bingbot.htm)" 
157.55.39.217 - - [25/Jul/2017:00:15:25 -0700] "GET /self.logs/access.log.2015-07-31.gz HTTP/1.1" 200 4452 "-" "Mozilla/5.0 (compatible; bingbot/2.0; +http://www.bing.com/bingbot.htm)" 
180.76.15.161 - - [25/Jul/2017:00:18:32 -0700] "GET /honeypot/Honeypot%20-%20Howto.pdf HTTP/1.1" 200 708853 "-" "Mozilla/5.0 (compatible; Baiduspider/2.0; +http://www.baidu.com/search/spider.html)" 
157.55.39.146 - - [25/Jul/2017:00:20:11 -0700] "GET /self.logs/access.log.2015-08-04.gz HTTP/1.1" 200 5781 "-" "Mozilla/5.0 (compatible; bingbot/2.0; +http://www.bing.com/bingbot.htm)" 
51.255.65.8 - - [25/Jul/2017:00:21:02 -0700] "GET /self.logs/access.log.2015-03-14.gz HTTP/1.1" 200 3757 "-" "Mozilla/5.0 (compatible; AhrefsBot/5.2; +http://ahrefs.com/robot/)" 
203.217.240.130 - - [25/Jul/2017:00:22:42 -0700] "GET / HTTP/1.1" 200 10738 "-" "Mozilla/5.0 (Macintosh; Intel Mac OS X 10_12_5) AppleWebKit/537.36 (KHTML, like Gecko) Chrome/58.0.3029.110 Safari/537.36" 
207.46.13.109 - - [25/Jul/2017:00:22:46 -0700] "GET /self.logs/access.log.2015-05-15.gz HTTP/1.1" 200 4937 "-" "Mozilla/5.0 (compatible; bingbot/2.0; +http://www.bing.com/bingbot.htm)" 
157.55.39.217 - - [25/Jul/2017:00:23:53 -0700] "GET /self.logs/access.log.2015-09-05.gz HTTP/1.1" 200 2970 "-" "Mozilla/5.0 (compatible; bingbot/2.0; +http://www.bing.com/bingbot.htm)" 
157.55.39.194 - - [25/Jul/2017:00:23:57 -0700] "GET /self.logs/ HTTP/1.1" 200 18692 "-" "Mozilla/5.0 (compatible; bingbot/2.0; +http://www.bing.com/bingbot.htm)" 
207.46.13.109 - - [25/Jul/2017:00:24:01 -0700] "GET / HTTP/1.1" 301 483 "-" "Mozilla/5.0 (compatible; bingbot/2.0; +http://www.bing.com/bingbot.htm)" 
157.55.39.217 - - [25/Jul/2017:00:24:03 -0700] "GET /self.logs/access.log.2016-09-08.gz HTTP/1.1" 200 10862 "-" "Mozilla/5.0 (compatible; bingbot/2.0; +http://www.bing.com/bingbot.htm)" 
207.46.13.109 - - [25/Jul/2017:00:24:08 -0700] "GET / HTTP/1.1" 200 10794 "-" "Mozilla/5.0 (compatible; bingbot/2.0; +http://www.bing.com/bingbot.htm)" 
110.85.120.235 - - [25/Jul/2017:00:24:12 -0700] "GET / HTTP/1.1" 200 10794 "-" "Mozilla/5.0 (Macintosh; Intel Mac OS X 10_12) AppleWebKit/602.1.50 (KHTML, like Gecko)" 
110.85.120.235 - - [25/Jul/2017:00:24:12 -0700] "GET /apple-touch-icon-precomposed.png HTTP/1.1" 404 340 "-" "Safari/12602.1.50.0.10 CFNetwork/807.0.4 Darwin/16.0.0 (x86_64)" 
110.85.120.235 - - [25/Jul/2017:00:24:13 -0700] "GET /apple-touch-icon.png HTTP/1.1" 404 339 "-" "Safari/12602.1.50.0.10 CFNetwork/807.0.4 Darwin/16.0.0 (x86_64)" 
110.85.120.235 - - [25/Jul/2017:00:24:14 -0700] "GET /bootstrap/img/favicon.ico HTTP/1.1" 200 589 "-" "Safari/12602.1.50.0.10 CFNetwork/807.0.4 Darwin/16.0.0 (x86_64)" 
110.85.120.235 - - [25/Jul/2017:00:24:15 -0700] "GET /apple-touch-icon-precomposed.png HTTP/1.1" 404 339 "-" "Safari/12602.1.50.0.10 CFNetwork/807.0.4 Darwin/16.0.0 (x86_64)" 
110.85.120.235 - - [25/Jul/2017:00:24:15 -0700] "GET /apple-touch-icon.png HTTP/1.1" 404 339 "-" "Safari/12602.1.50.0.10 CFNetwork/807.0.4 Darwin/16.0.0 (x86_64)" 
66.249.79.60 - - [25/Jul/2017:00:25:41 -0700] "GET /robots.txt HTTP/1.1" 301 502 "-" "Mozilla/5.0 (compatible; Googlebot/2.1; +http://www.google.com/bot.html)" 
66.249.79.95 - - [25/Jul/2017:00:25:42 -0700] "GET /robots.txt HTTP/1.1" 200 334 "-" "Mozilla/5.0 (compatible; Googlebot/2.1; +http://www.google.com/bot.html)" 
66.249.79.57 - - [25/Jul/2017:00:25:42 -0700] "GET / HTTP/1.1" 301 483 "-" "Mozilla/5.0 (compatible; Googlebot/2.1; +http://www.google.com/bot.html)" 
157.55.39.146 - - [25/Jul/2017:00:27:17 -0700] "GET /self.logs/access.log.2017-04-14.gz HTTP/1.1" 200 35018 "-" "Mozilla/5.0 (compatible; bingbot/2.0; +http://www.bing.com/bingbot.htm)" 
121.130.250.219 - - [25/Jul/2017:00:27:33 -0700] "GET / HTTP/1.1" 200 10794 "-" "Mozilla/5.0 (Windows NT 10.0; Win64; x64) AppleWebKit/537.36 (KHTML, like Gecko) Chrome/59.0.3071.115 Safari/537.36" 
121.130.250.219 - - [25/Jul/2017:00:27:33 -0700] "GET /twitter-icon.png HTTP/1.1" 200 27787 "http://www.secrepo.com/" "Mozilla/5.0 (Windows NT 10.0; Win64; x64) AppleWebKit/537.36 (KHTML, like Gecko) Chrome/59.0.3071.115 Safari/537.36" 
121.130.250.219 - - [25/Jul/2017:00:27:33 -0700] "GET /GitHub-Mark.png HTTP/1.1" 200 7428 "http://www.secrepo.com/" "Mozilla/5.0 (Windows NT 10.0; Win64; x64) AppleWebKit/537.36 (KHTML, like Gecko) Chrome/59.0.3071.115 Safari/537.36" 
121.130.250.219 - - [25/Jul/2017:00:27:34 -0700] "GET /bootstrap/img/favicon.ico HTTP/1.1" 200 589 "http://www.secrepo.com/" "Mozilla/5.0 (Windows NT 10.0; Win64; x64) AppleWebKit/537.36 (KHTML, like Gecko) Chrome/59.0.3071.115 Safari/537.36" 
157.55.39.146 - - [25/Jul/2017:00:33:23 -0700] "GET /self.logs/access.log.2017-04-21.gz HTTP/1.1" 200 22294 "-" "Mozilla/5.0 (compatible; bingbot/2.0; +http://www.bing.com/bingbot.htm)" 
207.46.13.60 - - [25/Jul/2017:00:35:40 -0700] "GET /self.logs/access.log.2016-01-23.gz HTTP/1.1" 200 4866 "-" "Mozilla/5.0 (compatible; bingbot/2.0; +http://www.bing.com/bingbot.htm)" 
157.55.39.217 - - [25/Jul/2017:00:35:44 -0700] "GET /self.logs/access.log.2016-04-16.gz HTTP/1.1" 200 9834 "-" "Mozilla/5.0 (compatible; bingbot/2.0; +http://www.bing.com/bingbot.htm)" 
213.127.40.146 - - [25/Jul/2017:00:36:19 -0700] "GET / HTTP/1.1" 200 10794 "-" "Mozilla/5.0 (X11; Ubuntu; Linux x86_64; rv:54.0) Gecko/20100101 Firefox/54.0" 
213.127.40.146 - - [25/Jul/2017:00:36:19 -0700] "GET /twitter-icon.png HTTP/1.1" 200 27787 "http://www.secrepo.com/" "Mozilla/5.0 (X11; Ubuntu; Linux x86_64; rv:54.0) Gecko/20100101 Firefox/54.0" 
213.127.40.146 - - [25/Jul/2017:00:36:19 -0700] "GET /GitHub-Mark.png HTTP/1.1" 200 7427 "http://www.secrepo.com/" "Mozilla/5.0 (X11; Ubuntu; Linux x86_64; rv:54.0) Gecko/20100101 Firefox/54.0" 
213.127.40.146 - - [25/Jul/2017:00:36:20 -0700] "GET /bootstrap/img/favicon.ico HTTP/1.1" 200 589 "-" "Mozilla/5.0 (X11; Ubuntu; Linux x86_64; rv:54.0) Gecko/20100101 Firefox/54.0" 
157.55.39.217 - - [25/Jul/2017:00:38:58 -0700] "GET /self.logs/access.log.2015-12-31.gz HTTP/1.1" 200 6794 "-" "Mozilla/5.0 (compatible; bingbot/2.0; +http://www.bing.com/bingbot.htm)" 
207.46.13.109 - - [25/Jul/2017:00:39:02 -0700] "GET /self.logs/access.log.2015-06-10.gz HTTP/1.1" 200 6386 "-" "Mozilla/5.0 (compatible; bingbot/2.0; +http://www.bing.com/bingbot.htm)" 
157.55.39.146 - - [25/Jul/2017:00:39:12 -0700] "GET /self.logs/access.log.2016-08-14.gz HTTP/1.1" 200 13147 "-" "Mozilla/5.0 (compatible; bingbot/2.0; +http://www.bing.com/bingbot.htm)" 
157.55.39.217 - - [25/Jul/2017:00:42:09 -0700] "GET /robots.txt HTTP/1.1" 200 334 "-" "Mozilla/5.0 (compatible; bingbot/2.0; +http://www.bing.com/bingbot.htm)" 
60.207.237.81 - - [25/Jul/2017:00:45:25 -0700] "GET /favicon.ico HTTP/1.1" 200 268 "http://www.secrepo.com/honeypot/Honeypot%20-%20Howto.pdf" "Mozilla/5.0 (Windows NT 10.0; WOW64) AppleWebKit/537.36 (KHTML, like Gecko) Chrome/53.0.2785.104 Safari/537.36 Core/1.53.2595.400 QQBrowser/9.6.10872.400" 
60.207.237.81 - - [25/Jul/2017:00:45:24 -0700] "GET /honeypot/Honeypot%20-%20Howto.pdf HTTP/1.1" 200 46336 "https://www.google.com.hk/" "Mozilla/5.0 (Windows NT 10.0; WOW64) AppleWebKit/537.36 (KHTML, like Gecko) Chrome/53.0.2785.104 Safari/537.36 Core/1.53.2595.400 QQBrowser/9.6.10872.400" 
101.226.33.226 - - [25/Jul/2017:00:45:35 -0700] "GET /honeypot/Honeypot-Howto.pdf HTTP/1.1" 404 340 "blank" "Mozilla/5.0 (Windows NT 6.1; WOW64) AppleWebKit/537.36 (KHTML, like Gecko) Chrome/56.0.2924.87 Safari/537.36" 
60.207.237.81 - - [25/Jul/2017:00:45:25 -0700] "GET /honeypot/Honeypot%20-%20Howto.pdf HTTP/1.1" 206 1269619 "http://www.secrepo.com/honeypot/Honeypot%20-%20Howto.pdf" "Mozilla/5.0 (Windows NT 10.0; WOW64) AppleWebKit/537.36 (KHTML, like Gecko) Chrome/53.0.2785.104 Safari/537.36 Core/1.53.2595.400 QQBrowser/9.6.10872.400" 
157.55.39.146 - - [25/Jul/2017:00:46:25 -0700] "GET /self.logs/access.log.2015-01-31.gz HTTP/1.1" 200 4237 "-" "Mozilla/5.0 (compatible; bingbot/2.0; +http://www.bing.com/bingbot.htm)" 
110.227.90.140 - - [25/Jul/2017:00:48:26 -0700] "GET / HTTP/1.1" 200 10794 "-" "Mozilla/5.0 (Windows NT 6.3; Win64; x64) AppleWebKit/537.36 (KHTML, like Gecko) Chrome/59.0.3071.115 Safari/537.36" 
110.227.90.140 - - [25/Jul/2017:00:48:27 -0700] "GET /twitter-icon.png HTTP/1.1" 200 27787 "http://www.secrepo.com/" "Mozilla/5.0 (Windows NT 6.3; Win64; x64) AppleWebKit/537.36 (KHTML, like Gecko) Chrome/59.0.3071.115 Safari/537.36" 
110.227.90.140 - - [25/Jul/2017:00:48:27 -0700] "GET /GitHub-Mark.png HTTP/1.1" 200 7428 "http://www.secrepo.com/" "Mozilla/5.0 (Windows NT 6.3; Win64; x64) AppleWebKit/537.36 (KHTML, like Gecko) Chrome/59.0.3071.115 Safari/537.36" 
110.227.90.140 - - [25/Jul/2017:00:48:28 -0700] "GET /bootstrap/img/favicon.ico HTTP/1.1" 200 589 "http://www.secrepo.com/" "Mozilla/5.0 (Windows NT 6.3; Win64; x64) AppleWebKit/537.36 (KHTML, like Gecko) Chrome/59.0.3071.115 Safari/537.36" 
207.46.13.60 - - [25/Jul/2017:00:50:19 -0700] "GET /self.logs/access.log.2016-08-16.gz HTTP/1.1" 200 15143 "-" "Mozilla/5.0 (compatible; bingbot/2.0; +http://www.bing.com/bingbot.htm)" 
157.55.39.217 - - [25/Jul/2017:00:50:51 -0700] "GET /self.logs/access.log.2015-08-07.gz HTTP/1.1" 200 4635 "-" "Mozilla/5.0 (compatible; bingbot/2.0; +http://www.bing.com/bingbot.htm)" 
192.108.116.64 - - [25/Jul/2017:00:58:46 -0700] "GET /bootstrap/img/favicon.ico HTTP/1.1" 304 165 "-" "Mozilla/5.0 (Windows NT 6.3; WOW64; rv:54.0) Gecko/20100101 Firefox/54.0" 
183.82.21.101 - - [25/Jul/2017:00:59:17 -0700] "GET / HTTP/1.1" 200 10794 "-" "Mozilla/5.0 (Windows NT 10.0; Win64; x64) AppleWebKit/537.36 (KHTML, like Gecko) Chrome/59.0.3071.115 Safari/537.36" 
183.82.21.101 - - [25/Jul/2017:00:59:18 -0700] "GET /twitter-icon.png HTTP/1.1" 200 27787 "http://www.secrepo.com/" "Mozilla/5.0 (Windows NT 10.0; Win64; x64) AppleWebKit/537.36 (KHTML, like Gecko) Chrome/59.0.3071.115 Safari/537.36" 
183.82.21.101 - - [25/Jul/2017:00:59:18 -0700] "GET /GitHub-Mark.png HTTP/1.1" 200 7428 "http://www.secrepo.com/" "Mozilla/5.0 (Windows NT 10.0; Win64; x64) AppleWebKit/537.36 (KHTML, like Gecko) Chrome/59.0.3071.115 Safari/537.36" 
117.239.44.164 - - [25/Jul/2017:01:07:52 -0700] "GET / HTTP/1.1" 200 10794 "https://www.researchgate.net/" "Mozilla/5.0 (Windows NT 6.1; Win64; x64) AppleWebKit/537.36 (KHTML, like Gecko) Chrome/59.0.3071.115 Safari/537.36" 
117.239.44.164 - - [25/Jul/2017:01:07:56 -0700] "GET /GitHub-Mark.png HTTP/1.1" 200 7428 "http://www.secrepo.com/" "Mozilla/5.0 (Windows NT 6.1; Win64; x64) AppleWebKit/537.36 (KHTML, like Gecko) Chrome/59.0.3071.115 Safari/537.36" 
117.239.44.164 - - [25/Jul/2017:01:07:56 -0700] "GET /twitter-icon.png HTTP/1.1" 200 27788 "http://www.secrepo.com/" "Mozilla/5.0 (Windows NT 6.1; Win64; x64) AppleWebKit/537.36 (KHTML, like Gecko) Chrome/59.0.3071.115 Safari/537.36" 
117.239.44.164 - - [25/Jul/2017:01:08:09 -0700] "GET /bootstrap/img/favicon.ico HTTP/1.1" 200 590 "http://www.secrepo.com/" "Mozilla/5.0 (Windows NT 6.1; Win64; x64) AppleWebKit/537.36 (KHTML, like Gecko) Chrome/59.0.3071.115 Safari/537.36" 
95.234.222.72 - - [25/Jul/2017:01:10:04 -0700] "GET / HTTP/1.1" 200 10794 "https://www.google.it/" "Mozilla/5.0 (Windows NT 10.0; Win64; x64) AppleWebKit/537.36 (KHTML, like Gecko) Chrome/59.0.3071.115 Safari/537.36" 
95.234.222.72 - - [25/Jul/2017:01:10:04 -0700] "GET /twitter-icon.png HTTP/1.1" 200 27787 "http://www.secrepo.com/" "Mozilla/5.0 (Windows NT 10.0; Win64; x64) AppleWebKit/537.36 (KHTML, like Gecko) Chrome/59.0.3071.115 Safari/537.36" 
95.234.222.72 - - [25/Jul/2017:01:10:04 -0700] "GET /GitHub-Mark.png HTTP/1.1" 200 7428 "http://www.secrepo.com/" "Mozilla/5.0 (Windows NT 10.0; Win64; x64) AppleWebKit/537.36 (KHTML, like Gecko) Chrome/59.0.3071.115 Safari/537.36" 
95.234.222.72 - - [25/Jul/2017:01:10:05 -0700] "GET /bootstrap/img/favicon.ico HTTP/1.1" 200 589 "http://www.secrepo.com/" "Mozilla/5.0 (Windows NT 10.0; Win64; x64) AppleWebKit/537.36 (KHTML, like Gecko) Chrome/59.0.3071.115 Safari/537.36" 
207.46.13.109 - - [25/Jul/2017:01:10:56 -0700] "GET /self.logs/access.log.2015-04-25.gz HTTP/1.1" 200 2858 "-" "Mozilla/5.0 (compatible; bingbot/2.0; +http://www.bing.com/bingbot.htm)" 
120.221.1.28 - - [25/Jul/2017:01:11:00 -0700] "GET /maccdc2012/files.log.gz HTTP/1.1" 304 155 "-" "Mozilla/5.0 Gecko/20100115 Firefox/3.6" 
39.33.242.203 - - [25/Jul/2017:01:12:38 -0700] "GET /wp-login.php HTTP/1.1" 301 522 "-" "Mozilla/5.0 (Windows NT 6.1; WOW64; rv:40.0) Gecko/20100101 Firefox/40.1" 
39.33.242.203 - - [25/Jul/2017:01:12:39 -0700] "GET /wp-login.php HTTP/1.1" 404 295 "-" "Mozilla/5.0 (Windows NT 6.1; WOW64; rv:40.0) Gecko/20100101 Firefox/40.1" 
39.33.242.203 - - [25/Jul/2017:01:12:44 -0700] "GET /wp-login.php HTTP/1.1" 301 522 "-" "Mozilla/5.0 (Windows NT 6.1; WOW64; rv:40.0) Gecko/20100101 Firefox/40.1" 
39.33.242.203 - - [25/Jul/2017:01:12:45 -0700] "GET /wp-login.php HTTP/1.1" 404 295 "-" "Mozilla/5.0 (Windows NT 6.1; WOW64; rv:40.0) Gecko/20100101 Firefox/40.1" 
39.33.242.203 - - [25/Jul/2017:01:12:51 -0700] "GET / HTTP/1.1" 301 498 "-" "Mozilla/5.0 (Windows NT 6.1; WOW64; rv:40.0) Gecko/20100101 Firefox/40.1" 
39.33.242.203 - - [25/Jul/2017:01:12:51 -0700] "GET / HTTP/1.1" 200 36476 "-" "Mozilla/5.0 (Windows NT 6.1; WOW64; rv:40.0) Gecko/20100101 Firefox/40.1" 
91.139.213.142 - - [25/Jul/2017:01:17:21 -0700] "GET /wp-login.php HTTP/1.1" 404 295 "-" "Mozilla/5.0 (Windows NT 6.1; WOW64; rv:40.0) Gecko/20100101 Firefox/40.1" 
91.139.213.142 - - [25/Jul/2017:01:17:26 -0700] "GET /wp-login.php HTTP/1.1" 404 295 "-" "Mozilla/5.0 (Windows NT 6.1; WOW64; rv:40.0) Gecko/20100101 Firefox/40.1" 
91.139.213.142 - - [25/Jul/2017:01:17:32 -0700] "GET / HTTP/1.1" 200 36476 "-" "Mozilla/5.0 (Windows NT 6.1; WOW64; rv:40.0) Gecko/20100101 Firefox/40.1" 
157.55.39.217 - - [25/Jul/2017:01:30:02 -0700] "GET /self.logs/access.log.2016-12-09.gz HTTP/1.1" 200 9483 "-" "Mozilla/5.0 (compatible; bingbot/2.0; +http://www.bing.com/bingbot.htm)" 
120.192.95.88 - - [25/Jul/2017:01:30:54 -0700] "GET /maccdc2012/maccdc2012_full_alert.7z HTTP/1.1" 304 132 "-" "Mozilla/5.0 Gecko/20100115 Firefox/3.6" 
157.55.39.217 - - [25/Jul/2017:01:32:34 -0700] "GET /self.logs/access.log.2015-12-10.gz HTTP/1.1" 200 6124 "-" "Mozilla/5.0 (compatible; bingbot/2.0; +http://www.bing.com/bingbot.htm)" 
66.249.79.60 - - [25/Jul/2017:01:35:56 -0700] "GET / HTTP/1.1" 301 483 "-" "Mozilla/5.0 (Linux; Android 6.0.1; Nexus 5X Build/MMB29P) AppleWebKit/537.36 (KHTML, like Gecko) Chrome/41.0.2272.96 Mobile Safari/537.36 (compatible; Googlebot/2.1; +http://www.google.com/bot.html)" 
114.72.87.153 - - [25/Jul/2017:01:45:04 -0700] "GET /wp-login.php HTTP/1.1" 404 295 "-" "Mozilla/5.0 (Windows NT 6.1; WOW64; rv:40.0) Gecko/20100101 Firefox/40.1" 
114.72.87.153 - - [25/Jul/2017:01:45:10 -0700] "GET /wp-login.php HTTP/1.1" 404 295 "-" "Mozilla/5.0 (Windows NT 6.1; WOW64; rv:40.0) Gecko/20100101 Firefox/40.1" 
114.72.87.153 - - [25/Jul/2017:01:45:15 -0700] "GET / HTTP/1.1" 200 36476 "-" "Mozilla/5.0 (Windows NT 6.1; WOW64; rv:40.0) Gecko/20100101 Firefox/40.1" 
118.201.191.194 - - [25/Jul/2017:01:48:33 -0700] "GET / HTTP/1.1" 200 10794 "https://www.google.com.sg/" "Mozilla/5.0 (Windows NT 6.0; rv:52.0) Gecko/20100101 Firefox/52.0" 
118.201.191.194 - - [25/Jul/2017:01:48:35 -0700] "GET /bootstrap/img/favicon.ico HTTP/1.1" 200 590 "-" "Mozilla/5.0 (Windows NT 6.0; rv:52.0) Gecko/20100101 Firefox/52.0" 
118.201.191.194 - - [25/Jul/2017:01:48:36 -0700] "GET /GitHub-Mark.png HTTP/1.1" 200 7428 "http://www.secrepo.com/" "Mozilla/5.0 (Windows NT 6.0; rv:52.0) Gecko/20100101 Firefox/52.0" 
118.201.191.194 - - [25/Jul/2017:01:48:36 -0700] "GET /twitter-icon.png HTTP/1.1" 200 27787 "http://www.secrepo.com/" "Mozilla/5.0 (Windows NT 6.0; rv:52.0) Gecko/20100101 Firefox/52.0" 
180.179.40.26 - - [25/Jul/2017:01:56:48 -0700] "GET / HTTP/1.1" 304 189 "-" "Mozilla/5.0 (Windows NT 6.1; Win64; x64) AppleWebKit/537.36 (KHTML, like Gecko) Chrome/59.0.3071.115 Safari/537.36" 
199.47.87.141 - - [25/Jul/2017:01:57:27 -0700] "GET /robots.txt HTTP/1.1" 301 446 "-" "TurnitinBot (https://turnitin.com/robot/crawlerinfo.html)" 
199.47.87.141 - - [25/Jul/2017:01:57:28 -0700] "GET /robots.txt HTTP/1.1" 200 304 "-" "TurnitinBot (https://turnitin.com/robot/crawlerinfo.html)" 
199.47.87.141 - - [25/Jul/2017:01:57:28 -0700] "GET /robots.txt HTTP/1.1" 200 304 "-" "TurnitinBot (https://turnitin.com/robot/crawlerinfo.html)" 
199.47.87.141 - - [25/Jul/2017:01:57:28 -0700] "GET / HTTP/1.1" 200 10738 "-" "TurnitinBot (https://turnitin.com/robot/crawlerinfo.html)" 
123.125.67.225 - - [25/Jul/2017:01:58:36 -0700] "GET /robots.txt HTTP/1.1" 200 297 "-" "Mozilla/5.0 (Windows NT 10.0; WOW64) AppleWebKit/537.36 (KHTML, like Gecko) Chrome/45.0.2454.93 Safari/537.36" 
86.87.157.142 - - [25/Jul/2017:02:01:14 -0700] "GET /wp-login.php HTTP/1.1" 404 295 "-" "Mozilla/5.0 (Windows NT 6.1; WOW64; rv:40.0) Gecko/20100101 Firefox/40.1" 
86.87.157.142 - - [25/Jul/2017:02:01:19 -0700] "GET /wp-login.php HTTP/1.1" 404 295 "-" "Mozilla/5.0 (Windows NT 6.1; WOW64; rv:40.0) Gecko/20100101 Firefox/40.1" 
86.87.157.142 - - [25/Jul/2017:02:01:24 -0700] "GET / HTTP/1.1" 200 36476 "-" "Mozilla/5.0 (Windows NT 6.1; WOW64; rv:40.0) Gecko/20100101 Firefox/40.1" 
220.181.108.167 - - [25/Jul/2017:02:01:26 -0700] "GET /pe_static/apt1.zip HTTP/1.1" 200 1983291 "-" "Mozilla/5.0 (compatible; Baiduspider/2.0; +http://www.baidu.com/search/spider.html)" 
144.36.133.38 - - [25/Jul/2017:02:03:32 -0700] "GET / HTTP/1.1" 200 10794 "-" "Mozilla/5.0 (Windows NT 10.0; Win64; x64) AppleWebKit/537.36 (KHTML, like Gecko) Chrome/59.0.3071.115 Safari/537.36" 
144.36.133.38 - - [25/Jul/2017:02:03:33 -0700] "GET /twitter-icon.png HTTP/1.1" 200 27787 "http://www.secrepo.com/" "Mozilla/5.0 (Windows NT 10.0; Win64; x64) AppleWebKit/537.36 (KHTML, like Gecko) Chrome/59.0.3071.115 Safari/537.36" 
144.36.133.38 - - [25/Jul/2017:02:03:33 -0700] "GET /GitHub-Mark.png HTTP/1.1" 200 7428 "http://www.secrepo.com/" "Mozilla/5.0 (Windows NT 10.0; Win64; x64) AppleWebKit/537.36 (KHTML, like Gecko) Chrome/59.0.3071.115 Safari/537.36" 
109.160.106.250 - - [25/Jul/2017:02:04:53 -0700] "GET /wp-login.php HTTP/1.1" 404 295 "-" "Mozilla/5.0 (Windows NT 6.1; WOW64; rv:40.0) Gecko/20100101 Firefox/40.1" 
86.87.157.142 - - [25/Jul/2017:02:04:53 -0700] "GET /wp-login.php HTTP/1.1" 301 522 "-" "Mozilla/5.0 (Windows NT 6.1; WOW64; rv:40.0) Gecko/20100101 Firefox/40.1" 
86.87.157.142 - - [25/Jul/2017:02:04:54 -0700] "GET /wp-login.php HTTP/1.1" 404 295 "-" "Mozilla/5.0 (Windows NT 6.1; WOW64; rv:40.0) Gecko/20100101 Firefox/40.1" 
109.160.106.250 - - [25/Jul/2017:02:04:58 -0700] "GET /wp-login.php HTTP/1.1" 404 295 "-" "Mozilla/5.0 (Windows NT 6.1; WOW64; rv:40.0) Gecko/20100101 Firefox/40.1" 
86.87.157.142 - - [25/Jul/2017:02:04:59 -0700] "GET /wp-login.php HTTP/1.1" 301 522 "-" "Mozilla/5.0 (Windows NT 6.1; WOW64; rv:40.0) Gecko/20100101 Firefox/40.1" 
86.87.157.142 - - [25/Jul/2017:02:04:59 -0700] "GET /wp-login.php HTTP/1.1" 404 295 "-" "Mozilla/5.0 (Windows NT 6.1; WOW64; rv:40.0) Gecko/20100101 Firefox/40.1" 
109.160.106.250 - - [25/Jul/2017:02:05:04 -0700] "GET / HTTP/1.1" 200 36476 "-" "Mozilla/5.0 (Windows NT 6.1; WOW64; rv:40.0) Gecko/20100101 Firefox/40.1" 
86.87.157.142 - - [25/Jul/2017:02:05:04 -0700] "GET / HTTP/1.1" 301 498 "-" "Mozilla/5.0 (Windows NT 6.1; WOW64; rv:40.0) Gecko/20100101 Firefox/40.1" 
86.87.157.142 - - [25/Jul/2017:02:05:04 -0700] "GET / HTTP/1.1" 200 36476 "-" "Mozilla/5.0 (Windows NT 6.1; WOW64; rv:40.0) Gecko/20100101 Firefox/40.1" 
106.91.200.18 - - [25/Jul/2017:02:11:41 -0700] "GET /maccdc2012/maccdc2012_full_alert.7z HTTP/1.1" 200 24978942 "-" "Mozilla/5.0 (compatible; MSIE 6.0; Windows NT 5.0)" 
