209.88.91.222 - - [17/Mar/2017:01:47:49 -0700] "GET /maccdc2012/conn.log.gz HTTP/1.1" 206 28000 "http://www.secrepo.com/" "Mozilla/5.0 (Windows NT 10.0; Win64; x64; rv:52.0) Gecko/20100101 Firefox/52.0" 
41.78.78.26 - - [17/Mar/2017:01:48:03 -0700] "GET /maccdc2012/conn.log.gz HTTP/1.1" 206 75600 "http://www.secrepo.com/" "Mozilla/5.0 (Windows NT 10.0; Win64; x64; rv:52.0) Gecko/20100101 Firefox/52.0" 
41.78.78.26 - - [17/Mar/2017:01:46:26 -0700] "GET /maccdc2012/conn.log.gz HTTP/1.1" 206 457800 "http://www.secrepo.com/" "Mozilla/5.0 (Windows NT 10.0; Win64; x64; rv:52.0) Gecko/20100101 Firefox/52.0" 
209.88.91.222 - - [17/Mar/2017:01:47:51 -0700] "GET /maccdc2012/conn.log.gz HTTP/1.1" 206 47600 "http://www.secrepo.com/" "Mozilla/5.0 (Windows NT 10.0; Win64; x64; rv:52.0) Gecko/20100101 Firefox/52.0" 
209.88.91.222 - - [17/Mar/2017:01:46:45 -0700] "GET /maccdc2012/conn.log.gz HTTP/1.1" 206 326200 "http://www.secrepo.com/" "Mozilla/5.0 (Windows NT 10.0; Win64; x64; rv:52.0) Gecko/20100101 Firefox/52.0" 
41.78.78.26 - - [17/Mar/2017:01:48:00 -0700] "GET /maccdc2012/conn.log.gz HTTP/1.1" 206 135800 "http://www.secrepo.com/" "Mozilla/5.0 (Windows NT 10.0; Win64; x64; rv:52.0) Gecko/20100101 Firefox/52.0" 
41.78.78.26 - - [17/Mar/2017:01:46:46 -0700] "GET /maccdc2012/conn.log.gz HTTP/1.1" 206 371000 "http://www.secrepo.com/" "Mozilla/5.0 (Windows NT 10.0; Win64; x64; rv:52.0) Gecko/20100101 Firefox/52.0" 
209.88.91.222 - - [17/Mar/2017:01:48:44 -0700] "GET /maccdc2012/conn.log.gz HTTP/1.1" 206 58800 "http://www.secrepo.com/" "Mozilla/5.0 (Windows NT 10.0; Win64; x64; rv:52.0) Gecko/20100101 Firefox/52.0" 
41.78.78.26 - - [17/Mar/2017:01:48:48 -0700] "GET /maccdc2012/conn.log.gz HTTP/1.1" 206 92400 "http://www.secrepo.com/" "Mozilla/5.0 (Windows NT 10.0; Win64; x64; rv:52.0) Gecko/20100101 Firefox/52.0" 
209.88.91.222 - - [17/Mar/2017:01:48:27 -0700] "GET /maccdc2012/conn.log.gz HTTP/1.1" 206 72800 "http://www.secrepo.com/" "Mozilla/5.0 (Windows NT 10.0; Win64; x64; rv:52.0) Gecko/20100101 Firefox/52.0" 
209.88.91.222 - - [17/Mar/2017:01:49:10 -0700] "GET /maccdc2012/conn.log.gz HTTP/1.1" 206 144200 "http://www.secrepo.com/" "Mozilla/5.0 (Windows NT 10.0; Win64; x64; rv:52.0) Gecko/20100101 Firefox/52.0" 
209.88.91.222 - - [17/Mar/2017:01:49:18 -0700] "GET /maccdc2012/conn.log.gz HTTP/1.1" 206 107800 "http://www.secrepo.com/" "Mozilla/5.0 (Windows NT 10.0; Win64; x64; rv:52.0) Gecko/20100101 Firefox/52.0" 
41.78.78.26 - - [17/Mar/2017:01:50:26 -0700] "GET /maccdc2012/conn.log.gz HTTP/1.1" 206 126000 "http://www.secrepo.com/" "Mozilla/5.0 (Windows NT 10.0; Win64; x64; rv:52.0) Gecko/20100101 Firefox/52.0" 
209.88.91.222 - - [17/Mar/2017:01:49:44 -0700] "GET /maccdc2012/conn.log.gz HTTP/1.1" 206 89600 "http://www.secrepo.com/" "Mozilla/5.0 (Windows NT 10.0; Win64; x64; rv:52.0) Gecko/20100101 Firefox/52.0" 
41.78.78.26 - - [17/Mar/2017:01:49:43 -0700] "GET /maccdc2012/conn.log.gz HTTP/1.1" 206 91000 "http://www.secrepo.com/" "Mozilla/5.0 (Windows NT 10.0; Win64; x64; rv:52.0) Gecko/20100101 Firefox/52.0" 
41.78.78.26 - - [17/Mar/2017:01:49:17 -0700] "GET /maccdc2012/conn.log.gz HTTP/1.1" 206 70000 "http://www.secrepo.com/" "Mozilla/5.0 (Windows NT 10.0; Win64; x64; rv:52.0) Gecko/20100101 Firefox/52.0" 
209.88.91.222 - - [17/Mar/2017:01:49:32 -0700] "GET /maccdc2012/conn.log.gz HTTP/1.1" 206 128800 "http://www.secrepo.com/" "Mozilla/5.0 (Windows NT 10.0; Win64; x64; rv:52.0) Gecko/20100101 Firefox/52.0" 
209.88.91.222 - - [17/Mar/2017:01:48:59 -0700] "GET /maccdc2012/conn.log.gz HTTP/1.1" 206 226800 "http://www.secrepo.com/" "Mozilla/5.0 (Windows NT 10.0; Win64; x64; rv:52.0) Gecko/20100101 Firefox/52.0" 
209.88.91.222 - - [17/Mar/2017:01:50:32 -0700] "GET /maccdc2012/conn.log.gz HTTP/1.1" 206 127400 "http://www.secrepo.com/" "Mozilla/5.0 (Windows NT 10.0; Win64; x64; rv:52.0) Gecko/20100101 Firefox/52.0" 
41.78.78.26 - - [17/Mar/2017:01:52:03 -0700] "GET /maccdc2012/conn.log.gz HTTP/1.1" 206 57400 "http://www.secrepo.com/" "Mozilla/5.0 (Windows NT 10.0; Win64; x64; rv:52.0) Gecko/20100101 Firefox/52.0" 
209.88.91.222 - - [17/Mar/2017:01:52:03 -0700] "GET /maccdc2012/conn.log.gz HTTP/1.1" 206 28000 "http://www.secrepo.com/" "Mozilla/5.0 (Windows NT 10.0; Win64; x64; rv:52.0) Gecko/20100101 Firefox/52.0" 
41.78.78.26 - - [17/Mar/2017:01:50:45 -0700] "GET /maccdc2012/conn.log.gz HTTP/1.1" 206 184800 "http://www.secrepo.com/" "Mozilla/5.0 (Windows NT 10.0; Win64; x64; rv:52.0) Gecko/20100101 Firefox/52.0" 
41.78.78.26 - - [17/Mar/2017:01:52:04 -0700] "GET /maccdc2012/conn.log.gz HTTP/1.1" 206 47600 "http://www.secrepo.com/" "Mozilla/5.0 (Windows NT 10.0; Win64; x64; rv:52.0) Gecko/20100101 Firefox/52.0" 
41.78.78.26 - - [17/Mar/2017:01:51:22 -0700] "GET /maccdc2012/conn.log.gz HTTP/1.1" 206 100800 "http://www.secrepo.com/" "Mozilla/5.0 (Windows NT 10.0; Win64; x64; rv:52.0) Gecko/20100101 Firefox/52.0" 
41.78.78.26 - - [17/Mar/2017:01:51:56 -0700] "GET /maccdc2012/conn.log.gz HTTP/1.1" 206 74200 "http://www.secrepo.com/" "Mozilla/5.0 (Windows NT 10.0; Win64; x64; rv:52.0) Gecko/20100101 Firefox/52.0" 
41.78.78.26 - - [17/Mar/2017:01:50:47 -0700] "GET /maccdc2012/conn.log.gz HTTP/1.1" 206 57400 "http://www.secrepo.com/" "Mozilla/5.0 (Windows NT 10.0; Win64; x64; rv:52.0) Gecko/20100101 Firefox/52.0" 
41.78.78.26 - - [17/Mar/2017:01:49:54 -0700] "GET /maccdc2012/conn.log.gz HTTP/1.1" 206 159600 "http://www.secrepo.com/" "Mozilla/5.0 (Windows NT 10.0; Win64; x64; rv:52.0) Gecko/20100101 Firefox/52.0" 
41.78.78.26 - - [17/Mar/2017:01:51:03 -0700] "GET /maccdc2012/conn.log.gz HTTP/1.1" 206 67200 "http://www.secrepo.com/" "Mozilla/5.0 (Windows NT 10.0; Win64; x64; rv:52.0) Gecko/20100101 Firefox/52.0" 
209.88.91.222 - - [17/Mar/2017:01:50:35 -0700] "GET /maccdc2012/conn.log.gz HTTP/1.1" 206 233800 "http://www.secrepo.com/" "Mozilla/5.0 (Windows NT 10.0; Win64; x64; rv:52.0) Gecko/20100101 Firefox/52.0" 
41.78.78.26 - - [17/Mar/2017:01:51:15 -0700] "GET /maccdc2012/conn.log.gz HTTP/1.1" 206 70000 "http://www.secrepo.com/" "Mozilla/5.0 (Windows NT 10.0; Win64; x64; rv:52.0) Gecko/20100101 Firefox/52.0" 
209.88.91.222 - - [17/Mar/2017:01:52:24 -0700] "GET /maccdc2012/conn.log.gz HTTP/1.1" 206 133000 "http://www.secrepo.com/" "Mozilla/5.0 (Windows NT 10.0; Win64; x64; rv:52.0) Gecko/20100101 Firefox/52.0" 
209.88.91.222 - - [17/Mar/2017:01:51:52 -0700] "GET /maccdc2012/conn.log.gz HTTP/1.1" 206 28000 "http://www.secrepo.com/" "Mozilla/5.0 (Windows NT 10.0; Win64; x64; rv:52.0) Gecko/20100101 Firefox/52.0" 
209.88.91.222 - - [17/Mar/2017:01:52:29 -0700] "GET /maccdc2012/conn.log.gz HTTP/1.1" 206 75600 "http://www.secrepo.com/" "Mozilla/5.0 (Windows NT 10.0; Win64; x64; rv:52.0) Gecko/20100101 Firefox/52.0" 
209.88.91.222 - - [17/Mar/2017:01:52:24 -0700] "GET /maccdc2012/conn.log.gz HTTP/1.1" 206 28000 "http://www.secrepo.com/" "Mozilla/5.0 (Windows NT 10.0; Win64; x64; rv:52.0) Gecko/20100101 Firefox/52.0" 
209.88.91.222 - - [17/Mar/2017:01:52:29 -0700] "GET /maccdc2012/conn.log.gz HTTP/1.1" 206 58800 "http://www.secrepo.com/" "Mozilla/5.0 (Windows NT 10.0; Win64; x64; rv:52.0) Gecko/20100101 Firefox/52.0" 
41.78.78.26 - - [17/Mar/2017:01:52:29 -0700] "GET /maccdc2012/conn.log.gz HTTP/1.1" 206 124600 "http://www.secrepo.com/" "Mozilla/5.0 (Windows NT 10.0; Win64; x64; rv:52.0) Gecko/20100101 Firefox/52.0" 
41.78.78.26 - - [17/Mar/2017:01:52:29 -0700] "GET /maccdc2012/conn.log.gz HTTP/1.1" 206 92400 "http://www.secrepo.com/" "Mozilla/5.0 (Windows NT 10.0; Win64; x64; rv:52.0) Gecko/20100101 Firefox/52.0" 
41.78.78.26 - - [17/Mar/2017:01:52:29 -0700] "GET /maccdc2012/conn.log.gz HTTP/1.1" 206 68600 "http://www.secrepo.com/" "Mozilla/5.0 (Windows NT 10.0; Win64; x64; rv:52.0) Gecko/20100101 Firefox/52.0" 
41.78.78.26 - - [17/Mar/2017:01:52:29 -0700] "GET /maccdc2012/conn.log.gz HTTP/1.1" 206 135800 "http://www.secrepo.com/" "Mozilla/5.0 (Windows NT 10.0; Win64; x64; rv:52.0) Gecko/20100101 Firefox/52.0" 
209.88.91.222 - - [17/Mar/2017:01:53:04 -0700] "GET /maccdc2012/conn.log.gz HTTP/1.1" 206 53200 "http://www.secrepo.com/" "Mozilla/5.0 (Windows NT 10.0; Win64; x64; rv:52.0) Gecko/20100101 Firefox/52.0" 
209.88.91.222 - - [17/Mar/2017:01:53:13 -0700] "GET /maccdc2012/conn.log.gz HTTP/1.1" 206 100800 "http://www.secrepo.com/" "Mozilla/5.0 (Windows NT 10.0; Win64; x64; rv:52.0) Gecko/20100101 Firefox/52.0" 
209.88.91.222 - - [17/Mar/2017:01:53:23 -0700] "GET /maccdc2012/conn.log.gz HTTP/1.1" 206 53200 "http://www.secrepo.com/" "Mozilla/5.0 (Windows NT 10.0; Win64; x64; rv:52.0) Gecko/20100101 Firefox/52.0" 
209.88.91.222 - - [17/Mar/2017:01:53:11 -0700] "GET /maccdc2012/conn.log.gz HTTP/1.1" 206 141400 "http://www.secrepo.com/" "Mozilla/5.0 (Windows NT 10.0; Win64; x64; rv:52.0) Gecko/20100101 Firefox/52.0" 
209.88.91.222 - - [17/Mar/2017:01:53:46 -0700] "GET /maccdc2012/conn.log.gz HTTP/1.1" 206 58800 "http://www.secrepo.com/" "Mozilla/5.0 (Windows NT 10.0; Win64; x64; rv:52.0) Gecko/20100101 Firefox/52.0" 
41.78.78.26 - - [17/Mar/2017:01:53:46 -0700] "GET /maccdc2012/conn.log.gz HTTP/1.1" 206 112000 "http://www.secrepo.com/" "Mozilla/5.0 (Windows NT 10.0; Win64; x64; rv:52.0) Gecko/20100101 Firefox/52.0" 
209.88.91.222 - - [17/Mar/2017:01:53:47 -0700] "GET /maccdc2012/conn.log.gz HTTP/1.1" 206 65800 "http://www.secrepo.com/" "Mozilla/5.0 (Windows NT 10.0; Win64; x64; rv:52.0) Gecko/20100101 Firefox/52.0" 
41.78.78.26 - - [17/Mar/2017:01:53:38 -0700] "GET /maccdc2012/conn.log.gz HTTP/1.1" 206 72800 "http://www.secrepo.com/" "Mozilla/5.0 (Windows NT 10.0; Win64; x64; rv:52.0) Gecko/20100101 Firefox/52.0" 
41.78.78.26 - - [17/Mar/2017:01:54:25 -0700] "GET /maccdc2012/conn.log.gz HTTP/1.1" 206 250600 "http://www.secrepo.com/" "Mozilla/5.0 (Windows NT 10.0; Win64; x64; rv:52.0) Gecko/20100101 Firefox/52.0" 
209.88.91.222 - - [17/Mar/2017:01:54:53 -0700] "GET /maccdc2012/conn.log.gz HTTP/1.1" 206 65800 "http://www.secrepo.com/" "Mozilla/5.0 (Windows NT 10.0; Win64; x64; rv:52.0) Gecko/20100101 Firefox/52.0" 
209.88.91.222 - - [17/Mar/2017:01:53:15 -0700] "GET /maccdc2012/conn.log.gz HTTP/1.1" 206 198800 "http://www.secrepo.com/" "Mozilla/5.0 (Windows NT 10.0; Win64; x64; rv:52.0) Gecko/20100101 Firefox/52.0" 
209.88.91.222 - - [17/Mar/2017:01:54:41 -0700] "GET /maccdc2012/conn.log.gz HTTP/1.1" 206 58800 "http://www.secrepo.com/" "Mozilla/5.0 (Windows NT 10.0; Win64; x64; rv:52.0) Gecko/20100101 Firefox/52.0" 
209.88.91.222 - - [17/Mar/2017:01:54:49 -0700] "GET /maccdc2012/conn.log.gz HTTP/1.1" 206 53200 "http://www.secrepo.com/" "Mozilla/5.0 (Windows NT 10.0; Win64; x64; rv:52.0) Gecko/20100101 Firefox/52.0" 
209.88.91.222 - - [17/Mar/2017:01:54:47 -0700] "GET /maccdc2012/conn.log.gz HTTP/1.1" 206 100800 "http://www.secrepo.com/" "Mozilla/5.0 (Windows NT 10.0; Win64; x64; rv:52.0) Gecko/20100101 Firefox/52.0" 
209.88.91.222 - - [17/Mar/2017:01:54:25 -0700] "GET /maccdc2012/conn.log.gz HTTP/1.1" 206 81200 "http://www.secrepo.com/" "Mozilla/5.0 (Windows NT 10.0; Win64; x64; rv:52.0) Gecko/20100101 Firefox/52.0" 
41.78.78.26 - - [17/Mar/2017:01:55:06 -0700] "GET /maccdc2012/conn.log.gz HTTP/1.1" 206 74200 "http://www.secrepo.com/" "Mozilla/5.0 (Windows NT 10.0; Win64; x64; rv:52.0) Gecko/20100101 Firefox/52.0" 
209.88.91.222 - - [17/Mar/2017:01:55:40 -0700] "GET /maccdc2012/conn.log.gz HTTP/1.1" 206 65800 "http://www.secrepo.com/" "Mozilla/5.0 (Windows NT 10.0; Win64; x64; rv:52.0) Gecko/20100101 Firefox/52.0" 
209.88.91.222 - - [17/Mar/2017:01:55:44 -0700] "GET /maccdc2012/conn.log.gz HTTP/1.1" 206 61600 "http://www.secrepo.com/" "Mozilla/5.0 (Windows NT 10.0; Win64; x64; rv:52.0) Gecko/20100101 Firefox/52.0" 
209.88.91.222 - - [17/Mar/2017:01:55:45 -0700] "GET /maccdc2012/conn.log.gz HTTP/1.1" 206 96600 "http://www.secrepo.com/" "Mozilla/5.0 (Windows NT 10.0; Win64; x64; rv:52.0) Gecko/20100101 Firefox/52.0" 
41.78.78.26 - - [17/Mar/2017:01:56:14 -0700] "GET /maccdc2012/conn.log.gz HTTP/1.1" 206 229600 "http://www.secrepo.com/" "Mozilla/5.0 (Windows NT 10.0; Win64; x64; rv:52.0) Gecko/20100101 Firefox/52.0" 
41.78.78.26 - - [17/Mar/2017:01:55:40 -0700] "GET /maccdc2012/conn.log.gz HTTP/1.1" 206 284200 "http://www.secrepo.com/" "Mozilla/5.0 (Windows NT 10.0; Win64; x64; rv:52.0) Gecko/20100101 Firefox/52.0" 
209.88.91.222 - - [17/Mar/2017:01:55:47 -0700] "GET /maccdc2012/conn.log.gz HTTP/1.1" 206 140000 "http://www.secrepo.com/" "Mozilla/5.0 (Windows NT 10.0; Win64; x64; rv:52.0) Gecko/20100101 Firefox/52.0" 
41.78.78.26 - - [17/Mar/2017:01:56:17 -0700] "GET /maccdc2012/conn.log.gz HTTP/1.1" 206 142800 "http://www.secrepo.com/" "Mozilla/5.0 (Windows NT 10.0; Win64; x64; rv:52.0) Gecko/20100101 Firefox/52.0" 
41.78.78.26 - - [17/Mar/2017:01:56:12 -0700] "GET /maccdc2012/conn.log.gz HTTP/1.1" 206 208600 "http://www.secrepo.com/" "Mozilla/5.0 (Windows NT 10.0; Win64; x64; rv:52.0) Gecko/20100101 Firefox/52.0" 
209.88.91.222 - - [17/Mar/2017:01:57:37 -0700] "GET /maccdc2012/conn.log.gz HTTP/1.1" 206 64400 "http://www.secrepo.com/" "Mozilla/5.0 (Windows NT 10.0; Win64; x64; rv:52.0) Gecko/20100101 Firefox/52.0" 
209.88.91.222 - - [17/Mar/2017:01:57:02 -0700] "GET /maccdc2012/conn.log.gz HTTP/1.1" 206 28000 "http://www.secrepo.com/" "Mozilla/5.0 (Windows NT 10.0; Win64; x64; rv:52.0) Gecko/20100101 Firefox/52.0" 
41.78.78.26 - - [17/Mar/2017:01:57:06 -0700] "GET /maccdc2012/conn.log.gz HTTP/1.1" 206 113400 "http://www.secrepo.com/" "Mozilla/5.0 (Windows NT 10.0; Win64; x64; rv:52.0) Gecko/20100101 Firefox/52.0" 
41.78.78.26 - - [17/Mar/2017:01:56:39 -0700] "GET /maccdc2012/conn.log.gz HTTP/1.1" 206 194600 "http://www.secrepo.com/" "Mozilla/5.0 (Windows NT 10.0; Win64; x64; rv:52.0) Gecko/20100101 Firefox/52.0" 
209.88.91.222 - - [17/Mar/2017:01:57:06 -0700] "GET /maccdc2012/conn.log.gz HTTP/1.1" 206 58800 "http://www.secrepo.com/" "Mozilla/5.0 (Windows NT 10.0; Win64; x64; rv:52.0) Gecko/20100101 Firefox/52.0" 
41.78.78.26 - - [17/Mar/2017:01:57:14 -0700] "GET /maccdc2012/conn.log.gz HTTP/1.1" 206 145600 "http://www.secrepo.com/" "Mozilla/5.0 (Windows NT 10.0; Win64; x64; rv:52.0) Gecko/20100101 Firefox/52.0" 
209.88.91.222 - - [17/Mar/2017:01:58:23 -0700] "GET /maccdc2012/conn.log.gz HTTP/1.1" 206 58800 "http://www.secrepo.com/" "Mozilla/5.0 (Windows NT 10.0; Win64; x64; rv:52.0) Gecko/20100101 Firefox/52.0" 
209.88.91.222 - - [17/Mar/2017:01:57:50 -0700] "GET /maccdc2012/conn.log.gz HTTP/1.1" 206 65800 "http://www.secrepo.com/" "Mozilla/5.0 (Windows NT 10.0; Win64; x64; rv:52.0) Gecko/20100101 Firefox/52.0" 
41.78.78.26 - - [17/Mar/2017:01:59:08 -0700] "GET /maccdc2012/conn.log.gz HTTP/1.1" 206 56000 "http://www.secrepo.com/" "Mozilla/5.0 (Windows NT 10.0; Win64; x64; rv:52.0) Gecko/20100101 Firefox/52.0" 
209.88.91.222 - - [17/Mar/2017:01:57:24 -0700] "GET /maccdc2012/conn.log.gz HTTP/1.1" 206 130200 "http://www.secrepo.com/" "Mozilla/5.0 (Windows NT 10.0; Win64; x64; rv:52.0) Gecko/20100101 Firefox/52.0" 
209.88.91.222 - - [17/Mar/2017:01:58:24 -0700] "GET /maccdc2012/conn.log.gz HTTP/1.1" 206 100800 "http://www.secrepo.com/" "Mozilla/5.0 (Windows NT 10.0; Win64; x64; rv:52.0) Gecko/20100101 Firefox/52.0" 
209.88.91.222 - - [17/Mar/2017:01:57:55 -0700] "GET /maccdc2012/conn.log.gz HTTP/1.1" 206 128800 "http://www.secrepo.com/" "Mozilla/5.0 (Windows NT 10.0; Win64; x64; rv:52.0) Gecko/20100101 Firefox/52.0" 
209.88.91.222 - - [17/Mar/2017:01:58:28 -0700] "GET /maccdc2012/conn.log.gz HTTP/1.1" 206 142800 "http://www.secrepo.com/" "Mozilla/5.0 (Windows NT 10.0; Win64; x64; rv:52.0) Gecko/20100101 Firefox/52.0" 
41.78.78.26 - - [17/Mar/2017:01:58:47 -0700] "GET /maccdc2012/conn.log.gz HTTP/1.1" 206 40600 "http://www.secrepo.com/" "Mozilla/5.0 (Windows NT 10.0; Win64; x64; rv:52.0) Gecko/20100101 Firefox/52.0" 
41.78.78.26 - - [17/Mar/2017:01:58:40 -0700] "GET /maccdc2012/conn.log.gz HTTP/1.1" 206 70000 "http://www.secrepo.com/" "Mozilla/5.0 (Windows NT 10.0; Win64; x64; rv:52.0) Gecko/20100101 Firefox/52.0" 
41.78.78.26 - - [17/Mar/2017:01:57:37 -0700] "GET /maccdc2012/conn.log.gz HTTP/1.1" 206 438200 "http://www.secrepo.com/" "Mozilla/5.0 (Windows NT 10.0; Win64; x64; rv:52.0) Gecko/20100101 Firefox/52.0" 
209.88.91.222 - - [17/Mar/2017:01:59:55 -0700] "GET /maccdc2012/conn.log.gz HTTP/1.1" 206 184800 "http://www.secrepo.com/" "Mozilla/5.0 (Windows NT 10.0; Win64; x64; rv:52.0) Gecko/20100101 Firefox/52.0" 
41.78.78.26 - - [17/Mar/2017:01:59:50 -0700] "GET /maccdc2012/conn.log.gz HTTP/1.1" 206 235200 "http://www.secrepo.com/" "Mozilla/5.0 (Windows NT 10.0; Win64; x64; rv:52.0) Gecko/20100101 Firefox/52.0" 
209.88.91.222 - - [17/Mar/2017:02:00:00 -0700] "GET /maccdc2012/conn.log.gz HTTP/1.1" 206 70000 "http://www.secrepo.com/" "Mozilla/5.0 (Windows NT 10.0; Win64; x64; rv:52.0) Gecko/20100101 Firefox/52.0" 
209.88.91.222 - - [17/Mar/2017:01:59:41 -0700] "GET /maccdc2012/conn.log.gz HTTP/1.1" 206 124600 "http://www.secrepo.com/" "Mozilla/5.0 (Windows NT 10.0; Win64; x64; rv:52.0) Gecko/20100101 Firefox/52.0" 
41.78.78.26 - - [17/Mar/2017:01:59:55 -0700] "GET /maccdc2012/conn.log.gz HTTP/1.1" 206 68600 "http://www.secrepo.com/" "Mozilla/5.0 (Windows NT 10.0; Win64; x64; rv:52.0) Gecko/20100101 Firefox/52.0" 
41.78.78.26 - - [17/Mar/2017:01:59:41 -0700] "GET /maccdc2012/conn.log.gz HTTP/1.1" 206 148400 "http://www.secrepo.com/" "Mozilla/5.0 (Windows NT 10.0; Win64; x64; rv:52.0) Gecko/20100101 Firefox/52.0" 
41.78.78.26 - - [17/Mar/2017:02:00:59 -0700] "GET /maccdc2012/conn.log.gz HTTP/1.1" 206 137200 "http://www.secrepo.com/" "Mozilla/5.0 (Windows NT 10.0; Win64; x64; rv:52.0) Gecko/20100101 Firefox/52.0" 
41.78.78.26 - - [17/Mar/2017:01:59:52 -0700] "GET /maccdc2012/conn.log.gz HTTP/1.1" 206 214200 "http://www.secrepo.com/" "Mozilla/5.0 (Windows NT 10.0; Win64; x64; rv:52.0) Gecko/20100101 Firefox/52.0" 
209.88.91.222 - - [17/Mar/2017:02:00:59 -0700] "GET /maccdc2012/conn.log.gz HTTP/1.1" 206 61600 "http://www.secrepo.com/" "Mozilla/5.0 (Windows NT 10.0; Win64; x64; rv:52.0) Gecko/20100101 Firefox/52.0" 
209.88.91.222 - - [17/Mar/2017:02:01:00 -0700] "GET /maccdc2012/conn.log.gz HTTP/1.1" 206 120400 "http://www.secrepo.com/" "Mozilla/5.0 (Windows NT 10.0; Win64; x64; rv:52.0) Gecko/20100101 Firefox/52.0" 
163.172.66.69 - - [17/Mar/2017:02:02:44 -0700] "GET /self.logs/access.log.2016-08-27.gz HTTP/1.1" 200 7074 "-" "Mozilla/5.0 (compatible; AhrefsBot/5.2; +http://ahrefs.com/robot/)" 
209.88.91.222 - - [17/Mar/2017:02:01:12 -0700] "GET /maccdc2012/conn.log.gz HTTP/1.1" 206 64400 "http://www.secrepo.com/" "Mozilla/5.0 (Windows NT 10.0; Win64; x64; rv:52.0) Gecko/20100101 Firefox/52.0" 
41.78.78.26 - - [17/Mar/2017:02:01:29 -0700] "GET /maccdc2012/conn.log.gz HTTP/1.1" 206 113400 "http://www.secrepo.com/" "Mozilla/5.0 (Windows NT 10.0; Win64; x64; rv:52.0) Gecko/20100101 Firefox/52.0" 
41.78.78.26 - - [17/Mar/2017:02:01:12 -0700] "GET /maccdc2012/conn.log.gz HTTP/1.1" 206 148400 "http://www.secrepo.com/" "Mozilla/5.0 (Windows NT 10.0; Win64; x64; rv:52.0) Gecko/20100101 Firefox/52.0" 
41.78.78.26 - - [17/Mar/2017:02:01:20 -0700] "GET /maccdc2012/conn.log.gz HTTP/1.1" 206 74200 "http://www.secrepo.com/" "Mozilla/5.0 (Windows NT 10.0; Win64; x64; rv:52.0) Gecko/20100101 Firefox/52.0" 
209.88.91.222 - - [17/Mar/2017:02:01:58 -0700] "GET /maccdc2012/conn.log.gz HTTP/1.1" 206 193200 "http://www.secrepo.com/" "Mozilla/5.0 (Windows NT 10.0; Win64; x64; rv:52.0) Gecko/20100101 Firefox/52.0" 
41.78.78.26 - - [17/Mar/2017:02:02:50 -0700] "GET /maccdc2012/conn.log.gz HTTP/1.1" 206 232400 "http://www.secrepo.com/" "Mozilla/5.0 (Windows NT 10.0; Win64; x64; rv:52.0) Gecko/20100101 Firefox/52.0" 
77.88.47.100 - - [17/Mar/2017:02:04:24 -0700] "GET / HTTP/1.1" 200 10792 "-" "Mozilla/5.0 (compatible; YandexBot/3.0; +http://yandex.com/bots)" 
41.78.78.26 - - [17/Mar/2017:02:03:15 -0700] "GET /maccdc2012/conn.log.gz HTTP/1.1" 206 123200 "http://www.secrepo.com/" "Mozilla/5.0 (Windows NT 10.0; Win64; x64; rv:52.0) Gecko/20100101 Firefox/52.0" 
209.88.91.222 - - [17/Mar/2017:02:02:48 -0700] "GET /maccdc2012/conn.log.gz HTTP/1.1" 206 81200 "http://www.secrepo.com/" "Mozilla/5.0 (Windows NT 10.0; Win64; x64; rv:52.0) Gecko/20100101 Firefox/52.0" 
209.88.91.222 - - [17/Mar/2017:02:03:08 -0700] "GET /maccdc2012/conn.log.gz HTTP/1.1" 206 105000 "http://www.secrepo.com/" "Mozilla/5.0 (Windows NT 10.0; Win64; x64; rv:52.0) Gecko/20100101 Firefox/52.0" 
41.78.78.26 - - [17/Mar/2017:02:01:23 -0700] "GET /maccdc2012/conn.log.gz HTTP/1.1" 206 445200 "http://www.secrepo.com/" "Mozilla/5.0 (Windows NT 10.0; Win64; x64; rv:52.0) Gecko/20100101 Firefox/52.0" 
209.88.91.222 - - [17/Mar/2017:02:04:38 -0700] "GET /maccdc2012/conn.log.gz HTTP/1.1" 206 28000 "http://www.secrepo.com/" "Mozilla/5.0 (Windows NT 10.0; Win64; x64; rv:52.0) Gecko/20100101 Firefox/52.0" 
209.88.91.222 - - [17/Mar/2017:02:04:40 -0700] "GET /maccdc2012/conn.log.gz HTTP/1.1" 206 95200 "http://www.secrepo.com/" "Mozilla/5.0 (Windows NT 10.0; Win64; x64; rv:52.0) Gecko/20100101 Firefox/52.0" 
41.78.78.26 - - [17/Mar/2017:02:04:39 -0700] "GET /maccdc2012/conn.log.gz HTTP/1.1" 206 47600 "http://www.secrepo.com/" "Mozilla/5.0 (Windows NT 10.0; Win64; x64; rv:52.0) Gecko/20100101 Firefox/52.0" 
209.88.91.222 - - [17/Mar/2017:02:03:56 -0700] "GET /maccdc2012/conn.log.gz HTTP/1.1" 206 121800 "http://www.secrepo.com/" "Mozilla/5.0 (Windows NT 10.0; Win64; x64; rv:52.0) Gecko/20100101 Firefox/52.0" 
209.88.91.222 - - [17/Mar/2017:02:02:19 -0700] "GET /maccdc2012/conn.log.gz HTTP/1.1" 206 162400 "http://www.secrepo.com/" "Mozilla/5.0 (Windows NT 10.0; Win64; x64; rv:52.0) Gecko/20100101 Firefox/52.0" 
41.78.78.26 - - [17/Mar/2017:02:04:23 -0700] "GET /maccdc2012/conn.log.gz HTTP/1.1" 206 58800 "http://www.secrepo.com/" "Mozilla/5.0 (Windows NT 10.0; Win64; x64; rv:52.0) Gecko/20100101 Firefox/52.0" 
209.88.91.222 - - [17/Mar/2017:02:03:55 -0700] "GET /maccdc2012/conn.log.gz HTTP/1.1" 206 64400 "http://www.secrepo.com/" "Mozilla/5.0 (Windows NT 10.0; Win64; x64; rv:52.0) Gecko/20100101 Firefox/52.0" 
41.78.78.26 - - [17/Mar/2017:02:01:57 -0700] "GET /maccdc2012/conn.log.gz HTTP/1.1" 206 429800 "http://www.secrepo.com/" "Mozilla/5.0 (Windows NT 10.0; Win64; x64; rv:52.0) Gecko/20100101 Firefox/52.0" 
218.245.0.40 - - [17/Mar/2017:02:05:26 -0700] "GET / HTTP/1.1" 200 36475 "http://www.secrepo.com/" "Mozilla/4.0 (compatible; MSIE 9.0; Windows NT 6.1)" 
41.78.78.26 - - [17/Mar/2017:02:03:55 -0700] "GET /maccdc2012/conn.log.gz HTTP/1.1" 206 135800 "http://www.secrepo.com/" "Mozilla/5.0 (Windows NT 10.0; Win64; x64; rv:52.0) Gecko/20100101 Firefox/52.0" 
41.78.78.26 - - [17/Mar/2017:02:01:54 -0700] "GET /maccdc2012/conn.log.gz HTTP/1.1" 206 357000 "http://www.secrepo.com/" "Mozilla/5.0 (Windows NT 10.0; Win64; x64; rv:52.0) Gecko/20100101 Firefox/52.0" 
41.78.78.26 - - [17/Mar/2017:02:03:58 -0700] "GET /maccdc2012/conn.log.gz HTTP/1.1" 206 137200 "http://www.secrepo.com/" "Mozilla/5.0 (Windows NT 10.0; Win64; x64; rv:52.0) Gecko/20100101 Firefox/52.0" 
209.88.91.222 - - [17/Mar/2017:02:05:10 -0700] "GET /maccdc2012/conn.log.gz HTTP/1.1" 206 112000 "http://www.secrepo.com/" "Mozilla/5.0 (Windows NT 10.0; Win64; x64; rv:52.0) Gecko/20100101 Firefox/52.0" 
218.245.0.40 - - [17/Mar/2017:02:06:12 -0700] "GET / HTTP/1.1" 200 36475 "http://www.secrepo.com/" "Mozilla/4.0 (compatible; MSIE 9.0; Windows NT 6.1)" 
41.78.78.26 - - [17/Mar/2017:02:04:59 -0700] "GET /maccdc2012/conn.log.gz HTTP/1.1" 206 327600 "http://www.secrepo.com/" "Mozilla/5.0 (Windows NT 10.0; Win64; x64; rv:52.0) Gecko/20100101 Firefox/52.0" 
209.88.91.222 - - [17/Mar/2017:02:05:10 -0700] "GET /maccdc2012/conn.log.gz HTTP/1.1" 206 107800 "http://www.secrepo.com/" "Mozilla/5.0 (Windows NT 10.0; Win64; x64; rv:52.0) Gecko/20100101 Firefox/52.0" 
218.245.0.40 - - [17/Mar/2017:02:06:58 -0700] "GET / HTTP/1.1" 200 36475 "http://www.secrepo.com/" "Mozilla/4.0 (compatible; MSIE 9.0; Windows NT 6.1)" 
41.78.78.26 - - [17/Mar/2017:02:05:10 -0700] "GET /maccdc2012/conn.log.gz HTTP/1.1" 206 170800 "http://www.secrepo.com/" "Mozilla/5.0 (Windows NT 10.0; Win64; x64; rv:52.0) Gecko/20100101 Firefox/52.0" 
41.78.78.26 - - [17/Mar/2017:02:05:52 -0700] "GET /maccdc2012/conn.log.gz HTTP/1.1" 206 100800 "http://www.secrepo.com/" "Mozilla/5.0 (Windows NT 10.0; Win64; x64; rv:52.0) Gecko/20100101 Firefox/52.0" 
41.78.78.26 - - [17/Mar/2017:02:05:11 -0700] "GET /maccdc2012/conn.log.gz HTTP/1.1" 206 140000 "http://www.secrepo.com/" "Mozilla/5.0 (Windows NT 10.0; Win64; x64; rv:52.0) Gecko/20100101 Firefox/52.0" 
41.78.78.26 - - [17/Mar/2017:02:05:04 -0700] "GET /maccdc2012/conn.log.gz HTTP/1.1" 206 267400 "http://www.secrepo.com/" "Mozilla/5.0 (Windows NT 10.0; Win64; x64; rv:52.0) Gecko/20100101 Firefox/52.0" 
209.88.91.222 - - [17/Mar/2017:02:05:10 -0700] "GET /maccdc2012/conn.log.gz HTTP/1.1" 206 180600 "http://www.secrepo.com/" "Mozilla/5.0 (Windows NT 10.0; Win64; x64; rv:52.0) Gecko/20100101 Firefox/52.0" 
209.88.91.222 - - [17/Mar/2017:02:06:36 -0700] "GET /maccdc2012/conn.log.gz HTTP/1.1" 206 124600 "http://www.secrepo.com/" "Mozilla/5.0 (Windows NT 10.0; Win64; x64; rv:52.0) Gecko/20100101 Firefox/52.0" 
163.172.66.121 - - [17/Mar/2017:02:07:58 -0700] "GET /self.logs/access.log.2016-06-08.gz HTTP/1.1" 200 8738 "-" "Mozilla/5.0 (compatible; AhrefsBot/5.2; +http://ahrefs.com/robot/)" 
41.78.78.26 - - [17/Mar/2017:02:05:50 -0700] "GET /maccdc2012/conn.log.gz HTTP/1.1" 206 215600 "http://www.secrepo.com/" "Mozilla/5.0 (Windows NT 10.0; Win64; x64; rv:52.0) Gecko/20100101 Firefox/52.0" 
41.78.78.26 - - [17/Mar/2017:02:05:11 -0700] "GET /maccdc2012/conn.log.gz HTTP/1.1" 206 348600 "http://www.secrepo.com/" "Mozilla/5.0 (Windows NT 10.0; Win64; x64; rv:52.0) Gecko/20100101 Firefox/52.0" 
209.88.91.222 - - [17/Mar/2017:02:07:05 -0700] "GET /maccdc2012/conn.log.gz HTTP/1.1" 206 116200 "http://www.secrepo.com/" "Mozilla/5.0 (Windows NT 10.0; Win64; x64; rv:52.0) Gecko/20100101 Firefox/52.0" 
209.88.91.222 - - [17/Mar/2017:02:07:30 -0700] "GET /maccdc2012/conn.log.gz HTTP/1.1" 206 92400 "http://www.secrepo.com/" "Mozilla/5.0 (Windows NT 10.0; Win64; x64; rv:52.0) Gecko/20100101 Firefox/52.0" 
41.78.78.26 - - [17/Mar/2017:02:06:57 -0700] "GET /maccdc2012/conn.log.gz HTTP/1.1" 206 189000 "http://www.secrepo.com/" "Mozilla/5.0 (Windows NT 10.0; Win64; x64; rv:52.0) Gecko/20100101 Firefox/52.0" 
209.88.91.222 - - [17/Mar/2017:02:07:49 -0700] "GET /maccdc2012/conn.log.gz HTTP/1.1" 206 67200 "http://www.secrepo.com/" "Mozilla/5.0 (Windows NT 10.0; Win64; x64; rv:52.0) Gecko/20100101 Firefox/52.0" 
41.78.78.26 - - [17/Mar/2017:02:07:50 -0700] "GET /maccdc2012/conn.log.gz HTTP/1.1" 206 131600 "http://www.secrepo.com/" "Mozilla/5.0 (Windows NT 10.0; Win64; x64; rv:52.0) Gecko/20100101 Firefox/52.0" 
41.78.78.26 - - [17/Mar/2017:02:08:57 -0700] "GET /maccdc2012/conn.log.gz HTTP/1.1" 206 53200 "http://www.secrepo.com/" "Mozilla/5.0 (Windows NT 10.0; Win64; x64; rv:52.0) Gecko/20100101 Firefox/52.0" 
41.78.78.26 - - [17/Mar/2017:02:07:54 -0700] "GET /maccdc2012/conn.log.gz HTTP/1.1" 206 135800 "http://www.secrepo.com/" "Mozilla/5.0 (Windows NT 10.0; Win64; x64; rv:52.0) Gecko/20100101 Firefox/52.0" 
209.88.91.222 - - [17/Mar/2017:02:08:15 -0700] "GET /maccdc2012/conn.log.gz HTTP/1.1" 206 67200 "http://www.secrepo.com/" "Mozilla/5.0 (Windows NT 10.0; Win64; x64; rv:52.0) Gecko/20100101 Firefox/52.0" 
209.88.91.222 - - [17/Mar/2017:02:05:58 -0700] "GET /maccdc2012/conn.log.gz HTTP/1.1" 206 541800 "http://www.secrepo.com/" "Mozilla/5.0 (Windows NT 10.0; Win64; x64; rv:52.0) Gecko/20100101 Firefox/52.0" 
209.88.91.222 - - [17/Mar/2017:02:09:13 -0700] "GET /maccdc2012/conn.log.gz HTTP/1.1" 206 110600 "http://www.secrepo.com/" "Mozilla/5.0 (Windows NT 10.0; Win64; x64; rv:52.0) Gecko/20100101 Firefox/52.0" 
41.78.78.26 - - [17/Mar/2017:02:06:43 -0700] "GET /maccdc2012/conn.log.gz HTTP/1.1" 206 432600 "http://www.secrepo.com/" "Mozilla/5.0 (Windows NT 10.0; Win64; x64; rv:52.0) Gecko/20100101 Firefox/52.0" 
209.88.91.222 - - [17/Mar/2017:02:08:28 -0700] "GET /maccdc2012/conn.log.gz HTTP/1.1" 206 95200 "http://www.secrepo.com/" "Mozilla/5.0 (Windows NT 10.0; Win64; x64; rv:52.0) Gecko/20100101 Firefox/52.0" 
41.78.78.26 - - [17/Mar/2017:02:09:20 -0700] "GET /maccdc2012/conn.log.gz HTTP/1.1" 206 75600 "http://www.secrepo.com/" "Mozilla/5.0 (Windows NT 10.0; Win64; x64; rv:52.0) Gecko/20100101 Firefox/52.0" 
41.78.78.26 - - [17/Mar/2017:02:06:41 -0700] "GET /maccdc2012/conn.log.gz HTTP/1.1" 206 247800 "http://www.secrepo.com/" "Mozilla/5.0 (Windows NT 10.0; Win64; x64; rv:52.0) Gecko/20100101 Firefox/52.0" 
41.78.78.26 - - [17/Mar/2017:02:10:11 -0700] "GET /maccdc2012/conn.log.gz HTTP/1.1" 206 68600 "http://www.secrepo.com/" "Mozilla/5.0 (Windows NT 10.0; Win64; x64; rv:52.0) Gecko/20100101 Firefox/52.0" 
209.88.91.222 - - [17/Mar/2017:02:08:58 -0700] "GET /maccdc2012/conn.log.gz HTTP/1.1" 206 78400 "http://www.secrepo.com/" "Mozilla/5.0 (Windows NT 10.0; Win64; x64; rv:52.0) Gecko/20100101 Firefox/52.0" 
41.78.78.26 - - [17/Mar/2017:02:10:17 -0700] "GET /maccdc2012/conn.log.gz HTTP/1.1" 206 28000 "http://www.secrepo.com/" "Mozilla/5.0 (Windows NT 10.0; Win64; x64; rv:52.0) Gecko/20100101 Firefox/52.0" 
209.88.91.222 - - [17/Mar/2017:02:09:40 -0700] "GET /maccdc2012/conn.log.gz HTTP/1.1" 206 102200 "http://www.secrepo.com/" "Mozilla/5.0 (Windows NT 10.0; Win64; x64; rv:52.0) Gecko/20100101 Firefox/52.0" 
209.88.91.222 - - [17/Mar/2017:02:10:01 -0700] "GET /maccdc2012/conn.log.gz HTTP/1.1" 206 58800 "http://www.secrepo.com/" "Mozilla/5.0 (Windows NT 10.0; Win64; x64; rv:52.0) Gecko/20100101 Firefox/52.0" 
41.78.78.26 - - [17/Mar/2017:02:09:08 -0700] "GET /maccdc2012/conn.log.gz HTTP/1.1" 206 193200 "http://www.secrepo.com/" "Mozilla/5.0 (Windows NT 10.0; Win64; x64; rv:52.0) Gecko/20100101 Firefox/52.0" 
41.78.78.26 - - [17/Mar/2017:02:10:26 -0700] "GET /maccdc2012/conn.log.gz HTTP/1.1" 206 28000 "http://www.secrepo.com/" "Mozilla/5.0 (Windows NT 10.0; Win64; x64; rv:52.0) Gecko/20100101 Firefox/52.0" 
41.78.78.26 - - [17/Mar/2017:02:10:53 -0700] "GET /maccdc2012/conn.log.gz HTTP/1.1" 206 71400 "http://www.secrepo.com/" "Mozilla/5.0 (Windows NT 10.0; Win64; x64; rv:52.0) Gecko/20100101 Firefox/52.0" 
209.88.91.222 - - [17/Mar/2017:02:10:54 -0700] "GET /maccdc2012/conn.log.gz HTTP/1.1" 206 113400 "http://www.secrepo.com/" "Mozilla/5.0 (Windows NT 10.0; Win64; x64; rv:52.0) Gecko/20100101 Firefox/52.0" 
41.78.78.26 - - [17/Mar/2017:02:10:09 -0700] "GET /maccdc2012/conn.log.gz HTTP/1.1" 206 215600 "http://www.secrepo.com/" "Mozilla/5.0 (Windows NT 10.0; Win64; x64; rv:52.0) Gecko/20100101 Firefox/52.0" 
41.78.78.26 - - [17/Mar/2017:02:09:29 -0700] "GET /maccdc2012/conn.log.gz HTTP/1.1" 206 296800 "http://www.secrepo.com/" "Mozilla/5.0 (Windows NT 10.0; Win64; x64; rv:52.0) Gecko/20100101 Firefox/52.0" 
209.88.91.222 - - [17/Mar/2017:02:11:23 -0700] "GET /maccdc2012/conn.log.gz HTTP/1.1" 206 92400 "http://www.secrepo.com/" "Mozilla/5.0 (Windows NT 10.0; Win64; x64; rv:52.0) Gecko/20100101 Firefox/52.0" 
41.78.78.26 - - [17/Mar/2017:02:11:26 -0700] "GET /maccdc2012/conn.log.gz HTTP/1.1" 206 215600 "http://www.secrepo.com/" "Mozilla/5.0 (Windows NT 10.0; Win64; x64; rv:52.0) Gecko/20100101 Firefox/52.0" 
209.88.91.222 - - [17/Mar/2017:02:11:31 -0700] "GET /maccdc2012/conn.log.gz HTTP/1.1" 206 70000 "http://www.secrepo.com/" "Mozilla/5.0 (Windows NT 10.0; Win64; x64; rv:52.0) Gecko/20100101 Firefox/52.0" 
209.88.91.222 - - [17/Mar/2017:02:11:56 -0700] "GET /maccdc2012/conn.log.gz HTTP/1.1" 206 128800 "http://www.secrepo.com/" "Mozilla/5.0 (Windows NT 10.0; Win64; x64; rv:52.0) Gecko/20100101 Firefox/52.0" 
41.78.78.26 - - [17/Mar/2017:02:11:42 -0700] "GET /maccdc2012/conn.log.gz HTTP/1.1" 206 372400 "http://www.secrepo.com/" "Mozilla/5.0 (Windows NT 10.0; Win64; x64; rv:52.0) Gecko/20100101 Firefox/52.0" 
209.88.91.222 - - [17/Mar/2017:02:13:33 -0700] "GET /maccdc2012/conn.log.gz HTTP/1.1" 206 53200 "http://www.secrepo.com/" "Mozilla/5.0 (Windows NT 10.0; Win64; x64; rv:52.0) Gecko/20100101 Firefox/52.0" 
209.88.91.222 - - [17/Mar/2017:02:13:10 -0700] "GET /maccdc2012/conn.log.gz HTTP/1.1" 206 119000 "http://www.secrepo.com/" "Mozilla/5.0 (Windows NT 10.0; Win64; x64; rv:52.0) Gecko/20100101 Firefox/52.0" 
209.88.91.222 - - [17/Mar/2017:02:13:25 -0700] "GET /maccdc2012/conn.log.gz HTTP/1.1" 206 61600 "http://www.secrepo.com/" "Mozilla/5.0 (Windows NT 10.0; Win64; x64; rv:52.0) Gecko/20100101 Firefox/52.0" 
209.88.91.222 - - [17/Mar/2017:02:10:23 -0700] "GET /maccdc2012/conn.log.gz HTTP/1.1" 206 341600 "http://www.secrepo.com/" "Mozilla/5.0 (Windows NT 10.0; Win64; x64; rv:52.0) Gecko/20100101 Firefox/52.0" 
41.78.78.26 - - [17/Mar/2017:02:12:14 -0700] "GET /maccdc2012/conn.log.gz HTTP/1.1" 206 106400 "http://www.secrepo.com/" "Mozilla/5.0 (Windows NT 10.0; Win64; x64; rv:52.0) Gecko/20100101 Firefox/52.0" 
41.78.78.26 - - [17/Mar/2017:02:12:05 -0700] "GET /maccdc2012/conn.log.gz HTTP/1.1" 206 92400 "http://www.secrepo.com/" "Mozilla/5.0 (Windows NT 10.0; Win64; x64; rv:52.0) Gecko/20100101 Firefox/52.0" 
41.78.78.26 - - [17/Mar/2017:02:12:50 -0700] "GET /maccdc2012/conn.log.gz HTTP/1.1" 206 53200 "http://www.secrepo.com/" "Mozilla/5.0 (Windows NT 10.0; Win64; x64; rv:52.0) Gecko/20100101 Firefox/52.0" 
209.88.91.222 - - [17/Mar/2017:02:12:07 -0700] "GET /maccdc2012/conn.log.gz HTTP/1.1" 206 117600 "http://www.secrepo.com/" "Mozilla/5.0 (Windows NT 10.0; Win64; x64; rv:52.0) Gecko/20100101 Firefox/52.0" 
41.78.78.26 - - [17/Mar/2017:02:13:02 -0700] "GET /maccdc2012/conn.log.gz HTTP/1.1" 206 112000 "http://www.secrepo.com/" "Mozilla/5.0 (Windows NT 10.0; Win64; x64; rv:52.0) Gecko/20100101 Firefox/52.0" 
183.83.51.60 - - [17/Mar/2017:02:14:50 -0700] "GET /self.logs/ HTTP/1.1" 200 16142 "-" "Mozilla/5.0 (Macintosh; Intel Mac OS X 10_12_3) AppleWebKit/602.4.8 (KHTML, like Gecko) Version/10.0.3 Safari/602.4.8" 
183.83.51.60 - - [17/Mar/2017:02:14:51 -0700] "GET /favicon.ico HTTP/1.1" 200 268 "http://www.secrepo.com/self.logs/" "Mozilla/5.0 (Macintosh; Intel Mac OS X 10_12_3) AppleWebKit/602.4.8 (KHTML, like Gecko) Version/10.0.3 Safari/602.4.8" 
41.78.78.26 - - [17/Mar/2017:02:14:01 -0700] "GET /maccdc2012/conn.log.gz HTTP/1.1" 206 170800 "http://www.secrepo.com/" "Mozilla/5.0 (Windows NT 10.0; Win64; x64; rv:52.0) Gecko/20100101 Firefox/52.0" 
41.78.78.26 - - [17/Mar/2017:02:13:56 -0700] "GET /maccdc2012/conn.log.gz HTTP/1.1" 206 274400 "http://www.secrepo.com/" "Mozilla/5.0 (Windows NT 10.0; Win64; x64; rv:52.0) Gecko/20100101 Firefox/52.0" 
41.78.78.26 - - [17/Mar/2017:02:13:56 -0700] "GET /maccdc2012/conn.log.gz HTTP/1.1" 206 285600 "http://www.secrepo.com/" "Mozilla/5.0 (Windows NT 10.0; Win64; x64; rv:52.0) Gecko/20100101 Firefox/52.0" 
41.78.78.26 - - [17/Mar/2017:02:14:07 -0700] "GET /maccdc2012/conn.log.gz HTTP/1.1" 206 56000 "http://www.secrepo.com/" "Mozilla/5.0 (Windows NT 10.0; Win64; x64; rv:52.0) Gecko/20100101 Firefox/52.0" 
41.78.78.26 - - [17/Mar/2017:02:14:02 -0700] "GET /maccdc2012/conn.log.gz HTTP/1.1" 206 86800 "http://www.secrepo.com/" "Mozilla/5.0 (Windows NT 10.0; Win64; x64; rv:52.0) Gecko/20100101 Firefox/52.0" 
209.88.91.222 - - [17/Mar/2017:02:14:07 -0700] "GET /maccdc2012/conn.log.gz HTTP/1.1" 206 89600 "http://www.secrepo.com/" "Mozilla/5.0 (Windows NT 10.0; Win64; x64; rv:52.0) Gecko/20100101 Firefox/52.0" 
183.83.51.60 - - [17/Mar/2017:02:16:03 -0700] "GET /self.logs/error.log.2016-09-13.gz HTTP/1.1" 200 1004 "http://www.secrepo.com/self.logs/" "Mozilla/5.0 (Macintosh; Intel Mac OS X 10_12_3) AppleWebKit/602.4.8 (KHTML, like Gecko) Version/10.0.3 Safari/602.4.8" 
183.83.51.60 - - [17/Mar/2017:02:16:05 -0700] "GET /self.logs/error.log.2016-09-09.gz HTTP/1.1" 200 775 "http://www.secrepo.com/self.logs/" "Mozilla/5.0 (Macintosh; Intel Mac OS X 10_12_3) AppleWebKit/602.4.8 (KHTML, like Gecko) Version/10.0.3 Safari/602.4.8" 
183.83.51.60 - - [17/Mar/2017:02:16:08 -0700] "GET /self.logs/error.log.2016-09-13.gz HTTP/1.1" 200 920 "http://www.secrepo.com/self.logs/" "Mozilla/5.0 (Macintosh; Intel Mac OS X 10_10) AppleWebKit/600.1.25 (KHTML, like Gecko) Version/8.0 Safari/600.1.25, Mozilla/5.0 (Macintosh; Intel Mac OS X 10_10) AppleWebKit/600.1.25 (KHTML, like Gecko) Version/8.0 Safari/600.1.25" 
183.83.51.60 - - [17/Mar/2017:02:16:13 -0700] "GET /self.logs/error.log.2016-09-14.gz HTTP/1.1" 200 789 "http://www.secrepo.com/self.logs/" "Mozilla/5.0 (Macintosh; Intel Mac OS X 10_12_3) AppleWebKit/602.4.8 (KHTML, like Gecko) Version/10.0.3 Safari/602.4.8" 
209.88.91.222 - - [17/Mar/2017:02:14:51 -0700] "GET /maccdc2012/conn.log.gz HTTP/1.1" 206 99400 "http://www.secrepo.com/" "Mozilla/5.0 (Windows NT 10.0; Win64; x64; rv:52.0) Gecko/20100101 Firefox/52.0" 
183.83.51.60 - - [17/Mar/2017:02:16:15 -0700] "GET /self.logs/error.log.2016-09-15.gz HTTP/1.1" 200 707 "http://www.secrepo.com/self.logs/" "Mozilla/5.0 (Macintosh; Intel Mac OS X 10_12_3) AppleWebKit/602.4.8 (KHTML, like Gecko) Version/10.0.3 Safari/602.4.8" 
183.83.51.60 - - [17/Mar/2017:02:16:19 -0700] "GET /self.logs/error.log.2016-10-01.gz HTTP/1.1" 200 780 "http://www.secrepo.com/self.logs/" "Mozilla/5.0 (Macintosh; Intel Mac OS X 10_12_3) AppleWebKit/602.4.8 (KHTML, like Gecko) Version/10.0.3 Safari/602.4.8" 
41.78.78.26 - - [17/Mar/2017:02:13:56 -0700] "GET /maccdc2012/conn.log.gz HTTP/1.1" 206 315000 "http://www.secrepo.com/" "Mozilla/5.0 (Windows NT 10.0; Win64; x64; rv:52.0) Gecko/20100101 Firefox/52.0" 
183.83.51.60 - - [17/Mar/2017:02:16:22 -0700] "GET /self.logs/error.log.2016-10-12.gz HTTP/1.1" 200 1313 "http://www.secrepo.com/self.logs/" "Mozilla/5.0 (Macintosh; Intel Mac OS X 10_12_3) AppleWebKit/602.4.8 (KHTML, like Gecko) Version/10.0.3 Safari/602.4.8" 
183.83.51.60 - - [17/Mar/2017:02:16:24 -0700] "GET /self.logs/error.log.2016-10-13.gz HTTP/1.1" 200 828 "http://www.secrepo.com/self.logs/" "Mozilla/5.0 (Macintosh; Intel Mac OS X 10_12_3) AppleWebKit/602.4.8 (KHTML, like Gecko) Version/10.0.3 Safari/602.4.8" 
183.83.51.60 - - [17/Mar/2017:02:16:26 -0700] "GET /self.logs/error.log.2016-10-15.gz HTTP/1.1" 200 735 "http://www.secrepo.com/self.logs/" "Mozilla/5.0 (Macintosh; Intel Mac OS X 10_12_3) AppleWebKit/602.4.8 (KHTML, like Gecko) Version/10.0.3 Safari/602.4.8" 
183.83.51.60 - - [17/Mar/2017:02:16:29 -0700] "GET /self.logs/error.log.2016-10-16.gz HTTP/1.1" 200 1577 "http://www.secrepo.com/self.logs/" "Mozilla/5.0 (Macintosh; Intel Mac OS X 10_12_3) AppleWebKit/602.4.8 (KHTML, like Gecko) Version/10.0.3 Safari/602.4.8" 
209.88.91.222 - - [17/Mar/2017:02:14:08 -0700] "GET /maccdc2012/conn.log.gz HTTP/1.1" 206 270200 "http://www.secrepo.com/" "Mozilla/5.0 (Windows NT 10.0; Win64; x64; rv:52.0) Gecko/20100101 Firefox/52.0" 
183.83.51.60 - - [17/Mar/2017:02:16:33 -0700] "GET /self.logs/error.log.2016-09-09.gz HTTP/1.1" 200 691 "http://www.secrepo.com/self.logs/" "Mozilla/5.0 (Macintosh; Intel Mac OS X 10_10) AppleWebKit/600.1.25 (KHTML, like Gecko) Version/8.0 Safari/600.1.25, Mozilla/5.0 (Macintosh; Intel Mac OS X 10_10) AppleWebKit/600.1.25 (KHTML, like Gecko) Version/8.0 Safari/600.1.25" 
183.83.51.60 - - [17/Mar/2017:02:16:35 -0700] "GET /self.logs/error.log.2016-09-14.gz HTTP/1.1" 200 705 "http://www.secrepo.com/self.logs/" "Mozilla/5.0 (Macintosh; Intel Mac OS X 10_10) AppleWebKit/600.1.25 (KHTML, like Gecko) Version/8.0 Safari/600.1.25, Mozilla/5.0 (Macintosh; Intel Mac OS X 10_10) AppleWebKit/600.1.25 (KHTML, like Gecko) Version/8.0 Safari/600.1.25" 
183.83.51.60 - - [17/Mar/2017:02:16:36 -0700] "GET /self.logs/error.log.2016-10-01.gz HTTP/1.1" 200 696 "http://www.secrepo.com/self.logs/" "Mozilla/5.0 (Macintosh; Intel Mac OS X 10_10) AppleWebKit/600.1.25 (KHTML, like Gecko) Version/8.0 Safari/600.1.25, Mozilla/5.0 (Macintosh; Intel Mac OS X 10_10) AppleWebKit/600.1.25 (KHTML, like Gecko) Version/8.0 Safari/600.1.25" 
183.83.51.60 - - [17/Mar/2017:02:16:37 -0700] "GET /self.logs/error.log.2016-10-12.gz HTTP/1.1" 200 1229 "http://www.secrepo.com/self.logs/" "Mozilla/5.0 (Macintosh; Intel Mac OS X 10_10) AppleWebKit/600.1.25 (KHTML, like Gecko) Version/8.0 Safari/600.1.25, Mozilla/5.0 (Macintosh; Intel Mac OS X 10_10) AppleWebKit/600.1.25 (KHTML, like Gecko) Version/8.0 Safari/600.1.25" 
183.83.51.60 - - [17/Mar/2017:02:16:38 -0700] "GET /self.logs/error.log.2016-10-13.gz HTTP/1.1" 200 745 "http://www.secrepo.com/self.logs/" "Mozilla/5.0 (Macintosh; Intel Mac OS X 10_10) AppleWebKit/600.1.25 (KHTML, like Gecko) Version/8.0 Safari/600.1.25, Mozilla/5.0 (Macintosh; Intel Mac OS X 10_10) AppleWebKit/600.1.25 (KHTML, like Gecko) Version/8.0 Safari/600.1.25" 
183.83.51.60 - - [17/Mar/2017:02:16:39 -0700] "GET /self.logs/error.log.2016-10-15.gz HTTP/1.1" 200 652 "http://www.secrepo.com/self.logs/" "Mozilla/5.0 (Macintosh; Intel Mac OS X 10_10) AppleWebKit/600.1.25 (KHTML, like Gecko) Version/8.0 Safari/600.1.25, Mozilla/5.0 (Macintosh; Intel Mac OS X 10_10) AppleWebKit/600.1.25 (KHTML, like Gecko) Version/8.0 Safari/600.1.25" 
183.83.51.60 - - [17/Mar/2017:02:16:40 -0700] "GET /self.logs/error.log.2016-10-16.gz HTTP/1.1" 200 1702 "http://www.secrepo.com/self.logs/" "Mozilla/5.0 (Macintosh; Intel Mac OS X 10_10) AppleWebKit/600.1.25 (KHTML, like Gecko) Version/8.0 Safari/600.1.25, Mozilla/5.0 (Macintosh; Intel Mac OS X 10_10) AppleWebKit/600.1.25 (KHTML, like Gecko) Version/8.0 Safari/600.1.25" 
209.88.91.222 - - [17/Mar/2017:02:15:19 -0700] "GET /maccdc2012/conn.log.gz HTTP/1.1" 206 152600 "http://www.secrepo.com/" "Mozilla/5.0 (Windows NT 10.0; Win64; x64; rv:52.0) Gecko/20100101 Firefox/52.0" 
209.88.91.222 - - [17/Mar/2017:02:14:50 -0700] "GET /maccdc2012/conn.log.gz HTTP/1.1" 206 47600 "http://www.secrepo.com/" "Mozilla/5.0 (Windows NT 10.0; Win64; x64; rv:52.0) Gecko/20100101 Firefox/52.0" 
183.83.51.60 - - [17/Mar/2017:02:16:42 -0700] "GET /self.logs/error.log.2016-09-15.gz HTTP/1.1" 200 623 "http://www.secrepo.com/self.logs/" "Mozilla/5.0 (Macintosh; Intel Mac OS X 10_10) AppleWebKit/600.1.25 (KHTML, like Gecko) Version/8.0 Safari/600.1.25, Mozilla/5.0 (Macintosh; Intel Mac OS X 10_10) AppleWebKit/600.1.25 (KHTML, like Gecko) Version/8.0 Safari/600.1.25" 
41.78.78.26 - - [17/Mar/2017:02:16:07 -0700] "GET /maccdc2012/conn.log.gz HTTP/1.1" 206 53200 "http://www.secrepo.com/" "Mozilla/5.0 (Windows NT 10.0; Win64; x64; rv:52.0) Gecko/20100101 Firefox/52.0" 
209.88.91.222 - - [17/Mar/2017:02:15:18 -0700] "GET /maccdc2012/conn.log.gz HTTP/1.1" 206 81200 "http://www.secrepo.com/" "Mozilla/5.0 (Windows NT 10.0; Win64; x64; rv:52.0) Gecko/20100101 Firefox/52.0" 
209.88.91.222 - - [17/Mar/2017:02:15:44 -0700] "GET /maccdc2012/conn.log.gz HTTP/1.1" 206 47600 "http://www.secrepo.com/" "Mozilla/5.0 (Windows NT 10.0; Win64; x64; rv:52.0) Gecko/20100101 Firefox/52.0" 
41.78.78.26 - - [17/Mar/2017:02:15:03 -0700] "GET /maccdc2012/conn.log.gz HTTP/1.1" 206 186200 "http://www.secrepo.com/" "Mozilla/5.0 (Windows NT 10.0; Win64; x64; rv:52.0) Gecko/20100101 Firefox/52.0" 
183.83.51.60 - - [17/Mar/2017:02:17:28 -0700] "GET /self.logs/error.log.2016-12-11.gz HTTP/1.1" 200 917 "http://www.secrepo.com/self.logs/" "Mozilla/5.0 (Macintosh; Intel Mac OS X 10_12_3) AppleWebKit/602.4.8 (KHTML, like Gecko) Version/10.0.3 Safari/602.4.8" 
209.88.91.222 - - [17/Mar/2017:02:16:10 -0700] "GET /maccdc2012/conn.log.gz HTTP/1.1" 206 63000 "http://www.secrepo.com/" "Mozilla/5.0 (Windows NT 10.0; Win64; x64; rv:52.0) Gecko/20100101 Firefox/52.0" 
209.88.91.222 - - [17/Mar/2017:02:16:18 -0700] "GET /maccdc2012/conn.log.gz HTTP/1.1" 206 117600 "http://www.secrepo.com/" "Mozilla/5.0 (Windows NT 10.0; Win64; x64; rv:52.0) Gecko/20100101 Firefox/52.0" 
209.88.91.222 - - [17/Mar/2017:02:16:20 -0700] "GET /maccdc2012/conn.log.gz HTTP/1.1" 206 173600 "http://www.secrepo.com/" "Mozilla/5.0 (Windows NT 10.0; Win64; x64; rv:52.0) Gecko/20100101 Firefox/52.0" 
183.83.51.60 - - [17/Mar/2017:02:18:01 -0700] "GET /self.logs/error.log.2016-12-11.gz HTTP/1.1" 200 833 "http://www.secrepo.com/self.logs/" "Mozilla/5.0 (Macintosh; Intel Mac OS X 10_10) AppleWebKit/600.1.25 (KHTML, like Gecko) Version/8.0 Safari/600.1.25, Mozilla/5.0 (Macintosh; Intel Mac OS X 10_10) AppleWebKit/600.1.25 (KHTML, like Gecko) Version/8.0 Safari/600.1.25" 
209.88.91.222 - - [17/Mar/2017:02:16:37 -0700] "GET /maccdc2012/conn.log.gz HTTP/1.1" 206 53200 "http://www.secrepo.com/" "Mozilla/5.0 (Windows NT 10.0; Win64; x64; rv:52.0) Gecko/20100101 Firefox/52.0" 
209.88.91.222 - - [17/Mar/2017:02:16:50 -0700] "GET /maccdc2012/conn.log.gz HTTP/1.1" 206 102200 "http://www.secrepo.com/" "Mozilla/5.0 (Windows NT 10.0; Win64; x64; rv:52.0) Gecko/20100101 Firefox/52.0" 
41.78.78.26 - - [17/Mar/2017:02:16:36 -0700] "GET /maccdc2012/conn.log.gz HTTP/1.1" 206 71400 "http://www.secrepo.com/" "Mozilla/5.0 (Windows NT 10.0; Win64; x64; rv:52.0) Gecko/20100101 Firefox/52.0" 
41.78.78.26 - - [17/Mar/2017:02:17:08 -0700] "GET /maccdc2012/conn.log.gz HTTP/1.1" 206 65800 "http://www.secrepo.com/" "Mozilla/5.0 (Windows NT 10.0; Win64; x64; rv:52.0) Gecko/20100101 Firefox/52.0" 
41.78.78.26 - - [17/Mar/2017:02:17:44 -0700] "GET /maccdc2012/conn.log.gz HTTP/1.1" 206 100800 "http://www.secrepo.com/" "Mozilla/5.0 (Windows NT 10.0; Win64; x64; rv:52.0) Gecko/20100101 Firefox/52.0" 
41.78.78.26 - - [17/Mar/2017:02:17:56 -0700] "GET /maccdc2012/conn.log.gz HTTP/1.1" 206 58800 "http://www.secrepo.com/" "Mozilla/5.0 (Windows NT 10.0; Win64; x64; rv:52.0) Gecko/20100101 Firefox/52.0" 
41.78.78.26 - - [17/Mar/2017:02:16:58 -0700] "GET /maccdc2012/conn.log.gz HTTP/1.1" 206 201600 "http://www.secrepo.com/" "Mozilla/5.0 (Windows NT 10.0; Win64; x64; rv:52.0) Gecko/20100101 Firefox/52.0" 
209.88.91.222 - - [17/Mar/2017:02:17:12 -0700] "GET /maccdc2012/conn.log.gz HTTP/1.1" 206 141400 "http://www.secrepo.com/" "Mozilla/5.0 (Windows NT 10.0; Win64; x64; rv:52.0) Gecko/20100101 Firefox/52.0" 
41.78.78.26 - - [17/Mar/2017:02:17:20 -0700] "GET /maccdc2012/conn.log.gz HTTP/1.1" 206 68600 "http://www.secrepo.com/" "Mozilla/5.0 (Windows NT 10.0; Win64; x64; rv:52.0) Gecko/20100101 Firefox/52.0" 
41.78.78.26 - - [17/Mar/2017:02:15:04 -0700] "GET /maccdc2012/conn.log.gz HTTP/1.1" 206 280000 "http://www.secrepo.com/" "Mozilla/5.0 (Windows NT 10.0; Win64; x64; rv:52.0) Gecko/20100101 Firefox/52.0" 
75.119.200.128 - - [17/Mar/2017:02:19:31 -0700] "GET / HTTP/1.0" 301 461 "-" "-" 
75.119.200.128 - - [17/Mar/2017:02:19:31 -0700] "GET / HTTP/1.0" 200 36464 "-" "-" 
209.88.91.222 - - [17/Mar/2017:02:18:16 -0700] "GET /maccdc2012/conn.log.gz HTTP/1.1" 206 187600 "http://www.secrepo.com/" "Mozilla/5.0 (Windows NT 10.0; Win64; x64; rv:52.0) Gecko/20100101 Firefox/52.0" 
209.88.91.222 - - [17/Mar/2017:02:18:14 -0700] "GET /maccdc2012/conn.log.gz HTTP/1.1" 206 63000 "http://www.secrepo.com/" "Mozilla/5.0 (Windows NT 10.0; Win64; x64; rv:52.0) Gecko/20100101 Firefox/52.0" 
41.78.78.26 - - [17/Mar/2017:02:17:49 -0700] "GET /maccdc2012/conn.log.gz HTTP/1.1" 206 130200 "http://www.secrepo.com/" "Mozilla/5.0 (Windows NT 10.0; Win64; x64; rv:52.0) Gecko/20100101 Firefox/52.0" 
130.206.138.232 - - [17/Mar/2017:02:19:53 -0700] "GET / HTTP/1.1" 200 10792 "https://www.google.es/" "Mozilla/5.0 (Windows NT 10.0; Win64; x64) AppleWebKit/537.36 (KHTML, like Gecko) Chrome/56.0.2924.87 Safari/537.36" 
130.206.138.232 - - [17/Mar/2017:02:19:54 -0700] "GET /twitter-icon.png HTTP/1.1" 200 27787 "http://www.secrepo.com/" "Mozilla/5.0 (Windows NT 10.0; Win64; x64) AppleWebKit/537.36 (KHTML, like Gecko) Chrome/56.0.2924.87 Safari/537.36" 
130.206.138.232 - - [17/Mar/2017:02:19:54 -0700] "GET /GitHub-Mark.png HTTP/1.1" 200 7428 "http://www.secrepo.com/" "Mozilla/5.0 (Windows NT 10.0; Win64; x64) AppleWebKit/537.36 (KHTML, like Gecko) Chrome/56.0.2924.87 Safari/537.36" 
130.206.138.232 - - [17/Mar/2017:02:19:55 -0700] "GET /bootstrap/img/favicon.ico HTTP/1.1" 200 589 "http://www.secrepo.com/" "Mozilla/5.0 (Windows NT 10.0; Win64; x64) AppleWebKit/537.36 (KHTML, like Gecko) Chrome/56.0.2924.87 Safari/537.36" 
209.88.91.222 - - [17/Mar/2017:02:18:25 -0700] "GET /maccdc2012/conn.log.gz HTTP/1.1" 206 58800 "http://www.secrepo.com/" "Mozilla/5.0 (Windows NT 10.0; Win64; x64; rv:52.0) Gecko/20100101 Firefox/52.0" 
209.88.91.222 - - [17/Mar/2017:02:18:23 -0700] "GET /maccdc2012/conn.log.gz HTTP/1.1" 206 47600 "http://www.secrepo.com/" "Mozilla/5.0 (Windows NT 10.0; Win64; x64; rv:52.0) Gecko/20100101 Firefox/52.0" 
41.78.78.26 - - [17/Mar/2017:02:19:40 -0700] "GET /maccdc2012/conn.log.gz HTTP/1.1" 206 28000 "http://www.secrepo.com/" "Mozilla/5.0 (Windows NT 10.0; Win64; x64; rv:52.0) Gecko/20100101 Firefox/52.0" 
41.78.78.26 - - [17/Mar/2017:02:18:53 -0700] "GET /maccdc2012/conn.log.gz HTTP/1.1" 206 68600 "http://www.secrepo.com/" "Mozilla/5.0 (Windows NT 10.0; Win64; x64; rv:52.0) Gecko/20100101 Firefox/52.0" 
41.78.78.26 - - [17/Mar/2017:02:19:00 -0700] "GET /maccdc2012/conn.log.gz HTTP/1.1" 206 77000 "http://www.secrepo.com/" "Mozilla/5.0 (Windows NT 10.0; Win64; x64; rv:52.0) Gecko/20100101 Firefox/52.0" 
209.88.91.222 - - [17/Mar/2017:02:19:29 -0700] "GET /maccdc2012/conn.log.gz HTTP/1.1" 206 134400 "http://www.secrepo.com/" "Mozilla/5.0 (Windows NT 10.0; Win64; x64; rv:52.0) Gecko/20100101 Firefox/52.0" 
209.88.91.222 - - [17/Mar/2017:02:19:14 -0700] "GET /maccdc2012/conn.log.gz HTTP/1.1" 206 64400 "http://www.secrepo.com/" "Mozilla/5.0 (Windows NT 10.0; Win64; x64; rv:52.0) Gecko/20100101 Firefox/52.0" 
209.88.91.222 - - [17/Mar/2017:02:19:19 -0700] "GET /maccdc2012/conn.log.gz HTTP/1.1" 206 47600 "http://www.secrepo.com/" "Mozilla/5.0 (Windows NT 10.0; Win64; x64; rv:52.0) Gecko/20100101 Firefox/52.0" 
41.78.78.26 - - [17/Mar/2017:02:19:14 -0700] "GET /maccdc2012/conn.log.gz HTTP/1.1" 206 170800 "http://www.secrepo.com/" "Mozilla/5.0 (Windows NT 10.0; Win64; x64; rv:52.0) Gecko/20100101 Firefox/52.0" 
209.88.91.222 - - [17/Mar/2017:02:19:22 -0700] "GET /maccdc2012/conn.log.gz HTTP/1.1" 206 120400 "http://www.secrepo.com/" "Mozilla/5.0 (Windows NT 10.0; Win64; x64; rv:52.0) Gecko/20100101 Firefox/52.0" 
209.88.91.222 - - [17/Mar/2017:02:19:59 -0700] "GET /maccdc2012/conn.log.gz HTTP/1.1" 206 29400 "http://www.secrepo.com/" "Mozilla/5.0 (Windows NT 10.0; Win64; x64; rv:52.0) Gecko/20100101 Firefox/52.0" 
