68.180.230.88 - - [04/Apr/2016:13:43:41 -0700] "GET /self.logs/error.log.2015-11-28.gz HTTP/1.1" 200 563 "-" "Mozilla/5.0 (compatible; Yahoo! Slurp; http://help.yahoo.com/help/us/ysearch/slurp)" 
211.137.56.194 - - [04/Apr/2016:13:45:24 -0700] "GET /tg/a.zip HTTP/1.1" 304 132 "-" "Mozilla/5.0 Gecko/20100115 Firefox/3.6" 
211.137.56.172 - - [04/Apr/2016:13:45:25 -0700] "GET /tg/a.zip HTTP/1.1" 304 132 "-" "Mozilla/5.0 Gecko/20100115 Firefox/3.6" 
46.119.118.112 - - [04/Apr/2016:13:46:38 -0700] "GET /honeypot/ HTTP/1.1" 200 1077 "http://berlininsl.com/" "Mozilla/4.0 (compatible; MSIE 6.0; Windows NT 5.0; T312461)" 
46.119.118.112 - - [04/Apr/2016:13:46:38 -0700] "GET /honeypot/ HTTP/1.1" 200 1077 "http://royal-betting.net/" "Mozilla/4.0 (compatible; MSIE 6.0; Windows NT 5.1) Netscape/8.0.4" 
46.119.118.112 - - [04/Apr/2016:13:46:39 -0700] "GET /honeypot/ HTTP/1.1" 200 1077 "http://berlininsl.com/" "Mozilla/4.0 (compatible; MSIE 6.0; Windows NT 5.0; T312461)" 
46.119.118.112 - - [04/Apr/2016:13:46:48 -0700] "GET /honeypot/ HTTP/1.1" 200 1077 "http://cool-wedding.net/" "Mozilla/4.0 (compatible; MSIE 6.0; Windows NT 5.1) Opera 7.54 [en]" 
111.23.10.33 - - [04/Apr/2016:13:53:16 -0700] "GET /tg/a.zip HTTP/1.1" 304 132 "-" "Mozilla/5.0 Gecko/20100115 Firefox/3.6" 
111.23.10.33 - - [04/Apr/2016:13:53:17 -0700] "GET /tg/a.zip HTTP/1.1" 200 52560 "-" "Mozilla/5.0 Gecko/20100115 Firefox/3.6" 
141.8.143.159 - - [04/Apr/2016:14:08:49 -0700] "GET / HTTP/1.1" 200 8680 "-" "Mozilla/5.0 (compatible; YandexBot/3.0; +http://yandex.com/bots)" 
111.7.128.40 - - [04/Apr/2016:14:10:58 -0700] "GET /tg/a.zip HTTP/1.1" 304 132 "-" "Mozilla/5.0 Gecko/20100115 Firefox/3.6" 
66.249.66.155 - - [04/Apr/2016:14:12:01 -0700] "GET /honeypot/Honeypot%20-%20Howto.pdf HTTP/1.1" 304 168 "-" "Mozilla/5.0 (compatible; Googlebot/2.1; +http://www.google.com/bot.html)" 
66.249.66.151 - - [04/Apr/2016:14:12:01 -0700] "GET /honeypot/Honeypot%20-%20Howto.pdf HTTP/1.1" 304 168 "-" "Mozilla/5.0 (compatible; Googlebot/2.1; +http://www.google.com/bot.html)" 
211.137.56.201 - - [04/Apr/2016:14:13:32 -0700] "GET /tg/a.zip HTTP/1.1" 304 132 "-" "Mozilla/5.0 Gecko/20100115 Firefox/3.6" 
207.46.13.16 - - [04/Apr/2016:14:20:19 -0700] "GET /robots.txt HTTP/1.1" 200 289 "-" "Mozilla/5.0 (compatible; bingbot/2.0; +http://www.bing.com/bingbot.htm)" 
207.46.13.16 - - [04/Apr/2016:14:20:27 -0700] "GET /self.logs/access.log.2015-02-06.gz HTTP/1.1" 200 2879 "-" "Mozilla/5.0 (compatible; bingbot/2.0; +http://www.bing.com/bingbot.htm)" 
5.248.253.133 - - [04/Apr/2016:14:23:37 -0700] "GET /honeypot/ HTTP/1.1" 200 1077 "http://ru.meteotrend.com/" "Mozilla/4.0 (compatible; MSIE 6.0; Windows XP)" 
5.248.253.133 - - [04/Apr/2016:14:23:38 -0700] "GET /honeypot/ HTTP/1.1" 200 1077 "http://ru.meteotrend.com/" "Mozilla/4.0 (compatible; MSIE 6.0; Windows XP)" 
5.248.253.133 - - [04/Apr/2016:14:23:39 -0700] "GET /honeypot/ HTTP/1.1" 200 1077 "http://ru.meteotrend.com/" "Mozilla/4.0 (compatible; MSIE 6.0; Windows XP)" 
129.110.242.90 - - [04/Apr/2016:14:26:36 -0700] "GET / HTTP/1.1" 200 8680 "-" "Mozilla/5.0 (Macintosh; Intel Mac OS X 10_11_4) AppleWebKit/601.5.17 (KHTML, like Gecko)" 
129.110.242.90 - - [04/Apr/2016:14:26:36 -0700] "GET /apple-touch-icon-precomposed.png HTTP/1.1" 404 340 "-" "Safari/11601.5.17.1 CFNetwork/760.4.2 Darwin/15.4.0 (x86_64)" 
129.110.242.90 - - [04/Apr/2016:14:26:36 -0700] "GET /apple-touch-icon.png HTTP/1.1" 404 339 "-" "Safari/11601.5.17.1 CFNetwork/760.4.2 Darwin/15.4.0 (x86_64)" 
129.110.242.90 - - [04/Apr/2016:14:26:37 -0700] "GET /apple-touch-icon-precomposed.png HTTP/1.1" 404 339 "-" "Safari/11601.5.17.1 CFNetwork/760.4.2 Darwin/15.4.0 (x86_64)" 
129.110.242.90 - - [04/Apr/2016:14:26:37 -0700] "GET /apple-touch-icon.png HTTP/1.1" 404 339 "-" "Safari/11601.5.17.1 CFNetwork/760.4.2 Darwin/15.4.0 (x86_64)" 
51.255.65.34 - - [04/Apr/2016:14:29:29 -0700] "GET /self.logs/access.log.2016-03-21.gz HTTP/1.1" 200 6566 "-" "Mozilla/5.0 (compatible; AhrefsBot/5.1; +http://ahrefs.com/robot/)" 
164.132.161.31 - - [04/Apr/2016:14:34:45 -0700] "GET /self.logs/access.log.2015-05-13.gz HTTP/1.1" 200 7788 "-" "Mozilla/5.0 (compatible; AhrefsBot/5.1; +http://ahrefs.com/robot/)" 
180.76.15.9 - - [04/Apr/2016:14:50:41 -0700] "GET /honeypot/Honeypot%20-%20Howto%20-%20BSides%20Austin.pdf HTTP/1.1" 200 1823540 "-" "Mozilla/5.0 (compatible; Baiduspider/2.0; +http://www.baidu.com/search/spider.html)" 
123.125.71.55 - - [04/Apr/2016:14:51:11 -0700] "GET /bootstrap/img/favicon.ico HTTP/1.1" 200 553 "-" "Mozilla/5.0 (compatible; Baiduspider/2.0; +http://www.baidu.com/search/spider.html)" 
111.13.102.5 - - [04/Apr/2016:14:51:32 -0700] "GET /robots.txt HTTP/1.1" 200 297 "-" "Mozilla/5.0 (compatible; Baiduspider/2.0; +http://www.baidu.com/search/spider.html)" 
66.249.83.209 - - [04/Apr/2016:14:59:31 -0700] "GET / HTTP/1.1" 200 8680 "-" "Mozilla/5.0 (X11; Linux x86_64) AppleWebKit/537.36 (KHTML, like Gecko) Chrome/49.0.2623.75 Safari/537.36 Google Favicon" 
66.249.83.217 - - [04/Apr/2016:14:59:31 -0700] "GET /bootstrap/img/favicon.ico HTTP/1.1" 200 590 "-" "Mozilla/5.0 (X11; Linux x86_64) AppleWebKit/537.36 (KHTML, like Gecko) Chrome/49.0.2623.75 Safari/537.36 Google Favicon" 
218.200.66.203 - - [04/Apr/2016:15:13:16 -0700] "GET /tg/a.zip HTTP/1.1" 304 132 "-" "Mozilla/5.0 Gecko/20100115 Firefox/3.6" 
117.177.241.60 - - [04/Apr/2016:15:16:43 -0700] "GET /tg/a.zip HTTP/1.1" 304 132 "-" "Mozilla/5.0 Gecko/20100115 Firefox/3.6" 
117.190.191.170 - - [04/Apr/2016:15:26:24 -0700] "GET /tg/a.zip HTTP/1.1" 304 132 "-" "Mozilla/5.0 Gecko/20100115 Firefox/3.6" 
24.23.195.68 - - [04/Apr/2016:15:34:19 -0700] "GET / HTTP/1.1" 200 8680 "-" "Mozilla/5.0 (Macintosh; Intel Mac OS X 10_11_5) AppleWebKit/601.6.13 (KHTML, like Gecko)" 
24.23.195.68 - - [04/Apr/2016:15:34:20 -0700] "GET /apple-touch-icon-precomposed.png HTTP/1.1" 404 340 "-" "Safari/11601.6.13 CFNetwork/760.5 Darwin/15.5.0 (x86_64)" 
24.23.195.68 - - [04/Apr/2016:15:34:20 -0700] "GET /apple-touch-icon.png HTTP/1.1" 404 339 "-" "Safari/11601.6.13 CFNetwork/760.5 Darwin/15.5.0 (x86_64)" 
24.23.195.68 - - [04/Apr/2016:15:34:20 -0700] "GET /apple-touch-icon-precomposed.png HTTP/1.1" 404 339 "-" "Safari/11601.6.13 CFNetwork/760.5 Darwin/15.5.0 (x86_64)" 
24.23.195.68 - - [04/Apr/2016:15:34:20 -0700] "GET /apple-touch-icon.png HTTP/1.1" 404 339 "-" "Safari/11601.6.13 CFNetwork/760.5 Darwin/15.5.0 (x86_64)" 
111.13.102.137 - - [04/Apr/2016:15:53:09 -0700] "GET /robots.txt HTTP/1.1" 200 297 "-" "Mozilla/5.0 (compatible; Baiduspider/2.0; +http://www.baidu.com/search/spider.html)" 
111.23.4.148 - - [04/Apr/2016:15:57:32 -0700] "GET /tg/a.zip HTTP/1.1" 304 132 "-" "Mozilla/5.0 Gecko/20100115 Firefox/3.6" 
72.201.1.169 - - [04/Apr/2016:15:58:25 -0700] "GET / HTTP/1.1" 200 8680 "https://www.google.com/" "Mozilla/5.0 (Windows NT 10.0; WOW64) AppleWebKit/537.36 (KHTML, like Gecko) Chrome/49.0.2623.110 Safari/537.36" 
72.201.1.169 - - [04/Apr/2016:15:58:25 -0700] "GET /GitHub-Mark.png HTTP/1.1" 200 7428 "http://www.secrepo.com/" "Mozilla/5.0 (Windows NT 10.0; WOW64) AppleWebKit/537.36 (KHTML, like Gecko) Chrome/49.0.2623.110 Safari/537.36" 
72.201.1.169 - - [04/Apr/2016:15:58:25 -0700] "GET /twitter-icon.png HTTP/1.1" 200 27787 "http://www.secrepo.com/" "Mozilla/5.0 (Windows NT 10.0; WOW64) AppleWebKit/537.36 (KHTML, like Gecko) Chrome/49.0.2623.110 Safari/537.36" 
72.201.1.169 - - [04/Apr/2016:15:58:25 -0700] "GET /bootstrap/img/favicon.ico HTTP/1.1" 200 589 "http://www.secrepo.com/" "Mozilla/5.0 (Windows NT 10.0; WOW64) AppleWebKit/537.36 (KHTML, like Gecko) Chrome/49.0.2623.110 Safari/537.36" 
144.76.12.75 - - [04/Apr/2016:16:22:38 -0700] "GET /robots.txt HTTP/1.0" 301 481 "-" "Mozilla/5.0 (compatible; MJ12bot/v1.4.5; http://www.majestic12.co.uk/bot.php?+)" 
144.76.12.75 - - [04/Apr/2016:16:22:39 -0700] "GET /robots.txt HTTP/1.0" 200 252 "-" "Mozilla/5.0 (compatible; MJ12bot/v1.4.5; http://www.majestic12.co.uk/bot.php?+)" 
144.76.12.75 - - [04/Apr/2016:16:22:40 -0700] "GET /honeypot/BSidesDFW%20-%202014.ipynb HTTP/1.0" 301 523 "-" "Mozilla/5.0 (compatible; MJ12bot/v1.4.5; http://www.majestic12.co.uk/bot.php?+)" 
144.76.12.75 - - [04/Apr/2016:16:22:41 -0700] "GET /robots.txt HTTP/1.0" 200 252 "-" "Mozilla/5.0 (compatible; MJ12bot/v1.4.5; http://www.majestic12.co.uk/bot.php?+)" 
144.76.12.75 - - [04/Apr/2016:16:22:43 -0700] "GET /honeypot/BSidesDFW%20-%202014.ipynb HTTP/1.0" 200 407340 "-" "Mozilla/5.0 (compatible; MJ12bot/v1.4.5; http://www.majestic12.co.uk/bot.php?+)" 
211.137.56.194 - - [04/Apr/2016:16:45:24 -0700] "GET /tg/a.zip HTTP/1.1" 304 132 "-" "Mozilla/5.0 Gecko/20100115 Firefox/3.6" 
69.30.198.202 - - [04/Apr/2016:16:45:25 -0700] "GET /robots.txt HTTP/1.0" 200 252 "-" "Mozilla/5.0 (compatible; MJ12bot/v1.4.5; http://www.majestic12.co.uk/bot.php?+)" 
69.30.198.202 - - [04/Apr/2016:16:45:27 -0700] "GET /robots.txt HTTP/1.0" 200 252 "-" "Mozilla/5.0 (compatible; MJ12bot/v1.4.5; http://www.majestic12.co.uk/bot.php?+)" 
211.137.56.172 - - [04/Apr/2016:16:45:29 -0700] "GET /tg/a.zip HTTP/1.1" 304 132 "-" "Mozilla/5.0 Gecko/20100115 Firefox/3.6" 
69.30.198.202 - - [04/Apr/2016:16:45:28 -0700] "GET /self.logs/?C=D;O=D HTTP/1.0" 200 9341 "-" "Mozilla/5.0 (compatible; MJ12bot/v1.4.5; http://www.majestic12.co.uk/bot.php?+)" 
69.30.198.202 - - [04/Apr/2016:16:45:33 -0700] "GET /self.logs/?C=N;O=A HTTP/1.0" 200 9277 "-" "Mozilla/5.0 (compatible; MJ12bot/v1.4.5; http://www.majestic12.co.uk/bot.php?+)" 
124.163.233.82 - - [04/Apr/2016:16:52:50 -0700] "GET /tg/a.zip HTTP/1.1" 304 169 "-" "Java/1.6.0_24" 
120.52.73.14 - - [04/Apr/2016:16:52:51 -0700] "GET /tg/a.zip HTTP/1.1" 304 113 "-" "Java/1.6.0_24" 
111.23.10.33 - - [04/Apr/2016:16:53:23 -0700] "GET /tg/a.zip HTTP/1.1" 304 132 "-" "Mozilla/5.0 Gecko/20100115 Firefox/3.6" 
111.7.128.40 - - [04/Apr/2016:17:10:58 -0700] "GET /tg/a.zip HTTP/1.1" 304 132 "-" "Mozilla/5.0 Gecko/20100115 Firefox/3.6" 
211.137.56.201 - - [04/Apr/2016:17:13:35 -0700] "GET /tg/a.zip HTTP/1.1" 304 132 "-" "Mozilla/5.0 Gecko/20100115 Firefox/3.6" 
5.9.62.130 - - [04/Apr/2016:17:26:51 -0700] "GET /robots.txt HTTP/1.0" 200 252 "-" "Mozilla/5.0 (compatible; MJ12bot/v1.4.5; http://www.majestic12.co.uk/bot.php?+)" 
5.9.62.130 - - [04/Apr/2016:17:26:52 -0700] "GET /honeypot/BSidesDFW%20-%202014.ipynb HTTP/1.0" 200 312440 "-" "Mozilla/5.0 (compatible; MJ12bot/v1.4.5; http://www.majestic12.co.uk/bot.php?+)" 
5.9.62.130 - - [04/Apr/2016:17:26:55 -0700] "GET /robots.txt HTTP/1.0" 200 252 "-" "Mozilla/5.0 (compatible; MJ12bot/v1.4.5; http://www.majestic12.co.uk/bot.php?+)" 
5.9.62.130 - - [04/Apr/2016:17:26:56 -0700] "GET /self.logs/?C=D;O=A HTTP/1.0" 200 84885 "-" "Mozilla/5.0 (compatible; MJ12bot/v1.4.5; http://www.majestic12.co.uk/bot.php?+)" 
68.180.230.88 - - [04/Apr/2016:17:30:11 -0700] "GET /honeypot/honeypot.json.zip HTTP/1.1" 200 4631817 "-" "Mozilla/5.0 (compatible; Yahoo! Slurp; http://help.yahoo.com/help/us/ysearch/slurp)" 
66.249.66.151 - - [04/Apr/2016:17:31:09 -0700] "GET / HTTP/1.1" 200 8680 "-" "Mozilla/5.0 (compatible; Googlebot/2.1; +http://www.google.com/bot.html)" 
68.180.230.88 - - [04/Apr/2016:17:48:34 -0700] "GET /self.logs/access.log.2015-04-22.gz HTTP/1.1" 200 14666 "-" "Mozilla/5.0 (compatible; Yahoo! Slurp; http://help.yahoo.com/help/us/ysearch/slurp)" 
51.255.65.35 - - [04/Apr/2016:17:53:38 -0700] "GET /self.logs/error.log.2015-04-07.gz HTTP/1.1" 200 644 "-" "Mozilla/5.0 (compatible; AhrefsBot/5.1; +http://ahrefs.com/robot/)" 
100.36.19.145 - - [04/Apr/2016:18:03:35 -0700] "GET / HTTP/1.1" 200 8680 "https://www.google.com/" "Mozilla/5.0 (X11; Linux x86_64) AppleWebKit/537.36 (KHTML, like Gecko) Chrome/49.0.2623.87 Safari/537.36" 
100.36.19.145 - - [04/Apr/2016:18:03:35 -0700] "GET /twitter-icon.png HTTP/1.1" 200 27787 "http://www.secrepo.com/" "Mozilla/5.0 (X11; Linux x86_64) AppleWebKit/537.36 (KHTML, like Gecko) Chrome/49.0.2623.87 Safari/537.36" 
100.36.19.145 - - [04/Apr/2016:18:03:35 -0700] "GET /GitHub-Mark.png HTTP/1.1" 200 7428 "http://www.secrepo.com/" "Mozilla/5.0 (X11; Linux x86_64) AppleWebKit/537.36 (KHTML, like Gecko) Chrome/49.0.2623.87 Safari/537.36" 
100.36.19.145 - - [04/Apr/2016:18:03:35 -0700] "GET /bootstrap/img/favicon.ico HTTP/1.1" 200 589 "http://www.secrepo.com/" "Mozilla/5.0 (X11; Linux x86_64) AppleWebKit/537.36 (KHTML, like Gecko) Chrome/49.0.2623.87 Safari/537.36" 
218.200.66.203 - - [04/Apr/2016:18:13:18 -0700] "GET /tg/a.zip HTTP/1.1" 304 132 "-" "Mozilla/5.0 Gecko/20100115 Firefox/3.6" 
117.177.241.60 - - [04/Apr/2016:18:16:45 -0700] "GET /tg/a.zip HTTP/1.1" 304 132 "-" "Mozilla/5.0 Gecko/20100115 Firefox/3.6" 
91.200.12.106 - - [04/Apr/2016:18:25:22 -0700] "GET /honeypot/BSidesDFW%20-%202014.ipynb HTTP/1.0" 200 643860 "http://www.secrepo.com/honeypot/BSidesDFW%20-%202014.ipynb" "Mozilla/5.0 (Windows NT 10.0; WOW64) AppleWebKit/537.36 (KHTML, like Gecko) Chrome/48.0.2564.116 Safari/537.36" 
117.190.191.170 - - [04/Apr/2016:18:26:24 -0700] "GET /tg/a.zip HTTP/1.1" 304 132 "-" "Mozilla/5.0 Gecko/20100115 Firefox/3.6" 
91.200.12.106 - - [04/Apr/2016:18:42:15 -0700] "GET /honeypot/BSidesDFW%20-%202014.ipynb HTTP/1.0" 200 711020 "http://www.secrepo.com/honeypot/BSidesDFW%20-%202014.ipynb" "Mozilla/5.0 (Windows NT 6.3; WOW64) AppleWebKit/537.36 (KHTML, like Gecko) Chrome/48.0.2564.109 Safari/537.36" 
207.46.13.16 - - [04/Apr/2016:18:44:01 -0700] "GET /self.logs/access.log.2015-06-11.gz HTTP/1.1" 200 8021 "-" "Mozilla/5.0 (compatible; bingbot/2.0; +http://www.bing.com/bingbot.htm)" 
74.50.118.217 - - [04/Apr/2016:18:44:22 -0700] "GET / HTTP/1.1" 200 8680 "-" "Mozilla/5.0 (Windows NT 10.0; WOW64) AppleWebKit/537.36 (KHTML, like Gecko) Chrome/49.0.2623.110 Safari/537.36" 
111.23.4.148 - - [04/Apr/2016:18:57:36 -0700] "GET /tg/a.zip HTTP/1.1" 304 132 "-" "Mozilla/5.0 Gecko/20100115 Firefox/3.6" 
51.255.65.80 - - [04/Apr/2016:19:01:57 -0700] "GET /self.logs/access.log.2015-05-10.gz HTTP/1.1" 200 4144 "-" "Mozilla/5.0 (compatible; AhrefsBot/5.1; +http://ahrefs.com/robot/)" 
207.46.13.174 - - [04/Apr/2016:19:04:13 -0700] "GET / HTTP/1.1" 301 483 "-" "Mozilla/5.0 (compatible; bingbot/2.0; +http://www.bing.com/bingbot.htm)" 
207.46.13.174 - - [04/Apr/2016:19:09:27 -0700] "GET / HTTP/1.1" 200 8680 "-" "Mozilla/5.0 (compatible; bingbot/2.0; +http://www.bing.com/bingbot.htm)" 
157.55.39.89 - - [04/Apr/2016:19:19:59 -0700] "GET /self.logs/access.log.2015-06-01.gz HTTP/1.1" 200 4364 "-" "Mozilla/5.0 (compatible; bingbot/2.0; +http://www.bing.com/bingbot.htm)" 
180.175.163.222 - - [04/Apr/2016:19:29:20 -0700] "GET /self.logs/ HTTP/1.1" 200 9314 "https://www.google.com.hk/" "Mozilla/5.0 (Windows NT 10.0; WOW64) AppleWebKit/537.36 (KHTML, like Gecko) Chrome/49.0.2623.87 Safari/537.36" 
180.175.163.222 - - [04/Apr/2016:19:29:21 -0700] "GET /favicon.ico HTTP/1.1" 200 267 "http://www.secrepo.com/self.logs/" "Mozilla/5.0 (Windows NT 10.0; WOW64) AppleWebKit/537.36 (KHTML, like Gecko) Chrome/49.0.2623.87 Safari/537.36" 
180.175.163.222 - - [04/Apr/2016:19:29:25 -0700] "GET /self.logs/access.log.2015-01-17.gz HTTP/1.1" 200 3597 "http://www.secrepo.com/self.logs/" "Mozilla/5.0 (Windows NT 10.0; WOW64) AppleWebKit/537.36 (KHTML, like Gecko) Chrome/49.0.2623.87 Safari/537.36" 
180.175.163.222 - - [04/Apr/2016:19:29:38 -0700] "GET /self.logs/access.log.2015-01-17.gz HTTP/1.1" 200 3545 "http://www.secrepo.com/self.logs/" "Mozilla/4.0 (compatible; MSIE 7.0; Windows NT 6.2; WOW64; Trident/8.0; .NET4.0C; .NET4.0E; .NET CLR 2.0.50727; .NET CLR 3.0.30729; .NET CLR 3.5.30729)" 
61.147.94.20 - - [04/Apr/2016:19:32:01 -0700] "GET /self.logs/access.log.2015-01-17.gz HTTP/1.1" 200 3545 "http://www.secrepo.com/self.logs/" "Mozilla/5.0 (Windows NT 5.1) AppleWebKit/537.36 (KHTML, like Gecko) Chrome/38.0.2125.104 Safari/537.36" 
164.132.161.23 - - [04/Apr/2016:19:41:22 -0700] "GET /self.logs/error.log.2015-05-09.gz HTTP/1.1" 200 722 "-" "Mozilla/5.0 (compatible; AhrefsBot/5.1; +http://ahrefs.com/robot/)" 
180.175.163.222 - - [04/Apr/2016:19:44:13 -0700] "GET /self.logs/access.log.2015-01-17.gz HTTP/1.1" 200 3545 "http://www.secrepo.com/self.logs/" "Mozilla/4.0 (compatible; MSIE 7.0; Windows NT 6.2; WOW64; Trident/8.0; .NET4.0C; .NET4.0E; .NET CLR 2.0.50727; .NET CLR 3.0.30729; .NET CLR 3.5.30729)" 
211.137.56.194 - - [04/Apr/2016:19:45:29 -0700] "GET /tg/a.zip HTTP/1.1" 304 132 "-" "Mozilla/5.0 Gecko/20100115 Firefox/3.6" 
211.137.56.172 - - [04/Apr/2016:19:45:31 -0700] "GET /tg/a.zip HTTP/1.1" 304 132 "-" "Mozilla/5.0 Gecko/20100115 Firefox/3.6" 
180.175.163.222 - - [04/Apr/2016:19:45:44 -0700] "GET / HTTP/1.1" 200 8680 "-" "Mozilla/5.0 (Windows NT 10.0; WOW64) AppleWebKit/537.36 (KHTML, like Gecko) Chrome/49.0.2623.87 Safari/537.36" 
180.175.163.222 - - [04/Apr/2016:19:45:44 -0700] "GET /twitter-icon.png HTTP/1.1" 200 27787 "http://www.secrepo.com/" "Mozilla/5.0 (Windows NT 10.0; WOW64) AppleWebKit/537.36 (KHTML, like Gecko) Chrome/49.0.2623.87 Safari/537.36" 
180.175.163.222 - - [04/Apr/2016:19:45:45 -0700] "GET /GitHub-Mark.png HTTP/1.1" 200 7427 "http://www.secrepo.com/" "Mozilla/5.0 (Windows NT 10.0; WOW64) AppleWebKit/537.36 (KHTML, like Gecko) Chrome/49.0.2623.87 Safari/537.36" 
180.175.163.222 - - [04/Apr/2016:19:46:08 -0700] "GET /bootstrap/img/favicon.ico HTTP/1.1" 200 590 "http://www.secrepo.com/" "Mozilla/5.0 (Windows NT 10.0; WOW64) AppleWebKit/537.36 (KHTML, like Gecko) Chrome/49.0.2623.87 Safari/537.36" 
180.175.163.222 - - [04/Apr/2016:19:47:15 -0700] "GET /maccdc2012/dhcp.log.gz HTTP/1.1" 200 33888 "http://www.secrepo.com/" "Mozilla/5.0 (Windows NT 10.0; WOW64) AppleWebKit/537.36 (KHTML, like Gecko) Chrome/49.0.2623.87 Safari/537.36" 
180.175.163.222 - - [04/Apr/2016:19:47:26 -0700] "GET /maccdc2012/dhcp.log.gz HTTP/1.1" 206 16733 "http://www.secrepo.com/" "Mozilla/4.0 (compatible; MSIE 7.0; Windows NT 6.2; WOW64; Trident/8.0; .NET4.0C; .NET4.0E; .NET CLR 2.0.50727; .NET CLR 3.0.30729; .NET CLR 3.5.30729)" 
180.175.163.222 - - [04/Apr/2016:19:47:26 -0700] "GET /maccdc2012/dhcp.log.gz HTTP/1.1" 206 8540 "http://www.secrepo.com/" "Mozilla/4.0 (compatible; MSIE 7.0; Windows NT 6.2; WOW64; Trident/8.0; .NET4.0C; .NET4.0E; .NET CLR 2.0.50727; .NET CLR 3.0.30729; .NET CLR 3.5.30729)" 
180.175.163.222 - - [04/Apr/2016:19:47:17 -0700] "GET /maccdc2012/conn.log.gz HTTP/1.1" 206 835904 "http://www.secrepo.com/" "Mozilla/4.0 (compatible; MSIE 7.0; Windows NT 6.2; WOW64; Trident/8.0; .NET4.0C; .NET4.0E; .NET CLR 2.0.50727; .NET CLR 3.0.30729; .NET CLR 3.5.30729)" 
180.175.163.222 - - [04/Apr/2016:19:47:17 -0700] "GET /maccdc2012/conn.log.gz HTTP/1.1" 206 183560 "http://www.secrepo.com/" "Mozilla/4.0 (compatible; MSIE 7.0; Windows NT 6.2; WOW64; Trident/8.0; .NET4.0C; .NET4.0E; .NET CLR 2.0.50727; .NET CLR 3.0.30729; .NET CLR 3.5.30729)" 
180.175.163.222 - - [04/Apr/2016:19:47:27 -0700] "GET /maccdc2012/dhcp.log.gz HTTP/1.1" 206 8540 "http://www.secrepo.com/" "Mozilla/4.0 (compatible; MSIE 7.0; Windows NT 6.2; WOW64; Trident/8.0; .NET4.0C; .NET4.0E; .NET CLR 2.0.50727; .NET CLR 3.0.30729; .NET CLR 3.5.30729)" 
180.175.163.222 - - [04/Apr/2016:19:47:17 -0700] "GET /maccdc2012/conn.log.gz HTTP/1.1" 206 183560 "http://www.secrepo.com/" "Mozilla/4.0 (compatible; MSIE 7.0; Windows NT 6.2; WOW64; Trident/8.0; .NET4.0C; .NET4.0E; .NET CLR 2.0.50727; .NET CLR 3.0.30729; .NET CLR 3.5.30729)" 
180.175.163.222 - - [04/Apr/2016:19:47:20 -0700] "GET /maccdc2012/conn.log.gz HTTP/1.1" 206 492788 "http://www.secrepo.com/" "Mozilla/4.0 (compatible; MSIE 7.0; Windows NT 6.2; WOW64; Trident/8.0; .NET4.0C; .NET4.0E; .NET CLR 2.0.50727; .NET CLR 3.0.30729; .NET CLR 3.5.30729)" 
180.175.163.222 - - [04/Apr/2016:19:47:18 -0700] "GET /maccdc2012/conn.log.gz HTTP/1.1" 206 389712 "http://www.secrepo.com/" "Mozilla/4.0 (compatible; MSIE 7.0; Windows NT 6.2; WOW64; Trident/8.0; .NET4.0C; .NET4.0E; .NET CLR 2.0.50727; .NET CLR 3.0.30729; .NET CLR 3.5.30729)" 
180.175.163.222 - - [04/Apr/2016:19:47:29 -0700] "GET /maccdc2012/dhcp.log.gz HTTP/1.1" 206 8540 "http://www.secrepo.com/" "Mozilla/4.0 (compatible; MSIE 7.0; Windows NT 6.2; WOW64; Trident/8.0; .NET4.0C; .NET4.0E; .NET CLR 2.0.50727; .NET CLR 3.0.30729; .NET CLR 3.5.30729)" 
180.175.163.222 - - [04/Apr/2016:19:47:29 -0700] "GET /maccdc2012/dhcp.log.gz HTTP/1.1" 206 8540 "http://www.secrepo.com/" "Mozilla/4.0 (compatible; MSIE 7.0; Windows NT 6.2; WOW64; Trident/8.0; .NET4.0C; .NET4.0E; .NET CLR 2.0.50727; .NET CLR 3.0.30729; .NET CLR 3.5.30729)" 
180.175.163.222 - - [04/Apr/2016:19:47:29 -0700] "GET /maccdc2012/dhcp.log.gz HTTP/1.1" 206 8540 "http://www.secrepo.com/" "Mozilla/4.0 (compatible; MSIE 7.0; Windows NT 6.2; WOW64; Trident/8.0; .NET4.0C; .NET4.0E; .NET CLR 2.0.50727; .NET CLR 3.0.30729; .NET CLR 3.5.30729)" 
180.175.163.222 - - [04/Apr/2016:19:47:14 -0700] "GET /maccdc2012/conn.log.gz HTTP/1.1" 200 131316 "http://www.secrepo.com/" "Mozilla/4.0 (compatible; MSIE 7.0; Windows NT 6.2; WOW64; Trident/8.0; .NET4.0C; .NET4.0E; .NET CLR 2.0.50727; .NET CLR 3.0.30729; .NET CLR 3.5.30729)" 
222.186.19.5 - - [04/Apr/2016:19:48:12 -0700] "GET /maccdc2012/dhcp.log.gz HTTP/1.1" 200 44867 "http://www.secrepo.com/" "Mozilla/5.0 (Windows NT 5.1) AppleWebKit/537.36 (KHTML, like Gecko) Chrome/38.0.2125.104 Safari/537.36" 
180.175.163.222 - - [04/Apr/2016:19:48:26 -0700] "GET /maccdc2012/http.log.gz HTTP/1.1" 200 100222 "http://www.secrepo.com/" "Mozilla/5.0 (Windows NT 10.0; WOW64) AppleWebKit/537.36 (KHTML, like Gecko) Chrome/49.0.2623.87 Safari/537.36" 
180.175.163.222 - - [04/Apr/2016:19:47:10 -0700] "GET /maccdc2012/conn.log.gz HTTP/1.1" 200 100223 "http://www.secrepo.com/" "Mozilla/5.0 (Windows NT 10.0; WOW64) AppleWebKit/537.36 (KHTML, like Gecko) Chrome/49.0.2623.87 Safari/537.36" 
180.175.163.222 - - [04/Apr/2016:19:47:17 -0700] "GET /maccdc2012/conn.log.gz HTTP/1.1" 206 96016 "http://www.secrepo.com/" "Mozilla/4.0 (compatible; MSIE 7.0; Windows NT 6.2; WOW64; Trident/8.0; .NET4.0C; .NET4.0E; .NET CLR 2.0.50727; .NET CLR 3.0.30729; .NET CLR 3.5.30729)" 
180.175.163.222 - - [04/Apr/2016:19:47:18 -0700] "GET /maccdc2012/conn.log.gz HTTP/1.1" 206 46596 "http://www.secrepo.com/" "Mozilla/4.0 (compatible; MSIE 7.0; Windows NT 6.2; WOW64; Trident/8.0; .NET4.0C; .NET4.0E; .NET CLR 2.0.50727; .NET CLR 3.0.30729; .NET CLR 3.5.30729)" 
180.175.163.222 - - [04/Apr/2016:19:47:22 -0700] "GET /maccdc2012/dhcp.log.gz HTTP/1.1" 200 33888 "http://www.secrepo.com/" "Mozilla/4.0 (compatible; MSIE 7.0; Windows NT 6.2; WOW64; Trident/8.0; .NET4.0C; .NET4.0E; .NET CLR 2.0.50727; .NET CLR 3.0.30729; .NET CLR 3.5.30729)" 
180.175.163.222 - - [04/Apr/2016:19:48:46 -0700] "GET /maccdc2012/http.log.gz HTTP/1.1" 206 252748 "http://www.secrepo.com/" "Mozilla/4.0 (compatible; MSIE 7.0; Windows NT 6.2; WOW64; Trident/8.0; .NET4.0C; .NET4.0E; .NET CLR 2.0.50727; .NET CLR 3.0.30729; .NET CLR 3.5.30729)" 
180.175.163.222 - - [04/Apr/2016:19:48:43 -0700] "GET /maccdc2012/http.log.gz HTTP/1.1" 206 81896 "http://www.secrepo.com/" "Mozilla/4.0 (compatible; MSIE 7.0; Windows NT 6.2; WOW64; Trident/8.0; .NET4.0C; .NET4.0E; .NET CLR 2.0.50727; .NET CLR 3.0.30729; .NET CLR 3.5.30729)" 
180.175.163.222 - - [04/Apr/2016:19:47:18 -0700] "GET /maccdc2012/conn.log.gz HTTP/1.1" 206 101664 "http://www.secrepo.com/" "Mozilla/4.0 (compatible; MSIE 7.0; Windows NT 6.2; WOW64; Trident/8.0; .NET4.0C; .NET4.0E; .NET CLR 2.0.50727; .NET CLR 3.0.30729; .NET CLR 3.5.30729)" 
180.175.163.222 - - [04/Apr/2016:19:48:53 -0700] "GET /maccdc2012/http.log.gz HTTP/1.1" 206 148260 "http://www.secrepo.com/" "Mozilla/4.0 (compatible; MSIE 7.0; Windows NT 6.2; WOW64; Trident/8.0; .NET4.0C; .NET4.0E; .NET CLR 2.0.50727; .NET CLR 3.0.30729; .NET CLR 3.5.30729)" 
180.175.163.222 - - [04/Apr/2016:19:48:46 -0700] "GET /maccdc2012/http.log.gz HTTP/1.1" 206 272516 "http://www.secrepo.com/" "Mozilla/4.0 (compatible; MSIE 7.0; Windows NT 6.2; WOW64; Trident/8.0; .NET4.0C; .NET4.0E; .NET CLR 2.0.50727; .NET CLR 3.0.30729; .NET CLR 3.5.30729)" 
180.175.163.222 - - [04/Apr/2016:19:47:29 -0700] "GET /maccdc2012/conn.log.gz HTTP/1.1" 206 33888 "http://www.secrepo.com/" "Mozilla/4.0 (compatible; MSIE 7.0; Windows NT 6.2; WOW64; Trident/8.0; .NET4.0C; .NET4.0E; .NET CLR 2.0.50727; .NET CLR 3.0.30729; .NET CLR 3.5.30729)" 
180.175.163.222 - - [04/Apr/2016:19:48:49 -0700] "GET /maccdc2012/http.log.gz HTTP/1.1" 206 247100 "http://www.secrepo.com/" "Mozilla/4.0 (compatible; MSIE 7.0; Windows NT 6.2; WOW64; Trident/8.0; .NET4.0C; .NET4.0E; .NET CLR 2.0.50727; .NET CLR 3.0.30729; .NET CLR 3.5.30729)" 
180.175.163.222 - - [04/Apr/2016:19:49:01 -0700] "GET /maccdc2012/http.log.gz HTTP/1.1" 206 33129 "http://www.secrepo.com/" "Mozilla/4.0 (compatible; MSIE 7.0; Windows NT 6.2; WOW64; Trident/8.0; .NET4.0C; .NET4.0E; .NET CLR 2.0.50727; .NET CLR 3.0.30729; .NET CLR 3.5.30729)" 
180.175.163.222 - - [04/Apr/2016:19:49:01 -0700] "GET /maccdc2012/http.log.gz HTTP/1.1" 206 33129 "http://www.secrepo.com/" "Mozilla/4.0 (compatible; MSIE 7.0; Windows NT 6.2; WOW64; Trident/8.0; .NET4.0C; .NET4.0E; .NET CLR 2.0.50727; .NET CLR 3.0.30729; .NET CLR 3.5.30729)" 
180.175.163.222 - - [04/Apr/2016:19:48:38 -0700] "GET /maccdc2012/http.log.gz HTTP/1.1" 200 2009276 "http://www.secrepo.com/" "Mozilla/4.0 (compatible; MSIE 7.0; Windows NT 6.2; WOW64; Trident/8.0; .NET4.0C; .NET4.0E; .NET CLR 2.0.50727; .NET CLR 3.0.30729; .NET CLR 3.5.30729)" 
180.175.163.222 - - [04/Apr/2016:19:49:01 -0700] "GET /maccdc2012/http.log.gz HTTP/1.1" 206 46864 "http://www.secrepo.com/" "Mozilla/4.0 (compatible; MSIE 7.0; Windows NT 6.2; WOW64; Trident/8.0; .NET4.0C; .NET4.0E; .NET CLR 2.0.50727; .NET CLR 3.0.30729; .NET CLR 3.5.30729)" 
180.175.163.222 - - [04/Apr/2016:19:48:44 -0700] "GET /maccdc2012/http.log.gz HTTP/1.1" 206 403832 "http://www.secrepo.com/" "Mozilla/4.0 (compatible; MSIE 7.0; Windows NT 6.2; WOW64; Trident/8.0; .NET4.0C; .NET4.0E; .NET CLR 2.0.50727; .NET CLR 3.0.30729; .NET CLR 3.5.30729)" 
180.175.163.222 - - [04/Apr/2016:19:49:04 -0700] "GET /maccdc2012/http.log.gz HTTP/1.1" 206 33127 "http://www.secrepo.com/" "Mozilla/4.0 (compatible; MSIE 7.0; Windows NT 6.2; WOW64; Trident/8.0; .NET4.0C; .NET4.0E; .NET CLR 2.0.50727; .NET CLR 3.0.30729; .NET CLR 3.5.30729)" 
180.175.163.222 - - [04/Apr/2016:19:49:03 -0700] "GET /maccdc2012/http.log.gz HTTP/1.1" 206 125668 "http://www.secrepo.com/" "Mozilla/4.0 (compatible; MSIE 7.0; Windows NT 6.2; WOW64; Trident/8.0; .NET4.0C; .NET4.0E; .NET CLR 2.0.50727; .NET CLR 3.0.30729; .NET CLR 3.5.30729)" 
180.175.163.222 - - [04/Apr/2016:19:49:05 -0700] "GET /squid/access.log.gz HTTP/1.1" 200 46566 "http://www.secrepo.com/" "Mozilla/5.0 (Windows NT 10.0; WOW64) AppleWebKit/537.36 (KHTML, like Gecko) Chrome/49.0.2623.87 Safari/537.36" 
180.175.163.222 - - [04/Apr/2016:19:49:03 -0700] "GET /maccdc2012/http.log.gz HTTP/1.1" 206 36712 "http://www.secrepo.com/" "Mozilla/4.0 (compatible; MSIE 7.0; Windows NT 6.2; WOW64; Trident/8.0; .NET4.0C; .NET4.0E; .NET CLR 2.0.50727; .NET CLR 3.0.30729; .NET CLR 3.5.30729)" 
180.175.163.222 - - [04/Apr/2016:19:48:59 -0700] "GET /maccdc2012/http.log.gz HTTP/1.1" 206 148260 "http://www.secrepo.com/" "Mozilla/4.0 (compatible; MSIE 7.0; Windows NT 6.2; WOW64; Trident/8.0; .NET4.0C; .NET4.0E; .NET CLR 2.0.50727; .NET CLR 3.0.30729; .NET CLR 3.5.30729)" 
180.175.163.222 - - [04/Apr/2016:19:49:09 -0700] "GET /maccdc2012/http.log.gz HTTP/1.1" 206 33127 "http://www.secrepo.com/" "Mozilla/4.0 (compatible; MSIE 7.0; Windows NT 6.2; WOW64; Trident/8.0; .NET4.0C; .NET4.0E; .NET CLR 2.0.50727; .NET CLR 3.0.30729; .NET CLR 3.5.30729)" 
180.175.163.222 - - [04/Apr/2016:19:49:09 -0700] "GET /maccdc2012/http.log.gz HTTP/1.1" 206 33127 "http://www.secrepo.com/" "Mozilla/4.0 (compatible; MSIE 7.0; Windows NT 6.2; WOW64; Trident/8.0; .NET4.0C; .NET4.0E; .NET CLR 2.0.50727; .NET CLR 3.0.30729; .NET CLR 3.5.30729)" 
180.175.163.222 - - [04/Apr/2016:19:49:10 -0700] "GET /maccdc2012/http.log.gz HTTP/1.1" 206 33127 "http://www.secrepo.com/" "Mozilla/4.0 (compatible; MSIE 7.0; Windows NT 6.2; WOW64; Trident/8.0; .NET4.0C; .NET4.0E; .NET CLR 2.0.50727; .NET CLR 3.0.30729; .NET CLR 3.5.30729)" 
180.175.163.222 - - [04/Apr/2016:19:49:10 -0700] "GET /maccdc2012/http.log.gz HTTP/1.1" 206 33129 "http://www.secrepo.com/" "Mozilla/4.0 (compatible; MSIE 7.0; Windows NT 6.2; WOW64; Trident/8.0; .NET4.0C; .NET4.0E; .NET CLR 2.0.50727; .NET CLR 3.0.30729; .NET CLR 3.5.30729)" 
180.175.163.222 - - [04/Apr/2016:19:49:10 -0700] "GET /maccdc2012/http.log.gz HTTP/1.1" 206 33127 "http://www.secrepo.com/" "Mozilla/4.0 (compatible; MSIE 7.0; Windows NT 6.2; WOW64; Trident/8.0; .NET4.0C; .NET4.0E; .NET CLR 2.0.50727; .NET CLR 3.0.30729; .NET CLR 3.5.30729)" 
180.175.163.222 - - [04/Apr/2016:19:49:09 -0700] "GET /maccdc2012/http.log.gz HTTP/1.1" 206 46596 "http://www.secrepo.com/" "Mozilla/4.0 (compatible; MSIE 7.0; Windows NT 6.2; WOW64; Trident/8.0; .NET4.0C; .NET4.0E; .NET CLR 2.0.50727; .NET CLR 3.0.30729; .NET CLR 3.5.30729)" 
180.175.163.222 - - [04/Apr/2016:19:48:59 -0700] "GET /maccdc2012/http.log.gz HTTP/1.1" 206 175088 "http://www.secrepo.com/" "Mozilla/4.0 (compatible; MSIE 7.0; Windows NT 6.2; WOW64; Trident/8.0; .NET4.0C; .NET4.0E; .NET CLR 2.0.50727; .NET CLR 3.0.30729; .NET CLR 3.5.30729)" 
180.175.163.222 - - [04/Apr/2016:19:49:11 -0700] "GET /maccdc2012/http.log.gz HTTP/1.1" 206 33127 "http://www.secrepo.com/" "Mozilla/4.0 (compatible; MSIE 7.0; Windows NT 6.2; WOW64; Trident/8.0; .NET4.0C; .NET4.0E; .NET CLR 2.0.50727; .NET CLR 3.0.30729; .NET CLR 3.5.30729)" 
180.175.163.222 - - [04/Apr/2016:19:49:11 -0700] "GET /maccdc2012/http.log.gz HTTP/1.1" 206 33129 "http://www.secrepo.com/" "Mozilla/4.0 (compatible; MSIE 7.0; Windows NT 6.2; WOW64; Trident/8.0; .NET4.0C; .NET4.0E; .NET CLR 2.0.50727; .NET CLR 3.0.30729; .NET CLR 3.5.30729)" 
180.175.163.222 - - [04/Apr/2016:19:49:11 -0700] "GET /maccdc2012/http.log.gz HTTP/1.1" 206 46596 "http://www.secrepo.com/" "Mozilla/4.0 (compatible; MSIE 7.0; Windows NT 6.2; WOW64; Trident/8.0; .NET4.0C; .NET4.0E; .NET CLR 2.0.50727; .NET CLR 3.0.30729; .NET CLR 3.5.30729)" 
180.175.163.222 - - [04/Apr/2016:19:49:11 -0700] "GET /maccdc2012/http.log.gz HTTP/1.1" 206 46596 "http://www.secrepo.com/" "Mozilla/4.0 (compatible; MSIE 7.0; Windows NT 6.2; WOW64; Trident/8.0; .NET4.0C; .NET4.0E; .NET CLR 2.0.50727; .NET CLR 3.0.30729; .NET CLR 3.5.30729)" 
180.175.163.222 - - [04/Apr/2016:19:49:06 -0700] "GET /maccdc2012/http.log.gz HTTP/1.1" 206 189208 "http://www.secrepo.com/" "Mozilla/4.0 (compatible; MSIE 7.0; Windows NT 6.2; WOW64; Trident/8.0; .NET4.0C; .NET4.0E; .NET CLR 2.0.50727; .NET CLR 3.0.30729; .NET CLR 3.5.30729)" 
180.175.163.222 - - [04/Apr/2016:19:49:12 -0700] "GET /maccdc2012/http.log.gz HTTP/1.1" 206 33127 "http://www.secrepo.com/" "Mozilla/4.0 (compatible; MSIE 7.0; Windows NT 6.2; WOW64; Trident/8.0; .NET4.0C; .NET4.0E; .NET CLR 2.0.50727; .NET CLR 3.0.30729; .NET CLR 3.5.30729)" 
180.175.163.222 - - [04/Apr/2016:19:49:12 -0700] "GET /maccdc2012/http.log.gz HTTP/1.1" 206 9389 "http://www.secrepo.com/" "Mozilla/4.0 (compatible; MSIE 7.0; Windows NT 6.2; WOW64; Trident/8.0; .NET4.0C; .NET4.0E; .NET CLR 2.0.50727; .NET CLR 3.0.30729; .NET CLR 3.5.30729)" 
180.175.163.222 - - [04/Apr/2016:19:49:12 -0700] "GET /maccdc2012/http.log.gz HTTP/1.1" 206 46596 "http://www.secrepo.com/" "Mozilla/4.0 (compatible; MSIE 7.0; Windows NT 6.2; WOW64; Trident/8.0; .NET4.0C; .NET4.0E; .NET CLR 2.0.50727; .NET CLR 3.0.30729; .NET CLR 3.5.30729)" 
180.175.163.222 - - [04/Apr/2016:19:48:44 -0700] "GET /maccdc2012/http.log.gz HTTP/1.1" 206 612808 "http://www.secrepo.com/" "Mozilla/4.0 (compatible; MSIE 7.0; Windows NT 6.2; WOW64; Trident/8.0; .NET4.0C; .NET4.0E; .NET CLR 2.0.50727; .NET CLR 3.0.30729; .NET CLR 3.5.30729)" 
180.175.163.222 - - [04/Apr/2016:19:49:12 -0700] "GET /maccdc2012/http.log.gz HTTP/1.1" 206 46596 "http://www.secrepo.com/" "Mozilla/4.0 (compatible; MSIE 7.0; Windows NT 6.2; WOW64; Trident/8.0; .NET4.0C; .NET4.0E; .NET CLR 2.0.50727; .NET CLR 3.0.30729; .NET CLR 3.5.30729)" 
180.175.163.222 - - [04/Apr/2016:19:49:12 -0700] "GET /maccdc2012/http.log.gz HTTP/1.1" 206 13355 "http://www.secrepo.com/" "Mozilla/4.0 (compatible; MSIE 7.0; Windows NT 6.2; WOW64; Trident/8.0; .NET4.0C; .NET4.0E; .NET CLR 2.0.50727; .NET CLR 3.0.30729; .NET CLR 3.5.30729)" 
180.175.163.222 - - [04/Apr/2016:19:48:43 -0700] "GET /maccdc2012/http.log.gz HTTP/1.1" 206 443368 "http://www.secrepo.com/" "Mozilla/4.0 (compatible; MSIE 7.0; Windows NT 6.2; WOW64; Trident/8.0; .NET4.0C; .NET4.0E; .NET CLR 2.0.50727; .NET CLR 3.0.30729; .NET CLR 3.5.30729)" 
180.175.163.222 - - [04/Apr/2016:19:49:17 -0700] "GET /squid/access.log.gz HTTP/1.1" 206 79072 "http://www.secrepo.com/" "Mozilla/4.0 (compatible; MSIE 7.0; Windows NT 6.2; WOW64; Trident/8.0; .NET4.0C; .NET4.0E; .NET CLR 2.0.50727; .NET CLR 3.0.30729; .NET CLR 3.5.30729)" 
180.175.163.222 - - [04/Apr/2016:19:49:09 -0700] "GET /squid/access.log.gz HTTP/1.1" 200 162380 "http://www.secrepo.com/" "Mozilla/4.0 (compatible; MSIE 7.0; Windows NT 6.2; WOW64; Trident/8.0; .NET4.0C; .NET4.0E; .NET CLR 2.0.50727; .NET CLR 3.0.30729; .NET CLR 3.5.30729)" 
180.175.163.222 - - [04/Apr/2016:19:49:16 -0700] "GET /squid/access.log.gz HTTP/1.1" 206 232980 "http://www.secrepo.com/" "Mozilla/4.0 (compatible; MSIE 7.0; Windows NT 6.2; WOW64; Trident/8.0; .NET4.0C; .NET4.0E; .NET CLR 2.0.50727; .NET CLR 3.0.30729; .NET CLR 3.5.30729)" 
180.175.163.222 - - [04/Apr/2016:19:49:25 -0700] "GET /squid/access.log.gz HTTP/1.1" 206 33129 "http://www.secrepo.com/" "Mozilla/4.0 (compatible; MSIE 7.0; Windows NT 6.2; WOW64; Trident/8.0; .NET4.0C; .NET4.0E; .NET CLR 2.0.50727; .NET CLR 3.0.30729; .NET CLR 3.5.30729)" 
180.175.163.222 - - [04/Apr/2016:19:49:25 -0700] "GET /squid/access.log.gz HTTP/1.1" 206 33888 "http://www.secrepo.com/" "Mozilla/4.0 (compatible; MSIE 7.0; Windows NT 6.2; WOW64; Trident/8.0; .NET4.0C; .NET4.0E; .NET CLR 2.0.50727; .NET CLR 3.0.30729; .NET CLR 3.5.30729)" 
180.175.163.222 - - [04/Apr/2016:19:49:25 -0700] "GET /squid/access.log.gz HTTP/1.1" 206 46596 "http://www.secrepo.com/" "Mozilla/4.0 (compatible; MSIE 7.0; Windows NT 6.2; WOW64; Trident/8.0; .NET4.0C; .NET4.0E; .NET CLR 2.0.50727; .NET CLR 3.0.30729; .NET CLR 3.5.30729)" 
180.175.163.222 - - [04/Apr/2016:19:49:25 -0700] "GET /squid/access.log.gz HTTP/1.1" 206 46596 "http://www.secrepo.com/" "Mozilla/4.0 (compatible; MSIE 7.0; Windows NT 6.2; WOW64; Trident/8.0; .NET4.0C; .NET4.0E; .NET CLR 2.0.50727; .NET CLR 3.0.30729; .NET CLR 3.5.30729)" 
180.175.163.222 - - [04/Apr/2016:19:49:17 -0700] "GET /squid/access.log.gz HTTP/1.1" 206 179324 "http://www.secrepo.com/" "Mozilla/4.0 (compatible; MSIE 7.0; Windows NT 6.2; WOW64; Trident/8.0; .NET4.0C; .NET4.0E; .NET CLR 2.0.50727; .NET CLR 3.0.30729; .NET CLR 3.5.30729)" 
180.175.163.222 - - [04/Apr/2016:19:49:26 -0700] "GET /squid/access.log.gz HTTP/1.1" 206 46596 "http://www.secrepo.com/" "Mozilla/4.0 (compatible; MSIE 7.0; Windows NT 6.2; WOW64; Trident/8.0; .NET4.0C; .NET4.0E; .NET CLR 2.0.50727; .NET CLR 3.0.30729; .NET CLR 3.5.30729)" 
180.175.163.222 - - [04/Apr/2016:19:49:26 -0700] "GET /squid/access.log.gz HTTP/1.1" 206 42846 "http://www.secrepo.com/" "Mozilla/4.0 (compatible; MSIE 7.0; Windows NT 6.2; WOW64; Trident/8.0; .NET4.0C; .NET4.0E; .NET CLR 2.0.50727; .NET CLR 3.0.30729; .NET CLR 3.5.30729)" 
180.175.163.222 - - [04/Apr/2016:19:49:26 -0700] "GET /squid/access.log.gz HTTP/1.1" 206 46596 "http://www.secrepo.com/" "Mozilla/4.0 (compatible; MSIE 7.0; Windows NT 6.2; WOW64; Trident/8.0; .NET4.0C; .NET4.0E; .NET CLR 2.0.50727; .NET CLR 3.0.30729; .NET CLR 3.5.30729)" 
180.175.163.222 - - [04/Apr/2016:19:49:24 -0700] "GET /squid/access.log.gz HTTP/1.1" 206 46596 "http://www.secrepo.com/" "Mozilla/4.0 (compatible; MSIE 7.0; Windows NT 6.2; WOW64; Trident/8.0; .NET4.0C; .NET4.0E; .NET CLR 2.0.50727; .NET CLR 3.0.30729; .NET CLR 3.5.30729)" 
180.175.163.222 - - [04/Apr/2016:19:49:15 -0700] "GET /squid/access.log.gz HTTP/1.1" 206 204740 "http://www.secrepo.com/" "Mozilla/4.0 (compatible; MSIE 7.0; Windows NT 6.2; WOW64; Trident/8.0; .NET4.0C; .NET4.0E; .NET CLR 2.0.50727; .NET CLR 3.0.30729; .NET CLR 3.5.30729)" 
180.175.163.222 - - [04/Apr/2016:19:49:27 -0700] "GET /squid/access.log.gz HTTP/1.1" 206 33127 "http://www.secrepo.com/" "Mozilla/4.0 (compatible; MSIE 7.0; Windows NT 6.2; WOW64; Trident/8.0; .NET4.0C; .NET4.0E; .NET CLR 2.0.50727; .NET CLR 3.0.30729; .NET CLR 3.5.30729)" 
180.175.163.222 - - [04/Apr/2016:19:49:26 -0700] "GET /squid/access.log.gz HTTP/1.1" 206 46596 "http://www.secrepo.com/" "Mozilla/4.0 (compatible; MSIE 7.0; Windows NT 6.2; WOW64; Trident/8.0; .NET4.0C; .NET4.0E; .NET CLR 2.0.50727; .NET CLR 3.0.30729; .NET CLR 3.5.30729)" 
180.175.163.222 - - [04/Apr/2016:19:49:26 -0700] "GET /squid/access.log.gz HTTP/1.1" 206 46596 "http://www.secrepo.com/" "Mozilla/4.0 (compatible; MSIE 7.0; Windows NT 6.2; WOW64; Trident/8.0; .NET4.0C; .NET4.0E; .NET CLR 2.0.50727; .NET CLR 3.0.30729; .NET CLR 3.5.30729)" 
180.175.163.222 - - [04/Apr/2016:19:49:27 -0700] "GET /squid/access.log.gz HTTP/1.1" 206 46596 "http://www.secrepo.com/" "Mozilla/4.0 (compatible; MSIE 7.0; Windows NT 6.2; WOW64; Trident/8.0; .NET4.0C; .NET4.0E; .NET CLR 2.0.50727; .NET CLR 3.0.30729; .NET CLR 3.5.30729)" 
180.175.163.222 - - [04/Apr/2016:19:49:28 -0700] "GET /squid/access.log.gz HTTP/1.1" 206 6858 "http://www.secrepo.com/" "Mozilla/4.0 (compatible; MSIE 7.0; Windows NT 6.2; WOW64; Trident/8.0; .NET4.0C; .NET4.0E; .NET CLR 2.0.50727; .NET CLR 3.0.30729; .NET CLR 3.5.30729)" 
180.175.163.222 - - [04/Apr/2016:19:49:29 -0700] "GET /squid/access.log.gz HTTP/1.1" 206 40139 "http://www.secrepo.com/" "Mozilla/4.0 (compatible; MSIE 7.0; Windows NT 6.2; WOW64; Trident/8.0; .NET4.0C; .NET4.0E; .NET CLR 2.0.50727; .NET CLR 3.0.30729; .NET CLR 3.5.30729)" 
180.175.163.222 - - [04/Apr/2016:19:49:20 -0700] "GET /squid/access.log.gz HTTP/1.1" 206 300756 "http://www.secrepo.com/" "Mozilla/4.0 (compatible; MSIE 7.0; Windows NT 6.2; WOW64; Trident/8.0; .NET4.0C; .NET4.0E; .NET CLR 2.0.50727; .NET CLR 3.0.30729; .NET CLR 3.5.30729)" 
69.30.213.202 - - [04/Apr/2016:19:50:12 -0700] "GET /robots.txt HTTP/1.0" 200 252 "-" "Mozilla/5.0 (compatible; MJ12bot/v1.4.5; http://www.majestic12.co.uk/bot.php?+)" 
180.175.163.222 - - [04/Apr/2016:19:48:46 -0700] "GET /maccdc2012/http.log.gz HTTP/1.1" 206 33888 "http://www.secrepo.com/" "Mozilla/4.0 (compatible; MSIE 7.0; Windows NT 6.2; WOW64; Trident/8.0; .NET4.0C; .NET4.0E; .NET CLR 2.0.50727; .NET CLR 3.0.30729; .NET CLR 3.5.30729)" 
180.175.163.222 - - [04/Apr/2016:19:48:51 -0700] "GET /maccdc2012/http.log.gz HTTP/1.1" 206 33888 "http://www.secrepo.com/" "Mozilla/4.0 (compatible; MSIE 7.0; Windows NT 6.2; WOW64; Trident/8.0; .NET4.0C; .NET4.0E; .NET CLR 2.0.50727; .NET CLR 3.0.30729; .NET CLR 3.5.30729)" 
180.175.163.222 - - [04/Apr/2016:19:48:55 -0700] "GET /maccdc2012/http.log.gz HTTP/1.1" 206 33888 "http://www.secrepo.com/" "Mozilla/4.0 (compatible; MSIE 7.0; Windows NT 6.2; WOW64; Trident/8.0; .NET4.0C; .NET4.0E; .NET CLR 2.0.50727; .NET CLR 3.0.30729; .NET CLR 3.5.30729)" 
180.175.163.222 - - [04/Apr/2016:19:49:02 -0700] "GET /maccdc2012/http.log.gz HTTP/1.1" 206 46596 "http://www.secrepo.com/" "Mozilla/4.0 (compatible; MSIE 7.0; Windows NT 6.2; WOW64; Trident/8.0; .NET4.0C; .NET4.0E; .NET CLR 2.0.50727; .NET CLR 3.0.30729; .NET CLR 3.5.30729)" 
69.30.213.202 - - [04/Apr/2016:19:50:14 -0700] "GET /honeypot/BSidesDFW%20-%202014.ipynb HTTP/1.0" 200 278860 "-" "Mozilla/5.0 (compatible; MJ12bot/v1.4.5; http://www.majestic12.co.uk/bot.php?+)" 
180.175.163.222 - - [04/Apr/2016:19:49:07 -0700] "GET /maccdc2012/http.log.gz HTTP/1.1" 206 81896 "http://www.secrepo.com/" "Mozilla/4.0 (compatible; MSIE 7.0; Windows NT 6.2; WOW64; Trident/8.0; .NET4.0C; .NET4.0E; .NET CLR 2.0.50727; .NET CLR 3.0.30729; .NET CLR 3.5.30729)" 
180.175.163.222 - - [04/Apr/2016:19:49:11 -0700] "GET /maccdc2012/http.log.gz HTTP/1.1" 206 33888 "http://www.secrepo.com/" "Mozilla/4.0 (compatible; MSIE 7.0; Windows NT 6.2; WOW64; Trident/8.0; .NET4.0C; .NET4.0E; .NET CLR 2.0.50727; .NET CLR 3.0.30729; .NET CLR 3.5.30729)" 
180.175.163.222 - - [04/Apr/2016:19:49:24 -0700] "GET /squid/access.log.gz HTTP/1.1" 206 46596 "http://www.secrepo.com/" "Mozilla/4.0 (compatible; MSIE 7.0; Windows NT 6.2; WOW64; Trident/8.0; .NET4.0C; .NET4.0E; .NET CLR 2.0.50727; .NET CLR 3.0.30729; .NET CLR 3.5.30729)" 
180.175.163.222 - - [04/Apr/2016:19:49:24 -0700] "GET /squid/access.log.gz HTTP/1.1" 206 46596 "http://www.secrepo.com/" "Mozilla/4.0 (compatible; MSIE 7.0; Windows NT 6.2; WOW64; Trident/8.0; .NET4.0C; .NET4.0E; .NET CLR 2.0.50727; .NET CLR 3.0.30729; .NET CLR 3.5.30729)" 
180.175.163.222 - - [04/Apr/2016:19:49:24 -0700] "GET /squid/access.log.gz HTTP/1.1" 206 33888 "http://www.secrepo.com/" "Mozilla/4.0 (compatible; MSIE 7.0; Windows NT 6.2; WOW64; Trident/8.0; .NET4.0C; .NET4.0E; .NET CLR 2.0.50727; .NET CLR 3.0.30729; .NET CLR 3.5.30729)" 
180.175.163.222 - - [04/Apr/2016:19:49:25 -0700] "GET /squid/access.log.gz HTTP/1.1" 206 46596 "http://www.secrepo.com/" "Mozilla/4.0 (compatible; MSIE 7.0; Windows NT 6.2; WOW64; Trident/8.0; .NET4.0C; .NET4.0E; .NET CLR 2.0.50727; .NET CLR 3.0.30729; .NET CLR 3.5.30729)" 
180.175.163.222 - - [04/Apr/2016:19:49:27 -0700] "GET /squid/access.log.gz HTTP/1.1" 206 46596 "http://www.secrepo.com/" "Mozilla/4.0 (compatible; MSIE 7.0; Windows NT 6.2; WOW64; Trident/8.0; .NET4.0C; .NET4.0E; .NET CLR 2.0.50727; .NET CLR 3.0.30729; .NET CLR 3.5.30729)" 
180.175.163.222 - - [04/Apr/2016:19:49:30 -0700] "GET /squid/access.log.gz HTTP/1.1" 206 33888 "http://www.secrepo.com/" "Mozilla/4.0 (compatible; MSIE 7.0; Windows NT 6.2; WOW64; Trident/8.0; .NET4.0C; .NET4.0E; .NET CLR 2.0.50727; .NET CLR 3.0.30729; .NET CLR 3.5.30729)" 
111.23.10.33 - - [04/Apr/2016:19:53:24 -0700] "GET /tg/a.zip HTTP/1.1" 304 132 "-" "Mozilla/5.0 Gecko/20100115 Firefox/3.6" 
111.23.10.33 - - [04/Apr/2016:19:53:25 -0700] "GET /tg/a.zip HTTP/1.1" 200 52560 "-" "Mozilla/5.0 Gecko/20100115 Firefox/3.6" 
164.132.161.61 - - [04/Apr/2016:20:01:46 -0700] "GET /self.logs/error.log.2016-01-04.gz HTTP/1.1" 200 632 "-" "Mozilla/5.0 (compatible; AhrefsBot/5.1; +http://ahrefs.com/robot/)" 
51.255.65.69 - - [04/Apr/2016:20:10:57 -0700] "GET /self.logs/error.log.2016-02-04.gz HTTP/1.1" 200 852 "-" "Mozilla/5.0 (compatible; AhrefsBot/5.1; +http://ahrefs.com/robot/)" 
111.7.128.40 - - [04/Apr/2016:20:11:01 -0700] "GET /tg/a.zip HTTP/1.1" 304 132 "-" "Mozilla/5.0 Gecko/20100115 Firefox/3.6" 
211.137.56.201 - - [04/Apr/2016:20:13:36 -0700] "GET /tg/a.zip HTTP/1.1" 304 132 "-" "Mozilla/5.0 Gecko/20100115 Firefox/3.6" 
180.175.163.222 - - [04/Apr/2016:20:18:10 -0700] "GET /self.logs/error.log.2016-04-01.gz HTTP/1.1" 200 763 "http://www.secrepo.com/self.logs/" "Mozilla/5.0 (Windows NT 10.0; WOW64) AppleWebKit/537.36 (KHTML, like Gecko) Chrome/49.0.2623.87 Safari/537.36" 
180.175.163.222 - - [04/Apr/2016:20:18:25 -0700] "GET /self.logs/error.log.2016-04-01.gz HTTP/1.1" 200 716 "http://www.secrepo.com/self.logs/" "Mozilla/4.0 (compatible; MSIE 7.0; Windows NT 6.2; WOW64; Trident/8.0; .NET4.0C; .NET4.0E; .NET CLR 2.0.50727; .NET CLR 3.0.30729; .NET CLR 3.5.30729)" 
58.220.12.217 - - [04/Apr/2016:20:18:31 -0700] "GET /self.logs/error.log.2016-04-01.gz HTTP/1.1" 200 716 "http://www.secrepo.com/self.logs/" "Mozilla/5.0 (Windows NT 5.1) AppleWebKit/537.36 (KHTML, like Gecko) Chrome/38.0.2125.104 Safari/537.36" 
180.175.163.222 - - [04/Apr/2016:20:18:32 -0700] "GET /self.logs/access.log.2016-04-01.gz HTTP/1.1" 200 7671 "http://www.secrepo.com/self.logs/" "Mozilla/5.0 (Windows NT 10.0; WOW64) AppleWebKit/537.36 (KHTML, like Gecko) Chrome/49.0.2623.87 Safari/537.36" 
180.175.163.222 - - [04/Apr/2016:20:18:36 -0700] "GET /self.logs/access.log.2016-04-01.gz HTTP/1.1" 200 7609 "http://www.secrepo.com/self.logs/" "Mozilla/4.0 (compatible; MSIE 7.0; Windows NT 6.2; WOW64; Trident/8.0; .NET4.0C; .NET4.0E; .NET CLR 2.0.50727; .NET CLR 3.0.30729; .NET CLR 3.5.30729)" 
116.55.255.119 - - [04/Apr/2016:20:18:43 -0700] "GET /self.logs/access.log.2016-04-01.gz HTTP/1.1" 200 7609 "http://www.secrepo.com/self.logs/" "Mozilla/5.0 (Windows NT 5.1) AppleWebKit/537.36 (KHTML, like Gecko) Chrome/38.0.2125.104 Safari/537.36" 
120.24.187.25 - - [04/Apr/2016:20:25:22 -0700] "GET /honeypot/Honeypot%20-%20Howto%20-%20BSides%20Austin.pdf HTTP/1.1" 200 2928460 "-" "Mozilla/4.0 (compatible; MSIE 6.0; Windows NT 5.1)" 
1.0.184.90 - - [04/Apr/2016:20:30:05 -0700] "GET /honeypot/BSidesDFW%20-%202014.ipynb HTTP/1.1" 200 930836 "http://www.secrepo.com/" "Mozilla/5.0 (Windows NT 6.3; Win64; x64) AppleWebKit/537.36 (KHTML, like Gecko) Chrome/41.0.2220.0 Safari/537.36" 
61.147.94.20 - - [04/Apr/2016:20:37:03 -0700] "GET /self.logs/access.log.2015-01-17.gz HTTP/1.1" 200 3545 "http://www.secrepo.com/self.logs/" "Mozilla/5.0 (Windows NT 5.1) AppleWebKit/537.36 (KHTML, like Gecko) Chrome/38.0.2125.104 Safari/537.36" 
104.236.211.194 - - [04/Apr/2016:20:41:49 -0700] "HEAD / HTTP/1.1" 301 209 "http://www.netcraft.com/survey/" "Mozilla/4.0 (compatible; Netcraft Web Server Survey)" 
218.200.66.203 - - [04/Apr/2016:21:13:19 -0700] "GET /tg/a.zip HTTP/1.1" 304 132 "-" "Mozilla/5.0 Gecko/20100115 Firefox/3.6" 
117.177.241.60 - - [04/Apr/2016:21:16:46 -0700] "GET /tg/a.zip HTTP/1.1" 304 132 "-" "Mozilla/5.0 Gecko/20100115 Firefox/3.6" 
58.220.12.217 - - [04/Apr/2016:21:23:44 -0700] "GET /self.logs/error.log.2016-04-01.gz HTTP/1.1" 200 716 "http://www.secrepo.com/self.logs/" "Mozilla/5.0 (Windows NT 5.1) AppleWebKit/537.36 (KHTML, like Gecko) Chrome/38.0.2125.104 Safari/537.36" 
116.55.255.119 - - [04/Apr/2016:21:23:54 -0700] "GET /self.logs/access.log.2016-04-01.gz HTTP/1.1" 200 7609 "http://www.secrepo.com/self.logs/" "Mozilla/5.0 (Windows NT 5.1) AppleWebKit/537.36 (KHTML, like Gecko) Chrome/38.0.2125.104 Safari/537.36" 
117.190.191.170 - - [04/Apr/2016:21:26:25 -0700] "GET /tg/a.zip HTTP/1.1" 304 132 "-" "Mozilla/5.0 Gecko/20100115 Firefox/3.6" 
164.132.161.53 - - [04/Apr/2016:21:32:53 -0700] "GET /self.logs/error.log.2015-07-27.gz HTTP/1.1" 200 738 "-" "Mozilla/5.0 (compatible; AhrefsBot/5.1; +http://ahrefs.com/robot/)" 
116.55.255.119 - - [04/Apr/2016:21:41:30 -0700] "GET /self.logs/access.log.2016-04-01.gz HTTP/1.1" 200 7609 "http://www.secrepo.com/self.logs/" "Mozilla/5.0 (Windows NT 5.1) AppleWebKit/537.36 (KHTML, like Gecko) Chrome/38.0.2125.104 Safari/537.36" 
61.147.94.20 - - [04/Apr/2016:21:42:16 -0700] "GET /self.logs/access.log.2015-01-17.gz HTTP/1.1" 200 3545 "http://www.secrepo.com/self.logs/" "Mozilla/5.0 (Windows NT 5.1) AppleWebKit/537.36 (KHTML, like Gecko) Chrome/38.0.2125.104 Safari/537.36" 
46.4.120.3 - - [04/Apr/2016:21:46:07 -0700] "GET /robots.txt HTTP/1.0" 200 252 "-" "Mozilla/5.0 (compatible; MJ12bot/v1.4.5; http://www.majestic12.co.uk/bot.php?+)" 
46.4.120.3 - - [04/Apr/2016:21:46:11 -0700] "GET /honeypot/Honeypot HTTP/1.0" 404 284 "-" "Mozilla/5.0 (compatible; MJ12bot/v1.4.5; http://www.majestic12.co.uk/bot.php?+)" 
111.23.4.148 - - [04/Apr/2016:21:57:40 -0700] "GET /tg/a.zip HTTP/1.1" 304 132 "-" "Mozilla/5.0 Gecko/20100115 Firefox/3.6" 
51.255.65.21 - - [04/Apr/2016:22:22:24 -0700] "GET /self.logs/access.log.2015-03-15.gz HTTP/1.1" 200 5419 "-" "Mozilla/5.0 (compatible; AhrefsBot/5.1; +http://ahrefs.com/robot/)" 
68.180.230.88 - - [04/Apr/2016:22:26:50 -0700] "GET /robots.txt HTTP/1.1" 200 233 "-" "Mozilla/5.0 (compatible; Yahoo! Slurp; http://help.yahoo.com/help/us/ysearch/slurp)" 
68.180.230.88 - - [04/Apr/2016:22:26:50 -0700] "GET /self.logs/access.log.2015-04-24.gz HTTP/1.1" 200 3666 "-" "Mozilla/5.0 (compatible; Yahoo! Slurp; http://help.yahoo.com/help/us/ysearch/slurp)" 
58.220.12.217 - - [04/Apr/2016:22:28:56 -0700] "GET /self.logs/error.log.2016-04-01.gz HTTP/1.1" 200 716 "http://www.secrepo.com/self.logs/" "Mozilla/5.0 (Windows NT 5.1) AppleWebKit/537.36 (KHTML, like Gecko) Chrome/38.0.2125.104 Safari/537.36" 
164.132.161.6 - - [04/Apr/2016:22:31:57 -0700] "GET /self.logs/error.log.2015-10-14.gz HTTP/1.1" 200 831 "-" "Mozilla/5.0 (compatible; AhrefsBot/5.1; +http://ahrefs.com/robot/)" 
73.177.9.61 - - [04/Apr/2016:22:34:12 -0700] "GET /honeypot/Honeypot%20-%20Howto.pdf HTTP/1.1" 206 284861 "https://www.google.com/" "Mozilla/5.0 (Windows NT 10.0) AppleWebKit/537.36 (KHTML, like Gecko) Chrome/49.0.2623.110 Safari/537.36" 
73.177.9.61 - - [04/Apr/2016:22:34:14 -0700] "GET /honeypot/Honeypot%20-%20Howto.pdf HTTP/1.1" 206 54971 "https://www.google.com/" "Mozilla/5.0 (Windows NT 10.0) AppleWebKit/537.36 (KHTML, like Gecko) Chrome/49.0.2623.110 Safari/537.36" 
73.177.9.61 - - [04/Apr/2016:22:34:14 -0700] "GET /honeypot/Honeypot%20-%20Howto.pdf HTTP/1.1" 206 56639 "https://www.google.com/" "Mozilla/5.0 (Windows NT 10.0) AppleWebKit/537.36 (KHTML, like Gecko) Chrome/49.0.2623.110 Safari/537.36" 
73.177.9.61 - - [04/Apr/2016:22:34:14 -0700] "GET /honeypot/Honeypot%20-%20Howto.pdf HTTP/1.1" 206 95780 "https://www.google.com/" "Mozilla/5.0 (Windows NT 10.0) AppleWebKit/537.36 (KHTML, like Gecko) Chrome/49.0.2623.110 Safari/537.36" 
73.177.9.61 - - [04/Apr/2016:22:34:11 -0700] "GET /honeypot/Honeypot%20-%20Howto.pdf HTTP/1.1" 200 458440 "https://www.google.com/" "Mozilla/5.0 (Windows NT 10.0) AppleWebKit/537.36 (KHTML, like Gecko) Chrome/49.0.2623.110 Safari/537.36" 
73.177.9.61 - - [04/Apr/2016:22:34:12 -0700] "GET /honeypot/Honeypot%20-%20Howto.pdf HTTP/1.1" 206 308060 "https://www.google.com/" "Mozilla/5.0 (Windows NT 10.0) AppleWebKit/537.36 (KHTML, like Gecko) Chrome/49.0.2623.110 Safari/537.36" 
73.177.9.61 - - [04/Apr/2016:22:34:13 -0700] "GET /honeypot/Honeypot%20-%20Howto.pdf HTTP/1.1" 206 164980 "https://www.google.com/" "Mozilla/5.0 (Windows NT 10.0) AppleWebKit/537.36 (KHTML, like Gecko) Chrome/49.0.2623.110 Safari/537.36" 
73.177.9.61 - - [04/Apr/2016:22:34:14 -0700] "GET /honeypot/Honeypot%20-%20Howto.pdf HTTP/1.1" 206 127313 "https://www.google.com/" "Mozilla/5.0 (Windows NT 10.0) AppleWebKit/537.36 (KHTML, like Gecko) Chrome/49.0.2623.110 Safari/537.36" 
211.137.56.194 - - [04/Apr/2016:22:45:33 -0700] "GET /tg/a.zip HTTP/1.1" 304 132 "-" "Mozilla/5.0 Gecko/20100115 Firefox/3.6" 
