139.190.229.1 - - [14/Apr/2017:02:47:50 -0700] "GET /wp-login.php HTTP/1.1" 404 295 "-" "Mozilla/5.0 (Windows NT 6.1; WOW64; rv:40.0) Gecko/20100101 Firefox/40.1" 
139.190.229.1 - - [14/Apr/2017:02:47:51 -0700] "GET /wp-login.php HTTP/1.1" 404 294 "-" "Mozilla/5.0 (Windows NT 6.1; WOW64; rv:40.0) Gecko/20100101 Firefox/40.1" 
216.244.66.227 - - [14/Apr/2017:02:48:09 -0700] "GET /robots.txt HTTP/1.1" 200 233 "-" "Mozilla/5.0 (compatible; DotBot/1.1; http://www.opensiteexplorer.org/dotbot, help@moz.com)" 
216.244.66.227 - - [14/Apr/2017:02:50:16 -0700] "GET /self.logs/error.log.2015-02-26.gz HTTP/1.1" 200 947 "-" "Mozilla/5.0 (compatible; DotBot/1.1; http://www.opensiteexplorer.org/dotbot, help@moz.com)" 
216.244.66.227 - - [14/Apr/2017:02:50:18 -0700] "GET /self.logs/error.log.2016-04-29.gz HTTP/1.1" 200 628 "-" "Mozilla/5.0 (compatible; DotBot/1.1; http://www.opensiteexplorer.org/dotbot, help@moz.com)" 
159.226.251.229 - - [14/Apr/2017:02:57:44 -0700] "GET /maccdc2012/maccdc2012_full_alert.7z HTTP/1.1" 304 132 "-" "Mozilla/5.0 Gecko/20100115 Firefox/3.6" 
157.55.39.182 - - [14/Apr/2017:03:00:09 -0700] "GET /robots.txt HTTP/1.1" 301 502 "-" "Mozilla/5.0 (compatible; bingbot/2.0; +http://www.bing.com/bingbot.htm)" 
157.55.39.182 - - [14/Apr/2017:03:00:09 -0700] "GET /robots.txt HTTP/1.1" 200 334 "-" "Mozilla/5.0 (compatible; bingbot/2.0; +http://www.bing.com/bingbot.htm)" 
164.132.161.71 - - [14/Apr/2017:03:01:13 -0700] "GET /self.logs/error.log.2017-02-13.gz HTTP/1.1" 200 1013 "-" "Mozilla/5.0 (compatible; AhrefsBot/5.2; +http://ahrefs.com/robot/)" 
47.68.143.127 - - [14/Apr/2017:03:02:40 -0700] "GET / HTTP/1.1" 200 10792 "https://www.google.de/" "Mozilla/5.0 (X11; Ubuntu; Linux x86_64; rv:52.0) Gecko/20100101 Firefox/52.0" 
47.68.143.127 - - [14/Apr/2017:03:02:41 -0700] "GET /bootstrap/img/favicon.ico HTTP/1.1" 200 589 "-" "Mozilla/5.0 (X11; Ubuntu; Linux x86_64; rv:52.0) Gecko/20100101 Firefox/52.0" 
47.68.143.127 - - [14/Apr/2017:03:02:41 -0700] "GET /twitter-icon.png HTTP/1.1" 200 27787 "http://www.secrepo.com/" "Mozilla/5.0 (X11; Ubuntu; Linux x86_64; rv:52.0) Gecko/20100101 Firefox/52.0" 
47.68.143.127 - - [14/Apr/2017:03:02:41 -0700] "GET /GitHub-Mark.png HTTP/1.1" 200 7428 "http://www.secrepo.com/" "Mozilla/5.0 (X11; Ubuntu; Linux x86_64; rv:52.0) Gecko/20100101 Firefox/52.0" 
157.51.115.216 - - [14/Apr/2017:03:05:00 -0700] "GET / HTTP/1.1" 200 10792 "-" "Mozilla/5.0 (Windows NT 6.3; Win64; x64) AppleWebKit/537.36 (KHTML, like Gecko) Chrome/57.0.2987.133 Safari/537.36" 
157.51.115.216 - - [14/Apr/2017:03:05:11 -0700] "GET /twitter-icon.png HTTP/1.1" 200 27788 "http://www.secrepo.com/" "Mozilla/5.0 (Windows NT 6.3; Win64; x64) AppleWebKit/537.36 (KHTML, like Gecko) Chrome/57.0.2987.133 Safari/537.36" 
157.51.115.216 - - [14/Apr/2017:03:05:11 -0700] "GET /GitHub-Mark.png HTTP/1.1" 200 7428 "http://www.secrepo.com/" "Mozilla/5.0 (Windows NT 6.3; Win64; x64) AppleWebKit/537.36 (KHTML, like Gecko) Chrome/57.0.2987.133 Safari/537.36" 
157.55.39.146 - - [14/Apr/2017:03:05:18 -0700] "GET /self.logs/access.log.2016-07-12.gz HTTP/1.1" 301 546 "-" "Mozilla/5.0 (compatible; bingbot/2.0; +http://www.bing.com/bingbot.htm)" 
175.100.202.33 - - [14/Apr/2017:03:09:03 -0700] "GET / HTTP/1.1" 301 483 "http://www.freebuf.com/articles/network/131279.html" "Mozilla/5.0 (Windows NT 10.0; WOW64) AppleWebKit/537.36 (KHTML, like Gecko) Chrome/57.0.2987.133 Safari/537.36" 
175.100.202.33 - - [14/Apr/2017:03:09:03 -0700] "GET / HTTP/1.1" 200 10792 "http://www.freebuf.com/articles/network/131279.html" "Mozilla/5.0 (Windows NT 10.0; WOW64) AppleWebKit/537.36 (KHTML, like Gecko) Chrome/57.0.2987.133 Safari/537.36" 
175.100.202.33 - - [14/Apr/2017:03:09:04 -0700] "GET /GitHub-Mark.png HTTP/1.1" 200 7428 "http://www.secrepo.com/" "Mozilla/5.0 (Windows NT 10.0; WOW64) AppleWebKit/537.36 (KHTML, like Gecko) Chrome/57.0.2987.133 Safari/537.36" 
175.100.202.33 - - [14/Apr/2017:03:09:04 -0700] "GET /twitter-icon.png HTTP/1.1" 200 27787 "http://www.secrepo.com/" "Mozilla/5.0 (Windows NT 10.0; WOW64) AppleWebKit/537.36 (KHTML, like Gecko) Chrome/57.0.2987.133 Safari/537.36" 
175.100.202.33 - - [14/Apr/2017:03:09:06 -0700] "GET /bootstrap/img/favicon.ico HTTP/1.1" 200 589 "http://www.secrepo.com/" "Mozilla/5.0 (Windows NT 10.0; WOW64) AppleWebKit/537.36 (KHTML, like Gecko) Chrome/57.0.2987.133 Safari/537.36" 
159.226.251.229 - - [14/Apr/2017:03:09:15 -0700] "GET /tg/a.zip HTTP/1.1" 304 132 "-" "Mozilla/5.0 Gecko/20100115 Firefox/3.6" 
120.192.95.88 - - [14/Apr/2017:03:13:26 -0700] "GET /maccdc2012/maccdc2012_full_alert.7z HTTP/1.1" 304 132 "-" "Mozilla/5.0 Gecko/20100115 Firefox/3.6" 
84.123.191.7 - - [14/Apr/2017:03:14:09 -0700] "GET /wp-login.php HTTP/1.1" 404 295 "-" "Mozilla/5.0 (Windows NT 6.1; WOW64; rv:40.0) Gecko/20100101 Firefox/40.1" 
216.244.66.227 - - [14/Apr/2017:03:14:11 -0700] "GET /robots.txt HTTP/1.1" 200 233 "-" "Mozilla/5.0 (compatible; DotBot/1.1; http://www.opensiteexplorer.org/dotbot, help@moz.com)" 
84.123.191.7 - - [14/Apr/2017:03:14:15 -0700] "GET /wp-login.php HTTP/1.1" 404 295 "-" "Mozilla/5.0 (Windows NT 6.1; WOW64; rv:40.0) Gecko/20100101 Firefox/40.1" 
84.123.191.7 - - [14/Apr/2017:03:14:20 -0700] "GET / HTTP/1.1" 200 36475 "-" "Mozilla/5.0 (Windows NT 6.1; WOW64; rv:40.0) Gecko/20100101 Firefox/40.1" 
216.244.66.227 - - [14/Apr/2017:03:16:46 -0700] "GET /self.logs/access.log.2016-02-19.gz HTTP/1.1" 200 6851 "-" "Mozilla/5.0 (compatible; DotBot/1.1; http://www.opensiteexplorer.org/dotbot, help@moz.com)" 
216.244.66.227 - - [14/Apr/2017:03:16:48 -0700] "GET /self.logs/error.log.2015-07-12.gz HTTP/1.1" 200 1155 "-" "Mozilla/5.0 (compatible; DotBot/1.1; http://www.opensiteexplorer.org/dotbot, help@moz.com)" 
216.244.66.227 - - [14/Apr/2017:03:16:50 -0700] "GET /self.logs/error.log.2015-12-18.gz HTTP/1.1" 200 455 "-" "Mozilla/5.0 (compatible; DotBot/1.1; http://www.opensiteexplorer.org/dotbot, help@moz.com)" 
216.244.66.227 - - [14/Apr/2017:03:16:52 -0700] "GET /self.logs/error.log.2016-04-15.gz HTTP/1.1" 200 507 "-" "Mozilla/5.0 (compatible; DotBot/1.1; http://www.opensiteexplorer.org/dotbot, help@moz.com)" 
84.123.191.7 - - [14/Apr/2017:03:34:34 -0700] "GET /wp-login.php HTTP/1.1" 301 522 "-" "Mozilla/5.0 (Windows NT 6.1; WOW64; rv:40.0) Gecko/20100101 Firefox/40.1" 
84.123.191.7 - - [14/Apr/2017:03:34:35 -0700] "GET /wp-login.php HTTP/1.1" 404 295 "-" "Mozilla/5.0 (Windows NT 6.1; WOW64; rv:40.0) Gecko/20100101 Firefox/40.1" 
84.123.191.7 - - [14/Apr/2017:03:34:40 -0700] "GET /wp-login.php HTTP/1.1" 301 522 "-" "Mozilla/5.0 (Windows NT 6.1; WOW64; rv:40.0) Gecko/20100101 Firefox/40.1" 
84.123.191.7 - - [14/Apr/2017:03:34:40 -0700] "GET /wp-login.php HTTP/1.1" 404 295 "-" "Mozilla/5.0 (Windows NT 6.1; WOW64; rv:40.0) Gecko/20100101 Firefox/40.1" 
84.123.191.7 - - [14/Apr/2017:03:34:46 -0700] "GET / HTTP/1.1" 301 498 "-" "Mozilla/5.0 (Windows NT 6.1; WOW64; rv:40.0) Gecko/20100101 Firefox/40.1" 
84.123.191.7 - - [14/Apr/2017:03:34:46 -0700] "GET / HTTP/1.1" 200 36475 "-" "Mozilla/5.0 (Windows NT 6.1; WOW64; rv:40.0) Gecko/20100101 Firefox/40.1" 
157.55.39.250 - - [14/Apr/2017:03:40:27 -0700] "GET /self.logs/error.log.2015-10-10.gz HTTP/1.1" 200 847 "-" "msnbot-media/1.1 (+http://search.msn.com/msnbot.htm)" 
216.244.66.227 - - [14/Apr/2017:03:40:47 -0700] "GET /robots.txt HTTP/1.1" 200 233 "-" "Mozilla/5.0 (compatible; DotBot/1.1; http://www.opensiteexplorer.org/dotbot, help@moz.com)" 
216.244.66.227 - - [14/Apr/2017:03:42:43 -0700] "GET /self.logs/error.log.2015-06-12.gz HTTP/1.1" 200 938 "-" "Mozilla/5.0 (compatible; DotBot/1.1; http://www.opensiteexplorer.org/dotbot, help@moz.com)" 
216.244.66.227 - - [14/Apr/2017:03:42:47 -0700] "GET /self.logs/error.log.2016-05-18.gz HTTP/1.1" 200 598 "-" "Mozilla/5.0 (compatible; DotBot/1.1; http://www.opensiteexplorer.org/dotbot, help@moz.com)" 
175.100.202.254 - - [14/Apr/2017:03:45:07 -0700] "GET / HTTP/1.1" 200 10792 "-" "Mozilla/5.0 (Macintosh; Intel Mac OS X 10_12_4) AppleWebKit/537.36 (KHTML, like Gecko) Chrome/57.0.2987.133 Safari/537.36" 
175.100.202.254 - - [14/Apr/2017:03:45:07 -0700] "GET /twitter-icon.png HTTP/1.1" 200 27787 "http://www.secrepo.com/" "Mozilla/5.0 (Macintosh; Intel Mac OS X 10_12_4) AppleWebKit/537.36 (KHTML, like Gecko) Chrome/57.0.2987.133 Safari/537.36" 
175.100.202.254 - - [14/Apr/2017:03:45:07 -0700] "GET /GitHub-Mark.png HTTP/1.1" 200 7428 "http://www.secrepo.com/" "Mozilla/5.0 (Macintosh; Intel Mac OS X 10_12_4) AppleWebKit/537.36 (KHTML, like Gecko) Chrome/57.0.2987.133 Safari/537.36" 
175.100.202.254 - - [14/Apr/2017:03:45:09 -0700] "GET /bootstrap/img/favicon.ico HTTP/1.1" 200 589 "http://www.secrepo.com/" "Mozilla/5.0 (Macintosh; Intel Mac OS X 10_12_4) AppleWebKit/537.36 (KHTML, like Gecko) Chrome/57.0.2987.133 Safari/537.36" 
91.202.10.168 - - [14/Apr/2017:03:48:17 -0700] "GET /wp-login.php HTTP/1.1" 404 295 "-" "Mozilla/5.0 (Windows NT 6.1; WOW64; rv:40.0) Gecko/20100101 Firefox/40.1" 
91.202.10.168 - - [14/Apr/2017:03:48:22 -0700] "GET /wp-login.php HTTP/1.1" 404 295 "-" "Mozilla/5.0 (Windows NT 6.1; WOW64; rv:40.0) Gecko/20100101 Firefox/40.1" 
91.202.10.168 - - [14/Apr/2017:03:48:28 -0700] "GET / HTTP/1.1" 200 36475 "-" "Mozilla/5.0 (Windows NT 6.1; WOW64; rv:40.0) Gecko/20100101 Firefox/40.1" 
159.226.251.229 - - [14/Apr/2017:04:05:25 -0700] "GET /maccdc2012/conn.log.gz HTTP/1.1" 304 156 "-" "Mozilla/5.0 Gecko/20100115 Firefox/3.6" 
207.46.13.211 - - [14/Apr/2017:04:05:31 -0700] "GET /self.logs/access.log.2015-01-24.gz HTTP/1.1" 200 2277 "-" "msnbot-media/1.1 (+http://search.msn.com/msnbot.htm)" 
216.244.66.227 - - [14/Apr/2017:04:07:28 -0700] "GET /robots.txt HTTP/1.1" 200 233 "-" "Mozilla/5.0 (compatible; DotBot/1.1; http://www.opensiteexplorer.org/dotbot, help@moz.com)" 
72.79.118.134 - - [14/Apr/2017:04:07:30 -0700] "GET /wp-login.php HTTP/1.1" 404 295 "-" "Mozilla/5.0 (Windows NT 6.1; WOW64; rv:40.0) Gecko/20100101 Firefox/40.1" 
72.79.118.134 - - [14/Apr/2017:04:07:35 -0700] "GET /wp-login.php HTTP/1.1" 404 295 "-" "Mozilla/5.0 (Windows NT 6.1; WOW64; rv:40.0) Gecko/20100101 Firefox/40.1" 
72.79.118.134 - - [14/Apr/2017:04:07:40 -0700] "GET / HTTP/1.1" 200 36475 "-" "Mozilla/5.0 (Windows NT 6.1; WOW64; rv:40.0) Gecko/20100101 Firefox/40.1" 
216.244.66.227 - - [14/Apr/2017:04:09:07 -0700] "GET /self.logs/access.log.2016-11-05.gz HTTP/1.1" 200 5843 "-" "Mozilla/5.0 (compatible; DotBot/1.1; http://www.opensiteexplorer.org/dotbot, help@moz.com)" 
216.244.66.227 - - [14/Apr/2017:04:09:08 -0700] "GET /self.logs/access.log.2016-12-18.gz HTTP/1.1" 200 9968 "-" "Mozilla/5.0 (compatible; DotBot/1.1; http://www.opensiteexplorer.org/dotbot, help@moz.com)" 
216.244.66.227 - - [14/Apr/2017:04:09:10 -0700] "GET /self.logs/error.log.2015-03-30.gz HTTP/1.1" 200 3184 "-" "Mozilla/5.0 (compatible; DotBot/1.1; http://www.opensiteexplorer.org/dotbot, help@moz.com)" 
216.244.66.227 - - [14/Apr/2017:04:09:14 -0700] "GET /self.logs/error.log.2016-10-12.gz HTTP/1.1" 200 1210 "-" "Mozilla/5.0 (compatible; DotBot/1.1; http://www.opensiteexplorer.org/dotbot, help@moz.com)" 
113.25.11.181 - - [14/Apr/2017:04:18:41 -0700] "GET /favicon.ico HTTP/1.1" 200 212 "-" "Mozilla/4.0 (compatible; MSIE 7.0; Windows NT 5.1; Trident/4.0; .NET CLR 2.0.50727; 360space)" 
164.132.161.58 - - [14/Apr/2017:04:21:48 -0700] "GET /self.logs/access.log.2016-04-17.gz HTTP/1.1" 200 8932 "-" "Mozilla/5.0 (compatible; AhrefsBot/5.2; +http://ahrefs.com/robot/)" 
77.164.44.220 - - [14/Apr/2017:04:23:21 -0700] "GET /wp-login.php HTTP/1.1" 404 295 "-" "Mozilla/5.0 (Windows NT 6.1; WOW64; rv:40.0) Gecko/20100101 Firefox/40.1" 
77.164.44.220 - - [14/Apr/2017:04:23:26 -0700] "GET /wp-login.php HTTP/1.1" 404 295 "-" "Mozilla/5.0 (Windows NT 6.1; WOW64; rv:40.0) Gecko/20100101 Firefox/40.1" 
77.164.44.220 - - [14/Apr/2017:04:23:31 -0700] "GET / HTTP/1.1" 200 36475 "-" "Mozilla/5.0 (Windows NT 6.1; WOW64; rv:40.0) Gecko/20100101 Firefox/40.1" 
1.180.206.204 - - [14/Apr/2017:04:24:20 -0700] "GET / HTTP/1.1" 301 483 "http://www.freebuf.com/articles/network/131279.html" "Mozilla/5.0 (Windows NT 6.1; rv:52.0) Gecko/20100101 Firefox/52.0" 
1.180.206.204 - - [14/Apr/2017:04:24:21 -0700] "GET / HTTP/1.1" 200 10792 "http://www.freebuf.com/articles/network/131279.html" "Mozilla/5.0 (Windows NT 6.1; rv:52.0) Gecko/20100101 Firefox/52.0" 
1.180.206.204 - - [14/Apr/2017:04:24:22 -0700] "GET /bootstrap/img/favicon.ico HTTP/1.1" 200 589 "-" "Mozilla/5.0 (Windows NT 6.1; rv:52.0) Gecko/20100101 Firefox/52.0" 
1.180.206.204 - - [14/Apr/2017:04:24:23 -0700] "GET /GitHub-Mark.png HTTP/1.1" 200 7428 "http://www.secrepo.com/" "Mozilla/5.0 (Windows NT 6.1; rv:52.0) Gecko/20100101 Firefox/52.0" 
1.180.206.204 - - [14/Apr/2017:04:24:23 -0700] "GET /twitter-icon.png HTTP/1.1" 200 27787 "http://www.secrepo.com/" "Mozilla/5.0 (Windows NT 6.1; rv:52.0) Gecko/20100101 Firefox/52.0" 
2.218.31.91 - - [14/Apr/2017:04:24:48 -0700] "GET /bootstrap/img/favicon.ico HTTP/1.1" 200 590 "-" "Mozilla/5.0 (Windows NT 10.0; WOW64; rv:52.0) Gecko/20100101 Firefox/52.0" 
77.164.44.220 - - [14/Apr/2017:04:38:48 -0700] "GET /wp-login.php HTTP/1.1" 301 522 "-" "Mozilla/5.0 (Windows NT 6.1; WOW64; rv:40.0) Gecko/20100101 Firefox/40.1" 
77.164.44.220 - - [14/Apr/2017:04:38:49 -0700] "GET /wp-login.php HTTP/1.1" 404 295 "-" "Mozilla/5.0 (Windows NT 6.1; WOW64; rv:40.0) Gecko/20100101 Firefox/40.1" 
77.164.44.220 - - [14/Apr/2017:04:38:54 -0700] "GET /wp-login.php HTTP/1.1" 301 522 "-" "Mozilla/5.0 (Windows NT 6.1; WOW64; rv:40.0) Gecko/20100101 Firefox/40.1" 
77.164.44.220 - - [14/Apr/2017:04:38:54 -0700] "GET /wp-login.php HTTP/1.1" 404 295 "-" "Mozilla/5.0 (Windows NT 6.1; WOW64; rv:40.0) Gecko/20100101 Firefox/40.1" 
77.164.44.220 - - [14/Apr/2017:04:38:59 -0700] "GET / HTTP/1.1" 301 498 "-" "Mozilla/5.0 (Windows NT 6.1; WOW64; rv:40.0) Gecko/20100101 Firefox/40.1" 
77.164.44.220 - - [14/Apr/2017:04:39:00 -0700] "GET / HTTP/1.1" 200 36475 "-" "Mozilla/5.0 (Windows NT 6.1; WOW64; rv:40.0) Gecko/20100101 Firefox/40.1" 
89.107.180.35 - - [14/Apr/2017:04:49:54 -0700] "GET / HTTP/1.1" 304 189 "-" "Mozilla/4.0 (compatible;)" 
162.210.196.100 - - [14/Apr/2017:04:50:54 -0700] "GET /robots.txt HTTP/1.1" 301 518 "-" "Mozilla/5.0 (compatible; MJ12bot/v1.4.8; http://mj12bot.com/)" 
162.210.196.100 - - [14/Apr/2017:04:50:55 -0700] "GET /robots.txt HTTP/1.1" 200 289 "-" "Mozilla/5.0 (compatible; MJ12bot/v1.4.8; http://mj12bot.com/)" 
162.210.196.100 - - [14/Apr/2017:04:50:56 -0700] "GET / HTTP/1.1" 301 442 "-" "Mozilla/5.0 (compatible; MJ12bot/v1.4.8; http://mj12bot.com/)" 
162.210.196.100 - - [14/Apr/2017:04:50:58 -0700] "GET / HTTP/1.1" 200 36419 "-" "Mozilla/5.0 (compatible; MJ12bot/v1.4.8; http://mj12bot.com/)" 
162.210.196.100 - - [14/Apr/2017:04:51:00 -0700] "GET / HTTP/1.1" 200 10736 "-" "Mozilla/5.0 (compatible; MJ12bot/v1.4.8; http://mj12bot.com/)" 
104.254.132.10 - - [14/Apr/2017:04:58:42 -0700] "GET /robots.txt HTTP/1.1" 200 334 "-" "BUbiNG (+http://law.di.unimi.it/BUbiNG.html)" 
104.254.132.10 - - [14/Apr/2017:04:59:27 -0700] "GET /robots.txt HTTP/1.1" 301 502 "-" "BUbiNG (+http://law.di.unimi.it/BUbiNG.html)" 
104.254.132.10 - - [14/Apr/2017:04:59:28 -0700] "GET /robots.txt HTTP/1.1" 200 334 "-" "BUbiNG (+http://law.di.unimi.it/BUbiNG.html)" 
104.254.132.10 - - [14/Apr/2017:04:59:28 -0700] "GET / HTTP/1.1" 301 483 "-" "BUbiNG (+http://law.di.unimi.it/BUbiNG.html)" 
104.254.132.10 - - [14/Apr/2017:05:00:08 -0700] "GET /data HTTP/1.1" 404 340 "-" "BUbiNG (+http://law.di.unimi.it/BUbiNG.html)" 
104.254.132.10 - - [14/Apr/2017:05:00:08 -0700] "GET /maccdc2012/maccdc2012_fast_alert.7z HTTP/1.1" 200 2248621 "-" "BUbiNG (+http://law.di.unimi.it/BUbiNG.html)" 
104.254.132.10 - - [14/Apr/2017:05:01:09 -0700] "GET /maccdc2012/maccdc2012_full_alert.7z HTTP/1.1" 200 2335016 "-" "BUbiNG (+http://law.di.unimi.it/BUbiNG.html)" 
104.254.132.10 - - [14/Apr/2017:05:02:08 -0700] "GET /tg/tg_snort_fast.7z HTTP/1.1" 200 3042640 "-" "BUbiNG (+http://law.di.unimi.it/BUbiNG.html)" 
104.254.132.10 - - [14/Apr/2017:05:03:19 -0700] "GET /tg/tg_snort_full.7z HTTP/1.1" 200 2241100 "-" "BUbiNG (+http://law.di.unimi.it/BUbiNG.html)" 
104.254.132.10 - - [14/Apr/2017:05:04:21 -0700] "GET /self.logs/ HTTP/1.1" 200 16723 "-" "BUbiNG (+http://law.di.unimi.it/BUbiNG.html)" 
104.254.132.10 - - [14/Apr/2017:05:05:14 -0700] "GET /honeypot/BSidesDFW%20-%202014.ipynb HTTP/1.1" 200 930836 "-" "BUbiNG (+http://law.di.unimi.it/BUbiNG.html)" 
51.255.65.94 - - [14/Apr/2017:05:10:47 -0700] "GET /self.logs/access.log.2016-06-03.gz HTTP/1.1" 200 11532 "-" "Mozilla/5.0 (compatible; AhrefsBot/5.2; +http://ahrefs.com/robot/)" 
157.55.39.248 - - [14/Apr/2017:05:15:08 -0700] "GET /self.logs/error.log.2015-03-18.gz HTTP/1.1" 301 544 "-" "msnbot-media/1.1 (+http://search.msn.com/msnbot.htm)" 
118.137.161.148 - - [14/Apr/2017:05:21:20 -0700] "GET /wp-login.php HTTP/1.1" 404 295 "-" "Mozilla/5.0 (Windows NT 6.1; WOW64; rv:40.0) Gecko/20100101 Firefox/40.1" 
118.137.161.148 - - [14/Apr/2017:05:21:25 -0700] "GET /wp-login.php HTTP/1.1" 404 295 "-" "Mozilla/5.0 (Windows NT 6.1; WOW64; rv:40.0) Gecko/20100101 Firefox/40.1" 
118.137.161.148 - - [14/Apr/2017:05:21:31 -0700] "GET / HTTP/1.1" 200 36475 "-" "Mozilla/5.0 (Windows NT 6.1; WOW64; rv:40.0) Gecko/20100101 Firefox/40.1" 
216.244.66.227 - - [14/Apr/2017:05:22:42 -0700] "GET /robots.txt HTTP/1.1" 200 233 "-" "Mozilla/5.0 (compatible; DotBot/1.1; http://www.opensiteexplorer.org/dotbot, help@moz.com)" 
24.101.107.246 - - [14/Apr/2017:05:23:36 -0700] "GET / HTTP/1.1" 200 10792 "-" "Mozilla/5.0 (Windows NT 6.1; WOW64) AppleWebKit/537.36 (KHTML, like Gecko) Chrome/57.0.2987.133 Safari/537.36" 
24.101.107.246 - - [14/Apr/2017:05:23:36 -0700] "GET /twitter-icon.png HTTP/1.1" 200 27787 "http://www.secrepo.com/" "Mozilla/5.0 (Windows NT 6.1; WOW64) AppleWebKit/537.36 (KHTML, like Gecko) Chrome/57.0.2987.133 Safari/537.36" 
24.101.107.246 - - [14/Apr/2017:05:23:36 -0700] "GET /GitHub-Mark.png HTTP/1.1" 200 7428 "http://www.secrepo.com/" "Mozilla/5.0 (Windows NT 6.1; WOW64) AppleWebKit/537.36 (KHTML, like Gecko) Chrome/57.0.2987.133 Safari/537.36" 
24.101.107.246 - - [14/Apr/2017:05:23:38 -0700] "GET /bootstrap/img/favicon.ico HTTP/1.1" 200 589 "http://www.secrepo.com/" "Mozilla/5.0 (Windows NT 6.1; WOW64) AppleWebKit/537.36 (KHTML, like Gecko) Chrome/57.0.2987.133 Safari/537.36" 
216.244.66.227 - - [14/Apr/2017:05:24:22 -0700] "GET /self.logs/access.log.2015-05-07.gz HTTP/1.1" 200 6080 "-" "Mozilla/5.0 (compatible; DotBot/1.1; http://www.opensiteexplorer.org/dotbot, help@moz.com)" 
216.244.66.227 - - [14/Apr/2017:05:24:25 -0700] "GET /self.logs/access.log.2015-08-08.gz HTTP/1.1" 200 2745 "-" "Mozilla/5.0 (compatible; DotBot/1.1; http://www.opensiteexplorer.org/dotbot, help@moz.com)" 
216.244.66.227 - - [14/Apr/2017:05:24:26 -0700] "GET /self.logs/access.log.2015-09-05.gz HTTP/1.1" 200 2862 "-" "Mozilla/5.0 (compatible; DotBot/1.1; http://www.opensiteexplorer.org/dotbot, help@moz.com)" 
216.244.66.227 - - [14/Apr/2017:05:24:28 -0700] "GET /self.logs/error.log.2015-12-10.gz HTTP/1.1" 200 439 "-" "Mozilla/5.0 (compatible; DotBot/1.1; http://www.opensiteexplorer.org/dotbot, help@moz.com)" 
216.244.66.227 - - [14/Apr/2017:05:24:30 -0700] "GET /self.logs/error.log.2016-08-26.gz HTTP/1.1" 200 757 "-" "Mozilla/5.0 (compatible; DotBot/1.1; http://www.opensiteexplorer.org/dotbot, help@moz.com)" 
216.244.66.227 - - [14/Apr/2017:05:24:31 -0700] "GET /self.logs/error.log.2016-10-09.gz HTTP/1.1" 200 734 "-" "Mozilla/5.0 (compatible; DotBot/1.1; http://www.opensiteexplorer.org/dotbot, help@moz.com)" 
103.230.123.78 - - [14/Apr/2017:05:26:12 -0700] "HEAD / HTTP/1.1" 200 239 "-" "-" 
91.202.10.168 - - [14/Apr/2017:05:32:18 -0700] "GET /wp-login.php HTTP/1.1" 301 522 "-" "Mozilla/5.0 (Windows NT 6.1; WOW64; rv:40.0) Gecko/20100101 Firefox/40.1" 
91.202.10.168 - - [14/Apr/2017:05:32:19 -0700] "GET /wp-login.php HTTP/1.1" 404 295 "-" "Mozilla/5.0 (Windows NT 6.1; WOW64; rv:40.0) Gecko/20100101 Firefox/40.1" 
91.202.10.168 - - [14/Apr/2017:05:32:24 -0700] "GET /wp-login.php HTTP/1.1" 301 522 "-" "Mozilla/5.0 (Windows NT 6.1; WOW64; rv:40.0) Gecko/20100101 Firefox/40.1" 
91.202.10.168 - - [14/Apr/2017:05:32:24 -0700] "GET /wp-login.php HTTP/1.1" 404 295 "-" "Mozilla/5.0 (Windows NT 6.1; WOW64; rv:40.0) Gecko/20100101 Firefox/40.1" 
91.202.10.168 - - [14/Apr/2017:05:32:30 -0700] "GET / HTTP/1.1" 301 498 "-" "Mozilla/5.0 (Windows NT 6.1; WOW64; rv:40.0) Gecko/20100101 Firefox/40.1" 
91.202.10.168 - - [14/Apr/2017:05:32:30 -0700] "GET / HTTP/1.1" 200 36475 "-" "Mozilla/5.0 (Windows NT 6.1; WOW64; rv:40.0) Gecko/20100101 Firefox/40.1" 
207.46.13.211 - - [14/Apr/2017:05:34:18 -0700] "GET /self.logs/error.log.2015-06-07.gz HTTP/1.1" 301 545 "-" "msnbot-media/1.1 (+http://search.msn.com/msnbot.htm)" 
104.129.194.56 - - [14/Apr/2017:05:35:38 -0700] "GET /maccdc2012/maccdc2012_fast_alert.7z HTTP/1.1" 200 9478149 "http://www.secrepo.com/" "Mozilla/5.0 (Windows NT 6.1; WOW64; rv:52.0) Gecko/20100101 Firefox/52.0" 
106.51.128.44 - - [14/Apr/2017:05:36:45 -0700] "GET /wp-login.php HTTP/1.1" 404 295 "-" "Mozilla/5.0 (Windows NT 6.1; WOW64; rv:40.0) Gecko/20100101 Firefox/40.1" 
106.51.128.44 - - [14/Apr/2017:05:36:50 -0700] "GET /wp-login.php HTTP/1.1" 404 295 "-" "Mozilla/5.0 (Windows NT 6.1; WOW64; rv:40.0) Gecko/20100101 Firefox/40.1" 
106.51.128.44 - - [14/Apr/2017:05:36:56 -0700] "GET / HTTP/1.1" 200 36475 "-" "Mozilla/5.0 (Windows NT 6.1; WOW64; rv:40.0) Gecko/20100101 Firefox/40.1" 
217.182.132.175 - - [14/Apr/2017:05:42:24 -0700] "GET /self.logs/access.log.2015-03-04.gz HTTP/1.1" 200 3433 "-" "Mozilla/5.0 (compatible; AhrefsBot/5.2; +http://ahrefs.com/robot/)" 
2.218.31.91 - - [14/Apr/2017:05:44:05 -0700] "GET /bootstrap/img/favicon.ico HTTP/1.1" 200 590 "-" "Mozilla/5.0 (Windows NT 10.0; WOW64; rv:52.0) Gecko/20100101 Firefox/52.0" 
106.51.128.44 - - [14/Apr/2017:05:46:48 -0700] "GET /wp-login.php HTTP/1.1" 301 522 "-" "Mozilla/5.0 (Windows NT 6.1; WOW64; rv:40.0) Gecko/20100101 Firefox/40.1" 
106.51.128.44 - - [14/Apr/2017:05:46:48 -0700] "GET /wp-login.php HTTP/1.1" 404 295 "-" "Mozilla/5.0 (Windows NT 6.1; WOW64; rv:40.0) Gecko/20100101 Firefox/40.1" 
106.51.128.44 - - [14/Apr/2017:05:46:53 -0700] "GET /wp-login.php HTTP/1.1" 301 522 "-" "Mozilla/5.0 (Windows NT 6.1; WOW64; rv:40.0) Gecko/20100101 Firefox/40.1" 
106.51.128.44 - - [14/Apr/2017:05:46:54 -0700] "GET /wp-login.php HTTP/1.1" 404 295 "-" "Mozilla/5.0 (Windows NT 6.1; WOW64; rv:40.0) Gecko/20100101 Firefox/40.1" 
106.51.128.44 - - [14/Apr/2017:05:46:59 -0700] "GET / HTTP/1.1" 301 498 "-" "Mozilla/5.0 (Windows NT 6.1; WOW64; rv:40.0) Gecko/20100101 Firefox/40.1" 
106.51.128.44 - - [14/Apr/2017:05:47:00 -0700] "GET / HTTP/1.1" 200 36475 "-" "Mozilla/5.0 (Windows NT 6.1; WOW64; rv:40.0) Gecko/20100101 Firefox/40.1" 
216.244.66.227 - - [14/Apr/2017:05:50:27 -0700] "GET /robots.txt HTTP/1.1" 200 233 "-" "Mozilla/5.0 (compatible; DotBot/1.1; http://www.opensiteexplorer.org/dotbot, help@moz.com)" 
216.244.66.227 - - [14/Apr/2017:05:52:40 -0700] "GET /self.logs/access.log.2015-04-29.gz HTTP/1.1" 200 5124 "-" "Mozilla/5.0 (compatible; DotBot/1.1; http://www.opensiteexplorer.org/dotbot, help@moz.com)" 
216.244.66.227 - - [14/Apr/2017:05:52:42 -0700] "GET /self.logs/access.log.2015-09-19.gz HTTP/1.1" 200 5415 "-" "Mozilla/5.0 (compatible; DotBot/1.1; http://www.opensiteexplorer.org/dotbot, help@moz.com)" 
216.244.66.227 - - [14/Apr/2017:05:52:44 -0700] "GET /self.logs/access.log.2016-06-29.gz HTTP/1.1" 200 8551 "-" "Mozilla/5.0 (compatible; DotBot/1.1; http://www.opensiteexplorer.org/dotbot, help@moz.com)" 
216.244.66.227 - - [14/Apr/2017:05:52:46 -0700] "GET /self.logs/error.log.2016-09-13.gz HTTP/1.1" 200 901 "-" "Mozilla/5.0 (compatible; DotBot/1.1; http://www.opensiteexplorer.org/dotbot, help@moz.com)" 
157.61.201.108 - - [14/Apr/2017:05:53:48 -0700] "GET / HTTP/1.1" 301 483 "http://www.freebuf.com/articles/network/131279.html" "Mozilla/5.0 (Windows NT 5.1) AppleWebKit/537.36 (KHTML, like Gecko) Maxthon/4.0 Chrome/30.0.1599.101 Safari/537.36" 
157.61.201.108 - - [14/Apr/2017:05:53:50 -0700] "GET / HTTP/1.1" 200 10792 "http://www.freebuf.com/articles/network/131279.html" "Mozilla/5.0 (Windows NT 5.1) AppleWebKit/537.36 (KHTML, like Gecko) Maxthon/4.0 Chrome/30.0.1599.101 Safari/537.36" 
157.61.201.108 - - [14/Apr/2017:05:53:51 -0700] "GET /twitter-icon.png HTTP/1.1" 200 27787 "http://www.secrepo.com/" "Mozilla/5.0 (Windows NT 5.1) AppleWebKit/537.36 (KHTML, like Gecko) Maxthon/4.0 Chrome/30.0.1599.101 Safari/537.36" 
157.61.201.108 - - [14/Apr/2017:05:53:51 -0700] "GET /GitHub-Mark.png HTTP/1.1" 200 7428 "http://www.secrepo.com/" "Mozilla/5.0 (Windows NT 5.1) AppleWebKit/537.36 (KHTML, like Gecko) Maxthon/4.0 Chrome/30.0.1599.101 Safari/537.36" 
159.226.251.229 - - [14/Apr/2017:05:58:03 -0700] "GET /maccdc2012/maccdc2012_full_alert.7z HTTP/1.1" 304 132 "-" "Mozilla/5.0 Gecko/20100115 Firefox/3.6" 
188.117.243.100 - - [14/Apr/2017:06:01:58 -0700] "GET /wp-login.php HTTP/1.1" 404 295 "-" "Mozilla/5.0 (Windows NT 6.1; WOW64; rv:40.0) Gecko/20100101 Firefox/40.1" 
188.117.243.100 - - [14/Apr/2017:06:02:04 -0700] "GET /wp-login.php HTTP/1.1" 404 295 "-" "Mozilla/5.0 (Windows NT 6.1; WOW64; rv:40.0) Gecko/20100101 Firefox/40.1" 
188.117.243.100 - - [14/Apr/2017:06:02:09 -0700] "GET / HTTP/1.1" 200 36475 "-" "Mozilla/5.0 (Windows NT 6.1; WOW64; rv:40.0) Gecko/20100101 Firefox/40.1" 
188.117.243.100 - - [14/Apr/2017:06:02:16 -0700] "GET /wp-login.php HTTP/1.1" 301 522 "-" "Mozilla/5.0 (Windows NT 6.1; WOW64; rv:40.0) Gecko/20100101 Firefox/40.1" 
188.117.243.100 - - [14/Apr/2017:06:02:16 -0700] "GET /wp-login.php HTTP/1.1" 404 295 "-" "Mozilla/5.0 (Windows NT 6.1; WOW64; rv:40.0) Gecko/20100101 Firefox/40.1" 
188.117.243.100 - - [14/Apr/2017:06:02:22 -0700] "GET /wp-login.php HTTP/1.1" 301 522 "-" "Mozilla/5.0 (Windows NT 6.1; WOW64; rv:40.0) Gecko/20100101 Firefox/40.1" 
188.117.243.100 - - [14/Apr/2017:06:02:22 -0700] "GET /wp-login.php HTTP/1.1" 404 295 "-" "Mozilla/5.0 (Windows NT 6.1; WOW64; rv:40.0) Gecko/20100101 Firefox/40.1" 
188.117.243.100 - - [14/Apr/2017:06:02:27 -0700] "GET / HTTP/1.1" 301 498 "-" "Mozilla/5.0 (Windows NT 6.1; WOW64; rv:40.0) Gecko/20100101 Firefox/40.1" 
188.117.243.100 - - [14/Apr/2017:06:02:27 -0700] "GET / HTTP/1.1" 200 36475 "-" "Mozilla/5.0 (Windows NT 6.1; WOW64; rv:40.0) Gecko/20100101 Firefox/40.1" 
166.137.244.58 - - [14/Apr/2017:06:04:45 -0700] "GET / HTTP/1.1" 200 10792 "https://www.google.com/" "Mozilla/5.0 (Windows NT 6.1; Win64; x64) AppleWebKit/537.36 (KHTML, like Gecko) Chrome/57.0.2987.133 Safari/537.36" 
166.137.244.58 - - [14/Apr/2017:06:04:45 -0700] "GET /twitter-icon.png HTTP/1.1" 200 27787 "http://www.secrepo.com/" "Mozilla/5.0 (Windows NT 6.1; Win64; x64) AppleWebKit/537.36 (KHTML, like Gecko) Chrome/57.0.2987.133 Safari/537.36" 
166.137.244.58 - - [14/Apr/2017:06:04:45 -0700] "GET /GitHub-Mark.png HTTP/1.1" 200 7428 "http://www.secrepo.com/" "Mozilla/5.0 (Windows NT 6.1; Win64; x64) AppleWebKit/537.36 (KHTML, like Gecko) Chrome/57.0.2987.133 Safari/537.36" 
166.137.244.58 - - [14/Apr/2017:06:04:47 -0700] "GET /bootstrap/img/favicon.ico HTTP/1.1" 200 589 "http://www.secrepo.com/" "Mozilla/5.0 (Windows NT 6.1; Win64; x64) AppleWebKit/537.36 (KHTML, like Gecko) Chrome/57.0.2987.133 Safari/537.36" 
164.132.161.37 - - [14/Apr/2017:06:05:24 -0700] "GET /self.logs/error.log.2016-01-14.gz HTTP/1.1" 200 620 "-" "Mozilla/5.0 (compatible; AhrefsBot/5.2; +http://ahrefs.com/robot/)" 
180.92.138.23 - - [14/Apr/2017:06:07:37 -0700] "GET /wp-login.php HTTP/1.1" 404 295 "-" "Mozilla/5.0 (Windows NT 6.1; WOW64; rv:40.0) Gecko/20100101 Firefox/40.1" 
180.92.138.23 - - [14/Apr/2017:06:07:43 -0700] "GET /wp-login.php HTTP/1.1" 404 295 "-" "Mozilla/5.0 (Windows NT 6.1; WOW64; rv:40.0) Gecko/20100101 Firefox/40.1" 
180.92.138.23 - - [14/Apr/2017:06:07:48 -0700] "GET / HTTP/1.1" 200 36475 "-" "Mozilla/5.0 (Windows NT 6.1; WOW64; rv:40.0) Gecko/20100101 Firefox/40.1" 
86.121.90.169 - - [14/Apr/2017:06:09:12 -0700] "GET /wp-login.php HTTP/1.1" 404 295 "-" "Mozilla/5.0 (Windows NT 6.1; WOW64; rv:40.0) Gecko/20100101 Firefox/40.1" 
86.121.90.169 - - [14/Apr/2017:06:09:18 -0700] "GET /wp-login.php HTTP/1.1" 404 295 "-" "Mozilla/5.0 (Windows NT 6.1; WOW64; rv:40.0) Gecko/20100101 Firefox/40.1" 
86.121.90.169 - - [14/Apr/2017:06:09:23 -0700] "GET / HTTP/1.1" 200 36475 "-" "Mozilla/5.0 (Windows NT 6.1; WOW64; rv:40.0) Gecko/20100101 Firefox/40.1" 
159.226.251.229 - - [14/Apr/2017:06:09:34 -0700] "GET /tg/a.zip HTTP/1.1" 304 132 "-" "Mozilla/5.0 Gecko/20100115 Firefox/3.6" 
120.192.95.88 - - [14/Apr/2017:06:13:38 -0700] "GET /maccdc2012/maccdc2012_full_alert.7z HTTP/1.1" 304 132 "-" "Mozilla/5.0 Gecko/20100115 Firefox/3.6" 
180.92.138.23 - - [14/Apr/2017:06:15:16 -0700] "GET /wp-login.php HTTP/1.1" 301 522 "-" "Mozilla/5.0 (Windows NT 6.1; WOW64; rv:40.0) Gecko/20100101 Firefox/40.1" 
180.92.138.23 - - [14/Apr/2017:06:15:16 -0700] "GET /wp-login.php HTTP/1.1" 404 295 "-" "Mozilla/5.0 (Windows NT 6.1; WOW64; rv:40.0) Gecko/20100101 Firefox/40.1" 
180.92.138.23 - - [14/Apr/2017:06:15:22 -0700] "GET /wp-login.php HTTP/1.1" 301 522 "-" "Mozilla/5.0 (Windows NT 6.1; WOW64; rv:40.0) Gecko/20100101 Firefox/40.1" 
180.92.138.23 - - [14/Apr/2017:06:15:23 -0700] "GET /wp-login.php HTTP/1.1" 404 295 "-" "Mozilla/5.0 (Windows NT 6.1; WOW64; rv:40.0) Gecko/20100101 Firefox/40.1" 
180.92.138.23 - - [14/Apr/2017:06:15:28 -0700] "GET / HTTP/1.1" 301 498 "-" "Mozilla/5.0 (Windows NT 6.1; WOW64; rv:40.0) Gecko/20100101 Firefox/40.1" 
180.92.138.23 - - [14/Apr/2017:06:15:30 -0700] "GET / HTTP/1.1" 200 36475 "-" "Mozilla/5.0 (Windows NT 6.1; WOW64; rv:40.0) Gecko/20100101 Firefox/40.1" 
85.93.91.84 - - [14/Apr/2017:06:16:52 -0700] "GET /robots.txt HTTP/1.0" 200 252 "-" "Mozilla/5.0 (compatible; DeuSu/5.0.2; +https://deusu.de/robot.html)" 
85.93.91.84 - - [14/Apr/2017:06:16:52 -0700] "GET /self.logs/?C=S;O=A HTTP/1.0" 200 156694 "-" "Mozilla/5.0 (compatible; DeuSu/5.0.2; +https://deusu.de/robot.html)" 
216.244.66.227 - - [14/Apr/2017:06:18:19 -0700] "GET /robots.txt HTTP/1.1" 200 233 "-" "Mozilla/5.0 (compatible; DotBot/1.1; http://www.opensiteexplorer.org/dotbot, help@moz.com)" 
216.244.66.227 - - [14/Apr/2017:06:20:01 -0700] "GET /self.logs/access.log.2015-08-25.gz HTTP/1.1" 200 6397 "-" "Mozilla/5.0 (compatible; DotBot/1.1; http://www.opensiteexplorer.org/dotbot, help@moz.com)" 
216.244.66.227 - - [14/Apr/2017:06:20:03 -0700] "GET /self.logs/access.log.2016-09-01.gz HTTP/1.1" 200 12550 "-" "Mozilla/5.0 (compatible; DotBot/1.1; http://www.opensiteexplorer.org/dotbot, help@moz.com)" 
216.244.66.227 - - [14/Apr/2017:06:20:05 -0700] "GET /self.logs/access.log.2016-11-23.gz HTTP/1.1" 200 18274 "-" "Mozilla/5.0 (compatible; DotBot/1.1; http://www.opensiteexplorer.org/dotbot, help@moz.com)" 
216.244.66.227 - - [14/Apr/2017:06:20:07 -0700] "GET /self.logs/error.log.2016-06-16.gz HTTP/1.1" 200 1002 "-" "Mozilla/5.0 (compatible; DotBot/1.1; http://www.opensiteexplorer.org/dotbot, help@moz.com)" 
157.55.39.146 - - [14/Apr/2017:06:23:39 -0700] "GET /self.logs/error.log.2015-05-12.gz HTTP/1.1" 200 923 "-" "msnbot-media/1.1 (+http://search.msn.com/msnbot.htm)" 
24.242.163.11 - - [14/Apr/2017:06:24:29 -0700] "GET /favicon.ico HTTP/1.1" 200 268 "-" "Mozilla/5.0 (Windows NT 10.0; Win64; x64) AppleWebKit/537.36 (KHTML, like Gecko) Chrome/57.0.2987.133 Safari/537.36" 
164.132.161.87 - - [14/Apr/2017:06:25:41 -0700] "GET /self.logs/error.log.2016-08-23.gz HTTP/1.1" 200 722 "-" "Mozilla/5.0 (compatible; AhrefsBot/5.2; +http://ahrefs.com/robot/)" 
157.55.39.250 - - [14/Apr/2017:06:36:03 -0700] "GET /self.logs/?C=D;O=D HTTP/1.1" 200 16772 "-" "Mozilla/5.0 (compatible; bingbot/2.0; +http://www.bing.com/bingbot.htm)" 
157.55.39.250 - - [14/Apr/2017:06:36:04 -0700] "GET /self.logs/?C=N;O=D HTTP/1.1" 200 16771 "-" "Mozilla/5.0 (compatible; bingbot/2.0; +http://www.bing.com/bingbot.htm)" 
157.55.39.244 - - [14/Apr/2017:06:36:06 -0700] "GET /robots.txt HTTP/1.1" 200 334 "-" "Mozilla/5.0 (compatible; bingbot/2.0; +http://www.bing.com/bingbot.htm)" 
40.77.167.44 - - [14/Apr/2017:06:36:11 -0700] "GET /data HTTP/1.1" 404 340 "-" "Mozilla/5.0 (compatible; bingbot/2.0; +http://www.bing.com/bingbot.htm)" 
40.77.167.44 - - [14/Apr/2017:06:36:11 -0700] "GET /self.logs/?C=D;O=A HTTP/1.1" 200 16722 "-" "Mozilla/5.0 (compatible; bingbot/2.0; +http://www.bing.com/bingbot.htm)" 
207.46.13.64 - - [14/Apr/2017:06:39:38 -0700] "GET /self.logs/?C=M;O=A HTTP/1.1" 200 17097 "-" "Mozilla/5.0 (compatible; bingbot/2.0; +http://www.bing.com/bingbot.htm)" 
207.46.13.64 - - [14/Apr/2017:06:39:38 -0700] "GET / HTTP/1.1" 200 10791 "-" "Mozilla/5.0 (compatible; bingbot/2.0; +http://www.bing.com/bingbot.htm)" 
207.46.13.64 - - [14/Apr/2017:06:39:38 -0700] "GET / HTTP/1.1" 200 10791 "-" "Mozilla/5.0 (compatible; bingbot/2.0; +http://www.bing.com/bingbot.htm)" 
66.249.66.103 - - [14/Apr/2017:06:41:24 -0700] "GET / HTTP/1.1" 200 10792 "-" "Mozilla/5.0 (compatible; Googlebot/2.1; +http://www.google.com/bot.html)" 
59.92.116.116 - - [14/Apr/2017:06:42:07 -0700] "GET /wp-login.php HTTP/1.1" 404 295 "-" "Mozilla/5.0 (Windows NT 6.1; WOW64; rv:40.0) Gecko/20100101 Firefox/40.1" 
59.92.116.116 - - [14/Apr/2017:06:42:12 -0700] "GET /wp-login.php HTTP/1.1" 404 295 "-" "Mozilla/5.0 (Windows NT 6.1; WOW64; rv:40.0) Gecko/20100101 Firefox/40.1" 
59.92.116.116 - - [14/Apr/2017:06:42:18 -0700] "GET / HTTP/1.1" 200 36475 "-" "Mozilla/5.0 (Windows NT 6.1; WOW64; rv:40.0) Gecko/20100101 Firefox/40.1" 
216.244.66.227 - - [14/Apr/2017:06:44:17 -0700] "GET /robots.txt HTTP/1.1" 200 233 "-" "Mozilla/5.0 (compatible; DotBot/1.1; http://www.opensiteexplorer.org/dotbot, help@moz.com)" 
216.244.66.227 - - [14/Apr/2017:06:45:58 -0700] "GET /self.logs/access.log.2016-05-09.gz HTTP/1.1" 200 8304 "-" "Mozilla/5.0 (compatible; DotBot/1.1; http://www.opensiteexplorer.org/dotbot, help@moz.com)" 
216.244.66.227 - - [14/Apr/2017:06:46:02 -0700] "GET /self.logs/error.log.2015-10-16.gz HTTP/1.1" 200 708 "-" "Mozilla/5.0 (compatible; DotBot/1.1; http://www.opensiteexplorer.org/dotbot, help@moz.com)" 
216.244.66.227 - - [14/Apr/2017:06:46:05 -0700] "GET /self.logs/error.log.2016-05-16.gz HTTP/1.1" 200 884 "-" "Mozilla/5.0 (compatible; DotBot/1.1; http://www.opensiteexplorer.org/dotbot, help@moz.com)" 
157.55.39.248 - - [14/Apr/2017:06:50:27 -0700] "GET /self.logs/?C=S;O=A HTTP/1.1" 200 18897 "-" "Mozilla/5.0 (compatible; bingbot/2.0; +http://www.bing.com/bingbot.htm)" 
157.55.39.248 - - [14/Apr/2017:06:50:27 -0700] "GET /self.logs/ HTTP/1.1" 200 16722 "-" "Mozilla/5.0 (compatible; bingbot/2.0; +http://www.bing.com/bingbot.htm)" 
31.223.5.145 - - [14/Apr/2017:06:51:39 -0700] "GET /wp-login.php HTTP/1.1" 404 295 "-" "Mozilla/5.0 (Windows NT 6.1; WOW64; rv:40.0) Gecko/20100101 Firefox/40.1" 
31.223.5.145 - - [14/Apr/2017:06:51:44 -0700] "GET /wp-login.php HTTP/1.1" 404 295 "-" "Mozilla/5.0 (Windows NT 6.1; WOW64; rv:40.0) Gecko/20100101 Firefox/40.1" 
31.223.5.145 - - [14/Apr/2017:06:51:50 -0700] "GET / HTTP/1.1" 200 36475 "-" "Mozilla/5.0 (Windows NT 6.1; WOW64; rv:40.0) Gecko/20100101 Firefox/40.1" 
208.80.192.33 - - [14/Apr/2017:06:56:43 -0700] "GET / HTTP/1.0" 200 36464 "-" "Mozilla/5.0 (Macintosh; Intel Mac OS X 10_7_2) AppleWebKit/534.52.7 (KHTML, like Gecko) Version/5.1 Safari/534.50" 
94.193.139.159 - - [14/Apr/2017:06:58:57 -0700] "GET /wp-login.php HTTP/1.1" 404 295 "-" "Mozilla/5.0 (Windows NT 6.1; WOW64; rv:40.0) Gecko/20100101 Firefox/40.1" 
94.193.139.159 - - [14/Apr/2017:06:59:02 -0700] "GET /wp-login.php HTTP/1.1" 404 295 "-" "Mozilla/5.0 (Windows NT 6.1; WOW64; rv:40.0) Gecko/20100101 Firefox/40.1" 
94.193.139.159 - - [14/Apr/2017:06:59:08 -0700] "GET / HTTP/1.1" 200 36475 "-" "Mozilla/5.0 (Windows NT 6.1; WOW64; rv:40.0) Gecko/20100101 Firefox/40.1" 
24.56.58.114 - - [14/Apr/2017:06:59:23 -0700] "GET / HTTP/1.1" 200 10792 "-" "Mozilla/5.0 (X11; Linux x86_64) AppleWebKit/537.36 (KHTML, like Gecko) Chrome/57.0.2987.98 Safari/537.36 OPR/44.0.2510.857" 
24.56.58.114 - - [14/Apr/2017:06:59:23 -0700] "GET /twitter-icon.png HTTP/1.1" 200 27787 "http://www.secrepo.com/" "Mozilla/5.0 (X11; Linux x86_64) AppleWebKit/537.36 (KHTML, like Gecko) Chrome/57.0.2987.98 Safari/537.36 OPR/44.0.2510.857" 
24.56.58.114 - - [14/Apr/2017:06:59:23 -0700] "GET /GitHub-Mark.png HTTP/1.1" 200 7428 "http://www.secrepo.com/" "Mozilla/5.0 (X11; Linux x86_64) AppleWebKit/537.36 (KHTML, like Gecko) Chrome/57.0.2987.98 Safari/537.36 OPR/44.0.2510.857" 
24.56.58.114 - - [14/Apr/2017:06:59:25 -0700] "GET /bootstrap/img/favicon.ico HTTP/1.1" 200 589 "http://www.secrepo.com/" "Mozilla/5.0 (X11; Linux x86_64) AppleWebKit/537.36 (KHTML, like Gecko) Chrome/57.0.2987.98 Safari/537.36 OPR/44.0.2510.857" 
192.93.124.97 - - [14/Apr/2017:06:59:32 -0700] "GET / HTTP/1.1" 200 10792 "http://www.covert.io/" "Mozilla/5.0 (X11; Ubuntu; Linux x86_64; rv:52.0) Gecko/20100101 Firefox/52.0" 
192.93.124.97 - - [14/Apr/2017:06:59:33 -0700] "GET /GitHub-Mark.png HTTP/1.1" 200 7428 "http://www.secrepo.com/" "Mozilla/5.0 (X11; Ubuntu; Linux x86_64; rv:52.0) Gecko/20100101 Firefox/52.0" 
192.93.124.97 - - [14/Apr/2017:06:59:33 -0700] "GET /twitter-icon.png HTTP/1.1" 200 27787 "http://www.secrepo.com/" "Mozilla/5.0 (X11; Ubuntu; Linux x86_64; rv:52.0) Gecko/20100101 Firefox/52.0" 
192.93.124.97 - - [14/Apr/2017:06:59:35 -0700] "GET /bootstrap/img/favicon.ico HTTP/1.1" 200 589 "-" "Mozilla/5.0 (X11; Ubuntu; Linux x86_64; rv:52.0) Gecko/20100101 Firefox/52.0" 
159.226.251.229 - - [14/Apr/2017:07:05:37 -0700] "GET /maccdc2012/conn.log.gz HTTP/1.1" 304 156 "-" "Mozilla/5.0 Gecko/20100115 Firefox/3.6" 
216.244.66.227 - - [14/Apr/2017:07:07:41 -0700] "GET /robots.txt HTTP/1.1" 200 233 "-" "Mozilla/5.0 (compatible; DotBot/1.1; http://www.opensiteexplorer.org/dotbot, help@moz.com)" 
216.244.66.227 - - [14/Apr/2017:07:08:58 -0700] "GET /self.logs/error.log.2016-04-20.gz HTTP/1.1" 200 714 "-" "Mozilla/5.0 (compatible; DotBot/1.1; http://www.opensiteexplorer.org/dotbot, help@moz.com)" 
216.244.66.227 - - [14/Apr/2017:07:09:00 -0700] "GET /self.logs/error.log.2016-05-19.gz HTTP/1.1" 200 820 "-" "Mozilla/5.0 (compatible; DotBot/1.1; http://www.opensiteexplorer.org/dotbot, help@moz.com)" 
173.252.123.136 - - [14/Apr/2017:07:09:28 -0700] "GET /twitter-icon.png HTTP/1.1" 200 27788 "-" "facebookexternalhit/1.1 (+http://www.facebook.com/externalhit_uatext.php)" 
51.255.65.80 - - [14/Apr/2017:07:11:58 -0700] "GET /self.logs/error.log.2017-02-01.gz HTTP/1.1" 200 810 "-" "Mozilla/5.0 (compatible; AhrefsBot/5.2; +http://ahrefs.com/robot/)" 
107.15.104.169 - - [14/Apr/2017:07:18:53 -0700] "GET / HTTP/1.1" 304 189 "-" "Mozilla/5.0 (Macintosh; Intel Mac OS X 10_12_3) AppleWebKit/602.4.8 (KHTML, like Gecko) Version/10.0.3 Safari/602.4.8" 
107.15.104.169 - - [14/Apr/2017:07:18:53 -0700] "GET /GitHub-Mark.png HTTP/1.1" 200 7428 "http://www.secrepo.com/" "Mozilla/5.0 (Macintosh; Intel Mac OS X 10_12_3) AppleWebKit/602.4.8 (KHTML, like Gecko) Version/10.0.3 Safari/602.4.8" 
107.15.104.169 - - [14/Apr/2017:07:18:53 -0700] "GET /twitter-icon.png HTTP/1.1" 200 27787 "http://www.secrepo.com/" "Mozilla/5.0 (Macintosh; Intel Mac OS X 10_12_3) AppleWebKit/602.4.8 (KHTML, like Gecko) Version/10.0.3 Safari/602.4.8" 
161.185.160.81 - - [14/Apr/2017:07:26:46 -0700] "GET / HTTP/1.1" 200 10792 "https://www.google.com/" "Mozilla/5.0 (Windows NT 6.1; Win64; x64) AppleWebKit/537.36 (KHTML, like Gecko) Chrome/57.0.2987.133 Safari/537.36" 
161.185.160.81 - - [14/Apr/2017:07:26:47 -0700] "GET /twitter-icon.png HTTP/1.1" 200 27787 "http://www.secrepo.com/" "Mozilla/5.0 (Windows NT 6.1; Win64; x64) AppleWebKit/537.36 (KHTML, like Gecko) Chrome/57.0.2987.133 Safari/537.36" 
161.185.160.81 - - [14/Apr/2017:07:26:47 -0700] "GET /GitHub-Mark.png HTTP/1.1" 200 7428 "http://www.secrepo.com/" "Mozilla/5.0 (Windows NT 6.1; Win64; x64) AppleWebKit/537.36 (KHTML, like Gecko) Chrome/57.0.2987.133 Safari/537.36" 
161.185.160.81 - - [14/Apr/2017:07:26:47 -0700] "GET /bootstrap/img/favicon.ico HTTP/1.1" 200 589 "http://www.secrepo.com/" "Mozilla/5.0 (Windows NT 6.1; Win64; x64) AppleWebKit/537.36 (KHTML, like Gecko) Chrome/57.0.2987.133 Safari/537.36" 
107.21.1.8 - - [14/Apr/2017:07:27:10 -0700] "GET / HTTP/1.1" 200 10792 "http://www.secrepo.com/" "Mozilla/5.0 (compatible; DuckDuckGo-Favicons-Bot/1.0; +http://duckduckgo.com)" 
107.21.1.8 - - [14/Apr/2017:07:27:10 -0700] "GET /bootstrap/img/favicon.ico HTTP/1.1" 200 589 "http://www.secrepo.com/bootstrap/img/favicon.ico" "Mozilla/5.0 (compatible; DuckDuckGo-Favicons-Bot/1.0; +http://duckduckgo.com)" 
93.150.99.127 - - [14/Apr/2017:07:30:13 -0700] "GET /wp-login.php HTTP/1.1" 301 522 "-" "Mozilla/5.0 (Windows NT 6.1; WOW64; rv:40.0) Gecko/20100101 Firefox/40.1" 
93.150.99.127 - - [14/Apr/2017:07:30:14 -0700] "GET /wp-login.php HTTP/1.1" 404 295 "-" "Mozilla/5.0 (Windows NT 6.1; WOW64; rv:40.0) Gecko/20100101 Firefox/40.1" 
93.150.99.127 - - [14/Apr/2017:07:30:19 -0700] "GET /wp-login.php HTTP/1.1" 301 522 "-" "Mozilla/5.0 (Windows NT 6.1; WOW64; rv:40.0) Gecko/20100101 Firefox/40.1" 
93.150.99.127 - - [14/Apr/2017:07:30:19 -0700] "GET /wp-login.php HTTP/1.1" 404 295 "-" "Mozilla/5.0 (Windows NT 6.1; WOW64; rv:40.0) Gecko/20100101 Firefox/40.1" 
93.150.99.127 - - [14/Apr/2017:07:30:24 -0700] "GET / HTTP/1.1" 301 498 "-" "Mozilla/5.0 (Windows NT 6.1; WOW64; rv:40.0) Gecko/20100101 Firefox/40.1" 
93.150.99.127 - - [14/Apr/2017:07:30:25 -0700] "GET / HTTP/1.1" 200 36475 "-" "Mozilla/5.0 (Windows NT 6.1; WOW64; rv:40.0) Gecko/20100101 Firefox/40.1" 
124.171.254.53 - - [14/Apr/2017:07:33:54 -0700] "GET /wp-login.php HTTP/1.1" 404 295 "-" "Mozilla/5.0 (Windows NT 6.1; WOW64; rv:40.0) Gecko/20100101 Firefox/40.1" 
124.171.254.53 - - [14/Apr/2017:07:33:59 -0700] "GET /wp-login.php HTTP/1.1" 404 295 "-" "Mozilla/5.0 (Windows NT 6.1; WOW64; rv:40.0) Gecko/20100101 Firefox/40.1" 
124.171.254.53 - - [14/Apr/2017:07:34:05 -0700] "GET / HTTP/1.1" 200 36475 "-" "Mozilla/5.0 (Windows NT 6.1; WOW64; rv:40.0) Gecko/20100101 Firefox/40.1" 
192.93.124.97 - - [14/Apr/2017:07:43:33 -0700] "GET / HTTP/1.1" 200 10792 "-" "Mozilla/5.0 (Windows NT 6.1; WOW64; rv:52.0) Gecko/20100101 Firefox/52.0" 
192.93.124.97 - - [14/Apr/2017:07:43:34 -0700] "GET /twitter-icon.png HTTP/1.1" 200 27787 "http://www.secrepo.com/" "Mozilla/5.0 (Windows NT 6.1; WOW64; rv:52.0) Gecko/20100101 Firefox/52.0" 
192.93.124.97 - - [14/Apr/2017:07:43:34 -0700] "GET /GitHub-Mark.png HTTP/1.1" 200 7428 "http://www.secrepo.com/" "Mozilla/5.0 (Windows NT 6.1; WOW64; rv:52.0) Gecko/20100101 Firefox/52.0" 
192.93.124.97 - - [14/Apr/2017:07:43:34 -0700] "GET /bootstrap/img/favicon.ico HTTP/1.1" 200 590 "-" "Mozilla/5.0 (Windows NT 6.1; WOW64; rv:52.0) Gecko/20100101 Firefox/52.0" 
31.223.5.145 - - [14/Apr/2017:07:44:14 -0700] "GET /wp-login.php HTTP/1.1" 301 522 "-" "Mozilla/5.0 (Windows NT 6.1; WOW64; rv:40.0) Gecko/20100101 Firefox/40.1" 
31.223.5.145 - - [14/Apr/2017:07:44:14 -0700] "GET /wp-login.php HTTP/1.1" 404 295 "-" "Mozilla/5.0 (Windows NT 6.1; WOW64; rv:40.0) Gecko/20100101 Firefox/40.1" 
31.223.5.145 - - [14/Apr/2017:07:44:19 -0700] "GET /wp-login.php HTTP/1.1" 301 522 "-" "Mozilla/5.0 (Windows NT 6.1; WOW64; rv:40.0) Gecko/20100101 Firefox/40.1" 
31.223.5.145 - - [14/Apr/2017:07:44:20 -0700] "GET /wp-login.php HTTP/1.1" 404 295 "-" "Mozilla/5.0 (Windows NT 6.1; WOW64; rv:40.0) Gecko/20100101 Firefox/40.1" 
31.223.5.145 - - [14/Apr/2017:07:44:25 -0700] "GET / HTTP/1.1" 301 498 "-" "Mozilla/5.0 (Windows NT 6.1; WOW64; rv:40.0) Gecko/20100101 Firefox/40.1" 
31.223.5.145 - - [14/Apr/2017:07:44:25 -0700] "GET / HTTP/1.1" 200 36475 "-" "Mozilla/5.0 (Windows NT 6.1; WOW64; rv:40.0) Gecko/20100101 Firefox/40.1" 
66.102.6.158 - - [14/Apr/2017:07:53:30 -0700] "GET / HTTP/1.1" 200 10792 "-" "Mozilla/5.0 (X11; Linux x86_64) AppleWebKit/537.36 (KHTML, like Gecko) Chrome/49.0.2623.75 Safari/537.36 Google Favicon" 
66.102.6.159 - - [14/Apr/2017:07:53:30 -0700] "GET /bootstrap/img/favicon.ico HTTP/1.1" 200 590 "-" "Mozilla/5.0 (X11; Linux x86_64) AppleWebKit/537.36 (KHTML, like Gecko) Chrome/49.0.2623.75 Safari/537.36 Google Favicon" 
40.77.167.44 - - [14/Apr/2017:08:09:08 -0700] "GET /self.logs/access.log.2015-07-19.gz HTTP/1.1" 200 4263 "-" "msnbot-media/1.1 (+http://search.msn.com/msnbot.htm)" 
168.150.115.2 - - [14/Apr/2017:08:28:17 -0700] "GET / HTTP/1.1" 200 10792 "http://www.kdnuggets.com/2017/01/machine-learning-cyber-security.html" "Mozilla/5.0 (Macintosh; Intel Mac OS X 10_12_3) AppleWebKit/537.36 (KHTML, like Gecko) Chrome/57.0.2987.133 Safari/537.36" 
168.150.115.2 - - [14/Apr/2017:08:28:17 -0700] "GET /GitHub-Mark.png HTTP/1.1" 200 7428 "http://www.secrepo.com/" "Mozilla/5.0 (Macintosh; Intel Mac OS X 10_12_3) AppleWebKit/537.36 (KHTML, like Gecko) Chrome/57.0.2987.133 Safari/537.36" 
168.150.115.2 - - [14/Apr/2017:08:28:17 -0700] "GET /twitter-icon.png HTTP/1.1" 200 27787 "http://www.secrepo.com/" "Mozilla/5.0 (Macintosh; Intel Mac OS X 10_12_3) AppleWebKit/537.36 (KHTML, like Gecko) Chrome/57.0.2987.133 Safari/537.36" 
168.150.115.2 - - [14/Apr/2017:08:28:17 -0700] "GET /bootstrap/img/favicon.ico HTTP/1.1" 200 589 "http://www.secrepo.com/" "Mozilla/5.0 (Macintosh; Intel Mac OS X 10_12_3) AppleWebKit/537.36 (KHTML, like Gecko) Chrome/57.0.2987.133 Safari/537.36" 
128.237.28.16 - - [14/Apr/2017:08:30:45 -0700] "GET / HTTP/1.1" 304 189 "-" "Mozilla/5.0 (Windows NT 6.1; WOW64; rv:52.0) Gecko/20100101 Firefox/52.0" 
134.214.81.240 - - [14/Apr/2017:08:31:42 -0700] "GET / HTTP/1.1" 200 10792 "-" "Mozilla/5.0 (X11; Linux x86_64) AppleWebKit/537.36 (KHTML, like Gecko) Ubuntu Chromium/57.0.2987.98 Chrome/57.0.2987.98 Safari/537.36" 
134.214.81.240 - - [14/Apr/2017:08:31:44 -0700] "GET /twitter-icon.png HTTP/1.1" 200 27788 "http://www.secrepo.com/" "Mozilla/5.0 (X11; Linux x86_64) AppleWebKit/537.36 (KHTML, like Gecko) Ubuntu Chromium/57.0.2987.98 Chrome/57.0.2987.98 Safari/537.36" 
134.214.81.240 - - [14/Apr/2017:08:31:45 -0700] "GET /GitHub-Mark.png HTTP/1.1" 200 7428 "http://www.secrepo.com/" "Mozilla/5.0 (X11; Linux x86_64) AppleWebKit/537.36 (KHTML, like Gecko) Ubuntu Chromium/57.0.2987.98 Chrome/57.0.2987.98 Safari/537.36" 
143.244.71.80 - - [14/Apr/2017:08:33:38 -0700] "GET / HTTP/1.1" 200 10792 "https://www.google.com/" "Mozilla/5.0 (Windows NT 6.1; Win64; x64) AppleWebKit/537.36 (KHTML, like Gecko) Chrome/57.0.2987.133 Safari/537.36" 
143.244.71.80 - - [14/Apr/2017:08:33:41 -0700] "GET /twitter-icon.png HTTP/1.1" 200 27788 "http://www.secrepo.com/" "Mozilla/5.0 (Windows NT 6.1; Win64; x64) AppleWebKit/537.36 (KHTML, like Gecko) Chrome/57.0.2987.133 Safari/537.36" 
143.244.71.80 - - [14/Apr/2017:08:33:41 -0700] "GET /GitHub-Mark.png HTTP/1.1" 200 7428 "http://www.secrepo.com/" "Mozilla/5.0 (Windows NT 6.1; Win64; x64) AppleWebKit/537.36 (KHTML, like Gecko) Chrome/57.0.2987.133 Safari/537.36" 
143.244.71.80 - - [14/Apr/2017:08:33:41 -0700] "GET /bootstrap/img/favicon.ico HTTP/1.1" 200 589 "http://www.secrepo.com/" "Mozilla/5.0 (Windows NT 6.1; Win64; x64) AppleWebKit/537.36 (KHTML, like Gecko) Chrome/57.0.2987.133 Safari/537.36" 
157.55.39.248 - - [14/Apr/2017:08:33:33 -0700] "GET /maccdc2012/conn.log.gz HTTP/1.1" 200 10906943 "-" "msnbot-media/1.1 (+http://search.msn.com/msnbot.htm)" 
86.121.90.169 - - [14/Apr/2017:08:34:52 -0700] "GET /wp-login.php HTTP/1.1" 301 522 "-" "Mozilla/5.0 (Windows NT 6.1; WOW64; rv:40.0) Gecko/20100101 Firefox/40.1" 
86.121.90.169 - - [14/Apr/2017:08:34:53 -0700] "GET /wp-login.php HTTP/1.1" 404 295 "-" "Mozilla/5.0 (Windows NT 6.1; WOW64; rv:40.0) Gecko/20100101 Firefox/40.1" 
86.121.90.169 - - [14/Apr/2017:08:34:58 -0700] "GET /wp-login.php HTTP/1.1" 301 522 "-" "Mozilla/5.0 (Windows NT 6.1; WOW64; rv:40.0) Gecko/20100101 Firefox/40.1" 
86.121.90.169 - - [14/Apr/2017:08:34:58 -0700] "GET /wp-login.php HTTP/1.1" 404 295 "-" "Mozilla/5.0 (Windows NT 6.1; WOW64; rv:40.0) Gecko/20100101 Firefox/40.1" 
86.121.90.169 - - [14/Apr/2017:08:35:04 -0700] "GET / HTTP/1.1" 301 498 "-" "Mozilla/5.0 (Windows NT 6.1; WOW64; rv:40.0) Gecko/20100101 Firefox/40.1" 
86.121.90.169 - - [14/Apr/2017:08:35:04 -0700] "GET / HTTP/1.1" 200 36475 "-" "Mozilla/5.0 (Windows NT 6.1; WOW64; rv:40.0) Gecko/20100101 Firefox/40.1" 
217.182.132.186 - - [14/Apr/2017:08:36:51 -0700] "GET /self.logs/access.log.2017-03-25.gz HTTP/1.1" 200 13498 "-" "Mozilla/5.0 (compatible; AhrefsBot/5.2; +http://ahrefs.com/robot/)" 
82.193.115.65 - - [14/Apr/2017:08:38:20 -0700] "GET / HTTP/1.1" 200 10792 "https://www.google.com.ua/" "Mozilla/5.0 (X11; Linux x86_64) AppleWebKit/537.36 (KHTML, like Gecko) Chrome/56.0.2924.87 Safari/537.36" 
82.193.115.65 - - [14/Apr/2017:08:38:20 -0700] "GET /GitHub-Mark.png HTTP/1.1" 200 7428 "http://www.secrepo.com/" "Mozilla/5.0 (X11; Linux x86_64) AppleWebKit/537.36 (KHTML, like Gecko) Chrome/56.0.2924.87 Safari/537.36" 
82.193.115.65 - - [14/Apr/2017:08:38:20 -0700] "GET /twitter-icon.png HTTP/1.1" 200 27787 "http://www.secrepo.com/" "Mozilla/5.0 (X11; Linux x86_64) AppleWebKit/537.36 (KHTML, like Gecko) Chrome/56.0.2924.87 Safari/537.36" 
82.193.115.65 - - [14/Apr/2017:08:38:21 -0700] "GET /bootstrap/img/favicon.ico HTTP/1.1" 200 589 "http://www.secrepo.com/" "Mozilla/5.0 (X11; Linux x86_64) AppleWebKit/537.36 (KHTML, like Gecko) Chrome/56.0.2924.87 Safari/537.36" 
128.237.192.87 - - [14/Apr/2017:08:39:50 -0700] "GET / HTTP/1.1" 301 483 "-" "Mozilla/5.0 (Windows NT 10.0; Win64; x64) AppleWebKit/537.36 (KHTML, like Gecko) Chrome/57.0.2987.133 Safari/537.36" 
128.237.192.87 - - [14/Apr/2017:08:39:50 -0700] "GET / HTTP/1.1" 200 10792 "-" "Mozilla/5.0 (Windows NT 10.0; Win64; x64) AppleWebKit/537.36 (KHTML, like Gecko) Chrome/57.0.2987.133 Safari/537.36" 
128.237.192.87 - - [14/Apr/2017:08:39:50 -0700] "GET /GitHub-Mark.png HTTP/1.1" 200 7428 "http://www.secrepo.com/" "Mozilla/5.0 (Windows NT 10.0; Win64; x64) AppleWebKit/537.36 (KHTML, like Gecko) Chrome/57.0.2987.133 Safari/537.36" 
