68.180.230.88 - - [04/May/2016:06:43:03 -0700] "GET /self.logs/error.log.2015-01-26.gz HTTP/1.1" 200 593 "-" "Mozilla/5.0 (compatible; Yahoo! Slurp; http://help.yahoo.com/help/us/ysearch/slurp)" 
68.180.230.88 - - [04/May/2016:06:43:23 -0700] "GET /self.logs/error.log.2015-08-16.gz HTTP/1.1" 200 2637 "-" "Mozilla/5.0 (compatible; Yahoo! Slurp; http://help.yahoo.com/help/us/ysearch/slurp)" 
68.180.230.88 - - [04/May/2016:06:43:48 -0700] "GET /self.logs/access.log.2015-02-27.gz HTTP/1.1" 304 132 "-" "Mozilla/5.0 (compatible; Yahoo! Slurp; http://help.yahoo.com/help/us/ysearch/slurp)" 
68.180.230.88 - - [04/May/2016:06:44:15 -0700] "GET /self.logs/access.log.2016-02-21.gz HTTP/1.1" 200 7943 "-" "Mozilla/5.0 (compatible; Yahoo! Slurp; http://help.yahoo.com/help/us/ysearch/slurp)" 
68.180.230.88 - - [04/May/2016:06:44:15 -0700] "GET /self.logs/error.log.2016-03-25.gz HTTP/1.1" 200 664 "-" "Mozilla/5.0 (compatible; Yahoo! Slurp; http://help.yahoo.com/help/us/ysearch/slurp)" 
68.180.230.88 - - [04/May/2016:06:44:28 -0700] "GET /self.logs/access.log.2015-10-25.gz HTTP/1.1" 200 4404 "-" "Mozilla/5.0 (compatible; Yahoo! Slurp; http://help.yahoo.com/help/us/ysearch/slurp)" 
212.98.207.134 - - [04/May/2016:06:44:35 -0700] "GET /bootstrap/img/favicon.ico HTTP/1.1" 200 590 "-" "Mozilla/5.0 (Windows NT 10.0; Win64; x64; rv:46.0) Gecko/20100101 Firefox/46.0" 
68.180.230.88 - - [04/May/2016:06:44:58 -0700] "GET /self.logs/error.log.2015-06-17.gz HTTP/1.1" 200 1096 "-" "Mozilla/5.0 (compatible; Yahoo! Slurp; http://help.yahoo.com/help/us/ysearch/slurp)" 
137.17.161.24 - - [04/May/2016:06:45:17 -0700] "GET / HTTP/1.1" 200 8880 "https://www.google.nl/" "Mozilla/5.0 (Windows NT 6.1; WOW64) AppleWebKit/537.36 (KHTML, like Gecko) Chrome/50.0.2661.94 Safari/537.36" 
137.17.161.24 - - [04/May/2016:06:45:17 -0700] "GET /twitter-icon.png HTTP/1.1" 200 27787 "http://www.secrepo.com/" "Mozilla/5.0 (Windows NT 6.1; WOW64) AppleWebKit/537.36 (KHTML, like Gecko) Chrome/50.0.2661.94 Safari/537.36" 
137.17.161.24 - - [04/May/2016:06:45:17 -0700] "GET /GitHub-Mark.png HTTP/1.1" 200 7428 "http://www.secrepo.com/" "Mozilla/5.0 (Windows NT 6.1; WOW64) AppleWebKit/537.36 (KHTML, like Gecko) Chrome/50.0.2661.94 Safari/537.36" 
137.17.161.24 - - [04/May/2016:06:45:18 -0700] "GET /bootstrap/img/favicon.ico HTTP/1.1" 200 589 "http://www.secrepo.com/" "Mozilla/5.0 (Windows NT 6.1; WOW64) AppleWebKit/537.36 (KHTML, like Gecko) Chrome/50.0.2661.94 Safari/537.36" 
68.180.230.88 - - [04/May/2016:06:45:24 -0700] "GET /self.logs/access.log.2016-03-15.gz HTTP/1.1" 200 7095 "-" "Mozilla/5.0 (compatible; Yahoo! Slurp; http://help.yahoo.com/help/us/ysearch/slurp)" 
68.180.230.88 - - [04/May/2016:06:45:39 -0700] "GET /self.logs/error.log.2015-09-25.gz HTTP/1.1" 200 742 "-" "Mozilla/5.0 (compatible; Yahoo! Slurp; http://help.yahoo.com/help/us/ysearch/slurp)" 
68.180.230.88 - - [04/May/2016:06:45:41 -0700] "GET /self.logs/access.log.2016-04-04.gz HTTP/1.1" 200 9421 "-" "Mozilla/5.0 (compatible; Yahoo! Slurp; http://help.yahoo.com/help/us/ysearch/slurp)" 
68.180.230.88 - - [04/May/2016:06:45:48 -0700] "GET /self.logs/access.log.2016-03-25.gz HTTP/1.1" 200 11417 "-" "Mozilla/5.0 (compatible; Yahoo! Slurp; http://help.yahoo.com/help/us/ysearch/slurp)" 
68.180.230.88 - - [04/May/2016:06:45:48 -0700] "GET /self.logs/access.log.2015-09-03.gz HTTP/1.1" 200 4893 "-" "Mozilla/5.0 (compatible; Yahoo! Slurp; http://help.yahoo.com/help/us/ysearch/slurp)" 
68.180.230.88 - - [04/May/2016:06:45:55 -0700] "GET /self.logs/access.log.2015-06-27.gz HTTP/1.1" 304 133 "-" "Mozilla/5.0 (compatible; Yahoo! Slurp; http://help.yahoo.com/help/us/ysearch/slurp)" 
68.180.230.88 - - [04/May/2016:06:45:57 -0700] "GET /self.logs/error.log.2016-02-16.gz HTTP/1.1" 200 654 "-" "Mozilla/5.0 (compatible; Yahoo! Slurp; http://help.yahoo.com/help/us/ysearch/slurp)" 
68.180.230.88 - - [04/May/2016:06:46:32 -0700] "GET /self.logs/error.log.2016-04-19.gz HTTP/1.1" 200 986 "-" "Mozilla/5.0 (compatible; Yahoo! Slurp; http://help.yahoo.com/help/us/ysearch/slurp)" 
68.180.230.88 - - [04/May/2016:06:46:43 -0700] "GET /self.logs/access.log.2016-04-29.gz HTTP/1.1" 200 7631 "-" "Mozilla/5.0 (compatible; Yahoo! Slurp; http://help.yahoo.com/help/us/ysearch/slurp)" 
68.180.230.88 - - [04/May/2016:06:46:58 -0700] "GET /self.logs/access.log.2015-06-06.gz HTTP/1.1" 304 132 "-" "Mozilla/5.0 (compatible; Yahoo! Slurp; http://help.yahoo.com/help/us/ysearch/slurp)" 
68.180.230.88 - - [04/May/2016:06:46:58 -0700] "GET /self.logs/access.log.2015-10-27.gz HTTP/1.1" 200 6438 "-" "Mozilla/5.0 (compatible; Yahoo! Slurp; http://help.yahoo.com/help/us/ysearch/slurp)" 
68.180.230.88 - - [04/May/2016:06:47:00 -0700] "GET /self.logs/access.log.2016-04-28.gz HTTP/1.1" 200 10782 "-" "Mozilla/5.0 (compatible; Yahoo! Slurp; http://help.yahoo.com/help/us/ysearch/slurp)" 
68.180.230.88 - - [04/May/2016:06:47:06 -0700] "GET /self.logs/error.log.2015-07-12.gz HTTP/1.1" 304 132 "-" "Mozilla/5.0 (compatible; Yahoo! Slurp; http://help.yahoo.com/help/us/ysearch/slurp)" 
68.180.230.88 - - [04/May/2016:06:47:46 -0700] "GET /self.logs/access.log.2015-10-21.gz HTTP/1.1" 200 7853 "-" "Mozilla/5.0 (compatible; Yahoo! Slurp; http://help.yahoo.com/help/us/ysearch/slurp)" 
68.180.230.88 - - [04/May/2016:06:47:54 -0700] "GET /self.logs/access.log.2015-10-07.gz HTTP/1.1" 200 6981 "-" "Mozilla/5.0 (compatible; Yahoo! Slurp; http://help.yahoo.com/help/us/ysearch/slurp)" 
68.180.230.88 - - [04/May/2016:06:47:58 -0700] "GET /self.logs/error.log.2015-09-08.gz HTTP/1.1" 200 683 "-" "Mozilla/5.0 (compatible; Yahoo! Slurp; http://help.yahoo.com/help/us/ysearch/slurp)" 
68.180.230.88 - - [04/May/2016:06:47:59 -0700] "GET /self.logs/access.log.2015-09-09.gz HTTP/1.1" 200 4655 "-" "Mozilla/5.0 (compatible; Yahoo! Slurp; http://help.yahoo.com/help/us/ysearch/slurp)" 
68.180.230.88 - - [04/May/2016:06:48:01 -0700] "GET /self.logs/error.log.2015-10-31.gz HTTP/1.1" 200 957 "-" "Mozilla/5.0 (compatible; Yahoo! Slurp; http://help.yahoo.com/help/us/ysearch/slurp)" 
68.180.230.88 - - [04/May/2016:06:48:05 -0700] "GET /self.logs/error.log.2015-05-19.gz HTTP/1.1" 200 943 "-" "Mozilla/5.0 (compatible; Yahoo! Slurp; http://help.yahoo.com/help/us/ysearch/slurp)" 
68.180.230.88 - - [04/May/2016:06:48:26 -0700] "GET /self.logs/access.log.2015-10-15.gz HTTP/1.1" 304 133 "-" "Mozilla/5.0 (compatible; Yahoo! Slurp; http://help.yahoo.com/help/us/ysearch/slurp)" 
68.180.230.88 - - [04/May/2016:06:49:05 -0700] "GET /self.logs/error.log.2015-01-28.gz HTTP/1.1" 200 588 "-" "Mozilla/5.0 (compatible; Yahoo! Slurp; http://help.yahoo.com/help/us/ysearch/slurp)" 
68.180.230.88 - - [04/May/2016:06:49:12 -0700] "GET /self.logs/?C=N;O=D HTTP/1.1" 200 9918 "-" "Mozilla/5.0 (compatible; Yahoo! Slurp; http://help.yahoo.com/help/us/ysearch/slurp)" 
68.180.230.88 - - [04/May/2016:06:49:31 -0700] "GET /self.logs/access.log.2016-04-06.gz HTTP/1.1" 200 9308 "-" "Mozilla/5.0 (compatible; Yahoo! Slurp; http://help.yahoo.com/help/us/ysearch/slurp)" 
68.180.230.88 - - [04/May/2016:06:49:35 -0700] "GET /self.logs/access.log.2015-05-07.gz HTTP/1.1" 200 6137 "-" "Mozilla/5.0 (compatible; Yahoo! Slurp; http://help.yahoo.com/help/us/ysearch/slurp)" 
68.180.230.88 - - [04/May/2016:06:49:36 -0700] "GET /self.logs/error.log.2015-11-19.gz HTTP/1.1" 304 132 "-" "Mozilla/5.0 (compatible; Yahoo! Slurp; http://help.yahoo.com/help/us/ysearch/slurp)" 
68.180.230.88 - - [04/May/2016:06:49:45 -0700] "GET /self.logs/access.log.2015-09-26.gz HTTP/1.1" 200 3593 "-" "Mozilla/5.0 (compatible; Yahoo! Slurp; http://help.yahoo.com/help/us/ysearch/slurp)" 
68.180.230.88 - - [04/May/2016:06:50:07 -0700] "GET /self.logs/access.log.2015-03-21.gz HTTP/1.1" 200 2878 "-" "Mozilla/5.0 (compatible; Yahoo! Slurp; http://help.yahoo.com/help/us/ysearch/slurp)" 
68.180.230.88 - - [04/May/2016:06:50:18 -0700] "GET /self.logs/access.log.2015-07-04.gz HTTP/1.1" 200 3839 "-" "Mozilla/5.0 (compatible; Yahoo! Slurp; http://help.yahoo.com/help/us/ysearch/slurp)" 
68.180.230.88 - - [04/May/2016:06:50:25 -0700] "GET /self.logs/error.log.2015-02-23.gz HTTP/1.1" 200 4325 "-" "Mozilla/5.0 (compatible; Yahoo! Slurp; http://help.yahoo.com/help/us/ysearch/slurp)" 
68.180.230.88 - - [04/May/2016:06:50:42 -0700] "GET /self.logs/error.log.2015-12-16.gz HTTP/1.1" 200 626 "-" "Mozilla/5.0 (compatible; Yahoo! Slurp; http://help.yahoo.com/help/us/ysearch/slurp)" 
68.180.230.88 - - [04/May/2016:06:50:44 -0700] "GET /self.logs/error.log.2015-12-08.gz HTTP/1.1" 200 610 "-" "Mozilla/5.0 (compatible; Yahoo! Slurp; http://help.yahoo.com/help/us/ysearch/slurp)" 
68.180.230.88 - - [04/May/2016:06:51:03 -0700] "GET /self.logs/error.log.2015-10-20.gz HTTP/1.1" 200 735 "-" "Mozilla/5.0 (compatible; Yahoo! Slurp; http://help.yahoo.com/help/us/ysearch/slurp)" 
68.180.230.88 - - [04/May/2016:06:51:05 -0700] "GET /self.logs/access.log.2015-08-17.gz HTTP/1.1" 200 6566 "-" "Mozilla/5.0 (compatible; Yahoo! Slurp; http://help.yahoo.com/help/us/ysearch/slurp)" 
68.180.230.88 - - [04/May/2016:06:51:27 -0700] "GET /self.logs/access.log.2015-05-13.gz HTTP/1.1" 304 133 "-" "Mozilla/5.0 (compatible; Yahoo! Slurp; http://help.yahoo.com/help/us/ysearch/slurp)" 
68.180.230.88 - - [04/May/2016:06:51:50 -0700] "GET /self.logs/access.log.2016-03-02.gz HTTP/1.1" 200 8429 "-" "Mozilla/5.0 (compatible; Yahoo! Slurp; http://help.yahoo.com/help/us/ysearch/slurp)" 
68.180.230.88 - - [04/May/2016:06:52:11 -0700] "GET /self.logs/access.log.2016-04-23.gz HTTP/1.1" 200 6378 "-" "Mozilla/5.0 (compatible; Yahoo! Slurp; http://help.yahoo.com/help/us/ysearch/slurp)" 
68.180.230.88 - - [04/May/2016:06:52:38 -0700] "GET /self.logs/error.log.2016-01-03.gz HTTP/1.1" 304 132 "-" "Mozilla/5.0 (compatible; Yahoo! Slurp; http://help.yahoo.com/help/us/ysearch/slurp)" 
68.180.230.88 - - [04/May/2016:06:52:48 -0700] "GET /self.logs/access.log.2015-12-16.gz HTTP/1.1" 200 7820 "-" "Mozilla/5.0 (compatible; Yahoo! Slurp; http://help.yahoo.com/help/us/ysearch/slurp)" 
68.180.230.88 - - [04/May/2016:06:53:02 -0700] "GET /self.logs/error.log.2016-02-15.gz HTTP/1.1" 200 705 "-" "Mozilla/5.0 (compatible; Yahoo! Slurp; http://help.yahoo.com/help/us/ysearch/slurp)" 
68.180.230.88 - - [04/May/2016:06:53:19 -0700] "GET /self.logs/access.log.2015-11-03.gz HTTP/1.1" 200 7168 "-" "Mozilla/5.0 (compatible; Yahoo! Slurp; http://help.yahoo.com/help/us/ysearch/slurp)" 
68.180.230.88 - - [04/May/2016:06:55:10 -0700] "GET /self.logs/access.log.2016-03-06.gz HTTP/1.1" 200 7425 "-" "Mozilla/5.0 (compatible; Yahoo! Slurp; http://help.yahoo.com/help/us/ysearch/slurp)" 
68.180.230.88 - - [04/May/2016:06:55:17 -0700] "GET /self.logs/error.log.2015-07-25.gz HTTP/1.1" 200 566 "-" "Mozilla/5.0 (compatible; Yahoo! Slurp; http://help.yahoo.com/help/us/ysearch/slurp)" 
164.132.161.18 - - [04/May/2016:06:55:31 -0700] "GET /self.logs/access.log.2015-08-19.gz HTTP/1.1" 200 5076 "-" "Mozilla/5.0 (compatible; AhrefsBot/5.1; +http://ahrefs.com/robot/)" 
68.180.230.88 - - [04/May/2016:06:55:35 -0700] "GET /self.logs/access.log.2016-04-11.gz HTTP/1.1" 200 8759 "-" "Mozilla/5.0 (compatible; Yahoo! Slurp; http://help.yahoo.com/help/us/ysearch/slurp)" 
68.180.230.88 - - [04/May/2016:06:55:57 -0700] "GET /self.logs/error.log.2016-02-20.gz HTTP/1.1" 200 509 "-" "Mozilla/5.0 (compatible; Yahoo! Slurp; http://help.yahoo.com/help/us/ysearch/slurp)" 
68.180.230.88 - - [04/May/2016:06:55:58 -0700] "GET /self.logs/access.log.2015-01-29.gz HTTP/1.1" 200 8355 "-" "Mozilla/5.0 (compatible; Yahoo! Slurp; http://help.yahoo.com/help/us/ysearch/slurp)" 
68.180.230.88 - - [04/May/2016:06:56:33 -0700] "GET /self.logs/access.log.2016-04-08.gz HTTP/1.1" 200 19890 "-" "Mozilla/5.0 (compatible; Yahoo! Slurp; http://help.yahoo.com/help/us/ysearch/slurp)" 
68.180.230.88 - - [04/May/2016:06:56:41 -0700] "GET /self.logs/access.log.2016-01-21.gz HTTP/1.1" 200 5536 "-" "Mozilla/5.0 (compatible; Yahoo! Slurp; http://help.yahoo.com/help/us/ysearch/slurp)" 
68.180.230.88 - - [04/May/2016:06:57:50 -0700] "GET /self.logs/error.log.2016-02-22.gz HTTP/1.1" 200 781 "-" "Mozilla/5.0 (compatible; Yahoo! Slurp; http://help.yahoo.com/help/us/ysearch/slurp)" 
68.180.230.88 - - [04/May/2016:06:58:52 -0700] "GET /self.logs/access.log.2015-04-06.gz HTTP/1.1" 200 2691 "-" "Mozilla/5.0 (compatible; Yahoo! Slurp; http://help.yahoo.com/help/us/ysearch/slurp)" 
94.23.19.178 - - [04/May/2016:06:59:17 -0700] "GET /robots.txt HTTP/1.0" 200 252 "-" "Mozilla/5.0 (compatible; MJ12bot/v1.4.5; http://www.majestic12.co.uk/bot.php?+)" 
94.23.19.178 - - [04/May/2016:06:59:19 -0700] "GET /self.logs/?C=D;O=D HTTP/1.0" 200 90645 "-" "Mozilla/5.0 (compatible; MJ12bot/v1.4.5; http://www.majestic12.co.uk/bot.php?+)" 
94.23.19.178 - - [04/May/2016:06:59:21 -0700] "GET /self.logs/?C=N;O=A HTTP/1.0" 200 9873 "-" "Mozilla/5.0 (compatible; MJ12bot/v1.4.5; http://www.majestic12.co.uk/bot.php?+)" 
68.180.230.88 - - [04/May/2016:07:00:11 -0700] "GET /self.logs/access.log.2016-01-18.gz HTTP/1.1" 200 7291 "-" "Mozilla/5.0 (compatible; Yahoo! Slurp; http://help.yahoo.com/help/us/ysearch/slurp)" 
68.180.230.88 - - [04/May/2016:07:01:03 -0700] "GET /self.logs/access.log.2015-02-03.gz HTTP/1.1" 200 5660 "-" "Mozilla/5.0 (compatible; Yahoo! Slurp; http://help.yahoo.com/help/us/ysearch/slurp)" 
68.180.230.88 - - [04/May/2016:07:01:10 -0700] "GET /self.logs/access.log.2015-01-19.gz HTTP/1.1" 200 2780 "-" "Mozilla/5.0 (compatible; Yahoo! Slurp; http://help.yahoo.com/help/us/ysearch/slurp)" 
68.180.230.88 - - [04/May/2016:07:01:36 -0700] "GET /self.logs/error.log.2015-06-02.gz HTTP/1.1" 200 762 "-" "Mozilla/5.0 (compatible; Yahoo! Slurp; http://help.yahoo.com/help/us/ysearch/slurp)" 
218.76.253.131 - - [04/May/2016:07:01:35 -0700] "GET /honeypot/Honeypot%20-%20Howto%20-%20BSides%20Austin.pdf HTTP/1.0" 200 1137340 "http://www.secrepo.com/" "Mozilla/5.0 (Windows NT 6.1; WOW64) AppleWebKit/537.36 (KHTML, like Gecko) Iron/29.0.1600.1 Chrome/29.0.1600.1 Safari/537.36" 
68.180.230.88 - - [04/May/2016:07:02:36 -0700] "GET /self.logs/access.log.2015-02-21.gz HTTP/1.1" 304 133 "-" "Mozilla/5.0 (compatible; Yahoo! Slurp; http://help.yahoo.com/help/us/ysearch/slurp)" 
68.180.230.88 - - [04/May/2016:07:02:56 -0700] "GET /self.logs/access.log.2016-01-30.gz HTTP/1.1" 304 133 "-" "Mozilla/5.0 (compatible; Yahoo! Slurp; http://help.yahoo.com/help/us/ysearch/slurp)" 
68.180.230.88 - - [04/May/2016:07:03:08 -0700] "GET /self.logs/access.log.2015-03-23.gz HTTP/1.1" 200 4077 "-" "Mozilla/5.0 (compatible; Yahoo! Slurp; http://help.yahoo.com/help/us/ysearch/slurp)" 
68.180.230.88 - - [04/May/2016:07:04:01 -0700] "GET /self.logs/error.log.2015-12-15.gz HTTP/1.1" 200 713 "-" "Mozilla/5.0 (compatible; Yahoo! Slurp; http://help.yahoo.com/help/us/ysearch/slurp)" 
68.180.230.88 - - [04/May/2016:07:04:25 -0700] "GET /self.logs/error.log.2015-08-12.gz HTTP/1.1" 304 132 "-" "Mozilla/5.0 (compatible; Yahoo! Slurp; http://help.yahoo.com/help/us/ysearch/slurp)" 
68.180.230.88 - - [04/May/2016:07:05:23 -0700] "GET /self.logs/access.log.2015-08-11.gz HTTP/1.1" 200 5951 "-" "Mozilla/5.0 (compatible; Yahoo! Slurp; http://help.yahoo.com/help/us/ysearch/slurp)" 
68.180.230.88 - - [04/May/2016:07:06:52 -0700] "GET /self.logs/access.log.2016-04-18.gz HTTP/1.1" 200 9115 "-" "Mozilla/5.0 (compatible; Yahoo! Slurp; http://help.yahoo.com/help/us/ysearch/slurp)" 
68.180.230.88 - - [04/May/2016:07:06:54 -0700] "GET /self.logs/access.log.2015-06-12.gz HTTP/1.1" 200 6171 "-" "Mozilla/5.0 (compatible; Yahoo! Slurp; http://help.yahoo.com/help/us/ysearch/slurp)" 
68.180.230.88 - - [04/May/2016:07:07:23 -0700] "GET /self.logs/access.log.2015-10-30.gz HTTP/1.1" 200 7131 "-" "Mozilla/5.0 (compatible; Yahoo! Slurp; http://help.yahoo.com/help/us/ysearch/slurp)" 
68.180.230.88 - - [04/May/2016:07:07:37 -0700] "GET /self.logs/access.log.2016-04-02.gz HTTP/1.1" 200 19966 "-" "Mozilla/5.0 (compatible; Yahoo! Slurp; http://help.yahoo.com/help/us/ysearch/slurp)" 
68.180.230.88 - - [04/May/2016:07:08:24 -0700] "GET /self.logs/access.log.2015-05-16.gz HTTP/1.1" 200 3632 "-" "Mozilla/5.0 (compatible; Yahoo! Slurp; http://help.yahoo.com/help/us/ysearch/slurp)" 
68.180.230.88 - - [04/May/2016:07:09:00 -0700] "GET /self.logs/access.log.2015-10-01.gz HTTP/1.1" 304 133 "-" "Mozilla/5.0 (compatible; Yahoo! Slurp; http://help.yahoo.com/help/us/ysearch/slurp)" 
68.180.230.88 - - [04/May/2016:07:11:59 -0700] "GET /self.logs/access.log.2015-04-08.gz HTTP/1.1" 200 4044 "-" "Mozilla/5.0 (compatible; Yahoo! Slurp; http://help.yahoo.com/help/us/ysearch/slurp)" 
68.180.230.88 - - [04/May/2016:07:12:00 -0700] "GET /self.logs/error.log.2015-11-13.gz HTTP/1.1" 200 548 "-" "Mozilla/5.0 (compatible; Yahoo! Slurp; http://help.yahoo.com/help/us/ysearch/slurp)" 
68.180.230.88 - - [04/May/2016:07:12:01 -0700] "GET /self.logs/error.log.2016-02-17.gz HTTP/1.1" 200 812 "-" "Mozilla/5.0 (compatible; Yahoo! Slurp; http://help.yahoo.com/help/us/ysearch/slurp)" 
68.180.230.88 - - [04/May/2016:07:12:02 -0700] "GET /self.logs/access.log.2015-07-19.gz HTTP/1.1" 200 4207 "-" "Mozilla/5.0 (compatible; Yahoo! Slurp; http://help.yahoo.com/help/us/ysearch/slurp)" 
68.180.230.88 - - [04/May/2016:07:13:51 -0700] "GET /self.logs/error.log.2016-01-06.gz HTTP/1.1" 304 132 "-" "Mozilla/5.0 (compatible; Yahoo! Slurp; http://help.yahoo.com/help/us/ysearch/slurp)" 
111.23.4.148 - - [04/May/2016:07:14:59 -0700] "GET /tg/a.zip HTTP/1.1" 304 132 "-" "Mozilla/5.0 Gecko/20100115 Firefox/3.6" 
68.180.230.88 - - [04/May/2016:07:16:58 -0700] "GET /self.logs/access.log.2015-07-18.gz HTTP/1.1" 200 5167 "-" "Mozilla/5.0 (compatible; Yahoo! Slurp; http://help.yahoo.com/help/us/ysearch/slurp)" 
68.180.230.88 - - [04/May/2016:07:21:54 -0700] "GET /self.logs/error.log.2016-03-06.gz HTTP/1.1" 200 1053 "-" "Mozilla/5.0 (compatible; Yahoo! Slurp; http://help.yahoo.com/help/us/ysearch/slurp)" 
68.180.230.88 - - [04/May/2016:07:21:56 -0700] "GET /self.logs/error.log.2016-03-26.gz HTTP/1.1" 200 805 "-" "Mozilla/5.0 (compatible; Yahoo! Slurp; http://help.yahoo.com/help/us/ysearch/slurp)" 
68.180.230.88 - - [04/May/2016:07:22:39 -0700] "GET /self.logs/access.log.2015-07-05.gz HTTP/1.1" 200 3412 "-" "Mozilla/5.0 (compatible; Yahoo! Slurp; http://help.yahoo.com/help/us/ysearch/slurp)" 
68.180.230.88 - - [04/May/2016:07:23:18 -0700] "GET /self.logs/error.log.2015-12-30.gz HTTP/1.1" 200 815 "-" "Mozilla/5.0 (compatible; Yahoo! Slurp; http://help.yahoo.com/help/us/ysearch/slurp)" 
164.132.161.42 - - [04/May/2016:07:24:12 -0700] "GET /self.logs/access.log.2015-09-10.gz HTTP/1.1" 200 6056 "-" "Mozilla/5.0 (compatible; AhrefsBot/5.1; +http://ahrefs.com/robot/)" 
68.180.230.88 - - [04/May/2016:07:25:07 -0700] "GET /self.logs/access.log.2016-03-21.gz HTTP/1.1" 200 6566 "-" "Mozilla/5.0 (compatible; Yahoo! Slurp; http://help.yahoo.com/help/us/ysearch/slurp)" 
68.180.230.88 - - [04/May/2016:07:26:05 -0700] "GET /self.logs/access.log.2016-03-29.gz HTTP/1.1" 200 8864 "-" "Mozilla/5.0 (compatible; Yahoo! Slurp; http://help.yahoo.com/help/us/ysearch/slurp)" 
117.177.241.60 - - [04/May/2016:07:26:52 -0700] "GET /tg/a.zip HTTP/1.1" 304 132 "-" "Mozilla/5.0 Gecko/20100115 Firefox/3.6" 
164.132.161.15 - - [04/May/2016:07:30:14 -0700] "GET /self.logs/error.log.2016-02-19.gz HTTP/1.1" 200 552 "-" "Mozilla/5.0 (compatible; AhrefsBot/5.1; +http://ahrefs.com/robot/)" 
69.171.230.104 - - [04/May/2016:07:30:42 -0700] "GET /twitter-icon.png HTTP/1.1" 200 27788 "-" "facebookexternalhit/1.1 (+http://www.facebook.com/externalhit_uatext.php)" 
66.220.158.101 - - [04/May/2016:07:31:38 -0700] "GET /twitter-icon.png HTTP/1.1" 200 27788 "-" "facebookexternalhit/1.1 (+http://www.facebook.com/externalhit_uatext.php)" 
42.236.201.90 - - [04/May/2016:07:31:25 -0700] "GET /honeypot/Honeypot%20-%20Howto.pdf HTTP/1.1" 200 1279418 "http://cn.bing.com/search?q=MHN+Modern+Honey+Network+filetype%3Apdf&go=%E6%8F%90%E4%BA%A4&qs=n&form=QBRE&pq=mhn+modern+honey+network+filetype%3Apdf&sc=0-35&sp=-1&sk=&cvid=3BB865E5F4184BE49BCDC210C2FE90CD" "Mozilla/5.0 (Windows NT 6.1) AppleWebKit/537.36 (KHTML, like Gecko) Chrome/41.0.2272.89 Safari/537.36" 
61.135.190.102 - - [04/May/2016:07:38:25 -0700] "GET / HTTP/1.1" 200 8880 "http://m.baidu.com/s?wd=SecRepo-SecurityDataSamplesRepository" "Mozilla/5.0 (iPhone; CPU iPhone OS 5_0 like Mac OS X) AppleWebKit/534.46 (KHTML, like Gecko) Version/5.1 Mobile/9A334 Safari/7534.48.3" 
61.135.190.103 - - [04/May/2016:07:38:25 -0700] "GET / HTTP/1.1" 200 8880 "http://www.baidu.com/s?wd=SecRepo-SecurityDataSamplesRepository" "Mozilla/5.0 (Windows NT 6.1; WOW64) AppleWebKit/537.36 (KHTML, like Gecko) Chrome/36.0.1985.143 Safari/537.36" 
68.180.230.88 - - [04/May/2016:07:43:18 -0700] "GET /self.logs/error.log.2015-11-24.gz HTTP/1.1" 200 1005 "-" "Mozilla/5.0 (compatible; Yahoo! Slurp; http://help.yahoo.com/help/us/ysearch/slurp)" 
183.171.24.254 - - [04/May/2016:07:45:30 -0700] "GET / HTTP/1.1" 200 8880 "https://www.google.com/" "Mozilla/5.0 (Windows NT 6.1; WOW64) AppleWebKit/537.36 (KHTML, like Gecko) Chrome/50.0.2661.94 Safari/537.36" 
183.171.24.254 - - [04/May/2016:07:45:32 -0700] "GET /twitter-icon.png HTTP/1.1" 200 27787 "http://www.secrepo.com/" "Mozilla/5.0 (Windows NT 6.1; WOW64) AppleWebKit/537.36 (KHTML, like Gecko) Chrome/50.0.2661.94 Safari/537.36" 
183.171.24.254 - - [04/May/2016:07:45:32 -0700] "GET /GitHub-Mark.png HTTP/1.1" 200 7428 "http://www.secrepo.com/" "Mozilla/5.0 (Windows NT 6.1; WOW64) AppleWebKit/537.36 (KHTML, like Gecko) Chrome/50.0.2661.94 Safari/537.36" 
183.171.24.254 - - [04/May/2016:07:46:22 -0700] "GET /tg/tg_snort_full.7z HTTP/1.1" 200 434440 "http://www.secrepo.com/tg/" "Mozilla/5.0 (Windows NT 6.1; WOW64) AppleWebKit/537.36 (KHTML, like Gecko) Chrome/50.0.2661.94 Safari/537.36" 
68.180.230.88 - - [04/May/2016:07:46:34 -0700] "GET /self.logs/access.log.2015-11-22.gz HTTP/1.1" 200 8549 "-" "Mozilla/5.0 (compatible; Yahoo! Slurp; http://help.yahoo.com/help/us/ysearch/slurp)" 
183.171.24.254 - - [04/May/2016:07:46:23 -0700] "GET /tg/tg_snort_full.7z HTTP/1.1" 206 1676240 "http://www.secrepo.com/tg/" "Mozilla/5.0 (Windows NT 6.1; WOW64) AppleWebKit/537.36 (KHTML, like Gecko) Chrome/50.0.2661.94 Safari/537.36" 
183.171.24.254 - - [04/May/2016:07:46:24 -0700] "GET /tg/tg_snort_full.7z HTTP/1.1" 206 1723400 "http://www.secrepo.com/tg/" "Mozilla/5.0 (Windows NT 6.1; WOW64) AppleWebKit/537.36 (KHTML, like Gecko) Chrome/50.0.2661.94 Safari/537.36" 
183.171.24.254 - - [04/May/2016:07:46:24 -0700] "GET /tg/tg_snort_full.7z HTTP/1.1" 206 1491000 "http://www.secrepo.com/tg/" "Mozilla/5.0 (Windows NT 6.1; WOW64) AppleWebKit/537.36 (KHTML, like Gecko) Chrome/50.0.2661.94 Safari/537.36" 
183.171.24.254 - - [04/May/2016:07:46:25 -0700] "GET /tg/tg_snort_full.7z HTTP/1.1" 206 1067252 "http://www.secrepo.com/tg/" "Mozilla/5.0 (Windows NT 6.1; WOW64) AppleWebKit/537.36 (KHTML, like Gecko) Chrome/50.0.2661.94 Safari/537.36" 
183.171.24.254 - - [04/May/2016:07:46:25 -0700] "GET /tg/tg_snort_full.7z HTTP/1.1" 206 1067454 "http://www.secrepo.com/tg/" "Mozilla/5.0 (Windows NT 6.1; WOW64) AppleWebKit/537.36 (KHTML, like Gecko) Chrome/50.0.2661.94 Safari/537.36" 
183.171.24.254 - - [04/May/2016:07:46:25 -0700] "GET /tg/tg_snort_full.7z HTTP/1.1" 206 1418200 "http://www.secrepo.com/tg/" "Mozilla/5.0 (Windows NT 6.1; WOW64) AppleWebKit/537.36 (KHTML, like Gecko) Chrome/50.0.2661.94 Safari/537.36" 
183.171.24.254 - - [04/May/2016:07:46:28 -0700] "GET /tg/tg_snort_full.7z HTTP/1.1" 206 860040 "http://www.secrepo.com/tg/" "Mozilla/5.0 (Windows NT 6.1; WOW64) AppleWebKit/537.36 (KHTML, like Gecko) Chrome/50.0.2661.94 Safari/537.36" 
183.171.24.254 - - [04/May/2016:07:46:25 -0700] "GET /tg/tg_snort_full.7z HTTP/1.1" 206 1117200 "http://www.secrepo.com/tg/" "Mozilla/5.0 (Windows NT 6.1; WOW64) AppleWebKit/537.36 (KHTML, like Gecko) Chrome/50.0.2661.94 Safari/537.36" 
183.171.24.254 - - [04/May/2016:07:46:43 -0700] "GET /tg/tg_snort_full.7z HTTP/1.1" 206 200855 "http://www.secrepo.com/tg/" "Mozilla/5.0 (Windows NT 6.1; WOW64) AppleWebKit/537.36 (KHTML, like Gecko) Chrome/50.0.2661.94 Safari/537.36" 
183.171.24.254 - - [04/May/2016:07:46:42 -0700] "GET /tg/tg_snort_full.7z HTTP/1.1" 206 242856 "http://www.secrepo.com/tg/" "Mozilla/5.0 (Windows NT 6.1; WOW64) AppleWebKit/537.36 (KHTML, like Gecko) Chrome/50.0.2661.94 Safari/537.36" 
183.171.24.254 - - [04/May/2016:07:46:41 -0700] "GET /tg/tg_snort_full.7z HTTP/1.1" 206 366371 "http://www.secrepo.com/tg/" "Mozilla/5.0 (Windows NT 6.1; WOW64) AppleWebKit/537.36 (KHTML, like Gecko) Chrome/50.0.2661.94 Safari/537.36" 
183.171.24.254 - - [04/May/2016:07:46:45 -0700] "GET /tg/tg_snort_full.7z HTTP/1.1" 206 164582 "http://www.secrepo.com/tg/" "Mozilla/5.0 (Windows NT 6.1; WOW64) AppleWebKit/537.36 (KHTML, like Gecko) Chrome/50.0.2661.94 Safari/537.36" 
183.171.24.254 - - [04/May/2016:07:46:46 -0700] "GET /tg/tg_snort_full.7z HTTP/1.1" 206 100537 "http://www.secrepo.com/tg/" "Mozilla/5.0 (Windows NT 6.1; WOW64) AppleWebKit/537.36 (KHTML, like Gecko) Chrome/50.0.2661.94 Safari/537.36" 
183.171.24.254 - - [04/May/2016:07:46:55 -0700] "GET /bootstrap/img/favicon.ico HTTP/1.1" 200 590 "http://www.secrepo.com/" "Mozilla/5.0 (Windows NT 6.1; WOW64) AppleWebKit/537.36 (KHTML, like Gecko) Chrome/50.0.2661.94 Safari/537.36" 
68.180.230.88 - - [04/May/2016:07:48:11 -0700] "GET /self.logs/access.log.2015-12-18.gz HTTP/1.1" 200 4135 "-" "Mozilla/5.0 (compatible; Yahoo! Slurp; http://help.yahoo.com/help/us/ysearch/slurp)" 
207.201.208.2 - - [04/May/2016:07:49:17 -0700] "GET / HTTP/1.1" 200 8880 "http://www.google.com/url?sa=t&rct=j&q=&esrc=s&source=web&cd=5&ved=0ahUKEwi_rpbm0sDMAhVLNj4KHbDaBrUQFghAMAQ&url=http%3A%2F%2Fwww.secrepo.com%2F&usg=AFQjCNHeQikQ6r63vtqWKlBvSenYpdB4dQ" "Mozilla/5.0 (Windows NT 10.0; WOW64; Trident/7.0; rv:11.0) like Gecko" 
207.201.208.2 - - [04/May/2016:07:49:17 -0700] "GET /twitter-icon.png HTTP/1.1" 200 27787 "http://www.secrepo.com/" "Mozilla/5.0 (Windows NT 10.0; WOW64; Trident/7.0; rv:11.0) like Gecko" 
207.201.208.2 - - [04/May/2016:07:49:17 -0700] "GET /GitHub-Mark.png HTTP/1.1" 200 7428 "http://www.secrepo.com/" "Mozilla/5.0 (Windows NT 10.0; WOW64; Trident/7.0; rv:11.0) like Gecko" 
207.201.208.2 - - [04/May/2016:07:49:18 -0700] "GET /bootstrap/img/favicon.ico HTTP/1.1" 200 590 "-" "Mozilla/5.0 (Windows NT 10.0; Win64; x64; Trident/7.0; rv:11.0) like Gecko" 
68.180.230.88 - - [04/May/2016:07:53:49 -0700] "GET /self.logs/error.log.2016-04-18.gz HTTP/1.1" 200 837 "-" "Mozilla/5.0 (compatible; Yahoo! Slurp; http://help.yahoo.com/help/us/ysearch/slurp)" 
68.180.230.88 - - [04/May/2016:07:55:17 -0700] "GET /self.logs/access.log.2015-02-06.gz HTTP/1.1" 304 132 "-" "Mozilla/5.0 (compatible; Yahoo! Slurp; http://help.yahoo.com/help/us/ysearch/slurp)" 
68.180.230.88 - - [04/May/2016:07:56:29 -0700] "GET /self.logs/access.log.2016-03-14.gz HTTP/1.1" 200 13524 "-" "Mozilla/5.0 (compatible; Yahoo! Slurp; http://help.yahoo.com/help/us/ysearch/slurp)" 
68.180.230.88 - - [04/May/2016:07:59:13 -0700] "GET /self.logs/error.log.2015-02-22.gz HTTP/1.1" 304 132 "-" "Mozilla/5.0 (compatible; Yahoo! Slurp; http://help.yahoo.com/help/us/ysearch/slurp)" 
68.180.230.88 - - [04/May/2016:08:00:35 -0700] "GET /self.logs/access.log.2015-08-04.gz HTTP/1.1" 200 5725 "-" "Mozilla/5.0 (compatible; Yahoo! Slurp; http://help.yahoo.com/help/us/ysearch/slurp)" 
68.180.230.88 - - [04/May/2016:08:01:17 -0700] "GET /self.logs/access.log.2015-01-24.gz HTTP/1.1" 200 2221 "-" "Mozilla/5.0 (compatible; Yahoo! Slurp; http://help.yahoo.com/help/us/ysearch/slurp)" 
164.132.161.64 - - [04/May/2016:08:03:51 -0700] "GET /self.logs/access.log.2016-01-02.gz HTTP/1.1" 200 5889 "-" "Mozilla/5.0 (compatible; AhrefsBot/5.1; +http://ahrefs.com/robot/)" 
68.180.230.88 - - [04/May/2016:08:07:15 -0700] "GET /self.logs/access.log.2015-05-12.gz HTTP/1.1" 200 4366 "-" "Mozilla/5.0 (compatible; Yahoo! Slurp; http://help.yahoo.com/help/us/ysearch/slurp)" 
68.180.230.88 - - [04/May/2016:08:22:41 -0700] "GET /self.logs/error.log.2015-07-19.gz HTTP/1.1" 200 1040 "-" "Mozilla/5.0 (compatible; Yahoo! Slurp; http://help.yahoo.com/help/us/ysearch/slurp)" 
111.7.128.40 - - [04/May/2016:08:23:28 -0700] "GET /tg/a.zip HTTP/1.1" 304 132 "-" "Mozilla/5.0 Gecko/20100115 Firefox/3.6" 
66.249.84.151 - - [04/May/2016:08:24:32 -0700] "GET / HTTP/1.1" 200 8880 "-" "Mozilla/5.0 (X11; Linux x86_64) AppleWebKit/537.36 (KHTML, like Gecko) Chrome/50.0.2661.94 Safari/537.36" 
71.179.27.244 - - [04/May/2016:08:24:57 -0700] "GET / HTTP/1.1" 200 8880 "https://www.google.com/" "Mozilla/5.0 (Macintosh; Intel Mac OS X 10_11) AppleWebKit/601.1.56 (KHTML, like Gecko) Version/9.0 Safari/601.1.56" 
71.179.27.244 - - [04/May/2016:08:24:57 -0700] "GET /twitter-icon.png HTTP/1.1" 200 27787 "http://www.secrepo.com/" "Mozilla/5.0 (Macintosh; Intel Mac OS X 10_11) AppleWebKit/601.1.56 (KHTML, like Gecko) Version/9.0 Safari/601.1.56" 
71.179.27.244 - - [04/May/2016:08:24:57 -0700] "GET /GitHub-Mark.png HTTP/1.1" 200 7428 "http://www.secrepo.com/" "Mozilla/5.0 (Macintosh; Intel Mac OS X 10_11) AppleWebKit/601.1.56 (KHTML, like Gecko) Version/9.0 Safari/601.1.56" 
71.179.27.244 - - [04/May/2016:08:24:57 -0700] "GET /bootstrap/img/favicon.ico HTTP/1.1" 200 590 "http://www.secrepo.com/" "Mozilla/5.0 (Macintosh; Intel Mac OS X 10_11) AppleWebKit/601.1.56 (KHTML, like Gecko) Version/9.0 Safari/601.1.56" 
54.209.231.248 - - [04/May/2016:08:26:18 -0700] "GET / HTTP/1.1" 206 4462 "-" "Slackbot-LinkExpanding 1.0 (+https://api.slack.com/robots)" 
52.90.33.223 - - [04/May/2016:08:26:18 -0700] "GET / HTTP/1.1" 206 4443 "-" "Slackbot-LinkExpanding 1.0 (+https://api.slack.com/robots)" 
54.174.33.17 - - [04/May/2016:08:26:19 -0700] "GET / HTTP/1.1" 206 4444 "-" "Slackbot-LinkExpanding 1.0 (+https://api.slack.com/robots)" 
54.209.231.248 - - [04/May/2016:08:26:19 -0700] "GET / HTTP/1.1" 206 4444 "-" "Slackbot-LinkExpanding 1.0 (+https://api.slack.com/robots)" 
52.90.33.223 - - [04/May/2016:08:26:19 -0700] "GET / HTTP/1.1" 206 4444 "-" "Slackbot-LinkExpanding 1.0 (+https://api.slack.com/robots)" 
52.90.146.42 - - [04/May/2016:08:26:19 -0700] "GET / HTTP/1.1" 206 4445 "-" "Slackbot-LinkExpanding 1.0 (+https://api.slack.com/robots)" 
52.90.33.223 - - [04/May/2016:08:26:19 -0700] "GET / HTTP/1.1" 206 4444 "-" "Slackbot-LinkExpanding 1.0 (+https://api.slack.com/robots)" 
52.90.146.42 - - [04/May/2016:08:26:19 -0700] "GET / HTTP/1.1" 206 543 "-" "Slackbot-LinkExpanding 1.0 (+https://api.slack.com/robots)" 
52.91.184.228 - - [04/May/2016:08:26:19 -0700] "GET / HTTP/1.1" 416 579 "-" "Slackbot-LinkExpanding 1.0 (+https://api.slack.com/robots)" 
71.179.27.244 - - [04/May/2016:08:26:43 -0700] "GET /tg/a.zip HTTP/1.1" 200 66189337 "http://www.secrepo.com/" "Mozilla/5.0 (Macintosh; Intel Mac OS X 10_11) AppleWebKit/601.1.56 (KHTML, like Gecko) Version/9.0 Safari/601.1.56" 
68.180.230.88 - - [04/May/2016:08:28:40 -0700] "GET /self.logs/error.log.2015-11-20.gz HTTP/1.1" 200 970 "-" "Mozilla/5.0 (compatible; Yahoo! Slurp; http://help.yahoo.com/help/us/ysearch/slurp)" 
68.180.230.88 - - [04/May/2016:08:31:35 -0700] "GET /self.logs/access.log.2015-09-19.gz HTTP/1.1" 200 5472 "-" "Mozilla/5.0 (compatible; Yahoo! Slurp; http://help.yahoo.com/help/us/ysearch/slurp)" 
68.180.230.88 - - [04/May/2016:08:31:41 -0700] "GET /self.logs/access.log.2015-02-02.gz HTTP/1.1" 200 3300 "-" "Mozilla/5.0 (compatible; Yahoo! Slurp; http://help.yahoo.com/help/us/ysearch/slurp)" 
68.180.230.88 - - [04/May/2016:08:31:43 -0700] "GET /self.logs/access.log.2015-10-16.gz HTTP/1.1" 200 6242 "-" "Mozilla/5.0 (compatible; Yahoo! Slurp; http://help.yahoo.com/help/us/ysearch/slurp)" 
68.180.230.88 - - [04/May/2016:08:31:43 -0700] "GET /self.logs/error.log.2015-05-23.gz HTTP/1.1" 200 728 "-" "Mozilla/5.0 (compatible; Yahoo! Slurp; http://help.yahoo.com/help/us/ysearch/slurp)" 
68.180.230.88 - - [04/May/2016:08:34:18 -0700] "GET /self.logs/access.log.2015-05-29.gz HTTP/1.1" 200 3694 "-" "Mozilla/5.0 (compatible; Yahoo! Slurp; http://help.yahoo.com/help/us/ysearch/slurp)" 
180.76.15.15 - - [04/May/2016:08:39:53 -0700] "GET /self.logs/?C=D;O=A HTTP/1.1" 200 9873 "-" "Mozilla/5.0 (compatible; Baiduspider/2.0; +http://www.baidu.com/search/spider.html)" 
76.101.173.216 - - [04/May/2016:08:43:35 -0700] "GET / HTTP/1.1" 200 8880 "-" "Mozilla/5.0 (Macintosh; Intel Mac OS X 10.11; rv:45.0) Gecko/20100101 Firefox/45.0" 
76.101.173.216 - - [04/May/2016:08:43:36 -0700] "GET /GitHub-Mark.png HTTP/1.1" 200 7428 "http://www.secrepo.com/" "Mozilla/5.0 (Macintosh; Intel Mac OS X 10.11; rv:45.0) Gecko/20100101 Firefox/45.0" 
76.101.173.216 - - [04/May/2016:08:43:36 -0700] "GET /twitter-icon.png HTTP/1.1" 200 27787 "http://www.secrepo.com/" "Mozilla/5.0 (Macintosh; Intel Mac OS X 10.11; rv:45.0) Gecko/20100101 Firefox/45.0" 
76.101.173.216 - - [04/May/2016:08:43:36 -0700] "GET /bootstrap/img/favicon.ico HTTP/1.1" 200 589 "-" "Mozilla/5.0 (Macintosh; Intel Mac OS X 10.11; rv:45.0) Gecko/20100101 Firefox/45.0" 
69.171.230.100 - - [04/May/2016:08:44:05 -0700] "GET /twitter-icon.png HTTP/1.1" 200 27788 "-" "facebookexternalhit/1.1 (+http://www.facebook.com/externalhit_uatext.php)" 
66.249.83.209 - - [04/May/2016:08:54:44 -0700] "GET / HTTP/1.1" 200 8880 "-" "Mozilla/5.0 (X11; Linux x86_64) AppleWebKit/537.36 (KHTML, like Gecko) Chrome/49.0.2623.75 Safari/537.36 Google Favicon" 
66.249.83.217 - - [04/May/2016:08:54:44 -0700] "GET /bootstrap/img/favicon.ico HTTP/1.1" 200 590 "-" "Mozilla/5.0 (X11; Linux x86_64) AppleWebKit/537.36 (KHTML, like Gecko) Chrome/49.0.2623.75 Safari/537.36 Google Favicon" 
66.249.83.213 - - [04/May/2016:08:55:16 -0700] "GET / HTTP/1.1" 200 8880 "-" "Mozilla/5.0 (X11; Linux x86_64) AppleWebKit/537.36 (KHTML, like Gecko) Chrome/49.0.2623.75 Safari/537.36 Google Favicon" 
66.249.83.213 - - [04/May/2016:08:55:16 -0700] "GET /bootstrap/img/favicon.ico HTTP/1.1" 200 589 "-" "Mozilla/5.0 (X11; Linux x86_64) AppleWebKit/537.36 (KHTML, like Gecko) Chrome/49.0.2623.75 Safari/537.36 Google Favicon" 
164.132.161.73 - - [04/May/2016:09:05:54 -0700] "GET /self.logs/error.log.2015-01-31.gz HTTP/1.1" 200 713 "-" "Mozilla/5.0 (compatible; AhrefsBot/5.1; +http://ahrefs.com/robot/)" 
68.180.230.88 - - [04/May/2016:09:06:04 -0700] "GET /self.logs/error.log.2015-04-24.gz HTTP/1.1" 200 648 "-" "Mozilla/5.0 (compatible; Yahoo! Slurp; http://help.yahoo.com/help/us/ysearch/slurp)" 
164.132.161.17 - - [04/May/2016:09:12:00 -0700] "GET /self.logs/error.log.2016-02-22.gz HTTP/1.1" 200 781 "-" "Mozilla/5.0 (compatible; AhrefsBot/5.1; +http://ahrefs.com/robot/)" 
111.23.10.33 - - [04/May/2016:09:27:01 -0700] "GET /tg/a.zip HTTP/1.1" 304 132 "-" "Mozilla/5.0 Gecko/20100115 Firefox/3.6" 
117.190.191.170 - - [04/May/2016:09:29:04 -0700] "GET /tg/a.zip HTTP/1.1" 304 132 "-" "Mozilla/5.0 Gecko/20100115 Firefox/3.6" 
68.180.230.88 - - [04/May/2016:09:31:40 -0700] "GET /self.logs/access.log.2015-07-11.gz HTTP/1.1" 200 3442 "-" "Mozilla/5.0 (compatible; Yahoo! Slurp; http://help.yahoo.com/help/us/ysearch/slurp)" 
68.180.230.88 - - [04/May/2016:09:35:54 -0700] "GET /self.logs/access.log.2015-07-28.gz HTTP/1.1" 200 3660 "-" "Mozilla/5.0 (compatible; Yahoo! Slurp; http://help.yahoo.com/help/us/ysearch/slurp)" 
68.180.230.88 - - [04/May/2016:09:37:20 -0700] "GET /self.logs/access.log.2015-04-25.gz HTTP/1.1" 304 132 "-" "Mozilla/5.0 (compatible; Yahoo! Slurp; http://help.yahoo.com/help/us/ysearch/slurp)" 
68.180.230.88 - - [04/May/2016:09:37:20 -0700] "GET /self.logs/error.log.2016-04-09.gz HTTP/1.1" 200 738 "-" "Mozilla/5.0 (compatible; Yahoo! Slurp; http://help.yahoo.com/help/us/ysearch/slurp)" 
68.180.230.88 - - [04/May/2016:09:37:21 -0700] "GET /self.logs/error.log.2016-04-01.gz HTTP/1.1" 200 707 "-" "Mozilla/5.0 (compatible; Yahoo! Slurp; http://help.yahoo.com/help/us/ysearch/slurp)" 
95.14.87.211 - - [04/May/2016:09:39:16 -0700] "GET /bootstrap/img/favicon.ico HTTP/1.1" 200 590 "-" "Mozilla/5.0 (Windows NT 10.0; WOW64; rv:46.0) Gecko/20100101 Firefox/46.0" 
51.255.65.56 - - [04/May/2016:09:45:15 -0700] "GET /self.logs/access.log.2015-04-05.gz HTTP/1.1" 200 3468 "-" "Mozilla/5.0 (compatible; AhrefsBot/5.1; +http://ahrefs.com/robot/)" 
108.193.121.22 - - [04/May/2016:09:48:44 -0700] "GET / HTTP/1.1" 200 8880 "https://www.google.com/" "Mozilla/5.0 (iPhone; CPU iPhone OS 9_3_1 like Mac OS X) AppleWebKit/601.1.46 (KHTML, like Gecko) Version/9.0 Mobile/13E238 Safari/601.1" 
108.193.121.22 - - [04/May/2016:09:48:44 -0700] "GET /twitter-icon.png HTTP/1.1" 200 27787 "http://www.secrepo.com/" "Mozilla/5.0 (iPhone; CPU iPhone OS 9_3_1 like Mac OS X) AppleWebKit/601.1.46 (KHTML, like Gecko) Version/9.0 Mobile/13E238 Safari/601.1" 
108.193.121.22 - - [04/May/2016:09:48:45 -0700] "GET /GitHub-Mark.png HTTP/1.1" 200 7428 "http://www.secrepo.com/" "Mozilla/5.0 (iPhone; CPU iPhone OS 9_3_1 like Mac OS X) AppleWebKit/601.1.46 (KHTML, like Gecko) Version/9.0 Mobile/13E238 Safari/601.1" 
71.179.27.244 - - [04/May/2016:09:54:02 -0700] "GET / HTTP/1.1" 200 8880 "-" "Mozilla/5.0 (Macintosh; Intel Mac OS X 10.10; rv:40.0) Gecko/20100101 Firefox/40.0" 
71.179.27.244 - - [04/May/2016:09:54:02 -0700] "GET /bootstrap/img/favicon.ico HTTP/1.1" 200 589 "-" "Mozilla/5.0 (Macintosh; Intel Mac OS X 10.10; rv:40.0) Gecko/20100101 Firefox/40.0" 
71.179.27.244 - - [04/May/2016:09:54:02 -0700] "GET /GitHub-Mark.png HTTP/1.1" 200 7428 "http://www.secrepo.com/" "Mozilla/5.0 (Macintosh; Intel Mac OS X 10.10; rv:40.0) Gecko/20100101 Firefox/40.0" 
71.179.27.244 - - [04/May/2016:09:54:02 -0700] "GET /twitter-icon.png HTTP/1.1" 200 27787 "http://www.secrepo.com/" "Mozilla/5.0 (Macintosh; Intel Mac OS X 10.10; rv:40.0) Gecko/20100101 Firefox/40.0" 
68.180.230.88 - - [04/May/2016:09:54:05 -0700] "GET /self.logs/access.log.2016-01-05.gz HTTP/1.1" 200 6183 "-" "Mozilla/5.0 (compatible; Yahoo! Slurp; http://help.yahoo.com/help/us/ysearch/slurp)" 
68.180.230.88 - - [04/May/2016:09:57:11 -0700] "GET /self.logs/access.log.2015-07-23.gz HTTP/1.1" 304 132 "-" "Mozilla/5.0 (compatible; Yahoo! Slurp; http://help.yahoo.com/help/us/ysearch/slurp)" 
68.180.230.88 - - [04/May/2016:09:57:11 -0700] "GET /self.logs/error.log.2015-03-18.gz HTTP/1.1" 304 132 "-" "Mozilla/5.0 (compatible; Yahoo! Slurp; http://help.yahoo.com/help/us/ysearch/slurp)" 
68.180.230.88 - - [04/May/2016:10:02:20 -0700] "GET /self.logs/error.log.2015-10-26.gz HTTP/1.1" 200 907 "-" "Mozilla/5.0 (compatible; Yahoo! Slurp; http://help.yahoo.com/help/us/ysearch/slurp)" 
91.200.12.136 - - [04/May/2016:10:03:42 -0700] "GET /honeypot/Honeypot+-+Howto.pdf HTTP/1.0" 404 284 "http://www.secrepo.com/honeypot/Honeypot+-+Howto.pdf#search=" "Mozilla/5.0 (Windows NT 6.3; WOW64) AppleWebKit/537.36 (KHTML, like Gecko) Chrome/48.0.2564.116 Safari/537.36" 
91.200.12.136 - - [04/May/2016:10:03:44 -0700] "GET / HTTP/1.0" 200 29153 "http://www.secrepo.com/" "Mozilla/5.0 (Windows NT 6.3; WOW64) AppleWebKit/537.36 (KHTML, like Gecko) Chrome/48.0.2564.116 Safari/537.36" 
68.180.230.88 - - [04/May/2016:10:09:32 -0700] "GET /self.logs/access.log.2015-08-09.gz HTTP/1.1" 200 4521 "-" "Mozilla/5.0 (compatible; Yahoo! Slurp; http://help.yahoo.com/help/us/ysearch/slurp)" 
111.23.4.148 - - [04/May/2016:10:15:01 -0700] "GET /tg/a.zip HTTP/1.1" 304 132 "-" "Mozilla/5.0 Gecko/20100115 Firefox/3.6" 
196.42.2.22 - - [04/May/2016:10:19:02 -0700] "GET /honeypot/Honeypot%20-%20Howto.pdf HTTP/1.1" 200 1279418 "https://www.google.com.pr/" "Mozilla/5.0 (Windows NT 6.1; WOW64) AppleWebKit/537.36 (KHTML, like Gecko) Chrome/50.0.2661.75 Safari/537.36" 
196.42.2.22 - - [04/May/2016:10:19:05 -0700] "GET /favicon.ico HTTP/1.1" 200 267 "http://www.secrepo.com/honeypot/Honeypot%20-%20Howto.pdf" "Mozilla/5.0 (Windows NT 6.1; WOW64) AppleWebKit/537.36 (KHTML, like Gecko) Chrome/50.0.2661.75 Safari/537.36" 
68.180.230.88 - - [04/May/2016:10:19:36 -0700] "GET /self.logs/access.log.2015-12-22.gz HTTP/1.1" 304 133 "-" "Mozilla/5.0 (compatible; Yahoo! Slurp; http://help.yahoo.com/help/us/ysearch/slurp)" 
129.174.120.58 - - [04/May/2016:10:20:48 -0700] "GET / HTTP/1.1" 200 8880 "https://www.google.com/" "Mozilla/5.0 (X11; Linux x86_64) AppleWebKit/537.36 (KHTML, like Gecko) Chrome/50.0.2661.94 Safari/537.36" 
129.174.120.58 - - [04/May/2016:10:20:49 -0700] "GET /twitter-icon.png HTTP/1.1" 200 27787 "http://www.secrepo.com/" "Mozilla/5.0 (X11; Linux x86_64) AppleWebKit/537.36 (KHTML, like Gecko) Chrome/50.0.2661.94 Safari/537.36" 
129.174.120.58 - - [04/May/2016:10:20:49 -0700] "GET /GitHub-Mark.png HTTP/1.1" 200 7427 "http://www.secrepo.com/" "Mozilla/5.0 (X11; Linux x86_64) AppleWebKit/537.36 (KHTML, like Gecko) Chrome/50.0.2661.94 Safari/537.36" 
129.174.120.58 - - [04/May/2016:10:20:49 -0700] "GET /bootstrap/img/favicon.ico HTTP/1.1" 200 589 "http://www.secrepo.com/" "Mozilla/5.0 (X11; Linux x86_64) AppleWebKit/537.36 (KHTML, like Gecko) Chrome/50.0.2661.94 Safari/537.36" 
91.200.12.136 - - [04/May/2016:10:22:36 -0700] "GET /honeypot/Honeypot+-+Howto.pdf HTTP/1.0" 404 284 "http://www.secrepo.com/honeypot/Honeypot+-+Howto.pdf#search=" "Mozilla/5.0 (Windows NT 6.1; WOW64) AppleWebKit/537.36 (KHTML, like Gecko) Chrome/48.0.2564.109 Safari/537.36" 
91.200.12.136 - - [04/May/2016:10:22:36 -0700] "GET / HTTP/1.0" 200 29153 "http://www.secrepo.com/" "Mozilla/5.0 (Windows NT 6.1; WOW64) AppleWebKit/537.36 (KHTML, like Gecko) Chrome/48.0.2564.109 Safari/537.36" 
151.80.31.160 - - [04/May/2016:10:23:40 -0700] "GET /self.logs/access.log.2015-09-07.gz HTTP/1.1" 200 4030 "-" "Mozilla/5.0 (compatible; AhrefsBot/5.1; +http://ahrefs.com/robot/)" 
117.177.241.60 - - [04/May/2016:10:26:53 -0700] "GET /tg/a.zip HTTP/1.1" 304 132 "-" "Mozilla/5.0 Gecko/20100115 Firefox/3.6" 
68.180.230.88 - - [04/May/2016:10:27:36 -0700] "GET /self.logs/access.log.2015-09-29.gz HTTP/1.1" 304 133 "-" "Mozilla/5.0 (compatible; Yahoo! Slurp; http://help.yahoo.com/help/us/ysearch/slurp)" 
95.172.205.108 - - [04/May/2016:09:53:19 -0700] "GET /Security-Data-Analysis/Lab_1/conn.log.zip HTTP/1.1" 200 549098528 "http://www.secrepo.com/" "Mozilla/5.0 (Windows NT 10.0; WOW64) AppleWebKit/537.36 (KHTML, like Gecko) Chrome/50.0.2661.94 Safari/537.36" 
68.180.230.88 - - [04/May/2016:10:35:49 -0700] "GET /self.logs/error.log.2015-06-21.gz HTTP/1.1" 200 2222 "-" "Mozilla/5.0 (compatible; Yahoo! Slurp; http://help.yahoo.com/help/us/ysearch/slurp)" 
68.180.230.88 - - [04/May/2016:10:43:28 -0700] "GET /self.logs/error.log.2016-04-25.gz HTTP/1.1" 200 1201 "-" "Mozilla/5.0 (compatible; Yahoo! Slurp; http://help.yahoo.com/help/us/ysearch/slurp)" 
68.180.230.88 - - [04/May/2016:10:44:10 -0700] "GET /self.logs/error.log.2016-01-12.gz HTTP/1.1" 200 567 "-" "Mozilla/5.0 (compatible; Yahoo! Slurp; http://help.yahoo.com/help/us/ysearch/slurp)" 
95.172.205.108 - - [04/May/2016:10:44:12 -0700] "GET / HTTP/1.1" 304 189 "-" "Mozilla/5.0 (Windows NT 6.1; WOW64) AppleWebKit/537.36 (KHTML, like Gecko) Chrome/49.0.2623.112 Safari/537.36" 
95.172.205.108 - - [04/May/2016:10:44:15 -0700] "GET /GitHub-Mark.png HTTP/1.1" 200 7428 "http://www.secrepo.com/" "Mozilla/5.0 (Windows NT 6.1; WOW64) AppleWebKit/537.36 (KHTML, like Gecko) Chrome/49.0.2623.112 Safari/537.36" 
95.172.205.108 - - [04/May/2016:10:44:15 -0700] "GET /twitter-icon.png HTTP/1.1" 304 166 "http://www.secrepo.com/" "Mozilla/5.0 (Windows NT 6.1; WOW64) AppleWebKit/537.36 (KHTML, like Gecko) Chrome/49.0.2623.112 Safari/537.36" 
95.172.205.108 - - [04/May/2016:10:44:22 -0700] "GET /bootstrap/img/favicon.ico HTTP/1.1" 304 165 "http://www.secrepo.com/" "Mozilla/5.0 (Windows NT 6.1; WOW64) AppleWebKit/537.36 (KHTML, like Gecko) Chrome/49.0.2623.112 Safari/537.36" 
5.113.61.124 - - [04/May/2016:10:49:13 -0700] "GET / HTTP/1.1" 200 8880 "https://www.google.com/" "Mozilla/5.0 (Windows NT 6.1) AppleWebKit/537.36 (KHTML, like Gecko) Chrome/49.0.2623.112 Safari/537.36" 
5.113.61.124 - - [04/May/2016:10:49:16 -0700] "GET /GitHub-Mark.png HTTP/1.1" 200 7428 "http://www.secrepo.com/" "Mozilla/5.0 (Windows NT 6.1) AppleWebKit/537.36 (KHTML, like Gecko) Chrome/49.0.2623.112 Safari/537.36" 
5.113.61.124 - - [04/May/2016:10:49:15 -0700] "GET /twitter-icon.png HTTP/1.1" 200 27787 "http://www.secrepo.com/" "Mozilla/5.0 (Windows NT 6.1) AppleWebKit/537.36 (KHTML, like Gecko) Chrome/49.0.2623.112 Safari/537.36" 
5.113.61.124 - - [04/May/2016:10:49:19 -0700] "GET /bootstrap/img/favicon.ico HTTP/1.1" 200 590 "http://www.secrepo.com/" "Mozilla/5.0 (Windows NT 6.1) AppleWebKit/537.36 (KHTML, like Gecko) Chrome/49.0.2623.112 Safari/537.36" 
68.180.230.88 - - [04/May/2016:10:54:35 -0700] "GET /self.logs/access.log.2015-09-25.gz HTTP/1.1" 304 133 "-" "Mozilla/5.0 (compatible; Yahoo! Slurp; http://help.yahoo.com/help/us/ysearch/slurp)" 
68.180.230.88 - - [04/May/2016:10:55:22 -0700] "GET /self.logs/access.log.2015-07-20.gz HTTP/1.1" 200 5301 "-" "Mozilla/5.0 (compatible; Yahoo! Slurp; http://help.yahoo.com/help/us/ysearch/slurp)" 
69.171.230.102 - - [04/May/2016:10:59:42 -0700] "GET /twitter-icon.png HTTP/1.1" 200 27788 "-" "facebookexternalhit/1.1 (+http://www.facebook.com/externalhit_uatext.php)" 
68.180.230.88 - - [04/May/2016:11:00:11 -0700] "GET /self.logs/access.log.2015-10-10.gz HTTP/1.1" 200 4149 "-" "Mozilla/5.0 (compatible; Yahoo! Slurp; http://help.yahoo.com/help/us/ysearch/slurp)" 
51.255.65.40 - - [04/May/2016:11:12:56 -0700] "GET /self.logs/access.log.2015-10-11.gz HTTP/1.1" 200 4330 "-" "Mozilla/5.0 (compatible; AhrefsBot/5.1; +http://ahrefs.com/robot/)" 
68.180.230.88 - - [04/May/2016:11:21:45 -0700] "GET /self.logs/error.log.2015-10-28.gz HTTP/1.1" 200 783 "-" "Mozilla/5.0 (compatible; Yahoo! Slurp; http://help.yahoo.com/help/us/ysearch/slurp)" 
68.180.230.88 - - [04/May/2016:11:21:46 -0700] "GET /self.logs/error.log.2015-08-19.gz HTTP/1.1" 304 132 "-" "Mozilla/5.0 (compatible; Yahoo! Slurp; http://help.yahoo.com/help/us/ysearch/slurp)" 
111.7.128.40 - - [04/May/2016:11:23:29 -0700] "GET /tg/a.zip HTTP/1.1" 304 132 "-" "Mozilla/5.0 Gecko/20100115 Firefox/3.6" 
68.180.230.88 - - [04/May/2016:11:27:21 -0700] "GET /self.logs/access.log.2015-07-13.gz HTTP/1.1" 200 4924 "-" "Mozilla/5.0 (compatible; Yahoo! Slurp; http://help.yahoo.com/help/us/ysearch/slurp)" 
98.139.190.56 - - [04/May/2016:11:42:17 -0700] "GET /robots.txt HTTP/1.1" 200 233 "-" "Mozilla/5.0 (compatible; Yahoo! Slurp; http://help.yahoo.com/help/us/ysearch/slurp)" 
98.139.190.56 - - [04/May/2016:11:42:17 -0700] "GET / HTTP/1.1" 200 8824 "-" "Mozilla/5.0 (compatible; Yahoo! Slurp; http://help.yahoo.com/help/us/ysearch/slurp)" 
68.180.230.88 - - [04/May/2016:11:42:20 -0700] "GET /self.logs/access.log.2015-09-23.gz HTTP/1.1" 200 5756 "-" "Mozilla/5.0 (compatible; Yahoo! Slurp; http://help.yahoo.com/help/us/ysearch/slurp)" 
164.132.161.35 - - [04/May/2016:11:46:44 -0700] "GET /self.logs/access.log.2015-12-13.gz HTTP/1.1" 200 7584 "-" "Mozilla/5.0 (compatible; AhrefsBot/5.1; +http://ahrefs.com/robot/)" 
96.88.216.157 - - [04/May/2016:11:50:38 -0700] "GET / HTTP/1.1" 200 8880 "-" "Mozilla/5.0 (Windows NT 6.1; WOW64; rv:42.0) Gecko/20100101 Firefox/42.0" 
96.88.216.157 - - [04/May/2016:11:50:38 -0700] "GET /GitHub-Mark.png HTTP/1.1" 200 7428 "http://www.secrepo.com/" "Mozilla/5.0 (Windows NT 6.1; WOW64; rv:42.0) Gecko/20100101 Firefox/42.0" 
96.88.216.157 - - [04/May/2016:11:50:38 -0700] "GET /bootstrap/img/favicon.ico HTTP/1.1" 200 589 "-" "Mozilla/5.0 (Windows NT 6.1; WOW64; rv:42.0) Gecko/20100101 Firefox/42.0" 
96.88.216.157 - - [04/May/2016:11:50:39 -0700] "GET /twitter-icon.png HTTP/1.1" 200 27787 "http://www.secrepo.com/" "Mozilla/5.0 (Windows NT 6.1; WOW64; rv:42.0) Gecko/20100101 Firefox/42.0" 
96.88.216.157 - - [04/May/2016:11:52:32 -0700] "GET /maccdc2012/conn.log.gz HTTP/1.1" 200 24323691 "http://www.secrepo.com/" "Mozilla/5.0 (Windows NT 6.1; WOW64; rv:42.0) Gecko/20100101 Firefox/42.0" 
96.88.216.157 - - [04/May/2016:11:53:02 -0700] "GET /favicon.ico HTTP/1.1" 200 268 "-" "Mozilla/5.0 (Windows NT 6.1; WOW64; rv:42.0) Gecko/20100101 Firefox/42.0" 
96.88.216.157 - - [04/May/2016:11:53:07 -0700] "GET /maccdc2012/weird.log.gz HTTP/1.1" 200 1242777 "http://www.secrepo.com/" "Mozilla/5.0 (Windows NT 6.1; WOW64; rv:42.0) Gecko/20100101 Firefox/42.0" 
68.180.230.88 - - [04/May/2016:11:53:29 -0700] "GET /self.logs/access.log.2016-01-07.gz HTTP/1.1" 200 7317 "-" "Mozilla/5.0 (compatible; Yahoo! Slurp; http://help.yahoo.com/help/us/ysearch/slurp)" 
107.173.212.188 - - [04/May/2016:11:53:36 -0700] "GET /honeypot/Honeypot%20-%20Howto.pdf HTTP/1.0" 200 1279381 "http://www.secrepo.com/" "Mozilla/5.0 (Windows NT 6.1; rv:34.0) Gecko/20100101 Firefox/34.0" 
96.88.216.157 - - [04/May/2016:11:53:40 -0700] "GET /maccdc2012/dhcp.log.gz HTTP/1.1" 200 45019 "http://www.secrepo.com/" "Mozilla/5.0 (Windows NT 6.1; WOW64; rv:42.0) Gecko/20100101 Firefox/42.0" 
96.88.216.157 - - [04/May/2016:11:52:14 -0700] "GET /maccdc2012/conn.log.gz HTTP/1.1" 200 551041635 "-" "Apache-HttpClient/4.4.1 (Java/1.7.0_75)" 
96.88.216.157 - - [04/May/2016:11:54:00 -0700] "GET /maccdc2012/conn.log.gz HTTP/1.1" 200 17920491 "http://www.secrepo.com/" "Mozilla/5.0 (Windows NT 6.1; WOW64; rv:42.0) Gecko/20100101 Firefox/42.0" 
96.88.216.157 - - [04/May/2016:11:56:45 -0700] "GET /maccdc2012/conn.log.gz HTTP/1.1" 304 193 "-" "Apache-HttpClient/4.4.1 (Java/1.7.0_75)" 
96.88.216.157 - - [04/May/2016:11:56:46 -0700] "GET /maccdc2012/conn.log.gz HTTP/1.1" 304 193 "-" "Apache-HttpClient/4.4.1 (Java/1.7.0_75)" 
96.88.216.157 - - [04/May/2016:11:56:48 -0700] "GET /maccdc2012/conn.log.gz HTTP/1.1" 304 193 "-" "Apache-HttpClient/4.4.1 (Java/1.7.0_75)" 
96.88.216.157 - - [04/May/2016:11:56:49 -0700] "GET /maccdc2012/conn.log.gz HTTP/1.1" 304 193 "-" "Apache-HttpClient/4.4.1 (Java/1.7.0_75)" 
96.88.216.157 - - [04/May/2016:11:56:50 -0700] "GET /maccdc2012/conn.log.gz HTTP/1.1" 304 193 "-" "Apache-HttpClient/4.4.1 (Java/1.7.0_75)" 
96.88.216.157 - - [04/May/2016:11:56:51 -0700] "GET /maccdc2012/conn.log.gz HTTP/1.1" 304 193 "-" "Apache-HttpClient/4.4.1 (Java/1.7.0_75)" 
96.88.216.157 - - [04/May/2016:11:56:52 -0700] "GET /maccdc2012/conn.log.gz HTTP/1.1" 304 193 "-" "Apache-HttpClient/4.4.1 (Java/1.7.0_75)" 
