123.125.68.52 - - [02/Jun/2016:02:50:47 -0700] "GET /robots.txt HTTP/1.1" 200 297 "-" "Mozilla/5.0 (Windows NT 10.0; WOW64) AppleWebKit/537.36 (KHTML, like Gecko) Chrome/45.0.2454.93 Safari/537.36" 
111.7.128.40 - - [02/Jun/2016:03:05:49 -0700] "GET /tg/a.zip HTTP/1.1" 304 132 "-" "Mozilla/5.0 Gecko/20100115 Firefox/3.6" 
123.126.109.213 - - [02/Jun/2016:03:05:21 -0700] "GET /honeypot/Honeypot%20-%20Howto%20-%20BSides%20Austin.pdf HTTP/1.1" 200 2928460 "-" "Mozilla/4.0 (compatible; MSIE 6.0; Windows NT 5.1)" 
199.91.135.164 - - [02/Jun/2016:03:18:21 -0700] "GET / HTTP/1.1" 200 32800 "-" "Mozilla/5.0 (Macintosh; Intel Mac OS X 10_11_2) AppleWebKit/537.36 (KHTML, like Gecko) Chrome/50.0.2661.102 Safari/537.36" 
89.107.177.19 - - [02/Jun/2016:03:18:23 -0700] "GET / HTTP/1.1" 200 9878 "http://www.mlsecproject.org/" "Mozilla/5.0 (Macintosh; Intel Mac OS X 10_11_2) AppleWebKit/537.36 (KHTML, like Gecko) Chrome/50.0.2661.102 Safari/537.36" 
89.107.177.19 - - [02/Jun/2016:03:18:24 -0700] "GET /twitter-icon.png HTTP/1.1" 200 27787 "http://www.secrepo.com/" "Mozilla/5.0 (Macintosh; Intel Mac OS X 10_11_2) AppleWebKit/537.36 (KHTML, like Gecko) Chrome/50.0.2661.102 Safari/537.36" 
89.107.177.19 - - [02/Jun/2016:03:18:24 -0700] "GET /GitHub-Mark.png HTTP/1.1" 200 7428 "http://www.secrepo.com/" "Mozilla/5.0 (Macintosh; Intel Mac OS X 10_11_2) AppleWebKit/537.36 (KHTML, like Gecko) Chrome/50.0.2661.102 Safari/537.36" 
89.107.177.19 - - [02/Jun/2016:03:18:24 -0700] "GET /bootstrap/img/favicon.ico HTTP/1.1" 200 589 "http://www.secrepo.com/" "Mozilla/5.0 (Macintosh; Intel Mac OS X 10_11_2) AppleWebKit/537.36 (KHTML, like Gecko) Chrome/50.0.2661.102 Safari/537.36" 
8.28.16.254 - - [02/Jun/2016:03:18:26 -0700] "GET / HTTP/1.1" 200 32800 "-" "Mozilla/4.0 (compatible; MSIE 7.0; Windows NT 5.1; InfoPath.1; .NET CLR 2.0.50727; .NET CLR 1.1.4322; MS-RTC LM 8; .NET CLR 3.0.4506.2152; .NET CLR 3.5.30729)" 
66.249.83.217 - - [02/Jun/2016:03:18:52 -0700] "GET / HTTP/1.1" 200 9878 "-" "Mozilla/5.0 (X11; Linux x86_64) AppleWebKit/537.36 (KHTML, like Gecko) Chrome/49.0.2623.75 Safari/537.36 Google Favicon" 
66.249.83.213 - - [02/Jun/2016:03:18:52 -0700] "GET /bootstrap/img/favicon.ico HTTP/1.1" 200 590 "-" "Mozilla/5.0 (X11; Linux x86_64) AppleWebKit/537.36 (KHTML, like Gecko) Chrome/49.0.2623.75 Safari/537.36 Google Favicon" 
68.180.229.239 - - [02/Jun/2016:03:24:52 -0700] "GET /self.logs/error.log.2015-04-19.gz HTTP/1.1" 200 864 "-" "Mozilla/5.0 (compatible; Yahoo! Slurp; http://help.yahoo.com/help/us/ysearch/slurp)" 
157.55.39.136 - - [02/Jun/2016:03:28:03 -0700] "GET /self.logs/access.log.2015-12-06.gz HTTP/1.1" 301 546 "-" "Mozilla/5.0 (compatible; bingbot/2.0; +http://www.bing.com/bingbot.htm)" 
111.23.10.33 - - [02/Jun/2016:03:39:49 -0700] "GET /tg/a.zip HTTP/1.1" 304 132 "-" "Mozilla/5.0 Gecko/20100115 Firefox/3.6" 
66.249.93.109 - - [02/Jun/2016:03:50:50 -0700] "GET / HTTP/1.1" 200 9878 "-" "Mozilla/5.0 (X11; Linux x86_64) AppleWebKit/537.36 (KHTML, like Gecko) Chrome/49.0.2623.75 Safari/537.36 Google Favicon" 
66.249.93.101 - - [02/Jun/2016:03:50:50 -0700] "GET /bootstrap/img/favicon.ico HTTP/1.1" 200 590 "-" "Mozilla/5.0 (X11; Linux x86_64) AppleWebKit/537.36 (KHTML, like Gecko) Chrome/49.0.2623.75 Safari/537.36 Google Favicon" 
106.185.49.204 - - [02/Jun/2016:03:52:48 -0700] "GET / HTTP/1.1" 200 9878 "https://www.google.it/" "Mozilla/5.0 (Macintosh; Intel Mac OS X 10_10_5) AppleWebKit/537.36 (KHTML, like Gecko) Chrome/50.0.2661.102 Safari/537.36" 
106.185.49.204 - - [02/Jun/2016:03:52:49 -0700] "GET /GitHub-Mark.png HTTP/1.1" 200 7428 "http://www.secrepo.com/" "Mozilla/5.0 (Macintosh; Intel Mac OS X 10_10_5) AppleWebKit/537.36 (KHTML, like Gecko) Chrome/50.0.2661.102 Safari/537.36" 
106.185.49.204 - - [02/Jun/2016:03:52:49 -0700] "GET /twitter-icon.png HTTP/1.1" 200 27787 "http://www.secrepo.com/" "Mozilla/5.0 (Macintosh; Intel Mac OS X 10_10_5) AppleWebKit/537.36 (KHTML, like Gecko) Chrome/50.0.2661.102 Safari/537.36" 
106.185.49.204 - - [02/Jun/2016:03:52:58 -0700] "GET /bootstrap/img/favicon.ico HTTP/1.1" 200 590 "http://www.secrepo.com/" "Mozilla/5.0 (Macintosh; Intel Mac OS X 10_10_5) AppleWebKit/537.36 (KHTML, like Gecko) Chrome/50.0.2661.102 Safari/537.36" 
66.249.64.245 - - [02/Jun/2016:03:54:36 -0700] "GET / HTTP/1.1" 200 9878 "-" "Mozilla/5.0 (compatible; Googlebot/2.1; +http://www.google.com/bot.html)" 
106.185.49.204 - - [02/Jun/2016:03:55:39 -0700] "GET / HTTP/1.1" 304 189 "-" "Mozilla/5.0 (Macintosh; Intel Mac OS X 10_10_5) AppleWebKit/537.36 (KHTML, like Gecko) Chrome/50.0.2661.102 Safari/537.36" 
40.77.167.11 - - [02/Jun/2016:04:01:35 -0700] "GET /self.logs/access.log.2016-04-25.gz HTTP/1.1" 200 9420 "-" "Mozilla/5.0 (compatible; bingbot/2.0; +http://www.bing.com/bingbot.htm)" 
157.55.39.90 - - [02/Jun/2016:04:01:48 -0700] "GET /self.logs/access.log.2015-07-06.gz HTTP/1.1" 301 546 "-" "Mozilla/5.0 (compatible; bingbot/2.0; +http://www.bing.com/bingbot.htm)" 
101.181.90.208 - - [02/Jun/2016:04:10:33 -0700] "GET / HTTP/1.1" 200 9878 "http://www.mlsecproject.org/" "Mozilla/5.0 (Macintosh; Intel Mac OS X 10_11_4) AppleWebKit/537.36 (KHTML, like Gecko) Chrome/50.0.2661.102 Safari/537.36" 
101.181.90.208 - - [02/Jun/2016:04:10:33 -0700] "GET /twitter-icon.png HTTP/1.1" 200 27787 "http://www.secrepo.com/" "Mozilla/5.0 (Macintosh; Intel Mac OS X 10_11_4) AppleWebKit/537.36 (KHTML, like Gecko) Chrome/50.0.2661.102 Safari/537.36" 
101.181.90.208 - - [02/Jun/2016:04:10:33 -0700] "GET /GitHub-Mark.png HTTP/1.1" 200 7428 "http://www.secrepo.com/" "Mozilla/5.0 (Macintosh; Intel Mac OS X 10_11_4) AppleWebKit/537.36 (KHTML, like Gecko) Chrome/50.0.2661.102 Safari/537.36" 
101.181.90.208 - - [02/Jun/2016:04:10:34 -0700] "GET /bootstrap/img/favicon.ico HTTP/1.1" 200 589 "http://www.secrepo.com/" "Mozilla/5.0 (Macintosh; Intel Mac OS X 10_11_4) AppleWebKit/537.36 (KHTML, like Gecko) Chrome/50.0.2661.102 Safari/537.36" 
40.77.167.37 - - [02/Jun/2016:04:16:41 -0700] "GET /self.logs/error.log.2015-07-22.gz HTTP/1.1" 200 750 "-" "Mozilla/5.0 (compatible; bingbot/2.0; +http://www.bing.com/bingbot.htm)" 
111.23.4.148 - - [02/Jun/2016:04:28:21 -0700] "GET /tg/a.zip HTTP/1.1" 304 132 "-" "Mozilla/5.0 Gecko/20100115 Firefox/3.6" 
207.46.13.109 - - [02/Jun/2016:04:31:56 -0700] "GET /self.logs/access.log.2015-08-26.gz HTTP/1.1" 200 4737 "-" "Mozilla/5.0 (compatible; bingbot/2.0; +http://www.bing.com/bingbot.htm)" 
130.234.229.116 - - [02/Jun/2016:04:35:04 -0700] "GET / HTTP/1.1" 301 483 "-" "Mozilla/5.0 (X11; Ubuntu; Linux x86_64; rv:46.0) Gecko/20100101 Firefox/46.0" 
130.234.229.116 - - [02/Jun/2016:04:35:04 -0700] "GET / HTTP/1.1" 200 9878 "-" "Mozilla/5.0 (X11; Ubuntu; Linux x86_64; rv:46.0) Gecko/20100101 Firefox/46.0" 
130.234.229.116 - - [02/Jun/2016:04:35:05 -0700] "GET /twitter-icon.png HTTP/1.1" 200 27787 "http://www.secrepo.com/" "Mozilla/5.0 (X11; Ubuntu; Linux x86_64; rv:46.0) Gecko/20100101 Firefox/46.0" 
130.234.229.116 - - [02/Jun/2016:04:35:05 -0700] "GET /GitHub-Mark.png HTTP/1.1" 200 7428 "http://www.secrepo.com/" "Mozilla/5.0 (X11; Ubuntu; Linux x86_64; rv:46.0) Gecko/20100101 Firefox/46.0" 
130.234.229.116 - - [02/Jun/2016:04:35:05 -0700] "GET /bootstrap/img/favicon.ico HTTP/1.1" 200 590 "-" "Mozilla/5.0 (X11; Ubuntu; Linux x86_64; rv:46.0) Gecko/20100101 Firefox/46.0" 
117.190.191.170 - - [02/Jun/2016:04:49:47 -0700] "GET /tg/a.zip HTTP/1.1" 304 132 "-" "Mozilla/5.0 Gecko/20100115 Firefox/3.6" 
157.55.39.90 - - [02/Jun/2016:04:52:41 -0700] "GET /self.logs/error.log.2015-12-11.gz HTTP/1.1" 301 543 "-" "Mozilla/5.0 (compatible; bingbot/2.0; +http://www.bing.com/bingbot.htm)" 
188.166.217.166 - - [02/Jun/2016:04:54:17 -0700] "GET /honeypot/Honeypot - Howto.pdf HTTP/1.1" 418 695 "http://www.zillow.name.ie/action/shop.aspx" "() { foo;};echo; /bin/bash -c \"expr 299663299665 / 3; echo CMD:;id; echo END_CMD:;\"" 
91.200.12.143 - - [02/Jun/2016:04:58:51 -0700] "GET /honeypot/BSidesDFW%20-%202014.ipynb HTTP/1.0" 200 480340 "http://www.secrepo.com/honeypot/BSidesDFW%20-%202014.ipynb" "Mozilla/5.0 (Windows NT 6.1; WOW64) AppleWebKit/537.36 (KHTML, like Gecko) Chrome/46.0.2490.86 YaBrowser/15.12.1.6475 Safari/537.36" 
202.196.63.124 - - [02/Jun/2016:05:03:20 -0700] "GET /favicon.ico HTTP/1.1" 200 268 "-" "Mozilla/5.0 (Windows; U; MSIE 6.0; Windows NT 5.1; SV1; .NET CLR 2.0.50727; BIDUBrowser 7.6)" 
202.196.63.124 - - [02/Jun/2016:05:03:21 -0700] "GET / HTTP/1.1" 200 32799 "-" "Mozilla/5.0 (Windows; U; MSIE 6.0; Windows NT 5.1; SV1; .NET CLR 2.0.50727; BIDUBrowser 7.6)" 
202.196.63.124 - - [02/Jun/2016:05:03:22 -0700] "GET /bootstrap/img/favicon.ico HTTP/1.1" 304 164 "-" "Mozilla/5.0 (Windows; U; MSIE 6.0; Windows NT 5.1; SV1; .NET CLR 2.0.50727; BIDUBrowser 7.6)" 
202.196.63.124 - - [02/Jun/2016:05:03:24 -0700] "GET / HTTP/1.1" 200 32800 "-" "Mozilla/5.0 (Windows; U; MSIE 6.0; Windows NT 5.1; SV1; .NET CLR 2.0.50727; BIDUBrowser 7.6)" 
202.196.63.124 - - [02/Jun/2016:05:03:25 -0700] "GET /bootstrap/img/favicon.ico HTTP/1.1" 304 164 "-" "Mozilla/5.0 (Windows; U; MSIE 6.0; Windows NT 5.1; SV1; .NET CLR 2.0.50727; BIDUBrowser 7.6)" 
117.177.241.60 - - [02/Jun/2016:05:05:40 -0700] "GET /tg/a.zip HTTP/1.1" 304 132 "-" "Mozilla/5.0 Gecko/20100115 Firefox/3.6" 
92.103.106.166 - - [02/Jun/2016:05:06:13 -0700] "GET / HTTP/1.1" 301 483 "-" "Mozilla/5.0 (Macintosh; Intel Mac OS X 10_9_5) AppleWebKit/537.36 (KHTML, like Gecko) Chrome/47.0.2526.80 Safari/537.36" 
92.103.106.166 - - [02/Jun/2016:05:06:14 -0700] "GET / HTTP/1.1" 200 9878 "-" "Mozilla/5.0 (Macintosh; Intel Mac OS X 10_9_5) AppleWebKit/537.36 (KHTML, like Gecko) Chrome/47.0.2526.80 Safari/537.36" 
92.103.106.166 - - [02/Jun/2016:05:06:16 -0700] "GET /GitHub-Mark.png HTTP/1.1" 200 7428 "http://www.secrepo.com/" "Mozilla/5.0 (Macintosh; Intel Mac OS X 10_9_5) AppleWebKit/537.36 (KHTML, like Gecko) Chrome/47.0.2526.80 Safari/537.36" 
92.103.106.166 - - [02/Jun/2016:05:06:16 -0700] "GET /twitter-icon.png HTTP/1.1" 200 27787 "http://www.secrepo.com/" "Mozilla/5.0 (Macintosh; Intel Mac OS X 10_9_5) AppleWebKit/537.36 (KHTML, like Gecko) Chrome/47.0.2526.80 Safari/537.36" 
92.103.106.166 - - [02/Jun/2016:05:06:16 -0700] "GET /bootstrap/img/favicon.ico HTTP/1.1" 200 589 "http://www.secrepo.com/" "Mozilla/5.0 (Macintosh; Intel Mac OS X 10_9_5) AppleWebKit/537.36 (KHTML, like Gecko) Chrome/47.0.2526.80 Safari/537.36" 
91.200.12.143 - - [02/Jun/2016:05:15:44 -0700] "GET /honeypot/BSidesDFW%20-%202014.ipynb HTTP/1.0" 200 675980 "http://www.secrepo.com/honeypot/BSidesDFW%20-%202014.ipynb" "Mozilla/5.0 (Windows NT 6.3; WOW64) AppleWebKit/537.36 (KHTML, like Gecko) Chrome/48.0.2564.116 Safari/537.36" 
77.75.79.109 - - [02/Jun/2016:05:24:38 -0700] "GET /robots.txt HTTP/1.1" 200 334 "-" "Mozilla/5.0 (compatible; SeznamBot/3.2; +http://napoveda.seznam.cz/en/seznambot-intro/)" 
77.75.79.109 - - [02/Jun/2016:05:24:39 -0700] "GET /maccdc2012/conn.log.gz HTTP/1.1" 200 12302211 "-" "Mozilla/5.0 (compatible; SeznamBot/3.2; +http://napoveda.seznam.cz/en/seznambot-intro/)" 
68.180.229.239 - - [02/Jun/2016:05:40:55 -0700] "GET /self.logs/error.log.2015-07-30.gz HTTP/1.1" 200 769 "-" "Mozilla/5.0 (compatible; Yahoo! Slurp; http://help.yahoo.com/help/us/ysearch/slurp)" 
202.196.63.124 - - [02/Jun/2016:05:42:58 -0700] "GET /favicon.ico HTTP/1.1" 200 268 "-" "Mozilla/5.0 (Windows; U; MSIE 6.0; Windows NT 5.1; SV1; .NET CLR 2.0.50727; BIDUBrowser 7.6)" 
202.196.63.124 - - [02/Jun/2016:05:42:58 -0700] "GET / HTTP/1.1" 200 32799 "-" "Mozilla/5.0 (Windows; U; MSIE 6.0; Windows NT 5.1; SV1; .NET CLR 2.0.50727; BIDUBrowser 7.6)" 
202.196.63.124 - - [02/Jun/2016:05:42:58 -0700] "GET /bootstrap/img/favicon.ico HTTP/1.1" 304 164 "-" "Mozilla/5.0 (Windows; U; MSIE 6.0; Windows NT 5.1; SV1; .NET CLR 2.0.50727; BIDUBrowser 7.6)" 
202.196.63.124 - - [02/Jun/2016:05:42:59 -0700] "GET /favicon.ico HTTP/1.1" 200 268 "-" "Mozilla/5.0 (Windows; U; MSIE 6.0; Windows NT 5.1; SV1; .NET CLR 2.0.50727; BIDUBrowser 7.6)" 
202.196.63.124 - - [02/Jun/2016:05:43:00 -0700] "GET / HTTP/1.1" 200 32799 "-" "Mozilla/5.0 (Windows; U; MSIE 6.0; Windows NT 5.1; SV1; .NET CLR 2.0.50727; BIDUBrowser 7.6)" 
202.196.63.124 - - [02/Jun/2016:05:43:00 -0700] "GET /bootstrap/img/favicon.ico HTTP/1.1" 304 164 "-" "Mozilla/5.0 (Windows; U; MSIE 6.0; Windows NT 5.1; SV1; .NET CLR 2.0.50727; BIDUBrowser 7.6)" 
207.46.13.109 - - [02/Jun/2016:05:43:37 -0700] "GET /self.logs/error.log.2015-09-27.gz HTTP/1.1" 200 770 "-" "Mozilla/5.0 (compatible; bingbot/2.0; +http://www.bing.com/bingbot.htm)" 
120.76.163.234 - - [02/Jun/2016:05:45:55 -0700] "GET /honeypot/Honeypot%20-%20Howto%20-%20BSides%20Austin.pdf HTTP/1.1" 200 1457080 "-" "Mozilla/4.0 (compatible; MSIE 6.0; Windows NT 5.1)" 
66.249.64.129 - - [02/Jun/2016:05:51:34 -0700] "GET / HTTP/1.1" 200 9878 "-" "Mozilla/5.0 (Linux; Android 6.0.1; Nexus 5X Build/MMB29P) AppleWebKit/537.36 (KHTML, like Gecko) Chrome/41.0.2272.96 Mobile Safari/537.36 (compatible; Googlebot/2.1; +http://www.google.com/bot.html)" 
172.85.32.70 - - [02/Jun/2016:06:03:51 -0700] "GET / HTTP/1.1" 301 483 "https://t.co/pArNAxyuQQ" "Mozilla/5.0 (Macintosh; Intel Mac OS X 10_11_4) AppleWebKit/537.36 (KHTML, like Gecko) Chrome/50.0.2661.102 Safari/537.36" 
172.85.32.70 - - [02/Jun/2016:06:03:51 -0700] "GET / HTTP/1.1" 200 9878 "https://t.co/pArNAxyuQQ" "Mozilla/5.0 (Macintosh; Intel Mac OS X 10_11_4) AppleWebKit/537.36 (KHTML, like Gecko) Chrome/50.0.2661.102 Safari/537.36" 
172.85.32.70 - - [02/Jun/2016:06:03:51 -0700] "GET /twitter-icon.png HTTP/1.1" 200 27787 "http://www.secrepo.com/" "Mozilla/5.0 (Macintosh; Intel Mac OS X 10_11_4) AppleWebKit/537.36 (KHTML, like Gecko) Chrome/50.0.2661.102 Safari/537.36" 
172.85.32.70 - - [02/Jun/2016:06:03:51 -0700] "GET /GitHub-Mark.png HTTP/1.1" 200 7427 "http://www.secrepo.com/" "Mozilla/5.0 (Macintosh; Intel Mac OS X 10_11_4) AppleWebKit/537.36 (KHTML, like Gecko) Chrome/50.0.2661.102 Safari/537.36" 
172.85.32.70 - - [02/Jun/2016:06:03:52 -0700] "GET /bootstrap/img/favicon.ico HTTP/1.1" 200 589 "http://www.secrepo.com/" "Mozilla/5.0 (Macintosh; Intel Mac OS X 10_11_4) AppleWebKit/537.36 (KHTML, like Gecko) Chrome/50.0.2661.102 Safari/537.36" 
111.7.128.40 - - [02/Jun/2016:06:05:51 -0700] "GET /tg/a.zip HTTP/1.1" 304 132 "-" "Mozilla/5.0 Gecko/20100115 Firefox/3.6" 
207.46.13.109 - - [02/Jun/2016:06:07:02 -0700] "GET /self.logs/error.log.2016-03-21.gz HTTP/1.1" 200 723 "-" "Mozilla/5.0 (compatible; bingbot/2.0; +http://www.bing.com/bingbot.htm)" 
47.60.37.226 - - [02/Jun/2016:06:10:45 -0700] "GET / HTTP/1.1" 200 9878 "http://www.mlsecproject.org/" "Mozilla/5.0 (iPhone; CPU iPhone OS 9_3_1 like Mac OS X) AppleWebKit/601.1.46 (KHTML, like Gecko) Mobile/13E238" 
47.60.37.226 - - [02/Jun/2016:06:10:45 -0700] "GET /twitter-icon.png HTTP/1.1" 200 27787 "http://www.secrepo.com/" "Mozilla/5.0 (iPhone; CPU iPhone OS 9_3_1 like Mac OS X) AppleWebKit/601.1.46 (KHTML, like Gecko) Mobile/13E238" 
47.60.37.226 - - [02/Jun/2016:06:10:45 -0700] "GET /GitHub-Mark.png HTTP/1.1" 200 7428 "http://www.secrepo.com/" "Mozilla/5.0 (iPhone; CPU iPhone OS 9_3_1 like Mac OS X) AppleWebKit/601.1.46 (KHTML, like Gecko) Mobile/13E238" 
8.28.16.254 - - [02/Jun/2016:06:13:13 -0700] "GET / HTTP/1.1" 200 32800 "-" "Mozilla/5.0 (Windows NT 6.1; WOW64; rv:45.0) Gecko/20100101 Firefox/45.0" 
8.44.100.11 - - [02/Jun/2016:06:13:13 -0700] "GET / HTTP/1.1" 200 9878 "https://www.google.com" "Mozilla/5.0 (Windows NT 6.1; WOW64; rv:45.0) Gecko/20100101 Firefox/45.0" 
157.55.39.90 - - [02/Jun/2016:06:17:54 -0700] "GET /robots.txt HTTP/1.1" 200 289 "-" "Mozilla/5.0 (compatible; bingbot/2.0; +http://www.bing.com/bingbot.htm)" 
89.107.183.3 - - [02/Jun/2016:06:21:42 -0700] "GET / HTTP/1.1" 200 9878 "-" "Mozilla/5.0 (Macintosh; Intel Mac OS X 10_11_5) AppleWebKit/537.36 (KHTML, like Gecko) Chrome/50.0.2661.102 Safari/537.36" 
89.107.183.3 - - [02/Jun/2016:06:21:45 -0700] "GET /twitter-icon.png HTTP/1.1" 200 27788 "http://www.secrepo.com/" "Mozilla/5.0 (Macintosh; Intel Mac OS X 10_11_5) AppleWebKit/537.36 (KHTML, like Gecko) Chrome/50.0.2661.102 Safari/537.36" 
89.107.183.3 - - [02/Jun/2016:06:21:45 -0700] "GET /GitHub-Mark.png HTTP/1.1" 200 7428 "http://www.secrepo.com/" "Mozilla/5.0 (Macintosh; Intel Mac OS X 10_11_5) AppleWebKit/537.36 (KHTML, like Gecko) Chrome/50.0.2661.102 Safari/537.36" 
89.107.183.3 - - [02/Jun/2016:06:21:46 -0700] "GET /bootstrap/img/favicon.ico HTTP/1.1" 200 589 "http://www.secrepo.com/" "Mozilla/5.0 (Macintosh; Intel Mac OS X 10_11_5) AppleWebKit/537.36 (KHTML, like Gecko) Chrome/50.0.2661.102 Safari/537.36" 
66.249.64.129 - - [02/Jun/2016:06:23:56 -0700] "GET /honeypot/Honeypot%20-%20Howto.pdf HTTP/1.1" 200 1279418 "-" "Mozilla/5.0 (Linux; Android 6.0.1; Nexus 5X Build/MMB29P) AppleWebKit/537.36 (KHTML, like Gecko) Chrome/41.0.2272.96 Mobile Safari/537.36 (compatible; Googlebot/2.1; +http://www.google.com/bot.html)" 
72.91.178.88 - - [02/Jun/2016:06:25:39 -0700] "GET /robots.txt HTTP/1.0" 200 289 "-" "Mozilla/5.0 (compatible; MJ12bot/v1.4.5; http://www.majestic12.co.uk/bot.php?+)" 
72.91.178.88 - - [02/Jun/2016:06:25:41 -0700] "GET /honeypot//%22http://amunhoney.sourceforge.net//%22 HTTP/1.1" 404 239 "-" "Mozilla/5.0 (compatible; MJ12bot/v1.4.5; http://www.majestic12.co.uk/bot.php?+)" 
72.91.178.88 - - [02/Jun/2016:06:25:43 -0700] "GET /honeypot//%22http://glastopf.org//%22 HTTP/1.1" 404 284 "-" "Mozilla/5.0 (compatible; MJ12bot/v1.4.5; http://www.majestic12.co.uk/bot.php?+)" 
180.76.15.18 - - [02/Jun/2016:06:26:06 -0700] "GET / HTTP/1.1" 200 21900 "-" "Mozilla/5.0 (compatible; Baiduspider/2.0; +http://www.baidu.com/search/spider.html)" 
180.76.15.139 - - [02/Jun/2016:06:26:38 -0700] "GET / HTTP/1.1" 200 21900 "-" "Mozilla/5.0 (compatible; Baiduspider/2.0; +http://www.baidu.com/search/spider.html)" 
40.77.167.11 - - [02/Jun/2016:06:35:19 -0700] "GET /self.logs/error.log.2015-04-19.gz HTTP/1.1" 200 920 "-" "Mozilla/5.0 (compatible; bingbot/2.0; +http://www.bing.com/bingbot.htm)" 
111.23.10.33 - - [02/Jun/2016:06:39:55 -0700] "GET /tg/a.zip HTTP/1.1" 304 132 "-" "Mozilla/5.0 Gecko/20100115 Firefox/3.6" 
90.51.0.243 - - [02/Jun/2016:06:40:37 -0700] "GET / HTTP/1.1" 200 9878 "https://www.google.fr" "Mozilla/5.0 (Macintosh; Intel Mac OS X 10.11; rv:46.0) Gecko/20100101 Firefox/46.0" 
90.51.0.243 - - [02/Jun/2016:06:40:37 -0700] "GET /bootstrap/img/favicon.ico HTTP/1.1" 200 589 "-" "Mozilla/5.0 (Macintosh; Intel Mac OS X 10.11; rv:46.0) Gecko/20100101 Firefox/46.0" 
90.51.0.243 - - [02/Jun/2016:06:40:37 -0700] "GET /twitter-icon.png HTTP/1.1" 200 27787 "http://www.secrepo.com/" "Mozilla/5.0 (Macintosh; Intel Mac OS X 10.11; rv:46.0) Gecko/20100101 Firefox/46.0" 
90.51.0.243 - - [02/Jun/2016:06:40:38 -0700] "GET /GitHub-Mark.png HTTP/1.1" 200 7428 "http://www.secrepo.com/" "Mozilla/5.0 (Macintosh; Intel Mac OS X 10.11; rv:46.0) Gecko/20100101 Firefox/46.0" 
90.51.0.243 - - [02/Jun/2016:06:40:39 -0700] "GET /bootstrap/img/favicon.ico HTTP/1.1" 200 589 "-" "Mozilla/5.0 (Macintosh; Intel Mac OS X 10.11; rv:46.0) Gecko/20100101 Firefox/46.0" 
104.12.200.78 - - [02/Jun/2016:06:41:48 -0700] "GET /maccdc2012/http.log.gz HTTP/1.1" 200 54258816 "-" "com.apple.WebKit.Networking/11601.4.4 CFNetwork/760.2.6 Darwin/15.3.0 (x86_64)" 
157.55.39.90 - - [02/Jun/2016:06:48:37 -0700] "GET /robots.txt HTTP/1.1" 301 518 "-" "Mozilla/5.0 (compatible; bingbot/2.0; +http://www.bing.com/bingbot.htm)" 
157.55.39.90 - - [02/Jun/2016:06:48:37 -0700] "GET /robots.txt HTTP/1.1" 200 288 "-" "Mozilla/5.0 (compatible; bingbot/2.0; +http://www.bing.com/bingbot.htm)" 
220.181.108.140 - - [02/Jun/2016:06:48:59 -0700] "GET /GitHub-Mark.png HTTP/1.1" 200 7391 "-" "Baiduspider-image+(+http://www.baidu.com/search/spider.htm)" 
40.77.167.11 - - [02/Jun/2016:06:50:37 -0700] "GET /self.logs/error.log.2015-12-15.gz HTTP/1.1" 301 543 "-" "Mozilla/5.0 (compatible; bingbot/2.0; +http://www.bing.com/bingbot.htm)" 
90.51.0.243 - - [02/Jun/2016:06:52:54 -0700] "GET / HTTP/1.1" 200 9878 "https://www.google.fr" "Mozilla/5.0 (Macintosh; Intel Mac OS X 10.11; rv:46.0) Gecko/20100101 Firefox/46.0" 
90.51.0.243 - - [02/Jun/2016:06:52:55 -0700] "GET /twitter-icon.png HTTP/1.1" 200 27787 "http://www.secrepo.com/" "Mozilla/5.0 (Macintosh; Intel Mac OS X 10.11; rv:46.0) Gecko/20100101 Firefox/46.0" 
90.51.0.243 - - [02/Jun/2016:06:52:55 -0700] "GET /GitHub-Mark.png HTTP/1.1" 200 7428 "http://www.secrepo.com/" "Mozilla/5.0 (Macintosh; Intel Mac OS X 10.11; rv:46.0) Gecko/20100101 Firefox/46.0" 
90.51.0.243 - - [02/Jun/2016:06:52:57 -0700] "GET /bootstrap/img/favicon.ico HTTP/1.1" 200 590 "-" "Mozilla/5.0 (Macintosh; Intel Mac OS X 10.11; rv:46.0) Gecko/20100101 Firefox/46.0" 
90.51.0.243 - - [02/Jun/2016:06:53:08 -0700] "GET /bootstrap/img/favicon.ico HTTP/1.1" 200 590 "-" "Mozilla/5.0 (Macintosh; Intel Mac OS X 10.11; rv:46.0) Gecko/20100101 Firefox/46.0" 
90.51.0.243 - - [02/Jun/2016:06:53:08 -0700] "GET /GitHub-Mark.png HTTP/1.1" 200 7428 "-" "Mozilla/5.0 (Macintosh; Intel Mac OS X 10.11; rv:46.0) Gecko/20100101 Firefox/46.0" 
90.51.0.243 - - [02/Jun/2016:06:53:08 -0700] "GET /twitter-icon.png HTTP/1.1" 200 27788 "-" "Mozilla/5.0 (Macintosh; Intel Mac OS X 10.11; rv:46.0) Gecko/20100101 Firefox/46.0" 
88.10.62.217 - - [02/Jun/2016:06:53:39 -0700] "GET /honeypot/Honeypot%20-%20Howto.pdf HTTP/1.1" 206 65867 "https://www.google.es" "Mozilla/5.0 (X11; Ubuntu; Linux i686; rv:46.0) Gecko/20100101 Firefox/46.0" 
88.10.62.217 - - [02/Jun/2016:06:53:39 -0700] "GET /honeypot/Honeypot%20-%20Howto.pdf HTTP/1.1" 206 34291 "https://www.google.es" "Mozilla/5.0 (X11; Ubuntu; Linux i686; rv:46.0) Gecko/20100101 Firefox/46.0" 
88.10.62.217 - - [02/Jun/2016:06:53:39 -0700] "GET /honeypot/Honeypot%20-%20Howto.pdf HTTP/1.1" 206 65872 "https://www.google.es" "Mozilla/5.0 (X11; Ubuntu; Linux i686; rv:46.0) Gecko/20100101 Firefox/46.0" 
88.10.62.217 - - [02/Jun/2016:06:53:38 -0700] "GET /honeypot/Honeypot%20-%20Howto.pdf HTTP/1.1" 200 1279418 "https://www.google.es" "Mozilla/5.0 (X11; Ubuntu; Linux i686; rv:46.0) Gecko/20100101 Firefox/46.0" 
88.10.62.217 - - [02/Jun/2016:06:53:39 -0700] "GET /honeypot/Honeypot%20-%20Howto.pdf HTTP/1.1" 206 65875 "https://www.google.es" "Mozilla/5.0 (X11; Ubuntu; Linux i686; rv:46.0) Gecko/20100101 Firefox/46.0" 
88.10.62.217 - - [02/Jun/2016:06:53:39 -0700] "GET /favicon.ico HTTP/1.1" 200 267 "-" "Mozilla/5.0 (X11; Ubuntu; Linux i686; rv:46.0) Gecko/20100101 Firefox/46.0" 
104.12.200.78 - - [02/Jun/2016:06:57:20 -0700] "GET /self.logs/ HTTP/1.1" 200 10490 "-" "Mozilla/5.0 (Macintosh; Intel Mac OS X 10_11_3) AppleWebKit/601.4.4 (KHTML, like Gecko) Version/9.0.3 Safari/601.4.4" 
104.12.200.78 - - [02/Jun/2016:06:57:22 -0700] "GET /favicon.ico HTTP/1.1" 200 268 "http://www.secrepo.com/self.logs/" "Mozilla/5.0 (Macintosh; Intel Mac OS X 10_11_3) AppleWebKit/601.4.4 (KHTML, like Gecko) Version/9.0.3 Safari/601.4.4" 
104.12.200.78 - - [02/Jun/2016:06:57:24 -0700] "GET /self.logs/access.log.2015-01-17.gz HTTP/1.1" 200 3597 "http://www.secrepo.com/self.logs/" "Mozilla/5.0 (Macintosh; Intel Mac OS X 10_11_3) AppleWebKit/601.4.4 (KHTML, like Gecko) Version/9.0.3 Safari/601.4.4" 
104.12.200.78 - - [02/Jun/2016:06:58:19 -0700] "GET /self.logs/access.log.2015-01-17.gz HTTP/1.1" 200 3597 "http://www.secrepo.com/self.logs/" "Mozilla/5.0 (Macintosh; Intel Mac OS X 10_11_3) AppleWebKit/601.4.4 (KHTML, like Gecko) Version/9.0.3 Safari/601.4.4" 
111.13.102.139 - - [02/Jun/2016:07:01:01 -0700] "GET /robots.txt HTTP/1.1" 200 297 "-" "Mozilla/5.0 (Windows NT 10.0; WOW64) AppleWebKit/537.36 (KHTML, like Gecko) Chrome/45.0.2454.93 Safari/537.36" 
207.46.13.109 - - [02/Jun/2016:07:12:04 -0700] "GET /self.logs/access.log.2015-03-09.gz HTTP/1.1" 301 546 "-" "Mozilla/5.0 (compatible; bingbot/2.0; +http://www.bing.com/bingbot.htm)" 
157.55.39.90 - - [02/Jun/2016:07:13:35 -0700] "GET /self.logs/error.log.2015-04-21.gz HTTP/1.1" 200 2203 "-" "Mozilla/5.0 (compatible; bingbot/2.0; +http://www.bing.com/bingbot.htm)" 
157.55.39.90 - - [02/Jun/2016:07:13:35 -0700] "GET /self.logs/error.log.2015-07-23.gz HTTP/1.1" 200 1089 "-" "Mozilla/5.0 (compatible; bingbot/2.0; +http://www.bing.com/bingbot.htm)" 
188.166.217.166 - - [02/Jun/2016:07:26:04 -0700] "GET /honeypot/Honeypot - Howto.pdf HTTP/1.1" 418 695 "http://www.gopubmed.aero.np/active/file.lua" "() { foo;};echo; /bin/bash -c \"expr 299663299665 / 3; echo CMD:;id; echo END_CMD:;\"" 
111.23.4.148 - - [02/Jun/2016:07:28:22 -0700] "GET /tg/a.zip HTTP/1.1" 304 132 "-" "Mozilla/5.0 Gecko/20100115 Firefox/3.6" 
188.166.217.166 - - [02/Jun/2016:07:30:33 -0700] "GET /honeypot/Honeypot - Howto.pdf HTTP/1.1" 418 695 "http://www.cnn.int.ss/Login/photo.sql" "() { foo;};echo; /bin/bash -c \"expr 299663299665 / 3; echo CMD:;id; echo END_CMD:;\"" 
66.249.64.245 - - [02/Jun/2016:07:38:45 -0700] "GET / HTTP/1.1" 200 9878 "-" "Mozilla/5.0 (compatible; Googlebot/2.1; +http://www.google.com/bot.html)" 
207.46.13.109 - - [02/Jun/2016:07:39:48 -0700] "GET /self.logs/access.log.2016-01-04.gz HTTP/1.1" 301 545 "-" "Mozilla/5.0 (compatible; bingbot/2.0; +http://www.bing.com/bingbot.htm)" 
117.190.191.170 - - [02/Jun/2016:07:49:53 -0700] "GET /tg/a.zip HTTP/1.1" 304 132 "-" "Mozilla/5.0 Gecko/20100115 Firefox/3.6" 
164.132.161.81 - - [02/Jun/2016:07:51:41 -0700] "GET /self.logs/error.log.2015-04-24.gz HTTP/1.1" 200 648 "-" "Mozilla/5.0 (compatible; AhrefsBot/5.1; +http://ahrefs.com/robot/)" 
207.46.13.182 - - [02/Jun/2016:07:57:04 -0700] "GET /self.logs/access.log.2015-08-17.gz HTTP/1.1" 301 546 "-" "Mozilla/5.0 (compatible; bingbot/2.0; +http://www.bing.com/bingbot.htm)" 
157.55.39.90 - - [02/Jun/2016:08:00:04 -0700] "GET /self.logs/access.log.2015-06-17.gz HTTP/1.1" 200 5793 "-" "Mozilla/5.0 (compatible; bingbot/2.0; +http://www.bing.com/bingbot.htm)" 
117.177.241.60 - - [02/Jun/2016:08:05:42 -0700] "GET /tg/a.zip HTTP/1.1" 304 132 "-" "Mozilla/5.0 Gecko/20100115 Firefox/3.6" 
202.196.63.124 - - [02/Jun/2016:08:05:47 -0700] "GET /favicon.ico HTTP/1.1" 200 268 "-" "Mozilla/5.0 (Windows; U; MSIE 6.0; Windows NT 5.1; SV1; .NET CLR 2.0.50727; BIDUBrowser 7.6)" 
202.196.63.124 - - [02/Jun/2016:08:05:47 -0700] "GET / HTTP/1.1" 200 32799 "-" "Mozilla/5.0 (Windows; U; MSIE 6.0; Windows NT 5.1; SV1; .NET CLR 2.0.50727; BIDUBrowser 7.6)" 
202.196.63.124 - - [02/Jun/2016:08:05:47 -0700] "GET /bootstrap/img/favicon.ico HTTP/1.1" 304 164 "-" "Mozilla/5.0 (Windows; U; MSIE 6.0; Windows NT 5.1; SV1; .NET CLR 2.0.50727; BIDUBrowser 7.6)" 
66.102.7.164 - - [02/Jun/2016:08:12:58 -0700] "GET / HTTP/1.1" 200 9878 "-" "Mozilla/5.0 (X11; Linux x86_64) AppleWebKit/537.36 (KHTML, like Gecko) Chrome/49.0.2623.75 Safari/537.36 Google Favicon" 
66.102.7.157 - - [02/Jun/2016:08:12:58 -0700] "GET /bootstrap/img/favicon.ico HTTP/1.1" 200 590 "-" "Mozilla/5.0 (X11; Linux x86_64) AppleWebKit/537.36 (KHTML, like Gecko) Chrome/49.0.2623.75 Safari/537.36 Google Favicon" 
64.233.173.129 - - [02/Jun/2016:08:36:36 -0700] "GET /bootstrap/img/favicon.ico HTTP/1.1" 200 590 "http://www.secrepo.com/" "Mozilla/5.0 (Linux; Android 4.4.2; SM-P601 Build/KOT49H) AppleWebKit/537.36 (KHTML, like Gecko) Chrome/50.0.2661.89 Safari/537.36" 
223.240.60.90 - - [02/Jun/2016:08:43:58 -0700] "GET /access.log.2015-02-06.gz HTTP/1.1" 301 530 "-" "Mozilla/5.0 (Windows NT 6.1; Trident/7.0; rv:11.0) like Gecko" 
223.240.60.90 - - [02/Jun/2016:08:43:59 -0700] "GET /access.log.2015-02-06.gz HTTP/1.1" 404 340 "-" "Mozilla/5.0 (Windows NT 6.1; Trident/7.0; rv:11.0) like Gecko" 
192.173.3.108 - - [02/Jun/2016:09:02:15 -0700] "GET / HTTP/1.1" 200 9878 "https://www.google.co.uk/" "Mozilla/5.0 (Macintosh; Intel Mac OS X 10_10_5) AppleWebKit/537.36 (KHTML, like Gecko) Chrome/32.0.1700.107 Safari/537.36" 
192.173.3.108 - - [02/Jun/2016:09:02:16 -0700] "GET /twitter-icon.png HTTP/1.1" 200 27787 "http://www.secrepo.com/" "Mozilla/5.0 (Macintosh; Intel Mac OS X 10_10_5) AppleWebKit/537.36 (KHTML, like Gecko) Chrome/32.0.1700.107 Safari/537.36" 
192.173.3.108 - - [02/Jun/2016:09:02:17 -0700] "GET /GitHub-Mark.png HTTP/1.1" 200 7428 "http://www.secrepo.com/" "Mozilla/5.0 (Macintosh; Intel Mac OS X 10_10_5) AppleWebKit/537.36 (KHTML, like Gecko) Chrome/32.0.1700.107 Safari/537.36" 
192.173.3.108 - - [02/Jun/2016:09:02:18 -0700] "GET /bootstrap/img/favicon.ico HTTP/1.1" 200 589 "-" "Mozilla/5.0 (Macintosh; Intel Mac OS X 10_10_5) AppleWebKit/537.36 (KHTML, like Gecko) Chrome/32.0.1700.107 Safari/537.36" 
111.7.128.40 - - [02/Jun/2016:09:05:53 -0700] "GET /tg/a.zip HTTP/1.1" 304 132 "-" "Mozilla/5.0 Gecko/20100115 Firefox/3.6" 
223.240.60.90 - - [02/Jun/2016:09:13:06 -0700] "GET /access.log.2015-01-19.gz HTTP/1.1" 301 530 "-" "Mozilla/5.0 (Windows NT 6.1; Trident/7.0; rv:11.0) like Gecko" 
223.240.60.90 - - [02/Jun/2016:09:13:07 -0700] "GET /access.log.2015-01-19.gz HTTP/1.1" 404 340 "-" "Mozilla/5.0 (Windows NT 6.1; Trident/7.0; rv:11.0) like Gecko" 
173.76.184.243 - - [02/Jun/2016:09:30:32 -0700] "GET / HTTP/1.1" 200 9878 "-" "Mozilla/5.0 (X11; Ubuntu; Linux i686; rv:28.0) Gecko/20100101 Firefox/28.0" 
173.76.184.243 - - [02/Jun/2016:09:30:32 -0700] "GET /bootstrap/img/favicon.ico HTTP/1.1" 200 589 "-" "Mozilla/5.0 (X11; Ubuntu; Linux i686; rv:28.0) Gecko/20100101 Firefox/28.0" 
173.76.184.243 - - [02/Jun/2016:09:30:32 -0700] "GET /twitter-icon.png HTTP/1.1" 200 27787 "http://www.secrepo.com/" "Mozilla/5.0 (X11; Ubuntu; Linux i686; rv:28.0) Gecko/20100101 Firefox/28.0" 
173.76.184.243 - - [02/Jun/2016:09:30:32 -0700] "GET /GitHub-Mark.png HTTP/1.1" 200 7428 "http://www.secrepo.com/" "Mozilla/5.0 (X11; Ubuntu; Linux i686; rv:28.0) Gecko/20100101 Firefox/28.0" 
111.23.10.33 - - [02/Jun/2016:09:39:57 -0700] "GET /tg/a.zip HTTP/1.1" 304 132 "-" "Mozilla/5.0 Gecko/20100115 Firefox/3.6" 
85.103.59.11 - - [02/Jun/2016:09:42:26 -0700] "GET /bootstrap/img/favicon.ico HTTP/1.1" 200 590 "-" "Mozilla/5.0 (Windows NT 10.0; WOW64; rv:46.0) Gecko/20100101 Firefox/46.0" 
104.12.200.78 - - [02/Jun/2016:09:44:23 -0700] "GET /GitHub-Mark.png HTTP/1.1" 200 7428 "http://www.secrepo.com/" "Mozilla/5.0 (Macintosh; Intel Mac OS X 10_11_3) AppleWebKit/601.4.4 (KHTML, like Gecko) Version/9.0.3 Safari/601.4.4" 
75.166.162.236 - - [02/Jun/2016:09:45:50 -0700] "GET /bootstrap/img/favicon.ico HTTP/1.1" 200 590 "-" "Mozilla/5.0 (X11; Ubuntu; Linux x86_64; rv:46.0) Gecko/20100101 Firefox/46.0" 
104.12.200.78 - - [02/Jun/2016:09:51:59 -0700] "GET /GitHub-Mark.png HTTP/1.1" 200 7428 "http://www.secrepo.com/" "Mozilla/5.0 (Macintosh; Intel Mac OS X 10_11_3) AppleWebKit/601.4.4 (KHTML, like Gecko) Version/9.0.3 Safari/601.4.4" 
182.190.248.150 - - [02/Jun/2016:09:58:04 -0700] "GET /honeypot/Honeypot%20-%20Howto.pdf HTTP/1.1" 206 87921 "https://www.google.com.pk/" "Mozilla/5.0 (Windows NT 6.1; WOW64) AppleWebKit/537.36 (KHTML, like Gecko) Chrome/50.0.2661.102 Safari/537.36" 
182.190.248.150 - - [02/Jun/2016:09:58:03 -0700] "GET /honeypot/Honeypot%20-%20Howto.pdf HTTP/1.1" 206 265720 "https://www.google.com.pk/" "Mozilla/5.0 (Windows NT 6.1; WOW64) AppleWebKit/537.36 (KHTML, like Gecko) Chrome/50.0.2661.102 Safari/537.36" 
182.190.248.150 - - [02/Jun/2016:09:58:04 -0700] "GET /honeypot/Honeypot%20-%20Howto.pdf HTTP/1.1" 206 140220 "https://www.google.com.pk/" "Mozilla/5.0 (Windows NT 6.1; WOW64) AppleWebKit/537.36 (KHTML, like Gecko) Chrome/50.0.2661.102 Safari/537.36" 
182.190.248.150 - - [02/Jun/2016:09:58:01 -0700] "GET /honeypot/Honeypot%20-%20Howto.pdf HTTP/1.1" 200 400040 "https://www.google.com.pk/" "Mozilla/5.0 (Windows NT 6.1; WOW64) AppleWebKit/537.36 (KHTML, like Gecko) Chrome/50.0.2661.102 Safari/537.36" 
182.190.248.150 - - [02/Jun/2016:09:58:04 -0700] "GET /honeypot/Honeypot%20-%20Howto.pdf HTTP/1.1" 206 200255 "https://www.google.com.pk/" "Mozilla/5.0 (Windows NT 6.1; WOW64) AppleWebKit/537.36 (KHTML, like Gecko) Chrome/50.0.2661.102 Safari/537.36" 
182.190.248.150 - - [02/Jun/2016:09:58:04 -0700] "GET /honeypot/Honeypot%20-%20Howto.pdf HTTP/1.1" 206 167900 "https://www.google.com.pk/" "Mozilla/5.0 (Windows NT 6.1; WOW64) AppleWebKit/537.36 (KHTML, like Gecko) Chrome/50.0.2661.102 Safari/537.36" 
182.190.248.150 - - [02/Jun/2016:09:58:04 -0700] "GET /honeypot/Honeypot%20-%20Howto.pdf HTTP/1.1" 206 151840 "https://www.google.com.pk/" "Mozilla/5.0 (Windows NT 6.1; WOW64) AppleWebKit/537.36 (KHTML, like Gecko) Chrome/50.0.2661.102 Safari/537.36" 
182.190.248.150 - - [02/Jun/2016:09:58:04 -0700] "GET /honeypot/Honeypot%20-%20Howto.pdf HTTP/1.1" 206 303680 "https://www.google.com.pk/" "Mozilla/5.0 (Windows NT 6.1; WOW64) AppleWebKit/537.36 (KHTML, like Gecko) Chrome/50.0.2661.102 Safari/537.36" 
157.55.39.90 - - [02/Jun/2016:10:03:24 -0700] "GET /self.logs/error.log.2015-12-16.gz HTTP/1.1" 301 544 "-" "Mozilla/5.0 (compatible; bingbot/2.0; +http://www.bing.com/bingbot.htm)" 
164.132.161.37 - - [02/Jun/2016:10:05:40 -0700] "GET /self.logs/access.log.2015-03-10.gz HTTP/1.1" 200 13354 "-" "Mozilla/5.0 (compatible; AhrefsBot/5.1; +http://ahrefs.com/robot/)" 
66.249.83.209 - - [02/Jun/2016:10:18:37 -0700] "GET / HTTP/1.1" 200 9878 "-" "Mozilla/5.0 (X11; Linux x86_64) AppleWebKit/537.36 (KHTML, like Gecko) Chrome/49.0.2623.75 Safari/537.36 Google Favicon" 
66.249.83.209 - - [02/Jun/2016:10:18:39 -0700] "GET /bootstrap/img/favicon.ico HTTP/1.1" 200 590 "-" "Mozilla/5.0 (X11; Linux x86_64) AppleWebKit/537.36 (KHTML, like Gecko) Chrome/49.0.2623.75 Safari/537.36 Google Favicon" 
111.23.4.148 - - [02/Jun/2016:10:28:25 -0700] "GET /tg/a.zip HTTP/1.1" 304 132 "-" "Mozilla/5.0 Gecko/20100115 Firefox/3.6" 
129.74.4.120 - - [02/Jun/2016:10:29:15 -0700] "GET / HTTP/1.1" 200 9878 "https://www.google.com/" "Mozilla/5.0 (Macintosh; Intel Mac OS X 10_10_5) AppleWebKit/537.36 (KHTML, like Gecko) Chrome/39.0.2171.71 Safari/537.36" 
129.74.4.120 - - [02/Jun/2016:10:29:15 -0700] "GET /twitter-icon.png HTTP/1.1" 200 27787 "http://www.secrepo.com/" "Mozilla/5.0 (Macintosh; Intel Mac OS X 10_10_5) AppleWebKit/537.36 (KHTML, like Gecko) Chrome/39.0.2171.71 Safari/537.36" 
129.74.4.120 - - [02/Jun/2016:10:29:15 -0700] "GET /GitHub-Mark.png HTTP/1.1" 200 7428 "http://www.secrepo.com/" "Mozilla/5.0 (Macintosh; Intel Mac OS X 10_10_5) AppleWebKit/537.36 (KHTML, like Gecko) Chrome/39.0.2171.71 Safari/537.36" 
129.74.4.120 - - [02/Jun/2016:10:29:15 -0700] "GET /bootstrap/img/favicon.ico HTTP/1.1" 200 589 "-" "Mozilla/5.0 (Macintosh; Intel Mac OS X 10_10_5) AppleWebKit/537.36 (KHTML, like Gecko) Chrome/39.0.2171.71 Safari/537.36" 
223.240.60.90 - - [02/Jun/2016:10:35:37 -0700] "GET /access.log.2015-02-15.gz HTTP/1.1" 301 529 "-" "Mozilla/5.0 (Windows NT 6.1; Trident/7.0; rv:11.0) like Gecko" 
223.240.60.90 - - [02/Jun/2016:10:35:37 -0700] "GET /access.log.2015-02-15.gz HTTP/1.1" 404 340 "-" "Mozilla/5.0 (Windows NT 6.1; Trident/7.0; rv:11.0) like Gecko" 
157.55.39.90 - - [02/Jun/2016:10:37:32 -0700] "GET /self.logs/access.log.2015-12-06.gz HTTP/1.1" 301 546 "-" "Mozilla/5.0 (compatible; bingbot/2.0; +http://www.bing.com/bingbot.htm)" 
80.12.83.133 - - [02/Jun/2016:10:44:24 -0700] "GET / HTTP/1.1" 200 9878 "https://www.google.fr" "Mozilla/5.0 (Windows NT 5.2; WOW64; rv:46.0) Gecko/20100101 Firefox/46.0" 
80.12.83.133 - - [02/Jun/2016:10:44:25 -0700] "GET /twitter-icon.png HTTP/1.1" 200 27787 "http://www.secrepo.com/" "Mozilla/5.0 (Windows NT 5.2; WOW64; rv:46.0) Gecko/20100101 Firefox/46.0" 
80.12.83.133 - - [02/Jun/2016:10:44:25 -0700] "GET /GitHub-Mark.png HTTP/1.1" 200 7428 "http://www.secrepo.com/" "Mozilla/5.0 (Windows NT 5.2; WOW64; rv:46.0) Gecko/20100101 Firefox/46.0" 
80.12.83.133 - - [02/Jun/2016:10:44:25 -0700] "GET /bootstrap/img/favicon.ico HTTP/1.1" 200 589 "-" "Mozilla/5.0 (Windows NT 5.2; WOW64; rv:46.0) Gecko/20100101 Firefox/46.0" 
80.12.83.133 - - [02/Jun/2016:10:46:12 -0700] "GET /squid/access.log.gz HTTP/1.1" 200 4928942 "http://www.secrepo.com/" "Mozilla/5.0 (Windows NT 5.2; WOW64; rv:46.0) Gecko/20100101 Firefox/46.0" 
80.12.83.133 - - [02/Jun/2016:10:46:19 -0700] "GET /favicon.ico HTTP/1.1" 200 268 "-" "Mozilla/5.0 (Windows NT 5.2; WOW64; rv:46.0) Gecko/20100101 Firefox/46.0" 
157.55.39.209 - - [02/Jun/2016:10:46:22 -0700] "GET /self.logs/access.log.2015-11-17.gz HTTP/1.1" 301 546 "-" "Mozilla/5.0 (compatible; bingbot/2.0; +http://www.bing.com/bingbot.htm)" 
80.12.83.133 - - [02/Jun/2016:10:46:29 -0700] "GET /squid/access.log.gz HTTP/1.1" 200 23177322 "http://www.secrepo.com/" "Mozilla/5.0 (Windows NT 5.2; WOW64; rv:46.0) Gecko/20100101 Firefox/46.0" 
117.190.191.170 - - [02/Jun/2016:10:49:59 -0700] "GET /tg/a.zip HTTP/1.1" 304 132 "-" "Mozilla/5.0 Gecko/20100115 Firefox/3.6" 
216.38.139.26 - - [02/Jun/2016:10:54:32 -0700] "GET / HTTP/1.1" 200 9878 "http://www.mlsecproject.org/" "Mozilla/5.0 (Macintosh; Intel Mac OS X 10_11_5) AppleWebKit/537.36 (KHTML, like Gecko) Chrome/50.0.2661.102 Safari/537.36" 
216.38.139.26 - - [02/Jun/2016:10:54:34 -0700] "GET /twitter-icon.png HTTP/1.1" 200 27787 "http://www.secrepo.com/" "Mozilla/5.0 (Macintosh; Intel Mac OS X 10_11_5) AppleWebKit/537.36 (KHTML, like Gecko) Chrome/50.0.2661.102 Safari/537.36" 
216.38.139.26 - - [02/Jun/2016:10:54:34 -0700] "GET /GitHub-Mark.png HTTP/1.1" 200 7428 "http://www.secrepo.com/" "Mozilla/5.0 (Macintosh; Intel Mac OS X 10_11_5) AppleWebKit/537.36 (KHTML, like Gecko) Chrome/50.0.2661.102 Safari/537.36" 
216.38.139.26 - - [02/Jun/2016:10:54:37 -0700] "GET /bootstrap/img/favicon.ico HTTP/1.1" 200 590 "http://www.secrepo.com/" "Mozilla/5.0 (Macintosh; Intel Mac OS X 10_11_5) AppleWebKit/537.36 (KHTML, like Gecko) Chrome/50.0.2661.102 Safari/537.36" 
157.55.39.209 - - [02/Jun/2016:10:56:26 -0700] "GET / HTTP/1.1" 200 9878 "-" "Mozilla/5.0 (compatible; bingbot/2.0; +http://www.bing.com/bingbot.htm)" 
137.69.117.201 - - [02/Jun/2016:10:57:15 -0700] "GET / HTTP/1.1" 200 9878 "http://www.secrepo.com/" "Mozilla/5.0 (Macintosh; Intel Mac OS X 10_10_3) AppleWebKit/600.6.3 (KHTML, like Gecko) Version/8.0.6 Safari/600.6.3" 
137.69.117.201 - - [02/Jun/2016:10:57:15 -0700] "GET /twitter-icon.png HTTP/1.1" 200 27787 "http://www.secrepo.com/" "Mozilla/5.0 (Macintosh; Intel Mac OS X 10_10_3) AppleWebKit/600.6.3 (KHTML, like Gecko) Version/8.0.6 Safari/600.6.3" 
137.69.117.201 - - [02/Jun/2016:10:57:15 -0700] "GET /GitHub-Mark.png HTTP/1.1" 200 7428 "http://www.secrepo.com/" "Mozilla/5.0 (Macintosh; Intel Mac OS X 10_10_3) AppleWebKit/600.6.3 (KHTML, like Gecko) Version/8.0.6 Safari/600.6.3" 
137.69.117.201 - - [02/Jun/2016:10:57:16 -0700] "GET /bootstrap/img/favicon.ico HTTP/1.1" 200 589 "http://www.secrepo.com/" "Mozilla/5.0 (Macintosh; Intel Mac OS X 10_10_3) AppleWebKit/600.6.3 (KHTML, like Gecko) Version/8.0.6 Safari/600.6.3" 
223.240.60.90 - - [02/Jun/2016:10:58:51 -0700] "GET /maccdc2012/ssl.log.gz HTTP/1.1" 301 523 "-" "Mozilla/5.0 (Windows NT 6.1; Trident/7.0; rv:11.0) like Gecko" 
223.240.60.90 - - [02/Jun/2016:10:58:51 -0700] "GET /maccdc2012/ssl.log.gz HTTP/1.1" 200 1313675 "-" "Mozilla/5.0 (Windows NT 6.1; Trident/7.0; rv:11.0) like Gecko" 
223.240.60.90 - - [02/Jun/2016:10:58:55 -0700] "POST /maccdc2012/ssl.log.gz/trackback/ HTTP/1.1" 301 505 "http://secrepo.com/maccdc2012/ssl.log.gz" "Mozilla/5.0 (Windows NT 6.1; Trident/7.0; rv:11.0) like Gecko" 
98.173.216.165 - - [02/Jun/2016:11:00:34 -0700] "GET / HTTP/1.1" 200 9878 "-" "Mozilla/5.0 (Windows NT 6.1; WOW64) AppleWebKit/537.36 (KHTML, like Gecko) Chrome/50.0.2661.102 Safari/537.36" 
98.173.216.165 - - [02/Jun/2016:11:00:41 -0700] "GET /twitter-icon.png HTTP/1.1" 200 27788 "http://www.secrepo.com/" "Mozilla/5.0 (Windows NT 6.1; WOW64) AppleWebKit/537.36 (KHTML, like Gecko) Chrome/50.0.2661.102 Safari/537.36" 
98.173.216.165 - - [02/Jun/2016:11:00:45 -0700] "GET /GitHub-Mark.png HTTP/1.1" 200 7428 "http://www.secrepo.com/" "Mozilla/5.0 (Windows NT 6.1; WOW64) AppleWebKit/537.36 (KHTML, like Gecko) Chrome/50.0.2661.102 Safari/537.36" 
40.77.167.11 - - [02/Jun/2016:11:04:18 -0700] "GET /self.logs/error.log.2015-10-12.gz HTTP/1.1" 200 1991 "-" "Mozilla/5.0 (compatible; bingbot/2.0; +http://www.bing.com/bingbot.htm)" 
207.46.13.109 - - [02/Jun/2016:11:05:41 -0700] "GET /self.logs/access.log.2015-08-13.gz HTTP/1.1" 200 4659 "-" "Mozilla/5.0 (compatible; bingbot/2.0; +http://www.bing.com/bingbot.htm)" 
117.177.241.60 - - [02/Jun/2016:11:05:44 -0700] "GET /tg/a.zip HTTP/1.1" 304 132 "-" "Mozilla/5.0 Gecko/20100115 Firefox/3.6" 
157.55.39.209 - - [02/Jun/2016:11:11:58 -0700] "GET /self.logs/access.log.2015-07-15.gz HTTP/1.1" 301 546 "-" "Mozilla/5.0 (compatible; bingbot/2.0; +http://www.bing.com/bingbot.htm)" 
182.118.20.171 - - [02/Jun/2016:11:13:13 -0700] "GET /robots.txt HTTP/1.1" 200 334 "http://www.secrepo.com/robots.txt" "Mozilla/5.0 (compatible; MSIE 9.0; Windows NT 6.1; Trident/5.0); 360Spider(compatible; HaosouSpider; http://www.haosou.com/help/help_3_2.html)" 
199.190.174.120 - - [02/Jun/2016:11:17:58 -0700] "GET / HTTP/1.1" 200 9878 "-" "Mozilla/5.0 (Macintosh; Intel Mac OS X 10_10_5) AppleWebKit/537.36 (KHTML, like Gecko) Chrome/50.0.2661.102 Safari/537.36" 
199.190.174.120 - - [02/Jun/2016:11:17:59 -0700] "GET /GitHub-Mark.png HTTP/1.1" 200 7428 "http://www.secrepo.com/" "Mozilla/5.0 (Macintosh; Intel Mac OS X 10_10_5) AppleWebKit/537.36 (KHTML, like Gecko) Chrome/50.0.2661.102 Safari/537.36" 
199.190.174.120 - - [02/Jun/2016:11:17:59 -0700] "GET /twitter-icon.png HTTP/1.1" 200 27787 "http://www.secrepo.com/" "Mozilla/5.0 (Macintosh; Intel Mac OS X 10_10_5) AppleWebKit/537.36 (KHTML, like Gecko) Chrome/50.0.2661.102 Safari/537.36" 
199.190.174.120 - - [02/Jun/2016:11:17:59 -0700] "GET /bootstrap/img/favicon.ico HTTP/1.1" 200 589 "http://www.secrepo.com/" "Mozilla/5.0 (Macintosh; Intel Mac OS X 10_10_5) AppleWebKit/537.36 (KHTML, like Gecko) Chrome/50.0.2661.102 Safari/537.36" 
223.240.60.90 - - [02/Jun/2016:11:37:12 -0700] "GET /access.log.2015-02-05.gz HTTP/1.1" 301 529 "-" "Mozilla/5.0 (Windows NT 6.1; Trident/7.0; rv:11.0) like Gecko" 
223.240.60.90 - - [02/Jun/2016:11:37:12 -0700] "GET /access.log.2015-02-05.gz HTTP/1.1" 404 340 "-" "Mozilla/5.0 (Windows NT 6.1; Trident/7.0; rv:11.0) like Gecko" 
111.7.128.40 - - [02/Jun/2016:12:05:53 -0700] "GET /tg/a.zip HTTP/1.1" 304 132 "-" "Mozilla/5.0 Gecko/20100115 Firefox/3.6" 
207.46.13.109 - - [02/Jun/2016:12:12:38 -0700] "GET /self.logs/access.log.2015-07-22.gz HTTP/1.1" 200 4688 "-" "Mozilla/5.0 (compatible; bingbot/2.0; +http://www.bing.com/bingbot.htm)" 
151.80.31.155 - - [02/Jun/2016:12:14:12 -0700] "GET /robots.txt HTTP/1.1" 200 304 "-" "Mozilla/5.0 (compatible; AhrefsBot/5.1; +http://ahrefs.com/robot/)" 
51.255.65.12 - - [02/Jun/2016:12:14:20 -0700] "GET /self.logs/error.log.2015-09-20.gz HTTP/1.1" 200 780 "-" "Mozilla/5.0 (compatible; AhrefsBot/5.1; +http://ahrefs.com/robot/)" 
220.181.108.139 - - [02/Jun/2016:12:17:54 -0700] "GET / HTTP/1.1" 301 446 "-" "Mozilla/5.0 (compatible; Baiduspider/2.0; +http://www.baidu.com/search/spider.html)" 
220.181.108.140 - - [02/Jun/2016:12:17:55 -0700] "GET / HTTP/1.1" 304 152 "-" "Mozilla/5.0 (compatible; Baiduspider/2.0; +http://www.baidu.com/search/spider.html)" 
61.135.190.69 - - [02/Jun/2016:12:26:20 -0700] "GET /robots.txt HTTP/1.1" 301 465 "-" "Mozilla/5.0 (Windows NT 10.0; WOW64) AppleWebKit/537.36 (KHTML, like Gecko) Chrome/45.0.2454.93 Safari/537.36" 
61.135.190.71 - - [02/Jun/2016:12:26:21 -0700] "GET /robots.txt HTTP/1.1" 200 297 "-" "Mozilla/5.0 (Windows NT 10.0; WOW64) AppleWebKit/537.36 (KHTML, like Gecko) Chrome/45.0.2454.93 Safari/537.36" 
203.113.152.10 - - [02/Jun/2016:12:26:29 -0700] "GET / HTTP/1.1" 301 461 "-" "Mozilla/5.0 (X11; U; Linux i686; en-US) AppleWebKit/532.9 (KHTML, like Gecko) Chrome/5.0.307.11 Safari/532.9" 
203.113.152.10 - - [02/Jun/2016:12:26:30 -0700] "GET / HTTP/1.1" 200 32789 "-" "Mozilla/5.0 (X11; U; Linux i686; en-US) AppleWebKit/532.9 (KHTML, like Gecko) Chrome/5.0.307.11 Safari/532.9" 
180.76.15.23 - - [02/Jun/2016:12:26:35 -0700] "GET / HTTP/1.1" 200 21900 "-" "Mozilla/5.0 (compatible; Baiduspider/2.0; +http://www.baidu.com/search/spider.html)" 
203.113.152.10 - - [02/Jun/2016:12:26:44 -0700] "GET / HTTP/1.1" 301 461 "-" "Mozilla/5.0 (X11; U; Linux i686; en-US) AppleWebKit/532.9 (KHTML, like Gecko) Chrome/5.0.307.11 Safari/532.9" 
203.113.152.10 - - [02/Jun/2016:12:26:45 -0700] "GET / HTTP/1.1" 200 32789 "-" "Mozilla/5.0 (X11; U; Linux i686; en-US) AppleWebKit/532.9 (KHTML, like Gecko) Chrome/5.0.307.11 Safari/532.9" 
180.76.15.12 - - [02/Jun/2016:12:27:10 -0700] "GET / HTTP/1.1" 200 32789 "-" "Mozilla/5.0 (compatible; Baiduspider/2.0; +http://www.baidu.com/search/spider.html)" 
123.125.71.25 - - [02/Jun/2016:12:28:32 -0700] "GET /robots.txt HTTP/1.1" 200 297 "-" "Mozilla/5.0 (compatible; Baiduspider/2.0; +http://www.baidu.com/search/spider.html)" 
204.153.60.5 - - [02/Jun/2016:12:31:04 -0700] "GET / HTTP/1.1" 304 189 "https://www.google.com/" "Mozilla/5.0 (Windows NT 6.1; WOW64) AppleWebKit/537.36 (KHTML, like Gecko) Chrome/40.0.2214.111 Safari/537.36" 
68.180.229.239 - - [02/Jun/2016:12:31:45 -0700] "GET /maccdc2012/ftp.log.gz HTTP/1.1" 200 128060 "-" "Mozilla/5.0 (compatible; Yahoo! Slurp; http://help.yahoo.com/help/us/ysearch/slurp)" 
51.255.65.9 - - [02/Jun/2016:12:38:25 -0700] "GET /self.logs/access.log.2016-04-08.gz HTTP/1.1" 200 19890 "-" "Mozilla/5.0 (compatible; AhrefsBot/5.1; +http://ahrefs.com/robot/)" 
111.23.10.33 - - [02/Jun/2016:12:40:04 -0700] "GET /tg/a.zip HTTP/1.1" 304 132 "-" "Mozilla/5.0 Gecko/20100115 Firefox/3.6" 
207.46.13.182 - - [02/Jun/2016:12:47:31 -0700] "GET /self.logs/error.log.2015-10-10.gz HTTP/1.1" 200 847 "-" "Mozilla/5.0 (compatible; bingbot/2.0; +http://www.bing.com/bingbot.htm)" 
164.132.161.73 - - [02/Jun/2016:12:50:03 -0700] "GET /self.logs/access.log.2015-11-04.gz HTTP/1.1" 200 5869 "-" "Mozilla/5.0 (compatible; AhrefsBot/5.1; +http://ahrefs.com/robot/)" 
84.119.124.244 - - [02/Jun/2016:12:54:59 -0700] "GET /honeypot/Honeypot%20-%20Howto.pdf HTTP/1.1" 418 695 "() { :;}; echo 'Shellshock: Vulnerable'" "Mozilla/5.0 (Windows NT 6.1; WOW64; rv:29.0) Gecko/20100101 Firefox/29.0" 
157.55.39.209 - - [02/Jun/2016:12:56:25 -0700] "GET /self.logs/access.log.2015-07-12.gz HTTP/1.1" 200 4577 "-" "Mozilla/5.0 (compatible; bingbot/2.0; +http://www.bing.com/bingbot.htm)" 
72.222.74.13 - - [02/Jun/2016:12:58:15 -0700] "GET / HTTP/1.1" 200 9878 "https://www.google.com/" "Mozilla/5.0 (Macintosh; Intel Mac OS X 10_10_3) AppleWebKit/600.5.17 (KHTML, like Gecko) Version/8.0.5 Safari/600.5.17" 
72.222.74.13 - - [02/Jun/2016:12:58:15 -0700] "GET /twitter-icon.png HTTP/1.1" 200 27787 "http://www.secrepo.com/" "Mozilla/5.0 (Macintosh; Intel Mac OS X 10_10_3) AppleWebKit/600.5.17 (KHTML, like Gecko) Version/8.0.5 Safari/600.5.17" 
72.222.74.13 - - [02/Jun/2016:12:58:16 -0700] "GET /GitHub-Mark.png HTTP/1.1" 200 7428 "http://www.secrepo.com/" "Mozilla/5.0 (Macintosh; Intel Mac OS X 10_10_3) AppleWebKit/600.5.17 (KHTML, like Gecko) Version/8.0.5 Safari/600.5.17" 
72.222.74.13 - - [02/Jun/2016:12:58:18 -0700] "GET /bootstrap/img/favicon.ico HTTP/1.1" 200 590 "http://www.secrepo.com/" "Mozilla/5.0 (Macintosh; Intel Mac OS X 10_10_3) AppleWebKit/600.5.17 (KHTML, like Gecko) Version/8.0.5 Safari/600.5.17" 
188.166.217.166 - - [02/Jun/2016:13:10:32 -0700] "GET /honeypot/Honeypot - Howto.pdf HTTP/1.1" 418 695 "http://www.glassdoor.aero.hu/getold/wp-admin.jsf" "() { foo;};echo; /bin/bash -c \"expr 299663299665 / 3; echo CMD:;id; echo END_CMD:;\"" 
40.77.167.5 - - [02/Jun/2016:13:15:12 -0700] "GET /self.logs/access.log.2015-11-29.gz HTTP/1.1" 301 546 "-" "Mozilla/5.0 (compatible; bingbot/2.0; +http://www.bing.com/bingbot.htm)" 
188.166.217.166 - - [02/Jun/2016:13:15:52 -0700] "GET /honeypot/Honeypot - Howto.pdf HTTP/1.1" 418 695 "http://www.zillow.aero.sr/account/search.xml" "() { foo;};echo; /bin/bash -c \"expr 299663299665 / 3; echo CMD:;id; echo END_CMD:;\"" 
141.8.143.159 - - [02/Jun/2016:13:16:12 -0700] "GET /robots.txt HTTP/1.1" 200 289 "-" "Mozilla/5.0 (compatible; YandexBot/3.0; +http://yandex.com/bots)" 
141.8.143.159 - - [02/Jun/2016:13:16:16 -0700] "GET /honeypot/BSidesDFW%20-%202014.ipynb HTTP/1.1" 200 930836 "-" "Mozilla/5.0 (compatible; YandexBot/3.0; +http://yandex.com/bots)" 
208.115.113.86 - - [02/Jun/2016:13:18:20 -0700] "GET /robots.txt HTTP/1.1" 200 233 "-" "Mozilla/5.0 (compatible; DotBot/1.1; http://www.opensiteexplorer.org/dotbot, help@moz.com)" 
141.8.143.159 - - [02/Jun/2016:13:27:18 -0700] "GET /honeypot/Honeypot%20-%20Howto.pdf HTTP/1.1" 200 1279418 "-" "Mozilla/5.0 (compatible; YandexBot/3.0; +http://yandex.com/bots)" 
111.23.4.148 - - [02/Jun/2016:13:28:26 -0700] "GET /tg/a.zip HTTP/1.1" 304 132 "-" "Mozilla/5.0 Gecko/20100115 Firefox/3.6" 
141.8.143.159 - - [02/Jun/2016:13:29:23 -0700] "GET /self.logs/ HTTP/1.1" 200 10490 "-" "Mozilla/5.0 (compatible; YandexBot/3.0; +http://yandex.com/bots)" 
40.77.167.11 - - [02/Jun/2016:13:31:24 -0700] "GET /self.logs/ HTTP/1.1" 200 10490 "-" "Mozilla/5.0 (compatible; bingbot/2.0; +http://www.bing.com/bingbot.htm)" 
40.77.167.11 - - [02/Jun/2016:13:31:24 -0700] "GET /self.logs/?C=S;O=A HTTP/1.1" 200 11723 "-" "Mozilla/5.0 (compatible; bingbot/2.0; +http://www.bing.com/bingbot.htm)" 
40.77.167.11 - - [02/Jun/2016:13:31:24 -0700] "GET /self.logs/?C=M;O=D HTTP/1.1" 200 10693 "-" "Mozilla/5.0 (compatible; bingbot/2.0; +http://www.bing.com/bingbot.htm)" 
207.46.13.182 - - [02/Jun/2016:13:31:37 -0700] "GET /self.logs/?C=N;O=D HTTP/1.1" 200 10531 "-" "Mozilla/5.0 (compatible; bingbot/2.0; +http://www.bing.com/bingbot.htm)" 
207.46.13.182 - - [02/Jun/2016:13:31:37 -0700] "GET /self.logs/error.log.2016-01-19.gz HTTP/1.1" 200 683 "-" "Mozilla/5.0 (compatible; bingbot/2.0; +http://www.bing.com/bingbot.htm)" 
207.46.13.182 - - [02/Jun/2016:13:31:37 -0700] "GET /self.logs/?C=D;O=D HTTP/1.1" 200 10530 "-" "Mozilla/5.0 (compatible; bingbot/2.0; +http://www.bing.com/bingbot.htm)" 
40.77.167.5 - - [02/Jun/2016:13:31:55 -0700] "GET /self.logs/access.log.2016-01-22.gz HTTP/1.1" 200 5675 "-" "Mozilla/5.0 (compatible; bingbot/2.0; +http://www.bing.com/bingbot.htm)" 
40.77.167.5 - - [02/Jun/2016:13:31:55 -0700] "GET /self.logs/?C=N;O=A HTTP/1.1" 200 10489 "-" "Mozilla/5.0 (compatible; bingbot/2.0; +http://www.bing.com/bingbot.htm)" 
