123.120.31.95 - - [10/Jan/2017:08:43:00 -0800] "GET /maccdc2012/conn.log.gz HTTP/1.1" 206 58849 "http://www.secrepo.com/" "Mozilla/4.0 (compatible; MSIE 7.0; Windows NT 6.2; WOW64; Trident/7.0; .NET4.0C; .NET4.0E; Tablet PC 2.0; .NET CLR 2.0.50727; .NET CLR 3.0.30729; .NET CLR 3.5.30729)" 
124.95.156.118 - - [10/Jan/2017:08:42:59 -0800] "GET /squid/access.log.gz HTTP/1.1" 206 262503 "-" "Mozilla/5.0 (Linux; Android) AppleWebKit/537.36 (KHTML, like Gecko) Chrome/34.0.1847.131 Safari/537.36" 
124.95.156.118 - - [10/Jan/2017:08:42:59 -0800] "GET /squid/access.log.gz HTTP/1.1" 206 262503 "-" "Mozilla/5.0 (Linux; Android) AppleWebKit/537.36 (KHTML, like Gecko) Chrome/34.0.1847.131 Safari/537.36" 
124.95.156.118 - - [10/Jan/2017:08:43:00 -0800] "GET /squid/access.log.gz HTTP/1.1" 206 262503 "-" "Mozilla/5.0 (Linux; Android) AppleWebKit/537.36 (KHTML, like Gecko) Chrome/34.0.1847.131 Safari/537.36" 
123.120.31.95 - - [10/Jan/2017:08:43:01 -0800] "GET /maccdc2012/conn.log.gz HTTP/1.1" 206 18220 "http://www.secrepo.com/" "Mozilla/4.0 (compatible; MSIE 7.0; Windows NT 6.2; WOW64; Trident/7.0; .NET4.0C; .NET4.0E; Tablet PC 2.0; .NET CLR 2.0.50727; .NET CLR 3.0.30729; .NET CLR 3.5.30729)" 
124.95.156.118 - - [10/Jan/2017:08:42:55 -0800] "GET /squid/access.log.gz HTTP/1.1" 200 2969640 "-" "Mozilla/5.0 (Linux; Android) AppleWebKit/537.36 (KHTML, like Gecko) Chrome/34.0.1847.131 Safari/537.36" 
123.120.31.95 - - [10/Jan/2017:08:43:01 -0800] "GET /maccdc2012/conn.log.gz HTTP/1.1" 206 39149 "http://www.secrepo.com/" "Mozilla/4.0 (compatible; MSIE 7.0; Windows NT 6.2; WOW64; Trident/7.0; .NET4.0C; .NET4.0E; Tablet PC 2.0; .NET CLR 2.0.50727; .NET CLR 3.0.30729; .NET CLR 3.5.30729)" 
123.120.31.95 - - [10/Jan/2017:08:43:01 -0800] "GET /maccdc2012/conn.log.gz HTTP/1.1" 206 33133 "http://www.secrepo.com/" "Mozilla/4.0 (compatible; MSIE 7.0; Windows NT 6.2; WOW64; Trident/7.0; .NET4.0C; .NET4.0E; Tablet PC 2.0; .NET CLR 2.0.50727; .NET CLR 3.0.30729; .NET CLR 3.5.30729)" 
123.120.31.95 - - [10/Jan/2017:08:43:01 -0800] "GET /maccdc2012/conn.log.gz HTTP/1.1" 206 39148 "http://www.secrepo.com/" "Mozilla/4.0 (compatible; MSIE 7.0; Windows NT 6.2; WOW64; Trident/7.0; .NET4.0C; .NET4.0E; Tablet PC 2.0; .NET CLR 2.0.50727; .NET CLR 3.0.30729; .NET CLR 3.5.30729)" 
123.120.31.95 - - [10/Jan/2017:08:43:01 -0800] "GET /maccdc2012/conn.log.gz HTTP/1.1" 206 33132 "http://www.secrepo.com/" "Mozilla/4.0 (compatible; MSIE 7.0; Windows NT 6.2; WOW64; Trident/7.0; .NET4.0C; .NET4.0E; Tablet PC 2.0; .NET CLR 2.0.50727; .NET CLR 3.0.30729; .NET CLR 3.5.30729)" 
123.120.31.95 - - [10/Jan/2017:08:43:02 -0800] "GET /maccdc2012/conn.log.gz HTTP/1.1" 206 39148 "http://www.secrepo.com/" "Mozilla/4.0 (compatible; MSIE 7.0; Windows NT 6.2; WOW64; Trident/7.0; .NET4.0C; .NET4.0E; Tablet PC 2.0; .NET CLR 2.0.50727; .NET CLR 3.0.30729; .NET CLR 3.5.30729)" 
123.120.31.95 - - [10/Jan/2017:08:43:02 -0800] "GET /maccdc2012/conn.log.gz HTTP/1.1" 206 33132 "http://www.secrepo.com/" "Mozilla/4.0 (compatible; MSIE 7.0; Windows NT 6.2; WOW64; Trident/7.0; .NET4.0C; .NET4.0E; Tablet PC 2.0; .NET CLR 2.0.50727; .NET CLR 3.0.30729; .NET CLR 3.5.30729)" 
123.120.31.95 - - [10/Jan/2017:08:43:02 -0800] "GET /maccdc2012/conn.log.gz HTTP/1.1" 206 41641 "http://www.secrepo.com/" "Mozilla/4.0 (compatible; MSIE 7.0; Windows NT 6.2; WOW64; Trident/7.0; .NET4.0C; .NET4.0E; Tablet PC 2.0; .NET CLR 2.0.50727; .NET CLR 3.0.30729; .NET CLR 3.5.30729)" 
123.120.31.95 - - [10/Jan/2017:08:43:02 -0800] "GET /maccdc2012/conn.log.gz HTTP/1.1" 206 60984 "http://www.secrepo.com/" "Mozilla/4.0 (compatible; MSIE 7.0; Windows NT 6.2; WOW64; Trident/7.0; .NET4.0C; .NET4.0E; Tablet PC 2.0; .NET CLR 2.0.50727; .NET CLR 3.0.30729; .NET CLR 3.5.30729)" 
124.95.156.118 - - [10/Jan/2017:08:43:01 -0800] "GET /squid/access.log.gz HTTP/1.1" 206 328039 "-" "Mozilla/5.0 (Linux; Android) AppleWebKit/537.36 (KHTML, like Gecko) Chrome/34.0.1847.131 Safari/537.36" 
123.120.31.95 - - [10/Jan/2017:08:43:02 -0800] "GET /maccdc2012/conn.log.gz HTTP/1.1" 206 33133 "http://www.secrepo.com/" "Mozilla/4.0 (compatible; MSIE 7.0; Windows NT 6.2; WOW64; Trident/7.0; .NET4.0C; .NET4.0E; Tablet PC 2.0; .NET CLR 2.0.50727; .NET CLR 3.0.30729; .NET CLR 3.5.30729)" 
124.95.156.118 - - [10/Jan/2017:08:43:02 -0800] "GET /squid/access.log.gz HTTP/1.1" 206 262503 "-" "Mozilla/5.0 (Linux; Android) AppleWebKit/537.36 (KHTML, like Gecko) Chrome/34.0.1847.131 Safari/537.36" 
124.95.156.118 - - [10/Jan/2017:08:43:02 -0800] "GET /squid/access.log.gz HTTP/1.1" 206 262503 "-" "Mozilla/5.0 (Linux; Android) AppleWebKit/537.36 (KHTML, like Gecko) Chrome/34.0.1847.131 Safari/537.36" 
124.95.156.118 - - [10/Jan/2017:08:42:59 -0800] "GET /squid/access.log.gz HTTP/1.1" 206 262503 "-" "Mozilla/5.0 (Linux; Android) AppleWebKit/537.36 (KHTML, like Gecko) Chrome/34.0.1847.131 Safari/537.36" 
124.95.156.118 - - [10/Jan/2017:08:43:03 -0800] "GET /squid/access.log.gz HTTP/1.1" 206 328039 "-" "Mozilla/5.0 (Linux; Android) AppleWebKit/537.36 (KHTML, like Gecko) Chrome/34.0.1847.131 Safari/537.36" 
123.120.31.95 - - [10/Jan/2017:08:41:31 -0800] "GET /tg/tg_snort_fast.7z HTTP/1.1" 206 1004784 "http://www.secrepo.com/" "Mozilla/4.0 (compatible; MSIE 7.0; Windows NT 6.2; WOW64; Trident/7.0; .NET4.0C; .NET4.0E; Tablet PC 2.0; .NET CLR 2.0.50727; .NET CLR 3.0.30729; .NET CLR 3.5.30729)" 
124.95.156.118 - - [10/Jan/2017:08:43:04 -0800] "GET /squid/access.log.gz HTTP/1.1" 206 262503 "-" "Mozilla/5.0 (Linux; Android) AppleWebKit/537.36 (KHTML, like Gecko) Chrome/34.0.1847.131 Safari/537.36" 
124.95.156.118 - - [10/Jan/2017:08:43:04 -0800] "GET /squid/access.log.gz HTTP/1.1" 206 262503 "-" "Mozilla/5.0 (Linux; Android) AppleWebKit/537.36 (KHTML, like Gecko) Chrome/34.0.1847.131 Safari/537.36" 
124.95.156.118 - - [10/Jan/2017:08:43:05 -0800] "GET /squid/access.log.gz HTTP/1.1" 206 262503 "-" "Mozilla/5.0 (Linux; Android) AppleWebKit/537.36 (KHTML, like Gecko) Chrome/34.0.1847.131 Safari/537.36" 
123.120.31.95 - - [10/Jan/2017:08:42:25 -0800] "GET /Security-Data-Analysis/Lab_1/conn.log.zip HTTP/1.1" 206 114469872 "http://www.secrepo.com/" "Mozilla/4.0 (compatible; MSIE 7.0; Windows NT 6.2; WOW64; Trident/7.0; .NET4.0C; .NET4.0E; Tablet PC 2.0; .NET CLR 2.0.50727; .NET CLR 3.0.30729; .NET CLR 3.5.30729)" 
124.95.156.118 - - [10/Jan/2017:08:43:01 -0800] "GET /squid/access.log.gz HTTP/1.1" 206 262504 "-" "Mozilla/5.0 (Linux; Android) AppleWebKit/537.36 (KHTML, like Gecko) Chrome/34.0.1847.131 Safari/537.36" 
124.95.156.140 - - [10/Jan/2017:08:43:14 -0800] "GET /domaindata/domainmovement.zip HTTP/1.1" 206 262484 "-" "Mozilla/5.0 (Linux; Android) AppleWebKit/537.36 (KHTML, like Gecko) Chrome/34.0.1847.131 Safari/537.36" 
124.95.156.140 - - [10/Jan/2017:08:43:14 -0800] "GET /domaindata/domainmovement.zip HTTP/1.1" 206 262484 "-" "Mozilla/5.0 (Linux; Android) AppleWebKit/537.36 (KHTML, like Gecko) Chrome/34.0.1847.131 Safari/537.36" 
124.95.156.140 - - [10/Jan/2017:08:43:14 -0800] "GET /domaindata/domainmovement.zip HTTP/1.1" 206 262484 "-" "Mozilla/5.0 (Linux; Android) AppleWebKit/537.36 (KHTML, like Gecko) Chrome/34.0.1847.131 Safari/537.36" 
124.95.156.140 - - [10/Jan/2017:08:43:14 -0800] "GET /domaindata/domainmovement.zip HTTP/1.1" 206 262484 "-" "Mozilla/5.0 (Linux; Android) AppleWebKit/537.36 (KHTML, like Gecko) Chrome/34.0.1847.131 Safari/537.36" 
124.95.156.140 - - [10/Jan/2017:08:43:17 -0800] "GET /domaindata/domainmovement.zip HTTP/1.1" 206 262483 "-" "Mozilla/5.0 (Linux; Android) AppleWebKit/537.36 (KHTML, like Gecko) Chrome/34.0.1847.131 Safari/537.36" 
124.95.156.140 - - [10/Jan/2017:08:43:17 -0800] "GET /domaindata/domainmovement.zip HTTP/1.1" 206 262483 "-" "Mozilla/5.0 (Linux; Android) AppleWebKit/537.36 (KHTML, like Gecko) Chrome/34.0.1847.131 Safari/537.36" 
124.95.156.140 - - [10/Jan/2017:08:43:17 -0800] "GET /domaindata/domainmovement.zip HTTP/1.1" 206 262483 "-" "Mozilla/5.0 (Linux; Android) AppleWebKit/537.36 (KHTML, like Gecko) Chrome/34.0.1847.131 Safari/537.36" 
124.95.156.140 - - [10/Jan/2017:08:43:17 -0800] "GET /domaindata/domainmovement.zip HTTP/1.1" 206 262483 "-" "Mozilla/5.0 (Linux; Android) AppleWebKit/537.36 (KHTML, like Gecko) Chrome/34.0.1847.131 Safari/537.36" 
124.95.156.140 - - [10/Jan/2017:08:43:18 -0800] "GET /domaindata/domainmovement.zip HTTP/1.1" 206 262483 "-" "Mozilla/5.0 (Linux; Android) AppleWebKit/537.36 (KHTML, like Gecko) Chrome/34.0.1847.131 Safari/537.36" 
124.95.156.140 - - [10/Jan/2017:08:43:18 -0800] "GET /domaindata/domainmovement.zip HTTP/1.1" 206 262483 "-" "Mozilla/5.0 (Linux; Android) AppleWebKit/537.36 (KHTML, like Gecko) Chrome/34.0.1847.131 Safari/537.36" 
124.95.156.140 - - [10/Jan/2017:08:43:19 -0800] "GET /domaindata/domainmovement.zip HTTP/1.1" 206 262483 "-" "Mozilla/5.0 (Linux; Android) AppleWebKit/537.36 (KHTML, like Gecko) Chrome/34.0.1847.131 Safari/537.36" 
124.95.156.140 - - [10/Jan/2017:08:43:19 -0800] "GET /domaindata/domainmovement.zip HTTP/1.1" 206 262483 "-" "Mozilla/5.0 (Linux; Android) AppleWebKit/537.36 (KHTML, like Gecko) Chrome/34.0.1847.131 Safari/537.36" 
124.95.156.140 - - [10/Jan/2017:08:43:19 -0800] "GET /domaindata/domainmovement.zip HTTP/1.1" 206 262483 "-" "Mozilla/5.0 (Linux; Android) AppleWebKit/537.36 (KHTML, like Gecko) Chrome/34.0.1847.131 Safari/537.36" 
124.95.156.140 - - [10/Jan/2017:08:43:19 -0800] "GET /domaindata/domainmovement.zip HTTP/1.1" 206 262483 "-" "Mozilla/5.0 (Linux; Android) AppleWebKit/537.36 (KHTML, like Gecko) Chrome/34.0.1847.131 Safari/537.36" 
123.120.31.95 - - [10/Jan/2017:08:42:28 -0800] "GET /Security-Data-Analysis/Lab_1/conn.log.zip HTTP/1.1" 206 70995540 "http://www.secrepo.com/" "Mozilla/4.0 (compatible; MSIE 7.0; Windows NT 6.2; WOW64; Trident/7.0; .NET4.0C; .NET4.0E; Tablet PC 2.0; .NET CLR 2.0.50727; .NET CLR 3.0.30729; .NET CLR 3.5.30729)" 
66.102.7.191 - - [10/Jan/2017:08:43:25 -0800] "GET / HTTP/1.1" 200 10267 "-" "Mozilla/5.0 (X11; Linux x86_64) AppleWebKit/537.36 (KHTML, like Gecko) Chrome/49.0.2623.75 Safari/537.36 Google Favicon" 
66.102.7.191 - - [10/Jan/2017:08:43:25 -0800] "GET /bootstrap/img/favicon.ico HTTP/1.1" 200 589 "-" "Mozilla/5.0 (X11; Linux x86_64) AppleWebKit/537.36 (KHTML, like Gecko) Chrome/49.0.2623.75 Safari/537.36 Google Favicon" 
123.120.31.95 - - [10/Jan/2017:08:42:27 -0800] "GET /Security-Data-Analysis/Lab_1/conn.log.zip HTTP/1.1" 206 109344237 "http://www.secrepo.com/" "Mozilla/4.0 (compatible; MSIE 7.0; Windows NT 6.2; WOW64; Trident/7.0; .NET4.0C; .NET4.0E; Tablet PC 2.0; .NET CLR 2.0.50727; .NET CLR 3.0.30729; .NET CLR 3.5.30729)" 
123.120.31.95 - - [10/Jan/2017:08:42:23 -0800] "GET /Security-Data-Analysis/Lab_1/conn.log.zip HTTP/1.1" 200 112377540 "http://www.secrepo.com/" "Mozilla/4.0 (compatible; MSIE 7.0; Windows NT 6.2; WOW64; Trident/7.0; .NET4.0C; .NET4.0E; Tablet PC 2.0; .NET CLR 2.0.50727; .NET CLR 3.0.30729; .NET CLR 3.5.30729)" 
123.120.31.95 - - [10/Jan/2017:08:42:28 -0800] "GET /Security-Data-Analysis/Lab_1/conn.log.zip HTTP/1.1" 206 89132472 "http://www.secrepo.com/" "Mozilla/4.0 (compatible; MSIE 7.0; Windows NT 6.2; WOW64; Trident/7.0; .NET4.0C; .NET4.0E; Tablet PC 2.0; .NET CLR 2.0.50727; .NET CLR 3.0.30729; .NET CLR 3.5.30729)" 
123.120.31.95 - - [10/Jan/2017:08:43:27 -0800] "GET /Security-Data-Analysis/Lab_1/conn.log.zip HTTP/1.1" 206 13836847 "http://www.secrepo.com/" "Mozilla/4.0 (compatible; MSIE 7.0; Windows NT 6.2; WOW64; Trident/7.0; .NET4.0C; .NET4.0E; Tablet PC 2.0; .NET CLR 2.0.50727; .NET CLR 3.0.30729; .NET CLR 3.5.30729)" 
123.120.31.95 - - [10/Jan/2017:08:43:08 -0800] "GET /Security-Data-Analysis/Lab_1/conn.log.zip HTTP/1.1" 206 31287696 "http://www.secrepo.com/" "Mozilla/4.0 (compatible; MSIE 7.0; Windows NT 6.2; WOW64; Trident/7.0; .NET4.0C; .NET4.0E; Tablet PC 2.0; .NET CLR 2.0.50727; .NET CLR 3.0.30729; .NET CLR 3.5.30729)" 
124.95.156.141 - - [10/Jan/2017:08:43:32 -0800] "GET /Security-Data-Analysis/Lab_1/conn.log.zip HTTP/1.1" 206 262511 "-" "Mozilla/5.0 (Linux; Android) AppleWebKit/537.36 (KHTML, like Gecko) Chrome/34.0.1847.131 Safari/537.36" 
124.95.156.141 - - [10/Jan/2017:08:43:32 -0800] "GET /Security-Data-Analysis/Lab_1/conn.log.zip HTTP/1.1" 206 262511 "-" "Mozilla/5.0 (Linux; Android) AppleWebKit/537.36 (KHTML, like Gecko) Chrome/34.0.1847.131 Safari/537.36" 
124.95.156.141 - - [10/Jan/2017:08:43:32 -0800] "GET /Security-Data-Analysis/Lab_1/conn.log.zip HTTP/1.1" 206 262511 "-" "Mozilla/5.0 (Linux; Android) AppleWebKit/537.36 (KHTML, like Gecko) Chrome/34.0.1847.131 Safari/537.36" 
124.95.156.141 - - [10/Jan/2017:08:43:32 -0800] "GET /Security-Data-Analysis/Lab_1/conn.log.zip HTTP/1.1" 206 262511 "-" "Mozilla/5.0 (Linux; Android) AppleWebKit/537.36 (KHTML, like Gecko) Chrome/34.0.1847.131 Safari/537.36" 
123.120.31.95 - - [10/Jan/2017:08:43:34 -0800] "GET /Security-Data-Analysis/Lab_1/conn.log.zip HTTP/1.1" 206 1852900 "http://www.secrepo.com/" "Mozilla/4.0 (compatible; MSIE 7.0; Windows NT 6.2; WOW64; Trident/7.0; .NET4.0C; .NET4.0E; Tablet PC 2.0; .NET CLR 2.0.50727; .NET CLR 3.0.30729; .NET CLR 3.5.30729)" 
123.120.31.95 - - [10/Jan/2017:08:43:21 -0800] "GET /Security-Data-Analysis/Lab_1/conn.log.zip HTTP/1.1" 206 17953980 "http://www.secrepo.com/" "Mozilla/4.0 (compatible; MSIE 7.0; Windows NT 6.2; WOW64; Trident/7.0; .NET4.0C; .NET4.0E; Tablet PC 2.0; .NET CLR 2.0.50727; .NET CLR 3.0.30729; .NET CLR 3.5.30729)" 
123.120.31.95 - - [10/Jan/2017:08:43:29 -0800] "GET /Security-Data-Analysis/Lab_1/conn.log.zip HTTP/1.1" 206 800052 "http://www.secrepo.com/" "Mozilla/4.0 (compatible; MSIE 7.0; Windows NT 6.2; WOW64; Trident/7.0; .NET4.0C; .NET4.0E; Tablet PC 2.0; .NET CLR 2.0.50727; .NET CLR 3.0.30729; .NET CLR 3.5.30729)" 
124.95.156.141 - - [10/Jan/2017:08:43:35 -0800] "GET /Security-Data-Analysis/Lab_1/conn.log.zip HTTP/1.1" 206 262510 "-" "Mozilla/5.0 (Linux; Android) AppleWebKit/537.36 (KHTML, like Gecko) Chrome/34.0.1847.131 Safari/537.36" 
124.95.156.141 - - [10/Jan/2017:08:43:35 -0800] "GET /Security-Data-Analysis/Lab_1/conn.log.zip HTTP/1.1" 206 262510 "-" "Mozilla/5.0 (Linux; Android) AppleWebKit/537.36 (KHTML, like Gecko) Chrome/34.0.1847.131 Safari/537.36" 
124.95.156.141 - - [10/Jan/2017:08:43:35 -0800] "GET /Security-Data-Analysis/Lab_1/conn.log.zip HTTP/1.1" 206 262510 "-" "Mozilla/5.0 (Linux; Android) AppleWebKit/537.36 (KHTML, like Gecko) Chrome/34.0.1847.131 Safari/537.36" 
124.95.156.141 - - [10/Jan/2017:08:43:35 -0800] "GET /Security-Data-Analysis/Lab_1/conn.log.zip HTTP/1.1" 206 262510 "-" "Mozilla/5.0 (Linux; Android) AppleWebKit/537.36 (KHTML, like Gecko) Chrome/34.0.1847.131 Safari/537.36" 
124.95.156.141 - - [10/Jan/2017:08:43:37 -0800] "GET /Security-Data-Analysis/Lab_1/conn.log.zip HTTP/1.1" 206 262510 "-" "Mozilla/5.0 (Linux; Android) AppleWebKit/537.36 (KHTML, like Gecko) Chrome/34.0.1847.131 Safari/537.36" 
124.95.156.141 - - [10/Jan/2017:08:43:37 -0800] "GET /Security-Data-Analysis/Lab_1/conn.log.zip HTTP/1.1" 206 262510 "-" "Mozilla/5.0 (Linux; Android) AppleWebKit/537.36 (KHTML, like Gecko) Chrome/34.0.1847.131 Safari/537.36" 
124.95.156.141 - - [10/Jan/2017:08:43:37 -0800] "GET /Security-Data-Analysis/Lab_1/conn.log.zip HTTP/1.1" 206 262510 "-" "Mozilla/5.0 (Linux; Android) AppleWebKit/537.36 (KHTML, like Gecko) Chrome/34.0.1847.131 Safari/537.36" 
124.95.156.141 - - [10/Jan/2017:08:43:38 -0800] "GET /Security-Data-Analysis/Lab_1/conn.log.zip HTTP/1.1" 206 328046 "-" "Mozilla/5.0 (Linux; Android) AppleWebKit/537.36 (KHTML, like Gecko) Chrome/34.0.1847.131 Safari/537.36" 
123.120.31.95 - - [10/Jan/2017:08:43:33 -0800] "GET /Security-Data-Analysis/Lab_1/conn.log.zip HTTP/1.1" 206 1706100 "http://www.secrepo.com/" "Mozilla/4.0 (compatible; MSIE 7.0; Windows NT 6.2; WOW64; Trident/7.0; .NET4.0C; .NET4.0E; Tablet PC 2.0; .NET CLR 2.0.50727; .NET CLR 3.0.30729; .NET CLR 3.5.30729)" 
124.95.156.141 - - [10/Jan/2017:08:43:39 -0800] "GET /Security-Data-Analysis/Lab_1/conn.log.zip HTTP/1.1" 206 328046 "-" "Mozilla/5.0 (Linux; Android) AppleWebKit/537.36 (KHTML, like Gecko) Chrome/34.0.1847.131 Safari/537.36" 
124.95.156.141 - - [10/Jan/2017:08:43:39 -0800] "GET /Security-Data-Analysis/Lab_1/conn.log.zip HTTP/1.1" 206 459118 "-" "Mozilla/5.0 (Linux; Android) AppleWebKit/537.36 (KHTML, like Gecko) Chrome/34.0.1847.131 Safari/537.36" 
124.95.156.141 - - [10/Jan/2017:08:43:37 -0800] "GET /Security-Data-Analysis/Lab_1/conn.log.zip HTTP/1.1" 206 262510 "-" "Mozilla/5.0 (Linux; Android) AppleWebKit/537.36 (KHTML, like Gecko) Chrome/34.0.1847.131 Safari/537.36" 
123.120.31.95 - - [10/Jan/2017:08:43:35 -0800] "GET /Security-Data-Analysis/Lab_1/conn.log.zip HTTP/1.1" 206 1235529 "http://www.secrepo.com/" "Mozilla/4.0 (compatible; MSIE 7.0; Windows NT 6.2; WOW64; Trident/7.0; .NET4.0C; .NET4.0E; Tablet PC 2.0; .NET CLR 2.0.50727; .NET CLR 3.0.30729; .NET CLR 3.5.30729)" 
124.95.156.141 - - [10/Jan/2017:08:43:41 -0800] "GET /Security-Data-Analysis/Lab_1/conn.log.zip HTTP/1.1" 206 524654 "-" "Mozilla/5.0 (Linux; Android) AppleWebKit/537.36 (KHTML, like Gecko) Chrome/34.0.1847.131 Safari/537.36" 
123.120.31.95 - - [10/Jan/2017:08:43:39 -0800] "GET /Security-Data-Analysis/Lab_1/conn.log.zip HTTP/1.1" 206 958514 "http://www.secrepo.com/" "Mozilla/4.0 (compatible; MSIE 7.0; Windows NT 6.2; WOW64; Trident/7.0; .NET4.0C; .NET4.0E; Tablet PC 2.0; .NET CLR 2.0.50727; .NET CLR 3.0.30729; .NET CLR 3.5.30729)" 
124.95.156.141 - - [10/Jan/2017:08:43:41 -0800] "GET /Security-Data-Analysis/Lab_1/conn.log.zip HTTP/1.1" 206 328046 "-" "Mozilla/5.0 (Linux; Android) AppleWebKit/537.36 (KHTML, like Gecko) Chrome/34.0.1847.131 Safari/537.36" 
123.120.31.95 - - [10/Jan/2017:08:43:34 -0800] "GET /Security-Data-Analysis/Lab_1/conn.log.zip HTTP/1.1" 206 2474169 "http://www.secrepo.com/" "Mozilla/4.0 (compatible; MSIE 7.0; Windows NT 6.2; WOW64; Trident/7.0; .NET4.0C; .NET4.0E; Tablet PC 2.0; .NET CLR 2.0.50727; .NET CLR 3.0.30729; .NET CLR 3.5.30729)" 
123.120.31.95 - - [10/Jan/2017:08:43:41 -0800] "GET /Security-Data-Analysis/Lab_1/conn.log.zip HTTP/1.1" 206 422156 "http://www.secrepo.com/" "Mozilla/4.0 (compatible; MSIE 7.0; Windows NT 6.2; WOW64; Trident/7.0; .NET4.0C; .NET4.0E; Tablet PC 2.0; .NET CLR 2.0.50727; .NET CLR 3.0.30729; .NET CLR 3.5.30729)" 
123.120.31.95 - - [10/Jan/2017:08:43:42 -0800] "GET /Security-Data-Analysis/Lab_1/conn.log.zip HTTP/1.1" 206 126797 "http://www.secrepo.com/" "Mozilla/4.0 (compatible; MSIE 7.0; Windows NT 6.2; WOW64; Trident/7.0; .NET4.0C; .NET4.0E; Tablet PC 2.0; .NET CLR 2.0.50727; .NET CLR 3.0.30729; .NET CLR 3.5.30729)" 
123.120.31.95 - - [10/Jan/2017:08:43:42 -0800] "GET /Security-Data-Analysis/Lab_1/conn.log.zip HTTP/1.1" 206 88565 "http://www.secrepo.com/" "Mozilla/4.0 (compatible; MSIE 7.0; Windows NT 6.2; WOW64; Trident/7.0; .NET4.0C; .NET4.0E; Tablet PC 2.0; .NET CLR 2.0.50727; .NET CLR 3.0.30729; .NET CLR 3.5.30729)" 
123.120.31.95 - - [10/Jan/2017:08:43:35 -0800] "GET /Security-Data-Analysis/Lab_1/conn.log.zip HTTP/1.1" 206 2217204 "http://www.secrepo.com/" "Mozilla/4.0 (compatible; MSIE 7.0; Windows NT 6.2; WOW64; Trident/7.0; .NET4.0C; .NET4.0E; Tablet PC 2.0; .NET CLR 2.0.50727; .NET CLR 3.0.30729; .NET CLR 3.5.30729)" 
123.120.31.95 - - [10/Jan/2017:08:43:43 -0800] "GET /Security-Data-Analysis/Lab_1/conn.log.zip HTTP/1.1" 206 43293 "http://www.secrepo.com/" "Mozilla/4.0 (compatible; MSIE 7.0; Windows NT 6.2; WOW64; Trident/7.0; .NET4.0C; .NET4.0E; Tablet PC 2.0; .NET CLR 2.0.50727; .NET CLR 3.0.30729; .NET CLR 3.5.30729)" 
124.95.156.141 - - [10/Jan/2017:08:43:40 -0800] "GET /Security-Data-Analysis/Lab_1/conn.log.zip HTTP/1.1" 206 262511 "-" "Mozilla/5.0 (Linux; Android) AppleWebKit/537.36 (KHTML, like Gecko) Chrome/34.0.1847.131 Safari/537.36" 
123.120.31.95 - - [10/Jan/2017:08:43:43 -0800] "GET /Security-Data-Analysis/Lab_1/conn.log.zip HTTP/1.1" 206 32450 "http://www.secrepo.com/" "Mozilla/4.0 (compatible; MSIE 7.0; Windows NT 6.2; WOW64; Trident/7.0; .NET4.0C; .NET4.0E; Tablet PC 2.0; .NET CLR 2.0.50727; .NET CLR 3.0.30729; .NET CLR 3.5.30729)" 
123.120.31.95 - - [10/Jan/2017:08:43:43 -0800] "GET /Security-Data-Analysis/Lab_1/conn.log.zip HTTP/1.1" 206 60934 "http://www.secrepo.com/" "Mozilla/4.0 (compatible; MSIE 7.0; Windows NT 6.2; WOW64; Trident/7.0; .NET4.0C; .NET4.0E; Tablet PC 2.0; .NET CLR 2.0.50727; .NET CLR 3.0.30729; .NET CLR 3.5.30729)" 
123.120.31.95 - - [10/Jan/2017:08:43:43 -0800] "GET /Security-Data-Analysis/Lab_1/conn.log.zip HTTP/1.1" 206 39934 "http://www.secrepo.com/" "Mozilla/4.0 (compatible; MSIE 7.0; Windows NT 6.2; WOW64; Trident/7.0; .NET4.0C; .NET4.0E; Tablet PC 2.0; .NET CLR 2.0.50727; .NET CLR 3.0.30729; .NET CLR 3.5.30729)" 
123.120.31.95 - - [10/Jan/2017:08:43:43 -0800] "GET /Security-Data-Analysis/Lab_1/conn.log.zip HTTP/1.1" 206 159720 "http://www.secrepo.com/" "Mozilla/4.0 (compatible; MSIE 7.0; Windows NT 6.2; WOW64; Trident/7.0; .NET4.0C; .NET4.0E; Tablet PC 2.0; .NET CLR 2.0.50727; .NET CLR 3.0.30729; .NET CLR 3.5.30729)" 
123.120.31.95 - - [10/Jan/2017:08:43:44 -0800] "GET /Security-Data-Analysis/Lab_1/conn.log.zip HTTP/1.1" 206 21369 "http://www.secrepo.com/" "Mozilla/4.0 (compatible; MSIE 7.0; Windows NT 6.2; WOW64; Trident/7.0; .NET4.0C; .NET4.0E; Tablet PC 2.0; .NET CLR 2.0.50727; .NET CLR 3.0.30729; .NET CLR 3.5.30729)" 
124.95.156.118 - - [10/Jan/2017:08:43:42 -0800] "GET /honeypot/honeypot.json.zip HTTP/1.1" 206 262484 "-" "Mozilla/5.0 (Linux; Android) AppleWebKit/537.36 (KHTML, like Gecko) Chrome/34.0.1847.131 Safari/537.36" 
123.120.31.95 - - [10/Jan/2017:08:43:44 -0800] "GET /Security-Data-Analysis/Lab_1/conn.log.zip HTTP/1.1" 206 19239 "http://www.secrepo.com/" "Mozilla/4.0 (compatible; MSIE 7.0; Windows NT 6.2; WOW64; Trident/7.0; .NET4.0C; .NET4.0E; Tablet PC 2.0; .NET CLR 2.0.50727; .NET CLR 3.0.30729; .NET CLR 3.5.30729)" 
124.95.156.118 - - [10/Jan/2017:08:43:42 -0800] "GET /honeypot/honeypot.json.zip HTTP/1.1" 206 262484 "-" "Mozilla/5.0 (Linux; Android) AppleWebKit/537.36 (KHTML, like Gecko) Chrome/34.0.1847.131 Safari/537.36" 
123.120.31.95 - - [10/Jan/2017:08:43:44 -0800] "GET /Security-Data-Analysis/Lab_1/conn.log.zip HTTP/1.1" 206 15038 "http://www.secrepo.com/" "Mozilla/4.0 (compatible; MSIE 7.0; Windows NT 6.2; WOW64; Trident/7.0; .NET4.0C; .NET4.0E; Tablet PC 2.0; .NET CLR 2.0.50727; .NET CLR 3.0.30729; .NET CLR 3.5.30729)" 
123.120.31.95 - - [10/Jan/2017:08:43:44 -0800] "GET /Security-Data-Analysis/Lab_1/conn.log.zip HTTP/1.1" 206 10717 "http://www.secrepo.com/" "Mozilla/4.0 (compatible; MSIE 7.0; Windows NT 6.2; WOW64; Trident/7.0; .NET4.0C; .NET4.0E; Tablet PC 2.0; .NET CLR 2.0.50727; .NET CLR 3.0.30729; .NET CLR 3.5.30729)" 
123.120.31.95 - - [10/Jan/2017:08:43:45 -0800] "GET /Security-Data-Analysis/Lab_1/conn.log.zip HTTP/1.1" 206 8560 "http://www.secrepo.com/" "Mozilla/4.0 (compatible; MSIE 7.0; Windows NT 6.2; WOW64; Trident/7.0; .NET4.0C; .NET4.0E; Tablet PC 2.0; .NET CLR 2.0.50727; .NET CLR 3.0.30729; .NET CLR 3.5.30729)" 
123.120.31.95 - - [10/Jan/2017:08:43:45 -0800] "GET /Security-Data-Analysis/Lab_1/conn.log.zip HTTP/1.1" 206 10718 "http://www.secrepo.com/" "Mozilla/4.0 (compatible; MSIE 7.0; Windows NT 6.2; WOW64; Trident/7.0; .NET4.0C; .NET4.0E; Tablet PC 2.0; .NET CLR 2.0.50727; .NET CLR 3.0.30729; .NET CLR 3.5.30729)" 
124.95.156.141 - - [10/Jan/2017:08:43:41 -0800] "GET /Security-Data-Analysis/Lab_1/conn.log.zip HTTP/1.1" 206 262510 "-" "Mozilla/5.0 (Linux; Android) AppleWebKit/537.36 (KHTML, like Gecko) Chrome/34.0.1847.131 Safari/537.36" 
124.95.156.118 - - [10/Jan/2017:08:43:42 -0800] "GET /honeypot/honeypot.json.zip HTTP/1.1" 206 262484 "-" "Mozilla/5.0 (Linux; Android) AppleWebKit/537.36 (KHTML, like Gecko) Chrome/34.0.1847.131 Safari/537.36" 
124.95.156.118 - - [10/Jan/2017:08:43:42 -0800] "GET /honeypot/honeypot.json.zip HTTP/1.1" 206 262484 "-" "Mozilla/5.0 (Linux; Android) AppleWebKit/537.36 (KHTML, like Gecko) Chrome/34.0.1847.131 Safari/537.36" 
124.95.156.118 - - [10/Jan/2017:08:43:45 -0800] "GET /honeypot/honeypot.json.zip HTTP/1.1" 206 262483 "-" "Mozilla/5.0 (Linux; Android) AppleWebKit/537.36 (KHTML, like Gecko) Chrome/34.0.1847.131 Safari/537.36" 
123.120.31.95 - - [10/Jan/2017:08:43:46 -0800] "GET /Security-Data-Analysis/Lab_1/conn.log.zip HTTP/1.1" 206 66233 "http://www.secrepo.com/" "Mozilla/4.0 (compatible; MSIE 7.0; Windows NT 6.2; WOW64; Trident/7.0; .NET4.0C; .NET4.0E; Tablet PC 2.0; .NET CLR 2.0.50727; .NET CLR 3.0.30729; .NET CLR 3.5.30729)" 
124.95.156.118 - - [10/Jan/2017:08:43:45 -0800] "GET /honeypot/honeypot.json.zip HTTP/1.1" 206 262483 "-" "Mozilla/5.0 (Linux; Android) AppleWebKit/537.36 (KHTML, like Gecko) Chrome/34.0.1847.131 Safari/537.36" 
124.95.156.75 - - [10/Jan/2017:08:43:45 -0800] "GET /maccdc2012/dns.log.gz HTTP/1.1" 206 262502 "-" "Mozilla/5.0 (Linux; Android) AppleWebKit/537.36 (KHTML, like Gecko) Chrome/34.0.1847.131 Safari/537.36" 
124.95.156.75 - - [10/Jan/2017:08:43:45 -0800] "GET /maccdc2012/dns.log.gz HTTP/1.1" 206 262502 "-" "Mozilla/5.0 (Linux; Android) AppleWebKit/537.36 (KHTML, like Gecko) Chrome/34.0.1847.131 Safari/537.36" 
124.95.156.75 - - [10/Jan/2017:08:43:45 -0800] "GET /maccdc2012/dns.log.gz HTTP/1.1" 206 262502 "-" "Mozilla/5.0 (Linux; Android) AppleWebKit/537.36 (KHTML, like Gecko) Chrome/34.0.1847.131 Safari/537.36" 
124.95.156.118 - - [10/Jan/2017:08:43:47 -0800] "GET /honeypot/honeypot.json.zip HTTP/1.1" 206 262483 "-" "Mozilla/5.0 (Linux; Android) AppleWebKit/537.36 (KHTML, like Gecko) Chrome/34.0.1847.131 Safari/537.36" 
124.95.156.75 - - [10/Jan/2017:08:43:47 -0800] "GET /maccdc2012/dns.log.gz HTTP/1.1" 206 262501 "-" "Mozilla/5.0 (Linux; Android) AppleWebKit/537.36 (KHTML, like Gecko) Chrome/34.0.1847.131 Safari/537.36" 
124.95.156.75 - - [10/Jan/2017:08:43:48 -0800] "GET /maccdc2012/dns.log.gz HTTP/1.1" 206 262501 "-" "Mozilla/5.0 (Linux; Android) AppleWebKit/537.36 (KHTML, like Gecko) Chrome/34.0.1847.131 Safari/537.36" 
124.95.156.75 - - [10/Jan/2017:08:43:48 -0800] "GET /maccdc2012/dns.log.gz HTTP/1.1" 206 262501 "-" "Mozilla/5.0 (Linux; Android) AppleWebKit/537.36 (KHTML, like Gecko) Chrome/34.0.1847.131 Safari/537.36" 
124.95.156.118 - - [10/Jan/2017:08:43:47 -0800] "GET /honeypot/honeypot.json.zip HTTP/1.1" 206 262483 "-" "Mozilla/5.0 (Linux; Android) AppleWebKit/537.36 (KHTML, like Gecko) Chrome/34.0.1847.131 Safari/537.36" 
123.120.31.95 - - [10/Jan/2017:08:42:01 -0800] "GET /maccdc2012/conn.log.gz HTTP/1.1" 206 16432284 "http://www.secrepo.com/" "Mozilla/4.0 (compatible; MSIE 7.0; Windows NT 6.2; WOW64; Trident/7.0; .NET4.0C; .NET4.0E; Tablet PC 2.0; .NET CLR 2.0.50727; .NET CLR 3.0.30729; .NET CLR 3.5.30729)" 
124.95.156.118 - - [10/Jan/2017:08:43:42 -0800] "GET /honeypot/honeypot.json.zip HTTP/1.1" 200 1454160 "-" "Mozilla/5.0 (Linux; Android) AppleWebKit/537.36 (KHTML, like Gecko) Chrome/34.0.1847.131 Safari/537.36" 
124.95.156.75 - - [10/Jan/2017:08:43:50 -0800] "GET /maccdc2012/dns.log.gz HTTP/1.1" 206 262501 "-" "Mozilla/5.0 (Linux; Android) AppleWebKit/537.36 (KHTML, like Gecko) Chrome/34.0.1847.131 Safari/537.36" 
124.95.156.118 - - [10/Jan/2017:08:43:50 -0800] "GET /honeypot/honeypot.json.zip HTTP/1.1" 206 262483 "-" "Mozilla/5.0 (Linux; Android) AppleWebKit/537.36 (KHTML, like Gecko) Chrome/34.0.1847.131 Safari/537.36" 
124.95.156.118 - - [10/Jan/2017:08:43:47 -0800] "GET /honeypot/honeypot.json.zip HTTP/1.1" 206 262483 "-" "Mozilla/5.0 (Linux; Android) AppleWebKit/537.36 (KHTML, like Gecko) Chrome/34.0.1847.131 Safari/537.36" 
124.95.156.75 - - [10/Jan/2017:08:43:51 -0800] "GET /maccdc2012/dns.log.gz HTTP/1.1" 206 262501 "-" "Mozilla/5.0 (Linux; Android) AppleWebKit/537.36 (KHTML, like Gecko) Chrome/34.0.1847.131 Safari/537.36" 
124.95.156.75 - - [10/Jan/2017:08:43:50 -0800] "GET /maccdc2012/dns.log.gz HTTP/1.1" 206 262501 "-" "Mozilla/5.0 (Linux; Android) AppleWebKit/537.36 (KHTML, like Gecko) Chrome/34.0.1847.131 Safari/537.36" 
124.95.156.75 - - [10/Jan/2017:08:43:45 -0800] "GET /maccdc2012/dns.log.gz HTTP/1.1" 206 262502 "-" "Mozilla/5.0 (Linux; Android) AppleWebKit/537.36 (KHTML, like Gecko) Chrome/34.0.1847.131 Safari/537.36" 
124.95.156.118 - - [10/Jan/2017:08:43:52 -0800] "GET /honeypot/honeypot.json.zip HTTP/1.1" 206 262483 "-" "Mozilla/5.0 (Linux; Android) AppleWebKit/537.36 (KHTML, like Gecko) Chrome/34.0.1847.131 Safari/537.36" 
124.95.156.140 - - [10/Jan/2017:08:43:14 -0800] "GET /domaindata/domainmovement.zip HTTP/1.1" 200 2168100 "-" "Mozilla/5.0 (Linux; Android) AppleWebKit/537.36 (KHTML, like Gecko) Chrome/34.0.1847.131 Safari/537.36" 
124.95.156.118 - - [10/Jan/2017:08:43:52 -0800] "GET /honeypot/honeypot.json.zip HTTP/1.1" 206 262483 "-" "Mozilla/5.0 (Linux; Android) AppleWebKit/537.36 (KHTML, like Gecko) Chrome/34.0.1847.131 Safari/537.36" 
124.95.156.118 - - [10/Jan/2017:08:43:53 -0800] "GET /honeypot/honeypot.json.zip HTTP/1.1" 206 175482 "-" "Mozilla/5.0 (Linux; Android) AppleWebKit/537.36 (KHTML, like Gecko) Chrome/34.0.1847.131 Safari/537.36" 
124.95.156.75 - - [10/Jan/2017:08:43:45 -0800] "GET /maccdc2012/dns.log.gz HTTP/1.1" 200 1994360 "-" "Mozilla/5.0 (Linux; Android) AppleWebKit/537.36 (KHTML, like Gecko) Chrome/34.0.1847.131 Safari/537.36" 
124.95.156.118 - - [10/Jan/2017:08:43:51 -0800] "GET /honeypot/honeypot.json.zip HTTP/1.1" 206 262483 "-" "Mozilla/5.0 (Linux; Android) AppleWebKit/537.36 (KHTML, like Gecko) Chrome/34.0.1847.131 Safari/537.36" 
124.95.156.118 - - [10/Jan/2017:08:43:54 -0800] "GET /honeypot/honeypot.json.zip HTTP/1.1" 206 65874 "-" "Mozilla/5.0 (Linux; Android) AppleWebKit/537.36 (KHTML, like Gecko) Chrome/34.0.1847.131 Safari/537.36" 
124.95.156.118 - - [10/Jan/2017:08:43:55 -0800] "GET /honeypot/honeypot.json.zip HTTP/1.1" 206 31985 "-" "Mozilla/5.0 (Linux; Android) AppleWebKit/537.36 (KHTML, like Gecko) Chrome/34.0.1847.131 Safari/537.36" 
124.95.156.75 - - [10/Jan/2017:08:43:54 -0800] "GET /maccdc2012/dns.log.gz HTTP/1.1" 206 262501 "-" "Mozilla/5.0 (Linux; Android) AppleWebKit/537.36 (KHTML, like Gecko) Chrome/34.0.1847.131 Safari/537.36" 
124.95.156.140 - - [10/Jan/2017:08:44:00 -0800] "GET /domaindata/domainmovement.zip HTTP/1.1" 206 64108 "-" "Mozilla/5.0 (Linux; Android) AppleWebKit/537.36 (KHTML, like Gecko) Chrome/34.0.1847.131 Safari/537.36" 
124.95.156.140 - - [10/Jan/2017:08:43:59 -0800] "GET /domaindata/domainmovement.zip HTTP/1.1" 206 262484 "-" "Mozilla/5.0 (Linux; Android) AppleWebKit/537.36 (KHTML, like Gecko) Chrome/34.0.1847.131 Safari/537.36" 
124.95.156.140 - - [10/Jan/2017:08:44:00 -0800] "GET /domaindata/domainmovement.zip HTTP/1.1" 206 262484 "-" "Mozilla/5.0 (Linux; Android) AppleWebKit/537.36 (KHTML, like Gecko) Chrome/34.0.1847.131 Safari/537.36" 
124.95.156.140 - - [10/Jan/2017:08:44:02 -0800] "GET /domaindata/domainmovement.zip HTTP/1.1" 206 262483 "-" "Mozilla/5.0 (Linux; Android) AppleWebKit/537.36 (KHTML, like Gecko) Chrome/34.0.1847.131 Safari/537.36" 
124.95.156.75 - - [10/Jan/2017:08:44:03 -0800] "GET /maccdc2012/dhcp.log.gz HTTP/1.1" 200 44867 "-" "Mozilla/5.0 (Linux; Android) AppleWebKit/537.36 (KHTML, like Gecko) Chrome/34.0.1847.131 Safari/537.36" 
124.95.156.140 - - [10/Jan/2017:08:44:03 -0800] "GET /domaindata/domainmovement.zip HTTP/1.1" 206 262483 "-" "Mozilla/5.0 (Linux; Android) AppleWebKit/537.36 (KHTML, like Gecko) Chrome/34.0.1847.131 Safari/537.36" 
124.95.156.140 - - [10/Jan/2017:08:44:01 -0800] "GET /domaindata/domainmovement.zip HTTP/1.1" 206 262483 "-" "Mozilla/5.0 (Linux; Android) AppleWebKit/537.36 (KHTML, like Gecko) Chrome/34.0.1847.131 Safari/537.36" 
124.95.156.140 - - [10/Jan/2017:08:44:04 -0800] "GET /domaindata/domainmovement.zip HTTP/1.1" 206 262483 "-" "Mozilla/5.0 (Linux; Android) AppleWebKit/537.36 (KHTML, like Gecko) Chrome/34.0.1847.131 Safari/537.36" 
124.95.156.75 - - [10/Jan/2017:08:44:02 -0800] "GET /maccdc2012/dns.log.gz HTTP/1.1" 206 262502 "-" "Mozilla/5.0 (Linux; Android) AppleWebKit/537.36 (KHTML, like Gecko) Chrome/34.0.1847.131 Safari/537.36" 
124.95.156.140 - - [10/Jan/2017:08:44:04 -0800] "GET /domaindata/domainmovement.zip HTTP/1.1" 206 262483 "-" "Mozilla/5.0 (Linux; Android) AppleWebKit/537.36 (KHTML, like Gecko) Chrome/34.0.1847.131 Safari/537.36" 
124.95.156.75 - - [10/Jan/2017:08:44:02 -0800] "GET /maccdc2012/dns.log.gz HTTP/1.1" 206 262502 "-" "Mozilla/5.0 (Linux; Android) AppleWebKit/537.36 (KHTML, like Gecko) Chrome/34.0.1847.131 Safari/537.36" 
124.95.156.140 - - [10/Jan/2017:08:44:04 -0800] "GET /domaindata/domainmovement.zip HTTP/1.1" 206 262483 "-" "Mozilla/5.0 (Linux; Android) AppleWebKit/537.36 (KHTML, like Gecko) Chrome/34.0.1847.131 Safari/537.36" 
124.95.156.75 - - [10/Jan/2017:08:44:05 -0800] "GET /maccdc2012/dns.log.gz HTTP/1.1" 206 262501 "-" "Mozilla/5.0 (Linux; Android) AppleWebKit/537.36 (KHTML, like Gecko) Chrome/34.0.1847.131 Safari/537.36" 
124.95.156.75 - - [10/Jan/2017:08:44:05 -0800] "GET /maccdc2012/dns.log.gz HTTP/1.1" 206 262501 "-" "Mozilla/5.0 (Linux; Android) AppleWebKit/537.36 (KHTML, like Gecko) Chrome/34.0.1847.131 Safari/537.36" 
124.95.156.75 - - [10/Jan/2017:08:44:09 -0800] "GET /maccdc2012/notice.log.gz HTTP/1.1" 200 20687 "-" "Mozilla/5.0 (Linux; Android) AppleWebKit/537.36 (KHTML, like Gecko) Chrome/34.0.1847.131 Safari/537.36" 
124.95.156.75 - - [10/Jan/2017:08:44:08 -0800] "GET /maccdc2012/dns.log.gz HTTP/1.1" 206 262501 "-" "Mozilla/5.0 (Linux; Android) AppleWebKit/537.36 (KHTML, like Gecko) Chrome/34.0.1847.131 Safari/537.36" 
124.95.156.75 - - [10/Jan/2017:08:44:04 -0800] "GET /maccdc2012/dns.log.gz HTTP/1.1" 206 262502 "-" "Mozilla/5.0 (Linux; Android) AppleWebKit/537.36 (KHTML, like Gecko) Chrome/34.0.1847.131 Safari/537.36" 
124.95.156.75 - - [10/Jan/2017:08:44:10 -0800] "GET /maccdc2012/dns.log.gz HTTP/1.1" 206 262501 "-" "Mozilla/5.0 (Linux; Android) AppleWebKit/537.36 (KHTML, like Gecko) Chrome/34.0.1847.131 Safari/537.36" 
124.95.156.118 - - [10/Jan/2017:08:44:10 -0800] "GET /squid/access.log.gz HTTP/1.1" 206 262504 "-" "Mozilla/5.0 (Linux; Android) AppleWebKit/537.36 (KHTML, like Gecko) Chrome/34.0.1847.131 Safari/537.36" 
124.95.156.118 - - [10/Jan/2017:08:44:11 -0800] "GET /squid/access.log.gz HTTP/1.1" 206 262504 "-" "Mozilla/5.0 (Linux; Android) AppleWebKit/537.36 (KHTML, like Gecko) Chrome/34.0.1847.131 Safari/537.36" 
124.95.156.118 - - [10/Jan/2017:08:44:11 -0800] "GET /squid/access.log.gz HTTP/1.1" 206 262504 "-" "Mozilla/5.0 (Linux; Android) AppleWebKit/537.36 (KHTML, like Gecko) Chrome/34.0.1847.131 Safari/537.36" 
124.95.156.75 - - [10/Jan/2017:08:44:11 -0800] "GET /maccdc2012/dns.log.gz HTTP/1.1" 206 262501 "-" "Mozilla/5.0 (Linux; Android) AppleWebKit/537.36 (KHTML, like Gecko) Chrome/34.0.1847.131 Safari/537.36" 
124.95.156.118 - - [10/Jan/2017:08:44:11 -0800] "GET /squid/access.log.gz HTTP/1.1" 206 262504 "-" "Mozilla/5.0 (Linux; Android) AppleWebKit/537.36 (KHTML, like Gecko) Chrome/34.0.1847.131 Safari/537.36" 
124.95.156.75 - - [10/Jan/2017:08:44:14 -0800] "GET /maccdc2012/signatures.log.gz HTTP/1.1" 200 558 "-" "Mozilla/5.0 (Linux; Android) AppleWebKit/537.36 (KHTML, like Gecko) Chrome/34.0.1847.131 Safari/537.36" 
124.95.156.118 - - [10/Jan/2017:08:44:13 -0800] "GET /squid/access.log.gz HTTP/1.1" 206 262503 "-" "Mozilla/5.0 (Linux; Android) AppleWebKit/537.36 (KHTML, like Gecko) Chrome/34.0.1847.131 Safari/537.36" 
124.95.156.75 - - [10/Jan/2017:08:44:13 -0800] "GET /maccdc2012/dns.log.gz HTTP/1.1" 206 262501 "-" "Mozilla/5.0 (Linux; Android) AppleWebKit/537.36 (KHTML, like Gecko) Chrome/34.0.1847.131 Safari/537.36" 
124.95.156.118 - - [10/Jan/2017:08:44:11 -0800] "GET /squid/access.log.gz HTTP/1.1" 206 262504 "-" "Mozilla/5.0 (Linux; Android) AppleWebKit/537.36 (KHTML, like Gecko) Chrome/34.0.1847.131 Safari/537.36" 
124.95.156.118 - - [10/Jan/2017:08:44:14 -0800] "GET /squid/access.log.gz HTTP/1.1" 206 262503 "-" "Mozilla/5.0 (Linux; Android) AppleWebKit/537.36 (KHTML, like Gecko) Chrome/34.0.1847.131 Safari/537.36" 
124.95.156.118 - - [10/Jan/2017:08:44:14 -0800] "GET /squid/access.log.gz HTTP/1.1" 206 262503 "-" "Mozilla/5.0 (Linux; Android) AppleWebKit/537.36 (KHTML, like Gecko) Chrome/34.0.1847.131 Safari/537.36" 
124.95.156.118 - - [10/Jan/2017:08:44:14 -0800] "GET /squid/access.log.gz HTTP/1.1" 206 262503 "-" "Mozilla/5.0 (Linux; Android) AppleWebKit/537.36 (KHTML, like Gecko) Chrome/34.0.1847.131 Safari/537.36" 
124.95.156.118 - - [10/Jan/2017:08:44:15 -0800] "GET /squid/access.log.gz HTTP/1.1" 206 262504 "-" "Mozilla/5.0 (Linux; Android) AppleWebKit/537.36 (KHTML, like Gecko) Chrome/34.0.1847.131 Safari/537.36" 
124.95.156.118 - - [10/Jan/2017:08:44:15 -0800] "GET /squid/access.log.gz HTTP/1.1" 206 262503 "-" "Mozilla/5.0 (Linux; Android) AppleWebKit/537.36 (KHTML, like Gecko) Chrome/34.0.1847.131 Safari/537.36" 
124.95.156.118 - - [10/Jan/2017:08:44:16 -0800] "GET /squid/access.log.gz HTTP/1.1" 206 262505 "-" "Mozilla/5.0 (Linux; Android) AppleWebKit/537.36 (KHTML, like Gecko) Chrome/34.0.1847.131 Safari/537.36" 
124.95.156.118 - - [10/Jan/2017:08:44:17 -0800] "GET /squid/access.log.gz HTTP/1.1" 206 328041 "-" "Mozilla/5.0 (Linux; Android) AppleWebKit/537.36 (KHTML, like Gecko) Chrome/34.0.1847.131 Safari/537.36" 
124.95.156.75 - - [10/Jan/2017:08:44:14 -0800] "GET /maccdc2012/dns.log.gz HTTP/1.1" 206 262501 "-" "Mozilla/5.0 (Linux; Android) AppleWebKit/537.36 (KHTML, like Gecko) Chrome/34.0.1847.131 Safari/537.36" 
124.95.156.118 - - [10/Jan/2017:08:44:17 -0800] "GET /squid/access.log.gz HTTP/1.1" 206 262505 "-" "Mozilla/5.0 (Linux; Android) AppleWebKit/537.36 (KHTML, like Gecko) Chrome/34.0.1847.131 Safari/537.36" 
124.95.156.118 - - [10/Jan/2017:08:44:18 -0800] "GET /squid/access.log.gz HTTP/1.1" 206 262505 "-" "Mozilla/5.0 (Linux; Android) AppleWebKit/537.36 (KHTML, like Gecko) Chrome/34.0.1847.131 Safari/537.36" 
124.95.156.118 - - [10/Jan/2017:08:44:19 -0800] "GET /squid/access.log.gz HTTP/1.1" 206 262505 "-" "Mozilla/5.0 (Linux; Android) AppleWebKit/537.36 (KHTML, like Gecko) Chrome/34.0.1847.131 Safari/537.36" 
124.95.156.75 - - [10/Jan/2017:08:44:20 -0800] "GET /maccdc2012/tunnel.log.gz HTTP/1.1" 200 5172 "-" "Mozilla/5.0 (Linux; Android) AppleWebKit/537.36 (KHTML, like Gecko) Chrome/34.0.1847.131 Safari/537.36" 
124.95.156.118 - - [10/Jan/2017:08:44:19 -0800] "GET /squid/access.log.gz HTTP/1.1" 206 262505 "-" "Mozilla/5.0 (Linux; Android) AppleWebKit/537.36 (KHTML, like Gecko) Chrome/34.0.1847.131 Safari/537.36" 
124.95.156.118 - - [10/Jan/2017:08:44:19 -0800] "GET /squid/access.log.gz HTTP/1.1" 206 262505 "-" "Mozilla/5.0 (Linux; Android) AppleWebKit/537.36 (KHTML, like Gecko) Chrome/34.0.1847.131 Safari/537.36" 
124.95.156.118 - - [10/Jan/2017:08:44:21 -0800] "GET /squid/access.log.gz HTTP/1.1" 206 262505 "-" "Mozilla/5.0 (Linux; Android) AppleWebKit/537.36 (KHTML, like Gecko) Chrome/34.0.1847.131 Safari/537.36" 
123.120.31.95 - - [10/Jan/2017:08:44:24 -0800] "GET /honeypot/Honeypot%20-%20Howto.pdf HTTP/1.1" 200 448668 "http://www.secrepo.com/" "Mozilla/4.0 (compatible; MSIE 7.0; Windows NT 6.2; WOW64; Trident/7.0; .NET4.0C; .NET4.0E; Tablet PC 2.0; .NET CLR 2.0.50727; .NET CLR 3.0.30729; .NET CLR 3.5.30729)" 
123.120.31.95 - - [10/Jan/2017:08:44:26 -0800] "GET /honeypot/Honeypot%20-%20Howto.pdf HTTP/1.1" 206 20817 "http://www.secrepo.com/" "Mozilla/4.0 (compatible; MSIE 7.0; Windows NT 6.2; WOW64; Trident/7.0; .NET4.0C; .NET4.0E; Tablet PC 2.0; .NET CLR 2.0.50727; .NET CLR 3.0.30729; .NET CLR 3.5.30729)" 
123.120.31.95 - - [10/Jan/2017:08:44:26 -0800] "GET /honeypot/Honeypot%20-%20Howto.pdf HTTP/1.1" 206 20819 "http://www.secrepo.com/" "Mozilla/4.0 (compatible; MSIE 7.0; Windows NT 6.2; WOW64; Trident/7.0; .NET4.0C; .NET4.0E; Tablet PC 2.0; .NET CLR 2.0.50727; .NET CLR 3.0.30729; .NET CLR 3.5.30729)" 
123.120.31.95 - - [10/Jan/2017:08:44:26 -0800] "GET /honeypot/Honeypot%20-%20Howto.pdf HTTP/1.1" 206 245970 "http://www.secrepo.com/" "Mozilla/4.0 (compatible; MSIE 7.0; Windows NT 6.2; WOW64; Trident/7.0; .NET4.0C; .NET4.0E; Tablet PC 2.0; .NET CLR 2.0.50727; .NET CLR 3.0.30729; .NET CLR 3.5.30729)" 
123.120.31.95 - - [10/Jan/2017:08:44:26 -0800] "GET /honeypot/Honeypot%20-%20Howto.pdf HTTP/1.1" 206 194751 "http://www.secrepo.com/" "Mozilla/4.0 (compatible; MSIE 7.0; Windows NT 6.2; WOW64; Trident/7.0; .NET4.0C; .NET4.0E; Tablet PC 2.0; .NET CLR 2.0.50727; .NET CLR 3.0.30729; .NET CLR 3.5.30729)" 
123.120.31.95 - - [10/Jan/2017:08:44:26 -0800] "GET /honeypot/Honeypot%20-%20Howto%20-%20BSides%20Austin.pdf HTTP/1.1" 200 686796 "http://www.secrepo.com/" "Mozilla/4.0 (compatible; MSIE 7.0; Windows NT 6.2; WOW64; Trident/7.0; .NET4.0C; .NET4.0E; Tablet PC 2.0; .NET CLR 2.0.50727; .NET CLR 3.0.30729; .NET CLR 3.5.30729)" 
123.120.31.95 - - [10/Jan/2017:08:44:26 -0800] "GET /honeypot/Honeypot%20-%20Howto.pdf HTTP/1.1" 206 211825 "http://www.secrepo.com/" "Mozilla/4.0 (compatible; MSIE 7.0; Windows NT 6.2; WOW64; Trident/7.0; .NET4.0C; .NET4.0E; Tablet PC 2.0; .NET CLR 2.0.50727; .NET CLR 3.0.30729; .NET CLR 3.5.30729)" 
123.120.31.95 - - [10/Jan/2017:08:44:26 -0800] "GET /honeypot/Honeypot%20-%20Howto.pdf HTTP/1.1" 206 211825 "http://www.secrepo.com/" "Mozilla/4.0 (compatible; MSIE 7.0; Windows NT 6.2; WOW64; Trident/7.0; .NET4.0C; .NET4.0E; Tablet PC 2.0; .NET CLR 2.0.50727; .NET CLR 3.0.30729; .NET CLR 3.5.30729)" 
123.120.31.95 - - [10/Jan/2017:08:44:28 -0800] "GET /honeypot/Honeypot%20-%20Howto%20-%20BSides%20Austin.pdf HTTP/1.1" 206 20817 "http://www.secrepo.com/" "Mozilla/4.0 (compatible; MSIE 7.0; Windows NT 6.2; WOW64; Trident/7.0; .NET4.0C; .NET4.0E; Tablet PC 2.0; .NET CLR 2.0.50727; .NET CLR 3.0.30729; .NET CLR 3.5.30729)" 
123.120.31.95 - - [10/Jan/2017:08:44:26 -0800] "GET /honeypot/Honeypot%20-%20Howto.pdf HTTP/1.1" 206 416724 "http://www.secrepo.com/" "Mozilla/4.0 (compatible; MSIE 7.0; Windows NT 6.2; WOW64; Trident/7.0; .NET4.0C; .NET4.0E; Tablet PC 2.0; .NET CLR 2.0.50727; .NET CLR 3.0.30729; .NET CLR 3.5.30729)" 
123.120.31.95 - - [10/Jan/2017:08:44:28 -0800] "GET /honeypot/Honeypot%20-%20Howto.pdf HTTP/1.1" 206 56917 "http://www.secrepo.com/" "Mozilla/4.0 (compatible; MSIE 7.0; Windows NT 6.2; WOW64; Trident/7.0; .NET4.0C; .NET4.0E; Tablet PC 2.0; .NET CLR 2.0.50727; .NET CLR 3.0.30729; .NET CLR 3.5.30729)" 
123.120.31.95 - - [10/Jan/2017:08:44:28 -0800] "GET /honeypot/Honeypot%20-%20Howto.pdf HTTP/1.1" 206 30507 "http://www.secrepo.com/" "Mozilla/4.0 (compatible; MSIE 7.0; Windows NT 6.2; WOW64; Trident/7.0; .NET4.0C; .NET4.0E; Tablet PC 2.0; .NET CLR 2.0.50727; .NET CLR 3.0.30729; .NET CLR 3.5.30729)" 
123.120.31.95 - - [10/Jan/2017:08:44:28 -0800] "GET /honeypot/Honeypot%20-%20Howto%20-%20BSides%20Austin.pdf HTTP/1.1" 206 20819 "http://www.secrepo.com/" "Mozilla/4.0 (compatible; MSIE 7.0; Windows NT 6.2; WOW64; Trident/7.0; .NET4.0C; .NET4.0E; Tablet PC 2.0; .NET CLR 2.0.50727; .NET CLR 3.0.30729; .NET CLR 3.5.30729)" 
123.120.31.95 - - [10/Jan/2017:08:44:28 -0800] "GET /honeypot/Honeypot%20-%20Howto.pdf HTTP/1.1" 206 24530 "http://www.secrepo.com/" "Mozilla/4.0 (compatible; MSIE 7.0; Windows NT 6.2; WOW64; Trident/7.0; .NET4.0C; .NET4.0E; Tablet PC 2.0; .NET CLR 2.0.50727; .NET CLR 3.0.30729; .NET CLR 3.5.30729)" 
123.120.31.95 - - [10/Jan/2017:08:44:28 -0800] "GET /honeypot/Honeypot%20-%20Howto.pdf HTTP/1.1" 206 60677 "http://www.secrepo.com/" "Mozilla/4.0 (compatible; MSIE 7.0; Windows NT 6.2; WOW64; Trident/7.0; .NET4.0C; .NET4.0E; Tablet PC 2.0; .NET CLR 2.0.50727; .NET CLR 3.0.30729; .NET CLR 3.5.30729)" 
123.120.31.95 - - [10/Jan/2017:08:44:29 -0800] "GET /honeypot/Honeypot%20-%20Howto.pdf HTTP/1.1" 206 15422 "http://www.secrepo.com/" "Mozilla/4.0 (compatible; MSIE 7.0; Windows NT 6.2; WOW64; Trident/7.0; .NET4.0C; .NET4.0E; Tablet PC 2.0; .NET CLR 2.0.50727; .NET CLR 3.0.30729; .NET CLR 3.5.30729)" 
123.120.31.95 - - [10/Jan/2017:08:44:29 -0800] "GET /honeypot/Honeypot%20-%20Howto.pdf HTTP/1.1" 206 223151 "http://www.secrepo.com/" "Mozilla/4.0 (compatible; MSIE 7.0; Windows NT 6.2; WOW64; Trident/7.0; .NET4.0C; .NET4.0E; Tablet PC 2.0; .NET CLR 2.0.50727; .NET CLR 3.0.30729; .NET CLR 3.5.30729)" 
123.120.31.95 - - [10/Jan/2017:08:44:29 -0800] "GET /honeypot/Honeypot%20-%20Howto.pdf HTTP/1.1" 206 30508 "http://www.secrepo.com/" "Mozilla/4.0 (compatible; MSIE 7.0; Windows NT 6.2; WOW64; Trident/7.0; .NET4.0C; .NET4.0E; Tablet PC 2.0; .NET CLR 2.0.50727; .NET CLR 3.0.30729; .NET CLR 3.5.30729)" 
123.120.31.95 - - [10/Jan/2017:08:44:29 -0800] "GET /honeypot/Honeypot%20-%20Howto.pdf HTTP/1.1" 206 15424 "http://www.secrepo.com/" "Mozilla/4.0 (compatible; MSIE 7.0; Windows NT 6.2; WOW64; Trident/7.0; .NET4.0C; .NET4.0E; Tablet PC 2.0; .NET CLR 2.0.50727; .NET CLR 3.0.30729; .NET CLR 3.5.30729)" 
123.120.31.95 - - [10/Jan/2017:08:44:30 -0800] "GET /honeypot/Honeypot%20-%20Howto.pdf HTTP/1.1" 206 15424 "http://www.secrepo.com/" "Mozilla/4.0 (compatible; MSIE 7.0; Windows NT 6.2; WOW64; Trident/7.0; .NET4.0C; .NET4.0E; Tablet PC 2.0; .NET CLR 2.0.50727; .NET CLR 3.0.30729; .NET CLR 3.5.30729)" 
123.120.31.95 - - [10/Jan/2017:08:44:29 -0800] "GET /honeypot/Honeypot%20-%20Howto.pdf HTTP/1.1" 206 232261 "http://www.secrepo.com/" "Mozilla/4.0 (compatible; MSIE 7.0; Windows NT 6.2; WOW64; Trident/7.0; .NET4.0C; .NET4.0E; Tablet PC 2.0; .NET CLR 2.0.50727; .NET CLR 3.0.30729; .NET CLR 3.5.30729)" 
123.120.31.95 - - [10/Jan/2017:08:44:29 -0800] "GET /honeypot/Honeypot%20-%20Howto%20-%20BSides%20Austin.pdf HTTP/1.1" 206 436203 "http://www.secrepo.com/" "Mozilla/4.0 (compatible; MSIE 7.0; Windows NT 6.2; WOW64; Trident/7.0; .NET4.0C; .NET4.0E; Tablet PC 2.0; .NET CLR 2.0.50727; .NET CLR 3.0.30729; .NET CLR 3.5.30729)" 
123.120.31.95 - - [10/Jan/2017:08:44:29 -0800] "GET /honeypot/Honeypot%20-%20Howto%20-%20BSides%20Austin.pdf HTTP/1.1" 206 520056 "http://www.secrepo.com/" "Mozilla/4.0 (compatible; MSIE 7.0; Windows NT 6.2; WOW64; Trident/7.0; .NET4.0C; .NET4.0E; Tablet PC 2.0; .NET CLR 2.0.50727; .NET CLR 3.0.30729; .NET CLR 3.5.30729)" 
123.120.31.95 - - [10/Jan/2017:08:44:29 -0800] "GET /honeypot/Honeypot%20-%20Howto%20-%20BSides%20Austin.pdf HTTP/1.1" 206 520055 "http://www.secrepo.com/" "Mozilla/4.0 (compatible; MSIE 7.0; Windows NT 6.2; WOW64; Trident/7.0; .NET4.0C; .NET4.0E; Tablet PC 2.0; .NET CLR 2.0.50727; .NET CLR 3.0.30729; .NET CLR 3.5.30729)" 
123.120.31.95 - - [10/Jan/2017:08:44:31 -0800] "GET /honeypot/Honeypot%20-%20Howto%20-%20BSides%20Austin.pdf HTTP/1.1" 206 137418 "http://www.secrepo.com/" "Mozilla/4.0 (compatible; MSIE 7.0; Windows NT 6.2; WOW64; Trident/7.0; .NET4.0C; .NET4.0E; Tablet PC 2.0; .NET CLR 2.0.50727; .NET CLR 3.0.30729; .NET CLR 3.5.30729)" 
123.120.31.95 - - [10/Jan/2017:08:44:29 -0800] "GET /honeypot/Honeypot%20-%20Howto%20-%20BSides%20Austin.pdf HTTP/1.1" 206 687763 "http://www.secrepo.com/" "Mozilla/4.0 (compatible; MSIE 7.0; Windows NT 6.2; WOW64; Trident/7.0; .NET4.0C; .NET4.0E; Tablet PC 2.0; .NET CLR 2.0.50727; .NET CLR 3.0.30729; .NET CLR 3.5.30729)" 
123.120.31.95 - - [10/Jan/2017:08:44:28 -0800] "GET /honeypot/Honeypot%20-%20Howto%20-%20BSides%20Austin.pdf HTTP/1.1" 206 760848 "http://www.secrepo.com/" "Mozilla/4.0 (compatible; MSIE 7.0; Windows NT 6.2; WOW64; Trident/7.0; .NET4.0C; .NET4.0E; Tablet PC 2.0; .NET CLR 2.0.50727; .NET CLR 3.0.30729; .NET CLR 3.5.30729)" 
123.120.31.95 - - [10/Jan/2017:08:44:31 -0800] "GET /honeypot/Honeypot%20-%20Howto%20-%20BSides%20Austin.pdf HTTP/1.1" 206 65687 "http://www.secrepo.com/" "Mozilla/4.0 (compatible; MSIE 7.0; Windows NT 6.2; WOW64; Trident/7.0; .NET4.0C; .NET4.0E; Tablet PC 2.0; .NET CLR 2.0.50727; .NET CLR 3.0.30729; .NET CLR 3.5.30729)" 
123.120.31.95 - - [10/Jan/2017:08:44:32 -0800] "GET /honeypot/Honeypot%20-%20Howto%20-%20BSides%20Austin.pdf HTTP/1.1" 206 72067 "http://www.secrepo.com/" "Mozilla/4.0 (compatible; MSIE 7.0; Windows NT 6.2; WOW64; Trident/7.0; .NET4.0C; .NET4.0E; Tablet PC 2.0; .NET CLR 2.0.50727; .NET CLR 3.0.30729; .NET CLR 3.5.30729)" 
123.120.31.95 - - [10/Jan/2017:08:44:32 -0800] "GET /honeypot/Honeypot%20-%20Howto%20-%20BSides%20Austin.pdf HTTP/1.1" 206 52461 "http://www.secrepo.com/" "Mozilla/4.0 (compatible; MSIE 7.0; Windows NT 6.2; WOW64; Trident/7.0; .NET4.0C; .NET4.0E; Tablet PC 2.0; .NET CLR 2.0.50727; .NET CLR 3.0.30729; .NET CLR 3.5.30729)" 
123.120.31.95 - - [10/Jan/2017:08:44:32 -0800] "GET /honeypot/Honeypot%20-%20Howto%20-%20BSides%20Austin.pdf HTTP/1.1" 206 95832 "http://www.secrepo.com/" "Mozilla/4.0 (compatible; MSIE 7.0; Windows NT 6.2; WOW64; Trident/7.0; .NET4.0C; .NET4.0E; Tablet PC 2.0; .NET CLR 2.0.50727; .NET CLR 3.0.30729; .NET CLR 3.5.30729)" 
123.120.31.95 - - [10/Jan/2017:08:44:32 -0800] "GET /honeypot/Honeypot%20-%20Howto%20-%20BSides%20Austin.pdf HTTP/1.1" 206 36170 "http://www.secrepo.com/" "Mozilla/4.0 (compatible; MSIE 7.0; Windows NT 6.2; WOW64; Trident/7.0; .NET4.0C; .NET4.0E; Tablet PC 2.0; .NET CLR 2.0.50727; .NET CLR 3.0.30729; .NET CLR 3.5.30729)" 
123.120.31.95 - - [10/Jan/2017:08:44:32 -0800] "GET /honeypot/Honeypot%20-%20Howto%20-%20BSides%20Austin.pdf HTTP/1.1" 206 52461 "http://www.secrepo.com/" "Mozilla/4.0 (compatible; MSIE 7.0; Windows NT 6.2; WOW64; Trident/7.0; .NET4.0C; .NET4.0E; Tablet PC 2.0; .NET CLR 2.0.50727; .NET CLR 3.0.30729; .NET CLR 3.5.30729)" 
123.120.31.95 - - [10/Jan/2017:08:44:32 -0800] "GET /honeypot/Honeypot%20-%20Howto%20-%20BSides%20Austin.pdf HTTP/1.1" 206 52461 "http://www.secrepo.com/" "Mozilla/4.0 (compatible; MSIE 7.0; Windows NT 6.2; WOW64; Trident/7.0; .NET4.0C; .NET4.0E; Tablet PC 2.0; .NET CLR 2.0.50727; .NET CLR 3.0.30729; .NET CLR 3.5.30729)" 
123.120.31.95 - - [10/Jan/2017:08:44:32 -0800] "GET /honeypot/Honeypot%20-%20Howto%20-%20BSides%20Austin.pdf HTTP/1.1" 206 26399 "http://www.secrepo.com/" "Mozilla/4.0 (compatible; MSIE 7.0; Windows NT 6.2; WOW64; Trident/7.0; .NET4.0C; .NET4.0E; Tablet PC 2.0; .NET CLR 2.0.50727; .NET CLR 3.0.30729; .NET CLR 3.5.30729)" 
123.120.31.95 - - [10/Jan/2017:08:44:33 -0800] "GET /honeypot/Honeypot%20-%20Howto%20-%20BSides%20Austin.pdf HTTP/1.1" 206 12994 "http://www.secrepo.com/" "Mozilla/4.0 (compatible; MSIE 7.0; Windows NT 6.2; WOW64; Trident/7.0; .NET4.0C; .NET4.0E; Tablet PC 2.0; .NET CLR 2.0.50727; .NET CLR 3.0.30729; .NET CLR 3.5.30729)" 
