148.87.19.206 - - [25/May/2016:18:01:47 -0700] "GET /maccdc2012/conn.log.gz HTTP/1.1" 200 551041635 "http://www.secrepo.com/" "Mozilla/5.0 (X11; Linux x86_64; rv:17.0) Gecko/20130917 Firefox/17.0 Iceweasel/17.0.9" 
66.249.66.151 - - [25/May/2016:18:26:04 -0700] "GET /maccdc2012/ftp.log.gz HTTP/1.1" 200 128116 "-" "Mozilla/5.0 (Linux; Android 6.0.1; Nexus 5X Build/MMB29P) AppleWebKit/537.36 (KHTML, like Gecko) Chrome/41.0.2272.96 Mobile Safari/537.36 (compatible; Googlebot/2.1; +http://www.google.com/bot.html)" 
106.38.241.153 - - [25/May/2016:18:30:08 -0700] "GET /robots.txt HTTP/1.1" 200 252 "-" "Sogou web spider/4.0(+http://www.sogou.com/docs/help/webmasters.htm#07)" 
106.38.241.153 - - [25/May/2016:18:30:09 -0700] "GET /404.html HTTP/1.1" 404 303 "-" "Sogou web spider/4.0(+http://www.sogou.com/docs/help/webmasters.htm#07)" 
98.173.216.165 - - [25/May/2016:18:36:20 -0700] "GET / HTTP/1.1" 200 9878 "-" "Mozilla/5.0 (Windows NT 6.1; WOW64) AppleWebKit/537.36 (KHTML, like Gecko) Chrome/50.0.2661.102 Safari/537.36" 
98.173.216.165 - - [25/May/2016:18:36:25 -0700] "GET /twitter-icon.png HTTP/1.1" 200 27788 "http://www.secrepo.com/" "Mozilla/5.0 (Windows NT 6.1; WOW64) AppleWebKit/537.36 (KHTML, like Gecko) Chrome/50.0.2661.102 Safari/537.36" 
98.173.216.165 - - [25/May/2016:18:36:25 -0700] "GET /GitHub-Mark.png HTTP/1.1" 200 7428 "http://www.secrepo.com/" "Mozilla/5.0 (Windows NT 6.1; WOW64) AppleWebKit/537.36 (KHTML, like Gecko) Chrome/50.0.2661.102 Safari/537.36" 
178.63.13.15 - - [25/May/2016:18:39:24 -0700] "GET /robots.txt HTTP/1.0" 200 252 "-" "Mozilla/5.0 (compatible; MJ12bot/v1.4.5; http://www.majestic12.co.uk/bot.php?+)" 
178.63.13.15 - - [25/May/2016:18:39:25 -0700] "GET /self.logs/?C=D;O=D HTTP/1.0" 200 94677 "-" "Mozilla/5.0 (compatible; MJ12bot/v1.4.5; http://www.majestic12.co.uk/bot.php?+)" 
178.63.13.15 - - [25/May/2016:18:39:28 -0700] "GET /self.logs/?C=N;O=A HTTP/1.0" 200 10291 "-" "Mozilla/5.0 (compatible; MJ12bot/v1.4.5; http://www.majestic12.co.uk/bot.php?+)" 
66.249.84.167 - - [25/May/2016:18:56:09 -0700] "GET / HTTP/1.1" 200 9878 "-" "Mozilla/5.0 (X11; Linux x86_64) AppleWebKit/537.36 (KHTML, like Gecko) Chrome/49.0.2623.75 Safari/537.36 Google Favicon" 
66.249.84.166 - - [25/May/2016:18:56:09 -0700] "GET /bootstrap/img/favicon.ico HTTP/1.1" 200 590 "-" "Mozilla/5.0 (X11; Linux x86_64) AppleWebKit/537.36 (KHTML, like Gecko) Chrome/49.0.2623.75 Safari/537.36 Google Favicon" 
51.255.65.17 - - [25/May/2016:18:58:18 -0700] "GET /self.logs/error.log.2015-04-21.gz HTTP/1.1" 200 2147 "-" "Mozilla/5.0 (compatible; AhrefsBot/5.1; +http://ahrefs.com/robot/)" 
38.94.182.32 - - [25/May/2016:18:59:16 -0700] "GET / HTTP/1.1" 200 9822 "http://www.google.com/" "Mozilla/5.0 (Windows; U; Windows NT 5.1; en-US; rv:1.7.6) Gecko/20050317 Firefox/1.0.2" 
68.180.229.239 - - [25/May/2016:19:02:52 -0700] "GET /robots.txt HTTP/1.1" 200 233 "-" "Mozilla/5.0 (compatible; Yahoo! Slurp; http://help.yahoo.com/help/us/ysearch/slurp)" 
68.180.229.239 - - [25/May/2016:19:02:52 -0700] "GET /self.logs/error.log.2015-06-10.gz HTTP/1.1" 200 790 "-" "Mozilla/5.0 (compatible; Yahoo! Slurp; http://help.yahoo.com/help/us/ysearch/slurp)" 
5.9.63.149 - - [25/May/2016:19:03:46 -0700] "GET /robots.txt HTTP/1.0" 301 481 "-" "Mozilla/5.0 (compatible; MJ12bot/v1.4.5; http://www.majestic12.co.uk/bot.php?+)" 
5.9.63.149 - - [25/May/2016:19:03:47 -0700] "GET /robots.txt HTTP/1.0" 200 252 "-" "Mozilla/5.0 (compatible; MJ12bot/v1.4.5; http://www.majestic12.co.uk/bot.php?+)" 
5.9.63.149 - - [25/May/2016:19:03:49 -0700] "GET /honeypot/BSidesDFW%20-%202014.ipynb HTTP/1.0" 301 523 "-" "Mozilla/5.0 (compatible; MJ12bot/v1.4.5; http://www.majestic12.co.uk/bot.php?+)" 
5.9.63.149 - - [25/May/2016:19:03:50 -0700] "GET /robots.txt HTTP/1.0" 200 252 "-" "Mozilla/5.0 (compatible; MJ12bot/v1.4.5; http://www.majestic12.co.uk/bot.php?+)" 
5.9.63.149 - - [25/May/2016:19:03:52 -0700] "GET /honeypot/BSidesDFW%20-%202014.ipynb HTTP/1.0" 200 302220 "-" "Mozilla/5.0 (compatible; MJ12bot/v1.4.5; http://www.majestic12.co.uk/bot.php?+)" 
5.9.63.149 - - [25/May/2016:19:03:55 -0700] "GET /honeypot/BSidesDFW%20-%202014.ipynb HTTP/1.0" 200 395660 "-" "Mozilla/5.0 (compatible; MJ12bot/v1.4.5; http://www.majestic12.co.uk/bot.php?+)" 
182.118.21.213 - - [25/May/2016:19:11:26 -0700] "GET /robots.txt HTTP/1.1" 200 334 "http://www.secrepo.com/robots.txt" "Mozilla/5.0 (compatible; MSIE 9.0; Windows NT 6.1; Trident/5.0); 360Spider(compatible; HaosouSpider; http://www.haosou.com/help/help_3_2.html)" 
164.132.161.50 - - [25/May/2016:19:19:35 -0700] "GET /self.logs/error.log.2016-01-03.gz HTTP/1.1" 200 648 "-" "Mozilla/5.0 (compatible; AhrefsBot/5.1; +http://ahrefs.com/robot/)" 
111.23.4.148 - - [25/May/2016:19:24:28 -0700] "GET /tg/a.zip HTTP/1.1" 304 132 "-" "Mozilla/5.0 Gecko/20100115 Firefox/3.6" 
151.80.31.180 - - [25/May/2016:19:33:43 -0700] "GET /self.logs/error.log.2015-07-17.gz HTTP/1.1" 200 703 "-" "Mozilla/5.0 (compatible; AhrefsBot/5.1; +http://ahrefs.com/robot/)" 
68.180.230.165 - - [25/May/2016:19:48:10 -0700] "GET /robots.txt HTTP/1.1" 301 462 "-" "Mozilla/5.0 (compatible; Yahoo! Slurp; http://help.yahoo.com/help/us/ysearch/slurp)" 
68.180.230.165 - - [25/May/2016:19:48:10 -0700] "GET /robots.txt HTTP/1.1" 200 233 "-" "Mozilla/5.0 (compatible; Yahoo! Slurp; http://help.yahoo.com/help/us/ysearch/slurp)" 
68.180.230.165 - - [25/May/2016:19:48:10 -0700] "GET / HTTP/1.1" 301 427 "-" "Mozilla/5.0 (compatible; Yahoo! Slurp; http://help.yahoo.com/help/us/ysearch/slurp)" 
68.180.229.239 - - [25/May/2016:19:48:11 -0700] "GET / HTTP/1.1" 200 9822 "-" "Mozilla/5.0 (compatible; Yahoo! Slurp; http://help.yahoo.com/help/us/ysearch/slurp)" 
117.190.191.170 - - [25/May/2016:19:49:08 -0700] "GET /tg/a.zip HTTP/1.1" 304 132 "-" "Mozilla/5.0 Gecko/20100115 Firefox/3.6" 
157.55.39.162 - - [25/May/2016:20:00:15 -0700] "GET /self.logs/error.log.2016-02-29.gz HTTP/1.1" 200 677 "-" "Mozilla/5.0 (compatible; bingbot/2.0; +http://www.bing.com/bingbot.htm)" 
140.115.111.119 - - [25/May/2016:20:00:42 -0700] "GET /?request=GetCapabilities&service=WCS HTTP/1.1" 301 574 "-" "Mozilla/5.0" 
140.115.111.119 - - [25/May/2016:20:00:42 -0700] "GET /?request=GetCapabilities&service=WCS HTTP/1.1" 200 32800 "-" "Mozilla/5.0" 
157.55.39.162 - - [25/May/2016:20:02:18 -0700] "GET /self.logs/access.log.2015-07-21.gz HTTP/1.1" 200 5911 "-" "Mozilla/5.0 (compatible; bingbot/2.0; +http://www.bing.com/bingbot.htm)" 
199.59.148.210 - - [25/May/2016:20:02:31 -0700] "GET /robots.txt HTTP/1.1" 200 304 "-" "Twitterbot/1.0" 
199.59.148.210 - - [25/May/2016:20:02:32 -0700] "GET /self.logs/ HTTP/1.1" 200 10272 "-" "Twitterbot/1.0" 
117.177.241.60 - - [25/May/2016:20:04:15 -0700] "GET /tg/a.zip HTTP/1.1" 304 132 "-" "Mozilla/5.0 Gecko/20100115 Firefox/3.6" 
157.55.39.133 - - [25/May/2016:20:06:16 -0700] "GET /self.logs/access.log.2015-02-04.gz HTTP/1.1" 200 3984 "-" "Mozilla/5.0 (compatible; bingbot/2.0; +http://www.bing.com/bingbot.htm)" 
157.55.39.219 - - [25/May/2016:20:14:16 -0700] "GET /self.logs/error.log.2015-11-18.gz HTTP/1.1" 200 1004 "-" "Mozilla/5.0 (compatible; bingbot/2.0; +http://www.bing.com/bingbot.htm)" 
111.7.128.40 - - [25/May/2016:20:32:22 -0700] "GET /tg/a.zip HTTP/1.1" 304 132 "-" "Mozilla/5.0 Gecko/20100115 Firefox/3.6" 
223.62.188.61 - - [25/May/2016:20:34:58 -0700] "GET / HTTP/1.1" 200 9878 "http://www.mlsecproject.org/" "Mozilla/5.0 (iPad; CPU OS 9_3_1 like Mac OS X) AppleWebKit/601.1.46 (KHTML, like Gecko) GSA/15.0.122066290 Mobile/13E238 Safari/601.1" 
223.62.188.61 - - [25/May/2016:20:34:59 -0700] "GET /twitter-icon.png HTTP/1.1" 200 27787 "http://www.secrepo.com/" "Mozilla/5.0 (iPad; CPU OS 9_3_1 like Mac OS X) AppleWebKit/601.1.46 (KHTML, like Gecko) GSA/15.0.122066290 Mobile/13E238 Safari/601.1" 
223.62.188.61 - - [25/May/2016:20:34:59 -0700] "GET /GitHub-Mark.png HTTP/1.1" 200 7428 "http://www.secrepo.com/" "Mozilla/5.0 (iPad; CPU OS 9_3_1 like Mac OS X) AppleWebKit/601.1.46 (KHTML, like Gecko) GSA/15.0.122066290 Mobile/13E238 Safari/601.1" 
111.23.10.33 - - [25/May/2016:20:36:29 -0700] "GET /tg/a.zip HTTP/1.1" 304 132 "-" "Mozilla/5.0 Gecko/20100115 Firefox/3.6" 
164.132.161.15 - - [25/May/2016:20:39:40 -0700] "GET /self.logs/error.log.2016-04-26.gz HTTP/1.1" 200 645 "-" "Mozilla/5.0 (compatible; AhrefsBot/5.1; +http://ahrefs.com/robot/)" 
51.255.65.90 - - [25/May/2016:20:43:54 -0700] "GET /self.logs/error.log.2016-05-04.gz HTTP/1.1" 200 725 "-" "Mozilla/5.0 (compatible; AhrefsBot/5.1; +http://ahrefs.com/robot/)" 
164.132.161.73 - - [25/May/2016:20:52:19 -0700] "GET /self.logs/access.log.2015-01-28.gz HTTP/1.1" 200 2073 "-" "Mozilla/5.0 (compatible; AhrefsBot/5.1; +http://ahrefs.com/robot/)" 
189.217.124.247 - - [25/May/2016:21:01:50 -0700] "GET / HTTP/1.1" 200 9878 "https://www.google.com.mx" "Mozilla/5.0 (Windows NT 10.0; WOW64; rv:46.0) Gecko/20100101 Firefox/46.0" 
189.217.124.247 - - [25/May/2016:21:01:52 -0700] "GET /bootstrap/img/favicon.ico HTTP/1.1" 200 589 "-" "Mozilla/5.0 (Windows NT 10.0; WOW64; rv:46.0) Gecko/20100101 Firefox/46.0" 
189.217.124.247 - - [25/May/2016:21:01:52 -0700] "GET /GitHub-Mark.png HTTP/1.1" 200 7428 "http://www.secrepo.com/" "Mozilla/5.0 (Windows NT 10.0; WOW64; rv:46.0) Gecko/20100101 Firefox/46.0" 
189.217.124.247 - - [25/May/2016:21:01:53 -0700] "GET /bootstrap/img/favicon.ico HTTP/1.1" 206 634 "-" "Mozilla/5.0 (Windows NT 10.0; WOW64; rv:46.0) Gecko/20100101 Firefox/46.0" 
189.217.124.247 - - [25/May/2016:21:01:53 -0700] "GET /bootstrap/img/favicon.ico HTTP/1.1" 200 589 "-" "Mozilla/5.0 (Windows NT 10.0; WOW64; rv:46.0) Gecko/20100101 Firefox/46.0" 
157.55.39.162 - - [25/May/2016:21:16:56 -0700] "GET /self.logs/error.log.2015-06-27.gz HTTP/1.1" 200 951 "-" "Mozilla/5.0 (compatible; bingbot/2.0; +http://www.bing.com/bingbot.htm)" 
123.57.141.93 - - [25/May/2016:21:18:57 -0700] "GET /honeypot/Honeypot%20-%20Howto.pdf HTTP/1.1" 200 1279418 "-" "Mozilla/4.0 (compatible; MSIE 6.0; Windows NT 5.1)" 
164.132.161.16 - - [25/May/2016:21:33:42 -0700] "GET /self.logs/access.log.2016-04-19.gz HTTP/1.1" 200 23644 "-" "Mozilla/5.0 (compatible; AhrefsBot/5.1; +http://ahrefs.com/robot/)" 
199.59.148.209 - - [25/May/2016:21:38:14 -0700] "GET /robots.txt HTTP/1.1" 301 446 "-" "Twitterbot/1.0" 
199.59.148.209 - - [25/May/2016:21:38:15 -0700] "GET / HTTP/1.1" 301 427 "-" "Twitterbot/1.0" 
199.59.148.209 - - [25/May/2016:21:38:15 -0700] "GET /robots.txt HTTP/1.1" 200 304 "-" "Twitterbot/1.0" 
199.59.148.209 - - [25/May/2016:21:38:16 -0700] "GET / HTTP/1.1" 200 9822 "-" "Twitterbot/1.0" 
14.139.162.2 - - [25/May/2016:21:42:57 -0700] "GET / HTTP/1.1" 200 9878 "https://www.google.co.in" "Mozilla/5.0 (X11; Ubuntu; Linux x86_64; rv:46.0) Gecko/20100101 Firefox/46.0" 
14.139.162.2 - - [25/May/2016:21:42:58 -0700] "GET /bootstrap/img/favicon.ico HTTP/1.1" 200 590 "-" "Mozilla/5.0 (X11; Ubuntu; Linux x86_64; rv:46.0) Gecko/20100101 Firefox/46.0" 
14.139.162.2 - - [25/May/2016:21:42:58 -0700] "GET /GitHub-Mark.png HTTP/1.1" 200 7427 "http://www.secrepo.com/" "Mozilla/5.0 (X11; Ubuntu; Linux x86_64; rv:46.0) Gecko/20100101 Firefox/46.0" 
14.139.162.2 - - [25/May/2016:21:42:58 -0700] "GET /twitter-icon.png HTTP/1.1" 200 27787 "http://www.secrepo.com/" "Mozilla/5.0 (X11; Ubuntu; Linux x86_64; rv:46.0) Gecko/20100101 Firefox/46.0" 
14.139.162.2 - - [25/May/2016:21:43:58 -0700] "GET /self.logs/ HTTP/1.1" 200 10328 "http://www.secrepo.com/" "Mozilla/5.0 (X11; Ubuntu; Linux x86_64; rv:46.0) Gecko/20100101 Firefox/46.0" 
14.139.162.2 - - [25/May/2016:21:43:59 -0700] "GET /favicon.ico HTTP/1.1" 200 267 "-" "Mozilla/5.0 (X11; Ubuntu; Linux x86_64; rv:46.0) Gecko/20100101 Firefox/46.0" 
207.46.13.129 - - [25/May/2016:21:46:42 -0700] "GET /self.logs/access.log.2015-01-24.gz HTTP/1.1" 200 2277 "-" "Mozilla/5.0 (compatible; bingbot/2.0; +http://www.bing.com/bingbot.htm)" 
138.25.2.161 - - [25/May/2016:22:01:58 -0700] "GET / HTTP/1.1" 200 9878 "https://www.google.com.au/" "Mozilla/5.0 (Macintosh; Intel Mac OS X 10_10_5) AppleWebKit/537.36 (KHTML, like Gecko) Chrome/50.0.2661.102 Safari/537.36" 
51.255.65.43 - - [25/May/2016:22:23:18 -0700] "GET /self.logs/error.log.2016-04-20.gz HTTP/1.1" 200 761 "-" "Mozilla/5.0 (compatible; AhrefsBot/5.1; +http://ahrefs.com/robot/)" 
111.23.4.148 - - [25/May/2016:22:24:28 -0700] "GET /tg/a.zip HTTP/1.1" 304 132 "-" "Mozilla/5.0 Gecko/20100115 Firefox/3.6" 
157.55.39.133 - - [25/May/2016:22:40:45 -0700] "GET /self.logs/error.log.2015-03-11.gz HTTP/1.1" 301 544 "-" "Mozilla/5.0 (compatible; bingbot/2.0; +http://www.bing.com/bingbot.htm)" 
85.144.163.158 - - [25/May/2016:22:41:30 -0700] "GET / HTTP/1.1" 304 189 "http://www.mlsecproject.org/" "Mozilla/5.0 (Windows NT 10.0; WOW64) AppleWebKit/537.36 (KHTML, like Gecko) Chrome/50.0.2661.102 Safari/537.36" 
207.46.13.129 - - [25/May/2016:22:48:41 -0700] "GET /self.logs/access.log.2016-03-27.gz HTTP/1.1" 200 7433 "-" "Mozilla/5.0 (compatible; bingbot/2.0; +http://www.bing.com/bingbot.htm)" 
117.190.191.170 - - [25/May/2016:22:49:09 -0700] "GET /tg/a.zip HTTP/1.1" 304 132 "-" "Mozilla/5.0 Gecko/20100115 Firefox/3.6" 
117.177.241.60 - - [25/May/2016:23:04:17 -0700] "GET /tg/a.zip HTTP/1.1" 304 132 "-" "Mozilla/5.0 Gecko/20100115 Firefox/3.6" 
208.184.112.74 - - [25/May/2016:23:11:24 -0700] "GET / HTTP/1.1" 301 498 "http://www.bing.com" "Mozilla/5.0 (compatible; MSIE 8.0; Windows NT 6.1; Trident/4.0; .NET CLR 2.0.50727; .NET CLR 3.5.30729; .NET CLR 3.0.30729; .NET CLR 1.0.3705; .NET CLR 1.1.4322)" 
178.238.237.230 - - [25/May/2016:23:11:39 -0700] "HEAD / HTTP/1.1" 301 190 "http://secrepo.com:80" "-" 
178.238.237.230 - - [25/May/2016:23:11:39 -0700] "HEAD / HTTP/1.1" 200 239 "http://secrepo.com:80" "-" 
178.238.237.230 - - [25/May/2016:23:11:40 -0700] "GET / HTTP/1.1" 301 442 "google.com" "Mozilla/5.0 (Windows NT 6.1; WOW64) AppleWebKit/536.6 (KHTML, like Gecko) Chrome/20.0.1092.0 Safari/536.6" 
173.255.233.124 - - [25/May/2016:23:11:40 -0700] "GET / HTTP/1.1" 301 427 "http://sucuri.net" "Mozilla/5.0 (compatible; MSIE 8.0; MSIE 9.0; Windows NT 6.0; Trident/4.0; InfoPath.1; SV1; .NET CLR 3.8.36217; WOW64; en-US)" 
178.238.237.230 - - [25/May/2016:23:11:40 -0700] "GET / HTTP/1.1" 200 32744 "google.com" "Mozilla/5.0 (Windows NT 6.1; WOW64) AppleWebKit/536.6 (KHTML, like Gecko) Chrome/20.0.1092.0 Safari/536.6" 
173.255.233.124 - - [25/May/2016:23:11:40 -0700] "GET / HTTP/1.1" 200 9822 "http://sucuri.net" "Mozilla/5.0 (compatible; MSIE 8.0; MSIE 9.0; Windows NT 6.0; Trident/4.0; InfoPath.1; SV1; .NET CLR 3.8.36217; WOW64; en-US)" 
173.255.233.124 - - [25/May/2016:23:11:40 -0700] "GET / HTTP/1.1" 301 427 "http://www.google.com/images/url" "Googlebot/2.1; +http://www.google.com/bot.html)" 
173.255.233.124 - - [25/May/2016:23:11:40 -0700] "GET / HTTP/1.1" 200 9822 "http://www.google.com/images/url" "Googlebot/2.1; +http://www.google.com/bot.html)" 
173.255.233.124 - - [25/May/2016:23:11:40 -0700] "TRACE / HTTP/1.1" 405 391 "" "Mozilla/5.0 (compatible; MSIE 8.0; MSIE 9.0; Windows NT 6.0; Trident/4.0; InfoPath.1; SV1; .NET CLR 3.8.36217; WOW64; en-US)" 
178.238.237.230 - - [25/May/2016:23:11:41 -0700] "GET //bootstrap/img/favicon.ico HTTP/1.1" 301 492 "google.com" "Mozilla/5.0 (Windows NT 6.1; WOW64) AppleWebKit/536.6 (KHTML, like Gecko) Chrome/20.0.1092.0 Safari/536.6" 
178.238.237.230 - - [25/May/2016:23:11:41 -0700] "GET /bootstrap/img/favicon.ico HTTP/1.1" 200 534 "google.com" "Mozilla/5.0 (Windows NT 6.1; WOW64) AppleWebKit/536.6 (KHTML, like Gecko) Chrome/20.0.1092.0 Safari/536.6" 
178.238.237.230 - - [25/May/2016:23:11:41 -0700] "GET / HTTP/1.1" 301 442 "google.com" "Mozilla/5.0 (Windows NT 6.1; WOW64) AppleWebKit/536.6 (KHTML, like Gecko) Chrome/20.0.1092.0 Safari/536.6" 
178.238.237.230 - - [25/May/2016:23:11:41 -0700] "GET / HTTP/1.1" 200 32744 "google.com" "Mozilla/5.0 (Windows NT 6.1; WOW64) AppleWebKit/536.6 (KHTML, like Gecko) Chrome/20.0.1092.0 Safari/536.6" 
178.238.237.230 - - [25/May/2016:23:11:42 -0700] "GET / HTTP/1.1" 301 442 "google.com" "Mozilla/5.0 (Windows NT 6.1; WOW64) AppleWebKit/536.6 (KHTML, like Gecko) Chrome/20.0.1092.0 Safari/536.6" 
178.238.237.230 - - [25/May/2016:23:11:42 -0700] "GET / HTTP/1.1" 200 32744 "google.com" "Mozilla/5.0 (Windows NT 6.1; WOW64) AppleWebKit/536.6 (KHTML, like Gecko) Chrome/20.0.1092.0 Safari/536.6" 
178.238.237.230 - - [25/May/2016:23:11:43 -0700] "GET / HTTP/1.1" 301 442 "google.com" "Mozilla/5.0 (Windows NT 6.1; WOW64) AppleWebKit/536.6 (KHTML, like Gecko) Chrome/20.0.1092.0 Safari/536.6" 
178.238.237.230 - - [25/May/2016:23:11:43 -0700] "GET / HTTP/1.1" 200 32744 "google.com" "Mozilla/5.0 (Windows NT 6.1; WOW64) AppleWebKit/536.6 (KHTML, like Gecko) Chrome/20.0.1092.0 Safari/536.6" 
178.238.237.230 - - [25/May/2016:23:11:44 -0700] "GET /data HTTP/1.1" 301 450 "google.com" "Mozilla/5.0 (Windows NT 6.1; WOW64) AppleWebKit/536.6 (KHTML, like Gecko) Chrome/20.0.1092.0 Safari/536.6" 
178.238.237.230 - - [25/May/2016:23:11:44 -0700] "GET /data HTTP/1.1" 404 239 "google.com" "Mozilla/5.0 (Windows NT 6.1; WOW64) AppleWebKit/536.6 (KHTML, like Gecko) Chrome/20.0.1092.0 Safari/536.6" 
178.238.237.230 - - [25/May/2016:23:11:44 -0700] "GET / HTTP/1.1" 301 442 "google.com" "Mozilla/5.0 (Windows NT 6.1; WOW64) AppleWebKit/536.6 (KHTML, like Gecko) Chrome/20.0.1092.0 Safari/536.6" 
173.255.233.124 - - [25/May/2016:23:11:45 -0700] "GET /404testpage4525d2fdc HTTP/1.1" 404 284 "http://sucuri.net" "Mozilla/5.0 (compatible; MSIE 8.0; MSIE 9.0; Windows NT 6.0; Trident/4.0; InfoPath.1; SV1; .NET CLR 3.8.36217; WOW64; en-US)" 
178.238.237.230 - - [25/May/2016:23:11:45 -0700] "GET / HTTP/1.1" 200 32744 "google.com" "Mozilla/5.0 (Windows NT 6.1; WOW64) AppleWebKit/536.6 (KHTML, like Gecko) Chrome/20.0.1092.0 Safari/536.6" 
173.255.233.124 - - [25/May/2016:23:11:45 -0700] "GET /404javascript.js HTTP/1.1" 404 284 "http://www.google.com/url/?sa=t" "Mozilla/5.0 (compatible; MSIE 8.0; MSIE 9.0; Windows NT 6.0; Trident/4.0; InfoPath.1; SV1; .NET CLR 3.8.36217; WOW64; en-US)" 
173.255.233.124 - - [25/May/2016:23:11:45 -0700] "GET //data HTTP/1.1" 404 284 "-" "Googlebot/2.1; +http://www.google.com/bot.html)" 
178.238.237.230 - - [25/May/2016:23:11:45 -0700] "GET / HTTP/1.1" 301 442 "google.com" "Mozilla/5.0 (Windows NT 6.1; WOW64) AppleWebKit/536.6 (KHTML, like Gecko) Chrome/20.0.1092.0 Safari/536.6" 
173.255.233.124 - - [25/May/2016:23:11:45 -0700] "GET / HTTP/1.1" 301 427 "-" "Mozilla/5.0 (iPhone; U; CPU iPhone OS 3_0 like Mac OS X; en-us) AppleWebKit/528.18 (KHTML, like Gecko) Version/4.0 Mobile/7A341 Safari/528.16; Ipad" 
173.255.233.124 - - [25/May/2016:23:11:45 -0700] "GET / HTTP/1.1" 200 9822 "-" "Mozilla/5.0 (iPhone; U; CPU iPhone OS 3_0 like Mac OS X; en-us) AppleWebKit/528.18 (KHTML, like Gecko) Version/4.0 Mobile/7A341 Safari/528.16; Ipad" 
178.238.237.230 - - [25/May/2016:23:11:45 -0700] "GET / HTTP/1.1" 200 32744 "google.com" "Mozilla/5.0 (Windows NT 6.1; WOW64) AppleWebKit/536.6 (KHTML, like Gecko) Chrome/20.0.1092.0 Safari/536.6" 
178.238.237.230 - - [25/May/2016:23:11:46 -0700] "GET / HTTP/1.1" 301 442 "google.com" "Mozilla/5.0 (Windows NT 6.1; WOW64) AppleWebKit/536.6 (KHTML, like Gecko) Chrome/20.0.1092.0 Safari/536.6" 
178.238.237.230 - - [25/May/2016:23:11:46 -0700] "GET / HTTP/1.1" 200 32744 "google.com" "Mozilla/5.0 (Windows NT 6.1; WOW64) AppleWebKit/536.6 (KHTML, like Gecko) Chrome/20.0.1092.0 Safari/536.6" 
178.238.237.230 - - [25/May/2016:23:11:46 -0700] "GET / HTTP/1.1" 301 442 "google.com" "Mozilla/5.0 (Windows NT 6.1; WOW64) AppleWebKit/536.6 (KHTML, like Gecko) Chrome/20.0.1092.0 Safari/536.6" 
178.238.237.230 - - [25/May/2016:23:11:47 -0700] "GET / HTTP/1.1" 200 32744 "google.com" "Mozilla/5.0 (Windows NT 6.1; WOW64) AppleWebKit/536.6 (KHTML, like Gecko) Chrome/20.0.1092.0 Safari/536.6" 
178.238.237.230 - - [25/May/2016:23:11:47 -0700] "GET / HTTP/1.1" 301 442 "google.com" "Mozilla/5.0 (Windows NT 6.1; WOW64) AppleWebKit/536.6 (KHTML, like Gecko) Chrome/20.0.1092.0 Safari/536.6" 
178.238.237.230 - - [25/May/2016:23:11:47 -0700] "GET / HTTP/1.1" 200 32744 "google.com" "Mozilla/5.0 (Windows NT 6.1; WOW64) AppleWebKit/536.6 (KHTML, like Gecko) Chrome/20.0.1092.0 Safari/536.6" 
178.238.237.230 - - [25/May/2016:23:11:48 -0700] "GET / HTTP/1.1" 301 442 "google.com" "Mozilla/5.0 (Windows NT 6.1; WOW64) AppleWebKit/536.6 (KHTML, like Gecko) Chrome/20.0.1092.0 Safari/536.6" 
178.238.237.230 - - [25/May/2016:23:11:48 -0700] "GET / HTTP/1.1" 200 32744 "google.com" "Mozilla/5.0 (Windows NT 6.1; WOW64) AppleWebKit/536.6 (KHTML, like Gecko) Chrome/20.0.1092.0 Safari/536.6" 
178.238.237.230 - - [25/May/2016:23:11:48 -0700] "GET / HTTP/1.1" 301 442 "google.com" "Mozilla/5.0 (Windows NT 6.1; WOW64) AppleWebKit/536.6 (KHTML, like Gecko) Chrome/20.0.1092.0 Safari/536.6" 
178.238.237.230 - - [25/May/2016:23:11:49 -0700] "GET / HTTP/1.1" 200 32744 "google.com" "Mozilla/5.0 (Windows NT 6.1; WOW64) AppleWebKit/536.6 (KHTML, like Gecko) Chrome/20.0.1092.0 Safari/536.6" 
178.238.237.230 - - [25/May/2016:23:11:49 -0700] "GET / HTTP/1.1" 301 442 "google.com" "Mozilla/5.0 (Windows NT 6.1; WOW64) AppleWebKit/536.6 (KHTML, like Gecko) Chrome/20.0.1092.0 Safari/536.6" 
178.238.237.230 - - [25/May/2016:23:11:49 -0700] "GET / HTTP/1.1" 200 32744 "google.com" "Mozilla/5.0 (Windows NT 6.1; WOW64) AppleWebKit/536.6 (KHTML, like Gecko) Chrome/20.0.1092.0 Safari/536.6" 
178.238.237.230 - - [25/May/2016:23:11:50 -0700] "GET / HTTP/1.1" 301 442 "google.com" "Mozilla/5.0 (Windows NT 6.1; WOW64) AppleWebKit/536.6 (KHTML, like Gecko) Chrome/20.0.1092.0 Safari/536.6" 
178.238.237.230 - - [25/May/2016:23:11:50 -0700] "GET / HTTP/1.1" 200 32744 "google.com" "Mozilla/5.0 (Windows NT 6.1; WOW64) AppleWebKit/536.6 (KHTML, like Gecko) Chrome/20.0.1092.0 Safari/536.6" 
178.238.237.230 - - [25/May/2016:23:11:50 -0700] "GET / HTTP/1.1" 301 442 "google.com" "Mozilla/5.0 (Windows NT 6.1; WOW64) AppleWebKit/536.6 (KHTML, like Gecko) Chrome/20.0.1092.0 Safari/536.6" 
178.238.237.230 - - [25/May/2016:23:11:51 -0700] "GET / HTTP/1.1" 200 32744 "google.com" "Mozilla/5.0 (Windows NT 6.1; WOW64) AppleWebKit/536.6 (KHTML, like Gecko) Chrome/20.0.1092.0 Safari/536.6" 
178.238.237.230 - - [25/May/2016:23:11:51 -0700] "GET / HTTP/1.1" 301 442 "google.com" "Mozilla/5.0 (Windows NT 6.1; WOW64) AppleWebKit/536.6 (KHTML, like Gecko) Chrome/20.0.1092.0 Safari/536.6" 
178.238.237.230 - - [25/May/2016:23:11:51 -0700] "GET / HTTP/1.1" 200 32744 "google.com" "Mozilla/5.0 (Windows NT 6.1; WOW64) AppleWebKit/536.6 (KHTML, like Gecko) Chrome/20.0.1092.0 Safari/536.6" 
178.238.237.230 - - [25/May/2016:23:11:52 -0700] "GET / HTTP/1.1" 301 442 "google.com" "Mozilla/5.0 (Windows NT 6.1; WOW64) AppleWebKit/536.6 (KHTML, like Gecko) Chrome/20.0.1092.0 Safari/536.6" 
178.238.237.230 - - [25/May/2016:23:11:52 -0700] "GET / HTTP/1.1" 200 32744 "google.com" "Mozilla/5.0 (Windows NT 6.1; WOW64) AppleWebKit/536.6 (KHTML, like Gecko) Chrome/20.0.1092.0 Safari/536.6" 
173.255.233.124 - - [25/May/2016:23:11:45 -0700] "GET //maccdc2012/conn.log.gz HTTP/1.1" 200 40657415 "http://www.bing.com/?s=bing" "Mozilla/5.0 (compatible; MSIE 8.0; MSIE 9.0; Windows NT 6.0; Trident/4.0; InfoPath.1; SV1; .NET CLR 3.8.36217; WOW64; en-US)" 
178.238.237.230 - - [25/May/2016:23:11:52 -0700] "GET /maccdc2012/conn.log.gz HTTP/1.1" 301 486 "google.com" "Mozilla/5.0 (Windows NT 6.1; WOW64) AppleWebKit/536.6 (KHTML, like Gecko) Chrome/20.0.1092.0 Safari/536.6" 
178.238.237.230 - - [25/May/2016:23:11:52 -0700] "GET /maccdc2012/conn.log.gz HTTP/1.1" 200 24215560 "google.com" "Mozilla/5.0 (Windows NT 6.1; WOW64) AppleWebKit/536.6 (KHTML, like Gecko) Chrome/20.0.1092.0 Safari/536.6" 
178.238.237.230 - - [25/May/2016:23:12:06 -0700] "HEAD / HTTP/1.1" 301 190 "-" "Mozilla/5.0 (Windows NT 6.1; WOW64) AppleWebKit/536.6 (KHTML, like Gecko) Chrome/20.0.1092.0 Safari/536.6" 
199.159.153.19 - - [25/May/2016:23:12:20 -0700] "GET / HTTP/1.1" 301 483 "https://t.co/sCrYyYw3rt" "Mozilla/5.0 (Windows NT 6.1; WOW64) AppleWebKit/537.36 (KHTML, like Gecko) Chrome/50.0.2661.102 Safari/537.36" 
199.159.153.19 - - [25/May/2016:23:12:20 -0700] "GET / HTTP/1.1" 200 9878 "https://t.co/sCrYyYw3rt" "Mozilla/5.0 (Windows NT 6.1; WOW64) AppleWebKit/537.36 (KHTML, like Gecko) Chrome/50.0.2661.102 Safari/537.36" 
199.159.153.19 - - [25/May/2016:23:12:21 -0700] "GET /twitter-icon.png HTTP/1.1" 200 27787 "http://www.secrepo.com/" "Mozilla/5.0 (Windows NT 6.1; WOW64) AppleWebKit/537.36 (KHTML, like Gecko) Chrome/50.0.2661.102 Safari/537.36" 
199.159.153.19 - - [25/May/2016:23:12:21 -0700] "GET /GitHub-Mark.png HTTP/1.1" 200 7428 "http://www.secrepo.com/" "Mozilla/5.0 (Windows NT 6.1; WOW64) AppleWebKit/537.36 (KHTML, like Gecko) Chrome/50.0.2661.102 Safari/537.36" 
199.159.153.19 - - [25/May/2016:23:12:22 -0700] "GET /bootstrap/img/favicon.ico HTTP/1.1" 200 589 "http://www.secrepo.com/" "Mozilla/5.0 (Windows NT 6.1; WOW64) AppleWebKit/537.36 (KHTML, like Gecko) Chrome/50.0.2661.102 Safari/537.36" 
173.255.233.124 - - [25/May/2016:23:12:23 -0700] "GET //maccdc2012/dhcp.log.gz HTTP/1.1" 200 44963 "http://www.facebook.com/" "Mozilla/5.0 (compatible; MSIE 8.0; MSIE 9.0; Windows NT 6.0; Trident/4.0; InfoPath.1; SV1; .NET CLR 3.8.36217; WOW64; en-US)" 
173.255.233.124 - - [25/May/2016:23:12:23 -0700] "GET //maccdc2012/dns.log.gz HTTP/1.1" 200 6629364 "-" "Mozilla/5.0 (Linux; U; Android 1.5; en-gb; HTC Hero Build/CUPCAKE) AppleWebKit/528.5+ (KHTML, like Gecko) Version/3.1.2 Mobile Safari/525.20.1" 
178.238.237.230 - - [25/May/2016:23:12:36 -0700] "GET / HTTP/1.1" 301 461 "-" "Mozilla/5.0 (Windows NT 6.2; Win64; x64) AppleWebKit/537.36 (KHTML, like Gecko)" 
173.255.233.124 - - [25/May/2016:23:12:29 -0700] "GET //maccdc2012/files.log.gz HTTP/1.1" 200 32724850 "http://sucuri.net" "Mozilla/5.0 (compatible; MSIE 8.0; MSIE 9.0; Windows NT 6.0; Trident/4.0; InfoPath.1; SV1; .NET CLR 3.8.36217; WOW64; en-US)" 
178.238.237.230 - - [25/May/2016:23:12:36 -0700] "GET / HTTP/1.1" 200 32789 "-" "Mozilla/5.0 (Windows NT 6.2; Win64; x64) AppleWebKit/537.36 (KHTML, like Gecko)" 
173.255.233.124 - - [25/May/2016:23:12:55 -0700] "GET //maccdc2012/ftp.log.gz HTTP/1.1" 200 128060 "http://www.facebook.com/" "Mozilla/5.0 (Windows NT 5.1) AppleWebKit/535.11 (KHTML, like Gecko) Chrome/17.0.963.79 Safari/535.11" 
173.255.233.124 - - [25/May/2016:23:12:55 -0700] "GET //maccdc2012/http.log.gz HTTP/1.1" 200 16135346 "http://sucuri.net" "Mozilla/5.0 (compatible; MSIE 8.0; MSIE 9.0; Windows NT 6.0; Trident/4.0; InfoPath.1; SV1; .NET CLR 3.8.36217; WOW64; en-US)" 
65.19.167.130 - - [25/May/2016:23:13:08 -0700] "GET / HTTP/1.1" 301 461 "http://secrepo.com/" "Mozilla/5.0 (compatible; MSIE 10.0; Windows NT 6.1; Trident/6.0)" 
173.255.233.124 - - [25/May/2016:23:13:13 -0700] "GET / HTTP/1.1" 200 9822 "" "Ipad Iphone Safari" 
85.144.163.158 - - [25/May/2016:23:15:42 -0700] "GET /twitter-icon.png HTTP/1.1" 200 27788 "-" "Mozilla/5.0 (Windows NT 10.0; WOW64; rv:41.0) Gecko/20100101 Zotero/4.0.29.10" 
85.144.163.158 - - [25/May/2016:23:15:42 -0700] "GET /bootstrap/img/favicon.ico HTTP/1.1" 200 590 "-" "Mozilla/5.0 (Windows NT 10.0; WOW64; rv:41.0) Gecko/20100101 Zotero/4.0.29.10" 
85.144.163.158 - - [25/May/2016:23:15:42 -0700] "GET /GitHub-Mark.png HTTP/1.1" 200 7428 "-" "Mozilla/5.0 (Windows NT 10.0; WOW64; rv:41.0) Gecko/20100101 Zotero/4.0.29.10" 
150.70.173.9 - - [25/May/2016:23:22:03 -0700] "GET / HTTP/1.1" 301 442 "-" "Mozilla/4.0 (compatible; MSIE 8.0; Windows NT 5.1; Trident/4.0)" 
150.70.173.9 - - [25/May/2016:23:22:03 -0700] "GET / HTTP/1.1" 200 32744 "-" "Mozilla/4.0 (compatible; MSIE 8.0; Windows NT 5.1; Trident/4.0)" 
5.39.80.97 - - [25/May/2016:23:28:24 -0700] "GET / HTTP/1.1" 301 442 "-" "Mozilla/5.0 (Windows; U; Windows NT 6.1; en-GB; rv:1.9.2.28) Gecko/20120306 Firefox/3.6.28" 
5.39.80.97 - - [25/May/2016:23:28:25 -0700] "GET / HTTP/1.1" 200 32744 "-" "Mozilla/5.0 (Windows; U; Windows NT 6.1; en-GB; rv:1.9.2.28) Gecko/20120306 Firefox/3.6.28" 
204.13.201.137 - - [25/May/2016:23:29:20 -0700] "GET / HTTP/1.1" 301 498 "http://www.bing.com" "Mozilla/5.0 (compatible; MSIE 8.0; Windows NT 6.1; Trident/4.0; .NET CLR 2.0.50727; .NET CLR 3.5.30729; .NET CLR 3.0.30729; .NET CLR 1.0.3705; .NET CLR 1.1.4322)" 
5.39.80.97 - - [25/May/2016:23:30:41 -0700] "GET / HTTP/1.1" 301 442 "-" "Mozilla/5.0 (Windows; U; Windows NT 6.1; en-GB; rv:1.9.2.28) Gecko/20120306 Firefox/3.6.28" 
5.39.80.97 - - [25/May/2016:23:30:42 -0700] "GET / HTTP/1.1" 200 32744 "-" "Mozilla/5.0 (Windows; U; Windows NT 6.1; en-GB; rv:1.9.2.28) Gecko/20120306 Firefox/3.6.28" 
111.7.128.40 - - [25/May/2016:23:32:26 -0700] "GET /tg/a.zip HTTP/1.1" 304 132 "-" "Mozilla/5.0 Gecko/20100115 Firefox/3.6" 
111.23.10.33 - - [25/May/2016:23:36:30 -0700] "GET /tg/a.zip HTTP/1.1" 304 132 "-" "Mozilla/5.0 Gecko/20100115 Firefox/3.6" 
157.55.39.133 - - [25/May/2016:23:36:31 -0700] "GET /honeypot/BSidesDFW%20-%202014.ipynb HTTP/1.1" 200 930836 "-" "Mozilla/5.0 (iPhone; CPU iPhone OS 7_0 like Mac OS X) AppleWebKit/537.51.1 (KHTML, like Gecko) Version/7.0 Mobile/11A465 Safari/9537.53 (compatible; bingbot/2.0; +http://www.bing.com/bingbot.htm)" 
77.40.129.123 - - [25/May/2016:23:37:06 -0700] "GET / HTTP/1.1" 301 483 "-" "Mozilla/5.0 (Windows; U; Windows NT 6.1; en-US; rv:1.9.2.13) Gecko/20101203 Firefox/3.6.13" 
77.40.129.123 - - [25/May/2016:23:37:06 -0700] "GET / HTTP/1.1" 200 9878 "-" "Mozilla/5.0 (Windows; U; Windows NT 6.1; en-US; rv:1.9.2.13) Gecko/20101203 Firefox/3.6.13" 
77.40.129.123 - - [25/May/2016:23:37:06 -0700] "GET /twitter-icon.png HTTP/1.1" 200 27787 "http://www.secrepo.com/" "Mozilla/5.0 (Windows; U; Windows NT 6.1; en-US; rv:1.9.2.13) Gecko/20101203 Firefox/3.6.13" 
77.40.129.123 - - [25/May/2016:23:37:07 -0700] "GET /bootstrap/img/favicon.ico HTTP/1.1" 200 590 "-" "Mozilla/5.0 (Windows; U; Windows NT 6.1; en-US; rv:1.9.2.13) Gecko/20101203 Firefox/3.6.13" 
77.40.129.123 - - [25/May/2016:23:37:07 -0700] "GET /GitHub-Mark.png HTTP/1.1" 200 7428 "http://www.secrepo.com/" "Mozilla/5.0 (Windows; U; Windows NT 6.1; en-US; rv:1.9.2.13) Gecko/20101203 Firefox/3.6.13" 
88.198.40.5 - - [25/May/2016:23:38:20 -0700] "GET / HTTP/1.1" 301 483 "-" "Mozilla/5.0 (Unknown; Linux x86_64) AppleWebKit/534.34 (KHTML, like Gecko) PhantomJS/1.9.2 Safari/534.34" 
88.198.40.5 - - [25/May/2016:23:38:20 -0700] "GET / HTTP/1.1" 200 9878 "-" "Mozilla/5.0 (Unknown; Linux x86_64) AppleWebKit/534.34 (KHTML, like Gecko) PhantomJS/1.9.2 Safari/534.34" 
88.198.40.5 - - [25/May/2016:23:38:20 -0700] "GET /twitter-icon.png HTTP/1.1" 200 27787 "http://www.secrepo.com/" "Mozilla/5.0 (Unknown; Linux x86_64) AppleWebKit/534.34 (KHTML, like Gecko) PhantomJS/1.9.2 Safari/534.34" 
88.198.40.5 - - [25/May/2016:23:38:21 -0700] "GET /GitHub-Mark.png HTTP/1.1" 200 7428 "http://www.secrepo.com/" "Mozilla/5.0 (Unknown; Linux x86_64) AppleWebKit/534.34 (KHTML, like Gecko) PhantomJS/1.9.2 Safari/534.34" 
111.251.195.233 - - [25/May/2016:23:38:33 -0700] "GET / HTTP/1.1" 301 461 "-" "\"Mozilla/4.0 (compatible; MSIE 6.0; Windows NT 5.1; SV1; .NET CLR 1.1.4322; .NET CLR 2.0.50727; .NET CLR 3.0.04506.648; .NET CLR 3.5.21022)\"" 
111.251.195.233 - - [25/May/2016:23:38:33 -0700] "GET / HTTP/1.1" 200 32789 "-" "\"Mozilla/4.0 (compatible; MSIE 6.0; Windows NT 5.1; SV1; .NET CLR 1.1.4322; .NET CLR 2.0.50727; .NET CLR 3.0.04506.648; .NET CLR 3.5.21022)\"" 
199.136.70.11 - - [25/May/2016:23:39:10 -0700] "GET / HTTP/1.1" 200 9878 "https://www.google.com/" "Mozilla/5.0 (Windows NT 6.1; WOW64) AppleWebKit/537.36 (KHTML, like Gecko) Chrome/50.0.2661.102 Safari/537.36" 
199.136.70.11 - - [25/May/2016:23:39:10 -0700] "GET /GitHub-Mark.png HTTP/1.1" 200 7428 "http://www.secrepo.com/" "Mozilla/5.0 (Windows NT 6.1; WOW64) AppleWebKit/537.36 (KHTML, like Gecko) Chrome/50.0.2661.102 Safari/537.36" 
199.136.70.11 - - [25/May/2016:23:39:10 -0700] "GET /twitter-icon.png HTTP/1.1" 200 27787 "http://www.secrepo.com/" "Mozilla/5.0 (Windows NT 6.1; WOW64) AppleWebKit/537.36 (KHTML, like Gecko) Chrome/50.0.2661.102 Safari/537.36" 
199.136.70.11 - - [25/May/2016:23:39:11 -0700] "GET /bootstrap/img/favicon.ico HTTP/1.1" 200 589 "http://www.secrepo.com/" "Mozilla/5.0 (Windows NT 6.1; WOW64) AppleWebKit/537.36 (KHTML, like Gecko) Chrome/50.0.2661.102 Safari/537.36" 
68.180.229.239 - - [25/May/2016:23:39:17 -0700] "GET /honeypot/BSidesDFW%20-%202014.ipynb HTTP/1.1" 200 930780 "-" "Mozilla/5.0 (compatible; Yahoo! Slurp; http://help.yahoo.com/help/us/ysearch/slurp)" 
51.255.65.32 - - [25/May/2016:23:40:32 -0700] "GET /self.logs/error.log.2016-01-16.gz HTTP/1.1" 200 668 "-" "Mozilla/5.0 (compatible; AhrefsBot/5.1; +http://ahrefs.com/robot/)" 
185.133.32.19 - - [25/May/2016:23:42:07 -0700] "GET / HTTP/1.1" 301 498 "-" "Mozilla/4.0 (compatible; MSIE 6.0; Windows NT 5.1; SV1; .NET CLR 2.0.50727)" 
198.134.125.78 - - [25/May/2016:23:42:19 -0700] "GET / HTTP/1.1" 301 498 "-" "Mozilla/4.0 (compatible; MSIE 6.0; Windows NT 5.1; SV1; .NET CLR 2.0.50727)" 
198.134.125.78 - - [25/May/2016:23:42:19 -0700] "GET / HTTP/1.1" 200 32800 "-" "Mozilla/4.0 (compatible; MSIE 6.0; Windows NT 5.1; SV1; .NET CLR 2.0.50727)" 
157.55.39.162 - - [25/May/2016:23:43:16 -0700] "GET /robots.txt HTTP/1.1" 200 289 "-" "Mozilla/5.0 (compatible; bingbot/2.0; +http://www.bing.com/bingbot.htm)" 
73.219.221.183 - - [25/May/2016:23:44:15 -0700] "GET / HTTP/1.1" 301 442 "http://secrepo.com" "msnbot-Products/1.0 (+http://search.msn.com/msnbot.htm)" 
73.219.221.183 - - [25/May/2016:23:44:15 -0700] "GET / HTTP/1.1" 200 32744 "http://secrepo.com" "msnbot-Products/1.0 (+http://search.msn.com/msnbot.htm)" 
157.55.39.133 - - [25/May/2016:23:46:22 -0700] "GET /self.logs/access.log.2016-02-21.gz HTTP/1.1" 200 7999 "-" "Mozilla/5.0 (compatible; bingbot/2.0; +http://www.bing.com/bingbot.htm)" 
49.248.193.233 - - [25/May/2016:23:49:31 -0700] "GET / HTTP/1.1" 301 483 "-" "Mozilla/5.0 (Macintosh; Intel Mac OS X 10_11_0) AppleWebKit/537.36 (KHTML, like Gecko) Chrome/50.0.2661.102 Safari/537.36" 
49.248.193.233 - - [25/May/2016:23:49:32 -0700] "GET / HTTP/1.1" 200 9878 "-" "Mozilla/5.0 (Macintosh; Intel Mac OS X 10_11_0) AppleWebKit/537.36 (KHTML, like Gecko) Chrome/50.0.2661.102 Safari/537.36" 
49.248.193.233 - - [25/May/2016:23:49:32 -0700] "GET /twitter-icon.png HTTP/1.1" 200 27787 "http://www.secrepo.com/" "Mozilla/5.0 (Macintosh; Intel Mac OS X 10_11_0) AppleWebKit/537.36 (KHTML, like Gecko) Chrome/50.0.2661.102 Safari/537.36" 
49.248.193.233 - - [25/May/2016:23:49:32 -0700] "GET /GitHub-Mark.png HTTP/1.1" 200 7427 "http://www.secrepo.com/" "Mozilla/5.0 (Macintosh; Intel Mac OS X 10_11_0) AppleWebKit/537.36 (KHTML, like Gecko) Chrome/50.0.2661.102 Safari/537.36" 
123.125.71.77 - - [25/May/2016:23:54:16 -0700] "GET /maccdc2012/maccdc2012_full_alert.7z HTTP/1.1" 200 11358800 "-" "Mozilla/5.0 (compatible; Baiduspider/2.0; +http://www.baidu.com/search/spider.html)" 
151.80.31.104 - - [26/May/2016:00:10:47 -0700] "GET /self.logs/access.log.2015-04-30.gz HTTP/1.1" 200 5796 "-" "Mozilla/5.0 (compatible; AhrefsBot/5.1; +http://ahrefs.com/robot/)" 
23.105.14.40 - - [26/May/2016:00:12:21 -0700] "GET / HTTP/1.1" 301 427 "http://www.google.com/url?url=http://secrepo.com:80&rct=j&frm=2&q=&esrc=s&sa=U&ei=VcHCVO2KDYf8ygOZ0YCICQ&ved=0CBQQFjAA&usg=AFQjCNE_7SOlEFqdS9l_cxgNPcFU6Et1yg" "Mozilla/4.0 (compatible; MSIE 8.0; Windows NT 6.1; Win64; x64; Trident/4.0; .NET CLR 2.0.50727; SLCC2; .NET CLR 3.5.30729; .NET CLR 3.0.30729; Media Center PC 6.0; .NET4.0C; .NET4.0E)" 
23.105.14.40 - - [26/May/2016:00:12:22 -0700] "GET / HTTP/1.1" 200 9822 "http://www.google.com/url?url=http://secrepo.com:80&rct=j&frm=2&q=&esrc=s&sa=U&ei=VcHCVO2KDYf8ygOZ0YCICQ&ved=0CBQQFjAA&usg=AFQjCNE_7SOlEFqdS9l_cxgNPcFU6Et1yg" "Mozilla/4.0 (compatible; MSIE 8.0; Windows NT 6.1; Win64; x64; Trident/4.0; .NET CLR 2.0.50727; SLCC2; .NET CLR 3.5.30729; .NET CLR 3.0.30729; Media Center PC 6.0; .NET4.0C; .NET4.0E)" 
23.105.14.40 - - [26/May/2016:00:12:26 -0700] "GET /twitter-icon.png HTTP/1.1" 200 27732 "http://www.secrepo.com/" "Mozilla/4.0 (compatible; MSIE 8.0; Windows NT 6.1; Win64; x64; Trident/4.0; .NET CLR 2.0.50727; SLCC2; .NET CLR 3.5.30729; .NET CLR 3.0.30729; Media Center PC 6.0; .NET4.0C; .NET4.0E)" 
23.105.14.40 - - [26/May/2016:00:12:27 -0700] "GET /GitHub-Mark.png HTTP/1.1" 200 7372 "http://www.secrepo.com/" "Mozilla/4.0 (compatible; MSIE 8.0; Windows NT 6.1; Win64; x64; Trident/4.0; .NET CLR 2.0.50727; SLCC2; .NET CLR 3.5.30729; .NET CLR 3.0.30729; Media Center PC 6.0; .NET4.0C; .NET4.0E)" 
23.105.14.40 - - [26/May/2016:00:12:29 -0700] "GET /bootstrap/img/favicon.ico HTTP/1.1" 200 534 "-" "Mozilla/4.0 (compatible; MSIE 8.0; Windows NT 6.1; Win64; x64; Trident/4.0; .NET CLR 2.0.50727; SLCC2; .NET CLR 3.5.30729; .NET CLR 3.0.30729; Media Center PC 6.0; .NET4.0C; .NET4.0E)" 
46.165.197.142 - - [26/May/2016:00:16:20 -0700] "GET /robots.txt HTTP/1.0" 301 481 "-" "Mozilla/5.0 (compatible; MJ12bot/v1.4.5; http://www.majestic12.co.uk/bot.php?+)" 
46.165.197.142 - - [26/May/2016:00:16:21 -0700] "GET /robots.txt HTTP/1.0" 200 252 "-" "Mozilla/5.0 (compatible; MJ12bot/v1.4.5; http://www.majestic12.co.uk/bot.php?+)" 
46.165.197.142 - - [26/May/2016:00:16:23 -0700] "GET / HTTP/1.0" 301 461 "-" "Mozilla/5.0 (compatible; MJ12bot/v1.4.5; http://www.majestic12.co.uk/bot.php?+)" 
46.165.197.142 - - [26/May/2016:00:16:23 -0700] "GET /robots.txt HTTP/1.0" 200 252 "-" "Mozilla/5.0 (compatible; MJ12bot/v1.4.5; http://www.majestic12.co.uk/bot.php?+)" 
46.165.197.142 - - [26/May/2016:00:16:25 -0700] "GET / HTTP/1.0" 200 32789 "-" "Mozilla/5.0 (compatible; MJ12bot/v1.4.5; http://www.majestic12.co.uk/bot.php?+)" 
23.105.14.40 - - [26/May/2016:00:33:22 -0700] "GET / HTTP/1.1" 301 427 "http://www.google.com/url?url=http://secrepo.com:80&rct=j&frm=2&q=&esrc=s&sa=U&ei=VcHCVO2KDYf8ygOZ0YCICQ&ved=0CBQQFjAA&usg=AFQjCNE_7SOlEFqdS9l_cxgNPcFU6Et1yg" "Mozilla/5.0 (compatible; MSIE 10.0; Windows NT 6.1; WOW64; Trident/6.0)" 
23.105.14.40 - - [26/May/2016:00:33:24 -0700] "GET / HTTP/1.1" 200 9822 "http://www.google.com/url?url=http://secrepo.com:80&rct=j&frm=2&q=&esrc=s&sa=U&ei=VcHCVO2KDYf8ygOZ0YCICQ&ved=0CBQQFjAA&usg=AFQjCNE_7SOlEFqdS9l_cxgNPcFU6Et1yg" "Mozilla/5.0 (compatible; MSIE 10.0; Windows NT 6.1; WOW64; Trident/6.0)" 
23.105.14.40 - - [26/May/2016:00:33:25 -0700] "GET /GitHub-Mark.png HTTP/1.1" 200 7372 "http://www.secrepo.com/" "Mozilla/5.0 (compatible; MSIE 10.0; Windows NT 6.1; WOW64; Trident/6.0)" 
23.105.14.40 - - [26/May/2016:00:33:25 -0700] "GET /twitter-icon.png HTTP/1.1" 200 27732 "http://www.secrepo.com/" "Mozilla/5.0 (compatible; MSIE 10.0; Windows NT 6.1; WOW64; Trident/6.0)" 
23.105.14.40 - - [26/May/2016:00:33:29 -0700] "GET /bootstrap/img/favicon.ico HTTP/1.1" 200 534 "-" "Mozilla/5.0 (compatible; MSIE 10.0; Windows NT 6.1; WOW64; Trident/6.0)" 
23.105.14.40 - - [26/May/2016:00:33:57 -0700] "GET / HTTP/1.1" 301 427 "http://www.google.com/url?url=http://secrepo.com:80&rct=j&frm=2&q=&esrc=s&sa=U&ei=VcHCVO2KDYf8ygOZ0YCICQ&ved=0CBQQFjAA&usg=AFQjCNE_7SOlEFqdS9l_cxgNPcFU6Et1yg" "Mozilla/5.0 (Windows NT 10.0; WOW64; Trident/7.0; rv:11.0) like Gecko" 
23.105.14.40 - - [26/May/2016:00:33:58 -0700] "GET / HTTP/1.1" 200 9822 "http://www.google.com/url?url=http://secrepo.com:80&rct=j&frm=2&q=&esrc=s&sa=U&ei=VcHCVO2KDYf8ygOZ0YCICQ&ved=0CBQQFjAA&usg=AFQjCNE_7SOlEFqdS9l_cxgNPcFU6Et1yg" "Mozilla/5.0 (Windows NT 10.0; WOW64; Trident/7.0; rv:11.0) like Gecko" 
23.105.14.40 - - [26/May/2016:00:33:59 -0700] "GET /GitHub-Mark.png HTTP/1.1" 200 7372 "http://www.secrepo.com/" "Mozilla/5.0 (Windows NT 10.0; WOW64; Trident/7.0; rv:11.0) like Gecko" 
23.105.14.40 - - [26/May/2016:00:33:59 -0700] "GET /twitter-icon.png HTTP/1.1" 200 27732 "http://www.secrepo.com/" "Mozilla/5.0 (Windows NT 10.0; WOW64; Trident/7.0; rv:11.0) like Gecko" 
23.105.14.40 - - [26/May/2016:00:34:04 -0700] "GET /bootstrap/img/favicon.ico HTTP/1.1" 200 534 "-" "Mozilla/5.0 (Windows NT 10.0; WOW64; Trident/7.0; rv:11.0) like Gecko" 
23.105.14.40 - - [26/May/2016:00:34:23 -0700] "GET / HTTP/1.1" 301 427 "http://www.google.com/url?url=http://secrepo.com:80&rct=j&frm=2&q=&esrc=s&sa=U&ei=VcHCVO2KDYf8ygOZ0YCICQ&ved=0CBQQFjAA&usg=AFQjCNE_7SOlEFqdS9l_cxgNPcFU6Et1yg" "Mozilla/5.0 (Windows NT 6.3; WOW64; Trident/7.0; rv:11.0) like Gecko" 
23.105.14.40 - - [26/May/2016:00:34:24 -0700] "GET / HTTP/1.1" 200 9822 "http://www.google.com/url?url=http://secrepo.com:80&rct=j&frm=2&q=&esrc=s&sa=U&ei=VcHCVO2KDYf8ygOZ0YCICQ&ved=0CBQQFjAA&usg=AFQjCNE_7SOlEFqdS9l_cxgNPcFU6Et1yg" "Mozilla/5.0 (Windows NT 6.3; WOW64; Trident/7.0; rv:11.0) like Gecko" 
23.105.14.40 - - [26/May/2016:00:34:25 -0700] "GET /GitHub-Mark.png HTTP/1.1" 200 7372 "http://www.secrepo.com/" "Mozilla/5.0 (Windows NT 6.3; WOW64; Trident/7.0; rv:11.0) like Gecko" 
23.105.14.40 - - [26/May/2016:00:34:25 -0700] "GET /twitter-icon.png HTTP/1.1" 200 27732 "http://www.secrepo.com/" "Mozilla/5.0 (Windows NT 6.3; WOW64; Trident/7.0; rv:11.0) like Gecko" 
23.105.14.40 - - [26/May/2016:00:34:29 -0700] "GET /bootstrap/img/favicon.ico HTTP/1.1" 200 534 "-" "Mozilla/5.0 (Windows NT 6.3; WOW64; Trident/7.0; rv:11.0) like Gecko" 
23.105.14.40 - - [26/May/2016:00:35:18 -0700] "GET / HTTP/1.1" 301 427 "http://www.google.com/url?url=http://secrepo.com:80&rct=j&frm=2&q=&esrc=s&sa=U&ei=VcHCVO2KDYf8ygOZ0YCICQ&ved=0CBQQFjAA&usg=AFQjCNE_7SOlEFqdS9l_cxgNPcFU6Et1yg" "Mozilla/4.0 (compatible; MSIE 8.0; Windows NT 6.1; Win64; x64; Trident/4.0; .NET CLR 2.0.50727; SLCC2; .NET CLR 3.5.30729; .NET CLR 3.0.30729; Media Center PC 6.0; .NET4.0C; .NET4.0E)" 
23.105.14.40 - - [26/May/2016:00:35:19 -0700] "GET / HTTP/1.1" 200 9822 "http://www.google.com/url?url=http://secrepo.com:80&rct=j&frm=2&q=&esrc=s&sa=U&ei=VcHCVO2KDYf8ygOZ0YCICQ&ved=0CBQQFjAA&usg=AFQjCNE_7SOlEFqdS9l_cxgNPcFU6Et1yg" "Mozilla/4.0 (compatible; MSIE 8.0; Windows NT 6.1; Win64; x64; Trident/4.0; .NET CLR 2.0.50727; SLCC2; .NET CLR 3.5.30729; .NET CLR 3.0.30729; Media Center PC 6.0; .NET4.0C; .NET4.0E)" 
23.105.14.40 - - [26/May/2016:00:35:22 -0700] "GET /twitter-icon.png HTTP/1.1" 200 27732 "http://www.secrepo.com/" "Mozilla/4.0 (compatible; MSIE 8.0; Windows NT 6.1; Win64; x64; Trident/4.0; .NET CLR 2.0.50727; SLCC2; .NET CLR 3.5.30729; .NET CLR 3.0.30729; Media Center PC 6.0; .NET4.0C; .NET4.0E)" 
23.105.14.40 - - [26/May/2016:00:35:23 -0700] "GET /GitHub-Mark.png HTTP/1.1" 200 7372 "http://www.secrepo.com/" "Mozilla/4.0 (compatible; MSIE 8.0; Windows NT 6.1; Win64; x64; Trident/4.0; .NET CLR 2.0.50727; SLCC2; .NET CLR 3.5.30729; .NET CLR 3.0.30729; Media Center PC 6.0; .NET4.0C; .NET4.0E)" 
23.105.14.40 - - [26/May/2016:00:35:26 -0700] "GET /bootstrap/img/favicon.ico HTTP/1.1" 200 534 "-" "Mozilla/4.0 (compatible; MSIE 8.0; Windows NT 6.1; Win64; x64; Trident/4.0; .NET CLR 2.0.50727; SLCC2; .NET CLR 3.5.30729; .NET CLR 3.0.30729; Media Center PC 6.0; .NET4.0C; .NET4.0E)" 
23.105.14.40 - - [26/May/2016:00:37:56 -0700] "GET / HTTP/1.1" 301 427 "http://www.google.com/url?url=http://secrepo.com:80&rct=j&frm=2&q=&esrc=s&sa=U&ei=VcHCVO2KDYf8ygOZ0YCICQ&ved=0CBQQFjAA&usg=AFQjCNE_7SOlEFqdS9l_cxgNPcFU6Et1yg" "Mozilla/5.0 (Windows NT 10.0; WOW64; Trident/7.0; rv:11.0) like Gecko" 
23.105.14.40 - - [26/May/2016:00:37:57 -0700] "GET / HTTP/1.1" 200 9822 "http://www.google.com/url?url=http://secrepo.com:80&rct=j&frm=2&q=&esrc=s&sa=U&ei=VcHCVO2KDYf8ygOZ0YCICQ&ved=0CBQQFjAA&usg=AFQjCNE_7SOlEFqdS9l_cxgNPcFU6Et1yg" "Mozilla/5.0 (Windows NT 10.0; WOW64; Trident/7.0; rv:11.0) like Gecko" 
23.105.14.40 - - [26/May/2016:00:37:58 -0700] "GET /GitHub-Mark.png HTTP/1.1" 200 7372 "http://www.secrepo.com/" "Mozilla/5.0 (Windows NT 10.0; WOW64; Trident/7.0; rv:11.0) like Gecko" 
23.105.14.40 - - [26/May/2016:00:37:58 -0700] "GET /twitter-icon.png HTTP/1.1" 200 27732 "http://www.secrepo.com/" "Mozilla/5.0 (Windows NT 10.0; WOW64; Trident/7.0; rv:11.0) like Gecko" 
23.105.14.40 - - [26/May/2016:00:38:03 -0700] "GET /bootstrap/img/favicon.ico HTTP/1.1" 200 534 "-" "Mozilla/5.0 (Windows NT 10.0; WOW64; Trident/7.0; rv:11.0) like Gecko" 
23.105.14.40 - - [26/May/2016:00:39:19 -0700] "GET / HTTP/1.1" 301 427 "http://www.google.com/url?url=http://secrepo.com:80&rct=j&frm=2&q=&esrc=s&sa=U&ei=VcHCVO2KDYf8ygOZ0YCICQ&ved=0CBQQFjAA&usg=AFQjCNE_7SOlEFqdS9l_cxgNPcFU6Et1yg" "Mozilla/4.0 (compatible; MSIE 8.0; Windows NT 6.1; Win64; x64; Trident/4.0; .NET CLR 2.0.50727; SLCC2; .NET CLR 3.5.30729; .NET CLR 3.0.30729; Media Center PC 6.0; .NET4.0C; .NET4.0E)" 
23.105.14.40 - - [26/May/2016:00:39:20 -0700] "GET / HTTP/1.1" 200 9822 "http://www.google.com/url?url=http://secrepo.com:80&rct=j&frm=2&q=&esrc=s&sa=U&ei=VcHCVO2KDYf8ygOZ0YCICQ&ved=0CBQQFjAA&usg=AFQjCNE_7SOlEFqdS9l_cxgNPcFU6Et1yg" "Mozilla/4.0 (compatible; MSIE 8.0; Windows NT 6.1; Win64; x64; Trident/4.0; .NET CLR 2.0.50727; SLCC2; .NET CLR 3.5.30729; .NET CLR 3.0.30729; Media Center PC 6.0; .NET4.0C; .NET4.0E)" 
23.105.14.40 - - [26/May/2016:00:39:24 -0700] "GET /twitter-icon.png HTTP/1.1" 200 27732 "http://www.secrepo.com/" "Mozilla/4.0 (compatible; MSIE 8.0; Windows NT 6.1; Win64; x64; Trident/4.0; .NET CLR 2.0.50727; SLCC2; .NET CLR 3.5.30729; .NET CLR 3.0.30729; Media Center PC 6.0; .NET4.0C; .NET4.0E)" 
23.105.14.40 - - [26/May/2016:00:39:25 -0700] "GET /GitHub-Mark.png HTTP/1.1" 200 7372 "http://www.secrepo.com/" "Mozilla/4.0 (compatible; MSIE 8.0; Windows NT 6.1; Win64; x64; Trident/4.0; .NET CLR 2.0.50727; SLCC2; .NET CLR 3.5.30729; .NET CLR 3.0.30729; Media Center PC 6.0; .NET4.0C; .NET4.0E)" 
23.105.14.40 - - [26/May/2016:00:39:28 -0700] "GET /bootstrap/img/favicon.ico HTTP/1.1" 200 534 "-" "Mozilla/4.0 (compatible; MSIE 8.0; Windows NT 6.1; Win64; x64; Trident/4.0; .NET CLR 2.0.50727; SLCC2; .NET CLR 3.5.30729; .NET CLR 3.0.30729; Media Center PC 6.0; .NET4.0C; .NET4.0E)" 
23.105.14.40 - - [26/May/2016:00:41:14 -0700] "GET / HTTP/1.1" 301 427 "http://www.google.com/url?url=http://secrepo.com:80&rct=j&frm=2&q=&esrc=s&sa=U&ei=VcHCVO2KDYf8ygOZ0YCICQ&ved=0CBQQFjAA&usg=AFQjCNE_7SOlEFqdS9l_cxgNPcFU6Et1yg" "Mozilla/5.0 (Windows NT 10.0; WOW64; Trident/7.0; rv:11.0) like Gecko" 
23.105.14.40 - - [26/May/2016:00:41:15 -0700] "GET / HTTP/1.1" 200 9822 "http://www.google.com/url?url=http://secrepo.com:80&rct=j&frm=2&q=&esrc=s&sa=U&ei=VcHCVO2KDYf8ygOZ0YCICQ&ved=0CBQQFjAA&usg=AFQjCNE_7SOlEFqdS9l_cxgNPcFU6Et1yg" "Mozilla/5.0 (Windows NT 10.0; WOW64; Trident/7.0; rv:11.0) like Gecko" 
23.105.14.40 - - [26/May/2016:00:41:16 -0700] "GET /GitHub-Mark.png HTTP/1.1" 200 7372 "http://www.secrepo.com/" "Mozilla/5.0 (Windows NT 10.0; WOW64; Trident/7.0; rv:11.0) like Gecko" 
23.105.14.40 - - [26/May/2016:00:41:16 -0700] "GET /twitter-icon.png HTTP/1.1" 200 27732 "http://www.secrepo.com/" "Mozilla/5.0 (Windows NT 10.0; WOW64; Trident/7.0; rv:11.0) like Gecko" 
23.105.14.40 - - [26/May/2016:00:41:21 -0700] "GET /bootstrap/img/favicon.ico HTTP/1.1" 200 534 "-" "Mozilla/5.0 (Windows NT 10.0; WOW64; Trident/7.0; rv:11.0) like Gecko" 
37.146.67.105 - - [26/May/2016:00:43:03 -0700] "GET / HTTP/1.1" 301 442 "-" "Mozilla/4.0 (compatible; MSIE 6.0; Windows NT 5.1; SV1; .NET CLR 2.0.50727)" 
37.146.67.105 - - [26/May/2016:00:43:04 -0700] "GET / HTTP/1.1" 200 32744 "-" "Mozilla/4.0 (compatible; MSIE 6.0; Windows NT 5.1; SV1; .NET CLR 2.0.50727)" 
45.32.129.1 - - [26/May/2016:00:58:32 -0700] "GET / HTTP/1.1" 200 32744 "-" "Mozilla/5.0 (Windows NT 6.1; WOW64) AppleWebKit/537.36 (KHTML, like Gecko) Chrome/40.0.2214.115 Safari/537.36" 
172.99.70.132 - - [26/May/2016:01:05:57 -0700] "GET /robots.txt HTTP/1.1" 200 304 "-" "Tornado-Async-Client" 
172.99.70.132 - - [26/May/2016:01:05:57 -0700] "GET /honeypot/BSidesDFW%20-%202014.ipynb HTTP/1.1" 200 930780 "-" "Tornado-Async-Client" 
223.136.143.203 - - [26/May/2016:01:12:56 -0700] "GET / HTTP/1.1" 200 9878 "https://www.google.com.tw/" "Mozilla/5.0 (iPhone; CPU iPhone OS 9_3_2 like Mac OS X) AppleWebKit/601.1.46 (KHTML, like Gecko) Version/9.0 Mobile/13F69 Safari/601.1" 
223.136.143.203 - - [26/May/2016:01:12:57 -0700] "GET /GitHub-Mark.png HTTP/1.1" 200 7428 "http://www.secrepo.com/" "Mozilla/5.0 (iPhone; CPU iPhone OS 9_3_2 like Mac OS X) AppleWebKit/601.1.46 (KHTML, like Gecko) Version/9.0 Mobile/13F69 Safari/601.1" 
223.136.143.203 - - [26/May/2016:01:12:56 -0700] "GET /twitter-icon.png HTTP/1.1" 200 27787 "http://www.secrepo.com/" "Mozilla/5.0 (iPhone; CPU iPhone OS 9_3_2 like Mac OS X) AppleWebKit/601.1.46 (KHTML, like Gecko) Version/9.0 Mobile/13F69 Safari/601.1" 
223.136.143.203 - - [26/May/2016:01:13:11 -0700] "GET /tg/c.zip HTTP/1.1" 200 63359118 "http://www.secrepo.com/" "Mozilla/5.0 (iPhone; CPU iPhone OS 9_3_2 like Mac OS X) AppleWebKit/601.1.46 (KHTML, like Gecko) Version/9.0 Mobile/13F69 Safari/601.1" 
220.181.51.52 - - [26/May/2016:01:14:57 -0700] "GET / HTTP/1.1" 301 442 "-" "curl/7.22.0 (x86_64-pc-linux-gnu) libcurl/7.22.0 OpenSSL/1.0.1 zlib/1.2.3.4 libidn/1.23 librtmp/2.3" 
51.255.65.58 - - [26/May/2016:01:15:27 -0700] "GET /self.logs/access.log.2015-05-05.gz HTTP/1.1" 200 4387 "-" "Mozilla/5.0 (compatible; AhrefsBot/5.1; +http://ahrefs.com/robot/)" 
164.132.161.54 - - [26/May/2016:01:15:41 -0700] "GET /self.logs/access.log.2015-10-01.gz HTTP/1.1" 200 4450 "-" "Mozilla/5.0 (compatible; AhrefsBot/5.1; +http://ahrefs.com/robot/)" 
111.23.4.148 - - [26/May/2016:01:24:32 -0700] "GET /tg/a.zip HTTP/1.1" 304 132 "-" "Mozilla/5.0 Gecko/20100115 Firefox/3.6" 
94.23.3.191 - - [26/May/2016:01:26:50 -0700] "GET /index.php/admin/ HTTP/1.1" 301 511 "-" "Mozilla/5.0 (Windows NT 6.1; WOW64) AppleWebKit/537.1 (KHTML, like Gecko) Chrome/23.0.1271.6 Safari/537.11" 
94.23.3.191 - - [26/May/2016:01:26:52 -0700] "GET /index.php/admin/ HTTP/1.1" 404 340 "-" "Mozilla/5.0 (Windows NT 6.1; WOW64) AppleWebKit/537.1 (KHTML, like Gecko) Chrome/23.0.1271.6 Safari/537.11" 
151.80.31.172 - - [26/May/2016:01:31:01 -0700] "GET /self.logs/error.log.2015-09-25.gz HTTP/1.1" 200 742 "-" "Mozilla/5.0 (compatible; AhrefsBot/5.1; +http://ahrefs.com/robot/)" 
58.6.54.187 - - [26/May/2016:01:34:51 -0700] "GET / HTTP/1.1" 200 9878 "-" "Mozilla/5.0 (Macintosh; Intel Mac OS X 10_11_5) AppleWebKit/601.6.17 (KHTML, like Gecko)" 
