104.151.227.213 - - [29/Aug/2015:02:36:29 -0700] "GET /honeypot/BSidesDFW - 2014.ipynb HTTP/1.0" 404 303 "http://www.secrepo.com/" "Mozilla/5.0 (Windows NT 6.1; WOW64) AppleWebKit/537.36 (KHTML, like Gecko) Dragon/36.1.1.21 Chrome/36.0.1985.97 Safari/537.36" 
104.151.227.213 - - [29/Aug/2015:02:36:29 -0700] "GET / HTTP/1.1" 200 7347 "http://www.secrepo.com" "Mozilla/5.0 (Windows NT 6.1; WOW64) AppleWebKit/537.36 (KHTML, like Gecko) Dragon/36.1.1.21 Chrome/36.0.1985.97 Safari/537.36" 
192.187.113.250 - - [29/Aug/2015:03:11:45 -0700] "GET /honeypot/Honeypot%20-%20Howto.pdf HTTP/1.1" 200 1279418 "-" "Mozilla/4.0 (compatible; MSIE 6.0; Windows NT 5.1; SV1; Mozilla/4.0 (compatible; MSIE 6.0; Windows NT 5.1; SV1) ; .NET CLR 2.0.50727 ; .NET CLR 4.0.30319)" 
192.187.113.250 - - [29/Aug/2015:03:18:04 -0700] "GET /honeypot/Honeypot%20-%20Howto%20-%20BSides%20Austin.pdf HTTP/1.1" 200 1319840 "-" "Mozilla/4.0 (compatible; MSIE 6.0; Windows NT 5.1; SV1; Mozilla/4.0 (compatible; MSIE 6.0; Windows NT 5.1; SV1) ; .NET CLR 2.0.50727 ; .NET CLR 4.0.30319)" 
87.88.248.211 - - [29/Aug/2015:03:51:22 -0700] "GET / HTTP/1.1" 200 7347 "http://www2.mlsecproject.org/" "Mozilla/5.0 (Macintosh; Intel Mac OS X 10_10_4) AppleWebKit/537.36 (KHTML, like Gecko) Chrome/44.0.2403.157 Safari/537.36" 
87.88.248.211 - - [29/Aug/2015:03:51:22 -0700] "GET /bootstrap/img/favicon.ico HTTP/1.1" 200 589 "http://www.secrepo.com/" "Mozilla/5.0 (Macintosh; Intel Mac OS X 10_10_4) AppleWebKit/537.36 (KHTML, like Gecko) Chrome/44.0.2403.157 Safari/537.36" 
142.4.106.213 - - [29/Aug/2015:03:58:19 -0700] "GET /honeypot/BSidesDFW%20-%202014.ipynb HTTP/1.1" 200 311255 "-" "Mozilla/4.0 (compatible; MSIE 6.0; Windows NT 5.1; SV1; Mozilla/4.0 (compatible; MSIE 6.0; Windows NT 5.1; SV1) )" 
142.4.106.213 - - [29/Aug/2015:03:58:21 -0700] "POST /honeypot/BSidesDFW%20-%202014.ipynb/trackback/ HTTP/1.1" 404 303 "http://www.secrepo.com/honeypot/BSidesDFW - 2014.ipynb" "Mozilla/4.0 (compatible; MSIE 6.0; Windows NT 5.1)" 
123.182.148.167 - - [29/Aug/2015:04:06:36 -0700] "GET /honeypot/BSidesDFW+-+2014.ipynb HTTP/1.0" 404 284 "http://www.secrepo.com/honeypot/BSidesDFW+-+2014.ipynb" "Mozilla/5.0 (Windows NT 6.3; WOW64) AppleWebKit/537.36 (KHTML, like Gecko) Chrome/41.0.2272.101 Safari/537.36" 
192.187.113.250 - - [29/Aug/2015:04:25:29 -0700] "GET /honeypot/Honeypot%20-%20Howto.pdf HTTP/1.1" 200 1279418 "-" "Mozilla/4.0 (compatible; MSIE 6.0; Windows NT 5.1)" 
192.187.113.250 - - [29/Aug/2015:04:33:13 -0700] "GET /honeypot/Honeypot%20-%20Howto%20-%20BSides%20Austin.pdf HTTP/1.1" 418 584 "-" "Mozilla/4.0 (compatible; MSIE 6.0; Windows NT 5.1; SV1)" 
180.76.15.16 - - [29/Aug/2015:05:05:55 -0700] "GET /self.logs/ HTTP/1.1" 200 4923 "-" "Mozilla/5.0 (compatible; Baiduspider/2.0; +http://www.baidu.com/search/spider.html)" 
104.197.157.185 - - [29/Aug/2015:05:27:28 -0700] "GET / HTTP/1.1" 200 7347 "-" "Mozilla/5.0 (Macintosh; Intel Mac OS X 10_10_0) AppleWebKit/537.36 (KHTML, like Gecko) Chrome/38.0.2125.101 Safari/537.36" 
104.197.157.185 - - [29/Aug/2015:05:27:29 -0700] "GET /twitter-icon.png HTTP/1.1" 200 27787 "http://www.secrepo.com/" "Mozilla/5.0 (Macintosh; Intel Mac OS X 10_10_0) AppleWebKit/537.36 (KHTML, like Gecko) Chrome/38.0.2125.101 Safari/537.36" 
104.197.157.185 - - [29/Aug/2015:05:27:29 -0700] "GET /GitHub-Mark.png HTTP/1.1" 200 7428 "http://www.secrepo.com/" "Mozilla/5.0 (Macintosh; Intel Mac OS X 10_10_0) AppleWebKit/537.36 (KHTML, like Gecko) Chrome/38.0.2125.101 Safari/537.36" 
192.187.113.250 - - [29/Aug/2015:05:48:50 -0700] "GET /honeypot/Honeypot%20-%20Howto.pdf HTTP/1.1" 418 584 "-" "Mozilla/4.0 (compatible; MSIE 6.0; Windows NT 5.1; SV1)" 
192.187.113.250 - - [29/Aug/2015:05:51:43 -0700] "GET /honeypot/Honeypot%20-%20Howto%20-%20BSides%20Austin.pdf HTTP/1.1" 200 1433720 "-" "Mozilla/4.0 (compatible; MSIE 6.0; Windows NT 5.1; SV1; Mozilla/4.0 (compatible; MSIE 6.0; Windows NT 5.1; SV1) ; .NET CLR 1.0.3705)" 
207.46.13.82 - - [29/Aug/2015:05:53:42 -0700] "GET /self.logs/error.log.2015-03-04.gz HTTP/1.1" 200 1027 "-" "Mozilla/5.0 (compatible; bingbot/2.0; +http://www.bing.com/bingbot.htm)" 
220.181.108.116 - - [29/Aug/2015:06:19:24 -0700] "GET /honeypot/Honeypot%20-%20Howto%20-%20BSides%20Austin.pdf HTTP/1.1" 200 2928423 "-" "Mozilla/5.0 (compatible; Baiduspider/2.0; +http://www.baidu.com/search/spider.html)" 
182.118.25.225 - - [29/Aug/2015:06:27:15 -0700] "GET /robots.txt HTTP/1.1" 200 334 "http://www.secrepo.com/robots.txt" "Mozilla/5.0 (compatible; MSIE 9.0; Windows NT 6.1; Trident/5.0); 360Spider(compatible; HaosouSpider; http://www.haosou.com/help/help_3_2.html)" 
142.4.106.213 - - [29/Aug/2015:06:31:03 -0700] "GET /honeypot/BSidesDFW%20-%202014.ipynb HTTP/1.1" 200 548960 "-" "Mozilla/4.0 (compatible; MSIE 6.0; Windows NT 5.1; SV1; Mozilla/4.0 (compatible; MSIE 6.0; Windows NT 5.1; SV1) ; .NET CLR 2.0.50727 ; .NET CLR 4.0.30319)" 
142.4.106.213 - - [29/Aug/2015:06:31:04 -0700] "POST /honeypot/BSidesDFW%20-%202014.ipynb/trackback/ HTTP/1.1" 418 547 "http://www.secrepo.com/honeypot/BSidesDFW - 2014.ipynb" "Mozilla/4.0 (compatible; MSIE 6.0; Windows NT 5.1; SV1)" 
199.16.156.126 - - [29/Aug/2015:06:47:31 -0700] "GET /robots.txt HTTP/1.1" 200 304 "-" "Twitterbot/1.0" 
199.16.156.126 - - [29/Aug/2015:06:47:31 -0700] "GET /honeypot/Honeypot%20-%20Howto%20-%20BSides%20Austin.pdf HTTP/1.1" 200 2928404 "-" "Twitterbot/1.0" 
192.187.113.250 - - [29/Aug/2015:07:00:01 -0700] "GET /honeypot/Honeypot%20-%20Howto.pdf HTTP/1.1" 200 1279418 "-" "Mozilla/4.0 (compatible; MSIE 6.0; Windows NT 5.1; SV1; Mozilla/4.0 (compatible; MSIE 6.0; Windows NT 5.1; SV1) ; .NET CLR 1.0.3705)" 
66.249.67.117 - - [29/Aug/2015:07:01:33 -0700] "GET / HTTP/1.1" 200 7347 "-" "SAMSUNG-SGH-E250/1.0 Profile/MIDP-2.0 Configuration/CLDC-1.1 UP.Browser/6.2.3.3.c.1.101 (GUI) MMP/2.0 (compatible; Googlebot-Mobile/2.1; +http://www.google.com/bot.html)" 
95.168.217.24 - - [29/Aug/2015:07:01:53 -0700] "GET /honeypot/BSidesDFW%20-%202014.ipynb HTTP/1.0" 200 930836 "http://www.secrepo.com/" "Mozilla/5.0 (Windows NT 6.1; WOW64) AppleWebKit/537.36 (KHTML, like Gecko) Dragon/36.1.1.21 Chrome/36.0.1985.97 Safari/537.36" 
192.187.113.250 - - [29/Aug/2015:07:05:36 -0700] "GET /honeypot/Honeypot%20-%20Howto%20-%20BSides%20Austin.pdf HTTP/1.1" 200 1557820 "-" "Mozilla/4.0 (compatible; MSIE 6.0; Windows NT 5.1; SV1; Mozilla/4.0 (compatible; MSIE 6.0; Windows NT 5.1; SV1) ; .NET CLR 1.0.3705)" 
207.46.13.82 - - [29/Aug/2015:07:13:48 -0700] "GET /robots.txt HTTP/1.1" 200 289 "-" "Mozilla/5.0 (compatible; bingbot/2.0; +http://www.bing.com/bingbot.htm)" 
207.46.13.82 - - [29/Aug/2015:07:14:11 -0700] "GET /self.logs/access.log.2015-03-09.gz HTTP/1.1" 200 6422 "-" "Mozilla/5.0 (compatible; bingbot/2.0; +http://www.bing.com/bingbot.htm)" 
98.118.37.29 - - [29/Aug/2015:07:20:56 -0700] "GET / HTTP/1.1" 200 7347 "-" "Mozilla/5.0 (Windows NT 10.0; Win64; x64) AppleWebKit/537.36 (KHTML, like Gecko) Chrome/42.0.2311.135 Safari/537.36 Edge/12.10240" 
98.118.37.29 - - [29/Aug/2015:07:20:56 -0700] "GET /GitHub-Mark.png HTTP/1.1" 200 7428 "http://www.secrepo.com/" "Mozilla/5.0 (Windows NT 10.0; Win64; x64) AppleWebKit/537.36 (KHTML, like Gecko) Chrome/42.0.2311.135 Safari/537.36 Edge/12.10240" 
98.118.37.29 - - [29/Aug/2015:07:20:56 -0700] "GET /twitter-icon.png HTTP/1.1" 200 27787 "http://www.secrepo.com/" "Mozilla/5.0 (Windows NT 10.0; Win64; x64) AppleWebKit/537.36 (KHTML, like Gecko) Chrome/42.0.2311.135 Safari/537.36 Edge/12.10240" 
98.118.37.29 - - [29/Aug/2015:07:20:56 -0700] "GET /bootstrap/img/favicon.ico HTTP/1.1" 200 590 "-" "Mozilla/5.0 (Windows NT 10.0; Win64; x64) AppleWebKit/537.36 (KHTML, like Gecko) Chrome/42.0.2311.135 Safari/537.36 Edge/12.10240" 
54.201.47.254 - - [29/Aug/2015:07:25:41 -0700] "GET / HTTP/1.1" 301 446 "http://PROPRIOITALIANO.COM" "Mozilla/5.0 (X11; Ubuntu; Linux x86_64; rv:20.0) Gecko/20100101 Firefox/20.0" 
54.201.47.254 - - [29/Aug/2015:07:25:42 -0700] "GET / HTTP/1.1" 200 7310 "http://PROPRIOITALIANO.COM" "Mozilla/5.0 (X11; Ubuntu; Linux x86_64; rv:20.0) Gecko/20100101 Firefox/20.0" 
104.151.227.237 - - [29/Aug/2015:07:53:31 -0700] "GET /honeypot/BSidesDFW - 2014.ipynb HTTP/1.0" 404 303 "http://www.secrepo.com/" "Mozilla/5.0 (Windows NT 6.1; WOW64) AppleWebKit/537.36 (KHTML, like Gecko) Dragon/36.1.1.21 Chrome/36.0.1985.97 Safari/537.36" 
104.151.227.237 - - [29/Aug/2015:07:53:31 -0700] "GET / HTTP/1.1" 200 7347 "http://www.secrepo.com" "Mozilla/5.0 (Windows NT 6.1; WOW64) AppleWebKit/537.36 (KHTML, like Gecko) Dragon/36.1.1.21 Chrome/36.0.1985.97 Safari/537.36" 
54.66.138.101 - - [29/Aug/2015:08:09:52 -0700] "GET / HTTP/1.1" 301 461 "-" "Python-urllib/3.4" 
54.66.138.101 - - [29/Aug/2015:08:09:53 -0700] "GET / HTTP/1.1" 200 24399 "-" "Python-urllib/3.4" 
176.109.227.190 - - [29/Aug/2015:08:20:31 -0700] "GET /honeypot/BSidesDFW%252520-%2525202014.ipynb HTTP/1.0" 404 284 "http://www.secrepo.com/honeypot/BSidesDFW%252520-%2525202014.ipynb" "Mozilla/4.0 (compatible; MSIE 6.0; Windows NT 5.1; Q312461)" 
176.109.227.190 - - [29/Aug/2015:08:20:31 -0700] "GET / HTTP/1.0" 200 24399 "http://www.secrepo.com/" "Mozilla/4.0 (compatible; MSIE 6.0; Windows NT 5.1; Q312461)" 
192.187.113.250 - - [29/Aug/2015:08:59:19 -0700] "GET /honeypot/Honeypot%20-%20Howto.pdf HTTP/1.1" 200 1279418 "-" "Mozilla/4.0 (compatible; MSIE 6.0; Windows NT 5.1; SV1; Mozilla/4.0 (compatible; MSIE 6.0; Windows NT 5.1; SV1) ; .NET CLR 2.0.50727 ; .NET CLR 4.0.30319)" 
192.187.113.250 - - [29/Aug/2015:08:59:21 -0700] "GET /honeypot/Honeypot%20-%20Howto.pdf HTTP/1.1" 200 1279418 "-" "Mozilla/4.0 (compatible; MSIE 6.0; Windows NT 5.1)" 
192.187.113.250 - - [29/Aug/2015:08:59:20 -0700] "GET /honeypot/Honeypot%20-%20Howto.pdf HTTP/1.1" 200 1279418 "-" "Mozilla/4.0 (compatible; MSIE 6.0; Windows NT 5.1; SV1; Mozilla/4.0 (compatible; MSIE 6.0; Windows NT 5.1; SV1) ; .NET CLR 1.0.3705)" 
192.187.113.250 - - [29/Aug/2015:09:04:03 -0700] "GET /honeypot/Honeypot%20-%20Howto%20-%20BSides%20Austin.pdf HTTP/1.1" 418 584 "-" "Mozilla/4.0 (compatible; MSIE 6.0; Windows NT 5.1; SV1)" 
192.187.113.250 - - [29/Aug/2015:09:04:03 -0700] "GET /honeypot/Honeypot%20-%20Howto%20-%20BSides%20Austin.pdf HTTP/1.1" 200 1407440 "-" "Mozilla/4.0 (compatible; MSIE 6.0; Windows NT 5.1; SV1; Mozilla/4.0 (compatible; MSIE 6.0; Windows NT 5.1; SV1) )" 
192.187.113.250 - - [29/Aug/2015:09:04:03 -0700] "GET /honeypot/Honeypot%20-%20Howto%20-%20BSides%20Austin.pdf HTTP/1.1" 200 1376780 "-" "Mozilla/4.0 (compatible; MSIE 6.0; Windows NT 5.1; SV1; Mozilla/4.0 (compatible; MSIE 6.0; Windows NT 5.1; SV1) )" 
207.46.13.72 - - [29/Aug/2015:09:04:18 -0700] "GET / HTTP/1.1" 200 7347 "-" "Mozilla/5.0 (compatible; bingbot/2.0; +http://www.bing.com/bingbot.htm)" 
192.99.39.235 - - [29/Aug/2015:09:16:19 -0700] "GET /honeypot/Honeypot%20-%20Howto.pdf HTTP/1.1" 200 1279362 "-" "Mozilla/4.0 (compatible; MSIE 7.0; Windows NT 5.1; .NET CLR 2.0.50727; .NET CLR 1.1.4322)" 
177.81.110.197 - - [29/Aug/2015:10:05:58 -0700] "GET / HTTP/1.1" 301 483 "http://success-seo.com/try.php?u=http://secrepo.com" "Mozilla/5.0 (Windows NT 6.1; WOW64) AppleWebKit/537.36 (KHTML, like Gecko) Chrome/36.0.1985.143 Safari/537.36" 
177.81.110.197 - - [29/Aug/2015:10:06:01 -0700] "GET / HTTP/1.1" 200 7347 "http://success-seo.com/try.php?u=http://secrepo.com" "Mozilla/5.0 (Windows NT 6.1; WOW64) AppleWebKit/537.36 (KHTML, like Gecko) Chrome/36.0.1985.143 Safari/537.36" 
177.81.110.197 - - [29/Aug/2015:10:06:02 -0700] "GET /twitter-icon.png HTTP/1.1" 200 27787 "http://www.secrepo.com/" "Mozilla/5.0 (Windows NT 6.1; WOW64) AppleWebKit/537.36 (KHTML, like Gecko) Chrome/36.0.1985.143 Safari/537.36" 
177.81.110.197 - - [29/Aug/2015:10:06:03 -0700] "GET /GitHub-Mark.png HTTP/1.1" 200 7428 "http://www.secrepo.com/" "Mozilla/5.0 (Windows NT 6.1; WOW64) AppleWebKit/537.36 (KHTML, like Gecko) Chrome/36.0.1985.143 Safari/537.36" 
104.151.241.197 - - [29/Aug/2015:10:16:38 -0700] "GET /honeypot/BSidesDFW - 2014.ipynb HTTP/1.0" 404 303 "http://www.secrepo.com/" "Mozilla/5.0 (Windows NT 6.1; WOW64) AppleWebKit/537.36 (KHTML, like Gecko) Dragon/36.1.1.21 Chrome/36.0.1985.97 Safari/537.36" 
104.151.241.197 - - [29/Aug/2015:10:16:39 -0700] "GET / HTTP/1.1" 200 7347 "http://www.secrepo.com" "Mozilla/5.0 (Windows NT 6.1; WOW64) AppleWebKit/537.36 (KHTML, like Gecko) Dragon/36.1.1.21 Chrome/36.0.1985.97 Safari/537.36" 
195.91.224.113 - - [29/Aug/2015:10:34:25 -0700] "GET /honeypot/Honeypot%20-%20Howto.pdf HTTP/1.0" 200 291400 "http://yandex.ru/clck/jsredir?from=yandex.ru%3Bsearch%3Bweb%3B%3B&text=&etext=795.RlmuWVo045NJhT6hFZE-vRiGcMOnvIU5sQPqdph88-vdBGl3ql7cs7ctbMtDg7qf.2824ea33a003d5077ec621fb4f8256b67fd67a55&uuid=&state=AiuY0DBWFJ4ePaEse6rgeAjgs2pI3DW9J0KiE5XNXd0dp0ZMwFHoviUoYa6nzP7MFsomsouu4qfQySlD7AoM10p7AmjAjdvEruSswunVllBx_Ov82pRIPiQ5katX860Fe2sGsm45EafQyDaLUVguVi9tAe_5xK3uxhhUYLBAP--P3V8D2ncjjwCfzAqdhikLB2ZIjbMDJ2HRoAtAFYQGZQ&data=UlNrNmk5WktYejR0eWJFYk1LdmtxdFVvX2JPZzkyaEU2WFNsdVNGUmVZbHU3ZjQwYnJsWFQ4SC1qOC1WSk9yZmJ4bUd1UXFUUkg4TEZjWmVfMTJOSGdGWmYxM3NoVTBFWEF4d0ZVMFhHdFVFVmZZcXNSa3dBWjMwZTJ3bm1QeHctV0s5TkI4TWpiN3k1dkZpMUswMnRB&b64e=2&sign=202b9b2190c5e6d1aa13d8b367d9c0ee&keyno=0&l10n=ru&cts=1440865474742&mc=4.19375912292" "Mozilla/4.0 (compatible; MSIE 8.0; Windows NT 5.1; Trident/4.0)" 
109.252.211.125 - - [29/Aug/2015:10:34:25 -0700] "GET /honeypot/BSidesDFW%20-%202014.ipynb HTTP/1.0" 200 930799 "http://yandex.ru/clck/jsredir?from=yandex.ru%3Bsearch%3Bweb%3B%3B&text=&etext=795.sgXmHTQmyWhqVPmsmQhwZKLvuZ3A7ps6oU_YWzIt1G0.85cfed295eb91de46d6189bc0ea704f78760c632&uuid=&state=AiuY0DBWFJ4ePaEse6rgeAjgs2pI3DW9J0KiE5XNXd0dp0ZMwFHoviUoYa6nzP7MFsomsouu4qeZn_EJf2cRUzrAxl5AFJ-TolrGP-2U7-R9xTD2hUss7oaBeUBA9velBiCQgE33p4aTKdb19Puhe60L70yM2PknuSVkopu2svdDQV2SegU3vaNL7Z64tCG9ypeQzD7sAGWwt_dkUM48cg&data=UlNrNmk5WktYejR0eWJFYk1LdmtxdFVvX2JPZzkyaEU2WFNsdVNGUmVZbHU3ZjQwYnJsWFQzaTk3eklSTnotZ1h4SW1DUmpSY1JVWlAxT212aTdGbmljek9uMzIxTElNRnUyZGR2aTVBa0s3NFhUS3RwRGpUM3dFWFpzdzFVNFFSMmgyLWdyN2dRUmFQVDlHWE5OT2gxekt2YzRfWG5HRQ&b64e=2&sign=55a6f1a78f5734252e58b02f15c07d14&keyno=0&l10n=ru&cts=1440865474742&mc=3.31624445246" "Mozilla/4.0 (compatible; MSIE 8.0; Windows NT 5.1; Trident/4.0)" 
192.187.113.250 - - [29/Aug/2015:10:34:33 -0700] "GET /honeypot/Honeypot%20-%20Howto.pdf HTTP/1.1" 200 1279418 "-" "Mozilla/4.0 (compatible; MSIE 6.0; Windows NT 5.1; SV1; Mozilla/4.0 (compatible; MSIE 6.0; Windows NT 5.1; SV1) )" 
192.187.113.250 - - [29/Aug/2015:10:37:57 -0700] "GET /honeypot/Honeypot%20-%20Howto%20-%20BSides%20Austin.pdf HTTP/1.1" 418 584 "-" "Mozilla/4.0 (compatible; MSIE 6.0; Windows NT 5.1; SV1)" 
192.187.113.250 - - [29/Aug/2015:11:17:40 -0700] "GET /honeypot/Honeypot%20-%20Howto.pdf HTTP/1.1" 200 1279418 "-" "Mozilla/4.0 (compatible; MSIE 6.0; Windows NT 5.1)" 
192.187.113.250 - - [29/Aug/2015:11:21:55 -0700] "GET /honeypot/Honeypot%20-%20Howto%20-%20BSides%20Austin.pdf HTTP/1.1" 200 1388826 "-" "Mozilla/4.0 (compatible; MSIE 6.0; Windows NT 5.1; SV1; Mozilla/4.0 (compatible; MSIE 6.0; Windows NT 5.1; SV1) ; .NET CLR 2.0.50727 ; .NET CLR 4.0.30319)" 
98.126.7.132 - - [29/Aug/2015:11:22:45 -0700] "OPTIONS / HTTP/1.1" 200 270 "-" "Mozilla/5.0 (Windows NT 6.2; WOW64) AppleWebKit/537.36 (KHTML, like Gecko) Chrome/29.0.1547.0 Safari/537.36" 
207.46.13.125 - - [29/Aug/2015:11:36:45 -0700] "GET /robots.txt HTTP/1.1" 301 518 "-" "Mozilla/5.0 (compatible; bingbot/2.0; +http://www.bing.com/bingbot.htm)" 
207.46.13.125 - - [29/Aug/2015:11:36:47 -0700] "GET /robots.txt HTTP/1.1" 200 289 "-" "Mozilla/5.0 (compatible; bingbot/2.0; +http://www.bing.com/bingbot.htm)" 
104.151.227.213 - - [29/Aug/2015:11:59:09 -0700] "GET /honeypot/BSidesDFW - 2014.ipynb HTTP/1.0" 404 303 "http://www.secrepo.com/" "Mozilla/5.0 (Windows NT 6.1; WOW64) AppleWebKit/537.36 (KHTML, like Gecko) Dragon/36.1.1.21 Chrome/36.0.1985.97 Safari/537.36" 
104.151.227.213 - - [29/Aug/2015:11:59:10 -0700] "GET / HTTP/1.1" 200 7347 "http://www.secrepo.com" "Mozilla/5.0 (Windows NT 6.1; WOW64) AppleWebKit/537.36 (KHTML, like Gecko) Dragon/36.1.1.21 Chrome/36.0.1985.97 Safari/537.36" 
207.46.13.65 - - [29/Aug/2015:12:19:32 -0700] "GET /robots.txt HTTP/1.1" 200 289 "-" "Mozilla/5.0 (compatible; bingbot/2.0; +http://www.bing.com/bingbot.htm)" 
162.197.24.67 - - [29/Aug/2015:12:28:43 -0700] "GET / HTTP/1.1" 301 483 "-" "Mozilla/5.0 (Macintosh; Intel Mac OS X 10_10_2) AppleWebKit/537.36 (KHTML, like Gecko) Chrome/44.0.2403.125 Safari/537.36" 
162.197.24.67 - - [29/Aug/2015:12:28:43 -0700] "GET / HTTP/1.1" 200 7423 "-" "Mozilla/5.0 (Macintosh; Intel Mac OS X 10_10_2) AppleWebKit/537.36 (KHTML, like Gecko) Chrome/44.0.2403.125 Safari/537.36" 
162.197.24.67 - - [29/Aug/2015:12:28:44 -0700] "GET /twitter-icon.png HTTP/1.1" 200 27787 "http://www.secrepo.com/" "Mozilla/5.0 (Macintosh; Intel Mac OS X 10_10_2) AppleWebKit/537.36 (KHTML, like Gecko) Chrome/44.0.2403.125 Safari/537.36" 
162.197.24.67 - - [29/Aug/2015:12:28:44 -0700] "GET /GitHub-Mark.png HTTP/1.1" 200 7427 "http://www.secrepo.com/" "Mozilla/5.0 (Macintosh; Intel Mac OS X 10_10_2) AppleWebKit/537.36 (KHTML, like Gecko) Chrome/44.0.2403.125 Safari/537.36" 
162.197.24.67 - - [29/Aug/2015:12:28:44 -0700] "GET /bootstrap/img/favicon.ico HTTP/1.1" 200 589 "http://www.secrepo.com/" "Mozilla/5.0 (Macintosh; Intel Mac OS X 10_10_2) AppleWebKit/537.36 (KHTML, like Gecko) Chrome/44.0.2403.125 Safari/537.36" 
199.59.148.210 - - [29/Aug/2015:12:29:37 -0700] "GET /robots.txt HTTP/1.1" 301 446 "-" "Twitterbot/1.0" 
74.112.131.243 - - [29/Aug/2015:12:29:37 -0700] "GET / HTTP/1.1" 301 483 "-" "Mozilla/5.0 ()" 
199.59.148.211 - - [29/Aug/2015:12:29:37 -0700] "GET /robots.txt HTTP/1.1" 200 304 "-" "Twitterbot/1.0" 
199.59.148.210 - - [29/Aug/2015:12:29:37 -0700] "GET / HTTP/1.1" 301 427 "-" "Twitterbot/1.0" 
199.59.148.211 - - [29/Aug/2015:12:29:37 -0700] "GET / HTTP/1.1" 200 7367 "-" "Twitterbot/1.0" 
74.112.131.243 - - [29/Aug/2015:12:29:37 -0700] "GET / HTTP/1.1" 200 7423 "-" "Mozilla/5.0 ()" 
54.151.42.39 - - [29/Aug/2015:12:29:38 -0700] "HEAD / HTTP/1.1" 301 246 "-" "Google-HTTP-Java-Client/1.17.0-rc (gzip)" 
54.151.42.39 - - [29/Aug/2015:12:29:38 -0700] "HEAD / HTTP/1.1" 301 246 "-" "Google-HTTP-Java-Client/1.17.0-rc (gzip)" 
50.18.94.121 - - [29/Aug/2015:12:29:39 -0700] "HEAD / HTTP/1.1" 200 295 "-" "Google-HTTP-Java-Client/1.17.0-rc (gzip)" 
50.18.94.121 - - [29/Aug/2015:12:29:39 -0700] "HEAD / HTTP/1.1" 200 295 "-" "Google-HTTP-Java-Client/1.17.0-rc (gzip)" 
74.6.254.140 - - [29/Aug/2015:12:29:40 -0700] "GET /robots.txt HTTP/1.1" 301 462 "-" "Mozilla/5.0 (compatible; Yahoo! Slurp; http://help.yahoo.com/help/us/ysearch/slurp)" 
74.6.254.140 - - [29/Aug/2015:12:29:40 -0700] "HEAD / HTTP/1.1" 301 234 "-" "Mozilla/5.0 (compatible; Yahoo! Slurp; http://help.yahoo.com/help/us/ysearch/slurp)" 
74.6.254.95 - - [29/Aug/2015:12:29:40 -0700] "GET /robots.txt HTTP/1.1" 200 233 "-" "Mozilla/5.0 (compatible; Yahoo! Slurp; http://help.yahoo.com/help/us/ysearch/slurp)" 
74.6.254.95 - - [29/Aug/2015:12:29:40 -0700] "HEAD / HTTP/1.1" 200 262 "-" "Mozilla/5.0 (compatible; Yahoo! Slurp; http://help.yahoo.com/help/us/ysearch/slurp)" 
17.142.151.67 - - [29/Aug/2015:12:29:43 -0700] "GET / HTTP/1.1" 301 483 "-" "Mozilla/5.0 (Macintosh; Intel Mac OS X 10_10_1) AppleWebKit/600.2.5 (KHTML, like Gecko) Version/8.0.2 Safari/600.2.5 (Applebot/0.1; +http://www.apple.com/go/applebot)" 
23.96.208.137 - - [29/Aug/2015:12:29:44 -0700] "GET / HTTP/1.1" 301 483 "-" "Mozilla/5.0 (compatible; MSIE 10.0; Windows NT 6.1; Trident/6.0)" 
23.96.208.137 - - [29/Aug/2015:12:29:44 -0700] "GET / HTTP/1.1" 200 7423 "-" "Mozilla/5.0 (compatible; MSIE 10.0; Windows NT 6.1; Trident/6.0)" 
17.142.151.67 - - [29/Aug/2015:12:29:50 -0700] "GET / HTTP/1.1" 200 7423 "-" "Mozilla/5.0 (Macintosh; Intel Mac OS X 10_10_1) AppleWebKit/600.2.5 (KHTML, like Gecko) Version/8.0.2 Safari/600.2.5 (Applebot/0.1; +http://www.apple.com/go/applebot)" 
178.33.236.26 - - [29/Aug/2015:12:29:58 -0700] "GET /robots.txt HTTP/1.1" 301 502 "-" "Mozilla/5.0 (compatible; Kraken/0.1; http://linkfluence.net/; bot@linkfluence.net)" 
178.33.236.26 - - [29/Aug/2015:12:29:58 -0700] "GET /robots.txt HTTP/1.1" 200 334 "-" "Mozilla/5.0 (compatible; Kraken/0.1; http://linkfluence.net/; bot@linkfluence.net)" 
150.70.97.122 - - [29/Aug/2015:12:31:17 -0700] "GET / HTTP/1.1" 301 442 "-" "Mozilla/4.0 (compatible; MSIE 8.0; Windows NT 5.1; Trident/4.0)" 
150.70.173.50 - - [29/Aug/2015:12:31:27 -0700] "GET / HTTP/1.1" 301 442 "-" "Mozilla/4.0 (compatible; MSIE 8.0; Windows NT 5.1; Trident/4.0)" 
96.241.209.53 - - [29/Aug/2015:12:35:57 -0700] "GET / HTTP/1.1" 301 483 "http://t.co/pArNAxyuQQ" "Mozilla/5.0 (iPhone; CPU iPhone OS 8_4_1 like Mac OS X) AppleWebKit/600.1.4 (KHTML, like Gecko) Mobile/12H321 Twitter for iPhone" 
96.241.209.53 - - [29/Aug/2015:12:35:57 -0700] "GET / HTTP/1.1" 200 7423 "http://t.co/pArNAxyuQQ" "Mozilla/5.0 (iPhone; CPU iPhone OS 8_4_1 like Mac OS X) AppleWebKit/600.1.4 (KHTML, like Gecko) Mobile/12H321 Twitter for iPhone" 
96.241.209.53 - - [29/Aug/2015:12:35:57 -0700] "GET /twitter-icon.png HTTP/1.1" 200 27787 "http://www.secrepo.com/" "Mozilla/5.0 (iPhone; CPU iPhone OS 8_4_1 like Mac OS X) AppleWebKit/600.1.4 (KHTML, like Gecko) Mobile/12H321 Twitter for iPhone" 
96.241.209.53 - - [29/Aug/2015:12:35:57 -0700] "GET /GitHub-Mark.png HTTP/1.1" 200 7428 "http://www.secrepo.com/" "Mozilla/5.0 (iPhone; CPU iPhone OS 8_4_1 like Mac OS X) AppleWebKit/600.1.4 (KHTML, like Gecko) Mobile/12H321 Twitter for iPhone" 
54.198.122.232 - - [29/Aug/2015:12:36:39 -0700] "GET / HTTP/1.1" 301 446 "-" "Mozilla/5.0 (Macintosh; Intel Mac OS X 10_6_6) AppleWebKit/534.24 (KHTML, like Gecko) (Contact: backend@getprismatic.com)" 
54.198.122.232 - - [29/Aug/2015:12:36:39 -0700] "GET / HTTP/1.1" 200 7386 "-" "Mozilla/5.0 (Macintosh; Intel Mac OS X 10_6_6) AppleWebKit/534.24 (KHTML, like Gecko) (Contact: backend@getprismatic.com)" 
92.221.148.40 - - [29/Aug/2015:12:41:17 -0700] "GET /robots.txt HTTP/1.0" 200 252 "-" "Mozilla/5.0 (compatible; MJ12bot/v1.4.4; http://www.majestic12.co.uk/bot.php?+)" 
92.221.148.40 - - [29/Aug/2015:12:41:21 -0700] "GET /honeypot//%22http://amunhoney.sourceforge.net//%22 HTTP/1.0" 404 303 "-" "Mozilla/5.0 (compatible; MJ12bot/v1.4.4; http://www.majestic12.co.uk/bot.php?+)" 
92.221.148.40 - - [29/Aug/2015:12:41:26 -0700] "GET /honeypot//%22http://glastopf.org//%22 HTTP/1.0" 404 303 "-" "Mozilla/5.0 (compatible; MJ12bot/v1.4.4; http://www.majestic12.co.uk/bot.php?+)" 
92.221.148.40 - - [29/Aug/2015:12:41:31 -0700] "GET /honeypot//%22http://www.maxmind.com/%22 HTTP/1.0" 404 303 "-" "Mozilla/5.0 (compatible; MJ12bot/v1.4.4; http://www.majestic12.co.uk/bot.php?+)" 
92.221.148.40 - - [29/Aug/2015:12:41:34 -0700] "GET /honeypot//%22https://twitter.com/sooshie/%22 HTTP/1.0" 404 303 "-" "Mozilla/5.0 (compatible; MJ12bot/v1.4.4; http://www.majestic12.co.uk/bot.php?+)" 
92.221.148.40 - - [29/Aug/2015:12:41:39 -0700] "GET /honeypot//%22https://twitter.com/theroxyd/%22 HTTP/1.0" 404 303 "-" "Mozilla/5.0 (compatible; MJ12bot/v1.4.4; http://www.majestic12.co.uk/bot.php?+)" 
74.6.254.140 - - [29/Aug/2015:12:44:10 -0700] "HEAD / HTTP/1.1" 301 234 "-" "Mozilla/5.0 (compatible; Yahoo! Slurp; http://help.yahoo.com/help/us/ysearch/slurp)" 
74.6.254.95 - - [29/Aug/2015:12:44:10 -0700] "HEAD / HTTP/1.1" 200 262 "-" "Mozilla/5.0 (compatible; Yahoo! Slurp; http://help.yahoo.com/help/us/ysearch/slurp)" 
52.20.221.186 - - [29/Aug/2015:12:52:06 -0700] "GET /robots.txt HTTP/1.1" 301 446 "-" "Mozilla/5.0 (Macintosh; Intel Mac OS X 10.9; rv:28.0) Gecko/20100101 Firefox/28.0 (FlipboardProxy/1.1; +http://flipboard.com/browserproxy)" 
52.20.221.186 - - [29/Aug/2015:12:52:06 -0700] "GET / HTTP/1.1" 301 427 "-" "Mozilla/5.0 (Macintosh; Intel Mac OS X 10.9; rv:28.0) Gecko/20100101 Firefox/28.0 (FlipboardProxy/1.1; +http://flipboard.com/browserproxy)" 
52.20.221.186 - - [29/Aug/2015:12:52:06 -0700] "GET /robots.txt HTTP/1.1" 200 304 "-" "Mozilla/5.0 (Macintosh; Intel Mac OS X 10.9; rv:28.0) Gecko/20100101 Firefox/28.0 (FlipboardProxy/1.1; +http://flipboard.com/browserproxy)" 
52.20.221.186 - - [29/Aug/2015:12:52:06 -0700] "GET / HTTP/1.1" 200 7367 "-" "Mozilla/5.0 (Macintosh; Intel Mac OS X 10.9; rv:28.0) Gecko/20100101 Firefox/28.0 (FlipboardProxy/1.1; +http://flipboard.com/browserproxy)" 
98.206.140.26 - - [29/Aug/2015:12:57:51 -0700] "GET / HTTP/1.1" 200 7423 "-" "Mozilla/5.0 (iPhone; CPU iPhone OS 8_4_1 like Mac OS X) AppleWebKit/600.1.4 (KHTML, like Gecko) Version/8.0 Mobile/12H321 Safari/600.1.4" 
98.206.140.26 - - [29/Aug/2015:12:57:52 -0700] "GET /twitter-icon.png HTTP/1.1" 200 27787 "http://www.secrepo.com/" "Mozilla/5.0 (iPhone; CPU iPhone OS 8_4_1 like Mac OS X) AppleWebKit/600.1.4 (KHTML, like Gecko) Version/8.0 Mobile/12H321 Safari/600.1.4" 
98.206.140.26 - - [29/Aug/2015:12:57:52 -0700] "GET /GitHub-Mark.png HTTP/1.1" 200 7428 "http://www.secrepo.com/" "Mozilla/5.0 (iPhone; CPU iPhone OS 8_4_1 like Mac OS X) AppleWebKit/600.1.4 (KHTML, like Gecko) Version/8.0 Mobile/12H321 Safari/600.1.4" 
192.187.113.250 - - [29/Aug/2015:13:15:09 -0700] "GET /honeypot/Honeypot%20-%20Howto.pdf HTTP/1.1" 200 1279418 "-" "Mozilla/4.0 (compatible; MSIE 6.0; Windows NT 5.1)" 
52.20.188.1 - - [29/Aug/2015:13:19:25 -0700] "GET / HTTP/1.1" 301 427 "-" "Mozilla/5.0 (Macintosh; Intel Mac OS X 10.9; rv:28.0) Gecko/20100101 Firefox/28.0 (FlipboardProxy/1.1; +http://flipboard.com/browserproxy)" 
52.20.188.1 - - [29/Aug/2015:13:19:25 -0700] "GET / HTTP/1.1" 200 7367 "-" "Mozilla/5.0 (Macintosh; Intel Mac OS X 10.9; rv:28.0) Gecko/20100101 Firefox/28.0 (FlipboardProxy/1.1; +http://flipboard.com/browserproxy)" 
192.187.113.250 - - [29/Aug/2015:13:24:59 -0700] "GET /honeypot/Honeypot%20-%20Howto%20-%20BSides%20Austin.pdf HTTP/1.1" 200 1683380 "-" "Mozilla/4.0 (compatible; MSIE 6.0; Windows NT 5.1; SV1; Mozilla/4.0 (compatible; MSIE 6.0; Windows NT 5.1; SV1) ; .NET CLR 2.0.50727 ; .NET CLR 4.0.30319)" 
74.6.254.95 - - [29/Aug/2015:13:30:28 -0700] "GET / HTTP/1.1" 200 7367 "-" "Mozilla/5.0 (compatible; Yahoo! Slurp; http://help.yahoo.com/help/us/ysearch/slurp)" 
104.130.160.233 - - [29/Aug/2015:13:32:32 -0700] "GET /robots.txt HTTP/1.1" 301 446 "-" "Tornado-Async-Client" 
104.130.160.233 - - [29/Aug/2015:13:32:32 -0700] "GET /robots.txt HTTP/1.1" 200 304 "-" "Tornado-Async-Client" 
104.130.160.233 - - [29/Aug/2015:13:32:32 -0700] "GET /honeypot/BSidesDFW%20-%202014.ipynb HTTP/1.1" 301 484 "-" "Tornado-Async-Client" 
104.130.160.233 - - [29/Aug/2015:13:32:32 -0700] "GET /honeypot/BSidesDFW%20-%202014.ipynb HTTP/1.1" 200 930780 "-" "Tornado-Async-Client" 
180.76.15.18 - - [29/Aug/2015:13:36:32 -0700] "GET / HTTP/1.1" 200 7386 "-" "Mozilla/5.0 (compatible; Baiduspider/2.0; +http://www.baidu.com/search/spider.html)" 
52.22.11.228 - - [29/Aug/2015:13:39:37 -0700] "GET / HTTP/1.1" 301 427 "-" "Mozilla/5.0 (Macintosh; Intel Mac OS X 10.9; rv:28.0) Gecko/20100101 Firefox/28.0 (FlipboardProxy/1.1; +http://flipboard.com/browserproxy)" 
52.22.11.228 - - [29/Aug/2015:13:39:37 -0700] "GET / HTTP/1.1" 200 7367 "-" "Mozilla/5.0 (Macintosh; Intel Mac OS X 10.9; rv:28.0) Gecko/20100101 Firefox/28.0 (FlipboardProxy/1.1; +http://flipboard.com/browserproxy)" 
54.176.137.163 - - [29/Aug/2015:13:50:10 -0700] "HEAD / HTTP/1.1" 301 246 "-" "Mozilla/5.0 (Macintosh; Intel Mac OS X 10_9_3) AppleWebKit/537.36 (KHTML, like Gecko) Chrome/35.0.1916.153 Safari/537.36" 
54.176.137.163 - - [29/Aug/2015:13:50:10 -0700] "HEAD / HTTP/1.1" 200 295 "-" "Mozilla/5.0 (Macintosh; Intel Mac OS X 10_9_3) AppleWebKit/537.36 (KHTML, like Gecko) Chrome/35.0.1916.153 Safari/537.36" 
85.25.100.194 - - [29/Aug/2015:13:50:16 -0700] "GET /robots.txt HTTP/1.0" 200 252 "-" "Mozilla/5.0 (compatible; MJ12bot/v1.4.5; http://www.majestic12.co.uk/bot.php?+)" 
85.25.100.194 - - [29/Aug/2015:13:50:39 -0700] "GET /honeypot//%22https://twitter.com/theroxyd/%22 HTTP/1.0" 404 284 "-" "Mozilla/5.0 (compatible; MJ12bot/v1.4.5; http://www.majestic12.co.uk/bot.php?+)" 
189.24.85.119 - - [29/Aug/2015:13:59:36 -0700] "GET / HTTP/1.1" 200 7423 "http://www2.mlsecproject.org/" "Mozilla/5.0 (Macintosh; Intel Mac OS X 10_10_4) AppleWebKit/537.36 (KHTML, like Gecko) Chrome/44.0.2403.157 Safari/537.36" 
189.24.85.119 - - [29/Aug/2015:13:59:38 -0700] "GET /twitter-icon.png HTTP/1.1" 200 27787 "http://www.secrepo.com/" "Mozilla/5.0 (Macintosh; Intel Mac OS X 10_10_4) AppleWebKit/537.36 (KHTML, like Gecko) Chrome/44.0.2403.157 Safari/537.36" 
189.24.85.119 - - [29/Aug/2015:13:59:38 -0700] "GET /GitHub-Mark.png HTTP/1.1" 200 7428 "http://www.secrepo.com/" "Mozilla/5.0 (Macintosh; Intel Mac OS X 10_10_4) AppleWebKit/537.36 (KHTML, like Gecko) Chrome/44.0.2403.157 Safari/537.36" 
189.24.85.119 - - [29/Aug/2015:13:59:39 -0700] "GET /bootstrap/img/favicon.ico HTTP/1.1" 200 589 "http://www.secrepo.com/" "Mozilla/5.0 (Macintosh; Intel Mac OS X 10_10_4) AppleWebKit/537.36 (KHTML, like Gecko) Chrome/44.0.2403.157 Safari/537.36" 
207.46.13.125 - - [29/Aug/2015:14:02:54 -0700] "GET /self.logs/access.log.2015-04-06.gz HTTP/1.1" 301 546 "-" "Mozilla/5.0 (compatible; bingbot/2.0; +http://www.bing.com/bingbot.htm)" 
98.206.140.26 - - [29/Aug/2015:14:06:58 -0700] "GET / HTTP/1.1" 304 189 "-" "Mozilla/5.0 (iPhone; CPU iPhone OS 8_4_1 like Mac OS X) AppleWebKit/600.1.4 (KHTML, like Gecko) Version/8.0 Mobile/12H321 Safari/600.1.4" 
66.249.79.123 - - [29/Aug/2015:14:11:46 -0700] "GET /robots.txt HTTP/1.1" 200 334 "-" "Mozilla/5.0 (compatible; Googlebot/2.1; +http://www.google.com/bot.html)" 
66.249.79.2 - - [29/Aug/2015:14:11:46 -0700] "GET /favicon.ico HTTP/1.1" 304 163 "-" "Googlebot-Image/1.0" 
70.112.16.117 - - [29/Aug/2015:14:19:02 -0700] "GET / HTTP/1.1" 200 7423 "-" "Mozilla/5.0 (Macintosh; Intel Mac OS X 10_10_5) AppleWebKit/537.36 (KHTML, like Gecko) Chrome/44.0.2403.157 Safari/537.36" 
104.130.160.233 - - [29/Aug/2015:14:19:25 -0700] "GET /robots.txt HTTP/1.1" 301 446 "-" "Tornado-Async-Client" 
104.130.160.233 - - [29/Aug/2015:14:19:25 -0700] "GET /robots.txt HTTP/1.1" 200 304 "-" "Tornado-Async-Client" 
104.130.160.233 - - [29/Aug/2015:14:19:25 -0700] "GET /honeypot/BSidesDFW%20-%202014.ipynb HTTP/1.1" 301 484 "-" "Tornado-Async-Client" 
104.130.160.233 - - [29/Aug/2015:14:19:25 -0700] "GET /honeypot/BSidesDFW%20-%202014.ipynb HTTP/1.1" 200 930780 "-" "Tornado-Async-Client" 
70.112.16.117 - - [29/Aug/2015:14:19:35 -0700] "GET /honeypot/honeypot.json.zip HTTP/1.1" 200 4631873 "http://www.secrepo.com/" "Mozilla/5.0 (Macintosh; Intel Mac OS X 10_10_5) AppleWebKit/537.36 (KHTML, like Gecko) Chrome/44.0.2403.157 Safari/537.36" 
70.112.16.117 - - [29/Aug/2015:14:19:53 -0700] "GET /auth.log/auth.log.gz HTTP/1.1" 200 554524 "http://www.secrepo.com/" "Mozilla/5.0 (Macintosh; Intel Mac OS X 10_10_5) AppleWebKit/537.36 (KHTML, like Gecko) Chrome/44.0.2403.157 Safari/537.36" 
70.112.16.117 - - [29/Aug/2015:14:21:52 -0700] "GET /maccdc2012/dhcp.log.gz HTTP/1.1" 200 45019 "http://www.secrepo.com/" "Mozilla/5.0 (Macintosh; Intel Mac OS X 10_10_5) AppleWebKit/537.36 (KHTML, like Gecko) Chrome/44.0.2403.157 Safari/537.36" 
70.112.16.117 - - [29/Aug/2015:14:21:55 -0700] "GET /maccdc2012/files.log.gz HTTP/1.1" 200 78522 "http://www.secrepo.com/" "Mozilla/5.0 (Macintosh; Intel Mac OS X 10_10_5) AppleWebKit/537.36 (KHTML, like Gecko) Chrome/44.0.2403.157 Safari/537.36" 
70.112.16.117 - - [29/Aug/2015:14:21:56 -0700] "GET /maccdc2012/ftp.log.gz HTTP/1.1" 200 128116 "http://www.secrepo.com/" "Mozilla/5.0 (Macintosh; Intel Mac OS X 10_10_5) AppleWebKit/537.36 (KHTML, like Gecko) Chrome/44.0.2403.157 Safari/537.36" 
70.112.16.117 - - [29/Aug/2015:14:21:57 -0700] "GET /maccdc2012/http.log.gz HTTP/1.1" 200 78522 "http://www.secrepo.com/" "Mozilla/5.0 (Macintosh; Intel Mac OS X 10_10_5) AppleWebKit/537.36 (KHTML, like Gecko) Chrome/44.0.2403.157 Safari/537.36" 
70.112.16.117 - - [29/Aug/2015:14:21:59 -0700] "GET /maccdc2012/notice.log.gz HTTP/1.1" 200 20779 "http://www.secrepo.com/" "Mozilla/5.0 (Macintosh; Intel Mac OS X 10_10_5) AppleWebKit/537.36 (KHTML, like Gecko) Chrome/44.0.2403.157 Safari/537.36" 
70.112.16.117 - - [29/Aug/2015:14:21:59 -0700] "GET /maccdc2012/signatures.log.gz HTTP/1.1" 200 604 "http://www.secrepo.com/" "Mozilla/5.0 (Macintosh; Intel Mac OS X 10_10_5) AppleWebKit/537.36 (KHTML, like Gecko) Chrome/44.0.2403.157 Safari/537.36" 
70.112.16.117 - - [29/Aug/2015:14:21:53 -0700] "GET /maccdc2012/dns.log.gz HTTP/1.1" 200 6629419 "http://www.secrepo.com/" "Mozilla/5.0 (Macintosh; Intel Mac OS X 10_10_5) AppleWebKit/537.36 (KHTML, like Gecko) Chrome/44.0.2403.157 Safari/537.36" 
70.112.16.117 - - [29/Aug/2015:14:22:07 -0700] "GET /maccdc2012/smtp.log.gz HTTP/1.1" 200 6908 "http://www.secrepo.com/" "Mozilla/5.0 (Macintosh; Intel Mac OS X 10_10_5) AppleWebKit/537.36 (KHTML, like Gecko) Chrome/44.0.2403.157 Safari/537.36" 
70.112.16.117 - - [29/Aug/2015:14:22:08 -0700] "GET /maccdc2012/ssh.log.gz HTTP/1.1" 200 182516 "http://www.secrepo.com/" "Mozilla/5.0 (Macintosh; Intel Mac OS X 10_10_5) AppleWebKit/537.36 (KHTML, like Gecko) Chrome/44.0.2403.157 Safari/537.36" 
70.112.16.117 - - [29/Aug/2015:14:22:12 -0700] "GET /maccdc2012/tunnel.log.gz HTTP/1.1" 200 5229 "http://www.secrepo.com/" "Mozilla/5.0 (Macintosh; Intel Mac OS X 10_10_5) AppleWebKit/537.36 (KHTML, like Gecko) Chrome/44.0.2403.157 Safari/537.36" 
70.112.16.117 - - [29/Aug/2015:14:22:10 -0700] "GET /maccdc2012/ssl.log.gz HTTP/1.1" 200 1313675 "http://www.secrepo.com/" "Mozilla/5.0 (Macintosh; Intel Mac OS X 10_10_5) AppleWebKit/537.36 (KHTML, like Gecko) Chrome/44.0.2403.157 Safari/537.36" 
70.112.16.117 - - [29/Aug/2015:14:22:14 -0700] "GET /maccdc2012/weird.log.gz HTTP/1.1" 200 1242776 "http://www.secrepo.com/" "Mozilla/5.0 (Macintosh; Intel Mac OS X 10_10_5) AppleWebKit/537.36 (KHTML, like Gecko) Chrome/44.0.2403.157 Safari/537.36" 
70.112.16.117 - - [29/Aug/2015:14:26:42 -0700] "GET /maccdc2012/http.log.gz HTTP/1.1" 200 54258816 "http://www.secrepo.com/" "Mozilla/5.0 (Macintosh; Intel Mac OS X 10_10_5) AppleWebKit/537.36 (KHTML, like Gecko) Chrome/44.0.2403.157 Safari/537.36" 
70.112.16.117 - - [29/Aug/2015:14:27:04 -0700] "GET /maccdc2012/files.log.gz HTTP/1.1" 200 51408672 "http://www.secrepo.com/" "Mozilla/5.0 (Macintosh; Intel Mac OS X 10_10_5) AppleWebKit/537.36 (KHTML, like Gecko) Chrome/44.0.2403.157 Safari/537.36" 
70.112.16.117 - - [29/Aug/2015:14:21:49 -0700] "GET /maccdc2012/conn.log.gz HTTP/1.1" 200 551041635 "http://www.secrepo.com/" "Mozilla/5.0 (Macintosh; Intel Mac OS X 10_10_5) AppleWebKit/537.36 (KHTML, like Gecko) Chrome/44.0.2403.157 Safari/537.36" 
74.6.254.95 - - [29/Aug/2015:14:31:10 -0700] "GET / HTTP/1.1" 304 133 "-" "Mozilla/5.0 (compatible; Yahoo! Slurp; http://help.yahoo.com/help/us/ysearch/slurp)" 
98.206.140.26 - - [29/Aug/2015:14:32:28 -0700] "GET / HTTP/1.1" 200 7423 "-" "Mozilla/5.0 (iPhone; CPU iPhone OS 8_4_1 like Mac OS X) AppleWebKit/600.1.4 (KHTML, like Gecko) Version/8.0 Mobile/12H321 Safari/600.1.4" 
98.206.140.26 - - [29/Aug/2015:14:32:28 -0700] "GET /twitter-icon.png HTTP/1.1" 200 27787 "http://www.secrepo.com/" "Mozilla/5.0 (iPhone; CPU iPhone OS 8_4_1 like Mac OS X) AppleWebKit/600.1.4 (KHTML, like Gecko) Version/8.0 Mobile/12H321 Safari/600.1.4" 
98.206.140.26 - - [29/Aug/2015:14:32:28 -0700] "GET /GitHub-Mark.png HTTP/1.1" 200 7428 "http://www.secrepo.com/" "Mozilla/5.0 (iPhone; CPU iPhone OS 8_4_1 like Mac OS X) AppleWebKit/600.1.4 (KHTML, like Gecko) Version/8.0 Mobile/12H321 Safari/600.1.4" 
104.130.160.233 - - [29/Aug/2015:14:35:14 -0700] "GET /robots.txt HTTP/1.1" 301 446 "-" "Tornado-Async-Client" 
104.130.160.233 - - [29/Aug/2015:14:35:14 -0700] "GET /robots.txt HTTP/1.1" 200 304 "-" "Tornado-Async-Client" 
104.130.160.233 - - [29/Aug/2015:14:35:15 -0700] "GET /honeypot/BSidesDFW%20-%202014.ipynb HTTP/1.1" 301 484 "-" "Tornado-Async-Client" 
104.130.160.233 - - [29/Aug/2015:14:35:15 -0700] "GET /honeypot/BSidesDFW%20-%202014.ipynb HTTP/1.1" 200 930780 "-" "Tornado-Async-Client" 
70.112.16.117 - - [29/Aug/2015:14:25:08 -0700] "GET /Security-Data-Analysis/Lab_1/conn.log.zip HTTP/1.1" 200 549098528 "http://www.secrepo.com/" "Mozilla/5.0 (Macintosh; Intel Mac OS X 10_10_5) AppleWebKit/537.36 (KHTML, like Gecko) Chrome/44.0.2403.157 Safari/537.36" 
192.187.113.250 - - [29/Aug/2015:14:43:38 -0700] "GET /honeypot/Honeypot%20-%20Howto.pdf HTTP/1.1" 418 584 "-" "Mozilla/4.0 (compatible; MSIE 6.0; Windows NT 5.1; SV1)" 
192.187.113.250 - - [29/Aug/2015:14:50:47 -0700] "GET /honeypot/Honeypot%20-%20Howto%20-%20BSides%20Austin.pdf HTTP/1.1" 200 1536282 "-" "Mozilla/4.0 (compatible; MSIE 6.0; Windows NT 5.1; SV1; Mozilla/4.0 (compatible; MSIE 6.0; Windows NT 5.1; SV1) ; .NET CLR 2.0.50727 ; .NET CLR 4.0.30319)" 
86.82.101.243 - - [29/Aug/2015:14:55:09 -0700] "GET /honeypot/Honeypot%20-%20Howto%20-%20BSides%20Austin.pdf HTTP/1.1" 200 2928460 "-" "Mozilla/5.0 (X11; Ubuntu; Linux x86_64; rv:40.0) Gecko/20100101 Firefox/40.0" 
86.82.101.243 - - [29/Aug/2015:14:55:10 -0700] "GET /honeypot/Honeypot%20-%20Howto%20-%20BSides%20Austin.pdf HTTP/1.1" 206 65873 "-" "Mozilla/5.0 (X11; Ubuntu; Linux x86_64; rv:40.0) Gecko/20100101 Firefox/40.0" 
86.82.101.243 - - [29/Aug/2015:14:55:10 -0700] "GET /honeypot/Honeypot%20-%20Howto%20-%20BSides%20Austin.pdf HTTP/1.1" 206 44933 "-" "Mozilla/5.0 (X11; Ubuntu; Linux x86_64; rv:40.0) Gecko/20100101 Firefox/40.0" 
86.82.101.243 - - [29/Aug/2015:14:55:10 -0700] "GET /favicon.ico HTTP/1.1" 200 267 "-" "Mozilla/5.0 (X11; Ubuntu; Linux x86_64; rv:40.0) Gecko/20100101 Firefox/40.0" 
66.249.83.154 - - [29/Aug/2015:15:02:45 -0700] "GET / HTTP/1.1" 301 483 "http://t.co/pArNAxyuQQ" "Mozilla/5.0 (Linux; Android 5.1.1; SM-G900T Build/LMY47X) AppleWebKit/537.36 (KHTML, like Gecko) Chrome/44.0.2403.133 Mobile Safari/537.36" 
66.249.83.189 - - [29/Aug/2015:15:02:45 -0700] "GET / HTTP/1.1" 200 7423 "http://t.co/pArNAxyuQQ" "Mozilla/5.0 (Linux; Android 5.1.1; SM-G900T Build/LMY47X) AppleWebKit/537.36 (KHTML, like Gecko) Chrome/44.0.2403.133 Mobile Safari/537.36" 
66.249.83.189 - - [29/Aug/2015:15:02:45 -0700] "GET /twitter-icon.png HTTP/1.1" 200 27787 "http://www.secrepo.com/" "Mozilla/5.0 (Linux; Android 5.1.1; SM-G900T Build/LMY47X) AppleWebKit/537.36 (KHTML, like Gecko) Chrome/44.0.2403.133 Mobile Safari/537.36" 
66.249.83.129 - - [29/Aug/2015:15:02:45 -0700] "GET /GitHub-Mark.png HTTP/1.1" 200 7428 "http://www.secrepo.com/" "Mozilla/5.0 (Linux; Android 5.1.1; SM-G900T Build/LMY47X) AppleWebKit/537.36 (KHTML, like Gecko) Chrome/44.0.2403.133 Mobile Safari/537.36" 
66.249.83.189 - - [29/Aug/2015:15:02:46 -0700] "GET /bootstrap/img/favicon.ico HTTP/1.1" 200 590 "http://www.secrepo.com/" "Mozilla/5.0 (Linux; Android 5.1.1; SM-G900T Build/LMY47X) AppleWebKit/537.36 (KHTML, like Gecko) Chrome/44.0.2403.133 Mobile Safari/537.36" 
52.3.157.249 - - [29/Aug/2015:15:06:17 -0700] "GET /robots.txt HTTP/1.1" 301 446 "-" "Mozilla/5.0 (Macintosh; Intel Mac OS X 10.9; rv:28.0) Gecko/20100101 Firefox/28.0 (FlipboardProxy/1.1; +http://flipboard.com/browserproxy)" 
52.3.157.249 - - [29/Aug/2015:15:06:17 -0700] "GET / HTTP/1.1" 301 427 "-" "Mozilla/5.0 (Macintosh; Intel Mac OS X 10.9; rv:28.0) Gecko/20100101 Firefox/28.0 (FlipboardProxy/1.1; +http://flipboard.com/browserproxy)" 
52.3.157.249 - - [29/Aug/2015:15:06:17 -0700] "GET / HTTP/1.1" 200 7367 "-" "Mozilla/5.0 (Macintosh; Intel Mac OS X 10.9; rv:28.0) Gecko/20100101 Firefox/28.0 (FlipboardProxy/1.1; +http://flipboard.com/browserproxy)" 
157.55.39.186 - - [29/Aug/2015:15:15:53 -0700] "GET /robots.txt HTTP/1.1" 301 518 "-" "Mozilla/5.0 (compatible; bingbot/2.0; +http://www.bing.com/bingbot.htm)" 
157.55.39.186 - - [29/Aug/2015:15:15:53 -0700] "GET /robots.txt HTTP/1.1" 200 288 "-" "Mozilla/5.0 (compatible; bingbot/2.0; +http://www.bing.com/bingbot.htm)" 
157.55.39.190 - - [29/Aug/2015:15:16:21 -0700] "GET /self.logs/access.log.2015-04-24.gz HTTP/1.1" 301 545 "-" "Mozilla/5.0 (compatible; bingbot/2.0; +http://www.bing.com/bingbot.htm)" 
192.187.113.250 - - [29/Aug/2015:15:20:36 -0700] "GET /honeypot/Honeypot%20-%20Howto.pdf HTTP/1.1" 200 1279418 "-" "Mozilla/4.0 (compatible; MSIE 6.0; Windows NT 5.1; SV1; Mozilla/4.0 (compatible; MSIE 6.0; Windows NT 5.1; SV1) )" 
192.187.113.250 - - [29/Aug/2015:15:23:46 -0700] "GET /honeypot/Honeypot%20-%20Howto%20-%20BSides%20Austin.pdf HTTP/1.1" 200 1430800 "-" "Mozilla/4.0 (compatible; MSIE 6.0; Windows NT 5.1; SV1; Mozilla/4.0 (compatible; MSIE 6.0; Windows NT 5.1; SV1) ; .NET CLR 1.0.3705)" 
207.46.13.115 - - [29/Aug/2015:15:39:23 -0700] "GET /robots.txt HTTP/1.1" 301 518 "-" "Mozilla/5.0 (compatible; bingbot/2.0; +http://www.bing.com/bingbot.htm)" 
207.46.13.115 - - [29/Aug/2015:15:39:25 -0700] "GET /robots.txt HTTP/1.1" 200 288 "-" "Mozilla/5.0 (compatible; bingbot/2.0; +http://www.bing.com/bingbot.htm)" 
52.3.157.249 - - [29/Aug/2015:15:42:47 -0700] "GET / HTTP/1.1" 301 427 "-" "Mozilla/5.0 (Macintosh; Intel Mac OS X 10.9; rv:28.0) Gecko/20100101 Firefox/28.0 (FlipboardProxy/1.1; +http://flipboard.com/browserproxy)" 
52.3.157.249 - - [29/Aug/2015:15:42:47 -0700] "GET / HTTP/1.1" 200 7367 "-" "Mozilla/5.0 (Macintosh; Intel Mac OS X 10.9; rv:28.0) Gecko/20100101 Firefox/28.0 (FlipboardProxy/1.1; +http://flipboard.com/browserproxy)" 
207.46.13.115 - - [29/Aug/2015:15:44:33 -0700] "GET /self.logs/access.log.2015-03-17.gz HTTP/1.1" 301 546 "-" "Mozilla/5.0 (compatible; bingbot/2.0; +http://www.bing.com/bingbot.htm)" 
54.176.17.88 - - [29/Aug/2015:16:05:59 -0700] "HEAD / HTTP/1.1" 301 246 "-" "Mozilla/5.0 (Macintosh; Intel Mac OS X 10_9_3) AppleWebKit/537.36 (KHTML, like Gecko) Chrome/35.0.1916.153 Safari/537.36" 
54.176.17.88 - - [29/Aug/2015:16:05:59 -0700] "HEAD / HTTP/1.1" 200 295 "-" "Mozilla/5.0 (Macintosh; Intel Mac OS X 10_9_3) AppleWebKit/537.36 (KHTML, like Gecko) Chrome/35.0.1916.153 Safari/537.36" 
74.6.254.95 - - [29/Aug/2015:16:15:58 -0700] "GET / HTTP/1.1" 304 133 "-" "Mozilla/5.0 (compatible; Yahoo! Slurp; http://help.yahoo.com/help/us/ysearch/slurp)" 
192.187.113.250 - - [29/Aug/2015:16:29:59 -0700] "GET /honeypot/Honeypot%20-%20Howto.pdf HTTP/1.1" 200 1279418 "-" "Mozilla/4.0 (compatible; MSIE 6.0; Windows NT 5.1; SV1; Mozilla/4.0 (compatible; MSIE 6.0; Windows NT 5.1; SV1) )" 
192.187.113.250 - - [29/Aug/2015:16:38:56 -0700] "GET /honeypot/Honeypot%20-%20Howto%20-%20BSides%20Austin.pdf HTTP/1.1" 200 1490660 "-" "Mozilla/4.0 (compatible; MSIE 6.0; Windows NT 5.1)" 
192.187.113.250 - - [29/Aug/2015:16:40:37 -0700] "GET /honeypot/Honeypot%20-%20Howto.pdf HTTP/1.1" 418 584 "-" "Mozilla/4.0 (compatible; MSIE 6.0; Windows NT 5.1; SV1)" 
192.187.113.250 - - [29/Aug/2015:16:40:43 -0700] "GET /honeypot/Honeypot%20-%20Howto.pdf HTTP/1.1" 418 584 "-" "Mozilla/4.0 (compatible; MSIE 6.0; Windows NT 5.1; SV1)" 
192.187.113.250 - - [29/Aug/2015:16:40:36 -0700] "GET /honeypot/Honeypot%20-%20Howto.pdf HTTP/1.1" 200 1279418 "-" "Mozilla/4.0 (compatible; MSIE 6.0; Windows NT 5.1; SV1; Mozilla/4.0 (compatible; MSIE 6.0; Windows NT 5.1; SV1) ; .NET CLR 2.0.50727 ; .NET CLR 4.0.30319)" 
66.249.83.189 - - [29/Aug/2015:16:43:37 -0700] "GET / HTTP/1.1" 200 7423 "-" "Google favicon" 
66.249.83.186 - - [29/Aug/2015:16:43:37 -0700] "GET /bootstrap/img/favicon.ico HTTP/1.1" 200 590 "-" "Google favicon" 
180.76.15.25 - - [29/Aug/2015:16:44:15 -0700] "GET / HTTP/1.1" 200 21900 "-" "Mozilla/5.0 (compatible; Baiduspider/2.0; +http://www.baidu.com/search/spider.html)" 
180.76.15.20 - - [29/Aug/2015:16:44:55 -0700] "GET / HTTP/1.1" 200 24681 "-" "Mozilla/5.0 (compatible; Baiduspider/2.0; +http://www.baidu.com/search/spider.html)" 
192.187.113.250 - - [29/Aug/2015:16:45:09 -0700] "GET /honeypot/Honeypot%20-%20Howto%20-%20BSides%20Austin.pdf HTTP/1.1" 200 1319840 "-" "Mozilla/4.0 (compatible; MSIE 6.0; Windows NT 5.1)" 
192.187.113.250 - - [29/Aug/2015:16:45:10 -0700] "GET /honeypot/Honeypot%20-%20Howto%20-%20BSides%20Austin.pdf HTTP/1.1" 200 1293560 "-" "Mozilla/4.0 (compatible; MSIE 6.0; Windows NT 5.1; SV1; Mozilla/4.0 (compatible; MSIE 6.0; Windows NT 5.1; SV1) ; .NET CLR 2.0.50727 ; .NET CLR 4.0.30319)" 
192.187.113.250 - - [29/Aug/2015:16:45:14 -0700] "GET /honeypot/Honeypot%20-%20Howto%20-%20BSides%20Austin.pdf HTTP/1.1" 200 1441020 "-" "Mozilla/4.0 (compatible; MSIE 6.0; Windows NT 5.1; SV1; Mozilla/4.0 (compatible; MSIE 6.0; Windows NT 5.1; SV1) ; .NET CLR 2.0.50727 ; .NET CLR 4.0.30319)" 
207.46.13.125 - - [29/Aug/2015:16:46:49 -0700] "GET /self.logs/access.log.2015-04-06.gz HTTP/1.1" 301 546 "-" "Mozilla/5.0 (compatible; bingbot/2.0; +http://www.bing.com/bingbot.htm)" 
104.151.227.134 - - [29/Aug/2015:17:01:21 -0700] "GET /honeypot/BSidesDFW - 2014.ipynb HTTP/1.0" 404 303 "http://www.secrepo.com/" "Mozilla/5.0 (Windows NT 6.1; WOW64) AppleWebKit/537.36 (KHTML, like Gecko) Dragon/36.1.1.21 Chrome/36.0.1985.97 Safari/537.36" 
104.151.227.134 - - [29/Aug/2015:17:01:21 -0700] "GET / HTTP/1.1" 200 7423 "http://www.secrepo.com" "Mozilla/5.0 (Windows NT 6.1; WOW64) AppleWebKit/537.36 (KHTML, like Gecko) Dragon/36.1.1.21 Chrome/36.0.1985.97 Safari/537.36" 
173.161.90.233 - - [29/Aug/2015:17:20:40 -0700] "GET / HTTP/1.1" 301 483 "http://t.co/pArNAxyuQQ" "Mozilla/5.0 (iPhone; CPU iPhone OS 8_4_1 like Mac OS X) AppleWebKit/600.1.4 (KHTML, like Gecko) Mobile/12H321 Twitter for iPhone" 
173.161.90.233 - - [29/Aug/2015:17:20:41 -0700] "GET / HTTP/1.1" 200 7423 "http://t.co/pArNAxyuQQ" "Mozilla/5.0 (iPhone; CPU iPhone OS 8_4_1 like Mac OS X) AppleWebKit/600.1.4 (KHTML, like Gecko) Mobile/12H321 Twitter for iPhone" 
173.161.90.233 - - [29/Aug/2015:17:20:41 -0700] "GET /twitter-icon.png HTTP/1.1" 200 27787 "http://www.secrepo.com/" "Mozilla/5.0 (iPhone; CPU iPhone OS 8_4_1 like Mac OS X) AppleWebKit/600.1.4 (KHTML, like Gecko) Mobile/12H321 Twitter for iPhone" 
173.161.90.233 - - [29/Aug/2015:17:20:42 -0700] "GET /GitHub-Mark.png HTTP/1.1" 200 7428 "http://www.secrepo.com/" "Mozilla/5.0 (iPhone; CPU iPhone OS 8_4_1 like Mac OS X) AppleWebKit/600.1.4 (KHTML, like Gecko) Mobile/12H321 Twitter for iPhone" 
106.38.241.166 - - [29/Aug/2015:17:55:33 -0700] "GET /robots.txt HTTP/1.1" 200 252 "-" "Sogou web spider/4.0(+http://www.sogou.com/docs/help/webmasters.htm#07)" 
106.38.241.166 - - [29/Aug/2015:17:56:00 -0700] "GET / HTTP/1.1" 200 7386 "-" "Sogou web spider/4.0(+http://www.sogou.com/docs/help/webmasters.htm#07)" 
157.55.39.126 - - [29/Aug/2015:18:42:22 -0700] "GET /robots.txt HTTP/1.1" 301 518 "-" "Mozilla/5.0 (compatible; bingbot/2.0; +http://www.bing.com/bingbot.htm)" 
157.55.39.126 - - [29/Aug/2015:18:42:29 -0700] "GET /robots.txt HTTP/1.1" 200 289 "-" "Mozilla/5.0 (compatible; bingbot/2.0; +http://www.bing.com/bingbot.htm)" 
98.206.140.26 - - [29/Aug/2015:18:45:53 -0700] "GET / HTTP/1.1" 200 7423 "-" "Mozilla/5.0 (iPhone; CPU iPhone OS 8_4_1 like Mac OS X) AppleWebKit/600.1.4 (KHTML, like Gecko) Version/8.0 Mobile/12H321 Safari/600.1.4" 
98.206.140.26 - - [29/Aug/2015:18:45:53 -0700] "GET /twitter-icon.png HTTP/1.1" 200 27787 "http://www.secrepo.com/" "Mozilla/5.0 (iPhone; CPU iPhone OS 8_4_1 like Mac OS X) AppleWebKit/600.1.4 (KHTML, like Gecko) Version/8.0 Mobile/12H321 Safari/600.1.4" 
98.206.140.26 - - [29/Aug/2015:18:45:53 -0700] "GET /GitHub-Mark.png HTTP/1.1" 200 7428 "http://www.secrepo.com/" "Mozilla/5.0 (iPhone; CPU iPhone OS 8_4_1 like Mac OS X) AppleWebKit/600.1.4 (KHTML, like Gecko) Version/8.0 Mobile/12H321 Safari/600.1.4" 
101.226.169.222 - - [29/Aug/2015:19:24:56 -0700] "GET / HTTP/1.1" 200 7423 "http://www.secrepo.com/" "Mozilla/5.0 (Windows NT 6.1) AppleWebKit/537.1 (KHTML, like Gecko) Chrome/21.0.1180.89 Safari/537.1; 360Spider(compatible; HaosouSpider; http://www.haosou.com/help/help_3_2.html)" 
157.55.39.186 - - [29/Aug/2015:19:25:56 -0700] "GET /self.logs/access.log.2015-03-23.gz HTTP/1.1" 301 545 "-" "Mozilla/5.0 (compatible; bingbot/2.0; +http://www.bing.com/bingbot.htm)" 
192.187.113.250 - - [29/Aug/2015:19:42:17 -0700] "GET /honeypot/Honeypot%20-%20Howto.pdf HTTP/1.1" 200 1279418 "-" "Mozilla/4.0 (compatible; MSIE 6.0; Windows NT 5.1; SV1; Mozilla/4.0 (compatible; MSIE 6.0; Windows NT 5.1; SV1) ; .NET CLR 2.0.50727 ; .NET CLR 4.0.30319)" 
192.187.113.250 - - [29/Aug/2015:19:48:34 -0700] "GET /honeypot/Honeypot%20-%20Howto%20-%20BSides%20Austin.pdf HTTP/1.1" 200 1474842 "-" "Mozilla/4.0 (compatible; MSIE 6.0; Windows NT 5.1; SV1; Mozilla/4.0 (compatible; MSIE 6.0; Windows NT 5.1; SV1) ; .NET CLR 2.0.50727 ; .NET CLR 4.0.30319)" 
192.187.113.250 - - [29/Aug/2015:20:08:36 -0700] "GET /honeypot/Honeypot%20-%20Howto.pdf HTTP/1.1" 200 1279418 "-" "Mozilla/4.0 (compatible; MSIE 6.0; Windows NT 5.1)" 
192.187.113.250 - - [29/Aug/2015:20:11:42 -0700] "GET /honeypot/Honeypot%20-%20Howto%20-%20BSides%20Austin.pdf HTTP/1.1" 418 584 "-" "Mozilla/4.0 (compatible; MSIE 6.0; Windows NT 5.1; SV1)" 
72.163.217.102 - - [29/Aug/2015:20:22:50 -0700] "GET / HTTP/1.1" 301 483 "-" "Mozilla/5.0 (Macintosh; Intel Mac OS X 10.8; rv:40.0) Gecko/20100101 Firefox/40.0" 
72.163.217.102 - - [29/Aug/2015:20:22:51 -0700] "GET / HTTP/1.1" 200 7423 "-" "Mozilla/5.0 (Macintosh; Intel Mac OS X 10.8; rv:40.0) Gecko/20100101 Firefox/40.0" 
72.163.217.102 - - [29/Aug/2015:20:22:52 -0700] "GET /twitter-icon.png HTTP/1.1" 200 27787 "http://www.secrepo.com/" "Mozilla/5.0 (Macintosh; Intel Mac OS X 10.8; rv:40.0) Gecko/20100101 Firefox/40.0" 
72.163.217.102 - - [29/Aug/2015:20:22:53 -0700] "GET /GitHub-Mark.png HTTP/1.1" 200 7428 "http://www.secrepo.com/" "Mozilla/5.0 (Macintosh; Intel Mac OS X 10.8; rv:40.0) Gecko/20100101 Firefox/40.0" 
72.163.217.102 - - [29/Aug/2015:20:22:55 -0700] "GET /bootstrap/img/favicon.ico HTTP/1.1" 200 590 "-" "Mozilla/5.0 (Macintosh; Intel Mac OS X 10.8; rv:40.0) Gecko/20100101 Firefox/40.0" 
72.163.217.102 - - [29/Aug/2015:20:23:39 -0700] "GET /favicon.ico HTTP/1.1" 200 268 "-" "Mozilla/5.0 (Macintosh; Intel Mac OS X 10.8; rv:40.0) Gecko/20100101 Firefox/40.0" 
98.206.140.26 - - [29/Aug/2015:20:45:24 -0700] "GET / HTTP/1.1" 200 7423 "-" "Mozilla/5.0 (iPhone; CPU iPhone OS 8_4_1 like Mac OS X) AppleWebKit/600.1.4 (KHTML, like Gecko) Version/8.0 Mobile/12H321 Safari/600.1.4" 
