211.137.56.172 - - [12/Apr/2016:01:48:54 -0700] "GET /tg/a.zip HTTP/1.1" 304 132 "-" "Mozilla/5.0 Gecko/20100115 Firefox/3.6" 
211.137.56.194 - - [12/Apr/2016:01:49:33 -0700] "GET /tg/a.zip HTTP/1.1" 304 132 "-" "Mozilla/5.0 Gecko/20100115 Firefox/3.6" 
213.144.154.220 - - [12/Apr/2016:01:58:52 -0700] "GET /bootstrap/img/favicon.ico HTTP/1.1" 200 590 "-" "Mozilla/5.0 (Windows NT 10.0; WOW64; rv:45.0) Gecko/20100101 Firefox/45.0" 
40.77.167.94 - - [12/Apr/2016:02:07:11 -0700] "GET /self.logs/error.log.2015-04-05.gz HTTP/1.1" 304 188 "-" "Mozilla/5.0 (compatible; bingbot/2.0; +http://www.bing.com/bingbot.htm)" 
40.77.167.48 - - [12/Apr/2016:02:11:02 -0700] "GET /self.logs/access.log.2015-04-19.gz HTTP/1.1" 304 189 "-" "Mozilla/5.0 (compatible; bingbot/2.0; +http://www.bing.com/bingbot.htm)" 
111.7.128.40 - - [12/Apr/2016:02:14:25 -0700] "GET /tg/a.zip HTTP/1.1" 304 132 "-" "Mozilla/5.0 Gecko/20100115 Firefox/3.6" 
111.23.10.33 - - [12/Apr/2016:02:16:03 -0700] "GET /tg/a.zip HTTP/1.1" 304 132 "-" "Mozilla/5.0 Gecko/20100115 Firefox/3.6" 
211.137.56.201 - - [12/Apr/2016:02:16:52 -0700] "GET /tg/a.zip HTTP/1.1" 304 132 "-" "Mozilla/5.0 Gecko/20100115 Firefox/3.6" 
132.229.130.74 - - [12/Apr/2016:02:28:36 -0700] "GET / HTTP/1.1" 200 8801 "-" "Mozilla/5.0 (Windows NT 6.1; WOW64; rv:45.0) Gecko/20100101 Firefox/45.0" 
132.229.130.74 - - [12/Apr/2016:02:28:36 -0700] "GET /bootstrap/img/favicon.ico HTTP/1.1" 200 589 "-" "Mozilla/5.0 (Windows NT 6.1; WOW64; rv:45.0) Gecko/20100101 Firefox/45.0" 
132.229.130.74 - - [12/Apr/2016:02:28:36 -0700] "GET /GitHub-Mark.png HTTP/1.1" 200 7427 "http://www.secrepo.com/" "Mozilla/5.0 (Windows NT 6.1; WOW64; rv:45.0) Gecko/20100101 Firefox/45.0" 
132.229.130.74 - - [12/Apr/2016:02:28:36 -0700] "GET /twitter-icon.png HTTP/1.1" 200 27788 "http://www.secrepo.com/" "Mozilla/5.0 (Windows NT 6.1; WOW64; rv:45.0) Gecko/20100101 Firefox/45.0" 
132.229.130.74 - - [12/Apr/2016:02:30:04 -0700] "GET /honeypot/Honeypot%20-%20Howto%20-%20BSides%20Austin.pdf HTTP/1.1" 200 2928460 "http://www.secrepo.com/" "Mozilla/5.0 (Windows NT 6.1; WOW64; rv:45.0) Gecko/20100101 Firefox/45.0" 
180.76.15.11 - - [12/Apr/2016:02:30:24 -0700] "GET /robots.txt HTTP/1.1" 200 297 "-" "Mozilla/5.0 (Windows NT 5.1; rv:6.0.2) Gecko/20100101 Firefox/6.0.2" 
180.76.15.5 - - [12/Apr/2016:02:33:17 -0700] "GET / HTTP/1.1" 200 8764 "-" "Mozilla/5.0 (compatible; Baiduspider/2.0; +http://www.baidu.com/search/spider.html)" 
195.145.215.1 - - [12/Apr/2016:02:51:32 -0700] "GET / HTTP/1.1" 200 8801 "https://t.co/bKJj4x4PWQ" "Mozilla/5.0 (Windows NT 6.1; WOW64) AppleWebKit/537.36 (KHTML, like Gecko) Chrome/49.0.2623.112 Safari/537.36" 
207.46.13.135 - - [12/Apr/2016:03:00:45 -0700] "GET /self.logs/access.log.2015-11-23.gz HTTP/1.1" 304 189 "-" "Mozilla/5.0 (compatible; bingbot/2.0; +http://www.bing.com/bingbot.htm)" 
207.46.13.135 - - [12/Apr/2016:03:05:25 -0700] "GET /honeypot/Honeypot%20-%20Howto%20-%20BSides%20Austin.pdf HTTP/1.1" 200 2928460 "-" "Mozilla/5.0 (iPhone; CPU iPhone OS 7_0 like Mac OS X) AppleWebKit/537.51.1 (KHTML, like Gecko) Version/7.0 Mobile/11A465 Safari/9537.53 (compatible; bingbot/2.0; +http://www.bing.com/bingbot.htm)" 
207.46.13.135 - - [12/Apr/2016:03:07:21 -0700] "GET /self.logs/access.log.2015-04-23.gz HTTP/1.1" 301 545 "-" "Mozilla/5.0 (compatible; bingbot/2.0; +http://www.bing.com/bingbot.htm)" 
184.151.190.75 - - [12/Apr/2016:03:12:11 -0700] "GET /favicon.ico HTTP/1.1" 200 268 "-" "Apache-HttpClient/UNAVAILABLE (java 1.4)" 
184.151.190.75 - - [12/Apr/2016:03:12:11 -0700] "GET /favicon.ico HTTP/1.1" 200 268 "-" "Apache-HttpClient/UNAVAILABLE (java 1.4)" 
184.151.190.75 - - [12/Apr/2016:03:12:11 -0700] "GET /favicon.ico HTTP/1.1" 200 268 "-" "Apache-HttpClient/UNAVAILABLE (java 1.4)" 
218.200.66.203 - - [12/Apr/2016:03:16:04 -0700] "GET /tg/a.zip HTTP/1.1" 304 132 "-" "Mozilla/5.0 Gecko/20100115 Firefox/3.6" 
68.180.230.88 - - [12/Apr/2016:03:26:14 -0700] "GET /robots.txt HTTP/1.1" 200 233 "-" "Mozilla/5.0 (compatible; Yahoo! Slurp; http://help.yahoo.com/help/us/ysearch/slurp)" 
68.180.230.88 - - [12/Apr/2016:03:26:14 -0700] "GET /self.logs/error.log.2015-07-24.gz HTTP/1.1" 200 1007 "-" "Mozilla/5.0 (compatible; Yahoo! Slurp; http://help.yahoo.com/help/us/ysearch/slurp)" 
117.190.191.170 - - [12/Apr/2016:03:26:58 -0700] "GET /tg/a.zip HTTP/1.1" 304 132 "-" "Mozilla/5.0 Gecko/20100115 Firefox/3.6" 
40.77.167.48 - - [12/Apr/2016:03:36:31 -0700] "GET /self.logs/error.log.2015-05-11.gz HTTP/1.1" 304 188 "-" "Mozilla/5.0 (compatible; bingbot/2.0; +http://www.bing.com/bingbot.htm)" 
117.177.241.60 - - [12/Apr/2016:03:49:27 -0700] "GET /tg/a.zip HTTP/1.1" 304 132 "-" "Mozilla/5.0 Gecko/20100115 Firefox/3.6" 
111.23.4.148 - - [12/Apr/2016:04:01:49 -0700] "GET /tg/a.zip HTTP/1.1" 304 132 "-" "Mozilla/5.0 Gecko/20100115 Firefox/3.6" 
164.132.161.22 - - [12/Apr/2016:04:09:53 -0700] "GET /self.logs/?C=S;O=D HTTP/1.1" 200 10569 "-" "Mozilla/5.0 (compatible; AhrefsBot/5.1; +http://ahrefs.com/robot/)" 
40.77.167.48 - - [12/Apr/2016:04:17:15 -0700] "GET /self.logs/error.log.2015-08-15.gz HTTP/1.1" 200 687 "-" "Mozilla/5.0 (compatible; bingbot/2.0; +http://www.bing.com/bingbot.htm)" 
91.200.12.141 - - [12/Apr/2016:04:21:11 -0700] "GET /honeypot/BSidesDFW%20-%202014.ipynb HTTP/1.0" 200 930799 "http://www.secrepo.com/honeypot/BSidesDFW%20-%202014.ipynb" "Mozilla/5.0 (Windows NT 10.0; WOW64; rv:44.0) Gecko/20100101 Firefox/44.0" 
164.132.161.20 - - [12/Apr/2016:04:34:50 -0700] "GET /self.logs/error.log.2015-12-09.gz HTTP/1.1" 200 561 "-" "Mozilla/5.0 (compatible; AhrefsBot/5.1; +http://ahrefs.com/robot/)" 
91.200.12.141 - - [12/Apr/2016:04:38:05 -0700] "GET /honeypot/BSidesDFW%20-%202014.ipynb HTTP/1.0" 200 646780 "http://www.secrepo.com/honeypot/BSidesDFW%20-%202014.ipynb" "Mozilla/5.0 (Windows NT 6.1) AppleWebKit/537.36 (KHTML, like Gecko) Chrome/48.0.2564.109 Safari/537.36" 
164.132.161.88 - - [12/Apr/2016:04:40:48 -0700] "GET /self.logs/error.log.2015-04-19.gz HTTP/1.1" 200 864 "-" "Mozilla/5.0 (compatible; AhrefsBot/5.1; +http://ahrefs.com/robot/)" 
211.137.56.172 - - [12/Apr/2016:04:48:57 -0700] "GET /tg/a.zip HTTP/1.1" 304 132 "-" "Mozilla/5.0 Gecko/20100115 Firefox/3.6" 
211.137.56.194 - - [12/Apr/2016:04:49:51 -0700] "GET /tg/a.zip HTTP/1.1" 304 132 "-" "Mozilla/5.0 Gecko/20100115 Firefox/3.6" 
207.46.13.135 - - [12/Apr/2016:05:05:41 -0700] "GET /self.logs/error.log.2016-01-19.gz HTTP/1.1" 200 684 "-" "Mozilla/5.0 (compatible; bingbot/2.0; +http://www.bing.com/bingbot.htm)" 
111.7.128.40 - - [12/Apr/2016:05:14:32 -0700] "GET /tg/a.zip HTTP/1.1" 304 132 "-" "Mozilla/5.0 Gecko/20100115 Firefox/3.6" 
40.77.167.55 - - [12/Apr/2016:05:15:20 -0700] "GET /self.logs/access.log.2015-07-23.gz HTTP/1.1" 200 4068 "-" "Mozilla/5.0 (compatible; bingbot/2.0; +http://www.bing.com/bingbot.htm)" 
111.23.10.33 - - [12/Apr/2016:05:16:11 -0700] "GET /tg/a.zip HTTP/1.1" 304 132 "-" "Mozilla/5.0 Gecko/20100115 Firefox/3.6" 
111.23.10.33 - - [12/Apr/2016:05:16:11 -0700] "GET /tg/a.zip HTTP/1.1" 200 21900 "-" "Mozilla/5.0 Gecko/20100115 Firefox/3.6" 
211.137.56.201 - - [12/Apr/2016:05:16:54 -0700] "GET /tg/a.zip HTTP/1.1" 304 132 "-" "Mozilla/5.0 Gecko/20100115 Firefox/3.6" 
198.27.66.66 - - [12/Apr/2016:05:38:14 -0700] "GET /honeypot/BSidesDFW - 2014.ipynb HTTP/1.0" 404 303 "-" "Mozilla/5.0 (compatible; idmarch Automatic.beta/1.3; +http://www.idmarch.org/bot.html)" 
146.20.68.17 - - [12/Apr/2016:05:55:22 -0700] "GET /robots.txt HTTP/1.1" 301 446 "-" "Tornado-Async-Client" 
146.20.68.17 - - [12/Apr/2016:05:55:22 -0700] "GET /robots.txt HTTP/1.1" 200 304 "-" "Tornado-Async-Client" 
146.20.68.17 - - [12/Apr/2016:05:55:22 -0700] "GET /honeypot/BSidesDFW%20-%202014.ipynb HTTP/1.1" 301 484 "-" "Tornado-Async-Client" 
146.20.68.17 - - [12/Apr/2016:05:55:22 -0700] "GET /honeypot/BSidesDFW%20-%202014.ipynb HTTP/1.1" 200 930780 "-" "Tornado-Async-Client" 
40.77.167.94 - - [12/Apr/2016:06:07:22 -0700] "GET /self.logs/error.log.2015-04-05.gz HTTP/1.1" 200 1049 "-" "Mozilla/5.0 (compatible; bingbot/2.0; +http://www.bing.com/bingbot.htm)" 
40.77.167.48 - - [12/Apr/2016:06:12:25 -0700] "GET /self.logs/access.log.2015-04-19.gz HTTP/1.1" 200 4845 "-" "Mozilla/5.0 (compatible; bingbot/2.0; +http://www.bing.com/bingbot.htm)" 
218.200.66.203 - - [12/Apr/2016:06:16:05 -0700] "GET /tg/a.zip HTTP/1.1" 304 132 "-" "Mozilla/5.0 Gecko/20100115 Firefox/3.6" 
193.40.244.197 - - [12/Apr/2016:06:16:15 -0700] "GET / HTTP/1.1" 200 8801 "https://www.google.ee/" "Mozilla/5.0 (Windows NT 6.1; WOW64) AppleWebKit/537.36 (KHTML, like Gecko) Chrome/49.0.2623.112 Safari/537.36" 
193.40.244.197 - - [12/Apr/2016:06:16:16 -0700] "GET /twitter-icon.png HTTP/1.1" 200 27787 "http://www.secrepo.com/" "Mozilla/5.0 (Windows NT 6.1; WOW64) AppleWebKit/537.36 (KHTML, like Gecko) Chrome/49.0.2623.112 Safari/537.36" 
193.40.244.197 - - [12/Apr/2016:06:16:16 -0700] "GET /GitHub-Mark.png HTTP/1.1" 200 7428 "http://www.secrepo.com/" "Mozilla/5.0 (Windows NT 6.1; WOW64) AppleWebKit/537.36 (KHTML, like Gecko) Chrome/49.0.2623.112 Safari/537.36" 
193.40.244.197 - - [12/Apr/2016:06:16:16 -0700] "GET /bootstrap/img/favicon.ico HTTP/1.1" 200 589 "http://www.secrepo.com/" "Mozilla/5.0 (Windows NT 6.1; WOW64) AppleWebKit/537.36 (KHTML, like Gecko) Chrome/49.0.2623.112 Safari/537.36" 
180.76.15.8 - - [12/Apr/2016:06:26:02 -0700] "GET / HTTP/1.1" 200 21900 "-" "Mozilla/5.0 (compatible; Baiduspider/2.0; +http://www.baidu.com/search/spider.html)" 
180.76.15.6 - - [12/Apr/2016:06:26:32 -0700] "GET / HTTP/1.1" 200 28946 "-" "Mozilla/5.0 (compatible; Baiduspider/2.0; +http://www.baidu.com/search/spider.html)" 
117.190.191.170 - - [12/Apr/2016:06:26:58 -0700] "GET /tg/a.zip HTTP/1.1" 304 132 "-" "Mozilla/5.0 Gecko/20100115 Firefox/3.6" 
40.77.167.48 - - [12/Apr/2016:06:29:41 -0700] "GET / HTTP/1.1" 301 483 "-" "Mozilla/5.0 (compatible; bingbot/2.0; +http://www.bing.com/bingbot.htm)" 
176.9.10.227 - - [12/Apr/2016:06:32:49 -0700] "GET /robots.txt HTTP/1.0" 200 252 "-" "Mozilla/5.0 (compatible; MJ12bot/v1.4.5; http://www.majestic12.co.uk/bot.php?+)" 
176.9.10.227 - - [12/Apr/2016:06:32:52 -0700] "GET /honeypot//%22http://amunhoney.sourceforge.net//%22 HTTP/1.0" 404 284 "-" "Mozilla/5.0 (compatible; MJ12bot/v1.4.5; http://www.majestic12.co.uk/bot.php?+)" 
176.9.10.227 - - [12/Apr/2016:06:32:54 -0700] "GET /honeypot//%22http://glastopf.org//%22 HTTP/1.0" 404 303 "-" "Mozilla/5.0 (compatible; MJ12bot/v1.4.5; http://www.majestic12.co.uk/bot.php?+)" 
176.9.10.227 - - [12/Apr/2016:06:32:55 -0700] "GET /honeypot//%22http://www.maxmind.com/%22 HTTP/1.0" 404 303 "-" "Mozilla/5.0 (compatible; MJ12bot/v1.4.5; http://www.majestic12.co.uk/bot.php?+)" 
40.77.167.48 - - [12/Apr/2016:06:33:05 -0700] "GET / HTTP/1.1" 200 8801 "-" "Mozilla/5.0 (compatible; bingbot/2.0; +http://www.bing.com/bingbot.htm)" 
136.243.36.85 - - [12/Apr/2016:06:36:05 -0700] "GET /robots.txt HTTP/1.1" 301 502 "-" "Mozilla/5.0 (compatible; BLEXBot/1.0; +http://webmeup-crawler.com/)" 
136.243.36.85 - - [12/Apr/2016:06:36:08 -0700] "GET /robots.txt HTTP/1.1" 200 334 "-" "Mozilla/5.0 (compatible; BLEXBot/1.0; +http://webmeup-crawler.com/)" 
136.243.36.85 - - [12/Apr/2016:06:36:08 -0700] "GET / HTTP/1.1" 200 8801 "-" "Mozilla/5.0 (compatible; BLEXBot/1.0; +http://webmeup-crawler.com/)" 
54.174.94.130 - - [12/Apr/2016:06:38:34 -0700] "GET /wp-login.php HTTP/1.1" 404 295 "-" "Opera/9.80 (Windows NT 5.1; U; ru) Presto/2.9.168 Version/11.50" 
117.177.241.60 - - [12/Apr/2016:06:49:29 -0700] "GET /tg/a.zip HTTP/1.1" 304 132 "-" "Mozilla/5.0 Gecko/20100115 Firefox/3.6" 
40.77.167.48 - - [12/Apr/2016:06:50:59 -0700] "GET /self.logs/error.log.2015-05-11.gz HTTP/1.1" 200 1140 "-" "Mozilla/5.0 (compatible; bingbot/2.0; +http://www.bing.com/bingbot.htm)" 
111.23.4.148 - - [12/Apr/2016:07:01:52 -0700] "GET /tg/a.zip HTTP/1.1" 304 132 "-" "Mozilla/5.0 Gecko/20100115 Firefox/3.6" 
207.46.13.135 - - [12/Apr/2016:07:02:23 -0700] "GET /self.logs/access.log.2015-11-23.gz HTTP/1.1" 200 8922 "-" "Mozilla/5.0 (compatible; bingbot/2.0; +http://www.bing.com/bingbot.htm)" 
40.77.167.55 - - [12/Apr/2016:07:03:58 -0700] "GET /self.logs/error.log.2015-08-02.gz HTTP/1.1" 304 188 "-" "Mozilla/5.0 (compatible; bingbot/2.0; +http://www.bing.com/bingbot.htm)" 
43.224.129.221 - - [12/Apr/2016:07:04:08 -0700] "GET / HTTP/1.1" 301 427 "https://t.co/pArNAxyuQQ" "Mozilla/5.0 (Macintosh; Intel Mac OS X 10_10_5) AppleWebKit/537.36 (KHTML, like Gecko) Chrome/48.0.2564.116 Safari/537.36" 
43.224.129.221 - - [12/Apr/2016:07:04:11 -0700] "GET / HTTP/1.1" 200 8745 "https://t.co/pArNAxyuQQ" "Mozilla/5.0 (Macintosh; Intel Mac OS X 10_10_5) AppleWebKit/537.36 (KHTML, like Gecko) Chrome/48.0.2564.116 Safari/537.36" 
43.224.129.221 - - [12/Apr/2016:07:04:12 -0700] "GET /twitter-icon.png HTTP/1.1" 200 27732 "http://www.secrepo.com/" "Mozilla/5.0 (Macintosh; Intel Mac OS X 10_10_5) AppleWebKit/537.36 (KHTML, like Gecko) Chrome/48.0.2564.116 Safari/537.36" 
43.224.129.221 - - [12/Apr/2016:07:04:12 -0700] "GET /GitHub-Mark.png HTTP/1.1" 200 7372 "http://www.secrepo.com/" "Mozilla/5.0 (Macintosh; Intel Mac OS X 10_10_5) AppleWebKit/537.36 (KHTML, like Gecko) Chrome/48.0.2564.116 Safari/537.36" 
43.224.129.221 - - [12/Apr/2016:07:04:12 -0700] "GET /bootstrap/img/favicon.ico HTTP/1.1" 200 534 "http://www.secrepo.com/" "Mozilla/5.0 (Macintosh; Intel Mac OS X 10_10_5) AppleWebKit/537.36 (KHTML, like Gecko) Chrome/48.0.2564.116 Safari/537.36" 
40.77.167.94 - - [12/Apr/2016:07:16:28 -0700] "GET /self.logs/error.log.2016-02-23.gz HTTP/1.1" 200 838 "-" "Mozilla/5.0 (compatible; bingbot/2.0; +http://www.bing.com/bingbot.htm)" 
40.77.167.55 - - [12/Apr/2016:07:22:06 -0700] "GET /self.logs/error.log.2015-01-24.gz HTTP/1.1" 301 544 "-" "Mozilla/5.0 (compatible; bingbot/2.0; +http://www.bing.com/bingbot.htm)" 
164.132.161.21 - - [12/Apr/2016:07:25:15 -0700] "GET /self.logs/access.log.2015-12-18.gz HTTP/1.1" 200 4135 "-" "Mozilla/5.0 (compatible; AhrefsBot/5.1; +http://ahrefs.com/robot/)" 
221.216.141.254 - - [12/Apr/2016:07:33:24 -0700] "GET / HTTP/1.1" 200 8801 "-" "Mozilla/5.0 (Macintosh; Intel Mac OS X 10_11_3) AppleWebKit/601.4.4 (KHTML, like Gecko)" 
221.216.141.254 - - [12/Apr/2016:07:33:24 -0700] "GET /apple-touch-icon-precomposed.png HTTP/1.1" 404 340 "-" "Safari/11601.4.4 CFNetwork/760.2.6 Darwin/15.3.0 (x86_64)" 
221.216.141.254 - - [12/Apr/2016:07:33:25 -0700] "GET /apple-touch-icon.png HTTP/1.1" 404 339 "-" "Safari/11601.4.4 CFNetwork/760.2.6 Darwin/15.3.0 (x86_64)" 
221.216.141.254 - - [12/Apr/2016:07:33:31 -0700] "GET /bootstrap/img/favicon.ico HTTP/1.1" 200 590 "-" "Safari/11601.4.4 CFNetwork/760.2.6 Darwin/15.3.0 (x86_64)" 
199.59.148.210 - - [12/Apr/2016:07:36:04 -0700] "GET /robots.txt HTTP/1.1" 200 304 "-" "Twitterbot/1.0" 
199.59.148.210 - - [12/Apr/2016:07:36:05 -0700] "GET /self.logs/ HTTP/1.1" 200 9418 "-" "Twitterbot/1.0" 
40.77.167.48 - - [12/Apr/2016:07:40:27 -0700] "GET /self.logs/access.log.2015-05-06.gz HTTP/1.1" 304 189 "-" "Mozilla/5.0 (compatible; bingbot/2.0; +http://www.bing.com/bingbot.htm)" 
221.216.141.254 - - [12/Apr/2016:07:42:01 -0700] "GET /apple-touch-icon.png HTTP/1.1" 404 340 "-" "Safari/11601.4.4 CFNetwork/760.2.6 Darwin/15.3.0 (x86_64)" 
68.180.230.88 - - [12/Apr/2016:07:48:55 -0700] "GET /self.logs/error.log.2015-09-01.gz HTTP/1.1" 200 662 "-" "Mozilla/5.0 (compatible; Yahoo! Slurp; http://help.yahoo.com/help/us/ysearch/slurp)" 
211.137.56.172 - - [12/Apr/2016:07:49:00 -0700] "GET /tg/a.zip HTTP/1.1" 304 132 "-" "Mozilla/5.0 Gecko/20100115 Firefox/3.6" 
211.137.56.194 - - [12/Apr/2016:07:49:53 -0700] "GET /tg/a.zip HTTP/1.1" 304 132 "-" "Mozilla/5.0 Gecko/20100115 Firefox/3.6" 
192.35.35.34 - - [12/Apr/2016:07:54:55 -0700] "GET / HTTP/1.1" 200 8801 "http://www.secrepo.com/" "Mozilla/5.0 (Windows NT 6.1; WOW64; Trident/7.0; rv:11.0) like Gecko" 
192.35.35.34 - - [12/Apr/2016:07:54:56 -0700] "GET /GitHub-Mark.png HTTP/1.1" 200 7427 "http://www.secrepo.com/" "Mozilla/5.0 (Windows NT 6.1; WOW64; Trident/7.0; rv:11.0) like Gecko" 
192.35.35.34 - - [12/Apr/2016:07:54:56 -0700] "GET /twitter-icon.png HTTP/1.1" 200 27788 "http://www.secrepo.com/" "Mozilla/5.0 (Windows NT 6.1; WOW64; Trident/7.0; rv:11.0) like Gecko" 
192.35.35.34 - - [12/Apr/2016:07:54:57 -0700] "GET /bootstrap/img/favicon.ico HTTP/1.1" 200 589 "-" "Mozilla/5.0 (Windows NT 6.1; WOW64; Trident/7.0; rv:11.0) like Gecko" 
199.189.191.236 - - [12/Apr/2016:07:55:21 -0700] "GET / HTTP/1.1" 304 189 "-" "Mozilla/5.0 (Macintosh; Intel Mac OS X 10_11_4) AppleWebKit/537.36 (KHTML, like Gecko) Chrome/49.0.2623.112 Safari/537.36" 
111.7.128.40 - - [12/Apr/2016:08:14:36 -0700] "GET /tg/a.zip HTTP/1.1" 304 132 "-" "Mozilla/5.0 Gecko/20100115 Firefox/3.6" 
111.23.10.33 - - [12/Apr/2016:08:16:14 -0700] "GET /tg/a.zip HTTP/1.1" 304 132 "-" "Mozilla/5.0 Gecko/20100115 Firefox/3.6" 
211.137.56.201 - - [12/Apr/2016:08:16:58 -0700] "GET /tg/a.zip HTTP/1.1" 304 132 "-" "Mozilla/5.0 Gecko/20100115 Firefox/3.6" 
40.77.167.55 - - [12/Apr/2016:08:19:38 -0700] "GET /self.logs/access.log.2015-06-14.gz HTTP/1.1" 304 188 "-" "Mozilla/5.0 (compatible; bingbot/2.0; +http://www.bing.com/bingbot.htm)" 
51.255.65.78 - - [12/Apr/2016:08:30:31 -0700] "GET /self.logs/access.log.2016-03-21.gz HTTP/1.1" 200 6566 "-" "Mozilla/5.0 (compatible; AhrefsBot/5.1; +http://ahrefs.com/robot/)" 
108.19.171.88 - - [12/Apr/2016:08:39:38 -0700] "GET / HTTP/1.1" 200 8801 "-" "Mozilla/5.0 (X11; Linux x86_64) AppleWebKit/537.36 (KHTML, like Gecko) Ubuntu Chromium/49.0.2623.108 Chrome/49.0.2623.108 Safari/537.36" 
108.19.171.88 - - [12/Apr/2016:08:39:38 -0700] "GET /twitter-icon.png HTTP/1.1" 200 27787 "http://www.secrepo.com/" "Mozilla/5.0 (X11; Linux x86_64) AppleWebKit/537.36 (KHTML, like Gecko) Ubuntu Chromium/49.0.2623.108 Chrome/49.0.2623.108 Safari/537.36" 
108.19.171.88 - - [12/Apr/2016:08:39:38 -0700] "GET /GitHub-Mark.png HTTP/1.1" 200 7428 "http://www.secrepo.com/" "Mozilla/5.0 (X11; Linux x86_64) AppleWebKit/537.36 (KHTML, like Gecko) Ubuntu Chromium/49.0.2623.108 Chrome/49.0.2623.108 Safari/537.36" 
182.69.87.37 - - [12/Apr/2016:08:43:29 -0700] "GET / HTTP/1.1" 200 8801 "https://www.google.co.in/" "Mozilla/5.0 (X11; Linux i686) AppleWebKit/537.36 (KHTML, like Gecko) Chrome/40.0.2214.111 Safari/537.36" 
182.69.87.37 - - [12/Apr/2016:08:43:32 -0700] "GET /twitter-icon.png HTTP/1.1" 200 27788 "http://www.secrepo.com/" "Mozilla/5.0 (X11; Linux i686) AppleWebKit/537.36 (KHTML, like Gecko) Chrome/40.0.2214.111 Safari/537.36" 
182.69.87.37 - - [12/Apr/2016:08:43:48 -0700] "GET /GitHub-Mark.png HTTP/1.1" 200 7428 "http://www.secrepo.com/" "Mozilla/5.0 (X11; Linux i686) AppleWebKit/537.36 (KHTML, like Gecko) Chrome/40.0.2214.111 Safari/537.36" 
68.180.230.88 - - [12/Apr/2016:08:55:28 -0700] "GET /robots.txt HTTP/1.1" 200 233 "-" "Mozilla/5.0 (compatible; Yahoo! Slurp; http://help.yahoo.com/help/us/ysearch/slurp)" 
68.180.230.88 - - [12/Apr/2016:08:55:29 -0700] "GET /self.logs/error.log.2015-02-12.gz HTTP/1.1" 200 2249 "-" "Mozilla/5.0 (compatible; Yahoo! Slurp; http://help.yahoo.com/help/us/ysearch/slurp)" 
45.62.112.16 - - [12/Apr/2016:09:03:37 -0700] "GET / HTTP/1.1" 200 8801 "-" "Mozilla/5.0 (Macintosh; Intel Mac OS X 10_11_3) AppleWebKit/601.4.4 (KHTML, like Gecko)" 
45.62.112.16 - - [12/Apr/2016:09:03:39 -0700] "GET /bootstrap/img/favicon.ico HTTP/1.1" 304 165 "-" "Safari/11601.4.4 CFNetwork/760.2.6 Darwin/15.3.0 (x86_64)" 
45.62.112.16 - - [12/Apr/2016:09:03:39 -0700] "GET /apple-touch-icon-precomposed.png HTTP/1.1" 404 340 "-" "Safari/11601.4.4 CFNetwork/760.2.6 Darwin/15.3.0 (x86_64)" 
45.62.112.16 - - [12/Apr/2016:09:03:40 -0700] "GET /apple-touch-icon.png HTTP/1.1" 404 339 "-" "Safari/11601.4.4 CFNetwork/760.2.6 Darwin/15.3.0 (x86_64)" 
45.62.112.16 - - [12/Apr/2016:09:03:41 -0700] "GET /apple-touch-icon-precomposed.png HTTP/1.1" 404 339 "-" "Safari/11601.4.4 CFNetwork/760.2.6 Darwin/15.3.0 (x86_64)" 
45.62.112.16 - - [12/Apr/2016:09:03:42 -0700] "GET /apple-touch-icon.png HTTP/1.1" 404 339 "-" "Safari/11601.4.4 CFNetwork/760.2.6 Darwin/15.3.0 (x86_64)" 
199.59.148.209 - - [12/Apr/2016:09:05:38 -0700] "GET /robots.txt HTTP/1.1" 200 304 "-" "Twitterbot/1.0" 
199.59.148.209 - - [12/Apr/2016:09:05:39 -0700] "GET / HTTP/1.1" 200 8745 "-" "Twitterbot/1.0" 
151.80.31.157 - - [12/Apr/2016:09:08:06 -0700] "GET /self.logs/error.log.2015-07-05.gz HTTP/1.1" 200 823 "-" "Mozilla/5.0 (compatible; AhrefsBot/5.1; +http://ahrefs.com/robot/)" 
40.77.167.94 - - [12/Apr/2016:09:12:06 -0700] "GET /self.logs/error.log.2015-06-24.gz HTTP/1.1" 200 876 "-" "Mozilla/5.0 (compatible; bingbot/2.0; +http://www.bing.com/bingbot.htm)" 
66.249.64.129 - - [12/Apr/2016:09:13:55 -0700] "GET / HTTP/1.1" 200 8801 "-" "Mozilla/5.0 (iPhone; CPU iPhone OS 8_3 like Mac OS X) AppleWebKit/600.1.4 (KHTML, like Gecko) Version/8.0 Mobile/12F70 Safari/600.1.4 (compatible; Googlebot/2.1; +http://www.google.com/bot.html)" 
218.200.66.203 - - [12/Apr/2016:09:16:07 -0700] "GET /tg/a.zip HTTP/1.1" 304 132 "-" "Mozilla/5.0 Gecko/20100115 Firefox/3.6" 
203.170.26.20 - - [12/Apr/2016:09:16:23 -0700] "GET / HTTP/1.1" 200 8801 "http://www.mlsecproject.org/" "Mozilla/5.0 (X11; Ubuntu; Linux x86_64; rv:45.0) Gecko/20100101 Firefox/45.0" 
203.170.26.20 - - [12/Apr/2016:09:16:24 -0700] "GET /bootstrap/img/favicon.ico HTTP/1.1" 200 589 "-" "Mozilla/5.0 (X11; Ubuntu; Linux x86_64; rv:45.0) Gecko/20100101 Firefox/45.0" 
203.170.26.20 - - [12/Apr/2016:09:16:30 -0700] "GET /GitHub-Mark.png HTTP/1.1" 200 7428 "http://www.secrepo.com/" "Mozilla/5.0 (X11; Ubuntu; Linux x86_64; rv:45.0) Gecko/20100101 Firefox/45.0" 
203.170.26.20 - - [12/Apr/2016:09:16:30 -0700] "GET /twitter-icon.png HTTP/1.1" 200 27788 "http://www.secrepo.com/" "Mozilla/5.0 (X11; Ubuntu; Linux x86_64; rv:45.0) Gecko/20100101 Firefox/45.0" 
68.180.230.88 - - [12/Apr/2016:09:18:31 -0700] "GET /self.logs/error.log.2015-02-05.gz HTTP/1.1" 200 523 "-" "Mozilla/5.0 (compatible; Yahoo! Slurp; http://help.yahoo.com/help/us/ysearch/slurp)" 
207.46.13.135 - - [12/Apr/2016:09:21:24 -0700] "GET /self.logs/access.log.2016-02-16.gz HTTP/1.1" 200 7180 "-" "Mozilla/5.0 (compatible; bingbot/2.0; +http://www.bing.com/bingbot.htm)" 
117.190.191.170 - - [12/Apr/2016:09:27:02 -0700] "GET /tg/a.zip HTTP/1.1" 304 132 "-" "Mozilla/5.0 Gecko/20100115 Firefox/3.6" 
51.255.65.86 - - [12/Apr/2016:09:27:55 -0700] "GET /self.logs/access.log.2016-03-05.gz HTTP/1.1" 200 6708 "-" "Mozilla/5.0 (compatible; AhrefsBot/5.1; +http://ahrefs.com/robot/)" 
40.77.167.94 - - [12/Apr/2016:09:30:46 -0700] "GET /self.logs/error.log.2015-09-29.gz HTTP/1.1" 304 188 "-" "Mozilla/5.0 (compatible; bingbot/2.0; +http://www.bing.com/bingbot.htm)" 
218.28.38.147 - - [12/Apr/2016:09:39:02 -0700] "GET /honeypot/Honeypot%20-%20Howto.pdf HTTP/1.1" 200 1279418 "-" "Mozilla/4.0 (compatible; MSIE 6.0; Windows NT 5.1)" 
66.220.146.28 - - [12/Apr/2016:09:49:09 -0700] "GET / HTTP/1.1" 206 8811 "-" "facebookexternalhit/1.1 (+http://www.facebook.com/externalhit_uatext.php)" 
173.252.88.90 - - [12/Apr/2016:09:49:12 -0700] "GET /twitter-icon.png HTTP/1.1" 200 27788 "-" "facebookexternalhit/1.1 (+http://www.facebook.com/externalhit_uatext.php)" 
31.13.102.109 - - [12/Apr/2016:09:49:12 -0700] "GET /GitHub-Mark.png HTTP/1.1" 200 7428 "-" "facebookexternalhit/1.1 (+http://www.facebook.com/externalhit_uatext.php)" 
66.220.146.22 - - [12/Apr/2016:09:49:29 -0700] "GET /GitHub-Mark.png HTTP/1.1" 206 7438 "-" "facebookexternalhit/1.1 (+http://www.facebook.com/externalhit_uatext.php)" 
173.252.90.80 - - [12/Apr/2016:09:49:30 -0700] "GET /GitHub-Mark.png HTTP/1.1" 200 7428 "-" "facebookexternalhit/1.1 (+http://www.facebook.com/externalhit_uatext.php)" 
66.220.146.230 - - [12/Apr/2016:09:49:32 -0700] "GET /GitHub-Mark.png HTTP/1.1" 200 7428 "-" "visionutils/0.2" 
117.177.241.60 - - [12/Apr/2016:09:49:50 -0700] "GET /tg/a.zip HTTP/1.1" 304 132 "-" "Mozilla/5.0 Gecko/20100115 Firefox/3.6" 
207.46.13.135 - - [12/Apr/2016:09:59:39 -0700] "GET /self.logs/access.log.2015-09-01.gz HTTP/1.1" 304 189 "-" "Mozilla/5.0 (compatible; bingbot/2.0; +http://www.bing.com/bingbot.htm)" 
111.23.4.148 - - [12/Apr/2016:10:02:00 -0700] "GET /tg/a.zip HTTP/1.1" 304 132 "-" "Mozilla/5.0 Gecko/20100115 Firefox/3.6" 
207.46.13.135 - - [12/Apr/2016:10:08:07 -0700] "GET /self.logs/error.log.2015-07-04.gz HTTP/1.1" 200 864 "-" "Mozilla/5.0 (compatible; bingbot/2.0; +http://www.bing.com/bingbot.htm)" 
40.77.167.55 - - [12/Apr/2016:10:14:59 -0700] "GET /maccdc2012/tunnel.log.gz HTTP/1.1" 200 5229 "-" "Mozilla/5.0 (compatible; bingbot/2.0; +http://www.bing.com/bingbot.htm)" 
163.172.14.136 - - [12/Apr/2016:10:27:50 -0700] "GET /maccdc2012/signatures.log.gz HTTP/1.1" 200 549 "http://www.secrepo.com" "Mozilla/5.0 (compatible; Googlebot/2.1; +http://www.google.com/bot.html)" 
164.132.161.7 - - [12/Apr/2016:10:42:41 -0700] "GET /self.logs/access.log.2015-04-28.gz HTTP/1.1" 200 9475 "-" "Mozilla/5.0 (compatible; AhrefsBot/5.1; +http://ahrefs.com/robot/)" 
211.137.56.172 - - [12/Apr/2016:10:49:04 -0700] "GET /tg/a.zip HTTP/1.1" 304 132 "-" "Mozilla/5.0 Gecko/20100115 Firefox/3.6" 
211.137.56.194 - - [12/Apr/2016:10:49:55 -0700] "GET /tg/a.zip HTTP/1.1" 304 132 "-" "Mozilla/5.0 Gecko/20100115 Firefox/3.6" 
98.173.216.165 - - [12/Apr/2016:10:59:12 -0700] "GET / HTTP/1.1" 200 8801 "-" "Mozilla/5.0 (Windows NT 6.1; WOW64) AppleWebKit/537.36 (KHTML, like Gecko) Chrome/49.0.2623.110 Safari/537.36" 
98.173.216.165 - - [12/Apr/2016:10:59:16 -0700] "GET /GitHub-Mark.png HTTP/1.1" 200 7428 "http://www.secrepo.com/" "Mozilla/5.0 (Windows NT 6.1; WOW64) AppleWebKit/537.36 (KHTML, like Gecko) Chrome/49.0.2623.110 Safari/537.36" 
207.46.13.135 - - [12/Apr/2016:11:08:15 -0700] "GET /self.logs/error.log.2015-10-22.gz HTTP/1.1" 304 188 "-" "Mozilla/5.0 (compatible; bingbot/2.0; +http://www.bing.com/bingbot.htm)" 
111.7.128.40 - - [12/Apr/2016:11:14:36 -0700] "GET /tg/a.zip HTTP/1.1" 304 132 "-" "Mozilla/5.0 Gecko/20100115 Firefox/3.6" 
111.23.10.33 - - [12/Apr/2016:11:16:16 -0700] "GET /tg/a.zip HTTP/1.1" 304 132 "-" "Mozilla/5.0 Gecko/20100115 Firefox/3.6" 
211.137.56.201 - - [12/Apr/2016:11:16:58 -0700] "GET /tg/a.zip HTTP/1.1" 304 132 "-" "Mozilla/5.0 Gecko/20100115 Firefox/3.6" 
81.174.245.191 - - [12/Apr/2016:11:26:01 -0700] "GET /bootstrap/img/favicon.ico HTTP/1.1" 200 590 "-" "Mozilla/5.0 (Windows NT 10.0; WOW64) AppleWebKit/537.36 (KHTML, like Gecko) Chrome/49.0.2623.112 Safari/537.36" 
40.77.167.54 - - [12/Apr/2016:11:26:20 -0700] "GET /self.logs/error.log.2015-06-22.gz HTTP/1.1" 304 188 "-" "Mozilla/5.0 (compatible; bingbot/2.0; +http://www.bing.com/bingbot.htm)" 
198.27.66.66 - - [12/Apr/2016:11:29:31 -0700] "GET /data HTTP/1.0" 404 303 "-" "Mozilla/5.0 (compatible; idmarch Automatic.beta/1.3; +http://www.idmarch.org/bot.html)" 
40.77.167.48 - - [12/Apr/2016:11:53:56 -0700] "GET /self.logs/access.log.2015-05-06.gz HTTP/1.1" 200 6625 "-" "Mozilla/5.0 (compatible; bingbot/2.0; +http://www.bing.com/bingbot.htm)" 
40.77.167.54 - - [12/Apr/2016:12:06:58 -0700] "GET /honeypot/BSidesDFW%20-%202014.ipynb HTTP/1.1" 200 930836 "-" "Mozilla/5.0 (iPhone; CPU iPhone OS 7_0 like Mac OS X) AppleWebKit/537.51.1 (KHTML, like Gecko) Version/7.0 Mobile/11A465 Safari/9537.53 (compatible; bingbot/2.0; +http://www.bing.com/bingbot.htm)" 
218.200.66.203 - - [12/Apr/2016:12:16:14 -0700] "GET /tg/a.zip HTTP/1.1" 304 132 "-" "Mozilla/5.0 Gecko/20100115 Firefox/3.6" 
207.46.13.135 - - [12/Apr/2016:12:18:12 -0700] "GET /self.logs/error.log.2016-01-31.gz HTTP/1.1" 200 622 "-" "Mozilla/5.0 (compatible; bingbot/2.0; +http://www.bing.com/bingbot.htm)" 
164.132.161.23 - - [12/Apr/2016:12:20:03 -0700] "GET /self.logs/error.log.2016-02-22.gz HTTP/1.1" 200 781 "-" "Mozilla/5.0 (compatible; AhrefsBot/5.1; +http://ahrefs.com/robot/)" 
117.190.191.170 - - [12/Apr/2016:12:27:02 -0700] "GET /tg/a.zip HTTP/1.1" 304 132 "-" "Mozilla/5.0 Gecko/20100115 Firefox/3.6" 
180.76.15.31 - - [12/Apr/2016:12:29:09 -0700] "GET / HTTP/1.1" 200 21900 "-" "Mozilla/5.0 (compatible; Baiduspider/2.0; +http://www.baidu.com/search/spider.html)" 
180.76.15.29 - - [12/Apr/2016:12:29:47 -0700] "GET / HTTP/1.1" 200 21900 "-" "Mozilla/5.0 (compatible; Baiduspider/2.0; +http://www.baidu.com/search/spider.html)" 
207.46.13.104 - - [12/Apr/2016:12:31:48 -0700] "GET /self.logs/error.log.2015-08-02.gz HTTP/1.1" 200 704 "-" "Mozilla/5.0 (compatible; bingbot/2.0; +http://www.bing.com/bingbot.htm)" 
207.46.13.135 - - [12/Apr/2016:12:36:31 -0700] "GET /self.logs/error.log.2015-03-14.gz HTTP/1.1" 304 188 "-" "Mozilla/5.0 (compatible; bingbot/2.0; +http://www.bing.com/bingbot.htm)" 
166.88.111.157 - - [12/Apr/2016:12:37:39 -0700] "GET /honeypot/BSidesDFW%20-%202014.ipynb HTTP/1.1" 200 930780 "http://www.secrepo.com/" "Mozilla/5.0 (X11; Linux i686; rv:17.0) Gecko/20100101 Firefox/17.0" 
117.177.241.60 - - [12/Apr/2016:12:49:52 -0700] "GET /tg/a.zip HTTP/1.1" 304 132 "-" "Mozilla/5.0 Gecko/20100115 Firefox/3.6" 
68.180.230.88 - - [12/Apr/2016:13:01:02 -0700] "GET /self.logs/error.log.2015-04-16.gz HTTP/1.1" 200 2650 "-" "Mozilla/5.0 (compatible; Yahoo! Slurp; http://help.yahoo.com/help/us/ysearch/slurp)" 
111.23.4.148 - - [12/Apr/2016:13:02:09 -0700] "GET /tg/a.zip HTTP/1.1" 304 132 "-" "Mozilla/5.0 Gecko/20100115 Firefox/3.6" 
207.46.13.104 - - [12/Apr/2016:13:03:51 -0700] "GET /self.logs/access.log.2015-12-23.gz HTTP/1.1" 304 189 "-" "Mozilla/5.0 (compatible; bingbot/2.0; +http://www.bing.com/bingbot.htm)" 
151.80.31.177 - - [12/Apr/2016:13:05:23 -0700] "GET /self.logs/error.log.2015-06-06.gz HTTP/1.1" 200 700 "-" "Mozilla/5.0 (compatible; AhrefsBot/5.1; +http://ahrefs.com/robot/)" 
207.46.13.135 - - [12/Apr/2016:13:05:44 -0700] "GET /self.logs/error.log.2016-01-03.gz HTTP/1.1" 304 188 "-" "Mozilla/5.0 (compatible; bingbot/2.0; +http://www.bing.com/bingbot.htm)" 
198.27.66.66 - - [12/Apr/2016:13:16:52 -0700] "GET /robots.txt HTTP/1.0" 301 465 "-" "Mozilla/5.0 (compatible; idmarch Automatic.beta/1.3; +http://www.idmarch.org/bot.html)" 
198.27.66.66 - - [12/Apr/2016:13:16:57 -0700] "GET /robots.txt HTTP/1.0" 200 297 "-" "Mozilla/5.0 (compatible; idmarch Automatic.beta/1.3; +http://www.idmarch.org/bot.html)" 
198.27.66.66 - - [12/Apr/2016:13:16:57 -0700] "GET / HTTP/1.0" 301 446 "-" "Mozilla/5.0 (compatible; idmarch Automatic.beta/1.3; +http://www.idmarch.org/bot.html)" 
40.77.167.48 - - [12/Apr/2016:13:17:47 -0700] "GET /self.logs/access.log.2015-03-11.gz HTTP/1.1" 304 188 "-" "Mozilla/5.0 (compatible; bingbot/2.0; +http://www.bing.com/bingbot.htm)" 
207.46.13.135 - - [12/Apr/2016:13:33:10 -0700] "GET /self.logs/access.log.2015-01-17.gz HTTP/1.1" 304 188 "-" "Mozilla/5.0 (compatible; bingbot/2.0; +http://www.bing.com/bingbot.htm)" 
68.180.230.88 - - [12/Apr/2016:13:36:34 -0700] "GET /Security-Data-Analysis/Lab_1/conn.log.zip HTTP/1.1" 304 137 "-" "Mozilla/5.0 (compatible; Yahoo! Slurp; http://help.yahoo.com/help/us/ysearch/slurp)" 
52.90.183.97 - - [12/Apr/2016:13:42:14 -0700] "GET /favicon.ico HTTP/1.1" 301 445 "-" "HTTP_Request2/2.3.0 (http://pear.php.net/package/http_request2) PHP/5.3.29" 
52.90.183.97 - - [12/Apr/2016:13:42:14 -0700] "GET /favicon.ico HTTP/1.1" 200 212 "-" "HTTP_Request2/2.3.0 (http://pear.php.net/package/http_request2) PHP/5.3.29" 
207.46.13.135 - - [12/Apr/2016:13:43:52 -0700] "GET /self.logs/error.log.2015-02-02.gz HTTP/1.1" 200 677 "-" "Mozilla/5.0 (compatible; bingbot/2.0; +http://www.bing.com/bingbot.htm)" 
66.249.83.225 - - [12/Apr/2016:13:47:20 -0700] "GET / HTTP/1.1" 200 8801 "-" "Mozilla/5.0 (X11; Linux x86_64) AppleWebKit/537.36 (KHTML, like Gecko) Chrome/49.0.2623.75 Safari/537.36 Google Favicon" 
66.249.83.228 - - [12/Apr/2016:13:47:20 -0700] "GET /bootstrap/img/favicon.ico HTTP/1.1" 200 590 "-" "Mozilla/5.0 (X11; Linux x86_64) AppleWebKit/537.36 (KHTML, like Gecko) Chrome/49.0.2623.75 Safari/537.36 Google Favicon" 
211.137.56.172 - - [12/Apr/2016:13:49:13 -0700] "GET /tg/a.zip HTTP/1.1" 304 132 "-" "Mozilla/5.0 Gecko/20100115 Firefox/3.6" 
211.137.56.194 - - [12/Apr/2016:13:50:01 -0700] "GET /tg/a.zip HTTP/1.1" 304 132 "-" "Mozilla/5.0 Gecko/20100115 Firefox/3.6" 
40.77.167.62 - - [12/Apr/2016:13:50:15 -0700] "GET /self.logs/access.log.2015-04-03.gz HTTP/1.1" 304 188 "-" "Mozilla/5.0 (compatible; bingbot/2.0; +http://www.bing.com/bingbot.htm)" 
207.46.13.104 - - [12/Apr/2016:13:51:53 -0700] "GET /self.logs/access.log.2015-06-14.gz HTTP/1.1" 200 4386 "-" "Mozilla/5.0 (compatible; bingbot/2.0; +http://www.bing.com/bingbot.htm)" 
46.119.127.129 - - [12/Apr/2016:13:56:58 -0700] "GET /robots.txt HTTP/1.1" 200 289 "-" "Mozilla/5.0 (Windows 10; WOW64; rv:41.0) Gecko/20100101 Firefox/41.0" 
46.119.127.129 - - [12/Apr/2016:13:56:58 -0700] "GET / HTTP/1.1" 200 28956 "-" "Mozilla/5.0 (Windows 10; WOW64; rv:41.0) Gecko/20100101 Firefox/41.0" 
46.119.127.129 - - [12/Apr/2016:13:56:59 -0700] "GET /xmlrpc.php?rsd HTTP/1.1" 404 294 "-" "Mozilla/5.0 (Windows 10; WOW64; rv:41.0) Gecko/20100101 Firefox/41.0" 
46.119.127.129 - - [12/Apr/2016:13:56:59 -0700] "GET /blog/robots.txt HTTP/1.1" 404 294 "-" "Mozilla/5.0 (Windows 10; WOW64; rv:41.0) Gecko/20100101 Firefox/41.0" 
46.119.127.129 - - [12/Apr/2016:13:57:00 -0700] "GET /blog/ HTTP/1.1" 404 294 "-" "Mozilla/5.0 (Windows 10; WOW64; rv:41.0) Gecko/20100101 Firefox/41.0" 
46.119.127.129 - - [12/Apr/2016:13:57:00 -0700] "GET /wordpress/ HTTP/1.1" 404 294 "-" "Mozilla/5.0 (Windows 10; WOW64; rv:41.0) Gecko/20100101 Firefox/41.0" 
46.119.127.129 - - [12/Apr/2016:13:57:00 -0700] "GET /wp/ HTTP/1.1" 404 294 "-" "Mozilla/5.0 (Windows 10; WOW64; rv:41.0) Gecko/20100101 Firefox/41.0" 
111.7.128.40 - - [12/Apr/2016:14:14:38 -0700] "GET /tg/a.zip HTTP/1.1" 304 132 "-" "Mozilla/5.0 Gecko/20100115 Firefox/3.6" 
111.23.10.33 - - [12/Apr/2016:14:16:16 -0700] "GET /tg/a.zip HTTP/1.1" 304 132 "-" "Mozilla/5.0 Gecko/20100115 Firefox/3.6" 
111.23.10.33 - - [12/Apr/2016:14:16:17 -0700] "GET /tg/a.zip HTTP/1.1" 200 21900 "-" "Mozilla/5.0 Gecko/20100115 Firefox/3.6" 
211.137.56.201 - - [12/Apr/2016:14:17:07 -0700] "GET /tg/a.zip HTTP/1.1" 304 132 "-" "Mozilla/5.0 Gecko/20100115 Firefox/3.6" 
2.93.17.204 - - [12/Apr/2016:14:26:04 -0700] "GET /administrator/ HTTP/1.1" 301 470 "-" "Mozilla/5.0 (Windows NT 6.0; rv:34.0) Gecko/20100101 Firefox/34.0" 
2.93.17.204 - - [12/Apr/2016:14:26:04 -0700] "GET /administrator/ HTTP/1.1" 404 239 "-" "Mozilla/5.0 (Windows NT 6.0; rv:34.0) Gecko/20100101 Firefox/34.0" 
2.93.17.204 - - [12/Apr/2016:14:26:05 -0700] "GET /administrator/index.php HTTP/1.1" 301 488 "http://www.secrepo.com/administrator/" "Mozilla/5.0 (Windows NT 6.0; rv:34.0) Gecko/20100101 Firefox/34.0" 
2.93.17.204 - - [12/Apr/2016:14:26:05 -0700] "GET /administrator/index.php HTTP/1.1" 404 239 "http://www.secrepo.com/administrator/" "Mozilla/5.0 (Windows NT 6.0; rv:34.0) Gecko/20100101 Firefox/34.0" 
2.93.17.204 - - [12/Apr/2016:14:33:31 -0700] "GET /wp-login.php HTTP/1.1" 301 466 "-" "Mozilla/5.0 (Windows NT 6.0; rv:34.0) Gecko/20100101 Firefox/34.0" 
2.93.17.204 - - [12/Apr/2016:14:33:31 -0700] "GET /wp-login.php HTTP/1.1" 404 239 "-" "Mozilla/5.0 (Windows NT 6.0; rv:34.0) Gecko/20100101 Firefox/34.0" 
2.93.17.204 - - [12/Apr/2016:14:33:31 -0700] "GET /wp-admin/ HTTP/1.1" 301 460 "http://www.secrepo.com/wp-login.php" "Mozilla/5.0 (Windows NT 6.0; rv:34.0) Gecko/20100101 Firefox/34.0" 
2.93.17.204 - - [12/Apr/2016:14:33:31 -0700] "GET /wp-admin/ HTTP/1.1" 404 239 "http://www.secrepo.com/wp-login.php" "Mozilla/5.0 (Windows NT 6.0; rv:34.0) Gecko/20100101 Firefox/34.0" 
2.93.17.204 - - [12/Apr/2016:14:38:09 -0700] "GET /admin.php HTTP/1.1" 301 460 "-" "Mozilla/5.0 (Windows NT 6.0; rv:34.0) Gecko/20100101 Firefox/34.0" 
2.93.17.204 - - [12/Apr/2016:14:38:09 -0700] "GET /admin.php HTTP/1.1" 404 239 "-" "Mozilla/5.0 (Windows NT 6.0; rv:34.0) Gecko/20100101 Firefox/34.0" 
2.93.17.204 - - [12/Apr/2016:14:39:51 -0700] "GET /admin HTTP/1.1" 301 452 "-" "Mozilla/5.0 (Windows NT 6.0; rv:34.0) Gecko/20100101 Firefox/34.0" 
2.93.17.204 - - [12/Apr/2016:14:39:51 -0700] "GET /admin HTTP/1.1" 404 239 "-" "Mozilla/5.0 (Windows NT 6.0; rv:34.0) Gecko/20100101 Firefox/34.0" 
91.122.254.92 - - [12/Apr/2016:14:42:51 -0700] "GET /administrator/ HTTP/1.1" 301 470 "-" "Mozilla/5.0 (Windows NT 6.0; rv:34.0) Gecko/20100101 Firefox/34.0" 
91.122.254.92 - - [12/Apr/2016:14:42:52 -0700] "GET /administrator/ HTTP/1.1" 404 239 "-" "Mozilla/5.0 (Windows NT 6.0; rv:34.0) Gecko/20100101 Firefox/34.0" 
91.122.254.92 - - [12/Apr/2016:14:42:52 -0700] "GET /administrator/index.php HTTP/1.1" 301 488 "http://www.secrepo.com/administrator/" "Mozilla/5.0 (Windows NT 6.0; rv:34.0) Gecko/20100101 Firefox/34.0" 
91.122.254.92 - - [12/Apr/2016:14:42:52 -0700] "GET /administrator/index.php HTTP/1.1" 404 239 "http://www.secrepo.com/administrator/" "Mozilla/5.0 (Windows NT 6.0; rv:34.0) Gecko/20100101 Firefox/34.0" 
66.249.64.245 - - [12/Apr/2016:14:45:36 -0700] "GET / HTTP/1.1" 200 8801 "-" "SAMSUNG-SGH-E250/1.0 Profile/MIDP-2.0 Configuration/CLDC-1.1 UP.Browser/6.2.3.3.c.1.101 (GUI) MMP/2.0 (compatible; Googlebot-Mobile/2.1; +http://www.google.com/bot.html)" 
91.122.254.92 - - [12/Apr/2016:14:46:15 -0700] "GET /wp-login.php HTTP/1.1" 301 466 "-" "Mozilla/5.0 (Windows NT 6.0; rv:34.0) Gecko/20100101 Firefox/34.0" 
91.122.254.92 - - [12/Apr/2016:14:46:15 -0700] "GET /wp-login.php HTTP/1.1" 404 239 "-" "Mozilla/5.0 (Windows NT 6.0; rv:34.0) Gecko/20100101 Firefox/34.0" 
91.122.254.92 - - [12/Apr/2016:14:46:15 -0700] "GET /wp-admin/ HTTP/1.1" 301 460 "http://www.secrepo.com/wp-login.php" "Mozilla/5.0 (Windows NT 6.0; rv:34.0) Gecko/20100101 Firefox/34.0" 
91.122.254.92 - - [12/Apr/2016:14:46:16 -0700] "GET /wp-admin/ HTTP/1.1" 404 239 "http://www.secrepo.com/wp-login.php" "Mozilla/5.0 (Windows NT 6.0; rv:34.0) Gecko/20100101 Firefox/34.0" 
66.249.64.129 - - [12/Apr/2016:14:48:31 -0700] "GET / HTTP/1.1" 200 8801 "-" "DoCoMo/2.0 N905i(c100;TB;W24H16) (compatible; Googlebot-Mobile/2.1; +http://www.google.com/bot.html)" 
91.122.254.92 - - [12/Apr/2016:14:48:35 -0700] "GET /admin.php HTTP/1.1" 301 460 "-" "Mozilla/5.0 (Windows NT 6.0; rv:34.0) Gecko/20100101 Firefox/34.0" 
91.122.254.92 - - [12/Apr/2016:14:48:35 -0700] "GET /admin.php HTTP/1.1" 404 239 "-" "Mozilla/5.0 (Windows NT 6.0; rv:34.0) Gecko/20100101 Firefox/34.0" 
91.122.254.92 - - [12/Apr/2016:14:49:34 -0700] "GET /admin HTTP/1.1" 301 452 "-" "Mozilla/5.0 (Windows NT 6.0; rv:34.0) Gecko/20100101 Firefox/34.0" 
91.122.254.92 - - [12/Apr/2016:14:49:34 -0700] "GET /admin HTTP/1.1" 404 239 "-" "Mozilla/5.0 (Windows NT 6.0; rv:34.0) Gecko/20100101 Firefox/34.0" 
92.84.98.26 - - [12/Apr/2016:14:49:59 -0700] "GET /administrator/ HTTP/1.1" 301 470 "-" "Mozilla/5.0 (Windows NT 6.0; rv:34.0) Gecko/20100101 Firefox/34.0" 
92.84.98.26 - - [12/Apr/2016:14:49:59 -0700] "GET /administrator/ HTTP/1.1" 404 239 "-" "Mozilla/5.0 (Windows NT 6.0; rv:34.0) Gecko/20100101 Firefox/34.0" 
92.84.98.26 - - [12/Apr/2016:14:50:00 -0700] "GET /administrator/index.php HTTP/1.1" 301 488 "http://www.secrepo.com/administrator/" "Mozilla/5.0 (Windows NT 6.0; rv:34.0) Gecko/20100101 Firefox/34.0" 
92.84.98.26 - - [12/Apr/2016:14:50:00 -0700] "GET /administrator/index.php HTTP/1.1" 404 239 "http://www.secrepo.com/administrator/" "Mozilla/5.0 (Windows NT 6.0; rv:34.0) Gecko/20100101 Firefox/34.0" 
92.84.98.26 - - [12/Apr/2016:14:54:59 -0700] "GET /wp-login.php HTTP/1.1" 301 466 "-" "Mozilla/5.0 (Windows NT 6.0; rv:34.0) Gecko/20100101 Firefox/34.0" 
92.84.98.26 - - [12/Apr/2016:14:54:59 -0700] "GET /wp-login.php HTTP/1.1" 404 239 "-" "Mozilla/5.0 (Windows NT 6.0; rv:34.0) Gecko/20100101 Firefox/34.0" 
92.84.98.26 - - [12/Apr/2016:14:54:59 -0700] "GET /wp-admin/ HTTP/1.1" 301 460 "http://www.secrepo.com/wp-login.php" "Mozilla/5.0 (Windows NT 6.0; rv:34.0) Gecko/20100101 Firefox/34.0" 
92.84.98.26 - - [12/Apr/2016:14:55:00 -0700] "GET /wp-admin/ HTTP/1.1" 404 239 "http://www.secrepo.com/wp-login.php" "Mozilla/5.0 (Windows NT 6.0; rv:34.0) Gecko/20100101 Firefox/34.0" 
92.84.98.26 - - [12/Apr/2016:14:59:31 -0700] "GET /admin.php HTTP/1.1" 301 460 "-" "Mozilla/5.0 (Windows NT 6.0; rv:34.0) Gecko/20100101 Firefox/34.0" 
92.84.98.26 - - [12/Apr/2016:14:59:32 -0700] "GET /admin.php HTTP/1.1" 404 239 "-" "Mozilla/5.0 (Windows NT 6.0; rv:34.0) Gecko/20100101 Firefox/34.0" 
92.84.98.26 - - [12/Apr/2016:15:00:59 -0700] "GET /admin HTTP/1.1" 301 452 "-" "Mozilla/5.0 (Windows NT 6.0; rv:34.0) Gecko/20100101 Firefox/34.0" 
92.84.98.26 - - [12/Apr/2016:15:00:59 -0700] "GET /admin HTTP/1.1" 404 239 "-" "Mozilla/5.0 (Windows NT 6.0; rv:34.0) Gecko/20100101 Firefox/34.0" 
95.106.200.201 - - [12/Apr/2016:15:07:31 -0700] "GET /administrator/ HTTP/1.1" 301 470 "-" "Mozilla/5.0 (Windows NT 6.0; rv:34.0) Gecko/20100101 Firefox/34.0" 
95.106.200.201 - - [12/Apr/2016:15:07:32 -0700] "GET /administrator/ HTTP/1.1" 404 239 "-" "Mozilla/5.0 (Windows NT 6.0; rv:34.0) Gecko/20100101 Firefox/34.0" 
95.106.200.201 - - [12/Apr/2016:15:07:32 -0700] "GET /administrator/index.php HTTP/1.1" 301 488 "http://www.secrepo.com/administrator/" "Mozilla/5.0 (Windows NT 6.0; rv:34.0) Gecko/20100101 Firefox/34.0" 
95.106.200.201 - - [12/Apr/2016:15:07:32 -0700] "GET /administrator/index.php HTTP/1.1" 404 239 "http://www.secrepo.com/administrator/" "Mozilla/5.0 (Windows NT 6.0; rv:34.0) Gecko/20100101 Firefox/34.0" 
95.106.200.201 - - [12/Apr/2016:15:13:12 -0700] "GET /wp-login.php HTTP/1.1" 301 466 "-" "Mozilla/5.0 (Windows NT 6.0; rv:34.0) Gecko/20100101 Firefox/34.0" 
95.106.200.201 - - [12/Apr/2016:15:13:12 -0700] "GET /wp-login.php HTTP/1.1" 404 239 "-" "Mozilla/5.0 (Windows NT 6.0; rv:34.0) Gecko/20100101 Firefox/34.0" 
95.106.200.201 - - [12/Apr/2016:15:13:13 -0700] "GET /wp-admin/ HTTP/1.1" 301 460 "http://www.secrepo.com/wp-login.php" "Mozilla/5.0 (Windows NT 6.0; rv:34.0) Gecko/20100101 Firefox/34.0" 
95.106.200.201 - - [12/Apr/2016:15:13:13 -0700] "GET /wp-admin/ HTTP/1.1" 404 239 "http://www.secrepo.com/wp-login.php" "Mozilla/5.0 (Windows NT 6.0; rv:34.0) Gecko/20100101 Firefox/34.0" 
95.106.200.201 - - [12/Apr/2016:15:16:18 -0700] "GET /admin.php HTTP/1.1" 301 460 "-" "Mozilla/5.0 (Windows NT 6.0; rv:34.0) Gecko/20100101 Firefox/34.0" 
95.106.200.201 - - [12/Apr/2016:15:16:18 -0700] "GET /admin.php HTTP/1.1" 404 239 "-" "Mozilla/5.0 (Windows NT 6.0; rv:34.0) Gecko/20100101 Firefox/34.0" 
218.200.66.203 - - [12/Apr/2016:15:16:30 -0700] "GET /tg/a.zip HTTP/1.1" 304 132 "-" "Mozilla/5.0 Gecko/20100115 Firefox/3.6" 
129.174.182.52 - - [12/Apr/2016:15:17:14 -0700] "GET / HTTP/1.1" 200 8801 "https://www.google.com/" "Mozilla/5.0 (Windows NT 10.0; WOW64) AppleWebKit/537.36 (KHTML, like Gecko) Chrome/49.0.2623.110 Safari/537.36" 
129.174.182.52 - - [12/Apr/2016:15:17:14 -0700] "GET /twitter-icon.png HTTP/1.1" 200 27787 "http://www.secrepo.com/" "Mozilla/5.0 (Windows NT 10.0; WOW64) AppleWebKit/537.36 (KHTML, like Gecko) Chrome/49.0.2623.110 Safari/537.36" 
129.174.182.52 - - [12/Apr/2016:15:17:14 -0700] "GET /GitHub-Mark.png HTTP/1.1" 200 7428 "http://www.secrepo.com/" "Mozilla/5.0 (Windows NT 10.0; WOW64) AppleWebKit/537.36 (KHTML, like Gecko) Chrome/49.0.2623.110 Safari/537.36" 
129.174.182.52 - - [12/Apr/2016:15:17:15 -0700] "GET /bootstrap/img/favicon.ico HTTP/1.1" 200 589 "http://www.secrepo.com/" "Mozilla/5.0 (Windows NT 10.0; WOW64) AppleWebKit/537.36 (KHTML, like Gecko) Chrome/49.0.2623.110 Safari/537.36" 
95.106.200.201 - - [12/Apr/2016:15:17:18 -0700] "GET /admin HTTP/1.1" 301 452 "-" "Mozilla/5.0 (Windows NT 6.0; rv:34.0) Gecko/20100101 Firefox/34.0" 
95.106.200.201 - - [12/Apr/2016:15:17:18 -0700] "GET /admin HTTP/1.1" 404 239 "-" "Mozilla/5.0 (Windows NT 6.0; rv:34.0) Gecko/20100101 Firefox/34.0" 
51.255.65.17 - - [12/Apr/2016:15:20:20 -0700] "GET /self.logs/access.log.2015-09-27.gz HTTP/1.1" 200 4781 "-" "Mozilla/5.0 (compatible; AhrefsBot/5.1; +http://ahrefs.com/robot/)" 
164.132.161.28 - - [12/Apr/2016:15:21:26 -0700] "GET /self.logs/error.log.2015-10-28.gz HTTP/1.1" 200 783 "-" "Mozilla/5.0 (compatible; AhrefsBot/5.1; +http://ahrefs.com/robot/)" 
117.190.191.170 - - [12/Apr/2016:15:27:01 -0700] "GET /tg/a.zip HTTP/1.1" 304 132 "-" "Mozilla/5.0 Gecko/20100115 Firefox/3.6" 
40.77.167.62 - - [12/Apr/2016:15:35:09 -0700] "GET /self.logs/access.log.2015-12-08.gz HTTP/1.1" 304 189 "-" "Mozilla/5.0 (compatible; bingbot/2.0; +http://www.bing.com/bingbot.htm)" 
77.75.77.101 - - [12/Apr/2016:15:38:17 -0700] "GET /robots.txt HTTP/1.1" 200 334 "-" "Mozilla/5.0 (compatible; SeznamBot/3.2; +http://fulltext.sblog.cz/)" 
77.75.77.101 - - [12/Apr/2016:15:38:19 -0700] "GET /honeypot/BSidesDFW%20-%202014.ipynb HTTP/1.1" 304 167 "-" "Mozilla/5.0 (compatible; SeznamBot/3.2; +http://fulltext.sblog.cz/)" 
198.27.66.66 - - [12/Apr/2016:15:40:17 -0700] "GET /honeypot/Honeypot - Howto - BSides Austin.pdf HTTP/1.0" 404 303 "-" "Mozilla/5.0 (compatible; idmarch Automatic.beta/1.3; +http://www.idmarch.org/bot.html)" 
117.177.241.60 - - [12/Apr/2016:15:49:55 -0700] "GET /tg/a.zip HTTP/1.1" 304 132 "-" "Mozilla/5.0 Gecko/20100115 Firefox/3.6" 
50.193.63.156 - - [12/Apr/2016:15:57:45 -0700] "GET / HTTP/1.1" 301 483 "https://www.linkedin.com/" "Mozilla/5.0 (Windows NT 10.0; WOW64) AppleWebKit/537.36 (KHTML, like Gecko) Chrome/49.0.2623.112 Safari/537.36" 
50.193.63.156 - - [12/Apr/2016:15:57:46 -0700] "GET / HTTP/1.1" 200 8801 "https://www.linkedin.com/" "Mozilla/5.0 (Windows NT 10.0; WOW64) AppleWebKit/537.36 (KHTML, like Gecko) Chrome/49.0.2623.112 Safari/537.36" 
50.193.63.156 - - [12/Apr/2016:15:57:46 -0700] "GET /twitter-icon.png HTTP/1.1" 200 27787 "http://www.secrepo.com/" "Mozilla/5.0 (Windows NT 10.0; WOW64) AppleWebKit/537.36 (KHTML, like Gecko) Chrome/49.0.2623.112 Safari/537.36" 
50.193.63.156 - - [12/Apr/2016:15:57:46 -0700] "GET /GitHub-Mark.png HTTP/1.1" 200 7428 "http://www.secrepo.com/" "Mozilla/5.0 (Windows NT 10.0; WOW64) AppleWebKit/537.36 (KHTML, like Gecko) Chrome/49.0.2623.112 Safari/537.36" 
50.193.63.156 - - [12/Apr/2016:15:57:47 -0700] "GET /bootstrap/img/favicon.ico HTTP/1.1" 200 589 "http://www.secrepo.com/" "Mozilla/5.0 (Windows NT 10.0; WOW64) AppleWebKit/537.36 (KHTML, like Gecko) Chrome/49.0.2623.112 Safari/537.36" 
111.23.4.148 - - [12/Apr/2016:16:02:14 -0700] "GET /tg/a.zip HTTP/1.1" 304 132 "-" "Mozilla/5.0 Gecko/20100115 Firefox/3.6" 
207.46.13.104 - - [12/Apr/2016:16:11:16 -0700] "GET /self.logs/error.log.2015-04-17.gz HTTP/1.1" 304 188 "-" "Mozilla/5.0 (compatible; bingbot/2.0; +http://www.bing.com/bingbot.htm)" 
40.77.167.62 - - [12/Apr/2016:16:22:21 -0700] "GET /robots.txt HTTP/1.1" 200 289 "-" "Mozilla/5.0 (compatible; bingbot/2.0; +http://www.bing.com/bingbot.htm)" 
40.77.167.62 - - [12/Apr/2016:16:22:24 -0700] "GET /self.logs/error.log.2015-07-16.gz HTTP/1.1" 304 188 "-" "Mozilla/5.0 (compatible; bingbot/2.0; +http://www.bing.com/bingbot.htm)" 
40.77.167.94 - - [12/Apr/2016:16:29:59 -0700] "GET /self.logs/access.log.2015-09-05.gz HTTP/1.1" 304 188 "-" "Mozilla/5.0 (compatible; bingbot/2.0; +http://www.bing.com/bingbot.htm)" 
207.46.13.153 - - [12/Apr/2016:16:43:09 -0700] "GET /maccdc2012/dhcp.log.gz HTTP/1.1" 304 189 "-" "Mozilla/5.0 (compatible; bingbot/2.0; +http://www.bing.com/bingbot.htm)" 
211.137.56.172 - - [12/Apr/2016:16:49:17 -0700] "GET /tg/a.zip HTTP/1.1" 304 132 "-" "Mozilla/5.0 Gecko/20100115 Firefox/3.6" 
211.137.56.194 - - [12/Apr/2016:16:50:12 -0700] "GET /tg/a.zip HTTP/1.1" 304 132 "-" "Mozilla/5.0 Gecko/20100115 Firefox/3.6" 
111.13.102.7 - - [12/Apr/2016:17:09:06 -0700] "GET /robots.txt HTTP/1.1" 200 297 "-" "Mozilla/5.0 (compatible; Baiduspider/2.0; +http://www.baidu.com/search/spider.html)" 
101.226.168.249 - - [12/Apr/2016:17:12:59 -0700] "GET / HTTP/1.1" 200 8801 "http://www.secrepo.com/" "Mozilla/5.0 (Windows NT 6.1) AppleWebKit/537.1 (KHTML, like Gecko) Chrome/21.0.1180.89 Safari/537.1; 360Spider(compatible; HaosouSpider; http://www.haosou.com/help/help_3_2.html)" 
111.7.128.40 - - [12/Apr/2016:17:14:42 -0700] "GET /tg/a.zip HTTP/1.1" 304 132 "-" "Mozilla/5.0 Gecko/20100115 Firefox/3.6" 
111.23.10.33 - - [12/Apr/2016:17:16:19 -0700] "GET /tg/a.zip HTTP/1.1" 304 132 "-" "Mozilla/5.0 Gecko/20100115 Firefox/3.6" 
76.100.110.129 - - [12/Apr/2016:17:16:36 -0700] "GET / HTTP/1.1" 200 8801 "-" "Mozilla/5.0 (Macintosh; Intel Mac OS X 10_9_5) AppleWebKit/601.5.17 (KHTML, like Gecko) Version/9.1 Safari/537.86.5" 
76.100.110.129 - - [12/Apr/2016:17:16:37 -0700] "GET /twitter-icon.png HTTP/1.1" 200 27787 "http://www.secrepo.com/" "Mozilla/5.0 (Macintosh; Intel Mac OS X 10_9_5) AppleWebKit/601.5.17 (KHTML, like Gecko) Version/9.1 Safari/537.86.5" 
76.100.110.129 - - [12/Apr/2016:17:16:37 -0700] "GET /GitHub-Mark.png HTTP/1.1" 200 7428 "http://www.secrepo.com/" "Mozilla/5.0 (Macintosh; Intel Mac OS X 10_9_5) AppleWebKit/601.5.17 (KHTML, like Gecko) Version/9.1 Safari/537.86.5" 
211.137.56.201 - - [12/Apr/2016:17:17:12 -0700] "GET /tg/a.zip HTTP/1.1" 304 132 "-" "Mozilla/5.0 Gecko/20100115 Firefox/3.6" 
207.46.13.104 - - [12/Apr/2016:17:25:42 -0700] "GET /self.logs/ HTTP/1.1" 200 9474 "-" "Mozilla/5.0 (compatible; bingbot/2.0; +http://www.bing.com/bingbot.htm)" 
40.77.167.94 - - [12/Apr/2016:17:26:17 -0700] "GET /self.logs/access.log.2016-01-22.gz HTTP/1.1" 200 5675 "-" "Mozilla/5.0 (compatible; bingbot/2.0; +http://www.bing.com/bingbot.htm)" 
68.180.230.88 - - [12/Apr/2016:17:35:52 -0700] "GET /self.logs/error.log.2015-12-06.gz HTTP/1.1" 200 759 "-" "Mozilla/5.0 (compatible; Yahoo! Slurp; http://help.yahoo.com/help/us/ysearch/slurp)" 
207.46.13.153 - - [12/Apr/2016:17:39:09 -0700] "GET /self.logs/access.log.2015-03-22.gz HTTP/1.1" 304 188 "-" "Mozilla/5.0 (compatible; bingbot/2.0; +http://www.bing.com/bingbot.htm)" 
207.46.13.104 - - [12/Apr/2016:17:44:04 -0700] "GET /self.logs/access.log.2016-01-18.gz HTTP/1.1" 304 189 "-" "Mozilla/5.0 (compatible; bingbot/2.0; +http://www.bing.com/bingbot.htm)" 
188.166.12.57 - - [12/Apr/2016:17:44:28 -0700] "GET /robots.txt HTTP/1.0" 200 297 "-" "SafeDNSBot (https://www.safedns.com/searchbot)" 
188.166.12.57 - - [12/Apr/2016:17:44:28 -0700] "GET /honeypot/BSidesDFW%20-%202014.ipynb HTTP/1.0" 200 245280 "-" "SafeDNSBot (https://www.safedns.com/searchbot)" 
