172.99.78.147 - - [03/Dec/2015:02:05:57 -0800] "GET /robots.txt HTTP/1.1" 301 446 "-" "Tornado-Async-Client" 
172.99.78.147 - - [03/Dec/2015:02:05:57 -0800] "GET /robots.txt HTTP/1.1" 200 304 "-" "Tornado-Async-Client" 
172.99.78.147 - - [03/Dec/2015:02:05:57 -0800] "GET /honeypot/ HTTP/1.1" 301 441 "-" "Tornado-Async-Client" 
172.99.78.147 - - [03/Dec/2015:02:05:57 -0800] "GET /honeypot/ HTTP/1.1" 200 618 "-" "Tornado-Async-Client" 
180.153.236.39 - - [03/Dec/2015:02:28:20 -0800] "GET / HTTP/1.1" 200 8243 "http://www.secrepo.com/" "Mozilla/5.0 (compatible; MSIE 9.0; Windows NT 6.1; Trident/5.0); 360Spider(compatible; HaosouSpider; http://www.haosou.com/help/help_3_2.html)" 
157.55.39.247 - - [03/Dec/2015:02:31:31 -0800] "GET /self.logs/access.log.2015-05-29.gz HTTP/1.1" 200 3750 "-" "Mozilla/5.0 (compatible; bingbot/2.0; +http://www.bing.com/bingbot.htm)" 
194.187.168.207 - - [03/Dec/2015:02:50:45 -0800] "GET /robots.txt HTTP/1.0" 200 297 "-" "Mozilla/5.0 (compatible; Qwantify/2.1w; +https://www.qwant.com/)/*" 
188.165.15.206 - - [03/Dec/2015:02:55:06 -0800] "GET /self.logs/error.log.2015-11-11.gz HTTP/1.1" 200 562 "-" "Mozilla/5.0 (compatible; AhrefsBot/5.0; +http://ahrefs.com/robot/)" 
188.165.15.206 - - [03/Dec/2015:02:56:48 -0800] "GET /self.logs/access.log.2015-02-24.gz HTTP/1.1" 200 4608 "-" "Mozilla/5.0 (compatible; AhrefsBot/5.0; +http://ahrefs.com/robot/)" 
192.253.248.45 - - [03/Dec/2015:03:14:19 -0800] "GET /honeypot/BSidesDFW+-+2014.ipynb HTTP/1.0" 404 284 "http://www.secrepo.com/honeypot/BSidesDFW+-+2014.ipynb" "Mozilla/5.0 (Windows NT 6.3; WOW64) AppleWebKit/537.36 (KHTML, like Gecko) Chrome/45.0.2454.101 Safari/537.36" 
192.253.248.45 - - [03/Dec/2015:03:14:20 -0800] "GET / HTTP/1.0" 200 26943 "http://www.secrepo.com/" "Mozilla/5.0 (Windows NT 6.3; WOW64) AppleWebKit/537.36 (KHTML, like Gecko) Chrome/45.0.2454.101 Safari/537.36" 
188.165.15.206 - - [03/Dec/2015:03:21:10 -0800] "GET /self.logs/access.log.2015-09-05.gz HTTP/1.1" 200 2914 "-" "Mozilla/5.0 (compatible; AhrefsBot/5.0; +http://ahrefs.com/robot/)" 
144.51.242.26 - - [03/Dec/2015:04:12:02 -0800] "GET / HTTP/1.1" 200 8243 "-" "Mozilla/5.0 (X11; Linux x86_64; rv:38.0) Gecko/20100101 Firefox/38.0" 
207.46.13.97 - - [03/Dec/2015:04:53:04 -0800] "GET /robots.txt HTTP/1.1" 200 289 "-" "Mozilla/5.0 (compatible; bingbot/2.0; +http://www.bing.com/bingbot.htm)" 
207.46.13.97 - - [03/Dec/2015:04:55:26 -0800] "GET /self.logs/access.log.2015-05-25.gz HTTP/1.1" 200 4591 "-" "Mozilla/5.0 (compatible; bingbot/2.0; +http://www.bing.com/bingbot.htm)" 
199.59.148.210 - - [03/Dec/2015:04:56:07 -0800] "GET /robots.txt HTTP/1.1" 301 446 "-" "Twitterbot/1.0" 
199.59.148.210 - - [03/Dec/2015:04:56:07 -0800] "GET / HTTP/1.1" 301 427 "-" "Twitterbot/1.0" 
199.59.148.209 - - [03/Dec/2015:04:56:07 -0800] "GET /robots.txt HTTP/1.1" 200 304 "-" "Twitterbot/1.0" 
199.59.148.209 - - [03/Dec/2015:04:56:07 -0800] "GET / HTTP/1.1" 200 8187 "-" "Twitterbot/1.0" 
199.16.156.126 - - [03/Dec/2015:04:57:30 -0800] "GET /robots.txt HTTP/1.1" 200 304 "-" "Twitterbot/1.0" 
199.16.156.124 - - [03/Dec/2015:04:57:30 -0800] "GET /robots.txt HTTP/1.1" 301 446 "-" "Twitterbot/1.0" 
199.16.156.124 - - [03/Dec/2015:04:57:30 -0800] "GET / HTTP/1.1" 301 427 "-" "Twitterbot/1.0" 
199.16.156.126 - - [03/Dec/2015:04:57:30 -0800] "GET / HTTP/1.1" 200 8187 "-" "Twitterbot/1.0" 
199.16.156.126 - - [03/Dec/2015:04:57:31 -0800] "GET /robots.txt HTTP/1.1" 301 446 "-" "Twitterbot/1.0" 
199.16.156.126 - - [03/Dec/2015:04:57:31 -0800] "GET / HTTP/1.1" 301 427 "-" "Twitterbot/1.0" 
172.99.78.147 - - [03/Dec/2015:04:57:47 -0800] "GET /robots.txt HTTP/1.1" 301 446 "-" "Tornado-Async-Client" 
172.99.78.147 - - [03/Dec/2015:04:57:47 -0800] "GET /robots.txt HTTP/1.1" 200 304 "-" "Tornado-Async-Client" 
172.99.78.147 - - [03/Dec/2015:04:57:47 -0800] "GET /honeypot/BSidesDFW%20-%202014.ipynb HTTP/1.1" 301 484 "-" "Tornado-Async-Client" 
172.99.78.147 - - [03/Dec/2015:04:57:47 -0800] "GET /honeypot/BSidesDFW%20-%202014.ipynb HTTP/1.1" 200 930780 "-" "Tornado-Async-Client" 
207.46.13.97 - - [03/Dec/2015:05:03:24 -0800] "GET /self.logs/access.log.2015-05-25.gz HTTP/1.1" 200 4591 "-" "Mozilla/5.0 (compatible; bingbot/2.0; +http://www.bing.com/bingbot.htm)" 
203.133.168.106 - - [03/Dec/2015:05:13:18 -0800] "GET / HTTP/1.1" 200 8243 "-" "Mozilla/5.0 (compatible; MSIE or Firefox mutant; not on Windows server;) Daumoa 4.0" 
46.118.155.216 - - [03/Dec/2015:05:19:24 -0800] "GET /robots.txt HTTP/1.1" 200 289 "-" "Mozilla/5.0 (Windows NT 6.3; WOW64; rv:39.0) Gecko/20100101 Firefox/39.0" 
46.118.155.216 - - [03/Dec/2015:05:19:25 -0800] "GET / HTTP/1.1" 200 26953 "-" "Mozilla/5.0 (Windows NT 6.3; WOW64; rv:39.0) Gecko/20100101 Firefox/39.0" 
46.118.155.216 - - [03/Dec/2015:05:19:25 -0800] "GET /xmlrpc.php?rsd HTTP/1.1" 404 294 "-" "Mozilla/5.0 (Windows NT 6.3; WOW64; rv:39.0) Gecko/20100101 Firefox/39.0" 
46.118.155.216 - - [03/Dec/2015:05:19:25 -0800] "GET /blog/robots.txt HTTP/1.1" 404 294 "-" "Mozilla/5.0 (Windows NT 6.3; WOW64; rv:39.0) Gecko/20100101 Firefox/39.0" 
46.118.155.216 - - [03/Dec/2015:05:19:25 -0800] "GET /blog/ HTTP/1.1" 404 294 "-" "Mozilla/5.0 (Windows NT 6.3; WOW64; rv:39.0) Gecko/20100101 Firefox/39.0" 
46.118.155.216 - - [03/Dec/2015:05:19:26 -0800] "GET /wordpress/ HTTP/1.1" 404 294 "-" "Mozilla/5.0 (Windows NT 6.3; WOW64; rv:39.0) Gecko/20100101 Firefox/39.0" 
46.118.155.216 - - [03/Dec/2015:05:19:26 -0800] "GET /wp/ HTTP/1.1" 404 294 "-" "Mozilla/5.0 (Windows NT 6.3; WOW64; rv:39.0) Gecko/20100101 Firefox/39.0" 
157.55.39.247 - - [03/Dec/2015:05:35:27 -0800] "GET /self.logs/error.log.2015-07-11.gz HTTP/1.1" 200 951 "-" "Mozilla/5.0 (compatible; bingbot/2.0; +http://www.bing.com/bingbot.htm)" 
207.46.13.97 - - [03/Dec/2015:06:09:51 -0800] "GET /self.logs/error.log.2015-01-31.gz HTTP/1.1" 200 769 "-" "Mozilla/5.0 (compatible; bingbot/2.0; +http://www.bing.com/bingbot.htm)" 
199.59.148.210 - - [03/Dec/2015:06:40:58 -0800] "GET /honeypot/honeypot.json.zip HTTP/1.1" 200 4631817 "-" "Twitterbot/1.0" 
207.46.13.97 - - [03/Dec/2015:06:44:04 -0800] "GET /self.logs/error.log.2015-02-15.gz HTTP/1.1" 301 543 "-" "Mozilla/5.0 (compatible; bingbot/2.0; +http://www.bing.com/bingbot.htm)" 
68.180.231.44 - - [03/Dec/2015:07:09:34 -0800] "GET /honeypot/Honeypot%20-%20Howto.pdf HTTP/1.1" 304 112 "-" "Mozilla/5.0 (compatible; Yahoo! Slurp; http://help.yahoo.com/help/us/ysearch/slurp)" 
1.54.211.81 - - [03/Dec/2015:07:16:09 -0800] "GET / HTTP/1.1" 200 8243 "http://www.mlsecproject.org/" "Mozilla/5.0 (Windows NT 6.3; WOW64) AppleWebKit/537.36 (KHTML, like Gecko) Chrome/46.0.2490.86 Safari/537.36" 
104.45.18.178 - - [03/Dec/2015:07:41:50 -0800] "GET / HTTP/1.1" 200 26954 "-" "Mozilla/5.0 (Windows NT 6.1; WOW64) SkypeUriPreview Preview/0.5" 
104.45.18.178 - - [03/Dec/2015:07:41:50 -0800] "GET /bootstrap/img/favicon.ico HTTP/1.1" 200 534 "-" "Mozilla/5.0 (Windows NT 6.1; WOW64) SkypeUriPreview Preview/0.5" 
40.78.146.128 - - [03/Dec/2015:07:50:02 -0800] "GET / HTTP/1.1" 200 26954 "-" "Mozilla/5.0 (Windows NT 6.1; WOW64) SkypeUriPreview Preview/0.5" 
40.78.146.128 - - [03/Dec/2015:07:50:02 -0800] "GET /bootstrap/img/favicon.ico HTTP/1.1" 200 534 "-" "Mozilla/5.0 (Windows NT 6.1; WOW64) SkypeUriPreview Preview/0.5" 
92.241.245.126 - - [03/Dec/2015:08:00:32 -0800] "GET / HTTP/1.1" 301 442 "-" "Mozilla/5.0 (X11; Ubuntu; Linux x86_64; rv:11.0) Gecko/20100101 Firefox/11.0" 
92.241.245.126 - - [03/Dec/2015:08:00:33 -0800] "GET / HTTP/1.1" 200 26898 "-" "Mozilla/5.0 (X11; Ubuntu; Linux x86_64; rv:11.0) Gecko/20100101 Firefox/11.0" 
40.78.146.128 - - [03/Dec/2015:08:13:10 -0800] "GET / HTTP/1.1" 200 26954 "-" "Mozilla/5.0 (Windows NT 6.1; WOW64) SkypeUriPreview Preview/0.5" 
40.78.146.128 - - [03/Dec/2015:08:13:10 -0800] "GET /bootstrap/img/favicon.ico HTTP/1.1" 200 534 "-" "Mozilla/5.0 (Windows NT 6.1; WOW64) SkypeUriPreview Preview/0.5" 
188.77.253.231 - - [03/Dec/2015:08:13:13 -0800] "GET / HTTP/1.1" 200 8243 "-" "Mozilla/5.0 (Macintosh; Intel Mac OS X 10_10_4) AppleWebKit/600.7.12 (KHTML, like Gecko) Version/8.0.7 Safari/600.7.12" 
188.77.253.231 - - [03/Dec/2015:08:13:13 -0800] "GET /twitter-icon.png HTTP/1.1" 200 27787 "http://www.secrepo.com/" "Mozilla/5.0 (Macintosh; Intel Mac OS X 10_10_4) AppleWebKit/600.7.12 (KHTML, like Gecko) Version/8.0.7 Safari/600.7.12" 
188.77.253.231 - - [03/Dec/2015:08:13:14 -0800] "GET /GitHub-Mark.png HTTP/1.1" 200 7428 "http://www.secrepo.com/" "Mozilla/5.0 (Macintosh; Intel Mac OS X 10_10_4) AppleWebKit/600.7.12 (KHTML, like Gecko) Version/8.0.7 Safari/600.7.12" 
188.77.253.231 - - [03/Dec/2015:08:13:14 -0800] "GET /bootstrap/img/favicon.ico HTTP/1.1" 200 590 "http://www.secrepo.com/" "Mozilla/5.0 (Macintosh; Intel Mac OS X 10_10_4) AppleWebKit/600.7.12 (KHTML, like Gecko) Version/8.0.7 Safari/600.7.12" 
104.209.188.207 - - [03/Dec/2015:08:18:44 -0800] "GET / HTTP/1.1" 200 26954 "-" "Mozilla/5.0 (Windows NT 6.1; WOW64) SkypeUriPreview Preview/0.5" 
104.209.188.207 - - [03/Dec/2015:08:18:44 -0800] "GET /bootstrap/img/favicon.ico HTTP/1.1" 200 534 "-" "Mozilla/5.0 (Windows NT 6.1; WOW64) SkypeUriPreview Preview/0.5" 
77.101.154.63 - - [03/Dec/2015:08:18:51 -0800] "GET / HTTP/1.1" 200 8243 "-" "Mozilla/5.0 (Macintosh; Intel Mac OS X 10_11_1) AppleWebKit/537.36 (KHTML, like Gecko) Chrome/46.0.2490.86 Safari/537.36" 
77.101.154.63 - - [03/Dec/2015:08:18:52 -0800] "GET /twitter-icon.png HTTP/1.1" 200 27787 "http://www.secrepo.com/" "Mozilla/5.0 (Macintosh; Intel Mac OS X 10_11_1) AppleWebKit/537.36 (KHTML, like Gecko) Chrome/46.0.2490.86 Safari/537.36" 
77.101.154.63 - - [03/Dec/2015:08:18:52 -0800] "GET /GitHub-Mark.png HTTP/1.1" 200 7428 "http://www.secrepo.com/" "Mozilla/5.0 (Macintosh; Intel Mac OS X 10_11_1) AppleWebKit/537.36 (KHTML, like Gecko) Chrome/46.0.2490.86 Safari/537.36" 
77.101.154.63 - - [03/Dec/2015:08:18:52 -0800] "GET /bootstrap/img/favicon.ico HTTP/1.1" 200 589 "http://www.secrepo.com/" "Mozilla/5.0 (Macintosh; Intel Mac OS X 10_11_1) AppleWebKit/537.36 (KHTML, like Gecko) Chrome/46.0.2490.86 Safari/537.36" 
188.77.253.231 - - [03/Dec/2015:08:14:46 -0800] "GET /Security-Data-Analysis/Lab_1/conn.log.zip HTTP/1.1" 200 549098528 "-" "Mozilla/5.0 (Macintosh; Intel Mac OS X 10_10_4) AppleWebKit/600.7.12 (KHTML, like Gecko) Version/8.0.7 Safari/600.7.12" 
106.38.241.146 - - [03/Dec/2015:08:48:12 -0800] "GET /robots.txt HTTP/1.1" 200 252 "-" "Sogou web spider/4.0(+http://www.sogou.com/docs/help/webmasters.htm#07)" 
106.38.241.146 - - [03/Dec/2015:08:48:15 -0800] "GET / HTTP/1.1" 304 152 "-" "Sogou web spider/4.0(+http://www.sogou.com/docs/help/webmasters.htm#07)" 
41.154.0.190 - - [03/Dec/2015:08:57:01 -0800] "GET /honeypot/BSidesDFW%20-%202014.ipynb HTTP/1.1" 200 930836 "http://www.secrepo.com/" "Mozilla/5.0 (Windows NT 5.1) AppleWebKit/537.36 (KHTML, like Gecko) Chrome/39.0.2171.99 Safari/537.36" 
66.102.9.8 - - [03/Dec/2015:09:29:40 -0800] "GET / HTTP/1.1" 200 8243 "-" "Google favicon" 
66.102.9.119 - - [03/Dec/2015:09:29:40 -0800] "GET /bootstrap/img/favicon.ico HTTP/1.1" 200 590 "-" "Google favicon" 
186.222.221.219 - - [03/Dec/2015:09:52:39 -0800] "GET / HTTP/1.1" 200 8243 "-" "Mozilla/5.0 (Windows NT 6.1; WOW64) AppleWebKit/537.36 (KHTML, like Gecko) Chrome/46.0.2490.86 Safari/537.36" 
186.222.221.219 - - [03/Dec/2015:09:52:39 -0800] "GET /twitter-icon.png HTTP/1.1" 200 27787 "http://www.secrepo.com/" "Mozilla/5.0 (Windows NT 6.1; WOW64) AppleWebKit/537.36 (KHTML, like Gecko) Chrome/46.0.2490.86 Safari/537.36" 
186.222.221.219 - - [03/Dec/2015:09:52:40 -0800] "GET /GitHub-Mark.png HTTP/1.1" 200 7427 "http://www.secrepo.com/" "Mozilla/5.0 (Windows NT 6.1; WOW64) AppleWebKit/537.36 (KHTML, like Gecko) Chrome/46.0.2490.86 Safari/537.36" 
186.222.221.219 - - [03/Dec/2015:09:52:42 -0800] "GET /bootstrap/img/favicon.ico HTTP/1.1" 200 590 "http://www.secrepo.com/" "Mozilla/5.0 (Windows NT 6.1; WOW64) AppleWebKit/537.36 (KHTML, like Gecko) Chrome/46.0.2490.86 Safari/537.36" 
180.180.107.166 - - [03/Dec/2015:10:05:05 -0800] "GET /honeypot/BSidesDFW%20-%202014.ipynb HTTP/1.1" 200 930836 "http://www.secrepo.com/" "Mozilla/5.0 (Windows NT 5.1; rv:34.0) Gecko/20100101 Firefox/34.0" 
157.55.39.192 - - [03/Dec/2015:10:06:20 -0800] "GET /robots.txt HTTP/1.1" 200 289 "-" "Mozilla/5.0 (compatible; bingbot/2.0; +http://www.bing.com/bingbot.htm)" 
157.55.39.192 - - [03/Dec/2015:10:06:23 -0800] "GET /self.logs/error.log.2015-09-11.gz HTTP/1.1" 200 703 "-" "Mozilla/5.0 (compatible; bingbot/2.0; +http://www.bing.com/bingbot.htm)" 
66.249.88.8 - - [03/Dec/2015:10:08:07 -0800] "GET / HTTP/1.1" 200 8243 "-" "Google favicon" 
66.249.88.8 - - [03/Dec/2015:10:08:07 -0800] "GET /bootstrap/img/favicon.ico HTTP/1.1" 200 589 "-" "Google favicon" 
207.46.13.119 - - [03/Dec/2015:10:22:46 -0800] "GET /self.logs/error.log.2015-01-24.gz HTTP/1.1" 200 919 "-" "Mozilla/5.0 (compatible; bingbot/2.0; +http://www.bing.com/bingbot.htm)" 
207.46.13.97 - - [03/Dec/2015:10:22:54 -0800] "GET /self.logs/error.log.2015-01-17.gz HTTP/1.1" 200 1205 "-" "Mozilla/5.0 (compatible; bingbot/2.0; +http://www.bing.com/bingbot.htm)" 
78.179.69.216 - - [03/Dec/2015:11:02:58 -0800] "GET /bootstrap/img/favicon.ico HTTP/1.1" 200 590 "-" "Mozilla/5.0 (Windows NT 10.0; WOW64; rv:42.0) Gecko/20100101 Firefox/42.0" 
207.46.13.97 - - [03/Dec/2015:11:03:34 -0800] "GET /self.logs/access.log.2015-02-18.gz HTTP/1.1" 200 8879 "-" "Mozilla/5.0 (compatible; bingbot/2.0; +http://www.bing.com/bingbot.htm)" 
66.249.67.254 - - [03/Dec/2015:11:28:00 -0800] "GET /robots.txt HTTP/1.1" 200 334 "-" "Mozilla/5.0 (compatible; Googlebot/2.1; +http://www.google.com/bot.html)" 
66.249.67.246 - - [03/Dec/2015:11:28:00 -0800] "GET / HTTP/1.1" 200 8243 "-" "Mozilla/5.0 (compatible; Googlebot/2.1; +http://www.google.com/bot.html)" 
77.109.122.162 - - [03/Dec/2015:11:33:47 -0800] "GET / HTTP/1.1" 200 8243 "https://www.reddit.com/r/datasets/comments/3tbxap/cyber_security_datasets/" "Mozilla/5.0 (Macintosh; Intel Mac OS X 10_10_5) AppleWebKit/537.36 (KHTML, like Gecko) Chrome/47.0.2526.73 Safari/537.36" 
77.109.122.162 - - [03/Dec/2015:11:33:47 -0800] "GET /twitter-icon.png HTTP/1.1" 200 27787 "http://www.secrepo.com/" "Mozilla/5.0 (Macintosh; Intel Mac OS X 10_10_5) AppleWebKit/537.36 (KHTML, like Gecko) Chrome/47.0.2526.73 Safari/537.36" 
77.109.122.162 - - [03/Dec/2015:11:33:47 -0800] "GET /GitHub-Mark.png HTTP/1.1" 200 7428 "http://www.secrepo.com/" "Mozilla/5.0 (Macintosh; Intel Mac OS X 10_10_5) AppleWebKit/537.36 (KHTML, like Gecko) Chrome/47.0.2526.73 Safari/537.36" 
91.200.12.106 - - [03/Dec/2015:11:35:14 -0800] "GET /honeypot/BSidesDFW%20-%202014.ipynb HTTP/1.0" 200 515380 "http://www.secrepo.com/honeypot/BSidesDFW%20-%202014.ipynb" "Mozilla/5.0 (Windows NT 5.1; rv:40.0) Gecko/20100101 Firefox/40.0" 
188.165.15.206 - - [03/Dec/2015:11:39:20 -0800] "GET /self.logs/error.log.2015-06-03.gz HTTP/1.1" 200 635 "-" "Mozilla/5.0 (compatible; AhrefsBot/5.0; +http://ahrefs.com/robot/)" 
188.165.15.206 - - [03/Dec/2015:11:44:31 -0800] "GET /self.logs/error.log.2015-09-16.gz HTTP/1.1" 200 757 "-" "Mozilla/5.0 (compatible; AhrefsBot/5.0; +http://ahrefs.com/robot/)" 
165.156.24.10 - - [03/Dec/2015:11:47:33 -0800] "GET / HTTP/1.1" 200 8243 "https://www.google.com" "Mozilla/5.0 (Macintosh; Intel Mac OS X 10.10; rv:42.0) Gecko/20100101 Firefox/42.0" 
165.156.24.10 - - [03/Dec/2015:11:47:33 -0800] "GET /bootstrap/img/favicon.ico HTTP/1.1" 200 589 "-" "Mozilla/5.0 (Macintosh; Intel Mac OS X 10.10; rv:42.0) Gecko/20100101 Firefox/42.0" 
165.156.24.10 - - [03/Dec/2015:11:47:34 -0800] "GET /GitHub-Mark.png HTTP/1.1" 200 7428 "http://www.secrepo.com/" "Mozilla/5.0 (Macintosh; Intel Mac OS X 10.10; rv:42.0) Gecko/20100101 Firefox/42.0" 
165.156.24.10 - - [03/Dec/2015:11:47:34 -0800] "GET /twitter-icon.png HTTP/1.1" 200 27787 "http://www.secrepo.com/" "Mozilla/5.0 (Macintosh; Intel Mac OS X 10.10; rv:42.0) Gecko/20100101 Firefox/42.0" 
91.200.12.106 - - [03/Dec/2015:11:52:08 -0800] "GET /honeypot/BSidesDFW%20-%202014.ipynb HTTP/1.0" 200 512460 "http://www.secrepo.com/honeypot/BSidesDFW%20-%202014.ipynb" "Mozilla/5.0 (Windows NT 6.1; WOW64) AppleWebKit/537.36 (KHTML, like Gecko) Chrome/45.0.2454.101 Safari/537.36" 
123.125.71.75 - - [03/Dec/2015:12:06:25 -0800] "GET /tg/a.zip HTTP/1.1" 200 12006155 "-" "Mozilla/5.0 (compatible; Baiduspider/2.0; +http://www.baidu.com/search/spider.html)" 
108.19.171.88 - - [03/Dec/2015:12:10:02 -0800] "GET / HTTP/1.1" 200 8243 "https://www.google.com/" "Mozilla/5.0 (X11; Linux x86_64) AppleWebKit/537.36 (KHTML, like Gecko) Ubuntu Chromium/45.0.2454.101 Chrome/45.0.2454.101 Safari/537.36" 
108.19.171.88 - - [03/Dec/2015:12:10:02 -0800] "GET /twitter-icon.png HTTP/1.1" 200 27787 "http://www.secrepo.com/" "Mozilla/5.0 (X11; Linux x86_64) AppleWebKit/537.36 (KHTML, like Gecko) Ubuntu Chromium/45.0.2454.101 Chrome/45.0.2454.101 Safari/537.36" 
108.19.171.88 - - [03/Dec/2015:12:10:03 -0800] "GET /GitHub-Mark.png HTTP/1.1" 200 7427 "http://www.secrepo.com/" "Mozilla/5.0 (X11; Linux x86_64) AppleWebKit/537.36 (KHTML, like Gecko) Ubuntu Chromium/45.0.2454.101 Chrome/45.0.2454.101 Safari/537.36" 
157.55.39.192 - - [03/Dec/2015:12:15:15 -0800] "GET /self.logs/access.log.2015-07-14.gz HTTP/1.1" 200 4554 "-" "Mozilla/5.0 (compatible; bingbot/2.0; +http://www.bing.com/bingbot.htm)" 
104.45.18.178 - - [03/Dec/2015:12:18:55 -0800] "GET / HTTP/1.1" 200 26954 "-" "Mozilla/5.0 (Windows NT 6.1; WOW64) SkypeUriPreview Preview/0.5" 
104.45.18.178 - - [03/Dec/2015:12:18:56 -0800] "GET /bootstrap/img/favicon.ico HTTP/1.1" 200 534 "-" "Mozilla/5.0 (Windows NT 6.1; WOW64) SkypeUriPreview Preview/0.5" 
157.55.39.85 - - [03/Dec/2015:12:19:51 -0800] "GET /robots.txt HTTP/1.1" 301 518 "-" "Mozilla/5.0 (compatible; bingbot/2.0; +http://www.bing.com/bingbot.htm)" 
157.55.39.85 - - [03/Dec/2015:12:19:53 -0800] "GET /robots.txt HTTP/1.1" 200 289 "-" "Mozilla/5.0 (compatible; bingbot/2.0; +http://www.bing.com/bingbot.htm)" 
188.165.15.206 - - [03/Dec/2015:12:22:21 -0800] "GET /self.logs/access.log.2015-04-05.gz HTTP/1.1" 200 3468 "-" "Mozilla/5.0 (compatible; AhrefsBot/5.0; +http://ahrefs.com/robot/)" 
188.165.15.206 - - [03/Dec/2015:12:35:39 -0800] "GET /self.logs/access.log.2015-04-17.gz HTTP/1.1" 200 6161 "-" "Mozilla/5.0 (compatible; AhrefsBot/5.0; +http://ahrefs.com/robot/)" 
69.30.221.250 - - [03/Dec/2015:13:03:11 -0800] "GET /robots.txt HTTP/1.0" 200 252 "-" "Mozilla/5.0 (compatible; MJ12bot/v1.4.5; http://www.majestic12.co.uk/bot.php?+)" 
69.30.221.250 - - [03/Dec/2015:13:03:13 -0800] "GET /self.logs/?C=D;O=A HTTP/1.0" 200 61464 "-" "Mozilla/5.0 (compatible; MJ12bot/v1.4.5; http://www.majestic12.co.uk/bot.php?+)" 
185.111.83.60 - - [03/Dec/2015:13:25:26 -0800] "GET /honeypot/BSidesDFW%20-%202014.ipynb HTTP/1.0" 200 572320 "http://www.secrepo.com/" "Mozilla/5.0 (Windows NT 5.1) AppleWebKit/537.36 (KHTML, like Gecko) Chrome/39.0.2171.99 Safari/537.36" 
188.165.15.206 - - [03/Dec/2015:13:38:06 -0800] "GET /self.logs/access.log.2015-08-24.gz HTTP/1.1" 200 22767 "-" "Mozilla/5.0 (compatible; AhrefsBot/5.0; +http://ahrefs.com/robot/)" 
157.55.39.85 - - [03/Dec/2015:13:39:57 -0800] "GET /self.logs/error.log.2015-01-27.gz HTTP/1.1" 200 672 "-" "Mozilla/5.0 (compatible; bingbot/2.0; +http://www.bing.com/bingbot.htm)" 
192.253.253.11 - - [03/Dec/2015:14:22:12 -0800] "GET /honeypot/BSidesDFW+-+2014.ipynb HTTP/1.0" 404 284 "http://www.secrepo.com/honeypot/BSidesDFW+-+2014.ipynb" "Mozilla/5.0 (Windows NT 6.1; WOW64; rv:40.0) Gecko/20100101 Firefox/40.0" 
192.253.253.11 - - [03/Dec/2015:14:22:13 -0800] "GET / HTTP/1.0" 200 26943 "http://www.secrepo.com/" "Mozilla/5.0 (Windows NT 6.1; WOW64; rv:40.0) Gecko/20100101 Firefox/40.0" 
65.127.112.131 - - [03/Dec/2015:14:24:08 -0800] "GET / HTTP/1.1" 200 8243 "http://www.mlsecproject.org/" "Mozilla/5.0 (Macintosh; Intel Mac OS X 10.10; rv:42.0) Gecko/20100101 Firefox/42.0" 
65.127.112.131 - - [03/Dec/2015:14:24:08 -0800] "GET /bootstrap/img/favicon.ico HTTP/1.1" 200 589 "-" "Mozilla/5.0 (Macintosh; Intel Mac OS X 10.10; rv:42.0) Gecko/20100101 Firefox/42.0" 
65.127.112.131 - - [03/Dec/2015:14:24:08 -0800] "GET /twitter-icon.png HTTP/1.1" 200 27787 "http://www.secrepo.com/" "Mozilla/5.0 (Macintosh; Intel Mac OS X 10.10; rv:42.0) Gecko/20100101 Firefox/42.0" 
65.127.112.131 - - [03/Dec/2015:14:24:08 -0800] "GET /GitHub-Mark.png HTTP/1.1" 200 7428 "http://www.secrepo.com/" "Mozilla/5.0 (Macintosh; Intel Mac OS X 10.10; rv:42.0) Gecko/20100101 Firefox/42.0" 
104.150.134.199 - - [03/Dec/2015:14:28:09 -0800] "GET / HTTP/1.1" 200 8243 "https://www.reddit.com/r/datasets/comments/3tbxap/cyber_security_datasets/" "Mozilla/5.0 (Windows NT 6.3; WOW64) AppleWebKit/537.36 (KHTML, like Gecko) Chrome/46.0.2490.86 Safari/537.36" 
104.150.134.199 - - [03/Dec/2015:14:28:09 -0800] "GET /twitter-icon.png HTTP/1.1" 200 27787 "http://www.secrepo.com/" "Mozilla/5.0 (Windows NT 6.3; WOW64) AppleWebKit/537.36 (KHTML, like Gecko) Chrome/46.0.2490.86 Safari/537.36" 
104.150.134.199 - - [03/Dec/2015:14:28:09 -0800] "GET /GitHub-Mark.png HTTP/1.1" 200 7428 "http://www.secrepo.com/" "Mozilla/5.0 (Windows NT 6.3; WOW64) AppleWebKit/537.36 (KHTML, like Gecko) Chrome/46.0.2490.86 Safari/537.36" 
104.150.134.199 - - [03/Dec/2015:14:28:09 -0800] "GET /bootstrap/img/favicon.ico HTTP/1.1" 200 589 "http://www.secrepo.com/" "Mozilla/5.0 (Windows NT 6.3; WOW64) AppleWebKit/537.36 (KHTML, like Gecko) Chrome/46.0.2490.86 Safari/537.36" 
107.152.128.28 - - [03/Dec/2015:14:38:07 -0800] "GET /honeypot/BSidesDFW - 2014.ipynb HTTP/1.0" 404 295 "-" "Mozilla/5.0 (Windows NT 6.1) AppleWebKit/537.36 (KHTML, like Gecko) Chrome/41.0.2228.0 Safari/537.36" 
107.152.128.28 - - [03/Dec/2015:14:38:07 -0800] "GET /honeypot/BSidesDFW - 2014.ipynb HTTP/1.0" 404 295 "-" "Mozilla/5.0 (Windows NT 6.1) AppleWebKit/537.36 (KHTML, like Gecko) Chrome/41.0.2228.0 Safari/537.36" 
107.152.128.28 - - [03/Dec/2015:14:38:07 -0800] "GET /honeypot/BSidesDFW - 2014.ipynb HTTP/1.0" 404 295 "-" "Mozilla/5.0 (Windows NT 6.1) AppleWebKit/537.36 (KHTML, like Gecko) Chrome/41.0.2228.0 Safari/537.36" 
207.46.13.119 - - [03/Dec/2015:14:43:45 -0800] "GET /self.logs/error.log.2015-07-08.gz HTTP/1.1" 200 1212 "-" "Mozilla/5.0 (compatible; bingbot/2.0; +http://www.bing.com/bingbot.htm)" 
207.46.13.119 - - [03/Dec/2015:14:53:00 -0800] "GET /self.logs/access.log.2015-02-03.gz HTTP/1.1" 200 5716 "-" "Mozilla/5.0 (compatible; bingbot/2.0; +http://www.bing.com/bingbot.htm)" 
188.165.15.206 - - [03/Dec/2015:14:54:02 -0800] "GET /self.logs/error.log.2015-07-11.gz HTTP/1.1" 200 895 "-" "Mozilla/5.0 (compatible; AhrefsBot/5.0; +http://ahrefs.com/robot/)" 
157.55.39.85 - - [03/Dec/2015:15:14:05 -0800] "GET /robots.txt HTTP/1.1" 301 518 "-" "Mozilla/5.0 (compatible; bingbot/2.0; +http://www.bing.com/bingbot.htm)" 
157.55.39.85 - - [03/Dec/2015:15:14:08 -0800] "GET /robots.txt HTTP/1.1" 200 289 "-" "Mozilla/5.0 (compatible; bingbot/2.0; +http://www.bing.com/bingbot.htm)" 
157.55.39.85 - - [03/Dec/2015:15:15:02 -0800] "GET / HTTP/1.1" 301 483 "-" "Mozilla/5.0 (compatible; bingbot/2.0; +http://www.bing.com/bingbot.htm)" 
162.217.74.99 - - [03/Dec/2015:15:19:25 -0800] "GET / HTTP/1.1" 200 8243 "https://www.reddit.com/r/datasets/comments/3tbxap/cyber_security_datasets/" "Mozilla/5.0 (Macintosh; Intel Mac OS X 10_11_1) AppleWebKit/537.36 (KHTML, like Gecko) Chrome/47.0.2526.73 Safari/537.36" 
162.217.74.99 - - [03/Dec/2015:15:19:25 -0800] "GET /twitter-icon.png HTTP/1.1" 200 27787 "http://www.secrepo.com/" "Mozilla/5.0 (Macintosh; Intel Mac OS X 10_11_1) AppleWebKit/537.36 (KHTML, like Gecko) Chrome/47.0.2526.73 Safari/537.36" 
162.217.74.99 - - [03/Dec/2015:15:19:26 -0800] "GET /GitHub-Mark.png HTTP/1.1" 200 7428 "http://www.secrepo.com/" "Mozilla/5.0 (Macintosh; Intel Mac OS X 10_11_1) AppleWebKit/537.36 (KHTML, like Gecko) Chrome/47.0.2526.73 Safari/537.36" 
162.217.74.99 - - [03/Dec/2015:15:19:26 -0800] "GET /bootstrap/img/favicon.ico HTTP/1.1" 200 589 "http://www.secrepo.com/" "Mozilla/5.0 (Macintosh; Intel Mac OS X 10_11_1) AppleWebKit/537.36 (KHTML, like Gecko) Chrome/47.0.2526.73 Safari/537.36" 
157.55.39.85 - - [03/Dec/2015:15:21:40 -0800] "GET / HTTP/1.1" 200 8243 "-" "Mozilla/5.0 (compatible; bingbot/2.0; +http://www.bing.com/bingbot.htm)" 
65.127.112.131 - - [03/Dec/2015:15:24:38 -0800] "GET /favicon.ico HTTP/1.1" 200 268 "-" "Mozilla/5.0 (Macintosh; Intel Mac OS X 10.10; rv:42.0) Gecko/20100101 Firefox/42.0" 
162.217.74.99 - - [03/Dec/2015:15:37:20 -0800] "GET / HTTP/1.1" 200 8243 "-" "Mozilla/5.0 (Macintosh; Intel Mac OS X 10_11_1) AppleWebKit/601.2.7 (KHTML, like Gecko) Version/9.0.1 Safari/601.2.7" 
162.217.74.99 - - [03/Dec/2015:15:37:20 -0800] "GET /twitter-icon.png HTTP/1.1" 200 27787 "http://www.secrepo.com/" "Mozilla/5.0 (Macintosh; Intel Mac OS X 10_11_1) AppleWebKit/601.2.7 (KHTML, like Gecko) Version/9.0.1 Safari/601.2.7" 
162.217.74.99 - - [03/Dec/2015:15:37:20 -0800] "GET /GitHub-Mark.png HTTP/1.1" 200 7428 "http://www.secrepo.com/" "Mozilla/5.0 (Macintosh; Intel Mac OS X 10_11_1) AppleWebKit/601.2.7 (KHTML, like Gecko) Version/9.0.1 Safari/601.2.7" 
162.217.74.99 - - [03/Dec/2015:15:37:20 -0800] "GET /bootstrap/img/favicon.ico HTTP/1.1" 200 590 "http://www.secrepo.com/" "Mozilla/5.0 (Macintosh; Intel Mac OS X 10_11_1) AppleWebKit/601.2.7 (KHTML, like Gecko) Version/9.0.1 Safari/601.2.7" 
162.217.74.99 - - [03/Dec/2015:15:20:46 -0800] "GET /Security-Data-Analysis/Lab_1/conn.log.zip HTTP/1.1" 200 549098528 "http://www.secrepo.com/" "Mozilla/5.0 (Macintosh; Intel Mac OS X 10_11_1) AppleWebKit/537.36 (KHTML, like Gecko) Chrome/47.0.2526.73 Safari/537.36" 
157.55.39.192 - - [03/Dec/2015:15:43:32 -0800] "GET /robots.txt HTTP/1.1" 200 289 "-" "Mozilla/5.0 (compatible; bingbot/2.0; +http://www.bing.com/bingbot.htm)" 
157.55.39.192 - - [03/Dec/2015:15:43:36 -0800] "GET /self.logs/error.log.2015-01-28.gz HTTP/1.1" 200 644 "-" "Mozilla/5.0 (compatible; bingbot/2.0; +http://www.bing.com/bingbot.htm)" 
50.58.118.170 - - [03/Dec/2015:15:47:36 -0800] "GET /GitHub-Mark.png HTTP/1.1" 200 7428 "http://www.secrepo.com/" "Mozilla/5.0 (Windows NT 6.1; WOW64; Trident/7.0; rv:11.0) like Gecko" 
50.58.118.170 - - [03/Dec/2015:15:47:36 -0800] "GET / HTTP/1.1" 200 8243 "http://www.google.com/url?sa=t&rct=j&q=&esrc=s&source=web&cd=7&cad=rja&uact=8&ved=0ahUKEwi6wvyL8MDJAhWCOT4KHWBNB-EQFghFMAY&url=http%3A%2F%2Fwww.secrepo.com%2F&usg=AFQjCNHeQikQ6r63vtqWKlBvSenYpdB4dQ&bvm=bv.108538919,d.cWw" "Mozilla/5.0 (Windows NT 6.1; WOW64; Trident/7.0; rv:11.0) like Gecko" 
50.58.118.170 - - [03/Dec/2015:15:47:36 -0800] "GET /twitter-icon.png HTTP/1.1" 200 27787 "http://www.secrepo.com/" "Mozilla/5.0 (Windows NT 6.1; WOW64; Trident/7.0; rv:11.0) like Gecko" 
50.58.118.170 - - [03/Dec/2015:15:50:43 -0800] "GET /bootstrap/img/favicon.ico HTTP/1.1" 200 590 "-" "Mozilla/5.0 (Windows NT 6.1; Win64; x64; Trident/7.0; rv:11.0) like Gecko" 
164.99.17.69 - - [03/Dec/2015:15:55:31 -0800] "GET /bootstrap/img/favicon.ico HTTP/1.1" 200 590 "-" "Mozilla/5.0 (Macintosh; Intel Mac OS X 10.10; rv:42.0) Gecko/20100101 Firefox/42.0" 
50.58.118.170 - - [03/Dec/2015:16:05:25 -0800] "GET /data HTTP/1.1" 404 340 "http://www.secrepo.com/" "Mozilla/5.0 (Windows NT 6.1; WOW64; Trident/7.0; rv:11.0) like Gecko" 
50.58.118.170 - - [03/Dec/2015:16:06:01 -0800] "GET /honeypot/honeypot.json.zip HTTP/1.1" 200 4631873 "http://www.secrepo.com/" "Mozilla/5.0 (Windows NT 6.1; WOW64; Trident/7.0; rv:11.0) like Gecko" 
95.180.245.89 - - [03/Dec/2015:16:33:10 -0800] "GET /honeypot/Honeypot%20-%20Howto.pdf HTTP/1.1" 206 65867 "-" "Mozilla/5.0 (X11; Ubuntu; Linux x86_64; rv:42.0) Gecko/20100101 Firefox/42.0" 
95.180.245.89 - - [03/Dec/2015:16:33:10 -0800] "GET /honeypot/Honeypot%20-%20Howto.pdf HTTP/1.1" 206 34291 "-" "Mozilla/5.0 (X11; Ubuntu; Linux x86_64; rv:42.0) Gecko/20100101 Firefox/42.0" 
95.180.245.89 - - [03/Dec/2015:16:33:11 -0800] "GET /honeypot/Honeypot%20-%20Howto.pdf HTTP/1.1" 206 65872 "-" "Mozilla/5.0 (X11; Ubuntu; Linux x86_64; rv:42.0) Gecko/20100101 Firefox/42.0" 
95.180.245.89 - - [03/Dec/2015:16:33:11 -0800] "GET /honeypot/Honeypot%20-%20Howto.pdf HTTP/1.1" 206 65874 "-" "Mozilla/5.0 (X11; Ubuntu; Linux x86_64; rv:42.0) Gecko/20100101 Firefox/42.0" 
95.180.245.89 - - [03/Dec/2015:16:33:12 -0800] "GET /honeypot/Honeypot%20-%20Howto.pdf HTTP/1.1" 206 65872 "-" "Mozilla/5.0 (X11; Ubuntu; Linux x86_64; rv:42.0) Gecko/20100101 Firefox/42.0" 
95.180.245.89 - - [03/Dec/2015:16:33:12 -0800] "GET /honeypot/Honeypot%20-%20Howto.pdf HTTP/1.1" 206 65872 "-" "Mozilla/5.0 (X11; Ubuntu; Linux x86_64; rv:42.0) Gecko/20100101 Firefox/42.0" 
95.180.245.89 - - [03/Dec/2015:16:33:12 -0800] "GET /honeypot/Honeypot%20-%20Howto.pdf HTTP/1.1" 206 524627 "-" "Mozilla/5.0 (X11; Ubuntu; Linux x86_64; rv:42.0) Gecko/20100101 Firefox/42.0" 
95.180.245.89 - - [03/Dec/2015:16:33:08 -0800] "GET /honeypot/Honeypot%20-%20Howto.pdf HTTP/1.1" 200 1279418 "-" "Mozilla/5.0 (X11; Ubuntu; Linux x86_64; rv:42.0) Gecko/20100101 Firefox/42.0" 
95.180.245.89 - - [03/Dec/2015:16:33:20 -0800] "GET /favicon.ico HTTP/1.1" 200 267 "-" "Mozilla/5.0 (X11; Ubuntu; Linux x86_64; rv:42.0) Gecko/20100101 Firefox/42.0" 
93.127.148.89 - - [03/Dec/2015:16:44:34 -0800] "GET /honeypot/Honeypot%20-%20Howto%20-%20BSides%20Austin.pdf HTTP/1.0" 200 2263000 "http://www.secrepo.com/" "Mozilla/5.0 (Windows NT 5.1) AppleWebKit/537.36 (KHTML, like Gecko) Chrome/39.0.2171.99 Safari/537.36" 
199.16.156.124 - - [03/Dec/2015:16:45:23 -0800] "GET /robots.txt HTTP/1.1" 200 304 "-" "Twitterbot/1.0" 
199.16.156.124 - - [03/Dec/2015:16:45:23 -0800] "GET / HTTP/1.1" 200 8187 "-" "Twitterbot/1.0" 
162.217.74.99 - - [03/Dec/2015:16:45:39 -0800] "GET / HTTP/1.1" 200 8243 "-" "Mozilla/5.0 (Macintosh; Intel Mac OS X 10.10; rv:42.0) Gecko/20100101 Firefox/42.0" 
162.217.74.99 - - [03/Dec/2015:16:45:39 -0800] "GET /bootstrap/img/favicon.ico HTTP/1.1" 200 589 "-" "Mozilla/5.0 (Macintosh; Intel Mac OS X 10.10; rv:42.0) Gecko/20100101 Firefox/42.0" 
162.217.74.99 - - [03/Dec/2015:16:45:39 -0800] "GET /twitter-icon.png HTTP/1.1" 200 27787 "http://www.secrepo.com/" "Mozilla/5.0 (Macintosh; Intel Mac OS X 10.10; rv:42.0) Gecko/20100101 Firefox/42.0" 
162.217.74.99 - - [03/Dec/2015:16:45:39 -0800] "GET /GitHub-Mark.png HTTP/1.1" 200 7428 "http://www.secrepo.com/" "Mozilla/5.0 (Macintosh; Intel Mac OS X 10.10; rv:42.0) Gecko/20100101 Firefox/42.0" 
188.165.15.206 - - [03/Dec/2015:17:04:54 -0800] "GET /self.logs/error.log.2015-03-19.gz HTTP/1.1" 200 824 "-" "Mozilla/5.0 (compatible; AhrefsBot/5.0; +http://ahrefs.com/robot/)" 
172.99.78.147 - - [03/Dec/2015:17:12:47 -0800] "GET /robots.txt HTTP/1.1" 301 446 "-" "Tornado-Async-Client" 
172.99.78.147 - - [03/Dec/2015:17:12:47 -0800] "GET /robots.txt HTTP/1.1" 200 304 "-" "Tornado-Async-Client" 
172.99.78.147 - - [03/Dec/2015:17:12:47 -0800] "GET /honeypot/BSidesDFW%20-%202014.ipynb HTTP/1.1" 301 484 "-" "Tornado-Async-Client" 
172.99.78.147 - - [03/Dec/2015:17:12:47 -0800] "GET /honeypot/BSidesDFW%20-%202014.ipynb HTTP/1.1" 200 930780 "-" "Tornado-Async-Client" 
207.46.13.119 - - [03/Dec/2015:17:57:21 -0800] "GET /honeypot/BSidesDFW%20-%202014.ipynb HTTP/1.1" 304 167 "-" "Mozilla/5.0 (compatible; bingbot/2.0; +http://www.bing.com/bingbot.htm)" 
66.87.118.81 - - [03/Dec/2015:18:33:30 -0800] "GET / HTTP/1.1" 200 8243 "-" "Mozilla/5.0 (iPhone; CPU iPhone OS 9_1 like Mac OS X) AppleWebKit/601.1.46 (KHTML, like Gecko) Mobile/13B143" 
66.87.118.81 - - [03/Dec/2015:18:33:31 -0800] "GET /GitHub-Mark.png HTTP/1.1" 200 7427 "http://www.secrepo.com/" "Mozilla/5.0 (iPhone; CPU iPhone OS 9_1 like Mac OS X) AppleWebKit/601.1.46 (KHTML, like Gecko) Mobile/13B143" 
66.87.118.81 - - [03/Dec/2015:18:33:31 -0800] "GET /twitter-icon.png HTTP/1.1" 200 27788 "http://www.secrepo.com/" "Mozilla/5.0 (iPhone; CPU iPhone OS 9_1 like Mac OS X) AppleWebKit/601.1.46 (KHTML, like Gecko) Mobile/13B143" 
157.55.39.191 - - [03/Dec/2015:18:33:49 -0800] "GET /self.logs/access.log.2015-07-14.gz HTTP/1.1" 200 4554 "-" "Mozilla/5.0 (compatible; bingbot/2.0; +http://www.bing.com/bingbot.htm)" 
157.55.39.191 - - [03/Dec/2015:18:42:46 -0800] "GET /honeypot/Honeypot%20-%20Howto.pdf HTTP/1.1" 200 1279418 "-" "Mozilla/5.0 (iPhone; CPU iPhone OS 7_0 like Mac OS X) AppleWebKit/537.51.1 (KHTML, like Gecko) Version/7.0 Mobile/11A465 Safari/9537.53 (compatible; bingbot/2.0;  http://www.bing.com/bingbot.htm)" 
157.55.39.192 - - [03/Dec/2015:19:11:39 -0800] "GET /robots.txt HTTP/1.1" 301 518 "-" "Mozilla/5.0 (compatible; bingbot/2.0; +http://www.bing.com/bingbot.htm)" 
157.55.39.192 - - [03/Dec/2015:19:11:40 -0800] "GET /robots.txt HTTP/1.1" 200 288 "-" "Mozilla/5.0 (compatible; bingbot/2.0; +http://www.bing.com/bingbot.htm)" 
188.165.15.90 - - [03/Dec/2015:19:22:04 -0800] "GET /robots.txt HTTP/1.1" 301 446 "-" "Mozilla/5.0 (compatible; AhrefsBot/5.0; +http://ahrefs.com/robot/)" 
188.165.15.90 - - [03/Dec/2015:19:22:04 -0800] "GET /robots.txt HTTP/1.1" 200 304 "-" "Mozilla/5.0 (compatible; AhrefsBot/5.0; +http://ahrefs.com/robot/)" 
157.55.39.192 - - [03/Dec/2015:19:23:20 -0800] "GET /self.logs/error.log.2015-02-11.gz HTTP/1.1" 301 543 "-" "Mozilla/5.0 (compatible; bingbot/2.0; +http://www.bing.com/bingbot.htm)" 
68.133.42.41 - - [03/Dec/2015:19:36:39 -0800] "GET / HTTP/1.1" 200 8243 "https://www.google.com/" "Mozilla/5.0 (Windows NT 6.1; WOW64) AppleWebKit/537.36 (KHTML, like Gecko) Chrome/47.0.2526.73 Safari/537.36" 
68.133.42.41 - - [03/Dec/2015:19:36:39 -0800] "GET /GitHub-Mark.png HTTP/1.1" 200 7428 "http://www.secrepo.com/" "Mozilla/5.0 (Windows NT 6.1; WOW64) AppleWebKit/537.36 (KHTML, like Gecko) Chrome/47.0.2526.73 Safari/537.36" 
68.133.42.41 - - [03/Dec/2015:19:36:39 -0800] "GET /twitter-icon.png HTTP/1.1" 200 27787 "http://www.secrepo.com/" "Mozilla/5.0 (Windows NT 6.1; WOW64) AppleWebKit/537.36 (KHTML, like Gecko) Chrome/47.0.2526.73 Safari/537.36" 
68.133.42.41 - - [03/Dec/2015:19:36:40 -0800] "GET /bootstrap/img/favicon.ico HTTP/1.1" 200 589 "http://www.secrepo.com/" "Mozilla/5.0 (Windows NT 6.1; WOW64) AppleWebKit/537.36 (KHTML, like Gecko) Chrome/47.0.2526.73 Safari/537.36" 
188.165.15.206 - - [03/Dec/2015:19:54:33 -0800] "GET /self.logs/error.log.2015-09-10.gz HTTP/1.1" 200 605 "-" "Mozilla/5.0 (compatible; AhrefsBot/5.0; +http://ahrefs.com/robot/)" 
69.30.198.202 - - [03/Dec/2015:20:16:09 -0800] "GET /robots.txt HTTP/1.0" 301 481 "-" "Mozilla/5.0 (compatible; MJ12bot/v1.4.5; http://www.majestic12.co.uk/bot.php?+)" 
69.30.198.202 - - [03/Dec/2015:20:16:10 -0800] "GET /robots.txt HTTP/1.0" 200 252 "-" "Mozilla/5.0 (compatible; MJ12bot/v1.4.5; http://www.majestic12.co.uk/bot.php?+)" 
69.30.198.202 - - [03/Dec/2015:20:16:11 -0800] "GET / HTTP/1.0" 301 461 "-" "Mozilla/5.0 (compatible; MJ12bot/v1.4.5; http://www.majestic12.co.uk/bot.php?+)" 
69.30.198.202 - - [03/Dec/2015:20:16:12 -0800] "GET /robots.txt HTTP/1.0" 200 252 "-" "Mozilla/5.0 (compatible; MJ12bot/v1.4.5; http://www.majestic12.co.uk/bot.php?+)" 
69.30.198.202 - - [03/Dec/2015:20:16:13 -0800] "GET / HTTP/1.0" 200 26943 "-" "Mozilla/5.0 (compatible; MJ12bot/v1.4.5; http://www.majestic12.co.uk/bot.php?+)" 
180.76.15.18 - - [03/Dec/2015:20:16:45 -0800] "GET / HTTP/1.1" 304 152 "-" "Mozilla/5.0 (compatible; Baiduspider/2.0; +http://www.baidu.com/search/spider.html)" 
98.110.82.153 - - [03/Dec/2015:20:22:19 -0800] "GET / HTTP/1.1" 301 483 "-" "Mozilla/5.0 (Macintosh; Intel Mac OS X 10_11_1) AppleWebKit/601.2.7 (KHTML, like Gecko) Version/9.0.1 Safari/601.2.7" 
98.110.82.153 - - [03/Dec/2015:20:22:19 -0800] "GET / HTTP/1.1" 200 8243 "-" "Mozilla/5.0 (Macintosh; Intel Mac OS X 10_11_1) AppleWebKit/601.2.7 (KHTML, like Gecko) Version/9.0.1 Safari/601.2.7" 
98.110.82.153 - - [03/Dec/2015:20:22:19 -0800] "GET /twitter-icon.png HTTP/1.1" 200 27787 "http://www.secrepo.com/" "Mozilla/5.0 (Macintosh; Intel Mac OS X 10_11_1) AppleWebKit/601.2.7 (KHTML, like Gecko) Version/9.0.1 Safari/601.2.7" 
98.110.82.153 - - [03/Dec/2015:20:22:19 -0800] "GET /GitHub-Mark.png HTTP/1.1" 200 7428 "http://www.secrepo.com/" "Mozilla/5.0 (Macintosh; Intel Mac OS X 10_11_1) AppleWebKit/601.2.7 (KHTML, like Gecko) Version/9.0.1 Safari/601.2.7" 
98.110.82.153 - - [03/Dec/2015:20:22:20 -0800] "GET /bootstrap/img/favicon.ico HTTP/1.1" 200 590 "http://www.secrepo.com/" "Mozilla/5.0 (Macintosh; Intel Mac OS X 10_11_1) AppleWebKit/601.2.7 (KHTML, like Gecko) Version/9.0.1 Safari/601.2.7" 
207.46.13.119 - - [03/Dec/2015:20:28:26 -0800] "GET /self.logs/access.log.2015-02-03.gz HTTP/1.1" 200 5716 "-" "Mozilla/5.0 (compatible; bingbot/2.0; +http://www.bing.com/bingbot.htm)" 
96.240.138.116 - - [03/Dec/2015:20:30:16 -0800] "GET / HTTP/1.1" 200 8243 "-" "Mozilla/5.0 (iPhone; CPU iPhone OS 9_1 like Mac OS X) AppleWebKit/601.1.46 (KHTML, like Gecko) Version/9.0 Mobile/13B143 Safari/601.1" 
96.240.138.116 - - [03/Dec/2015:20:30:16 -0800] "GET /twitter-icon.png HTTP/1.1" 200 27787 "http://www.secrepo.com/" "Mozilla/5.0 (iPhone; CPU iPhone OS 9_1 like Mac OS X) AppleWebKit/601.1.46 (KHTML, like Gecko) Version/9.0 Mobile/13B143 Safari/601.1" 
96.240.138.116 - - [03/Dec/2015:20:30:16 -0800] "GET /GitHub-Mark.png HTTP/1.1" 200 7428 "http://www.secrepo.com/" "Mozilla/5.0 (iPhone; CPU iPhone OS 9_1 like Mac OS X) AppleWebKit/601.1.46 (KHTML, like Gecko) Version/9.0 Mobile/13B143 Safari/601.1" 
207.46.13.119 - - [03/Dec/2015:20:40:44 -0800] "GET /self.logs/access.log.2015-06-26.gz HTTP/1.1" 200 4070 "-" "Mozilla/5.0 (compatible; bingbot/2.0; +http://www.bing.com/bingbot.htm)" 
128.54.245.155 - - [03/Dec/2015:20:56:25 -0800] "GET / HTTP/1.1" 200 8243 "http://www.mlsecproject.org/" "Mozilla/5.0 (Macintosh; Intel Mac OS X 10_11_1) AppleWebKit/537.36 (KHTML, like Gecko) Chrome/47.0.2526.73 Safari/537.36" 
128.54.245.155 - - [03/Dec/2015:20:56:25 -0800] "GET /twitter-icon.png HTTP/1.1" 200 27787 "http://www.secrepo.com/" "Mozilla/5.0 (Macintosh; Intel Mac OS X 10_11_1) AppleWebKit/537.36 (KHTML, like Gecko) Chrome/47.0.2526.73 Safari/537.36" 
128.54.245.155 - - [03/Dec/2015:20:56:25 -0800] "GET /GitHub-Mark.png HTTP/1.1" 200 7428 "http://www.secrepo.com/" "Mozilla/5.0 (Macintosh; Intel Mac OS X 10_11_1) AppleWebKit/537.36 (KHTML, like Gecko) Chrome/47.0.2526.73 Safari/537.36" 
128.54.245.155 - - [03/Dec/2015:20:56:26 -0800] "GET /bootstrap/img/favicon.ico HTTP/1.1" 200 589 "http://www.secrepo.com/" "Mozilla/5.0 (Macintosh; Intel Mac OS X 10_11_1) AppleWebKit/537.36 (KHTML, like Gecko) Chrome/47.0.2526.73 Safari/537.36" 
128.54.245.155 - - [03/Dec/2015:20:58:27 -0800] "GET /self.logs/ HTTP/1.1" 200 6844 "http://www.secrepo.com/" "Mozilla/5.0 (Macintosh; Intel Mac OS X 10_11_1) AppleWebKit/537.36 (KHTML, like Gecko) Chrome/47.0.2526.73 Safari/537.36" 
128.54.245.155 - - [03/Dec/2015:20:58:27 -0800] "GET /favicon.ico HTTP/1.1" 200 267 "http://www.secrepo.com/self.logs/" "Mozilla/5.0 (Macintosh; Intel Mac OS X 10_11_1) AppleWebKit/537.36 (KHTML, like Gecko) Chrome/47.0.2526.73 Safari/537.36" 
162.217.74.99 - - [03/Dec/2015:21:31:52 -0800] "GET / HTTP/1.1" 200 8243 "-" "Mozilla/5.0 (Macintosh; Intel Mac OS X 10.9; rv:42.0) Gecko/20100101 Firefox/42.0" 
162.217.74.99 - - [03/Dec/2015:21:31:52 -0800] "GET /bootstrap/img/favicon.ico HTTP/1.1" 200 589 "-" "Mozilla/5.0 (Macintosh; Intel Mac OS X 10.9; rv:42.0) Gecko/20100101 Firefox/42.0" 
162.217.74.99 - - [03/Dec/2015:21:31:52 -0800] "GET /twitter-icon.png HTTP/1.1" 200 27787 "http://www.secrepo.com/" "Mozilla/5.0 (Macintosh; Intel Mac OS X 10.9; rv:42.0) Gecko/20100101 Firefox/42.0" 
162.217.74.99 - - [03/Dec/2015:21:31:52 -0800] "GET /GitHub-Mark.png HTTP/1.1" 200 7428 "http://www.secrepo.com/" "Mozilla/5.0 (Macintosh; Intel Mac OS X 10.9; rv:42.0) Gecko/20100101 Firefox/42.0" 
188.165.15.206 - - [03/Dec/2015:21:42:25 -0800] "GET /self.logs/access.log.2015-05-08.gz HTTP/1.1" 200 4813 "-" "Mozilla/5.0 (compatible; AhrefsBot/5.0; +http://ahrefs.com/robot/)" 
62.210.148.247 - - [03/Dec/2015:22:15:33 -0800] "GET /robots.txt HTTP/1.0" 200 252 "-" "Mozilla/5.0 (compatible; MJ12bot/v1.4.5; http://www.majestic12.co.uk/bot.php?+)" 
62.210.148.247 - - [03/Dec/2015:22:15:34 -0800] "GET /honeypot//%22http://amunhoney.sourceforge.net//%22 HTTP/1.0" 404 284 "-" "Mozilla/5.0 (compatible; MJ12bot/v1.4.5; http://www.majestic12.co.uk/bot.php?+)" 
62.210.148.247 - - [03/Dec/2015:22:15:36 -0800] "GET /honeypot//%22http://glastopf.org//%22 HTTP/1.0" 404 303 "-" "Mozilla/5.0 (compatible; MJ12bot/v1.4.5; http://www.majestic12.co.uk/bot.php?+)" 
62.210.148.247 - - [03/Dec/2015:22:15:37 -0800] "GET /honeypot//%22http://www.maxmind.com/%22 HTTP/1.0" 404 303 "-" "Mozilla/5.0 (compatible; MJ12bot/v1.4.5; http://www.majestic12.co.uk/bot.php?+)" 
62.210.148.247 - - [03/Dec/2015:22:15:39 -0800] "GET /honeypot//%22https://twitter.com/sooshie/%22 HTTP/1.0" 404 303 "-" "Mozilla/5.0 (compatible; MJ12bot/v1.4.5; http://www.majestic12.co.uk/bot.php?+)" 
62.210.148.247 - - [03/Dec/2015:22:15:40 -0800] "GET /honeypot//%22https://twitter.com/theroxyd/%22 HTTP/1.0" 404 303 "-" "Mozilla/5.0 (compatible; MJ12bot/v1.4.5; http://www.majestic12.co.uk/bot.php?+)" 
182.118.21.201 - - [03/Dec/2015:22:24:59 -0800] "GET / HTTP/1.1" 200 8243 "http://www.secrepo.com/" "Mozilla/5.0 (compatible; MSIE 9.0; Windows NT 6.1; Trident/5.0); 360Spider(compatible; HaosouSpider; http://www.haosou.com/help/help_3_2.html)" 
207.46.13.119 - - [03/Dec/2015:22:43:17 -0800] "GET /self.logs/error.log.2015-02-26.gz HTTP/1.1" 200 1050 "-" "Mozilla/5.0 (compatible; bingbot/2.0; +http://www.bing.com/bingbot.htm)" 
188.165.194.66 - - [03/Dec/2015:22:52:00 -0800] "GET / HTTP/1.1" 200 26898 "-" "Xenu Link Sleuth/1.3.8" 
172.99.78.147 - - [03/Dec/2015:22:53:45 -0800] "GET /robots.txt HTTP/1.1" 301 446 "-" "Tornado-Async-Client" 
172.99.78.147 - - [03/Dec/2015:22:53:45 -0800] "GET /robots.txt HTTP/1.1" 200 304 "-" "Tornado-Async-Client" 
172.99.78.147 - - [03/Dec/2015:22:53:45 -0800] "GET /honeypot/BSidesDFW%20-%202014.ipynb HTTP/1.1" 301 484 "-" "Tornado-Async-Client" 
172.99.78.147 - - [03/Dec/2015:22:53:45 -0800] "GET /honeypot/BSidesDFW%20-%202014.ipynb HTTP/1.1" 200 930780 "-" "Tornado-Async-Client" 
157.55.39.121 - - [03/Dec/2015:23:03:09 -0800] "GET /self.logs/access.log.2015-10-12.gz HTTP/1.1" 200 7740 "-" "Mozilla/5.0 (compatible; bingbot/2.0; +http://www.bing.com/bingbot.htm)" 
157.55.39.121 - - [03/Dec/2015:23:03:11 -0800] "GET /self.logs/access.log.2015-02-07.gz HTTP/1.1" 200 2820 "-" "Mozilla/5.0 (compatible; bingbot/2.0; +http://www.bing.com/bingbot.htm)" 
188.165.15.206 - - [03/Dec/2015:23:26:52 -0800] "GET /self.logs/access.log.2015-10-27.gz HTTP/1.1" 200 6438 "-" "Mozilla/5.0 (compatible; AhrefsBot/5.0; +http://ahrefs.com/robot/)" 
188.165.15.206 - - [03/Dec/2015:23:36:27 -0800] "GET /self.logs/access.log.2015-06-04.gz HTTP/1.1" 200 5178 "-" "Mozilla/5.0 (compatible; AhrefsBot/5.0; +http://ahrefs.com/robot/)" 
188.165.15.206 - - [03/Dec/2015:23:48:54 -0800] "GET /self.logs/error.log.2015-11-23.gz HTTP/1.1" 200 545 "-" "Mozilla/5.0 (compatible; AhrefsBot/5.0; +http://ahrefs.com/robot/)" 
188.165.15.206 - - [04/Dec/2015:00:07:25 -0800] "GET /self.logs/error.log.2015-07-27.gz HTTP/1.1" 200 738 "-" "Mozilla/5.0 (compatible; AhrefsBot/5.0; +http://ahrefs.com/robot/)" 
149.255.37.187 - - [04/Dec/2015:00:13:00 -0800] "GET / HTTP/1.0" 301 461 "-" "-" 
104.238.140.12 - - [04/Dec/2015:00:15:39 -0800] "GET / HTTP/1.1" 301 427 "-" "Scrapy/1.0.3 (+http://scrapy.org)" 
188.40.95.70 - - [04/Dec/2015:00:28:22 -0800] "GET /robots.txt HTTP/1.0" 200 252 "-" "Mozilla/5.0 (compatible; MJ12bot/v1.4.5; http://www.majestic12.co.uk/bot.php?+)" 
188.40.95.70 - - [04/Dec/2015:00:28:23 -0800] "GET /honeypot//%22http://amunhoney.sourceforge.net//%22 HTTP/1.0" 404 284 "-" "Mozilla/5.0 (compatible; MJ12bot/v1.4.5; http://www.majestic12.co.uk/bot.php?+)" 
188.40.95.70 - - [04/Dec/2015:00:28:25 -0800] "GET /honeypot//%22http://glastopf.org//%22 HTTP/1.0" 404 303 "-" "Mozilla/5.0 (compatible; MJ12bot/v1.4.5; http://www.majestic12.co.uk/bot.php?+)" 
188.40.95.70 - - [04/Dec/2015:00:28:26 -0800] "GET /honeypot//%22http://www.maxmind.com/%22 HTTP/1.0" 404 303 "-" "Mozilla/5.0 (compatible; MJ12bot/v1.4.5; http://www.majestic12.co.uk/bot.php?+)" 
157.55.39.121 - - [04/Dec/2015:00:47:31 -0800] "GET /robots.txt HTTP/1.1" 301 518 "-" "Mozilla/5.0 (compatible; bingbot/2.0; +http://www.bing.com/bingbot.htm)" 
157.55.39.121 - - [04/Dec/2015:00:47:31 -0800] "GET /robots.txt HTTP/1.1" 200 288 "-" "Mozilla/5.0 (compatible; bingbot/2.0; +http://www.bing.com/bingbot.htm)" 
207.46.13.152 - - [04/Dec/2015:00:50:42 -0800] "GET /honeypot/BSidesDFW%20-%202014.ipynb HTTP/1.1" 200 930836 "-" "Mozilla/5.0 (iPhone; CPU iPhone OS 7_0 like Mac OS X) AppleWebKit/537.51.1 (KHTML, like Gecko) Version/7.0 Mobile/11A465 Safari/9537.53 (compatible; bingbot/2.0;  http://www.bing.com/bingbot.htm)" 
151.237.232.130 - - [04/Dec/2015:01:00:41 -0800] "GET / HTTP/1.1" 304 189 "-" "Mozilla/5.0 (Macintosh; Intel Mac OS X 10_11_1) AppleWebKit/537.36 (KHTML, like Gecko) Chrome/47.0.2526.73 Safari/537.36" 
207.46.13.152 - - [04/Dec/2015:01:07:36 -0800] "GET /self.logs/access.log.2015-01-27.gz HTTP/1.1" 200 2252 "-" "Mozilla/5.0 (compatible; bingbot/2.0; +http://www.bing.com/bingbot.htm)" 
188.165.15.206 - - [04/Dec/2015:01:27:04 -0800] "GET /self.logs/access.log.2015-11-19.gz HTTP/1.1" 200 11861 "-" "Mozilla/5.0 (compatible; AhrefsBot/5.0; +http://ahrefs.com/robot/)" 
91.200.12.141 - - [04/Dec/2015:01:29:30 -0800] "GET /honeypot/BSidesDFW%20-%202014.ipynb HTTP/1.0" 200 449680 "http://www.secrepo.com/honeypot/BSidesDFW%20-%202014.ipynb" "Mozilla/5.0 (Windows NT 5.1) AppleWebKit/537.36 (KHTML, like Gecko) Chrome/45.0.2454.101 Safari/537.36" 
91.200.12.141 - - [04/Dec/2015:01:46:30 -0800] "GET /honeypot/BSidesDFW%20-%202014.ipynb HTTP/1.0" 200 474500 "http://www.secrepo.com/honeypot/BSidesDFW%20-%202014.ipynb" "Mozilla/5.0 (Windows NT 10.0; WOW64; rv:40.0) Gecko/20100101 Firefox/40.0" 
