192.187.113.250 - - [27/Aug/2015:02:17:40 -0700] "GET /honeypot/Honeypot%20-%20Howto.pdf HTTP/1.1" 200 1279418 "-" "Mozilla/4.0 (compatible; MSIE 6.0; Windows NT 5.1; SV1; Mozilla/4.0 (compatible; MSIE 6.0; Windows NT 5.1; SV1) ; .NET CLR 1.0.3705)" 
172.245.69.6 - - [27/Aug/2015:02:18:28 -0700] "GET /honeypot/BSidesDFW - 2014.ipynb HTTP/1.0" 404 303 "http://www.secrepo.com/" "Mozilla/5.0 (Windows NT 6.1; WOW64) AppleWebKit/537.36 (KHTML, like Gecko) Chrome/39.0.2171.95 Safari/537.36 OPR/26.0.1656.60" 
172.245.69.6 - - [27/Aug/2015:02:18:28 -0700] "GET / HTTP/1.1" 200 7347 "http://www.secrepo.com" "Mozilla/5.0 (Windows NT 6.1; WOW64) AppleWebKit/537.36 (KHTML, like Gecko) Chrome/39.0.2171.95 Safari/537.36 OPR/26.0.1656.60" 
192.187.113.250 - - [27/Aug/2015:02:23:08 -0700] "GET /honeypot/Honeypot%20-%20Howto%20-%20BSides%20Austin.pdf HTTP/1.1" 418 584 "-" "Mozilla/4.0 (compatible; MSIE 6.0; Windows NT 5.1; SV1)" 
103.245.47.20 - - [27/Aug/2015:02:30:02 -0700] "GET / HTTP/1.1" 200 7347 "-" "Mozilla/5.0 (Windows NT 6.1; WOW64) AppleWebKit/537.36 (KHTML, like Gecko) Chrome/44.0.2403.157 Safari/537.36" 
103.245.47.20 - - [27/Aug/2015:02:30:05 -0700] "GET /twitter-icon.png HTTP/1.1" 200 27788 "http://www.secrepo.com/" "Mozilla/5.0 (Windows NT 6.1; WOW64) AppleWebKit/537.36 (KHTML, like Gecko) Chrome/44.0.2403.157 Safari/537.36" 
103.245.47.20 - - [27/Aug/2015:02:30:05 -0700] "GET /GitHub-Mark.png HTTP/1.1" 200 7428 "http://www.secrepo.com/" "Mozilla/5.0 (Windows NT 6.1; WOW64) AppleWebKit/537.36 (KHTML, like Gecko) Chrome/44.0.2403.157 Safari/537.36" 
192.187.113.250 - - [27/Aug/2015:02:34:10 -0700] "GET / HTTP/1.1" 301 483 "-" "Mozilla/4.0 (compatible; MSIE 6.0; Windows NT 5.1; SV1; Mozilla/4.0 (compatible; MSIE 6.0; Windows NT 5.1; SV1) )" 
192.187.113.250 - - [27/Aug/2015:02:34:11 -0700] "GET / HTTP/1.1" 200 7347 "-" "Mozilla/4.0 (compatible; MSIE 6.0; Windows NT 5.1; SV1; Mozilla/4.0 (compatible; MSIE 6.0; Windows NT 5.1; SV1) )" 
192.187.113.250 - - [27/Aug/2015:02:40:24 -0700] "GET /honeypot/Honeypot%20-%20Howto.pdf HTTP/1.1" 200 1279418 "-" "Mozilla/4.0 (compatible; MSIE 6.0; Windows NT 5.1)" 
188.165.15.239 - - [27/Aug/2015:02:43:42 -0700] "GET /self.logs/access.log.2015-07-08.gz HTTP/1.1" 200 4673 "-" "Mozilla/5.0 (compatible; AhrefsBot/5.0; +http://ahrefs.com/robot/)" 
104.218.199.49 - - [27/Aug/2015:02:44:42 -0700] "GET /honeypot/Honeypot - Howto.pdf HTTP/1.0" 404 303 "http://www.secrepo.com/" "Mozilla/5.0 (Windows NT 6.1; WOW64) AppleWebKit/537.36 (KHTML, like Gecko) Chrome/39.0.2171.95 Safari/537.36 OPR/26.0.1656.60" 
104.218.199.49 - - [27/Aug/2015:02:44:42 -0700] "GET / HTTP/1.1" 200 7347 "http://www.secrepo.com" "Mozilla/5.0 (Windows NT 6.1; WOW64) AppleWebKit/537.36 (KHTML, like Gecko) Chrome/39.0.2171.95 Safari/537.36 OPR/26.0.1656.60" 
192.187.113.250 - - [27/Aug/2015:02:45:50 -0700] "GET /honeypot/Honeypot%20-%20Howto%20-%20BSides%20Austin.pdf HTTP/1.1" 418 584 "-" "Mozilla/4.0 (compatible; MSIE 6.0; Windows NT 5.1; SV1)" 
207.46.13.31 - - [27/Aug/2015:03:37:12 -0700] "GET /self.logs/error.log.2015-03-02.gz HTTP/1.1" 200 942 "-" "Mozilla/5.0 (compatible; bingbot/2.0; +http://www.bing.com/bingbot.htm)" 
157.55.39.119 - - [27/Aug/2015:03:42:24 -0700] "GET /self.logs/error.log.2015-03-02.gz HTTP/1.1" 200 942 "-" "Mozilla/5.0 (compatible; bingbot/2.0; +http://www.bing.com/bingbot.htm)" 
103.246.67.28 - - [27/Aug/2015:03:40:35 -0700] "GET /honeypot/Honeypot%20-%20Howto.pdf HTTP/1.1" 200 432160 "-" "Mozilla/4.0 (compatible; MSIE 6.0; Windows NT 5.1)" 
103.246.67.28 - - [27/Aug/2015:03:39:52 -0700] "GET /honeypot/Honeypot%20-%20Howto%20-%20BSides%20Austin.pdf HTTP/1.1" 200 731460 "-" "Mozilla/4.0 (compatible; MSIE 6.0; Windows NT 5.1)" 
142.4.106.213 - - [27/Aug/2015:03:43:14 -0700] "GET /honeypot/BSidesDFW%20-%202014.ipynb HTTP/1.1" 418 584 "-" "Mozilla/4.0 (compatible; MSIE 6.0; Windows NT 5.1; SV1)" 
199.16.156.126 - - [27/Aug/2015:03:59:22 -0700] "GET /robots.txt HTTP/1.1" 200 304 "-" "Twitterbot/1.0" 
199.16.156.126 - - [27/Aug/2015:03:59:22 -0700] "GET /honeypot/Honeypot%20-%20Howto%20-%20BSides%20Austin.pdf HTTP/1.1" 200 2928404 "-" "Twitterbot/1.0" 
157.55.39.119 - - [27/Aug/2015:04:04:56 -0700] "GET /self.logs/access.log.2015-03-05.gz HTTP/1.1" 200 3325 "-" "Mozilla/5.0 (compatible; bingbot/2.0; +http://www.bing.com/bingbot.htm)" 
192.187.113.250 - - [27/Aug/2015:04:41:28 -0700] "GET / HTTP/1.1" 301 483 "-" "Mozilla/4.0 (compatible; MSIE 6.0; Windows NT 5.1; SV1; Mozilla/4.0 (compatible; MSIE 6.0; Windows NT 5.1; SV1) ; .NET CLR 1.0.3705)" 
192.187.113.250 - - [27/Aug/2015:04:41:31 -0700] "GET / HTTP/1.1" 200 7347 "-" "Mozilla/4.0 (compatible; MSIE 6.0; Windows NT 5.1; SV1; Mozilla/4.0 (compatible; MSIE 6.0; Windows NT 5.1; SV1) ; .NET CLR 1.0.3705)" 
192.187.113.250 - - [27/Aug/2015:05:06:18 -0700] "GET /honeypot/Honeypot%20-%20Howto.pdf HTTP/1.1" 200 1279418 "-" "Mozilla/4.0 (compatible; MSIE 6.0; Windows NT 5.1; SV1; Mozilla/4.0 (compatible; MSIE 6.0; Windows NT 5.1; SV1) ; .NET CLR 2.0.50727 ; .NET CLR 4.0.30319)" 
192.187.113.250 - - [27/Aug/2015:05:06:18 -0700] "GET /honeypot/Honeypot%20-%20Howto.pdf HTTP/1.1" 200 1279418 "-" "Mozilla/4.0 (compatible; MSIE 6.0; Windows NT 5.1)" 
192.187.113.250 - - [27/Aug/2015:05:06:19 -0700] "GET /honeypot/Honeypot%20-%20Howto.pdf HTTP/1.1" 200 1279418 "-" "Mozilla/4.0 (compatible; MSIE 6.0; Windows NT 5.1; SV1; Mozilla/4.0 (compatible; MSIE 6.0; Windows NT 5.1; SV1) ; .NET CLR 2.0.50727 ; .NET CLR 4.0.30319)" 
192.187.113.250 - - [27/Aug/2015:05:10:53 -0700] "GET /honeypot/Honeypot%20-%20Howto%20-%20BSides%20Austin.pdf HTTP/1.1" 200 1438100 "-" "Mozilla/4.0 (compatible; MSIE 6.0; Windows NT 5.1; SV1; Mozilla/4.0 (compatible; MSIE 6.0; Windows NT 5.1; SV1) ; .NET CLR 2.0.50727 ; .NET CLR 4.0.30319)" 
192.187.113.250 - - [27/Aug/2015:05:10:54 -0700] "GET /honeypot/Honeypot%20-%20Howto%20-%20BSides%20Austin.pdf HTTP/1.1" 200 1467300 "-" "Mozilla/4.0 (compatible; MSIE 6.0; Windows NT 5.1; SV1; Mozilla/4.0 (compatible; MSIE 6.0; Windows NT 5.1; SV1) ; .NET CLR 2.0.50727 ; .NET CLR 4.0.30319)" 
192.187.113.250 - - [27/Aug/2015:05:10:54 -0700] "GET /honeypot/Honeypot%20-%20Howto%20-%20BSides%20Austin.pdf HTTP/1.1" 200 1353420 "-" "Mozilla/4.0 (compatible; MSIE 6.0; Windows NT 5.1; SV1; Mozilla/4.0 (compatible; MSIE 6.0; Windows NT 5.1; SV1) ; .NET CLR 1.0.3705)" 
207.46.13.31 - - [27/Aug/2015:05:17:15 -0700] "GET /self.logs/access.log.2015-02-19.gz HTTP/1.1" 200 12948 "-" "Mozilla/5.0 (compatible; bingbot/2.0; +http://www.bing.com/bingbot.htm)" 
192.187.113.250 - - [27/Aug/2015:05:22:14 -0700] "GET /honeypot/Honeypot%20-%20Howto.pdf HTTP/1.1" 200 1279418 "-" "Mozilla/4.0 (compatible; MSIE 6.0; Windows NT 5.1; SV1; Mozilla/4.0 (compatible; MSIE 6.0; Windows NT 5.1; SV1) ; .NET CLR 1.0.3705)" 
192.187.113.250 - - [27/Aug/2015:05:29:24 -0700] "GET /honeypot/Honeypot%20-%20Howto%20-%20BSides%20Austin.pdf HTTP/1.1" 200 1332980 "-" "Mozilla/4.0 (compatible; MSIE 6.0; Windows NT 5.1)" 
202.70.44.14 - - [27/Aug/2015:05:29:36 -0700] "POST /honeypot/Honeypot%20-%20Howto%20-%20BSides%20Austin.pdf/trackback/ HTTP/1.1" 418 609 "http://www.secrepo.com/honeypot/Honeypot - Howto - BSides Austin.pdf#search=" "Mozilla/4.0 (compatible; MSIE 6.0; Windows NT 5.1; SV1)" 
192.108.116.64 - - [27/Aug/2015:05:33:17 -0700] "GET / HTTP/1.1" 200 7347 "http://www2.mlsecproject.org/" "Mozilla/5.0 (X11; Linux x86_64; rv:40.0) Gecko/20100101 Firefox/40.0" 
211.100.3.120 - - [27/Aug/2015:05:58:43 -0700] "GET /favicon.ico HTTP/1.1" 200 268 "-" "Mozilla/5.0 (Windows NT 6.1; WOW64) AppleWebKit/537.36 (KHTML, like Gecko) Chrome/42.0.2311.152 Safari/537.36" 
89.46.233.100 - - [27/Aug/2015:06:09:37 -0700] "GET /honeypot/BSidesDFW%20-%202014.ipynb HTTP/1.1" 200 930780 "http://www.secrepo.com/" "Mozilla/5.0 (Windows NT 6.1; WOW64) AppleWebKit/537.36 (KHTML, like Gecko) Chrome/39.0.2171.95 Safari/537.36 OPR/26.0.1656.60" 
192.187.113.250 - - [27/Aug/2015:06:14:30 -0700] "GET /honeypot/Honeypot%20-%20Howto.pdf HTTP/1.1" 200 1279418 "-" "Mozilla/4.0 (compatible; MSIE 6.0; Windows NT 5.1; SV1; Mozilla/4.0 (compatible; MSIE 6.0; Windows NT 5.1; SV1) ; .NET CLR 1.0.3705)" 
192.187.113.250 - - [27/Aug/2015:06:16:53 -0700] "GET /honeypot/Honeypot%20-%20Howto%20-%20BSides%20Austin.pdf HTTP/1.1" 200 1401600 "-" "Mozilla/4.0 (compatible; MSIE 6.0; Windows NT 5.1)" 
46.229.170.197 - - [27/Aug/2015:06:19:35 -0700] "GET / HTTP/1.1" 200 24354 "-" "Mozilla/5.0 (Windows NT 6.1; Win64; x64; rv:2.0b11pre) Gecko/20110129 Firefox/4.0b11pre" 
192.187.113.250 - - [27/Aug/2015:06:28:05 -0700] "GET / HTTP/1.1" 301 483 "-" "Mozilla/4.0 (compatible; MSIE 6.0; Windows NT 5.1)" 
192.187.113.250 - - [27/Aug/2015:06:28:07 -0700] "GET / HTTP/1.1" 200 7347 "-" "Mozilla/4.0 (compatible; MSIE 6.0; Windows NT 5.1)" 
155.133.6.28 - - [27/Aug/2015:06:50:42 -0700] "GET /honeypot/BSidesDFW%20-%202014.ipynb&sa=U&ved=0CM8BEBYwJmoVChMI7Y-4r5vJxwIVA9saCh1G9QtN&usg=AFQjCNEZuOz4anPQ6zQ16QtvdKYcAGatTw HTTP/1.0" 404 284 "http://www.secrepo.com/honeypot/BSidesDFW%20-%202014.ipynb&sa=U&ved=0CM8BEBYwJmoVChMI7Y-4r5vJxwIVA9saCh1G9QtN&usg=AFQjCNEZuOz4anPQ6zQ16QtvdKYcAGatTw" "Mozilla/5.0 (Windows NT 6.1; rv:37.0) Gecko/20100101 Firefox/37.0" 
155.133.6.28 - - [27/Aug/2015:06:50:42 -0700] "GET / HTTP/1.0" 200 24399 "http://www.secrepo.com/" "Mozilla/5.0 (Windows NT 6.1; rv:37.0) Gecko/20100101 Firefox/37.0" 
177.74.187.133 - - [27/Aug/2015:06:55:23 -0700] "GET / HTTP/1.1" 301 483 "http://success-seo.com/try.php?u=http://secrepo.com" "Mozilla/5.0 (Windows NT 6.1; WOW64) AppleWebKit/537.36 (KHTML, like Gecko) Chrome/36.0.1985.143 Safari/537.36" 
177.74.187.133 - - [27/Aug/2015:06:55:24 -0700] "GET / HTTP/1.1" 200 7347 "http://success-seo.com/try.php?u=http://secrepo.com" "Mozilla/5.0 (Windows NT 6.1; WOW64) AppleWebKit/537.36 (KHTML, like Gecko) Chrome/36.0.1985.143 Safari/537.36" 
177.74.187.133 - - [27/Aug/2015:06:55:25 -0700] "GET /twitter-icon.png HTTP/1.1" 200 27787 "http://www.secrepo.com/" "Mozilla/5.0 (Windows NT 6.1; WOW64) AppleWebKit/537.36 (KHTML, like Gecko) Chrome/36.0.1985.143 Safari/537.36" 
177.74.187.133 - - [27/Aug/2015:06:55:26 -0700] "GET /GitHub-Mark.png HTTP/1.1" 200 7428 "http://www.secrepo.com/" "Mozilla/5.0 (Windows NT 6.1; WOW64) AppleWebKit/537.36 (KHTML, like Gecko) Chrome/36.0.1985.143 Safari/537.36" 
104.130.160.233 - - [27/Aug/2015:06:56:23 -0700] "GET /robots.txt HTTP/1.1" 301 446 "-" "Tornado-Async-Client" 
104.130.160.233 - - [27/Aug/2015:06:56:23 -0700] "GET /robots.txt HTTP/1.1" 200 304 "-" "Tornado-Async-Client" 
104.130.160.233 - - [27/Aug/2015:06:56:23 -0700] "GET /honeypot/BSidesDFW%20-%202014.ipynb HTTP/1.1" 301 484 "-" "Tornado-Async-Client" 
104.130.160.233 - - [27/Aug/2015:06:56:23 -0700] "GET /honeypot/BSidesDFW%20-%202014.ipynb HTTP/1.1" 200 930780 "-" "Tornado-Async-Client" 
74.87.25.2 - - [27/Aug/2015:07:10:30 -0700] "GET / HTTP/1.1" 301 483 "-" "Mozilla/5.0 (Macintosh; Intel Mac OS X 10_10_5) AppleWebKit/537.36 (KHTML, like Gecko) Chrome/44.0.2403.157 Safari/537.36" 
74.87.25.2 - - [27/Aug/2015:07:10:31 -0700] "GET / HTTP/1.1" 200 7347 "-" "Mozilla/5.0 (Macintosh; Intel Mac OS X 10_10_5) AppleWebKit/537.36 (KHTML, like Gecko) Chrome/44.0.2403.157 Safari/537.36" 
23.92.26.73 - - [27/Aug/2015:07:14:40 -0700] "GET   / HTTP/1.1" 200 24399 "http://www.domain2008.com/domains/www.secrepo.com" "Mozilla/5.0 (compatible; MSIE 9.0; Windows NT 6.1; WOW64; Trident/5.0)" 
92.98.234.102 - - [27/Aug/2015:07:17:45 -0700] "GET / HTTP/1.1" 301 483 "http://success-seo.com/try.php?u=http://secrepo.com" "Mozilla/5.0 (Windows NT 6.1; WOW64) AppleWebKit/537.36 (KHTML, like Gecko) Chrome/36.0.1985.143 Safari/537.36" 
92.98.234.102 - - [27/Aug/2015:07:17:46 -0700] "GET / HTTP/1.1" 200 7347 "http://success-seo.com/try.php?u=http://secrepo.com" "Mozilla/5.0 (Windows NT 6.1; WOW64) AppleWebKit/537.36 (KHTML, like Gecko) Chrome/36.0.1985.143 Safari/537.36" 
92.98.234.102 - - [27/Aug/2015:07:17:47 -0700] "GET /twitter-icon.png HTTP/1.1" 200 27787 "http://www.secrepo.com/" "Mozilla/5.0 (Windows NT 6.1; WOW64) AppleWebKit/537.36 (KHTML, like Gecko) Chrome/36.0.1985.143 Safari/537.36" 
92.98.234.102 - - [27/Aug/2015:07:17:47 -0700] "GET /GitHub-Mark.png HTTP/1.1" 200 7428 "http://www.secrepo.com/" "Mozilla/5.0 (Windows NT 6.1; WOW64) AppleWebKit/537.36 (KHTML, like Gecko) Chrome/36.0.1985.143 Safari/537.36" 
89.163.148.58 - - [27/Aug/2015:07:46:36 -0700] "GET /robots.txt HTTP/1.0" 200 252 "-" "Mozilla/5.0 (compatible; MJ12bot/v1.4.5; http://www.majestic12.co.uk/bot.php?+)" 
89.163.148.58 - - [27/Aug/2015:07:46:38 -0700] "GET /honeypot//%22http://amunhoney.sourceforge.net//%22 HTTP/1.0" 404 284 "-" "Mozilla/5.0 (compatible; MJ12bot/v1.4.5; http://www.majestic12.co.uk/bot.php?+)" 
89.163.148.58 - - [27/Aug/2015:07:46:40 -0700] "GET /honeypot//%22http://glastopf.org//%22 HTTP/1.0" 404 303 "-" "Mozilla/5.0 (compatible; MJ12bot/v1.4.5; http://www.majestic12.co.uk/bot.php?+)" 
89.163.148.58 - - [27/Aug/2015:07:46:41 -0700] "GET /honeypot//%22http://www.maxmind.com/%22 HTTP/1.0" 404 303 "-" "Mozilla/5.0 (compatible; MJ12bot/v1.4.5; http://www.majestic12.co.uk/bot.php?+)" 
89.163.148.58 - - [27/Aug/2015:07:46:43 -0700] "GET /honeypot//%22https://twitter.com/sooshie/%22 HTTP/1.0" 404 303 "-" "Mozilla/5.0 (compatible; MJ12bot/v1.4.5; http://www.majestic12.co.uk/bot.php?+)" 
192.187.113.250 - - [27/Aug/2015:08:17:05 -0700] "GET / HTTP/1.1" 301 483 "-" "Mozilla/4.0 (compatible; MSIE 6.0; Windows NT 5.1; SV1; Mozilla/4.0 (compatible; MSIE 6.0; Windows NT 5.1; SV1) ; .NET CLR 1.0.3705)" 
192.187.113.250 - - [27/Aug/2015:08:17:07 -0700] "GET / HTTP/1.1" 200 7347 "-" "Mozilla/4.0 (compatible; MSIE 6.0; Windows NT 5.1; SV1; Mozilla/4.0 (compatible; MSIE 6.0; Windows NT 5.1; SV1) ; .NET CLR 1.0.3705)" 
188.165.15.239 - - [27/Aug/2015:08:26:56 -0700] "GET /self.logs/access.log.2015-06-28.gz HTTP/1.1" 200 11790 "-" "Mozilla/5.0 (compatible; AhrefsBot/5.0; +http://ahrefs.com/robot/)" 
141.8.143.159 - - [27/Aug/2015:08:27:14 -0700] "GET /robots.txt HTTP/1.1" 200 289 "-" "Mozilla/5.0 (compatible; YandexBot/3.0; +http://yandex.com/bots)" 
141.8.143.159 - - [27/Aug/2015:08:27:18 -0700] "GET /self.logs/?C=N;O=D HTTP/1.1" 200 4974 "-" "Mozilla/5.0 (compatible; YandexBot/3.0; +http://yandex.com/bots)" 
180.76.15.16 - - [27/Aug/2015:08:35:52 -0700] "GET / HTTP/1.1" 200 21900 "-" "Mozilla/5.0 (compatible; Baiduspider/2.0; +http://www.baidu.com/search/spider.html)" 
180.76.15.142 - - [27/Aug/2015:08:36:22 -0700] "GET / HTTP/1.1" 200 24399 "-" "Mozilla/5.0 (compatible; Baiduspider/2.0; +http://www.baidu.com/search/spider.html)" 
157.55.39.14 - - [27/Aug/2015:08:45:36 -0700] "GET /robots.txt HTTP/1.1" 301 518 "-" "Mozilla/5.0 (compatible; bingbot/2.0; +http://www.bing.com/bingbot.htm)" 
157.55.39.14 - - [27/Aug/2015:08:45:36 -0700] "GET /robots.txt HTTP/1.1" 200 288 "-" "Mozilla/5.0 (compatible; bingbot/2.0; +http://www.bing.com/bingbot.htm)" 
142.4.106.213 - - [27/Aug/2015:08:59:21 -0700] "GET /honeypot/BSidesDFW%20-%202014.ipynb HTTP/1.1" 200 483260 "-" "Mozilla/4.0 (compatible; MSIE 6.0; Windows NT 5.1; SV1; Mozilla/4.0 (compatible; MSIE 6.0; Windows NT 5.1; SV1) ; .NET CLR 2.0.50727 ; .NET CLR 4.0.30319)" 
142.4.106.213 - - [27/Aug/2015:08:59:22 -0700] "POST /honeypot/BSidesDFW%20-%202014.ipynb/trackback/ HTTP/1.1" 418 547 "http://www.secrepo.com/honeypot/BSidesDFW - 2014.ipynb" "Mozilla/4.0 (compatible; MSIE 6.0; Windows NT 5.1; SV1)" 
107.182.125.2 - - [27/Aug/2015:09:16:56 -0700] "GET /honeypot/Honeypot%20-%20Howto%20-%20BSides%20Austin.pdf HTTP/1.0" 200 1458540 "http://www.secrepo.com/" "Mozilla/5.0 (Windows NT 6.1; WOW64) AppleWebKit/537.36 (KHTML, like Gecko) Chrome/39.0.2171.95 Safari/537.36 OPR/26.0.1656.60" 
157.55.39.14 - - [27/Aug/2015:09:18:18 -0700] "GET / HTTP/1.1" 301 483 "-" "Mozilla/5.0 (compatible; bingbot/2.0; +http://www.bing.com/bingbot.htm)" 
66.249.83.129 - - [27/Aug/2015:09:20:23 -0700] "GET / HTTP/1.1" 200 7347 "-" "Google favicon" 
66.249.83.189 - - [27/Aug/2015:09:20:23 -0700] "GET /bootstrap/img/favicon.ico HTTP/1.1" 200 590 "-" "Google favicon" 
180.153.236.125 - - [27/Aug/2015:09:34:58 -0700] "GET / HTTP/1.1" 200 7347 "http://www.secrepo.com/" "Mozilla/5.0 (compatible; MSIE 9.0; Windows NT 6.1; Trident/5.0); 360Spider(compatible; HaosouSpider; http://www.haosou.com/help/help_3_2.html)" 
95.8.149.174 - - [27/Aug/2015:09:35:03 -0700] "GET /bootstrap/img/favicon.ico HTTP/1.1" 200 590 "-" "Mozilla/5.0 (Windows NT 10.0; Win64; x64; rv:41.0) Gecko/20100101 Firefox/41.0" 
192.187.113.250 - - [27/Aug/2015:09:38:30 -0700] "GET /honeypot/Honeypot%20-%20Howto.pdf HTTP/1.1" 418 584 "-" "Mozilla/4.0 (compatible; MSIE 6.0; Windows NT 5.1; SV1)" 
192.187.113.250 - - [27/Aug/2015:09:44:58 -0700] "GET /honeypot/Honeypot%20-%20Howto%20-%20BSides%20Austin.pdf HTTP/1.1" 200 1646880 "-" "Mozilla/4.0 (compatible; MSIE 6.0; Windows NT 5.1)" 
192.187.113.250 - - [27/Aug/2015:10:09:31 -0700] "GET / HTTP/1.1" 301 483 "-" "Mozilla/4.0 (compatible; MSIE 6.0; Windows NT 5.1; SV1; Mozilla/4.0 (compatible; MSIE 6.0; Windows NT 5.1; SV1) ; .NET CLR 1.0.3705)" 
192.187.113.250 - - [27/Aug/2015:10:09:32 -0700] "GET / HTTP/1.1" 200 7347 "-" "Mozilla/4.0 (compatible; MSIE 6.0; Windows NT 5.1; SV1; Mozilla/4.0 (compatible; MSIE 6.0; Windows NT 5.1; SV1) ; .NET CLR 1.0.3705)" 
201.23.147.10 - - [27/Aug/2015:10:13:03 -0700] "GET / HTTP/1.1" 301 483 "http://success-seo.com/try.php?u=http://secrepo.com" "Mozilla/5.0 (Windows NT 6.1; WOW64) AppleWebKit/537.36 (KHTML, like Gecko) Chrome/35.0.1916.153 Safari/537.36" 
201.23.147.10 - - [27/Aug/2015:10:13:05 -0700] "GET / HTTP/1.1" 200 7347 "http://success-seo.com/try.php?u=http://secrepo.com" "Mozilla/5.0 (Windows NT 6.1; WOW64) AppleWebKit/537.36 (KHTML, like Gecko) Chrome/35.0.1916.153 Safari/537.36" 
201.23.147.10 - - [27/Aug/2015:10:13:05 -0700] "GET /twitter-icon.png HTTP/1.1" 200 27787 "http://www.secrepo.com/" "Mozilla/5.0 (Windows NT 6.1; WOW64) AppleWebKit/537.36 (KHTML, like Gecko) Chrome/35.0.1916.153 Safari/537.36" 
201.23.147.10 - - [27/Aug/2015:10:13:05 -0700] "GET /GitHub-Mark.png HTTP/1.1" 200 7428 "http://www.secrepo.com/" "Mozilla/5.0 (Windows NT 6.1; WOW64) AppleWebKit/537.36 (KHTML, like Gecko) Chrome/35.0.1916.153 Safari/537.36" 
188.165.15.239 - - [27/Aug/2015:10:14:58 -0700] "GET /self.logs/?C=M;O=D HTTP/1.1" 200 5063 "-" "Mozilla/5.0 (compatible; AhrefsBot/5.0; +http://ahrefs.com/robot/)" 
155.133.6.28 - - [27/Aug/2015:10:30:28 -0700] "GET /honeypot/BSidesDFW%20-%202014.ipynb&sa=U&ved=0CM8BEBYwJmoVChMI7Y-4r5vJxwIVA9saCh1G9QtN&usg=AFQjCNEZuOz4anPQ6zQ16QtvdKYcAGatTw HTTP/1.0" 404 284 "http://www.secrepo.com/honeypot/BSidesDFW%20-%202014.ipynb&sa=U&ved=0CM8BEBYwJmoVChMI7Y-4r5vJxwIVA9saCh1G9QtN&usg=AFQjCNEZuOz4anPQ6zQ16QtvdKYcAGatTw" "Mozilla/5.0 (Windows NT 6.1) AppleWebKit/537.36 (KHTML, like Gecko) Chrome/41.0.2272.101 Safari/537.36" 
155.133.6.28 - - [27/Aug/2015:10:30:28 -0700] "GET / HTTP/1.0" 200 24399 "http://www.secrepo.com/" "Mozilla/5.0 (Windows NT 6.1) AppleWebKit/537.36 (KHTML, like Gecko) Chrome/41.0.2272.101 Safari/537.36" 
66.249.83.189 - - [27/Aug/2015:10:38:27 -0700] "GET / HTTP/1.1" 200 7347 "-" "Google favicon" 
66.249.83.189 - - [27/Aug/2015:10:38:27 -0700] "GET /bootstrap/img/favicon.ico HTTP/1.1" 200 589 "-" "Google favicon" 
192.187.113.250 - - [27/Aug/2015:10:43:15 -0700] "GET /honeypot/Honeypot%20-%20Howto.pdf HTTP/1.1" 200 1254140 "-" "Mozilla/4.0 (compatible; MSIE 6.0; Windows NT 5.1; SV1; Mozilla/4.0 (compatible; MSIE 6.0; Windows NT 5.1; SV1) ; .NET CLR 1.0.3705)" 
192.187.113.250 - - [27/Aug/2015:10:49:05 -0700] "GET /honeypot/Honeypot%20-%20Howto%20-%20BSides%20Austin.pdf HTTP/1.1" 200 1568040 "-" "Mozilla/4.0 (compatible; MSIE 6.0; Windows NT 5.1; SV1; Mozilla/4.0 (compatible; MSIE 6.0; Windows NT 5.1; SV1) )" 
188.165.15.239 - - [27/Aug/2015:10:51:34 -0700] "GET /self.logs/error.log.2015-02-07.gz HTTP/1.1" 200 641 "-" "Mozilla/5.0 (compatible; AhrefsBot/5.0; +http://ahrefs.com/robot/)" 
168.159.213.204 - - [27/Aug/2015:10:54:09 -0700] "GET / HTTP/1.1" 301 483 "http://secrepo.com/" "Mozilla/5.0 (Macintosh; Intel Mac OS X 10_10_3) AppleWebKit/537.36 (KHTML, like Gecko) Chrome/44.0.2403.157 Safari/537.36" 
168.159.213.204 - - [27/Aug/2015:10:54:31 -0700] "GET / HTTP/1.1" 200 7347 "http://secrepo.com/" "Mozilla/5.0 (Macintosh; Intel Mac OS X 10_10_3) AppleWebKit/537.36 (KHTML, like Gecko) Chrome/44.0.2403.157 Safari/537.36" 
168.159.213.204 - - [27/Aug/2015:10:54:31 -0700] "GET /twitter-icon.png HTTP/1.1" 200 27787 "http://www.secrepo.com/" "Mozilla/5.0 (Macintosh; Intel Mac OS X 10_10_3) AppleWebKit/537.36 (KHTML, like Gecko) Chrome/44.0.2403.157 Safari/537.36" 
168.159.213.204 - - [27/Aug/2015:10:54:31 -0700] "GET /GitHub-Mark.png HTTP/1.1" 200 7428 "http://www.secrepo.com/" "Mozilla/5.0 (Macintosh; Intel Mac OS X 10_10_3) AppleWebKit/537.36 (KHTML, like Gecko) Chrome/44.0.2403.157 Safari/537.36" 
168.159.213.204 - - [27/Aug/2015:10:54:31 -0700] "GET /bootstrap/img/favicon.ico HTTP/1.1" 200 589 "http://www.secrepo.com/" "Mozilla/5.0 (Macintosh; Intel Mac OS X 10_10_3) AppleWebKit/537.36 (KHTML, like Gecko) Chrome/44.0.2403.157 Safari/537.36" 
192.187.113.250 - - [27/Aug/2015:11:01:38 -0700] "GET /honeypot/Honeypot%20-%20Howto.pdf HTTP/1.1" 200 1279418 "-" "Mozilla/4.0 (compatible; MSIE 6.0; Windows NT 5.1; SV1; Mozilla/4.0 (compatible; MSIE 6.0; Windows NT 5.1; SV1) )" 
157.55.39.98 - - [27/Aug/2015:11:02:32 -0700] "GET /self.logs/access.log.2015-03-13.gz HTTP/1.1" 200 4878 "-" "Mozilla/5.0 (compatible; bingbot/2.0; +http://www.bing.com/bingbot.htm)" 
192.187.113.250 - - [27/Aug/2015:11:04:11 -0700] "GET /honeypot/Honeypot%20-%20Howto%20-%20BSides%20Austin.pdf HTTP/1.1" 200 1411820 "-" "Mozilla/4.0 (compatible; MSIE 6.0; Windows NT 5.1; SV1; Mozilla/4.0 (compatible; MSIE 6.0; Windows NT 5.1; SV1) ; .NET CLR 2.0.50727 ; .NET CLR 4.0.30319)" 
199.16.156.125 - - [27/Aug/2015:11:16:12 -0700] "GET /robots.txt HTTP/1.1" 200 304 "-" "Twitterbot/1.0" 
199.16.156.126 - - [27/Aug/2015:11:16:12 -0700] "GET /robots.txt HTTP/1.1" 200 304 "-" "Twitterbot/1.0" 
199.16.156.125 - - [27/Aug/2015:11:16:12 -0700] "GET /honeypot/Honeypot%20-%20Howto%20-%20BSides%20Austin.pdf HTTP/1.1" 200 2928404 "-" "Twitterbot/1.0" 
199.16.156.126 - - [27/Aug/2015:11:16:12 -0700] "GET /honeypot/honeypot.json.zip HTTP/1.1" 200 4631817 "-" "Twitterbot/1.0" 
89.32.176.124 - - [27/Aug/2015:11:17:30 -0700] "GET /honeypot/Honeypot - Howto.pdf#search= HTTP/1.0" 404 295 "-" "Mozilla/5.0 (Windows NT 6.1) AppleWebKit/537.36 (KHTML, like Gecko) Chrome/41.0.2228.0 Safari/537.36" 
89.32.176.124 - - [27/Aug/2015:11:17:30 -0700] "GET /honeypot/Honeypot - Howto.pdf#search= HTTP/1.0" 404 295 "-" "Mozilla/5.0 (Windows NT 6.1) AppleWebKit/537.36 (KHTML, like Gecko) Chrome/41.0.2228.0 Safari/537.36" 
63.235.135.90 - - [27/Aug/2015:11:40:37 -0700] "GET / HTTP/1.1" 200 7347 "-" "Mozilla/5.0 (Macintosh; Intel Mac OS X 10_10_5) AppleWebKit/600.8.9 (KHTML, like Gecko) Version/8.0.8 Safari/600.8.9" 
188.165.15.239 - - [27/Aug/2015:11:42:21 -0700] "GET /self.logs/error.log.2015-08-13.gz HTTP/1.1" 200 719 "-" "Mozilla/5.0 (compatible; AhrefsBot/5.0; +http://ahrefs.com/robot/)" 
66.194.23.234 - - [27/Aug/2015:12:05:15 -0700] "GET / HTTP/1.1" 301 483 "-" "Mozilla/5.0 (Macintosh; Intel Mac OS X 10_10_4) AppleWebKit/537.36 (KHTML, like Gecko) Chrome/44.0.2403.157 Safari/537.36" 
66.194.23.234 - - [27/Aug/2015:12:05:16 -0700] "GET / HTTP/1.1" 200 7347 "-" "Mozilla/5.0 (Macintosh; Intel Mac OS X 10_10_4) AppleWebKit/537.36 (KHTML, like Gecko) Chrome/44.0.2403.157 Safari/537.36" 
66.194.23.234 - - [27/Aug/2015:12:05:16 -0700] "GET /twitter-icon.png HTTP/1.1" 200 27787 "http://www.secrepo.com/" "Mozilla/5.0 (Macintosh; Intel Mac OS X 10_10_4) AppleWebKit/537.36 (KHTML, like Gecko) Chrome/44.0.2403.157 Safari/537.36" 
66.194.23.234 - - [27/Aug/2015:12:05:16 -0700] "GET /GitHub-Mark.png HTTP/1.1" 200 7427 "http://www.secrepo.com/" "Mozilla/5.0 (Macintosh; Intel Mac OS X 10_10_4) AppleWebKit/537.36 (KHTML, like Gecko) Chrome/44.0.2403.157 Safari/537.36" 
66.194.23.234 - - [27/Aug/2015:12:05:17 -0700] "GET /bootstrap/img/favicon.ico HTTP/1.1" 200 589 "http://www.secrepo.com/" "Mozilla/5.0 (Macintosh; Intel Mac OS X 10_10_4) AppleWebKit/537.36 (KHTML, like Gecko) Chrome/44.0.2403.157 Safari/537.36" 
46.29.234.219 - - [27/Aug/2015:12:07:47 -0700] "GET / HTTP/1.0" 200 24399 "http://www.secrepo.com/" "Mozilla/4.0 (compatible; MSIE 5.0; Windows NT; DigExt)" 
192.187.113.250 - - [27/Aug/2015:12:08:24 -0700] "GET / HTTP/1.1" 301 483 "-" "Mozilla/4.0 (compatible; MSIE 6.0; Windows NT 5.1; SV1; Mozilla/4.0 (compatible; MSIE 6.0; Windows NT 5.1; SV1) ; .NET CLR 2.0.50727 ; .NET CLR 4.0.30319)" 
192.187.113.250 - - [27/Aug/2015:12:08:27 -0700] "GET / HTTP/1.1" 200 7347 "-" "Mozilla/4.0 (compatible; MSIE 6.0; Windows NT 5.1; SV1; Mozilla/4.0 (compatible; MSIE 6.0; Windows NT 5.1; SV1) ; .NET CLR 2.0.50727 ; .NET CLR 4.0.30319)" 
66.194.23.234 - - [27/Aug/2015:12:11:06 -0700] "GET / HTTP/1.1" 200 7347 "-" "Mozilla/5.0 (Macintosh; Intel Mac OS X 10_10_5) AppleWebKit/537.36 (KHTML, like Gecko) Chrome/44.0.2403.157 Safari/537.36" 
66.194.23.234 - - [27/Aug/2015:12:11:06 -0700] "GET /twitter-icon.png HTTP/1.1" 200 27787 "http://www.secrepo.com/" "Mozilla/5.0 (Macintosh; Intel Mac OS X 10_10_5) AppleWebKit/537.36 (KHTML, like Gecko) Chrome/44.0.2403.157 Safari/537.36" 
66.194.23.234 - - [27/Aug/2015:12:11:06 -0700] "GET /GitHub-Mark.png HTTP/1.1" 200 7428 "http://www.secrepo.com/" "Mozilla/5.0 (Macintosh; Intel Mac OS X 10_10_5) AppleWebKit/537.36 (KHTML, like Gecko) Chrome/44.0.2403.157 Safari/537.36" 
66.194.23.234 - - [27/Aug/2015:12:11:06 -0700] "GET /bootstrap/img/favicon.ico HTTP/1.1" 200 589 "http://www.secrepo.com/" "Mozilla/5.0 (Macintosh; Intel Mac OS X 10_10_5) AppleWebKit/537.36 (KHTML, like Gecko) Chrome/44.0.2403.157 Safari/537.36" 
66.194.23.234 - - [27/Aug/2015:12:13:38 -0700] "GET / HTTP/1.1" 200 7347 "-" "Mozilla/5.0 (Macintosh; Intel Mac OS X 10_10_4) AppleWebKit/537.36 (KHTML, like Gecko) Chrome/44.0.2403.157 Safari/537.36" 
66.194.23.234 - - [27/Aug/2015:12:13:38 -0700] "GET /twitter-icon.png HTTP/1.1" 200 27787 "http://www.secrepo.com/" "Mozilla/5.0 (Macintosh; Intel Mac OS X 10_10_4) AppleWebKit/537.36 (KHTML, like Gecko) Chrome/44.0.2403.157 Safari/537.36" 
66.194.23.234 - - [27/Aug/2015:12:13:38 -0700] "GET /GitHub-Mark.png HTTP/1.1" 200 7428 "http://www.secrepo.com/" "Mozilla/5.0 (Macintosh; Intel Mac OS X 10_10_4) AppleWebKit/537.36 (KHTML, like Gecko) Chrome/44.0.2403.157 Safari/537.36" 
66.194.23.234 - - [27/Aug/2015:12:13:38 -0700] "GET /bootstrap/img/favicon.ico HTTP/1.1" 200 589 "http://www.secrepo.com/" "Mozilla/5.0 (Macintosh; Intel Mac OS X 10_10_4) AppleWebKit/537.36 (KHTML, like Gecko) Chrome/44.0.2403.157 Safari/537.36" 
66.194.23.234 - - [27/Aug/2015:12:15:06 -0700] "GET /maccdc2012/dhcp.log.gz HTTP/1.1" 200 45019 "http://www.secrepo.com/" "Mozilla/5.0 (Macintosh; Intel Mac OS X 10_10_4) AppleWebKit/537.36 (KHTML, like Gecko) Chrome/44.0.2403.157 Safari/537.36" 
192.187.113.250 - - [27/Aug/2015:12:22:25 -0700] "GET /honeypot/Honeypot%20-%20Howto.pdf HTTP/1.1" 200 1279418 "-" "Mozilla/4.0 (compatible; MSIE 6.0; Windows NT 5.1)" 
192.187.113.250 - - [27/Aug/2015:12:22:25 -0700] "GET /honeypot/Honeypot%20-%20Howto.pdf HTTP/1.1" 200 1279418 "-" "Mozilla/4.0 (compatible; MSIE 6.0; Windows NT 5.1)" 
192.187.113.250 - - [27/Aug/2015:12:22:28 -0700] "GET /honeypot/Honeypot%20-%20Howto.pdf HTTP/1.1" 200 1279418 "-" "Mozilla/4.0 (compatible; MSIE 6.0; Windows NT 5.1)" 
192.187.113.250 - - [27/Aug/2015:12:27:00 -0700] "GET /honeypot/Honeypot%20-%20Howto%20-%20BSides%20Austin.pdf HTTP/1.1" 418 584 "-" "Mozilla/4.0 (compatible; MSIE 6.0; Windows NT 5.1; SV1)" 
192.187.113.250 - - [27/Aug/2015:12:27:00 -0700] "GET /honeypot/Honeypot%20-%20Howto%20-%20BSides%20Austin.pdf HTTP/1.1" 200 1400140 "-" "Mozilla/4.0 (compatible; MSIE 6.0; Windows NT 5.1; SV1; Mozilla/4.0 (compatible; MSIE 6.0; Windows NT 5.1; SV1) ; .NET CLR 1.0.3705)" 
192.187.113.250 - - [27/Aug/2015:12:27:01 -0700] "GET /honeypot/Honeypot%20-%20Howto%20-%20BSides%20Austin.pdf HTTP/1.1" 200 1382620 "-" "Mozilla/4.0 (compatible; MSIE 6.0; Windows NT 5.1; SV1; Mozilla/4.0 (compatible; MSIE 6.0; Windows NT 5.1; SV1) )" 
113.236.123.50 - - [27/Aug/2015:12:26:52 -0700] "GET /honeypot/BSidesDFW%20-%202014.ipynb HTTP/1.1" 200 930836 "http://www.secrepo.com/" "Mozilla/5.0 (Windows NT 6.1; WOW64) AppleWebKit/537.36 (KHTML, like Gecko) Chrome/39.0.2171.99 Safari/537.36" 
177.222.119.94 - - [27/Aug/2015:12:58:15 -0700] "GET / HTTP/1.1" 301 483 "http://success-seo.com/try.php?u=http://secrepo.com" "Mozilla/5.0 (Windows NT 6.1; WOW64) AppleWebKit/537.36 (KHTML, like Gecko) Chrome/36.0.1985.143 Safari/537.36" 
177.222.119.94 - - [27/Aug/2015:12:58:16 -0700] "GET / HTTP/1.1" 200 7347 "http://success-seo.com/try.php?u=http://secrepo.com" "Mozilla/5.0 (Windows NT 6.1; WOW64) AppleWebKit/537.36 (KHTML, like Gecko) Chrome/36.0.1985.143 Safari/537.36" 
177.222.119.94 - - [27/Aug/2015:12:58:16 -0700] "GET /twitter-icon.png HTTP/1.1" 200 27787 "http://www.secrepo.com/" "Mozilla/5.0 (Windows NT 6.1; WOW64) AppleWebKit/537.36 (KHTML, like Gecko) Chrome/36.0.1985.143 Safari/537.36" 
177.222.119.94 - - [27/Aug/2015:12:58:16 -0700] "GET /GitHub-Mark.png HTTP/1.1" 200 7428 "http://www.secrepo.com/" "Mozilla/5.0 (Windows NT 6.1; WOW64) AppleWebKit/537.36 (KHTML, like Gecko) Chrome/36.0.1985.143 Safari/537.36" 
101.226.168.203 - - [27/Aug/2015:12:59:12 -0700] "GET / HTTP/1.1" 200 7347 "http://www.secrepo.com/" "Mozilla/5.0 (Windows NT 6.1) AppleWebKit/537.1 (KHTML, like Gecko) Chrome/21.0.1180.89 Safari/537.1; 360Spider(compatible; HaosouSpider; http://www.haosou.com/help/help_3_2.html)" 
180.76.15.148 - - [27/Aug/2015:13:29:21 -0700] "GET /self.logs/ HTTP/1.1" 200 4894 "-" "Mozilla/5.0 (compatible; Baiduspider/2.0; +http://www.baidu.com/search/spider.html)" 
129.55.200.20 - - [27/Aug/2015:13:32:37 -0700] "GET / HTTP/1.1" 200 7347 "http://www2.mlsecproject.org/" "Mozilla/5.0 (Macintosh; Intel Mac OS X 10.8; rv:31.0) Gecko/20100101 Firefox/31.0" 
129.55.200.20 - - [27/Aug/2015:13:32:37 -0700] "GET /bootstrap/img/favicon.ico HTTP/1.1" 200 590 "-" "Mozilla/5.0 (Macintosh; Intel Mac OS X 10.8; rv:31.0) Gecko/20100101 Firefox/31.0" 
129.55.200.20 - - [27/Aug/2015:13:32:37 -0700] "GET /GitHub-Mark.png HTTP/1.1" 200 7427 "http://www.secrepo.com/" "Mozilla/5.0 (Macintosh; Intel Mac OS X 10.8; rv:31.0) Gecko/20100101 Firefox/31.0" 
129.55.200.20 - - [27/Aug/2015:13:32:37 -0700] "GET /twitter-icon.png HTTP/1.1" 200 27788 "http://www.secrepo.com/" "Mozilla/5.0 (Macintosh; Intel Mac OS X 10.8; rv:31.0) Gecko/20100101 Firefox/31.0" 
129.55.200.20 - - [27/Aug/2015:13:35:30 -0700] "GET /favicon.ico HTTP/1.1" 200 268 "-" "Mozilla/5.0 (Macintosh; Intel Mac OS X 10.8; rv:31.0) Gecko/20100101 Firefox/31.0" 
192.187.113.250 - - [27/Aug/2015:13:51:17 -0700] "GET / HTTP/1.1" 301 483 "-" "Mozilla/4.0 (compatible; MSIE 6.0; Windows NT 5.1; SV1; Mozilla/4.0 (compatible; MSIE 6.0; Windows NT 5.1; SV1) )" 
192.187.113.250 - - [27/Aug/2015:13:51:18 -0700] "GET / HTTP/1.1" 200 7347 "-" "Mozilla/4.0 (compatible; MSIE 6.0; Windows NT 5.1; SV1; Mozilla/4.0 (compatible; MSIE 6.0; Windows NT 5.1; SV1) )" 
157.55.39.61 - - [27/Aug/2015:13:58:44 -0700] "GET /honeypot/BSidesDFW%20-%202014.ipynb HTTP/1.1" 200 930836 "-" "Mozilla/5.0 (iPhone; CPU iPhone OS 7_0 like Mac OS X) AppleWebKit/537.51.1 (KHTML, like Gecko) Version/7.0 Mobile/11A465 Safari/9537.53 (compatible; bingbot/2.0;  http://www.bing.com/bingbot.htm)" 
104.130.160.233 - - [27/Aug/2015:14:14:51 -0700] "GET /robots.txt HTTP/1.1" 301 446 "-" "Tornado-Async-Client" 
104.130.160.233 - - [27/Aug/2015:14:14:51 -0700] "GET /robots.txt HTTP/1.1" 200 304 "-" "Tornado-Async-Client" 
104.130.160.233 - - [27/Aug/2015:14:14:51 -0700] "GET /honeypot/BSidesDFW HTTP/1.1" 301 460 "-" "Tornado-Async-Client" 
104.130.160.233 - - [27/Aug/2015:14:14:51 -0700] "GET /honeypot/BSidesDFW HTTP/1.1" 404 284 "-" "Tornado-Async-Client" 
62.210.78.114 - - [27/Aug/2015:14:15:08 -0700] "GET /honeypot/BSidesDFW - 2014.ipynb HTTP/1.0" 404 295 "-" "Mozilla/5.0 (Windows NT 6.1) AppleWebKit/537.36 (KHTML, like Gecko) Chrome/41.0.2228.0 Safari/537.36" 
66.194.23.234 - - [27/Aug/2015:14:17:06 -0700] "GET / HTTP/1.1" 200 7347 "-" "Mozilla/5.0 (Macintosh; Intel Mac OS X 10_10_4) AppleWebKit/537.36 (KHTML, like Gecko) Chrome/44.0.2403.157 Safari/537.36" 
66.194.23.234 - - [27/Aug/2015:14:17:06 -0700] "GET /twitter-icon.png HTTP/1.1" 200 27787 "http://www.secrepo.com/" "Mozilla/5.0 (Macintosh; Intel Mac OS X 10_10_4) AppleWebKit/537.36 (KHTML, like Gecko) Chrome/44.0.2403.157 Safari/537.36" 
66.194.23.234 - - [27/Aug/2015:14:17:06 -0700] "GET /GitHub-Mark.png HTTP/1.1" 200 7428 "http://www.secrepo.com/" "Mozilla/5.0 (Macintosh; Intel Mac OS X 10_10_4) AppleWebKit/537.36 (KHTML, like Gecko) Chrome/44.0.2403.157 Safari/537.36" 
66.194.23.234 - - [27/Aug/2015:14:18:02 -0700] "GET /tg/a.zip HTTP/1.1" 200 66189337 "http://www.secrepo.com/" "Mozilla/5.0 (Macintosh; Intel Mac OS X 10_10_4) AppleWebKit/537.36 (KHTML, like Gecko) Chrome/44.0.2403.157 Safari/537.36" 
66.194.23.234 - - [27/Aug/2015:14:19:12 -0700] "GET /maccdc2012/conn.log.gz HTTP/1.1" 200 8525747 "http://www.secrepo.com/" "Mozilla/5.0 (Macintosh; Intel Mac OS X 10_10_4) AppleWebKit/537.36 (KHTML, like Gecko) Chrome/44.0.2403.157 Safari/537.36" 
70.39.184.215 - - [27/Aug/2015:14:19:38 -0700] "GET / HTTP/1.1" 200 7347 "-" "UCWEB/2.0 (MIDP-2.0; U; Adr 4.1.2; en-US; GT-S7392) U2/1.0.0 UCBrowser/9.7.0.520 U2/1.0.0 Mobile" 
70.39.184.215 - - [27/Aug/2015:14:19:38 -0700] "GET /GitHub-Mark.png HTTP/1.1" 200 7428 "http://www.secrepo.com/" "UCWEB/2.0 (MIDP-2.0; U; Adr 4.1.2; en-US; GT-S7392) U2/1.0.0 UCBrowser/9.7.0.520 U2/1.0.0 Mobile" 
70.39.184.215 - - [27/Aug/2015:14:19:38 -0700] "GET /bootstrap/img/favicon.ico HTTP/1.1" 200 590 "-" "UCWEB/2.0 (MIDP-2.0; U; Adr 4.1.2; en-US; GT-S7392) U2/1.0.0 UCBrowser/9.7.0.520 U2/1.0.0 Mobile" 
70.39.184.215 - - [27/Aug/2015:14:19:38 -0700] "GET /twitter-icon.png HTTP/1.1" 200 27788 "http://www.secrepo.com/" "UCWEB/2.0 (MIDP-2.0; U; Adr 4.1.2; en-US; GT-S7392) U2/1.0.0 UCBrowser/9.7.0.520 U2/1.0.0 Mobile" 
70.39.184.215 - - [27/Aug/2015:14:22:12 -0700] "GET /maccdc2012/conn.log.gz HTTP/1.1" 200 1156320 "http://www.secrepo.com/" "UCWEB/2.0 (MIDP-2.0; U; Adr 4.1.2; en-US; GT-S7392) U2/1.0.0 UCBrowser/9.7.0.520 U2/1.0.0 Mobile" 
70.39.184.215 - - [27/Aug/2015:14:22:14 -0700] "GET /maccdc2012/conn.log.gz HTTP/1.1" 200 4562891 "http://www.secrepo.com/" "UCWEB/2.0 (MIDP-2.0; U; Adr 4.1.2; en-US; GT-S7392) U2/1.0.0 UCBrowser/9.7.0.520 U2/1.0.0 Mobile" 
70.39.184.215 - - [27/Aug/2015:14:23:00 -0700] "GET /maccdc2012/tunnel.log.gz HTTP/1.1" 200 5229 "http://www.secrepo.com/" "UCWEB/2.0 (MIDP-2.0; U; Adr 4.1.2; en-US; GT-S7392) U2/1.0.0 UCBrowser/9.7.0.520 U2/1.0.0 Mobile" 
70.39.184.215 - - [27/Aug/2015:14:23:00 -0700] "GET /favicon.ico HTTP/1.1" 200 267 "-" "UCWEB/2.0 (MIDP-2.0; U; Adr 4.1.2; en-US; GT-S7392) U2/1.0.0 UCBrowser/9.7.0.520 U2/1.0.0 Mobile" 
70.39.184.215 - - [27/Aug/2015:14:23:16 -0700] "GET /maccdc2012/maccdc2012_fast_alert.7z HTTP/1.1" 200 46720 "http://www.secrepo.com/" "UCWEB/2.0 (MIDP-2.0; U; Adr 4.1.2; en-US; GT-S7392) U2/1.0.0 UCBrowser/9.7.0.520 U2/1.0.0 Mobile" 
188.165.15.239 - - [27/Aug/2015:14:30:15 -0700] "GET /self.logs/error.log.2015-07-26.gz HTTP/1.1" 200 671 "-" "Mozilla/5.0 (compatible; AhrefsBot/5.0; +http://ahrefs.com/robot/)" 
23.96.208.191 - - [27/Aug/2015:14:47:50 -0700] "GET /wp-admin/ HTTP/1.1" 301 479 "-" "-" 
66.90.104.37 - - [27/Aug/2015:15:02:41 -0700] "GET /wordpress/wp-admin/ HTTP/1.1" 301 499 "-" "-" 
172.241.201.211 - - [27/Aug/2015:15:06:38 -0700] "GET /honeypot/BSidesDFW - 2014.ipynb HTTP/1.0" 404 303 "http://www.secrepo.com/" "Mozilla/5.0 (Windows NT 6.1; WOW64) AppleWebKit/537.36 (KHTML, like Gecko) Chrome/39.0.2171.95 Safari/537.36 OPR/26.0.1656.60" 
172.241.201.211 - - [27/Aug/2015:15:06:39 -0700] "GET / HTTP/1.1" 200 7347 "http://www.secrepo.com" "Mozilla/5.0 (Windows NT 6.1; WOW64) AppleWebKit/537.36 (KHTML, like Gecko) Chrome/39.0.2171.95 Safari/537.36 OPR/26.0.1656.60" 
66.33.212.115 - - [27/Aug/2015:15:09:56 -0700] "GET /blog/wp-admin/ HTTP/1.1" 301 489 "-" "-" 
104.130.160.233 - - [27/Aug/2015:15:17:06 -0700] "GET /robots.txt HTTP/1.1" 301 446 "-" "Tornado-Async-Client" 
104.130.160.233 - - [27/Aug/2015:15:17:06 -0700] "GET /robots.txt HTTP/1.1" 200 304 "-" "Tornado-Async-Client" 
104.130.160.233 - - [27/Aug/2015:15:17:06 -0700] "GET /honeypot/BSidesDFW%20-%202014.ipynb HTTP/1.1" 301 484 "-" "Tornado-Async-Client" 
104.130.160.233 - - [27/Aug/2015:15:17:06 -0700] "GET /honeypot/BSidesDFW%20-%202014.ipynb HTTP/1.1" 200 930780 "-" "Tornado-Async-Client" 
212.1.210.166 - - [27/Aug/2015:15:17:26 -0700] "GET /wp/wp-admin/ HTTP/1.1" 301 485 "-" "-" 
207.46.13.31 - - [27/Aug/2015:15:47:54 -0700] "GET /self.logs/error.log.2015-04-01.gz HTTP/1.1" 301 544 "-" "Mozilla/5.0 (compatible; bingbot/2.0; +http://www.bing.com/bingbot.htm)" 
66.249.83.186 - - [27/Aug/2015:15:51:39 -0700] "GET / HTTP/1.1" 200 7347 "-" "Google favicon" 
66.249.83.189 - - [27/Aug/2015:15:51:39 -0700] "GET /bootstrap/img/favicon.ico HTTP/1.1" 200 590 "-" "Google favicon" 
192.187.113.250 - - [27/Aug/2015:15:52:09 -0700] "GET / HTTP/1.1" 301 483 "-" "Mozilla/4.0 (compatible; MSIE 6.0; Windows NT 5.1; SV1; Mozilla/4.0 (compatible; MSIE 6.0; Windows NT 5.1; SV1) ; .NET CLR 1.0.3705)" 
192.187.113.250 - - [27/Aug/2015:15:52:11 -0700] "GET / HTTP/1.1" 200 7347 "-" "Mozilla/4.0 (compatible; MSIE 6.0; Windows NT 5.1; SV1; Mozilla/4.0 (compatible; MSIE 6.0; Windows NT 5.1; SV1) ; .NET CLR 1.0.3705)" 
192.187.113.250 - - [27/Aug/2015:16:01:17 -0700] "GET /honeypot/Honeypot%20-%20Howto.pdf HTTP/1.1" 200 1279418 "-" "Mozilla/4.0 (compatible; MSIE 6.0; Windows NT 5.1; SV1; Mozilla/4.0 (compatible; MSIE 6.0; Windows NT 5.1; SV1) ; .NET CLR 2.0.50727 ; .NET CLR 4.0.30319)" 
192.187.113.250 - - [27/Aug/2015:16:04:11 -0700] "GET /honeypot/Honeypot%20-%20Howto%20-%20BSides%20Austin.pdf HTTP/1.1" 200 1339674 "-" "Mozilla/4.0 (compatible; MSIE 6.0; Windows NT 5.1)" 
66.180.192.214 - - [27/Aug/2015:16:12:30 -0700] "GET / HTTP/1.1" 304 189 "-" "Mozilla/5.0 (Macintosh; Intel Mac OS X 10_10_5) AppleWebKit/537.36 (KHTML, like Gecko) Chrome/44.0.2403.157 Safari/537.36" 
104.130.160.233 - - [27/Aug/2015:16:14:53 -0700] "GET /robots.txt HTTP/1.1" 301 446 "-" "Tornado-Async-Client" 
104.130.160.233 - - [27/Aug/2015:16:14:53 -0700] "GET /robots.txt HTTP/1.1" 200 304 "-" "Tornado-Async-Client" 
104.130.160.233 - - [27/Aug/2015:16:14:53 -0700] "GET /honeypot/BSidesDFW%20-%202014.ipynb HTTP/1.1" 301 484 "-" "Tornado-Async-Client" 
104.130.160.233 - - [27/Aug/2015:16:14:53 -0700] "GET /honeypot/BSidesDFW%20-%202014.ipynb HTTP/1.1" 200 930780 "-" "Tornado-Async-Client" 
66.180.192.214 - - [27/Aug/2015:16:14:28 -0700] "GET /tg/a.zip HTTP/1.1" 200 66189337 "http://www.secrepo.com/" "Mozilla/5.0 (Macintosh; Intel Mac OS X 10_10_5) AppleWebKit/537.36 (KHTML, like Gecko) Chrome/44.0.2403.157 Safari/537.36" 
188.32.139.243 - - [27/Aug/2015:16:20:24 -0700] "GET /honeypot/BSidesDFW%20-%202014.ipynb HTTP/1.1" 418 695 "-" "Mozilla/4.0 (compatible; MSIE 6.0; Windows NT 5.1; SV1)" 
201.217.50.170 - - [27/Aug/2015:17:00:29 -0700] "GET / HTTP/1.1" 301 483 "http://success-seo.com/try.php?u=http://secrepo.com" "Mozilla/5.0 (Windows NT 6.1; WOW64) AppleWebKit/537.36 (KHTML, like Gecko) Chrome/32.0.1700.107 Safari/537.36" 
201.217.50.170 - - [27/Aug/2015:17:00:31 -0700] "GET / HTTP/1.1" 200 7347 "http://success-seo.com/try.php?u=http://secrepo.com" "Mozilla/5.0 (Windows NT 6.1; WOW64) AppleWebKit/537.36 (KHTML, like Gecko) Chrome/32.0.1700.107 Safari/537.36" 
201.217.50.170 - - [27/Aug/2015:17:00:34 -0700] "GET /twitter-icon.png HTTP/1.1" 200 27788 "http://www.secrepo.com/" "Mozilla/5.0 (Windows NT 6.1; WOW64) AppleWebKit/537.36 (KHTML, like Gecko) Chrome/32.0.1700.107 Safari/537.36" 
201.217.50.170 - - [27/Aug/2015:17:00:35 -0700] "GET /GitHub-Mark.png HTTP/1.1" 200 7428 "http://www.secrepo.com/" "Mozilla/5.0 (Windows NT 6.1; WOW64) AppleWebKit/537.36 (KHTML, like Gecko) Chrome/32.0.1700.107 Safari/537.36" 
157.55.39.98 - - [27/Aug/2015:17:05:14 -0700] "GET /robots.txt HTTP/1.1" 200 289 "-" "Mozilla/5.0 (compatible; bingbot/2.0; +http://www.bing.com/bingbot.htm)" 
192.187.113.250 - - [27/Aug/2015:17:07:57 -0700] "GET /honeypot/Honeypot%20-%20Howto.pdf HTTP/1.1" 200 1279418 "-" "Mozilla/4.0 (compatible; MSIE 6.0; Windows NT 5.1; SV1; Mozilla/4.0 (compatible; MSIE 6.0; Windows NT 5.1; SV1) ; .NET CLR 1.0.3705)" 
192.187.113.250 - - [27/Aug/2015:17:16:59 -0700] "GET /honeypot/Honeypot%20-%20Howto%20-%20BSides%20Austin.pdf HTTP/1.1" 200 1532186 "-" "Mozilla/4.0 (compatible; MSIE 6.0; Windows NT 5.1; SV1; Mozilla/4.0 (compatible; MSIE 6.0; Windows NT 5.1; SV1) ; .NET CLR 1.0.3705)" 
192.187.113.250 - - [27/Aug/2015:17:21:30 -0700] "GET /honeypot/Honeypot%20-%20Howto.pdf HTTP/1.1" 418 584 "-" "Mozilla/4.0 (compatible; MSIE 6.0; Windows NT 5.1; SV1)" 
192.187.113.250 - - [27/Aug/2015:17:26:48 -0700] "GET /honeypot/Honeypot%20-%20Howto%20-%20BSides%20Austin.pdf HTTP/1.1" 200 1506720 "-" "Mozilla/4.0 (compatible; MSIE 6.0; Windows NT 5.1; SV1; Mozilla/4.0 (compatible; MSIE 6.0; Windows NT 5.1; SV1) ; .NET CLR 2.0.50727 ; .NET CLR 4.0.30319)" 
188.165.15.239 - - [27/Aug/2015:17:28:17 -0700] "GET /self.logs/?C=S;O=D HTTP/1.1" 200 5156 "-" "Mozilla/5.0 (compatible; AhrefsBot/5.0; +http://ahrefs.com/robot/)" 
172.241.201.191 - - [27/Aug/2015:17:34:24 -0700] "GET /honeypot/BSidesDFW - 2014.ipynb HTTP/1.0" 404 303 "http://www.secrepo.com/" "Mozilla/5.0 (Windows NT 6.1; WOW64) AppleWebKit/537.36 (KHTML, like Gecko) Chrome/39.0.2171.95 Safari/537.36 OPR/26.0.1656.60" 
172.241.201.191 - - [27/Aug/2015:17:34:25 -0700] "GET / HTTP/1.1" 200 7347 "http://www.secrepo.com" "Mozilla/5.0 (Windows NT 6.1; WOW64) AppleWebKit/537.36 (KHTML, like Gecko) Chrome/39.0.2171.95 Safari/537.36 OPR/26.0.1656.60" 
192.187.113.250 - - [27/Aug/2015:17:47:44 -0700] "GET / HTTP/1.1" 301 483 "-" "Mozilla/4.0 (compatible; MSIE 6.0; Windows NT 5.1; SV1; Mozilla/4.0 (compatible; MSIE 6.0; Windows NT 5.1; SV1) ; .NET CLR 2.0.50727 ; .NET CLR 4.0.30319)" 
192.187.113.250 - - [27/Aug/2015:17:47:46 -0700] "GET / HTTP/1.1" 200 7347 "-" "Mozilla/4.0 (compatible; MSIE 6.0; Windows NT 5.1; SV1; Mozilla/4.0 (compatible; MSIE 6.0; Windows NT 5.1; SV1) ; .NET CLR 2.0.50727 ; .NET CLR 4.0.30319)" 
192.187.113.250 - - [27/Aug/2015:18:32:50 -0700] "GET /honeypot/Honeypot%20-%20Howto.pdf HTTP/1.1" 200 1279418 "-" "Mozilla/4.0 (compatible; MSIE 6.0; Windows NT 5.1; SV1; Mozilla/4.0 (compatible; MSIE 6.0; Windows NT 5.1; SV1) ; .NET CLR 1.0.3705)" 
192.187.113.250 - - [27/Aug/2015:18:41:13 -0700] "GET /honeypot/Honeypot%20-%20Howto%20-%20BSides%20Austin.pdf HTTP/1.1" 418 584 "-" "Mozilla/4.0 (compatible; MSIE 6.0; Windows NT 5.1; SV1)" 
104.151.241.55 - - [27/Aug/2015:18:44:21 -0700] "GET /honeypot/Honeypot - Howto.pdf HTTP/1.0" 404 303 "http://www.secrepo.com/" "Mozilla/5.0 (Windows NT 6.1; WOW64) AppleWebKit/537.36 (KHTML, like Gecko) Chrome/39.0.2171.95 Safari/537.36 OPR/26.0.1656.60" 
104.151.241.55 - - [27/Aug/2015:18:44:21 -0700] "GET / HTTP/1.1" 200 7347 "http://www.secrepo.com" "Mozilla/5.0 (Windows NT 6.1; WOW64) AppleWebKit/537.36 (KHTML, like Gecko) Chrome/39.0.2171.95 Safari/537.36 OPR/26.0.1656.60" 
66.249.64.150 - - [27/Aug/2015:18:44:44 -0700] "GET / HTTP/1.1" 200 7347 "-" "Mozilla/5.0 (compatible; Googlebot/2.1; +http://www.google.com/bot.html)" 
77.75.77.17 - - [27/Aug/2015:18:50:48 -0700] "GET /robots.txt HTTP/1.1" 200 334 "-" "Mozilla/5.0 (compatible; SeznamBot/3.2; +http://fulltext.sblog.cz/)" 
77.75.77.17 - - [27/Aug/2015:18:50:49 -0700] "GET /tg/tg_snort_fast.7z HTTP/1.1" 200 4274092 "-" "Mozilla/5.0 (compatible; SeznamBot/3.2; +http://fulltext.sblog.cz/)" 
77.75.77.17 - - [27/Aug/2015:18:50:54 -0700] "GET /self.logs/access.log.2015-05-01.gz HTTP/1.1" 200 4487 "-" "Mozilla/5.0 (compatible; SeznamBot/3.2; +http://fulltext.sblog.cz/)" 
77.75.77.17 - - [27/Aug/2015:18:50:54 -0700] "GET /self.logs/error.log.2015-02-09.gz HTTP/1.1" 200 1295 "-" "Mozilla/5.0 (compatible; SeznamBot/3.2; +http://fulltext.sblog.cz/)" 
77.75.77.17 - - [27/Aug/2015:18:50:55 -0700] "GET /self.logs/access.log.2015-05-04.gz HTTP/1.1" 200 3864 "-" "Mozilla/5.0 (compatible; SeznamBot/3.2; +http://fulltext.sblog.cz/)" 
77.75.77.17 - - [27/Aug/2015:18:50:55 -0700] "GET /self.logs/error.log.2015-07-10.gz HTTP/1.1" 200 902 "-" "Mozilla/5.0 (compatible; SeznamBot/3.2; +http://fulltext.sblog.cz/)" 
77.75.77.17 - - [27/Aug/2015:18:50:55 -0700] "GET /self.logs/access.log.2015-05-26.gz HTTP/1.1" 200 4428 "-" "Mozilla/5.0 (compatible; SeznamBot/3.2; +http://fulltext.sblog.cz/)" 
77.75.77.17 - - [27/Aug/2015:18:50:56 -0700] "GET /self.logs/access.log.2015-05-05.gz HTTP/1.1" 200 4442 "-" "Mozilla/5.0 (compatible; SeznamBot/3.2; +http://fulltext.sblog.cz/)" 
77.75.77.17 - - [27/Aug/2015:18:50:56 -0700] "GET /self.logs/error.log.2015-01-27.gz HTTP/1.1" 200 671 "-" "Mozilla/5.0 (compatible; SeznamBot/3.2; +http://fulltext.sblog.cz/)" 
77.75.77.17 - - [27/Aug/2015:18:50:57 -0700] "GET /self.logs/access.log.2015-05-12.gz HTTP/1.1" 200 4421 "-" "Mozilla/5.0 (compatible; SeznamBot/3.2; +http://fulltext.sblog.cz/)" 
77.75.77.17 - - [27/Aug/2015:18:50:57 -0700] "GET /self.logs/error.log.2015-07-11.gz HTTP/1.1" 200 950 "-" "Mozilla/5.0 (compatible; SeznamBot/3.2; +http://fulltext.sblog.cz/)" 
77.75.77.17 - - [27/Aug/2015:18:50:57 -0700] "GET /self.logs/error.log.2015-07-27.gz HTTP/1.1" 200 793 "-" "Mozilla/5.0 (compatible; SeznamBot/3.2; +http://fulltext.sblog.cz/)" 
192.187.113.250 - - [27/Aug/2015:18:51:37 -0700] "GET /honeypot/Honeypot%20-%20Howto.pdf HTTP/1.1" 200 1279418 "-" "Mozilla/4.0 (compatible; MSIE 6.0; Windows NT 5.1; SV1; Mozilla/4.0 (compatible; MSIE 6.0; Windows NT 5.1; SV1) ; .NET CLR 1.0.3705)" 
192.187.113.250 - - [27/Aug/2015:18:57:25 -0700] "GET /honeypot/Honeypot%20-%20Howto%20-%20BSides%20Austin.pdf HTTP/1.1" 200 1246840 "-" "Mozilla/4.0 (compatible; MSIE 6.0; Windows NT 5.1)" 
157.55.39.98 - - [27/Aug/2015:18:58:40 -0700] "GET /honeypot/Honeypot%20-%20Howto%20-%20BSides%20Austin.pdf HTTP/1.1" 200 2928460 "-" "Mozilla/5.0 (iPhone; CPU iPhone OS 7_0 like Mac OS X) AppleWebKit/537.51.1 (KHTML, like Gecko) Version/7.0 Mobile/11A465 Safari/9537.53 (compatible; bingbot/2.0;  http://www.bing.com/bingbot.htm)" 
54.185.19.210 - - [27/Aug/2015:19:00:40 -0700] "HEAD / HTTP/1.1" 200 281 "-" "Apache-HttpClient/4.3.5 (java 1.5)" 
54.185.19.210 - - [27/Aug/2015:19:00:41 -0700] "GET / HTTP/1.1" 200 7310 "-" "Apache-HttpClient/4.3.5 (java 1.5)" 
178.234.83.26 - - [27/Aug/2015:19:11:43 -0700] "GET /inc/fckeditor/editor/filemanager/connectors/uploadtest.html HTTP/1.1" 418 547 "http://www.secrepo.com/inc/fckeditor/editor/filemanager/connectors/uploadtest.html" "Mozilla/4.0 (compatible; MSIE 6.0; Windows NT 5.1; SV1)" 
178.234.83.26 - - [27/Aug/2015:19:11:43 -0700] "GET /admin/fckeditor/editor/filemanager/connectors/uploadtest.html HTTP/1.1" 418 547 "http://www.secrepo.com/admin/fckeditor/editor/filemanager/connectors/uploadtest.html" "Mozilla/4.0 (compatible; MSIE 6.0; Windows NT 5.1; SV1)" 
178.234.83.26 - - [27/Aug/2015:19:11:43 -0700] "GET /assets/fckeditor/editor/filemanager/connectors/uploadtest.html HTTP/1.1" 418 547 "http://www.secrepo.com/assets/fckeditor/editor/filemanager/connectors/uploadtest.html" "Mozilla/4.0 (compatible; MSIE 6.0; Windows NT 5.1; SV1)" 
178.234.83.26 - - [27/Aug/2015:19:11:43 -0700] "GET /core_main/editor/editor/filemanager/connectors/uploadtest.html HTTP/1.1" 418 547 "http://www.secrepo.com/core_main/editor/editor/filemanager/connectors/uploadtest.html" "Mozilla/4.0 (compatible; MSIE 6.0; Windows NT 5.1; SV1)" 
178.234.83.26 - - [27/Aug/2015:19:11:43 -0700] "GET /lib/fckeditor/editor/filemanager/connectors/uploadtest.html HTTP/1.1" 418 547 "http://www.secrepo.com/lib/fckeditor/editor/filemanager/connectors/uploadtest.html" "Mozilla/4.0 (compatible; MSIE 6.0; Windows NT 5.1; SV1)" 
188.165.15.239 - - [27/Aug/2015:19:28:13 -0700] "GET /self.logs/access.log.2015-08-13.gz HTTP/1.1" 200 4603 "-" "Mozilla/5.0 (compatible; AhrefsBot/5.0; +http://ahrefs.com/robot/)" 
192.187.113.250 - - [27/Aug/2015:19:50:02 -0700] "GET / HTTP/1.1" 301 483 "-" "Mozilla/4.0 (compatible; MSIE 6.0; Windows NT 5.1; SV1; Mozilla/4.0 (compatible; MSIE 6.0; Windows NT 5.1; SV1) ; .NET CLR 2.0.50727 ; .NET CLR 4.0.30319)" 
192.187.113.250 - - [27/Aug/2015:19:50:05 -0700] "GET / HTTP/1.1" 200 7347 "-" "Mozilla/4.0 (compatible; MSIE 6.0; Windows NT 5.1; SV1; Mozilla/4.0 (compatible; MSIE 6.0; Windows NT 5.1; SV1) ; .NET CLR 2.0.50727 ; .NET CLR 4.0.30319)" 
104.251.93.139 - - [27/Aug/2015:20:01:04 -0700] "GET /honeypot/Honeypot - Howto.pdf HTTP/1.0" 404 303 "http://www.secrepo.com/" "Mozilla/5.0 (Windows NT 6.1; WOW64) AppleWebKit/537.36 (KHTML, like Gecko) Chrome/39.0.2171.95 Safari/537.36 OPR/26.0.1656.60" 
104.251.93.139 - - [27/Aug/2015:20:01:05 -0700] "GET / HTTP/1.1" 200 7347 "http://www.secrepo.com" "Mozilla/5.0 (Windows NT 6.1; WOW64) AppleWebKit/537.36 (KHTML, like Gecko) Chrome/39.0.2171.95 Safari/537.36 OPR/26.0.1656.60" 
188.165.15.239 - - [27/Aug/2015:20:01:44 -0700] "GET /self.logs/error.log.2015-07-09.gz HTTP/1.1" 200 1240 "-" "Mozilla/5.0 (compatible; AhrefsBot/5.0; +http://ahrefs.com/robot/)" 
192.187.113.250 - - [27/Aug/2015:20:04:04 -0700] "GET /honeypot/Honeypot%20-%20Howto.pdf HTTP/1.1" 418 584 "-" "Mozilla/4.0 (compatible; MSIE 6.0; Windows NT 5.1; SV1)" 
192.187.113.250 - - [27/Aug/2015:20:04:04 -0700] "GET /honeypot/Honeypot%20-%20Howto.pdf HTTP/1.1" 200 1279418 "-" "Mozilla/4.0 (compatible; MSIE 6.0; Windows NT 5.1; SV1; Mozilla/4.0 (compatible; MSIE 6.0; Windows NT 5.1; SV1) ; .NET CLR 2.0.50727 ; .NET CLR 4.0.30319)" 
192.187.113.250 - - [27/Aug/2015:20:04:04 -0700] "GET /honeypot/Honeypot%20-%20Howto.pdf HTTP/1.1" 200 1279418 "-" "Mozilla/4.0 (compatible; MSIE 6.0; Windows NT 5.1)" 
