166.137.240.108 - - [11/Oct/2016:11:46:47 -0700] "GET /bootstrap/img/favicon.ico HTTP/1.1" 200 590 "-" "Mozilla/5.0 (iPad; CPU OS 10_0_2 like Mac OS X) AppleWebKit/602.1.50 (KHTML, like Gecko) FxiOS/5.3 Mobile/14A456 Safari/602.1.50" 
164.132.161.57 - - [11/Oct/2016:12:00:58 -0700] "GET /self.logs/error.log.2015-09-22.gz HTTP/1.1" 200 837 "-" "Mozilla/5.0 (compatible; AhrefsBot/5.1; +http://ahrefs.com/robot/)" 
181.214.58.114 - - [11/Oct/2016:12:02:47 -0700] "HEAD /wp/wp-login.php HTTP/1.1" 301 249 "-" "Mechanize/2.7.3 Ruby/1.9.3p551 (http://github.com/sparklemotion/mechanize/)" 
181.214.58.114 - - [11/Oct/2016:12:02:47 -0700] "HEAD /wp/wp-login.php HTTP/1.1" 404 264 "-" "Mechanize/2.7.3 Ruby/1.9.3p551 (http://github.com/sparklemotion/mechanize/)" 
131.137.78.7 - - [11/Oct/2016:12:04:18 -0700] "GET / HTTP/1.1" 200 10046 "https://www.google.ca" "Mozilla/5.0 (X11; Linux x86_64; rv:38.0) Gecko/20100101 Firefox/38.0" 
131.137.78.7 - - [11/Oct/2016:12:04:20 -0700] "GET /twitter-icon.png HTTP/1.1" 200 27787 "http://www.secrepo.com/" "Mozilla/5.0 (X11; Linux x86_64; rv:38.0) Gecko/20100101 Firefox/38.0" 
131.137.78.7 - - [11/Oct/2016:12:04:20 -0700] "GET /bootstrap/img/favicon.ico HTTP/1.1" 200 590 "-" "Mozilla/5.0 (X11; Linux x86_64; rv:38.0) Gecko/20100101 Firefox/38.0" 
131.137.78.7 - - [11/Oct/2016:12:04:20 -0700] "GET /GitHub-Mark.png HTTP/1.1" 200 7428 "http://www.secrepo.com/" "Mozilla/5.0 (X11; Linux x86_64; rv:38.0) Gecko/20100101 Firefox/38.0" 
75.44.98.212 - - [11/Oct/2016:12:09:35 -0700] "GET /favicon.ico HTTP/1.1" 200 268 "http://www.secrepo.com/honeypot/Honeypot%20-%20Howto.pdf" "Mozilla/5.0 (Windows NT 10.0; Win64; x64) AppleWebKit/537.36 (KHTML, like Gecko) Chrome/53.0.2785.143 Safari/537.36" 
75.44.98.212 - - [11/Oct/2016:12:09:35 -0700] "GET /honeypot/Honeypot%20-%20Howto.pdf HTTP/1.1" 200 417560 "https://www.google.com/" "Mozilla/5.0 (Windows NT 10.0; Win64; x64) AppleWebKit/537.36 (KHTML, like Gecko) Chrome/53.0.2785.143 Safari/537.36" 
75.44.98.212 - - [11/Oct/2016:12:09:36 -0700] "GET /honeypot/Honeypot%20-%20Howto.pdf HTTP/1.1" 206 1108937 "http://www.secrepo.com/honeypot/Honeypot%20-%20Howto.pdf" "Mozilla/5.0 (Windows NT 10.0; Win64; x64) AppleWebKit/537.36 (KHTML, like Gecko) Chrome/53.0.2785.143 Safari/537.36" 
66.249.64.189 - - [11/Oct/2016:12:11:30 -0700] "GET / HTTP/1.1" 200 10046 "-" "DoCoMo/2.0 N905i(c100;TB;W24H16) (compatible; Googlebot-Mobile/2.1; +http://www.google.com/bot.html)" 
24.61.44.136 - - [11/Oct/2016:12:22:35 -0700] "GET / HTTP/1.1" 200 10046 "-" "Mozilla/5.0 (Windows NT 10.0; WOW64) AppleWebKit/537.36 (KHTML, like Gecko) Chrome/53.0.2785.143 Safari/537.36" 
24.61.44.136 - - [11/Oct/2016:12:22:35 -0700] "GET /twitter-icon.png HTTP/1.1" 200 27787 "http://www.secrepo.com/" "Mozilla/5.0 (Windows NT 10.0; WOW64) AppleWebKit/537.36 (KHTML, like Gecko) Chrome/53.0.2785.143 Safari/537.36" 
24.61.44.136 - - [11/Oct/2016:12:22:35 -0700] "GET /GitHub-Mark.png HTTP/1.1" 200 7428 "http://www.secrepo.com/" "Mozilla/5.0 (Windows NT 10.0; WOW64) AppleWebKit/537.36 (KHTML, like Gecko) Chrome/53.0.2785.143 Safari/537.36" 
137.22.168.249 - - [11/Oct/2016:12:22:45 -0700] "GET / HTTP/1.1" 200 10046 "https://www.google.com/" "Mozilla/5.0 (Windows NT 10.0; Win64; x64) AppleWebKit/537.36 (KHTML, like Gecko) Chrome/53.0.2785.143 Safari/537.36" 
137.22.168.249 - - [11/Oct/2016:12:22:45 -0700] "GET /twitter-icon.png HTTP/1.1" 200 27787 "http://www.secrepo.com/" "Mozilla/5.0 (Windows NT 10.0; Win64; x64) AppleWebKit/537.36 (KHTML, like Gecko) Chrome/53.0.2785.143 Safari/537.36" 
137.22.168.249 - - [11/Oct/2016:12:22:45 -0700] "GET /GitHub-Mark.png HTTP/1.1" 200 7428 "http://www.secrepo.com/" "Mozilla/5.0 (Windows NT 10.0; Win64; x64) AppleWebKit/537.36 (KHTML, like Gecko) Chrome/53.0.2785.143 Safari/537.36" 
137.22.168.249 - - [11/Oct/2016:12:22:46 -0700] "GET /bootstrap/img/favicon.ico HTTP/1.1" 200 589 "http://www.secrepo.com/" "Mozilla/5.0 (Windows NT 10.0; Win64; x64) AppleWebKit/537.36 (KHTML, like Gecko) Chrome/53.0.2785.143 Safari/537.36" 
134.170.149.1 - - [11/Oct/2016:12:22:53 -0700] "GET / HTTP/1.1" 200 33494 "-" "Mozilla/5.0 (Macintosh; Intel Mac OS X 10_10_2) AppleWebKit/537.36 (KHTML, like Gecko) Chrome/40.0.2214.111 Safari/537.36" 
136.160.90.33 - - [11/Oct/2016:12:27:41 -0700] "GET / HTTP/1.1" 200 10046 "https://www.google.com/" "Mozilla/5.0 (Windows NT 6.1; WOW64) AppleWebKit/537.36 (KHTML, like Gecko) Chrome/53.0.2785.143 Safari/537.36" 
136.160.90.33 - - [11/Oct/2016:12:27:43 -0700] "GET /GitHub-Mark.png HTTP/1.1" 200 7428 "http://www.secrepo.com/" "Mozilla/5.0 (Windows NT 6.1; WOW64) AppleWebKit/537.36 (KHTML, like Gecko) Chrome/53.0.2785.143 Safari/537.36" 
136.160.90.33 - - [11/Oct/2016:12:27:43 -0700] "GET /twitter-icon.png HTTP/1.1" 200 27787 "http://www.secrepo.com/" "Mozilla/5.0 (Windows NT 6.1; WOW64) AppleWebKit/537.36 (KHTML, like Gecko) Chrome/53.0.2785.143 Safari/537.36" 
136.160.90.33 - - [11/Oct/2016:12:27:44 -0700] "GET /bootstrap/img/favicon.ico HTTP/1.1" 200 589 "http://www.secrepo.com/" "Mozilla/5.0 (Windows NT 6.1; WOW64) AppleWebKit/537.36 (KHTML, like Gecko) Chrome/53.0.2785.143 Safari/537.36" 
164.132.161.85 - - [11/Oct/2016:12:29:07 -0700] "GET /self.logs/error.log.2016-04-17.gz HTTP/1.1" 200 806 "-" "Mozilla/5.0 (compatible; AhrefsBot/5.1; +http://ahrefs.com/robot/)" 
217.69.133.241 - - [11/Oct/2016:12:41:22 -0700] "GET /robots.txt HTTP/1.0" 200 252 "-" "Mozilla/5.0 (compatible; Linux x86_64; Mail.RU_Bot/2.0; +http://go.mail.ru/help/robots)" 
217.69.133.241 - - [11/Oct/2016:12:41:24 -0700] "GET /self.logs/?C=D;O=A HTTP/1.1" 200 13039 "-" "Mozilla/5.0 (compatible; Linux x86_64; Mail.RU_Bot/2.0; +http://go.mail.ru/help/robots)" 
217.69.133.190 - - [11/Oct/2016:12:41:39 -0700] "GET /tg/tg_snort_fast.7z HTTP/1.1" 200 4274082 "-" "Mozilla/5.0 (compatible; Linux x86_64; Mail.RU_Bot/2.0; +http://go.mail.ru/help/robots)" 
51.255.65.86 - - [11/Oct/2016:12:55:24 -0700] "GET /self.logs/access.log.2015-06-07.gz HTTP/1.1" 200 3396 "-" "Mozilla/5.0 (compatible; AhrefsBot/5.1; +http://ahrefs.com/robot/)" 
128.29.43.2 - - [11/Oct/2016:13:04:05 -0700] "GET / HTTP/1.1" 200 10046 "-" "Mozilla/5.0 (Windows NT 6.1; WOW64; Trident/7.0; rv:11.0) like Gecko" 
128.29.43.2 - - [11/Oct/2016:13:04:05 -0700] "GET /twitter-icon.png HTTP/1.1" 304 165 "http://www.secrepo.com/" "Mozilla/5.0 (Windows NT 6.1; WOW64; Trident/7.0; rv:11.0) like Gecko" 
128.29.43.2 - - [11/Oct/2016:13:04:05 -0700] "GET /GitHub-Mark.png HTTP/1.1" 304 166 "http://www.secrepo.com/" "Mozilla/5.0 (Windows NT 6.1; WOW64; Trident/7.0; rv:11.0) like Gecko" 
128.29.43.2 - - [11/Oct/2016:13:04:05 -0700] "GET /bootstrap/img/favicon.ico HTTP/1.1" 304 165 "-" "Mozilla/5.0 (Windows NT 6.1; Win64; x64; Trident/7.0; rv:11.0) like Gecko" 
204.107.141.240 - - [11/Oct/2016:13:35:49 -0700] "GET / HTTP/1.1" 200 10046 "-" "Mozilla/5.0 (Macintosh; Intel Mac OS X 10_11_6) AppleWebKit/537.36 (KHTML, like Gecko) Chrome/53.0.2785.116 Safari/537.36" 
204.107.141.240 - - [11/Oct/2016:13:35:51 -0700] "GET /GitHub-Mark.png HTTP/1.1" 200 7428 "http://www.secrepo.com/" "Mozilla/5.0 (Macintosh; Intel Mac OS X 10_11_6) AppleWebKit/537.36 (KHTML, like Gecko) Chrome/53.0.2785.116 Safari/537.36" 
204.107.141.240 - - [11/Oct/2016:13:35:51 -0700] "GET /twitter-icon.png HTTP/1.1" 200 27787 "http://www.secrepo.com/" "Mozilla/5.0 (Macintosh; Intel Mac OS X 10_11_6) AppleWebKit/537.36 (KHTML, like Gecko) Chrome/53.0.2785.116 Safari/537.36" 
204.107.141.240 - - [11/Oct/2016:13:35:51 -0700] "GET /bootstrap/img/favicon.ico HTTP/1.1" 200 589 "http://www.secrepo.com/" "Mozilla/5.0 (Macintosh; Intel Mac OS X 10_11_6) AppleWebKit/537.36 (KHTML, like Gecko) Chrome/53.0.2785.116 Safari/537.36" 
86.245.238.204 - - [11/Oct/2016:13:43:13 -0700] "GET / HTTP/1.1" 200 10046 "https://www.google.fr/" "Mozilla/5.0 (Macintosh; Intel Mac OS X 10_12) AppleWebKit/602.1.50 (KHTML, like Gecko) Version/10.0 Safari/602.1.50" 
86.245.238.204 - - [11/Oct/2016:13:43:13 -0700] "GET /twitter-icon.png HTTP/1.1" 200 27787 "http://www.secrepo.com/" "Mozilla/5.0 (Macintosh; Intel Mac OS X 10_12) AppleWebKit/602.1.50 (KHTML, like Gecko) Version/10.0 Safari/602.1.50" 
86.245.238.204 - - [11/Oct/2016:13:43:13 -0700] "GET /GitHub-Mark.png HTTP/1.1" 200 7428 "http://www.secrepo.com/" "Mozilla/5.0 (Macintosh; Intel Mac OS X 10_12) AppleWebKit/602.1.50 (KHTML, like Gecko) Version/10.0 Safari/602.1.50" 
86.245.238.204 - - [11/Oct/2016:13:43:13 -0700] "GET /bootstrap/img/favicon.ico HTTP/1.1" 200 590 "http://www.secrepo.com/" "Mozilla/5.0 (Macintosh; Intel Mac OS X 10_12) AppleWebKit/602.1.50 (KHTML, like Gecko) Version/10.0 Safari/602.1.50" 
173.226.127.2 - - [11/Oct/2016:13:44:33 -0700] "GET / HTTP/1.1" 200 10046 "-" "Mozilla/5.0 (Macintosh; Intel Mac OS X 10_12_0) AppleWebKit/537.36 (KHTML, like Gecko) Chrome/53.0.2785.143 Safari/537.36" 
173.226.127.2 - - [11/Oct/2016:13:44:33 -0700] "GET /twitter-icon.png HTTP/1.1" 200 27787 "http://www.secrepo.com/" "Mozilla/5.0 (Macintosh; Intel Mac OS X 10_12_0) AppleWebKit/537.36 (KHTML, like Gecko) Chrome/53.0.2785.143 Safari/537.36" 
173.226.127.2 - - [11/Oct/2016:13:44:33 -0700] "GET /GitHub-Mark.png HTTP/1.1" 200 7428 "http://www.secrepo.com/" "Mozilla/5.0 (Macintosh; Intel Mac OS X 10_12_0) AppleWebKit/537.36 (KHTML, like Gecko) Chrome/53.0.2785.143 Safari/537.36" 
173.226.127.2 - - [11/Oct/2016:13:44:33 -0700] "GET /bootstrap/img/favicon.ico HTTP/1.1" 200 589 "http://www.secrepo.com/" "Mozilla/5.0 (Macintosh; Intel Mac OS X 10_12_0) AppleWebKit/537.36 (KHTML, like Gecko) Chrome/53.0.2785.143 Safari/537.36" 
72.21.196.64 - - [11/Oct/2016:13:46:04 -0700] "GET / HTTP/1.1" 200 10046 "https://www.google.com/" "Mozilla/5.0 (Macintosh; Intel Mac OS X 10_10_5) AppleWebKit/537.36 (KHTML, like Gecko) Chrome/53.0.2785.116 Safari/537.36" 
72.21.196.64 - - [11/Oct/2016:13:46:05 -0700] "GET /twitter-icon.png HTTP/1.1" 200 27787 "http://www.secrepo.com/" "Mozilla/5.0 (Macintosh; Intel Mac OS X 10_10_5) AppleWebKit/537.36 (KHTML, like Gecko) Chrome/53.0.2785.116 Safari/537.36" 
72.21.196.64 - - [11/Oct/2016:13:46:05 -0700] "GET /GitHub-Mark.png HTTP/1.1" 200 7427 "http://www.secrepo.com/" "Mozilla/5.0 (Macintosh; Intel Mac OS X 10_10_5) AppleWebKit/537.36 (KHTML, like Gecko) Chrome/53.0.2785.116 Safari/537.36" 
72.21.196.64 - - [11/Oct/2016:13:46:08 -0700] "GET /bootstrap/img/favicon.ico HTTP/1.1" 200 590 "http://www.secrepo.com/" "Mozilla/5.0 (Macintosh; Intel Mac OS X 10_10_5) AppleWebKit/537.36 (KHTML, like Gecko) Chrome/53.0.2785.116 Safari/537.36" 
68.62.186.85 - - [11/Oct/2016:14:00:09 -0700] "GET / HTTP/1.1" 200 10046 "http://www.google.com/" "Mozilla/5.0 (Linux; Android 6.0.1; Nexus 6 Build/MOB31E) AppleWebKit/537.36 (KHTML, like Gecko) Chrome/53.0.2785.124 Mobile Safari/537.36" 
68.62.186.85 - - [11/Oct/2016:14:00:10 -0700] "GET /twitter-icon.png HTTP/1.1" 200 27787 "http://www.secrepo.com/" "Mozilla/5.0 (Linux; Android 6.0.1; Nexus 6 Build/MOB31E) AppleWebKit/537.36 (KHTML, like Gecko) Chrome/53.0.2785.124 Mobile Safari/537.36" 
68.62.186.85 - - [11/Oct/2016:14:00:10 -0700] "GET /GitHub-Mark.png HTTP/1.1" 200 7428 "http://www.secrepo.com/" "Mozilla/5.0 (Linux; Android 6.0.1; Nexus 6 Build/MOB31E) AppleWebKit/537.36 (KHTML, like Gecko) Chrome/53.0.2785.124 Mobile Safari/537.36" 
66.249.88.31 - - [11/Oct/2016:14:07:12 -0700] "GET / HTTP/1.1" 200 10046 "-" "Mozilla/5.0 (X11; Linux x86_64) AppleWebKit/537.36 (KHTML, like Gecko) Chrome/49.0.2623.75 Safari/537.36 Google Favicon" 
78.153.155.231 - - [11/Oct/2016:14:11:21 -0700] "GET / HTTP/1.1" 200 10046 "https://www.google.ru/" "Mozilla/5.0 (Macintosh; Intel Mac OS X 10_12) AppleWebKit/602.1.50 (KHTML, like Gecko) Version/10.0 Safari/602.1.50" 
78.153.155.231 - - [11/Oct/2016:14:11:21 -0700] "GET /twitter-icon.png HTTP/1.1" 200 27787 "http://www.secrepo.com/" "Mozilla/5.0 (Macintosh; Intel Mac OS X 10_12) AppleWebKit/602.1.50 (KHTML, like Gecko) Version/10.0 Safari/602.1.50" 
78.153.155.231 - - [11/Oct/2016:14:11:21 -0700] "GET /GitHub-Mark.png HTTP/1.1" 200 7428 "http://www.secrepo.com/" "Mozilla/5.0 (Macintosh; Intel Mac OS X 10_12) AppleWebKit/602.1.50 (KHTML, like Gecko) Version/10.0 Safari/602.1.50" 
78.153.155.231 - - [11/Oct/2016:14:11:23 -0700] "GET /bootstrap/img/favicon.ico HTTP/1.1" 200 590 "http://www.secrepo.com/" "Mozilla/5.0 (Macintosh; Intel Mac OS X 10_12) AppleWebKit/602.1.50 (KHTML, like Gecko) Version/10.0 Safari/602.1.50" 
192.243.55.131 - - [11/Oct/2016:14:18:38 -0700] "GET /self.logs/access.log.2015-07-11.gz HTTP/1.1" 200 3461 "-" "Mozilla/5.0 (compatible; SemrushBot/1.1~bl; +http://www.semrush.com/bot.html)" 
164.132.161.85 - - [11/Oct/2016:14:19:43 -0700] "GET /self.logs/error.log.2016-05-25.gz HTTP/1.1" 200 996 "-" "Mozilla/5.0 (compatible; AhrefsBot/5.1; +http://ahrefs.com/robot/)" 
192.243.55.138 - - [11/Oct/2016:14:20:39 -0700] "GET /self.logs/error.log.2015-05-29.gz HTTP/1.1" 200 717 "-" "Mozilla/5.0 (compatible; SemrushBot/1.1~bl; +http://www.semrush.com/bot.html)" 
192.243.55.136 - - [11/Oct/2016:14:24:44 -0700] "GET /self.logs/access.log.2015-09-23.gz HTTP/1.1" 200 5775 "-" "Mozilla/5.0 (compatible; SemrushBot/1.1~bl; +http://www.semrush.com/bot.html)" 
192.243.55.138 - - [11/Oct/2016:14:25:16 -0700] "GET /self.logs/error.log.2015-08-14.gz HTTP/1.1" 200 3179 "-" "Mozilla/5.0 (compatible; SemrushBot/1.1~bl; +http://www.semrush.com/bot.html)" 
51.255.65.8 - - [11/Oct/2016:14:26:09 -0700] "GET /self.logs/access.log.2015-02-09.gz HTTP/1.1" 200 4215 "-" "Mozilla/5.0 (compatible; AhrefsBot/5.1; +http://ahrefs.com/robot/)" 
157.55.39.136 - - [11/Oct/2016:14:27:20 -0700] "GET /robots.txt HTTP/1.1" 301 518 "-" "Mozilla/5.0 (compatible; bingbot/2.0; +http://www.bing.com/bingbot.htm)" 
157.55.39.136 - - [11/Oct/2016:14:27:21 -0700] "GET /robots.txt HTTP/1.1" 200 288 "-" "Mozilla/5.0 (compatible; bingbot/2.0; +http://www.bing.com/bingbot.htm)" 
192.243.55.137 - - [11/Oct/2016:14:28:05 -0700] "GET /self.logs/error.log.2016-05-08.gz HTTP/1.1" 200 663 "-" "Mozilla/5.0 (compatible; SemrushBot/1.1~bl; +http://www.semrush.com/bot.html)" 
163.172.65.206 - - [11/Oct/2016:14:28:34 -0700] "GET /self.logs/access.log.2015-10-15.gz HTTP/1.1" 200 9950 "-" "Mozilla/5.0 (compatible; AhrefsBot/5.1; +http://ahrefs.com/robot/)" 
192.243.55.137 - - [11/Oct/2016:14:29:10 -0700] "GET /self.logs/access.log.2015-09-05.gz HTTP/1.1" 200 2933 "-" "Mozilla/5.0 (compatible; SemrushBot/1.1~bl; +http://www.semrush.com/bot.html)" 
157.55.39.136 - - [11/Oct/2016:14:29:59 -0700] "GET / HTTP/1.1" 301 483 "-" "Mozilla/5.0 (compatible; bingbot/2.0; +http://www.bing.com/bingbot.htm)" 
120.209.196.59 - - [11/Oct/2016:14:30:43 -0700] "GET /maccdc2012/signatures.log.gz HTTP/1.1" 200 605 "-" "Mozilla/5.0 (Windows NT 6.1; Trident/7.0; rv:11.0) like Gecko" 
120.209.196.59 - - [11/Oct/2016:14:30:44 -0700] "POST /maccdc2012/signatures.log.gz/trackback/ HTTP/1.1" 404 303 "http://www.secrepo.com/maccdc2012/signatures.log.gz" "Mozilla/5.0 (Windows NT 6.1; Trident/7.0; rv:11.0) like Gecko" 
164.132.161.39 - - [11/Oct/2016:14:30:46 -0700] "GET /self.logs/access.log.2016-04-01.gz HTTP/1.1" 200 7615 "-" "Mozilla/5.0 (compatible; AhrefsBot/5.1; +http://ahrefs.com/robot/)" 
192.243.55.134 - - [11/Oct/2016:14:31:43 -0700] "GET /self.logs/error.log.2015-11-15.gz HTTP/1.1" 200 583 "-" "Mozilla/5.0 (compatible; SemrushBot/1.1~bl; +http://www.semrush.com/bot.html)" 
111.7.128.40 - - [11/Oct/2016:14:32:03 -0700] "GET /tg/a.zip HTTP/1.1" 304 132 "-" "Mozilla/5.0 Gecko/20100115 Firefox/3.6" 
192.243.55.129 - - [11/Oct/2016:14:32:11 -0700] "GET /self.logs/error.log.2016-02-23.gz HTTP/1.1" 200 801 "-" "Mozilla/5.0 (compatible; SemrushBot/1.1~bl; +http://www.semrush.com/bot.html)" 
192.243.55.134 - - [11/Oct/2016:14:32:48 -0700] "GET /self.logs/error.log.2015-03-07.gz HTTP/1.1" 200 1049 "-" "Mozilla/5.0 (compatible; SemrushBot/1.1~bl; +http://www.semrush.com/bot.html)" 
157.55.39.136 - - [11/Oct/2016:14:32:50 -0700] "GET / HTTP/1.1" 200 10046 "-" "Mozilla/5.0 (compatible; bingbot/2.0; +http://www.bing.com/bingbot.htm)" 
192.243.55.133 - - [11/Oct/2016:14:33:23 -0700] "GET /self.logs/error.log.2016-03-11.gz HTTP/1.1" 200 854 "-" "Mozilla/5.0 (compatible; SemrushBot/1.1~bl; +http://www.semrush.com/bot.html)" 
120.209.196.59 - - [11/Oct/2016:14:33:48 -0700] "GET /maccdc2012/ssl.log.gz HTTP/1.1" 200 980801 "-" "Mozilla/5.0 (Windows NT 6.1; Trident/7.0; rv:11.0) like Gecko" 
120.209.196.59 - - [11/Oct/2016:14:34:19 -0700] "POST /maccdc2012/ssl.log.gz/trackback/ HTTP/1.1" 404 303 "http://www.secrepo.com/maccdc2012/ssl.log.gz" "Mozilla/5.0 (Windows NT 6.1; Trident/7.0; rv:11.0) like Gecko" 
192.243.55.132 - - [11/Oct/2016:14:34:23 -0700] "GET /self.logs/access.log.2015-09-25.gz HTTP/1.1" 200 12376 "-" "Mozilla/5.0 (compatible; SemrushBot/1.1~bl; +http://www.semrush.com/bot.html)" 
192.243.55.136 - - [11/Oct/2016:14:37:05 -0700] "GET /self.logs/access.log.2015-11-06.gz HTTP/1.1" 200 8619 "-" "Mozilla/5.0 (compatible; SemrushBot/1.1~bl; +http://www.semrush.com/bot.html)" 
120.209.196.59 - - [11/Oct/2016:14:38:16 -0700] "GET /maccdc2012/tunnel.log.gz HTTP/1.1" 200 5229 "-" "Mozilla/5.0 (Windows NT 6.1; Trident/7.0; rv:11.0) like Gecko" 
120.209.196.59 - - [11/Oct/2016:14:38:17 -0700] "POST /maccdc2012/tunnel.log.gz/trackback/ HTTP/1.1" 404 303 "http://www.secrepo.com/maccdc2012/tunnel.log.gz" "Mozilla/5.0 (Windows NT 6.1; Trident/7.0; rv:11.0) like Gecko" 
192.243.55.136 - - [11/Oct/2016:14:38:44 -0700] "GET /self.logs/error.log.2015-06-28.gz HTTP/1.1" 200 3958 "-" "Mozilla/5.0 (compatible; SemrushBot/1.1~bl; +http://www.semrush.com/bot.html)" 
192.243.55.130 - - [11/Oct/2016:14:39:38 -0700] "GET /maccdc2012/tunnel.log.gz HTTP/1.1" 200 5192 "-" "Mozilla/5.0 (compatible; SemrushBot/1.1~bl; +http://www.semrush.com/bot.html)" 
192.243.55.129 - - [11/Oct/2016:14:39:58 -0700] "GET /self.logs/error.log.2016-04-28.gz HTTP/1.1" 200 760 "-" "Mozilla/5.0 (compatible; SemrushBot/1.1~bl; +http://www.semrush.com/bot.html)" 
192.243.55.134 - - [11/Oct/2016:14:42:12 -0700] "GET /self.logs/access.log.2015-06-26.gz HTTP/1.1" 200 4033 "-" "Mozilla/5.0 (compatible; SemrushBot/1.1~bl; +http://www.semrush.com/bot.html)" 
192.243.55.138 - - [11/Oct/2016:14:43:01 -0700] "GET /self.logs/error.log.2015-03-02.gz HTTP/1.1" 200 905 "-" "Mozilla/5.0 (compatible; SemrushBot/1.1~bl; +http://www.semrush.com/bot.html)" 
192.243.55.134 - - [11/Oct/2016:14:43:37 -0700] "GET /self.logs/access.log.2015-04-11.gz HTTP/1.1" 200 5501 "-" "Mozilla/5.0 (compatible; SemrushBot/1.1~bl; +http://www.semrush.com/bot.html)" 
192.243.55.134 - - [11/Oct/2016:14:44:10 -0700] "GET /self.logs/access.log.2015-05-08.gz HTTP/1.1" 200 4832 "-" "Mozilla/5.0 (compatible; SemrushBot/1.1~bl; +http://www.semrush.com/bot.html)" 
192.243.55.132 - - [11/Oct/2016:14:44:37 -0700] "GET /self.logs/error.log.2016-01-22 HTTP/1.1" 200 297 "-" "Mozilla/5.0 (compatible; SemrushBot/1.1~bl; +http://www.semrush.com/bot.html)" 
192.243.55.135 - - [11/Oct/2016:14:45:50 -0700] "GET /self.logs/access.log.2016-03-23.gz HTTP/1.1" 200 9785 "-" "Mozilla/5.0 (compatible; SemrushBot/1.1~bl; +http://www.semrush.com/bot.html)" 
192.243.55.131 - - [11/Oct/2016:14:48:05 -0700] "GET /self.logs/access.log.2015-10-12.gz HTTP/1.1" 200 7703 "-" "Mozilla/5.0 (compatible; SemrushBot/1.1~bl; +http://www.semrush.com/bot.html)" 
192.243.55.131 - - [11/Oct/2016:14:50:26 -0700] "GET /self.logs/access.log.2016-06-12.gz HTTP/1.1" 200 13536 "-" "Mozilla/5.0 (compatible; SemrushBot/1.1~bl; +http://www.semrush.com/bot.html)" 
192.243.55.136 - - [11/Oct/2016:14:50:55 -0700] "GET /self.logs/access.log.2016-05-28.gz HTTP/1.1" 200 7504 "-" "Mozilla/5.0 (compatible; SemrushBot/1.1~bl; +http://www.semrush.com/bot.html)" 
192.243.55.138 - - [11/Oct/2016:14:55:50 -0700] "GET /self.logs/error.log.2016-04-01.gz HTTP/1.1" 200 726 "-" "Mozilla/5.0 (compatible; SemrushBot/1.1~bl; +http://www.semrush.com/bot.html)" 
51.255.65.54 - - [11/Oct/2016:14:57:07 -0700] "GET /self.logs/error.log.2016-08-01.gz HTTP/1.1" 200 734 "-" "Mozilla/5.0 (compatible; AhrefsBot/5.1; +http://ahrefs.com/robot/)" 
192.243.55.133 - - [11/Oct/2016:14:57:31 -0700] "GET /self.logs/error.log.2015-10-11.gz HTTP/1.1" 200 833 "-" "Mozilla/5.0 (compatible; SemrushBot/1.1~bl; +http://www.semrush.com/bot.html)" 
192.243.55.136 - - [11/Oct/2016:14:58:18 -0700] "GET /self.logs/access.log.2015-12-06.gz HTTP/1.1" 200 9400 "-" "Mozilla/5.0 (compatible; SemrushBot/1.1~bl; +http://www.semrush.com/bot.html)" 
192.243.55.135 - - [11/Oct/2016:14:58:53 -0700] "GET /self.logs/access.log.2015-12-14.gz HTTP/1.1" 200 6566 "-" "Mozilla/5.0 (compatible; SemrushBot/1.1~bl; +http://www.semrush.com/bot.html)" 
163.172.66.47 - - [11/Oct/2016:15:00:34 -0700] "GET /self.logs/access.log.2016-05-26.gz HTTP/1.1" 200 8652 "-" "Mozilla/5.0 (compatible; AhrefsBot/5.1; +http://ahrefs.com/robot/)" 
192.243.55.134 - - [11/Oct/2016:15:01:10 -0700] "GET /self.logs/access.log.2015-08-02.gz HTTP/1.1" 200 4157 "-" "Mozilla/5.0 (compatible; SemrushBot/1.1~bl; +http://www.semrush.com/bot.html)" 
192.243.55.134 - - [11/Oct/2016:15:02:47 -0700] "GET /self.logs/error.log.2016-04-20.gz HTTP/1.1" 200 780 "-" "Mozilla/5.0 (compatible; SemrushBot/1.1~bl; +http://www.semrush.com/bot.html)" 
192.243.55.131 - - [11/Oct/2016:15:03:09 -0700] "GET /self.logs/error.log.2015-08-30.gz HTTP/1.1" 200 601 "-" "Mozilla/5.0 (compatible; SemrushBot/1.1~bl; +http://www.semrush.com/bot.html)" 
192.243.55.135 - - [11/Oct/2016:15:04:19 -0700] "GET /self.logs/error.log.2016-03-09.gz HTTP/1.1" 200 802 "-" "Mozilla/5.0 (compatible; SemrushBot/1.1~bl; +http://www.semrush.com/bot.html)" 
192.243.55.134 - - [11/Oct/2016:15:05:40 -0700] "GET /self.logs/access.log.2015-10-04.gz HTTP/1.1" 200 6105 "-" "Mozilla/5.0 (compatible; SemrushBot/1.1~bl; +http://www.semrush.com/bot.html)" 
192.243.55.134 - - [11/Oct/2016:15:05:40 -0700] "GET /self.logs/access.log.2015-10-04.gz HTTP/1.1" 200 6105 "-" "Mozilla/5.0 (compatible; SemrushBot/1.1~bl; +http://www.semrush.com/bot.html)" 
192.243.55.138 - - [11/Oct/2016:15:05:40 -0700] "GET /self.logs/access.log.2016-05-21.gz HTTP/1.1" 200 8004 "-" "Mozilla/5.0 (compatible; SemrushBot/1.1~bl; +http://www.semrush.com/bot.html)" 
192.243.55.134 - - [11/Oct/2016:15:06:39 -0700] "GET /self.logs/access.log.2015-10-09.gz HTTP/1.1" 200 7704 "-" "Mozilla/5.0 (compatible; SemrushBot/1.1~bl; +http://www.semrush.com/bot.html)" 
164.132.161.58 - - [11/Oct/2016:15:07:25 -0700] "GET /self.logs/error.log.2016-03-22.gz HTTP/1.1" 200 651 "-" "Mozilla/5.0 (compatible; AhrefsBot/5.1; +http://ahrefs.com/robot/)" 
192.243.55.129 - - [11/Oct/2016:15:08:15 -0700] "GET /self.logs/error.log.2015-05-01.gz HTTP/1.1" 200 900 "-" "Mozilla/5.0 (compatible; SemrushBot/1.1~bl; +http://www.semrush.com/bot.html)" 
192.243.55.130 - - [11/Oct/2016:15:10:05 -0700] "GET /self.logs/error.log.2016-02-16.gz HTTP/1.1" 200 673 "-" "Mozilla/5.0 (compatible; SemrushBot/1.1~bl; +http://www.semrush.com/bot.html)" 
192.243.55.133 - - [11/Oct/2016:15:10:13 -0700] "GET /self.logs/error.log.2016-01-21.gz HTTP/1.1" 200 511 "-" "Mozilla/5.0 (compatible; SemrushBot/1.1~bl; +http://www.semrush.com/bot.html)" 
120.209.196.59 - - [11/Oct/2016:15:12:33 -0700] "GET /self.logs/ HTTP/1.1" 200 13076 "-" "Mozilla/5.0 (Windows NT 6.1; Trident/7.0; rv:11.0) like Gecko" 
192.243.55.138 - - [11/Oct/2016:15:14:26 -0700] "GET /self.logs/error.log.2016-03-31.gz HTTP/1.1" 200 849 "-" "Mozilla/5.0 (compatible; SemrushBot/1.1~bl; +http://www.semrush.com/bot.html)" 
192.243.55.135 - - [11/Oct/2016:15:15:19 -0700] "GET /self.logs/error.log.2015-09-23.gz HTTP/1.1" 200 889 "-" "Mozilla/5.0 (compatible; SemrushBot/1.1~bl; +http://www.semrush.com/bot.html)" 
192.243.55.136 - - [11/Oct/2016:15:16:34 -0700] "GET /self.logs/access.log.2016-06-03.gz HTTP/1.1" 200 11551 "-" "Mozilla/5.0 (compatible; SemrushBot/1.1~bl; +http://www.semrush.com/bot.html)" 
192.243.55.136 - - [11/Oct/2016:15:17:18 -0700] "GET /self.logs/error.log.2016-02-05.gz HTTP/1.1" 200 729 "-" "Mozilla/5.0 (compatible; SemrushBot/1.1~bl; +http://www.semrush.com/bot.html)" 
192.243.55.133 - - [11/Oct/2016:15:19:41 -0700] "GET /self.logs/error.log.2015-09-02.gz HTTP/1.1" 200 527 "-" "Mozilla/5.0 (compatible; SemrushBot/1.1~bl; +http://www.semrush.com/bot.html)" 
192.243.55.134 - - [11/Oct/2016:15:20:02 -0700] "GET /self.logs/error.log.2015-09-12.gz HTTP/1.1" 200 578 "-" "Mozilla/5.0 (compatible; SemrushBot/1.1~bl; +http://www.semrush.com/bot.html)" 
192.243.55.138 - - [11/Oct/2016:15:21:00 -0700] "GET /self.logs/error.log.2016-02-02.gz HTTP/1.1" 200 694 "-" "Mozilla/5.0 (compatible; SemrushBot/1.1~bl; +http://www.semrush.com/bot.html)" 
192.243.55.135 - - [11/Oct/2016:15:21:25 -0700] "GET /self.logs/error.log.2015-06-20.gz HTTP/1.1" 200 563 "-" "Mozilla/5.0 (compatible; SemrushBot/1.1~bl; +http://www.semrush.com/bot.html)" 
24.113.122.82 - - [11/Oct/2016:15:21:33 -0700] "GET / HTTP/1.1" 200 10046 "http://www.mlsecproject.org/" "Mozilla/5.0 (Windows NT 10.0; WOW64) AppleWebKit/537.36 (KHTML, like Gecko) Chrome/53.0.2785.116 Safari/537.36" 
24.113.122.82 - - [11/Oct/2016:15:21:34 -0700] "GET /twitter-icon.png HTTP/1.1" 200 27787 "http://www.secrepo.com/" "Mozilla/5.0 (Windows NT 10.0; WOW64) AppleWebKit/537.36 (KHTML, like Gecko) Chrome/53.0.2785.116 Safari/537.36" 
24.113.122.82 - - [11/Oct/2016:15:21:34 -0700] "GET /GitHub-Mark.png HTTP/1.1" 200 7428 "http://www.secrepo.com/" "Mozilla/5.0 (Windows NT 10.0; WOW64) AppleWebKit/537.36 (KHTML, like Gecko) Chrome/53.0.2785.116 Safari/537.36" 
24.113.122.82 - - [11/Oct/2016:15:21:34 -0700] "GET /bootstrap/img/favicon.ico HTTP/1.1" 200 589 "http://www.secrepo.com/" "Mozilla/5.0 (Windows NT 10.0; WOW64) AppleWebKit/537.36 (KHTML, like Gecko) Chrome/53.0.2785.116 Safari/537.36" 
192.243.55.129 - - [11/Oct/2016:15:21:43 -0700] "GET /self.logs/error.log.2015-09-26.gz HTTP/1.1" 200 666 "-" "Mozilla/5.0 (compatible; SemrushBot/1.1~bl; +http://www.semrush.com/bot.html)" 
93.190.138.196 - - [11/Oct/2016:15:22:58 -0700] "GET / HTTP/1.1" 301 461 "-" "Googlebot/2.1 (+http://www.google.com/bot.html)" 
93.190.138.196 - - [11/Oct/2016:15:22:58 -0700] "GET / HTTP/1.1" 200 33494 "http://66.33.221.139/" "Googlebot/2.1 (+http://www.google.com/bot.html)" 
93.190.138.94 - - [11/Oct/2016:15:22:59 -0700] "GET /robots.txt HTTP/1.1" 301 481 "-" "Googlebot/2.1 (+http://www.google.com/bot.html)" 
93.190.138.94 - - [11/Oct/2016:15:22:59 -0700] "GET /robots.txt HTTP/1.1" 200 252 "http://66.33.221.139/robots.txt" "Googlebot/2.1 (+http://www.google.com/bot.html)" 
192.243.55.131 - - [11/Oct/2016:15:23:20 -0700] "GET /self.logs/error.log.2015-01-30.gz HTTP/1.1" 200 561 "-" "Mozilla/5.0 (compatible; SemrushBot/1.1~bl; +http://www.semrush.com/bot.html)" 
192.243.55.137 - - [11/Oct/2016:15:25:40 -0700] "GET /self.logs/error.log.2016-06-05.gz HTTP/1.1" 200 971 "-" "Mozilla/5.0 (compatible; SemrushBot/1.1~bl; +http://www.semrush.com/bot.html)" 
192.243.55.138 - - [11/Oct/2016:15:26:55 -0700] "GET /self.logs/access.log.2015-05-16.gz HTTP/1.1" 200 3651 "-" "Mozilla/5.0 (compatible; SemrushBot/1.1~bl; +http://www.semrush.com/bot.html)" 
192.243.55.137 - - [11/Oct/2016:15:27:20 -0700] "GET /self.logs/access.log.2015-04-09.gz HTTP/1.1" 200 3578 "-" "Mozilla/5.0 (compatible; SemrushBot/1.1~bl; +http://www.semrush.com/bot.html)" 
192.243.55.130 - - [11/Oct/2016:15:29:33 -0700] "GET /self.logs/error.log.2015-04-20.gz HTTP/1.1" 200 927 "-" "Mozilla/5.0 (compatible; SemrushBot/1.1~bl; +http://www.semrush.com/bot.html)" 
192.243.55.134 - - [11/Oct/2016:15:29:57 -0700] "GET /self.logs/access.log.2016-02-16.gz HTTP/1.1" 200 7143 "-" "Mozilla/5.0 (compatible; SemrushBot/1.1~bl; +http://www.semrush.com/bot.html)" 
192.243.55.130 - - [11/Oct/2016:15:30:38 -0700] "GET /self.logs/error.log.2015-08-02.gz HTTP/1.1" 200 667 "-" "Mozilla/5.0 (compatible; SemrushBot/1.1~bl; +http://www.semrush.com/bot.html)" 
164.132.161.4 - - [11/Oct/2016:15:31:55 -0700] "GET /self.logs/error.log.2015-10-17.gz HTTP/1.1" 200 775 "-" "Mozilla/5.0 (compatible; AhrefsBot/5.1; +http://ahrefs.com/robot/)" 
192.243.55.136 - - [11/Oct/2016:15:32:49 -0700] "GET /self.logs/access.log.2016-04-20.gz HTTP/1.1" 200 9351 "-" "Mozilla/5.0 (compatible; SemrushBot/1.1~bl; +http://www.semrush.com/bot.html)" 
66.249.64.129 - - [11/Oct/2016:15:33:17 -0700] "GET / HTTP/1.1" 200 10046 "-" "Mozilla/5.0 (compatible; Googlebot/2.1; +http://www.google.com/bot.html)" 
192.243.55.138 - - [11/Oct/2016:15:33:45 -0700] "GET /self.logs/access.log.2015-03-30.gz HTTP/1.1" 200 7984 "-" "Mozilla/5.0 (compatible; SemrushBot/1.1~bl; +http://www.semrush.com/bot.html)" 
2.30.245.181 - - [11/Oct/2016:15:34:52 -0700] "GET / HTTP/1.1" 200 10046 "-" "Mozilla/5.0 (Macintosh; Intel Mac OS X 10_10_5) AppleWebKit/600.8.9 (KHTML, like Gecko) Version/8.0.8 Safari/600.8.9" 
2.30.245.181 - - [11/Oct/2016:15:34:53 -0700] "GET /bootstrap/img/favicon.ico HTTP/1.1" 200 589 "http://www.secrepo.com/" "Mozilla/5.0 (Macintosh; Intel Mac OS X 10_10_5) AppleWebKit/600.8.9 (KHTML, like Gecko) Version/8.0.8 Safari/600.8.9" 
2.30.245.181 - - [11/Oct/2016:15:34:53 -0700] "GET / HTTP/1.1" 200 10045 "-" "Mozilla/5.0 (iPhone; CPU iPhone OS 8_1 like Mac OS X) AppleWebKit/600.1.4 (KHTML, like Gecko) Version/8.0 Mobile/12B410 Safari/600.1.4" 
2.30.245.181 - - [11/Oct/2016:15:34:54 -0700] "GET /apple-touch-icon-precomposed.png HTTP/1.1" 404 340 "-" "com.apple.WebKit.WebContent/10600.8.9 CFNetwork/720.5.7 Darwin/14.5.0 (x86_64)" 
2.30.245.181 - - [11/Oct/2016:15:34:54 -0700] "GET /apple-touch-icon.png HTTP/1.1" 404 339 "-" "com.apple.WebKit.WebContent/10600.8.9 CFNetwork/720.5.7 Darwin/14.5.0 (x86_64)" 
2.30.245.181 - - [11/Oct/2016:15:34:54 -0700] "GET / HTTP/1.1" 200 10045 "-" "Mozilla/5.0 (Macintosh; Intel Mac OS X 10_10_5) AppleWebKit/600.8.9 (KHTML, like Gecko) Version/8.0.8 Safari/600.8.9" 
2.30.245.181 - - [11/Oct/2016:15:34:59 -0700] "GET / HTTP/1.1" 200 10046 "-" "Mozilla/5.0 (iPhone; CPU iPhone OS 8_1 like Mac OS X) AppleWebKit/600.1.4 (KHTML, like Gecko) Version/8.0 Mobile/12B410 Safari/600.1.4" 
2.30.245.181 - - [11/Oct/2016:15:34:59 -0700] "GET /apple-touch-icon-precomposed.png HTTP/1.1" 404 340 "-" "com.apple.WebKit.WebContent/10600.8.9 CFNetwork/720.5.7 Darwin/14.5.0 (x86_64)" 
2.30.245.181 - - [11/Oct/2016:15:34:59 -0700] "GET /apple-touch-icon.png HTTP/1.1" 404 339 "-" "com.apple.WebKit.WebContent/10600.8.9 CFNetwork/720.5.7 Darwin/14.5.0 (x86_64)" 
192.243.55.137 - - [11/Oct/2016:15:36:57 -0700] "GET /self.logs/access.log.2016-01-22.gz HTTP/1.1" 200 5638 "-" "Mozilla/5.0 (compatible; SemrushBot/1.1~bl; +http://www.semrush.com/bot.html)" 
192.243.55.131 - - [11/Oct/2016:15:37:24 -0700] "GET /self.logs/access.log.2015-05-02.gz HTTP/1.1" 200 4126 "-" "Mozilla/5.0 (compatible; SemrushBot/1.1~bl; +http://www.semrush.com/bot.html)" 
98.218.148.37 - - [11/Oct/2016:15:37:38 -0700] "GET / HTTP/1.1" 200 10046 "http://www.mlsecproject.org/" "Mozilla/5.0 (Windows NT 10.0; Win64; x64) AppleWebKit/537.36 (KHTML, like Gecko) Chrome/53.0.2785.143 Safari/537.36" 
98.218.148.37 - - [11/Oct/2016:15:37:38 -0700] "GET /GitHub-Mark.png HTTP/1.1" 200 7428 "http://www.secrepo.com/" "Mozilla/5.0 (Windows NT 10.0; Win64; x64) AppleWebKit/537.36 (KHTML, like Gecko) Chrome/53.0.2785.143 Safari/537.36" 
98.218.148.37 - - [11/Oct/2016:15:37:38 -0700] "GET /twitter-icon.png HTTP/1.1" 200 27787 "http://www.secrepo.com/" "Mozilla/5.0 (Windows NT 10.0; Win64; x64) AppleWebKit/537.36 (KHTML, like Gecko) Chrome/53.0.2785.143 Safari/537.36" 
98.218.148.37 - - [11/Oct/2016:15:37:39 -0700] "GET /bootstrap/img/favicon.ico HTTP/1.1" 200 589 "http://www.secrepo.com/" "Mozilla/5.0 (Windows NT 10.0; Win64; x64) AppleWebKit/537.36 (KHTML, like Gecko) Chrome/53.0.2785.143 Safari/537.36" 
192.243.55.130 - - [11/Oct/2016:15:38:40 -0700] "GET /self.logs/access.log.2015-05-21.gz HTTP/1.1" 200 4947 "-" "Mozilla/5.0 (compatible; SemrushBot/1.1~bl; +http://www.semrush.com/bot.html)" 
192.243.55.137 - - [11/Oct/2016:15:38:45 -0700] "GET /self.logs/error.log.2015-03-20.gz HTTP/1.1" 200 902 "-" "Mozilla/5.0 (compatible; SemrushBot/1.1~bl; +http://www.semrush.com/bot.html)" 
192.243.55.134 - - [11/Oct/2016:15:40:19 -0700] "GET /self.logs/error.log.2015-03-21.gz HTTP/1.1" 200 781 "-" "Mozilla/5.0 (compatible; SemrushBot/1.1~bl; +http://www.semrush.com/bot.html)" 
192.243.55.137 - - [11/Oct/2016:15:43:41 -0700] "GET /self.logs/access.log.2015-04-30.gz HTTP/1.1" 200 5815 "-" "Mozilla/5.0 (compatible; SemrushBot/1.1~bl; +http://www.semrush.com/bot.html)" 
192.243.55.138 - - [11/Oct/2016:15:45:13 -0700] "GET /self.logs/access.log.2016-03-27.gz HTTP/1.1" 200 7396 "-" "Mozilla/5.0 (compatible; SemrushBot/1.1~bl; +http://www.semrush.com/bot.html)" 
192.243.55.135 - - [11/Oct/2016:15:45:39 -0700] "GET /self.logs/error.log.2016-01-05.gz HTTP/1.1" 200 561 "-" "Mozilla/5.0 (compatible; SemrushBot/1.1~bl; +http://www.semrush.com/bot.html)" 
192.243.55.133 - - [11/Oct/2016:15:45:56 -0700] "GET /self.logs/error.log.2015-10-05.gz HTTP/1.1" 200 606 "-" "Mozilla/5.0 (compatible; SemrushBot/1.1~bl; +http://www.semrush.com/bot.html)" 
192.243.55.132 - - [11/Oct/2016:15:47:22 -0700] "GET /self.logs/access.log.2015-10-22.gz HTTP/1.1" 200 8935 "-" "Mozilla/5.0 (compatible; SemrushBot/1.1~bl; +http://www.semrush.com/bot.html)" 
192.243.55.138 - - [11/Oct/2016:16:21:53 -0700] "GET /self.logs/access.log.2016-05-30.gz HTTP/1.1" 200 9718 "-" "Mozilla/5.0 (compatible; SemrushBot/1.1~bl; +http://www.semrush.com/bot.html)" 
192.243.55.131 - - [11/Oct/2016:16:23:13 -0700] "GET /self.logs/access.log.2016-04-13.gz HTTP/1.1" 200 16057 "-" "Mozilla/5.0 (compatible; SemrushBot/1.1~bl; +http://www.semrush.com/bot.html)" 
192.243.55.138 - - [11/Oct/2016:16:24:23 -0700] "GET /self.logs/access.log.2015-09-04.gz HTTP/1.1" 200 7086 "-" "Mozilla/5.0 (compatible; SemrushBot/1.1~bl; +http://www.semrush.com/bot.html)" 
180.76.15.27 - - [11/Oct/2016:16:26:16 -0700] "GET / HTTP/1.1" 200 33494 "-" "Mozilla/5.0 (compatible; Baiduspider/2.0; +http://www.baidu.com/search/spider.html)" 
192.243.55.132 - - [11/Oct/2016:16:26:28 -0700] "GET /self.logs/error.log.2015-05-24.gz HTTP/1.1" 200 650 "-" "Mozilla/5.0 (compatible; SemrushBot/1.1~bl; +http://www.semrush.com/bot.html)" 
180.76.15.136 - - [11/Oct/2016:16:26:48 -0700] "GET / HTTP/1.1" 200 33494 "-" "Mozilla/5.0 (compatible; Baiduspider/2.0; +http://www.baidu.com/search/spider.html)" 
192.243.55.137 - - [11/Oct/2016:16:27:02 -0700] "GET /self.logs/access.log.2015-07-14.gz HTTP/1.1" 200 4517 "-" "Mozilla/5.0 (compatible; SemrushBot/1.1~bl; +http://www.semrush.com/bot.html)" 
192.243.55.129 - - [11/Oct/2016:16:27:04 -0700] "GET /self.logs/access.log.2015-01-17.gz HTTP/1.1" 200 3560 "-" "Mozilla/5.0 (compatible; SemrushBot/1.1~bl; +http://www.semrush.com/bot.html)" 
192.243.55.132 - - [11/Oct/2016:16:28:14 -0700] "GET /self.logs/error.log.2015-10-07.gz HTTP/1.1" 200 866 "-" "Mozilla/5.0 (compatible; SemrushBot/1.1~bl; +http://www.semrush.com/bot.html)" 
192.243.55.137 - - [11/Oct/2016:16:28:37 -0700] "GET /self.logs/access.log.2015-09-16.gz HTTP/1.1" 200 5350 "-" "Mozilla/5.0 (compatible; SemrushBot/1.1~bl; +http://www.semrush.com/bot.html)" 
192.243.55.136 - - [11/Oct/2016:16:30:18 -0700] "GET /self.logs/access.log.2015-02-09.gz HTTP/1.1" 200 4234 "-" "Mozilla/5.0 (compatible; SemrushBot/1.1~bl; +http://www.semrush.com/bot.html)" 
192.243.55.130 - - [11/Oct/2016:16:30:46 -0700] "GET /self.logs/error.log.2015-12-08.gz HTTP/1.1" 200 629 "-" "Mozilla/5.0 (compatible; SemrushBot/1.1~bl; +http://www.semrush.com/bot.html)" 
192.243.55.131 - - [11/Oct/2016:16:30:47 -0700] "GET /self.logs/error.log.2015-06-13.gz HTTP/1.1" 200 565 "-" "Mozilla/5.0 (compatible; SemrushBot/1.1~bl; +http://www.semrush.com/bot.html)" 
192.243.55.134 - - [11/Oct/2016:16:33:15 -0700] "GET /self.logs/access.log.2015-11-26.gz HTTP/1.1" 200 4702 "-" "Mozilla/5.0 (compatible; SemrushBot/1.1~bl; +http://www.semrush.com/bot.html)" 
192.243.55.132 - - [11/Oct/2016:16:34:08 -0700] "GET /self.logs/error.log.2015-02-08.gz HTTP/1.1" 200 1067 "-" "Mozilla/5.0 (compatible; SemrushBot/1.1~bl; +http://www.semrush.com/bot.html)" 
192.243.55.135 - - [11/Oct/2016:16:34:43 -0700] "GET /self.logs/error.log.2015-02-23.gz HTTP/1.1" 200 4344 "-" "Mozilla/5.0 (compatible; SemrushBot/1.1~bl; +http://www.semrush.com/bot.html)" 
192.243.55.133 - - [11/Oct/2016:16:35:37 -0700] "GET /self.logs/access.log.2016-03-10.gz HTTP/1.1" 200 11875 "-" "Mozilla/5.0 (compatible; SemrushBot/1.1~bl; +http://www.semrush.com/bot.html)" 
192.243.55.129 - - [11/Oct/2016:16:35:59 -0700] "GET /self.logs/error.log.2015-09-20.gz HTTP/1.1" 200 799 "-" "Mozilla/5.0 (compatible; SemrushBot/1.1~bl; +http://www.semrush.com/bot.html)" 
192.243.55.132 - - [11/Oct/2016:16:36:10 -0700] "GET /self.logs/error.log.2015-02-08.gz HTTP/1.1" 200 1067 "-" "Mozilla/5.0 (compatible; SemrushBot/1.1~bl; +http://www.semrush.com/bot.html)" 
192.243.55.129 - - [11/Oct/2016:16:37:56 -0700] "GET /self.logs/access.log.2015-08-03.gz HTTP/1.1" 200 6161 "-" "Mozilla/5.0 (compatible; SemrushBot/1.1~bl; +http://www.semrush.com/bot.html)" 
192.243.55.132 - - [11/Oct/2016:16:37:56 -0700] "GET /self.logs/access.log.2015-07-31.gz HTTP/1.1" 200 4415 "-" "Mozilla/5.0 (compatible; SemrushBot/1.1~bl; +http://www.semrush.com/bot.html)" 
192.243.55.131 - - [11/Oct/2016:16:38:54 -0700] "GET /self.logs/access.log.2015-05-31.gz HTTP/1.1" 200 4993 "-" "Mozilla/5.0 (compatible; SemrushBot/1.1~bl; +http://www.semrush.com/bot.html)" 
192.243.55.134 - - [11/Oct/2016:16:40:35 -0700] "GET /self.logs/error.log.2015-09-09.gz HTTP/1.1" 200 831 "-" "Mozilla/5.0 (compatible; SemrushBot/1.1~bl; +http://www.semrush.com/bot.html)" 
192.243.55.138 - - [11/Oct/2016:16:41:08 -0700] "GET /self.logs/error.log.2015-02-12.gz HTTP/1.1" 200 2268 "-" "Mozilla/5.0 (compatible; SemrushBot/1.1~bl; +http://www.semrush.com/bot.html)" 
192.243.55.137 - - [11/Oct/2016:16:42:57 -0700] "GET /self.logs/error.log.2015-11-25.gz HTTP/1.1" 200 666 "-" "Mozilla/5.0 (compatible; SemrushBot/1.1~bl; +http://www.semrush.com/bot.html)" 
192.243.55.134 - - [11/Oct/2016:16:45:22 -0700] "GET /self.logs/access.log.2015-03-16.gz HTTP/1.1" 200 8132 "-" "Mozilla/5.0 (compatible; SemrushBot/1.1~bl; +http://www.semrush.com/bot.html)" 
192.243.55.132 - - [11/Oct/2016:16:48:13 -0700] "GET /self.logs/error.log.2016-05-24.gz HTTP/1.1" 200 748 "-" "Mozilla/5.0 (compatible; SemrushBot/1.1~bl; +http://www.semrush.com/bot.html)" 
192.243.55.130 - - [11/Oct/2016:16:48:40 -0700] "GET /self.logs/error.log.2016-06-12.gz HTTP/1.1" 200 1170 "-" "Mozilla/5.0 (compatible; SemrushBot/1.1~bl; +http://www.semrush.com/bot.html)" 
192.243.55.137 - - [11/Oct/2016:16:49:09 -0700] "GET /self.logs/error.log.2015-09-28.gz HTTP/1.1" 200 736 "-" "Mozilla/5.0 (compatible; SemrushBot/1.1~bl; +http://www.semrush.com/bot.html)" 
192.243.55.129 - - [11/Oct/2016:16:50:02 -0700] "GET /self.logs/error.log.2016-01-10.gz HTTP/1.1" 200 901 "-" "Mozilla/5.0 (compatible; SemrushBot/1.1~bl; +http://www.semrush.com/bot.html)" 
163.172.65.185 - - [11/Oct/2016:16:50:45 -0700] "GET /self.logs/access.log.2015-08-20.gz HTTP/1.1" 200 5249 "-" "Mozilla/5.0 (compatible; AhrefsBot/5.1; +http://ahrefs.com/robot/)" 
192.243.55.132 - - [11/Oct/2016:16:50:48 -0700] "GET /self.logs/error.log.2015-09-05.gz HTTP/1.1" 200 617 "-" "Mozilla/5.0 (compatible; SemrushBot/1.1~bl; +http://www.semrush.com/bot.html)" 
192.243.55.129 - - [11/Oct/2016:16:51:23 -0700] "GET /self.logs/error.log.2016-05-09.gz HTTP/1.1" 200 615 "-" "Mozilla/5.0 (compatible; SemrushBot/1.1~bl; +http://www.semrush.com/bot.html)" 
192.243.55.132 - - [11/Oct/2016:16:53:49 -0700] "GET /self.logs/access.log.2016-02-25.gz HTTP/1.1" 200 11430 "-" "Mozilla/5.0 (compatible; SemrushBot/1.1~bl; +http://www.semrush.com/bot.html)" 
192.243.55.130 - - [11/Oct/2016:16:55:06 -0700] "GET /self.logs/error.log.2016-01-27.gz HTTP/1.1" 200 734 "-" "Mozilla/5.0 (compatible; SemrushBot/1.1~bl; +http://www.semrush.com/bot.html)" 
192.243.55.138 - - [11/Oct/2016:16:55:23 -0700] "GET /self.logs/error.log.2016-03-08.gz HTTP/1.1" 200 776 "-" "Mozilla/5.0 (compatible; SemrushBot/1.1~bl; +http://www.semrush.com/bot.html)" 
192.243.55.129 - - [11/Oct/2016:16:55:47 -0700] "GET /self.logs/error.log.2016-02-24.gz HTTP/1.1" 200 1059 "-" "Mozilla/5.0 (compatible; SemrushBot/1.1~bl; +http://www.semrush.com/bot.html)" 
164.132.161.35 - - [11/Oct/2016:16:57:36 -0700] "GET /self.logs/error.log.2015-10-16.gz HTTP/1.1" 200 755 "-" "Mozilla/5.0 (compatible; AhrefsBot/5.1; +http://ahrefs.com/robot/)" 
192.243.55.132 - - [11/Oct/2016:16:58:05 -0700] "GET /self.logs/ HTTP/1.1" 200 13039 "-" "Mozilla/5.0 (compatible; SemrushBot/1.1~bl; +http://www.semrush.com/bot.html)" 
192.243.55.130 - - [11/Oct/2016:17:00:01 -0700] "GET /honeypot/BSidesDFW%20-%202014.ipynb HTTP/1.1" 200 369380 "-" "Mozilla/5.0 (compatible; SemrushBot/1.1~bl; +http://www.semrush.com/bot.html)" 
192.243.55.129 - - [11/Oct/2016:17:00:26 -0700] "GET /self.logs/access.log.2015-12-30.gz HTTP/1.1" 200 6495 "-" "Mozilla/5.0 (compatible; SemrushBot/1.1~bl; +http://www.semrush.com/bot.html)" 
111.23.4.139 - - [11/Oct/2016:17:01:09 -0700] "GET /honeypot/Honeypot%20-%20Howto.pdf HTTP/1.0" 200 1181140 "http://www.secrepo.com/" "Mozilla/5.0 (Windows NT 6.1; WOW64) AppleWebKit/537.36 (KHTML, like Gecko) Chrome/39.0.2171.99 Safari/537.36" 
192.243.55.137 - - [11/Oct/2016:17:01:26 -0700] "GET /self.logs/access.log.2015-09-30.gz HTTP/1.1" 200 5049 "-" "Mozilla/5.0 (compatible; SemrushBot/1.1~bl; +http://www.semrush.com/bot.html)" 
192.243.55.136 - - [11/Oct/2016:17:02:07 -0700] "GET /self.logs/access.log.2015-02-26.gz HTTP/1.1" 200 3562 "-" "Mozilla/5.0 (compatible; SemrushBot/1.1~bl; +http://www.semrush.com/bot.html)" 
192.243.55.135 - - [11/Oct/2016:17:02:21 -0700] "GET /self.logs/access.log.2015-04-07.gz HTTP/1.1" 200 3415 "-" "Mozilla/5.0 (compatible; SemrushBot/1.1~bl; +http://www.semrush.com/bot.html)" 
192.243.55.129 - - [11/Oct/2016:17:02:37 -0700] "GET /self.logs/access.log.2015-04-18.gz HTTP/1.1" 200 5689 "-" "Mozilla/5.0 (compatible; SemrushBot/1.1~bl; +http://www.semrush.com/bot.html)" 
192.243.55.132 - - [11/Oct/2016:17:04:00 -0700] "GET /self.logs/access.log.2015-09-28.gz HTTP/1.1" 200 4895 "-" "Mozilla/5.0 (compatible; SemrushBot/1.1~bl; +http://www.semrush.com/bot.html)" 
192.243.55.137 - - [11/Oct/2016:17:05:49 -0700] "GET /self.logs/error.log.2015-12-24.gz HTTP/1.1" 200 968 "-" "Mozilla/5.0 (compatible; SemrushBot/1.1~bl; +http://www.semrush.com/bot.html)" 
192.243.55.136 - - [11/Oct/2016:17:06:18 -0700] "GET /self.logs/access.log.2015-08-28.gz HTTP/1.1" 200 7644 "-" "Mozilla/5.0 (compatible; SemrushBot/1.1~bl; +http://www.semrush.com/bot.html)" 
192.243.55.138 - - [11/Oct/2016:17:07:35 -0700] "GET /self.logs/error.log.2016-02-01.gz HTTP/1.1" 200 777 "-" "Mozilla/5.0 (compatible; SemrushBot/1.1~bl; +http://www.semrush.com/bot.html)" 
192.243.55.137 - - [11/Oct/2016:17:07:57 -0700] "GET /self.logs/access.log.2015-11-08.gz HTTP/1.1" 200 6507 "-" "Mozilla/5.0 (compatible; SemrushBot/1.1~bl; +http://www.semrush.com/bot.html)" 
192.243.55.135 - - [11/Oct/2016:17:08:03 -0700] "GET /self.logs/error.log.2015-12-27.gz HTTP/1.1" 200 598 "-" "Mozilla/5.0 (compatible; SemrushBot/1.1~bl; +http://www.semrush.com/bot.html)" 
192.243.55.135 - - [11/Oct/2016:17:09:19 -0700] "GET /self.logs/error.log.2015-12-27.gz HTTP/1.1" 200 598 "-" "Mozilla/5.0 (compatible; SemrushBot/1.1~bl; +http://www.semrush.com/bot.html)" 
192.243.55.130 - - [11/Oct/2016:17:10:52 -0700] "GET /self.logs/error.log.2016-05-02.gz HTTP/1.1" 200 652 "-" "Mozilla/5.0 (compatible; SemrushBot/1.1~bl; +http://www.semrush.com/bot.html)" 
192.243.55.133 - - [11/Oct/2016:17:12:02 -0700] "GET /self.logs/error.log.2015-10-01.gz HTTP/1.1" 200 757 "-" "Mozilla/5.0 (compatible; SemrushBot/1.1~bl; +http://www.semrush.com/bot.html)" 
192.243.55.137 - - [11/Oct/2016:17:13:34 -0700] "GET /self.logs/access.log.2016-01-20.gz HTTP/1.1" 200 10417 "-" "Mozilla/5.0 (compatible; SemrushBot/1.1~bl; +http://www.semrush.com/bot.html)" 
192.243.55.129 - - [11/Oct/2016:17:14:23 -0700] "GET /self.logs/error.log.2016-05-19.gz HTTP/1.1" 200 886 "-" "Mozilla/5.0 (compatible; SemrushBot/1.1~bl; +http://www.semrush.com/bot.html)" 
192.243.55.137 - - [11/Oct/2016:17:14:56 -0700] "GET /self.logs/access.log.2016-02-28.gz HTTP/1.1" 200 9396 "-" "Mozilla/5.0 (compatible; SemrushBot/1.1~bl; +http://www.semrush.com/bot.html)" 
192.243.55.130 - - [11/Oct/2016:17:15:35 -0700] "GET /self.logs/access.log.2016-05-31.gz HTTP/1.1" 200 10112 "-" "Mozilla/5.0 (compatible; SemrushBot/1.1~bl; +http://www.semrush.com/bot.html)" 
163.172.65.12 - - [11/Oct/2016:17:15:44 -0700] "GET /self.logs/error.log.2015-06-24.gz HTTP/1.1" 200 820 "-" "Mozilla/5.0 (compatible; AhrefsBot/5.1; +http://ahrefs.com/robot/)" 
192.243.55.132 - - [11/Oct/2016:17:16:32 -0700] "GET /self.logs/error.log.2016-05-31.gz HTTP/1.1" 200 1357 "-" "Mozilla/5.0 (compatible; SemrushBot/1.1~bl; +http://www.semrush.com/bot.html)" 
192.243.55.133 - - [11/Oct/2016:17:17:30 -0700] "GET /self.logs/access.log.2015-11-24.gz HTTP/1.1" 200 10480 "-" "Mozilla/5.0 (compatible; SemrushBot/1.1~bl; +http://www.semrush.com/bot.html)" 
192.243.55.133 - - [11/Oct/2016:17:19:07 -0700] "GET /self.logs/access.log.2016-01-14.gz HTTP/1.1" 200 7832 "-" "Mozilla/5.0 (compatible; SemrushBot/1.1~bl; +http://www.semrush.com/bot.html)" 
192.243.55.129 - - [11/Oct/2016:17:19:25 -0700] "GET /self.logs/error.log.2015-02-18.gz HTTP/1.1" 200 3086 "-" "Mozilla/5.0 (compatible; SemrushBot/1.1~bl; +http://www.semrush.com/bot.html)" 
192.243.55.132 - - [11/Oct/2016:17:20:32 -0700] "GET /self.logs/error.log.2015-08-05.gz HTTP/1.1" 200 1018 "-" "Mozilla/5.0 (compatible; SemrushBot/1.1~bl; +http://www.semrush.com/bot.html)" 
192.243.55.132 - - [11/Oct/2016:17:20:45 -0700] "GET /self.logs/error.log.2015-08-05.gz HTTP/1.1" 200 1018 "-" "Mozilla/5.0 (compatible; SemrushBot/1.1~bl; +http://www.semrush.com/bot.html)" 
192.243.55.137 - - [11/Oct/2016:17:21:31 -0700] "GET /self.logs/access.log.2015-10-21.gz HTTP/1.1" 200 7872 "-" "Mozilla/5.0 (compatible; SemrushBot/1.1~bl; +http://www.semrush.com/bot.html)" 
192.243.55.137 - - [11/Oct/2016:17:22:01 -0700] "GET /self.logs/access.log.2015-10-21.gz HTTP/1.1" 200 7872 "-" "Mozilla/5.0 (compatible; SemrushBot/1.1~bl; +http://www.semrush.com/bot.html)" 
192.243.55.132 - - [11/Oct/2016:17:23:41 -0700] "GET /self.logs/error.log.2016-01-13.gz HTTP/1.1" 200 474 "-" "Mozilla/5.0 (compatible; SemrushBot/1.1~bl; +http://www.semrush.com/bot.html)" 
192.243.55.137 - - [11/Oct/2016:17:24:30 -0700] "GET /self.logs/access.log.2016-05-03.gz HTTP/1.1" 200 8727 "-" "Mozilla/5.0 (compatible; SemrushBot/1.1~bl; +http://www.semrush.com/bot.html)" 
192.243.55.137 - - [11/Oct/2016:17:25:24 -0700] "GET /self.logs/access.log.2015-09-01.gz HTTP/1.1" 200 10500 "-" "Mozilla/5.0 (compatible; SemrushBot/1.1~bl; +http://www.semrush.com/bot.html)" 
192.243.55.131 - - [11/Oct/2016:17:25:35 -0700] "GET /self.logs/access.log.2015-06-30.gz HTTP/1.1" 200 5321 "-" "Mozilla/5.0 (compatible; SemrushBot/1.1~bl; +http://www.semrush.com/bot.html)" 
192.243.55.136 - - [11/Oct/2016:17:26:19 -0700] "GET /self.logs/access.log.2016-02-05.gz HTTP/1.1" 200 5629 "-" "Mozilla/5.0 (compatible; SemrushBot/1.1~bl; +http://www.semrush.com/bot.html)" 
192.243.55.130 - - [11/Oct/2016:17:27:13 -0700] "GET /self.logs/access.log.2015-07-20.gz HTTP/1.1" 200 5320 "-" "Mozilla/5.0 (compatible; SemrushBot/1.1~bl; +http://www.semrush.com/bot.html)" 
192.243.55.130 - - [11/Oct/2016:17:27:58 -0700] "GET /self.logs/access.log.2015-12-15.gz HTTP/1.1" 200 8855 "-" "Mozilla/5.0 (compatible; SemrushBot/1.1~bl; +http://www.semrush.com/bot.html)" 
192.243.55.137 - - [11/Oct/2016:17:28:57 -0700] "GET /self.logs/error.log.2016-04-09.gz HTTP/1.1" 200 757 "-" "Mozilla/5.0 (compatible; SemrushBot/1.1~bl; +http://www.semrush.com/bot.html)" 
192.243.55.135 - - [11/Oct/2016:17:29:23 -0700] "GET /self.logs/error.log.2015-12-28.gz HTTP/1.1" 200 700 "-" "Mozilla/5.0 (compatible; SemrushBot/1.1~bl; +http://www.semrush.com/bot.html)" 
192.243.55.137 - - [11/Oct/2016:17:29:57 -0700] "GET /self.logs/error.log.2015-04-01.gz HTTP/1.1" 200 1088 "-" "Mozilla/5.0 (compatible; SemrushBot/1.1~bl; +http://www.semrush.com/bot.html)" 
46.4.123.172 - - [11/Oct/2016:17:30:10 -0700] "GET /robots.txt HTTP/1.0" 200 252 "-" "Mozilla/5.0 (compatible; MJ12bot/v1.4.5; http://www.majestic12.co.uk/bot.php?+)" 
46.4.123.172 - - [11/Oct/2016:17:30:13 -0700] "GET /honeypot//%22http://amunhoney.sourceforge.net//%22 HTTP/1.0" 404 284 "-" "Mozilla/5.0 (compatible; MJ12bot/v1.4.5; http://www.majestic12.co.uk/bot.php?+)" 
46.4.123.172 - - [11/Oct/2016:17:30:16 -0700] "GET /honeypot//%22http://glastopf.org//%22 HTTP/1.0" 404 303 "-" "Mozilla/5.0 (compatible; MJ12bot/v1.4.5; http://www.majestic12.co.uk/bot.php?+)" 
46.4.123.172 - - [11/Oct/2016:17:30:18 -0700] "GET /honeypot//%22http://www.maxmind.com/%22 HTTP/1.0" 404 303 "-" "Mozilla/5.0 (compatible; MJ12bot/v1.4.5; http://www.majestic12.co.uk/bot.php?+)" 
46.4.123.172 - - [11/Oct/2016:17:30:21 -0700] "GET /honeypot//%22https://twitter.com/sooshie/%22 HTTP/1.0" 404 303 "-" "Mozilla/5.0 (compatible; MJ12bot/v1.4.5; http://www.majestic12.co.uk/bot.php?+)" 
46.4.123.172 - - [11/Oct/2016:17:30:23 -0700] "GET /honeypot//%22https://twitter.com/theroxyd/%22 HTTP/1.0" 404 303 "-" "Mozilla/5.0 (compatible; MJ12bot/v1.4.5; http://www.majestic12.co.uk/bot.php?+)" 
192.243.55.135 - - [11/Oct/2016:17:30:37 -0700] "GET /self.logs/error.log.2016-01-20.gz HTTP/1.1" 200 934 "-" "Mozilla/5.0 (compatible; SemrushBot/1.1~bl; +http://www.semrush.com/bot.html)" 
111.7.128.40 - - [11/Oct/2016:17:32:03 -0700] "GET /tg/a.zip HTTP/1.1" 304 132 "-" "Mozilla/5.0 Gecko/20100115 Firefox/3.6" 
192.243.55.137 - - [11/Oct/2016:17:32:13 -0700] "GET /self.logs/error.log.2015-07-08.gz HTTP/1.1" 200 1175 "-" "Mozilla/5.0 (compatible; SemrushBot/1.1~bl; +http://www.semrush.com/bot.html)" 
192.243.55.134 - - [11/Oct/2016:17:33:19 -0700] "GET /self.logs/error.log.2015-05-26.gz HTTP/1.1" 200 745 "-" "Mozilla/5.0 (compatible; SemrushBot/1.1~bl; +http://www.semrush.com/bot.html)" 
