144.36.133.38 - - [14/Apr/2016:01:48:02 -0700] "GET / HTTP/1.1" 200 8801 "http://www.mlsecproject.org/" "Mozilla/5.0 (Windows NT 6.1; WOW64) AppleWebKit/537.36 (KHTML, like Gecko) Chrome/49.0.2623.112 Safari/537.36" 
144.36.133.38 - - [14/Apr/2016:01:48:03 -0700] "GET /twitter-icon.png HTTP/1.1" 200 27787 "http://www.secrepo.com/" "Mozilla/5.0 (Windows NT 6.1; WOW64) AppleWebKit/537.36 (KHTML, like Gecko) Chrome/49.0.2623.112 Safari/537.36" 
144.36.133.38 - - [14/Apr/2016:01:48:03 -0700] "GET /GitHub-Mark.png HTTP/1.1" 200 7428 "http://www.secrepo.com/" "Mozilla/5.0 (Windows NT 6.1; WOW64) AppleWebKit/537.36 (KHTML, like Gecko) Chrome/49.0.2623.112 Safari/537.36" 
144.36.133.38 - - [14/Apr/2016:01:48:09 -0700] "GET /bootstrap/img/favicon.ico HTTP/1.1" 200 590 "http://www.secrepo.com/" "Mozilla/5.0 (Windows NT 6.1; WOW64) AppleWebKit/537.36 (KHTML, like Gecko) Chrome/49.0.2623.112 Safari/537.36" 
211.137.56.172 - - [14/Apr/2016:01:50:01 -0700] "GET /tg/a.zip HTTP/1.1" 304 132 "-" "Mozilla/5.0 Gecko/20100115 Firefox/3.6" 
91.200.12.143 - - [14/Apr/2016:01:53:00 -0700] "GET /honeypot/BSidesDFW%20-%202014.ipynb HTTP/1.0" 200 930799 "http://www.secrepo.com/honeypot/BSidesDFW%20-%202014.ipynb" "Mozilla/5.0 (Windows NT 10.0; WOW64) AppleWebKit/537.36 (KHTML, like Gecko) Chrome/48.0.2564.103 Safari/537.36" 
195.245.112.158 - - [14/Apr/2016:01:53:19 -0700] "GET / HTTP/1.1" 301 483 "-" "Mozilla/5.0 (X11; Ubuntu; Linux x86_64; rv:45.0) Gecko/20100101 Firefox/45.0" 
195.245.112.158 - - [14/Apr/2016:01:53:29 -0700] "GET / HTTP/1.1" 301 483 "-" "Mozilla/5.0 (X11; Ubuntu; Linux x86_64; rv:45.0) Gecko/20100101 Firefox/45.0" 
213.144.154.220 - - [14/Apr/2016:01:55:33 -0700] "GET /bootstrap/img/favicon.ico HTTP/1.1" 200 590 "-" "Mozilla/5.0 (Windows NT 10.0; WOW64; rv:45.0) Gecko/20100101 Firefox/45.0" 
157.55.39.118 - - [14/Apr/2016:01:59:12 -0700] "GET /self.logs/access.log.2015-06-02.gz HTTP/1.1" 200 3797 "-" "Mozilla/5.0 (compatible; bingbot/2.0; +http://www.bing.com/bingbot.htm)" 
91.200.12.106 - - [14/Apr/2016:02:05:18 -0700] "GET /honeypot/BSidesDFW%20-%202014.ipynb HTTP/1.0" 200 775260 "http://www.secrepo.com/honeypot/BSidesDFW%20-%202014.ipynb" "Mozilla/5.0 (Windows NT 6.3; WOW64) AppleWebKit/537.36 (KHTML, like Gecko) Chrome/48.0.2564.116 Safari/537.36" 
178.137.90.202 - - [14/Apr/2016:02:06:10 -0700] "GET /honeypot/ HTTP/1.1" 200 1077 "http://autobudpostach.club/" "Mozilla/4.0 (compatible; MSIE 5.01; Windows 95; MSIECrawler)" 
178.137.90.202 - - [14/Apr/2016:02:06:10 -0700] "GET /honeypot/ HTTP/1.1" 200 1077 "http://autobudpostach.club/" "Mozilla/4.0 (compatible; MSIE 5.01; Windows 95; MSIECrawler)" 
178.137.90.202 - - [14/Apr/2016:02:06:11 -0700] "GET /honeypot/ HTTP/1.1" 200 1077 "http://autobudpostach.club/" "Mozilla/4.0 (compatible; MSIE 5.01; Windows 95; MSIECrawler)" 
210.245.86.220 - - [14/Apr/2016:02:08:21 -0700] "GET / HTTP/1.1" 200 8801 "-" "Mozilla/5.0 (Windows NT 10.0; WOW64; rv:45.0) Gecko/20100101 Firefox/45.0" 
210.245.86.220 - - [14/Apr/2016:02:08:22 -0700] "GET /twitter-icon.png HTTP/1.1" 200 27787 "http://www.secrepo.com/" "Mozilla/5.0 (Windows NT 10.0; WOW64; rv:45.0) Gecko/20100101 Firefox/45.0" 
210.245.86.220 - - [14/Apr/2016:02:08:22 -0700] "GET /GitHub-Mark.png HTTP/1.1" 200 7428 "http://www.secrepo.com/" "Mozilla/5.0 (Windows NT 10.0; WOW64; rv:45.0) Gecko/20100101 Firefox/45.0" 
91.200.12.143 - - [14/Apr/2016:02:10:39 -0700] "GET /honeypot/BSidesDFW%20-%202014.ipynb HTTP/1.0" 200 772340 "http://www.secrepo.com/honeypot/BSidesDFW%20-%202014.ipynb" "Mozilla/5.0 (Windows NT 6.1; WOW64) AppleWebKit/537.36 (KHTML, like Gecko) Chrome/48.0.2564.82 Safari/537.36 OPR/35.0.2066.37" 
111.7.128.40 - - [14/Apr/2016:02:15:15 -0700] "GET /tg/a.zip HTTP/1.1" 304 132 "-" "Mozilla/5.0 Gecko/20100115 Firefox/3.6" 
111.23.10.33 - - [14/Apr/2016:02:17:07 -0700] "GET /tg/a.zip HTTP/1.1" 304 132 "-" "Mozilla/5.0 Gecko/20100115 Firefox/3.6" 
91.200.12.106 - - [14/Apr/2016:02:22:49 -0700] "GET /honeypot/BSidesDFW%20-%202014.ipynb HTTP/1.0" 200 678900 "http://www.secrepo.com/honeypot/BSidesDFW%20-%202014.ipynb" "Mozilla/5.0 (Windows NT 6.1; WOW64) AppleWebKit/537.36 (KHTML, like Gecko) Chrome/47.0.2526.111 Safari/537.36 OPR/34.0.2036.50" 
134.249.55.100 - - [14/Apr/2016:02:25:34 -0700] "GET /honeypot/ HTTP/1.1" 200 1077 "http://www.xpresscare.ru/" "Mozilla/4.0 (compatible; MSIE 6.0; Windows NT 5.1; MRA 4.3 (build 01218); .NET CLR 1.1.4322)" 
134.249.55.100 - - [14/Apr/2016:02:25:35 -0700] "GET /honeypot/ HTTP/1.1" 200 1077 "http://www.xpresscare.ru/" "Mozilla/4.0 (compatible; MSIE 6.0; Windows NT 5.1; MRA 4.3 (build 01218); .NET CLR 1.1.4322)" 
134.249.55.100 - - [14/Apr/2016:02:25:35 -0700] "GET /honeypot/ HTTP/1.1" 200 1077 "http://www.xpresscare.ru/" "Mozilla/4.0 (compatible; MSIE 6.0; Windows NT 5.1; MRA 4.3 (build 01218); .NET CLR 1.1.4322)" 
40.77.167.62 - - [14/Apr/2016:02:32:57 -0700] "GET /self.logs/error.log.2015-06-21.gz HTTP/1.1" 200 2278 "-" "Mozilla/5.0 (compatible; bingbot/2.0; +http://www.bing.com/bingbot.htm)" 
188.26.240.246 - - [14/Apr/2016:02:54:52 -0700] "GET /honeypot/BSidesDFW%20-%202014.ipynb HTTP/1.1" 200 930836 "http://www.secrepo.com/" "Mozilla/5.0 (X11; Ubuntu; Linux i686; rv:34.0) Gecko/20100101 Firefox/34.0" 
40.77.167.62 - - [14/Apr/2016:02:58:11 -0700] "GET /self.logs/access.log.2016-02-25.gz HTTP/1.1" 200 11467 "-" "Mozilla/5.0 (compatible; bingbot/2.0; +http://www.bing.com/bingbot.htm)" 
199.16.156.124 - - [14/Apr/2016:03:24:22 -0700] "GET /robots.txt HTTP/1.1" 200 304 "-" "Twitterbot/1.0" 
199.16.156.124 - - [14/Apr/2016:03:24:23 -0700] "GET / HTTP/1.1" 200 8745 "-" "Twitterbot/1.0" 
117.190.191.170 - - [14/Apr/2016:03:27:07 -0700] "GET /tg/a.zip HTTP/1.1" 304 132 "-" "Mozilla/5.0 Gecko/20100115 Firefox/3.6" 
46.218.101.203 - - [14/Apr/2016:03:31:55 -0700] "GET /bootstrap/img/favicon.ico HTTP/1.1" 200 590 "-" "Mozilla/5.0 (X11; Linux x86_64; rv:45.0) Gecko/20100101 Firefox/45.0" 
46.118.156.3 - - [14/Apr/2016:03:32:15 -0700] "GET /honeypot/ HTTP/1.1" 200 1077 "http://pornophoto.xyz/" "Mozilla/4.0 (compatible; MSIE 6.0; Windows NT 5.1; SV1; .NET CLR 1.1.4322) Babya Discoverer  8.0:" 
46.218.101.203 - - [14/Apr/2016:03:32:51 -0700] "GET / HTTP/1.1" 200 8801 "http://www.mlsecproject.org/" "Mozilla/5.0 (X11; Linux x86_64; rv:45.0) Gecko/20100101 Firefox/45.0" 
46.218.101.203 - - [14/Apr/2016:03:33:27 -0700] "GET /GitHub-Mark.png HTTP/1.1" 200 7428 "http://www.secrepo.com/" "Mozilla/5.0 (X11; Linux x86_64; rv:45.0) Gecko/20100101 Firefox/45.0" 
46.218.101.203 - - [14/Apr/2016:03:33:27 -0700] "GET /twitter-icon.png HTTP/1.1" 200 27788 "http://www.secrepo.com/" "Mozilla/5.0 (X11; Linux x86_64; rv:45.0) Gecko/20100101 Firefox/45.0" 
46.218.101.203 - - [14/Apr/2016:03:34:36 -0700] "GET /bootstrap/img/favicon.ico HTTP/1.1" 200 590 "-" "Mozilla/5.0 (X11; Linux x86_64; rv:45.0) Gecko/20100101 Firefox/45.0" 
40.77.167.94 - - [14/Apr/2016:03:35:32 -0700] "GET /self.logs/access.log.2016-01-25.gz HTTP/1.1" 200 6677 "-" "Mozilla/5.0 (compatible; bingbot/2.0; +http://www.bing.com/bingbot.htm)" 
40.77.167.80 - - [14/Apr/2016:03:44:50 -0700] "GET /self.logs/access.log.2016-02-07.gz HTTP/1.1" 200 9138 "-" "Mozilla/5.0 (compatible; bingbot/2.0; +http://www.bing.com/bingbot.htm)" 
117.177.241.60 - - [14/Apr/2016:03:50:26 -0700] "GET /tg/a.zip HTTP/1.1" 304 132 "-" "Mozilla/5.0 Gecko/20100115 Firefox/3.6" 
111.23.4.148 - - [14/Apr/2016:04:02:52 -0700] "GET /tg/a.zip HTTP/1.1" 304 132 "-" "Mozilla/5.0 Gecko/20100115 Firefox/3.6" 
101.63.200.39 - - [14/Apr/2016:04:04:14 -0700] "GET / HTTP/1.1" 200 8801 "http://www.mlsecproject.org/" "Mozilla/5.0 (Windows NT 10.0; WOW64) AppleWebKit/537.36 (KHTML, like Gecko) Chrome/49.0.2623.112 Safari/537.36" 
101.63.200.39 - - [14/Apr/2016:04:04:29 -0700] "GET /twitter-icon.png HTTP/1.1" 200 27788 "http://www.secrepo.com/" "Mozilla/5.0 (Windows NT 10.0; WOW64) AppleWebKit/537.36 (KHTML, like Gecko) Chrome/49.0.2623.112 Safari/537.36" 
101.63.200.39 - - [14/Apr/2016:04:04:36 -0700] "GET /GitHub-Mark.png HTTP/1.1" 200 7427 "http://www.secrepo.com/" "Mozilla/5.0 (Windows NT 10.0; WOW64) AppleWebKit/537.36 (KHTML, like Gecko) Chrome/49.0.2623.112 Safari/537.36" 
101.63.200.39 - - [14/Apr/2016:04:04:42 -0700] "GET /bootstrap/img/favicon.ico HTTP/1.1" 200 590 "http://www.secrepo.com/" "Mozilla/5.0 (Windows NT 10.0; WOW64) AppleWebKit/537.36 (KHTML, like Gecko) Chrome/49.0.2623.112 Safari/537.36" 
141.8.143.159 - - [14/Apr/2016:04:33:56 -0700] "GET /bootstrap/img/favicon.ico HTTP/1.1" 200 590 "-" "Mozilla/5.0 (compatible; YandexBot/3.0; +http://yandex.com/bots)" 
193.156.31.144 - - [14/Apr/2016:04:40:33 -0700] "GET / HTTP/1.1" 200 8801 "http://www.mlsecproject.org/" "Mozilla/5.0 (Windows NT 6.1; Win64; x64) AppleWebKit/537.36 (KHTML, like Gecko) Chrome/49.0.2623.112 Safari/537.36" 
193.156.31.144 - - [14/Apr/2016:04:40:34 -0700] "GET /twitter-icon.png HTTP/1.1" 200 27787 "http://www.secrepo.com/" "Mozilla/5.0 (Windows NT 6.1; Win64; x64) AppleWebKit/537.36 (KHTML, like Gecko) Chrome/49.0.2623.112 Safari/537.36" 
193.156.31.144 - - [14/Apr/2016:04:40:34 -0700] "GET /GitHub-Mark.png HTTP/1.1" 200 7428 "http://www.secrepo.com/" "Mozilla/5.0 (Windows NT 6.1; Win64; x64) AppleWebKit/537.36 (KHTML, like Gecko) Chrome/49.0.2623.112 Safari/537.36" 
193.156.31.144 - - [14/Apr/2016:04:40:34 -0700] "GET /bootstrap/img/favicon.ico HTTP/1.1" 200 589 "http://www.secrepo.com/" "Mozilla/5.0 (Windows NT 6.1; Win64; x64) AppleWebKit/537.36 (KHTML, like Gecko) Chrome/49.0.2623.112 Safari/537.36" 
211.137.56.172 - - [14/Apr/2016:04:50:02 -0700] "GET /tg/a.zip HTTP/1.1" 304 132 "-" "Mozilla/5.0 Gecko/20100115 Firefox/3.6" 
188.64.171.179 - - [14/Apr/2016:04:50:20 -0700] "GET /honeypot/BSidesDFW%20-%202014.ipynb HTTP/1.0" 200 930799 "http://www.secrepo.com/honeypot/BSidesDFW%20-%202014.ipynb" "Mozilla/5.0 (Windows NT 6.1; WOW64; rv:44.0) Gecko/20100101 Firefox/44.0" 
65.216.139.228 - - [14/Apr/2016:04:51:51 -0700] "HEAD /favicon.ico HTTP/1.1" 301 301 "-" "Mozilla/5.0 (Macintosh; Intel Mac OS X 10.10; rv:45.0) Gecko/20100101 Firefox/45.0" 
65.216.139.228 - - [14/Apr/2016:04:51:51 -0700] "HEAD /favicon.ico HTTP/1.1" 200 249 "-" "Mozilla/5.0 (Macintosh; Intel Mac OS X 10.10; rv:45.0) Gecko/20100101 Firefox/45.0" 
65.216.139.228 - - [14/Apr/2016:04:53:54 -0700] "GET /favicon.ico HTTP/1.1" 301 501 "-" "Mozilla/5.0 (Macintosh; Intel Mac OS X 10.10; rv:45.0) Gecko/20100101 Firefox/45.0" 
111.7.128.40 - - [14/Apr/2016:05:15:18 -0700] "GET /tg/a.zip HTTP/1.1" 304 132 "-" "Mozilla/5.0 Gecko/20100115 Firefox/3.6" 
111.23.10.33 - - [14/Apr/2016:05:17:08 -0700] "GET /tg/a.zip HTTP/1.1" 304 132 "-" "Mozilla/5.0 Gecko/20100115 Firefox/3.6" 
188.191.22.190 - - [14/Apr/2016:05:32:35 -0700] "GET / HTTP/1.1" 418 695 "http://www.secrepo.com/" "Mozilla/4.0 (compatible; MSIE 6.0; Windows NT 5.1; SV1)" 
40.77.167.62 - - [14/Apr/2016:05:32:36 -0700] "GET / HTTP/1.1" 301 483 "-" "Mozilla/5.0 (compatible; bingbot/2.0; +http://www.bing.com/bingbot.htm)" 
40.77.167.62 - - [14/Apr/2016:05:35:52 -0700] "GET / HTTP/1.1" 200 8801 "-" "Mozilla/5.0 (compatible; bingbot/2.0; +http://www.bing.com/bingbot.htm)" 
157.55.39.118 - - [14/Apr/2016:05:36:09 -0700] "GET /squid/access.log.gz HTTP/1.1" 301 518 "-" "Mozilla/5.0 (compatible; bingbot/2.0; +http://www.bing.com/bingbot.htm)" 
203.162.235.232 - - [14/Apr/2016:05:42:04 -0700] "GET /honeypot/BSidesDFW%20-%202014.ipynb HTTP/1.1" 200 930836 "http://www.secrepo.com/" "Mozilla/5.0 (Windows NT 6.2; WOW64) AppleWebKit/537.36 (KHTML, like Gecko) Chrome/39.0.2171.95 Safari/537.36" 
66.249.64.250 - - [14/Apr/2016:05:42:30 -0700] "GET / HTTP/1.1" 200 8801 "-" "Mozilla/5.0 (compatible; Googlebot/2.1; +http://www.google.com/bot.html)" 
66.249.83.225 - - [14/Apr/2016:05:43:34 -0700] "GET / HTTP/1.1" 200 8801 "-" "Mozilla/5.0 (X11; Linux x86_64) AppleWebKit/537.36 (KHTML, like Gecko) Chrome/49.0.2623.75 Safari/537.36 Google Favicon" 
66.249.83.228 - - [14/Apr/2016:05:43:34 -0700] "GET /bootstrap/img/favicon.ico HTTP/1.1" 200 590 "-" "Mozilla/5.0 (X11; Linux x86_64) AppleWebKit/537.36 (KHTML, like Gecko) Chrome/49.0.2623.75 Safari/537.36 Google Favicon" 
193.140.134.133 - - [14/Apr/2016:05:54:05 -0700] "GET / HTTP/1.1" 200 8801 "https://www.google.com.tr/" "Mozilla/5.0 (X11; Linux x86_64) AppleWebKit/537.36 (KHTML, like Gecko) Ubuntu Chromium/31.0.1650.63 Chrome/31.0.1650.63 Safari/537.36" 
193.140.134.133 - - [14/Apr/2016:05:54:23 -0700] "GET /GitHub-Mark.png HTTP/1.1" 200 7428 "http://www.secrepo.com/" "Mozilla/5.0 (X11; Linux x86_64) AppleWebKit/537.36 (KHTML, like Gecko) Ubuntu Chromium/31.0.1650.63 Chrome/31.0.1650.63 Safari/537.36" 
193.140.134.133 - - [14/Apr/2016:05:54:23 -0700] "GET /twitter-icon.png HTTP/1.1" 200 27788 "http://www.secrepo.com/" "Mozilla/5.0 (X11; Linux x86_64) AppleWebKit/537.36 (KHTML, like Gecko) Ubuntu Chromium/31.0.1650.63 Chrome/31.0.1650.63 Safari/537.36" 
193.140.134.133 - - [14/Apr/2016:05:54:23 -0700] "GET /bootstrap/img/favicon.ico HTTP/1.1" 200 589 "-" "Mozilla/5.0 (X11; Linux x86_64) AppleWebKit/537.36 (KHTML, like Gecko) Ubuntu Chromium/31.0.1650.63 Chrome/31.0.1650.63 Safari/537.36" 
40.77.167.80 - - [14/Apr/2016:06:07:04 -0700] "GET /self.logs/error.log.2015-08-02.gz HTTP/1.1" 200 704 "-" "Mozilla/5.0 (compatible; bingbot/2.0; +http://www.bing.com/bingbot.htm)" 
66.249.84.168 - - [14/Apr/2016:06:09:29 -0700] "GET / HTTP/1.1" 200 8801 "-" "Mozilla/5.0 (X11; Linux x86_64) AppleWebKit/537.36 (KHTML, like Gecko) Chrome/49.0.2623.75 Safari/537.36 Google Favicon" 
66.249.84.168 - - [14/Apr/2016:06:09:29 -0700] "GET /bootstrap/img/favicon.ico HTTP/1.1" 200 589 "-" "Mozilla/5.0 (X11; Linux x86_64) AppleWebKit/537.36 (KHTML, like Gecko) Chrome/49.0.2623.75 Safari/537.36 Google Favicon" 
180.76.15.134 - - [14/Apr/2016:06:26:19 -0700] "GET / HTTP/1.1" 200 21900 "-" "Mozilla/5.0 (compatible; Baiduspider/2.0; +http://www.baidu.com/search/spider.html)" 
180.76.15.19 - - [14/Apr/2016:06:26:51 -0700] "GET / HTTP/1.1" 200 21900 "-" "Mozilla/5.0 (compatible; Baiduspider/2.0; +http://www.baidu.com/search/spider.html)" 
117.190.191.170 - - [14/Apr/2016:06:27:08 -0700] "GET /tg/a.zip HTTP/1.1" 304 132 "-" "Mozilla/5.0 Gecko/20100115 Firefox/3.6" 
159.226.95.68 - - [14/Apr/2016:06:38:17 -0700] "GET /favicon.ico HTTP/1.1" 200 268 "-" "Mozilla/5.0 (Windows NT 10.0; WOW64) AppleWebKit/537.36 (KHTML, like Gecko) Chrome/42.0.2311.154 Safari/537.36 LBBROWSER" 
117.177.241.60 - - [14/Apr/2016:06:50:27 -0700] "GET /tg/a.zip HTTP/1.1" 304 132 "-" "Mozilla/5.0 Gecko/20100115 Firefox/3.6" 
129.88.67.250 - - [14/Apr/2016:06:59:40 -0700] "GET / HTTP/1.1" 200 8801 "-" "Mozilla/5.0 (Windows NT 10.0; WOW64; rv:45.0) Gecko/20100101 Firefox/45.0" 
129.88.67.250 - - [14/Apr/2016:06:59:40 -0700] "GET /bootstrap/img/favicon.ico HTTP/1.1" 200 589 "-" "Mozilla/5.0 (Windows NT 10.0; WOW64; rv:45.0) Gecko/20100101 Firefox/45.0" 
129.88.67.250 - - [14/Apr/2016:06:59:40 -0700] "GET /twitter-icon.png HTTP/1.1" 200 27788 "http://www.secrepo.com/" "Mozilla/5.0 (Windows NT 10.0; WOW64; rv:45.0) Gecko/20100101 Firefox/45.0" 
129.88.67.250 - - [14/Apr/2016:06:59:40 -0700] "GET /GitHub-Mark.png HTTP/1.1" 200 7427 "http://www.secrepo.com/" "Mozilla/5.0 (Windows NT 10.0; WOW64; rv:45.0) Gecko/20100101 Firefox/45.0" 
129.88.67.250 - - [14/Apr/2016:07:01:06 -0700] "GET /maccdc2012/http.log.gz HTTP/1.1" 200 1556360 "http://www.secrepo.com/" "Mozilla/5.0 (Windows NT 10.0; WOW64; rv:45.0) Gecko/20100101 Firefox/45.0" 
129.88.67.250 - - [14/Apr/2016:07:01:10 -0700] "GET /favicon.ico HTTP/1.1" 200 268 "-" "Mozilla/5.0 (Windows NT 10.0; WOW64; rv:45.0) Gecko/20100101 Firefox/45.0" 
129.88.67.250 - - [14/Apr/2016:07:01:15 -0700] "GET /maccdc2012/http.log.gz HTTP/1.1" 200 54258816 "http://www.secrepo.com/" "Mozilla/5.0 (Windows NT 10.0; WOW64; rv:45.0) Gecko/20100101 Firefox/45.0" 
180.76.15.8 - - [14/Apr/2016:07:02:19 -0700] "GET /honeypot/BSidesDFW%20-%202014.ipynb HTTP/1.1" 200 930799 "-" "Mozilla/5.0 (compatible; Baiduspider/2.0; +http://www.baidu.com/search/spider.html)" 
111.23.4.148 - - [14/Apr/2016:07:02:54 -0700] "GET /tg/a.zip HTTP/1.1" 304 132 "-" "Mozilla/5.0 Gecko/20100115 Firefox/3.6" 
188.191.22.190 - - [14/Apr/2016:07:10:19 -0700] "GET / HTTP/1.1" 418 695 "http://www.secrepo.com/" "Mozilla/4.0 (compatible; MSIE 6.0; Windows NT 5.1; SV1)" 
40.77.167.80 - - [14/Apr/2016:07:23:15 -0700] "GET /self.logs/access.log.2016-02-14.gz HTTP/1.1" 200 12683 "-" "Mozilla/5.0 (compatible; bingbot/2.0; +http://www.bing.com/bingbot.htm)" 
40.77.167.94 - - [14/Apr/2016:07:25:43 -0700] "GET /self.logs/access.log.2015-10-19.gz HTTP/1.1" 301 545 "-" "Mozilla/5.0 (compatible; bingbot/2.0; +http://www.bing.com/bingbot.htm)" 
40.77.167.80 - - [14/Apr/2016:07:38:35 -0700] "GET /self.logs/error.log.2015-05-01.gz HTTP/1.1" 200 937 "-" "Mozilla/5.0 (compatible; bingbot/2.0; +http://www.bing.com/bingbot.htm)" 
164.132.161.12 - - [14/Apr/2016:07:43:45 -0700] "GET /self.logs/access.log.2016-01-12.gz HTTP/1.1" 200 7428 "-" "Mozilla/5.0 (compatible; AhrefsBot/5.1; +http://ahrefs.com/robot/)" 
211.137.56.172 - - [14/Apr/2016:07:50:04 -0700] "GET /tg/a.zip HTTP/1.1" 304 132 "-" "Mozilla/5.0 Gecko/20100115 Firefox/3.6" 
157.83.125.12 - - [14/Apr/2016:07:51:56 -0700] "GET / HTTP/1.1" 200 28957 "https://www.google.co.uk/" "Mozilla/5.0 (Windows NT 6.1; WOW64) AppleWebKit/537.36 (KHTML, like Gecko) Chrome/40.0.2214.115 Safari/537.36" 
157.83.125.12 - - [14/Apr/2016:07:51:57 -0700] "GET /twitter-icon.png HTTP/1.1" 200 27787 "http://www.secrepo.com/" "Mozilla/5.0 (Windows NT 6.1; WOW64) AppleWebKit/537.36 (KHTML, like Gecko) Chrome/40.0.2214.115 Safari/537.36" 
157.83.125.12 - - [14/Apr/2016:07:51:57 -0700] "GET /GitHub-Mark.png HTTP/1.1" 200 7428 "http://www.secrepo.com/" "Mozilla/5.0 (Windows NT 6.1; WOW64) AppleWebKit/537.36 (KHTML, like Gecko) Chrome/40.0.2214.115 Safari/537.36" 
157.83.125.12 - - [14/Apr/2016:07:51:58 -0700] "GET /bootstrap/img/favicon.ico HTTP/1.1" 200 589 "-" "Mozilla/5.0 (Windows NT 6.1; WOW64) AppleWebKit/537.36 (KHTML, like Gecko) Chrome/40.0.2214.115 Safari/537.36" 
66.249.84.166 - - [14/Apr/2016:08:06:35 -0700] "GET / HTTP/1.1" 304 189 "-" "Mozilla/5.0 (X11; Linux x86_64) AppleWebKit/537.36 (KHTML, like Gecko) Chrome/49.0.2623.112 Safari/537.36" 
66.249.84.167 - - [14/Apr/2016:08:06:35 -0700] "GET /bootstrap/img/favicon.ico HTTP/1.1" 200 590 "http://www.secrepo.com/" "Mozilla/5.0 (X11; Linux x86_64) AppleWebKit/537.36 (KHTML, like Gecko) Chrome/49.0.2623.112 Safari/537.36" 
111.7.128.40 - - [14/Apr/2016:08:15:21 -0700] "GET /tg/a.zip HTTP/1.1" 304 132 "-" "Mozilla/5.0 Gecko/20100115 Firefox/3.6" 
68.180.230.88 - - [14/Apr/2016:08:15:45 -0700] "GET /self.logs/error.log.2016-01-08.gz HTTP/1.1" 200 787 "-" "Mozilla/5.0 (compatible; Yahoo! Slurp; http://help.yahoo.com/help/us/ysearch/slurp)" 
111.23.10.33 - - [14/Apr/2016:08:17:09 -0700] "GET /tg/a.zip HTTP/1.1" 304 132 "-" "Mozilla/5.0 Gecko/20100115 Firefox/3.6" 
66.249.64.129 - - [14/Apr/2016:08:31:06 -0700] "GET / HTTP/1.1" 200 8801 "-" "Mozilla/5.0 (iPhone; CPU iPhone OS 8_3 like Mac OS X) AppleWebKit/600.1.4 (KHTML, like Gecko) Version/8.0 Mobile/12F70 Safari/600.1.4 (compatible; Googlebot/2.1; +http://www.google.com/bot.html)" 
188.191.22.190 - - [14/Apr/2016:08:51:09 -0700] "GET / HTTP/1.1" 418 695 "http://www.secrepo.com/" "Mozilla/4.0 (compatible; MSIE 6.0; Windows NT 5.1; SV1)" 
40.77.167.62 - - [14/Apr/2016:08:53:19 -0700] "GET /self.logs/error.log.2016-02-14.gz HTTP/1.1" 200 680 "-" "Mozilla/5.0 (compatible; bingbot/2.0; +http://www.bing.com/bingbot.htm)" 
40.77.167.62 - - [14/Apr/2016:08:53:25 -0700] "GET /auth.log/auth.log.gz HTTP/1.1" 301 515 "-" "Mozilla/5.0 (compatible; bingbot/2.0; +http://www.bing.com/bingbot.htm)" 
68.180.230.88 - - [14/Apr/2016:09:19:34 -0700] "GET /robots.txt HTTP/1.1" 200 233 "-" "Mozilla/5.0 (compatible; Yahoo! Slurp; http://help.yahoo.com/help/us/ysearch/slurp)" 
68.180.230.88 - - [14/Apr/2016:09:19:34 -0700] "GET /self.logs/error.log.2015-03-20.gz HTTP/1.1" 200 883 "-" "Mozilla/5.0 (compatible; Yahoo! Slurp; http://help.yahoo.com/help/us/ysearch/slurp)" 
120.25.252.249 - - [14/Apr/2016:09:20:30 -0700] "GET /honeypot/Honeypot%20-%20Howto.pdf HTTP/1.1" 200 1279418 "-" "Mozilla/4.0 (compatible; MSIE 6.0; Windows NT 5.1)" 
117.190.191.170 - - [14/Apr/2016:09:27:08 -0700] "GET /tg/a.zip HTTP/1.1" 304 132 "-" "Mozilla/5.0 Gecko/20100115 Firefox/3.6" 
66.192.187.242 - - [14/Apr/2016:09:29:34 -0700] "GET / HTTP/1.1" 304 189 "-" "Mozilla/5.0 (Macintosh; Intel Mac OS X 10_10_5) AppleWebKit/537.36 (KHTML, like Gecko) Chrome/49.0.2623.112 Safari/537.36" 
117.177.241.60 - - [14/Apr/2016:09:50:29 -0700] "GET /tg/a.zip HTTP/1.1" 304 132 "-" "Mozilla/5.0 Gecko/20100115 Firefox/3.6" 
40.77.167.62 - - [14/Apr/2016:09:53:06 -0700] "GET /self.logs/error.log.2015-08-20.gz HTTP/1.1" 200 954 "-" "Mozilla/5.0 (compatible; bingbot/2.0; +http://www.bing.com/bingbot.htm)" 
220.181.108.177 - - [14/Apr/2016:09:53:36 -0700] "GET /zeus/zeus_json.zip HTTP/1.1" 404 303 "-" "Mozilla/5.0 (compatible; Baiduspider/2.0; +http://www.baidu.com/search/spider.html)" 
123.125.71.33 - - [14/Apr/2016:09:53:47 -0700] "GET /robots.txt HTTP/1.1" 200 297 "-" "Mozilla/5.0 (compatible; Baiduspider/2.0; +http://www.baidu.com/search/spider.html)" 
111.23.4.148 - - [14/Apr/2016:10:03:17 -0700] "GET /tg/a.zip HTTP/1.1" 304 132 "-" "Mozilla/5.0 Gecko/20100115 Firefox/3.6" 
51.255.65.38 - - [14/Apr/2016:10:08:35 -0700] "GET /self.logs/access.log.2015-04-04.gz HTTP/1.1" 200 5298 "-" "Mozilla/5.0 (compatible; AhrefsBot/5.1; +http://ahrefs.com/robot/)" 
207.46.13.137 - - [14/Apr/2016:10:33:12 -0700] "GET /self.logs/error.log.2015-05-22.gz HTTP/1.1" 200 864 "-" "Mozilla/5.0 (compatible; bingbot/2.0; +http://www.bing.com/bingbot.htm)" 
178.255.215.78 - - [14/Apr/2016:10:37:53 -0700] "GET /robots.txt HTTP/1.1" 200 297 "-" "Mozilla/5.0 (compatible; Exabot/3.0; +http://www.exabot.com/go/robot)" 
178.255.215.78 - - [14/Apr/2016:10:37:53 -0700] "GET /self.logs/?C=S;O=A HTTP/1.1" 200 10620 "-" "Mozilla/5.0 (compatible; Exabot/3.0; +http://www.exabot.com/go/robot)" 
73.141.173.154 - - [14/Apr/2016:10:38:08 -0700] "GET / HTTP/1.1" 200 8801 "http://www.bing.com/search?q=secrepo&qs=n&form=QBLH&pq=secrepo&sc=4-7&sp=-1&sk=&cvid=9B978E13E3BE45468750EB95A5AA0D36" "Mozilla/5.0 (Windows NT 10.0; WOW64; rv:45.0) Gecko/20100101 Firefox/45.0" 
73.141.173.154 - - [14/Apr/2016:10:38:08 -0700] "GET /GitHub-Mark.png HTTP/1.1" 200 7428 "http://www.secrepo.com/" "Mozilla/5.0 (Windows NT 10.0; WOW64; rv:45.0) Gecko/20100101 Firefox/45.0" 
73.141.173.154 - - [14/Apr/2016:10:38:08 -0700] "GET /bootstrap/img/favicon.ico HTTP/1.1" 200 589 "-" "Mozilla/5.0 (Windows NT 10.0; WOW64; rv:45.0) Gecko/20100101 Firefox/45.0" 
73.141.173.154 - - [14/Apr/2016:10:38:48 -0700] "GET /self.logs/ HTTP/1.1" 200 9510 "http://www.secrepo.com/" "Mozilla/5.0 (Windows NT 10.0; WOW64; rv:45.0) Gecko/20100101 Firefox/45.0" 
73.141.173.154 - - [14/Apr/2016:10:38:48 -0700] "GET /favicon.ico HTTP/1.1" 200 267 "-" "Mozilla/5.0 (Windows NT 10.0; WOW64; rv:45.0) Gecko/20100101 Firefox/45.0" 
73.141.173.154 - - [14/Apr/2016:10:38:51 -0700] "GET /self.logs/access.log.2015-01-17.gz HTTP/1.1" 200 3597 "http://www.secrepo.com/self.logs/" "Mozilla/5.0 (Windows NT 10.0; WOW64; rv:45.0) Gecko/20100101 Firefox/45.0" 
73.141.173.154 - - [14/Apr/2016:10:38:56 -0700] "GET /self.logs/access.log.2015-01-17.gz HTTP/1.1" 200 3597 "http://www.secrepo.com/self.logs/" "Mozilla/5.0 (Windows NT 10.0; WOW64; rv:45.0) Gecko/20100101 Firefox/45.0" 
73.141.173.154 - - [14/Apr/2016:10:46:37 -0700] "GET / HTTP/1.1" 301 483 "http://www.mlsecproject.org/blog/introducing-secrepo-a-security-data-clearing-house" "Mozilla/5.0 (Windows NT 10.0; WOW64; rv:45.0) Gecko/20100101 Firefox/45.0" 
73.141.173.154 - - [14/Apr/2016:10:46:49 -0700] "GET /maccdc2012/conn.log.gz HTTP/1.1" 200 55285827 "http://www.secrepo.com/" "Mozilla/5.0 (Windows NT 10.0; WOW64; rv:45.0) Gecko/20100101 Firefox/45.0" 
73.141.173.154 - - [14/Apr/2016:10:47:07 -0700] "GET /maccdc2012/http.log.gz HTTP/1.1" 200 54258816 "http://www.secrepo.com/" "Mozilla/5.0 (Windows NT 10.0; WOW64; rv:45.0) Gecko/20100101 Firefox/45.0" 
211.137.56.172 - - [14/Apr/2016:10:50:08 -0700] "GET /tg/a.zip HTTP/1.1" 304 132 "-" "Mozilla/5.0 Gecko/20100115 Firefox/3.6" 
207.46.13.137 - - [14/Apr/2016:11:08:48 -0700] "GET /robots.txt HTTP/1.1" 200 289 "-" "Mozilla/5.0 (compatible; bingbot/2.0; +http://www.bing.com/bingbot.htm)" 
111.7.128.40 - - [14/Apr/2016:11:15:24 -0700] "GET /tg/a.zip HTTP/1.1" 304 132 "-" "Mozilla/5.0 Gecko/20100115 Firefox/3.6" 
111.23.10.33 - - [14/Apr/2016:11:17:15 -0700] "GET /tg/a.zip HTTP/1.1" 304 132 "-" "Mozilla/5.0 Gecko/20100115 Firefox/3.6" 
111.23.10.33 - - [14/Apr/2016:11:17:16 -0700] "GET /tg/a.zip HTTP/1.1" 200 52560 "-" "Mozilla/5.0 Gecko/20100115 Firefox/3.6" 
209.222.5.231 - - [14/Apr/2016:11:25:41 -0700] "GET / HTTP/1.1" 200 8801 "https://www.google.com/" "Mozilla/5.0 (Macintosh; Intel Mac OS X 10_11_2) AppleWebKit/601.3.9 (KHTML, like Gecko) Version/9.0.2 Safari/601.3.9" 
209.222.5.231 - - [14/Apr/2016:11:25:41 -0700] "GET /twitter-icon.png HTTP/1.1" 200 27787 "http://www.secrepo.com/" "Mozilla/5.0 (Macintosh; Intel Mac OS X 10_11_2) AppleWebKit/601.3.9 (KHTML, like Gecko) Version/9.0.2 Safari/601.3.9" 
209.222.5.231 - - [14/Apr/2016:11:25:41 -0700] "GET /GitHub-Mark.png HTTP/1.1" 200 7428 "http://www.secrepo.com/" "Mozilla/5.0 (Macintosh; Intel Mac OS X 10_11_2) AppleWebKit/601.3.9 (KHTML, like Gecko) Version/9.0.2 Safari/601.3.9" 
209.222.5.231 - - [14/Apr/2016:11:25:43 -0700] "GET /bootstrap/img/favicon.ico HTTP/1.1" 200 590 "http://www.secrepo.com/" "Mozilla/5.0 (Macintosh; Intel Mac OS X 10_11_2) AppleWebKit/601.3.9 (KHTML, like Gecko) Version/9.0.2 Safari/601.3.9" 
209.222.5.231 - - [14/Apr/2016:11:27:44 -0700] "GET /Security-Data-Analysis/Lab_1/conn.log.zip HTTP/1.1" 200 79073898 "-" "Mozilla/5.0 (Macintosh; Intel Mac OS X 10_11_2) AppleWebKit/601.3.9 (KHTML, like Gecko) Version/9.0.2 Safari/601.3.9" 
172.73.171.70 - - [14/Apr/2016:11:30:17 -0700] "GET /Security-Data-Analysis/Lab_1/conn.log.zip HTTP/1.1" 200 549098528 "http://www.secrepo.com/" "Mozilla/5.0 (Macintosh; Intel Mac OS X 10_11_2) AppleWebKit/601.3.9 (KHTML, like Gecko) Version/9.0.2 Safari/601.3.9" 
51.255.65.55 - - [14/Apr/2016:11:37:11 -0700] "GET /self.logs/error.log.2015-07-04.gz HTTP/1.1" 200 808 "-" "Mozilla/5.0 (compatible; AhrefsBot/5.1; +http://ahrefs.com/robot/)" 
142.204.244.247 - - [14/Apr/2016:11:49:47 -0700] "GET / HTTP/1.1" 200 8801 "-" "Mozilla/5.0 (Windows NT 10.0; WOW64; rv:45.0) Gecko/20100101 Firefox/45.0" 
142.204.244.247 - - [14/Apr/2016:11:49:48 -0700] "GET /bootstrap/img/favicon.ico HTTP/1.1" 200 589 "-" "Mozilla/5.0 (Windows NT 10.0; WOW64; rv:45.0) Gecko/20100101 Firefox/45.0" 
142.204.244.247 - - [14/Apr/2016:11:49:58 -0700] "GET /GitHub-Mark.png HTTP/1.1" 200 7428 "http://www.secrepo.com/" "Mozilla/5.0 (Windows NT 10.0; WOW64; rv:45.0) Gecko/20100101 Firefox/45.0" 
142.204.244.247 - - [14/Apr/2016:11:49:58 -0700] "GET /twitter-icon.png HTTP/1.1" 200 27788 "http://www.secrepo.com/" "Mozilla/5.0 (Windows NT 10.0; WOW64; rv:45.0) Gecko/20100101 Firefox/45.0" 
142.204.244.247 - - [14/Apr/2016:11:59:24 -0700] "GET /maccdc2012/maccdc2012_full_alert.7z HTTP/1.1" 200 670824 "http://www.secrepo.com/" "Mozilla/5.0 (Windows NT 10.0; WOW64; rv:45.0) Gecko/20100101 Firefox/45.0" 
142.204.244.247 - - [14/Apr/2016:11:59:29 -0700] "GET /maccdc2012/maccdc2012_fast_alert.7z HTTP/1.1" 200 935550 "http://www.secrepo.com/" "Mozilla/5.0 (Windows NT 10.0; WOW64; rv:45.0) Gecko/20100101 Firefox/45.0" 
142.204.244.247 - - [14/Apr/2016:11:59:51 -0700] "GET /tg/a.zip HTTP/1.1" 200 461538 "http://www.secrepo.com/" "Mozilla/5.0 (Windows NT 10.0; WOW64; rv:45.0) Gecko/20100101 Firefox/45.0" 
98.173.216.165 - - [14/Apr/2016:12:00:01 -0700] "GET / HTTP/1.1" 200 8801 "-" "Mozilla/5.0 (Windows NT 6.1; WOW64) AppleWebKit/537.36 (KHTML, like Gecko) Chrome/49.0.2623.112 Safari/537.36" 
98.173.216.165 - - [14/Apr/2016:12:00:05 -0700] "GET /GitHub-Mark.png HTTP/1.1" 200 7428 "http://www.secrepo.com/" "Mozilla/5.0 (Windows NT 6.1; WOW64) AppleWebKit/537.36 (KHTML, like Gecko) Chrome/49.0.2623.112 Safari/537.36" 
98.173.216.165 - - [14/Apr/2016:12:00:05 -0700] "GET /twitter-icon.png HTTP/1.1" 200 27788 "http://www.secrepo.com/" "Mozilla/5.0 (Windows NT 6.1; WOW64) AppleWebKit/537.36 (KHTML, like Gecko) Chrome/49.0.2623.112 Safari/537.36" 
98.173.216.165 - - [14/Apr/2016:12:00:12 -0700] "GET /bootstrap/img/favicon.ico HTTP/1.1" 200 590 "http://www.secrepo.com/" "Mozilla/5.0 (Windows NT 6.1; WOW64) AppleWebKit/537.36 (KHTML, like Gecko) Chrome/49.0.2623.112 Safari/537.36" 
142.204.244.247 - - [14/Apr/2016:11:59:35 -0700] "GET /maccdc2012/maccdc2012_fast_alert.7z HTTP/1.1" 200 2472624 "-" "Mozilla/5.0 (Windows NT 10.0; WOW64; rv:45.0) Gecko/20100101 Firefox/45.0" 
142.204.244.247 - - [14/Apr/2016:11:59:35 -0700] "GET /maccdc2012/maccdc2012_fast_alert.7z HTTP/1.1" 206 2366078 "-" "Mozilla/5.0 (Windows NT 10.0; WOW64; rv:45.0) Gecko/20100101 Firefox/45.0" 
142.204.244.247 - - [14/Apr/2016:12:00:43 -0700] "GET /tg/tg_snort_fast.7z HTTP/1.1" 200 109494 "http://www.secrepo.com/" "Mozilla/5.0 (Windows NT 10.0; WOW64; rv:45.0) Gecko/20100101 Firefox/45.0" 
142.204.244.247 - - [14/Apr/2016:11:59:35 -0700] "GET /maccdc2012/maccdc2012_fast_alert.7z HTTP/1.1" 206 2437974 "-" "Mozilla/5.0 (Windows NT 10.0; WOW64; rv:45.0) Gecko/20100101 Firefox/45.0" 
142.204.244.247 - - [14/Apr/2016:11:59:35 -0700] "GET /maccdc2012/maccdc2012_fast_alert.7z HTTP/1.1" 206 2408868 "-" "Mozilla/5.0 (Windows NT 10.0; WOW64; rv:45.0) Gecko/20100101 Firefox/45.0" 
142.204.244.247 - - [14/Apr/2016:12:00:49 -0700] "GET /tg/tg_snort_fast.7z HTTP/1.1" 200 1155924 "-" "Mozilla/5.0 (Windows NT 10.0; WOW64; rv:45.0) Gecko/20100101 Firefox/45.0" 
142.204.244.247 - - [14/Apr/2016:12:01:21 -0700] "GET /tg/tg_snort_fast.7z HTTP/1.1" 206 1147608 "-" "Mozilla/5.0 (Windows NT 10.0; WOW64; rv:45.0) Gecko/20100101 Firefox/45.0" 
142.204.244.247 - - [14/Apr/2016:12:00:52 -0700] "GET /tg/tg_snort_fast.7z HTTP/1.1" 206 2131855 "-" "Mozilla/5.0 (Windows NT 10.0; WOW64; rv:45.0) Gecko/20100101 Firefox/45.0" 
142.204.244.247 - - [14/Apr/2016:12:00:30 -0700] "GET /tg/a.zip HTTP/1.1" 206 16666650 "-" "Mozilla/5.0 (Windows NT 10.0; WOW64; rv:45.0) Gecko/20100101 Firefox/45.0" 
142.204.244.247 - - [14/Apr/2016:12:00:31 -0700] "GET /tg/a.zip HTTP/1.1" 206 16523424 "-" "Mozilla/5.0 (Windows NT 10.0; WOW64; rv:45.0) Gecko/20100101 Firefox/45.0" 
142.204.244.247 - - [14/Apr/2016:11:59:57 -0700] "GET /tg/a.zip HTTP/1.1" 206 16575174 "-" "Mozilla/5.0 (Windows NT 10.0; WOW64; rv:45.0) Gecko/20100101 Firefox/45.0" 
142.204.244.247 - - [14/Apr/2016:11:59:56 -0700] "GET /tg/a.zip HTTP/1.1" 200 14730408 "-" "Mozilla/5.0 (Windows NT 10.0; WOW64; rv:45.0) Gecko/20100101 Firefox/45.0" 
142.204.244.247 - - [14/Apr/2016:12:07:27 -0700] "GET /tg/a.zip HTTP/1.1" 206 2060982 "-" "Mozilla/5.0 (Windows NT 10.0; WOW64; rv:45.0) Gecko/20100101 Firefox/45.0" 
40.77.167.94 - - [14/Apr/2016:12:18:58 -0700] "GET /self.logs/error.log.2015-11-05.gz HTTP/1.1" 304 188 "-" "Mozilla/5.0 (compatible; bingbot/2.0; +http://www.bing.com/bingbot.htm)" 
207.46.13.137 - - [14/Apr/2016:12:21:59 -0700] "GET /robots.txt HTTP/1.1" 301 518 "-" "Mozilla/5.0 (compatible; bingbot/2.0; +http://www.bing.com/bingbot.htm)" 
207.46.13.137 - - [14/Apr/2016:12:21:59 -0700] "GET /robots.txt HTTP/1.1" 200 288 "-" "Mozilla/5.0 (compatible; bingbot/2.0; +http://www.bing.com/bingbot.htm)" 
117.190.191.170 - - [14/Apr/2016:12:27:07 -0700] "GET /tg/a.zip HTTP/1.1" 304 132 "-" "Mozilla/5.0 Gecko/20100115 Firefox/3.6" 
180.76.15.137 - - [14/Apr/2016:12:27:35 -0700] "GET / HTTP/1.1" 200 21900 "-" "Mozilla/5.0 (compatible; Baiduspider/2.0; +http://www.baidu.com/search/spider.html)" 
180.76.15.147 - - [14/Apr/2016:12:28:08 -0700] "GET / HTTP/1.1" 200 28946 "-" "Mozilla/5.0 (compatible; Baiduspider/2.0; +http://www.baidu.com/search/spider.html)" 
173.36.240.173 - - [14/Apr/2016:12:35:33 -0700] "GET / HTTP/1.1" 200 8801 "http://www.mlsecproject.org/" "Mozilla/5.0 (Macintosh; Intel Mac OS X 10_11_4) AppleWebKit/537.36 (KHTML, like Gecko) Chrome/49.0.2623.110 Safari/537.36" 
173.36.240.173 - - [14/Apr/2016:12:35:34 -0700] "GET /twitter-icon.png HTTP/1.1" 200 27787 "http://www.secrepo.com/" "Mozilla/5.0 (Macintosh; Intel Mac OS X 10_11_4) AppleWebKit/537.36 (KHTML, like Gecko) Chrome/49.0.2623.110 Safari/537.36" 
173.36.240.173 - - [14/Apr/2016:12:35:34 -0700] "GET /GitHub-Mark.png HTTP/1.1" 200 7428 "http://www.secrepo.com/" "Mozilla/5.0 (Macintosh; Intel Mac OS X 10_11_4) AppleWebKit/537.36 (KHTML, like Gecko) Chrome/49.0.2623.110 Safari/537.36" 
173.36.240.173 - - [14/Apr/2016:12:35:34 -0700] "GET /bootstrap/img/favicon.ico HTTP/1.1" 200 589 "http://www.secrepo.com/" "Mozilla/5.0 (Macintosh; Intel Mac OS X 10_11_4) AppleWebKit/537.36 (KHTML, like Gecko) Chrome/49.0.2623.110 Safari/537.36" 
91.200.12.136 - - [14/Apr/2016:12:37:13 -0700] "GET /honeypot/BSidesDFW%20-%202014.ipynb HTTP/1.0" 200 527060 "http://www.secrepo.com/honeypot/BSidesDFW%20-%202014.ipynb" "Mozilla/5.0 (Windows NT 6.3; WOW64) AppleWebKit/537.36 (KHTML, like Gecko) Chrome/48.0.2564.116 Safari/537.36" 
208.115.113.94 - - [14/Apr/2016:12:48:43 -0700] "GET /robots.txt HTTP/1.1" 200 233 "-" "Mozilla/5.0 (compatible; DotBot/1.1; http://www.opensiteexplorer.org/dotbot, help@moz.com)" 
117.177.241.60 - - [14/Apr/2016:12:50:32 -0700] "GET /tg/a.zip HTTP/1.1" 304 132 "-" "Mozilla/5.0 Gecko/20100115 Firefox/3.6" 
91.200.12.136 - - [14/Apr/2016:12:53:46 -0700] "GET /honeypot/BSidesDFW%20-%202014.ipynb HTTP/1.0" 200 497860 "http://www.secrepo.com/honeypot/BSidesDFW%20-%202014.ipynb" "Mozilla/5.0 (Windows NT 10.0; WOW64) AppleWebKit/537.36 (KHTML, like Gecko) Chrome/48.0.2564.103 Safari/537.36" 
111.23.4.148 - - [14/Apr/2016:13:03:18 -0700] "GET /tg/a.zip HTTP/1.1" 304 132 "-" "Mozilla/5.0 Gecko/20100115 Firefox/3.6" 
77.37.130.103 - - [14/Apr/2016:13:09:02 -0700] "GET / HTTP/1.1" 200 8801 "-" "Mozilla/5.0 (Macintosh; Intel Mac OS X 10_11_4) AppleWebKit/601.5.17 (KHTML, like Gecko)" 
77.37.130.103 - - [14/Apr/2016:13:09:02 -0700] "GET /apple-touch-icon-precomposed.png HTTP/1.1" 404 340 "-" "Safari/11601.5.17.1 CFNetwork/760.4.2 Darwin/15.4.0 (x86_64)" 
77.37.130.103 - - [14/Apr/2016:13:09:02 -0700] "GET /apple-touch-icon.png HTTP/1.1" 404 339 "-" "Safari/11601.5.17.1 CFNetwork/760.4.2 Darwin/15.4.0 (x86_64)" 
77.37.130.103 - - [14/Apr/2016:13:09:03 -0700] "GET /apple-touch-icon-precomposed.png HTTP/1.1" 404 339 "-" "Safari/11601.5.17.1 CFNetwork/760.4.2 Darwin/15.4.0 (x86_64)" 
77.37.130.103 - - [14/Apr/2016:13:09:03 -0700] "GET /apple-touch-icon.png HTTP/1.1" 404 339 "-" "Safari/11601.5.17.1 CFNetwork/760.4.2 Darwin/15.4.0 (x86_64)" 
8.18.218.175 - - [14/Apr/2016:13:12:02 -0700] "GET / HTTP/1.1" 200 8801 "http://www.mlsecproject.org/" "Mozilla/5.0 (Macintosh; Intel Mac OS X 10_10_5) AppleWebKit/537.36 (KHTML, like Gecko) Chrome/49.0.2623.112 Safari/537.36" 
8.18.218.175 - - [14/Apr/2016:13:12:02 -0700] "GET /twitter-icon.png HTTP/1.1" 200 27787 "http://www.secrepo.com/" "Mozilla/5.0 (Macintosh; Intel Mac OS X 10_10_5) AppleWebKit/537.36 (KHTML, like Gecko) Chrome/49.0.2623.112 Safari/537.36" 
8.18.218.175 - - [14/Apr/2016:13:12:02 -0700] "GET /GitHub-Mark.png HTTP/1.1" 200 7428 "http://www.secrepo.com/" "Mozilla/5.0 (Macintosh; Intel Mac OS X 10_10_5) AppleWebKit/537.36 (KHTML, like Gecko) Chrome/49.0.2623.112 Safari/537.36" 
8.18.218.175 - - [14/Apr/2016:13:12:02 -0700] "GET /bootstrap/img/favicon.ico HTTP/1.1" 200 589 "http://www.secrepo.com/" "Mozilla/5.0 (Macintosh; Intel Mac OS X 10_10_5) AppleWebKit/537.36 (KHTML, like Gecko) Chrome/49.0.2623.112 Safari/537.36" 
140.182.251.172 - - [14/Apr/2016:13:14:36 -0700] "GET / HTTP/1.1" 200 8801 "https://www.google.com/" "Mozilla/5.0 (Macintosh; Intel Mac OS X 10_11_3) AppleWebKit/537.36 (KHTML, like Gecko) Chrome/47.0.2526.106 Safari/537.36" 
140.182.251.172 - - [14/Apr/2016:13:14:36 -0700] "GET /twitter-icon.png HTTP/1.1" 200 27787 "http://www.secrepo.com/" "Mozilla/5.0 (Macintosh; Intel Mac OS X 10_11_3) AppleWebKit/537.36 (KHTML, like Gecko) Chrome/47.0.2526.106 Safari/537.36" 
140.182.251.172 - - [14/Apr/2016:13:14:36 -0700] "GET /GitHub-Mark.png HTTP/1.1" 200 7428 "http://www.secrepo.com/" "Mozilla/5.0 (Macintosh; Intel Mac OS X 10_11_3) AppleWebKit/537.36 (KHTML, like Gecko) Chrome/47.0.2526.106 Safari/537.36" 
140.182.251.172 - - [14/Apr/2016:13:14:36 -0700] "GET /bootstrap/img/favicon.ico HTTP/1.1" 200 589 "http://www.secrepo.com/" "Mozilla/5.0 (Macintosh; Intel Mac OS X 10_11_3) AppleWebKit/537.36 (KHTML, like Gecko) Chrome/47.0.2526.106 Safari/537.36" 
157.55.39.114 - - [14/Apr/2016:13:22:28 -0700] "GET /honeypot/Honeypot%20-%20Howto%20-%20BSides%20Austin.pdf HTTP/1.1" 200 2928460 "-" "Mozilla/5.0 (iPhone; CPU iPhone OS 7_0 like Mac OS X) AppleWebKit/537.51.1 (KHTML, like Gecko) Version/7.0 Mobile/11A465 Safari/9537.53 (compatible; bingbot/2.0; +http://www.bing.com/bingbot.htm)" 
40.77.167.94 - - [14/Apr/2016:13:22:58 -0700] "GET /robots.txt HTTP/1.1" 200 334 "-" "Mozilla/5.0 (compatible; bingbot/2.0; +http://www.bing.com/bingbot.htm)" 
114.55.61.11 - - [14/Apr/2016:13:28:39 -0700] "GET /honeypot/Honeypot%20-%20Howto.pdf HTTP/1.1" 200 1279418 "-" "Mozilla/4.0 (compatible; MSIE 6.0; Windows NT 5.1)" 
114.55.61.11 - - [14/Apr/2016:13:28:42 -0700] "GET /honeypot/Honeypot%20-%20Howto%20-%20BSides%20Austin.pdf HTTP/1.1" 200 2928404 "-" "Mozilla/4.0 (compatible; MSIE 6.0; Windows NT 5.1)" 
112.74.69.175 - - [14/Apr/2016:13:46:01 -0700] "GET /honeypot/Honeypot%20-%20Howto.pdf HTTP/1.1" 200 1279418 "-" "Mozilla/4.0 (compatible; MSIE 6.0; Windows NT 5.1)" 
207.46.13.137 - - [14/Apr/2016:13:50:05 -0700] "GET /self.logs/access.log.2015-02-08.gz HTTP/1.1" 301 546 "-" "Mozilla/5.0 (compatible; bingbot/2.0; +http://www.bing.com/bingbot.htm)" 
211.137.56.172 - - [14/Apr/2016:13:50:11 -0700] "GET /tg/a.zip HTTP/1.1" 304 132 "-" "Mozilla/5.0 Gecko/20100115 Firefox/3.6" 
208.115.113.94 - - [14/Apr/2016:13:58:00 -0700] "GET /self.logs/?C=M;O=D HTTP/1.1" 200 86786 "-" "Mozilla/5.0 (compatible; DotBot/1.1; http://www.opensiteexplorer.org/dotbot, help@moz.com)" 
78.46.50.246 - - [14/Apr/2016:14:02:11 -0700] "GET /robots.txt HTTP/1.0" 200 252 "-" "Mozilla/5.0 (compatible; MJ12bot/v1.4.5; http://www.majestic12.co.uk/bot.php?+)" 
78.46.50.246 - - [14/Apr/2016:14:02:13 -0700] "GET /honeypot/BSidesDFW%20-%202014.ipynb HTTP/1.0" 200 416100 "-" "Mozilla/5.0 (compatible; MJ12bot/v1.4.5; http://www.majestic12.co.uk/bot.php?+)" 
111.7.128.40 - - [14/Apr/2016:14:15:28 -0700] "GET /tg/a.zip HTTP/1.1" 304 132 "-" "Mozilla/5.0 Gecko/20100115 Firefox/3.6" 
162.90.160.254 - - [14/Apr/2016:14:15:36 -0700] "GET / HTTP/1.1" 301 483 "-" "Mozilla/5.0 (Windows NT 6.1; WOW64; rv:38.0) Gecko/20100101 Firefox/38.0" 
162.90.160.254 - - [14/Apr/2016:14:15:37 -0700] "GET / HTTP/1.1" 200 8801 "-" "Mozilla/5.0 (Windows NT 6.1; WOW64; rv:38.0) Gecko/20100101 Firefox/38.0" 
162.90.160.254 - - [14/Apr/2016:14:15:37 -0700] "GET /bootstrap/img/favicon.ico HTTP/1.1" 200 589 "-" "Mozilla/5.0 (Windows NT 6.1; WOW64; rv:38.0) Gecko/20100101 Firefox/38.0" 
162.90.160.254 - - [14/Apr/2016:14:15:37 -0700] "GET /twitter-icon.png HTTP/1.1" 200 27787 "http://www.secrepo.com/" "Mozilla/5.0 (Windows NT 6.1; WOW64; rv:38.0) Gecko/20100101 Firefox/38.0" 
162.90.160.254 - - [14/Apr/2016:14:15:37 -0700] "GET /GitHub-Mark.png HTTP/1.1" 200 7428 "http://www.secrepo.com/" "Mozilla/5.0 (Windows NT 6.1; WOW64; rv:38.0) Gecko/20100101 Firefox/38.0" 
111.23.10.33 - - [14/Apr/2016:14:17:17 -0700] "GET /tg/a.zip HTTP/1.1" 304 132 "-" "Mozilla/5.0 Gecko/20100115 Firefox/3.6" 
157.55.39.114 - - [14/Apr/2016:14:22:41 -0700] "GET /self.logs/access.log.2016-02-24.gz HTTP/1.1" 200 26795 "-" "Mozilla/5.0 (compatible; bingbot/2.0; +http://www.bing.com/bingbot.htm)" 
207.46.13.137 - - [14/Apr/2016:14:37:55 -0700] "GET /honeypot/Honeypot%20-%20Howto.pdf HTTP/1.1" 200 1279418 "-" "Mozilla/5.0 (iPhone; CPU iPhone OS 7_0 like Mac OS X) AppleWebKit/537.51.1 (KHTML, like Gecko) Version/7.0 Mobile/11A465 Safari/9537.53 (compatible; bingbot/2.0; +http://www.bing.com/bingbot.htm)" 
180.76.15.142 - - [14/Apr/2016:14:51:53 -0700] "GET /self.logs/error.log.2016-01-22 HTTP/1.1" 200 297 "-" "Mozilla/5.0 (compatible; Baiduspider/2.0; +http://www.baidu.com/search/spider.html)" 
157.55.39.114 - - [14/Apr/2016:14:52:55 -0700] "GET /maccdc2012/dhcp.log.gz HTTP/1.1" 200 45019 "-" "Mozilla/5.0 (compatible; bingbot/2.0; +http://www.bing.com/bingbot.htm)" 
157.55.39.24 - - [14/Apr/2016:15:15:42 -0700] "GET /honeypot/BSidesDFW%20-%202014.ipynb HTTP/1.1" 200 930836 "-" "Mozilla/5.0 (iPhone; CPU iPhone OS 7_0 like Mac OS X) AppleWebKit/537.51.1 (KHTML, like Gecko) Version/7.0 Mobile/11A465 Safari/9537.53 (compatible; bingbot/2.0; +http://www.bing.com/bingbot.htm)" 
157.55.39.24 - - [14/Apr/2016:15:15:58 -0700] "GET /self.logs/error.log.2015-03-11.gz HTTP/1.1" 200 725 "-" "Mozilla/5.0 (compatible; bingbot/2.0; +http://www.bing.com/bingbot.htm)" 
40.77.167.94 - - [14/Apr/2016:15:22:32 -0700] "GET /self.logs/access.log.2016-02-15.gz HTTP/1.1" 200 8221 "-" "Mozilla/5.0 (compatible; bingbot/2.0; +http://www.bing.com/bingbot.htm)" 
117.190.191.170 - - [14/Apr/2016:15:27:09 -0700] "GET /tg/a.zip HTTP/1.1" 304 132 "-" "Mozilla/5.0 Gecko/20100115 Firefox/3.6" 
83.143.31.6 - - [14/Apr/2016:15:26:48 -0700] "GET /honeypot/Honeypot%20-%20Howto.pdf HTTP/1.1" 200 1279418 "http://www.secrepo.com/" "Mozilla/5.0 (X11; Ubuntu; Linux i686; rv:34.0) Gecko/20100101 Firefox/34.0" 
117.177.241.60 - - [14/Apr/2016:15:50:34 -0700] "GET /tg/a.zip HTTP/1.1" 304 132 "-" "Mozilla/5.0 Gecko/20100115 Firefox/3.6" 
162.210.196.100 - - [14/Apr/2016:15:54:47 -0700] "GET /robots.txt HTTP/1.0" 200 252 "-" "Mozilla/5.0 (compatible; MJ12bot/v1.4.5; http://www.majestic12.co.uk/bot.php?+)" 
162.210.196.100 - - [14/Apr/2016:15:54:49 -0700] "GET /honeypot/BSidesDFW%20-%202014.ipynb HTTP/1.0" 200 467182 "-" "Mozilla/5.0 (compatible; MJ12bot/v1.4.5; http://www.majestic12.co.uk/bot.php?+)" 
162.210.196.100 - - [14/Apr/2016:15:54:50 -0700] "GET /robots.txt HTTP/1.0" 200 252 "-" "Mozilla/5.0 (compatible; MJ12bot/v1.4.5; http://www.majestic12.co.uk/bot.php?+)" 
162.210.196.100 - - [14/Apr/2016:15:54:52 -0700] "GET /robots.txt HTTP/1.0" 200 252 "-" "Mozilla/5.0 (compatible; MJ12bot/v1.4.5; http://www.majestic12.co.uk/bot.php?+)" 
162.210.196.100 - - [14/Apr/2016:15:54:53 -0700] "GET /self.logs/?C=D;O=A HTTP/1.0" 200 9473 "-" "Mozilla/5.0 (compatible; MJ12bot/v1.4.5; http://www.majestic12.co.uk/bot.php?+)" 
111.23.4.148 - - [14/Apr/2016:16:03:27 -0700] "GET /tg/a.zip HTTP/1.1" 304 132 "-" "Mozilla/5.0 Gecko/20100115 Firefox/3.6" 
104.197.82.233 - - [14/Apr/2016:16:04:26 -0700] "GET /self.logs/access.log.2015-02-14.gz HTTP/1.1" 200 25834 "-" "Python-urllib/2.7" 
66.192.187.242 - - [14/Apr/2016:16:18:36 -0700] "GET / HTTP/1.1" 301 483 "-" "Mozilla/5.0 (Windows NT 6.3; Win64; x64) AppleWebKit/537.36 (KHTML, like Gecko) Chrome/49.0.2623.110 Safari/537.36" 
66.192.187.242 - - [14/Apr/2016:16:18:37 -0700] "GET / HTTP/1.1" 200 8801 "-" "Mozilla/5.0 (Windows NT 6.3; Win64; x64) AppleWebKit/537.36 (KHTML, like Gecko) Chrome/49.0.2623.110 Safari/537.36" 
66.192.187.242 - - [14/Apr/2016:16:18:37 -0700] "GET /GitHub-Mark.png HTTP/1.1" 200 7428 "http://www.secrepo.com/" "Mozilla/5.0 (Windows NT 6.3; Win64; x64) AppleWebKit/537.36 (KHTML, like Gecko) Chrome/49.0.2623.110 Safari/537.36" 
66.192.187.242 - - [14/Apr/2016:16:18:37 -0700] "GET /twitter-icon.png HTTP/1.1" 200 27787 "http://www.secrepo.com/" "Mozilla/5.0 (Windows NT 6.3; Win64; x64) AppleWebKit/537.36 (KHTML, like Gecko) Chrome/49.0.2623.110 Safari/537.36" 
66.192.187.242 - - [14/Apr/2016:16:18:37 -0700] "GET /bootstrap/img/favicon.ico HTTP/1.1" 200 589 "http://www.secrepo.com/" "Mozilla/5.0 (Windows NT 6.3; Win64; x64) AppleWebKit/537.36 (KHTML, like Gecko) Chrome/49.0.2623.110 Safari/537.36" 
157.55.39.24 - - [14/Apr/2016:16:28:48 -0700] "GET /self.logs/error.log.2016-01-29.gz HTTP/1.1" 200 669 "-" "Mozilla/5.0 (compatible; bingbot/2.0; +http://www.bing.com/bingbot.htm)" 
114.98.231.135 - - [14/Apr/2016:16:30:33 -0700] "GET /honeypot/bsidesdfw%20-%202014.ipynb HTTP/1.1" 404 340 "-" "Mozilla/5.0 (Windows NT 6.1; Trident/7.0; rv:11.0) like Gecko" 
164.132.161.89 - - [14/Apr/2016:16:31:43 -0700] "GET /self.logs/error.log.2015-07-03.gz HTTP/1.1" 200 654 "-" "Mozilla/5.0 (compatible; AhrefsBot/5.1; +http://ahrefs.com/robot/)" 
180.76.15.163 - - [14/Apr/2016:16:36:35 -0700] "GET /robots.txt HTTP/1.1" 200 297 "-" "Mozilla/5.0 (Windows NT 5.1; rv:6.0.2) Gecko/20100101 Firefox/6.0.2" 
123.125.71.38 - - [14/Apr/2016:16:41:57 -0700] "GET /robots.txt HTTP/1.1" 200 297 "-" "Mozilla/5.0 (compatible; Baiduspider/2.0; +http://www.baidu.com/search/spider.html)" 
211.137.56.172 - - [14/Apr/2016:16:50:14 -0700] "GET /tg/a.zip HTTP/1.1" 304 132 "-" "Mozilla/5.0 Gecko/20100115 Firefox/3.6" 
66.192.187.242 - - [14/Apr/2016:17:00:21 -0700] "GET /maccdc2012/http.log.gz HTTP/1.1" 200 54258816 "http://www.secrepo.com/" "Mozilla/5.0 (Windows NT 6.3; Win64; x64) AppleWebKit/537.36 (KHTML, like Gecko) Chrome/49.0.2623.110 Safari/537.36" 
63.250.102.252 - - [14/Apr/2016:17:05:52 -0700] "GET / HTTP/1.1" 200 8801 "http://www.mlsecproject.org/" "Mozilla/5.0 (Macintosh; Intel Mac OS X 10_11_3) AppleWebKit/537.36 (KHTML, like Gecko) Chrome/49.0.2623.110 Safari/537.36" 
63.250.102.252 - - [14/Apr/2016:17:05:52 -0700] "GET /twitter-icon.png HTTP/1.1" 200 27787 "http://www.secrepo.com/" "Mozilla/5.0 (Macintosh; Intel Mac OS X 10_11_3) AppleWebKit/537.36 (KHTML, like Gecko) Chrome/49.0.2623.110 Safari/537.36" 
63.250.102.252 - - [14/Apr/2016:17:05:52 -0700] "GET /twitter-icon.png HTTP/1.1" 200 27788 "http://www.secrepo.com/" "Mozilla/5.0 (Macintosh; Intel Mac OS X 10_11_3) AppleWebKit/537.36 (KHTML, like Gecko) Chrome/49.0.2623.110 Safari/537.36" 
63.250.102.252 - - [14/Apr/2016:17:05:52 -0700] "GET /GitHub-Mark.png HTTP/1.1" 200 7428 "http://www.secrepo.com/" "Mozilla/5.0 (Macintosh; Intel Mac OS X 10_11_3) AppleWebKit/537.36 (KHTML, like Gecko) Chrome/49.0.2623.110 Safari/537.36" 
63.250.102.252 - - [14/Apr/2016:17:05:52 -0700] "GET /GitHub-Mark.png HTTP/1.1" 200 7428 "http://www.secrepo.com/" "Mozilla/5.0 (Macintosh; Intel Mac OS X 10_11_3) AppleWebKit/537.36 (KHTML, like Gecko) Chrome/49.0.2623.110 Safari/537.36" 
63.250.102.252 - - [14/Apr/2016:17:09:18 -0700] "GET /honeypot/honeypot.json.zip HTTP/1.1" 200 4631873 "http://www.secrepo.com/" "Mozilla/5.0 (Macintosh; Intel Mac OS X 10_11_3) AppleWebKit/537.36 (KHTML, like Gecko) Chrome/49.0.2623.110 Safari/537.36" 
146.20.68.17 - - [14/Apr/2016:17:09:20 -0700] "GET /robots.txt HTTP/1.1" 301 446 "-" "Tornado-Async-Client" 
146.20.68.17 - - [14/Apr/2016:17:09:20 -0700] "GET /robots.txt HTTP/1.1" 200 304 "-" "Tornado-Async-Client" 
146.20.68.17 - - [14/Apr/2016:17:09:20 -0700] "GET /honeypot/BSidesDFW%20-%202014.ipynb HTTP/1.1" 301 484 "-" "Tornado-Async-Client" 
146.20.68.17 - - [14/Apr/2016:17:09:20 -0700] "GET /honeypot/BSidesDFW%20-%202014.ipynb HTTP/1.1" 200 930780 "-" "Tornado-Async-Client" 
63.250.102.252 - - [14/Apr/2016:17:09:28 -0700] "GET /honeypot/BSidesDFW%20-%202014.ipynb HTTP/1.1" 200 930836 "http://www.secrepo.com/" "Mozilla/5.0 (Macintosh; Intel Mac OS X 10_11_3) AppleWebKit/537.36 (KHTML, like Gecko) Chrome/49.0.2623.110 Safari/537.36" 
63.250.102.252 - - [14/Apr/2016:17:09:32 -0700] "GET /favicon.ico HTTP/1.1" 200 268 "http://www.secrepo.com/honeypot/BSidesDFW%20-%202014.ipynb" "Mozilla/5.0 (Macintosh; Intel Mac OS X 10_11_3) AppleWebKit/537.36 (KHTML, like Gecko) Chrome/49.0.2623.110 Safari/537.36" 
63.250.102.252 - - [14/Apr/2016:17:09:50 -0700] "GET /honeypot/BSidesDFW%20-%202014.ipynb HTTP/1.1" 200 930836 "http://www.secrepo.com/" "Mozilla/5.0 (Macintosh; Intel Mac OS X 10_11_3) AppleWebKit/537.36 (KHTML, like Gecko) Chrome/49.0.2623.110 Safari/537.36" 
111.7.128.40 - - [14/Apr/2016:17:15:29 -0700] "GET /tg/a.zip HTTP/1.1" 304 132 "-" "Mozilla/5.0 Gecko/20100115 Firefox/3.6" 
111.23.10.33 - - [14/Apr/2016:17:17:18 -0700] "GET /tg/a.zip HTTP/1.1" 304 132 "-" "Mozilla/5.0 Gecko/20100115 Firefox/3.6" 
45.33.62.24 - - [14/Apr/2016:17:18:23 -0700] "GET /honeypot/Honeypot - Howto.pdf/RK=0/RS=beXrULOGbTmoNTW5oBWkOICP_FU- HTTP/1.1" 404 284 "http://www.google.com" "Mozilla/4.0 (compatible; MSIE 8.0; Windows NT 5.1; Trident/4.0; .NET4.0C; Alexa Toolbar)" 
157.55.39.114 - - [14/Apr/2016:17:23:47 -0700] "GET /self.logs/error.log.2015-07-31.gz HTTP/1.1" 200 862 "-" "Mozilla/5.0 (compatible; bingbot/2.0; +http://www.bing.com/bingbot.htm)" 
52.27.94.22 - - [14/Apr/2016:17:43:12 -0700] "GET /self.logs/access.log.2015-02-14.gz HTTP/1.1" 200 25834 "-" "Python-urllib/2.7" 
52.27.94.22 - - [14/Apr/2016:17:43:24 -0700] "GET /self.logs/access.log.2015-02-14.gz HTTP/1.1" 200 25834 "-" "Python-urllib/2.7" 
40.77.167.86 - - [14/Apr/2016:17:47:06 -0700] "GET / HTTP/1.1" 301 483 "-" "Mozilla/5.0 (compatible; bingbot/2.0; +http://www.bing.com/bingbot.htm)" 
40.77.167.86 - - [14/Apr/2016:17:50:37 -0700] "GET / HTTP/1.1" 200 8801 "-" "Mozilla/5.0 (compatible; bingbot/2.0; +http://www.bing.com/bingbot.htm)" 
69.30.201.98 - - [14/Apr/2016:18:07:23 -0700] "GET /robots.txt HTTP/1.0" 301 481 "-" "Mozilla/5.0 (compatible; MJ12bot/v1.4.5; http://www.majestic12.co.uk/bot.php?+)" 
69.30.201.98 - - [14/Apr/2016:18:07:23 -0700] "GET /robots.txt HTTP/1.0" 200 252 "-" "Mozilla/5.0 (compatible; MJ12bot/v1.4.5; http://www.majestic12.co.uk/bot.php?+)" 
69.30.201.98 - - [14/Apr/2016:18:07:25 -0700] "GET /honeypot/BSidesDFW%20-%202014.ipynb HTTP/1.0" 301 523 "-" "Mozilla/5.0 (compatible; MJ12bot/v1.4.5; http://www.majestic12.co.uk/bot.php?+)" 
69.30.201.98 - - [14/Apr/2016:18:07:25 -0700] "GET /robots.txt HTTP/1.0" 200 252 "-" "Mozilla/5.0 (compatible; MJ12bot/v1.4.5; http://www.majestic12.co.uk/bot.php?+)" 
69.30.201.98 - - [14/Apr/2016:18:07:27 -0700] "GET /honeypot/BSidesDFW%20-%202014.ipynb HTTP/1.0" 200 277400 "-" "Mozilla/5.0 (compatible; MJ12bot/v1.4.5; http://www.majestic12.co.uk/bot.php?+)" 
