68.180.230.88 - - [02/Apr/2016:01:42:40 -0700] "GET /self.logs/error.log.2015-08-28.gz HTTP/1.1" 200 856 "-" "Mozilla/5.0 (compatible; Yahoo! Slurp; http://help.yahoo.com/help/us/ysearch/slurp)" 
211.137.56.194 - - [02/Apr/2016:01:43:37 -0700] "GET /tg/a.zip HTTP/1.1" 304 132 "-" "Mozilla/5.0 Gecko/20100115 Firefox/3.6" 
211.137.56.172 - - [02/Apr/2016:01:43:44 -0700] "GET /tg/a.zip HTTP/1.1" 304 132 "-" "Mozilla/5.0 Gecko/20100115 Firefox/3.6" 
111.23.10.33 - - [02/Apr/2016:01:52:17 -0700] "GET /tg/a.zip HTTP/1.1" 304 132 "-" "Mozilla/5.0 Gecko/20100115 Firefox/3.6" 
51.255.65.2 - - [02/Apr/2016:01:57:32 -0700] "GET /self.logs/error.log.2015-03-03.gz HTTP/1.1" 200 854 "-" "Mozilla/5.0 (compatible; AhrefsBot/5.1; +http://ahrefs.com/robot/)" 
157.55.39.239 - - [02/Apr/2016:01:58:13 -0700] "GET / HTTP/1.1" 301 483 "-" "Mozilla/5.0 (compatible; bingbot/2.0; +http://www.bing.com/bingbot.htm)" 
157.55.39.239 - - [02/Apr/2016:02:01:29 -0700] "GET / HTTP/1.1" 200 8680 "-" "Mozilla/5.0 (compatible; bingbot/2.0; +http://www.bing.com/bingbot.htm)" 
164.132.161.79 - - [02/Apr/2016:02:04:41 -0700] "GET /self.logs/error.log.2016-03-06.gz HTTP/1.1" 200 1053 "-" "Mozilla/5.0 (compatible; AhrefsBot/5.1; +http://ahrefs.com/robot/)" 
111.7.128.40 - - [02/Apr/2016:02:09:59 -0700] "GET /tg/a.zip HTTP/1.1" 304 132 "-" "Mozilla/5.0 Gecko/20100115 Firefox/3.6" 
207.46.13.25 - - [02/Apr/2016:02:10:57 -0700] "GET /self.logs/access.log.2015-02-15.gz HTTP/1.1" 200 15640 "-" "Mozilla/5.0 (compatible; bingbot/2.0; +http://www.bing.com/bingbot.htm)" 
211.137.56.201 - - [02/Apr/2016:02:12:29 -0700] "GET /tg/a.zip HTTP/1.1" 304 132 "-" "Mozilla/5.0 Gecko/20100115 Firefox/3.6" 
66.249.64.245 - - [02/Apr/2016:02:52:13 -0700] "GET /robots.txt HTTP/1.1" 200 334 "-" "Mozilla/5.0 (compatible; Googlebot/2.1; +http://www.google.com/bot.html)" 
66.249.64.245 - - [02/Apr/2016:02:52:13 -0700] "GET / HTTP/1.1" 200 8679 "-" "Mozilla/5.0 (compatible; Googlebot/2.1; +http://www.google.com/bot.html)" 
218.200.66.203 - - [02/Apr/2016:03:11:23 -0700] "GET /tg/a.zip HTTP/1.1" 304 132 "-" "Mozilla/5.0 Gecko/20100115 Firefox/3.6" 
68.180.230.88 - - [02/Apr/2016:03:13:23 -0700] "GET /self.logs/access.log.2015-09-16.gz HTTP/1.1" 200 5331 "-" "Mozilla/5.0 (compatible; Yahoo! Slurp; http://help.yahoo.com/help/us/ysearch/slurp)" 
117.177.241.60 - - [02/Apr/2016:03:15:42 -0700] "GET /tg/a.zip HTTP/1.1" 304 132 "-" "Mozilla/5.0 Gecko/20100115 Firefox/3.6" 
180.76.15.14 - - [02/Apr/2016:03:20:09 -0700] "GET /self.logs/?C=D;O=D HTTP/1.1" 200 9271 "-" "Mozilla/5.0 (compatible; Baiduspider/2.0; +http://www.baidu.com/search/spider.html)" 
117.190.191.170 - - [02/Apr/2016:03:26:15 -0700] "GET /tg/a.zip HTTP/1.1" 304 132 "-" "Mozilla/5.0 Gecko/20100115 Firefox/3.6" 
207.46.13.25 - - [02/Apr/2016:03:31:59 -0700] "GET /honeypot/Honeypot%20-%20Howto.pdf HTTP/1.1" 200 1279418 "-" "Mozilla/5.0 (iPhone; CPU iPhone OS 7_0 like Mac OS X) AppleWebKit/537.51.1 (KHTML, like Gecko) Version/7.0 Mobile/11A465 Safari/9537.53 (compatible; bingbot/2.0; +http://www.bing.com/bingbot.htm)" 
207.46.13.25 - - [02/Apr/2016:03:32:22 -0700] "GET /honeypot/Honeypot%20-%20Howto%20-%20BSides%20Austin.pdf HTTP/1.1" 200 2928460 "-" "Mozilla/5.0 (compatible; bingbot/2.0; +http://www.bing.com/bingbot.htm)" 
208.115.113.86 - - [02/Apr/2016:03:43:38 -0700] "GET /robots.txt HTTP/1.1" 200 233 "-" "Mozilla/5.0 (compatible; DotBot/1.1; http://www.opensiteexplorer.org/dotbot, help@moz.com)" 
213.144.154.208 - - [02/Apr/2016:03:44:00 -0700] "GET / HTTP/1.1" 200 8680 "https://www.google.ch" "Mozilla/5.0 (Windows NT 10.0; WOW64; rv:45.0) Gecko/20100101 Firefox/45.0" 
213.144.154.208 - - [02/Apr/2016:03:44:00 -0700] "GET /GitHub-Mark.png HTTP/1.1" 200 7427 "http://www.secrepo.com/" "Mozilla/5.0 (Windows NT 10.0; WOW64; rv:45.0) Gecko/20100101 Firefox/45.0" 
192.243.55.134 - - [02/Apr/2016:03:47:43 -0700] "GET /self.logs/error.log.2015-08-01.gz HTTP/1.1" 200 670 "-" "Mozilla/5.0 (compatible; SemrushBot/1~bl; +http://www.semrush.com/bot.html)" 
192.243.55.132 - - [02/Apr/2016:03:51:43 -0700] "GET /self.logs/access.log.2016-02-18.gz HTTP/1.1" 200 9787 "-" "Mozilla/5.0 (compatible; SemrushBot/1~bl; +http://www.semrush.com/bot.html)" 
192.243.55.132 - - [02/Apr/2016:03:55:01 -0700] "GET /self.logs/error.log.2015-11-12.gz HTTP/1.1" 200 1274 "-" "Mozilla/5.0 (compatible; SemrushBot/1~bl; +http://www.semrush.com/bot.html)" 
111.23.4.148 - - [02/Apr/2016:03:55:49 -0700] "GET /tg/a.zip HTTP/1.1" 304 132 "-" "Mozilla/5.0 Gecko/20100115 Firefox/3.6" 
192.243.55.132 - - [02/Apr/2016:03:57:44 -0700] "GET /self.logs/access.log.2015-09-21.gz HTTP/1.1" 200 5487 "-" "Mozilla/5.0 (compatible; SemrushBot/1~bl; +http://www.semrush.com/bot.html)" 
192.243.55.132 - - [02/Apr/2016:03:59:50 -0700] "GET /self.logs/error.log.2015-06-07.gz HTTP/1.1" 200 523 "-" "Mozilla/5.0 (compatible; SemrushBot/1~bl; +http://www.semrush.com/bot.html)" 
192.243.55.134 - - [02/Apr/2016:04:01:25 -0700] "GET /self.logs/error.log.2015-05-15.gz HTTP/1.1" 200 1084 "-" "Mozilla/5.0 (compatible; SemrushBot/1~bl; +http://www.semrush.com/bot.html)" 
192.243.55.131 - - [02/Apr/2016:04:03:04 -0700] "GET /self.logs/error.log.2015-03-31.gz HTTP/1.1" 200 1177 "-" "Mozilla/5.0 (compatible; SemrushBot/1~bl; +http://www.semrush.com/bot.html)" 
14.139.242.99 - - [02/Apr/2016:04:03:27 -0700] "GET / HTTP/1.1" 200 8680 "https://www.google.co.in" "Mozilla/5.0 (Windows NT 10.0; WOW64; rv:45.0) Gecko/20100101 Firefox/45.0" 
14.139.242.99 - - [02/Apr/2016:04:03:27 -0700] "GET /bootstrap/img/favicon.ico HTTP/1.1" 200 589 "-" "Mozilla/5.0 (Windows NT 10.0; WOW64; rv:45.0) Gecko/20100101 Firefox/45.0" 
14.139.242.99 - - [02/Apr/2016:04:03:28 -0700] "GET /twitter-icon.png HTTP/1.1" 200 27787 "http://www.secrepo.com/" "Mozilla/5.0 (Windows NT 10.0; WOW64; rv:45.0) Gecko/20100101 Firefox/45.0" 
14.139.242.99 - - [02/Apr/2016:04:03:28 -0700] "GET /GitHub-Mark.png HTTP/1.1" 200 7428 "http://www.secrepo.com/" "Mozilla/5.0 (Windows NT 10.0; WOW64; rv:45.0) Gecko/20100101 Firefox/45.0" 
192.243.55.133 - - [02/Apr/2016:04:04:41 -0700] "GET /self.logs/access.log.2015-07-08.gz HTTP/1.1" 200 4692 "-" "Mozilla/5.0 (compatible; SemrushBot/1~bl; +http://www.semrush.com/bot.html)" 
192.243.55.133 - - [02/Apr/2016:04:06:12 -0700] "GET /self.logs/access.log.2015-03-12.gz HTTP/1.1" 200 9523 "-" "Mozilla/5.0 (compatible; SemrushBot/1~bl; +http://www.semrush.com/bot.html)" 
192.243.55.136 - - [02/Apr/2016:04:07:48 -0700] "GET /self.logs/error.log.2015-09-02.gz HTTP/1.1" 200 527 "-" "Mozilla/5.0 (compatible; SemrushBot/1~bl; +http://www.semrush.com/bot.html)" 
192.243.55.131 - - [02/Apr/2016:04:09:29 -0700] "GET /self.logs/access.log.2015-06-24.gz HTTP/1.1" 200 4057 "-" "Mozilla/5.0 (compatible; SemrushBot/1~bl; +http://www.semrush.com/bot.html)" 
192.243.55.131 - - [02/Apr/2016:04:11:00 -0700] "GET /self.logs/access.log.2015-12-23.gz HTTP/1.1" 200 10443 "-" "Mozilla/5.0 (compatible; SemrushBot/1~bl; +http://www.semrush.com/bot.html)" 
117.135.252.227 - - [02/Apr/2016:04:12:03 -0700] "GET / HTTP/1.1" 200 28433 "http://www.secrepo.com/" "Mozilla/5.0 (X11; CrOS x86_64 6310.68.0) AppleWebKit/537.36 (KHTML, like Gecko) Chrome/39.0.2171.96 Safari/537.36" 
192.243.55.134 - - [02/Apr/2016:04:12:32 -0700] "GET /self.logs/error.log.2016-01-29.gz HTTP/1.1" 200 632 "-" "Mozilla/5.0 (compatible; SemrushBot/1~bl; +http://www.semrush.com/bot.html)" 
192.243.55.135 - - [02/Apr/2016:04:14:10 -0700] "GET /self.logs/error.log.2015-03-26.gz HTTP/1.1" 200 1096 "-" "Mozilla/5.0 (compatible; SemrushBot/1~bl; +http://www.semrush.com/bot.html)" 
123.125.71.58 - - [02/Apr/2016:04:14:47 -0700] "GET / HTTP/1.1" 301 446 "-" "Mozilla/5.0 (compatible; Baiduspider/2.0; +http://www.baidu.com/search/spider.html)" 
123.125.71.38 - - [02/Apr/2016:04:14:47 -0700] "GET / HTTP/1.1" 304 152 "-" "Mozilla/5.0 (compatible; Baiduspider/2.0; +http://www.baidu.com/search/spider.html)" 
217.23.131.8 - - [02/Apr/2016:04:15:19 -0700] "GET / HTTP/1.1" 304 189 "https://www.google.ru/" "Mozilla/5.0 (Windows NT 6.3; WOW64) AppleWebKit/537.36 (KHTML, like Gecko) Chrome/49.0.2623.87 Safari/537.36 OPR/36.0.2130.46" 
192.243.55.133 - - [02/Apr/2016:04:15:43 -0700] "GET /self.logs/error.log.2015-05-02.gz HTTP/1.1" 200 834 "-" "Mozilla/5.0 (compatible; SemrushBot/1~bl; +http://www.semrush.com/bot.html)" 
192.243.55.131 - - [02/Apr/2016:04:17:08 -0700] "GET /self.logs/error.log.2015-12-17.gz HTTP/1.1" 200 735 "-" "Mozilla/5.0 (compatible; SemrushBot/1~bl; +http://www.semrush.com/bot.html)" 
192.243.55.133 - - [02/Apr/2016:04:18:24 -0700] "GET /self.logs/error.log.2015-11-05.gz HTTP/1.1" 200 1076 "-" "Mozilla/5.0 (compatible; SemrushBot/1~bl; +http://www.semrush.com/bot.html)" 
192.243.55.130 - - [02/Apr/2016:04:19:41 -0700] "GET /maccdc2012/maccdc2012_fast_alert.7z HTTP/1.1" 200 54020 "-" "Mozilla/5.0 (compatible; SemrushBot/1~bl; +http://www.semrush.com/bot.html)" 
192.243.55.136 - - [02/Apr/2016:04:20:59 -0700] "GET /self.logs/error.log.2015-06-10.gz HTTP/1.1" 200 809 "-" "Mozilla/5.0 (compatible; SemrushBot/1~bl; +http://www.semrush.com/bot.html)" 
192.243.55.133 - - [02/Apr/2016:04:22:10 -0700] "GET /self.logs/error.log.2015-01-18.gz HTTP/1.1" 200 1222 "-" "Mozilla/5.0 (compatible; SemrushBot/1~bl; +http://www.semrush.com/bot.html)" 
192.243.55.138 - - [02/Apr/2016:04:23:19 -0700] "GET /self.logs/access.log.2015-05-21.gz HTTP/1.1" 200 4947 "-" "Mozilla/5.0 (compatible; SemrushBot/1~bl; +http://www.semrush.com/bot.html)" 
192.243.55.137 - - [02/Apr/2016:04:23:55 -0700] "GET /self.logs/error.log.2015-09-15.gz HTTP/1.1" 200 724 "-" "Mozilla/5.0 (compatible; SemrushBot/1~bl; +http://www.semrush.com/bot.html)" 
192.243.55.133 - - [02/Apr/2016:04:25:10 -0700] "GET /self.logs/access.log.2015-11-26.gz HTTP/1.1" 200 4702 "-" "Mozilla/5.0 (compatible; SemrushBot/1~bl; +http://www.semrush.com/bot.html)" 
192.243.55.134 - - [02/Apr/2016:04:26:04 -0700] "GET /self.logs/error.log.2015-10-29.gz HTTP/1.1" 200 640 "-" "Mozilla/5.0 (compatible; SemrushBot/1~bl; +http://www.semrush.com/bot.html)" 
192.243.55.132 - - [02/Apr/2016:04:26:50 -0700] "GET /self.logs/access.log.2015-03-05.gz HTTP/1.1" 200 3288 "-" "Mozilla/5.0 (compatible; SemrushBot/1~bl; +http://www.semrush.com/bot.html)" 
192.243.55.138 - - [02/Apr/2016:04:27:44 -0700] "GET /self.logs/error.log.2015-02-25.gz HTTP/1.1" 200 989 "-" "Mozilla/5.0 (compatible; SemrushBot/1~bl; +http://www.semrush.com/bot.html)" 
192.243.55.137 - - [02/Apr/2016:04:28:44 -0700] "GET /self.logs/access.log.2015-11-09.gz HTTP/1.1" 200 6120 "-" "Mozilla/5.0 (compatible; SemrushBot/1~bl; +http://www.semrush.com/bot.html)" 
192.243.55.130 - - [02/Apr/2016:04:29:31 -0700] "GET /self.logs/error.log.2016-02-03.gz HTTP/1.1" 200 729 "-" "Mozilla/5.0 (compatible; SemrushBot/1~bl; +http://www.semrush.com/bot.html)" 
192.243.55.134 - - [02/Apr/2016:04:30:22 -0700] "GET /self.logs/error.log.2016-01-11.gz HTTP/1.1" 200 759 "-" "Mozilla/5.0 (compatible; SemrushBot/1~bl; +http://www.semrush.com/bot.html)" 
192.243.55.130 - - [02/Apr/2016:04:31:15 -0700] "GET /self.logs/error.log.2015-07-13.gz HTTP/1.1" 200 802 "-" "Mozilla/5.0 (compatible; SemrushBot/1~bl; +http://www.semrush.com/bot.html)" 
192.243.55.133 - - [02/Apr/2016:04:32:03 -0700] "GET /self.logs/error.log.2015-10-06.gz HTTP/1.1" 200 523 "-" "Mozilla/5.0 (compatible; SemrushBot/1~bl; +http://www.semrush.com/bot.html)" 
192.243.55.132 - - [02/Apr/2016:04:32:56 -0700] "GET /self.logs/error.log.2015-04-01.gz HTTP/1.1" 200 1088 "-" "Mozilla/5.0 (compatible; SemrushBot/1~bl; +http://www.semrush.com/bot.html)" 
46.119.127.4 - - [02/Apr/2016:04:33:28 -0700] "GET /honeypot/ HTTP/1.1" 200 1077 "http://vucms.com/shop/" "Mozilla/4.0 (compatible; MSIE 6.0; Windows XP)" 
46.119.127.4 - - [02/Apr/2016:04:33:28 -0700] "GET /honeypot/ HTTP/1.1" 200 1077 "http://vucms.com/shop/" "Mozilla/4.0 (compatible; MSIE 6.0; Windows XP)" 
46.119.127.4 - - [02/Apr/2016:04:33:29 -0700] "GET /honeypot/ HTTP/1.1" 200 1077 "http://vucms.com/shop/" "Mozilla/4.0 (compatible; MSIE 6.0; Windows XP)" 
192.243.55.129 - - [02/Apr/2016:04:33:44 -0700] "GET /self.logs/access.log.2015-10-25.gz HTTP/1.1" 200 4423 "-" "Mozilla/5.0 (compatible; SemrushBot/1~bl; +http://www.semrush.com/bot.html)" 
192.243.55.136 - - [02/Apr/2016:04:34:38 -0700] "GET /self.logs/error.log.2015-03-09.gz HTTP/1.1" 200 2255 "-" "Mozilla/5.0 (compatible; SemrushBot/1~bl; +http://www.semrush.com/bot.html)" 
192.243.55.131 - - [02/Apr/2016:04:35:28 -0700] "GET /self.logs/access.log.2015-07-30.gz HTTP/1.1" 200 4058 "-" "Mozilla/5.0 (compatible; SemrushBot/1~bl; +http://www.semrush.com/bot.html)" 
192.243.55.138 - - [02/Apr/2016:04:36:21 -0700] "GET /self.logs/error.log.2015-08-16.gz HTTP/1.1" 200 2656 "-" "Mozilla/5.0 (compatible; SemrushBot/1~bl; +http://www.semrush.com/bot.html)" 
192.243.55.129 - - [02/Apr/2016:04:37:06 -0700] "GET /self.logs/access.log.2015-04-22.gz HTTP/1.1" 200 14685 "-" "Mozilla/5.0 (compatible; SemrushBot/1~bl; +http://www.semrush.com/bot.html)" 
192.243.55.129 - - [02/Apr/2016:04:37:55 -0700] "GET /self.logs/access.log.2015-02-06.gz HTTP/1.1" 200 2842 "-" "Mozilla/5.0 (compatible; SemrushBot/1~bl; +http://www.semrush.com/bot.html)" 
192.243.55.130 - - [02/Apr/2016:04:38:44 -0700] "GET /self.logs/access.log.2016-02-20.gz HTTP/1.1" 200 10101 "-" "Mozilla/5.0 (compatible; SemrushBot/1~bl; +http://www.semrush.com/bot.html)" 
192.243.55.133 - - [02/Apr/2016:04:39:38 -0700] "GET /self.logs/access.log.2015-09-19.gz HTTP/1.1" 200 5491 "-" "Mozilla/5.0 (compatible; SemrushBot/1~bl; +http://www.semrush.com/bot.html)" 
192.243.55.131 - - [02/Apr/2016:04:40:26 -0700] "GET /self.logs/access.log.2015-03-07.gz HTTP/1.1" 200 2711 "-" "Mozilla/5.0 (compatible; SemrushBot/1~bl; +http://www.semrush.com/bot.html)" 
192.243.55.130 - - [02/Apr/2016:04:41:11 -0700] "GET /self.logs/access.log.2015-08-18.gz HTTP/1.1" 200 10594 "-" "Mozilla/5.0 (compatible; SemrushBot/1~bl; +http://www.semrush.com/bot.html)" 
192.243.55.135 - - [02/Apr/2016:04:42:05 -0700] "GET /self.logs/access.log.2015-11-24.gz HTTP/1.1" 200 10480 "-" "Mozilla/5.0 (compatible; SemrushBot/1~bl; +http://www.semrush.com/bot.html)" 
192.243.55.130 - - [02/Apr/2016:04:42:52 -0700] "GET /self.logs/error.log.2015-02-08.gz HTTP/1.1" 200 1067 "-" "Mozilla/5.0 (compatible; SemrushBot/1~bl; +http://www.semrush.com/bot.html)" 
211.137.56.194 - - [02/Apr/2016:04:43:39 -0700] "GET /tg/a.zip HTTP/1.1" 304 132 "-" "Mozilla/5.0 Gecko/20100115 Firefox/3.6" 
192.243.55.133 - - [02/Apr/2016:04:43:39 -0700] "GET /self.logs/error.log.2015-09-17.gz HTTP/1.1" 200 796 "-" "Mozilla/5.0 (compatible; SemrushBot/1~bl; +http://www.semrush.com/bot.html)" 
211.137.56.172 - - [02/Apr/2016:04:43:47 -0700] "GET /tg/a.zip HTTP/1.1" 304 132 "-" "Mozilla/5.0 Gecko/20100115 Firefox/3.6" 
192.243.55.135 - - [02/Apr/2016:04:44:25 -0700] "GET /self.logs/access.log.2015-05-23.gz HTTP/1.1" 200 3837 "-" "Mozilla/5.0 (compatible; SemrushBot/1~bl; +http://www.semrush.com/bot.html)" 
192.243.55.137 - - [02/Apr/2016:04:45:13 -0700] "GET /self.logs/error.log.2015-06-12.gz HTTP/1.1" 200 1004 "-" "Mozilla/5.0 (compatible; SemrushBot/1~bl; +http://www.semrush.com/bot.html)" 
192.243.55.129 - - [02/Apr/2016:04:46:03 -0700] "GET /self.logs/error.log.2015-11-07.gz HTTP/1.1" 200 789 "-" "Mozilla/5.0 (compatible; SemrushBot/1~bl; +http://www.semrush.com/bot.html)" 
192.243.55.137 - - [02/Apr/2016:04:46:48 -0700] "GET /self.logs/error.log.2015-12-15.gz HTTP/1.1" 200 732 "-" "Mozilla/5.0 (compatible; SemrushBot/1~bl; +http://www.semrush.com/bot.html)" 
192.243.55.137 - - [02/Apr/2016:04:47:35 -0700] "GET /self.logs/error.log.2015-03-24.gz HTTP/1.1" 200 1537 "-" "Mozilla/5.0 (compatible; SemrushBot/1~bl; +http://www.semrush.com/bot.html)" 
192.243.55.138 - - [02/Apr/2016:04:48:24 -0700] "GET /self.logs/access.log.2015-10-08.gz HTTP/1.1" 200 3870 "-" "Mozilla/5.0 (compatible; SemrushBot/1~bl; +http://www.semrush.com/bot.html)" 
192.243.55.131 - - [02/Apr/2016:04:49:17 -0700] "GET /self.logs/error.log.2016-03-02.gz HTTP/1.1" 200 724 "-" "Mozilla/5.0 (compatible; SemrushBot/1~bl; +http://www.semrush.com/bot.html)" 
192.243.55.138 - - [02/Apr/2016:04:49:57 -0700] "GET /self.logs/access.log.2016-01-30.gz HTTP/1.1" 200 29200 "-" "Mozilla/5.0 (compatible; SemrushBot/1~bl; +http://www.semrush.com/bot.html)" 
192.243.55.133 - - [02/Apr/2016:04:50:45 -0700] "GET /self.logs/error.log.2015-11-28.gz HTTP/1.1" 200 582 "-" "Mozilla/5.0 (compatible; SemrushBot/1~bl; +http://www.semrush.com/bot.html)" 
192.243.55.135 - - [02/Apr/2016:04:51:28 -0700] "GET /self.logs/access.log.2016-02-22.gz HTTP/1.1" 200 10351 "-" "Mozilla/5.0 (compatible; SemrushBot/1~bl; +http://www.semrush.com/bot.html)" 
192.243.55.136 - - [02/Apr/2016:04:52:17 -0700] "GET /self.logs/access.log.2015-02-04.gz HTTP/1.1" 200 3947 "-" "Mozilla/5.0 (compatible; SemrushBot/1~bl; +http://www.semrush.com/bot.html)" 
111.23.10.33 - - [02/Apr/2016:04:52:19 -0700] "GET /tg/a.zip HTTP/1.1" 304 132 "-" "Mozilla/5.0 Gecko/20100115 Firefox/3.6" 
192.243.55.131 - - [02/Apr/2016:04:53:06 -0700] "GET /self.logs/access.log.2015-04-20.gz HTTP/1.1" 200 4205 "-" "Mozilla/5.0 (compatible; SemrushBot/1~bl; +http://www.semrush.com/bot.html)" 
192.243.55.135 - - [02/Apr/2016:04:53:52 -0700] "GET /self.logs/error.log.2015-08-14.gz HTTP/1.1" 200 3179 "-" "Mozilla/5.0 (compatible; SemrushBot/1~bl; +http://www.semrush.com/bot.html)" 
208.115.113.86 - - [02/Apr/2016:04:53:54 -0700] "GET /self.logs/?C=D;O=A HTTP/1.1" 200 84290 "-" "Mozilla/5.0 (compatible; DotBot/1.1; http://www.opensiteexplorer.org/dotbot, help@moz.com)" 
192.243.55.129 - - [02/Apr/2016:04:54:35 -0700] "GET /self.logs/access.log.2015-10-27.gz HTTP/1.1" 200 6457 "-" "Mozilla/5.0 (compatible; SemrushBot/1~bl; +http://www.semrush.com/bot.html)" 
192.243.55.135 - - [02/Apr/2016:04:55:24 -0700] "GET /self.logs/error.log.2015-04-03.gz HTTP/1.1" 200 895 "-" "Mozilla/5.0 (compatible; SemrushBot/1~bl; +http://www.semrush.com/bot.html)" 
192.243.55.131 - - [02/Apr/2016:04:56:09 -0700] "GET /self.logs/access.log.2015-03-28.gz HTTP/1.1" 200 3437 "-" "Mozilla/5.0 (compatible; SemrushBot/1~bl; +http://www.semrush.com/bot.html)" 
192.243.55.132 - - [02/Apr/2016:04:56:56 -0700] "GET /self.logs/error.log.2015-10-04.gz HTTP/1.1" 200 931 "-" "Mozilla/5.0 (compatible; SemrushBot/1~bl; +http://www.semrush.com/bot.html)" 
192.243.55.137 - - [02/Apr/2016:04:57:40 -0700] "GET /self.logs/error.log.2015-07-11.gz HTTP/1.1" 200 914 "-" "Mozilla/5.0 (compatible; SemrushBot/1~bl; +http://www.semrush.com/bot.html)" 
192.243.55.138 - - [02/Apr/2016:04:58:27 -0700] "GET /maccdc2012/notice.log.gz HTTP/1.1" 200 20742 "-" "Mozilla/5.0 (compatible; SemrushBot/1~bl; +http://www.semrush.com/bot.html)" 
192.243.55.130 - - [02/Apr/2016:04:59:13 -0700] "GET /self.logs/error.log.2016-01-13.gz HTTP/1.1" 200 474 "-" "Mozilla/5.0 (compatible; SemrushBot/1~bl; +http://www.semrush.com/bot.html)" 
192.243.55.133 - - [02/Apr/2016:04:59:58 -0700] "GET /self.logs/access.log.2015-12-19.gz HTTP/1.1" 200 6389 "-" "Mozilla/5.0 (compatible; SemrushBot/1~bl; +http://www.semrush.com/bot.html)" 
192.243.55.135 - - [02/Apr/2016:05:00:39 -0700] "GET /self.logs/error.log.2016-02-01.gz HTTP/1.1" 200 777 "-" "Mozilla/5.0 (compatible; SemrushBot/1~bl; +http://www.semrush.com/bot.html)" 
192.243.55.135 - - [02/Apr/2016:05:01:29 -0700] "GET /self.logs/error.log.2015-02-27.gz HTTP/1.1" 200 825 "-" "Mozilla/5.0 (compatible; SemrushBot/1~bl; +http://www.semrush.com/bot.html)" 
192.243.55.130 - - [02/Apr/2016:05:02:10 -0700] "GET /self.logs/error.log.2015-08-03.gz HTTP/1.1" 200 686 "-" "Mozilla/5.0 (compatible; SemrushBot/1~bl; +http://www.semrush.com/bot.html)" 
192.243.55.131 - - [02/Apr/2016:05:02:53 -0700] "GET /self.logs/access.log.2015-07-25.gz HTTP/1.1" 200 3529 "-" "Mozilla/5.0 (compatible; SemrushBot/1~bl; +http://www.semrush.com/bot.html)" 
192.243.55.129 - - [02/Apr/2016:05:03:38 -0700] "GET /self.logs/access.log.2015-10-30.gz HTTP/1.1" 200 7150 "-" "Mozilla/5.0 (compatible; SemrushBot/1~bl; +http://www.semrush.com/bot.html)" 
192.243.55.131 - - [02/Apr/2016:05:04:29 -0700] "GET /self.logs/access.log.2015-02-13.gz HTTP/1.1" 200 15573 "-" "Mozilla/5.0 (compatible; SemrushBot/1~bl; +http://www.semrush.com/bot.html)" 
192.243.55.135 - - [02/Apr/2016:05:05:06 -0700] "GET /self.logs/access.log.2016-01-27.gz HTTP/1.1" 200 7640 "-" "Mozilla/5.0 (compatible; SemrushBot/1~bl; +http://www.semrush.com/bot.html)" 
192.243.55.137 - - [02/Apr/2016:05:05:49 -0700] "GET /self.logs/error.log.2016-02-16.gz HTTP/1.1" 200 673 "-" "Mozilla/5.0 (compatible; SemrushBot/1~bl; +http://www.semrush.com/bot.html)" 
192.243.55.132 - - [02/Apr/2016:05:06:30 -0700] "GET /self.logs/access.log.2015-06-09.gz HTTP/1.1" 200 8175 "-" "Mozilla/5.0 (compatible; SemrushBot/1~bl; +http://www.semrush.com/bot.html)" 
192.243.55.137 - - [02/Apr/2016:05:07:14 -0700] "GET /self.logs/error.log.2016-01-04.gz HTTP/1.1" 200 651 "-" "Mozilla/5.0 (compatible; SemrushBot/1~bl; +http://www.semrush.com/bot.html)" 
192.243.55.132 - - [02/Apr/2016:05:07:58 -0700] "GET /self.logs/error.log.2015-01-22.gz HTTP/1.1" 200 651 "-" "Mozilla/5.0 (compatible; SemrushBot/1~bl; +http://www.semrush.com/bot.html)" 
192.243.55.133 - - [02/Apr/2016:05:08:45 -0700] "GET /self.logs/error.log.2015-10-13.gz HTTP/1.1" 200 712 "-" "Mozilla/5.0 (compatible; SemrushBot/1~bl; +http://www.semrush.com/bot.html)" 
192.243.55.130 - - [02/Apr/2016:05:09:28 -0700] "GET /self.logs/access.log.2015-08-20.gz HTTP/1.1" 200 5268 "-" "Mozilla/5.0 (compatible; SemrushBot/1~bl; +http://www.semrush.com/bot.html)" 
111.7.128.40 - - [02/Apr/2016:05:10:06 -0700] "GET /tg/a.zip HTTP/1.1" 304 132 "-" "Mozilla/5.0 Gecko/20100115 Firefox/3.6" 
192.243.55.135 - - [02/Apr/2016:05:10:11 -0700] "GET /self.logs/error.log.2015-07-06.gz HTTP/1.1" 200 682 "-" "Mozilla/5.0 (compatible; SemrushBot/1~bl; +http://www.semrush.com/bot.html)" 
192.243.55.136 - - [02/Apr/2016:05:10:52 -0700] "GET /self.logs/error.log.2015-04-14.gz HTTP/1.1" 200 1665 "-" "Mozilla/5.0 (compatible; SemrushBot/1~bl; +http://www.semrush.com/bot.html)" 
192.243.55.132 - - [02/Apr/2016:05:11:35 -0700] "GET /self.logs/access.log.2015-12-21.gz HTTP/1.1" 200 10544 "-" "Mozilla/5.0 (compatible; SemrushBot/1~bl; +http://www.semrush.com/bot.html)" 
192.243.55.134 - - [02/Apr/2016:05:12:18 -0700] "GET /self.logs/access.log.2015-06-26.gz HTTP/1.1" 200 4033 "-" "Mozilla/5.0 (compatible; SemrushBot/1~bl; +http://www.semrush.com/bot.html)" 
211.137.56.201 - - [02/Apr/2016:05:12:33 -0700] "GET /tg/a.zip HTTP/1.1" 304 132 "-" "Mozilla/5.0 Gecko/20100115 Firefox/3.6" 
192.243.55.131 - - [02/Apr/2016:05:13:09 -0700] "GET /self.logs/access.log.2015-03-10.gz HTTP/1.1" 200 13373 "-" "Mozilla/5.0 (compatible; SemrushBot/1~bl; +http://www.semrush.com/bot.html)" 
192.243.55.135 - - [02/Apr/2016:05:13:44 -0700] "GET /self.logs/error.log.2015-07-29.gz HTTP/1.1" 200 705 "-" "Mozilla/5.0 (compatible; SemrushBot/1~bl; +http://www.semrush.com/bot.html)" 
192.243.55.130 - - [02/Apr/2016:05:14:28 -0700] "GET /tg/a.zip HTTP/1.1" 200 48180 "-" "Mozilla/5.0 (compatible; SemrushBot/1~bl; +http://www.semrush.com/bot.html)" 
192.243.55.132 - - [02/Apr/2016:05:15:20 -0700] "GET /self.logs/access.log.2015-04-18.gz HTTP/1.1" 200 5689 "-" "Mozilla/5.0 (compatible; SemrushBot/1~bl; +http://www.semrush.com/bot.html)" 
192.243.55.132 - - [02/Apr/2016:05:16:12 -0700] "GET /self.logs/error.log.2016-03-15.gz HTTP/1.1" 200 623 "-" "Mozilla/5.0 (compatible; SemrushBot/1~bl; +http://www.semrush.com/bot.html)" 
192.243.55.131 - - [02/Apr/2016:05:17:02 -0700] "GET /self.logs/error.log.2015-12-02.gz HTTP/1.1" 200 621 "-" "Mozilla/5.0 (compatible; SemrushBot/1~bl; +http://www.semrush.com/bot.html)" 
192.243.55.130 - - [02/Apr/2016:05:18:00 -0700] "GET /self.logs/access.log.2016-01-08.gz HTTP/1.1" 200 7400 "-" "Mozilla/5.0 (compatible; SemrushBot/1~bl; +http://www.semrush.com/bot.html)" 
192.243.55.129 - - [02/Apr/2016:05:18:46 -0700] "GET /self.logs/error.log.2015-05-17.gz HTTP/1.1" 200 749 "-" "Mozilla/5.0 (compatible; SemrushBot/1~bl; +http://www.semrush.com/bot.html)" 
192.243.55.138 - - [02/Apr/2016:05:19:43 -0700] "GET /self.logs/error.log.2015-06-05.gz HTTP/1.1" 200 637 "-" "Mozilla/5.0 (compatible; SemrushBot/1~bl; +http://www.semrush.com/bot.html)" 
192.243.55.129 - - [02/Apr/2016:05:20:33 -0700] "GET /self.logs/access.log.2015-09-23.gz HTTP/1.1" 200 5775 "-" "Mozilla/5.0 (compatible; SemrushBot/1~bl; +http://www.semrush.com/bot.html)" 
192.243.55.136 - - [02/Apr/2016:05:21:38 -0700] "GET /self.logs/error.log.2015-11-10.gz HTTP/1.1" 200 591 "-" "Mozilla/5.0 (compatible; SemrushBot/1~bl; +http://www.semrush.com/bot.html)" 
192.243.55.136 - - [02/Apr/2016:05:22:31 -0700] "GET /self.logs/error.log.2015-07-28.gz HTTP/1.1" 200 652 "-" "Mozilla/5.0 (compatible; SemrushBot/1~bl; +http://www.semrush.com/bot.html)" 
192.243.55.130 - - [02/Apr/2016:05:23:35 -0700] "GET /data HTTP/1.1" 404 303 "-" "Mozilla/5.0 (compatible; SemrushBot/1~bl; +http://www.semrush.com/bot.html)" 
192.243.55.137 - - [02/Apr/2016:05:24:36 -0700] "GET /self.logs/access.log.2015-03-11.gz HTTP/1.1" 200 2423 "-" "Mozilla/5.0 (compatible; SemrushBot/1~bl; +http://www.semrush.com/bot.html)" 
192.243.55.130 - - [02/Apr/2016:05:25:32 -0700] "GET /self.logs/access.log.2015-06-27.gz HTTP/1.1" 200 5534 "-" "Mozilla/5.0 (compatible; SemrushBot/1~bl; +http://www.semrush.com/bot.html)" 
192.243.55.137 - - [02/Apr/2016:05:26:30 -0700] "GET /self.logs/error.log.2015-09-01.gz HTTP/1.1" 200 681 "-" "Mozilla/5.0 (compatible; SemrushBot/1~bl; +http://www.semrush.com/bot.html)" 
192.243.55.138 - - [02/Apr/2016:05:27:45 -0700] "GET /self.logs/access.log.2015-12-20.gz HTTP/1.1" 200 6461 "-" "Mozilla/5.0 (compatible; SemrushBot/1~bl; +http://www.semrush.com/bot.html)" 
192.243.55.136 - - [02/Apr/2016:05:28:49 -0700] "GET /maccdc2012/ftp.log.gz HTTP/1.1" 200 28843 "-" "Mozilla/5.0 (compatible; SemrushBot/1~bl; +http://www.semrush.com/bot.html)" 
192.243.55.130 - - [02/Apr/2016:05:30:10 -0700] "GET /self.logs/error.log.2016-01-22 HTTP/1.1" 200 297 "-" "Mozilla/5.0 (compatible; SemrushBot/1~bl; +http://www.semrush.com/bot.html)" 
192.243.55.130 - - [02/Apr/2016:05:31:47 -0700] "GET /self.logs/error.log.2015-11-11.gz HTTP/1.1" 200 581 "-" "Mozilla/5.0 (compatible; SemrushBot/1~bl; +http://www.semrush.com/bot.html)" 
192.243.55.129 - - [02/Apr/2016:05:33:32 -0700] "GET /self.logs/error.log.2015-06-04.gz HTTP/1.1" 200 931 "-" "Mozilla/5.0 (compatible; SemrushBot/1~bl; +http://www.semrush.com/bot.html)" 
192.243.55.129 - - [02/Apr/2016:05:35:12 -0700] "GET /self.logs/access.log.2015-09-22.gz HTTP/1.1" 200 5032 "-" "Mozilla/5.0 (compatible; SemrushBot/1~bl; +http://www.semrush.com/bot.html)" 
192.243.55.130 - - [02/Apr/2016:05:36:59 -0700] "GET /self.logs/error.log.2015-05-16.gz HTTP/1.1" 200 615 "-" "Mozilla/5.0 (compatible; SemrushBot/1~bl; +http://www.semrush.com/bot.html)" 
192.243.55.138 - - [02/Apr/2016:05:38:37 -0700] "GET /self.logs/access.log.2016-01-09.gz HTTP/1.1" 200 13008 "-" "Mozilla/5.0 (compatible; SemrushBot/1~bl; +http://www.semrush.com/bot.html)" 
192.243.55.129 - - [02/Apr/2016:05:40:26 -0700] "GET /self.logs/error.log.2015-12-03.gz HTTP/1.1" 200 682 "-" "Mozilla/5.0 (compatible; SemrushBot/1~bl; +http://www.semrush.com/bot.html)" 
192.243.55.138 - - [02/Apr/2016:05:42:04 -0700] "GET /self.logs/error.log.2016-03-14.gz HTTP/1.1" 200 902 "-" "Mozilla/5.0 (compatible; SemrushBot/1~bl; +http://www.semrush.com/bot.html)" 
192.243.55.137 - - [02/Apr/2016:05:43:45 -0700] "GET /self.logs/access.log.2015-04-19.gz HTTP/1.1" 200 4808 "-" "Mozilla/5.0 (compatible; SemrushBot/1~bl; +http://www.semrush.com/bot.html)" 
142.162.164.147 - - [02/Apr/2016:05:43:45 -0700] "GET /bootstrap/img/favicon.ico HTTP/1.1" 200 590 "-" "Mozilla/5.0 (Macintosh; Intel Mac OS X 10.11; rv:45.0) Gecko/20100101 Firefox/45.0" 
73.213.164.31 - - [02/Apr/2016:05:44:50 -0700] "GET / HTTP/1.1" 200 8680 "https://www.google.com/" "Mozilla/5.0 (Macintosh; Intel Mac OS X 10_11_4) AppleWebKit/537.36 (KHTML, like Gecko) Chrome/49.0.2623.110 Safari/537.36" 
73.213.164.31 - - [02/Apr/2016:05:44:50 -0700] "GET /GitHub-Mark.png HTTP/1.1" 200 7428 "http://www.secrepo.com/" "Mozilla/5.0 (Macintosh; Intel Mac OS X 10_11_4) AppleWebKit/537.36 (KHTML, like Gecko) Chrome/49.0.2623.110 Safari/537.36" 
73.213.164.31 - - [02/Apr/2016:05:44:50 -0700] "GET /twitter-icon.png HTTP/1.1" 200 27787 "http://www.secrepo.com/" "Mozilla/5.0 (Macintosh; Intel Mac OS X 10_11_4) AppleWebKit/537.36 (KHTML, like Gecko) Chrome/49.0.2623.110 Safari/537.36" 
73.213.164.31 - - [02/Apr/2016:05:44:50 -0700] "GET /bootstrap/img/favicon.ico HTTP/1.1" 200 589 "http://www.secrepo.com/" "Mozilla/5.0 (Macintosh; Intel Mac OS X 10_11_4) AppleWebKit/537.36 (KHTML, like Gecko) Chrome/49.0.2623.110 Safari/537.36" 
192.243.55.137 - - [02/Apr/2016:05:45:28 -0700] "GET /self.logs/access.log.2016-01-26.gz HTTP/1.1" 200 5546 "-" "Mozilla/5.0 (compatible; SemrushBot/1~bl; +http://www.semrush.com/bot.html)" 
73.213.164.31 - - [02/Apr/2016:05:47:03 -0700] "GET /honeypot/BSidesDFW%20-%202014.ipynb HTTP/1.1" 200 930836 "http://www.secrepo.com/" "Mozilla/5.0 (Macintosh; Intel Mac OS X 10_11_4) AppleWebKit/537.36 (KHTML, like Gecko) Chrome/49.0.2623.110 Safari/537.36" 
73.213.164.31 - - [02/Apr/2016:05:47:06 -0700] "GET /favicon.ico HTTP/1.1" 200 268 "http://www.secrepo.com/honeypot/BSidesDFW%20-%202014.ipynb" "Mozilla/5.0 (Macintosh; Intel Mac OS X 10_11_4) AppleWebKit/537.36 (KHTML, like Gecko) Chrome/49.0.2623.110 Safari/537.36" 
192.243.55.129 - - [02/Apr/2016:05:47:16 -0700] "GET /self.logs/access.log.2015-02-12.gz HTTP/1.1" 200 7034 "-" "Mozilla/5.0 (compatible; SemrushBot/1~bl; +http://www.semrush.com/bot.html)" 
146.20.68.17 - - [02/Apr/2016:05:48:05 -0700] "GET /robots.txt HTTP/1.1" 301 446 "-" "Tornado-Async-Client" 
146.20.68.17 - - [02/Apr/2016:05:48:05 -0700] "GET /robots.txt HTTP/1.1" 200 304 "-" "Tornado-Async-Client" 
146.20.68.17 - - [02/Apr/2016:05:48:05 -0700] "GET /honeypot/BSidesDFW%20-%202014.ipynb HTTP/1.1" 301 484 "-" "Tornado-Async-Client" 
146.20.68.17 - - [02/Apr/2016:05:48:05 -0700] "GET /honeypot/BSidesDFW%20-%202014.ipynb HTTP/1.1" 200 930780 "-" "Tornado-Async-Client" 
192.243.55.138 - - [02/Apr/2016:05:49:34 -0700] "GET /self.logs/access.log.2015-10-31.gz HTTP/1.1" 200 7220 "-" "Mozilla/5.0 (compatible; SemrushBot/1~bl; +http://www.semrush.com/bot.html)" 
192.243.55.129 - - [02/Apr/2016:05:51:51 -0700] "GET /self.logs/error.log.2015-08-02.gz HTTP/1.1" 200 667 "-" "Mozilla/5.0 (compatible; SemrushBot/1~bl; +http://www.semrush.com/bot.html)" 
218.247.180.3 - - [02/Apr/2016:05:56:20 -0700] "GET /honeypot/Honeypot%20-%20Howto.pdf HTTP/1.1" 200 498112 "-" "Mozilla/4.0 (compatible; MSIE 6.0; Windows NT 5.1)" 
218.200.66.203 - - [02/Apr/2016:06:11:31 -0700] "GET /tg/a.zip HTTP/1.1" 304 132 "-" "Mozilla/5.0 Gecko/20100115 Firefox/3.6" 
117.177.241.60 - - [02/Apr/2016:06:15:48 -0700] "GET /tg/a.zip HTTP/1.1" 304 132 "-" "Mozilla/5.0 Gecko/20100115 Firefox/3.6" 
157.55.39.19 - - [02/Apr/2016:06:22:34 -0700] "GET /self.logs/access.log.2015-08-13.gz HTTP/1.1" 200 4659 "-" "Mozilla/5.0 (compatible; bingbot/2.0; +http://www.bing.com/bingbot.htm)" 
117.190.191.170 - - [02/Apr/2016:06:26:15 -0700] "GET /tg/a.zip HTTP/1.1" 304 132 "-" "Mozilla/5.0 Gecko/20100115 Firefox/3.6" 
180.76.15.25 - - [02/Apr/2016:06:26:43 -0700] "GET / HTTP/1.1" 200 21900 "-" "Mozilla/5.0 (compatible; Baiduspider/2.0; +http://www.baidu.com/search/spider.html)" 
180.76.15.139 - - [02/Apr/2016:06:27:16 -0700] "GET / HTTP/1.1" 200 21900 "-" "Mozilla/5.0 (compatible; Baiduspider/2.0; +http://www.baidu.com/search/spider.html)" 
5.230.154.138 - - [02/Apr/2016:06:36:25 -0700] "GET /honeypot/BSidesDFW%20-%202014.ipynb HTTP/1.0" 200 930799 "http://www.secrepo.com/" "Mozilla/5.0 (Windows NT 6.2; WOW64; rv:34.0) Gecko/20100101 Firefox/34.0" 
1.144.97.107 - - [02/Apr/2016:06:38:35 -0700] "GET / HTTP/1.1" 200 8680 "https://www.google.com" "Mozilla/5.0 (Windows NT 10.0; WOW64; rv:45.0) Gecko/20100101 Firefox/45.0" 
1.144.97.107 - - [02/Apr/2016:06:38:37 -0700] "GET /bootstrap/img/favicon.ico HTTP/1.1" 200 589 "-" "Mozilla/5.0 (Windows NT 10.0; WOW64; rv:45.0) Gecko/20100101 Firefox/45.0" 
1.144.97.107 - - [02/Apr/2016:06:38:45 -0700] "GET /twitter-icon.png HTTP/1.1" 200 27788 "http://www.secrepo.com/" "Mozilla/5.0 (Windows NT 10.0; WOW64; rv:45.0) Gecko/20100101 Firefox/45.0" 
1.144.97.107 - - [02/Apr/2016:06:38:45 -0700] "GET /GitHub-Mark.png HTTP/1.1" 200 7428 "http://www.secrepo.com/" "Mozilla/5.0 (Windows NT 10.0; WOW64; rv:45.0) Gecko/20100101 Firefox/45.0" 
1.144.97.107 - - [02/Apr/2016:06:40:13 -0700] "GET /favicon.ico HTTP/1.1" 200 268 "-" "Mozilla/5.0 (Windows NT 10.0; WOW64; rv:45.0) Gecko/20100101 Firefox/45.0" 
51.255.65.74 - - [02/Apr/2016:06:40:59 -0700] "GET /self.logs/access.log.2015-10-14.gz HTTP/1.1" 200 11851 "-" "Mozilla/5.0 (compatible; AhrefsBot/5.1; +http://ahrefs.com/robot/)" 
125.33.78.8 - - [02/Apr/2016:06:55:05 -0700] "GET / HTTP/1.1" 200 8680 "-" "Mozilla/5.0 (Windows NT 10.0; WOW64) AppleWebKit/537.36 (KHTML, like Gecko) Chrome/49.0.2623.87 Safari/537.36" 
125.33.78.8 - - [02/Apr/2016:06:55:05 -0700] "GET /twitter-icon.png HTTP/1.1" 200 27787 "http://www.secrepo.com/" "Mozilla/5.0 (Windows NT 10.0; WOW64) AppleWebKit/537.36 (KHTML, like Gecko) Chrome/49.0.2623.87 Safari/537.36" 
125.33.78.8 - - [02/Apr/2016:06:55:07 -0700] "GET /GitHub-Mark.png HTTP/1.1" 200 7427 "http://www.secrepo.com/" "Mozilla/5.0 (Windows NT 10.0; WOW64) AppleWebKit/537.36 (KHTML, like Gecko) Chrome/49.0.2623.87 Safari/537.36" 
111.23.4.148 - - [02/Apr/2016:06:55:54 -0700] "GET /tg/a.zip HTTP/1.1" 304 132 "-" "Mozilla/5.0 Gecko/20100115 Firefox/3.6" 
69.30.213.82 - - [02/Apr/2016:07:03:14 -0700] "GET /robots.txt HTTP/1.0" 200 252 "-" "Mozilla/5.0 (compatible; MJ12bot/v1.4.5; http://www.majestic12.co.uk/bot.php?+)" 
69.30.213.82 - - [02/Apr/2016:07:03:16 -0700] "GET /honeypot/BSidesDFW%20-%202014.ipynb HTTP/1.0" 200 459900 "-" "Mozilla/5.0 (compatible; MJ12bot/v1.4.5; http://www.majestic12.co.uk/bot.php?+)" 
77.75.77.101 - - [02/Apr/2016:07:04:54 -0700] "GET /robots.txt HTTP/1.1" 200 334 "-" "Mozilla/5.0 (compatible; SeznamBot/3.2; +http://fulltext.sblog.cz/)" 
77.75.77.101 - - [02/Apr/2016:07:04:56 -0700] "GET /self.logs/error.log.2015-03-16.gz HTTP/1.1" 200 944 "-" "Mozilla/5.0 (compatible; SeznamBot/3.2; +http://fulltext.sblog.cz/)" 
157.55.39.239 - - [02/Apr/2016:07:11:49 -0700] "GET /self.logs/error.log.2015-03-01.gz HTTP/1.1" 301 544 "-" "Mozilla/5.0 (compatible; bingbot/2.0; +http://www.bing.com/bingbot.htm)" 
121.40.243.188 - - [02/Apr/2016:07:14:07 -0700] "GET /honeypot/Honeypot%20-%20Howto.pdf HTTP/1.1" 200 259880 "-" "Mozilla/4.0 (compatible; MSIE 6.0; Windows NT 5.1)" 
211.137.56.194 - - [02/Apr/2016:07:43:40 -0700] "GET /tg/a.zip HTTP/1.1" 304 132 "-" "Mozilla/5.0 Gecko/20100115 Firefox/3.6" 
211.137.56.172 - - [02/Apr/2016:07:43:57 -0700] "GET /tg/a.zip HTTP/1.1" 304 132 "-" "Mozilla/5.0 Gecko/20100115 Firefox/3.6" 
111.23.10.33 - - [02/Apr/2016:07:52:30 -0700] "GET /tg/a.zip HTTP/1.1" 304 132 "-" "Mozilla/5.0 Gecko/20100115 Firefox/3.6" 
66.249.64.129 - - [02/Apr/2016:07:59:12 -0700] "GET / HTTP/1.1" 200 8680 "-" "Mozilla/5.0 (compatible; Googlebot/2.1; +http://www.google.com/bot.html)" 
111.7.128.40 - - [02/Apr/2016:08:10:13 -0700] "GET /tg/a.zip HTTP/1.1" 304 132 "-" "Mozilla/5.0 Gecko/20100115 Firefox/3.6" 
211.137.56.201 - - [02/Apr/2016:08:12:38 -0700] "GET /tg/a.zip HTTP/1.1" 304 132 "-" "Mozilla/5.0 Gecko/20100115 Firefox/3.6" 
141.8.132.22 - - [02/Apr/2016:08:20:23 -0700] "GET / HTTP/1.1" 200 8680 "-" "Mozilla/5.0 (compatible; YandexBot/3.0; +http://yandex.com/bots)" 
68.180.230.88 - - [02/Apr/2016:08:26:08 -0700] "GET /robots.txt HTTP/1.1" 200 233 "-" "Mozilla/5.0 (compatible; Yahoo! Slurp; http://help.yahoo.com/help/us/ysearch/slurp)" 
68.180.230.88 - - [02/Apr/2016:08:26:09 -0700] "GET /self.logs/access.log.2015-12-15.gz HTTP/1.1" 200 8836 "-" "Mozilla/5.0 (compatible; Yahoo! Slurp; http://help.yahoo.com/help/us/ysearch/slurp)" 
151.80.31.183 - - [02/Apr/2016:08:35:54 -0700] "GET /self.logs/error.log.2015-08-08.gz HTTP/1.1" 200 723 "-" "Mozilla/5.0 (compatible; AhrefsBot/5.1; +http://ahrefs.com/robot/)" 
51.255.65.42 - - [02/Apr/2016:08:40:26 -0700] "GET /self.logs/error.log.2015-04-18.gz HTTP/1.1" 200 1051 "-" "Mozilla/5.0 (compatible; AhrefsBot/5.1; +http://ahrefs.com/robot/)" 
51.255.65.70 - - [02/Apr/2016:08:43:24 -0700] "GET /self.logs/error.log.2016-01-20.gz HTTP/1.1" 200 915 "-" "Mozilla/5.0 (compatible; AhrefsBot/5.1; +http://ahrefs.com/robot/)" 
192.243.55.134 - - [02/Apr/2016:08:43:31 -0700] "GET /self.logs/access.log.2015-07-24.gz HTTP/1.1" 200 4106 "-" "Mozilla/5.0 (compatible; SemrushBot/1~bl; +http://www.semrush.com/bot.html)" 
192.243.55.132 - - [02/Apr/2016:08:48:36 -0700] "GET /self.logs/error.log.2015-04-15.gz HTTP/1.1" 200 857 "-" "Mozilla/5.0 (compatible; SemrushBot/1~bl; +http://www.semrush.com/bot.html)" 
220.181.108.113 - - [02/Apr/2016:08:47:55 -0700] "GET /tg/c.zip HTTP/1.1" 200 10514920 "-" "Mozilla/5.0 (compatible; Baiduspider/2.0; +http://www.baidu.com/search/spider.html)" 
192.243.55.132 - - [02/Apr/2016:08:51:59 -0700] "GET /self.logs/access.log.2015-08-21.gz HTTP/1.1" 200 4303 "-" "Mozilla/5.0 (compatible; SemrushBot/1~bl; +http://www.semrush.com/bot.html)" 
199.116.169.254 - - [02/Apr/2016:08:53:29 -0700] "GET / HTTP/1.1" 200 28433 "-" "Mozilla/4.0 (compatible; MSIE 7.0; Windows NT 5.1; InfoPath.1; .NET CLR 2.0.50727; .NET CLR 1.1.4322; MS-RTC LM 8; .NET CLR 3.0.4506.2152; .NET CLR 3.5.30729)" 
8.28.16.254 - - [02/Apr/2016:08:53:48 -0700] "GET / HTTP/1.1" 200 28433 "-" "Mozilla/4.0 (compatible; MSIE 7.0; Windows NT 5.1; InfoPath.1; .NET CLR 2.0.50727; .NET CLR 1.1.4322; MS-RTC LM 8; .NET CLR 3.0.4506.2152; .NET CLR 3.5.30729)" 
192.243.55.134 - - [02/Apr/2016:08:55:18 -0700] "GET /self.logs/error.log.2015-07-07.gz HTTP/1.1" 200 655 "-" "Mozilla/5.0 (compatible; SemrushBot/1~bl; +http://www.semrush.com/bot.html)" 
122.178.198.19 - - [02/Apr/2016:08:57:26 -0700] "GET / HTTP/1.1" 200 8680 "-" "Mozilla/5.0 (Macintosh; Intel Mac OS X 10_11_3) AppleWebKit/601.4.4 (KHTML, like Gecko)" 
122.178.198.19 - - [02/Apr/2016:08:57:29 -0700] "GET /apple-touch-icon-precomposed.png HTTP/1.1" 404 340 "-" "Safari/11601.4.4 CFNetwork/760.2.6 Darwin/15.3.0 (x86_64)" 
122.178.198.19 - - [02/Apr/2016:08:57:30 -0700] "GET /apple-touch-icon.png HTTP/1.1" 404 339 "-" "Safari/11601.4.4 CFNetwork/760.2.6 Darwin/15.3.0 (x86_64)" 
122.178.198.19 - - [02/Apr/2016:08:57:30 -0700] "GET /apple-touch-icon-precomposed.png HTTP/1.1" 404 339 "-" "Safari/11601.4.4 CFNetwork/760.2.6 Darwin/15.3.0 (x86_64)" 
122.178.198.19 - - [02/Apr/2016:08:57:30 -0700] "GET /apple-touch-icon.png HTTP/1.1" 404 339 "-" "Safari/11601.4.4 CFNetwork/760.2.6 Darwin/15.3.0 (x86_64)" 
192.243.55.132 - - [02/Apr/2016:08:57:34 -0700] "GET /self.logs/error.log.2015-10-12.gz HTTP/1.1" 200 1954 "-" "Mozilla/5.0 (compatible; SemrushBot/1~bl; +http://www.semrush.com/bot.html)" 
192.243.55.131 - - [02/Apr/2016:08:59:48 -0700] "GET /self.logs/error.log.2016-01-05.gz HTTP/1.1" 200 561 "-" "Mozilla/5.0 (compatible; SemrushBot/1~bl; +http://www.semrush.com/bot.html)" 
192.243.55.132 - - [02/Apr/2016:09:02:02 -0700] "GET /self.logs/error.log.2015-01-23.gz HTTP/1.1" 200 610 "-" "Mozilla/5.0 (compatible; SemrushBot/1~bl; +http://www.semrush.com/bot.html)" 
178.137.83.165 - - [02/Apr/2016:09:02:25 -0700] "GET /honeypot/ HTTP/1.1" 200 1077 "http://www.rospromtest.ru/" "Mozilla/4.0 (compatible; MSIE 6.0; Windows NT 5.1; SV1; InfoPath.1" 
178.137.83.165 - - [02/Apr/2016:09:02:26 -0700] "GET /honeypot/ HTTP/1.1" 200 1077 "http://www.rospromtest.ru/" "Mozilla/4.0 (compatible; MSIE 6.0; Windows NT 5.1; SV1; InfoPath.1" 
178.137.83.165 - - [02/Apr/2016:09:02:27 -0700] "GET /honeypot/ HTTP/1.1" 200 1077 "http://www.rospromtest.ru/" "Mozilla/4.0 (compatible; MSIE 6.0; Windows NT 5.1; SV1; InfoPath.1" 
157.55.39.239 - - [02/Apr/2016:09:03:12 -0700] "GET /maccdc2012/ftp.log.gz HTTP/1.1" 200 128116 "-" "Mozilla/5.0 (compatible; bingbot/2.0; +http://www.bing.com/bingbot.htm)" 
192.243.55.132 - - [02/Apr/2016:09:04:17 -0700] "GET /self.logs/access.log.2015-06-08.gz HTTP/1.1" 200 4183 "-" "Mozilla/5.0 (compatible; SemrushBot/1~bl; +http://www.semrush.com/bot.html)" 
192.243.55.131 - - [02/Apr/2016:09:06:21 -0700] "GET /self.logs/error.log.2016-02-17.gz HTTP/1.1" 200 831 "-" "Mozilla/5.0 (compatible; SemrushBot/1~bl; +http://www.semrush.com/bot.html)" 
192.243.55.132 - - [02/Apr/2016:09:08:34 -0700] "GET /self.logs/access.log.2015-10-26.gz HTTP/1.1" 200 6387 "-" "Mozilla/5.0 (compatible; SemrushBot/1~bl; +http://www.semrush.com/bot.html)" 
192.243.55.131 - - [02/Apr/2016:09:10:49 -0700] "GET /self.logs/error.log.2015-08-15.gz HTTP/1.1" 200 650 "-" "Mozilla/5.0 (compatible; SemrushBot/1~bl; +http://www.semrush.com/bot.html)" 
218.200.66.203 - - [02/Apr/2016:09:11:36 -0700] "GET /tg/a.zip HTTP/1.1" 304 132 "-" "Mozilla/5.0 Gecko/20100115 Firefox/3.6" 
123.182.150.32 - - [02/Apr/2016:09:12:35 -0700] "GET /honeypot/BSidesDFW%20-%202014.ipynb HTTP/1.1" 200 334080 "-" "Mozilla/5.0 (Windows NT 6.1; Trident/7.0; rv:11.0) like Gecko" 
192.243.55.132 - - [02/Apr/2016:09:12:59 -0700] "GET /self.logs/access.log.2015-04-21.gz HTTP/1.1" 200 6686 "-" "Mozilla/5.0 (compatible; SemrushBot/1~bl; +http://www.semrush.com/bot.html)" 
192.243.55.131 - - [02/Apr/2016:09:15:13 -0700] "GET /self.logs/access.log.2016-02-23.gz HTTP/1.1" 200 10176 "-" "Mozilla/5.0 (compatible; SemrushBot/1~bl; +http://www.semrush.com/bot.html)" 
117.177.241.60 - - [02/Apr/2016:09:15:50 -0700] "GET /tg/a.zip HTTP/1.1" 304 132 "-" "Mozilla/5.0 Gecko/20100115 Firefox/3.6" 
192.243.55.135 - - [02/Apr/2016:09:16:41 -0700] "GET /self.logs/error.log.2015-11-29.gz HTTP/1.1" 200 623 "-" "Mozilla/5.0 (compatible; SemrushBot/1~bl; +http://www.semrush.com/bot.html)" 
192.243.55.135 - - [02/Apr/2016:09:18:22 -0700] "GET /self.logs/access.log.2015-02-05.gz HTTP/1.1" 200 3517 "-" "Mozilla/5.0 (compatible; SemrushBot/1~bl; +http://www.semrush.com/bot.html)" 
192.243.55.131 - - [02/Apr/2016:09:19:56 -0700] "GET /self.logs/access.log.2016-01-31.gz HTTP/1.1" 200 5774 "-" "Mozilla/5.0 (compatible; SemrushBot/1~bl; +http://www.semrush.com/bot.html)" 
157.55.39.43 - - [02/Apr/2016:09:20:02 -0700] "GET /self.logs/access.log.2015-04-11.gz HTTP/1.1" 200 5538 "-" "Mozilla/5.0 (compatible; bingbot/2.0; +http://www.bing.com/bingbot.htm)" 
192.243.55.131 - - [02/Apr/2016:09:21:33 -0700] "GET /self.logs/access.log.2015-01-17.gz HTTP/1.1" 200 3560 "-" "Mozilla/5.0 (compatible; SemrushBot/1~bl; +http://www.semrush.com/bot.html)" 
139.196.181.68 - - [02/Apr/2016:09:22:12 -0700] "GET /honeypot/Honeypot%20-%20Howto.pdf HTTP/1.1" 200 1279418 "-" "Mozilla/4.0 (compatible; MSIE 6.0; Windows NT 5.1)" 
192.243.55.135 - - [02/Apr/2016:09:23:15 -0700] "GET /self.logs/error.log.2015-02-26.gz HTTP/1.1" 200 1013 "-" "Mozilla/5.0 (compatible; SemrushBot/1~bl; +http://www.semrush.com/bot.html)" 
192.243.55.134 - - [02/Apr/2016:09:24:47 -0700] "GET /self.logs/access.log.2015-12-18.gz HTTP/1.1" 200 4154 "-" "Mozilla/5.0 (compatible; SemrushBot/1~bl; +http://www.semrush.com/bot.html)" 
77.75.78.169 - - [02/Apr/2016:09:25:42 -0700] "GET /robots.txt HTTP/1.1" 200 334 "-" "Mozilla/5.0 (compatible; SeznamBot/3.2; +http://fulltext.sblog.cz/)" 
77.75.78.169 - - [02/Apr/2016:09:25:47 -0700] "GET /self.logs/error.log.2015-05-26.gz HTTP/1.1" 200 782 "-" "Mozilla/5.0 (compatible; SeznamBot/3.2; +http://fulltext.sblog.cz/)" 
192.243.55.135 - - [02/Apr/2016:09:25:56 -0700] "GET /self.logs/error.log.2016-01-12.gz HTTP/1.1" 200 586 "-" "Mozilla/5.0 (compatible; SemrushBot/1~bl; +http://www.semrush.com/bot.html)" 
117.190.191.170 - - [02/Apr/2016:09:26:17 -0700] "GET /tg/a.zip HTTP/1.1" 304 132 "-" "Mozilla/5.0 Gecko/20100115 Firefox/3.6" 
192.243.55.132 - - [02/Apr/2016:09:27:11 -0700] "GET /self.logs/error.log.2015-07-10.gz HTTP/1.1" 200 866 "-" "Mozilla/5.0 (compatible; SemrushBot/1~bl; +http://www.semrush.com/bot.html)" 
192.243.55.134 - - [02/Apr/2016:09:28:33 -0700] "GET /self.logs/access.log.2015-03-29.gz HTTP/1.1" 200 3467 "-" "Mozilla/5.0 (compatible; SemrushBot/1~bl; +http://www.semrush.com/bot.html)" 
192.243.55.131 - - [02/Apr/2016:09:29:45 -0700] "GET /self.logs/error.log.2015-10-05.gz HTTP/1.1" 200 606 "-" "Mozilla/5.0 (compatible; SemrushBot/1~bl; +http://www.semrush.com/bot.html)" 
192.243.55.131 - - [02/Apr/2016:09:31:00 -0700] "GET /self.logs/error.log.2015-04-02.gz HTTP/1.1" 200 1019 "-" "Mozilla/5.0 (compatible; SemrushBot/1~bl; +http://www.semrush.com/bot.html)" 
192.243.55.131 - - [02/Apr/2016:09:31:56 -0700] "GET /self.logs/access.log.2015-05-22.gz HTTP/1.1" 200 4701 "-" "Mozilla/5.0 (compatible; SemrushBot/1~bl; +http://www.semrush.com/bot.html)" 
192.243.55.137 - - [02/Apr/2016:09:32:59 -0700] "GET /self.logs/access.log.2015-06-30.gz HTTP/1.1" 200 5321 "-" "Mozilla/5.0 (compatible; SemrushBot/1~bl; +http://www.semrush.com/bot.html)" 
192.243.55.134 - - [02/Apr/2016:09:33:58 -0700] "GET /self.logs/error.log.2015-09-16.gz HTTP/1.1" 200 776 "-" "Mozilla/5.0 (compatible; SemrushBot/1~bl; +http://www.semrush.com/bot.html)" 
192.243.55.134 - - [02/Apr/2016:09:35:05 -0700] "GET /self.logs/access.log.2015-11-25.gz HTTP/1.1" 200 8015 "-" "Mozilla/5.0 (compatible; SemrushBot/1~bl; +http://www.semrush.com/bot.html)" 
192.243.55.135 - - [02/Apr/2016:09:36:05 -0700] "GET /self.logs/error.log.2015-02-09.gz HTTP/1.1" 200 1259 "-" "Mozilla/5.0 (compatible; SemrushBot/1~bl; +http://www.semrush.com/bot.html)" 
192.243.55.135 - - [02/Apr/2016:09:37:11 -0700] "GET /self.logs/access.log.2015-08-19.gz HTTP/1.1" 200 5095 "-" "Mozilla/5.0 (compatible; SemrushBot/1~bl; +http://www.semrush.com/bot.html)" 
192.243.55.130 - - [02/Apr/2016:09:38:18 -0700] "GET /zeus/zeus_json.zip HTTP/1.1" 404 303 "-" "Mozilla/5.0 (compatible; SemrushBot/1~bl; +http://www.semrush.com/bot.html)" 
192.243.55.130 - - [02/Apr/2016:09:39:17 -0700] "GET /self.logs/access.log.2015-03-06.gz HTTP/1.1" 200 2399 "-" "Mozilla/5.0 (compatible; SemrushBot/1~bl; +http://www.semrush.com/bot.html)" 
192.243.55.135 - - [02/Apr/2016:09:40:16 -0700] "GET /maccdc2012/ssl.log.gz HTTP/1.1" 200 28844 "-" "Mozilla/5.0 (compatible; SemrushBot/1~bl; +http://www.semrush.com/bot.html)" 
192.243.55.132 - - [02/Apr/2016:09:41:21 -0700] "GET /self.logs/error.log.2015-03-25.gz HTTP/1.1" 200 928 "-" "Mozilla/5.0 (compatible; SemrushBot/1~bl; +http://www.semrush.com/bot.html)" 
192.243.55.132 - - [02/Apr/2016:09:42:10 -0700] "GET /self.logs/error.log.2016-03-03.gz HTTP/1.1" 200 1143 "-" "Mozilla/5.0 (compatible; SemrushBot/1~bl; +http://www.semrush.com/bot.html)" 
192.243.55.131 - - [02/Apr/2016:09:42:59 -0700] "GET /self.logs/access.log.2015-10-09.gz HTTP/1.1" 200 7704 "-" "Mozilla/5.0 (compatible; SemrushBot/1~bl; +http://www.semrush.com/bot.html)" 
192.243.55.133 - - [02/Apr/2016:09:43:51 -0700] "GET /self.logs/error.log.2015-05-01.gz HTTP/1.1" 200 900 "-" "Mozilla/5.0 (compatible; SemrushBot/1~bl; +http://www.semrush.com/bot.html)" 
192.243.55.133 - - [02/Apr/2016:09:44:49 -0700] "GET /self.logs/error.log.2015-12-14.gz HTTP/1.1" 200 643 "-" "Mozilla/5.0 (compatible; SemrushBot/1~bl; +http://www.semrush.com/bot.html)" 
192.243.55.131 - - [02/Apr/2016:09:45:35 -0700] "GET / HTTP/1.1" 200 8643 "-" "Mozilla/5.0 (compatible; SemrushBot/1~bl; +http://www.semrush.com/bot.html)" 
192.243.55.133 - - [02/Apr/2016:09:46:24 -0700] "GET /self.logs/error.log.2015-11-06.gz HTTP/1.1" 200 672 "-" "Mozilla/5.0 (compatible; SemrushBot/1~bl; +http://www.semrush.com/bot.html)" 
192.243.55.134 - - [02/Apr/2016:09:47:04 -0700] "GET /self.logs/error.log.2015-06-13.gz HTTP/1.1" 200 565 "-" "Mozilla/5.0 (compatible; SemrushBot/1~bl; +http://www.semrush.com/bot.html)" 
192.243.55.137 - - [02/Apr/2016:09:47:50 -0700] "GET /self.logs/error.log.2016-02-13.gz HTTP/1.1" 200 812 "-" "Mozilla/5.0 (compatible; SemrushBot/1~bl; +http://www.semrush.com/bot.html)" 
192.243.55.131 - - [02/Apr/2016:09:48:29 -0700] "GET /self.logs/access.log.2015-11-19.gz HTTP/1.1" 200 11880 "-" "Mozilla/5.0 (compatible; SemrushBot/1~bl; +http://www.semrush.com/bot.html)" 
192.243.55.134 - - [02/Apr/2016:09:49:03 -0700] "GET /self.logs/error.log.2015-01-27.gz HTTP/1.1" 200 635 "-" "Mozilla/5.0 (compatible; SemrushBot/1~bl; +http://www.semrush.com/bot.html)" 
192.243.55.129 - - [02/Apr/2016:09:49:34 -0700] "GET /self.logs/error.log.2016-01-01.gz HTTP/1.1" 200 539 "-" "Mozilla/5.0 (compatible; SemrushBot/1~bl; +http://www.semrush.com/bot.html)" 
192.243.55.134 - - [02/Apr/2016:09:50:09 -0700] "GET /self.logs/error.log.2015-07-03.gz HTTP/1.1" 200 673 "-" "Mozilla/5.0 (compatible; SemrushBot/1~bl; +http://www.semrush.com/bot.html)" 
192.243.55.137 - - [02/Apr/2016:09:50:45 -0700] "GET /self.logs/access.log.2015-08-25.gz HTTP/1.1" 200 6475 "-" "Mozilla/5.0 (compatible; SemrushBot/1~bl; +http://www.semrush.com/bot.html)" 
192.243.55.135 - - [02/Apr/2016:09:51:19 -0700] "GET /self.logs/error.log.2015-10-16.gz HTTP/1.1" 200 774 "-" "Mozilla/5.0 (compatible; SemrushBot/1~bl; +http://www.semrush.com/bot.html)" 
192.243.55.136 - - [02/Apr/2016:09:51:57 -0700] "GET /self.logs/error.log.2015-04-11.gz HTTP/1.1" 200 1758 "-" "Mozilla/5.0 (compatible; SemrushBot/1~bl; +http://www.semrush.com/bot.html)" 
192.243.55.137 - - [02/Apr/2016:09:52:32 -0700] "GET /self.logs/error.log.2015-03-19.gz HTTP/1.1" 200 843 "-" "Mozilla/5.0 (compatible; SemrushBot/1~bl; +http://www.semrush.com/bot.html)" 
192.243.55.132 - - [02/Apr/2016:09:53:16 -0700] "GET /self.logs/access.log.2015-07-20.gz HTTP/1.1" 200 5320 "-" "Mozilla/5.0 (compatible; SemrushBot/1~bl; +http://www.semrush.com/bot.html)" 
192.243.55.133 - - [02/Apr/2016:09:53:39 -0700] "GET /self.logs/error.log.2015-08-06.gz HTTP/1.1" 200 692 "-" "Mozilla/5.0 (compatible; SemrushBot/1~bl; +http://www.semrush.com/bot.html)" 
192.243.55.133 - - [02/Apr/2016:09:54:16 -0700] "GET /Security-Data-Analysis/Lab_1/conn.log.zip HTTP/1.1" 200 49291 "-" "Mozilla/5.0 (compatible; SemrushBot/1~bl; +http://www.semrush.com/bot.html)" 
