62.138.2.243 - - [12/Jun/2016:10:43:13 -0700] "GET /honeypot//%22https://twitter.com/sooshie/%22 HTTP/1.0" 404 303 "-" "Mozilla/5.0 (compatible; MJ12bot/v1.4.5; http://www.majestic12.co.uk/bot.php?+)" 
62.138.2.243 - - [12/Jun/2016:10:43:15 -0700] "GET /honeypot//%22https://twitter.com/theroxyd/%22 HTTP/1.0" 404 303 "-" "Mozilla/5.0 (compatible; MJ12bot/v1.4.5; http://www.majestic12.co.uk/bot.php?+)" 
144.76.29.66 - - [12/Jun/2016:10:44:10 -0700] "GET /robots.txt HTTP/1.0" 200 252 "-" "Mozilla/5.0 (compatible; MJ12bot/v1.4.5; http://www.majestic12.co.uk/bot.php?+)" 
111.23.10.33 - - [12/Jun/2016:10:44:11 -0700] "GET /tg/a.zip HTTP/1.1" 304 132 "-" "Mozilla/5.0 Gecko/20100115 Firefox/3.6" 
144.76.29.66 - - [12/Jun/2016:10:44:12 -0700] "GET /honeypot//%22http://amunhoney.sourceforge.net//%22 HTTP/1.0" 404 284 "-" "Mozilla/5.0 (compatible; MJ12bot/v1.4.5; http://www.majestic12.co.uk/bot.php?+)" 
144.76.29.66 - - [12/Jun/2016:10:44:13 -0700] "GET /honeypot//%22http://glastopf.org//%22 HTTP/1.0" 404 303 "-" "Mozilla/5.0 (compatible; MJ12bot/v1.4.5; http://www.majestic12.co.uk/bot.php?+)" 
144.76.29.66 - - [12/Jun/2016:10:44:15 -0700] "GET /honeypot//%22http://www.maxmind.com/%22 HTTP/1.0" 404 303 "-" "Mozilla/5.0 (compatible; MJ12bot/v1.4.5; http://www.majestic12.co.uk/bot.php?+)" 
144.76.29.66 - - [12/Jun/2016:10:44:17 -0700] "GET /honeypot//%22https://twitter.com/sooshie/%22 HTTP/1.0" 404 303 "-" "Mozilla/5.0 (compatible; MJ12bot/v1.4.5; http://www.majestic12.co.uk/bot.php?+)" 
144.76.29.66 - - [12/Jun/2016:10:44:18 -0700] "GET /honeypot//%22https://twitter.com/theroxyd/%22 HTTP/1.0" 404 303 "-" "Mozilla/5.0 (compatible; MJ12bot/v1.4.5; http://www.majestic12.co.uk/bot.php?+)" 
117.190.191.170 - - [12/Jun/2016:10:54:45 -0700] "GET /tg/a.zip HTTP/1.1" 304 132 "-" "Mozilla/5.0 Gecko/20100115 Firefox/3.6" 
67.183.134.19 - - [12/Jun/2016:10:58:19 -0700] "GET / HTTP/1.1" 200 9878 "-" "Mozilla/5.0 (Macintosh; Intel Mac OS X 10_11_5) AppleWebKit/601.6.17 (KHTML, like Gecko)" 
67.183.134.19 - - [12/Jun/2016:10:58:20 -0700] "GET /apple-touch-icon-precomposed.png HTTP/1.1" 404 340 "-" "Safari/11601.6.17 CFNetwork/760.5.1 Darwin/15.5.0 (x86_64)" 
67.183.134.19 - - [12/Jun/2016:10:58:20 -0700] "GET /apple-touch-icon.png HTTP/1.1" 404 339 "-" "Safari/11601.6.17 CFNetwork/760.5.1 Darwin/15.5.0 (x86_64)" 
67.183.134.19 - - [12/Jun/2016:10:58:20 -0700] "GET /apple-touch-icon-precomposed.png HTTP/1.1" 404 339 "-" "Safari/11601.6.17 CFNetwork/760.5.1 Darwin/15.5.0 (x86_64)" 
67.183.134.19 - - [12/Jun/2016:10:58:20 -0700] "GET /apple-touch-icon.png HTTP/1.1" 404 339 "-" "Safari/11601.6.17 CFNetwork/760.5.1 Darwin/15.5.0 (x86_64)" 
111.23.4.148 - - [12/Jun/2016:11:02:11 -0700] "GET /tg/a.zip HTTP/1.1" 304 132 "-" "Mozilla/5.0 Gecko/20100115 Firefox/3.6" 
184.168.200.96 - - [12/Jun/2016:11:43:47 -0700] "GET /wp-admin/ HTTP/1.1" 301 479 "-" "-" 
38.102.226.16 - - [12/Jun/2016:11:49:45 -0700] "GET /test/wp-admin/ HTTP/1.1" 301 489 "-" "-" 
37.230.106.23 - - [12/Jun/2016:11:55:51 -0700] "GET /wordpress/wp-admin/ HTTP/1.1" 301 499 "-" "-" 
109.232.216.179 - - [12/Jun/2016:12:07:43 -0700] "GET /wp/wp-admin/ HTTP/1.1" 301 485 "-" "-" 
111.7.128.40 - - [12/Jun/2016:12:09:35 -0700] "GET /tg/a.zip HTTP/1.1" 304 132 "-" "Mozilla/5.0 Gecko/20100115 Firefox/3.6" 
117.177.241.60 - - [12/Jun/2016:12:09:54 -0700] "GET /tg/a.zip HTTP/1.1" 304 132 "-" "Mozilla/5.0 Gecko/20100115 Firefox/3.6" 
180.76.15.158 - - [12/Jun/2016:12:28:45 -0700] "GET / HTTP/1.1" 200 32789 "-" "Mozilla/5.0 (compatible; Baiduspider/2.0; +http://www.baidu.com/search/spider.html)" 
180.76.15.21 - - [12/Jun/2016:12:29:20 -0700] "GET / HTTP/1.1" 200 21900 "-" "Mozilla/5.0 (compatible; Baiduspider/2.0; +http://www.baidu.com/search/spider.html)" 
164.132.161.46 - - [12/Jun/2016:12:54:55 -0700] "GET /self.logs/access.log.2016-05-10.gz HTTP/1.1" 200 11234 "-" "Mozilla/5.0 (compatible; AhrefsBot/5.1; +http://ahrefs.com/robot/)" 
51.255.65.17 - - [12/Jun/2016:13:11:47 -0700] "GET /self.logs/error.log.2015-09-13.gz HTTP/1.1" 200 726 "-" "Mozilla/5.0 (compatible; AhrefsBot/5.1; +http://ahrefs.com/robot/)" 
111.23.10.33 - - [12/Jun/2016:13:44:13 -0700] "GET /tg/a.zip HTTP/1.1" 304 132 "-" "Mozilla/5.0 Gecko/20100115 Firefox/3.6" 
51.255.65.27 - - [12/Jun/2016:13:46:27 -0700] "GET /self.logs/error.log.2016-05-31.gz HTTP/1.1" 200 1338 "-" "Mozilla/5.0 (compatible; AhrefsBot/5.1; +http://ahrefs.com/robot/)" 
117.190.191.170 - - [12/Jun/2016:13:54:45 -0700] "GET /tg/a.zip HTTP/1.1" 304 132 "-" "Mozilla/5.0 Gecko/20100115 Firefox/3.6" 
111.23.4.148 - - [12/Jun/2016:14:02:11 -0700] "GET /tg/a.zip HTTP/1.1" 304 132 "-" "Mozilla/5.0 Gecko/20100115 Firefox/3.6" 
164.132.161.29 - - [12/Jun/2016:14:13:26 -0700] "GET /self.logs/access.log.2016-03-05.gz HTTP/1.1" 200 6708 "-" "Mozilla/5.0 (compatible; AhrefsBot/5.1; +http://ahrefs.com/robot/)" 
164.132.161.11 - - [12/Jun/2016:14:20:37 -0700] "GET /self.logs/error.log.2016-05-18.gz HTTP/1.1" 200 645 "-" "Mozilla/5.0 (compatible; AhrefsBot/5.1; +http://ahrefs.com/robot/)" 
51.255.65.52 - - [12/Jun/2016:14:35:17 -0700] "GET /self.logs/access.log.2015-10-20.gz HTTP/1.1" 200 6806 "-" "Mozilla/5.0 (compatible; AhrefsBot/5.1; +http://ahrefs.com/robot/)" 
111.7.128.40 - - [12/Jun/2016:15:09:38 -0700] "GET /tg/a.zip HTTP/1.1" 304 132 "-" "Mozilla/5.0 Gecko/20100115 Firefox/3.6" 
117.177.241.60 - - [12/Jun/2016:15:09:55 -0700] "GET /tg/a.zip HTTP/1.1" 304 132 "-" "Mozilla/5.0 Gecko/20100115 Firefox/3.6" 
68.180.229.239 - - [12/Jun/2016:15:10:52 -0700] "GET /self.logs/error.log.2015-04-12.gz HTTP/1.1" 200 886 "-" "Mozilla/5.0 (compatible; Yahoo! Slurp; http://help.yahoo.com/help/us/ysearch/slurp)" 
91.200.12.141 - - [12/Jun/2016:15:20:40 -0700] "GET /honeypot/BSidesDFW%20-%202014.ipynb HTTP/1.0" 200 557720 "http://www.secrepo.com/honeypot/BSidesDFW%20-%202014.ipynb" "Mozilla/5.0 (Windows NT 6.3; WOW64) AppleWebKit/537.36 (KHTML, like Gecko) Chrome/48.0.2564.97 Safari/537.36" 
172.99.78.104 - - [12/Jun/2016:15:24:53 -0700] "GET /robots.txt HTTP/1.1" 301 446 "-" "Tornado-Async-Client" 
172.99.78.104 - - [12/Jun/2016:15:24:54 -0700] "GET /robots.txt HTTP/1.1" 200 304 "-" "Tornado-Async-Client" 
172.99.78.104 - - [12/Jun/2016:15:24:54 -0700] "GET /honeypot/ HTTP/1.1" 301 441 "-" "Tornado-Async-Client" 
172.99.78.104 - - [12/Jun/2016:15:24:54 -0700] "GET /honeypot/ HTTP/1.1" 200 618 "-" "Tornado-Async-Client" 
220.181.108.120 - - [12/Jun/2016:15:33:45 -0700] "GET /robots.txt HTTP/1.1" 200 297 "-" "Mozilla/5.0 (compatible; Baiduspider/2.0; +http://www.baidu.com/search/spider.html)" 
91.200.12.141 - - [12/Jun/2016:15:38:12 -0700] "GET /honeypot/BSidesDFW%20-%202014.ipynb HTTP/1.0" 200 496400 "http://www.secrepo.com/honeypot/BSidesDFW%20-%202014.ipynb" "Mozilla/5.0 (Windows NT 6.3; WOW64; rv:43.0) Gecko/20100101 Firefox/43.0" 
71.163.49.188 - - [12/Jun/2016:16:01:49 -0700] "GET / HTTP/1.1" 200 9878 "https://www.google.com/" "Mozilla/5.0 (Macintosh; Intel Mac OS X 10_10_5) AppleWebKit/537.36 (KHTML, like Gecko) Chrome/50.0.2661.102 Safari/537.36" 
71.163.49.188 - - [12/Jun/2016:16:01:49 -0700] "GET /twitter-icon.png HTTP/1.1" 200 27787 "http://www.secrepo.com/" "Mozilla/5.0 (Macintosh; Intel Mac OS X 10_10_5) AppleWebKit/537.36 (KHTML, like Gecko) Chrome/50.0.2661.102 Safari/537.36" 
71.163.49.188 - - [12/Jun/2016:16:01:49 -0700] "GET /GitHub-Mark.png HTTP/1.1" 200 7427 "http://www.secrepo.com/" "Mozilla/5.0 (Macintosh; Intel Mac OS X 10_10_5) AppleWebKit/537.36 (KHTML, like Gecko) Chrome/50.0.2661.102 Safari/537.36" 
71.163.49.188 - - [12/Jun/2016:16:01:49 -0700] "GET /bootstrap/img/favicon.ico HTTP/1.1" 200 589 "http://www.secrepo.com/" "Mozilla/5.0 (Macintosh; Intel Mac OS X 10_10_5) AppleWebKit/537.36 (KHTML, like Gecko) Chrome/50.0.2661.102 Safari/537.36" 
129.83.31.1 - - [12/Jun/2016:16:13:25 -0700] "GET / HTTP/1.1" 200 9878 "https://www.google.com/" "Mozilla/5.0 (Macintosh; Intel Mac OS X 10_10_5) AppleWebKit/601.5.17 (KHTML, like Gecko) Version/9.1 Safari/601.5.17" 
129.83.31.1 - - [12/Jun/2016:16:13:26 -0700] "GET /GitHub-Mark.png HTTP/1.1" 200 7427 "http://www.secrepo.com/" "Mozilla/5.0 (Macintosh; Intel Mac OS X 10_10_5) AppleWebKit/601.5.17 (KHTML, like Gecko) Version/9.1 Safari/601.5.17" 
129.83.31.1 - - [12/Jun/2016:16:13:26 -0700] "GET /twitter-icon.png HTTP/1.1" 200 27788 "http://www.secrepo.com/" "Mozilla/5.0 (Macintosh; Intel Mac OS X 10_10_5) AppleWebKit/601.5.17 (KHTML, like Gecko) Version/9.1 Safari/601.5.17" 
129.83.31.1 - - [12/Jun/2016:16:13:27 -0700] "GET /bootstrap/img/favicon.ico HTTP/1.1" 200 589 "http://www.secrepo.com/" "Mozilla/5.0 (Macintosh; Intel Mac OS X 10_10_5) AppleWebKit/601.5.17 (KHTML, like Gecko) Version/9.1 Safari/601.5.17" 
66.220.146.29 - - [12/Jun/2016:16:14:34 -0700] "GET /twitter-icon.png HTTP/1.1" 200 27788 "-" "facebookexternalhit/1.1 (+http://www.facebook.com/externalhit_uatext.php)" 
69.30.211.2 - - [12/Jun/2016:16:25:45 -0700] "GET /robots.txt HTTP/1.0" 200 252 "-" "Mozilla/5.0 (compatible; MJ12bot/v1.4.5; http://www.majestic12.co.uk/bot.php?+)" 
69.30.211.2 - - [12/Jun/2016:16:25:47 -0700] "GET / HTTP/1.0" 200 32789 "-" "Mozilla/5.0 (compatible; MJ12bot/v1.4.5; http://www.majestic12.co.uk/bot.php?+)" 
72.205.46.120 - - [12/Jun/2016:16:30:10 -0700] "GET / HTTP/1.1" 200 9878 "-" "Mozilla/5.0 (Windows NT 10.0; WOW64) AppleWebKit/537.36 (KHTML, like Gecko) Chrome/51.0.2704.84 Safari/537.36" 
68.180.229.239 - - [12/Jun/2016:16:32:06 -0700] "GET /self.logs/error.log.2015-05-01.gz HTTP/1.1" 200 881 "-" "Mozilla/5.0 (compatible; Yahoo! Slurp; http://help.yahoo.com/help/us/ysearch/slurp)" 
123.125.71.31 - - [12/Jun/2016:16:38:29 -0700] "GET /robots.txt HTTP/1.1" 200 297 "-" "Mozilla/5.0 (compatible; Baiduspider/2.0; +http://www.baidu.com/search/spider.html)" 
220.181.108.180 - - [12/Jun/2016:16:38:58 -0700] "GET /tg/a.zip HTTP/1.1" 200 11704820 "-" "Mozilla/5.0 (compatible; Baiduspider/2.0; +http://www.baidu.com/search/spider.html)" 
46.185.68.84 - - [12/Jun/2016:16:39:49 -0700] "GET /honeypot/ HTTP/1.1" 200 1077 "http://www.positive2b.ru/" "Mozilla/3.0 (compatible; WebCapture 2.0; Auto; Windows)" 
46.185.68.84 - - [12/Jun/2016:16:39:49 -0700] "GET /honeypot/ HTTP/1.1" 200 1077 "http://www.positive2b.ru/" "Mozilla/3.0 (compatible; WebCapture 2.0; Auto; Windows)" 
46.185.68.84 - - [12/Jun/2016:16:39:50 -0700] "GET /honeypot/ HTTP/1.1" 200 1077 "http://www.positive2b.ru/" "Mozilla/3.0 (compatible; WebCapture 2.0; Auto; Windows)" 
111.23.10.33 - - [12/Jun/2016:16:44:35 -0700] "GET /tg/a.zip HTTP/1.1" 304 132 "-" "Mozilla/5.0 Gecko/20100115 Firefox/3.6" 
68.180.229.239 - - [12/Jun/2016:16:44:53 -0700] "GET /robots.txt HTTP/1.1" 200 233 "-" "Mozilla/5.0 (compatible; Yahoo! Slurp; http://help.yahoo.com/help/us/ysearch/slurp)" 
68.180.229.239 - - [12/Jun/2016:16:44:53 -0700] "GET /self.logs/error.log.2016-05-10.gz HTTP/1.1" 200 779 "-" "Mozilla/5.0 (compatible; Yahoo! Slurp; http://help.yahoo.com/help/us/ysearch/slurp)" 
123.125.71.14 - - [12/Jun/2016:16:45:12 -0700] "GET /robots.txt HTTP/1.1" 301 465 "-" "Mozilla/5.0 (compatible; Baiduspider/2.0; +http://www.baidu.com/search/spider.html)" 
123.125.71.20 - - [12/Jun/2016:16:45:13 -0700] "GET /robots.txt HTTP/1.1" 200 297 "-" "Mozilla/5.0 (compatible; Baiduspider/2.0; +http://www.baidu.com/search/spider.html)" 
220.181.108.86 - - [12/Jun/2016:16:48:15 -0700] "GET /honeypot/BSidesDFW%20-%202014.ipynb HTTP/1.1" 301 503 "-" "Mozilla/5.0 (compatible; Baiduspider/2.0; +http://www.baidu.com/search/spider.html)" 
220.181.108.180 - - [12/Jun/2016:16:48:15 -0700] "GET /honeypot/BSidesDFW%20-%202014.ipynb HTTP/1.1" 200 930799 "-" "Mozilla/5.0 (compatible; Baiduspider/2.0; +http://www.baidu.com/search/spider.html)" 
117.190.191.170 - - [12/Jun/2016:16:54:43 -0700] "GET /tg/a.zip HTTP/1.1" 304 132 "-" "Mozilla/5.0 Gecko/20100115 Firefox/3.6" 
68.180.229.239 - - [12/Jun/2016:17:00:07 -0700] "GET /robots.txt HTTP/1.1" 200 233 "-" "Mozilla/5.0 (compatible; Yahoo! Slurp; http://help.yahoo.com/help/us/ysearch/slurp)" 
68.180.229.239 - - [12/Jun/2016:17:00:07 -0700] "GET /self.logs/error.log.2015-09-01.gz HTTP/1.1" 200 662 "-" "Mozilla/5.0 (compatible; Yahoo! Slurp; http://help.yahoo.com/help/us/ysearch/slurp)" 
111.23.4.148 - - [12/Jun/2016:17:02:14 -0700] "GET /tg/a.zip HTTP/1.1" 304 132 "-" "Mozilla/5.0 Gecko/20100115 Firefox/3.6" 
113.166.16.110 - - [12/Jun/2016:17:05:16 -0700] "GET / HTTP/1.1" 304 189 "-" "Mozilla/5.0 (Windows NT 6.1) AppleWebKit/537.36 (KHTML, like Gecko) Chrome/51.0.2704.84 Safari/537.36" 
180.76.15.137 - - [12/Jun/2016:17:14:03 -0700] "GET /data HTTP/1.1" 404 303 "-" "Mozilla/5.0 (compatible; Baiduspider/2.0; +http://www.baidu.com/search/spider.html)" 
46.118.125.82 - - [12/Jun/2016:17:19:10 -0700] "GET /honeypot/ HTTP/1.1" 200 1077 "http://oils.afora.ru/" "Mozilla/4.0 (compatible; MSIE 5.01; Windows 95; MSIECrawler)" 
46.118.125.82 - - [12/Jun/2016:17:19:11 -0700] "GET /honeypot/ HTTP/1.1" 200 1077 "http://oils.afora.ru/" "Mozilla/4.0 (compatible; MSIE 5.01; Windows 95; MSIECrawler)" 
46.118.125.82 - - [12/Jun/2016:17:19:12 -0700] "GET /honeypot/ HTTP/1.1" 200 1077 "http://oils.afora.ru/" "Mozilla/4.0 (compatible; MSIE 5.01; Windows 95; MSIECrawler)" 
68.180.229.239 - - [12/Jun/2016:17:35:04 -0700] "GET /self.logs/error.log.2015-03-28.gz HTTP/1.1" 200 903 "-" "Mozilla/5.0 (compatible; Yahoo! Slurp; http://help.yahoo.com/help/us/ysearch/slurp)" 
208.115.113.94 - - [12/Jun/2016:17:44:26 -0700] "GET /robots.txt HTTP/1.1" 200 233 "-" "Mozilla/5.0 (compatible; DotBot/1.1; http://www.opensiteexplorer.org/dotbot, help@moz.com)" 
66.249.64.245 - - [12/Jun/2016:17:52:02 -0700] "GET /robots.txt HTTP/1.1" 200 334 "-" "Mozilla/5.0 (compatible; Googlebot/2.1; +http://www.google.com/bot.html)" 
66.249.64.18 - - [12/Jun/2016:17:52:02 -0700] "GET / HTTP/1.1" 200 9878 "-" "Mozilla/5.0 (compatible; Googlebot/2.1; +http://www.google.com/bot.html)" 
113.166.16.110 - - [12/Jun/2016:17:55:04 -0700] "GET /maccdc2012/ HTTP/1.1" 200 765 "-" "Mozilla/5.0 (Windows NT 6.1) AppleWebKit/537.36 (KHTML, like Gecko) Chrome/51.0.2704.84 Safari/537.36" 
113.166.16.110 - - [12/Jun/2016:17:55:05 -0700] "GET /favicon.ico HTTP/1.1" 200 267 "http://www.secrepo.com/maccdc2012/" "Mozilla/5.0 (Windows NT 6.1) AppleWebKit/537.36 (KHTML, like Gecko) Chrome/51.0.2704.84 Safari/537.36" 
113.166.16.110 - - [12/Jun/2016:17:55:22 -0700] "GET /tg/ HTTP/1.1" 200 593 "-" "Mozilla/5.0 (Windows NT 6.1) AppleWebKit/537.36 (KHTML, like Gecko) Chrome/51.0.2704.84 Safari/537.36" 
111.206.36.133 - - [12/Jun/2016:17:59:07 -0700] "GET / HTTP/1.1" 200 9878 "http://www.baidu.com/s?wd=www" "Mozilla/4.0 (compatible; MSIE 7.0; Windows NT 5.1)" 
111.206.36.133 - - [12/Jun/2016:17:59:07 -0700] "GET /twitter-icon.png HTTP/1.1" 200 27787 "http://www.secrepo.com/" "Mozilla/4.0 (compatible; MSIE 7.0; Windows NT 5.1)" 
111.206.36.11 - - [12/Jun/2016:17:59:08 -0700] "GET /GitHub-Mark.png HTTP/1.1" 200 7428 "http://www.secrepo.com/" "Mozilla/4.0 (compatible; MSIE 7.0; Windows NT 5.1)" 
159.203.198.138 - - [12/Jun/2016:17:59:14 -0700] "GET / HTTP/1.1" 200 9822 "-" "Mozilla/5.0 (Windows NT 6.1; WOW64) AppleWebKit/537.36 (KHTML, like Gecko) Chrome/47.0.2526.106 BIDUBrowser/8.4 Safari/537.36" 
159.203.198.138 - - [12/Jun/2016:17:59:14 -0700] "GET /twitter-icon.png HTTP/1.1" 200 27732 "http://www.secrepo.com/" "Mozilla/5.0 (Windows NT 6.1; WOW64) AppleWebKit/537.36 (KHTML, like Gecko) Chrome/47.0.2526.106 Safari/537.36" 
159.203.198.138 - - [12/Jun/2016:17:59:15 -0700] "GET /GitHub-Mark.png HTTP/1.1" 200 7372 "http://www.secrepo.com/" "Mozilla/5.0 (Windows NT 6.1; WOW64) AppleWebKit/537.36 (KHTML, like Gecko) Chrome/47.0.2526.106 Safari/537.36" 
54.151.42.39 - - [12/Jun/2016:18:00:31 -0700] "HEAD / HTTP/1.1" 301 246 "-" "Google-HTTP-Java-Client/1.17.0-rc (gzip)" 
199.59.148.209 - - [12/Jun/2016:18:00:31 -0700] "GET /robots.txt HTTP/1.1" 200 304 "-" "Twitterbot/1.0" 
194.149.232.85 - - [12/Jun/2016:18:00:31 -0700] "GET / HTTP/1.1" 301 498 "-" "Mozilla/5.0 (Windows NT 6.3; WOW64) AppleWebKit/537.36 (KHTML, like Gecko) Chrome/39.0.2171.71 Safari/537.36" 
50.18.94.121 - - [12/Jun/2016:18:00:31 -0700] "HEAD / HTTP/1.1" 200 295 "-" "Google-HTTP-Java-Client/1.17.0-rc (gzip)" 
50.18.94.121 - - [12/Jun/2016:18:00:31 -0700] "HEAD / HTTP/1.1" 200 295 "-" "Google-HTTP-Java-Client/1.17.0-rc (gzip)" 
136.243.154.105 - - [12/Jun/2016:18:00:31 -0700] "HEAD / HTTP/1.1" 301 209 "-" "MetaURI API/2.0 +metauri.com" 
194.149.232.85 - - [12/Jun/2016:18:00:31 -0700] "GET / HTTP/1.1" 200 33084 "-" "Mozilla/5.0 (Windows NT 6.3; WOW64) AppleWebKit/537.36 (KHTML, like Gecko) Chrome/39.0.2171.71 Safari/537.36" 
194.149.232.85 - - [12/Jun/2016:18:00:31 -0700] "GET / HTTP/1.1" 200 33084 "-" "Mozilla/5.0 (Windows NT 6.3; WOW64; rv:42.0) Gecko/20100101 Firefox/42.0" 
17.142.159.143 - - [12/Jun/2016:18:00:32 -0700] "GET / HTTP/1.1" 301 483 "-" "Mozilla/5.0 (Macintosh; Intel Mac OS X 10_10_1) AppleWebKit/600.2.5 (KHTML, like Gecko) Version/8.0.2 Safari/600.2.5 (Applebot/0.1; +http://www.apple.com/go/applebot)" 
199.59.148.209 - - [12/Jun/2016:18:00:32 -0700] "GET / HTTP/1.1" 200 9848 "-" "Twitterbot/1.0" 
136.243.154.105 - - [12/Jun/2016:18:00:32 -0700] "HEAD / HTTP/1.1" 206 307 "-" "MetaURI API/2.0 +metauri.com" 
17.142.159.143 - - [12/Jun/2016:18:00:32 -0700] "GET / HTTP/1.1" 200 9904 "-" "Mozilla/5.0 (Macintosh; Intel Mac OS X 10_10_1) AppleWebKit/600.2.5 (KHTML, like Gecko) Version/8.0.2 Safari/600.2.5 (Applebot/0.1; +http://www.apple.com/go/applebot)" 
136.243.154.105 - - [12/Jun/2016:18:00:32 -0700] "GET / HTTP/1.1" 206 33096 "-" "MetaURI API/2.0 +metauri.com" 
52.21.173.16 - - [12/Jun/2016:18:00:33 -0700] "GET / HTTP/1.1" 200 9904 "-" "Mozilla/5.0 (Macintosh; Intel Mac OS X 10_10_0) AppleWebKit/537.36 (KHTML, like Gecko) Chrome/37.0.2062.94 Safari/537.36" 
5.39.217.14 - - [12/Jun/2016:18:00:40 -0700] "GET / HTTP/1.1" 301 483 "-" "Mozilla/4.0 (compatible; MSIE 2.0; Windows NT 5.0; Trident/4.0; SLCC2; .NET CLR 2.0.50727; .NET CLR 3.5.30729; .NET CLR 3.0.30729; Media Center PC 6.0)" 
5.39.217.14 - - [12/Jun/2016:18:00:40 -0700] "GET / HTTP/1.1" 200 9904 "-" "Mozilla/4.0 (compatible; MSIE 2.0; Windows NT 5.0; Trident/4.0; SLCC2; .NET CLR 2.0.50727; .NET CLR 3.5.30729; .NET CLR 3.0.30729; Media Center PC 6.0)" 
54.173.223.170 - - [12/Jun/2016:18:00:43 -0700] "GET / HTTP/1.1" 301 498 "-" "Mozilla/5.0 (compatible)" 
52.6.2.64 - - [12/Jun/2016:18:00:43 -0700] "GET / HTTP/1.1" 301 461 "-" "Go-http-client/1.1" 
54.173.223.170 - - [12/Jun/2016:18:00:43 -0700] "GET / HTTP/1.1" 200 33084 "-" "Mozilla/5.0 (compatible)" 
52.6.2.64 - - [12/Jun/2016:18:00:43 -0700] "GET / HTTP/1.1" 200 33073 "-" "Go-http-client/1.1" 
184.73.60.252 - - [12/Jun/2016:18:00:47 -0700] "GET / HTTP/1.1" 301 427 "https://twitter.com/sooshie/statuses/742159674548445184" "Mozilla/5.0 (Macintosh; Intel Mac OS X 10_9_4) AppleWebKit/537.36 (KHTML, like Gecko) Chrome/37.0.2062.94 Safari/537.36" 
184.73.60.252 - - [12/Jun/2016:18:00:47 -0700] "GET / HTTP/1.1" 200 9848 "https://twitter.com/sooshie/statuses/742159674548445184" "Mozilla/5.0 (Macintosh; Intel Mac OS X 10_9_4) AppleWebKit/537.36 (KHTML, like Gecko) Chrome/37.0.2062.94 Safari/537.36" 
23.96.208.137 - - [12/Jun/2016:18:00:57 -0700] "GET / HTTP/1.1" 301 483 "-" "Mozilla/5.0 (compatible; MSIE 10.0; Windows NT 6.1; Trident/6.0)" 
23.96.208.137 - - [12/Jun/2016:18:00:57 -0700] "GET / HTTP/1.1" 200 9904 "-" "Mozilla/5.0 (compatible; MSIE 10.0; Windows NT 6.1; Trident/6.0)" 
52.49.79.6 - - [12/Jun/2016:18:01:04 -0700] "HEAD / HTTP/1.1" 301 234 "-" "Mozilla/5.0 (Macintosh; Intel Mac OS X 10_8_2) AppleWebKit/537.13 (KHTML, like Gecko) Chrome/30.0.1599.66 Safari/537.13 Luminator-ur/2.0" 
52.49.79.6 - - [12/Jun/2016:18:01:05 -0700] "HEAD / HTTP/1.1" 200 262 "-" "Mozilla/5.0 (Macintosh; Intel Mac OS X 10_8_2) AppleWebKit/537.13 (KHTML, like Gecko) Chrome/30.0.1599.66 Safari/537.13 Luminator-ur/2.0" 
54.219.106.162 - - [12/Jun/2016:18:01:23 -0700] "HEAD / HTTP/1.1" 301 246 "-" "Mozilla/5.0 (Macintosh; Intel Mac OS X 10_9_3) AppleWebKit/537.36 (KHTML, like Gecko) Chrome/35.0.1916.153 Safari/537.36" 
54.219.106.162 - - [12/Jun/2016:18:01:23 -0700] "HEAD / HTTP/1.1" 200 295 "-" "Mozilla/5.0 (Macintosh; Intel Mac OS X 10_9_3) AppleWebKit/537.36 (KHTML, like Gecko) Chrome/35.0.1916.153 Safari/537.36" 
23.22.148.199 - - [12/Jun/2016:18:01:55 -0700] "HEAD / HTTP/1.1" 301 234 "-" "rogerbot/1.0 (http://moz.com/help/pro/what-is-rogerbot-, rogerbot-crawler+partager@moz.com)" 
23.22.148.199 - - [12/Jun/2016:18:02:01 -0700] "HEAD / HTTP/1.1" 200 262 "-" "rogerbot/1.0 (http://moz.com/help/pro/what-is-rogerbot-, rogerbot-crawler+partager@moz.com)" 
74.6.254.140 - - [12/Jun/2016:18:03:02 -0700] "GET /robots.txt HTTP/1.1" 301 462 "-" "Mozilla/5.0 (compatible; Yahoo! Slurp; http://help.yahoo.com/help/us/ysearch/slurp)" 
74.6.254.140 - - [12/Jun/2016:18:03:02 -0700] "GET /robots.txt HTTP/1.1" 200 233 "-" "Mozilla/5.0 (compatible; Yahoo! Slurp; http://help.yahoo.com/help/us/ysearch/slurp)" 
74.6.254.140 - - [12/Jun/2016:18:03:02 -0700] "HEAD / HTTP/1.1" 301 234 "-" "Mozilla/5.0 (compatible; Yahoo! Slurp; http://help.yahoo.com/help/us/ysearch/slurp)" 
74.6.254.112 - - [12/Jun/2016:18:03:03 -0700] "GET /robots.txt HTTP/1.1" 200 233 "-" "Mozilla/5.0 (compatible; Yahoo! Slurp; http://help.yahoo.com/help/us/ysearch/slurp)" 
74.6.254.112 - - [12/Jun/2016:18:03:03 -0700] "HEAD / HTTP/1.1" 200 262 "-" "Mozilla/5.0 (compatible; Yahoo! Slurp; http://help.yahoo.com/help/us/ysearch/slurp)" 
133.18.5.180 - - [12/Jun/2016:18:03:56 -0700] "GET / HTTP/1.1" 301 461 "-" "CakePHP" 
133.18.5.180 - - [12/Jun/2016:18:03:57 -0700] "GET / HTTP/1.1" 200 33073 "-" "CakePHP" 
45.79.102.112 - - [12/Jun/2016:18:07:06 -0700] "HEAD / HTTP/1.1" 301 246 "-" "Mozilla/5.0 (compatible; Veoozbot/1.0; +http://www.veooz.com/veoozbot.html)" 
45.79.102.112 - - [12/Jun/2016:18:07:06 -0700] "HEAD / HTTP/1.1" 200 295 "-" "Mozilla/5.0 (compatible; Veoozbot/1.0; +http://www.veooz.com/veoozbot.html)" 
111.7.128.40 - - [12/Jun/2016:18:09:41 -0700] "GET /tg/a.zip HTTP/1.1" 304 132 "-" "Mozilla/5.0 Gecko/20100115 Firefox/3.6" 
117.177.241.60 - - [12/Jun/2016:18:09:56 -0700] "GET /tg/a.zip HTTP/1.1" 304 132 "-" "Mozilla/5.0 Gecko/20100115 Firefox/3.6" 
68.180.229.239 - - [12/Jun/2016:18:12:01 -0700] "GET /honeypot/honeypot.json.zip HTTP/1.1" 200 4631817 "-" "Mozilla/5.0 (compatible; Yahoo! Slurp; http://help.yahoo.com/help/us/ysearch/slurp)" 
157.55.39.240 - - [12/Jun/2016:18:13:43 -0700] "GET / HTTP/1.1" 200 9904 "-" "Mozilla/5.0 (compatible; bingbot/2.0; +http://www.bing.com/bingbot.htm)" 
144.76.94.111 - - [12/Jun/2016:18:18:12 -0700] "HEAD / HTTP/1.1" 301 246 "-" "Mozilla/5.0 (compatible; um-LN/1.0; mailto: techinfo@ubermetrics-technologies.com)" 
144.76.94.111 - - [12/Jun/2016:18:18:12 -0700] "HEAD / HTTP/1.1" 200 295 "-" "Mozilla/5.0 (compatible; um-LN/1.0; mailto: techinfo@ubermetrics-technologies.com)" 
144.76.94.111 - - [12/Jun/2016:18:18:13 -0700] "GET / HTTP/1.1" 200 33084 "-" "Mozilla/5.0 (compatible; Windows; U; Windows NT 6.2; en-US; rv:12.0) Gecko/20120403211507 Firefox/12.0" 
68.180.229.239 - - [12/Jun/2016:18:24:49 -0700] "GET /self.logs/access.log.2015-02-14.gz HTTP/1.1" 200 25896 "-" "Mozilla/5.0 (compatible; Yahoo! Slurp; http://help.yahoo.com/help/us/ysearch/slurp)" 
180.76.15.29 - - [12/Jun/2016:18:26:37 -0700] "GET / HTTP/1.1" 200 9867 "-" "Mozilla/5.0 (compatible; Baiduspider/2.0; +http://www.baidu.com/search/spider.html)" 
208.115.113.94 - - [12/Jun/2016:18:28:37 -0700] "GET /self.logs/?C=D;O=D HTTP/1.1" 200 98114 "-" "Mozilla/5.0 (compatible; DotBot/1.1; http://www.opensiteexplorer.org/dotbot, help@moz.com)" 
73.87.4.47 - - [12/Jun/2016:18:30:44 -0700] "GET / HTTP/1.1" 301 483 "https://t.co/pArNAxyuQQ" "Mozilla/5.0 (Windows NT 6.1; WOW64) AppleWebKit/537.36 (KHTML, like Gecko) Chrome/50.0.2661.102 Safari/537.36" 
73.87.4.47 - - [12/Jun/2016:18:30:44 -0700] "GET / HTTP/1.1" 200 9904 "https://t.co/pArNAxyuQQ" "Mozilla/5.0 (Windows NT 6.1; WOW64) AppleWebKit/537.36 (KHTML, like Gecko) Chrome/50.0.2661.102 Safari/537.36" 
73.87.4.47 - - [12/Jun/2016:18:30:45 -0700] "GET /twitter-icon.png HTTP/1.1" 200 27787 "http://www.secrepo.com/" "Mozilla/5.0 (Windows NT 6.1; WOW64) AppleWebKit/537.36 (KHTML, like Gecko) Chrome/50.0.2661.102 Safari/537.36" 
73.87.4.47 - - [12/Jun/2016:18:30:45 -0700] "GET /GitHub-Mark.png HTTP/1.1" 200 7428 "http://www.secrepo.com/" "Mozilla/5.0 (Windows NT 6.1; WOW64) AppleWebKit/537.36 (KHTML, like Gecko) Chrome/50.0.2661.102 Safari/537.36" 
73.87.4.47 - - [12/Jun/2016:18:30:45 -0700] "GET /bootstrap/img/favicon.ico HTTP/1.1" 200 589 "http://www.secrepo.com/" "Mozilla/5.0 (Windows NT 6.1; WOW64) AppleWebKit/537.36 (KHTML, like Gecko) Chrome/50.0.2661.102 Safari/537.36" 
173.228.85.30 - - [12/Jun/2016:18:34:19 -0700] "GET / HTTP/1.1" 301 483 "https://t.co/pArNAxyuQQ" "Mozilla/5.0 (Macintosh; Intel Mac OS X 10_9_4) AppleWebKit/537.36 (KHTML, like Gecko) Chrome/50.0.2661.102 Safari/537.36" 
173.228.85.30 - - [12/Jun/2016:18:34:19 -0700] "GET / HTTP/1.1" 200 9904 "https://t.co/pArNAxyuQQ" "Mozilla/5.0 (Macintosh; Intel Mac OS X 10_9_4) AppleWebKit/537.36 (KHTML, like Gecko) Chrome/50.0.2661.102 Safari/537.36" 
173.228.85.30 - - [12/Jun/2016:18:34:20 -0700] "GET /twitter-icon.png HTTP/1.1" 200 27787 "http://www.secrepo.com/" "Mozilla/5.0 (Macintosh; Intel Mac OS X 10_9_4) AppleWebKit/537.36 (KHTML, like Gecko) Chrome/50.0.2661.102 Safari/537.36" 
173.228.85.30 - - [12/Jun/2016:18:34:21 -0700] "GET /GitHub-Mark.png HTTP/1.1" 200 7427 "http://www.secrepo.com/" "Mozilla/5.0 (Macintosh; Intel Mac OS X 10_9_4) AppleWebKit/537.36 (KHTML, like Gecko) Chrome/50.0.2661.102 Safari/537.36" 
173.228.85.30 - - [12/Jun/2016:18:34:21 -0700] "GET /bootstrap/img/favicon.ico HTTP/1.1" 200 589 "http://www.secrepo.com/" "Mozilla/5.0 (Macintosh; Intel Mac OS X 10_9_4) AppleWebKit/537.36 (KHTML, like Gecko) Chrome/50.0.2661.102 Safari/537.36" 
195.154.217.154 - - [12/Jun/2016:18:47:13 -0700] "GET / HTTP/1.1" 301 483 "-" "Mozilla/5.0 (X11; Linux x86_64) AppleWebKit/537.21 (KHTML, like Gecko) wpif Safari/537.21" 
195.154.217.154 - - [12/Jun/2016:18:47:15 -0700] "GET / HTTP/1.1" 200 9904 "-" "Mozilla/5.0 (X11; Linux x86_64) AppleWebKit/537.21 (KHTML, like Gecko) wpif Safari/537.21" 
195.154.217.154 - - [12/Jun/2016:18:47:16 -0700] "GET /twitter-icon.png HTTP/1.1" 200 27787 "http://www.secrepo.com/" "Mozilla/5.0 (X11; Linux x86_64) AppleWebKit/537.21 (KHTML, like Gecko) wpif Safari/537.21" 
195.154.217.154 - - [12/Jun/2016:18:47:16 -0700] "GET /GitHub-Mark.png HTTP/1.1" 200 7428 "http://www.secrepo.com/" "Mozilla/5.0 (X11; Linux x86_64) AppleWebKit/537.21 (KHTML, like Gecko) wpif Safari/537.21" 
172.99.78.104 - - [12/Jun/2016:18:55:18 -0700] "GET /robots.txt HTTP/1.1" 301 446 "-" "Tornado-Async-Client" 
172.99.78.104 - - [12/Jun/2016:18:55:18 -0700] "GET /robots.txt HTTP/1.1" 200 304 "-" "Tornado-Async-Client" 
172.99.78.104 - - [12/Jun/2016:18:55:18 -0700] "GET /honeypot/BSidesDFW%20-%202014.ipynb HTTP/1.1" 301 484 "-" "Tornado-Async-Client" 
172.99.78.104 - - [12/Jun/2016:18:55:18 -0700] "GET /honeypot/BSidesDFW%20-%202014.ipynb HTTP/1.1" 200 930780 "-" "Tornado-Async-Client" 
164.132.161.60 - - [12/Jun/2016:18:56:02 -0700] "GET /self.logs/access.log.2016-04-16.gz HTTP/1.1" 200 9778 "-" "Mozilla/5.0 (compatible; AhrefsBot/5.1; +http://ahrefs.com/robot/)" 
68.180.229.239 - - [12/Jun/2016:19:05:49 -0700] "GET /self.logs/access.log.2016-04-10.gz HTTP/1.1" 200 8357 "-" "Mozilla/5.0 (compatible; Yahoo! Slurp; http://help.yahoo.com/help/us/ysearch/slurp)" 
52.90.166.103 - - [12/Jun/2016:19:14:05 -0700] "GET /robots.txt HTTP/1.1" 301 446 "-" "Mozilla/5.0 (Macintosh; Intel Mac OS X 10.9; rv:28.0) Gecko/20100101 Firefox/28.0 (FlipboardProxy/1.1; +http://flipboard.com/browserproxy)" 
52.90.166.103 - - [12/Jun/2016:19:14:05 -0700] "GET / HTTP/1.1" 301 427 "-" "Mozilla/5.0 (Macintosh; Intel Mac OS X 10.9; rv:28.0) Gecko/20100101 Firefox/28.0 (FlipboardProxy/1.1; +http://flipboard.com/browserproxy)" 
52.90.166.103 - - [12/Jun/2016:19:14:05 -0700] "GET / HTTP/1.1" 200 9848 "-" "Mozilla/5.0 (Macintosh; Intel Mac OS X 10.9; rv:28.0) Gecko/20100101 Firefox/28.0 (FlipboardProxy/1.1; +http://flipboard.com/browserproxy)" 
113.166.16.110 - - [12/Jun/2016:19:20:27 -0700] "GET /self.logs/ HTTP/1.1" 200 10695 "http://www.secrepo.com/" "Mozilla/5.0 (Windows NT 6.1) AppleWebKit/537.36 (KHTML, like Gecko) Chrome/51.0.2704.84 Safari/537.36" 
74.6.254.112 - - [12/Jun/2016:19:22:12 -0700] "GET / HTTP/1.1" 200 9848 "-" "Mozilla/5.0 (compatible; Yahoo! Slurp; http://help.yahoo.com/help/us/ysearch/slurp)" 
111.223.127.132 - - [12/Jun/2016:19:22:50 -0700] "GET / HTTP/1.1" 200 9904 "-" "Mozilla/5.0 (Windows NT 6.1; WOW64) AppleWebKit/537.36 (KHTML, like Gecko) Chrome/51.0.2704.84 Safari/537.36" 
111.223.127.132 - - [12/Jun/2016:19:22:50 -0700] "GET /GitHub-Mark.png HTTP/1.1" 200 7428 "http://www.secrepo.com/" "Mozilla/5.0 (Windows NT 6.1; WOW64) AppleWebKit/537.36 (KHTML, like Gecko) Chrome/51.0.2704.84 Safari/537.36" 
111.223.127.132 - - [12/Jun/2016:19:22:50 -0700] "GET /twitter-icon.png HTTP/1.1" 200 27787 "http://www.secrepo.com/" "Mozilla/5.0 (Windows NT 6.1; WOW64) AppleWebKit/537.36 (KHTML, like Gecko) Chrome/51.0.2704.84 Safari/537.36" 
5.255.250.19 - - [12/Jun/2016:19:32:02 -0700] "GET /robots.txt HTTP/1.1" 200 289 "-" "Mozilla/5.0 (compatible; YandexBot/3.0; +http://yandex.com/bots)" 
5.255.250.87 - - [12/Jun/2016:19:32:04 -0700] "GET /honeypot/BSidesDFW%20-%202014.ipynb HTTP/1.1" 200 930836 "-" "Mozilla/5.0 (compatible; YandexBot/3.0; +http://yandex.com/bots)" 
180.76.15.149 - - [12/Jun/2016:19:33:36 -0700] "GET /honeypot/Honeypot%20-%20Howto%20-%20BSides%20Austin.pdf HTTP/1.1" 200 1947641 "-" "Mozilla/5.0 (compatible; Baiduspider/2.0; +http://www.baidu.com/search/spider.html)" 
54.179.133.65 - - [12/Jun/2016:19:41:59 -0700] "GET /self.logs/access.log.2015-01-17.gz HTTP/1.1" 200 3545 "-" "Wget/1.14 (linux-gnu)" 
54.179.133.65 - - [12/Jun/2016:19:42:23 -0700] "GET /self.logs/access.log.2015-01-17.gz HTTP/1.1" 200 3545 "-" "Wget/1.14 (linux-gnu)" 
54.179.133.65 - - [12/Jun/2016:19:43:12 -0700] "GET /self.logs/access.log.2015-01-17.gz HTTP/1.1" 200 3545 "-" "Wget/1.14 (linux-gnu)" 
111.23.10.33 - - [12/Jun/2016:19:44:37 -0700] "GET /tg/a.zip HTTP/1.1" 304 132 "-" "Mozilla/5.0 Gecko/20100115 Firefox/3.6" 
157.55.39.35 - - [12/Jun/2016:19:47:41 -0700] "GET /robots.txt HTTP/1.1" 200 289 "-" "Mozilla/5.0 (compatible; bingbot/2.0; +http://www.bing.com/bingbot.htm)" 
157.55.39.35 - - [12/Jun/2016:19:47:57 -0700] "GET /self.logs/access.log.2015-06-06.gz HTTP/1.1" 200 3261 "-" "Mozilla/5.0 (compatible; bingbot/2.0; +http://www.bing.com/bingbot.htm)" 
117.190.191.170 - - [12/Jun/2016:19:54:54 -0700] "GET /tg/a.zip HTTP/1.1" 304 132 "-" "Mozilla/5.0 Gecko/20100115 Firefox/3.6" 
23.83.228.98 - - [12/Jun/2016:19:55:22 -0700] "GET / HTTP/1.1" 200 9904 "http://www.mlsecproject.org/" "Mozilla/5.0 (Windows NT 6.1; Win64; x64) AppleWebKit/537.36 (KHTML, like Gecko) Chrome/49.0.2623.87 Safari/537.36" 
23.83.228.98 - - [12/Jun/2016:19:55:23 -0700] "GET /twitter-icon.png HTTP/1.1" 200 27787 "http://www.secrepo.com/" "Mozilla/5.0 (Windows NT 6.1; Win64; x64) AppleWebKit/537.36 (KHTML, like Gecko) Chrome/49.0.2623.87 Safari/537.36" 
23.83.228.98 - - [12/Jun/2016:19:55:23 -0700] "GET /GitHub-Mark.png HTTP/1.1" 200 7428 "http://www.secrepo.com/" "Mozilla/5.0 (Windows NT 6.1; Win64; x64) AppleWebKit/537.36 (KHTML, like Gecko) Chrome/49.0.2623.87 Safari/537.36" 
23.83.228.98 - - [12/Jun/2016:19:55:28 -0700] "GET /bootstrap/img/favicon.ico HTTP/1.1" 200 590 "http://www.secrepo.com/" "Mozilla/5.0 (Windows NT 6.1; Win64; x64) AppleWebKit/537.36 (KHTML, like Gecko) Chrome/49.0.2623.87 Safari/537.36" 
164.132.161.48 - - [12/Jun/2016:19:57:34 -0700] "GET /maccdc2012/dhcp.log.gz HTTP/1.1" 200 44963 "-" "Mozilla/5.0 (compatible; AhrefsBot/5.1; +http://ahrefs.com/robot/)" 
111.23.4.148 - - [12/Jun/2016:20:02:19 -0700] "GET /tg/a.zip HTTP/1.1" 304 132 "-" "Mozilla/5.0 Gecko/20100115 Firefox/3.6" 
113.166.16.110 - - [12/Jun/2016:20:17:27 -0700] "GET / HTTP/1.1" 200 9848 "-" "Scrapy/1.0.1 (+http://scrapy.org)" 
113.166.16.110 - - [12/Jun/2016:20:21:22 -0700] "GET / HTTP/1.1" 200 9848 "-" "Scrapy/1.0.1 (+http://scrapy.org)" 
130.211.62.84 - - [12/Jun/2016:20:21:43 -0700] "GET / HTTP/1.1" 301 483 "-" "Mozilla/5.0 (compatible; +http://tweetedtimes.com)" 
130.211.62.84 - - [12/Jun/2016:20:21:43 -0700] "GET / HTTP/1.1" 200 9904 "-" "Mozilla/5.0 (compatible; +http://tweetedtimes.com)" 
113.166.16.110 - - [12/Jun/2016:20:22:14 -0700] "GET / HTTP/1.1" 200 9848 "-" "Scrapy/1.0.1 (+http://scrapy.org)" 
113.166.16.110 - - [12/Jun/2016:20:22:42 -0700] "GET / HTTP/1.1" 200 9848 "-" "Scrapy/1.0.1 (+http://scrapy.org)" 
113.166.16.110 - - [12/Jun/2016:20:22:43 -0700] "HEAD / HTTP/1.1" 200 262 "http://www.secrepo.com/" "Scrapy/1.0.1 (+http://scrapy.org)" 
113.166.16.110 - - [12/Jun/2016:20:22:43 -0700] "HEAD / HTTP/1.1" 200 262 "http://www.secrepo.com/" "Scrapy/1.0.1 (+http://scrapy.org)" 
113.166.16.110 - - [12/Jun/2016:20:22:43 -0700] "HEAD / HTTP/1.1" 200 262 "http://www.secrepo.com/" "Scrapy/1.0.1 (+http://scrapy.org)" 
113.166.16.110 - - [12/Jun/2016:20:22:43 -0700] "HEAD / HTTP/1.1" 200 262 "http://www.secrepo.com/" "Scrapy/1.0.1 (+http://scrapy.org)" 
113.166.16.110 - - [12/Jun/2016:20:22:43 -0700] "HEAD / HTTP/1.1" 200 262 "http://www.secrepo.com/" "Scrapy/1.0.1 (+http://scrapy.org)" 
113.166.16.110 - - [12/Jun/2016:20:22:43 -0700] "HEAD / HTTP/1.1" 200 262 "http://www.secrepo.com/" "Scrapy/1.0.1 (+http://scrapy.org)" 
113.166.16.110 - - [12/Jun/2016:20:22:43 -0700] "HEAD / HTTP/1.1" 200 262 "http://www.secrepo.com/" "Scrapy/1.0.1 (+http://scrapy.org)" 
113.166.16.110 - - [12/Jun/2016:20:22:43 -0700] "HEAD / HTTP/1.1" 200 262 "http://www.secrepo.com/" "Scrapy/1.0.1 (+http://scrapy.org)" 
113.166.16.110 - - [12/Jun/2016:20:22:43 -0700] "HEAD / HTTP/1.1" 200 262 "http://www.secrepo.com/" "Scrapy/1.0.1 (+http://scrapy.org)" 
113.166.16.110 - - [12/Jun/2016:20:22:43 -0700] "HEAD /data HTTP/1.1" 404 264 "http://www.secrepo.com/" "Scrapy/1.0.1 (+http://scrapy.org)" 
113.166.16.110 - - [12/Jun/2016:20:22:43 -0700] "HEAD / HTTP/1.1" 200 262 "http://www.secrepo.com/" "Scrapy/1.0.1 (+http://scrapy.org)" 
113.166.16.110 - - [12/Jun/2016:20:22:44 -0700] "HEAD / HTTP/1.1" 200 262 "http://www.secrepo.com/" "Scrapy/1.0.1 (+http://scrapy.org)" 
113.166.16.110 - - [12/Jun/2016:20:22:44 -0700] "HEAD / HTTP/1.1" 200 262 "http://www.secrepo.com/" "Scrapy/1.0.1 (+http://scrapy.org)" 
113.166.16.110 - - [12/Jun/2016:20:22:44 -0700] "HEAD / HTTP/1.1" 200 262 "http://www.secrepo.com/" "Scrapy/1.0.1 (+http://scrapy.org)" 
113.166.16.110 - - [12/Jun/2016:20:22:44 -0700] "HEAD / HTTP/1.1" 200 262 "http://www.secrepo.com/" "Scrapy/1.0.1 (+http://scrapy.org)" 
113.166.16.110 - - [12/Jun/2016:20:22:44 -0700] "HEAD /honeypot/Honeypot%20-%20Howto%20-%20BSides%20Austin.pdf HTTP/1.1" 200 226 "http://www.secrepo.com/" "Scrapy/1.0.1 (+http://scrapy.org)" 
113.166.16.110 - - [12/Jun/2016:20:22:44 -0700] "HEAD / HTTP/1.1" 200 262 "http://www.secrepo.com/" "Scrapy/1.0.1 (+http://scrapy.org)" 
113.166.16.110 - - [12/Jun/2016:20:22:44 -0700] "HEAD /honeypot/Honeypot%20-%20Howto.pdf HTTP/1.1" 200 226 "http://www.secrepo.com/" "Scrapy/1.0.1 (+http://scrapy.org)" 
113.166.16.110 - - [12/Jun/2016:20:22:44 -0700] "GET /honeypot/Honeypot%20-%20Howto.pdf HTTP/1.1" 200 1279362 "-" "Scrapy/1.0.1 (+http://scrapy.org)" 
113.166.16.110 - - [12/Jun/2016:20:22:44 -0700] "GET /honeypot/Honeypot%20-%20Howto%20-%20BSides%20Austin.pdf HTTP/1.1" 200 2928404 "-" "Scrapy/1.0.1 (+http://scrapy.org)" 
113.166.16.110 - - [12/Jun/2016:20:22:58 -0700] "HEAD /honeypot/BSidesDFW%20-%202014.ipynb HTTP/1.1" 200 219 "http://www.secrepo.com/" "Scrapy/1.0.1 (+http://scrapy.org)" 
113.166.16.110 - - [12/Jun/2016:20:22:58 -0700] "HEAD /Security-Data-Analysis/Lab_1/conn.log.zip HTTP/1.1" 200 250 "http://www.secrepo.com/" "Scrapy/1.0.1 (+http://scrapy.org)" 
113.166.16.110 - - [12/Jun/2016:20:23:06 -0700] "HEAD /honeypot/honeypot.json.zip HTTP/1.1" 200 226 "http://www.secrepo.com/" "Scrapy/1.0.1 (+http://scrapy.org)" 
172.99.70.132 - - [12/Jun/2016:20:23:06 -0700] "GET /robots.txt HTTP/1.1" 301 446 "-" "Tornado-Async-Client" 
172.99.70.132 - - [12/Jun/2016:20:23:06 -0700] "GET /robots.txt HTTP/1.1" 200 304 "-" "Tornado-Async-Client" 
172.99.70.132 - - [12/Jun/2016:20:23:06 -0700] "GET /honeypot/BSidesDFW%20-%202014.ipynb HTTP/1.1" 301 484 "-" "Tornado-Async-Client" 
113.166.16.110 - - [12/Jun/2016:20:23:06 -0700] "HEAD /zeus/zeus_json.zip HTTP/1.1" 404 264 "http://www.secrepo.com/" "Scrapy/1.0.1 (+http://scrapy.org)" 
113.166.16.110 - - [12/Jun/2016:20:23:06 -0700] "HEAD /tg/tg_snort_fast.7z HTTP/1.1" 200 238 "http://www.secrepo.com/" "Scrapy/1.0.1 (+http://scrapy.org)" 
113.166.16.110 - - [12/Jun/2016:20:23:06 -0700] "HEAD /domaindata/domainmovement.zip HTTP/1.1" 200 226 "http://www.secrepo.com/" "Scrapy/1.0.1 (+http://scrapy.org)" 
113.166.16.110 - - [12/Jun/2016:20:23:06 -0700] "HEAD /self.logs/ HTTP/1.1" 200 183 "http://www.secrepo.com/" "Scrapy/1.0.1 (+http://scrapy.org)" 
113.166.16.110 - - [12/Jun/2016:20:23:06 -0700] "HEAD /tg/tg_snort_full.7z HTTP/1.1" 200 238 "http://www.secrepo.com/" "Scrapy/1.0.1 (+http://scrapy.org)" 
172.99.70.132 - - [12/Jun/2016:20:23:06 -0700] "GET /honeypot/BSidesDFW%20-%202014.ipynb HTTP/1.1" 200 930780 "-" "Tornado-Async-Client" 
113.166.16.110 - - [12/Jun/2016:20:23:06 -0700] "HEAD /misc/zeus_dga_domains.txt.zip HTTP/1.1" 200 247 "http://www.secrepo.com/" "Scrapy/1.0.1 (+http://scrapy.org)" 
113.166.16.110 - - [12/Jun/2016:20:23:06 -0700] "HEAD /auth.log/auth.log.gz HTTP/1.1" 200 242 "http://www.secrepo.com/" "Scrapy/1.0.1 (+http://scrapy.org)" 
113.166.16.110 - - [12/Jun/2016:20:23:06 -0700] "HEAD /tg/c.zip HTTP/1.1" 200 228 "http://www.secrepo.com/" "Scrapy/1.0.1 (+http://scrapy.org)" 
113.166.16.110 - - [12/Jun/2016:20:23:06 -0700] "HEAD /tg/b.zip HTTP/1.1" 200 228 "http://www.secrepo.com/" "Scrapy/1.0.1 (+http://scrapy.org)" 
113.166.16.110 - - [12/Jun/2016:20:23:06 -0700] "HEAD /tg/a.zip HTTP/1.1" 200 228 "http://www.secrepo.com/" "Scrapy/1.0.1 (+http://scrapy.org)" 
113.166.16.110 - - [12/Jun/2016:20:23:06 -0700] "HEAD /maccdc2012/maccdc2012_full_alert.7z HTTP/1.1" 200 240 "http://www.secrepo.com/" "Scrapy/1.0.1 (+http://scrapy.org)" 
113.166.16.110 - - [12/Jun/2016:20:23:06 -0700] "HEAD /maccdc2012/maccdc2012_fast_alert.7z HTTP/1.1" 200 238 "http://www.secrepo.com/" "Scrapy/1.0.1 (+http://scrapy.org)" 
113.166.16.110 - - [12/Jun/2016:20:23:06 -0700] "HEAD /squid/access.log.gz HTTP/1.1" 200 244 "http://www.secrepo.com/" "Scrapy/1.0.1 (+http://scrapy.org)" 
113.166.16.110 - - [12/Jun/2016:20:23:07 -0700] "HEAD /maccdc2012/tunnel.log.gz HTTP/1.1" 200 263 "http://www.secrepo.com/" "Scrapy/1.0.1 (+http://scrapy.org)" 
113.166.16.110 - - [12/Jun/2016:20:23:06 -0700] "HEAD /maccdc2012/weird.log.gz HTTP/1.1" 200 243 "http://www.secrepo.com/" "Scrapy/1.0.1 (+http://scrapy.org)" 
113.166.16.110 - - [12/Jun/2016:20:23:07 -0700] "HEAD /maccdc2012/ssl.log.gz HTTP/1.1" 200 243 "http://www.secrepo.com/" "Scrapy/1.0.1 (+http://scrapy.org)" 
113.166.16.110 - - [12/Jun/2016:20:23:06 -0700] "GET /honeypot/BSidesDFW%20-%202014.ipynb HTTP/1.1" 200 930780 "-" "Scrapy/1.0.1 (+http://scrapy.org)" 
113.166.16.110 - - [12/Jun/2016:20:23:06 -0700] "GET /tg/tg_snort_fast.7z HTTP/1.1" 200 4274037 "-" "Scrapy/1.0.1 (+http://scrapy.org)" 
113.166.16.110 - - [12/Jun/2016:20:23:06 -0700] "GET /honeypot/honeypot.json.zip HTTP/1.1" 200 4631817 "-" "Scrapy/1.0.1 (+http://scrapy.org)" 
113.166.16.110 - - [12/Jun/2016:20:24:03 -0700] "GET /maccdc2012/tunnel.log.gz HTTP/1.1" 200 5173 "-" "Scrapy/1.0.1 (+http://scrapy.org)" 
113.166.16.110 - - [12/Jun/2016:20:24:04 -0700] "HEAD /maccdc2012/ssh.log.gz HTTP/1.1" 200 242 "http://www.secrepo.com/" "Scrapy/1.0.1 (+http://scrapy.org)" 
113.166.16.110 - - [12/Jun/2016:20:24:05 -0700] "HEAD /maccdc2012/smtp.log.gz HTTP/1.1" 200 263 "http://www.secrepo.com/" "Scrapy/1.0.1 (+http://scrapy.org)" 
113.166.16.110 - - [12/Jun/2016:20:24:06 -0700] "HEAD /maccdc2012/signatures.log.gz HTTP/1.1" 200 261 "http://www.secrepo.com/" "Scrapy/1.0.1 (+http://scrapy.org)" 
113.166.16.110 - - [12/Jun/2016:20:24:07 -0700] "HEAD /maccdc2012/notice.log.gz HTTP/1.1" 200 264 "http://www.secrepo.com/" "Scrapy/1.0.1 (+http://scrapy.org)" 
113.166.16.110 - - [12/Jun/2016:20:23:07 -0700] "GET /domaindata/domainmovement.zip HTTP/1.1" 200 7437669 "-" "Scrapy/1.0.1 (+http://scrapy.org)" 
113.166.16.110 - - [12/Jun/2016:20:24:08 -0700] "HEAD /maccdc2012/http.log.gz HTTP/1.1" 200 244 "http://www.secrepo.com/" "Scrapy/1.0.1 (+http://scrapy.org)" 
113.166.16.110 - - [12/Jun/2016:20:24:10 -0700] "HEAD /maccdc2012/ftp.log.gz HTTP/1.1" 200 242 "http://www.secrepo.com/" "Scrapy/1.0.1 (+http://scrapy.org)" 
113.166.16.110 - - [12/Jun/2016:20:24:11 -0700] "HEAD /maccdc2012/files.log.gz HTTP/1.1" 200 244 "http://www.secrepo.com/" "Scrapy/1.0.1 (+http://scrapy.org)" 
113.166.16.110 - - [12/Jun/2016:20:24:12 -0700] "HEAD / HTTP/1.1" 301 234 "http://www.secrepo.com/" "Scrapy/1.0.1 (+http://scrapy.org)" 
113.166.16.110 - - [12/Jun/2016:20:24:14 -0700] "HEAD / HTTP/1.1" 200 262 "http://www.secrepo.com/" "Scrapy/1.0.1 (+http://scrapy.org)" 
113.166.16.110 - - [12/Jun/2016:20:24:13 -0700] "HEAD /maccdc2012/dns.log.gz HTTP/1.1" 200 243 "http://www.secrepo.com/" "Scrapy/1.0.1 (+http://scrapy.org)" 
113.166.16.110 - - [12/Jun/2016:20:23:07 -0700] "GET /tg/tg_snort_full.7z HTTP/1.1" 200 8847738 "-" "Scrapy/1.0.1 (+http://scrapy.org)" 
113.166.16.110 - - [12/Jun/2016:20:24:14 -0700] "HEAD /maccdc2012/dhcp.log.gz HTTP/1.1" 200 264 "http://www.secrepo.com/" "Scrapy/1.0.1 (+http://scrapy.org)" 
113.166.16.110 - - [12/Jun/2016:20:24:15 -0700] "GET /maccdc2012/smtp.log.gz HTTP/1.1" 200 6852 "-" "Scrapy/1.0.1 (+http://scrapy.org)" 
113.166.16.110 - - [12/Jun/2016:20:24:15 -0700] "HEAD /maccdc2012/conn.log.gz HTTP/1.1" 200 245 "http://www.secrepo.com/" "Scrapy/1.0.1 (+http://scrapy.org)" 
113.166.16.110 - - [12/Jun/2016:20:24:17 -0700] "GET /maccdc2012/notice.log.gz HTTP/1.1" 200 20723 "-" "Scrapy/1.0.1 (+http://scrapy.org)" 
113.166.16.110 - - [12/Jun/2016:20:24:18 -0700] "GET /maccdc2012/signatures.log.gz HTTP/1.1" 200 549 "-" "Scrapy/1.0.1 (+http://scrapy.org)" 
113.166.16.110 - - [12/Jun/2016:20:24:19 -0700] "HEAD / HTTP/1.1" 200 262 "http://www.secrepo.com/" "Scrapy/1.0.1 (+http://scrapy.org)" 
113.166.16.110 - - [12/Jun/2016:20:24:19 -0700] "HEAD / HTTP/1.1" 200 262 "http://www.secrepo.com/" "Scrapy/1.0.1 (+http://scrapy.org)" 
113.166.16.110 - - [12/Jun/2016:20:24:20 -0700] "HEAD /zeus/zeus_json.zip HTTP/1.1" 404 264 "http://www.secrepo.com/" "Scrapy/1.0.1 (+http://scrapy.org)" 
113.166.16.110 - - [12/Jun/2016:20:24:20 -0700] "HEAD /data HTTP/1.1" 404 264 "http://www.secrepo.com/" "Scrapy/1.0.1 (+http://scrapy.org)" 
113.166.16.110 - - [12/Jun/2016:20:24:20 -0700] "HEAD /zeus/zeus_json.zip HTTP/1.1" 404 264 "http://www.secrepo.com/" "Scrapy/1.0.1 (+http://scrapy.org)" 
113.166.16.110 - - [12/Jun/2016:20:24:21 -0700] "HEAD /data HTTP/1.1" 404 264 "http://www.secrepo.com/" "Scrapy/1.0.1 (+http://scrapy.org)" 
113.166.16.110 - - [12/Jun/2016:20:24:21 -0700] "HEAD /zeus/zeus_json.zip HTTP/1.1" 404 264 "http://www.secrepo.com/" "Scrapy/1.0.1 (+http://scrapy.org)" 
113.166.16.110 - - [12/Jun/2016:20:24:20 -0700] "GET /maccdc2012/dhcp.log.gz HTTP/1.1" 200 44963 "-" "Scrapy/1.0.1 (+http://scrapy.org)" 
113.166.16.110 - - [12/Jun/2016:20:24:21 -0700] "HEAD /data HTTP/1.1" 404 264 "http://www.secrepo.com/" "Scrapy/1.0.1 (+http://scrapy.org)" 
113.166.16.110 - - [12/Jun/2016:20:24:22 -0700] "HEAD /zeus/zeus_json.zip HTTP/1.1" 404 264 "http://www.secrepo.com/" "Scrapy/1.0.1 (+http://scrapy.org)" 
113.166.16.110 - - [12/Jun/2016:20:24:22 -0700] "HEAD /data HTTP/1.1" 404 264 "http://www.secrepo.com/" "Scrapy/1.0.1 (+http://scrapy.org)" 
113.166.16.110 - - [12/Jun/2016:20:24:23 -0700] "HEAD /zeus/zeus_json.zip HTTP/1.1" 404 264 "http://www.secrepo.com/" "Scrapy/1.0.1 (+http://scrapy.org)" 
113.166.16.110 - - [12/Jun/2016:20:24:24 -0700] "HEAD /zeus/zeus_json.zip HTTP/1.1" 404 264 "http://www.secrepo.com/" "Scrapy/1.0.1 (+http://scrapy.org)" 
113.166.16.110 - - [12/Jun/2016:20:24:27 -0700] "HEAD /zeus/zeus_json.zip HTTP/1.1" 404 264 "http://www.secrepo.com/" "Scrapy/1.0.1 (+http://scrapy.org)" 
113.166.16.110 - - [12/Jun/2016:20:24:28 -0700] "HEAD /zeus/zeus_json.zip HTTP/1.1" 404 264 "http://www.secrepo.com/" "Scrapy/1.0.1 (+http://scrapy.org)" 
113.166.16.110 - - [12/Jun/2016:20:24:29 -0700] "HEAD /data HTTP/1.1" 404 264 "http://www.secrepo.com/" "Scrapy/1.0.1 (+http://scrapy.org)" 
113.166.16.110 - - [12/Jun/2016:20:24:29 -0700] "HEAD /zeus/zeus_json.zip HTTP/1.1" 404 264 "http://www.secrepo.com/" "Scrapy/1.0.1 (+http://scrapy.org)" 
113.166.16.110 - - [12/Jun/2016:20:24:30 -0700] "HEAD /data HTTP/1.1" 404 264 "http://www.secrepo.com/" "Scrapy/1.0.1 (+http://scrapy.org)" 
113.166.16.110 - - [12/Jun/2016:20:24:30 -0700] "HEAD /zeus/zeus_json.zip HTTP/1.1" 404 264 "http://www.secrepo.com/" "Scrapy/1.0.1 (+http://scrapy.org)" 
113.166.16.110 - - [12/Jun/2016:20:24:31 -0700] "HEAD /data HTTP/1.1" 404 264 "http://www.secrepo.com/" "Scrapy/1.0.1 (+http://scrapy.org)" 
113.166.16.110 - - [12/Jun/2016:20:24:32 -0700] "HEAD /data HTTP/1.1" 404 264 "http://www.secrepo.com/" "Scrapy/1.0.1 (+http://scrapy.org)" 
113.166.16.110 - - [12/Jun/2016:20:24:33 -0700] "HEAD /data HTTP/1.1" 404 264 "http://www.secrepo.com/" "Scrapy/1.0.1 (+http://scrapy.org)" 
113.166.16.110 - - [12/Jun/2016:20:24:33 -0700] "HEAD /data HTTP/1.1" 404 264 "http://www.secrepo.com/" "Scrapy/1.0.1 (+http://scrapy.org)" 
113.166.16.110 - - [12/Jun/2016:20:23:53 -0700] "GET /maccdc2012/maccdc2012_fast_alert.7z HTTP/1.1" 200 9478093 "-" "Scrapy/1.0.1 (+http://scrapy.org)" 
113.166.16.110 - - [12/Jun/2016:20:23:08 -0700] "GET /maccdc2012/maccdc2012_full_alert.7z HTTP/1.1" 200 24978886 "-" "Scrapy/1.0.1 (+http://scrapy.org)" 
113.166.16.110 - - [12/Jun/2016:20:23:07 -0700] "GET /tg/b.zip HTTP/1.1" 200 42298108 "-" "Scrapy/1.0.1 (+http://scrapy.org)" 
113.166.16.110 - - [12/Jun/2016:20:23:07 -0700] "GET /tg/c.zip HTTP/1.1" 200 63359062 "-" "Scrapy/1.0.1 (+http://scrapy.org)" 
113.166.16.110 - - [12/Jun/2016:20:23:17 -0700] "GET /tg/a.zip HTTP/1.1" 200 66189281 "-" "Scrapy/1.0.1 (+http://scrapy.org)" 
113.166.16.110 - - [12/Jun/2016:20:32:40 -0700] "GET /honeypot/BSidesDFW%20-%202014.ipynb HTTP/1.1" 200 930836 "http://www.secrepo.com/" "Mozilla/5.0 (Windows NT 6.1) AppleWebKit/537.36 (KHTML, like Gecko) Chrome/51.0.2704.84 Safari/537.36" 
113.166.16.110 - - [12/Jun/2016:20:34:35 -0700] "GET / HTTP/1.1" 200 9848 "-" "Scrapy/1.0.1 (+http://scrapy.org)" 
113.166.16.110 - - [12/Jun/2016:20:34:36 -0700] "HEAD / HTTP/1.1" 200 262 "http://www.secrepo.com/" "Scrapy/1.0.1 (+http://scrapy.org)" 
113.166.16.110 - - [12/Jun/2016:20:34:36 -0700] "HEAD / HTTP/1.1" 200 262 "http://www.secrepo.com/" "Scrapy/1.0.1 (+http://scrapy.org)" 
113.166.16.110 - - [12/Jun/2016:20:34:36 -0700] "HEAD / HTTP/1.1" 200 262 "http://www.secrepo.com/" "Scrapy/1.0.1 (+http://scrapy.org)" 
113.166.16.110 - - [12/Jun/2016:20:34:36 -0700] "HEAD / HTTP/1.1" 200 262 "http://www.secrepo.com/" "Scrapy/1.0.1 (+http://scrapy.org)" 
113.166.16.110 - - [12/Jun/2016:20:34:36 -0700] "HEAD / HTTP/1.1" 200 262 "http://www.secrepo.com/" "Scrapy/1.0.1 (+http://scrapy.org)" 
113.166.16.110 - - [12/Jun/2016:20:34:36 -0700] "HEAD / HTTP/1.1" 200 262 "http://www.secrepo.com/" "Scrapy/1.0.1 (+http://scrapy.org)" 
113.166.16.110 - - [12/Jun/2016:20:34:36 -0700] "HEAD / HTTP/1.1" 200 262 "http://www.secrepo.com/" "Scrapy/1.0.1 (+http://scrapy.org)" 
113.166.16.110 - - [12/Jun/2016:20:34:36 -0700] "HEAD / HTTP/1.1" 200 262 "http://www.secrepo.com/" "Scrapy/1.0.1 (+http://scrapy.org)" 
113.166.16.110 - - [12/Jun/2016:20:34:36 -0700] "HEAD / HTTP/1.1" 200 262 "http://www.secrepo.com/" "Scrapy/1.0.1 (+http://scrapy.org)" 
113.166.16.110 - - [12/Jun/2016:20:34:36 -0700] "HEAD / HTTP/1.1" 200 262 "http://www.secrepo.com/" "Scrapy/1.0.1 (+http://scrapy.org)" 
113.166.16.110 - - [12/Jun/2016:20:34:37 -0700] "HEAD /data HTTP/1.1" 404 264 "http://www.secrepo.com/" "Scrapy/1.0.1 (+http://scrapy.org)" 
113.166.16.110 - - [12/Jun/2016:20:34:37 -0700] "HEAD / HTTP/1.1" 200 262 "http://www.secrepo.com/" "Scrapy/1.0.1 (+http://scrapy.org)" 
113.166.16.110 - - [12/Jun/2016:20:34:37 -0700] "HEAD / HTTP/1.1" 200 262 "http://www.secrepo.com/" "Scrapy/1.0.1 (+http://scrapy.org)" 
113.166.16.110 - - [12/Jun/2016:20:34:37 -0700] "HEAD / HTTP/1.1" 200 262 "http://www.secrepo.com/" "Scrapy/1.0.1 (+http://scrapy.org)" 
113.166.16.110 - - [12/Jun/2016:20:34:37 -0700] "HEAD /honeypot/Honeypot%20-%20Howto%20-%20BSides%20Austin.pdf HTTP/1.1" 200 226 "http://www.secrepo.com/" "Scrapy/1.0.1 (+http://scrapy.org)" 
113.166.16.110 - - [12/Jun/2016:20:34:37 -0700] "HEAD / HTTP/1.1" 200 262 "http://www.secrepo.com/" "Scrapy/1.0.1 (+http://scrapy.org)" 
113.166.16.110 - - [12/Jun/2016:20:34:37 -0700] "HEAD / HTTP/1.1" 200 262 "http://www.secrepo.com/" "Scrapy/1.0.1 (+http://scrapy.org)" 
113.166.16.110 - - [12/Jun/2016:20:34:37 -0700] "HEAD /honeypot/Honeypot%20-%20Howto.pdf HTTP/1.1" 200 226 "http://www.secrepo.com/" "Scrapy/1.0.1 (+http://scrapy.org)" 
113.166.16.110 - - [12/Jun/2016:20:35:13 -0700] "HEAD /honeypot/BSidesDFW%20-%202014.ipynb HTTP/1.1" 200 219 "http://www.secrepo.com/" "Scrapy/1.0.1 (+http://scrapy.org)" 
113.166.16.110 - - [12/Jun/2016:20:35:13 -0700] "HEAD /Security-Data-Analysis/Lab_1/conn.log.zip HTTP/1.1" 200 250 "http://www.secrepo.com/" "Scrapy/1.0.1 (+http://scrapy.org)" 
113.166.16.110 - - [12/Jun/2016:20:35:28 -0700] "HEAD /domaindata/domainmovement.zip HTTP/1.1" 200 226 "http://www.secrepo.com/" "Scrapy/1.0.1 (+http://scrapy.org)" 
113.166.16.110 - - [12/Jun/2016:20:35:28 -0700] "HEAD /tg/tg_snort_full.7z HTTP/1.1" 200 238 "http://www.secrepo.com/" "Scrapy/1.0.1 (+http://scrapy.org)" 
