5.18.225.23 - - [22/Mar/2015:02:08:24 -0700] "GET /wp-login.php HTTP/1.1" 301 503 "-" "Mozilla/5.0 (Windows NT 6.1) AppleWebKit/537.1 (KHTML, like Gecko) Chrome/24.0.1290.1 Safari/537.13" 
5.18.225.23 - - [22/Mar/2015:02:08:25 -0700] "GET /administrator/ HTTP/1.1" 301 504 "-" "Mozilla/5.0 (Windows NT 6.1) AppleWebKit/537.1 (KHTML, like Gecko) Chrome/24.0.1290.1 Safari/537.13" 
5.18.225.23 - - [22/Mar/2015:02:08:25 -0700] "GET /admin.php HTTP/1.1" 301 496 "-" "Mozilla/5.0 (Windows NT 6.1) AppleWebKit/537.1 (KHTML, like Gecko) Chrome/24.0.1290.1 Safari/537.13" 
199.16.156.126 - - [22/Mar/2015:02:14:18 -0700] "GET /robots.txt HTTP/1.1" 200 304 "-" "Twitterbot/1.0" 
199.16.156.126 - - [22/Mar/2015:02:14:18 -0700] "GET /honeypot/Honeypot%20-%20Howto%20-%20BSides%20Austin.pdf HTTP/1.1" 200 2928404 "-" "Twitterbot/1.0" 
192.249.64.112 - - [22/Mar/2015:03:22:32 -0700] "GET /honeypot/Honeypot%20-%20Howto.pdf HTTP/1.1" 200 1279418 "http://www.secrepo.com/" "Mozilla/5.0 (X11; Linux i686; rv:17.0) Gecko/20100101 Firefox/17.0" 
199.16.156.125 - - [22/Mar/2015:03:50:43 -0700] "GET /robots.txt HTTP/1.1" 200 304 "-" "Twitterbot/1.0" 
199.16.156.125 - - [22/Mar/2015:03:50:43 -0700] "GET /honeypot/Honeypot%20-%20Howto%20-%20BSides%20Austin.pdf HTTP/1.1" 200 2928404 "-" "Twitterbot/1.0" 
180.76.6.41 - - [22/Mar/2015:04:20:15 -0700] "GET /honeypot/Honeypot%20-%20Howto.pdf HTTP/1.1" 200 988420 "-" "Mozilla/5.0 (compatible; Baiduspider/2.0; +http://www.baidu.com/search/spider.html)" 
178.137.18.185 - - [22/Mar/2015:04:30:34 -0700] "GET /honeypot/BSidesDFW%2520-%25202014.ipynb HTTP/1.1" 404 239 "http://gamerealla.ru/" "Mozilla/4.0 (compatible; MSIE 6.0; Windows NT 5.1; SV1; FunWebProducts; MRA 4.6 (build 01425); .NET CLR 1.1.4322; .NET CLR 2.0.50727)" 
178.137.18.185 - - [22/Mar/2015:04:30:36 -0700] "GET /honeypot/BSidesDFW%2520-%25202014.ipynb HTTP/1.1" 404 239 "http://gamerealla.ru/" "Mozilla/4.0 (compatible; MSIE 6.0; Windows NT 5.1; SV1; FunWebProducts; MRA 4.6 (build 01425); .NET CLR 1.1.4322; .NET CLR 2.0.50727)" 
178.137.18.185 - - [22/Mar/2015:04:30:37 -0700] "GET /honeypot/BSidesDFW%2520-%25202014.ipynb HTTP/1.1" 404 239 "http://gamerealla.ru/" "Mozilla/4.0 (compatible; MSIE 6.0; Windows NT 5.1; SV1; FunWebProducts; MRA 4.6 (build 01425); .NET CLR 1.1.4322; .NET CLR 2.0.50727)" 
176.8.89.30 - - [22/Mar/2015:05:07:38 -0700] "GET /honeypot/BSidesDFW%2520-%25202014.ipynb HTTP/1.1" 404 239 "http://krasivoe-kino.com/" "Mozilla/4.0 (compatible; MSIE 6.0; Windows NT 5.1; SV1; InfoPath.1)" 
176.8.89.30 - - [22/Mar/2015:05:07:39 -0700] "GET /honeypot/BSidesDFW%2520-%25202014.ipynb HTTP/1.1" 404 239 "http://krasivoe-kino.com/" "Mozilla/4.0 (compatible; MSIE 6.0; Windows NT 5.1; SV1; InfoPath.1)" 
176.8.89.30 - - [22/Mar/2015:05:07:39 -0700] "GET /honeypot/BSidesDFW%2520-%25202014.ipynb HTTP/1.1" 404 239 "http://krasivoe-kino.com/" "Mozilla/4.0 (compatible; MSIE 6.0; Windows NT 5.1; SV1; InfoPath.1)" 
46.119.118.191 - - [22/Mar/2015:05:10:04 -0700] "GET /honeypot/BSidesDFW%2520-%25202014.ipynb HTTP/1.1" 404 239 "http://moomi-daeri.com/" "Opera/9.0 (Windows NT 5.1; U; en)" 
46.119.118.191 - - [22/Mar/2015:05:10:04 -0700] "GET /honeypot/BSidesDFW%2520-%25202014.ipynb HTTP/1.1" 404 239 "http://blogig.org/" "Opera/9.0 (Windows NT 5.1; U; en)" 
46.119.118.191 - - [22/Mar/2015:05:10:04 -0700] "GET /honeypot/BSidesDFW%2520-%25202014.ipynb HTTP/1.1" 404 239 "http://moomi-daeri.com/" "Opera/9.0 (Windows NT 5.1; U; en)" 
46.119.118.191 - - [22/Mar/2015:05:10:04 -0700] "GET /honeypot/BSidesDFW%2520-%25202014.ipynb HTTP/1.1" 404 239 "http://blogig.org/" "Opera/9.0 (Windows NT 5.1; U; en)" 
46.119.118.191 - - [22/Mar/2015:05:10:05 -0700] "GET /honeypot/BSidesDFW%2520-%25202014.ipynb HTTP/1.1" 404 239 "http://moomi-daeri.com/" "Opera/9.0 (Windows NT 5.1; U; en)" 
46.119.118.191 - - [22/Mar/2015:05:10:05 -0700] "GET /honeypot/BSidesDFW%2520-%25202014.ipynb HTTP/1.1" 404 239 "http://blogig.org/" "Opera/9.0 (Windows NT 5.1; U; en)" 
199.21.99.218 - - [22/Mar/2015:05:16:41 -0700] "GET /honeypot/Honeypot%20-%20Howto%20-%20BSides%20Austin.pdf HTTP/1.1" 200 2928460 "-" "Mozilla/5.0 (compatible; YandexBot/3.0; +http://yandex.com/bots)" 
108.174.2.200 - - [22/Mar/2015:05:20:26 -0700] "GET /twitter-icon.png HTTP/1.1" 200 27751 "-" "LinkedInBot/1.0 (compatible; Mozilla/5.0; Jakarta Commons-HttpClient/3.1 +http://www.linkedin.com)" 
157.55.39.228 - - [22/Mar/2015:06:24:18 -0700] "GET /honeypot/BSidesDFW%20-%202014.ipynb HTTP/1.1" 200 930836 "-" "Mozilla/5.0 (iPhone; CPU iPhone OS 7_0 like Mac OS X) AppleWebKit/537.51.1 (KHTML, like Gecko) Version/7.0 Mobile/11A465 Safari/9537.53 (compatible; bingbot/2.0;  http://www.bing.com/bingbot.htm)" 
193.201.224.106 - - [22/Mar/2015:06:30:47 -0700] "GET /honeypot/Honeypot%20-%20Howto.pdf HTTP/1.0" 200 950460 "http://www.secrepo.com/honeypot/Honeypot%20-%20Howto.pdf" "Mozilla/5.0 (Windows NT 6.3; WOW64) AppleWebKit/537.36 (KHTML, like Gecko) Chrome/39.0.2171.65 Safari/537.36 OPR/26.0.1656.24" 
193.201.224.106 - - [22/Mar/2015:06:30:48 -0700] "GET /honeypot/Honeypot%20-%20Howto.pdf HTTP/1.0" 200 1219100 "http://www.secrepo.com/honeypot/Honeypot%20-%20Howto.pdf" "Mozilla/5.0 (Windows NT 6.3; WOW64) AppleWebKit/537.36 (KHTML, like Gecko) Chrome/39.0.2171.65 Safari/537.36" 
193.201.224.106 - - [22/Mar/2015:06:30:48 -0700] "GET /honeypot/Honeypot%20-%20Howto.pdf HTTP/1.0" 200 1001560 "http://www.secrepo.com/honeypot/Honeypot%20-%20Howto.pdf" "Opera/9.80 (Windows NT 5.1) Presto/2.12.388 Version/12.17" 
193.201.224.106 - - [22/Mar/2015:06:48:58 -0700] "GET /honeypot/Honeypot%20-%20Howto.pdf HTTP/1.0" 200 789860 "http://www.secrepo.com/honeypot/Honeypot%20-%20Howto.pdf" "Mozilla/5.0 (Windows NT 6.1; WOW64) AppleWebKit/537.36 (KHTML, like Gecko) Chrome/39.0.2171.65 Safari/537.36 OPR/26.0.1656.24" 
193.201.224.106 - - [22/Mar/2015:06:48:58 -0700] "GET /honeypot/Honeypot%20-%20Howto.pdf HTTP/1.0" 200 801540 "http://www.secrepo.com/honeypot/Honeypot%20-%20Howto.pdf" "Mozilla/5.0 (Windows NT 6.1; WOW64) AppleWebKit/537.36 (KHTML, like Gecko) Chrome/37.0.2062.124 YaBrowser/14.10.2062.12061 Safari/537.36" 
193.201.224.106 - - [22/Mar/2015:06:48:58 -0700] "GET /honeypot/Honeypot%20-%20Howto.pdf HTTP/1.0" 200 876000 "http://www.secrepo.com/honeypot/Honeypot%20-%20Howto.pdf" "Mozilla/5.0 (Windows NT 6.1; WOW64) AppleWebKit/537.36 (KHTML, like Gecko) Chrome/37.0.2062.124 YaBrowser/14.10.2062.12061 Safari/537.36" 
199.16.156.125 - - [22/Mar/2015:07:24:50 -0700] "GET /robots.txt HTTP/1.1" 200 304 "-" "Twitterbot/1.0" 
199.16.156.125 - - [22/Mar/2015:07:24:50 -0700] "GET /honeypot/honeypot.json.zip HTTP/1.1" 200 4631817 "-" "Twitterbot/1.0" 
199.59.148.211 - - [22/Mar/2015:07:33:57 -0700] "GET /robots.txt HTTP/1.1" 200 304 "-" "Twitterbot/1.0" 
199.59.148.211 - - [22/Mar/2015:07:33:57 -0700] "GET /honeypot/Honeypot%20-%20Howto%20-%20BSides%20Austin.pdf HTTP/1.1" 200 2928404 "-" "Twitterbot/1.0" 
199.59.148.209 - - [22/Mar/2015:08:17:21 -0700] "GET /robots.txt HTTP/1.1" 200 304 "-" "Twitterbot/1.0" 
199.59.148.209 - - [22/Mar/2015:08:17:21 -0700] "GET /honeypot/honeypot.json.zip HTTP/1.1" 200 4631817 "-" "Twitterbot/1.0" 
199.16.156.124 - - [22/Mar/2015:08:19:42 -0700] "GET /robots.txt HTTP/1.1" 200 304 "-" "Twitterbot/1.0" 
199.16.156.124 - - [22/Mar/2015:08:19:42 -0700] "GET /honeypot/honeypot.json.zip HTTP/1.1" 200 4631817 "-" "Twitterbot/1.0" 
207.46.13.33 - - [22/Mar/2015:08:20:04 -0700] "GET / HTTP/1.1" 301 483 "-" "Mozilla/5.0 (compatible; bingbot/2.0; +http://www.bing.com/bingbot.htm)" 
207.46.13.33 - - [22/Mar/2015:08:30:51 -0700] "GET / HTTP/1.1" 200 6807 "-" "Mozilla/5.0 (compatible; bingbot/2.0; +http://www.bing.com/bingbot.htm)" 
74.92.158.146 - - [22/Mar/2015:08:51:35 -0700] "GET / HTTP/1.1" 301 483 "-" "Mozilla/5.0 (Macintosh; Intel Mac OS X 10_10_2) AppleWebKit/537.36 (KHTML, like Gecko) Chrome/42.0.2311.50 Safari/537.36" 
74.92.158.146 - - [22/Mar/2015:08:51:35 -0700] "GET / HTTP/1.1" 200 6807 "-" "Mozilla/5.0 (Macintosh; Intel Mac OS X 10_10_2) AppleWebKit/537.36 (KHTML, like Gecko) Chrome/42.0.2311.50 Safari/537.36" 
74.92.158.146 - - [22/Mar/2015:08:51:35 -0700] "GET /twitter-icon.png HTTP/1.1" 200 27787 "http://www.secrepo.com/" "Mozilla/5.0 (Macintosh; Intel Mac OS X 10_10_2) AppleWebKit/537.36 (KHTML, like Gecko) Chrome/42.0.2311.50 Safari/537.36" 
74.92.158.146 - - [22/Mar/2015:08:51:36 -0700] "GET /bootstrap/img/favicon.ico HTTP/1.1" 200 589 "http://www.secrepo.com/" "Mozilla/5.0 (Macintosh; Intel Mac OS X 10_10_2) AppleWebKit/537.36 (KHTML, like Gecko) Chrome/42.0.2311.50 Safari/537.36" 
199.16.156.126 - - [22/Mar/2015:08:52:25 -0700] "GET /robots.txt HTTP/1.1" 200 304 "-" "Twitterbot/1.0" 
199.16.156.126 - - [22/Mar/2015:08:52:25 -0700] "GET /honeypot/Honeypot%20-%20Howto%20-%20BSides%20Austin.pdf HTTP/1.1" 200 2928404 "-" "Twitterbot/1.0" 
45.56.111.107 - - [22/Mar/2015:09:38:53 -0700] "GET /honeypot/Honeypot%20-%20Howto%20-%20BSides%20Austin.pdf HTTP/1.1" 200 2928460 "-" "Mozilla/5.0 (X11; Linux i686) AppleWebKit/537.36 (KHTML, like Gecko) Chrome/39.0.2171.95 Safari/537.36" 
45.56.111.107 - - [22/Mar/2015:09:38:54 -0700] "GET / HTTP/1.1" 301 498 "-" "Mozilla/5.0 (X11; Linux i686) AppleWebKit/537.36 (KHTML, like Gecko) Chrome/39.0.2171.95 Safari/537.36" 
45.56.111.107 - - [22/Mar/2015:09:38:54 -0700] "GET / HTTP/1.1" 200 22145 "-" "Mozilla/5.0 (X11; Linux i686) AppleWebKit/537.36 (KHTML, like Gecko) Chrome/39.0.2171.95 Safari/537.36" 
199.59.148.210 - - [22/Mar/2015:10:24:24 -0700] "GET /robots.txt HTTP/1.1" 200 304 "-" "Twitterbot/1.0" 
199.59.148.210 - - [22/Mar/2015:10:24:24 -0700] "GET /robots.txt HTTP/1.1" 200 304 "-" "Twitterbot/1.0" 
199.59.148.210 - - [22/Mar/2015:10:24:25 -0700] "GET /honeypot/Honeypot%20-%20Howto%20-%20BSides%20Austin.pdf HTTP/1.1" 200 2928404 "-" "Twitterbot/1.0" 
199.59.148.210 - - [22/Mar/2015:10:24:24 -0700] "GET /honeypot/honeypot.json.zip HTTP/1.1" 200 4631817 "-" "Twitterbot/1.0" 
180.180.108.119 - - [22/Mar/2015:11:20:08 -0700] "GET /honeypot/BSidesDFW%20-%202014.ipynb HTTP/1.1" 200 930836 "http://www.secrepo.com/" "Mozilla/5.0 (X11; Linux x86_64) AppleWebKit/537.36 (KHTML, like Gecko) Chrome/39.0.2171.99 Safari/537.36" 
199.16.156.126 - - [22/Mar/2015:11:20:37 -0700] "GET /robots.txt HTTP/1.1" 200 304 "-" "Twitterbot/1.0" 
199.16.156.126 - - [22/Mar/2015:11:20:37 -0700] "GET /honeypot/honeypot.json.zip HTTP/1.1" 200 4631817 "-" "Twitterbot/1.0" 
60.18.55.180 - - [22/Mar/2015:11:29:26 -0700] "GET /honeypot/BSidesDFW%20-%202014.ipynb HTTP/1.1" 200 930836 "http://www.secrepo.com/" "Mozilla/5.0 (X11; Linux x86_64) AppleWebKit/537.36 (KHTML, like Gecko) Chrome/39.0.2171.99 Safari/537.36" 
199.59.148.210 - - [22/Mar/2015:11:39:58 -0700] "GET /robots.txt HTTP/1.1" 200 304 "-" "Twitterbot/1.0" 
199.59.148.210 - - [22/Mar/2015:11:39:58 -0700] "GET /honeypot/Honeypot%20-%20Howto%20-%20BSides%20Austin.pdf HTTP/1.1" 200 2928404 "-" "Twitterbot/1.0" 
199.16.156.126 - - [22/Mar/2015:12:04:37 -0700] "GET /robots.txt HTTP/1.1" 200 304 "-" "Twitterbot/1.0" 
199.16.156.126 - - [22/Mar/2015:12:04:37 -0700] "GET /honeypot/honeypot.json.zip HTTP/1.1" 200 4631817 "-" "Twitterbot/1.0" 
66.249.73.239 - - [22/Mar/2015:12:37:04 -0700] "GET /robots.txt HTTP/1.1" 200 334 "-" "Mozilla/5.0 (compatible; Googlebot/2.1; +http://www.google.com/bot.html)" 
66.249.73.239 - - [22/Mar/2015:12:37:04 -0700] "GET / HTTP/1.1" 200 6806 "-" "Mozilla/5.0 (compatible; Googlebot/2.1; +http://www.google.com/bot.html)" 
199.16.156.124 - - [22/Mar/2015:13:03:21 -0700] "GET /robots.txt HTTP/1.1" 200 304 "-" "Twitterbot/1.0" 
199.16.156.124 - - [22/Mar/2015:13:03:22 -0700] "GET /honeypot/Honeypot%20-%20Howto%20-%20BSides%20Austin.pdf HTTP/1.1" 200 2928404 "-" "Twitterbot/1.0" 
199.59.148.209 - - [22/Mar/2015:13:17:11 -0700] "GET /robots.txt HTTP/1.1" 200 304 "-" "Twitterbot/1.0" 
199.59.148.209 - - [22/Mar/2015:13:17:11 -0700] "GET /honeypot/honeypot.json.zip HTTP/1.1" 200 4631817 "-" "Twitterbot/1.0" 
157.55.39.228 - - [22/Mar/2015:13:29:11 -0700] "GET /honeypot/BSidesDFW%20-%202014.ipynb HTTP/1.1" 200 930836 "-" "Mozilla/5.0 (iPhone; CPU iPhone OS 7_0 like Mac OS X) AppleWebKit/537.51.1 (KHTML, like Gecko) Version/7.0 Mobile/11A465 Safari/9537.53 (compatible; bingbot/2.0;  http://www.bing.com/bingbot.htm)" 
199.16.156.126 - - [22/Mar/2015:14:25:46 -0700] "GET /robots.txt HTTP/1.1" 200 304 "-" "Twitterbot/1.0" 
199.16.156.126 - - [22/Mar/2015:14:25:46 -0700] "GET /honeypot/honeypot.json.zip HTTP/1.1" 200 4631817 "-" "Twitterbot/1.0" 
199.59.148.210 - - [22/Mar/2015:14:31:42 -0700] "GET /robots.txt HTTP/1.1" 200 304 "-" "Twitterbot/1.0" 
199.59.148.210 - - [22/Mar/2015:14:31:42 -0700] "GET /honeypot/Honeypot%20-%20Howto%20-%20BSides%20Austin.pdf HTTP/1.1" 200 2928404 "-" "Twitterbot/1.0" 
192.99.40.137 - - [22/Mar/2015:14:52:34 -0700] "HEAD / HTTP/1.1" 200 318 "http://www.domaintuno.com/d/www.secrepo.com" "Mozilla/5.0 (compatible; DomainTunoCrawler/0.1; +http://www.domaintuno.com/robot)" 
104.130.161.117 - - [22/Mar/2015:15:20:05 -0700] "GET /honeypot/BSidesDFW%20-%202014.ipynb HTTP/1.1" 301 484 "-" "Tornado-Async-Client" 
104.130.161.117 - - [22/Mar/2015:15:20:05 -0700] "GET /honeypot/BSidesDFW%20-%202014.ipynb HTTP/1.1" 200 930780 "-" "Tornado-Async-Client" 
213.133.230.201 - - [22/Mar/2015:15:20:06 -0700] "GET /honeypot/BSidesDFW%20-%202014.ipynb HTTP/1.1" 418 695 "-" "() { foo;};echo; /bin/bash -c \"expr 299663299665 / 3; echo 333:; uname -a; echo 333:; id;\"" 
213.133.230.201 - - [22/Mar/2015:15:20:28 -0700] "GET /honeypot/BSidesDFW%20-%202014.ipynb HTTP/1.1" 418 695 "-" "() { foo;};echo; /bin/bash -c \"expr 299663299665 / 3; echo 333:; uname -a; echo 333:; id;\"" 
69.226.212.117 - - [22/Mar/2015:15:21:32 -0700] "GET / HTTP/1.1" 200 6807 "-" "Mozilla/5.0 (Macintosh; Intel Mac OS X 10_9_5) AppleWebKit/537.36 (KHTML, like Gecko) Chrome/41.0.2272.89 Safari/537.36" 
69.226.212.117 - - [22/Mar/2015:15:21:33 -0700] "GET /twitter-icon.png HTTP/1.1" 200 27787 "http://www.secrepo.com/" "Mozilla/5.0 (Macintosh; Intel Mac OS X 10_9_5) AppleWebKit/537.36 (KHTML, like Gecko) Chrome/41.0.2272.89 Safari/537.36" 
213.133.230.201 - - [22/Mar/2015:15:25:09 -0700] "GET /honeypot/BSidesDFW%20-%202014.ipynb HTTP/1.1" 418 695 "-" "() { foo;};echo; /bin/bash -c \"expr 299663299665 / 3; echo 333:; uname -a; echo 333:; id;\"" 
207.46.13.8 - - [22/Mar/2015:15:30:11 -0700] "GET /honeypot/Honeypot%20-%20Howto.pdf HTTP/1.1" 200 1279418 "-" "Mozilla/5.0 (iPhone; CPU iPhone OS 7_0 like Mac OS X) AppleWebKit/537.51.1 (KHTML, like Gecko) Version/7.0 Mobile/11A465 Safari/9537.53 (compatible; bingbot/2.0;  http://www.bing.com/bingbot.htm)" 
199.16.156.126 - - [22/Mar/2015:15:39:44 -0700] "GET /robots.txt HTTP/1.1" 200 304 "-" "Twitterbot/1.0" 
199.16.156.126 - - [22/Mar/2015:15:39:44 -0700] "GET /honeypot/Honeypot%20-%20Howto%20-%20BSides%20Austin.pdf HTTP/1.1" 200 2928404 "-" "Twitterbot/1.0" 
199.59.148.210 - - [22/Mar/2015:15:57:04 -0700] "GET /robots.txt HTTP/1.1" 200 304 "-" "Twitterbot/1.0" 
199.59.148.210 - - [22/Mar/2015:15:57:04 -0700] "GET /robots.txt HTTP/1.1" 200 304 "-" "Twitterbot/1.0" 
199.59.148.210 - - [22/Mar/2015:15:57:04 -0700] "GET /honeypot/Honeypot%20-%20Howto%20-%20BSides%20Austin.pdf HTTP/1.1" 200 2928404 "-" "Twitterbot/1.0" 
199.59.148.210 - - [22/Mar/2015:15:57:04 -0700] "GET /honeypot/honeypot.json.zip HTTP/1.1" 200 4631817 "-" "Twitterbot/1.0" 
180.76.5.94 - - [22/Mar/2015:16:08:00 -0700] "GET /honeypot/BSidesDFW%20-%202014.ipynb HTTP/1.1" 200 930799 "-" "Mozilla/5.0 (compatible; Baiduspider/2.0; +http://www.baidu.com/search/spider.html)" 
46.7.138.76 - - [22/Mar/2015:16:18:44 -0700] "GET /honeypot/Honeypot%20-%20Howto.pdf HTTP/1.1" 200 1279418 "-" "Dalvik/2.1.0 (Linux; U; Android 5.0.2; One M8 Build/LRX22G)" 
69.226.212.117 - - [22/Mar/2015:16:19:03 -0700] "GET /maccdc2012/http.log.gz HTTP/1.1" 200 54258816 "http://www.secrepo.com/" "Mozilla/5.0 (Macintosh; Intel Mac OS X 10_9_5) AppleWebKit/537.36 (KHTML, like Gecko) Chrome/41.0.2272.89 Safari/537.36" 
104.130.161.117 - - [22/Mar/2015:16:30:40 -0700] "GET /honeypot/BSidesDFW%20-%202014.ipynb HTTP/1.1" 301 484 "-" "Tornado-Async-Client" 
104.130.161.117 - - [22/Mar/2015:16:30:41 -0700] "GET /honeypot/BSidesDFW%20-%202014.ipynb HTTP/1.1" 200 930780 "-" "Tornado-Async-Client" 
46.7.138.76 - - [22/Mar/2015:16:37:18 -0700] "GET /honeypot/BSidesDFW%20-%202014.ipynb HTTP/1.1" 301 540 "-" "Mozilla/5.0 (Linux; Android 5.0.2; One M8 Build/LRX22G) AppleWebKit/537.36 (KHTML, like Gecko) Chrome/41.0.2272.94 Mobile Safari/537.36" 
46.7.138.76 - - [22/Mar/2015:16:37:19 -0700] "GET /honeypot/BSidesDFW%20-%202014.ipynb HTTP/1.1" 200 102200 "-" "Mozilla/5.0 (Linux; Android 5.0.2; One M8 Build/LRX22G) AppleWebKit/537.36 (KHTML, like Gecko) Chrome/41.0.2272.94 Mobile Safari/537.36" 
46.7.138.76 - - [22/Mar/2015:16:37:19 -0700] "GET /honeypot/BSidesDFW%20-%202014.ipynb HTTP/1.1" 200 930836 "" "" 
199.16.156.126 - - [22/Mar/2015:17:34:21 -0700] "GET /robots.txt HTTP/1.1" 200 304 "-" "Twitterbot/1.0" 
199.16.156.126 - - [22/Mar/2015:17:34:21 -0700] "GET /honeypot/Honeypot%20-%20Howto%20-%20BSides%20Austin.pdf HTTP/1.1" 200 2928404 "-" "Twitterbot/1.0" 
66.249.73.135 - - [22/Mar/2015:18:36:57 -0700] "GET / HTTP/1.1" 200 6807 "-" "Mozilla/5.0 (compatible; Googlebot/2.1; +http://www.google.com/bot.html)" 
157.55.39.228 - - [22/Mar/2015:18:41:54 -0700] "GET /maccdc2012/weird.log.gz HTTP/1.1" 200 1242777 "-" "Mozilla/5.0 (compatible; bingbot/2.0; +http://www.bing.com/bingbot.htm)" 
184.41.220.194 - - [22/Mar/2015:18:46:36 -0700] "GET /honeypot/Honeypot%20-%20Howto%20-%20BSides%20Austin.pdf HTTP/1.1" 200 409464 "http://www.google.com/url?sa=t&rct=j&q=&esrc=s&source=web&cd=4&ved=0CC8QFjAD&url=http%3A%2F%2Fwww.secrepo.com%2Fhoneypot%2FHoneypot%2520-%2520Howto%2520-%2520BSides%2520Austin.pdf&ei=c3APVfv3KJbfsATTg4CwCQ&usg=AFQjCNFmrz_BKj2ouKx-qnIyhqmROa5Dqg&bvm=bv.88528373,d.cWc" "Mozilla/5.0 (X11; Linux x86_64; rv:31.0) Gecko/20100101 Firefox/31.0 Iceweasel/31.5.0" 
184.41.220.194 - - [22/Mar/2015:18:46:37 -0700] "GET /favicon.ico HTTP/1.1" 200 268 "-" "Mozilla/5.0 (X11; Linux x86_64; rv:31.0) Gecko/20100101 Firefox/31.0 Iceweasel/31.5.0" 
184.41.220.194 - - [22/Mar/2015:18:46:37 -0700] "GET /honeypot/Honeypot%20-%20Howto%20-%20BSides%20Austin.pdf HTTP/1.1" 206 44932 "http://www.google.com/url?sa=t&rct=j&q=&esrc=s&source=web&cd=4&ved=0CC8QFjAD&url=http%3A%2F%2Fwww.secrepo.com%2Fhoneypot%2FHoneypot%2520-%2520Howto%2520-%2520BSides%2520Austin.pdf&ei=c3APVfv3KJbfsATTg4CwCQ&usg=AFQjCNFmrz_BKj2ouKx-qnIyhqmROa5Dqg&bvm=bv.88528373,d.cWc" "Mozilla/5.0 (X11; Linux x86_64; rv:31.0) Gecko/20100101 Firefox/31.0 Iceweasel/31.5.0" 
184.41.220.194 - - [22/Mar/2015:18:46:37 -0700] "GET /honeypot/Honeypot%20-%20Howto%20-%20BSides%20Austin.pdf HTTP/1.1" 206 65872 "http://www.google.com/url?sa=t&rct=j&q=&esrc=s&source=web&cd=4&ved=0CC8QFjAD&url=http%3A%2F%2Fwww.secrepo.com%2Fhoneypot%2FHoneypot%2520-%2520Howto%2520-%2520BSides%2520Austin.pdf&ei=c3APVfv3KJbfsATTg4CwCQ&usg=AFQjCNFmrz_BKj2ouKx-qnIyhqmROa5Dqg&bvm=bv.88528373,d.cWc" "Mozilla/5.0 (X11; Linux x86_64; rv:31.0) Gecko/20100101 Firefox/31.0 Iceweasel/31.5.0" 
184.41.220.194 - - [22/Mar/2015:18:46:37 -0700] "GET /honeypot/Honeypot%20-%20Howto%20-%20BSides%20Austin.pdf HTTP/1.1" 206 65874 "http://www.google.com/url?sa=t&rct=j&q=&esrc=s&source=web&cd=4&ved=0CC8QFjAD&url=http%3A%2F%2Fwww.secrepo.com%2Fhoneypot%2FHoneypot%2520-%2520Howto%2520-%2520BSides%2520Austin.pdf&ei=c3APVfv3KJbfsATTg4CwCQ&usg=AFQjCNFmrz_BKj2ouKx-qnIyhqmROa5Dqg&bvm=bv.88528373,d.cWc" "Mozilla/5.0 (X11; Linux x86_64; rv:31.0) Gecko/20100101 Firefox/31.0 Iceweasel/31.5.0" 
184.41.220.194 - - [22/Mar/2015:18:46:38 -0700] "GET /honeypot/Honeypot%20-%20Howto%20-%20BSides%20Austin.pdf HTTP/1.1" 206 65872 "http://www.google.com/url?sa=t&rct=j&q=&esrc=s&source=web&cd=4&ved=0CC8QFjAD&url=http%3A%2F%2Fwww.secrepo.com%2Fhoneypot%2FHoneypot%2520-%2520Howto%2520-%2520BSides%2520Austin.pdf&ei=c3APVfv3KJbfsATTg4CwCQ&usg=AFQjCNFmrz_BKj2ouKx-qnIyhqmROa5Dqg&bvm=bv.88528373,d.cWc" "Mozilla/5.0 (X11; Linux x86_64; rv:31.0) Gecko/20100101 Firefox/31.0 Iceweasel/31.5.0" 
184.41.220.194 - - [22/Mar/2015:18:46:38 -0700] "GET /honeypot/Honeypot%20-%20Howto%20-%20BSides%20Austin.pdf HTTP/1.1" 206 65873 "http://www.google.com/url?sa=t&rct=j&q=&esrc=s&source=web&cd=4&ved=0CC8QFjAD&url=http%3A%2F%2Fwww.secrepo.com%2Fhoneypot%2FHoneypot%2520-%2520Howto%2520-%2520BSides%2520Austin.pdf&ei=c3APVfv3KJbfsATTg4CwCQ&usg=AFQjCNFmrz_BKj2ouKx-qnIyhqmROa5Dqg&bvm=bv.88528373,d.cWc" "Mozilla/5.0 (X11; Linux x86_64; rv:31.0) Gecko/20100101 Firefox/31.0 Iceweasel/31.5.0" 
184.41.220.194 - - [22/Mar/2015:18:46:38 -0700] "GET /honeypot/Honeypot%20-%20Howto%20-%20BSides%20Austin.pdf HTTP/1.1" 206 65873 "http://www.google.com/url?sa=t&rct=j&q=&esrc=s&source=web&cd=4&ved=0CC8QFjAD&url=http%3A%2F%2Fwww.secrepo.com%2Fhoneypot%2FHoneypot%2520-%2520Howto%2520-%2520BSides%2520Austin.pdf&ei=c3APVfv3KJbfsATTg4CwCQ&usg=AFQjCNFmrz_BKj2ouKx-qnIyhqmROa5Dqg&bvm=bv.88528373,d.cWc" "Mozilla/5.0 (X11; Linux x86_64; rv:31.0) Gecko/20100101 Firefox/31.0 Iceweasel/31.5.0" 
184.41.220.194 - - [22/Mar/2015:18:46:38 -0700] "GET /honeypot/Honeypot%20-%20Howto%20-%20BSides%20Austin.pdf HTTP/1.1" 206 65874 "http://www.google.com/url?sa=t&rct=j&q=&esrc=s&source=web&cd=4&ved=0CC8QFjAD&url=http%3A%2F%2Fwww.secrepo.com%2Fhoneypot%2FHoneypot%2520-%2520Howto%2520-%2520BSides%2520Austin.pdf&ei=c3APVfv3KJbfsATTg4CwCQ&usg=AFQjCNFmrz_BKj2ouKx-qnIyhqmROa5Dqg&bvm=bv.88528373,d.cWc" "Mozilla/5.0 (X11; Linux x86_64; rv:31.0) Gecko/20100101 Firefox/31.0 Iceweasel/31.5.0" 
184.41.220.194 - - [22/Mar/2015:18:46:38 -0700] "GET /honeypot/Honeypot%20-%20Howto%20-%20BSides%20Austin.pdf HTTP/1.1" 206 65875 "http://www.google.com/url?sa=t&rct=j&q=&esrc=s&source=web&cd=4&ved=0CC8QFjAD&url=http%3A%2F%2Fwww.secrepo.com%2Fhoneypot%2FHoneypot%2520-%2520Howto%2520-%2520BSides%2520Austin.pdf&ei=c3APVfv3KJbfsATTg4CwCQ&usg=AFQjCNFmrz_BKj2ouKx-qnIyhqmROa5Dqg&bvm=bv.88528373,d.cWc" "Mozilla/5.0 (X11; Linux x86_64; rv:31.0) Gecko/20100101 Firefox/31.0 Iceweasel/31.5.0" 
184.41.220.194 - - [22/Mar/2015:18:46:38 -0700] "GET /honeypot/Honeypot%20-%20Howto%20-%20BSides%20Austin.pdf HTTP/1.1" 206 65875 "http://www.google.com/url?sa=t&rct=j&q=&esrc=s&source=web&cd=4&ved=0CC8QFjAD&url=http%3A%2F%2Fwww.secrepo.com%2Fhoneypot%2FHoneypot%2520-%2520Howto%2520-%2520BSides%2520Austin.pdf&ei=c3APVfv3KJbfsATTg4CwCQ&usg=AFQjCNFmrz_BKj2ouKx-qnIyhqmROa5Dqg&bvm=bv.88528373,d.cWc" "Mozilla/5.0 (X11; Linux x86_64; rv:31.0) Gecko/20100101 Firefox/31.0 Iceweasel/31.5.0" 
184.41.220.194 - - [22/Mar/2015:18:46:38 -0700] "GET /honeypot/Honeypot%20-%20Howto%20-%20BSides%20Austin.pdf HTTP/1.1" 206 196947 "http://www.google.com/url?sa=t&rct=j&q=&esrc=s&source=web&cd=4&ved=0CC8QFjAD&url=http%3A%2F%2Fwww.secrepo.com%2Fhoneypot%2FHoneypot%2520-%2520Howto%2520-%2520BSides%2520Austin.pdf&ei=c3APVfv3KJbfsATTg4CwCQ&usg=AFQjCNFmrz_BKj2ouKx-qnIyhqmROa5Dqg&bvm=bv.88528373,d.cWc" "Mozilla/5.0 (X11; Linux x86_64; rv:31.0) Gecko/20100101 Firefox/31.0 Iceweasel/31.5.0" 
184.41.220.194 - - [22/Mar/2015:18:46:38 -0700] "GET /honeypot/Honeypot%20-%20Howto%20-%20BSides%20Austin.pdf HTTP/1.1" 206 262482 "http://www.google.com/url?sa=t&rct=j&q=&esrc=s&source=web&cd=4&ved=0CC8QFjAD&url=http%3A%2F%2Fwww.secrepo.com%2Fhoneypot%2FHoneypot%2520-%2520Howto%2520-%2520BSides%2520Austin.pdf&ei=c3APVfv3KJbfsATTg4CwCQ&usg=AFQjCNFmrz_BKj2ouKx-qnIyhqmROa5Dqg&bvm=bv.88528373,d.cWc" "Mozilla/5.0 (X11; Linux x86_64; rv:31.0) Gecko/20100101 Firefox/31.0 Iceweasel/31.5.0" 
184.41.220.194 - - [22/Mar/2015:18:46:38 -0700] "GET /honeypot/Honeypot%20-%20Howto%20-%20BSides%20Austin.pdf HTTP/1.1" 206 65875 "http://www.google.com/url?sa=t&rct=j&q=&esrc=s&source=web&cd=4&ved=0CC8QFjAD&url=http%3A%2F%2Fwww.secrepo.com%2Fhoneypot%2FHoneypot%2520-%2520Howto%2520-%2520BSides%2520Austin.pdf&ei=c3APVfv3KJbfsATTg4CwCQ&usg=AFQjCNFmrz_BKj2ouKx-qnIyhqmROa5Dqg&bvm=bv.88528373,d.cWc" "Mozilla/5.0 (X11; Linux x86_64; rv:31.0) Gecko/20100101 Firefox/31.0 Iceweasel/31.5.0" 
184.41.220.194 - - [22/Mar/2015:18:46:40 -0700] "GET /honeypot/Honeypot%20-%20Howto%20-%20BSides%20Austin.pdf HTTP/1.1" 206 65874 "http://www.google.com/url?sa=t&rct=j&q=&esrc=s&source=web&cd=4&ved=0CC8QFjAD&url=http%3A%2F%2Fwww.secrepo.com%2Fhoneypot%2FHoneypot%2520-%2520Howto%2520-%2520BSides%2520Austin.pdf&ei=c3APVfv3KJbfsATTg4CwCQ&usg=AFQjCNFmrz_BKj2ouKx-qnIyhqmROa5Dqg&bvm=bv.88528373,d.cWc" "Mozilla/5.0 (X11; Linux x86_64; rv:31.0) Gecko/20100101 Firefox/31.0 Iceweasel/31.5.0" 
184.41.220.194 - - [22/Mar/2015:18:46:40 -0700] "GET /honeypot/Honeypot%20-%20Howto%20-%20BSides%20Austin.pdf HTTP/1.1" 206 65874 "http://www.google.com/url?sa=t&rct=j&q=&esrc=s&source=web&cd=4&ved=0CC8QFjAD&url=http%3A%2F%2Fwww.secrepo.com%2Fhoneypot%2FHoneypot%2520-%2520Howto%2520-%2520BSides%2520Austin.pdf&ei=c3APVfv3KJbfsATTg4CwCQ&usg=AFQjCNFmrz_BKj2ouKx-qnIyhqmROa5Dqg&bvm=bv.88528373,d.cWc" "Mozilla/5.0 (X11; Linux x86_64; rv:31.0) Gecko/20100101 Firefox/31.0 Iceweasel/31.5.0" 
184.41.220.194 - - [22/Mar/2015:18:46:40 -0700] "GET /honeypot/Honeypot%20-%20Howto%20-%20BSides%20Austin.pdf HTTP/1.1" 206 65874 "http://www.google.com/url?sa=t&rct=j&q=&esrc=s&source=web&cd=4&ved=0CC8QFjAD&url=http%3A%2F%2Fwww.secrepo.com%2Fhoneypot%2FHoneypot%2520-%2520Howto%2520-%2520BSides%2520Austin.pdf&ei=c3APVfv3KJbfsATTg4CwCQ&usg=AFQjCNFmrz_BKj2ouKx-qnIyhqmROa5Dqg&bvm=bv.88528373,d.cWc" "Mozilla/5.0 (X11; Linux x86_64; rv:31.0) Gecko/20100101 Firefox/31.0 Iceweasel/31.5.0" 
184.41.220.194 - - [22/Mar/2015:18:46:40 -0700] "GET /honeypot/Honeypot%20-%20Howto%20-%20BSides%20Austin.pdf HTTP/1.1" 206 131411 "http://www.google.com/url?sa=t&rct=j&q=&esrc=s&source=web&cd=4&ved=0CC8QFjAD&url=http%3A%2F%2Fwww.secrepo.com%2Fhoneypot%2FHoneypot%2520-%2520Howto%2520-%2520BSides%2520Austin.pdf&ei=c3APVfv3KJbfsATTg4CwCQ&usg=AFQjCNFmrz_BKj2ouKx-qnIyhqmROa5Dqg&bvm=bv.88528373,d.cWc" "Mozilla/5.0 (X11; Linux x86_64; rv:31.0) Gecko/20100101 Firefox/31.0 Iceweasel/31.5.0" 
184.41.220.194 - - [22/Mar/2015:18:46:41 -0700] "GET /honeypot/Honeypot%20-%20Howto%20-%20BSides%20Austin.pdf HTTP/1.1" 206 65872 "http://www.google.com/url?sa=t&rct=j&q=&esrc=s&source=web&cd=4&ved=0CC8QFjAD&url=http%3A%2F%2Fwww.secrepo.com%2Fhoneypot%2FHoneypot%2520-%2520Howto%2520-%2520BSides%2520Austin.pdf&ei=c3APVfv3KJbfsATTg4CwCQ&usg=AFQjCNFmrz_BKj2ouKx-qnIyhqmROa5Dqg&bvm=bv.88528373,d.cWc" "Mozilla/5.0 (X11; Linux x86_64; rv:31.0) Gecko/20100101 Firefox/31.0 Iceweasel/31.5.0" 
184.41.220.194 - - [22/Mar/2015:18:46:41 -0700] "GET /honeypot/Honeypot%20-%20Howto%20-%20BSides%20Austin.pdf HTTP/1.1" 206 65872 "http://www.google.com/url?sa=t&rct=j&q=&esrc=s&source=web&cd=4&ved=0CC8QFjAD&url=http%3A%2F%2Fwww.secrepo.com%2Fhoneypot%2FHoneypot%2520-%2520Howto%2520-%2520BSides%2520Austin.pdf&ei=c3APVfv3KJbfsATTg4CwCQ&usg=AFQjCNFmrz_BKj2ouKx-qnIyhqmROa5Dqg&bvm=bv.88528373,d.cWc" "Mozilla/5.0 (X11; Linux x86_64; rv:31.0) Gecko/20100101 Firefox/31.0 Iceweasel/31.5.0" 
184.41.220.194 - - [22/Mar/2015:18:46:41 -0700] "GET /honeypot/Honeypot%20-%20Howto%20-%20BSides%20Austin.pdf HTTP/1.1" 206 131409 "http://www.google.com/url?sa=t&rct=j&q=&esrc=s&source=web&cd=4&ved=0CC8QFjAD&url=http%3A%2F%2Fwww.secrepo.com%2Fhoneypot%2FHoneypot%2520-%2520Howto%2520-%2520BSides%2520Austin.pdf&ei=c3APVfv3KJbfsATTg4CwCQ&usg=AFQjCNFmrz_BKj2ouKx-qnIyhqmROa5Dqg&bvm=bv.88528373,d.cWc" "Mozilla/5.0 (X11; Linux x86_64; rv:31.0) Gecko/20100101 Firefox/31.0 Iceweasel/31.5.0" 
184.41.220.194 - - [22/Mar/2015:18:46:43 -0700] "GET /honeypot/Honeypot%20-%20Howto%20-%20BSides%20Austin.pdf HTTP/1.1" 206 65874 "http://www.google.com/url?sa=t&rct=j&q=&esrc=s&source=web&cd=4&ved=0CC8QFjAD&url=http%3A%2F%2Fwww.secrepo.com%2Fhoneypot%2FHoneypot%2520-%2520Howto%2520-%2520BSides%2520Austin.pdf&ei=c3APVfv3KJbfsATTg4CwCQ&usg=AFQjCNFmrz_BKj2ouKx-qnIyhqmROa5Dqg&bvm=bv.88528373,d.cWc" "Mozilla/5.0 (X11; Linux x86_64; rv:31.0) Gecko/20100101 Firefox/31.0 Iceweasel/31.5.0" 
184.41.220.194 - - [22/Mar/2015:18:46:42 -0700] "GET /honeypot/Honeypot%20-%20Howto%20-%20BSides%20Austin.pdf HTTP/1.1" 206 65875 "http://www.google.com/url?sa=t&rct=j&q=&esrc=s&source=web&cd=4&ved=0CC8QFjAD&url=http%3A%2F%2Fwww.secrepo.com%2Fhoneypot%2FHoneypot%2520-%2520Howto%2520-%2520BSides%2520Austin.pdf&ei=c3APVfv3KJbfsATTg4CwCQ&usg=AFQjCNFmrz_BKj2ouKx-qnIyhqmROa5Dqg&bvm=bv.88528373,d.cWc" "Mozilla/5.0 (X11; Linux x86_64; rv:31.0) Gecko/20100101 Firefox/31.0 Iceweasel/31.5.0" 
184.41.220.194 - - [22/Mar/2015:18:46:43 -0700] "GET /honeypot/Honeypot%20-%20Howto%20-%20BSides%20Austin.pdf HTTP/1.1" 206 65874 "http://www.google.com/url?sa=t&rct=j&q=&esrc=s&source=web&cd=4&ved=0CC8QFjAD&url=http%3A%2F%2Fwww.secrepo.com%2Fhoneypot%2FHoneypot%2520-%2520Howto%2520-%2520BSides%2520Austin.pdf&ei=c3APVfv3KJbfsATTg4CwCQ&usg=AFQjCNFmrz_BKj2ouKx-qnIyhqmROa5Dqg&bvm=bv.88528373,d.cWc" "Mozilla/5.0 (X11; Linux x86_64; rv:31.0) Gecko/20100101 Firefox/31.0 Iceweasel/31.5.0" 
184.41.220.194 - - [22/Mar/2015:18:46:42 -0700] "GET /honeypot/Honeypot%20-%20Howto%20-%20BSides%20Austin.pdf HTTP/1.1" 206 262484 "http://www.google.com/url?sa=t&rct=j&q=&esrc=s&source=web&cd=4&ved=0CC8QFjAD&url=http%3A%2F%2Fwww.secrepo.com%2Fhoneypot%2FHoneypot%2520-%2520Howto%2520-%2520BSides%2520Austin.pdf&ei=c3APVfv3KJbfsATTg4CwCQ&usg=AFQjCNFmrz_BKj2ouKx-qnIyhqmROa5Dqg&bvm=bv.88528373,d.cWc" "Mozilla/5.0 (X11; Linux x86_64; rv:31.0) Gecko/20100101 Firefox/31.0 Iceweasel/31.5.0" 
184.41.220.194 - - [22/Mar/2015:18:46:41 -0700] "GET /honeypot/Honeypot%20-%20Howto%20-%20BSides%20Austin.pdf HTTP/1.1" 206 131411 "http://www.google.com/url?sa=t&rct=j&q=&esrc=s&source=web&cd=4&ved=0CC8QFjAD&url=http%3A%2F%2Fwww.secrepo.com%2Fhoneypot%2FHoneypot%2520-%2520Howto%2520-%2520BSides%2520Austin.pdf&ei=c3APVfv3KJbfsATTg4CwCQ&usg=AFQjCNFmrz_BKj2ouKx-qnIyhqmROa5Dqg&bvm=bv.88528373,d.cWc" "Mozilla/5.0 (X11; Linux x86_64; rv:31.0) Gecko/20100101 Firefox/31.0 Iceweasel/31.5.0" 
184.41.220.194 - - [22/Mar/2015:18:46:41 -0700] "GET /honeypot/Honeypot%20-%20Howto%20-%20BSides%20Austin.pdf HTTP/1.1" 206 65875 "http://www.google.com/url?sa=t&rct=j&q=&esrc=s&source=web&cd=4&ved=0CC8QFjAD&url=http%3A%2F%2Fwww.secrepo.com%2Fhoneypot%2FHoneypot%2520-%2520Howto%2520-%2520BSides%2520Austin.pdf&ei=c3APVfv3KJbfsATTg4CwCQ&usg=AFQjCNFmrz_BKj2ouKx-qnIyhqmROa5Dqg&bvm=bv.88528373,d.cWc" "Mozilla/5.0 (X11; Linux x86_64; rv:31.0) Gecko/20100101 Firefox/31.0 Iceweasel/31.5.0" 
184.41.220.194 - - [22/Mar/2015:18:46:42 -0700] "GET /honeypot/Honeypot%20-%20Howto%20-%20BSides%20Austin.pdf HTTP/1.1" 206 65875 "http://www.google.com/url?sa=t&rct=j&q=&esrc=s&source=web&cd=4&ved=0CC8QFjAD&url=http%3A%2F%2Fwww.secrepo.com%2Fhoneypot%2FHoneypot%2520-%2520Howto%2520-%2520BSides%2520Austin.pdf&ei=c3APVfv3KJbfsATTg4CwCQ&usg=AFQjCNFmrz_BKj2ouKx-qnIyhqmROa5Dqg&bvm=bv.88528373,d.cWc" "Mozilla/5.0 (X11; Linux x86_64; rv:31.0) Gecko/20100101 Firefox/31.0 Iceweasel/31.5.0" 
184.41.220.194 - - [22/Mar/2015:18:46:42 -0700] "GET /honeypot/Honeypot%20-%20Howto%20-%20BSides%20Austin.pdf HTTP/1.1" 206 328019 "http://www.google.com/url?sa=t&rct=j&q=&esrc=s&source=web&cd=4&ved=0CC8QFjAD&url=http%3A%2F%2Fwww.secrepo.com%2Fhoneypot%2FHoneypot%2520-%2520Howto%2520-%2520BSides%2520Austin.pdf&ei=c3APVfv3KJbfsATTg4CwCQ&usg=AFQjCNFmrz_BKj2ouKx-qnIyhqmROa5Dqg&bvm=bv.88528373,d.cWc" "Mozilla/5.0 (X11; Linux x86_64; rv:31.0) Gecko/20100101 Firefox/31.0 Iceweasel/31.5.0" 
199.21.99.218 - - [22/Mar/2015:18:51:10 -0700] "GET /robots.txt HTTP/1.1" 301 517 "-" "Mozilla/5.0 (compatible; YandexBot/3.0; +http://yandex.com/bots)" 
100.43.85.5 - - [22/Mar/2015:18:51:12 -0700] "GET /robots.txt HTTP/1.1" 200 289 "-" "Mozilla/5.0 (compatible; YandexBot/3.0; +http://yandex.com/bots)" 
100.43.85.5 - - [22/Mar/2015:18:51:12 -0700] "GET / HTTP/1.1" 301 482 "-" "Mozilla/5.0 (compatible; YandexBot/3.0; +http://yandex.com/bots)" 
100.43.85.5 - - [22/Mar/2015:18:51:15 -0700] "GET / HTTP/1.1" 200 6807 "-" "Mozilla/5.0 (compatible; YandexBot/3.0; +http://yandex.com/bots)" 
199.21.99.218 - - [22/Mar/2015:18:51:19 -0700] "GET / HTTP/1.1" 200 6806 "-" "Mozilla/5.0 (compatible; YandexBot/3.0; +http://yandex.com/bots)" 
199.16.156.125 - - [22/Mar/2015:19:52:56 -0700] "GET /robots.txt HTTP/1.1" 200 304 "-" "Twitterbot/1.0" 
199.16.156.125 - - [22/Mar/2015:19:52:56 -0700] "GET /honeypot/Honeypot%20-%20Howto%20-%20BSides%20Austin.pdf HTTP/1.1" 200 2928404 "-" "Twitterbot/1.0" 
199.59.148.210 - - [22/Mar/2015:20:22:06 -0700] "GET /robots.txt HTTP/1.1" 200 304 "-" "Twitterbot/1.0" 
199.59.148.210 - - [22/Mar/2015:20:22:06 -0700] "GET /honeypot/honeypot.json.zip HTTP/1.1" 200 4631817 "-" "Twitterbot/1.0" 
104.130.161.114 - - [22/Mar/2015:21:00:18 -0700] "GET /honeypot/BSidesDFW%20-%202014.ipynb HTTP/1.1" 301 484 "-" "Tornado-Async-Client" 
104.130.161.114 - - [22/Mar/2015:21:00:18 -0700] "GET /honeypot/BSidesDFW%20-%202014.ipynb HTTP/1.1" 200 930780 "-" "Tornado-Async-Client" 
104.130.161.114 - - [22/Mar/2015:21:09:50 -0700] "GET /honeypot/BSidesDFW%20-%202014.ipynb HTTP/1.1" 301 484 "-" "Tornado-Async-Client" 
104.130.161.114 - - [22/Mar/2015:21:09:50 -0700] "GET /honeypot/BSidesDFW%20-%202014.ipynb HTTP/1.1" 200 930780 "-" "Tornado-Async-Client" 
207.46.13.33 - - [22/Mar/2015:21:19:08 -0700] "GET /robots.txt HTTP/1.1" 301 518 "-" "Mozilla/5.0 (compatible; bingbot/2.0; +http://www.bing.com/bingbot.htm)" 
207.46.13.33 - - [22/Mar/2015:21:19:08 -0700] "GET /robots.txt HTTP/1.1" 200 288 "-" "Mozilla/5.0 (compatible; bingbot/2.0; +http://www.bing.com/bingbot.htm)" 
207.46.13.33 - - [22/Mar/2015:21:19:11 -0700] "GET / HTTP/1.1" 301 483 "-" "Mozilla/5.0 (compatible; bingbot/2.0; +http://www.bing.com/bingbot.htm)" 
207.46.13.33 - - [22/Mar/2015:21:19:41 -0700] "GET / HTTP/1.1" 200 6807 "-" "Mozilla/5.0 (compatible; bingbot/2.0; +http://www.bing.com/bingbot.htm)" 
104.130.161.114 - - [22/Mar/2015:21:46:12 -0700] "GET /honeypot/BSidesDFW%20-%202014.ipynb HTTP/1.1" 301 484 "-" "Tornado-Async-Client" 
104.130.161.114 - - [22/Mar/2015:21:46:12 -0700] "GET /honeypot/BSidesDFW%20-%202014.ipynb HTTP/1.1" 200 930780 "-" "Tornado-Async-Client" 
173.252.100.115 - - [22/Mar/2015:22:11:50 -0700] "GET /twitter-icon.png HTTP/1.1" 200 27788 "-" "facebookexternalhit/1.1 (+http://www.facebook.com/externalhit_uatext.php)" 
104.130.161.114 - - [22/Mar/2015:22:18:25 -0700] "GET /honeypot/BSidesDFW%20-%202014.ipynb HTTP/1.1" 301 484 "-" "Tornado-Async-Client" 
104.130.161.114 - - [22/Mar/2015:22:18:25 -0700] "GET /honeypot/BSidesDFW%20-%202014.ipynb HTTP/1.1" 200 930780 "-" "Tornado-Async-Client" 
213.133.230.201 - - [22/Mar/2015:22:18:25 -0700] "GET /honeypot/BSidesDFW%20-%202014.ipynb HTTP/1.1" 418 695 "-" "() { foo;};echo; /bin/bash -c \"expr 299663299665 / 3; echo 333:; uname -a; echo 333:; id;\"" 
115.111.223.43 - - [22/Mar/2015:23:31:38 -0700] "GET /bootstrap/img/favicon.ico HTTP/1.1" 304 165 "-" "Mozilla/5.0 (Windows NT 6.1; WOW64; rv:36.0) Gecko/20100101 Firefox/36.0" 
199.16.156.124 - - [22/Mar/2015:23:43:17 -0700] "GET /robots.txt HTTP/1.1" 200 304 "-" "Twitterbot/1.0" 
199.16.156.124 - - [22/Mar/2015:23:43:17 -0700] "GET /honeypot/Honeypot%20-%20Howto%20-%20BSides%20Austin.pdf HTTP/1.1" 200 2928404 "-" "Twitterbot/1.0" 
178.137.18.185 - - [23/Mar/2015:00:06:43 -0700] "GET /honeypot/BSidesDFW%2520-%25202014.ipynb HTTP/1.1" 404 239 "https://informpora.ru/yellowpages/gelendzhik/1273/" "Mozilla/4.0 (compatible; MSIE 6.0; Windows NT 5.1; .NET CLR 1.0.3705)" 
178.137.18.185 - - [23/Mar/2015:00:06:44 -0700] "GET /honeypot/BSidesDFW%2520-%25202014.ipynb HTTP/1.1" 404 239 "https://informpora.ru/yellowpages/gelendzhik/1273/" "Mozilla/4.0 (compatible; MSIE 6.0; Windows NT 5.1; .NET CLR 1.0.3705)" 
178.137.18.185 - - [23/Mar/2015:00:06:44 -0700] "GET /honeypot/BSidesDFW%2520-%25202014.ipynb HTTP/1.1" 404 239 "https://informpora.ru/yellowpages/gelendzhik/1273/" "Mozilla/4.0 (compatible; MSIE 6.0; Windows NT 5.1; .NET CLR 1.0.3705)" 
178.137.18.185 - - [23/Mar/2015:00:10:51 -0700] "GET /honeypot/BSidesDFW%2520-%25202014.ipynb HTTP/1.1" 404 239 "http://100news.biz/" "Mozilla/4.0 (compatible; MSIE 6.0; Windows NT 5.1; SV1; YPC 3.0.2; .NET CLR 1.1.4322; yplus 4.4.02b)" 
178.137.18.185 - - [23/Mar/2015:00:10:51 -0700] "GET /honeypot/BSidesDFW%2520-%25202014.ipynb HTTP/1.1" 404 239 "http://100news.biz/" "Mozilla/4.0 (compatible; MSIE 6.0; Windows NT 5.1; SV1; YPC 3.0.2; .NET CLR 1.1.4322; yplus 4.4.02b)" 
178.137.18.185 - - [23/Mar/2015:00:10:52 -0700] "GET /honeypot/BSidesDFW%2520-%25202014.ipynb HTTP/1.1" 404 239 "http://100news.biz/" "Mozilla/4.0 (compatible; MSIE 6.0; Windows NT 5.1; SV1; YPC 3.0.2; .NET CLR 1.1.4322; yplus 4.4.02b)" 
157.55.39.35 - - [23/Mar/2015:01:40:58 -0700] "GET /self.logs/error.log.2015-01-27.gz HTTP/1.1" 200 672 "-" "Mozilla/5.0 (compatible; bingbot/2.0; +http://www.bing.com/bingbot.htm)" 
123.125.71.108 - - [23/Mar/2015:01:52:44 -0700] "GET / HTTP/1.1" 200 6770 "-" "Mozilla/5.0 (Windows NT 5.1; rv:6.0.2) Gecko/20100101 Firefox/6.0.2" 
123.125.71.116 - - [23/Mar/2015:01:53:13 -0700] "GET / HTTP/1.1" 200 22134 "-" "Mozilla/5.0 (Windows NT 5.1; rv:6.0.2) Gecko/20100101 Firefox/6.0.2" 
220.181.108.105 - - [23/Mar/2015:01:54:18 -0700] "GET / HTTP/1.1" 200 6770 "-" "Mozilla/5.0 (Windows NT 5.1; rv:6.0.2) Gecko/20100101 Firefox/6.0.2" 
220.181.108.107 - - [23/Mar/2015:01:54:52 -0700] "GET / HTTP/1.1" 200 22134 "-" "Mozilla/5.0 (Windows NT 5.1; rv:6.0.2) Gecko/20100101 Firefox/6.0.2" 
