68.180.231.44 - - [10/Mar/2016:01:50:11 -0800] "GET /self.logs/ HTTP/1.1" 200 8776 "-" "Mozilla/5.0 (compatible; Yahoo! Slurp; http://help.yahoo.com/help/us/ysearch/slurp)" 
111.23.10.33 - - [10/Mar/2016:01:51:26 -0800] "GET /tg/a.zip HTTP/1.1" 304 132 "-" "Mozilla/5.0 Gecko/20100115 Firefox/3.6" 
68.180.231.44 - - [10/Mar/2016:01:51:30 -0800] "GET /self.logs/access.log.2016-02-01.gz HTTP/1.1" 200 6872 "-" "Mozilla/5.0 (compatible; Yahoo! Slurp; http://help.yahoo.com/help/us/ysearch/slurp)" 
68.180.231.44 - - [10/Mar/2016:01:51:30 -0800] "GET /self.logs/access.log.2015-03-10.gz HTTP/1.1" 200 13354 "-" "Mozilla/5.0 (compatible; Yahoo! Slurp; http://help.yahoo.com/help/us/ysearch/slurp)" 
68.180.231.44 - - [10/Mar/2016:01:51:48 -0800] "GET /self.logs/access.log.2015-08-15.gz HTTP/1.1" 200 4193 "-" "Mozilla/5.0 (compatible; Yahoo! Slurp; http://help.yahoo.com/help/us/ysearch/slurp)" 
68.180.231.44 - - [10/Mar/2016:01:51:48 -0800] "GET /self.logs/access.log.2015-03-26.gz HTTP/1.1" 200 4039 "-" "Mozilla/5.0 (compatible; Yahoo! Slurp; http://help.yahoo.com/help/us/ysearch/slurp)" 
68.180.231.44 - - [10/Mar/2016:01:51:51 -0800] "GET /self.logs/error.log.2015-09-25.gz HTTP/1.1" 200 742 "-" "Mozilla/5.0 (compatible; Yahoo! Slurp; http://help.yahoo.com/help/us/ysearch/slurp)" 
68.180.231.44 - - [10/Mar/2016:01:51:54 -0800] "GET /self.logs/access.log.2015-09-07.gz HTTP/1.1" 200 4030 "-" "Mozilla/5.0 (compatible; Yahoo! Slurp; http://help.yahoo.com/help/us/ysearch/slurp)" 
68.180.231.44 - - [10/Mar/2016:01:51:59 -0800] "GET /self.logs/access.log.2016-01-08.gz HTTP/1.1" 200 7381 "-" "Mozilla/5.0 (compatible; Yahoo! Slurp; http://help.yahoo.com/help/us/ysearch/slurp)" 
68.180.231.44 - - [10/Mar/2016:01:52:00 -0800] "GET /self.logs/access.log.2015-07-02.gz HTTP/1.1" 200 3989 "-" "Mozilla/5.0 (compatible; Yahoo! Slurp; http://help.yahoo.com/help/us/ysearch/slurp)" 
68.180.231.44 - - [10/Mar/2016:01:52:01 -0800] "GET /self.logs/error.log.2015-03-01.gz HTTP/1.1" 200 866 "-" "Mozilla/5.0 (compatible; Yahoo! Slurp; http://help.yahoo.com/help/us/ysearch/slurp)" 
68.180.231.44 - - [10/Mar/2016:01:52:03 -0800] "GET /self.logs/error.log.2015-07-20.gz HTTP/1.1" 200 913 "-" "Mozilla/5.0 (compatible; Yahoo! Slurp; http://help.yahoo.com/help/us/ysearch/slurp)" 
37.187.95.238 - - [10/Mar/2016:01:52:03 -0800] "GET /self.logs/access.log.2015-09-04.gz HTTP/1.1" 200 7067 "-" "Mozilla/5.0 (compatible; AhrefsBot/5.0; +http://ahrefs.com/robot/)" 
68.180.231.44 - - [10/Mar/2016:01:52:20 -0800] "GET /self.logs/error.log.2015-02-08.gz HTTP/1.1" 200 1048 "-" "Mozilla/5.0 (compatible; Yahoo! Slurp; http://help.yahoo.com/help/us/ysearch/slurp)" 
68.180.231.44 - - [10/Mar/2016:01:52:20 -0800] "GET /self.logs/access.log.2015-11-23.gz HTTP/1.1" 200 8866 "-" "Mozilla/5.0 (compatible; Yahoo! Slurp; http://help.yahoo.com/help/us/ysearch/slurp)" 
68.180.231.44 - - [10/Mar/2016:01:52:24 -0800] "GET /self.logs/error.log.2015-06-05.gz HTTP/1.1" 200 618 "-" "Mozilla/5.0 (compatible; Yahoo! Slurp; http://help.yahoo.com/help/us/ysearch/slurp)" 
68.180.231.44 - - [10/Mar/2016:01:57:30 -0800] "GET /self.logs/error.log.2015-10-05.gz HTTP/1.1" 200 587 "-" "Mozilla/5.0 (compatible; Yahoo! Slurp; http://help.yahoo.com/help/us/ysearch/slurp)" 
68.180.231.44 - - [10/Mar/2016:01:57:33 -0800] "GET /self.logs/access.log.2015-07-29.gz HTTP/1.1" 200 5007 "-" "Mozilla/5.0 (compatible; Yahoo! Slurp; http://help.yahoo.com/help/us/ysearch/slurp)" 
68.180.231.44 - - [10/Mar/2016:01:58:43 -0800] "GET /self.logs/access.log.2015-10-12.gz HTTP/1.1" 200 7684 "-" "Mozilla/5.0 (compatible; Yahoo! Slurp; http://help.yahoo.com/help/us/ysearch/slurp)" 
68.180.231.44 - - [10/Mar/2016:01:59:19 -0800] "GET /self.logs/error.log.2015-06-14.gz HTTP/1.1" 200 867 "-" "Mozilla/5.0 (compatible; Yahoo! Slurp; http://help.yahoo.com/help/us/ysearch/slurp)" 
68.180.231.44 - - [10/Mar/2016:02:09:27 -0800] "GET /self.logs/access.log.2015-12-07.gz HTTP/1.1" 200 6419 "-" "Mozilla/5.0 (compatible; Yahoo! Slurp; http://help.yahoo.com/help/us/ysearch/slurp)" 
51.255.162.167 - - [10/Mar/2016:02:12:12 -0800] "GET /robots.txt HTTP/1.0" 301 481 "-" "Mozilla/5.0 (compatible; MJ12bot/v1.4.5; http://www.majestic12.co.uk/bot.php?+)" 
51.255.162.167 - - [10/Mar/2016:02:12:12 -0800] "GET /robots.txt HTTP/1.0" 200 252 "-" "Mozilla/5.0 (compatible; MJ12bot/v1.4.5; http://www.majestic12.co.uk/bot.php?+)" 
51.255.162.167 - - [10/Mar/2016:02:12:14 -0800] "GET /&quot HTTP/1.0" 301 475 "-" "Mozilla/5.0 (compatible; MJ12bot/v1.4.5; http://www.majestic12.co.uk/bot.php?+)" 
51.255.162.167 - - [10/Mar/2016:02:12:15 -0800] "GET /robots.txt HTTP/1.0" 200 252 "-" "Mozilla/5.0 (compatible; MJ12bot/v1.4.5; http://www.majestic12.co.uk/bot.php?+)" 
51.255.162.167 - - [10/Mar/2016:02:12:16 -0800] "GET /&quot HTTP/1.0" 404 284 "-" "Mozilla/5.0 (compatible; MJ12bot/v1.4.5; http://www.majestic12.co.uk/bot.php?+)" 
66.249.64.250 - - [10/Mar/2016:02:16:54 -0800] "GET /robots.txt HTTP/1.1" 200 334 "-" "Mozilla/5.0 (compatible; Googlebot/2.1; +http://www.google.com/bot.html)" 
117.190.191.170 - - [10/Mar/2016:02:22:50 -0800] "GET /tg/a.zip HTTP/1.1" 304 132 "-" "Mozilla/5.0 Gecko/20100115 Firefox/3.6" 
207.46.13.104 - - [10/Mar/2016:02:24:14 -0800] "GET /self.logs/access.log.2015-07-15.gz HTTP/1.1" 200 4023 "-" "Mozilla/5.0 (compatible; bingbot/2.0; +http://www.bing.com/bingbot.htm)" 
220.181.108.114 - - [10/Mar/2016:02:36:44 -0800] "GET / HTTP/1.1" 301 446 "-" "Mozilla/5.0 (compatible; Baiduspider/2.0; +http://www.baidu.com/search/spider.html)" 
220.181.108.75 - - [10/Mar/2016:02:36:45 -0800] "GET / HTTP/1.1" 304 152 "-" "Mozilla/5.0 (compatible; Baiduspider/2.0; +http://www.baidu.com/search/spider.html)" 
111.23.4.148 - - [10/Mar/2016:02:43:29 -0800] "GET /tg/a.zip HTTP/1.1" 304 132 "-" "Mozilla/5.0 Gecko/20100115 Firefox/3.6" 
208.115.113.86 - - [10/Mar/2016:02:44:37 -0800] "GET /robots.txt HTTP/1.1" 200 233 "-" "Mozilla/5.0 (compatible; DotBot/1.1; http://www.opensiteexplorer.org/dotbot, help@moz.com)" 
79.144.16.1 - - [10/Mar/2016:02:48:53 -0800] "GET / HTTP/1.1" 304 189 "https://www.google.com/" "Mozilla/5.0 (Macintosh; Intel Mac OS X 10_10_5) AppleWebKit/537.36 (KHTML, like Gecko) Chrome/48.0.2564.116 Safari/537.36" 
79.144.16.1 - - [10/Mar/2016:02:48:54 -0800] "GET /bootstrap/img/favicon.ico HTTP/1.1" 200 589 "http://www.secrepo.com/" "Mozilla/5.0 (Macintosh; Intel Mac OS X 10_10_5) AppleWebKit/537.36 (KHTML, like Gecko) Chrome/48.0.2564.116 Safari/537.36" 
211.137.56.194 - - [10/Mar/2016:03:00:00 -0800] "GET /tg/a.zip HTTP/1.1" 304 132 "-" "Mozilla/5.0 Gecko/20100115 Firefox/3.6" 
68.180.231.44 - - [10/Mar/2016:03:00:35 -0800] "GET /self.logs/access.log.2015-01-24.gz HTTP/1.1" 200 2221 "-" "Mozilla/5.0 (compatible; Yahoo! Slurp; http://help.yahoo.com/help/us/ysearch/slurp)" 
37.187.94.31 - - [10/Mar/2016:03:00:40 -0800] "GET /self.logs/error.log.2015-08-02.gz HTTP/1.1" 200 648 "-" "Mozilla/5.0 (compatible; AhrefsBot/5.0; +http://ahrefs.com/robot/)" 
68.180.231.44 - - [10/Mar/2016:03:02:38 -0800] "GET /self.logs/error.log.2015-11-29.gz HTTP/1.1" 200 604 "-" "Mozilla/5.0 (compatible; Yahoo! Slurp; http://help.yahoo.com/help/us/ysearch/slurp)" 
66.102.9.119 - - [10/Mar/2016:03:09:43 -0800] "GET / HTTP/1.1" 200 8681 "-" "Mozilla/5.0 (Linux; Android 5.0.2; ASUS_Z00ED Build/LRX22G) AppleWebKit/537.36 (KHTML, like Gecko) Chrome/48.0.2564.95 Mobile Safari/537.36" 
66.102.9.119 - - [10/Mar/2016:03:09:44 -0800] "GET /GitHub-Mark.png HTTP/1.1" 200 7427 "http://www.secrepo.com/" "Mozilla/5.0 (Linux; Android 5.0.2; ASUS_Z00ED Build/LRX22G) AppleWebKit/537.36 (KHTML, like Gecko) Chrome/48.0.2564.95 Mobile Safari/537.36" 
66.102.9.109 - - [10/Mar/2016:03:09:44 -0800] "GET /twitter-icon.png HTTP/1.1" 200 27788 "http://www.secrepo.com/" "Mozilla/5.0 (Linux; Android 5.0.2; ASUS_Z00ED Build/LRX22G) AppleWebKit/537.36 (KHTML, like Gecko) Chrome/48.0.2564.95 Mobile Safari/537.36" 
66.102.9.8 - - [10/Mar/2016:03:09:45 -0800] "GET /bootstrap/img/favicon.ico HTTP/1.1" 200 590 "http://www.secrepo.com/" "Mozilla/5.0 (Linux; Android 5.0.2; ASUS_Z00ED Build/LRX22G) AppleWebKit/537.36 (KHTML, like Gecko) Chrome/48.0.2564.95 Mobile Safari/537.36" 
180.180.77.140 - - [10/Mar/2016:03:14:39 -0800] "GET /honeypot/BSidesDFW%20-%202014.ipynb HTTP/1.1" 200 930836 "http://www.secrepo.com/" "Mozilla/5.0 (Windows NT 6.1) AppleWebKit/537.36 (KHTML, like Gecko) Chrome/39.0.2171.95 Safari/537.36" 
66.102.7.171 - - [10/Mar/2016:03:15:28 -0800] "GET / HTTP/1.1" 200 8681 "-" "Mozilla/5.0 (X11; Linux x86_64) AppleWebKit/537.36 (KHTML, like Gecko) Chrome/49.0.2623.75 Safari/537.36 Google Favicon" 
66.102.7.171 - - [10/Mar/2016:03:15:28 -0800] "GET /bootstrap/img/favicon.ico HTTP/1.1" 200 589 "-" "Mozilla/5.0 (X11; Linux x86_64) AppleWebKit/537.36 (KHTML, like Gecko) Chrome/49.0.2623.75 Safari/537.36 Google Favicon" 
62.210.148.247 - - [10/Mar/2016:03:16:53 -0800] "GET /robots.txt HTTP/1.0" 200 252 "-" "Mozilla/5.0 (compatible; MJ12bot/v1.4.5; http://www.majestic12.co.uk/bot.php?+)" 
62.210.148.247 - - [10/Mar/2016:03:16:55 -0800] "GET /self.logs/?C=M;O=A HTTP/1.0" 200 80085 "-" "Mozilla/5.0 (compatible; MJ12bot/v1.4.5; http://www.majestic12.co.uk/bot.php?+)" 
62.210.148.247 - - [10/Mar/2016:03:16:56 -0800] "GET /self.logs/?C=N;O=D HTTP/1.0" 200 8847 "-" "Mozilla/5.0 (compatible; MJ12bot/v1.4.5; http://www.majestic12.co.uk/bot.php?+)" 
62.210.148.247 - - [10/Mar/2016:03:17:01 -0800] "GET /self.logs/?C=S;O=A HTTP/1.0" 200 9837 "-" "Mozilla/5.0 (compatible; MJ12bot/v1.4.5; http://www.majestic12.co.uk/bot.php?+)" 
112.74.135.36 - - [10/Mar/2016:03:17:13 -0800] "GET /honeypot/Honeypot%20-%20Howto%20-%20BSides%20Austin.pdf HTTP/1.1" 200 2928460 "-" "Mozilla/4.0 (compatible; MSIE 6.0; Windows NT 5.1)" 
211.137.56.172 - - [10/Mar/2016:03:30:59 -0800] "GET /tg/a.zip HTTP/1.1" 304 132 "-" "Mozilla/5.0 Gecko/20100115 Firefox/3.6" 
123.126.109.207 - - [10/Mar/2016:03:28:31 -0800] "GET /honeypot/Honeypot%20-%20Howto%20-%20BSides%20Austin.pdf HTTP/1.1" 200 2670340 "-" "Mozilla/4.0 (compatible; MSIE 6.0; Windows NT 5.1)" 
171.33.252.136 - - [10/Mar/2016:03:36:55 -0800] "GET / HTTP/1.1" 200 8681 "https://www.google.ru/" "Mozilla/5.0 (X11; Linux x86_64) AppleWebKit/537.36 (KHTML, like Gecko) Chrome/44.0.2403.107 Safari/537.36" 
171.33.252.136 - - [10/Mar/2016:03:36:56 -0800] "GET /twitter-icon.png HTTP/1.1" 200 27787 "http://www.secrepo.com/" "Mozilla/5.0 (X11; Linux x86_64) AppleWebKit/537.36 (KHTML, like Gecko) Chrome/44.0.2403.107 Safari/537.36" 
171.33.252.136 - - [10/Mar/2016:03:36:56 -0800] "GET /GitHub-Mark.png HTTP/1.1" 200 7428 "http://www.secrepo.com/" "Mozilla/5.0 (X11; Linux x86_64) AppleWebKit/537.36 (KHTML, like Gecko) Chrome/44.0.2403.107 Safari/537.36" 
171.33.252.136 - - [10/Mar/2016:03:36:56 -0800] "GET /bootstrap/img/favicon.ico HTTP/1.1" 200 589 "http://www.secrepo.com/" "Mozilla/5.0 (X11; Linux x86_64) AppleWebKit/537.36 (KHTML, like Gecko) Chrome/44.0.2403.107 Safari/537.36" 
207.46.13.56 - - [10/Mar/2016:03:41:48 -0800] "GET /self.logs/access.log.2015-04-08.gz HTTP/1.1" 200 4100 "-" "Mozilla/5.0 (compatible; bingbot/2.0; +http://www.bing.com/bingbot.htm)" 
211.137.56.201 - - [10/Mar/2016:03:59:14 -0800] "GET /tg/a.zip HTTP/1.1" 304 132 "-" "Mozilla/5.0 Gecko/20100115 Firefox/3.6" 
111.7.128.40 - - [10/Mar/2016:03:59:33 -0800] "GET /tg/a.zip HTTP/1.1" 304 132 "-" "Mozilla/5.0 Gecko/20100115 Firefox/3.6" 
208.115.113.86 - - [10/Mar/2016:04:00:16 -0800] "GET / HTTP/1.1" 200 28377 "-" "Mozilla/5.0 (compatible; DotBot/1.1; http://www.opensiteexplorer.org/dotbot, help@moz.com)" 
208.115.113.94 - - [10/Mar/2016:04:05:20 -0800] "GET /robots.txt HTTP/1.1" 200 233 "-" "Mozilla/5.0 (compatible; DotBot/1.1; http://www.opensiteexplorer.org/dotbot, help@moz.com)" 
101.200.175.124 - - [10/Mar/2016:04:09:03 -0800] "GET /honeypot/Honeypot%20-%20Howto%20-%20BSides%20Austin.pdf HTTP/1.1" 200 2928404 "-" "Mozilla/4.0 (compatible; MSIE 6.0; Windows NT 5.1)" 
101.200.175.124 - - [10/Mar/2016:04:09:02 -0800] "GET /honeypot/Honeypot%20-%20Howto%20-%20BSides%20Austin.pdf HTTP/1.1" 200 2928460 "-" "Mozilla/4.0 (compatible; MSIE 6.0; Windows NT 5.1)" 
195.208.29.2 - - [10/Mar/2016:04:19:50 -0800] "GET / HTTP/1.1" 200 8681 "https://www.google.ru/" "Mozilla/5.0 (Windows NT 6.3; WOW64) AppleWebKit/537.36 (KHTML, like Gecko) Chrome/48.0.2564.116 Safari/537.36" 
195.208.29.2 - - [10/Mar/2016:04:19:51 -0800] "GET /GitHub-Mark.png HTTP/1.1" 200 7428 "http://www.secrepo.com/" "Mozilla/5.0 (Windows NT 6.3; WOW64) AppleWebKit/537.36 (KHTML, like Gecko) Chrome/48.0.2564.116 Safari/537.36" 
195.208.29.2 - - [10/Mar/2016:04:19:51 -0800] "GET /twitter-icon.png HTTP/1.1" 200 27787 "http://www.secrepo.com/" "Mozilla/5.0 (Windows NT 6.3; WOW64) AppleWebKit/537.36 (KHTML, like Gecko) Chrome/48.0.2564.116 Safari/537.36" 
195.208.29.2 - - [10/Mar/2016:04:19:52 -0800] "GET /bootstrap/img/favicon.ico HTTP/1.1" 200 589 "http://www.secrepo.com/" "Mozilla/5.0 (Windows NT 6.3; WOW64) AppleWebKit/537.36 (KHTML, like Gecko) Chrome/48.0.2564.116 Safari/537.36" 
68.180.231.44 - - [10/Mar/2016:04:22:48 -0800] "GET /self.logs/error.log.2015-02-04.gz HTTP/1.1" 200 482 "-" "Mozilla/5.0 (compatible; Yahoo! Slurp; http://help.yahoo.com/help/us/ysearch/slurp)" 
218.200.66.203 - - [10/Mar/2016:04:29:30 -0800] "GET /tg/a.zip HTTP/1.1" 304 132 "-" "Mozilla/5.0 Gecko/20100115 Firefox/3.6" 
111.23.10.33 - - [10/Mar/2016:04:51:26 -0800] "GET /tg/a.zip HTTP/1.1" 304 132 "-" "Mozilla/5.0 Gecko/20100115 Firefox/3.6" 
208.115.113.94 - - [10/Mar/2016:04:58:14 -0800] "GET /self.logs/?C=D;O=D HTTP/1.1" 200 80066 "-" "Mozilla/5.0 (compatible; DotBot/1.1; http://www.opensiteexplorer.org/dotbot, help@moz.com)" 
120.24.156.202 - - [10/Mar/2016:04:59:49 -0800] "GET /honeypot/BSidesDFW%20-%202014.ipynb HTTP/1.1" 200 930780 "-" "Mozilla/4.0 (compatible; MSIE 6.0; Windows NT 5.1)" 
120.24.156.202 - - [10/Mar/2016:04:59:46 -0800] "GET /honeypot/BSidesDFW%20-%202014.ipynb HTTP/1.1" 200 930836 "-" "Mozilla/4.0 (compatible; MSIE 6.0; Windows NT 5.1)" 
40.77.167.74 - - [10/Mar/2016:05:07:01 -0800] "GET /self.logs/access.log.2015-09-20.gz HTTP/1.1" 200 4340 "-" "Mozilla/5.0 (compatible; bingbot/2.0; +http://www.bing.com/bingbot.htm)" 
68.180.231.44 - - [10/Mar/2016:05:09:41 -0800] "GET /self.logs/access.log.2015-06-07.gz HTTP/1.1" 200 3396 "-" "Mozilla/5.0 (compatible; Yahoo! Slurp; http://help.yahoo.com/help/us/ysearch/slurp)" 
165.254.227.8 - - [10/Mar/2016:05:18:25 -0800] "GET /bootstrap/img/favicon.ico HTTP/1.1" 200 590 "-" "Java/1.8.0_65" 
165.254.227.8 - - [10/Mar/2016:05:18:31 -0800] "GET /bootstrap/img/favicon.ico HTTP/1.1" 200 590 "-" "Java/1.8.0_65" 
165.254.227.8 - - [10/Mar/2016:05:18:33 -0800] "GET /bootstrap/img/favicon.ico HTTP/1.1" 200 590 "-" "Java/1.8.0_65" 
165.254.227.8 - - [10/Mar/2016:05:18:35 -0800] "GET /bootstrap/img/favicon.ico HTTP/1.1" 200 590 "-" "Java/1.8.0_65" 
165.254.227.8 - - [10/Mar/2016:05:18:37 -0800] "GET /bootstrap/img/favicon.ico HTTP/1.1" 200 590 "-" "Java/1.8.0_65" 
165.254.227.8 - - [10/Mar/2016:05:18:40 -0800] "GET /bootstrap/img/favicon.ico HTTP/1.1" 200 590 "-" "Java/1.8.0_65" 
165.254.227.8 - - [10/Mar/2016:05:18:42 -0800] "GET /bootstrap/img/favicon.ico HTTP/1.1" 200 589 "-" "Java/1.8.0_65" 
165.254.227.8 - - [10/Mar/2016:05:18:44 -0800] "GET /bootstrap/img/favicon.ico HTTP/1.1" 200 589 "-" "Java/1.8.0_65" 
165.254.227.8 - - [10/Mar/2016:05:18:47 -0800] "GET /bootstrap/img/favicon.ico HTTP/1.1" 200 590 "-" "Java/1.8.0_65" 
165.254.227.8 - - [10/Mar/2016:05:18:49 -0800] "GET /bootstrap/img/favicon.ico HTTP/1.1" 200 589 "-" "Java/1.8.0_65" 
165.254.227.8 - - [10/Mar/2016:05:18:51 -0800] "GET /bootstrap/img/favicon.ico HTTP/1.1" 200 589 "-" "Java/1.8.0_65" 
165.254.227.8 - - [10/Mar/2016:05:18:54 -0800] "GET /bootstrap/img/favicon.ico HTTP/1.1" 200 590 "-" "Java/1.8.0_65" 
165.254.227.8 - - [10/Mar/2016:05:18:55 -0800] "GET /bootstrap/img/favicon.ico HTTP/1.1" 200 589 "-" "Java/1.8.0_65" 
165.254.227.8 - - [10/Mar/2016:05:18:58 -0800] "GET /bootstrap/img/favicon.ico HTTP/1.1" 200 590 "-" "Java/1.8.0_65" 
213.120.94.19 - - [10/Mar/2016:05:20:50 -0800] "GET / HTTP/1.1" 200 8681 "https://www.google.co.uk/" "Mozilla/5.0 (Windows NT 6.1; WOW64) AppleWebKit/537.36 (KHTML, like Gecko) Chrome/48.0.2564.116 Safari/537.36" 
213.120.94.19 - - [10/Mar/2016:05:20:50 -0800] "GET /GitHub-Mark.png HTTP/1.1" 200 7428 "http://www.secrepo.com/" "Mozilla/5.0 (Windows NT 6.1; WOW64) AppleWebKit/537.36 (KHTML, like Gecko) Chrome/48.0.2564.116 Safari/537.36" 
213.120.94.19 - - [10/Mar/2016:05:20:50 -0800] "GET /twitter-icon.png HTTP/1.1" 200 27787 "http://www.secrepo.com/" "Mozilla/5.0 (Windows NT 6.1; WOW64) AppleWebKit/537.36 (KHTML, like Gecko) Chrome/48.0.2564.116 Safari/537.36" 
213.120.94.19 - - [10/Mar/2016:05:20:50 -0800] "GET /bootstrap/img/favicon.ico HTTP/1.1" 200 589 "http://www.secrepo.com/" "Mozilla/5.0 (Windows NT 6.1; WOW64) AppleWebKit/537.36 (KHTML, like Gecko) Chrome/48.0.2564.116 Safari/537.36" 
117.190.191.170 - - [10/Mar/2016:05:22:51 -0800] "GET /tg/a.zip HTTP/1.1" 304 132 "-" "Mozilla/5.0 Gecko/20100115 Firefox/3.6" 
180.76.15.10 - - [10/Mar/2016:05:25:17 -0800] "GET / HTTP/1.1" 200 21900 "-" "Mozilla/5.0 (compatible; Baiduspider/2.0; +http://www.baidu.com/search/spider.html)" 
180.76.15.149 - - [10/Mar/2016:05:25:47 -0800] "GET / HTTP/1.1" 200 21900 "-" "Mozilla/5.0 (compatible; Baiduspider/2.0; +http://www.baidu.com/search/spider.html)" 
129.21.74.12 - - [10/Mar/2016:05:35:37 -0800] "GET / HTTP/1.1" 200 8681 "-" "Mozilla/5.0 (Macintosh; Intel Mac OS X 10_11_3) AppleWebKit/601.4.4 (KHTML, like Gecko)" 
129.21.74.12 - - [10/Mar/2016:05:35:37 -0800] "GET /bootstrap/img/favicon.ico HTTP/1.1" 304 165 "-" "Safari/11601.4.4 CFNetwork/760.2.6 Darwin/15.3.0 (x86_64)" 
129.21.74.12 - - [10/Mar/2016:05:35:37 -0800] "GET /apple-touch-icon-precomposed.png HTTP/1.1" 404 340 "-" "Safari/11601.4.4 CFNetwork/760.2.6 Darwin/15.3.0 (x86_64)" 
129.21.74.12 - - [10/Mar/2016:05:35:37 -0800] "GET /apple-touch-icon.png HTTP/1.1" 404 339 "-" "Safari/11601.4.4 CFNetwork/760.2.6 Darwin/15.3.0 (x86_64)" 
129.21.74.12 - - [10/Mar/2016:05:35:37 -0800] "GET /apple-touch-icon-precomposed.png HTTP/1.1" 404 339 "-" "Safari/11601.4.4 CFNetwork/760.2.6 Darwin/15.3.0 (x86_64)" 
129.21.74.12 - - [10/Mar/2016:05:35:37 -0800] "GET /apple-touch-icon.png HTTP/1.1" 404 339 "-" "Safari/11601.4.4 CFNetwork/760.2.6 Darwin/15.3.0 (x86_64)" 
208.115.113.94 - - [10/Mar/2016:05:41:22 -0800] "GET /robots.txt HTTP/1.1" 301 462 "-" "Mozilla/5.0 (compatible; DotBot/1.1; http://www.opensiteexplorer.org/dotbot, help@moz.com)" 
208.115.113.94 - - [10/Mar/2016:05:41:22 -0800] "GET /robots.txt HTTP/1.1" 200 233 "-" "Mozilla/5.0 (compatible; DotBot/1.1; http://www.opensiteexplorer.org/dotbot, help@moz.com)" 
66.249.64.245 - - [10/Mar/2016:05:42:56 -0800] "GET / HTTP/1.1" 200 8681 "-" "Mozilla/5.0 (iPhone; CPU iPhone OS 8_3 like Mac OS X) AppleWebKit/600.1.4 (KHTML, like Gecko) Version/8.0 Mobile/12F70 Safari/600.1.4 (compatible; Googlebot/2.1; +http://www.google.com/bot.html)" 
111.23.4.148 - - [10/Mar/2016:05:43:31 -0800] "GET /tg/a.zip HTTP/1.1" 304 132 "-" "Mozilla/5.0 Gecko/20100115 Firefox/3.6" 
46.161.9.10 - - [10/Mar/2016:05:46:43 -0800] "GET /honeypot/BSidesDFW%20-%202014.ipynb HTTP/1.0" 200 930799 "http://www.secrepo.com/honeypot/BSidesDFW%20-%202014.ipynb" "Mozilla/5.0 (Windows NT 6.1) AppleWebKit/537.36 (KHTML, like Gecko) Chrome/48.0.2564.109 Safari/537.36" 
68.180.231.44 - - [10/Mar/2016:05:51:16 -0800] "GET /self.logs/access.log.2015-11-12.gz HTTP/1.1" 200 6055 "-" "Mozilla/5.0 (compatible; Yahoo! Slurp; http://help.yahoo.com/help/us/ysearch/slurp)" 
211.137.56.194 - - [10/Mar/2016:06:00:01 -0800] "GET /tg/a.zip HTTP/1.1" 304 132 "-" "Mozilla/5.0 Gecko/20100115 Firefox/3.6" 
68.180.231.44 - - [10/Mar/2016:06:02:18 -0800] "GET /self.logs/error.log.2015-02-23.gz HTTP/1.1" 200 4325 "-" "Mozilla/5.0 (compatible; Yahoo! Slurp; http://help.yahoo.com/help/us/ysearch/slurp)" 
180.76.15.33 - - [10/Mar/2016:06:09:56 -0800] "GET /self.logs/ HTTP/1.1" 200 8807 "-" "Mozilla/5.0 (compatible; Baiduspider/2.0; +http://www.baidu.com/search/spider.html)" 
68.180.231.44 - - [10/Mar/2016:06:20:53 -0800] "GET /self.logs/?C=N;O=D HTTP/1.1" 200 8845 "-" "Mozilla/5.0 (compatible; Yahoo! Slurp; http://help.yahoo.com/help/us/ysearch/slurp)" 
68.180.231.44 - - [10/Mar/2016:06:21:23 -0800] "GET /self.logs/access.log.2015-02-18.gz HTTP/1.1" 200 8823 "-" "Mozilla/5.0 (compatible; Yahoo! Slurp; http://help.yahoo.com/help/us/ysearch/slurp)" 
68.180.231.44 - - [10/Mar/2016:06:30:14 -0800] "GET /self.logs/error.log.2015-11-27.gz HTTP/1.1" 200 514 "-" "Mozilla/5.0 (compatible; Yahoo! Slurp; http://help.yahoo.com/help/us/ysearch/slurp)" 
211.137.56.172 - - [10/Mar/2016:06:30:59 -0800] "GET /tg/a.zip HTTP/1.1" 304 132 "-" "Mozilla/5.0 Gecko/20100115 Firefox/3.6" 
51.255.65.82 - - [10/Mar/2016:06:39:03 -0800] "GET /self.logs/access.log.2016-02-29.gz HTTP/1.1" 200 8599 "-" "Mozilla/5.0 (compatible; AhrefsBot/5.0; +http://ahrefs.com/robot/)" 
72.37.140.45 - - [10/Mar/2016:06:49:35 -0800] "GET / HTTP/1.1" 200 8681 "https://www.google.it/" "Mozilla/5.0 (Windows NT 6.1; WOW64) AppleWebKit/537.36 (KHTML, like Gecko) Chrome/48.0.2564.116 Safari/537.36" 
72.37.140.45 - - [10/Mar/2016:06:49:35 -0800] "GET /twitter-icon.png HTTP/1.1" 200 27787 "http://www.secrepo.com/" "Mozilla/5.0 (Windows NT 6.1; WOW64) AppleWebKit/537.36 (KHTML, like Gecko) Chrome/48.0.2564.116 Safari/537.36" 
72.37.140.45 - - [10/Mar/2016:06:49:35 -0800] "GET /GitHub-Mark.png HTTP/1.1" 200 7428 "http://www.secrepo.com/" "Mozilla/5.0 (Windows NT 6.1; WOW64) AppleWebKit/537.36 (KHTML, like Gecko) Chrome/48.0.2564.116 Safari/537.36" 
72.37.140.45 - - [10/Mar/2016:06:49:36 -0800] "GET /bootstrap/img/favicon.ico HTTP/1.1" 200 589 "http://www.secrepo.com/" "Mozilla/5.0 (Windows NT 6.1; WOW64) AppleWebKit/537.36 (KHTML, like Gecko) Chrome/48.0.2564.116 Safari/537.36" 
72.37.140.45 - - [10/Mar/2016:06:50:13 -0800] "GET / HTTP/1.1" 200 8681 "-" "Mozilla/5.0 (Windows NT 6.1; WOW64) AppleWebKit/537.36 (KHTML, like Gecko) Chrome/48.0.2564.116 Safari/537.36" 
72.37.140.45 - - [10/Mar/2016:06:50:13 -0800] "GET /twitter-icon.png HTTP/1.1" 200 27787 "http://www.secrepo.com/" "Mozilla/5.0 (Windows NT 6.1; WOW64) AppleWebKit/537.36 (KHTML, like Gecko) Chrome/48.0.2564.116 Safari/537.36" 
72.37.140.45 - - [10/Mar/2016:06:50:14 -0800] "GET /GitHub-Mark.png HTTP/1.1" 200 7427 "http://www.secrepo.com/" "Mozilla/5.0 (Windows NT 6.1; WOW64) AppleWebKit/537.36 (KHTML, like Gecko) Chrome/48.0.2564.116 Safari/537.36" 
72.37.140.45 - - [10/Mar/2016:06:50:14 -0800] "GET /bootstrap/img/favicon.ico HTTP/1.1" 200 589 "http://www.secrepo.com/" "Mozilla/5.0 (Windows NT 6.1; WOW64) AppleWebKit/537.36 (KHTML, like Gecko) Chrome/48.0.2564.116 Safari/537.36" 
51.255.65.58 - - [10/Mar/2016:06:54:40 -0800] "GET /self.logs/error.log.2015-03-30.gz HTTP/1.1" 200 3236 "-" "Mozilla/5.0 (compatible; AhrefsBot/5.0; +http://ahrefs.com/robot/)" 
211.137.56.201 - - [10/Mar/2016:06:59:17 -0800] "GET /tg/a.zip HTTP/1.1" 304 132 "-" "Mozilla/5.0 Gecko/20100115 Firefox/3.6" 
111.7.128.40 - - [10/Mar/2016:06:59:35 -0800] "GET /tg/a.zip HTTP/1.1" 304 132 "-" "Mozilla/5.0 Gecko/20100115 Firefox/3.6" 
72.37.140.45 - - [10/Mar/2016:07:03:44 -0800] "GET /self.logs/ HTTP/1.1" 200 8844 "http://www.secrepo.com/" "Mozilla/5.0 (Windows NT 6.1; WOW64) AppleWebKit/537.36 (KHTML, like Gecko) Chrome/48.0.2564.116 Safari/537.36" 
72.37.140.45 - - [10/Mar/2016:07:03:45 -0800] "GET /favicon.ico HTTP/1.1" 200 267 "http://www.secrepo.com/self.logs/" "Mozilla/5.0 (Windows NT 6.1; WOW64) AppleWebKit/537.36 (KHTML, like Gecko) Chrome/48.0.2564.116 Safari/537.36" 
72.37.140.45 - - [10/Mar/2016:07:03:48 -0800] "GET /self.logs/access.log.2015-01-17.gz HTTP/1.1" 200 3597 "http://www.secrepo.com/self.logs/" "Mozilla/5.0 (Windows NT 6.1; WOW64) AppleWebKit/537.36 (KHTML, like Gecko) Chrome/48.0.2564.116 Safari/537.36" 
194.190.48.111 - - [10/Mar/2016:07:07:28 -0800] "GET / HTTP/1.1" 301 483 "-" "Mozilla/5.0 (Windows NT 6.3; Win64; x64) AppleWebKit/537.36 (KHTML, like Gecko) Chrome/48.0.2564.116 Safari/537.36" 
194.190.48.111 - - [10/Mar/2016:07:07:29 -0800] "GET / HTTP/1.1" 200 8681 "-" "Mozilla/5.0 (Windows NT 6.3; Win64; x64) AppleWebKit/537.36 (KHTML, like Gecko) Chrome/48.0.2564.116 Safari/537.36" 
194.190.48.111 - - [10/Mar/2016:07:07:32 -0800] "GET /twitter-icon.png HTTP/1.1" 200 27788 "http://www.secrepo.com/" "Mozilla/5.0 (Windows NT 6.3; Win64; x64) AppleWebKit/537.36 (KHTML, like Gecko) Chrome/48.0.2564.116 Safari/537.36" 
194.190.48.111 - - [10/Mar/2016:07:07:32 -0800] "GET /GitHub-Mark.png HTTP/1.1" 200 7428 "http://www.secrepo.com/" "Mozilla/5.0 (Windows NT 6.3; Win64; x64) AppleWebKit/537.36 (KHTML, like Gecko) Chrome/48.0.2564.116 Safari/537.36" 
194.190.48.111 - - [10/Mar/2016:07:07:35 -0800] "GET /bootstrap/img/favicon.ico HTTP/1.1" 200 590 "http://www.secrepo.com/" "Mozilla/5.0 (Windows NT 6.3; Win64; x64) AppleWebKit/537.36 (KHTML, like Gecko) Chrome/48.0.2564.116 Safari/537.36" 
72.37.140.45 - - [10/Mar/2016:07:08:30 -0800] "GET /self.logs/access.log.2015-01-18.gz HTTP/1.1" 200 3472 "http://www.secrepo.com/self.logs/" "Mozilla/5.0 (Windows NT 6.1; WOW64) AppleWebKit/537.36 (KHTML, like Gecko) Chrome/48.0.2564.116 Safari/537.36" 
51.255.65.7 - - [10/Mar/2016:07:09:35 -0800] "GET /self.logs/error.log.2016-03-02.gz HTTP/1.1" 200 705 "-" "Mozilla/5.0 (compatible; AhrefsBot/5.0; +http://ahrefs.com/robot/)" 
72.37.140.45 - - [10/Mar/2016:07:10:22 -0800] "GET /self.logs/ HTTP/1.1" 200 8844 "http://www.secrepo.com/" "Mozilla/5.0 (Windows NT 6.1; WOW64) AppleWebKit/537.36 (KHTML, like Gecko) Chrome/48.0.2564.116 Safari/537.36" 
123.57.71.159 - - [10/Mar/2016:07:14:03 -0800] "GET /honeypot/Honeypot%20-%20Howto.pdf HTTP/1.1" 200 1279418 "-" "Mozilla/4.0 (compatible; MSIE 6.0; Windows NT 5.1)" 
123.57.71.159 - - [10/Mar/2016:07:14:04 -0800] "GET /honeypot/Honeypot%20-%20Howto%20-%20BSides%20Austin.pdf HTTP/1.1" 200 2928404 "-" "Mozilla/4.0 (compatible; MSIE 6.0; Windows NT 5.1)" 
208.115.113.94 - - [10/Mar/2016:07:19:26 -0800] "GET / HTTP/1.1" 301 442 "-" "Mozilla/5.0 (compatible; DotBot/1.1; http://www.opensiteexplorer.org/dotbot, help@moz.com)" 
218.200.66.203 - - [10/Mar/2016:07:29:32 -0800] "GET /tg/a.zip HTTP/1.1" 304 132 "-" "Mozilla/5.0 Gecko/20100115 Firefox/3.6" 
213.61.103.42 - - [10/Mar/2016:07:30:42 -0800] "GET / HTTP/1.1" 200 8681 "http://www.mlsecproject.org/" "Mozilla/5.0 (Windows NT 10.0; Win64; x64) AppleWebKit/537.36 (KHTML, like Gecko) Chrome/46.0.2486.0 Safari/537.36 Edge/13.10586" 
213.61.103.42 - - [10/Mar/2016:07:30:42 -0800] "GET /twitter-icon.png HTTP/1.1" 200 27788 "http://www.secrepo.com/" "Mozilla/5.0 (Windows NT 10.0; Win64; x64) AppleWebKit/537.36 (KHTML, like Gecko) Chrome/46.0.2486.0 Safari/537.36 Edge/13.10586" 
213.61.103.42 - - [10/Mar/2016:07:30:42 -0800] "GET /GitHub-Mark.png HTTP/1.1" 200 7427 "http://www.secrepo.com/" "Mozilla/5.0 (Windows NT 10.0; Win64; x64) AppleWebKit/537.36 (KHTML, like Gecko) Chrome/46.0.2486.0 Safari/537.36 Edge/13.10586" 
213.61.103.42 - - [10/Mar/2016:07:30:43 -0800] "GET /bootstrap/img/favicon.ico HTTP/1.1" 200 590 "-" "Mozilla/5.0 (Windows NT 10.0; Win64; x64) AppleWebKit/537.36 (KHTML, like Gecko) Chrome/46.0.2486.0 Safari/537.36 Edge/13.10586" 
128.16.66.73 - - [10/Mar/2016:07:38:47 -0800] "GET / HTTP/1.1" 200 8681 "https://t.co/6nnCTYcDLT" "Mozilla/5.0 (Macintosh; Intel Mac OS X 10_10_5) AppleWebKit/537.36 (KHTML, like Gecko) Chrome/49.0.2623.87 Safari/537.36" 
128.16.66.73 - - [10/Mar/2016:07:38:50 -0800] "GET /GitHub-Mark.png HTTP/1.1" 200 7428 "http://www.secrepo.com/" "Mozilla/5.0 (Macintosh; Intel Mac OS X 10_10_5) AppleWebKit/537.36 (KHTML, like Gecko) Chrome/49.0.2623.87 Safari/537.36" 
72.37.140.45 - - [10/Mar/2016:07:10:58 -0800] "GET /maccdc2012/conn.log.gz HTTP/1.1" 200 551041635 "http://www.secrepo.com/" "Mozilla/5.0 (Windows NT 6.1; WOW64) AppleWebKit/537.36 (KHTML, like Gecko) Chrome/48.0.2564.116 Safari/537.36" 
128.16.66.73 - - [10/Mar/2016:07:38:51 -0800] "GET /twitter-icon.png HTTP/1.1" 200 27787 "http://www.secrepo.com/" "Mozilla/5.0 (Macintosh; Intel Mac OS X 10_10_5) AppleWebKit/537.36 (KHTML, like Gecko) Chrome/49.0.2623.87 Safari/537.36" 
62.18.106.43 - - [10/Mar/2016:07:39:34 -0800] "GET / HTTP/1.1" 200 8681 "-" "Mozilla/5.0 (X11; Linux x86_64) AppleWebKit/537.36 (KHTML, like Gecko) Version/4.0 Chrome/48.0.2564.106 Safari/537.36" 
51.255.65.31 - - [10/Mar/2016:07:39:55 -0800] "GET /self.logs/error.log.2015-05-01.gz HTTP/1.1" 200 881 "-" "Mozilla/5.0 (compatible; AhrefsBot/5.0; +http://ahrefs.com/robot/)" 
54.164.169.107 - - [10/Mar/2016:07:50:14 -0800] "GET / HTTP/1.1" 200 8681 "-" "Mozilla/5.0 (Unknown; Linux x86_64) AppleWebKit/534.34 (KHTML, like Gecko) PhantomJS/1.9.8 Safari/534.34" 
54.164.169.107 - - [10/Mar/2016:07:50:15 -0800] "GET /twitter-icon.png HTTP/1.1" 200 27788 "-" "-" 
54.164.169.107 - - [10/Mar/2016:07:50:15 -0800] "GET /GitHub-Mark.png HTTP/1.1" 200 7428 "-" "-" 
111.23.10.33 - - [10/Mar/2016:07:51:28 -0800] "GET /tg/a.zip HTTP/1.1" 304 132 "-" "Mozilla/5.0 Gecko/20100115 Firefox/3.6" 
99.91.66.132 - - [10/Mar/2016:08:13:49 -0800] "GET / HTTP/1.1" 200 8681 "https://www.google.com/" "Mozilla/5.0 (Windows NT 10.0; Win64; x64) AppleWebKit/537.36 (KHTML, like Gecko) Chrome/49.0.2623.75 Safari/537.36" 
99.91.66.132 - - [10/Mar/2016:08:13:50 -0800] "GET /twitter-icon.png HTTP/1.1" 200 27787 "http://www.secrepo.com/" "Mozilla/5.0 (Windows NT 10.0; Win64; x64) AppleWebKit/537.36 (KHTML, like Gecko) Chrome/49.0.2623.75 Safari/537.36" 
99.91.66.132 - - [10/Mar/2016:08:13:50 -0800] "GET /GitHub-Mark.png HTTP/1.1" 200 7428 "http://www.secrepo.com/" "Mozilla/5.0 (Windows NT 10.0; Win64; x64) AppleWebKit/537.36 (KHTML, like Gecko) Chrome/49.0.2623.75 Safari/537.36" 
99.91.66.132 - - [10/Mar/2016:08:13:50 -0800] "GET /bootstrap/img/favicon.ico HTTP/1.1" 200 589 "http://www.secrepo.com/" "Mozilla/5.0 (Windows NT 10.0; Win64; x64) AppleWebKit/537.36 (KHTML, like Gecko) Chrome/49.0.2623.75 Safari/537.36" 
51.255.65.12 - - [10/Mar/2016:08:15:35 -0800] "GET /self.logs/error.log.2015-02-01.gz HTTP/1.1" 200 745 "-" "Mozilla/5.0 (compatible; AhrefsBot/5.0; +http://ahrefs.com/robot/)" 
117.190.191.170 - - [10/Mar/2016:08:22:51 -0800] "GET /tg/a.zip HTTP/1.1" 304 132 "-" "Mozilla/5.0 Gecko/20100115 Firefox/3.6" 
157.55.39.130 - - [10/Mar/2016:08:28:23 -0800] "GET / HTTP/1.1" 200 8681 "-" "Mozilla/5.0 (compatible; bingbot/2.0; +http://www.bing.com/bingbot.htm)" 
68.180.231.44 - - [10/Mar/2016:08:39:41 -0800] "GET /self.logs/access.log.2015-02-04.gz HTTP/1.1" 200 3928 "-" "Mozilla/5.0 (compatible; Yahoo! Slurp; http://help.yahoo.com/help/us/ysearch/slurp)" 
68.180.231.44 - - [10/Mar/2016:08:41:17 -0800] "GET /self.logs/access.log.2016-01-21.gz HTTP/1.1" 200 5536 "-" "Mozilla/5.0 (compatible; Yahoo! Slurp; http://help.yahoo.com/help/us/ysearch/slurp)" 
111.23.4.148 - - [10/Mar/2016:08:43:34 -0800] "GET /tg/a.zip HTTP/1.1" 304 132 "-" "Mozilla/5.0 Gecko/20100115 Firefox/3.6" 
199.116.169.254 - - [10/Mar/2016:08:56:11 -0800] "GET / HTTP/1.1" 301 498 "-" "Mozilla/5.0 (Windows NT 6.1; rv:45.0) Gecko/20100101 Firefox/45.0" 
70.213.6.60 - - [10/Mar/2016:08:56:11 -0800] "GET / HTTP/1.1" 301 483 "-" "Mozilla/5.0 (Windows NT 6.1; rv:45.0) Gecko/20100101 Firefox/45.0" 
70.213.6.60 - - [10/Mar/2016:08:56:11 -0800] "GET / HTTP/1.1" 200 8681 "-" "Mozilla/5.0 (Windows NT 6.1; rv:45.0) Gecko/20100101 Firefox/45.0" 
70.213.6.60 - - [10/Mar/2016:08:56:20 -0800] "GET /bootstrap/img/favicon.ico HTTP/1.1" 200 590 "-" "Mozilla/5.0 (Windows NT 6.1; rv:45.0) Gecko/20100101 Firefox/45.0" 
70.213.6.60 - - [10/Mar/2016:08:56:22 -0800] "GET /GitHub-Mark.png HTTP/1.1" 200 7428 "http://www.secrepo.com/" "Mozilla/5.0 (Windows NT 6.1; rv:45.0) Gecko/20100101 Firefox/45.0" 
70.213.6.60 - - [10/Mar/2016:08:56:22 -0800] "GET /twitter-icon.png HTTP/1.1" 200 27788 "http://www.secrepo.com/" "Mozilla/5.0 (Windows NT 6.1; rv:45.0) Gecko/20100101 Firefox/45.0" 
211.137.56.194 - - [10/Mar/2016:09:00:03 -0800] "GET /tg/a.zip HTTP/1.1" 304 132 "-" "Mozilla/5.0 Gecko/20100115 Firefox/3.6" 
68.180.231.44 - - [10/Mar/2016:09:20:17 -0800] "GET /self.logs/error.log.2015-05-17.gz HTTP/1.1" 200 730 "-" "Mozilla/5.0 (compatible; Yahoo! Slurp; http://help.yahoo.com/help/us/ysearch/slurp)" 
211.137.56.172 - - [10/Mar/2016:09:31:02 -0800] "GET /tg/a.zip HTTP/1.1" 304 132 "-" "Mozilla/5.0 Gecko/20100115 Firefox/3.6" 
207.46.13.56 - - [10/Mar/2016:09:42:37 -0800] "GET /robots.txt HTTP/1.1" 301 518 "-" "Mozilla/5.0 (compatible; bingbot/2.0; +http://www.bing.com/bingbot.htm)" 
207.46.13.56 - - [10/Mar/2016:09:42:37 -0800] "GET /robots.txt HTTP/1.1" 200 288 "-" "Mozilla/5.0 (compatible; bingbot/2.0; +http://www.bing.com/bingbot.htm)" 
207.46.13.56 - - [10/Mar/2016:09:42:56 -0800] "GET /self.logs/error.log.2015-02-01.gz HTTP/1.1" 301 543 "-" "Mozilla/5.0 (compatible; bingbot/2.0; +http://www.bing.com/bingbot.htm)" 
207.46.13.56 - - [10/Mar/2016:09:42:56 -0800] "GET /self.logs/error.log.2015-03-04.gz HTTP/1.1" 301 543 "-" "Mozilla/5.0 (compatible; bingbot/2.0; +http://www.bing.com/bingbot.htm)" 
157.55.39.130 - - [10/Mar/2016:09:44:01 -0800] "GET /self.logs/error.log.2015-02-03.gz HTTP/1.1" 301 543 "-" "Mozilla/5.0 (compatible; bingbot/2.0; +http://www.bing.com/bingbot.htm)" 
157.55.39.130 - - [10/Mar/2016:09:44:01 -0800] "GET /self.logs/access.log.2015-03-02.gz HTTP/1.1" 301 544 "-" "Mozilla/5.0 (compatible; bingbot/2.0; +http://www.bing.com/bingbot.htm)" 
8.37.96.39 - - [10/Mar/2016:09:49:00 -0800] "GET / HTTP/1.1" 200 8681 "http://www.mlsecproject.org/" "Mozilla/5.0 (Macintosh; Intel Mac OS X 10_11_1) AppleWebKit/537.36 (KHTML, like Gecko) Chrome/49.0.2623.87 Safari/537.36" 
8.37.96.39 - - [10/Mar/2016:09:49:02 -0800] "GET /GitHub-Mark.png HTTP/1.1" 200 7428 "http://www.secrepo.com/" "Mozilla/5.0 (Macintosh; Intel Mac OS X 10_11_1) AppleWebKit/537.36 (KHTML, like Gecko) Chrome/49.0.2623.87 Safari/537.36" 
8.37.96.39 - - [10/Mar/2016:09:49:02 -0800] "GET /twitter-icon.png HTTP/1.1" 200 27788 "http://www.secrepo.com/" "Mozilla/5.0 (Macintosh; Intel Mac OS X 10_11_1) AppleWebKit/537.36 (KHTML, like Gecko) Chrome/49.0.2623.87 Safari/537.36" 
8.37.96.39 - - [10/Mar/2016:09:49:03 -0800] "GET /bootstrap/img/favicon.ico HTTP/1.1" 200 589 "http://www.secrepo.com/" "Mozilla/5.0 (Macintosh; Intel Mac OS X 10_11_1) AppleWebKit/537.36 (KHTML, like Gecko) Chrome/49.0.2623.87 Safari/537.36" 
2.241.31.52 - - [10/Mar/2016:09:50:28 -0800] "GET / HTTP/1.1" 200 8681 "https://t.co/bKJj4x4PWQ" "Mozilla/5.0 (Windows NT 6.1; WOW64) AppleWebKit/537.36 (KHTML, like Gecko) Chrome/48.0.2564.116 Safari/537.36" 
2.241.31.52 - - [10/Mar/2016:09:50:28 -0800] "GET /twitter-icon.png HTTP/1.1" 200 27787 "http://www.secrepo.com/" "Mozilla/5.0 (Windows NT 6.1; WOW64) AppleWebKit/537.36 (KHTML, like Gecko) Chrome/48.0.2564.116 Safari/537.36" 
2.241.31.52 - - [10/Mar/2016:09:50:29 -0800] "GET /GitHub-Mark.png HTTP/1.1" 200 7428 "http://www.secrepo.com/" "Mozilla/5.0 (Windows NT 6.1; WOW64) AppleWebKit/537.36 (KHTML, like Gecko) Chrome/48.0.2564.116 Safari/537.36" 
2.241.31.52 - - [10/Mar/2016:09:50:29 -0800] "GET /bootstrap/img/favicon.ico HTTP/1.1" 200 589 "http://www.secrepo.com/" "Mozilla/5.0 (Windows NT 6.1; WOW64) AppleWebKit/537.36 (KHTML, like Gecko) Chrome/48.0.2564.116 Safari/537.36" 
211.137.56.201 - - [10/Mar/2016:09:59:23 -0800] "GET /tg/a.zip HTTP/1.1" 304 132 "-" "Mozilla/5.0 Gecko/20100115 Firefox/3.6" 
111.7.128.40 - - [10/Mar/2016:09:59:40 -0800] "GET /tg/a.zip HTTP/1.1" 304 132 "-" "Mozilla/5.0 Gecko/20100115 Firefox/3.6" 
189.207.137.211 - - [10/Mar/2016:10:13:15 -0800] "GET /bootstrap/img/favicon.ico HTTP/1.1" 200 590 "-" "Mozilla/5.0 (X11; Ubuntu; Linux x86_64; rv:44.0) Gecko/20100101 Firefox/44.0" 
66.249.83.209 - - [10/Mar/2016:10:14:36 -0800] "GET / HTTP/1.1" 200 8681 "-" "Mozilla/5.0 (X11; Linux x86_64) AppleWebKit/537.36 (KHTML, like Gecko) Chrome/49.0.2623.75 Safari/537.36 Google Favicon" 
66.249.83.209 - - [10/Mar/2016:10:14:36 -0800] "GET /bootstrap/img/favicon.ico HTTP/1.1" 200 589 "-" "Mozilla/5.0 (X11; Linux x86_64) AppleWebKit/537.36 (KHTML, like Gecko) Chrome/49.0.2623.75 Safari/537.36 Google Favicon" 
73.149.16.23 - - [10/Mar/2016:10:26:43 -0800] "GET / HTTP/1.1" 200 8681 "-" "Mozilla/5.0 (Macintosh; Intel Mac OS X 10_10_5) AppleWebKit/537.36 (KHTML, like Gecko) Chrome/49.0.2623.75 Safari/537.36" 
73.149.16.23 - - [10/Mar/2016:10:26:43 -0800] "GET /twitter-icon.png HTTP/1.1" 200 27787 "http://www.secrepo.com/" "Mozilla/5.0 (Macintosh; Intel Mac OS X 10_10_5) AppleWebKit/537.36 (KHTML, like Gecko) Chrome/49.0.2623.75 Safari/537.36" 
73.149.16.23 - - [10/Mar/2016:10:26:43 -0800] "GET /GitHub-Mark.png HTTP/1.1" 200 7428 "http://www.secrepo.com/" "Mozilla/5.0 (Macintosh; Intel Mac OS X 10_10_5) AppleWebKit/537.36 (KHTML, like Gecko) Chrome/49.0.2623.75 Safari/537.36" 
68.180.231.44 - - [10/Mar/2016:10:26:54 -0800] "GET /self.logs/access.log.2015-04-11.gz HTTP/1.1" 200 5482 "-" "Mozilla/5.0 (compatible; Yahoo! Slurp; http://help.yahoo.com/help/us/ysearch/slurp)" 
218.200.66.203 - - [10/Mar/2016:10:29:37 -0800] "GET /tg/a.zip HTTP/1.1" 304 132 "-" "Mozilla/5.0 Gecko/20100115 Firefox/3.6" 
37.187.95.227 - - [10/Mar/2016:10:43:49 -0800] "GET /self.logs/error.log.2015-02-06.gz HTTP/1.1" 200 607 "-" "Mozilla/5.0 (compatible; AhrefsBot/5.0; +http://ahrefs.com/robot/)" 
111.23.10.33 - - [10/Mar/2016:10:51:30 -0800] "GET /tg/a.zip HTTP/1.1" 304 132 "-" "Mozilla/5.0 Gecko/20100115 Firefox/3.6" 
194.146.149.86 - - [10/Mar/2016:10:57:04 -0800] "GET /self.logs/ HTTP/1.1" 200 8844 "-" "Mozilla/5.0 (Windows NT 6.3; Win64; x64) AppleWebKit/537.36 (KHTML, like Gecko) Chrome/49.0.2623.87 Safari/537.36" 
194.146.149.86 - - [10/Mar/2016:10:57:11 -0800] "GET /favicon.ico HTTP/1.1" 200 267 "http://www.secrepo.com/self.logs/" "Mozilla/5.0 (Windows NT 6.3; Win64; x64) AppleWebKit/537.36 (KHTML, like Gecko) Chrome/49.0.2623.87 Safari/537.36" 
146.20.68.17 - - [10/Mar/2016:11:03:13 -0800] "GET /robots.txt HTTP/1.1" 301 446 "-" "Tornado-Async-Client" 
146.20.68.17 - - [10/Mar/2016:11:03:14 -0800] "GET /robots.txt HTTP/1.1" 200 304 "-" "Tornado-Async-Client" 
146.20.68.17 - - [10/Mar/2016:11:03:14 -0800] "GET /honeypot/BSidesDFW%20-%202014.ipynb HTTP/1.1" 301 484 "-" "Tornado-Async-Client" 
146.20.68.17 - - [10/Mar/2016:11:03:14 -0800] "GET /honeypot/BSidesDFW%20-%202014.ipynb HTTP/1.1" 200 930780 "-" "Tornado-Async-Client" 
194.146.149.86 - - [10/Mar/2016:11:03:12 -0800] "GET /honeypot/BSidesDFW%20-%202014.ipynb HTTP/1.1" 200 930836 "-" "Mozilla/5.0 (Windows NT 6.3; Win64; x64) AppleWebKit/537.36 (KHTML, like Gecko) Chrome/49.0.2623.87 Safari/537.36" 
194.146.149.86 - - [10/Mar/2016:11:03:16 -0800] "GET /honeypot/honeypot.json.zip HTTP/1.1" 200 580860 "http://www.secrepo.com/honeypot/" "Mozilla/5.0 (Windows NT 6.3; Win64; x64) AppleWebKit/537.36 (KHTML, like Gecko) Chrome/49.0.2623.87 Safari/537.36" 
194.146.149.86 - - [10/Mar/2016:11:03:37 -0800] "GET /Security-Data-Analysis/Lab_1/conn.log.zip HTTP/1.1" 206 117180 "http://www.secrepo.com/Security-Data-Analysis/Lab_1/" "Mozilla/5.0 (Windows NT 6.3; Win64; x64) AppleWebKit/537.36 (KHTML, like Gecko) Chrome/49.0.2623.87 Safari/537.36" 
194.146.149.86 - - [10/Mar/2016:11:03:21 -0800] "GET /Security-Data-Analysis/Lab_1/conn.log.zip HTTP/1.1" 200 1045800 "http://www.secrepo.com/Security-Data-Analysis/Lab_1/" "Mozilla/5.0 (Windows NT 6.3; Win64; x64) AppleWebKit/537.36 (KHTML, like Gecko) Chrome/49.0.2623.87 Safari/537.36" 
194.146.149.86 - - [10/Mar/2016:11:03:38 -0800] "GET /Security-Data-Analysis/Lab_1/conn.log.zip HTTP/1.1" 206 70560 "http://www.secrepo.com/Security-Data-Analysis/Lab_1/" "Mozilla/5.0 (Windows NT 6.3; Win64; x64) AppleWebKit/537.36 (KHTML, like Gecko) Chrome/49.0.2623.87 Safari/537.36" 
194.146.149.86 - - [10/Mar/2016:11:03:38 -0800] "GET /Security-Data-Analysis/Lab_1/conn.log.zip HTTP/1.1" 206 88200 "http://www.secrepo.com/Security-Data-Analysis/Lab_1/" "Mozilla/5.0 (Windows NT 6.3; Win64; x64) AppleWebKit/537.36 (KHTML, like Gecko) Chrome/49.0.2623.87 Safari/537.36" 
194.146.149.86 - - [10/Mar/2016:11:03:38 -0800] "GET /Security-Data-Analysis/Lab_1/conn.log.zip HTTP/1.1" 206 115920 "http://www.secrepo.com/Security-Data-Analysis/Lab_1/" "Mozilla/5.0 (Windows NT 6.3; Win64; x64) AppleWebKit/537.36 (KHTML, like Gecko) Chrome/49.0.2623.87 Safari/537.36" 
194.146.149.86 - - [10/Mar/2016:11:03:35 -0800] "GET /Security-Data-Analysis/Lab_1/conn.log.zip HTTP/1.1" 206 177660 "http://www.secrepo.com/Security-Data-Analysis/Lab_1/" "Mozilla/5.0 (Windows NT 6.3; Win64; x64) AppleWebKit/537.36 (KHTML, like Gecko) Chrome/49.0.2623.87 Safari/537.36" 
194.146.149.86 - - [10/Mar/2016:11:03:36 -0800] "GET /Security-Data-Analysis/Lab_1/conn.log.zip HTTP/1.1" 206 189000 "http://www.secrepo.com/Security-Data-Analysis/Lab_1/" "Mozilla/5.0 (Windows NT 6.3; Win64; x64) AppleWebKit/537.36 (KHTML, like Gecko) Chrome/49.0.2623.87 Safari/537.36" 
194.146.149.86 - - [10/Mar/2016:11:03:39 -0800] "GET /Security-Data-Analysis/Lab_1/conn.log.zip HTTP/1.1" 206 20160 "http://www.secrepo.com/Security-Data-Analysis/Lab_1/" "Mozilla/5.0 (Windows NT 6.3; Win64; x64) AppleWebKit/537.36 (KHTML, like Gecko) Chrome/49.0.2623.87 Safari/537.36" 
194.146.149.86 - - [10/Mar/2016:11:03:38 -0800] "GET /honeypot/honeypot.json.zip HTTP/1.1" 206 564480 "http://www.secrepo.com/honeypot/" "Mozilla/5.0 (Windows NT 6.3; Win64; x64) AppleWebKit/537.36 (KHTML, like Gecko) Chrome/49.0.2623.87 Safari/537.36" 
194.146.149.86 - - [10/Mar/2016:11:03:36 -0800] "GET /squid/access.log.gz HTTP/1.1" 200 495180 "http://www.secrepo.com/squid/" "Mozilla/5.0 (Windows NT 6.3; Win64; x64) AppleWebKit/537.36 (KHTML, like Gecko) Chrome/49.0.2623.87 Safari/537.36" 
194.146.149.86 - - [10/Mar/2016:11:03:51 -0800] "GET /honeypot/honeypot.json.zip HTTP/1.1" 206 229086 "http://www.secrepo.com/honeypot/" "Mozilla/5.0 (Windows NT 6.3; Win64; x64) AppleWebKit/537.36 (KHTML, like Gecko) Chrome/49.0.2623.87 Safari/537.36" 
194.146.149.86 - - [10/Mar/2016:11:03:26 -0800] "GET /honeypot/honeypot.json.zip HTTP/1.1" 206 905940 "http://www.secrepo.com/honeypot/" "Mozilla/5.0 (Windows NT 6.3; Win64; x64) AppleWebKit/537.36 (KHTML, like Gecko) Chrome/49.0.2623.87 Safari/537.36" 
194.146.149.86 - - [10/Mar/2016:11:03:21 -0800] "GET /honeypot/honeypot.json.zip HTTP/1.1" 206 898380 "http://www.secrepo.com/honeypot/" "Mozilla/5.0 (Windows NT 6.3; Win64; x64) AppleWebKit/537.36 (KHTML, like Gecko) Chrome/49.0.2623.87 Safari/537.36" 
194.146.149.86 - - [10/Mar/2016:11:03:35 -0800] "GET /honeypot/honeypot.json.zip HTTP/1.1" 206 795060 "http://www.secrepo.com/honeypot/" "Mozilla/5.0 (Windows NT 6.3; Win64; x64) AppleWebKit/537.36 (KHTML, like Gecko) Chrome/49.0.2623.87 Safari/537.36" 
194.146.149.86 - - [10/Mar/2016:11:04:01 -0800] "GET /squid/access.log.gz HTTP/1.1" 206 47880 "http://www.secrepo.com/squid/" "Mozilla/5.0 (Windows NT 6.3; Win64; x64) AppleWebKit/537.36 (KHTML, like Gecko) Chrome/49.0.2623.87 Safari/537.36" 
194.146.149.86 - - [10/Mar/2016:11:04:03 -0800] "GET /honeypot/honeypot.json.zip HTTP/1.1" 206 96217 "http://www.secrepo.com/honeypot/" "Mozilla/5.0 (Windows NT 6.3; Win64; x64) AppleWebKit/537.36 (KHTML, like Gecko) Chrome/49.0.2623.87 Safari/537.36" 
194.146.149.86 - - [10/Mar/2016:11:04:05 -0800] "GET /honeypot/honeypot.json.zip HTTP/1.1" 206 59797 "http://www.secrepo.com/honeypot/" "Mozilla/5.0 (Windows NT 6.3; Win64; x64) AppleWebKit/537.36 (KHTML, like Gecko) Chrome/49.0.2623.87 Safari/537.36" 
194.146.149.86 - - [10/Mar/2016:11:03:37 -0800] "GET /honeypot/honeypot.json.zip HTTP/1.1" 206 453600 "http://www.secrepo.com/honeypot/" "Mozilla/5.0 (Windows NT 6.3; Win64; x64) AppleWebKit/537.36 (KHTML, like Gecko) Chrome/49.0.2623.87 Safari/537.36" 
194.146.149.86 - - [10/Mar/2016:11:04:03 -0800] "GET /honeypot/honeypot.json.zip HTTP/1.1" 206 131562 "http://www.secrepo.com/honeypot/" "Mozilla/5.0 (Windows NT 6.3; Win64; x64) AppleWebKit/537.36 (KHTML, like Gecko) Chrome/49.0.2623.87 Safari/537.36" 
194.146.149.86 - - [10/Mar/2016:11:03:37 -0800] "GET /honeypot/honeypot.json.zip HTTP/1.1" 206 529200 "http://www.secrepo.com/honeypot/" "Mozilla/5.0 (Windows NT 6.3; Win64; x64) AppleWebKit/537.36 (KHTML, like Gecko) Chrome/49.0.2623.87 Safari/537.36" 
194.146.149.86 - - [10/Mar/2016:11:04:10 -0800] "GET /honeypot/honeypot.json.zip HTTP/1.1" 206 36739 "http://www.secrepo.com/honeypot/" "Mozilla/5.0 (Windows NT 6.3; Win64; x64) AppleWebKit/537.36 (KHTML, like Gecko) Chrome/49.0.2623.87 Safari/537.36" 
194.146.149.86 - - [10/Mar/2016:11:03:37 -0800] "GET /honeypot/honeypot.json.zip HTTP/1.1" 206 374220 "http://www.secrepo.com/honeypot/" "Mozilla/5.0 (Windows NT 6.3; Win64; x64) AppleWebKit/537.36 (KHTML, like Gecko) Chrome/49.0.2623.87 Safari/537.36" 
194.146.149.86 - - [10/Mar/2016:11:04:03 -0800] "GET /honeypot/honeypot.json.zip HTTP/1.1" 206 116946 "http://www.secrepo.com/honeypot/" "Mozilla/5.0 (Windows NT 6.3; Win64; x64) AppleWebKit/537.36 (KHTML, like Gecko) Chrome/49.0.2623.87 Safari/537.36" 
194.146.149.86 - - [10/Mar/2016:11:04:12 -0800] "GET /honeypot/honeypot.json.zip HTTP/1.1" 206 12385 "http://www.secrepo.com/honeypot/" "Mozilla/5.0 (Windows NT 6.3; Win64; x64) AppleWebKit/537.36 (KHTML, like Gecko) Chrome/49.0.2623.87 Safari/537.36" 
194.146.149.86 - - [10/Mar/2016:11:04:12 -0800] "GET /honeypot/honeypot.json.zip HTTP/1.1" 206 20594 "http://www.secrepo.com/honeypot/" "Mozilla/5.0 (Windows NT 6.3; Win64; x64) AppleWebKit/537.36 (KHTML, like Gecko) Chrome/49.0.2623.87 Safari/537.36" 
194.146.149.86 - - [10/Mar/2016:11:03:37 -0800] "GET /honeypot/honeypot.json.zip HTTP/1.1" 206 478800 "http://www.secrepo.com/honeypot/" "Mozilla/5.0 (Windows NT 6.3; Win64; x64) AppleWebKit/537.36 (KHTML, like Gecko) Chrome/49.0.2623.87 Safari/537.36" 
121.40.174.149 - - [10/Mar/2016:11:04:14 -0800] "GET /honeypot/BSidesDFW%20-%202014.ipynb HTTP/1.1" 200 930836 "-" "Mozilla/4.0 (compatible; MSIE 6.0; Windows NT 5.1)" 
194.146.149.86 - - [10/Mar/2016:11:04:03 -0800] "GET /squid/access.log.gz HTTP/1.1" 206 448560 "http://www.secrepo.com/squid/" "Mozilla/5.0 (Windows NT 6.3; Win64; x64) AppleWebKit/537.36 (KHTML, like Gecko) Chrome/49.0.2623.87 Safari/537.36" 
194.146.149.86 - - [10/Mar/2016:11:03:49 -0800] "GET /squid/access.log.gz HTTP/1.1" 206 592200 "http://www.secrepo.com/squid/" "Mozilla/5.0 (Windows NT 6.3; Win64; x64) AppleWebKit/537.36 (KHTML, like Gecko) Chrome/49.0.2623.87 Safari/537.36" 
194.146.149.86 - - [10/Mar/2016:11:03:40 -0800] "GET /squid/access.log.gz HTTP/1.1" 206 612360 "http://www.secrepo.com/squid/" "Mozilla/5.0 (Windows NT 6.3; Win64; x64) AppleWebKit/537.36 (KHTML, like Gecko) Chrome/49.0.2623.87 Safari/537.36" 
194.146.149.86 - - [10/Mar/2016:11:03:54 -0800] "GET /squid/access.log.gz HTTP/1.1" 206 519120 "http://www.secrepo.com/squid/" "Mozilla/5.0 (Windows NT 6.3; Win64; x64) AppleWebKit/537.36 (KHTML, like Gecko) Chrome/49.0.2623.87 Safari/537.36" 
194.146.149.86 - - [10/Mar/2016:11:03:54 -0800] "GET /squid/access.log.gz HTTP/1.1" 206 432180 "http://www.secrepo.com/squid/" "Mozilla/5.0 (Windows NT 6.3; Win64; x64) AppleWebKit/537.36 (KHTML, like Gecko) Chrome/49.0.2623.87 Safari/537.36" 
194.146.149.86 - - [10/Mar/2016:11:03:54 -0800] "GET /squid/access.log.gz HTTP/1.1" 206 248220 "http://www.secrepo.com/squid/" "Mozilla/5.0 (Windows NT 6.3; Win64; x64) AppleWebKit/537.36 (KHTML, like Gecko) Chrome/49.0.2623.87 Safari/537.36" 
194.146.149.86 - - [10/Mar/2016:11:03:49 -0800] "GET /squid/access.log.gz HTTP/1.1" 206 1162980 "http://www.secrepo.com/squid/" "Mozilla/5.0 (Windows NT 6.3; Win64; x64) AppleWebKit/537.36 (KHTML, like Gecko) Chrome/49.0.2623.87 Safari/537.36" 
194.146.149.86 - - [10/Mar/2016:11:03:54 -0800] "GET /squid/access.log.gz HTTP/1.1" 206 238140 "http://www.secrepo.com/squid/" "Mozilla/5.0 (Windows NT 6.3; Win64; x64) AppleWebKit/537.36 (KHTML, like Gecko) Chrome/49.0.2623.87 Safari/537.36" 
194.146.149.86 - - [10/Mar/2016:11:07:55 -0800] "GET /self.logs/access.log.2015-01-19.gz HTTP/1.1" 200 2728 "http://www.secrepo.com/self.logs/" "Mozilla/5.0 (Windows NT 6.3; Win64; x64) AppleWebKit/537.36 (KHTML, like Gecko) Chrome/49.0.2623.87 Safari/537.36" 
194.146.149.86 - - [10/Mar/2016:11:07:55 -0800] "GET /self.logs/access.log.2015-01-18.gz HTTP/1.1" 200 3364 "http://www.secrepo.com/self.logs/" "Mozilla/5.0 (Windows NT 6.3; Win64; x64) AppleWebKit/537.36 (KHTML, like Gecko) Chrome/49.0.2623.87 Safari/537.36" 
194.146.149.86 - - [10/Mar/2016:11:07:55 -0800] "GET /self.logs/access.log.2015-01-17.gz HTTP/1.1" 200 3489 "http://www.secrepo.com/self.logs/" "Mozilla/5.0 (Windows NT 6.3; Win64; x64) AppleWebKit/537.36 (KHTML, like Gecko) Chrome/49.0.2623.87 Safari/537.36" 
194.146.149.86 - - [10/Mar/2016:11:07:55 -0800] "GET / HTTP/1.1" 200 28377 "http://www.secrepo.com/" "Mozilla/5.0 (Windows NT 6.3; Win64; x64) AppleWebKit/537.36 (KHTML, like Gecko) Chrome/49.0.2623.87 Safari/537.36" 
194.146.149.86 - - [10/Mar/2016:11:07:55 -0800] "GET /self.logs/access.log.2015-01-21.gz HTTP/1.1" 200 3919 "http://www.secrepo.com/self.logs/" "Mozilla/5.0 (Windows NT 6.3; Win64; x64) AppleWebKit/537.36 (KHTML, like Gecko) Chrome/49.0.2623.87 Safari/537.36" 
194.146.149.86 - - [10/Mar/2016:11:07:55 -0800] "GET /self.logs/access.log.2015-01-20.gz HTTP/1.1" 200 3562 "http://www.secrepo.com/self.logs/" "Mozilla/5.0 (Windows NT 6.3; Win64; x64) AppleWebKit/537.36 (KHTML, like Gecko) Chrome/49.0.2623.87 Safari/537.36" 
194.146.149.86 - - [10/Mar/2016:11:07:55 -0800] "GET /self.logs/?C=N;O=D HTTP/1.1" 200 80258 "http://www.secrepo.com/self.logs/" "Mozilla/5.0 (Windows NT 6.3; Win64; x64) AppleWebKit/537.36 (KHTML, like Gecko) Chrome/49.0.2623.87 Safari/537.36" 
194.146.149.86 - - [10/Mar/2016:11:07:55 -0800] "GET /self.logs/access.log.2015-01-22.gz HTTP/1.1" 200 2692 "http://www.secrepo.com/self.logs/" "Mozilla/5.0 (Windows NT 6.3; Win64; x64) AppleWebKit/537.36 (KHTML, like Gecko) Chrome/49.0.2623.87 Safari/537.36" 
