115.113.153.34 - - [12/Aug/2016:02:48:53 -0700] "GET / HTTP/1.1" 200 10046 "https://www.google.co.in/" "Mozilla/5.0 (Windows NT 10.0; WOW64) AppleWebKit/537.36 (KHTML, like Gecko) Chrome/52.0.2743.116 Safari/537.36" 
162.210.196.98 - - [12/Aug/2016:02:59:04 -0700] "GET /robots.txt HTTP/1.0" 200 252 "-" "Mozilla/5.0 (compatible; MJ12bot/v1.4.5; http://www.majestic12.co.uk/bot.php?+)" 
162.210.196.98 - - [12/Aug/2016:02:59:05 -0700] "GET /self.logs/?C=N;O=A HTTP/1.0" 200 109654 "-" "Mozilla/5.0 (compatible; MJ12bot/v1.4.5; http://www.majestic12.co.uk/bot.php?+)" 
46.229.164.98 - - [12/Aug/2016:03:02:16 -0700] "GET /robots.txt HTTP/1.1" 200 297 "-" "Mozilla/5.0 (compatible; SemrushBot/1.1~bl; +http://www.semrush.com/bot.html)" 
178.32.12.113 - - [12/Aug/2016:03:43:45 -0700] "GET / HTTP/1.1" 200 10046 "http://www.secrepo.com/" "Mozilla/5.0 (Windows NT 6.1) AppleWebKit/537.36 (KHTML, like Gecko) Dragon/36.1.1.21 Chrome/36.0.1985.97 Safari/537.36" 
14.139.219.242 - - [12/Aug/2016:03:47:46 -0700] "GET / HTTP/1.1" 200 10046 "https://www.google.co.in/" "Mozilla/5.0 (Windows NT 6.1) AppleWebKit/537.36 (KHTML, like Gecko) Chrome/51.0.2704.106 Safari/537.36" 
14.139.219.242 - - [12/Aug/2016:03:47:48 -0700] "GET /GitHub-Mark.png HTTP/1.1" 200 7427 "http://www.secrepo.com/" "Mozilla/5.0 (Windows NT 6.1) AppleWebKit/537.36 (KHTML, like Gecko) Chrome/51.0.2704.106 Safari/537.36" 
14.139.219.242 - - [12/Aug/2016:03:47:48 -0700] "GET /bootstrap/img/favicon.ico HTTP/1.1" 200 589 "http://www.secrepo.com/" "Mozilla/5.0 (Windows NT 6.1) AppleWebKit/537.36 (KHTML, like Gecko) Chrome/51.0.2704.106 Safari/537.36" 
178.162.216.38 - - [12/Aug/2016:03:55:49 -0700] "GET / HTTP/1.1" 200 10046 "https://www.google.com/" "Mozilla/5.0 (Windows NT 10.0; WOW64) AppleWebKit/537.36 (KHTML, like Gecko) Chrome/52.0.2743.116 Safari/537.36" 
178.162.216.38 - - [12/Aug/2016:03:55:49 -0700] "GET /twitter-icon.png HTTP/1.1" 200 27788 "http://www.secrepo.com/" "Mozilla/5.0 (Windows NT 10.0; WOW64) AppleWebKit/537.36 (KHTML, like Gecko) Chrome/52.0.2743.116 Safari/537.36" 
178.162.216.38 - - [12/Aug/2016:03:55:50 -0700] "GET /GitHub-Mark.png HTTP/1.1" 200 7428 "http://www.secrepo.com/" "Mozilla/5.0 (Windows NT 10.0; WOW64) AppleWebKit/537.36 (KHTML, like Gecko) Chrome/52.0.2743.116 Safari/537.36" 
178.162.216.38 - - [12/Aug/2016:03:55:51 -0700] "GET /bootstrap/img/favicon.ico HTTP/1.1" 200 589 "http://www.secrepo.com/" "Mozilla/5.0 (Windows NT 10.0; WOW64) AppleWebKit/537.36 (KHTML, like Gecko) Chrome/52.0.2743.116 Safari/537.36" 
111.7.128.40 - - [12/Aug/2016:04:08:21 -0700] "GET /tg/a.zip HTTP/1.1" 304 132 "-" "Mozilla/5.0 Gecko/20100115 Firefox/3.6" 
189.27.130.206 - - [12/Aug/2016:04:20:54 -0700] "GET / HTTP/1.1" 200 10046 "-" "Mozilla/5.0 (Windows NT 10.0; WOW64) AppleWebKit/537.36 (KHTML, like Gecko) Chrome/52.0.2743.116 Safari/537.36" 
66.249.64.63 - - [12/Aug/2016:04:21:07 -0700] "GET / HTTP/1.1" 200 10046 "-" "Mozilla/5.0 (compatible; Googlebot/2.1; +http://www.google.com/bot.html)" 
195.154.172.53 - - [12/Aug/2016:04:33:11 -0700] "GET / HTTP/1.1" 301 483 "-" "Mozilla/5.0 (X11; Linux x86_64) AppleWebKit/537.21 (KHTML, like Gecko) wpif Safari/537.21" 
195.154.172.59 - - [12/Aug/2016:04:33:21 -0700] "GET / HTTP/1.1" 301 483 "-" "Mozilla/5.0 (X11; Linux x86_64) AppleWebKit/537.21 (KHTML, like Gecko) wpif Safari/537.21" 
195.154.172.59 - - [12/Aug/2016:04:33:22 -0700] "GET / HTTP/1.1" 200 10046 "-" "Mozilla/5.0 (X11; Linux x86_64) AppleWebKit/537.21 (KHTML, like Gecko) wpif Safari/537.21" 
195.154.172.59 - - [12/Aug/2016:04:33:22 -0700] "GET /twitter-icon.png HTTP/1.1" 200 27787 "http://www.secrepo.com/" "Mozilla/5.0 (X11; Linux x86_64) AppleWebKit/537.21 (KHTML, like Gecko) wpif Safari/537.21" 
195.154.172.59 - - [12/Aug/2016:04:33:22 -0700] "GET /GitHub-Mark.png HTTP/1.1" 200 7428 "http://www.secrepo.com/" "Mozilla/5.0 (X11; Linux x86_64) AppleWebKit/537.21 (KHTML, like Gecko) wpif Safari/537.21" 
66.249.84.243 - - [12/Aug/2016:04:48:06 -0700] "GET / HTTP/1.1" 200 10046 "-" "Mozilla/5.0 (X11; Linux x86_64) AppleWebKit/537.36 (KHTML, like Gecko) Chrome/49.0.2623.75 Safari/537.36 Google Favicon" 
66.249.84.193 - - [12/Aug/2016:04:48:06 -0700] "GET /bootstrap/img/favicon.ico HTTP/1.1" 200 590 "-" "Mozilla/5.0 (X11; Linux x86_64) AppleWebKit/537.36 (KHTML, like Gecko) Chrome/49.0.2623.75 Safari/537.36 Google Favicon" 
104.238.169.58 - - [12/Aug/2016:04:48:54 -0700] "GET / HTTP/1.1" 200 10046 "-" "Mozilla/5.0 (Macintosh; Intel Mac OS X 10_11_6) AppleWebKit/601.7.7 (KHTML, like Gecko) Version/9.1.2 Safari/601.7.7" 
104.238.169.58 - - [12/Aug/2016:04:48:55 -0700] "GET /twitter-icon.png HTTP/1.1" 200 27787 "http://www.secrepo.com/" "Mozilla/5.0 (Macintosh; Intel Mac OS X 10_11_6) AppleWebKit/601.7.7 (KHTML, like Gecko) Version/9.1.2 Safari/601.7.7" 
104.238.169.58 - - [12/Aug/2016:04:48:55 -0700] "GET /GitHub-Mark.png HTTP/1.1" 200 7428 "http://www.secrepo.com/" "Mozilla/5.0 (Macintosh; Intel Mac OS X 10_11_6) AppleWebKit/601.7.7 (KHTML, like Gecko) Version/9.1.2 Safari/601.7.7" 
104.238.169.58 - - [12/Aug/2016:04:48:55 -0700] "GET /bootstrap/img/favicon.ico HTTP/1.1" 200 590 "http://www.secrepo.com/" "Mozilla/5.0 (Macintosh; Intel Mac OS X 10_11_6) AppleWebKit/601.7.7 (KHTML, like Gecko) Version/9.1.2 Safari/601.7.7" 
66.102.9.109 - - [12/Aug/2016:04:53:49 -0700] "GET / HTTP/1.1" 200 10046 "-" "Mozilla/5.0 (X11; Linux x86_64) AppleWebKit/537.36 (KHTML, like Gecko) Chrome/49.0.2623.75 Safari/537.36 Google Favicon" 
66.102.9.89 - - [12/Aug/2016:04:53:49 -0700] "GET /bootstrap/img/favicon.ico HTTP/1.1" 200 590 "-" "Mozilla/5.0 (X11; Linux x86_64) AppleWebKit/537.36 (KHTML, like Gecko) Chrome/49.0.2623.75 Safari/537.36 Google Favicon" 
5.9.63.149 - - [12/Aug/2016:05:02:34 -0700] "GET /robots.txt HTTP/1.0" 200 252 "-" "Mozilla/5.0 (compatible; MJ12bot/v1.4.5; http://www.majestic12.co.uk/bot.php?+)" 
5.9.63.149 - - [12/Aug/2016:05:02:35 -0700] "GET /self.logs/?C=N;O=D HTTP/1.0" 200 109846 "-" "Mozilla/5.0 (compatible; MJ12bot/v1.4.5; http://www.majestic12.co.uk/bot.php?+)" 
5.9.63.149 - - [12/Aug/2016:05:02:37 -0700] "GET /self.logs/?C=S;O=D HTTP/1.0" 200 13293 "-" "Mozilla/5.0 (compatible; MJ12bot/v1.4.5; http://www.majestic12.co.uk/bot.php?+)" 
180.76.15.144 - - [12/Aug/2016:05:19:00 -0700] "GET /honeypot/Honeypot%20-%20Howto.pdf HTTP/1.1" 200 1279381 "-" "Mozilla/5.0 (compatible; Baiduspider/2.0; +http://www.baidu.com/search/spider.html)" 
117.190.191.170 - - [12/Aug/2016:05:21:21 -0700] "GET /tg/a.zip HTTP/1.1" 304 132 "-" "Mozilla/5.0 Gecko/20100115 Firefox/3.6" 
14.115.136.100 - - [12/Aug/2016:05:43:36 -0700] "GET /honeypot/Honeypot HTTP/1.0" 404 295 "http://www.dc214.org/presentations" "Mozilla/4.04 [en] (X11; I; IRIX 5.3 IP22)" 
106.38.241.146 - - [12/Aug/2016:06:04:57 -0700] "GET / HTTP/1.1" 200 10009 "-" "Sogou web spider/4.0(+http://www.sogou.com/docs/help/webmasters.htm#07)" 
106.38.241.146 - - [12/Aug/2016:06:04:58 -0700] "GET /robots.txt HTTP/1.1" 200 252 "-" "Sogou web spider/4.0(+http://www.sogou.com/docs/help/webmasters.htm#07)" 
193.61.13.215 - - [12/Aug/2016:06:07:45 -0700] "GET /bootstrap/img/favicon.ico HTTP/1.1" 200 590 "http://www.scoop.it/t/everything-open" "Mozilla/5.0 (Windows NT 6.1; WOW64) AppleWebKit/537.36 (KHTML, like Gecko) Chrome/52.0.2743.116 Safari/537.36" 
157.55.39.205 - - [12/Aug/2016:06:10:16 -0700] "GET /self.logs/access.log.2015-07-15.gz HTTP/1.1" 200 4023 "-" "Mozilla/5.0 (compatible; bingbot/2.0; +http://www.bing.com/bingbot.htm)" 
172.99.78.104 - - [12/Aug/2016:06:21:43 -0700] "GET /robots.txt HTTP/1.1" 301 446 "-" "Tornado-Async-Client" 
172.99.78.104 - - [12/Aug/2016:06:21:43 -0700] "GET /robots.txt HTTP/1.1" 200 304 "-" "Tornado-Async-Client" 
172.99.78.104 - - [12/Aug/2016:06:21:43 -0700] "GET /honeypot/BSidesDFW%20-%202014.ipynb HTTP/1.1" 301 484 "-" "Tornado-Async-Client" 
172.99.78.104 - - [12/Aug/2016:06:21:43 -0700] "GET /honeypot/BSidesDFW%20-%202014.ipynb HTTP/1.1" 200 930780 "-" "Tornado-Async-Client" 
194.187.170.101 - - [12/Aug/2016:06:41:23 -0700] "GET /robots.txt HTTP/1.0" 200 297 "-" "Mozilla/5.0 (compatible; Qwantify/2.2w; +https://www.qwant.com/)/*" 
194.187.170.101 - - [12/Aug/2016:06:41:23 -0700] "GET / HTTP/1.0" 200 10009 "-" "Mozilla/5.0 (compatible; Qwantify/2.2w; +https://www.qwant.com/)/*" 
43.242.119.20 - - [12/Aug/2016:06:45:49 -0700] "GET /wp-login.php HTTP/1.1" 404 295 "-" "Mozilla/5.0 (Windows NT 6.1; WOW64; rv:40.0) Gecko/20100101 Firefox/40.1" 
43.242.119.20 - - [12/Aug/2016:06:45:49 -0700] "GET /wp-login.php HTTP/1.1" 404 294 "-" "Mozilla/5.0 (Windows NT 6.1; WOW64; rv:40.0) Gecko/20100101 Firefox/40.1" 
194.27.13.109 - - [12/Aug/2016:07:02:33 -0700] "GET / HTTP/1.1" 200 10046 "https://www.google.com.tr/" "Mozilla/5.0 (Windows NT 10.0; WOW64) AppleWebKit/537.36 (KHTML, like Gecko) Chrome/52.0.2743.116 Safari/537.36" 
194.27.13.109 - - [12/Aug/2016:07:02:33 -0700] "GET /twitter-icon.png HTTP/1.1" 200 27787 "http://www.secrepo.com/" "Mozilla/5.0 (Windows NT 10.0; WOW64) AppleWebKit/537.36 (KHTML, like Gecko) Chrome/52.0.2743.116 Safari/537.36" 
194.27.13.109 - - [12/Aug/2016:07:02:33 -0700] "GET /GitHub-Mark.png HTTP/1.1" 200 7428 "http://www.secrepo.com/" "Mozilla/5.0 (Windows NT 10.0; WOW64) AppleWebKit/537.36 (KHTML, like Gecko) Chrome/52.0.2743.116 Safari/537.36" 
111.7.128.40 - - [12/Aug/2016:07:08:23 -0700] "GET /tg/a.zip HTTP/1.1" 304 132 "-" "Mozilla/5.0 Gecko/20100115 Firefox/3.6" 
104.131.184.90 - - [12/Aug/2016:07:37:15 -0700] "GET /robots.txt HTTP/1.1" 301 465 "-" "Mozilla/5.0 (compatible; spbot/5.0.2; +http://OpenLinkProfiler.org/bot )" 
104.131.184.90 - - [12/Aug/2016:07:37:15 -0700] "GET /robots.txt HTTP/1.1" 200 297 "-" "Mozilla/5.0 (compatible; spbot/5.0.2; +http://OpenLinkProfiler.org/bot )" 
104.131.184.90 - - [12/Aug/2016:07:37:20 -0700] "GET / HTTP/1.1" 200 10009 "-" "Mozilla/5.0 (compatible; spbot/5.0.2; +http://OpenLinkProfiler.org/bot )" 
104.131.184.90 - - [12/Aug/2016:07:37:22 -0700] "GET / HTTP/1.1" 301 446 "http://www.secrepo.com/" "Mozilla/5.0 (compatible; spbot/5.0.2; +http://OpenLinkProfiler.org/bot )" 
104.131.184.90 - - [12/Aug/2016:07:37:26 -0700] "GET /data HTTP/1.1" 404 303 "http://www.secrepo.com/" "Mozilla/5.0 (compatible; spbot/5.0.2; +http://OpenLinkProfiler.org/bot )" 
104.131.184.90 - - [12/Aug/2016:07:37:31 -0700] "GET /self.logs/ HTTP/1.1" 200 11841 "http://www.secrepo.com/" "Mozilla/5.0 (compatible; spbot/5.0.2; +http://OpenLinkProfiler.org/bot )" 
104.131.184.90 - - [12/Aug/2016:07:37:36 -0700] "GET /self.logs/?C=N;O=D HTTP/1.1" 200 11866 "http://www.secrepo.com/self.logs/" "Mozilla/5.0 (compatible; spbot/5.0.2; +http://OpenLinkProfiler.org/bot )" 
104.131.184.90 - - [12/Aug/2016:07:37:40 -0700] "GET /self.logs/?C=D;O=A HTTP/1.1" 200 11841 "http://www.secrepo.com/self.logs/" "Mozilla/5.0 (compatible; spbot/5.0.2; +http://OpenLinkProfiler.org/bot )" 
104.131.184.90 - - [12/Aug/2016:07:37:46 -0700] "GET /self.logs/?C=S;O=A HTTP/1.1" 200 13309 "http://www.secrepo.com/self.logs/" "Mozilla/5.0 (compatible; spbot/5.0.2; +http://OpenLinkProfiler.org/bot )" 
104.131.184.90 - - [12/Aug/2016:07:37:51 -0700] "GET /self.logs/?C=M;O=A HTTP/1.1" 200 12146 "http://www.secrepo.com/self.logs/" "Mozilla/5.0 (compatible; spbot/5.0.2; +http://OpenLinkProfiler.org/bot )" 
104.131.184.90 - - [12/Aug/2016:07:37:56 -0700] "GET /self.logs/?C=N;O=A HTTP/1.1" 200 11841 "http://www.secrepo.com/self.logs/?C=N;O=D" "Mozilla/5.0 (compatible; spbot/5.0.2; +http://OpenLinkProfiler.org/bot )" 
104.131.184.90 - - [12/Aug/2016:07:38:00 -0700] "GET /self.logs/?C=D;O=D HTTP/1.1" 200 11866 "http://www.secrepo.com/self.logs/?C=D;O=A" "Mozilla/5.0 (compatible; spbot/5.0.2; +http://OpenLinkProfiler.org/bot )" 
104.131.184.90 - - [12/Aug/2016:07:38:06 -0700] "GET /self.logs/?C=S;O=D HTTP/1.1" 200 13342 "http://www.secrepo.com/self.logs/?C=S;O=A" "Mozilla/5.0 (compatible; spbot/5.0.2; +http://OpenLinkProfiler.org/bot )" 
104.131.184.90 - - [12/Aug/2016:07:38:11 -0700] "GET /self.logs/?C=M;O=D HTTP/1.1" 200 12120 "http://www.secrepo.com/self.logs/?C=M;O=A" "Mozilla/5.0 (compatible; spbot/5.0.2; +http://OpenLinkProfiler.org/bot )" 
104.131.184.90 - - [12/Aug/2016:07:38:16 -0700] "GET /self.logs/error.log.2016-01-22 HTTP/1.1" 200 297 "http://www.secrepo.com/self.logs/" "Mozilla/5.0 (compatible; spbot/5.0.2; +http://OpenLinkProfiler.org/bot )" 
157.55.39.205 - - [12/Aug/2016:07:46:30 -0700] "GET / HTTP/1.1" 301 483 "-" "Mozilla/5.0 (compatible; bingbot/2.0; +http://www.bing.com/bingbot.htm)" 
157.55.39.205 - - [12/Aug/2016:07:50:17 -0700] "GET / HTTP/1.1" 200 10046 "-" "Mozilla/5.0 (compatible; bingbot/2.0; +http://www.bing.com/bingbot.htm)" 
66.249.64.63 - - [12/Aug/2016:08:01:25 -0700] "GET / HTTP/1.1" 200 10046 "-" "Mozilla/5.0 (Linux; Android 6.0.1; Nexus 5X Build/MMB29P) AppleWebKit/537.36 (KHTML, like Gecko) Chrome/41.0.2272.96 Mobile Safari/537.36 (compatible; Googlebot/2.1; +http://www.google.com/bot.html)" 
183.160.184.52 - - [12/Aug/2016:08:15:04 -0700] "GET /honeypot/honeypot HTTP/1.0" 404 284 "http://www.secrepo.com/honeypot/honeypot" "Mozilla/4.0 (compatible; MSIE 6.0; Windows NT 5.1; SV1; .NET CLR 2.0.50727)" 
117.190.191.170 - - [12/Aug/2016:08:21:23 -0700] "GET /tg/a.zip HTTP/1.1" 304 132 "-" "Mozilla/5.0 Gecko/20100115 Firefox/3.6" 
72.21.196.64 - - [12/Aug/2016:08:26:40 -0700] "GET / HTTP/1.1" 200 10046 "http://www.mlsecproject.org/" "Mozilla/5.0 (Macintosh; Intel Mac OS X 10_11_6) AppleWebKit/537.36 (KHTML, like Gecko) Chrome/52.0.2743.116 Safari/537.36" 
72.21.196.64 - - [12/Aug/2016:08:26:40 -0700] "GET /twitter-icon.png HTTP/1.1" 200 27787 "http://www.secrepo.com/" "Mozilla/5.0 (Macintosh; Intel Mac OS X 10_11_6) AppleWebKit/537.36 (KHTML, like Gecko) Chrome/52.0.2743.116 Safari/537.36" 
72.21.196.64 - - [12/Aug/2016:08:26:40 -0700] "GET /GitHub-Mark.png HTTP/1.1" 200 7427 "http://www.secrepo.com/" "Mozilla/5.0 (Macintosh; Intel Mac OS X 10_11_6) AppleWebKit/537.36 (KHTML, like Gecko) Chrome/52.0.2743.116 Safari/537.36" 
72.21.196.64 - - [12/Aug/2016:08:26:41 -0700] "GET /bootstrap/img/favicon.ico HTTP/1.1" 200 589 "http://www.secrepo.com/" "Mozilla/5.0 (Macintosh; Intel Mac OS X 10_11_6) AppleWebKit/537.36 (KHTML, like Gecko) Chrome/52.0.2743.116 Safari/537.36" 
79.178.129.25 - - [12/Aug/2016:08:33:31 -0700] "GET / HTTP/1.1" 200 10046 "https://www.google.com/" "Mozilla/5.0 (Windows NT 10.0; WOW64) AppleWebKit/537.36 (KHTML, like Gecko) Chrome/52.0.2743.116 Safari/537.36" 
79.178.129.25 - - [12/Aug/2016:08:33:32 -0700] "GET /twitter-icon.png HTTP/1.1" 200 27787 "http://www.secrepo.com/" "Mozilla/5.0 (Windows NT 10.0; WOW64) AppleWebKit/537.36 (KHTML, like Gecko) Chrome/52.0.2743.116 Safari/537.36" 
79.178.129.25 - - [12/Aug/2016:08:33:32 -0700] "GET /GitHub-Mark.png HTTP/1.1" 200 7428 "http://www.secrepo.com/" "Mozilla/5.0 (Windows NT 10.0; WOW64) AppleWebKit/537.36 (KHTML, like Gecko) Chrome/52.0.2743.116 Safari/537.36" 
79.178.129.25 - - [12/Aug/2016:08:33:33 -0700] "GET /bootstrap/img/favicon.ico HTTP/1.1" 200 589 "http://www.secrepo.com/" "Mozilla/5.0 (Windows NT 10.0; WOW64) AppleWebKit/537.36 (KHTML, like Gecko) Chrome/52.0.2743.116 Safari/537.36" 
66.249.64.63 - - [12/Aug/2016:08:40:39 -0700] "GET / HTTP/1.1" 200 10046 "-" "Mozilla/5.0 (compatible; Googlebot/2.1; +http://www.google.com/bot.html)" 
178.32.12.113 - - [12/Aug/2016:08:46:54 -0700] "GET / HTTP/1.1" 200 10046 "http://www.secrepo.com/" "Mozilla/5.0 (Windows NT 6.1) AppleWebKit/537.36 (KHTML, like Gecko) Dragon/36.1.1.21 Chrome/36.0.1985.97 Safari/537.36" 
5.255.250.93 - - [12/Aug/2016:08:50:25 -0700] "GET /robots.txt HTTP/1.1" 200 289 "-" "Mozilla/5.0 (compatible; YandexBot/3.0; +http://yandex.com/bots)" 
5.255.250.54 - - [12/Aug/2016:08:50:25 -0700] "GET /robots.txt HTTP/1.1" 301 518 "-" "Mozilla/5.0 (compatible; YandexBot/3.0; +http://yandex.com/bots)" 
5.255.250.93 - - [12/Aug/2016:08:50:29 -0700] "GET / HTTP/1.1" 200 10046 "-" "Mozilla/5.0 (compatible; YandexBot/3.0; +http://yandex.com/bots)" 
5.255.250.54 - - [12/Aug/2016:08:50:29 -0700] "GET / HTTP/1.1" 301 483 "-" "Mozilla/5.0 (compatible; YandexBot/3.0; +http://yandex.com/bots)" 
192.243.55.129 - - [12/Aug/2016:09:01:05 -0700] "GET /self.logs/error.log.2015-01-17.gz HTTP/1.1" 200 1168 "-" "Mozilla/5.0 (compatible; SemrushBot/1.1~bl; +http://www.semrush.com/bot.html)" 
192.243.55.133 - - [12/Aug/2016:09:01:51 -0700] "GET /self.logs/error.log.2015-03-26.gz HTTP/1.1" 200 1096 "-" "Mozilla/5.0 (compatible; SemrushBot/1.1~bl; +http://www.semrush.com/bot.html)" 
192.243.55.138 - - [12/Aug/2016:09:02:18 -0700] "GET /self.logs/access.log.2015-10-15.gz HTTP/1.1" 200 9969 "-" "Mozilla/5.0 (compatible; SemrushBot/1.1~bl; +http://www.semrush.com/bot.html)" 
192.243.55.133 - - [12/Aug/2016:09:03:29 -0700] "GET /self.logs/error.log.2015-11-07.gz HTTP/1.1" 200 789 "-" "Mozilla/5.0 (compatible; SemrushBot/1.1~bl; +http://www.semrush.com/bot.html)" 
129.186.251.8 - - [12/Aug/2016:09:04:04 -0700] "GET / HTTP/1.1" 200 10046 "https://www.google.com/" "Mozilla/5.0 (Macintosh; Intel Mac OS X 10_11_6) AppleWebKit/537.36 (KHTML, like Gecko) Chrome/52.0.2743.116 Safari/537.36" 
129.186.251.8 - - [12/Aug/2016:09:04:04 -0700] "GET /GitHub-Mark.png HTTP/1.1" 200 7428 "http://www.secrepo.com/" "Mozilla/5.0 (Macintosh; Intel Mac OS X 10_11_6) AppleWebKit/537.36 (KHTML, like Gecko) Chrome/52.0.2743.116 Safari/537.36" 
129.186.251.8 - - [12/Aug/2016:09:04:04 -0700] "GET /twitter-icon.png HTTP/1.1" 200 27787 "http://www.secrepo.com/" "Mozilla/5.0 (Macintosh; Intel Mac OS X 10_11_6) AppleWebKit/537.36 (KHTML, like Gecko) Chrome/52.0.2743.116 Safari/537.36" 
129.186.251.8 - - [12/Aug/2016:09:04:05 -0700] "GET /bootstrap/img/favicon.ico HTTP/1.1" 200 589 "http://www.secrepo.com/" "Mozilla/5.0 (Macintosh; Intel Mac OS X 10_11_6) AppleWebKit/537.36 (KHTML, like Gecko) Chrome/52.0.2743.116 Safari/537.36" 
192.243.55.134 - - [12/Aug/2016:09:04:08 -0700] "GET /self.logs/access.log.2015-04-08.gz HTTP/1.1" 200 4063 "-" "Mozilla/5.0 (compatible; SemrushBot/1.1~bl; +http://www.semrush.com/bot.html)" 
66.249.89.3 - - [12/Aug/2016:09:04:18 -0700] "GET / HTTP/1.1" 200 10046 "-" "Mozilla/5.0 (X11; Linux x86_64) AppleWebKit/537.36 (KHTML, like Gecko) Chrome/49.0.2623.75 Safari/537.36 Google (+https://developers.google.com/+/web/snippet/)" 
192.243.55.136 - - [12/Aug/2016:09:04:40 -0700] "GET /self.logs/access.log.2016-01-12.gz HTTP/1.1" 200 7447 "-" "Mozilla/5.0 (compatible; SemrushBot/1.1~bl; +http://www.semrush.com/bot.html)" 
192.243.55.138 - - [12/Aug/2016:09:05:14 -0700] "GET /self.logs/access.log.2016-02-28.gz HTTP/1.1" 200 9396 "-" "Mozilla/5.0 (compatible; SemrushBot/1.1~bl; +http://www.semrush.com/bot.html)" 
129.186.251.8 - - [12/Aug/2016:09:05:45 -0700] "GET /honeypot/honeypot.json.zip HTTP/1.1" 200 4631873 "http://www.secrepo.com/" "Mozilla/5.0 (Macintosh; Intel Mac OS X 10_11_6) AppleWebKit/537.36 (KHTML, like Gecko) Chrome/52.0.2743.116 Safari/537.36" 
192.243.55.137 - - [12/Aug/2016:09:06:21 -0700] "GET /self.logs/error.log.2015-09-05.gz HTTP/1.1" 200 617 "-" "Mozilla/5.0 (compatible; SemrushBot/1.1~bl; +http://www.semrush.com/bot.html)" 
192.243.55.133 - - [12/Aug/2016:09:07:28 -0700] "GET /self.logs/error.log.2015-11-06.gz HTTP/1.1" 200 672 "-" "Mozilla/5.0 (compatible; SemrushBot/1.1~bl; +http://www.semrush.com/bot.html)" 
192.243.55.136 - - [12/Aug/2016:09:07:55 -0700] "GET /self.logs/access.log.2016-03-16.gz HTTP/1.1" 200 8188 "-" "Mozilla/5.0 (compatible; SemrushBot/1.1~bl; +http://www.semrush.com/bot.html)" 
192.243.55.134 - - [12/Aug/2016:09:08:35 -0700] "GET /self.logs/error.log.2016-03-31.gz HTTP/1.1" 200 849 "-" "Mozilla/5.0 (compatible; SemrushBot/1.1~bl; +http://www.semrush.com/bot.html)" 
209.13.181.150 - - [12/Aug/2016:09:09:18 -0700] "GET / HTTP/1.1" 200 10046 "-" "Mozilla/5.0 (iPhone; CPU iPhone OS 9_3_3 like Mac OS X) AppleWebKit/601.1.46 (KHTML, like Gecko) Version/9.0 Mobile/13G34 Safari/601.1" 
209.13.181.150 - - [12/Aug/2016:09:09:19 -0700] "GET /twitter-icon.png HTTP/1.1" 200 27787 "http://www.secrepo.com/" "Mozilla/5.0 (iPhone; CPU iPhone OS 9_3_3 like Mac OS X) AppleWebKit/601.1.46 (KHTML, like Gecko) Version/9.0 Mobile/13G34 Safari/601.1" 
209.13.181.150 - - [12/Aug/2016:09:09:19 -0700] "GET /GitHub-Mark.png HTTP/1.1" 200 7428 "http://www.secrepo.com/" "Mozilla/5.0 (iPhone; CPU iPhone OS 9_3_3 like Mac OS X) AppleWebKit/601.1.46 (KHTML, like Gecko) Version/9.0 Mobile/13G34 Safari/601.1" 
192.243.55.137 - - [12/Aug/2016:09:11:24 -0700] "GET /self.logs/access.log.2015-06-11.gz HTTP/1.1" 200 7984 "-" "Mozilla/5.0 (compatible; SemrushBot/1.1~bl; +http://www.semrush.com/bot.html)" 
192.243.55.135 - - [12/Aug/2016:09:11:49 -0700] "GET /self.logs/access.log.2016-02-16.gz HTTP/1.1" 200 7143 "-" "Mozilla/5.0 (compatible; SemrushBot/1.1~bl; +http://www.semrush.com/bot.html)" 
192.243.55.137 - - [12/Aug/2016:09:12:58 -0700] "GET /self.logs/access.log.2016-02-18.gz HTTP/1.1" 200 9787 "-" "Mozilla/5.0 (compatible; SemrushBot/1.1~bl; +http://www.semrush.com/bot.html)" 
192.243.55.137 - - [12/Aug/2016:09:13:31 -0700] "GET /self.logs/access.log.2015-07-22.gz HTTP/1.1" 200 4651 "-" "Mozilla/5.0 (compatible; SemrushBot/1.1~bl; +http://www.semrush.com/bot.html)" 
192.243.55.131 - - [12/Aug/2016:09:13:58 -0700] "GET /self.logs/error.log.2015-08-14.gz HTTP/1.1" 200 3179 "-" "Mozilla/5.0 (compatible; SemrushBot/1.1~bl; +http://www.semrush.com/bot.html)" 
192.243.55.130 - - [12/Aug/2016:09:14:24 -0700] "GET /self.logs/access.log.2015-05-23.gz HTTP/1.1" 200 3837 "-" "Mozilla/5.0 (compatible; SemrushBot/1.1~bl; +http://www.semrush.com/bot.html)" 
192.243.55.137 - - [12/Aug/2016:09:15:29 -0700] "GET /self.logs/error.log.2016-04-28.gz HTTP/1.1" 200 760 "-" "Mozilla/5.0 (compatible; SemrushBot/1.1~bl; +http://www.semrush.com/bot.html)" 
192.243.55.132 - - [12/Aug/2016:09:16:09 -0700] "GET /self.logs/error.log.2015-05-26.gz HTTP/1.1" 200 745 "-" "Mozilla/5.0 (compatible; SemrushBot/1.1~bl; +http://www.semrush.com/bot.html)" 
192.243.55.138 - - [12/Aug/2016:09:16:32 -0700] "GET /self.logs/access.log.2016-01-14.gz HTTP/1.1" 200 7832 "-" "Mozilla/5.0 (compatible; SemrushBot/1.1~bl; +http://www.semrush.com/bot.html)" 
192.243.55.130 - - [12/Aug/2016:09:21:23 -0700] "GET /self.logs/error.log.2015-01-24.gz HTTP/1.1" 200 882 "-" "Mozilla/5.0 (compatible; SemrushBot/1.1~bl; +http://www.semrush.com/bot.html)" 
192.243.55.135 - - [12/Aug/2016:09:21:55 -0700] "GET /self.logs/access.log.2015-10-12.gz HTTP/1.1" 200 7703 "-" "Mozilla/5.0 (compatible; SemrushBot/1.1~bl; +http://www.semrush.com/bot.html)" 
192.243.55.135 - - [12/Aug/2016:09:22:26 -0700] "GET /self.logs/error.log.2016-02-05.gz HTTP/1.1" 200 729 "-" "Mozilla/5.0 (compatible; SemrushBot/1.1~bl; +http://www.semrush.com/bot.html)" 
192.243.55.138 - - [12/Aug/2016:09:23:20 -0700] "GET /self.logs/access.log.2015-03-16.gz HTTP/1.1" 200 8132 "-" "Mozilla/5.0 (compatible; SemrushBot/1.1~bl; +http://www.semrush.com/bot.html)" 
192.243.55.129 - - [12/Aug/2016:09:24:16 -0700] "GET /self.logs/access.log.2015-04-15.gz HTTP/1.1" 200 20697 "-" "Mozilla/5.0 (compatible; SemrushBot/1.1~bl; +http://www.semrush.com/bot.html)" 
192.243.55.130 - - [12/Aug/2016:09:25:19 -0700] "GET /self.logs/error.log.2016-02-16.gz HTTP/1.1" 200 673 "-" "Mozilla/5.0 (compatible; SemrushBot/1.1~bl; +http://www.semrush.com/bot.html)" 
192.243.55.138 - - [12/Aug/2016:09:25:45 -0700] "GET /self.logs/access.log.2015-05-24.gz HTTP/1.1" 200 3572 "-" "Mozilla/5.0 (compatible; SemrushBot/1.1~bl; +http://www.semrush.com/bot.html)" 
192.243.55.134 - - [12/Aug/2016:09:26:13 -0700] "GET /self.logs/error.log.2015-09-29.gz HTTP/1.1" 200 635 "-" "Mozilla/5.0 (compatible; SemrushBot/1.1~bl; +http://www.semrush.com/bot.html)" 
192.243.55.133 - - [12/Aug/2016:09:27:19 -0700] "GET /self.logs/error.log.2015-09-26.gz HTTP/1.1" 200 666 "-" "Mozilla/5.0 (compatible; SemrushBot/1.1~bl; +http://www.semrush.com/bot.html)" 
192.243.55.135 - - [12/Aug/2016:09:27:31 -0700] "GET /self.logs/error.log.2015-11-12.gz HTTP/1.1" 200 1274 "-" "Mozilla/5.0 (compatible; SemrushBot/1.1~bl; +http://www.semrush.com/bot.html)" 
192.243.55.137 - - [12/Aug/2016:09:28:07 -0700] "GET /self.logs/access.log.2015-04-25.gz HTTP/1.1" 200 2821 "-" "Mozilla/5.0 (compatible; SemrushBot/1.1~bl; +http://www.semrush.com/bot.html)" 
192.243.55.136 - - [12/Aug/2016:09:28:23 -0700] "GET /self.logs/error.log.2015-04-20.gz HTTP/1.1" 200 927 "-" "Mozilla/5.0 (compatible; SemrushBot/1.1~bl; +http://www.semrush.com/bot.html)" 
192.243.55.129 - - [12/Aug/2016:09:29:24 -0700] "GET /self.logs/access.log.2015-04-18.gz HTTP/1.1" 200 5689 "-" "Mozilla/5.0 (compatible; SemrushBot/1.1~bl; +http://www.semrush.com/bot.html)" 
192.243.55.137 - - [12/Aug/2016:09:30:48 -0700] "GET /self.logs/error.log.2015-10-21.gz HTTP/1.1" 200 691 "-" "Mozilla/5.0 (compatible; SemrushBot/1.1~bl; +http://www.semrush.com/bot.html)" 
192.243.55.135 - - [12/Aug/2016:09:31:35 -0700] "GET /self.logs/error.log.2016-01-10.gz HTTP/1.1" 200 901 "-" "Mozilla/5.0 (compatible; SemrushBot/1.1~bl; +http://www.semrush.com/bot.html)" 
192.243.55.137 - - [12/Aug/2016:09:32:09 -0700] "GET /self.logs/access.log.2015-07-14.gz HTTP/1.1" 200 4517 "-" "Mozilla/5.0 (compatible; SemrushBot/1.1~bl; +http://www.semrush.com/bot.html)" 
192.243.55.138 - - [12/Aug/2016:09:33:02 -0700] "GET /self.logs/access.log.2016-01-20.gz HTTP/1.1" 200 10417 "-" "Mozilla/5.0 (compatible; SemrushBot/1.1~bl; +http://www.semrush.com/bot.html)" 
192.243.55.129 - - [12/Aug/2016:09:33:34 -0700] "GET /self.logs/error.log.2015-09-22.gz HTTP/1.1" 200 856 "-" "Mozilla/5.0 (compatible; SemrushBot/1.1~bl; +http://www.semrush.com/bot.html)" 
192.243.55.132 - - [12/Aug/2016:09:33:57 -0700] "GET /self.logs/error.log.2015-03-07.gz HTTP/1.1" 200 1049 "-" "Mozilla/5.0 (compatible; SemrushBot/1.1~bl; +http://www.semrush.com/bot.html)" 
70.197.2.99 - - [12/Aug/2016:09:35:39 -0700] "GET / HTTP/1.1" 200 10046 "https://www.google.com/" "Mozilla/5.0 (iPhone; CPU iPhone OS 9_3_4 like Mac OS X) AppleWebKit/601.1.46 (KHTML, like Gecko) Version/9.0 Mobile/13G35 Safari/601.1" 
70.197.2.99 - - [12/Aug/2016:09:35:39 -0700] "GET /twitter-icon.png HTTP/1.1" 200 27787 "http://www.secrepo.com/" "Mozilla/5.0 (iPhone; CPU iPhone OS 9_3_4 like Mac OS X) AppleWebKit/601.1.46 (KHTML, like Gecko) Version/9.0 Mobile/13G35 Safari/601.1" 
70.197.2.99 - - [12/Aug/2016:09:35:39 -0700] "GET /GitHub-Mark.png HTTP/1.1" 200 7428 "http://www.secrepo.com/" "Mozilla/5.0 (iPhone; CPU iPhone OS 9_3_4 like Mac OS X) AppleWebKit/601.1.46 (KHTML, like Gecko) Version/9.0 Mobile/13G35 Safari/601.1" 
192.243.55.137 - - [12/Aug/2016:09:35:51 -0700] "GET /self.logs/error.log.2015-06-20.gz HTTP/1.1" 200 563 "-" "Mozilla/5.0 (compatible; SemrushBot/1.1~bl; +http://www.semrush.com/bot.html)" 
192.243.55.138 - - [12/Aug/2016:09:36:16 -0700] "GET /self.logs/error.log.2016-03-24.gz HTTP/1.1" 200 764 "-" "Mozilla/5.0 (compatible; SemrushBot/1.1~bl; +http://www.semrush.com/bot.html)" 
199.59.148.210 - - [12/Aug/2016:09:36:20 -0700] "GET / HTTP/1.1" 200 9990 "-" "Twitterbot/1.0" 
50.18.94.121 - - [12/Aug/2016:09:36:21 -0700] "HEAD / HTTP/1.1" 200 295 "-" "Google-HTTP-Java-Client/1.17.0-rc (gzip)" 
50.18.94.121 - - [12/Aug/2016:09:36:21 -0700] "HEAD / HTTP/1.1" 200 295 "-" "Google-HTTP-Java-Client/1.17.0-rc (gzip)" 
17.142.159.143 - - [12/Aug/2016:09:36:21 -0700] "GET / HTTP/1.1" 200 10046 "-" "Mozilla/5.0 (Macintosh; Intel Mac OS X 10_10_1) AppleWebKit/600.2.5 (KHTML, like Gecko) Version/8.0.2 Safari/600.2.5 (Applebot/0.1; +http://www.apple.com/go/applebot)" 
52.22.16.190 - - [12/Aug/2016:09:36:22 -0700] "GET / HTTP/1.1" 200 10009 "-" "Mozilla/5.0 (Windows NT 6.3; WOW64; rv:33.0) Gecko/20100101 Firefox/33.0" 
52.19.163.13 - - [12/Aug/2016:09:36:33 -0700] "GET / HTTP/1.1" 200 33494 "-" "Mozilla/5.0 (Macintosh; Intel Mac OS X 10_11_3) AppleWebKit/537.36 (KHTML, like Gecko) Chrome/47.0.2526.111 Safari/537.36" 
144.76.23.85 - - [12/Aug/2016:09:36:40 -0700] "GET /robots.txt HTTP/1.1" 200 297 "-" "Mozilla/5.0 (X11; U; Linux i686; rv:1.7.3) Gecko/20040913 Firefox/0.10" 
144.76.23.85 - - [12/Aug/2016:09:36:40 -0700] "GET / HTTP/1.1" 200 10009 "-" "Mozilla/5.0 (X11; U; Linux i686; rv:1.7.3) Gecko/20040913 Firefox/0.10" 
192.243.55.131 - - [12/Aug/2016:09:36:49 -0700] "GET /self.logs/access.log.2015-07-23.gz HTTP/1.1" 200 4031 "-" "Mozilla/5.0 (compatible; SemrushBot/1.1~bl; +http://www.semrush.com/bot.html)" 
23.96.208.78 - - [12/Aug/2016:09:36:49 -0700] "GET / HTTP/1.1" 200 10046 "-" "Mozilla/5.0 (compatible; MSIE 10.0; Windows NT 6.1; Trident/6.0)" 
192.243.55.134 - - [12/Aug/2016:09:37:18 -0700] "GET /self.logs/access.log.2015-07-29.gz HTTP/1.1" 200 5026 "-" "Mozilla/5.0 (compatible; SemrushBot/1.1~bl; +http://www.semrush.com/bot.html)" 
192.243.55.136 - - [12/Aug/2016:09:37:33 -0700] "GET /self.logs/access.log.2015-09-16.gz HTTP/1.1" 200 5350 "-" "Mozilla/5.0 (compatible; SemrushBot/1.1~bl; +http://www.semrush.com/bot.html)" 
136.243.154.102 - - [12/Aug/2016:09:37:35 -0700] "HEAD / HTTP/1.1" 206 307 "-" "MetaURI API/2.0 +metauri.com" 
136.243.154.102 - - [12/Aug/2016:09:37:35 -0700] "GET / HTTP/1.1" 206 33517 "-" "MetaURI API/2.0 +metauri.com" 
96.244.235.132 - - [12/Aug/2016:09:37:49 -0700] "GET / HTTP/1.1" 200 10046 "https://t.co/FR4yResN1b" "Mozilla/5.0 (Windows NT 10.0; WOW64; rv:48.0) Gecko/20100101 Firefox/48.0" 
96.244.235.132 - - [12/Aug/2016:09:37:49 -0700] "GET /GitHub-Mark.png HTTP/1.1" 200 7427 "http://www.secrepo.com/" "Mozilla/5.0 (Windows NT 10.0; WOW64; rv:48.0) Gecko/20100101 Firefox/48.0" 
96.244.235.132 - - [12/Aug/2016:09:37:49 -0700] "GET /bootstrap/img/favicon.ico HTTP/1.1" 200 589 "-" "Mozilla/5.0 (Windows NT 10.0; WOW64; rv:48.0) Gecko/20100101 Firefox/48.0" 
54.165.230.219 - - [12/Aug/2016:09:38:08 -0700] "GET / HTTP/1.1" 200 33505 "-" "Mozilla/5.0 (compatible)" 
52.91.139.55 - - [12/Aug/2016:09:38:21 -0700] "HEAD / HTTP/1.1" 200 239 "-" "Jakarta Commons-HttpClient/3.0.1" 
192.243.55.129 - - [12/Aug/2016:09:38:29 -0700] "GET /self.logs/error.log.2015-09-09.gz HTTP/1.1" 200 831 "-" "Mozilla/5.0 (compatible; SemrushBot/1.1~bl; +http://www.semrush.com/bot.html)" 
70.197.2.99 - - [12/Aug/2016:09:38:52 -0700] "GET / HTTP/1.1" 200 10046 "https://t.co/FR4yResN1b" "Mozilla/5.0 (iPhone; CPU iPhone OS 9_3_4 like Mac OS X) AppleWebKit/601.1.46 (KHTML, like Gecko) Mobile/13G35 Twitter for iPhone" 
70.197.2.99 - - [12/Aug/2016:09:38:52 -0700] "GET /twitter-icon.png HTTP/1.1" 200 27788 "http://www.secrepo.com/" "Mozilla/5.0 (iPhone; CPU iPhone OS 9_3_4 like Mac OS X) AppleWebKit/601.1.46 (KHTML, like Gecko) Mobile/13G35 Twitter for iPhone" 
70.197.2.99 - - [12/Aug/2016:09:38:52 -0700] "GET /GitHub-Mark.png HTTP/1.1" 200 7428 "http://www.secrepo.com/" "Mozilla/5.0 (iPhone; CPU iPhone OS 9_3_4 like Mac OS X) AppleWebKit/601.1.46 (KHTML, like Gecko) Mobile/13G35 Twitter for iPhone" 
192.243.55.137 - - [12/Aug/2016:09:39:10 -0700] "GET /self.logs/error.log.2015-11-14.gz HTTP/1.1" 200 718 "-" "Mozilla/5.0 (compatible; SemrushBot/1.1~bl; +http://www.semrush.com/bot.html)" 
74.6.254.112 - - [12/Aug/2016:09:39:39 -0700] "HEAD / HTTP/1.1" 200 262 "-" "Mozilla/5.0 (compatible; Yahoo! Slurp; http://help.yahoo.com/help/us/ysearch/slurp)" 
192.243.55.132 - - [12/Aug/2016:09:39:43 -0700] "GET /self.logs/access.log.2016-01-10.gz HTTP/1.1" 200 7077 "-" "Mozilla/5.0 (compatible; SemrushBot/1.1~bl; +http://www.semrush.com/bot.html)" 
208.54.86.146 - - [12/Aug/2016:09:39:50 -0700] "GET / HTTP/1.1" 200 10046 "https://t.co/FR4yResN1b" "Mozilla/5.0 (iPhone; CPU iPhone OS 9_3_3 like Mac OS X) AppleWebKit/601.1.46 (KHTML, like Gecko) Mobile/13G34 Twitter for iPhone" 
208.54.86.146 - - [12/Aug/2016:09:39:51 -0700] "GET /twitter-icon.png HTTP/1.1" 200 27787 "http://www.secrepo.com/" "Mozilla/5.0 (iPhone; CPU iPhone OS 9_3_3 like Mac OS X) AppleWebKit/601.1.46 (KHTML, like Gecko) Mobile/13G34 Twitter for iPhone" 
208.54.86.146 - - [12/Aug/2016:09:39:51 -0700] "GET /GitHub-Mark.png HTTP/1.1" 200 7428 "http://www.secrepo.com/" "Mozilla/5.0 (iPhone; CPU iPhone OS 9_3_3 like Mac OS X) AppleWebKit/601.1.46 (KHTML, like Gecko) Mobile/13G34 Twitter for iPhone" 
172.56.16.83 - - [12/Aug/2016:09:39:54 -0700] "GET / HTTP/1.1" 200 10046 "-" "Mozilla/5.0 (iPhone; CPU iPhone OS 9_3_3 like Mac OS X) AppleWebKit/601.1.46 (KHTML, like Gecko) Version/9.0 Mobile/13G34 Safari/601.1" 
172.56.16.83 - - [12/Aug/2016:09:39:54 -0700] "GET /twitter-icon.png HTTP/1.1" 200 27787 "http://www.secrepo.com/" "Mozilla/5.0 (iPhone; CPU iPhone OS 9_3_3 like Mac OS X) AppleWebKit/601.1.46 (KHTML, like Gecko) Version/9.0 Mobile/13G34 Safari/601.1" 
172.56.16.83 - - [12/Aug/2016:09:39:55 -0700] "GET /GitHub-Mark.png HTTP/1.1" 200 7428 "http://www.secrepo.com/" "Mozilla/5.0 (iPhone; CPU iPhone OS 9_3_3 like Mac OS X) AppleWebKit/601.1.46 (KHTML, like Gecko) Version/9.0 Mobile/13G34 Safari/601.1" 
192.243.55.131 - - [12/Aug/2016:09:40:00 -0700] "GET /self.logs/access.log.2015-06-29.gz HTTP/1.1" 200 6228 "-" "Mozilla/5.0 (compatible; SemrushBot/1.1~bl; +http://www.semrush.com/bot.html)" 
192.243.55.137 - - [12/Aug/2016:09:40:28 -0700] "GET /self.logs/error.log.2016-01-29.gz HTTP/1.1" 200 632 "-" "Mozilla/5.0 (compatible; SemrushBot/1.1~bl; +http://www.semrush.com/bot.html)" 
192.243.55.135 - - [12/Aug/2016:09:40:52 -0700] "GET /self.logs/?C=M%3BO%3DA HTTP/1.1" 200 11841 "-" "Mozilla/5.0 (compatible; SemrushBot/1.1~bl; +http://www.semrush.com/bot.html)" 
74.6.254.112 - - [12/Aug/2016:09:40:56 -0700] "HEAD / HTTP/1.1" 200 262 "-" "Mozilla/5.0 (compatible; Yahoo! Slurp; http://help.yahoo.com/help/us/ysearch/slurp)" 
192.243.55.136 - - [12/Aug/2016:09:42:11 -0700] "GET /self.logs/error.log.2015-04-17.gz HTTP/1.1" 200 916 "-" "Mozilla/5.0 (compatible; SemrushBot/1.1~bl; +http://www.semrush.com/bot.html)" 
192.243.55.137 - - [12/Aug/2016:09:42:32 -0700] "GET /self.logs/error.log.2016-04-09.gz HTTP/1.1" 200 757 "-" "Mozilla/5.0 (compatible; SemrushBot/1.1~bl; +http://www.semrush.com/bot.html)" 
192.243.55.131 - - [12/Aug/2016:09:43:14 -0700] "GET /self.logs/access.log.2016-01-05.gz HTTP/1.1" 200 6202 "-" "Mozilla/5.0 (compatible; SemrushBot/1.1~bl; +http://www.semrush.com/bot.html)" 
151.80.31.155 - - [12/Aug/2016:09:43:37 -0700] "GET /robots.txt HTTP/1.1" 200 304 "-" "Mozilla/5.0 (compatible; AhrefsBot/5.1; +http://ahrefs.com/robot/)" 
192.243.55.138 - - [12/Aug/2016:09:43:38 -0700] "GET /self.logs/access.log.2016-01-21.gz HTTP/1.1" 200 5555 "-" "Mozilla/5.0 (compatible; SemrushBot/1.1~bl; +http://www.semrush.com/bot.html)" 
164.132.161.89 - - [12/Aug/2016:09:43:45 -0700] "GET /self.logs/access.log.2016-04-02.gz HTTP/1.1" 200 19966 "-" "Mozilla/5.0 (compatible; AhrefsBot/5.1; +http://ahrefs.com/robot/)" 
192.243.55.136 - - [12/Aug/2016:09:44:04 -0700] "GET /self.logs/error.log.2015-09-19.gz HTTP/1.1" 200 1166 "-" "Mozilla/5.0 (compatible; SemrushBot/1.1~bl; +http://www.semrush.com/bot.html)" 
192.243.55.132 - - [12/Aug/2016:09:44:30 -0700] "GET /self.logs/error.log.2015-10-07.gz HTTP/1.1" 200 866 "-" "Mozilla/5.0 (compatible; SemrushBot/1.1~bl; +http://www.semrush.com/bot.html)" 
64.183.181.130 - - [12/Aug/2016:09:44:33 -0700] "GET / HTTP/1.1" 200 10046 "https://t.co/FR4yResN1b" "Mozilla/5.0 (Windows NT 10.0; WOW64; rv:47.0) Gecko/20100101 Firefox/47.0" 
64.183.181.130 - - [12/Aug/2016:09:44:33 -0700] "GET /bootstrap/img/favicon.ico HTTP/1.1" 200 589 "-" "Mozilla/5.0 (Windows NT 10.0; WOW64; rv:47.0) Gecko/20100101 Firefox/47.0" 
64.183.181.130 - - [12/Aug/2016:09:44:33 -0700] "GET /twitter-icon.png HTTP/1.1" 200 27787 "http://www.secrepo.com/" "Mozilla/5.0 (Windows NT 10.0; WOW64; rv:47.0) Gecko/20100101 Firefox/47.0" 
64.183.181.130 - - [12/Aug/2016:09:44:33 -0700] "GET /GitHub-Mark.png HTTP/1.1" 200 7428 "http://www.secrepo.com/" "Mozilla/5.0 (Windows NT 10.0; WOW64; rv:47.0) Gecko/20100101 Firefox/47.0" 
192.243.55.133 - - [12/Aug/2016:09:45:02 -0700] "GET /self.logs/error.log.2015-06-27.gz HTTP/1.1" 200 914 "-" "Mozilla/5.0 (compatible; SemrushBot/1.1~bl; +http://www.semrush.com/bot.html)" 
192.243.55.136 - - [12/Aug/2016:09:45:07 -0700] "GET /self.logs/access.log.2015-09-01.gz HTTP/1.1" 200 10500 "-" "Mozilla/5.0 (compatible; SemrushBot/1.1~bl; +http://www.semrush.com/bot.html)" 
192.243.55.129 - - [12/Aug/2016:09:46:14 -0700] "GET /self.logs/error.log.2015-06-23.gz HTTP/1.1" 200 1175 "-" "Mozilla/5.0 (compatible; SemrushBot/1.1~bl; +http://www.semrush.com/bot.html)" 
67.139.42.219 - - [12/Aug/2016:09:47:08 -0700] "GET / HTTP/1.1" 301 483 "-" "Mozilla/5.0 (Windows NT 6.1; Win64; x64) AppleWebKit/537.36 (KHTML, like Gecko) Chrome/52.0.2743.116 Safari/537.36" 
67.139.42.219 - - [12/Aug/2016:09:47:08 -0700] "GET / HTTP/1.1" 200 10046 "-" "Mozilla/5.0 (Windows NT 6.1; Win64; x64) AppleWebKit/537.36 (KHTML, like Gecko) Chrome/52.0.2743.116 Safari/537.36" 
67.139.42.219 - - [12/Aug/2016:09:47:09 -0700] "GET /twitter-icon.png HTTP/1.1" 200 27787 "http://www.secrepo.com/" "Mozilla/5.0 (Windows NT 6.1; Win64; x64) AppleWebKit/537.36 (KHTML, like Gecko) Chrome/52.0.2743.116 Safari/537.36" 
67.139.42.219 - - [12/Aug/2016:09:47:09 -0700] "GET /GitHub-Mark.png HTTP/1.1" 200 7428 "http://www.secrepo.com/" "Mozilla/5.0 (Windows NT 6.1; Win64; x64) AppleWebKit/537.36 (KHTML, like Gecko) Chrome/52.0.2743.116 Safari/537.36" 
67.139.42.219 - - [12/Aug/2016:09:47:10 -0700] "GET /bootstrap/img/favicon.ico HTTP/1.1" 200 589 "http://www.secrepo.com/" "Mozilla/5.0 (Windows NT 6.1; Win64; x64) AppleWebKit/537.36 (KHTML, like Gecko) Chrome/52.0.2743.116 Safari/537.36" 
192.243.55.134 - - [12/Aug/2016:09:48:04 -0700] "GET /self.logs/error.log.2016-01-20.gz HTTP/1.1" 200 934 "-" "Mozilla/5.0 (compatible; SemrushBot/1.1~bl; +http://www.semrush.com/bot.html)" 
192.243.55.136 - - [12/Aug/2016:09:48:15 -0700] "GET /self.logs/access.log.2015-02-06.gz HTTP/1.1" 200 2842 "-" "Mozilla/5.0 (compatible; SemrushBot/1.1~bl; +http://www.semrush.com/bot.html)" 
192.243.55.133 - - [12/Aug/2016:09:49:10 -0700] "GET /self.logs/error.log.2015-11-25.gz HTTP/1.1" 200 666 "-" "Mozilla/5.0 (compatible; SemrushBot/1.1~bl; +http://www.semrush.com/bot.html)" 
192.243.55.129 - - [12/Aug/2016:09:49:50 -0700] "GET /honeypot/BSidesDFW%20-%202014.ipynb HTTP/1.1" 200 119720 "-" "Mozilla/5.0 (compatible; SemrushBot/1.1~bl; +http://www.semrush.com/bot.html)" 
192.243.55.131 - - [12/Aug/2016:09:51:00 -0700] "GET /self.logs/error.log.2016-03-28.gz HTTP/1.1" 200 899 "-" "Mozilla/5.0 (compatible; SemrushBot/1.1~bl; +http://www.semrush.com/bot.html)" 
24.246.15.137 - - [12/Aug/2016:09:51:02 -0700] "GET / HTTP/1.1" 200 10046 "https://t.co/FR4yResN1b" "Mozilla/5.0 (Macintosh; Intel Mac OS X 10_11_6) AppleWebKit/537.36 (KHTML, like Gecko) Chrome/52.0.2743.116 Safari/537.36" 
24.246.15.137 - - [12/Aug/2016:09:51:02 -0700] "GET /twitter-icon.png HTTP/1.1" 200 27787 "http://www.secrepo.com/" "Mozilla/5.0 (Macintosh; Intel Mac OS X 10_11_6) AppleWebKit/537.36 (KHTML, like Gecko) Chrome/52.0.2743.116 Safari/537.36" 
24.246.15.137 - - [12/Aug/2016:09:51:02 -0700] "GET /GitHub-Mark.png HTTP/1.1" 200 7428 "http://www.secrepo.com/" "Mozilla/5.0 (Macintosh; Intel Mac OS X 10_11_6) AppleWebKit/537.36 (KHTML, like Gecko) Chrome/52.0.2743.116 Safari/537.36" 
24.246.15.137 - - [12/Aug/2016:09:51:02 -0700] "GET /bootstrap/img/favicon.ico HTTP/1.1" 200 589 "http://www.secrepo.com/" "Mozilla/5.0 (Macintosh; Intel Mac OS X 10_11_6) AppleWebKit/537.36 (KHTML, like Gecko) Chrome/52.0.2743.116 Safari/537.36" 
192.243.55.130 - - [12/Aug/2016:09:51:20 -0700] "GET /self.logs/access.log.2016-03-20.gz HTTP/1.1" 200 6816 "-" "Mozilla/5.0 (compatible; SemrushBot/1.1~bl; +http://www.semrush.com/bot.html)" 
192.243.55.131 - - [12/Aug/2016:09:52:16 -0700] "GET /self.logs/error.log.2015-04-23.gz HTTP/1.1" 200 794 "-" "Mozilla/5.0 (compatible; SemrushBot/1.1~bl; +http://www.semrush.com/bot.html)" 
50.206.82.151 - - [12/Aug/2016:09:52:50 -0700] "GET / HTTP/1.1" 200 10046 "https://t.co/FR4yResN1b" "Mozilla/5.0 (Macintosh; Intel Mac OS X 10_11_6) AppleWebKit/537.36 (KHTML, like Gecko) Chrome/51.0.2704.103 Safari/537.36" 
50.206.82.151 - - [12/Aug/2016:09:52:52 -0700] "GET /twitter-icon.png HTTP/1.1" 200 27787 "http://www.secrepo.com/" "Mozilla/5.0 (Macintosh; Intel Mac OS X 10_11_6) AppleWebKit/537.36 (KHTML, like Gecko) Chrome/51.0.2704.103 Safari/537.36" 
50.206.82.151 - - [12/Aug/2016:09:52:52 -0700] "GET /GitHub-Mark.png HTTP/1.1" 200 7428 "http://www.secrepo.com/" "Mozilla/5.0 (Macintosh; Intel Mac OS X 10_11_6) AppleWebKit/537.36 (KHTML, like Gecko) Chrome/51.0.2704.103 Safari/537.36" 
50.206.82.151 - - [12/Aug/2016:09:52:52 -0700] "GET /bootstrap/img/favicon.ico HTTP/1.1" 200 589 "http://www.secrepo.com/" "Mozilla/5.0 (Macintosh; Intel Mac OS X 10_11_6) AppleWebKit/537.36 (KHTML, like Gecko) Chrome/51.0.2704.103 Safari/537.36" 
192.243.55.134 - - [12/Aug/2016:09:53:01 -0700] "GET /self.logs/error.log.2015-06-13.gz HTTP/1.1" 200 565 "-" "Mozilla/5.0 (compatible; SemrushBot/1.1~bl; +http://www.semrush.com/bot.html)" 
192.243.55.135 - - [12/Aug/2016:09:53:22 -0700] "GET /self.logs/access.log.2016-03-02.gz HTTP/1.1" 200 8448 "-" "Mozilla/5.0 (compatible; SemrushBot/1.1~bl; +http://www.semrush.com/bot.html)" 
128.135.100.105 - - [12/Aug/2016:09:54:20 -0700] "GET / HTTP/1.1" 200 10046 "https://t.co/FR4yResN1b" "Mozilla/5.0 (iPhone; CPU iPhone OS 9_3_4 like Mac OS X) AppleWebKit/601.1.46 (KHTML, like Gecko) Mobile/13G35 Twitter for iPhone" 
128.135.100.105 - - [12/Aug/2016:09:54:20 -0700] "GET /twitter-icon.png HTTP/1.1" 200 27787 "http://www.secrepo.com/" "Mozilla/5.0 (iPhone; CPU iPhone OS 9_3_4 like Mac OS X) AppleWebKit/601.1.46 (KHTML, like Gecko) Mobile/13G35 Twitter for iPhone" 
128.135.100.105 - - [12/Aug/2016:09:54:20 -0700] "GET /GitHub-Mark.png HTTP/1.1" 200 7428 "http://www.secrepo.com/" "Mozilla/5.0 (iPhone; CPU iPhone OS 9_3_4 like Mac OS X) AppleWebKit/601.1.46 (KHTML, like Gecko) Mobile/13G35 Twitter for iPhone" 
192.243.55.130 - - [12/Aug/2016:09:54:30 -0700] "GET /self.logs/access.log.2016-06-12.gz HTTP/1.1" 200 13536 "-" "Mozilla/5.0 (compatible; SemrushBot/1.1~bl; +http://www.semrush.com/bot.html)" 
190.113.208.86 - - [12/Aug/2016:09:54:44 -0700] "GET / HTTP/1.1" 200 10046 "https://t.co/FR4yResN1b" "Mozilla/5.0 (Linux; Android 5.1.1; E6603 Build/32.0.A.4.11) AppleWebKit/537.36 (KHTML, like Gecko) Chrome/52.0.2743.98 Mobile Safari/537.36" 
190.113.208.86 - - [12/Aug/2016:09:54:46 -0700] "GET /twitter-icon.png HTTP/1.1" 200 27787 "http://www.secrepo.com/" "Mozilla/5.0 (Linux; Android 5.1.1; E6603 Build/32.0.A.4.11) AppleWebKit/537.36 (KHTML, like Gecko) Chrome/52.0.2743.98 Mobile Safari/537.36" 
190.113.208.86 - - [12/Aug/2016:09:54:46 -0700] "GET /GitHub-Mark.png HTTP/1.1" 200 7428 "http://www.secrepo.com/" "Mozilla/5.0 (Linux; Android 5.1.1; E6603 Build/32.0.A.4.11) AppleWebKit/537.36 (KHTML, like Gecko) Chrome/52.0.2743.98 Mobile Safari/537.36" 
190.113.208.86 - - [12/Aug/2016:09:54:47 -0700] "GET /bootstrap/img/favicon.ico HTTP/1.1" 200 589 "http://www.secrepo.com/" "Mozilla/5.0 (Linux; Android 5.1.1; E6603 Build/32.0.A.4.11) AppleWebKit/537.36 (KHTML, like Gecko) Chrome/52.0.2743.98 Mobile Safari/537.36" 
192.243.55.131 - - [12/Aug/2016:09:54:48 -0700] "GET /self.logs/error.log.2016-01-24.gz HTTP/1.1" 200 668 "-" "Mozilla/5.0 (compatible; SemrushBot/1.1~bl; +http://www.semrush.com/bot.html)" 
192.243.55.137 - - [12/Aug/2016:09:55:18 -0700] "GET /self.logs/access.log.2016-01-24.gz HTTP/1.1" 200 6232 "-" "Mozilla/5.0 (compatible; SemrushBot/1.1~bl; +http://www.semrush.com/bot.html)" 
192.243.55.131 - - [12/Aug/2016:09:56:06 -0700] "GET /self.logs/error.log.2015-10-23.gz HTTP/1.1" 200 755 "-" "Mozilla/5.0 (compatible; SemrushBot/1.1~bl; +http://www.semrush.com/bot.html)" 
192.243.55.131 - - [12/Aug/2016:09:56:32 -0700] "GET /self.logs/error.log.2015-12-07.gz HTTP/1.1" 200 546 "-" "Mozilla/5.0 (compatible; SemrushBot/1.1~bl; +http://www.semrush.com/bot.html)" 
192.243.55.138 - - [12/Aug/2016:09:57:07 -0700] "GET /self.logs/access.log.2016-05-03.gz HTTP/1.1" 200 8727 "-" "Mozilla/5.0 (compatible; SemrushBot/1.1~bl; +http://www.semrush.com/bot.html)" 
192.243.55.134 - - [12/Aug/2016:09:57:12 -0700] "GET /self.logs/error.log.2015-07-10.gz HTTP/1.1" 200 866 "-" "Mozilla/5.0 (compatible; SemrushBot/1.1~bl; +http://www.semrush.com/bot.html)" 
54.202.88.0 - - [12/Aug/2016:09:57:58 -0700] "GET / HTTP/1.1" 200 9990 "-" "Mozilla/5.0 (Macintosh; Intel Mac OS X 10_7_3) AppleWebKit/534.55.3 (KHTML, like Gecko) Version/5.1.3 Safari/534.53.10" 
52.12.138.36 - - [12/Aug/2016:09:57:59 -0700] "GET / HTTP/1.1" 200 9990 "-" "Mozilla/5.0 (Macintosh; Intel Mac OS X 10_7_3) AppleWebKit/534.55.3 (KHTML, like Gecko) Version/5.1.3 Safari/534.53.10" 
192.243.55.138 - - [12/Aug/2016:09:58:12 -0700] "GET /self.logs/error.log.2016-02-23.gz HTTP/1.1" 200 801 "-" "Mozilla/5.0 (compatible; SemrushBot/1.1~bl; +http://www.semrush.com/bot.html)" 
192.243.55.134 - - [12/Aug/2016:09:58:37 -0700] "GET /self.logs/access.log.2015-09-25.gz HTTP/1.1" 200 12376 "-" "Mozilla/5.0 (compatible; SemrushBot/1.1~bl; +http://www.semrush.com/bot.html)" 
192.243.55.129 - - [12/Aug/2016:09:59:26 -0700] "GET /self.logs/access.log.2016-03-27.gz HTTP/1.1" 200 7396 "-" "Mozilla/5.0 (compatible; SemrushBot/1.1~bl; +http://www.semrush.com/bot.html)" 
192.243.55.137 - - [12/Aug/2016:09:59:31 -0700] "GET /self.logs/error.log.2015-05-04.gz HTTP/1.1" 200 716 "-" "Mozilla/5.0 (compatible; SemrushBot/1.1~bl; +http://www.semrush.com/bot.html)" 
192.243.55.132 - - [12/Aug/2016:10:00:13 -0700] "GET /self.logs/access.log.2016-05-31.gz HTTP/1.1" 200 10112 "-" "Mozilla/5.0 (compatible; SemrushBot/1.1~bl; +http://www.semrush.com/bot.html)" 
192.243.55.137 - - [12/Aug/2016:10:02:36 -0700] "GET /self.logs/access.log.2015-05-31.gz HTTP/1.1" 200 4993 "-" "Mozilla/5.0 (compatible; SemrushBot/1.1~bl; +http://www.semrush.com/bot.html)" 
192.243.55.131 - - [12/Aug/2016:10:03:33 -0700] "GET /self.logs/error.log.2015-06-09.gz HTTP/1.1" 200 762 "-" "Mozilla/5.0 (compatible; SemrushBot/1.1~bl; +http://www.semrush.com/bot.html)" 
192.243.55.135 - - [12/Aug/2016:10:04:07 -0700] "GET /self.logs/error.log.2015-09-12.gz HTTP/1.1" 200 578 "-" "Mozilla/5.0 (compatible; SemrushBot/1.1~bl; +http://www.semrush.com/bot.html)" 
192.243.55.133 - - [12/Aug/2016:10:05:18 -0700] "GET /self.logs/access.log.2015-03-24.gz HTTP/1.1" 200 4960 "-" "Mozilla/5.0 (compatible; SemrushBot/1.1~bl; +http://www.semrush.com/bot.html)" 
192.243.55.129 - - [12/Aug/2016:10:05:48 -0700] "GET /self.logs/error.log.2015-12-11.gz HTTP/1.1" 200 677 "-" "Mozilla/5.0 (compatible; SemrushBot/1.1~bl; +http://www.semrush.com/bot.html)" 
192.243.55.134 - - [12/Aug/2016:10:07:34 -0700] "GET /self.logs/access.log.2016-01-27.gz HTTP/1.1" 200 7640 "-" "Mozilla/5.0 (compatible; SemrushBot/1.1~bl; +http://www.semrush.com/bot.html)" 
192.243.55.129 - - [12/Aug/2016:10:08:02 -0700] "GET /self.logs/error.log.2015-07-22.gz HTTP/1.1" 200 713 "-" "Mozilla/5.0 (compatible; SemrushBot/1.1~bl; +http://www.semrush.com/bot.html)" 
111.7.128.40 - - [12/Aug/2016:10:08:25 -0700] "GET /tg/a.zip HTTP/1.1" 304 132 "-" "Mozilla/5.0 Gecko/20100115 Firefox/3.6" 
192.243.55.130 - - [12/Aug/2016:10:09:44 -0700] "GET /self.logs/error.log.2016-06-07.gz HTTP/1.1" 200 865 "-" "Mozilla/5.0 (compatible; SemrushBot/1.1~bl; +http://www.semrush.com/bot.html)" 
144.160.226.92 - - [12/Aug/2016:10:09:52 -0700] "GET / HTTP/1.1" 200 10046 "-" "Mozilla/5.0 (Windows NT 6.1; WOW64; rv:45.0) Gecko/20100101 Firefox/45.0" 
192.243.55.138 - - [12/Aug/2016:10:10:06 -0700] "GET /self.logs/access.log.2016-02-06.gz HTTP/1.1" 200 5737 "-" "Mozilla/5.0 (compatible; SemrushBot/1.1~bl; +http://www.semrush.com/bot.html)" 
192.243.55.136 - - [12/Aug/2016:10:10:54 -0700] "GET /honeypot/Honeypot%20-%20Howto.pdf HTTP/1.1" 200 64240 "-" "Mozilla/5.0 (compatible; SemrushBot/1.1~bl; +http://www.semrush.com/bot.html)" 
192.243.55.129 - - [12/Aug/2016:10:11:24 -0700] "GET /self.logs/error.log.2015-05-10.gz HTTP/1.1" 200 974 "-" "Mozilla/5.0 (compatible; SemrushBot/1.1~bl; +http://www.semrush.com/bot.html)" 
192.243.55.130 - - [12/Aug/2016:10:12:33 -0700] "GET /self.logs/access.log.2015-09-23.gz HTTP/1.1" 200 5775 "-" "Mozilla/5.0 (compatible; SemrushBot/1.1~bl; +http://www.semrush.com/bot.html)" 
192.243.55.132 - - [12/Aug/2016:10:13:54 -0700] "GET /self.logs/error.log.2015-07-03.gz HTTP/1.1" 200 673 "-" "Mozilla/5.0 (compatible; SemrushBot/1.1~bl; +http://www.semrush.com/bot.html)" 
164.132.161.46 - - [12/Aug/2016:10:14:50 -0700] "GET /self.logs/error.log.2015-05-05.gz HTTP/1.1" 200 630 "-" "Mozilla/5.0 (compatible; AhrefsBot/5.1; +http://ahrefs.com/robot/)" 
180.153.186.189 - - [12/Aug/2016:10:15:04 -0700] "GET / HTTP/1.1" 200 10046 "http://www.secrepo.com/" "Mozilla/5.0 (compatible; MSIE 9.0; Windows NT 6.1; Trident/5.0); 360Spider" 
192.243.55.130 - - [12/Aug/2016:10:15:33 -0700] "GET /self.logs/error.log.2015-08-03.gz HTTP/1.1" 200 686 "-" "Mozilla/5.0 (compatible; SemrushBot/1.1~bl; +http://www.semrush.com/bot.html)" 
192.243.55.137 - - [12/Aug/2016:10:16:04 -0700] "GET /self.logs/access.log.2016-05-30.gz HTTP/1.1" 200 9718 "-" "Mozilla/5.0 (compatible; SemrushBot/1.1~bl; +http://www.semrush.com/bot.html)" 
192.243.55.132 - - [12/Aug/2016:10:17:20 -0700] "GET /self.logs/access.log.2015-12-16.gz HTTP/1.1" 200 7839 "-" "Mozilla/5.0 (compatible; SemrushBot/1.1~bl; +http://www.semrush.com/bot.html)" 
192.243.55.134 - - [12/Aug/2016:10:17:43 -0700] "GET /self.logs/error.log.2015-07-11.gz HTTP/1.1" 200 914 "-" "Mozilla/5.0 (compatible; SemrushBot/1.1~bl; +http://www.semrush.com/bot.html)" 
192.243.55.134 - - [12/Aug/2016:10:18:25 -0700] "GET /self.logs/access.log.2015-09-12.gz HTTP/1.1" 200 4054 "-" "Mozilla/5.0 (compatible; SemrushBot/1.1~bl; +http://www.semrush.com/bot.html)" 
164.132.161.63 - - [12/Aug/2016:10:18:42 -0700] "GET /self.logs/access.log.2015-06-03.gz HTTP/1.1" 200 3344 "-" "Mozilla/5.0 (compatible; AhrefsBot/5.1; +http://ahrefs.com/robot/)" 
192.243.55.135 - - [12/Aug/2016:10:18:54 -0700] "GET /self.logs/error.log.2016-04-20.gz HTTP/1.1" 200 780 "-" "Mozilla/5.0 (compatible; SemrushBot/1.1~bl; +http://www.semrush.com/bot.html)" 
