125.71.229.183 - - [23/Jul/2017:18:08:31 -0700] "GET /Security-Data-Analysis/Lab_1/conn.log.zip HTTP/1.1" 206 389490 "-" "Mozilla/4.0 (compatible; MSIE 7.0; Windows NT 6.2; WOW64; Trident/7.0; .NET4.0E; .NET4.0C; .NET CLR 3.5.30729; .NET CLR 2.0.50727; .NET CLR 3.0.30729)" 
125.71.229.183 - - [23/Jul/2017:18:08:30 -0700] "GET /Security-Data-Analysis/Lab_1/conn.log.zip HTTP/1.1" 206 389490 "-" "Mozilla/4.0 (compatible; MSIE 7.0; Windows NT 6.2; WOW64; Trident/7.0; .NET4.0E; .NET4.0C; .NET CLR 3.5.30729; .NET CLR 2.0.50727; .NET CLR 3.0.30729)" 
125.71.229.183 - - [23/Jul/2017:18:08:47 -0700] "GET /Security-Data-Analysis/Lab_1/conn.log.zip HTTP/1.1" 206 235890 "-" "Mozilla/4.0 (compatible; MSIE 7.0; Windows NT 6.2; WOW64; Trident/7.0; .NET4.0E; .NET4.0C; .NET CLR 3.5.30729; .NET CLR 2.0.50727; .NET CLR 3.0.30729)" 
125.71.229.183 - - [23/Jul/2017:18:08:56 -0700] "GET /Security-Data-Analysis/Lab_1/conn.log.zip HTTP/1.1" 206 92530 "-" "Mozilla/4.0 (compatible; MSIE 7.0; Windows NT 6.2; WOW64; Trident/7.0; .NET4.0E; .NET4.0C; .NET CLR 3.5.30729; .NET CLR 2.0.50727; .NET CLR 3.0.30729)" 
125.71.229.183 - - [23/Jul/2017:18:09:01 -0700] "GET /Security-Data-Analysis/Lab_1/conn.log.zip HTTP/1.1" 206 102771 "-" "Mozilla/4.0 (compatible; MSIE 7.0; Windows NT 6.2; WOW64; Trident/7.0; .NET4.0E; .NET4.0C; .NET CLR 3.5.30729; .NET CLR 2.0.50727; .NET CLR 3.0.30729)" 
125.71.229.183 - - [23/Jul/2017:18:08:58 -0700] "GET /Security-Data-Analysis/Lab_1/conn.log.zip HTTP/1.1" 206 256370 "-" "Mozilla/4.0 (compatible; MSIE 7.0; Windows NT 6.2; WOW64; Trident/7.0; .NET4.0E; .NET4.0C; .NET CLR 3.5.30729; .NET CLR 2.0.50727; .NET CLR 3.0.30729)" 
125.71.229.183 - - [23/Jul/2017:18:09:06 -0700] "GET /Security-Data-Analysis/Lab_1/conn.log.zip HTTP/1.1" 206 266611 "-" "Mozilla/4.0 (compatible; MSIE 7.0; Windows NT 6.2; WOW64; Trident/7.0; .NET4.0E; .NET4.0C; .NET CLR 3.5.30729; .NET CLR 2.0.50727; .NET CLR 3.0.30729)" 
125.71.229.183 - - [23/Jul/2017:18:09:11 -0700] "GET /Security-Data-Analysis/Lab_1/conn.log.zip HTTP/1.1" 206 235890 "-" "Mozilla/4.0 (compatible; MSIE 7.0; Windows NT 6.2; WOW64; Trident/7.0; .NET4.0E; .NET4.0C; .NET CLR 3.5.30729; .NET CLR 2.0.50727; .NET CLR 3.0.30729)" 
125.71.229.183 - - [23/Jul/2017:18:09:23 -0700] "GET /Security-Data-Analysis/Lab_1/conn.log.zip HTTP/1.1" 206 194930 "-" "Mozilla/4.0 (compatible; MSIE 7.0; Windows NT 6.2; WOW64; Trident/7.0; .NET4.0E; .NET4.0C; .NET CLR 3.5.30729; .NET CLR 2.0.50727; .NET CLR 3.0.30729)" 
125.71.229.183 - - [23/Jul/2017:18:09:20 -0700] "GET /Security-Data-Analysis/Lab_1/conn.log.zip HTTP/1.1" 206 215410 "-" "Mozilla/4.0 (compatible; MSIE 7.0; Windows NT 6.2; WOW64; Trident/7.0; .NET4.0E; .NET4.0C; .NET CLR 3.5.30729; .NET CLR 2.0.50727; .NET CLR 3.0.30729)" 
125.71.229.183 - - [23/Jul/2017:18:09:32 -0700] "GET /Security-Data-Analysis/Lab_1/conn.log.zip HTTP/1.1" 206 276850 "-" "Mozilla/4.0 (compatible; MSIE 7.0; Windows NT 6.2; WOW64; Trident/7.0; .NET4.0E; .NET4.0C; .NET CLR 3.5.30729; .NET CLR 2.0.50727; .NET CLR 3.0.30729)" 
125.71.229.183 - - [23/Jul/2017:18:09:31 -0700] "GET /Security-Data-Analysis/Lab_1/conn.log.zip HTTP/1.1" 206 246130 "-" "Mozilla/4.0 (compatible; MSIE 7.0; Windows NT 6.2; WOW64; Trident/7.0; .NET4.0E; .NET4.0C; .NET CLR 3.5.30729; .NET CLR 2.0.50727; .NET CLR 3.0.30729)" 
125.71.229.183 - - [23/Jul/2017:18:09:43 -0700] "GET /Security-Data-Analysis/Lab_1/conn.log.zip HTTP/1.1" 206 102771 "-" "Mozilla/4.0 (compatible; MSIE 7.0; Windows NT 6.2; WOW64; Trident/7.0; .NET4.0E; .NET4.0C; .NET CLR 3.5.30729; .NET CLR 2.0.50727; .NET CLR 3.0.30729)" 
125.71.229.183 - - [23/Jul/2017:18:09:45 -0700] "GET /Security-Data-Analysis/Lab_1/conn.log.zip HTTP/1.1" 206 262515 "-" "Mozilla/4.0 (compatible; MSIE 7.0; Windows NT 6.2; WOW64; Trident/7.0; .NET4.0E; .NET4.0C; .NET CLR 3.5.30729; .NET CLR 2.0.50727; .NET CLR 3.0.30729)" 
125.71.229.183 - - [23/Jul/2017:18:09:49 -0700] "GET /Security-Data-Analysis/Lab_1/conn.log.zip HTTP/1.1" 206 205170 "-" "Mozilla/4.0 (compatible; MSIE 7.0; Windows NT 6.2; WOW64; Trident/7.0; .NET4.0E; .NET4.0C; .NET CLR 3.5.30729; .NET CLR 2.0.50727; .NET CLR 3.0.30729)" 
125.71.229.183 - - [23/Jul/2017:18:10:01 -0700] "GET /Security-Data-Analysis/Lab_1/conn.log.zip HTTP/1.1" 206 123251 "-" "Mozilla/4.0 (compatible; MSIE 7.0; Windows NT 6.2; WOW64; Trident/7.0; .NET4.0E; .NET4.0C; .NET CLR 3.5.30729; .NET CLR 2.0.50727; .NET CLR 3.0.30729)" 
125.71.229.183 - - [23/Jul/2017:18:10:05 -0700] "GET /Security-Data-Analysis/Lab_1/conn.log.zip HTTP/1.1" 206 266610 "-" "Mozilla/4.0 (compatible; MSIE 7.0; Windows NT 6.2; WOW64; Trident/7.0; .NET4.0E; .NET4.0C; .NET CLR 3.5.30729; .NET CLR 2.0.50727; .NET CLR 3.0.30729)" 
125.71.229.183 - - [23/Jul/2017:18:09:50 -0700] "GET /Security-Data-Analysis/Lab_1/conn.log.zip HTTP/1.1" 206 522610 "-" "Mozilla/4.0 (compatible; MSIE 7.0; Windows NT 6.2; WOW64; Trident/7.0; .NET4.0E; .NET4.0C; .NET CLR 3.5.30729; .NET CLR 2.0.50727; .NET CLR 3.0.30729)" 
125.71.229.183 - - [23/Jul/2017:18:10:15 -0700] "GET /Security-Data-Analysis/Lab_1/conn.log.zip HTTP/1.1" 206 246130 "-" "Mozilla/4.0 (compatible; MSIE 7.0; Windows NT 6.2; WOW64; Trident/7.0; .NET4.0E; .NET4.0C; .NET CLR 3.5.30729; .NET CLR 2.0.50727; .NET CLR 3.0.30729)" 
125.71.229.183 - - [23/Jul/2017:18:10:29 -0700] "GET /Security-Data-Analysis/Lab_1/conn.log.zip HTTP/1.1" 206 215410 "-" "Mozilla/4.0 (compatible; MSIE 7.0; Windows NT 6.2; WOW64; Trident/7.0; .NET4.0E; .NET4.0C; .NET CLR 3.5.30729; .NET CLR 2.0.50727; .NET CLR 3.0.30729)" 
125.71.229.183 - - [23/Jul/2017:18:10:40 -0700] "GET /Security-Data-Analysis/Lab_1/conn.log.zip HTTP/1.1" 206 225651 "-" "Mozilla/4.0 (compatible; MSIE 7.0; Windows NT 6.2; WOW64; Trident/7.0; .NET4.0E; .NET4.0C; .NET CLR 3.5.30729; .NET CLR 2.0.50727; .NET CLR 3.0.30729)" 
125.71.229.183 - - [23/Jul/2017:18:10:50 -0700] "GET /Security-Data-Analysis/Lab_1/conn.log.zip HTTP/1.1" 206 266610 "-" "Mozilla/4.0 (compatible; MSIE 7.0; Windows NT 6.2; WOW64; Trident/7.0; .NET4.0E; .NET4.0C; .NET CLR 3.5.30729; .NET CLR 2.0.50727; .NET CLR 3.0.30729)" 
46.102.98.208 - - [23/Jul/2017:18:11:05 -0700] "GET /honeypot/Honeypot%20-%20Howto%20-%20BSides%20Austin.pdf HTTP/1.1" 200 1738860 "http://www.secrepo.com/" "Mozilla/5.0 (Windows NT 10.0; Win64; x64) AppleWebKit/537.36 (KHTML, like Gecko) Chrome/58.0.3029.110 Safari/537.36 OPR/45.0.2552.898" 
125.71.229.183 - - [23/Jul/2017:18:11:06 -0700] "GET /Security-Data-Analysis/Lab_1/conn.log.zip HTTP/1.1" 206 297331 "-" "Mozilla/4.0 (compatible; MSIE 7.0; Windows NT 6.2; WOW64; Trident/7.0; .NET4.0E; .NET4.0C; .NET CLR 3.5.30729; .NET CLR 2.0.50727; .NET CLR 3.0.30729)" 
125.71.229.183 - - [23/Jul/2017:18:11:16 -0700] "GET /Security-Data-Analysis/Lab_1/conn.log.zip HTTP/1.1" 206 225650 "-" "Mozilla/4.0 (compatible; MSIE 7.0; Windows NT 6.2; WOW64; Trident/7.0; .NET4.0E; .NET4.0C; .NET CLR 3.5.30729; .NET CLR 2.0.50727; .NET CLR 3.0.30729)" 
125.71.229.183 - - [23/Jul/2017:18:11:25 -0700] "GET /Security-Data-Analysis/Lab_1/conn.log.zip HTTP/1.1" 206 317810 "-" "Mozilla/4.0 (compatible; MSIE 7.0; Windows NT 6.2; WOW64; Trident/7.0; .NET4.0E; .NET4.0C; .NET CLR 3.5.30729; .NET CLR 2.0.50727; .NET CLR 3.0.30729)" 
125.71.229.183 - - [23/Jul/2017:18:11:39 -0700] "GET /Security-Data-Analysis/Lab_1/conn.log.zip HTTP/1.1" 206 235890 "-" "Mozilla/4.0 (compatible; MSIE 7.0; Windows NT 6.2; WOW64; Trident/7.0; .NET4.0E; .NET4.0C; .NET CLR 3.5.30729; .NET CLR 2.0.50727; .NET CLR 3.0.30729)" 
125.71.229.183 - - [23/Jul/2017:18:11:50 -0700] "GET /Security-Data-Analysis/Lab_1/conn.log.zip HTTP/1.1" 206 256370 "-" "Mozilla/4.0 (compatible; MSIE 7.0; Windows NT 6.2; WOW64; Trident/7.0; .NET4.0E; .NET4.0C; .NET CLR 3.5.30729; .NET CLR 2.0.50727; .NET CLR 3.0.30729)" 
125.71.229.183 - - [23/Jul/2017:18:11:57 -0700] "GET /Security-Data-Analysis/Lab_1/conn.log.zip HTTP/1.1" 206 440690 "-" "Mozilla/4.0 (compatible; MSIE 7.0; Windows NT 6.2; WOW64; Trident/7.0; .NET4.0E; .NET4.0C; .NET CLR 3.5.30729; .NET CLR 2.0.50727; .NET CLR 3.0.30729)" 
125.71.229.183 - - [23/Jul/2017:18:12:16 -0700] "GET /Security-Data-Analysis/Lab_1/conn.log.zip HTTP/1.1" 206 92530 "-" "Mozilla/4.0 (compatible; MSIE 7.0; Windows NT 6.2; WOW64; Trident/7.0; .NET4.0E; .NET4.0C; .NET CLR 3.5.30729; .NET CLR 2.0.50727; .NET CLR 3.0.30729)" 
125.71.229.183 - - [23/Jul/2017:18:12:20 -0700] "GET /Security-Data-Analysis/Lab_1/conn.log.zip HTTP/1.1" 206 205170 "-" "Mozilla/4.0 (compatible; MSIE 7.0; Windows NT 6.2; WOW64; Trident/7.0; .NET4.0E; .NET4.0C; .NET CLR 3.5.30729; .NET CLR 2.0.50727; .NET CLR 3.0.30729)" 
125.71.229.183 - - [23/Jul/2017:18:12:33 -0700] "GET /Security-Data-Analysis/Lab_1/conn.log.zip HTTP/1.1" 206 153970 "-" "Mozilla/4.0 (compatible; MSIE 7.0; Windows NT 6.2; WOW64; Trident/7.0; .NET4.0E; .NET4.0C; .NET CLR 3.5.30729; .NET CLR 2.0.50727; .NET CLR 3.0.30729)" 
190.14.252.107 - - [23/Jul/2017:18:13:59 -0700] "GET /honeypot/Honeypot%20-%20Howto.pdf HTTP/1.0" 200 1279381 "http://www.secrepo.com/" "Mozilla/5.0 (Macintosh; Intel Mac OS X 10_10_1) AppleWebKit/537.36 (KHTML, like Gecko) Chrome/39.0.2171.99 Safari/537.36" 
103.9.74.189 - - [23/Jul/2017:18:17:31 -0700] "GET / HTTP/1.1" 200 10794 "-" "Mozilla/5.0 (Windows NT 6.1; Win64; x64) AppleWebKit/537.36 (KHTML, like Gecko) Chrome/59.0.3071.115 Safari/537.36" 
103.9.74.189 - - [23/Jul/2017:18:17:32 -0700] "GET /twitter-icon.png HTTP/1.1" 200 27787 "http://www.secrepo.com/" "Mozilla/5.0 (Windows NT 6.1; Win64; x64) AppleWebKit/537.36 (KHTML, like Gecko) Chrome/59.0.3071.115 Safari/537.36" 
103.9.74.189 - - [23/Jul/2017:18:17:33 -0700] "GET /GitHub-Mark.png HTTP/1.1" 200 7428 "http://www.secrepo.com/" "Mozilla/5.0 (Windows NT 6.1; Win64; x64) AppleWebKit/537.36 (KHTML, like Gecko) Chrome/59.0.3071.115 Safari/537.36" 
137.74.207.119 - - [23/Jul/2017:18:20:18 -0700] "GET /self.logs/error.log.2016-09-26.gz HTTP/1.1" 200 763 "-" "Mozilla/5.0 (compatible; AhrefsBot/5.2; +http://ahrefs.com/robot/)" 
112.5.238.30 - - [23/Jul/2017:18:32:11 -0700] "GET / HTTP/1.1" 200 10794 "https://www.foxweber.com" "Mozilla/5.0 (Windows NT 6.1; WOW64; rv:53.0) Gecko/20100101 Firefox/53.0" 
45.43.25.131 - - [23/Jul/2017:18:38:21 -0700] "GET /honeypot/BSidesDFW%20-%202014.ipynb HTTP/1.1" 200 930836 "http://www.secrepo.com/" "Mozilla/5.0 (Windows NT 10.0; Win64; x64) AppleWebKit/537.36 (KHTML, like Gecko) Chrome/58.0.3029.110 Safari/537.36 OPR/45.0.2552.898" 
69.162.16.6 - - [23/Jul/2017:18:42:27 -0700] "GET /self.logs/ HTTP/1.1" 200 18673 "http://www.secrepo.com/" "Mozilla/5.0 (Macintosh; Intel Mac OS X 10_12_5) AppleWebKit/537.36 (KHTML, like Gecko) Chrome/59.0.3071.115 Safari/537.36" 
69.162.16.6 - - [23/Jul/2017:18:42:28 -0700] "GET /favicon.ico HTTP/1.1" 200 267 "http://www.secrepo.com/self.logs/" "Mozilla/5.0 (Macintosh; Intel Mac OS X 10_12_5) AppleWebKit/537.36 (KHTML, like Gecko) Chrome/59.0.3071.115 Safari/537.36" 
69.162.16.6 - - [23/Jul/2017:18:42:30 -0700] "GET /squid/access.log.gz HTTP/1.1" 200 23177321 "http://www.secrepo.com/" "Mozilla/5.0 (Macintosh; Intel Mac OS X 10_12_5) AppleWebKit/537.36 (KHTML, like Gecko) Chrome/59.0.3071.115 Safari/537.36" 
125.71.229.183 - - [23/Jul/2017:18:06:46 -0700] "GET /Security-Data-Analysis/Lab_1/conn.log.zip HTTP/1.1" 200 44019240 "-" "Mozilla/4.0 (compatible; MSIE 7.0; Windows NT 6.2; WOW64; Trident/7.0; .NET4.0E; .NET4.0C; .NET CLR 3.5.30729; .NET CLR 2.0.50727; .NET CLR 3.0.30729)" 
174.237.5.121 - - [23/Jul/2017:18:44:27 -0700] "GET /tg/c.zip HTTP/1.1" 200 9992212 "http://www.secrepo.com/" "Mozilla/5.0 (Macintosh; Intel Mac OS X 10_12_5) AppleWebKit/603.2.4 (KHTML, like Gecko) Version/10.1.1 Safari/603.2.4" 
174.237.5.121 - - [23/Jul/2017:18:44:23 -0700] "GET /tg/b.zip HTTP/1.1" 200 10019972 "http://www.secrepo.com/" "Mozilla/5.0 (Macintosh; Intel Mac OS X 10_12_5) AppleWebKit/603.2.4 (KHTML, like Gecko) Version/10.1.1 Safari/603.2.4" 
174.237.5.121 - - [23/Jul/2017:18:44:21 -0700] "GET /tg/a.zip HTTP/1.1" 200 10015808 "http://www.secrepo.com/" "Mozilla/5.0 (Macintosh; Intel Mac OS X 10_12_5) AppleWebKit/603.2.4 (KHTML, like Gecko) Version/10.1.1 Safari/603.2.4" 
125.71.229.183 - - [23/Jul/2017:18:44:48 -0700] "GET /Security-Data-Analysis/Lab_1/conn.log.zip HTTP/1.1" 206 262513 "-" "Mozilla/4.0 (compatible; MSIE 7.0; Windows NT 6.2; WOW64; Trident/7.0; .NET4.0E; .NET4.0C; .NET CLR 3.5.30729; .NET CLR 2.0.50727; .NET CLR 3.0.30729)" 
125.71.229.183 - - [23/Jul/2017:18:45:10 -0700] "GET /Security-Data-Analysis/Lab_1/conn.log.zip HTTP/1.1" 206 153968 "-" "Mozilla/4.0 (compatible; MSIE 7.0; Windows NT 6.2; WOW64; Trident/7.0; .NET4.0E; .NET4.0C; .NET CLR 3.5.30729; .NET CLR 2.0.50727; .NET CLR 3.0.30729)" 
125.71.229.183 - - [23/Jul/2017:18:45:27 -0700] "GET /Security-Data-Analysis/Lab_1/conn.log.zip HTTP/1.1" 206 153969 "-" "Mozilla/4.0 (compatible; MSIE 7.0; Windows NT 6.2; WOW64; Trident/7.0; .NET4.0E; .NET4.0C; .NET CLR 3.5.30729; .NET CLR 2.0.50727; .NET CLR 3.0.30729)" 
125.71.229.183 - - [23/Jul/2017:18:45:41 -0700] "GET /Security-Data-Analysis/Lab_1/conn.log.zip HTTP/1.1" 206 65904 "-" "Mozilla/4.0 (compatible; MSIE 7.0; Windows NT 6.2; WOW64; Trident/7.0; .NET4.0E; .NET4.0C; .NET CLR 3.5.30729; .NET CLR 2.0.50727; .NET CLR 3.0.30729)" 
125.71.229.183 - - [23/Jul/2017:18:45:48 -0700] "GET /Security-Data-Analysis/Lab_1/conn.log.zip HTTP/1.1" 206 113009 "-" "Mozilla/4.0 (compatible; MSIE 7.0; Windows NT 6.2; WOW64; Trident/7.0; .NET4.0E; .NET4.0C; .NET CLR 3.5.30729; .NET CLR 2.0.50727; .NET CLR 3.0.30729)" 
125.71.229.183 - - [23/Jul/2017:18:46:02 -0700] "GET /Security-Data-Analysis/Lab_1/conn.log.zip HTTP/1.1" 206 72048 "-" "Mozilla/4.0 (compatible; MSIE 7.0; Windows NT 6.2; WOW64; Trident/7.0; .NET4.0E; .NET4.0C; .NET CLR 3.5.30729; .NET CLR 2.0.50727; .NET CLR 3.0.30729)" 
125.71.229.183 - - [23/Jul/2017:18:46:13 -0700] "GET /Security-Data-Analysis/Lab_1/conn.log.zip HTTP/1.1" 206 82288 "-" "Mozilla/4.0 (compatible; MSIE 7.0; Windows NT 6.2; WOW64; Trident/7.0; .NET4.0E; .NET4.0C; .NET CLR 3.5.30729; .NET CLR 2.0.50727; .NET CLR 3.0.30729)" 
125.71.229.183 - - [23/Jul/2017:18:46:23 -0700] "GET /Security-Data-Analysis/Lab_1/conn.log.zip HTTP/1.1" 206 72048 "-" "Mozilla/4.0 (compatible; MSIE 7.0; Windows NT 6.2; WOW64; Trident/7.0; .NET4.0E; .NET4.0C; .NET CLR 3.5.30729; .NET CLR 2.0.50727; .NET CLR 3.0.30729)" 
125.71.229.183 - - [23/Jul/2017:18:46:30 -0700] "GET /Security-Data-Analysis/Lab_1/conn.log.zip HTTP/1.1" 206 133489 "-" "Mozilla/4.0 (compatible; MSIE 7.0; Windows NT 6.2; WOW64; Trident/7.0; .NET4.0E; .NET4.0C; .NET CLR 3.5.30729; .NET CLR 2.0.50727; .NET CLR 3.0.30729)" 
125.71.229.183 - - [23/Jul/2017:18:46:39 -0700] "GET /Security-Data-Analysis/Lab_1/conn.log.zip HTTP/1.1" 206 82288 "-" "Mozilla/4.0 (compatible; MSIE 7.0; Windows NT 6.2; WOW64; Trident/7.0; .NET4.0E; .NET4.0C; .NET CLR 3.5.30729; .NET CLR 2.0.50727; .NET CLR 3.0.30729)" 
125.71.229.183 - - [23/Jul/2017:18:46:51 -0700] "GET /Security-Data-Analysis/Lab_1/conn.log.zip HTTP/1.1" 206 72048 "-" "Mozilla/4.0 (compatible; MSIE 7.0; Windows NT 6.2; WOW64; Trident/7.0; .NET4.0E; .NET4.0C; .NET CLR 3.5.30729; .NET CLR 2.0.50727; .NET CLR 3.0.30729)" 
125.71.229.183 - - [23/Jul/2017:18:47:01 -0700] "GET /Security-Data-Analysis/Lab_1/conn.log.zip HTTP/1.1" 206 65904 "-" "Mozilla/4.0 (compatible; MSIE 7.0; Windows NT 6.2; WOW64; Trident/7.0; .NET4.0E; .NET4.0C; .NET CLR 3.5.30729; .NET CLR 2.0.50727; .NET CLR 3.0.30729)" 
125.71.229.183 - - [23/Jul/2017:18:47:12 -0700] "GET /Security-Data-Analysis/Lab_1/conn.log.zip HTTP/1.1" 206 65904 "-" "Mozilla/4.0 (compatible; MSIE 7.0; Windows NT 6.2; WOW64; Trident/7.0; .NET4.0E; .NET4.0C; .NET CLR 3.5.30729; .NET CLR 2.0.50727; .NET CLR 3.0.30729)" 
125.71.229.183 - - [23/Jul/2017:18:47:16 -0700] "GET /Security-Data-Analysis/Lab_1/conn.log.zip HTTP/1.1" 206 184689 "-" "Mozilla/4.0 (compatible; MSIE 7.0; Windows NT 6.2; WOW64; Trident/7.0; .NET4.0E; .NET4.0C; .NET CLR 3.5.30729; .NET CLR 2.0.50727; .NET CLR 3.0.30729)" 
125.71.229.183 - - [23/Jul/2017:18:47:35 -0700] "GET /Security-Data-Analysis/Lab_1/conn.log.zip HTTP/1.1" 206 65904 "-" "Mozilla/4.0 (compatible; MSIE 7.0; Windows NT 6.2; WOW64; Trident/7.0; .NET4.0E; .NET4.0C; .NET CLR 3.5.30729; .NET CLR 2.0.50727; .NET CLR 3.0.30729)" 
125.71.229.183 - - [23/Jul/2017:18:47:41 -0700] "GET /Security-Data-Analysis/Lab_1/conn.log.zip HTTP/1.1" 206 194929 "-" "Mozilla/4.0 (compatible; MSIE 7.0; Windows NT 6.2; WOW64; Trident/7.0; .NET4.0E; .NET4.0C; .NET CLR 3.5.30729; .NET CLR 2.0.50727; .NET CLR 3.0.30729)" 
125.71.229.183 - - [23/Jul/2017:18:47:54 -0700] "GET /Security-Data-Analysis/Lab_1/conn.log.zip HTTP/1.1" 206 123249 "-" "Mozilla/4.0 (compatible; MSIE 7.0; Windows NT 6.2; WOW64; Trident/7.0; .NET4.0E; .NET4.0C; .NET CLR 3.5.30729; .NET CLR 2.0.50727; .NET CLR 3.0.30729)" 
125.71.229.183 - - [23/Jul/2017:18:48:06 -0700] "GET /Security-Data-Analysis/Lab_1/conn.log.zip HTTP/1.1" 206 82288 "-" "Mozilla/4.0 (compatible; MSIE 7.0; Windows NT 6.2; WOW64; Trident/7.0; .NET4.0E; .NET4.0C; .NET CLR 3.5.30729; .NET CLR 2.0.50727; .NET CLR 3.0.30729)" 
192.227.237.62 - - [23/Jul/2017:18:48:28 -0700] "GET /honeypot/Honeypot%20-%20Howto%20-%20BSides%20Austin.pdf HTTP/1.1" 200 1673160 "http://www.secrepo.com/" "Mozilla/5.0 (Windows NT 10.0; Win64; x64) AppleWebKit/537.36 (KHTML, like Gecko) Chrome/58.0.3029.110 Safari/537.36 OPR/45.0.2552.898" 
125.71.229.183 - - [23/Jul/2017:18:48:12 -0700] "GET /Security-Data-Analysis/Lab_1/conn.log.zip HTTP/1.1" 206 174449 "-" "Mozilla/4.0 (compatible; MSIE 7.0; Windows NT 6.2; WOW64; Trident/7.0; .NET4.0E; .NET4.0C; .NET CLR 3.5.30729; .NET CLR 2.0.50727; .NET CLR 3.0.30729)" 
125.71.229.183 - - [23/Jul/2017:18:48:43 -0700] "GET /Security-Data-Analysis/Lab_1/conn.log.zip HTTP/1.1" 206 65904 "-" "Mozilla/4.0 (compatible; MSIE 7.0; Windows NT 6.2; WOW64; Trident/7.0; .NET4.0E; .NET4.0C; .NET CLR 3.5.30729; .NET CLR 2.0.50727; .NET CLR 3.0.30729)" 
125.71.229.183 - - [23/Jul/2017:18:48:54 -0700] "GET /Security-Data-Analysis/Lab_1/conn.log.zip HTTP/1.1" 206 65904 "-" "Mozilla/4.0 (compatible; MSIE 7.0; Windows NT 6.2; WOW64; Trident/7.0; .NET4.0E; .NET4.0C; .NET CLR 3.5.30729; .NET CLR 2.0.50727; .NET CLR 3.0.30729)" 
164.132.161.62 - - [23/Jul/2017:18:48:57 -0700] "GET /squid/access.log.gz HTTP/1.1" 200 1816818 "-" "Mozilla/5.0 (compatible; AhrefsBot/5.2; +http://ahrefs.com/robot/)" 
125.71.229.183 - - [23/Jul/2017:18:48:59 -0700] "GET /Security-Data-Analysis/Lab_1/conn.log.zip HTTP/1.1" 206 205169 "-" "Mozilla/4.0 (compatible; MSIE 7.0; Windows NT 6.2; WOW64; Trident/7.0; .NET4.0E; .NET4.0C; .NET CLR 3.5.30729; .NET CLR 2.0.50727; .NET CLR 3.0.30729)" 
125.71.229.183 - - [23/Jul/2017:18:49:25 -0700] "GET /Security-Data-Analysis/Lab_1/conn.log.zip HTTP/1.1" 206 65904 "-" "Mozilla/4.0 (compatible; MSIE 7.0; Windows NT 6.2; WOW64; Trident/7.0; .NET4.0E; .NET4.0C; .NET CLR 3.5.30729; .NET CLR 2.0.50727; .NET CLR 3.0.30729)" 
125.71.229.183 - - [23/Jul/2017:18:49:28 -0700] "GET /Security-Data-Analysis/Lab_1/conn.log.zip HTTP/1.1" 206 123248 "-" "Mozilla/4.0 (compatible; MSIE 7.0; Windows NT 6.2; WOW64; Trident/7.0; .NET4.0E; .NET4.0C; .NET CLR 3.5.30729; .NET CLR 2.0.50727; .NET CLR 3.0.30729)" 
125.71.229.183 - - [23/Jul/2017:18:49:56 -0700] "GET /Security-Data-Analysis/Lab_1/conn.log.zip HTTP/1.1" 206 262513 "-" "Mozilla/4.0 (compatible; MSIE 7.0; Windows NT 6.2; WOW64; Trident/7.0; .NET4.0E; .NET4.0C; .NET CLR 3.5.30729; .NET CLR 2.0.50727; .NET CLR 3.0.30729)" 
125.71.229.183 - - [23/Jul/2017:18:50:14 -0700] "GET /Security-Data-Analysis/Lab_1/conn.log.zip HTTP/1.1" 206 123248 "-" "Mozilla/4.0 (compatible; MSIE 7.0; Windows NT 6.2; WOW64; Trident/7.0; .NET4.0E; .NET4.0C; .NET CLR 3.5.30729; .NET CLR 2.0.50727; .NET CLR 3.0.30729)" 
125.71.229.183 - - [23/Jul/2017:18:50:28 -0700] "GET /Security-Data-Analysis/Lab_1/conn.log.zip HTTP/1.1" 206 123248 "-" "Mozilla/4.0 (compatible; MSIE 7.0; Windows NT 6.2; WOW64; Trident/7.0; .NET4.0E; .NET4.0C; .NET CLR 3.5.30729; .NET CLR 2.0.50727; .NET CLR 3.0.30729)" 
125.71.229.183 - - [23/Jul/2017:18:50:40 -0700] "GET /Security-Data-Analysis/Lab_1/conn.log.zip HTTP/1.1" 206 153968 "-" "Mozilla/4.0 (compatible; MSIE 7.0; Windows NT 6.2; WOW64; Trident/7.0; .NET4.0E; .NET4.0C; .NET CLR 3.5.30729; .NET CLR 2.0.50727; .NET CLR 3.0.30729)" 
125.71.229.183 - - [23/Jul/2017:18:50:52 -0700] "GET /Security-Data-Analysis/Lab_1/conn.log.zip HTTP/1.1" 206 82288 "-" "Mozilla/4.0 (compatible; MSIE 7.0; Windows NT 6.2; WOW64; Trident/7.0; .NET4.0E; .NET4.0C; .NET CLR 3.5.30729; .NET CLR 2.0.50727; .NET CLR 3.0.30729)" 
125.71.229.183 - - [23/Jul/2017:18:50:59 -0700] "GET /Security-Data-Analysis/Lab_1/conn.log.zip HTTP/1.1" 206 133489 "-" "Mozilla/4.0 (compatible; MSIE 7.0; Windows NT 6.2; WOW64; Trident/7.0; .NET4.0E; .NET4.0C; .NET CLR 3.5.30729; .NET CLR 2.0.50727; .NET CLR 3.0.30729)" 
125.71.229.183 - - [23/Jul/2017:18:51:08 -0700] "GET /Security-Data-Analysis/Lab_1/conn.log.zip HTTP/1.1" 206 164208 "-" "Mozilla/4.0 (compatible; MSIE 7.0; Windows NT 6.2; WOW64; Trident/7.0; .NET4.0E; .NET4.0C; .NET CLR 3.5.30729; .NET CLR 2.0.50727; .NET CLR 3.0.30729)" 
125.71.229.183 - - [23/Jul/2017:18:51:30 -0700] "GET /Security-Data-Analysis/Lab_1/conn.log.zip HTTP/1.1" 206 92528 "-" "Mozilla/4.0 (compatible; MSIE 7.0; Windows NT 6.2; WOW64; Trident/7.0; .NET4.0E; .NET4.0C; .NET CLR 3.5.30729; .NET CLR 2.0.50727; .NET CLR 3.0.30729)" 
125.71.229.183 - - [23/Jul/2017:18:51:42 -0700] "GET /Security-Data-Analysis/Lab_1/conn.log.zip HTTP/1.1" 206 65904 "-" "Mozilla/4.0 (compatible; MSIE 7.0; Windows NT 6.2; WOW64; Trident/7.0; .NET4.0E; .NET4.0C; .NET CLR 3.5.30729; .NET CLR 2.0.50727; .NET CLR 3.0.30729)" 
45.43.25.220 - - [23/Jul/2017:18:51:40 -0700] "GET /honeypot/Honeypot%20-%20Howto%20-%20BSides%20Austin.pdf HTTP/1.1" 200 2928460 "http://www.secrepo.com/" "Mozilla/5.0 (Windows NT 10.0; Win64; x64) AppleWebKit/537.36 (KHTML, like Gecko) Chrome/58.0.3029.110 Safari/537.36 OPR/45.0.2552.898" 
125.71.229.183 - - [23/Jul/2017:18:51:49 -0700] "GET /Security-Data-Analysis/Lab_1/conn.log.zip HTTP/1.1" 206 92528 "-" "Mozilla/4.0 (compatible; MSIE 7.0; Windows NT 6.2; WOW64; Trident/7.0; .NET4.0E; .NET4.0C; .NET CLR 3.5.30729; .NET CLR 2.0.50727; .NET CLR 3.0.30729)" 
125.71.229.183 - - [23/Jul/2017:18:52:00 -0700] "GET /Security-Data-Analysis/Lab_1/conn.log.zip HTTP/1.1" 206 65904 "-" "Mozilla/4.0 (compatible; MSIE 7.0; Windows NT 6.2; WOW64; Trident/7.0; .NET4.0E; .NET4.0C; .NET CLR 3.5.30729; .NET CLR 2.0.50727; .NET CLR 3.0.30729)" 
125.71.229.183 - - [23/Jul/2017:18:52:04 -0700] "GET /Security-Data-Analysis/Lab_1/conn.log.zip HTTP/1.1" 206 71760 "-" "Mozilla/4.0 (compatible; MSIE 7.0; Windows NT 6.2; WOW64; Trident/7.0; .NET4.0E; .NET4.0C; .NET CLR 3.5.30729; .NET CLR 2.0.50727; .NET CLR 3.0.30729)" 
125.71.229.183 - - [23/Jul/2017:18:52:51 -0700] "GET /Security-Data-Analysis/Lab_1/conn.log.zip HTTP/1.1" 206 262513 "-" "Mozilla/4.0 (compatible; MSIE 7.0; Windows NT 6.2; WOW64; Trident/7.0; .NET4.0E; .NET4.0C; .NET CLR 3.5.30729; .NET CLR 2.0.50727; .NET CLR 3.0.30729)" 
157.55.39.245 - - [23/Jul/2017:18:53:26 -0700] "GET /honeypot/BSidesDFW%20-%202014.ipynb HTTP/1.1" 200 930836 "-" "Mozilla/5.0 (iPhone; CPU iPhone OS 7_0 like Mac OS X) AppleWebKit/537.51.1 (KHTML, like Gecko) Version/7.0 Mobile/11A465 Safari/9537.53 (compatible; bingbot/2.0; +http://www.bing.com/bingbot.htm)" 
125.71.229.183 - - [23/Jul/2017:18:53:21 -0700] "GET /Security-Data-Analysis/Lab_1/conn.log.zip HTTP/1.1" 206 113009 "-" "Mozilla/4.0 (compatible; MSIE 7.0; Windows NT 6.2; WOW64; Trident/7.0; .NET4.0E; .NET4.0C; .NET CLR 3.5.30729; .NET CLR 2.0.50727; .NET CLR 3.0.30729)" 
125.71.229.183 - - [23/Jul/2017:18:53:35 -0700] "GET /Security-Data-Analysis/Lab_1/conn.log.zip HTTP/1.1" 206 65904 "-" "Mozilla/4.0 (compatible; MSIE 7.0; Windows NT 6.2; WOW64; Trident/7.0; .NET4.0E; .NET4.0C; .NET CLR 3.5.30729; .NET CLR 2.0.50727; .NET CLR 3.0.30729)" 
125.71.229.183 - - [23/Jul/2017:18:53:38 -0700] "GET /Security-Data-Analysis/Lab_1/conn.log.zip HTTP/1.1" 206 164208 "-" "Mozilla/4.0 (compatible; MSIE 7.0; Windows NT 6.2; WOW64; Trident/7.0; .NET4.0E; .NET4.0C; .NET CLR 3.5.30729; .NET CLR 2.0.50727; .NET CLR 3.0.30729)" 
125.71.229.183 - - [23/Jul/2017:18:53:56 -0700] "GET /Security-Data-Analysis/Lab_1/conn.log.zip HTTP/1.1" 206 123249 "-" "Mozilla/4.0 (compatible; MSIE 7.0; Windows NT 6.2; WOW64; Trident/7.0; .NET4.0E; .NET4.0C; .NET CLR 3.5.30729; .NET CLR 2.0.50727; .NET CLR 3.0.30729)" 
125.71.229.183 - - [23/Jul/2017:18:54:04 -0700] "GET /Security-Data-Analysis/Lab_1/conn.log.zip HTTP/1.1" 206 215409 "-" "Mozilla/4.0 (compatible; MSIE 7.0; Windows NT 6.2; WOW64; Trident/7.0; .NET4.0E; .NET4.0C; .NET CLR 3.5.30729; .NET CLR 2.0.50727; .NET CLR 3.0.30729)" 
125.71.229.183 - - [23/Jul/2017:18:54:15 -0700] "GET /Security-Data-Analysis/Lab_1/conn.log.zip HTTP/1.1" 206 235889 "-" "Mozilla/4.0 (compatible; MSIE 7.0; Windows NT 6.2; WOW64; Trident/7.0; .NET4.0E; .NET4.0C; .NET CLR 3.5.30729; .NET CLR 2.0.50727; .NET CLR 3.0.30729)" 
125.71.229.183 - - [23/Jul/2017:18:54:35 -0700] "GET /Security-Data-Analysis/Lab_1/conn.log.zip HTTP/1.1" 206 72048 "-" "Mozilla/4.0 (compatible; MSIE 7.0; Windows NT 6.2; WOW64; Trident/7.0; .NET4.0E; .NET4.0C; .NET CLR 3.5.30729; .NET CLR 2.0.50727; .NET CLR 3.0.30729)" 
52.168.161.70 - - [23/Jul/2017:18:54:56 -0700] "HEAD / HTTP/1.1" 301 253 "https://www.google.com/" "Mozilla/5.0 (compatible; epicbot; +http://www.epictions.com/epicbot)" 
52.168.161.70 - - [23/Jul/2017:18:54:58 -0700] "HEAD / HTTP/1.1" 301 253 "https://www.google.com/" "Mozilla/5.0 (compatible; epicbot; +http://www.epictions.com/epicbot)" 
52.168.161.70 - - [23/Jul/2017:18:54:58 -0700] "HEAD / HTTP/1.1" 301 253 "https://www.google.com/" "Mozilla/5.0 (compatible; epicbot; +http://www.epictions.com/epicbot)" 
125.71.229.183 - - [23/Jul/2017:18:54:40 -0700] "GET /Security-Data-Analysis/Lab_1/conn.log.zip HTTP/1.1" 206 225649 "-" "Mozilla/4.0 (compatible; MSIE 7.0; Windows NT 6.2; WOW64; Trident/7.0; .NET4.0E; .NET4.0C; .NET CLR 3.5.30729; .NET CLR 2.0.50727; .NET CLR 3.0.30729)" 
125.71.229.183 - - [23/Jul/2017:18:55:00 -0700] "GET /Security-Data-Analysis/Lab_1/conn.log.zip HTTP/1.1" 206 113008 "-" "Mozilla/4.0 (compatible; MSIE 7.0; Windows NT 6.2; WOW64; Trident/7.0; .NET4.0E; .NET4.0C; .NET CLR 3.5.30729; .NET CLR 2.0.50727; .NET CLR 3.0.30729)" 
125.71.229.183 - - [23/Jul/2017:18:55:14 -0700] "GET /Security-Data-Analysis/Lab_1/conn.log.zip HTTP/1.1" 206 72048 "-" "Mozilla/4.0 (compatible; MSIE 7.0; Windows NT 6.2; WOW64; Trident/7.0; .NET4.0E; .NET4.0C; .NET CLR 3.5.30729; .NET CLR 2.0.50727; .NET CLR 3.0.30729)" 
157.55.39.146 - - [23/Jul/2017:18:55:29 -0700] "GET /self.logs/error.log.2016-07-14.gz HTTP/1.1" 200 681 "-" "Mozilla/5.0 (compatible; bingbot/2.0; +http://www.bing.com/bingbot.htm)" 
125.71.229.183 - - [23/Jul/2017:18:55:22 -0700] "GET /Security-Data-Analysis/Lab_1/conn.log.zip HTTP/1.1" 206 82288 "-" "Mozilla/4.0 (compatible; MSIE 7.0; Windows NT 6.2; WOW64; Trident/7.0; .NET4.0E; .NET4.0C; .NET CLR 3.5.30729; .NET CLR 2.0.50727; .NET CLR 3.0.30729)" 
125.71.229.183 - - [23/Jul/2017:18:55:30 -0700] "GET /Security-Data-Analysis/Lab_1/conn.log.zip HTTP/1.1" 206 65903 "-" "Mozilla/4.0 (compatible; MSIE 7.0; Windows NT 6.2; WOW64; Trident/7.0; .NET4.0E; .NET4.0C; .NET CLR 3.5.30729; .NET CLR 2.0.50727; .NET CLR 3.0.30729)" 
125.71.229.183 - - [23/Jul/2017:18:55:38 -0700] "GET /Security-Data-Analysis/Lab_1/conn.log.zip HTTP/1.1" 206 102768 "-" "Mozilla/4.0 (compatible; MSIE 7.0; Windows NT 6.2; WOW64; Trident/7.0; .NET4.0E; .NET4.0C; .NET CLR 3.5.30729; .NET CLR 2.0.50727; .NET CLR 3.0.30729)" 
125.71.229.183 - - [23/Jul/2017:18:55:48 -0700] "GET /Security-Data-Analysis/Lab_1/conn.log.zip HTTP/1.1" 206 143728 "-" "Mozilla/4.0 (compatible; MSIE 7.0; Windows NT 6.2; WOW64; Trident/7.0; .NET4.0E; .NET4.0C; .NET CLR 3.5.30729; .NET CLR 2.0.50727; .NET CLR 3.0.30729)" 
125.71.229.183 - - [23/Jul/2017:18:56:05 -0700] "GET /Security-Data-Analysis/Lab_1/conn.log.zip HTTP/1.1" 206 113009 "-" "Mozilla/4.0 (compatible; MSIE 7.0; Windows NT 6.2; WOW64; Trident/7.0; .NET4.0E; .NET4.0C; .NET CLR 3.5.30729; .NET CLR 2.0.50727; .NET CLR 3.0.30729)" 
125.71.229.183 - - [23/Jul/2017:18:56:17 -0700] "GET /Security-Data-Analysis/Lab_1/conn.log.zip HTTP/1.1" 206 113009 "-" "Mozilla/4.0 (compatible; MSIE 7.0; Windows NT 6.2; WOW64; Trident/7.0; .NET4.0E; .NET4.0C; .NET CLR 3.5.30729; .NET CLR 2.0.50727; .NET CLR 3.0.30729)" 
125.71.229.183 - - [23/Jul/2017:18:56:29 -0700] "GET /Security-Data-Analysis/Lab_1/conn.log.zip HTTP/1.1" 206 65904 "-" "Mozilla/4.0 (compatible; MSIE 7.0; Windows NT 6.2; WOW64; Trident/7.0; .NET4.0E; .NET4.0C; .NET CLR 3.5.30729; .NET CLR 2.0.50727; .NET CLR 3.0.30729)" 
125.71.229.183 - - [23/Jul/2017:18:56:38 -0700] "GET /Security-Data-Analysis/Lab_1/conn.log.zip HTTP/1.1" 206 65904 "-" "Mozilla/4.0 (compatible; MSIE 7.0; Windows NT 6.2; WOW64; Trident/7.0; .NET4.0E; .NET4.0C; .NET CLR 3.5.30729; .NET CLR 2.0.50727; .NET CLR 3.0.30729)" 
125.71.229.183 - - [23/Jul/2017:18:56:44 -0700] "GET /Security-Data-Analysis/Lab_1/conn.log.zip HTTP/1.1" 206 317809 "-" "Mozilla/4.0 (compatible; MSIE 7.0; Windows NT 6.2; WOW64; Trident/7.0; .NET4.0E; .NET4.0C; .NET CLR 3.5.30729; .NET CLR 2.0.50727; .NET CLR 3.0.30729)" 
125.71.229.183 - - [23/Jul/2017:18:57:25 -0700] "GET /Security-Data-Analysis/Lab_1/conn.log.zip HTTP/1.1" 206 65904 "-" "Mozilla/4.0 (compatible; MSIE 7.0; Windows NT 6.2; WOW64; Trident/7.0; .NET4.0E; .NET4.0C; .NET CLR 3.5.30729; .NET CLR 2.0.50727; .NET CLR 3.0.30729)" 
125.71.229.183 - - [23/Jul/2017:18:57:31 -0700] "GET /Security-Data-Analysis/Lab_1/conn.log.zip HTTP/1.1" 206 297329 "-" "Mozilla/4.0 (compatible; MSIE 7.0; Windows NT 6.2; WOW64; Trident/7.0; .NET4.0E; .NET4.0C; .NET CLR 3.5.30729; .NET CLR 2.0.50727; .NET CLR 3.0.30729)" 
125.71.229.183 - - [23/Jul/2017:18:58:24 -0700] "GET /Security-Data-Analysis/Lab_1/conn.log.zip HTTP/1.1" 206 65904 "-" "Mozilla/4.0 (compatible; MSIE 7.0; Windows NT 6.2; WOW64; Trident/7.0; .NET4.0E; .NET4.0C; .NET CLR 3.5.30729; .NET CLR 2.0.50727; .NET CLR 3.0.30729)" 
125.71.229.183 - - [23/Jul/2017:18:58:33 -0700] "GET /Security-Data-Analysis/Lab_1/conn.log.zip HTTP/1.1" 206 65904 "-" "Mozilla/4.0 (compatible; MSIE 7.0; Windows NT 6.2; WOW64; Trident/7.0; .NET4.0E; .NET4.0C; .NET CLR 3.5.30729; .NET CLR 2.0.50727; .NET CLR 3.0.30729)" 
125.71.229.183 - - [23/Jul/2017:18:58:41 -0700] "GET /Security-Data-Analysis/Lab_1/conn.log.zip HTTP/1.1" 206 113009 "-" "Mozilla/4.0 (compatible; MSIE 7.0; Windows NT 6.2; WOW64; Trident/7.0; .NET4.0E; .NET4.0C; .NET CLR 3.5.30729; .NET CLR 2.0.50727; .NET CLR 3.0.30729)" 
125.71.229.183 - - [23/Jul/2017:18:58:48 -0700] "GET /Security-Data-Analysis/Lab_1/conn.log.zip HTTP/1.1" 206 153968 "-" "Mozilla/4.0 (compatible; MSIE 7.0; Windows NT 6.2; WOW64; Trident/7.0; .NET4.0E; .NET4.0C; .NET CLR 3.5.30729; .NET CLR 2.0.50727; .NET CLR 3.0.30729)" 
125.71.229.183 - - [23/Jul/2017:18:59:03 -0700] "GET /Security-Data-Analysis/Lab_1/conn.log.zip HTTP/1.1" 206 102768 "-" "Mozilla/4.0 (compatible; MSIE 7.0; Windows NT 6.2; WOW64; Trident/7.0; .NET4.0E; .NET4.0C; .NET CLR 3.5.30729; .NET CLR 2.0.50727; .NET CLR 3.0.30729)" 
125.71.229.183 - - [23/Jul/2017:18:59:14 -0700] "GET /Security-Data-Analysis/Lab_1/conn.log.zip HTTP/1.1" 206 113008 "-" "Mozilla/4.0 (compatible; MSIE 7.0; Windows NT 6.2; WOW64; Trident/7.0; .NET4.0E; .NET4.0C; .NET CLR 3.5.30729; .NET CLR 2.0.50727; .NET CLR 3.0.30729)" 
125.71.229.183 - - [23/Jul/2017:18:59:26 -0700] "GET /Security-Data-Analysis/Lab_1/conn.log.zip HTTP/1.1" 206 65904 "-" "Mozilla/4.0 (compatible; MSIE 7.0; Windows NT 6.2; WOW64; Trident/7.0; .NET4.0E; .NET4.0C; .NET CLR 3.5.30729; .NET CLR 2.0.50727; .NET CLR 3.0.30729)" 
125.71.229.183 - - [23/Jul/2017:18:59:30 -0700] "GET /Security-Data-Analysis/Lab_1/conn.log.zip HTTP/1.1" 206 123248 "-" "Mozilla/4.0 (compatible; MSIE 7.0; Windows NT 6.2; WOW64; Trident/7.0; .NET4.0E; .NET4.0C; .NET CLR 3.5.30729; .NET CLR 2.0.50727; .NET CLR 3.0.30729)" 
114.255.40.30 - - [23/Jul/2017:18:59:49 -0700] "GET / HTTP/1.1" 200 10794 "-" "Mozilla/5.0 (Windows NT 6.1; WOW64) AppleWebKit/537.36 (KHTML, like Gecko) Chrome/46.0.2490.80 Safari/537.36" 
125.71.229.183 - - [23/Jul/2017:18:59:55 -0700] "GET /Security-Data-Analysis/Lab_1/conn.log.zip HTTP/1.1" 206 65904 "-" "Mozilla/4.0 (compatible; MSIE 7.0; Windows NT 6.2; WOW64; Trident/7.0; .NET4.0E; .NET4.0C; .NET CLR 3.5.30729; .NET CLR 2.0.50727; .NET CLR 3.0.30729)" 
125.71.229.183 - - [23/Jul/2017:19:00:01 -0700] "GET /Security-Data-Analysis/Lab_1/conn.log.zip HTTP/1.1" 206 113009 "-" "Mozilla/4.0 (compatible; MSIE 7.0; Windows NT 6.2; WOW64; Trident/7.0; .NET4.0E; .NET4.0C; .NET CLR 3.5.30729; .NET CLR 2.0.50727; .NET CLR 3.0.30729)" 
114.255.40.30 - - [23/Jul/2017:19:00:11 -0700] "GET /twitter-icon.png HTTP/1.1" 200 27788 "http://www.secrepo.com/" "Mozilla/5.0 (Windows NT 6.1; WOW64) AppleWebKit/537.36 (KHTML, like Gecko) Chrome/46.0.2490.80 Safari/537.36" 
114.255.40.30 - - [23/Jul/2017:19:00:11 -0700] "GET /GitHub-Mark.png HTTP/1.1" 200 7427 "http://www.secrepo.com/" "Mozilla/5.0 (Windows NT 6.1; WOW64) AppleWebKit/537.36 (KHTML, like Gecko) Chrome/46.0.2490.80 Safari/537.36" 
125.71.229.183 - - [23/Jul/2017:19:00:12 -0700] "GET /Security-Data-Analysis/Lab_1/conn.log.zip HTTP/1.1" 206 92528 "-" "Mozilla/4.0 (compatible; MSIE 7.0; Windows NT 6.2; WOW64; Trident/7.0; .NET4.0E; .NET4.0C; .NET CLR 3.5.30729; .NET CLR 2.0.50727; .NET CLR 3.0.30729)" 
114.255.40.30 - - [23/Jul/2017:19:00:19 -0700] "GET /bootstrap/img/favicon.ico HTTP/1.1" 200 590 "http://www.secrepo.com/" "Mozilla/5.0 (Windows NT 6.1; WOW64) AppleWebKit/537.36 (KHTML, like Gecko) Chrome/46.0.2490.80 Safari/537.36" 
114.255.40.30 - - [23/Jul/2017:19:00:19 -0700] "GET / HTTP/1.1" 304 188 "-" "Mozilla/5.0 (Windows NT 6.1; WOW64) AppleWebKit/537.36 (KHTML, like Gecko) Chrome/46.0.2490.80 Safari/537.36" 
125.71.229.183 - - [23/Jul/2017:19:00:17 -0700] "GET /Security-Data-Analysis/Lab_1/conn.log.zip HTTP/1.1" 206 184688 "-" "Mozilla/4.0 (compatible; MSIE 7.0; Windows NT 6.2; WOW64; Trident/7.0; .NET4.0E; .NET4.0C; .NET CLR 3.5.30729; .NET CLR 2.0.50727; .NET CLR 3.0.30729)" 
125.71.229.183 - - [23/Jul/2017:19:00:37 -0700] "GET /Security-Data-Analysis/Lab_1/conn.log.zip HTTP/1.1" 206 133489 "-" "Mozilla/4.0 (compatible; MSIE 7.0; Windows NT 6.2; WOW64; Trident/7.0; .NET4.0E; .NET4.0C; .NET CLR 3.5.30729; .NET CLR 2.0.50727; .NET CLR 3.0.30729)" 
125.71.229.183 - - [23/Jul/2017:19:00:58 -0700] "GET /Security-Data-Analysis/Lab_1/conn.log.zip HTTP/1.1" 206 262513 "-" "Mozilla/4.0 (compatible; MSIE 7.0; Windows NT 6.2; WOW64; Trident/7.0; .NET4.0E; .NET4.0C; .NET CLR 3.5.30729; .NET CLR 2.0.50727; .NET CLR 3.0.30729)" 
125.71.229.183 - - [23/Jul/2017:19:01:17 -0700] "GET /Security-Data-Analysis/Lab_1/conn.log.zip HTTP/1.1" 200 44328 "-" "Mozilla/5.0 (Windows NT 10.0; Win64; x64) AppleWebKit/537.36 (KHTML, like Gecko) Chrome/59.0.3071.115 Safari/537.36" 
125.71.229.183 - - [23/Jul/2017:19:01:19 -0700] "GET /Security-Data-Analysis/Lab_1/conn.log.zip HTTP/1.1" 200 78660 "-" "User-Agent\tMozilla/5.0 (compatible; MSIE 9.0; Windows NT 6.1; Trident/5.0)" 
182.131.12.12 - - [23/Jul/2017:19:01:11 -0700] "GET /squid/access.log.gz HTTP/1.1" 200 375817 "-" "Mozilla/5.0 (Linux; Android 7.1.1; MI 6 Build/NMF26X; wv) AppleWebKit/537.36 (KHTML, like Gecko) Version/4.0 Chrome/53.0.2785.49 Mobile MQQBrowser/6.2 TBS/043408 Safari/537.36 MicroMessenger/6.5.10.1080 NetType/WIFI Language/zh_CN" 
125.71.229.183 - - [23/Jul/2017:19:01:20 -0700] "GET /squid/access.log.gz HTTP/1.1" 200 44160 "-" "Mozilla/5.0 (Linux; Android 7.1.1; MI 6 Build/NMF26X; wv) AppleWebKit/537.36 (KHTML, like Gecko) Version/4.0 Chrome/53.0.2785.49 Mobile MQQBrowser/6.2 TBS/043408 Safari/537.36 MicroMessenger/6.5.10.1080 NetType/WIFI Language/zh_CN" 
69.162.16.6 - - [23/Jul/2017:19:00:44 -0700] "GET /honeypot/honeypot.json.zip HTTP/1.1" 200 23085976 "-" "Mozilla/5.0 (Macintosh; Intel Mac OS X 10_12_5) AppleWebKit/537.36 (KHTML, like Gecko) Chrome/59.0.3071.115 Safari/537.36" 
69.162.16.6 - - [23/Jul/2017:19:00:41 -0700] "GET /Security-Data-Analysis/Lab_2/http.log.zip HTTP/1.1" 200 53454198 "-" "Mozilla/5.0 (Macintosh; Intel Mac OS X 10_12_5) AppleWebKit/537.36 (KHTML, like Gecko) Chrome/59.0.3071.115 Safari/537.36" 
125.71.229.183 - - [23/Jul/2017:19:01:45 -0700] "GET /self.logs/ HTTP/1.1" 200 18673 "http://www.secrepo.com/" "Mozilla/5.0 (Windows NT 10.0; Win64; x64) AppleWebKit/537.36 (KHTML, like Gecko) Chrome/59.0.3071.115 Safari/537.36" 
125.71.229.183 - - [23/Jul/2017:19:01:22 -0700] "GET /Security-Data-Analysis/Lab_1/conn.log.zip HTTP/1.1" 206 262513 "-" "Mozilla/4.0 (compatible; MSIE 7.0; Windows NT 6.2; WOW64; Trident/7.0; .NET4.0E; .NET4.0C; .NET CLR 3.5.30729; .NET CLR 2.0.50727; .NET CLR 3.0.30729)" 
125.71.229.183 - - [23/Jul/2017:19:01:51 -0700] "GET /Security-Data-Analysis/Lab_1/conn.log.zip HTTP/1.1" 206 82287 "-" "Mozilla/4.0 (compatible; MSIE 7.0; Windows NT 6.2; WOW64; Trident/7.0; .NET4.0E; .NET4.0C; .NET CLR 3.5.30729; .NET CLR 2.0.50727; .NET CLR 3.0.30729)" 
125.71.229.183 - - [23/Jul/2017:19:02:02 -0700] "GET /Security-Data-Analysis/Lab_1/conn.log.zip HTTP/1.1" 206 65904 "-" "Mozilla/4.0 (compatible; MSIE 7.0; Windows NT 6.2; WOW64; Trident/7.0; .NET4.0E; .NET4.0C; .NET CLR 3.5.30729; .NET CLR 2.0.50727; .NET CLR 3.0.30729)" 
125.71.229.183 - - [23/Jul/2017:19:02:14 -0700] "GET /self.logs/ HTTP/1.1" 200 18673 "http://www.secrepo.com/" "Mozilla/5.0 (Windows NT 10.0; Win64; x64) AppleWebKit/537.36 (KHTML, like Gecko) Chrome/59.0.3071.115 Safari/537.36" 
125.71.229.183 - - [23/Jul/2017:19:02:10 -0700] "GET /Security-Data-Analysis/Lab_1/conn.log.zip HTTP/1.1" 206 133489 "-" "Mozilla/4.0 (compatible; MSIE 7.0; Windows NT 6.2; WOW64; Trident/7.0; .NET4.0E; .NET4.0C; .NET CLR 3.5.30729; .NET CLR 2.0.50727; .NET CLR 3.0.30729)" 
125.71.229.183 - - [23/Jul/2017:19:02:21 -0700] "GET /Security-Data-Analysis/Lab_1/conn.log.zip HTTP/1.1" 206 82288 "-" "Mozilla/4.0 (compatible; MSIE 7.0; Windows NT 6.2; WOW64; Trident/7.0; .NET4.0E; .NET4.0C; .NET CLR 3.5.30729; .NET CLR 2.0.50727; .NET CLR 3.0.30729)" 
125.71.229.183 - - [23/Jul/2017:19:02:24 -0700] "GET /Security-Data-Analysis/Lab_1/conn.log.zip HTTP/1.1" 206 174448 "-" "Mozilla/4.0 (compatible; MSIE 7.0; Windows NT 6.2; WOW64; Trident/7.0; .NET4.0E; .NET4.0C; .NET CLR 3.5.30729; .NET CLR 2.0.50727; .NET CLR 3.0.30729)" 
125.71.229.183 - - [23/Jul/2017:19:02:47 -0700] "GET /squid/ HTTP/1.1" 200 570 "-" "Mozilla/5.0 (Windows NT 10.0; Win64; x64) AppleWebKit/537.36 (KHTML, like Gecko) Chrome/58.0.3029.110 Safari/537.36" 
125.71.229.183 - - [23/Jul/2017:19:02:48 -0700] "GET /favicon.ico HTTP/1.1" 200 267 "http://www.secrepo.com/squid/" "Mozilla/5.0 (Windows NT 10.0; Win64; x64) AppleWebKit/537.36 (KHTML, like Gecko) Chrome/58.0.3029.110 Safari/537.36" 
125.71.229.183 - - [23/Jul/2017:19:02:43 -0700] "GET /Security-Data-Analysis/Lab_1/conn.log.zip HTTP/1.1" 206 143729 "-" "Mozilla/4.0 (compatible; MSIE 7.0; Windows NT 6.2; WOW64; Trident/7.0; .NET4.0E; .NET4.0C; .NET CLR 3.5.30729; .NET CLR 2.0.50727; .NET CLR 3.0.30729)" 
47.91.139.152 - - [23/Jul/2017:19:02:48 -0700] "GET /squid/access.log.gz HTTP/1.1" 200 5817025 "-" "Mozilla/5.0 (Windows NT 6.1; WOW64) AppleWebKit/537.36 (KHTML, like Gecko) Chrome/45.0.2454.101 Safari/537.36" 
125.71.229.183 - - [23/Jul/2017:19:02:56 -0700] "GET / HTTP/1.1" 304 189 "-" "Mozilla/5.0 (Windows NT 10.0; Win64; x64) AppleWebKit/537.36 (KHTML, like Gecko) Chrome/58.0.3029.110 Safari/537.36" 
125.71.229.183 - - [23/Jul/2017:19:02:51 -0700] "GET /Security-Data-Analysis/Lab_1/conn.log.zip HTTP/1.1" 206 205168 "-" "Mozilla/4.0 (compatible; MSIE 7.0; Windows NT 6.2; WOW64; Trident/7.0; .NET4.0E; .NET4.0C; .NET CLR 3.5.30729; .NET CLR 2.0.50727; .NET CLR 3.0.30729)" 
47.91.139.152 - - [23/Jul/2017:19:01:58 -0700] "GET /squid/access.log.gz HTTP/1.1" 200 23177285 "-" "Mozilla/5.0 (Windows NT 6.1; WOW64) AppleWebKit/537.36 (KHTML, like Gecko) Maxthon/5.0.4.3000 Chrome/47.0.2526.73 Safari/537.36" 
125.71.229.183 - - [23/Jul/2017:19:03:03 -0700] "GET /Security-Data-Analysis/Lab_1/conn.log.zip HTTP/1.1" 206 256369 "-" "Mozilla/4.0 (compatible; MSIE 7.0; Windows NT 6.2; WOW64; Trident/7.0; .NET4.0E; .NET4.0C; .NET CLR 3.5.30729; .NET CLR 2.0.50727; .NET CLR 3.0.30729)" 
164.132.162.159 - - [23/Jul/2017:19:03:26 -0700] "GET /self.logs/error.log.2017-01-24.gz HTTP/1.1" 200 1183 "-" "Mozilla/5.0 (compatible; AhrefsBot/5.2; +http://ahrefs.com/robot/)" 
125.71.229.183 - - [23/Jul/2017:19:03:18 -0700] "GET /Security-Data-Analysis/Lab_1/conn.log.zip HTTP/1.1" 206 153968 "-" "Mozilla/4.0 (compatible; MSIE 7.0; Windows NT 6.2; WOW64; Trident/7.0; .NET4.0E; .NET4.0C; .NET CLR 3.5.30729; .NET CLR 2.0.50727; .NET CLR 3.0.30729)" 
106.120.160.109 - - [23/Jul/2017:19:03:30 -0700] "GET /squid/access.log.gz HTTP/1.1" 200 21900 "http://www.secrepo.com/squid/access.log.gz" "Mozilla/4.0 (compatible; MSIE 8.0; Windows NT 6.1; Trident/4.0; SLCC2; .NET CLR 2.0.50727; .NET CLR 3.5.30729; .NET CLR 3.0.30729; Media Center PC 6.0; Tablet PC 2.0)" 
125.71.229.183 - - [23/Jul/2017:19:03:30 -0700] "GET /Security-Data-Analysis/Lab_1/conn.log.zip HTTP/1.1" 206 133488 "-" "Mozilla/4.0 (compatible; MSIE 7.0; Windows NT 6.2; WOW64; Trident/7.0; .NET4.0E; .NET4.0C; .NET CLR 3.5.30729; .NET CLR 2.0.50727; .NET CLR 3.0.30729)" 
125.71.229.183 - - [23/Jul/2017:19:03:39 -0700] "GET /Security-Data-Analysis/Lab_1/conn.log.zip HTTP/1.1" 206 205169 "-" "Mozilla/4.0 (compatible; MSIE 7.0; Windows NT 6.2; WOW64; Trident/7.0; .NET4.0E; .NET4.0C; .NET CLR 3.5.30729; .NET CLR 2.0.50727; .NET CLR 3.0.30729)" 
183.3.239.165 - - [23/Jul/2017:19:03:53 -0700] "GET / HTTP/1.0" 200 36476 "-" "Mozilla/5.0 (compatible; MSIE 9.0; Windows NT 6.1; Trident/5.0)" 
125.71.229.183 - - [23/Jul/2017:19:03:54 -0700] "GET /Security-Data-Analysis/Lab_1/conn.log.zip HTTP/1.1" 206 102769 "-" "Mozilla/4.0 (compatible; MSIE 7.0; Windows NT 6.2; WOW64; Trident/7.0; .NET4.0E; .NET4.0C; .NET CLR 3.5.30729; .NET CLR 2.0.50727; .NET CLR 3.0.30729)" 
125.71.229.183 - - [23/Jul/2017:19:04:00 -0700] "GET /Security-Data-Analysis/Lab_1/conn.log.zip HTTP/1.1" 206 164209 "-" "Mozilla/4.0 (compatible; MSIE 7.0; Windows NT 6.2; WOW64; Trident/7.0; .NET4.0E; .NET4.0C; .NET CLR 3.5.30729; .NET CLR 2.0.50727; .NET CLR 3.0.30729)" 
123.119.242.83 - - [23/Jul/2017:19:04:14 -0700] "GET / HTTP/1.1" 200 10794 "-" "Mozilla/5.0 (Windows NT 10.0; WOW64) AppleWebKit/537.36 (KHTML, like Gecko) Chrome/53.0.2785.104 Safari/537.36 Core/1.53.3211.400 QQBrowser/9.6.11523.400" 
125.71.229.183 - - [23/Jul/2017:19:04:07 -0700] "GET /Security-Data-Analysis/Lab_1/conn.log.zip HTTP/1.1" 206 225649 "-" "Mozilla/4.0 (compatible; MSIE 7.0; Windows NT 6.2; WOW64; Trident/7.0; .NET4.0E; .NET4.0C; .NET CLR 3.5.30729; .NET CLR 2.0.50727; .NET CLR 3.0.30729)" 
123.119.240.118 - - [23/Jul/2017:19:04:17 -0700] "GET /GitHub-Mark.png HTTP/1.1" 200 7428 "http://www.secrepo.com/" "Mozilla/5.0 (Windows NT 10.0; WOW64) AppleWebKit/537.36 (KHTML, like Gecko) Chrome/53.0.2785.104 Safari/537.36 Core/1.53.3211.400 QQBrowser/9.6.11523.400" 
123.119.240.111 - - [23/Jul/2017:19:04:18 -0700] "GET /twitter-icon.png HTTP/1.1" 200 27788 "http://www.secrepo.com/" "Mozilla/5.0 (Windows NT 10.0; WOW64) AppleWebKit/537.36 (KHTML, like Gecko) Chrome/53.0.2785.104 Safari/537.36 Core/1.53.3211.400 QQBrowser/9.6.11523.400" 
125.71.229.183 - - [23/Jul/2017:19:04:18 -0700] "GET /Security-Data-Analysis/Lab_1/conn.log.zip HTTP/1.1" 206 82288 "-" "Mozilla/4.0 (compatible; MSIE 7.0; Windows NT 6.2; WOW64; Trident/7.0; .NET4.0E; .NET4.0C; .NET CLR 3.5.30729; .NET CLR 2.0.50727; .NET CLR 3.0.30729)" 
123.119.242.83 - - [23/Jul/2017:19:04:22 -0700] "GET /bootstrap/img/favicon.ico HTTP/1.1" 200 590 "http://www.secrepo.com/" "Mozilla/5.0 (Windows NT 10.0; WOW64) AppleWebKit/537.36 (KHTML, like Gecko) Chrome/53.0.2785.104 Safari/537.36 Core/1.53.3211.400 QQBrowser/9.6.11523.400" 
101.199.112.45 - - [23/Jul/2017:19:03:57 -0700] "GET /squid/access.log.gz HTTP/1.1" 200 2421314 "-" "Mozilla/5.0 (Linux; U; Android 5.0.2; zh-CN; Redmi Note 3 Build/LRX22G) AppleWebKit/537.36 (KHTML, like Gecko) Version/4.0 OPR/11.2.3.102637 Mobile Safari/537.36" 
125.71.229.183 - - [23/Jul/2017:19:04:21 -0700] "GET /Security-Data-Analysis/Lab_1/conn.log.zip HTTP/1.1" 206 174448 "-" "Mozilla/4.0 (compatible; MSIE 7.0; Windows NT 6.2; WOW64; Trident/7.0; .NET4.0E; .NET4.0C; .NET CLR 3.5.30729; .NET CLR 2.0.50727; .NET CLR 3.0.30729)" 
125.71.229.183 - - [23/Jul/2017:19:04:34 -0700] "GET /Security-Data-Analysis/Lab_1/conn.log.zip HTTP/1.1" 206 143728 "-" "Mozilla/4.0 (compatible; MSIE 7.0; Windows NT 6.2; WOW64; Trident/7.0; .NET4.0E; .NET4.0C; .NET CLR 3.5.30729; .NET CLR 2.0.50727; .NET CLR 3.0.30729)" 
69.162.16.6 - - [23/Jul/2017:19:04:44 -0700] "GET /self.logs/error.log.2017-07-20.gz HTTP/1.1" 200 883 "http://www.secrepo.com/self.logs/" "Mozilla/5.0 (Macintosh; Intel Mac OS X 10_12_5) AppleWebKit/537.36 (KHTML, like Gecko) Chrome/59.0.3071.115 Safari/537.36" 
125.71.229.183 - - [23/Jul/2017:19:04:45 -0700] "GET /Security-Data-Analysis/Lab_1/conn.log.zip HTTP/1.1" 206 153969 "-" "Mozilla/4.0 (compatible; MSIE 7.0; Windows NT 6.2; WOW64; Trident/7.0; .NET4.0E; .NET4.0C; .NET CLR 3.5.30729; .NET CLR 2.0.50727; .NET CLR 3.0.30729)" 
125.71.229.183 - - [23/Jul/2017:19:04:52 -0700] "GET /Security-Data-Analysis/Lab_1/conn.log.zip HTTP/1.1" 206 184689 "-" "Mozilla/4.0 (compatible; MSIE 7.0; Windows NT 6.2; WOW64; Trident/7.0; .NET4.0E; .NET4.0C; .NET CLR 3.5.30729; .NET CLR 2.0.50727; .NET CLR 3.0.30729)" 
171.13.14.146 - - [23/Jul/2017:19:04:39 -0700] "GET /squid/access.log.gz HTTP/1.1" 200 956130 "-" "Mozilla/5.0 (Linux; U; Android 5.0.2; zh-CN; Redmi Note 3 Build/LRX22G) AppleWebKit/537.36 (KHTML, like Gecko) Version/4.0 OPR/11.2.3.102637 Mobile Safari/537.36" 
125.71.229.183 - - [23/Jul/2017:19:05:01 -0700] "GET /Security-Data-Analysis/Lab_1/conn.log.zip HTTP/1.1" 206 205168 "-" "Mozilla/4.0 (compatible; MSIE 7.0; Windows NT 6.2; WOW64; Trident/7.0; .NET4.0E; .NET4.0C; .NET CLR 3.5.30729; .NET CLR 2.0.50727; .NET CLR 3.0.30729)" 
125.71.229.183 - - [23/Jul/2017:19:05:17 -0700] "GET /Security-Data-Analysis/Lab_1/conn.log.zip HTTP/1.1" 206 102768 "-" "Mozilla/4.0 (compatible; MSIE 7.0; Windows NT 6.2; WOW64; Trident/7.0; .NET4.0E; .NET4.0C; .NET CLR 3.5.30729; .NET CLR 2.0.50727; .NET CLR 3.0.30729)" 
125.71.229.183 - - [23/Jul/2017:19:05:26 -0700] "GET /Security-Data-Analysis/Lab_1/conn.log.zip HTTP/1.1" 206 82288 "-" "Mozilla/4.0 (compatible; MSIE 7.0; Windows NT 6.2; WOW64; Trident/7.0; .NET4.0E; .NET4.0C; .NET CLR 3.5.30729; .NET CLR 2.0.50727; .NET CLR 3.0.30729)" 
182.118.20.145 - - [23/Jul/2017:19:05:07 -0700] "GET /squid/access.log.gz HTTP/1.1" 200 3497334 "-" "Mozilla/5.0 (Linux; U; Android 5.0.2; zh-CN; Redmi Note 3 Build/LRX22G) AppleWebKit/537.36 (KHTML, like Gecko) Version/4.0 OPR/11.2.3.102637 Mobile Safari/537.36" 
125.71.229.183 - - [23/Jul/2017:19:05:28 -0700] "GET /Security-Data-Analysis/Lab_1/conn.log.zip HTTP/1.1" 206 225648 "-" "Mozilla/4.0 (compatible; MSIE 7.0; Windows NT 6.2; WOW64; Trident/7.0; .NET4.0E; .NET4.0C; .NET CLR 3.5.30729; .NET CLR 2.0.50727; .NET CLR 3.0.30729)" 
125.71.229.183 - - [23/Jul/2017:19:05:44 -0700] "GET /Security-Data-Analysis/Lab_1/conn.log.zip HTTP/1.1" 206 123249 "-" "Mozilla/4.0 (compatible; MSIE 7.0; Windows NT 6.2; WOW64; Trident/7.0; .NET4.0E; .NET4.0C; .NET CLR 3.5.30729; .NET CLR 2.0.50727; .NET CLR 3.0.30729)" 
125.71.229.183 - - [23/Jul/2017:19:05:50 -0700] "GET /Security-Data-Analysis/Lab_1/conn.log.zip HTTP/1.1" 206 205169 "-" "Mozilla/4.0 (compatible; MSIE 7.0; Windows NT 6.2; WOW64; Trident/7.0; .NET4.0E; .NET4.0C; .NET CLR 3.5.30729; .NET CLR 2.0.50727; .NET CLR 3.0.30729)" 
125.71.229.183 - - [23/Jul/2017:19:06:06 -0700] "GET /Security-Data-Analysis/Lab_1/conn.log.zip HTTP/1.1" 206 65904 "-" "Mozilla/4.0 (compatible; MSIE 7.0; Windows NT 6.2; WOW64; Trident/7.0; .NET4.0E; .NET4.0C; .NET CLR 3.5.30729; .NET CLR 2.0.50727; .NET CLR 3.0.30729)" 
125.71.229.183 - - [23/Jul/2017:19:06:08 -0700] "GET /Security-Data-Analysis/Lab_1/conn.log.zip HTTP/1.1" 206 184688 "-" "Mozilla/4.0 (compatible; MSIE 7.0; Windows NT 6.2; WOW64; Trident/7.0; .NET4.0E; .NET4.0C; .NET CLR 3.5.30729; .NET CLR 2.0.50727; .NET CLR 3.0.30729)" 
125.71.229.183 - - [23/Jul/2017:19:06:17 -0700] "GET /Security-Data-Analysis/Lab_1/conn.log.zip HTTP/1.1" 206 235888 "-" "Mozilla/4.0 (compatible; MSIE 7.0; Windows NT 6.2; WOW64; Trident/7.0; .NET4.0E; .NET4.0C; .NET CLR 3.5.30729; .NET CLR 2.0.50727; .NET CLR 3.0.30729)" 
125.71.229.183 - - [23/Jul/2017:19:06:34 -0700] "GET /Security-Data-Analysis/Lab_1/conn.log.zip HTTP/1.1" 206 153969 "-" "Mozilla/4.0 (compatible; MSIE 7.0; Windows NT 6.2; WOW64; Trident/7.0; .NET4.0E; .NET4.0C; .NET CLR 3.5.30729; .NET CLR 2.0.50727; .NET CLR 3.0.30729)" 
125.71.229.183 - - [23/Jul/2017:19:06:42 -0700] "GET /Security-Data-Analysis/Lab_1/conn.log.zip HTTP/1.1" 206 153969 "-" "Mozilla/4.0 (compatible; MSIE 7.0; Windows NT 6.2; WOW64; Trident/7.0; .NET4.0E; .NET4.0C; .NET CLR 3.5.30729; .NET CLR 2.0.50727; .NET CLR 3.0.30729)" 
125.71.229.183 - - [23/Jul/2017:19:06:48 -0700] "GET /Security-Data-Analysis/Lab_1/conn.log.zip HTTP/1.1" 206 297329 "-" "Mozilla/4.0 (compatible; MSIE 7.0; Windows NT 6.2; WOW64; Trident/7.0; .NET4.0E; .NET4.0C; .NET CLR 3.5.30729; .NET CLR 2.0.50727; .NET CLR 3.0.30729)" 
125.71.229.183 - - [23/Jul/2017:19:02:39 -0700] "GET /squid/access.log.gz HTTP/1.1" 200 14585382 "-" "Mozilla/5.0 (Windows NT 10.0; Win64; x64) AppleWebKit/537.36 (KHTML, like Gecko) Chrome/58.0.3029.110 Safari/537.36" 
125.71.229.183 - - [23/Jul/2017:19:07:06 -0700] "GET /Security-Data-Analysis/Lab_1/conn.log.zip HTTP/1.1" 206 153968 "-" "Mozilla/4.0 (compatible; MSIE 7.0; Windows NT 6.2; WOW64; Trident/7.0; .NET4.0E; .NET4.0C; .NET CLR 3.5.30729; .NET CLR 2.0.50727; .NET CLR 3.0.30729)" 
