180.153.236.61 - - [26/Oct/2015:01:33:23 -0700] "GET / HTTP/1.1" 200 7880 "http://www.secrepo.com/" "Mozilla/5.0 (compatible; MSIE 9.0; Windows NT 6.1; Trident/5.0); 360Spider(compatible; HaosouSpider; http://www.haosou.com/help/help_3_2.html)" 
149.6.150.10 - - [26/Oct/2015:01:50:46 -0700] "GET / HTTP/1.1" 200 7880 "-" "Mozilla/5.0 (X11; Linux x86_64) AppleWebKit/537.36 (KHTML, like Gecko) Ubuntu Chromium/45.0.2454.101 Chrome/45.0.2454.101 Safari/537.36" 
149.6.150.10 - - [26/Oct/2015:01:50:46 -0700] "GET /GitHub-Mark.png HTTP/1.1" 200 7427 "http://www.secrepo.com/" "Mozilla/5.0 (X11; Linux x86_64) AppleWebKit/537.36 (KHTML, like Gecko) Ubuntu Chromium/45.0.2454.101 Chrome/45.0.2454.101 Safari/537.36" 
149.6.150.10 - - [26/Oct/2015:01:50:47 -0700] "GET /bootstrap/img/favicon.ico HTTP/1.1" 200 589 "http://www.secrepo.com/" "Mozilla/5.0 (X11; Linux x86_64) AppleWebKit/537.36 (KHTML, like Gecko) Ubuntu Chromium/45.0.2454.101 Chrome/45.0.2454.101 Safari/537.36" 
207.46.13.178 - - [26/Oct/2015:02:03:25 -0700] "GET /self.logs/access.log.2015-07-05.gz HTTP/1.1" 200 3468 "-" "Mozilla/5.0 (compatible; bingbot/2.0; +http://www.bing.com/bingbot.htm)" 
157.55.39.85 - - [26/Oct/2015:02:28:08 -0700] "GET /robots.txt HTTP/1.1" 301 518 "-" "Mozilla/5.0 (compatible; bingbot/2.0; +http://www.bing.com/bingbot.htm)" 
157.55.39.85 - - [26/Oct/2015:02:28:09 -0700] "GET /robots.txt HTTP/1.1" 200 288 "-" "Mozilla/5.0 (compatible; bingbot/2.0; +http://www.bing.com/bingbot.htm)" 
157.55.39.85 - - [26/Oct/2015:02:29:07 -0700] "GET /self.logs/access.log.2015-02-05.gz HTTP/1.1" 301 545 "-" "Mozilla/5.0 (compatible; bingbot/2.0; +http://www.bing.com/bingbot.htm)" 
207.46.13.178 - - [26/Oct/2015:02:36:13 -0700] "GET /robots.txt HTTP/1.1" 200 289 "-" "Mozilla/5.0 (compatible; bingbot/2.0; +http://www.bing.com/bingbot.htm)" 
207.46.13.178 - - [26/Oct/2015:02:36:19 -0700] "GET /self.logs/error.log.2015-07-20.gz HTTP/1.1" 200 969 "-" "Mozilla/5.0 (compatible; bingbot/2.0; +http://www.bing.com/bingbot.htm)" 
67.17.36.176 - - [26/Oct/2015:02:48:41 -0700] "GET /honeypot/BSidesDFW%20-%202014.ipynb HTTP/1.0" 200 930799 "http://www.secrepo.com/" "Mozilla/5.0 (Windows NT 6.1; WOW64) AppleWebKit/537.36 (KHTML, like Gecko) Chrome/39.0.2171.95 Safari/537.36 OPR/26.0.1656.60" 
80.240.144.101 - - [26/Oct/2015:03:02:29 -0700] "GET / HTTP/1.1" 200 7880 "-" "Mozilla/5.0 (Windows NT 6.1; WOW64) AppleWebKit/537.36 (KHTML, like Gecko) Chrome/46.0.2490.71 Safari/537.36" 
80.240.144.101 - - [26/Oct/2015:03:02:30 -0700] "GET /twitter-icon.png HTTP/1.1" 200 27787 "http://www.secrepo.com/" "Mozilla/5.0 (Windows NT 6.1; WOW64) AppleWebKit/537.36 (KHTML, like Gecko) Chrome/46.0.2490.71 Safari/537.36" 
80.240.144.101 - - [26/Oct/2015:03:02:30 -0700] "GET /GitHub-Mark.png HTTP/1.1" 200 7428 "http://www.secrepo.com/" "Mozilla/5.0 (Windows NT 6.1; WOW64) AppleWebKit/537.36 (KHTML, like Gecko) Chrome/46.0.2490.71 Safari/537.36" 
157.55.39.85 - - [26/Oct/2015:03:33:02 -0700] "GET /robots.txt HTTP/1.1" 301 518 "-" "Mozilla/5.0 (compatible; bingbot/2.0; +http://www.bing.com/bingbot.htm)" 
157.55.39.85 - - [26/Oct/2015:03:33:03 -0700] "GET /robots.txt HTTP/1.1" 200 288 "-" "Mozilla/5.0 (compatible; bingbot/2.0; +http://www.bing.com/bingbot.htm)" 
157.55.39.85 - - [26/Oct/2015:03:33:19 -0700] "GET /self.logs/access.log.2015-05-19.gz HTTP/1.1" 301 546 "-" "Mozilla/5.0 (compatible; bingbot/2.0; +http://www.bing.com/bingbot.htm)" 
195.2.244.193 - - [26/Oct/2015:03:53:37 -0700] "GET / HTTP/1.0" 200 7843 "https://www.google.co.uk/" "Mozilla/5.0 (Windows NT 6.1; WOW64) AppleWebKit/537.36 (KHTML, like Gecko) Chrome/43.0.2357.134 Safari/537.36" 
195.2.244.193 - - [26/Oct/2015:03:53:38 -0700] "GET /twitter-icon.png HTTP/1.0" 200 27751 "http://www.secrepo.com/" "Mozilla/5.0 (Windows NT 6.1; WOW64) AppleWebKit/537.36 (KHTML, like Gecko) Chrome/43.0.2357.134 Safari/537.36" 
195.2.244.193 - - [26/Oct/2015:03:53:39 -0700] "GET /GitHub-Mark.png HTTP/1.0" 200 7391 "http://www.secrepo.com/" "Mozilla/5.0 (Windows NT 6.1; WOW64) AppleWebKit/537.36 (KHTML, like Gecko) Chrome/43.0.2357.134 Safari/537.36" 
195.2.244.193 - - [26/Oct/2015:03:53:39 -0700] "GET /bootstrap/img/favicon.ico HTTP/1.0" 200 553 "http://www.secrepo.com/" "Mozilla/5.0 (Windows NT 6.1; WOW64) AppleWebKit/537.36 (KHTML, like Gecko) Chrome/43.0.2357.134 Safari/537.36" 
157.55.39.219 - - [26/Oct/2015:04:00:32 -0700] "GET /robots.txt HTTP/1.1" 301 518 "-" "Mozilla/5.0 (compatible; bingbot/2.0; +http://www.bing.com/bingbot.htm)" 
157.55.39.219 - - [26/Oct/2015:04:00:34 -0700] "GET /robots.txt HTTP/1.1" 200 288 "-" "Mozilla/5.0 (compatible; bingbot/2.0; +http://www.bing.com/bingbot.htm)" 
185.112.248.67 - - [26/Oct/2015:04:04:31 -0700] "GET /honeypot/BSidesDFW HTTP/1.0" 404 295 "-" "Mozilla/5.0 (Windows NT 6.1) AppleWebKit/537.36 (KHTML, like Gecko) Chrome/41.0.2228.0 Safari/537.36" 
185.112.248.67 - - [26/Oct/2015:04:04:32 -0700] "GET /honeypot/BSidesDFW HTTP/1.0" 404 295 "-" "Mozilla/5.0 (Windows NT 6.1) AppleWebKit/537.36 (KHTML, like Gecko) Chrome/41.0.2228.0 Safari/537.36" 
157.55.39.219 - - [26/Oct/2015:04:05:47 -0700] "GET /self.logs/access.log.2015-01-31.gz HTTP/1.1" 301 545 "-" "Mozilla/5.0 (compatible; bingbot/2.0; +http://www.bing.com/bingbot.htm)" 
157.55.39.219 - - [26/Oct/2015:04:17:59 -0700] "GET /self.logs/error.log.2015-03-14.gz HTTP/1.1" 301 544 "-" "Mozilla/5.0 (compatible; bingbot/2.0; +http://www.bing.com/bingbot.htm)" 
195.2.244.193 - - [26/Oct/2015:04:19:25 -0700] "GET /misc/zeus_dga_domains.txt.zip HTTP/1.0" 200 593706 "http://www.secrepo.com/" "Mozilla/5.0 (Windows NT 6.1; WOW64) AppleWebKit/537.36 (KHTML, like Gecko) Chrome/43.0.2357.134 Safari/537.36" 
195.2.244.193 - - [26/Oct/2015:04:17:44 -0700] "GET /maccdc2012/http.log.gz HTTP/1.0" 200 54205210 "http://www.secrepo.com/" "Mozilla/5.0 (Windows NT 6.1; WOW64) AppleWebKit/537.36 (KHTML, like Gecko) Chrome/43.0.2357.134 Safari/537.36" 
195.2.244.193 - - [26/Oct/2015:04:26:39 -0700] "GET /tg/a.zip HTTP/1.0" 200 66189300 "http://www.secrepo.com/" "Mozilla/5.0 (Windows NT 6.1; WOW64) AppleWebKit/537.36 (KHTML, like Gecko) Chrome/43.0.2357.134 Safari/537.36" 
46.17.59.194 - - [26/Oct/2015:04:33:11 -0700] "GET /honeypot/BSidesDFW%20-%202014.ipynb HTTP/1.1" 200 930836 "https://www.google.co.uk" "Mozilla/5.0 (Windows NT 6.1; rv:40.0) Gecko/20100101 Firefox/40.0" 
46.17.59.194 - - [26/Oct/2015:04:33:14 -0700] "GET /favicon.ico HTTP/1.1" 200 267 "-" "Mozilla/5.0 (Windows NT 6.1; rv:40.0) Gecko/20100101 Firefox/40.0" 
87.98.216.67 - - [26/Oct/2015:04:35:53 -0700] "GET /honeypot/Honeypot%20-%20Howto%20-%20BSides%20Austin.pdf HTTP/1.1" 200 2861600 "http://www.secrepo.com/" "Mozilla/5.0 (Windows NT 6.1; WOW64) AppleWebKit/537.36 (KHTML, like Gecko) Chrome/39.0.2171.95 Safari/537.36 OPR/26.0.1656.60" 
62.155.192.128 - - [26/Oct/2015:04:59:41 -0700] "GET / HTTP/1.1" 200 7880 "-" "Mozilla/5.0 (Macintosh; Intel Mac OS X 10.10; rv:41.0) Gecko/20100101 Firefox/41.0" 
62.155.192.128 - - [26/Oct/2015:04:59:41 -0700] "GET /bootstrap/img/favicon.ico HTTP/1.1" 200 589 "-" "Mozilla/5.0 (Macintosh; Intel Mac OS X 10.10; rv:41.0) Gecko/20100101 Firefox/41.0" 
62.155.192.128 - - [26/Oct/2015:04:59:41 -0700] "GET /twitter-icon.png HTTP/1.1" 200 27787 "http://www.secrepo.com/" "Mozilla/5.0 (Macintosh; Intel Mac OS X 10.10; rv:41.0) Gecko/20100101 Firefox/41.0" 
62.155.192.128 - - [26/Oct/2015:04:59:41 -0700] "GET /GitHub-Mark.png HTTP/1.1" 200 7428 "http://www.secrepo.com/" "Mozilla/5.0 (Macintosh; Intel Mac OS X 10.10; rv:41.0) Gecko/20100101 Firefox/41.0" 
68.180.229.162 - - [26/Oct/2015:05:06:10 -0700] "GET / HTTP/1.1" 304 133 "-" "Mozilla/5.0 (compatible; Yahoo! Slurp; http://help.yahoo.com/help/us/ysearch/slurp)" 
66.249.64.145 - - [26/Oct/2015:05:18:13 -0700] "GET / HTTP/1.1" 200 7880 "-" "Mozilla/5.0 (iPhone; CPU iPhone OS 8_3 like Mac OS X) AppleWebKit/600.1.4 (KHTML, like Gecko) Version/8.0 Mobile/12F70 Safari/600.1.4 (compatible; Googlebot/2.1; +http://www.google.com/bot.html)" 
91.115.126.24 - - [26/Oct/2015:05:23:15 -0700] "GET / HTTP/1.1" 200 7880 "http://www.mlsecproject.org/" "Mozilla/5.0 (X11; Linux x86_64) AppleWebKit/537.36 (KHTML, like Gecko) Chrome/45.0.2454.101 Safari/537.36" 
91.115.126.24 - - [26/Oct/2015:05:23:15 -0700] "GET /twitter-icon.png HTTP/1.1" 200 27787 "http://www.secrepo.com/" "Mozilla/5.0 (X11; Linux x86_64) AppleWebKit/537.36 (KHTML, like Gecko) Chrome/45.0.2454.101 Safari/537.36" 
91.115.126.24 - - [26/Oct/2015:05:23:15 -0700] "GET /GitHub-Mark.png HTTP/1.1" 200 7428 "http://www.secrepo.com/" "Mozilla/5.0 (X11; Linux x86_64) AppleWebKit/537.36 (KHTML, like Gecko) Chrome/45.0.2454.101 Safari/537.36" 
91.115.126.24 - - [26/Oct/2015:05:23:15 -0700] "GET /bootstrap/img/favicon.ico HTTP/1.1" 200 589 "http://www.secrepo.com/" "Mozilla/5.0 (X11; Linux x86_64) AppleWebKit/537.36 (KHTML, like Gecko) Chrome/45.0.2454.101 Safari/537.36" 
68.180.228.155 - - [26/Oct/2015:05:41:39 -0700] "GET /robots.txt HTTP/1.1" 301 462 "-" "Mozilla/5.0 (compatible; Yahoo! Slurp; http://help.yahoo.com/help/us/ysearch/slurp)" 
68.180.228.155 - - [26/Oct/2015:05:41:39 -0700] "GET / HTTP/1.1" 301 427 "-" "Mozilla/5.0 (compatible; Yahoo! Slurp; http://help.yahoo.com/help/us/ysearch/slurp)" 
157.55.39.219 - - [26/Oct/2015:05:46:42 -0700] "GET /self.logs/error.log.2015-08-09.gz HTTP/1.1" 200 838 "-" "Mozilla/5.0 (compatible; bingbot/2.0; +http://www.bing.com/bingbot.htm)" 
131.167.254.75 - - [26/Oct/2015:06:04:21 -0700] "GET / HTTP/1.1" 200 7880 "-" "Mozilla/5.0 (Macintosh; Intel Mac OS X 10_11_1) AppleWebKit/601.2.7 (KHTML, like Gecko) Version/9.0.1 Safari/601.2.7" 
131.167.254.75 - - [26/Oct/2015:06:04:21 -0700] "GET /twitter-icon.png HTTP/1.1" 200 27787 "http://www.secrepo.com/" "Mozilla/5.0 (Macintosh; Intel Mac OS X 10_11_1) AppleWebKit/601.2.7 (KHTML, like Gecko) Version/9.0.1 Safari/601.2.7" 
131.167.254.75 - - [26/Oct/2015:06:04:21 -0700] "GET /GitHub-Mark.png HTTP/1.1" 200 7428 "http://www.secrepo.com/" "Mozilla/5.0 (Macintosh; Intel Mac OS X 10_11_1) AppleWebKit/601.2.7 (KHTML, like Gecko) Version/9.0.1 Safari/601.2.7" 
131.167.254.75 - - [26/Oct/2015:06:04:22 -0700] "GET /bootstrap/img/favicon.ico HTTP/1.1" 200 589 "http://www.secrepo.com/" "Mozilla/5.0 (Macintosh; Intel Mac OS X 10_11_1) AppleWebKit/601.2.7 (KHTML, like Gecko) Version/9.0.1 Safari/601.2.7" 
183.207.232.119 - - [26/Oct/2015:06:07:04 -0700] "GET /honeypot/BSidesDFW%20-%202014.ipynb HTTP/1.0" 200 930799 "http://www.secrepo.com/" "Mozilla/5.0 (Windows NT 6.1; WOW64) AppleWebKit/537.36 (KHTML, like Gecko) Chrome/39.0.2171.95 Safari/537.36 OPR/26.0.1656.60" 
139.141.107.205 - - [26/Oct/2015:06:08:48 -0700] "GET / HTTP/1.1" 200 7880 "-" "Mozilla/5.0 (Macintosh; Intel Mac OS X 10_9_5) AppleWebKit/537.78.2 (KHTML, like Gecko) Version/7.0.6 Safari/537.78.2" 
139.141.107.205 - - [26/Oct/2015:06:08:53 -0700] "GET /GitHub-Mark.png HTTP/1.1" 200 7428 "http://www.secrepo.com/" "Mozilla/5.0 (Macintosh; Intel Mac OS X 10_9_5) AppleWebKit/537.78.2 (KHTML, like Gecko) Version/7.0.6 Safari/537.78.2" 
139.141.107.205 - - [26/Oct/2015:06:12:51 -0700] "GET /bootstrap/img/favicon.ico HTTP/1.1" 200 590 "http://www.secrepo.com/" "Mozilla/5.0 (Macintosh; Intel Mac OS X 10_9_5) AppleWebKit/537.78.2 (KHTML, like Gecko) Version/7.0.6 Safari/537.78.2" 
106.38.241.146 - - [26/Oct/2015:06:14:15 -0700] "GET /robots.txt HTTP/1.1" 200 252 "-" "Sogou web spider/4.0(+http://www.sogou.com/docs/help/webmasters.htm#07)" 
106.38.241.146 - - [26/Oct/2015:06:14:19 -0700] "GET / HTTP/1.1" 304 152 "-" "Sogou web spider/4.0(+http://www.sogou.com/docs/help/webmasters.htm#07)" 
141.8.143.159 - - [26/Oct/2015:06:24:32 -0700] "GET /robots.txt HTTP/1.1" 200 289 "-" "Mozilla/5.0 (compatible; YandexBot/3.0; +http://yandex.com/bots)" 
141.8.143.159 - - [26/Oct/2015:06:26:16 -0700] "GET /self.logs/?C=M;O=A HTTP/1.1" 200 6278 "-" "Mozilla/5.0 (compatible; YandexBot/3.0; +http://yandex.com/bots)" 
66.249.93.162 - - [26/Oct/2015:06:33:19 -0700] "GET / HTTP/1.1" 200 7880 "-" "Google favicon" 
66.249.93.154 - - [26/Oct/2015:06:33:19 -0700] "GET /bootstrap/img/favicon.ico HTTP/1.1" 200 590 "-" "Google favicon" 
101.226.169.200 - - [26/Oct/2015:06:39:43 -0700] "GET / HTTP/1.1" 200 7880 "http://www.secrepo.com/" "Mozilla/5.0 (Windows NT 6.1) AppleWebKit/537.1 (KHTML, like Gecko) Chrome/21.0.1180.89 Safari/537.1; 360Spider(compatible; HaosouSpider; http://www.haosou.com/help/help_3_2.html)" 
157.55.39.219 - - [26/Oct/2015:06:40:03 -0700] "GET /self.logs/error.log.2015-02-18.gz HTTP/1.1" 200 3123 "-" "Mozilla/5.0 (compatible; bingbot/2.0; +http://www.bing.com/bingbot.htm)" 
123.231.123.146 - - [26/Oct/2015:06:40:34 -0700] "GET / HTTP/1.1" 200 7880 "-" "Mozilla/5.0 (X11; Ubuntu; Linux x86_64; rv:41.0) Gecko/20100101 Firefox/41.0" 
123.231.123.146 - - [26/Oct/2015:06:40:36 -0700] "GET /twitter-icon.png HTTP/1.1" 200 27787 "http://www.secrepo.com/" "Mozilla/5.0 (X11; Ubuntu; Linux x86_64; rv:41.0) Gecko/20100101 Firefox/41.0" 
123.231.123.146 - - [26/Oct/2015:06:40:36 -0700] "GET /GitHub-Mark.png HTTP/1.1" 200 7428 "http://www.secrepo.com/" "Mozilla/5.0 (X11; Ubuntu; Linux x86_64; rv:41.0) Gecko/20100101 Firefox/41.0" 
218.7.170.190 - - [26/Oct/2015:06:46:54 -0700] "GET /honeypot/BSidesDFW%20-%202014.ipynb HTTP/1.0" 200 251120 "http://www.secrepo.com/" "Mozilla/5.0 (Windows NT 6.1; WOW64) AppleWebKit/537.36 (KHTML, like Gecko) Chrome/39.0.2171.95 Safari/537.36 OPR/26.0.1656.60" 
175.44.6.150 - - [26/Oct/2015:07:05:28 -0700] "GET /honeypot/Honeypot%20-%20Howto.pdf HTTP/1.1" 200 334080 "-" "Mozilla/5.0 (Windows NT 6.1; Trident/7.0; rv:11.0) like Gecko" 
62.155.192.128 - - [26/Oct/2015:07:08:53 -0700] "GET /squid/access.log.gz HTTP/1.1" 200 23100505 "-" "curl/7.37.1" 
62.155.192.128 - - [26/Oct/2015:07:08:12 -0700] "GET /squid/access.log.gz HTTP/1.1" 200 14514314 "http://www.secrepo.com/" "Mozilla/5.0 (Macintosh; Intel Mac OS X 10.10; rv:41.0) Gecko/20100101 Firefox/41.0" 
157.55.39.85 - - [26/Oct/2015:07:44:37 -0700] "GET /self.logs/error.log.2015-09-01.gz HTTP/1.1" 200 718 "-" "Mozilla/5.0 (compatible; bingbot/2.0; +http://www.bing.com/bingbot.htm)" 
157.55.39.219 - - [26/Oct/2015:08:05:45 -0700] "GET /self.logs/access.log.2015-02-27.gz HTTP/1.1" 200 3223 "-" "Mozilla/5.0 (compatible; bingbot/2.0; +http://www.bing.com/bingbot.htm)" 
46.119.123.33 - - [26/Oct/2015:08:09:49 -0700] "GET /honeypot/ HTTP/1.1" 200 1077 "http://gamesintrend.com/" "Mozilla/4.76 [en] (Windows NT 5.0; U)" 
46.119.123.33 - - [26/Oct/2015:08:09:50 -0700] "GET /honeypot/ HTTP/1.1" 200 1077 "http://gamesintrend.com/" "Mozilla/4.76 [en] (Windows NT 5.0; U)" 
46.119.123.33 - - [26/Oct/2015:08:09:50 -0700] "GET /honeypot/ HTTP/1.1" 200 1077 "http://gamesintrend.com/" "Mozilla/4.76 [en] (Windows NT 5.0; U)" 
186.135.72.3 - - [26/Oct/2015:08:41:54 -0700] "GET / HTTP/1.1" 301 483 "http://rankings-analytics.com/try.php?u=http://secrepo.com" "Mozilla/5.0 (Windows NT 6.1; WOW64) AppleWebKit/537.36 (KHTML, like Gecko) Chrome/35.0.1916.153 Safari/537.36" 
186.135.72.3 - - [26/Oct/2015:08:41:55 -0700] "GET / HTTP/1.1" 200 7880 "http://rankings-analytics.com/try.php?u=http://secrepo.com" "Mozilla/5.0 (Windows NT 6.1; WOW64) AppleWebKit/537.36 (KHTML, like Gecko) Chrome/35.0.1916.153 Safari/537.36" 
157.55.39.220 - - [26/Oct/2015:08:44:17 -0700] "GET /self.logs/access.log.2015-09-01.gz HTTP/1.1" 200 10537 "-" "Mozilla/5.0 (compatible; bingbot/2.0; +http://www.bing.com/bingbot.htm)" 
157.55.39.178 - - [26/Oct/2015:08:52:35 -0700] "GET /robots.txt HTTP/1.1" 301 518 "-" "Mozilla/5.0 (compatible; bingbot/2.0; +http://www.bing.com/bingbot.htm)" 
157.55.39.178 - - [26/Oct/2015:08:52:35 -0700] "GET /robots.txt HTTP/1.1" 200 288 "-" "Mozilla/5.0 (compatible; bingbot/2.0; +http://www.bing.com/bingbot.htm)" 
157.55.39.179 - - [26/Oct/2015:09:01:15 -0700] "GET /self.logs/access.log.2015-05-15.gz HTTP/1.1" 301 545 "-" "Mozilla/5.0 (compatible; bingbot/2.0; +http://www.bing.com/bingbot.htm)" 
178.137.94.166 - - [26/Oct/2015:09:12:51 -0700] "GET /honeypot/ HTTP/1.1" 200 1077 "http://pornogig.com/" "Mozilla/4.0 (compatible; MSIE 6.0; AOL 9.0; Windows NT 5.1)" 
46.119.123.33 - - [26/Oct/2015:09:26:58 -0700] "GET /honeypot/ HTTP/1.1" 200 1077 "http://brothers-smaller.ru/" "Mozilla/4.0 (compatible; MSIE 6.0; Windows NT 5.2; Win64; x64; SV1; .NET CLR 2.0.50727)" 
46.119.123.33 - - [26/Oct/2015:09:26:58 -0700] "GET /honeypot/ HTTP/1.1" 200 1077 "http://brothers-smaller.ru/" "Mozilla/4.0 (compatible; MSIE 6.0; Windows NT 5.2; Win64; x64; SV1; .NET CLR 2.0.50727)" 
46.119.123.33 - - [26/Oct/2015:09:26:59 -0700] "GET /honeypot/ HTTP/1.1" 200 1077 "http://brothers-smaller.ru/" "Mozilla/4.0 (compatible; MSIE 6.0; Windows NT 5.2; Win64; x64; SV1; .NET CLR 2.0.50727)" 
173.197.123.50 - - [26/Oct/2015:09:45:08 -0700] "GET / HTTP/1.1" 200 7880 "-" "Mozilla/5.0 (Macintosh; Intel Mac OS X 10.10; rv:41.0) Gecko/20100101 Firefox/41.0" 
173.197.123.50 - - [26/Oct/2015:09:45:09 -0700] "GET /bootstrap/img/favicon.ico HTTP/1.1" 200 589 "-" "Mozilla/5.0 (Macintosh; Intel Mac OS X 10.10; rv:41.0) Gecko/20100101 Firefox/41.0" 
173.197.123.50 - - [26/Oct/2015:09:45:09 -0700] "GET /twitter-icon.png HTTP/1.1" 200 27787 "http://www.secrepo.com/" "Mozilla/5.0 (Macintosh; Intel Mac OS X 10.10; rv:41.0) Gecko/20100101 Firefox/41.0" 
173.197.123.50 - - [26/Oct/2015:09:45:09 -0700] "GET /GitHub-Mark.png HTTP/1.1" 200 7428 "http://www.secrepo.com/" "Mozilla/5.0 (Macintosh; Intel Mac OS X 10.10; rv:41.0) Gecko/20100101 Firefox/41.0" 
212.83.131.201 - - [26/Oct/2015:09:54:26 -0700] "GET /honeypot/BSidesDFW - 2014.ipynb HTTP/1.0" 404 295 "-" "Mozilla/5.0 (Windows NT 6.1) AppleWebKit/537.36 (KHTML, like Gecko) Chrome/41.0.2228.0 Safari/537.36" 
212.83.131.201 - - [26/Oct/2015:09:54:26 -0700] "GET /honeypot/BSidesDFW - 2014.ipynb HTTP/1.0" 404 295 "-" "Mozilla/5.0 (Windows NT 6.1) AppleWebKit/537.36 (KHTML, like Gecko) Chrome/41.0.2228.0 Safari/537.36" 
207.46.13.178 - - [26/Oct/2015:09:55:09 -0700] "GET /self.logs/error.log.2015-03-11.gz HTTP/1.1" 200 725 "-" "Mozilla/5.0 (compatible; bingbot/2.0; +http://www.bing.com/bingbot.htm)" 
95.14.120.67 - - [26/Oct/2015:10:44:34 -0700] "GET /bootstrap/img/favicon.ico HTTP/1.1" 200 590 "-" "Mozilla/5.0 (Windows NT 10.0; WOW64; rv:41.0) Gecko/20100101 Firefox/41.0" 
91.200.12.116 - - [26/Oct/2015:10:45:39 -0700] "GET /honeypot/BSidesDFW%20-%202014.ipynb HTTP/1.0" 200 872686 "http://www.secrepo.com/honeypot/BSidesDFW%20-%202014.ipynb" "Mozilla/5.0 (Windows NT 6.1; WOW64; rv:41.0) Gecko/20100101 Firefox/41.0" 
175.44.4.49 - - [26/Oct/2015:10:43:12 -0700] "GET /honeypot/BSidesDFW%20-%202014.ipynb HTTP/1.1" 200 309600 "-" "Mozilla/5.0 (Windows NT 6.1; Trident/7.0; rv:11.0) like Gecko" 
175.44.4.49 - - [26/Oct/2015:10:45:57 -0700] "POST /honeypot/BSidesDFW%20-%202014.ipynb/trackback/ HTTP/1.1" 404 303 "http://www.secrepo.com/honeypot/BSidesDFW - 2014.ipynb" "Mozilla/5.0 (Windows NT 6.1; Trident/7.0; rv:11.0) like Gecko" 
157.55.39.85 - - [26/Oct/2015:10:52:40 -0700] "GET /self.logs/error.log.2015-07-14.gz HTTP/1.1" 200 652 "-" "Mozilla/5.0 (compatible; bingbot/2.0; +http://www.bing.com/bingbot.htm)" 
91.200.12.130 - - [26/Oct/2015:10:54:43 -0700] "GET /honeypot/BSidesDFW%20-%202014.ipynb HTTP/1.0" 200 805920 "http://www.secrepo.com/honeypot/BSidesDFW%20-%202014.ipynb" "Mozilla/5.0 (Windows NT 6.1; WOW64) AppleWebKit/537.36 (KHTML, like Gecko) Chrome/45.0.2454.85 Safari/537.36 OPR/32.0.1948.25" 
91.200.12.116 - - [26/Oct/2015:10:59:29 -0700] "GET /honeypot/BSidesDFW%20-%202014.ipynb HTTP/1.0" 200 930799 "http://www.secrepo.com/honeypot/BSidesDFW%20-%202014.ipynb" "Mozilla/5.0 (Windows NT 6.1; WOW64) AppleWebKit/537.36 (KHTML, like Gecko) Chrome/43.0.2357.124 YaBrowser/15.7.2357.2877 Safari/537.36" 
199.195.119.66 - - [26/Oct/2015:11:06:01 -0700] "GET /honeypot/Honeypot%20-%20Howto.pdf&amp;sa=U&amp;ved=0CNMCEBYwPmoVChMIq8ya_9rgyAIVhyemCh2eiARt&amp;usg=AFQjCNG1YEaxNgnzXidl_x2aOVGOYWUAtw/zboard.php?id=test HTTP/1.1" 404 284 "-" "Mozilla/4.0 (compatible; MSIE 6.0; Windows NT 5.1; SV1; .NET CLR 1.1.4322)" 
199.195.119.66 - - [26/Oct/2015:11:06:01 -0700] "GET /zboard.php?id=test HTTP/1.1" 404 284 "-" "Mozilla/4.0 (compatible; MSIE 6.0; Windows NT 5.1; SV1; .NET CLR 1.1.4322)" 
199.195.119.66 - - [26/Oct/2015:11:06:01 -0700] "GET /honeypot/zboard.php?id=test HTTP/1.1" 404 284 "-" "Mozilla/4.0 (compatible; MSIE 6.0; Windows NT 5.1; SV1; .NET CLR 1.1.4322)" 
199.195.119.66 - - [26/Oct/2015:11:06:47 -0700] "GET /honeypot/Honeypot%20-%20Howto.pdf/zboard.php?id=test HTTP/1.1" 404 284 "-" "Mozilla/4.0 (compatible; MSIE 6.0; Windows NT 5.1; SV1; .NET CLR 1.1.4322)" 
199.195.119.66 - - [26/Oct/2015:11:06:47 -0700] "GET /zboard.php?id=test HTTP/1.1" 404 284 "-" "Mozilla/4.0 (compatible; MSIE 6.0; Windows NT 5.1; SV1; .NET CLR 1.1.4322)" 
199.195.119.66 - - [26/Oct/2015:11:06:47 -0700] "GET /honeypot/zboard.php?id=test HTTP/1.1" 404 284 "-" "Mozilla/4.0 (compatible; MSIE 6.0; Windows NT 5.1; SV1; .NET CLR 1.1.4322)" 
199.195.119.66 - - [26/Oct/2015:11:07:23 -0700] "GET /honeypot/Honeypot%20-%20Howto.pdf/zboard.php?id=test HTTP/1.1" 404 284 "-" "Mozilla/4.0 (compatible; MSIE 6.0; Windows NT 5.1; SV1; .NET CLR 1.1.4322)" 
199.195.119.66 - - [26/Oct/2015:11:07:23 -0700] "GET /zboard.php?id=test HTTP/1.1" 404 284 "-" "Mozilla/4.0 (compatible; MSIE 6.0; Windows NT 5.1; SV1; .NET CLR 1.1.4322)" 
199.195.119.66 - - [26/Oct/2015:11:07:23 -0700] "GET /honeypot/zboard.php?id=test HTTP/1.1" 404 284 "-" "Mozilla/4.0 (compatible; MSIE 6.0; Windows NT 5.1; SV1; .NET CLR 1.1.4322)" 
91.200.12.130 - - [26/Oct/2015:11:08:43 -0700] "GET /honeypot/BSidesDFW%20-%202014.ipynb HTTP/1.0" 200 836580 "http://www.secrepo.com/honeypot/BSidesDFW%20-%202014.ipynb" "Mozilla/5.0 (Windows NT 6.1; rv:40.0) Gecko/20100101 Firefox/40.0" 
104.130.0.17 - - [26/Oct/2015:11:11:38 -0700] "GET /robots.txt HTTP/1.1" 301 446 "-" "Tornado-Async-Client" 
104.130.0.17 - - [26/Oct/2015:11:11:38 -0700] "GET /robots.txt HTTP/1.1" 200 304 "-" "Tornado-Async-Client" 
104.130.0.17 - - [26/Oct/2015:11:11:38 -0700] "GET /honeypot/BSidesDFW%20-%202014.ipynb HTTP/1.1" 301 484 "-" "Tornado-Async-Client" 
104.130.0.17 - - [26/Oct/2015:11:11:38 -0700] "GET /honeypot/BSidesDFW%20-%202014.ipynb HTTP/1.1" 200 930780 "-" "Tornado-Async-Client" 
137.69.117.207 - - [26/Oct/2015:11:20:53 -0700] "GET / HTTP/1.1" 200 7880 "http://www.secrepo.com/" "Mozilla/5.0 (Macintosh; Intel Mac OS X 10_9_4) AppleWebKit/537.77.4 (KHTML, like Gecko) Version/7.0.5 Safari/537.77.4" 
137.69.117.207 - - [26/Oct/2015:11:20:53 -0700] "GET /GitHub-Mark.png HTTP/1.1" 200 7427 "http://www.secrepo.com/" "Mozilla/5.0 (Macintosh; Intel Mac OS X 10_9_4) AppleWebKit/537.77.4 (KHTML, like Gecko) Version/7.0.5 Safari/537.77.4" 
137.69.117.207 - - [26/Oct/2015:11:20:53 -0700] "GET /twitter-icon.png HTTP/1.1" 200 27788 "http://www.secrepo.com/" "Mozilla/5.0 (Macintosh; Intel Mac OS X 10_9_4) AppleWebKit/537.77.4 (KHTML, like Gecko) Version/7.0.5 Safari/537.77.4" 
137.69.117.207 - - [26/Oct/2015:11:20:57 -0700] "GET /bootstrap/img/favicon.ico HTTP/1.1" 200 590 "http://www.secrepo.com/" "Mozilla/5.0 (Macintosh; Intel Mac OS X 10_9_4) AppleWebKit/537.77.4 (KHTML, like Gecko) Version/7.0.5 Safari/537.77.4" 
37.187.137.225 - - [26/Oct/2015:11:34:50 -0700] "GET /robots.txt HTTP/1.0" 200 252 "-" "Mozilla/5.0 (compatible; MJ12bot/v1.4.5; http://www.majestic12.co.uk/bot.php?+)" 
37.187.137.225 - - [26/Oct/2015:11:34:51 -0700] "GET /robots.txt HTTP/1.0" 200 252 "-" "Mozilla/5.0 (compatible; MJ12bot/v1.4.5; http://www.majestic12.co.uk/bot.php?+)" 
98.255.147.88 - - [26/Oct/2015:11:42:15 -0700] "GET / HTTP/1.1" 200 7880 "https://www.google.com/" "Mozilla/5.0 (Macintosh; Intel Mac OS X 10_10_5) AppleWebKit/601.2.7 (KHTML, like Gecko) Version/9.0.1 Safari/601.2.7" 
98.255.147.88 - - [26/Oct/2015:11:42:15 -0700] "GET /twitter-icon.png HTTP/1.1" 200 27787 "http://www.secrepo.com/" "Mozilla/5.0 (Macintosh; Intel Mac OS X 10_10_5) AppleWebKit/601.2.7 (KHTML, like Gecko) Version/9.0.1 Safari/601.2.7" 
98.255.147.88 - - [26/Oct/2015:11:42:15 -0700] "GET /GitHub-Mark.png HTTP/1.1" 200 7428 "http://www.secrepo.com/" "Mozilla/5.0 (Macintosh; Intel Mac OS X 10_10_5) AppleWebKit/601.2.7 (KHTML, like Gecko) Version/9.0.1 Safari/601.2.7" 
98.255.147.88 - - [26/Oct/2015:11:42:16 -0700] "GET /bootstrap/img/favicon.ico HTTP/1.1" 200 590 "http://www.secrepo.com/" "Mozilla/5.0 (Macintosh; Intel Mac OS X 10_10_5) AppleWebKit/601.2.7 (KHTML, like Gecko) Version/9.0.1 Safari/601.2.7" 
184.23.225.98 - - [26/Oct/2015:11:44:28 -0700] "GET / HTTP/1.1" 200 7880 "http://www.mlsecproject.org/" "Mozilla/5.0 (Macintosh; Intel Mac OS X 10_10_5) AppleWebKit/537.36 (KHTML, like Gecko) Chrome/46.0.2490.71 Safari/537.36" 
184.23.225.98 - - [26/Oct/2015:11:44:28 -0700] "GET /twitter-icon.png HTTP/1.1" 200 27787 "http://www.secrepo.com/" "Mozilla/5.0 (Macintosh; Intel Mac OS X 10_10_5) AppleWebKit/537.36 (KHTML, like Gecko) Chrome/46.0.2490.71 Safari/537.36" 
184.23.225.98 - - [26/Oct/2015:11:44:28 -0700] "GET /GitHub-Mark.png HTTP/1.1" 200 7428 "http://www.secrepo.com/" "Mozilla/5.0 (Macintosh; Intel Mac OS X 10_10_5) AppleWebKit/537.36 (KHTML, like Gecko) Chrome/46.0.2490.71 Safari/537.36" 
184.23.225.98 - - [26/Oct/2015:11:44:29 -0700] "GET /bootstrap/img/favicon.ico HTTP/1.1" 200 589 "http://www.secrepo.com/" "Mozilla/5.0 (Macintosh; Intel Mac OS X 10_10_5) AppleWebKit/537.36 (KHTML, like Gecko) Chrome/46.0.2490.71 Safari/537.36" 
98.255.147.88 - - [26/Oct/2015:11:52:05 -0700] "GET / HTTP/1.1" 301 483 "http://www.secrepo.com/" "Mozilla/5.0 (Macintosh; Intel Mac OS X 10_10_5) AppleWebKit/601.2.7 (KHTML, like Gecko) Version/9.0.1 Safari/601.2.7" 
98.255.147.88 - - [26/Oct/2015:11:52:05 -0700] "GET / HTTP/1.1" 200 7880 "http://www.secrepo.com/" "Mozilla/5.0 (Macintosh; Intel Mac OS X 10_10_5) AppleWebKit/601.2.7 (KHTML, like Gecko) Version/9.0.1 Safari/601.2.7" 
141.8.143.159 - - [26/Oct/2015:12:01:29 -0700] "GET /self.logs/?C=S;O=A HTTP/1.1" 200 6579 "-" "Mozilla/5.0 (compatible; YandexBot/3.0; +http://yandex.com/bots)" 
141.8.143.159 - - [26/Oct/2015:12:05:37 -0700] "GET / HTTP/1.1" 200 7880 "-" "Mozilla/5.0 (compatible; YandexBot/3.0; +http://yandex.com/bots)" 
199.21.99.200 - - [26/Oct/2015:12:05:37 -0700] "GET /robots.txt HTTP/1.1" 301 518 "-" "Mozilla/5.0 (compatible; YandexBot/3.0; +http://yandex.com/bots)" 
141.8.143.159 - - [26/Oct/2015:12:05:40 -0700] "GET / HTTP/1.1" 200 7880 "-" "Mozilla/5.0 (compatible; YandexBot/3.0; +http://yandex.com/bots)" 
100.43.81.148 - - [26/Oct/2015:12:05:41 -0700] "GET / HTTP/1.1" 301 483 "-" "Mozilla/5.0 (compatible; YandexBot/3.0; +http://yandex.com/bots)" 
207.46.13.178 - - [26/Oct/2015:12:19:36 -0700] "GET /robots.txt HTTP/1.1" 200 289 "-" "Mozilla/5.0 (compatible; bingbot/2.0; +http://www.bing.com/bingbot.htm)" 
207.46.13.178 - - [26/Oct/2015:12:19:54 -0700] "GET /self.logs/error.log.2015-03-16.gz HTTP/1.1" 200 944 "-" "Mozilla/5.0 (compatible; bingbot/2.0; +http://www.bing.com/bingbot.htm)" 
69.30.205.218 - - [26/Oct/2015:12:29:16 -0700] "GET /robots.txt HTTP/1.0" 200 252 "-" "Mozilla/5.0 (compatible; MJ12bot/v1.4.5; http://www.majestic12.co.uk/bot.php?+)" 
69.30.205.218 - - [26/Oct/2015:12:29:17 -0700] "GET /honeypot//%22http://amunhoney.sourceforge.net//%22 HTTP/1.0" 404 284 "-" "Mozilla/5.0 (compatible; MJ12bot/v1.4.5; http://www.majestic12.co.uk/bot.php?+)" 
69.30.205.218 - - [26/Oct/2015:12:29:20 -0700] "GET /honeypot//%22http://glastopf.org//%22 HTTP/1.0" 404 303 "-" "Mozilla/5.0 (compatible; MJ12bot/v1.4.5; http://www.majestic12.co.uk/bot.php?+)" 
69.30.205.218 - - [26/Oct/2015:12:29:21 -0700] "GET /honeypot//%22http://www.maxmind.com/%22 HTTP/1.0" 404 303 "-" "Mozilla/5.0 (compatible; MJ12bot/v1.4.5; http://www.majestic12.co.uk/bot.php?+)" 
69.30.205.218 - - [26/Oct/2015:12:29:23 -0700] "GET /honeypot//%22https://twitter.com/sooshie/%22 HTTP/1.0" 404 303 "-" "Mozilla/5.0 (compatible; MJ12bot/v1.4.5; http://www.majestic12.co.uk/bot.php?+)" 
157.55.39.219 - - [26/Oct/2015:12:39:52 -0700] "GET /self.logs/access.log.2015-03-03.gz HTTP/1.1" 200 2870 "-" "Mozilla/5.0 (compatible; bingbot/2.0; +http://www.bing.com/bingbot.htm)" 
123.125.71.43 - - [26/Oct/2015:12:44:58 -0700] "GET / HTTP/1.1" 301 446 "-" "Mozilla/5.0 (Windows NT 5.1; rv:6.0.2) Gecko/20100101 Firefox/6.0.2" 
123.125.71.42 - - [26/Oct/2015:12:44:59 -0700] "GET / HTTP/1.1" 200 7843 "-" "Mozilla/5.0 (Windows NT 5.1; rv:6.0.2) Gecko/20100101 Firefox/6.0.2" 
123.125.71.48 - - [26/Oct/2015:12:44:59 -0700] "GET / HTTP/1.1" 200 25983 "-" "Mozilla/5.0 (Windows NT 5.1; rv:6.0.2) Gecko/20100101 Firefox/6.0.2" 
220.181.108.117 - - [26/Oct/2015:12:56:46 -0700] "GET / HTTP/1.1" 301 446 "-" "Mozilla/5.0 (Windows NT 5.1; rv:6.0.2) Gecko/20100101 Firefox/6.0.2" 
220.181.108.89 - - [26/Oct/2015:12:59:03 -0700] "GET / HTTP/1.1" 200 7843 "-" "Mozilla/5.0 (Windows NT 5.1; rv:6.0.2) Gecko/20100101 Firefox/6.0.2" 
220.181.108.163 - - [26/Oct/2015:12:59:08 -0700] "GET / HTTP/1.1" 200 25983 "-" "Mozilla/5.0 (Windows NT 5.1; rv:6.0.2) Gecko/20100101 Firefox/6.0.2" 
207.46.13.178 - - [26/Oct/2015:13:07:24 -0700] "GET /self.logs/error.log.2015-07-15.gz HTTP/1.1" 200 783 "-" "Mozilla/5.0 (compatible; bingbot/2.0; +http://www.bing.com/bingbot.htm)" 
50.242.68.110 - - [26/Oct/2015:13:11:03 -0700] "GET / HTTP/1.1" 200 7880 "-" "Mozilla/5.0 (Windows NT 6.3; WOW64) AppleWebKit/537.36 (KHTML, like Gecko) Chrome/46.0.2490.80 Safari/537.36" 
50.242.68.110 - - [26/Oct/2015:13:11:03 -0700] "GET /twitter-icon.png HTTP/1.1" 200 27787 "http://www.secrepo.com/" "Mozilla/5.0 (Windows NT 6.3; WOW64) AppleWebKit/537.36 (KHTML, like Gecko) Chrome/46.0.2490.80 Safari/537.36" 
50.242.68.110 - - [26/Oct/2015:13:11:03 -0700] "GET /GitHub-Mark.png HTTP/1.1" 200 7428 "http://www.secrepo.com/" "Mozilla/5.0 (Windows NT 6.3; WOW64) AppleWebKit/537.36 (KHTML, like Gecko) Chrome/46.0.2490.80 Safari/537.36" 
50.242.68.110 - - [26/Oct/2015:13:11:03 -0700] "GET /bootstrap/img/favicon.ico HTTP/1.1" 200 589 "http://www.secrepo.com/" "Mozilla/5.0 (Windows NT 6.3; WOW64) AppleWebKit/537.36 (KHTML, like Gecko) Chrome/46.0.2490.80 Safari/537.36" 
104.130.0.17 - - [26/Oct/2015:13:19:13 -0700] "GET /robots.txt HTTP/1.1" 301 446 "-" "Tornado-Async-Client" 
104.130.0.17 - - [26/Oct/2015:13:19:13 -0700] "GET /robots.txt HTTP/1.1" 200 304 "-" "Tornado-Async-Client" 
104.130.0.17 - - [26/Oct/2015:13:19:13 -0700] "GET /honeypot/BSidesDFW%20-%202014.ipynb HTTP/1.1" 301 484 "-" "Tornado-Async-Client" 
104.130.0.17 - - [26/Oct/2015:13:19:13 -0700] "GET /honeypot/BSidesDFW%20-%202014.ipynb HTTP/1.1" 200 930780 "-" "Tornado-Async-Client" 
173.197.123.50 - - [26/Oct/2015:13:19:07 -0700] "GET /honeypot/honeypot.json.zip HTTP/1.1" 200 378120 "http://www.secrepo.com/" "Mozilla/5.0 (Macintosh; Intel Mac OS X 10.10; rv:41.0) Gecko/20100101 Firefox/41.0" 
157.55.39.85 - - [26/Oct/2015:13:31:07 -0700] "GET /self.logs/access.log.2015-09-02.gz HTTP/1.1" 200 3927 "-" "Mozilla/5.0 (compatible; bingbot/2.0; +http://www.bing.com/bingbot.htm)" 
157.55.39.219 - - [26/Oct/2015:13:31:55 -0700] "GET /self.logs/error.log.2015-07-03.gz HTTP/1.1" 200 710 "-" "Mozilla/5.0 (compatible; bingbot/2.0; +http://www.bing.com/bingbot.htm)" 
180.153.236.138 - - [26/Oct/2015:13:36:44 -0700] "GET / HTTP/1.1" 200 7880 "http://www.secrepo.com/" "Mozilla/5.0 (compatible; MSIE 9.0; Windows NT 6.1; Trident/5.0); 360Spider(compatible; HaosouSpider; http://www.haosou.com/help/help_3_2.html)" 
123.125.71.14 - - [26/Oct/2015:13:45:04 -0700] "GET / HTTP/1.1" 301 446 "-" "Mozilla/5.0 (Windows NT 5.1; rv:6.0.2) Gecko/20100101 Firefox/6.0.2" 
123.125.71.12 - - [26/Oct/2015:13:45:05 -0700] "GET / HTTP/1.1" 200 7843 "-" "Mozilla/5.0 (Windows NT 5.1; rv:6.0.2) Gecko/20100101 Firefox/6.0.2" 
123.125.71.27 - - [26/Oct/2015:13:45:05 -0700] "GET / HTTP/1.1" 200 25983 "-" "Mozilla/5.0 (Windows NT 5.1; rv:6.0.2) Gecko/20100101 Firefox/6.0.2" 
77.37.130.103 - - [26/Oct/2015:13:56:34 -0700] "GET / HTTP/1.1" 200 7880 "-" "Mozilla/5.0 (Macintosh; Intel Mac OS X 10_11) AppleWebKit/601.1.56 (KHTML, like Gecko)" 
77.37.130.103 - - [26/Oct/2015:13:56:34 -0700] "GET /apple-touch-icon-precomposed.png HTTP/1.1" 404 340 "-" "Safari/11601.1.56 CFNetwork/760.0.5 Darwin/15.0.0 (x86_64)" 
77.37.130.103 - - [26/Oct/2015:13:56:35 -0700] "GET /apple-touch-icon.png HTTP/1.1" 404 339 "-" "Safari/11601.1.56 CFNetwork/760.0.5 Darwin/15.0.0 (x86_64)" 
77.37.130.103 - - [26/Oct/2015:13:56:35 -0700] "GET /apple-touch-icon-precomposed.png HTTP/1.1" 404 339 "-" "Safari/11601.1.56 CFNetwork/760.0.5 Darwin/15.0.0 (x86_64)" 
77.37.130.103 - - [26/Oct/2015:13:56:35 -0700] "GET /apple-touch-icon.png HTTP/1.1" 404 339 "-" "Safari/11601.1.56 CFNetwork/760.0.5 Darwin/15.0.0 (x86_64)" 
157.55.39.219 - - [26/Oct/2015:14:01:02 -0700] "GET /robots.txt HTTP/1.1" 301 518 "-" "Mozilla/5.0 (compatible; bingbot/2.0; +http://www.bing.com/bingbot.htm)" 
157.55.39.219 - - [26/Oct/2015:14:01:03 -0700] "GET /robots.txt HTTP/1.1" 200 288 "-" "Mozilla/5.0 (compatible; bingbot/2.0; +http://www.bing.com/bingbot.htm)" 
157.55.39.219 - - [26/Oct/2015:14:01:50 -0700] "GET / HTTP/1.1" 301 483 "-" "Mozilla/5.0 (compatible; bingbot/2.0; +http://www.bing.com/bingbot.htm)" 
185.112.248.67 - - [26/Oct/2015:14:06:20 -0700] "GET /honeypot/BSidesDFW HTTP/1.0" 404 295 "-" "Mozilla/5.0 (Windows NT 6.1) AppleWebKit/537.36 (KHTML, like Gecko) Chrome/41.0.2228.0 Safari/537.36" 
185.112.248.67 - - [26/Oct/2015:14:06:21 -0700] "GET /honeypot/BSidesDFW HTTP/1.0" 404 295 "-" "Mozilla/5.0 (Windows NT 6.1) AppleWebKit/537.36 (KHTML, like Gecko) Chrome/41.0.2228.0 Safari/537.36" 
145.132.54.152 - - [26/Oct/2015:14:06:52 -0700] "GET / HTTP/1.1" 200 7880 "-" "Mozilla/5.0 (Macintosh; Intel Mac OS X 10_10_3) AppleWebKit/537.36 (KHTML, like Gecko) Chrome/46.0.2490.80 Safari/537.36" 
145.132.54.152 - - [26/Oct/2015:14:06:53 -0700] "GET /twitter-icon.png HTTP/1.1" 200 27787 "http://www.secrepo.com/" "Mozilla/5.0 (Macintosh; Intel Mac OS X 10_10_3) AppleWebKit/537.36 (KHTML, like Gecko) Chrome/46.0.2490.80 Safari/537.36" 
145.132.54.152 - - [26/Oct/2015:14:06:53 -0700] "GET /GitHub-Mark.png HTTP/1.1" 200 7428 "http://www.secrepo.com/" "Mozilla/5.0 (Macintosh; Intel Mac OS X 10_10_3) AppleWebKit/537.36 (KHTML, like Gecko) Chrome/46.0.2490.80 Safari/537.36" 
145.132.54.152 - - [26/Oct/2015:14:06:54 -0700] "GET /bootstrap/img/favicon.ico HTTP/1.1" 200 589 "http://www.secrepo.com/" "Mozilla/5.0 (Macintosh; Intel Mac OS X 10_10_3) AppleWebKit/537.36 (KHTML, like Gecko) Chrome/46.0.2490.80 Safari/537.36" 
38.122.223.131 - - [26/Oct/2015:14:09:52 -0700] "GET / HTTP/1.1" 304 189 "-" "Mozilla/5.0 (Macintosh; Intel Mac OS X 10_10_5) AppleWebKit/537.36 (KHTML, like Gecko) Chrome/46.0.2490.71 Safari/537.36" 
38.122.223.131 - - [26/Oct/2015:14:09:52 -0700] "GET /twitter-icon.png HTTP/1.1" 200 27787 "http://www.secrepo.com/" "Mozilla/5.0 (Macintosh; Intel Mac OS X 10_10_5) AppleWebKit/537.36 (KHTML, like Gecko) Chrome/46.0.2490.71 Safari/537.36" 
38.122.223.131 - - [26/Oct/2015:14:09:52 -0700] "GET /GitHub-Mark.png HTTP/1.1" 200 7428 "http://www.secrepo.com/" "Mozilla/5.0 (Macintosh; Intel Mac OS X 10_10_5) AppleWebKit/537.36 (KHTML, like Gecko) Chrome/46.0.2490.71 Safari/537.36" 
207.46.13.178 - - [26/Oct/2015:14:15:53 -0700] "GET /self.logs/error.log.2015-07-29.gz HTTP/1.1" 200 742 "-" "Mozilla/5.0 (compatible; bingbot/2.0; +http://www.bing.com/bingbot.htm)" 
207.46.13.178 - - [26/Oct/2015:14:20:02 -0700] "GET / HTTP/1.1" 200 7880 "-" "Mozilla/5.0 (compatible; bingbot/2.0; +http://www.bing.com/bingbot.htm)" 
123.125.71.16 - - [26/Oct/2015:14:46:33 -0700] "GET / HTTP/1.1" 301 446 "-" "Mozilla/5.0 (Windows NT 5.1; rv:6.0.2) Gecko/20100101 Firefox/6.0.2" 
123.125.71.38 - - [26/Oct/2015:14:46:34 -0700] "GET / HTTP/1.1" 200 7843 "-" "Mozilla/5.0 (Windows NT 5.1; rv:6.0.2) Gecko/20100101 Firefox/6.0.2" 
123.125.71.42 - - [26/Oct/2015:14:46:34 -0700] "GET / HTTP/1.1" 200 25983 "-" "Mozilla/5.0 (Windows NT 5.1; rv:6.0.2) Gecko/20100101 Firefox/6.0.2" 
122.96.59.99 - - [26/Oct/2015:15:19:52 -0700] "GET http://www.secrepo.com/honeypot/Honeypot%20-%20Howto.pdf HTTP/1.0" 200 1279381 "http://www.secrepo.com/" "Mozilla/5.0 (Windows NT 6.1; WOW64) AppleWebKit/537.36 (KHTML, like Gecko) Chrome/39.0.2171.95 Safari/537.36 OPR/26.0.1656.60" 
75.104.70.0 - - [26/Oct/2015:15:34:23 -0700] "GET / HTTP/1.1" 200 7824 "-" "Mozilla/5.0 (Macintosh; Intel Mac OS X 10_10_5) AppleWebKit/537.36 (KHTML, like Gecko) Chrome/46.0.2490.71 Safari/537.36" 
75.104.70.0 - - [26/Oct/2015:15:34:27 -0700] "GET /bootstrap/img/favicon.ico HTTP/1.1" 200 534 "http://www.secrepo.com/" "Mozilla/5.0 (Macintosh; Intel Mac OS X 10_10_5) AppleWebKit/537.36 (KHTML, like Gecko) Chrome/46.0.2490.71 Safari/537.36" 
75.104.70.0 - - [26/Oct/2015:15:34:57 -0700] "GET /auth.log/auth.log.gz HTTP/1.1" 200 554468 "http://www.secrepo.com/" "Mozilla/5.0 (Macintosh; Intel Mac OS X 10_10_5) AppleWebKit/537.36 (KHTML, like Gecko) Chrome/46.0.2490.71 Safari/537.36" 
75.104.70.0 - - [26/Oct/2015:15:36:04 -0700] "GET /squid/access.log.gz HTTP/1.1" 200 23177266 "http://www.secrepo.com/" "Mozilla/5.0 (Macintosh; Intel Mac OS X 10_10_5) AppleWebKit/537.36 (KHTML, like Gecko) Chrome/46.0.2490.71 Safari/537.36" 
75.104.70.0 - - [26/Oct/2015:15:36:54 -0700] "GET /honeypot/honeypot.json.zip HTTP/1.1" 200 4631817 "http://www.secrepo.com/" "Mozilla/5.0 (Macintosh; Intel Mac OS X 10_10_5) AppleWebKit/537.36 (KHTML, like Gecko) Chrome/46.0.2490.71 Safari/537.36" 
75.104.70.0 - - [26/Oct/2015:15:38:12 -0700] "GET /Security-Data-Analysis/Lab_1/conn.log.zip HTTP/1.1" 200 259385016 "http://www.secrepo.com/" "Mozilla/5.0 (Macintosh; Intel Mac OS X 10_10_5) AppleWebKit/537.36 (KHTML, like Gecko) Chrome/46.0.2490.71 Safari/537.36" 
195.154.173.103 - - [26/Oct/2015:15:54:47 -0700] "HEAD /honeypot/BSidesDFW - 2014.ipynb HTTP/1.1" 404 276 "http://www.secrepo.com/honeypot/BSidesDFW - 2014.ipynb" "Mozilla/5.0 (Windows; U; Windows NT 6.1; en-US; rv:1.9.2.28) Gecko/20120306 Firefox/3.6.28" 
173.197.123.50 - - [26/Oct/2015:16:23:14 -0700] "GET /honeypot/honeypot.json.zip HTTP/1.1" 200 4631873 "http://www.secrepo.com/" "Mozilla/5.0 (Macintosh; Intel Mac OS X 10.10; rv:41.0) Gecko/20100101 Firefox/41.0" 
104.130.0.17 - - [26/Oct/2015:16:32:49 -0700] "GET /robots.txt HTTP/1.1" 301 446 "-" "Tornado-Async-Client" 
104.130.0.17 - - [26/Oct/2015:16:32:49 -0700] "GET /robots.txt HTTP/1.1" 200 304 "-" "Tornado-Async-Client" 
104.130.0.17 - - [26/Oct/2015:16:32:49 -0700] "GET /honeypot/BSidesDFW%20-%202014.ipynb HTTP/1.1" 301 484 "-" "Tornado-Async-Client" 
104.130.0.17 - - [26/Oct/2015:16:32:49 -0700] "GET /honeypot/BSidesDFW%20-%202014.ipynb HTTP/1.1" 200 930780 "-" "Tornado-Async-Client" 
157.55.39.85 - - [26/Oct/2015:16:44:22 -0700] "GET /self.logs/access.log.2015-09-18.gz HTTP/1.1" 200 3863 "-" "Mozilla/5.0 (compatible; bingbot/2.0; +http://www.bing.com/bingbot.htm)" 
31.184.238.243 - - [26/Oct/2015:16:55:50 -0700] "GET /honeypot/BSidesDFW%20-%202014.ipynb HTTP/1.0" 200 767960 "http://www.secrepo.com/honeypot/BSidesDFW%20-%202014.ipynb" "Mozilla/5.0 (Windows NT 6.3; WOW64) AppleWebKit/537.36 (KHTML, like Gecko) Chrome/45.0.2454.99 Safari/537.36" 
207.46.13.178 - - [26/Oct/2015:17:09:54 -0700] "GET /self.logs/error.log.2015-07-01.gz HTTP/1.1" 200 1045 "-" "Mozilla/5.0 (compatible; bingbot/2.0; +http://www.bing.com/bingbot.htm)" 
66.249.83.193 - - [26/Oct/2015:17:17:22 -0700] "GET / HTTP/1.1" 200 7880 "-" "Google favicon" 
66.249.83.248 - - [26/Oct/2015:17:17:22 -0700] "GET /bootstrap/img/favicon.ico HTTP/1.1" 200 590 "-" "Google favicon" 
180.76.15.160 - - [26/Oct/2015:17:21:33 -0700] "GET /robots.txt HTTP/1.1" 200 297 "-" "Mozilla/5.0 (Windows NT 5.1; rv:6.0.2) Gecko/20100101 Firefox/6.0.2" 
157.55.39.193 - - [26/Oct/2015:17:26:10 -0700] "GET /robots.txt HTTP/1.1" 301 518 "-" "Mozilla/5.0 (compatible; bingbot/2.0; +http://www.bing.com/bingbot.htm)" 
157.55.39.193 - - [26/Oct/2015:17:26:12 -0700] "GET /robots.txt HTTP/1.1" 200 288 "-" "Mozilla/5.0 (compatible; bingbot/2.0; +http://www.bing.com/bingbot.htm)" 
157.55.39.193 - - [26/Oct/2015:17:26:21 -0700] "GET /self.logs/access.log.2015-05-20.gz HTTP/1.1" 301 545 "-" "Mozilla/5.0 (compatible; bingbot/2.0; +http://www.bing.com/bingbot.htm)" 
131.107.160.113 - - [26/Oct/2015:17:38:19 -0700] "GET / HTTP/1.1" 200 7880 "http://www.mlsecproject.org/" "Mozilla/5.0 (Windows NT 6.3; Win64; x64) AppleWebKit/537.36 (KHTML, like Gecko) Chrome/47.0.2526.27 Safari/537.36" 
131.107.160.113 - - [26/Oct/2015:17:38:19 -0700] "GET /twitter-icon.png HTTP/1.1" 200 27787 "http://www.secrepo.com/" "Mozilla/5.0 (Windows NT 6.3; Win64; x64) AppleWebKit/537.36 (KHTML, like Gecko) Chrome/47.0.2526.27 Safari/537.36" 
131.107.160.113 - - [26/Oct/2015:17:38:19 -0700] "GET /GitHub-Mark.png HTTP/1.1" 200 7428 "http://www.secrepo.com/" "Mozilla/5.0 (Windows NT 6.3; Win64; x64) AppleWebKit/537.36 (KHTML, like Gecko) Chrome/47.0.2526.27 Safari/537.36" 
131.107.160.113 - - [26/Oct/2015:17:38:20 -0700] "GET /bootstrap/img/favicon.ico HTTP/1.1" 200 589 "http://www.secrepo.com/" "Mozilla/5.0 (Windows NT 6.3; Win64; x64) AppleWebKit/537.36 (KHTML, like Gecko) Chrome/47.0.2526.27 Safari/537.36" 
157.55.39.220 - - [26/Oct/2015:17:49:15 -0700] "GET /self.logs/error.log.2015-07-04.gz HTTP/1.1" 200 864 "-" "Mozilla/5.0 (compatible; bingbot/2.0; +http://www.bing.com/bingbot.htm)" 
207.46.13.178 - - [26/Oct/2015:17:54:38 -0700] "GET /self.logs/error.log.2015-08-02.gz HTTP/1.1" 200 704 "-" "Mozilla/5.0 (compatible; bingbot/2.0; +http://www.bing.com/bingbot.htm)" 
157.55.39.85 - - [26/Oct/2015:18:16:13 -0700] "GET /self.logs/access.log.2015-04-20.gz HTTP/1.1" 200 4242 "-" "Mozilla/5.0 (compatible; bingbot/2.0; +http://www.bing.com/bingbot.htm)" 
157.55.39.85 - - [26/Oct/2015:18:33:42 -0700] "GET /self.logs/?C=S;O=D HTTP/1.1" 200 6572 "-" "Mozilla/5.0 (compatible; bingbot/2.0; +http://www.bing.com/bingbot.htm)" 
157.55.39.85 - - [26/Oct/2015:18:33:46 -0700] "GET /self.logs/?C=N;O=D HTTP/1.1" 200 6089 "-" "Mozilla/5.0 (compatible; bingbot/2.0; +http://www.bing.com/bingbot.htm)" 
157.55.39.85 - - [26/Oct/2015:18:33:47 -0700] "GET /self.logs/ HTTP/1.1" 200 6106 "-" "Mozilla/5.0 (compatible; bingbot/2.0; +http://www.bing.com/bingbot.htm)" 
157.55.39.219 - - [26/Oct/2015:18:33:57 -0700] "GET / HTTP/1.1" 200 7880 "-" "Mozilla/5.0 (compatible; bingbot/2.0; +http://www.bing.com/bingbot.htm)" 
157.55.39.193 - - [26/Oct/2015:18:34:59 -0700] "GET /self.logs/?C=M;O=D HTTP/1.1" 200 6303 "-" "Mozilla/5.0 (compatible; bingbot/2.0; +http://www.bing.com/bingbot.htm)" 
157.55.39.193 - - [26/Oct/2015:18:34:59 -0700] "GET /self.logs/?C=D;O=A HTTP/1.1" 200 6106 "-" "Mozilla/5.0 (compatible; bingbot/2.0; +http://www.bing.com/bingbot.htm)" 
157.55.39.193 - - [26/Oct/2015:18:34:59 -0700] "GET /self.logs/?C=S;O=A HTTP/1.1" 200 6578 "-" "Mozilla/5.0 (compatible; bingbot/2.0; +http://www.bing.com/bingbot.htm)" 
157.55.39.193 - - [26/Oct/2015:18:34:59 -0700] "GET /self.logs/access.log.2015-01-27.gz HTTP/1.1" 200 2251 "-" "Mozilla/5.0 (compatible; bingbot/2.0; +http://www.bing.com/bingbot.htm)" 
91.200.12.130 - - [26/Oct/2015:18:44:44 -0700] "GET /honeypot/BSidesDFW%20-%202014.ipynb HTTP/1.0" 200 930799 "http://www.secrepo.com/honeypot/BSidesDFW%20-%202014.ipynb" "Mozilla/5.0 (Windows NT 6.1; WOW64; rv:41.0) Gecko/20100101 Firefox/41.0" 
91.200.12.130 - - [26/Oct/2015:18:59:29 -0700] "GET /honeypot/BSidesDFW%20-%202014.ipynb HTTP/1.0" 200 838040 "http://www.secrepo.com/honeypot/BSidesDFW%20-%202014.ipynb" "Mozilla/5.0 (Windows NT 6.1; WOW64) AppleWebKit/537.36 (KHTML, like Gecko) Chrome/45.0.2454.101 Safari/537.36" 
114.97.53.246 - - [26/Oct/2015:19:11:24 -0700] "GET /self.logs/ HTTP/1.1" 200 6107 "-" "Mozilla/5.0 (Windows NT 6.1; Trident/7.0; rv:11.0) like Gecko" 
114.97.53.246 - - [26/Oct/2015:19:11:25 -0700] "POST /self.logs/trackback/ HTTP/1.1" 404 303 "http://www.secrepo.com/self.logs/" "Mozilla/5.0 (Windows NT 6.1; Trident/7.0; rv:11.0) like Gecko" 
157.55.39.178 - - [26/Oct/2015:19:45:55 -0700] "GET /self.logs/error.log.2015-09-21.gz HTTP/1.1" 200 927 "-" "Mozilla/5.0 (compatible; bingbot/2.0; +http://www.bing.com/bingbot.htm)" 
73.173.226.247 - - [26/Oct/2015:19:48:40 -0700] "GET /bootstrap/img/favicon.ico HTTP/1.1" 200 590 "-" "Mozilla/5.0 (Macintosh; Intel Mac OS X 10.10; rv:41.0) Gecko/20100101 Firefox/41.0" 
178.137.62.185 - - [26/Oct/2015:20:01:14 -0700] "GET /honeypot/ HTTP/1.1" 200 1077 "http://prahaprint.cz/" "Mozilla/4.0 (compatible; MSIE 6.0; Windows XP)" 
178.137.62.185 - - [26/Oct/2015:20:01:14 -0700] "GET /honeypot/ HTTP/1.1" 200 1077 "http://prahaprint.cz/" "Mozilla/4.0 (compatible; MSIE 6.0; Windows XP)" 
178.137.62.185 - - [26/Oct/2015:20:01:15 -0700] "GET /honeypot/ HTTP/1.1" 200 1077 "http://prahaprint.cz/" "Mozilla/4.0 (compatible; MSIE 6.0; Windows XP)" 
46.253.137.70 - - [26/Oct/2015:20:01:49 -0700] "GET /honeypot/Honeypot%20-%20Howto%20-%20BSides%20Austin.pdf HTTP/1.1" 200 296380 "http://www.secrepo.com/" "Mozilla/5.0 (Windows NT 6.1; WOW64) AppleWebKit/537.36 (KHTML, like Gecko) Chrome/39.0.2171.99 Safari/537.36" 
114.112.83.245 - - [26/Oct/2015:20:16:01 -0700] "GET / HTTP/1.1" 200 7880 "-" "Mozilla/5.0 (Macintosh; Intel Mac OS X 10_11_1) AppleWebKit/601.2.7 (KHTML, like Gecko)" 
114.112.83.245 - - [26/Oct/2015:20:16:02 -0700] "GET /bootstrap/img/favicon.ico HTTP/1.1" 200 590 "-" "Safari/11601.2.7.2 CFNetwork/760.1.2 Darwin/15.0.0 (x86_64)" 
114.112.83.245 - - [26/Oct/2015:20:16:05 -0700] "GET /apple-touch-icon-precomposed.png HTTP/1.1" 404 340 "-" "Safari/11601.2.7.2 CFNetwork/760.1.2 Darwin/15.0.0 (x86_64)" 
114.112.83.245 - - [26/Oct/2015:20:16:06 -0700] "GET /apple-touch-icon.png HTTP/1.1" 404 339 "-" "Safari/11601.2.7.2 CFNetwork/760.1.2 Darwin/15.0.0 (x86_64)" 
114.112.83.245 - - [26/Oct/2015:20:16:08 -0700] "GET /apple-touch-icon-precomposed.png HTTP/1.1" 404 339 "-" "Safari/11601.2.7.2 CFNetwork/760.1.2 Darwin/15.0.0 (x86_64)" 
114.112.83.245 - - [26/Oct/2015:20:16:10 -0700] "GET /apple-touch-icon.png HTTP/1.1" 404 339 "-" "Safari/11601.2.7.2 CFNetwork/760.1.2 Darwin/15.0.0 (x86_64)" 
184.72.162.115 - - [26/Oct/2015:20:18:50 -0700] "GET / HTTP/1.1" 301 498 "-" "Mozilla/5.0 (Windows; U; Windows NT 6.0; en-US; rv:1.9.2.3) Gecko/20100401 Firefox/3.6.3 GTB6 (.NET CLR 3.5.30729)" 
184.72.162.115 - - [26/Oct/2015:20:18:54 -0700] "GET / HTTP/1.1" 200 25994 "-" "Mozilla/5.0 (Windows; U; Windows NT 6.0; en-US; rv:1.9.2.3) Gecko/20100401 Firefox/3.6.3 GTB6 (.NET CLR 3.5.30729)" 
66.249.64.155 - - [26/Oct/2015:20:37:23 -0700] "GET /robots.txt HTTP/1.1" 200 334 "-" "Mozilla/5.0 (compatible; Googlebot/2.1; +http://www.google.com/bot.html)" 
66.249.64.155 - - [26/Oct/2015:20:37:23 -0700] "GET / HTTP/1.1" 200 7879 "-" "DoCoMo/2.0 N905i(c100;TB;W24H16) (compatible; Googlebot-Mobile/2.1; +http://www.google.com/bot.html)" 
180.76.15.146 - - [26/Oct/2015:21:03:59 -0700] "GET /self.logs/?C=S;O=A HTTP/1.1" 200 6542 "-" "Mozilla/5.0 (compatible; Baiduspider/2.0; +http://www.baidu.com/search/spider.html)" 
157.55.39.85 - - [26/Oct/2015:21:05:31 -0700] "GET /self.logs/access.log.2015-06-29.gz HTTP/1.1" 200 6265 "-" "Mozilla/5.0 (compatible; bingbot/2.0; +http://www.bing.com/bingbot.htm)" 
175.44.6.150 - - [26/Oct/2015:21:30:01 -0700] "GET /honeypot/Honeypot%20-%20Howto.pdf HTTP/1.1" 200 316800 "-" "Mozilla/5.0 (Windows NT 6.1; Trident/7.0; rv:11.0) like Gecko" 
68.180.229.162 - - [26/Oct/2015:21:51:46 -0700] "GET /robots.txt HTTP/1.1" 200 233 "-" "Mozilla/5.0 (compatible; Yahoo! Slurp; http://help.yahoo.com/help/us/ysearch/slurp)" 
68.180.229.162 - - [26/Oct/2015:21:51:46 -0700] "GET /self.logs/error.log.2015-07-01.gz HTTP/1.1" 200 989 "-" "Mozilla/5.0 (compatible; Yahoo! Slurp; http://help.yahoo.com/help/us/ysearch/slurp)" 
75.136.93.71 - - [26/Oct/2015:21:54:18 -0700] "GET / HTTP/1.1" 200 7880 "http://cs573-15f.github.io/" "Mozilla/5.0 (Windows NT 6.1; WOW64) AppleWebKit/537.36 (KHTML, like Gecko) Chrome/46.0.2490.80 Safari/537.36" 
75.136.93.71 - - [26/Oct/2015:21:54:20 -0700] "GET /twitter-icon.png HTTP/1.1" 200 27788 "http://www.secrepo.com/" "Mozilla/5.0 (Windows NT 6.1; WOW64) AppleWebKit/537.36 (KHTML, like Gecko) Chrome/46.0.2490.80 Safari/537.36" 
75.136.93.71 - - [26/Oct/2015:21:54:20 -0700] "GET /GitHub-Mark.png HTTP/1.1" 200 7428 "http://www.secrepo.com/" "Mozilla/5.0 (Windows NT 6.1; WOW64) AppleWebKit/537.36 (KHTML, like Gecko) Chrome/46.0.2490.80 Safari/537.36" 
75.136.93.71 - - [26/Oct/2015:21:54:22 -0700] "GET /bootstrap/img/favicon.ico HTTP/1.1" 200 589 "http://www.secrepo.com/" "Mozilla/5.0 (Windows NT 6.1; WOW64) AppleWebKit/537.36 (KHTML, like Gecko) Chrome/46.0.2490.80 Safari/537.36" 
36.48.69.179 - - [26/Oct/2015:22:20:35 -0700] "GET /honeypot/Honeypot%20-%20Howto%20-%20BSides%20Austin.pdf HTTP/1.1" 200 2928404 "http://www.secrepo.com/" "Mozilla/5.0 (Windows NT 6.1; WOW64) AppleWebKit/537.36 (KHTML, like Gecko) Chrome/39.0.2171.95 Safari/537.36" 
66.249.64.150 - - [26/Oct/2015:22:33:37 -0700] "GET / HTTP/1.1" 200 7880 "-" "SAMSUNG-SGH-E250/1.0 Profile/MIDP-2.0 Configuration/CLDC-1.1 UP.Browser/6.2.3.3.c.1.101 (GUI) MMP/2.0 (compatible; Googlebot-Mobile/2.1; +http://www.google.com/bot.html)" 
157.55.39.85 - - [26/Oct/2015:22:52:10 -0700] "GET /self.logs/access.log.2015-09-05.gz HTTP/1.1" 200 2970 "-" "Mozilla/5.0 (compatible; bingbot/2.0; +http://www.bing.com/bingbot.htm)" 
23.92.26.73 - - [26/Oct/2015:22:52:41 -0700] "GET   / HTTP/1.1" 200 25983 "http://www.domain2008.com/domains/www.secrepo.com" "Mozilla/5.0 (compatible; MSIE 9.0; Windows NT 6.1; WOW64; Trident/5.0)" 
178.137.94.166 - - [26/Oct/2015:23:35:38 -0700] "GET /honeypot/ HTTP/1.1" 200 1077 "http://android4fun.org/" "Mozilla/4.0 (compatible; MSIE 5.5; Windows 95)" 
178.137.94.166 - - [26/Oct/2015:23:35:38 -0700] "GET /honeypot/ HTTP/1.1" 200 1077 "http://ostroike.org/" "Mozilla/4.0 (compatible; MSIE 5.5; Windows NT 5.0)" 
178.137.94.166 - - [26/Oct/2015:23:35:38 -0700] "GET /honeypot/ HTTP/1.1" 200 1077 "http://ostroike.org/" "Mozilla/4.0 (compatible; MSIE 5.5; Windows NT 5.0)" 
178.137.94.166 - - [26/Oct/2015:23:35:38 -0700] "GET /honeypot/ HTTP/1.1" 200 1077 "http://android4fun.org/" "Mozilla/4.0 (compatible; MSIE 5.5; Windows 95)" 
