192.243.55.133 - - [02/Apr/2016:09:54:50 -0700] "GET /self.logs/access.log.2015-02-16.gz HTTP/1.1" 200 20451 "-" "Mozilla/5.0 (compatible; SemrushBot/1~bl; +http://www.semrush.com/bot.html)" 
192.243.55.133 - - [02/Apr/2016:09:55:29 -0700] "GET /self.logs/access.log.2015-09-09.gz HTTP/1.1" 200 4674 "-" "Mozilla/5.0 (compatible; SemrushBot/1~bl; +http://www.semrush.com/bot.html)" 
192.243.55.130 - - [02/Apr/2016:09:56:05 -0700] "GET /self.logs/error.log.2015-12-28.gz HTTP/1.1" 200 700 "-" "Mozilla/5.0 (compatible; SemrushBot/1~bl; +http://www.semrush.com/bot.html)" 
111.23.4.148 - - [02/Apr/2016:09:56:12 -0700] "GET /tg/a.zip HTTP/1.1" 304 132 "-" "Mozilla/5.0 Gecko/20100115 Firefox/3.6" 
192.243.55.132 - - [02/Apr/2016:09:56:38 -0700] "GET /self.logs/access.log.2016-01-22.gz HTTP/1.1" 200 5638 "-" "Mozilla/5.0 (compatible; SemrushBot/1~bl; +http://www.semrush.com/bot.html)" 
192.243.55.133 - - [02/Apr/2016:09:57:15 -0700] "GET /self.logs/error.log.2016-03-10.gz HTTP/1.1" 200 823 "-" "Mozilla/5.0 (compatible; SemrushBot/1~bl; +http://www.semrush.com/bot.html)" 
192.243.55.137 - - [02/Apr/2016:09:57:46 -0700] "GET /self.logs/error.log.2015-08-29.gz HTTP/1.1" 200 802 "-" "Mozilla/5.0 (compatible; SemrushBot/1~bl; +http://www.semrush.com/bot.html)" 
192.243.55.131 - - [02/Apr/2016:09:58:25 -0700] "GET /self.logs/error.log.2015-05-12.gz HTTP/1.1" 200 886 "-" "Mozilla/5.0 (compatible; SemrushBot/1~bl; +http://www.semrush.com/bot.html)" 
192.243.55.138 - - [02/Apr/2016:09:58:58 -0700] "GET /self.logs/error.log.2015-12-07.gz HTTP/1.1" 200 546 "-" "Mozilla/5.0 (compatible; SemrushBot/1~bl; +http://www.semrush.com/bot.html)" 
192.243.55.135 - - [02/Apr/2016:09:59:31 -0700] "GET /self.logs/error.log.2015-11-15.gz HTTP/1.1" 200 583 "-" "Mozilla/5.0 (compatible; SemrushBot/1~bl; +http://www.semrush.com/bot.html)" 
192.243.55.133 - - [02/Apr/2016:10:00:09 -0700] "GET /self.logs/access.log.2015-09-26.gz HTTP/1.1" 200 3612 "-" "Mozilla/5.0 (compatible; SemrushBot/1~bl; +http://www.semrush.com/bot.html)" 
192.243.55.136 - - [02/Apr/2016:10:00:43 -0700] "GET /self.logs/access.log.2015-12-24.gz HTTP/1.1" 200 5373 "-" "Mozilla/5.0 (compatible; SemrushBot/1~bl; +http://www.semrush.com/bot.html)" 
220.181.108.139 - - [02/Apr/2016:10:01:10 -0700] "GET /honeypot/BSidesDFW%20-%202014.ipynb HTTP/1.1" 301 503 "-" "Mozilla/5.0 (compatible; Baiduspider/2.0; +http://www.baidu.com/search/spider.html)" 
192.243.55.134 - - [02/Apr/2016:10:01:15 -0700] "GET /self.logs/access.log.2015-05-31.gz HTTP/1.1" 200 4993 "-" "Mozilla/5.0 (compatible; SemrushBot/1~bl; +http://www.semrush.com/bot.html)" 
220.181.108.187 - - [02/Apr/2016:10:01:12 -0700] "GET /honeypot/BSidesDFW%20-%202014.ipynb HTTP/1.1" 200 930799 "-" "Mozilla/5.0 (compatible; Baiduspider/2.0; +http://www.baidu.com/search/spider.html)" 
192.243.55.129 - - [02/Apr/2016:10:01:45 -0700] "GET /self.logs/error.log.2015-09-05.gz HTTP/1.1" 200 617 "-" "Mozilla/5.0 (compatible; SemrushBot/1~bl; +http://www.semrush.com/bot.html)" 
123.125.71.32 - - [02/Apr/2016:10:01:50 -0700] "GET /robots.txt HTTP/1.1" 301 465 "-" "Mozilla/5.0 (compatible; Baiduspider/2.0; +http://www.baidu.com/search/spider.html)" 
123.125.71.29 - - [02/Apr/2016:10:01:50 -0700] "GET /robots.txt HTTP/1.1" 200 297 "-" "Mozilla/5.0 (compatible; Baiduspider/2.0; +http://www.baidu.com/search/spider.html)" 
192.243.55.131 - - [02/Apr/2016:10:02:20 -0700] "GET /self.logs/access.log.2015-06-23.gz HTTP/1.1" 200 4548 "-" "Mozilla/5.0 (compatible; SemrushBot/1~bl; +http://www.semrush.com/bot.html)" 
192.243.55.138 - - [02/Apr/2016:10:02:56 -0700] "GET /self.logs/access.log.2015-03-15.gz HTTP/1.1" 200 5438 "-" "Mozilla/5.0 (compatible; SemrushBot/1~bl; +http://www.semrush.com/bot.html)" 
192.243.55.130 - - [02/Apr/2016:10:03:34 -0700] "GET /self.logs/error.log.2015-11-02.gz HTTP/1.1" 200 971 "-" "Mozilla/5.0 (compatible; SemrushBot/1~bl; +http://www.semrush.com/bot.html)" 
192.243.55.132 - - [02/Apr/2016:10:04:04 -0700] "GET /self.logs/access.log.2016-02-08.gz HTTP/1.1" 200 6677 "-" "Mozilla/5.0 (compatible; SemrushBot/1~bl; +http://www.semrush.com/bot.html)" 
192.243.55.132 - - [02/Apr/2016:10:04:43 -0700] "GET /self.logs/error.log.2015-06-17.gz HTTP/1.1" 200 1115 "-" "Mozilla/5.0 (compatible; SemrushBot/1~bl; +http://www.semrush.com/bot.html)" 
192.243.55.132 - - [02/Apr/2016:10:05:11 -0700] "GET /self.logs/error.log.2015-05-05.gz HTTP/1.1" 200 649 "-" "Mozilla/5.0 (compatible; SemrushBot/1~bl; +http://www.semrush.com/bot.html)" 
192.243.55.129 - - [02/Apr/2016:10:05:52 -0700] "GET /self.logs/error.log.2015-12-10.gz HTTP/1.1" 200 505 "-" "Mozilla/5.0 (compatible; SemrushBot/1~bl; +http://www.semrush.com/bot.html)" 
192.243.55.130 - - [02/Apr/2016:10:06:20 -0700] "GET /self.logs/error.log.2016-03-07.gz HTTP/1.1" 200 727 "-" "Mozilla/5.0 (compatible; SemrushBot/1~bl; +http://www.semrush.com/bot.html)" 
192.243.55.137 - - [02/Apr/2016:10:06:50 -0700] "GET /self.logs/error.log.2015-03-21.gz HTTP/1.1" 200 781 "-" "Mozilla/5.0 (compatible; SemrushBot/1~bl; +http://www.semrush.com/bot.html)" 
192.243.55.132 - - [02/Apr/2016:10:07:32 -0700] "GET /self.logs/access.log.2015-07-18.gz HTTP/1.1" 200 5186 "-" "Mozilla/5.0 (compatible; SemrushBot/1~bl; +http://www.semrush.com/bot.html)" 
192.243.55.131 - - [02/Apr/2016:10:08:01 -0700] "GET /self.logs/access.log.2015-03-02.gz HTTP/1.1" 200 3327 "-" "Mozilla/5.0 (compatible; SemrushBot/1~bl; +http://www.semrush.com/bot.html)" 
192.243.55.136 - - [02/Apr/2016:10:08:36 -0700] "GET /self.logs/error.log.2015-04-29.gz HTTP/1.1" 200 1722 "-" "Mozilla/5.0 (compatible; SemrushBot/1~bl; +http://www.semrush.com/bot.html)" 
192.243.55.133 - - [02/Apr/2016:10:09:03 -0700] "GET /self.logs/error.log.2015-09-12.gz HTTP/1.1" 200 578 "-" "Mozilla/5.0 (compatible; SemrushBot/1~bl; +http://www.semrush.com/bot.html)" 
192.243.55.137 - - [02/Apr/2016:10:09:43 -0700] "GET /self.logs/access.log.2015-11-21.gz HTTP/1.1" 200 5379 "-" "Mozilla/5.0 (compatible; SemrushBot/1~bl; +http://www.semrush.com/bot.html)" 
192.243.55.135 - - [02/Apr/2016:10:10:13 -0700] "GET /self.logs/access.log.2015-05-26.gz HTTP/1.1" 200 4392 "-" "Mozilla/5.0 (compatible; SemrushBot/1~bl; +http://www.semrush.com/bot.html)" 
192.243.55.129 - - [02/Apr/2016:10:10:43 -0700] "GET /self.logs/error.log.2015-04-06.gz HTTP/1.1" 200 629 "-" "Mozilla/5.0 (compatible; SemrushBot/1~bl; +http://www.semrush.com/bot.html)" 
192.243.55.137 - - [02/Apr/2016:10:11:18 -0700] "GET /self.logs/error.log.2015-07-14.gz HTTP/1.1" 200 615 "-" "Mozilla/5.0 (compatible; SemrushBot/1~bl; +http://www.semrush.com/bot.html)" 
192.243.55.130 - - [02/Apr/2016:10:11:53 -0700] "GET /self.logs/error.log.2015-10-01.gz HTTP/1.1" 200 757 "-" "Mozilla/5.0 (compatible; SemrushBot/1~bl; +http://www.semrush.com/bot.html)" 
106.38.241.146 - - [02/Apr/2016:10:11:59 -0700] "GET / HTTP/1.1" 200 8643 "-" "Sogou web spider/4.0(+http://www.sogou.com/docs/help/webmasters.htm#07)" 
106.38.241.146 - - [02/Apr/2016:10:11:59 -0700] "GET /robots.txt HTTP/1.1" 200 252 "-" "Sogou web spider/4.0(+http://www.sogou.com/docs/help/webmasters.htm#07)" 
192.243.55.137 - - [02/Apr/2016:10:12:23 -0700] "GET /self.logs/error.log.2015-01-30.gz HTTP/1.1" 200 561 "-" "Mozilla/5.0 (compatible; SemrushBot/1~bl; +http://www.semrush.com/bot.html)" 
192.243.55.134 - - [02/Apr/2016:10:12:58 -0700] "GET /self.logs/error.log.2016-01-16.gz HTTP/1.1" 200 687 "-" "Mozilla/5.0 (compatible; SemrushBot/1~bl; +http://www.semrush.com/bot.html)" 
192.243.55.129 - - [02/Apr/2016:10:13:29 -0700] "GET /self.logs/access.log.2015-05-09.gz HTTP/1.1" 200 2819 "-" "Mozilla/5.0 (compatible; SemrushBot/1~bl; +http://www.semrush.com/bot.html)" 
192.243.55.129 - - [02/Apr/2016:10:14:10 -0700] "GET /self.logs/error.log.2015-02-22.gz HTTP/1.1" 200 4367 "-" "Mozilla/5.0 (compatible; SemrushBot/1~bl; +http://www.semrush.com/bot.html)" 
192.243.55.129 - - [02/Apr/2016:10:14:46 -0700] "GET /self.logs/error.log.2016-02-04.gz HTTP/1.1" 200 871 "-" "Mozilla/5.0 (compatible; SemrushBot/1~bl; +http://www.semrush.com/bot.html)" 
192.243.55.138 - - [02/Apr/2016:10:15:24 -0700] "GET /self.logs/access.log.2015-02-01.gz HTTP/1.1" 200 2611 "-" "Mozilla/5.0 (compatible; SemrushBot/1~bl; +http://www.semrush.com/bot.html)" 
192.243.55.129 - - [02/Apr/2016:10:16:01 -0700] "GET /self.logs/access.log.2016-02-27.gz HTTP/1.1" 200 10850 "-" "Mozilla/5.0 (compatible; SemrushBot/1~bl; +http://www.semrush.com/bot.html)" 
192.243.55.132 - - [02/Apr/2016:10:16:36 -0700] "GET /self.logs/access.log.2015-04-25.gz HTTP/1.1" 200 2821 "-" "Mozilla/5.0 (compatible; SemrushBot/1~bl; +http://www.semrush.com/bot.html)" 
192.243.55.136 - - [02/Apr/2016:10:17:12 -0700] "GET /self.logs/access.log.2015-10-22.gz HTTP/1.1" 200 8935 "-" "Mozilla/5.0 (compatible; SemrushBot/1~bl; +http://www.semrush.com/bot.html)" 
192.243.55.137 - - [02/Apr/2016:10:18:03 -0700] "GET /self.logs/error.log.2015-08-11.gz HTTP/1.1" 200 798 "-" "Mozilla/5.0 (compatible; SemrushBot/1~bl; +http://www.semrush.com/bot.html)" 
192.243.55.129 - - [02/Apr/2016:10:18:33 -0700] "GET /self.logs/error.log.2015-02-23.gz HTTP/1.1" 200 4344 "-" "Mozilla/5.0 (compatible; SemrushBot/1~bl; +http://www.semrush.com/bot.html)" 
192.243.55.135 - - [02/Apr/2016:10:19:10 -0700] "GET /self.logs/error.log.2016-02-05.gz HTTP/1.1" 200 729 "-" "Mozilla/5.0 (compatible; SemrushBot/1~bl; +http://www.semrush.com/bot.html)" 
192.243.55.136 - - [02/Apr/2016:10:19:51 -0700] "GET /maccdc2012/conn.log.gz HTTP/1.1" 200 59506 "-" "Mozilla/5.0 (compatible; SemrushBot/1~bl; +http://www.semrush.com/bot.html)" 
192.243.55.136 - - [02/Apr/2016:10:20:37 -0700] "GET /self.logs/access.log.2015-05-08.gz HTTP/1.1" 200 4832 "-" "Mozilla/5.0 (compatible; SemrushBot/1~bl; +http://www.semrush.com/bot.html)" 
192.243.55.135 - - [02/Apr/2016:10:21:11 -0700] "GET /self.logs/error.log.2015-01-31.gz HTTP/1.1" 200 732 "-" "Mozilla/5.0 (compatible; SemrushBot/1~bl; +http://www.semrush.com/bot.html)" 
192.243.55.137 - - [02/Apr/2016:10:21:51 -0700] "GET /self.logs/error.log.2016-01-17.gz HTTP/1.1" 200 693 "-" "Mozilla/5.0 (compatible; SemrushBot/1~bl; +http://www.semrush.com/bot.html)" 
192.243.55.130 - - [02/Apr/2016:10:22:34 -0700] "GET /self.logs/error.log.2015-07-15.gz HTTP/1.1" 200 746 "-" "Mozilla/5.0 (compatible; SemrushBot/1~bl; +http://www.semrush.com/bot.html)" 
192.243.55.135 - - [02/Apr/2016:10:23:11 -0700] "GET /self.logs/error.log.2015-04-07.gz HTTP/1.1" 200 663 "-" "Mozilla/5.0 (compatible; SemrushBot/1~bl; +http://www.semrush.com/bot.html)" 
192.243.55.130 - - [02/Apr/2016:10:23:50 -0700] "GET /self.logs/error.log.2015-08-10.gz HTTP/1.1" 200 521 "-" "Mozilla/5.0 (compatible; SemrushBot/1~bl; +http://www.semrush.com/bot.html)" 
192.243.55.135 - - [02/Apr/2016:10:24:35 -0700] "GET /self.logs/access.log.2015-10-23.gz HTTP/1.1" 200 5224 "-" "Mozilla/5.0 (compatible; SemrushBot/1~bl; +http://www.semrush.com/bot.html)" 
192.243.55.138 - - [02/Apr/2016:10:25:14 -0700] "GET /self.logs/access.log.2015-04-24.gz HTTP/1.1" 200 3685 "-" "Mozilla/5.0 (compatible; SemrushBot/1~bl; +http://www.semrush.com/bot.html)" 
192.243.55.130 - - [02/Apr/2016:10:25:52 -0700] "GET /self.logs/access.log.2016-02-26.gz HTTP/1.1" 200 13314 "-" "Mozilla/5.0 (compatible; SemrushBot/1~bl; +http://www.semrush.com/bot.html)" 
192.243.55.135 - - [02/Apr/2016:10:26:37 -0700] "GET /self.logs/access.log.2015-07-19.gz HTTP/1.1" 200 4226 "-" "Mozilla/5.0 (compatible; SemrushBot/1~bl; +http://www.semrush.com/bot.html)" 
192.243.55.135 - - [02/Apr/2016:10:27:28 -0700] "GET /self.logs/error.log.2016-03-06.gz HTTP/1.1" 200 1072 "-" "Mozilla/5.0 (compatible; SemrushBot/1~bl; +http://www.semrush.com/bot.html)" 
192.243.55.136 - - [02/Apr/2016:10:28:11 -0700] "GET /self.logs/error.log.2015-03-20.gz HTTP/1.1" 200 902 "-" "Mozilla/5.0 (compatible; SemrushBot/1~bl; +http://www.semrush.com/bot.html)" 
192.243.55.138 - - [02/Apr/2016:10:29:02 -0700] "GET /self.logs/error.log.2015-12-11.gz HTTP/1.1" 200 677 "-" "Mozilla/5.0 (compatible; SemrushBot/1~bl; +http://www.semrush.com/bot.html)" 
192.243.55.129 - - [02/Apr/2016:10:29:40 -0700] "GET /self.logs/error.log.2015-05-04.gz HTTP/1.1" 200 716 "-" "Mozilla/5.0 (compatible; SemrushBot/1~bl; +http://www.semrush.com/bot.html)" 
192.243.55.129 - - [02/Apr/2016:10:30:26 -0700] "GET /self.logs/access.log.2015-09-30.gz HTTP/1.1" 200 5049 "-" "Mozilla/5.0 (compatible; SemrushBot/1~bl; +http://www.semrush.com/bot.html)" 
192.243.55.130 - - [02/Apr/2016:10:31:17 -0700] "GET /self.logs/error.log.2015-06-16.gz HTTP/1.1" 200 710 "-" "Mozilla/5.0 (compatible; SemrushBot/1~bl; +http://www.semrush.com/bot.html)" 
192.243.55.133 - - [02/Apr/2016:10:31:59 -0700] "GET /self.logs/access.log.2016-02-09.gz HTTP/1.1" 200 9365 "-" "Mozilla/5.0 (compatible; SemrushBot/1~bl; +http://www.semrush.com/bot.html)" 
192.243.55.133 - - [02/Apr/2016:10:32:45 -0700] "GET /self.logs/error.log.2015-11-03.gz HTTP/1.1" 200 949 "-" "Mozilla/5.0 (compatible; SemrushBot/1~bl; +http://www.semrush.com/bot.html)" 
192.243.55.133 - - [02/Apr/2016:10:33:31 -0700] "GET /self.logs/access.log.2015-05-27.gz HTTP/1.1" 200 3427 "-" "Mozilla/5.0 (compatible; SemrushBot/1~bl; +http://www.semrush.com/bot.html)" 
192.243.55.129 - - [02/Apr/2016:10:34:14 -0700] "GET /self.logs/access.log.2015-11-20.gz HTTP/1.1" 200 8369 "-" "Mozilla/5.0 (compatible; SemrushBot/1~bl; +http://www.semrush.com/bot.html)" 
192.243.55.137 - - [02/Apr/2016:10:35:04 -0700] "GET /self.logs/error.log.2015-09-13.gz HTTP/1.1" 200 745 "-" "Mozilla/5.0 (compatible; SemrushBot/1~bl; +http://www.semrush.com/bot.html)" 
192.243.55.130 - - [02/Apr/2016:10:35:50 -0700] "GET /self.logs/error.log.2015-04-28.gz HTTP/1.1" 200 1310 "-" "Mozilla/5.0 (compatible; SemrushBot/1~bl; +http://www.semrush.com/bot.html)" 
192.243.55.136 - - [02/Apr/2016:10:36:25 -0700] "GET /self.logs/access.log.2015-03-03.gz HTTP/1.1" 200 2833 "-" "Mozilla/5.0 (compatible; SemrushBot/1~bl; +http://www.semrush.com/bot.html)" 
192.243.55.138 - - [02/Apr/2016:10:37:18 -0700] "GET /self.logs/access.log.2015-09-27.gz HTTP/1.1" 200 4800 "-" "Mozilla/5.0 (compatible; SemrushBot/1~bl; +http://www.semrush.com/bot.html)" 
192.243.55.137 - - [02/Apr/2016:10:37:56 -0700] "GET /self.logs/error.log.2015-06-01.gz HTTP/1.1" 200 636 "-" "Mozilla/5.0 (compatible; SemrushBot/1~bl; +http://www.semrush.com/bot.html)" 
192.243.55.129 - - [02/Apr/2016:10:38:41 -0700] "GET /self.logs/error.log.2015-11-14.gz HTTP/1.1" 200 718 "-" "Mozilla/5.0 (compatible; SemrushBot/1~bl; +http://www.semrush.com/bot.html)" 
192.243.55.130 - - [02/Apr/2016:10:39:27 -0700] "GET /self.logs/error.log.2015-12-06.gz HTTP/1.1" 200 778 "-" "Mozilla/5.0 (compatible; SemrushBot/1~bl; +http://www.semrush.com/bot.html)" 
77.75.78.168 - - [02/Apr/2016:10:39:49 -0700] "GET /robots.txt HTTP/1.1" 200 334 "-" "Mozilla/5.0 (compatible; SeznamBot/3.2; +http://fulltext.sblog.cz/)" 
77.75.78.168 - - [02/Apr/2016:10:39:51 -0700] "GET /self.logs/error.log.2015-08-08.gz HTTP/1.1" 200 779 "-" "Mozilla/5.0 (compatible; SeznamBot/3.2; +http://fulltext.sblog.cz/)" 
192.243.55.137 - - [02/Apr/2016:10:40:13 -0700] "GET /self.logs/error.log.2015-05-13.gz HTTP/1.1" 200 2285 "-" "Mozilla/5.0 (compatible; SemrushBot/1~bl; +http://www.semrush.com/bot.html)" 
192.243.55.136 - - [02/Apr/2016:10:40:59 -0700] "GET /self.logs/error.log.2015-08-28.gz HTTP/1.1" 200 875 "-" "Mozilla/5.0 (compatible; SemrushBot/1~bl; +http://www.semrush.com/bot.html)" 
192.243.55.137 - - [02/Apr/2016:10:41:41 -0700] "GET /self.logs/error.log.2016-03-11.gz HTTP/1.1" 200 854 "-" "Mozilla/5.0 (compatible; SemrushBot/1~bl; +http://www.semrush.com/bot.html)" 
192.243.55.138 - - [02/Apr/2016:10:42:28 -0700] "GET /self.logs/access.log.2015-03-14.gz HTTP/1.1" 200 3776 "-" "Mozilla/5.0 (compatible; SemrushBot/1~bl; +http://www.semrush.com/bot.html)" 
192.243.55.129 - - [02/Apr/2016:10:43:12 -0700] "GET /honeypot/Honeypot%20-%20Howto.pdf HTTP/1.1" 200 29200 "-" "Mozilla/5.0 (compatible; SemrushBot/1~bl; +http://www.semrush.com/bot.html)" 
211.137.56.194 - - [02/Apr/2016:10:43:41 -0700] "GET /tg/a.zip HTTP/1.1" 304 132 "-" "Mozilla/5.0 Gecko/20100115 Firefox/3.6" 
192.243.55.130 - - [02/Apr/2016:10:43:54 -0700] "GET /self.logs/error.log.2015-09-04.gz HTTP/1.1" 200 1995 "-" "Mozilla/5.0 (compatible; SemrushBot/1~bl; +http://www.semrush.com/bot.html)" 
211.137.56.172 - - [02/Apr/2016:10:43:59 -0700] "GET /tg/a.zip HTTP/1.1" 304 132 "-" "Mozilla/5.0 Gecko/20100115 Firefox/3.6" 
68.180.230.88 - - [02/Apr/2016:10:44:03 -0700] "GET /self.logs/error.log.2015-05-25.gz HTTP/1.1" 200 715 "-" "Mozilla/5.0 (compatible; Yahoo! Slurp; http://help.yahoo.com/help/us/ysearch/slurp)" 
192.243.55.137 - - [02/Apr/2016:10:44:38 -0700] "GET /self.logs/access.log.2015-06-22.gz HTTP/1.1" 200 10633 "-" "Mozilla/5.0 (compatible; SemrushBot/1~bl; +http://www.semrush.com/bot.html)" 
192.243.55.129 - - [02/Apr/2016:10:45:21 -0700] "GET /self.logs/access.log.2015-05-30.gz HTTP/1.1" 200 3075 "-" "Mozilla/5.0 (compatible; SemrushBot/1~bl; +http://www.semrush.com/bot.html)" 
192.243.55.129 - - [02/Apr/2016:10:46:15 -0700] "GET /self.logs/access.log.2015-12-25.gz HTTP/1.1" 200 3824 "-" "Mozilla/5.0 (compatible; SemrushBot/1~bl; +http://www.semrush.com/bot.html)" 
192.243.55.138 - - [02/Apr/2016:10:47:06 -0700] "GET /self.logs/error.log.2015-04-10.gz HTTP/1.1" 200 2561 "-" "Mozilla/5.0 (compatible; SemrushBot/1~bl; +http://www.semrush.com/bot.html)" 
192.243.55.133 - - [02/Apr/2016:10:47:53 -0700] "GET /self.logs/error.log.2015-10-17.gz HTTP/1.1" 200 794 "-" "Mozilla/5.0 (compatible; SemrushBot/1~bl; +http://www.semrush.com/bot.html)" 
192.243.55.137 - - [02/Apr/2016:10:48:46 -0700] "GET /self.logs/error.log.2015-07-02.gz HTTP/1.1" 200 803 "-" "Mozilla/5.0 (compatible; SemrushBot/1~bl; +http://www.semrush.com/bot.html)" 
192.243.55.136 - - [02/Apr/2016:10:49:40 -0700] "GET /self.logs/access.log.2015-08-24.gz HTTP/1.1" 200 22786 "-" "Mozilla/5.0 (compatible; SemrushBot/1~bl; +http://www.semrush.com/bot.html)" 
192.243.55.136 - - [02/Apr/2016:10:50:29 -0700] "GET /self.logs/error.log.2015-01-26.gz HTTP/1.1" 200 612 "-" "Mozilla/5.0 (compatible; SemrushBot/1~bl; +http://www.semrush.com/bot.html)" 
192.243.55.129 - - [02/Apr/2016:10:51:20 -0700] "GET /self.logs/access.log.2015-11-18.gz HTTP/1.1" 200 9913 "-" "Mozilla/5.0 (compatible; SemrushBot/1~bl; +http://www.semrush.com/bot.html)" 
192.243.55.138 - - [02/Apr/2016:10:52:09 -0700] "GET /self.logs/error.log.2016-02-12.gz HTTP/1.1" 200 814 "-" "Mozilla/5.0 (compatible; SemrushBot/1~bl; +http://www.semrush.com/bot.html)" 
111.23.10.33 - - [02/Apr/2016:10:52:32 -0700] "GET /tg/a.zip HTTP/1.1" 304 132 "-" "Mozilla/5.0 Gecko/20100115 Firefox/3.6" 
192.243.55.130 - - [02/Apr/2016:10:53:03 -0700] "GET /self.logs/access.log.2016-01-23.gz HTTP/1.1" 200 4829 "-" "Mozilla/5.0 (compatible; SemrushBot/1~bl; +http://www.semrush.com/bot.html)" 
192.243.55.129 - - [02/Apr/2016:10:53:54 -0700] "GET /self.logs/error.log.2015-12-29.gz HTTP/1.1" 200 661 "-" "Mozilla/5.0 (compatible; SemrushBot/1~bl; +http://www.semrush.com/bot.html)" 
192.243.55.138 - - [02/Apr/2016:10:54:44 -0700] "GET /self.logs/?C=S%3BO%3DA HTTP/1.1" 200 9234 "-" "Mozilla/5.0 (compatible; SemrushBot/1~bl; +http://www.semrush.com/bot.html)" 
192.243.55.133 - - [02/Apr/2016:10:55:49 -0700] "GET /self.logs/access.log.2015-09-08.gz HTTP/1.1" 200 3824 "-" "Mozilla/5.0 (compatible; SemrushBot/1~bl; +http://www.semrush.com/bot.html)" 
192.243.55.138 - - [02/Apr/2016:10:56:46 -0700] "GET /self.logs/access.log.2015-02-17.gz HTTP/1.1" 200 11238 "-" "Mozilla/5.0 (compatible; SemrushBot/1~bl; +http://www.semrush.com/bot.html)" 
192.243.55.138 - - [02/Apr/2016:10:57:51 -0700] "GET /self.logs/access.log.2015-07-21.gz HTTP/1.1" 200 5874 "-" "Mozilla/5.0 (compatible; SemrushBot/1~bl; +http://www.semrush.com/bot.html)" 
192.243.55.129 - - [02/Apr/2016:10:58:57 -0700] "GET /self.logs/error.log.2015-08-07.gz HTTP/1.1" 200 1058 "-" "Mozilla/5.0 (compatible; SemrushBot/1~bl; +http://www.semrush.com/bot.html)" 
192.243.55.138 - - [02/Apr/2016:10:59:51 -0700] "GET /self.logs/error.log.2015-03-18.gz HTTP/1.1" 200 2334 "-" "Mozilla/5.0 (compatible; SemrushBot/1~bl; +http://www.semrush.com/bot.html)" 
151.80.31.172 - - [02/Apr/2016:11:00:05 -0700] "GET /self.logs/error.log.2015-12-07.gz HTTP/1.1" 200 527 "-" "Mozilla/5.0 (compatible; AhrefsBot/5.1; +http://ahrefs.com/robot/)" 
192.243.55.133 - - [02/Apr/2016:11:01:00 -0700] "GET /self.logs/access.log.2015-12-27.gz HTTP/1.1" 200 6743 "-" "Mozilla/5.0 (compatible; SemrushBot/1~bl; +http://www.semrush.com/bot.html)" 
192.243.55.133 - - [02/Apr/2016:11:02:09 -0700] "GET /self.logs/access.log.2015-06-20.gz HTTP/1.1" 200 3080 "-" "Mozilla/5.0 (compatible; SemrushBot/1~bl; +http://www.semrush.com/bot.html)" 
192.243.55.133 - - [02/Apr/2016:11:03:28 -0700] "GET /self.logs/error.log.2015-09-06.gz HTTP/1.1" 200 824 "-" "Mozilla/5.0 (compatible; SemrushBot/1~bl; +http://www.semrush.com/bot.html)" 
192.243.55.133 - - [02/Apr/2016:11:04:49 -0700] "GET /self.logs/error.log.2015-02-19.gz HTTP/1.1" 200 5365 "-" "Mozilla/5.0 (compatible; SemrushBot/1~bl; +http://www.semrush.com/bot.html)" 
120.55.94.195 - - [02/Apr/2016:11:05:45 -0700] "GET /honeypot/Honeypot%20-%20Howto%20-%20BSides%20Austin.pdf HTTP/1.1" 200 2928460 "-" "Mozilla/4.0 (compatible; MSIE 6.0; Windows NT 5.1)" 
192.243.55.129 - - [02/Apr/2016:11:05:57 -0700] "GET /self.logs/access.log.2015-08-09.gz HTTP/1.1" 200 4540 "-" "Mozilla/5.0 (compatible; SemrushBot/1~bl; +http://www.semrush.com/bot.html)" 
192.243.55.133 - - [02/Apr/2016:11:07:15 -0700] "GET /self.logs/access.log.2015-03-16.gz HTTP/1.1" 200 8132 "-" "Mozilla/5.0 (compatible; SemrushBot/1~bl; +http://www.semrush.com/bot.html)" 
192.243.55.138 - - [02/Apr/2016:11:08:28 -0700] "GET /self.logs/access.log.2015-10-19.gz HTTP/1.1" 200 14337 "-" "Mozilla/5.0 (compatible; SemrushBot/1~bl; +http://www.semrush.com/bot.html)" 
192.243.55.136 - - [02/Apr/2016:11:09:46 -0700] "GET /self.logs/error.log.2015-05-11.gz HTTP/1.1" 200 1103 "-" "Mozilla/5.0 (compatible; SemrushBot/1~bl; +http://www.semrush.com/bot.html)" 
111.7.128.40 - - [02/Apr/2016:11:10:14 -0700] "GET /tg/a.zip HTTP/1.1" 304 132 "-" "Mozilla/5.0 Gecko/20100115 Firefox/3.6" 
192.243.55.129 - - [02/Apr/2016:11:11:00 -0700] "GET /self.logs/error.log.2015-12-04.gz HTTP/1.1" 200 646 "-" "Mozilla/5.0 (compatible; SemrushBot/1~bl; +http://www.semrush.com/bot.html)" 
192.243.55.136 - - [02/Apr/2016:11:12:33 -0700] "GET /self.logs/access.log.2015-01-28.gz HTTP/1.1" 200 2092 "-" "Mozilla/5.0 (compatible; SemrushBot/1~bl; +http://www.semrush.com/bot.html)" 
211.137.56.201 - - [02/Apr/2016:11:12:42 -0700] "GET /tg/a.zip HTTP/1.1" 304 132 "-" "Mozilla/5.0 Gecko/20100115 Firefox/3.6" 
192.243.55.136 - - [02/Apr/2016:11:14:16 -0700] "GET /self.logs/error.log.2015-11-16.gz HTTP/1.1" 200 598 "-" "Mozilla/5.0 (compatible; SemrushBot/1~bl; +http://www.semrush.com/bot.html)" 
192.243.55.138 - - [02/Apr/2016:11:15:56 -0700] "GET /self.logs/error.log.2015-06-03.gz HTTP/1.1" 200 654 "-" "Mozilla/5.0 (compatible; SemrushBot/1~bl; +http://www.semrush.com/bot.html)" 
192.243.55.129 - - [02/Apr/2016:11:18:31 -0700] "GET /self.logs/access.log.2015-09-25.gz HTTP/1.1" 200 12376 "-" "Mozilla/5.0 (compatible; SemrushBot/1~bl; +http://www.semrush.com/bot.html)" 
46.119.121.96 - - [02/Apr/2016:11:31:00 -0700] "GET /honeypot/ HTTP/1.1" 200 1077 "http://cool-wedding.net/" "Mozilla/4.0 (compatible; MSIE 6.0; Windows NT 5.2; Win64; AMD64)" 
46.119.121.96 - - [02/Apr/2016:11:31:01 -0700] "GET /honeypot/ HTTP/1.1" 200 1077 "http://cool-wedding.net/" "Mozilla/4.0 (compatible; MSIE 6.0; Windows NT 5.2; Win64; AMD64)" 
46.119.121.96 - - [02/Apr/2016:11:31:02 -0700] "GET /honeypot/ HTTP/1.1" 200 1077 "http://cool-wedding.net/" "Mozilla/4.0 (compatible; MSIE 6.0; Windows NT 5.2; Win64; AMD64)" 
46.119.121.96 - - [02/Apr/2016:11:31:39 -0700] "GET /honeypot/ HTTP/1.1" 200 1077 "http://www.lego4x4.ru/" "Mozilla/4.0 (compatible; MSIE 7.0; Windows NT 5.1; SV1; .NET CLR 2.0.50727)" 
46.119.121.96 - - [02/Apr/2016:11:31:39 -0700] "GET /honeypot/ HTTP/1.1" 200 1077 "http://www.lego4x4.ru/" "Mozilla/4.0 (compatible; MSIE 7.0; Windows NT 5.1; SV1; .NET CLR 2.0.50727)" 
46.119.121.96 - - [02/Apr/2016:11:31:41 -0700] "GET /honeypot/ HTTP/1.1" 200 1077 "http://www.lego4x4.ru/" "Mozilla/4.0 (compatible; MSIE 7.0; Windows NT 5.1; SV1; .NET CLR 2.0.50727)" 
46.119.121.96 - - [02/Apr/2016:11:31:42 -0700] "GET /honeypot/ HTTP/1.1" 200 1077 "http://www.stadiumhotelguide.com/" "Mozilla/4.0 (compatible; MSIE 6.0; Windows NT 5.0; T312461)" 
46.119.121.96 - - [02/Apr/2016:11:31:43 -0700] "GET /honeypot/ HTTP/1.1" 200 1077 "http://dekorkeramik.ru/" "Mozilla/4.0 (compatible; MSIE 6.0; Windows NT 5.1; SV1; .NET CLR 1.1.4322; XMPP Tiscali Communicator v.10.0.2; .NET CLR 2.0.50727)" 
46.119.121.96 - - [02/Apr/2016:11:31:43 -0700] "GET /honeypot/ HTTP/1.1" 200 1077 "http://www.stadiumhotelguide.com/" "Mozilla/4.0 (compatible; MSIE 6.0; Windows NT 5.0; T312461)" 
46.119.121.96 - - [02/Apr/2016:11:31:43 -0700] "GET /honeypot/ HTTP/1.1" 200 1077 "http://dekorkeramik.ru/" "Mozilla/4.0 (compatible; MSIE 6.0; Windows NT 5.1; SV1; .NET CLR 1.1.4322; XMPP Tiscali Communicator v.10.0.2; .NET CLR 2.0.50727)" 
46.119.121.96 - - [02/Apr/2016:11:31:44 -0700] "GET /honeypot/ HTTP/1.1" 200 1077 "http://www.stadiumhotelguide.com/" "Mozilla/4.0 (compatible; MSIE 6.0; Windows NT 5.0; T312461)" 
46.119.121.96 - - [02/Apr/2016:11:31:44 -0700] "GET /honeypot/ HTTP/1.1" 200 1077 "http://dekorkeramik.ru/" "Mozilla/4.0 (compatible; MSIE 6.0; Windows NT 5.1; SV1; .NET CLR 1.1.4322; XMPP Tiscali Communicator v.10.0.2; .NET CLR 2.0.50727)" 
199.59.148.210 - - [02/Apr/2016:11:32:48 -0700] "GET /robots.txt HTTP/1.1" 200 304 "-" "Twitterbot/1.0" 
199.59.148.210 - - [02/Apr/2016:11:32:49 -0700] "GET /honeypot/honeypot.json.zip HTTP/1.1" 200 4631817 "-" "Twitterbot/1.0" 
141.8.143.159 - - [02/Apr/2016:11:36:03 -0700] "GET /honeypot/BSidesDFW%20-%202014.ipynb HTTP/1.1" 200 930836 "-" "Mozilla/5.0 (compatible; YandexBot/3.0; +http://yandex.com/bots)" 
68.180.230.88 - - [02/Apr/2016:11:36:45 -0700] "GET /self.logs/error.log.2016-01-26.gz HTTP/1.1" 200 695 "-" "Mozilla/5.0 (compatible; Yahoo! Slurp; http://help.yahoo.com/help/us/ysearch/slurp)" 
189.207.137.211 - - [02/Apr/2016:11:42:57 -0700] "GET / HTTP/1.1" 200 8680 "http://www.mlsecproject.org/" "Mozilla/5.0 (X11; Ubuntu; Linux x86_64; rv:45.0) Gecko/20100101 Firefox/45.0" 
189.207.137.211 - - [02/Apr/2016:11:42:57 -0700] "GET /twitter-icon.png HTTP/1.1" 200 27787 "http://www.secrepo.com/" "Mozilla/5.0 (X11; Ubuntu; Linux x86_64; rv:45.0) Gecko/20100101 Firefox/45.0" 
189.207.137.211 - - [02/Apr/2016:11:42:57 -0700] "GET /GitHub-Mark.png HTTP/1.1" 200 7428 "http://www.secrepo.com/" "Mozilla/5.0 (X11; Ubuntu; Linux x86_64; rv:45.0) Gecko/20100101 Firefox/45.0" 
14.139.242.99 - - [02/Apr/2016:11:47:23 -0700] "GET / HTTP/1.1" 200 8680 "https://www.google.co.in/" "Mozilla/5.0 (Windows NT 10.0; WOW64) AppleWebKit/537.36 (KHTML, like Gecko) Chrome/49.0.2623.110 Safari/537.36" 
14.139.242.99 - - [02/Apr/2016:11:47:24 -0700] "GET /twitter-icon.png HTTP/1.1" 200 27787 "http://www.secrepo.com/" "Mozilla/5.0 (Windows NT 10.0; WOW64) AppleWebKit/537.36 (KHTML, like Gecko) Chrome/49.0.2623.110 Safari/537.36" 
14.139.242.99 - - [02/Apr/2016:11:47:24 -0700] "GET /GitHub-Mark.png HTTP/1.1" 200 7428 "http://www.secrepo.com/" "Mozilla/5.0 (Windows NT 10.0; WOW64) AppleWebKit/537.36 (KHTML, like Gecko) Chrome/49.0.2623.110 Safari/537.36" 
14.139.242.99 - - [02/Apr/2016:11:47:30 -0700] "GET /bootstrap/img/favicon.ico HTTP/1.1" 200 590 "http://www.secrepo.com/" "Mozilla/5.0 (Windows NT 10.0; WOW64) AppleWebKit/537.36 (KHTML, like Gecko) Chrome/49.0.2623.110 Safari/537.36" 
200.55.141.130 - - [02/Apr/2016:11:54:09 -0700] "GET / HTTP/1.1" 200 28433 "-" "Mozilla/5.0 (Android 5.0; Mobile; rv:45.0) Gecko/45.0 Firefox/45.0" 
200.55.141.130 - - [02/Apr/2016:11:55:14 -0700] "GET /GitHub-Mark.png HTTP/1.1" 200 7428 "http://www.secrepo.com/" "Mozilla/5.0 (Android 5.0; Mobile; rv:45.0) Gecko/45.0 Firefox/45.0" 
200.55.141.130 - - [02/Apr/2016:11:55:14 -0700] "GET /twitter-icon.png HTTP/1.1" 200 27788 "http://www.secrepo.com/" "Mozilla/5.0 (Android 5.0; Mobile; rv:45.0) Gecko/45.0 Firefox/45.0" 
200.55.141.130 - - [02/Apr/2016:11:56:09 -0700] "GET /bootstrap/img/favicon.ico HTTP/1.1" 200 590 "-" "Mozilla/5.0 (Android 5.0; Mobile; rv:45.0.1) Gecko/45.0.1 Firefox/45.0.1" 
66.249.64.245 - - [02/Apr/2016:11:57:44 -0700] "GET / HTTP/1.1" 200 8680 "-" "Mozilla/5.0 (compatible; Googlebot/2.1; +http://www.google.com/bot.html)" 
51.255.65.61 - - [02/Apr/2016:12:05:56 -0700] "GET /self.logs/error.log.2015-10-05.gz HTTP/1.1" 200 587 "-" "Mozilla/5.0 (compatible; AhrefsBot/5.1; +http://ahrefs.com/robot/)" 
218.200.66.203 - - [02/Apr/2016:12:11:39 -0700] "GET /tg/a.zip HTTP/1.1" 304 132 "-" "Mozilla/5.0 Gecko/20100115 Firefox/3.6" 
92.111.228.16 - - [02/Apr/2016:12:15:41 -0700] "GET / HTTP/1.1" 200 8680 "-" "Mozilla/5.0 (Windows NT 6.1; WOW64; rv:45.0) Gecko/20100101 Firefox/45.0" 
92.111.228.16 - - [02/Apr/2016:12:15:41 -0700] "GET /bootstrap/img/favicon.ico HTTP/1.1" 200 589 "-" "Mozilla/5.0 (Windows NT 6.1; WOW64; rv:45.0) Gecko/20100101 Firefox/45.0" 
92.111.228.16 - - [02/Apr/2016:12:15:42 -0700] "GET /twitter-icon.png HTTP/1.1" 200 27787 "http://www.secrepo.com/" "Mozilla/5.0 (Windows NT 6.1; WOW64; rv:45.0) Gecko/20100101 Firefox/45.0" 
92.111.228.16 - - [02/Apr/2016:12:15:42 -0700] "GET /GitHub-Mark.png HTTP/1.1" 200 7428 "http://www.secrepo.com/" "Mozilla/5.0 (Windows NT 6.1; WOW64; rv:45.0) Gecko/20100101 Firefox/45.0" 
117.177.241.60 - - [02/Apr/2016:12:15:50 -0700] "GET /tg/a.zip HTTP/1.1" 304 132 "-" "Mozilla/5.0 Gecko/20100115 Firefox/3.6" 
69.197.177.50 - - [02/Apr/2016:12:16:50 -0700] "GET /robots.txt HTTP/1.0" 200 252 "-" "Mozilla/5.0 (compatible; MJ12bot/v1.4.5; http://www.majestic12.co.uk/bot.php?+)" 
69.197.177.50 - - [02/Apr/2016:12:16:52 -0700] "GET /self.logs/?C=N;O=D HTTP/1.0" 200 84501 "-" "Mozilla/5.0 (compatible; MJ12bot/v1.4.5; http://www.majestic12.co.uk/bot.php?+)" 
117.190.191.170 - - [02/Apr/2016:12:26:15 -0700] "GET /tg/a.zip HTTP/1.1" 304 132 "-" "Mozilla/5.0 Gecko/20100115 Firefox/3.6" 
180.76.15.145 - - [02/Apr/2016:12:27:57 -0700] "GET / HTTP/1.1" 200 21900 "-" "Mozilla/5.0 (compatible; Baiduspider/2.0; +http://www.baidu.com/search/spider.html)" 
180.76.15.5 - - [02/Apr/2016:12:28:33 -0700] "GET / HTTP/1.1" 200 21900 "-" "Mozilla/5.0 (compatible; Baiduspider/2.0; +http://www.baidu.com/search/spider.html)" 
192.243.55.134 - - [02/Apr/2016:12:32:41 -0700] "GET /self.logs/error.log.2015-08-05.gz HTTP/1.1" 200 1018 "-" "Mozilla/5.0 (compatible; SemrushBot/1~bl; +http://www.semrush.com/bot.html)" 
54.84.67.222 - - [02/Apr/2016:12:35:28 -0700] "GET /favicon.ico HTTP/1.1" 301 445 "-" "HTTP_Request2/2.2.1 (http://pear.php.net/package/http_request2) PHP/5.3.29" 
54.84.67.222 - - [02/Apr/2016:12:35:28 -0700] "GET /favicon.ico HTTP/1.1" 200 212 "-" "HTTP_Request2/2.2.1 (http://pear.php.net/package/http_request2) PHP/5.3.29" 
192.243.55.134 - - [02/Apr/2016:12:37:49 -0700] "GET /self.logs/access.log.2015-07-23.gz HTTP/1.1" 200 4031 "-" "Mozilla/5.0 (compatible; SemrushBot/1~bl; +http://www.semrush.com/bot.html)" 
192.243.55.134 - - [02/Apr/2016:12:42:44 -0700] "GET /self.logs/access.log.2015-02-15.gz HTTP/1.1" 200 15603 "-" "Mozilla/5.0 (compatible; SemrushBot/1~bl; +http://www.semrush.com/bot.html)" 
192.243.55.134 - - [02/Apr/2016:12:47:45 -0700] "GET /self.logs/access.log.2016-01-21.gz HTTP/1.1" 200 5555 "-" "Mozilla/5.0 (compatible; SemrushBot/1~bl; +http://www.semrush.com/bot.html)" 
192.243.55.134 - - [02/Apr/2016:12:52:45 -0700] "GET /self.logs/error.log.2015-09-29.gz HTTP/1.1" 200 635 "-" "Mozilla/5.0 (compatible; SemrushBot/1~bl; +http://www.semrush.com/bot.html)" 
51.255.65.63 - - [02/Apr/2016:12:54:41 -0700] "GET /self.logs/access.log.2015-04-01.gz HTTP/1.1" 200 4807 "-" "Mozilla/5.0 (compatible; AhrefsBot/5.1; +http://ahrefs.com/robot/)" 
192.243.55.134 - - [02/Apr/2016:12:56:02 -0700] "GET /self.logs/error.log.2016-02-10.gz HTTP/1.1" 200 702 "-" "Mozilla/5.0 (compatible; SemrushBot/1~bl; +http://www.semrush.com/bot.html)" 
111.23.4.148 - - [02/Apr/2016:12:56:14 -0700] "GET /tg/a.zip HTTP/1.1" 304 132 "-" "Mozilla/5.0 Gecko/20100115 Firefox/3.6" 
192.243.55.134 - - [02/Apr/2016:12:58:33 -0700] "GET /self.logs/error.log.2016-01-02.gz HTTP/1.1" 200 859 "-" "Mozilla/5.0 (compatible; SemrushBot/1~bl; +http://www.semrush.com/bot.html)" 
192.243.55.134 - - [02/Apr/2016:13:00:59 -0700] "GET /self.logs/access.log.2015-12-08.gz HTTP/1.1" 200 9224 "-" "Mozilla/5.0 (compatible; SemrushBot/1~bl; +http://www.semrush.com/bot.html)" 
192.243.55.132 - - [02/Apr/2016:13:03:34 -0700] "GET /self.logs/error.log.2015-01-24.gz HTTP/1.1" 200 882 "-" "Mozilla/5.0 (compatible; SemrushBot/1~bl; +http://www.semrush.com/bot.html)" 
192.243.55.134 - - [02/Apr/2016:13:06:00 -0700] "GET /self.logs/access.log.2015-08-26.gz HTTP/1.1" 200 4700 "-" "Mozilla/5.0 (compatible; SemrushBot/1~bl; +http://www.semrush.com/bot.html)" 
192.243.55.132 - - [02/Apr/2016:13:08:29 -0700] "GET /self.logs/error.log.2015-10-15.gz HTTP/1.1" 200 1075 "-" "Mozilla/5.0 (compatible; SemrushBot/1~bl; +http://www.semrush.com/bot.html)" 
192.243.55.132 - - [02/Apr/2016:13:10:54 -0700] "GET /self.logs/error.log.2015-04-12.gz HTTP/1.1" 200 905 "-" "Mozilla/5.0 (compatible; SemrushBot/1~bl; +http://www.semrush.com/bot.html)" 
192.243.55.132 - - [02/Apr/2016:13:13:26 -0700] "GET /self.logs/error.log.2015-05-29.gz HTTP/1.1" 200 717 "-" "Mozilla/5.0 (compatible; SemrushBot/1~bl; +http://www.semrush.com/bot.html)" 
192.243.55.134 - - [02/Apr/2016:13:15:51 -0700] "GET /self.logs/access.log.2016-02-24.gz HTTP/1.1" 200 26758 "-" "Mozilla/5.0 (compatible; SemrushBot/1~bl; +http://www.semrush.com/bot.html)" 
199.16.156.126 - - [02/Apr/2016:13:16:20 -0700] "GET /robots.txt HTTP/1.1" 200 304 "-" "Twitterbot/1.0" 
199.16.156.126 - - [02/Apr/2016:13:16:21 -0700] "GET /honeypot/honeypot.json.zip HTTP/1.1" 200 4631817 "-" "Twitterbot/1.0" 
192.243.55.132 - - [02/Apr/2016:13:18:21 -0700] "GET /self.logs/access.log.2015-02-02.gz HTTP/1.1" 200 3319 "-" "Mozilla/5.0 (compatible; SemrushBot/1~bl; +http://www.semrush.com/bot.html)" 
192.243.55.132 - - [02/Apr/2016:13:20:53 -0700] "GET /self.logs/access.log.2015-04-26.gz HTTP/1.1" 200 3853 "-" "Mozilla/5.0 (compatible; SemrushBot/1~bl; +http://www.semrush.com/bot.html)" 
192.243.55.132 - - [02/Apr/2016:13:23:18 -0700] "GET /self.logs/access.log.2015-10-21.gz HTTP/1.1" 200 7872 "-" "Mozilla/5.0 (compatible; SemrushBot/1~bl; +http://www.semrush.com/bot.html)" 
192.243.55.134 - - [02/Apr/2016:13:25:41 -0700] "GET /self.logs/error.log.2015-08-12.gz HTTP/1.1" 200 957 "-" "Mozilla/5.0 (compatible; SemrushBot/1~bl; +http://www.semrush.com/bot.html)" 
157.55.39.239 - - [02/Apr/2016:13:25:51 -0700] "GET / HTTP/1.1" 301 483 "-" "Mozilla/5.0 (compatible; bingbot/2.0; +http://www.bing.com/bingbot.htm)" 
141.8.143.219 - - [02/Apr/2016:13:26:20 -0700] "GET /robots.txt HTTP/1.1" 200 289 "-" "Mozilla/5.0 (compatible; YandexBot/3.0; +http://yandex.com/bots)" 
192.243.55.132 - - [02/Apr/2016:13:28:16 -0700] "GET /self.logs/error.log.2015-04-05.gz HTTP/1.1" 200 1012 "-" "Mozilla/5.0 (compatible; SemrushBot/1~bl; +http://www.semrush.com/bot.html)" 
157.55.39.239 - - [02/Apr/2016:13:29:38 -0700] "GET / HTTP/1.1" 200 8680 "-" "Mozilla/5.0 (compatible; bingbot/2.0; +http://www.bing.com/bingbot.htm)" 
192.243.55.134 - - [02/Apr/2016:13:30:42 -0700] "GET /self.logs/access.log.2015-08-31.gz HTTP/1.1" 200 5589 "-" "Mozilla/5.0 (compatible; SemrushBot/1~bl; +http://www.semrush.com/bot.html)" 
192.243.55.132 - - [02/Apr/2016:13:33:05 -0700] "GET /self.logs/error.log.2015-07-17.gz HTTP/1.1" 200 722 "-" "Mozilla/5.0 (compatible; SemrushBot/1~bl; +http://www.semrush.com/bot.html)" 
192.243.55.132 - - [02/Apr/2016:13:35:46 -0700] "GET /self.logs/access.log.2016-03-08.gz HTTP/1.1" 200 8177 "-" "Mozilla/5.0 (compatible; SemrushBot/1~bl; +http://www.semrush.com/bot.html)" 
141.8.143.159 - - [02/Apr/2016:13:36:31 -0700] "GET /self.logs/ HTTP/1.1" 200 9271 "-" "Mozilla/5.0 (compatible; YandexBot/3.0; +http://yandex.com/bots)" 
192.243.55.134 - - [02/Apr/2016:13:37:58 -0700] "GET /self.logs/error.log.2015-10-02.gz HTTP/1.1" 200 628 "-" "Mozilla/5.0 (compatible; SemrushBot/1~bl; +http://www.semrush.com/bot.html)" 
192.243.55.132 - - [02/Apr/2016:13:40:25 -0700] "GET /self.logs/error.log.2016-01-15.gz HTTP/1.1" 200 701 "-" "Mozilla/5.0 (compatible; SemrushBot/1~bl; +http://www.semrush.com/bot.html)" 
192.243.55.134 - - [02/Apr/2016:13:42:53 -0700] "GET /self.logs/access.log.2015-06-18.gz HTTP/1.1" 200 5571 "-" "Mozilla/5.0 (compatible; SemrushBot/1~bl; +http://www.semrush.com/bot.html)" 
211.137.56.194 - - [02/Apr/2016:13:43:42 -0700] "GET /tg/a.zip HTTP/1.1" 304 132 "-" "Mozilla/5.0 Gecko/20100115 Firefox/3.6" 
211.137.56.172 - - [02/Apr/2016:13:44:00 -0700] "GET /tg/a.zip HTTP/1.1" 304 132 "-" "Mozilla/5.0 Gecko/20100115 Firefox/3.6" 
192.243.55.132 - - [02/Apr/2016:13:45:17 -0700] "GET /self.logs/error.log.2016-02-07.gz HTTP/1.1" 200 695 "-" "Mozilla/5.0 (compatible; SemrushBot/1~bl; +http://www.semrush.com/bot.html)" 
192.243.55.134 - - [02/Apr/2016:13:47:43 -0700] "GET /self.logs/error.log.2015-02-21.gz HTTP/1.1" 200 6494 "-" "Mozilla/5.0 (compatible; SemrushBot/1~bl; +http://www.semrush.com/bot.html)" 
192.243.55.132 - - [02/Apr/2016:13:50:13 -0700] "GET /self.logs/access.log.2015-03-01.gz HTTP/1.1" 200 2401 "-" "Mozilla/5.0 (compatible; SemrushBot/1~bl; +http://www.semrush.com/bot.html)" 
111.23.10.33 - - [02/Apr/2016:13:52:33 -0700] "GET /tg/a.zip HTTP/1.1" 304 132 "-" "Mozilla/5.0 Gecko/20100115 Firefox/3.6" 
192.243.55.134 - - [02/Apr/2016:13:52:36 -0700] "GET /squid/access.log.gz HTTP/1.1" 200 28845 "-" "Mozilla/5.0 (compatible; SemrushBot/1~bl; +http://www.semrush.com/bot.html)" 
192.243.55.134 - - [02/Apr/2016:13:54:57 -0700] "GET /self.logs/error.log.2015-09-11.gz HTTP/1.1" 200 666 "-" "Mozilla/5.0 (compatible; SemrushBot/1~bl; +http://www.semrush.com/bot.html)" 
192.243.55.132 - - [02/Apr/2016:13:57:05 -0700] "GET /self.logs/error.log.2016-02-28.gz HTTP/1.1" 200 988 "-" "Mozilla/5.0 (compatible; SemrushBot/1~bl; +http://www.semrush.com/bot.html)" 
192.243.55.132 - - [02/Apr/2016:13:58:35 -0700] "GET /self.logs/access.log.2015-11-22.gz HTTP/1.1" 200 8568 "-" "Mozilla/5.0 (compatible; SemrushBot/1~bl; +http://www.semrush.com/bot.html)" 
164.132.161.10 - - [02/Apr/2016:14:00:23 -0700] "GET /self.logs/access.log.2016-03-08.gz HTTP/1.1" 200 8158 "-" "Mozilla/5.0 (compatible; AhrefsBot/5.1; +http://ahrefs.com/robot/)" 
192.243.55.135 - - [02/Apr/2016:14:00:54 -0700] "GET /self.logs/access.log.2015-12-30.gz HTTP/1.1" 200 6495 "-" "Mozilla/5.0 (compatible; SemrushBot/1~bl; +http://www.semrush.com/bot.html)" 
192.243.55.135 - - [02/Apr/2016:14:03:22 -0700] "GET /self.logs/access.log.2015-05-25.gz HTTP/1.1" 200 4554 "-" "Mozilla/5.0 (compatible; SemrushBot/1~bl; +http://www.semrush.com/bot.html)" 
192.243.55.135 - - [02/Apr/2016:14:05:44 -0700] "GET /self.logs/error.log.2015-11-01.gz HTTP/1.1" 200 656 "-" "Mozilla/5.0 (compatible; SemrushBot/1~bl; +http://www.semrush.com/bot.html)" 
192.243.55.135 - - [02/Apr/2016:14:08:12 -0700] "GET /self.logs/error.log.2015-06-14.gz HTTP/1.1" 200 886 "-" "Mozilla/5.0 (compatible; SemrushBot/1~bl; +http://www.semrush.com/bot.html)" 
111.7.128.40 - - [02/Apr/2016:14:10:14 -0700] "GET /tg/a.zip HTTP/1.1" 304 132 "-" "Mozilla/5.0 Gecko/20100115 Firefox/3.6" 
192.243.55.135 - - [02/Apr/2016:14:10:34 -0700] "GET /self.logs/error.log.2015-05-06.gz HTTP/1.1" 200 2119 "-" "Mozilla/5.0 (compatible; SemrushBot/1~bl; +http://www.semrush.com/bot.html)" 
211.137.56.201 - - [02/Apr/2016:14:12:46 -0700] "GET /tg/a.zip HTTP/1.1" 304 132 "-" "Mozilla/5.0 Gecko/20100115 Firefox/3.6" 
192.243.55.135 - - [02/Apr/2016:14:12:58 -0700] "GET /self.logs/error.log.2015-12-13.gz HTTP/1.1" 200 629 "-" "Mozilla/5.0 (compatible; SemrushBot/1~bl; +http://www.semrush.com/bot.html)" 
192.243.55.135 - - [02/Apr/2016:14:15:27 -0700] "GET /self.logs/access.log.2016-01-19.gz HTTP/1.1" 200 6669 "-" "Mozilla/5.0 (compatible; SemrushBot/1~bl; +http://www.semrush.com/bot.html)" 
192.243.55.135 - - [02/Apr/2016:14:17:46 -0700] "GET /self.logs/error.log.2015-03-22.gz HTTP/1.1" 200 1008 "-" "Mozilla/5.0 (compatible; SemrushBot/1~bl; +http://www.semrush.com/bot.html)" 
192.243.55.132 - - [02/Apr/2016:14:20:07 -0700] "GET /self.logs/error.log.2016-03-04.gz HTTP/1.1" 200 943 "-" "Mozilla/5.0 (compatible; SemrushBot/1~bl; +http://www.semrush.com/bot.html)" 
192.243.55.132 - - [02/Apr/2016:14:22:41 -0700] "GET /self.logs/access.log.2015-04-09.gz HTTP/1.1" 200 3578 "-" "Mozilla/5.0 (compatible; SemrushBot/1~bl; +http://www.semrush.com/bot.html)" 
192.243.55.130 - - [02/Apr/2016:14:24:11 -0700] "GET /self.logs/access.log.2015-05-24.gz HTTP/1.1" 200 3572 "-" "Mozilla/5.0 (compatible; SemrushBot/1~bl; +http://www.semrush.com/bot.html)" 
192.243.55.130 - - [02/Apr/2016:14:26:16 -0700] "GET /self.logs/access.log.2015-12-31.gz HTTP/1.1" 200 6757 "-" "Mozilla/5.0 (compatible; SemrushBot/1~bl; +http://www.semrush.com/bot.html)" 
192.243.55.130 - - [02/Apr/2016:14:28:40 -0700] "GET /self.logs/access.log.2015-11-23.gz HTTP/1.1" 200 8885 "-" "Mozilla/5.0 (compatible; SemrushBot/1~bl; +http://www.semrush.com/bot.html)" 
192.243.55.137 - - [02/Apr/2016:14:30:11 -0700] "GET /self.logs/error.log.2016-02-29.gz HTTP/1.1" 200 640 "-" "Mozilla/5.0 (compatible; SemrushBot/1~bl; +http://www.semrush.com/bot.html)" 
192.243.55.130 - - [02/Apr/2016:14:32:11 -0700] "GET /self.logs/error.log.2015-09-10.gz HTTP/1.1" 200 624 "-" "Mozilla/5.0 (compatible; SemrushBot/1~bl; +http://www.semrush.com/bot.html)" 
192.243.55.137 - - [02/Apr/2016:14:33:42 -0700] "GET /maccdc2012/ssh.log.gz HTTP/1.1" 200 28843 "-" "Mozilla/5.0 (compatible; SemrushBot/1~bl; +http://www.semrush.com/bot.html)" 
66.249.64.250 - - [02/Apr/2016:14:34:33 -0700] "GET /honeypot/Honeypot%20-%20Howto.pdf HTTP/1.1" 200 1279418 "-" "Mozilla/5.0 (compatible; Googlebot/2.1; +http://www.google.com/bot.html)" 
192.243.55.135 - - [02/Apr/2016:14:35:15 -0700] "GET /self.logs/access.log.2015-04-08.gz HTTP/1.1" 200 4063 "-" "Mozilla/5.0 (compatible; SemrushBot/1~bl; +http://www.semrush.com/bot.html)" 
192.243.55.135 - - [02/Apr/2016:14:36:55 -0700] "GET /self.logs/error.log.2015-03-23.gz HTTP/1.1" 200 1406 "-" "Mozilla/5.0 (compatible; SemrushBot/1~bl; +http://www.semrush.com/bot.html)" 
192.243.55.135 - - [02/Apr/2016:14:38:24 -0700] "GET /self.logs/error.log.2016-03-05.gz HTTP/1.1" 200 606 "-" "Mozilla/5.0 (compatible; SemrushBot/1~bl; +http://www.semrush.com/bot.html)" 
123.182.150.32 - - [02/Apr/2016:14:38:49 -0700] "GET /honeypot/BSidesDFW%20-%202014.ipynb HTTP/1.1" 200 577440 "-" "Mozilla/5.0 (Windows NT 6.1; Trident/7.0; rv:11.0) like Gecko" 
192.243.55.135 - - [02/Apr/2016:14:39:24 -0700] "GET /self.logs/access.log.2016-01-18.gz HTTP/1.1" 200 7310 "-" "Mozilla/5.0 (compatible; SemrushBot/1~bl; +http://www.semrush.com/bot.html)" 
192.243.55.130 - - [02/Apr/2016:14:40:20 -0700] "GET /self.logs/error.log.2015-12-12.gz HTTP/1.1" 200 560 "-" "Mozilla/5.0 (compatible; SemrushBot/1~bl; +http://www.semrush.com/bot.html)" 
192.243.55.133 - - [02/Apr/2016:14:41:07 -0700] "GET /self.logs/error.log.2015-05-07.gz HTTP/1.1" 200 2612 "-" "Mozilla/5.0 (compatible; SemrushBot/1~bl; +http://www.semrush.com/bot.html)" 
192.243.55.130 - - [02/Apr/2016:14:42:06 -0700] "GET /self.logs/error.log.2015-06-15.gz HTTP/1.1" 200 1292 "-" "Mozilla/5.0 (compatible; SemrushBot/1~bl; +http://www.semrush.com/bot.html)" 
192.243.55.133 - - [02/Apr/2016:14:42:59 -0700] "GET /self.logs/error.log.2015-08-13.gz HTTP/1.1" 200 738 "-" "Mozilla/5.0 (compatible; SemrushBot/1~bl; +http://www.semrush.com/bot.html)" 
192.243.55.131 - - [02/Apr/2016:14:43:57 -0700] "GET /self.logs/access.log.2015-10-20.gz HTTP/1.1" 200 6825 "-" "Mozilla/5.0 (compatible; SemrushBot/1~bl; +http://www.semrush.com/bot.html)" 
192.243.55.131 - - [02/Apr/2016:14:44:52 -0700] "GET /self.logs/access.log.2015-04-27.gz HTTP/1.1" 200 7295 "-" "Mozilla/5.0 (compatible; SemrushBot/1~bl; +http://www.semrush.com/bot.html)" 
192.243.55.130 - - [02/Apr/2016:14:45:50 -0700] "GET /self.logs/access.log.2016-02-25.gz HTTP/1.1" 200 11430 "-" "Mozilla/5.0 (compatible; SemrushBot/1~bl; +http://www.semrush.com/bot.html)" 
192.243.55.137 - - [02/Apr/2016:14:46:46 -0700] "GET /self.logs/access.log.2015-02-03.gz HTTP/1.1" 200 5679 "-" "Mozilla/5.0 (compatible; SemrushBot/1~bl; +http://www.semrush.com/bot.html)" 
192.243.55.129 - - [02/Apr/2016:14:47:30 -0700] "GET /self.logs/error.log.2015-05-28.gz HTTP/1.1" 200 668 "-" "Mozilla/5.0 (compatible; SemrushBot/1~bl; +http://www.semrush.com/bot.html)" 
192.243.55.131 - - [02/Apr/2016:14:48:17 -0700] "GET /self.logs/error.log.2016-02-06.gz HTTP/1.1" 200 449 "-" "Mozilla/5.0 (compatible; SemrushBot/1~bl; +http://www.semrush.com/bot.html)" 
192.243.55.133 - - [02/Apr/2016:14:49:02 -0700] "GET /self.logs/error.log.2015-02-20.gz HTTP/1.1" 200 5817 "-" "Mozilla/5.0 (compatible; SemrushBot/1~bl; +http://www.semrush.com/bot.html)" 
192.243.55.133 - - [02/Apr/2016:14:49:53 -0700] "GET /self.logs/access.log.2015-06-19.gz HTTP/1.1" 200 4228 "-" "Mozilla/5.0 (compatible; SemrushBot/1~bl; +http://www.semrush.com/bot.html)" 
192.243.55.138 - - [02/Apr/2016:14:49:53 -0700] "GET /self.logs/error.log.2016-01-14.gz HTTP/1.1" 200 639 "-" "Mozilla/5.0 (compatible; SemrushBot/1~bl; +http://www.semrush.com/bot.html)" 
192.243.55.138 - - [02/Apr/2016:14:50:59 -0700] "GET /self.logs/error.log.2015-10-03.gz HTTP/1.1" 200 811 "-" "Mozilla/5.0 (compatible; SemrushBot/1~bl; +http://www.semrush.com/bot.html)" 
192.243.55.138 - - [02/Apr/2016:14:51:26 -0700] "GET /self.logs/access.log.2016-03-09.gz HTTP/1.1" 200 8338 "-" "Mozilla/5.0 (compatible; SemrushBot/1~bl; +http://www.semrush.com/bot.html)" 
192.243.55.135 - - [02/Apr/2016:14:52:01 -0700] "GET /self.logs/access.log.2015-08-30.gz HTTP/1.1" 200 4415 "-" "Mozilla/5.0 (compatible; SemrushBot/1~bl; +http://www.semrush.com/bot.html)" 
192.243.55.131 - - [02/Apr/2016:14:52:33 -0700] "GET /self.logs/error.log.2015-07-16.gz HTTP/1.1" 200 646 "-" "Mozilla/5.0 (compatible; SemrushBot/1~bl; +http://www.semrush.com/bot.html)" 
192.243.55.133 - - [02/Apr/2016:14:53:07 -0700] "GET /self.logs/error.log.2015-04-04.gz HTTP/1.1" 200 2224 "-" "Mozilla/5.0 (compatible; SemrushBot/1~bl; +http://www.semrush.com/bot.html)" 
192.243.55.129 - - [02/Apr/2016:14:53:43 -0700] "GET /self.logs/access.log.2016-01-20.gz HTTP/1.1" 200 10417 "-" "Mozilla/5.0 (compatible; SemrushBot/1~bl; +http://www.semrush.com/bot.html)" 
192.243.55.138 - - [02/Apr/2016:14:54:22 -0700] "GET /self.logs/access.log.2015-02-14.gz HTTP/1.1" 200 25915 "-" "Mozilla/5.0 (compatible; SemrushBot/1~bl; +http://www.semrush.com/bot.html)" 
192.243.55.135 - - [02/Apr/2016:14:54:52 -0700] "GET /self.logs/access.log.2015-04-30.gz HTTP/1.1" 200 5815 "-" "Mozilla/5.0 (compatible; SemrushBot/1~bl; +http://www.semrush.com/bot.html)" 
192.243.55.136 - - [02/Apr/2016:14:55:25 -0700] "GET /self.logs/error.log.2015-08-04.gz HTTP/1.1" 200 667 "-" "Mozilla/5.0 (compatible; SemrushBot/1~bl; +http://www.semrush.com/bot.html)" 
192.243.55.137 - - [02/Apr/2016:14:55:59 -0700] "GET /self.logs/access.log.2015-07-22.gz HTTP/1.1" 200 4651 "-" "Mozilla/5.0 (compatible; SemrushBot/1~bl; +http://www.semrush.com/bot.html)" 
114.215.119.102 - - [02/Apr/2016:14:56:28 -0700] "GET /honeypot/Honeypot%20-%20Howto.pdf HTTP/1.1" 200 1279418 "-" "Mozilla/4.0 (compatible; MSIE 6.0; Windows NT 5.1)" 
114.215.119.102 - - [02/Apr/2016:14:56:31 -0700] "GET /honeypot/Honeypot%20-%20Howto.pdf HTTP/1.1" 200 1279362 "-" "Mozilla/4.0 (compatible; MSIE 6.0; Windows NT 5.1)" 
192.243.55.138 - - [02/Apr/2016:14:56:35 -0700] "GET /self.logs/error.log.2015-04-13.gz HTTP/1.1" 200 808 "-" "Mozilla/5.0 (compatible; SemrushBot/1~bl; +http://www.semrush.com/bot.html)" 
114.215.119.102 - - [02/Apr/2016:14:56:35 -0700] "GET /honeypot/Honeypot%20-%20Howto.pdf HTTP/1.1" 200 1279362 "-" "Mozilla/4.0 (compatible; MSIE 6.0; Windows NT 5.1)" 
192.243.55.138 - - [02/Apr/2016:14:57:09 -0700] "GET /self.logs/error.log.2015-10-14.gz HTTP/1.1" 200 850 "-" "Mozilla/5.0 (compatible; SemrushBot/1~bl; +http://www.semrush.com/bot.html)" 
51.255.65.22 - - [02/Apr/2016:14:57:20 -0700] "GET /self.logs/error.log.2016-01-21.gz HTTP/1.1" 200 492 "-" "Mozilla/5.0 (compatible; AhrefsBot/5.1; +http://ahrefs.com/robot/)" 
192.243.55.131 - - [02/Apr/2016:14:57:46 -0700] "GET /self.logs/access.log.2015-08-27.gz HTTP/1.1" 200 6066 "-" "Mozilla/5.0 (compatible; SemrushBot/1~bl; +http://www.semrush.com/bot.html)" 
192.243.55.135 - - [02/Apr/2016:14:58:16 -0700] "GET /self.logs/error.log.2015-07-01.gz HTTP/1.1" 200 1008 "-" "Mozilla/5.0 (compatible; SemrushBot/1~bl; +http://www.semrush.com/bot.html)" 
192.243.55.135 - - [02/Apr/2016:14:58:48 -0700] "GET /self.logs/access.log.2015-12-09.gz HTTP/1.1" 200 7689 "-" "Mozilla/5.0 (compatible; SemrushBot/1~bl; +http://www.semrush.com/bot.html)" 
192.243.55.129 - - [02/Apr/2016:14:59:23 -0700] "GET /self.logs/error.log.2016-01-03.gz HTTP/1.1" 200 667 "-" "Mozilla/5.0 (compatible; SemrushBot/1~bl; +http://www.semrush.com/bot.html)" 
192.243.55.137 - - [02/Apr/2016:14:59:57 -0700] "GET /self.logs/error.log.2015-01-25.gz HTTP/1.1" 200 574 "-" "Mozilla/5.0 (compatible; SemrushBot/1~bl; +http://www.semrush.com/bot.html)" 
192.243.55.137 - - [02/Apr/2016:15:00:34 -0700] "GET /self.logs/error.log.2016-02-11.gz HTTP/1.1" 200 830 "-" "Mozilla/5.0 (compatible; SemrushBot/1~bl; +http://www.semrush.com/bot.html)" 
192.243.55.129 - - [02/Apr/2016:15:01:03 -0700] "GET /self.logs/error.log.2015-09-28.gz HTTP/1.1" 200 736 "-" "Mozilla/5.0 (compatible; SemrushBot/1~bl; +http://www.semrush.com/bot.html)" 
192.243.55.130 - - [02/Apr/2016:15:01:41 -0700] "GET /self.logs/access.log.2015-03-17.gz HTTP/1.1" 200 5986 "-" "Mozilla/5.0 (compatible; SemrushBot/1~bl; +http://www.semrush.com/bot.html)" 
