211.103.88.105 - - [03/Aug/2017:09:01:31 -0700] "GET /maccdc2012/maccdc2012_full_alert.7z HTTP/1.1" 304 132 "-" "Mozilla/5.0 Gecko/20100115 Firefox/3.6" 
94.200.99.2 - - [03/Aug/2017:09:01:47 -0700] "GET /maccdc2012/ftp.log.gz HTTP/1.1" 200 128116 "-" "Mozilla/5.0 (Macintosh; Intel Mac OS X 10_12_5) AppleWebKit/537.36 (KHTML, like Gecko) Chrome/59.0.3071.115 Safari/537.36" 
216.244.66.227 - - [03/Aug/2017:09:03:28 -0700] "GET /self.logs/access.log.2016-01-10.gz HTTP/1.1" 200 6996 "-" "Mozilla/5.0 (compatible; DotBot/1.1; http://www.opensiteexplorer.org/dotbot, help@moz.com)" 
216.244.66.227 - - [03/Aug/2017:09:03:30 -0700] "GET /self.logs/access.log.2016-01-30.gz HTTP/1.1" 200 34143 "-" "Mozilla/5.0 (compatible; DotBot/1.1; http://www.opensiteexplorer.org/dotbot, help@moz.com)" 
216.244.66.227 - - [03/Aug/2017:09:03:32 -0700] "GET /self.logs/access.log.2016-12-30.gz HTTP/1.1" 200 14058 "-" "Mozilla/5.0 (compatible; DotBot/1.1; http://www.opensiteexplorer.org/dotbot, help@moz.com)" 
216.244.66.227 - - [03/Aug/2017:09:03:35 -0700] "GET /self.logs/error.log.2015-10-18.gz HTTP/1.1" 200 608 "-" "Mozilla/5.0 (compatible; DotBot/1.1; http://www.opensiteexplorer.org/dotbot, help@moz.com)" 
203.192.204.38 - - [03/Aug/2017:09:04:09 -0700] "GET /self.logs/ HTTP/1.1" 200 18889 "http://enigmater.blogspot.in/2017/03/intrusion-detection-based-on-supervised.html" "Mozilla/5.0 (Windows NT 10.0; Win64; x64) AppleWebKit/537.36 (KHTML, like Gecko) Chrome/59.0.3071.115 Safari/537.36" 
36.57.173.68 - - [03/Aug/2017:09:06:06 -0700] "GET /honeypot/BSidesDFW%20-%202014.ipynb HTTP/1.1" 200 349932 "-" "Mozilla/5.0 (Windows NT 6.1; Trident/7.0; rv:11.0) like Gecko" 
144.2.103.218 - - [03/Aug/2017:09:06:11 -0700] "GET / HTTP/1.1" 200 10794 "https://www.reddit.com/r/datasets/comments/3tbxap/cyber_security_datasets/" "Mozilla/5.0 (Macintosh; Intel Mac OS X 10.12; rv:54.0) Gecko/20100101 Firefox/54.0" 
144.2.103.218 - - [03/Aug/2017:09:06:12 -0700] "GET /twitter-icon.png HTTP/1.1" 200 27787 "http://www.secrepo.com/" "Mozilla/5.0 (Macintosh; Intel Mac OS X 10.12; rv:54.0) Gecko/20100101 Firefox/54.0" 
36.57.173.68 - - [03/Aug/2017:09:06:11 -0700] "POST /honeypot/BSidesDFW%20-%202014.ipynb/trackback/ HTTP/1.1" 404 303 "http://www.secrepo.com/honeypot/BSidesDFW - 2014.ipynb" "Mozilla/5.0 (Windows NT 6.1; Trident/7.0; rv:11.0) like Gecko" 
144.2.103.218 - - [03/Aug/2017:09:06:12 -0700] "GET /GitHub-Mark.png HTTP/1.1" 200 7428 "http://www.secrepo.com/" "Mozilla/5.0 (Macintosh; Intel Mac OS X 10.12; rv:54.0) Gecko/20100101 Firefox/54.0" 
144.2.103.218 - - [03/Aug/2017:09:06:12 -0700] "GET /bootstrap/img/favicon.ico HTTP/1.1" 200 590 "-" "Mozilla/5.0 (Macintosh; Intel Mac OS X 10.12; rv:54.0) Gecko/20100101 Firefox/54.0" 
178.137.154.138 - - [03/Aug/2017:09:07:18 -0700] "GET / HTTP/1.1" 200 36420 "https://vk.com/vps_vds_dedicated_server" "Mozilla/4.0 (compatible; MSIE 6.0; Windows XP)" 
178.137.154.138 - - [03/Aug/2017:09:07:18 -0700] "GET / HTTP/1.1" 200 36420 "https://vk.com/vps_vds_dedicated_server" "Mozilla/4.0 (compatible; MSIE 6.0; Windows XP)" 
178.137.154.138 - - [03/Aug/2017:09:07:19 -0700] "GET / HTTP/1.1" 200 36420 "https://vk.com/vps_vds_dedicated_server" "Mozilla/4.0 (compatible; MSIE 6.0; Windows XP)" 
92.38.197.99 - - [03/Aug/2017:09:07:21 -0700] "GET / HTTP/1.1" 200 10794 "-" "Mozilla/5.0 (X11; Linux x86_64) AppleWebKit/537.36 (KHTML, like Gecko) Ubuntu Chromium/59.0.3071.109 Chrome/59.0.3071.109 Safari/537.36" 
92.38.197.99 - - [03/Aug/2017:09:07:21 -0700] "GET /GitHub-Mark.png HTTP/1.1" 200 7427 "http://www.secrepo.com/" "Mozilla/5.0 (X11; Linux x86_64) AppleWebKit/537.36 (KHTML, like Gecko) Ubuntu Chromium/59.0.3071.109 Chrome/59.0.3071.109 Safari/537.36" 
177.83.44.68 - - [03/Aug/2017:09:08:23 -0700] "GET /honeypot/Honeypot%20-%20Howto.pdf HTTP/1.1" 200 1279418 "http://www.secrepo.com/" "Mozilla/5.0 (Windows NT 6.1; rv:52.0) Gecko/20100101 Firefox/52.0" 
164.132.161.95 - - [03/Aug/2017:09:08:42 -0700] "GET /self.logs/error.log.2016-05-09.gz HTTP/1.1" 200 596 "-" "Mozilla/5.0 (compatible; AhrefsBot/5.2; +http://ahrefs.com/robot/)" 
157.55.39.137 - - [03/Aug/2017:09:09:04 -0700] "GET /self.logs/error.log.2016-01-25.gz HTTP/1.1" 200 688 "-" "Mozilla/5.0 (compatible; bingbot/2.0; +http://www.bing.com/bingbot.htm)" 
52.168.161.70 - - [03/Aug/2017:09:09:26 -0700] "HEAD / HTTP/1.1" 200 282 "https://www.google.com/" "Mozilla/5.0 (compatible; epicbot; +http://www.epictions.com/epicbot)" 
52.168.161.70 - - [03/Aug/2017:09:09:29 -0700] "HEAD / HTTP/1.1" 200 282 "https://www.google.com/" "Mozilla/5.0 (compatible; epicbot; +http://www.epictions.com/epicbot)" 
52.168.161.70 - - [03/Aug/2017:09:09:29 -0700] "HEAD / HTTP/1.1" 200 282 "https://www.google.com/" "Mozilla/5.0 (compatible; epicbot; +http://www.epictions.com/epicbot)" 
66.102.6.127 - - [03/Aug/2017:09:16:13 -0700] "GET / HTTP/1.1" 200 36476 "https://www.google.co.in/" "Mozilla/5.0 (Windows NT 10.0; Win64; x64) AppleWebKit/537.36 (KHTML, like Gecko) Chrome/59.0.3071.115 Safari/537.36" 
66.102.6.96 - - [03/Aug/2017:09:16:13 -0700] "GET /GitHub-Mark.png HTTP/1.1" 200 7428 "http://www.secrepo.com/" "Mozilla/5.0 (Windows NT 10.0; Win64; x64) AppleWebKit/537.36 (KHTML, like Gecko) Chrome/59.0.3071.115 Safari/537.36" 
66.102.6.125 - - [03/Aug/2017:09:16:13 -0700] "GET /twitter-icon.png HTTP/1.1" 200 27788 "http://www.secrepo.com/" "Mozilla/5.0 (Windows NT 10.0; Win64; x64) AppleWebKit/537.36 (KHTML, like Gecko) Chrome/59.0.3071.115 Safari/537.36" 
66.102.6.125 - - [03/Aug/2017:09:16:14 -0700] "GET /tg/a.zip HTTP/1.1" 200 66189336 "http://www.secrepo.com/" "Mozilla/5.0 (Windows NT 10.0; Win64; x64) AppleWebKit/537.36 (KHTML, like Gecko) Chrome/59.0.3071.115 Safari/537.36" 
40.77.167.126 - - [03/Aug/2017:09:23:36 -0700] "GET /self.logs/error.log.2016-10-29.gz HTTP/1.1" 200 556 "-" "Mozilla/5.0 (compatible; bingbot/2.0; +http://www.bing.com/bingbot.htm)" 
86.150.47.5 - - [03/Aug/2017:09:25:23 -0700] "GET /bootstrap/img/favicon.ico HTTP/1.1" 200 590 "-" "Mozilla/5.0 (X11; Ubuntu; Linux x86_64; rv:54.0) Gecko/20100101 Firefox/54.0" 
66.102.8.61 - - [03/Aug/2017:09:25:35 -0700] "GET /tg/a.zip HTTP/1.1" 200 66189337 "-" "Mozilla/5.0 (Windows NT 6.3; WOW64) AppleWebKit/537.11 (KHTML, like Gecko) Chrome/23.0.1271.64 Safari/537.11" 
201.99.103.85 - - [03/Aug/2017:09:29:53 -0700] "GET / HTTP/1.1" 200 10794 "-" "Mozilla/5.0 (X11; Linux x86_64) AppleWebKit/537.36 (KHTML, like Gecko) Chrome/60.0.3112.78 Safari/537.36" 
201.99.103.85 - - [03/Aug/2017:09:29:53 -0700] "GET /twitter-icon.png HTTP/1.1" 200 27787 "http://www.secrepo.com/" "Mozilla/5.0 (X11; Linux x86_64) AppleWebKit/537.36 (KHTML, like Gecko) Chrome/60.0.3112.78 Safari/537.36" 
201.99.103.85 - - [03/Aug/2017:09:29:53 -0700] "GET /GitHub-Mark.png HTTP/1.1" 200 7428 "http://www.secrepo.com/" "Mozilla/5.0 (X11; Linux x86_64) AppleWebKit/537.36 (KHTML, like Gecko) Chrome/60.0.3112.78 Safari/537.36" 
201.99.103.85 - - [03/Aug/2017:09:29:54 -0700] "GET /bootstrap/img/favicon.ico HTTP/1.1" 200 589 "http://www.secrepo.com/" "Mozilla/5.0 (X11; Linux x86_64) AppleWebKit/537.36 (KHTML, like Gecko) Chrome/60.0.3112.78 Safari/537.36" 
123.125.67.165 - - [03/Aug/2017:09:31:50 -0700] "GET /robots.txt HTTP/1.1" 200 297 "-" "Mozilla/5.0 (Windows NT 10.0; WOW64) AppleWebKit/537.36 (KHTML, like Gecko) Chrome/45.0.2454.93 Safari/537.36" 
123.125.71.72 - - [03/Aug/2017:09:34:53 -0700] "GET / HTTP/1.1" 200 10757 "-" "Mozilla/5.0 (compatible; Baiduspider/2.0; +http://www.baidu.com/search/spider.html)" 
66.249.88.62 - - [03/Aug/2017:09:35:03 -0700] "GET / HTTP/1.1" 200 10794 "-" "Mozilla/5.0 (X11; Linux x86_64) AppleWebKit/537.36 (KHTML, like Gecko) Chrome/49.0.2623.75 Safari/537.36 Google Favicon" 
66.249.88.62 - - [03/Aug/2017:09:35:03 -0700] "GET /bootstrap/img/favicon.ico HTTP/1.1" 200 589 "-" "Mozilla/5.0 (X11; Linux x86_64) AppleWebKit/537.36 (KHTML, like Gecko) Chrome/49.0.2623.75 Safari/537.36 Google Favicon" 
143.132.2.2 - - [03/Aug/2017:09:42:11 -0700] "GET / HTTP/1.1" 200 10794 "-" "Mozilla/5.0 (Windows NT 10.0; Win64; x64) AppleWebKit/537.36 (KHTML, like Gecko) Chrome/59.0.3071.115 Safari/537.36" 
143.132.2.2 - - [03/Aug/2017:09:42:12 -0700] "GET /GitHub-Mark.png HTTP/1.1" 200 7428 "http://www.secrepo.com/" "Mozilla/5.0 (Windows NT 10.0; Win64; x64) AppleWebKit/537.36 (KHTML, like Gecko) Chrome/59.0.3071.115 Safari/537.36" 
143.132.2.2 - - [03/Aug/2017:09:42:12 -0700] "GET /twitter-icon.png HTTP/1.1" 200 27787 "http://www.secrepo.com/" "Mozilla/5.0 (Windows NT 10.0; Win64; x64) AppleWebKit/537.36 (KHTML, like Gecko) Chrome/59.0.3071.115 Safari/537.36" 
143.132.2.2 - - [03/Aug/2017:09:42:12 -0700] "GET /bootstrap/img/favicon.ico HTTP/1.1" 200 589 "http://www.secrepo.com/" "Mozilla/5.0 (Windows NT 10.0; Win64; x64) AppleWebKit/537.36 (KHTML, like Gecko) Chrome/59.0.3071.115 Safari/537.36" 
109.60.64.29 - - [03/Aug/2017:09:42:46 -0700] "GET /wp-login.php HTTP/1.1" 404 295 "-" "Mozilla/5.0 (Windows NT 6.1; WOW64; rv:40.0) Gecko/20100101 Firefox/40.1" 
109.60.64.29 - - [03/Aug/2017:09:42:51 -0700] "GET /wp-login.php HTTP/1.1" 404 295 "-" "Mozilla/5.0 (Windows NT 6.1; WOW64; rv:40.0) Gecko/20100101 Firefox/40.1" 
109.60.64.29 - - [03/Aug/2017:09:42:57 -0700] "GET / HTTP/1.1" 200 36476 "-" "Mozilla/5.0 (Windows NT 6.1; WOW64; rv:40.0) Gecko/20100101 Firefox/40.1" 
205.128.224.6 - - [03/Aug/2017:09:45:41 -0700] "GET / HTTP/1.1" 200 10794 "http://www.google.com/url?sa=t&rct=j&q=&esrc=s&source=web&cd=1&ved=0ahUKEwjx2YrfwbvVAhWXw4MKHR5aC30QFgg_MAA&url=http%3A%2F%2Fwww.secrepo.com%2F&usg=AFQjCNHeQikQ6r63vtqWKlBvSenYpdB4dQ" "Mozilla/5.0 (Windows NT 6.1; WOW64; Trident/7.0; rv:11.0) like Gecko" 
205.128.224.6 - - [03/Aug/2017:09:45:42 -0700] "GET /twitter-icon.png HTTP/1.1" 200 27787 "http://www.secrepo.com/" "Mozilla/5.0 (Windows NT 6.1; WOW64; Trident/7.0; rv:11.0) like Gecko" 
205.128.224.6 - - [03/Aug/2017:09:45:42 -0700] "GET /GitHub-Mark.png HTTP/1.1" 200 7428 "http://www.secrepo.com/" "Mozilla/5.0 (Windows NT 6.1; WOW64; Trident/7.0; rv:11.0) like Gecko" 
205.128.224.6 - - [03/Aug/2017:09:45:42 -0700] "GET /bootstrap/img/favicon.ico HTTP/1.1" 200 589 "-" "Mozilla/5.0 (Windows NT 6.1; WOW64; Trident/7.0; rv:11.0) like Gecko" 
203.192.204.38 - - [03/Aug/2017:09:46:54 -0700] "GET /self.logs/ HTTP/1.1" 200 18889 "http://enigmater.blogspot.in/2017/03/intrusion-detection-based-on-supervised.html" "Mozilla/5.0 (Windows NT 10.0; Win64; x64) AppleWebKit/537.36 (KHTML, like Gecko) Chrome/59.0.3071.115 Safari/537.36" 
51.255.65.30 - - [03/Aug/2017:09:48:14 -0700] "GET /self.logs/error.log.2015-02-25.gz HTTP/1.1" 200 970 "-" "Mozilla/5.0 (compatible; AhrefsBot/5.2; +http://ahrefs.com/robot/)" 
208.80.192.33 - - [03/Aug/2017:09:54:34 -0700] "GET / HTTP/1.0" 200 36465 "-" "Mozilla/5.0 (Windows NT 5.1) Gecko/20100101 Firefox/5.0" 
94.97.99.169 - - [03/Aug/2017:09:58:06 -0700] "GET / HTTP/1.1" 200 10738 "http://login.alfursan.org/login" "Mozilla/5.0 (Macintosh; Intel Mac OS X 10_12_5) AppleWebKit/537.36 (KHTML, like Gecko) Chrome/59.0.3071.115 Safari/537.36" 
94.97.99.169 - - [03/Aug/2017:09:58:07 -0700] "GET /twitter-icon.png HTTP/1.1" 200 27732 "http://www.secrepo.com/" "Mozilla/5.0 (Macintosh; Intel Mac OS X 10_12_5) AppleWebKit/537.36 (KHTML, like Gecko) Chrome/59.0.3071.115 Safari/537.36" 
94.97.99.169 - - [03/Aug/2017:09:58:08 -0700] "GET /GitHub-Mark.png HTTP/1.1" 200 7372 "http://www.secrepo.com/" "Mozilla/5.0 (Macintosh; Intel Mac OS X 10_12_5) AppleWebKit/537.36 (KHTML, like Gecko) Chrome/59.0.3071.115 Safari/537.36" 
164.132.161.96 - - [03/Aug/2017:10:01:23 -0700] "GET /self.logs/access.log.2015-03-05.gz HTTP/1.1" 200 3269 "-" "Mozilla/5.0 (compatible; AhrefsBot/5.2; +http://ahrefs.com/robot/)" 
207.46.13.158 - - [03/Aug/2017:10:04:24 -0700] "GET /self.logs/access.log.2015-11-21.gz HTTP/1.1" 200 5416 "-" "Mozilla/5.0 (compatible; bingbot/2.0; +http://www.bing.com/bingbot.htm)" 
122.174.45.38 - - [03/Aug/2017:10:09:20 -0700] "GET / HTTP/1.1" 200 10794 "https://www.google.co.in/" "Mozilla/5.0 (Windows NT 6.3; Win64; x64) AppleWebKit/537.36 (KHTML, like Gecko) Chrome/59.0.3071.115 Safari/537.36" 
122.174.45.38 - - [03/Aug/2017:10:09:21 -0700] "GET /twitter-icon.png HTTP/1.1" 200 27787 "http://www.secrepo.com/" "Mozilla/5.0 (Windows NT 6.3; Win64; x64) AppleWebKit/537.36 (KHTML, like Gecko) Chrome/59.0.3071.115 Safari/537.36" 
122.174.45.38 - - [03/Aug/2017:10:09:21 -0700] "GET /GitHub-Mark.png HTTP/1.1" 200 7428 "http://www.secrepo.com/" "Mozilla/5.0 (Windows NT 6.3; Win64; x64) AppleWebKit/537.36 (KHTML, like Gecko) Chrome/59.0.3071.115 Safari/537.36" 
122.174.45.38 - - [03/Aug/2017:10:09:25 -0700] "GET /bootstrap/img/favicon.ico HTTP/1.1" 200 590 "http://www.secrepo.com/" "Mozilla/5.0 (Windows NT 6.3; Win64; x64) AppleWebKit/537.36 (KHTML, like Gecko) Chrome/59.0.3071.115 Safari/537.36" 
51.255.65.45 - - [03/Aug/2017:10:10:58 -0700] "GET /self.logs/access.log.2016-02-19.gz HTTP/1.1" 200 6913 "-" "Mozilla/5.0 (compatible; AhrefsBot/5.2; +http://ahrefs.com/robot/)" 
207.46.13.158 - - [03/Aug/2017:10:11:05 -0700] "GET /self.logs/error.log.2016-08-08.gz HTTP/1.1" 200 929 "-" "Mozilla/5.0 (compatible; bingbot/2.0; +http://www.bing.com/bingbot.htm)" 
120.221.1.28 - - [03/Aug/2017:10:15:22 -0700] "GET /maccdc2012/files.log.gz HTTP/1.1" 304 155 "-" "Mozilla/5.0 Gecko/20100115 Firefox/3.6" 
157.55.39.44 - - [03/Aug/2017:10:15:22 -0700] "GET /self.logs/access.log.2015-07-22.gz HTTP/1.1" 200 4688 "-" "Mozilla/5.0 (compatible; bingbot/2.0; +http://www.bing.com/bingbot.htm)" 
207.46.13.158 - - [03/Aug/2017:10:22:53 -0700] "GET /self.logs/access.log.2016-11-25.gz HTTP/1.1" 200 16701 "-" "Mozilla/5.0 (compatible; bingbot/2.0; +http://www.bing.com/bingbot.htm)" 
181.9.160.244 - - [03/Aug/2017:10:27:59 -0700] "GET / HTTP/1.1" 200 10794 "-" "Mozilla/5.0 (Linux; Android 7.0; SM-G935K Build/NRD90M) AppleWebKit/537.36 (KHTML, like Gecko) Chrome/59.0.3071.125 Mobile Safari/537.36" 
181.9.160.244 - - [03/Aug/2017:10:28:01 -0700] "GET /twitter-icon.png HTTP/1.1" 200 27787 "http://www.secrepo.com/" "Mozilla/5.0 (Linux; Android 7.0; SM-G935K Build/NRD90M) AppleWebKit/537.36 (KHTML, like Gecko) Chrome/59.0.3071.125 Mobile Safari/537.36" 
181.9.160.244 - - [03/Aug/2017:10:28:01 -0700] "GET /GitHub-Mark.png HTTP/1.1" 200 7428 "http://www.secrepo.com/" "Mozilla/5.0 (Linux; Android 7.0; SM-G935K Build/NRD90M) AppleWebKit/537.36 (KHTML, like Gecko) Chrome/59.0.3071.125 Mobile Safari/537.36" 
181.9.160.244 - - [03/Aug/2017:10:28:02 -0700] "GET /bootstrap/img/favicon.ico HTTP/1.1" 200 589 "http://www.secrepo.com/" "Mozilla/5.0 (Linux; Android 7.0; SM-G935K Build/NRD90M) AppleWebKit/537.36 (KHTML, like Gecko) Chrome/59.0.3071.125 Mobile Safari/537.36" 
163.10.22.222 - - [03/Aug/2017:10:36:59 -0700] "GET / HTTP/1.1" 200 10794 "https://www.google.com.ar/" "Mozilla/5.0 (X11; Ubuntu; Linux x86_64; rv:53.0) Gecko/20100101 Firefox/53.0" 
163.10.22.222 - - [03/Aug/2017:10:36:59 -0700] "GET /bootstrap/img/favicon.ico HTTP/1.1" 200 589 "-" "Mozilla/5.0 (X11; Ubuntu; Linux x86_64; rv:53.0) Gecko/20100101 Firefox/53.0" 
163.10.22.222 - - [03/Aug/2017:10:36:59 -0700] "GET /twitter-icon.png HTTP/1.1" 200 27787 "http://www.secrepo.com/" "Mozilla/5.0 (X11; Ubuntu; Linux x86_64; rv:53.0) Gecko/20100101 Firefox/53.0" 
163.10.22.222 - - [03/Aug/2017:10:37:00 -0700] "GET /GitHub-Mark.png HTTP/1.1" 200 7428 "http://www.secrepo.com/" "Mozilla/5.0 (X11; Ubuntu; Linux x86_64; rv:53.0) Gecko/20100101 Firefox/53.0" 
179.105.20.200 - - [03/Aug/2017:10:37:24 -0700] "GET /wp-login.php HTTP/1.1" 404 295 "-" "Mozilla/5.0 (Windows NT 6.1; WOW64; rv:40.0) Gecko/20100101 Firefox/40.1" 
179.105.20.200 - - [03/Aug/2017:10:37:29 -0700] "GET /wp-login.php HTTP/1.1" 404 295 "-" "Mozilla/5.0 (Windows NT 6.1; WOW64; rv:40.0) Gecko/20100101 Firefox/40.1" 
179.105.20.200 - - [03/Aug/2017:10:37:35 -0700] "GET / HTTP/1.1" 200 36476 "-" "Mozilla/5.0 (Windows NT 6.1; WOW64; rv:40.0) Gecko/20100101 Firefox/40.1" 
180.190.167.191 - - [03/Aug/2017:10:39:00 -0700] "GET /wp-login.php HTTP/1.1" 404 295 "-" "Mozilla/5.0 (Windows NT 6.1; WOW64; rv:40.0) Gecko/20100101 Firefox/40.1" 
180.190.167.191 - - [03/Aug/2017:10:39:05 -0700] "GET /wp-login.php HTTP/1.1" 404 295 "-" "Mozilla/5.0 (Windows NT 6.1; WOW64; rv:40.0) Gecko/20100101 Firefox/40.1" 
180.190.167.191 - - [03/Aug/2017:10:39:11 -0700] "GET / HTTP/1.1" 200 36476 "-" "Mozilla/5.0 (Windows NT 6.1; WOW64; rv:40.0) Gecko/20100101 Firefox/40.1" 
180.190.167.191 - - [03/Aug/2017:10:39:34 -0700] "GET /wp-login.php HTTP/1.1" 301 522 "-" "Mozilla/5.0 (Windows NT 6.1; WOW64; rv:40.0) Gecko/20100101 Firefox/40.1" 
180.190.167.191 - - [03/Aug/2017:10:39:35 -0700] "GET /wp-login.php HTTP/1.1" 404 295 "-" "Mozilla/5.0 (Windows NT 6.1; WOW64; rv:40.0) Gecko/20100101 Firefox/40.1" 
180.190.167.191 - - [03/Aug/2017:10:39:40 -0700] "GET /wp-login.php HTTP/1.1" 301 522 "-" "Mozilla/5.0 (Windows NT 6.1; WOW64; rv:40.0) Gecko/20100101 Firefox/40.1" 
180.190.167.191 - - [03/Aug/2017:10:39:41 -0700] "GET /wp-login.php HTTP/1.1" 404 295 "-" "Mozilla/5.0 (Windows NT 6.1; WOW64; rv:40.0) Gecko/20100101 Firefox/40.1" 
180.190.167.191 - - [03/Aug/2017:10:39:46 -0700] "GET / HTTP/1.1" 301 498 "-" "Mozilla/5.0 (Windows NT 6.1; WOW64; rv:40.0) Gecko/20100101 Firefox/40.1" 
180.190.167.191 - - [03/Aug/2017:10:39:47 -0700] "GET / HTTP/1.1" 200 36476 "-" "Mozilla/5.0 (Windows NT 6.1; WOW64; rv:40.0) Gecko/20100101 Firefox/40.1" 
12.251.228.178 - - [03/Aug/2017:10:43:53 -0700] "GET / HTTP/1.1" 200 10794 "https://www.google.com/" "Mozilla/5.0 (Windows NT 6.1; Win64; x64) AppleWebKit/537.36 (KHTML, like Gecko) Chrome/59.0.3071.115 Safari/537.36" 
12.251.228.178 - - [03/Aug/2017:10:43:53 -0700] "GET /twitter-icon.png HTTP/1.1" 200 27787 "http://www.secrepo.com/" "Mozilla/5.0 (Windows NT 6.1; Win64; x64) AppleWebKit/537.36 (KHTML, like Gecko) Chrome/59.0.3071.115 Safari/537.36" 
12.251.228.178 - - [03/Aug/2017:10:43:53 -0700] "GET /GitHub-Mark.png HTTP/1.1" 200 7428 "http://www.secrepo.com/" "Mozilla/5.0 (Windows NT 6.1; Win64; x64) AppleWebKit/537.36 (KHTML, like Gecko) Chrome/59.0.3071.115 Safari/537.36" 
12.251.228.178 - - [03/Aug/2017:10:43:56 -0700] "GET /bootstrap/img/favicon.ico HTTP/1.1" 200 590 "http://www.secrepo.com/" "Mozilla/5.0 (Windows NT 6.1; Win64; x64) AppleWebKit/537.36 (KHTML, like Gecko) Chrome/59.0.3071.115 Safari/537.36" 
104.239.135.78 - - [03/Aug/2017:10:44:33 -0700] "GET /robots.txt HTTP/1.1" 301 446 "-" "Tornado-Async-Client" 
104.239.135.78 - - [03/Aug/2017:10:44:33 -0700] "GET /robots.txt HTTP/1.1" 304 130 "-" "Tornado-Async-Client" 
104.239.135.78 - - [03/Aug/2017:10:44:33 -0700] "GET /honeypot/BSidesDFW%20-%202014.ipynb HTTP/1.1" 301 484 "-" "Tornado-Async-Client" 
163.10.22.222 - - [03/Aug/2017:10:44:34 -0700] "GET /honeypot/BSidesDFW%20-%202014.ipynb HTTP/1.1" 200 930836 "http://www.secrepo.com/" "Mozilla/5.0 (X11; Ubuntu; Linux x86_64; rv:53.0) Gecko/20100101 Firefox/53.0" 
104.239.135.78 - - [03/Aug/2017:10:44:33 -0700] "GET /honeypot/BSidesDFW%20-%202014.ipynb HTTP/1.1" 200 930780 "-" "Tornado-Async-Client" 
163.10.22.222 - - [03/Aug/2017:10:44:37 -0700] "GET /favicon.ico HTTP/1.1" 200 267 "-" "Mozilla/5.0 (X11; Ubuntu; Linux x86_64; rv:53.0) Gecko/20100101 Firefox/53.0" 
163.10.22.222 - - [03/Aug/2017:10:44:25 -0700] "GET /honeypot/honeypot.json.zip HTTP/1.1" 200 23085976 "http://www.secrepo.com/" "Mozilla/5.0 (X11; Ubuntu; Linux x86_64; rv:53.0) Gecko/20100101 Firefox/53.0" 
40.77.167.126 - - [03/Aug/2017:10:50:58 -0700] "GET /self.logs/access.log.2016-04-28.gz HTTP/1.1" 200 10838 "-" "Mozilla/5.0 (compatible; bingbot/2.0; +http://www.bing.com/bingbot.htm)" 
216.244.66.227 - - [03/Aug/2017:10:51:58 -0700] "GET /robots.txt HTTP/1.1" 200 233 "-" "Mozilla/5.0 (compatible; DotBot/1.1; http://www.opensiteexplorer.org/dotbot, help@moz.com)" 
157.55.39.44 - - [03/Aug/2017:10:54:47 -0700] "GET /self.logs/access.log.2015-05-31.gz HTTP/1.1" 200 5030 "-" "Mozilla/5.0 (compatible; bingbot/2.0; +http://www.bing.com/bingbot.htm)" 
109.60.64.29 - - [03/Aug/2017:10:55:25 -0700] "GET /wp-login.php HTTP/1.1" 301 522 "-" "Mozilla/5.0 (Windows NT 6.1; WOW64; rv:40.0) Gecko/20100101 Firefox/40.1" 
109.60.64.29 - - [03/Aug/2017:10:55:25 -0700] "GET /wp-login.php HTTP/1.1" 404 295 "-" "Mozilla/5.0 (Windows NT 6.1; WOW64; rv:40.0) Gecko/20100101 Firefox/40.1" 
109.60.64.29 - - [03/Aug/2017:10:55:30 -0700] "GET /wp-login.php HTTP/1.1" 301 522 "-" "Mozilla/5.0 (Windows NT 6.1; WOW64; rv:40.0) Gecko/20100101 Firefox/40.1" 
109.60.64.29 - - [03/Aug/2017:10:55:31 -0700] "GET /wp-login.php HTTP/1.1" 404 295 "-" "Mozilla/5.0 (Windows NT 6.1; WOW64; rv:40.0) Gecko/20100101 Firefox/40.1" 
109.60.64.29 - - [03/Aug/2017:10:55:36 -0700] "GET / HTTP/1.1" 301 498 "-" "Mozilla/5.0 (Windows NT 6.1; WOW64; rv:40.0) Gecko/20100101 Firefox/40.1" 
109.60.64.29 - - [03/Aug/2017:10:55:36 -0700] "GET / HTTP/1.1" 200 36476 "-" "Mozilla/5.0 (Windows NT 6.1; WOW64; rv:40.0) Gecko/20100101 Firefox/40.1" 
120.192.95.88 - - [03/Aug/2017:10:56:47 -0700] "GET /maccdc2012/maccdc2012_full_alert.7z HTTP/1.1" 304 132 "-" "Mozilla/5.0 Gecko/20100115 Firefox/3.6" 
217.182.132.86 - - [03/Aug/2017:10:56:47 -0700] "GET /self.logs/access.log.2016-11-09.gz HTTP/1.1" 200 13097 "-" "Mozilla/5.0 (compatible; AhrefsBot/5.2; +http://ahrefs.com/robot/)" 
217.182.132.60 - - [03/Aug/2017:11:03:07 -0700] "GET /self.logs/access.log.2016-06-26.gz HTTP/1.1" 200 6761 "-" "Mozilla/5.0 (compatible; AhrefsBot/5.2; +http://ahrefs.com/robot/)" 
157.55.39.137 - - [03/Aug/2017:11:03:17 -0700] "GET /self.logs/error.log.2017-06-03.gz HTTP/1.1" 200 875 "-" "Mozilla/5.0 (compatible; bingbot/2.0; +http://www.bing.com/bingbot.htm)" 
157.55.39.137 - - [03/Aug/2017:11:03:22 -0700] "GET /self.logs/error.log.2017-06-03.gz HTTP/1.1" 200 875 "-" "Mozilla/5.0 (compatible; bingbot/2.0; +http://www.bing.com/bingbot.htm)" 
196.210.48.145 - - [03/Aug/2017:11:03:32 -0700] "GET /wp-login.php HTTP/1.1" 404 295 "-" "Mozilla/5.0 (Windows NT 6.1; WOW64; rv:40.0) Gecko/20100101 Firefox/40.1" 
196.210.48.145 - - [03/Aug/2017:11:03:47 -0700] "GET /wp-login.php HTTP/1.1" 404 295 "-" "Mozilla/5.0 (Windows NT 6.1; WOW64; rv:40.0) Gecko/20100101 Firefox/40.1" 
196.210.48.145 - - [03/Aug/2017:11:04:02 -0700] "GET / HTTP/1.1" 200 36476 "-" "Mozilla/5.0 (Windows NT 6.1; WOW64; rv:40.0) Gecko/20100101 Firefox/40.1" 
207.46.13.158 - - [03/Aug/2017:11:04:51 -0700] "GET /maccdc2012/tunnel.log.gz HTTP/1.1" 200 5229 "-" "Mozilla/5.0 (compatible; bingbot/2.0; +http://www.bing.com/bingbot.htm)" 
207.46.13.158 - - [03/Aug/2017:11:04:57 -0700] "GET /maccdc2012/tunnel.log.gz HTTP/1.1" 200 5229 "-" "Mozilla/5.0 (compatible; bingbot/2.0; +http://www.bing.com/bingbot.htm)" 
216.244.66.227 - - [03/Aug/2017:11:08:43 -0700] "GET /self.logs/access.log.2015-09-29.gz HTTP/1.1" 200 5203 "-" "Mozilla/5.0 (compatible; DotBot/1.1; http://www.opensiteexplorer.org/dotbot, help@moz.com)" 
40.77.167.126 - - [03/Aug/2017:11:08:48 -0700] "GET /self.logs/error.log.2017-06-30.gz HTTP/1.1" 200 1245 "-" "Mozilla/5.0 (compatible; bingbot/2.0; +http://www.bing.com/bingbot.htm)" 
216.244.66.227 - - [03/Aug/2017:11:08:49 -0700] "GET /self.logs/access.log.2016-09-07.gz HTTP/1.1" 200 30362 "-" "Mozilla/5.0 (compatible; DotBot/1.1; http://www.opensiteexplorer.org/dotbot, help@moz.com)" 
216.244.66.227 - - [03/Aug/2017:11:08:51 -0700] "GET /self.logs/access.log.2017-02-15.gz HTTP/1.1" 200 25053 "-" "Mozilla/5.0 (compatible; DotBot/1.1; http://www.opensiteexplorer.org/dotbot, help@moz.com)" 
216.244.66.227 - - [03/Aug/2017:11:08:53 -0700] "GET /self.logs/error.log.2016-12-01.gz HTTP/1.1" 200 677 "-" "Mozilla/5.0 (compatible; DotBot/1.1; http://www.opensiteexplorer.org/dotbot, help@moz.com)" 
216.244.66.227 - - [03/Aug/2017:11:08:55 -0700] "GET /self.logs/error.log.2017-04-28.gz HTTP/1.1" 200 793 "-" "Mozilla/5.0 (compatible; DotBot/1.1; http://www.opensiteexplorer.org/dotbot, help@moz.com)" 
40.77.167.126 - - [03/Aug/2017:11:08:58 -0700] "GET /self.logs/error.log.2017-06-30.gz HTTP/1.1" 200 1245 "-" "Mozilla/5.0 (compatible; bingbot/2.0; +http://www.bing.com/bingbot.htm)" 
95.35.191.205 - - [03/Aug/2017:11:09:55 -0700] "GET / HTTP/1.1" 301 483 "http://www.kdnuggets.com/2017/02/machine-learning-driven-firewall.html" "Mozilla/5.0 (Windows NT 6.1; Win64; x64) AppleWebKit/537.36 (KHTML, like Gecko) Chrome/59.0.3071.115 Safari/537.36" 
95.35.191.205 - - [03/Aug/2017:11:09:55 -0700] "GET / HTTP/1.1" 200 10794 "http://www.kdnuggets.com/2017/02/machine-learning-driven-firewall.html" "Mozilla/5.0 (Windows NT 6.1; Win64; x64) AppleWebKit/537.36 (KHTML, like Gecko) Chrome/59.0.3071.115 Safari/537.36" 
95.35.191.205 - - [03/Aug/2017:11:09:59 -0700] "GET /GitHub-Mark.png HTTP/1.1" 200 7428 "http://www.secrepo.com/" "Mozilla/5.0 (Windows NT 6.1; Win64; x64) AppleWebKit/537.36 (KHTML, like Gecko) Chrome/59.0.3071.115 Safari/537.36" 
95.35.191.205 - - [03/Aug/2017:11:09:59 -0700] "GET /twitter-icon.png HTTP/1.1" 200 27788 "http://www.secrepo.com/" "Mozilla/5.0 (Windows NT 6.1; Win64; x64) AppleWebKit/537.36 (KHTML, like Gecko) Chrome/59.0.3071.115 Safari/537.36" 
95.35.191.205 - - [03/Aug/2017:11:10:00 -0700] "GET /bootstrap/img/favicon.ico HTTP/1.1" 200 589 "http://www.secrepo.com/" "Mozilla/5.0 (Windows NT 6.1; Win64; x64) AppleWebKit/537.36 (KHTML, like Gecko) Chrome/59.0.3071.115 Safari/537.36" 
164.132.161.74 - - [03/Aug/2017:11:10:34 -0700] "GET /self.logs/error.log.2016-11-22.gz HTTP/1.1" 200 1299 "-" "Mozilla/5.0 (compatible; AhrefsBot/5.2; +http://ahrefs.com/robot/)" 
207.46.13.158 - - [03/Aug/2017:11:16:03 -0700] "GET /self.logs/access.log.2015-08-15.gz HTTP/1.1" 200 4249 "-" "Mozilla/5.0 (compatible; bingbot/2.0; +http://www.bing.com/bingbot.htm)" 
54.243.53.148 - - [03/Aug/2017:11:16:53 -0700] "GET / HTTP/1.1" 200 10794 "http://www.google.com" "Mozilla/5.0 (Windows; U; Windows NT 6.1; en-GB; rv:1.9.2) Gecko/20100115 Firefox/3.6" 
66.102.6.96 - - [03/Aug/2017:11:19:42 -0700] "GET / HTTP/1.1" 200 10794 "-" "Mozilla/5.0 (X11; Linux x86_64) AppleWebKit/537.36 (KHTML, like Gecko) Chrome/49.0.2623.75 Safari/537.36 Google Favicon" 
66.102.6.125 - - [03/Aug/2017:11:19:42 -0700] "GET /bootstrap/img/favicon.ico HTTP/1.1" 200 590 "-" "Mozilla/5.0 (X11; Linux x86_64) AppleWebKit/537.36 (KHTML, like Gecko) Chrome/49.0.2623.75 Safari/537.36 Google Favicon" 
163.10.22.222 - - [03/Aug/2017:11:24:30 -0700] "GET /auth.log/auth.log.gz HTTP/1.1" 200 554524 "http://www.secrepo.com/" "Mozilla/5.0 (X11; Ubuntu; Linux x86_64; rv:53.0) Gecko/20100101 Firefox/53.0" 
108.174.5.116 - - [03/Aug/2017:11:24:51 -0700] "GET /twitter-icon.png HTTP/1.1" 200 27751 "-" "LinkedInBot/1.0 (compatible; Mozilla/5.0; Jakarta Commons-HttpClient/4.3 +http://www.linkedin.com)" 
179.105.20.200 - - [03/Aug/2017:11:26:54 -0700] "GET /wp-login.php HTTP/1.1" 301 522 "-" "Mozilla/5.0 (Windows NT 6.1; WOW64; rv:40.0) Gecko/20100101 Firefox/40.1" 
179.105.20.200 - - [03/Aug/2017:11:26:55 -0700] "GET /wp-login.php HTTP/1.1" 404 295 "-" "Mozilla/5.0 (Windows NT 6.1; WOW64; rv:40.0) Gecko/20100101 Firefox/40.1" 
179.105.20.200 - - [03/Aug/2017:11:27:01 -0700] "GET /wp-login.php HTTP/1.1" 301 522 "-" "Mozilla/5.0 (Windows NT 6.1; WOW64; rv:40.0) Gecko/20100101 Firefox/40.1" 
179.105.20.200 - - [03/Aug/2017:11:27:01 -0700] "GET /wp-login.php HTTP/1.1" 404 295 "-" "Mozilla/5.0 (Windows NT 6.1; WOW64; rv:40.0) Gecko/20100101 Firefox/40.1" 
179.105.20.200 - - [03/Aug/2017:11:27:07 -0700] "GET / HTTP/1.1" 301 498 "-" "Mozilla/5.0 (Windows NT 6.1; WOW64; rv:40.0) Gecko/20100101 Firefox/40.1" 
179.105.20.200 - - [03/Aug/2017:11:27:07 -0700] "GET / HTTP/1.1" 200 36476 "-" "Mozilla/5.0 (Windows NT 6.1; WOW64; rv:40.0) Gecko/20100101 Firefox/40.1" 
2.53.139.19 - - [03/Aug/2017:11:31:41 -0700] "GET / HTTP/1.1" 200 10794 "-" "Mozilla/5.0 (Windows NT 6.2; Win64; x64) AppleWebKit/537.36 (KHTML, like Gecko) Chrome/59.0.3071.115 Safari/537.36" 
2.53.139.19 - - [03/Aug/2017:11:31:43 -0700] "GET /twitter-icon.png HTTP/1.1" 200 27787 "http://www.secrepo.com/" "Mozilla/5.0 (Windows NT 6.2; Win64; x64) AppleWebKit/537.36 (KHTML, like Gecko) Chrome/59.0.3071.115 Safari/537.36" 
2.53.139.19 - - [03/Aug/2017:11:31:43 -0700] "GET /GitHub-Mark.png HTTP/1.1" 200 7428 "http://www.secrepo.com/" "Mozilla/5.0 (Windows NT 6.2; Win64; x64) AppleWebKit/537.36 (KHTML, like Gecko) Chrome/59.0.3071.115 Safari/537.36" 
216.244.66.227 - - [03/Aug/2017:11:32:37 -0700] "GET /robots.txt HTTP/1.1" 200 233 "-" "Mozilla/5.0 (compatible; DotBot/1.1; http://www.opensiteexplorer.org/dotbot, help@moz.com)" 
52.168.161.70 - - [03/Aug/2017:11:45:43 -0700] "HEAD / HTTP/1.1" 301 253 "https://www.google.com/" "Mozilla/5.0 (compatible; epicbot; +http://www.epictions.com/epicbot)" 
52.168.161.70 - - [03/Aug/2017:11:45:43 -0700] "HEAD / HTTP/1.1" 301 253 "https://www.google.com/" "Mozilla/5.0 (compatible; epicbot; +http://www.epictions.com/epicbot)" 
52.168.161.70 - - [03/Aug/2017:11:45:43 -0700] "HEAD / HTTP/1.1" 301 253 "https://www.google.com/" "Mozilla/5.0 (compatible; epicbot; +http://www.epictions.com/epicbot)" 
52.168.161.70 - - [03/Aug/2017:11:45:43 -0700] "HEAD / HTTP/1.1" 301 253 "https://www.google.com/" "Mozilla/5.0 (compatible; epicbot; +http://www.epictions.com/epicbot)" 
52.168.161.70 - - [03/Aug/2017:11:45:43 -0700] "HEAD / HTTP/1.1" 301 253 "https://www.google.com/" "Mozilla/5.0 (compatible; epicbot; +http://www.epictions.com/epicbot)" 
52.168.161.70 - - [03/Aug/2017:11:45:43 -0700] "HEAD / HTTP/1.1" 301 253 "https://www.google.com/" "Mozilla/5.0 (compatible; epicbot; +http://www.epictions.com/epicbot)" 
52.168.161.70 - - [03/Aug/2017:11:45:43 -0700] "HEAD / HTTP/1.1" 301 253 "https://www.google.com/" "Mozilla/5.0 (compatible; epicbot; +http://www.epictions.com/epicbot)" 
52.168.161.70 - - [03/Aug/2017:11:45:43 -0700] "HEAD / HTTP/1.1" 301 253 "https://www.google.com/" "Mozilla/5.0 (compatible; epicbot; +http://www.epictions.com/epicbot)" 
52.168.161.70 - - [03/Aug/2017:11:45:43 -0700] "HEAD / HTTP/1.1" 301 253 "https://www.google.com/" "Mozilla/5.0 (compatible; epicbot; +http://www.epictions.com/epicbot)" 
52.168.161.70 - - [03/Aug/2017:11:45:43 -0700] "HEAD / HTTP/1.1" 301 253 "https://www.google.com/" "Mozilla/5.0 (compatible; epicbot; +http://www.epictions.com/epicbot)" 
52.168.161.70 - - [03/Aug/2017:11:45:43 -0700] "HEAD / HTTP/1.1" 301 253 "https://www.google.com/" "Mozilla/5.0 (compatible; epicbot; +http://www.epictions.com/epicbot)" 
52.168.161.70 - - [03/Aug/2017:11:45:43 -0700] "HEAD / HTTP/1.1" 200 282 "https://www.google.com/" "Mozilla/5.0 (compatible; epicbot; +http://www.epictions.com/epicbot)" 
52.168.161.70 - - [03/Aug/2017:11:45:45 -0700] "HEAD / HTTP/1.1" 301 253 "https://www.google.com/" "Mozilla/5.0 (compatible; epicbot; +http://www.epictions.com/epicbot)" 
52.168.161.70 - - [03/Aug/2017:11:45:45 -0700] "HEAD / HTTP/1.1" 301 253 "https://www.google.com/" "Mozilla/5.0 (compatible; epicbot; +http://www.epictions.com/epicbot)" 
52.168.161.70 - - [03/Aug/2017:11:45:45 -0700] "HEAD / HTTP/1.1" 301 253 "https://www.google.com/" "Mozilla/5.0 (compatible; epicbot; +http://www.epictions.com/epicbot)" 
52.168.161.70 - - [03/Aug/2017:11:45:45 -0700] "HEAD / HTTP/1.1" 301 253 "https://www.google.com/" "Mozilla/5.0 (compatible; epicbot; +http://www.epictions.com/epicbot)" 
52.168.161.70 - - [03/Aug/2017:11:45:45 -0700] "HEAD / HTTP/1.1" 301 253 "https://www.google.com/" "Mozilla/5.0 (compatible; epicbot; +http://www.epictions.com/epicbot)" 
52.168.161.70 - - [03/Aug/2017:11:45:45 -0700] "HEAD / HTTP/1.1" 301 253 "https://www.google.com/" "Mozilla/5.0 (compatible; epicbot; +http://www.epictions.com/epicbot)" 
52.168.161.70 - - [03/Aug/2017:11:45:45 -0700] "HEAD / HTTP/1.1" 301 253 "https://www.google.com/" "Mozilla/5.0 (compatible; epicbot; +http://www.epictions.com/epicbot)" 
52.168.161.70 - - [03/Aug/2017:11:45:45 -0700] "HEAD / HTTP/1.1" 301 253 "https://www.google.com/" "Mozilla/5.0 (compatible; epicbot; +http://www.epictions.com/epicbot)" 
52.168.161.70 - - [03/Aug/2017:11:45:45 -0700] "HEAD / HTTP/1.1" 301 253 "https://www.google.com/" "Mozilla/5.0 (compatible; epicbot; +http://www.epictions.com/epicbot)" 
52.168.161.70 - - [03/Aug/2017:11:45:45 -0700] "HEAD / HTTP/1.1" 301 253 "https://www.google.com/" "Mozilla/5.0 (compatible; epicbot; +http://www.epictions.com/epicbot)" 
52.168.161.70 - - [03/Aug/2017:11:45:45 -0700] "HEAD / HTTP/1.1" 301 253 "https://www.google.com/" "Mozilla/5.0 (compatible; epicbot; +http://www.epictions.com/epicbot)" 
52.168.161.70 - - [03/Aug/2017:11:45:46 -0700] "HEAD / HTTP/1.1" 301 253 "https://www.google.com/" "Mozilla/5.0 (compatible; epicbot; +http://www.epictions.com/epicbot)" 
52.168.161.70 - - [03/Aug/2017:11:45:46 -0700] "HEAD / HTTP/1.1" 301 253 "https://www.google.com/" "Mozilla/5.0 (compatible; epicbot; +http://www.epictions.com/epicbot)" 
52.168.161.70 - - [03/Aug/2017:11:45:46 -0700] "HEAD / HTTP/1.1" 301 253 "https://www.google.com/" "Mozilla/5.0 (compatible; epicbot; +http://www.epictions.com/epicbot)" 
52.168.161.70 - - [03/Aug/2017:11:45:46 -0700] "HEAD / HTTP/1.1" 301 253 "https://www.google.com/" "Mozilla/5.0 (compatible; epicbot; +http://www.epictions.com/epicbot)" 
52.168.161.70 - - [03/Aug/2017:11:45:46 -0700] "HEAD / HTTP/1.1" 301 253 "https://www.google.com/" "Mozilla/5.0 (compatible; epicbot; +http://www.epictions.com/epicbot)" 
52.168.161.70 - - [03/Aug/2017:11:45:46 -0700] "HEAD / HTTP/1.1" 301 253 "https://www.google.com/" "Mozilla/5.0 (compatible; epicbot; +http://www.epictions.com/epicbot)" 
52.168.161.70 - - [03/Aug/2017:11:45:46 -0700] "HEAD / HTTP/1.1" 301 253 "https://www.google.com/" "Mozilla/5.0 (compatible; epicbot; +http://www.epictions.com/epicbot)" 
52.168.161.70 - - [03/Aug/2017:11:45:46 -0700] "HEAD / HTTP/1.1" 200 282 "https://www.google.com/" "Mozilla/5.0 (compatible; epicbot; +http://www.epictions.com/epicbot)" 
52.168.161.70 - - [03/Aug/2017:11:45:46 -0700] "HEAD / HTTP/1.1" 200 282 "https://www.google.com/" "Mozilla/5.0 (compatible; epicbot; +http://www.epictions.com/epicbot)" 
52.168.161.70 - - [03/Aug/2017:11:45:46 -0700] "HEAD / HTTP/1.1" 301 253 "https://www.google.com/" "Mozilla/5.0 (compatible; epicbot; +http://www.epictions.com/epicbot)" 
52.168.161.70 - - [03/Aug/2017:11:45:46 -0700] "HEAD / HTTP/1.1" 301 253 "https://www.google.com/" "Mozilla/5.0 (compatible; epicbot; +http://www.epictions.com/epicbot)" 
216.244.66.227 - - [03/Aug/2017:11:53:15 -0700] "GET /self.logs/access.log.2015-01-18.gz HTTP/1.1" 200 3364 "-" "Mozilla/5.0 (compatible; DotBot/1.1; http://www.opensiteexplorer.org/dotbot, help@moz.com)" 
216.244.66.227 - - [03/Aug/2017:11:53:16 -0700] "GET /self.logs/access.log.2015-10-19.gz HTTP/1.1" 200 14241 "-" "Mozilla/5.0 (compatible; DotBot/1.1; http://www.opensiteexplorer.org/dotbot, help@moz.com)" 
216.244.66.227 - - [03/Aug/2017:11:53:18 -0700] "GET /self.logs/access.log.2016-03-22.gz HTTP/1.1" 200 8176 "-" "Mozilla/5.0 (compatible; DotBot/1.1; http://www.opensiteexplorer.org/dotbot, help@moz.com)" 
216.244.66.227 - - [03/Aug/2017:11:53:19 -0700] "GET /self.logs/access.log.2017-06-05.gz HTTP/1.1" 200 25260 "-" "Mozilla/5.0 (compatible; DotBot/1.1; http://www.opensiteexplorer.org/dotbot, help@moz.com)" 
216.244.66.227 - - [03/Aug/2017:11:53:20 -0700] "GET /self.logs/error.log.2016-03-18.gz HTTP/1.1" 200 588 "-" "Mozilla/5.0 (compatible; DotBot/1.1; http://www.opensiteexplorer.org/dotbot, help@moz.com)" 
216.244.66.227 - - [03/Aug/2017:11:53:22 -0700] "GET /self.logs/error.log.2016-03-20.gz HTTP/1.1" 200 788 "-" "Mozilla/5.0 (compatible; DotBot/1.1; http://www.opensiteexplorer.org/dotbot, help@moz.com)" 
137.74.201.108 - - [03/Aug/2017:11:53:22 -0700] "GET /self.logs/error.log.2016-02-10.gz HTTP/1.1" 200 683 "-" "Mozilla/5.0 (compatible; AhrefsBot/5.2; +http://ahrefs.com/robot/)" 
216.244.66.227 - - [03/Aug/2017:11:53:23 -0700] "GET /self.logs/error.log.2017-02-09.gz HTTP/1.1" 200 1039 "-" "Mozilla/5.0 (compatible; DotBot/1.1; http://www.opensiteexplorer.org/dotbot, help@moz.com)" 
216.244.66.227 - - [03/Aug/2017:11:53:24 -0700] "GET /self.logs/error.log.2017-05-11.gz HTTP/1.1" 200 807 "-" "Mozilla/5.0 (compatible; DotBot/1.1; http://www.opensiteexplorer.org/dotbot, help@moz.com)" 
216.244.66.227 - - [03/Aug/2017:11:53:26 -0700] "GET /self.logs/error.log.2017-07-05.gz HTTP/1.1" 200 971 "-" "Mozilla/5.0 (compatible; DotBot/1.1; http://www.opensiteexplorer.org/dotbot, help@moz.com)" 
36.57.173.68 - - [03/Aug/2017:11:53:46 -0700] "GET /honeypot/Honeypot%20-%20Howto.pdf HTTP/1.1" 200 628716 "-" "Mozilla/5.0 (Windows NT 6.1; Trident/7.0; rv:11.0) like Gecko" 
36.57.173.68 - - [03/Aug/2017:11:54:12 -0700] "POST /honeypot/Honeypot%20-%20Howto.pdf/trackback/ HTTP/1.1" 404 303 "http://www.secrepo.com/honeypot/Honeypot - Howto.pdf" "Mozilla/5.0 (Windows NT 6.1; Trident/7.0; rv:11.0) like Gecko" 
81.36.205.71 - - [03/Aug/2017:12:00:50 -0700] "GET / HTTP/1.1" 200 10794 "-" "Mozilla/5.0 (iPad; CPU OS 10_3_2 like Mac OS X) AppleWebKit/603.2.4 (KHTML, like Gecko) Version/10.0 Mobile/14F89 Safari/602.1" 
81.36.205.71 - - [03/Aug/2017:12:00:50 -0700] "GET /twitter-icon.png HTTP/1.1" 200 27787 "http://www.secrepo.com/" "Mozilla/5.0 (iPad; CPU OS 10_3_2 like Mac OS X) AppleWebKit/603.2.4 (KHTML, like Gecko) Version/10.0 Mobile/14F89 Safari/602.1" 
81.36.205.71 - - [03/Aug/2017:12:00:50 -0700] "GET /GitHub-Mark.png HTTP/1.1" 200 7428 "http://www.secrepo.com/" "Mozilla/5.0 (iPad; CPU OS 10_3_2 like Mac OS X) AppleWebKit/603.2.4 (KHTML, like Gecko) Version/10.0 Mobile/14F89 Safari/602.1" 
81.36.205.71 - - [03/Aug/2017:12:00:50 -0700] "GET /apple-touch-icon-152x152-precomposed.png HTTP/1.1" 404 340 "-" "MobileSafari/602.1 CFNetwork/811.5.4 Darwin/16.6.0" 
81.36.205.71 - - [03/Aug/2017:12:00:50 -0700] "GET /apple-touch-icon-152x152.png HTTP/1.1" 404 339 "-" "MobileSafari/602.1 CFNetwork/811.5.4 Darwin/16.6.0" 
81.36.205.71 - - [03/Aug/2017:12:00:51 -0700] "GET /apple-touch-icon-precomposed.png HTTP/1.1" 404 339 "-" "MobileSafari/602.1 CFNetwork/811.5.4 Darwin/16.6.0" 
81.36.205.71 - - [03/Aug/2017:12:00:51 -0700] "GET /apple-touch-icon.png HTTP/1.1" 404 339 "-" "MobileSafari/602.1 CFNetwork/811.5.4 Darwin/16.6.0" 
164.132.161.80 - - [03/Aug/2017:12:00:54 -0700] "GET /self.logs/access.log.2016-12-22.gz HTTP/1.1" 200 16511 "-" "Mozilla/5.0 (compatible; AhrefsBot/5.2; +http://ahrefs.com/robot/)" 
211.103.88.105 - - [03/Aug/2017:12:01:35 -0700] "GET /maccdc2012/maccdc2012_full_alert.7z HTTP/1.1" 304 132 "-" "Mozilla/5.0 Gecko/20100115 Firefox/3.6" 
66.249.66.83 - - [03/Aug/2017:12:08:46 -0700] "GET / HTTP/1.1" 200 10794 "-" "Mozilla/5.0 (compatible; Googlebot/2.1; +http://www.google.com/bot.html)" 
81.36.205.71 - - [03/Aug/2017:12:14:00 -0700] "GET / HTTP/1.1" 200 10794 "-" "Mozilla/5.0 (Macintosh; Intel Mac OS X 10_12_5) AppleWebKit/603.2.4 (KHTML, like Gecko) Version/10.1.1 Safari/603.2.4" 
81.36.205.71 - - [03/Aug/2017:12:14:00 -0700] "GET /twitter-icon.png HTTP/1.1" 200 27787 "http://www.secrepo.com/" "Mozilla/5.0 (Macintosh; Intel Mac OS X 10_12_5) AppleWebKit/603.2.4 (KHTML, like Gecko) Version/10.1.1 Safari/603.2.4" 
81.36.205.71 - - [03/Aug/2017:12:14:00 -0700] "GET /GitHub-Mark.png HTTP/1.1" 200 7428 "http://www.secrepo.com/" "Mozilla/5.0 (Macintosh; Intel Mac OS X 10_12_5) AppleWebKit/603.2.4 (KHTML, like Gecko) Version/10.1.1 Safari/603.2.4" 
81.36.205.71 - - [03/Aug/2017:12:14:01 -0700] "GET /apple-touch-icon-precomposed.png HTTP/1.1" 404 340 "-" "Safari/12603.2.4 CFNetwork/811.5.4 Darwin/16.6.0 (x86_64)" 
81.36.205.71 - - [03/Aug/2017:12:14:01 -0700] "GET /apple-touch-icon.png HTTP/1.1" 404 339 "-" "Safari/12603.2.4 CFNetwork/811.5.4 Darwin/16.6.0 (x86_64)" 
64.94.31.206 - - [03/Aug/2017:12:14:30 -0700] "GET /favicon.ico HTTP/1.0" 200 268 "-" "Java/1.8.0_92" 
64.94.31.206 - - [03/Aug/2017:12:14:30 -0700] "GET /favicon.ico HTTP/1.0" 200 268 "-" "Java/1.8.0_92" 
64.94.31.206 - - [03/Aug/2017:12:14:30 -0700] "GET /favicon.ico HTTP/1.0" 200 268 "-" "Java/1.8.0_92" 
64.94.31.206 - - [03/Aug/2017:12:14:31 -0700] "GET /favicon.ico HTTP/1.0" 200 267 "-" "Java/1.8.0_92" 
64.94.31.206 - - [03/Aug/2017:12:14:31 -0700] "GET /favicon.ico HTTP/1.0" 200 267 "-" "Java/1.8.0_92" 
64.94.31.206 - - [03/Aug/2017:12:14:31 -0700] "GET /favicon.ico HTTP/1.0" 200 267 "-" "Java/1.8.0_92" 
64.94.31.206 - - [03/Aug/2017:12:14:38 -0700] "GET /favicon.ico HTTP/1.0" 200 268 "-" "Java/1.8.0_92" 
64.94.31.206 - - [03/Aug/2017:12:14:38 -0700] "GET /favicon.ico HTTP/1.0" 200 268 "-" "Java/1.8.0_92" 
64.94.31.206 - - [03/Aug/2017:12:14:38 -0700] "GET /favicon.ico HTTP/1.0" 200 268 "-" "Java/1.8.0_92" 
64.94.31.206 - - [03/Aug/2017:12:14:38 -0700] "GET /favicon.ico HTTP/1.0" 200 268 "-" "Java/1.8.0_92" 
64.94.31.206 - - [03/Aug/2017:12:15:16 -0700] "GET /favicon.ico HTTP/1.0" 200 268 "-" "Java/1.8.0_92" 
64.94.31.206 - - [03/Aug/2017:12:15:16 -0700] "GET /favicon.ico HTTP/1.0" 200 267 "-" "Java/1.8.0_92" 
64.94.31.206 - - [03/Aug/2017:12:15:16 -0700] "GET /favicon.ico HTTP/1.0" 200 267 "-" "Java/1.8.0_92" 
64.94.31.206 - - [03/Aug/2017:12:15:16 -0700] "GET /favicon.ico HTTP/1.0" 200 267 "-" "Java/1.8.0_92" 
64.94.31.206 - - [03/Aug/2017:12:15:16 -0700] "GET /favicon.ico HTTP/1.0" 200 267 "-" "Java/1.8.0_92" 
64.94.31.206 - - [03/Aug/2017:12:15:16 -0700] "GET /favicon.ico HTTP/1.0" 200 267 "-" "Java/1.8.0_92" 
64.94.31.206 - - [03/Aug/2017:12:16:28 -0700] "GET /favicon.ico HTTP/1.0" 200 268 "-" "Java/1.8.0_92" 
64.94.31.206 - - [03/Aug/2017:12:16:28 -0700] "GET /favicon.ico HTTP/1.0" 200 268 "-" "Java/1.8.0_92" 
64.94.31.206 - - [03/Aug/2017:12:16:28 -0700] "GET /favicon.ico HTTP/1.0" 200 267 "-" "Java/1.8.0_92" 
64.94.31.206 - - [03/Aug/2017:12:16:28 -0700] "GET /favicon.ico HTTP/1.0" 200 267 "-" "Java/1.8.0_92" 
64.94.31.206 - - [03/Aug/2017:12:16:28 -0700] "GET /favicon.ico HTTP/1.0" 200 267 "-" "Java/1.8.0_92" 
64.94.31.206 - - [03/Aug/2017:12:16:28 -0700] "GET /favicon.ico HTTP/1.0" 200 267 "-" "Java/1.8.0_92" 
64.94.31.206 - - [03/Aug/2017:12:16:29 -0700] "GET /favicon.ico HTTP/1.0" 200 267 "-" "Java/1.8.0_92" 
64.94.31.206 - - [03/Aug/2017:12:16:29 -0700] "GET /favicon.ico HTTP/1.0" 200 267 "-" "Java/1.8.0_92" 
64.94.31.206 - - [03/Aug/2017:12:16:30 -0700] "GET /favicon.ico HTTP/1.0" 200 267 "-" "Java/1.8.0_92" 
64.94.31.206 - - [03/Aug/2017:12:16:30 -0700] "GET /favicon.ico HTTP/1.0" 200 267 "-" "Java/1.8.0_92" 
134.249.136.214 - - [03/Aug/2017:12:19:44 -0700] "GET /honeypot/Honeypot%20-%20Howto%20-%20BSides%20Austin.pdf HTTP/1.1" 200 1770980 "http://www.secrepo.com/" "Mozilla/5.0 (Windows NT 6.1; rv:52.0) Gecko/20100101 Firefox/52.0" 
66.249.66.84 - - [03/Aug/2017:12:24:06 -0700] "GET / HTTP/1.1" 200 10794 "-" "Mozilla/5.0 (Linux; Android 6.0.1; Nexus 5X Build/MMB29P) AppleWebKit/537.36 (KHTML, like Gecko) Chrome/41.0.2272.96 Mobile Safari/537.36 (compatible; Googlebot/2.1; +http://www.google.com/bot.html)" 
107.77.70.57 - - [03/Aug/2017:12:25:17 -0700] "GET / HTTP/1.1" 200 10794 "https://www.google.com/" "Mozilla/5.0 (Macintosh; Intel Mac OS X 10_12_5) AppleWebKit/603.2.4 (KHTML, like Gecko) Version/10.1.1 Safari/603.2.4" 
107.77.70.57 - - [03/Aug/2017:12:25:17 -0700] "GET /twitter-icon.png HTTP/1.1" 200 27787 "http://www.secrepo.com/" "Mozilla/5.0 (Macintosh; Intel Mac OS X 10_12_5) AppleWebKit/603.2.4 (KHTML, like Gecko) Version/10.1.1 Safari/603.2.4" 
107.77.70.57 - - [03/Aug/2017:12:25:17 -0700] "GET /GitHub-Mark.png HTTP/1.1" 200 7428 "http://www.secrepo.com/" "Mozilla/5.0 (Macintosh; Intel Mac OS X 10_12_5) AppleWebKit/603.2.4 (KHTML, like Gecko) Version/10.1.1 Safari/603.2.4" 
107.77.70.57 - - [03/Aug/2017:12:25:19 -0700] "GET /bootstrap/img/favicon.ico HTTP/1.1" 200 590 "http://www.secrepo.com/" "Mozilla/5.0 (Macintosh; Intel Mac OS X 10_12_5) AppleWebKit/603.2.4 (KHTML, like Gecko) Version/10.1.1 Safari/603.2.4" 
52.168.161.70 - - [03/Aug/2017:12:46:12 -0700] "HEAD / HTTP/1.1" 301 253 "https://www.google.com/" "Mozilla/5.0 (compatible; epicbot; +http://www.epictions.com/epicbot)" 
52.168.161.70 - - [03/Aug/2017:12:46:14 -0700] "HEAD / HTTP/1.1" 301 253 "https://www.google.com/" "Mozilla/5.0 (compatible; epicbot; +http://www.epictions.com/epicbot)" 
52.168.161.70 - - [03/Aug/2017:12:46:14 -0700] "HEAD / HTTP/1.1" 301 253 "https://www.google.com/" "Mozilla/5.0 (compatible; epicbot; +http://www.epictions.com/epicbot)" 
52.168.161.70 - - [03/Aug/2017:12:46:56 -0700] "HEAD / HTTP/1.1" 301 253 "https://www.google.com/" "Mozilla/5.0 (compatible; epicbot; +http://www.epictions.com/epicbot)" 
52.168.161.70 - - [03/Aug/2017:12:46:58 -0700] "HEAD / HTTP/1.1" 301 253 "https://www.google.com/" "Mozilla/5.0 (compatible; epicbot; +http://www.epictions.com/epicbot)" 
52.168.161.70 - - [03/Aug/2017:12:46:58 -0700] "HEAD / HTTP/1.1" 301 253 "https://www.google.com/" "Mozilla/5.0 (compatible; epicbot; +http://www.epictions.com/epicbot)" 
36.57.173.68 - - [03/Aug/2017:12:48:35 -0700] "GET /honeypot/BSidesDFW%20-%202014.ipynb HTTP/1.1" 200 550308 "-" "Mozilla/5.0 (Windows NT 6.1; Trident/7.0; rv:11.0) like Gecko" 
36.57.173.68 - - [03/Aug/2017:12:48:37 -0700] "POST /honeypot/BSidesDFW%20-%202014.ipynb/trackback/ HTTP/1.1" 404 303 "http://www.secrepo.com/honeypot/BSidesDFW - 2014.ipynb" "Mozilla/5.0 (Windows NT 6.1; Trident/7.0; rv:11.0) like Gecko" 
104.39.125.228 - - [03/Aug/2017:12:50:27 -0700] "GET / HTTP/1.1" 200 10794 "https://www.google.com/" "Mozilla/5.0 (Macintosh; Intel Mac OS X 10_12_6) AppleWebKit/537.36 (KHTML, like Gecko) Chrome/59.0.3071.115 Safari/537.36" 
104.39.125.228 - - [03/Aug/2017:12:50:27 -0700] "GET /twitter-icon.png HTTP/1.1" 200 27787 "http://www.secrepo.com/" "Mozilla/5.0 (Macintosh; Intel Mac OS X 10_12_6) AppleWebKit/537.36 (KHTML, like Gecko) Chrome/59.0.3071.115 Safari/537.36" 
104.39.125.228 - - [03/Aug/2017:12:50:27 -0700] "GET /GitHub-Mark.png HTTP/1.1" 200 7428 "http://www.secrepo.com/" "Mozilla/5.0 (Macintosh; Intel Mac OS X 10_12_6) AppleWebKit/537.36 (KHTML, like Gecko) Chrome/59.0.3071.115 Safari/537.36" 
104.39.125.228 - - [03/Aug/2017:12:50:28 -0700] "GET /bootstrap/img/favicon.ico HTTP/1.1" 200 589 "http://www.secrepo.com/" "Mozilla/5.0 (Macintosh; Intel Mac OS X 10_12_6) AppleWebKit/537.36 (KHTML, like Gecko) Chrome/59.0.3071.115 Safari/537.36" 
46.229.164.101 - - [03/Aug/2017:12:57:44 -0700] "GET /robots.txt HTTP/1.1" 200 297 "-" "Mozilla/5.0 (compatible; SemrushBot/1.2~bl; +http://www.semrush.com/bot.html)" 
52.168.161.70 - - [03/Aug/2017:13:00:01 -0700] "HEAD / HTTP/1.1" 301 253 "https://www.google.com/" "Mozilla/5.0 (compatible; epicbot; +http://www.epictions.com/epicbot)" 
52.168.161.70 - - [03/Aug/2017:13:00:01 -0700] "HEAD / HTTP/1.1" 301 253 "https://www.google.com/" "Mozilla/5.0 (compatible; epicbot; +http://www.epictions.com/epicbot)" 
52.168.161.70 - - [03/Aug/2017:13:00:01 -0700] "HEAD / HTTP/1.1" 301 253 "https://www.google.com/" "Mozilla/5.0 (compatible; epicbot; +http://www.epictions.com/epicbot)" 
52.168.161.70 - - [03/Aug/2017:13:00:01 -0700] "HEAD / HTTP/1.1" 301 253 "https://www.google.com/" "Mozilla/5.0 (compatible; epicbot; +http://www.epictions.com/epicbot)" 
52.168.161.70 - - [03/Aug/2017:13:00:01 -0700] "HEAD / HTTP/1.1" 301 253 "https://www.google.com/" "Mozilla/5.0 (compatible; epicbot; +http://www.epictions.com/epicbot)" 
52.168.161.70 - - [03/Aug/2017:13:00:03 -0700] "HEAD / HTTP/1.1" 301 253 "https://www.google.com/" "Mozilla/5.0 (compatible; epicbot; +http://www.epictions.com/epicbot)" 
52.168.161.70 - - [03/Aug/2017:13:00:03 -0700] "HEAD / HTTP/1.1" 301 253 "https://www.google.com/" "Mozilla/5.0 (compatible; epicbot; +http://www.epictions.com/epicbot)" 
52.168.161.70 - - [03/Aug/2017:13:00:03 -0700] "HEAD / HTTP/1.1" 301 253 "https://www.google.com/" "Mozilla/5.0 (compatible; epicbot; +http://www.epictions.com/epicbot)" 
52.168.161.70 - - [03/Aug/2017:13:00:03 -0700] "HEAD / HTTP/1.1" 301 253 "https://www.google.com/" "Mozilla/5.0 (compatible; epicbot; +http://www.epictions.com/epicbot)" 
52.168.161.70 - - [03/Aug/2017:13:00:03 -0700] "HEAD / HTTP/1.1" 301 253 "https://www.google.com/" "Mozilla/5.0 (compatible; epicbot; +http://www.epictions.com/epicbot)" 
52.168.161.70 - - [03/Aug/2017:13:00:03 -0700] "HEAD / HTTP/1.1" 301 253 "https://www.google.com/" "Mozilla/5.0 (compatible; epicbot; +http://www.epictions.com/epicbot)" 
52.168.161.70 - - [03/Aug/2017:13:00:04 -0700] "HEAD / HTTP/1.1" 301 253 "https://www.google.com/" "Mozilla/5.0 (compatible; epicbot; +http://www.epictions.com/epicbot)" 
52.168.161.70 - - [03/Aug/2017:13:00:04 -0700] "HEAD / HTTP/1.1" 301 253 "https://www.google.com/" "Mozilla/5.0 (compatible; epicbot; +http://www.epictions.com/epicbot)" 
52.168.161.70 - - [03/Aug/2017:13:00:04 -0700] "HEAD / HTTP/1.1" 301 253 "https://www.google.com/" "Mozilla/5.0 (compatible; epicbot; +http://www.epictions.com/epicbot)" 
52.168.161.70 - - [03/Aug/2017:13:00:04 -0700] "HEAD / HTTP/1.1" 301 253 "https://www.google.com/" "Mozilla/5.0 (compatible; epicbot; +http://www.epictions.com/epicbot)" 
216.244.66.227 - - [03/Aug/2017:13:00:46 -0700] "GET /robots.txt HTTP/1.1" 200 233 "-" "Mozilla/5.0 (compatible; DotBot/1.1; http://www.opensiteexplorer.org/dotbot, help@moz.com)" 
104.39.125.228 - - [03/Aug/2017:13:02:25 -0700] "GET / HTTP/1.1" 200 10794 "https://www.google.com/" "Mozilla/5.0 (Macintosh; Intel Mac OS X 10_12_6) AppleWebKit/603.3.8 (KHTML, like Gecko) Version/10.1.2 Safari/603.3.8" 
104.39.125.228 - - [03/Aug/2017:13:02:25 -0700] "GET /twitter-icon.png HTTP/1.1" 200 27787 "http://www.secrepo.com/" "Mozilla/5.0 (Macintosh; Intel Mac OS X 10_12_6) AppleWebKit/603.3.8 (KHTML, like Gecko) Version/10.1.2 Safari/603.3.8" 
104.39.125.228 - - [03/Aug/2017:13:02:25 -0700] "GET /GitHub-Mark.png HTTP/1.1" 200 7428 "http://www.secrepo.com/" "Mozilla/5.0 (Macintosh; Intel Mac OS X 10_12_6) AppleWebKit/603.3.8 (KHTML, like Gecko) Version/10.1.2 Safari/603.3.8" 
104.39.125.228 - - [03/Aug/2017:13:02:25 -0700] "GET /bootstrap/img/favicon.ico HTTP/1.1" 200 590 "http://www.secrepo.com/" "Mozilla/5.0 (Macintosh; Intel Mac OS X 10_12_6) AppleWebKit/603.3.8 (KHTML, like Gecko) Version/10.1.2 Safari/603.3.8" 
