69.197.177.26 - - [23/Nov/2016:02:29:05 -0800] "GET /robots.txt HTTP/1.1" 301 518 "-" "Mozilla/5.0 (compatible; MJ12bot/v1.4.7; http://mj12bot.com/)" 
69.197.177.26 - - [23/Nov/2016:02:29:07 -0800] "GET /robots.txt HTTP/1.1" 200 289 "-" "Mozilla/5.0 (compatible; MJ12bot/v1.4.7; http://mj12bot.com/)" 
69.197.177.26 - - [23/Nov/2016:02:29:11 -0800] "GET /&quot HTTP/1.1" 301 456 "-" "Mozilla/5.0 (compatible; MJ12bot/v1.4.7; http://mj12bot.com/)" 
69.197.177.26 - - [23/Nov/2016:02:29:15 -0800] "GET /&quot HTTP/1.1" 404 239 "-" "Mozilla/5.0 (compatible; MJ12bot/v1.4.7; http://mj12bot.com/)" 
69.197.177.26 - - [23/Nov/2016:02:29:18 -0800] "GET /honeypot/BSidesDFW%20-%202014.ipynb HTTP/1.1" 301 484 "-" "Mozilla/5.0 (compatible; MJ12bot/v1.4.7; http://mj12bot.com/)" 
69.197.177.26 - - [23/Nov/2016:02:29:23 -0800] "GET /honeypot/BSidesDFW%20-%202014.ipynb HTTP/1.1" 200 459900 "-" "Mozilla/5.0 (compatible; MJ12bot/v1.4.7; http://mj12bot.com/)" 
69.197.177.26 - - [23/Nov/2016:02:29:31 -0800] "GET /robots.txt HTTP/1.1" 200 304 "-" "Mozilla/5.0 (compatible; MJ12bot/v1.4.7; http://mj12bot.com/)" 
69.197.177.26 - - [23/Nov/2016:02:29:36 -0800] "GET /self.logs/?C=D;O=A HTTP/1.1" 200 13854 "-" "Mozilla/5.0 (compatible; MJ12bot/v1.4.7; http://mj12bot.com/)" 
69.197.177.26 - - [23/Nov/2016:02:29:45 -0800] "GET /self.logs/?C=D;O=D HTTP/1.1" 200 13827 "-" "Mozilla/5.0 (compatible; MJ12bot/v1.4.7; http://mj12bot.com/)" 
69.197.177.26 - - [23/Nov/2016:02:29:51 -0800] "GET /self.logs/?C=M;O=A HTTP/1.1" 200 14169 "-" "Mozilla/5.0 (compatible; MJ12bot/v1.4.7; http://mj12bot.com/)" 
69.197.177.26 - - [23/Nov/2016:02:29:54 -0800] "GET /self.logs/?C=M;O=D HTTP/1.1" 200 14182 "-" "Mozilla/5.0 (compatible; MJ12bot/v1.4.7; http://mj12bot.com/)" 
69.197.177.26 - - [23/Nov/2016:02:29:59 -0800] "GET /self.logs/?C=N;O=D HTTP/1.1" 200 13827 "-" "Mozilla/5.0 (compatible; MJ12bot/v1.4.7; http://mj12bot.com/)" 
69.197.177.26 - - [23/Nov/2016:02:30:05 -0800] "GET /self.logs/?C=S;O=A HTTP/1.1" 200 15558 "-" "Mozilla/5.0 (compatible; MJ12bot/v1.4.7; http://mj12bot.com/)" 
69.197.177.26 - - [23/Nov/2016:02:30:09 -0800] "GET /self.logs/error.log.2016-01-22 HTTP/1.1" 200 304 "-" "Mozilla/5.0 (compatible; MJ12bot/v1.4.7; http://mj12bot.com/)" 
103.192.224.170 - - [23/Nov/2016:02:32:32 -0800] "GET / HTTP/1.1" 200 10179 "-" "Mozilla/5.0 (Macintosh; Intel Mac OS X 10_12_1) AppleWebKit/537.36 (KHTML, like Gecko) Chrome/54.0.2840.98 Safari/537.36" 
103.192.224.170 - - [23/Nov/2016:02:32:35 -0800] "GET /twitter-icon.png HTTP/1.1" 200 27788 "http://www.secrepo.com/" "Mozilla/5.0 (Macintosh; Intel Mac OS X 10_12_1) AppleWebKit/537.36 (KHTML, like Gecko) Chrome/54.0.2840.98 Safari/537.36" 
103.192.224.170 - - [23/Nov/2016:02:32:35 -0800] "GET /GitHub-Mark.png HTTP/1.1" 200 7428 "http://www.secrepo.com/" "Mozilla/5.0 (Macintosh; Intel Mac OS X 10_12_1) AppleWebKit/537.36 (KHTML, like Gecko) Chrome/54.0.2840.98 Safari/537.36" 
103.192.224.170 - - [23/Nov/2016:02:32:43 -0800] "GET /bootstrap/img/favicon.ico HTTP/1.1" 200 590 "http://www.secrepo.com/" "Mozilla/5.0 (Macintosh; Intel Mac OS X 10_12_1) AppleWebKit/537.36 (KHTML, like Gecko) Chrome/54.0.2840.98 Safari/537.36" 
209.88.91.222 - - [23/Nov/2016:02:40:24 -0800] "GET /Security-Data-Analysis/Lab_1/conn.log.zip HTTP/1.1" 206 211400 "http://www.secrepo.com/" "Mozilla/5.0 (Windows NT 10.0; WOW64) AppleWebKit/537.36 (KHTML, like Gecko) Chrome/54.0.2840.99 Safari/537.36" 
41.78.78.26 - - [23/Nov/2016:02:40:24 -0800] "GET /Security-Data-Analysis/Lab_1/conn.log.zip HTTP/1.1" 206 5570600 "http://www.secrepo.com/" "Mozilla/5.0 (Windows NT 10.0; WOW64) AppleWebKit/537.36 (KHTML, like Gecko) Chrome/54.0.2840.99 Safari/537.36" 
41.78.78.26 - - [23/Nov/2016:02:40:24 -0800] "GET /Security-Data-Analysis/Lab_1/conn.log.zip HTTP/1.1" 206 5693800 "http://www.secrepo.com/" "Mozilla/5.0 (Windows NT 10.0; WOW64) AppleWebKit/537.36 (KHTML, like Gecko) Chrome/54.0.2840.99 Safari/537.36" 
41.78.78.26 - - [23/Nov/2016:02:42:03 -0800] "GET /Security-Data-Analysis/Lab_1/conn.log.zip HTTP/1.1" 206 1869000 "http://www.secrepo.com/" "Mozilla/5.0 (Windows NT 10.0; WOW64) AppleWebKit/537.36 (KHTML, like Gecko) Chrome/54.0.2840.99 Safari/537.36" 
209.88.91.222 - - [23/Nov/2016:02:40:24 -0800] "GET /Security-Data-Analysis/Lab_1/conn.log.zip HTTP/1.1" 206 483000 "http://www.secrepo.com/" "Mozilla/5.0 (Windows NT 10.0; WOW64) AppleWebKit/537.36 (KHTML, like Gecko) Chrome/54.0.2840.99 Safari/537.36" 
41.78.78.26 - - [23/Nov/2016:02:40:24 -0800] "GET /Security-Data-Analysis/Lab_1/conn.log.zip HTTP/1.1" 206 5408200 "http://www.secrepo.com/" "Mozilla/5.0 (Windows NT 10.0; WOW64) AppleWebKit/537.36 (KHTML, like Gecko) Chrome/54.0.2840.99 Safari/537.36" 
41.78.78.26 - - [23/Nov/2016:02:40:24 -0800] "GET /Security-Data-Analysis/Lab_1/conn.log.zip HTTP/1.1" 206 6052200 "http://www.secrepo.com/" "Mozilla/5.0 (Windows NT 10.0; WOW64) AppleWebKit/537.36 (KHTML, like Gecko) Chrome/54.0.2840.99 Safari/537.36" 
209.88.91.222 - - [23/Nov/2016:02:40:24 -0800] "GET /Security-Data-Analysis/Lab_1/conn.log.zip HTTP/1.1" 206 677600 "http://www.secrepo.com/" "Mozilla/5.0 (Windows NT 10.0; WOW64) AppleWebKit/537.36 (KHTML, like Gecko) Chrome/54.0.2840.99 Safari/537.36" 
209.88.91.222 - - [23/Nov/2016:02:40:24 -0800] "GET /Security-Data-Analysis/Lab_1/conn.log.zip HTTP/1.1" 206 912800 "http://www.secrepo.com/" "Mozilla/5.0 (Windows NT 10.0; WOW64) AppleWebKit/537.36 (KHTML, like Gecko) Chrome/54.0.2840.99 Safari/537.36" 
46.229.164.100 - - [23/Nov/2016:02:56:35 -0800] "GET /robots.txt HTTP/1.1" 301 465 "-" "Mozilla/5.0 (compatible; SemrushBot/1.1~bl; +http://www.semrush.com/bot.html)" 
46.229.164.100 - - [23/Nov/2016:02:56:35 -0800] "GET /robots.txt HTTP/1.1" 200 297 "-" "Mozilla/5.0 (compatible; SemrushBot/1.1~bl; +http://www.semrush.com/bot.html)" 
138.40.68.45 - - [23/Nov/2016:03:01:23 -0800] "GET / HTTP/1.1" 200 10179 "https://www.google.co.uk/" "Mozilla/5.0 (Windows NT 6.1; WOW64; rv:49.0) Gecko/20100101 Firefox/49.0" 
138.40.68.45 - - [23/Nov/2016:03:01:23 -0800] "GET /bootstrap/img/favicon.ico HTTP/1.1" 200 589 "-" "Mozilla/5.0 (Windows NT 6.1; WOW64; rv:49.0) Gecko/20100101 Firefox/49.0" 
138.40.68.45 - - [23/Nov/2016:03:01:24 -0800] "GET /twitter-icon.png HTTP/1.1" 200 27787 "http://www.secrepo.com/" "Mozilla/5.0 (Windows NT 6.1; WOW64; rv:49.0) Gecko/20100101 Firefox/49.0" 
138.40.68.45 - - [23/Nov/2016:03:01:24 -0800] "GET /GitHub-Mark.png HTTP/1.1" 200 7428 "http://www.secrepo.com/" "Mozilla/5.0 (Windows NT 6.1; WOW64; rv:49.0) Gecko/20100101 Firefox/49.0" 
41.78.78.26 - - [23/Nov/2016:03:12:08 -0800] "GET /Security-Data-Analysis/Lab_1/conn.log.zip HTTP/1.1" 206 2527000 "http://www.secrepo.com/" "Mozilla/5.0 (Windows NT 10.0; WOW64) AppleWebKit/537.36 (KHTML, like Gecko) Chrome/54.0.2840.99 Safari/537.36" 
41.78.78.26 - - [23/Nov/2016:03:12:08 -0800] "GET /Security-Data-Analysis/Lab_1/conn.log.zip HTTP/1.1" 206 2389800 "http://www.secrepo.com/" "Mozilla/5.0 (Windows NT 10.0; WOW64) AppleWebKit/537.36 (KHTML, like Gecko) Chrome/54.0.2840.99 Safari/537.36" 
209.88.91.222 - - [23/Nov/2016:03:12:08 -0800] "GET /Security-Data-Analysis/Lab_1/conn.log.zip HTTP/1.1" 206 858200 "http://www.secrepo.com/" "Mozilla/5.0 (Windows NT 10.0; WOW64) AppleWebKit/537.36 (KHTML, like Gecko) Chrome/54.0.2840.99 Safari/537.36" 
41.78.78.26 - - [23/Nov/2016:03:12:08 -0800] "GET /Security-Data-Analysis/Lab_1/conn.log.zip HTTP/1.1" 206 3229800 "http://www.secrepo.com/" "Mozilla/5.0 (Windows NT 10.0; WOW64) AppleWebKit/537.36 (KHTML, like Gecko) Chrome/54.0.2840.99 Safari/537.36" 
209.88.91.222 - - [23/Nov/2016:03:12:08 -0800] "GET /Security-Data-Analysis/Lab_1/conn.log.zip HTTP/1.1" 206 891800 "http://www.secrepo.com/" "Mozilla/5.0 (Windows NT 10.0; WOW64) AppleWebKit/537.36 (KHTML, like Gecko) Chrome/54.0.2840.99 Safari/537.36" 
209.88.91.222 - - [23/Nov/2016:03:12:08 -0800] "GET /Security-Data-Analysis/Lab_1/conn.log.zip HTTP/1.1" 206 1264200 "http://www.secrepo.com/" "Mozilla/5.0 (Windows NT 10.0; WOW64) AppleWebKit/537.36 (KHTML, like Gecko) Chrome/54.0.2840.99 Safari/537.36" 
209.88.91.222 - - [23/Nov/2016:03:12:09 -0800] "GET /Security-Data-Analysis/Lab_1/conn.log.zip HTTP/1.1" 206 978600 "http://www.secrepo.com/" "Mozilla/5.0 (Windows NT 10.0; WOW64) AppleWebKit/537.36 (KHTML, like Gecko) Chrome/54.0.2840.99 Safari/537.36" 
209.88.91.222 - - [23/Nov/2016:03:12:08 -0800] "GET /Security-Data-Analysis/Lab_1/conn.log.zip HTTP/1.1" 206 1184400 "http://www.secrepo.com/" "Mozilla/5.0 (Windows NT 10.0; WOW64) AppleWebKit/537.36 (KHTML, like Gecko) Chrome/54.0.2840.99 Safari/537.36" 
78.192.118.213 - - [23/Nov/2016:03:17:03 -0800] "GET /wp-login.php HTTP/1.1" 404 295 "-" "Mozilla/5.0 (Windows NT 6.1; WOW64; rv:40.0) Gecko/20100101 Firefox/40.1" 
78.192.118.213 - - [23/Nov/2016:03:17:08 -0800] "GET /wp-login.php HTTP/1.1" 404 295 "-" "Mozilla/5.0 (Windows NT 6.1; WOW64; rv:40.0) Gecko/20100101 Firefox/40.1" 
78.192.118.213 - - [23/Nov/2016:03:17:13 -0800] "GET / HTTP/1.1" 200 34117 "-" "Mozilla/5.0 (Windows NT 6.1; WOW64; rv:40.0) Gecko/20100101 Firefox/40.1" 
138.40.68.45 - - [23/Nov/2016:03:17:47 -0800] "GET /honeypot/BSidesDFW%20-%202014.ipynb HTTP/1.1" 200 930836 "http://www.secrepo.com/" "Mozilla/5.0 (Windows NT 6.1; WOW64; rv:49.0) Gecko/20100101 Firefox/49.0" 
138.40.68.45 - - [23/Nov/2016:03:17:49 -0800] "GET /favicon.ico HTTP/1.1" 200 267 "-" "Mozilla/5.0 (Windows NT 6.1; WOW64; rv:49.0) Gecko/20100101 Firefox/49.0" 
180.76.15.18 - - [23/Nov/2016:03:18:26 -0800] "GET /honeypot/Honeypot%20-%20Howto.pdf HTTP/1.1" 200 1279381 "-" "Mozilla/5.0 (compatible; Baiduspider/2.0; +http://www.baidu.com/search/spider.html)" 
138.40.68.45 - - [23/Nov/2016:03:19:46 -0800] "GET /honeypot/BSidesDFW%20-%202014.ipynb HTTP/1.1" 200 930836 "http://www.secrepo.com/" "Mozilla/5.0 (Windows NT 6.1; WOW64; rv:49.0) Gecko/20100101 Firefox/49.0" 
41.78.78.26 - - [23/Nov/2016:03:23:33 -0800] "GET / HTTP/1.1" 200 10179 "-" "Mozilla/5.0 (Windows NT 10.0; WOW64) AppleWebKit/537.36 (KHTML, like Gecko) Chrome/54.0.2840.99 Safari/537.36" 
209.88.91.222 - - [23/Nov/2016:03:23:36 -0800] "GET /twitter-icon.png HTTP/1.1" 200 27788 "http://www.secrepo.com/" "Mozilla/5.0 (Windows NT 10.0; WOW64) AppleWebKit/537.36 (KHTML, like Gecko) Chrome/54.0.2840.99 Safari/537.36" 
41.78.78.26 - - [23/Nov/2016:03:23:36 -0800] "GET /GitHub-Mark.png HTTP/1.1" 200 7428 "http://www.secrepo.com/" "Mozilla/5.0 (Windows NT 10.0; WOW64) AppleWebKit/537.36 (KHTML, like Gecko) Chrome/54.0.2840.99 Safari/537.36" 
125.118.148.13 - - [23/Nov/2016:03:30:25 -0800] "GET /honeypot/Honeypot%20-%20Howto.pdf HTTP/1.1" 200 473760 "-" "Mozilla/4.0 (compatible; MSIE 6.0; Windows NT 5.1)" 
125.118.148.13 - - [23/Nov/2016:03:30:26 -0800] "GET /honeypot/Honeypot%20-%20Howto.pdf HTTP/1.1" 200 95040 "-" "Mozilla/4.0 (compatible; MSIE 6.0; Windows NT 5.1)" 
40.77.167.11 - - [23/Nov/2016:03:31:30 -0800] "GET /self.logs/error.log.2016-08-16.gz HTTP/1.1" 200 1023 "-" "Mozilla/5.0 (compatible; bingbot/2.0; +http://www.bing.com/bingbot.htm)" 
125.118.148.13 - - [23/Nov/2016:03:30:43 -0800] "GET /honeypot/Honeypot%20-%20Howto%20-%20BSides%20Austin.pdf HTTP/1.1" 200 76320 "-" "Mozilla/4.0 (compatible; MSIE 6.0; Windows NT 5.1)" 
209.88.91.222 - - [23/Nov/2016:03:30:23 -0800] "GET /Security-Data-Analysis/Lab_1/conn.log.zip HTTP/1.1" 206 7417200 "http://www.secrepo.com/" "Mozilla/5.0 (Windows NT 10.0; WOW64) AppleWebKit/537.36 (KHTML, like Gecko) Chrome/54.0.2840.99 Safari/537.36" 
109.236.8.10 - - [23/Nov/2016:03:42:22 -0800] "GET / HTTP/1.1" 200 10179 "-" "redback/v0-570-g26f8c96" 
109.236.8.10 - - [23/Nov/2016:03:42:23 -0800] "GET / HTTP/1.1" 301 483 "-" "redback/v0-570-g26f8c96" 
109.236.8.10 - - [23/Nov/2016:03:42:23 -0800] "GET / HTTP/1.1" 200 10179 "-" "redback/v0-570-g26f8c96" 
185.120.216.194 - - [23/Nov/2016:03:42:56 -0800] "GET /self.logs/?C=D;O=A HTTP/1.0" 200 13824 "-" "Mozilla/5.0 (Windows NT 10.0; WOW64; rv:50.0) Gecko/20100101 Firefox/50.0" 
185.120.216.194 - - [23/Nov/2016:03:43:09 -0800] "GET /self.logs/access.log.2015-03-06.gz HTTP/1.0" 200 2384 "http://www.secrepo.com/self.logs/?C=D;O=A" "Mozilla/5.0 (Windows NT 10.0; WOW64; rv:50.0) Gecko/20100101 Firefox/50.0" 
185.120.216.194 - - [23/Nov/2016:03:43:16 -0800] "GET /self.logs/access.log.2015-03-07.gz HTTP/1.0" 200 2696 "http://www.secrepo.com/self.logs/?C=D;O=A" "Mozilla/5.0 (Windows NT 10.0; WOW64; rv:50.0) Gecko/20100101 Firefox/50.0" 
185.120.216.194 - - [23/Nov/2016:03:44:21 -0800] "GET /self.logs/access.log.2015-03-09.gz HTTP/1.0" 200 6365 "http://www.secrepo.com/self.logs/?C=D;O=A" "Mozilla/5.0 (Windows NT 10.0; WOW64; rv:50.0) Gecko/20100101 Firefox/50.0" 
185.120.216.194 - - [23/Nov/2016:03:45:11 -0800] "GET /self.logs/access.log.2015-02-27.gz HTTP/1.0" 200 3171 "http://www.secrepo.com/self.logs/?C=D;O=A" "Mozilla/5.0 (Windows NT 10.0; WOW64; rv:50.0) Gecko/20100101 Firefox/50.0" 
41.78.78.26 - - [23/Nov/2016:03:30:22 -0800] "GET /Security-Data-Analysis/Lab_1/conn.log.zip HTTP/1.1" 206 53118800 "http://www.secrepo.com/" "Mozilla/5.0 (Windows NT 10.0; WOW64) AppleWebKit/537.36 (KHTML, like Gecko) Chrome/54.0.2840.99 Safari/537.36" 
41.78.78.26 - - [23/Nov/2016:03:30:23 -0800] "GET /Security-Data-Analysis/Lab_1/conn.log.zip HTTP/1.1" 206 56414985 "http://www.secrepo.com/" "Mozilla/5.0 (Windows NT 10.0; WOW64) AppleWebKit/537.36 (KHTML, like Gecko) Chrome/54.0.2840.99 Safari/537.36" 
41.78.78.26 - - [23/Nov/2016:03:30:23 -0800] "GET /Security-Data-Analysis/Lab_1/conn.log.zip HTTP/1.1" 206 55521030 "http://www.secrepo.com/" "Mozilla/5.0 (Windows NT 10.0; WOW64) AppleWebKit/537.36 (KHTML, like Gecko) Chrome/54.0.2840.99 Safari/537.36" 
41.78.78.26 - - [23/Nov/2016:03:30:23 -0800] "GET /Security-Data-Analysis/Lab_1/conn.log.zip HTTP/1.1" 206 57512531 "http://www.secrepo.com/" "Mozilla/5.0 (Windows NT 10.0; WOW64) AppleWebKit/537.36 (KHTML, like Gecko) Chrome/54.0.2840.99 Safari/537.36" 
41.78.78.26 - - [23/Nov/2016:03:30:23 -0800] "GET /Security-Data-Analysis/Lab_1/conn.log.zip HTTP/1.1" 206 53128110 "http://www.secrepo.com/" "Mozilla/5.0 (Windows NT 10.0; WOW64) AppleWebKit/537.36 (KHTML, like Gecko) Chrome/54.0.2840.99 Safari/537.36" 
185.120.216.194 - - [23/Nov/2016:03:53:06 -0800] "GET /self.logs/access.log.2015-03-04.gz HTTP/1.0" 200 3437 "http://www.secrepo.com/self.logs/?C=D;O=A" "Mozilla/5.0 (Windows NT 10.0; WOW64; rv:50.0) Gecko/20100101 Firefox/50.0" 
41.78.78.26 - - [23/Nov/2016:03:50:44 -0800] "GET /Security-Data-Analysis/Lab_1/conn.log.zip HTTP/1.1" 206 9420712 "http://www.secrepo.com/" "Mozilla/5.0 (Windows NT 10.0; WOW64) AppleWebKit/537.36 (KHTML, like Gecko) Chrome/54.0.2840.99 Safari/537.36" 
41.78.78.26 - - [23/Nov/2016:03:50:39 -0800] "GET /Security-Data-Analysis/Lab_1/conn.log.zip HTTP/1.1" 206 10338646 "http://www.secrepo.com/" "Mozilla/5.0 (Windows NT 10.0; WOW64) AppleWebKit/537.36 (KHTML, like Gecko) Chrome/54.0.2840.99 Safari/537.36" 
41.78.78.26 - - [23/Nov/2016:03:47:36 -0800] "GET /Security-Data-Analysis/Lab_1/conn.log.zip HTTP/1.1" 206 23389800 "http://www.secrepo.com/" "Mozilla/5.0 (Windows NT 10.0; WOW64) AppleWebKit/537.36 (KHTML, like Gecko) Chrome/54.0.2840.99 Safari/537.36" 
41.78.78.26 - - [23/Nov/2016:03:50:05 -0800] "GET /Security-Data-Analysis/Lab_1/conn.log.zip HTTP/1.1" 206 19190984 "http://www.secrepo.com/" "Mozilla/5.0 (Windows NT 10.0; WOW64) AppleWebKit/537.36 (KHTML, like Gecko) Chrome/54.0.2840.99 Safari/537.36" 
41.78.78.26 - - [23/Nov/2016:03:57:24 -0800] "GET /Security-Data-Analysis/Lab_1/conn.log.zip HTTP/1.1" 206 3256726 "http://www.secrepo.com/" "Mozilla/5.0 (Windows NT 10.0; WOW64) AppleWebKit/537.36 (KHTML, like Gecko) Chrome/54.0.2840.99 Safari/537.36" 
41.78.78.26 - - [23/Nov/2016:03:55:23 -0800] "GET /Security-Data-Analysis/Lab_1/conn.log.zip HTTP/1.1" 206 7666482 "http://www.secrepo.com/" "Mozilla/5.0 (Windows NT 10.0; WOW64) AppleWebKit/537.36 (KHTML, like Gecko) Chrome/54.0.2840.99 Safari/537.36" 
209.88.91.222 - - [23/Nov/2016:03:30:23 -0800] "GET /Security-Data-Analysis/Lab_1/conn.log.zip HTTP/1.1" 206 21754600 "http://www.secrepo.com/" "Mozilla/5.0 (Windows NT 10.0; WOW64) AppleWebKit/537.36 (KHTML, like Gecko) Chrome/54.0.2840.99 Safari/537.36" 
185.120.216.194 - - [23/Nov/2016:04:00:19 -0800] "GET /self.logs/?C=D;O=A HTTP/1.0" 200 13824 "-" "Mozilla/5.0 (Windows NT 10.0; WOW64; rv:50.0) Gecko/20100101 Firefox/50.0" 
41.78.78.26 - - [23/Nov/2016:03:58:33 -0800] "GET /Security-Data-Analysis/Lab_1/conn.log.zip HTTP/1.1" 206 2874684 "http://www.secrepo.com/" "Mozilla/5.0 (Windows NT 10.0; WOW64) AppleWebKit/537.36 (KHTML, like Gecko) Chrome/54.0.2840.99 Safari/537.36" 
41.78.78.26 - - [23/Nov/2016:03:59:00 -0800] "GET /Security-Data-Analysis/Lab_1/conn.log.zip HTTP/1.1" 206 2655331 "http://www.secrepo.com/" "Mozilla/5.0 (Windows NT 10.0; WOW64) AppleWebKit/537.36 (KHTML, like Gecko) Chrome/54.0.2840.99 Safari/537.36" 
41.78.78.26 - - [23/Nov/2016:03:59:50 -0800] "GET /Security-Data-Analysis/Lab_1/conn.log.zip HTTP/1.1" 206 2146200 "http://www.secrepo.com/" "Mozilla/5.0 (Windows NT 10.0; WOW64) AppleWebKit/537.36 (KHTML, like Gecko) Chrome/54.0.2840.99 Safari/537.36" 
41.78.78.26 - - [23/Nov/2016:04:01:02 -0800] "GET /Security-Data-Analysis/Lab_1/conn.log.zip HTTP/1.1" 206 708831 "http://www.secrepo.com/" "Mozilla/5.0 (Windows NT 10.0; WOW64) AppleWebKit/537.36 (KHTML, like Gecko) Chrome/54.0.2840.99 Safari/537.36" 
41.78.78.26 - - [23/Nov/2016:03:59:51 -0800] "GET /Security-Data-Analysis/Lab_1/conn.log.zip HTTP/1.1" 206 2013912 "http://www.secrepo.com/" "Mozilla/5.0 (Windows NT 10.0; WOW64) AppleWebKit/537.36 (KHTML, like Gecko) Chrome/54.0.2840.99 Safari/537.36" 
41.78.78.26 - - [23/Nov/2016:04:01:14 -0800] "GET /Security-Data-Analysis/Lab_1/conn.log.zip HTTP/1.1" 206 637654 "http://www.secrepo.com/" "Mozilla/5.0 (Windows NT 10.0; WOW64) AppleWebKit/537.36 (KHTML, like Gecko) Chrome/54.0.2840.99 Safari/537.36" 
209.88.91.222 - - [23/Nov/2016:03:30:23 -0800] "GET /Security-Data-Analysis/Lab_1/conn.log.zip HTTP/1.1" 206 22338400 "http://www.secrepo.com/" "Mozilla/5.0 (Windows NT 10.0; WOW64) AppleWebKit/537.36 (KHTML, like Gecko) Chrome/54.0.2840.99 Safari/537.36" 
41.78.78.26 - - [23/Nov/2016:04:01:33 -0800] "GET /Security-Data-Analysis/Lab_1/conn.log.zip HTTP/1.1" 206 426652 "http://www.secrepo.com/" "Mozilla/5.0 (Windows NT 10.0; WOW64) AppleWebKit/537.36 (KHTML, like Gecko) Chrome/54.0.2840.99 Safari/537.36" 
41.78.78.26 - - [23/Nov/2016:04:01:38 -0800] "GET /Security-Data-Analysis/Lab_1/conn.log.zip HTTP/1.1" 206 197415 "http://www.secrepo.com/" "Mozilla/5.0 (Windows NT 10.0; WOW64) AppleWebKit/537.36 (KHTML, like Gecko) Chrome/54.0.2840.99 Safari/537.36" 
41.78.78.26 - - [23/Nov/2016:04:01:18 -0800] "GET /Security-Data-Analysis/Lab_1/conn.log.zip HTTP/1.1" 206 540245 "http://www.secrepo.com/" "Mozilla/5.0 (Windows NT 10.0; WOW64) AppleWebKit/537.36 (KHTML, like Gecko) Chrome/54.0.2840.99 Safari/537.36" 
209.88.91.222 - - [23/Nov/2016:04:01:47 -0800] "GET /Security-Data-Analysis/Lab_1/conn.log.zip HTTP/1.1" 206 123017 "http://www.secrepo.com/" "Mozilla/5.0 (Windows NT 10.0; WOW64) AppleWebKit/537.36 (KHTML, like Gecko) Chrome/54.0.2840.99 Safari/537.36" 
209.88.91.222 - - [23/Nov/2016:03:49:26 -0800] "GET /Security-Data-Analysis/Lab_1/conn.log.zip HTTP/1.1" 206 8502200 "http://www.secrepo.com/" "Mozilla/5.0 (Windows NT 10.0; WOW64) AppleWebKit/537.36 (KHTML, like Gecko) Chrome/54.0.2840.99 Safari/537.36" 
209.88.91.222 - - [23/Nov/2016:04:01:32 -0800] "GET /Security-Data-Analysis/Lab_1/conn.log.zip HTTP/1.1" 206 404444 "http://www.secrepo.com/" "Mozilla/5.0 (Windows NT 10.0; WOW64) AppleWebKit/537.36 (KHTML, like Gecko) Chrome/54.0.2840.99 Safari/537.36" 
209.88.91.222 - - [23/Nov/2016:04:01:53 -0800] "GET /Security-Data-Analysis/Lab_1/conn.log.zip HTTP/1.1" 206 84199 "http://www.secrepo.com/" "Mozilla/5.0 (Windows NT 10.0; WOW64) AppleWebKit/537.36 (KHTML, like Gecko) Chrome/54.0.2840.99 Safari/537.36" 
41.78.78.26 - - [23/Nov/2016:04:01:54 -0800] "GET /Security-Data-Analysis/Lab_1/conn.log.zip HTTP/1.1" 206 59069 "http://www.secrepo.com/" "Mozilla/5.0 (Windows NT 10.0; WOW64) AppleWebKit/537.36 (KHTML, like Gecko) Chrome/54.0.2840.99 Safari/537.36" 
41.78.78.26 - - [23/Nov/2016:04:01:56 -0800] "GET /Security-Data-Analysis/Lab_1/conn.log.zip HTTP/1.1" 206 41149 "http://www.secrepo.com/" "Mozilla/5.0 (Windows NT 10.0; WOW64) AppleWebKit/537.36 (KHTML, like Gecko) Chrome/54.0.2840.99 Safari/537.36" 
209.88.91.222 - - [23/Nov/2016:03:40:42 -0800] "GET /Security-Data-Analysis/Lab_1/conn.log.zip HTTP/1.1" 206 15828400 "http://www.secrepo.com/" "Mozilla/5.0 (Windows NT 10.0; WOW64) AppleWebKit/537.36 (KHTML, like Gecko) Chrome/54.0.2840.99 Safari/537.36" 
209.88.91.222 - - [23/Nov/2016:04:01:57 -0800] "GET /Security-Data-Analysis/Lab_1/conn.log.zip HTTP/1.1" 206 20764 "http://www.secrepo.com/" "Mozilla/5.0 (Windows NT 10.0; WOW64) AppleWebKit/537.36 (KHTML, like Gecko) Chrome/54.0.2840.99 Safari/537.36" 
209.88.91.222 - - [23/Nov/2016:04:01:57 -0800] "GET /Security-Data-Analysis/Lab_1/conn.log.zip HTTP/1.1" 206 18488 "http://www.secrepo.com/" "Mozilla/5.0 (Windows NT 10.0; WOW64) AppleWebKit/537.36 (KHTML, like Gecko) Chrome/54.0.2840.99 Safari/537.36" 
41.78.78.26 - - [23/Nov/2016:04:01:58 -0800] "GET /Security-Data-Analysis/Lab_1/conn.log.zip HTTP/1.1" 206 14391 "http://www.secrepo.com/" "Mozilla/5.0 (Windows NT 10.0; WOW64) AppleWebKit/537.36 (KHTML, like Gecko) Chrome/54.0.2840.99 Safari/537.36" 
209.88.91.222 - - [23/Nov/2016:04:01:43 -0800] "GET /Security-Data-Analysis/Lab_1/conn.log.zip HTTP/1.1" 206 144200 "http://www.secrepo.com/" "Mozilla/5.0 (Windows NT 10.0; WOW64) AppleWebKit/537.36 (KHTML, like Gecko) Chrome/54.0.2840.99 Safari/537.36" 
209.88.91.222 - - [23/Nov/2016:04:00:40 -0800] "GET /Security-Data-Analysis/Lab_1/conn.log.zip HTTP/1.1" 206 984200 "http://www.secrepo.com/" "Mozilla/5.0 (Windows NT 10.0; WOW64) AppleWebKit/537.36 (KHTML, like Gecko) Chrome/54.0.2840.99 Safari/537.36" 
209.88.91.222 - - [23/Nov/2016:04:01:57 -0800] "GET /Security-Data-Analysis/Lab_1/conn.log.zip HTTP/1.1" 206 41148 "http://www.secrepo.com/" "Mozilla/5.0 (Windows NT 10.0; WOW64) AppleWebKit/537.36 (KHTML, like Gecko) Chrome/54.0.2840.99 Safari/537.36" 
209.88.91.222 - - [23/Nov/2016:03:55:45 -0800] "GET /Security-Data-Analysis/Lab_1/conn.log.zip HTTP/1.1" 206 3801000 "http://www.secrepo.com/" "Mozilla/5.0 (Windows NT 10.0; WOW64) AppleWebKit/537.36 (KHTML, like Gecko) Chrome/54.0.2840.99 Safari/537.36" 
40.77.167.24 - - [23/Nov/2016:04:06:28 -0800] "GET /self.logs/error.log.2016-04-12.gz HTTP/1.1" 200 1003 "-" "Mozilla/5.0 (compatible; bingbot/2.0; +http://www.bing.com/bingbot.htm)" 
163.172.65.130 - - [23/Nov/2016:04:13:51 -0800] "GET /self.logs/error.log.2015-12-08.gz HTTP/1.1" 200 610 "-" "Mozilla/5.0 (compatible; AhrefsBot/5.1; +http://ahrefs.com/robot/)" 
82.166.185.33 - - [23/Nov/2016:04:15:15 -0800] "GET / HTTP/1.1" 200 10179 "-" "Mozilla/5.0 (Macintosh; Intel Mac OS X 10_10_0) AppleWebKit/537.36 (KHTML, like Gecko) Chrome/54.0.2840.98 Safari/537.36" 
82.166.185.33 - - [23/Nov/2016:04:15:16 -0800] "GET /twitter-icon.png HTTP/1.1" 200 27787 "http://www.secrepo.com/" "Mozilla/5.0 (Macintosh; Intel Mac OS X 10_10_0) AppleWebKit/537.36 (KHTML, like Gecko) Chrome/54.0.2840.98 Safari/537.36" 
82.166.185.33 - - [23/Nov/2016:04:15:16 -0800] "GET /GitHub-Mark.png HTTP/1.1" 200 7428 "http://www.secrepo.com/" "Mozilla/5.0 (Macintosh; Intel Mac OS X 10_10_0) AppleWebKit/537.36 (KHTML, like Gecko) Chrome/54.0.2840.98 Safari/537.36" 
82.166.185.33 - - [23/Nov/2016:04:15:17 -0800] "GET /bootstrap/img/favicon.ico HTTP/1.1" 200 589 "http://www.secrepo.com/" "Mozilla/5.0 (Macintosh; Intel Mac OS X 10_10_0) AppleWebKit/537.36 (KHTML, like Gecko) Chrome/54.0.2840.98 Safari/537.36" 
60.249.25.198 - - [23/Nov/2016:04:25:04 -0800] "GET /honeypot/Honeypot%20-%20Howto.pdf HTTP/1.1" 200 1279418 "-" "Mozilla/4.0 (compatible; MSIE 6.0; Windows NT 5.1)" 
40.77.167.24 - - [23/Nov/2016:04:31:27 -0800] "GET /self.logs/access.log.2016-05-09.gz HTTP/1.1" 200 8422 "-" "Mozilla/5.0 (compatible; bingbot/2.0; +http://www.bing.com/bingbot.htm)" 
177.71.34.159 - - [23/Nov/2016:04:31:47 -0800] "GET /honeypot/Honeypot%20-%20Howto.pdf HTTP/1.1" 200 1279418 "-" "Mozilla/4.0 (compatible; MSIE 6.0; Windows NT 5.1)" 
123.125.71.47 - - [23/Nov/2016:04:33:51 -0800] "GET /robots.txt HTTP/1.1" 200 297 "-" "Mozilla/5.0 (compatible; Baiduspider/2.0; +http://www.baidu.com/search/spider.html)" 
220.181.108.117 - - [23/Nov/2016:04:35:50 -0800] "GET /scada/scada_logs.zip HTTP/1.1" 200 364864 "-" "Mozilla/5.0 (compatible; Baiduspider/2.0; +http://www.baidu.com/search/spider.html)" 
112.134.100.135 - - [23/Nov/2016:04:42:24 -0800] "GET / HTTP/1.1" 200 10179 "http://www.mlsecproject.org/" "Mozilla/5.0 (Macintosh; Intel Mac OS X 10_11_6) AppleWebKit/537.36 (KHTML, like Gecko) Chrome/54.0.2840.98 Safari/537.36" 
112.134.100.135 - - [23/Nov/2016:04:42:25 -0800] "GET /twitter-icon.png HTTP/1.1" 200 27787 "http://www.secrepo.com/" "Mozilla/5.0 (Macintosh; Intel Mac OS X 10_11_6) AppleWebKit/537.36 (KHTML, like Gecko) Chrome/54.0.2840.98 Safari/537.36" 
112.134.100.135 - - [23/Nov/2016:04:42:26 -0800] "GET /GitHub-Mark.png HTTP/1.1" 200 7428 "http://www.secrepo.com/" "Mozilla/5.0 (Macintosh; Intel Mac OS X 10_11_6) AppleWebKit/537.36 (KHTML, like Gecko) Chrome/54.0.2840.98 Safari/537.36" 
40.77.167.24 - - [23/Nov/2016:04:44:00 -0800] "GET /self.logs/access.log.2015-02-05.gz HTTP/1.1" 200 3554 "-" "Mozilla/5.0 (compatible; bingbot/2.0; +http://www.bing.com/bingbot.htm)" 
192.93.158.162 - - [23/Nov/2016:04:48:17 -0800] "GET / HTTP/1.1" 200 10179 "https://www.google.fr/" "Mozilla/5.0 (X11; Ubuntu; Linux x86_64; rv:50.0) Gecko/20100101 Firefox/50.0" 
192.93.158.162 - - [23/Nov/2016:04:48:18 -0800] "GET /bootstrap/img/favicon.ico HTTP/1.1" 200 589 "-" "Mozilla/5.0 (X11; Ubuntu; Linux x86_64; rv:50.0) Gecko/20100101 Firefox/50.0" 
192.93.158.162 - - [23/Nov/2016:04:48:19 -0800] "GET /twitter-icon.png HTTP/1.1" 200 27787 "http://www.secrepo.com/" "Mozilla/5.0 (X11; Ubuntu; Linux x86_64; rv:50.0) Gecko/20100101 Firefox/50.0" 
192.93.158.162 - - [23/Nov/2016:04:48:19 -0800] "GET /GitHub-Mark.png HTTP/1.1" 200 7428 "http://www.secrepo.com/" "Mozilla/5.0 (X11; Ubuntu; Linux x86_64; rv:50.0) Gecko/20100101 Firefox/50.0" 
157.55.39.203 - - [23/Nov/2016:05:00:33 -0800] "GET /self.logs/error.log.2016-03-10.gz HTTP/1.1" 200 860 "-" "Mozilla/5.0 (compatible; bingbot/2.0; +http://www.bing.com/bingbot.htm)" 
40.77.167.91 - - [23/Nov/2016:05:10:37 -0800] "GET /self.logs/access.log.2015-07-02.gz HTTP/1.1" 200 4045 "-" "Mozilla/5.0 (compatible; bingbot/2.0; +http://www.bing.com/bingbot.htm)" 
120.27.148.39 - - [23/Nov/2016:05:09:54 -0800] "GET /honeypot/Honeypot%20-%20Howto.pdf HTTP/1.1" 200 78840 "-" "Mozilla/4.0 (compatible; MSIE 6.0; Windows NT 5.1)" 
120.27.148.39 - - [23/Nov/2016:05:09:59 -0800] "GET /honeypot/Honeypot%20-%20Howto%20-%20BSides%20Austin.pdf HTTP/1.1" 200 78840 "-" "Mozilla/4.0 (compatible; MSIE 6.0; Windows NT 5.1)" 
58.233.141.2 - - [23/Nov/2016:05:12:53 -0800] "GET / HTTP/1.1" 200 10179 "https://www.google.co.kr/" "Mozilla/5.0 (Windows NT 10.0; Win64; x64) AppleWebKit/537.36 (KHTML, like Gecko) Chrome/54.0.2840.99 Safari/537.36" 
58.233.141.2 - - [23/Nov/2016:05:12:54 -0800] "GET /GitHub-Mark.png HTTP/1.1" 200 7428 "http://www.secrepo.com/" "Mozilla/5.0 (Windows NT 10.0; Win64; x64) AppleWebKit/537.36 (KHTML, like Gecko) Chrome/54.0.2840.99 Safari/537.36" 
58.233.141.2 - - [23/Nov/2016:05:12:54 -0800] "GET /twitter-icon.png HTTP/1.1" 200 27787 "http://www.secrepo.com/" "Mozilla/5.0 (Windows NT 10.0; Win64; x64) AppleWebKit/537.36 (KHTML, like Gecko) Chrome/54.0.2840.99 Safari/537.36" 
58.233.141.2 - - [23/Nov/2016:05:12:55 -0800] "GET /bootstrap/img/favicon.ico HTTP/1.1" 200 589 "http://www.secrepo.com/" "Mozilla/5.0 (Windows NT 10.0; Win64; x64) AppleWebKit/537.36 (KHTML, like Gecko) Chrome/54.0.2840.99 Safari/537.36" 
40.77.167.11 - - [23/Nov/2016:05:15:54 -0800] "GET /self.logs/access.log.2016-08-12.gz HTTP/1.1" 200 16534 "-" "Mozilla/5.0 (compatible; bingbot/2.0; +http://www.bing.com/bingbot.htm)" 
171.33.197.194 - - [23/Nov/2016:05:32:02 -0800] "GET / HTTP/1.1" 200 10179 "https://www.google.co.uk/" "Mozilla/5.0 (Windows NT 6.1) AppleWebKit/537.36 (KHTML, like Gecko) Chrome/54.0.2840.99 Safari/537.36" 
171.33.197.194 - - [23/Nov/2016:05:32:02 -0800] "GET /twitter-icon.png HTTP/1.1" 200 27787 "http://www.secrepo.com/" "Mozilla/5.0 (Windows NT 6.1) AppleWebKit/537.36 (KHTML, like Gecko) Chrome/54.0.2840.99 Safari/537.36" 
171.33.197.194 - - [23/Nov/2016:05:32:02 -0800] "GET /GitHub-Mark.png HTTP/1.1" 200 7428 "http://www.secrepo.com/" "Mozilla/5.0 (Windows NT 6.1) AppleWebKit/537.36 (KHTML, like Gecko) Chrome/54.0.2840.99 Safari/537.36" 
171.33.197.194 - - [23/Nov/2016:05:32:03 -0800] "GET /bootstrap/img/favicon.ico HTTP/1.1" 200 589 "http://www.secrepo.com/" "Mozilla/5.0 (Windows NT 6.1) AppleWebKit/537.36 (KHTML, like Gecko) Chrome/54.0.2840.99 Safari/537.36" 
123.126.109.213 - - [23/Nov/2016:05:35:59 -0800] "GET /honeypot/Honeypot%20-%20Howto.pdf HTTP/1.1" 200 1279418 "-" "Mozilla/4.0 (compatible; MSIE 6.0; Windows NT 5.1)" 
144.32.170.29 - - [23/Nov/2016:05:38:13 -0800] "GET / HTTP/1.1" 304 189 "-" "Mozilla/5.0 (Windows NT 10.0; Win64; x64) AppleWebKit/537.36 (KHTML, like Gecko) Chrome/54.0.2840.99 Safari/537.36" 
144.32.170.29 - - [23/Nov/2016:05:38:46 -0800] "GET /maccdc2012/http.log.gz HTTP/1.1" 200 54258816 "-" "Mozilla/5.0 (Windows NT 10.0; Win64; x64) AppleWebKit/537.36 (KHTML, like Gecko) Chrome/54.0.2840.99 Safari/537.36" 
103.41.28.194 - - [23/Nov/2016:05:44:41 -0800] "GET / HTTP/1.1" 200 10179 "https://www.reddit.com/r/datasets/comments/3tbxap/cyber_security_datasets/" "Mozilla/5.0 (Windows NT 10.0; Win64; x64) AppleWebKit/537.36 (KHTML, like Gecko) Chrome/54.0.2840.99 Safari/537.36" 
103.41.28.194 - - [23/Nov/2016:05:44:42 -0800] "GET /twitter-icon.png HTTP/1.1" 200 27787 "http://www.secrepo.com/" "Mozilla/5.0 (Windows NT 10.0; Win64; x64) AppleWebKit/537.36 (KHTML, like Gecko) Chrome/54.0.2840.99 Safari/537.36" 
103.41.28.194 - - [23/Nov/2016:05:44:43 -0800] "GET /GitHub-Mark.png HTTP/1.1" 200 7428 "http://www.secrepo.com/" "Mozilla/5.0 (Windows NT 10.0; Win64; x64) AppleWebKit/537.36 (KHTML, like Gecko) Chrome/54.0.2840.99 Safari/537.36" 
103.41.28.194 - - [23/Nov/2016:05:44:43 -0800] "GET /bootstrap/img/favicon.ico HTTP/1.1" 200 589 "http://www.secrepo.com/" "Mozilla/5.0 (Windows NT 10.0; Win64; x64) AppleWebKit/537.36 (KHTML, like Gecko) Chrome/54.0.2840.99 Safari/537.36" 
103.41.28.194 - - [23/Nov/2016:05:45:15 -0800] "GET /maccdc2012/ftp.log.gz HTTP/1.1" 200 127651 "http://www.secrepo.com/maccdc2012/" "Mozilla/5.0 (Windows NT 10.0; Win64; x64) AppleWebKit/537.36 (KHTML, like Gecko) Chrome/54.0.2840.99 Safari/537.36" 
103.41.28.194 - - [23/Nov/2016:05:45:16 -0800] "GET /maccdc2012/ftp.log.gz HTTP/1.1" 206 56878 "http://www.secrepo.com/maccdc2012/" "Mozilla/5.0 (Windows NT 10.0; Win64; x64) AppleWebKit/537.36 (KHTML, like Gecko) Chrome/54.0.2840.99 Safari/537.36" 
103.41.28.194 - - [23/Nov/2016:05:45:17 -0800] "GET /maccdc2012/ftp.log.gz HTTP/1.1" 206 27812 "http://www.secrepo.com/maccdc2012/" "Mozilla/5.0 (Windows NT 10.0; Win64; x64) AppleWebKit/537.36 (KHTML, like Gecko) Chrome/54.0.2840.99 Safari/537.36" 
103.41.28.194 - - [23/Nov/2016:05:45:17 -0800] "GET /maccdc2012/ftp.log.gz HTTP/1.1" 206 14084 "http://www.secrepo.com/maccdc2012/" "Mozilla/5.0 (Windows NT 10.0; Win64; x64) AppleWebKit/537.36 (KHTML, like Gecko) Chrome/54.0.2840.99 Safari/537.36" 
103.41.28.194 - - [23/Nov/2016:05:46:16 -0800] "GET /maccdc2012/ftp.log.gz HTTP/1.1" 206 54437 "http://www.secrepo.com/maccdc2012/" "Mozilla/5.0 (Windows NT 10.0; Win64; x64) AppleWebKit/537.36 (KHTML, like Gecko) Chrome/54.0.2840.99 Safari/537.36" 
103.41.28.194 - - [23/Nov/2016:05:46:15 -0800] "GET /maccdc2012/ftp.log.gz HTTP/1.1" 200 96360 "http://www.secrepo.com/maccdc2012/" "Mozilla/5.0 (Windows NT 10.0; Win64; x64) AppleWebKit/537.36 (KHTML, like Gecko) Chrome/54.0.2840.99 Safari/537.36" 
66.249.88.62 - - [23/Nov/2016:05:56:38 -0800] "GET /maccdc2012/http.log.gz HTTP/1.1" 200 56420878 "http://www.google.com/url?sa=t&rct=j&q=&esrc=s&source=web&cd=3&ved=0CDQQFjAF&url=http%3A%2F%2Fwww.secrepo.com%2Fmaccdc2012%2Fhttp.log.gz&ei=FqA1WIuHIqLNaMuHAQ&usg=AFQjCNHJNcswjuwKOXVLv6wHjlGwA-ugfA" "Mozilla/5.0 (Windows NT 10.0; WOW64) AppleWebKit/537.36 (KHTML, like Gecko) Chrome/53.0.2785.116 Safari/537.36" 
66.249.88.61 - - [23/Nov/2016:05:58:15 -0800] "GET /maccdc2012/http.log.gz HTTP/1.1" 200 56420878 "http://www.google.com/url?sa=t&rct=j&q=&esrc=s&source=web&cd=1&ved=0CEAQFjAD&url=http%3A%2F%2Fwww.secrepo.com%2Fmaccdc2012%2Fhttp.log.gz&ei=d6A1WKWaBYyPpwKHugE&usg=AFQjCNHJNcswjuwKOXVLv6wHjlGwA-ugfA" "Mozilla/5.0 (Windows NT 6.1) AppleWebKit/537.36 (KHTML, like Gecko) Chrome/53.0.2785.116 Safari/537.36" 
66.249.88.61 - - [23/Nov/2016:05:59:51 -0800] "GET /maccdc2012/http.log.gz HTTP/1.1" 200 56420878 "http://www.google.com/url?sa=t&rct=j&q=&esrc=s&source=web&cd=1&ved=0CFQQFjAA&url=http%3A%2F%2Fwww.secrepo.com%2Fmaccdc2012%2Fhttp.log.gz&ei=16A1WPjLGrbh8APvKw&usg=AFQjCNHJNcswjuwKOXVLv6wHjlGwA-ugfA" "Mozilla/5.0 (Windows NT 10.0; Win64; x64) AppleWebKit/537.36 (KHTML, like Gecko) Chrome/53.0.2785.116 Safari/537.36" 
40.77.167.91 - - [23/Nov/2016:06:01:14 -0800] "GET /self.logs/access.log.2015-06-14.gz HTTP/1.1" 200 4386 "-" "Mozilla/5.0 (compatible; bingbot/2.0; +http://www.bing.com/bingbot.htm)" 
45.40.253.235 - - [23/Nov/2016:06:14:19 -0800] "GET / HTTP/1.1" 200 34061 "-" "Mozilla/5.0 (Windows NT 6.1; WOW64; rv:40.0) Gecko/20100101 Firefox/40.1" 
52.129.34.150 - - [23/Nov/2016:06:19:37 -0800] "GET / HTTP/1.1" 200 10179 "https://www.google.ca/" "Mozilla/5.0 (X11; Ubuntu; Linux x86_64; rv:49.0) Gecko/20100101 Firefox/49.0" 
52.129.34.150 - - [23/Nov/2016:06:19:37 -0800] "GET /GitHub-Mark.png HTTP/1.1" 200 7428 "http://www.secrepo.com/" "Mozilla/5.0 (X11; Ubuntu; Linux x86_64; rv:49.0) Gecko/20100101 Firefox/49.0" 
52.129.34.150 - - [23/Nov/2016:06:19:37 -0800] "GET /twitter-icon.png HTTP/1.1" 200 27787 "http://www.secrepo.com/" "Mozilla/5.0 (X11; Ubuntu; Linux x86_64; rv:49.0) Gecko/20100101 Firefox/49.0" 
52.129.34.150 - - [23/Nov/2016:06:19:38 -0800] "GET /bootstrap/img/favicon.ico HTTP/1.1" 200 589 "-" "Mozilla/5.0 (X11; Ubuntu; Linux x86_64; rv:49.0) Gecko/20100101 Firefox/49.0" 
66.249.64.128 - - [23/Nov/2016:06:26:37 -0800] "GET / HTTP/1.1" 200 10179 "-" "Mozilla/5.0 (Linux; Android 6.0.1; Nexus 5X Build/MMB29P) AppleWebKit/537.36 (KHTML, like Gecko) Chrome/41.0.2272.96 Mobile Safari/537.36 (compatible; Googlebot/2.1; +http://www.google.com/bot.html)" 
192.243.55.134 - - [23/Nov/2016:06:32:57 -0800] "GET /self.logs/error.log.2015-08-01.gz HTTP/1.1" 200 670 "-" "Mozilla/5.0 (compatible; SemrushBot/1.1~bl; +http://www.semrush.com/bot.html)" 
163.172.65.61 - - [23/Nov/2016:06:33:51 -0800] "GET /self.logs/access.log.2016-08-23.gz HTTP/1.1" 200 10123 "-" "Mozilla/5.0 (compatible; AhrefsBot/5.1; +http://ahrefs.com/robot/)" 
192.243.55.130 - - [23/Nov/2016:06:34:20 -0800] "GET /self.logs/error.log.2015-11-03.gz HTTP/1.1" 200 949 "-" "Mozilla/5.0 (compatible; SemrushBot/1.1~bl; +http://www.semrush.com/bot.html)" 
192.243.55.134 - - [23/Nov/2016:06:37:04 -0800] "GET /self.logs/access.log.2016-05-17.gz HTTP/1.1" 200 13746 "-" "Mozilla/5.0 (compatible; SemrushBot/1.1~bl; +http://www.semrush.com/bot.html)" 
143.115.159.54 - - [23/Nov/2016:06:38:25 -0800] "GET / HTTP/1.1" 200 10179 "-" "Mozilla/5.0 (Windows NT 6.1; WOW64) AppleWebKit/537.36 (KHTML, like Gecko) Chrome/54.0.2840.99 Safari/537.36" 
143.115.159.54 - - [23/Nov/2016:06:38:25 -0800] "GET /GitHub-Mark.png HTTP/1.1" 200 7427 "http://www.secrepo.com/" "Mozilla/5.0 (Windows NT 6.1; WOW64) AppleWebKit/537.36 (KHTML, like Gecko) Chrome/54.0.2840.99 Safari/537.36" 
143.115.159.54 - - [23/Nov/2016:06:38:25 -0800] "GET /twitter-icon.png HTTP/1.1" 200 27788 "http://www.secrepo.com/" "Mozilla/5.0 (Windows NT 6.1; WOW64) AppleWebKit/537.36 (KHTML, like Gecko) Chrome/54.0.2840.99 Safari/537.36" 
192.243.55.129 - - [23/Nov/2016:06:38:40 -0800] "GET /self.logs/access.log.2015-03-25.gz HTTP/1.1" 200 3466 "-" "Mozilla/5.0 (compatible; SemrushBot/1.1~bl; +http://www.semrush.com/bot.html)" 
192.243.55.134 - - [23/Nov/2016:06:39:40 -0800] "GET /self.logs/access.log.2015-08-01.gz HTTP/1.1" 200 3672 "-" "Mozilla/5.0 (compatible; SemrushBot/1.1~bl; +http://www.semrush.com/bot.html)" 
143.115.159.54 - - [23/Nov/2016:06:39:41 -0800] "GET /bootstrap/img/favicon.ico HTTP/1.1" 200 590 "http://www.secrepo.com/" "Mozilla/5.0 (Windows NT 6.1; WOW64) AppleWebKit/537.36 (KHTML, like Gecko) Chrome/54.0.2840.99 Safari/537.36" 
84.127.136.54 - - [23/Nov/2016:06:39:43 -0800] "GET / HTTP/1.1" 200 10179 "-" "Mozilla/5.0 (Windows NT 10.0; Win64; x64) AppleWebKit/537.36 (KHTML, like Gecko) Chrome/54.0.2840.99 Safari/537.36" 
84.127.136.54 - - [23/Nov/2016:06:39:44 -0800] "GET /twitter-icon.png HTTP/1.1" 200 27787 "http://www.secrepo.com/" "Mozilla/5.0 (Windows NT 10.0; Win64; x64) AppleWebKit/537.36 (KHTML, like Gecko) Chrome/54.0.2840.99 Safari/537.36" 
84.127.136.54 - - [23/Nov/2016:06:39:44 -0800] "GET /GitHub-Mark.png HTTP/1.1" 200 7428 "http://www.secrepo.com/" "Mozilla/5.0 (Windows NT 10.0; Win64; x64) AppleWebKit/537.36 (KHTML, like Gecko) Chrome/54.0.2840.99 Safari/537.36" 
84.127.136.54 - - [23/Nov/2016:06:39:45 -0800] "GET /bootstrap/img/favicon.ico HTTP/1.1" 200 589 "http://www.secrepo.com/" "Mozilla/5.0 (Windows NT 10.0; Win64; x64) AppleWebKit/537.36 (KHTML, like Gecko) Chrome/54.0.2840.99 Safari/537.36" 
192.243.55.136 - - [23/Nov/2016:06:40:17 -0800] "GET /self.logs/error.log.2015-11-20.gz HTTP/1.1" 200 989 "-" "Mozilla/5.0 (compatible; SemrushBot/1.1~bl; +http://www.semrush.com/bot.html)" 
192.243.55.135 - - [23/Nov/2016:06:41:56 -0800] "GET /self.logs/error.log.2015-03-10.gz HTTP/1.1" 200 4846 "-" "Mozilla/5.0 (compatible; SemrushBot/1.1~bl; +http://www.semrush.com/bot.html)" 
192.243.55.130 - - [23/Nov/2016:06:42:32 -0800] "GET /self.logs/access.log.2015-12-27.gz HTTP/1.1" 200 6743 "-" "Mozilla/5.0 (compatible; SemrushBot/1.1~bl; +http://www.semrush.com/bot.html)" 
192.243.55.131 - - [23/Nov/2016:06:43:01 -0800] "GET /self.logs/access.log.2016-05-06.gz HTTP/1.1" 200 8439 "-" "Mozilla/5.0 (compatible; SemrushBot/1.1~bl; +http://www.semrush.com/bot.html)" 
192.243.55.138 - - [23/Nov/2016:06:43:58 -0800] "GET /self.logs/access.log.2016-04-24.gz HTTP/1.1" 200 7798 "-" "Mozilla/5.0 (compatible; SemrushBot/1.1~bl; +http://www.semrush.com/bot.html)" 
192.243.55.129 - - [23/Nov/2016:06:44:12 -0800] "GET /self.logs/error.log.2015-07-27.gz HTTP/1.1" 200 757 "-" "Mozilla/5.0 (compatible; SemrushBot/1.1~bl; +http://www.semrush.com/bot.html)" 
192.243.55.133 - - [23/Nov/2016:06:44:35 -0800] "GET /self.logs/error.log.2015-12-22.gz HTTP/1.1" 200 740 "-" "Mozilla/5.0 (compatible; SemrushBot/1.1~bl; +http://www.semrush.com/bot.html)" 
192.243.55.135 - - [23/Nov/2016:06:45:04 -0800] "GET /misc/zeus_dga_domains.txt.zip HTTP/1.1" 200 290540 "-" "Mozilla/5.0 (compatible; SemrushBot/1.1~bl; +http://www.semrush.com/bot.html)" 
192.243.55.134 - - [23/Nov/2016:06:45:33 -0800] "GET /self.logs/access.log.2015-10-23.gz HTTP/1.1" 200 5224 "-" "Mozilla/5.0 (compatible; SemrushBot/1.1~bl; +http://www.semrush.com/bot.html)" 
192.243.55.134 - - [23/Nov/2016:06:48:31 -0800] "GET /self.logs/error.log.2015-07-30.gz HTTP/1.1" 200 788 "-" "Mozilla/5.0 (compatible; SemrushBot/1.1~bl; +http://www.semrush.com/bot.html)" 
90.145.64.220 - - [23/Nov/2016:06:52:31 -0800] "GET / HTTP/1.1" 200 10179 "https://www.google.nl/" "Mozilla/5.0 (X11; Ubuntu; Linux x86_64; rv:49.0) Gecko/20100101 Firefox/49.0" 
90.145.64.220 - - [23/Nov/2016:06:52:31 -0800] "GET /GitHub-Mark.png HTTP/1.1" 200 7427 "http://www.secrepo.com/" "Mozilla/5.0 (X11; Ubuntu; Linux x86_64; rv:49.0) Gecko/20100101 Firefox/49.0" 
90.145.64.220 - - [23/Nov/2016:06:52:32 -0800] "GET /bootstrap/img/favicon.ico HTTP/1.1" 200 589 "-" "Mozilla/5.0 (X11; Ubuntu; Linux x86_64; rv:49.0) Gecko/20100101 Firefox/49.0" 
192.243.55.134 - - [23/Nov/2016:06:52:36 -0800] "GET /self.logs/error.log.2015-10-02.gz HTTP/1.1" 200 628 "-" "Mozilla/5.0 (compatible; SemrushBot/1.1~bl; +http://www.semrush.com/bot.html)" 
192.243.55.130 - - [23/Nov/2016:06:53:02 -0800] "GET /self.logs/access.log.2016-06-08.gz HTTP/1.1" 200 8757 "-" "Mozilla/5.0 (compatible; SemrushBot/1.1~bl; +http://www.semrush.com/bot.html)" 
66.249.83.84 - - [23/Nov/2016:06:53:12 -0800] "GET / HTTP/1.1" 200 10179 "-" "Mozilla/5.0 (X11; Linux x86_64) AppleWebKit/537.36 (KHTML, like Gecko) Chrome/49.0.2623.75 Safari/537.36 Google Favicon" 
66.249.83.82 - - [23/Nov/2016:06:53:12 -0800] "GET /bootstrap/img/favicon.ico HTTP/1.1" 200 590 "-" "Mozilla/5.0 (X11; Linux x86_64) AppleWebKit/537.36 (KHTML, like Gecko) Chrome/49.0.2623.75 Safari/537.36 Google Favicon" 
192.243.55.135 - - [23/Nov/2016:06:53:43 -0800] "GET /self.logs/error.log.2015-10-08.gz HTTP/1.1" 200 631 "-" "Mozilla/5.0 (compatible; SemrushBot/1.1~bl; +http://www.semrush.com/bot.html)" 
192.243.55.138 - - [23/Nov/2016:06:54:03 -0800] "GET /self.logs/error.log.2016-01-28.gz HTTP/1.1" 200 785 "-" "Mozilla/5.0 (compatible; SemrushBot/1.1~bl; +http://www.semrush.com/bot.html)" 
2.177.42.65 - - [23/Nov/2016:06:54:52 -0800] "GET /bootstrap/img/favicon.ico HTTP/1.1" 200 590 "http://www.secrepo.com/" "Mozilla/5.0 (Windows NT 10.0; WOW64) AppleWebKit/537.36 (KHTML, like Gecko) Chrome/54.0.2840.99 Safari/537.36" 
40.77.167.11 - - [23/Nov/2016:06:55:33 -0800] "GET / HTTP/1.1" 301 483 "-" "Mozilla/5.0 (compatible; bingbot/2.0; +http://www.bing.com/bingbot.htm)" 
192.243.55.129 - - [23/Nov/2016:06:57:15 -0800] "GET /self.logs/error.log.2015-06-07.gz HTTP/1.1" 200 523 "-" "Mozilla/5.0 (compatible; SemrushBot/1.1~bl; +http://www.semrush.com/bot.html)" 
192.243.55.130 - - [23/Nov/2016:06:57:42 -0800] "GET /self.logs/error.log.2015-03-12.gz HTTP/1.1" 200 2708 "-" "Mozilla/5.0 (compatible; SemrushBot/1.1~bl; +http://www.semrush.com/bot.html)" 
192.243.55.136 - - [23/Nov/2016:06:57:59 -0800] "GET /self.logs/error.log.2015-11-08.gz HTTP/1.1" 200 628 "-" "Mozilla/5.0 (compatible; SemrushBot/1.1~bl; +http://www.semrush.com/bot.html)" 
192.243.55.129 - - [23/Nov/2016:06:58:41 -0800] "GET /self.logs/error.log.2016-04-14.gz HTTP/1.1" 200 796 "-" "Mozilla/5.0 (compatible; SemrushBot/1.1~bl; +http://www.semrush.com/bot.html)" 
40.77.167.11 - - [23/Nov/2016:06:58:49 -0800] "GET / HTTP/1.1" 200 10179 "-" "Mozilla/5.0 (compatible; bingbot/2.0; +http://www.bing.com/bingbot.htm)" 
192.243.55.138 - - [23/Nov/2016:06:59:01 -0800] "GET /self.logs/access.log.2015-01-28.gz HTTP/1.1" 200 2092 "-" "Mozilla/5.0 (compatible; SemrushBot/1.1~bl; +http://www.semrush.com/bot.html)" 
192.243.55.129 - - [23/Nov/2016:07:00:05 -0800] "GET /self.logs/access.log.2016-04-01.gz HTTP/1.1" 200 7634 "-" "Mozilla/5.0 (compatible; SemrushBot/1.1~bl; +http://www.semrush.com/bot.html)" 
192.243.55.136 - - [23/Nov/2016:07:00:49 -0800] "GET /self.logs/access.log.2016-05-13.gz HTTP/1.1" 200 13533 "-" "Mozilla/5.0 (compatible; SemrushBot/1.1~bl; +http://www.semrush.com/bot.html)" 
192.243.55.131 - - [23/Nov/2016:07:01:04 -0800] "GET /self.logs/error.log.2015-11-27.gz HTTP/1.1" 200 533 "-" "Mozilla/5.0 (compatible; SemrushBot/1.1~bl; +http://www.semrush.com/bot.html)" 
192.243.55.131 - - [23/Nov/2016:07:01:29 -0800] "GET /self.logs/access.log.2015-11-03.gz HTTP/1.1" 200 7187 "-" "Mozilla/5.0 (compatible; SemrushBot/1.1~bl; +http://www.semrush.com/bot.html)" 
192.243.55.129 - - [23/Nov/2016:07:01:48 -0800] "GET /self.logs/access.log.2015-04-13.gz HTTP/1.1" 200 3678 "-" "Mozilla/5.0 (compatible; SemrushBot/1.1~bl; +http://www.semrush.com/bot.html)" 
54.240.197.238 - - [23/Nov/2016:07:02:11 -0800] "GET / HTTP/1.1" 301 483 "-" "Mozilla/5.0 (Macintosh; Intel Mac OS X 10_11_6) AppleWebKit/537.36 (KHTML, like Gecko) Chrome/54.0.2840.98 Safari/537.36" 
54.240.197.238 - - [23/Nov/2016:07:02:12 -0800] "GET / HTTP/1.1" 200 10179 "-" "Mozilla/5.0 (Macintosh; Intel Mac OS X 10_11_6) AppleWebKit/537.36 (KHTML, like Gecko) Chrome/54.0.2840.98 Safari/537.36" 
54.240.197.238 - - [23/Nov/2016:07:02:13 -0800] "GET /GitHub-Mark.png HTTP/1.1" 200 7427 "http://www.secrepo.com/" "Mozilla/5.0 (Macintosh; Intel Mac OS X 10_11_6) AppleWebKit/537.36 (KHTML, like Gecko) Chrome/54.0.2840.98 Safari/537.36" 
54.240.197.238 - - [23/Nov/2016:07:02:13 -0800] "GET /bootstrap/img/favicon.ico HTTP/1.1" 200 589 "http://www.secrepo.com/" "Mozilla/5.0 (Macintosh; Intel Mac OS X 10_11_6) AppleWebKit/537.36 (KHTML, like Gecko) Chrome/54.0.2840.98 Safari/537.36" 
192.243.55.137 - - [23/Nov/2016:07:05:05 -0800] "GET /self.logs/error.log.2015-02-02.gz HTTP/1.1" 200 640 "-" "Mozilla/5.0 (compatible; SemrushBot/1.1~bl; +http://www.semrush.com/bot.html)" 
192.243.55.130 - - [23/Nov/2016:07:06:18 -0800] "GET /self.logs/error.log.2015-06-24.gz HTTP/1.1" 200 839 "-" "Mozilla/5.0 (compatible; SemrushBot/1.1~bl; +http://www.semrush.com/bot.html)" 
192.243.55.134 - - [23/Nov/2016:07:07:04 -0800] "GET /self.logs/error.log.2015-10-14.gz HTTP/1.1" 200 850 "-" "Mozilla/5.0 (compatible; SemrushBot/1.1~bl; +http://www.semrush.com/bot.html)" 
91.219.236.136 - - [23/Nov/2016:07:07:16 -0800] "GET / HTTP/1.1" 301 446 "-" "Mozilla/5.0 (Windows NT 10.0; WOW64) AppleWebKit/537.36 (KHTML, like Gecko) Chrome/52.0.2743.116 Safari/537.36" 
192.243.55.135 - - [23/Nov/2016:07:07:52 -0800] "GET /self.logs/error.log.2015-04-29.gz HTTP/1.1" 200 1722 "-" "Mozilla/5.0 (compatible; SemrushBot/1.1~bl; +http://www.semrush.com/bot.html)" 
192.243.55.138 - - [23/Nov/2016:07:08:11 -0800] "GET /self.logs/error.log.2015-07-20.gz HTTP/1.1" 200 932 "-" "Mozilla/5.0 (compatible; SemrushBot/1.1~bl; +http://www.semrush.com/bot.html)" 
192.243.55.134 - - [23/Nov/2016:07:09:01 -0800] "GET /self.logs/error.log.2015-04-27.gz HTTP/1.1" 200 659 "-" "Mozilla/5.0 (compatible; SemrushBot/1.1~bl; +http://www.semrush.com/bot.html)" 
192.243.55.136 - - [23/Nov/2016:07:09:52 -0800] "GET /self.logs/access.log.2015-08-16.gz HTTP/1.1" 200 6498 "-" "Mozilla/5.0 (compatible; SemrushBot/1.1~bl; +http://www.semrush.com/bot.html)" 
192.243.55.131 - - [23/Nov/2016:07:10:10 -0800] "GET /self.logs/access.log.2015-06-17.gz HTTP/1.1" 200 5756 "-" "Mozilla/5.0 (compatible; SemrushBot/1.1~bl; +http://www.semrush.com/bot.html)" 
192.243.55.137 - - [23/Nov/2016:07:10:28 -0800] "GET /self.logs/error.log.2016-06-10.gz HTTP/1.1" 200 1076 "-" "Mozilla/5.0 (compatible; SemrushBot/1.1~bl; +http://www.semrush.com/bot.html)" 
192.243.55.137 - - [23/Nov/2016:07:11:30 -0800] "GET /self.logs/error.log.2015-05-08.gz HTTP/1.1" 200 1073 "-" "Mozilla/5.0 (compatible; SemrushBot/1.1~bl; +http://www.semrush.com/bot.html)" 
192.243.55.130 - - [23/Nov/2016:07:11:54 -0800] "GET /self.logs/access.log.2015-08-31.gz HTTP/1.1" 200 5589 "-" "Mozilla/5.0 (compatible; SemrushBot/1.1~bl; +http://www.semrush.com/bot.html)" 
192.243.55.135 - - [23/Nov/2016:07:12:17 -0800] "GET /self.logs/error.log.2015-04-16.gz HTTP/1.1" 200 2669 "-" "Mozilla/5.0 (compatible; SemrushBot/1.1~bl; +http://www.semrush.com/bot.html)" 
192.243.55.135 - - [23/Nov/2016:07:13:41 -0800] "GET /self.logs/error.log.2016-04-05.gz HTTP/1.1" 200 1402 "-" "Mozilla/5.0 (compatible; SemrushBot/1.1~bl; +http://www.semrush.com/bot.html)" 
192.243.55.134 - - [23/Nov/2016:07:13:56 -0800] "GET /self.logs/access.log.2015-02-17.gz HTTP/1.1" 200 11238 "-" "Mozilla/5.0 (compatible; SemrushBot/1.1~bl; +http://www.semrush.com/bot.html)" 
192.243.55.136 - - [23/Nov/2016:07:14:22 -0800] "GET /self.logs/error.log.2015-05-28.gz HTTP/1.1" 200 668 "-" "Mozilla/5.0 (compatible; SemrushBot/1.1~bl; +http://www.semrush.com/bot.html)" 
192.243.55.131 - - [23/Nov/2016:07:15:17 -0800] "GET /self.logs/error.log.2015-10-27.gz HTTP/1.1" 200 696 "-" "Mozilla/5.0 (compatible; SemrushBot/1.1~bl; +http://www.semrush.com/bot.html)" 
192.243.55.134 - - [23/Nov/2016:07:15:37 -0800] "GET /self.logs/error.log.2015-10-31.gz HTTP/1.1" 200 976 "-" "Mozilla/5.0 (compatible; SemrushBot/1.1~bl; +http://www.semrush.com/bot.html)" 
192.243.55.137 - - [23/Nov/2016:07:16:02 -0800] "GET /self.logs/access.log.2016-05-01.gz HTTP/1.1" 200 10035 "-" "Mozilla/5.0 (compatible; SemrushBot/1.1~bl; +http://www.semrush.com/bot.html)" 
192.243.55.133 - - [23/Nov/2016:07:17:34 -0800] "GET /self.logs/access.log.2015-08-26.gz HTTP/1.1" 200 4700 "-" "Mozilla/5.0 (compatible; SemrushBot/1.1~bl; +http://www.semrush.com/bot.html)" 
40.77.167.11 - - [23/Nov/2016:07:18:24 -0800] "GET /self.logs/error.log.2016-03-05.gz HTTP/1.1" 200 643 "-" "Mozilla/5.0 (compatible; bingbot/2.0; +http://www.bing.com/bingbot.htm)" 
192.243.55.134 - - [23/Nov/2016:07:18:57 -0800] "GET /self.logs/access.log.2015-05-30.gz HTTP/1.1" 200 3075 "-" "Mozilla/5.0 (compatible; SemrushBot/1.1~bl; +http://www.semrush.com/bot.html)" 
192.243.55.130 - - [23/Nov/2016:07:19:04 -0800] "GET /self.logs/access.log.2016-03-31.gz HTTP/1.1" 200 8355 "-" "Mozilla/5.0 (compatible; SemrushBot/1.1~bl; +http://www.semrush.com/bot.html)" 
192.243.55.136 - - [23/Nov/2016:07:19:38 -0800] "GET /self.logs/access.log.2015-04-06.gz HTTP/1.1" 200 2710 "-" "Mozilla/5.0 (compatible; SemrushBot/1.1~bl; +http://www.semrush.com/bot.html)" 
192.243.55.130 - - [23/Nov/2016:07:20:17 -0800] "GET /self.logs/access.log.2015-08-18.gz HTTP/1.1" 200 10594 "-" "Mozilla/5.0 (compatible; SemrushBot/1.1~bl; +http://www.semrush.com/bot.html)" 
79.42.29.38 - - [23/Nov/2016:07:21:12 -0800] "GET / HTTP/1.1" 200 10179 "https://www.google.it/" "Mozilla/5.0 (Windows NT 10.0; WOW64; rv:50.0) Gecko/20100101 Firefox/50.0" 
79.42.29.38 - - [23/Nov/2016:07:21:13 -0800] "GET /bootstrap/img/favicon.ico HTTP/1.1" 200 589 "-" "Mozilla/5.0 (Windows NT 10.0; WOW64; rv:50.0) Gecko/20100101 Firefox/50.0" 
79.42.29.38 - - [23/Nov/2016:07:21:19 -0800] "GET /GitHub-Mark.png HTTP/1.1" 200 7428 "http://www.secrepo.com/" "Mozilla/5.0 (Windows NT 10.0; WOW64; rv:50.0) Gecko/20100101 Firefox/50.0" 
