111.23.10.33 - - [11/Mar/2016:01:51:38 -0800] "GET /tg/a.zip HTTP/1.1" 304 132 "-" "Mozilla/5.0 Gecko/20100115 Firefox/3.6" 
182.118.20.211 - - [11/Mar/2016:01:52:31 -0800] "GET / HTTP/1.1" 200 8681 "http://www.secrepo.com/" "Mozilla/5.0 (compatible; MSIE 9.0; Windows NT 6.1; Trident/5.0); 360Spider(compatible; HaosouSpider; http://www.haosou.com/help/help_3_2.html)" 
68.180.231.44 - - [11/Mar/2016:01:55:52 -0800] "GET /self.logs/access.log.2015-04-05.gz HTTP/1.1" 200 3468 "-" "Mozilla/5.0 (compatible; Yahoo! Slurp; http://help.yahoo.com/help/us/ysearch/slurp)" 
68.180.231.44 - - [11/Mar/2016:02:05:17 -0800] "GET /self.logs/access.log.2016-01-18.gz HTTP/1.1" 200 7291 "-" "Mozilla/5.0 (compatible; Yahoo! Slurp; http://help.yahoo.com/help/us/ysearch/slurp)" 
68.180.231.44 - - [11/Mar/2016:02:08:04 -0800] "GET /self.logs/error.log.2015-12-08.gz HTTP/1.1" 200 610 "-" "Mozilla/5.0 (compatible; Yahoo! Slurp; http://help.yahoo.com/help/us/ysearch/slurp)" 
144.76.127.205 - - [11/Mar/2016:02:08:37 -0800] "GET /honeypot/BSidesDFW%20-%202014.ipynb'A=0 HTTP/1.1" 404 340 "http://www.secrepo.com/honeypot/BSidesDFW%20-%202014.ipynb'A=0" "Mozilla/5.0 (Windows; U; Windows NT 5.1; pt-PT; rv:1.9.1.2) Gecko/20090729 Firefox/3.5.2 (.NET CLR 3.5.30729)" 
144.76.127.205 - - [11/Mar/2016:02:08:37 -0800] "GET /honeypot/BSidesDFW%20-%202014.ipynb'A=0 HTTP/1.1" 404 284 "http://www.secrepo.com/honeypot/BSidesDFW%20-%202014.ipynb'A=0" "Mozilla/5.0 (Windows; U; Windows NT 5.1; pt-PT; rv:1.9.1.2) Gecko/20090729 Firefox/3.5.2 (.NET CLR 3.5.30729)" 
144.76.127.205 - - [11/Mar/2016:02:08:38 -0800] "GET /honeypot/BSidesDFW%20-%202014.ipynb'A=0 HTTP/1.1" 404 284 "http://www.secrepo.com/honeypot/BSidesDFW%20-%202014.ipynb'A=0" "Mozilla/5.0 (Windows; U; Windows NT 5.1; pt-PT; rv:1.9.1.2) Gecko/20090729 Firefox/3.5.2 (.NET CLR 3.5.30729)" 
144.76.127.205 - - [11/Mar/2016:02:08:38 -0800] "GET /honeypot/BSidesDFW%20-%202014.ipynb'A=0 HTTP/1.1" 404 284 "http://www.secrepo.com/honeypot/BSidesDFW%20-%202014.ipynb'A=0" "Mozilla/5.0 (Windows; U; Windows NT 5.1; pt-PT; rv:1.9.1.2) Gecko/20090729 Firefox/3.5.2 (.NET CLR 3.5.30729)" 
144.76.127.205 - - [11/Mar/2016:02:08:38 -0800] "GET /honeypot/BSidesDFW%20-%202014.ipynb'A=0 HTTP/1.1" 404 284 "http://www.secrepo.com/honeypot/BSidesDFW%20-%202014.ipynb'A=0" "Mozilla/5.0 (Windows; U; Windows NT 5.1; pt-PT; rv:1.9.1.2) Gecko/20090729 Firefox/3.5.2 (.NET CLR 3.5.30729)" 
144.76.127.205 - - [11/Mar/2016:02:08:38 -0800] "GET /honeypot/BSidesDFW%20-%202014.ipynb'A=0 HTTP/1.1" 404 284 "http://www.secrepo.com/honeypot/BSidesDFW%20-%202014.ipynb'A=0" "Mozilla/5.0 (Windows; U; Windows NT 5.1; pt-PT; rv:1.9.1.2) Gecko/20090729 Firefox/3.5.2 (.NET CLR 3.5.30729)" 
213.239.205.207 - - [11/Mar/2016:02:10:08 -0800] "GET /robots.txt HTTP/1.0" 301 481 "-" "Mozilla/5.0 (compatible; MJ12bot/v1.4.5; http://www.majestic12.co.uk/bot.php?+)" 
213.239.205.207 - - [11/Mar/2016:02:10:09 -0800] "GET /robots.txt HTTP/1.0" 200 252 "-" "Mozilla/5.0 (compatible; MJ12bot/v1.4.5; http://www.majestic12.co.uk/bot.php?+)" 
213.239.205.207 - - [11/Mar/2016:02:10:11 -0800] "GET /&quot HTTP/1.0" 301 475 "-" "Mozilla/5.0 (compatible; MJ12bot/v1.4.5; http://www.majestic12.co.uk/bot.php?+)" 
213.239.205.207 - - [11/Mar/2016:02:10:18 -0800] "GET /robots.txt HTTP/1.0" 200 252 "-" "Mozilla/5.0 (compatible; MJ12bot/v1.4.5; http://www.majestic12.co.uk/bot.php?+)" 
213.239.205.207 - - [11/Mar/2016:02:10:19 -0800] "GET /&quot HTTP/1.0" 404 284 "-" "Mozilla/5.0 (compatible; MJ12bot/v1.4.5; http://www.majestic12.co.uk/bot.php?+)" 
68.180.231.44 - - [11/Mar/2016:02:11:05 -0800] "GET /self.logs/access.log.2015-07-09.gz HTTP/1.1" 200 4739 "-" "Mozilla/5.0 (compatible; Yahoo! Slurp; http://help.yahoo.com/help/us/ysearch/slurp)" 
117.190.191.170 - - [11/Mar/2016:02:23:00 -0800] "GET /tg/a.zip HTTP/1.1" 304 132 "-" "Mozilla/5.0 Gecko/20100115 Firefox/3.6" 
66.249.64.129 - - [11/Mar/2016:02:24:07 -0800] "GET /robots.txt HTTP/1.1" 200 334 "-" "Mozilla/5.0 (compatible; Googlebot/2.1; +http://www.google.com/bot.html)" 
66.249.64.245 - - [11/Mar/2016:02:24:07 -0800] "GET /self.logs/ HTTP/1.1" 200 8844 "-" "Mozilla/5.0 (iPhone; CPU iPhone OS 8_3 like Mac OS X) AppleWebKit/600.1.4 (KHTML, like Gecko) Version/8.0 Mobile/12F70 Safari/600.1.4 (compatible; Googlebot/2.1; +http://www.google.com/bot.html)" 
111.23.4.148 - - [11/Mar/2016:02:43:48 -0800] "GET /tg/a.zip HTTP/1.1" 304 132 "-" "Mozilla/5.0 Gecko/20100115 Firefox/3.6" 
195.243.82.35 - - [11/Mar/2016:02:45:30 -0800] "GET / HTTP/1.0" 200 8681 "https://www.google.de" "Mozilla/5.0 (Windows NT 6.1; WOW64; rv:44.0) Gecko/20100101 Firefox/44.0" 
195.243.82.35 - - [11/Mar/2016:02:45:31 -0800] "GET /twitter-icon.png HTTP/1.0" 200 27787 "http://www.secrepo.com/" "Mozilla/5.0 (Windows NT 6.1; WOW64; rv:44.0) Gecko/20100101 Firefox/44.0" 
195.243.82.35 - - [11/Mar/2016:02:45:31 -0800] "GET /GitHub-Mark.png HTTP/1.0" 200 7428 "http://www.secrepo.com/" "Mozilla/5.0 (Windows NT 6.1; WOW64; rv:44.0) Gecko/20100101 Firefox/44.0" 
195.243.82.35 - - [11/Mar/2016:02:45:32 -0800] "GET /bootstrap/img/favicon.ico HTTP/1.0" 200 589 "-" "Mozilla/5.0 (Windows NT 6.1; WOW64; rv:44.0) Gecko/20100101 Firefox/44.0" 
95.82.45.149 - - [11/Mar/2016:02:55:35 -0800] "GET / HTTP/1.1" 200 8681 "-" "Mozilla/5.0 (Windows NT 10.0; WOW64; rv:44.0) Gecko/20100101 Firefox/44.0" 
95.82.45.149 - - [11/Mar/2016:02:55:35 -0800] "GET /bootstrap/img/favicon.ico HTTP/1.1" 200 589 "-" "Mozilla/5.0 (Windows NT 10.0; WOW64; rv:44.0) Gecko/20100101 Firefox/44.0" 
95.82.45.149 - - [11/Mar/2016:02:55:36 -0800] "GET /twitter-icon.png HTTP/1.1" 200 27787 "http://www.secrepo.com/" "Mozilla/5.0 (Windows NT 10.0; WOW64; rv:44.0) Gecko/20100101 Firefox/44.0" 
95.82.45.149 - - [11/Mar/2016:02:55:36 -0800] "GET /GitHub-Mark.png HTTP/1.1" 200 7428 "http://www.secrepo.com/" "Mozilla/5.0 (Windows NT 10.0; WOW64; rv:44.0) Gecko/20100101 Firefox/44.0" 
211.137.56.194 - - [11/Mar/2016:03:00:24 -0800] "GET /tg/a.zip HTTP/1.1" 304 132 "-" "Mozilla/5.0 Gecko/20100115 Firefox/3.6" 
158.109.79.213 - - [11/Mar/2016:03:30:05 -0800] "GET / HTTP/1.1" 200 8681 "-" "Mozilla/5.0 (Windows NT 6.1; WOW64; rv:44.0) Gecko/20100101 Firefox/44.0" 
158.109.79.213 - - [11/Mar/2016:03:30:05 -0800] "GET /twitter-icon.png HTTP/1.1" 200 27787 "http://www.secrepo.com/" "Mozilla/5.0 (Windows NT 6.1; WOW64; rv:44.0) Gecko/20100101 Firefox/44.0" 
158.109.79.213 - - [11/Mar/2016:03:30:05 -0800] "GET /GitHub-Mark.png HTTP/1.1" 200 7428 "http://www.secrepo.com/" "Mozilla/5.0 (Windows NT 6.1; WOW64; rv:44.0) Gecko/20100101 Firefox/44.0" 
211.137.56.172 - - [11/Mar/2016:03:31:20 -0800] "GET /tg/a.zip HTTP/1.1" 304 132 "-" "Mozilla/5.0 Gecko/20100115 Firefox/3.6" 
54.84.67.222 - - [11/Mar/2016:03:40:57 -0800] "GET /favicon.ico HTTP/1.1" 301 445 "-" "HTTP_Request2/2.2.1 (http://pear.php.net/package/http_request2) PHP/5.3.29" 
54.84.67.222 - - [11/Mar/2016:03:40:57 -0800] "GET /favicon.ico HTTP/1.1" 200 212 "-" "HTTP_Request2/2.2.1 (http://pear.php.net/package/http_request2) PHP/5.3.29" 
66.102.9.109 - - [11/Mar/2016:03:40:58 -0800] "GET / HTTP/1.1" 200 8681 "-" "Mozilla/5.0 (X11; Linux x86_64) AppleWebKit/537.36 (KHTML, like Gecko) Chrome/49.0.2623.75 Safari/537.36 Google Favicon" 
66.102.9.119 - - [11/Mar/2016:03:40:58 -0800] "GET /bootstrap/img/favicon.ico HTTP/1.1" 200 590 "-" "Mozilla/5.0 (X11; Linux x86_64) AppleWebKit/537.36 (KHTML, like Gecko) Chrome/49.0.2623.75 Safari/537.36 Google Favicon" 
72.37.140.45 - - [11/Mar/2016:03:41:02 -0800] "GET / HTTP/1.1" 301 483 "-" "Mozilla/5.0 (Windows NT 6.1; WOW64) AppleWebKit/537.36 (KHTML, like Gecko) Chrome/48.0.2564.116 Safari/537.36" 
72.37.140.45 - - [11/Mar/2016:03:41:03 -0800] "GET / HTTP/1.1" 200 8680 "-" "Mozilla/5.0 (Windows NT 6.1; WOW64) AppleWebKit/537.36 (KHTML, like Gecko) Chrome/48.0.2564.116 Safari/537.36" 
72.37.140.45 - - [11/Mar/2016:03:41:03 -0800] "GET /twitter-icon.png HTTP/1.1" 200 27787 "http://www.secrepo.com/" "Mozilla/5.0 (Windows NT 6.1; WOW64) AppleWebKit/537.36 (KHTML, like Gecko) Chrome/48.0.2564.116 Safari/537.36" 
72.37.140.45 - - [11/Mar/2016:03:41:03 -0800] "GET /GitHub-Mark.png HTTP/1.1" 200 7428 "http://www.secrepo.com/" "Mozilla/5.0 (Windows NT 6.1; WOW64) AppleWebKit/537.36 (KHTML, like Gecko) Chrome/48.0.2564.116 Safari/537.36" 
83.47.155.143 - - [11/Mar/2016:03:42:52 -0800] "GET / HTTP/1.1" 200 8681 "-" "Mozilla/5.0 (Macintosh; Intel Mac OS X 10_11_3) AppleWebKit/601.4.4 (KHTML, like Gecko) Version/9.0.3 Safari/601.4.4" 
83.47.155.143 - - [11/Mar/2016:03:42:52 -0800] "GET /twitter-icon.png HTTP/1.1" 200 27787 "http://www.secrepo.com/" "Mozilla/5.0 (Macintosh; Intel Mac OS X 10_11_3) AppleWebKit/601.4.4 (KHTML, like Gecko) Version/9.0.3 Safari/601.4.4" 
83.47.155.143 - - [11/Mar/2016:03:42:52 -0800] "GET /GitHub-Mark.png HTTP/1.1" 200 7428 "http://www.secrepo.com/" "Mozilla/5.0 (Macintosh; Intel Mac OS X 10_11_3) AppleWebKit/601.4.4 (KHTML, like Gecko) Version/9.0.3 Safari/601.4.4" 
83.47.155.143 - - [11/Mar/2016:03:42:53 -0800] "GET /bootstrap/img/favicon.ico HTTP/1.1" 200 590 "http://www.secrepo.com/" "Mozilla/5.0 (Macintosh; Intel Mac OS X 10_11_3) AppleWebKit/601.4.4 (KHTML, like Gecko) Version/9.0.3 Safari/601.4.4" 
68.180.231.44 - - [11/Mar/2016:03:43:56 -0800] "GET /self.logs/error.log.2015-11-10.gz HTTP/1.1" 200 572 "-" "Mozilla/5.0 (compatible; Yahoo! Slurp; http://help.yahoo.com/help/us/ysearch/slurp)" 
141.8.143.159 - - [11/Mar/2016:03:44:26 -0800] "GET /robots.txt HTTP/1.1" 200 288 "-" "Mozilla/5.0 (compatible; YandexBot/3.0; +http://yandex.com/bots)" 
158.109.79.254 - - [11/Mar/2016:03:44:26 -0800] "GET / HTTP/1.1" 200 8681 "-" "Mozilla/5.0 (X11; Linux x86_64) AppleWebKit/537.36 (KHTML, like Gecko) Chrome/47.0.2526.111 Safari/537.36" 
158.109.79.254 - - [11/Mar/2016:03:44:27 -0800] "GET /twitter-icon.png HTTP/1.1" 200 27787 "http://www.secrepo.com/" "Mozilla/5.0 (X11; Linux x86_64) AppleWebKit/537.36 (KHTML, like Gecko) Chrome/47.0.2526.111 Safari/537.36" 
158.109.79.254 - - [11/Mar/2016:03:44:27 -0800] "GET /GitHub-Mark.png HTTP/1.1" 200 7428 "http://www.secrepo.com/" "Mozilla/5.0 (X11; Linux x86_64) AppleWebKit/537.36 (KHTML, like Gecko) Chrome/47.0.2526.111 Safari/537.36" 
141.8.143.159 - - [11/Mar/2016:03:44:27 -0800] "GET /self.logs/ HTTP/1.1" 200 8843 "-" "Mozilla/5.0 (iPhone; CPU iPhone OS 8_1 like Mac OS X) AppleWebKit/600.1.4 (KHTML, like Gecko) Version/8.0 Mobile/12B411 Safari/600.1.4 (compatible; YandexMobileBot/3.0; +http://yandex.com/bots)" 
158.109.79.254 - - [11/Mar/2016:03:44:28 -0800] "GET /bootstrap/img/favicon.ico HTTP/1.1" 200 589 "http://www.secrepo.com/" "Mozilla/5.0 (X11; Linux x86_64) AppleWebKit/537.36 (KHTML, like Gecko) Chrome/47.0.2526.111 Safari/537.36" 
158.109.79.148 - - [11/Mar/2016:03:45:41 -0800] "GET / HTTP/1.1" 200 8681 "-" "Mozilla/5.0 (Macintosh; Intel Mac OS X 10.7; rv:44.0) Gecko/20100101 Firefox/44.0" 
158.109.79.148 - - [11/Mar/2016:03:45:42 -0800] "GET /bootstrap/img/favicon.ico HTTP/1.1" 200 589 "-" "Mozilla/5.0 (Macintosh; Intel Mac OS X 10.7; rv:44.0) Gecko/20100101 Firefox/44.0" 
158.109.79.148 - - [11/Mar/2016:03:45:42 -0800] "GET /twitter-icon.png HTTP/1.1" 200 27787 "http://www.secrepo.com/" "Mozilla/5.0 (Macintosh; Intel Mac OS X 10.7; rv:44.0) Gecko/20100101 Firefox/44.0" 
158.109.79.148 - - [11/Mar/2016:03:45:42 -0800] "GET /GitHub-Mark.png HTTP/1.1" 200 7428 "http://www.secrepo.com/" "Mozilla/5.0 (Macintosh; Intel Mac OS X 10.7; rv:44.0) Gecko/20100101 Firefox/44.0" 
158.109.79.145 - - [11/Mar/2016:03:46:11 -0800] "GET / HTTP/1.1" 200 8681 "-" "Mozilla/5.0 (X11; Linux x86_64) AppleWebKit/537.36 (KHTML, like Gecko) Chrome/49.0.2623.75 Safari/537.36" 
158.109.79.145 - - [11/Mar/2016:03:46:12 -0800] "GET /twitter-icon.png HTTP/1.1" 200 27787 "http://www.secrepo.com/" "Mozilla/5.0 (X11; Linux x86_64) AppleWebKit/537.36 (KHTML, like Gecko) Chrome/49.0.2623.75 Safari/537.36" 
158.109.79.145 - - [11/Mar/2016:03:46:12 -0800] "GET /GitHub-Mark.png HTTP/1.1" 200 7428 "http://www.secrepo.com/" "Mozilla/5.0 (X11; Linux x86_64) AppleWebKit/537.36 (KHTML, like Gecko) Chrome/49.0.2623.75 Safari/537.36" 
158.109.79.145 - - [11/Mar/2016:03:46:12 -0800] "GET /bootstrap/img/favicon.ico HTTP/1.1" 200 589 "http://www.secrepo.com/" "Mozilla/5.0 (X11; Linux x86_64) AppleWebKit/537.36 (KHTML, like Gecko) Chrome/49.0.2623.75 Safari/537.36" 
145.62.80.100 - - [11/Mar/2016:03:47:58 -0800] "GET / HTTP/1.1" 301 483 "-" "Mozilla/5.0 (Windows NT 6.1; WOW64; Trident/7.0; rv:11.0) like Gecko" 
199.19.249.196 - - [11/Mar/2016:03:47:58 -0800] "GET / HTTP/1.1" 301 498 "-" "Mozilla/5.0 (Windows NT 6.1; WOW64; Trident/7.0; rv:11.0) like Gecko" 
145.62.80.100 - - [11/Mar/2016:03:47:58 -0800] "GET / HTTP/1.1" 200 8681 "-" "Mozilla/5.0 (Windows NT 6.1; WOW64; Trident/7.0; rv:11.0) like Gecko" 
145.62.80.100 - - [11/Mar/2016:03:47:58 -0800] "GET /twitter-icon.png HTTP/1.1" 200 27787 "http://www.secrepo.com/" "Mozilla/5.0 (Windows NT 6.1; WOW64; Trident/7.0; rv:11.0) like Gecko" 
145.62.80.100 - - [11/Mar/2016:03:47:58 -0800] "GET /GitHub-Mark.png HTTP/1.1" 200 7428 "http://www.secrepo.com/" "Mozilla/5.0 (Windows NT 6.1; WOW64; Trident/7.0; rv:11.0) like Gecko" 
145.62.80.100 - - [11/Mar/2016:03:47:59 -0800] "GET /bootstrap/img/favicon.ico HTTP/1.1" 200 589 "-" "Mozilla/5.0 (Windows NT 6.1; Win64; x64; Trident/7.0; rv:11.0) like Gecko" 
158.109.79.151 - - [11/Mar/2016:03:49:32 -0800] "GET / HTTP/1.1" 200 8681 "-" "Mozilla/5.0 (X11; Ubuntu; Linux x86_64; rv:44.0) Gecko/20100101 Firefox/44.0" 
158.109.79.151 - - [11/Mar/2016:03:49:32 -0800] "GET /twitter-icon.png HTTP/1.1" 200 27787 "http://www.secrepo.com/" "Mozilla/5.0 (X11; Ubuntu; Linux x86_64; rv:44.0) Gecko/20100101 Firefox/44.0" 
158.109.79.151 - - [11/Mar/2016:03:49:33 -0800] "GET /GitHub-Mark.png HTTP/1.1" 200 7428 "http://www.secrepo.com/" "Mozilla/5.0 (X11; Ubuntu; Linux x86_64; rv:44.0) Gecko/20100101 Firefox/44.0" 
158.109.79.151 - - [11/Mar/2016:03:49:33 -0800] "GET /bootstrap/img/favicon.ico HTTP/1.1" 200 590 "-" "Mozilla/5.0 (X11; Ubuntu; Linux x86_64; rv:44.0) Gecko/20100101 Firefox/44.0" 
158.109.79.190 - - [11/Mar/2016:03:49:44 -0800] "GET / HTTP/1.1" 200 8681 "-" "Mozilla/5.0 (Windows NT 6.1; WOW64; rv:44.0) Gecko/20100101 Firefox/44.0" 
158.109.79.190 - - [11/Mar/2016:03:49:44 -0800] "GET /bootstrap/img/favicon.ico HTTP/1.1" 200 589 "-" "Mozilla/5.0 (Windows NT 6.1; WOW64; rv:44.0) Gecko/20100101 Firefox/44.0" 
158.109.79.190 - - [11/Mar/2016:03:49:45 -0800] "GET /GitHub-Mark.png HTTP/1.1" 200 7428 "http://www.secrepo.com/" "Mozilla/5.0 (Windows NT 6.1; WOW64; rv:44.0) Gecko/20100101 Firefox/44.0" 
158.109.79.190 - - [11/Mar/2016:03:49:45 -0800] "GET /twitter-icon.png HTTP/1.1" 200 27787 "http://www.secrepo.com/" "Mozilla/5.0 (Windows NT 6.1; WOW64; rv:44.0) Gecko/20100101 Firefox/44.0" 
150.70.173.56 - - [11/Mar/2016:03:52:03 -0800] "GET / HTTP/1.1" 200 28377 "-" "Mozilla/4.0 (compatible; MSIE 8.0; Windows NT 5.1; Trident/4.0)" 
208.115.113.94 - - [11/Mar/2016:03:52:30 -0800] "GET /robots.txt HTTP/1.1" 200 233 "-" "Mozilla/5.0 (compatible; DotBot/1.1; http://www.opensiteexplorer.org/dotbot, help@moz.com)" 
83.60.136.22 - - [11/Mar/2016:03:52:42 -0800] "GET / HTTP/1.1" 200 8681 "-" "Mozilla/5.0 (Windows NT 10.0) AppleWebKit/537.36 (KHTML, like Gecko) Chrome/42.0.2311.90 Safari/537.36" 
83.60.136.22 - - [11/Mar/2016:03:52:43 -0800] "GET /twitter-icon.png HTTP/1.1" 200 27787 "http://www.secrepo.com/" "Mozilla/5.0 (Windows NT 10.0) AppleWebKit/537.36 (KHTML, like Gecko) Chrome/42.0.2311.90 Safari/537.36" 
83.60.136.22 - - [11/Mar/2016:03:52:43 -0800] "GET /GitHub-Mark.png HTTP/1.1" 200 7428 "http://www.secrepo.com/" "Mozilla/5.0 (Windows NT 10.0) AppleWebKit/537.36 (KHTML, like Gecko) Chrome/42.0.2311.90 Safari/537.36" 
83.60.136.22 - - [11/Mar/2016:03:52:45 -0800] "GET /bootstrap/img/favicon.ico HTTP/1.1" 200 590 "http://www.secrepo.com/" "Mozilla/5.0 (Windows NT 10.0) AppleWebKit/537.36 (KHTML, like Gecko) Chrome/42.0.2311.90 Safari/537.36" 
173.38.209.12 - - [11/Mar/2016:03:55:05 -0800] "GET / HTTP/1.1" 200 8681 "http://www.mlsecproject.org/" "Mozilla/5.0 (Macintosh; Intel Mac OS X 10.11; rv:44.0) Gecko/20100101 Firefox/44.0" 
173.38.209.12 - - [11/Mar/2016:03:55:05 -0800] "GET /bootstrap/img/favicon.ico HTTP/1.1" 200 589 "-" "Mozilla/5.0 (Macintosh; Intel Mac OS X 10.11; rv:44.0) Gecko/20100101 Firefox/44.0" 
173.38.209.12 - - [11/Mar/2016:03:55:05 -0800] "GET /twitter-icon.png HTTP/1.1" 200 27787 "http://www.secrepo.com/" "Mozilla/5.0 (Macintosh; Intel Mac OS X 10.11; rv:44.0) Gecko/20100101 Firefox/44.0" 
173.38.209.12 - - [11/Mar/2016:03:55:06 -0800] "GET /GitHub-Mark.png HTTP/1.1" 200 7428 "http://www.secrepo.com/" "Mozilla/5.0 (Macintosh; Intel Mac OS X 10.11; rv:44.0) Gecko/20100101 Firefox/44.0" 
173.38.209.12 - - [11/Mar/2016:03:55:38 -0800] "GET /favicon.ico HTTP/1.1" 200 268 "-" "Mozilla/5.0 (Macintosh; Intel Mac OS X 10.11; rv:44.0) Gecko/20100101 Firefox/44.0" 
173.38.209.12 - - [11/Mar/2016:03:55:25 -0800] "GET /maccdc2012/http.log.gz HTTP/1.1" 200 15453402 "http://www.secrepo.com/" "Mozilla/5.0 (Macintosh; Intel Mac OS X 10.11; rv:44.0) Gecko/20100101 Firefox/44.0" 
211.137.56.201 - - [11/Mar/2016:03:59:48 -0800] "GET /tg/a.zip HTTP/1.1" 304 132 "-" "Mozilla/5.0 Gecko/20100115 Firefox/3.6" 
111.7.128.40 - - [11/Mar/2016:03:59:56 -0800] "GET /tg/a.zip HTTP/1.1" 304 132 "-" "Mozilla/5.0 Gecko/20100115 Firefox/3.6" 
141.8.143.159 - - [11/Mar/2016:04:03:13 -0800] "GET /robots.txt HTTP/1.1" 301 518 "-" "Mozilla/5.0 (compatible; YandexBot/3.0; +http://yandex.com/bots)" 
141.8.143.219 - - [11/Mar/2016:04:03:13 -0800] "GET / HTTP/1.1" 200 8681 "-" "Mozilla/5.0 (compatible; YandexBot/3.0; +http://yandex.com/bots)" 
141.8.143.219 - - [11/Mar/2016:04:03:17 -0800] "GET / HTTP/1.1" 301 483 "-" "Mozilla/5.0 (compatible; YandexBot/3.0; +http://yandex.com/bots)" 
141.8.143.159 - - [11/Mar/2016:04:03:17 -0800] "GET / HTTP/1.1" 200 8681 "-" "Mozilla/5.0 (compatible; YandexBot/3.0; +http://yandex.com/bots)" 
68.180.231.44 - - [11/Mar/2016:04:05:02 -0800] "GET /squid/access.log.gz HTTP/1.1" 200 681018 "-" "Mozilla/5.0 (compatible; Yahoo! Slurp; http://help.yahoo.com/help/us/ysearch/slurp)" 
83.41.130.76 - - [11/Mar/2016:04:17:19 -0800] "GET / HTTP/1.1" 200 8681 "-" "Mozilla/5.0 (Macintosh; Intel Mac OS X 10.10; rv:45.0) Gecko/20100101 Firefox/45.0" 
83.41.130.76 - - [11/Mar/2016:04:17:19 -0800] "GET /bootstrap/img/favicon.ico HTTP/1.1" 200 589 "-" "Mozilla/5.0 (Macintosh; Intel Mac OS X 10.10; rv:45.0) Gecko/20100101 Firefox/45.0" 
83.41.130.76 - - [11/Mar/2016:04:17:19 -0800] "GET /GitHub-Mark.png HTTP/1.1" 200 7428 "http://www.secrepo.com/" "Mozilla/5.0 (Macintosh; Intel Mac OS X 10.10; rv:45.0) Gecko/20100101 Firefox/45.0" 
83.41.130.76 - - [11/Mar/2016:04:17:19 -0800] "GET /twitter-icon.png HTTP/1.1" 200 27787 "http://www.secrepo.com/" "Mozilla/5.0 (Macintosh; Intel Mac OS X 10.10; rv:45.0) Gecko/20100101 Firefox/45.0" 
218.200.66.203 - - [11/Mar/2016:04:29:59 -0800] "GET /tg/a.zip HTTP/1.1" 304 132 "-" "Mozilla/5.0 Gecko/20100115 Firefox/3.6" 
158.109.94.33 - - [11/Mar/2016:04:48:23 -0800] "GET / HTTP/1.1" 200 8681 "-" "Mozilla/5.0 (Linux; Android 6.0.1; Nexus 5 Build/MMB29Q) AppleWebKit/537.36 (KHTML, like Gecko) Chrome/49.0.2623.91 Mobile Safari/537.36" 
158.109.94.33 - - [11/Mar/2016:04:48:23 -0800] "GET /twitter-icon.png HTTP/1.1" 200 27787 "http://www.secrepo.com/" "Mozilla/5.0 (Linux; Android 6.0.1; Nexus 5 Build/MMB29Q) AppleWebKit/537.36 (KHTML, like Gecko) Chrome/49.0.2623.91 Mobile Safari/537.36" 
158.109.94.33 - - [11/Mar/2016:04:48:23 -0800] "GET /GitHub-Mark.png HTTP/1.1" 200 7428 "http://www.secrepo.com/" "Mozilla/5.0 (Linux; Android 6.0.1; Nexus 5 Build/MMB29Q) AppleWebKit/537.36 (KHTML, like Gecko) Chrome/49.0.2623.91 Mobile Safari/537.36" 
158.109.94.33 - - [11/Mar/2016:04:48:24 -0800] "GET /bootstrap/img/favicon.ico HTTP/1.1" 200 589 "http://www.secrepo.com/" "Mozilla/5.0 (Linux; Android 6.0.1; Nexus 5 Build/MMB29Q) AppleWebKit/537.36 (KHTML, like Gecko) Chrome/49.0.2623.91 Mobile Safari/537.36" 
158.109.79.251 - - [11/Mar/2016:04:51:00 -0800] "GET / HTTP/1.1" 200 8681 "-" "Mozilla/5.0 (Windows NT 6.1; WOW64; rv:44.0) Gecko/20100101 Firefox/44.0" 
158.109.79.251 - - [11/Mar/2016:04:51:01 -0800] "GET /twitter-icon.png HTTP/1.1" 200 27787 "http://www.secrepo.com/" "Mozilla/5.0 (Windows NT 6.1; WOW64; rv:44.0) Gecko/20100101 Firefox/44.0" 
158.109.79.251 - - [11/Mar/2016:04:51:01 -0800] "GET /bootstrap/img/favicon.ico HTTP/1.1" 200 590 "-" "Mozilla/5.0 (Windows NT 6.1; WOW64; rv:44.0) Gecko/20100101 Firefox/44.0" 
158.109.79.251 - - [11/Mar/2016:04:51:01 -0800] "GET /GitHub-Mark.png HTTP/1.1" 200 7428 "http://www.secrepo.com/" "Mozilla/5.0 (Windows NT 6.1; WOW64; rv:44.0) Gecko/20100101 Firefox/44.0" 
111.23.10.33 - - [11/Mar/2016:04:51:40 -0800] "GET /tg/a.zip HTTP/1.1" 304 132 "-" "Mozilla/5.0 Gecko/20100115 Firefox/3.6" 
150.70.188.171 - - [11/Mar/2016:04:52:07 -0800] "GET / HTTP/1.1" 200 28377 "-" "Mozilla/4.0 (compatible; MSIE 8.0; Windows NT 5.1; Trident/4.0)" 
92.97.228.160 - - [11/Mar/2016:04:52:57 -0800] "GET / HTTP/1.1" 304 189 "-" "Mozilla/5.0 (X11; Linux i686) AppleWebKit/537.36 (KHTML, like Gecko) Ubuntu Chromium/48.0.2564.116 Chrome/48.0.2564.116 Safari/537.36" 
208.115.113.94 - - [11/Mar/2016:04:58:05 -0800] "GET /self.logs/?C=S;O=D HTTP/1.1" 200 80258 "-" "Mozilla/5.0 (compatible; DotBot/1.1; http://www.opensiteexplorer.org/dotbot, help@moz.com)" 
68.180.231.44 - - [11/Mar/2016:05:00:16 -0800] "GET /self.logs/error.log.2015-04-14.gz HTTP/1.1" 200 1646 "-" "Mozilla/5.0 (compatible; Yahoo! Slurp; http://help.yahoo.com/help/us/ysearch/slurp)" 
64.233.172.248 - - [11/Mar/2016:05:08:56 -0800] "GET / HTTP/1.1" 200 8681 "https://www.google.co.in/" "Mozilla/5.0 (Linux; Android 4.2.1; en-us; Nexus 5 Build/JOP40D) AppleWebKit/535.19 (KHTML, like Gecko; googleweblight) Chrome/38.0.1025.166 Mobile Safari/535.19" 
64.233.172.245 - - [11/Mar/2016:05:08:56 -0800] "GET /GitHub-Mark.png HTTP/1.1" 200 7428 "http://www.secrepo.com/" "Mozilla/5.0 (Linux; Android 4.2.1; en-us; Nexus 5 Build/JOP40D) AppleWebKit/535.19 (KHTML, like Gecko; googleweblight) Chrome/38.0.1025.166 Mobile Safari/535.19" 
64.233.172.245 - - [11/Mar/2016:05:08:56 -0800] "GET /twitter-icon.png HTTP/1.1" 200 27787 "http://www.secrepo.com/" "Mozilla/5.0 (Linux; Android 4.2.1; en-us; Nexus 5 Build/JOP40D) AppleWebKit/535.19 (KHTML, like Gecko; googleweblight) Chrome/38.0.1025.166 Mobile Safari/535.19" 
77.75.76.169 - - [11/Mar/2016:05:09:31 -0800] "GET /self.logs/error.log.2015-02-16.gz HTTP/1.1" 200 7453 "-" "Mozilla/5.0 (compatible; SeznamBot/3.2; +http://fulltext.sblog.cz/)" 
117.190.191.170 - - [11/Mar/2016:05:23:00 -0800] "GET /tg/a.zip HTTP/1.1" 304 132 "-" "Mozilla/5.0 Gecko/20100115 Firefox/3.6" 
180.76.15.155 - - [11/Mar/2016:05:26:01 -0800] "GET / HTTP/1.1" 200 21900 "-" "Mozilla/5.0 (compatible; Baiduspider/2.0; +http://www.baidu.com/search/spider.html)" 
180.76.15.34 - - [11/Mar/2016:05:26:32 -0800] "GET / HTTP/1.1" 200 21900 "-" "Mozilla/5.0 (compatible; Baiduspider/2.0; +http://www.baidu.com/search/spider.html)" 
176.4.64.110 - - [11/Mar/2016:05:26:37 -0800] "GET /honeypot/Honeypot%20-%20Howto.pdf HTTP/1.1" 200 34000 "https://www.google.de/" "Mozilla/5.0 (Linux; Android 5.1; Elite 4 Build/LMY47D) AppleWebKit/537.36 (KHTML, like Gecko) Chrome/43.0.2357.93 Mobile Safari/537.36" 
176.4.64.110 - - [11/Mar/2016:05:26:42 -0800] "GET /honeypot/Honeypot%20-%20Howto.pdf HTTP/1.1" 200 1279381 "https://www.google.de/" "Mozilla/5.0 (Linux; Android 5.1; Elite 4 Build/LMY47D) AppleWebKit/537.36 (KHTML, like Gecko) Chrome/43.0.2357.93 Mobile Safari/537.36" 
176.4.64.110 - - [11/Mar/2016:05:35:06 -0800] "GET /honeypot/Honeypot%20-%20Howto.pdf HTTP/1.1" 200 43520 "https://www.google.de/" "Mozilla/5.0 (Linux; Android 5.1; Elite 4 Build/LMY47D) AppleWebKit/537.36 (KHTML, like Gecko) Chrome/43.0.2357.93 Mobile Safari/537.36" 
176.4.64.110 - - [11/Mar/2016:05:35:09 -0800] "GET /honeypot/Honeypot%20-%20Howto.pdf HTTP/1.1" 200 17680 "https://www.google.de/" "Mozilla/5.0 (Linux; Android 5.1; Elite 4 Build/LMY47D) AppleWebKit/537.36 (KHTML, like Gecko) Chrome/43.0.2357.93 Mobile Safari/537.36" 
176.4.64.110 - - [11/Mar/2016:05:35:24 -0800] "GET /honeypot/Honeypot%20-%20Howto.pdf HTTP/1.1" 200 62560 "https://www.google.de/" "Mozilla/5.0 (Linux; Android 5.1; Elite 4 Build/LMY47D) AppleWebKit/537.36 (KHTML, like Gecko) Chrome/43.0.2357.93 Mobile Safari/537.36" 
176.4.64.110 - - [11/Mar/2016:05:35:54 -0800] "GET /honeypot/Honeypot%20-%20Howto.pdf HTTP/1.1" 200 57120 "https://www.google.de/" "Mozilla/5.0 (Linux; Android 5.1; Elite 4 Build/LMY47D) AppleWebKit/537.36 (KHTML, like Gecko) Chrome/43.0.2357.93 Mobile Safari/537.36" 
176.4.64.110 - - [11/Mar/2016:05:38:58 -0800] "GET /honeypot/Honeypot%20-%20Howto.pdf HTTP/1.1" 200 42160 "https://www.google.de/" "Mozilla/5.0 (Linux; Android 5.1; Elite 4 Build/LMY47D) AppleWebKit/537.36 (KHTML, like Gecko) Chrome/43.0.2357.93 Mobile Safari/537.36" 
176.4.64.110 - - [11/Mar/2016:05:38:40 -0800] "GET /honeypot/Honeypot%20-%20Howto.pdf HTTP/1.1" 200 38080 "https://www.google.de/" "Mozilla/5.0 (Linux; Android 5.1; Elite 4 Build/LMY47D) AppleWebKit/537.36 (KHTML, like Gecko) Chrome/43.0.2357.93 Mobile Safari/537.36" 
176.4.64.110 - - [11/Mar/2016:05:39:16 -0800] "GET /honeypot/Honeypot%20-%20Howto.pdf HTTP/1.1" 200 17680 "https://www.google.de/" "Mozilla/5.0 (Linux; Android 5.1; Elite 4 Build/LMY47D) AppleWebKit/537.36 (KHTML, like Gecko) Chrome/43.0.2357.93 Mobile Safari/537.36" 
111.23.4.148 - - [11/Mar/2016:05:43:50 -0800] "GET /tg/a.zip HTTP/1.1" 304 132 "-" "Mozilla/5.0 Gecko/20100115 Firefox/3.6" 
46.218.101.203 - - [11/Mar/2016:05:45:16 -0800] "GET /bootstrap/img/favicon.ico HTTP/1.1" 200 590 "-" "Mozilla/5.0 (X11; Linux x86_64; rv:45.0) Gecko/20100101 Firefox/45.0" 
176.4.64.110 - - [11/Mar/2016:05:39:09 -0800] "GET /honeypot/Honeypot%20-%20Howto.pdf HTTP/1.1" 200 1279381 "https://www.google.de/" "Mozilla/5.0 (Linux; Android 5.1; Elite 4 Build/LMY47D) AppleWebKit/537.36 (KHTML, like Gecko) Chrome/43.0.2357.93 Mobile Safari/537.36" 
46.218.101.203 - - [11/Mar/2016:05:45:55 -0800] "GET / HTTP/1.1" 200 8681 "http://www.mlsecproject.org/" "Mozilla/5.0 (X11; Linux x86_64; rv:45.0) Gecko/20100101 Firefox/45.0" 
46.218.101.203 - - [11/Mar/2016:05:46:09 -0800] "GET /twitter-icon.png HTTP/1.1" 200 27788 "http://www.secrepo.com/" "Mozilla/5.0 (X11; Linux x86_64; rv:45.0) Gecko/20100101 Firefox/45.0" 
46.218.101.203 - - [11/Mar/2016:05:46:11 -0800] "GET /GitHub-Mark.png HTTP/1.1" 200 7427 "http://www.secrepo.com/" "Mozilla/5.0 (X11; Linux x86_64; rv:45.0) Gecko/20100101 Firefox/45.0" 
46.218.101.203 - - [11/Mar/2016:05:47:06 -0800] "GET /bootstrap/img/favicon.ico HTTP/1.1" 200 590 "-" "Mozilla/5.0 (X11; Linux x86_64; rv:45.0) Gecko/20100101 Firefox/45.0" 
138.231.64.130 - - [11/Mar/2016:05:50:43 -0800] "GET / HTTP/1.1" 200 8681 "https://www.google.fr" "Mozilla/5.0 (X11; Ubuntu; Linux x86_64; rv:44.0) Gecko/20100101 Firefox/44.0" 
138.231.64.130 - - [11/Mar/2016:05:50:43 -0800] "GET /twitter-icon.png HTTP/1.1" 200 27787 "http://www.secrepo.com/" "Mozilla/5.0 (X11; Ubuntu; Linux x86_64; rv:44.0) Gecko/20100101 Firefox/44.0" 
138.231.64.130 - - [11/Mar/2016:05:50:44 -0800] "GET /GitHub-Mark.png HTTP/1.1" 200 7428 "http://www.secrepo.com/" "Mozilla/5.0 (X11; Ubuntu; Linux x86_64; rv:44.0) Gecko/20100101 Firefox/44.0" 
138.231.64.130 - - [11/Mar/2016:05:50:44 -0800] "GET /bootstrap/img/favicon.ico HTTP/1.1" 200 590 "-" "Mozilla/5.0 (X11; Ubuntu; Linux x86_64; rv:44.0) Gecko/20100101 Firefox/44.0" 
138.231.176.8 - - [11/Mar/2016:05:51:22 -0800] "GET / HTTP/1.0" 200 8644 "-" "Mozilla/5.0 (X11; Linux x86_64; rv:44.0) Gecko/20100101 Firefox/44.0" 
138.231.176.8 - - [11/Mar/2016:05:51:24 -0800] "GET /bootstrap/img/favicon.ico HTTP/1.0" 200 553 "-" "Mozilla/5.0 (X11; Linux x86_64; rv:44.0) Gecko/20100101 Firefox/44.0" 
138.231.176.8 - - [11/Mar/2016:05:51:27 -0800] "GET /GitHub-Mark.png HTTP/1.0" 200 7391 "http://www.secrepo.com/" "Mozilla/5.0 (X11; Linux x86_64; rv:44.0) Gecko/20100101 Firefox/44.0" 
138.231.176.8 - - [11/Mar/2016:05:51:27 -0800] "GET /twitter-icon.png HTTP/1.0" 200 27751 "http://www.secrepo.com/" "Mozilla/5.0 (X11; Linux x86_64; rv:44.0) Gecko/20100101 Firefox/44.0" 
138.231.176.8 - - [11/Mar/2016:05:56:10 -0800] "GET /favicon.ico HTTP/1.0" 200 231 "-" "Mozilla/5.0 (X11; Linux x86_64; rv:44.0) Gecko/20100101 Firefox/44.0" 
211.137.56.194 - - [11/Mar/2016:06:00:27 -0800] "GET /tg/a.zip HTTP/1.1" 304 132 "-" "Mozilla/5.0 Gecko/20100115 Firefox/3.6" 
95.23.159.188 - - [11/Mar/2016:06:11:04 -0800] "GET / HTTP/1.1" 200 8681 "-" "Mozilla/5.0 (X11; Ubuntu; Linux x86_64; rv:45.0) Gecko/20100101 Firefox/45.0" 
95.23.159.188 - - [11/Mar/2016:06:11:04 -0800] "GET /bootstrap/img/favicon.ico HTTP/1.1" 200 589 "-" "Mozilla/5.0 (X11; Ubuntu; Linux x86_64; rv:45.0) Gecko/20100101 Firefox/45.0" 
95.23.159.188 - - [11/Mar/2016:06:11:04 -0800] "GET /twitter-icon.png HTTP/1.1" 200 27787 "http://www.secrepo.com/" "Mozilla/5.0 (X11; Ubuntu; Linux x86_64; rv:45.0) Gecko/20100101 Firefox/45.0" 
95.23.159.188 - - [11/Mar/2016:06:11:04 -0800] "GET /GitHub-Mark.png HTTP/1.1" 200 7428 "http://www.secrepo.com/" "Mozilla/5.0 (X11; Ubuntu; Linux x86_64; rv:45.0) Gecko/20100101 Firefox/45.0" 
122.167.98.129 - - [11/Mar/2016:06:11:19 -0800] "GET / HTTP/1.1" 200 8681 "-" "Mozilla/5.0 (Macintosh; Intel Mac OS X 10_11_3) AppleWebKit/601.4.4 (KHTML, like Gecko)" 
122.167.98.129 - - [11/Mar/2016:06:11:19 -0800] "GET /apple-touch-icon-precomposed.png HTTP/1.1" 404 340 "-" "Safari/11601.4.4 CFNetwork/760.2.6 Darwin/15.3.0 (x86_64)" 
122.167.98.129 - - [11/Mar/2016:06:11:20 -0800] "GET /apple-touch-icon.png HTTP/1.1" 404 339 "-" "Safari/11601.4.4 CFNetwork/760.2.6 Darwin/15.3.0 (x86_64)" 
122.167.98.129 - - [11/Mar/2016:06:11:20 -0800] "GET /apple-touch-icon-precomposed.png HTTP/1.1" 404 339 "-" "Safari/11601.4.4 CFNetwork/760.2.6 Darwin/15.3.0 (x86_64)" 
122.167.98.129 - - [11/Mar/2016:06:11:20 -0800] "GET /apple-touch-icon.png HTTP/1.1" 404 339 "-" "Safari/11601.4.4 CFNetwork/760.2.6 Darwin/15.3.0 (x86_64)" 
84.212.92.39 - - [11/Mar/2016:06:13:47 -0800] "GET / HTTP/1.1" 200 8681 "http://www.mlsecproject.org/" "Mozilla/5.0 (Windows NT 10.0; WOW64) AppleWebKit/537.36 (KHTML, like Gecko) Chrome/48.0.2564.116 Safari/537.36" 
84.212.92.39 - - [11/Mar/2016:06:13:47 -0800] "GET /twitter-icon.png HTTP/1.1" 200 27787 "http://www.secrepo.com/" "Mozilla/5.0 (Windows NT 10.0; WOW64) AppleWebKit/537.36 (KHTML, like Gecko) Chrome/48.0.2564.116 Safari/537.36" 
84.212.92.39 - - [11/Mar/2016:06:13:47 -0800] "GET /GitHub-Mark.png HTTP/1.1" 200 7428 "http://www.secrepo.com/" "Mozilla/5.0 (Windows NT 10.0; WOW64) AppleWebKit/537.36 (KHTML, like Gecko) Chrome/48.0.2564.116 Safari/537.36" 
84.212.92.39 - - [11/Mar/2016:06:13:47 -0800] "GET /bootstrap/img/favicon.ico HTTP/1.1" 200 589 "http://www.secrepo.com/" "Mozilla/5.0 (Windows NT 10.0; WOW64) AppleWebKit/537.36 (KHTML, like Gecko) Chrome/48.0.2564.116 Safari/537.36" 
146.120.158.125 - - [11/Mar/2016:06:15:13 -0800] "GET / HTTP/1.1" 200 28433 "-" "Mozilla/5.0 (X11; Linux ppc; rv:5.0) Gecko/20100101 Firefox/5.0" 
95.47.138.154 - - [11/Mar/2016:06:15:13 -0800] "GET / HTTP/1.1" 200 28433 "-" "Mozilla/5.0 (X11; Linux x86_64; rv:2.2a1pre) Gecko/20110324 Firefox/4.2a1pre" 
207.46.13.85 - - [11/Mar/2016:06:21:10 -0800] "GET / HTTP/1.1" 200 8681 "-" "Mozilla/5.0 (compatible; bingbot/2.0; +http://www.bing.com/bingbot.htm)" 
68.180.231.44 - - [11/Mar/2016:06:21:57 -0800] "GET /self.logs/access.log.2015-12-29.gz HTTP/1.1" 200 6618 "-" "Mozilla/5.0 (compatible; Yahoo! Slurp; http://help.yahoo.com/help/us/ysearch/slurp)" 
176.252.243.55 - - [11/Mar/2016:06:22:50 -0800] "GET /honeypot/Honeypot%20-%20Howto.pdf HTTP/1.1" 206 34291 "https://www.google.co.uk" "Mozilla/5.0 (Windows NT 10.0; WOW64; rv:44.0) Gecko/20100101 Firefox/44.0" 
176.252.243.55 - - [11/Mar/2016:06:22:50 -0800] "GET /honeypot/Honeypot%20-%20Howto.pdf HTTP/1.1" 200 1279418 "https://www.google.co.uk" "Mozilla/5.0 (Windows NT 10.0; WOW64; rv:44.0) Gecko/20100101 Firefox/44.0" 
176.252.243.55 - - [11/Mar/2016:06:22:51 -0800] "GET /honeypot/Honeypot%20-%20Howto.pdf HTTP/1.1" 206 65872 "https://www.google.co.uk" "Mozilla/5.0 (Windows NT 10.0; WOW64; rv:44.0) Gecko/20100101 Firefox/44.0" 
176.252.243.55 - - [11/Mar/2016:06:22:51 -0800] "GET /honeypot/Honeypot%20-%20Howto.pdf HTTP/1.1" 206 65875 "https://www.google.co.uk" "Mozilla/5.0 (Windows NT 10.0; WOW64; rv:44.0) Gecko/20100101 Firefox/44.0" 
176.252.243.55 - - [11/Mar/2016:06:22:52 -0800] "GET /favicon.ico HTTP/1.1" 200 267 "-" "Mozilla/5.0 (Windows NT 10.0; WOW64; rv:44.0) Gecko/20100101 Firefox/44.0" 
68.180.231.44 - - [11/Mar/2016:06:24:07 -0800] "GET /self.logs/access.log.2015-05-02.gz HTTP/1.1" 200 4107 "-" "Mozilla/5.0 (compatible; Yahoo! Slurp; http://help.yahoo.com/help/us/ysearch/slurp)" 
211.137.56.172 - - [11/Mar/2016:06:31:25 -0800] "GET /tg/a.zip HTTP/1.1" 304 132 "-" "Mozilla/5.0 Gecko/20100115 Firefox/3.6" 
185.39.43.10 - - [11/Mar/2016:06:38:40 -0800] "GET / HTTP/1.1" 200 8681 "-" "Mozilla/5.0 (iPhone; CPU iPhone OS 9_2_1 like Mac OS X) AppleWebKit/601.1.46 (KHTML, like Gecko) Version/9.0 Mobile/13D15 Safari/601.1" 
185.39.43.10 - - [11/Mar/2016:06:38:41 -0800] "GET /twitter-icon.png HTTP/1.1" 200 27787 "http://www.secrepo.com/" "Mozilla/5.0 (iPhone; CPU iPhone OS 9_2_1 like Mac OS X) AppleWebKit/601.1.46 (KHTML, like Gecko) Version/9.0 Mobile/13D15 Safari/601.1" 
185.39.43.10 - - [11/Mar/2016:06:38:42 -0800] "GET /GitHub-Mark.png HTTP/1.1" 200 7428 "http://www.secrepo.com/" "Mozilla/5.0 (iPhone; CPU iPhone OS 9_2_1 like Mac OS X) AppleWebKit/601.1.46 (KHTML, like Gecko) Version/9.0 Mobile/13D15 Safari/601.1" 
111.7.128.40 - - [11/Mar/2016:06:59:58 -0800] "GET /tg/a.zip HTTP/1.1" 304 132 "-" "Mozilla/5.0 Gecko/20100115 Firefox/3.6" 
211.137.56.201 - - [11/Mar/2016:07:00:01 -0800] "GET /tg/a.zip HTTP/1.1" 304 132 "-" "Mozilla/5.0 Gecko/20100115 Firefox/3.6" 
164.132.161.79 - - [11/Mar/2016:07:05:00 -0800] "GET /self.logs/access.log.2015-12-14.gz HTTP/1.1" 200 6547 "-" "Mozilla/5.0 (compatible; AhrefsBot/5.0; +http://ahrefs.com/robot/)" 
8.28.16.254 - - [11/Mar/2016:07:21:55 -0800] "GET / HTTP/1.1" 200 28433 "-" "Mozilla/5.0 (Macintosh; Intel Mac OS X 10_11_3) AppleWebKit/537.36 (KHTML, like Gecko) Chrome/48.0.2564.116 Safari/537.36" 
208.92.228.62 - - [11/Mar/2016:07:21:55 -0800] "GET / HTTP/1.1" 200 8681 "https://www.google.com/" "Mozilla/5.0 (Macintosh; Intel Mac OS X 10_11_3) AppleWebKit/537.36 (KHTML, like Gecko) Chrome/48.0.2564.116 Safari/537.36" 
199.91.135.163 - - [11/Mar/2016:07:21:55 -0800] "GET / HTTP/1.1" 200 28433 "-" "Mozilla/5.0 (Macintosh; Intel Mac OS X 10_11_3) AppleWebKit/537.36 (KHTML, like Gecko) Chrome/48.0.2564.116 Safari/537.36" 
208.92.228.62 - - [11/Mar/2016:07:21:55 -0800] "GET /twitter-icon.png HTTP/1.1" 200 27787 "http://www.secrepo.com/" "Mozilla/5.0 (Macintosh; Intel Mac OS X 10_11_3) AppleWebKit/537.36 (KHTML, like Gecko) Chrome/48.0.2564.116 Safari/537.36" 
208.92.228.62 - - [11/Mar/2016:07:21:55 -0800] "GET /GitHub-Mark.png HTTP/1.1" 200 7428 "http://www.secrepo.com/" "Mozilla/5.0 (Macintosh; Intel Mac OS X 10_11_3) AppleWebKit/537.36 (KHTML, like Gecko) Chrome/48.0.2564.116 Safari/537.36" 
208.92.228.62 - - [11/Mar/2016:07:21:56 -0800] "GET /bootstrap/img/favicon.ico HTTP/1.1" 200 589 "http://www.secrepo.com/" "Mozilla/5.0 (Macintosh; Intel Mac OS X 10_11_3) AppleWebKit/537.36 (KHTML, like Gecko) Chrome/48.0.2564.116 Safari/537.36" 
218.200.66.203 - - [11/Mar/2016:07:30:05 -0800] "GET /tg/a.zip HTTP/1.1" 304 132 "-" "Mozilla/5.0 Gecko/20100115 Firefox/3.6" 
68.180.231.44 - - [11/Mar/2016:07:42:30 -0800] "GET /self.logs/error.log.2015-12-25.gz HTTP/1.1" 200 560 "-" "Mozilla/5.0 (compatible; Yahoo! Slurp; http://help.yahoo.com/help/us/ysearch/slurp)" 
52.1.47.227 - - [11/Mar/2016:07:45:57 -0800] "GET / HTTP/1.1" 200 8681 "https://www.google.com/" "Mozilla/5.0 (Windows NT 10.0; WOW64) AppleWebKit/537.36 (KHTML, like Gecko) Chrome/48.0.2564.116 Safari/537.36" 
52.1.47.227 - - [11/Mar/2016:07:45:57 -0800] "GET /twitter-icon.png HTTP/1.1" 200 27787 "http://www.secrepo.com/" "Mozilla/5.0 (Windows NT 10.0; WOW64) AppleWebKit/537.36 (KHTML, like Gecko) Chrome/48.0.2564.116 Safari/537.36" 
52.1.47.227 - - [11/Mar/2016:07:45:57 -0800] "GET /GitHub-Mark.png HTTP/1.1" 200 7428 "http://www.secrepo.com/" "Mozilla/5.0 (Windows NT 10.0; WOW64) AppleWebKit/537.36 (KHTML, like Gecko) Chrome/48.0.2564.116 Safari/537.36" 
52.1.47.227 - - [11/Mar/2016:07:45:58 -0800] "GET /bootstrap/img/favicon.ico HTTP/1.1" 200 589 "http://www.secrepo.com/" "Mozilla/5.0 (Windows NT 10.0; WOW64) AppleWebKit/537.36 (KHTML, like Gecko) Chrome/48.0.2564.116 Safari/537.36" 
158.109.79.139 - - [11/Mar/2016:07:48:39 -0800] "GET / HTTP/1.1" 200 8681 "-" "Mozilla/5.0 (X11; Linux x86_64; rv:44.0) Gecko/20100101 Firefox/44.0 Iceweasel/44.0.2" 
158.109.79.139 - - [11/Mar/2016:07:48:40 -0800] "GET /twitter-icon.png HTTP/1.1" 200 27787 "http://www.secrepo.com/" "Mozilla/5.0 (X11; Linux x86_64; rv:44.0) Gecko/20100101 Firefox/44.0 Iceweasel/44.0.2" 
158.109.79.139 - - [11/Mar/2016:07:48:40 -0800] "GET /GitHub-Mark.png HTTP/1.1" 200 7428 "http://www.secrepo.com/" "Mozilla/5.0 (X11; Linux x86_64; rv:44.0) Gecko/20100101 Firefox/44.0 Iceweasel/44.0.2" 
158.109.79.139 - - [11/Mar/2016:07:48:40 -0800] "GET /bootstrap/img/favicon.ico HTTP/1.1" 200 589 "-" "Mozilla/5.0 (X11; Linux x86_64; rv:44.0) Gecko/20100101 Firefox/44.0 Iceweasel/44.0.2" 
207.242.201.4 - - [11/Mar/2016:07:48:41 -0800] "GET / HTTP/1.1" 200 8681 "-" "Mozilla/5.0 (Windows NT 6.1; WOW64) AppleWebKit/537.36 (KHTML, like Gecko) Chrome/44.0.2403.125 Safari/537.36" 
207.242.201.4 - - [11/Mar/2016:07:48:41 -0800] "GET /twitter-icon.png HTTP/1.1" 200 27787 "http://www.secrepo.com/" "Mozilla/5.0 (Windows NT 6.1; WOW64) AppleWebKit/537.36 (KHTML, like Gecko) Chrome/44.0.2403.125 Safari/537.36" 
207.242.201.4 - - [11/Mar/2016:07:48:41 -0800] "GET /GitHub-Mark.png HTTP/1.1" 200 7428 "http://www.secrepo.com/" "Mozilla/5.0 (Windows NT 6.1; WOW64) AppleWebKit/537.36 (KHTML, like Gecko) Chrome/44.0.2403.125 Safari/537.36" 
207.242.201.4 - - [11/Mar/2016:07:48:41 -0800] "GET /bootstrap/img/favicon.ico HTTP/1.1" 200 589 "http://www.secrepo.com/" "Mozilla/5.0 (Windows NT 6.1; WOW64) AppleWebKit/537.36 (KHTML, like Gecko) Chrome/44.0.2403.125 Safari/537.36" 
207.242.201.4 - - [11/Mar/2016:07:48:56 -0800] "GET /maccdc2012/http.log.gz HTTP/1.1" 200 54258816 "http://www.secrepo.com/" "Mozilla/5.0 (Windows NT 6.1; WOW64) AppleWebKit/537.36 (KHTML, like Gecko) Chrome/44.0.2403.125 Safari/537.36" 
37.135.136.215 - - [11/Mar/2016:07:49:12 -0800] "GET / HTTP/1.1" 200 8681 "-" "Mozilla/5.0 (Windows NT 10.0; WOW64; rv:44.0) Gecko/20100101 Firefox/44.0" 
37.135.136.215 - - [11/Mar/2016:07:49:12 -0800] "GET /bootstrap/img/favicon.ico HTTP/1.1" 200 589 "-" "Mozilla/5.0 (Windows NT 10.0; WOW64; rv:44.0) Gecko/20100101 Firefox/44.0" 
37.135.136.215 - - [11/Mar/2016:07:49:13 -0800] "GET /twitter-icon.png HTTP/1.1" 200 27787 "http://www.secrepo.com/" "Mozilla/5.0 (Windows NT 10.0; WOW64; rv:44.0) Gecko/20100101 Firefox/44.0" 
37.135.136.215 - - [11/Mar/2016:07:49:13 -0800] "GET /GitHub-Mark.png HTTP/1.1" 200 7427 "http://www.secrepo.com/" "Mozilla/5.0 (Windows NT 10.0; WOW64; rv:44.0) Gecko/20100101 Firefox/44.0" 
207.242.201.4 - - [11/Mar/2016:07:50:32 -0800] "GET /maccdc2012/ssh.log.gz HTTP/1.1" 200 182517 "http://www.secrepo.com/" "Mozilla/5.0 (Windows NT 6.1; WOW64) AppleWebKit/537.36 (KHTML, like Gecko) Chrome/44.0.2403.125 Safari/537.36" 
111.23.10.33 - - [11/Mar/2016:07:51:42 -0800] "GET /tg/a.zip HTTP/1.1" 304 132 "-" "Mozilla/5.0 Gecko/20100115 Firefox/3.6" 
207.242.201.4 - - [11/Mar/2016:07:52:39 -0800] "GET /auth.log/auth.log.gz HTTP/1.1" 200 554524 "http://www.secrepo.com/" "Mozilla/5.0 (Windows NT 6.1; WOW64) AppleWebKit/537.36 (KHTML, like Gecko) Chrome/44.0.2403.125 Safari/537.36" 
199.19.249.196 - - [11/Mar/2016:08:01:20 -0800] "GET / HTTP/1.1" 200 28433 "-" "Mozilla/5.0 (Windows NT 6.1; WOW64) AppleWebKit/537.36 (KHTML, like Gecko) Chrome/48.0.2564.116 Safari/537.36" 
164.143.240.34 - - [11/Mar/2016:08:01:20 -0800] "GET / HTTP/1.1" 200 8681 "https://www.google.co.uk/" "Mozilla/5.0 (Windows NT 6.1; WOW64) AppleWebKit/537.36 (KHTML, like Gecko) Chrome/48.0.2564.116 Safari/537.36" 
4.79.123.0 - - [11/Mar/2016:08:02:40 -0800] "GET / HTTP/1.1" 200 28433 "-" "Mozilla/5.0 (compatible; MSIE 9.0; Windows NT 6.1; WOW64; Trident/5.0)" 
173.36.240.166 - - [11/Mar/2016:08:02:57 -0800] "GET / HTTP/1.1" 200 8681 "-" "Mozilla/5.0 (Macintosh; Intel Mac OS X 10.10; rv:43.0) Gecko/20100101 Firefox/43.0" 
173.36.240.166 - - [11/Mar/2016:08:02:57 -0800] "GET /bootstrap/img/favicon.ico HTTP/1.1" 200 589 "-" "Mozilla/5.0 (Macintosh; Intel Mac OS X 10.10; rv:43.0) Gecko/20100101 Firefox/43.0" 
173.36.240.166 - - [11/Mar/2016:08:02:58 -0800] "GET /twitter-icon.png HTTP/1.1" 200 27787 "http://www.secrepo.com/" "Mozilla/5.0 (Macintosh; Intel Mac OS X 10.10; rv:43.0) Gecko/20100101 Firefox/43.0" 
173.36.240.166 - - [11/Mar/2016:08:02:58 -0800] "GET /GitHub-Mark.png HTTP/1.1" 200 7428 "http://www.secrepo.com/" "Mozilla/5.0 (Macintosh; Intel Mac OS X 10.10; rv:43.0) Gecko/20100101 Firefox/43.0" 
81.33.181.227 - - [11/Mar/2016:08:03:04 -0800] "GET / HTTP/1.1" 200 8681 "-" "Mozilla/5.0 (Macintosh; Intel Mac OS X 10_11_3) AppleWebKit/537.36 (KHTML, like Gecko) Chrome/48.0.2564.116 Safari/537.36" 
81.33.181.227 - - [11/Mar/2016:08:03:04 -0800] "GET /twitter-icon.png HTTP/1.1" 200 27787 "http://www.secrepo.com/" "Mozilla/5.0 (Macintosh; Intel Mac OS X 10_11_3) AppleWebKit/537.36 (KHTML, like Gecko) Chrome/48.0.2564.116 Safari/537.36" 
81.33.181.227 - - [11/Mar/2016:08:03:04 -0800] "GET /GitHub-Mark.png HTTP/1.1" 200 7428 "http://www.secrepo.com/" "Mozilla/5.0 (Macintosh; Intel Mac OS X 10_11_3) AppleWebKit/537.36 (KHTML, like Gecko) Chrome/48.0.2564.116 Safari/537.36" 
81.33.181.227 - - [11/Mar/2016:08:03:05 -0800] "GET /bootstrap/img/favicon.ico HTTP/1.1" 200 589 "http://www.secrepo.com/" "Mozilla/5.0 (Macintosh; Intel Mac OS X 10_11_3) AppleWebKit/537.36 (KHTML, like Gecko) Chrome/48.0.2564.116 Safari/537.36" 
70.39.157.196 - - [11/Mar/2016:08:03:22 -0800] "GET / HTTP/1.1" 200 28433 "-" "Mozilla/5.0 (compatible; MSIE 9.0; Windows NT 6.1; WOW64; Trident/5.0)" 
216.163.188.220 - - [11/Mar/2016:08:03:29 -0800] "GET / HTTP/1.1" 301 498 "-" "Mozilla/5.0 (Windows NT 6.1; WOW64; rv:27.0) Gecko/20100101 Firefox/27.0" 
216.163.188.233 - - [11/Mar/2016:08:03:29 -0800] "GET / HTTP/1.1" 200 28433 "-" "Mozilla/5.0 (Windows NT 6.1; WOW64; rv:27.0) Gecko/20100101 Firefox/27.0" 
173.36.240.166 - - [11/Mar/2016:08:03:56 -0800] "GET /favicon.ico HTTP/1.1" 200 268 "-" "Mozilla/5.0 (Macintosh; Intel Mac OS X 10.10; rv:43.0) Gecko/20100101 Firefox/43.0" 
199.38.154.10 - - [11/Mar/2016:08:04:39 -0800] "GET / HTTP/1.1" 200 8681 "-" "Mozilla/5.0 (Windows NT 6.1; WOW64) AppleWebKit/537.36 (KHTML, like Gecko) Chrome/49.0.2623.87 Safari/537.36" 
199.38.154.10 - - [11/Mar/2016:08:04:39 -0800] "GET / HTTP/1.1" 200 8681 "-" "Mozilla/5.0 (Windows NT 6.1; WOW64) AppleWebKit/537.36 (KHTML, like Gecko) Chrome/49.0.2623.87 Safari/537.36" 
199.38.154.10 - - [11/Mar/2016:08:04:39 -0800] "GET /twitter-icon.png HTTP/1.1" 200 27787 "http://www.secrepo.com/" "Mozilla/5.0 (Windows NT 6.1; WOW64) AppleWebKit/537.36 (KHTML, like Gecko) Chrome/49.0.2623.87 Safari/537.36" 
199.38.154.10 - - [11/Mar/2016:08:04:39 -0800] "GET /GitHub-Mark.png HTTP/1.1" 200 7428 "http://www.secrepo.com/" "Mozilla/5.0 (Windows NT 6.1; WOW64) AppleWebKit/537.36 (KHTML, like Gecko) Chrome/49.0.2623.87 Safari/537.36" 
199.38.154.10 - - [11/Mar/2016:08:04:40 -0800] "GET /bootstrap/img/favicon.ico HTTP/1.1" 200 590 "http://www.secrepo.com/" "Mozilla/5.0 (Windows NT 6.1; WOW64) AppleWebKit/537.36 (KHTML, like Gecko) Chrome/49.0.2623.87 Safari/537.36" 
99.233.61.162 - - [11/Mar/2016:08:05:16 -0800] "GET / HTTP/1.1" 200 8681 "-" "Mozilla/5.0 (X11; Linux x86_64) AppleWebKit/537.36 (KHTML, like Gecko) Chrome/49.0.2623.75 Safari/537.36" 
99.233.61.162 - - [11/Mar/2016:08:05:16 -0800] "GET /twitter-icon.png HTTP/1.1" 200 27787 "http://www.secrepo.com/" "Mozilla/5.0 (X11; Linux x86_64) AppleWebKit/537.36 (KHTML, like Gecko) Chrome/49.0.2623.75 Safari/537.36" 
99.233.61.162 - - [11/Mar/2016:08:05:16 -0800] "GET /GitHub-Mark.png HTTP/1.1" 200 7428 "http://www.secrepo.com/" "Mozilla/5.0 (X11; Linux x86_64) AppleWebKit/537.36 (KHTML, like Gecko) Chrome/49.0.2623.75 Safari/537.36" 
99.233.61.162 - - [11/Mar/2016:08:05:17 -0800] "GET /bootstrap/img/favicon.ico HTTP/1.1" 200 589 "http://www.secrepo.com/" "Mozilla/5.0 (X11; Linux x86_64) AppleWebKit/537.36 (KHTML, like Gecko) Chrome/49.0.2623.75 Safari/537.36" 
178.73.218.149 - - [11/Mar/2016:08:07:05 -0800] "GET / HTTP/1.1" 200 8681 "-" "Mozilla/5.0 (Macintosh; Intel Mac OS X 10.11; rv:44.0) Gecko/20100101 Firefox/44.0" 
178.73.218.149 - - [11/Mar/2016:08:07:05 -0800] "GET /bootstrap/img/favicon.ico HTTP/1.1" 200 589 "-" "Mozilla/5.0 (Macintosh; Intel Mac OS X 10.11; rv:44.0) Gecko/20100101 Firefox/44.0" 
178.73.218.149 - - [11/Mar/2016:08:07:05 -0800] "GET /twitter-icon.png HTTP/1.1" 200 27787 "http://www.secrepo.com/" "Mozilla/5.0 (Macintosh; Intel Mac OS X 10.11; rv:44.0) Gecko/20100101 Firefox/44.0" 
178.73.218.149 - - [11/Mar/2016:08:07:06 -0800] "GET /GitHub-Mark.png HTTP/1.1" 200 7428 "http://www.secrepo.com/" "Mozilla/5.0 (Macintosh; Intel Mac OS X 10.11; rv:44.0) Gecko/20100101 Firefox/44.0" 
213.254.241.6 - - [11/Mar/2016:08:08:43 -0800] "GET / HTTP/1.1" 200 28433 "-" "Mozilla/5.0 (compatible; MSIE 9.0; Windows NT 6.1; WOW64; Trident/5.0)" 
68.180.231.44 - - [11/Mar/2016:08:09:42 -0800] "GET /self.logs/access.log.2015-12-03.gz HTTP/1.1" 200 5132 "-" "Mozilla/5.0 (compatible; Yahoo! Slurp; http://help.yahoo.com/help/us/ysearch/slurp)" 
189.218.62.186 - - [11/Mar/2016:08:11:45 -0800] "GET /administrator/index.php/ HTTP/1.1" 301 488 "-" "Mozilla/5.0 (Windows NT 6.0) AppleWebKit/537.1 (KHTML, like Gecko) Chrome/24.0.1309.0 Safari/537.17" 
189.218.62.186 - - [11/Mar/2016:08:11:46 -0800] "GET /administrator/index.php/ HTTP/1.1" 404 303 "-" "Mozilla/5.0 (Windows NT 6.0) AppleWebKit/537.1 (KHTML, like Gecko) Chrome/24.0.1309.0 Safari/537.17" 
66.249.66.155 - - [11/Mar/2016:08:12:09 -0800] "GET /honeypot/Honeypot%20-%20Howto%20-%20BSides%20Austin.pdf HTTP/1.1" 200 2928460 "-" "Mozilla/5.0 (iPhone; CPU iPhone OS 8_3 like Mac OS X) AppleWebKit/600.1.4 (KHTML, like Gecko) Version/8.0 Mobile/12F70 Safari/600.1.4 (compatible; Googlebot/2.1; +http://www.google.com/bot.html)" 
8.28.16.254 - - [11/Mar/2016:08:12:28 -0800] "GET / HTTP/1.1" 200 28433 "-" "Mozilla/4.0 (compatible; MSIE 7.0; Windows NT 5.1; InfoPath.1; .NET CLR 2.0.50727; .NET CLR 1.1.4322; MS-RTC LM 8; .NET CLR 3.0.4506.2152; .NET CLR 3.5.30729)" 
199.91.135.163 - - [11/Mar/2016:08:12:28 -0800] "GET / HTTP/1.1" 200 28433 "-" "Mozilla/4.0 (compatible; MSIE 7.0; Windows NT 5.1; InfoPath.1; .NET CLR 2.0.50727; .NET CLR 1.1.4322; MS-RTC LM 8; .NET CLR 3.0.4506.2152; .NET CLR 3.5.30729)" 
199.38.154.10 - - [11/Mar/2016:08:12:37 -0800] "GET / HTTP/1.1" 200 8681 "http://sitereview.bluecoat.com/sitereview.jsp" "Mozilla/5.0 (Windows NT 6.1; WOW64) AppleWebKit/537.36 (KHTML, like Gecko) Chrome/48.0.2564.116 Safari/537.36" 
199.38.154.10 - - [11/Mar/2016:08:12:38 -0800] "GET / HTTP/1.1" 200 8681 "http://sitereview.bluecoat.com/sitereview.jsp" "Mozilla/5.0 (Windows NT 6.1; WOW64) AppleWebKit/537.36 (KHTML, like Gecko) Chrome/48.0.2564.116 Safari/537.36" 
199.38.154.10 - - [11/Mar/2016:08:12:40 -0800] "GET /GitHub-Mark.png HTTP/1.1" 200 7427 "http://www.secrepo.com/" "Mozilla/5.0 (Windows NT 6.1; WOW64) AppleWebKit/537.36 (KHTML, like Gecko) Chrome/48.0.2564.116 Safari/537.36" 
199.38.154.10 - - [11/Mar/2016:08:12:40 -0800] "GET /twitter-icon.png HTTP/1.1" 200 27788 "http://www.secrepo.com/" "Mozilla/5.0 (Windows NT 6.1; WOW64) AppleWebKit/537.36 (KHTML, like Gecko) Chrome/48.0.2564.116 Safari/537.36" 
199.38.154.10 - - [11/Mar/2016:08:12:41 -0800] "GET /bootstrap/img/favicon.ico HTTP/1.1" 200 590 "http://www.secrepo.com/" "Mozilla/5.0 (Windows NT 6.1; WOW64) AppleWebKit/537.36 (KHTML, like Gecko) Chrome/48.0.2564.116 Safari/537.36" 
199.38.154.10 - - [11/Mar/2016:08:14:20 -0800] "GET /twitter-icon.png HTTP/1.1" 200 27788 "http://www.secrepo.com/" "Mozilla/5.0 (Windows NT 6.1; WOW64) AppleWebKit/537.36 (KHTML, like Gecko) Chrome/48.0.2564.116 Safari/537.36" 
199.38.154.10 - - [11/Mar/2016:08:14:20 -0800] "GET /GitHub-Mark.png HTTP/1.1" 200 7428 "http://www.secrepo.com/" "Mozilla/5.0 (Windows NT 6.1; WOW64) AppleWebKit/537.36 (KHTML, like Gecko) Chrome/48.0.2564.116 Safari/537.36" 
199.38.154.10 - - [11/Mar/2016:08:14:21 -0800] "GET /bootstrap/img/favicon.ico HTTP/1.1" 200 590 "http://www.secrepo.com/" "Mozilla/5.0 (Windows NT 6.1; WOW64) AppleWebKit/537.36 (KHTML, like Gecko) Chrome/48.0.2564.116 Safari/537.36" 
213.254.241.5 - - [11/Mar/2016:08:14:29 -0800] "GET / HTTP/1.1" 200 28433 "-" "Mozilla/5.0 (compatible; MSIE 9.0; Windows NT 6.1; WOW64; Trident/5.0)" 
51.255.65.27 - - [11/Mar/2016:08:15:49 -0800] "GET /self.logs/access.log.2015-09-23.gz HTTP/1.1" 200 5756 "-" "Mozilla/5.0 (compatible; AhrefsBot/5.0; +http://ahrefs.com/robot/)" 
68.180.231.44 - - [11/Mar/2016:08:18:37 -0800] "GET /self.logs/access.log.2016-01-04.gz HTTP/1.1" 200 10217 "-" "Mozilla/5.0 (compatible; Yahoo! Slurp; http://help.yahoo.com/help/us/ysearch/slurp)" 
117.190.191.170 - - [11/Mar/2016:08:22:59 -0800] "GET /tg/a.zip HTTP/1.1" 304 132 "-" "Mozilla/5.0 Gecko/20100115 Firefox/3.6" 
213.254.241.6 - - [11/Mar/2016:08:23:11 -0800] "GET / HTTP/1.1" 200 28433 "-" "Mozilla/5.0 (compatible; MSIE 9.0; Windows NT 6.1; WOW64; Trident/5.0)" 
51.255.65.73 - - [11/Mar/2016:08:23:26 -0800] "GET /self.logs/access.log.2015-09-22.gz HTTP/1.1" 200 5013 "-" "Mozilla/5.0 (compatible; AhrefsBot/5.0; +http://ahrefs.com/robot/)" 
213.254.241.7 - - [11/Mar/2016:08:30:31 -0800] "GET / HTTP/1.1" 200 28433 "-" "Mozilla/5.0 (compatible; MSIE 9.0; Windows NT 6.1; WOW64; Trident/5.0)" 
