78.133.54.250 - - [04/Jan/2016:14:40:12 -0800] "GET /GitHub-Mark.png HTTP/1.1" 200 7428 "http://www.secrepo.com/" "Mozilla/5.0 (Windows NT 10.0; WOW64) AppleWebKit/537.36 (KHTML, like Gecko) Chrome/47.0.2526.106 Safari/537.36" 
78.133.54.250 - - [04/Jan/2016:14:40:12 -0800] "GET /bootstrap/img/favicon.ico HTTP/1.1" 200 589 "http://www.secrepo.com/" "Mozilla/5.0 (Windows NT 10.0; WOW64) AppleWebKit/537.36 (KHTML, like Gecko) Chrome/47.0.2526.106 Safari/537.36" 
66.249.84.209 - - [04/Jan/2016:14:41:10 -0800] "GET / HTTP/1.1" 200 8354 "-" "Mozilla/5.0 (Windows NT 6.1; rv:6.0) Gecko/20110814 Firefox/6.0 Google Favicon" 
66.249.84.217 - - [04/Jan/2016:14:41:10 -0800] "GET /bootstrap/img/favicon.ico HTTP/1.1" 200 590 "-" "Mozilla/5.0 (Windows NT 6.1; rv:6.0) Gecko/20110814 Firefox/6.0 Google Favicon" 
82.145.220.18 - - [04/Jan/2016:14:51:46 -0800] "GET /self.logs/ HTTP/1.1" 200 7456 "http://www.google.co.za/search?client=ms-opera-mini&q=Walogs+2015-04-17.log.2.gz&btnG=Search" "Opera/9.80 (J2ME/MIDP; Opera Mini/4.5.40380/37.7549; U; en) Presto/2.12.423 Version/12.16" 
82.145.220.18 - - [04/Jan/2016:14:51:49 -0800] "GET /favicon.ico HTTP/1.1" 200 267 "http://www.secrepo.com/self.logs/" "Opera/9.80 (J2ME/MIDP; Opera Mini/4.5.40380/37.7549; U; en) Presto/2.12.423 Version/12.16" 
82.145.220.18 - - [04/Jan/2016:14:53:29 -0800] "GET /self.logs/access.log.2015-04-14.gz HTTP/1.1" 200 5065 "http://www.secrepo.com/self.logs/" "Opera/9.80 (J2ME/MIDP; Opera Mini/4.5.40380/37.7549; U; en) Presto/2.12.423 Version/12.16" 
82.145.220.18 - - [04/Jan/2016:14:54:10 -0800] "GET /self.logs/access.log.2015-04-14.gz HTTP/1.1" 200 5065 "http://www.secrepo.com/self.logs/" "Opera/9.80 (J2ME/MIDP; Opera Mini/4.5.40380/37.7549; U; en) Presto/2.12.423 Version/12.16" 
82.145.220.18 - - [04/Jan/2016:14:54:16 -0800] "GET /self.logs/access.log.2015-04-14.gz HTTP/1.1" 200 5065 "-" "Opera/9.80 (J2ME/MIDP; Opera Mini/4.5.40380/37.7549; U; en) Presto/2.12.423 Version/12.16" 
82.145.220.18 - - [04/Jan/2016:14:54:22 -0800] "GET /self.logs/access.log.2015-04-14.gz HTTP/1.1" 200 5065 "-" "Opera/9.80 (J2ME/MIDP; Opera Mini/4.5.40380/37.7549; U; en) Presto/2.12.423 Version/12.16" 
82.145.220.18 - - [04/Jan/2016:14:54:27 -0800] "GET /self.logs/access.log.2015-04-14.gz HTTP/1.1" 200 5065 "-" "Opera/9.80 (J2ME/MIDP; Opera Mini/4.5.40380/37.7549; U; en) Presto/2.12.423 Version/12.16" 
82.145.220.18 - - [04/Jan/2016:14:54:35 -0800] "GET /self.logs/access.log.2015-04-14.gz HTTP/1.1" 200 5065 "-" "Opera/9.80 (J2ME/MIDP; Opera Mini/4.5.40380/37.7549; U; en) Presto/2.12.423 Version/12.16" 
82.145.220.18 - - [04/Jan/2016:14:54:40 -0800] "GET /self.logs/access.log.2015-04-14.gz HTTP/1.1" 200 5065 "-" "Opera/9.80 (J2ME/MIDP; Opera Mini/4.5.40380/37.7549; U; en) Presto/2.12.423 Version/12.16" 
82.145.220.18 - - [04/Jan/2016:14:55:17 -0800] "GET /self.logs/access.log.2015-04-14.gz HTTP/1.1" 200 5065 "-" "Opera/9.80 (J2ME/MIDP; Opera Mini/4.5.40380/37.7549; U; en) Presto/2.12.423 Version/12.16" 
82.145.220.18 - - [04/Jan/2016:14:55:24 -0800] "GET /self.logs/access.log.2015-04-14.gz HTTP/1.1" 200 5065 "-" "Opera/9.80 (J2ME/MIDP; Opera Mini/4.5.40380/37.7549; U; en) Presto/2.12.423 Version/12.16" 
82.145.220.18 - - [04/Jan/2016:14:55:31 -0800] "GET /self.logs/access.log.2015-04-14.gz HTTP/1.1" 200 5065 "-" "Opera/9.80 (J2ME/MIDP; Opera Mini/4.5.40380/37.7549; U; en) Presto/2.12.423 Version/12.16" 
82.145.220.18 - - [04/Jan/2016:14:55:37 -0800] "GET /self.logs/access.log.2015-04-14.gz HTTP/1.1" 200 5065 "-" "Opera/9.80 (J2ME/MIDP; Opera Mini/4.5.40380/37.7549; U; en) Presto/2.12.423 Version/12.16" 
82.145.220.18 - - [04/Jan/2016:14:56:00 -0800] "GET /self.logs/access.log.2015-04-14.gz HTTP/1.1" 200 5065 "-" "Opera/9.80 (J2ME/MIDP; Opera Mini/4.5.40380/37.7549; U; en) Presto/2.12.423 Version/12.16" 
82.145.220.18 - - [04/Jan/2016:14:56:14 -0800] "GET /self.logs/access.log.2015-04-14.gz HTTP/1.1" 200 5065 "-" "Opera/9.80 (J2ME/MIDP; Opera Mini/4.5.40380/37.7549; U; en) Presto/2.12.423 Version/12.16" 
82.145.220.18 - - [04/Jan/2016:14:56:22 -0800] "GET /self.logs/access.log.2015-04-14.gz HTTP/1.1" 200 5065 "-" "Opera/9.80 (J2ME/MIDP; Opera Mini/4.5.40380/37.7549; U; en) Presto/2.12.423 Version/12.16" 
82.145.220.18 - - [04/Jan/2016:14:56:26 -0800] "GET /self.logs/access.log.2015-04-14.gz HTTP/1.1" 200 5065 "-" "Opera/9.80 (J2ME/MIDP; Opera Mini/4.5.40380/37.7549; U; en) Presto/2.12.423 Version/12.16" 
82.145.220.18 - - [04/Jan/2016:14:56:43 -0800] "GET /self.logs/access.log.2015-04-14.gz HTTP/1.1" 200 5065 "-" "Opera/9.80 (J2ME/MIDP; Opera Mini/4.5.40380/37.7549; U; en) Presto/2.12.423 Version/12.16" 
82.145.220.18 - - [04/Jan/2016:14:57:09 -0800] "GET /self.logs/access.log.2015-04-14.gz HTTP/1.1" 200 5065 "-" "Opera/9.80 (J2ME/MIDP; Opera Mini/4.5.40380/37.7549; U; en) Presto/2.12.423 Version/12.16" 
78.133.75.150 - - [04/Jan/2016:14:57:25 -0800] "GET / HTTP/1.1" 301 483 "-" "Mozilla/5.0 (Windows NT 10.0; WOW64) AppleWebKit/537.36 (KHTML, like Gecko) Chrome/47.0.2526.106 Safari/537.36" 
151.80.31.120 - - [04/Jan/2016:14:58:25 -0800] "GET /self.logs/access.log.2015-09-27.gz HTTP/1.1" 200 4781 "-" "Mozilla/5.0 (compatible; AhrefsBot/5.0; +http://ahrefs.com/robot/)" 
179.223.11.9 - - [04/Jan/2016:15:01:18 -0800] "GET / HTTP/1.1" 301 483 "http://buttons-for-website.com" "Mozilla/5.0 (Windows NT 6.1; WOW64) AppleWebKit/537.36 (KHTML, like Gecko) Chrome/36.0.1985.143 Safari/537.36" 
179.223.11.9 - - [04/Jan/2016:15:01:18 -0800] "GET / HTTP/1.1" 200 8354 "http://buttons-for-website.com" "Mozilla/5.0 (Windows NT 6.1; WOW64) AppleWebKit/537.36 (KHTML, like Gecko) Chrome/36.0.1985.143 Safari/537.36" 
179.223.11.9 - - [04/Jan/2016:15:01:19 -0800] "GET /twitter-icon.png HTTP/1.1" 200 27787 "http://www.secrepo.com/" "Mozilla/5.0 (Windows NT 6.1; WOW64) AppleWebKit/537.36 (KHTML, like Gecko) Chrome/36.0.1985.143 Safari/537.36" 
179.223.11.9 - - [04/Jan/2016:15:01:20 -0800] "GET /GitHub-Mark.png HTTP/1.1" 200 7428 "http://www.secrepo.com/" "Mozilla/5.0 (Windows NT 6.1; WOW64) AppleWebKit/537.36 (KHTML, like Gecko) Chrome/36.0.1985.143 Safari/537.36" 
23.95.5.34 - - [04/Jan/2016:15:02:59 -0800] "GET /robots.txt HTTP/1.0" 200 252 "-" "Mozilla/5.0 (compatible; MJ12bot/v1.4.5; http://www.majestic12.co.uk/bot.php?+)" 
23.95.5.34 - - [04/Jan/2016:15:03:00 -0800] "GET / HTTP/1.0" 200 27276 "-" "Mozilla/5.0 (compatible; MJ12bot/v1.4.5; http://www.majestic12.co.uk/bot.php?+)" 
151.80.31.120 - - [04/Jan/2016:15:05:57 -0800] "GET /self.logs/access.log.2015-05-02.gz HTTP/1.1" 200 4107 "-" "Mozilla/5.0 (compatible; AhrefsBot/5.0; +http://ahrefs.com/robot/)" 
172.245.224.226 - - [04/Jan/2016:15:09:38 -0800] "GET /robots.txt HTTP/1.0" 301 481 "-" "Mozilla/5.0 (compatible; MJ12bot/v1.4.5; http://www.majestic12.co.uk/bot.php?+)" 
172.245.224.226 - - [04/Jan/2016:15:09:39 -0800] "GET /robots.txt HTTP/1.0" 200 252 "-" "Mozilla/5.0 (compatible; MJ12bot/v1.4.5; http://www.majestic12.co.uk/bot.php?+)" 
172.245.224.226 - - [04/Jan/2016:15:09:41 -0800] "GET /honeypot/BSidesDFW%20-%202014.ipynb HTTP/1.0" 301 523 "-" "Mozilla/5.0 (compatible; MJ12bot/v1.4.5; http://www.majestic12.co.uk/bot.php?+)" 
172.245.224.226 - - [04/Jan/2016:15:09:43 -0800] "GET /robots.txt HTTP/1.0" 200 252 "-" "Mozilla/5.0 (compatible; MJ12bot/v1.4.5; http://www.majestic12.co.uk/bot.php?+)" 
172.245.224.226 - - [04/Jan/2016:15:09:47 -0800] "GET /honeypot/BSidesDFW%20-%202014.ipynb HTTP/1.0" 200 347480 "-" "Mozilla/5.0 (compatible; MJ12bot/v1.4.5; http://www.majestic12.co.uk/bot.php?+)" 
172.245.224.226 - - [04/Jan/2016:15:09:48 -0800] "GET /robots.txt HTTP/1.0" 200 252 "-" "Mozilla/5.0 (compatible; MJ12bot/v1.4.5; http://www.majestic12.co.uk/bot.php?+)" 
172.245.224.226 - - [04/Jan/2016:15:09:51 -0800] "GET /robots.txt HTTP/1.0" 200 252 "-" "Mozilla/5.0 (compatible; MJ12bot/v1.4.5; http://www.majestic12.co.uk/bot.php?+)" 
151.80.31.120 - - [04/Jan/2016:15:11:09 -0800] "GET /self.logs/access.log.2015-12-07.gz HTTP/1.1" 200 6419 "-" "Mozilla/5.0 (compatible; AhrefsBot/5.0; +http://ahrefs.com/robot/)" 
63.110.89.212 - - [04/Jan/2016:16:02:47 -0800] "GET / HTTP/1.1" 200 8354 "http://www.mlsecproject.org/" "Mozilla/5.0 (Windows NT 6.1; WOW64) AppleWebKit/537.36 (KHTML, like Gecko) Chrome/47.0.2526.106 Safari/537.36" 
63.110.89.212 - - [04/Jan/2016:16:02:47 -0800] "GET /twitter-icon.png HTTP/1.1" 200 27787 "http://www.secrepo.com/" "Mozilla/5.0 (Windows NT 6.1; WOW64) AppleWebKit/537.36 (KHTML, like Gecko) Chrome/47.0.2526.106 Safari/537.36" 
63.110.89.212 - - [04/Jan/2016:16:02:47 -0800] "GET /GitHub-Mark.png HTTP/1.1" 200 7428 "http://www.secrepo.com/" "Mozilla/5.0 (Windows NT 6.1; WOW64) AppleWebKit/537.36 (KHTML, like Gecko) Chrome/47.0.2526.106 Safari/537.36" 
63.110.89.212 - - [04/Jan/2016:16:02:48 -0800] "GET /bootstrap/img/favicon.ico HTTP/1.1" 200 589 "http://www.secrepo.com/" "Mozilla/5.0 (Windows NT 6.1; WOW64) AppleWebKit/537.36 (KHTML, like Gecko) Chrome/47.0.2526.106 Safari/537.36" 
157.55.39.224 - - [04/Jan/2016:16:13:56 -0800] "GET /self.logs/error.log.2015-08-14.gz HTTP/1.1" 200 3216 "-" "Mozilla/5.0 (compatible; bingbot/2.0; +http://www.bing.com/bingbot.htm)" 
91.200.12.141 - - [04/Jan/2016:16:28:24 -0800] "GET /honeypot/BSidesDFW%20-%202014.ipynb HTTP/1.0" 200 775260 "http://www.secrepo.com/honeypot/BSidesDFW%20-%202014.ipynb" "Mozilla/5.0 (Windows NT 10.0; WOW64; rv:41.0) Gecko/20100101 Firefox/41.0" 
83.34.194.3 - - [04/Jan/2016:16:29:33 -0800] "GET / HTTP/1.1" 200 8354 "http://www.mlsecproject.org/" "Mozilla/5.0 (Windows NT 10.0; WOW64; rv:43.0) Gecko/20100101 Firefox/43.0" 
83.34.194.3 - - [04/Jan/2016:16:29:33 -0800] "GET /twitter-icon.png HTTP/1.1" 200 27787 "http://www.secrepo.com/" "Mozilla/5.0 (Windows NT 10.0; WOW64; rv:43.0) Gecko/20100101 Firefox/43.0" 
83.34.194.3 - - [04/Jan/2016:16:29:33 -0800] "GET /bootstrap/img/favicon.ico HTTP/1.1" 200 590 "-" "Mozilla/5.0 (Windows NT 10.0; WOW64; rv:43.0) Gecko/20100101 Firefox/43.0" 
83.34.194.3 - - [04/Jan/2016:16:29:33 -0800] "GET /GitHub-Mark.png HTTP/1.1" 200 7428 "http://www.secrepo.com/" "Mozilla/5.0 (Windows NT 10.0; WOW64; rv:43.0) Gecko/20100101 Firefox/43.0" 
91.200.12.106 - - [04/Jan/2016:16:36:21 -0800] "GET /honeypot/BSidesDFW%20-%202014.ipynb HTTP/1.0" 200 930799 "http://www.secrepo.com/honeypot/BSidesDFW%20-%202014.ipynb" "Mozilla/5.0 (Windows NT 6.1; WOW64) AppleWebKit/537.36 (KHTML, like Gecko) Chrome/43.0.2357.124 YaBrowser/15.7.2357.2877 Safari/537.36" 
91.200.12.136 - - [04/Jan/2016:16:38:45 -0800] "GET /honeypot/BSidesDFW%20-%202014.ipynb HTTP/1.0" 200 711020 "http://www.secrepo.com/honeypot/BSidesDFW%20-%202014.ipynb" "Mozilla/5.0 (Windows NT 5.1; rv:40.0) Gecko/20100101 Firefox/40.0" 
46.118.126.200 - - [04/Jan/2016:16:38:49 -0800] "GET /honeypot/ HTTP/1.1" 200 1077 "http://hyipmanager.in/" "Mozilla/4.0 (compatible; MSIE 6.0; Windows NT 5.1; SV1; .NET CLR 1.1.4322)" 
46.118.126.200 - - [04/Jan/2016:16:38:49 -0800] "GET /honeypot/ HTTP/1.1" 200 1077 "http://hyipmanager.in/" "Mozilla/4.0 (compatible; MSIE 6.0; Windows NT 5.1; SV1; .NET CLR 1.1.4322)" 
46.118.126.200 - - [04/Jan/2016:16:38:52 -0800] "GET /honeypot/ HTTP/1.1" 200 1077 "http://hyipmanager.in/" "Mozilla/4.0 (compatible; MSIE 6.0; Windows NT 5.1; SV1; .NET CLR 1.1.4322)" 
91.200.12.141 - - [04/Jan/2016:16:39:50 -0800] "GET /honeypot/BSidesDFW%20-%202014.ipynb HTTP/1.0" 200 930799 "http://www.secrepo.com/honeypot/BSidesDFW%20-%202014.ipynb" "Mozilla/5.0 (Windows NT 10.0; WOW64; rv:40.0) Gecko/20100101 Firefox/40.0" 
91.200.12.106 - - [04/Jan/2016:16:47:11 -0800] "GET /honeypot/BSidesDFW%20-%202014.ipynb HTTP/1.0" 200 930799 "http://www.secrepo.com/honeypot/BSidesDFW%20-%202014.ipynb" "Mozilla/5.0 (Windows NT 10.0; WOW64) AppleWebKit/537.36 (KHTML, like Gecko) Chrome/45.0.2454.99 Safari/537.36" 
91.200.12.136 - - [04/Jan/2016:16:49:35 -0800] "GET /honeypot/BSidesDFW%20-%202014.ipynb HTTP/1.0" 200 468660 "http://www.secrepo.com/honeypot/BSidesDFW%20-%202014.ipynb" "Mozilla/5.0 (Windows NT 5.1; rv:40.0) Gecko/20100101 Firefox/40.0" 
157.55.39.243 - - [04/Jan/2016:17:13:17 -0800] "GET /robots.txt HTTP/1.1" 200 289 "-" "Mozilla/5.0 (compatible; bingbot/2.0; +http://www.bing.com/bingbot.htm)" 
157.55.39.244 - - [04/Jan/2016:17:13:22 -0800] "GET /self.logs/access.log.2015-07-09.gz HTTP/1.1" 200 4795 "-" "Mozilla/5.0 (compatible; bingbot/2.0; +http://www.bing.com/bingbot.htm)" 
199.59.148.211 - - [04/Jan/2016:17:16:08 -0800] "GET /robots.txt HTTP/1.1" 200 304 "-" "Twitterbot/1.0" 
199.59.148.211 - - [04/Jan/2016:17:16:08 -0800] "GET /honeypot/honeypot.json.zip HTTP/1.1" 200 4631817 "-" "Twitterbot/1.0" 
151.80.31.120 - - [04/Jan/2016:17:20:04 -0800] "GET /self.logs/error.log.2015-11-09.gz HTTP/1.1" 200 742 "-" "Mozilla/5.0 (compatible; AhrefsBot/5.0; +http://ahrefs.com/robot/)" 
178.255.215.78 - - [04/Jan/2016:17:20:39 -0800] "GET /robots.txt HTTP/1.1" 200 297 "-" "Mozilla/5.0 (compatible; Exabot/3.0; +http://www.exabot.com/go/robot)" 
178.255.215.78 - - [04/Jan/2016:17:20:39 -0800] "GET / HTTP/1.1" 304 152 "-" "Mozilla/5.0 (compatible; Exabot/3.0; +http://www.exabot.com/go/robot)" 
74.115.214.37 - - [04/Jan/2016:17:35:33 -0800] "GET / HTTP/1.1" 200 8354 "-" "Mozilla/5.0 (Windows NT 10.0; WOW64) AppleWebKit/537.36 (KHTML, like Gecko) Chrome/47.0.2526.106 Safari/537.36" 
74.115.214.37 - - [04/Jan/2016:17:35:33 -0800] "GET /twitter-icon.png HTTP/1.1" 200 27787 "http://www.secrepo.com/" "Mozilla/5.0 (Windows NT 10.0; WOW64) AppleWebKit/537.36 (KHTML, like Gecko) Chrome/47.0.2526.106 Safari/537.36" 
74.115.214.37 - - [04/Jan/2016:17:35:33 -0800] "GET /GitHub-Mark.png HTTP/1.1" 200 7428 "http://www.secrepo.com/" "Mozilla/5.0 (Windows NT 10.0; WOW64) AppleWebKit/537.36 (KHTML, like Gecko) Chrome/47.0.2526.106 Safari/537.36" 
74.115.214.37 - - [04/Jan/2016:17:35:33 -0800] "GET /bootstrap/img/favicon.ico HTTP/1.1" 200 589 "http://www.secrepo.com/" "Mozilla/5.0 (Windows NT 10.0; WOW64) AppleWebKit/537.36 (KHTML, like Gecko) Chrome/47.0.2526.106 Safari/537.36" 
151.80.31.120 - - [04/Jan/2016:17:36:15 -0800] "GET /self.logs/access.log.2015-12-10.gz HTTP/1.1" 200 6068 "-" "Mozilla/5.0 (compatible; AhrefsBot/5.0; +http://ahrefs.com/robot/)" 
152.15.112.71 - - [04/Jan/2016:17:36:25 -0800] "GET / HTTP/1.1" 200 8354 "https://www.google.com/" "Mozilla/5.0 (Macintosh; Intel Mac OS X 10_10_5) AppleWebKit/537.36 (KHTML, like Gecko) Chrome/47.0.2526.106 Safari/537.36" 
152.15.112.71 - - [04/Jan/2016:17:36:26 -0800] "GET / HTTP/1.1" 200 8354 "https://www.google.com/" "Mozilla/5.0 (Macintosh; Intel Mac OS X 10_10_5) AppleWebKit/537.36 (KHTML, like Gecko) Chrome/47.0.2526.106 Safari/537.36" 
152.15.112.71 - - [04/Jan/2016:17:36:27 -0800] "GET /twitter-icon.png HTTP/1.1" 200 27787 "http://www.secrepo.com/" "Mozilla/5.0 (Macintosh; Intel Mac OS X 10_10_5) AppleWebKit/537.36 (KHTML, like Gecko) Chrome/47.0.2526.106 Safari/537.36" 
152.15.112.71 - - [04/Jan/2016:17:36:27 -0800] "GET /GitHub-Mark.png HTTP/1.1" 200 7428 "http://www.secrepo.com/" "Mozilla/5.0 (Macintosh; Intel Mac OS X 10_10_5) AppleWebKit/537.36 (KHTML, like Gecko) Chrome/47.0.2526.106 Safari/537.36" 
152.15.112.71 - - [04/Jan/2016:17:36:27 -0800] "GET /bootstrap/img/favicon.ico HTTP/1.1" 200 589 "http://www.secrepo.com/" "Mozilla/5.0 (Macintosh; Intel Mac OS X 10_10_5) AppleWebKit/537.36 (KHTML, like Gecko) Chrome/47.0.2526.106 Safari/537.36" 
40.77.167.1 - - [04/Jan/2016:17:36:34 -0800] "GET /robots.txt HTTP/1.1" 200 289 "-" "Mozilla/5.0 (compatible; bingbot/2.0; +http://www.bing.com/bingbot.htm)" 
40.77.167.1 - - [04/Jan/2016:17:36:39 -0800] "GET /self.logs/error.log.2015-09-27.gz HTTP/1.1" 200 770 "-" "Mozilla/5.0 (compatible; bingbot/2.0; +http://www.bing.com/bingbot.htm)" 
91.200.12.136 - - [04/Jan/2016:17:42:29 -0800] "GET /honeypot/BSidesDFW%20-%202014.ipynb HTTP/1.0" 200 711020 "http://www.secrepo.com/honeypot/BSidesDFW%20-%202014.ipynb" "Mozilla/5.0 (Windows NT 6.1; WOW64; rv:40.0) Gecko/20100101 Firefox/40.0" 
123.125.71.56 - - [04/Jan/2016:17:47:36 -0800] "GET / HTTP/1.1" 301 446 "-" "Mozilla/5.0 (Windows NT 5.1; rv:6.0.2) Gecko/20100101 Firefox/6.0.2" 
123.125.71.44 - - [04/Jan/2016:17:47:39 -0800] "GET / HTTP/1.1" 200 8317 "-" "Mozilla/5.0 (Windows NT 5.1; rv:6.0.2) Gecko/20100101 Firefox/6.0.2" 
123.125.71.39 - - [04/Jan/2016:17:47:39 -0800] "GET / HTTP/1.1" 200 21900 "-" "Mozilla/5.0 (Windows NT 5.1; rv:6.0.2) Gecko/20100101 Firefox/6.0.2" 
109.169.23.202 - - [04/Jan/2016:17:48:36 -0800] "GET / HTTP/1.1" 301 427 "http://burger-imperia.com/" "Mozilla/5.0 (X11; Linux x86_64) AppleWebKit/537.36 (KHTML, like Gecko) Chrome/37.0.2062.120 Safari/537.36" 
109.169.23.202 - - [04/Jan/2016:17:48:37 -0800] "GET / HTTP/1.1" 200 8298 "http://burger-imperia.com/" "Mozilla/5.0 (X11; Linux x86_64) AppleWebKit/537.36 (KHTML, like Gecko) Chrome/37.0.2062.120 Safari/537.36" 
91.200.12.136 - - [04/Jan/2016:17:53:42 -0800] "GET /honeypot/BSidesDFW%20-%202014.ipynb HTTP/1.0" 200 930799 "http://www.secrepo.com/honeypot/BSidesDFW%20-%202014.ipynb" "Mozilla/5.0 (Windows NT 6.1; WOW64) AppleWebKit/537.36 (KHTML, like Gecko) Chrome/45.0.2454.85 Safari/537.36 OPR/32.0.1948.25" 
74.115.214.37 - - [04/Jan/2016:18:02:02 -0800] "GET / HTTP/1.1" 200 8354 "https://www.google.com/" "Mozilla/5.0 (Windows NT 10.0; WOW64) AppleWebKit/537.36 (KHTML, like Gecko) Chrome/47.0.2526.106 Safari/537.36" 
74.115.214.37 - - [04/Jan/2016:18:02:02 -0800] "GET /twitter-icon.png HTTP/1.1" 200 27787 "http://www.secrepo.com/" "Mozilla/5.0 (Windows NT 10.0; WOW64) AppleWebKit/537.36 (KHTML, like Gecko) Chrome/47.0.2526.106 Safari/537.36" 
74.115.214.37 - - [04/Jan/2016:18:02:02 -0800] "GET /GitHub-Mark.png HTTP/1.1" 200 7428 "http://www.secrepo.com/" "Mozilla/5.0 (Windows NT 10.0; WOW64) AppleWebKit/537.36 (KHTML, like Gecko) Chrome/47.0.2526.106 Safari/537.36" 
172.99.70.101 - - [04/Jan/2016:18:05:20 -0800] "GET /robots.txt HTTP/1.1" 301 446 "-" "Tornado-Async-Client" 
172.99.70.101 - - [04/Jan/2016:18:05:20 -0800] "GET /robots.txt HTTP/1.1" 200 304 "-" "Tornado-Async-Client" 
172.99.70.101 - - [04/Jan/2016:18:05:20 -0800] "GET /honeypot/ HTTP/1.1" 301 441 "-" "Tornado-Async-Client" 
172.99.70.101 - - [04/Jan/2016:18:05:20 -0800] "GET /honeypot/ HTTP/1.1" 200 618 "-" "Tornado-Async-Client" 
151.80.31.120 - - [04/Jan/2016:18:35:17 -0800] "GET /self.logs/error.log.2015-02-20.gz HTTP/1.1" 200 5798 "-" "Mozilla/5.0 (compatible; AhrefsBot/5.0; +http://ahrefs.com/robot/)" 
157.55.39.225 - - [04/Jan/2016:18:53:27 -0800] "GET /robots.txt HTTP/1.1" 200 289 "-" "Mozilla/5.0 (compatible; bingbot/2.0; +http://www.bing.com/bingbot.htm)" 
157.55.39.225 - - [04/Jan/2016:18:53:45 -0800] "GET /self.logs/access.log.2015-07-26.gz HTTP/1.1" 200 3501 "-" "Mozilla/5.0 (compatible; bingbot/2.0; +http://www.bing.com/bingbot.htm)" 
40.77.167.13 - - [04/Jan/2016:18:58:38 -0800] "GET /robots.txt HTTP/1.1" 200 289 "-" "Mozilla/5.0 (compatible; bingbot/2.0; +http://www.bing.com/bingbot.htm)" 
40.77.167.13 - - [04/Jan/2016:19:00:15 -0800] "GET /honeypot/BSidesDFW%20-%202014.ipynb HTTP/1.1" 200 930836 "-" "Mozilla/5.0 (iPhone; CPU iPhone OS 7_0 like Mac OS X) AppleWebKit/537.51.1 (KHTML, like Gecko) Version/7.0 Mobile/11A465 Safari/9537.53 (compatible; bingbot/2.0;  http://www.bing.com/bingbot.htm)" 
108.53.124.223 - - [04/Jan/2016:19:17:39 -0800] "GET / HTTP/1.1" 200 8354 "http://www.mlsecproject.org/" "Mozilla/5.0 (Macintosh; Intel Mac OS X 10_11_2) AppleWebKit/537.36 (KHTML, like Gecko) Chrome/47.0.2526.106 Safari/537.36" 
108.53.124.223 - - [04/Jan/2016:19:17:39 -0800] "GET /twitter-icon.png HTTP/1.1" 200 27787 "http://www.secrepo.com/" "Mozilla/5.0 (Macintosh; Intel Mac OS X 10_11_2) AppleWebKit/537.36 (KHTML, like Gecko) Chrome/47.0.2526.106 Safari/537.36" 
108.53.124.223 - - [04/Jan/2016:19:17:39 -0800] "GET /GitHub-Mark.png HTTP/1.1" 200 7428 "http://www.secrepo.com/" "Mozilla/5.0 (Macintosh; Intel Mac OS X 10_11_2) AppleWebKit/537.36 (KHTML, like Gecko) Chrome/47.0.2526.106 Safari/537.36" 
108.53.124.223 - - [04/Jan/2016:19:17:40 -0800] "GET /bootstrap/img/favicon.ico HTTP/1.1" 200 589 "http://www.secrepo.com/" "Mozilla/5.0 (Macintosh; Intel Mac OS X 10_11_2) AppleWebKit/537.36 (KHTML, like Gecko) Chrome/47.0.2526.106 Safari/537.36" 
151.80.31.120 - - [04/Jan/2016:19:23:27 -0800] "GET /self.logs/access.log.2015-06-23.gz HTTP/1.1" 200 4529 "-" "Mozilla/5.0 (compatible; AhrefsBot/5.0; +http://ahrefs.com/robot/)" 
101.127.239.58 - - [04/Jan/2016:19:28:19 -0800] "GET / HTTP/1.1" 200 8354 "https://www.google.com.sg/" "Mozilla/5.0 (Windows NT 6.1; WOW64) AppleWebKit/537.36 (KHTML, like Gecko) Chrome/47.0.2526.106 Safari/537.36" 
101.127.239.58 - - [04/Jan/2016:19:28:20 -0800] "GET /twitter-icon.png HTTP/1.1" 200 27787 "http://www.secrepo.com/" "Mozilla/5.0 (Windows NT 6.1; WOW64) AppleWebKit/537.36 (KHTML, like Gecko) Chrome/47.0.2526.106 Safari/537.36" 
101.127.239.58 - - [04/Jan/2016:19:28:21 -0800] "GET /GitHub-Mark.png HTTP/1.1" 200 7428 "http://www.secrepo.com/" "Mozilla/5.0 (Windows NT 6.1; WOW64) AppleWebKit/537.36 (KHTML, like Gecko) Chrome/47.0.2526.106 Safari/537.36" 
101.127.239.58 - - [04/Jan/2016:19:28:21 -0800] "GET /bootstrap/img/favicon.ico HTTP/1.1" 200 589 "http://www.secrepo.com/" "Mozilla/5.0 (Windows NT 6.1; WOW64) AppleWebKit/537.36 (KHTML, like Gecko) Chrome/47.0.2526.106 Safari/537.36" 
101.127.239.58 - - [04/Jan/2016:19:28:37 -0800] "GET /maccdc2012/dhcp.log.gz HTTP/1.1" 200 45019 "http://www.secrepo.com/" "Mozilla/5.0 (Windows NT 6.1; WOW64) AppleWebKit/537.36 (KHTML, like Gecko) Chrome/47.0.2526.106 Safari/537.36" 
101.127.239.58 - - [04/Jan/2016:19:28:38 -0800] "GET /maccdc2012/dns.log.gz HTTP/1.1" 200 6629419 "http://www.secrepo.com/" "Mozilla/5.0 (Windows NT 6.1; WOW64) AppleWebKit/537.36 (KHTML, like Gecko) Chrome/47.0.2526.106 Safari/537.36" 
101.127.239.58 - - [04/Jan/2016:19:29:07 -0800] "GET /self.logs/ HTTP/1.1" 200 7456 "http://www.secrepo.com/" "Mozilla/5.0 (Windows NT 6.1; WOW64) AppleWebKit/537.36 (KHTML, like Gecko) Chrome/47.0.2526.106 Safari/537.36" 
101.127.239.58 - - [04/Jan/2016:19:29:08 -0800] "GET /favicon.ico HTTP/1.1" 200 267 "http://www.secrepo.com/self.logs/" "Mozilla/5.0 (Windows NT 6.1; WOW64) AppleWebKit/537.36 (KHTML, like Gecko) Chrome/47.0.2526.106 Safari/537.36" 
101.127.239.58 - - [04/Jan/2016:19:29:47 -0800] "GET /auth.log/auth.log.gz HTTP/1.1" 200 554524 "http://www.secrepo.com/" "Mozilla/5.0 (Windows NT 6.1; WOW64) AppleWebKit/537.36 (KHTML, like Gecko) Chrome/47.0.2526.106 Safari/537.36" 
101.127.239.58 - - [04/Jan/2016:19:29:21 -0800] "GET /honeypot/honeypot.json.zip HTTP/1.1" 200 4631873 "http://www.secrepo.com/" "Mozilla/5.0 (Windows NT 6.1; WOW64) AppleWebKit/537.36 (KHTML, like Gecko) Chrome/47.0.2526.106 Safari/537.36" 
101.127.239.58 - - [04/Jan/2016:19:36:37 -0800] "GET /maccdc2012/smtp.log.gz HTTP/1.1" 200 6908 "http://www.secrepo.com/" "Mozilla/5.0 (Windows NT 6.1; WOW64) AppleWebKit/537.36 (KHTML, like Gecko) Chrome/47.0.2526.106 Safari/537.36" 
101.127.239.58 - - [04/Jan/2016:19:36:41 -0800] "GET /maccdc2012/files.log.gz HTTP/1.1" 200 51408672 "http://www.secrepo.com/" "Mozilla/5.0 (Windows NT 6.1; WOW64) AppleWebKit/537.36 (KHTML, like Gecko) Chrome/47.0.2526.106 Safari/537.36" 
123.125.71.26 - - [04/Jan/2016:19:44:11 -0800] "GET /maccdc2012/maccdc2012_full_alert.7z HTTP/1.1" 200 52560 "-" "Mozilla/5.0 (compatible; Baiduspider/2.0; +http://www.baidu.com/search/spider.html)" 
101.127.239.58 - - [04/Jan/2016:19:28:31 -0800] "GET /maccdc2012/conn.log.gz HTTP/1.1" 200 551041635 "http://www.secrepo.com/" "Mozilla/5.0 (Windows NT 6.1; WOW64) AppleWebKit/537.36 (KHTML, like Gecko) Chrome/47.0.2526.106 Safari/537.36" 
185.53.44.62 - - [04/Jan/2016:19:59:20 -0800] "GET / HTTP/1.1" 200 27231 "-" "Mozilla/5.0 (compatible; XoviBot/2.0; +http://www.xovibot.net/)" 
151.80.31.120 - - [04/Jan/2016:20:01:57 -0800] "GET /self.logs/error.log.2015-12-24.gz HTTP/1.1" 200 949 "-" "Mozilla/5.0 (compatible; AhrefsBot/5.0; +http://ahrefs.com/robot/)" 
47.55.84.129 - - [04/Jan/2016:20:09:46 -0800] "GET /bootstrap/img/favicon.ico HTTP/1.1" 200 590 "-" "Mozilla/5.0 (Macintosh; Intel Mac OS X 10.11; rv:43.0) Gecko/20100101 Firefox/43.0" 
137.69.117.206 - - [04/Jan/2016:20:12:59 -0800] "GET / HTTP/1.1" 304 189 "http://www.mlsecproject.org/" "Mozilla/5.0 (Linux; Android 4.4.2; E7mini Build/KOT49H) AppleWebKit/537.36 (KHTML, like Gecko) Chrome/47.0.2526.83 Mobile Safari/537.36" 
157.55.39.90 - - [04/Jan/2016:20:14:32 -0800] "GET /robots.txt HTTP/1.1" 200 289 "-" "Mozilla/5.0 (compatible; bingbot/2.0; +http://www.bing.com/bingbot.htm)" 
157.55.39.90 - - [04/Jan/2016:20:14:38 -0800] "GET /self.logs/error.log.2015-05-09.gz HTTP/1.1" 200 778 "-" "Mozilla/5.0 (compatible; bingbot/2.0; +http://www.bing.com/bingbot.htm)" 
91.200.12.138 - - [04/Jan/2016:20:28:47 -0800] "GET /honeypot/BSidesDFW%20-%202014.ipynb HTTP/1.1" 200 741680 "-" "Mozilla/5.0 (Windows NT 6.1; Trident/7.0; rv:11.0) like Gecko" 
91.200.12.138 - - [04/Jan/2016:20:28:49 -0800] "POST /honeypot/BSidesDFW%20-%202014.ipynb/trackback/ HTTP/1.1" 404 303 "http://www.secrepo.com/honeypot/BSidesDFW - 2014.ipynb" "Mozilla/5.0 (Windows NT 6.1; Trident/7.0; rv:11.0) like Gecko" 
151.80.31.120 - - [04/Jan/2016:20:35:28 -0800] "GET /self.logs/access.log.2015-09-20.gz HTTP/1.1" 200 4284 "-" "Mozilla/5.0 (compatible; AhrefsBot/5.0; +http://ahrefs.com/robot/)" 
151.80.31.120 - - [04/Jan/2016:20:46:02 -0800] "GET /self.logs/error.log.2015-10-08.gz HTTP/1.1" 200 612 "-" "Mozilla/5.0 (compatible; AhrefsBot/5.0; +http://ahrefs.com/robot/)" 
202.162.74.172 - - [04/Jan/2016:21:07:39 -0800] "GET / HTTP/1.1" 301 483 "http://www.mlsecproject.org/blog/introducing-secrepo-a-security-data-clearing-house" "Mozilla/5.0 (Windows NT 6.1; WOW64) AppleWebKit/537.36 (KHTML, like Gecko) Chrome/47.0.2526.106 Safari/537.36" 
202.162.74.172 - - [04/Jan/2016:21:07:39 -0800] "GET / HTTP/1.1" 200 8354 "http://www.mlsecproject.org/blog/introducing-secrepo-a-security-data-clearing-house" "Mozilla/5.0 (Windows NT 6.1; WOW64) AppleWebKit/537.36 (KHTML, like Gecko) Chrome/47.0.2526.106 Safari/537.36" 
202.162.74.172 - - [04/Jan/2016:21:07:40 -0800] "GET /twitter-icon.png HTTP/1.1" 200 27787 "http://www.secrepo.com/" "Mozilla/5.0 (Windows NT 6.1; WOW64) AppleWebKit/537.36 (KHTML, like Gecko) Chrome/47.0.2526.106 Safari/537.36" 
202.162.74.172 - - [04/Jan/2016:21:07:40 -0800] "GET /GitHub-Mark.png HTTP/1.1" 200 7427 "http://www.secrepo.com/" "Mozilla/5.0 (Windows NT 6.1; WOW64) AppleWebKit/537.36 (KHTML, like Gecko) Chrome/47.0.2526.106 Safari/537.36" 
202.162.74.172 - - [04/Jan/2016:21:07:41 -0800] "GET /bootstrap/img/favicon.ico HTTP/1.1" 200 589 "http://www.secrepo.com/" "Mozilla/5.0 (Windows NT 6.1; WOW64) AppleWebKit/537.36 (KHTML, like Gecko) Chrome/47.0.2526.106 Safari/537.36" 
52.91.237.137 - - [04/Jan/2016:21:08:01 -0800] "GET / HTTP/1.1" 206 4462 "-" "Slackbot-LinkExpanding 1.0 (+https://api.slack.com/robots)" 
52.23.192.150 - - [04/Jan/2016:21:08:01 -0800] "GET / HTTP/1.1" 206 4443 "-" "Slackbot-LinkExpanding 1.0 (+https://api.slack.com/robots)" 
52.91.237.137 - - [04/Jan/2016:21:08:01 -0800] "GET / HTTP/1.1" 206 4443 "-" "Slackbot-LinkExpanding 1.0 (+https://api.slack.com/robots)" 
52.23.192.150 - - [04/Jan/2016:21:08:01 -0800] "GET / HTTP/1.1" 206 4444 "-" "Slackbot-LinkExpanding 1.0 (+https://api.slack.com/robots)" 
52.91.237.137 - - [04/Jan/2016:21:08:02 -0800] "GET / HTTP/1.1" 206 4444 "-" "Slackbot-LinkExpanding 1.0 (+https://api.slack.com/robots)" 
52.0.190.149 - - [04/Jan/2016:21:08:02 -0800] "GET / HTTP/1.1" 206 4445 "-" "Slackbot-LinkExpanding 1.0 (+https://api.slack.com/robots)" 
54.84.64.242 - - [04/Jan/2016:21:08:02 -0800] "GET / HTTP/1.1" 206 2764 "-" "Slackbot-LinkExpanding 1.0 (+https://api.slack.com/robots)" 
52.23.208.121 - - [04/Jan/2016:21:08:02 -0800] "GET / HTTP/1.1" 416 579 "-" "Slackbot-LinkExpanding 1.0 (+https://api.slack.com/robots)" 
202.162.74.172 - - [04/Jan/2016:21:10:06 -0800] "GET /data HTTP/1.1" 404 340 "http://www.secrepo.com/" "Mozilla/5.0 (Windows NT 6.1; WOW64) AppleWebKit/537.36 (KHTML, like Gecko) Chrome/47.0.2526.106 Safari/537.36" 
202.162.74.172 - - [04/Jan/2016:21:10:07 -0800] "GET /favicon.ico HTTP/1.1" 200 267 "http://www.secrepo.com/data" "Mozilla/5.0 (Windows NT 6.1; WOW64) AppleWebKit/537.36 (KHTML, like Gecko) Chrome/47.0.2526.106 Safari/537.36" 
151.80.31.120 - - [04/Jan/2016:21:39:00 -0800] "GET /self.logs/access.log.2015-12-05.gz HTTP/1.1" 200 5314 "-" "Mozilla/5.0 (compatible; AhrefsBot/5.0; +http://ahrefs.com/robot/)" 
24.125.117.81 - - [04/Jan/2016:21:45:20 -0800] "GET / HTTP/1.1" 200 8354 "http://www.mlsecproject.org/" "Mozilla/5.0 (Windows NT 6.1; WOW64; rv:43.0) Gecko/20100101 Firefox/43.0" 
24.125.117.81 - - [04/Jan/2016:21:45:20 -0800] "GET /bootstrap/img/favicon.ico HTTP/1.1" 200 589 "-" "Mozilla/5.0 (Windows NT 6.1; WOW64; rv:43.0) Gecko/20100101 Firefox/43.0" 
24.125.117.81 - - [04/Jan/2016:21:45:20 -0800] "GET /twitter-icon.png HTTP/1.1" 200 27787 "http://www.secrepo.com/" "Mozilla/5.0 (Windows NT 6.1; WOW64; rv:43.0) Gecko/20100101 Firefox/43.0" 
24.125.117.81 - - [04/Jan/2016:21:45:20 -0800] "GET /GitHub-Mark.png HTTP/1.1" 200 7428 "http://www.secrepo.com/" "Mozilla/5.0 (Windows NT 6.1; WOW64; rv:43.0) Gecko/20100101 Firefox/43.0" 
24.125.117.81 - - [04/Jan/2016:22:00:25 -0800] "GET /tg/tg_snort_fast.7z HTTP/1.1" 200 4274093 "http://www.secrepo.com/" "Mozilla/5.0 (Windows NT 6.1; WOW64; rv:43.0) Gecko/20100101 Firefox/43.0" 
24.125.117.81 - - [04/Jan/2016:22:03:18 -0800] "GET /favicon.ico HTTP/1.1" 200 268 "-" "Mozilla/5.0 (Windows NT 6.1; WOW64; rv:43.0) Gecko/20100101 Firefox/43.0" 
24.125.117.81 - - [04/Jan/2016:22:03:19 -0800] "GET /favicon.ico HTTP/1.1" 200 268 "-" "Mozilla/5.0 (Windows NT 6.1; WOW64; rv:43.0) Gecko/20100101 Firefox/43.0" 
188.143.232.11 - - [04/Jan/2016:22:06:24 -0800] "GET /honeypot/BSidesDFW%20-%202014.ipynb HTTP/1.1" 418 695 "-" "Mozilla/4.0 (compatible; MSIE 6.0; Windows NT 5.1; SV1)" 
151.80.31.120 - - [04/Jan/2016:22:06:34 -0800] "GET /self.logs/access.log.2015-08-30.gz HTTP/1.1" 200 4396 "-" "Mozilla/5.0 (compatible; AhrefsBot/5.0; +http://ahrefs.com/robot/)" 
24.125.117.81 - - [04/Jan/2016:22:09:10 -0800] "GET /Security-Data-Analysis/Lab_1/conn.log.zip HTTP/1.1" 200 13388948 "-" "Mozilla/5.0 (Windows NT 6.1; WOW64; rv:43.0) Gecko/20100101 Firefox/43.0" 
24.125.117.81 - - [04/Jan/2016:22:09:22 -0800] "GET /tg/tg_snort_fast.7z HTTP/1.1" 200 4274093 "http://www.secrepo.com/" "Mozilla/5.0 (Windows NT 6.1; WOW64; rv:43.0) Gecko/20100101 Firefox/43.0" 
68.180.231.44 - - [04/Jan/2016:22:14:47 -0800] "GET /robots.txt HTTP/1.1" 200 233 "-" "Mozilla/5.0 (compatible; Yahoo! Slurp; http://help.yahoo.com/help/us/ysearch/slurp)" 
68.180.231.44 - - [04/Jan/2016:22:14:48 -0800] "GET /self.logs/error.log.2015-03-25.gz HTTP/1.1" 200 909 "-" "Mozilla/5.0 (compatible; Yahoo! Slurp; http://help.yahoo.com/help/us/ysearch/slurp)" 
118.201.50.146 - - [04/Jan/2016:22:23:37 -0800] "GET / HTTP/1.1" 200 8354 "http://www.google.com.sg/url?sa=t&rct=j&q=&esrc=s&source=web&cd=9&cad=rja&uact=8&ved=0ahUKEwiK-NejhJLKAhXBCY4KHdcmAocQFghRMAg&url=http%3A%2F%2Fwww.secrepo.com%2F&usg=AFQjCNHeQikQ6r63vtqWKlBvSenYpdB4dQ&bvm=bv.110151844,d.c2E" "Mozilla/5.0 (Windows NT 6.1; WOW64; Trident/7.0; rv:11.0) like Gecko" 
118.201.50.146 - - [04/Jan/2016:22:23:37 -0800] "GET /GitHub-Mark.png HTTP/1.1" 200 7427 "http://www.secrepo.com/" "Mozilla/5.0 (Windows NT 6.1; WOW64; Trident/7.0; rv:11.0) like Gecko" 
118.201.50.146 - - [04/Jan/2016:22:23:37 -0800] "GET /twitter-icon.png HTTP/1.1" 200 27788 "http://www.secrepo.com/" "Mozilla/5.0 (Windows NT 6.1; WOW64; Trident/7.0; rv:11.0) like Gecko" 
118.201.50.146 - - [04/Jan/2016:22:23:39 -0800] "GET /bootstrap/img/favicon.ico HTTP/1.1" 200 590 "-" "Mozilla/5.0 (Windows NT 6.1; Win64; x64; Trident/7.0; rv:11.0) like Gecko" 
151.80.31.120 - - [04/Jan/2016:22:29:32 -0800] "GET /self.logs/access.log.2015-11-06.gz HTTP/1.1" 200 8600 "-" "Mozilla/5.0 (compatible; AhrefsBot/5.0; +http://ahrefs.com/robot/)" 
141.0.12.151 - - [04/Jan/2016:22:40:26 -0800] "GET /self.logs/access.log.2015-04-14.gz HTTP/1.1" 200 5065 "-" "Opera/9.80 (J2ME/MIDP; Opera Mini/4.5.40380/37.7549; U; en) Presto/2.12.423 Version/12.16" 
117.6.95.182 - - [04/Jan/2016:22:41:55 -0800] "GET / HTTP/1.1" 200 8354 "-" "Mozilla/5.0 (Windows NT 6.1; WOW64; rv:40.0) Gecko/20100101 Firefox/40.0" 
117.6.95.182 - - [04/Jan/2016:22:41:56 -0800] "GET /GitHub-Mark.png HTTP/1.1" 200 7428 "-" "Mozilla/5.0 (Windows NT 6.1; WOW64; rv:40.0) Gecko/20100101 Firefox/40.0" 
117.6.95.182 - - [04/Jan/2016:22:41:56 -0800] "GET /twitter-icon.png HTTP/1.1" 200 27788 "-" "Mozilla/5.0 (Windows NT 6.1; WOW64; rv:40.0) Gecko/20100101 Firefox/40.0" 
157.55.39.224 - - [04/Jan/2016:22:43:51 -0800] "GET /robots.txt HTTP/1.1" 200 289 "-" "Mozilla/5.0 (compatible; bingbot/2.0; +http://www.bing.com/bingbot.htm)" 
157.55.39.224 - - [04/Jan/2016:22:43:58 -0800] "GET /self.logs/access.log.2015-09-15.gz HTTP/1.1" 200 4876 "-" "Mozilla/5.0 (compatible; bingbot/2.0; +http://www.bing.com/bingbot.htm)" 
66.249.66.187 - - [04/Jan/2016:22:43:59 -0800] "GET / HTTP/1.1" 200 8354 "-" "Mozilla/5.0 (iPhone; CPU iPhone OS 8_3 like Mac OS X) AppleWebKit/600.1.4 (KHTML, like Gecko) Version/8.0 Mobile/12F70 Safari/600.1.4 (compatible; Googlebot/2.1; +http://www.google.com/bot.html)" 
73.24.217.45 - - [04/Jan/2016:22:45:13 -0800] "GET / HTTP/1.1" 200 8354 "https://www.google.com/" "Mozilla/5.0 (Windows NT 6.1; WOW64) AppleWebKit/537.36 (KHTML, like Gecko) Chrome/47.0.2526.106 Safari/537.36" 
73.24.217.45 - - [04/Jan/2016:22:45:13 -0800] "GET /twitter-icon.png HTTP/1.1" 200 27787 "http://www.secrepo.com/" "Mozilla/5.0 (Windows NT 6.1; WOW64) AppleWebKit/537.36 (KHTML, like Gecko) Chrome/47.0.2526.106 Safari/537.36" 
73.24.217.45 - - [04/Jan/2016:22:45:13 -0800] "GET /GitHub-Mark.png HTTP/1.1" 200 7428 "http://www.secrepo.com/" "Mozilla/5.0 (Windows NT 6.1; WOW64) AppleWebKit/537.36 (KHTML, like Gecko) Chrome/47.0.2526.106 Safari/537.36" 
73.24.217.45 - - [04/Jan/2016:22:45:14 -0800] "GET /bootstrap/img/favicon.ico HTTP/1.1" 200 589 "http://www.secrepo.com/" "Mozilla/5.0 (Windows NT 6.1; WOW64) AppleWebKit/537.36 (KHTML, like Gecko) Chrome/47.0.2526.106 Safari/537.36" 
66.249.66.187 - - [04/Jan/2016:22:48:54 -0800] "GET / HTTP/1.1" 200 8354 "-" "SAMSUNG-SGH-E250/1.0 Profile/MIDP-2.0 Configuration/CLDC-1.1 UP.Browser/6.2.3.3.c.1.101 (GUI) MMP/2.0 (compatible; Googlebot-Mobile/2.1; +http://www.google.com/bot.html)" 
180.76.15.139 - - [04/Jan/2016:23:29:06 -0800] "GET / HTTP/1.1" 200 21900 "-" "Mozilla/5.0 (compatible; Baiduspider/2.0; +http://www.baidu.com/search/spider.html)" 
180.76.15.140 - - [04/Jan/2016:23:29:42 -0800] "GET / HTTP/1.1" 200 21900 "-" "Mozilla/5.0 (compatible; Baiduspider/2.0; +http://www.baidu.com/search/spider.html)" 
151.80.31.120 - - [04/Jan/2016:23:30:57 -0800] "GET /self.logs/error.log.2015-12-26.gz HTTP/1.1" 200 550 "-" "Mozilla/5.0 (compatible; AhrefsBot/5.0; +http://ahrefs.com/robot/)" 
199.16.156.125 - - [04/Jan/2016:23:36:31 -0800] "GET /robots.txt HTTP/1.1" 301 446 "-" "Twitterbot/1.0" 
199.16.156.125 - - [04/Jan/2016:23:36:31 -0800] "GET / HTTP/1.1" 301 427 "-" "Twitterbot/1.0" 
199.16.156.125 - - [04/Jan/2016:23:36:31 -0800] "GET /robots.txt HTTP/1.1" 200 304 "-" "Twitterbot/1.0" 
199.16.156.125 - - [04/Jan/2016:23:36:31 -0800] "GET / HTTP/1.1" 200 8298 "-" "Twitterbot/1.0" 
208.94.145.109 - - [04/Jan/2016:23:37:41 -0800] "HEAD / HTTP/1.1" 301 190 "http://longurl.org" "LongURL API" 
208.94.145.109 - - [04/Jan/2016:23:37:41 -0800] "HEAD / HTTP/1.1" 200 239 "http://longurl.org" "LongURL API" 
106.186.21.169 - - [04/Jan/2016:23:50:48 -0800] "GET / HTTP/1.1" 200 8354 "-" "Mozilla/5.0 (Macintosh; Intel Mac OS X 10_11_2) AppleWebKit/537.36 (KHTML, like Gecko) Chrome/47.0.2526.106 Safari/537.36" 
106.186.21.169 - - [04/Jan/2016:23:50:48 -0800] "GET /twitter-icon.png HTTP/1.1" 200 27787 "http://www.secrepo.com/" "Mozilla/5.0 (Macintosh; Intel Mac OS X 10_11_2) AppleWebKit/537.36 (KHTML, like Gecko) Chrome/47.0.2526.106 Safari/537.36" 
106.186.21.169 - - [04/Jan/2016:23:50:49 -0800] "GET /GitHub-Mark.png HTTP/1.1" 200 7427 "http://www.secrepo.com/" "Mozilla/5.0 (Macintosh; Intel Mac OS X 10_11_2) AppleWebKit/537.36 (KHTML, like Gecko) Chrome/47.0.2526.106 Safari/537.36" 
106.186.21.169 - - [04/Jan/2016:23:50:53 -0800] "GET /bootstrap/img/favicon.ico HTTP/1.1" 200 590 "http://www.secrepo.com/" "Mozilla/5.0 (Macintosh; Intel Mac OS X 10_11_2) AppleWebKit/537.36 (KHTML, like Gecko) Chrome/47.0.2526.106 Safari/537.36" 
151.80.31.120 - - [05/Jan/2016:00:05:32 -0800] "GET /self.logs/error.log.2015-01-22.gz HTTP/1.1" 200 632 "-" "Mozilla/5.0 (compatible; AhrefsBot/5.0; +http://ahrefs.com/robot/)" 
58.26.27.118 - - [05/Jan/2016:00:10:47 -0800] "GET / HTTP/1.1" 200 8354 "http://www.mlsecproject.org/" "Mozilla/5.0 (Windows NT 6.1; WOW64) AppleWebKit/537.36 (KHTML, like Gecko) Chrome/47.0.2526.106 Safari/537.36" 
58.26.27.118 - - [05/Jan/2016:00:10:47 -0800] "GET /twitter-icon.png HTTP/1.1" 200 27787 "http://www.secrepo.com/" "Mozilla/5.0 (Windows NT 6.1; WOW64) AppleWebKit/537.36 (KHTML, like Gecko) Chrome/47.0.2526.106 Safari/537.36" 
58.26.27.118 - - [05/Jan/2016:00:10:47 -0800] "GET /GitHub-Mark.png HTTP/1.1" 200 7428 "http://www.secrepo.com/" "Mozilla/5.0 (Windows NT 6.1; WOW64) AppleWebKit/537.36 (KHTML, like Gecko) Chrome/47.0.2526.106 Safari/537.36" 
123.125.71.110 - - [05/Jan/2016:00:10:24 -0800] "GET /honeypot/Honeypot%20-%20Howto%20-%20BSides%20Austin.pdf HTTP/1.1" 200 2928423 "-" "Mozilla/5.0 (compatible; Baiduspider/2.0; +http://www.baidu.com/search/spider.html)" 
151.80.31.120 - - [05/Jan/2016:00:35:49 -0800] "GET /self.logs/error.log.2015-10-28.gz HTTP/1.1" 200 783 "-" "Mozilla/5.0 (compatible; AhrefsBot/5.0; +http://ahrefs.com/robot/)" 
208.115.113.86 - - [05/Jan/2016:00:45:54 -0800] "GET /robots.txt HTTP/1.1" 200 233 "-" "Mozilla/5.0 (compatible; DotBot/1.1; http://www.opensiteexplorer.org/dotbot, help@moz.com)" 
151.80.31.120 - - [05/Jan/2016:00:45:55 -0800] "GET /self.logs/access.log.2015-09-05.gz HTTP/1.1" 200 2914 "-" "Mozilla/5.0 (compatible; AhrefsBot/5.0; +http://ahrefs.com/robot/)" 
123.125.71.58 - - [05/Jan/2016:00:49:55 -0800] "GET / HTTP/1.1" 200 8317 "-" "Mozilla/5.0 (Windows NT 5.1; rv:6.0.2) Gecko/20100101 Firefox/6.0.2" 
123.125.71.56 - - [05/Jan/2016:00:49:55 -0800] "GET / HTTP/1.1" 200 27276 "-" "Mozilla/5.0 (Windows NT 5.1; rv:6.0.2) Gecko/20100101 Firefox/6.0.2" 
151.80.31.120 - - [05/Jan/2016:01:16:27 -0800] "GET /self.logs/error.log.2015-05-15.gz HTTP/1.1" 200 1065 "-" "Mozilla/5.0 (compatible; AhrefsBot/5.0; +http://ahrefs.com/robot/)" 
157.55.39.64 - - [05/Jan/2016:01:18:06 -0800] "GET /robots.txt HTTP/1.1" 200 289 "-" "Mozilla/5.0 (compatible; bingbot/2.0; +http://www.bing.com/bingbot.htm)" 
157.55.39.64 - - [05/Jan/2016:01:18:11 -0800] "GET / HTTP/1.1" 200 8354 "-" "Mozilla/5.0 (compatible; bingbot/2.0; +http://www.bing.com/bingbot.htm)" 
68.180.231.44 - - [05/Jan/2016:01:22:45 -0800] "GET /tg/a.zip HTTP/1.1" 200 779640 "-" "Mozilla/5.0 (compatible; Yahoo! Slurp; http://help.yahoo.com/help/us/ysearch/slurp)" 
151.80.31.120 - - [05/Jan/2016:01:37:05 -0800] "GET /self.logs/error.log.2015-11-30.gz HTTP/1.1" 200 834 "-" "Mozilla/5.0 (compatible; AhrefsBot/5.0; +http://ahrefs.com/robot/)" 
