103.60.105.140 - - [06/May/2017:20:54:14 -0700] "GET /self.logs/access.log.2017-04-09.gz HTTP/1.1" 200 39255 "-" "python-requests/2.13.0" 
103.60.105.140 - - [06/May/2017:20:54:15 -0700] "GET /self.logs/access.log.2017-04-10.gz HTTP/1.1" 200 49995 "-" "python-requests/2.13.0" 
103.60.105.140 - - [06/May/2017:20:54:17 -0700] "GET /self.logs/access.log.2017-04-11.gz HTTP/1.1" 200 32398 "-" "python-requests/2.13.0" 
103.60.105.140 - - [06/May/2017:20:54:18 -0700] "GET /self.logs/access.log.2017-04-12.gz HTTP/1.1" 200 28036 "-" "python-requests/2.13.0" 
103.60.105.140 - - [06/May/2017:20:54:18 -0700] "GET /self.logs/access.log.2017-04-13.gz HTTP/1.1" 200 23163 "-" "python-requests/2.13.0" 
103.60.105.140 - - [06/May/2017:20:54:19 -0700] "GET /self.logs/access.log.2017-04-14.gz HTTP/1.1" 200 35018 "-" "python-requests/2.13.0" 
103.60.105.140 - - [06/May/2017:20:54:20 -0700] "GET /self.logs/access.log.2017-04-15.gz HTTP/1.1" 200 13769 "-" "python-requests/2.13.0" 
103.60.105.140 - - [06/May/2017:20:54:21 -0700] "GET /self.logs/access.log.2017-04-16.gz HTTP/1.1" 200 15335 "-" "python-requests/2.13.0" 
103.60.105.140 - - [06/May/2017:20:54:21 -0700] "GET /self.logs/access.log.2017-04-17.gz HTTP/1.1" 200 20203 "-" "python-requests/2.13.0" 
103.60.105.140 - - [06/May/2017:20:54:22 -0700] "GET /self.logs/access.log.2017-04-18.gz HTTP/1.1" 200 20316 "-" "python-requests/2.13.0" 
103.60.105.140 - - [06/May/2017:20:54:23 -0700] "GET /self.logs/access.log.2017-04-19.gz HTTP/1.1" 200 19634 "-" "python-requests/2.13.0" 
103.60.105.140 - - [06/May/2017:20:54:24 -0700] "GET /self.logs/access.log.2017-04-20.gz HTTP/1.1" 200 16681 "-" "python-requests/2.13.0" 
103.60.105.140 - - [06/May/2017:20:54:25 -0700] "GET /self.logs/access.log.2017-04-21.gz HTTP/1.1" 200 22294 "-" "python-requests/2.13.0" 
103.60.105.140 - - [06/May/2017:20:54:25 -0700] "GET /self.logs/access.log.2017-04-22.gz HTTP/1.1" 200 12992 "-" "python-requests/2.13.0" 
103.60.105.140 - - [06/May/2017:20:54:26 -0700] "GET /self.logs/access.log.2017-04-23.gz HTTP/1.1" 200 14846 "-" "python-requests/2.13.0" 
103.60.105.140 - - [06/May/2017:20:54:27 -0700] "GET /self.logs/access.log.2017-04-24.gz HTTP/1.1" 200 17175 "-" "python-requests/2.13.0" 
103.60.105.140 - - [06/May/2017:20:54:27 -0700] "GET /self.logs/access.log.2017-04-25.gz HTTP/1.1" 200 30380 "-" "python-requests/2.13.0" 
103.60.105.140 - - [06/May/2017:20:54:28 -0700] "GET /self.logs/access.log.2017-04-26.gz HTTP/1.1" 200 15934 "-" "python-requests/2.13.0" 
103.60.105.140 - - [06/May/2017:20:54:29 -0700] "GET /self.logs/access.log.2017-04-27.gz HTTP/1.1" 200 13932 "-" "python-requests/2.13.0" 
103.60.105.140 - - [06/May/2017:20:54:30 -0700] "GET /self.logs/access.log.2017-04-28.gz HTTP/1.1" 200 14335 "-" "python-requests/2.13.0" 
103.60.105.140 - - [06/May/2017:20:54:30 -0700] "GET /self.logs/access.log.2017-04-29.gz HTTP/1.1" 200 10269 "-" "python-requests/2.13.0" 
103.60.105.140 - - [06/May/2017:20:54:31 -0700] "GET /self.logs/access.log.2017-04-30.gz HTTP/1.1" 200 11942 "-" "python-requests/2.13.0" 
103.60.105.140 - - [06/May/2017:20:54:31 -0700] "GET /self.logs/access.log.2017-05-01.gz HTTP/1.1" 200 14319 "-" "python-requests/2.13.0" 
103.60.105.140 - - [06/May/2017:20:54:32 -0700] "GET /self.logs/access.log.2017-05-02.gz HTTP/1.1" 200 17906 "-" "python-requests/2.13.0" 
103.60.105.140 - - [06/May/2017:20:54:32 -0700] "GET /self.logs/access.log.2017-05-03.gz HTTP/1.1" 200 29019 "-" "python-requests/2.13.0" 
103.60.105.140 - - [06/May/2017:20:54:33 -0700] "GET /self.logs/access.log.2017-05-04.gz HTTP/1.1" 404 340 "-" "python-requests/2.13.0" 
103.60.105.140 - - [06/May/2017:20:54:34 -0700] "GET /self.logs/access.log.2017-05-05.gz HTTP/1.1" 404 340 "-" "python-requests/2.13.0" 
103.60.105.140 - - [06/May/2017:20:54:34 -0700] "GET /self.logs/access.log.2017-05-06.gz HTTP/1.1" 404 340 "-" "python-requests/2.13.0" 
207.46.13.94 - - [06/May/2017:21:00:01 -0700] "GET /self.logs/access.log.2015-11-21.gz HTTP/1.1" 301 545 "-" "Mozilla/5.0 (compatible; bingbot/2.0; +http://www.bing.com/bingbot.htm)" 
217.182.132.55 - - [06/May/2017:21:00:18 -0700] "GET /maccdc2012/dhcp.log.gz HTTP/1.1" 200 44963 "-" "Mozilla/5.0 (compatible; AhrefsBot/5.2; +http://ahrefs.com/robot/)" 
5.9.38.51 - - [06/May/2017:21:01:19 -0700] "GET /robots.txt HTTP/1.1" 301 502 "-" "Mozilla/5.0 (compatible; BLEXBot/1.0; +http://webmeup-crawler.com/)" 
5.9.38.51 - - [06/May/2017:21:01:19 -0700] "GET /robots.txt HTTP/1.1" 200 334 "-" "Mozilla/5.0 (compatible; BLEXBot/1.0; +http://webmeup-crawler.com/)" 
5.9.38.51 - - [06/May/2017:21:01:20 -0700] "GET /self.logs/?C=S;O=A HTTP/1.1" 200 19365 "-" "Mozilla/5.0 (compatible; BLEXBot/1.0; +http://webmeup-crawler.com/)" 
5.9.38.51 - - [06/May/2017:21:01:25 -0700] "GET / HTTP/1.1" 301 483 "-" "Mozilla/5.0 (compatible; BLEXBot/1.0; +http://webmeup-crawler.com/)" 
5.9.38.51 - - [06/May/2017:21:01:42 -0700] "GET /amish-made.html HTTP/1.1" 404 340 "-" "Mozilla/5.0 (compatible; BLEXBot/1.0; +http://webmeup-crawler.com/)" 
5.9.38.51 - - [06/May/2017:21:01:47 -0700] "GET /category.php?cPath=2_1902 HTTP/1.1" 404 340 "-" "Mozilla/5.0 (compatible; BLEXBot/1.0; +http://webmeup-crawler.com/)" 
5.9.38.51 - - [06/May/2017:21:01:53 -0700] "GET /category.php?cPath=2_1903 HTTP/1.1" 404 340 "-" "Mozilla/5.0 (compatible; BLEXBot/1.0; +http://webmeup-crawler.com/)" 
5.9.38.51 - - [06/May/2017:21:02:00 -0700] "GET /category.php?cPath=2_1904 HTTP/1.1" 404 340 "-" "Mozilla/5.0 (compatible; BLEXBot/1.0; +http://webmeup-crawler.com/)" 
5.9.38.51 - - [06/May/2017:21:02:09 -0700] "GET /category.php?cPath=2_1904_1923 HTTP/1.1" 404 340 "-" "Mozilla/5.0 (compatible; BLEXBot/1.0; +http://webmeup-crawler.com/)" 
5.9.38.51 - - [06/May/2017:21:02:13 -0700] "GET /category.php?cPath=2_1905 HTTP/1.1" 404 340 "-" "Mozilla/5.0 (compatible; BLEXBot/1.0; +http://webmeup-crawler.com/)" 
207.46.13.123 - - [06/May/2017:21:02:16 -0700] "GET /self.logs/access.log.2017-01-15.gz HTTP/1.1" 200 13713 "-" "Mozilla/5.0 (compatible; bingbot/2.0; +http://www.bing.com/bingbot.htm)" 
5.9.38.51 - - [06/May/2017:21:02:19 -0700] "GET /category.php?cPath=2_1906_3052 HTTP/1.1" 404 340 "-" "Mozilla/5.0 (compatible; BLEXBot/1.0; +http://webmeup-crawler.com/)" 
5.9.38.51 - - [06/May/2017:21:02:26 -0700] "GET /category.php?cPath=2_2439 HTTP/1.1" 404 340 "-" "Mozilla/5.0 (compatible; BLEXBot/1.0; +http://webmeup-crawler.com/)" 
5.9.38.51 - - [06/May/2017:21:02:33 -0700] "GET /category.php?cPath=2_3082 HTTP/1.1" 404 340 "-" "Mozilla/5.0 (compatible; BLEXBot/1.0; +http://webmeup-crawler.com/)" 
5.9.38.51 - - [06/May/2017:21:02:39 -0700] "GET /category.php?cPath=2_3084 HTTP/1.1" 404 340 "-" "Mozilla/5.0 (compatible; BLEXBot/1.0; +http://webmeup-crawler.com/)" 
5.9.38.51 - - [06/May/2017:21:02:44 -0700] "GET /category.php?cPath=2_3160 HTTP/1.1" 404 340 "-" "Mozilla/5.0 (compatible; BLEXBot/1.0; +http://webmeup-crawler.com/)" 
207.46.13.123 - - [06/May/2017:21:02:46 -0700] "GET /self.logs/error.log.2015-08-13.gz HTTP/1.1" 301 544 "-" "Mozilla/5.0 (compatible; bingbot/2.0; +http://www.bing.com/bingbot.htm)" 
5.9.38.51 - - [06/May/2017:21:02:50 -0700] "GET /conditions.php HTTP/1.1" 404 340 "-" "Mozilla/5.0 (compatible; BLEXBot/1.0; +http://webmeup-crawler.com/)" 
5.9.38.51 - - [06/May/2017:21:02:55 -0700] "GET /data HTTP/1.1" 404 340 "-" "Mozilla/5.0 (compatible; BLEXBot/1.0; +http://webmeup-crawler.com/)" 
5.9.38.51 - - [06/May/2017:21:03:01 -0700] "GET /fabrics.php HTTP/1.1" 404 340 "-" "Mozilla/5.0 (compatible; BLEXBot/1.0; +http://webmeup-crawler.com/)" 
5.9.38.51 - - [06/May/2017:21:03:06 -0700] "GET /hours-location.php HTTP/1.1" 404 340 "-" "Mozilla/5.0 (compatible; BLEXBot/1.0; +http://webmeup-crawler.com/)" 
5.9.38.51 - - [06/May/2017:21:03:13 -0700] "GET /products.php?cPath=2_1902_1907 HTTP/1.1" 404 340 "-" "Mozilla/5.0 (compatible; BLEXBot/1.0; +http://webmeup-crawler.com/)" 
5.9.38.51 - - [06/May/2017:21:03:18 -0700] "GET /products.php?cPath=2_1902_1909 HTTP/1.1" 404 340 "-" "Mozilla/5.0 (compatible; BLEXBot/1.0; +http://webmeup-crawler.com/)" 
5.9.38.51 - - [06/May/2017:21:03:22 -0700] "GET /products.php?cPath=2_1902_1910 HTTP/1.1" 404 340 "-" "Mozilla/5.0 (compatible; BLEXBot/1.0; +http://webmeup-crawler.com/)" 
5.9.38.51 - - [06/May/2017:21:03:27 -0700] "GET /products.php?cPath=2_1902_1911 HTTP/1.1" 404 340 "-" "Mozilla/5.0 (compatible; BLEXBot/1.0; +http://webmeup-crawler.com/)" 
5.9.38.51 - - [06/May/2017:21:03:35 -0700] "GET /products.php?cPath=2_1902_1912 HTTP/1.1" 404 340 "-" "Mozilla/5.0 (compatible; BLEXBot/1.0; +http://webmeup-crawler.com/)" 
5.9.38.51 - - [06/May/2017:21:03:41 -0700] "GET /products.php?cPath=2_1902_1938 HTTP/1.1" 404 340 "-" "Mozilla/5.0 (compatible; BLEXBot/1.0; +http://webmeup-crawler.com/)" 
5.9.38.51 - - [06/May/2017:21:03:49 -0700] "GET /products.php?cPath=2_1902_1992 HTTP/1.1" 404 340 "-" "Mozilla/5.0 (compatible; BLEXBot/1.0; +http://webmeup-crawler.com/)" 
5.9.38.51 - - [06/May/2017:21:04:05 -0700] "GET /products.php?cPath=2_1902_2045 HTTP/1.1" 404 340 "-" "Mozilla/5.0 (compatible; BLEXBot/1.0; +http://webmeup-crawler.com/)" 
76.99.62.25 - - [06/May/2017:21:04:07 -0700] "GET / HTTP/1.1" 200 10792 "-" "Mozilla/5.0 (Macintosh; Intel Mac OS X 10_12_4) AppleWebKit/537.36 (KHTML, like Gecko) Chrome/57.0.2987.133 Safari/537.36" 
76.99.62.25 - - [06/May/2017:21:04:07 -0700] "GET /twitter-icon.png HTTP/1.1" 200 27787 "http://www.secrepo.com/" "Mozilla/5.0 (Macintosh; Intel Mac OS X 10_12_4) AppleWebKit/537.36 (KHTML, like Gecko) Chrome/57.0.2987.133 Safari/537.36" 
76.99.62.25 - - [06/May/2017:21:04:07 -0700] "GET /GitHub-Mark.png HTTP/1.1" 200 7428 "http://www.secrepo.com/" "Mozilla/5.0 (Macintosh; Intel Mac OS X 10_12_4) AppleWebKit/537.36 (KHTML, like Gecko) Chrome/57.0.2987.133 Safari/537.36" 
5.9.38.51 - - [06/May/2017:21:04:31 -0700] "GET /products.php?cPath=2_1902_2053 HTTP/1.1" 404 340 "-" "Mozilla/5.0 (compatible; BLEXBot/1.0; +http://webmeup-crawler.com/)" 
5.9.38.51 - - [06/May/2017:21:04:38 -0700] "GET /products.php?cPath=2_1902_3039 HTTP/1.1" 404 340 "-" "Mozilla/5.0 (compatible; BLEXBot/1.0; +http://webmeup-crawler.com/)" 
5.9.38.51 - - [06/May/2017:21:04:50 -0700] "GET /products.php?cPath=2_1903_1913 HTTP/1.1" 404 340 "-" "Mozilla/5.0 (compatible; BLEXBot/1.0; +http://webmeup-crawler.com/)" 
207.46.13.94 - - [06/May/2017:21:07:04 -0700] "GET /self.logs/access.log.2015-01-20.gz HTTP/1.1" 301 545 "-" "Mozilla/5.0 (compatible; bingbot/2.0; +http://www.bing.com/bingbot.htm)" 
5.9.38.51 - - [06/May/2017:21:09:21 -0700] "GET /robots.txt HTTP/1.1" 301 502 "-" "Mozilla/5.0 (compatible; BLEXBot/1.0; +http://webmeup-crawler.com/)" 
5.9.38.51 - - [06/May/2017:21:09:21 -0700] "GET /robots.txt HTTP/1.1" 200 334 "-" "Mozilla/5.0 (compatible; BLEXBot/1.0; +http://webmeup-crawler.com/)" 
5.9.38.51 - - [06/May/2017:21:09:22 -0700] "GET /products.php?cPath=2_1903_1914 HTTP/1.1" 404 339 "-" "Mozilla/5.0 (compatible; BLEXBot/1.0; +http://webmeup-crawler.com/)" 
5.9.38.51 - - [06/May/2017:21:09:38 -0700] "GET /products.php?cPath=2_1903_1915 HTTP/1.1" 404 340 "-" "Mozilla/5.0 (compatible; BLEXBot/1.0; +http://webmeup-crawler.com/)" 
5.9.38.51 - - [06/May/2017:21:09:50 -0700] "GET /products.php?cPath=2_1903_1918 HTTP/1.1" 404 340 "-" "Mozilla/5.0 (compatible; BLEXBot/1.0; +http://webmeup-crawler.com/)" 
5.9.38.51 - - [06/May/2017:21:09:58 -0700] "GET /products.php?cPath=2_1903_1919 HTTP/1.1" 404 340 "-" "Mozilla/5.0 (compatible; BLEXBot/1.0; +http://webmeup-crawler.com/)" 
5.9.38.51 - - [06/May/2017:21:10:03 -0700] "GET /products.php?cPath=2_1903_1920 HTTP/1.1" 404 340 "-" "Mozilla/5.0 (compatible; BLEXBot/1.0; +http://webmeup-crawler.com/)" 
5.9.38.51 - - [06/May/2017:21:10:09 -0700] "GET /products.php?cPath=2_1903_1939 HTTP/1.1" 404 340 "-" "Mozilla/5.0 (compatible; BLEXBot/1.0; +http://webmeup-crawler.com/)" 
5.9.38.51 - - [06/May/2017:21:10:14 -0700] "GET /products.php?cPath=2_1904_1921 HTTP/1.1" 404 340 "-" "Mozilla/5.0 (compatible; BLEXBot/1.0; +http://webmeup-crawler.com/)" 
5.9.38.51 - - [06/May/2017:21:10:22 -0700] "GET /products.php?cPath=2_1904_1922 HTTP/1.1" 404 340 "-" "Mozilla/5.0 (compatible; BLEXBot/1.0; +http://webmeup-crawler.com/)" 
5.9.38.51 - - [06/May/2017:21:10:27 -0700] "GET /products.php?cPath=2_1904_1923_2300 HTTP/1.1" 404 340 "-" "Mozilla/5.0 (compatible; BLEXBot/1.0; +http://webmeup-crawler.com/)" 
5.9.38.51 - - [06/May/2017:21:10:32 -0700] "GET /products.php?cPath=2_1904_1923_2301 HTTP/1.1" 404 340 "-" "Mozilla/5.0 (compatible; BLEXBot/1.0; +http://webmeup-crawler.com/)" 
5.9.38.51 - - [06/May/2017:21:10:41 -0700] "GET /products.php?cPath=2_1904_1923_2302 HTTP/1.1" 404 340 "-" "Mozilla/5.0 (compatible; BLEXBot/1.0; +http://webmeup-crawler.com/)" 
40.77.167.104 - - [06/May/2017:21:10:48 -0700] "GET /self.logs/access.log.2016-04-16.gz HTTP/1.1" 200 9834 "-" "Mozilla/5.0 (compatible; bingbot/2.0; +http://www.bing.com/bingbot.htm)" 
5.9.38.51 - - [06/May/2017:21:10:57 -0700] "GET /products.php?cPath=2_1904_1923_2303 HTTP/1.1" 404 340 "-" "Mozilla/5.0 (compatible; BLEXBot/1.0; +http://webmeup-crawler.com/)" 
5.9.38.51 - - [06/May/2017:21:11:02 -0700] "GET /products.php?cPath=2_1904_1923_2304 HTTP/1.1" 404 340 "-" "Mozilla/5.0 (compatible; BLEXBot/1.0; +http://webmeup-crawler.com/)" 
5.9.38.51 - - [06/May/2017:21:11:07 -0700] "GET /products.php?cPath=2_1904_1923_2305 HTTP/1.1" 404 340 "-" "Mozilla/5.0 (compatible; BLEXBot/1.0; +http://webmeup-crawler.com/)" 
5.9.38.51 - - [06/May/2017:21:11:13 -0700] "GET /products.php?cPath=2_1904_1923_2306 HTTP/1.1" 404 340 "-" "Mozilla/5.0 (compatible; BLEXBot/1.0; +http://webmeup-crawler.com/)" 
5.9.38.51 - - [06/May/2017:21:11:22 -0700] "GET /products.php?cPath=2_1904_1924 HTTP/1.1" 404 340 "-" "Mozilla/5.0 (compatible; BLEXBot/1.0; +http://webmeup-crawler.com/)" 
5.9.38.51 - - [06/May/2017:21:11:28 -0700] "GET /products.php?cPath=2_1904_1925 HTTP/1.1" 404 340 "-" "Mozilla/5.0 (compatible; BLEXBot/1.0; +http://webmeup-crawler.com/)" 
5.9.38.51 - - [06/May/2017:21:11:34 -0700] "GET /products.php?cPath=2_1904_1926 HTTP/1.1" 404 340 "-" "Mozilla/5.0 (compatible; BLEXBot/1.0; +http://webmeup-crawler.com/)" 
5.9.38.51 - - [06/May/2017:21:11:40 -0700] "GET /products.php?cPath=2_1904_3103 HTTP/1.1" 404 340 "-" "Mozilla/5.0 (compatible; BLEXBot/1.0; +http://webmeup-crawler.com/)" 
5.9.38.51 - - [06/May/2017:21:11:45 -0700] "GET /products.php?cPath=2_1904_3104 HTTP/1.1" 404 340 "-" "Mozilla/5.0 (compatible; BLEXBot/1.0; +http://webmeup-crawler.com/)" 
5.9.38.51 - - [06/May/2017:21:11:51 -0700] "GET /products.php?cPath=2_1905_1927 HTTP/1.1" 404 340 "-" "Mozilla/5.0 (compatible; BLEXBot/1.0; +http://webmeup-crawler.com/)" 
5.9.38.51 - - [06/May/2017:21:11:57 -0700] "GET /products.php?cPath=2_1905_1928 HTTP/1.1" 404 340 "-" "Mozilla/5.0 (compatible; BLEXBot/1.0; +http://webmeup-crawler.com/)" 
5.9.38.51 - - [06/May/2017:21:12:04 -0700] "GET /products.php?cPath=2_1905_1929 HTTP/1.1" 404 340 "-" "Mozilla/5.0 (compatible; BLEXBot/1.0; +http://webmeup-crawler.com/)" 
5.9.38.51 - - [06/May/2017:21:12:09 -0700] "GET /products.php?cPath=2_1905_1930 HTTP/1.1" 404 340 "-" "Mozilla/5.0 (compatible; BLEXBot/1.0; +http://webmeup-crawler.com/)" 
5.9.38.51 - - [06/May/2017:21:12:14 -0700] "GET /products.php?cPath=2_1905_2750 HTTP/1.1" 404 340 "-" "Mozilla/5.0 (compatible; BLEXBot/1.0; +http://webmeup-crawler.com/)" 
5.9.38.51 - - [06/May/2017:21:12:21 -0700] "GET /products.php?cPath=2_1905_3102 HTTP/1.1" 404 340 "-" "Mozilla/5.0 (compatible; BLEXBot/1.0; +http://webmeup-crawler.com/)" 
5.9.38.51 - - [06/May/2017:21:12:25 -0700] "GET /products.php?cPath=2_1906_1931 HTTP/1.1" 404 340 "-" "Mozilla/5.0 (compatible; BLEXBot/1.0; +http://webmeup-crawler.com/)" 
5.9.38.51 - - [06/May/2017:21:12:33 -0700] "GET /products.php?cPath=2_1906_1932 HTTP/1.1" 404 340 "-" "Mozilla/5.0 (compatible; BLEXBot/1.0; +http://webmeup-crawler.com/)" 
5.9.38.51 - - [06/May/2017:21:13:02 -0700] "GET /products.php?cPath=2_1906_1933 HTTP/1.1" 404 340 "-" "Mozilla/5.0 (compatible; BLEXBot/1.0; +http://webmeup-crawler.com/)" 
5.9.38.51 - - [06/May/2017:21:13:07 -0700] "GET /products.php?cPath=2_1906_2443 HTTP/1.1" 404 340 "-" "Mozilla/5.0 (compatible; BLEXBot/1.0; +http://webmeup-crawler.com/)" 
5.9.38.51 - - [06/May/2017:21:13:13 -0700] "GET /products.php?cPath=2_2439_2786_2788 HTTP/1.1" 404 340 "-" "Mozilla/5.0 (compatible; BLEXBot/1.0; +http://webmeup-crawler.com/)" 
5.9.38.51 - - [06/May/2017:21:13:22 -0700] "GET /products.php?cPath=2_2439_2786_2789 HTTP/1.1" 404 340 "-" "Mozilla/5.0 (compatible; BLEXBot/1.0; +http://webmeup-crawler.com/)" 
5.9.38.51 - - [06/May/2017:21:13:28 -0700] "GET /products.php?cPath=2_2439_2786_2790 HTTP/1.1" 404 340 "-" "Mozilla/5.0 (compatible; BLEXBot/1.0; +http://webmeup-crawler.com/)" 
5.9.38.51 - - [06/May/2017:21:13:35 -0700] "GET /products.php?cPath=2_2439_2786_2791 HTTP/1.1" 404 340 "-" "Mozilla/5.0 (compatible; BLEXBot/1.0; +http://webmeup-crawler.com/)" 
5.9.38.51 - - [06/May/2017:21:13:40 -0700] "GET /products.php?cPath=2_3051_1916 HTTP/1.1" 404 340 "-" "Mozilla/5.0 (compatible; BLEXBot/1.0; +http://webmeup-crawler.com/)" 
5.9.38.51 - - [06/May/2017:21:13:48 -0700] "GET /products.php?cPath=2_3051_1917 HTTP/1.1" 404 340 "-" "Mozilla/5.0 (compatible; BLEXBot/1.0; +http://webmeup-crawler.com/)" 
66.249.66.197 - - [06/May/2017:21:13:48 -0700] "GET /robots.txt HTTP/1.1" 301 502 "-" "Mozilla/5.0 (compatible; Googlebot/2.1; +http://www.google.com/bot.html)" 
66.249.66.105 - - [06/May/2017:21:13:49 -0700] "GET /robots.txt HTTP/1.1" 200 334 "-" "Mozilla/5.0 (compatible; Googlebot/2.1; +http://www.google.com/bot.html)" 
66.249.66.197 - - [06/May/2017:21:13:49 -0700] "GET / HTTP/1.1" 301 482 "-" "Mozilla/5.0 (compatible; Googlebot/2.1; +http://www.google.com/bot.html)" 
66.249.66.103 - - [06/May/2017:21:13:49 -0700] "GET / HTTP/1.1" 200 10792 "-" "Mozilla/5.0 (compatible; Googlebot/2.1; +http://www.google.com/bot.html)" 
5.9.38.51 - - [06/May/2017:21:13:54 -0700] "GET /products.php?cPath=2_3082_3054 HTTP/1.1" 404 340 "-" "Mozilla/5.0 (compatible; BLEXBot/1.0; +http://webmeup-crawler.com/)" 
5.9.38.51 - - [06/May/2017:21:14:01 -0700] "GET /products.php?cPath=2_3082_3055 HTTP/1.1" 404 340 "-" "Mozilla/5.0 (compatible; BLEXBot/1.0; +http://webmeup-crawler.com/)" 
5.9.38.51 - - [06/May/2017:21:14:07 -0700] "GET /products.php?cPath=2_3082_3056 HTTP/1.1" 404 340 "-" "Mozilla/5.0 (compatible; BLEXBot/1.0; +http://webmeup-crawler.com/)" 
5.9.38.51 - - [06/May/2017:21:14:13 -0700] "GET /products.php?cPath=2_3082_3057 HTTP/1.1" 404 340 "-" "Mozilla/5.0 (compatible; BLEXBot/1.0; +http://webmeup-crawler.com/)" 
5.9.38.51 - - [06/May/2017:21:14:19 -0700] "GET /products.php?cPath=2_3160_3161 HTTP/1.1" 404 340 "-" "Mozilla/5.0 (compatible; BLEXBot/1.0; +http://webmeup-crawler.com/)" 
5.9.38.51 - - [06/May/2017:21:14:25 -0700] "GET /products.php?cPath=2_3160_3162 HTTP/1.1" 404 340 "-" "Mozilla/5.0 (compatible; BLEXBot/1.0; +http://webmeup-crawler.com/)" 
5.9.38.51 - - [06/May/2017:21:14:32 -0700] "GET /seating-chart.php HTTP/1.1" 404 340 "-" "Mozilla/5.0 (compatible; BLEXBot/1.0; +http://webmeup-crawler.com/)" 
5.9.38.51 - - [06/May/2017:21:14:42 -0700] "GET /self.logs/ HTTP/1.1" 200 17166 "-" "Mozilla/5.0 (compatible; BLEXBot/1.0; +http://webmeup-crawler.com/)" 
5.9.38.51 - - [06/May/2017:21:14:53 -0700] "GET /self.logs/?C=M;O=A HTTP/1.1" 200 17539 "-" "Mozilla/5.0 (compatible; BLEXBot/1.0; +http://webmeup-crawler.com/)" 
5.9.38.51 - - [06/May/2017:21:15:03 -0700] "GET /self.logs/?C=S;O=D HTTP/1.1" 200 19355 "-" "Mozilla/5.0 (compatible; BLEXBot/1.0; +http://webmeup-crawler.com/)" 
5.9.38.51 - - [06/May/2017:21:15:12 -0700] "GET /shipping.php HTTP/1.1" 404 340 "-" "Mozilla/5.0 (compatible; BLEXBot/1.0; +http://webmeup-crawler.com/)" 
5.9.38.51 - - [06/May/2017:21:15:19 -0700] "GET /stains-paints.php HTTP/1.1" 404 340 "-" "Mozilla/5.0 (compatible; BLEXBot/1.0; +http://webmeup-crawler.com/)" 
159.226.251.229 - - [06/May/2017:21:16:23 -0700] "GET /maccdc2012/conn.log.gz HTTP/1.1" 304 156 "-" "Mozilla/5.0 Gecko/20100115 Firefox/3.6" 
207.46.13.123 - - [06/May/2017:21:19:42 -0700] "GET /self.logs/error.log.2015-02-18.gz HTTP/1.1" 301 544 "-" "Mozilla/5.0 (compatible; bingbot/2.0; +http://www.bing.com/bingbot.htm)" 
115.133.89.82 - - [06/May/2017:21:21:24 -0700] "GET / HTTP/1.1" 200 10792 "https://www.google.com/" "Mozilla/5.0 (Macintosh; Intel Mac OS X 10.12; rv:53.0) Gecko/20100101 Firefox/53.0" 
115.133.89.82 - - [06/May/2017:21:21:25 -0700] "GET /bootstrap/img/favicon.ico HTTP/1.1" 200 589 "-" "Mozilla/5.0 (Macintosh; Intel Mac OS X 10.12; rv:53.0) Gecko/20100101 Firefox/53.0" 
115.133.89.82 - - [06/May/2017:21:21:25 -0700] "GET /twitter-icon.png HTTP/1.1" 200 27787 "http://www.secrepo.com/" "Mozilla/5.0 (Macintosh; Intel Mac OS X 10.12; rv:53.0) Gecko/20100101 Firefox/53.0" 
115.133.89.82 - - [06/May/2017:21:21:26 -0700] "GET /GitHub-Mark.png HTTP/1.1" 200 7428 "http://www.secrepo.com/" "Mozilla/5.0 (Macintosh; Intel Mac OS X 10.12; rv:53.0) Gecko/20100101 Firefox/53.0" 
115.133.89.82 - - [06/May/2017:21:23:22 -0700] "GET /maccdc2012/dhcp.log.gz HTTP/1.1" 200 45019 "http://www.secrepo.com/" "Mozilla/5.0 (Macintosh; Intel Mac OS X 10.12; rv:53.0) Gecko/20100101 Firefox/53.0" 
115.133.89.82 - - [06/May/2017:21:23:41 -0700] "GET /maccdc2012/dns.log.gz HTTP/1.1" 200 6629420 "http://www.secrepo.com/" "Mozilla/5.0 (Macintosh; Intel Mac OS X 10.12; rv:53.0) Gecko/20100101 Firefox/53.0" 
207.46.13.94 - - [06/May/2017:21:27:05 -0700] "GET /self.logs/error.log.2015-11-22.gz HTTP/1.1" 200 1000 "-" "Mozilla/5.0 (compatible; bingbot/2.0; +http://www.bing.com/bingbot.htm)" 
157.55.39.155 - - [06/May/2017:21:28:35 -0700] "GET /self.logs/error.log.2015-11-14.gz HTTP/1.1" 301 544 "-" "Mozilla/5.0 (compatible; bingbot/2.0; +http://www.bing.com/bingbot.htm)" 
196.52.19.14 - - [06/May/2017:21:41:42 -0700] "GET / HTTP/1.1" 200 10792 "-" "Mozilla/5.0 (Windows NT 10.0; Win64; x64) AppleWebKit/537.36 (KHTML, like Gecko) Chrome/57.0.2987.133 Safari/537.36" 
196.52.19.14 - - [06/May/2017:21:41:43 -0700] "GET /twitter-icon.png HTTP/1.1" 200 27787 "http://www.secrepo.com/" "Mozilla/5.0 (Windows NT 10.0; Win64; x64) AppleWebKit/537.36 (KHTML, like Gecko) Chrome/57.0.2987.133 Safari/537.36" 
196.52.19.14 - - [06/May/2017:21:41:43 -0700] "GET /GitHub-Mark.png HTTP/1.1" 200 7428 "http://www.secrepo.com/" "Mozilla/5.0 (Windows NT 10.0; Win64; x64) AppleWebKit/537.36 (KHTML, like Gecko) Chrome/57.0.2987.133 Safari/537.36" 
196.52.19.14 - - [06/May/2017:21:41:46 -0700] "GET /bootstrap/img/favicon.ico HTTP/1.1" 200 590 "http://www.secrepo.com/" "Mozilla/5.0 (Windows NT 10.0; Win64; x64) AppleWebKit/537.36 (KHTML, like Gecko) Chrome/57.0.2987.133 Safari/537.36" 
157.55.39.155 - - [06/May/2017:21:42:29 -0700] "GET /self.logs/error.log.2016-03-23.gz HTTP/1.1" 301 544 "-" "Mozilla/5.0 (compatible; bingbot/2.0; +http://www.bing.com/bingbot.htm)" 
207.46.13.94 - - [06/May/2017:21:42:43 -0700] "GET /self.logs/access.log.2016-01-30.gz HTTP/1.1" 200 34310 "-" "Mozilla/5.0 (compatible; bingbot/2.0; +http://www.bing.com/bingbot.htm)" 
207.46.13.123 - - [06/May/2017:21:48:57 -0700] "GET /self.logs/error.log.2017-02-13.gz HTTP/1.1" 200 1069 "-" "Mozilla/5.0 (compatible; bingbot/2.0; +http://www.bing.com/bingbot.htm)" 
207.46.13.94 - - [06/May/2017:21:54:37 -0700] "GET /self.logs/access.log.2016-12-27.gz HTTP/1.1" 200 30979 "-" "Mozilla/5.0 (compatible; bingbot/2.0; +http://www.bing.com/bingbot.htm)" 
50.167.98.186 - - [06/May/2017:21:54:44 -0700] "GET /wp-login.php HTTP/1.1" 404 295 "-" "Mozilla/5.0 (Windows NT 6.1; WOW64; rv:40.0) Gecko/20100101 Firefox/40.1" 
50.167.98.186 - - [06/May/2017:21:54:49 -0700] "GET /wp-login.php HTTP/1.1" 404 295 "-" "Mozilla/5.0 (Windows NT 6.1; WOW64; rv:40.0) Gecko/20100101 Firefox/40.1" 
50.167.98.186 - - [06/May/2017:21:54:54 -0700] "GET / HTTP/1.1" 200 36475 "-" "Mozilla/5.0 (Windows NT 6.1; WOW64; rv:40.0) Gecko/20100101 Firefox/40.1" 
120.192.95.88 - - [06/May/2017:21:59:13 -0700] "GET /maccdc2012/maccdc2012_full_alert.7z HTTP/1.1" 304 132 "-" "Mozilla/5.0 Gecko/20100115 Firefox/3.6" 
164.132.161.2 - - [06/May/2017:22:01:24 -0700] "GET /self.logs/access.log.2015-09-24.gz HTTP/1.1" 200 4748 "-" "Mozilla/5.0 (compatible; AhrefsBot/5.2; +http://ahrefs.com/robot/)" 
148.62.14.178 - - [06/May/2017:22:03:20 -0700] "GET /robots.txt HTTP/1.1" 301 446 "-" "Tornado-Async-Client" 
148.62.14.178 - - [06/May/2017:22:03:20 -0700] "GET /robots.txt HTTP/1.1" 304 130 "-" "Tornado-Async-Client" 
148.62.14.178 - - [06/May/2017:22:03:20 -0700] "GET /honeypot/BSidesDFW%20-%202014.ipynb HTTP/1.1" 301 484 "-" "Tornado-Async-Client" 
148.62.14.178 - - [06/May/2017:22:03:20 -0700] "GET /honeypot/BSidesDFW%20-%202014.ipynb HTTP/1.1" 200 930780 "-" "Tornado-Async-Client" 
207.46.13.94 - - [06/May/2017:22:03:32 -0700] "GET /self.logs/error.log.2015-06-22.gz HTTP/1.1" 301 544 "-" "Mozilla/5.0 (compatible; bingbot/2.0; +http://www.bing.com/bingbot.htm)" 
1.53.12.23 - - [06/May/2017:22:06:45 -0700] "GET /honeypot/BSidesDFW%20-%202014.ipynb HTTP/1.1" 200 930836 "http://www.secrepo.com/" "Mozilla/5.0 (Windows NT 6.1; WOW64) AppleWebKit/537.36 (KHTML, like Gecko) Maxthon/4.4.3.4000 Chrome/30.0.1599.101 Safari/537.36" 
49.199.200.209 - - [06/May/2017:22:12:45 -0700] "GET / HTTP/1.1" 200 10792 "-" "Mozilla/5.0 (iPhone; CPU iPhone OS 10_3_1 like Mac OS X) AppleWebKit/603.1.30 (KHTML, like Gecko) Version/10.0 Mobile/14E304 Safari/602.1" 
49.199.200.209 - - [06/May/2017:22:12:45 -0700] "GET / HTTP/1.1" 200 10792 "-" "Mozilla/5.0 (iPhone; CPU iPhone OS 10_3_1 like Mac OS X) AppleWebKit/603.1.30 (KHTML, like Gecko) Version/10.0 Mobile/14E304 Safari/602.1" 
49.199.200.209 - - [06/May/2017:22:12:45 -0700] "GET /twitter-icon.png HTTP/1.1" 200 27787 "http://www.secrepo.com/" "Mozilla/5.0 (iPhone; CPU iPhone OS 10_3_1 like Mac OS X) AppleWebKit/603.1.30 (KHTML, like Gecko) Version/10.0 Mobile/14E304 Safari/602.1" 
49.199.200.209 - - [06/May/2017:22:12:45 -0700] "GET /twitter-icon.png HTTP/1.1" 200 27787 "http://www.secrepo.com/" "Mozilla/5.0 (iPhone; CPU iPhone OS 10_3_1 like Mac OS X) AppleWebKit/603.1.30 (KHTML, like Gecko) Version/10.0 Mobile/14E304 Safari/602.1" 
49.199.200.209 - - [06/May/2017:22:12:46 -0700] "GET /GitHub-Mark.png HTTP/1.1" 200 7428 "http://www.secrepo.com/" "Mozilla/5.0 (iPhone; CPU iPhone OS 10_3_1 like Mac OS X) AppleWebKit/603.1.30 (KHTML, like Gecko) Version/10.0 Mobile/14E304 Safari/602.1" 
49.199.200.209 - - [06/May/2017:22:12:46 -0700] "GET /GitHub-Mark.png HTTP/1.1" 200 7428 "http://www.secrepo.com/" "Mozilla/5.0 (iPhone; CPU iPhone OS 10_3_1 like Mac OS X) AppleWebKit/603.1.30 (KHTML, like Gecko) Version/10.0 Mobile/14E304 Safari/602.1" 
120.29.118.214 - - [06/May/2017:22:15:49 -0700] "GET /wp-login.php HTTP/1.1" 404 295 "-" "Mozilla/5.0 (Windows NT 6.1; WOW64; rv:40.0) Gecko/20100101 Firefox/40.1" 
120.29.118.214 - - [06/May/2017:22:15:54 -0700] "GET /wp-login.php HTTP/1.1" 404 295 "-" "Mozilla/5.0 (Windows NT 6.1; WOW64; rv:40.0) Gecko/20100101 Firefox/40.1" 
120.29.118.214 - - [06/May/2017:22:15:59 -0700] "GET / HTTP/1.1" 200 36475 "-" "Mozilla/5.0 (Windows NT 6.1; WOW64; rv:40.0) Gecko/20100101 Firefox/40.1" 
40.77.167.104 - - [06/May/2017:22:17:09 -0700] "GET /self.logs/error.log.2016-06-12.gz HTTP/1.1" 200 1207 "-" "Mozilla/5.0 (compatible; bingbot/2.0; +http://www.bing.com/bingbot.htm)" 
155.143.104.61 - - [06/May/2017:22:24:05 -0700] "GET / HTTP/1.1" 200 10792 "-" "Mozilla/5.0 (Windows NT 6.3; Win64; x64) AppleWebKit/537.36 (KHTML, like Gecko) Chrome/58.0.3029.96 Safari/537.36" 
155.143.104.61 - - [06/May/2017:22:24:06 -0700] "GET /twitter-icon.png HTTP/1.1" 200 27787 "http://www.secrepo.com/" "Mozilla/5.0 (Windows NT 6.3; Win64; x64) AppleWebKit/537.36 (KHTML, like Gecko) Chrome/58.0.3029.96 Safari/537.36" 
155.143.104.61 - - [06/May/2017:22:24:06 -0700] "GET /GitHub-Mark.png HTTP/1.1" 200 7428 "http://www.secrepo.com/" "Mozilla/5.0 (Windows NT 6.3; Win64; x64) AppleWebKit/537.36 (KHTML, like Gecko) Chrome/58.0.3029.96 Safari/537.36" 
155.143.104.61 - - [06/May/2017:22:24:08 -0700] "GET /bootstrap/img/favicon.ico HTTP/1.1" 200 589 "http://www.secrepo.com/" "Mozilla/5.0 (Windows NT 6.3; Win64; x64) AppleWebKit/537.36 (KHTML, like Gecko) Chrome/58.0.3029.96 Safari/537.36" 
139.205.95.231 - - [06/May/2017:22:25:03 -0700] "GET / HTTP/1.1" 200 10792 "http://m.blog.csdn.net/article/details?id=54922316" "Mozilla/5.0 (iPhone; CPU iPhone OS 10_3_1 like Mac OS X) AppleWebKit/603.1.30 (KHTML, like Gecko) Mobile/14E304 MicroMessenger/6.5.7 NetType/WIFI Language/zh_CN" 
139.205.95.231 - - [06/May/2017:22:25:04 -0700] "GET /twitter-icon.png HTTP/1.1" 200 27787 "http://www.secrepo.com/" "Mozilla/5.0 (iPhone; CPU iPhone OS 10_3_1 like Mac OS X) AppleWebKit/603.1.30 (KHTML, like Gecko) Mobile/14E304 MicroMessenger/6.5.7 NetType/WIFI Language/zh_CN" 
139.205.95.231 - - [06/May/2017:22:25:04 -0700] "GET /GitHub-Mark.png HTTP/1.1" 200 7428 "http://www.secrepo.com/" "Mozilla/5.0 (iPhone; CPU iPhone OS 10_3_1 like Mac OS X) AppleWebKit/603.1.30 (KHTML, like Gecko) Mobile/14E304 MicroMessenger/6.5.7 NetType/WIFI Language/zh_CN" 
139.205.95.231 - - [06/May/2017:22:25:11 -0700] "GET /twitter-icon.png HTTP/1.1" 200 27788 "-" "WeChat/6.5.7.32 CFNetwork/811.4.18 Darwin/16.5.0" 
61.151.217.45 - - [06/May/2017:22:25:12 -0700] "GET / HTTP/1.1" 200 10792 "-" "Mozilla/5.0 (iPhone; CPU iPhone OS 10_2_1 like Mac OS X) AppleWebKit/602.4.6 (KHTML, like Gecko) Mobile/14D27 MicroMessenger/6.5.5 NetType/WIFI Language/en" 
207.46.13.123 - - [06/May/2017:22:26:23 -0700] "GET /honeypot/Honeypot%20-%20Howto%20-%20BSides%20Austin.pdf HTTP/1.1" 200 2928460 "-" "Mozilla/5.0 (iPhone; CPU iPhone OS 7_0 like Mac OS X) AppleWebKit/537.51.1 (KHTML, like Gecko) Version/7.0 Mobile/11A465 Safari/9537.53 (compatible; bingbot/2.0; +http://www.bing.com/bingbot.htm)" 
202.115.52.226 - - [06/May/2017:22:26:44 -0700] "GET / HTTP/1.1" 200 10792 "-" "Mozilla/5.0 (Macintosh; Intel Mac OS X 10_12_1) AppleWebKit/602.2.14 (KHTML, like Gecko) Version/10.0.1 Safari/602.2.14" 
202.115.52.226 - - [06/May/2017:22:26:45 -0700] "GET /twitter-icon.png HTTP/1.1" 200 27787 "http://www.secrepo.com/" "Mozilla/5.0 (Macintosh; Intel Mac OS X 10_12_1) AppleWebKit/602.2.14 (KHTML, like Gecko) Version/10.0.1 Safari/602.2.14" 
202.115.52.226 - - [06/May/2017:22:26:45 -0700] "GET /GitHub-Mark.png HTTP/1.1" 200 7428 "http://www.secrepo.com/" "Mozilla/5.0 (Macintosh; Intel Mac OS X 10_12_1) AppleWebKit/602.2.14 (KHTML, like Gecko) Version/10.0.1 Safari/602.2.14" 
202.115.52.226 - - [06/May/2017:22:26:47 -0700] "GET /bootstrap/img/favicon.ico HTTP/1.1" 200 590 "http://www.secrepo.com/" "Mozilla/5.0 (Macintosh; Intel Mac OS X 10_12_1) AppleWebKit/602.2.14 (KHTML, like Gecko) Version/10.0.1 Safari/602.2.14" 
50.167.98.186 - - [06/May/2017:22:29:55 -0700] "GET /wp-login.php HTTP/1.1" 301 522 "-" "Mozilla/5.0 (Windows NT 6.1; WOW64; rv:40.0) Gecko/20100101 Firefox/40.1" 
50.167.98.186 - - [06/May/2017:22:29:55 -0700] "GET /wp-login.php HTTP/1.1" 404 295 "-" "Mozilla/5.0 (Windows NT 6.1; WOW64; rv:40.0) Gecko/20100101 Firefox/40.1" 
50.167.98.186 - - [06/May/2017:22:30:03 -0700] "GET /wp-login.php HTTP/1.1" 301 522 "-" "Mozilla/5.0 (Windows NT 6.1; WOW64; rv:40.0) Gecko/20100101 Firefox/40.1" 
50.167.98.186 - - [06/May/2017:22:30:03 -0700] "GET /wp-login.php HTTP/1.1" 404 295 "-" "Mozilla/5.0 (Windows NT 6.1; WOW64; rv:40.0) Gecko/20100101 Firefox/40.1" 
50.167.98.186 - - [06/May/2017:22:30:08 -0700] "GET / HTTP/1.1" 301 498 "-" "Mozilla/5.0 (Windows NT 6.1; WOW64; rv:40.0) Gecko/20100101 Firefox/40.1" 
50.167.98.186 - - [06/May/2017:22:30:09 -0700] "GET / HTTP/1.1" 200 36475 "-" "Mozilla/5.0 (Windows NT 6.1; WOW64; rv:40.0) Gecko/20100101 Firefox/40.1" 
202.115.52.226 - - [06/May/2017:22:31:26 -0700] "GET / HTTP/1.1" 200 10792 "-" "Mozilla/5.0 (Macintosh; Intel Mac OS X 10_12_1) AppleWebKit/537.36 (KHTML, like Gecko) Chrome/57.0.2987.133 Safari/537.36" 
202.115.52.226 - - [06/May/2017:22:31:27 -0700] "GET /twitter-icon.png HTTP/1.1" 200 27787 "http://www.secrepo.com/" "Mozilla/5.0 (Macintosh; Intel Mac OS X 10_12_1) AppleWebKit/537.36 (KHTML, like Gecko) Chrome/57.0.2987.133 Safari/537.36" 
202.115.52.226 - - [06/May/2017:22:31:27 -0700] "GET /GitHub-Mark.png HTTP/1.1" 200 7428 "http://www.secrepo.com/" "Mozilla/5.0 (Macintosh; Intel Mac OS X 10_12_1) AppleWebKit/537.36 (KHTML, like Gecko) Chrome/57.0.2987.133 Safari/537.36" 
202.115.52.226 - - [06/May/2017:22:31:39 -0700] "GET /bootstrap/img/favicon.ico HTTP/1.1" 200 590 "http://www.secrepo.com/" "Mozilla/5.0 (Macintosh; Intel Mac OS X 10_12_1) AppleWebKit/537.36 (KHTML, like Gecko) Chrome/57.0.2987.133 Safari/537.36" 
120.92.32.249 - - [06/May/2017:22:35:22 -0700] "GET / HTTP/1.1" 200 10736 "-" "Mozilla/5.0 (Windows NT 6.1; WOW64) AppleWebKit/537.36 (KHTML, like Gecko) Chrome/39.0.2171.95  Safari/537.36" 
123.134.185.142 - - [06/May/2017:22:37:21 -0700] "POST /index.php?m=member&c=index&a=register&siteid=1 HTTP/1.1" 404 295 "http://www.secrepo.com/index.php?m=member&c=index&a=register&siteid=1" "Mozilla/4.0 (compatible; MSIE 9.0; Windows NT 6.1)" 
99.72.225.28 - - [06/May/2017:22:46:24 -0700] "GET / HTTP/1.1" 200 10792 "http://www.kdnuggets.com/2017/01/machine-learning-cyber-security.html" "Mozilla/5.0 (Windows NT 10.0; Win64; x64) AppleWebKit/537.36 (KHTML, like Gecko) Chrome/56.0.2924.87 Safari/537.36" 
99.72.225.28 - - [06/May/2017:22:46:25 -0700] "GET /twitter-icon.png HTTP/1.1" 200 27787 "http://www.secrepo.com/" "Mozilla/5.0 (Windows NT 10.0; Win64; x64) AppleWebKit/537.36 (KHTML, like Gecko) Chrome/56.0.2924.87 Safari/537.36" 
99.72.225.28 - - [06/May/2017:22:46:25 -0700] "GET /GitHub-Mark.png HTTP/1.1" 200 7428 "http://www.secrepo.com/" "Mozilla/5.0 (Windows NT 10.0; Win64; x64) AppleWebKit/537.36 (KHTML, like Gecko) Chrome/56.0.2924.87 Safari/537.36" 
99.72.225.28 - - [06/May/2017:22:46:25 -0700] "GET /bootstrap/img/favicon.ico HTTP/1.1" 200 589 "http://www.secrepo.com/" "Mozilla/5.0 (Windows NT 10.0; Win64; x64) AppleWebKit/537.36 (KHTML, like Gecko) Chrome/56.0.2924.87 Safari/537.36" 
40.77.167.104 - - [06/May/2017:22:53:06 -0700] "GET /self.logs/access.log.2016-08-03.gz HTTP/1.1" 301 546 "-" "Mozilla/5.0 (compatible; bingbot/2.0; +http://www.bing.com/bingbot.htm)" 
40.77.167.104 - - [06/May/2017:22:58:01 -0700] "GET /self.logs/access.log.2016-05-14.gz HTTP/1.1" 301 546 "-" "Mozilla/5.0 (compatible; bingbot/2.0; +http://www.bing.com/bingbot.htm)" 
51.255.65.10 - - [06/May/2017:23:00:08 -0700] "GET /self.logs/error.log.2016-02-03.gz HTTP/1.1" 200 710 "-" "Mozilla/5.0 (compatible; AhrefsBot/5.2; +http://ahrefs.com/robot/)" 
108.59.8.80 - - [06/May/2017:23:10:20 -0700] "GET /robots.txt HTTP/1.1" 200 289 "-" "Mozilla/5.0 (compatible; MJ12bot/v1.4.8; http://mj12bot.com/)" 
108.59.8.80 - - [06/May/2017:23:10:22 -0700] "GET / HTTP/1.1" 200 36419 "-" "Mozilla/5.0 (compatible; MJ12bot/v1.4.8; http://mj12bot.com/)" 
159.226.251.229 - - [06/May/2017:23:17:00 -0700] "GET /maccdc2012/maccdc2012_full_alert.7z HTTP/1.1" 304 132 "-" "Mozilla/5.0 Gecko/20100115 Firefox/3.6" 
159.226.251.229 - - [06/May/2017:23:31:29 -0700] "GET /tg/a.zip HTTP/1.1" 304 132 "-" "Mozilla/5.0 Gecko/20100115 Firefox/3.6" 
40.77.167.104 - - [06/May/2017:23:33:04 -0700] "GET /self.logs/error.log.2015-02-20.gz HTTP/1.1" 301 543 "-" "Mozilla/5.0 (compatible; bingbot/2.0; +http://www.bing.com/bingbot.htm)" 
217.182.132.34 - - [06/May/2017:23:44:09 -0700] "GET /self.logs/error.log.2017-02-27.gz HTTP/1.1" 200 983 "-" "Mozilla/5.0 (compatible; AhrefsBot/5.2; +http://ahrefs.com/robot/)" 
40.77.167.104 - - [06/May/2017:23:46:15 -0700] "GET /self.logs/access.log.2015-11-08.gz HTTP/1.1" 301 546 "-" "Mozilla/5.0 (compatible; bingbot/2.0; +http://www.bing.com/bingbot.htm)" 
207.46.13.123 - - [06/May/2017:23:46:49 -0700] "GET /self.logs/error.log.2016-04-18.gz HTTP/1.1" 301 545 "-" "Mozilla/5.0 (compatible; bingbot/2.0; +http://www.bing.com/bingbot.htm)" 
207.46.13.78 - - [06/May/2017:23:48:55 -0700] "GET /self.logs/access.log.2017-04-06.gz HTTP/1.1" 200 31690 "-" "Mozilla/5.0 (compatible; bingbot/2.0; +http://www.bing.com/bingbot.htm)" 
164.132.162.156 - - [07/May/2017:00:06:11 -0700] "GET /self.logs/access.log.2015-08-25.gz HTTP/1.1" 200 6456 "-" "Mozilla/5.0 (compatible; AhrefsBot/5.2; +http://ahrefs.com/robot/)" 
196.249.98.122 - - [07/May/2017:00:09:59 -0700] "GET /wp-login.php HTTP/1.1" 404 295 "-" "Mozilla/5.0 (Windows NT 6.1; WOW64; rv:40.0) Gecko/20100101 Firefox/40.1" 
196.249.98.122 - - [07/May/2017:00:10:04 -0700] "GET /wp-login.php HTTP/1.1" 404 295 "-" "Mozilla/5.0 (Windows NT 6.1; WOW64; rv:40.0) Gecko/20100101 Firefox/40.1" 
196.249.98.122 - - [07/May/2017:00:10:10 -0700] "GET / HTTP/1.1" 200 36475 "-" "Mozilla/5.0 (Windows NT 6.1; WOW64; rv:40.0) Gecko/20100101 Firefox/40.1" 
217.182.132.59 - - [07/May/2017:00:12:06 -0700] "GET /self.logs/error.log.2015-03-23.gz HTTP/1.1" 200 1387 "-" "Mozilla/5.0 (compatible; AhrefsBot/5.2; +http://ahrefs.com/robot/)" 
51.255.65.82 - - [07/May/2017:00:13:03 -0700] "GET /self.logs/access.log.2015-11-25.gz HTTP/1.1" 200 7996 "-" "Mozilla/5.0 (compatible; AhrefsBot/5.2; +http://ahrefs.com/robot/)" 
157.55.39.118 - - [07/May/2017:00:13:34 -0700] "GET /robots.txt HTTP/1.1" 200 334 "-" "Mozilla/5.0 (compatible; bingbot/2.0; +http://www.bing.com/bingbot.htm)" 
207.46.13.94 - - [07/May/2017:00:13:22 -0700] "GET /maccdc2012/conn.log.gz HTTP/1.1" 200 10833103 "-" "msnbot-media/1.1 (+http://search.msn.com/msnbot.htm)" 
159.226.251.229 - - [07/May/2017:00:16:36 -0700] "GET /maccdc2012/conn.log.gz HTTP/1.1" 304 156 "-" "Mozilla/5.0 Gecko/20100115 Firefox/3.6" 
196.249.98.122 - - [07/May/2017:00:17:54 -0700] "GET /wp-login.php HTTP/1.1" 301 522 "-" "Mozilla/5.0 (Windows NT 6.1; WOW64; rv:40.0) Gecko/20100101 Firefox/40.1" 
196.249.98.122 - - [07/May/2017:00:17:55 -0700] "GET /wp-login.php HTTP/1.1" 404 295 "-" "Mozilla/5.0 (Windows NT 6.1; WOW64; rv:40.0) Gecko/20100101 Firefox/40.1" 
196.249.98.122 - - [07/May/2017:00:18:01 -0700] "GET /wp-login.php HTTP/1.1" 301 522 "-" "Mozilla/5.0 (Windows NT 6.1; WOW64; rv:40.0) Gecko/20100101 Firefox/40.1" 
196.249.98.122 - - [07/May/2017:00:18:02 -0700] "GET /wp-login.php HTTP/1.1" 404 295 "-" "Mozilla/5.0 (Windows NT 6.1; WOW64; rv:40.0) Gecko/20100101 Firefox/40.1" 
196.249.98.122 - - [07/May/2017:00:18:07 -0700] "GET / HTTP/1.1" 301 498 "-" "Mozilla/5.0 (Windows NT 6.1; WOW64; rv:40.0) Gecko/20100101 Firefox/40.1" 
196.249.98.122 - - [07/May/2017:00:18:08 -0700] "GET / HTTP/1.1" 200 36475 "-" "Mozilla/5.0 (Windows NT 6.1; WOW64; rv:40.0) Gecko/20100101 Firefox/40.1" 
207.46.13.78 - - [07/May/2017:00:19:13 -0700] "GET /self.logs/error.log.2016-11-25.gz HTTP/1.1" 200 1184 "-" "Mozilla/5.0 (compatible; bingbot/2.0; +http://www.bing.com/bingbot.htm)" 
40.77.167.104 - - [07/May/2017:00:26:58 -0700] "GET /self.logs/error.log.2016-11-27.gz HTTP/1.1" 200 1879 "-" "Mozilla/5.0 (compatible; bingbot/2.0; +http://www.bing.com/bingbot.htm)" 
66.249.93.64 - - [07/May/2017:00:29:20 -0700] "GET / HTTP/1.1" 200 10792 "-" "Mozilla/5.0 (Linux; Android 5.1.1; SM-J200H Build/LMY48B) AppleWebKit/537.36 (KHTML, like Gecko) Chrome/57.0.2987.132 Mobile Safari/537.36" 
66.249.93.95 - - [07/May/2017:00:29:21 -0700] "GET /twitter-icon.png HTTP/1.1" 200 27788 "http://www.secrepo.com/" "Mozilla/5.0 (Linux; Android 5.1.1; SM-J200H Build/LMY48B) AppleWebKit/537.36 (KHTML, like Gecko) Chrome/57.0.2987.132 Mobile Safari/537.36" 
66.249.93.93 - - [07/May/2017:00:29:21 -0700] "GET /GitHub-Mark.png HTTP/1.1" 200 7428 "http://www.secrepo.com/" "Mozilla/5.0 (Linux; Android 5.1.1; SM-J200H Build/LMY48B) AppleWebKit/537.36 (KHTML, like Gecko) Chrome/57.0.2987.132 Mobile Safari/537.36" 
66.249.93.95 - - [07/May/2017:00:29:24 -0700] "GET /bootstrap/img/favicon.ico HTTP/1.1" 200 590 "http://www.secrepo.com/" "Mozilla/5.0 (Linux; Android 5.1.1; SM-J200H Build/LMY48B) AppleWebKit/537.36 (KHTML, like Gecko) Chrome/57.0.2987.132 Mobile Safari/537.36" 
207.46.13.78 - - [07/May/2017:00:35:10 -0700] "GET /self.logs/access.log.2015-04-19.gz HTTP/1.1" 200 4845 "-" "Mozilla/5.0 (compatible; bingbot/2.0; +http://www.bing.com/bingbot.htm)" 
40.77.167.104 - - [07/May/2017:00:39:53 -0700] "GET /self.logs/error.log.2015-02-01.gz HTTP/1.1" 301 543 "-" "Mozilla/5.0 (compatible; bingbot/2.0; +http://www.bing.com/bingbot.htm)" 
40.77.167.104 - - [07/May/2017:00:51:44 -0700] "GET /robots.txt HTTP/1.1" 200 334 "-" "Mozilla/5.0 (compatible; bingbot/2.0; +http://www.bing.com/bingbot.htm)" 
207.46.13.123 - - [07/May/2017:00:52:00 -0700] "GET /honeypot/Honeypot%20-%20Howto%20-%20BSides%20Austin.pdf HTTP/1.1" 200 2928460 "-" "Mozilla/5.0 (iPhone; CPU iPhone OS 7_0 like Mac OS X) AppleWebKit/537.51.1 (KHTML, like Gecko) Version/7.0 Mobile/11A465 Safari/9537.53 (compatible; bingbot/2.0; +http://www.bing.com/bingbot.htm)" 
62.99.220.106 - - [07/May/2017:00:52:19 -0700] "GET / HTTP/1.1" 200 10792 "http://www.mlsecproject.org/" "Mozilla/5.0 (iPad; CPU OS 10_2_1 like Mac OS X) AppleWebKit/602.1.50 (KHTML, like Gecko) CriOS/58.0.3029.83 Mobile/14D27 Safari/602.1" 
62.99.220.106 - - [07/May/2017:00:52:19 -0700] "GET /GitHub-Mark.png HTTP/1.1" 200 7428 "http://www.secrepo.com/" "Mozilla/5.0 (iPad; CPU OS 10_2_1 like Mac OS X) AppleWebKit/602.1.50 (KHTML, like Gecko) CriOS/58.0.3029.83 Mobile/14D27 Safari/602.1" 
62.99.220.106 - - [07/May/2017:00:52:19 -0700] "GET /twitter-icon.png HTTP/1.1" 200 27788 "http://www.secrepo.com/" "Mozilla/5.0 (iPad; CPU OS 10_2_1 like Mac OS X) AppleWebKit/602.1.50 (KHTML, like Gecko) CriOS/58.0.3029.83 Mobile/14D27 Safari/602.1" 
207.46.13.94 - - [07/May/2017:00:55:53 -0700] "GET /self.logs/access.log.2016-06-17.gz HTTP/1.1" 200 12129 "-" "Mozilla/5.0 (compatible; bingbot/2.0; +http://www.bing.com/bingbot.htm)" 
62.99.220.106 - - [07/May/2017:00:57:57 -0700] "GET /honeypot/honeypot.json.zip HTTP/1.1" 200 109500 "http://www.secrepo.com/" "Mozilla/5.0 (iPad; CPU OS 10_2_1 like Mac OS X) AppleWebKit/602.1.50 (KHTML, like Gecko) CriOS/58.0.3029.83 Mobile/14D27 Safari/602.1" 
62.99.220.106 - - [07/May/2017:00:57:57 -0700] "HEAD /honeypot/honeypot.json.zip HTTP/1.1" 200 284 "-" "Mozilla/5.0 (iPad; CPU OS 10_2_1 like Mac OS X) AppleWebKit/602.1.50 (KHTML, like Gecko) CriOS/58.0.3029.83 Mobile/14D27 Safari/602.1" 
120.192.95.88 - - [07/May/2017:00:59:16 -0700] "GET /maccdc2012/maccdc2012_full_alert.7z HTTP/1.1" 304 132 "-" "Mozilla/5.0 Gecko/20100115 Firefox/3.6" 
184.75.212.35 - - [07/May/2017:00:59:54 -0700] "GET / HTTP/1.1" 301 483 "-" "Mozilla/5.0 (Windows NT 6.1; rv:31.0) Gecko/20100101 Firefox/45.0" 
184.75.212.35 - - [07/May/2017:00:59:55 -0700] "GET / HTTP/1.1" 200 10792 "-" "Mozilla/5.0 (Windows NT 6.1; rv:31.0) Gecko/20100101 Firefox/45.0" 
184.75.212.35 - - [07/May/2017:00:59:55 -0700] "GET /GitHub-Mark.png HTTP/1.1" 200 7427 "http://www.secrepo.com/" "Mozilla/5.0 (Windows NT 6.1; rv:31.0) Gecko/20100101 Firefox/45.0" 
184.75.212.35 - - [07/May/2017:00:59:55 -0700] "GET /bootstrap/img/favicon.ico HTTP/1.1" 200 589 "-" "Mozilla/5.0 (Windows NT 6.1; rv:31.0) Gecko/20100101 Firefox/45.0" 
207.46.13.78 - - [07/May/2017:00:59:56 -0700] "GET /self.logs/error.log.2015-11-28.gz HTTP/1.1" 200 619 "-" "Mozilla/5.0 (compatible; bingbot/2.0; +http://www.bing.com/bingbot.htm)" 
68.180.228.173 - - [07/May/2017:01:01:20 -0700] "GET /self.logs/error.log.2016-10-31.gz HTTP/1.1" 200 1013 "-" "Mozilla/5.0 (compatible; Yahoo! Slurp; http://help.yahoo.com/help/us/ysearch/slurp)" 
184.75.212.35 - - [07/May/2017:01:01:15 -0700] "GET /maccdc2012/conn.log.gz HTTP/1.1" 200 363460376 "-" "curl/7.43.0" 
184.75.212.35 - - [07/May/2017:01:04:34 -0700] "GET /maccdc2012/conn.log.gz HTTP/1.1" 200 131984603 "http://www.secrepo.com/" "Mozilla/5.0 (Windows NT 6.1; rv:31.0) Gecko/20100101 Firefox/45.0" 
192.210.227.235 - - [07/May/2017:01:07:21 -0700] "GET / HTTP/1.1" 301 483 "-" "Mozilla/5.0 (Windows NT 6.1; rv:31.0) Gecko/20100101 Firefox/45.0" 
192.210.227.235 - - [07/May/2017:01:07:21 -0700] "GET / HTTP/1.1" 200 10792 "-" "Mozilla/5.0 (Windows NT 6.1; rv:31.0) Gecko/20100101 Firefox/45.0" 
192.210.227.235 - - [07/May/2017:01:07:22 -0700] "GET /GitHub-Mark.png HTTP/1.1" 200 7427 "http://www.secrepo.com/" "Mozilla/5.0 (Windows NT 6.1; rv:31.0) Gecko/20100101 Firefox/45.0" 
192.210.227.235 - - [07/May/2017:01:07:22 -0700] "GET /bootstrap/img/favicon.ico HTTP/1.1" 200 589 "-" "Mozilla/5.0 (Windows NT 6.1; rv:31.0) Gecko/20100101 Firefox/45.0" 
62.99.220.106 - - [07/May/2017:01:08:02 -0700] "GET /Security-Data-Analysis/Lab_1/conn.log.zip HTTP/1.1" 200 89488 "-" "Mozilla/5.0 (iPad; CPU OS 10_2_1 like Mac OS X) AppleWebKit/602.1.50 (KHTML, like Gecko) CriOS/58.0.3029.83 Mobile/14D27 Safari/602.1" 
62.99.220.106 - - [07/May/2017:01:08:04 -0700] "HEAD /Security-Data-Analysis/Lab_1/conn.log.zip HTTP/1.1" 200 306 "-" "Mozilla/5.0 (iPad; CPU OS 10_2_1 like Mac OS X) AppleWebKit/602.1.50 (KHTML, like Gecko) CriOS/58.0.3029.83 Mobile/14D27 Safari/602.1" 
192.210.227.235 - - [07/May/2017:01:07:29 -0700] "GET /maccdc2012/conn.log.gz HTTP/1.1" 200 4730096 "http://www.secrepo.com/" "Mozilla/5.0 (Windows NT 6.1; rv:31.0) Gecko/20100101 Firefox/45.0" 
192.210.227.235 - - [07/May/2017:01:07:37 -0700] "GET /maccdc2012/conn.log.gz HTTP/1.1" 200 155082088 "-" "curl/7.43.0" 
192.210.227.235 - - [07/May/2017:01:10:31 -0700] "GET /maccdc2012/conn.log.gz HTTP/1.1" 200 5649139 "http://www.secrepo.com/" "Mozilla/5.0 (Windows NT 6.1; rv:31.0) Gecko/20100101 Firefox/45.0" 
192.210.227.235 - - [07/May/2017:01:12:25 -0700] "GET /maccdc2012/dns.log.gz HTTP/1.1" 200 6629420 "http://www.secrepo.com/" "Mozilla/5.0 (Windows NT 6.1; rv:31.0) Gecko/20100101 Firefox/45.0" 
217.182.132.176 - - [07/May/2017:01:14:09 -0700] "GET /self.logs/error.log.2015-06-10.gz HTTP/1.1" 200 790 "-" "Mozilla/5.0 (compatible; AhrefsBot/5.2; +http://ahrefs.com/robot/)" 
192.210.227.235 - - [07/May/2017:01:15:04 -0700] "GET /honeypot/honeypot.json.zip HTTP/1.1" 200 23085976 "http://www.secrepo.com/" "Mozilla/5.0 (Windows NT 6.1; rv:31.0) Gecko/20100101 Firefox/45.0" 
192.210.227.235 - - [07/May/2017:01:12:46 -0700] "GET /maccdc2012/conn.log.gz HTTP/1.1" 200 89853891 "http://www.secrepo.com/" "Mozilla/5.0 (Windows NT 6.1; rv:31.0) Gecko/20100101 Firefox/45.0" 
180.76.15.32 - - [07/May/2017:01:23:07 -0700] "GET / HTTP/1.1" 200 36464 "-" "Mozilla/5.0 (compatible; Baiduspider/2.0; +http://www.baidu.com/search/spider.html)" 
207.46.13.94 - - [07/May/2017:01:23:22 -0700] "GET /self.logs/error.log.2016-10-23.gz HTTP/1.1" 200 1278 "-" "Mozilla/5.0 (compatible; bingbot/2.0; +http://www.bing.com/bingbot.htm)" 
180.76.15.134 - - [07/May/2017:01:23:30 -0700] "GET / HTTP/1.1" 200 36464 "-" "Mozilla/5.0 (compatible; Baiduspider/2.0; +http://www.baidu.com/search/spider.html)" 
23.239.81.40 - - [07/May/2017:01:26:58 -0700] "GET / HTTP/1.1" 200 10736 "-" "Mozilla/5.0 (Windows NT 10.0; Win64; x64) AppleWebKit/537.36 (KHTML, like Gecko) Chrome/54.0.2840.99 Safari/537.36" 
207.46.13.78 - - [07/May/2017:01:30:37 -0700] "GET /self.logs/error.log.2015-04-21.gz HTTP/1.1" 301 544 "-" "Mozilla/5.0 (compatible; bingbot/2.0; +http://www.bing.com/bingbot.htm)" 
207.46.13.78 - - [07/May/2017:01:41:38 -0700] "GET /self.logs/error.log.2016-03-02.gz HTTP/1.1" 301 544 "-" "Mozilla/5.0 (compatible; bingbot/2.0; +http://www.bing.com/bingbot.htm)" 
207.46.13.123 - - [07/May/2017:01:50:43 -0700] "GET /self.logs/error.log.2015-04-29.gz HTTP/1.1" 301 544 "-" "Mozilla/5.0 (compatible; bingbot/2.0; +http://www.bing.com/bingbot.htm)" 
51.255.65.64 - - [07/May/2017:01:55:30 -0700] "GET /self.logs/access.log.2017-03-09.gz HTTP/1.1" 200 22719 "-" "Mozilla/5.0 (compatible; AhrefsBot/5.2; +http://ahrefs.com/robot/)" 
112.120.169.254 - - [07/May/2017:01:55:30 -0700] "GET / HTTP/1.1" 200 10792 "-" "Mozilla/5.0 (Macintosh; Intel Mac OS X 10_10_5) AppleWebKit/537.36 (KHTML, like Gecko) Chrome/58.0.3029.96 Safari/537.36" 
112.120.169.254 - - [07/May/2017:01:55:31 -0700] "GET /GitHub-Mark.png HTTP/1.1" 200 7428 "http://www.secrepo.com/" "Mozilla/5.0 (Macintosh; Intel Mac OS X 10_10_5) AppleWebKit/537.36 (KHTML, like Gecko) Chrome/58.0.3029.96 Safari/537.36" 
112.120.169.254 - - [07/May/2017:01:55:31 -0700] "GET /twitter-icon.png HTTP/1.1" 200 27787 "http://www.secrepo.com/" "Mozilla/5.0 (Macintosh; Intel Mac OS X 10_10_5) AppleWebKit/537.36 (KHTML, like Gecko) Chrome/58.0.3029.96 Safari/537.36" 
112.120.169.254 - - [07/May/2017:01:55:33 -0700] "GET /bootstrap/img/favicon.ico HTTP/1.1" 200 589 "http://www.secrepo.com/" "Mozilla/5.0 (Macintosh; Intel Mac OS X 10_10_5) AppleWebKit/537.36 (KHTML, like Gecko) Chrome/58.0.3029.96 Safari/537.36" 
112.198.76.57 - - [07/May/2017:01:56:36 -0700] "GET /wp-login.php HTTP/1.1" 404 295 "-" "Mozilla/5.0 (Windows NT 6.1; WOW64; rv:40.0) Gecko/20100101 Firefox/40.1" 
112.198.76.57 - - [07/May/2017:01:56:42 -0700] "GET /wp-login.php HTTP/1.1" 404 295 "-" "Mozilla/5.0 (Windows NT 6.1; WOW64; rv:40.0) Gecko/20100101 Firefox/40.1" 
112.198.76.57 - - [07/May/2017:01:56:47 -0700] "GET / HTTP/1.1" 200 36475 "-" "Mozilla/5.0 (Windows NT 6.1; WOW64; rv:40.0) Gecko/20100101 Firefox/40.1" 
207.46.13.123 - - [07/May/2017:01:57:16 -0700] "GET /self.logs/access.log.2017-01-01.gz HTTP/1.1" 200 17655 "-" "Mozilla/5.0 (compatible; bingbot/2.0; +http://www.bing.com/bingbot.htm)" 
51.255.65.224 - - [07/May/2017:02:01:43 -0700] "GET /self.logs/access.log.2016-02-09.gz HTTP/1.1" 200 9346 "-" "Mozilla/5.0 (compatible; AhrefsBot/5.2; +http://ahrefs.com/robot/)" 
207.46.13.78 - - [07/May/2017:02:01:47 -0700] "GET /self.logs/error.log.2016-07-06.gz HTTP/1.1" 301 545 "-" "Mozilla/5.0 (compatible; bingbot/2.0; +http://www.bing.com/bingbot.htm)" 
112.135.3.48 - - [07/May/2017:02:10:00 -0700] "GET /wp-login.php HTTP/1.1" 404 295 "-" "Mozilla/5.0 (Windows NT 6.1; WOW64; rv:40.0) Gecko/20100101 Firefox/40.1" 
112.135.3.48 - - [07/May/2017:02:10:05 -0700] "GET /wp-login.php HTTP/1.1" 404 295 "-" "Mozilla/5.0 (Windows NT 6.1; WOW64; rv:40.0) Gecko/20100101 Firefox/40.1" 
112.135.3.48 - - [07/May/2017:02:10:11 -0700] "GET / HTTP/1.1" 200 36475 "-" "Mozilla/5.0 (Windows NT 6.1; WOW64; rv:40.0) Gecko/20100101 Firefox/40.1" 
