112.210.72.97 - - [24/Jun/2017:07:09:25 -0700] "GET /wp-login.php HTTP/1.1" 404 295 "-" "Mozilla/5.0 (Windows NT 6.1; WOW64; rv:40.0) Gecko/20100101 Firefox/40.1" 
112.210.72.97 - - [24/Jun/2017:07:09:30 -0700] "GET / HTTP/1.1" 200 36476 "-" "Mozilla/5.0 (Windows NT 6.1; WOW64; rv:40.0) Gecko/20100101 Firefox/40.1" 
52.168.161.70 - - [24/Jun/2017:07:10:20 -0700] "HEAD / HTTP/1.1" 301 253 "https://www.google.com/" "Mozilla/5.0 (compatible; epicbot; +http://www.epictions.com/epicbot)" 
52.168.161.70 - - [24/Jun/2017:07:10:20 -0700] "HEAD / HTTP/1.1" 301 253 "https://www.google.com/" "Mozilla/5.0 (compatible; epicbot; +http://www.epictions.com/epicbot)" 
52.168.161.70 - - [24/Jun/2017:07:10:21 -0700] "HEAD / HTTP/1.1" 301 253 "https://www.google.com/" "Mozilla/5.0 (compatible; epicbot; +http://www.epictions.com/epicbot)" 
52.168.161.70 - - [24/Jun/2017:07:10:21 -0700] "HEAD / HTTP/1.1" 301 253 "https://www.google.com/" "Mozilla/5.0 (compatible; epicbot; +http://www.epictions.com/epicbot)" 
52.168.161.70 - - [24/Jun/2017:07:10:23 -0700] "HEAD / HTTP/1.1" 301 253 "https://www.google.com/" "Mozilla/5.0 (compatible; epicbot; +http://www.epictions.com/epicbot)" 
52.168.161.70 - - [24/Jun/2017:07:10:23 -0700] "HEAD / HTTP/1.1" 301 253 "https://www.google.com/" "Mozilla/5.0 (compatible; epicbot; +http://www.epictions.com/epicbot)" 
52.168.161.70 - - [24/Jun/2017:07:10:23 -0700] "HEAD / HTTP/1.1" 301 253 "https://www.google.com/" "Mozilla/5.0 (compatible; epicbot; +http://www.epictions.com/epicbot)" 
52.168.161.70 - - [24/Jun/2017:07:10:23 -0700] "HEAD / HTTP/1.1" 301 253 "https://www.google.com/" "Mozilla/5.0 (compatible; epicbot; +http://www.epictions.com/epicbot)" 
52.168.161.70 - - [24/Jun/2017:07:10:23 -0700] "HEAD / HTTP/1.1" 301 253 "https://www.google.com/" "Mozilla/5.0 (compatible; epicbot; +http://www.epictions.com/epicbot)" 
52.168.161.70 - - [24/Jun/2017:07:10:23 -0700] "HEAD / HTTP/1.1" 301 253 "https://www.google.com/" "Mozilla/5.0 (compatible; epicbot; +http://www.epictions.com/epicbot)" 
52.168.161.70 - - [24/Jun/2017:07:10:24 -0700] "HEAD / HTTP/1.1" 301 253 "https://www.google.com/" "Mozilla/5.0 (compatible; epicbot; +http://www.epictions.com/epicbot)" 
52.168.161.70 - - [24/Jun/2017:07:10:24 -0700] "HEAD / HTTP/1.1" 301 253 "https://www.google.com/" "Mozilla/5.0 (compatible; epicbot; +http://www.epictions.com/epicbot)" 
118.175.15.204 - - [24/Jun/2017:07:10:42 -0700] "POST /admin/index.php HTTP/1.1" 301 509 "-" "python-requests/2.18.1" 
118.175.15.204 - - [24/Jun/2017:07:10:44 -0700] "GET /admin/index.php HTTP/1.1" 404 340 "-" "python-requests/2.18.1" 
36.69.49.147 - - [24/Jun/2017:07:10:45 -0700] "GET /wp-login.php HTTP/1.1" 404 295 "-" "Mozilla/5.0 (Windows NT 6.1; WOW64; rv:40.0) Gecko/20100101 Firefox/40.1" 
164.132.161.64 - - [24/Jun/2017:07:13:50 -0700] "GET /self.logs/error.log.2015-11-24.gz HTTP/1.1" 200 1005 "-" "Mozilla/5.0 (compatible; AhrefsBot/5.2; +http://ahrefs.com/robot/)" 
64.233.172.191 - - [24/Jun/2017:07:16:07 -0700] "GET / HTTP/1.1" 200 10794 "-" "Mozilla/5.0 (X11; Linux x86_64) AppleWebKit/537.36 (KHTML, like Gecko) Chrome/49.0.2623.75 Safari/537.36 Google Favicon" 
64.233.172.160 - - [24/Jun/2017:07:16:07 -0700] "GET /bootstrap/img/favicon.ico HTTP/1.1" 200 590 "-" "Mozilla/5.0 (X11; Linux x86_64) AppleWebKit/537.36 (KHTML, like Gecko) Chrome/49.0.2623.75 Safari/537.36 Google Favicon" 
157.49.14.44 - - [24/Jun/2017:07:16:16 -0700] "GET / HTTP/1.1" 200 10794 "-" "Mozilla/5.0 (Linux; Android 6.0; vivo 1601 Build/MRA58K) AppleWebKit/537.36 (KHTML, like Gecko) Chrome/58.0.3029.83 Mobile Safari/537.36" 
157.49.14.44 - - [24/Jun/2017:07:16:17 -0700] "GET /twitter-icon.png HTTP/1.1" 200 27787 "http://www.secrepo.com/" "Mozilla/5.0 (Linux; Android 6.0; vivo 1601 Build/MRA58K) AppleWebKit/537.36 (KHTML, like Gecko) Chrome/58.0.3029.83 Mobile Safari/537.36" 
157.49.14.44 - - [24/Jun/2017:07:16:17 -0700] "GET /GitHub-Mark.png HTTP/1.1" 200 7428 "http://www.secrepo.com/" "Mozilla/5.0 (Linux; Android 6.0; vivo 1601 Build/MRA58K) AppleWebKit/537.36 (KHTML, like Gecko) Chrome/58.0.3029.83 Mobile Safari/537.36" 
157.49.14.44 - - [24/Jun/2017:07:16:19 -0700] "GET /bootstrap/img/favicon.ico HTTP/1.1" 200 589 "http://www.secrepo.com/" "Mozilla/5.0 (Linux; Android 6.0; vivo 1601 Build/MRA58K) AppleWebKit/537.36 (KHTML, like Gecko) Chrome/58.0.3029.83 Mobile Safari/537.36" 
216.244.66.227 - - [24/Jun/2017:07:16:33 -0700] "GET /self.logs/access.log.2017-04-22.gz HTTP/1.1" 200 12859 "-" "Mozilla/5.0 (compatible; DotBot/1.1; http://www.opensiteexplorer.org/dotbot, help@moz.com)" 
118.175.15.204 - - [24/Jun/2017:07:19:10 -0700] "POST /admin/index.php HTTP/1.1" 301 509 "-" "python-requests/2.18.1" 
118.175.15.204 - - [24/Jun/2017:07:19:11 -0700] "GET /admin/index.php HTTP/1.1" 404 340 "-" "python-requests/2.18.1" 
52.168.161.70 - - [24/Jun/2017:07:21:47 -0700] "HEAD / HTTP/1.1" 200 282 "https://www.google.com/" "Mozilla/5.0 (compatible; epicbot; +http://www.epictions.com/epicbot)" 
52.168.161.70 - - [24/Jun/2017:07:21:52 -0700] "HEAD / HTTP/1.1" 200 282 "https://www.google.com/" "Mozilla/5.0 (compatible; epicbot; +http://www.epictions.com/epicbot)" 
52.168.161.70 - - [24/Jun/2017:07:21:52 -0700] "HEAD / HTTP/1.1" 200 282 "https://www.google.com/" "Mozilla/5.0 (compatible; epicbot; +http://www.epictions.com/epicbot)" 
118.175.15.204 - - [24/Jun/2017:07:27:35 -0700] "POST /admin/index.php HTTP/1.1" 301 509 "-" "python-requests/2.18.1" 
118.175.15.204 - - [24/Jun/2017:07:27:36 -0700] "GET /admin/index.php HTTP/1.1" 404 340 "-" "python-requests/2.18.1" 
51.255.71.119 - - [24/Jun/2017:07:31:47 -0700] "GET /self.logs/error.log.2016-05-10.gz HTTP/1.1" 200 779 "-" "Mozilla/5.0 (compatible; AhrefsBot/5.2; +http://ahrefs.com/robot/)" 
66.249.64.159 - - [24/Jun/2017:07:31:49 -0700] "GET / HTTP/1.1" 200 10794 "-" "Mozilla/5.0 (Linux; Android 6.0.1; Nexus 5X Build/MMB29P) AppleWebKit/537.36 (KHTML, like Gecko) Chrome/41.0.2272.96 Mobile Safari/537.36 (compatible; Googlebot/2.1; +http://www.google.com/bot.html)" 
118.175.15.204 - - [24/Jun/2017:07:35:46 -0700] "POST /admin/index.php HTTP/1.1" 301 509 "-" "python-requests/2.18.1" 
118.175.15.204 - - [24/Jun/2017:07:35:56 -0700] "GET /admin/index.php HTTP/1.1" 404 340 "-" "python-requests/2.18.1" 
216.244.66.227 - - [24/Jun/2017:07:42:37 -0700] "GET /robots.txt HTTP/1.1" 200 233 "-" "Mozilla/5.0 (compatible; DotBot/1.1; http://www.opensiteexplorer.org/dotbot, help@moz.com)" 
118.175.15.204 - - [24/Jun/2017:07:44:04 -0700] "POST /admin/index.php HTTP/1.1" 301 509 "-" "python-requests/2.18.1" 
118.175.15.204 - - [24/Jun/2017:07:44:05 -0700] "GET /admin/index.php HTTP/1.1" 404 340 "-" "python-requests/2.18.1" 
174.35.247.55 - - [24/Jun/2017:07:44:15 -0700] "GET / HTTP/1.1" 200 10794 "-" "Mozilla/5.0 (iPhone; CPU iPhone OS 10_3_2 like Mac OS X) AppleWebKit/603.2.4 (KHTML, like Gecko) Version/10.0 Mobile/14F89 Safari/602.1" 
174.35.247.55 - - [24/Jun/2017:07:44:15 -0700] "GET /twitter-icon.png HTTP/1.1" 200 27787 "http://www.secrepo.com/" "Mozilla/5.0 (iPhone; CPU iPhone OS 10_3_2 like Mac OS X) AppleWebKit/603.2.4 (KHTML, like Gecko) Version/10.0 Mobile/14F89 Safari/602.1" 
174.35.247.55 - - [24/Jun/2017:07:44:15 -0700] "GET /GitHub-Mark.png HTTP/1.1" 200 7428 "http://www.secrepo.com/" "Mozilla/5.0 (iPhone; CPU iPhone OS 10_3_2 like Mac OS X) AppleWebKit/603.2.4 (KHTML, like Gecko) Version/10.0 Mobile/14F89 Safari/602.1" 
85.93.91.84 - - [24/Jun/2017:07:47:15 -0700] "GET /robots.txt HTTP/1.0" 200 252 "-" "Mozilla/5.0 (compatible; DeuSu/5.0.2; +https://deusu.de/robot.html)" 
85.93.91.84 - - [24/Jun/2017:07:47:15 -0700] "GET /self.logs/?C=M;O=D HTTP/1.0" 200 170326 "-" "Mozilla/5.0 (compatible; DeuSu/5.0.2; +https://deusu.de/robot.html)" 
37.151.94.235 - - [24/Jun/2017:07:47:43 -0700] "GET /wp-login.php HTTP/1.1" 404 295 "-" "Mozilla/5.0 (Windows NT 6.1; WOW64; rv:40.0) Gecko/20100101 Firefox/40.1" 
37.151.94.235 - - [24/Jun/2017:07:47:48 -0700] "GET /wp-login.php HTTP/1.1" 404 295 "-" "Mozilla/5.0 (Windows NT 6.1; WOW64; rv:40.0) Gecko/20100101 Firefox/40.1" 
37.151.94.235 - - [24/Jun/2017:07:47:54 -0700] "GET / HTTP/1.1" 200 36476 "-" "Mozilla/5.0 (Windows NT 6.1; WOW64; rv:40.0) Gecko/20100101 Firefox/40.1" 
208.80.194.120 - - [24/Jun/2017:07:51:37 -0700] "GET / HTTP/1.0" 200 36465 "-" "Mozilla/5.0 (compatible; MSIE 9.0; Windows NT 6.1; Win64; x64; Trident/5.0)" 
118.175.15.204 - - [24/Jun/2017:07:52:23 -0700] "POST /admin/index.php HTTP/1.1" 301 509 "-" "python-requests/2.18.1" 
118.175.15.204 - - [24/Jun/2017:07:52:34 -0700] "GET /admin/index.php HTTP/1.1" 404 340 "-" "python-requests/2.18.1" 
118.175.15.204 - - [24/Jun/2017:08:00:43 -0700] "POST /admin/index.php HTTP/1.1" 301 509 "-" "python-requests/2.18.1" 
118.175.15.204 - - [24/Jun/2017:08:00:45 -0700] "GET /admin/index.php HTTP/1.1" 404 340 "-" "python-requests/2.18.1" 
36.69.49.147 - - [24/Jun/2017:08:02:10 -0700] "GET /wp-login.php HTTP/1.1" 404 295 "-" "Mozilla/5.0 (Windows NT 6.1; WOW64; rv:40.0) Gecko/20100101 Firefox/40.1" 
36.69.49.147 - - [24/Jun/2017:08:02:15 -0700] "GET / HTTP/1.1" 200 36476 "-" "Mozilla/5.0 (Windows NT 6.1; WOW64; rv:40.0) Gecko/20100101 Firefox/40.1" 
88.19.180.220 - - [24/Jun/2017:08:02:34 -0700] "GET / HTTP/1.1" 304 189 "-" "Mozilla/5.0 (X11; Linux x86_64) AppleWebKit/537.36 (KHTML, like Gecko) Chrome/59.0.3071.109 Safari/537.36" 
52.168.161.70 - - [24/Jun/2017:08:04:17 -0700] "HEAD / HTTP/1.1" 301 253 "https://www.google.com/" "Mozilla/5.0 (compatible; epicbot; +http://www.epictions.com/epicbot)" 
52.168.161.70 - - [24/Jun/2017:08:04:19 -0700] "HEAD / HTTP/1.1" 301 253 "https://www.google.com/" "Mozilla/5.0 (compatible; epicbot; +http://www.epictions.com/epicbot)" 
52.168.161.70 - - [24/Jun/2017:08:04:19 -0700] "HEAD / HTTP/1.1" 301 253 "https://www.google.com/" "Mozilla/5.0 (compatible; epicbot; +http://www.epictions.com/epicbot)" 
118.175.15.204 - - [24/Jun/2017:08:09:05 -0700] "POST /admin/index.php HTTP/1.1" 301 509 "-" "python-requests/2.18.1" 
118.175.15.204 - - [24/Jun/2017:08:09:07 -0700] "GET /admin/index.php HTTP/1.1" 404 340 "-" "python-requests/2.18.1" 
52.168.161.70 - - [24/Jun/2017:08:11:39 -0700] "HEAD / HTTP/1.1" 301 253 "https://www.google.com/" "Mozilla/5.0 (compatible; epicbot; +http://www.epictions.com/epicbot)" 
52.168.161.70 - - [24/Jun/2017:08:11:39 -0700] "HEAD / HTTP/1.1" 301 253 "https://www.google.com/" "Mozilla/5.0 (compatible; epicbot; +http://www.epictions.com/epicbot)" 
52.168.161.70 - - [24/Jun/2017:08:11:39 -0700] "HEAD / HTTP/1.1" 301 253 "https://www.google.com/" "Mozilla/5.0 (compatible; epicbot; +http://www.epictions.com/epicbot)" 
52.168.161.70 - - [24/Jun/2017:08:11:39 -0700] "HEAD / HTTP/1.1" 301 253 "https://www.google.com/" "Mozilla/5.0 (compatible; epicbot; +http://www.epictions.com/epicbot)" 
52.168.161.70 - - [24/Jun/2017:08:11:41 -0700] "HEAD / HTTP/1.1" 301 253 "https://www.google.com/" "Mozilla/5.0 (compatible; epicbot; +http://www.epictions.com/epicbot)" 
52.168.161.70 - - [24/Jun/2017:08:11:41 -0700] "HEAD / HTTP/1.1" 301 253 "https://www.google.com/" "Mozilla/5.0 (compatible; epicbot; +http://www.epictions.com/epicbot)" 
52.168.161.70 - - [24/Jun/2017:08:11:41 -0700] "HEAD / HTTP/1.1" 301 253 "https://www.google.com/" "Mozilla/5.0 (compatible; epicbot; +http://www.epictions.com/epicbot)" 
52.168.161.70 - - [24/Jun/2017:08:11:41 -0700] "HEAD / HTTP/1.1" 301 253 "https://www.google.com/" "Mozilla/5.0 (compatible; epicbot; +http://www.epictions.com/epicbot)" 
52.168.161.70 - - [24/Jun/2017:08:11:42 -0700] "HEAD / HTTP/1.1" 301 253 "https://www.google.com/" "Mozilla/5.0 (compatible; epicbot; +http://www.epictions.com/epicbot)" 
52.168.161.70 - - [24/Jun/2017:08:11:42 -0700] "HEAD / HTTP/1.1" 301 253 "https://www.google.com/" "Mozilla/5.0 (compatible; epicbot; +http://www.epictions.com/epicbot)" 
52.168.161.70 - - [24/Jun/2017:08:11:43 -0700] "HEAD / HTTP/1.1" 301 253 "https://www.google.com/" "Mozilla/5.0 (compatible; epicbot; +http://www.epictions.com/epicbot)" 
52.168.161.70 - - [24/Jun/2017:08:11:43 -0700] "HEAD / HTTP/1.1" 301 253 "https://www.google.com/" "Mozilla/5.0 (compatible; epicbot; +http://www.epictions.com/epicbot)" 
217.182.132.91 - - [24/Jun/2017:08:13:04 -0700] "GET /self.logs/error.log.2015-07-21.gz HTTP/1.1" 200 992 "-" "Mozilla/5.0 (compatible; AhrefsBot/5.2; +http://ahrefs.com/robot/)" 
51.255.65.85 - - [24/Jun/2017:08:15:50 -0700] "GET /self.logs/error.log.2015-02-15.gz HTTP/1.1" 200 5753 "-" "Mozilla/5.0 (compatible; AhrefsBot/5.2; +http://ahrefs.com/robot/)" 
157.55.39.106 - - [24/Jun/2017:08:16:19 -0700] "GET /self.logs/access.log.2016-10-19.gz HTTP/1.1" 200 15681 "-" "Mozilla/5.0 (compatible; bingbot/2.0; +http://www.bing.com/bingbot.htm)" 
118.175.15.204 - - [24/Jun/2017:08:17:24 -0700] "POST /admin/index.php HTTP/1.1" 301 509 "-" "python-requests/2.18.1" 
118.175.15.204 - - [24/Jun/2017:08:17:25 -0700] "GET /admin/index.php HTTP/1.1" 404 340 "-" "python-requests/2.18.1" 
52.168.161.70 - - [24/Jun/2017:08:18:48 -0700] "HEAD / HTTP/1.1" 200 282 "https://www.google.com/" "Mozilla/5.0 (compatible; epicbot; +http://www.epictions.com/epicbot)" 
52.168.161.70 - - [24/Jun/2017:08:18:54 -0700] "HEAD / HTTP/1.1" 200 282 "https://www.google.com/" "Mozilla/5.0 (compatible; epicbot; +http://www.epictions.com/epicbot)" 
52.168.161.70 - - [24/Jun/2017:08:18:54 -0700] "HEAD / HTTP/1.1" 200 282 "https://www.google.com/" "Mozilla/5.0 (compatible; epicbot; +http://www.epictions.com/epicbot)" 
62.1.165.203 - - [24/Jun/2017:08:21:22 -0700] "GET /wp-login.php HTTP/1.1" 404 295 "-" "Mozilla/5.0 (Windows NT 6.1; WOW64; rv:40.0) Gecko/20100101 Firefox/40.1" 
5.189.175.64 - - [24/Jun/2017:08:21:24 -0700] "GET /robots.txt HTTP/1.1" 200 289 "-" "Mozilla/5.0 (compatible; MJ12bot/v1.4.7; http://mj12bot.com/)" 
5.189.175.64 - - [24/Jun/2017:08:21:25 -0700] "GET /honeypot//%22http://amunhoney.sourceforge.net//%22 HTTP/1.1" 404 239 "-" "Mozilla/5.0 (compatible; MJ12bot/v1.4.7; http://mj12bot.com/)" 
5.189.175.64 - - [24/Jun/2017:08:21:27 -0700] "GET /honeypot//%22http://glastopf.org//%22 HTTP/1.1" 404 284 "-" "Mozilla/5.0 (compatible; MJ12bot/v1.4.7; http://mj12bot.com/)" 
62.1.165.203 - - [24/Jun/2017:08:21:28 -0700] "GET /wp-login.php HTTP/1.1" 404 295 "-" "Mozilla/5.0 (Windows NT 6.1; WOW64; rv:40.0) Gecko/20100101 Firefox/40.1" 
5.189.175.64 - - [24/Jun/2017:08:21:29 -0700] "GET /honeypot//%22http://www.maxmind.com/%22 HTTP/1.1" 404 284 "-" "Mozilla/5.0 (compatible; MJ12bot/v1.4.7; http://mj12bot.com/)" 
5.189.175.64 - - [24/Jun/2017:08:21:31 -0700] "GET /honeypot//%22https://twitter.com/sooshie/%22 HTTP/1.1" 404 284 "-" "Mozilla/5.0 (compatible; MJ12bot/v1.4.7; http://mj12bot.com/)" 
5.189.175.64 - - [24/Jun/2017:08:21:33 -0700] "GET /honeypot//%22https://twitter.com/theroxyd/%22 HTTP/1.1" 404 284 "-" "Mozilla/5.0 (compatible; MJ12bot/v1.4.7; http://mj12bot.com/)" 
62.1.165.203 - - [24/Jun/2017:08:21:33 -0700] "GET / HTTP/1.1" 200 36476 "-" "Mozilla/5.0 (Windows NT 6.1; WOW64; rv:40.0) Gecko/20100101 Firefox/40.1" 
118.175.15.204 - - [24/Jun/2017:08:25:55 -0700] "POST /admin/index.php HTTP/1.1" 301 509 "-" "python-requests/2.18.1" 
118.175.15.204 - - [24/Jun/2017:08:26:01 -0700] "GET /admin/index.php HTTP/1.1" 404 340 "-" "python-requests/2.18.1" 
118.175.15.204 - - [24/Jun/2017:08:34:04 -0700] "POST /admin/index.php HTTP/1.1" 301 509 "-" "python-requests/2.18.1" 
118.175.15.204 - - [24/Jun/2017:08:34:06 -0700] "GET /admin/index.php HTTP/1.1" 404 340 "-" "python-requests/2.18.1" 
37.115.119.116 - - [24/Jun/2017:08:33:56 -0700] "GET /honeypot/BSidesDFW%20-%202014.ipynb HTTP/1.0" 200 930799 "http://www.secrepo.com/honeypot/BSidesDFW%20-%202014.ipynb" "Mozilla/5.0 (Windows NT 10.0; WOW64; rv:53.0) Gecko/20100101 Firefox/53.0" 
120.221.1.28 - - [24/Jun/2017:08:36:45 -0700] "GET /maccdc2012/files.log.gz HTTP/1.1" 304 155 "-" "Mozilla/5.0 Gecko/20100115 Firefox/3.6" 
217.182.132.6 - - [24/Jun/2017:08:38:16 -0700] "GET /self.logs/error.log.2017-02-03.gz HTTP/1.1" 200 722 "-" "Mozilla/5.0 (compatible; AhrefsBot/5.2; +http://ahrefs.com/robot/)" 
118.175.15.204 - - [24/Jun/2017:08:42:25 -0700] "POST /admin/index.php HTTP/1.1" 301 509 "-" "python-requests/2.18.1" 
118.175.15.204 - - [24/Jun/2017:08:42:31 -0700] "GET /admin/index.php HTTP/1.1" 404 340 "-" "python-requests/2.18.1" 
66.220.152.130 - - [24/Jun/2017:08:45:09 -0700] "GET /twitter-icon.png HTTP/1.1" 200 27788 "-" "facebookexternalhit/1.1 (+http://www.facebook.com/externalhit_uatext.php)" 
74.82.35.33 - - [24/Jun/2017:08:47:25 -0700] "GET / HTTP/1.1" 200 10738 "https://www.google.com.sa/" "Mozilla/5.0 (Windows NT 10.0; Win64; x64) AppleWebKit/537.36 (KHTML, like Gecko) Chrome/58.0.3029.110 Safari/537.36 OPR/45.0.2552.898" 
74.82.35.77 - - [24/Jun/2017:08:47:36 -0700] "GET / HTTP/1.1" 200 10738 "https://www.google.com.sa/" "Mozilla/5.0 (Windows NT 10.0; Win64; x64) AppleWebKit/537.36 (KHTML, like Gecko) Chrome/58.0.3029.110 Safari/537.36 OPR/45.0.2552.898" 
74.82.35.88 - - [24/Jun/2017:08:47:44 -0700] "GET /twitter-icon.png HTTP/1.1" 200 27732 "http://www.secrepo.com/" "Mozilla/5.0 (Windows NT 10.0; Win64; x64) AppleWebKit/537.36 (KHTML, like Gecko) Chrome/58.0.3029.110 Safari/537.36 OPR/45.0.2552.898" 
74.82.35.25 - - [24/Jun/2017:08:48:15 -0700] "GET /GitHub-Mark.png HTTP/1.1" 200 7372 "http://www.secrepo.com/" "Mozilla/5.0 (Windows NT 10.0; Win64; x64) AppleWebKit/537.36 (KHTML, like Gecko) Chrome/58.0.3029.110 Safari/537.36 OPR/45.0.2552.898" 
74.82.35.58 - - [24/Jun/2017:08:48:24 -0700] "GET /GitHub-Mark.png HTTP/1.1" 200 7372 "http://www.secrepo.com/" "Mozilla/5.0 (Windows NT 10.0; Win64; x64) AppleWebKit/537.36 (KHTML, like Gecko) Chrome/58.0.3029.110 Safari/537.36 OPR/45.0.2552.898" 
74.82.35.41 - - [24/Jun/2017:08:48:43 -0700] "GET /GitHub-Mark.png HTTP/1.1" 200 7372 "http://www.secrepo.com/" "Mozilla/5.0 (Windows NT 10.0; Win64; x64) AppleWebKit/537.36 (KHTML, like Gecko) Chrome/58.0.3029.110 Safari/537.36 OPR/45.0.2552.898" 
74.82.35.64 - - [24/Jun/2017:08:48:44 -0700] "GET /bootstrap/img/favicon.ico HTTP/1.1" 200 534 "http://www.secrepo.com/" "Mozilla/5.0 (Windows NT 10.0; Win64; x64) AppleWebKit/537.36 (KHTML, like Gecko) Chrome/58.0.3029.110 Safari/537.36 OPR/45.0.2552.898" 
197.1.138.79 - - [24/Jun/2017:08:50:29 -0700] "GET /wp-login.php HTTP/1.1" 404 295 "-" "Mozilla/5.0 (Windows NT 6.1; WOW64; rv:40.0) Gecko/20100101 Firefox/40.1" 
197.1.138.79 - - [24/Jun/2017:08:50:35 -0700] "GET /wp-login.php HTTP/1.1" 404 295 "-" "Mozilla/5.0 (Windows NT 6.1; WOW64; rv:40.0) Gecko/20100101 Firefox/40.1" 
197.1.138.79 - - [24/Jun/2017:08:50:42 -0700] "GET / HTTP/1.1" 200 36476 "-" "Mozilla/5.0 (Windows NT 6.1; WOW64; rv:40.0) Gecko/20100101 Firefox/40.1" 
118.175.15.204 - - [24/Jun/2017:08:50:46 -0700] "POST /admin/index.php HTTP/1.1" 301 509 "-" "python-requests/2.18.1" 
118.175.15.204 - - [24/Jun/2017:08:50:48 -0700] "GET /admin/index.php HTTP/1.1" 404 340 "-" "python-requests/2.18.1" 
118.175.15.204 - - [24/Jun/2017:08:59:07 -0700] "POST /admin/index.php HTTP/1.1" 301 509 "-" "python-requests/2.18.1" 
118.175.15.204 - - [24/Jun/2017:08:59:08 -0700] "GET /admin/index.php HTTP/1.1" 404 340 "-" "python-requests/2.18.1" 
37.239.213.95 - - [24/Jun/2017:09:00:48 -0700] "GET /maccdc2012/smtp.log.gz HTTP/1.1" 304 189 "-" "Mozilla/5.0 (Windows NT 6.1; WOW64) AppleWebKit/537.36 (KHTML, like Gecko) Chrome/43.0.2357.124 Safari/537.36" 
78.100.123.162 - - [24/Jun/2017:09:01:40 -0700] "GET /wp-login.php HTTP/1.1" 404 295 "-" "Mozilla/5.0 (Windows NT 6.1; WOW64; rv:40.0) Gecko/20100101 Firefox/40.1" 
78.100.123.162 - - [24/Jun/2017:09:01:46 -0700] "GET /wp-login.php HTTP/1.1" 404 295 "-" "Mozilla/5.0 (Windows NT 6.1; WOW64; rv:40.0) Gecko/20100101 Firefox/40.1" 
78.100.123.162 - - [24/Jun/2017:09:01:51 -0700] "GET / HTTP/1.1" 200 36476 "-" "Mozilla/5.0 (Windows NT 6.1; WOW64; rv:40.0) Gecko/20100101 Firefox/40.1" 
113.140.11.123 - - [24/Jun/2017:09:03:29 -0700] "GET /favicon.ico HTTP/1.1" 200 268 "-" "Mozilla/5.0 (Windows NT 10.0; WOW64) AppleWebKit/537.36 (KHTML, like Gecko) Chrome/49.0.2623.221 Safari/537.36 SE 2.X MetaSr 1.0" 
118.175.15.204 - - [24/Jun/2017:09:07:22 -0700] "POST /admin/index.php HTTP/1.1" 301 509 "-" "python-requests/2.18.1" 
118.175.15.204 - - [24/Jun/2017:09:07:24 -0700] "GET /admin/index.php HTTP/1.1" 404 340 "-" "python-requests/2.18.1" 
76.25.232.190 - - [24/Jun/2017:09:09:49 -0700] "GET / HTTP/1.1" 200 10794 "https://www.google.com/" "Mozilla/5.0 (Windows NT 10.0; Win64; x64) AppleWebKit/537.36 (KHTML, like Gecko) Chrome/58.0.3029.110 Safari/537.36" 
76.25.232.190 - - [24/Jun/2017:09:09:49 -0700] "GET /twitter-icon.png HTTP/1.1" 200 27787 "http://www.secrepo.com/" "Mozilla/5.0 (Windows NT 10.0; Win64; x64) AppleWebKit/537.36 (KHTML, like Gecko) Chrome/58.0.3029.110 Safari/537.36" 
76.25.232.190 - - [24/Jun/2017:09:09:49 -0700] "GET /GitHub-Mark.png HTTP/1.1" 200 7428 "http://www.secrepo.com/" "Mozilla/5.0 (Windows NT 10.0; Win64; x64) AppleWebKit/537.36 (KHTML, like Gecko) Chrome/58.0.3029.110 Safari/537.36" 
76.25.232.190 - - [24/Jun/2017:09:09:50 -0700] "GET /bootstrap/img/favicon.ico HTTP/1.1" 200 589 "http://www.secrepo.com/" "Mozilla/5.0 (Windows NT 10.0; Win64; x64) AppleWebKit/537.36 (KHTML, like Gecko) Chrome/58.0.3029.110 Safari/537.36" 
76.25.232.190 - - [24/Jun/2017:09:10:42 -0700] "GET /self.logs/ HTTP/1.1" 200 18121 "http://www.secrepo.com/" "Mozilla/5.0 (Windows NT 10.0; Win64; x64) AppleWebKit/537.36 (KHTML, like Gecko) Chrome/58.0.3029.110 Safari/537.36" 
76.25.232.190 - - [24/Jun/2017:09:10:07 -0700] "GET /maccdc2012/conn.log.gz HTTP/1.1" 200 551041635 "-" "Mozilla/5.0 (Windows NT 10.0; Win64; x64) AppleWebKit/537.36 (KHTML, like Gecko) Chrome/58.0.3029.110 Safari/537.36" 
118.175.15.204 - - [24/Jun/2017:09:15:37 -0700] "POST /admin/index.php HTTP/1.1" 301 509 "-" "python-requests/2.18.1" 
118.175.15.204 - - [24/Jun/2017:09:15:38 -0700] "GET /admin/index.php HTTP/1.1" 404 340 "-" "python-requests/2.18.1" 
164.132.161.60 - - [24/Jun/2017:09:16:23 -0700] "GET /self.logs/error.log.2016-10-19.gz HTTP/1.1" 200 501 "-" "Mozilla/5.0 (compatible; AhrefsBot/5.2; +http://ahrefs.com/robot/)" 
220.225.140.100 - - [24/Jun/2017:09:18:27 -0700] "GET / HTTP/1.1" 200 10794 "-" "Mozilla/5.0 (Macintosh; Intel Mac OS X 10_12_5) AppleWebKit/537.36 (KHTML, like Gecko) Chrome/59.0.3071.104 Safari/537.36" 
220.225.140.100 - - [24/Jun/2017:09:18:27 -0700] "GET /twitter-icon.png HTTP/1.1" 200 27787 "http://www.secrepo.com/" "Mozilla/5.0 (Macintosh; Intel Mac OS X 10_12_5) AppleWebKit/537.36 (KHTML, like Gecko) Chrome/59.0.3071.104 Safari/537.36" 
220.225.140.100 - - [24/Jun/2017:09:18:27 -0700] "GET /GitHub-Mark.png HTTP/1.1" 200 7428 "http://www.secrepo.com/" "Mozilla/5.0 (Macintosh; Intel Mac OS X 10_12_5) AppleWebKit/537.36 (KHTML, like Gecko) Chrome/59.0.3071.104 Safari/537.36" 
220.225.140.100 - - [24/Jun/2017:09:18:29 -0700] "GET /bootstrap/img/favicon.ico HTTP/1.1" 200 589 "http://www.secrepo.com/" "Mozilla/5.0 (Macintosh; Intel Mac OS X 10_12_5) AppleWebKit/537.36 (KHTML, like Gecko) Chrome/59.0.3071.104 Safari/537.36" 
118.175.15.204 - - [24/Jun/2017:09:23:55 -0700] "POST /admin/index.php HTTP/1.1" 301 509 "-" "python-requests/2.18.1" 
118.175.15.204 - - [24/Jun/2017:09:23:56 -0700] "GET /admin/index.php HTTP/1.1" 404 340 "-" "python-requests/2.18.1" 
65.49.68.190 - - [24/Jun/2017:09:25:14 -0700] "GET / HTTP/1.0" 200 10794 "https://www.google.com/" "Mozilla/5.0 (Windows NT 10.0; Win64; x64) AppleWebKit/537.36 (KHTML, like Gecko) Chrome/51.0.2704.79 Safari/537.36 Edge/14.14393" 
65.49.68.190 - - [24/Jun/2017:09:25:16 -0700] "GET /twitter-icon.png HTTP/1.0" 200 27787 "http://www.secrepo.com/" "Mozilla/5.0 (Windows NT 10.0; Win64; x64) AppleWebKit/537.36 (KHTML, like Gecko) Chrome/51.0.2704.79 Safari/537.36 Edge/14.14393" 
65.49.68.190 - - [24/Jun/2017:09:25:16 -0700] "GET /GitHub-Mark.png HTTP/1.0" 200 7428 "http://www.secrepo.com/" "Mozilla/5.0 (Windows NT 10.0; Win64; x64) AppleWebKit/537.36 (KHTML, like Gecko) Chrome/51.0.2704.79 Safari/537.36 Edge/14.14393" 
216.244.66.227 - - [24/Jun/2017:09:27:04 -0700] "GET /robots.txt HTTP/1.1" 200 233 "-" "Mozilla/5.0 (compatible; DotBot/1.1; http://www.opensiteexplorer.org/dotbot, help@moz.com)" 
118.175.15.204 - - [24/Jun/2017:09:32:11 -0700] "POST /admin/index.php HTTP/1.1" 301 509 "-" "python-requests/2.18.1" 
118.175.15.204 - - [24/Jun/2017:09:32:13 -0700] "GET /admin/index.php HTTP/1.1" 404 340 "-" "python-requests/2.18.1" 
78.100.123.162 - - [24/Jun/2017:09:33:38 -0700] "GET /wp-login.php HTTP/1.1" 301 522 "-" "Mozilla/5.0 (Windows NT 6.1; WOW64; rv:40.0) Gecko/20100101 Firefox/40.1" 
78.100.123.162 - - [24/Jun/2017:09:33:39 -0700] "GET /wp-login.php HTTP/1.1" 404 295 "-" "Mozilla/5.0 (Windows NT 6.1; WOW64; rv:40.0) Gecko/20100101 Firefox/40.1" 
78.100.123.162 - - [24/Jun/2017:09:33:44 -0700] "GET /wp-login.php HTTP/1.1" 301 522 "-" "Mozilla/5.0 (Windows NT 6.1; WOW64; rv:40.0) Gecko/20100101 Firefox/40.1" 
78.100.123.162 - - [24/Jun/2017:09:33:45 -0700] "GET /wp-login.php HTTP/1.1" 404 295 "-" "Mozilla/5.0 (Windows NT 6.1; WOW64; rv:40.0) Gecko/20100101 Firefox/40.1" 
78.100.123.162 - - [24/Jun/2017:09:33:50 -0700] "GET / HTTP/1.1" 301 498 "-" "Mozilla/5.0 (Windows NT 6.1; WOW64; rv:40.0) Gecko/20100101 Firefox/40.1" 
78.100.123.162 - - [24/Jun/2017:09:33:50 -0700] "GET / HTTP/1.1" 200 36476 "-" "Mozilla/5.0 (Windows NT 6.1; WOW64; rv:40.0) Gecko/20100101 Firefox/40.1" 
180.76.15.22 - - [24/Jun/2017:09:35:54 -0700] "GET / HTTP/1.1" 304 152 "-" "Mozilla/5.0 (compatible; Baiduspider/2.0; +http://www.baidu.com/search/spider.html)" 
118.175.15.204 - - [24/Jun/2017:09:40:29 -0700] "POST /admin/index.php HTTP/1.1" 301 509 "-" "python-requests/2.18.1" 
118.175.15.204 - - [24/Jun/2017:09:40:35 -0700] "GET /admin/index.php HTTP/1.1" 404 340 "-" "python-requests/2.18.1" 
118.175.15.204 - - [24/Jun/2017:09:48:44 -0700] "POST /admin/index.php HTTP/1.1" 301 509 "-" "python-requests/2.18.1" 
118.175.15.204 - - [24/Jun/2017:09:48:45 -0700] "GET /admin/index.php HTTP/1.1" 404 340 "-" "python-requests/2.18.1" 
207.46.13.89 - - [24/Jun/2017:09:50:20 -0700] "GET / HTTP/1.1" 200 10794 "-" "Mozilla/5.0 (compatible; bingbot/2.0; +http://www.bing.com/bingbot.htm)" 
118.175.15.204 - - [24/Jun/2017:09:57:00 -0700] "POST /admin/index.php HTTP/1.1" 301 509 "-" "python-requests/2.18.1" 
118.175.15.204 - - [24/Jun/2017:09:57:01 -0700] "GET /admin/index.php HTTP/1.1" 404 340 "-" "python-requests/2.18.1" 
123.125.71.32 - - [24/Jun/2017:10:01:04 -0700] "GET /robots.txt HTTP/1.1" 200 297 "-" "Mozilla/5.0 (compatible; Baiduspider/2.0; +http://www.baidu.com/search/spider.html)" 
220.181.108.182 - - [24/Jun/2017:10:03:32 -0700] "GET / HTTP/1.1" 200 10757 "-" "Mozilla/5.0 (compatible; Baiduspider/2.0; +http://www.baidu.com/search/spider.html)" 
118.175.15.204 - - [24/Jun/2017:10:05:15 -0700] "POST /admin/index.php HTTP/1.1" 301 509 "-" "python-requests/2.18.1" 
118.175.15.204 - - [24/Jun/2017:10:05:16 -0700] "GET /admin/index.php HTTP/1.1" 404 340 "-" "python-requests/2.18.1" 
51.255.65.33 - - [24/Jun/2017:10:07:42 -0700] "GET /self.logs/access.log.2015-06-17.gz HTTP/1.1" 200 5737 "-" "Mozilla/5.0 (compatible; AhrefsBot/5.2; +http://ahrefs.com/robot/)" 
79.54.210.176 - - [24/Jun/2017:10:11:38 -0700] "GET / HTTP/1.1" 200 10794 "-" "Mozilla/5.0 (X11; Linux x86_64) AppleWebKit/537.36 (KHTML, like Gecko) Chrome/57.0.2987.133 Safari/537.36" 
79.54.210.176 - - [24/Jun/2017:10:11:39 -0700] "GET /twitter-icon.png HTTP/1.1" 200 27787 "http://www.secrepo.com/" "Mozilla/5.0 (X11; Linux x86_64) AppleWebKit/537.36 (KHTML, like Gecko) Chrome/57.0.2987.133 Safari/537.36" 
79.54.210.176 - - [24/Jun/2017:10:11:39 -0700] "GET /GitHub-Mark.png HTTP/1.1" 200 7428 "http://www.secrepo.com/" "Mozilla/5.0 (X11; Linux x86_64) AppleWebKit/537.36 (KHTML, like Gecko) Chrome/57.0.2987.133 Safari/537.36" 
79.54.210.176 - - [24/Jun/2017:10:11:40 -0700] "GET /bootstrap/img/favicon.ico HTTP/1.1" 200 589 "http://www.secrepo.com/" "Mozilla/5.0 (X11; Linux x86_64) AppleWebKit/537.36 (KHTML, like Gecko) Chrome/57.0.2987.133 Safari/537.36" 
118.175.15.204 - - [24/Jun/2017:10:13:34 -0700] "POST /admin/index.php HTTP/1.1" 301 509 "-" "python-requests/2.18.1" 
118.175.15.204 - - [24/Jun/2017:10:13:35 -0700] "GET /admin/index.php HTTP/1.1" 404 340 "-" "python-requests/2.18.1" 
69.171.225.49 - - [24/Jun/2017:10:20:08 -0700] "GET / HTTP/1.1" 304 152 "-" "facebookexternalhit/1.1 (+http://www.facebook.com/externalhit_uatext.php)" 
172.58.40.134 - - [24/Jun/2017:10:20:08 -0700] "GET / HTTP/1.1" 200 10794 "http://m.facebook.com" "Mozilla/5.0 (iPhone; CPU iPhone OS 10_2 like Mac OS X) AppleWebKit/602.3.12 (KHTML, like Gecko) Mobile/14C92 [FBAN/MessengerForiOS;FBAV/117.0.0.36.70;FBBV/57539258;FBDV/iPhone9,4;FBMD/iPhone;FBSN/iOS;FBSV/10.2;FBSS/3;FBCR/T-Mobile;FBID/phone;FBLC/en_US;FBOP/5;FBRV/0]" 
172.58.40.134 - - [24/Jun/2017:10:20:08 -0700] "GET /twitter-icon.png HTTP/1.1" 200 27787 "http://www.secrepo.com/" "Mozilla/5.0 (iPhone; CPU iPhone OS 10_2 like Mac OS X) AppleWebKit/602.3.12 (KHTML, like Gecko) Mobile/14C92 [FBAN/MessengerForiOS;FBAV/117.0.0.36.70;FBBV/57539258;FBDV/iPhone9,4;FBMD/iPhone;FBSN/iOS;FBSV/10.2;FBSS/3;FBCR/T-Mobile;FBID/phone;FBLC/en_US;FBOP/5;FBRV/0]" 
172.58.40.134 - - [24/Jun/2017:10:20:08 -0700] "GET /GitHub-Mark.png HTTP/1.1" 200 7428 "http://www.secrepo.com/" "Mozilla/5.0 (iPhone; CPU iPhone OS 10_2 like Mac OS X) AppleWebKit/602.3.12 (KHTML, like Gecko) Mobile/14C92 [FBAN/MessengerForiOS;FBAV/117.0.0.36.70;FBBV/57539258;FBDV/iPhone9,4;FBMD/iPhone;FBSN/iOS;FBSV/10.2;FBSS/3;FBCR/T-Mobile;FBID/phone;FBLC/en_US;FBOP/5;FBRV/0]" 
66.220.145.245 - - [24/Jun/2017:10:20:26 -0700] "GET /favicon.ico HTTP/1.1" 200 268 "http://www.secrepo.com/" "Mozilla/5.0 (iPhone; CPU iPhone OS 10_1_1 like Mac OS X) AppleWebKit/602.2.14 (KHTML, like Gecko) Version/10.0 Mobile/14B100 Safari/602.1" 
216.244.66.227 - - [24/Jun/2017:10:21:13 -0700] "GET /robots.txt HTTP/1.1" 200 233 "-" "Mozilla/5.0 (compatible; DotBot/1.1; http://www.opensiteexplorer.org/dotbot, help@moz.com)" 
118.175.15.204 - - [24/Jun/2017:10:21:57 -0700] "POST /admin/index.php HTTP/1.1" 301 509 "-" "python-requests/2.18.1" 
118.175.15.204 - - [24/Jun/2017:10:21:58 -0700] "GET /admin/index.php HTTP/1.1" 404 340 "-" "python-requests/2.18.1" 
107.13.227.81 - - [24/Jun/2017:10:22:21 -0700] "GET /bootstrap/img/favicon.ico HTTP/1.1" 200 590 "-" "Mozilla/5.0 (Macintosh; Intel Mac OS X 10.12; rv:54.0) Gecko/20100101 Firefox/54.0" 
216.244.66.250 - - [24/Jun/2017:10:25:02 -0700] "GET /robots.txt HTTP/1.1" 200 233 "-" "Mozilla/5.0 (compatible; DotBot/1.1; http://www.opensiteexplorer.org/dotbot, help@moz.com)" 
118.175.15.204 - - [24/Jun/2017:10:30:08 -0700] "POST /admin/index.php HTTP/1.1" 301 509 "-" "python-requests/2.18.1" 
118.175.15.204 - - [24/Jun/2017:10:30:09 -0700] "GET /admin/index.php HTTP/1.1" 404 340 "-" "python-requests/2.18.1" 
78.226.10.200 - - [24/Jun/2017:10:32:11 -0700] "GET / HTTP/1.1" 200 10794 "https://www.google.fr/" "Mozilla/5.0 (X11; Linux x86_64) AppleWebKit/537.36 (KHTML, like Gecko) Chrome/58.0.3029.110 Safari/537.36" 
78.226.10.200 - - [24/Jun/2017:10:32:12 -0700] "GET /GitHub-Mark.png HTTP/1.1" 200 7428 "http://www.secrepo.com/" "Mozilla/5.0 (X11; Linux x86_64) AppleWebKit/537.36 (KHTML, like Gecko) Chrome/58.0.3029.110 Safari/537.36" 
78.226.10.200 - - [24/Jun/2017:10:32:12 -0700] "GET /twitter-icon.png HTTP/1.1" 200 27787 "http://www.secrepo.com/" "Mozilla/5.0 (X11; Linux x86_64) AppleWebKit/537.36 (KHTML, like Gecko) Chrome/58.0.3029.110 Safari/537.36" 
78.226.10.200 - - [24/Jun/2017:10:32:12 -0700] "GET /bootstrap/img/favicon.ico HTTP/1.1" 200 589 "http://www.secrepo.com/" "Mozilla/5.0 (X11; Linux x86_64) AppleWebKit/537.36 (KHTML, like Gecko) Chrome/58.0.3029.110 Safari/537.36" 
40.77.167.108 - - [24/Jun/2017:10:36:21 -0700] "GET /maccdc2012/weird.log.gz HTTP/1.1" 200 1242777 "-" "Mozilla/5.0 (compatible; bingbot/2.0; +http://www.bing.com/bingbot.htm)" 
191.6.127.104 - - [24/Jun/2017:10:37:31 -0700] "GET /wp-login.php HTTP/1.1" 404 295 "-" "Mozilla/5.0 (Windows NT 6.1; WOW64; rv:40.0) Gecko/20100101 Firefox/40.1" 
191.6.127.104 - - [24/Jun/2017:10:37:37 -0700] "GET /wp-login.php HTTP/1.1" 404 295 "-" "Mozilla/5.0 (Windows NT 6.1; WOW64; rv:40.0) Gecko/20100101 Firefox/40.1" 
191.6.127.104 - - [24/Jun/2017:10:37:42 -0700] "GET / HTTP/1.1" 200 36476 "-" "Mozilla/5.0 (Windows NT 6.1; WOW64; rv:40.0) Gecko/20100101 Firefox/40.1" 
118.175.15.204 - - [24/Jun/2017:10:38:24 -0700] "POST /admin/index.php HTTP/1.1" 301 509 "-" "python-requests/2.18.1" 
118.175.15.204 - - [24/Jun/2017:10:38:25 -0700] "GET /admin/index.php HTTP/1.1" 404 340 "-" "python-requests/2.18.1" 
142.166.3.122 - - [24/Jun/2017:10:38:44 -0700] "GET /robots.txt HTTP/1.1" 200 304 "-" "R6_CommentReader(www.radian6.com/crawler)" 
142.166.3.122 - - [24/Jun/2017:10:38:44 -0700] "GET / HTTP/1.1" 200 10738 "-" "R6_FeedFetcher_(www.radian6.com/crawler)" 
118.175.15.204 - - [24/Jun/2017:10:46:47 -0700] "POST /admin/index.php HTTP/1.1" 301 509 "-" "python-requests/2.18.1" 
118.175.15.204 - - [24/Jun/2017:10:46:49 -0700] "GET /admin/index.php HTTP/1.1" 404 340 "-" "python-requests/2.18.1" 
216.244.66.227 - - [24/Jun/2017:10:49:05 -0700] "GET /self.logs/error.log.2017-04-30.gz HTTP/1.1" 200 1111 "-" "Mozilla/5.0 (compatible; DotBot/1.1; http://www.opensiteexplorer.org/dotbot, help@moz.com)" 
118.175.15.204 - - [24/Jun/2017:10:54:59 -0700] "POST /admin/index.php HTTP/1.1" 301 509 "-" "python-requests/2.18.1" 
118.175.15.204 - - [24/Jun/2017:10:55:00 -0700] "GET /admin/index.php HTTP/1.1" 404 340 "-" "python-requests/2.18.1" 
51.255.65.57 - - [24/Jun/2017:10:57:06 -0700] "GET /self.logs/access.log.2015-03-07.gz HTTP/1.1" 200 2692 "-" "Mozilla/5.0 (compatible; AhrefsBot/5.2; +http://ahrefs.com/robot/)" 
40.77.167.108 - - [24/Jun/2017:11:00:35 -0700] "GET /self.logs/access.log.2015-08-01.gz HTTP/1.1" 200 3709 "-" "Mozilla/5.0 (compatible; bingbot/2.0; +http://www.bing.com/bingbot.htm)" 
83.110.9.168 - - [24/Jun/2017:11:02:17 -0700] "GET /wp-login.php HTTP/1.1" 404 295 "-" "Mozilla/5.0 (Windows NT 6.1; WOW64; rv:40.0) Gecko/20100101 Firefox/40.1" 
83.110.9.168 - - [24/Jun/2017:11:02:23 -0700] "GET /wp-login.php HTTP/1.1" 404 295 "-" "Mozilla/5.0 (Windows NT 6.1; WOW64; rv:40.0) Gecko/20100101 Firefox/40.1" 
83.110.9.168 - - [24/Jun/2017:11:02:29 -0700] "GET / HTTP/1.1" 200 36476 "-" "Mozilla/5.0 (Windows NT 6.1; WOW64; rv:40.0) Gecko/20100101 Firefox/40.1" 
197.1.138.79 - - [24/Jun/2017:11:11:24 -0700] "GET /wp-login.php HTTP/1.1" 301 522 "-" "Mozilla/5.0 (Windows NT 6.1; WOW64; rv:40.0) Gecko/20100101 Firefox/40.1" 
197.1.138.79 - - [24/Jun/2017:11:11:25 -0700] "GET /wp-login.php HTTP/1.1" 404 295 "-" "Mozilla/5.0 (Windows NT 6.1; WOW64; rv:40.0) Gecko/20100101 Firefox/40.1" 
197.1.138.79 - - [24/Jun/2017:11:11:30 -0700] "GET /wp-login.php HTTP/1.1" 301 522 "-" "Mozilla/5.0 (Windows NT 6.1; WOW64; rv:40.0) Gecko/20100101 Firefox/40.1" 
197.1.138.79 - - [24/Jun/2017:11:11:31 -0700] "GET /wp-login.php HTTP/1.1" 404 295 "-" "Mozilla/5.0 (Windows NT 6.1; WOW64; rv:40.0) Gecko/20100101 Firefox/40.1" 
197.1.138.79 - - [24/Jun/2017:11:11:37 -0700] "GET / HTTP/1.1" 301 498 "-" "Mozilla/5.0 (Windows NT 6.1; WOW64; rv:40.0) Gecko/20100101 Firefox/40.1" 
197.1.138.79 - - [24/Jun/2017:11:11:38 -0700] "GET / HTTP/1.1" 200 36476 "-" "Mozilla/5.0 (Windows NT 6.1; WOW64; rv:40.0) Gecko/20100101 Firefox/40.1" 
151.80.27.118 - - [24/Jun/2017:11:22:24 -0700] "GET /self.logs/error.log.2017-04-25.gz HTTP/1.1" 200 924 "-" "Mozilla/5.0 (compatible; AhrefsBot/5.2; +http://ahrefs.com/robot/)" 
207.155.209.222 - - [24/Jun/2017:11:29:54 -0700] "GET / HTTP/1.1" 200 10794 "-" "Mozilla/5.0 (Windows NT 6.1; Win64; x64) AppleWebKit/537.36 (KHTML, like Gecko) Chrome/58.0.3029.110 Safari/537.36" 
207.155.209.222 - - [24/Jun/2017:11:29:54 -0700] "GET /twitter-icon.png HTTP/1.1" 200 27787 "http://www.secrepo.com/" "Mozilla/5.0 (Windows NT 6.1; Win64; x64) AppleWebKit/537.36 (KHTML, like Gecko) Chrome/58.0.3029.110 Safari/537.36" 
207.155.209.222 - - [24/Jun/2017:11:29:54 -0700] "GET /GitHub-Mark.png HTTP/1.1" 200 7428 "http://www.secrepo.com/" "Mozilla/5.0 (Windows NT 6.1; Win64; x64) AppleWebKit/537.36 (KHTML, like Gecko) Chrome/58.0.3029.110 Safari/537.36" 
207.155.209.222 - - [24/Jun/2017:11:29:57 -0700] "GET /bootstrap/img/favicon.ico HTTP/1.1" 200 590 "http://www.secrepo.com/" "Mozilla/5.0 (Windows NT 6.1; Win64; x64) AppleWebKit/537.36 (KHTML, like Gecko) Chrome/58.0.3029.110 Safari/537.36" 
157.55.39.106 - - [24/Jun/2017:11:32:33 -0700] "GET /self.logs/access.log.2016-03-09.gz HTTP/1.1" 200 8375 "-" "Mozilla/5.0 (compatible; bingbot/2.0; +http://www.bing.com/bingbot.htm)" 
120.221.1.28 - - [24/Jun/2017:11:36:48 -0700] "GET /maccdc2012/files.log.gz HTTP/1.1" 304 155 "-" "Mozilla/5.0 Gecko/20100115 Firefox/3.6" 
84.201.133.53 - - [24/Jun/2017:11:48:40 -0700] "GET /robots.txt HTTP/1.1" 200 289 "-" "Mozilla/5.0 (compatible; YandexBot/3.0; +http://yandex.com/bots)" 
84.201.133.53 - - [24/Jun/2017:11:48:44 -0700] "GET /honeypot/Honeypot%20-%20Howto.pdf HTTP/1.1" 200 1279418 "-" "Mozilla/5.0 (compatible; YandexBot/3.0; +http://yandex.com/bots)" 
216.244.66.250 - - [24/Jun/2017:11:49:04 -0700] "GET /self.logs/ HTTP/1.1" 200 170307 "-" "Mozilla/5.0 (compatible; DotBot/1.1; http://www.opensiteexplorer.org/dotbot, help@moz.com)" 
99.255.181.71 - - [24/Jun/2017:11:54:22 -0700] "GET / HTTP/1.1" 200 10794 "-" "Mozilla/5.0 (Linux; Android 5.1; HTC Desire 626s Build/LMY47O) AppleWebKit/537.36 (KHTML, like Gecko) Chrome/50.0.2661.89 Mobile Safari/537.36" 
99.255.181.71 - - [24/Jun/2017:11:54:24 -0700] "GET /twitter-icon.png HTTP/1.1" 200 27787 "http://www.secrepo.com/" "Mozilla/5.0 (Linux; Android 5.1; HTC Desire 626s Build/LMY47O) AppleWebKit/537.36 (KHTML, like Gecko) Chrome/50.0.2661.89 Mobile Safari/537.36" 
99.255.181.71 - - [24/Jun/2017:11:54:24 -0700] "GET /GitHub-Mark.png HTTP/1.1" 200 7428 "http://www.secrepo.com/" "Mozilla/5.0 (Linux; Android 5.1; HTC Desire 626s Build/LMY47O) AppleWebKit/537.36 (KHTML, like Gecko) Chrome/50.0.2661.89 Mobile Safari/537.36" 
108.254.144.169 - - [24/Jun/2017:11:55:27 -0700] "GET / HTTP/1.1" 304 189 "-" "Mozilla/5.0 (Macintosh; Intel Mac OS X 10_12_5) AppleWebKit/537.36 (KHTML, like Gecko) Chrome/58.0.3029.110 Safari/537.36" 
42.236.99.30 - - [24/Jun/2017:12:07:05 -0700] "GET / HTTP/1.1" 200 10794 "http://www.secrepo.com/" "Mozilla/5.0 (Windows NT 6.1; WOW64) AppleWebKit/537.36 (KHTML, like Gecko) Chrome/50.0.2661.102 Safari/537.36; 360Spider" 
148.62.14.178 - - [24/Jun/2017:12:15:37 -0700] "GET /robots.txt HTTP/1.1" 301 446 "-" "Tornado-Async-Client" 
148.62.14.178 - - [24/Jun/2017:12:15:37 -0700] "GET /robots.txt HTTP/1.1" 304 130 "-" "Tornado-Async-Client" 
148.62.14.178 - - [24/Jun/2017:12:15:37 -0700] "GET /honeypot/BSidesDFW%20-%202014.ipynb HTTP/1.1" 301 484 "-" "Tornado-Async-Client" 
148.62.14.178 - - [24/Jun/2017:12:15:37 -0700] "GET /honeypot/BSidesDFW%20-%202014.ipynb HTTP/1.1" 200 930780 "-" "Tornado-Async-Client" 
46.153.92.107 - - [24/Jun/2017:12:26:13 -0700] "GET /bootstrap/img/favicon.ico HTTP/1.1" 304 165 "-" "Mozilla/5.0 (Windows NT 6.3; WOW64; rv:54.0) Gecko/20100101 Firefox/54.0" 
186.205.153.165 - - [24/Jun/2017:12:39:58 -0700] "GET /honeypot/Honeypot%20-%20Howto.pdf HTTP/1.1" 200 1279418 "http://www.secrepo.com/" "Mozilla/5.0 (Windows NT 6.1; WOW64) AppleWebKit/537.36 (KHTML, like Gecko) Dragon/36.1.1.21 Chrome/36.0.1985.97 Safari/537.36" 
217.182.132.69 - - [24/Jun/2017:12:56:45 -0700] "GET /self.logs/access.log.2017-04-28.gz HTTP/1.1" 200 14279 "-" "Mozilla/5.0 (compatible; AhrefsBot/5.2; +http://ahrefs.com/robot/)" 
216.244.66.227 - - [24/Jun/2017:13:06:12 -0700] "GET /robots.txt HTTP/1.1" 200 233 "-" "Mozilla/5.0 (compatible; DotBot/1.1; http://www.opensiteexplorer.org/dotbot, help@moz.com)" 
191.81.141.245 - - [24/Jun/2017:13:08:25 -0700] "GET /wp-login.php HTTP/1.1" 404 295 "-" "Mozilla/5.0 (Windows NT 6.1; WOW64; rv:40.0) Gecko/20100101 Firefox/40.1" 
191.81.141.245 - - [24/Jun/2017:13:08:31 -0700] "GET /wp-login.php HTTP/1.1" 404 295 "-" "Mozilla/5.0 (Windows NT 6.1; WOW64; rv:40.0) Gecko/20100101 Firefox/40.1" 
191.81.141.245 - - [24/Jun/2017:13:08:37 -0700] "GET / HTTP/1.1" 200 36476 "-" "Mozilla/5.0 (Windows NT 6.1; WOW64; rv:40.0) Gecko/20100101 Firefox/40.1" 
84.201.133.53 - - [24/Jun/2017:13:14:08 -0700] "GET /self.logs/?C=M;O=D HTTP/1.1" 200 18494 "-" "Mozilla/5.0 (compatible; YandexBot/3.0; +http://yandex.com/bots)" 
60.194.46.118 - - [24/Jun/2017:13:14:14 -0700] "GET /honeypot/Honeypot%20-%20Howto.pdf HTTP/1.0" 200 1279418 "http://www.secrepo.com/honeypot/Honeypot%20-%20Howto.pdf" "Mozilla/5.0 (Windows NT 10.0; Win64; x64) AppleWebKit/537.36 (KHTML, like Gecko) Chrome/57.0.2987.110 Safari/537.36" 
216.244.66.227 - - [24/Jun/2017:13:34:59 -0700] "GET /self.logs/access.log.2015-09-02.gz HTTP/1.1" 200 3819 "-" "Mozilla/5.0 (compatible; DotBot/1.1; http://www.opensiteexplorer.org/dotbot, help@moz.com)" 
217.182.132.61 - - [24/Jun/2017:13:56:40 -0700] "GET /self.logs/error.log.2017-01-07.gz HTTP/1.1" 200 791 "-" "Mozilla/5.0 (compatible; AhrefsBot/5.2; +http://ahrefs.com/robot/)" 
164.132.161.90 - - [24/Jun/2017:13:59:43 -0700] "GET /self.logs/error.log.2015-09-27.gz HTTP/1.1" 200 714 "-" "Mozilla/5.0 (compatible; AhrefsBot/5.2; +http://ahrefs.com/robot/)" 
14.36.1.142 - - [24/Jun/2017:14:03:12 -0700] "GET /honeypot/Honeypot%20-%20Howto.pdf HTTP/1.1" 200 1279418 "http://www.secrepo.com/" "Mozilla/5.0 (Windows NT 6.1; WOW64) AppleWebKit/537.36 (KHTML, like Gecko) Chrome/39.0.2171.99 Safari/537.36" 
51.255.65.68 - - [24/Jun/2017:14:18:08 -0700] "GET /self.logs/error.log.2015-08-26.gz HTTP/1.1" 200 627 "-" "Mozilla/5.0 (compatible; AhrefsBot/5.2; +http://ahrefs.com/robot/)" 
118.201.244.147 - - [24/Jun/2017:14:20:16 -0700] "GET /honeypot/BSidesDFW%20-%202014.ipynb HTTP/1.1" 304 167 "http://www.secrepo.com/" "Mozilla/5.0 (Windows NT 6.1; WOW64) AppleWebKit/537.36 (KHTML, like Gecko) Dragon/36.1.1.21 Chrome/36.0.1985.97 Safari/537.36" 
46.235.64.147 - - [24/Jun/2017:14:24:26 -0700] "GET /honeypot/BSidesDFW%20-%202014.ipynb HTTP/1.1" 200 930836 "http://www.secrepo.com/" "Mozilla/5.0 (Windows NT 6.1; WOW64) AppleWebKit/537.36 (KHTML, like Gecko) Dragon/36.1.1.21 Chrome/36.0.1985.97 Safari/537.36" 
87.60.30.15 - - [24/Jun/2017:14:27:44 -0700] "GET / HTTP/1.1" 200 10794 "-" "Mozilla/5.0 (Windows NT 10.0; Win64; x64) AppleWebKit/537.36 (KHTML, like Gecko) Chrome/59.0.3071.104 Safari/537.36" 
188.243.48.193 - - [24/Jun/2017:14:30:25 -0700] "GET /wp-login.php HTTP/1.1" 404 295 "-" "Mozilla/5.0 (Windows NT 6.1; WOW64; rv:40.0) Gecko/20100101 Firefox/40.1" 
188.243.48.193 - - [24/Jun/2017:14:30:30 -0700] "GET /wp-login.php HTTP/1.1" 404 295 "-" "Mozilla/5.0 (Windows NT 6.1; WOW64; rv:40.0) Gecko/20100101 Firefox/40.1" 
188.243.48.193 - - [24/Jun/2017:14:30:35 -0700] "GET / HTTP/1.1" 200 36476 "-" "Mozilla/5.0 (Windows NT 6.1; WOW64; rv:40.0) Gecko/20100101 Firefox/40.1" 
120.221.1.28 - - [24/Jun/2017:14:36:51 -0700] "GET /maccdc2012/files.log.gz HTTP/1.1" 304 155 "-" "Mozilla/5.0 Gecko/20100115 Firefox/3.6" 
51.255.65.11 - - [24/Jun/2017:14:55:56 -0700] "GET /self.logs/error.log.2016-08-26.gz HTTP/1.1" 200 804 "-" "Mozilla/5.0 (compatible; AhrefsBot/5.2; +http://ahrefs.com/robot/)" 
52.168.161.70 - - [24/Jun/2017:15:11:30 -0700] "HEAD / HTTP/1.1" 301 253 "https://www.google.com/" "Mozilla/5.0 (compatible; epicbot; +http://www.epictions.com/epicbot)" 
52.168.161.70 - - [24/Jun/2017:15:11:30 -0700] "HEAD / HTTP/1.1" 301 253 "https://www.google.com/" "Mozilla/5.0 (compatible; epicbot; +http://www.epictions.com/epicbot)" 
52.168.161.70 - - [24/Jun/2017:15:11:30 -0700] "HEAD / HTTP/1.1" 301 253 "https://www.google.com/" "Mozilla/5.0 (compatible; epicbot; +http://www.epictions.com/epicbot)" 
52.168.161.70 - - [24/Jun/2017:15:11:30 -0700] "HEAD / HTTP/1.1" 301 253 "https://www.google.com/" "Mozilla/5.0 (compatible; epicbot; +http://www.epictions.com/epicbot)" 
52.168.161.70 - - [24/Jun/2017:15:11:30 -0700] "HEAD / HTTP/1.1" 301 253 "https://www.google.com/" "Mozilla/5.0 (compatible; epicbot; +http://www.epictions.com/epicbot)" 
52.168.161.70 - - [24/Jun/2017:15:11:30 -0700] "HEAD / HTTP/1.1" 301 253 "https://www.google.com/" "Mozilla/5.0 (compatible; epicbot; +http://www.epictions.com/epicbot)" 
52.168.161.70 - - [24/Jun/2017:15:11:30 -0700] "HEAD / HTTP/1.1" 301 253 "https://www.google.com/" "Mozilla/5.0 (compatible; epicbot; +http://www.epictions.com/epicbot)" 
52.168.161.70 - - [24/Jun/2017:15:11:30 -0700] "HEAD / HTTP/1.1" 301 253 "https://www.google.com/" "Mozilla/5.0 (compatible; epicbot; +http://www.epictions.com/epicbot)" 
52.168.161.70 - - [24/Jun/2017:15:11:30 -0700] "HEAD / HTTP/1.1" 301 253 "https://www.google.com/" "Mozilla/5.0 (compatible; epicbot; +http://www.epictions.com/epicbot)" 
52.168.161.70 - - [24/Jun/2017:15:11:30 -0700] "HEAD / HTTP/1.1" 301 253 "https://www.google.com/" "Mozilla/5.0 (compatible; epicbot; +http://www.epictions.com/epicbot)" 
52.168.161.70 - - [24/Jun/2017:15:11:30 -0700] "HEAD / HTTP/1.1" 301 253 "https://www.google.com/" "Mozilla/5.0 (compatible; epicbot; +http://www.epictions.com/epicbot)" 
52.168.161.70 - - [24/Jun/2017:15:11:30 -0700] "HEAD / HTTP/1.1" 200 282 "https://www.google.com/" "Mozilla/5.0 (compatible; epicbot; +http://www.epictions.com/epicbot)" 
52.168.161.70 - - [24/Jun/2017:15:11:34 -0700] "HEAD / HTTP/1.1" 301 253 "https://www.google.com/" "Mozilla/5.0 (compatible; epicbot; +http://www.epictions.com/epicbot)" 
52.168.161.70 - - [24/Jun/2017:15:11:34 -0700] "HEAD / HTTP/1.1" 301 253 "https://www.google.com/" "Mozilla/5.0 (compatible; epicbot; +http://www.epictions.com/epicbot)" 
52.168.161.70 - - [24/Jun/2017:15:11:34 -0700] "HEAD / HTTP/1.1" 301 253 "https://www.google.com/" "Mozilla/5.0 (compatible; epicbot; +http://www.epictions.com/epicbot)" 
52.168.161.70 - - [24/Jun/2017:15:11:34 -0700] "HEAD / HTTP/1.1" 301 253 "https://www.google.com/" "Mozilla/5.0 (compatible; epicbot; +http://www.epictions.com/epicbot)" 
52.168.161.70 - - [24/Jun/2017:15:11:34 -0700] "HEAD / HTTP/1.1" 301 253 "https://www.google.com/" "Mozilla/5.0 (compatible; epicbot; +http://www.epictions.com/epicbot)" 
52.168.161.70 - - [24/Jun/2017:15:11:34 -0700] "HEAD / HTTP/1.1" 301 253 "https://www.google.com/" "Mozilla/5.0 (compatible; epicbot; +http://www.epictions.com/epicbot)" 
52.168.161.70 - - [24/Jun/2017:15:11:34 -0700] "HEAD / HTTP/1.1" 301 253 "https://www.google.com/" "Mozilla/5.0 (compatible; epicbot; +http://www.epictions.com/epicbot)" 
52.168.161.70 - - [24/Jun/2017:15:11:34 -0700] "HEAD / HTTP/1.1" 301 253 "https://www.google.com/" "Mozilla/5.0 (compatible; epicbot; +http://www.epictions.com/epicbot)" 
52.168.161.70 - - [24/Jun/2017:15:11:34 -0700] "HEAD / HTTP/1.1" 301 253 "https://www.google.com/" "Mozilla/5.0 (compatible; epicbot; +http://www.epictions.com/epicbot)" 
52.168.161.70 - - [24/Jun/2017:15:11:34 -0700] "HEAD / HTTP/1.1" 301 253 "https://www.google.com/" "Mozilla/5.0 (compatible; epicbot; +http://www.epictions.com/epicbot)" 
52.168.161.70 - - [24/Jun/2017:15:11:34 -0700] "HEAD / HTTP/1.1" 301 253 "https://www.google.com/" "Mozilla/5.0 (compatible; epicbot; +http://www.epictions.com/epicbot)" 
52.168.161.70 - - [24/Jun/2017:15:11:34 -0700] "HEAD / HTTP/1.1" 301 253 "https://www.google.com/" "Mozilla/5.0 (compatible; epicbot; +http://www.epictions.com/epicbot)" 
52.168.161.70 - - [24/Jun/2017:15:11:34 -0700] "HEAD / HTTP/1.1" 301 253 "https://www.google.com/" "Mozilla/5.0 (compatible; epicbot; +http://www.epictions.com/epicbot)" 
52.168.161.70 - - [24/Jun/2017:15:11:34 -0700] "HEAD / HTTP/1.1" 301 253 "https://www.google.com/" "Mozilla/5.0 (compatible; epicbot; +http://www.epictions.com/epicbot)" 
52.168.161.70 - - [24/Jun/2017:15:11:34 -0700] "HEAD / HTTP/1.1" 301 253 "https://www.google.com/" "Mozilla/5.0 (compatible; epicbot; +http://www.epictions.com/epicbot)" 
52.168.161.70 - - [24/Jun/2017:15:11:34 -0700] "HEAD / HTTP/1.1" 301 253 "https://www.google.com/" "Mozilla/5.0 (compatible; epicbot; +http://www.epictions.com/epicbot)" 
52.168.161.70 - - [24/Jun/2017:15:11:34 -0700] "HEAD / HTTP/1.1" 301 253 "https://www.google.com/" "Mozilla/5.0 (compatible; epicbot; +http://www.epictions.com/epicbot)" 
52.168.161.70 - - [24/Jun/2017:15:11:34 -0700] "HEAD / HTTP/1.1" 200 282 "https://www.google.com/" "Mozilla/5.0 (compatible; epicbot; +http://www.epictions.com/epicbot)" 
52.168.161.70 - - [24/Jun/2017:15:11:34 -0700] "HEAD / HTTP/1.1" 301 253 "https://www.google.com/" "Mozilla/5.0 (compatible; epicbot; +http://www.epictions.com/epicbot)" 
52.168.161.70 - - [24/Jun/2017:15:11:34 -0700] "HEAD / HTTP/1.1" 301 253 "https://www.google.com/" "Mozilla/5.0 (compatible; epicbot; +http://www.epictions.com/epicbot)" 
52.168.161.70 - - [24/Jun/2017:15:11:34 -0700] "HEAD / HTTP/1.1" 301 253 "https://www.google.com/" "Mozilla/5.0 (compatible; epicbot; +http://www.epictions.com/epicbot)" 
52.168.161.70 - - [24/Jun/2017:15:11:34 -0700] "HEAD / HTTP/1.1" 200 282 "https://www.google.com/" "Mozilla/5.0 (compatible; epicbot; +http://www.epictions.com/epicbot)" 
217.182.132.154 - - [24/Jun/2017:15:23:18 -0700] "GET /self.logs/access.log.2015-02-11.gz HTTP/1.1" 200 4604 "-" "Mozilla/5.0 (compatible; AhrefsBot/5.2; +http://ahrefs.com/robot/)" 
164.132.161.41 - - [24/Jun/2017:15:32:47 -0700] "GET /self.logs/error.log.2015-01-21.gz HTTP/1.1" 200 560 "-" "Mozilla/5.0 (compatible; AhrefsBot/5.2; +http://ahrefs.com/robot/)" 
52.168.161.70 - - [24/Jun/2017:15:38:21 -0700] "HEAD / HTTP/1.1" 301 253 "https://www.google.com/" "Mozilla/5.0 (compatible; epicbot; +http://www.epictions.com/epicbot)" 
52.168.161.70 - - [24/Jun/2017:15:38:21 -0700] "HEAD / HTTP/1.1" 301 253 "https://www.google.com/" "Mozilla/5.0 (compatible; epicbot; +http://www.epictions.com/epicbot)" 
52.168.161.70 - - [24/Jun/2017:15:38:21 -0700] "HEAD / HTTP/1.1" 301 253 "https://www.google.com/" "Mozilla/5.0 (compatible; epicbot; +http://www.epictions.com/epicbot)" 
