192.243.55.136 - - [01/Sep/2016:14:15:28 -0700] "GET /self.logs/error.log.2016-02-29.gz HTTP/1.1" 200 640 "-" "Mozilla/5.0 (compatible; SemrushBot/1.1~bl; +http://www.semrush.com/bot.html)" 
79.20.91.179 - - [01/Sep/2016:14:15:59 -0700] "GET / HTTP/1.1" 200 9990 "-" "Mozilla/5.0 (Windows NT 5.1; rv:24.0) Gecko/20140105 Firefox/24.0 K-Meleon/74.0" 
79.20.91.179 - - [01/Sep/2016:14:16:00 -0700] "GET / HTTP/1.1" 200 9990 "-" "Mozilla/5.0 (Windows NT 5.1; rv:24.0) Gecko/20140105 Firefox/24.0 K-Meleon/74.0" 
79.20.91.179 - - [01/Sep/2016:14:16:01 -0700] "GET /GitHub-Mark.png HTTP/1.1" 200 7372 "-" "Mozilla/5.0 (Windows NT 5.1; rv:24.0) Gecko/20140105 Firefox/24.0 K-Meleon/74.0" 
79.20.91.179 - - [01/Sep/2016:14:16:01 -0700] "GET /twitter-icon.png HTTP/1.1" 200 27732 "-" "Mozilla/5.0 (Windows NT 5.1; rv:24.0) Gecko/20140105 Firefox/24.0 K-Meleon/74.0" 
192.243.55.133 - - [01/Sep/2016:14:16:33 -0700] "GET /self.logs/error.log.2015-03-23.gz HTTP/1.1" 200 1406 "-" "Mozilla/5.0 (compatible; SemrushBot/1.1~bl; +http://www.semrush.com/bot.html)" 
69.30.210.242 - - [01/Sep/2016:14:18:45 -0700] "GET /robots.txt HTTP/1.0" 200 252 "-" "Mozilla/5.0 (compatible; MJ12bot/v1.4.5; http://www.majestic12.co.uk/bot.php?+)" 
69.30.210.242 - - [01/Sep/2016:14:18:50 -0700] "GET /honeypot//%22http://amunhoney.sourceforge.net//%22 HTTP/1.0" 404 284 "-" "Mozilla/5.0 (compatible; MJ12bot/v1.4.5; http://www.majestic12.co.uk/bot.php?+)" 
69.30.210.242 - - [01/Sep/2016:14:18:53 -0700] "GET /honeypot//%22http://glastopf.org//%22 HTTP/1.0" 404 303 "-" "Mozilla/5.0 (compatible; MJ12bot/v1.4.5; http://www.majestic12.co.uk/bot.php?+)" 
69.30.210.242 - - [01/Sep/2016:14:18:57 -0700] "GET /honeypot//%22http://www.maxmind.com/%22 HTTP/1.0" 404 303 "-" "Mozilla/5.0 (compatible; MJ12bot/v1.4.5; http://www.majestic12.co.uk/bot.php?+)" 
69.30.210.242 - - [01/Sep/2016:14:19:03 -0700] "GET /honeypot//%22https://twitter.com/sooshie/%22 HTTP/1.0" 404 303 "-" "Mozilla/5.0 (compatible; MJ12bot/v1.4.5; http://www.majestic12.co.uk/bot.php?+)" 
69.30.210.242 - - [01/Sep/2016:14:19:10 -0700] "GET /honeypot//%22https://twitter.com/theroxyd/%22 HTTP/1.0" 404 303 "-" "Mozilla/5.0 (compatible; MJ12bot/v1.4.5; http://www.majestic12.co.uk/bot.php?+)" 
192.243.55.133 - - [01/Sep/2016:14:20:49 -0700] "GET /self.logs/error.log.2016-04-21.gz HTTP/1.1" 200 727 "-" "Mozilla/5.0 (compatible; SemrushBot/1.1~bl; +http://www.semrush.com/bot.html)" 
178.46.164.191 - - [01/Sep/2016:14:21:45 -0700] "GET / HTTP/1.1" 301 427 "-" "Mozilla/5.0 (Windows NT 6.1) AppleWebKit/535.1 (KHTML, like Gecko) Chrome/14.0.812.0 Safari/535.1" 
178.46.164.191 - - [01/Sep/2016:14:21:46 -0700] "GET / HTTP/1.1" 200 9990 "-" "Mozilla/5.0 (Windows NT 6.1) AppleWebKit/535.1 (KHTML, like Gecko) Chrome/14.0.812.0 Safari/535.1" 
192.243.55.132 - - [01/Sep/2016:14:21:49 -0700] "GET /self.logs/access.log.2016-01-26.gz HTTP/1.1" 200 5546 "-" "Mozilla/5.0 (compatible; SemrushBot/1.1~bl; +http://www.semrush.com/bot.html)" 
66.249.88.60 - - [01/Sep/2016:14:22:06 -0700] "GET / HTTP/1.1" 200 10046 "-" "Mozilla/5.0 (X11; Linux x86_64) AppleWebKit/537.36 (KHTML, like Gecko) Chrome/49.0.2623.75 Safari/537.36 Google Favicon" 
66.249.88.4 - - [01/Sep/2016:14:22:06 -0700] "GET /bootstrap/img/favicon.ico HTTP/1.1" 200 590 "-" "Mozilla/5.0 (X11; Linux x86_64) AppleWebKit/537.36 (KHTML, like Gecko) Chrome/49.0.2623.75 Safari/537.36 Google Favicon" 
192.243.55.133 - - [01/Sep/2016:14:22:54 -0700] "GET /self.logs/access.log.2015-04-13.gz HTTP/1.1" 200 3678 "-" "Mozilla/5.0 (compatible; SemrushBot/1.1~bl; +http://www.semrush.com/bot.html)" 
192.243.55.135 - - [01/Sep/2016:14:23:54 -0700] "GET /self.logs/error.log.2015-10-10.gz HTTP/1.1" 200 810 "-" "Mozilla/5.0 (compatible; SemrushBot/1.1~bl; +http://www.semrush.com/bot.html)" 
163.172.66.71 - - [01/Sep/2016:14:25:08 -0700] "GET /self.logs/error.log.2015-11-03.gz HTTP/1.1" 200 930 "-" "Mozilla/5.0 (compatible; AhrefsBot/5.1; +http://ahrefs.com/robot/)" 
192.243.55.129 - - [01/Sep/2016:14:25:53 -0700] "GET /self.logs/error.log.2015-05-28.gz HTTP/1.1" 200 668 "-" "Mozilla/5.0 (compatible; SemrushBot/1.1~bl; +http://www.semrush.com/bot.html)" 
91.126.61.186 - - [01/Sep/2016:14:26:38 -0700] "GET /honeypot/Honeypot%20-%20Howto.pdf HTTP/1.0" 200 1279381 "http://www.secrepo.com/" "Mozilla/5.0 (Windows NT 6.2; WOW64) AppleWebKit/537.36 (KHTML, like Gecko) Chrome/39.0.2171.95 Safari/537.36" 
192.243.55.137 - - [01/Sep/2016:14:26:55 -0700] "GET /self.logs/access.log.2015-01-24.gz HTTP/1.1" 200 2240 "-" "Mozilla/5.0 (compatible; SemrushBot/1.1~bl; +http://www.semrush.com/bot.html)" 
192.243.55.138 - - [01/Sep/2016:14:27:56 -0700] "GET /self.logs/error.log.2016-04-27.gz HTTP/1.1" 200 715 "-" "Mozilla/5.0 (compatible; SemrushBot/1.1~bl; +http://www.semrush.com/bot.html)" 
192.243.55.136 - - [01/Sep/2016:14:28:53 -0700] "GET /self.logs/access.log.2016-04-07.gz HTTP/1.1" 200 8189 "-" "Mozilla/5.0 (compatible; SemrushBot/1.1~bl; +http://www.semrush.com/bot.html)" 
79.20.91.179 - - [01/Sep/2016:14:29:20 -0700] "GET / HTTP/1.1" 301 427 "-" "Mozilla/5.0 (Windows NT 5.1; rv:24.0) Gecko/20140105 Firefox/24.0 K-Meleon/74.0" 
192.243.55.132 - - [01/Sep/2016:14:30:50 -0700] "GET /self.logs/access.log.2015-06-05.gz HTTP/1.1" 200 4065 "-" "Mozilla/5.0 (compatible; SemrushBot/1.1~bl; +http://www.semrush.com/bot.html)" 
192.243.55.135 - - [01/Sep/2016:14:32:43 -0700] "GET /self.logs/error.log.2015-03-05.gz HTTP/1.1" 200 811 "-" "Mozilla/5.0 (compatible; SemrushBot/1.1~bl; +http://www.semrush.com/bot.html)" 
192.243.55.135 - - [01/Sep/2016:14:33:37 -0700] "GET /self.logs/access.log.2016-05-11.gz HTTP/1.1" 200 18241 "-" "Mozilla/5.0 (compatible; SemrushBot/1.1~bl; +http://www.semrush.com/bot.html)" 
192.243.55.134 - - [01/Sep/2016:14:36:28 -0700] "GET /self.logs/error.log.2015-02-20.gz HTTP/1.1" 200 5817 "-" "Mozilla/5.0 (compatible; SemrushBot/1.1~bl; +http://www.semrush.com/bot.html)" 
163.172.66.36 - - [01/Sep/2016:14:38:29 -0700] "GET /self.logs/access.log.2016-08-09.gz HTTP/1.1" 200 6680 "-" "Mozilla/5.0 (compatible; AhrefsBot/5.1; +http://ahrefs.com/robot/)" 
192.243.55.132 - - [01/Sep/2016:14:39:18 -0700] "GET /self.logs/error.log.2015-12-23.gz HTTP/1.1" 200 760 "-" "Mozilla/5.0 (compatible; SemrushBot/1.1~bl; +http://www.semrush.com/bot.html)" 
192.243.55.129 - - [01/Sep/2016:14:40:23 -0700] "GET /self.logs/access.log.2016-02-11.gz HTTP/1.1" 200 9130 "-" "Mozilla/5.0 (compatible; SemrushBot/1.1~bl; +http://www.semrush.com/bot.html)" 
192.243.55.138 - - [01/Sep/2016:14:41:20 -0700] "GET /self.logs/access.log.2015-06-06.gz HTTP/1.1" 200 3224 "-" "Mozilla/5.0 (compatible; SemrushBot/1.1~bl; +http://www.semrush.com/bot.html)" 
85.115.32.180 - - [01/Sep/2016:14:41:27 -0700] "GET / HTTP/1.1" 200 9990 "https://www.google.com.tr/" "Mozilla/5.0 (Windows NT 6.1; Win64; x64) AppleWebKit/537.36 (KHTML, like Gecko) Chrome/52.0.2743.116 Safari/537.36" 
85.115.32.180 - - [01/Sep/2016:14:41:28 -0700] "GET /favicon.ico HTTP/1.1" 200 212 "http://www.secrepo.com/" "Mozilla/5.0 (Windows NT 6.1; Win64; x64) AppleWebKit/537.36 (KHTML, like Gecko) Chrome/52.0.2743.116 Safari/537.36" 
192.243.55.131 - - [01/Sep/2016:14:42:18 -0700] "GET /self.logs/access.log.2015-10-05.gz HTTP/1.1" 200 3763 "-" "Mozilla/5.0 (compatible; SemrushBot/1.1~bl; +http://www.semrush.com/bot.html)" 
192.243.55.135 - - [01/Sep/2016:14:44:39 -0700] "GET /self.logs/access.log.2015-12-05.gz HTTP/1.1" 200 5333 "-" "Mozilla/5.0 (compatible; SemrushBot/1.1~bl; +http://www.semrush.com/bot.html)" 
192.243.55.134 - - [01/Sep/2016:14:45:35 -0700] "GET /self.logs/error.log.2016-01-03.gz HTTP/1.1" 200 667 "-" "Mozilla/5.0 (compatible; SemrushBot/1.1~bl; +http://www.semrush.com/bot.html)" 
192.243.55.136 - - [01/Sep/2016:14:46:31 -0700] "GET /self.logs/error.log.2015-05-12.gz HTTP/1.1" 200 886 "-" "Mozilla/5.0 (compatible; SemrushBot/1.1~bl; +http://www.semrush.com/bot.html)" 
192.243.55.129 - - [01/Sep/2016:14:47:26 -0700] "GET /self.logs/error.log.2015-10-06.gz HTTP/1.1" 200 523 "-" "Mozilla/5.0 (compatible; SemrushBot/1.1~bl; +http://www.semrush.com/bot.html)" 
163.172.64.233 - - [01/Sep/2016:14:47:31 -0700] "GET /self.logs/error.log.2015-09-27.gz HTTP/1.1" 200 714 "-" "Mozilla/5.0 (compatible; AhrefsBot/5.1; +http://ahrefs.com/robot/)" 
192.243.55.136 - - [01/Sep/2016:14:50:35 -0700] "GET /self.logs/access.log.2015-11-10.gz HTTP/1.1" 200 7576 "-" "Mozilla/5.0 (compatible; SemrushBot/1.1~bl; +http://www.semrush.com/bot.html)" 
51.255.65.92 - - [01/Sep/2016:14:52:58 -0700] "GET /self.logs/error.log.2016-08-18.gz HTTP/1.1" 200 583 "-" "Mozilla/5.0 (compatible; AhrefsBot/5.1; +http://ahrefs.com/robot/)" 
192.243.55.138 - - [01/Sep/2016:14:55:13 -0700] "GET /self.logs/error.log.2016-03-01.gz HTTP/1.1" 200 917 "-" "Mozilla/5.0 (compatible; SemrushBot/1.1~bl; +http://www.semrush.com/bot.html)" 
192.243.55.133 - - [01/Sep/2016:14:56:10 -0700] "GET /self.logs/access.log.2015-10-06.gz HTTP/1.1" 200 6200 "-" "Mozilla/5.0 (compatible; SemrushBot/1.1~bl; +http://www.semrush.com/bot.html)" 
24.142.10.93 - - [01/Sep/2016:14:56:31 -0700] "GET /self.logs/ HTTP/1.1" 200 12292 "https://www.google.ca/" "Mozilla/5.0 (Windows NT 10.0; WOW64; rv:48.0) Gecko/20100101 Firefox/48.0" 
24.142.10.93 - - [01/Sep/2016:14:56:31 -0700] "GET /favicon.ico HTTP/1.1" 200 267 "-" "Mozilla/5.0 (Windows NT 10.0; WOW64; rv:48.0) Gecko/20100101 Firefox/48.0" 
24.142.10.93 - - [01/Sep/2016:14:56:34 -0700] "GET /self.logs/access.log.2015-01-23.gz HTTP/1.1" 200 2159 "http://www.secrepo.com/self.logs/" "Mozilla/5.0 (Windows NT 10.0; WOW64; rv:48.0) Gecko/20100101 Firefox/48.0" 
163.172.66.22 - - [01/Sep/2016:14:57:32 -0700] "GET /self.logs/error.log.2015-08-09.gz HTTP/1.1" 200 782 "-" "Mozilla/5.0 (compatible; AhrefsBot/5.1; +http://ahrefs.com/robot/)" 
192.243.55.129 - - [01/Sep/2016:14:57:58 -0700] "GET /self.logs/access.log.2015-12-23.gz HTTP/1.1" 200 10443 "-" "Mozilla/5.0 (compatible; SemrushBot/1.1~bl; +http://www.semrush.com/bot.html)" 
192.243.55.132 - - [01/Sep/2016:14:58:53 -0700] "GET /self.logs/access.log.2016-01-03.gz HTTP/1.1" 200 5180 "-" "Mozilla/5.0 (compatible; SemrushBot/1.1~bl; +http://www.semrush.com/bot.html)" 
192.243.55.132 - - [01/Sep/2016:15:00:14 -0700] "GET /self.logs/error.log.2016-03-17.gz HTTP/1.1" 200 799 "-" "Mozilla/5.0 (compatible; SemrushBot/1.1~bl; +http://www.semrush.com/bot.html)" 
192.243.55.133 - - [01/Sep/2016:15:01:36 -0700] "GET /self.logs/error.log.2015-10-27.gz HTTP/1.1" 200 696 "-" "Mozilla/5.0 (compatible; SemrushBot/1.1~bl; +http://www.semrush.com/bot.html)" 
192.243.55.129 - - [01/Sep/2016:15:04:32 -0700] "GET /self.logs/error.log.2016-01-11.gz HTTP/1.1" 200 759 "-" "Mozilla/5.0 (compatible; SemrushBot/1.1~bl; +http://www.semrush.com/bot.html)" 
50.32.140.71 - - [01/Sep/2016:15:05:16 -0700] "GET / HTTP/1.1" 200 10046 "-" "Mozilla/5.0 (Windows NT 6.1; WOW64; rv:48.0) Gecko/20100101 Firefox/48.0" 
50.32.140.71 - - [01/Sep/2016:15:05:17 -0700] "GET /twitter-icon.png HTTP/1.1" 200 27787 "http://www.secrepo.com/" "Mozilla/5.0 (Windows NT 6.1; WOW64; rv:48.0) Gecko/20100101 Firefox/48.0" 
50.32.140.71 - - [01/Sep/2016:15:05:17 -0700] "GET /GitHub-Mark.png HTTP/1.1" 200 7428 "http://www.secrepo.com/" "Mozilla/5.0 (Windows NT 6.1; WOW64; rv:48.0) Gecko/20100101 Firefox/48.0" 
192.243.55.133 - - [01/Sep/2016:15:06:35 -0700] "GET /self.logs/access.log.2016-03-08.gz HTTP/1.1" 200 8177 "-" "Mozilla/5.0 (compatible; SemrushBot/1.1~bl; +http://www.semrush.com/bot.html)" 
192.243.55.131 - - [01/Sep/2016:15:07:32 -0700] "GET /self.logs/access.log.2015-12-04.gz HTTP/1.1" 200 6388 "-" "Mozilla/5.0 (compatible; SemrushBot/1.1~bl; +http://www.semrush.com/bot.html)" 
192.243.55.131 - - [01/Sep/2016:15:08:28 -0700] "GET /self.logs/access.log.2015-12-27.gz HTTP/1.1" 200 6743 "-" "Mozilla/5.0 (compatible; SemrushBot/1.1~bl; +http://www.semrush.com/bot.html)" 
192.243.55.135 - - [01/Sep/2016:15:09:23 -0700] "GET /self.logs/error.log.2015-12-29.gz HTTP/1.1" 200 661 "-" "Mozilla/5.0 (compatible; SemrushBot/1.1~bl; +http://www.semrush.com/bot.html)" 
192.243.55.132 - - [01/Sep/2016:15:10:25 -0700] "GET /self.logs/error.log.2016-06-02.gz HTTP/1.1" 200 1168 "-" "Mozilla/5.0 (compatible; SemrushBot/1.1~bl; +http://www.semrush.com/bot.html)" 
180.76.15.157 - - [01/Sep/2016:15:10:27 -0700] "GET /honeypot/Honeypot%20-%20Howto%20-%20BSides%20Austin.pdf HTTP/1.1" 200 986960 "-" "Mozilla/5.0 (compatible; Baiduspider/2.0; +http://www.baidu.com/search/spider.html)" 
192.243.55.136 - - [01/Sep/2016:15:11:29 -0700] "GET /self.logs/error.log.2016-05-07.gz HTTP/1.1" 200 805 "-" "Mozilla/5.0 (compatible; SemrushBot/1.1~bl; +http://www.semrush.com/bot.html)" 
192.243.55.129 - - [01/Sep/2016:15:13:52 -0700] "GET /self.logs/error.log.2015-03-10.gz HTTP/1.1" 200 4846 "-" "Mozilla/5.0 (compatible; SemrushBot/1.1~bl; +http://www.semrush.com/bot.html)" 
192.243.55.133 - - [01/Sep/2016:15:15:37 -0700] "GET /self.logs/access.log.2016-04-06.gz HTTP/1.1" 200 9327 "-" "Mozilla/5.0 (compatible; SemrushBot/1.1~bl; +http://www.semrush.com/bot.html)" 
96.90.232.190 - - [01/Sep/2016:15:16:02 -0700] "GET /bootstrap/img/favicon.ico HTTP/1.1" 200 590 "http://www.secrepo.com/" "Mozilla/5.0 (Macintosh; Intel Mac OS X 10_11_6) AppleWebKit/537.36 (KHTML, like Gecko) Chrome/52.0.2743.116 Safari/537.36" 
192.243.55.132 - - [01/Sep/2016:15:17:16 -0700] "GET /self.logs/access.log.2015-08-18.gz HTTP/1.1" 200 10594 "-" "Mozilla/5.0 (compatible; SemrushBot/1.1~bl; +http://www.semrush.com/bot.html)" 
216.244.66.240 - - [01/Sep/2016:15:22:53 -0700] "GET /robots.txt HTTP/1.1" 200 233 "-" "Mozilla/5.0 (compatible; DotBot/1.1; http://www.opensiteexplorer.org/dotbot, help@moz.com)" 
123.125.71.55 - - [01/Sep/2016:15:28:38 -0700] "GET /robots.txt HTTP/1.1" 200 297 "-" "Mozilla/5.0 (compatible; Baiduspider/2.0; +http://www.baidu.com/search/spider.html)" 
117.190.191.170 - - [01/Sep/2016:15:30:54 -0700] "GET /tg/a.zip HTTP/1.1" 304 132 "-" "Mozilla/5.0 Gecko/20100115 Firefox/3.6" 
164.132.161.34 - - [01/Sep/2016:15:31:17 -0700] "GET /self.logs/error.log.2016-03-24.gz HTTP/1.1" 200 745 "-" "Mozilla/5.0 (compatible; AhrefsBot/5.1; +http://ahrefs.com/robot/)" 
76.98.135.52 - - [01/Sep/2016:15:32:46 -0700] "GET / HTTP/1.1" 200 10046 "-" "Mozilla/5.0 (Macintosh; Intel Mac OS X 10_11_6) AppleWebKit/537.36 (KHTML, like Gecko) Chrome/52.0.2743.116 Safari/537.36" 
76.98.135.52 - - [01/Sep/2016:15:32:47 -0700] "GET /twitter-icon.png HTTP/1.1" 200 27787 "http://www.secrepo.com/" "Mozilla/5.0 (Macintosh; Intel Mac OS X 10_11_6) AppleWebKit/537.36 (KHTML, like Gecko) Chrome/52.0.2743.116 Safari/537.36" 
76.98.135.52 - - [01/Sep/2016:15:32:47 -0700] "GET /GitHub-Mark.png HTTP/1.1" 200 7428 "http://www.secrepo.com/" "Mozilla/5.0 (Macintosh; Intel Mac OS X 10_11_6) AppleWebKit/537.36 (KHTML, like Gecko) Chrome/52.0.2743.116 Safari/537.36" 
192.243.55.132 - - [01/Sep/2016:15:41:55 -0700] "GET /self.logs/access.log.2016-02-01.gz HTTP/1.1" 200 6891 "-" "Mozilla/5.0 (compatible; SemrushBot/1.1~bl; +http://www.semrush.com/bot.html)" 
192.243.55.133 - - [01/Sep/2016:15:48:32 -0700] "GET /self.logs/error.log.2015-07-20.gz HTTP/1.1" 200 932 "-" "Mozilla/5.0 (compatible; SemrushBot/1.1~bl; +http://www.semrush.com/bot.html)" 
192.243.55.129 - - [01/Sep/2016:15:49:26 -0700] "GET /self.logs/error.log.2016-01-09.gz HTTP/1.1" 200 641 "-" "Mozilla/5.0 (compatible; SemrushBot/1.1~bl; +http://www.semrush.com/bot.html)" 
192.243.55.133 - - [01/Sep/2016:15:50:13 -0700] "GET /self.logs/access.log.2016-05-15.gz HTTP/1.1" 200 7291 "-" "Mozilla/5.0 (compatible; SemrushBot/1.1~bl; +http://www.semrush.com/bot.html)" 
192.243.55.132 - - [01/Sep/2016:15:53:05 -0700] "GET /self.logs/access.log.2015-09-29.gz HTTP/1.1" 200 5279 "-" "Mozilla/5.0 (compatible; SemrushBot/1.1~bl; +http://www.semrush.com/bot.html)" 
192.243.55.133 - - [01/Sep/2016:15:54:25 -0700] "GET /self.logs/error.log.2015-06-02.gz HTTP/1.1" 200 781 "-" "Mozilla/5.0 (compatible; SemrushBot/1.1~bl; +http://www.semrush.com/bot.html)" 
192.243.55.132 - - [01/Sep/2016:15:57:36 -0700] "GET /self.logs/error.log.2015-06-11.gz HTTP/1.1" 200 674 "-" "Mozilla/5.0 (compatible; SemrushBot/1.1~bl; +http://www.semrush.com/bot.html)" 
192.243.55.135 - - [01/Sep/2016:15:58:56 -0700] "GET /self.logs/error.log.2015-07-26.gz HTTP/1.1" 200 690 "-" "Mozilla/5.0 (compatible; SemrushBot/1.1~bl; +http://www.semrush.com/bot.html)" 
192.243.55.129 - - [01/Sep/2016:16:01:23 -0700] "GET /self.logs/access.log.2015-10-28.gz HTTP/1.1" 200 20081 "-" "Mozilla/5.0 (compatible; SemrushBot/1.1~bl; +http://www.semrush.com/bot.html)" 
163.172.65.235 - - [01/Sep/2016:16:01:25 -0700] "GET /self.logs/access.log.2015-11-27.gz HTTP/1.1" 200 5570 "-" "Mozilla/5.0 (compatible; AhrefsBot/5.1; +http://ahrefs.com/robot/)" 
155.70.39.45 - - [01/Sep/2016:16:01:26 -0700] "GET / HTTP/1.1" 200 10046 "-" "Mozilla/5.0 (Macintosh; Intel Mac OS X 10_11_4) AppleWebKit/601.5.17 (KHTML, like Gecko) Version/9.1 Safari/601.5.17" 
192.243.55.129 - - [01/Sep/2016:16:02:31 -0700] "GET /self.logs/error.log.2015-03-04.gz HTTP/1.1" 200 990 "-" "Mozilla/5.0 (compatible; SemrushBot/1.1~bl; +http://www.semrush.com/bot.html)" 
192.243.55.132 - - [01/Sep/2016:16:03:48 -0700] "GET /self.logs/error.log.2015-09-18.gz HTTP/1.1" 200 607 "-" "Mozilla/5.0 (compatible; SemrushBot/1.1~bl; +http://www.semrush.com/bot.html)" 
192.243.55.132 - - [01/Sep/2016:16:06:05 -0700] "GET /self.logs/error.log.2016-02-25.gz HTTP/1.1" 200 802 "-" "Mozilla/5.0 (compatible; SemrushBot/1.1~bl; +http://www.semrush.com/bot.html)" 
164.132.161.40 - - [01/Sep/2016:16:07:35 -0700] "GET /self.logs/error.log.2015-06-23.gz HTTP/1.1" 200 1156 "-" "Mozilla/5.0 (compatible; AhrefsBot/5.1; +http://ahrefs.com/robot/)" 
192.243.55.133 - - [01/Sep/2016:16:09:47 -0700] "GET /self.logs/error.log.2015-08-27.gz HTTP/1.1" 200 915 "-" "Mozilla/5.0 (compatible; SemrushBot/1.1~bl; +http://www.semrush.com/bot.html)" 
192.243.55.133 - - [01/Sep/2016:16:11:36 -0700] "GET /self.logs/access.log.2015-02-02.gz HTTP/1.1" 200 3319 "-" "Mozilla/5.0 (compatible; SemrushBot/1.1~bl; +http://www.semrush.com/bot.html)" 
192.243.55.129 - - [01/Sep/2016:16:15:43 -0700] "GET /self.logs/access.log.2015-03-03.gz HTTP/1.1" 200 2833 "-" "Mozilla/5.0 (compatible; SemrushBot/1.1~bl; +http://www.semrush.com/bot.html)" 
192.243.55.132 - - [01/Sep/2016:16:17:55 -0700] "GET /self.logs/error.log.2015-04-16.gz HTTP/1.1" 200 2669 "-" "Mozilla/5.0 (compatible; SemrushBot/1.1~bl; +http://www.semrush.com/bot.html)" 
192.243.55.133 - - [01/Sep/2016:16:19:28 -0700] "GET /self.logs/error.log.2015-05-13.gz HTTP/1.1" 200 2285 "-" "Mozilla/5.0 (compatible; SemrushBot/1.1~bl; +http://www.semrush.com/bot.html)" 
192.243.55.133 - - [01/Sep/2016:16:20:31 -0700] "GET /self.logs/access.log.2015-04-23.gz HTTP/1.1" 200 4209 "-" "Mozilla/5.0 (compatible; SemrushBot/1.1~bl; +http://www.semrush.com/bot.html)" 
192.243.55.131 - - [01/Sep/2016:16:22:23 -0700] "GET /self.logs/error.log.2015-04-27.gz HTTP/1.1" 200 659 "-" "Mozilla/5.0 (compatible; SemrushBot/1.1~bl; +http://www.semrush.com/bot.html)" 
192.243.55.132 - - [01/Sep/2016:16:23:26 -0700] "GET /self.logs/access.log.2015-08-26.gz HTTP/1.1" 200 4700 "-" "Mozilla/5.0 (compatible; SemrushBot/1.1~bl; +http://www.semrush.com/bot.html)" 
207.46.13.149 - - [01/Sep/2016:16:24:10 -0700] "GET / HTTP/1.1" 301 483 "-" "Mozilla/5.0 (compatible; bingbot/2.0; +http://www.bing.com/bingbot.htm)" 
207.46.13.149 - - [01/Sep/2016:16:27:36 -0700] "GET / HTTP/1.1" 200 10046 "-" "Mozilla/5.0 (compatible; bingbot/2.0; +http://www.bing.com/bingbot.htm)" 
192.243.55.135 - - [01/Sep/2016:16:30:02 -0700] "GET /self.logs/access.log.2016-05-06.gz HTTP/1.1" 200 8439 "-" "Mozilla/5.0 (compatible; SemrushBot/1.1~bl; +http://www.semrush.com/bot.html)" 
192.243.55.129 - - [01/Sep/2016:16:30:51 -0700] "GET /self.logs/error.log.2015-04-24.gz HTTP/1.1" 200 667 "-" "Mozilla/5.0 (compatible; SemrushBot/1.1~bl; +http://www.semrush.com/bot.html)" 
192.243.55.129 - - [01/Sep/2016:16:31:44 -0700] "GET /self.logs/error.log.2016-03-22.gz HTTP/1.1" 200 670 "-" "Mozilla/5.0 (compatible; SemrushBot/1.1~bl; +http://www.semrush.com/bot.html)" 
192.243.55.135 - - [01/Sep/2016:16:33:47 -0700] "GET /self.logs/access.log.2016-02-29.gz HTTP/1.1" 200 8618 "-" "Mozilla/5.0 (compatible; SemrushBot/1.1~bl; +http://www.semrush.com/bot.html)" 
192.243.55.136 - - [01/Sep/2016:16:34:39 -0700] "GET /self.logs/access.log.2015-11-02.gz HTTP/1.1" 200 8896 "-" "Mozilla/5.0 (compatible; SemrushBot/1.1~bl; +http://www.semrush.com/bot.html)" 
192.243.55.131 - - [01/Sep/2016:16:35:29 -0700] "GET /self.logs/access.log.2015-11-16.gz HTTP/1.1" 200 5765 "-" "Mozilla/5.0 (compatible; SemrushBot/1.1~bl; +http://www.semrush.com/bot.html)" 
63.110.51.11 - - [01/Sep/2016:16:36:31 -0700] "GET / HTTP/1.1" 304 189 "-" "Mozilla/5.0 (Macintosh; Intel Mac OS X 10_11_6) AppleWebKit/601.7.7 (KHTML, like Gecko) Version/9.1.2 Safari/601.7.7" 
63.110.51.11 - - [01/Sep/2016:16:36:31 -0700] "GET /twitter-icon.png HTTP/1.1" 200 27787 "http://www.secrepo.com/" "Mozilla/5.0 (Macintosh; Intel Mac OS X 10_11_6) AppleWebKit/601.7.7 (KHTML, like Gecko) Version/9.1.2 Safari/601.7.7" 
192.243.55.132 - - [01/Sep/2016:16:37:08 -0700] "GET /self.logs/error.log.2015-04-26.gz HTTP/1.1" 200 843 "-" "Mozilla/5.0 (compatible; SemrushBot/1.1~bl; +http://www.semrush.com/bot.html)" 
192.243.55.135 - - [01/Sep/2016:16:38:48 -0700] "GET /self.logs/error.log.2015-08-20.gz HTTP/1.1" 200 917 "-" "Mozilla/5.0 (compatible; SemrushBot/1.1~bl; +http://www.semrush.com/bot.html)" 
192.243.55.135 - - [01/Sep/2016:16:39:36 -0700] "GET /self.logs/error.log.2015-10-14.gz HTTP/1.1" 200 850 "-" "Mozilla/5.0 (compatible; SemrushBot/1.1~bl; +http://www.semrush.com/bot.html)" 
192.243.55.129 - - [01/Sep/2016:16:40:25 -0700] "GET /self.logs/access.log.2015-07-02.gz HTTP/1.1" 200 4008 "-" "Mozilla/5.0 (compatible; SemrushBot/1.1~bl; +http://www.semrush.com/bot.html)" 
192.243.55.129 - - [01/Sep/2016:16:42:01 -0700] "GET /self.logs/access.log.2016-04-01.gz HTTP/1.1" 200 7634 "-" "Mozilla/5.0 (compatible; SemrushBot/1.1~bl; +http://www.semrush.com/bot.html)" 
192.243.55.132 - - [01/Sep/2016:16:42:52 -0700] "GET /self.logs/error.log.2016-04-15.gz HTTP/1.1" 200 573 "-" "Mozilla/5.0 (compatible; SemrushBot/1.1~bl; +http://www.semrush.com/bot.html)" 
111.7.128.40 - - [01/Sep/2016:16:45:15 -0700] "GET /tg/a.zip HTTP/1.1" 304 132 "-" "Mozilla/5.0 Gecko/20100115 Firefox/3.6" 
192.243.55.135 - - [01/Sep/2016:16:48:29 -0700] "GET /self.logs/access.log.2015-07-06.gz HTTP/1.1" 200 4382 "-" "Mozilla/5.0 (compatible; SemrushBot/1.1~bl; +http://www.semrush.com/bot.html)" 
199.59.148.211 - - [01/Sep/2016:16:48:43 -0700] "GET /robots.txt HTTP/1.1" 301 462 "-" "Twitterbot/1.0" 
199.59.148.209 - - [01/Sep/2016:16:48:44 -0700] "GET /robots.txt HTTP/1.1" 200 233 "-" "Twitterbot/1.0" 
199.59.148.211 - - [01/Sep/2016:16:48:44 -0700] "GET / HTTP/1.1" 301 427 "-" "Twitterbot/1.0" 
199.59.148.211 - - [01/Sep/2016:16:48:44 -0700] "GET /robots.txt HTTP/1.1" 200 233 "-" "Twitterbot/1.0" 
199.59.148.211 - - [01/Sep/2016:16:48:44 -0700] "GET / HTTP/1.1" 200 9990 "-" "Twitterbot/1.0" 
192.243.55.135 - - [01/Sep/2016:16:49:32 -0700] "GET /self.logs/error.log.2016-04-03.gz HTTP/1.1" 200 600 "-" "Mozilla/5.0 (compatible; SemrushBot/1.1~bl; +http://www.semrush.com/bot.html)" 
192.243.55.136 - - [01/Sep/2016:16:51:31 -0700] "GET /self.logs/access.log.2015-12-17.gz HTTP/1.1" 200 6153 "-" "Mozilla/5.0 (compatible; SemrushBot/1.1~bl; +http://www.semrush.com/bot.html)" 
192.243.55.135 - - [01/Sep/2016:16:53:15 -0700] "GET /self.logs/error.log.2016-03-19.gz HTTP/1.1" 200 509 "-" "Mozilla/5.0 (compatible; SemrushBot/1.1~bl; +http://www.semrush.com/bot.html)" 
192.243.55.131 - - [01/Sep/2016:16:54:06 -0700] "GET /self.logs/access.log.2016-05-18.gz HTTP/1.1" 200 9960 "-" "Mozilla/5.0 (compatible; SemrushBot/1.1~bl; +http://www.semrush.com/bot.html)" 
192.243.55.135 - - [01/Sep/2016:16:54:58 -0700] "GET /self.logs/access.log.2016-04-26.gz HTTP/1.1" 200 8188 "-" "Mozilla/5.0 (compatible; SemrushBot/1.1~bl; +http://www.semrush.com/bot.html)" 
63.110.51.11 - - [01/Sep/2016:16:58:21 -0700] "GET / HTTP/1.1" 200 10046 "-" "Mozilla/5.0 (Macintosh; Intel Mac OS X 10_11_6) AppleWebKit/601.7.7 (KHTML, like Gecko) Version/9.1.2 Safari/601.7.7" 
63.110.51.11 - - [01/Sep/2016:16:58:21 -0700] "GET /twitter-icon.png HTTP/1.1" 200 27787 "http://www.secrepo.com/" "Mozilla/5.0 (Macintosh; Intel Mac OS X 10_11_6) AppleWebKit/601.7.7 (KHTML, like Gecko) Version/9.1.2 Safari/601.7.7" 
63.110.51.11 - - [01/Sep/2016:16:58:22 -0700] "GET /GitHub-Mark.png HTTP/1.1" 200 7428 "http://www.secrepo.com/" "Mozilla/5.0 (Macintosh; Intel Mac OS X 10_11_6) AppleWebKit/601.7.7 (KHTML, like Gecko) Version/9.1.2 Safari/601.7.7" 
192.243.55.129 - - [01/Sep/2016:16:58:29 -0700] "GET /self.logs/access.log.2016-05-12.gz HTTP/1.1" 200 14502 "-" "Mozilla/5.0 (compatible; SemrushBot/1.1~bl; +http://www.semrush.com/bot.html)" 
192.243.55.131 - - [01/Sep/2016:16:59:18 -0700] "GET /self.logs/error.log.2015-04-14.gz HTTP/1.1" 200 1665 "-" "Mozilla/5.0 (compatible; SemrushBot/1.1~bl; +http://www.semrush.com/bot.html)" 
192.243.55.129 - - [01/Sep/2016:17:00:13 -0700] "GET /self.logs/error.log.2016-06-03.gz HTTP/1.1" 200 1695 "-" "Mozilla/5.0 (compatible; SemrushBot/1.1~bl; +http://www.semrush.com/bot.html)" 
63.110.51.11 - - [01/Sep/2016:17:00:23 -0700] "GET /GitHub-Mark.png HTTP/1.1" 200 7428 "http://www.secrepo.com/" "Mozilla/5.0 (Macintosh; Intel Mac OS X 10_11_6) AppleWebKit/601.7.7 (KHTML, like Gecko) Version/9.1.2 Safari/601.7.7" 
63.110.51.11 - - [01/Sep/2016:17:00:23 -0700] "GET /twitter-icon.png HTTP/1.1" 200 27788 "http://www.secrepo.com/" "Mozilla/5.0 (Macintosh; Intel Mac OS X 10_11_6) AppleWebKit/601.7.7 (KHTML, like Gecko) Version/9.1.2 Safari/601.7.7" 
63.110.51.11 - - [01/Sep/2016:17:00:24 -0700] "GET /bootstrap/img/favicon.ico HTTP/1.1" 200 589 "http://www.secrepo.com/" "Mozilla/5.0 (Macintosh; Intel Mac OS X 10_11_6) AppleWebKit/601.7.7 (KHTML, like Gecko) Version/9.1.2 Safari/601.7.7" 
192.243.55.131 - - [01/Sep/2016:17:01:03 -0700] "GET /self.logs/access.log.2015-03-27.gz HTTP/1.1" 200 4020 "-" "Mozilla/5.0 (compatible; SemrushBot/1.1~bl; +http://www.semrush.com/bot.html)" 
192.243.55.132 - - [01/Sep/2016:17:02:46 -0700] "GET /self.logs/access.log.2015-04-01.gz HTTP/1.1" 200 4826 "-" "Mozilla/5.0 (compatible; SemrushBot/1.1~bl; +http://www.semrush.com/bot.html)" 
192.243.55.136 - - [01/Sep/2016:17:04:26 -0700] "GET /self.logs/access.log.2015-04-20.gz HTTP/1.1" 200 4205 "-" "Mozilla/5.0 (compatible; SemrushBot/1.1~bl; +http://www.semrush.com/bot.html)" 
192.243.55.135 - - [01/Sep/2016:17:05:17 -0700] "GET /self.logs/access.log.2015-02-17.gz HTTP/1.1" 200 11238 "-" "Mozilla/5.0 (compatible; SemrushBot/1.1~bl; +http://www.semrush.com/bot.html)" 
192.243.55.135 - - [01/Sep/2016:17:06:56 -0700] "GET /self.logs/access.log.2015-07-01.gz HTTP/1.1" 200 5606 "-" "Mozilla/5.0 (compatible; SemrushBot/1.1~bl; +http://www.semrush.com/bot.html)" 
192.243.55.136 - - [01/Sep/2016:17:08:37 -0700] "GET /self.logs/error.log.2016-03-06.gz HTTP/1.1" 200 1072 "-" "Mozilla/5.0 (compatible; SemrushBot/1.1~bl; +http://www.semrush.com/bot.html)" 
192.243.55.135 - - [01/Sep/2016:17:09:28 -0700] "GET /self.logs/error.log.2015-05-15.gz HTTP/1.1" 200 1084 "-" "Mozilla/5.0 (compatible; SemrushBot/1.1~bl; +http://www.semrush.com/bot.html)" 
192.243.55.129 - - [01/Sep/2016:17:10:28 -0700] "GET /maccdc2012/maccdc2012_fast_alert.7z HTTP/1.1" 200 52560 "-" "Mozilla/5.0 (compatible; SemrushBot/1.1~bl; +http://www.semrush.com/bot.html)" 
192.243.55.136 - - [01/Sep/2016:17:11:17 -0700] "GET /self.logs/error.log.2015-03-22.gz HTTP/1.1" 200 1008 "-" "Mozilla/5.0 (compatible; SemrushBot/1.1~bl; +http://www.semrush.com/bot.html)" 
192.243.55.136 - - [01/Sep/2016:17:12:06 -0700] "GET /self.logs/error.log.2015-05-27.gz HTTP/1.1" 200 665 "-" "Mozilla/5.0 (compatible; SemrushBot/1.1~bl; +http://www.semrush.com/bot.html)" 
192.243.55.131 - - [01/Sep/2016:17:13:14 -0700] "GET /self.logs/error.log.2015-09-06.gz HTTP/1.1" 200 824 "-" "Mozilla/5.0 (compatible; SemrushBot/1.1~bl; +http://www.semrush.com/bot.html)" 
24.46.219.112 - - [01/Sep/2016:17:23:44 -0700] "GET / HTTP/1.1" 200 10046 "-" "Mozilla/5.0 (X11; Linux x86_64) AppleWebKit/537.36 (KHTML, like Gecko) Version/4.0 Chrome/44.0.2403.117 Safari/537.36" 
24.46.219.112 - - [01/Sep/2016:17:23:45 -0700] "GET /twitter-icon.png HTTP/1.1" 200 27787 "-" "Mozilla/5.0 (X11; Linux x86_64) AppleWebKit/537.36 (KHTML, like Gecko) Version/4.0 Chrome/44.0.2403.117 Safari/537.36" 
24.46.219.112 - - [01/Sep/2016:17:23:45 -0700] "GET /GitHub-Mark.png HTTP/1.1" 200 7427 "-" "Mozilla/5.0 (X11; Linux x86_64) AppleWebKit/537.36 (KHTML, like Gecko) Version/4.0 Chrome/44.0.2403.117 Safari/537.36" 
192.243.55.131 - - [01/Sep/2016:17:26:21 -0700] "GET /self.logs/error.log.2015-03-15.gz HTTP/1.1" 200 1135 "-" "Mozilla/5.0 (compatible; SemrushBot/1.1~bl; +http://www.semrush.com/bot.html)" 
192.243.55.136 - - [01/Sep/2016:17:28:57 -0700] "GET /self.logs/error.log.2016-04-12.gz HTTP/1.1" 200 966 "-" "Mozilla/5.0 (compatible; SemrushBot/1.1~bl; +http://www.semrush.com/bot.html)" 
192.243.55.131 - - [01/Sep/2016:17:31:07 -0700] "GET /self.logs/access.log.2016-03-03.gz HTTP/1.1" 200 14194 "-" "Mozilla/5.0 (compatible; SemrushBot/1.1~bl; +http://www.semrush.com/bot.html)" 
192.243.55.131 - - [01/Sep/2016:17:36:21 -0700] "GET /self.logs/error.log.2015-01-26.gz HTTP/1.1" 200 612 "-" "Mozilla/5.0 (compatible; SemrushBot/1.1~bl; +http://www.semrush.com/bot.html)" 
192.243.55.133 - - [01/Sep/2016:17:46:14 -0700] "GET /self.logs/access.log.2015-06-21.gz HTTP/1.1" 200 10021 "-" "Mozilla/5.0 (compatible; SemrushBot/1.1~bl; +http://www.semrush.com/bot.html)" 
192.243.55.136 - - [01/Sep/2016:17:53:41 -0700] "GET /self.logs/error.log.2015-07-15.gz HTTP/1.1" 200 746 "-" "Mozilla/5.0 (compatible; SemrushBot/1.1~bl; +http://www.semrush.com/bot.html)" 
192.243.55.136 - - [01/Sep/2016:17:55:08 -0700] "GET /self.logs/access.log.2015-04-02.gz HTTP/1.1" 200 3285 "-" "Mozilla/5.0 (compatible; SemrushBot/1.1~bl; +http://www.semrush.com/bot.html)" 
66.249.83.103 - - [01/Sep/2016:18:01:24 -0700] "GET / HTTP/1.1" 200 10046 "-" "Mozilla/5.0 (X11; Linux x86_64) AppleWebKit/537.36 (KHTML, like Gecko) Chrome/49.0.2623.75 Safari/537.36 Google Favicon" 
66.249.83.101 - - [01/Sep/2016:18:01:24 -0700] "GET /bootstrap/img/favicon.ico HTTP/1.1" 200 590 "-" "Mozilla/5.0 (X11; Linux x86_64) AppleWebKit/537.36 (KHTML, like Gecko) Chrome/49.0.2623.75 Safari/537.36 Google Favicon" 
192.243.55.135 - - [01/Sep/2016:18:01:31 -0700] "GET /self.logs/access.log.2015-01-28.gz HTTP/1.1" 200 2092 "-" "Mozilla/5.0 (compatible; SemrushBot/1.1~bl; +http://www.semrush.com/bot.html)" 
192.243.55.131 - - [01/Sep/2016:18:08:42 -0700] "GET /self.logs/error.log.2015-09-07.gz HTTP/1.1" 200 679 "-" "Mozilla/5.0 (compatible; SemrushBot/1.1~bl; +http://www.semrush.com/bot.html)" 
192.243.55.133 - - [01/Sep/2016:18:10:16 -0700] "GET /self.logs/access.log.2015-01-23.gz HTTP/1.1" 200 2122 "-" "Mozilla/5.0 (compatible; SemrushBot/1.1~bl; +http://www.semrush.com/bot.html)" 
192.243.55.133 - - [01/Sep/2016:18:12:53 -0700] "GET /self.logs/error.log.2016-03-15.gz HTTP/1.1" 200 623 "-" "Mozilla/5.0 (compatible; SemrushBot/1.1~bl; +http://www.semrush.com/bot.html)" 
192.243.55.133 - - [01/Sep/2016:18:15:43 -0700] "GET /self.logs/error.log.2015-03-19.gz HTTP/1.1" 200 843 "-" "Mozilla/5.0 (compatible; SemrushBot/1.1~bl; +http://www.semrush.com/bot.html)" 
192.243.55.131 - - [01/Sep/2016:18:16:59 -0700] "GET /self.logs/access.log.2015-06-08.gz HTTP/1.1" 200 4183 "-" "Mozilla/5.0 (compatible; SemrushBot/1.1~bl; +http://www.semrush.com/bot.html)" 
123.125.67.221 - - [01/Sep/2016:18:18:33 -0700] "GET /robots.txt HTTP/1.1" 200 297 "-" "Mozilla/5.0 (Windows NT 10.0; WOW64) AppleWebKit/537.36 (KHTML, like Gecko) Chrome/45.0.2454.93 Safari/537.36" 
192.243.55.135 - - [01/Sep/2016:18:19:00 -0700] "GET /self.logs/error.log.2015-10-12.gz HTTP/1.1" 200 1954 "-" "Mozilla/5.0 (compatible; SemrushBot/1.1~bl; +http://www.semrush.com/bot.html)" 
192.243.55.131 - - [01/Sep/2016:18:23:59 -0700] "GET /self.logs/error.log.2016-04-11.gz HTTP/1.1" 200 947 "-" "Mozilla/5.0 (compatible; SemrushBot/1.1~bl; +http://www.semrush.com/bot.html)" 
117.190.191.170 - - [01/Sep/2016:18:30:55 -0700] "GET /tg/a.zip HTTP/1.1" 304 132 "-" "Mozilla/5.0 Gecko/20100115 Firefox/3.6" 
199.16.156.124 - - [01/Sep/2016:18:32:32 -0700] "GET / HTTP/1.1" 301 427 "-" "Twitterbot/1.0" 
199.16.156.124 - - [01/Sep/2016:18:32:32 -0700] "GET / HTTP/1.1" 200 9990 "-" "Twitterbot/1.0" 
192.243.55.135 - - [01/Sep/2016:18:33:16 -0700] "GET /self.logs/access.log.2016-04-24.gz HTTP/1.1" 200 7798 "-" "Mozilla/5.0 (compatible; SemrushBot/1.1~bl; +http://www.semrush.com/bot.html)" 
192.243.55.133 - - [01/Sep/2016:18:35:47 -0700] "GET /self.logs/error.log.2015-12-09.gz HTTP/1.1" 200 580 "-" "Mozilla/5.0 (compatible; SemrushBot/1.1~bl; +http://www.semrush.com/bot.html)" 
192.243.55.133 - - [01/Sep/2016:18:39:00 -0700] "GET /self.logs/access.log.2015-03-17.gz HTTP/1.1" 200 5986 "-" "Mozilla/5.0 (compatible; SemrushBot/1.1~bl; +http://www.semrush.com/bot.html)" 
51.255.65.50 - - [01/Sep/2016:18:39:00 -0700] "GET /self.logs/access.log.2015-09-04.gz HTTP/1.1" 200 7067 "-" "Mozilla/5.0 (compatible; AhrefsBot/5.1; +http://ahrefs.com/robot/)" 
192.243.55.131 - - [01/Sep/2016:18:41:57 -0700] "GET /self.logs/access.log.2015-05-22.gz HTTP/1.1" 200 4701 "-" "Mozilla/5.0 (compatible; SemrushBot/1.1~bl; +http://www.semrush.com/bot.html)" 
37.204.101.5 - - [01/Sep/2016:18:42:23 -0700] "GET /honeypot/Honeypot%20-%20Howto%20-%20BSides%20Austin.pdf HTTP/1.1" 200 190960 "http://yandex.ru/clck/jsredir?from=yandex.ru%3Bsearch%3Bweb%3B%3B&text=&etext=1165.IDGvsY7aTeUctJtvGsHyOyEddGzF_bQzRyrzXCYl8Ttj8szs9Tke7qR4EkixKoVD.8c32a67bf5e5522185bd41f6cdeab89616ce33c2&uuid=&state=_BLhILn4SxNIvvL0W45KSic66uCIg23qh8iRG98qeIXmeppkgUc0YL_nDC5hqtEQ6WayFoZKRZE&data=UlNrNmk5WktYejR0eWJFYk1LdmtxdFVvX2JPZzkyaEU2WFNsdVNGUmVZbHU3ZjQwYnJsWFQ4SC1qOC1WSk9yZmJ4bUd1UXFUUkg4TEZjWmVfMTJOSG9LUDBTVDdtU2FFc0FvVkJpMVRqeUNoYnhuOFRTSDIyNFUtY3l0UllVcDhscmhxakRQNHZkVzB5OGliZWNHRDBlMGFLRDk0OU80cDFuR3BlWWNhMmk2Z1ppNHJaQWRkVTlsRi1iRy01R0tC&b64e=2&sign=4305d567befe40bd942ccdd6a83b623d&keyno=0&cst=AiuY0DBWFJ7IXge4WdYJQSaYtyyri96FDivahEKA06CU8pHEinXECZ5Ow30maDpws4KhLDgoLQbUGlewtCd5SSJvR8sWeza-aon4hlAtrG20AWVxMU2jKvEjy-6XvNq9wGdpasWHWhzU2L5-bZeFrg&ref=orjY4mGPRjk5boDnW0uvlrrd71vZw9kp5uQozpMtKCUrYE_V40103rgcEz4eGEdL4JgR5xYgJtsDjx7-zAwxieCLMgnXTPdwW2RperSj8bFyVsw4mdVlAQ&l10n=ru&cts=1472779216753&mc=5.32953083545" "Mozilla/4.0 (compatible; MSIE 8.0; Windows NT 5.1; Trident/4.0; .NET CLR 1.1.4322; .NET CLR 2.0.50727; .NET CLR 3.0.4506.2152; .NET CLR 3.5.30729)" 
128.68.139.56 - - [01/Sep/2016:18:42:24 -0700] "GET /honeypot/BSidesDFW%20-%202014.ipynb HTTP/1.1" 200 930799 "http://yandex.ru/clck/jsredir?from=yandex.ru%3Bsearch%3Bweb%3B%3B&text=&etext=1165.reEPNXzBkb5CEc381sPhWPlm6bd2nd9QX9lCbFeqFOfX2HN4ytZPbvh1Qn38s4Yj.c4c937ef093ee05f9c7724d8a4970c8f63dd86dc&uuid=&state=_BLhILn4SxNIvvL0W45KSic66uCIg23qh8iRG98qeIXmeppkgUc0YOm24rr5dkiDnIjpu2TfUVc&data=UlNrNmk5WktYejR0eWJFYk1LdmtxdFVvX2JPZzkyaEU2WFNsdVNGUmVZbHU3ZjQwYnJsWFQzaTk3eklSTnotZ1h4SW1DUmpSY1JVWlAxT212aTdGbmljek9uMzIxTElNRnUyZGR2aTVBa0xOek5qLWxpVmQ3Mzk5c3E0QWs1WV9jVlQ1aHVqWF9abVQ5Tmx2T2Q5MjJ3d3l5SDROazBUVA&b64e=2&sign=6902886d9aba15b40fa7d30da556d551&keyno=0&cst=AiuY0DBWFJ7IXge4WdYJQe3IrxbPWIv4FNW3bpUiZT8yz2dhTnl3d_-DgqpdkOxHoeF27US_lEeTlVbXCOKG3E4Uf01U7dKb2WHX9R71OQeXCQ3VtdFB9qR2EulEERa7ZNDDRyZ5d4NJ2h2MA-9y8w&ref=orjY4mGPRjk5boDnW0uvlrrd71vZw9kp5uQozpMtKCVz9TJ3Mp6DkU3raapJazbbPCupDHjqPSPUIUy2A6uxCUKVi3X1ROBQRI2W_z1mXYeMN-337xznLQ&l10n=ru&cts=1472779216753&mc=1.58634191091" "Mozilla/4.0 (compatible; MSIE 8.0; Windows NT 5.1; Trident/4.0)" 
192.243.55.135 - - [01/Sep/2016:18:44:21 -0700] "GET /self.logs/access.log.2015-11-19.gz HTTP/1.1" 200 11880 "-" "Mozilla/5.0 (compatible; SemrushBot/1.1~bl; +http://www.semrush.com/bot.html)" 
192.243.55.135 - - [01/Sep/2016:18:45:55 -0700] "GET /self.logs/error.log.2015-02-11.gz HTTP/1.1" 200 1320 "-" "Mozilla/5.0 (compatible; SemrushBot/1.1~bl; +http://www.semrush.com/bot.html)" 
192.243.55.135 - - [01/Sep/2016:18:49:41 -0700] "GET /self.logs/access.log.2016-05-29.gz HTTP/1.1" 200 8088 "-" "Mozilla/5.0 (compatible; SemrushBot/1.1~bl; +http://www.semrush.com/bot.html)" 
192.243.55.133 - - [01/Sep/2016:18:53:35 -0700] "GET /self.logs/access.log.2015-06-14.gz HTTP/1.1" 200 4349 "-" "Mozilla/5.0 (compatible; SemrushBot/1.1~bl; +http://www.semrush.com/bot.html)" 
192.243.55.135 - - [01/Sep/2016:18:55:23 -0700] "GET /self.logs/error.log.2016-05-25.gz HTTP/1.1" 200 1015 "-" "Mozilla/5.0 (compatible; SemrushBot/1.1~bl; +http://www.semrush.com/bot.html)" 
171.217.169.20 - - [01/Sep/2016:18:56:00 -0700] "GET / HTTP/1.1" 200 10046 "-" "Mozilla/5.0 (Macintosh; Intel Mac OS X 10_11_6) AppleWebKit/537.36 (KHTML, like Gecko) Chrome/52.0.2743.116 Safari/537.36" 
171.217.169.20 - - [01/Sep/2016:18:56:02 -0700] "GET /twitter-icon.png HTTP/1.1" 200 27787 "http://www.secrepo.com/" "Mozilla/5.0 (Macintosh; Intel Mac OS X 10_11_6) AppleWebKit/537.36 (KHTML, like Gecko) Chrome/52.0.2743.116 Safari/537.36" 
171.217.169.20 - - [01/Sep/2016:18:56:02 -0700] "GET /GitHub-Mark.png HTTP/1.1" 200 7428 "http://www.secrepo.com/" "Mozilla/5.0 (Macintosh; Intel Mac OS X 10_11_6) AppleWebKit/537.36 (KHTML, like Gecko) Chrome/52.0.2743.116 Safari/537.36" 
171.217.169.20 - - [01/Sep/2016:18:56:04 -0700] "GET /bootstrap/img/favicon.ico HTTP/1.1" 200 589 "http://www.secrepo.com/" "Mozilla/5.0 (Macintosh; Intel Mac OS X 10_11_6) AppleWebKit/537.36 (KHTML, like Gecko) Chrome/52.0.2743.116 Safari/537.36" 
192.243.55.131 - - [01/Sep/2016:18:56:42 -0700] "GET /self.logs/error.log.2016-03-03.gz HTTP/1.1" 200 1143 "-" "Mozilla/5.0 (compatible; SemrushBot/1.1~bl; +http://www.semrush.com/bot.html)" 
192.243.55.135 - - [01/Sep/2016:19:00:20 -0700] "GET /self.logs/access.log.2015-05-18.gz HTTP/1.1" 200 4636 "-" "Mozilla/5.0 (compatible; SemrushBot/1.1~bl; +http://www.semrush.com/bot.html)" 
76.167.242.213 - - [01/Sep/2016:19:01:35 -0700] "GET /favicon.ico HTTP/1.1" 200 268 "http://www.secrepo.com/honeypot/Honeypot%20-%20Howto.pdf" "Mozilla/5.0 (Macintosh; Intel Mac OS X 10_11_6) AppleWebKit/537.36 (KHTML, like Gecko) Chrome/52.0.2743.116 Safari/537.36" 
76.167.242.213 - - [01/Sep/2016:19:01:34 -0700] "GET /honeypot/Honeypot%20-%20Howto.pdf HTTP/1.1" 200 1186980 "https://www.google.com/" "Mozilla/5.0 (Macintosh; Intel Mac OS X 10_11_6) AppleWebKit/537.36 (KHTML, like Gecko) Chrome/52.0.2743.116 Safari/537.36" 
76.167.242.213 - - [01/Sep/2016:19:01:35 -0700] "GET /honeypot/Honeypot%20-%20Howto.pdf HTTP/1.1" 206 348276 "http://www.secrepo.com/honeypot/Honeypot%20-%20Howto.pdf" "Mozilla/5.0 (Macintosh; Intel Mac OS X 10_11_6) AppleWebKit/537.36 (KHTML, like Gecko) Chrome/52.0.2743.116 Safari/537.36" 
66.68.160.227 - - [01/Sep/2016:19:01:49 -0700] "GET / HTTP/1.1" 301 483 "https://www.linkedin.com/" "Mozilla/5.0 (Macintosh; Intel Mac OS X 10_11_6) AppleWebKit/537.36 (KHTML, like Gecko) Chrome/52.0.2743.116 Safari/537.36" 
66.68.160.227 - - [01/Sep/2016:19:01:50 -0700] "GET / HTTP/1.1" 200 10046 "https://www.linkedin.com/" "Mozilla/5.0 (Macintosh; Intel Mac OS X 10_11_6) AppleWebKit/537.36 (KHTML, like Gecko) Chrome/52.0.2743.116 Safari/537.36" 
66.68.160.227 - - [01/Sep/2016:19:01:50 -0700] "GET /twitter-icon.png HTTP/1.1" 200 27787 "http://www.secrepo.com/" "Mozilla/5.0 (Macintosh; Intel Mac OS X 10_11_6) AppleWebKit/537.36 (KHTML, like Gecko) Chrome/52.0.2743.116 Safari/537.36" 
66.68.160.227 - - [01/Sep/2016:19:01:50 -0700] "GET /GitHub-Mark.png HTTP/1.1" 200 7428 "http://www.secrepo.com/" "Mozilla/5.0 (Macintosh; Intel Mac OS X 10_11_6) AppleWebKit/537.36 (KHTML, like Gecko) Chrome/52.0.2743.116 Safari/537.36" 
66.68.160.227 - - [01/Sep/2016:19:01:51 -0700] "GET /bootstrap/img/favicon.ico HTTP/1.1" 200 589 "http://www.secrepo.com/" "Mozilla/5.0 (Macintosh; Intel Mac OS X 10_11_6) AppleWebKit/537.36 (KHTML, like Gecko) Chrome/52.0.2743.116 Safari/537.36" 
192.243.55.135 - - [01/Sep/2016:19:01:55 -0700] "GET /self.logs/error.log.2016-01-07.gz HTTP/1.1" 200 742 "-" "Mozilla/5.0 (compatible; SemrushBot/1.1~bl; +http://www.semrush.com/bot.html)" 
66.68.160.227 - - [01/Sep/2016:19:02:10 -0700] "GET / HTTP/1.1" 200 10046 "https://www.google.com/" "Mozilla/5.0 (Macintosh; Intel Mac OS X 10_11_6) AppleWebKit/537.36 (KHTML, like Gecko) Chrome/52.0.2743.116 Safari/537.36" 
66.68.160.227 - - [01/Sep/2016:19:02:11 -0700] "GET /twitter-icon.png HTTP/1.1" 200 27787 "http://www.secrepo.com/" "Mozilla/5.0 (Macintosh; Intel Mac OS X 10_11_6) AppleWebKit/537.36 (KHTML, like Gecko) Chrome/52.0.2743.116 Safari/537.36" 
66.68.160.227 - - [01/Sep/2016:19:02:11 -0700] "GET /GitHub-Mark.png HTTP/1.1" 200 7428 "http://www.secrepo.com/" "Mozilla/5.0 (Macintosh; Intel Mac OS X 10_11_6) AppleWebKit/537.36 (KHTML, like Gecko) Chrome/52.0.2743.116 Safari/537.36" 
66.68.160.227 - - [01/Sep/2016:19:02:12 -0700] "GET /bootstrap/img/favicon.ico HTTP/1.1" 200 589 "http://www.secrepo.com/" "Mozilla/5.0 (Macintosh; Intel Mac OS X 10_11_6) AppleWebKit/537.36 (KHTML, like Gecko) Chrome/52.0.2743.116 Safari/537.36" 
192.243.55.133 - - [01/Sep/2016:19:03:58 -0700] "GET /self.logs/access.log.2015-06-10.gz HTTP/1.1" 200 6349 "-" "Mozilla/5.0 (compatible; SemrushBot/1.1~bl; +http://www.semrush.com/bot.html)" 
192.243.55.133 - - [01/Sep/2016:19:06:31 -0700] "GET /self.logs/access.log.2015-11-18.gz HTTP/1.1" 200 9913 "-" "Mozilla/5.0 (compatible; SemrushBot/1.1~bl; +http://www.semrush.com/bot.html)" 
192.243.55.133 - - [01/Sep/2016:19:08:24 -0700] "GET /self.logs/access.log.2015-08-15.gz HTTP/1.1" 200 4212 "-" "Mozilla/5.0 (compatible; SemrushBot/1.1~bl; +http://www.semrush.com/bot.html)" 
192.243.55.131 - - [01/Sep/2016:19:11:04 -0700] "GET /self.logs/access.log.2015-02-16.gz HTTP/1.1" 200 20451 "-" "Mozilla/5.0 (compatible; SemrushBot/1.1~bl; +http://www.semrush.com/bot.html)" 
180.76.15.160 - - [01/Sep/2016:19:13:45 -0700] "GET / HTTP/1.1" 304 152 "-" "Mozilla/5.0 (compatible; Baiduspider/2.0; +http://www.baidu.com/search/spider.html)" 
192.243.55.135 - - [01/Sep/2016:19:14:20 -0700] "GET /self.logs/access.log.2016-02-19.gz HTTP/1.1" 200 6932 "-" "Mozilla/5.0 (compatible; SemrushBot/1.1~bl; +http://www.semrush.com/bot.html)" 
192.243.55.131 - - [01/Sep/2016:19:16:19 -0700] "GET /self.logs/access.log.2015-11-15.gz HTTP/1.1" 200 5558 "-" "Mozilla/5.0 (compatible; SemrushBot/1.1~bl; +http://www.semrush.com/bot.html)" 
180.76.15.145 - - [01/Sep/2016:19:20:53 -0700] "GET / HTTP/1.1" 200 21900 "-" "Mozilla/5.0 (compatible; Baiduspider/2.0; +http://www.baidu.com/search/spider.html)" 
180.76.15.9 - - [01/Sep/2016:19:21:11 -0700] "GET / HTTP/1.1" 200 33494 "-" "Mozilla/5.0 (compatible; Baiduspider/2.0; +http://www.baidu.com/search/spider.html)" 
216.244.66.240 - - [01/Sep/2016:19:26:08 -0700] "GET /robots.txt HTTP/1.1" 200 233 "-" "Mozilla/5.0 (compatible; DotBot/1.1; http://www.opensiteexplorer.org/dotbot, help@moz.com)" 
164.132.161.94 - - [01/Sep/2016:19:27:21 -0700] "GET /self.logs/access.log.2016-05-15.gz HTTP/1.1" 200 7272 "-" "Mozilla/5.0 (compatible; AhrefsBot/5.1; +http://ahrefs.com/robot/)" 
192.243.55.131 - - [01/Sep/2016:19:33:04 -0700] "GET /self.logs/error.log.2016-02-15.gz HTTP/1.1" 200 724 "-" "Mozilla/5.0 (compatible; SemrushBot/1.1~bl; +http://www.semrush.com/bot.html)" 
192.243.55.131 - - [01/Sep/2016:19:33:22 -0700] "GET /self.logs/error.log.2015-09-01.gz HTTP/1.1" 200 681 "-" "Mozilla/5.0 (compatible; SemrushBot/1.1~bl; +http://www.semrush.com/bot.html)" 
111.7.128.40 - - [01/Sep/2016:19:45:19 -0700] "GET /tg/a.zip HTTP/1.1" 304 132 "-" "Mozilla/5.0 Gecko/20100115 Firefox/3.6" 
163.172.66.79 - - [01/Sep/2016:20:00:12 -0700] "GET /self.logs/access.log.2015-09-26.gz HTTP/1.1" 200 3593 "-" "Mozilla/5.0 (compatible; AhrefsBot/5.1; +http://ahrefs.com/robot/)" 
123.237.133.140 - - [01/Sep/2016:20:35:34 -0700] "GET / HTTP/1.1" 200 10046 "-" "Mozilla/5.0 (Windows NT 6.1; Win64; x64) AppleWebKit/537.36 (KHTML, like Gecko) Chrome/52.0.2743.116 Safari/537.36" 
123.237.133.140 - - [01/Sep/2016:20:35:35 -0700] "GET /twitter-icon.png HTTP/1.1" 200 27787 "http://www.secrepo.com/" "Mozilla/5.0 (Windows NT 6.1; Win64; x64) AppleWebKit/537.36 (KHTML, like Gecko) Chrome/52.0.2743.116 Safari/537.36" 
123.237.133.140 - - [01/Sep/2016:20:35:35 -0700] "GET /GitHub-Mark.png HTTP/1.1" 200 7428 "http://www.secrepo.com/" "Mozilla/5.0 (Windows NT 6.1; Win64; x64) AppleWebKit/537.36 (KHTML, like Gecko) Chrome/52.0.2743.116 Safari/537.36" 
123.237.133.140 - - [01/Sep/2016:20:35:36 -0700] "GET /bootstrap/img/favicon.ico HTTP/1.1" 200 589 "http://www.secrepo.com/" "Mozilla/5.0 (Windows NT 6.1; Win64; x64) AppleWebKit/537.36 (KHTML, like Gecko) Chrome/52.0.2743.116 Safari/537.36" 
5.9.151.22 - - [01/Sep/2016:20:36:13 -0700] "GET /robots.txt HTTP/1.0" 200 252 "-" "Mozilla/5.0 (compatible; MJ12bot/v1.4.5; http://www.majestic12.co.uk/bot.php?+)" 
5.9.151.22 - - [01/Sep/2016:20:36:14 -0700] "GET /self.logs/?C=M;O=D HTTP/1.0" 200 113686 "-" "Mozilla/5.0 (compatible; MJ12bot/v1.4.5; http://www.majestic12.co.uk/bot.php?+)" 
5.9.151.22 - - [01/Sep/2016:20:36:16 -0700] "GET /self.logs/?C=S;O=A HTTP/1.0" 200 13674 "-" "Mozilla/5.0 (compatible; MJ12bot/v1.4.5; http://www.majestic12.co.uk/bot.php?+)" 
146.185.181.215 - - [01/Sep/2016:20:36:37 -0700] "HEAD /honeypot/Honeypot%20-%20Howto%20-%20BSides%20Austin.pdf HTTP/1.1" 200 226 "-" "Booksyard Crawler 2.36 ( http://www.booksyard.com )" 
146.185.181.215 - - [01/Sep/2016:20:36:37 -0700] "GET /honeypot/Honeypot%20-%20Howto%20-%20BSides%20Austin.pdf HTTP/1.1" 200 2928404 "-" "Booksyard Crawler 2.36 ( http://www.booksyard.com )" 
164.132.161.42 - - [01/Sep/2016:20:50:26 -0700] "GET /self.logs/error.log.2015-07-04.gz HTTP/1.1" 200 808 "-" "Mozilla/5.0 (compatible; AhrefsBot/5.1; +http://ahrefs.com/robot/)" 
216.244.66.240 - - [01/Sep/2016:20:53:49 -0700] "GET /self.logs/?C=N;O=D HTTP/1.1" 200 113667 "-" "Mozilla/5.0 (compatible; DotBot/1.1; http://www.opensiteexplorer.org/dotbot, help@moz.com)" 
216.244.66.240 - - [01/Sep/2016:20:57:33 -0700] "GET /self.logs/?C=N;O=D HTTP/1.1" 200 113667 "-" "Mozilla/5.0 (compatible; DotBot/1.1; http://www.opensiteexplorer.org/dotbot, help@moz.com)" 
108.19.180.233 - - [01/Sep/2016:21:05:33 -0700] "GET / HTTP/1.1" 200 10046 "-" "Mozilla/5.0 (X11; CrOS x86_64 8350.60.0) AppleWebKit/537.36 (KHTML, like Gecko) Chrome/52.0.2743.85 Safari/537.36" 
108.19.180.233 - - [01/Sep/2016:21:05:34 -0700] "GET /twitter-icon.png HTTP/1.1" 200 27787 "http://www.secrepo.com/" "Mozilla/5.0 (X11; CrOS x86_64 8350.60.0) AppleWebKit/537.36 (KHTML, like Gecko) Chrome/52.0.2743.85 Safari/537.36" 
108.19.180.233 - - [01/Sep/2016:21:05:34 -0700] "GET /GitHub-Mark.png HTTP/1.1" 200 7428 "http://www.secrepo.com/" "Mozilla/5.0 (X11; CrOS x86_64 8350.60.0) AppleWebKit/537.36 (KHTML, like Gecko) Chrome/52.0.2743.85 Safari/537.36" 
108.19.180.233 - - [01/Sep/2016:21:05:35 -0700] "GET /bootstrap/img/favicon.ico HTTP/1.1" 200 589 "http://www.secrepo.com/" "Mozilla/5.0 (X11; CrOS x86_64 8350.60.0) AppleWebKit/537.36 (KHTML, like Gecko) Chrome/52.0.2743.85 Safari/537.36" 
66.249.89.126 - - [01/Sep/2016:21:16:06 -0700] "GET /googleb1a7c9cf768c32be.html HTTP/1.1" 200 384 "-" "Mozilla/5.0 (compatible; Google-Site-Verification/1.0)" 
207.46.13.149 - - [01/Sep/2016:21:30:30 -0700] "GET /maccdc2012/ftp.log.gz HTTP/1.1" 200 128116 "-" "Mozilla/5.0 (compatible; bingbot/2.0; +http://www.bing.com/bingbot.htm)" 
117.190.191.170 - - [01/Sep/2016:21:30:57 -0700] "GET /tg/a.zip HTTP/1.1" 304 132 "-" "Mozilla/5.0 Gecko/20100115 Firefox/3.6" 
14.200.239.200 - - [01/Sep/2016:22:16:37 -0700] "GET /wp-login.php HTTP/1.1" 404 295 "-" "Mozilla/5.0 (Windows NT 6.1; WOW64; rv:40.0) Gecko/20100101 Firefox/40.1" 
14.200.239.200 - - [01/Sep/2016:22:16:42 -0700] "GET /wp-login.php HTTP/1.1" 404 295 "-" "Mozilla/5.0 (Windows NT 6.1; WOW64; rv:40.0) Gecko/20100101 Firefox/40.1" 
14.200.239.200 - - [01/Sep/2016:22:16:48 -0700] "GET / HTTP/1.1" 200 33505 "-" "Mozilla/5.0 (Windows NT 6.1; WOW64; rv:40.0) Gecko/20100101 Firefox/40.1" 
111.220.91.70 - - [01/Sep/2016:22:23:14 -0700] "GET / HTTP/1.1" 200 10046 "https://www.google.com.au/" "Mozilla/5.0 (X11; Fedora; Linux x86_64) AppleWebKit/537.36 (KHTML, like Gecko) Chrome/53.0.2785.89 Safari/537.36" 
111.220.91.70 - - [01/Sep/2016:22:23:15 -0700] "GET /twitter-icon.png HTTP/1.1" 200 27787 "http://www.secrepo.com/" "Mozilla/5.0 (X11; Fedora; Linux x86_64) AppleWebKit/537.36 (KHTML, like Gecko) Chrome/53.0.2785.89 Safari/537.36" 
111.220.91.70 - - [01/Sep/2016:22:23:16 -0700] "GET /GitHub-Mark.png HTTP/1.1" 200 7428 "http://www.secrepo.com/" "Mozilla/5.0 (X11; Fedora; Linux x86_64) AppleWebKit/537.36 (KHTML, like Gecko) Chrome/53.0.2785.89 Safari/537.36" 
111.220.91.70 - - [01/Sep/2016:22:23:17 -0700] "GET /bootstrap/img/favicon.ico HTTP/1.1" 200 589 "http://www.secrepo.com/" "Mozilla/5.0 (X11; Fedora; Linux x86_64) AppleWebKit/537.36 (KHTML, like Gecko) Chrome/53.0.2785.89 Safari/537.36" 
14.200.239.200 - - [01/Sep/2016:22:24:08 -0700] "GET /wp-login.php HTTP/1.1" 301 522 "-" "Mozilla/5.0 (Windows NT 6.1; WOW64; rv:40.0) Gecko/20100101 Firefox/40.1" 
14.200.239.200 - - [01/Sep/2016:22:24:09 -0700] "GET /wp-login.php HTTP/1.1" 404 295 "-" "Mozilla/5.0 (Windows NT 6.1; WOW64; rv:40.0) Gecko/20100101 Firefox/40.1" 
14.200.239.200 - - [01/Sep/2016:22:24:14 -0700] "GET /wp-login.php HTTP/1.1" 301 522 "-" "Mozilla/5.0 (Windows NT 6.1; WOW64; rv:40.0) Gecko/20100101 Firefox/40.1" 
14.200.239.200 - - [01/Sep/2016:22:24:15 -0700] "GET /wp-login.php HTTP/1.1" 404 295 "-" "Mozilla/5.0 (Windows NT 6.1; WOW64; rv:40.0) Gecko/20100101 Firefox/40.1" 
14.200.239.200 - - [01/Sep/2016:22:24:21 -0700] "GET / HTTP/1.1" 301 498 "-" "Mozilla/5.0 (Windows NT 6.1; WOW64; rv:40.0) Gecko/20100101 Firefox/40.1" 
14.200.239.200 - - [01/Sep/2016:22:24:21 -0700] "GET / HTTP/1.1" 200 33505 "-" "Mozilla/5.0 (Windows NT 6.1; WOW64; rv:40.0) Gecko/20100101 Firefox/40.1" 
