80.219.11.40 - - [03/Aug/2015:02:26:40 -0700] "GET /honeypot/BSidesDFW%20-%202014.ipynb HTTP/1.1" 200 930836 "https://www.google.ch" "Mozilla/5.0 (Windows NT 6.3; rv:39.0) Gecko/20100101 Firefox/39.0" 
80.219.11.40 - - [03/Aug/2015:02:26:44 -0700] "GET /favicon.ico HTTP/1.1" 200 267 "-" "Mozilla/5.0 (Windows NT 6.3; rv:39.0) Gecko/20100101 Firefox/39.0" 
62.212.73.211 - - [03/Aug/2015:02:27:19 -0700] "GET /robots.txt HTTP/1.0" 200 252 "-" "Mozilla/5.0 (compatible; MJ12bot/v1.4.5; http://www.majestic12.co.uk/bot.php?+)" 
62.212.73.211 - - [03/Aug/2015:02:27:21 -0700] "GET /self.logs/?C=D;O=D HTTP/1.0" 200 37848 "-" "Mozilla/5.0 (compatible; MJ12bot/v1.4.5; http://www.majestic12.co.uk/bot.php?+)" 
62.212.73.211 - - [03/Aug/2015:02:27:23 -0700] "GET /self.logs/?C=M;O=D HTTP/1.0" 200 4564 "-" "Mozilla/5.0 (compatible; MJ12bot/v1.4.5; http://www.majestic12.co.uk/bot.php?+)" 
62.212.73.211 - - [03/Aug/2015:02:27:24 -0700] "GET /self.logs/?C=N;O=A HTTP/1.0" 200 4427 "-" "Mozilla/5.0 (compatible; MJ12bot/v1.4.5; http://www.majestic12.co.uk/bot.php?+)" 
62.212.73.211 - - [03/Aug/2015:02:27:26 -0700] "GET /self.logs/?C=S;O=D HTTP/1.0" 200 4664 "-" "Mozilla/5.0 (compatible; MJ12bot/v1.4.5; http://www.majestic12.co.uk/bot.php?+)" 
188.165.15.84 - - [03/Aug/2015:02:32:36 -0700] "GET /maccdc2012/weird.log.gz HTTP/1.1" 200 67737 "-" "Mozilla/5.0 (compatible; AhrefsBot/5.0; +http://ahrefs.com/robot/)" 
66.249.84.252 - - [03/Aug/2015:02:35:02 -0700] "GET / HTTP/1.1" 200 7347 "-" "Google favicon" 
66.249.84.246 - - [03/Aug/2015:02:35:03 -0700] "GET /bootstrap/img/favicon.ico HTTP/1.1" 200 590 "-" "Google favicon" 
123.182.156.200 - - [03/Aug/2015:03:19:04 -0700] "GET /honeypot/BSidesDFW%20-%202014.ipynb HTTP/1.1" 200 331200 "-" "Mozilla/4.0 (compatible; MSIE 6.0; Windows NT 5.1; SV1; Mozilla/4.0 (compatible; MSIE 6.0; Windows NT 5.1; SV1) ; .NET CLR 2.0.50727 ; .NET CLR 4.0.30319)" 
123.182.156.200 - - [03/Aug/2015:03:19:43 -0700] "POST /honeypot/BSidesDFW%20-%202014.ipynb/trackback/ HTTP/1.1" 404 303 "http://www.secrepo.com/honeypot/BSidesDFW - 2014.ipynb" "Mozilla/4.0 (compatible; MSIE 6.0; Windows NT 5.1; SV1; Mozilla/4.0 (compatible; MSIE 6.0; Windows NT 5.1; SV1) ; .NET CLR 1.0.3705)" 
157.55.39.76 - - [03/Aug/2015:03:35:50 -0700] "GET /honeypot/Honeypot%20-%20Howto%20-%20BSides%20Austin.pdf HTTP/1.1" 200 2928460 "-" "Mozilla/5.0 (iPhone; CPU iPhone OS 7_0 like Mac OS X) AppleWebKit/537.51.1 (KHTML, like Gecko) Version/7.0 Mobile/11A465 Safari/9537.53 (compatible; bingbot/2.0;  http://www.bing.com/bingbot.htm)" 
157.55.39.20 - - [03/Aug/2015:03:36:12 -0700] "GET /self.logs/error.log.2015-02-22.gz HTTP/1.1" 200 4404 "-" "Mozilla/5.0 (compatible; bingbot/2.0; +http://www.bing.com/bingbot.htm)" 
207.46.13.45 - - [03/Aug/2015:03:47:42 -0700] "GET /self.logs/error.log.2015-02-27.gz HTTP/1.1" 301 544 "-" "Mozilla/5.0 (compatible; bingbot/2.0; +http://www.bing.com/bingbot.htm)" 
188.165.15.84 - - [03/Aug/2015:04:09:03 -0700] "GET /self.logs/access.log.2015-03-01.gz HTTP/1.1" 200 2382 "-" "Mozilla/5.0 (compatible; AhrefsBot/5.0; +http://ahrefs.com/robot/)" 
66.249.79.238 - - [03/Aug/2015:04:44:11 -0700] "GET /maccdc2012/tunnel.log.gz HTTP/1.1" 200 5229 "-" "Mozilla/5.0 (iPhone; CPU iPhone OS 6_0 like Mac OS X) AppleWebKit/536.26 (KHTML, like Gecko) Version/6.0 Mobile/10A5376e Safari/8536.25 (compatible; Googlebot/2.1; +http://www.google.com/bot.html)" 
73.173.226.247 - - [03/Aug/2015:05:01:33 -0700] "GET /bootstrap/img/favicon.ico HTTP/1.1" 200 590 "-" "Mozilla/5.0 (Macintosh; Intel Mac OS X 10.10; rv:39.0) Gecko/20100101 Firefox/39.0" 
108.221.53.50 - - [03/Aug/2015:05:02:00 -0700] "GET / HTTP/1.1" 200 7347 "-" "Mozilla/5.0 (Macintosh; Intel Mac OS X 10.10; rv:39.0) Gecko/20100101 Firefox/39.0" 
108.221.53.50 - - [03/Aug/2015:05:02:00 -0700] "GET /twitter-icon.png HTTP/1.1" 200 27787 "http://www.secrepo.com/" "Mozilla/5.0 (Macintosh; Intel Mac OS X 10.10; rv:39.0) Gecko/20100101 Firefox/39.0" 
108.221.53.50 - - [03/Aug/2015:05:02:01 -0700] "GET /GitHub-Mark.png HTTP/1.1" 200 7428 "http://www.secrepo.com/" "Mozilla/5.0 (Macintosh; Intel Mac OS X 10.10; rv:39.0) Gecko/20100101 Firefox/39.0" 
108.221.53.50 - - [03/Aug/2015:05:02:01 -0700] "GET /bootstrap/img/favicon.ico HTTP/1.1" 200 590 "-" "Mozilla/5.0 (Macintosh; Intel Mac OS X 10.10; rv:39.0) Gecko/20100101 Firefox/39.0" 
108.221.53.50 - - [03/Aug/2015:05:02:17 -0700] "GET / HTTP/1.1" 301 483 "http://www.secrepo.com/" "Mozilla/5.0 (Macintosh; Intel Mac OS X 10.10; rv:39.0) Gecko/20100101 Firefox/39.0" 
108.221.53.50 - - [03/Aug/2015:05:02:17 -0700] "GET / HTTP/1.1" 304 189 "http://www.secrepo.com/" "Mozilla/5.0 (Macintosh; Intel Mac OS X 10.10; rv:39.0) Gecko/20100101 Firefox/39.0" 
188.165.15.84 - - [03/Aug/2015:05:05:12 -0700] "GET /self.logs/access.log.2015-05-10.gz HTTP/1.1" 200 4144 "-" "Mozilla/5.0 (compatible; AhrefsBot/5.0; +http://ahrefs.com/robot/)" 
188.165.15.84 - - [03/Aug/2015:05:06:39 -0700] "GET /self.logs/access.log.2015-01-25.gz HTTP/1.1" 200 3005 "-" "Mozilla/5.0 (compatible; AhrefsBot/5.0; +http://ahrefs.com/robot/)" 
104.239.140.237 - - [03/Aug/2015:05:30:30 -0700] "HEAD / HTTP/1.1" 301 190 "-" "Jakarta Commons-HttpClient/3.0.1" 
66.249.79.250 - - [03/Aug/2015:05:54:55 -0700] "GET /maccdc2012/conn.log.gz HTTP/1.1" 200 15859867 "-" "Mozilla/5.0 (iPhone; CPU iPhone OS 6_0 like Mac OS X) AppleWebKit/536.26 (KHTML, like Gecko) Version/6.0 Mobile/10A5376e Safari/8536.25 (compatible; Googlebot/2.1; +http://www.google.com/bot.html)" 
209.171.88.46 - - [03/Aug/2015:05:56:34 -0700] "GET / HTTP/1.1" 200 7291 "http://www2.mlsecproject.org/" "Mozilla/5.0 (Linux; Android 5.0; SM-G900W8 Build/LRX21T) AppleWebKit/537.36 (KHTML, like Gecko) Chrome/43.0.2357.93 Mobile Safari/537.36" 
209.171.88.46 - - [03/Aug/2015:05:56:34 -0700] "GET /twitter-icon.png HTTP/1.1" 200 27732 "http://www.secrepo.com/" "Mozilla/5.0 (Linux; Android 5.0; SM-G900W8 Build/LRX21T) AppleWebKit/537.36 (KHTML, like Gecko) Chrome/43.0.2357.93 Mobile Safari/537.36" 
209.171.88.46 - - [03/Aug/2015:05:56:34 -0700] "GET /GitHub-Mark.png HTTP/1.1" 200 7372 "http://www.secrepo.com/" "Mozilla/5.0 (Linux; Android 5.0; SM-G900W8 Build/LRX21T) AppleWebKit/537.36 (KHTML, like Gecko) Chrome/43.0.2357.93 Mobile Safari/537.36" 
209.171.88.46 - - [03/Aug/2015:05:56:35 -0700] "GET /bootstrap/img/favicon.ico HTTP/1.1" 200 534 "http://www.secrepo.com/" "Mozilla/5.0 (Linux; Android 5.0; SM-G900W8 Build/LRX21T) AppleWebKit/537.36 (KHTML, like Gecko) Chrome/43.0.2357.93 Mobile Safari/537.36" 
209.171.88.46 - - [03/Aug/2015:05:56:56 -0700] "GET /bootstrap/img/favicon.ico HTTP/1.1" 200 534 "http://www.secrepo.com/" "Mozilla/5.0 (Macintosh; Intel Mac OS X 10.9; rv:30.0) Gecko/20100101 Firefox/30.0" 
66.249.83.186 - - [03/Aug/2015:05:57:04 -0700] "GET / HTTP/1.1" 200 7347 "-" "Mozilla/5.0 (Windows NT 6.1; rv:6.0) Gecko/20110814 Firefox/6.0 Google (+https://developers.google.com/+/web/snippet/)" 
72.14.199.124 - - [03/Aug/2015:05:58:03 -0700] "GET / HTTP/1.1" 200 7347 "-" "Mozilla/5.0 (Macintosh; Intel Mac OS X 10_8_4) AppleWebKit/537.36 (KHTML, like Gecko) Chrome/28.0.1500.71 Safari/537.36" 
188.40.60.5 - - [03/Aug/2015:05:59:02 -0700] "HEAD / HTTP/1.1" 200 295 "-" "Mozilla/5.0 (compatible; uMBot-LN/1.0; mailto: crawling@ubermetrics-technologies.com)" 
177.182.24.113 - - [03/Aug/2015:06:01:49 -0700] "GET / HTTP/1.1" 200 7347 "http://www2.mlsecproject.org/" "Mozilla/5.0 (X11; Linux x86_64) AppleWebKit/537.36 (KHTML, like Gecko) Chrome/31.0.1650.63 Safari/537.36" 
177.182.24.113 - - [03/Aug/2015:06:01:53 -0700] "GET /GitHub-Mark.png HTTP/1.1" 200 7428 "http://www.secrepo.com/" "Mozilla/5.0 (X11; Linux x86_64) AppleWebKit/537.36 (KHTML, like Gecko) Chrome/31.0.1650.63 Safari/537.36" 
177.182.24.113 - - [03/Aug/2015:06:01:53 -0700] "GET /twitter-icon.png HTTP/1.1" 200 27788 "http://www.secrepo.com/" "Mozilla/5.0 (X11; Linux x86_64) AppleWebKit/537.36 (KHTML, like Gecko) Chrome/31.0.1650.63 Safari/537.36" 
72.14.199.118 - - [03/Aug/2015:06:09:37 -0700] "GET / HTTP/1.1" 200 7347 "-" "Mozilla/5.0 (compatible) Feedfetcher-Google;(+http://www.google.com/feedfetcher.html)" 
188.165.15.84 - - [03/Aug/2015:06:13:15 -0700] "GET /self.logs/access.log.2015-02-26.gz HTTP/1.1" 200 3543 "-" "Mozilla/5.0 (compatible; AhrefsBot/5.0; +http://ahrefs.com/robot/)" 
175.44.9.123 - - [03/Aug/2015:06:13:23 -0700] "GET /honeypot/BSidesDFW%20-%202014.ipynb HTTP/1.1" 200 361440 "-" "Mozilla/4.0 (compatible; MSIE 6.0; Windows NT 5.1; SV1; Mozilla/4.0 (compatible; MSIE 6.0; Windows NT 5.1; SV1) )" 
175.44.9.123 - - [03/Aug/2015:06:13:37 -0700] "POST /honeypot/BSidesDFW%20-%202014.ipynb/trackback/ HTTP/1.1" 404 303 "http://www.secrepo.com/honeypot/BSidesDFW - 2014.ipynb" "Mozilla/4.0 (compatible; MSIE 6.0; Windows NT 5.1)" 
123.125.71.54 - - [03/Aug/2015:06:37:40 -0700] "GET /honeypot/honeypot.json.zip HTTP/1.1" 200 4631836 "-" "Mozilla/5.0 (compatible; Baiduspider/2.0; +http://www.baidu.com/search/spider.html)" 
199.16.156.125 - - [03/Aug/2015:06:39:11 -0700] "GET /robots.txt HTTP/1.1" 200 304 "-" "Twitterbot/1.0" 
199.16.156.124 - - [03/Aug/2015:06:39:11 -0700] "GET /robots.txt HTTP/1.1" 200 304 "-" "Twitterbot/1.0" 
199.16.156.124 - - [03/Aug/2015:06:39:11 -0700] "GET /honeypot/Honeypot%20-%20Howto%20-%20BSides%20Austin.pdf HTTP/1.1" 200 2928404 "-" "Twitterbot/1.0" 
199.16.156.125 - - [03/Aug/2015:06:39:11 -0700] "GET /honeypot/honeypot.json.zip HTTP/1.1" 200 4631817 "-" "Twitterbot/1.0" 
188.165.15.84 - - [03/Aug/2015:06:54:58 -0700] "GET /self.logs/access.log.2015-03-24.gz HTTP/1.1" 200 4941 "-" "Mozilla/5.0 (compatible; AhrefsBot/5.0; +http://ahrefs.com/robot/)" 
157.55.39.76 - - [03/Aug/2015:06:59:01 -0700] "GET /self.logs/access.log.2015-02-27.gz HTTP/1.1" 301 546 "-" "Mozilla/5.0 (compatible; bingbot/2.0; +http://www.bing.com/bingbot.htm)" 
157.55.39.20 - - [03/Aug/2015:07:07:01 -0700] "GET /self.logs/access.log.2015-02-28.gz HTTP/1.1" 301 546 "-" "Mozilla/5.0 (compatible; bingbot/2.0; +http://www.bing.com/bingbot.htm)" 
66.249.79.11 - - [03/Aug/2015:07:15:55 -0700] "GET /maccdc2012/ssl.log.gz HTTP/1.1" 200 1313675 "-" "Mozilla/5.0 (compatible; Googlebot/2.1; +http://www.google.com/bot.html)" 
213.137.178.134 - - [03/Aug/2015:07:16:20 -0700] "GET / HTTP/1.1" 200 7347 "https://www.google.fr/" "Mozilla/5.0 (Windows NT 6.1; Win64; x64) AppleWebKit/537.36 (KHTML, like Gecko) Chrome/44.0.2403.125 Safari/537.36" 
213.137.178.134 - - [03/Aug/2015:07:16:21 -0700] "GET /twitter-icon.png HTTP/1.1" 200 27787 "http://www.secrepo.com/" "Mozilla/5.0 (Windows NT 6.1; Win64; x64) AppleWebKit/537.36 (KHTML, like Gecko) Chrome/44.0.2403.125 Safari/537.36" 
213.137.178.134 - - [03/Aug/2015:07:16:21 -0700] "GET /GitHub-Mark.png HTTP/1.1" 200 7428 "http://www.secrepo.com/" "Mozilla/5.0 (Windows NT 6.1; Win64; x64) AppleWebKit/537.36 (KHTML, like Gecko) Chrome/44.0.2403.125 Safari/537.36" 
213.137.178.134 - - [03/Aug/2015:07:16:21 -0700] "GET /bootstrap/img/favicon.ico HTTP/1.1" 200 589 "http://www.secrepo.com/" "Mozilla/5.0 (Windows NT 6.1; Win64; x64) AppleWebKit/537.36 (KHTML, like Gecko) Chrome/44.0.2403.125 Safari/537.36" 
176.199.27.247 - - [03/Aug/2015:07:16:51 -0700] "GET /honeypot/Honeypot%20-%20Howto.pdf HTTP/1.1" 206 34291 "-" "Mozilla/5.0 (Windows NT 6.1; WOW64; rv:39.0) Gecko/20100101 Firefox/39.0" 
176.199.27.247 - - [03/Aug/2015:07:16:51 -0700] "GET /honeypot/Honeypot%20-%20Howto.pdf HTTP/1.1" 206 65867 "-" "Mozilla/5.0 (Windows NT 6.1; WOW64; rv:39.0) Gecko/20100101 Firefox/39.0" 
176.199.27.247 - - [03/Aug/2015:07:16:52 -0700] "GET /honeypot/Honeypot%20-%20Howto.pdf HTTP/1.1" 206 65872 "-" "Mozilla/5.0 (Windows NT 6.1; WOW64; rv:39.0) Gecko/20100101 Firefox/39.0" 
176.199.27.247 - - [03/Aug/2015:07:16:52 -0700] "GET /honeypot/Honeypot%20-%20Howto.pdf HTTP/1.1" 206 65874 "-" "Mozilla/5.0 (Windows NT 6.1; WOW64; rv:39.0) Gecko/20100101 Firefox/39.0" 
176.199.27.247 - - [03/Aug/2015:07:16:53 -0700] "GET /honeypot/Honeypot%20-%20Howto.pdf HTTP/1.1" 206 65872 "-" "Mozilla/5.0 (Windows NT 6.1; WOW64; rv:39.0) Gecko/20100101 Firefox/39.0" 
176.199.27.247 - - [03/Aug/2015:07:16:53 -0700] "GET /honeypot/Honeypot%20-%20Howto.pdf HTTP/1.1" 206 65872 "-" "Mozilla/5.0 (Windows NT 6.1; WOW64; rv:39.0) Gecko/20100101 Firefox/39.0" 
176.199.27.247 - - [03/Aug/2015:07:16:51 -0700] "GET /honeypot/Honeypot%20-%20Howto.pdf HTTP/1.1" 200 1279418 "-" "Mozilla/5.0 (Windows NT 6.1; WOW64; rv:39.0) Gecko/20100101 Firefox/39.0" 
176.199.27.247 - - [03/Aug/2015:07:16:54 -0700] "GET /favicon.ico HTTP/1.1" 200 267 "-" "Mozilla/5.0 (Windows NT 6.1; WOW64; rv:39.0) Gecko/20100101 Firefox/39.0" 
176.199.27.247 - - [03/Aug/2015:07:16:53 -0700] "GET /honeypot/Honeypot%20-%20Howto.pdf HTTP/1.1" 206 524627 "-" "Mozilla/5.0 (Windows NT 6.1; WOW64; rv:39.0) Gecko/20100101 Firefox/39.0" 
192.99.107.173 - - [03/Aug/2015:07:17:04 -0700] "GET /robots.txt HTTP/1.1" 200 304 "-" "Mozilla/5.0 (compatible; meanpathbot/1.0; +http://www.meanpath.com/meanpathbot.html)" 
192.99.107.174 - - [03/Aug/2015:07:17:04 -0700] "GET / HTTP/1.1" 200 7291 "-" "Mozilla/5.0 (compatible; meanpathbot/1.0; +http://www.meanpath.com/meanpathbot.html)" 
199.59.148.209 - - [03/Aug/2015:07:22:31 -0700] "GET /robots.txt HTTP/1.1" 200 304 "-" "Twitterbot/1.0" 
199.59.148.211 - - [03/Aug/2015:07:22:31 -0700] "GET /robots.txt HTTP/1.1" 200 304 "-" "Twitterbot/1.0" 
199.59.148.209 - - [03/Aug/2015:07:22:31 -0700] "GET /honeypot/Honeypot%20-%20Howto%20-%20BSides%20Austin.pdf HTTP/1.1" 200 2928404 "-" "Twitterbot/1.0" 
199.59.148.211 - - [03/Aug/2015:07:22:31 -0700] "GET /honeypot/honeypot.json.zip HTTP/1.1" 200 4631817 "-" "Twitterbot/1.0" 
183.79.221.128 - - [03/Aug/2015:07:28:15 -0700] "GET /robots.txt HTTP/1.0" 200 297 "-" "Y!J-ASR/0.1 crawler (http://www.yahoo-help.jp/app/answers/detail/p/595/a_id/42716/)" 
183.79.221.128 - - [03/Aug/2015:07:28:16 -0700] "GET /tg/tg_snort_fast.7z HTTP/1.0" 200 4274082 "-" "Y!J-ASR/0.1 crawler (http://www.yahoo-help.jp/app/answers/detail/p/595/a_id/42716/)" 
162.243.241.252 - - [03/Aug/2015:07:35:30 -0700] "GET /robots.txt HTTP/1.1" 301 465 "-" "Mozilla/5.0 (compatible; spbot/4.4.2; +http://OpenLinkProfiler.org/bot )" 
162.243.241.252 - - [03/Aug/2015:07:35:30 -0700] "GET /robots.txt HTTP/1.1" 200 297 "-" "Mozilla/5.0 (compatible; spbot/4.4.2; +http://OpenLinkProfiler.org/bot )" 
162.243.241.252 - - [03/Aug/2015:07:35:35 -0700] "GET / HTTP/1.1" 200 7310 "-" "Mozilla/5.0 (compatible; spbot/4.4.2; +http://OpenLinkProfiler.org/bot )" 
162.243.241.252 - - [03/Aug/2015:07:35:36 -0700] "GET / HTTP/1.1" 301 446 "http://www.secrepo.com/" "Mozilla/5.0 (compatible; spbot/4.4.2; +http://OpenLinkProfiler.org/bot )" 
162.243.241.252 - - [03/Aug/2015:07:35:41 -0700] "GET /data HTTP/1.1" 404 303 "http://www.secrepo.com/" "Mozilla/5.0 (compatible; spbot/4.4.2; +http://OpenLinkProfiler.org/bot )" 
162.243.241.252 - - [03/Aug/2015:07:35:45 -0700] "GET /self.logs/ HTTP/1.1" 200 4444 "http://www.secrepo.com/" "Mozilla/5.0 (compatible; spbot/4.4.2; +http://OpenLinkProfiler.org/bot )" 
162.243.241.252 - - [03/Aug/2015:07:35:50 -0700] "GET /self.logs/?C=S;O=A HTTP/1.1" 200 4721 "http://www.secrepo.com/self.logs/" "Mozilla/5.0 (compatible; spbot/4.4.2; +http://OpenLinkProfiler.org/bot )" 
162.243.241.252 - - [03/Aug/2015:07:35:55 -0700] "GET /self.logs/?C=D;O=A HTTP/1.1" 200 4444 "http://www.secrepo.com/self.logs/" "Mozilla/5.0 (compatible; spbot/4.4.2; +http://OpenLinkProfiler.org/bot )" 
162.243.241.252 - - [03/Aug/2015:07:36:00 -0700] "GET /self.logs/?C=N;O=D HTTP/1.1" 200 4457 "http://www.secrepo.com/self.logs/" "Mozilla/5.0 (compatible; spbot/4.4.2; +http://OpenLinkProfiler.org/bot )" 
162.243.241.252 - - [03/Aug/2015:07:36:05 -0700] "GET /self.logs/?C=M;O=A HTTP/1.1" 200 4554 "http://www.secrepo.com/self.logs/" "Mozilla/5.0 (compatible; spbot/4.4.2; +http://OpenLinkProfiler.org/bot )" 
162.243.241.252 - - [03/Aug/2015:07:36:10 -0700] "GET /self.logs/?C=S;O=D HTTP/1.1" 200 4686 "http://www.secrepo.com/self.logs/?C=S;O=A" "Mozilla/5.0 (compatible; spbot/4.4.2; +http://OpenLinkProfiler.org/bot )" 
162.243.241.252 - - [03/Aug/2015:07:36:15 -0700] "GET /self.logs/?C=N;O=A HTTP/1.1" 200 4444 "http://www.secrepo.com/self.logs/?C=S;O=A" "Mozilla/5.0 (compatible; spbot/4.4.2; +http://OpenLinkProfiler.org/bot )" 
162.243.241.252 - - [03/Aug/2015:07:36:20 -0700] "GET /self.logs/?C=D;O=D HTTP/1.1" 200 4457 "http://www.secrepo.com/self.logs/?C=D;O=A" "Mozilla/5.0 (compatible; spbot/4.4.2; +http://OpenLinkProfiler.org/bot )" 
162.243.241.252 - - [03/Aug/2015:07:36:25 -0700] "GET /self.logs/?C=M;O=D HTTP/1.1" 200 4586 "http://www.secrepo.com/self.logs/?C=M;O=A" "Mozilla/5.0 (compatible; spbot/4.4.2; +http://OpenLinkProfiler.org/bot )" 
162.243.241.252 - - [03/Aug/2015:07:36:30 -0700] "GET /honeypot/BSidesDFW%20-%202014.ipynb HTTP/1.1" 200 689120 "http://www.secrepo.com/" "Mozilla/5.0 (compatible; spbot/4.4.2; +http://OpenLinkProfiler.org/bot )" 
183.79.221.128 - - [03/Aug/2015:07:41:29 -0700] "GET /maccdc2012/maccdc2012_full_alert.7z HTTP/1.0" 200 13345860 "-" "Y!J-ASR/0.1 crawler (http://www.yahoo-help.jp/app/answers/detail/p/595/a_id/42716/)" 
207.46.13.87 - - [03/Aug/2015:07:45:13 -0700] "GET /self.logs/access.log.2015-03-12.gz HTTP/1.1" 301 545 "-" "Mozilla/5.0 (compatible; bingbot/2.0; +http://www.bing.com/bingbot.htm)" 
188.165.15.84 - - [03/Aug/2015:07:48:20 -0700] "GET /self.logs/error.log.2015-04-18.gz HTTP/1.1" 200 1051 "-" "Mozilla/5.0 (compatible; AhrefsBot/5.0; +http://ahrefs.com/robot/)" 
207.46.13.45 - - [03/Aug/2015:07:51:03 -0700] "GET / HTTP/1.1" 301 483 "-" "Mozilla/5.0 (compatible; bingbot/2.0; +http://www.bing.com/bingbot.htm)" 
207.46.13.45 - - [03/Aug/2015:07:54:19 -0700] "GET / HTTP/1.1" 200 7347 "-" "Mozilla/5.0 (compatible; bingbot/2.0; +http://www.bing.com/bingbot.htm)" 
183.79.221.128 - - [03/Aug/2015:08:09:31 -0700] "GET /maccdc2012/maccdc2012_fast_alert.7z HTTP/1.0" 200 9478138 "-" "Y!J-ASR/0.1 crawler (http://www.yahoo-help.jp/app/answers/detail/p/595/a_id/42716/)" 
188.165.15.84 - - [03/Aug/2015:08:12:22 -0700] "GET /self.logs/error.log.2015-05-14.gz HTTP/1.1" 200 1007 "-" "Mozilla/5.0 (compatible; AhrefsBot/5.0; +http://ahrefs.com/robot/)" 
69.15.18.170 - - [03/Aug/2015:08:12:52 -0700] "GET /bootstrap/img/favicon.ico HTTP/1.1" 200 590 "-" "Mozilla/5.0 (X11; Ubuntu; Linux x86_64; rv:39.0) Gecko/20100101 Firefox/39.0" 
66.249.79.11 - - [03/Aug/2015:08:15:49 -0700] "GET /tg/tg_snort_full.7z HTTP/1.1" 200 8847794 "-" "Mozilla/5.0 (iPhone; CPU iPhone OS 6_0 like Mac OS X) AppleWebKit/536.26 (KHTML, like Gecko) Version/6.0 Mobile/10A5376e Safari/8536.25 (compatible; Googlebot/2.1; +http://www.google.com/bot.html)" 
201.55.121.178 - - [03/Aug/2015:08:16:57 -0700] "GET / HTTP/1.1" 301 483 "http://buttons-for-website.com" "Mozilla/5.0 (Windows NT 6.1; WOW64) AppleWebKit/537.36 (KHTML, like Gecko) Chrome/36.0.1985.143 Safari/537.36" 
201.55.121.178 - - [03/Aug/2015:08:16:58 -0700] "GET / HTTP/1.1" 200 7347 "http://buttons-for-website.com" "Mozilla/5.0 (Windows NT 6.1; WOW64) AppleWebKit/537.36 (KHTML, like Gecko) Chrome/36.0.1985.143 Safari/537.36" 
201.55.121.178 - - [03/Aug/2015:08:17:01 -0700] "GET /twitter-icon.png HTTP/1.1" 200 27788 "http://www.secrepo.com/" "Mozilla/5.0 (Windows NT 6.1; WOW64) AppleWebKit/537.36 (KHTML, like Gecko) Chrome/36.0.1985.143 Safari/537.36" 
201.55.121.178 - - [03/Aug/2015:08:17:01 -0700] "GET /GitHub-Mark.png HTTP/1.1" 200 7428 "http://www.secrepo.com/" "Mozilla/5.0 (Windows NT 6.1; WOW64) AppleWebKit/537.36 (KHTML, like Gecko) Chrome/36.0.1985.143 Safari/537.36" 
188.165.15.84 - - [03/Aug/2015:08:23:00 -0700] "GET /self.logs/access.log.2015-04-24.gz HTTP/1.1" 200 3666 "-" "Mozilla/5.0 (compatible; AhrefsBot/5.0; +http://ahrefs.com/robot/)" 
188.165.15.84 - - [03/Aug/2015:09:03:55 -0700] "GET /self.logs/?C=N;O=A HTTP/1.1" 200 4425 "-" "Mozilla/5.0 (compatible; AhrefsBot/5.0; +http://ahrefs.com/robot/)" 
66.249.75.8 - - [03/Aug/2015:09:19:55 -0700] "GET /robots.txt HTTP/1.1" 200 334 "-" "Mozilla/5.0 (compatible; Googlebot/2.1; +http://www.google.com/bot.html)" 
66.249.75.120 - - [03/Aug/2015:09:19:55 -0700] "GET /auth.log/auth.log.gz HTTP/1.1" 200 554524 "-" "Mozilla/5.0 (compatible; Googlebot/2.1; +http://www.google.com/bot.html)" 
188.165.15.84 - - [03/Aug/2015:09:27:43 -0700] "GET /self.logs/access.log.2015-06-02.gz HTTP/1.1" 200 3741 "-" "Mozilla/5.0 (compatible; AhrefsBot/5.0; +http://ahrefs.com/robot/)" 
95.8.175.36 - - [03/Aug/2015:09:50:32 -0700] "GET /bootstrap/img/favicon.ico HTTP/1.1" 200 590 "-" "Mozilla/5.0 (Windows NT 10.0; Win64; x64; rv:40.0) Gecko/20100101 Firefox/40.0" 
157.55.39.20 - - [03/Aug/2015:09:51:55 -0700] "GET /honeypot/BSidesDFW%20-%202014.ipynb HTTP/1.1" 200 930836 "-" "Mozilla/5.0 (iPhone; CPU iPhone OS 7_0 like Mac OS X) AppleWebKit/537.51.1 (KHTML, like Gecko) Version/7.0 Mobile/11A465 Safari/9537.53 (compatible; bingbot/2.0;  http://www.bing.com/bingbot.htm)" 
188.165.15.84 - - [03/Aug/2015:09:58:51 -0700] "GET /self.logs/error.log.2015-02-23.gz HTTP/1.1" 200 4325 "-" "Mozilla/5.0 (compatible; AhrefsBot/5.0; +http://ahrefs.com/robot/)" 
188.165.15.84 - - [03/Aug/2015:10:05:56 -0700] "GET /self.logs/error.log.2015-01-24.gz HTTP/1.1" 200 863 "-" "Mozilla/5.0 (compatible; AhrefsBot/5.0; +http://ahrefs.com/robot/)" 
188.165.15.84 - - [03/Aug/2015:10:16:18 -0700] "GET /self.logs/access.log.2015-04-15.gz HTTP/1.1" 200 20678 "-" "Mozilla/5.0 (compatible; AhrefsBot/5.0; +http://ahrefs.com/robot/)" 
188.165.15.84 - - [03/Aug/2015:10:21:24 -0700] "GET /self.logs/access.log.2015-01-31.gz HTTP/1.1" 200 4181 "-" "Mozilla/5.0 (compatible; AhrefsBot/5.0; +http://ahrefs.com/robot/)" 
157.55.39.20 - - [03/Aug/2015:10:30:14 -0700] "GET /self.logs/access.log.2015-05-15.gz HTTP/1.1" 200 4937 "-" "Mozilla/5.0 (compatible; bingbot/2.0; +http://www.bing.com/bingbot.htm)" 
142.4.106.212 - - [03/Aug/2015:10:30:37 -0700] "GET /honeypot/BSidesDFW%20-%202014.ipynb HTTP/1.1" 200 417560 "-" "Mozilla/4.0 (compatible; MSIE 6.0; Windows NT 5.1; SV1; Mozilla/4.0 (compatible; MSIE 6.0; Windows NT 5.1; SV1) )" 
142.4.106.212 - - [03/Aug/2015:10:30:38 -0700] "POST /honeypot/BSidesDFW%20-%202014.ipynb/trackback/ HTTP/1.1" 418 547 "http://www.secrepo.com/honeypot/BSidesDFW - 2014.ipynb" "Mozilla/4.0 (compatible; MSIE 6.0; Windows NT 5.1; SV1)" 
66.249.75.8 - - [03/Aug/2015:10:38:13 -0700] "GET /maccdc2012/smtp.log.gz HTTP/1.1" 200 6908 "-" "Mozilla/5.0 (iPhone; CPU iPhone OS 6_0 like Mac OS X) AppleWebKit/536.26 (KHTML, like Gecko) Version/6.0 Mobile/10A5376e Safari/8536.25 (compatible; Googlebot/2.1; +http://www.google.com/bot.html)" 
180.76.15.160 - - [03/Aug/2015:10:41:22 -0700] "GET /honeypot/Honeypot%20-%20Howto%20-%20BSides%20Austin.pdf HTTP/1.1" 200 732920 "-" "Mozilla/5.0 (compatible; Baiduspider/2.0; +http://www.baidu.com/search/spider.html)" 
188.165.15.84 - - [03/Aug/2015:10:53:14 -0700] "GET /self.logs/error.log.2015-05-20.gz HTTP/1.1" 200 757 "-" "Mozilla/5.0 (compatible; AhrefsBot/5.0; +http://ahrefs.com/robot/)" 
50.242.71.57 - - [03/Aug/2015:10:56:19 -0700] "GET / HTTP/1.1" 301 483 "https://www.linkedin.com/" "Mozilla/5.0 (Windows NT 6.3; WOW64) AppleWebKit/537.36 (KHTML, like Gecko) Chrome/44.0.2403.125 Safari/537.36" 
50.242.71.57 - - [03/Aug/2015:10:56:19 -0700] "GET / HTTP/1.1" 200 7347 "https://www.linkedin.com/" "Mozilla/5.0 (Windows NT 6.3; WOW64) AppleWebKit/537.36 (KHTML, like Gecko) Chrome/44.0.2403.125 Safari/537.36" 
50.242.71.57 - - [03/Aug/2015:10:56:20 -0700] "GET /twitter-icon.png HTTP/1.1" 200 27787 "http://www.secrepo.com/" "Mozilla/5.0 (Windows NT 6.3; WOW64) AppleWebKit/537.36 (KHTML, like Gecko) Chrome/44.0.2403.125 Safari/537.36" 
50.242.71.57 - - [03/Aug/2015:10:56:20 -0700] "GET /GitHub-Mark.png HTTP/1.1" 200 7428 "http://www.secrepo.com/" "Mozilla/5.0 (Windows NT 6.3; WOW64) AppleWebKit/537.36 (KHTML, like Gecko) Chrome/44.0.2403.125 Safari/537.36" 
50.242.71.57 - - [03/Aug/2015:10:56:21 -0700] "GET /bootstrap/img/favicon.ico HTTP/1.1" 200 589 "http://www.secrepo.com/" "Mozilla/5.0 (Windows NT 6.3; WOW64) AppleWebKit/537.36 (KHTML, like Gecko) Chrome/44.0.2403.125 Safari/537.36" 
50.242.71.57 - - [03/Aug/2015:10:57:27 -0700] "GET /favicon.ico HTTP/1.1" 200 268 "http://www.secrepo.com/honeypot/Honeypot%20-%20Howto%20-%20BSides%20Austin.pdf" "Mozilla/5.0 (Windows NT 6.3; WOW64) AppleWebKit/537.36 (KHTML, like Gecko) Chrome/44.0.2403.125 Safari/537.36" 
50.242.71.57 - - [03/Aug/2015:10:57:28 -0700] "GET /honeypot/Honeypot%20-%20Howto%20-%20BSides%20Austin.pdf HTTP/1.1" 206 33098 "http://www.secrepo.com/honeypot/Honeypot%20-%20Howto%20-%20BSides%20Austin.pdf" "Mozilla/5.0 (Windows NT 6.3; WOW64) AppleWebKit/537.36 (KHTML, like Gecko) Chrome/44.0.2403.125 Safari/537.36" 
50.242.71.57 - - [03/Aug/2015:10:57:26 -0700] "GET /honeypot/Honeypot%20-%20Howto%20-%20BSides%20Austin.pdf HTTP/1.1" 200 930020 "http://www.secrepo.com/" "Mozilla/5.0 (Windows NT 6.3; WOW64) AppleWebKit/537.36 (KHTML, like Gecko) Chrome/44.0.2403.125 Safari/537.36" 
50.242.71.57 - - [03/Aug/2015:10:57:28 -0700] "GET /honeypot/Honeypot%20-%20Howto%20-%20BSides%20Austin.pdf HTTP/1.1" 206 2895748 "http://www.secrepo.com/honeypot/Honeypot%20-%20Howto%20-%20BSides%20Austin.pdf" "Mozilla/5.0 (Windows NT 6.3; WOW64) AppleWebKit/537.36 (KHTML, like Gecko) Chrome/44.0.2403.125 Safari/537.36" 
142.4.106.212 - - [03/Aug/2015:11:08:38 -0700] "GET /honeypot/BSidesDFW%20-%202014.ipynb HTTP/1.1" 200 328500 "-" "Mozilla/4.0 (compatible; MSIE 6.0; Windows NT 5.1; SV1; Mozilla/4.0 (compatible; MSIE 6.0; Windows NT 5.1; SV1) ; .NET CLR 1.0.3705)" 
142.4.106.212 - - [03/Aug/2015:11:08:40 -0700] "POST /honeypot/BSidesDFW%20-%202014.ipynb/trackback/ HTTP/1.1" 404 303 "http://www.secrepo.com/honeypot/BSidesDFW - 2014.ipynb" "Mozilla/4.0 (compatible; MSIE 6.0; Windows NT 5.1)" 
188.165.15.84 - - [03/Aug/2015:11:13:00 -0700] "GET /self.logs/error.log.2015-02-27.gz HTTP/1.1" 200 806 "-" "Mozilla/5.0 (compatible; AhrefsBot/5.0; +http://ahrefs.com/robot/)" 
100.43.90.11 - - [03/Aug/2015:11:24:52 -0700] "GET /robots.txt HTTP/1.1" 200 289 "-" "Mozilla/5.0 (compatible; YandexBot/3.0; +http://yandex.com/bots)" 
100.43.90.11 - - [03/Aug/2015:11:24:56 -0700] "GET /self.logs/?C=N;O=D HTTP/1.1" 200 4494 "-" "Mozilla/5.0 (compatible; YandexBot/3.0; +http://yandex.com/bots)" 
66.249.75.112 - - [03/Aug/2015:11:33:07 -0700] "GET /maccdc2012/ssh.log.gz HTTP/1.1" 200 182517 "-" "Mozilla/5.0 (compatible; Googlebot/2.1; +http://www.google.com/bot.html)" 
192.35.35.35 - - [03/Aug/2015:11:52:13 -0700] "GET / HTTP/1.1" 200 7347 "http://www.secrepo.com/" "Mozilla/5.0 (Macintosh; Intel Mac OS X 10.10; rv:31.0) Gecko/20100101 Firefox/31.0" 
192.35.35.35 - - [03/Aug/2015:11:52:14 -0700] "GET /GitHub-Mark.png HTTP/1.1" 200 7427 "http://www.secrepo.com/" "Mozilla/5.0 (Macintosh; Intel Mac OS X 10.10; rv:31.0) Gecko/20100101 Firefox/31.0" 
192.35.35.35 - - [03/Aug/2015:11:52:14 -0700] "GET /twitter-icon.png HTTP/1.1" 200 27788 "http://www.secrepo.com/" "Mozilla/5.0 (Macintosh; Intel Mac OS X 10.10; rv:31.0) Gecko/20100101 Firefox/31.0" 
192.35.35.35 - - [03/Aug/2015:11:52:14 -0700] "GET /bootstrap/img/favicon.ico HTTP/1.1" 200 589 "-" "Mozilla/5.0 (Macintosh; Intel Mac OS X 10.10; rv:31.0) Gecko/20100101 Firefox/31.0" 
188.165.15.84 - - [03/Aug/2015:12:08:33 -0700] "GET /self.logs/error.log.2015-03-12.gz HTTP/1.1" 200 2689 "-" "Mozilla/5.0 (compatible; AhrefsBot/5.0; +http://ahrefs.com/robot/)" 
188.165.15.84 - - [03/Aug/2015:12:20:01 -0700] "GET /self.logs/access.log.2015-01-23.gz HTTP/1.1" 200 2103 "-" "Mozilla/5.0 (compatible; AhrefsBot/5.0; +http://ahrefs.com/robot/)" 
50.245.152.11 - - [03/Aug/2015:12:23:11 -0700] "GET / HTTP/1.1" 200 7347 "-" "Mozilla/5.0 (Windows NT 6.3; WOW64) AppleWebKit/537.36 (KHTML, like Gecko) Chrome/44.0.2403.125 Safari/537.36" 
157.55.39.76 - - [03/Aug/2015:12:42:51 -0700] "GET /self.logs/access.log.2015-03-03.gz HTTP/1.1" 301 545 "-" "Mozilla/5.0 (compatible; bingbot/2.0; +http://www.bing.com/bingbot.htm)" 
188.165.15.84 - - [03/Aug/2015:12:51:03 -0700] "GET /self.logs/access.log.2015-02-22.gz HTTP/1.1" 200 11102 "-" "Mozilla/5.0 (compatible; AhrefsBot/5.0; +http://ahrefs.com/robot/)" 
188.165.15.84 - - [03/Aug/2015:12:54:14 -0700] "GET / HTTP/1.1" 200 7291 "-" "Mozilla/5.0 (compatible; AhrefsBot/5.0; +http://ahrefs.com/robot/)" 
66.249.75.112 - - [03/Aug/2015:13:05:55 -0700] "GET / HTTP/1.1" 200 7347 "-" "Mozilla/5.0 (iPhone; CPU iPhone OS 6_0 like Mac OS X) AppleWebKit/536.26 (KHTML, like Gecko) Version/6.0 Mobile/10A5376e Safari/8536.25 (compatible; Googlebot/2.1; +http://www.google.com/bot.html)" 
177.207.121.78 - - [03/Aug/2015:13:17:42 -0700] "GET / HTTP/1.1" 301 483 "http://success-seo.com/try.php?u=http://secrepo.com" "Mozilla/5.0 (Windows NT 6.1; WOW64) AppleWebKit/537.36 (KHTML, like Gecko) Chrome/36.0.1985.143 Safari/537.36" 
177.207.121.78 - - [03/Aug/2015:13:17:43 -0700] "GET / HTTP/1.1" 200 7347 "http://success-seo.com/try.php?u=http://secrepo.com" "Mozilla/5.0 (Windows NT 6.1; WOW64) AppleWebKit/537.36 (KHTML, like Gecko) Chrome/36.0.1985.143 Safari/537.36" 
177.207.121.78 - - [03/Aug/2015:13:17:43 -0700] "GET /twitter-icon.png HTTP/1.1" 200 27787 "http://www.secrepo.com/" "Mozilla/5.0 (Windows NT 6.1; WOW64) AppleWebKit/537.36 (KHTML, like Gecko) Chrome/36.0.1985.143 Safari/537.36" 
179.186.134.49 - - [03/Aug/2015:13:17:43 -0700] "GET /GitHub-Mark.png HTTP/1.1" 200 7428 "http://www.secrepo.com/" "Mozilla/5.0 (Windows NT 6.1; WOW64) AppleWebKit/537.36 (KHTML, like Gecko) Chrome/36.0.1985.143 Safari/537.36" 
66.249.75.112 - - [03/Aug/2015:13:35:40 -0700] "GET /maccdc2012/http.log.gz HTTP/1.1" 200 15867970 "-" "Mozilla/5.0 (compatible; Googlebot/2.1; +http://www.google.com/bot.html)" 
188.165.15.84 - - [03/Aug/2015:13:37:11 -0700] "GET /maccdc2012/ftp.log.gz HTTP/1.1" 200 77004 "-" "Mozilla/5.0 (compatible; AhrefsBot/5.0; +http://ahrefs.com/robot/)" 
123.125.71.114 - - [03/Aug/2015:13:41:55 -0700] "GET /robots.txt HTTP/1.1" 301 465 "-" "Mozilla/5.0 (Windows NT 5.1; rv:6.0.2) Gecko/20100101 Firefox/6.0.2" 
123.125.71.72 - - [03/Aug/2015:13:42:00 -0700] "GET /robots.txt HTTP/1.1" 200 297 "-" "Mozilla/5.0 (Windows NT 5.1; rv:6.0.2) Gecko/20100101 Firefox/6.0.2" 
220.181.108.94 - - [03/Aug/2015:13:44:04 -0700] "GET / HTTP/1.1" 301 446 "-" "Mozilla/5.0 (compatible; Baiduspider/2.0; +http://www.baidu.com/search/spider.html)" 
220.181.108.101 - - [03/Aug/2015:13:44:05 -0700] "GET / HTTP/1.1" 200 7310 "-" "Mozilla/5.0 (compatible; Baiduspider/2.0; +http://www.baidu.com/search/spider.html)" 
111.206.36.12 - - [03/Aug/2015:13:51:19 -0700] "GET /GitHub-Mark.png HTTP/1.1" 301 475 "-" "Mozilla/5.0 (Windows NT 5.1; rv:6.0.2) Gecko/20100101 Firefox/6.0.2" 
111.206.36.143 - - [03/Aug/2015:13:51:21 -0700] "GET /GitHub-Mark.png HTTP/1.1" 200 7391 "-" "Mozilla/5.0 (Windows NT 5.1; rv:6.0.2) Gecko/20100101 Firefox/6.0.2" 
188.165.15.84 - - [03/Aug/2015:13:53:48 -0700] "GET /self.logs/access.log.2015-02-10.gz HTTP/1.1" 200 13644 "-" "Mozilla/5.0 (compatible; AhrefsBot/5.0; +http://ahrefs.com/robot/)" 
188.165.15.84 - - [03/Aug/2015:14:16:12 -0700] "GET /self.logs/error.log.2015-05-08.gz HTTP/1.1" 200 1054 "-" "Mozilla/5.0 (compatible; AhrefsBot/5.0; +http://ahrefs.com/robot/)" 
188.165.15.84 - - [03/Aug/2015:14:18:01 -0700] "GET /self.logs/error.log.2015-03-21.gz HTTP/1.1" 200 762 "-" "Mozilla/5.0 (compatible; AhrefsBot/5.0; +http://ahrefs.com/robot/)" 
188.165.15.84 - - [03/Aug/2015:14:40:59 -0700] "GET /self.logs/error.log.2015-01-25.gz HTTP/1.1" 200 555 "-" "Mozilla/5.0 (compatible; AhrefsBot/5.0; +http://ahrefs.com/robot/)" 
66.249.75.8 - - [03/Aug/2015:14:47:37 -0700] "GET / HTTP/1.1" 200 7347 "-" "Mozilla/5.0 (compatible; Googlebot/2.1; +http://www.google.com/bot.html)" 
217.69.133.241 - - [03/Aug/2015:14:51:10 -0700] "GET /robots.txt HTTP/1.0" 200 252 "-" "Mozilla/5.0 (compatible; Linux x86_64; Mail.RU_Bot/2.0; +http://go.mail.ru/help/robots)" 
217.69.133.245 - - [03/Aug/2015:14:51:12 -0700] "GET /twitter-icon.png HTTP/1.1" 200 27751 "-" "Mozilla/5.0 (compatible; Linux x86_64; Mail.RU_Bot/2.0; +http://go.mail.ru/help/robots)" 
77.75.76.164 - - [03/Aug/2015:14:55:13 -0700] "GET /robots.txt HTTP/1.1" 200 334 "-" "Mozilla/5.0 (compatible; SeznamBot/3.2; +http://fulltext.sblog.cz/)" 
77.75.76.164 - - [03/Aug/2015:14:55:13 -0700] "GET /maccdc2012/weird.log.gz HTTP/1.1" 200 1242776 "-" "Mozilla/5.0 (compatible; SeznamBot/3.2; +http://fulltext.sblog.cz/)" 
77.75.76.164 - - [03/Aug/2015:14:55:20 -0700] "GET /self.logs/error.log.2015-01-21.gz HTTP/1.1" 200 616 "-" "Mozilla/5.0 (compatible; SeznamBot/3.2; +http://fulltext.sblog.cz/)" 
77.75.76.164 - - [03/Aug/2015:14:55:47 -0700] "GET /self.logs/?C=M;O=D HTTP/1.1" 200 4623 "-" "Mozilla/5.0 (compatible; SeznamBot/3.2; +http://fulltext.sblog.cz/)" 
77.75.76.164 - - [03/Aug/2015:14:55:48 -0700] "GET /maccdc2012/notice.log.gz HTTP/1.1" 200 20778 "-" "Mozilla/5.0 (compatible; SeznamBot/3.2; +http://fulltext.sblog.cz/)" 
77.75.76.164 - - [03/Aug/2015:14:55:54 -0700] "GET /maccdc2012/dns.log.gz HTTP/1.1" 200 6629420 "-" "Mozilla/5.0 (compatible; SeznamBot/3.2; +http://fulltext.sblog.cz/)" 
77.75.76.164 - - [03/Aug/2015:14:56:11 -0700] "GET /auth.log/auth.log.gz HTTP/1.1" 200 554524 "-" "Mozilla/5.0 (compatible; SeznamBot/3.2; +http://fulltext.sblog.cz/)" 
77.75.76.164 - - [03/Aug/2015:14:56:17 -0700] "GET /maccdc2012/http.log.gz HTTP/1.1" 200 10713826 "-" "Mozilla/5.0 (compatible; SeznamBot/3.2; +http://fulltext.sblog.cz/)" 
77.75.76.164 - - [03/Aug/2015:14:56:41 -0700] "GET /self.logs/access.log.2015-06-08.gz HTTP/1.1" 200 4220 "-" "Mozilla/5.0 (compatible; SeznamBot/3.2; +http://fulltext.sblog.cz/)" 
77.75.76.164 - - [03/Aug/2015:14:56:41 -0700] "GET /maccdc2012/files.log.gz HTTP/1.1" 200 10762449 "-" "Mozilla/5.0 (compatible; SeznamBot/3.2; +http://fulltext.sblog.cz/)" 
77.75.76.164 - - [03/Aug/2015:14:56:59 -0700] "GET /maccdc2012/conn.log.gz HTTP/1.1" 200 10948843 "-" "Mozilla/5.0 (compatible; SeznamBot/3.2; +http://fulltext.sblog.cz/)" 
77.75.76.164 - - [03/Aug/2015:14:57:17 -0700] "GET /self.logs/error.log.2015-02-11.gz HTTP/1.1" 200 1357 "-" "Mozilla/5.0 (compatible; SeznamBot/3.2; +http://fulltext.sblog.cz/)" 
77.75.76.164 - - [03/Aug/2015:14:57:17 -0700] "GET /self.logs/error.log.2015-02-01.gz HTTP/1.1" 200 800 "-" "Mozilla/5.0 (compatible; SeznamBot/3.2; +http://fulltext.sblog.cz/)" 
77.75.76.164 - - [03/Aug/2015:14:57:18 -0700] "GET /maccdc2012/smtp.log.gz HTTP/1.1" 200 6907 "-" "Mozilla/5.0 (compatible; SeznamBot/3.2; +http://fulltext.sblog.cz/)" 
77.75.76.164 - - [03/Aug/2015:14:57:26 -0700] "GET /self.logs/access.log.2015-04-21.gz HTTP/1.1" 200 6723 "-" "Mozilla/5.0 (compatible; SeznamBot/3.2; +http://fulltext.sblog.cz/)" 
77.75.76.164 - - [03/Aug/2015:14:57:27 -0700] "GET /maccdc2012/signatures.log.gz HTTP/1.1" 200 604 "-" "Mozilla/5.0 (compatible; SeznamBot/3.2; +http://fulltext.sblog.cz/)" 
77.75.76.164 - - [03/Aug/2015:14:57:27 -0700] "GET /tg/a.zip HTTP/1.1" 200 11907760 "-" "Mozilla/5.0 (compatible; SeznamBot/3.2; +http://fulltext.sblog.cz/)" 
77.75.76.164 - - [03/Aug/2015:14:57:36 -0700] "GET /self.logs/?C=N;O=A HTTP/1.1" 200 4481 "-" "Mozilla/5.0 (compatible; SeznamBot/3.2; +http://fulltext.sblog.cz/)" 
77.75.76.164 - - [03/Aug/2015:14:57:42 -0700] "GET /self.logs/error.log.2015-07-17.gz HTTP/1.1" 200 759 "-" "Mozilla/5.0 (compatible; SeznamBot/3.2; +http://fulltext.sblog.cz/)" 
77.75.76.164 - - [03/Aug/2015:14:57:48 -0700] "GET /self.logs/access.log.2015-02-09.gz HTTP/1.1" 200 4271 "-" "Mozilla/5.0 (compatible; SeznamBot/3.2; +http://fulltext.sblog.cz/)" 
77.75.76.164 - - [03/Aug/2015:14:57:48 -0700] "GET /self.logs/access.log.2015-06-05.gz HTTP/1.1" 200 4101 "-" "Mozilla/5.0 (compatible; SeznamBot/3.2; +http://fulltext.sblog.cz/)" 
77.75.76.164 - - [03/Aug/2015:14:57:49 -0700] "GET /self.logs/error.log.2015-05-17.gz HTTP/1.1" 200 785 "-" "Mozilla/5.0 (compatible; SeznamBot/3.2; +http://fulltext.sblog.cz/)" 
77.75.76.164 - - [03/Aug/2015:14:57:49 -0700] "GET /self.logs/error.log.2015-03-23.gz HTTP/1.1" 200 1442 "-" "Mozilla/5.0 (compatible; SeznamBot/3.2; +http://fulltext.sblog.cz/)" 
77.75.76.164 - - [03/Aug/2015:14:57:50 -0700] "GET /self.logs/error.log.2015-06-14.gz HTTP/1.1" 200 922 "-" "Mozilla/5.0 (compatible; SeznamBot/3.2; +http://fulltext.sblog.cz/)" 
77.75.76.164 - - [03/Aug/2015:14:57:50 -0700] "GET /self.logs/error.log.2015-05-22.gz HTTP/1.1" 200 863 "-" "Mozilla/5.0 (compatible; SeznamBot/3.2; +http://fulltext.sblog.cz/)" 
77.75.76.164 - - [03/Aug/2015:14:57:50 -0700] "GET /self.logs/?C=D;O=A HTTP/1.1" 200 4480 "-" "Mozilla/5.0 (compatible; SeznamBot/3.2; +http://fulltext.sblog.cz/)" 
77.75.76.164 - - [03/Aug/2015:14:57:51 -0700] "GET /self.logs/access.log.2015-07-20.gz HTTP/1.1" 200 5356 "-" "Mozilla/5.0 (compatible; SeznamBot/3.2; +http://fulltext.sblog.cz/)" 
77.75.76.164 - - [03/Aug/2015:14:57:52 -0700] "GET /self.logs/access.log.2015-06-11.gz HTTP/1.1" 200 8020 "-" "Mozilla/5.0 (compatible; SeznamBot/3.2; +http://fulltext.sblog.cz/)" 
188.165.15.84 - - [03/Aug/2015:15:29:48 -0700] "GET /self.logs/error.log.2015-04-12.gz HTTP/1.1" 200 886 "-" "Mozilla/5.0 (compatible; AhrefsBot/5.0; +http://ahrefs.com/robot/)" 
157.55.39.20 - - [03/Aug/2015:15:36:23 -0700] "GET /self.logs/access.log.2015-03-11.gz HTTP/1.1" 301 545 "-" "Mozilla/5.0 (compatible; bingbot/2.0; +http://www.bing.com/bingbot.htm)" 
188.165.15.84 - - [03/Aug/2015:15:36:24 -0700] "GET /self.logs/error.log.2015-05-30.gz HTTP/1.1" 200 534 "-" "Mozilla/5.0 (compatible; AhrefsBot/5.0; +http://ahrefs.com/robot/)" 
188.165.15.84 - - [03/Aug/2015:15:52:36 -0700] "GET /self.logs/access.log.2015-04-08.gz HTTP/1.1" 200 4044 "-" "Mozilla/5.0 (compatible; AhrefsBot/5.0; +http://ahrefs.com/robot/)" 
188.165.15.84 - - [03/Aug/2015:15:54:40 -0700] "GET /self.logs/access.log.2015-07-14.gz HTTP/1.1" 200 4498 "-" "Mozilla/5.0 (compatible; AhrefsBot/5.0; +http://ahrefs.com/robot/)" 
188.165.15.84 - - [03/Aug/2015:16:13:29 -0700] "GET / HTTP/1.1" 301 427 "-" "Mozilla/5.0 (compatible; AhrefsBot/5.0; +http://ahrefs.com/robot/)" 
157.55.39.216 - - [03/Aug/2015:16:22:57 -0700] "GET /self.logs/error.log.2015-05-15.gz HTTP/1.1" 200 1121 "-" "Mozilla/5.0 (compatible; bingbot/2.0; +http://www.bing.com/bingbot.htm)" 
188.165.15.84 - - [03/Aug/2015:16:23:25 -0700] "GET /self.logs/access.log.2015-07-13.gz HTTP/1.1" 200 4924 "-" "Mozilla/5.0 (compatible; AhrefsBot/5.0; +http://ahrefs.com/robot/)" 
188.165.15.84 - - [03/Aug/2015:16:25:39 -0700] "GET /self.logs/access.log.2015-02-11.gz HTTP/1.1" 200 4604 "-" "Mozilla/5.0 (compatible; AhrefsBot/5.0; +http://ahrefs.com/robot/)" 
188.165.15.84 - - [03/Aug/2015:16:27:01 -0700] "GET /maccdc2012/dhcp.log.gz HTTP/1.1" 200 44963 "-" "Mozilla/5.0 (compatible; AhrefsBot/5.0; +http://ahrefs.com/robot/)" 
188.165.15.84 - - [03/Aug/2015:16:31:53 -0700] "GET /self.logs/access.log.2015-03-03.gz HTTP/1.1" 200 2814 "-" "Mozilla/5.0 (compatible; AhrefsBot/5.0; +http://ahrefs.com/robot/)" 
188.165.15.84 - - [03/Aug/2015:17:14:48 -0700] "GET /self.logs/error.log.2015-04-02.gz HTTP/1.1" 200 1000 "-" "Mozilla/5.0 (compatible; AhrefsBot/5.0; +http://ahrefs.com/robot/)" 
180.153.236.38 - - [03/Aug/2015:17:43:22 -0700] "GET / HTTP/1.1" 301 483 "http://secrepo.com/" "Mozilla/5.0 (compatible; MSIE 9.0; Windows NT 6.1; Trident/5.0); 360Spider(compatible; HaosouSpider; http://www.haosou.com/help/help_3_2.html)" 
180.153.236.42 - - [03/Aug/2015:17:43:28 -0700] "GET / HTTP/1.1" 200 7347 "http://secrepo.com/" "Mozilla/5.0 (compatible; MSIE 9.0; Windows NT 6.1; Trident/5.0); 360Spider(compatible; HaosouSpider; http://www.haosou.com/help/help_3_2.html)" 
142.4.106.212 - - [03/Aug/2015:17:56:20 -0700] "GET /honeypot/BSidesDFW%20-%202014.ipynb HTTP/1.1" 200 483260 "-" "Mozilla/4.0 (compatible; MSIE 6.0; Windows NT 5.1; SV1; Mozilla/4.0 (compatible; MSIE 6.0; Windows NT 5.1; SV1) ; .NET CLR 1.0.3705)" 
142.4.106.212 - - [03/Aug/2015:17:56:21 -0700] "POST /honeypot/BSidesDFW%20-%202014.ipynb/trackback/ HTTP/1.1" 404 303 "http://www.secrepo.com/honeypot/BSidesDFW - 2014.ipynb" "Mozilla/4.0 (compatible; MSIE 6.0; Windows NT 5.1; SV1; Mozilla/4.0 (compatible; MSIE 6.0; Windows NT 5.1; SV1) ; .NET CLR 2.0.50727 ; .NET CLR 4.0.30319)" 
180.76.15.34 - - [03/Aug/2015:18:06:21 -0700] "GET /robots.txt HTTP/1.1" 200 297 "-" "Mozilla/5.0 (Windows NT 5.1; rv:6.0.2) Gecko/20100101 Firefox/6.0.2" 
188.165.15.84 - - [03/Aug/2015:18:06:41 -0700] "GET /self.logs/access.log.2015-01-19.gz HTTP/1.1" 200 2780 "-" "Mozilla/5.0 (compatible; AhrefsBot/5.0; +http://ahrefs.com/robot/)" 
180.76.15.145 - - [03/Aug/2015:18:07:19 -0700] "GET /self.logs/?C=N;O=D HTTP/1.1" 200 4457 "-" "Mozilla/5.0 (compatible; Baiduspider/2.0; +http://www.baidu.com/search/spider.html)" 
188.165.15.84 - - [03/Aug/2015:18:26:55 -0700] "GET /self.logs/access.log.2015-04-21.gz HTTP/1.1" 200 6667 "-" "Mozilla/5.0 (compatible; AhrefsBot/5.0; +http://ahrefs.com/robot/)" 
188.165.15.84 - - [03/Aug/2015:18:45:15 -0700] "GET /maccdc2012/http.log.gz HTTP/1.1" 200 546406 "-" "Mozilla/5.0 (compatible; AhrefsBot/5.0; +http://ahrefs.com/robot/)" 
98.240.36.109 - - [03/Aug/2015:18:49:24 -0700] "GET /bootstrap/img/favicon.ico HTTP/1.1" 200 590 "-" "Mozilla/5.0 (Windows NT 6.3; WOW64; rv:39.0) Gecko/20100101 Firefox/39.0" 
104.130.3.115 - - [03/Aug/2015:19:02:24 -0700] "GET /robots.txt HTTP/1.1" 301 446 "-" "Tornado-Async-Client" 
104.130.3.115 - - [03/Aug/2015:19:02:24 -0700] "GET /robots.txt HTTP/1.1" 200 304 "-" "Tornado-Async-Client" 
104.130.3.115 - - [03/Aug/2015:19:02:25 -0700] "GET /honeypot/BSidesDFW%20-%202014.ipynb HTTP/1.1" 301 484 "-" "Tornado-Async-Client" 
104.130.3.115 - - [03/Aug/2015:19:02:25 -0700] "GET /honeypot/BSidesDFW%20-%202014.ipynb HTTP/1.1" 200 930780 "-" "Tornado-Async-Client" 
46.185.6.111 - - [03/Aug/2015:19:17:11 -0700] "GET /honeypot/BSidesDFW%20-%202014.ipynb HTTP/1.0" 200 930799 "http://www.secrepo.com/honeypot/BSidesDFW%20-%202014.ipynb" "Mozilla/5.0 (Windows NT 6.3; WOW64; rv:36.0) Gecko/20100101 Firefox/36.0" 
188.165.15.84 - - [03/Aug/2015:19:41:39 -0700] "GET /self.logs/error.log.2015-01-23.gz HTTP/1.1" 200 591 "-" "Mozilla/5.0 (compatible; AhrefsBot/5.0; +http://ahrefs.com/robot/)" 
157.55.39.216 - - [03/Aug/2015:19:48:35 -0700] "GET /robots.txt HTTP/1.1" 301 518 "-" "Mozilla/5.0 (compatible; bingbot/2.0; +http://www.bing.com/bingbot.htm)" 
157.55.39.216 - - [03/Aug/2015:19:48:37 -0700] "GET /robots.txt HTTP/1.1" 200 289 "-" "Mozilla/5.0 (compatible; bingbot/2.0; +http://www.bing.com/bingbot.htm)" 
157.55.39.216 - - [03/Aug/2015:19:49:08 -0700] "GET / HTTP/1.1" 301 483 "-" "Mozilla/5.0 (compatible; bingbot/2.0; +http://www.bing.com/bingbot.htm)" 
207.46.13.45 - - [03/Aug/2015:19:53:24 -0700] "GET /robots.txt HTTP/1.1" 200 289 "-" "Mozilla/5.0 (compatible; bingbot/2.0; +http://www.bing.com/bingbot.htm)" 
207.46.13.45 - - [03/Aug/2015:19:53:31 -0700] "GET / HTTP/1.1" 200 7347 "-" "Mozilla/5.0 (compatible; bingbot/2.0; +http://www.bing.com/bingbot.htm)" 
89.105.194.86 - - [03/Aug/2015:20:04:58 -0700] "GET / HTTP/1.1" 301 427 "http://burger-imperia.com/" "Mozilla/5.0 (X11; Linux x86_64) AppleWebKit/537.36 (KHTML, like Gecko) Chrome/37.0.2062.120 Safari/537.36" 
89.105.194.86 - - [03/Aug/2015:20:04:59 -0700] "GET / HTTP/1.1" 200 7291 "http://burger-imperia.com/" "Mozilla/5.0 (X11; Linux x86_64) AppleWebKit/537.36 (KHTML, like Gecko) Chrome/37.0.2062.120 Safari/537.36" 
188.165.15.84 - - [03/Aug/2015:20:08:13 -0700] "GET /self.logs/access.log.2015-04-17.gz HTTP/1.1" 200 6161 "-" "Mozilla/5.0 (compatible; AhrefsBot/5.0; +http://ahrefs.com/robot/)" 
188.165.15.84 - - [03/Aug/2015:20:12:50 -0700] "GET /self.logs/error.log.2015-01-21.gz HTTP/1.1" 200 560 "-" "Mozilla/5.0 (compatible; AhrefsBot/5.0; +http://ahrefs.com/robot/)" 
188.165.15.84 - - [03/Aug/2015:20:15:31 -0700] "GET /self.logs/access.log.2015-07-22.gz HTTP/1.1" 200 4632 "-" "Mozilla/5.0 (compatible; AhrefsBot/5.0; +http://ahrefs.com/robot/)" 
188.165.15.84 - - [03/Aug/2015:20:20:09 -0700] "GET /self.logs/access.log.2015-07-26.gz HTTP/1.1" 200 3445 "-" "Mozilla/5.0 (compatible; AhrefsBot/5.0; +http://ahrefs.com/robot/)" 
188.165.15.84 - - [03/Aug/2015:20:40:18 -0700] "GET /self.logs/access.log.2015-04-19.gz HTTP/1.1" 200 4789 "-" "Mozilla/5.0 (compatible; AhrefsBot/5.0; +http://ahrefs.com/robot/)" 
78.94.83.125 - - [03/Aug/2015:21:12:35 -0700] "GET /robots.txt HTTP/1.0" 301 481 "-" "Mozilla/5.0 (compatible; MJ12bot/v1.4.5; http://www.majestic12.co.uk/bot.php?+)" 
78.94.83.125 - - [03/Aug/2015:21:12:37 -0700] "GET /robots.txt HTTP/1.0" 200 252 "-" "Mozilla/5.0 (compatible; MJ12bot/v1.4.5; http://www.majestic12.co.uk/bot.php?+)" 
78.94.83.125 - - [03/Aug/2015:21:12:37 -0700] "GET /robots.txt HTTP/1.0" 301 481 "-" "Mozilla/5.0 (compatible; MJ12bot/v1.4.5; http://www.majestic12.co.uk/bot.php?+)" 
78.94.83.125 - - [03/Aug/2015:21:12:38 -0700] "GET /robots.txt HTTP/1.0" 200 252 "-" "Mozilla/5.0 (compatible; MJ12bot/v1.4.5; http://www.majestic12.co.uk/bot.php?+)" 
78.94.83.125 - - [03/Aug/2015:21:12:38 -0700] "GET / HTTP/1.0" 301 461 "-" "Mozilla/5.0 (compatible; MJ12bot/v1.4.5; http://www.majestic12.co.uk/bot.php?+)" 
78.94.83.125 - - [03/Aug/2015:21:12:39 -0700] "GET /robots.txt HTTP/1.0" 200 252 "-" "Mozilla/5.0 (compatible; MJ12bot/v1.4.5; http://www.majestic12.co.uk/bot.php?+)" 
78.94.83.125 - - [03/Aug/2015:21:12:40 -0700] "GET / HTTP/1.0" 301 461 "-" "Mozilla/5.0 (compatible; MJ12bot/v1.4.5; http://www.majestic12.co.uk/bot.php?+)" 
78.94.83.125 - - [03/Aug/2015:21:12:41 -0700] "GET / HTTP/1.0" 200 24399 "-" "Mozilla/5.0 (compatible; MJ12bot/v1.4.5; http://www.majestic12.co.uk/bot.php?+)" 
78.94.83.125 - - [03/Aug/2015:21:12:41 -0700] "GET /robots.txt HTTP/1.0" 200 252 "-" "Mozilla/5.0 (compatible; MJ12bot/v1.4.5; http://www.majestic12.co.uk/bot.php?+)" 
78.94.83.125 - - [03/Aug/2015:21:12:43 -0700] "GET / HTTP/1.0" 200 24399 "-" "Mozilla/5.0 (compatible; MJ12bot/v1.4.5; http://www.majestic12.co.uk/bot.php?+)" 
188.165.15.84 - - [03/Aug/2015:21:44:47 -0700] "GET /self.logs/error.log.2015-03-13.gz HTTP/1.1" 200 767 "-" "Mozilla/5.0 (compatible; AhrefsBot/5.0; +http://ahrefs.com/robot/)" 
188.165.15.84 - - [03/Aug/2015:21:45:25 -0700] "GET /maccdc2012/conn.log.gz HTTP/1.1" 200 245859 "-" "Mozilla/5.0 (compatible; AhrefsBot/5.0; +http://ahrefs.com/robot/)" 
188.165.15.84 - - [03/Aug/2015:22:03:16 -0700] "GET /self.logs/error.log.2015-04-17.gz HTTP/1.1" 200 897 "-" "Mozilla/5.0 (compatible; AhrefsBot/5.0; +http://ahrefs.com/robot/)" 
188.165.15.84 - - [03/Aug/2015:22:22:47 -0700] "GET /self.logs/error.log.2015-05-05.gz HTTP/1.1" 200 630 "-" "Mozilla/5.0 (compatible; AhrefsBot/5.0; +http://ahrefs.com/robot/)" 
188.165.15.84 - - [03/Aug/2015:22:33:58 -0700] "GET /self.logs/error.log.2015-03-25.gz HTTP/1.1" 200 909 "-" "Mozilla/5.0 (compatible; AhrefsBot/5.0; +http://ahrefs.com/robot/)" 
188.165.15.84 - - [03/Aug/2015:23:00:41 -0700] "GET /self.logs/error.log.2015-05-16.gz HTTP/1.1" 200 596 "-" "Mozilla/5.0 (compatible; AhrefsBot/5.0; +http://ahrefs.com/robot/)" 
107.190.163.24 - - [03/Aug/2015:23:37:20 -0700] "GET /honeypot/Honeypot - Howto.pdf HTTP/1.0" 404 303 "http://www.secrepo.com/" "Mozilla/5.0 (Macintosh; Intel Mac OS X 10.7; rv:34.0) Gecko/20100101 Firefox/34.0" 
107.190.163.24 - - [03/Aug/2015:23:37:22 -0700] "GET / HTTP/1.1" 200 7347 "http://www.secrepo.com" "Mozilla/5.0 (Macintosh; Intel Mac OS X 10.7; rv:34.0) Gecko/20100101 Firefox/34.0" 
149.6.150.10 - - [03/Aug/2015:23:56:01 -0700] "GET / HTTP/1.1" 200 7347 "-" "Mozilla/5.0 (X11; Linux x86_64) AppleWebKit/537.36 (KHTML, like Gecko) Ubuntu Chromium/43.0.2357.130 Chrome/43.0.2357.130 Safari/537.36" 
149.6.150.10 - - [03/Aug/2015:23:56:01 -0700] "GET /twitter-icon.png HTTP/1.1" 200 27787 "http://www.secrepo.com/" "Mozilla/5.0 (X11; Linux x86_64) AppleWebKit/537.36 (KHTML, like Gecko) Ubuntu Chromium/43.0.2357.130 Chrome/43.0.2357.130 Safari/537.36" 
149.6.150.10 - - [03/Aug/2015:23:56:02 -0700] "GET /GitHub-Mark.png HTTP/1.1" 200 7428 "http://www.secrepo.com/" "Mozilla/5.0 (X11; Linux x86_64) AppleWebKit/537.36 (KHTML, like Gecko) Ubuntu Chromium/43.0.2357.130 Chrome/43.0.2357.130 Safari/537.36" 
149.6.150.10 - - [03/Aug/2015:23:56:02 -0700] "GET /bootstrap/img/favicon.ico HTTP/1.1" 200 589 "http://www.secrepo.com/" "Mozilla/5.0 (X11; Linux x86_64) AppleWebKit/537.36 (KHTML, like Gecko) Ubuntu Chromium/43.0.2357.130 Chrome/43.0.2357.130 Safari/537.36" 
188.165.15.84 - - [04/Aug/2015:00:03:38 -0700] "GET /self.logs/error.log.2015-02-10.gz HTTP/1.1" 200 4846 "-" "Mozilla/5.0 (compatible; AhrefsBot/5.0; +http://ahrefs.com/robot/)" 
68.180.229.162 - - [04/Aug/2015:00:10:41 -0700] "GET /self.logs/ HTTP/1.1" 200 4425 "-" "Mozilla/5.0 (compatible; Yahoo! Slurp; http://help.yahoo.com/help/us/ysearch/slurp)" 
188.165.15.84 - - [04/Aug/2015:00:20:52 -0700] "GET /self.logs/access.log.2015-07-25.gz HTTP/1.1" 200 3510 "-" "Mozilla/5.0 (compatible; AhrefsBot/5.0; +http://ahrefs.com/robot/)" 
66.249.93.249 - - [04/Aug/2015:00:28:50 -0700] "GET / HTTP/1.1" 200 7347 "-" "Google favicon" 
66.249.93.249 - - [04/Aug/2015:00:28:51 -0700] "GET /bootstrap/img/favicon.ico HTTP/1.1" 200 589 "-" "Google favicon" 
66.249.93.252 - - [04/Aug/2015:00:28:51 -0700] "GET / HTTP/1.1" 200 7347 "http://www.google.com/search" "Mozilla/5.0 (X11; Linux x86_64) AppleWebKit/537.36 (KHTML, like Gecko; Google Web Preview) Chrome/27.0.1453 Safari/537.36" 
66.249.93.252 - - [04/Aug/2015:00:28:51 -0700] "GET /GitHub-Mark.png HTTP/1.1" 200 7427 "http://www.secrepo.com/" "Mozilla/5.0 (X11; Linux x86_64) AppleWebKit/537.36 (KHTML, like Gecko; Google Web Preview) Chrome/27.0.1453 Safari/537.36" 
66.249.93.249 - - [04/Aug/2015:00:28:51 -0700] "GET /twitter-icon.png HTTP/1.1" 200 27787 "http://www.secrepo.com/" "Mozilla/5.0 (X11; Linux x86_64) AppleWebKit/537.36 (KHTML, like Gecko; Google Web Preview) Chrome/27.0.1453 Safari/537.36" 
66.249.83.129 - - [04/Aug/2015:00:41:28 -0700] "GET / HTTP/1.1" 200 7347 "-" "Google favicon" 
66.249.83.186 - - [04/Aug/2015:00:41:28 -0700] "GET /bootstrap/img/favicon.ico HTTP/1.1" 200 590 "-" "Google favicon" 
