207.237.138.82 - - [06/May/2017:12:48:11 -0700] "GET /bootstrap/img/favicon.ico HTTP/1.1" 200 590 "http://www.secrepo.com/" "Mozilla/5.0 (Macintosh; Intel Mac OS X 10_12_4) AppleWebKit/603.1.30 (KHTML, like Gecko) Version/10.1 Safari/603.1.30" 
104.168.136.156 - - [06/May/2017:12:52:06 -0700] "GET / HTTP/1.1" 200 10792 "http://www.secrepo.com/" "Mozilla/5.0 (Windows NT 6.1; WOW64) AppleWebKit/537.36 (KHTML, like Gecko) Iron/29.0.1600.1 Chrome/29.0.1600.1 Safari/537.36" 
104.222.149.4 - - [06/May/2017:12:54:10 -0700] "GET / HTTP/1.1" 200 10792 "https://www.google.com/" "Mozilla/5.0 (Windows NT 6.1; rv:53.0) Gecko/20100101 Firefox/53.0" 
104.222.149.4 - - [06/May/2017:12:54:11 -0700] "GET /bootstrap/img/favicon.ico HTTP/1.1" 200 590 "-" "Mozilla/5.0 (Windows NT 6.1; rv:53.0) Gecko/20100101 Firefox/53.0" 
104.222.149.4 - - [06/May/2017:12:54:18 -0700] "GET /GitHub-Mark.png HTTP/1.1" 200 7428 "http://www.secrepo.com/" "Mozilla/5.0 (Windows NT 6.1; rv:53.0) Gecko/20100101 Firefox/53.0" 
104.222.149.4 - - [06/May/2017:12:54:18 -0700] "GET /twitter-icon.png HTTP/1.1" 200 27788 "http://www.secrepo.com/" "Mozilla/5.0 (Windows NT 6.1; rv:53.0) Gecko/20100101 Firefox/53.0" 
104.168.136.156 - - [06/May/2017:12:56:48 -0700] "GET / HTTP/1.1" 200 10792 "http://www.secrepo.com/" "Mozilla/5.0 (Windows NT 6.1; WOW64) AppleWebKit/537.36 (KHTML, like Gecko) Iron/29.0.1600.1 Chrome/29.0.1600.1 Safari/537.36" 
31.148.253.6 - - [06/May/2017:12:57:24 -0700] "GET /bootstrap/img/favicon.ico HTTP/1.1" 200 590 "-" "Mozilla/5.0 (Windows NT 6.1; rv:53.0) Gecko/20100101 Firefox/53.0" 
207.46.13.123 - - [06/May/2017:12:58:05 -0700] "GET /honeypot/honeypot%20-%20howto%20-%20bsides%20austin.pdf HTTP/1.1" 301 558 "-" "Mozilla/5.0 (iPhone; CPU iPhone OS 7_0 like Mac OS X) AppleWebKit/537.51.1 (KHTML, like Gecko) Version/7.0 Mobile/11A465 Safari/9537.53 (compatible; bingbot/2.0; +http://www.bing.com/bingbot.htm)" 
207.46.13.123 - - [06/May/2017:12:58:09 -0700] "GET /honeypot/honeypot%20-%20howto%20-%20bsides%20austin.pdf HTTP/1.1" 404 340 "-" "Mozilla/5.0 (iPhone; CPU iPhone OS 7_0 like Mac OS X) AppleWebKit/537.51.1 (KHTML, like Gecko) Version/7.0 Mobile/11A465 Safari/9537.53 (compatible; bingbot/2.0; +http://www.bing.com/bingbot.htm)" 
41.102.220.216 - - [06/May/2017:12:58:33 -0700] "GET /bootstrap/img/favicon.ico HTTP/1.1" 200 590 "-" "Mozilla/5.0 (Windows NT 10.0; Win64; x64; rv:52.0) Gecko/20100101 Firefox/52.0" 
207.46.13.94 - - [06/May/2017:12:58:33 -0700] "GET /self.logs/access.log.2015-06-21.gz HTTP/1.1" 301 546 "-" "Mozilla/5.0 (compatible; bingbot/2.0; +http://www.bing.com/bingbot.htm)" 
41.102.220.216 - - [06/May/2017:12:58:34 -0700] "GET /bootstrap/img/favicon.ico HTTP/1.1" 200 589 "-" "Mozilla/5.0 (Windows NT 10.0; Win64; x64; rv:52.0) Gecko/20100101 Firefox/52.0" 
120.192.95.88 - - [06/May/2017:12:59:00 -0700] "GET /maccdc2012/maccdc2012_full_alert.7z HTTP/1.1" 304 132 "-" "Mozilla/5.0 Gecko/20100115 Firefox/3.6" 
157.55.39.155 - - [06/May/2017:12:59:08 -0700] "GET /self.logs/error.log.2015-09-03.gz HTTP/1.1" 301 544 "-" "Mozilla/5.0 (compatible; bingbot/2.0; +http://www.bing.com/bingbot.htm)" 
31.148.253.6 - - [06/May/2017:12:59:18 -0700] "GET /maccdc2012/dhcp.log.gz HTTP/1.1" 200 45019 "-" "Mozilla/5.0 (Windows NT 6.1; rv:53.0) Gecko/20100101 Firefox/53.0" 
31.148.253.6 - - [06/May/2017:13:00:54 -0700] "GET /pe_static/zeus.zip HTTP/1.1" 200 51367111 "-" "Mozilla/5.0 (Windows NT 6.1; rv:53.0) Gecko/20100101 Firefox/53.0" 
207.46.13.94 - - [06/May/2017:13:16:22 -0700] "GET /self.logs/access.log.2015-03-12.gz HTTP/1.1" 301 545 "-" "Mozilla/5.0 (compatible; bingbot/2.0; +http://www.bing.com/bingbot.htm)" 
40.77.167.104 - - [06/May/2017:13:29:36 -0700] "GET /self.logs/access.log.2015-10-10.gz HTTP/1.1" 301 545 "-" "Mozilla/5.0 (compatible; bingbot/2.0; +http://www.bing.com/bingbot.htm)" 
81.213.253.2 - - [06/May/2017:13:30:05 -0700] "GET / HTTP/1.1" 301 483 "http://fsecurify.com/fwaf-machine-learning-driven-web-application-firewall/" "Mozilla/5.0 (Windows NT 6.2; WOW64) AppleWebKit/537.36 (KHTML, like Gecko) Chrome/57.0.2987.133 Safari/537.36" 
81.213.253.2 - - [06/May/2017:13:30:06 -0700] "GET / HTTP/1.1" 200 10792 "http://fsecurify.com/fwaf-machine-learning-driven-web-application-firewall/" "Mozilla/5.0 (Windows NT 6.2; WOW64) AppleWebKit/537.36 (KHTML, like Gecko) Chrome/57.0.2987.133 Safari/537.36" 
81.213.253.2 - - [06/May/2017:13:30:06 -0700] "GET /twitter-icon.png HTTP/1.1" 200 27787 "http://www.secrepo.com/" "Mozilla/5.0 (Windows NT 6.2; WOW64) AppleWebKit/537.36 (KHTML, like Gecko) Chrome/57.0.2987.133 Safari/537.36" 
81.213.253.2 - - [06/May/2017:13:30:06 -0700] "GET /GitHub-Mark.png HTTP/1.1" 200 7428 "http://www.secrepo.com/" "Mozilla/5.0 (Windows NT 6.2; WOW64) AppleWebKit/537.36 (KHTML, like Gecko) Chrome/57.0.2987.133 Safari/537.36" 
81.213.253.2 - - [06/May/2017:13:30:07 -0700] "GET /bootstrap/img/favicon.ico HTTP/1.1" 200 589 "http://www.secrepo.com/" "Mozilla/5.0 (Windows NT 6.2; WOW64) AppleWebKit/537.36 (KHTML, like Gecko) Chrome/57.0.2987.133 Safari/537.36" 
148.62.14.207 - - [06/May/2017:13:31:38 -0700] "GET /robots.txt HTTP/1.1" 301 446 "-" "Tornado-Async-Client" 
148.62.14.207 - - [06/May/2017:13:31:39 -0700] "GET /robots.txt HTTP/1.1" 304 130 "-" "Tornado-Async-Client" 
148.62.14.207 - - [06/May/2017:13:31:39 -0700] "GET /honeypot/BSidesDFW%20-%202014.ipynb HTTP/1.1" 301 484 "-" "Tornado-Async-Client" 
148.62.14.207 - - [06/May/2017:13:31:39 -0700] "GET /honeypot/BSidesDFW%20-%202014.ipynb HTTP/1.1" 200 930780 "-" "Tornado-Async-Client" 
66.249.64.191 - - [06/May/2017:13:32:43 -0700] "GET / HTTP/1.1" 200 10792 "-" "Mozilla/5.0 (Linux; Android 6.0.1; Nexus 5X Build/MMB29P) AppleWebKit/537.36 (KHTML, like Gecko) Chrome/41.0.2272.96 Mobile Safari/537.36 (compatible; Googlebot/2.1; +http://www.google.com/bot.html)" 
207.46.13.123 - - [06/May/2017:13:42:57 -0700] "GET /self.logs/access.log.2016-04-29.gz HTTP/1.1" 301 546 "-" "Mozilla/5.0 (compatible; bingbot/2.0; +http://www.bing.com/bingbot.htm)" 
207.46.13.94 - - [06/May/2017:13:46:16 -0700] "GET /self.logs/error.log.2015-08-23.gz HTTP/1.1" 301 545 "-" "Mozilla/5.0 (compatible; bingbot/2.0; +http://www.bing.com/bingbot.htm)" 
217.182.132.97 - - [06/May/2017:13:47:44 -0700] "GET /self.logs/access.log.2015-10-01.gz HTTP/1.1" 200 4450 "-" "Mozilla/5.0 (compatible; AhrefsBot/5.2; +http://ahrefs.com/robot/)" 
119.29.254.123 - - [06/May/2017:13:50:59 -0700] "GET /rdhmphpmyadmin/index.php HTTP/1.1" 404 284 "-" "Mozilla/4.0" 
119.29.254.123 - - [06/May/2017:13:51:00 -0700] "GET /phpmyadmin/index.php HTTP/1.1" 404 284 "-" "Mozilla/4.0" 
119.29.254.123 - - [06/May/2017:13:51:00 -0700] "GET /phpmyadmin/index.php HTTP/1.1" 404 284 "-" "Mozilla/4.0" 
164.132.161.72 - - [06/May/2017:13:56:38 -0700] "GET /self.logs/error.log.2015-11-08.gz HTTP/1.1" 200 609 "-" "Mozilla/5.0 (compatible; AhrefsBot/5.2; +http://ahrefs.com/robot/)" 
81.156.215.23 - - [06/May/2017:13:57:18 -0700] "GET / HTTP/1.1" 200 10792 "http://www.kdnuggets.com/2017/01/machine-learning-cyber-security.html" "Mozilla/5.0 (iPad; CPU OS 10_2 like Mac OS X) AppleWebKit/602.3.12 (KHTML, like Gecko) Version/10.0 Mobile/14C92 Safari/602.1" 
81.156.215.23 - - [06/May/2017:13:57:18 -0700] "GET /twitter-icon.png HTTP/1.1" 200 27787 "http://www.secrepo.com/" "Mozilla/5.0 (iPad; CPU OS 10_2 like Mac OS X) AppleWebKit/602.3.12 (KHTML, like Gecko) Version/10.0 Mobile/14C92 Safari/602.1" 
81.156.215.23 - - [06/May/2017:13:57:18 -0700] "GET /GitHub-Mark.png HTTP/1.1" 200 7428 "http://www.secrepo.com/" "Mozilla/5.0 (iPad; CPU OS 10_2 like Mac OS X) AppleWebKit/602.3.12 (KHTML, like Gecko) Version/10.0 Mobile/14C92 Safari/602.1" 
157.55.39.155 - - [06/May/2017:13:58:50 -0700] "GET /self.logs/error.log.2015-03-12.gz HTTP/1.1" 301 543 "-" "Mozilla/5.0 (compatible; bingbot/2.0; +http://www.bing.com/bingbot.htm)" 
40.77.167.104 - - [06/May/2017:14:02:27 -0700] "GET /self.logs/access.log.2015-03-21.gz HTTP/1.1" 301 545 "-" "Mozilla/5.0 (compatible; bingbot/2.0; +http://www.bing.com/bingbot.htm)" 
207.46.13.94 - - [06/May/2017:14:04:31 -0700] "GET /self.logs/error.log.2015-05-01.gz HTTP/1.1" 301 543 "-" "Mozilla/5.0 (compatible; bingbot/2.0; +http://www.bing.com/bingbot.htm)" 
67.68.60.167 - - [06/May/2017:14:09:57 -0700] "GET / HTTP/1.1" 200 10792 "https://www.google.ca/" "Mozilla/5.0 (Windows NT 10.0; Win64; x64) AppleWebKit/537.36 (KHTML, like Gecko) Chrome/58.0.3029.96 Safari/537.36" 
67.68.60.167 - - [06/May/2017:14:09:57 -0700] "GET /twitter-icon.png HTTP/1.1" 200 27787 "http://www.secrepo.com/" "Mozilla/5.0 (Windows NT 10.0; Win64; x64) AppleWebKit/537.36 (KHTML, like Gecko) Chrome/58.0.3029.96 Safari/537.36" 
67.68.60.167 - - [06/May/2017:14:09:57 -0700] "GET /GitHub-Mark.png HTTP/1.1" 200 7428 "http://www.secrepo.com/" "Mozilla/5.0 (Windows NT 10.0; Win64; x64) AppleWebKit/537.36 (KHTML, like Gecko) Chrome/58.0.3029.96 Safari/537.36" 
67.68.60.167 - - [06/May/2017:14:09:58 -0700] "GET /bootstrap/img/favicon.ico HTTP/1.1" 200 589 "http://www.secrepo.com/" "Mozilla/5.0 (Windows NT 10.0; Win64; x64) AppleWebKit/537.36 (KHTML, like Gecko) Chrome/58.0.3029.96 Safari/537.36" 
159.226.251.229 - - [06/May/2017:14:16:35 -0700] "GET /maccdc2012/maccdc2012_full_alert.7z HTTP/1.1" 304 132 "-" "Mozilla/5.0 Gecko/20100115 Firefox/3.6" 
105.228.181.216 - - [06/May/2017:14:25:39 -0700] "GET /wp-login.php HTTP/1.1" 404 295 "-" "Mozilla/5.0 (Windows NT 6.1; WOW64; rv:40.0) Gecko/20100101 Firefox/40.1" 
105.228.181.216 - - [06/May/2017:14:25:45 -0700] "GET /wp-login.php HTTP/1.1" 404 295 "-" "Mozilla/5.0 (Windows NT 6.1; WOW64; rv:40.0) Gecko/20100101 Firefox/40.1" 
105.228.181.216 - - [06/May/2017:14:25:51 -0700] "GET / HTTP/1.1" 200 36475 "-" "Mozilla/5.0 (Windows NT 6.1; WOW64; rv:40.0) Gecko/20100101 Firefox/40.1" 
159.226.251.229 - - [06/May/2017:14:30:40 -0700] "GET /tg/a.zip HTTP/1.1" 304 132 "-" "Mozilla/5.0 Gecko/20100115 Firefox/3.6" 
105.228.181.216 - - [06/May/2017:14:40:03 -0700] "GET /wp-login.php HTTP/1.1" 301 522 "-" "Mozilla/5.0 (Windows NT 6.1; WOW64; rv:40.0) Gecko/20100101 Firefox/40.1" 
105.228.181.216 - - [06/May/2017:14:40:04 -0700] "GET /wp-login.php HTTP/1.1" 404 295 "-" "Mozilla/5.0 (Windows NT 6.1; WOW64; rv:40.0) Gecko/20100101 Firefox/40.1" 
105.228.181.216 - - [06/May/2017:14:40:13 -0700] "GET /wp-login.php HTTP/1.1" 301 522 "-" "Mozilla/5.0 (Windows NT 6.1; WOW64; rv:40.0) Gecko/20100101 Firefox/40.1" 
105.228.181.216 - - [06/May/2017:14:40:17 -0700] "GET /wp-login.php HTTP/1.1" 404 295 "-" "Mozilla/5.0 (Windows NT 6.1; WOW64; rv:40.0) Gecko/20100101 Firefox/40.1" 
105.228.181.216 - - [06/May/2017:14:40:26 -0700] "GET / HTTP/1.1" 301 498 "-" "Mozilla/5.0 (Windows NT 6.1; WOW64; rv:40.0) Gecko/20100101 Firefox/40.1" 
105.228.181.216 - - [06/May/2017:14:40:26 -0700] "GET / HTTP/1.1" 200 36475 "-" "Mozilla/5.0 (Windows NT 6.1; WOW64; rv:40.0) Gecko/20100101 Firefox/40.1" 
188.220.92.212 - - [06/May/2017:14:48:01 -0700] "GET / HTTP/1.1" 200 10792 "-" "Mozilla/5.0 (Macintosh; Intel Mac OS X 10_12_4) AppleWebKit/603.1.30 (KHTML, like Gecko) Version/10.1 Safari/603.1.30" 
188.220.92.212 - - [06/May/2017:14:48:01 -0700] "GET /twitter-icon.png HTTP/1.1" 200 27787 "http://www.secrepo.com/" "Mozilla/5.0 (Macintosh; Intel Mac OS X 10_12_4) AppleWebKit/603.1.30 (KHTML, like Gecko) Version/10.1 Safari/603.1.30" 
188.220.92.212 - - [06/May/2017:14:48:01 -0700] "GET /GitHub-Mark.png HTTP/1.1" 200 7428 "http://www.secrepo.com/" "Mozilla/5.0 (Macintosh; Intel Mac OS X 10_12_4) AppleWebKit/603.1.30 (KHTML, like Gecko) Version/10.1 Safari/603.1.30" 
188.220.92.212 - - [06/May/2017:14:48:02 -0700] "GET /bootstrap/img/favicon.ico HTTP/1.1" 200 590 "http://www.secrepo.com/" "Mozilla/5.0 (Macintosh; Intel Mac OS X 10_12_4) AppleWebKit/603.1.30 (KHTML, like Gecko) Version/10.1 Safari/603.1.30" 
68.168.119.229 - - [06/May/2017:14:58:16 -0700] "GET / HTTP/1.1" 301 483 "-" "Mozilla/5.0 (Windows NT 6.1; rv:31.0) Gecko/20100101 Firefox/45.0" 
68.168.119.229 - - [06/May/2017:14:58:16 -0700] "GET / HTTP/1.1" 200 10792 "-" "Mozilla/5.0 (Windows NT 6.1; rv:31.0) Gecko/20100101 Firefox/45.0" 
68.168.119.229 - - [06/May/2017:14:58:17 -0700] "GET /GitHub-Mark.png HTTP/1.1" 200 7427 "http://www.secrepo.com/" "Mozilla/5.0 (Windows NT 6.1; rv:31.0) Gecko/20100101 Firefox/45.0" 
68.168.119.229 - - [06/May/2017:14:58:17 -0700] "GET /bootstrap/img/favicon.ico HTTP/1.1" 200 589 "-" "Mozilla/5.0 (Windows NT 6.1; rv:31.0) Gecko/20100101 Firefox/45.0" 
164.132.161.28 - - [06/May/2017:15:01:27 -0700] "GET /self.logs/access.log.2016-01-23.gz HTTP/1.1" 200 4810 "-" "Mozilla/5.0 (compatible; AhrefsBot/5.2; +http://ahrefs.com/robot/)" 
92.237.225.16 - - [06/May/2017:15:09:53 -0700] "GET / HTTP/1.1" 200 10792 "-" "Mozilla/5.0 (X11; Linux x86_64; rv:45.0) Gecko/20100101 Firefox/45.0" 
92.237.225.16 - - [06/May/2017:15:09:53 -0700] "GET /twitter-icon.png HTTP/1.1" 200 27787 "http://www.secrepo.com/" "Mozilla/5.0 (X11; Linux x86_64; rv:45.0) Gecko/20100101 Firefox/45.0" 
92.237.225.16 - - [06/May/2017:15:09:53 -0700] "GET /GitHub-Mark.png HTTP/1.1" 200 7428 "http://www.secrepo.com/" "Mozilla/5.0 (X11; Linux x86_64; rv:45.0) Gecko/20100101 Firefox/45.0" 
92.237.225.16 - - [06/May/2017:15:09:53 -0700] "GET /bootstrap/img/favicon.ico HTTP/1.1" 200 590 "-" "Mozilla/5.0 (X11; Linux x86_64; rv:45.0) Gecko/20100101 Firefox/45.0" 
54.165.59.7 - - [06/May/2017:15:15:01 -0700] "GET /robots.txt HTTP/1.0" 200 252 "-" "ia_archiver" 
54.165.59.7 - - [06/May/2017:15:15:01 -0700] "GET /honeypot/BSidesDFW%20-%202014.ipynb HTTP/1.0" 200 930799 "-" "ia_archiver" 
159.226.251.229 - - [06/May/2017:15:15:29 -0700] "GET /maccdc2012/conn.log.gz HTTP/1.1" 304 156 "-" "Mozilla/5.0 Gecko/20100115 Firefox/3.6" 
132.147.101.68 - - [06/May/2017:15:20:57 -0700] "GET / HTTP/1.1" 200 10792 "https://www.google.com.sg/" "Mozilla/5.0 (Windows NT 6.1; Win64; x64) AppleWebKit/537.36 (KHTML, like Gecko) Chrome/57.0.2987.133 Safari/537.36" 
132.147.101.68 - - [06/May/2017:15:20:57 -0700] "GET /twitter-icon.png HTTP/1.1" 200 27787 "http://www.secrepo.com/" "Mozilla/5.0 (Windows NT 6.1; Win64; x64) AppleWebKit/537.36 (KHTML, like Gecko) Chrome/57.0.2987.133 Safari/537.36" 
132.147.101.68 - - [06/May/2017:15:20:57 -0700] "GET /GitHub-Mark.png HTTP/1.1" 200 7428 "http://www.secrepo.com/" "Mozilla/5.0 (Windows NT 6.1; Win64; x64) AppleWebKit/537.36 (KHTML, like Gecko) Chrome/57.0.2987.133 Safari/537.36" 
132.147.101.68 - - [06/May/2017:15:20:58 -0700] "GET /bootstrap/img/favicon.ico HTTP/1.1" 200 589 "http://www.secrepo.com/" "Mozilla/5.0 (Windows NT 6.1; Win64; x64) AppleWebKit/537.36 (KHTML, like Gecko) Chrome/57.0.2987.133 Safari/537.36" 
66.249.64.128 - - [06/May/2017:15:34:33 -0700] "GET / HTTP/1.1" 200 10792 "-" "Mozilla/5.0 (Linux; Android 6.0.1; Nexus 5X Build/MMB29P) AppleWebKit/537.36 (KHTML, like Gecko) Chrome/41.0.2272.96 Mobile Safari/537.36 (compatible; Googlebot/2.1; +http://www.google.com/bot.html)" 
40.77.167.104 - - [06/May/2017:15:37:51 -0700] "GET /self.logs/error.log.2015-06-23.gz HTTP/1.1" 301 544 "-" "Mozilla/5.0 (compatible; bingbot/2.0; +http://www.bing.com/bingbot.htm)" 
40.77.167.104 - - [06/May/2017:15:43:03 -0700] "GET /self.logs/error.log.2015-08-19.gz HTTP/1.1" 301 545 "-" "Mozilla/5.0 (compatible; bingbot/2.0; +http://www.bing.com/bingbot.htm)" 
157.55.39.155 - - [06/May/2017:15:57:25 -0700] "GET /self.logs/error.log.2015-10-02.gz HTTP/1.1" 200 665 "-" "Mozilla/5.0 (compatible; bingbot/2.0; +http://www.bing.com/bingbot.htm)" 
120.192.95.88 - - [06/May/2017:15:59:03 -0700] "GET /maccdc2012/maccdc2012_full_alert.7z HTTP/1.1" 304 132 "-" "Mozilla/5.0 Gecko/20100115 Firefox/3.6" 
207.46.13.123 - - [06/May/2017:15:59:16 -0700] "GET /self.logs/error.log.2015-09-02.gz HTTP/1.1" 301 544 "-" "Mozilla/5.0 (compatible; bingbot/2.0; +http://www.bing.com/bingbot.htm)" 
51.255.65.45 - - [06/May/2017:16:09:39 -0700] "GET /self.logs/access.log.2016-09-29.gz HTTP/1.1" 200 12037 "-" "Mozilla/5.0 (compatible; AhrefsBot/5.2; +http://ahrefs.com/robot/)" 
163.172.190.34 - - [06/May/2017:16:11:32 -0700] "GET / HTTP/1.1" 200 10736 "http://forum.seedoff.tv/index.php?topic=8552" "Mozilla/5.0 (Windows NT 6.1; Win64; x64; rv:52.0) Gecko/20100101 Firefox/52.0" 
111.93.236.105 - - [06/May/2017:16:11:49 -0700] "GET / HTTP/1.1" 200 10792 "-" "Mozilla/5.0 (Windows NT 6.1; WOW64) AppleWebKit/537.36 (KHTML, like Gecko) Chrome/57.0.2987.133 Safari/537.36" 
111.93.236.105 - - [06/May/2017:16:11:52 -0700] "GET /twitter-icon.png HTTP/1.1" 200 27788 "http://www.secrepo.com/" "Mozilla/5.0 (Windows NT 6.1; WOW64) AppleWebKit/537.36 (KHTML, like Gecko) Chrome/57.0.2987.133 Safari/537.36" 
111.93.236.105 - - [06/May/2017:16:11:52 -0700] "GET /GitHub-Mark.png HTTP/1.1" 200 7428 "http://www.secrepo.com/" "Mozilla/5.0 (Windows NT 6.1; WOW64) AppleWebKit/537.36 (KHTML, like Gecko) Chrome/57.0.2987.133 Safari/537.36" 
111.93.236.105 - - [06/May/2017:16:11:52 -0700] "GET /bootstrap/img/favicon.ico HTTP/1.1" 200 589 "http://www.secrepo.com/" "Mozilla/5.0 (Windows NT 6.1; WOW64) AppleWebKit/537.36 (KHTML, like Gecko) Chrome/57.0.2987.133 Safari/537.36" 
207.46.13.94 - - [06/May/2017:16:13:08 -0700] "GET /self.logs/error.log.2016-09-04.gz HTTP/1.1" 301 545 "-" "Mozilla/5.0 (compatible; bingbot/2.0; +http://www.bing.com/bingbot.htm)" 
164.132.161.60 - - [06/May/2017:16:18:04 -0700] "GET /self.logs/access.log.2016-07-26.gz HTTP/1.1" 200 9690 "-" "Mozilla/5.0 (compatible; AhrefsBot/5.2; +http://ahrefs.com/robot/)" 
123.125.67.165 - - [06/May/2017:16:21:34 -0700] "GET /robots.txt HTTP/1.1" 200 297 "-" "Mozilla/5.0 (Windows NT 10.0; WOW64) AppleWebKit/537.36 (KHTML, like Gecko) Chrome/45.0.2454.93 Safari/537.36" 
207.46.13.94 - - [06/May/2017:16:22:42 -0700] "GET /self.logs/access.log.2017-02-20.gz HTTP/1.1" 200 19079 "-" "Mozilla/5.0 (compatible; bingbot/2.0; +http://www.bing.com/bingbot.htm)" 
80.61.162.117 - - [06/May/2017:16:29:06 -0700] "GET /wp-login.php HTTP/1.1" 404 295 "-" "Mozilla/5.0 (Windows NT 6.1; WOW64; rv:40.0) Gecko/20100101 Firefox/40.1" 
80.61.162.117 - - [06/May/2017:16:29:11 -0700] "GET /wp-login.php HTTP/1.1" 404 295 "-" "Mozilla/5.0 (Windows NT 6.1; WOW64; rv:40.0) Gecko/20100101 Firefox/40.1" 
80.61.162.117 - - [06/May/2017:16:29:16 -0700] "GET / HTTP/1.1" 200 36475 "-" "Mozilla/5.0 (Windows NT 6.1; WOW64; rv:40.0) Gecko/20100101 Firefox/40.1" 
180.76.15.159 - - [06/May/2017:16:33:12 -0700] "GET /self.logs/?C=M;O=D HTTP/1.1" 200 17526 "-" "Mozilla/5.0 (compatible; Baiduspider/2.0; +http://www.baidu.com/search/spider.html)" 
100.34.231.222 - - [06/May/2017:16:34:18 -0700] "GET / HTTP/1.1" 200 10792 "-" "Mozilla/5.0 (X11; Linux x86_64) AppleWebKit/537.36 (KHTML, like Gecko) Chrome/55.0.2883.75 Safari/537.36" 
100.34.231.222 - - [06/May/2017:16:34:18 -0700] "GET /twitter-icon.png HTTP/1.1" 200 27787 "http://www.secrepo.com/" "Mozilla/5.0 (X11; Linux x86_64) AppleWebKit/537.36 (KHTML, like Gecko) Chrome/55.0.2883.75 Safari/537.36" 
100.34.231.222 - - [06/May/2017:16:34:18 -0700] "GET /GitHub-Mark.png HTTP/1.1" 200 7428 "http://www.secrepo.com/" "Mozilla/5.0 (X11; Linux x86_64) AppleWebKit/537.36 (KHTML, like Gecko) Chrome/55.0.2883.75 Safari/537.36" 
100.34.231.222 - - [06/May/2017:16:34:18 -0700] "GET /bootstrap/img/favicon.ico HTTP/1.1" 200 589 "http://www.secrepo.com/" "Mozilla/5.0 (X11; Linux x86_64) AppleWebKit/537.36 (KHTML, like Gecko) Chrome/55.0.2883.75 Safari/537.36" 
190.185.165.225 - - [06/May/2017:16:38:18 -0700] "GET /honeypot/Honeypot%20-%20Howto.pdf HTTP/1.0" 200 584000 "http://www.secrepo.com/" "Mozilla/5.0 (Windows NT 6.1; WOW64) AppleWebKit/537.36 (KHTML, like Gecko) Iron/29.0.1600.1 Chrome/29.0.1600.1 Safari/537.36" 
195.239.243.122 - - [06/May/2017:16:39:13 -0700] "GET /honeypot/Honeypot%20-%20Howto.pdf HTTP/1.1" 200 1131500 "http://www.secrepo.com/" "Mozilla/5.0 (Windows NT 6.1; WOW64) AppleWebKit/537.36 (KHTML, like Gecko) Iron/29.0.1600.1 Chrome/29.0.1600.1 Safari/537.36" 
157.55.39.155 - - [06/May/2017:16:50:40 -0700] "GET /self.logs/access.log.2015-03-30.gz HTTP/1.1" 301 545 "-" "Mozilla/5.0 (compatible; bingbot/2.0; +http://www.bing.com/bingbot.htm)" 
51.255.65.25 - - [06/May/2017:16:51:40 -0700] "GET /self.logs/error.log.2016-10-07.gz HTTP/1.1" 200 610 "-" "Mozilla/5.0 (compatible; AhrefsBot/5.2; +http://ahrefs.com/robot/)" 
207.46.13.94 - - [06/May/2017:16:55:27 -0700] "GET /self.logs/access.log.2016-10-01.gz HTTP/1.1" 200 6124 "-" "Mozilla/5.0 (compatible; bingbot/2.0; +http://www.bing.com/bingbot.htm)" 
203.133.169.228 - - [06/May/2017:17:01:37 -0700] "GET /robots.txt HTTP/1.1" 200 289 "-" "Mozilla/5.0 (compatible; Daum/4.1; +http://cs.daum.net/faq/15/4118.html?faqId=28966)" 
203.133.169.228 - - [06/May/2017:17:01:38 -0700] "GET / HTTP/1.1" 200 36475 "-" "Mozilla/5.0 (compatible; Daum/4.1; +http://cs.daum.net/faq/15/4118.html?faqId=28966)" 
207.46.13.94 - - [06/May/2017:17:06:28 -0700] "GET /self.logs/error.log.2016-11-13.gz HTTP/1.1" 200 917 "-" "Mozilla/5.0 (compatible; bingbot/2.0; +http://www.bing.com/bingbot.htm)" 
159.226.251.229 - - [06/May/2017:17:16:47 -0700] "GET /maccdc2012/maccdc2012_full_alert.7z HTTP/1.1" 304 132 "-" "Mozilla/5.0 Gecko/20100115 Firefox/3.6" 
80.61.162.117 - - [06/May/2017:17:27:10 -0700] "GET /wp-login.php HTTP/1.1" 301 522 "-" "Mozilla/5.0 (Windows NT 6.1; WOW64; rv:40.0) Gecko/20100101 Firefox/40.1" 
80.61.162.117 - - [06/May/2017:17:27:10 -0700] "GET /wp-login.php HTTP/1.1" 404 295 "-" "Mozilla/5.0 (Windows NT 6.1; WOW64; rv:40.0) Gecko/20100101 Firefox/40.1" 
80.61.162.117 - - [06/May/2017:17:27:15 -0700] "GET /wp-login.php HTTP/1.1" 301 522 "-" "Mozilla/5.0 (Windows NT 6.1; WOW64; rv:40.0) Gecko/20100101 Firefox/40.1" 
80.61.162.117 - - [06/May/2017:17:27:16 -0700] "GET /wp-login.php HTTP/1.1" 404 295 "-" "Mozilla/5.0 (Windows NT 6.1; WOW64; rv:40.0) Gecko/20100101 Firefox/40.1" 
80.61.162.117 - - [06/May/2017:17:27:21 -0700] "GET / HTTP/1.1" 301 498 "-" "Mozilla/5.0 (Windows NT 6.1; WOW64; rv:40.0) Gecko/20100101 Firefox/40.1" 
80.61.162.117 - - [06/May/2017:17:27:21 -0700] "GET / HTTP/1.1" 200 36475 "-" "Mozilla/5.0 (Windows NT 6.1; WOW64; rv:40.0) Gecko/20100101 Firefox/40.1" 
217.182.132.73 - - [06/May/2017:17:29:22 -0700] "GET /self.logs/error.log.2016-07-31.gz HTTP/1.1" 200 1057 "-" "Mozilla/5.0 (compatible; AhrefsBot/5.2; +http://ahrefs.com/robot/)" 
159.226.251.229 - - [06/May/2017:17:30:57 -0700] "GET /tg/a.zip HTTP/1.1" 304 132 "-" "Mozilla/5.0 Gecko/20100115 Firefox/3.6" 
24.125.146.192 - - [06/May/2017:17:41:02 -0700] "GET /wp-login.php HTTP/1.1" 404 295 "-" "Mozilla/5.0 (Windows NT 6.1; WOW64; rv:40.0) Gecko/20100101 Firefox/40.1" 
24.125.146.192 - - [06/May/2017:17:41:07 -0700] "GET /wp-login.php HTTP/1.1" 404 295 "-" "Mozilla/5.0 (Windows NT 6.1; WOW64; rv:40.0) Gecko/20100101 Firefox/40.1" 
24.125.146.192 - - [06/May/2017:17:41:13 -0700] "GET / HTTP/1.1" 200 36475 "-" "Mozilla/5.0 (Windows NT 6.1; WOW64; rv:40.0) Gecko/20100101 Firefox/40.1" 
142.217.69.102 - - [06/May/2017:17:51:10 -0700] "GET /wp-login.php HTTP/1.1" 404 295 "-" "Mozilla/5.0 (Windows NT 6.1; WOW64; rv:40.0) Gecko/20100101 Firefox/40.1" 
142.217.69.102 - - [06/May/2017:17:51:17 -0700] "GET /wp-login.php HTTP/1.1" 404 295 "-" "Mozilla/5.0 (Windows NT 6.1; WOW64; rv:40.0) Gecko/20100101 Firefox/40.1" 
142.217.69.102 - - [06/May/2017:17:51:24 -0700] "GET / HTTP/1.1" 200 36475 "-" "Mozilla/5.0 (Windows NT 6.1; WOW64; rv:40.0) Gecko/20100101 Firefox/40.1" 
73.51.40.251 - - [06/May/2017:17:51:45 -0700] "GET / HTTP/1.1" 200 10792 "https://www.google.com/" "Mozilla/5.0 (Windows NT 6.1; Win64; x64; rv:53.0) Gecko/20100101 Firefox/53.0" 
73.51.40.251 - - [06/May/2017:17:51:46 -0700] "GET /twitter-icon.png HTTP/1.1" 200 27787 "http://www.secrepo.com/" "Mozilla/5.0 (Windows NT 6.1; Win64; x64; rv:53.0) Gecko/20100101 Firefox/53.0" 
73.51.40.251 - - [06/May/2017:17:51:46 -0700] "GET /GitHub-Mark.png HTTP/1.1" 200 7427 "http://www.secrepo.com/" "Mozilla/5.0 (Windows NT 6.1; Win64; x64; rv:53.0) Gecko/20100101 Firefox/53.0" 
73.51.40.251 - - [06/May/2017:17:51:47 -0700] "GET /bootstrap/img/favicon.ico HTTP/1.1" 200 589 "-" "Mozilla/5.0 (Windows NT 6.1; Win64; x64; rv:53.0) Gecko/20100101 Firefox/53.0" 
217.182.132.74 - - [06/May/2017:18:03:24 -0700] "GET /self.logs/access.log.2015-07-31.gz HTTP/1.1" 200 4396 "-" "Mozilla/5.0 (compatible; AhrefsBot/5.2; +http://ahrefs.com/robot/)" 
24.125.146.192 - - [06/May/2017:18:11:59 -0700] "GET /wp-login.php HTTP/1.1" 301 522 "-" "Mozilla/5.0 (Windows NT 6.1; WOW64; rv:40.0) Gecko/20100101 Firefox/40.1" 
24.125.146.192 - - [06/May/2017:18:11:59 -0700] "GET /wp-login.php HTTP/1.1" 404 295 "-" "Mozilla/5.0 (Windows NT 6.1; WOW64; rv:40.0) Gecko/20100101 Firefox/40.1" 
24.125.146.192 - - [06/May/2017:18:12:04 -0700] "GET /wp-login.php HTTP/1.1" 301 522 "-" "Mozilla/5.0 (Windows NT 6.1; WOW64; rv:40.0) Gecko/20100101 Firefox/40.1" 
24.125.146.192 - - [06/May/2017:18:12:04 -0700] "GET /wp-login.php HTTP/1.1" 404 295 "-" "Mozilla/5.0 (Windows NT 6.1; WOW64; rv:40.0) Gecko/20100101 Firefox/40.1" 
24.125.146.192 - - [06/May/2017:18:12:10 -0700] "GET / HTTP/1.1" 301 498 "-" "Mozilla/5.0 (Windows NT 6.1; WOW64; rv:40.0) Gecko/20100101 Firefox/40.1" 
24.125.146.192 - - [06/May/2017:18:12:10 -0700] "GET / HTTP/1.1" 200 36475 "-" "Mozilla/5.0 (Windows NT 6.1; WOW64; rv:40.0) Gecko/20100101 Firefox/40.1" 
159.226.251.229 - - [06/May/2017:18:16:10 -0700] "GET /maccdc2012/conn.log.gz HTTP/1.1" 304 156 "-" "Mozilla/5.0 Gecko/20100115 Firefox/3.6" 
157.55.39.155 - - [06/May/2017:18:21:33 -0700] "GET /self.logs/error.log.2016-09-14.gz HTTP/1.1" 301 545 "-" "Mozilla/5.0 (compatible; bingbot/2.0; +http://www.bing.com/bingbot.htm)" 
207.46.13.94 - - [06/May/2017:18:27:13 -0700] "GET /self.logs/error.log.2017-03-21.gz HTTP/1.1" 200 1065 "-" "Mozilla/5.0 (compatible; bingbot/2.0; +http://www.bing.com/bingbot.htm)" 
40.77.167.104 - - [06/May/2017:18:27:46 -0700] "GET /self.logs/error.log.2015-08-25.gz HTTP/1.1" 301 545 "-" "Mozilla/5.0 (compatible; bingbot/2.0; +http://www.bing.com/bingbot.htm)" 
40.77.167.104 - - [06/May/2017:18:31:44 -0700] "GET /self.logs/error.log.2015-04-02.gz HTTP/1.1" 301 543 "-" "Mozilla/5.0 (compatible; bingbot/2.0; +http://www.bing.com/bingbot.htm)" 
77.75.77.109 - - [06/May/2017:18:32:47 -0700] "GET /robots.txt HTTP/1.1" 200 334 "-" "Mozilla/5.0 (compatible; SeznamBot/3.2; +http://napoveda.seznam.cz/en/seznambot-intro/)" 
77.75.77.109 - - [06/May/2017:18:32:49 -0700] "GET /self.logs/?C=S;O=A HTTP/1.1" 200 19366 "-" "Mozilla/5.0 (compatible; SeznamBot/3.2; +http://napoveda.seznam.cz/en/seznambot-intro/)" 
73.206.174.210 - - [06/May/2017:18:39:06 -0700] "GET / HTTP/1.1" 200 10792 "https://www.google.com/" "Mozilla/5.0 (Windows NT 10.0; Win64; x64) AppleWebKit/537.36 (KHTML, like Gecko) Chrome/58.0.3029.96 Safari/537.36" 
73.206.174.210 - - [06/May/2017:18:39:06 -0700] "GET /twitter-icon.png HTTP/1.1" 200 27787 "http://www.secrepo.com/" "Mozilla/5.0 (Windows NT 10.0; Win64; x64) AppleWebKit/537.36 (KHTML, like Gecko) Chrome/58.0.3029.96 Safari/537.36" 
73.206.174.210 - - [06/May/2017:18:39:06 -0700] "GET /GitHub-Mark.png HTTP/1.1" 200 7428 "http://www.secrepo.com/" "Mozilla/5.0 (Windows NT 10.0; Win64; x64) AppleWebKit/537.36 (KHTML, like Gecko) Chrome/58.0.3029.96 Safari/537.36" 
73.206.174.210 - - [06/May/2017:18:39:07 -0700] "GET /bootstrap/img/favicon.ico HTTP/1.1" 200 589 "http://www.secrepo.com/" "Mozilla/5.0 (Windows NT 10.0; Win64; x64) AppleWebKit/537.36 (KHTML, like Gecko) Chrome/58.0.3029.96 Safari/537.36" 
73.206.174.210 - - [06/May/2017:18:39:30 -0700] "GET /honeypot/honeypot.json.zip HTTP/1.1" 200 20718860 "-" "Mozilla/5.0 (Windows NT 10.0; Win64; x64) AppleWebKit/537.36 (KHTML, like Gecko) Chrome/58.0.3029.96 Safari/537.36" 
207.46.13.123 - - [06/May/2017:18:43:03 -0700] "GET /self.logs/access.log.2015-02-20.gz HTTP/1.1" 301 545 "-" "Mozilla/5.0 (compatible; bingbot/2.0; +http://www.bing.com/bingbot.htm)" 
51.255.65.22 - - [06/May/2017:18:44:36 -0700] "GET /self.logs/error.log.2015-07-17.gz HTTP/1.1" 200 703 "-" "Mozilla/5.0 (compatible; AhrefsBot/5.2; +http://ahrefs.com/robot/)" 
37.59.184.183 - - [06/May/2017:18:47:49 -0700] "GET / HTTP/1.1" 200 10792 "http://www.secrepo.com/" "Mozilla/4.0 (compatible; MSIE 5.5; Windows 98; Win 9x 4.90; MSIECrawler)" 
210.116.230.46 - - [06/May/2017:18:48:53 -0700] "GET /wp-login.php HTTP/1.1" 404 295 "-" "Mozilla/5.0 (Windows NT 6.1; WOW64; rv:40.0) Gecko/20100101 Firefox/40.1" 
210.116.230.46 - - [06/May/2017:18:48:59 -0700] "GET /wp-login.php HTTP/1.1" 404 295 "-" "Mozilla/5.0 (Windows NT 6.1; WOW64; rv:40.0) Gecko/20100101 Firefox/40.1" 
210.116.230.46 - - [06/May/2017:18:49:04 -0700] "GET / HTTP/1.1" 200 36475 "-" "Mozilla/5.0 (Windows NT 6.1; WOW64; rv:40.0) Gecko/20100101 Firefox/40.1" 
157.55.39.155 - - [06/May/2017:18:49:38 -0700] "GET /self.logs/error.log.2016-05-15.gz HTTP/1.1" 301 544 "-" "Mozilla/5.0 (compatible; bingbot/2.0; +http://www.bing.com/bingbot.htm)" 
207.46.13.123 - - [06/May/2017:18:53:19 -0700] "GET /self.logs/access.log.2015-08-31.gz HTTP/1.1" 301 546 "-" "Mozilla/5.0 (compatible; bingbot/2.0; +http://www.bing.com/bingbot.htm)" 
66.249.64.128 - - [06/May/2017:18:57:32 -0700] "GET /honeypot/Honeypot%20-%20Howto%20-%20BSides%20Austin.pdf HTTP/1.1" 200 2928460 "-" "Mozilla/5.0 (compatible; Googlebot/2.1; +http://www.google.com/bot.html)" 
120.192.95.88 - - [06/May/2017:18:59:09 -0700] "GET /maccdc2012/maccdc2012_full_alert.7z HTTP/1.1" 304 132 "-" "Mozilla/5.0 Gecko/20100115 Firefox/3.6" 
157.55.39.155 - - [06/May/2017:19:09:35 -0700] "GET /self.logs/access.log.2015-09-14.gz HTTP/1.1" 301 546 "-" "Mozilla/5.0 (compatible; bingbot/2.0; +http://www.bing.com/bingbot.htm)" 
40.77.167.104 - - [06/May/2017:19:20:47 -0700] "GET /self.logs/access.log.2015-02-02.gz HTTP/1.1" 301 545 "-" "Mozilla/5.0 (compatible; bingbot/2.0; +http://www.bing.com/bingbot.htm)" 
52.212.146.96 - - [06/May/2017:19:30:02 -0700] "GET /self.logs/access.log.2017-04-30.gz HTTP/1.1" 200 11942 "-" "python-requests/2.12.1" 
52.212.146.96 - - [06/May/2017:19:30:02 -0700] "GET /self.logs/access.log.2017-05-01.gz HTTP/1.1" 200 14319 "-" "python-requests/2.12.1" 
52.212.146.96 - - [06/May/2017:19:30:02 -0700] "GET /self.logs/access.log.2017-05-02.gz HTTP/1.1" 200 17906 "-" "python-requests/2.12.1" 
52.212.146.96 - - [06/May/2017:19:30:03 -0700] "GET /self.logs/access.log.2017-05-03.gz HTTP/1.1" 200 29019 "-" "python-requests/2.12.1" 
52.212.146.96 - - [06/May/2017:19:30:03 -0700] "GET /self.logs/access.log.2017-05-04.gz HTTP/1.1" 404 340 "-" "python-requests/2.12.1" 
52.212.146.96 - - [06/May/2017:19:30:03 -0700] "GET /self.logs/access.log.2017-05-05.gz HTTP/1.1" 404 340 "-" "python-requests/2.12.1" 
52.212.146.96 - - [06/May/2017:19:30:03 -0700] "GET /self.logs/access.log.2017-05-06.gz HTTP/1.1" 404 340 "-" "python-requests/2.12.1" 
85.93.91.84 - - [06/May/2017:19:30:07 -0700] "GET /robots.txt HTTP/1.0" 200 252 "-" "Mozilla/5.0 (compatible; DeuSu/5.0.2; +https://deusu.de/robot.html)" 
85.93.91.84 - - [06/May/2017:19:30:07 -0700] "GET /self.logs/?C=S;O=A HTTP/1.0" 200 160918 "-" "Mozilla/5.0 (compatible; DeuSu/5.0.2; +https://deusu.de/robot.html)" 
164.132.161.72 - - [06/May/2017:19:30:12 -0700] "GET /self.logs/access.log.2016-09-22.gz HTTP/1.1" 200 8022 "-" "Mozilla/5.0 (compatible; AhrefsBot/5.2; +http://ahrefs.com/robot/)" 
157.55.39.155 - - [06/May/2017:19:31:58 -0700] "GET /self.logs/access.log.2015-12-29.gz HTTP/1.1" 301 546 "-" "Mozilla/5.0 (compatible; bingbot/2.0; +http://www.bing.com/bingbot.htm)" 
207.46.13.94 - - [06/May/2017:19:35:34 -0700] "GET /self.logs/access.log.2015-01-27.gz HTTP/1.1" 301 546 "-" "Mozilla/5.0 (compatible; bingbot/2.0; +http://www.bing.com/bingbot.htm)" 
157.55.39.155 - - [06/May/2017:19:38:24 -0700] "GET /self.logs/access.log.2015-05-12.gz HTTP/1.1" 301 545 "-" "Mozilla/5.0 (compatible; bingbot/2.0; +http://www.bing.com/bingbot.htm)" 
66.102.6.129 - - [06/May/2017:19:47:03 -0700] "GET / HTTP/1.1" 200 10792 "-" "Mozilla/5.0 (X11; Linux x86_64) AppleWebKit/537.36 (KHTML, like Gecko) Chrome/49.0.2623.75 Safari/537.36 Google Favicon" 
66.102.6.158 - - [06/May/2017:19:47:03 -0700] "GET /bootstrap/img/favicon.ico HTTP/1.1" 200 590 "-" "Mozilla/5.0 (X11; Linux x86_64) AppleWebKit/537.36 (KHTML, like Gecko) Chrome/49.0.2623.75 Safari/537.36 Google Favicon" 
207.46.13.123 - - [06/May/2017:19:48:59 -0700] "GET /self.logs/error.log.2015-09-30.gz HTTP/1.1" 301 544 "-" "Mozilla/5.0 (compatible; bingbot/2.0; +http://www.bing.com/bingbot.htm)" 
51.255.65.15 - - [06/May/2017:19:55:10 -0700] "GET /self.logs/access.log.2015-03-28.gz HTTP/1.1" 200 3418 "-" "Mozilla/5.0 (compatible; AhrefsBot/5.2; +http://ahrefs.com/robot/)" 
137.74.201.100 - - [06/May/2017:19:57:38 -0700] "GET /self.logs/error.log.2015-02-12.gz HTTP/1.1" 200 2249 "-" "Mozilla/5.0 (compatible; AhrefsBot/5.2; +http://ahrefs.com/robot/)" 
42.236.10.77 - - [06/May/2017:20:04:26 -0700] "GET / HTTP/1.1" 200 10792 "http://www.secrepo.com/" "Mozilla/5.0 (Windows NT 6.1; WOW64) AppleWebKit/537.36 (KHTML, like Gecko) Chrome/50.0.2661.102 Safari/537.36; 360Spider" 
42.236.99.72 - - [06/May/2017:20:04:27 -0700] "GET / HTTP/1.1" 301 483 "http://secrepo.com/" "Mozilla/5.0 (Windows NT 6.1; WOW64) AppleWebKit/537.36 (KHTML, like Gecko) Chrome/50.0.2661.102 Safari/537.36; 360Spider" 
42.236.99.72 - - [06/May/2017:20:04:28 -0700] "GET / HTTP/1.1" 200 10791 "http://www.secrepo.com/" "Mozilla/5.0 (Windows NT 6.1; WOW64) AppleWebKit/537.36 (KHTML, like Gecko) Chrome/50.0.2661.102 Safari/537.36; 360Spider" 
157.55.39.155 - - [06/May/2017:20:05:08 -0700] "GET /self.logs/access.log.2015-02-13.gz HTTP/1.1" 301 545 "-" "Mozilla/5.0 (compatible; bingbot/2.0; +http://www.bing.com/bingbot.htm)" 
157.55.39.155 - - [06/May/2017:20:06:03 -0700] "GET /self.logs/error.log.2016-10-27.gz HTTP/1.1" 200 831 "-" "Mozilla/5.0 (compatible; bingbot/2.0; +http://www.bing.com/bingbot.htm)" 
207.46.13.94 - - [06/May/2017:20:07:37 -0700] "GET /self.logs/error.log.2016-03-12.gz HTTP/1.1" 301 544 "-" "Mozilla/5.0 (compatible; bingbot/2.0; +http://www.bing.com/bingbot.htm)" 
159.226.251.229 - - [06/May/2017:20:16:53 -0700] "GET /maccdc2012/maccdc2012_full_alert.7z HTTP/1.1" 304 132 "-" "Mozilla/5.0 Gecko/20100115 Firefox/3.6" 
157.55.39.155 - - [06/May/2017:20:23:43 -0700] "GET / HTTP/1.1" 200 10792 "-" "Mozilla/5.0 (compatible; bingbot/2.0; +http://www.bing.com/bingbot.htm)" 
73.88.138.55 - - [06/May/2017:20:28:09 -0700] "GET /bootstrap/img/favicon.ico HTTP/1.1" 200 590 "-" "Mozilla/5.0 (Windows NT 6.3; WOW64; rv:53.0) Gecko/20100101 Firefox/53.0" 
207.46.13.94 - - [06/May/2017:20:29:27 -0700] "GET /self.logs/error.log.2016-03-08.gz HTTP/1.1" 301 545 "-" "Mozilla/5.0 (compatible; bingbot/2.0; +http://www.bing.com/bingbot.htm)" 
159.226.251.229 - - [06/May/2017:20:31:12 -0700] "GET /tg/a.zip HTTP/1.1" 304 132 "-" "Mozilla/5.0 Gecko/20100115 Firefox/3.6" 
207.46.13.123 - - [06/May/2017:20:45:01 -0700] "GET /self.logs/access.log.2016-05-25.gz HTTP/1.1" 200 22485 "-" "Mozilla/5.0 (compatible; bingbot/2.0; +http://www.bing.com/bingbot.htm)" 
207.46.13.123 - - [06/May/2017:20:46:09 -0700] "GET /self.logs/error.log.2016-04-02.gz HTTP/1.1" 301 544 "-" "Mozilla/5.0 (compatible; bingbot/2.0; +http://www.bing.com/bingbot.htm)" 
103.60.105.140 - - [06/May/2017:20:46:10 -0700] "GET /self.logs/access.log.2015-01-17.gz HTTP/1.1" 200 3597 "-" "python-requests/2.13.0" 
103.60.105.140 - - [06/May/2017:20:46:11 -0700] "GET /self.logs/access.log.2015-01-18.gz HTTP/1.1" 200 3472 "-" "python-requests/2.13.0" 
103.60.105.140 - - [06/May/2017:20:46:11 -0700] "GET /self.logs/access.log.2015-01-19.gz HTTP/1.1" 200 2836 "-" "python-requests/2.13.0" 
103.60.105.140 - - [06/May/2017:20:46:12 -0700] "GET /self.logs/access.log.2015-01-20.gz HTTP/1.1" 200 3670 "-" "python-requests/2.13.0" 
103.60.105.140 - - [06/May/2017:20:46:12 -0700] "GET /self.logs/access.log.2015-01-21.gz HTTP/1.1" 200 4027 "-" "python-requests/2.13.0" 
103.60.105.140 - - [06/May/2017:20:46:13 -0700] "GET /self.logs/access.log.2015-01-22.gz HTTP/1.1" 200 2800 "-" "python-requests/2.13.0" 
103.60.105.140 - - [06/May/2017:20:46:13 -0700] "GET /self.logs/access.log.2015-01-23.gz HTTP/1.1" 200 2159 "-" "python-requests/2.13.0" 
103.60.105.140 - - [06/May/2017:20:46:14 -0700] "GET /self.logs/access.log.2015-01-24.gz HTTP/1.1" 200 2277 "-" "python-requests/2.13.0" 
103.60.105.140 - - [06/May/2017:20:46:15 -0700] "GET /self.logs/access.log.2015-01-25.gz HTTP/1.1" 200 3061 "-" "python-requests/2.13.0" 
103.60.105.140 - - [06/May/2017:20:46:15 -0700] "GET /self.logs/access.log.2015-01-26.gz HTTP/1.1" 200 3257 "-" "python-requests/2.13.0" 
103.60.105.140 - - [06/May/2017:20:46:16 -0700] "GET /self.logs/access.log.2015-01-27.gz HTTP/1.1" 200 2252 "-" "python-requests/2.13.0" 
103.60.105.140 - - [06/May/2017:20:46:16 -0700] "GET /self.logs/access.log.2015-01-28.gz HTTP/1.1" 200 2129 "-" "python-requests/2.13.0" 
103.60.105.140 - - [06/May/2017:20:46:17 -0700] "GET /self.logs/access.log.2015-01-29.gz HTTP/1.1" 200 8411 "-" "python-requests/2.13.0" 
103.60.105.140 - - [06/May/2017:20:46:17 -0700] "GET /self.logs/access.log.2015-01-30.gz HTTP/1.1" 200 6272 "-" "python-requests/2.13.0" 
103.60.105.140 - - [06/May/2017:20:46:18 -0700] "GET /self.logs/access.log.2015-01-31.gz HTTP/1.1" 200 4237 "-" "python-requests/2.13.0" 
103.60.105.140 - - [06/May/2017:20:46:18 -0700] "GET /self.logs/access.log.2015-02-01.gz HTTP/1.1" 200 2648 "-" "python-requests/2.13.0" 
103.60.105.140 - - [06/May/2017:20:46:19 -0700] "GET /self.logs/access.log.2015-02-02.gz HTTP/1.1" 200 3356 "-" "python-requests/2.13.0" 
103.60.105.140 - - [06/May/2017:20:46:19 -0700] "GET /self.logs/access.log.2015-02-03.gz HTTP/1.1" 200 5716 "-" "python-requests/2.13.0" 
103.60.105.140 - - [06/May/2017:20:46:20 -0700] "GET /self.logs/access.log.2015-02-04.gz HTTP/1.1" 200 3984 "-" "python-requests/2.13.0" 
103.60.105.140 - - [06/May/2017:20:46:20 -0700] "GET /self.logs/access.log.2015-02-05.gz HTTP/1.1" 200 3554 "-" "python-requests/2.13.0" 
103.60.105.140 - - [06/May/2017:20:46:21 -0700] "GET /self.logs/access.log.2015-02-06.gz HTTP/1.1" 200 2879 "-" "python-requests/2.13.0" 
103.60.105.140 - - [06/May/2017:20:46:21 -0700] "GET /self.logs/access.log.2015-02-07.gz HTTP/1.1" 200 2820 "-" "python-requests/2.13.0" 
103.60.105.140 - - [06/May/2017:20:46:22 -0700] "GET /self.logs/access.log.2015-02-08.gz HTTP/1.1" 200 3399 "-" "python-requests/2.13.0" 
103.60.105.140 - - [06/May/2017:20:46:22 -0700] "GET /self.logs/access.log.2015-02-09.gz HTTP/1.1" 200 4271 "-" "python-requests/2.13.0" 
103.60.105.140 - - [06/May/2017:20:46:23 -0700] "GET /self.logs/access.log.2015-02-10.gz HTTP/1.1" 200 13700 "-" "python-requests/2.13.0" 
103.60.105.140 - - [06/May/2017:20:46:23 -0700] "GET /self.logs/access.log.2015-02-11.gz HTTP/1.1" 200 4660 "-" "python-requests/2.13.0" 
103.60.105.140 - - [06/May/2017:20:46:24 -0700] "GET /self.logs/access.log.2015-02-12.gz HTTP/1.1" 200 7071 "-" "python-requests/2.13.0" 
103.60.105.140 - - [06/May/2017:20:46:24 -0700] "GET /self.logs/access.log.2015-02-13.gz HTTP/1.1" 200 15610 "-" "python-requests/2.13.0" 
103.60.105.140 - - [06/May/2017:20:46:25 -0700] "GET /self.logs/access.log.2015-02-14.gz HTTP/1.1" 200 25952 "-" "python-requests/2.13.0" 
103.60.105.140 - - [06/May/2017:20:46:26 -0700] "GET /self.logs/access.log.2015-02-15.gz HTTP/1.1" 200 15640 "-" "python-requests/2.13.0" 
103.60.105.140 - - [06/May/2017:20:46:27 -0700] "GET /self.logs/access.log.2015-02-16.gz HTTP/1.1" 200 20488 "-" "python-requests/2.13.0" 
103.60.105.140 - - [06/May/2017:20:46:28 -0700] "GET /self.logs/access.log.2015-02-17.gz HTTP/1.1" 200 11275 "-" "python-requests/2.13.0" 
103.60.105.140 - - [06/May/2017:20:46:28 -0700] "GET /self.logs/access.log.2015-02-18.gz HTTP/1.1" 200 8879 "-" "python-requests/2.13.0" 
103.60.105.140 - - [06/May/2017:20:46:29 -0700] "GET /self.logs/access.log.2015-02-19.gz HTTP/1.1" 200 12948 "-" "python-requests/2.13.0" 
103.60.105.140 - - [06/May/2017:20:46:29 -0700] "GET /self.logs/access.log.2015-02-20.gz HTTP/1.1" 200 14466 "-" "python-requests/2.13.0" 
103.60.105.140 - - [06/May/2017:20:46:30 -0700] "GET /self.logs/access.log.2015-02-21.gz HTTP/1.1" 200 17393 "-" "python-requests/2.13.0" 
103.60.105.140 - - [06/May/2017:20:46:30 -0700] "GET /self.logs/access.log.2015-02-22.gz HTTP/1.1" 200 11158 "-" "python-requests/2.13.0" 
103.60.105.140 - - [06/May/2017:20:46:31 -0700] "GET /self.logs/access.log.2015-02-23.gz HTTP/1.1" 200 10615 "-" "python-requests/2.13.0" 
103.60.105.140 - - [06/May/2017:20:46:32 -0700] "GET /self.logs/access.log.2015-02-24.gz HTTP/1.1" 200 4664 "-" "python-requests/2.13.0" 
103.60.105.140 - - [06/May/2017:20:46:32 -0700] "GET /self.logs/access.log.2015-02-25.gz HTTP/1.1" 200 2797 "-" "python-requests/2.13.0" 
103.60.105.140 - - [06/May/2017:20:46:33 -0700] "GET /self.logs/access.log.2015-02-26.gz HTTP/1.1" 200 3599 "-" "python-requests/2.13.0" 
103.60.105.140 - - [06/May/2017:20:46:33 -0700] "GET /self.logs/access.log.2015-02-27.gz HTTP/1.1" 200 3223 "-" "python-requests/2.13.0" 
103.60.105.140 - - [06/May/2017:20:46:34 -0700] "GET /self.logs/access.log.2015-02-28.gz HTTP/1.1" 200 2986 "-" "python-requests/2.13.0" 
103.60.105.140 - - [06/May/2017:20:46:34 -0700] "GET /self.logs/access.log.2015-03-01.gz HTTP/1.1" 200 2438 "-" "python-requests/2.13.0" 
103.60.105.140 - - [06/May/2017:20:46:35 -0700] "GET /self.logs/access.log.2015-03-02.gz HTTP/1.1" 200 3364 "-" "python-requests/2.13.0" 
103.60.105.140 - - [06/May/2017:20:46:35 -0700] "GET /self.logs/access.log.2015-03-03.gz HTTP/1.1" 200 2870 "-" "python-requests/2.13.0" 
103.60.105.140 - - [06/May/2017:20:46:36 -0700] "GET /self.logs/access.log.2015-03-04.gz HTTP/1.1" 200 3489 "-" "python-requests/2.13.0" 
103.60.105.140 - - [06/May/2017:20:46:36 -0700] "GET /self.logs/access.log.2015-03-05.gz HTTP/1.1" 200 3325 "-" "python-requests/2.13.0" 
103.60.105.140 - - [06/May/2017:20:46:37 -0700] "GET /self.logs/access.log.2015-03-06.gz HTTP/1.1" 200 2436 "-" "python-requests/2.13.0" 
103.60.105.140 - - [06/May/2017:20:46:37 -0700] "GET /self.logs/access.log.2015-03-07.gz HTTP/1.1" 200 2748 "-" "python-requests/2.13.0" 
103.60.105.140 - - [06/May/2017:20:46:38 -0700] "GET /self.logs/access.log.2015-03-08.gz HTTP/1.1" 404 340 "-" "python-requests/2.13.0" 
103.60.105.140 - - [06/May/2017:20:46:38 -0700] "GET /self.logs/access.log.2015-03-09.gz HTTP/1.1" 200 6422 "-" "python-requests/2.13.0" 
103.60.105.140 - - [06/May/2017:20:46:39 -0700] "GET /self.logs/access.log.2015-03-10.gz HTTP/1.1" 200 13410 "-" "python-requests/2.13.0" 
103.60.105.140 - - [06/May/2017:20:46:39 -0700] "GET /self.logs/access.log.2015-03-11.gz HTTP/1.1" 200 2460 "-" "python-requests/2.13.0" 
103.60.105.140 - - [06/May/2017:20:46:40 -0700] "GET /self.logs/access.log.2015-03-12.gz HTTP/1.1" 200 9560 "-" "python-requests/2.13.0" 
103.60.105.140 - - [06/May/2017:20:46:40 -0700] "GET /self.logs/access.log.2015-03-13.gz HTTP/1.1" 200 4878 "-" "python-requests/2.13.0" 
103.60.105.140 - - [06/May/2017:20:46:41 -0700] "GET /self.logs/access.log.2015-03-14.gz HTTP/1.1" 200 3813 "-" "python-requests/2.13.0" 
103.60.105.140 - - [06/May/2017:20:46:41 -0700] "GET /self.logs/access.log.2015-03-15.gz HTTP/1.1" 200 5475 "-" "python-requests/2.13.0" 
103.60.105.140 - - [06/May/2017:20:46:42 -0700] "GET /self.logs/access.log.2015-03-16.gz HTTP/1.1" 200 8169 "-" "python-requests/2.13.0" 
103.60.105.140 - - [06/May/2017:20:46:43 -0700] "GET /self.logs/access.log.2015-03-17.gz HTTP/1.1" 200 6023 "-" "python-requests/2.13.0" 
103.60.105.140 - - [06/May/2017:20:46:43 -0700] "GET /self.logs/access.log.2015-03-18.gz HTTP/1.1" 200 9492 "-" "python-requests/2.13.0" 
103.60.105.140 - - [06/May/2017:20:46:44 -0700] "GET /self.logs/access.log.2015-03-19.gz HTTP/1.1" 200 3728 "-" "python-requests/2.13.0" 
103.60.105.140 - - [06/May/2017:20:46:44 -0700] "GET /self.logs/access.log.2015-03-20.gz HTTP/1.1" 200 4215 "-" "python-requests/2.13.0" 
103.60.105.140 - - [06/May/2017:20:46:45 -0700] "GET /self.logs/access.log.2015-03-21.gz HTTP/1.1" 200 2934 "-" "python-requests/2.13.0" 
103.60.105.140 - - [06/May/2017:20:46:45 -0700] "GET /self.logs/access.log.2015-03-22.gz HTTP/1.1" 200 3679 "-" "python-requests/2.13.0" 
103.60.105.140 - - [06/May/2017:20:46:46 -0700] "GET /self.logs/access.log.2015-03-23.gz HTTP/1.1" 200 4133 "-" "python-requests/2.13.0" 
103.60.105.140 - - [06/May/2017:20:46:46 -0700] "GET /self.logs/access.log.2015-03-24.gz HTTP/1.1" 200 4997 "-" "python-requests/2.13.0" 
103.60.105.140 - - [06/May/2017:20:46:47 -0700] "GET /self.logs/access.log.2015-03-25.gz HTTP/1.1" 200 3503 "-" "python-requests/2.13.0" 
103.60.105.140 - - [06/May/2017:20:46:47 -0700] "GET /self.logs/access.log.2015-03-26.gz HTTP/1.1" 200 4095 "-" "python-requests/2.13.0" 
103.60.105.140 - - [06/May/2017:20:46:48 -0700] "GET /self.logs/access.log.2015-03-27.gz HTTP/1.1" 200 4057 "-" "python-requests/2.13.0" 
103.60.105.140 - - [06/May/2017:20:46:48 -0700] "GET /self.logs/access.log.2015-03-28.gz HTTP/1.1" 200 3474 "-" "python-requests/2.13.0" 
103.60.105.140 - - [06/May/2017:20:46:49 -0700] "GET /self.logs/access.log.2015-03-29.gz HTTP/1.1" 200 3504 "-" "python-requests/2.13.0" 
103.60.105.140 - - [06/May/2017:20:46:49 -0700] "GET /self.logs/access.log.2015-03-30.gz HTTP/1.1" 200 8021 "-" "python-requests/2.13.0" 
103.60.105.140 - - [06/May/2017:20:46:50 -0700] "GET /self.logs/access.log.2015-03-31.gz HTTP/1.1" 200 4085 "-" "python-requests/2.13.0" 
103.60.105.140 - - [06/May/2017:20:46:50 -0700] "GET /self.logs/access.log.2015-04-01.gz HTTP/1.1" 200 4863 "-" "python-requests/2.13.0" 
103.60.105.140 - - [06/May/2017:20:46:51 -0700] "GET /self.logs/access.log.2015-04-02.gz HTTP/1.1" 200 3322 "-" "python-requests/2.13.0" 
103.60.105.140 - - [06/May/2017:20:46:51 -0700] "GET /self.logs/access.log.2015-04-03.gz HTTP/1.1" 200 2354 "-" "python-requests/2.13.0" 
103.60.105.140 - - [06/May/2017:20:46:52 -0700] "GET /self.logs/access.log.2015-04-04.gz HTTP/1.1" 200 5354 "-" "python-requests/2.13.0" 
103.60.105.140 - - [06/May/2017:20:46:52 -0700] "GET /self.logs/access.log.2015-04-05.gz HTTP/1.1" 200 3524 "-" "python-requests/2.13.0" 
103.60.105.140 - - [06/May/2017:20:46:53 -0700] "GET /self.logs/access.log.2015-04-06.gz HTTP/1.1" 200 2747 "-" "python-requests/2.13.0" 
103.60.105.140 - - [06/May/2017:20:46:53 -0700] "GET /self.logs/access.log.2015-04-07.gz HTTP/1.1" 200 3452 "-" "python-requests/2.13.0" 
103.60.105.140 - - [06/May/2017:20:46:54 -0700] "GET /self.logs/access.log.2015-04-08.gz HTTP/1.1" 200 4100 "-" "python-requests/2.13.0" 
103.60.105.140 - - [06/May/2017:20:46:55 -0700] "GET /self.logs/access.log.2015-04-09.gz HTTP/1.1" 200 3615 "-" "python-requests/2.13.0" 
103.60.105.140 - - [06/May/2017:20:46:55 -0700] "GET /self.logs/access.log.2015-04-10.gz HTTP/1.1" 200 5946 "-" "python-requests/2.13.0" 
103.60.105.140 - - [06/May/2017:20:46:56 -0700] "GET /self.logs/access.log.2015-04-11.gz HTTP/1.1" 200 5538 "-" "python-requests/2.13.0" 
103.60.105.140 - - [06/May/2017:20:46:56 -0700] "GET /self.logs/access.log.2015-04-12.gz HTTP/1.1" 200 3110 "-" "python-requests/2.13.0" 
103.60.105.140 - - [06/May/2017:20:46:57 -0700] "GET /self.logs/access.log.2015-04-13.gz HTTP/1.1" 200 3715 "-" "python-requests/2.13.0" 
103.60.105.140 - - [06/May/2017:20:46:57 -0700] "GET /self.logs/access.log.2015-04-14.gz HTTP/1.1" 200 5065 "-" "python-requests/2.13.0" 
103.60.105.140 - - [06/May/2017:20:46:58 -0700] "GET /self.logs/access.log.2015-04-15.gz HTTP/1.1" 200 20734 "-" "python-requests/2.13.0" 
103.60.105.140 - - [06/May/2017:20:46:58 -0700] "GET /self.logs/access.log.2015-04-16.gz HTTP/1.1" 200 11936 "-" "python-requests/2.13.0" 
103.60.105.140 - - [06/May/2017:20:46:59 -0700] "GET /self.logs/access.log.2015-04-17.gz HTTP/1.1" 200 6217 "-" "python-requests/2.13.0" 
103.60.105.140 - - [06/May/2017:20:47:00 -0700] "GET /self.logs/access.log.2015-04-18.gz HTTP/1.1" 200 5726 "-" "python-requests/2.13.0" 
103.60.105.140 - - [06/May/2017:20:47:01 -0700] "GET /self.logs/access.log.2015-04-19.gz HTTP/1.1" 200 4845 "-" "python-requests/2.13.0" 
103.60.105.140 - - [06/May/2017:20:47:01 -0700] "GET /self.logs/access.log.2015-04-20.gz HTTP/1.1" 200 4242 "-" "python-requests/2.13.0" 
103.60.105.140 - - [06/May/2017:20:47:02 -0700] "GET /self.logs/access.log.2015-04-21.gz HTTP/1.1" 200 6723 "-" "python-requests/2.13.0" 
103.60.105.140 - - [06/May/2017:20:47:03 -0700] "GET /self.logs/access.log.2015-04-22.gz HTTP/1.1" 200 14722 "-" "python-requests/2.13.0" 
103.60.105.140 - - [06/May/2017:20:47:03 -0700] "GET /self.logs/access.log.2015-04-23.gz HTTP/1.1" 200 4246 "-" "python-requests/2.13.0" 
103.60.105.140 - - [06/May/2017:20:47:04 -0700] "GET /self.logs/access.log.2015-04-24.gz HTTP/1.1" 200 3722 "-" "python-requests/2.13.0" 
103.60.105.140 - - [06/May/2017:20:47:04 -0700] "GET /self.logs/access.log.2015-04-25.gz HTTP/1.1" 200 2858 "-" "python-requests/2.13.0" 
103.60.105.140 - - [06/May/2017:20:47:05 -0700] "GET /self.logs/access.log.2015-04-26.gz HTTP/1.1" 200 3890 "-" "python-requests/2.13.0" 
103.60.105.140 - - [06/May/2017:20:47:05 -0700] "GET /self.logs/access.log.2015-04-27.gz HTTP/1.1" 200 7332 "-" "python-requests/2.13.0" 
103.60.105.140 - - [06/May/2017:20:47:06 -0700] "GET /self.logs/access.log.2015-04-28.gz HTTP/1.1" 200 9531 "-" "python-requests/2.13.0" 
103.60.105.140 - - [06/May/2017:20:47:06 -0700] "GET /self.logs/access.log.2015-04-29.gz HTTP/1.1" 200 5237 "-" "python-requests/2.13.0" 
103.60.105.140 - - [06/May/2017:20:47:07 -0700] "GET /self.logs/access.log.2015-04-30.gz HTTP/1.1" 200 5852 "-" "python-requests/2.13.0" 
103.60.105.140 - - [06/May/2017:20:47:07 -0700] "GET /self.logs/access.log.2015-05-01.gz HTTP/1.1" 200 4487 "-" "python-requests/2.13.0" 
103.60.105.140 - - [06/May/2017:20:47:08 -0700] "GET /self.logs/access.log.2015-05-02.gz HTTP/1.1" 200 4163 "-" "python-requests/2.13.0" 
103.60.105.140 - - [06/May/2017:20:47:08 -0700] "GET /self.logs/access.log.2015-05-03.gz HTTP/1.1" 200 3148 "-" "python-requests/2.13.0" 
