141.8.143.219 - - [17/Apr/2016:15:21:53 -0700] "GET /honeypot/Honeypot%20-%20Howto%20-%20BSides%20Austin.pdf HTTP/1.1" 200 2928460 "-" "Mozilla/5.0 (compatible; YandexBot/3.0; +http://yandex.com/bots)" 
117.190.191.170 - - [17/Apr/2016:15:27:47 -0700] "GET /tg/a.zip HTTP/1.1" 304 132 "-" "Mozilla/5.0 Gecko/20100115 Firefox/3.6" 
141.8.143.159 - - [17/Apr/2016:15:35:18 -0700] "GET /honeypot/Honeypot%20-%20Howto.pdf HTTP/1.1" 200 1279417 "-" "Mozilla/5.0 (compatible; YandexBot/3.0; +http://yandex.com/bots)" 
117.177.241.60 - - [17/Apr/2016:15:51:36 -0700] "GET /tg/a.zip HTTP/1.1" 304 132 "-" "Mozilla/5.0 Gecko/20100115 Firefox/3.6" 
40.77.167.56 - - [17/Apr/2016:15:58:23 -0700] "GET /self.logs/error.log.2015-08-09.gz HTTP/1.1" 200 838 "-" "Mozilla/5.0 (compatible; bingbot/2.0; +http://www.bing.com/bingbot.htm)" 
111.23.4.148 - - [17/Apr/2016:16:04:53 -0700] "GET /tg/a.zip HTTP/1.1" 304 132 "-" "Mozilla/5.0 Gecko/20100115 Firefox/3.6" 
51.255.65.52 - - [17/Apr/2016:16:23:23 -0700] "GET /self.logs/access.log.2015-06-13.gz HTTP/1.1" 200 3559 "-" "Mozilla/5.0 (compatible; AhrefsBot/5.1; +http://ahrefs.com/robot/)" 
109.110.70.166 - - [17/Apr/2016:16:27:06 -0700] "GET /honeypot/BSidesDFW%20-%202014.ipynb'A=0 HTTP/1.1" 404 340 "http://www.secrepo.com/honeypot/BSidesDFW%20-%202014.ipynb'A=0" "Mozilla/5.0 (Windows; U; Windows NT 5.1; pt-PT; rv:1.9.1.2) Gecko/20090729 Firefox/3.5.2 (.NET CLR 3.5.30729)" 
109.110.70.166 - - [17/Apr/2016:16:27:06 -0700] "GET /honeypot/BSidesDFW%20-%202014.ipynb'A=0 HTTP/1.1" 404 284 "http://www.secrepo.com/honeypot/BSidesDFW%20-%202014.ipynb'A=0" "Mozilla/5.0 (Windows; U; Windows NT 5.1; pt-PT; rv:1.9.1.2) Gecko/20090729 Firefox/3.5.2 (.NET CLR 3.5.30729)" 
109.110.70.166 - - [17/Apr/2016:16:27:06 -0700] "GET /honeypot/BSidesDFW%20-%202014.ipynb'A=0 HTTP/1.1" 404 284 "http://www.secrepo.com/honeypot/BSidesDFW%20-%202014.ipynb'A=0" "Mozilla/5.0 (Windows; U; Windows NT 5.1; pt-PT; rv:1.9.1.2) Gecko/20090729 Firefox/3.5.2 (.NET CLR 3.5.30729)" 
109.110.70.166 - - [17/Apr/2016:16:27:06 -0700] "GET /honeypot/BSidesDFW%20-%202014.ipynb'A=0 HTTP/1.1" 404 284 "http://www.secrepo.com/honeypot/BSidesDFW%20-%202014.ipynb'A=0" "Mozilla/5.0 (Windows; U; Windows NT 5.1; pt-PT; rv:1.9.1.2) Gecko/20090729 Firefox/3.5.2 (.NET CLR 3.5.30729)" 
109.110.70.166 - - [17/Apr/2016:16:27:07 -0700] "GET /honeypot/BSidesDFW%20-%202014.ipynb'A=0 HTTP/1.1" 404 284 "http://www.secrepo.com/honeypot/BSidesDFW%20-%202014.ipynb'A=0" "Mozilla/5.0 (Windows; U; Windows NT 5.1; pt-PT; rv:1.9.1.2) Gecko/20090729 Firefox/3.5.2 (.NET CLR 3.5.30729)" 
109.110.70.166 - - [17/Apr/2016:16:27:07 -0700] "GET /honeypot/BSidesDFW%20-%202014.ipynb'A=0 HTTP/1.1" 404 284 "http://www.secrepo.com/honeypot/BSidesDFW%20-%202014.ipynb'A=0" "Mozilla/5.0 (Windows; U; Windows NT 5.1; pt-PT; rv:1.9.1.2) Gecko/20090729 Firefox/3.5.2 (.NET CLR 3.5.30729)" 
51.255.65.4 - - [17/Apr/2016:16:28:55 -0700] "GET /self.logs/error.log.2015-08-02.gz HTTP/1.1" 200 648 "-" "Mozilla/5.0 (compatible; AhrefsBot/5.1; +http://ahrefs.com/robot/)" 
123.125.71.80 - - [17/Apr/2016:16:30:26 -0700] "GET / HTTP/1.1" 304 152 "-" "Mozilla/5.0 (compatible; Baiduspider/2.0; +http://www.baidu.com/search/spider.html)" 
68.180.230.88 - - [17/Apr/2016:16:32:08 -0700] "GET /self.logs/access.log.2015-08-01.gz HTTP/1.1" 200 3653 "-" "Mozilla/5.0 (compatible; Yahoo! Slurp; http://help.yahoo.com/help/us/ysearch/slurp)" 
115.248.191.25 - - [17/Apr/2016:16:46:32 -0700] "GET / HTTP/1.1" 200 8801 "-" "Mozilla/5.0 (Windows NT 6.3; WOW64) AppleWebKit/537.36 (KHTML, like Gecko) Chrome/49.0.2623.112 Safari/537.36" 
115.248.191.25 - - [17/Apr/2016:16:46:33 -0700] "GET /twitter-icon.png HTTP/1.1" 200 27787 "http://www.secrepo.com/" "Mozilla/5.0 (Windows NT 6.3; WOW64) AppleWebKit/537.36 (KHTML, like Gecko) Chrome/49.0.2623.112 Safari/537.36" 
115.248.191.25 - - [17/Apr/2016:16:46:33 -0700] "GET /GitHub-Mark.png HTTP/1.1" 200 7428 "http://www.secrepo.com/" "Mozilla/5.0 (Windows NT 6.3; WOW64) AppleWebKit/537.36 (KHTML, like Gecko) Chrome/49.0.2623.112 Safari/537.36" 
115.248.191.25 - - [17/Apr/2016:16:46:36 -0700] "GET /bootstrap/img/favicon.ico HTTP/1.1" 200 590 "http://www.secrepo.com/" "Mozilla/5.0 (Windows NT 6.3; WOW64) AppleWebKit/537.36 (KHTML, like Gecko) Chrome/49.0.2623.112 Safari/537.36" 
40.77.167.25 - - [17/Apr/2016:16:58:07 -0700] "GET /self.logs/access.log.2015-07-18.gz HTTP/1.1" 200 5223 "-" "Mozilla/5.0 (compatible; bingbot/2.0; +http://www.bing.com/bingbot.htm)" 
202.196.63.124 - - [17/Apr/2016:17:05:38 -0700] "GET /favicon.ico HTTP/1.1" 200 268 "-" "Mozilla/5.0 (Windows; U; MSIE 6.0; Windows NT 5.1; SV1; .NET CLR 2.0.50727; BIDUBrowser 7.6)" 
202.196.63.124 - - [17/Apr/2016:17:05:39 -0700] "GET / HTTP/1.1" 200 28956 "-" "Mozilla/5.0 (Windows; U; MSIE 6.0; Windows NT 5.1; SV1; .NET CLR 2.0.50727; BIDUBrowser 7.6)" 
202.196.63.124 - - [17/Apr/2016:17:05:39 -0700] "GET /bootstrap/img/favicon.ico HTTP/1.1" 304 164 "-" "Mozilla/5.0 (Windows; U; MSIE 6.0; Windows NT 5.1; SV1; .NET CLR 2.0.50727; BIDUBrowser 7.6)" 
202.196.63.124 - - [17/Apr/2016:17:05:39 -0700] "GET /favicon.ico HTTP/1.1" 200 267 "-" "Mozilla/5.0 (Windows; U; MSIE 6.0; Windows NT 5.1; SV1; .NET CLR 2.0.50727; BIDUBrowser 7.6)" 
202.196.63.124 - - [17/Apr/2016:17:05:40 -0700] "GET / HTTP/1.1" 200 28956 "-" "Mozilla/5.0 (Windows; U; MSIE 6.0; Windows NT 5.1; SV1; .NET CLR 2.0.50727; BIDUBrowser 7.6)" 
202.196.63.124 - - [17/Apr/2016:17:05:40 -0700] "GET /bootstrap/img/favicon.ico HTTP/1.1" 304 164 "-" "Mozilla/5.0 (Windows; U; MSIE 6.0; Windows NT 5.1; SV1; .NET CLR 2.0.50727; BIDUBrowser 7.6)" 
111.7.128.40 - - [17/Apr/2016:17:16:30 -0700] "GET /tg/a.zip HTTP/1.1" 304 132 "-" "Mozilla/5.0 Gecko/20100115 Firefox/3.6" 
111.23.10.33 - - [17/Apr/2016:17:18:33 -0700] "GET /tg/a.zip HTTP/1.1" 304 132 "-" "Mozilla/5.0 Gecko/20100115 Firefox/3.6" 
211.137.56.172 - - [17/Apr/2016:17:21:45 -0700] "GET /tg/a.zip HTTP/1.1" 304 132 "-" "Mozilla/5.0 Gecko/20100115 Firefox/3.6" 
40.77.167.86 - - [17/Apr/2016:17:25:48 -0700] "GET /self.logs/access.log.2015-08-18.gz HTTP/1.1" 200 10631 "-" "Mozilla/5.0 (compatible; bingbot/2.0; +http://www.bing.com/bingbot.htm)" 
68.180.230.88 - - [17/Apr/2016:18:09:46 -0700] "GET /self.logs/access.log.2015-05-23.gz HTTP/1.1" 200 3818 "-" "Mozilla/5.0 (compatible; Yahoo! Slurp; http://help.yahoo.com/help/us/ysearch/slurp)" 
164.132.161.96 - - [17/Apr/2016:18:19:27 -0700] "GET /self.logs/access.log.2015-03-22.gz HTTP/1.1" 200 3623 "-" "Mozilla/5.0 (compatible; AhrefsBot/5.1; +http://ahrefs.com/robot/)" 
117.190.191.170 - - [17/Apr/2016:18:27:47 -0700] "GET /tg/a.zip HTTP/1.1" 304 132 "-" "Mozilla/5.0 Gecko/20100115 Firefox/3.6" 
40.77.167.25 - - [17/Apr/2016:18:30:50 -0700] "GET /self.logs/access.log.2015-06-21.gz HTTP/1.1" 200 10058 "-" "Mozilla/5.0 (compatible; bingbot/2.0; +http://www.bing.com/bingbot.htm)" 
117.177.241.60 - - [17/Apr/2016:18:51:38 -0700] "GET /tg/a.zip HTTP/1.1" 304 132 "-" "Mozilla/5.0 Gecko/20100115 Firefox/3.6" 
111.23.4.148 - - [17/Apr/2016:19:05:07 -0700] "GET /tg/a.zip HTTP/1.1" 304 132 "-" "Mozilla/5.0 Gecko/20100115 Firefox/3.6" 
209.126.127.49 - - [17/Apr/2016:19:07:41 -0700] "GET /robots.txt HTTP/1.0" 301 481 "-" "Mozilla/5.0 (compatible; MJ12bot/v1.4.5; http://www.majestic12.co.uk/bot.php?+)" 
209.126.127.49 - - [17/Apr/2016:19:07:42 -0700] "GET /robots.txt HTTP/1.0" 200 252 "-" "Mozilla/5.0 (compatible; MJ12bot/v1.4.5; http://www.majestic12.co.uk/bot.php?+)" 
209.126.127.49 - - [17/Apr/2016:19:07:43 -0700] "GET /honeypot/BSidesDFW%20-%202014.ipynb HTTP/1.0" 301 523 "-" "Mozilla/5.0 (compatible; MJ12bot/v1.4.5; http://www.majestic12.co.uk/bot.php?+)" 
209.126.127.49 - - [17/Apr/2016:19:07:45 -0700] "GET /robots.txt HTTP/1.0" 200 252 "-" "Mozilla/5.0 (compatible; MJ12bot/v1.4.5; http://www.majestic12.co.uk/bot.php?+)" 
209.126.127.49 - - [17/Apr/2016:19:07:47 -0700] "GET /honeypot/BSidesDFW%20-%202014.ipynb HTTP/1.0" 200 332880 "-" "Mozilla/5.0 (compatible; MJ12bot/v1.4.5; http://www.majestic12.co.uk/bot.php?+)" 
114.98.227.213 - - [17/Apr/2016:19:13:46 -0700] "GET /squid/access.log.gz HTTP/1.1" 200 322362 "-" "Mozilla/5.0 (Windows NT 6.1; Trident/7.0; rv:11.0) like Gecko" 
114.98.227.213 - - [17/Apr/2016:19:14:08 -0700] "POST /squid/access.log.gz/trackback/ HTTP/1.1" 404 303 "http://www.secrepo.com/squid/access.log.gz" "Mozilla/5.0 (Windows NT 6.1; Trident/7.0; rv:11.0) like Gecko" 
82.242.141.157 - - [17/Apr/2016:19:14:23 -0700] "GET /self.logs/ HTTP/1.1" 200 9569 "http://www.google.fr/search?q=intitle:%22index+of%22+access.log&hl=fr&biw=800&bih=470&prmd=ivns&ei=RD0UV676G4b5aK2ar-gP&start=10&sa=N" "Mozilla/5.0 (Windows; U; Windows NT 5.1; fr; rv:1.9.2.3) Gecko/20100401 Firefox/3.6.3" 
82.242.141.157 - - [17/Apr/2016:19:14:24 -0700] "GET /favicon.ico HTTP/1.1" 200 267 "-" "Mozilla/5.0 (Windows; U; Windows NT 5.1; fr; rv:1.9.2.3) Gecko/20100401 Firefox/3.6.3" 
151.80.31.172 - - [17/Apr/2016:19:14:48 -0700] "GET /self.logs/access.log.2016-03-24.gz HTTP/1.1" 200 11178 "-" "Mozilla/5.0 (compatible; AhrefsBot/5.1; +http://ahrefs.com/robot/)" 
180.76.15.33 - - [17/Apr/2016:19:18:32 -0700] "GET /tg/tg_snort_full.7z HTTP/1.1" 200 760660 "-" "Mozilla/5.0 (compatible; Baiduspider/2.0; +http://www.baidu.com/search/spider.html)" 
51.255.65.6 - - [17/Apr/2016:19:22:02 -0700] "GET /self.logs/access.log.2015-10-29.gz HTTP/1.1" 200 5280 "-" "Mozilla/5.0 (compatible; AhrefsBot/5.1; +http://ahrefs.com/robot/)" 
164.132.161.47 - - [17/Apr/2016:19:30:30 -0700] "GET /self.logs/error.log.2016-03-12.gz HTTP/1.1" 200 687 "-" "Mozilla/5.0 (compatible; AhrefsBot/5.1; +http://ahrefs.com/robot/)" 
164.132.161.3 - - [17/Apr/2016:19:32:02 -0700] "GET /self.logs/error.log.2016-04-03.gz HTTP/1.1" 200 581 "-" "Mozilla/5.0 (compatible; AhrefsBot/5.1; +http://ahrefs.com/robot/)" 
40.77.167.56 - - [17/Apr/2016:19:33:01 -0700] "GET /self.logs/error.log.2016-01-10.gz HTTP/1.1" 200 938 "-" "Mozilla/5.0 (compatible; bingbot/2.0; +http://www.bing.com/bingbot.htm)" 
98.69.222.21 - - [17/Apr/2016:19:39:33 -0700] "GET / HTTP/1.1" 200 8801 "https://www.google.com/" "Mozilla/5.0 (Macintosh; Intel Mac OS X 10_9_5) AppleWebKit/601.5.17 (KHTML, like Gecko) Version/9.1 Safari/537.86.5" 
98.69.222.21 - - [17/Apr/2016:19:39:33 -0700] "GET /twitter-icon.png HTTP/1.1" 200 27787 "http://www.secrepo.com/" "Mozilla/5.0 (Macintosh; Intel Mac OS X 10_9_5) AppleWebKit/601.5.17 (KHTML, like Gecko) Version/9.1 Safari/537.86.5" 
98.69.222.21 - - [17/Apr/2016:19:39:33 -0700] "GET /GitHub-Mark.png HTTP/1.1" 200 7428 "http://www.secrepo.com/" "Mozilla/5.0 (Macintosh; Intel Mac OS X 10_9_5) AppleWebKit/601.5.17 (KHTML, like Gecko) Version/9.1 Safari/537.86.5" 
98.69.222.21 - - [17/Apr/2016:19:39:39 -0700] "GET /bootstrap/img/favicon.ico HTTP/1.1" 200 590 "http://www.secrepo.com/" "Mozilla/5.0 (Macintosh; Intel Mac OS X 10_9_5) AppleWebKit/601.5.17 (KHTML, like Gecko) Version/9.1 Safari/537.86.5" 
40.77.167.25 - - [17/Apr/2016:19:48:59 -0700] "GET /self.logs/error.log.2015-09-14.gz HTTP/1.1" 200 1041 "-" "Mozilla/5.0 (compatible; bingbot/2.0; +http://www.bing.com/bingbot.htm)" 
66.249.64.129 - - [17/Apr/2016:19:50:23 -0700] "GET / HTTP/1.1" 200 8801 "-" "Mozilla/5.0 (iPhone; CPU iPhone OS 8_3 like Mac OS X) AppleWebKit/600.1.4 (KHTML, like Gecko) Version/8.0 Mobile/12F70 Safari/600.1.4 (compatible; Googlebot/2.1; +http://www.google.com/bot.html)" 
157.55.39.20 - - [17/Apr/2016:20:03:21 -0700] "GET /self.logs/error.log.2015-09-29.gz HTTP/1.1" 200 672 "-" "Mozilla/5.0 (compatible; bingbot/2.0; +http://www.bing.com/bingbot.htm)" 
40.77.167.56 - - [17/Apr/2016:20:06:03 -0700] "GET /self.logs/error.log.2016-02-01.gz HTTP/1.1" 200 814 "-" "Mozilla/5.0 (compatible; bingbot/2.0; +http://www.bing.com/bingbot.htm)" 
151.80.31.175 - - [17/Apr/2016:20:06:57 -0700] "GET /self.logs/access.log.2015-08-24.gz HTTP/1.1" 200 22767 "-" "Mozilla/5.0 (compatible; AhrefsBot/5.1; +http://ahrefs.com/robot/)" 
40.77.167.86 - - [17/Apr/2016:20:11:01 -0700] "GET / HTTP/1.1" 301 483 "-" "Mozilla/5.0 (compatible; bingbot/2.0; +http://www.bing.com/bingbot.htm)" 
157.55.39.20 - - [17/Apr/2016:20:11:11 -0700] "GET /self.logs/access.log.2016-02-12.gz HTTP/1.1" 200 9269 "-" "Mozilla/5.0 (compatible; bingbot/2.0; +http://www.bing.com/bingbot.htm)" 
40.77.167.86 - - [17/Apr/2016:20:14:17 -0700] "GET / HTTP/1.1" 200 8801 "-" "Mozilla/5.0 (compatible; bingbot/2.0; +http://www.bing.com/bingbot.htm)" 
111.7.128.40 - - [17/Apr/2016:20:16:31 -0700] "GET /tg/a.zip HTTP/1.1" 304 132 "-" "Mozilla/5.0 Gecko/20100115 Firefox/3.6" 
111.23.10.33 - - [17/Apr/2016:20:18:38 -0700] "GET /tg/a.zip HTTP/1.1" 304 132 "-" "Mozilla/5.0 Gecko/20100115 Firefox/3.6" 
211.137.56.172 - - [17/Apr/2016:20:21:53 -0700] "GET /tg/a.zip HTTP/1.1" 304 132 "-" "Mozilla/5.0 Gecko/20100115 Firefox/3.6" 
68.180.230.88 - - [17/Apr/2016:20:32:39 -0700] "GET /self.logs/error.log.2015-10-17.gz HTTP/1.1" 200 775 "-" "Mozilla/5.0 (compatible; Yahoo! Slurp; http://help.yahoo.com/help/us/ysearch/slurp)" 
68.180.230.165 - - [17/Apr/2016:20:51:28 -0700] "GET /robots.txt HTTP/1.1" 301 462 "-" "Mozilla/5.0 (compatible; Yahoo! Slurp; http://help.yahoo.com/help/us/ysearch/slurp)" 
68.180.230.165 - - [17/Apr/2016:20:51:28 -0700] "GET /robots.txt HTTP/1.1" 200 233 "-" "Mozilla/5.0 (compatible; Yahoo! Slurp; http://help.yahoo.com/help/us/ysearch/slurp)" 
68.180.230.165 - - [17/Apr/2016:20:51:28 -0700] "GET / HTTP/1.1" 301 427 "-" "Mozilla/5.0 (compatible; Yahoo! Slurp; http://help.yahoo.com/help/us/ysearch/slurp)" 
68.180.230.88 - - [17/Apr/2016:20:51:47 -0700] "GET / HTTP/1.1" 200 8745 "-" "Mozilla/5.0 (compatible; Yahoo! Slurp; http://help.yahoo.com/help/us/ysearch/slurp)" 
151.80.44.115 - - [17/Apr/2016:20:57:31 -0700] "GET /robots.txt HTTP/1.0" 200 252 "-" "Mozilla/5.0 (compatible; MJ12bot/v1.4.5; http://www.majestic12.co.uk/bot.php?+)" 
151.80.44.115 - - [17/Apr/2016:20:57:33 -0700] "GET /honeypot/BSidesDFW%20-%202014.ipynb HTTP/1.0" 200 454060 "-" "Mozilla/5.0 (compatible; MJ12bot/v1.4.5; http://www.majestic12.co.uk/bot.php?+)" 
151.80.44.115 - - [17/Apr/2016:20:57:35 -0700] "GET /robots.txt HTTP/1.0" 200 297 "-" "Mozilla/5.0 (compatible; MJ12bot/v1.4.5; http://www.majestic12.co.uk/bot.php?+)" 
151.80.44.115 - - [17/Apr/2016:20:57:37 -0700] "GET /self.logs/?C=D;O=A HTTP/1.0" 200 9532 "-" "Mozilla/5.0 (compatible; MJ12bot/v1.4.5; http://www.majestic12.co.uk/bot.php?+)" 
5.189.130.68 - - [17/Apr/2016:21:06:23 -0700] "GET / HTTP/1.1" 200 8801 "http://www.secrepo.com/" "Mozilla/5.0 (Macintosh; Intel Mac OS X 10.9; rv:35.0) Gecko/20100101 Firefox/35.0" 
5.189.130.68 - - [17/Apr/2016:21:06:23 -0700] "GET /ftp://download.iwlab.foi.se/dataset/ HTTP/1.1" 404 339 "http://www.secrepo.com/" "Mozilla/5.0 (Macintosh; Intel Mac OS X 10.9; rv:35.0) Gecko/20100101 Firefox/35.0" 
5.189.130.68 - - [17/Apr/2016:21:06:23 -0700] "GET / HTTP/1.1" 200 8800 "http://www.secrepo.com/" "Mozilla/5.0 (Macintosh; Intel Mac OS X 10.9; rv:35.0) Gecko/20100101 Firefox/35.0" 
210.114.95.21 - - [17/Apr/2016:21:07:21 -0700] "GET / HTTP/1.1" 200 8801 "https://www.google.co.kr/" "Mozilla/5.0 (Windows NT 6.1; WOW64) AppleWebKit/537.36 (KHTML, like Gecko) Chrome/49.0.2623.112 Safari/537.36" 
210.114.95.21 - - [17/Apr/2016:21:07:21 -0700] "GET /twitter-icon.png HTTP/1.1" 200 27787 "http://www.secrepo.com/" "Mozilla/5.0 (Windows NT 6.1; WOW64) AppleWebKit/537.36 (KHTML, like Gecko) Chrome/49.0.2623.112 Safari/537.36" 
210.114.95.21 - - [17/Apr/2016:21:07:22 -0700] "GET /GitHub-Mark.png HTTP/1.1" 200 7428 "http://www.secrepo.com/" "Mozilla/5.0 (Windows NT 6.1; WOW64) AppleWebKit/537.36 (KHTML, like Gecko) Chrome/49.0.2623.112 Safari/537.36" 
210.114.95.21 - - [17/Apr/2016:21:07:23 -0700] "GET /bootstrap/img/favicon.ico HTTP/1.1" 200 589 "http://www.secrepo.com/" "Mozilla/5.0 (Windows NT 6.1; WOW64) AppleWebKit/537.36 (KHTML, like Gecko) Chrome/49.0.2623.112 Safari/537.36" 
123.125.71.57 - - [17/Apr/2016:21:17:31 -0700] "GET /robots.txt HTTP/1.1" 200 297 "-" "Mozilla/5.0 (compatible; Baiduspider/2.0; +http://www.baidu.com/search/spider.html)" 
178.137.90.202 - - [17/Apr/2016:21:18:40 -0700] "GET /honeypot/ HTTP/1.1" 200 1077 "http://zarabotat-na-sajte.ru/" "Mozilla/4.0 (compatible; MSIE 6.0; Windows NT 5.1; SV1; .NET CLR 1.1.4322; XMPP Tiscali Communicator v.10.0.2; .NET CLR 2.0.50727)" 
178.137.90.202 - - [17/Apr/2016:21:18:42 -0700] "GET /honeypot/ HTTP/1.1" 200 1077 "http://zarabotat-na-sajte.ru/" "Mozilla/4.0 (compatible; MSIE 6.0; Windows NT 5.1; SV1; .NET CLR 1.1.4322; XMPP Tiscali Communicator v.10.0.2; .NET CLR 2.0.50727)" 
178.137.90.202 - - [17/Apr/2016:21:18:42 -0700] "GET /honeypot/ HTTP/1.1" 200 1077 "http://zarabotat-na-sajte.ru/" "Mozilla/4.0 (compatible; MSIE 6.0; Windows NT 5.1; SV1; .NET CLR 1.1.4322; XMPP Tiscali Communicator v.10.0.2; .NET CLR 2.0.50727)" 
123.125.71.83 - - [17/Apr/2016:21:20:31 -0700] "GET / HTTP/1.1" 304 152 "-" "Mozilla/5.0 (compatible; Baiduspider/2.0; +http://www.baidu.com/search/spider.html)" 
146.20.68.17 - - [17/Apr/2016:21:22:59 -0700] "GET /robots.txt HTTP/1.1" 301 446 "-" "Tornado-Async-Client" 
146.20.68.17 - - [17/Apr/2016:21:22:59 -0700] "GET /robots.txt HTTP/1.1" 200 304 "-" "Tornado-Async-Client" 
146.20.68.17 - - [17/Apr/2016:21:22:59 -0700] "GET /honeypot HTTP/1.1" 301 439 "-" "Tornado-Async-Client" 
146.20.68.17 - - [17/Apr/2016:21:22:59 -0700] "GET /honeypot HTTP/1.1" 301 441 "-" "Tornado-Async-Client" 
146.20.68.17 - - [17/Apr/2016:21:22:59 -0700] "GET /honeypot/ HTTP/1.1" 200 618 "-" "Tornado-Async-Client" 
146.20.68.17 - - [17/Apr/2016:21:23:06 -0700] "GET /robots.txt HTTP/1.1" 301 446 "-" "Tornado-Async-Client" 
146.20.68.17 - - [17/Apr/2016:21:23:06 -0700] "GET /robots.txt HTTP/1.1" 304 130 "-" "Tornado-Async-Client" 
146.20.68.17 - - [17/Apr/2016:21:23:06 -0700] "GET /honeypot/BSidesDFW%20-%202014.ipynb HTTP/1.1" 301 484 "-" "Tornado-Async-Client" 
146.20.68.17 - - [17/Apr/2016:21:23:06 -0700] "GET /honeypot/BSidesDFW%20-%202014.ipynb HTTP/1.1" 200 930780 "-" "Tornado-Async-Client" 
146.20.68.17 - - [17/Apr/2016:21:23:48 -0700] "GET /robots.txt HTTP/1.1" 301 446 "-" "Tornado-Async-Client" 
146.20.68.17 - - [17/Apr/2016:21:23:48 -0700] "GET /robots.txt HTTP/1.1" 304 130 "-" "Tornado-Async-Client" 
146.20.68.17 - - [17/Apr/2016:21:23:48 -0700] "GET /honeypot/BSidesDFW%20-%202015.ipynb HTTP/1.1" 301 485 "-" "Tornado-Async-Client" 
146.20.68.17 - - [17/Apr/2016:21:23:48 -0700] "GET /honeypot/BSidesDFW%20-%202015.ipynb HTTP/1.1" 404 284 "-" "Tornado-Async-Client" 
128.184.132.73 - - [17/Apr/2016:21:24:41 -0700] "GET / HTTP/1.1" 200 8801 "https://www.google.com.au/" "Mozilla/5.0 (Windows NT 6.1; WOW64) AppleWebKit/537.36 (KHTML, like Gecko) Chrome/49.0.2623.110 Safari/537.36" 
128.184.132.73 - - [17/Apr/2016:21:24:42 -0700] "GET /GitHub-Mark.png HTTP/1.1" 200 7427 "http://www.secrepo.com/" "Mozilla/5.0 (Windows NT 6.1; WOW64) AppleWebKit/537.36 (KHTML, like Gecko) Chrome/49.0.2623.110 Safari/537.36" 
128.184.132.73 - - [17/Apr/2016:21:24:42 -0700] "GET /twitter-icon.png HTTP/1.1" 200 27788 "http://www.secrepo.com/" "Mozilla/5.0 (Windows NT 6.1; WOW64) AppleWebKit/537.36 (KHTML, like Gecko) Chrome/49.0.2623.110 Safari/537.36" 
128.184.132.73 - - [17/Apr/2016:21:24:43 -0700] "GET /bootstrap/img/favicon.ico HTTP/1.1" 200 589 "http://www.secrepo.com/" "Mozilla/5.0 (Windows NT 6.1; WOW64) AppleWebKit/537.36 (KHTML, like Gecko) Chrome/49.0.2623.110 Safari/537.36" 
117.190.191.170 - - [17/Apr/2016:21:27:47 -0700] "GET /tg/a.zip HTTP/1.1" 304 132 "-" "Mozilla/5.0 Gecko/20100115 Firefox/3.6" 
202.196.63.123 - - [17/Apr/2016:21:30:00 -0700] "GET /favicon.ico HTTP/1.1" 200 268 "-" "Mozilla/5.0 (Windows; U; MSIE 6.0; Windows NT 5.1; SV1; .NET CLR 2.0.50727; BIDUBrowser 7.6)" 
202.196.63.123 - - [17/Apr/2016:21:30:00 -0700] "GET / HTTP/1.1" 200 28956 "-" "Mozilla/5.0 (Windows; U; MSIE 6.0; Windows NT 5.1; SV1; .NET CLR 2.0.50727; BIDUBrowser 7.6)" 
202.196.63.123 - - [17/Apr/2016:21:30:01 -0700] "GET /bootstrap/img/favicon.ico HTTP/1.1" 304 164 "-" "Mozilla/5.0 (Windows; U; MSIE 6.0; Windows NT 5.1; SV1; .NET CLR 2.0.50727; BIDUBrowser 7.6)" 
202.196.63.123 - - [17/Apr/2016:21:30:01 -0700] "GET /favicon.ico HTTP/1.1" 200 267 "-" "Mozilla/5.0 (Windows; U; MSIE 6.0; Windows NT 5.1; SV1; .NET CLR 2.0.50727; BIDUBrowser 7.6)" 
202.196.63.123 - - [17/Apr/2016:21:30:01 -0700] "GET / HTTP/1.1" 200 28956 "-" "Mozilla/5.0 (Windows; U; MSIE 6.0; Windows NT 5.1; SV1; .NET CLR 2.0.50727; BIDUBrowser 7.6)" 
202.196.63.123 - - [17/Apr/2016:21:30:02 -0700] "GET /bootstrap/img/favicon.ico HTTP/1.1" 304 164 "-" "Mozilla/5.0 (Windows; U; MSIE 6.0; Windows NT 5.1; SV1; .NET CLR 2.0.50727; BIDUBrowser 7.6)" 
202.196.63.123 - - [17/Apr/2016:21:40:08 -0700] "GET /favicon.ico HTTP/1.1" 200 268 "-" "Mozilla/5.0 (Windows; U; MSIE 6.0; Windows NT 5.1; SV1; .NET CLR 2.0.50727; BIDUBrowser 7.6)" 
202.196.63.123 - - [17/Apr/2016:21:40:08 -0700] "GET / HTTP/1.1" 200 28956 "-" "Mozilla/5.0 (Windows; U; MSIE 6.0; Windows NT 5.1; SV1; .NET CLR 2.0.50727; BIDUBrowser 7.6)" 
202.196.63.123 - - [17/Apr/2016:21:40:09 -0700] "GET /bootstrap/img/favicon.ico HTTP/1.1" 304 164 "-" "Mozilla/5.0 (Windows; U; MSIE 6.0; Windows NT 5.1; SV1; .NET CLR 2.0.50727; BIDUBrowser 7.6)" 
163.172.14.136 - - [17/Apr/2016:21:48:53 -0700] "GET /auth.log/auth.log.gz HTTP/1.1" 200 554468 "http://www.secrepo.com" "Mozilla/5.0 (compatible; Googlebot/2.1; +http://www.google.com/bot.html)" 
128.184.132.73 - - [17/Apr/2016:21:47:44 -0700] "GET /Security-Data-Analysis/Lab_1/conn.log.zip HTTP/1.1" 200 549098528 "http://www.secrepo.com/" "Mozilla/5.0 (Windows NT 6.1; WOW64) AppleWebKit/537.36 (KHTML, like Gecko) Chrome/49.0.2623.110 Safari/537.36" 
117.177.241.60 - - [17/Apr/2016:21:51:39 -0700] "GET /tg/a.zip HTTP/1.1" 304 132 "-" "Mozilla/5.0 Gecko/20100115 Firefox/3.6" 
40.77.167.25 - - [17/Apr/2016:22:01:11 -0700] "GET /self.logs/access.log.2015-07-30.gz HTTP/1.1" 200 4095 "-" "Mozilla/5.0 (compatible; bingbot/2.0; +http://www.bing.com/bingbot.htm)" 
111.23.4.148 - - [17/Apr/2016:22:05:08 -0700] "GET /tg/a.zip HTTP/1.1" 304 132 "-" "Mozilla/5.0 Gecko/20100115 Firefox/3.6" 
193.164.216.238 - - [17/Apr/2016:22:21:08 -0700] "GET /robots.txt HTTP/1.0" 200 289 "-" "Mozilla/5.0 (compatible; MJ12bot/v1.4.5; http://www.majestic12.co.uk/bot.php?+)" 
193.164.216.238 - - [17/Apr/2016:22:21:10 -0700] "GET /honeypot//%22http://amunhoney.sourceforge.net//%22 HTTP/1.1" 404 239 "-" "Mozilla/5.0 (compatible; MJ12bot/v1.4.5; http://www.majestic12.co.uk/bot.php?+)" 
193.164.216.238 - - [17/Apr/2016:22:21:11 -0700] "GET /honeypot//%22http://glastopf.org//%22 HTTP/1.1" 404 284 "-" "Mozilla/5.0 (compatible; MJ12bot/v1.4.5; http://www.majestic12.co.uk/bot.php?+)" 
193.164.216.238 - - [17/Apr/2016:22:21:13 -0700] "GET /honeypot//%22http://www.maxmind.com/%22 HTTP/1.1" 404 284 "-" "Mozilla/5.0 (compatible; MJ12bot/v1.4.5; http://www.majestic12.co.uk/bot.php?+)" 
91.200.12.143 - - [17/Apr/2016:22:22:30 -0700] "GET /honeypot/BSidesDFW%20-%202014.ipynb HTTP/1.0" 200 930799 "http://www.secrepo.com/honeypot/BSidesDFW%20-%202014.ipynb" "Mozilla/5.0 (Windows NT 6.3; WOW64) AppleWebKit/537.36 (KHTML, like Gecko) Chrome/48.0.2564.109 Safari/537.36" 
221.147.135.226 - - [17/Apr/2016:22:30:02 -0700] "GET / HTTP/1.1" 200 8801 "http://www.mlsecproject.org/" "Mozilla/5.0 (Windows NT 6.1; Win64; x64; Trident/7.0; rv:11.0) like Gecko" 
221.147.135.226 - - [17/Apr/2016:22:30:02 -0700] "GET /twitter-icon.png HTTP/1.1" 200 27787 "http://www.secrepo.com/" "Mozilla/5.0 (Windows NT 6.1; Win64; x64; Trident/7.0; rv:11.0) like Gecko" 
221.147.135.226 - - [17/Apr/2016:22:30:02 -0700] "GET /GitHub-Mark.png HTTP/1.1" 200 7428 "http://www.secrepo.com/" "Mozilla/5.0 (Windows NT 6.1; Win64; x64; Trident/7.0; rv:11.0) like Gecko" 
221.147.135.226 - - [17/Apr/2016:22:30:04 -0700] "GET /bootstrap/img/favicon.ico HTTP/1.1" 200 590 "-" "Mozilla/5.0 (Windows NT 6.1; Win64; x64; Trident/7.0; rv:11.0) like Gecko" 
146.20.68.17 - - [17/Apr/2016:22:32:07 -0700] "GET /robots.txt HTTP/1.1" 301 446 "-" "Tornado-Async-Client" 
146.20.68.17 - - [17/Apr/2016:22:32:07 -0700] "GET /robots.txt HTTP/1.1" 304 130 "-" "Tornado-Async-Client" 
146.20.68.17 - - [17/Apr/2016:22:32:07 -0700] "GET /honeypot/BSidesDFW%20-%202014.ipynb HTTP/1.1" 301 484 "-" "Tornado-Async-Client" 
146.20.68.17 - - [17/Apr/2016:22:32:07 -0700] "GET /honeypot/BSidesDFW%20-%202014.ipynb HTTP/1.1" 200 930780 "-" "Tornado-Async-Client" 
91.200.12.143 - - [17/Apr/2016:22:39:46 -0700] "GET /honeypot/BSidesDFW%20-%202014.ipynb HTTP/1.0" 200 484720 "http://www.secrepo.com/honeypot/BSidesDFW%20-%202014.ipynb" "Mozilla/5.0 (Windows NT 6.1; WOW64) AppleWebKit/537.36 (KHTML, like Gecko) Chrome/48.0.2564.103 Safari/537.36" 
212.98.207.134 - - [17/Apr/2016:22:43:45 -0700] "GET /bootstrap/img/favicon.ico HTTP/1.1" 200 590 "-" "Mozilla/5.0 (Windows NT 10.0; WOW64; rv:45.0) Gecko/20100101 Firefox/45.0" 
130.216.29.217 - - [17/Apr/2016:22:48:02 -0700] "GET / HTTP/1.1" 200 8801 "http://www.mlsecproject.org/" "Mozilla/5.0 (Windows NT 6.1; WOW64) AppleWebKit/537.36 (KHTML, like Gecko) Chrome/49.0.2623.112 Safari/537.36" 
130.216.29.217 - - [17/Apr/2016:22:48:02 -0700] "GET /twitter-icon.png HTTP/1.1" 200 27787 "http://www.secrepo.com/" "Mozilla/5.0 (Windows NT 6.1; WOW64) AppleWebKit/537.36 (KHTML, like Gecko) Chrome/49.0.2623.112 Safari/537.36" 
130.216.29.217 - - [17/Apr/2016:22:48:02 -0700] "GET /GitHub-Mark.png HTTP/1.1" 200 7428 "http://www.secrepo.com/" "Mozilla/5.0 (Windows NT 6.1; WOW64) AppleWebKit/537.36 (KHTML, like Gecko) Chrome/49.0.2623.112 Safari/537.36" 
130.216.29.217 - - [17/Apr/2016:22:48:03 -0700] "GET /bootstrap/img/favicon.ico HTTP/1.1" 200 589 "http://www.secrepo.com/" "Mozilla/5.0 (Windows NT 6.1; WOW64) AppleWebKit/537.36 (KHTML, like Gecko) Chrome/49.0.2623.112 Safari/537.36" 
61.148.243.253 - - [17/Apr/2016:22:49:38 -0700] "GET / HTTP/1.1" 301 483 "-" "Mozilla/5.0 (iPhone; CPU iPhone OS 9_3_1 like Mac OS X) AppleWebKit/601.1.46 (KHTML, like Gecko) Version/9.0 Mobile/13E238 Safari/601.1" 
61.148.243.253 - - [17/Apr/2016:22:49:39 -0700] "GET / HTTP/1.1" 200 8801 "-" "Mozilla/5.0 (iPhone; CPU iPhone OS 9_3_1 like Mac OS X) AppleWebKit/601.1.46 (KHTML, like Gecko) Version/9.0 Mobile/13E238 Safari/601.1" 
61.148.243.253 - - [17/Apr/2016:22:49:40 -0700] "GET /twitter-icon.png HTTP/1.1" 200 27787 "http://www.secrepo.com/" "Mozilla/5.0 (iPhone; CPU iPhone OS 9_3_1 like Mac OS X) AppleWebKit/601.1.46 (KHTML, like Gecko) Version/9.0 Mobile/13E238 Safari/601.1" 
61.148.243.253 - - [17/Apr/2016:22:49:40 -0700] "GET /GitHub-Mark.png HTTP/1.1" 200 7428 "http://www.secrepo.com/" "Mozilla/5.0 (iPhone; CPU iPhone OS 9_3_1 like Mac OS X) AppleWebKit/601.1.46 (KHTML, like Gecko) Version/9.0 Mobile/13E238 Safari/601.1" 
40.77.167.25 - - [17/Apr/2016:22:58:07 -0700] "GET /self.logs/access.log.2015-08-20.gz HTTP/1.1" 200 5305 "-" "Mozilla/5.0 (compatible; bingbot/2.0; +http://www.bing.com/bingbot.htm)" 
128.184.132.73 - - [17/Apr/2016:22:59:11 -0700] "GET / HTTP/1.1" 200 8801 "https://www.google.com.au/" "Mozilla/5.0 (Windows NT 6.1; WOW64) AppleWebKit/537.36 (KHTML, like Gecko) Chrome/49.0.2623.110 Safari/537.36" 
128.184.132.73 - - [17/Apr/2016:22:59:12 -0700] "GET /twitter-icon.png HTTP/1.1" 200 27787 "http://www.secrepo.com/" "Mozilla/5.0 (Windows NT 6.1; WOW64) AppleWebKit/537.36 (KHTML, like Gecko) Chrome/49.0.2623.110 Safari/537.36" 
128.184.132.73 - - [17/Apr/2016:22:59:12 -0700] "GET /GitHub-Mark.png HTTP/1.1" 200 7428 "http://www.secrepo.com/" "Mozilla/5.0 (Windows NT 6.1; WOW64) AppleWebKit/537.36 (KHTML, like Gecko) Chrome/49.0.2623.110 Safari/537.36" 
111.7.128.40 - - [17/Apr/2016:23:16:34 -0700] "GET /tg/a.zip HTTP/1.1" 304 132 "-" "Mozilla/5.0 Gecko/20100115 Firefox/3.6" 
111.23.10.33 - - [17/Apr/2016:23:18:43 -0700] "GET /tg/a.zip HTTP/1.1" 304 132 "-" "Mozilla/5.0 Gecko/20100115 Firefox/3.6" 
164.132.161.84 - - [17/Apr/2016:23:19:27 -0700] "GET /self.logs/access.log.2016-03-23.gz HTTP/1.1" 200 9766 "-" "Mozilla/5.0 (compatible; AhrefsBot/5.1; +http://ahrefs.com/robot/)" 
202.196.63.123 - - [17/Apr/2016:23:19:46 -0700] "GET /favicon.ico HTTP/1.1" 200 268 "-" "Mozilla/5.0 (Windows; U; MSIE 6.0; Windows NT 5.1; SV1; .NET CLR 2.0.50727; BIDUBrowser 7.6)" 
202.196.63.123 - - [17/Apr/2016:23:19:46 -0700] "GET / HTTP/1.1" 200 28956 "-" "Mozilla/5.0 (Windows; U; MSIE 6.0; Windows NT 5.1; SV1; .NET CLR 2.0.50727; BIDUBrowser 7.6)" 
202.196.63.123 - - [17/Apr/2016:23:19:46 -0700] "GET /bootstrap/img/favicon.ico HTTP/1.1" 304 164 "-" "Mozilla/5.0 (Windows; U; MSIE 6.0; Windows NT 5.1; SV1; .NET CLR 2.0.50727; BIDUBrowser 7.6)" 
202.196.63.123 - - [17/Apr/2016:23:19:48 -0700] "GET /favicon.ico HTTP/1.1" 200 267 "-" "Mozilla/5.0 (Windows; U; MSIE 6.0; Windows NT 5.1; SV1; .NET CLR 2.0.50727; BIDUBrowser 7.6)" 
202.196.63.123 - - [17/Apr/2016:23:19:48 -0700] "GET / HTTP/1.1" 200 28956 "-" "Mozilla/5.0 (Windows; U; MSIE 6.0; Windows NT 5.1; SV1; .NET CLR 2.0.50727; BIDUBrowser 7.6)" 
202.196.63.123 - - [17/Apr/2016:23:19:49 -0700] "GET /bootstrap/img/favicon.ico HTTP/1.1" 304 164 "-" "Mozilla/5.0 (Windows; U; MSIE 6.0; Windows NT 5.1; SV1; .NET CLR 2.0.50727; BIDUBrowser 7.6)" 
211.137.56.172 - - [17/Apr/2016:23:21:55 -0700] "GET /tg/a.zip HTTP/1.1" 304 132 "-" "Mozilla/5.0 Gecko/20100115 Firefox/3.6" 
114.98.227.213 - - [17/Apr/2016:23:22:04 -0700] "GET /self.logs/ HTTP/1.1" 200 9569 "-" "Mozilla/5.0 (Windows NT 6.1; Trident/7.0; rv:11.0) like Gecko" 
114.98.227.213 - - [17/Apr/2016:23:22:05 -0700] "POST /self.logs/trackback/ HTTP/1.1" 404 303 "http://www.secrepo.com/self.logs/" "Mozilla/5.0 (Windows NT 6.1; Trident/7.0; rv:11.0) like Gecko" 
51.255.65.57 - - [17/Apr/2016:23:27:05 -0700] "GET /self.logs/access.log.2015-04-27.gz HTTP/1.1" 200 7276 "-" "Mozilla/5.0 (compatible; AhrefsBot/5.1; +http://ahrefs.com/robot/)" 
91.200.12.106 - - [17/Apr/2016:23:44:03 -0700] "GET /honeypot/BSidesDFW%20-%202014.ipynb HTTP/1.0" 200 474500 "http://www.secrepo.com/honeypot/BSidesDFW%20-%202014.ipynb" "Mozilla/5.0 (Windows NT 6.1; WOW64) AppleWebKit/537.36 (KHTML, like Gecko) Chrome/46.0.2490.86 YaBrowser/15.12.1.6475 Safari/537.36" 
50.116.57.179 - - [17/Apr/2016:23:52:32 -0700] "HEAD / HTTP/1.1" 200 295 "http://t.co/Qro1LCR4GM" "-" 
68.180.230.88 - - [17/Apr/2016:23:54:01 -0700] "GET /robots.txt HTTP/1.1" 200 233 "-" "Mozilla/5.0 (compatible; Yahoo! Slurp; http://help.yahoo.com/help/us/ysearch/slurp)" 
68.180.230.88 - - [17/Apr/2016:23:54:01 -0700] "GET /self.logs/error.log.2015-07-17.gz HTTP/1.1" 200 703 "-" "Mozilla/5.0 (compatible; Yahoo! Slurp; http://help.yahoo.com/help/us/ysearch/slurp)" 
146.20.68.17 - - [17/Apr/2016:23:58:50 -0700] "GET /robots.txt HTTP/1.1" 301 446 "-" "Tornado-Async-Client" 
146.20.68.17 - - [17/Apr/2016:23:58:50 -0700] "GET /robots.txt HTTP/1.1" 200 304 "-" "Tornado-Async-Client" 
146.20.68.17 - - [17/Apr/2016:23:58:50 -0700] "GET /honeypot/BSidesDFW%20-%202014.ipynb HTTP/1.1" 301 484 "-" "Tornado-Async-Client" 
146.20.68.17 - - [17/Apr/2016:23:58:50 -0700] "GET /honeypot/BSidesDFW%20-%202014.ipynb HTTP/1.1" 200 930780 "-" "Tornado-Async-Client" 
91.200.12.106 - - [18/Apr/2016:00:01:36 -0700] "GET /honeypot/BSidesDFW%20-%202014.ipynb HTTP/1.0" 200 470120 "http://www.secrepo.com/honeypot/BSidesDFW%20-%202014.ipynb" "Mozilla/5.0 (Windows NT 6.3; WOW64) AppleWebKit/537.36 (KHTML, like Gecko) Chrome/48.0.2564.109 Safari/537.36" 
146.20.68.17 - - [18/Apr/2016:00:10:27 -0700] "GET /robots.txt HTTP/1.1" 301 446 "-" "Tornado-Async-Client" 
146.20.68.17 - - [18/Apr/2016:00:10:27 -0700] "GET /robots.txt HTTP/1.1" 304 130 "-" "Tornado-Async-Client" 
146.20.68.17 - - [18/Apr/2016:00:10:27 -0700] "GET /honeypot/BSidesDFW%20-%202014.ipynb HTTP/1.1" 301 484 "-" "Tornado-Async-Client" 
146.20.68.17 - - [18/Apr/2016:00:10:27 -0700] "GET /honeypot/BSidesDFW%20-%202014.ipynb HTTP/1.1" 200 930780 "-" "Tornado-Async-Client" 
117.190.191.170 - - [18/Apr/2016:00:27:47 -0700] "GET /tg/a.zip HTTP/1.1" 304 132 "-" "Mozilla/5.0 Gecko/20100115 Firefox/3.6" 
164.132.161.54 - - [18/Apr/2016:00:33:45 -0700] "GET /self.logs/access.log.2015-02-21.gz HTTP/1.1" 200 17337 "-" "Mozilla/5.0 (compatible; AhrefsBot/5.1; +http://ahrefs.com/robot/)" 
117.177.241.60 - - [18/Apr/2016:00:51:40 -0700] "GET /tg/a.zip HTTP/1.1" 304 132 "-" "Mozilla/5.0 Gecko/20100115 Firefox/3.6" 
111.23.4.148 - - [18/Apr/2016:01:05:09 -0700] "GET /tg/a.zip HTTP/1.1" 304 132 "-" "Mozilla/5.0 Gecko/20100115 Firefox/3.6" 
146.20.68.17 - - [18/Apr/2016:01:07:17 -0700] "GET /robots.txt HTTP/1.1" 301 446 "-" "Tornado-Async-Client" 
146.20.68.17 - - [18/Apr/2016:01:07:17 -0700] "GET /robots.txt HTTP/1.1" 304 130 "-" "Tornado-Async-Client" 
146.20.68.17 - - [18/Apr/2016:01:07:17 -0700] "GET /honeypot/BSidesDFW%20-%202014.ipynb HTTP/1.1" 301 484 "-" "Tornado-Async-Client" 
146.20.68.17 - - [18/Apr/2016:01:07:17 -0700] "GET /honeypot/BSidesDFW%20-%202014.ipynb HTTP/1.1" 200 930780 "-" "Tornado-Async-Client" 
146.20.68.17 - - [18/Apr/2016:01:07:43 -0700] "GET /robots.txt HTTP/1.1" 301 446 "-" "Tornado-Async-Client" 
146.20.68.17 - - [18/Apr/2016:01:07:44 -0700] "GET /robots.txt HTTP/1.1" 304 130 "-" "Tornado-Async-Client" 
146.20.68.17 - - [18/Apr/2016:01:07:44 -0700] "GET /honeypot/BSidesDFW%20-%202015.ipynb HTTP/1.1" 301 485 "-" "Tornado-Async-Client" 
146.20.68.17 - - [18/Apr/2016:01:07:44 -0700] "GET /honeypot/BSidesDFW%20-%202015.ipynb HTTP/1.1" 404 284 "-" "Tornado-Async-Client" 
146.20.68.17 - - [18/Apr/2016:01:08:01 -0700] "GET /robots.txt HTTP/1.1" 301 446 "-" "Tornado-Async-Client" 
146.20.68.17 - - [18/Apr/2016:01:08:01 -0700] "GET /robots.txt HTTP/1.1" 304 130 "-" "Tornado-Async-Client" 
146.20.68.17 - - [18/Apr/2016:01:08:02 -0700] "GET /honeypot/ HTTP/1.1" 301 441 "-" "Tornado-Async-Client" 
146.20.68.17 - - [18/Apr/2016:01:08:02 -0700] "GET /honeypot/ HTTP/1.1" 200 618 "-" "Tornado-Async-Client" 
146.20.68.17 - - [18/Apr/2016:01:08:18 -0700] "GET /robots.txt HTTP/1.1" 301 446 "-" "Tornado-Async-Client" 
146.20.68.17 - - [18/Apr/2016:01:08:18 -0700] "GET /robots.txt HTTP/1.1" 304 130 "-" "Tornado-Async-Client" 
146.20.68.17 - - [18/Apr/2016:01:08:18 -0700] "GET / HTTP/1.1" 301 427 "-" "Tornado-Async-Client" 
146.20.68.17 - - [18/Apr/2016:01:08:18 -0700] "GET / HTTP/1.1" 200 8745 "-" "Tornado-Async-Client" 
146.20.68.17 - - [18/Apr/2016:01:08:51 -0700] "GET /robots.txt HTTP/1.1" 301 446 "-" "Tornado-Async-Client" 
146.20.68.17 - - [18/Apr/2016:01:08:51 -0700] "GET /robots.txt HTTP/1.1" 304 130 "-" "Tornado-Async-Client" 
146.20.68.17 - - [18/Apr/2016:01:08:51 -0700] "GET /honeypot/BSidesDFW%20-%202015.ipynb HTTP/1.1" 301 485 "-" "Tornado-Async-Client" 
146.20.68.17 - - [18/Apr/2016:01:08:51 -0700] "GET /honeypot/BSidesDFW%20-%202015.ipynb HTTP/1.1" 404 284 "-" "Tornado-Async-Client" 
146.20.68.17 - - [18/Apr/2016:01:09:31 -0700] "GET /robots.txt HTTP/1.1" 301 446 "-" "Tornado-Async-Client" 
146.20.68.17 - - [18/Apr/2016:01:09:31 -0700] "GET /robots.txt HTTP/1.1" 304 130 "-" "Tornado-Async-Client" 
146.20.68.17 - - [18/Apr/2016:01:09:31 -0700] "GET /honeypot/BSidesDFW%20-%202015.ipynb HTTP/1.1" 301 485 "-" "Tornado-Async-Client" 
146.20.68.17 - - [18/Apr/2016:01:09:31 -0700] "GET /honeypot/BSidesDFW%20-%202015.ipynb HTTP/1.1" 404 284 "-" "Tornado-Async-Client" 
220.181.132.219 - - [18/Apr/2016:01:10:35 -0700] "GET /honeypot/ HTTP/1.1" 301 479 "http://nbviewer.jupyter.org/url/secrepo.com/honeypot/" "Mozilla/4.0 (compatible; MSIE 8.0; Windows NT 6.1; Trident/4.0; SLCC2; .NET CLR 2.0.50727; .NET CLR 3.5.30729; .NET CLR 3.0.30729; Media Center PC 6.0; Tablet PC 2.0)" 
146.20.68.17 - - [18/Apr/2016:01:10:37 -0700] "GET /robots.txt HTTP/1.1" 301 446 "-" "Tornado-Async-Client" 
146.20.68.17 - - [18/Apr/2016:01:10:37 -0700] "GET /robots.txt HTTP/1.1" 304 130 "-" "Tornado-Async-Client" 
146.20.68.17 - - [18/Apr/2016:01:10:37 -0700] "GET /honeypot/BSidesDFW%20-%202015.ipynb HTTP/1.1" 301 485 "-" "Tornado-Async-Client" 
146.20.68.17 - - [18/Apr/2016:01:10:37 -0700] "GET /honeypot/BSidesDFW%20-%202015.ipynb HTTP/1.1" 404 284 "-" "Tornado-Async-Client" 
220.181.132.219 - - [18/Apr/2016:01:10:38 -0700] "GET / HTTP/1.1" 301 461 "http://nbviewer.jupyter.org/url/secrepo.com/" "Mozilla/4.0 (compatible; MSIE 8.0; Windows NT 6.1; Trident/4.0; SLCC2; .NET CLR 2.0.50727; .NET CLR 3.5.30729; .NET CLR 3.0.30729; Media Center PC 6.0; Tablet PC 2.0)" 
220.181.132.219 - - [18/Apr/2016:01:10:38 -0700] "GET /honeypot/ HTTP/1.1" 200 1096 "http://nbviewer.jupyter.org/url/secrepo.com/honeypot/" "Mozilla/4.0 (compatible; MSIE 8.0; Windows NT 6.1; Trident/4.0; SLCC2; .NET CLR 2.0.50727; .NET CLR 3.5.30729; .NET CLR 3.0.30729; Media Center PC 6.0; Tablet PC 2.0)" 
220.181.132.219 - - [18/Apr/2016:01:10:40 -0700] "GET / HTTP/1.1" 200 28946 "http://nbviewer.jupyter.org/url/secrepo.com/" "Mozilla/4.0 (compatible; MSIE 8.0; Windows NT 6.1; Trident/4.0; SLCC2; .NET CLR 2.0.50727; .NET CLR 3.5.30729; .NET CLR 3.0.30729; Media Center PC 6.0; Tablet PC 2.0)" 
146.20.68.17 - - [18/Apr/2016:01:10:54 -0700] "GET /robots.txt HTTP/1.1" 301 446 "-" "Tornado-Async-Client" 
146.20.68.17 - - [18/Apr/2016:01:10:54 -0700] "GET /robots.txt HTTP/1.1" 304 130 "-" "Tornado-Async-Client" 
146.20.68.17 - - [18/Apr/2016:01:10:54 -0700] "GET /honeypot/ HTTP/1.1" 301 441 "-" "Tornado-Async-Client" 
146.20.68.17 - - [18/Apr/2016:01:10:54 -0700] "GET /honeypot/ HTTP/1.1" 200 618 "-" "Tornado-Async-Client" 
101.199.112.49 - - [18/Apr/2016:01:11:02 -0700] "GET / HTTP/1.1" 301 483 "-" "Mozilla/5.0 (iPhone; CPU iPhone OS 8_0 like Mac OS X) AppleWebKit/600.1.3 (KHTML, like Gecko) Version/8.0 Mobile/12A4345d Safari/600.1.4" 
101.199.112.49 - - [18/Apr/2016:01:11:03 -0700] "GET / HTTP/1.1" 200 8801 "-" "Mozilla/5.0 (iPhone; CPU iPhone OS 8_0 like Mac OS X) AppleWebKit/600.1.3 (KHTML, like Gecko) Version/8.0 Mobile/12A4345d Safari/600.1.4" 
146.20.68.17 - - [18/Apr/2016:01:11:27 -0700] "GET /robots.txt HTTP/1.1" 301 446 "-" "Tornado-Async-Client" 
146.20.68.17 - - [18/Apr/2016:01:11:27 -0700] "GET /robots.txt HTTP/1.1" 304 130 "-" "Tornado-Async-Client" 
146.20.68.17 - - [18/Apr/2016:01:11:27 -0700] "GET /honeypot/ HTTP/1.1" 301 441 "-" "Tornado-Async-Client" 
146.20.68.17 - - [18/Apr/2016:01:11:27 -0700] "GET /honeypot/ HTTP/1.1" 200 618 "-" "Tornado-Async-Client" 
146.20.68.17 - - [18/Apr/2016:01:12:00 -0700] "GET /robots.txt HTTP/1.1" 301 446 "-" "Tornado-Async-Client" 
146.20.68.17 - - [18/Apr/2016:01:12:00 -0700] "GET /robots.txt HTTP/1.1" 304 130 "-" "Tornado-Async-Client" 
146.20.68.17 - - [18/Apr/2016:01:12:00 -0700] "GET /honeypot/ HTTP/1.1" 301 441 "-" "Tornado-Async-Client" 
146.20.68.17 - - [18/Apr/2016:01:12:00 -0700] "GET /honeypot/ HTTP/1.1" 200 618 "-" "Tornado-Async-Client" 
146.20.68.17 - - [18/Apr/2016:01:27:00 -0700] "GET /robots.txt HTTP/1.1" 301 446 "-" "Tornado-Async-Client" 
146.20.68.17 - - [18/Apr/2016:01:27:00 -0700] "GET /robots.txt HTTP/1.1" 304 130 "-" "Tornado-Async-Client" 
146.20.68.17 - - [18/Apr/2016:01:27:00 -0700] "GET /honeypot/BSidesDFW%20-%202014.ipynb HTTP/1.1" 301 484 "-" "Tornado-Async-Client" 
146.20.68.17 - - [18/Apr/2016:01:27:00 -0700] "GET /honeypot/BSidesDFW%20-%202014.ipynb HTTP/1.1" 200 930780 "-" "Tornado-Async-Client" 
111.204.219.194 - - [18/Apr/2016:01:32:16 -0700] "GET /honeypot/BSidesDFW%20-%202014.ipynb HTTP/1.1" 301 540 "-" "Mozilla/5.0 (Windows NT 6.1; WOW64) AppleWebKit/537.36 (KHTML, like Gecko) Chrome/45.0.2454.101 Safari/537.36" 
111.204.219.194 - - [18/Apr/2016:01:32:17 -0700] "GET /honeypot/BSidesDFW%20-%202014.ipynb HTTP/1.1" 200 930836 "-" "Mozilla/5.0 (Windows NT 6.1; WOW64) AppleWebKit/537.36 (KHTML, like Gecko) Chrome/45.0.2454.101 Safari/537.36" 
220.181.132.216 - - [18/Apr/2016:01:34:08 -0700] "GET /honeypot/BSidesDFW%20-%202014.ipynb HTTP/1.1" 200 930799 "http://www.secrepo.com/honeypot/BSidesDFW%20-%202014.ipynb" "Mozilla/4.0 (compatible; MSIE 8.0; Windows NT 6.1; Trident/4.0; SLCC2; .NET CLR 2.0.50727; .NET CLR 3.5.30729; .NET CLR 3.0.30729; Media Center PC 6.0; Tablet PC 2.0)" 
171.8.167.73 - - [18/Apr/2016:01:34:36 -0700] "GET / HTTP/1.1" 200 8801 "http://www.secrepo.com/" "Mozilla/5.0 (Windows NT 6.1) AppleWebKit/537.36 (KHTML, like Gecko) Chrome/36.0.1985.125 Safari/537.36" 
220.181.132.216 - - [18/Apr/2016:01:34:37 -0700] "GET /honeypot/BSidesDFW%20-%202014.ipynb HTTP/1.1" 200 930799 "http://www.secrepo.com/" "Mozilla/4.0 (compatible; MSIE 8.0; Windows NT 6.1; Trident/4.0; SLCC2; .NET CLR 2.0.50727; .NET CLR 3.5.30729; .NET CLR 3.0.30729; Media Center PC 6.0; Tablet PC 2.0)" 
101.199.108.51 - - [18/Apr/2016:01:34:30 -0700] "GET /honeypot/BSidesDFW%20-%202014.ipynb HTTP/1.1" 200 344560 "-" "Mozilla/5.0 (iPhone; CPU iPhone OS 8_0 like Mac OS X) AppleWebKit/600.1.3 (KHTML, like Gecko) Version/8.0 Mobile/12A4345d Safari/600.1.4" 
101.199.108.118 - - [18/Apr/2016:01:35:05 -0700] "GET /honeypot/BSidesDFW%20-%202014.ipynb HTTP/1.1" 200 322660 "-" "Mozilla/5.0 (Windows NT 6.1) AppleWebKit/537.36 (KHTML, like Gecko) Chrome/31.0.1650.48 Safari/537.36" 
180.76.15.150 - - [18/Apr/2016:01:36:07 -0700] "GET /honeypot/Honeypot%20-%20Howto%20-%20BSides%20Austin.pdf HTTP/1.1" 200 843880 "-" "Mozilla/5.0 (compatible; Baiduspider/2.0; +http://www.baidu.com/search/spider.html)" 
68.180.230.88 - - [18/Apr/2016:01:51:13 -0700] "GET /self.logs/error.log.2015-06-28.gz HTTP/1.1" 200 3939 "-" "Mozilla/5.0 (compatible; Yahoo! Slurp; http://help.yahoo.com/help/us/ysearch/slurp)" 
106.38.241.146 - - [18/Apr/2016:01:52:57 -0700] "GET / HTTP/1.1" 304 152 "-" "Sogou web spider/4.0(+http://www.sogou.com/docs/help/webmasters.htm#07)" 
106.38.241.146 - - [18/Apr/2016:01:52:58 -0700] "GET /robots.txt HTTP/1.1" 200 252 "-" "Sogou web spider/4.0(+http://www.sogou.com/docs/help/webmasters.htm#07)" 
46.218.101.203 - - [18/Apr/2016:01:54:53 -0700] "GET / HTTP/1.1" 200 8801 "http://www.mlsecproject.org/" "Mozilla/5.0 (X11; Linux x86_64; rv:45.0) Gecko/20100101 Firefox/45.0" 
46.218.101.203 - - [18/Apr/2016:01:55:04 -0700] "GET /GitHub-Mark.png HTTP/1.1" 200 7428 "http://www.secrepo.com/" "Mozilla/5.0 (X11; Linux x86_64; rv:45.0) Gecko/20100101 Firefox/45.0" 
46.218.101.203 - - [18/Apr/2016:01:55:04 -0700] "GET /twitter-icon.png HTTP/1.1" 200 27788 "http://www.secrepo.com/" "Mozilla/5.0 (X11; Linux x86_64; rv:45.0) Gecko/20100101 Firefox/45.0" 
182.118.25.219 - - [18/Apr/2016:01:55:54 -0700] "GET /robots.txt HTTP/1.1" 200 334 "http://www.secrepo.com/robots.txt" "Mozilla/5.0 (compatible; MSIE 9.0; Windows NT 6.1; Trident/5.0); 360Spider(compatible; HaosouSpider; http://www.haosou.com/help/help_3_2.html)" 
46.218.101.203 - - [18/Apr/2016:01:56:38 -0700] "GET /bootstrap/img/favicon.ico HTTP/1.1" 200 590 "-" "Mozilla/5.0 (X11; Linux x86_64; rv:45.0) Gecko/20100101 Firefox/45.0" 
164.132.161.43 - - [18/Apr/2016:02:00:24 -0700] "GET /self.logs/error.log.2015-04-25.gz HTTP/1.1" 200 937 "-" "Mozilla/5.0 (compatible; AhrefsBot/5.1; +http://ahrefs.com/robot/)" 
