66.102.9.157 - - [28/Nov/2016:13:33:30 -0800] "GET /misc/zeus_dga_domains.txt.zip HTTP/1.1" 200 594360 "-" "Mozilla/5.0 (Windows NT 6.1; WOW64) AppleWebKit/537.36 (KHTML, like Gecko) Chrome/54.0.2840.99 Safari/537.36" 
66.102.9.157 - - [28/Nov/2016:13:33:43 -0800] "GET /tg/a.zip HTTP/1.1" 200 63947036 "-" "Mozilla/5.0 (Windows NT 6.1; WOW64) AppleWebKit/537.36 (KHTML, like Gecko) Chrome/54.0.2840.99 Safari/537.36" 
66.102.9.157 - - [28/Nov/2016:13:33:44 -0800] "GET /tg/b.zip HTTP/1.1" 200 41046956 "-" "Mozilla/5.0 (Windows NT 6.1; WOW64) AppleWebKit/537.36 (KHTML, like Gecko) Chrome/54.0.2840.99 Safari/537.36" 
66.102.9.157 - - [28/Nov/2016:13:33:47 -0800] "GET /tg/b.zip HTTP/1.1" 206 1000345 "-" "Mozilla/5.0 (Windows NT 6.1; WOW64) AppleWebKit/537.36 (KHTML, like Gecko) Chrome/54.0.2840.99 Safari/537.36" 
66.102.9.128 - - [28/Nov/2016:13:33:47 -0800] "GET /tg/a.zip HTTP/1.1" 206 1000345 "-" "Mozilla/5.0 (Windows NT 6.1; WOW64) AppleWebKit/537.36 (KHTML, like Gecko) Chrome/54.0.2840.99 Safari/537.36" 
66.102.9.128 - - [28/Nov/2016:13:33:47 -0800] "GET /tg/b.zip HTTP/1.1" 206 1000345 "-" "Mozilla/5.0 (Windows NT 6.1; WOW64) AppleWebKit/537.36 (KHTML, like Gecko) Chrome/54.0.2840.99 Safari/537.36" 
66.102.9.157 - - [28/Nov/2016:13:33:48 -0800] "GET /tg/a.zip HTTP/1.1" 206 1000345 "-" "Mozilla/5.0 (Windows NT 6.1; WOW64) AppleWebKit/537.36 (KHTML, like Gecko) Chrome/54.0.2840.99 Safari/537.36" 
66.102.9.157 - - [28/Nov/2016:13:33:48 -0800] "GET /tg/b.zip HTTP/1.1" 206 1000345 "-" "Mozilla/5.0 (Windows NT 6.1; WOW64) AppleWebKit/537.36 (KHTML, like Gecko) Chrome/54.0.2840.99 Safari/537.36" 
66.102.9.159 - - [28/Nov/2016:13:33:48 -0800] "GET /tg/a.zip HTTP/1.1" 206 1000345 "-" "Mozilla/5.0 (Windows NT 6.1; WOW64) AppleWebKit/537.36 (KHTML, like Gecko) Chrome/54.0.2840.99 Safari/537.36" 
66.102.9.157 - - [28/Nov/2016:13:33:48 -0800] "GET /tg/c.zip HTTP/1.1" 206 1000344 "-" "Mozilla/5.0 (Windows NT 6.1; WOW64) AppleWebKit/537.36 (KHTML, like Gecko) Chrome/54.0.2840.99 Safari/537.36" 
66.102.9.157 - - [28/Nov/2016:13:33:49 -0800] "GET /tg/c.zip HTTP/1.1" 206 1000344 "-" "Mozilla/5.0 (Windows NT 6.1; WOW64) AppleWebKit/537.36 (KHTML, like Gecko) Chrome/54.0.2840.99 Safari/537.36" 
66.102.9.157 - - [28/Nov/2016:13:33:48 -0800] "GET /tg/b.zip HTTP/1.1" 206 1000345 "-" "Mozilla/5.0 (Windows NT 6.1; WOW64) AppleWebKit/537.36 (KHTML, like Gecko) Chrome/54.0.2840.99 Safari/537.36" 
66.102.9.128 - - [28/Nov/2016:13:33:45 -0800] "GET /tg/c.zip HTTP/1.1" 200 51770352 "-" "Mozilla/5.0 (Windows NT 6.1; WOW64) AppleWebKit/537.36 (KHTML, like Gecko) Chrome/54.0.2840.99 Safari/537.36" 
66.102.9.157 - - [28/Nov/2016:13:33:49 -0800] "GET /tg/c.zip HTTP/1.1" 206 1000344 "-" "Mozilla/5.0 (Windows NT 6.1; WOW64) AppleWebKit/537.36 (KHTML, like Gecko) Chrome/54.0.2840.99 Safari/537.36" 
66.102.9.128 - - [28/Nov/2016:13:33:48 -0800] "GET /tg/a.zip HTTP/1.1" 206 1000345 "-" "Mozilla/5.0 (Windows NT 6.1; WOW64) AppleWebKit/537.36 (KHTML, like Gecko) Chrome/54.0.2840.99 Safari/537.36" 
66.102.9.159 - - [28/Nov/2016:13:33:49 -0800] "GET /tg/b.zip HTTP/1.1" 206 1000344 "-" "Mozilla/5.0 (Windows NT 6.1; WOW64) AppleWebKit/537.36 (KHTML, like Gecko) Chrome/54.0.2840.99 Safari/537.36" 
66.102.9.128 - - [28/Nov/2016:13:33:48 -0800] "GET /tg/a.zip HTTP/1.1" 206 1000345 "-" "Mozilla/5.0 (Windows NT 6.1; WOW64) AppleWebKit/537.36 (KHTML, like Gecko) Chrome/54.0.2840.99 Safari/537.36" 
66.102.9.128 - - [28/Nov/2016:13:33:48 -0800] "GET /tg/b.zip HTTP/1.1" 206 1000345 "-" "Mozilla/5.0 (Windows NT 6.1; WOW64) AppleWebKit/537.36 (KHTML, like Gecko) Chrome/54.0.2840.99 Safari/537.36" 
66.102.9.128 - - [28/Nov/2016:13:33:49 -0800] "GET /tg/b.zip HTTP/1.1" 206 1000344 "-" "Mozilla/5.0 (Windows NT 6.1; WOW64) AppleWebKit/537.36 (KHTML, like Gecko) Chrome/54.0.2840.99 Safari/537.36" 
66.102.9.159 - - [28/Nov/2016:13:33:49 -0800] "GET /tg/a.zip HTTP/1.1" 206 1000344 "-" "Mozilla/5.0 (Windows NT 6.1; WOW64) AppleWebKit/537.36 (KHTML, like Gecko) Chrome/54.0.2840.99 Safari/537.36" 
66.102.9.157 - - [28/Nov/2016:13:33:49 -0800] "GET /tg/b.zip HTTP/1.1" 206 1000344 "-" "Mozilla/5.0 (Windows NT 6.1; WOW64) AppleWebKit/537.36 (KHTML, like Gecko) Chrome/54.0.2840.99 Safari/537.36" 
66.102.9.128 - - [28/Nov/2016:13:33:49 -0800] "GET /tg/a.zip HTTP/1.1" 206 1000344 "-" "Mozilla/5.0 (Windows NT 6.1; WOW64) AppleWebKit/537.36 (KHTML, like Gecko) Chrome/54.0.2840.99 Safari/537.36" 
66.102.9.159 - - [28/Nov/2016:13:33:49 -0800] "GET /tg/a.zip HTTP/1.1" 206 1000345 "-" "Mozilla/5.0 (Windows NT 6.1; WOW64) AppleWebKit/537.36 (KHTML, like Gecko) Chrome/54.0.2840.99 Safari/537.36" 
66.102.9.159 - - [28/Nov/2016:13:33:49 -0800] "GET /tg/b.zip HTTP/1.1" 206 1000345 "-" "Mozilla/5.0 (Windows NT 6.1; WOW64) AppleWebKit/537.36 (KHTML, like Gecko) Chrome/54.0.2840.99 Safari/537.36" 
66.102.9.128 - - [28/Nov/2016:13:33:50 -0800] "GET /tg/a.zip HTTP/1.1" 206 1000344 "-" "Mozilla/5.0 (Windows NT 6.1; WOW64) AppleWebKit/537.36 (KHTML, like Gecko) Chrome/54.0.2840.99 Safari/537.36" 
66.102.9.159 - - [28/Nov/2016:13:33:50 -0800] "GET /tg/c.zip HTTP/1.1" 206 1000344 "-" "Mozilla/5.0 (Windows NT 6.1; WOW64) AppleWebKit/537.36 (KHTML, like Gecko) Chrome/54.0.2840.99 Safari/537.36" 
66.102.9.159 - - [28/Nov/2016:13:33:50 -0800] "GET /tg/c.zip HTTP/1.1" 206 1000344 "-" "Mozilla/5.0 (Windows NT 6.1; WOW64) AppleWebKit/537.36 (KHTML, like Gecko) Chrome/54.0.2840.99 Safari/537.36" 
66.102.9.157 - - [28/Nov/2016:13:33:50 -0800] "GET /tg/b.zip HTTP/1.1" 206 1000344 "-" "Mozilla/5.0 (Windows NT 6.1; WOW64) AppleWebKit/537.36 (KHTML, like Gecko) Chrome/54.0.2840.99 Safari/537.36" 
66.102.9.157 - - [28/Nov/2016:13:33:50 -0800] "GET /tg/a.zip HTTP/1.1" 206 1000344 "-" "Mozilla/5.0 (Windows NT 6.1; WOW64) AppleWebKit/537.36 (KHTML, like Gecko) Chrome/54.0.2840.99 Safari/537.36" 
66.102.9.159 - - [28/Nov/2016:13:33:50 -0800] "GET /tg/c.zip HTTP/1.1" 206 1000344 "-" "Mozilla/5.0 (Windows NT 6.1; WOW64) AppleWebKit/537.36 (KHTML, like Gecko) Chrome/54.0.2840.99 Safari/537.36" 
66.102.9.157 - - [28/Nov/2016:13:33:50 -0800] "GET /tg/a.zip HTTP/1.1" 206 1000344 "-" "Mozilla/5.0 (Windows NT 6.1; WOW64) AppleWebKit/537.36 (KHTML, like Gecko) Chrome/54.0.2840.99 Safari/537.36" 
66.102.9.157 - - [28/Nov/2016:13:33:50 -0800] "GET /tg/b.zip HTTP/1.1" 206 1000344 "-" "Mozilla/5.0 (Windows NT 6.1; WOW64) AppleWebKit/537.36 (KHTML, like Gecko) Chrome/54.0.2840.99 Safari/537.36" 
66.102.9.159 - - [28/Nov/2016:13:33:49 -0800] "GET /tg/c.zip HTTP/1.1" 206 1000345 "-" "Mozilla/5.0 (Windows NT 6.1; WOW64) AppleWebKit/537.36 (KHTML, like Gecko) Chrome/54.0.2840.99 Safari/537.36" 
66.102.9.159 - - [28/Nov/2016:13:33:49 -0800] "GET /tg/a.zip HTTP/1.1" 206 1000345 "-" "Mozilla/5.0 (Windows NT 6.1; WOW64) AppleWebKit/537.36 (KHTML, like Gecko) Chrome/54.0.2840.99 Safari/537.36" 
66.102.9.128 - - [28/Nov/2016:13:33:50 -0800] "GET /tg/c.zip HTTP/1.1" 206 1000344 "-" "Mozilla/5.0 (Windows NT 6.1; WOW64) AppleWebKit/537.36 (KHTML, like Gecko) Chrome/54.0.2840.99 Safari/537.36" 
66.102.9.157 - - [28/Nov/2016:13:33:51 -0800] "GET /tg/b.zip HTTP/1.1" 206 1000344 "-" "Mozilla/5.0 (Windows NT 6.1; WOW64) AppleWebKit/537.36 (KHTML, like Gecko) Chrome/54.0.2840.99 Safari/537.36" 
66.102.9.128 - - [28/Nov/2016:13:33:51 -0800] "GET /tg/a.zip HTTP/1.1" 206 1000344 "-" "Mozilla/5.0 (Windows NT 6.1; WOW64) AppleWebKit/537.36 (KHTML, like Gecko) Chrome/54.0.2840.99 Safari/537.36" 
66.102.9.128 - - [28/Nov/2016:13:33:50 -0800] "GET /tg/a.zip HTTP/1.1" 206 1000344 "-" "Mozilla/5.0 (Windows NT 6.1; WOW64) AppleWebKit/537.36 (KHTML, like Gecko) Chrome/54.0.2840.99 Safari/537.36" 
66.102.9.159 - - [28/Nov/2016:13:33:51 -0800] "GET /tg/c.zip HTTP/1.1" 206 1000344 "-" "Mozilla/5.0 (Windows NT 6.1; WOW64) AppleWebKit/537.36 (KHTML, like Gecko) Chrome/54.0.2840.99 Safari/537.36" 
66.102.9.128 - - [28/Nov/2016:13:33:51 -0800] "GET /tg/b.zip HTTP/1.1" 206 1000344 "-" "Mozilla/5.0 (Windows NT 6.1; WOW64) AppleWebKit/537.36 (KHTML, like Gecko) Chrome/54.0.2840.99 Safari/537.36" 
66.102.9.128 - - [28/Nov/2016:13:33:51 -0800] "GET /tg/b.zip HTTP/1.1" 206 1000344 "-" "Mozilla/5.0 (Windows NT 6.1; WOW64) AppleWebKit/537.36 (KHTML, like Gecko) Chrome/54.0.2840.99 Safari/537.36" 
66.102.9.128 - - [28/Nov/2016:13:33:51 -0800] "GET /tg/c.zip HTTP/1.1" 206 1000344 "-" "Mozilla/5.0 (Windows NT 6.1; WOW64) AppleWebKit/537.36 (KHTML, like Gecko) Chrome/54.0.2840.99 Safari/537.36" 
66.102.9.157 - - [28/Nov/2016:13:33:52 -0800] "GET /tg/a.zip HTTP/1.1" 206 1000344 "-" "Mozilla/5.0 (Windows NT 6.1; WOW64) AppleWebKit/537.36 (KHTML, like Gecko) Chrome/54.0.2840.99 Safari/537.36" 
66.102.9.159 - - [28/Nov/2016:13:33:52 -0800] "GET /tg/a.zip HTTP/1.1" 206 1000344 "-" "Mozilla/5.0 (Windows NT 6.1; WOW64) AppleWebKit/537.36 (KHTML, like Gecko) Chrome/54.0.2840.99 Safari/537.36" 
157.55.39.31 - - [28/Nov/2016:13:33:52 -0800] "GET /self.logs/error.log.2015-11-01.gz HTTP/1.1" 200 693 "-" "Mozilla/5.0 (compatible; bingbot/2.0; +http://www.bing.com/bingbot.htm)" 
66.102.9.128 - - [28/Nov/2016:13:33:51 -0800] "GET /tg/a.zip HTTP/1.1" 206 1000345 "-" "Mozilla/5.0 (Windows NT 6.1; WOW64) AppleWebKit/537.36 (KHTML, like Gecko) Chrome/54.0.2840.99 Safari/537.36" 
66.102.9.128 - - [28/Nov/2016:13:33:52 -0800] "GET /tg/c.zip HTTP/1.1" 206 1000344 "-" "Mozilla/5.0 (Windows NT 6.1; WOW64) AppleWebKit/537.36 (KHTML, like Gecko) Chrome/54.0.2840.99 Safari/537.36" 
66.102.9.128 - - [28/Nov/2016:13:33:52 -0800] "GET /tg/c.zip HTTP/1.1" 206 1000345 "-" "Mozilla/5.0 (Windows NT 6.1; WOW64) AppleWebKit/537.36 (KHTML, like Gecko) Chrome/54.0.2840.99 Safari/537.36" 
66.102.9.157 - - [28/Nov/2016:13:33:52 -0800] "GET /tg/b.zip HTTP/1.1" 206 1000345 "-" "Mozilla/5.0 (Windows NT 6.1; WOW64) AppleWebKit/537.36 (KHTML, like Gecko) Chrome/54.0.2840.99 Safari/537.36" 
66.102.9.157 - - [28/Nov/2016:13:33:52 -0800] "GET /tg/a.zip HTTP/1.1" 206 1000344 "-" "Mozilla/5.0 (Windows NT 6.1; WOW64) AppleWebKit/537.36 (KHTML, like Gecko) Chrome/54.0.2840.99 Safari/537.36" 
66.102.9.157 - - [28/Nov/2016:13:33:52 -0800] "GET /tg/c.zip HTTP/1.1" 206 1000345 "-" "Mozilla/5.0 (Windows NT 6.1; WOW64) AppleWebKit/537.36 (KHTML, like Gecko) Chrome/54.0.2840.99 Safari/537.36" 
66.102.9.128 - - [28/Nov/2016:13:33:52 -0800] "GET /tg/c.zip HTTP/1.1" 206 1000344 "-" "Mozilla/5.0 (Windows NT 6.1; WOW64) AppleWebKit/537.36 (KHTML, like Gecko) Chrome/54.0.2840.99 Safari/537.36" 
66.102.9.128 - - [28/Nov/2016:13:33:52 -0800] "GET /tg/b.zip HTTP/1.1" 206 1000344 "-" "Mozilla/5.0 (Windows NT 6.1; WOW64) AppleWebKit/537.36 (KHTML, like Gecko) Chrome/54.0.2840.99 Safari/537.36" 
66.102.9.157 - - [28/Nov/2016:13:33:52 -0800] "GET /tg/b.zip HTTP/1.1" 206 1000345 "-" "Mozilla/5.0 (Windows NT 6.1; WOW64) AppleWebKit/537.36 (KHTML, like Gecko) Chrome/54.0.2840.99 Safari/537.36" 
66.102.9.157 - - [28/Nov/2016:13:33:53 -0800] "GET /tg/a.zip HTTP/1.1" 206 1000344 "-" "Mozilla/5.0 (Windows NT 6.1; WOW64) AppleWebKit/537.36 (KHTML, like Gecko) Chrome/54.0.2840.99 Safari/537.36" 
66.102.9.159 - - [28/Nov/2016:13:33:53 -0800] "GET /tg/b.zip HTTP/1.1" 206 1000344 "-" "Mozilla/5.0 (Windows NT 6.1; WOW64) AppleWebKit/537.36 (KHTML, like Gecko) Chrome/54.0.2840.99 Safari/537.36" 
66.102.9.159 - - [28/Nov/2016:13:33:52 -0800] "GET /tg/b.zip HTTP/1.1" 206 1000345 "-" "Mozilla/5.0 (Windows NT 6.1; WOW64) AppleWebKit/537.36 (KHTML, like Gecko) Chrome/54.0.2840.99 Safari/537.36" 
66.102.9.159 - - [28/Nov/2016:13:33:52 -0800] "GET /tg/a.zip HTTP/1.1" 206 1000345 "-" "Mozilla/5.0 (Windows NT 6.1; WOW64) AppleWebKit/537.36 (KHTML, like Gecko) Chrome/54.0.2840.99 Safari/537.36" 
66.102.9.128 - - [28/Nov/2016:13:33:53 -0800] "GET /tg/c.zip HTTP/1.1" 206 1000344 "-" "Mozilla/5.0 (Windows NT 6.1; WOW64) AppleWebKit/537.36 (KHTML, like Gecko) Chrome/54.0.2840.99 Safari/537.36" 
66.102.9.157 - - [28/Nov/2016:13:33:53 -0800] "GET /tg/a.zip HTTP/1.1" 206 1000344 "-" "Mozilla/5.0 (Windows NT 6.1; WOW64) AppleWebKit/537.36 (KHTML, like Gecko) Chrome/54.0.2840.99 Safari/537.36" 
66.102.9.157 - - [28/Nov/2016:13:33:53 -0800] "GET /tg/c.zip HTTP/1.1" 206 1000344 "-" "Mozilla/5.0 (Windows NT 6.1; WOW64) AppleWebKit/537.36 (KHTML, like Gecko) Chrome/54.0.2840.99 Safari/537.36" 
66.102.9.159 - - [28/Nov/2016:13:33:53 -0800] "GET /tg/b.zip HTTP/1.1" 206 1000344 "-" "Mozilla/5.0 (Windows NT 6.1; WOW64) AppleWebKit/537.36 (KHTML, like Gecko) Chrome/54.0.2840.99 Safari/537.36" 
66.102.9.128 - - [28/Nov/2016:13:33:53 -0800] "GET /tg/a.zip HTTP/1.1" 206 1000344 "-" "Mozilla/5.0 (Windows NT 6.1; WOW64) AppleWebKit/537.36 (KHTML, like Gecko) Chrome/54.0.2840.99 Safari/537.36" 
66.102.9.159 - - [28/Nov/2016:13:33:53 -0800] "GET /tg/b.zip HTTP/1.1" 206 1000344 "-" "Mozilla/5.0 (Windows NT 6.1; WOW64) AppleWebKit/537.36 (KHTML, like Gecko) Chrome/54.0.2840.99 Safari/537.36" 
66.102.9.157 - - [28/Nov/2016:13:33:54 -0800] "GET /tg/c.zip HTTP/1.1" 206 1000344 "-" "Mozilla/5.0 (Windows NT 6.1; WOW64) AppleWebKit/537.36 (KHTML, like Gecko) Chrome/54.0.2840.99 Safari/537.36" 
66.102.9.128 - - [28/Nov/2016:13:33:54 -0800] "GET /tg/a.zip HTTP/1.1" 206 1000344 "-" "Mozilla/5.0 (Windows NT 6.1; WOW64) AppleWebKit/537.36 (KHTML, like Gecko) Chrome/54.0.2840.99 Safari/537.36" 
66.102.9.159 - - [28/Nov/2016:13:33:54 -0800] "GET /tg/c.zip HTTP/1.1" 206 1000344 "-" "Mozilla/5.0 (Windows NT 6.1; WOW64) AppleWebKit/537.36 (KHTML, like Gecko) Chrome/54.0.2840.99 Safari/537.36" 
66.102.9.159 - - [28/Nov/2016:13:33:54 -0800] "GET /tg/b.zip HTTP/1.1" 206 1000344 "-" "Mozilla/5.0 (Windows NT 6.1; WOW64) AppleWebKit/537.36 (KHTML, like Gecko) Chrome/54.0.2840.99 Safari/537.36" 
66.102.9.159 - - [28/Nov/2016:13:33:54 -0800] "GET /tg/a.zip HTTP/1.1" 206 1000344 "-" "Mozilla/5.0 (Windows NT 6.1; WOW64) AppleWebKit/537.36 (KHTML, like Gecko) Chrome/54.0.2840.99 Safari/537.36" 
66.102.9.157 - - [28/Nov/2016:13:33:54 -0800] "GET /tg/b.zip HTTP/1.1" 206 1000344 "-" "Mozilla/5.0 (Windows NT 6.1; WOW64) AppleWebKit/537.36 (KHTML, like Gecko) Chrome/54.0.2840.99 Safari/537.36" 
66.102.9.157 - - [28/Nov/2016:13:33:54 -0800] "GET /tg/c.zip HTTP/1.1" 206 1000344 "-" "Mozilla/5.0 (Windows NT 6.1; WOW64) AppleWebKit/537.36 (KHTML, like Gecko) Chrome/54.0.2840.99 Safari/537.36" 
66.102.9.128 - - [28/Nov/2016:13:33:54 -0800] "GET /tg/c.zip HTTP/1.1" 206 1000344 "-" "Mozilla/5.0 (Windows NT 6.1; WOW64) AppleWebKit/537.36 (KHTML, like Gecko) Chrome/54.0.2840.99 Safari/537.36" 
66.102.9.128 - - [28/Nov/2016:13:33:54 -0800] "GET /tg/a.zip HTTP/1.1" 206 1000344 "-" "Mozilla/5.0 (Windows NT 6.1; WOW64) AppleWebKit/537.36 (KHTML, like Gecko) Chrome/54.0.2840.99 Safari/537.36" 
66.102.9.157 - - [28/Nov/2016:13:33:54 -0800] "GET /tg/b.zip HTTP/1.1" 206 1000344 "-" "Mozilla/5.0 (Windows NT 6.1; WOW64) AppleWebKit/537.36 (KHTML, like Gecko) Chrome/54.0.2840.99 Safari/537.36" 
66.102.9.128 - - [28/Nov/2016:13:33:55 -0800] "GET /tg/a.zip HTTP/1.1" 206 1000344 "-" "Mozilla/5.0 (Windows NT 6.1; WOW64) AppleWebKit/537.36 (KHTML, like Gecko) Chrome/54.0.2840.99 Safari/537.36" 
66.102.9.159 - - [28/Nov/2016:13:33:55 -0800] "GET /tg/c.zip HTTP/1.1" 206 1000344 "-" "Mozilla/5.0 (Windows NT 6.1; WOW64) AppleWebKit/537.36 (KHTML, like Gecko) Chrome/54.0.2840.99 Safari/537.36" 
66.102.9.157 - - [28/Nov/2016:13:33:55 -0800] "GET /tg/b.zip HTTP/1.1" 206 1000344 "-" "Mozilla/5.0 (Windows NT 6.1; WOW64) AppleWebKit/537.36 (KHTML, like Gecko) Chrome/54.0.2840.99 Safari/537.36" 
66.102.9.157 - - [28/Nov/2016:13:33:55 -0800] "GET /tg/a.zip HTTP/1.1" 206 1000344 "-" "Mozilla/5.0 (Windows NT 6.1; WOW64) AppleWebKit/537.36 (KHTML, like Gecko) Chrome/54.0.2840.99 Safari/537.36" 
66.102.9.128 - - [28/Nov/2016:13:33:55 -0800] "GET /tg/c.zip HTTP/1.1" 206 1000344 "-" "Mozilla/5.0 (Windows NT 6.1; WOW64) AppleWebKit/537.36 (KHTML, like Gecko) Chrome/54.0.2840.99 Safari/537.36" 
66.102.9.128 - - [28/Nov/2016:13:33:55 -0800] "GET /tg/b.zip HTTP/1.1" 206 693039 "-" "Mozilla/5.0 (Windows NT 6.1; WOW64) AppleWebKit/537.36 (KHTML, like Gecko) Chrome/54.0.2840.99 Safari/537.36" 
66.102.9.159 - - [28/Nov/2016:13:33:55 -0800] "GET /tg/c.zip HTTP/1.1" 206 1000344 "-" "Mozilla/5.0 (Windows NT 6.1; WOW64) AppleWebKit/537.36 (KHTML, like Gecko) Chrome/54.0.2840.99 Safari/537.36" 
66.102.9.157 - - [28/Nov/2016:13:33:55 -0800] "GET /tg/a.zip HTTP/1.1" 206 1000344 "-" "Mozilla/5.0 (Windows NT 6.1; WOW64) AppleWebKit/537.36 (KHTML, like Gecko) Chrome/54.0.2840.99 Safari/537.36" 
66.102.9.159 - - [28/Nov/2016:13:33:55 -0800] "GET /tg/c.zip HTTP/1.1" 206 1000344 "-" "Mozilla/5.0 (Windows NT 6.1; WOW64) AppleWebKit/537.36 (KHTML, like Gecko) Chrome/54.0.2840.99 Safari/537.36" 
66.102.9.128 - - [28/Nov/2016:13:33:55 -0800] "GET /tg/a.zip HTTP/1.1" 206 1000344 "-" "Mozilla/5.0 (Windows NT 6.1; WOW64) AppleWebKit/537.36 (KHTML, like Gecko) Chrome/54.0.2840.99 Safari/537.36" 
66.102.9.157 - - [28/Nov/2016:13:33:56 -0800] "GET /tg/c.zip HTTP/1.1" 206 1000344 "-" "Mozilla/5.0 (Windows NT 6.1; WOW64) AppleWebKit/537.36 (KHTML, like Gecko) Chrome/54.0.2840.99 Safari/537.36" 
66.102.9.157 - - [28/Nov/2016:13:33:56 -0800] "GET /tg/a.zip HTTP/1.1" 206 1000344 "-" "Mozilla/5.0 (Windows NT 6.1; WOW64) AppleWebKit/537.36 (KHTML, like Gecko) Chrome/54.0.2840.99 Safari/537.36" 
66.102.9.159 - - [28/Nov/2016:13:33:56 -0800] "GET /tg/c.zip HTTP/1.1" 206 1000344 "-" "Mozilla/5.0 (Windows NT 6.1; WOW64) AppleWebKit/537.36 (KHTML, like Gecko) Chrome/54.0.2840.99 Safari/537.36" 
66.102.9.157 - - [28/Nov/2016:13:33:56 -0800] "GET /tg/a.zip HTTP/1.1" 206 1000344 "-" "Mozilla/5.0 (Windows NT 6.1; WOW64) AppleWebKit/537.36 (KHTML, like Gecko) Chrome/54.0.2840.99 Safari/537.36" 
66.102.9.159 - - [28/Nov/2016:13:33:56 -0800] "GET /tg/c.zip HTTP/1.1" 206 1000344 "-" "Mozilla/5.0 (Windows NT 6.1; WOW64) AppleWebKit/537.36 (KHTML, like Gecko) Chrome/54.0.2840.99 Safari/537.36" 
66.102.9.128 - - [28/Nov/2016:13:33:57 -0800] "GET /tg/a.zip HTTP/1.1" 206 1000344 "-" "Mozilla/5.0 (Windows NT 6.1; WOW64) AppleWebKit/537.36 (KHTML, like Gecko) Chrome/54.0.2840.99 Safari/537.36" 
66.102.9.159 - - [28/Nov/2016:13:33:56 -0800] "GET /tg/a.zip HTTP/1.1" 206 1000345 "-" "Mozilla/5.0 (Windows NT 6.1; WOW64) AppleWebKit/537.36 (KHTML, like Gecko) Chrome/54.0.2840.99 Safari/537.36" 
66.102.9.159 - - [28/Nov/2016:13:33:57 -0800] "GET /tg/c.zip HTTP/1.1" 206 1000344 "-" "Mozilla/5.0 (Windows NT 6.1; WOW64) AppleWebKit/537.36 (KHTML, like Gecko) Chrome/54.0.2840.99 Safari/537.36" 
66.102.9.157 - - [28/Nov/2016:13:33:57 -0800] "GET /tg/a.zip HTTP/1.1" 206 1000344 "-" "Mozilla/5.0 (Windows NT 6.1; WOW64) AppleWebKit/537.36 (KHTML, like Gecko) Chrome/54.0.2840.99 Safari/537.36" 
66.102.9.159 - - [28/Nov/2016:13:33:57 -0800] "GET /tg/c.zip HTTP/1.1" 206 1000345 "-" "Mozilla/5.0 (Windows NT 6.1; WOW64) AppleWebKit/537.36 (KHTML, like Gecko) Chrome/54.0.2840.99 Safari/537.36" 
66.102.9.159 - - [28/Nov/2016:13:33:58 -0800] "GET /tg/c.zip HTTP/1.1" 206 1000344 "-" "Mozilla/5.0 (Windows NT 6.1; WOW64) AppleWebKit/537.36 (KHTML, like Gecko) Chrome/54.0.2840.99 Safari/537.36" 
66.102.9.128 - - [28/Nov/2016:13:33:58 -0800] "GET /tg/a.zip HTTP/1.1" 206 965060 "-" "Mozilla/5.0 (Windows NT 6.1; WOW64) AppleWebKit/537.36 (KHTML, like Gecko) Chrome/54.0.2840.99 Safari/537.36" 
66.102.9.157 - - [28/Nov/2016:13:33:58 -0800] "GET /tg/c.zip HTTP/1.1" 206 1000344 "-" "Mozilla/5.0 (Windows NT 6.1; WOW64) AppleWebKit/537.36 (KHTML, like Gecko) Chrome/54.0.2840.99 Safari/537.36" 
66.102.9.128 - - [28/Nov/2016:13:33:57 -0800] "GET /tg/c.zip HTTP/1.1" 206 1000345 "-" "Mozilla/5.0 (Windows NT 6.1; WOW64) AppleWebKit/537.36 (KHTML, like Gecko) Chrome/54.0.2840.99 Safari/537.36" 
66.102.9.128 - - [28/Nov/2016:13:33:57 -0800] "GET /tg/a.zip HTTP/1.1" 206 1000345 "-" "Mozilla/5.0 (Windows NT 6.1; WOW64) AppleWebKit/537.36 (KHTML, like Gecko) Chrome/54.0.2840.99 Safari/537.36" 
66.102.9.159 - - [28/Nov/2016:13:33:58 -0800] "GET /tg/c.zip HTTP/1.1" 206 1000344 "-" "Mozilla/5.0 (Windows NT 6.1; WOW64) AppleWebKit/537.36 (KHTML, like Gecko) Chrome/54.0.2840.99 Safari/537.36" 
66.102.9.128 - - [28/Nov/2016:13:33:58 -0800] "GET /tg/c.zip HTTP/1.1" 206 1000344 "-" "Mozilla/5.0 (Windows NT 6.1; WOW64) AppleWebKit/537.36 (KHTML, like Gecko) Chrome/54.0.2840.99 Safari/537.36" 
66.102.9.128 - - [28/Nov/2016:13:33:59 -0800] "GET /tg/c.zip HTTP/1.1" 206 1000344 "-" "Mozilla/5.0 (Windows NT 6.1; WOW64) AppleWebKit/537.36 (KHTML, like Gecko) Chrome/54.0.2840.99 Safari/537.36" 
66.102.9.157 - - [28/Nov/2016:13:33:59 -0800] "GET /tg/c.zip HTTP/1.1" 206 1000344 "-" "Mozilla/5.0 (Windows NT 6.1; WOW64) AppleWebKit/537.36 (KHTML, like Gecko) Chrome/54.0.2840.99 Safari/537.36" 
66.102.9.128 - - [28/Nov/2016:13:33:59 -0800] "GET /tg/c.zip HTTP/1.1" 206 1000344 "-" "Mozilla/5.0 (Windows NT 6.1; WOW64) AppleWebKit/537.36 (KHTML, like Gecko) Chrome/54.0.2840.99 Safari/537.36" 
66.102.9.159 - - [28/Nov/2016:13:33:59 -0800] "GET /tg/c.zip HTTP/1.1" 206 1000344 "-" "Mozilla/5.0 (Windows NT 6.1; WOW64) AppleWebKit/537.36 (KHTML, like Gecko) Chrome/54.0.2840.99 Safari/537.36" 
66.102.9.128 - - [28/Nov/2016:13:33:59 -0800] "GET /tg/c.zip HTTP/1.1" 206 1000344 "-" "Mozilla/5.0 (Windows NT 6.1; WOW64) AppleWebKit/537.36 (KHTML, like Gecko) Chrome/54.0.2840.99 Safari/537.36" 
66.102.9.128 - - [28/Nov/2016:13:34:00 -0800] "GET /tg/c.zip HTTP/1.1" 206 1000344 "-" "Mozilla/5.0 (Windows NT 6.1; WOW64) AppleWebKit/537.36 (KHTML, like Gecko) Chrome/54.0.2840.99 Safari/537.36" 
66.102.9.128 - - [28/Nov/2016:13:34:00 -0800] "GET /tg/c.zip HTTP/1.1" 206 1000344 "-" "Mozilla/5.0 (Windows NT 6.1; WOW64) AppleWebKit/537.36 (KHTML, like Gecko) Chrome/54.0.2840.99 Safari/537.36" 
66.102.9.159 - - [28/Nov/2016:13:34:00 -0800] "GET /tg/c.zip HTTP/1.1" 206 1000344 "-" "Mozilla/5.0 (Windows NT 6.1; WOW64) AppleWebKit/537.36 (KHTML, like Gecko) Chrome/54.0.2840.99 Safari/537.36" 
66.102.9.128 - - [28/Nov/2016:13:34:00 -0800] "GET /tg/c.zip HTTP/1.1" 206 1000344 "-" "Mozilla/5.0 (Windows NT 6.1; WOW64) AppleWebKit/537.36 (KHTML, like Gecko) Chrome/54.0.2840.99 Safari/537.36" 
66.102.9.159 - - [28/Nov/2016:13:34:00 -0800] "GET /tg/c.zip HTTP/1.1" 206 1000344 "-" "Mozilla/5.0 (Windows NT 6.1; WOW64) AppleWebKit/537.36 (KHTML, like Gecko) Chrome/54.0.2840.99 Safari/537.36" 
66.102.9.159 - - [28/Nov/2016:13:34:01 -0800] "GET /tg/c.zip HTTP/1.1" 206 1000344 "-" "Mozilla/5.0 (Windows NT 6.1; WOW64) AppleWebKit/537.36 (KHTML, like Gecko) Chrome/54.0.2840.99 Safari/537.36" 
66.102.9.159 - - [28/Nov/2016:13:34:01 -0800] "GET /tg/c.zip HTTP/1.1" 206 1000345 "-" "Mozilla/5.0 (Windows NT 6.1; WOW64) AppleWebKit/537.36 (KHTML, like Gecko) Chrome/54.0.2840.99 Safari/537.36" 
66.102.9.159 - - [28/Nov/2016:13:34:01 -0800] "GET /tg/c.zip HTTP/1.1" 206 1000344 "-" "Mozilla/5.0 (Windows NT 6.1; WOW64) AppleWebKit/537.36 (KHTML, like Gecko) Chrome/54.0.2840.99 Safari/537.36" 
66.102.9.157 - - [28/Nov/2016:13:34:02 -0800] "GET /tg/c.zip HTTP/1.1" 206 40505 "-" "Mozilla/5.0 (Windows NT 6.1; WOW64) AppleWebKit/537.36 (KHTML, like Gecko) Chrome/54.0.2840.99 Safari/537.36" 
66.102.9.157 - - [28/Nov/2016:13:34:01 -0800] "GET /tg/c.zip HTTP/1.1" 206 1000345 "-" "Mozilla/5.0 (Windows NT 6.1; WOW64) AppleWebKit/537.36 (KHTML, like Gecko) Chrome/54.0.2840.99 Safari/537.36" 
188.234.37.97 - - [28/Nov/2016:13:36:18 -0800] "GET / HTTP/1.1" 301 442 "-" "PycURL/7.43.0 libcurl/7.22.0 OpenSSL/1.0.1 zlib/1.2.3.4 libidn/1.23 librtmp/2.3" 
93.80.145.208 - - [28/Nov/2016:13:36:19 -0800] "GET / HTTP/1.1" 200 34061 "-" "PycURL/7.43.0 libcurl/7.22.0 OpenSSL/1.0.1 zlib/1.2.3.4 libidn/1.23 librtmp/2.3" 
71.9.178.251 - - [28/Nov/2016:14:02:22 -0800] "GET / HTTP/1.1" 200 10179 "http://www.mlsecproject.org/" "Mozilla/5.0 (Macintosh; Intel Mac OS X 10_11_6) AppleWebKit/537.36 (KHTML, like Gecko) Chrome/54.0.2840.98 Safari/537.36" 
71.9.178.251 - - [28/Nov/2016:14:02:23 -0800] "GET /GitHub-Mark.png HTTP/1.1" 200 7427 "http://www.secrepo.com/" "Mozilla/5.0 (Macintosh; Intel Mac OS X 10_11_6) AppleWebKit/537.36 (KHTML, like Gecko) Chrome/54.0.2840.98 Safari/537.36" 
70.168.147.250 - - [28/Nov/2016:14:04:06 -0800] "GET / HTTP/1.1" 200 10179 "-" "Mozilla/5.0 (Macintosh; Intel Mac OS X 10_11_6) AppleWebKit/537.36 (KHTML, like Gecko) Chrome/54.0.2840.98 Safari/537.36" 
70.168.147.250 - - [28/Nov/2016:14:04:06 -0800] "GET /twitter-icon.png HTTP/1.1" 200 27787 "http://www.secrepo.com/" "Mozilla/5.0 (Macintosh; Intel Mac OS X 10_11_6) AppleWebKit/537.36 (KHTML, like Gecko) Chrome/54.0.2840.98 Safari/537.36" 
70.168.147.250 - - [28/Nov/2016:14:04:06 -0800] "GET /GitHub-Mark.png HTTP/1.1" 200 7428 "http://www.secrepo.com/" "Mozilla/5.0 (Macintosh; Intel Mac OS X 10_11_6) AppleWebKit/537.36 (KHTML, like Gecko) Chrome/54.0.2840.98 Safari/537.36" 
70.168.147.250 - - [28/Nov/2016:14:04:07 -0800] "GET /bootstrap/img/favicon.ico HTTP/1.1" 200 589 "http://www.secrepo.com/" "Mozilla/5.0 (Macintosh; Intel Mac OS X 10_11_6) AppleWebKit/537.36 (KHTML, like Gecko) Chrome/54.0.2840.98 Safari/537.36" 
204.107.141.240 - - [28/Nov/2016:14:04:21 -0800] "GET / HTTP/1.1" 200 10179 "-" "Mozilla/5.0 (Macintosh; Intel Mac OS X 10_11_6) AppleWebKit/602.2.14 (KHTML, like Gecko) Version/10.0.1 Safari/602.2.14" 
204.107.141.240 - - [28/Nov/2016:14:04:22 -0800] "GET /twitter-icon.png HTTP/1.1" 200 27787 "http://www.secrepo.com/" "Mozilla/5.0 (Macintosh; Intel Mac OS X 10_11_6) AppleWebKit/602.2.14 (KHTML, like Gecko) Version/10.0.1 Safari/602.2.14" 
204.107.141.240 - - [28/Nov/2016:14:04:22 -0800] "GET /GitHub-Mark.png HTTP/1.1" 200 7428 "http://www.secrepo.com/" "Mozilla/5.0 (Macintosh; Intel Mac OS X 10_11_6) AppleWebKit/602.2.14 (KHTML, like Gecko) Version/10.0.1 Safari/602.2.14" 
204.107.141.240 - - [28/Nov/2016:14:04:22 -0800] "GET /bootstrap/img/favicon.ico HTTP/1.1" 200 590 "http://www.secrepo.com/" "Mozilla/5.0 (Macintosh; Intel Mac OS X 10_11_6) AppleWebKit/602.2.14 (KHTML, like Gecko) Version/10.0.1 Safari/602.2.14" 
54.172.255.200 - - [28/Nov/2016:14:04:26 -0800] "GET / HTTP/1.1" 200 10179 "-" "Iframely/0.8.5 (+http://iframely.com/;)" 
70.168.147.250 - - [28/Nov/2016:14:04:26 -0800] "GET /bootstrap/img/favicon.ico HTTP/1.1" 200 590 "-" "Mozilla/5.0 (Macintosh; Intel Mac OS X 10_11_6) AppleWebKit/601.7.7 (KHTML, like Gecko) HipChat/718 (modern)" 
70.168.147.250 - - [28/Nov/2016:14:04:26 -0800] "GET /bootstrap/img/favicon.ico HTTP/1.1" 200 590 "-" "Mozilla/5.0 (Windows NT 10.0; Win64; x64) AppleWebKit/537.36 (KHTML, like Gecko) Chrome/54.0.2840.99 Safari/537.36" 
157.55.39.31 - - [28/Nov/2016:14:04:32 -0800] "GET /self.logs/error.log.2015-04-12.gz HTTP/1.1" 200 942 "-" "Mozilla/5.0 (compatible; bingbot/2.0; +http://www.bing.com/bingbot.htm)" 
157.55.39.31 - - [28/Nov/2016:14:11:54 -0800] "GET /self.logs/access.log.2016-08-28.gz HTTP/1.1" 200 7317 "-" "Mozilla/5.0 (compatible; bingbot/2.0; +http://www.bing.com/bingbot.htm)" 
220.181.51.120 - - [28/Nov/2016:14:24:37 -0800] "GET /robots.txt HTTP/1.1" 200 297 "-" "Mozilla/5.0 (Windows NT 10.0; WOW64) AppleWebKit/537.36 (KHTML, like Gecko) Chrome/45.0.2454.93 Safari/537.36" 
70.168.147.250 - - [28/Nov/2016:14:28:46 -0800] "GET /maccdc2012/conn.log.gz HTTP/1.1" 200 551041635 "-" "Mozilla/5.0 (Macintosh; Intel Mac OS X 10_11_6) AppleWebKit/537.36 (KHTML, like Gecko) Chrome/54.0.2840.98 Safari/537.36" 
93.42.41.177 - - [28/Nov/2016:14:39:33 -0800] "GET / HTTP/1.1" 200 10179 "-" "Mozilla/5.0 (iPhone; CPU iPhone OS 10_1_1 like Mac OS X) AppleWebKit/602.2.14 (KHTML, like Gecko) Version/10.0 Mobile/14B100 Safari/602.1" 
93.42.41.177 - - [28/Nov/2016:14:39:34 -0800] "GET /twitter-icon.png HTTP/1.1" 200 27787 "http://www.secrepo.com/" "Mozilla/5.0 (iPhone; CPU iPhone OS 10_1_1 like Mac OS X) AppleWebKit/602.2.14 (KHTML, like Gecko) Version/10.0 Mobile/14B100 Safari/602.1" 
93.42.41.177 - - [28/Nov/2016:14:39:34 -0800] "GET /GitHub-Mark.png HTTP/1.1" 200 7428 "http://www.secrepo.com/" "Mozilla/5.0 (iPhone; CPU iPhone OS 10_1_1 like Mac OS X) AppleWebKit/602.2.14 (KHTML, like Gecko) Version/10.0 Mobile/14B100 Safari/602.1" 
188.141.67.94 - - [28/Nov/2016:15:01:40 -0800] "GET / HTTP/1.1" 200 10179 "https://www.google.ie/" "Mozilla/5.0 (Macintosh; Intel Mac OS X 10_10_5) AppleWebKit/602.2.14 (KHTML, like Gecko) Version/10.0.1 Safari/602.2.14" 
188.141.67.94 - - [28/Nov/2016:15:01:41 -0800] "GET /twitter-icon.png HTTP/1.1" 200 27787 "http://www.secrepo.com/" "Mozilla/5.0 (Macintosh; Intel Mac OS X 10_10_5) AppleWebKit/602.2.14 (KHTML, like Gecko) Version/10.0.1 Safari/602.2.14" 
188.141.67.94 - - [28/Nov/2016:15:01:41 -0800] "GET /GitHub-Mark.png HTTP/1.1" 200 7428 "http://www.secrepo.com/" "Mozilla/5.0 (Macintosh; Intel Mac OS X 10_10_5) AppleWebKit/602.2.14 (KHTML, like Gecko) Version/10.0.1 Safari/602.2.14" 
188.141.67.94 - - [28/Nov/2016:15:01:42 -0800] "GET /bootstrap/img/favicon.ico HTTP/1.1" 200 590 "http://www.secrepo.com/" "Mozilla/5.0 (Macintosh; Intel Mac OS X 10_10_5) AppleWebKit/602.2.14 (KHTML, like Gecko) Version/10.0.1 Safari/602.2.14" 
188.141.67.94 - - [28/Nov/2016:15:01:56 -0800] "GET /maccdc2012/conn.log.gz HTTP/1.1" 200 551041635 "http://www.secrepo.com/" "Mozilla/5.0 (Macintosh; Intel Mac OS X 10_10_5) AppleWebKit/602.2.14 (KHTML, like Gecko) Version/10.0.1 Safari/602.2.14" 
207.46.13.23 - - [28/Nov/2016:15:05:51 -0800] "GET /self.logs/access.log.2016-08-25.gz HTTP/1.1" 200 6256 "-" "Mozilla/5.0 (compatible; bingbot/2.0; +http://www.bing.com/bingbot.htm)" 
188.141.67.94 - - [28/Nov/2016:15:06:31 -0800] "GET /pe_static/zeus.zip HTTP/1.1" 200 51367111 "http://www.secrepo.com/" "Mozilla/5.0 (Macintosh; Intel Mac OS X 10_10_5) AppleWebKit/602.2.14 (KHTML, like Gecko) Version/10.0.1 Safari/602.2.14" 
2.30.245.207 - - [28/Nov/2016:15:16:22 -0800] "GET / HTTP/1.1" 200 10179 "-" "Mozilla/5.0 (Macintosh; Intel Mac OS X 10_10_5) AppleWebKit/600.8.9 (KHTML, like Gecko) Version/8.0.8 Safari/600.8.9" 
2.30.245.207 - - [28/Nov/2016:15:16:22 -0800] "GET /bootstrap/img/favicon.ico HTTP/1.1" 200 589 "http://www.secrepo.com/" "Mozilla/5.0 (Macintosh; Intel Mac OS X 10_10_5) AppleWebKit/600.8.9 (KHTML, like Gecko) Version/8.0.8 Safari/600.8.9" 
2.30.245.207 - - [28/Nov/2016:15:16:23 -0800] "GET / HTTP/1.1" 200 10178 "-" "Mozilla/5.0 (iPhone; CPU iPhone OS 8_1 like Mac OS X) AppleWebKit/600.1.4 (KHTML, like Gecko) Version/8.0 Mobile/12B410 Safari/600.1.4" 
2.30.245.207 - - [28/Nov/2016:15:16:23 -0800] "GET /apple-touch-icon-precomposed.png HTTP/1.1" 404 340 "-" "com.apple.WebKit.WebContent/10600.8.9 CFNetwork/720.5.7 Darwin/14.5.0 (x86_64)" 
2.30.245.207 - - [28/Nov/2016:15:16:23 -0800] "GET /apple-touch-icon.png HTTP/1.1" 404 339 "-" "com.apple.WebKit.WebContent/10600.8.9 CFNetwork/720.5.7 Darwin/14.5.0 (x86_64)" 
2.30.245.207 - - [28/Nov/2016:15:16:24 -0800] "GET / HTTP/1.1" 200 10178 "-" "Mozilla/5.0 (Macintosh; Intel Mac OS X 10_10_5) AppleWebKit/600.8.9 (KHTML, like Gecko) Version/8.0.8 Safari/600.8.9" 
2.30.245.207 - - [28/Nov/2016:15:16:28 -0800] "GET / HTTP/1.1" 200 10179 "-" "Mozilla/5.0 (iPhone; CPU iPhone OS 8_1 like Mac OS X) AppleWebKit/600.1.4 (KHTML, like Gecko) Version/8.0 Mobile/12B410 Safari/600.1.4" 
2.30.245.207 - - [28/Nov/2016:15:16:28 -0800] "GET /apple-touch-icon-precomposed.png HTTP/1.1" 404 340 "-" "com.apple.WebKit.WebContent/10600.8.9 CFNetwork/720.5.7 Darwin/14.5.0 (x86_64)" 
2.30.245.207 - - [28/Nov/2016:15:16:29 -0800] "GET /apple-touch-icon.png HTTP/1.1" 404 339 "-" "com.apple.WebKit.WebContent/10600.8.9 CFNetwork/720.5.7 Darwin/14.5.0 (x86_64)" 
209.129.244.192 - - [28/Nov/2016:15:41:14 -0800] "GET / HTTP/1.1" 200 10179 "-" "Mozilla/5.0 (Macintosh; Intel Mac OS X 10_12_1) AppleWebKit/602.2.14 (KHTML, like Gecko) Version/10.0.1 Safari/602.2.14" 
209.129.244.192 - - [28/Nov/2016:15:41:14 -0800] "GET /twitter-icon.png HTTP/1.1" 200 27787 "http://www.secrepo.com/" "Mozilla/5.0 (Macintosh; Intel Mac OS X 10_12_1) AppleWebKit/602.2.14 (KHTML, like Gecko) Version/10.0.1 Safari/602.2.14" 
209.129.244.192 - - [28/Nov/2016:15:41:15 -0800] "GET /GitHub-Mark.png HTTP/1.1" 200 7428 "http://www.secrepo.com/" "Mozilla/5.0 (Macintosh; Intel Mac OS X 10_12_1) AppleWebKit/602.2.14 (KHTML, like Gecko) Version/10.0.1 Safari/602.2.14" 
209.129.244.192 - - [28/Nov/2016:15:41:29 -0800] "GET / HTTP/1.1" 200 10179 "-" "Mozilla/5.0 (Macintosh; Intel Mac OS X 10_11_6) AppleWebKit/537.36 (KHTML, like Gecko) Chrome/54.0.2840.98 Safari/537.36" 
209.129.244.192 - - [28/Nov/2016:15:41:30 -0800] "GET /twitter-icon.png HTTP/1.1" 200 27787 "http://www.secrepo.com/" "Mozilla/5.0 (Macintosh; Intel Mac OS X 10_11_6) AppleWebKit/537.36 (KHTML, like Gecko) Chrome/54.0.2840.98 Safari/537.36" 
209.129.244.192 - - [28/Nov/2016:15:41:30 -0800] "GET /GitHub-Mark.png HTTP/1.1" 200 7428 "http://www.secrepo.com/" "Mozilla/5.0 (Macintosh; Intel Mac OS X 10_11_6) AppleWebKit/537.36 (KHTML, like Gecko) Chrome/54.0.2840.98 Safari/537.36" 
74.119.169.151 - - [28/Nov/2016:15:41:42 -0800] "HEAD /tg/a.zip HTTP/1.1" 200 284 "-" "Microsoft Office Word 2014" 
74.119.169.151 - - [28/Nov/2016:15:41:42 -0800] "GET /tg/a.zip HTTP/1.1" 200 66189337 "-" "Mozilla/4.0 (compatible; MSIE 7.0; Windows NT 10.0; WOW64; Trident/7.0; .NET4.0C; .NET4.0E; .NET CLR 2.0.50727; .NET CLR 3.0.30729; .NET CLR 3.5.30729; TNJB; ms-office)" 
74.119.169.154 - - [28/Nov/2016:15:44:35 -0800] "GET /tg/a.zip HTTP/1.1" 200 66189337 "-" "Mozilla/5.0 (Macintosh; Intel Mac OS X 10_11_6) AppleWebKit/537.36 (KHTML, like Gecko) Chrome/54.0.2840.98 Safari/537.36" 
74.119.169.151 - - [28/Nov/2016:15:43:54 -0800] "GET /tg/a.zip HTTP/1.1" 200 66189337 "-" "Mozilla/5.0 (Windows NT 10.0; WOW64; rv:50.0) Gecko/20100101 Firefox/50.0" 
74.119.169.154 - - [28/Nov/2016:15:52:03 -0800] "GET /tg/a.zip HTTP/1.1" 200 66189337 "-" "Mozilla/5.0 (Macintosh; Intel Mac OS X 10.12; rv:50.0) Gecko/20100101 Firefox/50.0" 
54.165.127.242 - - [28/Nov/2016:15:55:41 -0800] "GET / HTTP/1.1" 200 10179 "-" "Mozilla/5.0 (Macintosh; Intel Mac OS X 10.11; rv:48.0) Gecko/20100101 Firefox/48.0" 
74.119.169.155 - - [28/Nov/2016:15:55:59 -0800] "HEAD /tg/a.zip HTTP/1.1" 200 284 "-" "Microsoft Office Word 2013" 
74.119.169.155 - - [28/Nov/2016:15:56:03 -0800] "GET /tg/a.zip HTTP/1.1" 200 66189337 "-" "Mozilla/4.0 (compatible; MSIE 7.0; Windows NT 6.2; WOW64; Trident/7.0; .NET4.0E; .NET4.0C; .NET CLR 3.5.30729; .NET CLR 2.0.50727; .NET CLR 3.0.30729; Tablet PC 2.0; ASU2JS; ms-office)" 
74.119.169.155 - - [28/Nov/2016:15:57:19 -0800] "GET /tg/a.zip HTTP/1.1" 200 66189337 "-" "Mozilla/5.0 (Windows NT 6.3; WOW64; rv:50.0) Gecko/20100101 Firefox/50.0" 
66.249.83.84 - - [28/Nov/2016:16:24:19 -0800] "GET / HTTP/1.1" 200 10179 "-" "Mozilla/5.0 (X11; Linux x86_64) AppleWebKit/537.36 (KHTML, like Gecko) Chrome/49.0.2623.75 Safari/537.36 Google Favicon" 
66.249.83.83 - - [28/Nov/2016:16:24:19 -0800] "GET /bootstrap/img/favicon.ico HTTP/1.1" 200 590 "-" "Mozilla/5.0 (X11; Linux x86_64) AppleWebKit/537.36 (KHTML, like Gecko) Chrome/49.0.2623.75 Safari/537.36 Google Favicon" 
71.126.167.218 - - [28/Nov/2016:16:24:27 -0800] "GET / HTTP/1.1" 200 10179 "-" "Mozilla/5.0 (Windows NT 10.0; WOW64; rv:50.0) Gecko/20100101 Firefox/50.0" 
71.126.167.218 - - [28/Nov/2016:16:24:27 -0800] "GET /twitter-icon.png HTTP/1.1" 200 27787 "http://www.secrepo.com/" "Mozilla/5.0 (Windows NT 10.0; WOW64; rv:50.0) Gecko/20100101 Firefox/50.0" 
71.126.167.218 - - [28/Nov/2016:16:24:28 -0800] "GET /GitHub-Mark.png HTTP/1.1" 200 7427 "http://www.secrepo.com/" "Mozilla/5.0 (Windows NT 10.0; WOW64; rv:50.0) Gecko/20100101 Firefox/50.0" 
71.126.167.218 - - [28/Nov/2016:16:24:28 -0800] "GET /bootstrap/img/favicon.ico HTTP/1.1" 200 589 "-" "Mozilla/5.0 (Windows NT 10.0; WOW64; rv:50.0) Gecko/20100101 Firefox/50.0" 
71.126.167.218 - - [28/Nov/2016:16:25:48 -0800] "GET /self.logs/ HTTP/1.1" 200 14026 "http://www.secrepo.com/" "Mozilla/5.0 (Windows NT 10.0; WOW64; rv:50.0) Gecko/20100101 Firefox/50.0" 
71.126.167.218 - - [28/Nov/2016:16:26:03 -0800] "GET /squid/access.log.gz HTTP/1.1" 200 23177322 "http://www.secrepo.com/" "Mozilla/5.0 (Windows NT 10.0; WOW64; rv:50.0) Gecko/20100101 Firefox/50.0" 
71.126.167.218 - - [28/Nov/2016:16:26:12 -0800] "GET /honeypot/honeypot.json.zip HTTP/1.1" 200 4631873 "http://www.secrepo.com/" "Mozilla/5.0 (Windows NT 10.0; WOW64; rv:50.0) Gecko/20100101 Firefox/50.0" 
172.99.78.104 - - [28/Nov/2016:16:26:22 -0800] "GET /robots.txt HTTP/1.1" 301 446 "-" "Tornado-Async-Client" 
172.99.78.104 - - [28/Nov/2016:16:26:22 -0800] "GET /robots.txt HTTP/1.1" 200 304 "-" "Tornado-Async-Client" 
172.99.78.104 - - [28/Nov/2016:16:26:22 -0800] "GET /honeypot/BSidesDFW%20-%202014.ipynb HTTP/1.1" 301 484 "-" "Tornado-Async-Client" 
172.99.78.104 - - [28/Nov/2016:16:26:22 -0800] "GET /honeypot/BSidesDFW%20-%202014.ipynb HTTP/1.1" 200 930780 "-" "Tornado-Async-Client" 
66.249.66.105 - - [28/Nov/2016:16:32:28 -0800] "GET / HTTP/1.1" 200 10179 "-" "Mozilla/5.0 (Linux; Android 6.0.1; Nexus 5X Build/MMB29P) AppleWebKit/537.36 (KHTML, like Gecko) Chrome/41.0.2272.96 Mobile Safari/537.36 (compatible; Googlebot/2.1; +http://www.google.com/bot.html)" 
74.119.169.150 - - [28/Nov/2016:16:34:08 -0800] "OPTIONS /tg/ HTTP/1.1" 200 213 "-" "Microsoft Office Protocol Discovery" 
74.119.169.150 - - [28/Nov/2016:16:34:08 -0800] "GET /tg/a.zip HTTP/1.1" 200 66189336 "-" "Mozilla/4.0 (compatible; MSIE 7.0; Windows NT 6.1; WOW64; Trident/7.0; SLCC2; .NET CLR 2.0.50727; .NET CLR 3.5.30729; .NET CLR 3.0.30729; Media Center PC 6.0; .NET4.0C; .NET4.0E; InfoPath.3; ms-office)" 
71.126.167.218 - - [28/Nov/2016:16:34:51 -0800] "GET /self.logs/ HTTP/1.1" 200 14026 "http://www.secrepo.com/" "Mozilla/5.0 (Windows NT 10.0; WOW64; rv:50.0) Gecko/20100101 Firefox/50.0" 
71.126.167.218 - - [28/Nov/2016:16:34:53 -0800] "GET /self.logs/access.log.2015-01-17.gz HTTP/1.1" 200 3597 "http://www.secrepo.com/self.logs/" "Mozilla/5.0 (Windows NT 10.0; WOW64; rv:50.0) Gecko/20100101 Firefox/50.0" 
71.126.167.218 - - [28/Nov/2016:16:35:00 -0800] "GET /self.logs/access.log.2015-01-21.gz HTTP/1.1" 200 4027 "http://www.secrepo.com/self.logs/" "Mozilla/5.0 (Windows NT 10.0; WOW64; rv:50.0) Gecko/20100101 Firefox/50.0" 
74.119.169.150 - - [28/Nov/2016:16:34:45 -0800] "GET /tg/a.zip HTTP/1.1" 200 66189337 "-" "Mozilla/5.0 (Windows NT 6.1; Win64; x64) AppleWebKit/537.36 (KHTML, like Gecko) Chrome/54.0.2840.99 Safari/537.36" 
71.126.167.218 - - [28/Nov/2016:16:35:14 -0800] "GET /self.logs/error.log.2016-10-26.gz HTTP/1.1" 200 856 "http://www.secrepo.com/self.logs/" "Mozilla/5.0 (Windows NT 10.0; WOW64; rv:50.0) Gecko/20100101 Firefox/50.0" 
71.126.167.218 - - [28/Nov/2016:16:35:23 -0800] "GET /self.logs/error.log.2016-10-30.gz HTTP/1.1" 200 820 "http://www.secrepo.com/self.logs/" "Mozilla/5.0 (Windows NT 10.0; WOW64; rv:50.0) Gecko/20100101 Firefox/50.0" 
71.126.167.218 - - [28/Nov/2016:16:35:33 -0800] "GET /Security-Data-Analysis/Lab_1/conn.log.zip HTTP/1.1" 200 549098528 "http://www.secrepo.com/" "Mozilla/5.0 (Windows NT 10.0; WOW64; rv:50.0) Gecko/20100101 Firefox/50.0" 
151.37.33.14 - - [28/Nov/2016:16:41:05 -0800] "GET / HTTP/1.1" 200 10179 "https://www.google.it/" "Mozilla/5.0 (Linux; Android 5.0.2; SAMSUNG SM-G901F-ORANGE Build/LRX22G) AppleWebKit/537.36 (KHTML, like Gecko) SamsungBrowser/2.1 Chrome/34.0.1847.76 Mobile Safari/537.36" 
151.37.33.14 - - [28/Nov/2016:16:41:05 -0800] "GET /twitter-icon.png HTTP/1.1" 200 27787 "http://www.secrepo.com/" "Mozilla/5.0 (Linux; Android 5.0.2; SAMSUNG SM-G901F-ORANGE Build/LRX22G) AppleWebKit/537.36 (KHTML, like Gecko) SamsungBrowser/2.1 Chrome/34.0.1847.76 Mobile Safari/537.36" 
151.37.33.14 - - [28/Nov/2016:16:41:05 -0800] "GET /GitHub-Mark.png HTTP/1.1" 200 7428 "http://www.secrepo.com/" "Mozilla/5.0 (Linux; Android 5.0.2; SAMSUNG SM-G901F-ORANGE Build/LRX22G) AppleWebKit/537.36 (KHTML, like Gecko) SamsungBrowser/2.1 Chrome/34.0.1847.76 Mobile Safari/537.36" 
151.37.33.14 - - [28/Nov/2016:16:41:06 -0800] "GET /bootstrap/img/favicon.ico HTTP/1.1" 200 590 "-" "Mozilla/5.0 (Linux; Android 5.0.2; SAMSUNG SM-G901F-ORANGE Build/LRX22G) AppleWebKit/537.36 (KHTML, like Gecko) SamsungBrowser/2.1 Chrome/34.0.1847.76 Mobile Safari/537.36" 
74.119.169.155 - - [28/Nov/2016:16:48:39 -0800] "HEAD /tg/a.zip HTTP/1.1" 200 284 "-" "Microsoft Office Word 2013" 
74.119.169.155 - - [28/Nov/2016:16:48:45 -0800] "GET /tg/a.zip HTTP/1.1" 200 66189337 "-" "Mozilla/5.0 (Windows NT 6.3; WOW64; rv:50.0) Gecko/20100101 Firefox/50.0" 
74.119.169.154 - - [28/Nov/2016:17:09:29 -0800] "GET / HTTP/1.1" 301 483 "-" "Mozilla/5.0 (Macintosh; Intel Mac OS X 10.12; rv:50.0) Gecko/20100101 Firefox/50.0" 
74.119.169.154 - - [28/Nov/2016:17:09:29 -0800] "GET / HTTP/1.1" 200 10179 "-" "Mozilla/5.0 (Macintosh; Intel Mac OS X 10.12; rv:50.0) Gecko/20100101 Firefox/50.0" 
74.119.169.154 - - [28/Nov/2016:17:09:30 -0800] "GET /bootstrap/img/favicon.ico HTTP/1.1" 200 589 "-" "Mozilla/5.0 (Macintosh; Intel Mac OS X 10.12; rv:50.0) Gecko/20100101 Firefox/50.0" 
74.119.169.154 - - [28/Nov/2016:17:09:30 -0800] "GET /GitHub-Mark.png HTTP/1.1" 200 7428 "http://www.secrepo.com/" "Mozilla/5.0 (Macintosh; Intel Mac OS X 10.12; rv:50.0) Gecko/20100101 Firefox/50.0" 
74.119.169.154 - - [28/Nov/2016:17:09:30 -0800] "GET /twitter-icon.png HTTP/1.1" 200 27787 "http://www.secrepo.com/" "Mozilla/5.0 (Macintosh; Intel Mac OS X 10.12; rv:50.0) Gecko/20100101 Firefox/50.0" 
74.119.169.154 - - [28/Nov/2016:17:10:31 -0800] "GET /tg/ HTTP/1.1" 200 593 "-" "Mozilla/5.0 (Macintosh; Intel Mac OS X 10.12; rv:50.0) Gecko/20100101 Firefox/50.0" 
74.119.169.154 - - [28/Nov/2016:17:10:32 -0800] "GET /favicon.ico HTTP/1.1" 200 267 "-" "Mozilla/5.0 (Macintosh; Intel Mac OS X 10.12; rv:50.0) Gecko/20100101 Firefox/50.0" 
74.119.169.154 - - [28/Nov/2016:17:13:31 -0800] "GET /maccdc2012/http.log.gz HTTP/1.1" 200 8786622 "http://www.secrepo.com/" "Mozilla/5.0 (Macintosh; Intel Mac OS X 10.12; rv:50.0) Gecko/20100101 Firefox/50.0" 
74.119.169.154 - - [28/Nov/2016:17:13:39 -0800] "GET /tg/a.zip HTTP/1.1" 200 15044136 "http://www.secrepo.com/" "Mozilla/5.0 (Macintosh; Intel Mac OS X 10.12; rv:50.0) Gecko/20100101 Firefox/50.0" 
40.77.167.88 - - [28/Nov/2016:17:16:30 -0800] "GET / HTTP/1.1" 200 10179 "-" "Mozilla/5.0 (compatible; bingbot/2.0; +http://www.bing.com/bingbot.htm)" 
95.10.232.167 - - [28/Nov/2016:17:19:30 -0800] "GET / HTTP/1.1" 301 483 "http://1-free-share-buttons.com" "Mozilla/5.0 (Windows NT 6.1; WOW64) AppleWebKit/537.36 (KHTML, like Gecko) Chrome/36.0.1985.143 Safari/537.36" 
95.10.232.167 - - [28/Nov/2016:17:19:30 -0800] "GET / HTTP/1.1" 200 10179 "http://1-free-share-buttons.com" "Mozilla/5.0 (Windows NT 6.1; WOW64) AppleWebKit/537.36 (KHTML, like Gecko) Chrome/36.0.1985.143 Safari/537.36" 
95.10.232.167 - - [28/Nov/2016:17:19:31 -0800] "GET /twitter-icon.png HTTP/1.1" 200 27787 "http://www.secrepo.com/" "Mozilla/5.0 (Windows NT 6.1; WOW64) AppleWebKit/537.36 (KHTML, like Gecko) Chrome/36.0.1985.143 Safari/537.36" 
95.10.232.167 - - [28/Nov/2016:17:19:31 -0800] "GET /GitHub-Mark.png HTTP/1.1" 200 7428 "http://www.secrepo.com/" "Mozilla/5.0 (Windows NT 6.1; WOW64) AppleWebKit/537.36 (KHTML, like Gecko) Chrome/36.0.1985.143 Safari/537.36" 
204.107.141.240 - - [28/Nov/2016:17:29:30 -0800] "GET / HTTP/1.1" 200 10179 "https://www.google.com/" "Mozilla/5.0 (Macintosh; Intel Mac OS X 10_11_6) AppleWebKit/602.1.50 (KHTML, like Gecko) Version/10.0 Safari/602.1.50" 
204.107.141.240 - - [28/Nov/2016:17:29:30 -0800] "GET /twitter-icon.png HTTP/1.1" 200 27787 "http://www.secrepo.com/" "Mozilla/5.0 (Macintosh; Intel Mac OS X 10_11_6) AppleWebKit/602.1.50 (KHTML, like Gecko) Version/10.0 Safari/602.1.50" 
204.107.141.240 - - [28/Nov/2016:17:29:30 -0800] "GET /GitHub-Mark.png HTTP/1.1" 200 7428 "http://www.secrepo.com/" "Mozilla/5.0 (Macintosh; Intel Mac OS X 10_11_6) AppleWebKit/602.1.50 (KHTML, like Gecko) Version/10.0 Safari/602.1.50" 
204.107.141.240 - - [28/Nov/2016:17:29:31 -0800] "GET /bootstrap/img/favicon.ico HTTP/1.1" 200 590 "http://www.secrepo.com/" "Mozilla/5.0 (Macintosh; Intel Mac OS X 10_11_6) AppleWebKit/602.1.50 (KHTML, like Gecko) Version/10.0 Safari/602.1.50" 
130.126.153.157 - - [28/Nov/2016:17:30:04 -0800] "GET /bootstrap/img/favicon.ico HTTP/1.1" 200 590 "-" "Mozilla/5.0 (Windows NT 10.0; WOW64; rv:50.0) Gecko/20100101 Firefox/50.0" 
40.77.167.91 - - [28/Nov/2016:17:37:52 -0800] "GET /robots.txt HTTP/1.1" 200 289 "-" "Mozilla/5.0 (compatible; bingbot/2.0; +http://www.bing.com/bingbot.htm)" 
74.119.169.154 - - [28/Nov/2016:18:04:05 -0800] "GET /honeypot/Honeypot%20-%20Howto.pdf HTTP/1.1" 200 1279418 "https://www.google.com/" "Mozilla/5.0 (Macintosh; Intel Mac OS X 10.12; rv:50.0) Gecko/20100101 Firefox/50.0" 
74.119.169.154 - - [28/Nov/2016:18:04:06 -0800] "GET /honeypot/Honeypot%20-%20Howto.pdf HTTP/1.1" 206 34290 "https://www.google.com/" "Mozilla/5.0 (Macintosh; Intel Mac OS X 10.12; rv:50.0) Gecko/20100101 Firefox/50.0" 
220.181.171.121 - - [28/Nov/2016:18:04:36 -0800] "GET /favicon.ico HTTP/1.1" 200 212 "-" "Mozilla/4.0 (compatible; MSIE 7.0; Windows NT 5.1; Trident/4.0; .NET CLR 2.0.50727; 360space)" 
207.46.13.23 - - [28/Nov/2016:18:05:21 -0800] "GET /self.logs/error.log.2016-08-13.gz HTTP/1.1" 200 905 "-" "Mozilla/5.0 (compatible; bingbot/2.0; +http://www.bing.com/bingbot.htm)" 
138.197.25.148 - - [28/Nov/2016:18:10:52 -0800] "GET /robots.txt HTTP/1.1" 301 465 "-" "Mozilla/5.0 (compatible; spbot/5.0.3; +http://OpenLinkProfiler.org/bot )" 
138.197.25.148 - - [28/Nov/2016:18:10:52 -0800] "GET /robots.txt HTTP/1.1" 200 297 "-" "Mozilla/5.0 (compatible; spbot/5.0.3; +http://OpenLinkProfiler.org/bot )" 
138.197.25.148 - - [28/Nov/2016:18:10:57 -0800] "GET / HTTP/1.1" 200 10142 "-" "Mozilla/5.0 (compatible; spbot/5.0.3; +http://OpenLinkProfiler.org/bot )" 
138.197.25.148 - - [28/Nov/2016:18:10:58 -0800] "GET / HTTP/1.1" 301 446 "http://www.secrepo.com/" "Mozilla/5.0 (compatible; spbot/5.0.3; +http://OpenLinkProfiler.org/bot )" 
138.197.25.148 - - [28/Nov/2016:18:11:02 -0800] "GET /data HTTP/1.1" 404 303 "http://www.secrepo.com/" "Mozilla/5.0 (compatible; spbot/5.0.3; +http://OpenLinkProfiler.org/bot )" 
138.197.25.148 - - [28/Nov/2016:18:11:07 -0800] "GET /self.logs/ HTTP/1.1" 200 13989 "http://www.secrepo.com/" "Mozilla/5.0 (compatible; spbot/5.0.3; +http://OpenLinkProfiler.org/bot )" 
138.197.25.148 - - [28/Nov/2016:18:11:20 -0800] "GET /self.logs/?C=N;O=D HTTP/1.1" 200 13976 "http://www.secrepo.com/self.logs/" "Mozilla/5.0 (compatible; spbot/5.0.3; +http://OpenLinkProfiler.org/bot )" 
138.197.25.148 - - [28/Nov/2016:18:11:21 -0800] "GET /self.logs/?C=M;O=A HTTP/1.1" 200 14304 "http://www.secrepo.com/self.logs/" "Mozilla/5.0 (compatible; spbot/5.0.3; +http://OpenLinkProfiler.org/bot )" 
138.197.25.148 - - [28/Nov/2016:18:11:22 -0800] "GET /self.logs/?C=S;O=A HTTP/1.1" 200 15711 "http://www.secrepo.com/self.logs/" "Mozilla/5.0 (compatible; spbot/5.0.3; +http://OpenLinkProfiler.org/bot )" 
138.197.25.148 - - [28/Nov/2016:18:11:28 -0800] "GET /self.logs/?C=D;O=A HTTP/1.1" 200 13989 "http://www.secrepo.com/self.logs/" "Mozilla/5.0 (compatible; spbot/5.0.3; +http://OpenLinkProfiler.org/bot )" 
138.197.25.148 - - [28/Nov/2016:18:11:33 -0800] "GET /self.logs/?C=N;O=A HTTP/1.1" 200 13989 "http://www.secrepo.com/self.logs/?C=N;O=D" "Mozilla/5.0 (compatible; spbot/5.0.3; +http://OpenLinkProfiler.org/bot )" 
138.197.25.148 - - [28/Nov/2016:18:11:37 -0800] "GET /self.logs/?C=M;O=D HTTP/1.1" 200 14311 "http://www.secrepo.com/self.logs/?C=M;O=A" "Mozilla/5.0 (compatible; spbot/5.0.3; +http://OpenLinkProfiler.org/bot )" 
138.197.25.148 - - [28/Nov/2016:18:11:42 -0800] "GET /self.logs/?C=S;O=D HTTP/1.1" 200 15700 "http://www.secrepo.com/self.logs/?C=S;O=A" "Mozilla/5.0 (compatible; spbot/5.0.3; +http://OpenLinkProfiler.org/bot )" 
138.197.25.148 - - [28/Nov/2016:18:11:48 -0800] "GET /self.logs/?C=D;O=D HTTP/1.1" 200 13976 "http://www.secrepo.com/self.logs/?C=D;O=A" "Mozilla/5.0 (compatible; spbot/5.0.3; +http://OpenLinkProfiler.org/bot )" 
138.197.25.148 - - [28/Nov/2016:18:11:53 -0800] "GET /self.logs/error.log.2016-01-22 HTTP/1.1" 200 297 "http://www.secrepo.com/self.logs/" "Mozilla/5.0 (compatible; spbot/5.0.3; +http://OpenLinkProfiler.org/bot )" 
52.212.146.96 - - [28/Nov/2016:18:30:02 -0800] "GET /self.logs/access.log.2016-11-22.gz HTTP/1.1" 200 10449 "-" "python-requests/2.12.1" 
52.212.146.96 - - [28/Nov/2016:18:30:02 -0800] "GET /self.logs/access.log.2016-11-23.gz HTTP/1.1" 200 18417 "-" "python-requests/2.12.1" 
52.212.146.96 - - [28/Nov/2016:18:30:02 -0800] "GET /self.logs/access.log.2016-11-24.gz HTTP/1.1" 200 11431 "-" "python-requests/2.12.1" 
52.212.146.96 - - [28/Nov/2016:18:30:03 -0800] "GET /self.logs/access.log.2016-11-25.gz HTTP/1.1" 200 16701 "-" "python-requests/2.12.1" 
52.212.146.96 - - [28/Nov/2016:18:30:03 -0800] "GET /self.logs/access.log.2016-11-26.gz HTTP/1.1" 404 340 "-" "python-requests/2.12.1" 
52.212.146.96 - - [28/Nov/2016:18:30:03 -0800] "GET /self.logs/access.log.2016-11-27.gz HTTP/1.1" 404 340 "-" "python-requests/2.12.1" 
52.212.146.96 - - [28/Nov/2016:18:30:03 -0800] "GET /self.logs/access.log.2016-11-28.gz HTTP/1.1" 404 340 "-" "python-requests/2.12.1" 
40.77.167.88 - - [28/Nov/2016:18:37:22 -0800] "GET /self.logs/error.log.2015-04-21.gz HTTP/1.1" 200 2203 "-" "Mozilla/5.0 (compatible; bingbot/2.0; +http://www.bing.com/bingbot.htm)" 
173.173.120.133 - - [28/Nov/2016:18:38:41 -0800] "GET / HTTP/1.1" 200 10179 "https://www.google.com/" "Mozilla/5.0 (Windows NT 10.0; Win64; x64) AppleWebKit/537.36 (KHTML, like Gecko) Chrome/54.0.2840.99 Safari/537.36" 
173.173.120.133 - - [28/Nov/2016:18:38:41 -0800] "GET /GitHub-Mark.png HTTP/1.1" 200 7428 "http://www.secrepo.com/" "Mozilla/5.0 (Windows NT 10.0; Win64; x64) AppleWebKit/537.36 (KHTML, like Gecko) Chrome/54.0.2840.99 Safari/537.36" 
173.173.120.133 - - [28/Nov/2016:18:38:41 -0800] "GET /twitter-icon.png HTTP/1.1" 200 27787 "http://www.secrepo.com/" "Mozilla/5.0 (Windows NT 10.0; Win64; x64) AppleWebKit/537.36 (KHTML, like Gecko) Chrome/54.0.2840.99 Safari/537.36" 
173.173.120.133 - - [28/Nov/2016:18:38:43 -0800] "GET /bootstrap/img/favicon.ico HTTP/1.1" 200 589 "http://www.secrepo.com/" "Mozilla/5.0 (Windows NT 10.0; Win64; x64) AppleWebKit/537.36 (KHTML, like Gecko) Chrome/54.0.2840.99 Safari/537.36" 
