207.46.13.105 - - [20/Sep/2016:02:23:27 -0700] "GET / HTTP/1.1" 200 10046 "-" "Mozilla/5.0 (compatible; bingbot/2.0; +http://www.bing.com/bingbot.htm)" 
14.139.211.121 - - [20/Sep/2016:02:23:47 -0700] "GET / HTTP/1.1" 304 189 "https://www.google.co.in/" "Mozilla/5.0 (Windows NT 10.0; Win64; x64) AppleWebKit/537.36 (KHTML, like Gecko) Chrome/52.0.2743.116 Safari/537.36" 
42.236.10.72 - - [20/Sep/2016:02:30:22 -0700] "GET / HTTP/1.1" 200 10046 "http://www.secrepo.com/" "Mozilla/5.0 (compatible; MSIE 9.0; Windows NT 6.1; Trident/5.0); 360Spider" 
42.236.10.100 - - [20/Sep/2016:02:30:22 -0700] "GET / HTTP/1.1" 200 10046 "http://www.secrepo.com/" "Mozilla/5.0 (compatible; MSIE 9.0; Windows NT 6.1; Trident/5.0); 360Spider" 
42.236.10.100 - - [20/Sep/2016:02:30:22 -0700] "GET / HTTP/1.1" 200 10046 "http://www.secrepo.com/" "Mozilla/5.0 (compatible; MSIE 9.0; Windows NT 6.1; Trident/5.0); 360Spider" 
42.236.10.71 - - [20/Sep/2016:02:30:23 -0700] "GET / HTTP/1.1" 200 10046 "http://www.secrepo.com/" "Mozilla/5.0 (compatible; MSIE 9.0; Windows NT 6.1; Trident/5.0); 360Spider" 
42.236.10.72 - - [20/Sep/2016:02:30:23 -0700] "GET / HTTP/1.1" 200 10046 "http://www.secrepo.com/" "Mozilla/5.0 (compatible; MSIE 9.0; Windows NT 6.1; Trident/5.0); 360Spider" 
68.180.230.91 - - [20/Sep/2016:02:38:05 -0700] "GET /self.logs/error.log.2015-06-18.gz HTTP/1.1" 200 651 "-" "Mozilla/5.0 (compatible; Yahoo! Slurp; http://help.yahoo.com/help/us/ysearch/slurp)" 
68.180.230.91 - - [20/Sep/2016:02:40:32 -0700] "GET /self.logs/error.log.2015-05-15.gz HTTP/1.1" 200 1065 "-" "Mozilla/5.0 (compatible; Yahoo! Slurp; http://help.yahoo.com/help/us/ysearch/slurp)" 
68.180.230.91 - - [20/Sep/2016:02:44:07 -0700] "GET /self.logs/error.log.2016-02-23.gz HTTP/1.1" 200 782 "-" "Mozilla/5.0 (compatible; Yahoo! Slurp; http://help.yahoo.com/help/us/ysearch/slurp)" 
51.255.65.59 - - [20/Sep/2016:02:48:13 -0700] "GET /self.logs/access.log.2016-08-30.gz HTTP/1.1" 200 9186 "-" "Mozilla/5.0 (compatible; AhrefsBot/5.1; +http://ahrefs.com/robot/)" 
216.244.66.240 - - [20/Sep/2016:02:49:41 -0700] "GET /robots.txt HTTP/1.1" 200 233 "-" "Mozilla/5.0 (compatible; DotBot/1.1; http://www.opensiteexplorer.org/dotbot, help@moz.com)" 
216.244.66.240 - - [20/Sep/2016:02:51:30 -0700] "GET /robots.txt HTTP/1.1" 200 233 "-" "Mozilla/5.0 (compatible; DotBot/1.1; http://www.opensiteexplorer.org/dotbot, help@moz.com)" 
51.255.65.74 - - [20/Sep/2016:02:52:31 -0700] "GET /self.logs/access.log.2016-04-19.gz HTTP/1.1" 200 23644 "-" "Mozilla/5.0 (compatible; AhrefsBot/5.1; +http://ahrefs.com/robot/)" 
68.180.230.91 - - [20/Sep/2016:02:56:43 -0700] "GET /self.logs/access.log.2015-12-23.gz HTTP/1.1" 200 10424 "-" "Mozilla/5.0 (compatible; Yahoo! Slurp; http://help.yahoo.com/help/us/ysearch/slurp)" 
147.142.68.206 - - [20/Sep/2016:03:11:51 -0700] "GET / HTTP/1.1" 200 10046 "http://www.mlsecproject.org/" "Mozilla/5.0 (Macintosh; Intel Mac OS X 10_11_6) AppleWebKit/537.36 (KHTML, like Gecko) Chrome/53.0.2785.101 Safari/537.36" 
147.142.68.206 - - [20/Sep/2016:03:11:51 -0700] "GET /GitHub-Mark.png HTTP/1.1" 200 7427 "http://www.secrepo.com/" "Mozilla/5.0 (Macintosh; Intel Mac OS X 10_11_6) AppleWebKit/537.36 (KHTML, like Gecko) Chrome/53.0.2785.101 Safari/537.36" 
147.142.68.206 - - [20/Sep/2016:03:11:52 -0700] "GET /bootstrap/img/favicon.ico HTTP/1.1" 200 589 "http://www.secrepo.com/" "Mozilla/5.0 (Macintosh; Intel Mac OS X 10_11_6) AppleWebKit/537.36 (KHTML, like Gecko) Chrome/53.0.2785.101 Safari/537.36" 
203.99.198.240 - - [20/Sep/2016:03:31:33 -0700] "GET / HTTP/1.1" 200 33449 "http://www.mlsecproject.org/" "Mozilla/5.0 (Windows NT 6.1; Win64; x64) AppleWebKit/537.36 (KHTML, like Gecko) Chrome/52.0.2743.82 Safari/537.36" 
106.208.179.114 - - [20/Sep/2016:03:31:55 -0700] "GET / HTTP/1.1" 200 10046 "https://www.google.co.in/" "Mozilla/5.0 (Linux; Android 6.0.1; Moto G (4) Build/MPJ24.139-63) AppleWebKit/537.36 (KHTML, like Gecko) Chrome/52.0.2743.98 Mobile Safari/537.36" 
106.208.179.114 - - [20/Sep/2016:03:31:55 -0700] "GET /twitter-icon.png HTTP/1.1" 200 27787 "http://www.secrepo.com/" "Mozilla/5.0 (Linux; Android 6.0.1; Moto G (4) Build/MPJ24.139-63) AppleWebKit/537.36 (KHTML, like Gecko) Chrome/52.0.2743.98 Mobile Safari/537.36" 
106.208.179.114 - - [20/Sep/2016:03:31:55 -0700] "GET /GitHub-Mark.png HTTP/1.1" 200 7428 "http://www.secrepo.com/" "Mozilla/5.0 (Linux; Android 6.0.1; Moto G (4) Build/MPJ24.139-63) AppleWebKit/537.36 (KHTML, like Gecko) Chrome/52.0.2743.98 Mobile Safari/537.36" 
106.208.179.114 - - [20/Sep/2016:03:31:56 -0700] "GET /bootstrap/img/favicon.ico HTTP/1.1" 200 589 "http://www.secrepo.com/" "Mozilla/5.0 (Linux; Android 6.0.1; Moto G (4) Build/MPJ24.139-63) AppleWebKit/537.36 (KHTML, like Gecko) Chrome/52.0.2743.98 Mobile Safari/537.36" 
68.180.230.91 - - [20/Sep/2016:03:38:13 -0700] "GET /self.logs/access.log.2015-12-09.gz HTTP/1.1" 200 7670 "-" "Mozilla/5.0 (compatible; Yahoo! Slurp; http://help.yahoo.com/help/us/ysearch/slurp)" 
123.125.67.221 - - [20/Sep/2016:03:38:23 -0700] "GET /robots.txt HTTP/1.1" 301 465 "-" "Mozilla/5.0 (Windows NT 10.0; WOW64) AppleWebKit/537.36 (KHTML, like Gecko) Chrome/45.0.2454.93 Safari/537.36" 
123.125.67.224 - - [20/Sep/2016:03:38:24 -0700] "GET /robots.txt HTTP/1.1" 200 297 "-" "Mozilla/5.0 (Windows NT 10.0; WOW64) AppleWebKit/537.36 (KHTML, like Gecko) Chrome/45.0.2454.93 Safari/537.36" 
68.180.230.91 - - [20/Sep/2016:03:42:20 -0700] "GET /self.logs/error.log.2016-02-12.gz HTTP/1.1" 200 795 "-" "Mozilla/5.0 (compatible; Yahoo! Slurp; http://help.yahoo.com/help/us/ysearch/slurp)" 
66.249.64.129 - - [20/Sep/2016:03:45:35 -0700] "GET / HTTP/1.1" 200 10046 "-" "DoCoMo/2.0 N905i(c100;TB;W24H16) (compatible; Googlebot-Mobile/2.1; +http://www.google.com/bot.html)" 
220.181.51.81 - - [20/Sep/2016:03:46:55 -0700] "GET /robots.txt HTTP/1.1" 200 297 "-" "Mozilla/5.0 (Windows NT 10.0; WOW64) AppleWebKit/537.36 (KHTML, like Gecko) Chrome/45.0.2454.93 Safari/537.36" 
92.50.44.37 - - [20/Sep/2016:03:55:33 -0700] "GET / HTTP/1.1" 200 10046 "https://www.google.com/" "Mozilla/5.0 (Windows NT 10.0; WOW64) AppleWebKit/537.36 (KHTML, like Gecko) Chrome/53.0.2785.116 Safari/537.36" 
92.50.44.37 - - [20/Sep/2016:03:55:34 -0700] "GET /GitHub-Mark.png HTTP/1.1" 200 7428 "http://www.secrepo.com/" "Mozilla/5.0 (Windows NT 10.0; WOW64) AppleWebKit/537.36 (KHTML, like Gecko) Chrome/53.0.2785.116 Safari/537.36" 
92.50.44.37 - - [20/Sep/2016:03:55:34 -0700] "GET /twitter-icon.png HTTP/1.1" 200 27787 "http://www.secrepo.com/" "Mozilla/5.0 (Windows NT 10.0; WOW64) AppleWebKit/537.36 (KHTML, like Gecko) Chrome/53.0.2785.116 Safari/537.36" 
92.50.44.37 - - [20/Sep/2016:03:56:35 -0700] "GET /bootstrap/img/favicon.ico HTTP/1.1" 200 590 "http://www.secrepo.com/" "Mozilla/5.0 (Windows NT 10.0; WOW64) AppleWebKit/537.36 (KHTML, like Gecko) Chrome/53.0.2785.116 Safari/537.36" 
164.132.161.7 - - [20/Sep/2016:03:58:51 -0700] "GET /self.logs/error.log.2016-02-03.gz HTTP/1.1" 200 710 "-" "Mozilla/5.0 (compatible; AhrefsBot/5.1; +http://ahrefs.com/robot/)" 
117.190.191.170 - - [20/Sep/2016:04:06:26 -0700] "GET /tg/a.zip HTTP/1.1" 304 132 "-" "Mozilla/5.0 Gecko/20100115 Firefox/3.6" 
68.180.230.91 - - [20/Sep/2016:04:06:57 -0700] "GET /self.logs/error.log.2016-06-14.gz HTTP/1.1" 200 1179 "-" "Mozilla/5.0 (compatible; Yahoo! Slurp; http://help.yahoo.com/help/us/ysearch/slurp)" 
188.78.147.77 - - [20/Sep/2016:04:06:58 -0700] "GET / HTTP/1.1" 200 10046 "https://www.google.es/" "Mozilla/5.0 (X11; Ubuntu; Linux x86_64; rv:48.0) Gecko/20100101 Firefox/48.0" 
188.78.147.77 - - [20/Sep/2016:04:06:59 -0700] "GET /bootstrap/img/favicon.ico HTTP/1.1" 200 589 "-" "Mozilla/5.0 (X11; Ubuntu; Linux x86_64; rv:48.0) Gecko/20100101 Firefox/48.0" 
188.78.147.77 - - [20/Sep/2016:04:06:59 -0700] "GET /twitter-icon.png HTTP/1.1" 200 27787 "http://www.secrepo.com/" "Mozilla/5.0 (X11; Ubuntu; Linux x86_64; rv:48.0) Gecko/20100101 Firefox/48.0" 
188.78.147.77 - - [20/Sep/2016:04:06:59 -0700] "GET /GitHub-Mark.png HTTP/1.1" 200 7428 "http://www.secrepo.com/" "Mozilla/5.0 (X11; Ubuntu; Linux x86_64; rv:48.0) Gecko/20100101 Firefox/48.0" 
188.78.147.77 - - [20/Sep/2016:04:07:51 -0700] "GET /self.logs/ HTTP/1.1" 200 12636 "http://www.secrepo.com/" "Mozilla/5.0 (X11; Ubuntu; Linux x86_64; rv:48.0) Gecko/20100101 Firefox/48.0" 
188.78.147.77 - - [20/Sep/2016:04:07:52 -0700] "GET /favicon.ico HTTP/1.1" 200 267 "-" "Mozilla/5.0 (X11; Ubuntu; Linux x86_64; rv:48.0) Gecko/20100101 Firefox/48.0" 
188.78.147.77 - - [20/Sep/2016:04:08:06 -0700] "GET /self.logs/error.log.2016-09-16.gz HTTP/1.1" 200 1597 "http://www.secrepo.com/self.logs/" "Mozilla/5.0 (X11; Ubuntu; Linux x86_64; rv:48.0) Gecko/20100101 Firefox/48.0" 
188.78.147.77 - - [20/Sep/2016:04:07:31 -0700] "GET /maccdc2012/http.log.gz HTTP/1.1" 200 54258816 "http://www.secrepo.com/" "Mozilla/5.0 (X11; Ubuntu; Linux x86_64; rv:48.0) Gecko/20100101 Firefox/48.0" 
216.244.66.240 - - [20/Sep/2016:04:14:10 -0700] "GET /self.logs/?C=N;O=D HTTP/1.1" 200 117123 "-" "Mozilla/5.0 (compatible; DotBot/1.1; http://www.opensiteexplorer.org/dotbot, help@moz.com)" 
216.244.66.240 - - [20/Sep/2016:04:14:23 -0700] "GET /self.logs/?C=N;O=D HTTP/1.1" 200 117123 "-" "Mozilla/5.0 (compatible; DotBot/1.1; http://www.opensiteexplorer.org/dotbot, help@moz.com)" 
111.7.128.40 - - [20/Sep/2016:04:23:16 -0700] "GET /tg/a.zip HTTP/1.1" 304 132 "-" "Mozilla/5.0 Gecko/20100115 Firefox/3.6" 
68.180.229.190 - - [20/Sep/2016:04:27:07 -0700] "GET /robots.txt HTTP/1.1" 200 233 "-" "Mozilla/5.0 (compatible; Yahoo! Slurp; http://help.yahoo.com/help/us/ysearch/slurp)" 
68.180.229.190 - - [20/Sep/2016:04:27:07 -0700] "GET /self.logs/access.log.2016-03-30.gz HTTP/1.1" 200 8756 "-" "Mozilla/5.0 (compatible; Yahoo! Slurp; http://help.yahoo.com/help/us/ysearch/slurp)" 
68.180.230.91 - - [20/Sep/2016:04:35:49 -0700] "GET /self.logs/access.log.2015-04-17.gz HTTP/1.1" 200 6161 "-" "Mozilla/5.0 (compatible; Yahoo! Slurp; http://help.yahoo.com/help/us/ysearch/slurp)" 
5.172.204.202 - - [20/Sep/2016:04:59:01 -0700] "GET / HTTP/1.1" 200 10046 "-" "Mozilla/5.0 (Macintosh; Intel Mac OS X 10_11_5) AppleWebKit/601.6.17 (KHTML, like Gecko) Version/9.1.1 Safari/601.6.17" 
5.172.204.202 - - [20/Sep/2016:04:59:01 -0700] "GET /twitter-icon.png HTTP/1.1" 200 27787 "http://www.secrepo.com/" "Mozilla/5.0 (Macintosh; Intel Mac OS X 10_11_5) AppleWebKit/601.6.17 (KHTML, like Gecko) Version/9.1.1 Safari/601.6.17" 
5.172.204.202 - - [20/Sep/2016:04:59:01 -0700] "GET /GitHub-Mark.png HTTP/1.1" 200 7428 "http://www.secrepo.com/" "Mozilla/5.0 (Macintosh; Intel Mac OS X 10_11_5) AppleWebKit/601.6.17 (KHTML, like Gecko) Version/9.1.1 Safari/601.6.17" 
5.172.204.202 - - [20/Sep/2016:04:59:02 -0700] "GET /bootstrap/img/favicon.ico HTTP/1.1" 200 589 "http://www.secrepo.com/" "Mozilla/5.0 (Macintosh; Intel Mac OS X 10_11_5) AppleWebKit/601.6.17 (KHTML, like Gecko) Version/9.1.1 Safari/601.6.17" 
172.99.78.104 - - [20/Sep/2016:04:59:09 -0700] "GET /robots.txt HTTP/1.1" 301 446 "-" "Tornado-Async-Client" 
172.99.78.104 - - [20/Sep/2016:04:59:09 -0700] "GET /robots.txt HTTP/1.1" 200 304 "-" "Tornado-Async-Client" 
172.99.78.104 - - [20/Sep/2016:04:59:09 -0700] "GET /honeypot/BSidesDFW%20-%202014.ipynb HTTP/1.1" 301 484 "-" "Tornado-Async-Client" 
172.99.78.104 - - [20/Sep/2016:04:59:09 -0700] "GET /honeypot/BSidesDFW%20-%202014.ipynb HTTP/1.1" 200 930780 "-" "Tornado-Async-Client" 
68.180.230.91 - - [20/Sep/2016:05:08:46 -0700] "GET /self.logs/error.log.2016-05-15.gz HTTP/1.1" 200 503 "-" "Mozilla/5.0 (compatible; Yahoo! Slurp; http://help.yahoo.com/help/us/ysearch/slurp)" 
206.74.212.254 - - [20/Sep/2016:05:44:10 -0700] "GET / HTTP/1.1" 304 189 "https://www.google.com/" "Mozilla/5.0 (X11; Linux x86_64) AppleWebKit/537.36 (KHTML, like Gecko) Chrome/52.0.2743.116 Safari/537.36" 
74.90.243.128 - - [20/Sep/2016:05:46:51 -0700] "GET / HTTP/1.1" 200 10046 "-" "Mozilla/5.0 (X11; Ubuntu; Linux x86_64; rv:48.0) Gecko/20100101 Firefox/48.0" 
74.90.243.128 - - [20/Sep/2016:05:46:51 -0700] "GET /twitter-icon.png HTTP/1.1" 200 27787 "http://www.secrepo.com/" "Mozilla/5.0 (X11; Ubuntu; Linux x86_64; rv:48.0) Gecko/20100101 Firefox/48.0" 
74.90.243.128 - - [20/Sep/2016:05:46:51 -0700] "GET /GitHub-Mark.png HTTP/1.1" 200 7428 "http://www.secrepo.com/" "Mozilla/5.0 (X11; Ubuntu; Linux x86_64; rv:48.0) Gecko/20100101 Firefox/48.0" 
74.90.243.128 - - [20/Sep/2016:05:46:51 -0700] "GET /bootstrap/img/favicon.ico HTTP/1.1" 200 589 "-" "Mozilla/5.0 (X11; Ubuntu; Linux x86_64; rv:48.0) Gecko/20100101 Firefox/48.0" 
74.90.243.128 - - [20/Sep/2016:05:47:31 -0700] "GET /favicon.ico HTTP/1.1" 200 268 "-" "Mozilla/5.0 (X11; Ubuntu; Linux x86_64; rv:48.0) Gecko/20100101 Firefox/48.0" 
74.90.243.128 - - [20/Sep/2016:05:47:44 -0700] "GET /favicon.ico HTTP/1.1" 200 268 "-" "Mozilla/5.0 (X11; Ubuntu; Linux x86_64; rv:48.0) Gecko/20100101 Firefox/48.0" 
195.94.188.186 - - [20/Sep/2016:05:54:32 -0700] "GET / HTTP/1.1" 200 10046 "https://www.google.it/" "Mozilla/5.0 (Windows NT 10.0; WOW64) AppleWebKit/537.36 (KHTML, like Gecko) Chrome/53.0.2785.116 Safari/537.36" 
195.94.188.186 - - [20/Sep/2016:05:54:32 -0700] "GET /GitHub-Mark.png HTTP/1.1" 200 7428 "http://www.secrepo.com/" "Mozilla/5.0 (Windows NT 10.0; WOW64) AppleWebKit/537.36 (KHTML, like Gecko) Chrome/53.0.2785.116 Safari/537.36" 
195.94.188.186 - - [20/Sep/2016:05:54:32 -0700] "GET /twitter-icon.png HTTP/1.1" 200 27787 "http://www.secrepo.com/" "Mozilla/5.0 (Windows NT 10.0; WOW64) AppleWebKit/537.36 (KHTML, like Gecko) Chrome/53.0.2785.116 Safari/537.36" 
195.94.188.186 - - [20/Sep/2016:05:54:33 -0700] "GET /bootstrap/img/favicon.ico HTTP/1.1" 200 589 "http://www.secrepo.com/" "Mozilla/5.0 (Windows NT 10.0; WOW64) AppleWebKit/537.36 (KHTML, like Gecko) Chrome/53.0.2785.116 Safari/537.36" 
54.183.183.31 - - [20/Sep/2016:05:54:41 -0700] "GET /wp-login.php HTTP/1.1" 301 522 "-" "Opera/9.80 (Windows NT 5.1; U; ru) Presto/2.9.168 Version/11.50" 
54.183.183.31 - - [20/Sep/2016:05:54:41 -0700] "GET /?author=1 HTTP/1.1" 301 516 "-" "Opera/9.80 (Windows NT 5.1; U; ru) Presto/2.9.168 Version/11.50" 
68.180.230.91 - - [20/Sep/2016:05:55:03 -0700] "GET /self.logs/access.log.2015-09-15.gz HTTP/1.1" 200 4820 "-" "Mozilla/5.0 (compatible; Yahoo! Slurp; http://help.yahoo.com/help/us/ysearch/slurp)" 
68.180.230.91 - - [20/Sep/2016:06:12:00 -0700] "GET /self.logs/access.log.2015-10-28.gz HTTP/1.1" 200 20062 "-" "Mozilla/5.0 (compatible; Yahoo! Slurp; http://help.yahoo.com/help/us/ysearch/slurp)" 
66.249.88.31 - - [20/Sep/2016:06:20:53 -0700] "GET / HTTP/1.1" 200 10046 "-" "Mozilla/5.0 (X11; Linux x86_64) AppleWebKit/537.36 (KHTML, like Gecko) Chrome/49.0.2623.75 Safari/537.36 Google Favicon" 
66.249.88.1 - - [20/Sep/2016:06:20:53 -0700] "GET /bootstrap/img/favicon.ico HTTP/1.1" 200 590 "-" "Mozilla/5.0 (X11; Linux x86_64) AppleWebKit/537.36 (KHTML, like Gecko) Chrome/49.0.2623.75 Safari/537.36 Google Favicon" 
23.239.83.16 - - [20/Sep/2016:06:29:10 -0700] "GET / HTTP/1.1" 200 9990 "-" "Mozilla/5.0 (Windows; U; Windows NT 5.1; en-US; rv:1.7.6) Gecko/20050317 Firefox/1.0.2" 
203.91.192.5 - - [20/Sep/2016:06:32:40 -0700] "GET / HTTP/1.1" 200 10046 "http://www.mlsecproject.org/" "Mozilla/5.0 (Windows NT 10.0; Win64; x64) AppleWebKit/537.36 (KHTML, like Gecko) Chrome/53.0.2785.116 Safari/537.36" 
203.91.192.5 - - [20/Sep/2016:06:32:40 -0700] "GET /twitter-icon.png HTTP/1.1" 200 27787 "http://www.secrepo.com/" "Mozilla/5.0 (Windows NT 10.0; Win64; x64) AppleWebKit/537.36 (KHTML, like Gecko) Chrome/53.0.2785.116 Safari/537.36" 
203.91.192.4 - - [20/Sep/2016:06:32:42 -0700] "GET /GitHub-Mark.png HTTP/1.1" 200 7428 "http://www.secrepo.com/" "Mozilla/5.0 (Windows NT 10.0; Win64; x64) AppleWebKit/537.36 (KHTML, like Gecko) Chrome/53.0.2785.116 Safari/537.36" 
203.91.192.5 - - [20/Sep/2016:06:32:46 -0700] "GET /bootstrap/img/favicon.ico HTTP/1.1" 200 590 "http://www.secrepo.com/" "Mozilla/5.0 (Windows NT 10.0; Win64; x64) AppleWebKit/537.36 (KHTML, like Gecko) Chrome/53.0.2785.116 Safari/537.36" 
180.76.15.8 - - [20/Sep/2016:06:38:46 -0700] "GET /honeypot/Honeypot%20-%20Howto.pdf HTTP/1.1" 200 913653 "-" "Mozilla/5.0 (compatible; Baiduspider/2.0; +http://www.baidu.com/search/spider.html)" 
68.180.230.91 - - [20/Sep/2016:06:43:25 -0700] "GET /self.logs/access.log.2016-03-17.gz HTTP/1.1" 200 16482 "-" "Mozilla/5.0 (compatible; Yahoo! Slurp; http://help.yahoo.com/help/us/ysearch/slurp)" 
68.180.230.91 - - [20/Sep/2016:06:43:36 -0700] "GET /self.logs/access.log.2016-07-10.gz HTTP/1.1" 200 9248 "-" "Mozilla/5.0 (compatible; Yahoo! Slurp; http://help.yahoo.com/help/us/ysearch/slurp)" 
68.180.230.91 - - [20/Sep/2016:07:01:41 -0700] "GET /robots.txt HTTP/1.1" 200 233 "-" "Mozilla/5.0 (compatible; Yahoo! Slurp; http://help.yahoo.com/help/us/ysearch/slurp)" 
68.180.230.91 - - [20/Sep/2016:07:01:41 -0700] "GET /self.logs/error.log.2015-09-13.gz HTTP/1.1" 200 726 "-" "Mozilla/5.0 (compatible; Yahoo! Slurp; http://help.yahoo.com/help/us/ysearch/slurp)" 
117.190.191.170 - - [20/Sep/2016:07:06:28 -0700] "GET /tg/a.zip HTTP/1.1" 304 132 "-" "Mozilla/5.0 Gecko/20100115 Firefox/3.6" 
68.180.230.91 - - [20/Sep/2016:07:13:33 -0700] "GET /self.logs/access.log.2016-06-03.gz HTTP/1.1" 200 11532 "-" "Mozilla/5.0 (compatible; Yahoo! Slurp; http://help.yahoo.com/help/us/ysearch/slurp)" 
111.7.128.40 - - [20/Sep/2016:07:23:18 -0700] "GET /tg/a.zip HTTP/1.1" 304 132 "-" "Mozilla/5.0 Gecko/20100115 Firefox/3.6" 
164.132.161.69 - - [20/Sep/2016:07:28:33 -0700] "GET /self.logs/error.log.2015-11-08.gz HTTP/1.1" 200 609 "-" "Mozilla/5.0 (compatible; AhrefsBot/5.1; +http://ahrefs.com/robot/)" 
65.116.116.6 - - [20/Sep/2016:07:39:23 -0700] "GET /bootstrap/img/favicon.ico HTTP/1.1" 200 590 "-" "Mozilla/5.0 (X11; Linux x86_64; rv:31.0) Gecko/20100101 Firefox/31.0 Iceweasel/31.8.0" 
109.26.216.163 - - [20/Sep/2016:07:59:47 -0700] "GET /maccdc2012/ssh.log.gz HTTP/1.1" 200 182517 "-" "Mozilla/5.0 (Windows NT 10.0; Win64; x64) AppleWebKit/537.36 (KHTML, like Gecko) Chrome/52.0.2743.116 Safari/537.36" 
109.26.216.163 - - [20/Sep/2016:07:59:56 -0700] "GET /maccdc2012/ssl.log.gz HTTP/1.1" 200 1313675 "-" "Mozilla/5.0 (Windows NT 10.0; Win64; x64) AppleWebKit/537.36 (KHTML, like Gecko) Chrome/52.0.2743.116 Safari/537.36" 
109.26.216.163 - - [20/Sep/2016:08:00:13 -0700] "GET /maccdc2012/dhcp.log.gz HTTP/1.1" 200 45019 "-" "Mozilla/5.0 (Windows NT 10.0; Win64; x64) AppleWebKit/537.36 (KHTML, like Gecko) Chrome/52.0.2743.116 Safari/537.36" 
5.255.250.93 - - [20/Sep/2016:08:02:42 -0700] "GET /robots.txt HTTP/1.1" 301 518 "-" "Mozilla/5.0 (compatible; YandexBot/3.0; +http://yandex.com/bots)" 
5.255.250.54 - - [20/Sep/2016:08:02:42 -0700] "GET /robots.txt HTTP/1.1" 200 289 "-" "Mozilla/5.0 (compatible; YandexBot/3.0; +http://yandex.com/bots)" 
5.255.250.93 - - [20/Sep/2016:08:02:46 -0700] "GET / HTTP/1.1" 301 483 "-" "Mozilla/5.0 (compatible; YandexBot/3.0; +http://yandex.com/bots)" 
5.255.250.54 - - [20/Sep/2016:08:02:46 -0700] "GET / HTTP/1.1" 200 10046 "-" "Mozilla/5.0 (compatible; YandexBot/3.0; +http://yandex.com/bots)" 
203.143.188.11 - - [20/Sep/2016:08:03:51 -0700] "GET / HTTP/1.1" 200 9990 "https://www.google.co.in/" "Mozilla/5.0 (Windows NT 10.0) AppleWebKit/537.36 (KHTML, like Gecko) Chrome/53.0.2785.116 Safari/537.36" 
68.180.230.91 - - [20/Sep/2016:08:07:39 -0700] "GET /self.logs/access.log.2015-08-30.gz HTTP/1.1" 200 4396 "-" "Mozilla/5.0 (compatible; Yahoo! Slurp; http://help.yahoo.com/help/us/ysearch/slurp)" 
109.26.216.163 - - [20/Sep/2016:08:00:08 -0700] "GET /maccdc2012/files.log.gz HTTP/1.1" 200 51408671 "-" "Mozilla/5.0 (Windows NT 10.0; Win64; x64) AppleWebKit/537.36 (KHTML, like Gecko) Chrome/52.0.2743.116 Safari/537.36" 
109.26.216.163 - - [20/Sep/2016:08:00:02 -0700] "GET /maccdc2012/http.log.gz HTTP/1.1" 200 54258816 "-" "Mozilla/5.0 (Windows NT 10.0; Win64; x64) AppleWebKit/537.36 (KHTML, like Gecko) Chrome/52.0.2743.116 Safari/537.36" 
134.134.137.75 - - [20/Sep/2016:08:27:51 -0700] "GET / HTTP/1.1" 200 10046 "http://www.mlsecproject.org/" "Mozilla/5.0 (Windows NT 6.3; WOW64) AppleWebKit/537.36 (KHTML, like Gecko) Chrome/52.0.2743.116 Safari/537.36" 
134.134.137.75 - - [20/Sep/2016:08:27:53 -0700] "GET /twitter-icon.png HTTP/1.1" 200 27788 "http://www.secrepo.com/" "Mozilla/5.0 (Windows NT 6.3; WOW64) AppleWebKit/537.36 (KHTML, like Gecko) Chrome/52.0.2743.116 Safari/537.36" 
134.134.137.75 - - [20/Sep/2016:08:27:53 -0700] "GET /GitHub-Mark.png HTTP/1.1" 200 7427 "http://www.secrepo.com/" "Mozilla/5.0 (Windows NT 6.3; WOW64) AppleWebKit/537.36 (KHTML, like Gecko) Chrome/52.0.2743.116 Safari/537.36" 
134.134.139.83 - - [20/Sep/2016:08:31:39 -0700] "GET / HTTP/1.1" 200 10046 "-" "Mozilla/5.0 (Windows NT 6.3; WOW64; Trident/7.0; Touch; rv:11.0) like Gecko" 
134.134.139.83 - - [20/Sep/2016:08:31:40 -0700] "GET /twitter-icon.png HTTP/1.1" 200 27787 "http://www.secrepo.com/" "Mozilla/5.0 (Windows NT 6.3; WOW64; Trident/7.0; Touch; rv:11.0) like Gecko" 
134.134.139.83 - - [20/Sep/2016:08:31:40 -0700] "GET /GitHub-Mark.png HTTP/1.1" 200 7428 "http://www.secrepo.com/" "Mozilla/5.0 (Windows NT 6.3; WOW64; Trident/7.0; Touch; rv:11.0) like Gecko" 
134.134.139.83 - - [20/Sep/2016:08:31:45 -0700] "GET /bootstrap/img/favicon.ico HTTP/1.1" 200 590 "-" "Mozilla/5.0 (Windows NT 6.3; WOW64; Trident/7.0; Touch; rv:11.0) like Gecko" 
150.242.204.17 - - [20/Sep/2016:08:36:31 -0700] "GET / HTTP/1.1" 200 10046 "http://www.mlsecproject.org/" "Mozilla/5.0 (Windows NT 10.0; Win64; x64) AppleWebKit/537.36 (KHTML, like Gecko) Chrome/53.0.2785.116 Safari/537.36" 
150.242.204.17 - - [20/Sep/2016:08:36:33 -0700] "GET /twitter-icon.png HTTP/1.1" 200 27787 "http://www.secrepo.com/" "Mozilla/5.0 (Windows NT 10.0; Win64; x64) AppleWebKit/537.36 (KHTML, like Gecko) Chrome/53.0.2785.116 Safari/537.36" 
150.242.204.17 - - [20/Sep/2016:08:36:33 -0700] "GET /GitHub-Mark.png HTTP/1.1" 200 7428 "http://www.secrepo.com/" "Mozilla/5.0 (Windows NT 10.0; Win64; x64) AppleWebKit/537.36 (KHTML, like Gecko) Chrome/53.0.2785.116 Safari/537.36" 
150.242.204.17 - - [20/Sep/2016:08:36:37 -0700] "GET /bootstrap/img/favicon.ico HTTP/1.1" 200 590 "http://www.secrepo.com/" "Mozilla/5.0 (Windows NT 10.0; Win64; x64) AppleWebKit/537.36 (KHTML, like Gecko) Chrome/53.0.2785.116 Safari/537.36" 
192.55.55.41 - - [20/Sep/2016:08:40:25 -0700] "GET / HTTP/1.1" 200 10046 "-" "Mozilla/5.0 (Macintosh; Intel Mac OS X 10_10_5) AppleWebKit/537.36 (KHTML, like Gecko) Chrome/52.0.2743.116 Safari/537.36" 
192.55.55.41 - - [20/Sep/2016:08:40:27 -0700] "GET /twitter-icon.png HTTP/1.1" 200 27787 "http://www.secrepo.com/" "Mozilla/5.0 (Macintosh; Intel Mac OS X 10_10_5) AppleWebKit/537.36 (KHTML, like Gecko) Chrome/52.0.2743.116 Safari/537.36" 
192.55.55.41 - - [20/Sep/2016:08:40:27 -0700] "GET /GitHub-Mark.png HTTP/1.1" 200 7428 "http://www.secrepo.com/" "Mozilla/5.0 (Macintosh; Intel Mac OS X 10_10_5) AppleWebKit/537.36 (KHTML, like Gecko) Chrome/52.0.2743.116 Safari/537.36" 
192.55.55.41 - - [20/Sep/2016:08:40:29 -0700] "GET /bootstrap/img/favicon.ico HTTP/1.1" 200 590 "http://www.secrepo.com/" "Mozilla/5.0 (Macintosh; Intel Mac OS X 10_10_5) AppleWebKit/537.36 (KHTML, like Gecko) Chrome/52.0.2743.116 Safari/537.36" 
180.76.15.19 - - [20/Sep/2016:08:44:25 -0700] "GET /self.logs/?C=D;O=A HTTP/1.1" 200 12619 "-" "Mozilla/5.0 (compatible; Baiduspider/2.0; +http://www.baidu.com/search/spider.html)" 
134.134.139.76 - - [20/Sep/2016:08:44:32 -0700] "GET / HTTP/1.1" 301 483 "http://www.secrepo.com/" "Mozilla/5.0 (Macintosh; Intel Mac OS X 10_10_5) AppleWebKit/537.36 (KHTML, like Gecko) Chrome/52.0.2743.116 Safari/537.36" 
65.116.116.6 - - [20/Sep/2016:08:49:41 -0700] "GET /bootstrap/img/favicon.ico HTTP/1.1" 200 590 "-" "Mozilla/5.0 (X11; Linux x86_64; rv:31.0) Gecko/20100101 Firefox/31.0 Iceweasel/31.8.0" 
134.134.139.74 - - [20/Sep/2016:08:54:10 -0700] "GET / HTTP/1.1" 200 10046 "-" "Mozilla/5.0 (Windows NT 6.3; WOW64; Trident/7.0; rv:11.0) like Gecko" 
134.134.139.74 - - [20/Sep/2016:08:54:14 -0700] "GET /twitter-icon.png HTTP/1.1" 200 27788 "http://www.secrepo.com/" "Mozilla/5.0 (Windows NT 6.3; WOW64; Trident/7.0; rv:11.0) like Gecko" 
134.134.139.74 - - [20/Sep/2016:08:54:14 -0700] "GET /GitHub-Mark.png HTTP/1.1" 200 7428 "http://www.secrepo.com/" "Mozilla/5.0 (Windows NT 6.3; WOW64; Trident/7.0; rv:11.0) like Gecko" 
50.170.136.95 - - [20/Sep/2016:08:57:16 -0700] "GET / HTTP/1.1" 200 10046 "-" "Mozilla/5.0 (Macintosh; Intel Mac OS X 10_11_4) AppleWebKit/601.5.17 (KHTML, like Gecko)" 
50.170.136.95 - - [20/Sep/2016:08:57:16 -0700] "GET /apple-touch-icon-precomposed.png HTTP/1.1" 404 340 "-" "Safari/11601.5.17.1 CFNetwork/760.4.2 Darwin/15.4.0 (x86_64)" 
50.170.136.95 - - [20/Sep/2016:08:57:16 -0700] "GET /apple-touch-icon.png HTTP/1.1" 404 339 "-" "Safari/11601.5.17.1 CFNetwork/760.4.2 Darwin/15.4.0 (x86_64)" 
50.170.136.95 - - [20/Sep/2016:08:57:16 -0700] "GET /apple-touch-icon-precomposed.png HTTP/1.1" 404 339 "-" "Safari/11601.5.17.1 CFNetwork/760.4.2 Darwin/15.4.0 (x86_64)" 
50.170.136.95 - - [20/Sep/2016:08:57:16 -0700] "GET /apple-touch-icon.png HTTP/1.1" 404 339 "-" "Safari/11601.5.17.1 CFNetwork/760.4.2 Darwin/15.4.0 (x86_64)" 
51.255.65.22 - - [20/Sep/2016:09:06:53 -0700] "GET /self.logs/error.log.2015-09-10.gz HTTP/1.1" 200 605 "-" "Mozilla/5.0 (compatible; AhrefsBot/5.1; +http://ahrefs.com/robot/)" 
68.180.230.91 - - [20/Sep/2016:09:08:59 -0700] "GET /self.logs/error.log.2015-12-13.gz HTTP/1.1" 200 610 "-" "Mozilla/5.0 (compatible; Yahoo! Slurp; http://help.yahoo.com/help/us/ysearch/slurp)" 
68.180.230.91 - - [20/Sep/2016:09:09:36 -0700] "GET /self.logs/error.log.2015-08-08.gz HTTP/1.1" 200 723 "-" "Mozilla/5.0 (compatible; Yahoo! Slurp; http://help.yahoo.com/help/us/ysearch/slurp)" 
130.85.55.220 - - [20/Sep/2016:09:09:37 -0700] "GET / HTTP/1.1" 200 10046 "http://www.mlsecproject.org/" "Mozilla/5.0 (Macintosh; Intel Mac OS X 10_10_5) AppleWebKit/537.36 (KHTML, like Gecko) Chrome/53.0.2785.116 Safari/537.36" 
130.85.55.220 - - [20/Sep/2016:09:09:37 -0700] "GET /twitter-icon.png HTTP/1.1" 200 27787 "http://www.secrepo.com/" "Mozilla/5.0 (Macintosh; Intel Mac OS X 10_10_5) AppleWebKit/537.36 (KHTML, like Gecko) Chrome/53.0.2785.116 Safari/537.36" 
130.85.55.220 - - [20/Sep/2016:09:09:37 -0700] "GET /GitHub-Mark.png HTTP/1.1" 200 7428 "http://www.secrepo.com/" "Mozilla/5.0 (Macintosh; Intel Mac OS X 10_10_5) AppleWebKit/537.36 (KHTML, like Gecko) Chrome/53.0.2785.116 Safari/537.36" 
130.85.55.220 - - [20/Sep/2016:09:09:37 -0700] "GET /bootstrap/img/favicon.ico HTTP/1.1" 200 589 "http://www.secrepo.com/" "Mozilla/5.0 (Macintosh; Intel Mac OS X 10_10_5) AppleWebKit/537.36 (KHTML, like Gecko) Chrome/53.0.2785.116 Safari/537.36" 
68.180.230.91 - - [20/Sep/2016:09:10:34 -0700] "GET /self.logs/access.log.2015-01-27.gz HTTP/1.1" 200 2196 "-" "Mozilla/5.0 (compatible; Yahoo! Slurp; http://help.yahoo.com/help/us/ysearch/slurp)" 
68.180.230.91 - - [20/Sep/2016:09:11:37 -0700] "GET /self.logs/error.log.2016-06-10.gz HTTP/1.1" 200 1057 "-" "Mozilla/5.0 (compatible; Yahoo! Slurp; http://help.yahoo.com/help/us/ysearch/slurp)" 
141.165.210.20 - - [20/Sep/2016:09:16:18 -0700] "GET / HTTP/1.1" 200 10046 "https://www.google.com/" "Mozilla/5.0 (Windows NT 10.0; WOW64) AppleWebKit/537.36 (KHTML, like Gecko) Chrome/52.0.2743.116 Safari/537.36 OPR/39.0.2256.71" 
141.165.210.20 - - [20/Sep/2016:09:16:18 -0700] "GET /twitter-icon.png HTTP/1.1" 200 27787 "http://www.secrepo.com/" "Mozilla/5.0 (Windows NT 10.0; WOW64) AppleWebKit/537.36 (KHTML, like Gecko) Chrome/52.0.2743.116 Safari/537.36 OPR/39.0.2256.71" 
141.165.210.20 - - [20/Sep/2016:09:16:18 -0700] "GET /GitHub-Mark.png HTTP/1.1" 200 7428 "http://www.secrepo.com/" "Mozilla/5.0 (Windows NT 10.0; WOW64) AppleWebKit/537.36 (KHTML, like Gecko) Chrome/52.0.2743.116 Safari/537.36 OPR/39.0.2256.71" 
141.165.210.20 - - [20/Sep/2016:09:16:25 -0700] "GET / HTTP/1.1" 200 10046 "-" "Mozilla/5.0 (Windows NT 10.0; WOW64) AppleWebKit/537.36 (KHTML, like Gecko) Chrome/52.0.2743.116 Safari/537.36" 
141.165.210.20 - - [20/Sep/2016:09:16:25 -0700] "GET /twitter-icon.png HTTP/1.1" 200 27787 "http://www.secrepo.com/" "Mozilla/5.0 (Windows NT 10.0; WOW64) AppleWebKit/537.36 (KHTML, like Gecko) Chrome/52.0.2743.116 Safari/537.36" 
141.165.210.20 - - [20/Sep/2016:09:16:25 -0700] "GET /GitHub-Mark.png HTTP/1.1" 200 7428 "http://www.secrepo.com/" "Mozilla/5.0 (Windows NT 10.0; WOW64) AppleWebKit/537.36 (KHTML, like Gecko) Chrome/52.0.2743.116 Safari/537.36" 
141.165.210.20 - - [20/Sep/2016:09:16:25 -0700] "GET /bootstrap/img/favicon.ico HTTP/1.1" 200 589 "http://www.secrepo.com/" "Mozilla/5.0 (Windows NT 10.0; WOW64) AppleWebKit/537.36 (KHTML, like Gecko) Chrome/52.0.2743.116 Safari/537.36" 
107.77.97.119 - - [20/Sep/2016:09:22:26 -0700] "GET / HTTP/1.1" 200 10046 "https://www.google.com/" "Mozilla/5.0 (Macintosh; Intel Mac OS X 10_11_6) AppleWebKit/537.36 (KHTML, like Gecko) Chrome/52.0.2743.116 Safari/537.36" 
107.77.97.119 - - [20/Sep/2016:09:22:32 -0700] "GET /twitter-icon.png HTTP/1.1" 200 27788 "http://www.secrepo.com/" "Mozilla/5.0 (Macintosh; Intel Mac OS X 10_11_6) AppleWebKit/537.36 (KHTML, like Gecko) Chrome/52.0.2743.116 Safari/537.36" 
107.77.97.119 - - [20/Sep/2016:09:22:32 -0700] "GET /GitHub-Mark.png HTTP/1.1" 200 7428 "http://www.secrepo.com/" "Mozilla/5.0 (Macintosh; Intel Mac OS X 10_11_6) AppleWebKit/537.36 (KHTML, like Gecko) Chrome/52.0.2743.116 Safari/537.36" 
107.77.97.119 - - [20/Sep/2016:09:22:33 -0700] "GET /bootstrap/img/favicon.ico HTTP/1.1" 200 589 "http://www.secrepo.com/" "Mozilla/5.0 (Macintosh; Intel Mac OS X 10_11_6) AppleWebKit/537.36 (KHTML, like Gecko) Chrome/52.0.2743.116 Safari/537.36" 
107.77.97.119 - - [20/Sep/2016:09:26:31 -0700] "GET /misc/zeus_dga_domains.txt.zip HTTP/1.1" 200 594360 "-" "Mozilla/5.0 (Macintosh; Intel Mac OS X 10_11_6) AppleWebKit/537.36 (KHTML, like Gecko) Chrome/52.0.2743.116 Safari/537.36" 
68.180.230.91 - - [20/Sep/2016:09:27:49 -0700] "GET /self.logs/access.log.2016-01-01.gz HTTP/1.1" 200 5449 "-" "Mozilla/5.0 (compatible; Yahoo! Slurp; http://help.yahoo.com/help/us/ysearch/slurp)" 
14.192.211.233 - - [20/Sep/2016:09:31:41 -0700] "GET / HTTP/1.1" 200 10046 "-" "Mozilla/5.0 (Macintosh; Intel Mac OS X 10_10_4) AppleWebKit/537.36 (KHTML, like Gecko) Chrome/52.0.2743.116 Safari/537.36" 
14.192.211.233 - - [20/Sep/2016:09:31:43 -0700] "GET /twitter-icon.png HTTP/1.1" 200 27787 "http://www.secrepo.com/" "Mozilla/5.0 (Macintosh; Intel Mac OS X 10_10_4) AppleWebKit/537.36 (KHTML, like Gecko) Chrome/52.0.2743.116 Safari/537.36" 
14.192.211.233 - - [20/Sep/2016:09:31:43 -0700] "GET /GitHub-Mark.png HTTP/1.1" 200 7428 "http://www.secrepo.com/" "Mozilla/5.0 (Macintosh; Intel Mac OS X 10_10_4) AppleWebKit/537.36 (KHTML, like Gecko) Chrome/52.0.2743.116 Safari/537.36" 
14.192.211.233 - - [20/Sep/2016:09:31:44 -0700] "GET /bootstrap/img/favicon.ico HTTP/1.1" 200 589 "http://www.secrepo.com/" "Mozilla/5.0 (Macintosh; Intel Mac OS X 10_10_4) AppleWebKit/537.36 (KHTML, like Gecko) Chrome/52.0.2743.116 Safari/537.36" 
188.73.193.95 - - [20/Sep/2016:09:34:13 -0700] "GET / HTTP/1.1" 200 10046 "http://opensourceforu.com/2016/09/deep-learning-network-packet-forensics-using-tensorflow/" "Mozilla/5.0 (X11; Ubuntu; Linux i686; rv:48.0) Gecko/20100101 Firefox/48.0" 
188.73.193.95 - - [20/Sep/2016:09:34:14 -0700] "GET /twitter-icon.png HTTP/1.1" 200 27787 "http://www.secrepo.com/" "Mozilla/5.0 (X11; Ubuntu; Linux i686; rv:48.0) Gecko/20100101 Firefox/48.0" 
188.73.193.95 - - [20/Sep/2016:09:34:14 -0700] "GET /bootstrap/img/favicon.ico HTTP/1.1" 200 590 "-" "Mozilla/5.0 (X11; Ubuntu; Linux i686; rv:48.0) Gecko/20100101 Firefox/48.0" 
188.73.193.95 - - [20/Sep/2016:09:34:14 -0700] "GET /GitHub-Mark.png HTTP/1.1" 200 7428 "http://www.secrepo.com/" "Mozilla/5.0 (X11; Ubuntu; Linux i686; rv:48.0) Gecko/20100101 Firefox/48.0" 
108.209.105.97 - - [20/Sep/2016:09:59:59 -0700] "GET / HTTP/1.1" 200 10046 "-" "Mozilla/5.0 (Macintosh; Intel Mac OS X 10_11_6) AppleWebKit/537.36 (KHTML, like Gecko) Chrome/53.0.2785.116 Safari/537.36" 
108.209.105.97 - - [20/Sep/2016:10:00:05 -0700] "GET /twitter-icon.png HTTP/1.1" 200 27788 "http://www.secrepo.com/" "Mozilla/5.0 (Macintosh; Intel Mac OS X 10_11_6) AppleWebKit/537.36 (KHTML, like Gecko) Chrome/53.0.2785.116 Safari/537.36" 
108.209.105.97 - - [20/Sep/2016:10:00:05 -0700] "GET /GitHub-Mark.png HTTP/1.1" 200 7428 "http://www.secrepo.com/" "Mozilla/5.0 (Macintosh; Intel Mac OS X 10_11_6) AppleWebKit/537.36 (KHTML, like Gecko) Chrome/53.0.2785.116 Safari/537.36" 
108.209.105.97 - - [20/Sep/2016:10:00:10 -0700] "GET /bootstrap/img/favicon.ico HTTP/1.1" 200 590 "http://www.secrepo.com/" "Mozilla/5.0 (Macintosh; Intel Mac OS X 10_11_6) AppleWebKit/537.36 (KHTML, like Gecko) Chrome/53.0.2785.116 Safari/537.36" 
117.190.191.170 - - [20/Sep/2016:10:06:30 -0700] "GET /tg/a.zip HTTP/1.1" 304 132 "-" "Mozilla/5.0 Gecko/20100115 Firefox/3.6" 
129.81.217.77 - - [20/Sep/2016:10:13:08 -0700] "GET / HTTP/1.1" 200 10046 "https://www.reddit.com/r/datasets/comments/3tbxap/cyber_security_datasets/" "Mozilla/5.0 (Windows NT 10.0; WOW64) AppleWebKit/537.36 (KHTML, like Gecko) Chrome/53.0.2785.116 Safari/537.36" 
129.81.217.77 - - [20/Sep/2016:10:13:08 -0700] "GET /twitter-icon.png HTTP/1.1" 200 27787 "http://www.secrepo.com/" "Mozilla/5.0 (Windows NT 10.0; WOW64) AppleWebKit/537.36 (KHTML, like Gecko) Chrome/53.0.2785.116 Safari/537.36" 
129.81.217.77 - - [20/Sep/2016:10:13:08 -0700] "GET /GitHub-Mark.png HTTP/1.1" 200 7428 "http://www.secrepo.com/" "Mozilla/5.0 (Windows NT 10.0; WOW64) AppleWebKit/537.36 (KHTML, like Gecko) Chrome/53.0.2785.116 Safari/537.36" 
129.81.217.77 - - [20/Sep/2016:10:13:09 -0700] "GET /bootstrap/img/favicon.ico HTTP/1.1" 200 589 "http://www.secrepo.com/" "Mozilla/5.0 (Windows NT 10.0; WOW64) AppleWebKit/537.36 (KHTML, like Gecko) Chrome/53.0.2785.116 Safari/537.36" 
84.102.32.235 - - [20/Sep/2016:10:13:29 -0700] "GET / HTTP/1.1" 200 10046 "-" "Mozilla/5.0 (X11; Ubuntu; Linux x86_64; rv:45.0) Gecko/20100101 Firefox/45.0" 
84.102.32.235 - - [20/Sep/2016:10:13:30 -0700] "GET /twitter-icon.png HTTP/1.1" 200 27787 "http://www.secrepo.com/" "Mozilla/5.0 (X11; Ubuntu; Linux x86_64; rv:45.0) Gecko/20100101 Firefox/45.0" 
84.102.32.235 - - [20/Sep/2016:10:13:30 -0700] "GET /GitHub-Mark.png HTTP/1.1" 200 7428 "http://www.secrepo.com/" "Mozilla/5.0 (X11; Ubuntu; Linux x86_64; rv:45.0) Gecko/20100101 Firefox/45.0" 
15.219.163.254 - - [20/Sep/2016:10:21:12 -0700] "GET / HTTP/1.1" 301 483 "-" "Mozilla/5.0 (Windows NT 10.0; Win64; x64) AppleWebKit/537.36 (KHTML, like Gecko) Chrome/52.0.2743.116 Safari/537.36" 
15.219.163.254 - - [20/Sep/2016:10:21:12 -0700] "GET / HTTP/1.1" 200 10046 "-" "Mozilla/5.0 (Windows NT 10.0; Win64; x64) AppleWebKit/537.36 (KHTML, like Gecko) Chrome/52.0.2743.116 Safari/537.36" 
15.219.163.254 - - [20/Sep/2016:10:21:13 -0700] "GET /twitter-icon.png HTTP/1.1" 200 27787 "http://www.secrepo.com/" "Mozilla/5.0 (Windows NT 10.0; Win64; x64) AppleWebKit/537.36 (KHTML, like Gecko) Chrome/52.0.2743.116 Safari/537.36" 
15.219.163.254 - - [20/Sep/2016:10:21:13 -0700] "GET /GitHub-Mark.png HTTP/1.1" 200 7428 "http://www.secrepo.com/" "Mozilla/5.0 (Windows NT 10.0; Win64; x64) AppleWebKit/537.36 (KHTML, like Gecko) Chrome/52.0.2743.116 Safari/537.36" 
15.219.163.254 - - [20/Sep/2016:10:21:13 -0700] "GET /bootstrap/img/favicon.ico HTTP/1.1" 200 589 "http://www.secrepo.com/" "Mozilla/5.0 (Windows NT 10.0; Win64; x64) AppleWebKit/537.36 (KHTML, like Gecko) Chrome/52.0.2743.116 Safari/537.36" 
111.7.128.40 - - [20/Sep/2016:10:23:22 -0700] "GET /tg/a.zip HTTP/1.1" 304 132 "-" "Mozilla/5.0 Gecko/20100115 Firefox/3.6" 
70.123.104.205 - - [20/Sep/2016:10:32:13 -0700] "GET / HTTP/1.1" 200 10046 "-" "Mozilla/5.0 (Macintosh; Intel Mac OS X 10_11_6) AppleWebKit/602.1.50 (KHTML, like Gecko)" 
70.123.104.205 - - [20/Sep/2016:10:32:13 -0700] "GET /apple-touch-icon-precomposed.png HTTP/1.1" 404 340 "-" "Safari/11602.1.50.0.10 CFNetwork/760.6.3 Darwin/15.6.0 (x86_64)" 
70.123.104.205 - - [20/Sep/2016:10:32:13 -0700] "GET /apple-touch-icon.png HTTP/1.1" 404 339 "-" "Safari/11602.1.50.0.10 CFNetwork/760.6.3 Darwin/15.6.0 (x86_64)" 
70.123.104.205 - - [20/Sep/2016:10:32:13 -0700] "GET /bootstrap/img/favicon.ico HTTP/1.1" 200 589 "-" "Safari/11602.1.50.0.10 CFNetwork/760.6.3 Darwin/15.6.0 (x86_64)" 
70.123.104.205 - - [20/Sep/2016:10:32:13 -0700] "GET /apple-touch-icon-precomposed.png HTTP/1.1" 404 339 "-" "Safari/11602.1.50.0.10 CFNetwork/760.6.3 Darwin/15.6.0 (x86_64)" 
70.123.104.205 - - [20/Sep/2016:10:32:13 -0700] "GET /apple-touch-icon.png HTTP/1.1" 404 339 "-" "Safari/11602.1.50.0.10 CFNetwork/760.6.3 Darwin/15.6.0 (x86_64)" 
69.250.21.17 - - [20/Sep/2016:10:39:50 -0700] "GET / HTTP/1.1" 200 10046 "-" "Mozilla/5.0 (Macintosh; Intel Mac OS X 10_11_6) AppleWebKit/537.36 (KHTML, like Gecko) Chrome/53.0.2785.116 Safari/537.36" 
69.250.21.17 - - [20/Sep/2016:10:39:53 -0700] "GET /GitHub-Mark.png HTTP/1.1" 200 7428 "http://www.secrepo.com/" "Mozilla/5.0 (Macintosh; Intel Mac OS X 10_11_6) AppleWebKit/537.36 (KHTML, like Gecko) Chrome/53.0.2785.116 Safari/537.36" 
69.250.21.17 - - [20/Sep/2016:10:39:53 -0700] "GET /twitter-icon.png HTTP/1.1" 200 27788 "http://www.secrepo.com/" "Mozilla/5.0 (Macintosh; Intel Mac OS X 10_11_6) AppleWebKit/537.36 (KHTML, like Gecko) Chrome/53.0.2785.116 Safari/537.36" 
69.250.21.17 - - [20/Sep/2016:10:39:55 -0700] "GET /bootstrap/img/favicon.ico HTTP/1.1" 200 590 "http://www.secrepo.com/" "Mozilla/5.0 (Macintosh; Intel Mac OS X 10_11_6) AppleWebKit/537.36 (KHTML, like Gecko) Chrome/53.0.2785.116 Safari/537.36" 
70.123.104.205 - - [20/Sep/2016:10:53:08 -0700] "GET / HTTP/1.1" 200 10046 "-" "Mozilla/5.0 (Macintosh; Intel Mac OS X 10_11_6) AppleWebKit/602.1.50 (KHTML, like Gecko)" 
70.123.104.205 - - [20/Sep/2016:10:53:08 -0700] "GET /apple-touch-icon-precomposed.png HTTP/1.1" 404 340 "-" "Safari/11602.1.50.0.10 CFNetwork/760.6.3 Darwin/15.6.0 (x86_64)" 
70.123.104.205 - - [20/Sep/2016:10:53:08 -0700] "GET /apple-touch-icon.png HTTP/1.1" 404 339 "-" "Safari/11602.1.50.0.10 CFNetwork/760.6.3 Darwin/15.6.0 (x86_64)" 
70.123.104.205 - - [20/Sep/2016:10:53:09 -0700] "GET /apple-touch-icon-precomposed.png HTTP/1.1" 404 339 "-" "Safari/11602.1.50.0.10 CFNetwork/760.6.3 Darwin/15.6.0 (x86_64)" 
70.123.104.205 - - [20/Sep/2016:10:53:09 -0700] "GET /apple-touch-icon.png HTTP/1.1" 404 339 "-" "Safari/11602.1.50.0.10 CFNetwork/760.6.3 Darwin/15.6.0 (x86_64)" 
207.11.1.164 - - [20/Sep/2016:10:55:09 -0700] "GET / HTTP/1.1" 200 10046 "-" "Mozilla/5.0 (Macintosh; Intel Mac OS X 10_11_2) AppleWebKit/601.3.9 (KHTML, like Gecko)" 
207.11.1.164 - - [20/Sep/2016:10:55:09 -0700] "GET /apple-touch-icon-precomposed.png HTTP/1.1" 404 340 "-" "Safari/11601.3.9 CFNetwork/760.2.6 Darwin/15.2.0 (x86_64)" 
207.11.1.164 - - [20/Sep/2016:10:55:09 -0700] "GET /apple-touch-icon.png HTTP/1.1" 404 339 "-" "Safari/11601.3.9 CFNetwork/760.2.6 Darwin/15.2.0 (x86_64)" 
207.11.1.164 - - [20/Sep/2016:10:55:09 -0700] "GET /apple-touch-icon-precomposed.png HTTP/1.1" 404 339 "-" "Safari/11601.3.9 CFNetwork/760.2.6 Darwin/15.2.0 (x86_64)" 
207.11.1.164 - - [20/Sep/2016:10:55:09 -0700] "GET /apple-touch-icon.png HTTP/1.1" 404 339 "-" "Safari/11601.3.9 CFNetwork/760.2.6 Darwin/15.2.0 (x86_64)" 
192.55.54.43 - - [20/Sep/2016:11:14:06 -0700] "GET / HTTP/1.1" 200 10046 "-" "Mozilla/5.0 (Windows NT 10.0; WOW64) AppleWebKit/537.36 (KHTML, like Gecko) Chrome/53.0.2785.116 Safari/537.36" 
69.30.211.2 - - [20/Sep/2016:11:19:47 -0700] "GET /robots.txt HTTP/1.0" 301 481 "-" "Mozilla/5.0 (compatible; MJ12bot/v1.4.5; http://www.majestic12.co.uk/bot.php?+)" 
69.30.211.2 - - [20/Sep/2016:11:19:47 -0700] "GET /robots.txt HTTP/1.0" 200 252 "-" "Mozilla/5.0 (compatible; MJ12bot/v1.4.5; http://www.majestic12.co.uk/bot.php?+)" 
69.30.211.2 - - [20/Sep/2016:11:19:49 -0700] "GET / HTTP/1.0" 301 461 "-" "Mozilla/5.0 (compatible; MJ12bot/v1.4.5; http://www.majestic12.co.uk/bot.php?+)" 
69.30.211.2 - - [20/Sep/2016:11:19:49 -0700] "GET /robots.txt HTTP/1.0" 200 252 "-" "Mozilla/5.0 (compatible; MJ12bot/v1.4.5; http://www.majestic12.co.uk/bot.php?+)" 
69.30.211.2 - - [20/Sep/2016:11:19:51 -0700] "GET / HTTP/1.0" 200 33494 "-" "Mozilla/5.0 (compatible; MJ12bot/v1.4.5; http://www.majestic12.co.uk/bot.php?+)" 
68.180.230.91 - - [20/Sep/2016:11:21:35 -0700] "GET /self.logs/error.log.2015-10-24.gz HTTP/1.1" 200 811 "-" "Mozilla/5.0 (compatible; Yahoo! Slurp; http://help.yahoo.com/help/us/ysearch/slurp)" 
68.180.230.91 - - [20/Sep/2016:11:23:46 -0700] "GET /self.logs/error.log.2016-08-27.gz HTTP/1.1" 200 595 "-" "Mozilla/5.0 (compatible; Yahoo! Slurp; http://help.yahoo.com/help/us/ysearch/slurp)" 
68.180.230.91 - - [20/Sep/2016:11:24:37 -0700] "GET /self.logs/error.log.2016-01-29.gz HTTP/1.1" 200 613 "-" "Mozilla/5.0 (compatible; Yahoo! Slurp; http://help.yahoo.com/help/us/ysearch/slurp)" 
129.101.153.180 - - [20/Sep/2016:11:34:18 -0700] "GET / HTTP/1.1" 200 10046 "https://www.google.com/" "Mozilla/5.0 (Windows NT 6.1; WOW64) AppleWebKit/537.36 (KHTML, like Gecko) Chrome/53.0.2785.116 Safari/537.36" 
129.101.153.180 - - [20/Sep/2016:11:34:18 -0700] "GET /twitter-icon.png HTTP/1.1" 200 27787 "http://www.secrepo.com/" "Mozilla/5.0 (Windows NT 6.1; WOW64) AppleWebKit/537.36 (KHTML, like Gecko) Chrome/53.0.2785.116 Safari/537.36" 
129.101.153.180 - - [20/Sep/2016:11:34:18 -0700] "GET /GitHub-Mark.png HTTP/1.1" 200 7428 "http://www.secrepo.com/" "Mozilla/5.0 (Windows NT 6.1; WOW64) AppleWebKit/537.36 (KHTML, like Gecko) Chrome/53.0.2785.116 Safari/537.36" 
68.180.230.91 - - [20/Sep/2016:11:35:23 -0700] "GET /squid/access.log.gz HTTP/1.1" 200 1165658 "-" "Mozilla/5.0 (compatible; Yahoo! Slurp; http://help.yahoo.com/help/us/ysearch/slurp)" 
68.180.230.91 - - [20/Sep/2016:11:40:03 -0700] "GET /self.logs/access.log.2015-05-16.gz HTTP/1.1" 200 3632 "-" "Mozilla/5.0 (compatible; Yahoo! Slurp; http://help.yahoo.com/help/us/ysearch/slurp)" 
99.232.130.187 - - [20/Sep/2016:11:46:52 -0700] "GET / HTTP/1.1" 301 483 "-" "Mozilla/5.0 (Macintosh; Intel Mac OS X 10_11_6) AppleWebKit/537.36 (KHTML, like Gecko) Chrome/53.0.2785.116 Safari/537.36" 
99.232.130.187 - - [20/Sep/2016:11:46:52 -0700] "GET / HTTP/1.1" 200 10046 "-" "Mozilla/5.0 (Macintosh; Intel Mac OS X 10_11_6) AppleWebKit/537.36 (KHTML, like Gecko) Chrome/53.0.2785.116 Safari/537.36" 
99.232.130.187 - - [20/Sep/2016:11:46:53 -0700] "GET /twitter-icon.png HTTP/1.1" 200 27787 "http://www.secrepo.com/" "Mozilla/5.0 (Macintosh; Intel Mac OS X 10_11_6) AppleWebKit/537.36 (KHTML, like Gecko) Chrome/53.0.2785.116 Safari/537.36" 
99.232.130.187 - - [20/Sep/2016:11:46:53 -0700] "GET /GitHub-Mark.png HTTP/1.1" 200 7427 "http://www.secrepo.com/" "Mozilla/5.0 (Macintosh; Intel Mac OS X 10_11_6) AppleWebKit/537.36 (KHTML, like Gecko) Chrome/53.0.2785.116 Safari/537.36" 
99.232.130.187 - - [20/Sep/2016:11:46:53 -0700] "GET /bootstrap/img/favicon.ico HTTP/1.1" 200 589 "http://www.secrepo.com/" "Mozilla/5.0 (Macintosh; Intel Mac OS X 10_11_6) AppleWebKit/537.36 (KHTML, like Gecko) Chrome/53.0.2785.116 Safari/537.36" 
62.138.2.243 - - [20/Sep/2016:11:47:17 -0700] "GET /robots.txt HTTP/1.0" 200 252 "-" "Mozilla/5.0 (compatible; MJ12bot/v1.4.5; http://www.majestic12.co.uk/bot.php?+)" 
62.138.2.243 - - [20/Sep/2016:11:47:19 -0700] "GET /self.logs/?C=D;O=A HTTP/1.0" 200 117334 "-" "Mozilla/5.0 (compatible; MJ12bot/v1.4.5; http://www.majestic12.co.uk/bot.php?+)" 
62.138.2.243 - - [20/Sep/2016:11:47:30 -0700] "GET /self.logs/?C=S;O=A HTTP/1.0" 200 14079 "-" "Mozilla/5.0 (compatible; MJ12bot/v1.4.5; http://www.majestic12.co.uk/bot.php?+)" 
68.180.230.91 - - [20/Sep/2016:12:06:39 -0700] "GET /self.logs/error.log.2016-03-25.gz HTTP/1.1" 200 664 "-" "Mozilla/5.0 (compatible; Yahoo! Slurp; http://help.yahoo.com/help/us/ysearch/slurp)" 
50.247.216.241 - - [20/Sep/2016:12:13:47 -0700] "GET / HTTP/1.1" 301 483 "-" "Mozilla/5.0 (Macintosh; Intel Mac OS X 10_11_6) AppleWebKit/537.36 (KHTML, like Gecko) Chrome/53.0.2785.116 Safari/537.36" 
50.247.216.241 - - [20/Sep/2016:12:13:47 -0700] "GET / HTTP/1.1" 200 10046 "-" "Mozilla/5.0 (Macintosh; Intel Mac OS X 10_11_6) AppleWebKit/537.36 (KHTML, like Gecko) Chrome/53.0.2785.116 Safari/537.36" 
50.247.216.241 - - [20/Sep/2016:12:13:48 -0700] "GET /twitter-icon.png HTTP/1.1" 200 27787 "http://www.secrepo.com/" "Mozilla/5.0 (Macintosh; Intel Mac OS X 10_11_6) AppleWebKit/537.36 (KHTML, like Gecko) Chrome/53.0.2785.116 Safari/537.36" 
50.247.216.241 - - [20/Sep/2016:12:13:48 -0700] "GET /GitHub-Mark.png HTTP/1.1" 200 7428 "http://www.secrepo.com/" "Mozilla/5.0 (Macintosh; Intel Mac OS X 10_11_6) AppleWebKit/537.36 (KHTML, like Gecko) Chrome/53.0.2785.116 Safari/537.36" 
50.247.216.241 - - [20/Sep/2016:12:13:48 -0700] "GET /bootstrap/img/favicon.ico HTTP/1.1" 200 589 "http://www.secrepo.com/" "Mozilla/5.0 (Macintosh; Intel Mac OS X 10_11_6) AppleWebKit/537.36 (KHTML, like Gecko) Chrome/53.0.2785.116 Safari/537.36" 
68.180.230.91 - - [20/Sep/2016:12:42:13 -0700] "GET /self.logs/error.log.2016-02-13.gz HTTP/1.1" 200 793 "-" "Mozilla/5.0 (compatible; Yahoo! Slurp; http://help.yahoo.com/help/us/ysearch/slurp)" 
51.255.51.249 - - [20/Sep/2016:12:43:13 -0700] "GET /robots.txt HTTP/1.0" 200 252 "-" "Mozilla/5.0 (compatible; MJ12bot/v1.4.5; http://www.majestic12.co.uk/bot.php?+)" 
51.255.51.249 - - [20/Sep/2016:12:43:14 -0700] "GET / HTTP/1.0" 200 33494 "-" "Mozilla/5.0 (compatible; MJ12bot/v1.4.5; http://www.majestic12.co.uk/bot.php?+)" 
68.180.230.91 - - [20/Sep/2016:12:46:18 -0700] "GET /self.logs/access.log.2015-05-24.gz HTTP/1.1" 200 3553 "-" "Mozilla/5.0 (compatible; Yahoo! Slurp; http://help.yahoo.com/help/us/ysearch/slurp)" 
128.29.43.2 - - [20/Sep/2016:12:53:19 -0700] "GET / HTTP/1.1" 200 10046 "-" "Mozilla/5.0 (Macintosh; Intel Mac OS X 10_11_6) AppleWebKit/537.36 (KHTML, like Gecko) Chrome/53.0.2785.116 Safari/537.36" 
128.29.43.2 - - [20/Sep/2016:12:53:20 -0700] "GET /GitHub-Mark.png HTTP/1.1" 200 7428 "http://www.secrepo.com/" "Mozilla/5.0 (Macintosh; Intel Mac OS X 10_11_6) AppleWebKit/537.36 (KHTML, like Gecko) Chrome/53.0.2785.116 Safari/537.36" 
128.29.43.2 - - [20/Sep/2016:12:53:20 -0700] "GET /twitter-icon.png HTTP/1.1" 200 27787 "http://www.secrepo.com/" "Mozilla/5.0 (Macintosh; Intel Mac OS X 10_11_6) AppleWebKit/537.36 (KHTML, like Gecko) Chrome/53.0.2785.116 Safari/537.36" 
128.29.43.2 - - [20/Sep/2016:12:53:24 -0700] "GET /bootstrap/img/favicon.ico HTTP/1.1" 200 590 "http://www.secrepo.com/" "Mozilla/5.0 (Macintosh; Intel Mac OS X 10_11_6) AppleWebKit/537.36 (KHTML, like Gecko) Chrome/53.0.2785.116 Safari/537.36" 
117.190.191.170 - - [20/Sep/2016:13:06:32 -0700] "GET /tg/a.zip HTTP/1.1" 304 132 "-" "Mozilla/5.0 Gecko/20100115 Firefox/3.6" 
68.180.230.91 - - [20/Sep/2016:13:13:38 -0700] "GET /self.logs/error.log.2016-03-27.gz HTTP/1.1" 200 782 "-" "Mozilla/5.0 (compatible; Yahoo! Slurp; http://help.yahoo.com/help/us/ysearch/slurp)" 
66.249.84.166 - - [20/Sep/2016:13:18:55 -0700] "GET / HTTP/1.1" 200 10046 "-" "Mozilla/5.0 (X11; Linux x86_64) AppleWebKit/537.36 (KHTML, like Gecko) Chrome/49.0.2623.75 Safari/537.36 Google Favicon" 
66.249.84.168 - - [20/Sep/2016:13:18:55 -0700] "GET /bootstrap/img/favicon.ico HTTP/1.1" 200 590 "-" "Mozilla/5.0 (X11; Linux x86_64) AppleWebKit/537.36 (KHTML, like Gecko) Chrome/49.0.2623.75 Safari/537.36 Google Favicon" 
111.7.128.40 - - [20/Sep/2016:13:23:24 -0700] "GET /tg/a.zip HTTP/1.1" 304 132 "-" "Mozilla/5.0 Gecko/20100115 Firefox/3.6" 
51.255.65.91 - - [20/Sep/2016:13:33:55 -0700] "GET /self.logs/access.log.2016-08-29.gz HTTP/1.1" 200 10214 "-" "Mozilla/5.0 (compatible; AhrefsBot/5.1; +http://ahrefs.com/robot/)" 
95.150.38.110 - - [20/Sep/2016:13:36:20 -0700] "GET / HTTP/1.1" 200 10046 "-" "Mozilla/5.0 (Macintosh; Intel Mac OS X 10_10_5) AppleWebKit/600.8.9 (KHTML, like Gecko) Version/8.0.8 Safari/600.8.9" 
95.150.38.110 - - [20/Sep/2016:13:36:20 -0700] "GET /bootstrap/img/favicon.ico HTTP/1.1" 200 589 "http://www.secrepo.com/" "Mozilla/5.0 (Macintosh; Intel Mac OS X 10_10_5) AppleWebKit/600.8.9 (KHTML, like Gecko) Version/8.0.8 Safari/600.8.9" 
95.150.38.110 - - [20/Sep/2016:13:36:21 -0700] "GET / HTTP/1.1" 200 10045 "-" "Mozilla/5.0 (iPhone; CPU iPhone OS 8_1 like Mac OS X) AppleWebKit/600.1.4 (KHTML, like Gecko) Version/8.0 Mobile/12B410 Safari/600.1.4" 
95.150.38.110 - - [20/Sep/2016:13:36:21 -0700] "GET /apple-touch-icon-precomposed.png HTTP/1.1" 404 340 "-" "com.apple.WebKit.WebContent/10600.8.9 CFNetwork/720.5.7 Darwin/14.5.0 (x86_64)" 
95.150.38.110 - - [20/Sep/2016:13:36:21 -0700] "GET /apple-touch-icon.png HTTP/1.1" 404 339 "-" "com.apple.WebKit.WebContent/10600.8.9 CFNetwork/720.5.7 Darwin/14.5.0 (x86_64)" 
93.80.231.33 - - [20/Sep/2016:13:36:45 -0700] "GET /honeypot/BSidesDFW%20-%202014.ipynb HTTP/1.1" 200 930799 "http://yandex.ru/clck/jsredir?from=yandex.ru%3Bsearch%3Bweb%3B%3B&text=&etext=1184.rHBdptYJ6yQdtRF1JUBVxn4N-lyJSuyAN7zvI_GfdYDxf6HdodCbG8erfzc_iLmq.629cc39e32929c45eeeab1a73b4b63af46b774ea&uuid=&state=_BLhILn4SxNIvvL0W45KSic66uCIg23qh8iRG98qeIXmeppkgUc0YGv9iZwKiy-E54GYiollMFA&data=UlNrNmk5WktYejR0eWJFYk1LdmtxdFVvX2JPZzkyaEU2WFNsdVNGUmVZbHU3ZjQwYnJsWFQzaTk3eklSTnotZ1h4SW1DUmpSY1JVWlAxT212aTdGbmljek9uMzIxTElNRnUyZGR2aTVBa0stQ2lqMmlTOHZmcFNOd3kxcGFwRjlVTkxYbUhpMGx1OVA1WDY4cjFicDl5RVVzVndzTmdScA&b64e=2&sign=cb9883625fd4256bcbe09cec456d36d2&keyno=0&cst=AiuY0DBWFJ7IXge4WdYJQXbYQp9t5VF6nZSAXovEuHQZQSdjyzgG4jJ0bipRngRdyWIBsyrqfTDDCklDmT6GsLwGcgYt9SctFYxo2ldgCMbvHlpzeqD23PponOI9RBlxd-qdpxtY9WUA5cxsjQV3G48UWrSbEWML&ref=orjY4mGPRjk5boDnW0uvlrrd71vZw9kp5uQozpMtKCV-bB70LKhDfI5P8UcK3mV1FT-5IfsMnTbP4FqFQwtcRtUTPx4EzxZGwDHOfa0-_4l56ZXbI-K_CQ&l10n=ru&cts=1474401759554&mc=6.33018442602" "Mozilla/4.0 (compatible; MSIE 8.0; Windows NT 5.1; Trident/4.0)" 
