62.210.138.77 - - [26/Nov/2015:01:43:37 -0800] "GET / HTTP/1.1" 200 8245 "-" "Mozilla/5.0 (X11; Linux x86_64) AppleWebKit/537.36 (KHTML, like Gecko) Chrome/28.0.1500.71 Safari/537.36" 
157.55.39.98 - - [26/Nov/2015:01:51:18 -0800] "GET /self.logs/access.log.2015-02-15.gz HTTP/1.1" 200 15640 "-" "Mozilla/5.0 (compatible; bingbot/2.0; +http://www.bing.com/bingbot.htm)" 
172.99.78.147 - - [26/Nov/2015:01:56:05 -0800] "GET /robots.txt HTTP/1.1" 301 446 "-" "Tornado-Async-Client" 
172.99.78.147 - - [26/Nov/2015:01:56:05 -0800] "GET /robots.txt HTTP/1.1" 200 304 "-" "Tornado-Async-Client" 
172.99.78.147 - - [26/Nov/2015:01:56:05 -0800] "GET /honeypot/BSidesDFW%20-%202014.ipynb HTTP/1.1" 301 484 "-" "Tornado-Async-Client" 
172.99.78.147 - - [26/Nov/2015:01:56:05 -0800] "GET /honeypot/BSidesDFW%20-%202014.ipynb HTTP/1.1" 200 930780 "-" "Tornado-Async-Client" 
91.228.167.109 - - [26/Nov/2015:01:58:17 -0800] "GET / HTTP/1.0" 301 461 "http://www.facebook.com/Gertruda" "Mozilla/5.0 (Windows NT 6.1) AppleWebKit/537.36 (KHTML, like Gecko) Chrome/31.0.1650.16 Safari/537.36" 
91.228.167.109 - - [26/Nov/2015:01:58:18 -0800] "GET / HTTP/1.0" 200 26943 "http://secrepo.com/" "Mozilla/5.0 (Windows NT 6.1) AppleWebKit/537.36 (KHTML, like Gecko) Chrome/31.0.1650.16 Safari/537.36" 
188.165.15.209 - - [26/Nov/2015:01:59:19 -0800] "GET /self.logs/error.log.2015-10-19.gz HTTP/1.1" 200 673 "-" "Mozilla/5.0 (compatible; AhrefsBot/5.0; +http://ahrefs.com/robot/)" 
188.165.15.209 - - [26/Nov/2015:02:48:55 -0800] "GET /self.logs/access.log.2015-10-14.gz HTTP/1.1" 200 11851 "-" "Mozilla/5.0 (compatible; AhrefsBot/5.0; +http://ahrefs.com/robot/)" 
91.228.167.130 - - [26/Nov/2015:02:58:23 -0800] "GET / HTTP/1.0" 301 461 "http://www.facebook.com/Gertruda" "Mozilla/5.0 (Windows NT 6.1) AppleWebKit/537.36 (KHTML, like Gecko) Chrome/31.0.1650.16 Safari/537.36" 
91.228.167.130 - - [26/Nov/2015:02:58:23 -0800] "GET / HTTP/1.0" 200 26943 "http://secrepo.com/" "Mozilla/5.0 (Windows NT 6.1) AppleWebKit/537.36 (KHTML, like Gecko) Chrome/31.0.1650.16 Safari/537.36" 
168.96.15.8 - - [26/Nov/2015:03:12:41 -0800] "GET / HTTP/1.1" 200 8245 "https://www.reddit.com/r/datasets/comments/3tbxap/cyber_security_datasets/" "Mozilla/5.0 (X11; Ubuntu; Linux x86_64; rv:41.0) Gecko/20100101 Firefox/41.0" 
168.96.15.8 - - [26/Nov/2015:03:12:41 -0800] "GET /twitter-icon.png HTTP/1.1" 200 27787 "http://www.secrepo.com/" "Mozilla/5.0 (X11; Ubuntu; Linux x86_64; rv:41.0) Gecko/20100101 Firefox/41.0" 
168.96.15.8 - - [26/Nov/2015:03:12:41 -0800] "GET /GitHub-Mark.png HTTP/1.1" 200 7428 "http://www.secrepo.com/" "Mozilla/5.0 (X11; Ubuntu; Linux x86_64; rv:41.0) Gecko/20100101 Firefox/41.0" 
168.96.15.8 - - [26/Nov/2015:03:12:41 -0800] "GET /bootstrap/img/favicon.ico HTTP/1.1" 200 590 "-" "Mozilla/5.0 (X11; Ubuntu; Linux x86_64; rv:41.0) Gecko/20100101 Firefox/41.0" 
188.118.20.209 - - [26/Nov/2015:04:12:59 -0800] "GET / HTTP/1.1" 200 8245 "https://www.reddit.com/r/datasets/comments/3tbxap/cyber_security_datasets/" "Mozilla/5.0 (Macintosh; Intel Mac OS X 10_10_5) AppleWebKit/537.36 (KHTML, like Gecko) Chrome/46.0.2490.86 Safari/537.36" 
188.118.20.209 - - [26/Nov/2015:04:12:59 -0800] "GET /twitter-icon.png HTTP/1.1" 200 27787 "http://www.secrepo.com/" "Mozilla/5.0 (Macintosh; Intel Mac OS X 10_10_5) AppleWebKit/537.36 (KHTML, like Gecko) Chrome/46.0.2490.86 Safari/537.36" 
188.118.20.209 - - [26/Nov/2015:04:12:59 -0800] "GET /GitHub-Mark.png HTTP/1.1" 200 7427 "http://www.secrepo.com/" "Mozilla/5.0 (Macintosh; Intel Mac OS X 10_10_5) AppleWebKit/537.36 (KHTML, like Gecko) Chrome/46.0.2490.86 Safari/537.36" 
157.55.39.52 - - [26/Nov/2015:04:14:12 -0800] "GET / HTTP/1.1" 301 483 "-" "Mozilla/5.0 (compatible; bingbot/2.0; +http://www.bing.com/bingbot.htm)" 
91.228.167.109 - - [26/Nov/2015:04:15:30 -0800] "GET / HTTP/1.0" 301 461 "http://www.facebook.com/Gertruda" "Mozilla/5.0 (Windows NT 6.1) AppleWebKit/537.36 (KHTML, like Gecko) Chrome/31.0.1650.16 Safari/537.36" 
91.228.167.109 - - [26/Nov/2015:04:15:31 -0800] "GET / HTTP/1.0" 200 26943 "http://secrepo.com/" "Mozilla/5.0 (Windows NT 6.1) AppleWebKit/537.36 (KHTML, like Gecko) Chrome/31.0.1650.16 Safari/537.36" 
157.55.39.52 - - [26/Nov/2015:04:17:13 -0800] "GET / HTTP/1.1" 200 8245 "-" "Mozilla/5.0 (compatible; bingbot/2.0; +http://www.bing.com/bingbot.htm)" 
89.45.102.182 - - [26/Nov/2015:04:56:19 -0800] "GET / HTTP/1.1" 301 483 "-" "Mozilla/5.0 (X11; Linux x86_64) AppleWebKit/537.36 (KHTML, like Gecko) Chrome/46.0.2490.86 Safari/537.36" 
89.45.102.182 - - [26/Nov/2015:04:56:19 -0800] "GET / HTTP/1.1" 200 8245 "-" "Mozilla/5.0 (X11; Linux x86_64) AppleWebKit/537.36 (KHTML, like Gecko) Chrome/46.0.2490.86 Safari/537.36" 
89.45.102.182 - - [26/Nov/2015:04:56:20 -0800] "GET /twitter-icon.png HTTP/1.1" 200 27787 "http://www.secrepo.com/" "Mozilla/5.0 (X11; Linux x86_64) AppleWebKit/537.36 (KHTML, like Gecko) Chrome/46.0.2490.86 Safari/537.36" 
89.45.102.182 - - [26/Nov/2015:04:56:20 -0800] "GET /GitHub-Mark.png HTTP/1.1" 200 7428 "http://www.secrepo.com/" "Mozilla/5.0 (X11; Linux x86_64) AppleWebKit/537.36 (KHTML, like Gecko) Chrome/46.0.2490.86 Safari/537.36" 
89.45.102.182 - - [26/Nov/2015:04:56:20 -0800] "GET /bootstrap/img/favicon.ico HTTP/1.1" 200 589 "http://www.secrepo.com/" "Mozilla/5.0 (X11; Linux x86_64) AppleWebKit/537.36 (KHTML, like Gecko) Chrome/46.0.2490.86 Safari/537.36" 
103.42.157.254 - - [26/Nov/2015:05:00:42 -0800] "GET / HTTP/1.1" 200 8189 "https://www.google.co.in" "Mozilla/5.0 (Macintosh; Intel Mac OS X 10.8; rv:38.0) Gecko/20100101 Firefox/38.0" 
103.42.157.254 - - [26/Nov/2015:05:00:42 -0800] "GET /twitter-icon.png HTTP/1.1" 200 27732 "http://www.secrepo.com/" "Mozilla/5.0 (Macintosh; Intel Mac OS X 10.8; rv:38.0) Gecko/20100101 Firefox/38.0" 
103.42.157.254 - - [26/Nov/2015:05:00:43 -0800] "GET /GitHub-Mark.png HTTP/1.1" 200 7372 "http://www.secrepo.com/" "Mozilla/5.0 (Macintosh; Intel Mac OS X 10.8; rv:38.0) Gecko/20100101 Firefox/38.0" 
103.42.157.254 - - [26/Nov/2015:05:00:43 -0800] "GET /bootstrap/img/favicon.ico HTTP/1.1" 200 534 "-" "Mozilla/5.0 (Macintosh; Intel Mac OS X 10.8; rv:38.0) Gecko/20100101 Firefox/38.0" 
100.43.90.10 - - [26/Nov/2015:05:00:44 -0800] "GET /robots.txt HTTP/1.1" 200 289 "-" "Mozilla/5.0 (compatible; YandexBot/3.0; +http://yandex.com/bots)" 
100.43.90.10 - - [26/Nov/2015:05:00:48 -0800] "GET / HTTP/1.1" 200 8245 "-" "Mozilla/5.0 (compatible; YandexBot/3.0; +http://yandex.com/bots)" 
103.42.157.254 - - [26/Nov/2015:05:12:03 -0800] "GET /Security-Data-Analysis/Lab_1/conn.log.zip HTTP/1.1" 200 680452 "http://www.secrepo.com/" "Mozilla/5.0 (Macintosh; Intel Mac OS X 10.8; rv:38.0) Gecko/20100101 Firefox/38.0" 
178.48.19.209 - - [26/Nov/2015:05:47:06 -0800] "GET / HTTP/1.1" 200 8245 "-" "Mozilla/5.0 (Macintosh; Intel Mac OS X 10_8_4) AppleWebKit/536.30.1 (KHTML, like Gecko) Version/6.0.5 Safari/536.30.1" 
178.48.19.209 - - [26/Nov/2015:05:47:06 -0800] "GET /twitter-icon.png HTTP/1.1" 200 27787 "http://www.secrepo.com/" "Mozilla/5.0 (Macintosh; Intel Mac OS X 10_8_4) AppleWebKit/536.30.1 (KHTML, like Gecko) Version/6.0.5 Safari/536.30.1" 
178.48.19.209 - - [26/Nov/2015:05:47:06 -0800] "GET /GitHub-Mark.png HTTP/1.1" 200 7428 "http://www.secrepo.com/" "Mozilla/5.0 (Macintosh; Intel Mac OS X 10_8_4) AppleWebKit/536.30.1 (KHTML, like Gecko) Version/6.0.5 Safari/536.30.1" 
178.48.19.209 - - [26/Nov/2015:05:47:08 -0800] "GET /bootstrap/img/favicon.ico HTTP/1.1" 200 590 "http://www.secrepo.com/" "Mozilla/5.0 (Macintosh; Intel Mac OS X 10_8_4) AppleWebKit/536.30.1 (KHTML, like Gecko) Version/6.0.5 Safari/536.30.1" 
123.125.71.112 - - [26/Nov/2015:06:02:41 -0800] "GET / HTTP/1.1" 301 446 "-" "Mozilla/5.0 (compatible; Baiduspider/2.0; +http://www.baidu.com/search/spider.html)" 
123.125.71.75 - - [26/Nov/2015:06:02:42 -0800] "GET / HTTP/1.1" 200 8208 "-" "Mozilla/5.0 (compatible; Baiduspider/2.0; +http://www.baidu.com/search/spider.html)" 
91.228.167.130 - - [26/Nov/2015:06:03:21 -0800] "GET / HTTP/1.0" 301 461 "http://www.facebook.com/Gertruda" "Mozilla/5.0 (Windows NT 6.1) AppleWebKit/537.36 (KHTML, like Gecko) Chrome/31.0.1650.16 Safari/537.36" 
91.228.167.130 - - [26/Nov/2015:06:03:21 -0800] "GET / HTTP/1.0" 200 26943 "http://secrepo.com/" "Mozilla/5.0 (Windows NT 6.1) AppleWebKit/537.36 (KHTML, like Gecko) Chrome/31.0.1650.16 Safari/537.36" 
83.105.126.21 - - [26/Nov/2015:06:34:04 -0800] "GET / HTTP/1.1" 200 8245 "http://www.mlsecproject.org/" "Mozilla/5.0 (Macintosh; Intel Mac OS X 10_11_1) AppleWebKit/601.2.7 (KHTML, like Gecko) Version/9.0.1 Safari/601.2.7" 
83.105.126.21 - - [26/Nov/2015:06:34:04 -0800] "GET /twitter-icon.png HTTP/1.1" 200 27787 "http://www.secrepo.com/" "Mozilla/5.0 (Macintosh; Intel Mac OS X 10_11_1) AppleWebKit/601.2.7 (KHTML, like Gecko) Version/9.0.1 Safari/601.2.7" 
83.105.126.21 - - [26/Nov/2015:06:34:04 -0800] "GET /GitHub-Mark.png HTTP/1.1" 200 7428 "http://www.secrepo.com/" "Mozilla/5.0 (Macintosh; Intel Mac OS X 10_11_1) AppleWebKit/601.2.7 (KHTML, like Gecko) Version/9.0.1 Safari/601.2.7" 
83.105.126.21 - - [26/Nov/2015:06:34:06 -0800] "GET /bootstrap/img/favicon.ico HTTP/1.1" 200 590 "http://www.secrepo.com/" "Mozilla/5.0 (Macintosh; Intel Mac OS X 10_11_1) AppleWebKit/601.2.7 (KHTML, like Gecko) Version/9.0.1 Safari/601.2.7" 
37.115.191.181 - - [26/Nov/2015:07:03:44 -0800] "GET /honeypot/ HTTP/1.1" 200 1077 "http://www.24videos.tv/" "Mozilla/4.0 (compatible; MSIE 6.0; Windows NT 5.1; SV1; .NET CLR 1.1.4322) NS8/0.9.6" 
37.115.191.181 - - [26/Nov/2015:07:03:45 -0800] "GET /honeypot/ HTTP/1.1" 200 1077 "http://www.24videos.tv/" "Mozilla/4.0 (compatible; MSIE 6.0; Windows NT 5.1; SV1; .NET CLR 1.1.4322) NS8/0.9.6" 
91.228.167.130 - - [26/Nov/2015:07:09:34 -0800] "GET / HTTP/1.0" 301 461 "http://www.facebook.com/Gertruda" "Mozilla/5.0 (Windows NT 6.1) AppleWebKit/537.36 (KHTML, like Gecko) Chrome/31.0.1650.16 Safari/537.36" 
91.228.167.130 - - [26/Nov/2015:07:09:34 -0800] "GET / HTTP/1.0" 200 26943 "http://secrepo.com/" "Mozilla/5.0 (Windows NT 6.1) AppleWebKit/537.36 (KHTML, like Gecko) Chrome/31.0.1650.16 Safari/537.36" 
62.254.145.53 - - [26/Nov/2015:07:31:42 -0800] "GET / HTTP/1.1" 200 8245 "-" "Mozilla/5.0 (Macintosh; Intel Mac OS X 10_11_0) AppleWebKit/537.36 (KHTML, like Gecko) Chrome/46.0.2490.86 Safari/537.36" 
62.254.145.53 - - [26/Nov/2015:07:31:43 -0800] "GET /twitter-icon.png HTTP/1.1" 200 27787 "http://www.secrepo.com/" "Mozilla/5.0 (Macintosh; Intel Mac OS X 10_11_0) AppleWebKit/537.36 (KHTML, like Gecko) Chrome/46.0.2490.86 Safari/537.36" 
62.254.145.53 - - [26/Nov/2015:07:31:43 -0800] "GET /GitHub-Mark.png HTTP/1.1" 200 7428 "http://www.secrepo.com/" "Mozilla/5.0 (Macintosh; Intel Mac OS X 10_11_0) AppleWebKit/537.36 (KHTML, like Gecko) Chrome/46.0.2490.86 Safari/537.36" 
188.165.15.209 - - [26/Nov/2015:07:45:21 -0800] "GET /self.logs/access.log.2015-10-19.gz HTTP/1.1" 200 14318 "-" "Mozilla/5.0 (compatible; AhrefsBot/5.0; +http://ahrefs.com/robot/)" 
62.254.145.53 - - [26/Nov/2015:08:01:56 -0800] "GET /maccdc2012/weird.log.gz HTTP/1.1" 200 1242777 "http://www.secrepo.com/" "Mozilla/5.0 (Macintosh; Intel Mac OS X 10_11_0) AppleWebKit/537.36 (KHTML, like Gecko) Chrome/46.0.2490.86 Safari/537.36" 
62.254.145.53 - - [26/Nov/2015:08:09:01 -0800] "GET /tg/tg_snort_fast.7z HTTP/1.1" 200 4274093 "http://www.secrepo.com/" "Mozilla/5.0 (Macintosh; Intel Mac OS X 10_11_0) AppleWebKit/537.36 (KHTML, like Gecko) Chrome/46.0.2490.86 Safari/537.36" 
188.165.15.209 - - [26/Nov/2015:09:15:04 -0800] "GET /self.logs/access.log.2015-10-21.gz HTTP/1.1" 200 7853 "-" "Mozilla/5.0 (compatible; AhrefsBot/5.0; +http://ahrefs.com/robot/)" 
62.254.145.53 - - [26/Nov/2015:09:15:11 -0800] "GET /misc/zeus_dga_domains.txt.zip HTTP/1.1" 200 594360 "http://www.secrepo.com/" "Mozilla/5.0 (Macintosh; Intel Mac OS X 10_11_0) AppleWebKit/537.36 (KHTML, like Gecko) Chrome/46.0.2490.86 Safari/537.36" 
62.254.145.53 - - [26/Nov/2015:09:18:34 -0800] "GET /self.logs/ HTTP/1.1" 200 6697 "http://www.secrepo.com/" "Mozilla/5.0 (Macintosh; Intel Mac OS X 10_11_0) AppleWebKit/537.36 (KHTML, like Gecko) Chrome/46.0.2490.86 Safari/537.36" 
62.254.145.53 - - [26/Nov/2015:09:18:36 -0800] "GET /favicon.ico HTTP/1.1" 200 267 "http://www.secrepo.com/self.logs/" "Mozilla/5.0 (Macintosh; Intel Mac OS X 10_11_0) AppleWebKit/537.36 (KHTML, like Gecko) Chrome/46.0.2490.86 Safari/537.36" 
62.254.145.53 - - [26/Nov/2015:09:18:56 -0800] "GET /self.logs/error.log.2015-11-20.gz HTTP/1.1" 200 1026 "http://www.secrepo.com/self.logs/" "Mozilla/5.0 (Macintosh; Intel Mac OS X 10_11_0) AppleWebKit/537.36 (KHTML, like Gecko) Chrome/46.0.2490.86 Safari/537.36" 
62.254.145.53 - - [26/Nov/2015:09:19:07 -0800] "GET /self.logs/access.log.2015-11-17.gz HTTP/1.1" 200 5611 "http://www.secrepo.com/self.logs/" "Mozilla/5.0 (Macintosh; Intel Mac OS X 10_11_0) AppleWebKit/537.36 (KHTML, like Gecko) Chrome/46.0.2490.86 Safari/537.36" 
157.55.39.77 - - [26/Nov/2015:09:20:04 -0800] "GET /self.logs/error.log.2015-02-14.gz HTTP/1.1" 301 544 "-" "Mozilla/5.0 (compatible; bingbot/2.0; +http://www.bing.com/bingbot.htm)" 
62.254.145.53 - - [26/Nov/2015:09:21:32 -0800] "GET /self.logs/access.log.2015-11-20.gz HTTP/1.1" 200 8406 "http://www.secrepo.com/self.logs/" "Mozilla/5.0 (Macintosh; Intel Mac OS X 10_11_0) AppleWebKit/537.36 (KHTML, like Gecko) Chrome/46.0.2490.86 Safari/537.36" 
157.55.39.52 - - [26/Nov/2015:09:26:15 -0800] "GET /self.logs/access.log.2015-10-01.gz HTTP/1.1" 200 4506 "-" "Mozilla/5.0 (compatible; bingbot/2.0; +http://www.bing.com/bingbot.htm)" 
62.254.145.53 - - [26/Nov/2015:09:47:21 -0800] "GET / HTTP/1.1" 200 8245 "-" "Mozilla/5.0 (Macintosh; Intel Mac OS X 10_11_1) AppleWebKit/537.36 (KHTML, like Gecko) Chrome/46.0.2490.86 Safari/537.36" 
62.254.145.53 - - [26/Nov/2015:09:47:22 -0800] "GET /twitter-icon.png HTTP/1.1" 200 27787 "http://www.secrepo.com/" "Mozilla/5.0 (Macintosh; Intel Mac OS X 10_11_1) AppleWebKit/537.36 (KHTML, like Gecko) Chrome/46.0.2490.86 Safari/537.36" 
62.254.145.53 - - [26/Nov/2015:09:47:22 -0800] "GET /GitHub-Mark.png HTTP/1.1" 200 7428 "http://www.secrepo.com/" "Mozilla/5.0 (Macintosh; Intel Mac OS X 10_11_1) AppleWebKit/537.36 (KHTML, like Gecko) Chrome/46.0.2490.86 Safari/537.36" 
62.254.145.53 - - [26/Nov/2015:09:47:22 -0800] "GET /bootstrap/img/favicon.ico HTTP/1.1" 200 589 "http://www.secrepo.com/" "Mozilla/5.0 (Macintosh; Intel Mac OS X 10_11_1) AppleWebKit/537.36 (KHTML, like Gecko) Chrome/46.0.2490.86 Safari/537.36" 
68.180.231.44 - - [26/Nov/2015:10:40:15 -0800] "GET /self.logs/error.log.2015-05-08.gz HTTP/1.1" 200 1054 "-" "Mozilla/5.0 (compatible; Yahoo! Slurp; http://help.yahoo.com/help/us/ysearch/slurp)" 
66.249.67.254 - - [26/Nov/2015:10:42:07 -0800] "GET /robots.txt HTTP/1.1" 200 334 "-" "Mozilla/5.0 (compatible; Googlebot/2.1; +http://www.google.com/bot.html)" 
66.249.67.246 - - [26/Nov/2015:10:42:07 -0800] "GET / HTTP/1.1" 200 8245 "-" "Mozilla/5.0 (compatible; Googlebot/2.1; +http://www.google.com/bot.html)" 
68.180.231.44 - - [26/Nov/2015:11:02:52 -0800] "GET /maccdc2012/files.log.gz HTTP/1.1" 200 780874 "-" "Mozilla/5.0 (compatible; Yahoo! Slurp; http://help.yahoo.com/help/us/ysearch/slurp)" 
180.153.236.157 - - [26/Nov/2015:11:37:16 -0800] "GET / HTTP/1.1" 200 8245 "http://www.secrepo.com/" "Mozilla/5.0 (compatible; MSIE 9.0; Windows NT 6.1; Trident/5.0); 360Spider(compatible; HaosouSpider; http://www.haosou.com/help/help_3_2.html)" 
180.76.15.158 - - [26/Nov/2015:11:59:20 -0800] "GET /honeypot/Honeypot%20-%20Howto.pdf HTTP/1.1" 200 1279381 "-" "Mozilla/5.0 (compatible; Baiduspider/2.0; +http://www.baidu.com/search/spider.html)" 
37.115.191.181 - - [26/Nov/2015:13:18:09 -0800] "GET /honeypot/ HTTP/1.1" 200 1077 "http://lirunet.ru/" "Mozilla/4.0 (compatible; MSIE 6.0; MSIE 5.5; Windows NT 4.0) Opera 7.0 [en]" 
37.115.191.181 - - [26/Nov/2015:13:18:10 -0800] "GET /honeypot/ HTTP/1.1" 200 1077 "http://lirunet.ru/" "Mozilla/4.0 (compatible; MSIE 6.0; MSIE 5.5; Windows NT 4.0) Opera 7.0 [en]" 
37.115.191.181 - - [26/Nov/2015:13:18:11 -0800] "GET /honeypot/ HTTP/1.1" 200 1077 "http://lirunet.ru/" "Mozilla/4.0 (compatible; MSIE 6.0; MSIE 5.5; Windows NT 4.0) Opera 7.0 [en]" 
172.99.78.147 - - [26/Nov/2015:13:26:57 -0800] "GET /robots.txt HTTP/1.1" 301 446 "-" "Tornado-Async-Client" 
172.99.78.147 - - [26/Nov/2015:13:26:57 -0800] "GET /robots.txt HTTP/1.1" 200 304 "-" "Tornado-Async-Client" 
172.99.78.147 - - [26/Nov/2015:13:26:57 -0800] "GET /honeypot/BSidesDFW%20-%202014.ipynb HTTP/1.1" 301 484 "-" "Tornado-Async-Client" 
172.99.78.147 - - [26/Nov/2015:13:26:57 -0800] "GET /honeypot/BSidesDFW%20-%202014.ipynb HTTP/1.1" 200 930780 "-" "Tornado-Async-Client" 
151.229.51.101 - - [26/Nov/2015:13:32:31 -0800] "GET / HTTP/1.1" 200 8245 "https://www.reddit.com/r/datasets/comments/3tbxap/cyber_security_datasets/" "Mozilla/5.0 (X11; Linux x86_64; rv:38.0) Gecko/20100101 Firefox/38.0 Iceweasel/38.4.0" 
151.229.51.101 - - [26/Nov/2015:13:32:31 -0800] "GET /twitter-icon.png HTTP/1.1" 200 27787 "http://www.secrepo.com/" "Mozilla/5.0 (X11; Linux x86_64; rv:38.0) Gecko/20100101 Firefox/38.0 Iceweasel/38.4.0" 
151.229.51.101 - - [26/Nov/2015:13:32:31 -0800] "GET /GitHub-Mark.png HTTP/1.1" 200 7428 "http://www.secrepo.com/" "Mozilla/5.0 (X11; Linux x86_64; rv:38.0) Gecko/20100101 Firefox/38.0 Iceweasel/38.4.0" 
151.229.51.101 - - [26/Nov/2015:13:32:31 -0800] "GET /bootstrap/img/favicon.ico HTTP/1.1" 200 589 "-" "Mozilla/5.0 (X11; Linux x86_64; rv:38.0) Gecko/20100101 Firefox/38.0 Iceweasel/38.4.0" 
77.75.77.62 - - [26/Nov/2015:13:42:01 -0800] "GET /robots.txt HTTP/1.1" 200 334 "-" "Mozilla/5.0 (compatible; SeznamBot/3.2; +http://fulltext.sblog.cz/)" 
77.75.77.62 - - [26/Nov/2015:13:42:03 -0800] "GET /maccdc2012/ftp.log.gz HTTP/1.1" 200 128116 "-" "Mozilla/5.0 (compatible; SeznamBot/3.2; +http://fulltext.sblog.cz/)" 
77.75.77.62 - - [26/Nov/2015:13:42:22 -0800] "GET /maccdc2012/tunnel.log.gz HTTP/1.1" 200 5229 "-" "Mozilla/5.0 (compatible; SeznamBot/3.2; +http://fulltext.sblog.cz/)" 
157.55.39.191 - - [26/Nov/2015:14:30:15 -0800] "GET /self.logs/access.log.2015-04-02.gz HTTP/1.1" 200 3322 "-" "Mozilla/5.0 (compatible; bingbot/2.0; +http://www.bing.com/bingbot.htm)" 
85.199.243.17 - - [26/Nov/2015:14:34:07 -0800] "GET /honeypot/BSidesDFW%20-%202014.ipynb HTTP/1.1" 200 930836 "http://www.secrepo.com/" "Mozilla/5.0 (iPad; CPU OS 8_1_2 like Mac OS X) AppleWebKit/600.1.4 (KHTML, like Gecko) Mobile/12B440" 
188.165.15.209 - - [26/Nov/2015:15:03:38 -0800] "GET /self.logs/error.log.2015-11-04.gz HTTP/1.1" 200 1027 "-" "Mozilla/5.0 (compatible; AhrefsBot/5.0; +http://ahrefs.com/robot/)" 
188.165.15.209 - - [26/Nov/2015:15:12:17 -0800] "GET /self.logs/access.log.2015-08-29.gz HTTP/1.1" 200 6794 "-" "Mozilla/5.0 (compatible; AhrefsBot/5.0; +http://ahrefs.com/robot/)" 
167.114.119.196 - - [26/Nov/2015:15:30:05 -0800] "GET / HTTP/1.1" 200 8245 "https://www.reddit.com/r/datasets/comments/3tbxap/cyber_security_datasets/" "Mozilla/5.0 (Macintosh; Intel Mac OS X 10_10_3) AppleWebKit/537.36 (KHTML, like Gecko) Chrome/46.0.2490.86 Safari/537.36" 
167.114.119.196 - - [26/Nov/2015:15:30:06 -0800] "GET /twitter-icon.png HTTP/1.1" 200 27787 "http://www.secrepo.com/" "Mozilla/5.0 (Macintosh; Intel Mac OS X 10_10_3) AppleWebKit/537.36 (KHTML, like Gecko) Chrome/46.0.2490.86 Safari/537.36" 
167.114.119.196 - - [26/Nov/2015:15:30:06 -0800] "GET /GitHub-Mark.png HTTP/1.1" 200 7428 "http://www.secrepo.com/" "Mozilla/5.0 (Macintosh; Intel Mac OS X 10_10_3) AppleWebKit/537.36 (KHTML, like Gecko) Chrome/46.0.2490.86 Safari/537.36" 
167.114.119.196 - - [26/Nov/2015:15:30:06 -0800] "GET /bootstrap/img/favicon.ico HTTP/1.1" 200 589 "http://www.secrepo.com/" "Mozilla/5.0 (Macintosh; Intel Mac OS X 10_10_3) AppleWebKit/537.36 (KHTML, like Gecko) Chrome/46.0.2490.86 Safari/537.36" 
157.55.39.52 - - [26/Nov/2015:15:33:25 -0800] "GET /robots.txt HTTP/1.1" 200 289 "-" "Mozilla/5.0 (compatible; bingbot/2.0; +http://www.bing.com/bingbot.htm)" 
157.55.39.52 - - [26/Nov/2015:15:33:29 -0800] "GET /robots.txt HTTP/1.1" 301 518 "-" "Mozilla/5.0 (compatible; bingbot/2.0; +http://www.bing.com/bingbot.htm)" 
157.55.39.52 - - [26/Nov/2015:15:33:29 -0800] "GET /robots.txt HTTP/1.1" 200 288 "-" "Mozilla/5.0 (compatible; bingbot/2.0; +http://www.bing.com/bingbot.htm)" 
157.55.39.52 - - [26/Nov/2015:15:33:35 -0800] "GET / HTTP/1.1" 301 483 "-" "Mozilla/5.0 (compatible; bingbot/2.0; +http://www.bing.com/bingbot.htm)" 
157.55.39.52 - - [26/Nov/2015:15:33:36 -0800] "GET / HTTP/1.1" 200 8245 "-" "Mozilla/5.0 (compatible; bingbot/2.0; +http://www.bing.com/bingbot.htm)" 
172.99.78.147 - - [26/Nov/2015:15:43:58 -0800] "GET /robots.txt HTTP/1.1" 301 446 "-" "Tornado-Async-Client" 
172.99.78.147 - - [26/Nov/2015:15:43:58 -0800] "GET /robots.txt HTTP/1.1" 200 304 "-" "Tornado-Async-Client" 
172.99.78.147 - - [26/Nov/2015:15:43:58 -0800] "GET /honeypot/BSidesDFW%20-%202014.ipynb HTTP/1.1" 301 484 "-" "Tornado-Async-Client" 
172.99.78.147 - - [26/Nov/2015:15:43:58 -0800] "GET /honeypot/BSidesDFW%20-%202014.ipynb HTTP/1.1" 200 930780 "-" "Tornado-Async-Client" 
188.165.15.209 - - [26/Nov/2015:16:51:21 -0800] "GET /self.logs/access.log.2015-10-09.gz HTTP/1.1" 200 7685 "-" "Mozilla/5.0 (compatible; AhrefsBot/5.0; +http://ahrefs.com/robot/)" 
46.118.155.216 - - [26/Nov/2015:17:06:03 -0800] "GET /robots.txt HTTP/1.1" 200 289 "-" "Mozilla/5.0 (Windows NT 6.3; WOW64; rv:39.0) Gecko/20100101 Firefox/39.0" 
46.118.155.216 - - [26/Nov/2015:17:06:04 -0800] "GET / HTTP/1.1" 200 26953 "-" "Mozilla/5.0 (Windows NT 6.3; WOW64; rv:39.0) Gecko/20100101 Firefox/39.0" 
46.118.155.216 - - [26/Nov/2015:17:06:05 -0800] "GET /xmlrpc.php?rsd HTTP/1.1" 404 294 "-" "Mozilla/5.0 (Windows NT 6.3; WOW64; rv:39.0) Gecko/20100101 Firefox/39.0" 
46.118.155.216 - - [26/Nov/2015:17:06:05 -0800] "GET /blog/robots.txt HTTP/1.1" 404 294 "-" "Mozilla/5.0 (Windows NT 6.3; WOW64; rv:39.0) Gecko/20100101 Firefox/39.0" 
46.118.155.216 - - [26/Nov/2015:17:06:05 -0800] "GET /blog/ HTTP/1.1" 404 294 "-" "Mozilla/5.0 (Windows NT 6.3; WOW64; rv:39.0) Gecko/20100101 Firefox/39.0" 
46.118.155.216 - - [26/Nov/2015:17:06:05 -0800] "GET /wordpress/ HTTP/1.1" 404 294 "-" "Mozilla/5.0 (Windows NT 6.3; WOW64; rv:39.0) Gecko/20100101 Firefox/39.0" 
46.118.155.216 - - [26/Nov/2015:17:06:05 -0800] "GET /wp/ HTTP/1.1" 404 294 "-" "Mozilla/5.0 (Windows NT 6.3; WOW64; rv:39.0) Gecko/20100101 Firefox/39.0" 
46.4.87.105 - - [26/Nov/2015:17:41:55 -0800] "GET /robots.txt HTTP/1.0" 200 252 "-" "Mozilla/5.0 (compatible; MJ12bot/v1.4.5; http://www.majestic12.co.uk/bot.php?+)" 
46.4.87.105 - - [26/Nov/2015:17:41:57 -0800] "GET /honeypot//%22https://twitter.com/sooshie/%22 HTTP/1.0" 404 284 "-" "Mozilla/5.0 (compatible; MJ12bot/v1.4.5; http://www.majestic12.co.uk/bot.php?+)" 
46.4.87.105 - - [26/Nov/2015:17:41:59 -0800] "GET /honeypot//%22https://twitter.com/theroxyd/%22 HTTP/1.0" 404 303 "-" "Mozilla/5.0 (compatible; MJ12bot/v1.4.5; http://www.majestic12.co.uk/bot.php?+)" 
46.118.119.48 - - [26/Nov/2015:17:45:59 -0800] "GET /honeypot/ HTTP/1.1" 200 1077 "http://www.vzlom-na-zakaz.com/" "Opera/8.01 (Windows NT 5.1)" 
46.118.119.48 - - [26/Nov/2015:17:45:59 -0800] "GET /honeypot/ HTTP/1.1" 200 1077 "http://www.vzlom-na-zakaz.com/" "Opera/8.01 (Windows NT 5.1)" 
114.112.83.245 - - [26/Nov/2015:18:32:54 -0800] "GET / HTTP/1.1" 200 8245 "-" "Mozilla/5.0 (Macintosh; Intel Mac OS X 10_11_1) AppleWebKit/601.2.7 (KHTML, like Gecko)" 
114.112.83.245 - - [26/Nov/2015:18:32:55 -0800] "GET /apple-touch-icon-precomposed.png HTTP/1.1" 404 340 "-" "Safari/11601.2.7.2 CFNetwork/760.1.2 Darwin/15.0.0 (x86_64)" 
114.112.83.245 - - [26/Nov/2015:18:32:55 -0800] "GET /apple-touch-icon.png HTTP/1.1" 404 339 "-" "Safari/11601.2.7.2 CFNetwork/760.1.2 Darwin/15.0.0 (x86_64)" 
114.112.83.245 - - [26/Nov/2015:18:32:55 -0800] "GET /apple-touch-icon-precomposed.png HTTP/1.1" 404 339 "-" "Safari/11601.2.7.2 CFNetwork/760.1.2 Darwin/15.0.0 (x86_64)" 
114.112.83.245 - - [26/Nov/2015:18:32:56 -0800] "GET /apple-touch-icon.png HTTP/1.1" 404 339 "-" "Safari/11601.2.7.2 CFNetwork/760.1.2 Darwin/15.0.0 (x86_64)" 
103.246.38.196 - - [26/Nov/2015:18:35:42 -0800] "GET / HTTP/1.1" 200 26954 "-" "Mozilla/5.0 (Windows NT 10.0; WOW64) AppleWebKit/537.36 (KHTML, like Gecko) Chrome/46.0.2490.86 Safari/537.36" 
103.31.25.11 - - [26/Nov/2015:18:35:43 -0800] "GET / HTTP/1.1" 200 8245 "https://www.google.com.sg/" "Mozilla/5.0 (Windows NT 10.0; WOW64) AppleWebKit/537.36 (KHTML, like Gecko) Chrome/46.0.2490.86 Safari/537.36" 
103.31.25.11 - - [26/Nov/2015:18:35:43 -0800] "GET /twitter-icon.png HTTP/1.1" 200 27787 "http://www.secrepo.com/" "Mozilla/5.0 (Windows NT 10.0; WOW64) AppleWebKit/537.36 (KHTML, like Gecko) Chrome/46.0.2490.86 Safari/537.36" 
103.31.25.11 - - [26/Nov/2015:18:35:44 -0800] "GET /GitHub-Mark.png HTTP/1.1" 200 7428 "http://www.secrepo.com/" "Mozilla/5.0 (Windows NT 10.0; WOW64) AppleWebKit/537.36 (KHTML, like Gecko) Chrome/46.0.2490.86 Safari/537.36" 
103.31.25.11 - - [26/Nov/2015:18:35:45 -0800] "GET /bootstrap/img/favicon.ico HTTP/1.1" 200 589 "http://www.secrepo.com/" "Mozilla/5.0 (Windows NT 10.0; WOW64) AppleWebKit/537.36 (KHTML, like Gecko) Chrome/46.0.2490.86 Safari/537.36" 
103.246.38.196 - - [26/Nov/2015:18:36:10 -0800] "GET /honeypot/honeypot.json.zip HTTP/1.1" 200 375200 "-" "Mozilla/5.0 (Windows NT 10.0; WOW64) AppleWebKit/537.36 (KHTML, like Gecko) Chrome/46.0.2490.86 Safari/537.36" 
103.31.25.11 - - [26/Nov/2015:18:36:11 -0800] "GET /honeypot/honeypot.json.zip HTTP/1.1" 200 4631873 "http://www.secrepo.com/" "Mozilla/5.0 (Windows NT 10.0; WOW64) AppleWebKit/537.36 (KHTML, like Gecko) Chrome/46.0.2490.86 Safari/537.36" 
172.99.78.147 - - [26/Nov/2015:18:39:02 -0800] "GET /robots.txt HTTP/1.1" 301 446 "-" "Tornado-Async-Client" 
172.99.78.147 - - [26/Nov/2015:18:39:02 -0800] "GET /robots.txt HTTP/1.1" 200 304 "-" "Tornado-Async-Client" 
172.99.78.147 - - [26/Nov/2015:18:39:02 -0800] "GET /honeypot/BSidesDFW%20-%202014.ipynb HTTP/1.1" 301 484 "-" "Tornado-Async-Client" 
172.99.78.147 - - [26/Nov/2015:18:39:02 -0800] "GET /honeypot/BSidesDFW%20-%202014.ipynb HTTP/1.1" 200 930780 "-" "Tornado-Async-Client" 
211.83.110.211 - - [26/Nov/2015:18:43:28 -0800] "GET /bootstrap/img/favicon.ico HTTP/1.1" 200 590 "-" "Mozilla/5.0 (Windows NT 6.1; WOW64; rv:42.0) Gecko/20100101 Firefox/42.0" 
62.210.152.89 - - [26/Nov/2015:18:51:13 -0800] "GET /robots.txt HTTP/1.0" 200 252 "-" "Mozilla/5.0 (compatible; MJ12bot/v1.4.5; http://www.majestic12.co.uk/bot.php?+)" 
62.210.152.89 - - [26/Nov/2015:18:51:17 -0800] "GET /self.logs/?C=D;O=A HTTP/1.0" 200 60120 "-" "Mozilla/5.0 (compatible; MJ12bot/v1.4.5; http://www.majestic12.co.uk/bot.php?+)" 
103.231.241.108 - - [26/Nov/2015:18:54:00 -0800] "GET / HTTP/1.1" 200 8245 "https://www.reddit.com/r/datasets/comments/3tbxap/cyber_security_datasets/" "Mozilla/5.0 (Windows NT 6.1) AppleWebKit/537.36 (KHTML, like Gecko) Chrome/46.0.2490.86 Safari/537.36" 
103.231.241.107 - - [26/Nov/2015:18:54:00 -0800] "GET /twitter-icon.png HTTP/1.1" 200 27788 "http://www.secrepo.com/" "Mozilla/5.0 (Windows NT 6.1) AppleWebKit/537.36 (KHTML, like Gecko) Chrome/46.0.2490.86 Safari/537.36" 
103.231.241.107 - - [26/Nov/2015:18:54:01 -0800] "GET /GitHub-Mark.png HTTP/1.1" 200 7428 "http://www.secrepo.com/" "Mozilla/5.0 (Windows NT 6.1) AppleWebKit/537.36 (KHTML, like Gecko) Chrome/46.0.2490.86 Safari/537.36" 
103.231.241.108 - - [26/Nov/2015:18:54:03 -0800] "GET /bootstrap/img/favicon.ico HTTP/1.1" 200 590 "http://www.secrepo.com/" "Mozilla/5.0 (Windows NT 6.1) AppleWebKit/537.36 (KHTML, like Gecko) Chrome/46.0.2490.86 Safari/537.36" 
192.99.2.27 - - [26/Nov/2015:18:56:29 -0800] "GET /robots.txt HTTP/1.0" 200 252 "-" "Mozilla/5.0 (compatible; MJ12bot/v1.4.5; http://www.majestic12.co.uk/bot.php?+)" 
192.99.2.27 - - [26/Nov/2015:18:56:30 -0800] "GET / HTTP/1.0" 200 26943 "-" "Mozilla/5.0 (compatible; MJ12bot/v1.4.5; http://www.majestic12.co.uk/bot.php?+)" 
91.200.12.143 - - [26/Nov/2015:19:06:03 -0800] "GET /honeypot/BSidesDFW%20-%202014.ipynb HTTP/1.0" 200 440920 "http://www.secrepo.com/honeypot/BSidesDFW%20-%202014.ipynb" "Mozilla/5.0 (Windows NT 6.3; WOW64) AppleWebKit/537.36 (KHTML, like Gecko) Chrome/45.0.2454.99 Safari/537.36" 
70.181.112.85 - - [26/Nov/2015:19:30:57 -0800] "GET /apple-touch-icon.png HTTP/1.1" 404 340 "-" "Mozilla/5.0 (iPhone; CPU iPhone OS 5_0 like Mac OS X) AppleWebKit/534.46 (KHTML, like Gecko) Version/5.1 Mobile/9A334 Safari/7534.48.3" 
208.115.113.94 - - [26/Nov/2015:20:49:51 -0800] "GET /robots.txt HTTP/1.1" 200 233 "-" "Mozilla/5.0 (compatible; DotBot/1.1; http://www.opensiteexplorer.org/dotbot, help@moz.com)" 
144.76.7.107 - - [26/Nov/2015:20:52:22 -0800] "GET /robots.txt HTTP/1.0" 200 252 "-" "Mozilla/5.0 (compatible; MJ12bot/v1.4.5; http://www.majestic12.co.uk/bot.php?+)" 
144.76.7.107 - - [26/Nov/2015:20:52:24 -0800] "GET /honeypot//%22http://amunhoney.sourceforge.net//%22 HTTP/1.0" 404 284 "-" "Mozilla/5.0 (compatible; MJ12bot/v1.4.5; http://www.majestic12.co.uk/bot.php?+)" 
144.76.7.107 - - [26/Nov/2015:20:52:26 -0800] "GET /honeypot//%22http://glastopf.org//%22 HTTP/1.0" 404 303 "-" "Mozilla/5.0 (compatible; MJ12bot/v1.4.5; http://www.majestic12.co.uk/bot.php?+)" 
144.76.7.107 - - [26/Nov/2015:20:52:27 -0800] "GET /honeypot//%22http://www.maxmind.com/%22 HTTP/1.0" 404 303 "-" "Mozilla/5.0 (compatible; MJ12bot/v1.4.5; http://www.majestic12.co.uk/bot.php?+)" 
144.76.7.107 - - [26/Nov/2015:20:52:29 -0800] "GET /honeypot//%22https://twitter.com/sooshie/%22 HTTP/1.0" 404 303 "-" "Mozilla/5.0 (compatible; MJ12bot/v1.4.5; http://www.majestic12.co.uk/bot.php?+)" 
144.76.7.107 - - [26/Nov/2015:20:52:30 -0800] "GET /honeypot//%22https://twitter.com/theroxyd/%22 HTTP/1.0" 404 303 "-" "Mozilla/5.0 (compatible; MJ12bot/v1.4.5; http://www.majestic12.co.uk/bot.php?+)" 
188.165.15.209 - - [26/Nov/2015:21:02:59 -0800] "GET /self.logs/error.log.2015-10-06.gz HTTP/1.1" 200 504 "-" "Mozilla/5.0 (compatible; AhrefsBot/5.0; +http://ahrefs.com/robot/)" 
164.125.70.145 - - [26/Nov/2015:21:03:40 -0800] "GET / HTTP/1.1" 200 8245 "http://www.google.co.kr/url?sa=t&rct=j&q=&esrc=s&source=web&cd=1&ved=0ahUKEwj3uNvm6a_JAhUCpJQKHaRUBGcQFggeMAA&url=http%3A%2F%2Fwww.secrepo.com%2F&usg=AFQjCNHeQikQ6r63vtqWKlBvSenYpdB4dQ&sig2=gGYCmuMwRPdKYBjEslzlqA&bvm=bv.108194040,d.dGo&cad=rjt" "Mozilla/5.0 (Windows NT 6.1; WOW64;; APCPMS=^N20120217042954078757B608B4135B04EA3F_23577^; Trident/7.0; rv:11.0) like Gecko" 
164.125.70.145 - - [26/Nov/2015:21:03:40 -0800] "GET /twitter-icon.png HTTP/1.1" 200 27787 "http://www.secrepo.com/" "Mozilla/5.0 (Windows NT 6.1; WOW64;; APCPMS=^N20120217042954078757B608B4135B04EA3F_23577^; Trident/7.0; rv:11.0) like Gecko" 
164.125.70.145 - - [26/Nov/2015:21:03:40 -0800] "GET /GitHub-Mark.png HTTP/1.1" 200 7428 "http://www.secrepo.com/" "Mozilla/5.0 (Windows NT 6.1; WOW64;; APCPMS=^N20120217042954078757B608B4135B04EA3F_23577^; Trident/7.0; rv:11.0) like Gecko" 
164.125.70.145 - - [26/Nov/2015:21:03:41 -0800] "GET /bootstrap/img/favicon.ico HTTP/1.1" 200 589 "-" "Mozilla/5.0 (Windows NT 6.1; WOW64;; APCPMS=^N20120217042954078757B608B4135B04EA3F_23577^; Trident/7.0; rv:11.0) like Gecko" 
175.11.251.48 - - [26/Nov/2015:21:33:44 -0800] "GET / HTTP/1.1" 200 8245 "-" "Mozilla/5.0 (Windows NT 6.2; WOW64) AppleWebKit/537.36 (KHTML, like Gecko) Chrome/31.0.1650.63 Safari/537.36" 
175.11.251.48 - - [26/Nov/2015:21:33:44 -0800] "GET /twitter-icon.png HTTP/1.1" 200 27787 "http://www.secrepo.com/" "Mozilla/5.0 (Windows NT 6.2; WOW64) AppleWebKit/537.36 (KHTML, like Gecko) Chrome/31.0.1650.63 Safari/537.36" 
175.11.251.48 - - [26/Nov/2015:21:33:45 -0800] "GET /GitHub-Mark.png HTTP/1.1" 200 7428 "http://www.secrepo.com/" "Mozilla/5.0 (Windows NT 6.2; WOW64) AppleWebKit/537.36 (KHTML, like Gecko) Chrome/31.0.1650.63 Safari/537.36" 
175.11.251.48 - - [26/Nov/2015:21:42:04 -0800] "GET /GitHub-Mark.png HTTP/1.1" 200 7428 "http://www.secrepo.com/" "Mozilla/5.0 (Windows NT 6.2; WOW64) AppleWebKit/537.36 (KHTML, like Gecko) Chrome/31.0.1650.63 Safari/537.36" 
85.250.70.231 - - [26/Nov/2015:21:47:35 -0800] "GET /honeypot/BSidesDFW%20-%202014.ipynb HTTP/1.0" 200 930799 "http://www.secrepo.com/honeypot/BSidesDFW%20-%202014.ipynb" "Mozilla/5.0 (Windows NT 6.1; WOW64; rv:40.0) Gecko/20100101 Firefox/40.0" 
23.101.61.176 - - [26/Nov/2015:21:51:08 -0800] "GET / HTTP/1.1" 200 26954 "-" "Mozilla/5.0 (Windows NT 6.1; WOW64) SkypeUriPreview Preview/0.5" 
23.101.61.176 - - [26/Nov/2015:21:51:08 -0800] "GET /bootstrap/img/favicon.ico HTTP/1.1" 200 534 "-" "Mozilla/5.0 (Windows NT 6.1; WOW64) SkypeUriPreview Preview/0.5" 
210.250.42.68 - - [26/Nov/2015:22:29:33 -0800] "GET / HTTP/1.1" 200 8245 "https://www.google.co.jp/" "Mozilla/5.0 (Windows NT 6.1; WOW64) AppleWebKit/537.36 (KHTML, like Gecko) Chrome/46.0.2490.86 Safari/537.36" 
210.250.42.68 - - [26/Nov/2015:22:29:33 -0800] "GET /twitter-icon.png HTTP/1.1" 200 27787 "http://www.secrepo.com/" "Mozilla/5.0 (Windows NT 6.1; WOW64) AppleWebKit/537.36 (KHTML, like Gecko) Chrome/46.0.2490.86 Safari/537.36" 
210.250.42.68 - - [26/Nov/2015:22:29:33 -0800] "GET /GitHub-Mark.png HTTP/1.1" 200 7428 "http://www.secrepo.com/" "Mozilla/5.0 (Windows NT 6.1; WOW64) AppleWebKit/537.36 (KHTML, like Gecko) Chrome/46.0.2490.86 Safari/537.36" 
210.250.42.68 - - [26/Nov/2015:22:29:34 -0800] "GET /bootstrap/img/favicon.ico HTTP/1.1" 200 589 "http://www.secrepo.com/" "Mozilla/5.0 (Windows NT 6.1; WOW64) AppleWebKit/537.36 (KHTML, like Gecko) Chrome/46.0.2490.86 Safari/537.36" 
188.165.15.209 - - [26/Nov/2015:22:39:00 -0800] "GET /self.logs/error.log.2015-01-27.gz HTTP/1.1" 200 616 "-" "Mozilla/5.0 (compatible; AhrefsBot/5.0; +http://ahrefs.com/robot/)" 
157.55.39.191 - - [26/Nov/2015:22:51:51 -0800] "GET /self.logs/access.log.2015-06-11.gz HTTP/1.1" 200 8021 "-" "Mozilla/5.0 (compatible; bingbot/2.0; +http://www.bing.com/bingbot.htm)" 
157.55.39.192 - - [26/Nov/2015:22:52:40 -0800] "GET /self.logs/access.log.2015-03-17.gz HTTP/1.1" 200 6023 "-" "Mozilla/5.0 (compatible; bingbot/2.0; +http://www.bing.com/bingbot.htm)" 
208.115.113.86 - - [26/Nov/2015:22:57:34 -0800] "GET /robots.txt HTTP/1.1" 200 233 "-" "Mozilla/5.0 (compatible; DotBot/1.1; http://www.opensiteexplorer.org/dotbot, help@moz.com)" 
188.165.15.209 - - [26/Nov/2015:23:03:39 -0800] "GET /self.logs/error.log.2015-09-27.gz HTTP/1.1" 200 714 "-" "Mozilla/5.0 (compatible; AhrefsBot/5.0; +http://ahrefs.com/robot/)" 
157.55.39.77 - - [26/Nov/2015:23:56:58 -0800] "GET /self.logs/access.log.2015-04-09.gz HTTP/1.1" 200 3615 "-" "Mozilla/5.0 (compatible; bingbot/2.0; +http://www.bing.com/bingbot.htm)" 
115.171.142.201 - - [27/Nov/2015:00:01:21 -0800] "GET / HTTP/1.1" 200 8245 "https://www.reddit.com/r/datasets/comments/3tbxap/cyber_security_datasets/" "Mozilla/5.0 (X11; Linux x86_64; rv:38.0) Gecko/20100101 Firefox/38.0 Iceweasel/38.2.1" 
115.171.142.201 - - [27/Nov/2015:00:01:21 -0800] "GET /twitter-icon.png HTTP/1.1" 200 27787 "http://www.secrepo.com/" "Mozilla/5.0 (X11; Linux x86_64; rv:38.0) Gecko/20100101 Firefox/38.0 Iceweasel/38.2.1" 
115.171.142.201 - - [27/Nov/2015:00:01:21 -0800] "GET /GitHub-Mark.png HTTP/1.1" 200 7428 "http://www.secrepo.com/" "Mozilla/5.0 (X11; Linux x86_64; rv:38.0) Gecko/20100101 Firefox/38.0 Iceweasel/38.2.1" 
115.171.142.201 - - [27/Nov/2015:00:01:22 -0800] "GET /bootstrap/img/favicon.ico HTTP/1.1" 200 589 "-" "Mozilla/5.0 (X11; Linux x86_64; rv:38.0) Gecko/20100101 Firefox/38.0 Iceweasel/38.2.1" 
188.165.15.209 - - [27/Nov/2015:00:05:18 -0800] "GET /self.logs/ HTTP/1.1" 200 6641 "-" "Mozilla/5.0 (compatible; AhrefsBot/5.0; +http://ahrefs.com/robot/)" 
208.115.113.86 - - [27/Nov/2015:00:24:16 -0800] "GET / HTTP/1.1" 200 26898 "-" "Mozilla/5.0 (compatible; DotBot/1.1; http://www.opensiteexplorer.org/dotbot, help@moz.com)" 
109.204.144.96 - - [27/Nov/2015:00:28:48 -0800] "GET / HTTP/1.1" 200 8245 "https://www.reddit.com" "Mozilla/5.0 (Windows NT 6.1; WOW64; rv:42.0) Gecko/20100101 Firefox/42.0" 
109.204.144.96 - - [27/Nov/2015:00:28:49 -0800] "GET /GitHub-Mark.png HTTP/1.1" 200 7428 "http://www.secrepo.com/" "Mozilla/5.0 (Windows NT 6.1; WOW64; rv:42.0) Gecko/20100101 Firefox/42.0" 
109.204.144.96 - - [27/Nov/2015:00:28:49 -0800] "GET /bootstrap/img/favicon.ico HTTP/1.1" 200 589 "-" "Mozilla/5.0 (Windows NT 6.1; WOW64; rv:42.0) Gecko/20100101 Firefox/42.0" 
193.140.89.100 - - [27/Nov/2015:00:36:20 -0800] "GET / HTTP/1.1" 200 8245 "-" "Mozilla/5.0 (Windows NT 6.3; WOW64) AppleWebKit/537.36 (KHTML, like Gecko) Chrome/46.0.2490.86 Safari/537.36" 
193.140.89.100 - - [27/Nov/2015:00:36:20 -0800] "GET /twitter-icon.png HTTP/1.1" 200 27787 "http://www.secrepo.com/" "Mozilla/5.0 (Windows NT 6.3; WOW64) AppleWebKit/537.36 (KHTML, like Gecko) Chrome/46.0.2490.86 Safari/537.36" 
193.140.89.100 - - [27/Nov/2015:00:36:21 -0800] "GET /GitHub-Mark.png HTTP/1.1" 200 7427 "http://www.secrepo.com/" "Mozilla/5.0 (Windows NT 6.3; WOW64) AppleWebKit/537.36 (KHTML, like Gecko) Chrome/46.0.2490.86 Safari/537.36" 
83.241.207.162 - - [27/Nov/2015:00:43:29 -0800] "GET /bootstrap/img/favicon.ico HTTP/1.1" 200 590 "-" "Mozilla/5.0 (X11; Linux x86_64) AppleWebKit/537.36 (KHTML, like Gecko) Ubuntu Chromium/45.0.2454.101 Chrome/45.0.2454.101 Safari/537.36" 
178.137.89.181 - - [27/Nov/2015:01:10:19 -0800] "GET /honeypot/ HTTP/1.1" 200 1077 "http://kino-filmi.com/" "Opera/8.00 (Windows NT 5.1; U; en)" 
180.76.15.27 - - [27/Nov/2015:01:10:58 -0800] "GET /self.logs/?C=D;O=D HTTP/1.1" 200 6677 "-" "Mozilla/5.0 (compatible; Baiduspider/2.0; +http://www.baidu.com/search/spider.html)" 
202.115.103.42 - - [27/Nov/2015:01:16:13 -0800] "GET / HTTP/1.1" 200 8245 "-" "Mozilla/5.0 (Windows NT 6.1; WOW64) AppleWebKit/537.36 (KHTML, like Gecko) Chrome/45.0.2454.101 Safari/537.36" 
202.115.103.42 - - [27/Nov/2015:01:16:14 -0800] "GET /twitter-icon.png HTTP/1.1" 200 27787 "http://www.secrepo.com/" "Mozilla/5.0 (Windows NT 6.1; WOW64) AppleWebKit/537.36 (KHTML, like Gecko) Chrome/45.0.2454.101 Safari/537.36" 
202.115.103.42 - - [27/Nov/2015:01:16:14 -0800] "GET /GitHub-Mark.png HTTP/1.1" 200 7428 "http://www.secrepo.com/" "Mozilla/5.0 (Windows NT 6.1; WOW64) AppleWebKit/537.36 (KHTML, like Gecko) Chrome/45.0.2454.101 Safari/537.36" 
202.115.103.42 - - [27/Nov/2015:01:16:34 -0800] "GET /bootstrap/img/favicon.ico HTTP/1.1" 200 590 "http://www.secrepo.com/" "Mozilla/5.0 (Windows NT 6.1; WOW64) AppleWebKit/537.36 (KHTML, like Gecko) Chrome/45.0.2454.101 Safari/537.36" 
