54.174.114.150 - - [24/Jul/2017:08:56:24 -0700] "GET /bootstrap/img/apple-touch-icon.png HTTP/1.1" 404 340 "https://slack.com" "Slackbot-LinkExpanding 1.0 (+https://api.slack.com/robots)" 
52.54.222.230 - - [24/Jul/2017:08:56:24 -0700] "GET /favicon.ico HTTP/1.1" 200 268 "https://slack.com" "Slackbot-LinkExpanding 1.0 (+https://api.slack.com/robots)" 
197.0.213.19 - - [24/Jul/2017:08:56:45 -0700] "GET / HTTP/1.1" 200 10794 "-" "Mozilla/5.0 (Windows NT 10.0; Win64; x64) AppleWebKit/537.36 (KHTML, like Gecko) Chrome/59.0.3071.115 Safari/537.36" 
197.0.213.19 - - [24/Jul/2017:08:56:45 -0700] "GET /twitter-icon.png HTTP/1.1" 200 27787 "http://www.secrepo.com/" "Mozilla/5.0 (Windows NT 10.0; Win64; x64) AppleWebKit/537.36 (KHTML, like Gecko) Chrome/59.0.3071.115 Safari/537.36" 
197.0.213.19 - - [24/Jul/2017:08:56:45 -0700] "GET /GitHub-Mark.png HTTP/1.1" 200 7428 "http://www.secrepo.com/" "Mozilla/5.0 (Windows NT 10.0; Win64; x64) AppleWebKit/537.36 (KHTML, like Gecko) Chrome/59.0.3071.115 Safari/537.36" 
197.0.213.19 - - [24/Jul/2017:08:56:46 -0700] "GET /bootstrap/img/favicon.ico HTTP/1.1" 200 589 "http://www.secrepo.com/" "Mozilla/5.0 (Windows NT 10.0; Win64; x64) AppleWebKit/537.36 (KHTML, like Gecko) Chrome/59.0.3071.115 Safari/537.36" 
123.125.67.221 - - [24/Jul/2017:08:56:53 -0700] "GET / HTTP/1.1" 200 10757 "-" "Mozilla/5.0 (Windows NT 10.0; WOW64) AppleWebKit/537.36 (KHTML, like Gecko) Chrome/45.0.2454.93 Safari/537.36" 
123.125.67.227 - - [24/Jul/2017:08:56:56 -0700] "GET / HTTP/1.1" 200 10757 "-" "Mozilla/5.0 (Windows NT 10.0; WOW64) AppleWebKit/537.36 (KHTML, like Gecko) Chrome/45.0.2454.93 Safari/537.36" 
211.103.88.105 - - [24/Jul/2017:08:57:01 -0700] "GET /maccdc2012/maccdc2012_full_alert.7z HTTP/1.1" 304 132 "-" "Mozilla/5.0 Gecko/20100115 Firefox/3.6" 
157.55.39.194 - - [24/Jul/2017:08:57:02 -0700] "GET /self.logs/access.log.2015-05-02.gz HTTP/1.1" 200 4163 "-" "Mozilla/5.0 (compatible; bingbot/2.0; +http://www.bing.com/bingbot.htm)" 
157.55.39.194 - - [24/Jul/2017:08:57:03 -0700] "GET /self.logs/access.log.2017-05-14.gz HTTP/1.1" 200 35846 "-" "Mozilla/5.0 (compatible; bingbot/2.0; +http://www.bing.com/bingbot.htm)" 
207.46.13.109 - - [24/Jul/2017:08:57:09 -0700] "GET /self.logs/access.log.2015-08-23.gz HTTP/1.1" 200 4959 "-" "Mozilla/5.0 (compatible; bingbot/2.0; +http://www.bing.com/bingbot.htm)" 
197.0.213.19 - - [24/Jul/2017:08:57:31 -0700] "GET /maccdc2012/http.log.gz HTTP/1.1" 200 54258816 "-" "Mozilla/5.0 (Windows NT 10.0; Win64; x64) AppleWebKit/537.36 (KHTML, like Gecko) Chrome/59.0.3071.115 Safari/537.36" 
177.142.33.195 - - [24/Jul/2017:08:58:12 -0700] "GET /honeypot/Honeypot%20-%20Howto.pdf HTTP/1.1" 200 1279418 "http://www.secrepo.com/" "Mozilla/5.0 (Windows NT 10.0) AppleWebKit/537.36 (KHTML, like Gecko) Chrome/59.0.3071.115 Safari/537.36" 
143.176.63.156 - - [24/Jul/2017:09:00:17 -0700] "GET /wp-login.php HTTP/1.1" 404 295 "-" "Mozilla/5.0 (Windows NT 6.1; WOW64; rv:40.0) Gecko/20100101 Firefox/40.1" 
157.55.39.217 - - [24/Jul/2017:09:00:20 -0700] "GET /self.logs/access.log.2017-01-16.gz HTTP/1.1" 200 42858 "-" "Mozilla/5.0 (compatible; bingbot/2.0; +http://www.bing.com/bingbot.htm)" 
157.55.39.217 - - [24/Jul/2017:09:00:21 -0700] "GET /self.logs/access.log.2016-12-21.gz HTTP/1.1" 200 10562 "-" "Mozilla/5.0 (compatible; bingbot/2.0; +http://www.bing.com/bingbot.htm)" 
143.176.63.156 - - [24/Jul/2017:09:00:23 -0700] "GET /wp-login.php HTTP/1.1" 404 295 "-" "Mozilla/5.0 (Windows NT 6.1; WOW64; rv:40.0) Gecko/20100101 Firefox/40.1" 
143.176.63.156 - - [24/Jul/2017:09:00:29 -0700] "GET / HTTP/1.1" 200 36476 "-" "Mozilla/5.0 (Windows NT 6.1; WOW64; rv:40.0) Gecko/20100101 Firefox/40.1" 
157.55.39.194 - - [24/Jul/2017:09:01:11 -0700] "GET /self.logs/access.log.2015-08-27.gz HTTP/1.1" 200 6103 "-" "Mozilla/5.0 (compatible; bingbot/2.0; +http://www.bing.com/bingbot.htm)" 
120.92.32.247 - - [24/Jul/2017:09:02:09 -0700] "GET / HTTP/1.1" 301 427 "-" "Mozilla/5.0 (Windows NT 6.1; WOW64) AppleWebKit/537.36 (KHTML, like Gecko) Chrome/39.0.2171.95  Safari/537.36" 
120.92.32.247 - - [24/Jul/2017:09:02:13 -0700] "GET / HTTP/1.1" 200 10738 "-" "Mozilla/5.0 (Windows NT 6.1; WOW64) AppleWebKit/537.36 (KHTML, like Gecko) Chrome/39.0.2171.95  Safari/537.36" 
120.92.32.247 - - [24/Jul/2017:09:02:13 -0700] "GET / HTTP/1.1" 200 10738 "-" "Mozilla/5.0 (Windows NT 6.1; WOW64) AppleWebKit/537.36 (KHTML, like Gecko) Chrome/39.0.2171.95  Safari/537.36" 
157.55.39.146 - - [24/Jul/2017:09:03:05 -0700] "GET /self.logs/access.log.2017-03-06.gz HTTP/1.1" 200 19676 "-" "Mozilla/5.0 (compatible; bingbot/2.0; +http://www.bing.com/bingbot.htm)" 
217.182.132.185 - - [24/Jul/2017:09:04:06 -0700] "GET /self.logs/error.log.2015-09-29.gz HTTP/1.1" 200 616 "-" "Mozilla/5.0 (compatible; AhrefsBot/5.2; +http://ahrefs.com/robot/)" 
143.176.63.156 - - [24/Jul/2017:09:04:32 -0700] "GET /wp-login.php HTTP/1.1" 301 522 "-" "Mozilla/5.0 (Windows NT 6.1; WOW64; rv:40.0) Gecko/20100101 Firefox/40.1" 
143.176.63.156 - - [24/Jul/2017:09:04:32 -0700] "GET /wp-login.php HTTP/1.1" 404 295 "-" "Mozilla/5.0 (Windows NT 6.1; WOW64; rv:40.0) Gecko/20100101 Firefox/40.1" 
143.176.63.156 - - [24/Jul/2017:09:04:37 -0700] "GET /wp-login.php HTTP/1.1" 301 522 "-" "Mozilla/5.0 (Windows NT 6.1; WOW64; rv:40.0) Gecko/20100101 Firefox/40.1" 
143.176.63.156 - - [24/Jul/2017:09:04:37 -0700] "GET /wp-login.php HTTP/1.1" 404 295 "-" "Mozilla/5.0 (Windows NT 6.1; WOW64; rv:40.0) Gecko/20100101 Firefox/40.1" 
143.176.63.156 - - [24/Jul/2017:09:04:42 -0700] "GET / HTTP/1.1" 301 498 "-" "Mozilla/5.0 (Windows NT 6.1; WOW64; rv:40.0) Gecko/20100101 Firefox/40.1" 
143.176.63.156 - - [24/Jul/2017:09:04:43 -0700] "GET / HTTP/1.1" 200 36476 "-" "Mozilla/5.0 (Windows NT 6.1; WOW64; rv:40.0) Gecko/20100101 Firefox/40.1" 
155.201.34.13 - - [24/Jul/2017:09:04:53 -0700] "GET /auth.log/auth.log.gz HTTP/1.1" 200 554487 "-" "Mozilla/5.0 (Windows NT 6.1; Win64; x64) AppleWebKit/537.36 (KHTML, like Gecko) Chrome/59.0.3071.115 Safari/537.36" 
157.55.39.194 - - [24/Jul/2017:09:05:16 -0700] "GET /self.logs/access.log.2016-09-09.gz HTTP/1.1" 200 7068 "-" "Mozilla/5.0 (compatible; bingbot/2.0; +http://www.bing.com/bingbot.htm)" 
157.55.39.194 - - [24/Jul/2017:09:05:26 -0700] "GET /self.logs/access.log.2016-10-29.gz HTTP/1.1" 200 7058 "-" "Mozilla/5.0 (compatible; bingbot/2.0; +http://www.bing.com/bingbot.htm)" 
157.55.39.217 - - [24/Jul/2017:09:06:11 -0700] "GET /self.logs/access.log.2017-05-27.gz HTTP/1.1" 200 11955 "-" "Mozilla/5.0 (compatible; bingbot/2.0; +http://www.bing.com/bingbot.htm)" 
157.55.39.194 - - [24/Jul/2017:09:06:59 -0700] "GET /self.logs/access.log.2015-04-14.gz HTTP/1.1" 200 5065 "-" "Mozilla/5.0 (compatible; bingbot/2.0; +http://www.bing.com/bingbot.htm)" 
2.85.188.160 - - [24/Jul/2017:09:09:00 -0700] "GET /wp-login.php HTTP/1.1" 404 295 "-" "Mozilla/5.0 (Windows NT 6.1; WOW64; rv:40.0) Gecko/20100101 Firefox/40.1" 
2.85.188.160 - - [24/Jul/2017:09:09:06 -0700] "GET /wp-login.php HTTP/1.1" 404 295 "-" "Mozilla/5.0 (Windows NT 6.1; WOW64; rv:40.0) Gecko/20100101 Firefox/40.1" 
2.85.188.160 - - [24/Jul/2017:09:09:11 -0700] "GET / HTTP/1.1" 200 36476 "-" "Mozilla/5.0 (Windows NT 6.1; WOW64; rv:40.0) Gecko/20100101 Firefox/40.1" 
157.55.39.217 - - [24/Jul/2017:09:09:22 -0700] "GET /self.logs/access.log.2016-08-03.gz HTTP/1.1" 200 12308 "-" "Mozilla/5.0 (compatible; bingbot/2.0; +http://www.bing.com/bingbot.htm)" 
157.55.39.194 - - [24/Jul/2017:09:10:05 -0700] "GET /self.logs/error.log.2016-07-16.gz HTTP/1.1" 200 889 "-" "Mozilla/5.0 (compatible; bingbot/2.0; +http://www.bing.com/bingbot.htm)" 
157.55.39.146 - - [24/Jul/2017:09:11:09 -0700] "GET /self.logs/access.log.2016-05-22.gz HTTP/1.1" 200 11608 "-" "Mozilla/5.0 (compatible; bingbot/2.0; +http://www.bing.com/bingbot.htm)" 
157.55.39.146 - - [24/Jul/2017:09:11:09 -0700] "GET /self.logs/access.log.2017-06-14.gz HTTP/1.1" 200 37214 "-" "Mozilla/5.0 (compatible; bingbot/2.0; +http://www.bing.com/bingbot.htm)" 
157.55.39.217 - - [24/Jul/2017:09:12:30 -0700] "GET /self.logs/access.log.2015-09-24.gz HTTP/1.1" 200 4804 "-" "Mozilla/5.0 (compatible; bingbot/2.0; +http://www.bing.com/bingbot.htm)" 
188.40.126.66 - - [24/Jul/2017:09:12:55 -0700] "GET / HTTP/1.1" 200 10738 "-" "Mozilla/5.0 (compatible; NewShareCounts.com/1.0; +http://newsharecounts.com/crawler)" 
217.182.132.178 - - [24/Jul/2017:09:13:06 -0700] "GET /self.logs/error.log.2015-06-20.gz HTTP/1.1" 200 544 "-" "Mozilla/5.0 (compatible; AhrefsBot/5.2; +http://ahrefs.com/robot/)" 
157.55.39.194 - - [24/Jul/2017:09:13:07 -0700] "GET /self.logs/access.log.2015-03-06.gz HTTP/1.1" 200 2436 "-" "Mozilla/5.0 (compatible; bingbot/2.0; +http://www.bing.com/bingbot.htm)" 
157.55.39.217 - - [24/Jul/2017:09:13:26 -0700] "GET /self.logs/access.log.2015-07-22.gz HTTP/1.1" 200 4688 "-" "Mozilla/5.0 (compatible; bingbot/2.0; +http://www.bing.com/bingbot.htm)" 
157.55.39.217 - - [24/Jul/2017:09:14:55 -0700] "GET /self.logs/access.log.2017-02-14.gz HTTP/1.1" 200 53555 "-" "Mozilla/5.0 (compatible; bingbot/2.0; +http://www.bing.com/bingbot.htm)" 
157.55.39.217 - - [24/Jul/2017:09:14:56 -0700] "GET /self.logs/access.log.2015-02-11.gz HTTP/1.1" 200 4659 "-" "Mozilla/5.0 (compatible; bingbot/2.0; +http://www.bing.com/bingbot.htm)" 
157.55.39.146 - - [24/Jul/2017:09:15:12 -0700] "GET /squid/access.log.gz HTTP/1.1" 200 10887594 "-" "Mozilla/5.0 (compatible; bingbot/2.0; +http://www.bing.com/bingbot.htm)" 
200.236.198.87 - - [24/Jul/2017:09:16:11 -0700] "GET /wp-login.php HTTP/1.1" 404 295 "-" "Mozilla/5.0 (Windows NT 6.1; WOW64; rv:40.0) Gecko/20100101 Firefox/40.1" 
200.236.198.87 - - [24/Jul/2017:09:16:16 -0700] "GET /wp-login.php HTTP/1.1" 404 295 "-" "Mozilla/5.0 (Windows NT 6.1; WOW64; rv:40.0) Gecko/20100101 Firefox/40.1" 
200.236.198.87 - - [24/Jul/2017:09:16:21 -0700] "GET / HTTP/1.1" 200 36476 "-" "Mozilla/5.0 (Windows NT 6.1; WOW64; rv:40.0) Gecko/20100101 Firefox/40.1" 
207.46.13.109 - - [24/Jul/2017:09:17:08 -0700] "GET /self.logs/access.log.2015-07-27.gz HTTP/1.1" 200 5697 "-" "Mozilla/5.0 (compatible; bingbot/2.0; +http://www.bing.com/bingbot.htm)" 
207.46.13.109 - - [24/Jul/2017:09:17:10 -0700] "GET /self.logs/access.log.2015-11-22.gz HTTP/1.1" 200 8605 "-" "Mozilla/5.0 (compatible; bingbot/2.0; +http://www.bing.com/bingbot.htm)" 
93.187.43.210 - - [24/Jul/2017:09:19:46 -0700] "GET / HTTP/1.1" 200 10794 "https://www.google.fr/" "Mozilla/5.0 (Windows NT 6.3; Win64; x64) AppleWebKit/537.36 (KHTML, like Gecko) Chrome/59.0.3071.115 Safari/537.36" 
93.187.43.210 - - [24/Jul/2017:09:19:48 -0700] "GET /GitHub-Mark.png HTTP/1.1" 200 7428 "http://www.secrepo.com/" "Mozilla/5.0 (Windows NT 6.3; Win64; x64) AppleWebKit/537.36 (KHTML, like Gecko) Chrome/59.0.3071.115 Safari/537.36" 
93.187.43.210 - - [24/Jul/2017:09:19:48 -0700] "GET /twitter-icon.png HTTP/1.1" 200 27788 "http://www.secrepo.com/" "Mozilla/5.0 (Windows NT 6.3; Win64; x64) AppleWebKit/537.36 (KHTML, like Gecko) Chrome/59.0.3071.115 Safari/537.36" 
93.187.43.210 - - [24/Jul/2017:09:19:50 -0700] "GET /bootstrap/img/favicon.ico HTTP/1.1" 200 589 "http://www.secrepo.com/" "Mozilla/5.0 (Windows NT 6.3; Win64; x64) AppleWebKit/537.36 (KHTML, like Gecko) Chrome/59.0.3071.115 Safari/537.36" 
216.68.153.19 - - [24/Jul/2017:09:20:23 -0700] "GET / HTTP/1.1" 304 189 "http://www.kdnuggets.com/2017/01/machine-learning-cyber-security.html" "Mozilla/5.0 (Macintosh; Intel Mac OS X 10_11_6) AppleWebKit/537.36 (KHTML, like Gecko) Chrome/59.0.3071.115 Safari/537.36" 
157.55.39.217 - - [24/Jul/2017:09:22:24 -0700] "GET /self.logs/access.log.2017-06-03.gz HTTP/1.1" 200 12894 "-" "Mozilla/5.0 (compatible; bingbot/2.0; +http://www.bing.com/bingbot.htm)" 
197.0.213.19 - - [24/Jul/2017:09:26:02 -0700] "GET /maccdc2012/ssl.log.gz HTTP/1.1" 200 1313675 "-" "Mozilla/5.0 (Macintosh; Intel Mac OS X 10_10_5) AppleWebKit/537.36 (KHTML, like Gecko) Chrome/59.0.3071.115 Safari/537.36" 
157.55.39.194 - - [24/Jul/2017:09:26:29 -0700] "GET /self.logs/access.log.2015-09-22.gz HTTP/1.1" 200 5069 "-" "Mozilla/5.0 (compatible; bingbot/2.0; +http://www.bing.com/bingbot.htm)" 
197.0.213.19 - - [24/Jul/2017:09:27:02 -0700] "GET /maccdc2012/smtp.log.gz HTTP/1.1" 200 6908 "-" "Mozilla/5.0 (Macintosh; Intel Mac OS X 10_10_5) AppleWebKit/537.36 (KHTML, like Gecko) Chrome/59.0.3071.115 Safari/537.36" 
5.157.52.92 - - [24/Jul/2017:09:27:12 -0700] "GET /honeypot/BSidesDFW%20-%202014.ipynb HTTP/1.0" 200 930799 "http://www.secrepo.com/" "Mozilla/5.0 (Windows NT 10.0) AppleWebKit/537.36 (KHTML, like Gecko) Chrome/59.0.3071.115 Safari/537.36" 
207.46.13.109 - - [24/Jul/2017:09:27:16 -0700] "GET /self.logs/access.log.2015-06-03.gz HTTP/1.1" 200 3400 "-" "Mozilla/5.0 (compatible; bingbot/2.0; +http://www.bing.com/bingbot.htm)" 
157.55.39.217 - - [24/Jul/2017:09:27:58 -0700] "GET /self.logs/access.log.2015-06-06.gz HTTP/1.1" 200 3261 "-" "Mozilla/5.0 (compatible; bingbot/2.0; +http://www.bing.com/bingbot.htm)" 
89.208.200.26 - - [24/Jul/2017:09:28:35 -0700] "GET / HTTP/1.1" 200 10794 "-" "Mozilla/5.0 (X11; Linux x86_64) AppleWebKit/537.36 (KHTML, like Gecko) Ubuntu Chromium/59.0.3071.109 Chrome/59.0.3071.109 Safari/537.36" 
89.208.200.26 - - [24/Jul/2017:09:28:35 -0700] "GET /GitHub-Mark.png HTTP/1.1" 200 7427 "http://www.secrepo.com/" "Mozilla/5.0 (X11; Linux x86_64) AppleWebKit/537.36 (KHTML, like Gecko) Ubuntu Chromium/59.0.3071.109 Chrome/59.0.3071.109 Safari/537.36" 
157.55.39.194 - - [24/Jul/2017:09:29:15 -0700] "GET /self.logs/access.log.2015-12-02.gz HTTP/1.1" 200 5994 "-" "Mozilla/5.0 (compatible; bingbot/2.0; +http://www.bing.com/bingbot.htm)" 
207.46.13.109 - - [24/Jul/2017:09:29:20 -0700] "GET /self.logs/access.log.2016-10-23.gz HTTP/1.1" 200 8994 "-" "Mozilla/5.0 (compatible; bingbot/2.0; +http://www.bing.com/bingbot.htm)" 
157.55.39.146 - - [24/Jul/2017:09:29:25 -0700] "GET /self.logs/access.log.2015-04-02.gz HTTP/1.1" 200 3322 "-" "Mozilla/5.0 (compatible; bingbot/2.0; +http://www.bing.com/bingbot.htm)" 
216.244.66.250 - - [24/Jul/2017:09:30:30 -0700] "GET /robots.txt HTTP/1.1" 200 233 "-" "Mozilla/5.0 (compatible; DotBot/1.1; http://www.opensiteexplorer.org/dotbot, help@moz.com)" 
123.125.67.221 - - [24/Jul/2017:09:32:23 -0700] "GET /robots.txt HTTP/1.1" 200 297 "-" "Mozilla/5.0 (Windows NT 10.0; WOW64) AppleWebKit/537.36 (KHTML, like Gecko) Chrome/45.0.2454.93 Safari/537.36" 
157.55.39.217 - - [24/Jul/2017:09:32:33 -0700] "GET /self.logs/access.log.2017-02-07.gz HTTP/1.1" 200 19956 "-" "Mozilla/5.0 (compatible; bingbot/2.0; +http://www.bing.com/bingbot.htm)" 
157.55.39.217 - - [24/Jul/2017:09:32:33 -0700] "GET /self.logs/access.log.2015-02-05.gz HTTP/1.1" 200 3553 "-" "Mozilla/5.0 (compatible; bingbot/2.0; +http://www.bing.com/bingbot.htm)" 
157.55.39.146 - - [24/Jul/2017:09:33:43 -0700] "GET /self.logs/access.log.2017-05-16.gz HTTP/1.1" 200 26441 "-" "Mozilla/5.0 (compatible; bingbot/2.0; +http://www.bing.com/bingbot.htm)" 
65.205.26.94 - - [24/Jul/2017:09:35:02 -0700] "GET / HTTP/1.1" 200 10794 "https://www.google.com/" "Mozilla/5.0 (Windows NT 10.0; Win64; x64; rv:54.0) Gecko/20100101 Firefox/54.0" 
65.205.26.94 - - [24/Jul/2017:09:35:02 -0700] "GET /bootstrap/img/favicon.ico HTTP/1.1" 200 589 "-" "Mozilla/5.0 (Windows NT 10.0; Win64; x64; rv:54.0) Gecko/20100101 Firefox/54.0" 
65.205.26.94 - - [24/Jul/2017:09:35:03 -0700] "GET /twitter-icon.png HTTP/1.1" 200 27787 "http://www.secrepo.com/" "Mozilla/5.0 (Windows NT 10.0; Win64; x64; rv:54.0) Gecko/20100101 Firefox/54.0" 
65.205.26.94 - - [24/Jul/2017:09:35:03 -0700] "GET /GitHub-Mark.png HTTP/1.1" 200 7427 "http://www.secrepo.com/" "Mozilla/5.0 (Windows NT 10.0; Win64; x64; rv:54.0) Gecko/20100101 Firefox/54.0" 
157.55.39.194 - - [24/Jul/2017:09:35:03 -0700] "GET /self.logs/access.log.2016-04-25.gz HTTP/1.1" 200 9420 "-" "Mozilla/5.0 (compatible; bingbot/2.0; +http://www.bing.com/bingbot.htm)" 
123.125.71.53 - - [24/Jul/2017:09:35:06 -0700] "GET / HTTP/1.1" 200 10757 "-" "Mozilla/5.0 (compatible; Baiduspider/2.0; +http://www.baidu.com/search/spider.html)" 
164.132.161.37 - - [24/Jul/2017:09:35:12 -0700] "GET /self.logs/error.log.2015-03-20.gz HTTP/1.1" 200 883 "-" "Mozilla/5.0 (compatible; AhrefsBot/5.2; +http://ahrefs.com/robot/)" 
157.55.39.194 - - [24/Jul/2017:09:35:13 -0700] "GET /self.logs/access.log.2016-10-27.gz HTTP/1.1" 200 14057 "-" "Mozilla/5.0 (compatible; bingbot/2.0; +http://www.bing.com/bingbot.htm)" 
157.55.39.146 - - [24/Jul/2017:09:35:37 -0700] "GET /self.logs/access.log.2015-08-03.gz HTTP/1.1" 200 6198 "-" "Mozilla/5.0 (compatible; bingbot/2.0; +http://www.bing.com/bingbot.htm)" 
157.55.39.146 - - [24/Jul/2017:09:35:37 -0700] "GET /self.logs/access.log.2016-01-21.gz HTTP/1.1" 200 5591 "-" "Mozilla/5.0 (compatible; bingbot/2.0; +http://www.bing.com/bingbot.htm)" 
157.55.39.217 - - [24/Jul/2017:09:36:07 -0700] "GET /self.logs/access.log.2017-02-26.gz HTTP/1.1" 200 39637 "-" "Mozilla/5.0 (compatible; bingbot/2.0; +http://www.bing.com/bingbot.htm)" 
207.46.13.109 - - [24/Jul/2017:09:36:36 -0700] "GET / HTTP/1.1" 200 10794 "-" "Mozilla/5.0 (compatible; bingbot/2.0; +http://www.bing.com/bingbot.htm)" 
65.205.26.94 - - [24/Jul/2017:09:36:34 -0700] "GET /tg/tg_snort_full.7z HTTP/1.1" 200 8847794 "http://www.secrepo.com/" "Mozilla/5.0 (Windows NT 10.0; Win64; x64; rv:54.0) Gecko/20100101 Firefox/54.0" 
157.55.39.217 - - [24/Jul/2017:09:36:51 -0700] "GET /self.logs/access.log.2015-12-17.gz HTTP/1.1" 200 6190 "-" "Mozilla/5.0 (compatible; bingbot/2.0; +http://www.bing.com/bingbot.htm)" 
157.55.39.194 - - [24/Jul/2017:09:41:18 -0700] "GET /self.logs/access.log.2016-12-29.gz HTTP/1.1" 200 8909 "-" "Mozilla/5.0 (compatible; bingbot/2.0; +http://www.bing.com/bingbot.htm)" 
157.55.39.217 - - [24/Jul/2017:09:41:24 -0700] "GET /self.logs/access.log.2015-01-26.gz HTTP/1.1" 200 3257 "-" "Mozilla/5.0 (compatible; bingbot/2.0; +http://www.bing.com/bingbot.htm)" 
157.55.39.217 - - [24/Jul/2017:09:42:24 -0700] "GET /self.logs/access.log.2015-04-27.gz HTTP/1.1" 200 7332 "-" "Mozilla/5.0 (compatible; bingbot/2.0; +http://www.bing.com/bingbot.htm)" 
157.55.39.194 - - [24/Jul/2017:09:43:20 -0700] "GET /self.logs/access.log.2017-01-25.gz HTTP/1.1" 200 19161 "-" "Mozilla/5.0 (compatible; bingbot/2.0; +http://www.bing.com/bingbot.htm)" 
157.55.39.194 - - [24/Jul/2017:09:44:27 -0700] "GET /self.logs/access.log.2015-10-05.gz HTTP/1.1" 200 3800 "-" "Mozilla/5.0 (compatible; bingbot/2.0; +http://www.bing.com/bingbot.htm)" 
157.55.39.217 - - [24/Jul/2017:09:45:05 -0700] "GET /self.logs/access.log.2016-07-14.gz HTTP/1.1" 200 9563 "-" "Mozilla/5.0 (compatible; bingbot/2.0; +http://www.bing.com/bingbot.htm)" 
157.55.39.217 - - [24/Jul/2017:09:45:05 -0700] "GET /self.logs/access.log.2015-06-27.gz HTTP/1.1" 200 5570 "-" "Mozilla/5.0 (compatible; bingbot/2.0; +http://www.bing.com/bingbot.htm)" 
103.79.248.177 - - [24/Jul/2017:09:45:38 -0700] "GET / HTTP/1.1" 200 10794 "http://www.kdnuggets.com/2017/01/machine-learning-cyber-security.html" "Mozilla/5.0 (Windows NT 10.0; Win64; x64) AppleWebKit/537.36 (KHTML, like Gecko) Chrome/59.0.3071.115 Safari/537.36" 
103.79.248.177 - - [24/Jul/2017:09:45:39 -0700] "GET /twitter-icon.png HTTP/1.1" 200 27787 "http://www.secrepo.com/" "Mozilla/5.0 (Windows NT 10.0; Win64; x64) AppleWebKit/537.36 (KHTML, like Gecko) Chrome/59.0.3071.115 Safari/537.36" 
103.79.248.177 - - [24/Jul/2017:09:45:39 -0700] "GET /GitHub-Mark.png HTTP/1.1" 200 7428 "http://www.secrepo.com/" "Mozilla/5.0 (Windows NT 10.0; Win64; x64) AppleWebKit/537.36 (KHTML, like Gecko) Chrome/59.0.3071.115 Safari/537.36" 
103.79.248.177 - - [24/Jul/2017:09:45:41 -0700] "GET /bootstrap/img/favicon.ico HTTP/1.1" 200 589 "http://www.secrepo.com/" "Mozilla/5.0 (Windows NT 10.0; Win64; x64) AppleWebKit/537.36 (KHTML, like Gecko) Chrome/59.0.3071.115 Safari/537.36" 
157.55.39.217 - - [24/Jul/2017:09:45:57 -0700] "GET /self.logs/access.log.2015-11-01.gz HTTP/1.1" 200 6521 "-" "Mozilla/5.0 (compatible; bingbot/2.0; +http://www.bing.com/bingbot.htm)" 
207.46.13.109 - - [24/Jul/2017:09:46:24 -0700] "GET /self.logs/access.log.2015-02-09.gz HTTP/1.1" 200 4271 "-" "Mozilla/5.0 (compatible; bingbot/2.0; +http://www.bing.com/bingbot.htm)" 
157.55.39.194 - - [24/Jul/2017:09:47:20 -0700] "GET /self.logs/access.log.2016-12-12.gz HTTP/1.1" 200 13326 "-" "Mozilla/5.0 (compatible; bingbot/2.0; +http://www.bing.com/bingbot.htm)" 
157.55.39.217 - - [24/Jul/2017:09:47:34 -0700] "GET /self.logs/access.log.2016-02-06.gz HTTP/1.1" 200 5774 "-" "Mozilla/5.0 (compatible; bingbot/2.0; +http://www.bing.com/bingbot.htm)" 
157.55.39.194 - - [24/Jul/2017:09:47:48 -0700] "GET /self.logs/access.log.2016-07-06.gz HTTP/1.1" 200 12516 "-" "Mozilla/5.0 (compatible; bingbot/2.0; +http://www.bing.com/bingbot.htm)" 
164.132.161.19 - - [24/Jul/2017:09:48:04 -0700] "GET /self.logs/access.log.2016-07-31.gz HTTP/1.1" 200 7105 "-" "Mozilla/5.0 (compatible; AhrefsBot/5.2; +http://ahrefs.com/robot/)" 
207.46.13.109 - - [24/Jul/2017:09:49:31 -0700] "GET /self.logs/access.log.2015-10-06.gz HTTP/1.1" 200 6237 "-" "Mozilla/5.0 (compatible; bingbot/2.0; +http://www.bing.com/bingbot.htm)" 
157.55.39.217 - - [24/Jul/2017:09:49:51 -0700] "GET /self.logs/access.log.2015-02-02.gz HTTP/1.1" 200 3356 "-" "Mozilla/5.0 (compatible; bingbot/2.0; +http://www.bing.com/bingbot.htm)" 
157.55.39.217 - - [24/Jul/2017:09:49:51 -0700] "GET /self.logs/access.log.2016-08-10.gz HTTP/1.1" 200 5981 "-" "Mozilla/5.0 (compatible; bingbot/2.0; +http://www.bing.com/bingbot.htm)" 
207.46.13.109 - - [24/Jul/2017:09:51:24 -0700] "GET /self.logs/access.log.2017-01-13.gz HTTP/1.1" 200 16676 "-" "Mozilla/5.0 (compatible; bingbot/2.0; +http://www.bing.com/bingbot.htm)" 
157.55.39.146 - - [24/Jul/2017:09:51:54 -0700] "GET /self.logs/access.log.2016-10-04.gz HTTP/1.1" 200 9624 "-" "Mozilla/5.0 (compatible; bingbot/2.0; +http://www.bing.com/bingbot.htm)" 
157.55.39.146 - - [24/Jul/2017:09:51:54 -0700] "GET /self.logs/access.log.2016-07-03.gz HTTP/1.1" 200 11228 "-" "Mozilla/5.0 (compatible; bingbot/2.0; +http://www.bing.com/bingbot.htm)" 
157.55.39.146 - - [24/Jul/2017:09:53:10 -0700] "GET /self.logs/access.log.2017-02-19.gz HTTP/1.1" 200 16441 "-" "Mozilla/5.0 (compatible; bingbot/2.0; +http://www.bing.com/bingbot.htm)" 
157.55.39.146 - - [24/Jul/2017:09:55:05 -0700] "GET /self.logs/access.log.2016-06-29.gz HTTP/1.1" 200 8674 "-" "Mozilla/5.0 (compatible; bingbot/2.0; +http://www.bing.com/bingbot.htm)" 
207.46.13.109 - - [24/Jul/2017:09:56:51 -0700] "GET /self.logs/access.log.2017-02-05.gz HTTP/1.1" 200 17973 "-" "Mozilla/5.0 (compatible; bingbot/2.0; +http://www.bing.com/bingbot.htm)" 
157.55.39.146 - - [24/Jul/2017:09:57:22 -0700] "GET /self.logs/access.log.2016-09-30.gz HTTP/1.1" 200 8526 "-" "Mozilla/5.0 (compatible; bingbot/2.0; +http://www.bing.com/bingbot.htm)" 
207.46.13.109 - - [24/Jul/2017:09:57:27 -0700] "GET /self.logs/access.log.2016-10-02.gz HTTP/1.1" 200 9425 "-" "Mozilla/5.0 (compatible; bingbot/2.0; +http://www.bing.com/bingbot.htm)" 
157.55.39.194 - - [24/Jul/2017:09:57:36 -0700] "GET /self.logs/access.log.2015-10-02.gz HTTP/1.1" 200 3810 "-" "Mozilla/5.0 (compatible; bingbot/2.0; +http://www.bing.com/bingbot.htm)" 
157.55.39.217 - - [24/Jul/2017:09:59:30 -0700] "GET /self.logs/access.log.2016-01-03.gz HTTP/1.1" 200 5217 "-" "Mozilla/5.0 (compatible; bingbot/2.0; +http://www.bing.com/bingbot.htm)" 
207.46.13.109 - - [24/Jul/2017:10:00:07 -0700] "GET /self.logs/access.log.2017-01-09.gz HTTP/1.1" 200 24801 "-" "Mozilla/5.0 (compatible; bingbot/2.0; +http://www.bing.com/bingbot.htm)" 
207.46.13.109 - - [24/Jul/2017:10:01:23 -0700] "GET /self.logs/access.log.2015-12-12.gz HTTP/1.1" 200 5449 "-" "Mozilla/5.0 (compatible; bingbot/2.0; +http://www.bing.com/bingbot.htm)" 
157.55.39.217 - - [24/Jul/2017:10:01:46 -0700] "GET /self.logs/access.log.2015-04-29.gz HTTP/1.1" 200 5237 "-" "Mozilla/5.0 (compatible; bingbot/2.0; +http://www.bing.com/bingbot.htm)" 
157.55.39.217 - - [24/Jul/2017:10:01:46 -0700] "GET /self.logs/access.log.2016-09-15.gz HTTP/1.1" 200 8414 "-" "Mozilla/5.0 (compatible; bingbot/2.0; +http://www.bing.com/bingbot.htm)" 
157.55.39.146 - - [24/Jul/2017:10:05:18 -0700] "GET /self.logs/access.log.2015-09-20.gz HTTP/1.1" 200 4340 "-" "Mozilla/5.0 (compatible; bingbot/2.0; +http://www.bing.com/bingbot.htm)" 
217.182.132.4 - - [24/Jul/2017:10:05:52 -0700] "GET /self.logs/error.log.2016-07-14.gz HTTP/1.1" 200 625 "-" "Mozilla/5.0 (compatible; AhrefsBot/5.2; +http://ahrefs.com/robot/)" 
157.55.39.146 - - [24/Jul/2017:10:07:00 -0700] "GET /self.logs/access.log.2015-02-06.gz HTTP/1.1" 200 2879 "-" "Mozilla/5.0 (compatible; bingbot/2.0; +http://www.bing.com/bingbot.htm)" 
157.55.39.146 - - [24/Jul/2017:10:07:20 -0700] "GET /self.logs/access.log.2017-05-24.gz HTTP/1.1" 200 55977 "-" "Mozilla/5.0 (compatible; bingbot/2.0; +http://www.bing.com/bingbot.htm)" 
220.181.108.169 - - [24/Jul/2017:10:08:25 -0700] "GET /scada/scada_logs.zip HTTP/1.1" 200 364864 "-" "Mozilla/5.0 (compatible; Baiduspider/2.0; +http://www.baidu.com/search/spider.html)" 
157.55.39.217 - - [24/Jul/2017:10:08:31 -0700] "GET /self.logs/access.log.2017-06-22.gz HTTP/1.1" 200 28956 "-" "Mozilla/5.0 (compatible; bingbot/2.0; +http://www.bing.com/bingbot.htm)" 
157.55.39.146 - - [24/Jul/2017:10:09:30 -0700] "GET /self.logs/access.log.2015-07-07.gz HTTP/1.1" 200 4998 "-" "Mozilla/5.0 (compatible; bingbot/2.0; +http://www.bing.com/bingbot.htm)" 
157.55.39.146 - - [24/Jul/2017:10:09:30 -0700] "GET /self.logs/access.log.2016-06-06.gz HTTP/1.1" 200 8446 "-" "Mozilla/5.0 (compatible; bingbot/2.0; +http://www.bing.com/bingbot.htm)" 
157.55.39.146 - - [24/Jul/2017:10:09:40 -0700] "GET /self.logs/access.log.2016-12-31.gz HTTP/1.1" 200 6814 "-" "Mozilla/5.0 (compatible; bingbot/2.0; +http://www.bing.com/bingbot.htm)" 
157.55.39.194 - - [24/Jul/2017:10:10:16 -0700] "GET /self.logs/access.log.2016-02-28.gz HTTP/1.1" 200 9433 "-" "Mozilla/5.0 (compatible; bingbot/2.0; +http://www.bing.com/bingbot.htm)" 
120.221.1.28 - - [24/Jul/2017:10:10:39 -0700] "GET /maccdc2012/files.log.gz HTTP/1.1" 304 155 "-" "Mozilla/5.0 Gecko/20100115 Firefox/3.6" 
164.132.162.187 - - [24/Jul/2017:10:10:46 -0700] "GET /self.logs/access.log.2015-09-14.gz HTTP/1.1" 200 5472 "-" "Mozilla/5.0 (compatible; AhrefsBot/5.2; +http://ahrefs.com/robot/)" 
157.55.39.146 - - [24/Jul/2017:10:11:56 -0700] "GET /self.logs/access.log.2015-03-03.gz HTTP/1.1" 200 2870 "-" "Mozilla/5.0 (compatible; bingbot/2.0; +http://www.bing.com/bingbot.htm)" 
52.168.161.70 - - [24/Jul/2017:10:12:48 -0700] "HEAD / HTTP/1.1" 301 253 "https://www.google.com/" "Mozilla/5.0 (compatible; epicbot; +http://www.epictions.com/epicbot)" 
52.168.161.70 - - [24/Jul/2017:10:12:50 -0700] "HEAD / HTTP/1.1" 301 253 "https://www.google.com/" "Mozilla/5.0 (compatible; epicbot; +http://www.epictions.com/epicbot)" 
52.168.161.70 - - [24/Jul/2017:10:12:50 -0700] "HEAD / HTTP/1.1" 301 253 "https://www.google.com/" "Mozilla/5.0 (compatible; epicbot; +http://www.epictions.com/epicbot)" 
157.55.39.194 - - [24/Jul/2017:10:13:21 -0700] "GET /maccdc2012/ssh.log.gz HTTP/1.1" 200 182517 "-" "Mozilla/5.0 (compatible; bingbot/2.0; +http://www.bing.com/bingbot.htm)" 
157.55.39.194 - - [24/Jul/2017:10:14:44 -0700] "GET /self.logs/access.log.2016-02-21.gz HTTP/1.1" 200 7999 "-" "Mozilla/5.0 (compatible; bingbot/2.0; +http://www.bing.com/bingbot.htm)" 
207.46.13.109 - - [24/Jul/2017:10:15:15 -0700] "GET /self.logs/access.log.2015-04-04.gz HTTP/1.1" 200 5354 "-" "Mozilla/5.0 (compatible; bingbot/2.0; +http://www.bing.com/bingbot.htm)" 
207.46.13.109 - - [24/Jul/2017:10:17:20 -0700] "GET /self.logs/access.log.2017-03-26.gz HTTP/1.1" 200 14258 "-" "Mozilla/5.0 (compatible; bingbot/2.0; +http://www.bing.com/bingbot.htm)" 
157.55.39.217 - - [24/Jul/2017:10:18:45 -0700] "GET /self.logs/access.log.2015-09-18.gz HTTP/1.1" 200 3863 "-" "Mozilla/5.0 (compatible; bingbot/2.0; +http://www.bing.com/bingbot.htm)" 
157.55.39.146 - - [24/Jul/2017:10:21:11 -0700] "GET /self.logs/access.log.2015-06-16.gz HTTP/1.1" 200 9134 "-" "Mozilla/5.0 (compatible; bingbot/2.0; +http://www.bing.com/bingbot.htm)" 
52.168.161.70 - - [24/Jul/2017:10:24:02 -0700] "HEAD / HTTP/1.1" 301 253 "https://www.google.com/" "Mozilla/5.0 (compatible; epicbot; +http://www.epictions.com/epicbot)" 
52.168.161.70 - - [24/Jul/2017:10:24:02 -0700] "HEAD / HTTP/1.1" 301 253 "https://www.google.com/" "Mozilla/5.0 (compatible; epicbot; +http://www.epictions.com/epicbot)" 
52.168.161.70 - - [24/Jul/2017:10:24:02 -0700] "HEAD / HTTP/1.1" 301 253 "https://www.google.com/" "Mozilla/5.0 (compatible; epicbot; +http://www.epictions.com/epicbot)" 
52.168.161.70 - - [24/Jul/2017:10:24:02 -0700] "HEAD / HTTP/1.1" 301 253 "https://www.google.com/" "Mozilla/5.0 (compatible; epicbot; +http://www.epictions.com/epicbot)" 
52.168.161.70 - - [24/Jul/2017:10:24:02 -0700] "HEAD / HTTP/1.1" 301 253 "https://www.google.com/" "Mozilla/5.0 (compatible; epicbot; +http://www.epictions.com/epicbot)" 
52.168.161.70 - - [24/Jul/2017:10:24:04 -0700] "HEAD / HTTP/1.1" 301 253 "https://www.google.com/" "Mozilla/5.0 (compatible; epicbot; +http://www.epictions.com/epicbot)" 
52.168.161.70 - - [24/Jul/2017:10:24:04 -0700] "HEAD / HTTP/1.1" 301 253 "https://www.google.com/" "Mozilla/5.0 (compatible; epicbot; +http://www.epictions.com/epicbot)" 
52.168.161.70 - - [24/Jul/2017:10:24:04 -0700] "HEAD / HTTP/1.1" 301 253 "https://www.google.com/" "Mozilla/5.0 (compatible; epicbot; +http://www.epictions.com/epicbot)" 
52.168.161.70 - - [24/Jul/2017:10:24:04 -0700] "HEAD / HTTP/1.1" 301 253 "https://www.google.com/" "Mozilla/5.0 (compatible; epicbot; +http://www.epictions.com/epicbot)" 
52.168.161.70 - - [24/Jul/2017:10:24:04 -0700] "HEAD / HTTP/1.1" 301 253 "https://www.google.com/" "Mozilla/5.0 (compatible; epicbot; +http://www.epictions.com/epicbot)" 
52.168.161.70 - - [24/Jul/2017:10:24:04 -0700] "HEAD / HTTP/1.1" 301 253 "https://www.google.com/" "Mozilla/5.0 (compatible; epicbot; +http://www.epictions.com/epicbot)" 
52.168.161.70 - - [24/Jul/2017:10:24:04 -0700] "HEAD / HTTP/1.1" 301 253 "https://www.google.com/" "Mozilla/5.0 (compatible; epicbot; +http://www.epictions.com/epicbot)" 
52.168.161.70 - - [24/Jul/2017:10:24:04 -0700] "HEAD / HTTP/1.1" 301 253 "https://www.google.com/" "Mozilla/5.0 (compatible; epicbot; +http://www.epictions.com/epicbot)" 
52.168.161.70 - - [24/Jul/2017:10:24:05 -0700] "HEAD / HTTP/1.1" 301 253 "https://www.google.com/" "Mozilla/5.0 (compatible; epicbot; +http://www.epictions.com/epicbot)" 
52.168.161.70 - - [24/Jul/2017:10:24:05 -0700] "HEAD / HTTP/1.1" 301 253 "https://www.google.com/" "Mozilla/5.0 (compatible; epicbot; +http://www.epictions.com/epicbot)" 
157.55.39.217 - - [24/Jul/2017:10:24:54 -0700] "GET /self.logs/access.log.2015-07-17.gz HTTP/1.1" 200 4646 "-" "Mozilla/5.0 (compatible; bingbot/2.0; +http://www.bing.com/bingbot.htm)" 
113.252.129.133 - - [24/Jul/2017:10:25:23 -0700] "GET /honeypot/Honeypot%20-%20Howto.pdf HTTP/1.0" 200 1279381 "http://www.secrepo.com/" "Mozilla/5.0 (Macintosh; Intel Mac OS X 10_10_1) AppleWebKit/537.36 (KHTML, like Gecko) Chrome/39.0.2171.99 Safari/537.36" 
157.55.39.146 - - [24/Jul/2017:10:25:17 -0700] "GET /maccdc2012/dns.log.gz HTTP/1.1" 200 6629420 "-" "Mozilla/5.0 (compatible; bingbot/2.0; +http://www.bing.com/bingbot.htm)" 
218.189.123.36 - - [24/Jul/2017:10:25:58 -0700] "HEAD /honeypot/Honeypot%20-%20Howto.pdf HTTP/1.1" 200 226 "-" "-" 
218.189.123.36 - - [24/Jul/2017:10:25:59 -0700] "GET /honeypot/Honeypot%20-%20Howto.pdf HTTP/1.1" 200 48180 "-" "-" 
218.189.123.36 - - [24/Jul/2017:10:25:59 -0700] "GET /honeypot/Honeypot%20-%20Howto.pdf HTTP/1.1" 206 48180 "-" "-" 
218.189.123.36 - - [24/Jul/2017:10:26:00 -0700] "GET /honeypot/Honeypot%20-%20Howto.pdf HTTP/1.1" 206 36500 "-" "-" 
157.55.39.194 - - [24/Jul/2017:10:26:11 -0700] "GET /self.logs/access.log.2015-07-24.gz HTTP/1.1" 200 4143 "-" "Mozilla/5.0 (compatible; bingbot/2.0; +http://www.bing.com/bingbot.htm)" 
183.128.133.27 - - [24/Jul/2017:10:24:37 -0700] "GET /honeypot/Honeypot%20-%20Howto.pdf HTTP/1.1" 200 1274400 "http://www.secrepo.com/" "Mozilla/5.0 (Windows NT 10.0) AppleWebKit/537.36 (KHTML, like Gecko) Chrome/59.0.3071.115 Safari/537.36" 
115.186.170.219 - - [24/Jul/2017:10:26:56 -0700] "GET / HTTP/1.1" 200 10794 "-" "Mozilla/5.0 (Windows NT 10.0; Win64; x64) AppleWebKit/537.36 (KHTML, like Gecko) Chrome/59.0.3071.115 Safari/537.36" 
115.186.170.219 - - [24/Jul/2017:10:26:57 -0700] "GET /twitter-icon.png HTTP/1.1" 200 27787 "http://www.secrepo.com/" "Mozilla/5.0 (Windows NT 10.0; Win64; x64) AppleWebKit/537.36 (KHTML, like Gecko) Chrome/59.0.3071.115 Safari/537.36" 
115.186.170.219 - - [24/Jul/2017:10:26:57 -0700] "GET /GitHub-Mark.png HTTP/1.1" 200 7428 "http://www.secrepo.com/" "Mozilla/5.0 (Windows NT 10.0; Win64; x64) AppleWebKit/537.36 (KHTML, like Gecko) Chrome/59.0.3071.115 Safari/537.36" 
115.186.170.219 - - [24/Jul/2017:10:27:03 -0700] "GET /bootstrap/img/favicon.ico HTTP/1.1" 200 590 "http://www.secrepo.com/" "Mozilla/5.0 (Windows NT 10.0; Win64; x64) AppleWebKit/537.36 (KHTML, like Gecko) Chrome/59.0.3071.115 Safari/537.36" 
157.55.39.194 - - [24/Jul/2017:10:27:15 -0700] "GET /self.logs/access.log.2016-03-18.gz HTTP/1.1" 200 12825 "-" "Mozilla/5.0 (compatible; bingbot/2.0; +http://www.bing.com/bingbot.htm)" 
157.55.39.194 - - [24/Jul/2017:10:27:15 -0700] "GET /self.logs/access.log.2016-01-11.gz HTTP/1.1" 200 6578 "-" "Mozilla/5.0 (compatible; bingbot/2.0; +http://www.bing.com/bingbot.htm)" 
157.55.39.194 - - [24/Jul/2017:10:27:44 -0700] "GET /self.logs/access.log.2016-01-30.gz HTTP/1.1" 200 34310 "-" "Mozilla/5.0 (compatible; bingbot/2.0; +http://www.bing.com/bingbot.htm)" 
157.55.39.194 - - [24/Jul/2017:10:29:46 -0700] "GET /self.logs/access.log.2015-05-23.gz HTTP/1.1" 200 3874 "-" "Mozilla/5.0 (compatible; bingbot/2.0; +http://www.bing.com/bingbot.htm)" 
52.168.161.70 - - [24/Jul/2017:10:30:06 -0700] "HEAD / HTTP/1.1" 200 282 "https://www.google.com/" "Mozilla/5.0 (compatible; epicbot; +http://www.epictions.com/epicbot)" 
52.168.161.70 - - [24/Jul/2017:10:30:08 -0700] "HEAD / HTTP/1.1" 200 282 "https://www.google.com/" "Mozilla/5.0 (compatible; epicbot; +http://www.epictions.com/epicbot)" 
52.168.161.70 - - [24/Jul/2017:10:30:08 -0700] "HEAD / HTTP/1.1" 200 282 "https://www.google.com/" "Mozilla/5.0 (compatible; epicbot; +http://www.epictions.com/epicbot)" 
207.46.13.109 - - [24/Jul/2017:10:30:36 -0700] "GET /self.logs/access.log.2015-05-20.gz HTTP/1.1" 200 4901 "-" "Mozilla/5.0 (compatible; bingbot/2.0; +http://www.bing.com/bingbot.htm)" 
120.192.95.88 - - [24/Jul/2017:10:30:36 -0700] "GET /maccdc2012/maccdc2012_full_alert.7z HTTP/1.1" 304 132 "-" "Mozilla/5.0 Gecko/20100115 Firefox/3.6" 
207.46.13.109 - - [24/Jul/2017:10:30:55 -0700] "GET /self.logs/access.log.2015-03-11.gz HTTP/1.1" 200 2460 "-" "Mozilla/5.0 (compatible; bingbot/2.0; +http://www.bing.com/bingbot.htm)" 
157.55.39.146 - - [24/Jul/2017:10:31:09 -0700] "GET /self.logs/access.log.2015-06-23.gz HTTP/1.1" 200 4585 "-" "Mozilla/5.0 (compatible; bingbot/2.0; +http://www.bing.com/bingbot.htm)" 
157.55.39.146 - - [24/Jul/2017:10:31:10 -0700] "GET /self.logs/access.log.2017-06-21.gz HTTP/1.1" 200 25198 "-" "Mozilla/5.0 (compatible; bingbot/2.0; +http://www.bing.com/bingbot.htm)" 
157.55.39.217 - - [24/Jul/2017:10:31:13 -0700] "GET /self.logs/access.log.2016-06-30.gz HTTP/1.1" 200 9235 "-" "Mozilla/5.0 (compatible; bingbot/2.0; +http://www.bing.com/bingbot.htm)" 
157.55.39.194 - - [24/Jul/2017:10:31:20 -0700] "GET /self.logs/access.log.2017-03-25.gz HTTP/1.1" 200 13554 "-" "Mozilla/5.0 (compatible; bingbot/2.0; +http://www.bing.com/bingbot.htm)" 
157.55.39.217 - - [24/Jul/2017:10:31:57 -0700] "GET /self.logs/access.log.2016-11-05.gz HTTP/1.1" 200 5956 "-" "Mozilla/5.0 (compatible; bingbot/2.0; +http://www.bing.com/bingbot.htm)" 
169.48.73.110 - - [24/Jul/2017:10:32:45 -0700] "GET /squid/access.log.gz HTTP/1.1" 200 23177266 "-" "Mozilla/5.0 (Macintosh; Intel Mac OS X 10_12_5) AppleWebKit/537.36 (KHTML, like Gecko) Chrome/55.0.2883.95 Safari/537.36" 
157.55.39.146 - - [24/Jul/2017:10:33:55 -0700] "GET /self.logs/access.log.2016-08-09.gz HTTP/1.1" 200 6736 "-" "Mozilla/5.0 (compatible; bingbot/2.0; +http://www.bing.com/bingbot.htm)" 
161.208.26.34 - - [24/Jul/2017:10:35:01 -0700] "GET / HTTP/1.1" 200 10794 "-" "Mozilla/5.0 (Windows NT 10.0; Win64; x64) AppleWebKit/537.36 (KHTML, like Gecko) Chrome/59.0.3071.115 Safari/537.36" 
161.208.26.34 - - [24/Jul/2017:10:35:01 -0700] "GET /GitHub-Mark.png HTTP/1.1" 200 7428 "http://www.secrepo.com/" "Mozilla/5.0 (Windows NT 10.0; Win64; x64) AppleWebKit/537.36 (KHTML, like Gecko) Chrome/59.0.3071.115 Safari/537.36" 
161.208.26.34 - - [24/Jul/2017:10:35:01 -0700] "GET /twitter-icon.png HTTP/1.1" 200 27787 "http://www.secrepo.com/" "Mozilla/5.0 (Windows NT 10.0; Win64; x64) AppleWebKit/537.36 (KHTML, like Gecko) Chrome/59.0.3071.115 Safari/537.36" 
161.208.26.34 - - [24/Jul/2017:10:35:02 -0700] "GET /bootstrap/img/favicon.ico HTTP/1.1" 200 589 "http://www.secrepo.com/" "Mozilla/5.0 (Windows NT 10.0; Win64; x64) AppleWebKit/537.36 (KHTML, like Gecko) Chrome/59.0.3071.115 Safari/537.36" 
207.46.13.109 - - [24/Jul/2017:10:35:04 -0700] "GET /self.logs/access.log.2016-12-24.gz HTTP/1.1" 200 7709 "-" "Mozilla/5.0 (compatible; bingbot/2.0; +http://www.bing.com/bingbot.htm)" 
157.55.39.194 - - [24/Jul/2017:10:37:58 -0700] "GET /self.logs/access.log.2016-06-19.gz HTTP/1.1" 200 5854 "-" "Mozilla/5.0 (compatible; bingbot/2.0; +http://www.bing.com/bingbot.htm)" 
207.46.13.109 - - [24/Jul/2017:10:39:15 -0700] "GET /self.logs/access.log.2015-06-25.gz HTTP/1.1" 200 3829 "-" "Mozilla/5.0 (compatible; bingbot/2.0; +http://www.bing.com/bingbot.htm)" 
207.46.13.109 - - [24/Jul/2017:10:41:11 -0700] "GET /self.logs/access.log.2015-11-03.gz HTTP/1.1" 200 7224 "-" "Mozilla/5.0 (compatible; bingbot/2.0; +http://www.bing.com/bingbot.htm)" 
207.46.13.109 - - [24/Jul/2017:10:41:45 -0700] "GET /self.logs/access.log.2016-01-12.gz HTTP/1.1" 200 7484 "-" "Mozilla/5.0 (compatible; bingbot/2.0; +http://www.bing.com/bingbot.htm)" 
157.55.39.146 - - [24/Jul/2017:10:41:53 -0700] "GET /self.logs/access.log.2017-05-23.gz HTTP/1.1" 200 19658 "-" "Mozilla/5.0 (compatible; bingbot/2.0; +http://www.bing.com/bingbot.htm)" 
51.255.65.54 - - [24/Jul/2017:10:42:55 -0700] "GET /self.logs/access.log.2015-05-27.gz HTTP/1.1" 200 3408 "-" "Mozilla/5.0 (compatible; AhrefsBot/5.2; +http://ahrefs.com/robot/)" 
157.55.39.146 - - [24/Jul/2017:10:43:45 -0700] "GET /self.logs/access.log.2015-05-13.gz HTTP/1.1" 200 7844 "-" "Mozilla/5.0 (compatible; bingbot/2.0; +http://www.bing.com/bingbot.htm)" 
207.46.13.109 - - [24/Jul/2017:10:43:49 -0700] "GET /self.logs/access.log.2016-07-02.gz HTTP/1.1" 200 5661 "-" "Mozilla/5.0 (compatible; bingbot/2.0; +http://www.bing.com/bingbot.htm)" 
157.55.39.194 - - [24/Jul/2017:10:44:26 -0700] "GET /self.logs/access.log.2016-03-02.gz HTTP/1.1" 200 8485 "-" "Mozilla/5.0 (compatible; bingbot/2.0; +http://www.bing.com/bingbot.htm)" 
157.55.39.194 - - [24/Jul/2017:10:44:52 -0700] "GET /self.logs/access.log.2015-10-18.gz HTTP/1.1" 200 4413 "-" "Mozilla/5.0 (compatible; bingbot/2.0; +http://www.bing.com/bingbot.htm)" 
157.55.39.146 - - [24/Jul/2017:10:45:15 -0700] "GET /self.logs/access.log.2015-12-09.gz HTTP/1.1" 200 7726 "-" "Mozilla/5.0 (compatible; bingbot/2.0; +http://www.bing.com/bingbot.htm)" 
12.111.81.80 - - [24/Jul/2017:10:46:44 -0700] "GET / HTTP/1.1" 200 10794 "-" "Mozilla/5.0 (Windows NT 6.1; Win64; x64) AppleWebKit/537.36 (KHTML, like Gecko) Chrome/59.0.3071.115 Safari/537.36" 
12.111.81.80 - - [24/Jul/2017:10:46:45 -0700] "GET /twitter-icon.png HTTP/1.1" 200 27787 "http://www.secrepo.com/" "Mozilla/5.0 (Windows NT 6.1; Win64; x64) AppleWebKit/537.36 (KHTML, like Gecko) Chrome/59.0.3071.115 Safari/537.36" 
12.111.81.80 - - [24/Jul/2017:10:46:45 -0700] "GET /GitHub-Mark.png HTTP/1.1" 200 7428 "http://www.secrepo.com/" "Mozilla/5.0 (Windows NT 6.1; Win64; x64) AppleWebKit/537.36 (KHTML, like Gecko) Chrome/59.0.3071.115 Safari/537.36" 
12.111.81.80 - - [24/Jul/2017:10:46:46 -0700] "GET /bootstrap/img/favicon.ico HTTP/1.1" 200 589 "http://www.secrepo.com/" "Mozilla/5.0 (Windows NT 6.1; Win64; x64) AppleWebKit/537.36 (KHTML, like Gecko) Chrome/59.0.3071.115 Safari/537.36" 
157.55.39.146 - - [24/Jul/2017:10:47:31 -0700] "GET /self.logs/access.log.2015-02-20.gz HTTP/1.1" 200 14466 "-" "Mozilla/5.0 (compatible; bingbot/2.0; +http://www.bing.com/bingbot.htm)" 
157.55.39.146 - - [24/Jul/2017:10:51:45 -0700] "GET /self.logs/access.log.2016-02-18.gz HTTP/1.1" 200 9824 "-" "Mozilla/5.0 (compatible; bingbot/2.0; +http://www.bing.com/bingbot.htm)" 
157.55.39.217 - - [24/Jul/2017:10:51:59 -0700] "GET /self.logs/access.log.2016-01-22.gz HTTP/1.1" 200 5675 "-" "Mozilla/5.0 (compatible; bingbot/2.0; +http://www.bing.com/bingbot.htm)" 
191.103.50.111 - - [24/Jul/2017:10:55:11 -0700] "GET /honeypot/Honeypot%20-%20Howto.pdf HTTP/1.1" 200 1279418 "http://www.secrepo.com/" "Mozilla/5.0 (Macintosh; Intel Mac OS X 10_10_1) AppleWebKit/537.36 (KHTML, like Gecko) Chrome/39.0.2171.99 Safari/537.36" 
157.55.39.194 - - [24/Jul/2017:10:55:40 -0700] "GET /self.logs/access.log.2015-02-25.gz HTTP/1.1" 200 2797 "-" "Mozilla/5.0 (compatible; bingbot/2.0; +http://www.bing.com/bingbot.htm)" 
157.55.39.146 - - [24/Jul/2017:10:57:19 -0700] "GET /self.logs/access.log.2016-01-26.gz HTTP/1.1" 200 5583 "-" "Mozilla/5.0 (compatible; bingbot/2.0; +http://www.bing.com/bingbot.htm)" 
216.244.66.250 - - [24/Jul/2017:10:57:50 -0700] "GET /self.logs/?C=M;O=D HTTP/1.1" 200 176067 "-" "Mozilla/5.0 (compatible; DotBot/1.1; http://www.opensiteexplorer.org/dotbot, help@moz.com)" 
157.55.39.217 - - [24/Jul/2017:10:58:14 -0700] "GET /self.logs/access.log.2015-11-29.gz HTTP/1.1" 200 5520 "-" "Mozilla/5.0 (compatible; bingbot/2.0; +http://www.bing.com/bingbot.htm)" 
157.55.39.194 - - [24/Jul/2017:10:59:55 -0700] "GET /self.logs/access.log.2015-10-11.gz HTTP/1.1" 200 4386 "-" "Mozilla/5.0 (compatible; bingbot/2.0; +http://www.bing.com/bingbot.htm)" 
157.55.39.217 - - [24/Jul/2017:11:00:05 -0700] "GET /self.logs/access.log.2015-08-13.gz HTTP/1.1" 200 4659 "-" "Mozilla/5.0 (compatible; bingbot/2.0; +http://www.bing.com/bingbot.htm)" 
157.55.39.194 - - [24/Jul/2017:11:01:23 -0700] "GET /self.logs/access.log.2016-02-14.gz HTTP/1.1" 200 12683 "-" "Mozilla/5.0 (compatible; bingbot/2.0; +http://www.bing.com/bingbot.htm)" 
217.182.132.14 - - [24/Jul/2017:11:01:26 -0700] "GET /self.logs/error.log.2016-04-05.gz HTTP/1.1" 200 1383 "-" "Mozilla/5.0 (compatible; AhrefsBot/5.2; +http://ahrefs.com/robot/)" 
207.46.13.109 - - [24/Jul/2017:11:03:16 -0700] "GET /self.logs/access.log.2015-11-04.gz HTTP/1.1" 200 5925 "-" "Mozilla/5.0 (compatible; bingbot/2.0; +http://www.bing.com/bingbot.htm)" 
207.46.13.109 - - [24/Jul/2017:11:03:37 -0700] "GET /self.logs/access.log.2016-09-22.gz HTTP/1.1" 200 8078 "-" "Mozilla/5.0 (compatible; bingbot/2.0; +http://www.bing.com/bingbot.htm)" 
157.55.39.217 - - [24/Jul/2017:11:03:51 -0700] "GET /self.logs/access.log.2016-05-13.gz HTTP/1.1" 200 13570 "-" "Mozilla/5.0 (compatible; bingbot/2.0; +http://www.bing.com/bingbot.htm)" 
196.46.252.98 - - [24/Jul/2017:11:04:47 -0700] "GET /wp-login.php HTTP/1.1" 404 295 "-" "Mozilla/5.0 (Windows NT 6.1; WOW64; rv:40.0) Gecko/20100101 Firefox/40.1" 
196.46.252.98 - - [24/Jul/2017:11:04:52 -0700] "GET /wp-login.php HTTP/1.1" 404 295 "-" "Mozilla/5.0 (Windows NT 6.1; WOW64; rv:40.0) Gecko/20100101 Firefox/40.1" 
196.46.252.98 - - [24/Jul/2017:11:04:58 -0700] "GET / HTTP/1.1" 200 36476 "-" "Mozilla/5.0 (Windows NT 6.1; WOW64; rv:40.0) Gecko/20100101 Firefox/40.1" 
217.182.132.170 - - [24/Jul/2017:11:06:21 -0700] "GET /self.logs/error.log.2015-06-22.gz HTTP/1.1" 200 2782 "-" "Mozilla/5.0 (compatible; AhrefsBot/5.2; +http://ahrefs.com/robot/)" 
157.55.39.194 - - [24/Jul/2017:11:07:13 -0700] "GET /self.logs/access.log.2015-02-17.gz HTTP/1.1" 200 11275 "-" "Mozilla/5.0 (compatible; bingbot/2.0; +http://www.bing.com/bingbot.htm)" 
196.46.252.98 - - [24/Jul/2017:11:07:59 -0700] "GET /wp-login.php HTTP/1.1" 301 522 "-" "Mozilla/5.0 (Windows NT 6.1; WOW64; rv:40.0) Gecko/20100101 Firefox/40.1" 
196.46.252.98 - - [24/Jul/2017:11:08:01 -0700] "GET /wp-login.php HTTP/1.1" 404 295 "-" "Mozilla/5.0 (Windows NT 6.1; WOW64; rv:40.0) Gecko/20100101 Firefox/40.1" 
196.46.252.98 - - [24/Jul/2017:11:08:07 -0700] "GET /wp-login.php HTTP/1.1" 301 522 "-" "Mozilla/5.0 (Windows NT 6.1; WOW64; rv:40.0) Gecko/20100101 Firefox/40.1" 
196.46.252.98 - - [24/Jul/2017:11:08:09 -0700] "GET /wp-login.php HTTP/1.1" 404 295 "-" "Mozilla/5.0 (Windows NT 6.1; WOW64; rv:40.0) Gecko/20100101 Firefox/40.1" 
196.46.252.98 - - [24/Jul/2017:11:08:14 -0700] "GET / HTTP/1.1" 301 498 "-" "Mozilla/5.0 (Windows NT 6.1; WOW64; rv:40.0) Gecko/20100101 Firefox/40.1" 
196.46.252.98 - - [24/Jul/2017:11:08:15 -0700] "GET / HTTP/1.1" 200 36476 "-" "Mozilla/5.0 (Windows NT 6.1; WOW64; rv:40.0) Gecko/20100101 Firefox/40.1" 
207.46.13.109 - - [24/Jul/2017:11:09:13 -0700] "GET /self.logs/access.log.2015-07-08.gz HTTP/1.1" 200 4729 "-" "Mozilla/5.0 (compatible; bingbot/2.0; +http://www.bing.com/bingbot.htm)" 
157.55.39.146 - - [24/Jul/2017:11:09:20 -0700] "GET /self.logs/access.log.2016-09-16.gz HTTP/1.1" 200 7879 "-" "Mozilla/5.0 (compatible; bingbot/2.0; +http://www.bing.com/bingbot.htm)" 
157.55.39.194 - - [24/Jul/2017:11:09:24 -0700] "GET /self.logs/access.log.2017-01-22.gz HTTP/1.1" 200 12427 "-" "Mozilla/5.0 (compatible; bingbot/2.0; +http://www.bing.com/bingbot.htm)" 
157.55.39.146 - - [24/Jul/2017:11:13:21 -0700] "GET /self.logs/access.log.2015-10-26.gz HTTP/1.1" 200 6424 "-" "Mozilla/5.0 (compatible; bingbot/2.0; +http://www.bing.com/bingbot.htm)" 
207.46.13.109 - - [24/Jul/2017:11:15:36 -0700] "GET /self.logs/access.log.2016-08-20.gz HTTP/1.1" 200 6147 "-" "Mozilla/5.0 (compatible; bingbot/2.0; +http://www.bing.com/bingbot.htm)" 
207.46.13.109 - - [24/Jul/2017:11:19:50 -0700] "GET /self.logs/access.log.2017-02-23.gz HTTP/1.1" 200 20686 "-" "Mozilla/5.0 (compatible; bingbot/2.0; +http://www.bing.com/bingbot.htm)" 
157.55.39.194 - - [24/Jul/2017:11:19:59 -0700] "GET /self.logs/access.log.2015-07-16.gz HTTP/1.1" 200 7290 "-" "Mozilla/5.0 (compatible; bingbot/2.0; +http://www.bing.com/bingbot.htm)" 
157.55.39.217 - - [24/Jul/2017:11:20:23 -0700] "GET /self.logs/access.log.2016-06-24.gz HTTP/1.1" 200 8838 "-" "Mozilla/5.0 (compatible; bingbot/2.0; +http://www.bing.com/bingbot.htm)" 
192.240.199.106 - - [24/Jul/2017:11:20:44 -0700] "GET /honeypot/Honeypot%20-%20Howto%20-%20BSides%20Austin.pdf HTTP/1.0" 200 1908220 "http://www.secrepo.com/" "Mozilla/5.0 (Windows NT 10.0) AppleWebKit/537.36 (KHTML, like Gecko) Chrome/59.0.3071.115 Safari/537.36" 
157.55.39.194 - - [24/Jul/2017:11:21:33 -0700] "GET /self.logs/access.log.2015-07-02.gz HTTP/1.1" 200 4045 "-" "Mozilla/5.0 (compatible; bingbot/2.0; +http://www.bing.com/bingbot.htm)" 
157.55.39.217 - - [24/Jul/2017:11:22:29 -0700] "GET /self.logs/access.log.2015-03-21.gz HTTP/1.1" 200 2934 "-" "Mozilla/5.0 (compatible; bingbot/2.0; +http://www.bing.com/bingbot.htm)" 
157.55.39.146 - - [24/Jul/2017:11:24:00 -0700] "GET /self.logs/access.log.2015-09-15.gz HTTP/1.1" 200 4876 "-" "Mozilla/5.0 (compatible; bingbot/2.0; +http://www.bing.com/bingbot.htm)" 
207.46.13.109 - - [24/Jul/2017:11:24:52 -0700] "GET /self.logs/access.log.2017-05-04.gz HTTP/1.1" 200 29962 "-" "Mozilla/5.0 (compatible; bingbot/2.0; +http://www.bing.com/bingbot.htm)" 
157.55.39.194 - - [24/Jul/2017:11:25:33 -0700] "GET /self.logs/access.log.2016-05-01.gz HTTP/1.1" 200 10072 "-" "Mozilla/5.0 (compatible; bingbot/2.0; +http://www.bing.com/bingbot.htm)" 
157.55.39.194 - - [24/Jul/2017:11:25:55 -0700] "GET /self.logs/access.log.2016-08-24.gz HTTP/1.1" 200 7487 "-" "Mozilla/5.0 (compatible; bingbot/2.0; +http://www.bing.com/bingbot.htm)" 
207.46.13.109 - - [24/Jul/2017:11:26:02 -0700] "GET /self.logs/access.log.2017-03-09.gz HTTP/1.1" 200 22775 "-" "Mozilla/5.0 (compatible; bingbot/2.0; +http://www.bing.com/bingbot.htm)" 
207.46.13.109 - - [24/Jul/2017:11:26:03 -0700] "GET /self.logs/access.log.2016-08-27.gz HTTP/1.1" 200 7129 "-" "Mozilla/5.0 (compatible; bingbot/2.0; +http://www.bing.com/bingbot.htm)" 
207.46.13.109 - - [24/Jul/2017:11:27:43 -0700] "GET /self.logs/access.log.2016-07-18.gz HTTP/1.1" 200 8367 "-" "Mozilla/5.0 (compatible; bingbot/2.0; +http://www.bing.com/bingbot.htm)" 
151.62.75.32 - - [24/Jul/2017:11:27:59 -0700] "GET /wp-login.php HTTP/1.1" 404 295 "-" "Mozilla/5.0 (Windows NT 6.1; WOW64; rv:40.0) Gecko/20100101 Firefox/40.1" 
151.62.75.32 - - [24/Jul/2017:11:28:05 -0700] "GET /wp-login.php HTTP/1.1" 404 295 "-" "Mozilla/5.0 (Windows NT 6.1; WOW64; rv:40.0) Gecko/20100101 Firefox/40.1" 
38.142.77.210 - - [24/Jul/2017:11:28:05 -0700] "GET / HTTP/1.1" 200 10794 "https://www.google.com/" "Mozilla/5.0 (X11; Linux x86_64) AppleWebKit/537.36 (KHTML, like Gecko) Chrome/57.0.2987.110 Safari/537.36" 
38.142.77.210 - - [24/Jul/2017:11:28:05 -0700] "GET /twitter-icon.png HTTP/1.1" 200 27787 "http://www.secrepo.com/" "Mozilla/5.0 (X11; Linux x86_64) AppleWebKit/537.36 (KHTML, like Gecko) Chrome/57.0.2987.110 Safari/537.36" 
38.142.77.210 - - [24/Jul/2017:11:28:06 -0700] "GET /GitHub-Mark.png HTTP/1.1" 200 7428 "http://www.secrepo.com/" "Mozilla/5.0 (X11; Linux x86_64) AppleWebKit/537.36 (KHTML, like Gecko) Chrome/57.0.2987.110 Safari/537.36" 
38.142.77.210 - - [24/Jul/2017:11:28:06 -0700] "GET /bootstrap/img/favicon.ico HTTP/1.1" 200 589 "http://www.secrepo.com/" "Mozilla/5.0 (X11; Linux x86_64) AppleWebKit/537.36 (KHTML, like Gecko) Chrome/57.0.2987.110 Safari/537.36" 
151.62.75.32 - - [24/Jul/2017:11:28:10 -0700] "GET / HTTP/1.1" 200 36476 "-" "Mozilla/5.0 (Windows NT 6.1; WOW64; rv:40.0) Gecko/20100101 Firefox/40.1" 
157.55.39.217 - - [24/Jul/2017:11:28:22 -0700] "GET /self.logs/access.log.2017-03-24.gz HTTP/1.1" 200 22908 "-" "Mozilla/5.0 (compatible; bingbot/2.0; +http://www.bing.com/bingbot.htm)" 
38.142.77.210 - - [24/Jul/2017:11:28:29 -0700] "GET / HTTP/1.1" 200 10794 "https://www.google.com/" "Mozilla/5.0 (Windows NT 10.0; WOW64; rv:54.0) Gecko/20100101 Firefox/54.0" 
