192.243.55.138 - - [21/Apr/2016:11:56:13 -0700] "GET /self.logs/error.log.2015-04-29.gz HTTP/1.1" 200 1722 "-" "Mozilla/5.0 (compatible; SemrushBot/1~bl; +http://www.semrush.com/bot.html)" 
192.243.55.130 - - [21/Apr/2016:11:56:44 -0700] "GET /self.logs/error.log.2015-09-12.gz HTTP/1.1" 200 578 "-" "Mozilla/5.0 (compatible; SemrushBot/1~bl; +http://www.semrush.com/bot.html)" 
192.243.55.132 - - [21/Apr/2016:11:57:22 -0700] "GET /self.logs/access.log.2015-11-21.gz HTTP/1.1" 200 5379 "-" "Mozilla/5.0 (compatible; SemrushBot/1~bl; +http://www.semrush.com/bot.html)" 
192.243.55.138 - - [21/Apr/2016:11:57:50 -0700] "GET /self.logs/access.log.2015-05-26.gz HTTP/1.1" 200 4392 "-" "Mozilla/5.0 (compatible; SemrushBot/1~bl; +http://www.semrush.com/bot.html)" 
192.243.55.138 - - [21/Apr/2016:11:58:16 -0700] "GET /self.logs/error.log.2015-04-06.gz HTTP/1.1" 200 629 "-" "Mozilla/5.0 (compatible; SemrushBot/1~bl; +http://www.semrush.com/bot.html)" 
192.243.55.132 - - [21/Apr/2016:11:58:47 -0700] "GET /self.logs/error.log.2015-07-14.gz HTTP/1.1" 200 615 "-" "Mozilla/5.0 (compatible; SemrushBot/1~bl; +http://www.semrush.com/bot.html)" 
192.243.55.129 - - [21/Apr/2016:11:59:18 -0700] "GET /self.logs/error.log.2015-10-01.gz HTTP/1.1" 200 757 "-" "Mozilla/5.0 (compatible; SemrushBot/1~bl; +http://www.semrush.com/bot.html)" 
192.243.55.129 - - [21/Apr/2016:11:59:47 -0700] "GET /self.logs/error.log.2015-01-30.gz HTTP/1.1" 200 561 "-" "Mozilla/5.0 (compatible; SemrushBot/1~bl; +http://www.semrush.com/bot.html)" 
192.243.55.131 - - [21/Apr/2016:12:00:23 -0700] "GET /self.logs/error.log.2016-01-16.gz HTTP/1.1" 200 687 "-" "Mozilla/5.0 (compatible; SemrushBot/1~bl; +http://www.semrush.com/bot.html)" 
192.243.55.138 - - [21/Apr/2016:12:00:51 -0700] "GET /self.logs/access.log.2015-05-09.gz HTTP/1.1" 200 2819 "-" "Mozilla/5.0 (compatible; SemrushBot/1~bl; +http://www.semrush.com/bot.html)" 
192.243.55.130 - - [21/Apr/2016:12:01:23 -0700] "GET /self.logs/error.log.2015-02-22.gz HTTP/1.1" 200 4367 "-" "Mozilla/5.0 (compatible; SemrushBot/1~bl; +http://www.semrush.com/bot.html)" 
192.243.55.137 - - [21/Apr/2016:12:01:51 -0700] "GET /self.logs/error.log.2016-02-04.gz HTTP/1.1" 200 871 "-" "Mozilla/5.0 (compatible; SemrushBot/1~bl; +http://www.semrush.com/bot.html)" 
66.249.64.18 - - [21/Apr/2016:12:02:06 -0700] "GET / HTTP/1.1" 200 8801 "-" "Mozilla/5.0 (compatible; Googlebot/2.1; +http://www.google.com/bot.html)" 
192.243.55.133 - - [21/Apr/2016:12:02:27 -0700] "GET /self.logs/access.log.2015-02-01.gz HTTP/1.1" 200 2611 "-" "Mozilla/5.0 (compatible; SemrushBot/1~bl; +http://www.semrush.com/bot.html)" 
192.243.55.137 - - [21/Apr/2016:12:02:50 -0700] "GET /self.logs/access.log.2016-02-27.gz HTTP/1.1" 200 10850 "-" "Mozilla/5.0 (compatible; SemrushBot/1~bl; +http://www.semrush.com/bot.html)" 
192.243.55.138 - - [21/Apr/2016:12:03:25 -0700] "GET /self.logs/access.log.2015-04-25.gz HTTP/1.1" 200 2821 "-" "Mozilla/5.0 (compatible; SemrushBot/1~bl; +http://www.semrush.com/bot.html)" 
123.125.71.55 - - [21/Apr/2016:12:03:33 -0700] "GET /robots.txt HTTP/1.1" 200 297 "-" "Mozilla/5.0 (compatible; Baiduspider/2.0; +http://www.baidu.com/search/spider.html)" 
123.125.71.55 - - [21/Apr/2016:12:03:33 -0700] "GET /robots.txt HTTP/1.1" 200 297 "-" "Mozilla/5.0 (compatible; Baiduspider/2.0; +http://www.baidu.com/search/spider.html)" 
192.243.55.130 - - [21/Apr/2016:12:03:56 -0700] "GET /self.logs/access.log.2015-10-22.gz HTTP/1.1" 200 8935 "-" "Mozilla/5.0 (compatible; SemrushBot/1~bl; +http://www.semrush.com/bot.html)" 
37.26.147.129 - - [21/Apr/2016:12:04:06 -0700] "GET /browserconfig.xml HTTP/1.1" 404 340 "-" "Mozilla/5.0 (Windows NT 10.0; Win64; x64) AppleWebKit/537.36 (KHTML, like Gecko) Chrome/46.0.2486.0 Safari/537.36 Edge/13.10586" 
192.243.55.135 - - [21/Apr/2016:12:04:22 -0700] "GET /self.logs/error.log.2015-08-11.gz HTTP/1.1" 200 798 "-" "Mozilla/5.0 (compatible; SemrushBot/1~bl; +http://www.semrush.com/bot.html)" 
192.243.55.131 - - [21/Apr/2016:12:04:55 -0700] "GET /self.logs/error.log.2015-02-23.gz HTTP/1.1" 200 4344 "-" "Mozilla/5.0 (compatible; SemrushBot/1~bl; +http://www.semrush.com/bot.html)" 
192.243.55.136 - - [21/Apr/2016:12:05:24 -0700] "GET /self.logs/error.log.2016-02-05.gz HTTP/1.1" 200 729 "-" "Mozilla/5.0 (compatible; SemrushBot/1~bl; +http://www.semrush.com/bot.html)" 
192.243.55.132 - - [21/Apr/2016:12:05:53 -0700] "GET /maccdc2012/conn.log.gz HTTP/1.1" 200 28846 "-" "Mozilla/5.0 (compatible; SemrushBot/1~bl; +http://www.semrush.com/bot.html)" 
192.243.55.135 - - [21/Apr/2016:12:06:23 -0700] "GET /self.logs/access.log.2015-05-08.gz HTTP/1.1" 200 4832 "-" "Mozilla/5.0 (compatible; SemrushBot/1~bl; +http://www.semrush.com/bot.html)" 
192.243.55.131 - - [21/Apr/2016:12:06:54 -0700] "GET /self.logs/error.log.2015-01-31.gz HTTP/1.1" 200 732 "-" "Mozilla/5.0 (compatible; SemrushBot/1~bl; +http://www.semrush.com/bot.html)" 
192.243.55.132 - - [21/Apr/2016:12:07:24 -0700] "GET /self.logs/error.log.2016-01-17.gz HTTP/1.1" 200 693 "-" "Mozilla/5.0 (compatible; SemrushBot/1~bl; +http://www.semrush.com/bot.html)" 
192.243.55.136 - - [21/Apr/2016:12:07:57 -0700] "GET /self.logs/error.log.2015-07-15.gz HTTP/1.1" 200 746 "-" "Mozilla/5.0 (compatible; SemrushBot/1~bl; +http://www.semrush.com/bot.html)" 
192.243.55.138 - - [21/Apr/2016:12:08:20 -0700] "GET /self.logs/error.log.2015-04-07.gz HTTP/1.1" 200 663 "-" "Mozilla/5.0 (compatible; SemrushBot/1~bl; +http://www.semrush.com/bot.html)" 
192.243.55.131 - - [21/Apr/2016:12:08:55 -0700] "GET /self.logs/error.log.2015-08-10.gz HTTP/1.1" 200 521 "-" "Mozilla/5.0 (compatible; SemrushBot/1~bl; +http://www.semrush.com/bot.html)" 
192.243.55.137 - - [21/Apr/2016:12:09:21 -0700] "GET /self.logs/access.log.2015-10-23.gz HTTP/1.1" 200 5224 "-" "Mozilla/5.0 (compatible; SemrushBot/1~bl; +http://www.semrush.com/bot.html)" 
192.243.55.137 - - [21/Apr/2016:12:09:53 -0700] "GET /self.logs/access.log.2015-04-24.gz HTTP/1.1" 200 3685 "-" "Mozilla/5.0 (compatible; SemrushBot/1~bl; +http://www.semrush.com/bot.html)" 
128.237.184.117 - - [21/Apr/2016:12:10:23 -0700] "GET / HTTP/1.1" 200 8801 "https://www.google.com/" "Mozilla/5.0 (Windows NT 10.0; WOW64) AppleWebKit/537.36 (KHTML, like Gecko) Chrome/49.0.2623.112 Safari/537.36" 
128.237.184.117 - - [21/Apr/2016:12:10:23 -0700] "GET /twitter-icon.png HTTP/1.1" 200 27787 "http://www.secrepo.com/" "Mozilla/5.0 (Windows NT 10.0; WOW64) AppleWebKit/537.36 (KHTML, like Gecko) Chrome/49.0.2623.112 Safari/537.36" 
128.237.184.117 - - [21/Apr/2016:12:10:23 -0700] "GET /GitHub-Mark.png HTTP/1.1" 200 7428 "http://www.secrepo.com/" "Mozilla/5.0 (Windows NT 10.0; WOW64) AppleWebKit/537.36 (KHTML, like Gecko) Chrome/49.0.2623.112 Safari/537.36" 
128.237.184.117 - - [21/Apr/2016:12:10:24 -0700] "GET /bootstrap/img/favicon.ico HTTP/1.1" 200 589 "http://www.secrepo.com/" "Mozilla/5.0 (Windows NT 10.0; WOW64) AppleWebKit/537.36 (KHTML, like Gecko) Chrome/49.0.2623.112 Safari/537.36" 
192.243.55.133 - - [21/Apr/2016:12:10:25 -0700] "GET /self.logs/access.log.2016-02-26.gz HTTP/1.1" 200 13314 "-" "Mozilla/5.0 (compatible; SemrushBot/1~bl; +http://www.semrush.com/bot.html)" 
192.243.55.131 - - [21/Apr/2016:12:10:51 -0700] "GET /self.logs/access.log.2015-07-19.gz HTTP/1.1" 200 4226 "-" "Mozilla/5.0 (compatible; SemrushBot/1~bl; +http://www.semrush.com/bot.html)" 
192.243.55.130 - - [21/Apr/2016:12:11:23 -0700] "GET /self.logs/error.log.2016-03-06.gz HTTP/1.1" 200 1072 "-" "Mozilla/5.0 (compatible; SemrushBot/1~bl; +http://www.semrush.com/bot.html)" 
192.243.55.129 - - [21/Apr/2016:12:11:49 -0700] "GET /self.logs/error.log.2015-03-20.gz HTTP/1.1" 200 902 "-" "Mozilla/5.0 (compatible; SemrushBot/1~bl; +http://www.semrush.com/bot.html)" 
192.243.55.136 - - [21/Apr/2016:12:12:19 -0700] "GET /self.logs/error.log.2015-12-11.gz HTTP/1.1" 200 677 "-" "Mozilla/5.0 (compatible; SemrushBot/1~bl; +http://www.semrush.com/bot.html)" 
192.243.55.130 - - [21/Apr/2016:12:12:48 -0700] "GET /self.logs/error.log.2015-05-04.gz HTTP/1.1" 200 716 "-" "Mozilla/5.0 (compatible; SemrushBot/1~bl; +http://www.semrush.com/bot.html)" 
192.243.55.129 - - [21/Apr/2016:12:13:24 -0700] "GET /self.logs/access.log.2015-09-30.gz HTTP/1.1" 200 5049 "-" "Mozilla/5.0 (compatible; SemrushBot/1~bl; +http://www.semrush.com/bot.html)" 
157.55.39.147 - - [21/Apr/2016:12:13:41 -0700] "GET /self.logs/access.log.2015-04-25.gz HTTP/1.1" 301 545 "-" "Mozilla/5.0 (compatible; bingbot/2.0; +http://www.bing.com/bingbot.htm)" 
192.243.55.135 - - [21/Apr/2016:12:13:48 -0700] "GET /self.logs/error.log.2015-06-16.gz HTTP/1.1" 200 710 "-" "Mozilla/5.0 (compatible; SemrushBot/1~bl; +http://www.semrush.com/bot.html)" 
192.243.55.135 - - [21/Apr/2016:12:14:18 -0700] "GET /self.logs/access.log.2016-02-09.gz HTTP/1.1" 200 9365 "-" "Mozilla/5.0 (compatible; SemrushBot/1~bl; +http://www.semrush.com/bot.html)" 
192.243.55.135 - - [21/Apr/2016:12:14:45 -0700] "GET /self.logs/error.log.2015-11-03.gz HTTP/1.1" 200 949 "-" "Mozilla/5.0 (compatible; SemrushBot/1~bl; +http://www.semrush.com/bot.html)" 
192.243.55.136 - - [21/Apr/2016:12:15:19 -0700] "GET /self.logs/access.log.2015-05-27.gz HTTP/1.1" 200 3427 "-" "Mozilla/5.0 (compatible; SemrushBot/1~bl; +http://www.semrush.com/bot.html)" 
192.243.55.138 - - [21/Apr/2016:12:15:44 -0700] "GET /self.logs/access.log.2015-11-20.gz HTTP/1.1" 200 8369 "-" "Mozilla/5.0 (compatible; SemrushBot/1~bl; +http://www.semrush.com/bot.html)" 
192.243.55.129 - - [21/Apr/2016:12:16:19 -0700] "GET /self.logs/error.log.2015-09-13.gz HTTP/1.1" 200 745 "-" "Mozilla/5.0 (compatible; SemrushBot/1~bl; +http://www.semrush.com/bot.html)" 
192.243.55.131 - - [21/Apr/2016:12:16:42 -0700] "GET /self.logs/error.log.2015-04-28.gz HTTP/1.1" 200 1310 "-" "Mozilla/5.0 (compatible; SemrushBot/1~bl; +http://www.semrush.com/bot.html)" 
192.243.55.136 - - [21/Apr/2016:12:17:14 -0700] "GET /self.logs/access.log.2015-03-03.gz HTTP/1.1" 200 2833 "-" "Mozilla/5.0 (compatible; SemrushBot/1~bl; +http://www.semrush.com/bot.html)" 
192.243.55.136 - - [21/Apr/2016:12:17:41 -0700] "GET /self.logs/access.log.2015-09-27.gz HTTP/1.1" 200 4800 "-" "Mozilla/5.0 (compatible; SemrushBot/1~bl; +http://www.semrush.com/bot.html)" 
192.243.55.131 - - [21/Apr/2016:12:18:13 -0700] "GET /self.logs/error.log.2015-06-01.gz HTTP/1.1" 200 636 "-" "Mozilla/5.0 (compatible; SemrushBot/1~bl; +http://www.semrush.com/bot.html)" 
192.243.55.137 - - [21/Apr/2016:12:18:42 -0700] "GET /self.logs/error.log.2015-11-14.gz HTTP/1.1" 200 718 "-" "Mozilla/5.0 (compatible; SemrushBot/1~bl; +http://www.semrush.com/bot.html)" 
192.243.55.129 - - [21/Apr/2016:12:19:08 -0700] "GET /self.logs/error.log.2015-12-06.gz HTTP/1.1" 200 778 "-" "Mozilla/5.0 (compatible; SemrushBot/1~bl; +http://www.semrush.com/bot.html)" 
192.243.55.132 - - [21/Apr/2016:12:19:51 -0700] "GET /self.logs/error.log.2015-05-13.gz HTTP/1.1" 200 2285 "-" "Mozilla/5.0 (compatible; SemrushBot/1~bl; +http://www.semrush.com/bot.html)" 
192.243.55.135 - - [21/Apr/2016:12:20:13 -0700] "GET /self.logs/error.log.2015-08-28.gz HTTP/1.1" 200 875 "-" "Mozilla/5.0 (compatible; SemrushBot/1~bl; +http://www.semrush.com/bot.html)" 
192.243.55.132 - - [21/Apr/2016:12:20:49 -0700] "GET /self.logs/error.log.2016-03-11.gz HTTP/1.1" 200 854 "-" "Mozilla/5.0 (compatible; SemrushBot/1~bl; +http://www.semrush.com/bot.html)" 
192.243.55.135 - - [21/Apr/2016:12:21:19 -0700] "GET /self.logs/access.log.2015-03-14.gz HTTP/1.1" 200 3776 "-" "Mozilla/5.0 (compatible; SemrushBot/1~bl; +http://www.semrush.com/bot.html)" 
192.243.55.129 - - [21/Apr/2016:12:21:51 -0700] "GET /honeypot/Honeypot%20-%20Howto.pdf HTTP/1.1" 200 48180 "-" "Mozilla/5.0 (compatible; SemrushBot/1~bl; +http://www.semrush.com/bot.html)" 
51.255.65.60 - - [21/Apr/2016:12:21:58 -0700] "GET /self.logs/access.log.2016-04-09.gz HTTP/1.1" 200 11405 "-" "Mozilla/5.0 (compatible; AhrefsBot/5.1; +http://ahrefs.com/robot/)" 
192.243.55.134 - - [21/Apr/2016:12:22:22 -0700] "GET /self.logs/error.log.2015-09-04.gz HTTP/1.1" 200 1995 "-" "Mozilla/5.0 (compatible; SemrushBot/1~bl; +http://www.semrush.com/bot.html)" 
192.243.55.135 - - [21/Apr/2016:12:22:58 -0700] "GET /self.logs/access.log.2015-06-22.gz HTTP/1.1" 200 10633 "-" "Mozilla/5.0 (compatible; SemrushBot/1~bl; +http://www.semrush.com/bot.html)" 
192.243.55.130 - - [21/Apr/2016:12:23:29 -0700] "GET /self.logs/access.log.2015-05-30.gz HTTP/1.1" 200 3075 "-" "Mozilla/5.0 (compatible; SemrushBot/1~bl; +http://www.semrush.com/bot.html)" 
207.46.13.8 - - [21/Apr/2016:12:23:56 -0700] "GET /self.logs/access.log.2015-03-15.gz HTTP/1.1" 301 546 "-" "Mozilla/5.0 (compatible; bingbot/2.0; +http://www.bing.com/bingbot.htm)" 
192.243.55.129 - - [21/Apr/2016:12:23:58 -0700] "GET /self.logs/access.log.2015-12-25.gz HTTP/1.1" 200 3824 "-" "Mozilla/5.0 (compatible; SemrushBot/1~bl; +http://www.semrush.com/bot.html)" 
123.125.71.27 - - [21/Apr/2016:12:24:24 -0700] "GET /robots.txt HTTP/1.1" 200 297 "-" "Mozilla/5.0 (compatible; Baiduspider/2.0; +http://www.baidu.com/search/spider.html)" 
192.243.55.132 - - [21/Apr/2016:12:24:32 -0700] "GET /self.logs/error.log.2015-04-10.gz HTTP/1.1" 200 2561 "-" "Mozilla/5.0 (compatible; SemrushBot/1~bl; +http://www.semrush.com/bot.html)" 
192.243.55.132 - - [21/Apr/2016:12:25:03 -0700] "GET /self.logs/error.log.2015-10-17.gz HTTP/1.1" 200 794 "-" "Mozilla/5.0 (compatible; SemrushBot/1~bl; +http://www.semrush.com/bot.html)" 
192.243.55.136 - - [21/Apr/2016:12:25:32 -0700] "GET /self.logs/error.log.2015-07-02.gz HTTP/1.1" 200 803 "-" "Mozilla/5.0 (compatible; SemrushBot/1~bl; +http://www.semrush.com/bot.html)" 
192.243.55.130 - - [21/Apr/2016:12:26:05 -0700] "GET /self.logs/access.log.2015-08-24.gz HTTP/1.1" 200 22786 "-" "Mozilla/5.0 (compatible; SemrushBot/1~bl; +http://www.semrush.com/bot.html)" 
129.110.241.67 - - [21/Apr/2016:12:26:19 -0700] "GET / HTTP/1.1" 200 8801 "-" "Mozilla/5.0 (Macintosh; Intel Mac OS X 10_11_4) AppleWebKit/601.5.17 (KHTML, like Gecko)" 
129.110.241.67 - - [21/Apr/2016:12:26:20 -0700] "GET /apple-touch-icon-precomposed.png HTTP/1.1" 404 340 "-" "Safari/11601.5.17.1 CFNetwork/760.4.2 Darwin/15.4.0 (x86_64)" 
129.110.241.67 - - [21/Apr/2016:12:26:20 -0700] "GET /apple-touch-icon.png HTTP/1.1" 404 339 "-" "Safari/11601.5.17.1 CFNetwork/760.4.2 Darwin/15.4.0 (x86_64)" 
129.110.241.67 - - [21/Apr/2016:12:26:20 -0700] "GET /apple-touch-icon-precomposed.png HTTP/1.1" 404 339 "-" "Safari/11601.5.17.1 CFNetwork/760.4.2 Darwin/15.4.0 (x86_64)" 
129.110.241.67 - - [21/Apr/2016:12:26:20 -0700] "GET /apple-touch-icon.png HTTP/1.1" 404 339 "-" "Safari/11601.5.17.1 CFNetwork/760.4.2 Darwin/15.4.0 (x86_64)" 
192.243.55.130 - - [21/Apr/2016:12:26:35 -0700] "GET /self.logs/error.log.2015-01-26.gz HTTP/1.1" 200 612 "-" "Mozilla/5.0 (compatible; SemrushBot/1~bl; +http://www.semrush.com/bot.html)" 
8.24.70.17 - - [21/Apr/2016:12:27:25 -0700] "GET / HTTP/1.1" 200 8801 "https://www.google.com/" "Mozilla/5.0 (Macintosh; Intel Mac OS X 10_10_5) AppleWebKit/537.36 (KHTML, like Gecko) Chrome/49.0.2623.110 Safari/537.36" 
8.24.70.17 - - [21/Apr/2016:12:27:25 -0700] "GET /twitter-icon.png HTTP/1.1" 200 27787 "http://www.secrepo.com/" "Mozilla/5.0 (Macintosh; Intel Mac OS X 10_10_5) AppleWebKit/537.36 (KHTML, like Gecko) Chrome/49.0.2623.110 Safari/537.36" 
8.24.70.17 - - [21/Apr/2016:12:27:25 -0700] "GET /GitHub-Mark.png HTTP/1.1" 200 7428 "http://www.secrepo.com/" "Mozilla/5.0 (Macintosh; Intel Mac OS X 10_10_5) AppleWebKit/537.36 (KHTML, like Gecko) Chrome/49.0.2623.110 Safari/537.36" 
8.24.70.17 - - [21/Apr/2016:12:27:26 -0700] "GET /bootstrap/img/favicon.ico HTTP/1.1" 200 589 "http://www.secrepo.com/" "Mozilla/5.0 (Macintosh; Intel Mac OS X 10_10_5) AppleWebKit/537.36 (KHTML, like Gecko) Chrome/49.0.2623.110 Safari/537.36" 
192.243.55.129 - - [21/Apr/2016:12:27:28 -0700] "GET /self.logs/access.log.2015-11-18.gz HTTP/1.1" 200 9913 "-" "Mozilla/5.0 (compatible; SemrushBot/1~bl; +http://www.semrush.com/bot.html)" 
192.243.55.138 - - [21/Apr/2016:12:27:39 -0700] "GET /self.logs/error.log.2016-02-12.gz HTTP/1.1" 200 814 "-" "Mozilla/5.0 (compatible; SemrushBot/1~bl; +http://www.semrush.com/bot.html)" 
117.190.191.170 - - [21/Apr/2016:12:27:51 -0700] "GET /tg/a.zip HTTP/1.1" 304 132 "-" "Mozilla/5.0 Gecko/20100115 Firefox/3.6" 
192.243.55.131 - - [21/Apr/2016:12:28:09 -0700] "GET /self.logs/access.log.2016-01-23.gz HTTP/1.1" 200 4829 "-" "Mozilla/5.0 (compatible; SemrushBot/1~bl; +http://www.semrush.com/bot.html)" 
192.243.55.134 - - [21/Apr/2016:12:28:41 -0700] "GET /self.logs/error.log.2015-12-29.gz HTTP/1.1" 200 661 "-" "Mozilla/5.0 (compatible; SemrushBot/1~bl; +http://www.semrush.com/bot.html)" 
192.243.55.129 - - [21/Apr/2016:12:29:18 -0700] "GET /self.logs/?C=S%3BO%3DA HTTP/1.1" 200 9611 "-" "Mozilla/5.0 (compatible; SemrushBot/1~bl; +http://www.semrush.com/bot.html)" 
192.243.55.132 - - [21/Apr/2016:12:29:44 -0700] "GET /self.logs/access.log.2015-09-08.gz HTTP/1.1" 200 3824 "-" "Mozilla/5.0 (compatible; SemrushBot/1~bl; +http://www.semrush.com/bot.html)" 
192.243.55.129 - - [21/Apr/2016:12:30:19 -0700] "GET /self.logs/access.log.2015-02-17.gz HTTP/1.1" 200 11238 "-" "Mozilla/5.0 (compatible; SemrushBot/1~bl; +http://www.semrush.com/bot.html)" 
192.243.55.132 - - [21/Apr/2016:12:30:48 -0700] "GET /self.logs/access.log.2015-07-21.gz HTTP/1.1" 200 5874 "-" "Mozilla/5.0 (compatible; SemrushBot/1~bl; +http://www.semrush.com/bot.html)" 
192.243.55.129 - - [21/Apr/2016:12:31:15 -0700] "GET /self.logs/error.log.2015-08-07.gz HTTP/1.1" 200 1058 "-" "Mozilla/5.0 (compatible; SemrushBot/1~bl; +http://www.semrush.com/bot.html)" 
192.243.55.134 - - [21/Apr/2016:12:31:47 -0700] "GET /self.logs/error.log.2015-03-18.gz HTTP/1.1" 200 2334 "-" "Mozilla/5.0 (compatible; SemrushBot/1~bl; +http://www.semrush.com/bot.html)" 
192.243.55.136 - - [21/Apr/2016:12:32:23 -0700] "GET /self.logs/access.log.2015-12-27.gz HTTP/1.1" 200 6743 "-" "Mozilla/5.0 (compatible; SemrushBot/1~bl; +http://www.semrush.com/bot.html)" 
192.243.55.131 - - [21/Apr/2016:12:32:51 -0700] "GET /self.logs/access.log.2015-06-20.gz HTTP/1.1" 200 3080 "-" "Mozilla/5.0 (compatible; SemrushBot/1~bl; +http://www.semrush.com/bot.html)" 
192.243.55.131 - - [21/Apr/2016:12:33:21 -0700] "GET /self.logs/error.log.2015-09-06.gz HTTP/1.1" 200 824 "-" "Mozilla/5.0 (compatible; SemrushBot/1~bl; +http://www.semrush.com/bot.html)" 
192.243.55.130 - - [21/Apr/2016:12:33:55 -0700] "GET /self.logs/error.log.2015-02-19.gz HTTP/1.1" 200 5365 "-" "Mozilla/5.0 (compatible; SemrushBot/1~bl; +http://www.semrush.com/bot.html)" 
192.243.55.131 - - [21/Apr/2016:12:34:25 -0700] "GET /self.logs/access.log.2015-08-09.gz HTTP/1.1" 200 4540 "-" "Mozilla/5.0 (compatible; SemrushBot/1~bl; +http://www.semrush.com/bot.html)" 
192.243.55.134 - - [21/Apr/2016:12:34:54 -0700] "GET /self.logs/access.log.2015-03-16.gz HTTP/1.1" 200 8132 "-" "Mozilla/5.0 (compatible; SemrushBot/1~bl; +http://www.semrush.com/bot.html)" 
192.243.55.138 - - [21/Apr/2016:12:35:22 -0700] "GET /self.logs/access.log.2015-10-19.gz HTTP/1.1" 200 14337 "-" "Mozilla/5.0 (compatible; SemrushBot/1~bl; +http://www.semrush.com/bot.html)" 
192.243.55.138 - - [21/Apr/2016:12:35:54 -0700] "GET /self.logs/error.log.2015-05-11.gz HTTP/1.1" 200 1103 "-" "Mozilla/5.0 (compatible; SemrushBot/1~bl; +http://www.semrush.com/bot.html)" 
192.243.55.137 - - [21/Apr/2016:12:36:29 -0700] "GET /self.logs/error.log.2015-12-04.gz HTTP/1.1" 200 646 "-" "Mozilla/5.0 (compatible; SemrushBot/1~bl; +http://www.semrush.com/bot.html)" 
192.243.55.129 - - [21/Apr/2016:12:36:52 -0700] "GET /self.logs/access.log.2015-01-28.gz HTTP/1.1" 200 2092 "-" "Mozilla/5.0 (compatible; SemrushBot/1~bl; +http://www.semrush.com/bot.html)" 
192.243.55.130 - - [21/Apr/2016:12:37:25 -0700] "GET /self.logs/error.log.2015-11-16.gz HTTP/1.1" 200 598 "-" "Mozilla/5.0 (compatible; SemrushBot/1~bl; +http://www.semrush.com/bot.html)" 
192.243.55.130 - - [21/Apr/2016:12:37:54 -0700] "GET /self.logs/error.log.2015-06-03.gz HTTP/1.1" 200 654 "-" "Mozilla/5.0 (compatible; SemrushBot/1~bl; +http://www.semrush.com/bot.html)" 
192.243.55.135 - - [21/Apr/2016:12:38:27 -0700] "GET /self.logs/access.log.2015-09-25.gz HTTP/1.1" 200 12376 "-" "Mozilla/5.0 (compatible; SemrushBot/1~bl; +http://www.semrush.com/bot.html)" 
94.212.44.4 - - [21/Apr/2016:12:38:51 -0700] "GET / HTTP/1.1" 200 8801 "http://www.mlsecproject.org/" "Mozilla/5.0 (Windows NT 10.0; WOW64; rv:45.0) Gecko/20100101 Firefox/45.0" 
94.212.44.4 - - [21/Apr/2016:12:38:51 -0700] "GET /bootstrap/img/favicon.ico HTTP/1.1" 200 589 "-" "Mozilla/5.0 (Windows NT 10.0; WOW64; rv:45.0) Gecko/20100101 Firefox/45.0" 
94.212.44.4 - - [21/Apr/2016:12:38:51 -0700] "GET /twitter-icon.png HTTP/1.1" 200 27787 "http://www.secrepo.com/" "Mozilla/5.0 (Windows NT 10.0; WOW64; rv:45.0) Gecko/20100101 Firefox/45.0" 
94.212.44.4 - - [21/Apr/2016:12:38:51 -0700] "GET /GitHub-Mark.png HTTP/1.1" 200 7428 "http://www.secrepo.com/" "Mozilla/5.0 (Windows NT 10.0; WOW64; rv:45.0) Gecko/20100101 Firefox/45.0" 
192.243.55.135 - - [21/Apr/2016:12:38:56 -0700] "GET /self.logs/error.log.2015-08-05.gz HTTP/1.1" 200 1018 "-" "Mozilla/5.0 (compatible; SemrushBot/1~bl; +http://www.semrush.com/bot.html)" 
139.196.17.26 - - [21/Apr/2016:12:39:03 -0700] "GET /honeypot/BSidesDFW%20-%202014.ipynb HTTP/1.1" 200 930836 "-" "Mozilla/4.0 (compatible; MSIE 6.0; Windows NT 5.1)" 
139.196.17.26 - - [21/Apr/2016:12:39:07 -0700] "GET /honeypot/BSidesDFW%20-%202014.ipynb HTTP/1.1" 200 930780 "-" "Mozilla/4.0 (compatible; MSIE 6.0; Windows NT 5.1)" 
192.243.55.129 - - [21/Apr/2016:12:39:28 -0700] "GET /self.logs/access.log.2015-07-23.gz HTTP/1.1" 200 4031 "-" "Mozilla/5.0 (compatible; SemrushBot/1~bl; +http://www.semrush.com/bot.html)" 
94.212.44.4 - - [21/Apr/2016:12:39:40 -0700] "GET /maccdc2012/ssh.log.gz HTTP/1.1" 200 182517 "http://www.secrepo.com/" "Mozilla/5.0 (Windows NT 10.0; WOW64; rv:45.0) Gecko/20100101 Firefox/45.0" 
94.212.44.4 - - [21/Apr/2016:12:39:41 -0700] "GET /favicon.ico HTTP/1.1" 200 267 "-" "Mozilla/5.0 (Windows NT 10.0; WOW64; rv:45.0) Gecko/20100101 Firefox/45.0" 
94.212.44.4 - - [21/Apr/2016:12:39:51 -0700] "GET /maccdc2012/ssh.log.gz HTTP/1.1" 200 182517 "http://www.secrepo.com/" "Mozilla/5.0 (Windows NT 10.0; WOW64; rv:45.0) Gecko/20100101 Firefox/45.0" 
192.243.55.129 - - [21/Apr/2016:12:40:01 -0700] "GET /self.logs/access.log.2015-02-15.gz HTTP/1.1" 200 15603 "-" "Mozilla/5.0 (compatible; SemrushBot/1~bl; +http://www.semrush.com/bot.html)" 
192.243.55.136 - - [21/Apr/2016:12:40:33 -0700] "GET /self.logs/access.log.2016-01-21.gz HTTP/1.1" 200 5555 "-" "Mozilla/5.0 (compatible; SemrushBot/1~bl; +http://www.semrush.com/bot.html)" 
192.243.55.130 - - [21/Apr/2016:12:41:01 -0700] "GET /self.logs/error.log.2015-09-29.gz HTTP/1.1" 200 635 "-" "Mozilla/5.0 (compatible; SemrushBot/1~bl; +http://www.semrush.com/bot.html)" 
192.243.55.132 - - [21/Apr/2016:12:41:32 -0700] "GET /self.logs/error.log.2016-02-10.gz HTTP/1.1" 200 702 "-" "Mozilla/5.0 (compatible; SemrushBot/1~bl; +http://www.semrush.com/bot.html)" 
192.243.55.130 - - [21/Apr/2016:12:41:59 -0700] "GET /self.logs/error.log.2016-01-02.gz HTTP/1.1" 200 859 "-" "Mozilla/5.0 (compatible; SemrushBot/1~bl; +http://www.semrush.com/bot.html)" 
192.243.55.135 - - [21/Apr/2016:12:42:28 -0700] "GET /self.logs/access.log.2015-12-08.gz HTTP/1.1" 200 9224 "-" "Mozilla/5.0 (compatible; SemrushBot/1~bl; +http://www.semrush.com/bot.html)" 
192.243.55.136 - - [21/Apr/2016:12:43:00 -0700] "GET /self.logs/error.log.2015-01-24.gz HTTP/1.1" 200 882 "-" "Mozilla/5.0 (compatible; SemrushBot/1~bl; +http://www.semrush.com/bot.html)" 
192.243.55.134 - - [21/Apr/2016:12:43:29 -0700] "GET /self.logs/access.log.2015-08-26.gz HTTP/1.1" 200 4700 "-" "Mozilla/5.0 (compatible; SemrushBot/1~bl; +http://www.semrush.com/bot.html)" 
192.243.55.132 - - [21/Apr/2016:12:44:09 -0700] "GET /self.logs/error.log.2015-10-15.gz HTTP/1.1" 200 1075 "-" "Mozilla/5.0 (compatible; SemrushBot/1~bl; +http://www.semrush.com/bot.html)" 
70.90.94.94 - - [21/Apr/2016:12:44:24 -0700] "GET / HTTP/1.1" 200 8801 "https://www.google.com/" "Mozilla/5.0 (Windows NT 6.1; WOW64) AppleWebKit/537.36 (KHTML, like Gecko) Chrome/49.0.2623.112 Safari/537.36" 
70.90.94.94 - - [21/Apr/2016:12:44:25 -0700] "GET /twitter-icon.png HTTP/1.1" 200 27787 "http://www.secrepo.com/" "Mozilla/5.0 (Windows NT 6.1; WOW64) AppleWebKit/537.36 (KHTML, like Gecko) Chrome/49.0.2623.112 Safari/537.36" 
70.90.94.94 - - [21/Apr/2016:12:44:25 -0700] "GET /GitHub-Mark.png HTTP/1.1" 200 7428 "http://www.secrepo.com/" "Mozilla/5.0 (Windows NT 6.1; WOW64) AppleWebKit/537.36 (KHTML, like Gecko) Chrome/49.0.2623.112 Safari/537.36" 
70.90.94.94 - - [21/Apr/2016:12:44:26 -0700] "GET /bootstrap/img/favicon.ico HTTP/1.1" 200 589 "http://www.secrepo.com/" "Mozilla/5.0 (Windows NT 6.1; WOW64) AppleWebKit/537.36 (KHTML, like Gecko) Chrome/49.0.2623.112 Safari/537.36" 
192.243.55.135 - - [21/Apr/2016:12:44:31 -0700] "GET /self.logs/error.log.2015-04-12.gz HTTP/1.1" 200 905 "-" "Mozilla/5.0 (compatible; SemrushBot/1~bl; +http://www.semrush.com/bot.html)" 
192.243.55.135 - - [21/Apr/2016:12:45:01 -0700] "GET /self.logs/error.log.2015-05-29.gz HTTP/1.1" 200 717 "-" "Mozilla/5.0 (compatible; SemrushBot/1~bl; +http://www.semrush.com/bot.html)" 
192.243.55.132 - - [21/Apr/2016:12:45:33 -0700] "GET /self.logs/access.log.2016-02-24.gz HTTP/1.1" 200 26758 "-" "Mozilla/5.0 (compatible; SemrushBot/1~bl; +http://www.semrush.com/bot.html)" 
192.243.55.132 - - [21/Apr/2016:12:46:01 -0700] "GET /self.logs/access.log.2015-02-02.gz HTTP/1.1" 200 3319 "-" "Mozilla/5.0 (compatible; SemrushBot/1~bl; +http://www.semrush.com/bot.html)" 
192.243.55.129 - - [21/Apr/2016:12:46:36 -0700] "GET /self.logs/access.log.2015-04-26.gz HTTP/1.1" 200 3853 "-" "Mozilla/5.0 (compatible; SemrushBot/1~bl; +http://www.semrush.com/bot.html)" 
192.243.55.131 - - [21/Apr/2016:12:47:07 -0700] "GET /self.logs/access.log.2015-10-21.gz HTTP/1.1" 200 7872 "-" "Mozilla/5.0 (compatible; SemrushBot/1~bl; +http://www.semrush.com/bot.html)" 
192.243.55.135 - - [21/Apr/2016:12:47:41 -0700] "GET /self.logs/error.log.2015-08-12.gz HTTP/1.1" 200 957 "-" "Mozilla/5.0 (compatible; SemrushBot/1~bl; +http://www.semrush.com/bot.html)" 
192.243.55.131 - - [21/Apr/2016:12:48:19 -0700] "GET /self.logs/error.log.2015-04-05.gz HTTP/1.1" 200 1012 "-" "Mozilla/5.0 (compatible; SemrushBot/1~bl; +http://www.semrush.com/bot.html)" 
192.243.55.135 - - [21/Apr/2016:12:48:50 -0700] "GET /self.logs/access.log.2015-08-31.gz HTTP/1.1" 200 5589 "-" "Mozilla/5.0 (compatible; SemrushBot/1~bl; +http://www.semrush.com/bot.html)" 
207.46.13.8 - - [21/Apr/2016:12:49:21 -0700] "GET /self.logs/access.log.2015-12-24.gz HTTP/1.1" 200 5410 "-" "Mozilla/5.0 (compatible; bingbot/2.0; +http://www.bing.com/bingbot.htm)" 
192.243.55.137 - - [21/Apr/2016:12:49:26 -0700] "GET /self.logs/error.log.2015-07-17.gz HTTP/1.1" 200 722 "-" "Mozilla/5.0 (compatible; SemrushBot/1~bl; +http://www.semrush.com/bot.html)" 
192.243.55.138 - - [21/Apr/2016:12:50:01 -0700] "GET /self.logs/access.log.2016-03-08.gz HTTP/1.1" 200 8177 "-" "Mozilla/5.0 (compatible; SemrushBot/1~bl; +http://www.semrush.com/bot.html)" 
192.243.55.138 - - [21/Apr/2016:12:50:48 -0700] "GET /self.logs/error.log.2015-10-02.gz HTTP/1.1" 200 628 "-" "Mozilla/5.0 (compatible; SemrushBot/1~bl; +http://www.semrush.com/bot.html)" 
192.243.55.129 - - [21/Apr/2016:12:51:33 -0700] "GET /self.logs/error.log.2016-01-15.gz HTTP/1.1" 200 701 "-" "Mozilla/5.0 (compatible; SemrushBot/1~bl; +http://www.semrush.com/bot.html)" 
192.243.55.138 - - [21/Apr/2016:12:52:12 -0700] "GET /self.logs/access.log.2015-06-18.gz HTTP/1.1" 200 5571 "-" "Mozilla/5.0 (compatible; SemrushBot/1~bl; +http://www.semrush.com/bot.html)" 
117.177.241.60 - - [21/Apr/2016:12:52:53 -0700] "GET /tg/a.zip HTTP/1.1" 304 132 "-" "Mozilla/5.0 Gecko/20100115 Firefox/3.6" 
192.243.55.138 - - [21/Apr/2016:12:52:55 -0700] "GET /self.logs/error.log.2016-02-07.gz HTTP/1.1" 200 695 "-" "Mozilla/5.0 (compatible; SemrushBot/1~bl; +http://www.semrush.com/bot.html)" 
192.243.55.129 - - [21/Apr/2016:12:54:01 -0700] "GET /self.logs/error.log.2015-02-21.gz HTTP/1.1" 200 6494 "-" "Mozilla/5.0 (compatible; SemrushBot/1~bl; +http://www.semrush.com/bot.html)" 
192.243.55.135 - - [21/Apr/2016:12:54:29 -0700] "GET /self.logs/access.log.2015-03-01.gz HTTP/1.1" 200 2401 "-" "Mozilla/5.0 (compatible; SemrushBot/1~bl; +http://www.semrush.com/bot.html)" 
192.243.55.135 - - [21/Apr/2016:12:55:09 -0700] "GET /squid/access.log.gz HTTP/1.1" 200 28845 "-" "Mozilla/5.0 (compatible; SemrushBot/1~bl; +http://www.semrush.com/bot.html)" 
192.243.55.132 - - [21/Apr/2016:12:56:01 -0700] "GET /self.logs/error.log.2015-09-11.gz HTTP/1.1" 200 666 "-" "Mozilla/5.0 (compatible; SemrushBot/1~bl; +http://www.semrush.com/bot.html)" 
192.243.55.132 - - [21/Apr/2016:12:56:41 -0700] "GET /self.logs/error.log.2016-02-28.gz HTTP/1.1" 200 988 "-" "Mozilla/5.0 (compatible; SemrushBot/1~bl; +http://www.semrush.com/bot.html)" 
192.243.55.137 - - [21/Apr/2016:12:57:30 -0700] "GET /self.logs/access.log.2015-11-22.gz HTTP/1.1" 200 8568 "-" "Mozilla/5.0 (compatible; SemrushBot/1~bl; +http://www.semrush.com/bot.html)" 
192.243.55.129 - - [21/Apr/2016:12:58:17 -0700] "GET /self.logs/access.log.2015-12-30.gz HTTP/1.1" 200 6495 "-" "Mozilla/5.0 (compatible; SemrushBot/1~bl; +http://www.semrush.com/bot.html)" 
192.243.55.132 - - [21/Apr/2016:12:59:00 -0700] "GET /self.logs/access.log.2015-05-25.gz HTTP/1.1" 200 4554 "-" "Mozilla/5.0 (compatible; SemrushBot/1~bl; +http://www.semrush.com/bot.html)" 
192.243.55.137 - - [21/Apr/2016:12:59:42 -0700] "GET /self.logs/error.log.2015-11-01.gz HTTP/1.1" 200 656 "-" "Mozilla/5.0 (compatible; SemrushBot/1~bl; +http://www.semrush.com/bot.html)" 
192.243.55.129 - - [21/Apr/2016:13:00:21 -0700] "GET /self.logs/error.log.2015-06-14.gz HTTP/1.1" 200 886 "-" "Mozilla/5.0 (compatible; SemrushBot/1~bl; +http://www.semrush.com/bot.html)" 
192.243.55.132 - - [21/Apr/2016:13:01:07 -0700] "GET /self.logs/error.log.2015-05-06.gz HTTP/1.1" 200 2119 "-" "Mozilla/5.0 (compatible; SemrushBot/1~bl; +http://www.semrush.com/bot.html)" 
192.243.55.136 - - [21/Apr/2016:13:02:00 -0700] "GET /self.logs/error.log.2015-12-13.gz HTTP/1.1" 200 629 "-" "Mozilla/5.0 (compatible; SemrushBot/1~bl; +http://www.semrush.com/bot.html)" 
207.46.13.8 - - [21/Apr/2016:13:03:03 -0700] "GET /self.logs/access.log.2016-03-16.gz HTTP/1.1" 200 8225 "-" "Mozilla/5.0 (compatible; bingbot/2.0; +http://www.bing.com/bingbot.htm)" 
192.243.55.129 - - [21/Apr/2016:13:03:09 -0700] "GET /self.logs/access.log.2016-01-19.gz HTTP/1.1" 200 6669 "-" "Mozilla/5.0 (compatible; SemrushBot/1~bl; +http://www.semrush.com/bot.html)" 
151.80.31.155 - - [21/Apr/2016:13:03:45 -0700] "GET /robots.txt HTTP/1.1" 200 304 "-" "Mozilla/5.0 (compatible; AhrefsBot/5.1; +http://ahrefs.com/robot/)" 
164.132.161.43 - - [21/Apr/2016:13:03:46 -0700] "GET /self.logs/access.log.2015-06-21.gz HTTP/1.1" 200 10002 "-" "Mozilla/5.0 (compatible; AhrefsBot/5.1; +http://ahrefs.com/robot/)" 
157.55.39.230 - - [21/Apr/2016:13:03:48 -0700] "GET /self.logs/access.log.2015-07-22.gz HTTP/1.1" 200 4688 "-" "Mozilla/5.0 (compatible; bingbot/2.0; +http://www.bing.com/bingbot.htm)" 
192.243.55.132 - - [21/Apr/2016:13:04:15 -0700] "GET /self.logs/error.log.2015-03-22.gz HTTP/1.1" 200 1008 "-" "Mozilla/5.0 (compatible; SemrushBot/1~bl; +http://www.semrush.com/bot.html)" 
192.243.55.129 - - [21/Apr/2016:13:05:27 -0700] "GET /self.logs/error.log.2016-03-04.gz HTTP/1.1" 200 943 "-" "Mozilla/5.0 (compatible; SemrushBot/1~bl; +http://www.semrush.com/bot.html)" 
192.243.55.129 - - [21/Apr/2016:13:06:55 -0700] "GET /self.logs/access.log.2015-04-09.gz HTTP/1.1" 200 3578 "-" "Mozilla/5.0 (compatible; SemrushBot/1~bl; +http://www.semrush.com/bot.html)" 
111.23.4.148 - - [21/Apr/2016:13:08:50 -0700] "GET /tg/a.zip HTTP/1.1" 304 132 "-" "Mozilla/5.0 Gecko/20100115 Firefox/3.6" 
192.243.55.136 - - [21/Apr/2016:13:09:39 -0700] "GET /self.logs/access.log.2015-05-24.gz HTTP/1.1" 200 3572 "-" "Mozilla/5.0 (compatible; SemrushBot/1~bl; +http://www.semrush.com/bot.html)" 
192.243.55.136 - - [21/Apr/2016:13:14:06 -0700] "GET /self.logs/access.log.2015-12-31.gz HTTP/1.1" 200 6757 "-" "Mozilla/5.0 (compatible; SemrushBot/1~bl; +http://www.semrush.com/bot.html)" 
51.255.65.6 - - [21/Apr/2016:13:15:14 -0700] "GET /self.logs/access.log.2016-02-07.gz HTTP/1.1" 200 9082 "-" "Mozilla/5.0 (compatible; AhrefsBot/5.1; +http://ahrefs.com/robot/)" 
2.86.204.78 - - [21/Apr/2016:13:17:06 -0700] "GET / HTTP/1.1" 200 8801 "http://www.mlsecproject.org/" "Mozilla/5.0 (Windows NT 10.0; WOW64) AppleWebKit/537.36 (KHTML, like Gecko) Chrome/49.0.2623.112 Safari/537.36" 
2.86.204.78 - - [21/Apr/2016:13:17:06 -0700] "GET /GitHub-Mark.png HTTP/1.1" 200 7427 "http://www.secrepo.com/" "Mozilla/5.0 (Windows NT 10.0; WOW64) AppleWebKit/537.36 (KHTML, like Gecko) Chrome/49.0.2623.112 Safari/537.36" 
207.46.13.8 - - [21/Apr/2016:13:17:35 -0700] "GET /self.logs/error.log.2015-07-12.gz HTTP/1.1" 301 544 "-" "Mozilla/5.0 (compatible; bingbot/2.0; +http://www.bing.com/bingbot.htm)" 
141.8.143.159 - - [21/Apr/2016:13:25:41 -0700] "GET /self.logs/ HTTP/1.1" 200 9648 "-" "Mozilla/5.0 (compatible; YandexBot/3.0; +http://yandex.com/bots)" 
157.55.39.99 - - [21/Apr/2016:13:34:06 -0700] "GET /self.logs/error.log.2015-11-21.gz HTTP/1.1" 200 1038 "-" "Mozilla/5.0 (compatible; bingbot/2.0; +http://www.bing.com/bingbot.htm)" 
66.249.64.129 - - [21/Apr/2016:13:36:50 -0700] "GET / HTTP/1.1" 200 8801 "-" "Mozilla/5.0 (compatible; Googlebot/2.1; +http://www.google.com/bot.html)" 
104.132.0.93 - - [21/Apr/2016:14:04:01 -0700] "GET / HTTP/1.1" 304 189 "-" "Mozilla/5.0 (X11; Linux x86_64) AppleWebKit/537.36 (KHTML, like Gecko) Chrome/50.0.2661.75 Safari/537.36" 
111.7.128.40 - - [21/Apr/2016:14:18:08 -0700] "GET /tg/a.zip HTTP/1.1" 304 132 "-" "Mozilla/5.0 Gecko/20100115 Firefox/3.6" 
208.81.212.224 - - [21/Apr/2016:14:19:26 -0700] "GET / HTTP/1.1" 200 8801 "-" "Mozilla/5.0 (Macintosh; Intel Mac OS X 10_11_4) AppleWebKit/601.5.17 (KHTML, like Gecko)" 
208.81.212.224 - - [21/Apr/2016:14:19:27 -0700] "GET /apple-touch-icon-precomposed.png HTTP/1.1" 404 340 "-" "Safari/11601.5.17.1 CFNetwork/760.4.2 Darwin/15.4.0 (x86_64)" 
208.81.212.224 - - [21/Apr/2016:14:19:27 -0700] "GET /bootstrap/img/favicon.ico HTTP/1.1" 304 165 "-" "Safari/11601.5.17.1 CFNetwork/760.4.2 Darwin/15.4.0 (x86_64)" 
208.81.212.224 - - [21/Apr/2016:14:19:27 -0700] "GET /apple-touch-icon.png HTTP/1.1" 404 339 "-" "Safari/11601.5.17.1 CFNetwork/760.4.2 Darwin/15.4.0 (x86_64)" 
208.81.212.224 - - [21/Apr/2016:14:19:27 -0700] "GET /apple-touch-icon-precomposed.png HTTP/1.1" 404 339 "-" "Safari/11601.5.17.1 CFNetwork/760.4.2 Darwin/15.4.0 (x86_64)" 
208.81.212.224 - - [21/Apr/2016:14:19:27 -0700] "GET /apple-touch-icon.png HTTP/1.1" 404 339 "-" "Safari/11601.5.17.1 CFNetwork/760.4.2 Darwin/15.4.0 (x86_64)" 
164.132.161.19 - - [21/Apr/2016:14:22:48 -0700] "GET /self.logs/access.log.2015-12-02.gz HTTP/1.1" 200 5938 "-" "Mozilla/5.0 (compatible; AhrefsBot/5.1; +http://ahrefs.com/robot/)" 
130.185.155.74 - - [21/Apr/2016:14:31:58 -0700] "GET /wp-login.php HTTP/1.1" 404 295 "-" "Mozilla/5.0 (compatible; MSIE 9.0; Windows NT 6.1; Trident/5.0)" 
192.243.55.133 - - [21/Apr/2016:14:39:34 -0700] "GET /self.logs/access.log.2015-11-23.gz HTTP/1.1" 200 8885 "-" "Mozilla/5.0 (compatible; SemrushBot/1~bl; +http://www.semrush.com/bot.html)" 
192.243.55.130 - - [21/Apr/2016:14:43:00 -0700] "GET /self.logs/error.log.2016-02-29.gz HTTP/1.1" 200 640 "-" "Mozilla/5.0 (compatible; SemrushBot/1~bl; +http://www.semrush.com/bot.html)" 
192.243.55.130 - - [21/Apr/2016:14:45:18 -0700] "GET /self.logs/error.log.2015-09-10.gz HTTP/1.1" 200 624 "-" "Mozilla/5.0 (compatible; SemrushBot/1~bl; +http://www.semrush.com/bot.html)" 
157.55.39.157 - - [21/Apr/2016:14:45:31 -0700] "GET /self.logs/error.log.2015-07-09.gz HTTP/1.1" 200 1296 "-" "Mozilla/5.0 (compatible; bingbot/2.0; +http://www.bing.com/bingbot.htm)" 
192.243.55.130 - - [21/Apr/2016:14:47:31 -0700] "GET /maccdc2012/ssh.log.gz HTTP/1.1" 200 28843 "-" "Mozilla/5.0 (compatible; SemrushBot/1~bl; +http://www.semrush.com/bot.html)" 
157.55.39.107 - - [21/Apr/2016:14:48:56 -0700] "GET /self.logs/error.log.2015-12-11.gz HTTP/1.1" 200 714 "-" "Mozilla/5.0 (compatible; bingbot/2.0; +http://www.bing.com/bingbot.htm)" 
192.243.55.130 - - [21/Apr/2016:14:49:47 -0700] "GET /self.logs/access.log.2015-04-08.gz HTTP/1.1" 200 4063 "-" "Mozilla/5.0 (compatible; SemrushBot/1~bl; +http://www.semrush.com/bot.html)" 
111.23.10.33 - - [21/Apr/2016:14:50:52 -0700] "GET /tg/a.zip HTTP/1.1" 304 132 "-" "Mozilla/5.0 Gecko/20100115 Firefox/3.6" 
192.243.55.130 - - [21/Apr/2016:14:52:04 -0700] "GET /self.logs/error.log.2015-03-23.gz HTTP/1.1" 200 1406 "-" "Mozilla/5.0 (compatible; SemrushBot/1~bl; +http://www.semrush.com/bot.html)" 
192.243.55.130 - - [21/Apr/2016:14:54:14 -0700] "GET /self.logs/error.log.2016-03-05.gz HTTP/1.1" 200 606 "-" "Mozilla/5.0 (compatible; SemrushBot/1~bl; +http://www.semrush.com/bot.html)" 
192.243.55.133 - - [21/Apr/2016:14:55:12 -0700] "GET /self.logs/access.log.2016-01-18.gz HTTP/1.1" 200 7310 "-" "Mozilla/5.0 (compatible; SemrushBot/1~bl; +http://www.semrush.com/bot.html)" 
211.137.56.172 - - [21/Apr/2016:14:55:13 -0700] "GET /tg/a.zip HTTP/1.1" 304 132 "-" "Mozilla/5.0 Gecko/20100115 Firefox/3.6" 
192.243.55.133 - - [21/Apr/2016:14:56:19 -0700] "GET /self.logs/error.log.2015-12-12.gz HTTP/1.1" 200 560 "-" "Mozilla/5.0 (compatible; SemrushBot/1~bl; +http://www.semrush.com/bot.html)" 
192.243.55.133 - - [21/Apr/2016:14:57:24 -0700] "GET /self.logs/error.log.2015-05-07.gz HTTP/1.1" 200 2612 "-" "Mozilla/5.0 (compatible; SemrushBot/1~bl; +http://www.semrush.com/bot.html)" 
192.243.55.134 - - [21/Apr/2016:14:58:32 -0700] "GET /self.logs/error.log.2015-06-15.gz HTTP/1.1" 200 1292 "-" "Mozilla/5.0 (compatible; SemrushBot/1~bl; +http://www.semrush.com/bot.html)" 
192.243.55.130 - - [21/Apr/2016:14:59:36 -0700] "GET /self.logs/error.log.2015-08-13.gz HTTP/1.1" 200 738 "-" "Mozilla/5.0 (compatible; SemrushBot/1~bl; +http://www.semrush.com/bot.html)" 
192.243.55.134 - - [21/Apr/2016:15:00:45 -0700] "GET /self.logs/access.log.2015-10-20.gz HTTP/1.1" 200 6825 "-" "Mozilla/5.0 (compatible; SemrushBot/1~bl; +http://www.semrush.com/bot.html)" 
192.243.55.134 - - [21/Apr/2016:15:01:53 -0700] "GET /self.logs/access.log.2015-04-27.gz HTTP/1.1" 200 7295 "-" "Mozilla/5.0 (compatible; SemrushBot/1~bl; +http://www.semrush.com/bot.html)" 
192.243.55.135 - - [21/Apr/2016:15:02:20 -0700] "GET /self.logs/access.log.2016-02-25.gz HTTP/1.1" 200 11430 "-" "Mozilla/5.0 (compatible; SemrushBot/1~bl; +http://www.semrush.com/bot.html)" 
192.243.55.134 - - [21/Apr/2016:15:03:40 -0700] "GET /self.logs/access.log.2015-02-03.gz HTTP/1.1" 200 5679 "-" "Mozilla/5.0 (compatible; SemrushBot/1~bl; +http://www.semrush.com/bot.html)" 
192.243.55.130 - - [21/Apr/2016:15:04:29 -0700] "GET /self.logs/error.log.2015-05-28.gz HTTP/1.1" 200 668 "-" "Mozilla/5.0 (compatible; SemrushBot/1~bl; +http://www.semrush.com/bot.html)" 
192.243.55.134 - - [21/Apr/2016:15:05:20 -0700] "GET /self.logs/error.log.2016-02-06.gz HTTP/1.1" 200 449 "-" "Mozilla/5.0 (compatible; SemrushBot/1~bl; +http://www.semrush.com/bot.html)" 
192.243.55.133 - - [21/Apr/2016:15:06:13 -0700] "GET /self.logs/error.log.2015-02-20.gz HTTP/1.1" 200 5817 "-" "Mozilla/5.0 (compatible; SemrushBot/1~bl; +http://www.semrush.com/bot.html)" 
192.243.55.134 - - [21/Apr/2016:15:07:07 -0700] "GET /self.logs/access.log.2015-06-19.gz HTTP/1.1" 200 4228 "-" "Mozilla/5.0 (compatible; SemrushBot/1~bl; +http://www.semrush.com/bot.html)" 
192.243.55.131 - - [21/Apr/2016:15:07:58 -0700] "GET /self.logs/error.log.2016-01-14.gz HTTP/1.1" 200 639 "-" "Mozilla/5.0 (compatible; SemrushBot/1~bl; +http://www.semrush.com/bot.html)" 
192.243.55.133 - - [21/Apr/2016:15:08:51 -0700] "GET /self.logs/error.log.2015-10-03.gz HTTP/1.1" 200 811 "-" "Mozilla/5.0 (compatible; SemrushBot/1~bl; +http://www.semrush.com/bot.html)" 
196.218.23.67 - - [21/Apr/2016:15:08:54 -0700] "GET /?author=1 HTTP/1.1" 301 498 "-" "Mozilla/5.0 (Windows NT 6.3; WOW64; rv:28.0) Gecko/20100101 Firefox/28.0" 
196.218.23.67 - - [21/Apr/2016:15:08:58 -0700] "GET /?author=1 HTTP/1.1" 200 8801 "-" "Mozilla/5.0 (Windows NT 6.3; WOW64; rv:28.0) Gecko/20100101 Firefox/28.0" 
196.218.23.67 - - [21/Apr/2016:15:08:59 -0700] "GET /administrator/index.php HTTP/1.1" 301 524 "-" "Mozilla/5.0 (Windows NT 6.3; WOW64; rv:28.0) Gecko/20100101 Firefox/28.0" 
196.218.23.67 - - [21/Apr/2016:15:09:00 -0700] "GET /administrator/index.php HTTP/1.1" 404 339 "-" "Mozilla/5.0 (Windows NT 6.3; WOW64; rv:28.0) Gecko/20100101 Firefox/28.0" 
192.243.55.133 - - [21/Apr/2016:15:09:43 -0700] "GET /self.logs/access.log.2016-03-09.gz HTTP/1.1" 200 8338 "-" "Mozilla/5.0 (compatible; SemrushBot/1~bl; +http://www.semrush.com/bot.html)" 
192.243.55.134 - - [21/Apr/2016:15:10:37 -0700] "GET /self.logs/access.log.2015-08-30.gz HTTP/1.1" 200 4415 "-" "Mozilla/5.0 (compatible; SemrushBot/1~bl; +http://www.semrush.com/bot.html)" 
192.243.55.134 - - [21/Apr/2016:15:11:30 -0700] "GET /self.logs/error.log.2015-07-16.gz HTTP/1.1" 200 646 "-" "Mozilla/5.0 (compatible; SemrushBot/1~bl; +http://www.semrush.com/bot.html)" 
192.243.55.134 - - [21/Apr/2016:15:12:20 -0700] "GET /self.logs/error.log.2015-04-04.gz HTTP/1.1" 200 2224 "-" "Mozilla/5.0 (compatible; SemrushBot/1~bl; +http://www.semrush.com/bot.html)" 
192.243.55.129 - - [21/Apr/2016:15:12:55 -0700] "GET /self.logs/access.log.2016-01-20.gz HTTP/1.1" 200 10417 "-" "Mozilla/5.0 (compatible; SemrushBot/1~bl; +http://www.semrush.com/bot.html)" 
192.243.55.131 - - [21/Apr/2016:15:13:48 -0700] "GET /self.logs/access.log.2015-02-14.gz HTTP/1.1" 200 25915 "-" "Mozilla/5.0 (compatible; SemrushBot/1~bl; +http://www.semrush.com/bot.html)" 
192.243.55.133 - - [21/Apr/2016:15:14:36 -0700] "GET /self.logs/access.log.2015-04-30.gz HTTP/1.1" 200 5815 "-" "Mozilla/5.0 (compatible; SemrushBot/1~bl; +http://www.semrush.com/bot.html)" 
192.243.55.131 - - [21/Apr/2016:15:15:27 -0700] "GET /self.logs/error.log.2015-08-04.gz HTTP/1.1" 200 667 "-" "Mozilla/5.0 (compatible; SemrushBot/1~bl; +http://www.semrush.com/bot.html)" 
192.243.55.134 - - [21/Apr/2016:15:15:51 -0700] "GET /self.logs/access.log.2015-07-22.gz HTTP/1.1" 200 4651 "-" "Mozilla/5.0 (compatible; SemrushBot/1~bl; +http://www.semrush.com/bot.html)" 
192.243.55.134 - - [21/Apr/2016:15:16:46 -0700] "GET /self.logs/error.log.2015-04-13.gz HTTP/1.1" 200 808 "-" "Mozilla/5.0 (compatible; SemrushBot/1~bl; +http://www.semrush.com/bot.html)" 
192.243.55.130 - - [21/Apr/2016:15:17:18 -0700] "GET /self.logs/error.log.2015-10-14.gz HTTP/1.1" 200 850 "-" "Mozilla/5.0 (compatible; SemrushBot/1~bl; +http://www.semrush.com/bot.html)" 
128.194.142.185 - - [21/Apr/2016:15:17:24 -0700] "GET / HTTP/1.1" 200 8801 "https://www.google.com/" "Mozilla/5.0 (Windows NT 10.0; Win64; x64) AppleWebKit/537.36 (KHTML, like Gecko) Chrome/49.0.2623.112 Safari/537.36" 
128.194.142.185 - - [21/Apr/2016:15:17:24 -0700] "GET /twitter-icon.png HTTP/1.1" 200 27787 "http://www.secrepo.com/" "Mozilla/5.0 (Windows NT 10.0; Win64; x64) AppleWebKit/537.36 (KHTML, like Gecko) Chrome/49.0.2623.112 Safari/537.36" 
128.194.142.185 - - [21/Apr/2016:15:17:24 -0700] "GET /GitHub-Mark.png HTTP/1.1" 200 7428 "http://www.secrepo.com/" "Mozilla/5.0 (Windows NT 10.0; Win64; x64) AppleWebKit/537.36 (KHTML, like Gecko) Chrome/49.0.2623.112 Safari/537.36" 
128.194.142.185 - - [21/Apr/2016:15:17:24 -0700] "GET /bootstrap/img/favicon.ico HTTP/1.1" 200 589 "http://www.secrepo.com/" "Mozilla/5.0 (Windows NT 10.0; Win64; x64) AppleWebKit/537.36 (KHTML, like Gecko) Chrome/49.0.2623.112 Safari/537.36" 
128.194.142.185 - - [21/Apr/2016:15:17:32 -0700] "GET /zeus/zeus_json.zip HTTP/1.1" 404 340 "http://www.secrepo.com/" "Mozilla/5.0 (Windows NT 10.0; Win64; x64) AppleWebKit/537.36 (KHTML, like Gecko) Chrome/49.0.2623.112 Safari/537.36" 
128.194.142.185 - - [21/Apr/2016:15:17:32 -0700] "GET /favicon.ico HTTP/1.1" 200 267 "http://www.secrepo.com/zeus/zeus_json.zip" "Mozilla/5.0 (Windows NT 10.0; Win64; x64) AppleWebKit/537.36 (KHTML, like Gecko) Chrome/49.0.2623.112 Safari/537.36" 
128.194.142.185 - - [21/Apr/2016:15:17:47 -0700] "GET /zeus/zeus_json.zip HTTP/1.1" 404 340 "-" "Mozilla/5.0 (Windows NT 10.0; Win64; x64) AppleWebKit/537.36 (KHTML, like Gecko) Chrome/49.0.2623.112 Safari/537.36" 
192.243.55.130 - - [21/Apr/2016:15:18:03 -0700] "GET /self.logs/access.log.2015-08-27.gz HTTP/1.1" 200 6066 "-" "Mozilla/5.0 (compatible; SemrushBot/1~bl; +http://www.semrush.com/bot.html)" 
192.243.55.134 - - [21/Apr/2016:15:18:47 -0700] "GET /self.logs/error.log.2015-07-01.gz HTTP/1.1" 200 1008 "-" "Mozilla/5.0 (compatible; SemrushBot/1~bl; +http://www.semrush.com/bot.html)" 
192.243.55.129 - - [21/Apr/2016:15:19:26 -0700] "GET /self.logs/access.log.2015-12-09.gz HTTP/1.1" 200 7689 "-" "Mozilla/5.0 (compatible; SemrushBot/1~bl; +http://www.semrush.com/bot.html)" 
192.243.55.134 - - [21/Apr/2016:15:20:08 -0700] "GET /self.logs/error.log.2016-01-03.gz HTTP/1.1" 200 667 "-" "Mozilla/5.0 (compatible; SemrushBot/1~bl; +http://www.semrush.com/bot.html)" 
192.243.55.133 - - [21/Apr/2016:15:20:52 -0700] "GET /self.logs/error.log.2015-01-25.gz HTTP/1.1" 200 574 "-" "Mozilla/5.0 (compatible; SemrushBot/1~bl; +http://www.semrush.com/bot.html)" 
192.243.55.138 - - [21/Apr/2016:15:21:05 -0700] "GET /self.logs/error.log.2016-02-11.gz HTTP/1.1" 200 830 "-" "Mozilla/5.0 (compatible; SemrushBot/1~bl; +http://www.semrush.com/bot.html)" 
157.55.39.80 - - [21/Apr/2016:15:21:22 -0700] "GET /self.logs/error.log.2015-12-10.gz HTTP/1.1" 200 542 "-" "Mozilla/5.0 (compatible; bingbot/2.0; +http://www.bing.com/bingbot.htm)" 
192.243.55.129 - - [21/Apr/2016:15:21:53 -0700] "GET /self.logs/error.log.2015-09-28.gz HTTP/1.1" 200 736 "-" "Mozilla/5.0 (compatible; SemrushBot/1~bl; +http://www.semrush.com/bot.html)" 
192.243.55.138 - - [21/Apr/2016:15:22:15 -0700] "GET /self.logs/access.log.2015-03-17.gz HTTP/1.1" 200 5986 "-" "Mozilla/5.0 (compatible; SemrushBot/1~bl; +http://www.semrush.com/bot.html)" 
192.243.55.132 - - [21/Apr/2016:15:22:38 -0700] "GET /self.logs/access.log.2015-08-08.gz HTTP/1.1" 200 2816 "-" "Mozilla/5.0 (compatible; SemrushBot/1~bl; +http://www.semrush.com/bot.html)" 
192.243.55.137 - - [21/Apr/2016:15:23:04 -0700] "GET /maccdc2012/dhcp.log.gz HTTP/1.1" 200 44982 "-" "Mozilla/5.0 (compatible; SemrushBot/1~bl; +http://www.semrush.com/bot.html)" 
192.243.55.134 - - [21/Apr/2016:15:23:26 -0700] "GET /self.logs/error.log.2015-02-18.gz HTTP/1.1" 200 3086 "-" "Mozilla/5.0 (compatible; SemrushBot/1~bl; +http://www.semrush.com/bot.html)" 
192.243.55.130 - - [21/Apr/2016:15:23:51 -0700] "GET /self.logs/access.log.2015-06-21.gz HTTP/1.1" 200 10021 "-" "Mozilla/5.0 (compatible; SemrushBot/1~bl; +http://www.semrush.com/bot.html)" 
192.243.55.132 - - [21/Apr/2016:15:24:21 -0700] "GET /self.logs/error.log.2015-09-07.gz HTTP/1.1" 200 679 "-" "Mozilla/5.0 (compatible; SemrushBot/1~bl; +http://www.semrush.com/bot.html)" 
192.243.55.134 - - [21/Apr/2016:15:24:42 -0700] "GET /self.logs/access.log.2015-12-26.gz HTTP/1.1" 200 3786 "-" "Mozilla/5.0 (compatible; SemrushBot/1~bl; +http://www.semrush.com/bot.html)" 
192.243.55.133 - - [21/Apr/2016:15:25:06 -0700] "GET /self.logs/error.log.2015-06-02.gz HTTP/1.1" 200 781 "-" "Mozilla/5.0 (compatible; SemrushBot/1~bl; +http://www.semrush.com/bot.html)" 
192.243.55.137 - - [21/Apr/2016:15:25:30 -0700] "GET /self.logs/access.log.2015-09-24.gz HTTP/1.1" 200 4767 "-" "Mozilla/5.0 (compatible; SemrushBot/1~bl; +http://www.semrush.com/bot.html)" 
192.243.55.133 - - [21/Apr/2016:15:26:00 -0700] "GET /self.logs/error.log.2015-11-17.gz HTTP/1.1" 200 565 "-" "Mozilla/5.0 (compatible; SemrushBot/1~bl; +http://www.semrush.com/bot.html)" 
192.243.55.134 - - [21/Apr/2016:15:26:19 -0700] "GET /self.logs/error.log.2015-12-05.gz HTTP/1.1" 200 757 "-" "Mozilla/5.0 (compatible; SemrushBot/1~bl; +http://www.semrush.com/bot.html)" 
192.243.55.129 - - [21/Apr/2016:15:26:41 -0700] "GET /self.logs/access.log.2015-01-29.gz HTTP/1.1" 200 8374 "-" "Mozilla/5.0 (compatible; SemrushBot/1~bl; +http://www.semrush.com/bot.html)" 
192.243.55.133 - - [21/Apr/2016:15:27:09 -0700] "GET /self.logs/error.log.2015-05-10.gz HTTP/1.1" 200 974 "-" "Mozilla/5.0 (compatible; SemrushBot/1~bl; +http://www.semrush.com/bot.html)" 
192.243.55.135 - - [21/Apr/2016:15:27:33 -0700] "GET /self.logs/error.log.2016-03-12.gz HTTP/1.1" 200 706 "-" "Mozilla/5.0 (compatible; SemrushBot/1~bl; +http://www.semrush.com/bot.html)" 
117.190.191.170 - - [21/Apr/2016:15:27:51 -0700] "GET /tg/a.zip HTTP/1.1" 304 132 "-" "Mozilla/5.0 Gecko/20100115 Firefox/3.6" 
192.243.55.131 - - [21/Apr/2016:15:27:58 -0700] "GET /self.logs/access.log.2015-10-18.gz HTTP/1.1" 200 4376 "-" "Mozilla/5.0 (compatible; SemrushBot/1~bl; +http://www.semrush.com/bot.html)" 
192.243.55.132 - - [21/Apr/2016:15:28:21 -0700] "GET /self.logs/access.log.2015-07-13.gz HTTP/1.1" 200 4943 "-" "Mozilla/5.0 (compatible; SemrushBot/1~bl; +http://www.semrush.com/bot.html)" 
192.243.55.136 - - [21/Apr/2016:15:28:46 -0700] "GET /self.logs/access.log.2015-10-06.gz HTTP/1.1" 200 6200 "-" "Mozilla/5.0 (compatible; SemrushBot/1~bl; +http://www.semrush.com/bot.html)" 
192.243.55.134 - - [21/Apr/2016:15:29:18 -0700] "GET /self.logs/access.log.2015-04-01.gz HTTP/1.1" 200 4826 "-" "Mozilla/5.0 (compatible; SemrushBot/1~bl; +http://www.semrush.com/bot.html)" 
192.243.55.138 - - [21/Apr/2016:15:29:34 -0700] "GET /self.logs/access.log.2015-02-25.gz HTTP/1.1" 200 2760 "-" "Mozilla/5.0 (compatible; SemrushBot/1~bl; +http://www.semrush.com/bot.html)" 
192.243.55.134 - - [21/Apr/2016:15:29:58 -0700] "GET /self.logs/error.log.2015-11-09.gz HTTP/1.1" 200 761 "-" "Mozilla/5.0 (compatible; SemrushBot/1~bl; +http://www.semrush.com/bot.html)" 
192.243.55.131 - - [21/Apr/2016:15:30:23 -0700] "GET /self.logs/access.log.2016-02-03.gz HTTP/1.1" 200 7249 "-" "Mozilla/5.0 (compatible; SemrushBot/1~bl; +http://www.semrush.com/bot.html)" 
