54.210.147.136 - - [06/Mar/2016:01:49:57 -0800] "GET /robots.txt HTTP/1.1" 200 304 "-" "Mozilla/5.0 (Macintosh; Intel Mac OS X 10.9; rv:28.0) Gecko/20100101 Firefox/28.0 (FlipboardProxy/1.1; +http://flipboard.com/browserproxy)" 
54.210.147.136 - - [06/Mar/2016:01:49:57 -0800] "GET / HTTP/1.1" 200 8625 "-" "Mozilla/5.0 (Macintosh; Intel Mac OS X 10.9; rv:28.0) Gecko/20100101 Firefox/28.0 (FlipboardProxy/1.1; +http://flipboard.com/browserproxy)" 
207.46.13.37 - - [06/Mar/2016:01:58:47 -0800] "GET /self.logs/access.log.2015-07-07.gz HTTP/1.1" 200 4998 "-" "Mozilla/5.0 (compatible; bingbot/2.0; +http://www.bing.com/bingbot.htm)" 
117.190.191.170 - - [06/Mar/2016:02:22:04 -0800] "GET /tg/a.zip HTTP/1.1" 304 132 "-" "Mozilla/5.0 Gecko/20100115 Firefox/3.6" 
207.46.13.56 - - [06/Mar/2016:02:23:21 -0800] "GET /self.logs/error.log.2015-04-05.gz HTTP/1.1" 301 544 "-" "Mozilla/5.0 (compatible; bingbot/2.0; +http://www.bing.com/bingbot.htm)" 
207.46.13.56 - - [06/Mar/2016:02:26:08 -0800] "GET /self.logs/access.log.2015-09-02.gz HTTP/1.1" 301 546 "-" "Mozilla/5.0 (compatible; bingbot/2.0; +http://www.bing.com/bingbot.htm)" 
159.226.95.68 - - [06/Mar/2016:02:32:08 -0800] "GET /favicon.ico HTTP/1.1" 200 268 "http://www.googto.com/?q=botnet%20public%20dataset" "Mozilla/5.0 (Windows NT 6.1; WOW64) AppleWebKit/537.36 (KHTML, like Gecko) Chrome/42.0.2311.152 Safari/537.36 LBBROWSER" 
207.46.13.37 - - [06/Mar/2016:02:42:53 -0800] "GET /self.logs/error.log.2015-02-18.gz HTTP/1.1" 301 544 "-" "Mozilla/5.0 (compatible; bingbot/2.0; +http://www.bing.com/bingbot.htm)" 
122.172.197.144 - - [06/Mar/2016:02:43:44 -0800] "GET / HTTP/1.1" 200 8681 "-" "Mozilla/5.0 (Macintosh; Intel Mac OS X 10_11_3) AppleWebKit/601.4.4 (KHTML, like Gecko)" 
122.172.197.144 - - [06/Mar/2016:02:43:45 -0800] "GET /apple-touch-icon-precomposed.png HTTP/1.1" 404 340 "-" "Safari/11601.4.4 CFNetwork/760.2.6 Darwin/15.3.0 (x86_64)" 
122.172.197.144 - - [06/Mar/2016:02:43:46 -0800] "GET /apple-touch-icon.png HTTP/1.1" 404 339 "-" "Safari/11601.4.4 CFNetwork/760.2.6 Darwin/15.3.0 (x86_64)" 
122.172.197.144 - - [06/Mar/2016:02:43:46 -0800] "GET /apple-touch-icon-precomposed.png HTTP/1.1" 404 339 "-" "Safari/11601.4.4 CFNetwork/760.2.6 Darwin/15.3.0 (x86_64)" 
122.172.197.144 - - [06/Mar/2016:02:43:47 -0800] "GET /apple-touch-icon.png HTTP/1.1" 404 339 "-" "Safari/11601.4.4 CFNetwork/760.2.6 Darwin/15.3.0 (x86_64)" 
211.137.56.194 - - [06/Mar/2016:02:57:43 -0800] "GET /tg/a.zip HTTP/1.1" 304 132 "-" "Mozilla/5.0 Gecko/20100115 Firefox/3.6" 
95.14.76.238 - - [06/Mar/2016:02:58:03 -0800] "GET /bootstrap/img/favicon.ico HTTP/1.1" 200 590 "-" "Mozilla/5.0 (Windows NT 10.0; WOW64; rv:44.0) Gecko/20100101 Firefox/44.0" 
51.255.65.57 - - [06/Mar/2016:03:27:45 -0800] "GET /self.logs/?C=M;O=A HTTP/1.1" 200 8882 "-" "Mozilla/5.0 (compatible; AhrefsBot/5.0; +http://ahrefs.com/robot/)" 
213.251.184.38 - - [06/Mar/2016:03:28:39 -0800] "GET /robots.txt HTTP/1.0" 200 252 "-" "Mozilla/5.0 (compatible; MJ12bot/v1.4.5; http://www.majestic12.co.uk/bot.php?+)" 
213.251.184.38 - - [06/Mar/2016:03:28:40 -0800] "GET /self.logs/?C=M;O=D HTTP/1.0" 200 79317 "-" "Mozilla/5.0 (compatible; MJ12bot/v1.4.5; http://www.majestic12.co.uk/bot.php?+)" 
213.251.184.38 - - [06/Mar/2016:03:28:43 -0800] "GET /self.logs/?C=S;O=D HTTP/1.0" 200 9770 "-" "Mozilla/5.0 (compatible; MJ12bot/v1.4.5; http://www.majestic12.co.uk/bot.php?+)" 
211.137.56.172 - - [06/Mar/2016:03:29:00 -0800] "GET /tg/a.zip HTTP/1.1" 304 132 "-" "Mozilla/5.0 Gecko/20100115 Firefox/3.6" 
218.200.66.203 - - [06/Mar/2016:03:56:30 -0800] "GET /tg/a.zip HTTP/1.1" 304 132 "-" "Mozilla/5.0 Gecko/20100115 Firefox/3.6" 
111.7.128.40 - - [06/Mar/2016:03:57:08 -0800] "GET /tg/a.zip HTTP/1.1" 304 132 "-" "Mozilla/5.0 Gecko/20100115 Firefox/3.6" 
211.137.56.201 - - [06/Mar/2016:03:57:27 -0800] "GET /tg/a.zip HTTP/1.1" 304 132 "-" "Mozilla/5.0 Gecko/20100115 Firefox/3.6" 
50.197.161.141 - - [06/Mar/2016:03:58:17 -0800] "GET / HTTP/1.1" 200 8681 "https://www.google.com/" "Mozilla/5.0 (Macintosh; Intel Mac OS X 10_10_5) AppleWebKit/537.36 (KHTML, like Gecko) Chrome/48.0.2564.116 Safari/537.36" 
50.197.161.141 - - [06/Mar/2016:03:58:17 -0800] "GET /twitter-icon.png HTTP/1.1" 200 27787 "http://www.secrepo.com/" "Mozilla/5.0 (Macintosh; Intel Mac OS X 10_10_5) AppleWebKit/537.36 (KHTML, like Gecko) Chrome/48.0.2564.116 Safari/537.36" 
50.197.161.141 - - [06/Mar/2016:03:58:18 -0800] "GET /GitHub-Mark.png HTTP/1.1" 200 7427 "http://www.secrepo.com/" "Mozilla/5.0 (Macintosh; Intel Mac OS X 10_10_5) AppleWebKit/537.36 (KHTML, like Gecko) Chrome/48.0.2564.116 Safari/537.36" 
77.101.215.173 - - [06/Mar/2016:04:04:58 -0800] "GET /bootstrap/img/favicon.ico HTTP/1.1" 200 590 "-" "Mozilla/5.0 (Windows NT 10.0; Win64; x64) AppleWebKit/537.36 (KHTML, like Gecko) Chrome/48.0.2564.116 Safari/537.36" 
92.6.24.177 - - [06/Mar/2016:04:09:25 -0800] "GET / HTTP/1.1" 200 8681 "https://www.google.com" "Mozilla/5.0 (Windows NT 6.3; WOW64; rv:44.0) Gecko/20100101 Firefox/44.0" 
92.6.24.177 - - [06/Mar/2016:04:09:25 -0800] "GET /twitter-icon.png HTTP/1.1" 200 27787 "http://www.secrepo.com/" "Mozilla/5.0 (Windows NT 6.3; WOW64; rv:44.0) Gecko/20100101 Firefox/44.0" 
92.6.24.177 - - [06/Mar/2016:04:09:25 -0800] "GET /GitHub-Mark.png HTTP/1.1" 200 7428 "http://www.secrepo.com/" "Mozilla/5.0 (Windows NT 6.3; WOW64; rv:44.0) Gecko/20100101 Firefox/44.0" 
207.46.13.56 - - [06/Mar/2016:04:18:37 -0800] "GET /self.logs/access.log.2015-09-16.gz HTTP/1.1" 301 546 "-" "Mozilla/5.0 (compatible; bingbot/2.0; +http://www.bing.com/bingbot.htm)" 
89.13.97.182 - - [06/Mar/2016:04:25:49 -0800] "GET / HTTP/1.1" 200 8681 "http://www.mlsecproject.org/" "Mozilla/5.0 (Windows NT 10.0; WOW64; rv:44.0) Gecko/20100101 Firefox/44.0" 
89.13.97.182 - - [06/Mar/2016:04:25:50 -0800] "GET /bootstrap/img/favicon.ico HTTP/1.1" 200 589 "-" "Mozilla/5.0 (Windows NT 10.0; WOW64; rv:44.0) Gecko/20100101 Firefox/44.0" 
89.13.97.182 - - [06/Mar/2016:04:25:50 -0800] "GET /twitter-icon.png HTTP/1.1" 200 27787 "http://www.secrepo.com/" "Mozilla/5.0 (Windows NT 10.0; WOW64; rv:44.0) Gecko/20100101 Firefox/44.0" 
89.13.97.182 - - [06/Mar/2016:04:25:50 -0800] "GET /GitHub-Mark.png HTTP/1.1" 200 7428 "http://www.secrepo.com/" "Mozilla/5.0 (Windows NT 10.0; WOW64; rv:44.0) Gecko/20100101 Firefox/44.0" 
111.23.10.33 - - [06/Mar/2016:04:38:57 -0800] "GET /tg/a.zip HTTP/1.1" 304 132 "-" "Mozilla/5.0 Gecko/20100115 Firefox/3.6" 
207.46.13.56 - - [06/Mar/2016:04:45:38 -0800] "GET /self.logs/access.log.2015-08-28.gz HTTP/1.1" 200 7681 "-" "Mozilla/5.0 (compatible; bingbot/2.0; +http://www.bing.com/bingbot.htm)" 
139.196.175.75 - - [06/Mar/2016:05:00:41 -0800] "GET /honeypot/Honeypot%20-%20Howto.pdf HTTP/1.1" 200 1279418 "-" "Mozilla/4.0 (compatible; MSIE 6.0; Windows NT 5.1)" 
180.76.15.30 - - [06/Mar/2016:05:14:29 -0800] "GET /self.logs/error.log.2016-01-22 HTTP/1.1" 200 297 "-" "Mozilla/5.0 (compatible; Baiduspider/2.0; +http://www.baidu.com/search/spider.html)" 
212.98.207.134 - - [06/Mar/2016:05:21:08 -0800] "GET /bootstrap/img/favicon.ico HTTP/1.1" 200 590 "-" "Mozilla/5.0 (Windows NT 10.0; WOW64; rv:44.0) Gecko/20100101 Firefox/44.0" 
117.190.191.170 - - [06/Mar/2016:05:22:04 -0800] "GET /tg/a.zip HTTP/1.1" 304 132 "-" "Mozilla/5.0 Gecko/20100115 Firefox/3.6" 
123.125.71.34 - - [06/Mar/2016:05:17:45 -0800] "GET /maccdc2012/maccdc2012_fast_alert.7z HTTP/1.1" 200 9240340 "-" "Mozilla/5.0 (compatible; Baiduspider/2.0; +http://www.baidu.com/search/spider.html)" 
51.255.65.30 - - [06/Mar/2016:05:23:42 -0800] "GET /self.logs/error.log.2016-01-29.gz HTTP/1.1" 200 613 "-" "Mozilla/5.0 (compatible; AhrefsBot/5.0; +http://ahrefs.com/robot/)" 
207.46.13.142 - - [06/Mar/2016:05:25:38 -0800] "GET / HTTP/1.1" 200 8681 "-" "Mozilla/5.0 (compatible; bingbot/2.0; +http://www.bing.com/bingbot.htm)" 
203.133.169.13 - - [06/Mar/2016:05:42:59 -0800] "GET / HTTP/1.1" 200 8681 "-" "Mozilla/5.0 (compatible; MSIE or Firefox mutant;) Daum 4.1" 
211.137.56.194 - - [06/Mar/2016:05:57:46 -0800] "GET /tg/a.zip HTTP/1.1" 304 132 "-" "Mozilla/5.0 Gecko/20100115 Firefox/3.6" 
207.46.13.142 - - [06/Mar/2016:06:26:26 -0800] "GET /self.logs/access.log.2015-09-21.gz HTTP/1.1" 301 546 "-" "Mozilla/5.0 (compatible; bingbot/2.0; +http://www.bing.com/bingbot.htm)" 
211.137.56.172 - - [06/Mar/2016:06:29:05 -0800] "GET /tg/a.zip HTTP/1.1" 304 132 "-" "Mozilla/5.0 Gecko/20100115 Firefox/3.6" 
218.200.66.203 - - [06/Mar/2016:06:56:34 -0800] "GET /tg/a.zip HTTP/1.1" 304 132 "-" "Mozilla/5.0 Gecko/20100115 Firefox/3.6" 
111.7.128.40 - - [06/Mar/2016:06:57:08 -0800] "GET /tg/a.zip HTTP/1.1" 304 132 "-" "Mozilla/5.0 Gecko/20100115 Firefox/3.6" 
211.137.56.201 - - [06/Mar/2016:06:57:30 -0800] "GET /tg/a.zip HTTP/1.1" 304 132 "-" "Mozilla/5.0 Gecko/20100115 Firefox/3.6" 
218.200.66.203 - - [06/Mar/2016:07:27:41 -0800] "GET /tg/a.zip HTTP/1.1" 304 132 "-" "Mozilla/5.0 Gecko/20100115 Firefox/3.6" 
111.23.10.33 - - [06/Mar/2016:07:38:59 -0800] "GET /tg/a.zip HTTP/1.1" 304 132 "-" "Mozilla/5.0 Gecko/20100115 Firefox/3.6" 
207.46.13.56 - - [06/Mar/2016:07:44:52 -0800] "GET /self.logs/access.log.2015-06-12.gz HTTP/1.1" 200 6227 "-" "Mozilla/5.0 (compatible; bingbot/2.0; +http://www.bing.com/bingbot.htm)" 
95.14.76.238 - - [06/Mar/2016:07:52:38 -0800] "GET /bootstrap/img/favicon.ico HTTP/1.1" 200 590 "-" "Mozilla/5.0 (Windows NT 10.0; WOW64; rv:44.0) Gecko/20100101 Firefox/44.0" 
117.190.191.170 - - [06/Mar/2016:08:22:04 -0800] "GET /tg/a.zip HTTP/1.1" 304 132 "-" "Mozilla/5.0 Gecko/20100115 Firefox/3.6" 
207.46.13.56 - - [06/Mar/2016:08:26:31 -0800] "GET /self.logs/access.log.2015-03-21.gz HTTP/1.1" 200 2934 "-" "Mozilla/5.0 (compatible; bingbot/2.0; +http://www.bing.com/bingbot.htm)" 
101.183.22.178 - - [06/Mar/2016:08:26:45 -0800] "GET / HTTP/1.1" 200 8681 "http://www.mlsecproject.org/" "Mozilla/5.0 (Windows NT 6.1; WOW64) AppleWebKit/537.36 (KHTML, like Gecko) Chrome/48.0.2564.116 Safari/537.36" 
101.183.22.178 - - [06/Mar/2016:08:26:47 -0800] "GET /GitHub-Mark.png HTTP/1.1" 200 7428 "http://www.secrepo.com/" "Mozilla/5.0 (Windows NT 6.1; WOW64) AppleWebKit/537.36 (KHTML, like Gecko) Chrome/48.0.2564.116 Safari/537.36" 
101.183.22.178 - - [06/Mar/2016:08:26:47 -0800] "GET /twitter-icon.png HTTP/1.1" 200 27787 "http://www.secrepo.com/" "Mozilla/5.0 (Windows NT 6.1; WOW64) AppleWebKit/537.36 (KHTML, like Gecko) Chrome/48.0.2564.116 Safari/537.36" 
101.183.22.178 - - [06/Mar/2016:08:26:50 -0800] "GET /bootstrap/img/favicon.ico HTTP/1.1" 200 590 "http://www.secrepo.com/" "Mozilla/5.0 (Windows NT 6.1; WOW64) AppleWebKit/537.36 (KHTML, like Gecko) Chrome/48.0.2564.116 Safari/537.36" 
101.183.22.178 - - [06/Mar/2016:08:28:19 -0800] "GET /maccdc2012/dhcp.log.gz HTTP/1.1" 200 45019 "http://www.secrepo.com/" "Mozilla/5.0 (Windows NT 6.1; WOW64) AppleWebKit/537.36 (KHTML, like Gecko) Chrome/48.0.2564.116 Safari/537.36" 
101.183.22.178 - - [06/Mar/2016:08:30:12 -0800] "GET /self.logs/ HTTP/1.1" 200 8775 "http://www.secrepo.com/" "Mozilla/5.0 (Windows NT 6.1; WOW64) AppleWebKit/537.36 (KHTML, like Gecko) Chrome/48.0.2564.116 Safari/537.36" 
101.183.22.178 - - [06/Mar/2016:08:30:13 -0800] "GET /favicon.ico HTTP/1.1" 200 267 "http://www.secrepo.com/self.logs/" "Mozilla/5.0 (Windows NT 6.1; WOW64) AppleWebKit/537.36 (KHTML, like Gecko) Chrome/48.0.2564.116 Safari/537.36" 
207.46.13.142 - - [06/Mar/2016:08:43:01 -0800] "GET /self.logs/access.log.2015-02-26.gz HTTP/1.1" 200 3599 "-" "Mozilla/5.0 (compatible; bingbot/2.0; +http://www.bing.com/bingbot.htm)" 
211.137.56.194 - - [06/Mar/2016:08:57:50 -0800] "GET /tg/a.zip HTTP/1.1" 304 132 "-" "Mozilla/5.0 Gecko/20100115 Firefox/3.6" 
14.139.162.2 - - [06/Mar/2016:09:09:31 -0800] "GET / HTTP/1.1" 200 8681 "-" "Mozilla/5.0 (Windows NT 6.0; rv:43.0) Gecko/20100101 Firefox/43.0" 
14.139.162.2 - - [06/Mar/2016:09:09:34 -0800] "GET /bootstrap/img/favicon.ico HTTP/1.1" 200 590 "-" "Mozilla/5.0 (Windows NT 6.0; rv:43.0) Gecko/20100101 Firefox/43.0" 
14.139.162.2 - - [06/Mar/2016:09:09:38 -0800] "GET /GitHub-Mark.png HTTP/1.1" 200 7428 "http://www.secrepo.com/" "Mozilla/5.0 (Windows NT 6.0; rv:43.0) Gecko/20100101 Firefox/43.0" 
203.129.195.130 - - [06/Mar/2016:09:09:38 -0800] "GET /twitter-icon.png HTTP/1.1" 200 27788 "http://www.secrepo.com/" "Mozilla/5.0 (Windows NT 6.0; rv:43.0) Gecko/20100101 Firefox/43.0" 
14.139.162.2 - - [06/Mar/2016:09:13:26 -0800] "GET /self.logs/ HTTP/1.1" 200 8775 "http://www.secrepo.com/" "Mozilla/5.0 (Windows NT 6.0; rv:43.0) Gecko/20100101 Firefox/43.0" 
14.139.162.2 - - [06/Mar/2016:09:13:29 -0800] "GET /favicon.ico HTTP/1.1" 200 268 "-" "Mozilla/5.0 (Windows NT 6.0; rv:43.0) Gecko/20100101 Firefox/43.0" 
14.139.162.2 - - [06/Mar/2016:09:14:46 -0800] "GET /self.logs/access.log.2015-01-17.gz HTTP/1.1" 200 3597 "http://www.secrepo.com/self.logs/" "Mozilla/5.0 (Windows NT 6.0; rv:43.0) Gecko/20100101 Firefox/43.0" 
14.139.162.2 - - [06/Mar/2016:09:17:12 -0800] "GET /self.logs/?C=D;O=A HTTP/1.1" 200 8775 "http://www.secrepo.com/self.logs/" "Mozilla/5.0 (Windows NT 6.0; rv:43.0) Gecko/20100101 Firefox/43.0" 
14.139.162.2 - - [06/Mar/2016:09:18:11 -0800] "GET /self.logs/?C=D;O=D HTTP/1.1" 200 8827 "http://www.secrepo.com/self.logs/?C=D;O=A" "Mozilla/5.0 (Windows NT 6.0; rv:43.0) Gecko/20100101 Firefox/43.0" 
14.139.162.2 - - [06/Mar/2016:09:13:22 -0800] "GET /squid/access.log.gz HTTP/1.1" 200 9445840 "http://www.secrepo.com/" "Mozilla/5.0 (Windows NT 6.0; rv:43.0) Gecko/20100101 Firefox/43.0" 
211.137.56.172 - - [06/Mar/2016:09:29:14 -0800] "GET /tg/a.zip HTTP/1.1" 304 132 "-" "Mozilla/5.0 Gecko/20100115 Firefox/3.6" 
107.21.1.8 - - [06/Mar/2016:09:33:03 -0800] "GET / HTTP/1.1" 200 8681 "http://www.secrepo.com/" "Mozilla/5.0 (compatible; DuckDuckGo-Favicons-Bot/1.0; +http://duckduckgo.com)" 
107.21.1.8 - - [06/Mar/2016:09:33:03 -0800] "GET /bootstrap/img/favicon.ico HTTP/1.1" 200 589 "http://www.secrepo.com/bootstrap/img/favicon.ico" "Mozilla/5.0 (compatible; DuckDuckGo-Favicons-Bot/1.0; +http://duckduckgo.com)" 
120.26.124.141 - - [06/Mar/2016:09:34:43 -0800] "GET /honeypot/Honeypot%20-%20Howto%20-%20BSides%20Austin.pdf HTTP/1.1" 200 2928460 "-" "Mozilla/4.0 (compatible; MSIE 6.0; Windows NT 5.1)" 
66.249.64.129 - - [06/Mar/2016:09:39:30 -0800] "GET / HTTP/1.1" 200 8681 "-" "Mozilla/5.0 (compatible; Googlebot/2.1; +http://www.google.com/bot.html)" 
66.249.64.129 - - [06/Mar/2016:09:53:34 -0800] "GET / HTTP/1.1" 200 8681 "-" "Mozilla/5.0 (compatible; Googlebot/2.1; +http://www.google.com/bot.html)" 
111.7.128.40 - - [06/Mar/2016:09:57:11 -0800] "GET /tg/a.zip HTTP/1.1" 304 132 "-" "Mozilla/5.0 Gecko/20100115 Firefox/3.6" 
211.137.56.201 - - [06/Mar/2016:09:57:35 -0800] "GET /tg/a.zip HTTP/1.1" 304 132 "-" "Mozilla/5.0 Gecko/20100115 Firefox/3.6" 
66.249.64.250 - - [06/Mar/2016:09:57:36 -0800] "GET /data HTTP/1.1" 404 340 "-" "Mozilla/5.0 (compatible; Googlebot/2.1; +http://www.google.com/bot.html)" 
66.249.64.129 - - [06/Mar/2016:10:01:29 -0800] "GET /honeypot/BSidesDFW%20-%202014.ipynb HTTP/1.1" 200 930836 "-" "Mozilla/5.0 (compatible; Googlebot/2.1; +http://www.google.com/bot.html)" 
68.180.231.44 - - [06/Mar/2016:10:03:07 -0800] "GET /honeypot/Honeypot%20-%20Howto%20-%20BSides%20Austin.pdf HTTP/1.1" 304 112 "-" "Mozilla/5.0 (compatible; Yahoo! Slurp; http://help.yahoo.com/help/us/ysearch/slurp)" 
66.249.64.129 - - [06/Mar/2016:10:13:40 -0800] "GET / HTTP/1.1" 200 8681 "-" "Mozilla/5.0 (iPhone; CPU iPhone OS 8_3 like Mac OS X) AppleWebKit/600.1.4 (KHTML, like Gecko) Version/8.0 Mobile/12F70 Safari/600.1.4 (compatible; Googlebot/2.1; +http://www.google.com/bot.html)" 
218.200.66.203 - - [06/Mar/2016:10:27:42 -0800] "GET /tg/a.zip HTTP/1.1" 304 132 "-" "Mozilla/5.0 Gecko/20100115 Firefox/3.6" 
208.115.113.86 - - [06/Mar/2016:10:35:53 -0800] "GET /robots.txt HTTP/1.1" 200 233 "-" "Mozilla/5.0 (compatible; DotBot/1.1; http://www.opensiteexplorer.org/dotbot, help@moz.com)" 
111.23.10.33 - - [06/Mar/2016:10:38:59 -0800] "GET /tg/a.zip HTTP/1.1" 304 132 "-" "Mozilla/5.0 Gecko/20100115 Firefox/3.6" 
220.181.108.95 - - [06/Mar/2016:10:57:53 -0800] "GET / HTTP/1.1" 200 8644 "-" "Mozilla/5.0 (compatible; Baiduspider/2.0; +http://www.baidu.com/search/spider.html)" 
66.249.84.209 - - [06/Mar/2016:11:15:36 -0800] "GET / HTTP/1.1" 200 8681 "-" "Mozilla/5.0 (Windows NT 6.1; rv:6.0) Gecko/20110814 Firefox/6.0 Google Favicon" 
66.249.84.209 - - [06/Mar/2016:11:15:36 -0800] "GET /bootstrap/img/favicon.ico HTTP/1.1" 200 589 "-" "Mozilla/5.0 (Windows NT 6.1; rv:6.0) Gecko/20110814 Firefox/6.0 Google Favicon" 
85.234.43.252 - - [06/Mar/2016:11:16:01 -0800] "GET /honeypot/BSidesDFW%20-%202014.ipynb HTTP/1.1" 200 930836 "http://yandex.ru/search/touch/?lr=49&msid=22889.745.1457289213.7067&oprnd=5074916041&text=vvv_081+&suggest_reqid=114192057144531153892300670906367" "Mozilla/5.0 (Linux; Android 4.4.2; Lenovo S660 Build/KOT49H) AppleWebKit/537.36 (KHTML, like Gecko) Chrome/48.0.2564.99 Mobile Safari/537.36 OPR/35.0.2070.100283" 
66.249.64.245 - - [06/Mar/2016:11:19:03 -0800] "GET /bootstrap/img/favicon.ico HTTP/1.1" 304 165 "-" "Googlebot-Image/1.0" 
117.190.191.170 - - [06/Mar/2016:11:22:03 -0800] "GET /tg/a.zip HTTP/1.1" 304 132 "-" "Mozilla/5.0 Gecko/20100115 Firefox/3.6" 
180.76.15.26 - - [06/Mar/2016:11:27:41 -0800] "GET / HTTP/1.1" 200 21900 "-" "Mozilla/5.0 (compatible; Baiduspider/2.0; +http://www.baidu.com/search/spider.html)" 
180.76.15.9 - - [06/Mar/2016:11:28:16 -0800] "GET / HTTP/1.1" 200 21900 "-" "Mozilla/5.0 (compatible; Baiduspider/2.0; +http://www.baidu.com/search/spider.html)" 
207.46.13.37 - - [06/Mar/2016:11:30:40 -0800] "GET /self.logs/access.log.2015-06-24.gz HTTP/1.1" 301 546 "-" "Mozilla/5.0 (compatible; bingbot/2.0; +http://www.bing.com/bingbot.htm)" 
207.46.13.101 - - [06/Mar/2016:11:45:58 -0800] "GET /self.logs/error.log.2015-11-03.gz HTTP/1.1" 200 986 "-" "Mozilla/5.0 (compatible; bingbot/2.0; +http://www.bing.com/bingbot.htm)" 
72.205.46.120 - - [06/Mar/2016:11:48:08 -0800] "GET / HTTP/1.1" 200 8681 "-" "Mozilla/5.0 (Windows NT 10.0; WOW64) AppleWebKit/537.36 (KHTML, like Gecko) Chrome/48.0.2564.116 Safari/537.36" 
211.137.56.194 - - [06/Mar/2016:11:57:51 -0800] "GET /tg/a.zip HTTP/1.1" 304 132 "-" "Mozilla/5.0 Gecko/20100115 Firefox/3.6" 
208.115.113.86 - - [06/Mar/2016:11:58:42 -0800] "GET /data HTTP/1.1" 404 239 "-" "Mozilla/5.0 (compatible; DotBot/1.1; http://www.opensiteexplorer.org/dotbot, help@moz.com)" 
96.19.146.108 - - [06/Mar/2016:12:04:54 -0800] "GET / HTTP/1.1" 200 8681 "https://www.google.com/" "Mozilla/5.0 (Windows NT 10.0; WOW64) AppleWebKit/537.36 (KHTML, like Gecko) Chrome/48.0.2564.116 Safari/537.36" 
96.19.146.108 - - [06/Mar/2016:12:04:55 -0800] "GET /twitter-icon.png HTTP/1.1" 200 27787 "http://www.secrepo.com/" "Mozilla/5.0 (Windows NT 10.0; WOW64) AppleWebKit/537.36 (KHTML, like Gecko) Chrome/48.0.2564.116 Safari/537.36" 
96.19.146.108 - - [06/Mar/2016:12:04:55 -0800] "GET /GitHub-Mark.png HTTP/1.1" 200 7428 "http://www.secrepo.com/" "Mozilla/5.0 (Windows NT 10.0; WOW64) AppleWebKit/537.36 (KHTML, like Gecko) Chrome/48.0.2564.116 Safari/537.36" 
96.19.146.108 - - [06/Mar/2016:12:04:55 -0800] "GET /bootstrap/img/favicon.ico HTTP/1.1" 200 589 "http://www.secrepo.com/" "Mozilla/5.0 (Windows NT 10.0; WOW64) AppleWebKit/537.36 (KHTML, like Gecko) Chrome/48.0.2564.116 Safari/537.36" 
5.9.87.111 - - [06/Mar/2016:12:07:07 -0800] "GET /robots.txt HTTP/1.0" 200 252 "-" "Mozilla/5.0 (compatible; MJ12bot/v1.4.5; http://www.majestic12.co.uk/bot.php?+)" 
5.9.87.111 - - [06/Mar/2016:12:07:08 -0800] "GET /self.logs/?C=D;O=D HTTP/1.0" 200 79509 "-" "Mozilla/5.0 (compatible; MJ12bot/v1.4.5; http://www.majestic12.co.uk/bot.php?+)" 
5.9.87.111 - - [06/Mar/2016:12:07:16 -0800] "GET /self.logs/?C=S;O=D HTTP/1.0" 200 9806 "-" "Mozilla/5.0 (compatible; MJ12bot/v1.4.5; http://www.majestic12.co.uk/bot.php?+)" 
73.248.173.66 - - [06/Mar/2016:12:14:35 -0800] "GET / HTTP/1.1" 200 8681 "-" "Mozilla/5.0 (Macintosh; Intel Mac OS X 10_10_5) AppleWebKit/601.3.9 (KHTML, like Gecko) Version/9.0.2 Safari/601.3.9" 
73.248.173.66 - - [06/Mar/2016:12:14:35 -0800] "GET /twitter-icon.png HTTP/1.1" 200 27787 "http://www.secrepo.com/" "Mozilla/5.0 (Macintosh; Intel Mac OS X 10_10_5) AppleWebKit/601.3.9 (KHTML, like Gecko) Version/9.0.2 Safari/601.3.9" 
73.248.173.66 - - [06/Mar/2016:12:14:35 -0800] "GET /GitHub-Mark.png HTTP/1.1" 200 7428 "http://www.secrepo.com/" "Mozilla/5.0 (Macintosh; Intel Mac OS X 10_10_5) AppleWebKit/601.3.9 (KHTML, like Gecko) Version/9.0.2 Safari/601.3.9" 
51.255.65.70 - - [06/Mar/2016:12:17:39 -0800] "GET /self.logs/access.log.2016-02-17.gz HTTP/1.1" 200 11149 "-" "Mozilla/5.0 (compatible; AhrefsBot/5.0; +http://ahrefs.com/robot/)" 
51.255.65.73 - - [06/Mar/2016:12:22:13 -0800] "GET /self.logs/error.log.2015-12-08.gz HTTP/1.1" 200 610 "-" "Mozilla/5.0 (compatible; AhrefsBot/5.0; +http://ahrefs.com/robot/)" 
211.137.56.172 - - [06/Mar/2016:12:29:19 -0800] "GET /tg/a.zip HTTP/1.1" 304 132 "-" "Mozilla/5.0 Gecko/20100115 Firefox/3.6" 
114.55.3.146 - - [06/Mar/2016:12:48:29 -0800] "GET /honeypot/Honeypot%20-%20Howto%20-%20BSides%20Austin.pdf HTTP/1.1" 200 2928460 "-" "Mozilla/4.0 (compatible; MSIE 6.0; Windows NT 5.1)" 
114.55.3.146 - - [06/Mar/2016:12:48:30 -0800] "GET /honeypot/Honeypot%20-%20Howto%20-%20BSides%20Austin.pdf HTTP/1.1" 200 2928404 "-" "Mozilla/4.0 (compatible; MSIE 6.0; Windows NT 5.1)" 
111.7.128.40 - - [06/Mar/2016:12:57:14 -0800] "GET /tg/a.zip HTTP/1.1" 304 132 "-" "Mozilla/5.0 Gecko/20100115 Firefox/3.6" 
211.137.56.201 - - [06/Mar/2016:12:57:37 -0800] "GET /tg/a.zip HTTP/1.1" 304 132 "-" "Mozilla/5.0 Gecko/20100115 Firefox/3.6" 
91.183.186.227 - - [06/Mar/2016:13:14:26 -0800] "GET /honeypot/Honeypot%20-%20Howto.pdf HTTP/1.1" 200 1279418 "-" "Mozilla/5.0 (X11; Ubuntu; Linux i686; rv:31.0) Gecko/20100101 Firefox/31.0" 
91.183.186.227 - - [06/Mar/2016:13:15:56 -0800] "GET /favicon.ico HTTP/1.1" 200 268 "-" "Mozilla/5.0 (X11; Ubuntu; Linux i686; rv:31.0) Gecko/20100101 Firefox/31.0" 
218.200.66.203 - - [06/Mar/2016:13:27:46 -0800] "GET /tg/a.zip HTTP/1.1" 304 132 "-" "Mozilla/5.0 Gecko/20100115 Firefox/3.6" 
85.93.89.74 - - [06/Mar/2016:13:29:21 -0800] "GET / HTTP/1.1" 301 483 "-" "Mozilla/5.0 (compatible; MSIE 10.0; Windows NT 6.2; WOW64; Trident/6.0)" 
85.93.89.74 - - [06/Mar/2016:13:29:21 -0800] "GET / HTTP/1.1" 200 8681 "-" "Mozilla/5.0 (compatible; MSIE 10.0; Windows NT 6.2; WOW64; Trident/6.0)" 
85.93.89.74 - - [06/Mar/2016:13:29:21 -0800] "GET /data HTTP/1.1" 404 339 "-" "Mozilla/5.0 (Windows NT 6.1; WOW64; rv:40.0) Gecko/20100101 Firefox/40.1" 
85.93.89.74 - - [06/Mar/2016:13:29:22 -0800] "GET /maccdc2012/maccdc2012_fast_alert.7z HTTP/1.1" 200 29200 "-" "Mozilla/5.0 (Windows NT 6.1) AppleWebKit/537.36 (KHTML, like Gecko) Chrome/41.0.2228.0 Safari/537.36" 
85.93.89.74 - - [06/Mar/2016:13:29:22 -0800] "GET /maccdc2012/maccdc2012_full_alert.7z HTTP/1.1" 200 89060 "-" "Mozilla/5.0 (Windows NT 6.1; WOW64; rv:40.0) Gecko/20100101 Firefox/40.1" 
85.93.89.74 - - [06/Mar/2016:13:29:22 -0800] "GET /tg/tg_snort_fast.7z HTTP/1.1" 200 29200 "-" "Mozilla/5.0 (Windows NT 6.1; WOW64; rv:40.0) Gecko/20100101 Firefox/40.1" 
85.93.89.74 - - [06/Mar/2016:13:29:22 -0800] "GET /tg/tg_snort_full.7z HTTP/1.1" 200 29200 "-" "Mozilla/5.0 (Windows NT 6.1; WOW64; rv:40.0) Gecko/20100101 Firefox/40.1" 
85.93.89.74 - - [06/Mar/2016:13:29:23 -0800] "GET /self.logs/ HTTP/1.1" 200 8775 "-" "Mozilla/5.0 (Windows NT 6.1; WOW64; rv:40.0) Gecko/20100101 Firefox/40.1" 
85.93.89.74 - - [06/Mar/2016:13:29:23 -0800] "GET /honeypot/bsidesdfw%20-%202014.ipynb HTTP/1.1" 404 339 "-" "Mozilla/5.0 (Windows NT 6.1; WOW64; rv:40.0) Gecko/20100101 Firefox/40.1" 
85.93.89.74 - - [06/Mar/2016:13:29:23 -0800] "GET /self.logs/?c=n;o=d HTTP/1.1" 200 8775 "-" "Mozilla/5.0 (Windows NT 6.1) AppleWebKit/537.36 (KHTML, like Gecko) Chrome/41.0.2228.0 Safari/537.36" 
85.93.89.74 - - [06/Mar/2016:13:29:23 -0800] "GET /self.logs/?c=m;o=a HTTP/1.1" 200 8774 "-" "Mozilla/5.0 (Windows NT 6.1; WOW64; rv:40.0) Gecko/20100101 Firefox/40.1" 
85.93.89.74 - - [06/Mar/2016:13:29:23 -0800] "GET /self.logs/?c=s;o=a HTTP/1.1" 200 8774 "-" "Mozilla/5.0 (compatible; MSIE 10.0; Windows NT 6.2; WOW64; Trident/6.0)" 
85.93.89.74 - - [06/Mar/2016:13:29:23 -0800] "GET /self.logs/?c=d;o=a HTTP/1.1" 200 8774 "-" "Mozilla/5.0 (Windows NT 6.1; WOW64; rv:40.0) Gecko/20100101 Firefox/40.1" 
85.93.89.74 - - [06/Mar/2016:13:29:24 -0800] "GET /self.logs/error.log.2016-01-22 HTTP/1.1" 200 333 "-" "Mozilla/5.0 (Windows NT 6.1) AppleWebKit/537.36 (KHTML, like Gecko) Chrome/41.0.2228.0 Safari/537.36" 
141.8.143.159 - - [06/Mar/2016:13:38:09 -0800] "GET /robots.txt HTTP/1.1" 200 288 "-" "Mozilla/5.0 (compatible; YandexBot/3.0; +http://yandex.com/bots)" 
141.8.143.159 - - [06/Mar/2016:13:38:10 -0800] "GET / HTTP/1.1" 200 8680 "-" "Mozilla/5.0 (iPhone; CPU iPhone OS 8_1 like Mac OS X) AppleWebKit/600.1.4 (KHTML, like Gecko) Version/8.0 Mobile/12B411 Safari/600.1.4 (compatible; YandexMobileBot/3.0; +http://yandex.com/bots)" 
111.23.10.33 - - [06/Mar/2016:13:39:00 -0800] "GET /tg/a.zip HTTP/1.1" 304 132 "-" "Mozilla/5.0 Gecko/20100115 Firefox/3.6" 
141.8.143.159 - - [06/Mar/2016:13:40:04 -0800] "GET /honeypot/BSidesDFW%20-%202014.ipynb HTTP/1.1" 200 930836 "-" "Mozilla/5.0 (compatible; YandexBot/3.0; +http://yandex.com/bots)" 
62.210.170.165 - - [06/Mar/2016:13:44:38 -0800] "GET /robots.txt HTTP/1.0" 200 252 "-" "Mozilla/5.0 (compatible; MJ12bot/v1.4.5; http://www.majestic12.co.uk/bot.php?+)" 
62.210.170.165 - - [06/Mar/2016:13:44:40 -0800] "GET /honeypot//%22http://amunhoney.sourceforge.net//%22 HTTP/1.0" 404 284 "-" "Mozilla/5.0 (compatible; MJ12bot/v1.4.5; http://www.majestic12.co.uk/bot.php?+)" 
62.210.170.165 - - [06/Mar/2016:13:44:44 -0800] "GET /honeypot//%22http://glastopf.org//%22 HTTP/1.0" 404 303 "-" "Mozilla/5.0 (compatible; MJ12bot/v1.4.5; http://www.majestic12.co.uk/bot.php?+)" 
62.210.170.165 - - [06/Mar/2016:13:44:46 -0800] "GET /honeypot//%22http://www.maxmind.com/%22 HTTP/1.0" 404 303 "-" "Mozilla/5.0 (compatible; MJ12bot/v1.4.5; http://www.majestic12.co.uk/bot.php?+)" 
62.210.170.165 - - [06/Mar/2016:13:44:47 -0800] "GET /honeypot//%22https://twitter.com/sooshie/%22 HTTP/1.0" 404 303 "-" "Mozilla/5.0 (compatible; MJ12bot/v1.4.5; http://www.majestic12.co.uk/bot.php?+)" 
62.210.170.165 - - [06/Mar/2016:13:44:48 -0800] "GET /honeypot//%22https://twitter.com/theroxyd/%22 HTTP/1.0" 404 303 "-" "Mozilla/5.0 (compatible; MJ12bot/v1.4.5; http://www.majestic12.co.uk/bot.php?+)" 
73.162.28.252 - - [06/Mar/2016:14:08:03 -0800] "GET / HTTP/1.1" 304 189 "http://www.mlsecproject.org/" "Mozilla/5.0 (Windows NT 6.3; WOW64) AppleWebKit/537.36 (KHTML, like Gecko) Chrome/48.0.2564.116 Safari/537.36" 
73.162.28.252 - - [06/Mar/2016:14:08:04 -0800] "GET /data HTTP/1.1" 404 339 "-" "Mozilla/5.0 (Windows NT 6.3; WOW64) AppleWebKit/537.36 (KHTML, like Gecko) Chrome/48.0.2564.116 Safari/537.36" 
73.162.28.252 - - [06/Mar/2016:14:08:04 -0800] "GET /maccdc2012/dhcp.log.gz HTTP/1.1" 200 45019 "-" "Mozilla/5.0 (Windows NT 6.3; WOW64) AppleWebKit/537.36 (KHTML, like Gecko) Chrome/48.0.2564.116 Safari/537.36" 
73.162.28.252 - - [06/Mar/2016:14:08:04 -0800] "GET / HTTP/1.1" 301 483 "-" "Mozilla/5.0 (Windows NT 6.3; WOW64) AppleWebKit/537.36 (KHTML, like Gecko) Chrome/48.0.2564.116 Safari/537.36" 
73.162.28.252 - - [06/Mar/2016:14:08:04 -0800] "GET /maccdc2012/notice.log.gz HTTP/1.1" 200 20778 "-" "Mozilla/5.0 (Windows NT 6.3; WOW64) AppleWebKit/537.36 (KHTML, like Gecko) Chrome/48.0.2564.116 Safari/537.36" 
73.162.28.252 - - [06/Mar/2016:14:08:04 -0800] "GET /maccdc2012/ftp.log.gz HTTP/1.1" 200 128116 "-" "Mozilla/5.0 (Windows NT 6.3; WOW64) AppleWebKit/537.36 (KHTML, like Gecko) Chrome/48.0.2564.116 Safari/537.36" 
73.162.28.252 - - [06/Mar/2016:14:08:04 -0800] "GET /maccdc2012/signatures.log.gz HTTP/1.1" 200 604 "-" "Mozilla/5.0 (Windows NT 6.3; WOW64) AppleWebKit/537.36 (KHTML, like Gecko) Chrome/48.0.2564.116 Safari/537.36" 
73.162.28.252 - - [06/Mar/2016:14:08:05 -0800] "GET /maccdc2012/smtp.log.gz HTTP/1.1" 200 6907 "-" "Mozilla/5.0 (Windows NT 6.3; WOW64) AppleWebKit/537.36 (KHTML, like Gecko) Chrome/48.0.2564.116 Safari/537.36" 
73.162.28.252 - - [06/Mar/2016:14:08:04 -0800] "GET /maccdc2012/http.log.gz HTTP/1.1" 200 86922 "-" "Mozilla/5.0 (Windows NT 6.3; WOW64) AppleWebKit/537.36 (KHTML, like Gecko) Chrome/48.0.2564.116 Safari/537.36" 
73.162.28.252 - - [06/Mar/2016:14:08:05 -0800] "GET /maccdc2012/ssh.log.gz HTTP/1.1" 200 164807 "-" "Mozilla/5.0 (Windows NT 6.3; WOW64) AppleWebKit/537.36 (KHTML, like Gecko) Chrome/48.0.2564.116 Safari/537.36" 
73.162.28.252 - - [06/Mar/2016:14:08:04 -0800] "GET /maccdc2012/conn.log.gz HTTP/1.1" 200 189482 "-" "Mozilla/5.0 (Windows NT 6.3; WOW64) AppleWebKit/537.36 (KHTML, like Gecko) Chrome/48.0.2564.116 Safari/537.36" 
73.162.28.252 - - [06/Mar/2016:14:08:04 -0800] "GET /maccdc2012/dns.log.gz HTTP/1.1" 200 160281 "-" "Mozilla/5.0 (Windows NT 6.3; WOW64) AppleWebKit/537.36 (KHTML, like Gecko) Chrome/48.0.2564.116 Safari/537.36" 
73.162.28.252 - - [06/Mar/2016:14:08:04 -0800] "GET /maccdc2012/files.log.gz HTTP/1.1" 200 46402 "-" "Mozilla/5.0 (Windows NT 6.3; WOW64) AppleWebKit/537.36 (KHTML, like Gecko) Chrome/48.0.2564.116 Safari/537.36" 
73.162.28.252 - - [06/Mar/2016:14:08:05 -0800] "GET /maccdc2012/ssl.log.gz HTTP/1.1" 200 72680 "-" "Mozilla/5.0 (Windows NT 6.3; WOW64) AppleWebKit/537.36 (KHTML, like Gecko) Chrome/48.0.2564.116 Safari/537.36" 
117.190.191.170 - - [06/Mar/2016:14:22:07 -0800] "GET /tg/a.zip HTTP/1.1" 304 132 "-" "Mozilla/5.0 Gecko/20100115 Firefox/3.6" 
207.46.13.101 - - [06/Mar/2016:14:26:46 -0800] "GET /self.logs/access.log.2015-09-19.gz HTTP/1.1" 200 5528 "-" "Mozilla/5.0 (compatible; bingbot/2.0; +http://www.bing.com/bingbot.htm)" 
211.137.56.194 - - [06/Mar/2016:14:57:58 -0800] "GET /tg/a.zip HTTP/1.1" 304 132 "-" "Mozilla/5.0 Gecko/20100115 Firefox/3.6" 
72.205.46.120 - - [06/Mar/2016:15:13:44 -0800] "GET / HTTP/1.1" 200 8681 "-" "Mozilla/5.0 (Windows NT 10.0; WOW64) AppleWebKit/537.36 (KHTML, like Gecko) Chrome/48.0.2564.116 Safari/537.36" 
72.205.46.120 - - [06/Mar/2016:15:13:45 -0800] "GET /twitter-icon.png HTTP/1.1" 200 27787 "http://www.secrepo.com/" "Mozilla/5.0 (Windows NT 10.0; WOW64) AppleWebKit/537.36 (KHTML, like Gecko) Chrome/48.0.2564.116 Safari/537.36" 
72.205.46.120 - - [06/Mar/2016:15:13:45 -0800] "GET /GitHub-Mark.png HTTP/1.1" 200 7427 "http://www.secrepo.com/" "Mozilla/5.0 (Windows NT 10.0; WOW64) AppleWebKit/537.36 (KHTML, like Gecko) Chrome/48.0.2564.116 Safari/537.36" 
211.137.56.172 - - [06/Mar/2016:15:29:21 -0800] "GET /tg/a.zip HTTP/1.1" 304 132 "-" "Mozilla/5.0 Gecko/20100115 Firefox/3.6" 
50.153.163.81 - - [06/Mar/2016:15:53:10 -0800] "GET / HTTP/1.1" 200 8681 "-" "Mozilla/5.0 (Linux; Android 5.1.1; SM-N910V Build/LMY47X; wv) AppleWebKit/537.36 (KHTML, like Gecko) Version/4.0 Chrome/48.0.2564.106 Mobile Safari/537.36" 
50.153.163.81 - - [06/Mar/2016:15:53:12 -0800] "GET /twitter-icon.png HTTP/1.1" 200 27787 "http://www.secrepo.com/" "Mozilla/5.0 (Linux; Android 5.1.1; SM-N910V Build/LMY47X; wv) AppleWebKit/537.36 (KHTML, like Gecko) Version/4.0 Chrome/48.0.2564.106 Mobile Safari/537.36" 
50.153.163.81 - - [06/Mar/2016:15:53:12 -0800] "GET /GitHub-Mark.png HTTP/1.1" 200 7428 "http://www.secrepo.com/" "Mozilla/5.0 (Linux; Android 5.1.1; SM-N910V Build/LMY47X; wv) AppleWebKit/537.36 (KHTML, like Gecko) Version/4.0 Chrome/48.0.2564.106 Mobile Safari/537.36" 
50.153.163.81 - - [06/Mar/2016:15:53:13 -0800] "GET /bootstrap/img/favicon.ico HTTP/1.1" 200 589 "http://www.secrepo.com/" "Mozilla/5.0 (Linux; Android 5.1.1; SM-N910V Build/LMY47X; wv) AppleWebKit/537.36 (KHTML, like Gecko) Version/4.0 Chrome/48.0.2564.106 Mobile Safari/537.36" 
111.7.128.40 - - [06/Mar/2016:15:57:21 -0800] "GET /tg/a.zip HTTP/1.1" 304 132 "-" "Mozilla/5.0 Gecko/20100115 Firefox/3.6" 
211.137.56.201 - - [06/Mar/2016:15:57:41 -0800] "GET /tg/a.zip HTTP/1.1" 304 132 "-" "Mozilla/5.0 Gecko/20100115 Firefox/3.6" 
51.255.65.4 - - [06/Mar/2016:16:02:40 -0800] "GET /self.logs/access.log.2015-01-17.gz HTTP/1.1" 200 3541 "-" "Mozilla/5.0 (compatible; AhrefsBot/5.0; +http://ahrefs.com/robot/)" 
207.46.13.37 - - [06/Mar/2016:16:24:00 -0800] "GET /self.logs/access.log.2015-08-04.gz HTTP/1.1" 200 5781 "-" "Mozilla/5.0 (compatible; bingbot/2.0; +http://www.bing.com/bingbot.htm)" 
218.200.66.203 - - [06/Mar/2016:16:27:48 -0800] "GET /tg/a.zip HTTP/1.1" 304 132 "-" "Mozilla/5.0 Gecko/20100115 Firefox/3.6" 
123.125.71.113 - - [06/Mar/2016:16:31:40 -0800] "GET /robots.txt HTTP/1.1" 200 297 "-" "Mozilla/5.0 (compatible; Baiduspider/2.0; +http://www.baidu.com/search/spider.html)" 
67.83.199.237 - - [06/Mar/2016:16:37:53 -0800] "GET / HTTP/1.1" 200 8681 "http://www.mlsecproject.org/" "Mozilla/5.0 (X11; Linux x86_64) AppleWebKit/537.36 (KHTML, like Gecko) Chrome/48.0.2564.109 Safari/537.36" 
67.83.199.237 - - [06/Mar/2016:16:37:54 -0800] "GET /twitter-icon.png HTTP/1.1" 200 27787 "http://www.secrepo.com/" "Mozilla/5.0 (X11; Linux x86_64) AppleWebKit/537.36 (KHTML, like Gecko) Chrome/48.0.2564.109 Safari/537.36" 
67.83.199.237 - - [06/Mar/2016:16:37:54 -0800] "GET /GitHub-Mark.png HTTP/1.1" 200 7427 "http://www.secrepo.com/" "Mozilla/5.0 (X11; Linux x86_64) AppleWebKit/537.36 (KHTML, like Gecko) Chrome/48.0.2564.109 Safari/537.36" 
67.83.199.237 - - [06/Mar/2016:16:37:55 -0800] "GET /bootstrap/img/favicon.ico HTTP/1.1" 200 589 "http://www.secrepo.com/" "Mozilla/5.0 (X11; Linux x86_64) AppleWebKit/537.36 (KHTML, like Gecko) Chrome/48.0.2564.109 Safari/537.36" 
51.255.65.59 - - [06/Mar/2016:16:38:05 -0800] "GET /self.logs/error.log.2015-04-26.gz HTTP/1.1" 200 824 "-" "Mozilla/5.0 (compatible; AhrefsBot/5.0; +http://ahrefs.com/robot/)" 
111.23.10.33 - - [06/Mar/2016:16:39:02 -0800] "GET /tg/a.zip HTTP/1.1" 304 132 "-" "Mozilla/5.0 Gecko/20100115 Firefox/3.6" 
86.171.94.130 - - [06/Mar/2016:16:43:48 -0800] "GET / HTTP/1.1" 200 8681 "https://t.co/6nnCTYcDLT" "Mozilla/5.0 (Macintosh; Intel Mac OS X 10_10_5) AppleWebKit/537.36 (KHTML, like Gecko) Chrome/48.0.2564.116 Safari/537.36" 
86.171.94.130 - - [06/Mar/2016:16:43:49 -0800] "GET /twitter-icon.png HTTP/1.1" 200 27787 "http://www.secrepo.com/" "Mozilla/5.0 (Macintosh; Intel Mac OS X 10_10_5) AppleWebKit/537.36 (KHTML, like Gecko) Chrome/48.0.2564.116 Safari/537.36" 
86.171.94.130 - - [06/Mar/2016:16:43:49 -0800] "GET /GitHub-Mark.png HTTP/1.1" 200 7427 "http://www.secrepo.com/" "Mozilla/5.0 (Macintosh; Intel Mac OS X 10_10_5) AppleWebKit/537.36 (KHTML, like Gecko) Chrome/48.0.2564.116 Safari/537.36" 
195.145.215.1 - - [06/Mar/2016:16:51:04 -0800] "GET / HTTP/1.1" 304 189 "-" "Mozilla/4.0 (compatible;)" 
112.199.254.86 - - [06/Mar/2016:16:53:44 -0800] "GET / HTTP/1.1" 200 8681 "http://www.mlsecproject.org/" "Mozilla/5.0 (iPad; CPU OS 9_2_1 like Mac OS X) AppleWebKit/601.1.46 (KHTML, like Gecko) Version/9.0 Mobile/13D15 Safari/601.1" 
112.199.254.86 - - [06/Mar/2016:16:53:44 -0800] "GET /twitter-icon.png HTTP/1.1" 200 27787 "http://www.secrepo.com/" "Mozilla/5.0 (iPad; CPU OS 9_2_1 like Mac OS X) AppleWebKit/601.1.46 (KHTML, like Gecko) Version/9.0 Mobile/13D15 Safari/601.1" 
112.199.254.86 - - [06/Mar/2016:16:53:45 -0800] "GET /GitHub-Mark.png HTTP/1.1" 200 7428 "http://www.secrepo.com/" "Mozilla/5.0 (iPad; CPU OS 9_2_1 like Mac OS X) AppleWebKit/601.1.46 (KHTML, like Gecko) Version/9.0 Mobile/13D15 Safari/601.1" 
114.112.83.245 - - [06/Mar/2016:17:04:32 -0800] "GET / HTTP/1.1" 200 8681 "-" "Mozilla/5.0 (Macintosh; Intel Mac OS X 10_11_3) AppleWebKit/601.4.4 (KHTML, like Gecko)" 
114.112.83.245 - - [06/Mar/2016:17:04:32 -0800] "GET /apple-touch-icon-precomposed.png HTTP/1.1" 404 340 "-" "Safari/11601.4.4 CFNetwork/760.2.6 Darwin/15.3.0 (x86_64)" 
114.112.83.245 - - [06/Mar/2016:17:04:33 -0800] "GET /apple-touch-icon.png HTTP/1.1" 404 339 "-" "Safari/11601.4.4 CFNetwork/760.2.6 Darwin/15.3.0 (x86_64)" 
114.112.83.245 - - [06/Mar/2016:17:04:33 -0800] "GET /apple-touch-icon-precomposed.png HTTP/1.1" 404 339 "-" "Safari/11601.4.4 CFNetwork/760.2.6 Darwin/15.3.0 (x86_64)" 
114.112.83.245 - - [06/Mar/2016:17:04:33 -0800] "GET /apple-touch-icon.png HTTP/1.1" 404 339 "-" "Safari/11601.4.4 CFNetwork/760.2.6 Darwin/15.3.0 (x86_64)" 
180.76.15.28 - - [06/Mar/2016:17:04:57 -0800] "GET /self.logs/?C=N;O=A HTTP/1.1" 200 8738 "-" "Mozilla/5.0 (compatible; Baiduspider/2.0; +http://www.baidu.com/search/spider.html)" 
106.38.241.146 - - [06/Mar/2016:17:05:38 -0800] "GET /robots.txt HTTP/1.1" 200 252 "-" "Sogou web spider/4.0(+http://www.sogou.com/docs/help/webmasters.htm#07)" 
106.38.241.146 - - [06/Mar/2016:17:05:45 -0800] "GET / HTTP/1.1" 200 8644 "-" "Sogou web spider/4.0(+http://www.sogou.com/docs/help/webmasters.htm#07)" 
219.101.133.190 - - [06/Mar/2016:17:06:04 -0800] "GET / HTTP/1.1" 200 8681 "https://www.google.com/" "Mozilla/5.0 (Windows NT 6.1; WOW64) AppleWebKit/537.36 (KHTML, like Gecko) Chrome/48.0.2564.116 Safari/537.36" 
219.101.133.190 - - [06/Mar/2016:17:06:04 -0800] "GET /twitter-icon.png HTTP/1.1" 200 27787 "http://www.secrepo.com/" "Mozilla/5.0 (Windows NT 6.1; WOW64) AppleWebKit/537.36 (KHTML, like Gecko) Chrome/48.0.2564.116 Safari/537.36" 
219.101.133.190 - - [06/Mar/2016:17:06:04 -0800] "GET /GitHub-Mark.png HTTP/1.1" 200 7428 "http://www.secrepo.com/" "Mozilla/5.0 (Windows NT 6.1; WOW64) AppleWebKit/537.36 (KHTML, like Gecko) Chrome/48.0.2564.116 Safari/537.36" 
219.101.133.190 - - [06/Mar/2016:17:06:05 -0800] "GET /bootstrap/img/favicon.ico HTTP/1.1" 200 589 "http://www.secrepo.com/" "Mozilla/5.0 (Windows NT 6.1; WOW64) AppleWebKit/537.36 (KHTML, like Gecko) Chrome/48.0.2564.116 Safari/537.36" 
54.165.241.61 - - [06/Mar/2016:17:09:47 -0800] "GET / HTTP/1.1" 206 4462 "-" "Slackbot-LinkExpanding 1.0 (+https://api.slack.com/robots)" 
52.90.38.136 - - [06/Mar/2016:17:09:47 -0800] "GET / HTTP/1.1" 206 4443 "-" "Slackbot-LinkExpanding 1.0 (+https://api.slack.com/robots)" 
54.165.241.61 - - [06/Mar/2016:17:09:47 -0800] "GET / HTTP/1.1" 206 4443 "-" "Slackbot-LinkExpanding 1.0 (+https://api.slack.com/robots)" 
52.90.38.136 - - [06/Mar/2016:17:09:47 -0800] "GET / HTTP/1.1" 206 4444 "-" "Slackbot-LinkExpanding 1.0 (+https://api.slack.com/robots)" 
52.91.184.228 - - [06/Mar/2016:17:09:47 -0800] "GET / HTTP/1.1" 206 4445 "-" "Slackbot-LinkExpanding 1.0 (+https://api.slack.com/robots)" 
54.209.231.248 - - [06/Mar/2016:17:09:47 -0800] "GET / HTTP/1.1" 206 4445 "-" "Slackbot-LinkExpanding 1.0 (+https://api.slack.com/robots)" 
54.174.114.150 - - [06/Mar/2016:17:09:48 -0800] "GET / HTTP/1.1" 206 3910 "-" "Slackbot-LinkExpanding 1.0 (+https://api.slack.com/robots)" 
54.165.241.61 - - [06/Mar/2016:17:09:48 -0800] "GET / HTTP/1.1" 416 578 "-" "Slackbot-LinkExpanding 1.0 (+https://api.slack.com/robots)" 
107.21.1.8 - - [06/Mar/2016:17:15:42 -0800] "GET / HTTP/1.1" 200 8681 "http://www.secrepo.com/" "Mozilla/5.0 (compatible; DuckDuckGo-Favicons-Bot/1.0; +http://duckduckgo.com)" 
107.21.1.8 - - [06/Mar/2016:17:15:42 -0800] "GET /bootstrap/img/favicon.ico HTTP/1.1" 200 589 "http://www.secrepo.com/bootstrap/img/favicon.ico" "Mozilla/5.0 (compatible; DuckDuckGo-Favicons-Bot/1.0; +http://duckduckgo.com)" 
117.190.191.170 - - [06/Mar/2016:17:22:11 -0800] "GET /tg/a.zip HTTP/1.1" 304 132 "-" "Mozilla/5.0 Gecko/20100115 Firefox/3.6" 
207.46.13.56 - - [06/Mar/2016:17:39:41 -0800] "GET /self.logs/access.log.2015-08-21.gz HTTP/1.1" 200 4340 "-" "Mozilla/5.0 (compatible; bingbot/2.0; +http://www.bing.com/bingbot.htm)" 
23.251.55.110 - - [06/Mar/2016:17:41:00 -0800] "POST / HTTP/1.1" 200 28422 "http://www.secrepo.com/" "Mozilla/5.0 (Windows; Windows NT 5.1; en-US) Firefox/3.5.0" 
23.251.55.110 - - [06/Mar/2016:17:41:09 -0800] "GET /wp-content/uploads/woo.php HTTP/1.1" 404 239 "http://www.googlebot.com/bot.html" "Mozilla/5.0 (compatible; Googlebot/2.1; +http://www.google.com/bot.html)" 
51.255.65.60 - - [06/Mar/2016:17:51:55 -0800] "GET /self.logs/access.log.2015-03-19.gz HTTP/1.1" 200 3672 "-" "Mozilla/5.0 (compatible; AhrefsBot/5.0; +http://ahrefs.com/robot/)" 
211.137.56.194 - - [06/Mar/2016:17:57:59 -0800] "GET /tg/a.zip HTTP/1.1" 304 132 "-" "Mozilla/5.0 Gecko/20100115 Firefox/3.6" 
68.180.231.44 - - [06/Mar/2016:17:58:53 -0800] "GET /robots.txt HTTP/1.1" 200 233 "-" "Mozilla/5.0 (compatible; Yahoo! Slurp; http://help.yahoo.com/help/us/ysearch/slurp)" 
68.180.231.44 - - [06/Mar/2016:17:58:54 -0800] "GET /honeypot/BSidesDFW%20-%202014.ipynb HTTP/1.1" 200 930780 "-" "Mozilla/5.0 (compatible; Yahoo! Slurp; http://help.yahoo.com/help/us/ysearch/slurp)" 
219.101.133.190 - - [06/Mar/2016:18:03:54 -0800] "GET / HTTP/1.1" 200 8681 "-" "Mozilla/5.0 (X11; Linux x86_64) AppleWebKit/537.36 (KHTML, like Gecko) Ubuntu Chromium/48.0.2564.116 Chrome/48.0.2564.116 Safari/537.36" 
219.101.133.190 - - [06/Mar/2016:18:03:54 -0800] "GET /twitter-icon.png HTTP/1.1" 200 27787 "http://www.secrepo.com/" "Mozilla/5.0 (X11; Linux x86_64) AppleWebKit/537.36 (KHTML, like Gecko) Ubuntu Chromium/48.0.2564.116 Chrome/48.0.2564.116 Safari/537.36" 
219.101.133.190 - - [06/Mar/2016:18:03:54 -0800] "GET /GitHub-Mark.png HTTP/1.1" 200 7428 "http://www.secrepo.com/" "Mozilla/5.0 (X11; Linux x86_64) AppleWebKit/537.36 (KHTML, like Gecko) Ubuntu Chromium/48.0.2564.116 Chrome/48.0.2564.116 Safari/537.36" 
219.101.133.190 - - [06/Mar/2016:18:03:54 -0800] "GET /bootstrap/img/favicon.ico HTTP/1.1" 200 589 "http://www.secrepo.com/" "Mozilla/5.0 (X11; Linux x86_64) AppleWebKit/537.36 (KHTML, like Gecko) Ubuntu Chromium/48.0.2564.116 Chrome/48.0.2564.116 Safari/537.36" 
66.102.7.164 - - [06/Mar/2016:18:05:57 -0800] "GET / HTTP/1.1" 200 8681 "-" "Mozilla/5.0 (Windows NT 6.1; rv:6.0) Gecko/20110814 Firefox/6.0 Google Favicon" 
66.102.7.171 - - [06/Mar/2016:18:05:58 -0800] "GET /bootstrap/img/favicon.ico HTTP/1.1" 200 590 "-" "Mozilla/5.0 (Windows NT 6.1; rv:6.0) Gecko/20110814 Firefox/6.0 Google Favicon" 
211.137.56.172 - - [06/Mar/2016:18:29:23 -0800] "GET /tg/a.zip HTTP/1.1" 304 132 "-" "Mozilla/5.0 Gecko/20100115 Firefox/3.6" 
203.174.179.26 - - [06/Mar/2016:18:52:33 -0800] "GET / HTTP/1.1" 200 8681 "-" "Mozilla/5.0 (Windows NT 6.1; WOW64) AppleWebKit/537.36 (KHTML, like Gecko) Chrome/48.0.2564.116 Safari/537.36" 
203.174.179.26 - - [06/Mar/2016:18:52:34 -0800] "GET /twitter-icon.png HTTP/1.1" 200 27787 "http://www.secrepo.com/" "Mozilla/5.0 (Windows NT 6.1; WOW64) AppleWebKit/537.36 (KHTML, like Gecko) Chrome/48.0.2564.116 Safari/537.36" 
203.174.179.26 - - [06/Mar/2016:18:52:34 -0800] "GET /GitHub-Mark.png HTTP/1.1" 200 7428 "http://www.secrepo.com/" "Mozilla/5.0 (Windows NT 6.1; WOW64) AppleWebKit/537.36 (KHTML, like Gecko) Chrome/48.0.2564.116 Safari/537.36" 
203.174.179.26 - - [06/Mar/2016:18:52:35 -0800] "GET /bootstrap/img/favicon.ico HTTP/1.1" 200 589 "http://www.secrepo.com/" "Mozilla/5.0 (Windows NT 6.1; WOW64) AppleWebKit/537.36 (KHTML, like Gecko) Chrome/48.0.2564.116 Safari/537.36" 
222.130.172.87 - - [06/Mar/2016:18:54:45 -0800] "GET / HTTP/1.1" 200 8681 "-" "Mozilla/5.0 (Macintosh; Intel Mac OS X 10_11_3) AppleWebKit/601.4.4 (KHTML, like Gecko)" 
222.130.172.87 - - [06/Mar/2016:18:54:46 -0800] "GET /bootstrap/img/favicon.ico HTTP/1.1" 200 590 "-" "Safari/11601.4.4 CFNetwork/760.2.6 Darwin/15.3.0 (x86_64)" 
222.130.172.87 - - [06/Mar/2016:18:54:46 -0800] "GET /apple-touch-icon-precomposed.png HTTP/1.1" 404 340 "-" "Safari/11601.4.4 CFNetwork/760.2.6 Darwin/15.3.0 (x86_64)" 
222.130.172.87 - - [06/Mar/2016:18:54:47 -0800] "GET /apple-touch-icon.png HTTP/1.1" 404 339 "-" "Safari/11601.4.4 CFNetwork/760.2.6 Darwin/15.3.0 (x86_64)" 
222.130.172.87 - - [06/Mar/2016:18:54:47 -0800] "GET /apple-touch-icon-precomposed.png HTTP/1.1" 404 339 "-" "Safari/11601.4.4 CFNetwork/760.2.6 Darwin/15.3.0 (x86_64)" 
222.130.172.87 - - [06/Mar/2016:18:54:47 -0800] "GET /apple-touch-icon.png HTTP/1.1" 404 339 "-" "Safari/11601.4.4 CFNetwork/760.2.6 Darwin/15.3.0 (x86_64)" 
207.46.13.101 - - [06/Mar/2016:18:56:13 -0800] "GET /self.logs/access.log.2015-04-28.gz HTTP/1.1" 200 9531 "-" "Mozilla/5.0 (compatible; bingbot/2.0; +http://www.bing.com/bingbot.htm)" 
111.7.128.40 - - [06/Mar/2016:18:57:21 -0800] "GET /tg/a.zip HTTP/1.1" 304 132 "-" "Mozilla/5.0 Gecko/20100115 Firefox/3.6" 
211.137.56.201 - - [06/Mar/2016:18:57:43 -0800] "GET /tg/a.zip HTTP/1.1" 304 132 "-" "Mozilla/5.0 Gecko/20100115 Firefox/3.6" 
207.46.13.56 - - [06/Mar/2016:19:12:52 -0800] "GET /self.logs/access.log.2015-07-31.gz HTTP/1.1" 200 4452 "-" "Mozilla/5.0 (compatible; bingbot/2.0; +http://www.bing.com/bingbot.htm)" 
66.249.83.209 - - [06/Mar/2016:19:24:20 -0800] "GET / HTTP/1.1" 200 8681 "-" "Mozilla/5.0 (Windows NT 6.1; rv:6.0) Gecko/20110814 Firefox/6.0 Google Favicon" 
66.249.83.213 - - [06/Mar/2016:19:24:20 -0800] "GET /bootstrap/img/favicon.ico HTTP/1.1" 200 590 "-" "Mozilla/5.0 (Windows NT 6.1; rv:6.0) Gecko/20110814 Firefox/6.0 Google Favicon" 
207.46.13.142 - - [06/Mar/2016:19:27:05 -0800] "GET /self.logs/access.log.2015-06-25.gz HTTP/1.1" 301 546 "-" "Mozilla/5.0 (compatible; bingbot/2.0; +http://www.bing.com/bingbot.htm)" 
218.200.66.203 - - [06/Mar/2016:19:27:50 -0800] "GET /tg/a.zip HTTP/1.1" 304 132 "-" "Mozilla/5.0 Gecko/20100115 Firefox/3.6" 
114.55.0.10 - - [06/Mar/2016:19:27:48 -0800] "GET /honeypot/BSidesDFW%20-%202014.ipynb HTTP/1.1" 200 930836 "-" "Mozilla/4.0 (compatible; MSIE 6.0; Windows NT 5.1)" 
114.55.0.10 - - [06/Mar/2016:19:27:44 -0800] "GET /honeypot/BSidesDFW%20-%202014.ipynb HTTP/1.1" 200 930836 "-" "Mozilla/4.0 (compatible; MSIE 6.0; Windows NT 5.1)" 
151.80.31.150 - - [06/Mar/2016:19:35:00 -0800] "GET /self.logs/error.log.2015-11-06.gz HTTP/1.1" 200 653 "-" "Mozilla/5.0 (compatible; AhrefsBot/5.0; +http://ahrefs.com/robot/)" 
207.46.13.142 - - [06/Mar/2016:19:38:56 -0800] "GET /self.logs/access.log.2015-10-08.gz HTTP/1.1" 301 546 "-" "Mozilla/5.0 (compatible; bingbot/2.0; +http://www.bing.com/bingbot.htm)" 
111.23.10.33 - - [06/Mar/2016:19:39:03 -0800] "GET /tg/a.zip HTTP/1.1" 304 132 "-" "Mozilla/5.0 Gecko/20100115 Firefox/3.6" 
151.80.31.154 - - [06/Mar/2016:19:53:20 -0800] "GET /self.logs/error.log.2015-04-30.gz HTTP/1.1" 200 1192 "-" "Mozilla/5.0 (compatible; AhrefsBot/5.0; +http://ahrefs.com/robot/)" 
207.46.13.142 - - [06/Mar/2016:19:58:19 -0800] "GET /self.logs/access.log.2015-02-21.gz HTTP/1.1" 200 17393 "-" "Mozilla/5.0 (compatible; bingbot/2.0; +http://www.bing.com/bingbot.htm)" 
207.46.13.142 - - [06/Mar/2016:20:01:36 -0800] "GET / HTTP/1.1" 200 8681 "-" "Mozilla/5.0 (compatible; bingbot/2.0; +http://www.bing.com/bingbot.htm)" 
115.248.181.130 - - [06/Mar/2016:20:20:50 -0800] "GET / HTTP/1.0" 200 8681 "https://www.google.co.in/" "Mozilla/5.0 (Windows NT 5.1) AppleWebKit/537.36 (KHTML, like Gecko) Chrome/48.0.2564.116 Safari/537.36" 
115.248.181.130 - - [06/Mar/2016:20:20:51 -0800] "GET /twitter-icon.png HTTP/1.0" 200 27787 "http://www.secrepo.com/" "Mozilla/5.0 (Windows NT 5.1) AppleWebKit/537.36 (KHTML, like Gecko) Chrome/48.0.2564.116 Safari/537.36" 
115.248.181.130 - - [06/Mar/2016:20:20:52 -0800] "GET /GitHub-Mark.png HTTP/1.0" 200 7428 "http://www.secrepo.com/" "Mozilla/5.0 (Windows NT 5.1) AppleWebKit/537.36 (KHTML, like Gecko) Chrome/48.0.2564.116 Safari/537.36" 
115.248.181.130 - - [06/Mar/2016:20:20:54 -0800] "GET /bootstrap/img/favicon.ico HTTP/1.0" 200 589 "http://www.secrepo.com/" "Mozilla/5.0 (Windows NT 5.1) AppleWebKit/537.36 (KHTML, like Gecko) Chrome/48.0.2564.116 Safari/537.36" 
117.190.191.170 - - [06/Mar/2016:20:22:12 -0800] "GET /tg/a.zip HTTP/1.1" 304 132 "-" "Mozilla/5.0 Gecko/20100115 Firefox/3.6" 
103.18.2.231 - - [06/Mar/2016:20:34:01 -0800] "GET / HTTP/1.1" 200 8681 "-" "Mozilla/5.0 (Windows NT 6.1; Win64; x64) AppleWebKit/537.36 (KHTML, like Gecko) Chrome/48.0.2564.116 Safari/537.36" 
103.18.2.231 - - [06/Mar/2016:20:34:01 -0800] "GET /twitter-icon.png HTTP/1.1" 200 27787 "http://www.secrepo.com/" "Mozilla/5.0 (Windows NT 6.1; Win64; x64) AppleWebKit/537.36 (KHTML, like Gecko) Chrome/48.0.2564.116 Safari/537.36" 
103.18.2.231 - - [06/Mar/2016:20:34:01 -0800] "GET /GitHub-Mark.png HTTP/1.1" 200 7428 "http://www.secrepo.com/" "Mozilla/5.0 (Windows NT 6.1; Win64; x64) AppleWebKit/537.36 (KHTML, like Gecko) Chrome/48.0.2564.116 Safari/537.36" 
103.18.2.231 - - [06/Mar/2016:20:34:02 -0800] "GET /bootstrap/img/favicon.ico HTTP/1.1" 200 589 "http://www.secrepo.com/" "Mozilla/5.0 (Windows NT 6.1; Win64; x64) AppleWebKit/537.36 (KHTML, like Gecko) Chrome/48.0.2564.116 Safari/537.36" 
79.116.25.136 - - [06/Mar/2016:20:51:47 -0800] "GET / HTTP/1.1" 200 28433 "-" "Java/1.6.0_04" 
79.116.25.136 - - [06/Mar/2016:20:51:47 -0800] "GET /GitHub-Mark.png HTTP/1.1" 200 7427 "-" "Java/1.6.0_04" 
79.116.25.136 - - [06/Mar/2016:20:51:48 -0800] "GET /self.logs HTTP/1.1" 301 517 "-" "Java/1.6.0_04" 
79.116.25.136 - - [06/Mar/2016:20:51:48 -0800] "GET /self.logs/ HTTP/1.1" 200 79546 "-" "Java/1.6.0_04" 
79.116.25.136 - - [06/Mar/2016:20:51:49 -0800] "GET /twitter-icon.png HTTP/1.1" 200 27787 "-" "Java/1.6.0_04" 
79.116.25.136 - - [06/Mar/2016:20:51:50 -0800] "GET /access.log.2015-01-17.gz HTTP/1.1" 404 294 "-" "Java/1.6.0_04" 
79.116.25.136 - - [06/Mar/2016:20:51:50 -0800] "GET /access.log.2015-01-18.gz HTTP/1.1" 404 294 "-" "Java/1.6.0_04" 
79.116.25.136 - - [06/Mar/2016:20:51:50 -0800] "GET /access.log.2015-01-19.gz HTTP/1.1" 404 294 "-" "Java/1.6.0_04" 
79.116.25.136 - - [06/Mar/2016:20:51:50 -0800] "GET /access.log.2015-01-20.gz HTTP/1.1" 404 294 "-" "Java/1.6.0_04" 
79.116.25.136 - - [06/Mar/2016:20:51:51 -0800] "GET /access.log.2015-01-21.gz HTTP/1.1" 404 294 "-" "Java/1.6.0_04" 
79.116.25.136 - - [06/Mar/2016:20:51:51 -0800] "GET /access.log.2015-01-22.gz HTTP/1.1" 404 294 "-" "Java/1.6.0_04" 
79.116.25.136 - - [06/Mar/2016:20:51:51 -0800] "GET /access.log.2015-01-23.gz HTTP/1.1" 404 294 "-" "Java/1.6.0_04" 
79.116.25.136 - - [06/Mar/2016:20:51:51 -0800] "GET /access.log.2015-01-24.gz HTTP/1.1" 404 294 "-" "Java/1.6.0_04" 
79.116.25.136 - - [06/Mar/2016:20:51:51 -0800] "GET /access.log.2015-01-25.gz HTTP/1.1" 404 294 "-" "Java/1.6.0_04" 
79.116.25.136 - - [06/Mar/2016:20:51:52 -0800] "GET /access.log.2015-01-26.gz HTTP/1.1" 404 294 "-" "Java/1.6.0_04" 
