188.165.15.204 - - [20/Nov/2015:01:56:42 -0800] "GET /self.logs/access.log.2015-05-03.gz HTTP/1.1" 200 3092 "-" "Mozilla/5.0 (compatible; AhrefsBot/5.0; +http://ahrefs.com/robot/)" 
188.165.15.204 - - [20/Nov/2015:01:58:12 -0800] "GET /self.logs/access.log.2015-08-16.gz HTTP/1.1" 200 6479 "-" "Mozilla/5.0 (compatible; AhrefsBot/5.0; +http://ahrefs.com/robot/)" 
180.76.15.134 - - [20/Nov/2015:02:08:27 -0800] "GET /self.logs/?C=N;O=A HTTP/1.1" 200 6519 "-" "Mozilla/5.0 (compatible; Baiduspider/2.0; +http://www.baidu.com/search/spider.html)" 
62.254.145.53 - - [20/Nov/2015:02:09:28 -0800] "GET / HTTP/1.1" 200 8101 "-" "Mozilla/5.0 (Macintosh; Intel Mac OS X 10_11_0) AppleWebKit/537.36 (KHTML, like Gecko) Chrome/46.0.2490.86 Safari/537.36" 
62.254.145.53 - - [20/Nov/2015:02:09:28 -0800] "GET /twitter-icon.png HTTP/1.1" 200 27787 "http://www.secrepo.com/" "Mozilla/5.0 (Macintosh; Intel Mac OS X 10_11_0) AppleWebKit/537.36 (KHTML, like Gecko) Chrome/46.0.2490.86 Safari/537.36" 
62.254.145.53 - - [20/Nov/2015:02:09:28 -0800] "GET /GitHub-Mark.png HTTP/1.1" 200 7428 "http://www.secrepo.com/" "Mozilla/5.0 (Macintosh; Intel Mac OS X 10_11_0) AppleWebKit/537.36 (KHTML, like Gecko) Chrome/46.0.2490.86 Safari/537.36" 
62.254.145.53 - - [20/Nov/2015:02:09:29 -0800] "GET /bootstrap/img/favicon.ico HTTP/1.1" 200 589 "http://www.secrepo.com/" "Mozilla/5.0 (Macintosh; Intel Mac OS X 10_11_0) AppleWebKit/537.36 (KHTML, like Gecko) Chrome/46.0.2490.86 Safari/537.36" 
92.1.120.100 - - [20/Nov/2015:02:10:52 -0800] "GET /bootstrap/img/favicon.ico HTTP/1.1" 200 590 "-" "Mozilla/5.0 (Windows NT 6.3; WOW64; rv:42.0) Gecko/20100101 Firefox/42.0" 
62.254.145.53 - - [20/Nov/2015:02:42:00 -0800] "GET /honeypot/honeypot.json.zip HTTP/1.1" 200 4631873 "http://www.secrepo.com/" "Mozilla/5.0 (Macintosh; Intel Mac OS X 10_11_0) AppleWebKit/537.36 (KHTML, like Gecko) Chrome/46.0.2490.86 Safari/537.36" 
107.170.128.140 - - [20/Nov/2015:02:48:04 -0800] "GET /robots.txt HTTP/1.1" 301 465 "-" "Mozilla/5.0 (compatible; spbot/4.4.2; +http://OpenLinkProfiler.org/bot )" 
107.170.128.140 - - [20/Nov/2015:02:48:04 -0800] "GET /robots.txt HTTP/1.1" 200 297 "-" "Mozilla/5.0 (compatible; spbot/4.4.2; +http://OpenLinkProfiler.org/bot )" 
107.170.128.140 - - [20/Nov/2015:02:48:09 -0800] "GET / HTTP/1.1" 200 8064 "-" "Mozilla/5.0 (compatible; spbot/4.4.2; +http://OpenLinkProfiler.org/bot )" 
107.170.128.140 - - [20/Nov/2015:02:48:10 -0800] "GET / HTTP/1.1" 301 446 "http://www.secrepo.com/" "Mozilla/5.0 (compatible; spbot/4.4.2; +http://OpenLinkProfiler.org/bot )" 
107.170.128.140 - - [20/Nov/2015:02:48:14 -0800] "GET /data HTTP/1.1" 404 303 "http://www.secrepo.com/" "Mozilla/5.0 (compatible; spbot/4.4.2; +http://OpenLinkProfiler.org/bot )" 
107.170.128.140 - - [20/Nov/2015:02:48:19 -0800] "GET /self.logs/ HTTP/1.1" 200 6519 "http://www.secrepo.com/" "Mozilla/5.0 (compatible; spbot/4.4.2; +http://OpenLinkProfiler.org/bot )" 
107.170.128.140 - - [20/Nov/2015:02:48:24 -0800] "GET /self.logs/?C=D;O=A HTTP/1.1" 200 6519 "http://www.secrepo.com/self.logs/" "Mozilla/5.0 (compatible; spbot/4.4.2; +http://OpenLinkProfiler.org/bot )" 
107.170.128.140 - - [20/Nov/2015:02:48:29 -0800] "GET /self.logs/?C=S;O=A HTTP/1.1" 200 7167 "http://www.secrepo.com/self.logs/" "Mozilla/5.0 (compatible; spbot/4.4.2; +http://OpenLinkProfiler.org/bot )" 
107.170.128.140 - - [20/Nov/2015:02:48:34 -0800] "GET /self.logs/?C=N;O=D HTTP/1.1" 200 6548 "http://www.secrepo.com/self.logs/" "Mozilla/5.0 (compatible; spbot/4.4.2; +http://OpenLinkProfiler.org/bot )" 
107.170.128.140 - - [20/Nov/2015:02:48:39 -0800] "GET /self.logs/?C=M;O=A HTTP/1.1" 200 6723 "http://www.secrepo.com/self.logs/" "Mozilla/5.0 (compatible; spbot/4.4.2; +http://OpenLinkProfiler.org/bot )" 
107.170.128.140 - - [20/Nov/2015:02:48:44 -0800] "GET /self.logs/?C=D;O=D HTTP/1.1" 200 6548 "http://www.secrepo.com/self.logs/?C=D;O=A" "Mozilla/5.0 (compatible; spbot/4.4.2; +http://OpenLinkProfiler.org/bot )" 
107.170.128.140 - - [20/Nov/2015:02:48:50 -0800] "GET /self.logs/?C=N;O=A HTTP/1.1" 200 6519 "http://www.secrepo.com/self.logs/?C=D;O=A" "Mozilla/5.0 (compatible; spbot/4.4.2; +http://OpenLinkProfiler.org/bot )" 
107.170.128.140 - - [20/Nov/2015:02:48:54 -0800] "GET /self.logs/?C=S;O=D HTTP/1.1" 200 7149 "http://www.secrepo.com/self.logs/?C=S;O=A" "Mozilla/5.0 (compatible; spbot/4.4.2; +http://OpenLinkProfiler.org/bot )" 
107.170.128.140 - - [20/Nov/2015:02:48:59 -0800] "GET /self.logs/?C=M;O=D HTTP/1.1" 200 6756 "http://www.secrepo.com/self.logs/?C=M;O=A" "Mozilla/5.0 (compatible; spbot/4.4.2; +http://OpenLinkProfiler.org/bot )" 
107.170.128.140 - - [20/Nov/2015:02:49:05 -0800] "GET /honeypot/BSidesDFW%20-%202014.ipynb HTTP/1.1" 200 524526 "http://www.secrepo.com/" "Mozilla/5.0 (compatible; spbot/4.4.2; +http://OpenLinkProfiler.org/bot )" 
104.130.0.17 - - [20/Nov/2015:02:58:31 -0800] "GET /robots.txt HTTP/1.1" 301 446 "-" "Tornado-Async-Client" 
104.130.0.17 - - [20/Nov/2015:02:58:31 -0800] "GET /robots.txt HTTP/1.1" 200 304 "-" "Tornado-Async-Client" 
104.130.0.17 - - [20/Nov/2015:02:58:31 -0800] "GET /honeypot/BSidesDFW%20-%202014.ipynb HTTP/1.1" 301 484 "-" "Tornado-Async-Client" 
104.130.0.17 - - [20/Nov/2015:02:58:31 -0800] "GET /honeypot/BSidesDFW%20-%202014.ipynb HTTP/1.1" 200 930780 "-" "Tornado-Async-Client" 
197.248.118.69 - - [20/Nov/2015:02:58:46 -0800] "GET / HTTP/1.1" 200 8101 "https://www.reddit.com/r/datasets/comments/3tbxap/cyber_security_datasets/" "Mozilla/5.0 (Windows NT 6.3; WOW64; rv:42.0) Gecko/20100101 Firefox/42.0" 
197.248.118.69 - - [20/Nov/2015:02:58:48 -0800] "GET /GitHub-Mark.png HTTP/1.1" 200 7428 "http://www.secrepo.com/" "Mozilla/5.0 (Windows NT 6.3; WOW64; rv:42.0) Gecko/20100101 Firefox/42.0" 
197.248.118.69 - - [20/Nov/2015:02:58:50 -0800] "GET /bootstrap/img/favicon.ico HTTP/1.1" 200 590 "-" "Mozilla/5.0 (Windows NT 6.3; WOW64; rv:42.0) Gecko/20100101 Firefox/42.0" 
145.50.39.8 - - [20/Nov/2015:03:02:11 -0800] "GET / HTTP/1.1" 304 189 "-" "Mozilla/5.0 (Windows NT 6.1; WOW64; rv:36.0) Gecko/20100101 Firefox/36.0" 
131.220.4.55 - - [20/Nov/2015:03:02:56 -0800] "GET / HTTP/1.0" 200 8101 "https://www.google.de" "Mozilla/5.0 (X11; Linux x86_64; rv:38.0) Gecko/20100101 Firefox/38.0" 
131.220.4.55 - - [20/Nov/2015:03:02:57 -0800] "GET /GitHub-Mark.png HTTP/1.0" 200 7428 "http://www.secrepo.com/" "Mozilla/5.0 (X11; Linux x86_64; rv:38.0) Gecko/20100101 Firefox/38.0" 
131.220.4.55 - - [20/Nov/2015:03:02:57 -0800] "GET /twitter-icon.png HTTP/1.0" 200 27787 "http://www.secrepo.com/" "Mozilla/5.0 (X11; Linux x86_64; rv:38.0) Gecko/20100101 Firefox/38.0" 
131.220.4.55 - - [20/Nov/2015:03:02:59 -0800] "GET /bootstrap/img/favicon.ico HTTP/1.0" 200 589 "-" "Mozilla/5.0 (X11; Linux x86_64; rv:38.0) Gecko/20100101 Firefox/38.0" 
145.50.39.8 - - [20/Nov/2015:03:03:11 -0800] "GET /bootstrap/img/favicon.ico HTTP/1.1" 304 165 "-" "Mozilla/5.0 (Windows NT 6.1; WOW64; rv:36.0) Gecko/20100101 Firefox/36.0" 
145.50.39.8 - - [20/Nov/2015:03:03:11 -0800] "GET /GitHub-Mark.png HTTP/1.1" 304 166 "http://www.secrepo.com/" "Mozilla/5.0 (Windows NT 6.1; WOW64; rv:36.0) Gecko/20100101 Firefox/36.0" 
145.50.39.8 - - [20/Nov/2015:03:03:11 -0800] "GET /twitter-icon.png HTTP/1.1" 304 166 "http://www.secrepo.com/" "Mozilla/5.0 (Windows NT 6.1; WOW64; rv:36.0) Gecko/20100101 Firefox/36.0" 
46.4.87.105 - - [20/Nov/2015:03:12:31 -0800] "GET /robots.txt HTTP/1.0" 200 252 "-" "Mozilla/5.0 (compatible; MJ12bot/v1.4.5; http://www.majestic12.co.uk/bot.php?+)" 
46.4.87.105 - - [20/Nov/2015:03:12:33 -0800] "GET /self.logs/?C=D;O=A HTTP/1.0" 200 58776 "-" "Mozilla/5.0 (compatible; MJ12bot/v1.4.5; http://www.majestic12.co.uk/bot.php?+)" 
180.76.15.28 - - [20/Nov/2015:03:27:28 -0800] "GET /honeypot/BSidesDFW%20-%202014.ipynb HTTP/1.1" 200 930799 "-" "Mozilla/5.0 (compatible; Baiduspider/2.0; +http://www.baidu.com/search/spider.html)" 
188.165.15.204 - - [20/Nov/2015:03:31:29 -0800] "GET /self.logs/error.log.2015-11-03.gz HTTP/1.1" 200 930 "-" "Mozilla/5.0 (compatible; AhrefsBot/5.0; +http://ahrefs.com/robot/)" 
114.4.21.212 - - [20/Nov/2015:03:50:48 -0800] "GET / HTTP/1.1" 301 427 "-" "Mozilla/5.0 (Linux; Android 4.4.4; E2115 Build/24.0.B.5.14) AppleWebKit/537.36 (KHTML, like Gecko) Chrome/45.0.2454.94 Mobile Safari/537.36" 
114.4.21.212 - - [20/Nov/2015:03:50:49 -0800] "GET / HTTP/1.1" 304 133 "-" "Mozilla/5.0 (Linux; Android 4.4.4; E2115 Build/24.0.B.5.14) AppleWebKit/537.36 (KHTML, like Gecko) Chrome/45.0.2454.94 Mobile Safari/537.36" 
80.82.65.82 - - [20/Nov/2015:03:54:12 -0800] "GET / HTTP/1.0" 200 26620 "http://www.secrepo.com/#3p_malware" "Mozilla/4.0 (compatible; MSIE 6.0; Windows NT 5.1; SV1; .NET CLR 2.0.50727)" 
68.180.230.27 - - [20/Nov/2015:03:58:20 -0800] "GET /robots.txt HTTP/1.1" 200 233 "-" "Mozilla/5.0 (compatible; Yahoo! Slurp; http://help.yahoo.com/help/us/ysearch/slurp)" 
68.180.230.27 - - [20/Nov/2015:03:58:20 -0800] "GET /honeypot/BSidesDFW%20-%202014.ipynb HTTP/1.1" 200 930780 "-" "Mozilla/5.0 (compatible; Yahoo! Slurp; http://help.yahoo.com/help/us/ysearch/slurp)" 
68.180.230.27 - - [20/Nov/2015:03:59:25 -0800] "GET /squid/access.log.gz HTTP/1.1" 200 1070010 "-" "Mozilla/5.0 (compatible; Yahoo! Slurp; http://help.yahoo.com/help/us/ysearch/slurp)" 
173.165.36.107 - - [20/Nov/2015:04:02:07 -0800] "GET /maccdc2012/dhcp.log.gz HTTP/1.1" 200 44867 "http://www.secrepo.com/" "Wget/1.15 (linux-gnu)" 
173.165.36.107 - - [20/Nov/2015:04:02:09 -0800] "GET /maccdc2012/dns.log.gz HTTP/1.1" 200 6607268 "http://www.secrepo.com/" "Wget/1.15 (linux-gnu)" 
188.165.15.204 - - [20/Nov/2015:04:08:28 -0800] "GET /self.logs/error.log.2015-07-10.gz HTTP/1.1" 200 847 "-" "Mozilla/5.0 (compatible; AhrefsBot/5.0; +http://ahrefs.com/robot/)" 
157.55.39.28 - - [20/Nov/2015:04:12:04 -0800] "GET /self.logs/access.log.2015-04-25.gz HTTP/1.1" 200 2858 "-" "Mozilla/5.0 (compatible; bingbot/2.0; +http://www.bing.com/bingbot.htm)" 
193.191.179.243 - - [20/Nov/2015:04:26:39 -0800] "GET / HTTP/1.1" 200 8101 "https://www.reddit.com/r/datasets/comments/3tbxap/cyber_security_datasets/" "Mozilla/5.0 (Windows NT 10.0; WOW64) AppleWebKit/537.36 (KHTML, like Gecko) Chrome/46.0.2490.86 Safari/537.36" 
193.191.179.243 - - [20/Nov/2015:04:26:39 -0800] "GET /twitter-icon.png HTTP/1.1" 200 27787 "http://www.secrepo.com/" "Mozilla/5.0 (Windows NT 10.0; WOW64) AppleWebKit/537.36 (KHTML, like Gecko) Chrome/46.0.2490.86 Safari/537.36" 
193.191.179.243 - - [20/Nov/2015:04:26:42 -0800] "GET /GitHub-Mark.png HTTP/1.1" 200 7428 "http://www.secrepo.com/" "Mozilla/5.0 (Windows NT 10.0; WOW64) AppleWebKit/537.36 (KHTML, like Gecko) Chrome/46.0.2490.86 Safari/537.36" 
193.191.179.243 - - [20/Nov/2015:04:26:43 -0800] "GET /bootstrap/img/favicon.ico HTTP/1.1" 200 589 "http://www.secrepo.com/" "Mozilla/5.0 (Windows NT 10.0; WOW64) AppleWebKit/537.36 (KHTML, like Gecko) Chrome/46.0.2490.86 Safari/537.36" 
188.165.15.204 - - [20/Nov/2015:04:31:53 -0800] "GET /maccdc2012/ssl.log.gz HTTP/1.1" 200 515957 "-" "Mozilla/5.0 (compatible; AhrefsBot/5.0; +http://ahrefs.com/robot/)" 
173.165.36.107 - - [20/Nov/2015:04:05:46 -0800] "GET /maccdc2012/files.log.gz HTTP/1.1" 200 51233359 "http://www.secrepo.com/" "Wget/1.15 (linux-gnu)" 
173.165.36.107 - - [20/Nov/2015:04:37:18 -0800] "GET /maccdc2012/ftp.log.gz HTTP/1.1" 200 127651 "http://www.secrepo.com/" "Wget/1.15 (linux-gnu)" 
207.46.13.19 - - [20/Nov/2015:04:43:19 -0800] "GET /self.logs/access.log.2015-05-03.gz HTTP/1.1" 200 3148 "-" "Mozilla/5.0 (compatible; bingbot/2.0; +http://www.bing.com/bingbot.htm)" 
69.30.198.186 - - [20/Nov/2015:04:44:51 -0800] "GET /robots.txt HTTP/1.0" 200 252 "-" "Mozilla/5.0 (compatible; MJ12bot/v1.4.5; http://www.majestic12.co.uk/bot.php?+)" 
69.30.198.186 - - [20/Nov/2015:04:44:53 -0800] "GET /honeypot//%22http://amunhoney.sourceforge.net//%22 HTTP/1.0" 404 284 "-" "Mozilla/5.0 (compatible; MJ12bot/v1.4.5; http://www.majestic12.co.uk/bot.php?+)" 
69.30.198.186 - - [20/Nov/2015:04:44:56 -0800] "GET /honeypot//%22http://glastopf.org//%22 HTTP/1.0" 404 303 "-" "Mozilla/5.0 (compatible; MJ12bot/v1.4.5; http://www.majestic12.co.uk/bot.php?+)" 
69.30.198.186 - - [20/Nov/2015:04:44:57 -0800] "GET /honeypot//%22http://www.maxmind.com/%22 HTTP/1.0" 404 303 "-" "Mozilla/5.0 (compatible; MJ12bot/v1.4.5; http://www.majestic12.co.uk/bot.php?+)" 
69.30.198.186 - - [20/Nov/2015:04:44:59 -0800] "GET /honeypot//%22https://twitter.com/sooshie/%22 HTTP/1.0" 404 303 "-" "Mozilla/5.0 (compatible; MJ12bot/v1.4.5; http://www.majestic12.co.uk/bot.php?+)" 
69.30.198.186 - - [20/Nov/2015:04:45:00 -0800] "GET /honeypot//%22https://twitter.com/theroxyd/%22 HTTP/1.0" 404 303 "-" "Mozilla/5.0 (compatible; MJ12bot/v1.4.5; http://www.majestic12.co.uk/bot.php?+)" 
218.88.120.183 - - [20/Nov/2015:04:51:11 -0800] "GET / HTTP/1.1" 200 8101 "http://sec-wiki.com/" "Mozilla/5.0 (Windows NT 6.1; WOW64) AppleWebKit/537.36 (KHTML, like Gecko) Chrome/31.0.1650.63 Safari/537.36" 
218.88.120.183 - - [20/Nov/2015:04:51:11 -0800] "GET /twitter-icon.png HTTP/1.1" 200 27787 "http://www.secrepo.com/" "Mozilla/5.0 (Windows NT 6.1; WOW64) AppleWebKit/537.36 (KHTML, like Gecko) Chrome/31.0.1650.63 Safari/537.36" 
218.88.120.183 - - [20/Nov/2015:04:51:11 -0800] "GET /GitHub-Mark.png HTTP/1.1" 200 7428 "http://www.secrepo.com/" "Mozilla/5.0 (Windows NT 6.1; WOW64) AppleWebKit/537.36 (KHTML, like Gecko) Chrome/31.0.1650.63 Safari/537.36" 
218.88.120.183 - - [20/Nov/2015:04:51:35 -0800] "GET /bootstrap/img/favicon.ico HTTP/1.1" 200 590 "-" "Mozilla/5.0 (Windows NT 6.1; WOW64) AppleWebKit/537.36 (KHTML, like Gecko) Chrome/31.0.1650.63 Safari/537.36" 
123.125.71.115 - - [20/Nov/2015:04:54:01 -0800] "GET / HTTP/1.1" 200 8064 "-" "Mozilla/5.0 (Windows NT 5.1; rv:6.0.2) Gecko/20100101 Firefox/6.0.2" 
123.125.71.73 - - [20/Nov/2015:04:54:02 -0800] "GET / HTTP/1.1" 200 26620 "-" "Mozilla/5.0 (Windows NT 5.1; rv:6.0.2) Gecko/20100101 Firefox/6.0.2" 
66.102.7.171 - - [20/Nov/2015:05:00:55 -0800] "GET / HTTP/1.1" 200 8101 "-" "Google favicon" 
66.102.7.157 - - [20/Nov/2015:05:00:55 -0800] "GET /bootstrap/img/favicon.ico HTTP/1.1" 200 590 "-" "Google favicon" 
220.181.108.177 - - [20/Nov/2015:05:02:54 -0800] "GET / HTTP/1.1" 200 8064 "-" "Mozilla/5.0 (Windows NT 5.1; rv:6.0.2) Gecko/20100101 Firefox/6.0.2" 
220.181.108.155 - - [20/Nov/2015:05:02:55 -0800] "GET / HTTP/1.1" 200 26620 "-" "Mozilla/5.0 (Windows NT 5.1; rv:6.0.2) Gecko/20100101 Firefox/6.0.2" 
218.88.120.183 - - [20/Nov/2015:05:04:39 -0800] "GET /favicon.ico HTTP/1.1" 200 212 "-" "Mozilla/4.0 (compatible; MSIE 7.0; Windows NT 5.1; Trident/4.0; .NET CLR 2.0.50727; 360space)" 
173.165.36.107 - - [20/Nov/2015:04:37:28 -0800] "GET /maccdc2012/http.log.gz HTTP/1.1" 200 56420878 "http://www.secrepo.com/" "Wget/1.15 (linux-gnu)" 
173.165.36.107 - - [20/Nov/2015:05:10:49 -0800] "GET /maccdc2012/notice.log.gz HTTP/1.1" 200 20687 "http://www.secrepo.com/" "Wget/1.15 (linux-gnu)" 
173.165.36.107 - - [20/Nov/2015:05:10:49 -0800] "GET /maccdc2012/signatures.log.gz HTTP/1.1" 200 557 "http://www.secrepo.com/" "Wget/1.15 (linux-gnu)" 
173.165.36.107 - - [20/Nov/2015:05:10:49 -0800] "GET /maccdc2012/smtp.log.gz HTTP/1.1" 200 6845 "http://www.secrepo.com/" "Wget/1.15 (linux-gnu)" 
173.165.36.107 - - [20/Nov/2015:05:10:50 -0800] "GET /maccdc2012/ssh.log.gz HTTP/1.1" 200 182456 "http://www.secrepo.com/" "Wget/1.15 (linux-gnu)" 
173.165.36.107 - - [20/Nov/2015:05:10:52 -0800] "GET /maccdc2012/ssl.log.gz HTTP/1.1" 200 1311375 "http://www.secrepo.com/" "Wget/1.15 (linux-gnu)" 
173.165.36.107 - - [20/Nov/2015:05:11:04 -0800] "GET /maccdc2012/tunnel.log.gz HTTP/1.1" 200 5172 "http://www.secrepo.com/" "Wget/1.15 (linux-gnu)" 
173.165.36.107 - - [20/Nov/2015:05:11:04 -0800] "GET /maccdc2012/weird.log.gz HTTP/1.1" 200 1252743 "http://www.secrepo.com/" "Wget/1.15 (linux-gnu)" 
173.165.36.107 - - [20/Nov/2015:05:11:15 -0800] "GET /maccdc2012/maccdc2012_fast_alert.7z HTTP/1.1" 200 9478149 "http://www.secrepo.com/" "Wget/1.15 (linux-gnu)" 
173.165.36.107 - - [20/Nov/2015:05:13:17 -0800] "GET /maccdc2012/maccdc2012_full_alert.7z HTTP/1.1" 200 24978942 "http://www.secrepo.com/" "Wget/1.15 (linux-gnu)" 
101.80.204.113 - - [20/Nov/2015:05:35:31 -0800] "GET / HTTP/1.1" 200 8101 "http://www.sec-wiki.com/news/7001" "Mozilla/5.0 (Windows NT 5.1; zh-CN) AppleWebKit/537.36 (KHTML, like Gecko) Chrome/30.0.1599.101 Safari/537.36" 
101.80.204.113 - - [20/Nov/2015:05:35:32 -0800] "GET /GitHub-Mark.png HTTP/1.1" 200 7428 "http://www.secrepo.com/" "Mozilla/5.0 (Windows NT 5.1; zh-CN) AppleWebKit/537.36 (KHTML, like Gecko) Chrome/30.0.1599.101 Safari/537.36" 
101.80.204.113 - - [20/Nov/2015:05:35:32 -0800] "GET /twitter-icon.png HTTP/1.1" 200 27787 "http://www.secrepo.com/" "Mozilla/5.0 (Windows NT 5.1; zh-CN) AppleWebKit/537.36 (KHTML, like Gecko) Chrome/30.0.1599.101 Safari/537.36" 
80.82.65.82 - - [20/Nov/2015:05:39:27 -0800] "GET / HTTP/1.0" 200 26620 "http://www.secrepo.com/#3p_malware" "Mozilla/4.0 (compatible; MSIE 6.0; Windows NT 5.1; SV1; .NET CLR 2.0.50727)" 
188.165.15.204 - - [20/Nov/2015:05:41:05 -0800] "GET /self.logs/error.log.2015-06-10.gz HTTP/1.1" 200 790 "-" "Mozilla/5.0 (compatible; AhrefsBot/5.0; +http://ahrefs.com/robot/)" 
192.187.100.154 - - [20/Nov/2015:05:44:52 -0800] "GET /honeypot/Honeypot%20-%20Howto%20-%20BSides%20Austin.pdf HTTP/1.1" 200 2928460 "http://www.secrepo.com/" "Mozilla/5.0 (X11; Linux x86_64) AppleWebKit/537.36 (KHTML, like Gecko) Chrome/39.0.2171.99 Safari/537.36" 
101.87.86.86 - - [20/Nov/2015:05:48:14 -0800] "GET / HTTP/1.1" 301 483 "-" "Mozilla/5.0 (iPad; CPU OS 9_1 like Mac OS X) AppleWebKit/601.1.46 (KHTML, like Gecko) Mobile/13B143 IPadQQ/5.5.1.3 QQ/5.5.1.3" 
101.87.86.86 - - [20/Nov/2015:05:48:18 -0800] "GET / HTTP/1.1" 200 8101 "-" "Mozilla/5.0 (iPad; CPU OS 9_1 like Mac OS X) AppleWebKit/601.1.46 (KHTML, like Gecko) Mobile/13B143 IPadQQ/5.5.1.3 QQ/5.5.1.3" 
101.87.86.86 - - [20/Nov/2015:05:48:18 -0800] "GET /twitter-icon.png HTTP/1.1" 200 27787 "http://www.secrepo.com/" "Mozilla/5.0 (iPad; CPU OS 9_1 like Mac OS X) AppleWebKit/601.1.46 (KHTML, like Gecko) Mobile/13B143 IPadQQ/5.5.1.3 QQ/5.5.1.3" 
14.17.34.189 - - [20/Nov/2015:05:48:19 -0800] "GET / HTTP/1.1" 301 461 "-" "Mozilla/5.0 (Linux; U; Android 4.4.2; zh-cn; GT-I9500 Build/KOT49H) AppleWebKit/537.36 (KHTML, like Gecko)Version/4.0 MQQBrowser/5.0 QQ-URL-Manager Mobile Safari/537.36" 
101.87.86.86 - - [20/Nov/2015:05:48:19 -0800] "GET /GitHub-Mark.png HTTP/1.1" 200 7428 "http://www.secrepo.com/" "Mozilla/5.0 (iPad; CPU OS 9_1 like Mac OS X) AppleWebKit/601.1.46 (KHTML, like Gecko) Mobile/13B143 IPadQQ/5.5.1.3 QQ/5.5.1.3" 
14.17.34.189 - - [20/Nov/2015:05:48:21 -0800] "GET / HTTP/1.1" 200 26620 "-" "Mozilla/5.0 (Linux; U; Android 4.4.2; zh-cn; GT-I9500 Build/KOT49H) AppleWebKit/537.36 (KHTML, like Gecko)Version/4.0 MQQBrowser/5.0 QQ-URL-Manager Mobile Safari/537.36" 
101.80.204.113 - - [20/Nov/2015:05:49:01 -0800] "GET /data HTTP/1.1" 404 340 "http://www.secrepo.com/" "Mozilla/5.0 (Windows NT 5.1; zh-CN) AppleWebKit/537.36 (KHTML, like Gecko) Chrome/30.0.1599.101 Safari/537.36" 
101.80.204.113 - - [20/Nov/2015:05:49:02 -0800] "GET /favicon.ico HTTP/1.1" 200 268 "-" "Mozilla/5.0 (Windows NT 6.1; WOW64) AppleWebKit/537.36 (KHTML, like Gecko) Maxthon/4.4.4.3000 Chrome/30.0.1599.101 Safari/537.36" 
101.80.204.113 - - [20/Nov/2015:05:49:04 -0800] "GET /data HTTP/1.1" 404 340 "http://www.secrepo.com/data" "Mozilla/5.0 (Windows NT 5.1; zh-CN) AppleWebKit/537.36 (KHTML, like Gecko) Chrome/30.0.1599.101 Safari/537.36" 
211.80.59.1 - - [20/Nov/2015:05:49:53 -0800] "GET / HTTP/1.1" 200 8101 "-" "Mozilla/5.0 (Windows NT 6.3; WOW64) AppleWebKit/537.36 (KHTML, like Gecko) Chrome/46.0.2490.86 Safari/537.36" 
211.80.59.1 - - [20/Nov/2015:05:49:54 -0800] "GET /twitter-icon.png HTTP/1.1" 200 27787 "http://www.secrepo.com/" "Mozilla/5.0 (Windows NT 6.3; WOW64) AppleWebKit/537.36 (KHTML, like Gecko) Chrome/46.0.2490.86 Safari/537.36" 
211.80.59.1 - - [20/Nov/2015:05:49:54 -0800] "GET /GitHub-Mark.png HTTP/1.1" 200 7428 "http://www.secrepo.com/" "Mozilla/5.0 (Windows NT 6.3; WOW64) AppleWebKit/537.36 (KHTML, like Gecko) Chrome/46.0.2490.86 Safari/537.36" 
14.17.34.189 - - [20/Nov/2015:05:51:09 -0800] "GET //html5shim.googlecode.com/svn/trunk/html5.js HTTP/1.1" 404 284 "http://www.secrepo.com//html5shim.googlecode.com/svn/trunk/html5.js" "Mozilla/5.0 (Linux; U; Android 4.4.2; zh-cn; GT-I9500 Build/KOT49H) AppleWebKit/537.36 (KHTML, like Gecko)Version/4.0 MQQBrowser/5.0 QQ-URL-Manager Mobile Safari/537.36" 
14.17.34.189 - - [20/Nov/2015:05:51:09 -0800] "GET //ajax.googleapis.com/ajax/libs/jquery/2.0.2/jquery.min.js HTTP/1.1" 404 284 "http://www.secrepo.com//ajax.googleapis.com/ajax/libs/jquery/2.0.2/jquery.min.js" "Mozilla/5.0 (Linux; U; Android 4.4.2; zh-cn; GT-I9500 Build/KOT49H) AppleWebKit/537.36 (KHTML, like Gecko)Version/4.0 MQQBrowser/5.0 QQ-URL-Manager Mobile Safari/537.36" 
14.17.34.189 - - [20/Nov/2015:05:51:09 -0800] "GET //netdna.bootstrapcdn.com/bootstrap/3.1.1/js/bootstrap.min.js HTTP/1.1" 404 284 "http://www.secrepo.com//netdna.bootstrapcdn.com/bootstrap/3.1.1/js/bootstrap.min.js" "Mozilla/5.0 (Linux; U; Android 4.4.2; zh-cn; GT-I9500 Build/KOT49H) AppleWebKit/537.36 (KHTML, like Gecko)Version/4.0 MQQBrowser/5.0 QQ-URL-Manager Mobile Safari/537.36" 
101.80.204.113 - - [20/Nov/2015:05:51:13 -0800] "GET /data HTTP/1.1" 404 340 "-" "Mozilla/5.0 (Windows NT 5.1; zh-CN) AppleWebKit/537.36 (KHTML, like Gecko) Chrome/30.0.1599.101 Safari/537.36" 
101.226.89.123 - - [20/Nov/2015:05:51:33 -0800] "GET /SecRepo.com-SamplesofSecurityRelatedData HTTP/1.1" 404 284 "-" "Mozilla/5.0 (Linux; U; Android 4.4.2; zh-cn; GT-I9500 Build/KOT49H) AppleWebKit/537.36 (KHTML, like Gecko)Version/4.0 MQQBrowser/5.0 QQ-URL-Manager Mobile Safari/537.36" 
182.140.168.125 - - [20/Nov/2015:05:53:13 -0800] "GET /misc/zeus_dga_domains.txt.zip HTTP/1.1" 200 592237 "http://115.28.113.114/ttkp_zp3/share.php?id=210021448027569" "Mozilla/5.0 (Linux; U; Android 4.4.2; zh-cn; GT-I9500 Build/KOT49H) AppleWebKit/537.36 (KHTML, like Gecko)Version/4.0 MQQBrowser/5.0 Mobile Safari/537.36" 
123.125.71.107 - - [20/Nov/2015:05:53:32 -0800] "GET / HTTP/1.1" 200 8064 "-" "Mozilla/5.0 (Windows NT 5.1; rv:6.0.2) Gecko/20100101 Firefox/6.0.2" 
218.193.185.251 - - [20/Nov/2015:05:55:14 -0800] "GET / HTTP/1.1" 200 8101 "-" "Mozilla/5.0 (iPhone; CPU iPhone OS 9_1 like Mac OS X) AppleWebKit/601.1.46 (KHTML, like Gecko) Mobile/13B143 QQ/5.9.5.451 Pixel/750 NetType/WIFI Mem/129" 
218.193.185.251 - - [20/Nov/2015:05:55:14 -0800] "GET /twitter-icon.png HTTP/1.1" 200 27787 "http://www.secrepo.com/" "Mozilla/5.0 (iPhone; CPU iPhone OS 9_1 like Mac OS X) AppleWebKit/601.1.46 (KHTML, like Gecko) Mobile/13B143 QQ/5.9.5.451 Pixel/750 NetType/WIFI Mem/129" 
218.193.185.251 - - [20/Nov/2015:05:55:15 -0800] "GET /GitHub-Mark.png HTTP/1.1" 200 7428 "http://www.secrepo.com/" "Mozilla/5.0 (iPhone; CPU iPhone OS 9_1 like Mac OS X) AppleWebKit/601.1.46 (KHTML, like Gecko) Mobile/13B143 QQ/5.9.5.451 Pixel/750 NetType/WIFI Mem/129" 
223.104.5.224 - - [20/Nov/2015:05:55:29 -0800] "GET / HTTP/1.1" 301 483 "-" "Mozilla/5.0 (iPhone; CPU iPhone OS 9_1 like Mac OS X) AppleWebKit/601.1.46 (KHTML, like Gecko) Mobile/13B143 QQ/5.9.5.451 Pixel/640 NetType/4G Mem/206" 
223.104.5.224 - - [20/Nov/2015:05:55:30 -0800] "GET / HTTP/1.1" 200 8101 "-" "Mozilla/5.0 (iPhone; CPU iPhone OS 9_1 like Mac OS X) AppleWebKit/601.1.46 (KHTML, like Gecko) Mobile/13B143 QQ/5.9.5.451 Pixel/640 NetType/4G Mem/206" 
223.104.5.224 - - [20/Nov/2015:05:55:31 -0800] "GET /twitter-icon.png HTTP/1.1" 200 27787 "http://www.secrepo.com/" "Mozilla/5.0 (iPhone; CPU iPhone OS 9_1 like Mac OS X) AppleWebKit/601.1.46 (KHTML, like Gecko) Mobile/13B143 QQ/5.9.5.451 Pixel/640 NetType/4G Mem/206" 
223.104.5.224 - - [20/Nov/2015:05:55:31 -0800] "GET /GitHub-Mark.png HTTP/1.1" 200 7428 "http://www.secrepo.com/" "Mozilla/5.0 (iPhone; CPU iPhone OS 9_1 like Mac OS X) AppleWebKit/601.1.46 (KHTML, like Gecko) Mobile/13B143 QQ/5.9.5.451 Pixel/640 NetType/4G Mem/206" 
192.187.100.154 - - [20/Nov/2015:05:58:40 -0800] "GET /honeypot/Honeypot%20-%20Howto%20-%20BSides%20Austin.pdf HTTP/1.1" 200 2928460 "http://www.secrepo.com/" "Mozilla/5.0 (X11; Linux x86_64) AppleWebKit/537.36 (KHTML, like Gecko) Chrome/39.0.2171.99 Safari/537.36" 
211.80.59.111 - - [20/Nov/2015:06:00:42 -0800] "GET / HTTP/1.1" 200 8101 "-" "Mozilla/5.0 (Linux; U; Android 5.0.1; zh-cn; MX4 Build/LRX22C) AppleWebKit/533.1 (KHTML, like Gecko)Version/4.0 MQQBrowser/5.4 TBS/025477 Mobile Safari/533.1 V1_AND_SQ_5.9.5_288_YYB_D QQ/5.9.5.2575 NetType/WIFI WebP/0.3.0 Pixel/1152" 
211.80.59.111 - - [20/Nov/2015:06:00:42 -0800] "GET /bootstrap/img/favicon.ico HTTP/1.1" 200 589 "http://www.secrepo.com/" "Mozilla/5.0 (Linux; U; Android 5.0.1; zh-cn; MX4 Build/LRX22C) AppleWebKit/533.1 (KHTML, like Gecko)Version/4.0 MQQBrowser/5.4 TBS/025477 Mobile Safari/533.1 V1_AND_SQ_5.9.5_288_YYB_D QQ/5.9.5.2575 NetType/WIFI WebP/0.3.0 Pixel/1152" 
211.80.59.111 - - [20/Nov/2015:06:00:43 -0800] "GET /twitter-icon.png HTTP/1.1" 200 27788 "http://www.secrepo.com/" "Mozilla/5.0 (Linux; U; Android 5.0.1; zh-cn; MX4 Build/LRX22C) AppleWebKit/533.1 (KHTML, like Gecko)Version/4.0 MQQBrowser/5.4 TBS/025477 Mobile Safari/533.1 V1_AND_SQ_5.9.5_288_YYB_D QQ/5.9.5.2575 NetType/WIFI WebP/0.3.0 Pixel/1152" 
211.80.59.111 - - [20/Nov/2015:06:00:43 -0800] "GET /GitHub-Mark.png HTTP/1.1" 200 7428 "http://www.secrepo.com/" "Mozilla/5.0 (Linux; U; Android 5.0.1; zh-cn; MX4 Build/LRX22C) AppleWebKit/533.1 (KHTML, like Gecko)Version/4.0 MQQBrowser/5.4 TBS/025477 Mobile Safari/533.1 V1_AND_SQ_5.9.5_288_YYB_D QQ/5.9.5.2575 NetType/WIFI WebP/0.3.0 Pixel/1152" 
173.165.36.107 - - [20/Nov/2015:05:32:50 -0800] "GET /tg/a.zip HTTP/1.1" 200 66189337 "http://www.secrepo.com/" "Wget/1.15 (linux-gnu)" 
5.64.79.242 - - [20/Nov/2015:06:47:10 -0800] "GET / HTTP/1.1" 200 8101 "http://www.secrepo.com/" "Mozilla/5.0 (X11; Linux x86_64) AppleWebKit/537.36 (KHTML, like Gecko) Chrome/39.0.2171.99 Safari/537.36" 
173.165.36.107 - - [20/Nov/2015:06:17:29 -0800] "GET /tg/b.zip HTTP/1.1" 200 42298164 "http://www.secrepo.com/" "Wget/1.15 (linux-gnu)" 
207.46.13.103 - - [20/Nov/2015:06:58:37 -0800] "GET / HTTP/1.1" 200 8101 "-" "Mozilla/5.0 (compatible; bingbot/2.0; +http://www.bing.com/bingbot.htm)" 
189.152.239.6 - - [20/Nov/2015:07:05:27 -0800] "GET / HTTP/1.1" 200 8101 "https://www.reddit.com/r/datasets/comments/3tbxap/cyber_security_datasets/" "Mozilla/5.0 (Macintosh; Intel Mac OS X 10.9; rv:42.0) Gecko/20100101 Firefox/42.0" 
81.137.67.60 - - [20/Nov/2015:07:05:27 -0800] "GET / HTTP/1.1" 200 8101 "https://www.google.co.uk/" "Mozilla/5.0 (Windows NT 6.1; WOW64) AppleWebKit/537.36 (KHTML, like Gecko) Chrome/46.0.2490.86 Safari/537.36" 
189.152.239.6 - - [20/Nov/2015:07:05:27 -0800] "GET /bootstrap/img/favicon.ico HTTP/1.1" 200 589 "-" "Mozilla/5.0 (Macintosh; Intel Mac OS X 10.9; rv:42.0) Gecko/20100101 Firefox/42.0" 
81.137.67.60 - - [20/Nov/2015:07:05:28 -0800] "GET /twitter-icon.png HTTP/1.1" 200 27787 "http://www.secrepo.com/" "Mozilla/5.0 (Windows NT 6.1; WOW64) AppleWebKit/537.36 (KHTML, like Gecko) Chrome/46.0.2490.86 Safari/537.36" 
189.152.239.6 - - [20/Nov/2015:07:05:28 -0800] "GET /twitter-icon.png HTTP/1.1" 200 27787 "http://www.secrepo.com/" "Mozilla/5.0 (Macintosh; Intel Mac OS X 10.9; rv:42.0) Gecko/20100101 Firefox/42.0" 
189.152.239.6 - - [20/Nov/2015:07:05:28 -0800] "GET /GitHub-Mark.png HTTP/1.1" 200 7428 "http://www.secrepo.com/" "Mozilla/5.0 (Macintosh; Intel Mac OS X 10.9; rv:42.0) Gecko/20100101 Firefox/42.0" 
81.137.67.60 - - [20/Nov/2015:07:05:28 -0800] "GET /GitHub-Mark.png HTTP/1.1" 200 7428 "http://www.secrepo.com/" "Mozilla/5.0 (Windows NT 6.1; WOW64) AppleWebKit/537.36 (KHTML, like Gecko) Chrome/46.0.2490.86 Safari/537.36" 
81.137.67.60 - - [20/Nov/2015:07:05:28 -0800] "GET /bootstrap/img/favicon.ico HTTP/1.1" 200 589 "http://www.secrepo.com/" "Mozilla/5.0 (Windows NT 6.1; WOW64) AppleWebKit/537.36 (KHTML, like Gecko) Chrome/46.0.2490.86 Safari/537.36" 
70.190.22.220 - - [20/Nov/2015:07:18:05 -0800] "GET / HTTP/1.1" 301 483 "-" "Mozilla/5.0 (Windows NT 10.0; Win64; x64) AppleWebKit/537.36 (KHTML, like Gecko) Chrome/47.0.2526.69 Safari/537.36" 
70.190.22.220 - - [20/Nov/2015:07:18:05 -0800] "GET / HTTP/1.1" 200 8101 "-" "Mozilla/5.0 (Windows NT 10.0; Win64; x64) AppleWebKit/537.36 (KHTML, like Gecko) Chrome/47.0.2526.69 Safari/537.36" 
70.190.22.220 - - [20/Nov/2015:07:18:05 -0800] "GET /twitter-icon.png HTTP/1.1" 200 27787 "http://www.secrepo.com/" "Mozilla/5.0 (Windows NT 10.0; Win64; x64) AppleWebKit/537.36 (KHTML, like Gecko) Chrome/47.0.2526.69 Safari/537.36" 
70.190.22.220 - - [20/Nov/2015:07:18:05 -0800] "GET /GitHub-Mark.png HTTP/1.1" 200 7428 "http://www.secrepo.com/" "Mozilla/5.0 (Windows NT 10.0; Win64; x64) AppleWebKit/537.36 (KHTML, like Gecko) Chrome/47.0.2526.69 Safari/537.36" 
70.190.22.220 - - [20/Nov/2015:07:18:06 -0800] "GET /bootstrap/img/favicon.ico HTTP/1.1" 200 589 "http://www.secrepo.com/" "Mozilla/5.0 (Windows NT 10.0; Win64; x64) AppleWebKit/537.36 (KHTML, like Gecko) Chrome/47.0.2526.69 Safari/537.36" 
173.165.36.107 - - [20/Nov/2015:06:49:17 -0800] "GET /tg/c.zip HTTP/1.1" 200 63359118 "http://www.secrepo.com/" "Wget/1.15 (linux-gnu)" 
178.137.161.6 - - [20/Nov/2015:07:31:17 -0800] "GET /honeypot/ HTTP/1.1" 200 1077 "http://origin-my.ru/" "Opera/9.01 (Windows NT 5.1; U; en)" 
178.137.161.6 - - [20/Nov/2015:07:31:18 -0800] "GET /honeypot/ HTTP/1.1" 200 1077 "http://origin-my.ru/" "Opera/9.01 (Windows NT 5.1; U; en)" 
173.165.36.107 - - [20/Nov/2015:07:30:38 -0800] "GET /tg/tg_snort_fast.7z HTTP/1.1" 200 4274093 "http://www.secrepo.com/" "Wget/1.15 (linux-gnu)" 
173.165.36.107 - - [20/Nov/2015:07:34:58 -0800] "GET /tg/tg_snort_full.7z HTTP/1.1" 200 8847794 "http://www.secrepo.com/" "Wget/1.15 (linux-gnu)" 
173.165.36.107 - - [20/Nov/2015:07:42:37 -0800] "GET /misc/zeus_dga_domains.txt.zip HTTP/1.1" 200 592293 "http://www.secrepo.com/" "Wget/1.15 (linux-gnu)" 
173.165.36.107 - - [20/Nov/2015:07:43:04 -0800] "GET /zeus/zeus_json.zip HTTP/1.1" 404 295 "http://www.secrepo.com/" "Wget/1.15 (linux-gnu)" 
173.165.36.107 - - [20/Nov/2015:07:43:04 -0800] "GET /self.logs/ HTTP/1.1" 200 59004 "http://www.secrepo.com/" "Wget/1.15 (linux-gnu)" 
46.118.152.18 - - [20/Nov/2015:07:49:46 -0800] "GET /honeypot/ HTTP/1.1" 200 1077 "http://wzgyyq.com/" "Mozilla/4.0 (compatible; MSIE 6.0; Windows NT 5.1; KKman2.0)" 
46.118.152.18 - - [20/Nov/2015:07:49:46 -0800] "GET /honeypot/ HTTP/1.1" 200 1077 "http://cinemaenergy-hd.ru/" "Mozilla/4.0 (compatible; MSIE 6.0; Windows NT 5.1; SV1; InfoPath.1" 
173.165.36.107 - - [20/Nov/2015:07:43:09 -0800] "GET /squid/access.log.gz HTTP/1.1" 200 23100561 "http://www.secrepo.com/" "Wget/1.15 (linux-gnu)" 
173.165.36.107 - - [20/Nov/2015:07:57:42 -0800] "GET /auth.log/auth.log.gz HTTP/1.1" 200 615569 "http://www.secrepo.com/" "Wget/1.15 (linux-gnu)" 
123.125.71.38 - - [20/Nov/2015:07:59:03 -0800] "GET / HTTP/1.1" 301 446 "-" "Mozilla/5.0 (compatible; Baiduspider/2.0; +http://www.baidu.com/search/spider.html)" 
123.125.71.22 - - [20/Nov/2015:07:59:04 -0800] "GET / HTTP/1.1" 304 152 "-" "Mozilla/5.0 (compatible; Baiduspider/2.0; +http://www.baidu.com/search/spider.html)" 
195.154.226.90 - - [20/Nov/2015:08:01:48 -0800] "HEAD /wp-content/ HTTP/1.1" 404 320 "http://www.secrepo.com/wp-content/" "Mozilla/5.0 (compatible; MSIE 9.0; Windows NT 6.1; Trident/5.0)" 
66.249.64.245 - - [20/Nov/2015:08:02:32 -0800] "GET /honeypot/Honeypot%20-%20Howto.pdf HTTP/1.1" 200 1279418 "-" "Mozilla/5.0 (iPhone; CPU iPhone OS 8_3 like Mac OS X) AppleWebKit/600.1.4 (KHTML, like Gecko) Version/8.0 Mobile/12F70 Safari/600.1.4 (compatible; Googlebot/2.1; +http://www.google.com/bot.html)" 
173.165.36.107 - - [20/Nov/2015:07:58:23 -0800] "GET /honeypot/honeypot.json.zip HTTP/1.1" 200 4631873 "http://www.secrepo.com/" "Wget/1.15 (linux-gnu)" 
173.165.36.107 - - [20/Nov/2015:08:03:07 -0800] "GET /honeypot/BSidesDFW%20-%202014.ipynb HTTP/1.1" 200 930836 "http://www.secrepo.com/" "Wget/1.15 (linux-gnu)" 
128.244.42.5 - - [20/Nov/2015:08:06:51 -0800] "GET / HTTP/1.1" 200 8045 "https://www.reddit.com/r/datasets/comments/3tbxap/cyber_security_datasets/" "Mozilla/5.0 (Windows NT 6.1; WOW64) AppleWebKit/537.36 (KHTML, like Gecko) Chrome/46.0.2490.86 Safari/537.36" 
79.126.122.122 - - [20/Nov/2015:08:16:02 -0800] "GET / HTTP/1.1" 200 8101 "https://www.google.ru/" "Mozilla/5.0 (Windows NT 6.1; WOW64) AppleWebKit/537.36 (KHTML, like Gecko) Chrome/46.0.2490.86 Safari/537.36" 
79.126.122.122 - - [20/Nov/2015:08:16:02 -0800] "GET /GitHub-Mark.png HTTP/1.1" 200 7427 "http://www.secrepo.com/" "Mozilla/5.0 (Windows NT 6.1; WOW64) AppleWebKit/537.36 (KHTML, like Gecko) Chrome/46.0.2490.86 Safari/537.36" 
79.126.122.122 - - [20/Nov/2015:08:16:03 -0800] "GET /bootstrap/img/favicon.ico HTTP/1.1" 200 589 "http://www.secrepo.com/" "Mozilla/5.0 (Windows NT 6.1; WOW64) AppleWebKit/537.36 (KHTML, like Gecko) Chrome/46.0.2490.86 Safari/537.36" 
62.254.145.53 - - [20/Nov/2015:08:27:40 -0800] "GET / HTTP/1.1" 200 8101 "-" "Mozilla/5.0 (Macintosh; Intel Mac OS X 10_11_1) AppleWebKit/537.36 (KHTML, like Gecko) Chrome/46.0.2490.86 Safari/537.36" 
62.254.145.53 - - [20/Nov/2015:08:27:40 -0800] "GET /GitHub-Mark.png HTTP/1.1" 200 7428 "http://www.secrepo.com/" "Mozilla/5.0 (Macintosh; Intel Mac OS X 10_11_1) AppleWebKit/537.36 (KHTML, like Gecko) Chrome/46.0.2490.86 Safari/537.36" 
62.254.145.53 - - [20/Nov/2015:08:27:40 -0800] "GET /twitter-icon.png HTTP/1.1" 200 27787 "http://www.secrepo.com/" "Mozilla/5.0 (Macintosh; Intel Mac OS X 10_11_1) AppleWebKit/537.36 (KHTML, like Gecko) Chrome/46.0.2490.86 Safari/537.36" 
62.254.145.53 - - [20/Nov/2015:08:27:40 -0800] "GET /bootstrap/img/favicon.ico HTTP/1.1" 200 589 "http://www.secrepo.com/" "Mozilla/5.0 (Macintosh; Intel Mac OS X 10_11_1) AppleWebKit/537.36 (KHTML, like Gecko) Chrome/46.0.2490.86 Safari/537.36" 
62.254.145.53 - - [20/Nov/2015:08:28:15 -0800] "GET /zeus/zeus_json.zip HTTP/1.1" 404 340 "http://www.secrepo.com/" "Mozilla/5.0 (Macintosh; Intel Mac OS X 10_11_1) AppleWebKit/537.36 (KHTML, like Gecko) Chrome/46.0.2490.86 Safari/537.36" 
62.254.145.53 - - [20/Nov/2015:08:28:16 -0800] "GET /favicon.ico HTTP/1.1" 200 267 "http://www.secrepo.com/zeus/zeus_json.zip" "Mozilla/5.0 (Macintosh; Intel Mac OS X 10_11_1) AppleWebKit/537.36 (KHTML, like Gecko) Chrome/46.0.2490.86 Safari/537.36" 
62.254.145.53 - - [20/Nov/2015:08:28:23 -0800] "GET /zeus/zeus_json.zip HTTP/1.1" 404 340 "http://www.secrepo.com/" "Mozilla/5.0 (Macintosh; Intel Mac OS X 10_11_1) AppleWebKit/537.36 (KHTML, like Gecko) Chrome/46.0.2490.86 Safari/537.36" 
62.254.145.53 - - [20/Nov/2015:08:28:28 -0800] "GET /zeus/zeus_json.zip HTTP/1.1" 404 340 "http://www.secrepo.com/" "Mozilla/5.0 (Macintosh; Intel Mac OS X 10_11_1) AppleWebKit/537.36 (KHTML, like Gecko) Chrome/46.0.2490.86 Safari/537.36" 
62.254.145.53 - - [20/Nov/2015:08:28:36 -0800] "GET /zeus/zeus_json.zip HTTP/1.1" 404 340 "http://www.secrepo.com/" "Mozilla/5.0 (Macintosh; Intel Mac OS X 10_11_1) AppleWebKit/537.36 (KHTML, like Gecko) Chrome/46.0.2490.86 Safari/537.36" 
62.254.145.53 - - [20/Nov/2015:08:28:36 -0800] "GET /favicon.ico HTTP/1.1" 200 267 "http://www.secrepo.com/zeus/zeus_json.zip" "Mozilla/5.0 (Macintosh; Intel Mac OS X 10_11_1) AppleWebKit/537.36 (KHTML, like Gecko) Chrome/46.0.2490.86 Safari/537.36" 
62.254.145.53 - - [20/Nov/2015:08:28:39 -0800] "GET /zeus/zeus_json.zip HTTP/1.1" 404 340 "http://www.secrepo.com/" "Mozilla/5.0 (Macintosh; Intel Mac OS X 10_11_1) AppleWebKit/537.36 (KHTML, like Gecko) Chrome/46.0.2490.86 Safari/537.36" 
62.254.145.53 - - [20/Nov/2015:08:28:39 -0800] "GET /favicon.ico HTTP/1.1" 200 267 "http://www.secrepo.com/zeus/zeus_json.zip" "Mozilla/5.0 (Macintosh; Intel Mac OS X 10_11_1) AppleWebKit/537.36 (KHTML, like Gecko) Chrome/46.0.2490.86 Safari/537.36" 
62.254.145.53 - - [20/Nov/2015:08:28:50 -0800] "GET / HTTP/1.1" 200 8101 "-" "Mozilla/5.0 (Macintosh; Intel Mac OS X 10_11_1) AppleWebKit/537.36 (KHTML, like Gecko) Chrome/46.0.2490.86 Safari/537.36" 
62.254.145.53 - - [20/Nov/2015:08:28:50 -0800] "GET /twitter-icon.png HTTP/1.1" 200 27787 "http://www.secrepo.com/" "Mozilla/5.0 (Macintosh; Intel Mac OS X 10_11_1) AppleWebKit/537.36 (KHTML, like Gecko) Chrome/46.0.2490.86 Safari/537.36" 
62.254.145.53 - - [20/Nov/2015:08:28:50 -0800] "GET /GitHub-Mark.png HTTP/1.1" 200 7428 "http://www.secrepo.com/" "Mozilla/5.0 (Macintosh; Intel Mac OS X 10_11_1) AppleWebKit/537.36 (KHTML, like Gecko) Chrome/46.0.2490.86 Safari/537.36" 
62.254.145.53 - - [20/Nov/2015:08:28:53 -0800] "GET /self.logs/ HTTP/1.1" 200 6576 "http://www.secrepo.com/" "Mozilla/5.0 (Macintosh; Intel Mac OS X 10_11_1) AppleWebKit/537.36 (KHTML, like Gecko) Chrome/46.0.2490.86 Safari/537.36" 
62.254.145.53 - - [20/Nov/2015:08:28:53 -0800] "GET /favicon.ico HTTP/1.1" 200 267 "http://www.secrepo.com/self.logs/" "Mozilla/5.0 (Macintosh; Intel Mac OS X 10_11_1) AppleWebKit/537.36 (KHTML, like Gecko) Chrome/46.0.2490.86 Safari/537.36" 
62.254.145.53 - - [20/Nov/2015:08:28:57 -0800] "GET /self.logs/error.log.2015-10-12.gz HTTP/1.1" 200 1991 "http://www.secrepo.com/self.logs/" "Mozilla/5.0 (Macintosh; Intel Mac OS X 10_11_1) AppleWebKit/537.36 (KHTML, like Gecko) Chrome/46.0.2490.86 Safari/537.36" 
62.254.145.53 - - [20/Nov/2015:08:28:57 -0800] "GET /favicon.ico HTTP/1.1" 200 267 "http://www.secrepo.com/self.logs/" "Mozilla/5.0 (Macintosh; Intel Mac OS X 10_11_1) AppleWebKit/537.36 (KHTML, like Gecko) Chrome/46.0.2490.86 Safari/537.36" 
62.254.145.53 - - [20/Nov/2015:08:28:59 -0800] "GET / HTTP/1.1" 200 8100 "-" "Mozilla/5.0 (Macintosh; Intel Mac OS X 10_11_1) AppleWebKit/537.36 (KHTML, like Gecko) Chrome/46.0.2490.86 Safari/537.36" 
62.254.145.53 - - [20/Nov/2015:08:28:59 -0800] "GET /twitter-icon.png HTTP/1.1" 200 27787 "http://www.secrepo.com/" "Mozilla/5.0 (Macintosh; Intel Mac OS X 10_11_1) AppleWebKit/537.36 (KHTML, like Gecko) Chrome/46.0.2490.86 Safari/537.36" 
62.254.145.53 - - [20/Nov/2015:08:28:59 -0800] "GET /GitHub-Mark.png HTTP/1.1" 200 7428 "http://www.secrepo.com/" "Mozilla/5.0 (Macintosh; Intel Mac OS X 10_11_1) AppleWebKit/537.36 (KHTML, like Gecko) Chrome/46.0.2490.86 Safari/537.36" 
62.254.145.53 - - [20/Nov/2015:08:33:56 -0800] "GET / HTTP/1.1" 200 8101 "-" "Mozilla/5.0 (Macintosh; Intel Mac OS X 10_11_1) AppleWebKit/537.36 (KHTML, like Gecko) Chrome/46.0.2490.86 Safari/537.36" 
62.254.145.53 - - [20/Nov/2015:08:33:56 -0800] "GET /twitter-icon.png HTTP/1.1" 200 27787 "http://www.secrepo.com/" "Mozilla/5.0 (Macintosh; Intel Mac OS X 10_11_1) AppleWebKit/537.36 (KHTML, like Gecko) Chrome/46.0.2490.86 Safari/537.36" 
62.254.145.53 - - [20/Nov/2015:08:33:56 -0800] "GET /GitHub-Mark.png HTTP/1.1" 200 7428 "http://www.secrepo.com/" "Mozilla/5.0 (Macintosh; Intel Mac OS X 10_11_1) AppleWebKit/537.36 (KHTML, like Gecko) Chrome/46.0.2490.86 Safari/537.36" 
108.31.176.205 - - [20/Nov/2015:08:46:24 -0800] "GET / HTTP/1.1" 200 8101 "-" "Mozilla/5.0 (Macintosh; Intel Mac OS X 10_10_5) AppleWebKit/537.36 (KHTML, like Gecko) Chrome/46.0.2490.86 Safari/537.36" 
108.31.176.205 - - [20/Nov/2015:08:46:24 -0800] "GET /twitter-icon.png HTTP/1.1" 200 27787 "http://www.secrepo.com/" "Mozilla/5.0 (Macintosh; Intel Mac OS X 10_10_5) AppleWebKit/537.36 (KHTML, like Gecko) Chrome/46.0.2490.86 Safari/537.36" 
108.31.176.205 - - [20/Nov/2015:08:46:24 -0800] "GET /GitHub-Mark.png HTTP/1.1" 200 7428 "http://www.secrepo.com/" "Mozilla/5.0 (Macintosh; Intel Mac OS X 10_10_5) AppleWebKit/537.36 (KHTML, like Gecko) Chrome/46.0.2490.86 Safari/537.36" 
108.31.176.205 - - [20/Nov/2015:08:46:24 -0800] "GET /bootstrap/img/favicon.ico HTTP/1.1" 200 589 "http://www.secrepo.com/" "Mozilla/5.0 (Macintosh; Intel Mac OS X 10_10_5) AppleWebKit/537.36 (KHTML, like Gecko) Chrome/46.0.2490.86 Safari/537.36" 
212.201.76.83 - - [20/Nov/2015:08:49:31 -0800] "GET /favicon.ico HTTP/1.1" 200 268 "http://www.secrepo.com/honeypot/Honeypot%20-%20Howto.pdf" "Mozilla/5.0 (Windows NT 6.3; WOW64) AppleWebKit/537.36 (KHTML, like Gecko) Chrome/45.0.2454.99 Safari/537.36 Vivaldi/1.0.303.52" 
212.201.76.83 - - [20/Nov/2015:08:49:32 -0800] "GET /honeypot/Honeypot%20-%20Howto.pdf HTTP/1.1" 206 33098 "http://www.secrepo.com/honeypot/Honeypot%20-%20Howto.pdf" "Mozilla/5.0 (Windows NT 6.3; WOW64) AppleWebKit/537.36 (KHTML, like Gecko) Chrome/45.0.2454.99 Safari/537.36 Vivaldi/1.0.303.52" 
212.201.76.83 - - [20/Nov/2015:08:49:31 -0800] "GET /honeypot/Honeypot%20-%20Howto.pdf HTTP/1.1" 200 1025210 "https://www.google.de/" "Mozilla/5.0 (Windows NT 6.3; WOW64) AppleWebKit/537.36 (KHTML, like Gecko) Chrome/45.0.2454.99 Safari/537.36 Vivaldi/1.0.303.52" 
212.201.76.83 - - [20/Nov/2015:08:49:33 -0800] "GET /honeypot/Honeypot%20-%20Howto.pdf HTTP/1.1" 206 1246706 "http://www.secrepo.com/honeypot/Honeypot%20-%20Howto.pdf" "Mozilla/5.0 (Windows NT 6.3; WOW64) AppleWebKit/537.36 (KHTML, like Gecko) Chrome/45.0.2454.99 Safari/537.36 Vivaldi/1.0.303.52" 
62.254.145.53 - - [20/Nov/2015:08:51:54 -0800] "GET / HTTP/1.1" 200 8101 "-" "Mozilla/5.0 (Macintosh; Intel Mac OS X 10_11_1) AppleWebKit/537.36 (KHTML, like Gecko) Chrome/46.0.2490.86 Safari/537.36" 
62.254.145.53 - - [20/Nov/2015:08:51:55 -0800] "GET /twitter-icon.png HTTP/1.1" 200 27787 "http://www.secrepo.com/" "Mozilla/5.0 (Macintosh; Intel Mac OS X 10_11_1) AppleWebKit/537.36 (KHTML, like Gecko) Chrome/46.0.2490.86 Safari/537.36" 
62.254.145.53 - - [20/Nov/2015:08:51:55 -0800] "GET /GitHub-Mark.png HTTP/1.1" 200 7428 "http://www.secrepo.com/" "Mozilla/5.0 (Macintosh; Intel Mac OS X 10_11_1) AppleWebKit/537.36 (KHTML, like Gecko) Chrome/46.0.2490.86 Safari/537.36" 
62.254.145.53 - - [20/Nov/2015:08:52:08 -0800] "GET / HTTP/1.1" 200 8101 "-" "Mozilla/5.0 (Macintosh; Intel Mac OS X 10_11_1) AppleWebKit/537.36 (KHTML, like Gecko) Chrome/46.0.2490.86 Safari/537.36" 
62.254.145.53 - - [20/Nov/2015:08:52:08 -0800] "GET /twitter-icon.png HTTP/1.1" 200 27787 "http://www.secrepo.com/" "Mozilla/5.0 (Macintosh; Intel Mac OS X 10_11_1) AppleWebKit/537.36 (KHTML, like Gecko) Chrome/46.0.2490.86 Safari/537.36" 
62.254.145.53 - - [20/Nov/2015:08:52:08 -0800] "GET /GitHub-Mark.png HTTP/1.1" 200 7428 "http://www.secrepo.com/" "Mozilla/5.0 (Macintosh; Intel Mac OS X 10_11_1) AppleWebKit/537.36 (KHTML, like Gecko) Chrome/46.0.2490.86 Safari/537.36" 
66.249.64.245 - - [20/Nov/2015:09:04:09 -0800] "GET / HTTP/1.1" 200 8101 "-" "Mozilla/5.0 (compatible; Googlebot/2.1; +http://www.google.com/bot.html)" 
195.154.226.90 - - [20/Nov/2015:09:17:23 -0800] "HEAD /wp-content/ HTTP/1.1" 404 320 "http://www.secrepo.com/wp-content/" "Mozilla/5.0 (compatible; MSIE 9.0; Windows NT 6.1; Trident/5.0)" 
195.154.226.90 - - [20/Nov/2015:09:17:56 -0800] "HEAD /wp-content/ HTTP/1.1" 404 320 "http://www.secrepo.com/wp-content/" "Mozilla/5.0 (compatible; MSIE 9.0; Windows NT 6.1; Trident/5.0)" 
195.154.226.90 - - [20/Nov/2015:09:18:19 -0800] "HEAD /wp-content/ HTTP/1.1" 404 320 "http://www.secrepo.com/wp-content/" "Mozilla/5.0 (compatible; MSIE 9.0; Windows NT 6.1; Trident/5.0)" 
119.147.146.189 - - [20/Nov/2015:09:44:58 -0800] "GET /SecRepo.com-SamplesofSecurityRelatedData HTTP/1.1" 404 284 "-" "Mozilla/5.0 (Windows NT 6.1; WOW64) AppleWebKit/537.36 (KHTML, like Gecko) Chrome/39.0.2171.95  Safari/537.36" 
66.249.83.193 - - [20/Nov/2015:09:49:47 -0800] "GET / HTTP/1.1" 200 8101 "-" "Google favicon" 
66.249.83.193 - - [20/Nov/2015:09:49:47 -0800] "GET /bootstrap/img/favicon.ico HTTP/1.1" 200 589 "-" "Google favicon" 
69.127.222.99 - - [20/Nov/2015:10:25:22 -0800] "GET / HTTP/1.1" 200 8101 "-" "Opera/9.80 (Windows; U; Windows NT 6.1) Presto/2.9.181 Version/12.00" 
69.127.222.99 - - [20/Nov/2015:10:25:22 -0800] "GET /twitter-icon.png HTTP/1.1" 200 27787 "http://www.secrepo.com/" "Opera/9.80 (Windows; U; Windows NT 6.1) Presto/2.9.181 Version/12.00" 
69.127.222.99 - - [20/Nov/2015:10:25:22 -0800] "GET /GitHub-Mark.png HTTP/1.1" 200 7428 "http://www.secrepo.com/" "Opera/9.80 (Windows; U; Windows NT 6.1) Presto/2.9.181 Version/12.00" 
69.127.222.99 - - [20/Nov/2015:10:25:23 -0800] "GET /bootstrap/img/favicon.ico HTTP/1.1" 200 589 "http://www.secrepo.com/" "Mozilla/5.0 (X11; Linux x86_64) AppleWebKit/537.36 (KHTML, like Gecko) Chrome/47.0.2526.58 Safari/537.36" 
68.64.170.74 - - [20/Nov/2015:10:41:35 -0800] "GET / HTTP/1.1" 301 427 "-" "Go 1.1 package http" 
68.64.170.74 - - [20/Nov/2015:10:41:35 -0800] "GET / HTTP/1.1" 200 8045 "http://secrepo.com" "Go 1.1 package http" 
37.115.154.109 - - [20/Nov/2015:11:11:52 -0800] "GET /honeypot/ HTTP/1.1" 200 1077 "http://xn--80ahvj9e.xn--p1ai/" "Mozilla/4.0 (compatible; MSIE 6.0; Windows XP)" 
37.115.154.109 - - [20/Nov/2015:11:11:52 -0800] "GET /honeypot/ HTTP/1.1" 200 1077 "http://xn--80ahvj9e.xn--p1ai/" "Mozilla/4.0 (compatible; MSIE 6.0; Windows XP)" 
37.115.154.109 - - [20/Nov/2015:11:11:53 -0800] "GET /honeypot/ HTTP/1.1" 200 1077 "http://xn--80ahvj9e.xn--p1ai/" "Mozilla/4.0 (compatible; MSIE 6.0; Windows XP)" 
180.180.65.229 - - [20/Nov/2015:11:31:15 -0800] "GET /honeypot/BSidesDFW%20-%202014.ipynb HTTP/1.1" 200 930836 "http://www.secrepo.com/" "Mozilla/5.0 (X11; Ubuntu; Linux i686; rv:34.0) Gecko/20100101 Firefox/34.0" 
149.202.54.6 - - [20/Nov/2015:11:42:28 -0800] "GET /robots.txt HTTP/1.0" 200 252 "-" "Mozilla/5.0 (compatible; MJ12bot/v1.4.5; http://www.majestic12.co.uk/bot.php?+)" 
149.202.54.6 - - [20/Nov/2015:11:42:29 -0800] "GET /honeypot//%22https://twitter.com/theroxyd/%22 HTTP/1.0" 404 284 "-" "Mozilla/5.0 (compatible; MJ12bot/v1.4.5; http://www.majestic12.co.uk/bot.php?+)" 
178.137.161.6 - - [20/Nov/2015:11:50:54 -0800] "GET /honeypot/ HTTP/1.1" 200 1077 "http://www.hacktougroup.ru/" "Mozilla/4.0 (compatible; MSIE 6.0; Windows NT 5.1)" 
178.137.161.6 - - [20/Nov/2015:11:50:55 -0800] "GET /honeypot/ HTTP/1.1" 200 1077 "http://www.hacktougroup.ru/" "Mozilla/4.0 (compatible; MSIE 6.0; Windows NT 5.1)" 
46.118.152.18 - - [20/Nov/2015:11:57:32 -0800] "GET /honeypot/ HTTP/1.1" 200 1077 "http://www.zakazvzloma.com/" "Mozilla/4.0 (compatible; MSIE 6.0; Update a; AOL 6.0; Windows 98)" 
184.94.17.26 - - [20/Nov/2015:12:01:20 -0800] "GET / HTTP/1.1" 200 8101 "https://www.reddit.com/r/datasets/comments/3tbxap/cyber_security_datasets/" "Mozilla/5.0 (Macintosh; Intel Mac OS X 10_10_4) AppleWebKit/537.36 (KHTML, like Gecko) Chrome/46.0.2490.86 Safari/537.36" 
184.94.17.26 - - [20/Nov/2015:12:01:20 -0800] "GET /twitter-icon.png HTTP/1.1" 200 27787 "http://www.secrepo.com/" "Mozilla/5.0 (Macintosh; Intel Mac OS X 10_10_4) AppleWebKit/537.36 (KHTML, like Gecko) Chrome/46.0.2490.86 Safari/537.36" 
184.94.17.26 - - [20/Nov/2015:12:01:20 -0800] "GET /GitHub-Mark.png HTTP/1.1" 200 7428 "http://www.secrepo.com/" "Mozilla/5.0 (Macintosh; Intel Mac OS X 10_10_4) AppleWebKit/537.36 (KHTML, like Gecko) Chrome/46.0.2490.86 Safari/537.36" 
184.94.17.26 - - [20/Nov/2015:12:01:20 -0800] "GET /bootstrap/img/favicon.ico HTTP/1.1" 200 589 "http://www.secrepo.com/" "Mozilla/5.0 (Macintosh; Intel Mac OS X 10_10_4) AppleWebKit/537.36 (KHTML, like Gecko) Chrome/46.0.2490.86 Safari/537.36" 
37.75.215.116 - - [20/Nov/2015:12:18:43 -0800] "GET /honeypot/BSidesDFW%20-%202014.ipynb HTTP/1.1" 200 930836 "https://www.google.ps/" "Mozilla/5.0 (Windows NT 6.1) AppleWebKit/537.36 (KHTML, like Gecko) Chrome/46.0.2490.86 Safari/537.36" 
37.75.215.116 - - [20/Nov/2015:12:19:04 -0800] "GET /favicon.ico HTTP/1.1" 200 268 "http://www.secrepo.com/honeypot/BSidesDFW%20-%202014.ipynb" "Mozilla/5.0 (Windows NT 6.1) AppleWebKit/537.36 (KHTML, like Gecko) Chrome/46.0.2490.86 Safari/537.36" 
204.128.4.5 - - [20/Nov/2015:12:24:14 -0800] "GET / HTTP/1.1" 200 8101 "https://www.reddit.com/r/datasets/comments/3tbxap/cyber_security_datasets/" "Mozilla/5.0 (Windows NT 6.1; WOW64; rv:42.0) Gecko/20100101 Firefox/42.0" 
204.128.4.5 - - [20/Nov/2015:12:24:14 -0800] "GET /bootstrap/img/favicon.ico HTTP/1.1" 200 589 "-" "Mozilla/5.0 (Windows NT 6.1; WOW64; rv:42.0) Gecko/20100101 Firefox/42.0" 
204.128.4.5 - - [20/Nov/2015:12:24:15 -0800] "GET /GitHub-Mark.png HTTP/1.1" 200 7428 "http://www.secrepo.com/" "Mozilla/5.0 (Windows NT 6.1; WOW64; rv:42.0) Gecko/20100101 Firefox/42.0" 
204.128.4.5 - - [20/Nov/2015:12:24:15 -0800] "GET /twitter-icon.png HTTP/1.1" 200 27787 "http://www.secrepo.com/" "Mozilla/5.0 (Windows NT 6.1; WOW64; rv:42.0) Gecko/20100101 Firefox/42.0" 
50.247.77.98 - - [20/Nov/2015:12:27:07 -0800] "GET / HTTP/1.1" 200 8101 "http://www.mlsecproject.org/" "Mozilla/5.0 (Windows NT 6.1; WOW64) AppleWebKit/537.36 (KHTML, like Gecko) Chrome/46.0.2490.80 Safari/537.36" 
50.247.77.98 - - [20/Nov/2015:12:27:07 -0800] "GET /twitter-icon.png HTTP/1.1" 200 27787 "http://www.secrepo.com/" "Mozilla/5.0 (Windows NT 6.1; WOW64) AppleWebKit/537.36 (KHTML, like Gecko) Chrome/46.0.2490.80 Safari/537.36" 
50.247.77.98 - - [20/Nov/2015:12:27:07 -0800] "GET /GitHub-Mark.png HTTP/1.1" 200 7428 "http://www.secrepo.com/" "Mozilla/5.0 (Windows NT 6.1; WOW64) AppleWebKit/537.36 (KHTML, like Gecko) Chrome/46.0.2490.80 Safari/537.36" 
50.247.77.98 - - [20/Nov/2015:12:27:08 -0800] "GET /bootstrap/img/favicon.ico HTTP/1.1" 200 589 "http://www.secrepo.com/" "Mozilla/5.0 (Windows NT 6.1; WOW64) AppleWebKit/537.36 (KHTML, like Gecko) Chrome/46.0.2490.80 Safari/537.36" 
178.137.94.14 - - [20/Nov/2015:12:27:27 -0800] "GET /honeypot/ HTTP/1.1" 200 1077 "http://ccpfy.net/porno-hd-2016/" "Mozilla/4.0 (compatible; MSIE 6.0; Windows NT 5.1; MyIE2; Deepnet Explorer)" 
178.137.94.14 - - [20/Nov/2015:12:27:28 -0800] "GET /honeypot/ HTTP/1.1" 200 1077 "http://ccpfy.net/porno-hd-2016/" "Mozilla/4.0 (compatible; MSIE 6.0; Windows NT 5.1; MyIE2; Deepnet Explorer)" 
178.137.94.14 - - [20/Nov/2015:12:27:29 -0800] "GET /honeypot/ HTTP/1.1" 200 1077 "http://ccpfy.net/porno-hd-2016/" "Mozilla/4.0 (compatible; MSIE 6.0; Windows NT 5.1; MyIE2; Deepnet Explorer)" 
180.153.236.110 - - [20/Nov/2015:12:36:54 -0800] "GET / HTTP/1.1" 200 8101 "http://www.secrepo.com/" "Mozilla/5.0 (compatible; MSIE 9.0; Windows NT 6.1; Trident/5.0); 360Spider(compatible; HaosouSpider; http://www.haosou.com/help/help_3_2.html)" 
