192.243.55.132 - - [18/Mar/2016:04:09:09 -0700] "GET /honeypot/Honeypot%20-%20Howto%20-%20BSides%20Austin.pdf HTTP/1.1" 200 30660 "-" "Mozilla/5.0 (compatible; SemrushBot/1~bl; +http://www.semrush.com/bot.html)" 
192.243.55.129 - - [18/Mar/2016:04:09:35 -0700] "GET /self.logs/access.log.2015-03-23.gz HTTP/1.1" 200 4096 "-" "Mozilla/5.0 (compatible; SemrushBot/1~bl; +http://www.semrush.com/bot.html)" 
220.181.108.159 - - [18/Mar/2016:04:09:48 -0700] "GET / HTTP/1.1" 301 446 "-" "Mozilla/5.0 (compatible; Baiduspider/2.0; +http://www.baidu.com/search/spider.html)" 
220.181.108.144 - - [18/Mar/2016:04:09:49 -0700] "GET / HTTP/1.1" 304 152 "-" "Mozilla/5.0 (compatible; Baiduspider/2.0; +http://www.baidu.com/search/spider.html)" 
192.243.55.135 - - [18/Mar/2016:04:09:58 -0700] "GET /self.logs/access.log.2015-09-11.gz HTTP/1.1" 200 5031 "-" "Mozilla/5.0 (compatible; SemrushBot/1~bl; +http://www.semrush.com/bot.html)" 
192.243.55.129 - - [18/Mar/2016:04:10:32 -0700] "GET /self.logs/error.log.2015-11-22.gz HTTP/1.1" 200 963 "-" "Mozilla/5.0 (compatible; SemrushBot/1~bl; +http://www.semrush.com/bot.html)" 
192.243.55.136 - - [18/Mar/2016:04:11:00 -0700] "GET /self.logs/error.log.2015-12-30.gz HTTP/1.1" 200 834 "-" "Mozilla/5.0 (compatible; SemrushBot/1~bl; +http://www.semrush.com/bot.html)" 
192.243.55.131 - - [18/Mar/2016:04:11:36 -0700] "GET /self.logs/error.log.2015-05-25.gz HTTP/1.1" 200 734 "-" "Mozilla/5.0 (compatible; SemrushBot/1~bl; +http://www.semrush.com/bot.html)" 
120.26.124.141 - - [18/Mar/2016:04:11:39 -0700] "GET /honeypot/Honeypot%20-%20Howto.pdf HTTP/1.1" 200 1279418 "-" "Mozilla/4.0 (compatible; MSIE 6.0; Windows NT 5.1)" 
68.180.230.101 - - [18/Mar/2016:04:11:59 -0700] "GET /self.logs/access.log.2015-06-22.gz HTTP/1.1" 200 10614 "-" "Mozilla/5.0 (compatible; Yahoo! Slurp; http://help.yahoo.com/help/us/ysearch/slurp)" 
192.243.55.131 - - [18/Mar/2016:04:12:10 -0700] "GET /self.logs/error.log.2015-03-01.gz HTTP/1.1" 200 885 "-" "Mozilla/5.0 (compatible; SemrushBot/1~bl; +http://www.semrush.com/bot.html)" 
192.243.55.130 - - [18/Mar/2016:04:12:40 -0700] "GET /self.logs/access.log.2015-03-22.gz HTTP/1.1" 200 3642 "-" "Mozilla/5.0 (compatible; SemrushBot/1~bl; +http://www.semrush.com/bot.html)" 
192.243.55.131 - - [18/Mar/2016:04:13:18 -0700] "GET /self.logs/error.log.2015-04-09.gz HTTP/1.1" 200 581 "-" "Mozilla/5.0 (compatible; SemrushBot/1~bl; +http://www.semrush.com/bot.html)" 
192.243.55.129 - - [18/Mar/2016:04:13:50 -0700] "GET /self.logs/access.log.2015-11-01.gz HTTP/1.1" 200 6484 "-" "Mozilla/5.0 (compatible; SemrushBot/1~bl; +http://www.semrush.com/bot.html)" 
192.243.55.138 - - [18/Mar/2016:04:14:31 -0700] "GET /self.logs/access.log.2015-06-14.gz HTTP/1.1" 200 4349 "-" "Mozilla/5.0 (compatible; SemrushBot/1~bl; +http://www.semrush.com/bot.html)" 
192.243.55.138 - - [18/Mar/2016:04:14:58 -0700] "GET /self.logs/access.log.2015-05-06.gz HTTP/1.1" 200 6588 "-" "Mozilla/5.0 (compatible; SemrushBot/1~bl; +http://www.semrush.com/bot.html)" 
192.243.55.130 - - [18/Mar/2016:04:15:34 -0700] "GET /self.logs/access.log.2015-12-13.gz HTTP/1.1" 200 7603 "-" "Mozilla/5.0 (compatible; SemrushBot/1~bl; +http://www.semrush.com/bot.html)" 
192.243.55.138 - - [18/Mar/2016:04:16:05 -0700] "GET /self.logs/error.log.2016-01-19.gz HTTP/1.1" 200 647 "-" "Mozilla/5.0 (compatible; SemrushBot/1~bl; +http://www.semrush.com/bot.html)" 
192.243.55.138 - - [18/Mar/2016:04:16:31 -0700] "GET /self.logs/error.log.2015-04-26.gz HTTP/1.1" 200 843 "-" "Mozilla/5.0 (compatible; SemrushBot/1~bl; +http://www.semrush.com/bot.html)" 
192.243.55.131 - - [18/Mar/2016:04:17:02 -0700] "GET /self.logs/?C=D%3BO%3DA HTTP/1.1" 200 8925 "-" "Mozilla/5.0 (compatible; SemrushBot/1~bl; +http://www.semrush.com/bot.html)" 
192.243.55.132 - - [18/Mar/2016:04:17:41 -0700] "GET /self.logs/error.log.2015-10-21.gz HTTP/1.1" 200 691 "-" "Mozilla/5.0 (compatible; SemrushBot/1~bl; +http://www.semrush.com/bot.html)" 
182.246.97.7 - - [18/Mar/2016:04:17:14 -0700] "GET /honeypot/Honeypot%20-%20Howto.pdf HTTP/1.1" 200 1279362 "-" "Mozilla/4.0 (compatible; MSIE 6.0; Windows NT 5.1)" 
192.243.55.138 - - [18/Mar/2016:04:18:11 -0700] "GET /self.logs/access.log.2015-08-12.gz HTTP/1.1" 200 6170 "-" "Mozilla/5.0 (compatible; SemrushBot/1~bl; +http://www.semrush.com/bot.html)" 
182.246.97.7 - - [18/Mar/2016:04:17:13 -0700] "GET /honeypot/Honeypot%20-%20Howto%20-%20BSides%20Austin.pdf HTTP/1.1" 200 2928460 "-" "Mozilla/4.0 (compatible; MSIE 6.0; Windows NT 5.1)" 
192.243.55.131 - - [18/Mar/2016:04:18:49 -0700] "GET /self.logs/access.log.2015-05-29.gz HTTP/1.1" 200 3713 "-" "Mozilla/5.0 (compatible; SemrushBot/1~bl; +http://www.semrush.com/bot.html)" 
192.243.55.131 - - [18/Mar/2016:04:19:18 -0700] "GET /self.logs/error.log.2015-02-02.gz HTTP/1.1" 200 640 "-" "Mozilla/5.0 (compatible; SemrushBot/1~bl; +http://www.semrush.com/bot.html)" 
192.243.55.131 - - [18/Mar/2016:04:19:51 -0700] "GET /self.logs/access.log.2016-01-15.gz HTTP/1.1" 200 7490 "-" "Mozilla/5.0 (compatible; SemrushBot/1~bl; +http://www.semrush.com/bot.html)" 
192.243.55.130 - - [18/Mar/2016:04:20:29 -0700] "GET /self.logs/error.log.2015-06-18.gz HTTP/1.1" 200 670 "-" "Mozilla/5.0 (compatible; SemrushBot/1~bl; +http://www.semrush.com/bot.html)" 
213.136.76.21 - - [18/Mar/2016:04:20:59 -0700] "GET /honeypot/Honeypot%20-%20Howto%20-%20BSides%20Austin.pdf HTTP/1.1" 200 2928460 "http://www.secrepo.com/" "Mozilla/5.0 (Windows NT 6.1; WOW64) AppleWebKit/537.36 (KHTML, like Gecko) Chrome/34.0.1847.116 Safari/537.36" 
192.243.55.131 - - [18/Mar/2016:04:21:04 -0700] "GET /self.logs/access.log.2016-02-07.gz HTTP/1.1" 200 9101 "-" "Mozilla/5.0 (compatible; SemrushBot/1~bl; +http://www.semrush.com/bot.html)" 
192.243.55.136 - - [18/Mar/2016:04:21:43 -0700] "GET /self.logs/access.log.2015-02-21.gz HTTP/1.1" 200 17356 "-" "Mozilla/5.0 (compatible; SemrushBot/1~bl; +http://www.semrush.com/bot.html)" 
192.243.55.136 - - [18/Mar/2016:04:22:22 -0700] "GET /maccdc2012/smtp.log.gz HTTP/1.1" 200 6871 "-" "Mozilla/5.0 (compatible; SemrushBot/1~bl; +http://www.semrush.com/bot.html)" 
192.243.55.129 - - [18/Mar/2016:04:23:03 -0700] "GET /self.logs/access.log.2015-04-05.gz HTTP/1.1" 200 3487 "-" "Mozilla/5.0 (compatible; SemrushBot/1~bl; +http://www.semrush.com/bot.html)" 
192.243.55.129 - - [18/Mar/2016:04:23:41 -0700] "GET /self.logs/error.log.2015-08-31.gz HTTP/1.1" 200 767 "-" "Mozilla/5.0 (compatible; SemrushBot/1~bl; +http://www.semrush.com/bot.html)" 
192.243.55.129 - - [18/Mar/2016:04:24:23 -0700] "GET /self.logs/access.log.2015-07-17.gz HTTP/1.1" 200 4609 "-" "Mozilla/5.0 (compatible; SemrushBot/1~bl; +http://www.semrush.com/bot.html)" 
192.243.55.136 - - [18/Mar/2016:04:25:02 -0700] "GET /self.logs/access.log.2015-10-02.gz HTTP/1.1" 200 3773 "-" "Mozilla/5.0 (compatible; SemrushBot/1~bl; +http://www.semrush.com/bot.html)" 
192.243.55.129 - - [18/Mar/2016:04:25:49 -0700] "GET /self.logs/error.log.2015-02-15.gz HTTP/1.1" 200 5772 "-" "Mozilla/5.0 (compatible; SemrushBot/1~bl; +http://www.semrush.com/bot.html)" 
192.243.55.131 - - [18/Mar/2016:04:26:19 -0700] "GET /self.logs/error.log.2016-01-21.gz HTTP/1.1" 200 511 "-" "Mozilla/5.0 (compatible; SemrushBot/1~bl; +http://www.semrush.com/bot.html)" 
192.243.55.131 - - [18/Mar/2016:04:27:00 -0700] "GET /self.logs/access.log.2015-08-05.gz HTTP/1.1" 200 5941 "-" "Mozilla/5.0 (compatible; SemrushBot/1~bl; +http://www.semrush.com/bot.html)" 
192.243.55.130 - - [18/Mar/2016:04:27:39 -0700] "GET /self.logs/error.log.2015-07-23.gz HTTP/1.1" 200 1053 "-" "Mozilla/5.0 (compatible; SemrushBot/1~bl; +http://www.semrush.com/bot.html)" 
199.16.156.124 - - [18/Mar/2016:04:28:12 -0700] "GET /robots.txt HTTP/1.1" 200 304 "-" "Twitterbot/1.0" 
199.16.156.124 - - [18/Mar/2016:04:28:13 -0700] "GET /honeypot/honeypot.json.zip HTTP/1.1" 200 4631817 "-" "Twitterbot/1.0" 
192.243.55.129 - - [18/Mar/2016:04:28:18 -0700] "GET /self.logs/error.log.2015-08-26.gz HTTP/1.1" 200 646 "-" "Mozilla/5.0 (compatible; SemrushBot/1~bl; +http://www.semrush.com/bot.html)" 
180.76.15.28 - - [18/Mar/2016:04:28:51 -0700] "GET /self.logs/?C=S;O=A HTTP/1.1" 200 10007 "-" "Mozilla/5.0 (compatible; Baiduspider/2.0; +http://www.baidu.com/search/spider.html)" 
192.243.55.129 - - [18/Mar/2016:04:29:14 -0700] "GET /self.logs/access.log.2015-10-15.gz HTTP/1.1" 200 9969 "-" "Mozilla/5.0 (compatible; SemrushBot/1~bl; +http://www.semrush.com/bot.html)" 
192.243.55.129 - - [18/Mar/2016:04:30:44 -0700] "GET /self.logs/access.log.2015-04-12.gz HTTP/1.1" 200 3073 "-" "Mozilla/5.0 (compatible; SemrushBot/1~bl; +http://www.semrush.com/bot.html)" 
141.8.143.159 - - [18/Mar/2016:04:31:38 -0700] "GET /robots.txt HTTP/1.1" 301 518 "-" "Mozilla/5.0 (compatible; YandexBot/3.0; +http://yandex.com/bots)" 
141.8.143.159 - - [18/Mar/2016:04:31:39 -0700] "GET /robots.txt HTTP/1.1" 200 289 "-" "Mozilla/5.0 (compatible; YandexBot/3.0; +http://yandex.com/bots)" 
141.8.143.159 - - [18/Mar/2016:04:31:42 -0700] "GET / HTTP/1.1" 301 483 "-" "Mozilla/5.0 (compatible; YandexBot/3.0; +http://yandex.com/bots)" 
141.8.143.159 - - [18/Mar/2016:04:31:42 -0700] "GET / HTTP/1.1" 200 8680 "-" "Mozilla/5.0 (compatible; YandexBot/3.0; +http://yandex.com/bots)" 
141.8.143.159 - - [18/Mar/2016:04:31:46 -0700] "GET / HTTP/1.1" 200 8680 "-" "Mozilla/5.0 (compatible; YandexBot/3.0; +http://yandex.com/bots)" 
211.137.56.172 - - [18/Mar/2016:04:34:58 -0700] "GET /tg/a.zip HTTP/1.1" 304 132 "-" "Mozilla/5.0 Gecko/20100115 Firefox/3.6" 
69.30.210.242 - - [18/Mar/2016:04:43:17 -0700] "GET /robots.txt HTTP/1.0" 200 252 "-" "Mozilla/5.0 (compatible; MJ12bot/v1.4.5; http://www.majestic12.co.uk/bot.php?+)" 
69.30.210.242 - - [18/Mar/2016:04:43:18 -0700] "GET /honeypot/Honeypot HTTP/1.0" 404 284 "-" "Mozilla/5.0 (compatible; MJ12bot/v1.4.5; http://www.majestic12.co.uk/bot.php?+)" 
111.7.128.40 - - [18/Mar/2016:05:02:56 -0700] "GET /tg/a.zip HTTP/1.1" 304 132 "-" "Mozilla/5.0 Gecko/20100115 Firefox/3.6" 
211.137.56.201 - - [18/Mar/2016:05:04:05 -0700] "GET /tg/a.zip HTTP/1.1" 304 132 "-" "Mozilla/5.0 Gecko/20100115 Firefox/3.6" 
77.75.77.95 - - [18/Mar/2016:05:06:00 -0700] "GET /robots.txt HTTP/1.1" 200 334 "-" "Mozilla/5.0 (compatible; SeznamBot/3.2; +http://fulltext.sblog.cz/)" 
77.75.77.95 - - [18/Mar/2016:05:06:01 -0700] "GET /self.logs/access.log.2015-02-18.gz HTTP/1.1" 200 8879 "-" "Mozilla/5.0 (compatible; SeznamBot/3.2; +http://fulltext.sblog.cz/)" 
98.231.230.118 - - [18/Mar/2016:05:06:49 -0700] "GET /bootstrap/img/favicon.ico HTTP/1.1" 200 590 "-" "Mozilla/5.0 (Windows NT 6.1; WOW64; rv:44.0) Gecko/20100101 Firefox/44.0" 
82.193.127.15 - - [18/Mar/2016:05:07:58 -0700] "GET /robots.txt HTTP/1.0" 301 518 "-" "Mozilla/5.0 (compatible; MJ12bot/v1.4.5; http://www.majestic12.co.uk/bot.php?+)" 
82.193.127.15 - - [18/Mar/2016:05:07:59 -0700] "GET /robots.txt HTTP/1.0" 200 289 "-" "Mozilla/5.0 (compatible; MJ12bot/v1.4.5; http://www.majestic12.co.uk/bot.php?+)" 
82.193.127.15 - - [18/Mar/2016:05:08:04 -0700] "GET /&quot HTTP/1.1" 301 456 "-" "Mozilla/5.0 (compatible; MJ12bot/v1.4.5; http://www.majestic12.co.uk/bot.php?+)" 
82.193.127.15 - - [18/Mar/2016:05:08:07 -0700] "GET /robots.txt HTTP/1.0" 200 289 "-" "Mozilla/5.0 (compatible; MJ12bot/v1.4.5; http://www.majestic12.co.uk/bot.php?+)" 
82.193.127.15 - - [18/Mar/2016:05:08:10 -0700] "GET /&quot HTTP/1.1" 404 239 "-" "Mozilla/5.0 (compatible; MJ12bot/v1.4.5; http://www.majestic12.co.uk/bot.php?+)" 
40.77.167.0 - - [18/Mar/2016:05:10:00 -0700] "GET /self.logs/error.log.2015-07-06.gz HTTP/1.1" 301 545 "-" "Mozilla/5.0 (compatible; bingbot/2.0; +http://www.bing.com/bingbot.htm)" 
113.109.27.150 - - [18/Mar/2016:05:11:33 -0700] "GET /honeypot/Honeypot%20-%20Howto.pdf HTTP/1.1" 200 1279418 "-" "Mozilla/4.0 (compatible; MSIE 6.0; Windows NT 5.1)" 
113.109.27.150 - - [18/Mar/2016:05:11:39 -0700] "GET /honeypot/Honeypot%20-%20Howto.pdf HTTP/1.1" 200 1279362 "-" "Mozilla/4.0 (compatible; MSIE 6.0; Windows NT 5.1)" 
145.62.80.100 - - [18/Mar/2016:05:26:43 -0700] "GET / HTTP/1.1" 200 28433 "-" "Mozilla/4.0 (compatible;)" 
199.19.249.196 - - [18/Mar/2016:05:26:44 -0700] "GET / HTTP/1.1" 200 28433 "-" "Mozilla/5.0 (Windows NT 6.1; WOW64; Trident/7.0; rv:11.0) like Gecko" 
218.200.66.203 - - [18/Mar/2016:05:34:02 -0700] "GET /tg/a.zip HTTP/1.1" 304 132 "-" "Mozilla/5.0 Gecko/20100115 Firefox/3.6" 
192.243.55.137 - - [18/Mar/2016:05:39:23 -0700] "GET /self.logs/access.log.2015-09-29.gz HTTP/1.1" 200 5279 "-" "Mozilla/5.0 (compatible; SemrushBot/1~bl; +http://www.semrush.com/bot.html)" 
40.77.167.75 - - [18/Mar/2016:05:41:36 -0700] "GET /self.logs/error.log.2015-07-21.gz HTTP/1.1" 301 544 "-" "Mozilla/5.0 (compatible; bingbot/2.0; +http://www.bing.com/bingbot.htm)" 
192.243.55.137 - - [18/Mar/2016:05:42:38 -0700] "GET /self.logs/access.log.2016-02-10.gz HTTP/1.1" 200 9233 "-" "Mozilla/5.0 (compatible; SemrushBot/1~bl; +http://www.semrush.com/bot.html)" 
192.243.55.137 - - [18/Mar/2016:05:45:55 -0700] "GET /self.logs/access.log.2016-01-02.gz HTTP/1.1" 200 5908 "-" "Mozilla/5.0 (compatible; SemrushBot/1~bl; +http://www.semrush.com/bot.html)" 
192.243.55.137 - - [18/Mar/2016:05:49:09 -0700] "GET /self.logs/error.log.2015-12-08.gz HTTP/1.1" 200 629 "-" "Mozilla/5.0 (compatible; SemrushBot/1~bl; +http://www.semrush.com/bot.html)" 
192.243.55.133 - - [18/Mar/2016:05:50:53 -0700] "GET /self.logs/access.log.2015-01-24.gz HTTP/1.1" 200 2240 "-" "Mozilla/5.0 (compatible; SemrushBot/1~bl; +http://www.semrush.com/bot.html)" 
111.194.209.81 - - [18/Mar/2016:05:51:52 -0700] "GET / HTTP/1.1" 200 8680 "-" "Mozilla/5.0 (Macintosh; Intel Mac OS X 10_11_3) AppleWebKit/601.4.4 (KHTML, like Gecko)" 
111.194.209.81 - - [18/Mar/2016:05:51:52 -0700] "GET /apple-touch-icon-precomposed.png HTTP/1.1" 404 340 "-" "Safari/11601.4.4 CFNetwork/760.2.6 Darwin/15.3.0 (x86_64)" 
111.194.209.81 - - [18/Mar/2016:05:51:53 -0700] "GET /apple-touch-icon.png HTTP/1.1" 404 339 "-" "Safari/11601.4.4 CFNetwork/760.2.6 Darwin/15.3.0 (x86_64)" 
111.194.209.81 - - [18/Mar/2016:05:51:53 -0700] "GET /apple-touch-icon-precomposed.png HTTP/1.1" 404 339 "-" "Safari/11601.4.4 CFNetwork/760.2.6 Darwin/15.3.0 (x86_64)" 
111.194.209.81 - - [18/Mar/2016:05:51:54 -0700] "GET /apple-touch-icon.png HTTP/1.1" 404 339 "-" "Safari/11601.4.4 CFNetwork/760.2.6 Darwin/15.3.0 (x86_64)" 
192.243.55.137 - - [18/Mar/2016:05:52:04 -0700] "GET /self.logs/error.log.2015-08-09.gz HTTP/1.1" 200 801 "-" "Mozilla/5.0 (compatible; SemrushBot/1~bl; +http://www.semrush.com/bot.html)" 
77.75.76.167 - - [18/Mar/2016:05:52:50 -0700] "GET /robots.txt HTTP/1.1" 200 334 "-" "Mozilla/5.0 (compatible; SeznamBot/3.2; +http://fulltext.sblog.cz/)" 
77.75.76.167 - - [18/Mar/2016:05:52:51 -0700] "GET /self.logs/error.log.2015-08-14.gz HTTP/1.1" 200 3216 "-" "Mozilla/5.0 (compatible; SeznamBot/3.2; +http://fulltext.sblog.cz/)" 
192.243.55.133 - - [18/Mar/2016:05:53:12 -0700] "GET /self.logs/error.log.2015-03-16.gz HTTP/1.1" 200 907 "-" "Mozilla/5.0 (compatible; SemrushBot/1~bl; +http://www.semrush.com/bot.html)" 
192.243.55.133 - - [18/Mar/2016:05:54:11 -0700] "GET /self.logs/error.log.2015-12-27.gz HTTP/1.1" 200 598 "-" "Mozilla/5.0 (compatible; SemrushBot/1~bl; +http://www.semrush.com/bot.html)" 
111.23.10.33 - - [18/Mar/2016:05:54:30 -0700] "GET /tg/a.zip HTTP/1.1" 304 132 "-" "Mozilla/5.0 Gecko/20100115 Firefox/3.6" 
192.243.55.134 - - [18/Mar/2016:05:55:20 -0700] "GET /maccdc2012/maccdc2012_full_alert.7z HTTP/1.1" 200 29200 "-" "Mozilla/5.0 (compatible; SemrushBot/1~bl; +http://www.semrush.com/bot.html)" 
192.243.55.137 - - [18/Mar/2016:05:56:23 -0700] "GET /self.logs/error.log.2015-06-20.gz HTTP/1.1" 200 563 "-" "Mozilla/5.0 (compatible; SemrushBot/1~bl; +http://www.semrush.com/bot.html)" 
192.243.55.133 - - [18/Mar/2016:05:57:33 -0700] "GET /self.logs/access.log.2015-09-06.gz HTTP/1.1" 200 4835 "-" "Mozilla/5.0 (compatible; SemrushBot/1~bl; +http://www.semrush.com/bot.html)" 
192.243.55.137 - - [18/Mar/2016:05:58:32 -0700] "GET /self.logs/access.log.2015-02-19.gz HTTP/1.1" 200 12911 "-" "Mozilla/5.0 (compatible; SemrushBot/1~bl; +http://www.semrush.com/bot.html)" 
193.56.32.3 - - [18/Mar/2016:05:59:06 -0700] "GET / HTTP/1.1" 200 28433 "https://www.google.fr" "Mozilla/5.0 (Windows NT 6.1; WOW64; rv:44.0) Gecko/20100101 Firefox/44.0" 
199.19.249.196 - - [18/Mar/2016:05:59:07 -0700] "GET / HTTP/1.1" 200 28433 "-" "Mozilla/5.0 (Windows NT 6.1; WOW64; rv:44.0) Gecko/20100101 Firefox/44.0" 
193.56.32.3 - - [18/Mar/2016:05:59:07 -0700] "GET /twitter-icon.png HTTP/1.1" 200 27787 "http://www.secrepo.com/" "Mozilla/5.0 (Windows NT 6.1; WOW64; rv:44.0) Gecko/20100101 Firefox/44.0" 
193.56.32.3 - - [18/Mar/2016:05:59:07 -0700] "GET /bootstrap/img/favicon.ico HTTP/1.1" 200 590 "-" "Mozilla/5.0 (Windows NT 6.1; WOW64; rv:44.0) Gecko/20100101 Firefox/44.0" 
193.56.32.3 - - [18/Mar/2016:05:59:07 -0700] "GET /GitHub-Mark.png HTTP/1.1" 200 7428 "http://www.secrepo.com/" "Mozilla/5.0 (Windows NT 6.1; WOW64; rv:44.0) Gecko/20100101 Firefox/44.0" 
192.243.55.137 - - [18/Mar/2016:05:59:39 -0700] "GET /self.logs/access.log.2015-05-11.gz HTTP/1.1" 200 5129 "-" "Mozilla/5.0 (compatible; SemrushBot/1~bl; +http://www.semrush.com/bot.html)" 
173.230.129.121 - - [18/Mar/2016:05:59:44 -0700] "GET / HTTP/1.1" 200 28422 "-" "CC Metadata Scaper http://wiki.creativecommons.org/Metadata_Scraper" 
173.230.129.121 - - [18/Mar/2016:05:59:45 -0700] "GET / HTTP/1.1" 200 28422 "-" "CC Metadata Scaper http://wiki.creativecommons.org/Metadata_Scraper" 
192.243.55.134 - - [18/Mar/2016:06:00:44 -0700] "GET /self.logs/access.log.2015-12-04.gz HTTP/1.1" 200 6388 "-" "Mozilla/5.0 (compatible; SemrushBot/1~bl; +http://www.semrush.com/bot.html)" 
199.19.249.196 - - [18/Mar/2016:06:01:01 -0700] "GET /maccdc2012/http.log.gz HTTP/1.1" 200 382200 "-" "Mozilla/5.0 (Windows NT 6.1; WOW64; rv:44.0) Gecko/20100101 Firefox/44.0" 
192.243.55.134 - - [18/Mar/2016:06:01:52 -0700] "GET /self.logs/?C=M%3BO%3DA HTTP/1.1" 200 8941 "-" "Mozilla/5.0 (compatible; SemrushBot/1~bl; +http://www.semrush.com/bot.html)" 
193.56.32.3 - - [18/Mar/2016:06:01:01 -0700] "GET /maccdc2012/http.log.gz HTTP/1.1" 200 56420878 "http://www.secrepo.com/" "Mozilla/5.0 (Windows NT 6.1; WOW64; rv:44.0) Gecko/20100101 Firefox/44.0" 
192.243.55.137 - - [18/Mar/2016:06:02:57 -0700] "GET /self.logs/error.log.2015-01-28.gz HTTP/1.1" 200 607 "-" "Mozilla/5.0 (compatible; SemrushBot/1~bl; +http://www.semrush.com/bot.html)" 
192.243.55.133 - - [18/Mar/2016:06:03:57 -0700] "GET /self.logs/access.log.2015-11-16.gz HTTP/1.1" 200 5765 "-" "Mozilla/5.0 (compatible; SemrushBot/1~bl; +http://www.semrush.com/bot.html)" 
192.243.55.134 - - [18/Mar/2016:06:05:07 -0700] "GET /self.logs/access.log.2015-06-03.gz HTTP/1.1" 200 3363 "-" "Mozilla/5.0 (compatible; SemrushBot/1~bl; +http://www.semrush.com/bot.html)" 
192.243.55.134 - - [18/Mar/2016:06:06:07 -0700] "GET /self.logs/error.log.2015-09-25.gz HTTP/1.1" 200 761 "-" "Mozilla/5.0 (compatible; SemrushBot/1~bl; +http://www.semrush.com/bot.html)" 
192.243.55.133 - - [18/Mar/2016:06:07:13 -0700] "GET /self.logs/error.log.2015-10-19.gz HTTP/1.1" 200 692 "-" "Mozilla/5.0 (compatible; SemrushBot/1~bl; +http://www.semrush.com/bot.html)" 
193.56.32.3 - - [18/Mar/2016:06:08:20 -0700] "GET /bootstrap/img/favicon.ico HTTP/1.1" 304 165 "-" "Mozilla/5.0 (X11; Ubuntu; Linux i686; rv:41.0) Gecko/20100101 Firefox/41.0" 
199.19.249.196 - - [18/Mar/2016:06:08:29 -0700] "GET /maccdc2012/ssl.log.gz HTTP/1.1" 200 354200 "-" "Mozilla/5.0 (X11; Ubuntu; Linux i686; rv:41.0) Gecko/20100101 Firefox/41.0" 
193.56.32.3 - - [18/Mar/2016:06:08:29 -0700] "GET /maccdc2012/ssl.log.gz HTTP/1.1" 200 1311376 "http://www.secrepo.com/" "Mozilla/5.0 (X11; Ubuntu; Linux i686; rv:41.0) Gecko/20100101 Firefox/41.0" 
129.240.70.204 - - [18/Mar/2016:06:13:06 -0700] "GET / HTTP/1.1" 200 8680 "http://www.mlsecproject.org/" "Mozilla/5.0 (X11; Linux x86_64; rv:38.0) Gecko/20100101 Firefox/38.0" 
129.240.70.204 - - [18/Mar/2016:06:13:06 -0700] "GET /bootstrap/img/favicon.ico HTTP/1.1" 200 589 "-" "Mozilla/5.0 (X11; Linux x86_64; rv:38.0) Gecko/20100101 Firefox/38.0" 
129.240.70.204 - - [18/Mar/2016:06:13:06 -0700] "GET /twitter-icon.png HTTP/1.1" 200 27787 "http://www.secrepo.com/" "Mozilla/5.0 (X11; Linux x86_64; rv:38.0) Gecko/20100101 Firefox/38.0" 
129.240.70.204 - - [18/Mar/2016:06:13:06 -0700] "GET /GitHub-Mark.png HTTP/1.1" 200 7428 "http://www.secrepo.com/" "Mozilla/5.0 (X11; Linux x86_64; rv:38.0) Gecko/20100101 Firefox/38.0" 
117.190.191.170 - - [18/Mar/2016:06:24:37 -0700] "GET /tg/a.zip HTTP/1.1" 304 132 "-" "Mozilla/5.0 Gecko/20100115 Firefox/3.6" 
180.76.15.143 - - [18/Mar/2016:06:25:01 -0700] "GET / HTTP/1.1" 200 21900 "-" "Mozilla/5.0 (compatible; Baiduspider/2.0; +http://www.baidu.com/search/spider.html)" 
180.76.15.28 - - [18/Mar/2016:06:25:31 -0700] "GET / HTTP/1.1" 200 28422 "-" "Mozilla/5.0 (compatible; Baiduspider/2.0; +http://www.baidu.com/search/spider.html)" 
123.125.71.22 - - [18/Mar/2016:06:25:44 -0700] "GET /robots.txt HTTP/1.1" 200 297 "-" "Mozilla/5.0 (compatible; Baiduspider/2.0; +http://www.baidu.com/search/spider.html)" 
180.175.76.245 - - [18/Mar/2016:06:32:28 -0700] "GET /honeypot/Honeypot%20-%20Howto.pdf HTTP/1.1" 200 1279418 "-" "Mozilla/4.0 (compatible; MSIE 6.0; Windows NT 5.1)" 
178.140.235.106 - - [18/Mar/2016:06:41:19 -0700] "GET /honeypot/Honeypot%20-%20Howto.pdf HTTP/1.1" 200 1279381 "http://yandex.ru/clck/jsredir?from=yandex.ru%3Bsearch%3Bweb%3B%3B&text=&etext=997.c169Nwi5SG-Ze7v6anVtFMjRyxUI3_B_wdB15MiWuJqARIldV0h7KWuAOwhjtxWT.0aaa95768406f20b808ac171e64eead0260aaf51&uuid=&state=AiuY0DBWFJ4ePaEse6rgeAjgs2pI3DW9J0KiE5XNXd0dp0ZMwFHoviUoYa6nzP7MFsomsouu4qcPhvJbwKhOmmGCo3NcT_debFl0OyD_PS9w679VpLOZVETlkjnHIpT90kEIS4D7ge-EUkKPp6k4JKe2zjIU4PdtRbXxfKo8yeBAMw8EUEBMRPZ8a87q4hhMx7V_xXMPJisuYIwTSmt3dw&data=UlNrNmk5WktYejR0eWJFYk1LdmtxdFVvX2JPZzkyaEU2WFNsdVNGUmVZbHU3ZjQwYnJsWFQ4SC1qOC1WSk9yZmJ4bUd1UXFUUkg4TEZjWmVfMTJOSGdGWmYxM3NoVTBFWEF4d0ZVMFhHdFU1RmFwMHhVUktWWnM3VnhEZUYzRGNHZjYzM0hwT3dZdlVOOU5jUnlTM09R&b64e=2&sign=37d72de3ac22bf6ed6802737c361af49&keyno=0&l10n=ru&cts=1458308091387&mc=4.17018476646" "Mozilla/5.0 (Windows NT 6.1) AppleWebKit/537.36 (KHTML, like Gecko) Chrome/28.0.1500.95 YaBrowser/13.10.1500.9323 Safari/537.36" 
188.32.182.90 - - [18/Mar/2016:06:41:19 -0700] "GET /honeypot/BSidesDFW%20-%202014.ipynb HTTP/1.1" 200 930799 "http://yandex.ru/clck/jsredir?from=yandex.ru%3Bsearch%3Bweb%3B%3B&text=&etext=997.gPrNrzGiC7-VcqZxfZc7C9jKnw7gxWPVWsczwJHW2mQ.3d26209386342244abc1e7d3973895cf66691c2d&uuid=&state=AiuY0DBWFJ4ePaEse6rgeAjgs2pI3DW9J0KiE5XNXd0dp0ZMwFHoviUoYa6nzP7MSi3gOS8hVmKWQLGPcsR1KnDIl3_JzQWk67qFb6temeeEaMC3HbWREmDrRBi0aWx0obVtlNwWLQI1vdSpBkw5s3-8XsjQ7P2LZg4X0ORZF-RHup5BXHNf3oYSNCTQesD2PTtlHNL1XQtrevnGzs1smg&data=UlNrNmk5WktYejR0eWJFYk1LdmtxdFVvX2JPZzkyaEU2WFNsdVNGUmVZbHU3ZjQwYnJsWFQzaTk3eklSTnotZ1h4SW1DUmpSY1JVWlAxT212aTdGbmljek9uMzIxTElNRnUyZGR2aTVBa0xfY1FTTzNhVHd3UEZ3NFhKSEh6SDZsS3E5NEJidVAxX0lJVFhSaU1zUTI4blhmNVVzZUdTWA&b64e=2&sign=2151aad6cec07d3ee9a6f471ca848411&keyno=0&l10n=ru&cts=1458308091387&mc=1.60762355106" "Mozilla/5.0 (Windows NT 5.1) AppleWebKit/537.36 (KHTML, like Gecko) Chrome/31.0.1650.63 Safari/537.36" 
111.23.4.148 - - [18/Mar/2016:06:46:50 -0700] "GET /tg/a.zip HTTP/1.1" 304 132 "-" "Mozilla/5.0 Gecko/20100115 Firefox/3.6" 
192.176.1.93 - - [18/Mar/2016:06:55:12 -0700] "GET / HTTP/1.1" 304 189 "http://www.mlsecproject.org/" "Mozilla/5.0 (X11; Linux x86_64) AppleWebKit/537.36 (KHTML, like Gecko) Chrome/49.0.2623.87 Safari/537.36" 
77.75.76.162 - - [18/Mar/2016:07:00:50 -0700] "GET /robots.txt HTTP/1.1" 200 334 "-" "Mozilla/5.0 (compatible; SeznamBot/3.2; +http://fulltext.sblog.cz/)" 
77.75.76.162 - - [18/Mar/2016:07:00:51 -0700] "GET /self.logs/error.log.2015-04-28.gz HTTP/1.1" 200 1347 "-" "Mozilla/5.0 (compatible; SeznamBot/3.2; +http://fulltext.sblog.cz/)" 
211.137.56.194 - - [18/Mar/2016:07:04:48 -0700] "GET /tg/a.zip HTTP/1.1" 304 132 "-" "Mozilla/5.0 Gecko/20100115 Firefox/3.6" 
157.55.39.188 - - [18/Mar/2016:07:24:39 -0700] "GET /self.logs/access.log.2015-03-17.gz HTTP/1.1" 301 546 "-" "Mozilla/5.0 (compatible; bingbot/2.0; +http://www.bing.com/bingbot.htm)" 
192.91.171.36 - - [18/Mar/2016:07:29:42 -0700] "GET / HTTP/1.1" 200 8680 "http://www.secrepo.com/" "Mozilla/5.0 (Windows NT 6.1; WOW64; Trident/7.0; rv:11.0) like Gecko" 
192.91.171.36 - - [18/Mar/2016:07:29:42 -0700] "GET /twitter-icon.png HTTP/1.1" 200 27787 "http://www.secrepo.com/" "Mozilla/5.0 (Windows NT 6.1; WOW64; Trident/7.0; rv:11.0) like Gecko" 
192.91.171.36 - - [18/Mar/2016:07:29:42 -0700] "GET /GitHub-Mark.png HTTP/1.1" 200 7428 "http://www.secrepo.com/" "Mozilla/5.0 (Windows NT 6.1; WOW64; Trident/7.0; rv:11.0) like Gecko" 
192.91.171.36 - - [18/Mar/2016:07:29:45 -0700] "GET /bootstrap/img/favicon.ico HTTP/1.1" 200 590 "-" "Mozilla/5.0 (Windows NT 6.1; WOW64; Trident/7.0; rv:11.0) like Gecko" 
211.137.56.172 - - [18/Mar/2016:07:35:03 -0700] "GET /tg/a.zip HTTP/1.1" 304 132 "-" "Mozilla/5.0 Gecko/20100115 Firefox/3.6" 
95.128.91.242 - - [18/Mar/2016:07:36:24 -0700] "GET / HTTP/1.1" 200 8680 "-" "Mozilla/5.0 (Windows NT 6.1; WOW64; rv:38.0) Gecko/20100101 Firefox/38.0" 
95.128.91.242 - - [18/Mar/2016:07:36:24 -0700] "GET /twitter-icon.png HTTP/1.1" 200 27787 "http://www.secrepo.com/" "Mozilla/5.0 (Windows NT 6.1; WOW64; rv:38.0) Gecko/20100101 Firefox/38.0" 
95.128.91.242 - - [18/Mar/2016:07:36:24 -0700] "GET /GitHub-Mark.png HTTP/1.1" 200 7428 "http://www.secrepo.com/" "Mozilla/5.0 (Windows NT 6.1; WOW64; rv:38.0) Gecko/20100101 Firefox/38.0" 
139.191.63.75 - - [18/Mar/2016:07:37:24 -0700] "GET / HTTP/1.1" 200 8680 "http://www.mlsecproject.org/" "Mozilla/5.0 (X11; Ubuntu; Linux x86_64; rv:36.0) Gecko/20100101 Firefox/36.0" 
139.191.63.75 - - [18/Mar/2016:07:37:25 -0700] "GET /twitter-icon.png HTTP/1.1" 200 27787 "http://www.secrepo.com/" "Mozilla/5.0 (X11; Ubuntu; Linux x86_64; rv:36.0) Gecko/20100101 Firefox/36.0" 
139.191.63.75 - - [18/Mar/2016:07:37:25 -0700] "GET /GitHub-Mark.png HTTP/1.1" 200 7428 "http://www.secrepo.com/" "Mozilla/5.0 (X11; Ubuntu; Linux x86_64; rv:36.0) Gecko/20100101 Firefox/36.0" 
139.191.63.75 - - [18/Mar/2016:07:37:25 -0700] "GET /bootstrap/img/favicon.ico HTTP/1.1" 200 589 "-" "Mozilla/5.0 (X11; Ubuntu; Linux x86_64; rv:36.0) Gecko/20100101 Firefox/36.0" 
91.200.12.143 - - [18/Mar/2016:07:58:26 -0700] "GET /honeypot/Honeypot+-+Howto.pdf HTTP/1.0" 404 284 "http://www.secrepo.com/honeypot/Honeypot+-+Howto.pdf#search=" "Mozilla/5.0 (Windows NT 6.1; WOW64) AppleWebKit/537.36 (KHTML, like Gecko) Chrome/47.0.2526.111 Safari/537.36 OPR/34.0.2036.50" 
91.200.12.143 - - [18/Mar/2016:07:58:26 -0700] "GET / HTTP/1.0" 200 28422 "http://www.secrepo.com/" "Mozilla/5.0 (Windows NT 6.1; WOW64) AppleWebKit/537.36 (KHTML, like Gecko) Chrome/47.0.2526.111 Safari/537.36 OPR/34.0.2036.50" 
77.75.77.62 - - [18/Mar/2016:08:00:58 -0700] "GET /robots.txt HTTP/1.1" 200 334 "-" "Mozilla/5.0 (compatible; SeznamBot/3.2; +http://fulltext.sblog.cz/)" 
77.75.77.62 - - [18/Mar/2016:08:00:59 -0700] "GET /self.logs/error.log.2015-03-16.gz HTTP/1.1" 200 944 "-" "Mozilla/5.0 (compatible; SeznamBot/3.2; +http://fulltext.sblog.cz/)" 
70.160.252.27 - - [18/Mar/2016:08:02:29 -0700] "GET / HTTP/1.1" 301 483 "-" "Mozilla/5.0 (Macintosh; Intel Mac OS X 10_11_3) AppleWebKit/537.36 (KHTML, like Gecko) Chrome/49.0.2623.87 Safari/537.36" 
70.160.252.27 - - [18/Mar/2016:08:02:29 -0700] "GET / HTTP/1.1" 200 8680 "-" "Mozilla/5.0 (Macintosh; Intel Mac OS X 10_11_3) AppleWebKit/537.36 (KHTML, like Gecko) Chrome/49.0.2623.87 Safari/537.36" 
70.160.252.27 - - [18/Mar/2016:08:02:29 -0700] "GET /twitter-icon.png HTTP/1.1" 200 27787 "http://www.secrepo.com/" "Mozilla/5.0 (Macintosh; Intel Mac OS X 10_11_3) AppleWebKit/537.36 (KHTML, like Gecko) Chrome/49.0.2623.87 Safari/537.36" 
70.160.252.27 - - [18/Mar/2016:08:02:29 -0700] "GET /GitHub-Mark.png HTTP/1.1" 200 7428 "http://www.secrepo.com/" "Mozilla/5.0 (Macintosh; Intel Mac OS X 10_11_3) AppleWebKit/537.36 (KHTML, like Gecko) Chrome/49.0.2623.87 Safari/537.36" 
70.160.252.27 - - [18/Mar/2016:08:02:30 -0700] "GET /bootstrap/img/favicon.ico HTTP/1.1" 200 589 "http://www.secrepo.com/" "Mozilla/5.0 (Macintosh; Intel Mac OS X 10_11_3) AppleWebKit/537.36 (KHTML, like Gecko) Chrome/49.0.2623.87 Safari/537.36" 
111.7.128.40 - - [18/Mar/2016:08:02:56 -0700] "GET /tg/a.zip HTTP/1.1" 304 132 "-" "Mozilla/5.0 Gecko/20100115 Firefox/3.6" 
70.160.252.27 - - [18/Mar/2016:08:03:52 -0700] "GET /tg/a.zip HTTP/1.1" 200 66189337 "http://www.secrepo.com/" "Mozilla/5.0 (Macintosh; Intel Mac OS X 10_11_3) AppleWebKit/537.36 (KHTML, like Gecko) Chrome/49.0.2623.87 Safari/537.36" 
211.137.56.201 - - [18/Mar/2016:08:04:08 -0700] "GET /tg/a.zip HTTP/1.1" 304 132 "-" "Mozilla/5.0 Gecko/20100115 Firefox/3.6" 
199.16.156.126 - - [18/Mar/2016:08:04:56 -0700] "GET /robots.txt HTTP/1.1" 301 446 "-" "Twitterbot/1.0" 
199.16.156.126 - - [18/Mar/2016:08:04:57 -0700] "GET / HTTP/1.1" 301 427 "-" "Twitterbot/1.0" 
199.16.156.126 - - [18/Mar/2016:08:04:57 -0700] "GET /robots.txt HTTP/1.1" 200 304 "-" "Twitterbot/1.0" 
199.16.156.126 - - [18/Mar/2016:08:04:58 -0700] "GET / HTTP/1.1" 200 8624 "-" "Twitterbot/1.0" 
68.180.230.101 - - [18/Mar/2016:08:06:14 -0700] "GET /self.logs/access.log.2016-01-23.gz HTTP/1.1" 200 4810 "-" "Mozilla/5.0 (compatible; Yahoo! Slurp; http://help.yahoo.com/help/us/ysearch/slurp)" 
85.248.227.163 - - [18/Mar/2016:08:07:37 -0700] "GET / HTTP/1.1" 301 427 "http://pizza-imperia.com/" "Mozilla/5.0 (X11; Linux x86_64) AppleWebKit/537.36 (KHTML, like Gecko) Chrome/37.0.2062.120 Safari/537.36" 
94.242.222.23 - - [18/Mar/2016:08:07:47 -0700] "GET / HTTP/1.1" 200 8624 "http://pizza-imperia.com/" "Mozilla/5.0 (X11; Linux x86_64) AppleWebKit/537.36 (KHTML, like Gecko) Chrome/37.0.2062.120 Safari/537.36" 
91.200.12.143 - - [18/Mar/2016:08:10:07 -0700] "GET /honeypot/Honeypot+-+Howto.pdf HTTP/1.0" 404 284 "http://www.secrepo.com/honeypot/Honeypot+-+Howto.pdf#search=" "Mozilla/5.0 (Windows NT 6.1; rv:43.0) Gecko/20100101 Firefox/43.0" 
91.200.12.143 - - [18/Mar/2016:08:10:08 -0700] "GET / HTTP/1.0" 200 28422 "http://www.secrepo.com/" "Mozilla/5.0 (Windows NT 6.1; rv:43.0) Gecko/20100101 Firefox/43.0" 
31.215.245.133 - - [18/Mar/2016:08:15:05 -0700] "GET / HTTP/1.1" 200 8680 "https://www.google.ae/" "Mozilla/5.0 (Windows NT 6.1; WOW64) AppleWebKit/537.36 (KHTML, like Gecko) Chrome/49.0.2623.87 Safari/537.36" 
31.215.245.133 - - [18/Mar/2016:08:15:08 -0700] "GET /twitter-icon.png HTTP/1.1" 200 27788 "http://www.secrepo.com/" "Mozilla/5.0 (Windows NT 6.1; WOW64) AppleWebKit/537.36 (KHTML, like Gecko) Chrome/49.0.2623.87 Safari/537.36" 
31.215.245.133 - - [18/Mar/2016:08:15:08 -0700] "GET /GitHub-Mark.png HTTP/1.1" 200 7428 "http://www.secrepo.com/" "Mozilla/5.0 (Windows NT 6.1; WOW64) AppleWebKit/537.36 (KHTML, like Gecko) Chrome/49.0.2623.87 Safari/537.36" 
31.215.245.133 - - [18/Mar/2016:08:15:12 -0700] "GET /bootstrap/img/favicon.ico HTTP/1.1" 200 590 "http://www.secrepo.com/" "Mozilla/5.0 (Windows NT 6.1; WOW64) AppleWebKit/537.36 (KHTML, like Gecko) Chrome/49.0.2623.87 Safari/537.36" 
70.160.252.27 - - [18/Mar/2016:08:18:00 -0700] "GET /self.logs/ HTTP/1.1" 200 8978 "http://www.secrepo.com/" "Mozilla/5.0 (Macintosh; Intel Mac OS X 10_11_3) AppleWebKit/537.36 (KHTML, like Gecko) Chrome/49.0.2623.87 Safari/537.36" 
70.160.252.27 - - [18/Mar/2016:08:18:01 -0700] "GET /favicon.ico HTTP/1.1" 200 267 "http://www.secrepo.com/self.logs/" "Mozilla/5.0 (Macintosh; Intel Mac OS X 10_11_3) AppleWebKit/537.36 (KHTML, like Gecko) Chrome/49.0.2623.87 Safari/537.36" 
70.160.252.27 - - [18/Mar/2016:08:18:16 -0700] "GET /self.logs/error.log.2016-03-14.gz HTTP/1.1" 200 939 "http://www.secrepo.com/self.logs/" "Mozilla/5.0 (Macintosh; Intel Mac OS X 10_11_3) AppleWebKit/537.36 (KHTML, like Gecko) Chrome/49.0.2623.87 Safari/537.36" 
70.160.252.27 - - [18/Mar/2016:08:18:22 -0700] "GET /self.logs/error.log.2016-01-22 HTTP/1.1" 200 334 "http://www.secrepo.com/self.logs/" "Mozilla/5.0 (Macintosh; Intel Mac OS X 10_11_3) AppleWebKit/537.36 (KHTML, like Gecko) Chrome/49.0.2623.87 Safari/537.36" 
70.160.252.27 - - [18/Mar/2016:08:18:38 -0700] "GET /self.logs/access.log.2016-03-14.gz HTTP/1.1" 200 13580 "http://www.secrepo.com/self.logs/" "Mozilla/5.0 (Macintosh; Intel Mac OS X 10_11_3) AppleWebKit/537.36 (KHTML, like Gecko) Chrome/49.0.2623.87 Safari/537.36" 
141.8.143.159 - - [18/Mar/2016:08:21:53 -0700] "GET /self.logs/?C=M;O=A HTTP/1.1" 200 9169 "-" "Mozilla/5.0 (compatible; YandexBot/3.0; +http://yandex.com/bots)" 
218.200.66.203 - - [18/Mar/2016:08:34:06 -0700] "GET /tg/a.zip HTTP/1.1" 304 132 "-" "Mozilla/5.0 Gecko/20100115 Firefox/3.6" 
77.75.78.163 - - [18/Mar/2016:08:54:09 -0700] "GET /robots.txt HTTP/1.1" 200 334 "-" "Mozilla/5.0 (compatible; SeznamBot/3.2; +http://fulltext.sblog.cz/)" 
77.75.78.163 - - [18/Mar/2016:08:54:10 -0700] "GET /self.logs/error.log.2015-02-18.gz HTTP/1.1" 200 3123 "-" "Mozilla/5.0 (compatible; SeznamBot/3.2; +http://fulltext.sblog.cz/)" 
111.23.10.33 - - [18/Mar/2016:08:54:31 -0700] "GET /tg/a.zip HTTP/1.1" 304 132 "-" "Mozilla/5.0 Gecko/20100115 Firefox/3.6" 
68.180.230.101 - - [18/Mar/2016:09:16:18 -0700] "GET /self.logs/access.log.2015-01-20.gz HTTP/1.1" 200 3614 "-" "Mozilla/5.0 (compatible; Yahoo! Slurp; http://help.yahoo.com/help/us/ysearch/slurp)" 
117.190.191.170 - - [18/Mar/2016:09:24:37 -0700] "GET /tg/a.zip HTTP/1.1" 304 132 "-" "Mozilla/5.0 Gecko/20100115 Firefox/3.6" 
112.217.163.226 - - [18/Mar/2016:09:35:51 -0700] "GET /xmlrpc.php HTTP/1.1" 404 295 "-" "Mozilla/5.0 (X11; Linux i686; rv:2.0.1) Gecko/20100101 Firefox/4.0.1" 
92.97.136.221 - - [18/Mar/2016:09:40:32 -0700] "GET / HTTP/1.1" 200 8680 "-" "Mozilla/5.0 (X11; Linux i686) AppleWebKit/537.36 (KHTML, like Gecko) Ubuntu Chromium/48.0.2564.116 Chrome/48.0.2564.116 Safari/537.36" 
111.23.4.148 - - [18/Mar/2016:09:47:04 -0700] "GET /tg/a.zip HTTP/1.1" 304 132 "-" "Mozilla/5.0 Gecko/20100115 Firefox/3.6" 
157.55.39.188 - - [18/Mar/2016:09:52:39 -0700] "GET /honeypot/Honeypot%20-%20Howto.pdf HTTP/1.1" 200 1279418 "-" "Mozilla/5.0 (iPhone; CPU iPhone OS 7_0 like Mac OS X) AppleWebKit/537.51.1 (KHTML, like Gecko) Version/7.0 Mobile/11A465 Safari/9537.53 (compatible; bingbot/2.0; +http://www.bing.com/bingbot.htm)" 
77.75.79.95 - - [18/Mar/2016:09:53:05 -0700] "GET /robots.txt HTTP/1.1" 200 334 "-" "Mozilla/5.0 (compatible; SeznamBot/3.2; +http://fulltext.sblog.cz/)" 
77.75.79.95 - - [18/Mar/2016:09:53:06 -0700] "GET /self.logs/error.log.2015-05-29.gz HTTP/1.1" 200 754 "-" "Mozilla/5.0 (compatible; SeznamBot/3.2; +http://fulltext.sblog.cz/)" 
207.46.13.85 - - [18/Mar/2016:09:55:39 -0700] "GET /robots.txt HTTP/1.1" 200 289 "-" "Mozilla/5.0 (compatible; bingbot/2.0; +http://www.bing.com/bingbot.htm)" 
207.46.13.85 - - [18/Mar/2016:09:58:40 -0700] "GET / HTTP/1.1" 200 8680 "-" "Mozilla/5.0 (compatible; bingbot/2.0; +http://www.bing.com/bingbot.htm)" 
211.137.56.194 - - [18/Mar/2016:10:05:00 -0700] "GET /tg/a.zip HTTP/1.1" 304 132 "-" "Mozilla/5.0 Gecko/20100115 Firefox/3.6" 
98.173.216.165 - - [18/Mar/2016:10:09:52 -0700] "GET / HTTP/1.1" 200 8680 "-" "Mozilla/5.0 (Windows NT 6.1; WOW64) AppleWebKit/537.36 (KHTML, like Gecko) Chrome/49.0.2623.87 Safari/537.36" 
98.173.216.165 - - [18/Mar/2016:10:09:55 -0700] "GET /twitter-icon.png HTTP/1.1" 200 27788 "http://www.secrepo.com/" "Mozilla/5.0 (Windows NT 6.1; WOW64) AppleWebKit/537.36 (KHTML, like Gecko) Chrome/49.0.2623.87 Safari/537.36" 
98.173.216.165 - - [18/Mar/2016:10:09:55 -0700] "GET /GitHub-Mark.png HTTP/1.1" 200 7428 "http://www.secrepo.com/" "Mozilla/5.0 (Windows NT 6.1; WOW64) AppleWebKit/537.36 (KHTML, like Gecko) Chrome/49.0.2623.87 Safari/537.36" 
120.26.204.181 - - [18/Mar/2016:10:09:46 -0700] "GET /honeypot/Honeypot%20-%20Howto%20-%20BSides%20Austin.pdf HTTP/1.1" 200 46720 "-" "Mozilla/4.0 (compatible; MSIE 6.0; Windows NT 5.1)" 
68.180.230.101 - - [18/Mar/2016:10:22:58 -0700] "GET /self.logs/access.log.2016-01-01.gz HTTP/1.1" 200 5449 "-" "Mozilla/5.0 (compatible; Yahoo! Slurp; http://help.yahoo.com/help/us/ysearch/slurp)" 
68.180.230.101 - - [18/Mar/2016:10:32:24 -0700] "GET /self.logs/access.log.2015-09-17.gz HTTP/1.1" 200 6093 "-" "Mozilla/5.0 (compatible; Yahoo! Slurp; http://help.yahoo.com/help/us/ysearch/slurp)" 
211.137.56.172 - - [18/Mar/2016:10:35:05 -0700] "GET /tg/a.zip HTTP/1.1" 304 132 "-" "Mozilla/5.0 Gecko/20100115 Firefox/3.6" 
71.232.156.240 - - [18/Mar/2016:10:37:49 -0700] "GET / HTTP/1.1" 200 8680 "https://www.google.com/" "Mozilla/5.0 (Macintosh; Intel Mac OS X 10_10_5) AppleWebKit/600.8.9 (KHTML, like Gecko) Version/8.0.8 Safari/600.8.9" 
71.232.156.240 - - [18/Mar/2016:10:37:49 -0700] "GET /twitter-icon.png HTTP/1.1" 200 27787 "http://www.secrepo.com/" "Mozilla/5.0 (Macintosh; Intel Mac OS X 10_10_5) AppleWebKit/600.8.9 (KHTML, like Gecko) Version/8.0.8 Safari/600.8.9" 
71.232.156.240 - - [18/Mar/2016:10:37:49 -0700] "GET /GitHub-Mark.png HTTP/1.1" 200 7428 "http://www.secrepo.com/" "Mozilla/5.0 (Macintosh; Intel Mac OS X 10_10_5) AppleWebKit/600.8.9 (KHTML, like Gecko) Version/8.0.8 Safari/600.8.9" 
71.232.156.240 - - [18/Mar/2016:10:37:50 -0700] "GET /bootstrap/img/favicon.ico HTTP/1.1" 200 590 "http://www.secrepo.com/" "Mozilla/5.0 (Macintosh; Intel Mac OS X 10_10_5) AppleWebKit/600.8.9 (KHTML, like Gecko) Version/8.0.8 Safari/600.8.9" 
66.249.83.217 - - [18/Mar/2016:11:01:32 -0700] "GET / HTTP/1.1" 200 8680 "-" "Mozilla/5.0 (X11; Linux x86_64) AppleWebKit/537.36 (KHTML, like Gecko) Chrome/49.0.2623.75 Safari/537.36 Google Favicon" 
66.249.83.213 - - [18/Mar/2016:11:01:33 -0700] "GET /bootstrap/img/favicon.ico HTTP/1.1" 200 590 "-" "Mozilla/5.0 (X11; Linux x86_64) AppleWebKit/537.36 (KHTML, like Gecko) Chrome/49.0.2623.75 Safari/537.36 Google Favicon" 
111.7.128.40 - - [18/Mar/2016:11:02:58 -0700] "GET /tg/a.zip HTTP/1.1" 304 132 "-" "Mozilla/5.0 Gecko/20100115 Firefox/3.6" 
211.137.56.201 - - [18/Mar/2016:11:04:11 -0700] "GET /tg/a.zip HTTP/1.1" 304 132 "-" "Mozilla/5.0 Gecko/20100115 Firefox/3.6" 
112.124.114.155 - - [18/Mar/2016:11:05:06 -0700] "GET /honeypot/Honeypot%20-%20Howto%20-%20BSides%20Austin.pdf HTTP/1.1" 200 2928460 "-" "Mozilla/4.0 (compatible; MSIE 6.0; Windows NT 5.1)" 
77.75.76.161 - - [18/Mar/2016:11:10:14 -0700] "GET /robots.txt HTTP/1.1" 200 334 "-" "Mozilla/5.0 (compatible; SeznamBot/3.2; +http://fulltext.sblog.cz/)" 
77.75.76.161 - - [18/Mar/2016:11:10:15 -0700] "GET /self.logs/access.log.2015-05-31.gz HTTP/1.1" 200 5030 "-" "Mozilla/5.0 (compatible; SeznamBot/3.2; +http://fulltext.sblog.cz/)" 
68.180.230.101 - - [18/Mar/2016:11:14:15 -0700] "GET /self.logs/error.log.2015-07-29.gz HTTP/1.1" 200 686 "-" "Mozilla/5.0 (compatible; Yahoo! Slurp; http://help.yahoo.com/help/us/ysearch/slurp)" 
188.158.77.54 - - [18/Mar/2016:11:17:43 -0700] "GET /bootstrap/img/favicon.ico HTTP/1.1" 200 590 "-" "Mozilla/5.0 (Windows NT 6.3; Win64; x64) AppleWebKit/537.36 (KHTML, like Gecko) Chrome/44.0.2403.155 Safari/537.36" 
123.56.193.162 - - [18/Mar/2016:11:19:37 -0700] "GET /honeypot/Honeypot%20-%20Howto.pdf HTTP/1.1" 200 967980 "-" "Mozilla/4.0 (compatible; MSIE 6.0; Windows NT 5.1)" 
218.200.66.203 - - [18/Mar/2016:11:34:16 -0700] "GET /tg/a.zip HTTP/1.1" 304 132 "-" "Mozilla/5.0 Gecko/20100115 Firefox/3.6" 
199.59.148.210 - - [18/Mar/2016:11:37:25 -0700] "GET /robots.txt HTTP/1.1" 301 446 "-" "Twitterbot/1.0" 
199.59.148.210 - - [18/Mar/2016:11:37:26 -0700] "GET / HTTP/1.1" 301 427 "-" "Twitterbot/1.0" 
199.59.148.209 - - [18/Mar/2016:11:37:27 -0700] "GET /robots.txt HTTP/1.1" 200 304 "-" "Twitterbot/1.0" 
199.59.148.209 - - [18/Mar/2016:11:37:27 -0700] "GET / HTTP/1.1" 200 8624 "-" "Twitterbot/1.0" 
77.75.78.169 - - [18/Mar/2016:11:51:00 -0700] "GET /robots.txt HTTP/1.1" 200 334 "-" "Mozilla/5.0 (compatible; SeznamBot/3.2; +http://fulltext.sblog.cz/)" 
77.75.78.169 - - [18/Mar/2016:11:51:01 -0700] "GET /self.logs/error.log.2015-04-01.gz HTTP/1.1" 200 1125 "-" "Mozilla/5.0 (compatible; SeznamBot/3.2; +http://fulltext.sblog.cz/)" 
111.23.10.33 - - [18/Mar/2016:11:54:32 -0700] "GET /tg/a.zip HTTP/1.1" 304 132 "-" "Mozilla/5.0 Gecko/20100115 Firefox/3.6" 
117.190.191.170 - - [18/Mar/2016:12:24:38 -0700] "GET /tg/a.zip HTTP/1.1" 304 132 "-" "Mozilla/5.0 Gecko/20100115 Firefox/3.6" 
180.76.15.24 - - [18/Mar/2016:12:28:24 -0700] "GET / HTTP/1.1" 200 21900 "-" "Mozilla/5.0 (compatible; Baiduspider/2.0; +http://www.baidu.com/search/spider.html)" 
180.76.15.160 - - [18/Mar/2016:12:28:58 -0700] "GET / HTTP/1.1" 200 21900 "-" "Mozilla/5.0 (compatible; Baiduspider/2.0; +http://www.baidu.com/search/spider.html)" 
185.100.86.100 - - [18/Mar/2016:12:44:56 -0700] "GET / HTTP/1.1" 301 427 "http://burger-imperia.com/" "Mozilla/5.0 (X11; Linux x86_64) AppleWebKit/537.36 (KHTML, like Gecko) Chrome/37.0.2062.120 Safari/537.36" 
185.100.86.100 - - [18/Mar/2016:12:44:57 -0700] "GET / HTTP/1.1" 200 8624 "http://burger-imperia.com/" "Mozilla/5.0 (X11; Linux x86_64) AppleWebKit/537.36 (KHTML, like Gecko) Chrome/37.0.2062.120 Safari/537.36" 
111.23.4.148 - - [18/Mar/2016:12:47:07 -0700] "GET /tg/a.zip HTTP/1.1" 304 132 "-" "Mozilla/5.0 Gecko/20100115 Firefox/3.6" 
77.75.76.172 - - [18/Mar/2016:12:56:16 -0700] "GET /robots.txt HTTP/1.1" 200 334 "-" "Mozilla/5.0 (compatible; SeznamBot/3.2; +http://fulltext.sblog.cz/)" 
77.75.76.172 - - [18/Mar/2016:12:56:17 -0700] "GET /self.logs/access.log.2015-07-23.gz HTTP/1.1" 200 4068 "-" "Mozilla/5.0 (compatible; SeznamBot/3.2; +http://fulltext.sblog.cz/)" 
77.37.130.103 - - [18/Mar/2016:13:02:29 -0700] "GET / HTTP/1.1" 200 8680 "-" "Mozilla/5.0 (Macintosh; Intel Mac OS X 10_11_3) AppleWebKit/601.4.4 (KHTML, like Gecko)" 
77.37.130.103 - - [18/Mar/2016:13:02:30 -0700] "GET /apple-touch-icon-precomposed.png HTTP/1.1" 404 340 "-" "Safari/11601.4.4 CFNetwork/760.2.6 Darwin/15.3.0 (x86_64)" 
77.37.130.103 - - [18/Mar/2016:13:02:30 -0700] "GET /apple-touch-icon.png HTTP/1.1" 404 339 "-" "Safari/11601.4.4 CFNetwork/760.2.6 Darwin/15.3.0 (x86_64)" 
77.37.130.103 - - [18/Mar/2016:13:02:30 -0700] "GET /apple-touch-icon-precomposed.png HTTP/1.1" 404 339 "-" "Safari/11601.4.4 CFNetwork/760.2.6 Darwin/15.3.0 (x86_64)" 
77.37.130.103 - - [18/Mar/2016:13:02:30 -0700] "GET /apple-touch-icon.png HTTP/1.1" 404 339 "-" "Safari/11601.4.4 CFNetwork/760.2.6 Darwin/15.3.0 (x86_64)" 
211.137.56.194 - - [18/Mar/2016:13:05:00 -0700] "GET /tg/a.zip HTTP/1.1" 304 132 "-" "Mozilla/5.0 Gecko/20100115 Firefox/3.6" 
66.249.66.147 - - [18/Mar/2016:13:10:30 -0700] "GET /robots.txt HTTP/1.1" 200 334 "-" "Mozilla/5.0 (compatible; Googlebot/2.1; +http://www.google.com/bot.html)" 
66.249.66.155 - - [18/Mar/2016:13:10:30 -0700] "GET /honeypot/BSidesDFW%20-%202014.ipynb HTTP/1.1" 304 167 "-" "Mozilla/5.0 (compatible; Googlebot/2.1; +http://www.google.com/bot.html)" 
68.180.230.101 - - [18/Mar/2016:13:14:14 -0700] "GET /self.logs/access.log.2015-05-14.gz HTTP/1.1" 200 6064 "-" "Mozilla/5.0 (compatible; Yahoo! Slurp; http://help.yahoo.com/help/us/ysearch/slurp)" 
141.8.143.159 - - [18/Mar/2016:13:34:00 -0700] "GET /bootstrap/img/favicon.ico HTTP/1.1" 200 590 "-" "Mozilla/5.0 (compatible; YandexBot/3.0; +http://yandex.com/bots)" 
211.137.56.172 - - [18/Mar/2016:13:35:07 -0700] "GET /tg/a.zip HTTP/1.1" 304 132 "-" "Mozilla/5.0 Gecko/20100115 Firefox/3.6" 
204.14.236.150 - - [18/Mar/2016:13:38:29 -0700] "GET / HTTP/1.1" 301 483 "-" "Mozilla/5.0 (Macintosh; Intel Mac OS X 10_10_5) AppleWebKit/537.36 (KHTML, like Gecko) Chrome/48.0.2564.116 Safari/537.36" 
204.14.236.150 - - [18/Mar/2016:13:38:29 -0700] "GET / HTTP/1.1" 200 8680 "-" "Mozilla/5.0 (Macintosh; Intel Mac OS X 10_10_5) AppleWebKit/537.36 (KHTML, like Gecko) Chrome/48.0.2564.116 Safari/537.36" 
204.14.236.150 - - [18/Mar/2016:13:38:29 -0700] "GET /twitter-icon.png HTTP/1.1" 200 27787 "http://www.secrepo.com/" "Mozilla/5.0 (Macintosh; Intel Mac OS X 10_10_5) AppleWebKit/537.36 (KHTML, like Gecko) Chrome/48.0.2564.116 Safari/537.36" 
204.14.236.150 - - [18/Mar/2016:13:38:29 -0700] "GET /GitHub-Mark.png HTTP/1.1" 200 7427 "http://www.secrepo.com/" "Mozilla/5.0 (Macintosh; Intel Mac OS X 10_10_5) AppleWebKit/537.36 (KHTML, like Gecko) Chrome/48.0.2564.116 Safari/537.36" 
204.14.236.150 - - [18/Mar/2016:13:38:30 -0700] "GET /bootstrap/img/favicon.ico HTTP/1.1" 200 589 "http://www.secrepo.com/" "Mozilla/5.0 (Macintosh; Intel Mac OS X 10_10_5) AppleWebKit/537.36 (KHTML, like Gecko) Chrome/48.0.2564.116 Safari/537.36" 
40.77.167.0 - - [18/Mar/2016:13:54:18 -0700] "GET /self.logs/access.log.2015-01-20.gz HTTP/1.1" 200 3670 "-" "Mozilla/5.0 (compatible; bingbot/2.0; +http://www.bing.com/bingbot.htm)" 
52.70.126.110 - - [18/Mar/2016:14:01:21 -0700] "GET /honeypot/BSidesDFW%20-%202014.ipynb HTTP/1.1" 200 930836 "https://www.google.com/" "Mozilla/5.0 (Macintosh; Intel Mac OS X 10_11_3) AppleWebKit/537.36 (KHTML, like Gecko) Chrome/49.0.2623.87 Safari/537.36" 
111.7.128.40 - - [18/Mar/2016:14:02:59 -0700] "GET /tg/a.zip HTTP/1.1" 304 132 "-" "Mozilla/5.0 Gecko/20100115 Firefox/3.6" 
211.137.56.201 - - [18/Mar/2016:14:04:14 -0700] "GET /tg/a.zip HTTP/1.1" 304 132 "-" "Mozilla/5.0 Gecko/20100115 Firefox/3.6" 
69.58.178.59 - - [18/Mar/2016:14:15:05 -0700] "GET /robots.txt HTTP/1.1" 200 233 "-" "Mozilla/5.0 (X11; Ubuntu; Linux i686; rv:14.0; ips-agent) Gecko/20100101 Firefox/14.0.1" 
69.58.178.59 - - [18/Mar/2016:14:15:10 -0700] "GET / HTTP/1.1" 200 28377 "-" "Mozilla/5.0 (X11; Ubuntu; Linux i686; rv:14.0; ips-agent) Gecko/20100101 Firefox/14.0.1" 
69.58.178.59 - - [18/Mar/2016:14:15:17 -0700] "GET / HTTP/1.1" 200 28377 "-" "Mozilla/5.0 (X11; Ubuntu; Linux i686; rv:14.0; ips-agent) Gecko/20100101 Firefox/14.0.1" 
69.58.178.59 - - [18/Mar/2016:14:15:26 -0700] "GET /data HTTP/1.1" 404 239 "-" "Mozilla/5.0 (X11; Ubuntu; Linux i686; rv:14.0; ips-agent) Gecko/20100101 Firefox/14.0.1" 
69.58.178.59 - - [18/Mar/2016:14:15:31 -0700] "GET /robots.txt HTTP/1.1" 301 462 "-" "BlackBerry9000/4.6.0.167 Profile/MIDP-2.0 Configuration/CLDC-1.1 VendorID/102 ips-agent" 
69.58.178.59 - - [18/Mar/2016:14:15:37 -0700] "GET / HTTP/1.1" 301 442 "-" "Mozilla/5.0 (X11; Ubuntu; Linux i686; rv:14.0; ips-agent) Gecko/20100101 Firefox/14.0.1" 
69.58.178.59 - - [18/Mar/2016:14:15:41 -0700] "GET /maccdc2012/maccdc2012_fast_alert.7z HTTP/1.1" 200 48960 "-" "Mozilla/5.0 (X11; Ubuntu; Linux i686; rv:14.0; ips-agent) Gecko/20100101 Firefox/14.0.1" 
69.58.178.59 - - [18/Mar/2016:14:15:44 -0700] "GET /maccdc2012/maccdc2012_full_alert.7z HTTP/1.1" 200 63920 "-" "Mozilla/5.0 (X11; Ubuntu; Linux i686; rv:14.0; ips-agent) Gecko/20100101 Firefox/14.0.1" 
69.58.178.59 - - [18/Mar/2016:14:15:46 -0700] "GET /tg/tg_snort_fast.7z HTTP/1.1" 200 48960 "-" "Mozilla/5.0 (X11; Ubuntu; Linux i686; rv:14.0; ips-agent) Gecko/20100101 Firefox/14.0.1" 
69.58.178.59 - - [18/Mar/2016:14:15:48 -0700] "GET /tg/tg_snort_full.7z HTTP/1.1" 200 48960 "-" "Mozilla/5.0 (X11; Ubuntu; Linux i686; rv:14.0; ips-agent) Gecko/20100101 Firefox/14.0.1" 
69.58.178.59 - - [18/Mar/2016:14:15:49 -0700] "GET /self.logs/ HTTP/1.1" 200 81602 "-" "Mozilla/5.0 (X11; Ubuntu; Linux i686; rv:14.0; ips-agent) Gecko/20100101 Firefox/14.0.1" 
69.58.178.59 - - [18/Mar/2016:14:15:55 -0700] "GET /honeypot/BSidesDFW%20-%202014.ipynb HTTP/1.1" 200 530400 "-" "Mozilla/5.0 (X11; Ubuntu; Linux i686; rv:14.0; ips-agent) Gecko/20100101 Firefox/14.0.1" 
69.58.178.59 - - [18/Mar/2016:14:15:56 -0700] "GET /self.logs/?C=N;O=D HTTP/1.1" 200 81602 "-" "Mozilla/5.0 (X11; Ubuntu; Linux i686; rv:14.0; ips-agent) Gecko/20100101 Firefox/14.0.1" 
69.58.178.59 - - [18/Mar/2016:14:15:57 -0700] "GET /self.logs/?C=M;O=A HTTP/1.1" 200 81602 "-" "Mozilla/5.0 (X11; Ubuntu; Linux i686; rv:14.0; ips-agent) Gecko/20100101 Firefox/14.0.1" 
69.58.178.59 - - [18/Mar/2016:14:15:58 -0700] "GET /self.logs/?C=S;O=A HTTP/1.1" 200 81602 "-" "Mozilla/5.0 (X11; Ubuntu; Linux i686; rv:14.0; ips-agent) Gecko/20100101 Firefox/14.0.1" 
69.58.178.59 - - [18/Mar/2016:14:15:59 -0700] "GET /self.logs/?C=D;O=A HTTP/1.1" 200 81602 "-" "Mozilla/5.0 (X11; Ubuntu; Linux i686; rv:14.0; ips-agent) Gecko/20100101 Firefox/14.0.1" 
69.58.178.59 - - [18/Mar/2016:14:16:00 -0700] "GET /self.logs/error.log.2016-01-22 HTTP/1.1" 200 233 "-" "Mozilla/5.0 (X11; Ubuntu; Linux i686; rv:14.0; ips-agent) Gecko/20100101 Firefox/14.0.1" 
69.58.178.59 - - [18/Mar/2016:14:16:01 -0700] "GET /self.logs/?C=N;O=A HTTP/1.1" 200 81602 "-" "Mozilla/5.0 (X11; Ubuntu; Linux i686; rv:14.0; ips-agent) Gecko/20100101 Firefox/14.0.1" 
69.58.178.59 - - [18/Mar/2016:14:16:03 -0700] "GET /self.logs/error.log.2016-01-22 HTTP/1.1" 200 233 "-" "Mozilla/5.0 (X11; Ubuntu; Linux i686; rv:14.0; ips-agent) Gecko/20100101 Firefox/14.0.1" 
69.58.178.59 - - [18/Mar/2016:14:16:04 -0700] "GET /self.logs/?C=M;O=D HTTP/1.1" 200 81602 "-" "Mozilla/5.0 (X11; Ubuntu; Linux i686; rv:14.0; ips-agent) Gecko/20100101 Firefox/14.0.1" 
69.58.178.59 - - [18/Mar/2016:14:16:05 -0700] "GET /self.logs/error.log.2016-01-22 HTTP/1.1" 200 233 "-" "Mozilla/5.0 (X11; Ubuntu; Linux i686; rv:14.0; ips-agent) Gecko/20100101 Firefox/14.0.1" 
69.58.178.59 - - [18/Mar/2016:14:16:06 -0700] "GET /self.logs/?C=S;O=D HTTP/1.1" 200 81602 "-" "Mozilla/5.0 (X11; Ubuntu; Linux i686; rv:14.0; ips-agent) Gecko/20100101 Firefox/14.0.1" 
199.119.235.152 - - [18/Mar/2016:14:24:26 -0700] "GET / HTTP/1.1" 301 483 "http://disqus.com/embed/comments/?base=default&version=85ba7336856f5be9db0e468752c2dad5&f=oskarhane&t_u=http%3A%2F%2Foskarhane.com%2Fdebian-see-all-failed-ssh-login-attempts%2F&t_d=Debian%20-%20See%20all%20failed%20SSH%20login%20attempts&t_t=Debian%20-%20See%20all%20failed%20SSH%20login%20attempts&s_o=default" "Mozilla/5.0 (Linux; Android 4.1.1; SGH-T889V Build/JRO03C) AppleWebKit/537.36 (KHTML, like Gecko) Chrome/49.0.2623.91 Mobile Safari/537.36" 
