180.175.114.34 - - [17/Apr/2016:01:57:30 -0700] "GET /honeypot/Honeypot%20-%20Howto.pdf HTTP/1.1" 200 1279418 "-" "Mozilla/4.0 (compatible; MSIE 6.0; Windows NT 5.1)" 
86.92.252.22 - - [17/Apr/2016:02:12:30 -0700] "GET / HTTP/1.1" 200 8801 "-" "Mozilla/5.0 (Windows NT 6.1) AppleWebKit/537.36 (KHTML, like Gecko) Chrome/49.0.2623.112 Safari/537.36" 
86.92.252.22 - - [17/Apr/2016:02:12:31 -0700] "GET /twitter-icon.png HTTP/1.1" 200 27787 "http://www.secrepo.com/" "Mozilla/5.0 (Windows NT 6.1) AppleWebKit/537.36 (KHTML, like Gecko) Chrome/49.0.2623.112 Safari/537.36" 
86.92.252.22 - - [17/Apr/2016:02:12:31 -0700] "GET /GitHub-Mark.png HTTP/1.1" 200 7428 "http://www.secrepo.com/" "Mozilla/5.0 (Windows NT 6.1) AppleWebKit/537.36 (KHTML, like Gecko) Chrome/49.0.2623.112 Safari/537.36" 
86.92.252.22 - - [17/Apr/2016:02:12:31 -0700] "GET /bootstrap/img/favicon.ico HTTP/1.1" 200 589 "http://www.secrepo.com/" "Mozilla/5.0 (Windows NT 6.1) AppleWebKit/537.36 (KHTML, like Gecko) Chrome/49.0.2623.112 Safari/537.36" 
151.80.31.174 - - [17/Apr/2016:02:15:42 -0700] "GET /self.logs/access.log.2015-09-01.gz HTTP/1.1" 200 10481 "-" "Mozilla/5.0 (compatible; AhrefsBot/5.1; +http://ahrefs.com/robot/)" 
111.7.128.40 - - [17/Apr/2016:02:16:18 -0700] "GET /tg/a.zip HTTP/1.1" 304 132 "-" "Mozilla/5.0 Gecko/20100115 Firefox/3.6" 
199.16.156.124 - - [17/Apr/2016:02:16:21 -0700] "GET /robots.txt HTTP/1.1" 200 304 "-" "Twitterbot/1.0" 
199.16.156.124 - - [17/Apr/2016:02:16:22 -0700] "GET / HTTP/1.1" 200 8745 "-" "Twitterbot/1.0" 
81.62.110.53 - - [17/Apr/2016:02:18:00 -0700] "GET / HTTP/1.1" 200 8801 "http://www.mlsecproject.org/" "Mozilla/5.0 (X11; Ubuntu; Linux x86_64; rv:44.0) Gecko/20100101 Firefox/44.0" 
81.62.110.53 - - [17/Apr/2016:02:18:00 -0700] "GET /bootstrap/img/favicon.ico HTTP/1.1" 200 589 "-" "Mozilla/5.0 (X11; Ubuntu; Linux x86_64; rv:44.0) Gecko/20100101 Firefox/44.0" 
81.62.110.53 - - [17/Apr/2016:02:18:01 -0700] "GET /twitter-icon.png HTTP/1.1" 200 27787 "http://www.secrepo.com/" "Mozilla/5.0 (X11; Ubuntu; Linux x86_64; rv:44.0) Gecko/20100101 Firefox/44.0" 
81.62.110.53 - - [17/Apr/2016:02:18:01 -0700] "GET /GitHub-Mark.png HTTP/1.1" 200 7427 "http://www.secrepo.com/" "Mozilla/5.0 (X11; Ubuntu; Linux x86_64; rv:44.0) Gecko/20100101 Firefox/44.0" 
111.23.10.33 - - [17/Apr/2016:02:18:28 -0700] "GET /tg/a.zip HTTP/1.1" 304 132 "-" "Mozilla/5.0 Gecko/20100115 Firefox/3.6" 
211.137.56.172 - - [17/Apr/2016:02:21:27 -0700] "GET /tg/a.zip HTTP/1.1" 304 132 "-" "Mozilla/5.0 Gecko/20100115 Firefox/3.6" 
40.77.167.86 - - [17/Apr/2016:02:22:23 -0700] "GET /robots.txt HTTP/1.1" 200 289 "-" "Mozilla/5.0 (compatible; bingbot/2.0; +http://www.bing.com/bingbot.htm)" 
40.77.167.86 - - [17/Apr/2016:02:22:26 -0700] "GET /self.logs/error.log.2016-02-07.gz HTTP/1.1" 200 732 "-" "Mozilla/5.0 (compatible; bingbot/2.0; +http://www.bing.com/bingbot.htm)" 
164.132.161.18 - - [17/Apr/2016:02:23:03 -0700] "GET /self.logs/error.log.2016-04-04.gz HTTP/1.1" 200 598 "-" "Mozilla/5.0 (compatible; AhrefsBot/5.1; +http://ahrefs.com/robot/)" 
68.180.230.88 - - [17/Apr/2016:02:30:03 -0700] "GET /robots.txt HTTP/1.1" 200 233 "-" "Mozilla/5.0 (compatible; Yahoo! Slurp; http://help.yahoo.com/help/us/ysearch/slurp)" 
68.180.230.88 - - [17/Apr/2016:02:30:04 -0700] "GET /maccdc2012/ssh.log.gz HTTP/1.1" 200 182461 "-" "Mozilla/5.0 (compatible; Yahoo! Slurp; http://help.yahoo.com/help/us/ysearch/slurp)" 
66.249.66.151 - - [17/Apr/2016:02:34:08 -0700] "GET / HTTP/1.1" 200 8801 "-" "Mozilla/5.0 (compatible; Googlebot/2.1; +http://www.google.com/bot.html)" 
68.180.230.88 - - [17/Apr/2016:02:40:14 -0700] "GET /maccdc2012/tunnel.log.gz HTTP/1.1" 200 5173 "-" "Mozilla/5.0 (compatible; Yahoo! Slurp; http://help.yahoo.com/help/us/ysearch/slurp)" 
86.92.252.22 - - [17/Apr/2016:02:51:30 -0700] "GET / HTTP/1.1" 200 8801 "-" "Mozilla/5.0 (Windows NT 6.1) AppleWebKit/537.36 (KHTML, like Gecko) Chrome/49.0.2623.112 Safari/537.36" 
40.77.167.56 - - [17/Apr/2016:02:55:41 -0700] "GET /self.logs/error.log.2015-09-23.gz HTTP/1.1" 200 926 "-" "Mozilla/5.0 (compatible; bingbot/2.0; +http://www.bing.com/bingbot.htm)" 
101.100.161.138 - - [17/Apr/2016:02:59:50 -0700] "GET /favicon.ico HTTP/1.1" 200 268 "http://www.secrepo.com/honeypot/Honeypot%20-%20Howto.pdf" "Mozilla/5.0 (Windows NT 6.1; WOW64) AppleWebKit/537.36 (KHTML, like Gecko) Chrome/49.0.2623.112 Safari/537.36" 
101.100.161.138 - - [17/Apr/2016:02:59:50 -0700] "GET /honeypot/Honeypot%20-%20Howto.pdf HTTP/1.1" 200 229220 "https://www.google.com.sg/" "Mozilla/5.0 (Windows NT 6.1; WOW64) AppleWebKit/537.36 (KHTML, like Gecko) Chrome/49.0.2623.112 Safari/537.36" 
101.100.161.138 - - [17/Apr/2016:02:59:51 -0700] "GET /honeypot/Honeypot%20-%20Howto.pdf HTTP/1.1" 206 1211136 "http://www.secrepo.com/honeypot/Honeypot%20-%20Howto.pdf" "Mozilla/5.0 (Windows NT 6.1; WOW64) AppleWebKit/537.36 (KHTML, like Gecko) Chrome/49.0.2623.112 Safari/537.36" 
101.100.161.138 - - [17/Apr/2016:03:00:26 -0700] "GET /honeypot/Honeypot%20-%20Howto.pdf HTTP/1.1" 206 68939 "http://www.secrepo.com/honeypot/Honeypot%20-%20Howto.pdf" "Mozilla/5.0 (Windows NT 6.1; WOW64) AppleWebKit/537.36 (KHTML, like Gecko) Chrome/49.0.2623.112 Safari/537.36" 
150.70.173.8 - - [17/Apr/2016:03:00:39 -0700] "GET /honeypot/Honeypot%20-%20Howto.pdf HTTP/1.1" 200 1279362 "-" "Mozilla/4.0 (compatible; MSIE 8.0; Windows NT 5.1; Trident/4.0)" 
141.8.143.159 - - [17/Apr/2016:03:09:55 -0700] "GET /honeypot/BSidesDFW%20-%202014.ipynb HTTP/1.1" 200 930836 "-" "Mozilla/5.0 (compatible; YandexBot/3.0; +http://yandex.com/bots)" 
123.125.71.83 - - [17/Apr/2016:03:09:57 -0700] "GET /twitter-icon.png HTTP/1.1" 200 27751 "-" "Baiduspider-image+(+http://www.baidu.com/search/spider.htm)" 
123.125.71.113 - - [17/Apr/2016:03:11:19 -0700] "GET /robots.txt HTTP/1.1" 200 297 "-" "Mozilla/5.0 (compatible; Baiduspider/2.0; +http://www.baidu.com/search/spider.html)" 
40.77.167.25 - - [17/Apr/2016:03:13:56 -0700] "GET /self.logs/access.log.2015-03-06.gz HTTP/1.1" 301 546 "-" "Mozilla/5.0 (compatible; bingbot/2.0; +http://www.bing.com/bingbot.htm)" 
151.80.31.173 - - [17/Apr/2016:03:22:45 -0700] "GET /self.logs/error.log.2015-04-14.gz HTTP/1.1" 200 1646 "-" "Mozilla/5.0 (compatible; AhrefsBot/5.1; +http://ahrefs.com/robot/)" 
117.190.191.170 - - [17/Apr/2016:03:27:46 -0700] "GET /tg/a.zip HTTP/1.1" 304 132 "-" "Mozilla/5.0 Gecko/20100115 Firefox/3.6" 
80.84.215.17 - - [17/Apr/2016:03:28:24 -0700] "GET / HTTP/1.1" 200 8764 "-" "Mozilla/5.0" 
80.84.215.17 - - [17/Apr/2016:03:28:25 -0700] "GET /GitHub-Mark.png HTTP/1.1" 200 7391 "-" "Mozilla/5.0" 
80.84.215.17 - - [17/Apr/2016:03:28:28 -0700] "GET /twitter-icon.png HTTP/1.1" 200 27751 "-" "Mozilla/5.0" 
92.6.24.177 - - [17/Apr/2016:03:34:22 -0700] "GET / HTTP/1.1" 200 8801 "https://www.google.com" "Mozilla/5.0 (Windows NT 6.3; WOW64; rv:45.0) Gecko/20100101 Firefox/45.0" 
92.6.24.177 - - [17/Apr/2016:03:34:22 -0700] "GET /twitter-icon.png HTTP/1.1" 200 27787 "http://www.secrepo.com/" "Mozilla/5.0 (Windows NT 6.3; WOW64; rv:45.0) Gecko/20100101 Firefox/45.0" 
92.6.24.177 - - [17/Apr/2016:03:34:23 -0700] "GET /GitHub-Mark.png HTTP/1.1" 200 7428 "http://www.secrepo.com/" "Mozilla/5.0 (Windows NT 6.3; WOW64; rv:45.0) Gecko/20100101 Firefox/45.0" 
208.115.113.86 - - [17/Apr/2016:03:37:44 -0700] "GET /robots.txt HTTP/1.1" 200 233 "-" "Mozilla/5.0 (compatible; DotBot/1.1; http://www.opensiteexplorer.org/dotbot, help@moz.com)" 
83.85.236.72 - - [17/Apr/2016:03:41:35 -0700] "GET / HTTP/1.1" 200 8801 "-" "Mozilla/5.0 (Windows NT 10.0; WOW64) AppleWebKit/537.36 (KHTML, like Gecko) Chrome/49.0.2623.112 Safari/537.36" 
83.85.236.72 - - [17/Apr/2016:03:41:36 -0700] "GET /twitter-icon.png HTTP/1.1" 200 27787 "http://www.secrepo.com/" "Mozilla/5.0 (Windows NT 10.0; WOW64) AppleWebKit/537.36 (KHTML, like Gecko) Chrome/49.0.2623.112 Safari/537.36" 
83.85.236.72 - - [17/Apr/2016:03:41:36 -0700] "GET /GitHub-Mark.png HTTP/1.1" 200 7428 "http://www.secrepo.com/" "Mozilla/5.0 (Windows NT 10.0; WOW64) AppleWebKit/537.36 (KHTML, like Gecko) Chrome/49.0.2623.112 Safari/537.36" 
83.85.236.72 - - [17/Apr/2016:03:41:36 -0700] "GET /bootstrap/img/favicon.ico HTTP/1.1" 200 589 "http://www.secrepo.com/" "Mozilla/5.0 (Windows NT 10.0; WOW64) AppleWebKit/537.36 (KHTML, like Gecko) Chrome/49.0.2623.112 Safari/537.36" 
207.46.13.172 - - [17/Apr/2016:03:43:15 -0700] "GET /self.logs/access.log.2016-01-19.gz HTTP/1.1" 200 6706 "-" "Mozilla/5.0 (compatible; bingbot/2.0; +http://www.bing.com/bingbot.htm)" 
107.151.142.122 - - [17/Apr/2016:03:43:56 -0700] "GET /honeypot/BSidesDFW%20-%202014.ipynb HTTP/1.0" 200 930799 "http://www.secrepo.com/" "Mozilla/5.0 (Macintosh; Intel Mac OS X 10.7; rv:34.0) Gecko/20100101 Firefox/34.0" 
117.177.241.60 - - [17/Apr/2016:03:51:25 -0700] "GET /tg/a.zip HTTP/1.1" 304 132 "-" "Mozilla/5.0 Gecko/20100115 Firefox/3.6" 
115.66.71.59 - - [17/Apr/2016:03:54:27 -0700] "GET / HTTP/1.1" 200 8801 "-" "Mozilla/5.0 (Windows NT 6.1; WOW64) AppleWebKit/537.36 (KHTML, like Gecko) Chrome/49.0.2623.112 Safari/537.36" 
115.66.71.59 - - [17/Apr/2016:03:54:28 -0700] "GET /twitter-icon.png HTTP/1.1" 200 27787 "http://www.secrepo.com/" "Mozilla/5.0 (Windows NT 6.1; WOW64) AppleWebKit/537.36 (KHTML, like Gecko) Chrome/49.0.2623.112 Safari/537.36" 
115.66.71.59 - - [17/Apr/2016:03:54:28 -0700] "GET /GitHub-Mark.png HTTP/1.1" 200 7428 "http://www.secrepo.com/" "Mozilla/5.0 (Windows NT 6.1; WOW64) AppleWebKit/537.36 (KHTML, like Gecko) Chrome/49.0.2623.112 Safari/537.36" 
115.66.71.59 - - [17/Apr/2016:03:54:28 -0700] "GET /bootstrap/img/favicon.ico HTTP/1.1" 200 589 "http://www.secrepo.com/" "Mozilla/5.0 (Windows NT 6.1; WOW64) AppleWebKit/537.36 (KHTML, like Gecko) Chrome/49.0.2623.112 Safari/537.36" 
141.8.143.159 - - [17/Apr/2016:04:04:19 -0700] "GET / HTTP/1.1" 200 8801 "-" "Mozilla/5.0 (compatible; YandexBot/3.0; +http://yandex.com/bots)" 
141.8.143.219 - - [17/Apr/2016:04:04:19 -0700] "GET /robots.txt HTTP/1.1" 301 518 "-" "Mozilla/5.0 (compatible; YandexBot/3.0; +http://yandex.com/bots)" 
141.8.143.159 - - [17/Apr/2016:04:04:23 -0700] "GET / HTTP/1.1" 200 8801 "-" "Mozilla/5.0 (compatible; YandexBot/3.0; +http://yandex.com/bots)" 
141.8.143.219 - - [17/Apr/2016:04:04:23 -0700] "GET / HTTP/1.1" 301 483 "-" "Mozilla/5.0 (compatible; YandexBot/3.0; +http://yandex.com/bots)" 
111.23.4.148 - - [17/Apr/2016:04:04:37 -0700] "GET /tg/a.zip HTTP/1.1" 304 132 "-" "Mozilla/5.0 Gecko/20100115 Firefox/3.6" 
202.196.63.124 - - [17/Apr/2016:04:14:28 -0700] "GET /favicon.ico HTTP/1.1" 200 268 "-" "Mozilla/5.0 (Windows; U; MSIE 6.0; Windows NT 5.1; SV1; .NET CLR 2.0.50727; BIDUBrowser 7.6)" 
202.196.63.124 - - [17/Apr/2016:04:14:28 -0700] "GET / HTTP/1.1" 200 28956 "-" "Mozilla/5.0 (Windows; U; MSIE 6.0; Windows NT 5.1; SV1; .NET CLR 2.0.50727; BIDUBrowser 7.6)" 
202.196.63.124 - - [17/Apr/2016:04:14:29 -0700] "GET /bootstrap/img/favicon.ico HTTP/1.1" 304 164 "-" "Mozilla/5.0 (Windows; U; MSIE 6.0; Windows NT 5.1; SV1; .NET CLR 2.0.50727; BIDUBrowser 7.6)" 
202.196.63.124 - - [17/Apr/2016:04:14:29 -0700] "GET /favicon.ico HTTP/1.1" 200 267 "-" "Mozilla/5.0 (Windows; U; MSIE 6.0; Windows NT 5.1; SV1; .NET CLR 2.0.50727; BIDUBrowser 7.6)" 
202.196.63.124 - - [17/Apr/2016:04:14:29 -0700] "GET / HTTP/1.1" 200 28956 "-" "Mozilla/5.0 (Windows; U; MSIE 6.0; Windows NT 5.1; SV1; .NET CLR 2.0.50727; BIDUBrowser 7.6)" 
202.196.63.124 - - [17/Apr/2016:04:14:30 -0700] "GET /bootstrap/img/favicon.ico HTTP/1.1" 304 164 "-" "Mozilla/5.0 (Windows; U; MSIE 6.0; Windows NT 5.1; SV1; .NET CLR 2.0.50727; BIDUBrowser 7.6)" 
40.77.167.56 - - [17/Apr/2016:04:17:30 -0700] "GET /self.logs/error.log.2016-01-25.gz HTTP/1.1" 200 688 "-" "Mozilla/5.0 (compatible; bingbot/2.0; +http://www.bing.com/bingbot.htm)" 
65.49.68.187 - - [17/Apr/2016:04:32:01 -0700] "GET / HTTP/1.0" 200 8801 "https://www.google.com/" "Mozilla/5.0 (Windows NT 6.1; WOW64) AppleWebKit/537.36 (KHTML, like Gecko) Chrome/49.0.2623.112 Safari/537.36" 
65.49.68.187 - - [17/Apr/2016:04:32:14 -0700] "GET /twitter-icon.png HTTP/1.0" 200 27788 "http://www.secrepo.com/" "Mozilla/5.0 (Windows NT 6.1; WOW64) AppleWebKit/537.36 (KHTML, like Gecko) Chrome/49.0.2623.112 Safari/537.36" 
65.49.68.187 - - [17/Apr/2016:04:32:15 -0700] "GET /bootstrap/img/favicon.ico HTTP/1.0" 200 590 "http://www.secrepo.com/" "Mozilla/5.0 (Windows NT 6.1; WOW64) AppleWebKit/537.36 (KHTML, like Gecko) Chrome/49.0.2623.112 Safari/537.36" 
122.178.255.35 - - [17/Apr/2016:04:32:40 -0700] "GET / HTTP/1.1" 200 8801 "-" "Mozilla/5.0 (Macintosh; Intel Mac OS X 10_11_3) AppleWebKit/601.4.4 (KHTML, like Gecko)" 
122.178.255.35 - - [17/Apr/2016:04:32:40 -0700] "GET /apple-touch-icon-precomposed.png HTTP/1.1" 404 340 "-" "Safari/11601.4.4 CFNetwork/760.2.6 Darwin/15.3.0 (x86_64)" 
122.178.255.35 - - [17/Apr/2016:04:32:41 -0700] "GET /apple-touch-icon.png HTTP/1.1" 404 339 "-" "Safari/11601.4.4 CFNetwork/760.2.6 Darwin/15.3.0 (x86_64)" 
122.178.255.35 - - [17/Apr/2016:04:32:42 -0700] "GET /apple-touch-icon-precomposed.png HTTP/1.1" 404 339 "-" "Safari/11601.4.4 CFNetwork/760.2.6 Darwin/15.3.0 (x86_64)" 
122.178.255.35 - - [17/Apr/2016:04:32:43 -0700] "GET /apple-touch-icon.png HTTP/1.1" 404 339 "-" "Safari/11601.4.4 CFNetwork/760.2.6 Darwin/15.3.0 (x86_64)" 
91.200.12.136 - - [17/Apr/2016:04:43:11 -0700] "GET /honeypot/BSidesDFW%20-%202014.ipynb HTTP/1.0" 200 484720 "http://www.secrepo.com/honeypot/BSidesDFW%20-%202014.ipynb" "Mozilla/5.0 (Windows NT 10.0; WOW64; rv:44.0) Gecko/20100101 Firefox/44.0" 
40.77.167.25 - - [17/Apr/2016:04:52:14 -0700] "GET /self.logs/?C=M;O=D HTTP/1.1" 200 9792 "-" "Mozilla/5.0 (compatible; bingbot/2.0; +http://www.bing.com/bingbot.htm)" 
40.77.167.25 - - [17/Apr/2016:04:52:15 -0700] "GET /self.logs/?C=S;O=A HTTP/1.1" 200 10696 "-" "Mozilla/5.0 (compatible; bingbot/2.0; +http://www.bing.com/bingbot.htm)" 
40.77.167.25 - - [17/Apr/2016:04:52:15 -0700] "GET /self.logs/ HTTP/1.1" 200 9549 "-" "Mozilla/5.0 (compatible; bingbot/2.0; +http://www.bing.com/bingbot.htm)" 
207.46.13.172 - - [17/Apr/2016:04:52:25 -0700] "GET /self.logs/?C=D;O=A HTTP/1.1" 200 9550 "-" "Mozilla/5.0 (compatible; bingbot/2.0; +http://www.bing.com/bingbot.htm)" 
207.46.13.172 - - [17/Apr/2016:04:52:25 -0700] "GET /self.logs/?C=N;O=A HTTP/1.1" 200 9549 "-" "Mozilla/5.0 (compatible; bingbot/2.0; +http://www.bing.com/bingbot.htm)" 
40.77.167.86 - - [17/Apr/2016:04:52:28 -0700] "GET /self.logs/?C=M;O=A HTTP/1.1" 200 9756 "-" "Mozilla/5.0 (compatible; bingbot/2.0; +http://www.bing.com/bingbot.htm)" 
40.77.167.86 - - [17/Apr/2016:04:52:28 -0700] "GET / HTTP/1.1" 200 8800 "-" "Mozilla/5.0 (compatible; bingbot/2.0; +http://www.bing.com/bingbot.htm)" 
40.77.167.56 - - [17/Apr/2016:04:52:29 -0700] "GET /self.logs/?C=D;O=D HTTP/1.1" 200 9621 "-" "Mozilla/5.0 (compatible; bingbot/2.0; +http://www.bing.com/bingbot.htm)" 
40.77.167.56 - - [17/Apr/2016:04:52:29 -0700] "GET /self.logs/?C=N;O=D HTTP/1.1" 200 9620 "-" "Mozilla/5.0 (compatible; bingbot/2.0; +http://www.bing.com/bingbot.htm)" 
164.132.161.19 - - [17/Apr/2016:04:54:10 -0700] "GET /self.logs/error.log.2015-05-17.gz HTTP/1.1" 200 730 "-" "Mozilla/5.0 (compatible; AhrefsBot/5.1; +http://ahrefs.com/robot/)" 
208.115.113.86 - - [17/Apr/2016:04:55:39 -0700] "GET /self.logs/?C=D;O=A HTTP/1.1" 200 87170 "-" "Mozilla/5.0 (compatible; DotBot/1.1; http://www.opensiteexplorer.org/dotbot, help@moz.com)" 
91.200.12.136 - - [17/Apr/2016:05:01:22 -0700] "GET /honeypot/BSidesDFW%20-%202014.ipynb HTTP/1.0" 200 483260 "http://www.secrepo.com/honeypot/BSidesDFW%20-%202014.ipynb" "Mozilla/5.0 (Windows NT 6.1; WOW64) AppleWebKit/537.36 (KHTML, like Gecko) Chrome/47.0.2526.111 YaBrowser/16.2.0.3539 Safari/537.36" 
40.77.167.25 - - [17/Apr/2016:05:03:56 -0700] "GET /self.logs/error.log.2015-10-27.gz HTTP/1.1" 301 544 "-" "Mozilla/5.0 (compatible; bingbot/2.0; +http://www.bing.com/bingbot.htm)" 
51.255.65.30 - - [17/Apr/2016:05:04:31 -0700] "GET /self.logs/access.log.2015-01-26.gz HTTP/1.1" 200 3201 "-" "Mozilla/5.0 (compatible; AhrefsBot/5.1; +http://ahrefs.com/robot/)" 
111.7.128.40 - - [17/Apr/2016:05:16:19 -0700] "GET /tg/a.zip HTTP/1.1" 304 132 "-" "Mozilla/5.0 Gecko/20100115 Firefox/3.6" 
91.200.12.143 - - [17/Apr/2016:05:16:27 -0700] "GET /honeypot/BSidesDFW%20-%202014.ipynb HTTP/1.0" 200 930799 "http://www.secrepo.com/honeypot/BSidesDFW%20-%202014.ipynb" "Mozilla/5.0 (Windows NT 6.1; rv:44.0) Gecko/20100101 Firefox/44.0" 
111.23.10.33 - - [17/Apr/2016:05:18:29 -0700] "GET /tg/a.zip HTTP/1.1" 304 132 "-" "Mozilla/5.0 Gecko/20100115 Firefox/3.6" 
2.86.204.78 - - [17/Apr/2016:05:18:45 -0700] "GET / HTTP/1.1" 200 8801 "http://www.mlsecproject.org/" "Mozilla/5.0 (Windows NT 10.0; WOW64) AppleWebKit/537.36 (KHTML, like Gecko) Chrome/49.0.2623.112 Safari/537.36" 
2.86.204.78 - - [17/Apr/2016:05:18:46 -0700] "GET /GitHub-Mark.png HTTP/1.1" 200 7427 "http://www.secrepo.com/" "Mozilla/5.0 (Windows NT 10.0; WOW64) AppleWebKit/537.36 (KHTML, like Gecko) Chrome/49.0.2623.112 Safari/537.36" 
211.137.56.172 - - [17/Apr/2016:05:21:32 -0700] "GET /tg/a.zip HTTP/1.1" 304 132 "-" "Mozilla/5.0 Gecko/20100115 Firefox/3.6" 
180.76.15.136 - - [17/Apr/2016:05:25:54 -0700] "GET / HTTP/1.1" 200 28946 "-" "Mozilla/5.0 (compatible; Baiduspider/2.0; +http://www.baidu.com/search/spider.html)" 
180.76.15.152 - - [17/Apr/2016:05:26:24 -0700] "GET / HTTP/1.1" 200 28946 "-" "Mozilla/5.0 (compatible; Baiduspider/2.0; +http://www.baidu.com/search/spider.html)" 
91.200.12.143 - - [17/Apr/2016:05:34:50 -0700] "GET /honeypot/BSidesDFW%20-%202014.ipynb HTTP/1.0" 200 480340 "http://www.secrepo.com/honeypot/BSidesDFW%20-%202014.ipynb" "Mozilla/5.0 (Windows NT 6.3; WOW64) AppleWebKit/537.36 (KHTML, like Gecko) Chrome/48.0.2564.116 Safari/537.36" 
66.102.7.157 - - [17/Apr/2016:05:42:46 -0700] "GET / HTTP/1.1" 200 8801 "-" "Mozilla/5.0 (X11; Linux x86_64) AppleWebKit/537.36 (KHTML, like Gecko) Chrome/49.0.2623.75 Safari/537.36 Google Favicon" 
66.102.7.171 - - [17/Apr/2016:05:42:46 -0700] "GET /bootstrap/img/favicon.ico HTTP/1.1" 200 590 "-" "Mozilla/5.0 (X11; Linux x86_64) AppleWebKit/537.36 (KHTML, like Gecko) Chrome/49.0.2623.75 Safari/537.36 Google Favicon" 
151.80.31.161 - - [17/Apr/2016:05:44:17 -0700] "GET /self.logs/access.log.2015-05-01.gz HTTP/1.1" 200 4431 "-" "Mozilla/5.0 (compatible; AhrefsBot/5.1; +http://ahrefs.com/robot/)" 
124.123.90.99 - - [17/Apr/2016:05:52:54 -0700] "GET / HTTP/1.1" 200 8801 "https://www.google.co.in/" "Mozilla/5.0 (Windows NT 6.1; WOW64) AppleWebKit/537.36 (KHTML, like Gecko) Chrome/49.0.2623.112 Safari/537.36" 
124.123.90.99 - - [17/Apr/2016:05:52:55 -0700] "GET /GitHub-Mark.png HTTP/1.1" 200 7428 "http://www.secrepo.com/" "Mozilla/5.0 (Windows NT 6.1; WOW64) AppleWebKit/537.36 (KHTML, like Gecko) Chrome/49.0.2623.112 Safari/537.36" 
124.123.90.99 - - [17/Apr/2016:05:52:55 -0700] "GET /twitter-icon.png HTTP/1.1" 200 27787 "http://www.secrepo.com/" "Mozilla/5.0 (Windows NT 6.1; WOW64) AppleWebKit/537.36 (KHTML, like Gecko) Chrome/49.0.2623.112 Safari/537.36" 
124.123.90.99 - - [17/Apr/2016:05:52:55 -0700] "GET /bootstrap/img/favicon.ico HTTP/1.1" 200 589 "http://www.secrepo.com/" "Mozilla/5.0 (Windows NT 6.1; WOW64) AppleWebKit/537.36 (KHTML, like Gecko) Chrome/49.0.2623.112 Safari/537.36" 
66.249.66.151 - - [17/Apr/2016:06:02:24 -0700] "GET / HTTP/1.1" 200 8801 "-" "DoCoMo/2.0 N905i(c100;TB;W24H16) (compatible; Googlebot-Mobile/2.1; +http://www.google.com/bot.html)" 
151.80.31.181 - - [17/Apr/2016:06:08:54 -0700] "GET /self.logs/error.log.2015-06-04.gz HTTP/1.1" 200 912 "-" "Mozilla/5.0 (compatible; AhrefsBot/5.1; +http://ahrefs.com/robot/)" 
207.46.13.172 - - [17/Apr/2016:06:10:07 -0700] "GET /self.logs/access.log.2015-10-17.gz HTTP/1.1" 200 4620 "-" "Mozilla/5.0 (compatible; bingbot/2.0; +http://www.bing.com/bingbot.htm)" 
180.76.15.14 - - [17/Apr/2016:06:14:41 -0700] "GET / HTTP/1.1" 304 152 "-" "Mozilla/5.0 (compatible; Baiduspider/2.0; +http://www.baidu.com/search/spider.html)" 
202.196.63.124 - - [17/Apr/2016:06:15:27 -0700] "GET /favicon.ico HTTP/1.1" 200 268 "-" "Mozilla/5.0 (Windows; U; MSIE 6.0; Windows NT 5.1; SV1; .NET CLR 2.0.50727; BIDUBrowser 7.6)" 
202.196.63.124 - - [17/Apr/2016:06:15:27 -0700] "GET /favicon.ico HTTP/1.1" 200 268 "-" "Mozilla/5.0 (Windows; U; MSIE 6.0; Windows NT 5.1; SV1; .NET CLR 2.0.50727; BIDUBrowser 7.6)" 
202.196.63.124 - - [17/Apr/2016:06:15:27 -0700] "GET / HTTP/1.1" 200 28956 "-" "Mozilla/5.0 (Windows; U; MSIE 6.0; Windows NT 5.1; SV1; .NET CLR 2.0.50727; BIDUBrowser 7.6)" 
202.196.63.124 - - [17/Apr/2016:06:15:27 -0700] "GET /bootstrap/img/favicon.ico HTTP/1.1" 304 164 "-" "Mozilla/5.0 (Windows; U; MSIE 6.0; Windows NT 5.1; SV1; .NET CLR 2.0.50727; BIDUBrowser 7.6)" 
202.196.63.124 - - [17/Apr/2016:06:15:27 -0700] "GET / HTTP/1.1" 200 28956 "-" "Mozilla/5.0 (Windows; U; MSIE 6.0; Windows NT 5.1; SV1; .NET CLR 2.0.50727; BIDUBrowser 7.6)" 
202.196.63.124 - - [17/Apr/2016:06:15:30 -0700] "GET /bootstrap/img/favicon.ico HTTP/1.1" 304 165 "-" "Mozilla/5.0 (Windows; U; MSIE 6.0; Windows NT 5.1; SV1; .NET CLR 2.0.50727; BIDUBrowser 7.6)" 
180.76.15.148 - - [17/Apr/2016:06:26:52 -0700] "GET / HTTP/1.1" 200 28946 "-" "Mozilla/5.0 (compatible; Baiduspider/2.0; +http://www.baidu.com/search/spider.html)" 
180.76.15.17 - - [17/Apr/2016:06:27:26 -0700] "GET / HTTP/1.1" 200 21900 "-" "Mozilla/5.0 (compatible; Baiduspider/2.0; +http://www.baidu.com/search/spider.html)" 
117.190.191.170 - - [17/Apr/2016:06:27:46 -0700] "GET /tg/a.zip HTTP/1.1" 304 132 "-" "Mozilla/5.0 Gecko/20100115 Firefox/3.6" 
117.177.241.60 - - [17/Apr/2016:06:51:30 -0700] "GET /tg/a.zip HTTP/1.1" 304 132 "-" "Mozilla/5.0 Gecko/20100115 Firefox/3.6" 
202.196.63.124 - - [17/Apr/2016:07:01:12 -0700] "GET /favicon.ico HTTP/1.1" 200 268 "-" "Mozilla/5.0 (Windows; U; MSIE 6.0; Windows NT 5.1; SV1; .NET CLR 2.0.50727; BIDUBrowser 7.6)" 
202.196.63.124 - - [17/Apr/2016:07:01:12 -0700] "GET /favicon.ico HTTP/1.1" 200 268 "-" "Mozilla/5.0 (Windows; U; MSIE 6.0; Windows NT 5.1; SV1; .NET CLR 2.0.50727; BIDUBrowser 7.6)" 
202.196.63.124 - - [17/Apr/2016:07:01:12 -0700] "GET / HTTP/1.1" 200 28956 "-" "Mozilla/5.0 (Windows; U; MSIE 6.0; Windows NT 5.1; SV1; .NET CLR 2.0.50727; BIDUBrowser 7.6)" 
202.196.63.124 - - [17/Apr/2016:07:01:13 -0700] "GET / HTTP/1.1" 200 28956 "-" "Mozilla/5.0 (Windows; U; MSIE 6.0; Windows NT 5.1; SV1; .NET CLR 2.0.50727; BIDUBrowser 7.6)" 
202.196.63.124 - - [17/Apr/2016:07:01:13 -0700] "GET /bootstrap/img/favicon.ico HTTP/1.1" 304 164 "-" "Mozilla/5.0 (Windows; U; MSIE 6.0; Windows NT 5.1; SV1; .NET CLR 2.0.50727; BIDUBrowser 7.6)" 
202.196.63.124 - - [17/Apr/2016:07:01:13 -0700] "GET /bootstrap/img/favicon.ico HTTP/1.1" 304 164 "-" "Mozilla/5.0 (Windows; U; MSIE 6.0; Windows NT 5.1; SV1; .NET CLR 2.0.50727; BIDUBrowser 7.6)" 
111.23.4.148 - - [17/Apr/2016:07:04:39 -0700] "GET /tg/a.zip HTTP/1.1" 304 132 "-" "Mozilla/5.0 Gecko/20100115 Firefox/3.6" 
40.77.167.86 - - [17/Apr/2016:07:18:22 -0700] "GET /self.logs/error.log.2015-09-04.gz HTTP/1.1" 200 2032 "-" "Mozilla/5.0 (compatible; bingbot/2.0; +http://www.bing.com/bingbot.htm)" 
164.132.161.46 - - [17/Apr/2016:07:25:07 -0700] "GET /self.logs/access.log.2015-02-05.gz HTTP/1.1" 200 3498 "-" "Mozilla/5.0 (compatible; AhrefsBot/5.1; +http://ahrefs.com/robot/)" 
51.255.65.35 - - [17/Apr/2016:07:25:41 -0700] "GET /self.logs/error.log.2015-10-25.gz HTTP/1.1" 200 676 "-" "Mozilla/5.0 (compatible; AhrefsBot/5.1; +http://ahrefs.com/robot/)" 
164.132.161.22 - - [17/Apr/2016:07:35:51 -0700] "GET /self.logs/access.log.2016-01-06.gz HTTP/1.1" 200 5438 "-" "Mozilla/5.0 (compatible; AhrefsBot/5.1; +http://ahrefs.com/robot/)" 
164.132.161.39 - - [17/Apr/2016:07:39:42 -0700] "GET /self.logs/access.log.2016-04-05.gz HTTP/1.1" 200 12689 "-" "Mozilla/5.0 (compatible; AhrefsBot/5.1; +http://ahrefs.com/robot/)" 
40.77.167.25 - - [17/Apr/2016:07:48:21 -0700] "GET /self.logs/error.log.2015-08-11.gz HTTP/1.1" 200 835 "-" "Mozilla/5.0 (compatible; bingbot/2.0; +http://www.bing.com/bingbot.htm)" 
134.249.55.100 - - [17/Apr/2016:07:57:54 -0700] "GET /honeypot/ HTTP/1.1" 200 1077 "http://call-of-duty.info/" "Mozilla/4.0 (compatible; MSIE 6.0; AOL 9.0; Windows NT 5.1)" 
134.249.55.100 - - [17/Apr/2016:07:57:55 -0700] "GET /honeypot/ HTTP/1.1" 200 1077 "http://call-of-duty.info/" "Mozilla/4.0 (compatible; MSIE 6.0; AOL 9.0; Windows NT 5.1)" 
134.249.55.100 - - [17/Apr/2016:07:57:55 -0700] "GET /honeypot/ HTTP/1.1" 200 1077 "http://call-of-duty.info/" "Mozilla/4.0 (compatible; MSIE 6.0; AOL 9.0; Windows NT 5.1)" 
178.137.90.202 - - [17/Apr/2016:07:58:59 -0700] "GET /honeypot/ HTTP/1.1" 200 1077 "http://mastershef.club/" "Mozilla/4.0 (compatible; MSIE 6.0; Windows NT 5.0; KTXN)" 
178.137.90.202 - - [17/Apr/2016:07:59:00 -0700] "GET /honeypot/ HTTP/1.1" 200 1077 "http://mastershef.club/" "Mozilla/4.0 (compatible; MSIE 6.0; Windows NT 5.0; KTXN)" 
178.137.90.202 - - [17/Apr/2016:07:59:01 -0700] "GET /honeypot/ HTTP/1.1" 200 1077 "http://mastershef.club/" "Mozilla/4.0 (compatible; MSIE 6.0; Windows NT 5.0; KTXN)" 
73.229.246.107 - - [17/Apr/2016:08:10:33 -0700] "GET / HTTP/1.1" 200 8801 "-" "Mozilla/5.0 (Macintosh; Intel Mac OS X 10_11_1) AppleWebKit/601.2.7 (KHTML, like Gecko) Version/9.0.1 Safari/601.2.7" 
73.229.246.107 - - [17/Apr/2016:08:10:33 -0700] "GET /twitter-icon.png HTTP/1.1" 200 27787 "http://www.secrepo.com/" "Mozilla/5.0 (Macintosh; Intel Mac OS X 10_11_1) AppleWebKit/601.2.7 (KHTML, like Gecko) Version/9.0.1 Safari/601.2.7" 
73.229.246.107 - - [17/Apr/2016:08:10:33 -0700] "GET /GitHub-Mark.png HTTP/1.1" 200 7428 "http://www.secrepo.com/" "Mozilla/5.0 (Macintosh; Intel Mac OS X 10_11_1) AppleWebKit/601.2.7 (KHTML, like Gecko) Version/9.0.1 Safari/601.2.7" 
73.229.246.107 - - [17/Apr/2016:08:10:33 -0700] "GET /bootstrap/img/favicon.ico HTTP/1.1" 200 590 "http://www.secrepo.com/" "Mozilla/5.0 (Macintosh; Intel Mac OS X 10_11_1) AppleWebKit/601.2.7 (KHTML, like Gecko) Version/9.0.1 Safari/601.2.7" 
111.7.128.40 - - [17/Apr/2016:08:16:23 -0700] "GET /tg/a.zip HTTP/1.1" 304 132 "-" "Mozilla/5.0 Gecko/20100115 Firefox/3.6" 
111.23.10.33 - - [17/Apr/2016:08:18:31 -0700] "GET /tg/a.zip HTTP/1.1" 304 132 "-" "Mozilla/5.0 Gecko/20100115 Firefox/3.6" 
76.254.30.248 - - [17/Apr/2016:08:18:52 -0700] "GET / HTTP/1.1" 200 8801 "https://www.google.com/" "Mozilla/5.0 (X11; Linux x86_64) AppleWebKit/537.36 (KHTML, like Gecko) Chrome/49.0.2623.87 Safari/537.36" 
76.254.30.248 - - [17/Apr/2016:08:18:52 -0700] "GET /twitter-icon.png HTTP/1.1" 200 27787 "http://www.secrepo.com/" "Mozilla/5.0 (X11; Linux x86_64) AppleWebKit/537.36 (KHTML, like Gecko) Chrome/49.0.2623.87 Safari/537.36" 
76.254.30.248 - - [17/Apr/2016:08:18:52 -0700] "GET /GitHub-Mark.png HTTP/1.1" 200 7428 "http://www.secrepo.com/" "Mozilla/5.0 (X11; Linux x86_64) AppleWebKit/537.36 (KHTML, like Gecko) Chrome/49.0.2623.87 Safari/537.36" 
76.254.30.248 - - [17/Apr/2016:08:18:53 -0700] "GET /bootstrap/img/favicon.ico HTTP/1.1" 200 589 "http://www.secrepo.com/" "Mozilla/5.0 (X11; Linux x86_64) AppleWebKit/537.36 (KHTML, like Gecko) Chrome/49.0.2623.87 Safari/537.36" 
211.137.56.172 - - [17/Apr/2016:08:21:34 -0700] "GET /tg/a.zip HTTP/1.1" 304 132 "-" "Mozilla/5.0 Gecko/20100115 Firefox/3.6" 
51.255.65.82 - - [17/Apr/2016:08:21:36 -0700] "GET /self.logs/error.log.2015-01-28.gz HTTP/1.1" 200 588 "-" "Mozilla/5.0 (compatible; AhrefsBot/5.1; +http://ahrefs.com/robot/)" 
5.9.73.227 - - [17/Apr/2016:08:29:41 -0700] "GET /robots.txt HTTP/1.0" 301 481 "-" "Mozilla/5.0 (compatible; MJ12bot/v1.4.5; http://www.majestic12.co.uk/bot.php?+)" 
5.9.73.227 - - [17/Apr/2016:08:29:41 -0700] "GET /robots.txt HTTP/1.0" 200 252 "-" "Mozilla/5.0 (compatible; MJ12bot/v1.4.5; http://www.majestic12.co.uk/bot.php?+)" 
5.9.73.227 - - [17/Apr/2016:08:29:43 -0700] "GET /honeypot/BSidesDFW%20-%202014.ipynb HTTP/1.0" 301 523 "-" "Mozilla/5.0 (compatible; MJ12bot/v1.4.5; http://www.majestic12.co.uk/bot.php?+)" 
5.9.73.227 - - [17/Apr/2016:08:29:44 -0700] "GET /robots.txt HTTP/1.0" 200 252 "-" "Mozilla/5.0 (compatible; MJ12bot/v1.4.5; http://www.majestic12.co.uk/bot.php?+)" 
5.9.73.227 - - [17/Apr/2016:08:29:45 -0700] "GET /honeypot/BSidesDFW%20-%202014.ipynb HTTP/1.0" 200 316820 "-" "Mozilla/5.0 (compatible; MJ12bot/v1.4.5; http://www.majestic12.co.uk/bot.php?+)" 
114.98.227.213 - - [17/Apr/2016:08:32:53 -0700] "GET /maccdc2012/http.log.gz HTTP/1.1" 200 349722 "-" "Mozilla/5.0 (Windows NT 6.1; Trident/7.0; rv:11.0) like Gecko" 
114.98.227.213 - - [17/Apr/2016:08:33:03 -0700] "POST /maccdc2012/http.log.gz/trackback/ HTTP/1.1" 404 303 "http://www.secrepo.com/maccdc2012/http.log.gz" "Mozilla/5.0 (Windows NT 6.1; Trident/7.0; rv:11.0) like Gecko" 
40.77.167.86 - - [17/Apr/2016:08:51:46 -0700] "GET / HTTP/1.1" 301 483 "-" "Mozilla/5.0 (compatible; bingbot/2.0; +http://www.bing.com/bingbot.htm)" 
40.77.167.86 - - [17/Apr/2016:08:55:24 -0700] "GET / HTTP/1.1" 200 8801 "-" "Mozilla/5.0 (compatible; bingbot/2.0; +http://www.bing.com/bingbot.htm)" 
41.141.19.57 - - [17/Apr/2016:08:56:31 -0700] "GET /favicon.ico HTTP/1.1" 200 268 "-" "Mozilla/5.0 (Linux; Android 4.4.2; SM-G110H Build/KOT49H) AppleWebKit/537.36 (KHTML, like Gecko) Version/4.0 Chrome/30.0.0.0 Mobile Safari/537.36" 
41.141.19.57 - - [17/Apr/2016:08:55:55 -0700] "GET /honeypot/BSidesDFW%20-%202014.ipynb HTTP/1.1" 200 172788 "https://www.google.com/" "Mozilla/5.0 (Linux; Android 4.4.2; SM-G110H Build/KOT49H) AppleWebKit/537.36 (KHTML, like Gecko) Version/4.0 Chrome/30.0.0.0 Mobile Safari/537.36" 
111.13.102.132 - - [17/Apr/2016:09:00:39 -0700] "GET /robots.txt HTTP/1.1" 200 297 "-" "Mozilla/5.0 (compatible; Baiduspider/2.0; +http://www.baidu.com/search/spider.html)" 
123.125.71.74 - - [17/Apr/2016:08:59:52 -0700] "GET /honeypot/Honeypot%20-%20Howto%20-%20BSides%20Austin.pdf HTTP/1.1" 200 2928423 "-" "Mozilla/5.0 (compatible; Baiduspider/2.0; +http://www.baidu.com/search/spider.html)" 
202.196.63.124 - - [17/Apr/2016:09:20:56 -0700] "GET /favicon.ico HTTP/1.1" 200 268 "-" "Mozilla/5.0 (Windows; U; MSIE 6.0; Windows NT 5.1; SV1; .NET CLR 2.0.50727; BIDUBrowser 7.6)" 
202.196.63.124 - - [17/Apr/2016:09:20:56 -0700] "GET /favicon.ico HTTP/1.1" 200 268 "-" "Mozilla/5.0 (Windows; U; MSIE 6.0; Windows NT 5.1; SV1; .NET CLR 2.0.50727; BIDUBrowser 7.6)" 
202.196.63.124 - - [17/Apr/2016:09:20:56 -0700] "GET / HTTP/1.1" 200 28956 "-" "Mozilla/5.0 (Windows; U; MSIE 6.0; Windows NT 5.1; SV1; .NET CLR 2.0.50727; BIDUBrowser 7.6)" 
202.196.63.124 - - [17/Apr/2016:09:20:56 -0700] "GET / HTTP/1.1" 200 28956 "-" "Mozilla/5.0 (Windows; U; MSIE 6.0; Windows NT 5.1; SV1; .NET CLR 2.0.50727; BIDUBrowser 7.6)" 
202.196.63.124 - - [17/Apr/2016:09:20:56 -0700] "GET /bootstrap/img/favicon.ico HTTP/1.1" 304 164 "-" "Mozilla/5.0 (Windows; U; MSIE 6.0; Windows NT 5.1; SV1; .NET CLR 2.0.50727; BIDUBrowser 7.6)" 
202.196.63.124 - - [17/Apr/2016:09:20:57 -0700] "GET /bootstrap/img/favicon.ico HTTP/1.1" 304 164 "-" "Mozilla/5.0 (Windows; U; MSIE 6.0; Windows NT 5.1; SV1; .NET CLR 2.0.50727; BIDUBrowser 7.6)" 
40.77.167.86 - - [17/Apr/2016:09:25:32 -0700] "GET /self.logs/error.log.2015-10-16.gz HTTP/1.1" 200 811 "-" "Mozilla/5.0 (compatible; bingbot/2.0; +http://www.bing.com/bingbot.htm)" 
202.196.63.124 - - [17/Apr/2016:09:26:48 -0700] "GET /favicon.ico HTTP/1.1" 200 268 "-" "Mozilla/5.0 (Windows; U; MSIE 6.0; Windows NT 5.1; SV1; .NET CLR 2.0.50727; BIDUBrowser 7.6)" 
202.196.63.124 - - [17/Apr/2016:09:26:49 -0700] "GET / HTTP/1.1" 200 28956 "-" "Mozilla/5.0 (Windows; U; MSIE 6.0; Windows NT 5.1; SV1; .NET CLR 2.0.50727; BIDUBrowser 7.6)" 
202.196.63.124 - - [17/Apr/2016:09:26:48 -0700] "GET /favicon.ico HTTP/1.1" 200 268 "-" "Mozilla/5.0 (Windows; U; MSIE 6.0; Windows NT 5.1; SV1; .NET CLR 2.0.50727; BIDUBrowser 7.6)" 
202.196.63.124 - - [17/Apr/2016:09:26:49 -0700] "GET / HTTP/1.1" 200 28956 "-" "Mozilla/5.0 (Windows; U; MSIE 6.0; Windows NT 5.1; SV1; .NET CLR 2.0.50727; BIDUBrowser 7.6)" 
202.196.63.124 - - [17/Apr/2016:09:26:49 -0700] "GET /bootstrap/img/favicon.ico HTTP/1.1" 304 164 "-" "Mozilla/5.0 (Windows; U; MSIE 6.0; Windows NT 5.1; SV1; .NET CLR 2.0.50727; BIDUBrowser 7.6)" 
202.196.63.124 - - [17/Apr/2016:09:26:49 -0700] "GET /bootstrap/img/favicon.ico HTTP/1.1" 304 164 "-" "Mozilla/5.0 (Windows; U; MSIE 6.0; Windows NT 5.1; SV1; .NET CLR 2.0.50727; BIDUBrowser 7.6)" 
117.190.191.170 - - [17/Apr/2016:09:27:47 -0700] "GET /tg/a.zip HTTP/1.1" 304 132 "-" "Mozilla/5.0 Gecko/20100115 Firefox/3.6" 
202.196.63.124 - - [17/Apr/2016:09:31:36 -0700] "GET /favicon.ico HTTP/1.1" 200 268 "-" "Mozilla/5.0 (Windows; U; MSIE 6.0; Windows NT 5.1; SV1; .NET CLR 2.0.50727; BIDUBrowser 7.6)" 
202.196.63.124 - - [17/Apr/2016:09:31:36 -0700] "GET / HTTP/1.1" 200 28956 "-" "Mozilla/5.0 (Windows; U; MSIE 6.0; Windows NT 5.1; SV1; .NET CLR 2.0.50727; BIDUBrowser 7.6)" 
202.196.63.124 - - [17/Apr/2016:09:31:36 -0700] "GET /bootstrap/img/favicon.ico HTTP/1.1" 304 164 "-" "Mozilla/5.0 (Windows; U; MSIE 6.0; Windows NT 5.1; SV1; .NET CLR 2.0.50727; BIDUBrowser 7.6)" 
202.196.63.124 - - [17/Apr/2016:09:31:37 -0700] "GET /favicon.ico HTTP/1.1" 200 267 "-" "Mozilla/5.0 (Windows; U; MSIE 6.0; Windows NT 5.1; SV1; .NET CLR 2.0.50727; BIDUBrowser 7.6)" 
202.196.63.124 - - [17/Apr/2016:09:31:37 -0700] "GET / HTTP/1.1" 200 28956 "-" "Mozilla/5.0 (Windows; U; MSIE 6.0; Windows NT 5.1; SV1; .NET CLR 2.0.50727; BIDUBrowser 7.6)" 
202.196.63.124 - - [17/Apr/2016:09:31:37 -0700] "GET /bootstrap/img/favicon.ico HTTP/1.1" 304 164 "-" "Mozilla/5.0 (Windows; U; MSIE 6.0; Windows NT 5.1; SV1; .NET CLR 2.0.50727; BIDUBrowser 7.6)" 
40.77.167.25 - - [17/Apr/2016:09:32:09 -0700] "GET /self.logs/error.log.2015-06-22.gz HTTP/1.1" 200 2838 "-" "Mozilla/5.0 (compatible; bingbot/2.0; +http://www.bing.com/bingbot.htm)" 
199.16.156.125 - - [17/Apr/2016:09:37:07 -0700] "GET /robots.txt HTTP/1.1" 301 446 "-" "Twitterbot/1.0" 
199.16.156.126 - - [17/Apr/2016:09:37:09 -0700] "GET /robots.txt HTTP/1.1" 200 304 "-" "Twitterbot/1.0" 
199.16.156.125 - - [17/Apr/2016:09:37:08 -0700] "GET / HTTP/1.1" 301 427 "-" "Twitterbot/1.0" 
199.16.156.126 - - [17/Apr/2016:09:37:09 -0700] "GET / HTTP/1.1" 200 8745 "-" "Twitterbot/1.0" 
151.80.31.155 - - [17/Apr/2016:09:37:22 -0700] "GET /robots.txt HTTP/1.1" 200 304 "-" "Mozilla/5.0 (compatible; AhrefsBot/5.1; +http://ahrefs.com/robot/)" 
164.132.161.27 - - [17/Apr/2016:09:37:24 -0700] "GET /self.logs/error.log.2015-03-09.gz HTTP/1.1" 200 2236 "-" "Mozilla/5.0 (compatible; AhrefsBot/5.1; +http://ahrefs.com/robot/)" 
202.196.63.124 - - [17/Apr/2016:09:39:17 -0700] "GET /favicon.ico HTTP/1.1" 200 268 "-" "Mozilla/5.0 (Windows; U; MSIE 6.0; Windows NT 5.1; SV1; .NET CLR 2.0.50727; BIDUBrowser 7.6)" 
202.196.63.124 - - [17/Apr/2016:09:39:17 -0700] "GET /favicon.ico HTTP/1.1" 200 268 "-" "Mozilla/5.0 (Windows; U; MSIE 6.0; Windows NT 5.1; SV1; .NET CLR 2.0.50727; BIDUBrowser 7.6)" 
202.196.63.124 - - [17/Apr/2016:09:39:17 -0700] "GET / HTTP/1.1" 200 28956 "-" "Mozilla/5.0 (Windows; U; MSIE 6.0; Windows NT 5.1; SV1; .NET CLR 2.0.50727; BIDUBrowser 7.6)" 
202.196.63.124 - - [17/Apr/2016:09:39:17 -0700] "GET / HTTP/1.1" 200 28956 "-" "Mozilla/5.0 (Windows; U; MSIE 6.0; Windows NT 5.1; SV1; .NET CLR 2.0.50727; BIDUBrowser 7.6)" 
202.196.63.124 - - [17/Apr/2016:09:39:17 -0700] "GET /bootstrap/img/favicon.ico HTTP/1.1" 304 164 "-" "Mozilla/5.0 (Windows; U; MSIE 6.0; Windows NT 5.1; SV1; .NET CLR 2.0.50727; BIDUBrowser 7.6)" 
202.196.63.124 - - [17/Apr/2016:09:39:17 -0700] "GET /bootstrap/img/favicon.ico HTTP/1.1" 304 164 "-" "Mozilla/5.0 (Windows; U; MSIE 6.0; Windows NT 5.1; SV1; .NET CLR 2.0.50727; BIDUBrowser 7.6)" 
40.77.167.86 - - [17/Apr/2016:09:41:30 -0700] "GET /self.logs/error.log.2016-03-02.gz HTTP/1.1" 200 761 "-" "Mozilla/5.0 (compatible; bingbot/2.0; +http://www.bing.com/bingbot.htm)" 
117.177.241.60 - - [17/Apr/2016:09:51:32 -0700] "GET /tg/a.zip HTTP/1.1" 304 132 "-" "Mozilla/5.0 Gecko/20100115 Firefox/3.6" 
192.255.74.55 - - [17/Apr/2016:09:58:01 -0700] "GET /honeypot/BSidesDFW%20-%202014.ipynb HTTP/1.0" 200 930799 "http://www.secrepo.com/" "Mozilla/5.0 (Macintosh; Intel Mac OS X 10.7; rv:34.0) Gecko/20100101 Firefox/34.0" 
207.46.13.172 - - [17/Apr/2016:09:58:20 -0700] "GET /self.logs/access.log.2015-07-25.gz HTTP/1.1" 301 546 "-" "Mozilla/5.0 (compatible; bingbot/2.0; +http://www.bing.com/bingbot.htm)" 
87.253.50.165 - - [17/Apr/2016:10:04:33 -0700] "GET / HTTP/1.1" 200 8801 "https://www.google.ge/" "Mozilla/5.0 (X11; Linux x86_64) AppleWebKit/537.36 (KHTML, like Gecko) Chrome/50.0.2661.75 Safari/537.36" 
87.253.50.165 - - [17/Apr/2016:10:04:34 -0700] "GET /twitter-icon.png HTTP/1.1" 200 27787 "http://www.secrepo.com/" "Mozilla/5.0 (X11; Linux x86_64) AppleWebKit/537.36 (KHTML, like Gecko) Chrome/50.0.2661.75 Safari/537.36" 
87.253.50.165 - - [17/Apr/2016:10:04:34 -0700] "GET /GitHub-Mark.png HTTP/1.1" 200 7428 "http://www.secrepo.com/" "Mozilla/5.0 (X11; Linux x86_64) AppleWebKit/537.36 (KHTML, like Gecko) Chrome/50.0.2661.75 Safari/537.36" 
87.253.50.165 - - [17/Apr/2016:10:04:35 -0700] "GET /bootstrap/img/favicon.ico HTTP/1.1" 200 589 "http://www.secrepo.com/" "Mozilla/5.0 (X11; Linux x86_64) AppleWebKit/537.36 (KHTML, like Gecko) Chrome/50.0.2661.75 Safari/537.36" 
111.23.4.148 - - [17/Apr/2016:10:04:45 -0700] "GET /tg/a.zip HTTP/1.1" 304 132 "-" "Mozilla/5.0 Gecko/20100115 Firefox/3.6" 
124.123.90.99 - - [17/Apr/2016:10:14:06 -0700] "GET / HTTP/1.1" 200 8801 "https://www.google.co.in/" "Mozilla/5.0 (Windows NT 6.1; WOW64) AppleWebKit/537.36 (KHTML, like Gecko) Chrome/49.0.2623.112 Safari/537.36" 
124.123.90.99 - - [17/Apr/2016:10:14:07 -0700] "GET /GitHub-Mark.png HTTP/1.1" 200 7428 "http://www.secrepo.com/" "Mozilla/5.0 (Windows NT 6.1; WOW64) AppleWebKit/537.36 (KHTML, like Gecko) Chrome/49.0.2623.112 Safari/537.36" 
124.123.90.99 - - [17/Apr/2016:10:14:06 -0700] "GET /twitter-icon.png HTTP/1.1" 200 27787 "http://www.secrepo.com/" "Mozilla/5.0 (Windows NT 6.1; WOW64) AppleWebKit/537.36 (KHTML, like Gecko) Chrome/49.0.2623.112 Safari/537.36" 
64.233.173.19 - - [17/Apr/2016:10:14:10 -0700] "GET / HTTP/1.1" 200 8801 "https://www.google.co.id/" "Mozilla/5.0 (Linux; Android 5.1.1; ZTE N939Sc Build/LMY47V) AppleWebKit/537.36 (KHTML, like Gecko) Chrome/49.0.2623.105 Mobile Safari/537.36" 
64.233.173.24 - - [17/Apr/2016:10:14:10 -0700] "GET /twitter-icon.png HTTP/1.1" 200 27788 "http://www.secrepo.com/" "Mozilla/5.0 (Linux; Android 5.1.1; ZTE N939Sc Build/LMY47V) AppleWebKit/537.36 (KHTML, like Gecko) Chrome/49.0.2623.105 Mobile Safari/537.36" 
64.233.173.19 - - [17/Apr/2016:10:14:10 -0700] "GET /GitHub-Mark.png HTTP/1.1" 200 7427 "http://www.secrepo.com/" "Mozilla/5.0 (Linux; Android 5.1.1; ZTE N939Sc Build/LMY47V) AppleWebKit/537.36 (KHTML, like Gecko) Chrome/49.0.2623.105 Mobile Safari/537.36" 
64.233.173.29 - - [17/Apr/2016:10:14:12 -0700] "GET /bootstrap/img/favicon.ico HTTP/1.1" 200 590 "http://www.secrepo.com/" "Mozilla/5.0 (Linux; Android 5.1.1; ZTE N939Sc Build/LMY47V) AppleWebKit/537.36 (KHTML, like Gecko) Chrome/49.0.2623.105 Mobile Safari/537.36" 
68.180.230.88 - - [17/Apr/2016:10:16:00 -0700] "GET /robots.txt HTTP/1.1" 200 233 "-" "Mozilla/5.0 (compatible; Yahoo! Slurp; http://help.yahoo.com/help/us/ysearch/slurp)" 
68.180.230.88 - - [17/Apr/2016:10:16:00 -0700] "GET /self.logs/error.log.2016-01-05.gz HTTP/1.1" 304 132 "-" "Mozilla/5.0 (compatible; Yahoo! Slurp; http://help.yahoo.com/help/us/ysearch/slurp)" 
164.132.161.81 - - [17/Apr/2016:10:40:40 -0700] "GET /self.logs/access.log.2015-02-19.gz HTTP/1.1" 200 12892 "-" "Mozilla/5.0 (compatible; AhrefsBot/5.1; +http://ahrefs.com/robot/)" 
164.132.161.88 - - [17/Apr/2016:10:41:45 -0700] "GET /self.logs/access.log.2016-03-06.gz HTTP/1.1" 200 7425 "-" "Mozilla/5.0 (compatible; AhrefsBot/5.1; +http://ahrefs.com/robot/)" 
178.236.148.94 - - [17/Apr/2016:10:42:39 -0700] "GET / HTTP/1.1" 200 8801 "https://www.google.co.uk/" "Mozilla/5.0 (Windows NT 6.1; WOW64) AppleWebKit/537.36 (KHTML, like Gecko) Chrome/49.0.2623.112 Safari/537.36" 
178.236.148.94 - - [17/Apr/2016:10:42:39 -0700] "GET /GitHub-Mark.png HTTP/1.1" 200 7428 "http://www.secrepo.com/" "Mozilla/5.0 (Windows NT 6.1; WOW64) AppleWebKit/537.36 (KHTML, like Gecko) Chrome/49.0.2623.112 Safari/537.36" 
178.236.148.94 - - [17/Apr/2016:10:42:39 -0700] "GET /twitter-icon.png HTTP/1.1" 200 27787 "http://www.secrepo.com/" "Mozilla/5.0 (Windows NT 6.1; WOW64) AppleWebKit/537.36 (KHTML, like Gecko) Chrome/49.0.2623.112 Safari/537.36" 
178.236.148.94 - - [17/Apr/2016:10:42:41 -0700] "GET /bootstrap/img/favicon.ico HTTP/1.1" 200 589 "http://www.secrepo.com/" "Mozilla/5.0 (Windows NT 6.1; WOW64) AppleWebKit/537.36 (KHTML, like Gecko) Chrome/49.0.2623.112 Safari/537.36" 
51.255.65.72 - - [17/Apr/2016:11:05:49 -0700] "GET /self.logs/access.log.2015-07-19.gz HTTP/1.1" 200 4207 "-" "Mozilla/5.0 (compatible; AhrefsBot/5.1; +http://ahrefs.com/robot/)" 
111.7.128.40 - - [17/Apr/2016:11:16:24 -0700] "GET /tg/a.zip HTTP/1.1" 304 132 "-" "Mozilla/5.0 Gecko/20100115 Firefox/3.6" 
111.23.10.33 - - [17/Apr/2016:11:18:32 -0700] "GET /tg/a.zip HTTP/1.1" 304 132 "-" "Mozilla/5.0 Gecko/20100115 Firefox/3.6" 
97.99.84.147 - - [17/Apr/2016:11:19:22 -0700] "GET / HTTP/1.1" 200 8801 "-" "Mozilla/5.0 (Macintosh; Intel Mac OS X 10_11_4) AppleWebKit/601.5.17 (KHTML, like Gecko)" 
97.99.84.147 - - [17/Apr/2016:11:19:23 -0700] "GET /apple-touch-icon-precomposed.png HTTP/1.1" 404 340 "-" "Safari/11601.5.17.1 CFNetwork/760.4.2 Darwin/15.4.0 (x86_64)" 
97.99.84.147 - - [17/Apr/2016:11:19:23 -0700] "GET /apple-touch-icon.png HTTP/1.1" 404 339 "-" "Safari/11601.5.17.1 CFNetwork/760.4.2 Darwin/15.4.0 (x86_64)" 
97.99.84.147 - - [17/Apr/2016:11:19:23 -0700] "GET /apple-touch-icon-precomposed.png HTTP/1.1" 404 339 "-" "Safari/11601.5.17.1 CFNetwork/760.4.2 Darwin/15.4.0 (x86_64)" 
97.99.84.147 - - [17/Apr/2016:11:19:24 -0700] "GET /apple-touch-icon.png HTTP/1.1" 404 339 "-" "Safari/11601.5.17.1 CFNetwork/760.4.2 Darwin/15.4.0 (x86_64)" 
211.137.56.172 - - [17/Apr/2016:11:21:39 -0700] "GET /tg/a.zip HTTP/1.1" 304 132 "-" "Mozilla/5.0 Gecko/20100115 Firefox/3.6" 
164.132.161.25 - - [17/Apr/2016:11:22:05 -0700] "GET /self.logs/access.log.2015-08-29.gz HTTP/1.1" 200 6794 "-" "Mozilla/5.0 (compatible; AhrefsBot/5.1; +http://ahrefs.com/robot/)" 
72.205.55.160 - - [17/Apr/2016:11:34:00 -0700] "GET / HTTP/1.1" 200 8801 "http://www.mlsecproject.org/" "Mozilla/5.0 (Windows NT 10.0; Win64; x64) AppleWebKit/537.36 (KHTML, like Gecko) Chrome/46.0.2486.0 Safari/537.36 Edge/13.10586" 
72.205.55.160 - - [17/Apr/2016:11:34:00 -0700] "GET /twitter-icon.png HTTP/1.1" 200 27788 "http://www.secrepo.com/" "Mozilla/5.0 (Windows NT 10.0; Win64; x64) AppleWebKit/537.36 (KHTML, like Gecko) Chrome/46.0.2486.0 Safari/537.36 Edge/13.10586" 
72.205.55.160 - - [17/Apr/2016:11:34:00 -0700] "GET /GitHub-Mark.png HTTP/1.1" 200 7427 "http://www.secrepo.com/" "Mozilla/5.0 (Windows NT 10.0; Win64; x64) AppleWebKit/537.36 (KHTML, like Gecko) Chrome/46.0.2486.0 Safari/537.36 Edge/13.10586" 
72.205.55.160 - - [17/Apr/2016:11:34:00 -0700] "GET /bootstrap/img/favicon.ico HTTP/1.1" 200 590 "-" "Mozilla/5.0 (Windows NT 10.0; Win64; x64) AppleWebKit/537.36 (KHTML, like Gecko) Chrome/46.0.2486.0 Safari/537.36 Edge/13.10586" 
40.77.167.56 - - [17/Apr/2016:11:45:24 -0700] "GET /robots.txt HTTP/1.1" 200 289 "-" "Mozilla/5.0 (compatible; bingbot/2.0; +http://www.bing.com/bingbot.htm)" 
129.174.182.52 - - [17/Apr/2016:12:05:45 -0700] "GET / HTTP/1.1" 200 8801 "-" "Mozilla/5.0 (Windows NT 10.0; WOW64) AppleWebKit/537.36 (KHTML, like Gecko) Chrome/49.0.2623.112 Safari/537.36" 
129.174.182.52 - - [17/Apr/2016:12:05:45 -0700] "GET /twitter-icon.png HTTP/1.1" 200 27787 "http://www.secrepo.com/" "Mozilla/5.0 (Windows NT 10.0; WOW64) AppleWebKit/537.36 (KHTML, like Gecko) Chrome/49.0.2623.112 Safari/537.36" 
129.174.182.52 - - [17/Apr/2016:12:05:45 -0700] "GET /GitHub-Mark.png HTTP/1.1" 200 7428 "http://www.secrepo.com/" "Mozilla/5.0 (Windows NT 10.0; WOW64) AppleWebKit/537.36 (KHTML, like Gecko) Chrome/49.0.2623.112 Safari/537.36" 
129.174.182.52 - - [17/Apr/2016:12:05:45 -0700] "GET /bootstrap/img/favicon.ico HTTP/1.1" 200 589 "http://www.secrepo.com/" "Mozilla/5.0 (Windows NT 10.0; WOW64) AppleWebKit/537.36 (KHTML, like Gecko) Chrome/49.0.2623.112 Safari/537.36" 
129.174.182.47 - - [17/Apr/2016:12:07:01 -0700] "GET / HTTP/1.1" 200 8801 "-" "Mozilla/5.0 (Windows NT 6.1; WOW64; rv:45.0) Gecko/20100101 Firefox/45.0" 
129.174.182.47 - - [17/Apr/2016:12:07:01 -0700] "GET /bootstrap/img/favicon.ico HTTP/1.1" 200 589 "-" "Mozilla/5.0 (Windows NT 6.1; WOW64; rv:45.0) Gecko/20100101 Firefox/45.0" 
129.174.182.47 - - [17/Apr/2016:12:07:01 -0700] "GET /twitter-icon.png HTTP/1.1" 200 27787 "http://www.secrepo.com/" "Mozilla/5.0 (Windows NT 6.1; WOW64; rv:45.0) Gecko/20100101 Firefox/45.0" 
129.174.182.47 - - [17/Apr/2016:12:07:01 -0700] "GET /GitHub-Mark.png HTTP/1.1" 200 7428 "http://www.secrepo.com/" "Mozilla/5.0 (Windows NT 6.1; WOW64; rv:45.0) Gecko/20100101 Firefox/45.0" 
195.154.200.93 - - [17/Apr/2016:12:14:59 -0700] "GET /robots.txt HTTP/1.0" 200 289 "-" "Mozilla/5.0 (compatible; MJ12bot/v1.4.5; http://www.majestic12.co.uk/bot.php?+)" 
195.154.200.93 - - [17/Apr/2016:12:15:01 -0700] "GET /honeypot/BSidesDFW%20-%202014.ipynb HTTP/1.1" 200 382520 "-" "Mozilla/5.0 (compatible; MJ12bot/v1.4.5; http://www.majestic12.co.uk/bot.php?+)" 
195.154.200.93 - - [17/Apr/2016:12:15:03 -0700] "GET /robots.txt HTTP/1.1" 200 233 "-" "Mozilla/5.0 (compatible; MJ12bot/v1.4.5; http://www.majestic12.co.uk/bot.php?+)" 
195.154.200.93 - - [17/Apr/2016:12:15:05 -0700] "GET /self.logs/?C=D;O=A HTTP/1.1" 200 87362 "-" "Mozilla/5.0 (compatible; MJ12bot/v1.4.5; http://www.majestic12.co.uk/bot.php?+)" 
141.8.143.159 - - [17/Apr/2016:12:15:23 -0700] "GET /robots.txt HTTP/1.1" 200 289 "-" "Mozilla/5.0 (compatible; YandexBot/3.0; +http://yandex.com/bots)" 
141.8.143.159 - - [17/Apr/2016:12:15:27 -0700] "GET /self.logs/?C=M;O=D HTTP/1.1" 200 9810 "-" "Mozilla/5.0 (compatible; YandexBot/3.0; +http://yandex.com/bots)" 
141.8.143.159 - - [17/Apr/2016:12:17:28 -0700] "GET /self.logs/?C=S;O=D HTTP/1.1" 200 10751 "-" "Mozilla/5.0 (compatible; YandexBot/3.0; +http://yandex.com/bots)" 
146.20.68.17 - - [17/Apr/2016:12:23:06 -0700] "GET /robots.txt HTTP/1.1" 301 446 "-" "Tornado-Async-Client" 
146.20.68.17 - - [17/Apr/2016:12:23:06 -0700] "GET /robots.txt HTTP/1.1" 200 304 "-" "Tornado-Async-Client" 
146.20.68.17 - - [17/Apr/2016:12:23:06 -0700] "GET /honeypot/BSidesDFW%20-%202014.ipynb HTTP/1.1" 301 484 "-" "Tornado-Async-Client" 
146.20.68.17 - - [17/Apr/2016:12:23:06 -0700] "GET /honeypot/BSidesDFW%20-%202014.ipynb HTTP/1.1" 200 930780 "-" "Tornado-Async-Client" 
180.76.15.14 - - [17/Apr/2016:12:27:46 -0700] "GET / HTTP/1.1" 200 21900 "-" "Mozilla/5.0 (compatible; Baiduspider/2.0; +http://www.baidu.com/search/spider.html)" 
117.190.191.170 - - [17/Apr/2016:12:27:47 -0700] "GET /tg/a.zip HTTP/1.1" 304 132 "-" "Mozilla/5.0 Gecko/20100115 Firefox/3.6" 
180.76.15.19 - - [17/Apr/2016:12:28:21 -0700] "GET / HTTP/1.1" 200 28946 "-" "Mozilla/5.0 (compatible; Baiduspider/2.0; +http://www.baidu.com/search/spider.html)" 
66.249.64.250 - - [17/Apr/2016:12:34:08 -0700] "GET / HTTP/1.1" 200 8801 "-" "Mozilla/5.0 (compatible; Googlebot/2.1; +http://www.google.com/bot.html)" 
71.76.249.61 - - [17/Apr/2016:12:47:47 -0700] "GET / HTTP/1.1" 200 8801 "-" "Mozilla/5.0 (Windows NT 6.3; WOW64) AppleWebKit/537.36 (KHTML, like Gecko) Chrome/49.0.2623.110 Safari/537.36" 
71.76.249.61 - - [17/Apr/2016:12:48:15 -0700] "GET /bootstrap/img/favicon.ico HTTP/1.1" 200 590 "http://www.secrepo.com/" "Mozilla/5.0 (Windows NT 6.3; WOW64) AppleWebKit/537.36 (KHTML, like Gecko) Chrome/49.0.2623.110 Safari/537.36" 
51.255.65.23 - - [17/Apr/2016:12:50:56 -0700] "GET /self.logs/access.log.2015-05-18.gz HTTP/1.1" 200 4617 "-" "Mozilla/5.0 (compatible; AhrefsBot/5.1; +http://ahrefs.com/robot/)" 
117.177.241.60 - - [17/Apr/2016:12:51:35 -0700] "GET /tg/a.zip HTTP/1.1" 304 132 "-" "Mozilla/5.0 Gecko/20100115 Firefox/3.6" 
111.23.4.148 - - [17/Apr/2016:13:04:48 -0700] "GET /tg/a.zip HTTP/1.1" 304 132 "-" "Mozilla/5.0 Gecko/20100115 Firefox/3.6" 
164.132.161.93 - - [17/Apr/2016:13:40:30 -0700] "GET /self.logs/access.log.2015-07-01.gz HTTP/1.1" 200 5587 "-" "Mozilla/5.0 (compatible; AhrefsBot/5.1; +http://ahrefs.com/robot/)" 
164.132.161.54 - - [17/Apr/2016:13:45:56 -0700] "GET /self.logs/error.log.2015-06-29.gz HTTP/1.1" 200 935 "-" "Mozilla/5.0 (compatible; AhrefsBot/5.1; +http://ahrefs.com/robot/)" 
222.161.54.124 - - [17/Apr/2016:13:57:22 -0700] "GET /tg/a.zip HTTP/1.1" 304 169 "-" "Java/1.6.0_24" 
207.46.13.172 - - [17/Apr/2016:13:57:45 -0700] "GET /self.logs/error.log.2016-01-14.gz HTTP/1.1" 200 676 "-" "Mozilla/5.0 (compatible; bingbot/2.0; +http://www.bing.com/bingbot.htm)" 
40.77.167.25 - - [17/Apr/2016:14:00:16 -0700] "GET /self.logs/access.log.2016-03-02.gz HTTP/1.1" 200 8485 "-" "Mozilla/5.0 (compatible; bingbot/2.0; +http://www.bing.com/bingbot.htm)" 
111.7.128.40 - - [17/Apr/2016:14:16:27 -0700] "GET /tg/a.zip HTTP/1.1" 304 132 "-" "Mozilla/5.0 Gecko/20100115 Firefox/3.6" 
111.23.10.33 - - [17/Apr/2016:14:18:32 -0700] "GET /tg/a.zip HTTP/1.1" 304 132 "-" "Mozilla/5.0 Gecko/20100115 Firefox/3.6" 
66.249.64.245 - - [17/Apr/2016:14:21:17 -0700] "GET / HTTP/1.1" 200 8801 "-" "Mozilla/5.0 (compatible; Googlebot/2.1; +http://www.google.com/bot.html)" 
211.137.56.172 - - [17/Apr/2016:14:21:42 -0700] "GET /tg/a.zip HTTP/1.1" 304 132 "-" "Mozilla/5.0 Gecko/20100115 Firefox/3.6" 
40.77.167.56 - - [17/Apr/2016:14:28:55 -0700] "GET /honeypot/Honeypot%20-%20Howto%20-%20BSides%20Austin.pdf HTTP/1.1" 200 2928460 "-" "Mozilla/5.0 (iPhone; CPU iPhone OS 7_0 like Mac OS X) AppleWebKit/537.51.1 (KHTML, like Gecko) Version/7.0 Mobile/11A465 Safari/9537.53 (compatible; bingbot/2.0; +http://www.bing.com/bingbot.htm)" 
141.8.143.219 - - [17/Apr/2016:14:54:07 -0700] "GET /self.logs/ HTTP/1.1" 200 9569 "-" "Mozilla/5.0 (compatible; YandexBot/3.0; +http://yandex.com/bots)" 
