77.37.222.199 - - [20/Sep/2016:13:36:45 -0700] "GET /honeypot/Honeypot%20-%20Howto%20-%20BSides%20Austin.pdf HTTP/1.1" 200 115320 "http://yandex.ru/clck/jsredir?from=yandex.ru%3Bsearch%3Bweb%3B%3B&text=&etext=1184.KW48pOPW2U1w4h4DhUgwzl2otIPbyzpEAarlZ3Uxp6FX9-vFZqb55QBDJiedAW0u.523271c2dc721c65feae73525f0cb7157c4e98a0&uuid=&state=_BLhILn4SxNIvvL0W45KSic66uCIg23qh8iRG98qeIXmeppkgUc0YD4hgzqAYr5iuWBiLZQy-rY&data=UlNrNmk5WktYejR0eWJFYk1LdmtxdFVvX2JPZzkyaEU2WFNsdVNGUmVZbHU3ZjQwYnJsWFQ4SC1qOC1WSk9yZmJ4bUd1UXFUUkg4TEZjWmVfMTJOSG9LUDBTVDdtU2FFc0FvVkJpMVRqeUNoYnhuOFRTSDIyNFUtY3l0UllVcDhscmhxakRQNHZkV0JKdXlyMktnQUd4RlBUZmcwMVQweS1WOWhQWkJzbUZEX2hqdF91VTNRdmdNQ1ZoZTg1eDln&b64e=2&sign=216f95842ab3db485ad12579c0381c2f&keyno=0&cst=AiuY0DBWFJ7IXge4WdYJQXbYQp9t5VF6FtG_9EgQXmrbtToAr0NBQtYrXUnutMslegUMh5g9t37XiOYAnaKUXg3nVdUc54-s5TqZrwY5mf0MG1NX9z9y-3fEXz0wypOia6i13hfrraecsgrH2qACyw&ref=orjY4mGPRjk5boDnW0uvlrrd71vZw9kp5uQozpMtKCUano4BEc9IEVj06b3A9wyM8cwVAQ63lIPyfPzHEws8_JTkOmmcaUjQ911_tbTrVayDow0HxE7zxw&l10n=ru&cts=1474401759554&mc=4.80345253993" "Mozilla/4.0 (compatible; MSIE 8.0; Windows NT 5.1; Trident/4.0; .NET CLR 1.1.4322; .NET CLR 2.0.50727; .NET CLR 3.0.4506.2152; .NET CLR 3.5.30729; .NET4.0C; .NET4.0E)" 
66.249.93.10 - - [20/Sep/2016:13:45:15 -0700] "GET / HTTP/1.1" 200 10046 "-" "Mozilla/5.0 (X11; Linux x86_64) AppleWebKit/537.36 (KHTML, like Gecko) Chrome/49.0.2623.75 Safari/537.36 Google Favicon" 
66.249.93.12 - - [20/Sep/2016:13:45:15 -0700] "GET /bootstrap/img/favicon.ico HTTP/1.1" 200 590 "-" "Mozilla/5.0 (X11; Linux x86_64) AppleWebKit/537.36 (KHTML, like Gecko) Chrome/49.0.2623.75 Safari/537.36 Google Favicon" 
64.102.249.14 - - [20/Sep/2016:13:57:34 -0700] "GET / HTTP/1.1" 200 10046 "https://www.google.com/" "Mozilla/5.0 (Macintosh; Intel Mac OS X 10_11_6) AppleWebKit/601.7.7 (KHTML, like Gecko) Version/9.1.2 Safari/601.7.7" 
64.102.249.14 - - [20/Sep/2016:13:57:35 -0700] "GET /twitter-icon.png HTTP/1.1" 200 27787 "http://www.secrepo.com/" "Mozilla/5.0 (Macintosh; Intel Mac OS X 10_11_6) AppleWebKit/601.7.7 (KHTML, like Gecko) Version/9.1.2 Safari/601.7.7" 
64.102.249.14 - - [20/Sep/2016:13:57:35 -0700] "GET /GitHub-Mark.png HTTP/1.1" 200 7428 "http://www.secrepo.com/" "Mozilla/5.0 (Macintosh; Intel Mac OS X 10_11_6) AppleWebKit/601.7.7 (KHTML, like Gecko) Version/9.1.2 Safari/601.7.7" 
64.102.249.14 - - [20/Sep/2016:13:57:35 -0700] "GET /bootstrap/img/favicon.ico HTTP/1.1" 200 589 "http://www.secrepo.com/" "Mozilla/5.0 (Macintosh; Intel Mac OS X 10_11_6) AppleWebKit/601.7.7 (KHTML, like Gecko) Version/9.1.2 Safari/601.7.7" 
68.180.230.152 - - [20/Sep/2016:14:03:07 -0700] "GET /robots.txt HTTP/1.1" 200 233 "-" "Mozilla/5.0 (compatible; Yahoo! Slurp; http://help.yahoo.com/help/us/ysearch/slurp)" 
68.180.230.152 - - [20/Sep/2016:14:03:08 -0700] "GET /self.logs/error.log.2016-08-26.gz HTTP/1.1" 200 804 "-" "Mozilla/5.0 (compatible; Yahoo! Slurp; http://help.yahoo.com/help/us/ysearch/slurp)" 
68.180.230.152 - - [20/Sep/2016:14:09:42 -0700] "GET /self.logs/access.log.2016-09-12.gz HTTP/1.1" 200 12294 "-" "Mozilla/5.0 (compatible; Yahoo! Slurp; http://help.yahoo.com/help/us/ysearch/slurp)" 
68.180.230.152 - - [20/Sep/2016:14:14:47 -0700] "GET /self.logs/access.log.2015-03-03.gz HTTP/1.1" 200 2814 "-" "Mozilla/5.0 (compatible; Yahoo! Slurp; http://help.yahoo.com/help/us/ysearch/slurp)" 
68.180.230.152 - - [20/Sep/2016:14:17:34 -0700] "GET /self.logs/error.log.2016-09-05.gz HTTP/1.1" 200 725 "-" "Mozilla/5.0 (compatible; Yahoo! Slurp; http://help.yahoo.com/help/us/ysearch/slurp)" 
172.98.78.34 - - [20/Sep/2016:14:17:38 -0700] "GET / HTTP/1.1" 200 10046 "https://www.google.com/" "Mozilla/5.0 (Macintosh; Intel Mac OS X 10_10_3) AppleWebKit/600.5.17 (KHTML, like Gecko) Version/8.0.5 Safari/600.5.17" 
172.98.78.34 - - [20/Sep/2016:14:17:38 -0700] "GET /twitter-icon.png HTTP/1.1" 200 27787 "http://www.secrepo.com/" "Mozilla/5.0 (Macintosh; Intel Mac OS X 10_10_3) AppleWebKit/600.5.17 (KHTML, like Gecko) Version/8.0.5 Safari/600.5.17" 
172.98.78.34 - - [20/Sep/2016:14:17:38 -0700] "GET /GitHub-Mark.png HTTP/1.1" 200 7428 "http://www.secrepo.com/" "Mozilla/5.0 (Macintosh; Intel Mac OS X 10_10_3) AppleWebKit/600.5.17 (KHTML, like Gecko) Version/8.0.5 Safari/600.5.17" 
172.98.78.34 - - [20/Sep/2016:14:17:38 -0700] "GET /bootstrap/img/favicon.ico HTTP/1.1" 200 589 "-" "Mozilla/5.0 (Macintosh; Intel Mac OS X 10_10_3) AppleWebKit/600.5.17 (KHTML, like Gecko) Version/8.0.5 Safari/600.5.17" 
172.98.78.34 - - [20/Sep/2016:14:18:10 -0700] "GET /misc/zeus_dga_domains.txt.zip HTTP/1.1" 200 594360 "http://www.secrepo.com/" "Mozilla/5.0 (Macintosh; Intel Mac OS X 10_10_3) AppleWebKit/600.5.17 (KHTML, like Gecko) Version/8.0.5 Safari/600.5.17" 
164.132.161.15 - - [20/Sep/2016:14:27:29 -0700] "GET /self.logs/access.log.2016-05-28.gz HTTP/1.1" 200 7485 "-" "Mozilla/5.0 (compatible; AhrefsBot/5.1; +http://ahrefs.com/robot/)" 
66.249.64.123 - - [20/Sep/2016:14:30:56 -0700] "GET / HTTP/1.1" 200 10046 "-" "Mozilla/5.0 (compatible; Googlebot/2.1; +http://www.google.com/bot.html)" 
163.172.65.60 - - [20/Sep/2016:14:39:14 -0700] "GET /self.logs/access.log.2015-11-22.gz HTTP/1.1" 200 8549 "-" "Mozilla/5.0 (compatible; AhrefsBot/5.1; +http://ahrefs.com/robot/)" 
68.180.230.152 - - [20/Sep/2016:14:41:34 -0700] "GET /self.logs/error.log.2015-06-17.gz HTTP/1.1" 200 1096 "-" "Mozilla/5.0 (compatible; Yahoo! Slurp; http://help.yahoo.com/help/us/ysearch/slurp)" 
68.180.230.152 - - [20/Sep/2016:14:51:46 -0700] "GET /self.logs/error.log.2015-04-17.gz HTTP/1.1" 200 897 "-" "Mozilla/5.0 (compatible; Yahoo! Slurp; http://help.yahoo.com/help/us/ysearch/slurp)" 
77.75.77.54 - - [20/Sep/2016:14:51:48 -0700] "GET /robots.txt HTTP/1.1" 200 334 "-" "Mozilla/5.0 (compatible; SeznamBot/3.2; +http://napoveda.seznam.cz/en/seznambot-intro/)" 
77.75.77.54 - - [20/Sep/2016:14:51:50 -0700] "GET /maccdc2012/ssh.log.gz HTTP/1.1" 200 182517 "-" "Mozilla/5.0 (compatible; SeznamBot/3.2; +http://napoveda.seznam.cz/en/seznambot-intro/)" 
216.244.66.240 - - [20/Sep/2016:14:51:55 -0700] "GET /robots.txt HTTP/1.1" 200 233 "-" "Mozilla/5.0 (compatible; DotBot/1.1; http://www.opensiteexplorer.org/dotbot, help@moz.com)" 
216.244.66.240 - - [20/Sep/2016:14:54:11 -0700] "GET /robots.txt HTTP/1.1" 200 233 "-" "Mozilla/5.0 (compatible; DotBot/1.1; http://www.opensiteexplorer.org/dotbot, help@moz.com)" 
207.46.13.105 - - [20/Sep/2016:15:00:45 -0700] "GET /robots.txt HTTP/1.1" 301 518 "-" "Mozilla/5.0 (compatible; bingbot/2.0; +http://www.bing.com/bingbot.htm)" 
207.46.13.105 - - [20/Sep/2016:15:00:45 -0700] "GET /robots.txt HTTP/1.1" 200 288 "-" "Mozilla/5.0 (compatible; bingbot/2.0; +http://www.bing.com/bingbot.htm)" 
207.46.13.105 - - [20/Sep/2016:15:00:50 -0700] "GET / HTTP/1.1" 301 483 "-" "Mozilla/5.0 (compatible; bingbot/2.0; +http://www.bing.com/bingbot.htm)" 
68.180.230.152 - - [20/Sep/2016:15:00:54 -0700] "GET /self.logs/error.log.2016-04-29.gz HTTP/1.1" 200 675 "-" "Mozilla/5.0 (compatible; Yahoo! Slurp; http://help.yahoo.com/help/us/ysearch/slurp)" 
123.125.71.38 - - [20/Sep/2016:15:01:37 -0700] "GET /robots.txt HTTP/1.1" 200 297 "-" "Mozilla/5.0 (compatible; Baiduspider/2.0; +http://www.baidu.com/search/spider.html)" 
207.46.13.105 - - [20/Sep/2016:15:04:10 -0700] "GET / HTTP/1.1" 200 10046 "-" "Mozilla/5.0 (compatible; bingbot/2.0; +http://www.bing.com/bingbot.htm)" 
220.181.108.80 - - [20/Sep/2016:15:03:33 -0700] "GET /Security-Data-Analysis/Lab_1/conn.log.zip HTTP/1.1" 200 10289223 "-" "Mozilla/5.0 (compatible; Baiduspider/2.0; +http://www.baidu.com/search/spider.html)" 
123.125.71.97 - - [20/Sep/2016:15:06:43 -0700] "GET /Security-Data-Analysis/Lab_1/conn.log.zip HTTP/1.1" 200 13354620 "-" "Mozilla/5.0 (compatible; Baiduspider/2.0; +http://www.baidu.com/search/spider.html)" 
66.249.64.127 - - [20/Sep/2016:15:36:56 -0700] "GET / HTTP/1.1" 200 10046 "-" "SAMSUNG-SGH-E250/1.0 Profile/MIDP-2.0 Configuration/CLDC-1.1 UP.Browser/6.2.3.3.c.1.101 (GUI) MMP/2.0 (compatible; Googlebot-Mobile/2.1; +http://www.google.com/bot.html)" 
68.180.230.152 - - [20/Sep/2016:15:40:21 -0700] "GET /self.logs/access.log.2015-05-20.gz HTTP/1.1" 200 4845 "-" "Mozilla/5.0 (compatible; Yahoo! Slurp; http://help.yahoo.com/help/us/ysearch/slurp)" 
66.68.42.11 - - [20/Sep/2016:15:55:00 -0700] "GET / HTTP/1.1" 200 10046 "-" "Mozilla/5.0 (Macintosh; Intel Mac OS X 10_10_5) AppleWebKit/601.7.7 (KHTML, like Gecko) Version/9.1.2 Safari/601.7.7" 
66.68.42.11 - - [20/Sep/2016:15:55:00 -0700] "GET /twitter-icon.png HTTP/1.1" 200 27787 "http://www.secrepo.com/" "Mozilla/5.0 (Macintosh; Intel Mac OS X 10_10_5) AppleWebKit/601.7.7 (KHTML, like Gecko) Version/9.1.2 Safari/601.7.7" 
66.68.42.11 - - [20/Sep/2016:15:55:00 -0700] "GET /GitHub-Mark.png HTTP/1.1" 200 7428 "http://www.secrepo.com/" "Mozilla/5.0 (Macintosh; Intel Mac OS X 10_10_5) AppleWebKit/601.7.7 (KHTML, like Gecko) Version/9.1.2 Safari/601.7.7" 
66.68.42.11 - - [20/Sep/2016:15:55:04 -0700] "GET /bootstrap/img/favicon.ico HTTP/1.1" 200 590 "http://www.secrepo.com/" "Mozilla/5.0 (Macintosh; Intel Mac OS X 10_10_5) AppleWebKit/601.7.7 (KHTML, like Gecko) Version/9.1.2 Safari/601.7.7" 
68.180.230.152 - - [20/Sep/2016:16:05:20 -0700] "GET /self.logs/error.log.2016-01-30.gz HTTP/1.1" 200 652 "-" "Mozilla/5.0 (compatible; Yahoo! Slurp; http://help.yahoo.com/help/us/ysearch/slurp)" 
117.190.191.170 - - [20/Sep/2016:16:06:32 -0700] "GET /tg/a.zip HTTP/1.1" 304 132 "-" "Mozilla/5.0 Gecko/20100115 Firefox/3.6" 
216.244.66.240 - - [20/Sep/2016:16:09:14 -0700] "GET / HTTP/1.1" 200 33449 "-" "Mozilla/5.0 (compatible; DotBot/1.1; http://www.opensiteexplorer.org/dotbot, help@moz.com)" 
216.244.66.240 - - [20/Sep/2016:16:09:21 -0700] "GET / HTTP/1.1" 200 33449 "-" "Mozilla/5.0 (compatible; DotBot/1.1; http://www.opensiteexplorer.org/dotbot, help@moz.com)" 
68.180.230.152 - - [20/Sep/2016:16:12:50 -0700] "GET /self.logs/access.log.2016-02-06.gz HTTP/1.1" 200 5718 "-" "Mozilla/5.0 (compatible; Yahoo! Slurp; http://help.yahoo.com/help/us/ysearch/slurp)" 
111.7.128.40 - - [20/Sep/2016:16:23:27 -0700] "GET /tg/a.zip HTTP/1.1" 304 132 "-" "Mozilla/5.0 Gecko/20100115 Firefox/3.6" 
68.180.230.152 - - [20/Sep/2016:16:25:13 -0700] "GET /self.logs/access.log.2015-10-19.gz HTTP/1.1" 200 14318 "-" "Mozilla/5.0 (compatible; Yahoo! Slurp; http://help.yahoo.com/help/us/ysearch/slurp)" 
180.76.15.19 - - [20/Sep/2016:16:27:23 -0700] "GET / HTTP/1.1" 200 21900 "-" "Mozilla/5.0 (compatible; Baiduspider/2.0; +http://www.baidu.com/search/spider.html)" 
180.76.15.155 - - [20/Sep/2016:16:27:57 -0700] "GET / HTTP/1.1" 200 21900 "-" "Mozilla/5.0 (compatible; Baiduspider/2.0; +http://www.baidu.com/search/spider.html)" 
51.255.65.31 - - [20/Sep/2016:16:54:46 -0700] "GET /self.logs/?C=N;O=D HTTP/1.1" 200 12597 "-" "Mozilla/5.0 (compatible; AhrefsBot/5.1; +http://ahrefs.com/robot/)" 
54.224.128.247 - - [20/Sep/2016:17:02:05 -0700] "GET / HTTP/1.1" 301 483 "https://t.co/pArNAxyuQQ" "Mozilla/5.0 (Macintosh; Intel Mac OS X 10_10; rv:33.0) Gecko/20100101 Firefox/33.0" 
54.224.128.247 - - [20/Sep/2016:17:02:06 -0700] "GET / HTTP/1.1" 200 10046 "http://secrepo.com" "Mozilla/5.0 (Macintosh; Intel Mac OS X 10_10; rv:33.0) Gecko/20100101 Firefox/33.0" 
68.180.230.152 - - [20/Sep/2016:17:16:59 -0700] "GET /self.logs/error.log.2016-09-12.gz HTTP/1.1" 200 881 "-" "Mozilla/5.0 (compatible; Yahoo! Slurp; http://help.yahoo.com/help/us/ysearch/slurp)" 
207.242.96.61 - - [20/Sep/2016:17:21:17 -0700] "GET / HTTP/1.1" 200 10046 "http://www.mlsecproject.org/" "Mozilla/5.0 (Macintosh; Intel Mac OS X 10_11_6) AppleWebKit/537.36 (KHTML, like Gecko) Chrome/52.0.2743.116 Safari/537.36" 
207.242.96.61 - - [20/Sep/2016:17:21:17 -0700] "GET /twitter-icon.png HTTP/1.1" 200 27787 "http://www.secrepo.com/" "Mozilla/5.0 (Macintosh; Intel Mac OS X 10_11_6) AppleWebKit/537.36 (KHTML, like Gecko) Chrome/52.0.2743.116 Safari/537.36" 
207.242.96.61 - - [20/Sep/2016:17:21:17 -0700] "GET /GitHub-Mark.png HTTP/1.1" 200 7428 "http://www.secrepo.com/" "Mozilla/5.0 (Macintosh; Intel Mac OS X 10_11_6) AppleWebKit/537.36 (KHTML, like Gecko) Chrome/52.0.2743.116 Safari/537.36" 
207.242.96.61 - - [20/Sep/2016:17:21:17 -0700] "GET /bootstrap/img/favicon.ico HTTP/1.1" 200 589 "http://www.secrepo.com/" "Mozilla/5.0 (Macintosh; Intel Mac OS X 10_11_6) AppleWebKit/537.36 (KHTML, like Gecko) Chrome/52.0.2743.116 Safari/537.36" 
66.249.64.123 - - [20/Sep/2016:17:55:23 -0700] "GET / HTTP/1.1" 200 10046 "-" "Mozilla/5.0 (Linux; Android 6.0.1; Nexus 5X Build/MMB29P) AppleWebKit/537.36 (KHTML, like Gecko) Chrome/41.0.2272.96 Mobile Safari/537.36 (compatible; Googlebot/2.1; +http://www.google.com/bot.html)" 
51.254.141.216 - - [20/Sep/2016:18:02:13 -0700] "GET /robots.txt HTTP/1.0" 200 252 "-" "Mozilla/5.0 (compatible; MJ12bot/v1.4.5; http://www.majestic12.co.uk/bot.php?+)" 
51.254.141.216 - - [20/Sep/2016:18:02:15 -0700] "GET /self.logs/error.log.2016-01-22 HTTP/1.0" 200 252 "-" "Mozilla/5.0 (compatible; MJ12bot/v1.4.5; http://www.majestic12.co.uk/bot.php?+)" 
68.180.230.152 - - [20/Sep/2016:18:13:44 -0700] "GET /robots.txt HTTP/1.1" 200 233 "-" "Mozilla/5.0 (compatible; Yahoo! Slurp; http://help.yahoo.com/help/us/ysearch/slurp)" 
68.180.230.152 - - [20/Sep/2016:18:13:44 -0700] "GET /self.logs/access.log.2016-05-07.gz HTTP/1.1" 200 8215 "-" "Mozilla/5.0 (compatible; Yahoo! Slurp; http://help.yahoo.com/help/us/ysearch/slurp)" 
68.180.230.152 - - [20/Sep/2016:18:14:47 -0700] "GET /self.logs/access.log.2016-02-23.gz HTTP/1.1" 200 10157 "-" "Mozilla/5.0 (compatible; Yahoo! Slurp; http://help.yahoo.com/help/us/ysearch/slurp)" 
68.180.230.152 - - [20/Sep/2016:18:14:51 -0700] "GET /self.logs/access.log.2016-01-12.gz HTTP/1.1" 200 7428 "-" "Mozilla/5.0 (compatible; Yahoo! Slurp; http://help.yahoo.com/help/us/ysearch/slurp)" 
58.165.48.223 - - [20/Sep/2016:18:25:28 -0700] "GET /bootstrap/img/favicon.ico HTTP/1.1" 304 165 "-" "Mozilla/5.0 (X11; Ubuntu; Linux x86_64; rv:48.0) Gecko/20100101 Firefox/48.0" 
23.239.81.158 - - [20/Sep/2016:18:29:24 -0700] "GET / HTTP/1.1" 200 9990 "-" "Mozilla/5.0 (Windows; U; Windows NT 5.1; en-US; rv:1.7.6) Gecko/20050317 Firefox/1.0.2" 
68.180.230.152 - - [20/Sep/2016:18:30:49 -0700] "GET /self.logs/access.log.2015-10-25.gz HTTP/1.1" 200 4404 "-" "Mozilla/5.0 (compatible; Yahoo! Slurp; http://help.yahoo.com/help/us/ysearch/slurp)" 
68.180.230.152 - - [20/Sep/2016:18:39:27 -0700] "GET /self.logs/error.log.2016-01-16.gz HTTP/1.1" 200 668 "-" "Mozilla/5.0 (compatible; Yahoo! Slurp; http://help.yahoo.com/help/us/ysearch/slurp)" 
163.172.65.226 - - [20/Sep/2016:18:44:35 -0700] "GET /self.logs/access.log.2016-05-27.gz HTTP/1.1" 200 10648 "-" "Mozilla/5.0 (compatible; AhrefsBot/5.1; +http://ahrefs.com/robot/)" 
193.201.224.177 - - [20/Sep/2016:18:45:51 -0700] "GET / HTTP/1.1" 200 10046 "-" "Mozilla/5.0 (Windows NT 6.1; Trident/7.0; rv:11.0) like Gecko" 
216.244.66.240 - - [20/Sep/2016:18:55:49 -0700] "GET /robots.txt HTTP/1.1" 200 233 "-" "Mozilla/5.0 (compatible; DotBot/1.1; http://www.opensiteexplorer.org/dotbot, help@moz.com)" 
117.190.191.170 - - [20/Sep/2016:19:06:34 -0700] "GET /tg/a.zip HTTP/1.1" 304 132 "-" "Mozilla/5.0 Gecko/20100115 Firefox/3.6" 
68.180.230.152 - - [20/Sep/2016:19:07:05 -0700] "GET /self.logs/access.log.2015-12-31.gz HTTP/1.1" 200 6738 "-" "Mozilla/5.0 (compatible; Yahoo! Slurp; http://help.yahoo.com/help/us/ysearch/slurp)" 
216.244.66.240 - - [20/Sep/2016:19:13:13 -0700] "GET /robots.txt HTTP/1.1" 200 233 "-" "Mozilla/5.0 (compatible; DotBot/1.1; http://www.opensiteexplorer.org/dotbot, help@moz.com)" 
111.7.128.40 - - [20/Sep/2016:19:23:27 -0700] "GET /tg/a.zip HTTP/1.1" 304 132 "-" "Mozilla/5.0 Gecko/20100115 Firefox/3.6" 
164.132.161.22 - - [20/Sep/2016:19:30:01 -0700] "GET /self.logs/access.log.2015-08-15.gz HTTP/1.1" 200 4193 "-" "Mozilla/5.0 (compatible; AhrefsBot/5.1; +http://ahrefs.com/robot/)" 
66.249.64.127 - - [20/Sep/2016:19:55:21 -0700] "GET / HTTP/1.1" 200 10046 "-" "Mozilla/5.0 (compatible; Googlebot/2.1; +http://www.google.com/bot.html)" 
68.180.230.152 - - [20/Sep/2016:19:58:06 -0700] "GET /self.logs/access.log.2016-05-04.gz HTTP/1.1" 200 17005 "-" "Mozilla/5.0 (compatible; Yahoo! Slurp; http://help.yahoo.com/help/us/ysearch/slurp)" 
37.110.109.243 - - [20/Sep/2016:19:58:20 -0700] "GET /honeypot/BSidesDFW%20-%202014.ipynb HTTP/1.1" 200 930799 "http://yandex.ru/clck/jsredir?from=yandex.ru%3Bsearch%3Bweb%3B%3B&text=&etext=1184.RxwAp4pcscNo5xk5f50qHRgW8j1_8uX8qBfVP8Fsr6UcBVZGaVsboz2Z1x3GSHW4.97a930b5773f83f66630e31997b72ad481302ee7&uuid=&state=_BLhILn4SxNIvvL0W45KSic66uCIg23qh8iRG98qeIXmeppkgUc0YCYBcIrWNUha-mUlBiA3OhY&data=UlNrNmk5WktYejR0eWJFYk1LdmtxdFVvX2JPZzkyaEU2WFNsdVNGUmVZbHU3ZjQwYnJsWFQzaTk3eklSTnotZ1h4SW1DUmpSY1JVWlAxT212aTdGbmljek9uMzIxTElNRnUyZGR2aTVBa0lLY1lzc3J3Wkgwb2o3Rk5fMXpDYXdOcDBJLXpQSkZRWUhJdUZpUGF3N1kyeDhlVnpxa0VORg&b64e=2&sign=077655e0ff10e2623feff26510dc4ab4&keyno=0&cst=AiuY0DBWFJ7IXge4WdYJQYP93XfrtkbaLreLUbXz9g0Ictfwps80CGfObgFdhFcMfG21wzYGBh9hog5Eyde2acy2fltU1hS__SyPE3H8I05GQZ9wPMmfhmeaXVBlI8QuWIz7J1EaktoDJLnR32vMbYOZgLYKC8ko&ref=orjY4mGPRjk5boDnW0uvlrrd71vZw9kp5uQozpMtKCX5No9jVno6gze5XYsxWtwE__JzY8cyzsmuA1--yR9cj9abd18VsHG_39uik9lBq-fWXatVLf4lnA&l10n=ru&cts=1474425997096&mc=2.41305192092" "Mozilla/5.0 (Windows NT 6.1) AppleWebKit/537.36 (KHTML, like Gecko) Chrome/28.0.1500.95 YaBrowser/13.10.1500.9323 Safari/537.36" 
95.221.230.49 - - [20/Sep/2016:19:58:22 -0700] "GET /honeypot/Honeypot%20-%20Howto%20-%20BSides%20Austin.pdf HTTP/1.1" 200 2928423 "http://yandex.ru/clck/jsredir?from=yandex.ru%3Bsearch%3Bweb%3B%3B&text=&etext=1184.zFUsKScQf4ULFFtkF3pollAk7qF6s0he653pCiTBNMyLhZjF7qx-dpZvPGPhayXe.7722821dcd4c95afebeb3014a7b24751e4ba32ad&uuid=&state=_BLhILn4SxNIvvL0W45KSic66uCIg23qh8iRG98qeIXmeppkgUc0YFUVNhHyyhJgRFg5yeLMIWU&data=UlNrNmk5WktYejR0eWJFYk1LdmtxdFVvX2JPZzkyaEU2WFNsdVNGUmVZbHU3ZjQwYnJsWFQ4SC1qOC1WSk9yZmJ4bUd1UXFUUkg4TEZjWmVfMTJOSG9LUDBTVDdtU2FFc0FvVkJpMVRqeUNoYnhuOFRTSDIyNFUtY3l0UllVcDhscmhxakRQNHZkWFIzenVhLWVSVzBwUUFwSlBqTVcwSGZaZHROV3cxQ2xnTkdpWU1MZmZDRml2aWJTb3VNOHho&b64e=2&sign=8005aeeaac25fd1534c27961c64b7704&keyno=0&cst=AiuY0DBWFJ7IXge4WdYJQULnoVAFacUfrmFhnzL82usIZ_q9DTWDjV0GyKvbUSVLwFoERpE-AeCqDJxjxGApsTIRwNECPPFyJD3mesQIUL46Jfw4V62w63U1WsnyaEI85hAvRUGeKG6LVBSXcNc2KYck7LI8kdjP&ref=orjY4mGPRjk5boDnW0uvlrrd71vZw9kp5uQozpMtKCVLVIUOk4qiEEHzjET0QIzpdBTKKzSq9kD7LodOqZ7C9fyZ0fY16y-faAplXI9a5v16QaOJVSKWZg&l10n=ru&cts=1474425997096&mc=2.07860739407" "Mozilla/5.0 (compatible; MSIE 10.0; Windows NT 6.1; WOW64; Trident/7.0)" 
68.180.230.152 - - [20/Sep/2016:20:00:07 -0700] "GET /self.logs/error.log.2015-07-15.gz HTTP/1.1" 200 727 "-" "Mozilla/5.0 (compatible; Yahoo! Slurp; http://help.yahoo.com/help/us/ysearch/slurp)" 
216.244.66.240 - - [20/Sep/2016:20:14:18 -0700] "GET /self.logs/?C=S;O=A HTTP/1.1" 200 117315 "-" "Mozilla/5.0 (compatible; DotBot/1.1; http://www.opensiteexplorer.org/dotbot, help@moz.com)" 
216.244.66.240 - - [20/Sep/2016:20:14:19 -0700] "GET /self.logs/?C=S;O=A HTTP/1.1" 200 117315 "-" "Mozilla/5.0 (compatible; DotBot/1.1; http://www.opensiteexplorer.org/dotbot, help@moz.com)" 
172.99.78.104 - - [20/Sep/2016:20:16:12 -0700] "GET /robots.txt HTTP/1.1" 301 446 "-" "Tornado-Async-Client" 
172.99.78.104 - - [20/Sep/2016:20:16:12 -0700] "GET /robots.txt HTTP/1.1" 200 304 "-" "Tornado-Async-Client" 
172.99.78.104 - - [20/Sep/2016:20:16:12 -0700] "GET /honeypot/BSidesDFW%20-%202014.ipynb HTTP/1.1" 301 484 "-" "Tornado-Async-Client" 
172.99.78.104 - - [20/Sep/2016:20:16:12 -0700] "GET /honeypot/BSidesDFW%20-%202014.ipynb HTTP/1.1" 200 930780 "-" "Tornado-Async-Client" 
74.83.50.121 - - [20/Sep/2016:20:48:25 -0700] "GET / HTTP/1.1" 301 483 "-" "Mozilla/5.0 (Windows NT 6.3; WOW64; rv:48.0) Gecko/20100101 Firefox/48.0" 
74.83.50.121 - - [20/Sep/2016:20:48:25 -0700] "GET / HTTP/1.1" 200 10046 "-" "Mozilla/5.0 (Windows NT 6.3; WOW64; rv:48.0) Gecko/20100101 Firefox/48.0" 
74.83.50.121 - - [20/Sep/2016:20:48:25 -0700] "GET /bootstrap/img/favicon.ico HTTP/1.1" 200 589 "-" "Mozilla/5.0 (Windows NT 6.3; WOW64; rv:48.0) Gecko/20100101 Firefox/48.0" 
74.83.50.121 - - [20/Sep/2016:20:48:25 -0700] "GET /GitHub-Mark.png HTTP/1.1" 200 7428 "http://www.secrepo.com/" "Mozilla/5.0 (Windows NT 6.3; WOW64; rv:48.0) Gecko/20100101 Firefox/48.0" 
74.83.50.121 - - [20/Sep/2016:20:48:25 -0700] "GET /twitter-icon.png HTTP/1.1" 200 27787 "http://www.secrepo.com/" "Mozilla/5.0 (Windows NT 6.3; WOW64; rv:48.0) Gecko/20100101 Firefox/48.0" 
109.63.243.170 - - [20/Sep/2016:20:58:49 -0700] "GET /zeus/zeus_json.zip HTTP/1.1" 404 303 "http://yandex.ru/clck/jsredir?from=yandex.ru%3Bsearch%3Bweb%3B%3B&text=&etext=1184.bf1gGmlIaIFa80Ko8bmOT4ttC09a5T40wB4D3CKbC7fu-dBEBT574F9FQxCTe10e.830f04346385e5bc58308a83725762e3141642c8&uuid=&state=_BLhILn4SxNIvvL0W45KSic66uCIg23qh8iRG98qeIXmeppkgUc0YGv9iZwKiy-E54GYiollMFA&data=UlNrNmk5WktYejR0eWJFYk1LdmtxdFVvX2JPZzkyaEU2WFNsdVNGUmVZbXpKbEI2YlB6VnVsV0ItaFZrdm01U1BsdnNMcGtDSG5lQUtJbVpNV3M1ZFRHWjFyWUR0VlJIZWU3M1dNbTl4LUQyNHhIQ0lZMjZKQnVxRWRWcERaTS0&b64e=2&sign=b73c5ba99c5e121827f36a1f000d8eb6&keyno=0&cst=AiuY0DBWFJ7IXge4WdYJQYpgPUyh7uQliiYI9YAEn6ygwAvb5XJnFoPdNGQJv3URmUoqq1BacoR5XPEWcXt48WkzKlVD8QFlKeI_CHa96VP6RTDxm5EkmTrwKFquX6cYieSLbY-E0YjrzSeS-v3h8AySTa9Nhekj&ref=orjY4mGPRjk5boDnW0uvlrrd71vZw9kp5uQozpMtKCUano4BEc9IEdeo98i51qFtHaav-wDmdB25fmZgRAlj-vc-objiuI3igCZRgTdZ0yzE7PK_TRVPRQ&l10n=ru&cts=1474429805570&mc=5.52568096079" "Mozilla/5.0 (compatible; MSIE 10.0; Windows NT 6.1; WOW64; Trident/7.0)" 
66.249.64.64 - - [20/Sep/2016:21:26:18 -0700] "GET /robots.txt HTTP/1.1" 200 334 "-" "Mozilla/5.0 (compatible; Googlebot/2.1; +http://www.google.com/bot.html)" 
66.249.64.123 - - [20/Sep/2016:21:26:18 -0700] "GET / HTTP/1.1" 200 10046 "-" "Mozilla/5.0 (compatible; Googlebot/2.1; +http://www.google.com/bot.html)" 
123.125.71.15 - - [20/Sep/2016:21:46:30 -0700] "GET /robots.txt HTTP/1.1" 200 297 "-" "Mozilla/5.0 (compatible; Baiduspider/2.0; +http://www.baidu.com/search/spider.html)" 
123.125.71.30 - - [20/Sep/2016:21:46:33 -0700] "GET /domaindata/domainmovement.zip HTTP/1.1" 200 7437688 "-" "Mozilla/5.0 (compatible; Baiduspider/2.0; +http://www.baidu.com/search/spider.html)" 
68.180.230.152 - - [20/Sep/2016:22:03:10 -0700] "GET /self.logs/error.log.2015-09-25.gz HTTP/1.1" 200 742 "-" "Mozilla/5.0 (compatible; Yahoo! Slurp; http://help.yahoo.com/help/us/ysearch/slurp)" 
117.190.191.170 - - [20/Sep/2016:22:06:35 -0700] "GET /tg/a.zip HTTP/1.1" 304 132 "-" "Mozilla/5.0 Gecko/20100115 Firefox/3.6" 
176.41.48.15 - - [20/Sep/2016:22:15:35 -0700] "GET / HTTP/1.1" 200 10046 "-" "Mozilla/5.0 (Macintosh; Intel Mac OS X 10_12) AppleWebKit/602.1.50 (KHTML, like Gecko)" 
176.41.48.15 - - [20/Sep/2016:22:15:35 -0700] "GET /apple-touch-icon-precomposed.png HTTP/1.1" 404 340 "-" "Safari/12602.1.50.0.10 CFNetwork/807.0.4 Darwin/16.0.0 (x86_64)" 
176.41.48.15 - - [20/Sep/2016:22:15:35 -0700] "GET /apple-touch-icon.png HTTP/1.1" 404 339 "-" "Safari/12602.1.50.0.10 CFNetwork/807.0.4 Darwin/16.0.0 (x86_64)" 
176.41.48.15 - - [20/Sep/2016:22:15:35 -0700] "GET /bootstrap/img/favicon.ico HTTP/1.1" 200 589 "-" "Safari/12602.1.50.0.10 CFNetwork/807.0.4 Darwin/16.0.0 (x86_64)" 
176.41.48.15 - - [20/Sep/2016:22:15:36 -0700] "GET /apple-touch-icon-precomposed.png HTTP/1.1" 404 339 "-" "Safari/12602.1.50.0.10 CFNetwork/807.0.4 Darwin/16.0.0 (x86_64)" 
176.41.48.15 - - [20/Sep/2016:22:15:36 -0700] "GET /apple-touch-icon.png HTTP/1.1" 404 339 "-" "Safari/12602.1.50.0.10 CFNetwork/807.0.4 Darwin/16.0.0 (x86_64)" 
82.146.37.59 - - [20/Sep/2016:22:22:53 -0700] "GET /honeypot/Honeypot%20-%20Howto.pdf HTTP/1.0" 200 1279381 "http://www.secrepo.com/" "Mozilla/5.0 (Macintosh; Intel Mac OS X 10_10_1) AppleWebKit/537.36 (KHTML, like Gecko) Chrome/39.0.2171.99 Safari/537.36" 
111.7.128.40 - - [20/Sep/2016:22:23:31 -0700] "GET /tg/a.zip HTTP/1.1" 304 132 "-" "Mozilla/5.0 Gecko/20100115 Firefox/3.6" 
172.99.78.104 - - [20/Sep/2016:22:24:14 -0700] "GET /robots.txt HTTP/1.1" 301 446 "-" "Tornado-Async-Client" 
172.99.78.104 - - [20/Sep/2016:22:24:14 -0700] "GET /robots.txt HTTP/1.1" 200 304 "-" "Tornado-Async-Client" 
172.99.78.104 - - [20/Sep/2016:22:24:14 -0700] "GET /honeypot/BSidesDFW%20-%202014.ipynb HTTP/1.1" 301 484 "-" "Tornado-Async-Client" 
172.99.78.104 - - [20/Sep/2016:22:24:14 -0700] "GET /honeypot/BSidesDFW%20-%202014.ipynb HTTP/1.1" 200 930780 "-" "Tornado-Async-Client" 
76.114.182.88 - - [20/Sep/2016:22:24:17 -0700] "GET /honeypot/BSidesDFW%20-%202014.ipynb HTTP/1.1" 301 540 "http://nbviewer.jupyter.org/url/secrepo.com/honeypot/BSidesDFW%20-%202014.ipynb" "Mozilla/5.0 (Macintosh; Intel Mac OS X 10_11_6) AppleWebKit/601.7.8 (KHTML, like Gecko) Version/9.1.3 Safari/601.7.8" 
76.114.182.88 - - [20/Sep/2016:22:24:17 -0700] "GET /honeypot/BSidesDFW%20-%202014.ipynb HTTP/1.1" 200 930836 "http://nbviewer.jupyter.org/url/secrepo.com/honeypot/BSidesDFW%20-%202014.ipynb" "Mozilla/5.0 (Macintosh; Intel Mac OS X 10_11_6) AppleWebKit/601.7.8 (KHTML, like Gecko) Version/9.1.3 Safari/601.7.8" 
180.76.15.157 - - [20/Sep/2016:22:31:31 -0700] "GET /honeypot/Honeypot%20-%20Howto.pdf HTTP/1.1" 200 1005940 "-" "Mozilla/5.0 (compatible; Baiduspider/2.0; +http://www.baidu.com/search/spider.html)" 
163.172.66.171 - - [20/Sep/2016:22:35:13 -0700] "GET /self.logs/error.log.2016-02-02.gz HTTP/1.1" 200 675 "-" "Mozilla/5.0 (compatible; AhrefsBot/5.1; +http://ahrefs.com/robot/)" 
5.238.234.4 - - [20/Sep/2016:22:35:33 -0700] "GET /browserconfig.xml HTTP/1.1" 404 340 "-" "Mozilla/5.0 (Windows NT 10.0; Win64; x64) AppleWebKit/537.36 (KHTML, like Gecko) Chrome/42.0.2311.135 Safari/537.36 Edge/12.10240" 
68.180.230.152 - - [20/Sep/2016:22:42:40 -0700] "GET /self.logs/error.log.2016-01-09.gz HTTP/1.1" 200 622 "-" "Mozilla/5.0 (compatible; Yahoo! Slurp; http://help.yahoo.com/help/us/ysearch/slurp)" 
68.180.230.152 - - [20/Sep/2016:22:45:49 -0700] "GET /self.logs/error.log.2015-11-24.gz HTTP/1.1" 200 1005 "-" "Mozilla/5.0 (compatible; Yahoo! Slurp; http://help.yahoo.com/help/us/ysearch/slurp)" 
46.4.123.172 - - [20/Sep/2016:23:08:35 -0700] "GET /robots.txt HTTP/1.0" 200 252 "-" "Mozilla/5.0 (compatible; MJ12bot/v1.4.5; http://www.majestic12.co.uk/bot.php?+)" 
46.4.123.172 - - [20/Sep/2016:23:08:37 -0700] "GET /honeypot//%22http://amunhoney.sourceforge.net//%22 HTTP/1.0" 404 284 "-" "Mozilla/5.0 (compatible; MJ12bot/v1.4.5; http://www.majestic12.co.uk/bot.php?+)" 
46.4.123.172 - - [20/Sep/2016:23:08:39 -0700] "GET /honeypot//%22http://glastopf.org//%22 HTTP/1.0" 404 303 "-" "Mozilla/5.0 (compatible; MJ12bot/v1.4.5; http://www.majestic12.co.uk/bot.php?+)" 
46.4.123.172 - - [20/Sep/2016:23:08:41 -0700] "GET /honeypot//%22http://www.maxmind.com/%22 HTTP/1.0" 404 303 "-" "Mozilla/5.0 (compatible; MJ12bot/v1.4.5; http://www.majestic12.co.uk/bot.php?+)" 
46.4.123.172 - - [20/Sep/2016:23:08:43 -0700] "GET /honeypot//%22https://twitter.com/sooshie/%22 HTTP/1.0" 404 303 "-" "Mozilla/5.0 (compatible; MJ12bot/v1.4.5; http://www.majestic12.co.uk/bot.php?+)" 
46.4.123.172 - - [20/Sep/2016:23:08:44 -0700] "GET /honeypot//%22https://twitter.com/theroxyd/%22 HTTP/1.0" 404 303 "-" "Mozilla/5.0 (compatible; MJ12bot/v1.4.5; http://www.majestic12.co.uk/bot.php?+)" 
68.180.230.152 - - [20/Sep/2016:23:15:21 -0700] "GET /self.logs/access.log.2016-05-01.gz HTTP/1.1" 200 10016 "-" "Mozilla/5.0 (compatible; Yahoo! Slurp; http://help.yahoo.com/help/us/ysearch/slurp)" 
68.180.230.152 - - [20/Sep/2016:23:15:24 -0700] "GET /self.logs/access.log.2015-12-29.gz HTTP/1.1" 200 6618 "-" "Mozilla/5.0 (compatible; Yahoo! Slurp; http://help.yahoo.com/help/us/ysearch/slurp)" 
68.180.230.152 - - [20/Sep/2016:23:19:59 -0700] "GET /self.logs/access.log.2016-09-04.gz HTTP/1.1" 200 7636 "-" "Mozilla/5.0 (compatible; Yahoo! Slurp; http://help.yahoo.com/help/us/ysearch/slurp)" 
193.188.67.38 - - [20/Sep/2016:23:27:55 -0700] "GET /bootstrap/img/favicon.ico HTTP/1.1" 200 590 "-" "Mozilla/5.0 (X11; Ubuntu; Linux x86_64; rv:48.0) Gecko/20100101 Firefox/48.0" 
66.249.64.64 - - [20/Sep/2016:23:38:56 -0700] "GET / HTTP/1.1" 200 10046 "-" "Mozilla/5.0 (compatible; Googlebot/2.1; +http://www.google.com/bot.html)" 
213.122.175.147 - - [20/Sep/2016:23:54:27 -0700] "GET / HTTP/1.1" 304 189 "http://www.mlsecproject.org/" "Mozilla/5.0 (X11; Linux x86_64) AppleWebKit/537.36 (KHTML, like Gecko) Chrome/53.0.2785.116 Safari/537.36" 
68.180.230.152 - - [20/Sep/2016:23:55:19 -0700] "GET /self.logs/error.log.2015-02-15.gz HTTP/1.1" 200 5753 "-" "Mozilla/5.0 (compatible; Yahoo! Slurp; http://help.yahoo.com/help/us/ysearch/slurp)" 
62.210.143.245 - - [20/Sep/2016:23:56:27 -0700] "GET /robots.txt HTTP/1.0" 301 481 "-" "Mozilla/5.0 (compatible; MJ12bot/v1.4.5; http://www.majestic12.co.uk/bot.php?+)" 
62.210.143.245 - - [20/Sep/2016:23:56:28 -0700] "GET /robots.txt HTTP/1.0" 200 252 "-" "Mozilla/5.0 (compatible; MJ12bot/v1.4.5; http://www.majestic12.co.uk/bot.php?+)" 
62.210.143.245 - - [20/Sep/2016:23:56:32 -0700] "GET /&quot HTTP/1.0" 301 475 "-" "Mozilla/5.0 (compatible; MJ12bot/v1.4.5; http://www.majestic12.co.uk/bot.php?+)" 
62.210.143.245 - - [20/Sep/2016:23:56:33 -0700] "GET /robots.txt HTTP/1.0" 200 252 "-" "Mozilla/5.0 (compatible; MJ12bot/v1.4.5; http://www.majestic12.co.uk/bot.php?+)" 
62.210.143.245 - - [20/Sep/2016:23:56:35 -0700] "GET /&quot HTTP/1.0" 404 284 "-" "Mozilla/5.0 (compatible; MJ12bot/v1.4.5; http://www.majestic12.co.uk/bot.php?+)" 
62.210.143.245 - - [20/Sep/2016:23:56:36 -0700] "GET /honeypot/BSidesDFW%20-%202014.ipynb HTTP/1.0" 301 503 "-" "Mozilla/5.0 (compatible; MJ12bot/v1.4.5; http://www.majestic12.co.uk/bot.php?+)" 
62.210.143.245 - - [20/Sep/2016:23:56:57 -0700] "GET /honeypot/BSidesDFW%20-%202014.ipynb HTTP/1.0" 200 329960 "-" "Mozilla/5.0 (compatible; MJ12bot/v1.4.5; http://www.majestic12.co.uk/bot.php?+)" 
68.180.230.152 - - [21/Sep/2016:00:30:35 -0700] "GET /Security-Data-Analysis/Lab_1/conn.log.zip HTTP/1.1" 200 1206840 "-" "Mozilla/5.0 (compatible; Yahoo! Slurp; http://help.yahoo.com/help/us/ysearch/slurp)" 
62.81.205.53 - - [21/Sep/2016:00:50:23 -0700] "GET / HTTP/1.1" 200 10046 "-" "Mozilla/5.0 (Windows NT 10.0; Win64; x64) AppleWebKit/537.36 (KHTML, like Gecko) Chrome/52.0.2743.116 Safari/537.36" 
62.81.205.53 - - [21/Sep/2016:00:50:23 -0700] "GET /GitHub-Mark.png HTTP/1.1" 200 7428 "http://www.secrepo.com/" "Mozilla/5.0 (Windows NT 10.0; Win64; x64) AppleWebKit/537.36 (KHTML, like Gecko) Chrome/52.0.2743.116 Safari/537.36" 
62.81.205.53 - - [21/Sep/2016:00:50:23 -0700] "GET /twitter-icon.png HTTP/1.1" 200 27787 "http://www.secrepo.com/" "Mozilla/5.0 (Windows NT 10.0; Win64; x64) AppleWebKit/537.36 (KHTML, like Gecko) Chrome/52.0.2743.116 Safari/537.36" 
62.81.205.53 - - [21/Sep/2016:00:50:24 -0700] "GET /bootstrap/img/favicon.ico HTTP/1.1" 200 589 "http://www.secrepo.com/" "Mozilla/5.0 (Windows NT 10.0; Win64; x64) AppleWebKit/537.36 (KHTML, like Gecko) Chrome/52.0.2743.116 Safari/537.36" 
68.180.230.152 - - [21/Sep/2016:00:55:58 -0700] "GET /self.logs/access.log.2015-08-09.gz HTTP/1.1" 200 4521 "-" "Mozilla/5.0 (compatible; Yahoo! Slurp; http://help.yahoo.com/help/us/ysearch/slurp)" 
108.61.122.225 - - [21/Sep/2016:01:03:40 -0700] "GET / HTTP/1.1" 200 10046 "https://www.qwant.com/" "Mozilla/5.0 (Macintosh; Intel Mac OS X 10_12) AppleWebKit/602.1.50 (KHTML, like Gecko) Version/10.0 Safari/602.1.50" 
108.61.122.225 - - [21/Sep/2016:01:03:49 -0700] "GET /GitHub-Mark.png HTTP/1.1" 200 7428 "http://www.secrepo.com/" "Mozilla/5.0 (Macintosh; Intel Mac OS X 10_12) AppleWebKit/602.1.50 (KHTML, like Gecko) Version/10.0 Safari/602.1.50" 
108.61.122.225 - - [21/Sep/2016:01:03:49 -0700] "GET /twitter-icon.png HTTP/1.1" 200 27788 "http://www.secrepo.com/" "Mozilla/5.0 (Macintosh; Intel Mac OS X 10_12) AppleWebKit/602.1.50 (KHTML, like Gecko) Version/10.0 Safari/602.1.50" 
5.172.204.202 - - [21/Sep/2016:01:03:50 -0700] "GET / HTTP/1.1" 200 10046 "-" "Mozilla/5.0 (Macintosh; Intel Mac OS X 10_11_4) AppleWebKit/601.5.17 (KHTML, like Gecko) Version/9.1 Safari/601.5.17" 
172.99.78.104 - - [21/Sep/2016:01:03:54 -0700] "GET /robots.txt HTTP/1.1" 301 446 "-" "Tornado-Async-Client" 
172.99.78.104 - - [21/Sep/2016:01:03:54 -0700] "GET /robots.txt HTTP/1.1" 200 304 "-" "Tornado-Async-Client" 
172.99.78.104 - - [21/Sep/2016:01:03:54 -0700] "GET /honeypot/BSidesDFW%20-%202014.ipynb HTTP/1.1" 301 484 "-" "Tornado-Async-Client" 
172.99.78.104 - - [21/Sep/2016:01:03:54 -0700] "GET /honeypot/BSidesDFW%20-%202014.ipynb HTTP/1.1" 200 930780 "-" "Tornado-Async-Client" 
117.190.191.170 - - [21/Sep/2016:01:06:49 -0700] "GET /tg/a.zip HTTP/1.1" 304 132 "-" "Mozilla/5.0 Gecko/20100115 Firefox/3.6" 
73.70.110.235 - - [21/Sep/2016:01:07:17 -0700] "GET / HTTP/1.1" 304 189 "http://www.mlsecproject.org/" "Mozilla/5.0 (iPad; CPU OS 9_3_5 like Mac OS X) AppleWebKit/601.1 (KHTML, like Gecko) CriOS/53.0.2785.109 Mobile/13G36 Safari/601.1.46" 
73.70.110.235 - - [21/Sep/2016:01:07:17 -0700] "GET /twitter-icon.png HTTP/1.1" 200 27787 "http://www.secrepo.com/" "Mozilla/5.0 (iPad; CPU OS 9_3_5 like Mac OS X) AppleWebKit/601.1 (KHTML, like Gecko) CriOS/53.0.2785.109 Mobile/13G36 Safari/601.1.46" 
68.180.230.152 - - [21/Sep/2016:01:12:53 -0700] "GET /self.logs/access.log.2016-08-28.gz HTTP/1.1" 200 7261 "-" "Mozilla/5.0 (compatible; Yahoo! Slurp; http://help.yahoo.com/help/us/ysearch/slurp)" 
68.180.230.152 - - [21/Sep/2016:01:14:53 -0700] "GET /self.logs/access.log.2016-06-28.gz HTTP/1.1" 200 11079 "-" "Mozilla/5.0 (compatible; Yahoo! Slurp; http://help.yahoo.com/help/us/ysearch/slurp)" 
111.7.128.40 - - [21/Sep/2016:01:23:33 -0700] "GET /tg/a.zip HTTP/1.1" 304 132 "-" "Mozilla/5.0 Gecko/20100115 Firefox/3.6" 
62.81.205.53 - - [21/Sep/2016:01:36:19 -0700] "GET / HTTP/1.1" 200 10046 "-" "Mozilla/5.0 (Windows NT 10.0; WOW64; rv:48.0) Gecko/20100101 Firefox/48.0" 
62.81.205.53 - - [21/Sep/2016:01:36:19 -0700] "GET /GitHub-Mark.png HTTP/1.1" 200 7427 "http://www.secrepo.com/" "Mozilla/5.0 (Windows NT 10.0; WOW64; rv:48.0) Gecko/20100101 Firefox/48.0" 
62.81.205.53 - - [21/Sep/2016:01:36:19 -0700] "GET /bootstrap/img/favicon.ico HTTP/1.1" 200 590 "-" "Mozilla/5.0 (Windows NT 10.0; WOW64; rv:48.0) Gecko/20100101 Firefox/48.0" 
124.171.34.52 - - [21/Sep/2016:01:41:58 -0700] "GET / HTTP/1.1" 200 10046 "-" "Mozilla/5.0 (Macintosh; Intel Mac OS X 10_11_6) AppleWebKit/601.7.7 (KHTML, like Gecko)" 
124.171.34.52 - - [21/Sep/2016:01:41:59 -0700] "GET /apple-touch-icon-precomposed.png HTTP/1.1" 404 340 "-" "Safari/11601.7.7 CFNetwork/760.6.3 Darwin/15.6.0 (x86_64)" 
124.171.34.52 - - [21/Sep/2016:01:41:59 -0700] "GET /apple-touch-icon.png HTTP/1.1" 404 339 "-" "Safari/11601.7.7 CFNetwork/760.6.3 Darwin/15.6.0 (x86_64)" 
124.171.34.52 - - [21/Sep/2016:01:42:01 -0700] "GET /apple-touch-icon-precomposed.png HTTP/1.1" 404 339 "-" "Safari/11601.7.7 CFNetwork/760.6.3 Darwin/15.6.0 (x86_64)" 
124.171.34.52 - - [21/Sep/2016:01:42:01 -0700] "GET /apple-touch-icon.png HTTP/1.1" 404 339 "-" "Safari/11601.7.7 CFNetwork/760.6.3 Darwin/15.6.0 (x86_64)" 
207.46.13.191 - - [21/Sep/2016:01:49:31 -0700] "GET /robots.txt HTTP/1.1" 200 289 "-" "Mozilla/5.0 (compatible; bingbot/2.0; +http://www.bing.com/bingbot.htm)" 
51.254.141.5 - - [21/Sep/2016:01:54:59 -0700] "GET /robots.txt HTTP/1.0" 301 481 "-" "Mozilla/5.0 (compatible; MJ12bot/v1.4.5; http://www.majestic12.co.uk/bot.php?+)" 
51.254.141.5 - - [21/Sep/2016:01:54:59 -0700] "GET /robots.txt HTTP/1.0" 200 252 "-" "Mozilla/5.0 (compatible; MJ12bot/v1.4.5; http://www.majestic12.co.uk/bot.php?+)" 
51.254.141.5 - - [21/Sep/2016:01:55:01 -0700] "GET /honeypot/BSidesDFW%20-%202014.ipynb HTTP/1.0" 301 523 "-" "Mozilla/5.0 (compatible; MJ12bot/v1.4.5; http://www.majestic12.co.uk/bot.php?+)" 
51.254.141.5 - - [21/Sep/2016:01:55:02 -0700] "GET /robots.txt HTTP/1.0" 200 252 "-" "Mozilla/5.0 (compatible; MJ12bot/v1.4.5; http://www.majestic12.co.uk/bot.php?+)" 
51.254.141.5 - - [21/Sep/2016:01:55:03 -0700] "GET /honeypot/BSidesDFW%20-%202014.ipynb HTTP/1.0" 200 694960 "-" "Mozilla/5.0 (compatible; MJ12bot/v1.4.5; http://www.majestic12.co.uk/bot.php?+)" 
51.254.141.5 - - [21/Sep/2016:01:55:05 -0700] "GET /honeypot/BSidesDFW%20-%202014.ipynb HTTP/1.0" 200 474500 "-" "Mozilla/5.0 (compatible; MJ12bot/v1.4.5; http://www.majestic12.co.uk/bot.php?+)" 
68.180.230.152 - - [21/Sep/2016:02:15:39 -0700] "GET /robots.txt HTTP/1.1" 200 233 "-" "Mozilla/5.0 (compatible; Yahoo! Slurp; http://help.yahoo.com/help/us/ysearch/slurp)" 
68.180.230.152 - - [21/Sep/2016:02:15:40 -0700] "GET /self.logs/access.log.2016-07-27.gz HTTP/1.1" 200 15229 "-" "Mozilla/5.0 (compatible; Yahoo! Slurp; http://help.yahoo.com/help/us/ysearch/slurp)" 
62.81.205.53 - - [21/Sep/2016:02:22:02 -0700] "GET / HTTP/1.1" 200 10046 "http://www.google.com/url?q=http%3A%2F%2Fwww.secrepo.com%2F&sa=D&sntz=1&usg=AFQjCNHEJZNK915kmNh0kXDy37D2vu2eiw" "Mozilla/5.0 (Windows NT 6.3; WOW64; rv:48.0) Gecko/20100101 Firefox/48.0" 
62.81.205.53 - - [21/Sep/2016:02:22:03 -0700] "GET /bootstrap/img/favicon.ico HTTP/1.1" 200 589 "-" "Mozilla/5.0 (Windows NT 6.3; WOW64; rv:48.0) Gecko/20100101 Firefox/48.0" 
62.81.205.53 - - [21/Sep/2016:02:22:03 -0700] "GET /twitter-icon.png HTTP/1.1" 200 27788 "http://www.secrepo.com/" "Mozilla/5.0 (Windows NT 6.3; WOW64; rv:48.0) Gecko/20100101 Firefox/48.0" 
62.81.205.53 - - [21/Sep/2016:02:22:03 -0700] "GET /GitHub-Mark.png HTTP/1.1" 200 7427 "http://www.secrepo.com/" "Mozilla/5.0 (Windows NT 6.3; WOW64; rv:48.0) Gecko/20100101 Firefox/48.0" 
68.180.230.152 - - [21/Sep/2016:02:47:41 -0700] "GET /maccdc2012/dns.log.gz HTTP/1.1" 200 1005177 "-" "Mozilla/5.0 (compatible; Yahoo! Slurp; http://help.yahoo.com/help/us/ysearch/slurp)" 
172.99.78.104 - - [21/Sep/2016:02:50:52 -0700] "GET /robots.txt HTTP/1.1" 301 446 "-" "Tornado-Async-Client" 
172.99.78.104 - - [21/Sep/2016:02:50:52 -0700] "GET /robots.txt HTTP/1.1" 304 130 "-" "Tornado-Async-Client" 
172.99.78.104 - - [21/Sep/2016:02:50:52 -0700] "GET /honeypot/BSidesDFW%20-%202014.ipynb HTTP/1.1" 301 484 "-" "Tornado-Async-Client" 
172.99.78.104 - - [21/Sep/2016:02:50:52 -0700] "GET /honeypot/BSidesDFW%20-%202014.ipynb HTTP/1.1" 200 930780 "-" "Tornado-Async-Client" 
66.249.84.168 - - [21/Sep/2016:02:57:10 -0700] "GET / HTTP/1.1" 200 10046 "-" "Mozilla/5.0 (X11; Linux x86_64) AppleWebKit/537.36 (KHTML, like Gecko) Chrome/49.0.2623.75 Safari/537.36 Google Favicon" 
66.249.84.167 - - [21/Sep/2016:02:57:10 -0700] "GET /bootstrap/img/favicon.ico HTTP/1.1" 200 590 "-" "Mozilla/5.0 (X11; Linux x86_64) AppleWebKit/537.36 (KHTML, like Gecko) Chrome/49.0.2623.75 Safari/537.36 Google Favicon" 
213.106.146.196 - - [21/Sep/2016:02:57:43 -0700] "GET / HTTP/1.1" 200 10046 "https://www.google.co.uk/" "Mozilla/5.0 (Macintosh; Intel Mac OS X 10_11_6) AppleWebKit/537.36 (KHTML, like Gecko) Chrome/53.0.2785.116 Safari/537.36" 
213.106.146.196 - - [21/Sep/2016:02:57:43 -0700] "GET /GitHub-Mark.png HTTP/1.1" 200 7428 "http://www.secrepo.com/" "Mozilla/5.0 (Macintosh; Intel Mac OS X 10_11_6) AppleWebKit/537.36 (KHTML, like Gecko) Chrome/53.0.2785.116 Safari/537.36" 
213.106.146.196 - - [21/Sep/2016:02:57:43 -0700] "GET /twitter-icon.png HTTP/1.1" 200 27787 "http://www.secrepo.com/" "Mozilla/5.0 (Macintosh; Intel Mac OS X 10_11_6) AppleWebKit/537.36 (KHTML, like Gecko) Chrome/53.0.2785.116 Safari/537.36" 
213.106.146.196 - - [21/Sep/2016:02:57:50 -0700] "GET /bootstrap/img/favicon.ico HTTP/1.1" 200 590 "http://www.secrepo.com/" "Mozilla/5.0 (Macintosh; Intel Mac OS X 10_11_6) AppleWebKit/537.36 (KHTML, like Gecko) Chrome/53.0.2785.116 Safari/537.36" 
