52.212.146.96 - - [04/Dec/2016:18:30:02 -0800] "GET /self.logs/access.log.2016-11-29.gz HTTP/1.1" 200 11677 "-" "python-requests/2.12.1" 
52.212.146.96 - - [04/Dec/2016:18:30:02 -0800] "GET /self.logs/access.log.2016-11-30.gz HTTP/1.1" 200 12106 "-" "python-requests/2.12.1" 
52.212.146.96 - - [04/Dec/2016:18:30:02 -0800] "GET /self.logs/access.log.2016-12-01.gz HTTP/1.1" 200 9329 "-" "python-requests/2.12.1" 
52.212.146.96 - - [04/Dec/2016:18:30:02 -0800] "GET /self.logs/access.log.2016-12-02.gz HTTP/1.1" 404 340 "-" "python-requests/2.12.1" 
52.212.146.96 - - [04/Dec/2016:18:30:02 -0800] "GET /self.logs/access.log.2016-12-03.gz HTTP/1.1" 404 340 "-" "python-requests/2.12.1" 
52.212.146.96 - - [04/Dec/2016:18:30:03 -0800] "GET /self.logs/access.log.2016-12-04.gz HTTP/1.1" 404 340 "-" "python-requests/2.12.1" 
157.55.39.248 - - [04/Dec/2016:18:34:35 -0800] "GET /honeypot/BSidesDFW%20-%202014.ipynb HTTP/1.1" 200 930836 "-" "Mozilla/5.0 (iPhone; CPU iPhone OS 7_0 like Mac OS X) AppleWebKit/537.51.1 (KHTML, like Gecko) Version/7.0 Mobile/11A465 Safari/9537.53 (compatible; bingbot/2.0; +http://www.bing.com/bingbot.htm)" 
40.77.167.6 - - [04/Dec/2016:18:36:54 -0800] "GET /robots.txt HTTP/1.1" 200 334 "-" "Mozilla/5.0 (compatible; bingbot/2.0; +http://www.bing.com/bingbot.htm)" 
134.7.57.148 - - [04/Dec/2016:18:41:56 -0800] "GET / HTTP/1.1" 200 10179 "-" "Mozilla/5.0 (Macintosh; Intel Mac OS X 10_9_4) AppleWebKit/537.36 (KHTML, like Gecko) Chrome/54.0.2840.98 Safari/537.36" 
134.7.57.148 - - [04/Dec/2016:18:42:02 -0800] "GET /twitter-icon.png HTTP/1.1" 200 27788 "http://www.secrepo.com/" "Mozilla/5.0 (Macintosh; Intel Mac OS X 10_9_4) AppleWebKit/537.36 (KHTML, like Gecko) Chrome/54.0.2840.98 Safari/537.36" 
134.7.57.148 - - [04/Dec/2016:18:42:02 -0800] "GET /GitHub-Mark.png HTTP/1.1" 200 7428 "http://www.secrepo.com/" "Mozilla/5.0 (Macintosh; Intel Mac OS X 10_9_4) AppleWebKit/537.36 (KHTML, like Gecko) Chrome/54.0.2840.98 Safari/537.36" 
14.139.240.251 - - [04/Dec/2016:18:51:47 -0800] "GET /squid/access.log.gz HTTP/1.1" 200 410260 "http://www.secrepo.com/" "Mozilla/5.0 (Windows NT 6.1; WOW64; rv:50.0) Gecko/20100101 Firefox/50.0" 
14.139.240.251 - - [04/Dec/2016:18:51:50 -0800] "GET /squid/access.log.gz HTTP/1.1" 206 2854178 "http://www.secrepo.com/" "Mozilla/5.0 (Windows NT 6.1; WOW64; rv:50.0) Gecko/20100101 Firefox/50.0" 
14.139.240.251 - - [04/Dec/2016:18:51:49 -0800] "GET /squid/access.log.gz HTTP/1.1" 206 4343500 "http://www.secrepo.com/" "Mozilla/5.0 (Windows NT 6.1; WOW64; rv:50.0) Gecko/20100101 Firefox/50.0" 
14.139.240.251 - - [04/Dec/2016:18:51:50 -0800] "GET /squid/access.log.gz HTTP/1.1" 206 2859716 "http://www.secrepo.com/" "Mozilla/5.0 (Windows NT 6.1; WOW64; rv:50.0) Gecko/20100101 Firefox/50.0" 
14.139.240.251 - - [04/Dec/2016:18:51:48 -0800] "GET /squid/access.log.gz HTTP/1.1" 206 4295320 "http://www.secrepo.com/" "Mozilla/5.0 (Windows NT 6.1; WOW64; rv:50.0) Gecko/20100101 Firefox/50.0" 
14.139.240.251 - - [04/Dec/2016:18:51:56 -0800] "GET /squid/access.log.gz HTTP/1.1" 206 451160 "http://www.secrepo.com/" "Mozilla/5.0 (Windows NT 6.1; WOW64; rv:50.0) Gecko/20100101 Firefox/50.0" 
14.139.240.251 - - [04/Dec/2016:18:51:49 -0800] "GET /squid/access.log.gz HTTP/1.1" 206 5239940 "http://www.secrepo.com/" "Mozilla/5.0 (Windows NT 6.1; WOW64; rv:50.0) Gecko/20100101 Firefox/50.0" 
14.139.240.251 - - [04/Dec/2016:18:51:50 -0800] "GET /squid/access.log.gz HTTP/1.1" 206 2817923 "http://www.secrepo.com/" "Mozilla/5.0 (Windows NT 6.1; WOW64; rv:50.0) Gecko/20100101 Firefox/50.0" 
14.139.240.251 - - [04/Dec/2016:18:51:50 -0800] "GET /squid/access.log.gz HTTP/1.1" 206 2853512 "http://www.secrepo.com/" "Mozilla/5.0 (Windows NT 6.1; WOW64; rv:50.0) Gecko/20100101 Firefox/50.0" 
14.139.240.251 - - [04/Dec/2016:18:51:49 -0800] "GET /squid/access.log.gz HTTP/1.1" 206 4123040 "http://www.secrepo.com/" "Mozilla/5.0 (Windows NT 6.1; WOW64; rv:50.0) Gecko/20100101 Firefox/50.0" 
14.139.240.251 - - [04/Dec/2016:18:51:57 -0800] "GET /squid/access.log.gz HTTP/1.1" 206 181757 "http://www.secrepo.com/" "Mozilla/5.0 (Windows NT 6.1; WOW64; rv:50.0) Gecko/20100101 Firefox/50.0" 
14.139.240.251 - - [04/Dec/2016:18:51:57 -0800] "GET /squid/access.log.gz HTTP/1.1" 206 198369 "http://www.secrepo.com/" "Mozilla/5.0 (Windows NT 6.1; WOW64; rv:50.0) Gecko/20100101 Firefox/50.0" 
14.139.240.251 - - [04/Dec/2016:18:51:58 -0800] "GET /squid/access.log.gz HTTP/1.1" 206 181275 "http://www.secrepo.com/" "Mozilla/5.0 (Windows NT 6.1; WOW64; rv:50.0) Gecko/20100101 Firefox/50.0" 
14.139.240.251 - - [04/Dec/2016:18:51:57 -0800] "GET /squid/access.log.gz HTTP/1.1" 206 363540 "http://www.secrepo.com/" "Mozilla/5.0 (Windows NT 6.1; WOW64; rv:50.0) Gecko/20100101 Firefox/50.0" 
14.139.240.251 - - [04/Dec/2016:18:51:56 -0800] "GET /squid/access.log.gz HTTP/1.1" 206 432160 "http://www.secrepo.com/" "Mozilla/5.0 (Windows NT 6.1; WOW64; rv:50.0) Gecko/20100101 Firefox/50.0" 
14.139.240.251 - - [04/Dec/2016:18:51:57 -0800] "GET /squid/access.log.gz HTTP/1.1" 206 394200 "http://www.secrepo.com/" "Mozilla/5.0 (Windows NT 6.1; WOW64; rv:50.0) Gecko/20100101 Firefox/50.0" 
14.139.240.251 - - [04/Dec/2016:18:51:57 -0800] "GET /squid/access.log.gz HTTP/1.1" 206 346020 "http://www.secrepo.com/" "Mozilla/5.0 (Windows NT 6.1; WOW64; rv:50.0) Gecko/20100101 Firefox/50.0" 
14.139.240.251 - - [04/Dec/2016:18:51:58 -0800] "GET /squid/access.log.gz HTTP/1.1" 206 394200 "http://www.secrepo.com/" "Mozilla/5.0 (Windows NT 6.1; WOW64; rv:50.0) Gecko/20100101 Firefox/50.0" 
40.77.167.6 - - [04/Dec/2016:18:54:58 -0800] "GET /self.logs/error.log.2015-03-19.gz HTTP/1.1" 200 880 "-" "Mozilla/5.0 (compatible; bingbot/2.0; +http://www.bing.com/bingbot.htm)" 
222.128.108.77 - - [04/Dec/2016:18:58:20 -0800] "GET / HTTP/1.1" 200 10179 "http://www.mlsecproject.org/" "Mozilla/5.0 (Macintosh; Intel Mac OS X 10_10_5) AppleWebKit/537.36 (KHTML, like Gecko) Chrome/54.0.2840.98 Safari/537.36" 
222.128.108.77 - - [04/Dec/2016:18:58:24 -0800] "GET /twitter-icon.png HTTP/1.1" 200 27788 "http://www.secrepo.com/" "Mozilla/5.0 (Macintosh; Intel Mac OS X 10_10_5) AppleWebKit/537.36 (KHTML, like Gecko) Chrome/54.0.2840.98 Safari/537.36" 
222.128.108.77 - - [04/Dec/2016:18:58:25 -0800] "GET /GitHub-Mark.png HTTP/1.1" 200 7428 "http://www.secrepo.com/" "Mozilla/5.0 (Macintosh; Intel Mac OS X 10_10_5) AppleWebKit/537.36 (KHTML, like Gecko) Chrome/54.0.2840.98 Safari/537.36" 
73.168.205.50 - - [04/Dec/2016:19:01:10 -0800] "GET /honeypot/honeypot.json.zip HTTP/1.1" 200 2130140 "-" "Mozilla/5.0 (iPhone; U; CPU iPhone OS 4_0 like Mac OS X; en-us) AppleWebKit/532.9 (KHTML, like Gecko) Version/4.0.5 Mobile/8A293 Safari/6531.22.7" 
73.168.205.50 - - [04/Dec/2016:19:01:26 -0800] "GET /honeypot/honeypot.json.zip HTTP/1.1" 200 3102500 "-" "Mozilla/5.0 (iPhone; U; CPU iPhone OS 4_0 like Mac OS X; en-us) AppleWebKit/532.9 (KHTML, like Gecko) Version/4.0.5 Mobile/8A293 Safari/6531.22.7" 
104.128.229.71 - - [04/Dec/2016:19:10:13 -0800] "GET /bootstrap/img/favicon.ico HTTP/1.1" 200 590 "http://www.secrepo.com/" "Mozilla/5.0 (Macintosh; Intel Mac OS X 10_10_5) AppleWebKit/537.36 (KHTML, like Gecko) Chrome/54.0.2840.98 Safari/537.36" 
40.77.167.6 - - [04/Dec/2016:19:13:48 -0800] "GET /self.logs/access.log.2016-09-06.gz HTTP/1.1" 200 8467 "-" "Mozilla/5.0 (compatible; bingbot/2.0; +http://www.bing.com/bingbot.htm)" 
157.55.39.248 - - [04/Dec/2016:19:22:32 -0800] "GET /self.logs/ HTTP/1.1" 200 14142 "-" "Mozilla/5.0 (iPhone; CPU iPhone OS 7_0 like Mac OS X) AppleWebKit/537.51.1 (KHTML, like Gecko) Version/7.0 Mobile/11A465 Safari/9537.53 (compatible; bingbot/2.0; +http://www.bing.com/bingbot.htm)" 
59.74.102.22 - - [04/Dec/2016:19:45:16 -0800] "GET /honeypot/Honeypot%20-%20Howto%20-%20BSides%20Austin.pdf HTTP/1.1" 200 2928460 "-" "Mozilla/4.0 (compatible; MSIE 6.0; Windows NT 5.1)" 
68.180.230.40 - - [04/Dec/2016:19:53:19 -0800] "GET /self.logs/error.log.2015-10-30.gz HTTP/1.1" 200 689 "-" "Mozilla/5.0 (compatible; Yahoo! Slurp; http://help.yahoo.com/help/us/ysearch/slurp)" 
157.55.39.90 - - [04/Dec/2016:19:54:37 -0800] "GET / HTTP/1.1" 301 483 "-" "Mozilla/5.0 (compatible; bingbot/2.0; +http://www.bing.com/bingbot.htm)" 
157.55.39.90 - - [04/Dec/2016:19:58:06 -0800] "GET / HTTP/1.1" 200 10179 "-" "Mozilla/5.0 (compatible; bingbot/2.0; +http://www.bing.com/bingbot.htm)" 
163.172.65.69 - - [04/Dec/2016:20:07:24 -0800] "GET /self.logs/access.log.2016-04-28.gz HTTP/1.1" 200 10782 "-" "Mozilla/5.0 (compatible; AhrefsBot/5.1; +http://ahrefs.com/robot/)" 
40.77.167.6 - - [04/Dec/2016:20:18:29 -0800] "GET /robots.txt HTTP/1.1" 200 289 "-" "Mozilla/5.0 (compatible; bingbot/2.0; +http://www.bing.com/bingbot.htm)" 
40.77.167.6 - - [04/Dec/2016:20:19:11 -0800] "GET /self.logs/access.log.2016-08-22.gz HTTP/1.1" 200 8867 "-" "Mozilla/5.0 (compatible; bingbot/2.0; +http://www.bing.com/bingbot.htm)" 
163.172.66.133 - - [04/Dec/2016:20:24:17 -0800] "GET /self.logs/access.log.2015-09-10.gz HTTP/1.1" 200 6056 "-" "Mozilla/5.0 (compatible; AhrefsBot/5.1; +http://ahrefs.com/robot/)" 
185.153.185.148 - - [04/Dec/2016:20:33:33 -0800] "GET /maccdc2012/conn.log.gz HTTP/1.1" 206 525600 "http://www.secrepo.com/maccdc2012/" "Mozilla/5.0 (Windows NT 6.1; Trident/7.0; rv:11.0) like Gecko" 
185.153.185.148 - - [04/Dec/2016:20:33:42 -0800] "GET /maccdc2012/conn.log.gz HTTP/1.1" 206 512460 "http://www.secrepo.com/maccdc2012/" "Mozilla/5.0 (Windows NT 6.1; Trident/7.0; rv:11.0) like Gecko" 
185.153.185.148 - - [04/Dec/2016:20:33:42 -0800] "GET /maccdc2012/conn.log.gz HTTP/1.1" 206 575240 "http://www.secrepo.com/maccdc2012/" "Mozilla/5.0 (Windows NT 6.1; Trident/7.0; rv:11.0) like Gecko" 
185.153.185.148 - - [04/Dec/2016:20:33:43 -0800] "GET /maccdc2012/conn.log.gz HTTP/1.1" 206 735840 "http://www.secrepo.com/maccdc2012/" "Mozilla/5.0 (Windows NT 6.1; Trident/7.0; rv:11.0) like Gecko" 
185.153.185.148 - - [04/Dec/2016:20:33:45 -0800] "GET /maccdc2012/conn.log.gz HTTP/1.1" 206 535820 "http://www.secrepo.com/maccdc2012/" "Mozilla/5.0 (Windows NT 6.1; Trident/7.0; rv:11.0) like Gecko" 
185.153.185.148 - - [04/Dec/2016:20:33:45 -0800] "GET /maccdc2012/conn.log.gz HTTP/1.1" 206 519760 "http://www.secrepo.com/maccdc2012/" "Mozilla/5.0 (Windows NT 6.1; Trident/7.0; rv:11.0) like Gecko" 
185.153.185.148 - - [04/Dec/2016:20:33:45 -0800] "GET /maccdc2012/conn.log.gz HTTP/1.1" 206 473040 "http://www.secrepo.com/maccdc2012/" "Mozilla/5.0 (Windows NT 6.1; Trident/7.0; rv:11.0) like Gecko" 
185.153.185.148 - - [04/Dec/2016:20:33:33 -0800] "GET /maccdc2012/conn.log.gz HTTP/1.1" 206 7440160 "http://www.secrepo.com/maccdc2012/" "Mozilla/5.0 (Windows NT 6.1; Trident/7.0; rv:11.0) like Gecko" 
40.77.167.6 - - [04/Dec/2016:20:36:21 -0800] "GET /self.logs/access.log.2015-09-23.gz HTTP/1.1" 200 5812 "-" "Mozilla/5.0 (compatible; bingbot/2.0; +http://www.bing.com/bingbot.htm)" 
211.252.151.27 - - [04/Dec/2016:20:39:10 -0800] "GET / HTTP/1.1" 200 10179 "-" "Mozilla/5.0 (Windows NT 6.1; WOW64) AppleWebKit/537.36 (KHTML, like Gecko) Chrome/54.0.2840.99 Safari/537.36" 
211.252.151.27 - - [04/Dec/2016:20:39:11 -0800] "GET /GitHub-Mark.png HTTP/1.1" 200 7428 "http://www.secrepo.com/" "Mozilla/5.0 (Windows NT 6.1; WOW64) AppleWebKit/537.36 (KHTML, like Gecko) Chrome/54.0.2840.99 Safari/537.36" 
211.252.151.27 - - [04/Dec/2016:20:39:11 -0800] "GET /twitter-icon.png HTTP/1.1" 200 27787 "http://www.secrepo.com/" "Mozilla/5.0 (Windows NT 6.1; WOW64) AppleWebKit/537.36 (KHTML, like Gecko) Chrome/54.0.2840.99 Safari/537.36" 
211.252.151.27 - - [04/Dec/2016:20:39:12 -0800] "GET /bootstrap/img/favicon.ico HTTP/1.1" 200 589 "http://www.secrepo.com/" "Mozilla/5.0 (Windows NT 6.1; WOW64) AppleWebKit/537.36 (KHTML, like Gecko) Chrome/54.0.2840.99 Safari/537.36" 
211.252.151.27 - - [04/Dec/2016:20:41:39 -0800] "GET / HTTP/1.1" 200 10179 "-" "Mozilla/5.0 (Windows NT 6.1; WOW64) AppleWebKit/537.36 (KHTML, like Gecko) Chrome/54.0.2840.99 Safari/537.36" 
211.252.151.27 - - [04/Dec/2016:20:41:42 -0800] "GET /twitter-icon.png HTTP/1.1" 200 27788 "http://www.secrepo.com/" "Mozilla/5.0 (Windows NT 6.1; WOW64) AppleWebKit/537.36 (KHTML, like Gecko) Chrome/54.0.2840.99 Safari/537.36" 
211.252.151.27 - - [04/Dec/2016:20:41:43 -0800] "GET /GitHub-Mark.png HTTP/1.1" 200 7428 "http://www.secrepo.com/" "Mozilla/5.0 (Windows NT 6.1; WOW64) AppleWebKit/537.36 (KHTML, like Gecko) Chrome/54.0.2840.99 Safari/537.36" 
163.172.65.239 - - [04/Dec/2016:20:47:55 -0800] "GET /self.logs/access.log.2016-11-08.gz HTTP/1.1" 200 8406 "-" "Mozilla/5.0 (compatible; AhrefsBot/5.1; +http://ahrefs.com/robot/)" 
199.16.157.183 - - [04/Dec/2016:20:53:51 -0800] "GET /robots.txt HTTP/1.1" 200 233 "-" "Twitterbot/1.0" 
199.16.157.183 - - [04/Dec/2016:20:53:51 -0800] "GET / HTTP/1.1" 200 10123 "-" "Twitterbot/1.0" 
178.200.75.142 - - [04/Dec/2016:21:00:02 -0800] "GET / HTTP/1.1" 200 10179 "-" "Mozilla/5.0 (X11; Linux x86_64) AppleWebKit/537.36 (KHTML, like Gecko) Chrome/54.0.2840.100 Safari/537.36" 
178.200.75.142 - - [04/Dec/2016:21:00:02 -0800] "GET /GitHub-Mark.png HTTP/1.1" 200 7428 "http://www.secrepo.com/" "Mozilla/5.0 (X11; Linux x86_64) AppleWebKit/537.36 (KHTML, like Gecko) Chrome/54.0.2840.100 Safari/537.36" 
178.200.75.142 - - [04/Dec/2016:21:00:02 -0800] "GET /twitter-icon.png HTTP/1.1" 200 27787 "http://www.secrepo.com/" "Mozilla/5.0 (X11; Linux x86_64) AppleWebKit/537.36 (KHTML, like Gecko) Chrome/54.0.2840.100 Safari/537.36" 
178.200.75.142 - - [04/Dec/2016:21:00:03 -0800] "GET /bootstrap/img/favicon.ico HTTP/1.1" 200 589 "http://www.secrepo.com/" "Mozilla/5.0 (X11; Linux x86_64) AppleWebKit/537.36 (KHTML, like Gecko) Chrome/54.0.2840.100 Safari/537.36" 
157.55.39.90 - - [04/Dec/2016:21:01:29 -0800] "GET /self.logs/error.log.2015-09-25.gz HTTP/1.1" 200 798 "-" "Mozilla/5.0 (compatible; bingbot/2.0; +http://www.bing.com/bingbot.htm)" 
163.172.65.235 - - [04/Dec/2016:21:23:53 -0800] "GET /self.logs/access.log.2016-05-29.gz HTTP/1.1" 200 8069 "-" "Mozilla/5.0 (compatible; AhrefsBot/5.1; +http://ahrefs.com/robot/)" 
163.172.65.66 - - [04/Dec/2016:21:27:13 -0800] "GET /self.logs/access.log.2015-09-05.gz HTTP/1.1" 200 2914 "-" "Mozilla/5.0 (compatible; AhrefsBot/5.1; +http://ahrefs.com/robot/)" 
203.6.69.2 - - [04/Dec/2016:21:29:35 -0800] "GET /bootstrap/img/favicon.ico HTTP/1.1" 200 590 "-" "Mozilla/5.0 (X11; Ubuntu; Linux x86_64; rv:50.0) Gecko/20100101 Firefox/50.0" 
124.124.39.3 - - [04/Dec/2016:21:38:51 -0800] "GET / HTTP/1.1" 200 10179 "-" "Mozilla/5.0 (Windows NT 6.1; WOW64) AppleWebKit/537.36 (KHTML, like Gecko) Chrome/54.0.2840.99 Safari/537.36" 
124.124.39.3 - - [04/Dec/2016:21:39:24 -0800] "GET /twitter-icon.png HTTP/1.1" 200 27788 "http://www.secrepo.com/" "Mozilla/5.0 (Windows NT 6.1; WOW64) AppleWebKit/537.36 (KHTML, like Gecko) Chrome/54.0.2840.99 Safari/537.36" 
124.124.39.3 - - [04/Dec/2016:21:39:24 -0800] "GET /GitHub-Mark.png HTTP/1.1" 200 7427 "http://www.secrepo.com/" "Mozilla/5.0 (Windows NT 6.1; WOW64) AppleWebKit/537.36 (KHTML, like Gecko) Chrome/54.0.2840.99 Safari/537.36" 
163.172.65.125 - - [04/Dec/2016:21:53:02 -0800] "GET /self.logs/access.log.2016-08-16.gz HTTP/1.1" 200 15087 "-" "Mozilla/5.0 (compatible; AhrefsBot/5.1; +http://ahrefs.com/robot/)" 
68.180.230.40 - - [04/Dec/2016:21:53:46 -0800] "GET /self.logs/error.log.2015-11-16.gz HTTP/1.1" 200 579 "-" "Mozilla/5.0 (compatible; Yahoo! Slurp; http://help.yahoo.com/help/us/ysearch/slurp)" 
157.55.39.90 - - [04/Dec/2016:21:55:44 -0800] "GET /self.logs/error.log.2016-08-11.gz HTTP/1.1" 200 667 "-" "Mozilla/5.0 (compatible; bingbot/2.0; +http://www.bing.com/bingbot.htm)" 
207.241.225.184 - - [04/Dec/2016:21:57:50 -0800] "HEAD /data HTTP/1.1" 404 320 "-" "python-requests/2.10.0" 
66.102.6.223 - - [04/Dec/2016:22:11:13 -0800] "GET / HTTP/1.1" 200 10179 "-" "Mozilla/5.0 (X11; Linux x86_64) AppleWebKit/537.36 (KHTML, like Gecko) Chrome/49.0.2623.75 Safari/537.36 Google Favicon" 
66.102.6.223 - - [04/Dec/2016:22:11:13 -0800] "GET /bootstrap/img/favicon.ico HTTP/1.1" 200 589 "-" "Mozilla/5.0 (X11; Linux x86_64) AppleWebKit/537.36 (KHTML, like Gecko) Chrome/49.0.2623.75 Safari/537.36 Google Favicon" 
157.55.39.90 - - [04/Dec/2016:22:17:07 -0800] "GET /self.logs/error.log.2015-08-29.gz HTTP/1.1" 200 839 "-" "Mozilla/5.0 (compatible; bingbot/2.0; +http://www.bing.com/bingbot.htm)" 
157.55.39.90 - - [04/Dec/2016:22:22:19 -0800] "GET /self.logs/access.log.2015-03-23.gz HTTP/1.1" 200 4133 "-" "Mozilla/5.0 (compatible; bingbot/2.0; +http://www.bing.com/bingbot.htm)" 
163.172.66.136 - - [04/Dec/2016:22:25:42 -0800] "GET /self.logs/error.log.2016-01-20.gz HTTP/1.1" 200 915 "-" "Mozilla/5.0 (compatible; AhrefsBot/5.1; +http://ahrefs.com/robot/)" 
207.46.13.32 - - [04/Dec/2016:22:26:19 -0800] "GET /self.logs/access.log.2015-08-10.gz HTTP/1.1" 200 3804 "-" "Mozilla/5.0 (compatible; bingbot/2.0; +http://www.bing.com/bingbot.htm)" 
31.168.56.164 - - [04/Dec/2016:22:28:45 -0800] "GET / HTTP/1.1" 200 10179 "https://www.google.co.il/" "Mozilla/5.0 (Windows NT 6.1; WOW64) AppleWebKit/537.36 (KHTML, like Gecko) Chrome/54.0.2840.99 Safari/537.36" 
31.168.56.164 - - [04/Dec/2016:22:28:46 -0800] "GET /GitHub-Mark.png HTTP/1.1" 200 7428 "http://www.secrepo.com/" "Mozilla/5.0 (Windows NT 6.1; WOW64) AppleWebKit/537.36 (KHTML, like Gecko) Chrome/54.0.2840.99 Safari/537.36" 
31.168.56.164 - - [04/Dec/2016:22:28:46 -0800] "GET /twitter-icon.png HTTP/1.1" 200 27787 "http://www.secrepo.com/" "Mozilla/5.0 (Windows NT 6.1; WOW64) AppleWebKit/537.36 (KHTML, like Gecko) Chrome/54.0.2840.99 Safari/537.36" 
31.168.56.164 - - [04/Dec/2016:22:28:57 -0800] "GET /bootstrap/img/favicon.ico HTTP/1.1" 200 590 "http://www.secrepo.com/" "Mozilla/5.0 (Windows NT 6.1; WOW64) AppleWebKit/537.36 (KHTML, like Gecko) Chrome/54.0.2840.99 Safari/537.36" 
207.46.13.109 - - [04/Dec/2016:22:30:35 -0800] "GET /maccdc2012/http.log.gz HTTP/1.1" 200 10906942 "-" "Mozilla/5.0 (compatible; bingbot/2.0; +http://www.bing.com/bingbot.htm)" 
185.153.185.148 - - [04/Dec/2016:22:40:19 -0800] "GET /maccdc2012/conn.log.gz HTTP/1.1" 206 445300 "http://www.secrepo.com/maccdc2012/" "Mozilla/5.0 (Windows NT 6.1; Trident/7.0; rv:11.0) like Gecko" 
185.153.185.148 - - [04/Dec/2016:22:40:18 -0800] "GET /maccdc2012/conn.log.gz HTTP/1.1" 206 2995920 "http://www.secrepo.com/maccdc2012/" "Mozilla/5.0 (Windows NT 6.1; Trident/7.0; rv:11.0) like Gecko" 
185.153.185.148 - - [04/Dec/2016:22:40:19 -0800] "GET /maccdc2012/conn.log.gz HTTP/1.1" 206 562100 "http://www.secrepo.com/maccdc2012/" "Mozilla/5.0 (Windows NT 6.1; Trident/7.0; rv:11.0) like Gecko" 
185.153.185.148 - - [04/Dec/2016:22:40:19 -0800] "GET /maccdc2012/conn.log.gz HTTP/1.1" 206 413180 "http://www.secrepo.com/maccdc2012/" "Mozilla/5.0 (Windows NT 6.1; Trident/7.0; rv:11.0) like Gecko" 
185.153.185.148 - - [04/Dec/2016:22:40:19 -0800] "GET /maccdc2012/conn.log.gz HTTP/1.1" 206 426320 "http://www.secrepo.com/maccdc2012/" "Mozilla/5.0 (Windows NT 6.1; Trident/7.0; rv:11.0) like Gecko" 
185.153.185.148 - - [04/Dec/2016:22:40:19 -0800] "GET /maccdc2012/conn.log.gz HTTP/1.1" 206 448220 "http://www.secrepo.com/maccdc2012/" "Mozilla/5.0 (Windows NT 6.1; Trident/7.0; rv:11.0) like Gecko" 
185.153.185.148 - - [04/Dec/2016:22:40:19 -0800] "GET /maccdc2012/conn.log.gz HTTP/1.1" 206 439460 "http://www.secrepo.com/maccdc2012/" "Mozilla/5.0 (Windows NT 6.1; Trident/7.0; rv:11.0) like Gecko" 
185.153.185.148 - - [04/Dec/2016:22:40:19 -0800] "GET /maccdc2012/conn.log.gz HTTP/1.1" 206 436540 "http://www.secrepo.com/maccdc2012/" "Mozilla/5.0 (Windows NT 6.1; Trident/7.0; rv:11.0) like Gecko" 
59.172.176.109 - - [04/Dec/2016:22:52:38 -0800] "GET /favicon.ico HTTP/1.1" 200 212 "-" "Mozilla/4.0 (compatible; MSIE 7.0; Windows NT 5.1; Trident/4.0; .NET CLR 2.0.50727; 360space)" 
207.46.13.32 - - [04/Dec/2016:22:54:31 -0800] "GET /self.logs/error.log.2016-09-01.gz HTTP/1.1" 200 745 "-" "Mozilla/5.0 (compatible; bingbot/2.0; +http://www.bing.com/bingbot.htm)" 
157.55.39.90 - - [04/Dec/2016:22:54:48 -0800] "GET /self.logs/access.log.2016-04-26.gz HTTP/1.1" 200 8225 "-" "Mozilla/5.0 (compatible; bingbot/2.0; +http://www.bing.com/bingbot.htm)" 
24.8.96.211 - - [04/Dec/2016:22:55:15 -0800] "GET /bootstrap/img/favicon.ico HTTP/1.1" 200 590 "-" "Mozilla/5.0 (Macintosh; Intel Mac OS X 10_12_1) AppleWebKit/537.36 (KHTML, like Gecko) Chrome/54.0.2840.71 Safari/537.36" 
68.180.230.40 - - [04/Dec/2016:22:55:37 -0800] "GET /self.logs/access.log.2016-10-15.gz HTTP/1.1" 200 6896 "-" "Mozilla/5.0 (compatible; Yahoo! Slurp; http://help.yahoo.com/help/us/ysearch/slurp)" 
116.1.3.199 - - [04/Dec/2016:23:00:26 -0800] "GET / HTTP/1.1" 200 10179 "https://www.google.co.jp/" "Mozilla/5.0 (Windows NT 10.0; WOW64) AppleWebKit/537.36 (KHTML, like Gecko) Chrome/54.0.2840.99 Safari/537.36" 
116.1.3.199 - - [04/Dec/2016:23:00:28 -0800] "GET /GitHub-Mark.png HTTP/1.1" 200 7428 "http://www.secrepo.com/" "Mozilla/5.0 (Windows NT 10.0; WOW64) AppleWebKit/537.36 (KHTML, like Gecko) Chrome/54.0.2840.99 Safari/537.36" 
116.1.3.197 - - [04/Dec/2016:23:00:31 -0800] "GET /twitter-icon.png HTTP/1.1" 200 27788 "http://www.secrepo.com/" "Mozilla/5.0 (Windows NT 10.0; WOW64) AppleWebKit/537.36 (KHTML, like Gecko) Chrome/54.0.2840.99 Safari/537.36" 
116.1.3.199 - - [04/Dec/2016:23:00:39 -0800] "GET /bootstrap/img/favicon.ico HTTP/1.1" 200 590 "http://www.secrepo.com/" "Mozilla/5.0 (Windows NT 10.0; WOW64) AppleWebKit/537.36 (KHTML, like Gecko) Chrome/54.0.2840.99 Safari/537.36" 
162.212.174.155 - - [04/Dec/2016:23:04:03 -0800] "GET /honeypot/Honeypot%20-%20Howto.pdf HTTP/1.0" 200 1279381 "http://www.secrepo.com/" "Mozilla/5.0 (Windows NT 6.1; WOW64) AppleWebKit/537.36 (KHTML, like Gecko) Iron/29.0.1600.1 Chrome/29.0.1600.1 Safari/537.36" 
113.108.13.36 - - [04/Dec/2016:23:06:56 -0800] "GET / HTTP/1.0" 200 34117 "-" "Mozilla/5.0 (compatible; MSIE 9.0; Windows NT 6.1; Trident/5.0)" 
116.1.3.197 - - [04/Dec/2016:23:08:48 -0800] "GET /maccdc2012/dhcp.log.gz HTTP/1.1" 200 45019 "-" "Mozilla/5.0 (Windows NT 10.0; WOW64) AppleWebKit/537.36 (KHTML, like Gecko) Chrome/54.0.2840.99 Safari/537.36" 
116.1.3.192 - - [04/Dec/2016:23:09:13 -0800] "GET / HTTP/1.1" 200 10179 "-" "Mozilla/5.0 (Windows NT 6.1; WOW64) AppleWebKit/537.36 (KHTML, like Gecko) Chrome/45.0.2454.101 Safari/537.36" 
116.1.3.192 - - [04/Dec/2016:23:09:14 -0800] "GET /twitter-icon.png HTTP/1.1" 200 27787 "http://www.secrepo.com/" "Mozilla/5.0 (Windows NT 6.1; WOW64) AppleWebKit/537.36 (KHTML, like Gecko) Chrome/45.0.2454.101 Safari/537.36" 
116.1.3.192 - - [04/Dec/2016:23:09:14 -0800] "GET /GitHub-Mark.png HTTP/1.1" 200 7428 "http://www.secrepo.com/" "Mozilla/5.0 (Windows NT 6.1; WOW64) AppleWebKit/537.36 (KHTML, like Gecko) Chrome/45.0.2454.101 Safari/537.36" 
62.231.244.47 - - [04/Dec/2016:23:09:34 -0800] "GET / HTTP/1.1" 200 10179 "http://www.mlsecproject.org/" "Mozilla/5.0 (Windows NT 6.1; WOW64) AppleWebKit/537.36 (KHTML, like Gecko) Chrome/55.0.2883.75 Safari/537.36" 
62.231.244.47 - - [04/Dec/2016:23:09:35 -0800] "GET /twitter-icon.png HTTP/1.1" 200 27787 "http://www.secrepo.com/" "Mozilla/5.0 (Windows NT 6.1; WOW64) AppleWebKit/537.36 (KHTML, like Gecko) Chrome/55.0.2883.75 Safari/537.36" 
188.135.8.47 - - [04/Dec/2016:23:09:36 -0800] "GET /GitHub-Mark.png HTTP/1.1" 200 7428 "http://www.secrepo.com/" "Mozilla/5.0 (Windows NT 6.1; WOW64) AppleWebKit/537.36 (KHTML, like Gecko) Chrome/55.0.2883.75 Safari/537.36" 
116.1.3.192 - - [04/Dec/2016:23:09:45 -0800] "GET /bootstrap/img/favicon.ico HTTP/1.1" 200 590 "http://www.secrepo.com/" "Mozilla/5.0 (Windows NT 6.1; WOW64) AppleWebKit/537.36 (KHTML, like Gecko) Chrome/45.0.2454.101 Safari/537.36" 
62.231.244.47 - - [04/Dec/2016:23:09:49 -0800] "GET /bootstrap/img/favicon.ico HTTP/1.1" 200 590 "http://www.secrepo.com/" "Mozilla/5.0 (Windows NT 6.1; WOW64) AppleWebKit/537.36 (KHTML, like Gecko) Chrome/55.0.2883.75 Safari/537.36" 
174.62.105.115 - - [04/Dec/2016:23:11:43 -0800] "GET /GitHub-Mark.png HTTP/1.1" 200 7428 "http://www.secrepo.com/" "Mozilla/5.0 (Macintosh; Intel Mac OS X 10_11_6) AppleWebKit/537.36 (KHTML, like Gecko) Chrome/54.0.2840.98 Safari/537.36" 
174.62.105.115 - - [04/Dec/2016:23:11:43 -0800] "GET /twitter-icon.png HTTP/1.1" 200 27788 "http://www.secrepo.com/" "Mozilla/5.0 (Macintosh; Intel Mac OS X 10_11_6) AppleWebKit/537.36 (KHTML, like Gecko) Chrome/54.0.2840.98 Safari/537.36" 
106.120.160.119 - - [04/Dec/2016:23:12:00 -0800] "GET / HTTP/1.1" 200 34106 "http://www.secrepo.com/" "Mozilla/4.0 (compatible; MSIE 8.0; Windows NT 6.1; Trident/4.0; SLCC2; .NET CLR 2.0.50727; .NET CLR 3.5.30729; .NET CLR 3.0.30729; Media Center PC 6.0; Tablet PC 2.0)" 
220.181.132.195 - - [04/Dec/2016:23:12:26 -0800] "GET / HTTP/1.1" 200 10179 "http://www.secrepo.com/" "Mozilla/5.0 (Windows NT 6.1) AppleWebKit/537.36 (KHTML, like Gecko) Chrome/36.0.1985.125 Safari/537.36" 
220.181.132.194 - - [04/Dec/2016:23:12:27 -0800] "GET / HTTP/1.1" 200 10179 "-" "Mozilla/5.0 (Linux; U; Android 5.0.2; zh-CN; Redmi Note 3 Build/LRX22G) AppleWebKit/537.36 (KHTML, like Gecko) Version/4.0 OPR/11.2.3.102637 Mobile Safari/537.36" 
106.120.160.119 - - [04/Dec/2016:23:12:27 -0800] "GET / HTTP/1.1" 200 34106 "http://www.secrepo.com/" "Mozilla/4.0 (compatible; MSIE 8.0; Windows NT 6.1; Trident/4.0; SLCC2; .NET CLR 2.0.50727; .NET CLR 3.5.30729; .NET CLR 3.0.30729; Media Center PC 6.0; Tablet PC 2.0)" 
101.199.108.120 - - [04/Dec/2016:23:12:58 -0800] "GET / HTTP/1.1" 200 10179 "-" "Mozilla/5.0 (Linux; U; Android 5.0.2; zh-CN; Redmi Note 3 Build/LRX22G) AppleWebKit/537.36 (KHTML, like Gecko) Version/4.0 OPR/11.2.3.102637 Mobile Safari/537.36" 
116.1.3.197 - - [04/Dec/2016:23:13:22 -0800] "GET / HTTP/1.1" 200 10179 "-" "Mozilla/5.0 (Windows NT 6.3; WOW64) AppleWebKit/537.36 (KHTML, like Gecko) Maxthon/4.4.8.2000 Chrome/30.0.1599.101 Safari/537.36" 
116.1.3.197 - - [04/Dec/2016:23:13:23 -0800] "GET / HTTP/1.1" 200 10179 "-" "Mozilla/5.0 (Windows NT 6.3; WOW64) AppleWebKit/537.36 (KHTML, like Gecko) Maxthon/4.4.8.2000 Chrome/30.0.1599.101 Safari/537.36" 
116.1.3.197 - - [04/Dec/2016:23:13:23 -0800] "GET /GitHub-Mark.png HTTP/1.1" 200 7428 "http://www.secrepo.com/" "Mozilla/5.0 (Windows NT 6.3; WOW64) AppleWebKit/537.36 (KHTML, like Gecko) Maxthon/4.4.8.2000 Chrome/30.0.1599.101 Safari/537.36" 
116.1.3.197 - - [04/Dec/2016:23:13:23 -0800] "GET /twitter-icon.png HTTP/1.1" 200 27787 "http://www.secrepo.com/" "Mozilla/5.0 (Windows NT 6.3; WOW64) AppleWebKit/537.36 (KHTML, like Gecko) Maxthon/4.4.8.2000 Chrome/30.0.1599.101 Safari/537.36" 
116.1.3.197 - - [04/Dec/2016:23:12:57 -0800] "GET /maccdc2012/dns.log.gz HTTP/1.1" 200 2448101 "-" "Mozilla/5.0 (Windows NT 10.0; WOW64) AppleWebKit/537.36 (KHTML, like Gecko) Chrome/54.0.2840.99 Safari/537.36" 
116.1.3.197 - - [04/Dec/2016:23:13:41 -0800] "GET /bootstrap/img/favicon.ico HTTP/1.1" 200 590 "-" "Mozilla/5.0 (Windows NT 6.3; WOW64) AppleWebKit/537.36 (KHTML, like Gecko) Maxthon/4.4.8.2000 Chrome/30.0.1599.101 Safari/537.36" 
116.1.3.197 - - [04/Dec/2016:23:13:48 -0800] "GET /maccdc2012/ftp.log.gz HTTP/1.1" 200 128116 "http://www.secrepo.com/" "Mozilla/5.0 (Windows NT 6.3; WOW64) AppleWebKit/537.36 (KHTML, like Gecko) Maxthon/4.4.8.2000 Chrome/30.0.1599.101 Safari/537.36" 
116.1.3.197 - - [04/Dec/2016:23:13:49 -0800] "GET /maccdc2012/notice.log.gz HTTP/1.1" 200 20779 "http://www.secrepo.com/" "Mozilla/5.0 (Windows NT 6.3; WOW64) AppleWebKit/537.36 (KHTML, like Gecko) Maxthon/4.4.8.2000 Chrome/30.0.1599.101 Safari/537.36" 
116.1.3.197 - - [04/Dec/2016:23:13:50 -0800] "GET /maccdc2012/signatures.log.gz HTTP/1.1" 200 604 "http://www.secrepo.com/" "Mozilla/5.0 (Windows NT 6.3; WOW64) AppleWebKit/537.36 (KHTML, like Gecko) Maxthon/4.4.8.2000 Chrome/30.0.1599.101 Safari/537.36" 
116.1.3.197 - - [04/Dec/2016:23:14:51 -0800] "GET /maccdc2012/conn.log.gz HTTP/1.1" 206 1048943 "-" "Mozilla/4.0 (compatible; MSIE 7.0; Windows NT 6.2; WOW64; Trident/7.0; .NET4.0E; .NET4.0C; .NET CLR 3.5.30729; .NET CLR 2.0.50727; .NET CLR 3.0.30729)" 
116.1.3.197 - - [04/Dec/2016:23:13:49 -0800] "GET /maccdc2012/http.log.gz HTTP/1.1" 200 2605782 "http://www.secrepo.com/" "Mozilla/5.0 (Windows NT 6.3; WOW64) AppleWebKit/537.36 (KHTML, like Gecko) Maxthon/4.4.8.2000 Chrome/30.0.1599.101 Safari/537.36" 
116.1.3.197 - - [04/Dec/2016:23:13:27 -0800] "GET /maccdc2012/conn.log.gz HTTP/1.1" 200 4118343 "http://www.secrepo.com/" "Mozilla/5.0 (Windows NT 6.3; WOW64) AppleWebKit/537.36 (KHTML, like Gecko) Maxthon/4.4.8.2000 Chrome/30.0.1599.101 Safari/537.36" 
116.1.3.197 - - [04/Dec/2016:23:15:01 -0800] "GET /maccdc2012/http.log.gz HTTP/1.1" 206 1048939 "-" "Mozilla/4.0 (compatible; MSIE 7.0; Windows NT 6.2; WOW64; Trident/7.0; .NET4.0E; .NET4.0C; .NET CLR 3.5.30729; .NET CLR 2.0.50727; .NET CLR 3.0.30729)" 
116.1.3.197 - - [04/Dec/2016:23:14:51 -0800] "GET /maccdc2012/conn.log.gz HTTP/1.1" 206 1048943 "-" "Mozilla/4.0 (compatible; MSIE 7.0; Windows NT 6.2; WOW64; Trident/7.0; .NET4.0E; .NET4.0C; .NET CLR 3.5.30729; .NET CLR 2.0.50727; .NET CLR 3.0.30729)" 
116.1.3.197 - - [04/Dec/2016:23:15:01 -0800] "GET /maccdc2012/http.log.gz HTTP/1.1" 206 1048939 "-" "Mozilla/4.0 (compatible; MSIE 7.0; Windows NT 6.2; WOW64; Trident/7.0; .NET4.0E; .NET4.0C; .NET CLR 3.5.30729; .NET CLR 2.0.50727; .NET CLR 3.0.30729)" 
116.1.3.197 - - [04/Dec/2016:23:13:45 -0800] "GET /maccdc2012/dns.log.gz HTTP/1.1" 200 6629420 "http://www.secrepo.com/" "Mozilla/5.0 (Windows NT 6.3; WOW64) AppleWebKit/537.36 (KHTML, like Gecko) Maxthon/4.4.8.2000 Chrome/30.0.1599.101 Safari/537.36" 
116.1.3.197 - - [04/Dec/2016:23:15:13 -0800] "GET /maccdc2012/conn.log.gz HTTP/1.1" 200 2461243 "http://www.secrepo.com/" "Mozilla/5.0 (Windows NT 6.3; WOW64) AppleWebKit/537.36 (KHTML, like Gecko) Maxthon/4.4.8.2000 Chrome/30.0.1599.101 Safari/537.36" 
116.1.3.197 - - [04/Dec/2016:23:15:13 -0800] "GET /maccdc2012/conn.log.gz HTTP/1.1" 200 2757263 "http://www.secrepo.com/" "Mozilla/5.0 (Windows NT 6.3; WOW64) AppleWebKit/537.36 (KHTML, like Gecko) Maxthon/4.4.8.2000 Chrome/30.0.1599.101 Safari/537.36" 
116.1.3.197 - - [04/Dec/2016:23:13:47 -0800] "GET /maccdc2012/files.log.gz HTTP/1.1" 200 10603662 "http://www.secrepo.com/" "Mozilla/5.0 (Windows NT 6.3; WOW64) AppleWebKit/537.36 (KHTML, like Gecko) Maxthon/4.4.8.2000 Chrome/30.0.1599.101 Safari/537.36" 
116.1.3.197 - - [04/Dec/2016:23:15:37 -0800] "GET /maccdc2012/files.log.gz HTTP/1.1" 206 480340 "-" "Mozilla/4.0 (compatible; MSIE 7.0; Windows NT 6.2; WOW64; Trident/7.0; .NET4.0E; .NET4.0C; .NET CLR 3.5.30729; .NET CLR 2.0.50727; .NET CLR 3.0.30729)" 
116.1.3.197 - - [04/Dec/2016:23:15:38 -0800] "GET /maccdc2012/files.log.gz HTTP/1.1" 206 1130040 "-" "Mozilla/4.0 (compatible; MSIE 7.0; Windows NT 6.2; WOW64; Trident/7.0; .NET4.0E; .NET4.0C; .NET CLR 3.5.30729; .NET CLR 2.0.50727; .NET CLR 3.0.30729)" 
116.1.3.197 - - [04/Dec/2016:23:15:38 -0800] "GET /maccdc2012/files.log.gz HTTP/1.1" 206 963600 "-" "Mozilla/4.0 (compatible; MSIE 7.0; Windows NT 6.2; WOW64; Trident/7.0; .NET4.0E; .NET4.0C; .NET CLR 3.5.30729; .NET CLR 2.0.50727; .NET CLR 3.0.30729)" 
116.1.3.197 - - [04/Dec/2016:23:15:37 -0800] "GET /maccdc2012/files.log.gz HTTP/1.1" 206 775260 "-" "Mozilla/4.0 (compatible; MSIE 7.0; Windows NT 6.2; WOW64; Trident/7.0; .NET4.0E; .NET4.0C; .NET CLR 3.5.30729; .NET CLR 2.0.50727; .NET CLR 3.0.30729)" 
116.1.3.197 - - [04/Dec/2016:23:15:51 -0800] "GET /maccdc2012/files.log.gz HTTP/1.1" 206 230680 "-" "Mozilla/4.0 (compatible; MSIE 7.0; Windows NT 6.2; WOW64; Trident/7.0; .NET4.0E; .NET4.0C; .NET CLR 3.5.30729; .NET CLR 2.0.50727; .NET CLR 3.0.30729)" 
116.1.3.197 - - [04/Dec/2016:23:15:50 -0800] "GET /maccdc2012/files.log.gz HTTP/1.1" 206 480041 "-" "Mozilla/4.0 (compatible; MSIE 7.0; Windows NT 6.2; WOW64; Trident/7.0; .NET4.0E; .NET4.0C; .NET CLR 3.5.30729; .NET CLR 2.0.50727; .NET CLR 3.0.30729)" 
116.1.3.197 - - [04/Dec/2016:23:15:36 -0800] "GET /maccdc2012/files.log.gz HTTP/1.1" 200 1779740 "-" "Mozilla/4.0 (compatible; MSIE 7.0; Windows NT 6.2; WOW64; Trident/7.0; .NET4.0E; .NET4.0C; .NET CLR 3.5.30729; .NET CLR 2.0.50727; .NET CLR 3.0.30729)" 
116.1.3.197 - - [04/Dec/2016:23:15:54 -0800] "GET /maccdc2012/files.log.gz HTTP/1.1" 206 164980 "-" "Mozilla/4.0 (compatible; MSIE 7.0; Windows NT 6.2; WOW64; Trident/7.0; .NET4.0E; .NET4.0C; .NET CLR 3.5.30729; .NET CLR 2.0.50727; .NET CLR 3.0.30729)" 
116.1.3.197 - - [04/Dec/2016:23:15:53 -0800] "GET /maccdc2012/files.log.gz HTTP/1.1" 206 353374 "-" "Mozilla/4.0 (compatible; MSIE 7.0; Windows NT 6.2; WOW64; Trident/7.0; .NET4.0E; .NET4.0C; .NET CLR 3.5.30729; .NET CLR 2.0.50727; .NET CLR 3.0.30729)" 
116.1.3.197 - - [04/Dec/2016:23:15:55 -0800] "GET /maccdc2012/files.log.gz HTTP/1.1" 206 138700 "-" "Mozilla/4.0 (compatible; MSIE 7.0; Windows NT 6.2; WOW64; Trident/7.0; .NET4.0E; .NET4.0C; .NET CLR 3.5.30729; .NET CLR 2.0.50727; .NET CLR 3.0.30729)" 
116.1.3.197 - - [04/Dec/2016:23:15:56 -0800] "GET /maccdc2012/files.log.gz HTTP/1.1" 206 143098 "-" "Mozilla/4.0 (compatible; MSIE 7.0; Windows NT 6.2; WOW64; Trident/7.0; .NET4.0E; .NET4.0C; .NET CLR 3.5.30729; .NET CLR 2.0.50727; .NET CLR 3.0.30729)" 
116.1.3.197 - - [04/Dec/2016:23:15:53 -0800] "GET /maccdc2012/files.log.gz HTTP/1.1" 206 281439 "-" "Mozilla/4.0 (compatible; MSIE 7.0; Windows NT 6.2; WOW64; Trident/7.0; .NET4.0E; .NET4.0C; .NET CLR 3.5.30729; .NET CLR 2.0.50727; .NET CLR 3.0.30729)" 
116.1.3.197 - - [04/Dec/2016:23:15:58 -0800] "GET /maccdc2012/files.log.gz HTTP/1.1" 206 100740 "-" "Mozilla/4.0 (compatible; MSIE 7.0; Windows NT 6.2; WOW64; Trident/7.0; .NET4.0E; .NET4.0C; .NET CLR 3.5.30729; .NET CLR 2.0.50727; .NET CLR 3.0.30729)" 
116.1.3.197 - - [04/Dec/2016:23:15:55 -0800] "GET /maccdc2012/files.log.gz HTTP/1.1" 206 211700 "-" "Mozilla/4.0 (compatible; MSIE 7.0; Windows NT 6.2; WOW64; Trident/7.0; .NET4.0E; .NET4.0C; .NET CLR 3.5.30729; .NET CLR 2.0.50727; .NET CLR 3.0.30729)" 
116.1.3.197 - - [04/Dec/2016:23:15:56 -0800] "GET /maccdc2012/files.log.gz HTTP/1.1" 206 121180 "-" "Mozilla/4.0 (compatible; MSIE 7.0; Windows NT 6.2; WOW64; Trident/7.0; .NET4.0E; .NET4.0C; .NET CLR 3.5.30729; .NET CLR 2.0.50727; .NET CLR 3.0.30729)" 
116.1.3.197 - - [04/Dec/2016:23:15:56 -0800] "GET /maccdc2012/files.log.gz HTTP/1.1" 206 491083 "-" "Mozilla/4.0 (compatible; MSIE 7.0; Windows NT 6.2; WOW64; Trident/7.0; .NET4.0E; .NET4.0C; .NET CLR 3.5.30729; .NET CLR 2.0.50727; .NET CLR 3.0.30729)" 
116.1.3.197 - - [04/Dec/2016:23:16:00 -0800] "GET /maccdc2012/files.log.gz HTTP/1.1" 206 164980 "-" "Mozilla/4.0 (compatible; MSIE 7.0; Windows NT 6.2; WOW64; Trident/7.0; .NET4.0E; .NET4.0C; .NET CLR 3.5.30729; .NET CLR 2.0.50727; .NET CLR 3.0.30729)" 
116.1.3.197 - - [04/Dec/2016:23:15:58 -0800] "GET /maccdc2012/files.log.gz HTTP/1.1" 206 480340 "-" "Mozilla/4.0 (compatible; MSIE 7.0; Windows NT 6.2; WOW64; Trident/7.0; .NET4.0E; .NET4.0C; .NET CLR 3.5.30729; .NET CLR 2.0.50727; .NET CLR 3.0.30729)" 
116.1.3.197 - - [04/Dec/2016:23:16:00 -0800] "GET /maccdc2012/files.log.gz HTTP/1.1" 206 46720 "-" "Mozilla/4.0 (compatible; MSIE 7.0; Windows NT 6.2; WOW64; Trident/7.0; .NET4.0E; .NET4.0C; .NET CLR 3.5.30729; .NET CLR 2.0.50727; .NET CLR 3.0.30729)" 
116.1.3.197 - - [04/Dec/2016:23:15:01 -0800] "GET /maccdc2012/http.log.gz HTTP/1.1" 206 4042740 "-" "Mozilla/4.0 (compatible; MSIE 7.0; Windows NT 6.2; WOW64; Trident/7.0; .NET4.0E; .NET4.0C; .NET CLR 3.5.30729; .NET CLR 2.0.50727; .NET CLR 3.0.30729)" 
116.1.3.198 - - [04/Dec/2016:23:16:07 -0800] "GET /maccdc2012/http.log.gz HTTP/1.1" 206 714612 "-" "Mozilla/4.0 (compatible; MSIE 7.0; Windows NT 6.2; WOW64; Trident/7.0; .NET4.0E; .NET4.0C; .NET CLR 3.5.30729; .NET CLR 2.0.50727; .NET CLR 3.0.30729)" 
116.1.3.197 - - [04/Dec/2016:23:16:15 -0800] "GET /maccdc2012/http.log.gz HTTP/1.1" 206 167955 "-" "Mozilla/4.0 (compatible; MSIE 7.0; Windows NT 6.2; WOW64; Trident/7.0; .NET4.0E; .NET4.0C; .NET CLR 3.5.30729; .NET CLR 2.0.50727; .NET CLR 3.0.30729)" 
116.1.3.197 - - [04/Dec/2016:23:15:19 -0800] "GET /maccdc2012/http.log.gz HTTP/1.1" 206 4196066 "-" "Mozilla/4.0 (compatible; MSIE 7.0; Windows NT 6.2; WOW64; Trident/7.0; .NET4.0E; .NET4.0C; .NET CLR 3.5.30729; .NET CLR 2.0.50727; .NET CLR 3.0.30729)" 
116.1.3.197 - - [04/Dec/2016:23:15:01 -0800] "GET /maccdc2012/http.log.gz HTTP/1.1" 206 9390720 "-" "Mozilla/4.0 (compatible; MSIE 7.0; Windows NT 6.2; WOW64; Trident/7.0; .NET4.0E; .NET4.0C; .NET CLR 3.5.30729; .NET CLR 2.0.50727; .NET CLR 3.0.30729)" 
116.1.3.197 - - [04/Dec/2016:23:15:18 -0800] "GET /maccdc2012/http.log.gz HTTP/1.1" 206 5451640 "-" "Mozilla/4.0 (compatible; MSIE 7.0; Windows NT 6.2; WOW64; Trident/7.0; .NET4.0E; .NET4.0C; .NET CLR 3.5.30729; .NET CLR 2.0.50727; .NET CLR 3.0.30729)" 
116.1.3.198 - - [04/Dec/2016:23:16:19 -0800] "GET /maccdc2012/http.log.gz HTTP/1.1" 206 199903 "-" "Mozilla/4.0 (compatible; MSIE 7.0; Windows NT 6.2; WOW64; Trident/7.0; .NET4.0E; .NET4.0C; .NET CLR 3.5.30729; .NET CLR 2.0.50727; .NET CLR 3.0.30729)" 
116.1.3.198 - - [04/Dec/2016:23:16:24 -0800] "GET /maccdc2012/http.log.gz HTTP/1.1" 206 51670 "-" "Mozilla/4.0 (compatible; MSIE 7.0; Windows NT 6.2; WOW64; Trident/7.0; .NET4.0E; .NET4.0C; .NET CLR 3.5.30729; .NET CLR 2.0.50727; .NET CLR 3.0.30729)" 
116.1.3.197 - - [04/Dec/2016:23:16:17 -0800] "GET /maccdc2012/http.log.gz HTTP/1.1" 206 476145 "-" "Mozilla/4.0 (compatible; MSIE 7.0; Windows NT 6.2; WOW64; Trident/7.0; .NET4.0E; .NET4.0C; .NET CLR 3.5.30729; .NET CLR 2.0.50727; .NET CLR 3.0.30729)" 
116.1.3.198 - - [04/Dec/2016:23:16:26 -0800] "GET /maccdc2012/http.log.gz HTTP/1.1" 206 62546 "-" "Mozilla/4.0 (compatible; MSIE 7.0; Windows NT 6.2; WOW64; Trident/7.0; .NET4.0E; .NET4.0C; .NET CLR 3.5.30729; .NET CLR 2.0.50727; .NET CLR 3.0.30729)" 
116.1.3.198 - - [04/Dec/2016:23:16:28 -0800] "GET /maccdc2012/http.log.gz HTTP/1.1" 206 126787 "-" "Mozilla/4.0 (compatible; MSIE 7.0; Windows NT 6.2; WOW64; Trident/7.0; .NET4.0E; .NET4.0C; .NET CLR 3.5.30729; .NET CLR 2.0.50727; .NET CLR 3.0.30729)" 
116.1.3.197 - - [04/Dec/2016:23:15:00 -0800] "GET /maccdc2012/http.log.gz HTTP/1.1" 200 5898400 "-" "Mozilla/4.0 (compatible; MSIE 7.0; Windows NT 6.2; WOW64; Trident/7.0; .NET4.0E; .NET4.0C; .NET CLR 3.5.30729; .NET CLR 2.0.50727; .NET CLR 3.0.30729)" 
116.1.3.197 - - [04/Dec/2016:23:16:30 -0800] "GET /maccdc2012/http.log.gz HTTP/1.1" 206 0 "-" "Mozilla/4.0 (compatible; MSIE 7.0; Windows NT 6.2; WOW64; Trident/7.0; .NET4.0E; .NET4.0C; .NET CLR 3.5.30729; .NET CLR 2.0.50727; .NET CLR 3.0.30729)" 
116.1.3.197 - - [04/Dec/2016:23:16:23 -0800] "GET /maccdc2012/http.log.gz HTTP/1.1" 206 226300 "-" "Mozilla/4.0 (compatible; MSIE 7.0; Windows NT 6.2; WOW64; Trident/7.0; .NET4.0E; .NET4.0C; .NET CLR 3.5.30729; .NET CLR 2.0.50727; .NET CLR 3.0.30729)" 
116.1.3.197 - - [04/Dec/2016:23:16:30 -0800] "GET /maccdc2012/http.log.gz HTTP/1.1" 206 0 "-" "Mozilla/4.0 (compatible; MSIE 7.0; Windows NT 6.2; WOW64; Trident/7.0; .NET4.0E; .NET4.0C; .NET CLR 3.5.30729; .NET CLR 2.0.50727; .NET CLR 3.0.30729)" 
119.84.114.20 - - [04/Dec/2016:23:16:30 -0800] "GET /maccdc2012/files.log.gz HTTP/1.1" 206 2896640 "-" "Mozilla/5.0 (Windows NT 5.1) AppleWebKit/537.36 (KHTML, like Gecko) Chrome/38.0.2125.104 Safari/537.36" 
119.84.114.20 - - [04/Dec/2016:23:16:31 -0800] "GET /maccdc2012/files.log.gz HTTP/1.1" 206 3974120 "-" "Mozilla/5.0 (Windows NT 5.1) AppleWebKit/537.36 (KHTML, like Gecko) Chrome/38.0.2125.104 Safari/537.36" 
119.84.114.20 - - [04/Dec/2016:23:16:31 -0800] "GET /maccdc2012/files.log.gz HTTP/1.1" 206 2239640 "-" "Mozilla/5.0 (Windows NT 5.1) AppleWebKit/537.36 (KHTML, like Gecko) Chrome/38.0.2125.104 Safari/537.36" 
119.84.114.20 - - [04/Dec/2016:23:16:31 -0800] "GET /maccdc2012/files.log.gz HTTP/1.1" 206 1924280 "-" "Mozilla/5.0 (Windows NT 5.1) AppleWebKit/537.36 (KHTML, like Gecko) Chrome/38.0.2125.104 Safari/537.36" 
119.84.114.20 - - [04/Dec/2016:23:16:28 -0800] "GET /maccdc2012/files.log.gz HTTP/1.1" 200 4080700 "-" "Mozilla/5.0 (Windows NT 5.1) AppleWebKit/537.36 (KHTML, like Gecko) Chrome/38.0.2125.104 Safari/537.36" 
163.172.66.136 - - [04/Dec/2016:23:17:32 -0800] "GET /self.logs/access.log.2016-05-05.gz HTTP/1.1" 200 8644 "-" "Mozilla/5.0 (compatible; AhrefsBot/5.1; +http://ahrefs.com/robot/)" 
116.1.3.197 - - [04/Dec/2016:23:18:21 -0800] "GET /maccdc2012/dhcp.log.gz HTTP/1.1" 200 45019 "http://www.secrepo.com/" "Mozilla/5.0 (Windows NT 6.3; WOW64) AppleWebKit/537.36 (KHTML, like Gecko) Maxthon/4.4.8.2000 Chrome/30.0.1599.101 Safari/537.36" 
58.220.12.218 - - [04/Dec/2016:23:18:11 -0800] "GET /maccdc2012/conn.log.gz HTTP/1.1" 200 283240 "-" "Mozilla/5.0 (Windows NT 5.1) AppleWebKit/537.36 (KHTML, like Gecko) Chrome/38.0.2125.104 Safari/537.36" 
58.220.12.218 - - [04/Dec/2016:23:18:32 -0800] "GET /maccdc2012/conn.log.gz HTTP/1.1" 206 292000 "-" "Mozilla/5.0 (Windows NT 5.1) AppleWebKit/537.36 (KHTML, like Gecko) Chrome/38.0.2125.104 Safari/537.36" 
77.88.47.27 - - [04/Dec/2016:23:19:19 -0800] "GET /robots.txt HTTP/1.1" 200 289 "-" "Mozilla/5.0 (compatible; YandexBot/3.0; +http://yandex.com/bots)" 
77.88.47.27 - - [04/Dec/2016:23:19:23 -0800] "GET /bootstrap/img/favicon.ico HTTP/1.1" 200 590 "-" "Mozilla/5.0 (compatible; YandexBot/3.0; +http://yandex.com/bots)" 
58.220.12.218 - - [04/Dec/2016:23:19:30 -0800] "GET /maccdc2012/http.log.gz HTTP/1.1" 200 302220 "-" "Mozilla/5.0 (Windows NT 5.1) AppleWebKit/537.36 (KHTML, like Gecko) Chrome/38.0.2125.104 Safari/537.36" 
58.220.12.218 - - [04/Dec/2016:23:19:40 -0800] "GET /maccdc2012/http.log.gz HTTP/1.1" 206 389820 "-" "Mozilla/5.0 (Windows NT 5.1) AppleWebKit/537.36 (KHTML, like Gecko) Chrome/38.0.2125.104 Safari/537.36" 
58.220.12.218 - - [04/Dec/2016:23:20:43 -0800] "GET /maccdc2012/http.log.gz HTTP/1.1" 206 327040 "-" "Mozilla/5.0 (Windows NT 5.1) AppleWebKit/537.36 (KHTML, like Gecko) Chrome/38.0.2125.104 Safari/537.36" 
58.220.12.218 - - [04/Dec/2016:23:18:49 -0800] "GET /maccdc2012/conn.log.gz HTTP/1.1" 206 3514220 "-" "Mozilla/5.0 (Windows NT 5.1) AppleWebKit/537.36 (KHTML, like Gecko) Chrome/38.0.2125.104 Safari/537.36" 
58.220.12.218 - - [04/Dec/2016:23:17:47 -0800] "GET /maccdc2012/conn.log.gz HTTP/1.1" 200 4299700 "-" "Mozilla/5.0 (Windows NT 5.1) AppleWebKit/537.36 (KHTML, like Gecko) Chrome/38.0.2125.104 Safari/537.36" 
58.220.12.218 - - [04/Dec/2016:23:18:11 -0800] "GET /maccdc2012/conn.log.gz HTTP/1.1" 206 4490960 "-" "Mozilla/5.0 (Windows NT 5.1) AppleWebKit/537.36 (KHTML, like Gecko) Chrome/38.0.2125.104 Safari/537.36" 
58.220.12.218 - - [04/Dec/2016:23:18:32 -0800] "GET /maccdc2012/conn.log.gz HTTP/1.1" 206 3544880 "-" "Mozilla/5.0 (Windows NT 5.1) AppleWebKit/537.36 (KHTML, like Gecko) Chrome/38.0.2125.104 Safari/537.36" 
58.220.12.218 - - [04/Dec/2016:23:18:32 -0800] "GET /maccdc2012/conn.log.gz HTTP/1.1" 206 2822180 "-" "Mozilla/5.0 (Windows NT 5.1) AppleWebKit/537.36 (KHTML, like Gecko) Chrome/38.0.2125.104 Safari/537.36" 
68.180.230.40 - - [04/Dec/2016:23:21:50 -0800] "GET /self.logs/error.log.2015-11-30.gz HTTP/1.1" 200 834 "-" "Mozilla/5.0 (compatible; Yahoo! Slurp; http://help.yahoo.com/help/us/ysearch/slurp)" 
58.220.12.218 - - [04/Dec/2016:23:20:55 -0800] "GET /maccdc2012/http.log.gz HTTP/1.1" 206 2417760 "-" "Mozilla/5.0 (Windows NT 5.1) AppleWebKit/537.36 (KHTML, like Gecko) Chrome/38.0.2125.104 Safari/537.36" 
58.220.12.218 - - [04/Dec/2016:23:19:52 -0800] "GET /maccdc2012/http.log.gz HTTP/1.1" 206 2639680 "-" "Mozilla/5.0 (Windows NT 5.1) AppleWebKit/537.36 (KHTML, like Gecko) Chrome/38.0.2125.104 Safari/537.36" 
58.220.12.218 - - [04/Dec/2016:23:19:52 -0800] "GET /maccdc2012/http.log.gz HTTP/1.1" 206 3971200 "-" "Mozilla/5.0 (Windows NT 5.1) AppleWebKit/537.36 (KHTML, like Gecko) Chrome/38.0.2125.104 Safari/537.36" 
58.220.12.218 - - [04/Dec/2016:23:19:40 -0800] "GET /maccdc2012/http.log.gz HTTP/1.1" 206 3996020 "-" "Mozilla/5.0 (Windows NT 5.1) AppleWebKit/537.36 (KHTML, like Gecko) Chrome/38.0.2125.104 Safari/537.36" 
58.220.12.218 - - [04/Dec/2016:23:19:53 -0800] "GET /maccdc2012/http.log.gz HTTP/1.1" 206 2684940 "-" "Mozilla/5.0 (Windows NT 5.1) AppleWebKit/537.36 (KHTML, like Gecko) Chrome/38.0.2125.104 Safari/537.36" 
116.1.3.200 - - [04/Dec/2016:23:22:33 -0800] "GET /maccdc2012/smtp.log.gz HTTP/1.1" 200 6908 "http://www.secrepo.com/" "Mozilla/5.0 (Windows NT 6.3; WOW64) AppleWebKit/537.36 (KHTML, like Gecko) Maxthon/4.4.8.2000 Chrome/30.0.1599.101 Safari/537.36" 
116.1.3.199 - - [04/Dec/2016:23:22:44 -0800] "GET /maccdc2012/ssh.log.gz HTTP/1.1" 200 182517 "http://www.secrepo.com/" "Mozilla/5.0 (Windows NT 6.3; WOW64) AppleWebKit/537.36 (KHTML, like Gecko) Maxthon/4.4.8.2000 Chrome/30.0.1599.101 Safari/537.36" 
116.1.3.201 - - [04/Dec/2016:23:22:48 -0800] "GET /maccdc2012/tunnel.log.gz HTTP/1.1" 200 5229 "http://www.secrepo.com/" "Mozilla/5.0 (Windows NT 6.3; WOW64) AppleWebKit/537.36 (KHTML, like Gecko) Maxthon/4.4.8.2000 Chrome/30.0.1599.101 Safari/537.36" 
116.1.3.197 - - [04/Dec/2016:23:22:46 -0800] "GET /maccdc2012/ssl.log.gz HTTP/1.1" 200 1313675 "http://www.secrepo.com/" "Mozilla/5.0 (Windows NT 6.3; WOW64) AppleWebKit/537.36 (KHTML, like Gecko) Maxthon/4.4.8.2000 Chrome/30.0.1599.101 Safari/537.36" 
116.1.3.197 - - [04/Dec/2016:23:22:53 -0800] "GET /maccdc2012/weird.log.gz HTTP/1.1" 200 1242777 "http://www.secrepo.com/" "Mozilla/5.0 (Windows NT 6.3; WOW64) AppleWebKit/537.36 (KHTML, like Gecko) Maxthon/4.4.8.2000 Chrome/30.0.1599.101 Safari/537.36" 
116.1.3.197 - - [04/Dec/2016:23:15:08 -0800] "GET /maccdc2012/conn.log.gz HTTP/1.1" 206 40791382 "-" "Mozilla/4.0 (compatible; MSIE 7.0; Windows NT 6.2; WOW64; Trident/7.0; .NET4.0E; .NET4.0C; .NET CLR 3.5.30729; .NET CLR 2.0.50727; .NET CLR 3.0.30729)" 
116.1.3.198 - - [04/Dec/2016:23:23:11 -0800] "GET /maccdc2012/maccdc2012_fast_alert.7z HTTP/1.1" 200 283240 "http://www.secrepo.com/" "Mozilla/5.0 (Windows NT 6.3; WOW64) AppleWebKit/537.36 (KHTML, like Gecko) Maxthon/4.4.8.2000 Chrome/30.0.1599.101 Safari/537.36" 
116.1.3.197 - - [04/Dec/2016:23:14:52 -0800] "GET /maccdc2012/conn.log.gz HTTP/1.1" 206 17746300 "-" "Mozilla/4.0 (compatible; MSIE 7.0; Windows NT 6.2; WOW64; Trident/7.0; .NET4.0E; .NET4.0C; .NET CLR 3.5.30729; .NET CLR 2.0.50727; .NET CLR 3.0.30729)" 
116.1.3.198 - - [04/Dec/2016:23:23:22 -0800] "GET /maccdc2012/maccdc2012_full_alert.7z HTTP/1.1" 200 324120 "http://www.secrepo.com/" "Mozilla/5.0 (Windows NT 6.3; WOW64) AppleWebKit/537.36 (KHTML, like Gecko) Maxthon/4.4.8.2000 Chrome/30.0.1599.101 Safari/537.36" 
101.226.180.164 - - [04/Dec/2016:23:23:35 -0800] "GET /maccdc2012/maccdc2012_fast_alert.7z HTTP/1.1" 206 338720 "-" "Mozilla/5.0 (Windows NT 5.1) AppleWebKit/537.36 (KHTML, like Gecko) Chrome/38.0.2125.104 Safari/537.36" 
101.226.180.164 - - [04/Dec/2016:23:23:32 -0800] "GET /maccdc2012/maccdc2012_fast_alert.7z HTTP/1.1" 200 725620 "-" "Mozilla/5.0 (Windows NT 5.1) AppleWebKit/537.36 (KHTML, like Gecko) Chrome/38.0.2125.104 Safari/537.36" 
101.226.180.164 - - [04/Dec/2016:23:23:40 -0800] "GET /maccdc2012/maccdc2012_fast_alert.7z HTTP/1.1" 206 893520 "-" "Mozilla/5.0 (Windows NT 5.1) AppleWebKit/537.36 (KHTML, like Gecko) Chrome/38.0.2125.104 Safari/537.36" 
101.226.180.164 - - [04/Dec/2016:23:23:45 -0800] "GET /maccdc2012/maccdc2012_fast_alert.7z HTTP/1.1" 206 393568 "-" "Mozilla/5.0 (Windows NT 5.1) AppleWebKit/537.36 (KHTML, like Gecko) Chrome/38.0.2125.104 Safari/537.36" 
101.226.180.164 - - [04/Dec/2016:23:23:54 -0800] "GET /maccdc2012/maccdc2012_fast_alert.7z HTTP/1.1" 206 67160 "-" "Mozilla/5.0 (Windows NT 5.1) AppleWebKit/537.36 (KHTML, like Gecko) Chrome/38.0.2125.104 Safari/537.36" 
101.226.180.164 - - [04/Dec/2016:23:23:56 -0800] "GET /maccdc2012/maccdc2012_fast_alert.7z HTTP/1.1" 206 82271 "-" "Mozilla/5.0 (Windows NT 5.1) AppleWebKit/537.36 (KHTML, like Gecko) Chrome/38.0.2125.104 Safari/537.36" 
101.226.180.164 - - [04/Dec/2016:23:23:59 -0800] "GET /maccdc2012/maccdc2012_fast_alert.7z HTTP/1.1" 206 100740 "-" "Mozilla/5.0 (Windows NT 5.1) AppleWebKit/537.36 (KHTML, like Gecko) Chrome/38.0.2125.104 Safari/537.36" 
101.226.180.164 - - [04/Dec/2016:23:24:00 -0800] "GET /maccdc2012/maccdc2012_fast_alert.7z HTTP/1.1" 206 49503 "-" "Mozilla/5.0 (Windows NT 5.1) AppleWebKit/537.36 (KHTML, like Gecko) Chrome/38.0.2125.104 Safari/537.36" 
101.226.180.164 - - [04/Dec/2016:23:23:40 -0800] "GET /maccdc2012/maccdc2012_fast_alert.7z HTTP/1.1" 206 697880 "-" "Mozilla/5.0 (Windows NT 5.1) AppleWebKit/537.36 (KHTML, like Gecko) Chrome/38.0.2125.104 Safari/537.36" 
101.226.180.164 - - [04/Dec/2016:23:24:06 -0800] "GET /maccdc2012/maccdc2012_fast_alert.7z HTTP/1.1" 206 33119 "-" "Mozilla/5.0 (Windows NT 5.1) AppleWebKit/537.36 (KHTML, like Gecko) Chrome/38.0.2125.104 Safari/537.36" 
101.226.180.164 - - [04/Dec/2016:23:24:01 -0800] "GET /maccdc2012/maccdc2012_fast_alert.7z HTTP/1.1" 206 344560 "-" "Mozilla/5.0 (Windows NT 5.1) AppleWebKit/537.36 (KHTML, like Gecko) Chrome/38.0.2125.104 Safari/537.36" 
116.1.3.197 - - [04/Dec/2016:23:14:52 -0800] "GET /maccdc2012/conn.log.gz HTTP/1.1" 206 31203120 "-" "Mozilla/4.0 (compatible; MSIE 7.0; Windows NT 6.2; WOW64; Trident/7.0; .NET4.0E; .NET4.0C; .NET CLR 3.5.30729; .NET CLR 2.0.50727; .NET CLR 3.0.30729)" 
101.226.180.164 - - [04/Dec/2016:23:24:07 -0800] "GET /maccdc2012/maccdc2012_fast_alert.7z HTTP/1.1" 206 375220 "-" "Mozilla/5.0 (Windows NT 5.1) AppleWebKit/537.36 (KHTML, like Gecko) Chrome/38.0.2125.104 Safari/537.36" 
116.1.3.198 - - [04/Dec/2016:23:23:27 -0800] "GET /maccdc2012/maccdc2012_full_alert.7z HTTP/1.1" 206 1048933 "-" "Mozilla/4.0 (compatible; MSIE 7.0; Windows NT 6.2; WOW64; Trident/7.0; .NET4.0E; .NET4.0C; .NET CLR 3.5.30729; .NET CLR 2.0.50727; .NET CLR 3.0.30729)" 
116.1.3.197 - - [04/Dec/2016:23:23:24 -0800] "GET /maccdc2012/conn.log.gz HTTP/1.1" 206 4292565 "-" "Mozilla/4.0 (compatible; MSIE 7.0; Windows NT 6.2; WOW64; Trident/7.0; .NET4.0E; .NET4.0C; .NET CLR 3.5.30729; .NET CLR 2.0.50727; .NET CLR 3.0.30729)" 
116.1.3.197 - - [04/Dec/2016:23:23:15 -0800] "GET /maccdc2012/maccdc2012_fast_alert.7z HTTP/1.1" 206 1048929 "-" "Mozilla/4.0 (compatible; MSIE 7.0; Windows NT 6.2; WOW64; Trident/7.0; .NET4.0E; .NET4.0C; .NET CLR 3.5.30729; .NET CLR 2.0.50727; .NET CLR 3.0.30729)" 
