157.55.39.38 - - [14/Nov/2015:02:00:24 -0800] "GET /honeypot/BSidesDFW%20-%202014.ipynb HTTP/1.1" 200 930836 "-" "Mozilla/5.0 (iPhone; CPU iPhone OS 7_0 like Mac OS X) AppleWebKit/537.51.1 (KHTML, like Gecko) Version/7.0 Mobile/11A465 Safari/9537.53 (compatible; bingbot/2.0;  http://www.bing.com/bingbot.htm)" 
180.76.15.154 - - [14/Nov/2015:02:17:54 -0800] "GET /maccdc2012/maccdc2012_full_alert.7z HTTP/1.1" 200 699340 "-" "Mozilla/5.0 (compatible; Baiduspider/2.0; +http://www.baidu.com/search/spider.html)" 
157.55.39.251 - - [14/Nov/2015:02:22:46 -0800] "GET /robots.txt HTTP/1.1" 200 334 "-" "Mozilla/5.0 (compatible; bingbot/2.0; +http://www.bing.com/bingbot.htm)" 
62.210.162.17 - - [14/Nov/2015:02:26:00 -0800] "GET /honeypot/BSidesDFW - 2014.ipynb HTTP/1.0" 404 295 "-" "Mozilla/5.0 (Windows NT 6.1) AppleWebKit/537.36 (KHTML, like Gecko) Chrome/41.0.2228.0 Safari/537.36" 
62.210.162.17 - - [14/Nov/2015:02:26:00 -0800] "GET /honeypot/BSidesDFW - 2014.ipynb HTTP/1.0" 404 295 "-" "Mozilla/5.0 (Windows NT 6.1) AppleWebKit/537.36 (KHTML, like Gecko) Chrome/41.0.2228.0 Safari/537.36" 
62.210.162.17 - - [14/Nov/2015:02:26:00 -0800] "GET /honeypot/BSidesDFW - 2014.ipynb HTTP/1.0" 404 295 "-" "Mozilla/5.0 (Windows NT 6.1) AppleWebKit/537.36 (KHTML, like Gecko) Chrome/41.0.2228.0 Safari/537.36" 
62.210.162.17 - - [14/Nov/2015:02:26:01 -0800] "GET /honeypot/BSidesDFW - 2014.ipynb HTTP/1.0" 404 295 "-" "Mozilla/5.0 (Windows NT 6.1) AppleWebKit/537.36 (KHTML, like Gecko) Chrome/41.0.2228.0 Safari/537.36" 
193.140.109.2 - - [14/Nov/2015:02:35:50 -0800] "GET / HTTP/1.1" 200 8101 "-" "Mozilla/5.0 (Linux; Android 4.4.2; Nexus 5 Build/KOT49H) AppleWebKit/537.36 (KHTML, like Gecko) Version/4.0 Chrome/30.0.0.0 Mobile Safari/537.36" 
193.140.109.2 - - [14/Nov/2015:02:35:50 -0800] "GET /twitter-icon.png HTTP/1.1" 200 27788 "-" "Mozilla/5.0 (Linux; Android 4.4.2; Nexus 5 Build/KOT49H) AppleWebKit/537.36 (KHTML, like Gecko) Version/4.0 Chrome/30.0.0.0 Mobile Safari/537.36" 
193.140.109.2 - - [14/Nov/2015:02:35:51 -0800] "GET /GitHub-Mark.png HTTP/1.1" 200 7428 "-" "Mozilla/5.0 (Linux; Android 4.4.2; Nexus 5 Build/KOT49H) AppleWebKit/537.36 (KHTML, like Gecko) Version/4.0 Chrome/30.0.0.0 Mobile Safari/537.36" 
92.1.120.100 - - [14/Nov/2015:02:40:35 -0800] "GET /bootstrap/img/favicon.ico HTTP/1.1" 200 590 "-" "Mozilla/5.0 (Windows NT 6.3; WOW64; rv:42.0) Gecko/20100101 Firefox/42.0" 
178.137.82.178 - - [14/Nov/2015:03:09:36 -0800] "GET /honeypot/ HTTP/1.1" 200 1077 "http://detskie-zabavi.ru/" "Mozilla/4.0 (compatible; MSIE 6.0; Windows NT 5.1; MRA 4.3 (build 01218); .NET CLR 1.1.4322)" 
178.137.82.178 - - [14/Nov/2015:03:09:37 -0800] "GET /honeypot/ HTTP/1.1" 200 1077 "http://detskie-zabavi.ru/" "Mozilla/4.0 (compatible; MSIE 6.0; Windows NT 5.1; MRA 4.3 (build 01218); .NET CLR 1.1.4322)" 
178.137.82.178 - - [14/Nov/2015:03:09:38 -0800] "GET /honeypot/ HTTP/1.1" 200 1077 "http://detskie-zabavi.ru/" "Mozilla/4.0 (compatible; MSIE 6.0; Windows NT 5.1; MRA 4.3 (build 01218); .NET CLR 1.1.4322)" 
157.55.39.162 - - [14/Nov/2015:03:21:43 -0800] "GET /self.logs/error.log.2015-02-05.gz HTTP/1.1" 301 543 "-" "Mozilla/5.0 (compatible; bingbot/2.0; +http://www.bing.com/bingbot.htm)" 
157.55.39.38 - - [14/Nov/2015:04:30:18 -0800] "GET /self.logs/access.log.2015-05-30.gz HTTP/1.1" 301 545 "-" "Mozilla/5.0 (compatible; bingbot/2.0; +http://www.bing.com/bingbot.htm)" 
202.46.129.70 - - [14/Nov/2015:05:00:03 -0800] "GET / HTTP/1.1" 301 483 "-" "Mozilla/5.0 (X11; Ubuntu; Linux x86_64; rv:34.0) Gecko/20100101 Firefox/34.0" 
202.46.129.70 - - [14/Nov/2015:05:00:04 -0800] "GET / HTTP/1.1" 200 8101 "-" "Mozilla/5.0 (X11; Ubuntu; Linux x86_64; rv:34.0) Gecko/20100101 Firefox/34.0" 
202.46.129.70 - - [14/Nov/2015:05:00:25 -0800] "GET /honeypot/honeypot.json.zip HTTP/1.1" 200 236520 "http://www.secrepo.com/" "Mozilla/5.0 (X11; Ubuntu; Linux x86_64; rv:34.0) Gecko/20100101 Firefox/34.0" 
104.130.0.17 - - [14/Nov/2015:05:00:39 -0800] "GET /robots.txt HTTP/1.1" 301 446 "-" "Tornado-Async-Client" 
104.130.0.17 - - [14/Nov/2015:05:00:39 -0800] "GET /robots.txt HTTP/1.1" 200 304 "-" "Tornado-Async-Client" 
104.130.0.17 - - [14/Nov/2015:05:00:39 -0800] "GET /honeypot/BSidesDFW%20-%202014.ipynb HTTP/1.1" 301 484 "-" "Tornado-Async-Client" 
104.130.0.17 - - [14/Nov/2015:05:00:39 -0800] "GET /honeypot/BSidesDFW%20-%202014.ipynb HTTP/1.1" 200 930780 "-" "Tornado-Async-Client" 
58.146.114.227 - - [14/Nov/2015:05:02:28 -0800] "GET / HTTP/1.1" 200 8101 "http://www.mlsecproject.org/" "Mozilla/5.0 (Windows NT 6.1; WOW64) AppleWebKit/537.36 (KHTML, like Gecko) Chrome/46.0.2490.86 Safari/537.36" 
58.146.114.227 - - [14/Nov/2015:05:02:29 -0800] "GET /twitter-icon.png HTTP/1.1" 200 27787 "http://www.secrepo.com/" "Mozilla/5.0 (Windows NT 6.1; WOW64) AppleWebKit/537.36 (KHTML, like Gecko) Chrome/46.0.2490.86 Safari/537.36" 
58.146.114.227 - - [14/Nov/2015:05:02:29 -0800] "GET /GitHub-Mark.png HTTP/1.1" 200 7428 "http://www.secrepo.com/" "Mozilla/5.0 (Windows NT 6.1; WOW64) AppleWebKit/537.36 (KHTML, like Gecko) Chrome/46.0.2490.86 Safari/537.36" 
58.146.114.227 - - [14/Nov/2015:05:02:31 -0800] "GET /bootstrap/img/favicon.ico HTTP/1.1" 200 589 "http://www.secrepo.com/" "Mozilla/5.0 (Windows NT 6.1; WOW64) AppleWebKit/537.36 (KHTML, like Gecko) Chrome/46.0.2490.86 Safari/537.36" 
202.46.129.70 - - [14/Nov/2015:05:05:59 -0800] "GET /favicon.ico HTTP/1.1" 200 268 "-" "Mozilla/5.0 (X11; Ubuntu; Linux x86_64; rv:34.0) Gecko/20100101 Firefox/34.0" 
62.163.182.60 - - [14/Nov/2015:05:15:57 -0800] "GET / HTTP/1.1" 301 483 "https://t.co/pArNAxyuQQ" "Mozilla/5.0 (iPhone; CPU iPhone OS 9_1 like Mac OS X) AppleWebKit/601.1.46 (KHTML, like Gecko) Mobile/13B143 Twitter for iPhone" 
62.163.182.60 - - [14/Nov/2015:05:15:57 -0800] "GET / HTTP/1.1" 200 8101 "-" "Mozilla/5.0 (iPhone; CPU iPhone OS 9_1 like Mac OS X) AppleWebKit/601.1.46 (KHTML, like Gecko) Mobile/13B143 Twitter for iPhone" 
62.163.182.60 - - [14/Nov/2015:05:15:57 -0800] "GET /twitter-icon.png HTTP/1.1" 200 27787 "http://www.secrepo.com/" "Mozilla/5.0 (iPhone; CPU iPhone OS 9_1 like Mac OS X) AppleWebKit/601.1.46 (KHTML, like Gecko) Mobile/13B143 Twitter for iPhone" 
62.163.182.60 - - [14/Nov/2015:05:15:57 -0800] "GET /GitHub-Mark.png HTTP/1.1" 200 7428 "http://www.secrepo.com/" "Mozilla/5.0 (iPhone; CPU iPhone OS 9_1 like Mac OS X) AppleWebKit/601.1.46 (KHTML, like Gecko) Mobile/13B143 Twitter for iPhone" 
123.125.71.110 - - [14/Nov/2015:05:53:29 -0800] "GET / HTTP/1.1" 200 8064 "-" "Mozilla/5.0 (Windows NT 5.1; rv:6.0.2) Gecko/20100101 Firefox/6.0.2" 
123.125.71.89 - - [14/Nov/2015:05:53:30 -0800] "GET / HTTP/1.1" 200 26620 "-" "Mozilla/5.0 (Windows NT 5.1; rv:6.0.2) Gecko/20100101 Firefox/6.0.2" 
107.150.42.186 - - [14/Nov/2015:05:55:34 -0800] "GET / HTTP/1.1" 301 483 "-" "Mozilla/5.0 (Windows NT 6.1; Trident/7.0; rv:11.0) like Gecko" 
178.137.82.133 - - [14/Nov/2015:05:56:41 -0800] "GET /honeypot/ HTTP/1.1" 200 1077 "http://cinemaenergy-hd.ru/" "Mozilla/4.0 (compatible; MSIE 6.0; Windows NT 5.2; WOW64; SV1; .NET CLR 2.0.50727)" 
178.137.82.133 - - [14/Nov/2015:05:56:41 -0800] "GET /honeypot/ HTTP/1.1" 200 1077 "http://labplus.ru/" "Mozilla/4.0 (compatible; MSIE 6.0; Windows NT 5.2; SV1; .NET CLR 1.1.4322; .NET CLR 2.0.50727)" 
178.137.82.133 - - [14/Nov/2015:05:56:42 -0800] "GET /honeypot/ HTTP/1.1" 200 1077 "http://cinemaenergy-hd.ru/" "Mozilla/4.0 (compatible; MSIE 6.0; Windows NT 5.2; WOW64; SV1; .NET CLR 2.0.50727)" 
178.137.82.133 - - [14/Nov/2015:05:56:42 -0800] "GET /honeypot/ HTTP/1.1" 200 1077 "http://labplus.ru/" "Mozilla/4.0 (compatible; MSIE 6.0; Windows NT 5.2; SV1; .NET CLR 1.1.4322; .NET CLR 2.0.50727)" 
178.137.82.133 - - [14/Nov/2015:05:56:42 -0800] "GET /honeypot/ HTTP/1.1" 200 1077 "http://cinemaenergy-hd.ru/" "Mozilla/4.0 (compatible; MSIE 6.0; Windows NT 5.2; WOW64; SV1; .NET CLR 2.0.50727)" 
178.137.82.133 - - [14/Nov/2015:05:56:42 -0800] "GET /honeypot/ HTTP/1.1" 200 1077 "http://labplus.ru/" "Mozilla/4.0 (compatible; MSIE 6.0; Windows NT 5.2; SV1; .NET CLR 1.1.4322; .NET CLR 2.0.50727)" 
123.125.71.79 - - [14/Nov/2015:06:52:11 -0800] "GET / HTTP/1.1" 200 8064 "-" "Mozilla/5.0 (Windows NT 5.1; rv:6.0.2) Gecko/20100101 Firefox/6.0.2" 
123.125.71.80 - - [14/Nov/2015:06:52:11 -0800] "GET / HTTP/1.1" 200 26620 "-" "Mozilla/5.0 (Windows NT 5.1; rv:6.0.2) Gecko/20100101 Firefox/6.0.2" 
158.103.0.1 - - [14/Nov/2015:07:12:55 -0800] "GET / HTTP/1.1" 200 8101 "-" "Mozilla/5.0 (Windows NT 6.1; WOW64) AppleWebKit/537.36 (KHTML, like Gecko) Chrome/46.0.2490.86 Safari/537.36" 
158.103.0.1 - - [14/Nov/2015:07:13:06 -0800] "GET /twitter-icon.png HTTP/1.1" 200 27788 "http://www.secrepo.com/" "Mozilla/5.0 (Windows NT 6.1; WOW64) AppleWebKit/537.36 (KHTML, like Gecko) Chrome/46.0.2490.86 Safari/537.36" 
158.103.0.1 - - [14/Nov/2015:07:13:17 -0800] "GET /GitHub-Mark.png HTTP/1.1" 200 7428 "http://www.secrepo.com/" "Mozilla/5.0 (Windows NT 6.1; WOW64) AppleWebKit/537.36 (KHTML, like Gecko) Chrome/46.0.2490.86 Safari/537.36" 
173.75.8.241 - - [14/Nov/2015:07:32:31 -0800] "GET / HTTP/1.1" 200 8101 "-" "Mozilla/5.0 (Macintosh; Intel Mac OS X 10_10_5) AppleWebKit/601.2.7 (KHTML, like Gecko)" 
173.75.8.241 - - [14/Nov/2015:07:32:31 -0800] "GET /apple-touch-icon-precomposed.png HTTP/1.1" 404 340 "-" "Safari/10601.2.7.2 CFNetwork/720.5.7 Darwin/14.5.0 (x86_64)" 
173.75.8.241 - - [14/Nov/2015:07:32:31 -0800] "GET /bootstrap/img/favicon.ico HTTP/1.1" 200 590 "-" "Safari/10601.2.7.2 CFNetwork/720.5.7 Darwin/14.5.0 (x86_64)" 
173.75.8.241 - - [14/Nov/2015:07:32:31 -0800] "GET /apple-touch-icon.png HTTP/1.1" 404 339 "-" "Safari/10601.2.7.2 CFNetwork/720.5.7 Darwin/14.5.0 (x86_64)" 
173.75.8.241 - - [14/Nov/2015:07:32:31 -0800] "GET /apple-touch-icon-precomposed.png HTTP/1.1" 404 339 "-" "Safari/10601.2.7.2 CFNetwork/720.5.7 Darwin/14.5.0 (x86_64)" 
173.75.8.241 - - [14/Nov/2015:07:32:31 -0800] "GET /apple-touch-icon.png HTTP/1.1" 404 339 "-" "Safari/10601.2.7.2 CFNetwork/720.5.7 Darwin/14.5.0 (x86_64)" 
123.125.71.75 - - [14/Nov/2015:07:51:57 -0800] "GET / HTTP/1.1" 200 8064 "-" "Mozilla/5.0 (Windows NT 5.1; rv:6.0.2) Gecko/20100101 Firefox/6.0.2" 
123.125.71.115 - - [14/Nov/2015:07:51:58 -0800] "GET / HTTP/1.1" 200 26620 "-" "Mozilla/5.0 (Windows NT 5.1; rv:6.0.2) Gecko/20100101 Firefox/6.0.2" 
96.230.75.245 - - [14/Nov/2015:08:49:15 -0800] "GET / HTTP/1.1" 200 8101 "http://www.mlsecproject.org/" "Mozilla/5.0 (Windows NT 10.0; WOW64; rv:42.0) Gecko/20100101 Firefox/42.0" 
96.230.75.245 - - [14/Nov/2015:08:49:15 -0800] "GET /bootstrap/img/favicon.ico HTTP/1.1" 200 589 "-" "Mozilla/5.0 (Windows NT 10.0; WOW64; rv:42.0) Gecko/20100101 Firefox/42.0" 
96.230.75.245 - - [14/Nov/2015:08:49:15 -0800] "GET /twitter-icon.png HTTP/1.1" 200 27787 "http://www.secrepo.com/" "Mozilla/5.0 (Windows NT 10.0; WOW64; rv:42.0) Gecko/20100101 Firefox/42.0" 
96.230.75.245 - - [14/Nov/2015:08:49:15 -0800] "GET /GitHub-Mark.png HTTP/1.1" 200 7428 "http://www.secrepo.com/" "Mozilla/5.0 (Windows NT 10.0; WOW64; rv:42.0) Gecko/20100101 Firefox/42.0" 
91.200.12.137 - - [14/Nov/2015:08:50:05 -0800] "GET /honeypot/Honeypot%20-%20Howto.pdf HTTP/1.0" 200 805920 "http://www.secrepo.com/honeypot/Honeypot%20-%20Howto.pdf" "Mozilla/5.0 (Windows NT 6.1; rv:40.0) Gecko/20100101 Firefox/40.0" 
91.200.12.143 - - [14/Nov/2015:09:03:10 -0800] "GET /honeypot/Honeypot%20-%20Howto.pdf HTTP/1.0" 200 1001560 "http://www.secrepo.com/honeypot/Honeypot%20-%20Howto.pdf" "Mozilla/5.0 (Windows NT 6.3; WOW64; rv:40.0) Gecko/20100101 Firefox/40.0" 
91.200.12.137 - - [14/Nov/2015:09:03:20 -0800] "GET /honeypot/Honeypot%20-%20Howto.pdf HTTP/1.0" 200 610280 "http://www.secrepo.com/honeypot/Honeypot%20-%20Howto.pdf" "Mozilla/5.0 (Windows NT 6.3; WOW64) AppleWebKit/537.36 (KHTML, like Gecko) Chrome/45.0.2454.99 Safari/537.36" 
91.200.12.141 - - [14/Nov/2015:09:06:10 -0800] "GET /honeypot/Honeypot%20-%20Howto.pdf HTTP/1.0" 200 934400 "http://www.secrepo.com/honeypot/Honeypot%20-%20Howto.pdf" "Mozilla/5.0 (Windows NT 6.1; WOW64; rv:41.0) Gecko/20100101 Firefox/41.0" 
91.200.12.106 - - [14/Nov/2015:09:11:30 -0800] "GET /honeypot/Honeypot%20-%20Howto.pdf HTTP/1.0" 200 550420 "http://www.secrepo.com/honeypot/Honeypot%20-%20Howto.pdf" "Mozilla/5.0 (Windows NT 6.1; WOW64; rv:40.0) Gecko/20100101 Firefox/40.0" 
199.16.156.124 - - [14/Nov/2015:09:13:23 -0800] "GET /robots.txt HTTP/1.1" 200 304 "-" "Twitterbot/1.0" 
199.16.156.124 - - [14/Nov/2015:09:13:23 -0800] "GET / HTTP/1.1" 200 8045 "-" "Twitterbot/1.0" 
178.150.15.176 - - [14/Nov/2015:09:14:41 -0800] "GET /honeypot/BSidesDFW%20-%202014.ipynb HTTP/1.0" 200 930799 "http://www.secrepo.com/honeypot/BSidesDFW%20-%202014.ipynb" "Mozilla/5.0 (Windows NT 6.1; WOW64; rv:40.0) Gecko/20100101 Firefox/40.0" 
178.150.15.176 - - [14/Nov/2015:09:14:44 -0800] "GET /honeypot/BSidesDFW%20-%202014.ipynb HTTP/1.0" 301 523 "http://secrepo.com/honeypot/BSidesDFW%20-%202014.ipynb" "Mozilla/5.0 (Windows NT 6.3; WOW64) AppleWebKit/537.36 (KHTML, like Gecko) Chrome/45.0.2454.101 Safari/537.36" 
178.150.15.176 - - [14/Nov/2015:09:14:44 -0800] "GET /honeypot/BSidesDFW - 2014.ipynb HTTP/1.0" 404 284 "http://www.secrepo.com/honeypot/BSidesDFW - 2014.ipynb" "Mozilla/5.0 (Windows NT 6.1; WOW64) AppleWebKit/537.36 (KHTML, like Gecko) Chrome/45.0.2454.101 Safari/537.36" 
91.200.12.143 - - [14/Nov/2015:09:16:51 -0800] "GET /honeypot/Honeypot%20-%20Howto.pdf HTTP/1.0" 200 490560 "http://www.secrepo.com/honeypot/Honeypot%20-%20Howto.pdf" "Mozilla/5.0 (Windows NT 6.3; WOW64) AppleWebKit/537.36 (KHTML, like Gecko) Chrome/45.0.2454.101 Safari/537.36" 
66.249.64.250 - - [14/Nov/2015:09:18:04 -0800] "GET /honeypot/BSidesDFW%20-%202014.ipynb HTTP/1.1" 304 167 "-" "Mozilla/5.0 (compatible; Googlebot/2.1; +http://www.google.com/bot.html)" 
91.200.12.137 - - [14/Nov/2015:09:19:52 -0800] "GET /honeypot/Honeypot%20-%20Howto.pdf HTTP/1.0" 200 486180 "http://www.secrepo.com/honeypot/Honeypot%20-%20Howto.pdf" "Mozilla/5.0 (Windows NT 6.1; WOW64) AppleWebKit/537.36 (KHTML, like Gecko) Chrome/43.0.2357.124 YaBrowser/15.7.2357.2877 Safari/537.36" 
91.200.12.141 - - [14/Nov/2015:09:21:46 -0800] "GET /honeypot/Honeypot%20-%20Howto.pdf HTTP/1.0" 200 932940 "http://www.secrepo.com/honeypot/Honeypot%20-%20Howto.pdf" "Mozilla/5.0 (Windows NT 6.1; WOW64; rv:40.0) Gecko/20100101 Firefox/40.0" 
91.200.12.106 - - [14/Nov/2015:09:25:04 -0800] "GET /honeypot/Honeypot%20-%20Howto.pdf HTTP/1.0" 200 803000 "http://www.secrepo.com/honeypot/Honeypot%20-%20Howto.pdf" "Mozilla/5.0 (Windows NT 6.1; WOW64; rv:41.0) Gecko/20100101 Firefox/41.0" 
91.200.12.137 - - [14/Nov/2015:09:33:21 -0800] "GET /honeypot/Honeypot%20-%20Howto.pdf HTTP/1.0" 200 741680 "http://www.secrepo.com/honeypot/Honeypot%20-%20Howto.pdf" "Mozilla/5.0 (Windows NT 5.1; rv:40.0) Gecko/20100101 Firefox/40.0" 
91.200.12.143 - - [14/Nov/2015:09:55:56 -0800] "GET /honeypot/Honeypot%20-%20Howto.pdf HTTP/1.0" 200 706640 "http://www.secrepo.com/honeypot/Honeypot%20-%20Howto.pdf" "Mozilla/5.0 (Windows NT 6.1; WOW64) AppleWebKit/537.36 (KHTML, like Gecko) Chrome/45.0.2454.99 Safari/537.36" 
104.130.0.17 - - [14/Nov/2015:10:01:15 -0800] "GET /robots.txt HTTP/1.1" 301 446 "-" "Tornado-Async-Client" 
104.130.0.17 - - [14/Nov/2015:10:01:15 -0800] "GET /robots.txt HTTP/1.1" 200 304 "-" "Tornado-Async-Client" 
104.130.0.17 - - [14/Nov/2015:10:01:15 -0800] "GET /honeypot/BSidesDFW%20-%202014.ipynb HTTP/1.1" 301 484 "-" "Tornado-Async-Client" 
104.130.0.17 - - [14/Nov/2015:10:01:15 -0800] "GET /honeypot/BSidesDFW%20-%202014.ipynb HTTP/1.1" 200 930780 "-" "Tornado-Async-Client" 
91.200.12.143 - - [14/Nov/2015:10:08:37 -0800] "GET /honeypot/Honeypot%20-%20Howto.pdf HTTP/1.0" 200 741680 "http://www.secrepo.com/honeypot/Honeypot%20-%20Howto.pdf" "Mozilla/5.0 (Windows NT 6.1; WOW64; rv:41.0) Gecko/20100101 Firefox/41.0" 
207.46.13.137 - - [14/Nov/2015:10:19:44 -0800] "GET /self.logs/error.log.2015-06-05.gz HTTP/1.1" 301 544 "-" "Mozilla/5.0 (compatible; bingbot/2.0; +http://www.bing.com/bingbot.htm)" 
213.251.184.38 - - [14/Nov/2015:10:35:27 -0800] "GET /robots.txt HTTP/1.0" 200 252 "-" "Mozilla/5.0 (compatible; MJ12bot/v1.4.5; http://www.majestic12.co.uk/bot.php?+)" 
213.251.184.38 - - [14/Nov/2015:10:35:28 -0800] "GET /honeypot//%22http://amunhoney.sourceforge.net//%22 HTTP/1.0" 404 284 "-" "Mozilla/5.0 (compatible; MJ12bot/v1.4.5; http://www.majestic12.co.uk/bot.php?+)" 
66.249.64.245 - - [14/Nov/2015:10:57:31 -0800] "GET / HTTP/1.1" 200 8101 "-" "SAMSUNG-SGH-E250/1.0 Profile/MIDP-2.0 Configuration/CLDC-1.1 UP.Browser/6.2.3.3.c.1.101 (GUI) MMP/2.0 (compatible; Googlebot-Mobile/2.1; +http://www.google.com/bot.html)" 
50.138.167.137 - - [14/Nov/2015:11:11:33 -0800] "GET / HTTP/1.1" 200 8101 "-" "Mozilla/5.0 (Windows NT 10.0; Win64; x64) AppleWebKit/537.36 (KHTML, like Gecko) Chrome/42.0.2311.135 Safari/537.36 Edge/12.10240" 
50.138.167.137 - - [14/Nov/2015:11:11:33 -0800] "GET /twitter-icon.png HTTP/1.1" 200 27788 "http://www.secrepo.com/" "Mozilla/5.0 (Windows NT 10.0; Win64; x64) AppleWebKit/537.36 (KHTML, like Gecko) Chrome/42.0.2311.135 Safari/537.36 Edge/12.10240" 
50.138.167.137 - - [14/Nov/2015:11:11:33 -0800] "GET /GitHub-Mark.png HTTP/1.1" 200 7427 "http://www.secrepo.com/" "Mozilla/5.0 (Windows NT 10.0; Win64; x64) AppleWebKit/537.36 (KHTML, like Gecko) Chrome/42.0.2311.135 Safari/537.36 Edge/12.10240" 
50.138.167.137 - - [14/Nov/2015:11:11:34 -0800] "GET /bootstrap/img/favicon.ico HTTP/1.1" 200 590 "-" "Mozilla/5.0 (Windows NT 10.0; Win64; x64) AppleWebKit/537.36 (KHTML, like Gecko) Chrome/42.0.2311.135 Safari/537.36 Edge/12.10240" 
218.200.66.196 - - [14/Nov/2015:11:17:54 -0800] "GET /honeypot/Honeypot%20-%20Howto%20-%20BSides%20Austin.pdf HTTP/1.0" 200 1630820 "http://www.secrepo.com/" "Mozilla/5.0 (Windows NT 6.3; WOW64) AppleWebKit/537.36 (KHTML, like Gecko) Chrome/39.0.2171.71 Safari/537.36" 
180.153.236.107 - - [14/Nov/2015:11:41:01 -0800] "GET / HTTP/1.1" 200 8101 "http://www.secrepo.com/" "Mozilla/5.0 (compatible; MSIE 9.0; Windows NT 6.1; Trident/5.0); 360Spider(compatible; HaosouSpider; http://www.haosou.com/help/help_3_2.html)" 
173.58.229.211 - - [14/Nov/2015:11:45:39 -0800] "GET / HTTP/1.1" 200 8101 "https://www.google.com/" "Mozilla/5.0 (Windows NT 10.0; WOW64) AppleWebKit/537.36 (KHTML, like Gecko) Chrome/46.0.2490.86 Safari/537.36" 
173.58.229.211 - - [14/Nov/2015:11:45:39 -0800] "GET /twitter-icon.png HTTP/1.1" 200 27787 "http://www.secrepo.com/" "Mozilla/5.0 (Windows NT 10.0; WOW64) AppleWebKit/537.36 (KHTML, like Gecko) Chrome/46.0.2490.86 Safari/537.36" 
173.58.229.211 - - [14/Nov/2015:11:45:39 -0800] "GET /GitHub-Mark.png HTTP/1.1" 200 7428 "http://www.secrepo.com/" "Mozilla/5.0 (Windows NT 10.0; WOW64) AppleWebKit/537.36 (KHTML, like Gecko) Chrome/46.0.2490.86 Safari/537.36" 
173.58.229.211 - - [14/Nov/2015:11:45:40 -0800] "GET /bootstrap/img/favicon.ico HTTP/1.1" 200 589 "http://www.secrepo.com/" "Mozilla/5.0 (Windows NT 10.0; WOW64) AppleWebKit/537.36 (KHTML, like Gecko) Chrome/46.0.2490.86 Safari/537.36" 
69.251.14.21 - - [14/Nov/2015:12:01:15 -0800] "GET / HTTP/1.1" 200 8101 "http://www.mlsecproject.org/" "Mozilla/5.0 (X11; Ubuntu; Linux x86_64; rv:42.0) Gecko/20100101 Firefox/42.0" 
69.251.14.21 - - [14/Nov/2015:12:01:15 -0800] "GET /twitter-icon.png HTTP/1.1" 200 27787 "http://www.secrepo.com/" "Mozilla/5.0 (X11; Ubuntu; Linux x86_64; rv:42.0) Gecko/20100101 Firefox/42.0" 
69.251.14.21 - - [14/Nov/2015:12:01:15 -0800] "GET /GitHub-Mark.png HTTP/1.1" 200 7428 "http://www.secrepo.com/" "Mozilla/5.0 (X11; Ubuntu; Linux x86_64; rv:42.0) Gecko/20100101 Firefox/42.0" 
69.251.14.21 - - [14/Nov/2015:12:01:15 -0800] "GET /bootstrap/img/favicon.ico HTTP/1.1" 200 589 "-" "Mozilla/5.0 (X11; Ubuntu; Linux x86_64; rv:42.0) Gecko/20100101 Firefox/42.0" 
96.230.75.245 - - [14/Nov/2015:12:31:13 -0800] "GET /self.logs/ HTTP/1.1" 200 6469 "http://www.secrepo.com/" "Mozilla/5.0 (Windows NT 10.0; WOW64; rv:42.0) Gecko/20100101 Firefox/42.0" 
96.230.75.245 - - [14/Nov/2015:12:31:17 -0800] "GET /favicon.ico HTTP/1.1" 200 267 "-" "Mozilla/5.0 (Windows NT 10.0; WOW64; rv:42.0) Gecko/20100101 Firefox/42.0" 
96.230.75.245 - - [14/Nov/2015:12:31:22 -0800] "GET /self.logs/access.log.2015-01-17.gz HTTP/1.1" 200 3597 "http://www.secrepo.com/self.logs/" "Mozilla/5.0 (Windows NT 10.0; WOW64; rv:42.0) Gecko/20100101 Firefox/42.0" 
40.77.167.84 - - [14/Nov/2015:12:37:36 -0800] "GET / HTTP/1.1" 301 483 "-" "Mozilla/5.0 (compatible; bingbot/2.0; +http://www.bing.com/bingbot.htm)" 
88.198.16.153 - - [14/Nov/2015:12:38:51 -0800] "GET /robots.txt HTTP/1.0" 200 252 "-" "Mozilla/5.0 (compatible; MJ12bot/v1.4.5; http://www.majestic12.co.uk/bot.php?+)" 
88.198.16.153 - - [14/Nov/2015:12:38:58 -0800] "GET /honeypot//%22https://twitter.com/theroxyd/%22 HTTP/1.0" 404 284 "-" "Mozilla/5.0 (compatible; MJ12bot/v1.4.5; http://www.majestic12.co.uk/bot.php?+)" 
40.77.167.84 - - [14/Nov/2015:12:43:32 -0800] "GET / HTTP/1.1" 200 8101 "-" "Mozilla/5.0 (compatible; bingbot/2.0; +http://www.bing.com/bingbot.htm)" 
148.251.54.44 - - [14/Nov/2015:13:15:07 -0800] "GET / HTTP/1.1" 301 498 "-" "Mozilla/5.0 (Windows NT 6.0; rv:14.0) Gecko/20100101 Firefox/14.0.1" 
148.251.54.44 - - [14/Nov/2015:13:15:08 -0800] "GET / HTTP/1.1" 200 26631 "-" "Mozilla/5.0 (Windows NT 6.0; rv:14.0) Gecko/20100101 Firefox/14.0.1" 
148.251.54.44 - - [14/Nov/2015:13:15:10 -0800] "GET /data HTTP/1.1" 404 295 "-" "Mozilla/5.0 (Windows NT 6.1) AppleWebKit/537.36 (KHTML, like Gecko) Chrome/27.0.1453.90 Safari/537.36" 
148.251.54.44 - - [14/Nov/2015:13:15:10 -0800] "GET / HTTP/1.1" 200 26631 "-" "Mozilla/5.0 (Windows NT 5.1; rv:11.0) Gecko Firefox/11.0" 
148.251.54.44 - - [14/Nov/2015:13:15:10 -0800] "GET / HTTP/1.1" 200 26630 "-" "Mozilla/5.0 (Windows NT 6.1; de;rv:12.0) Gecko/20120403211507 Firefox/12.0" 
148.251.54.44 - - [14/Nov/2015:13:15:10 -0800] "GET / HTTP/1.1" 200 26630 "-" "Mozilla/5.0 (Macintosh; Intel Mac OS X 10_6_8) AppleWebKit/535.19 (KHTML, like Gecko) Chrome/18.0.1025.166 Safari/535.19" 
148.251.54.44 - - [14/Nov/2015:13:15:10 -0800] "GET / HTTP/1.1" 200 26630 "-" "Mozilla/5.0 (Macintosh; U; Intel Mac OS X 10_5_8; zh-cn) AppleWebKit/533.18.1 (KHTML, like Gecko) Version/5.0.2 Safari/533.18.5" 
148.251.54.44 - - [14/Nov/2015:13:15:11 -0800] "GET / HTTP/1.1" 200 26630 "-" "Mozilla/5.0 (Windows NT 6.2; rv:21.0) Gecko/20130326 Firefox/21.0" 
148.251.54.44 - - [14/Nov/2015:13:15:11 -0800] "GET /ftp://download.iwlab.foi.se/dataset/ HTTP/1.1" 404 294 "-" "Mozilla/5.0 (Windows NT 6.1; WOW64; rv:21.0) Gecko/20130331 Firefox/21.0" 
148.251.54.44 - - [14/Nov/2015:13:15:11 -0800] "GET /self.logs/ HTTP/1.1" 200 57852 "-" "Mozilla/5.0 (X11; Linux i686; rv:21.0) Gecko/20100101 Firefox/21.0" 
148.251.54.44 - - [14/Nov/2015:13:15:12 -0800] "GET /ftp://download.iwlab.foi.se/dataset/ HTTP/1.1" 404 295 "-" "Mozilla/5.0 (Windows NT 5.1; rv:21.0) Gecko/20130401 Firefox/21.0" 
148.251.54.44 - - [14/Nov/2015:13:15:12 -0800] "GET /data HTTP/1.1" 404 295 "-" "Mozilla/5.0 (X11; Ubuntu; Linux x86_64; rv:21.0) Gecko/20130331 Firefox/21.0" 
68.180.230.27 - - [14/Nov/2015:13:17:43 -0800] "GET /robots.txt HTTP/1.1" 200 233 "-" "Mozilla/5.0 (compatible; Yahoo! Slurp; http://help.yahoo.com/help/us/ysearch/slurp)" 
68.180.230.27 - - [14/Nov/2015:13:17:44 -0800] "GET /tg/tg_snort_fast.7z HTTP/1.1" 200 1211800 "-" "Mozilla/5.0 (compatible; Yahoo! Slurp; http://help.yahoo.com/help/us/ysearch/slurp)" 
207.46.13.15 - - [14/Nov/2015:13:54:45 -0800] "GET /robots.txt HTTP/1.1" 200 289 "-" "Mozilla/5.0 (compatible; bingbot/2.0; +http://www.bing.com/bingbot.htm)" 
207.46.13.15 - - [14/Nov/2015:13:55:51 -0800] "GET /self.logs/access.log.2015-06-09.gz HTTP/1.1" 200 8212 "-" "Mozilla/5.0 (compatible; bingbot/2.0; +http://www.bing.com/bingbot.htm)" 
46.118.152.18 - - [14/Nov/2015:14:04:38 -0800] "GET /honeypot/ HTTP/1.1" 200 1077 "http://alepcable.com/" "Mozilla/4.0 (compatible; MSIE 6.0; Windows NT 5.1; en) Opera 8.00" 
46.118.152.18 - - [14/Nov/2015:14:04:38 -0800] "GET /honeypot/ HTTP/1.1" 200 1077 "http://www.sarafangel.ru/" "Mozilla/4.0 (compatible; MSIE 6.0; Windows NT 5.1; en) Opera 9.0" 
46.118.152.18 - - [14/Nov/2015:14:04:38 -0800] "GET /honeypot/ HTTP/1.1" 200 1077 "http://alepcable.com/" "Mozilla/4.0 (compatible; MSIE 6.0; Windows NT 5.1; en) Opera 8.00" 
46.118.152.18 - - [14/Nov/2015:14:04:39 -0800] "GET /honeypot/ HTTP/1.1" 200 1077 "http://www.sarafangel.ru/" "Mozilla/4.0 (compatible; MSIE 6.0; Windows NT 5.1; en) Opera 9.0" 
46.118.152.18 - - [14/Nov/2015:14:04:39 -0800] "GET /honeypot/ HTTP/1.1" 200 1077 "http://alepcable.com/" "Mozilla/4.0 (compatible; MSIE 6.0; Windows NT 5.1; en) Opera 8.00" 
66.249.64.250 - - [14/Nov/2015:14:26:39 -0800] "GET /self.logs/ HTTP/1.1" 200 6469 "-" "Mozilla/5.0 (compatible; Googlebot/2.1; +http://www.google.com/bot.html)" 
178.137.161.6 - - [14/Nov/2015:14:31:27 -0800] "GET /honeypot/ HTTP/1.1" 200 1077 "http://gta-club.ru/" "Opera/7.60 (Windows NT 5.2; U)  [en] (IBM EVV/3.0/EAK01AG9/LE)" 
178.137.161.6 - - [14/Nov/2015:14:31:27 -0800] "GET /honeypot/ HTTP/1.1" 200 1077 "http://gta-club.ru/" "Opera/7.60 (Windows NT 5.2; U)  [en] (IBM EVV/3.0/EAK01AG9/LE)" 
178.137.161.6 - - [14/Nov/2015:14:31:28 -0800] "GET /honeypot/ HTTP/1.1" 200 1077 "http://gta-club.ru/" "Opera/7.60 (Windows NT 5.2; U)  [en] (IBM EVV/3.0/EAK01AG9/LE)" 
205.233.0.253 - - [14/Nov/2015:14:32:12 -0800] "GET / HTTP/1.1" 200 8101 "-" "Mozilla/5.0 (Windows NT 6.1; WOW64) AppleWebKit/537.36 (KHTML, like Gecko) Chrome/45.0.2454.99 Safari/537.36" 
205.233.0.253 - - [14/Nov/2015:14:32:12 -0800] "GET /twitter-icon.png HTTP/1.1" 200 27787 "http://www.secrepo.com/" "Mozilla/5.0 (Windows NT 6.1; WOW64) AppleWebKit/537.36 (KHTML, like Gecko) Chrome/45.0.2454.99 Safari/537.36" 
205.233.0.253 - - [14/Nov/2015:14:32:12 -0800] "GET /GitHub-Mark.png HTTP/1.1" 200 7427 "http://www.secrepo.com/" "Mozilla/5.0 (Windows NT 6.1; WOW64) AppleWebKit/537.36 (KHTML, like Gecko) Chrome/45.0.2454.99 Safari/537.36" 
205.233.0.253 - - [14/Nov/2015:14:32:12 -0800] "GET /bootstrap/img/favicon.ico HTTP/1.1" 200 589 "http://www.secrepo.com/" "Mozilla/5.0 (Windows NT 6.1; WOW64) AppleWebKit/537.36 (KHTML, like Gecko) Chrome/45.0.2454.99 Safari/537.36" 
180.76.15.160 - - [14/Nov/2015:14:32:41 -0800] "GET /robots.txt HTTP/1.1" 200 297 "-" "Mozilla/5.0 (Windows NT 5.1; rv:6.0.2) Gecko/20100101 Firefox/6.0.2" 
178.137.94.14 - - [14/Nov/2015:14:37:09 -0800] "GET /honeypot/ HTTP/1.1" 200 1077 "http://recsil.org/" "Mozilla/4.0 (compatible; MSIE 6.0; MSIE 5.5; Windows NT 4.0) Opera 7.0 [en]" 
178.137.94.14 - - [14/Nov/2015:14:37:10 -0800] "GET /honeypot/ HTTP/1.1" 200 1077 "http://recsil.org/" "Mozilla/4.0 (compatible; MSIE 6.0; MSIE 5.5; Windows NT 4.0) Opera 7.0 [en]" 
207.46.13.97 - - [14/Nov/2015:14:54:52 -0800] "GET /robots.txt HTTP/1.1" 200 289 "-" "Mozilla/5.0 (compatible; bingbot/2.0; +http://www.bing.com/bingbot.htm)" 
207.46.13.97 - - [14/Nov/2015:14:55:02 -0800] "GET /honeypot/BSidesDFW%20-%202014.ipynb HTTP/1.1" 200 930836 "-" "Mozilla/5.0 (compatible; bingbot/2.0; +http://www.bing.com/bingbot.htm)" 
207.46.13.121 - - [14/Nov/2015:15:18:38 -0800] "GET /robots.txt HTTP/1.1" 301 518 "-" "Mozilla/5.0 (compatible; bingbot/2.0; +http://www.bing.com/bingbot.htm)" 
207.46.13.121 - - [14/Nov/2015:15:18:38 -0800] "GET /robots.txt HTTP/1.1" 200 288 "-" "Mozilla/5.0 (compatible; bingbot/2.0; +http://www.bing.com/bingbot.htm)" 
207.46.13.97 - - [14/Nov/2015:15:23:01 -0800] "GET /self.logs/access.log.2015-05-23.gz HTTP/1.1" 200 3874 "-" "Mozilla/5.0 (compatible; bingbot/2.0; +http://www.bing.com/bingbot.htm)" 
207.46.13.121 - - [14/Nov/2015:16:08:38 -0800] "GET /self.logs/error.log.2015-06-09.gz HTTP/1.1" 301 545 "-" "Mozilla/5.0 (compatible; bingbot/2.0; +http://www.bing.com/bingbot.htm)" 
157.55.39.208 - - [14/Nov/2015:16:16:55 -0800] "GET /self.logs/access.log.2015-05-10.gz HTTP/1.1" 200 4200 "-" "Mozilla/5.0 (compatible; bingbot/2.0; +http://www.bing.com/bingbot.htm)" 
68.180.230.27 - - [14/Nov/2015:17:04:55 -0800] "GET /honeypot/Honeypot%20-%20Howto.pdf HTTP/1.1" 304 112 "-" "Mozilla/5.0 (compatible; Yahoo! Slurp; http://help.yahoo.com/help/us/ysearch/slurp)" 
73.44.165.47 - - [14/Nov/2015:17:28:45 -0800] "GET /Security-Data-Analysis/Lab_1/conn.log.zip HTTP/1.1" 200 547221454 "-" "Wget/1.16.3 (darwin14.1.0)" 
157.55.39.128 - - [14/Nov/2015:17:33:14 -0800] "GET /robots.txt HTTP/1.1" 200 289 "-" "Mozilla/5.0 (compatible; bingbot/2.0; +http://www.bing.com/bingbot.htm)" 
157.55.39.128 - - [14/Nov/2015:17:33:30 -0800] "GET /self.logs/access.log.2015-06-06.gz HTTP/1.1" 200 3261 "-" "Mozilla/5.0 (compatible; bingbot/2.0; +http://www.bing.com/bingbot.htm)" 
180.76.15.147 - - [14/Nov/2015:17:36:37 -0800] "GET /self.logs/?C=M;O=A HTTP/1.1" 200 6630 "-" "Mozilla/5.0 (compatible; Baiduspider/2.0; +http://www.baidu.com/search/spider.html)" 
73.44.165.47 - - [14/Nov/2015:17:49:37 -0800] "GET / HTTP/1.1" 304 189 "-" "Mozilla/5.0 (Macintosh; Intel Mac OS X 10_10_5) AppleWebKit/601.2.7 (KHTML, like Gecko) Version/9.0.1 Safari/601.2.7" 
69.30.198.242 - - [14/Nov/2015:18:00:19 -0800] "GET /robots.txt HTTP/1.0" 200 252 "-" "Mozilla/5.0 (compatible; MJ12bot/v1.4.5; http://www.majestic12.co.uk/bot.php?+)" 
69.30.198.242 - - [14/Nov/2015:18:00:20 -0800] "GET / HTTP/1.0" 200 26620 "-" "Mozilla/5.0 (compatible; MJ12bot/v1.4.5; http://www.majestic12.co.uk/bot.php?+)" 
108.218.213.177 - - [14/Nov/2015:18:18:16 -0800] "GET /honeypot/Honeypot%20-%20Howto%20-%20BSides%20Austin.pdf HTTP/1.1" 200 2928460 "http://www.secrepo.com/" "Mozilla/5.0 (Macintosh; Intel Mac OS X 10_10_4) AppleWebKit/600.7.12 (KHTML, like Gecko) Version/8.0.7 Safari/600.7.12" 
108.218.213.177 - - [14/Nov/2015:18:18:38 -0800] "GET /favicon.ico HTTP/1.1" 200 268 "http://www.secrepo.com/honeypot/Honeypot%20-%20Howto%20-%20BSides%20Austin.pdf" "Mozilla/5.0 (Macintosh; Intel Mac OS X 10_10_4) AppleWebKit/600.7.12 (KHTML, like Gecko) Version/8.0.7 Safari/600.7.12" 
104.209.188.207 - - [14/Nov/2015:18:22:00 -0800] "GET / HTTP/1.1" 200 26631 "-" "Mozilla/5.0 (Windows NT 6.1; WOW64) SkypeUriPreview Preview/0.5" 
104.209.188.207 - - [14/Nov/2015:18:22:00 -0800] "GET /bootstrap/img/favicon.ico HTTP/1.1" 200 534 "-" "Mozilla/5.0 (Windows NT 6.1; WOW64) SkypeUriPreview Preview/0.5" 
180.76.15.19 - - [14/Nov/2015:18:22:44 -0800] "GET /honeypot/Honeypot%20-%20Howto.pdf HTTP/1.1" 200 709560 "-" "Mozilla/5.0 (compatible; Baiduspider/2.0; +http://www.baidu.com/search/spider.html)" 
23.94.74.10 - - [14/Nov/2015:18:37:13 -0800] "GET /honeypot/BSidesDFW%20-%202014.ipynb HTTP/1.0" 200 930799 "http://www.secrepo.com/" "Mozilla/5.0 (Windows NT 6.3; WOW64; rv:34.0) Gecko/20100101 Firefox/34.0" 
93.63.88.184 - - [14/Nov/2015:18:47:25 -0800] "GET /robots.txt HTTP/1.0" 200 252 "-" "Mozilla/5.0 (compatible; MJ12bot/v1.4.5; http://www.majestic12.co.uk/bot.php?+)" 
93.63.88.184 - - [14/Nov/2015:18:47:28 -0800] "GET /self.logs/ HTTP/1.0" 200 57816 "-" "Mozilla/5.0 (compatible; MJ12bot/v1.4.5; http://www.majestic12.co.uk/bot.php?+)" 
108.49.184.163 - - [14/Nov/2015:18:57:48 -0800] "GET / HTTP/1.1" 200 8101 "-" "Mozilla/5.0 (Macintosh; Intel Mac OS X 10_11_1) AppleWebKit/601.2.7 (KHTML, like Gecko)" 
108.49.184.163 - - [14/Nov/2015:18:57:48 -0800] "GET /twitter-icon.png HTTP/1.1" 200 27787 "http://www.secrepo.com/" "Mozilla/5.0 (Macintosh; Intel Mac OS X 10_11_1) AppleWebKit/601.2.7 (KHTML, like Gecko)" 
108.49.184.163 - - [14/Nov/2015:18:57:48 -0800] "GET /GitHub-Mark.png HTTP/1.1" 200 7428 "http://www.secrepo.com/" "Mozilla/5.0 (Macintosh; Intel Mac OS X 10_11_1) AppleWebKit/601.2.7 (KHTML, like Gecko)" 
108.49.184.163 - - [14/Nov/2015:18:57:49 -0800] "GET /bootstrap/img/favicon.ico HTTP/1.1" 200 590 "http://www.secrepo.com/" "Mozilla/5.0 (Macintosh; Intel Mac OS X 10_11_1) AppleWebKit/601.2.7 (KHTML, like Gecko)" 
123.125.71.42 - - [14/Nov/2015:19:46:19 -0800] "GET / HTTP/1.1" 301 446 "-" "Mozilla/5.0 (compatible; Baiduspider/2.0; +http://www.baidu.com/search/spider.html)" 
123.125.71.33 - - [14/Nov/2015:19:46:20 -0800] "GET / HTTP/1.1" 304 152 "-" "Mozilla/5.0 (compatible; Baiduspider/2.0; +http://www.baidu.com/search/spider.html)" 
66.249.83.193 - - [14/Nov/2015:20:11:23 -0800] "GET / HTTP/1.1" 200 8101 "-" "Google favicon" 
66.249.83.252 - - [14/Nov/2015:20:11:23 -0800] "GET /bootstrap/img/favicon.ico HTTP/1.1" 200 590 "-" "Google favicon" 
188.165.15.204 - - [14/Nov/2015:20:28:50 -0800] "GET /self.logs/access.log.2015-09-01.gz HTTP/1.1" 200 10481 "-" "Mozilla/5.0 (compatible; AhrefsBot/5.0; +http://ahrefs.com/robot/)" 
70.54.57.233 - - [14/Nov/2015:20:37:50 -0800] "GET / HTTP/1.1" 200 8101 "https://www.google.ca/" "Mozilla/5.0 (Linux; Android 6.0; Nexus 5 Build/MRA58N) AppleWebKit/537.36 (KHTML, like Gecko) Chrome/46.0.2490.76 Mobile Safari/537.36" 
70.54.57.233 - - [14/Nov/2015:20:37:50 -0800] "GET /twitter-icon.png HTTP/1.1" 200 27787 "http://www.secrepo.com/" "Mozilla/5.0 (Linux; Android 6.0; Nexus 5 Build/MRA58N) AppleWebKit/537.36 (KHTML, like Gecko) Chrome/46.0.2490.76 Mobile Safari/537.36" 
70.54.57.233 - - [14/Nov/2015:20:37:50 -0800] "GET /GitHub-Mark.png HTTP/1.1" 200 7428 "http://www.secrepo.com/" "Mozilla/5.0 (Linux; Android 6.0; Nexus 5 Build/MRA58N) AppleWebKit/537.36 (KHTML, like Gecko) Chrome/46.0.2490.76 Mobile Safari/537.36" 
70.54.57.233 - - [14/Nov/2015:20:37:51 -0800] "GET /bootstrap/img/favicon.ico HTTP/1.1" 200 589 "http://www.secrepo.com/" "Mozilla/5.0 (Linux; Android 6.0; Nexus 5 Build/MRA58N) AppleWebKit/537.36 (KHTML, like Gecko) Chrome/46.0.2490.76 Mobile Safari/537.36" 
188.165.15.204 - - [14/Nov/2015:20:38:04 -0800] "GET /self.logs/error.log.2015-05-13.gz HTTP/1.1" 200 2266 "-" "Mozilla/5.0 (compatible; AhrefsBot/5.0; +http://ahrefs.com/robot/)" 
66.249.64.245 - - [14/Nov/2015:21:05:26 -0800] "GET /self.logs/ HTTP/1.1" 200 6469 "-" "Mozilla/5.0 (compatible; Googlebot/2.1; +http://www.google.com/bot.html)" 
188.165.15.204 - - [14/Nov/2015:21:06:03 -0800] "GET /self.logs/error.log.2015-08-28.gz HTTP/1.1" 200 856 "-" "Mozilla/5.0 (compatible; AhrefsBot/5.0; +http://ahrefs.com/robot/)" 
188.165.15.204 - - [14/Nov/2015:21:47:02 -0800] "GET /self.logs/access.log.2015-08-19.gz HTTP/1.1" 200 5076 "-" "Mozilla/5.0 (compatible; AhrefsBot/5.0; +http://ahrefs.com/robot/)" 
91.200.12.141 - - [14/Nov/2015:21:51:26 -0800] "GET /honeypot/Honeypot%20-%20Howto.pdf HTTP/1.0" 200 512460 "http://www.secrepo.com/honeypot/Honeypot%20-%20Howto.pdf" "Mozilla/5.0 (Windows NT 6.1; WOW64) AppleWebKit/537.36 (KHTML, like Gecko) Chrome/43.0.2357.124 YaBrowser/15.7.2357.2877 Safari/537.36" 
188.165.15.204 - - [14/Nov/2015:21:54:19 -0800] "GET /self.logs/error.log.2015-04-20.gz HTTP/1.1" 200 908 "-" "Mozilla/5.0 (compatible; AhrefsBot/5.0; +http://ahrefs.com/robot/)" 
188.165.15.204 - - [14/Nov/2015:21:54:30 -0800] "GET /self.logs/error.log.2015-09-05.gz HTTP/1.1" 200 598 "-" "Mozilla/5.0 (compatible; AhrefsBot/5.0; +http://ahrefs.com/robot/)" 
91.200.12.141 - - [14/Nov/2015:22:06:02 -0800] "GET /honeypot/Honeypot%20-%20Howto.pdf HTTP/1.0" 200 838040 "http://www.secrepo.com/honeypot/Honeypot%20-%20Howto.pdf" "Mozilla/5.0 (Windows NT 6.3; WOW64) AppleWebKit/537.36 (KHTML, like Gecko) Chrome/45.0.2454.99 Safari/537.36" 
188.165.15.204 - - [14/Nov/2015:22:08:24 -0800] "GET /self.logs/access.log.2015-08-20.gz HTTP/1.1" 200 5249 "-" "Mozilla/5.0 (compatible; AhrefsBot/5.0; +http://ahrefs.com/robot/)" 
199.16.156.126 - - [14/Nov/2015:22:36:42 -0800] "GET /robots.txt HTTP/1.1" 200 304 "-" "Twitterbot/1.0" 
199.16.156.126 - - [14/Nov/2015:22:36:42 -0800] "GET /honeypot/Honeypot - Howto - BSides Austin.pdf HTTP/1.1" 404 303 "-" "Twitterbot/1.0" 
46.118.152.18 - - [14/Nov/2015:22:41:11 -0800] "GET /honeypot/ HTTP/1.1" 200 1077 "http://kino-filmi.com/" "Mozilla/4.0 (compatible; MSIE 6.0; Windows NT 5.1; .NET CLR 1.1.4322; Alexa Toolbar; (R1 1.5))" 
46.118.152.18 - - [14/Nov/2015:22:41:12 -0800] "GET /honeypot/ HTTP/1.1" 200 1077 "http://kino-filmi.com/" "Mozilla/4.0 (compatible; MSIE 6.0; Windows NT 5.1; .NET CLR 1.1.4322; Alexa Toolbar; (R1 1.5))" 
46.118.152.18 - - [14/Nov/2015:22:41:13 -0800] "GET /honeypot/ HTTP/1.1" 200 1077 "http://kino-filmi.com/" "Mozilla/4.0 (compatible; MSIE 6.0; Windows NT 5.1; .NET CLR 1.1.4322; Alexa Toolbar; (R1 1.5))" 
188.165.15.204 - - [14/Nov/2015:22:49:18 -0800] "GET /self.logs/access.log.2015-10-22.gz HTTP/1.1" 200 8916 "-" "Mozilla/5.0 (compatible; AhrefsBot/5.0; +http://ahrefs.com/robot/)" 
188.165.15.204 - - [14/Nov/2015:22:57:44 -0800] "GET /self.logs/access.log.2015-07-27.gz HTTP/1.1" 200 5641 "-" "Mozilla/5.0 (compatible; AhrefsBot/5.0; +http://ahrefs.com/robot/)" 
73.44.165.47 - - [14/Nov/2015:23:28:09 -0800] "GET / HTTP/1.1" 200 8101 "-" "Mozilla/5.0 (Macintosh; Intel Mac OS X 10_10_5) AppleWebKit/601.2.7 (KHTML, like Gecko) Version/9.0.1 Safari/601.2.7" 
178.137.94.14 - - [14/Nov/2015:23:44:30 -0800] "GET /honeypot/ HTTP/1.1" 200 1077 "http://xn--b1agm2d.net/" "Opera/9.0 (Windows NT 5.1; U; en)" 
178.137.94.14 - - [14/Nov/2015:23:44:31 -0800] "GET /honeypot/ HTTP/1.1" 200 1077 "http://detskie-zabavi.ru/" "Opera/9.0 (Windows NT 5.1; U; en)" 
178.137.94.14 - - [14/Nov/2015:23:44:31 -0800] "GET /honeypot/ HTTP/1.1" 200 1077 "http://xn--b1agm2d.net/" "Opera/9.0 (Windows NT 5.1; U; en)" 
178.137.94.14 - - [14/Nov/2015:23:44:31 -0800] "GET /honeypot/ HTTP/1.1" 200 1077 "http://detskie-zabavi.ru/" "Opera/9.0 (Windows NT 5.1; U; en)" 
178.137.94.14 - - [14/Nov/2015:23:44:31 -0800] "GET /honeypot/ HTTP/1.1" 200 1077 "http://xn--b1agm2d.net/" "Opera/9.0 (Windows NT 5.1; U; en)" 
178.137.94.14 - - [14/Nov/2015:23:44:32 -0800] "GET /honeypot/ HTTP/1.1" 200 1077 "http://detskie-zabavi.ru/" "Opera/9.0 (Windows NT 5.1; U; en)" 
188.165.15.204 - - [15/Nov/2015:00:23:18 -0800] "GET /self.logs/?C=M;O=D HTTP/1.1" 200 6638 "-" "Mozilla/5.0 (compatible; AhrefsBot/5.0; +http://ahrefs.com/robot/)" 
157.55.39.130 - - [15/Nov/2015:00:23:38 -0800] "GET /robots.txt HTTP/1.1" 301 518 "-" "Mozilla/5.0 (compatible; bingbot/2.0; +http://www.bing.com/bingbot.htm)" 
157.55.39.130 - - [15/Nov/2015:00:23:42 -0800] "GET /robots.txt HTTP/1.1" 200 289 "-" "Mozilla/5.0 (compatible; bingbot/2.0; +http://www.bing.com/bingbot.htm)" 
188.165.15.204 - - [15/Nov/2015:00:29:49 -0800] "GET /self.logs/error.log.2015-06-14.gz HTTP/1.1" 200 867 "-" "Mozilla/5.0 (compatible; AhrefsBot/5.0; +http://ahrefs.com/robot/)" 
217.160.108.46 - - [15/Nov/2015:00:40:20 -0800] "GET / HTTP/1.1" 301 442 "" "Mozilla/5.0 (Windows NT 6.1; WOW64; rv:5.0) Gecko/20100101 Firefox/5.0" 
217.160.108.46 - - [15/Nov/2015:00:40:20 -0800] "GET / HTTP/1.1" 200 26575 "" "Mozilla/5.0 (Windows NT 6.1; WOW64; rv:5.0) Gecko/20100101 Firefox/5.0" 
217.160.108.46 - - [15/Nov/2015:00:40:21 -0800] "GET /robots.txt HTTP/1.0" 301 481 "-" "-" 
157.55.39.130 - - [15/Nov/2015:00:40:21 -0800] "GET / HTTP/1.1" 301 483 "-" "Mozilla/5.0 (compatible; bingbot/2.0; +http://www.bing.com/bingbot.htm)" 
217.160.108.46 - - [15/Nov/2015:00:40:21 -0800] "GET /robots.txt HTTP/1.0" 200 252 "-" "-" 
69.197.177.26 - - [15/Nov/2015:00:40:42 -0800] "GET /robots.txt HTTP/1.0" 200 252 "-" "Mozilla/5.0 (compatible; MJ12bot/v1.4.5; http://www.majestic12.co.uk/bot.php?+)" 
69.197.177.26 - - [15/Nov/2015:00:40:45 -0800] "GET /honeypot//%22https://twitter.com/sooshie/%22 HTTP/1.0" 404 284 "-" "Mozilla/5.0 (compatible; MJ12bot/v1.4.5; http://www.majestic12.co.uk/bot.php?+)" 
188.165.15.204 - - [15/Nov/2015:00:46:29 -0800] "GET /self.logs/error.log.2015-02-22.gz HTTP/1.1" 200 4348 "-" "Mozilla/5.0 (compatible; AhrefsBot/5.0; +http://ahrefs.com/robot/)" 
188.165.15.204 - - [15/Nov/2015:00:54:36 -0800] "GET /self.logs/error.log.2015-10-11.gz HTTP/1.1" 200 814 "-" "Mozilla/5.0 (compatible; AhrefsBot/5.0; +http://ahrefs.com/robot/)" 
188.165.15.204 - - [15/Nov/2015:01:02:20 -0800] "GET /self.logs/error.log.2015-01-25.gz HTTP/1.1" 200 555 "-" "Mozilla/5.0 (compatible; AhrefsBot/5.0; +http://ahrefs.com/robot/)" 
188.165.15.204 - - [15/Nov/2015:01:05:15 -0800] "GET /self.logs/access.log.2015-03-05.gz HTTP/1.1" 200 3269 "-" "Mozilla/5.0 (compatible; AhrefsBot/5.0; +http://ahrefs.com/robot/)" 
157.55.39.130 - - [15/Nov/2015:01:19:08 -0800] "GET / HTTP/1.1" 200 8101 "-" "Mozilla/5.0 (compatible; bingbot/2.0; +http://www.bing.com/bingbot.htm)" 
180.76.15.8 - - [15/Nov/2015:01:22:07 -0800] "GET /data HTTP/1.1" 404 303 "-" "Mozilla/5.0 (compatible; Baiduspider/2.0; +http://www.baidu.com/search/spider.html)" 
188.25.132.94 - - [15/Nov/2015:01:29:42 -0800] "GET / HTTP/1.1" 200 8101 "https://www.google.ro" "Mozilla/5.0 (Windows NT 6.1; WOW64; rv:42.0) Gecko/20100101 Firefox/42.0" 
188.25.132.94 - - [15/Nov/2015:01:29:42 -0800] "GET /bootstrap/img/favicon.ico HTTP/1.1" 200 589 "-" "Mozilla/5.0 (Windows NT 6.1; WOW64; rv:42.0) Gecko/20100101 Firefox/42.0" 
188.25.132.94 - - [15/Nov/2015:01:29:42 -0800] "GET /GitHub-Mark.png HTTP/1.1" 200 7428 "http://www.secrepo.com/" "Mozilla/5.0 (Windows NT 6.1; WOW64; rv:42.0) Gecko/20100101 Firefox/42.0" 
188.25.132.94 - - [15/Nov/2015:01:29:42 -0800] "GET /twitter-icon.png HTTP/1.1" 200 27787 "http://www.secrepo.com/" "Mozilla/5.0 (Windows NT 6.1; WOW64; rv:42.0) Gecko/20100101 Firefox/42.0" 
202.46.129.70 - - [15/Nov/2015:01:48:20 -0800] "GET / HTTP/1.1" 304 189 "-" "Mozilla/5.0 (X11; Ubuntu; Linux x86_64; rv:34.0) Gecko/20100101 Firefox/34.0" 
88.208.252.224 - - [15/Nov/2015:01:48:32 -0800] "GET /wp-admin/ HTTP/1.1" 301 479 "-" "-" 
202.46.129.70 - - [15/Nov/2015:01:48:35 -0800] "GET /honeypot/honeypot.json.zip HTTP/1.1" 200 461360 "http://www.secrepo.com/" "Mozilla/5.0 (X11; Ubuntu; Linux x86_64; rv:34.0) Gecko/20100101 Firefox/34.0" 
202.46.129.70 - - [15/Nov/2015:01:48:41 -0800] "GET /honeypot/honeypot.json.zip HTTP/1.1" 304 168 "-" "Mozilla/5.0 (X11; Ubuntu; Linux x86_64; rv:34.0) Gecko/20100101 Firefox/34.0" 
202.46.129.70 - - [15/Nov/2015:01:48:41 -0800] "GET /honeypot/honeypot.json.zip HTTP/1.1" 304 168 "-" "Mozilla/5.0 (X11; Ubuntu; Linux x86_64; rv:34.0) Gecko/20100101 Firefox/34.0" 
202.46.129.70 - - [15/Nov/2015:01:48:42 -0800] "GET /honeypot/honeypot.json.zip HTTP/1.1" 304 168 "-" "Mozilla/5.0 (X11; Ubuntu; Linux x86_64; rv:34.0) Gecko/20100101 Firefox/34.0" 
202.46.129.70 - - [15/Nov/2015:01:48:41 -0800] "GET /honeypot/honeypot.json.zip HTTP/1.1" 200 4631873 "-" "Mozilla/5.0 (X11; Ubuntu; Linux x86_64; rv:34.0) Gecko/20100101 Firefox/34.0" 
