40.77.167.12 - - [12/Aug/2017:07:50:06 -0700] "GET /self.logs/error.log.2017-03-11.gz HTTP/1.1" 200 730 "-" "Mozilla/5.0 (compatible; bingbot/2.0; +http://www.bing.com/bingbot.htm)" 
149.154.237.65 - - [12/Aug/2017:07:52:54 -0700] "GET /wp-login.php HTTP/1.1" 404 295 "-" "Mozilla/5.0 (Windows NT 6.1; WOW64; rv:40.0) Gecko/20100101 Firefox/40.1" 
149.154.237.65 - - [12/Aug/2017:07:52:59 -0700] "GET /wp-login.php HTTP/1.1" 404 295 "-" "Mozilla/5.0 (Windows NT 6.1; WOW64; rv:40.0) Gecko/20100101 Firefox/40.1" 
149.154.237.65 - - [12/Aug/2017:07:53:04 -0700] "GET / HTTP/1.1" 200 36476 "-" "Mozilla/5.0 (Windows NT 6.1; WOW64; rv:40.0) Gecko/20100101 Firefox/40.1" 
40.77.167.12 - - [12/Aug/2017:07:53:51 -0700] "GET /self.logs/error.log.2015-09-02.gz HTTP/1.1" 200 564 "-" "Mozilla/5.0 (compatible; bingbot/2.0; +http://www.bing.com/bingbot.htm)" 
95.163.160.86 - - [12/Aug/2017:07:54:22 -0700] "GET / HTTP/1.1" 200 10794 "-" "Mozilla/5.0 (X11; Linux x86_64) AppleWebKit/537.36 (KHTML, like Gecko) Ubuntu Chromium/60.0.3112.78 Chrome/60.0.3112.78 Safari/537.36" 
95.163.160.86 - - [12/Aug/2017:07:54:23 -0700] "GET /GitHub-Mark.png HTTP/1.1" 200 7427 "http://www.secrepo.com/" "Mozilla/5.0 (X11; Linux x86_64) AppleWebKit/537.36 (KHTML, like Gecko) Ubuntu Chromium/60.0.3112.78 Chrome/60.0.3112.78 Safari/537.36" 
80.192.202.70 - - [12/Aug/2017:07:57:15 -0700] "GET / HTTP/1.1" 200 10794 "https://www.google.co.uk/" "Mozilla/5.0 (Windows NT 10.0; Win64; x64) AppleWebKit/537.36 (KHTML, like Gecko) Chrome/60.0.3112.90 Safari/537.36" 
80.192.202.70 - - [12/Aug/2017:07:57:15 -0700] "GET /GitHub-Mark.png HTTP/1.1" 200 7428 "http://www.secrepo.com/" "Mozilla/5.0 (Windows NT 10.0; Win64; x64) AppleWebKit/537.36 (KHTML, like Gecko) Chrome/60.0.3112.90 Safari/537.36" 
80.192.202.70 - - [12/Aug/2017:07:57:15 -0700] "GET /twitter-icon.png HTTP/1.1" 200 27787 "http://www.secrepo.com/" "Mozilla/5.0 (Windows NT 10.0; Win64; x64) AppleWebKit/537.36 (KHTML, like Gecko) Chrome/60.0.3112.90 Safari/537.36" 
80.192.202.70 - - [12/Aug/2017:07:57:15 -0700] "GET /bootstrap/img/favicon.ico HTTP/1.1" 200 589 "http://www.secrepo.com/" "Mozilla/5.0 (Windows NT 10.0; Win64; x64) AppleWebKit/537.36 (KHTML, like Gecko) Chrome/60.0.3112.90 Safari/537.36" 
149.154.237.65 - - [12/Aug/2017:07:57:23 -0700] "GET /wp-login.php HTTP/1.1" 301 522 "-" "Mozilla/5.0 (Windows NT 6.1; WOW64; rv:40.0) Gecko/20100101 Firefox/40.1" 
149.154.237.65 - - [12/Aug/2017:07:57:23 -0700] "GET /wp-login.php HTTP/1.1" 404 295 "-" "Mozilla/5.0 (Windows NT 6.1; WOW64; rv:40.0) Gecko/20100101 Firefox/40.1" 
149.154.237.65 - - [12/Aug/2017:07:57:28 -0700] "GET /wp-login.php HTTP/1.1" 301 522 "-" "Mozilla/5.0 (Windows NT 6.1; WOW64; rv:40.0) Gecko/20100101 Firefox/40.1" 
149.154.237.65 - - [12/Aug/2017:07:57:28 -0700] "GET /wp-login.php HTTP/1.1" 404 295 "-" "Mozilla/5.0 (Windows NT 6.1; WOW64; rv:40.0) Gecko/20100101 Firefox/40.1" 
149.154.237.65 - - [12/Aug/2017:07:57:33 -0700] "GET / HTTP/1.1" 301 498 "-" "Mozilla/5.0 (Windows NT 6.1; WOW64; rv:40.0) Gecko/20100101 Firefox/40.1" 
149.154.237.65 - - [12/Aug/2017:07:57:34 -0700] "GET / HTTP/1.1" 200 36476 "-" "Mozilla/5.0 (Windows NT 6.1; WOW64; rv:40.0) Gecko/20100101 Firefox/40.1" 
120.192.95.88 - - [12/Aug/2017:08:02:32 -0700] "GET /maccdc2012/maccdc2012_full_alert.7z HTTP/1.1" 304 132 "-" "Mozilla/5.0 Gecko/20100115 Firefox/3.6" 
36.226.76.227 - - [12/Aug/2017:08:04:37 -0700] "GET / HTTP/1.1" 200 10794 "-" "Mozilla/5.0 (Macintosh; Intel Mac OS X 10_12_6) AppleWebKit/537.36 (KHTML, like Gecko) Chrome/59.0.3071.115 Safari/537.36 OPR/46.0.2597.57" 
207.46.13.136 - - [12/Aug/2017:08:04:38 -0700] "GET /self.logs/error.log.2015-12-24.gz HTTP/1.1" 200 1005 "-" "Mozilla/5.0 (compatible; bingbot/2.0; +http://www.bing.com/bingbot.htm)" 
36.226.76.227 - - [12/Aug/2017:08:04:38 -0700] "GET /GitHub-Mark.png HTTP/1.1" 200 7428 "http://www.secrepo.com/" "Mozilla/5.0 (Macintosh; Intel Mac OS X 10_12_6) AppleWebKit/537.36 (KHTML, like Gecko) Chrome/59.0.3071.115 Safari/537.36 OPR/46.0.2597.57" 
36.226.76.227 - - [12/Aug/2017:08:04:38 -0700] "GET /twitter-icon.png HTTP/1.1" 200 27787 "http://www.secrepo.com/" "Mozilla/5.0 (Macintosh; Intel Mac OS X 10_12_6) AppleWebKit/537.36 (KHTML, like Gecko) Chrome/59.0.3071.115 Safari/537.36 OPR/46.0.2597.57" 
36.226.76.227 - - [12/Aug/2017:08:04:39 -0700] "GET /bootstrap/img/favicon.ico HTTP/1.1" 200 589 "http://www.secrepo.com/" "Mozilla/5.0 (Macintosh; Intel Mac OS X 10_12_6) AppleWebKit/537.36 (KHTML, like Gecko) Chrome/59.0.3071.115 Safari/537.36 OPR/46.0.2597.57" 
157.55.39.114 - - [12/Aug/2017:08:09:36 -0700] "GET /self.logs/error.log.2016-01-01.gz HTTP/1.1" 200 576 "-" "Mozilla/5.0 (compatible; bingbot/2.0; +http://www.bing.com/bingbot.htm)" 
199.58.86.206 - - [12/Aug/2017:08:12:15 -0700] "GET /robots.txt HTTP/1.1" 200 289 "-" "Mozilla/5.0 (compatible; MJ12bot/v1.4.8; http://mj12bot.com/)" 
199.58.86.206 - - [12/Aug/2017:08:12:17 -0700] "GET / HTTP/1.1" 200 36420 "-" "Mozilla/5.0 (compatible; MJ12bot/v1.4.8; http://mj12bot.com/)" 
51.255.65.81 - - [12/Aug/2017:08:15:32 -0700] "GET /self.logs/access.log.2017-06-18.gz HTTP/1.1" 200 17151 "-" "Mozilla/5.0 (compatible; AhrefsBot/5.2; +http://ahrefs.com/robot/)" 
172.7.183.30 - - [12/Aug/2017:08:15:47 -0700] "GET / HTTP/1.1" 200 10794 "http://fsecurify.com/fwaf-machine-learning-driven-web-application-firewall/" "Mozilla/5.0 (Macintosh; Intel Mac OS X 10_12_6) AppleWebKit/537.36 (KHTML, like Gecko) Chrome/60.0.3112.90 Safari/537.36" 
172.7.183.30 - - [12/Aug/2017:08:15:50 -0700] "GET /twitter-icon.png HTTP/1.1" 200 27788 "http://www.secrepo.com/" "Mozilla/5.0 (Macintosh; Intel Mac OS X 10_12_6) AppleWebKit/537.36 (KHTML, like Gecko) Chrome/60.0.3112.90 Safari/537.36" 
172.7.183.30 - - [12/Aug/2017:08:15:50 -0700] "GET /GitHub-Mark.png HTTP/1.1" 200 7428 "http://www.secrepo.com/" "Mozilla/5.0 (Macintosh; Intel Mac OS X 10_12_6) AppleWebKit/537.36 (KHTML, like Gecko) Chrome/60.0.3112.90 Safari/537.36" 
157.55.39.114 - - [12/Aug/2017:08:19:38 -0700] "GET /self.logs/error.log.2016-05-23.gz HTTP/1.1" 200 794 "-" "Mozilla/5.0 (compatible; bingbot/2.0; +http://www.bing.com/bingbot.htm)" 
51.255.71.119 - - [12/Aug/2017:08:21:58 -0700] "GET /self.logs/error.log.2015-07-08.gz HTTP/1.1" 200 1156 "-" "Mozilla/5.0 (compatible; AhrefsBot/5.2; +http://ahrefs.com/robot/)" 
71.15.2.70 - - [12/Aug/2017:08:22:40 -0700] "GET / HTTP/1.1" 200 10794 "https://www.google.com/" "Mozilla/5.0 (Windows NT 10.0; Win64; x64) AppleWebKit/537.36 (KHTML, like Gecko) Chrome/60.0.3112.90 Safari/537.36" 
71.15.2.70 - - [12/Aug/2017:08:22:41 -0700] "GET /twitter-icon.png HTTP/1.1" 200 27787 "http://www.secrepo.com/" "Mozilla/5.0 (Windows NT 10.0; Win64; x64) AppleWebKit/537.36 (KHTML, like Gecko) Chrome/60.0.3112.90 Safari/537.36" 
71.15.2.70 - - [12/Aug/2017:08:22:41 -0700] "GET /GitHub-Mark.png HTTP/1.1" 200 7428 "http://www.secrepo.com/" "Mozilla/5.0 (Windows NT 10.0; Win64; x64) AppleWebKit/537.36 (KHTML, like Gecko) Chrome/60.0.3112.90 Safari/537.36" 
71.15.2.70 - - [12/Aug/2017:08:22:41 -0700] "GET /bootstrap/img/favicon.ico HTTP/1.1" 200 589 "http://www.secrepo.com/" "Mozilla/5.0 (Windows NT 10.0; Win64; x64) AppleWebKit/537.36 (KHTML, like Gecko) Chrome/60.0.3112.90 Safari/537.36" 
208.80.192.33 - - [12/Aug/2017:08:29:48 -0700] "GET / HTTP/1.0" 200 36465 "-" "Mozilla/5.0 (X11; U; Linux x86_64; en-US) AppleWebKit/533.4 (KHTML, like Gecko) Chrome/5.0.375.53 Safari/533.4" 
207.46.13.136 - - [12/Aug/2017:08:38:36 -0700] "GET /self.logs/error.log.2017-02-27.gz HTTP/1.1" 200 1039 "-" "Mozilla/5.0 (compatible; bingbot/2.0; +http://www.bing.com/bingbot.htm)" 
217.182.132.57 - - [12/Aug/2017:08:38:37 -0700] "GET /self.logs/access.log.2016-08-02.gz HTTP/1.1" 200 9899 "-" "Mozilla/5.0 (compatible; AhrefsBot/5.2; +http://ahrefs.com/robot/)" 
40.77.167.12 - - [12/Aug/2017:08:40:15 -0700] "GET /self.logs/error.log.2015-10-10.gz HTTP/1.1" 200 847 "-" "Mozilla/5.0 (compatible; bingbot/2.0; +http://www.bing.com/bingbot.htm)" 
77.66.1.97 - - [12/Aug/2017:08:40:49 -0700] "GET /robots.txt HTTP/1.0" 200 297 "-" "Mozilla/5.0 (compatible; Findxbot/1.0; +http://www.findxbot.com)" 
77.66.1.97 - - [12/Aug/2017:08:40:50 -0700] "GET / HTTP/1.0" 200 10757 "-" "Mozilla/5.0 (compatible; Findxbot/1.0; +http://www.findxbot.com)" 
103.255.5.58 - - [12/Aug/2017:08:41:36 -0700] "GET / HTTP/1.1" 200 10794 "http://www.google.com.pk/url?sa=t&rct=j&q=&esrc=s&source=web&cd=28&cad=rja&uact=8&ved=0ahUKEwiOj-38g9LVAhUKqo8KHcv-CFI4FBAWCE4wBw&url=http%3A%2F%2Fwww.secrepo.com%2F&usg=AFQjCNHeQikQ6r63vtqWKlBvSenYpdB4dQ" "Mozilla/5.0 (Windows NT 6.2; WOW64; rv:15.0) Gecko/20100101 Firefox/15.0" 
103.255.5.58 - - [12/Aug/2017:08:41:36 -0700] "GET /twitter-icon.png HTTP/1.1" 200 27787 "http://www.secrepo.com/" "Mozilla/5.0 (Windows NT 6.2; WOW64; rv:15.0) Gecko/20100101 Firefox/15.0" 
103.255.5.58 - - [12/Aug/2017:08:41:36 -0700] "GET /GitHub-Mark.png HTTP/1.1" 200 7428 "http://www.secrepo.com/" "Mozilla/5.0 (Windows NT 6.2; WOW64; rv:15.0) Gecko/20100101 Firefox/15.0" 
103.255.5.58 - - [12/Aug/2017:08:41:37 -0700] "GET /bootstrap/img/favicon.ico HTTP/1.1" 200 590 "-" "Mozilla/5.0 (Windows NT 6.2; WOW64; rv:15.0) Gecko/20100101 Firefox/15.0" 
2.50.223.249 - - [12/Aug/2017:08:48:30 -0700] "GET /wp-login.php HTTP/1.1" 404 295 "-" "Mozilla/5.0 (Windows NT 6.1; WOW64; rv:40.0) Gecko/20100101 Firefox/40.1" 
2.50.223.249 - - [12/Aug/2017:08:48:36 -0700] "GET /wp-login.php HTTP/1.1" 404 295 "-" "Mozilla/5.0 (Windows NT 6.1; WOW64; rv:40.0) Gecko/20100101 Firefox/40.1" 
2.50.223.249 - - [12/Aug/2017:08:48:41 -0700] "GET / HTTP/1.1" 200 36476 "-" "Mozilla/5.0 (Windows NT 6.1; WOW64; rv:40.0) Gecko/20100101 Firefox/40.1" 
207.46.13.136 - - [12/Aug/2017:08:53:08 -0700] "GET /self.logs/access.log.2015-03-11.gz HTTP/1.1" 200 2460 "-" "Mozilla/5.0 (compatible; bingbot/2.0; +http://www.bing.com/bingbot.htm)" 
164.132.161.23 - - [12/Aug/2017:08:57:42 -0700] "GET /self.logs/access.log.2016-07-13.gz HTTP/1.1" 200 9767 "-" "Mozilla/5.0 (compatible; AhrefsBot/5.2; +http://ahrefs.com/robot/)" 
207.46.13.136 - - [12/Aug/2017:08:57:42 -0700] "GET /self.logs/error.log.2017-01-31.gz HTTP/1.1" 200 2073 "-" "Mozilla/5.0 (compatible; bingbot/2.0; +http://www.bing.com/bingbot.htm)" 
157.55.39.114 - - [12/Aug/2017:09:04:38 -0700] "GET /self.logs/access.log.2017-06-16.gz HTTP/1.1" 200 15921 "-" "Mozilla/5.0 (compatible; bingbot/2.0; +http://www.bing.com/bingbot.htm)" 
211.103.88.105 - - [12/Aug/2017:09:06:23 -0700] "GET /maccdc2012/maccdc2012_full_alert.7z HTTP/1.1" 304 132 "-" "Mozilla/5.0 Gecko/20100115 Firefox/3.6" 
103.255.5.58 - - [12/Aug/2017:08:42:01 -0700] "GET /pe_static/zeus.zip HTTP/1.1" 200 17985800 "http://www.secrepo.com/" "Mozilla/5.0 (Windows NT 6.2; WOW64; rv:15.0) Gecko/20100101 Firefox/15.0" 
34.230.4.95 - - [12/Aug/2017:09:10:38 -0700] "GET /maccdc2012/conn.log.gz HTTP/1.1" 200 26280 "-" "Wget/1.17.1 (linux-gnu)" 
34.230.4.95 - - [12/Aug/2017:09:10:50 -0700] "GET /maccdc2012/conn.log.gz HTTP/1.1" 200 549157643 "-" "Wget/1.17.1 (linux-gnu)" 
34.230.4.95 - - [12/Aug/2017:09:11:33 -0700] "GET /maccdc2012/dhcp.log.gz HTTP/1.1" 200 44867 "-" "Wget/1.17.1 (linux-gnu)" 
34.230.4.95 - - [12/Aug/2017:09:11:42 -0700] "GET /maccdc2012/dns.log.gz HTTP/1.1" 200 6607269 "-" "Wget/1.17.1 (linux-gnu)" 
34.230.4.95 - - [12/Aug/2017:09:11:49 -0700] "GET /maccdc2012/files.log.gz HTTP/1.1" 200 51233359 "-" "Wget/1.17.1 (linux-gnu)" 
34.230.4.95 - - [12/Aug/2017:09:11:58 -0700] "GET /maccdc2012/http.log.gz HTTP/1.1" 200 56420878 "-" "Wget/1.17.1 (linux-gnu)" 
51.255.65.2 - - [12/Aug/2017:09:19:21 -0700] "GET /self.logs/error.log.2015-12-01.gz HTTP/1.1" 200 709 "-" "Mozilla/5.0 (compatible; AhrefsBot/5.2; +http://ahrefs.com/robot/)" 
5.255.250.104 - - [12/Aug/2017:09:19:33 -0700] "GET /robots.txt HTTP/1.1" 200 289 "-" "Mozilla/5.0 (compatible; YandexBot/3.0; +http://yandex.com/bots)" 
77.88.5.115 - - [12/Aug/2017:09:19:43 -0700] "GET /favicon.ico HTTP/1.1" 200 268 "-" "Mozilla/5.0 (compatible; YandexBot/3.0; +http://yandex.com/bots)" 
68.5.120.103 - - [12/Aug/2017:09:21:48 -0700] "GET / HTTP/1.1" 200 10794 "-" "Mozilla/5.0 (Macintosh; Intel Mac OS X 10_12_6) AppleWebKit/603.3.8 (KHTML, like Gecko) Version/10.1.2 Safari/603.3.8" 
68.5.120.103 - - [12/Aug/2017:09:21:48 -0700] "GET /GitHub-Mark.png HTTP/1.1" 200 7427 "http://www.secrepo.com/" "Mozilla/5.0 (Macintosh; Intel Mac OS X 10_12_6) AppleWebKit/603.3.8 (KHTML, like Gecko) Version/10.1.2 Safari/603.3.8" 
68.5.120.103 - - [12/Aug/2017:09:21:49 -0700] "GET /twitter-icon.png HTTP/1.1" 200 27788 "http://www.secrepo.com/" "Mozilla/5.0 (Macintosh; Intel Mac OS X 10_12_6) AppleWebKit/603.3.8 (KHTML, like Gecko) Version/10.1.2 Safari/603.3.8" 
68.5.120.103 - - [12/Aug/2017:09:21:49 -0700] "GET /bootstrap/img/favicon.ico HTTP/1.1" 200 590 "http://www.secrepo.com/" "Mozilla/5.0 (Macintosh; Intel Mac OS X 10_12_6) AppleWebKit/603.3.8 (KHTML, like Gecko) Version/10.1.2 Safari/603.3.8" 
51.255.71.133 - - [12/Aug/2017:09:22:14 -0700] "GET /self.logs/error.log.2015-12-21.gz HTTP/1.1" 200 1905 "-" "Mozilla/5.0 (compatible; AhrefsBot/5.2; +http://ahrefs.com/robot/)" 
207.46.13.136 - - [12/Aug/2017:09:25:40 -0700] "GET /self.logs/error.log.2015-03-20.gz HTTP/1.1" 200 939 "-" "Mozilla/5.0 (compatible; bingbot/2.0; +http://www.bing.com/bingbot.htm)" 
182.48.89.158 - - [12/Aug/2017:09:29:14 -0700] "GET /wp-login.php HTTP/1.1" 404 295 "-" "Mozilla/5.0 (Windows NT 6.1; WOW64; rv:40.0) Gecko/20100101 Firefox/40.1" 
182.48.89.158 - - [12/Aug/2017:09:29:20 -0700] "GET /wp-login.php HTTP/1.1" 404 295 "-" "Mozilla/5.0 (Windows NT 6.1; WOW64; rv:40.0) Gecko/20100101 Firefox/40.1" 
182.48.89.158 - - [12/Aug/2017:09:29:26 -0700] "GET / HTTP/1.1" 200 36476 "-" "Mozilla/5.0 (Windows NT 6.1; WOW64; rv:40.0) Gecko/20100101 Firefox/40.1" 
157.55.39.114 - - [12/Aug/2017:09:32:42 -0700] "GET /self.logs/access.log.2015-11-28.gz HTTP/1.1" 200 3873 "-" "Mozilla/5.0 (compatible; bingbot/2.0; +http://www.bing.com/bingbot.htm)" 
220.181.108.121 - - [12/Aug/2017:09:32:54 -0700] "GET / HTTP/1.1" 200 10757 "-" "Mozilla/5.0 (compatible; Baiduspider/2.0; +http://www.baidu.com/search/spider.html)" 
66.102.6.102 - - [12/Aug/2017:09:33:12 -0700] "GET / HTTP/1.1" 301 483 "-" "Mozilla/5.0 (X11; Linux x86_64) AppleWebKit/537.36 (KHTML, like Gecko) Chrome/49.0.2623.75 Safari/537.36 Google Favicon" 
66.102.6.127 - - [12/Aug/2017:09:33:13 -0700] "GET / HTTP/1.1" 200 10794 "-" "Mozilla/5.0 (X11; Linux x86_64) AppleWebKit/537.36 (KHTML, like Gecko) Chrome/49.0.2623.75 Safari/537.36 Google Favicon" 
66.102.6.125 - - [12/Aug/2017:09:33:13 -0700] "GET /bootstrap/img/favicon.ico HTTP/1.1" 200 590 "-" "Mozilla/5.0 (X11; Linux x86_64) AppleWebKit/537.36 (KHTML, like Gecko) Chrome/49.0.2623.75 Safari/537.36 Google Favicon" 
180.76.15.138 - - [12/Aug/2017:09:44:02 -0700] "GET / HTTP/1.1" 200 10757 "-" "Mozilla/5.0 (compatible; Baiduspider/2.0; +http://www.baidu.com/search/spider.html)" 
123.30.175.229 - - [12/Aug/2017:09:44:43 -0700] "GET /robots.txt HTTP/1.1" 200 297 "-" "Mozilla/5.0 (compatible; coccocbot-web/1.0; +http://help.coccoc.com/searchengine)" 
123.30.175.228 - - [12/Aug/2017:09:44:45 -0700] "GET / HTTP/1.1" 200 10757 "-" "Mozilla/5.0 (compatible; coccocbot-web/1.0; +http://help.coccoc.com/searchengine)" 
123.30.175.228 - - [12/Aug/2017:09:44:48 -0700] "GET /honeypot/Honeypot%20-%20Howto%20-%20BSides%20Austin.pdf HTTP/1.1" 200 2928423 "-" "Mozilla/5.0 (compatible; coccocbot-web/1.0; +http://help.coccoc.com/searchengine)" 
108.253.179.243 - - [12/Aug/2017:09:47:12 -0700] "GET / HTTP/1.1" 200 10794 "-" "Mozilla/5.0 (Windows NT 6.3; Win64; x64) AppleWebKit/537.36 (KHTML, like Gecko) Chrome/60.0.3112.90 Safari/537.36" 
108.253.179.243 - - [12/Aug/2017:09:47:13 -0700] "GET /GitHub-Mark.png HTTP/1.1" 200 7428 "http://www.secrepo.com/" "Mozilla/5.0 (Windows NT 6.3; Win64; x64) AppleWebKit/537.36 (KHTML, like Gecko) Chrome/60.0.3112.90 Safari/537.36" 
108.253.179.243 - - [12/Aug/2017:09:47:13 -0700] "GET /twitter-icon.png HTTP/1.1" 200 27787 "http://www.secrepo.com/" "Mozilla/5.0 (Windows NT 6.3; Win64; x64) AppleWebKit/537.36 (KHTML, like Gecko) Chrome/60.0.3112.90 Safari/537.36" 
108.253.179.243 - - [12/Aug/2017:09:47:14 -0700] "GET /bootstrap/img/favicon.ico HTTP/1.1" 200 589 "http://www.secrepo.com/" "Mozilla/5.0 (Windows NT 6.3; Win64; x64) AppleWebKit/537.36 (KHTML, like Gecko) Chrome/60.0.3112.90 Safari/537.36" 
207.46.13.136 - - [12/Aug/2017:09:50:30 -0700] "GET / HTTP/1.1" 200 10794 "-" "Mozilla/5.0 (compatible; bingbot/2.0; +http://www.bing.com/bingbot.htm)" 
40.77.167.12 - - [12/Aug/2017:09:54:33 -0700] "GET /self.logs/error.log.2015-12-25.gz HTTP/1.1" 200 616 "-" "Mozilla/5.0 (compatible; bingbot/2.0; +http://www.bing.com/bingbot.htm)" 
114.215.174.9 - - [12/Aug/2017:09:56:08 -0700] "GET //static/image/common/logo.png/.php HTTP/1.1" 404 295 "-" "-" 
87.175.8.53 - - [12/Aug/2017:09:56:52 -0700] "GET /twitter-icon.png HTTP/1.1" 200 27788 "-" "Mozilla/5.0 (Macintosh; Intel Mac OS X 10.11; rv:54.0) Gecko/20100101 Firefox/54.0" 
87.175.8.53 - - [12/Aug/2017:09:56:52 -0700] "GET /GitHub-Mark.png HTTP/1.1" 200 7428 "-" "Mozilla/5.0 (Macintosh; Intel Mac OS X 10.11; rv:54.0) Gecko/20100101 Firefox/54.0" 
82.178.207.209 - - [12/Aug/2017:10:01:14 -0700] "GET / HTTP/1.1" 200 10794 "https://www.google.com/" "Mozilla/5.0 (Macintosh; Intel Mac OS X 10_12_5) AppleWebKit/603.2.4 (KHTML, like Gecko) Version/10.1.1 Safari/603.2.4" 
82.178.207.209 - - [12/Aug/2017:10:01:16 -0700] "GET /twitter-icon.png HTTP/1.1" 200 27787 "http://www.secrepo.com/" "Mozilla/5.0 (Macintosh; Intel Mac OS X 10_12_5) AppleWebKit/603.2.4 (KHTML, like Gecko) Version/10.1.1 Safari/603.2.4" 
82.178.207.209 - - [12/Aug/2017:10:01:16 -0700] "GET /GitHub-Mark.png HTTP/1.1" 200 7428 "http://www.secrepo.com/" "Mozilla/5.0 (Macintosh; Intel Mac OS X 10_12_5) AppleWebKit/603.2.4 (KHTML, like Gecko) Version/10.1.1 Safari/603.2.4" 
69.80.9.154 - - [12/Aug/2017:10:01:55 -0700] "GET /wp-login.php HTTP/1.1" 301 522 "-" "Mozilla/5.0 (Windows NT 6.1; WOW64; rv:40.0) Gecko/20100101 Firefox/40.1" 
69.80.9.154 - - [12/Aug/2017:10:01:56 -0700] "GET /wp-login.php HTTP/1.1" 404 295 "-" "Mozilla/5.0 (Windows NT 6.1; WOW64; rv:40.0) Gecko/20100101 Firefox/40.1" 
69.80.9.154 - - [12/Aug/2017:10:02:02 -0700] "GET /wp-login.php HTTP/1.1" 301 522 "-" "Mozilla/5.0 (Windows NT 6.1; WOW64; rv:40.0) Gecko/20100101 Firefox/40.1" 
69.80.9.154 - - [12/Aug/2017:10:02:02 -0700] "GET /wp-login.php HTTP/1.1" 404 295 "-" "Mozilla/5.0 (Windows NT 6.1; WOW64; rv:40.0) Gecko/20100101 Firefox/40.1" 
69.80.9.154 - - [12/Aug/2017:10:02:09 -0700] "GET / HTTP/1.1" 301 498 "-" "Mozilla/5.0 (Windows NT 6.1; WOW64; rv:40.0) Gecko/20100101 Firefox/40.1" 
69.80.9.154 - - [12/Aug/2017:10:02:10 -0700] "GET / HTTP/1.1" 200 36476 "-" "Mozilla/5.0 (Windows NT 6.1; WOW64; rv:40.0) Gecko/20100101 Firefox/40.1" 
87.203.105.208 - - [12/Aug/2017:10:05:43 -0700] "GET /wp-login.php HTTP/1.1" 301 522 "-" "Mozilla/5.0 (Windows NT 6.1; WOW64; rv:40.0) Gecko/20100101 Firefox/40.1" 
87.203.105.208 - - [12/Aug/2017:10:05:44 -0700] "GET /wp-login.php HTTP/1.1" 404 295 "-" "Mozilla/5.0 (Windows NT 6.1; WOW64; rv:40.0) Gecko/20100101 Firefox/40.1" 
87.203.105.208 - - [12/Aug/2017:10:05:49 -0700] "GET /wp-login.php HTTP/1.1" 301 522 "-" "Mozilla/5.0 (Windows NT 6.1; WOW64; rv:40.0) Gecko/20100101 Firefox/40.1" 
87.203.105.208 - - [12/Aug/2017:10:05:49 -0700] "GET /wp-login.php HTTP/1.1" 404 295 "-" "Mozilla/5.0 (Windows NT 6.1; WOW64; rv:40.0) Gecko/20100101 Firefox/40.1" 
87.203.105.208 - - [12/Aug/2017:10:05:55 -0700] "GET / HTTP/1.1" 301 498 "-" "Mozilla/5.0 (Windows NT 6.1; WOW64; rv:40.0) Gecko/20100101 Firefox/40.1" 
87.203.105.208 - - [12/Aug/2017:10:05:55 -0700] "GET / HTTP/1.1" 200 36476 "-" "Mozilla/5.0 (Windows NT 6.1; WOW64; rv:40.0) Gecko/20100101 Firefox/40.1" 
120.221.1.28 - - [12/Aug/2017:10:21:17 -0700] "GET /maccdc2012/files.log.gz HTTP/1.1" 304 155 "-" "Mozilla/5.0 Gecko/20100115 Firefox/3.6" 
73.212.9.182 - - [12/Aug/2017:10:25:32 -0700] "GET /twitter-icon.png HTTP/1.1" 200 27788 "-" "Mozilla/5.0 (X11; Linux x86_64) AppleWebKit/537.36 (KHTML, like Gecko) Chrome/59.0.3071.109 Safari/537.36" 
73.212.9.182 - - [12/Aug/2017:10:25:32 -0700] "GET /GitHub-Mark.png HTTP/1.1" 200 7428 "-" "Mozilla/5.0 (X11; Linux x86_64) AppleWebKit/537.36 (KHTML, like Gecko) Chrome/59.0.3071.109 Safari/537.36" 
2.50.223.249 - - [12/Aug/2017:10:28:33 -0700] "GET /wp-login.php HTTP/1.1" 301 522 "-" "Mozilla/5.0 (Windows NT 6.1; WOW64; rv:40.0) Gecko/20100101 Firefox/40.1" 
2.50.223.249 - - [12/Aug/2017:10:28:34 -0700] "GET /wp-login.php HTTP/1.1" 404 295 "-" "Mozilla/5.0 (Windows NT 6.1; WOW64; rv:40.0) Gecko/20100101 Firefox/40.1" 
2.50.223.249 - - [12/Aug/2017:10:28:40 -0700] "GET /wp-login.php HTTP/1.1" 301 522 "-" "Mozilla/5.0 (Windows NT 6.1; WOW64; rv:40.0) Gecko/20100101 Firefox/40.1" 
2.50.223.249 - - [12/Aug/2017:10:28:40 -0700] "GET /wp-login.php HTTP/1.1" 404 295 "-" "Mozilla/5.0 (Windows NT 6.1; WOW64; rv:40.0) Gecko/20100101 Firefox/40.1" 
2.50.223.249 - - [12/Aug/2017:10:28:46 -0700] "GET / HTTP/1.1" 301 498 "-" "Mozilla/5.0 (Windows NT 6.1; WOW64; rv:40.0) Gecko/20100101 Firefox/40.1" 
2.50.223.249 - - [12/Aug/2017:10:28:46 -0700] "GET / HTTP/1.1" 200 36476 "-" "Mozilla/5.0 (Windows NT 6.1; WOW64; rv:40.0) Gecko/20100101 Firefox/40.1" 
40.77.167.12 - - [12/Aug/2017:10:28:57 -0700] "GET /self.logs/error.log.2016-07-07.gz HTTP/1.1" 200 775 "-" "Mozilla/5.0 (compatible; bingbot/2.0; +http://www.bing.com/bingbot.htm)" 
46.117.76.51 - - [12/Aug/2017:10:32:16 -0700] "GET / HTTP/1.1" 200 10794 "http://www.mlsecproject.org/" "Mozilla/5.0 (Windows NT 6.1; Win64; x64) AppleWebKit/537.36 (KHTML, like Gecko) Chrome/59.0.3071.115 Safari/537.36" 
46.117.76.51 - - [12/Aug/2017:10:32:16 -0700] "GET /twitter-icon.png HTTP/1.1" 200 27787 "http://www.secrepo.com/" "Mozilla/5.0 (Windows NT 6.1; Win64; x64) AppleWebKit/537.36 (KHTML, like Gecko) Chrome/59.0.3071.115 Safari/537.36" 
46.117.76.51 - - [12/Aug/2017:10:32:16 -0700] "GET /GitHub-Mark.png HTTP/1.1" 200 7428 "http://www.secrepo.com/" "Mozilla/5.0 (Windows NT 6.1; Win64; x64) AppleWebKit/537.36 (KHTML, like Gecko) Chrome/59.0.3071.115 Safari/537.36" 
46.117.76.51 - - [12/Aug/2017:10:32:18 -0700] "GET /bootstrap/img/favicon.ico HTTP/1.1" 200 589 "http://www.secrepo.com/" "Mozilla/5.0 (Windows NT 6.1; Win64; x64) AppleWebKit/537.36 (KHTML, like Gecko) Chrome/59.0.3071.115 Safari/537.36" 
157.55.39.96 - - [12/Aug/2017:10:42:45 -0700] "GET /self.logs/access.log.2016-09-06.gz HTTP/1.1" 200 8467 "-" "Mozilla/5.0 (compatible; bingbot/2.0; +http://www.bing.com/bingbot.htm)" 
88.110.180.60 - - [12/Aug/2017:10:43:00 -0700] "GET /wp-login.php HTTP/1.1" 404 295 "-" "Mozilla/5.0 (Windows NT 6.1; WOW64; rv:40.0) Gecko/20100101 Firefox/40.1" 
88.110.180.60 - - [12/Aug/2017:10:43:05 -0700] "GET /wp-login.php HTTP/1.1" 404 295 "-" "Mozilla/5.0 (Windows NT 6.1; WOW64; rv:40.0) Gecko/20100101 Firefox/40.1" 
88.110.180.60 - - [12/Aug/2017:10:43:12 -0700] "GET / HTTP/1.1" 200 36476 "-" "Mozilla/5.0 (Windows NT 6.1; WOW64; rv:40.0) Gecko/20100101 Firefox/40.1" 
88.110.180.60 - - [12/Aug/2017:10:43:37 -0700] "GET /wp-login.php HTTP/1.1" 301 522 "-" "Mozilla/5.0 (Windows NT 6.1; WOW64; rv:40.0) Gecko/20100101 Firefox/40.1" 
88.110.180.60 - - [12/Aug/2017:10:43:37 -0700] "GET /wp-login.php HTTP/1.1" 404 295 "-" "Mozilla/5.0 (Windows NT 6.1; WOW64; rv:40.0) Gecko/20100101 Firefox/40.1" 
88.110.180.60 - - [12/Aug/2017:10:43:43 -0700] "GET /wp-login.php HTTP/1.1" 301 522 "-" "Mozilla/5.0 (Windows NT 6.1; WOW64; rv:40.0) Gecko/20100101 Firefox/40.1" 
88.110.180.60 - - [12/Aug/2017:10:43:43 -0700] "GET /wp-login.php HTTP/1.1" 404 295 "-" "Mozilla/5.0 (Windows NT 6.1; WOW64; rv:40.0) Gecko/20100101 Firefox/40.1" 
88.110.180.60 - - [12/Aug/2017:10:43:49 -0700] "GET / HTTP/1.1" 301 498 "-" "Mozilla/5.0 (Windows NT 6.1; WOW64; rv:40.0) Gecko/20100101 Firefox/40.1" 
88.110.180.60 - - [12/Aug/2017:10:43:49 -0700] "GET / HTTP/1.1" 200 36476 "-" "Mozilla/5.0 (Windows NT 6.1; WOW64; rv:40.0) Gecko/20100101 Firefox/40.1" 
134.249.80.194 - - [12/Aug/2017:10:46:00 -0700] "GET / HTTP/1.1" 200 36420 "http://www.zetmaster.ru/" "Mozilla/4.0 (compatible; MSIE 6.0; Windows XP)" 
134.249.80.194 - - [12/Aug/2017:10:46:01 -0700] "GET / HTTP/1.1" 200 36420 "http://www.zetmaster.ru/" "Mozilla/4.0 (compatible; MSIE 6.0; Windows XP)" 
134.249.80.194 - - [12/Aug/2017:10:46:02 -0700] "GET / HTTP/1.1" 200 36420 "http://www.zetmaster.ru/" "Mozilla/4.0 (compatible; MSIE 6.0; Windows XP)" 
82.178.207.209 - - [12/Aug/2017:10:46:18 -0700] "GET /misc/zeus_dga_domains.txt.zip HTTP/1.1" 200 594360 "http://www.secrepo.com/" "Mozilla/5.0 (Macintosh; Intel Mac OS X 10_12_5) AppleWebKit/603.2.4 (KHTML, like Gecko) Version/10.1.1 Safari/603.2.4" 
68.118.54.24 - - [12/Aug/2017:10:47:00 -0700] "GET /wp-login.php HTTP/1.1" 404 295 "-" "Mozilla/5.0 (Windows NT 6.1; WOW64; rv:40.0) Gecko/20100101 Firefox/40.1" 
68.118.54.24 - - [12/Aug/2017:10:47:05 -0700] "GET /wp-login.php HTTP/1.1" 404 295 "-" "Mozilla/5.0 (Windows NT 6.1; WOW64; rv:40.0) Gecko/20100101 Firefox/40.1" 
68.118.54.24 - - [12/Aug/2017:10:47:10 -0700] "GET / HTTP/1.1" 200 36476 "-" "Mozilla/5.0 (Windows NT 6.1; WOW64; rv:40.0) Gecko/20100101 Firefox/40.1" 
216.244.66.227 - - [12/Aug/2017:10:47:48 -0700] "GET /robots.txt HTTP/1.1" 200 233 "-" "Mozilla/5.0 (compatible; DotBot/1.1; http://www.opensiteexplorer.org/dotbot, help@moz.com)" 
108.41.188.145 - - [12/Aug/2017:10:48:14 -0700] "GET /wp-login.php HTTP/1.1" 404 295 "-" "Mozilla/5.0 (Windows NT 6.1; WOW64; rv:40.0) Gecko/20100101 Firefox/40.1" 
108.41.188.145 - - [12/Aug/2017:10:48:19 -0700] "GET /wp-login.php HTTP/1.1" 404 295 "-" "Mozilla/5.0 (Windows NT 6.1; WOW64; rv:40.0) Gecko/20100101 Firefox/40.1" 
108.41.188.145 - - [12/Aug/2017:10:48:24 -0700] "GET / HTTP/1.1" 200 36476 "-" "Mozilla/5.0 (Windows NT 6.1; WOW64; rv:40.0) Gecko/20100101 Firefox/40.1" 
164.132.161.50 - - [12/Aug/2017:10:48:38 -0700] "GET /self.logs/access.log.2017-07-24.gz HTTP/1.1" 200 35770 "-" "Mozilla/5.0 (compatible; AhrefsBot/5.2; +http://ahrefs.com/robot/)" 
68.118.54.24 - - [12/Aug/2017:10:49:12 -0700] "GET /wp-login.php HTTP/1.1" 301 522 "-" "Mozilla/5.0 (Windows NT 6.1; WOW64; rv:40.0) Gecko/20100101 Firefox/40.1" 
68.118.54.24 - - [12/Aug/2017:10:49:12 -0700] "GET /wp-login.php HTTP/1.1" 404 295 "-" "Mozilla/5.0 (Windows NT 6.1; WOW64; rv:40.0) Gecko/20100101 Firefox/40.1" 
68.118.54.24 - - [12/Aug/2017:10:49:17 -0700] "GET /wp-login.php HTTP/1.1" 301 522 "-" "Mozilla/5.0 (Windows NT 6.1; WOW64; rv:40.0) Gecko/20100101 Firefox/40.1" 
68.118.54.24 - - [12/Aug/2017:10:49:17 -0700] "GET /wp-login.php HTTP/1.1" 404 295 "-" "Mozilla/5.0 (Windows NT 6.1; WOW64; rv:40.0) Gecko/20100101 Firefox/40.1" 
68.118.54.24 - - [12/Aug/2017:10:49:22 -0700] "GET / HTTP/1.1" 301 498 "-" "Mozilla/5.0 (Windows NT 6.1; WOW64; rv:40.0) Gecko/20100101 Firefox/40.1" 
68.118.54.24 - - [12/Aug/2017:10:49:23 -0700] "GET / HTTP/1.1" 200 36476 "-" "Mozilla/5.0 (Windows NT 6.1; WOW64; rv:40.0) Gecko/20100101 Firefox/40.1" 
157.55.39.96 - - [12/Aug/2017:10:49:40 -0700] "GET /self.logs/error.log.2015-09-20.gz HTTP/1.1" 200 836 "-" "Mozilla/5.0 (compatible; bingbot/2.0; +http://www.bing.com/bingbot.htm)" 
62.24.181.135 - - [12/Aug/2017:10:49:40 -0700] "GET /robots.txt HTTP/1.0" 200 252 "http://www.secrepo.com/robots.txt" "Mozilla/4.0 (compatible; MSIE 8.0; Windows NT 5.1; Trident/4.0; .NET CLR 2.0.50727; .NET CLR 3.0.04506.648; .NET CLR 3.5.21022; .NET CLR 3.0.4506.2152; .NET CLR 3.5.30729; InfoPath.2)" 
62.24.181.135 - - [12/Aug/2017:10:49:40 -0700] "GET / HTTP/1.0" 200 36465 "http://www.secrepo.com/" "Mozilla/4.0 (compatible; MSIE 8.0; Windows NT 5.1; Trident/4.0; .NET CLR 2.0.50727; .NET CLR 3.0.04506.648; .NET CLR 3.5.21022; .NET CLR 3.0.4506.2152; .NET CLR 3.5.30729; InfoPath.2)" 
62.24.181.135 - - [12/Aug/2017:10:50:22 -0700] "GET /robots.txt HTTP/1.0" 301 481 "http://secrepo.com/robots.txt" "Mozilla/4.0 (compatible; MSIE 8.0; Windows NT 5.1; Trident/4.0; .NET CLR 2.0.50727; .NET CLR 3.0.04506.648; .NET CLR 3.5.21022; .NET CLR 3.0.4506.2152; .NET CLR 3.5.30729; InfoPath.2)" 
62.24.181.135 - - [12/Aug/2017:10:50:22 -0700] "GET /robots.txt HTTP/1.0" 200 252 "http://www.secrepo.com/robots.txt" "Mozilla/4.0 (compatible; MSIE 8.0; Windows NT 5.1; Trident/4.0; .NET CLR 2.0.50727; .NET CLR 3.0.04506.648; .NET CLR 3.5.21022; .NET CLR 3.0.4506.2152; .NET CLR 3.5.30729; InfoPath.2)" 
62.24.181.135 - - [12/Aug/2017:10:50:23 -0700] "GET / HTTP/1.0" 301 461 "http://secrepo.com/" "Mozilla/4.0 (compatible; MSIE 8.0; Windows NT 5.1; Trident/4.0; .NET CLR 2.0.50727; .NET CLR 3.0.04506.648; .NET CLR 3.5.21022; .NET CLR 3.0.4506.2152; .NET CLR 3.5.30729; InfoPath.2)" 
82.178.207.209 - - [12/Aug/2017:10:50:33 -0700] "GET / HTTP/1.1" 200 10794 "-" "Mozilla/5.0 (Macintosh; Intel Mac OS X 10_12_5) AppleWebKit/603.2.4 (KHTML, like Gecko)" 
82.178.207.209 - - [12/Aug/2017:10:50:34 -0700] "GET /apple-touch-icon-precomposed.png HTTP/1.1" 404 340 "-" "Safari/12603.2.4 CFNetwork/811.5.4 Darwin/16.6.0 (x86_64)" 
82.178.207.209 - - [12/Aug/2017:10:50:34 -0700] "GET /apple-touch-icon.png HTTP/1.1" 404 339 "-" "Safari/12603.2.4 CFNetwork/811.5.4 Darwin/16.6.0 (x86_64)" 
82.178.207.209 - - [12/Aug/2017:10:50:34 -0700] "GET /bootstrap/img/favicon.ico HTTP/1.1" 200 589 "-" "Safari/12603.2.4 CFNetwork/811.5.4 Darwin/16.6.0 (x86_64)" 
82.178.207.209 - - [12/Aug/2017:10:50:34 -0700] "GET / HTTP/1.1" 200 10793 "-" "Mozilla/5.0 (iPhone; CPU iPhone OS 10_0 like Mac OS X) AppleWebKit/602.1.38 (KHTML, like Gecko) Version/10.0 Mobile/14A300 Safari/602.1" 
82.178.207.209 - - [12/Aug/2017:10:50:35 -0700] "GET /apple-touch-icon-precomposed.png HTTP/1.1" 404 339 "-" "Safari/12603.2.4 CFNetwork/811.5.4 Darwin/16.6.0 (x86_64)" 
82.178.207.209 - - [12/Aug/2017:10:50:35 -0700] "GET /apple-touch-icon.png HTTP/1.1" 404 339 "-" "Safari/12603.2.4 CFNetwork/811.5.4 Darwin/16.6.0 (x86_64)" 
45.20.16.126 - - [12/Aug/2017:10:55:42 -0700] "GET / HTTP/1.1" 200 10794 "https://www.google.com/" "Mozilla/5.0 (Macintosh; Intel Mac OS X 10_12_6) AppleWebKit/537.36 (KHTML, like Gecko) Chrome/60.0.3112.90 Safari/537.36" 
45.20.16.126 - - [12/Aug/2017:10:55:42 -0700] "GET /twitter-icon.png HTTP/1.1" 200 27787 "http://www.secrepo.com/" "Mozilla/5.0 (Macintosh; Intel Mac OS X 10_12_6) AppleWebKit/537.36 (KHTML, like Gecko) Chrome/60.0.3112.90 Safari/537.36" 
45.20.16.126 - - [12/Aug/2017:10:55:43 -0700] "GET /GitHub-Mark.png HTTP/1.1" 200 7428 "http://www.secrepo.com/" "Mozilla/5.0 (Macintosh; Intel Mac OS X 10_12_6) AppleWebKit/537.36 (KHTML, like Gecko) Chrome/60.0.3112.90 Safari/537.36" 
45.20.16.126 - - [12/Aug/2017:10:55:43 -0700] "GET /bootstrap/img/favicon.ico HTTP/1.1" 200 589 "http://www.secrepo.com/" "Mozilla/5.0 (Macintosh; Intel Mac OS X 10_12_6) AppleWebKit/537.36 (KHTML, like Gecko) Chrome/60.0.3112.90 Safari/537.36" 
189.129.197.115 - - [12/Aug/2017:10:56:53 -0700] "GET /favicon.ico HTTP/1.1" 200 268 "http://www.secrepo.com/honeypot/Honeypot%20-%20Howto.pdf" "Mozilla/5.0 (Windows NT 6.1; Win64; x64) AppleWebKit/537.36 (KHTML, like Gecko) Chrome/59.0.3071.115 Safari/537.36" 
189.129.197.115 - - [12/Aug/2017:10:56:52 -0700] "GET /honeypot/Honeypot%20-%20Howto.pdf HTTP/1.1" 200 1279418 "https://www.google.com.mx/" "Mozilla/5.0 (Windows NT 6.1; Win64; x64) AppleWebKit/537.36 (KHTML, like Gecko) Chrome/59.0.3071.115 Safari/537.36" 
189.129.197.115 - - [12/Aug/2017:10:56:53 -0700] "GET /honeypot/Honeypot%20-%20Howto.pdf HTTP/1.1" 206 791204 "http://www.secrepo.com/honeypot/Honeypot%20-%20Howto.pdf" "Mozilla/5.0 (Windows NT 6.1; Win64; x64) AppleWebKit/537.36 (KHTML, like Gecko) Chrome/59.0.3071.115 Safari/537.36" 
52.27.2.86 - - [12/Aug/2017:10:58:49 -0700] "GET / HTTP/1.1" 200 36420 "-" "Mozilla/4.0 (compatible; MSIE 8.0; Windows NT 5.1; Trident/4.0)" 
45.20.16.126 - - [12/Aug/2017:10:57:54 -0700] "GET /maccdc2012/conn.log.gz HTTP/1.1" 200 22014111 "-" "Mozilla/5.0 (Macintosh; Intel Mac OS X 10_12_6) AppleWebKit/537.36 (KHTML, like Gecko) Chrome/60.0.3112.90 Safari/537.36" 
82.178.207.209 - - [12/Aug/2017:11:01:09 -0700] "GET / HTTP/1.1" 200 10794 "-" "Mozilla/5.0 (iPhone; CPU iPhone OS 10_2_1 like Mac OS X) AppleWebKit/602.4.6 (KHTML, like Gecko) Version/10.0 Mobile/14D27 Safari/602.1" 
82.178.207.209 - - [12/Aug/2017:11:01:09 -0700] "GET /apple-touch-icon-120x120-precomposed.png HTTP/1.1" 404 340 "-" "MobileSafari/602.1 CFNetwork/808.3 Darwin/16.3.0" 
82.178.207.209 - - [12/Aug/2017:11:01:09 -0700] "GET /apple-touch-icon-120x120.png HTTP/1.1" 404 339 "-" "MobileSafari/602.1 CFNetwork/808.3 Darwin/16.3.0" 
82.178.207.209 - - [12/Aug/2017:11:01:10 -0700] "GET /apple-touch-icon-precomposed.png HTTP/1.1" 404 339 "-" "MobileSafari/602.1 CFNetwork/808.3 Darwin/16.3.0" 
82.178.207.209 - - [12/Aug/2017:11:01:10 -0700] "GET /apple-touch-icon.png HTTP/1.1" 404 339 "-" "MobileSafari/602.1 CFNetwork/808.3 Darwin/16.3.0" 
82.178.207.209 - - [12/Aug/2017:11:01:10 -0700] "GET /bootstrap/img/favicon.ico HTTP/1.1" 200 589 "-" "MobileSafari/602.1 CFNetwork/808.3 Darwin/16.3.0" 
137.74.207.102 - - [12/Aug/2017:11:01:19 -0700] "GET /self.logs/error.log.2015-02-07.gz HTTP/1.1" 200 641 "-" "Mozilla/5.0 (compatible; AhrefsBot/5.2; +http://ahrefs.com/robot/)" 
188.121.169.49 - - [12/Aug/2017:11:02:00 -0700] "GET / HTTP/1.1" 200 10794 "https://www.google.sk/" "Mozilla/5.0 (Macintosh; Intel Mac OS X 10_9_5) AppleWebKit/537.36 (KHTML, like Gecko) Chrome/60.0.3112.90 Safari/537.36" 
188.121.169.49 - - [12/Aug/2017:11:02:01 -0700] "GET /twitter-icon.png HTTP/1.1" 200 27787 "http://www.secrepo.com/" "Mozilla/5.0 (Macintosh; Intel Mac OS X 10_9_5) AppleWebKit/537.36 (KHTML, like Gecko) Chrome/60.0.3112.90 Safari/537.36" 
188.121.169.49 - - [12/Aug/2017:11:02:01 -0700] "GET /GitHub-Mark.png HTTP/1.1" 200 7428 "http://www.secrepo.com/" "Mozilla/5.0 (Macintosh; Intel Mac OS X 10_9_5) AppleWebKit/537.36 (KHTML, like Gecko) Chrome/60.0.3112.90 Safari/537.36" 
188.121.169.49 - - [12/Aug/2017:11:02:02 -0700] "GET /bootstrap/img/favicon.ico HTTP/1.1" 200 589 "http://www.secrepo.com/" "Mozilla/5.0 (Macintosh; Intel Mac OS X 10_9_5) AppleWebKit/537.36 (KHTML, like Gecko) Chrome/60.0.3112.90 Safari/537.36" 
77.75.76.164 - - [12/Aug/2017:11:02:34 -0700] "GET /robots.txt HTTP/1.1" 200 334 "-" "Mozilla/5.0 (compatible; SeznamBot/3.2; +http://napoveda.seznam.cz/en/seznambot-intro/)" 
77.75.76.164 - - [12/Aug/2017:11:02:35 -0700] "GET / HTTP/1.1" 304 189 "-" "Mozilla/5.0 (compatible; SeznamBot/3.2; +http://napoveda.seznam.cz/en/seznambot-intro/)" 
120.192.95.88 - - [12/Aug/2017:11:02:36 -0700] "GET /maccdc2012/maccdc2012_full_alert.7z HTTP/1.1" 304 132 "-" "Mozilla/5.0 Gecko/20100115 Firefox/3.6" 
45.20.16.126 - - [12/Aug/2017:11:02:42 -0700] "GET /maccdc2012/http.log.gz HTTP/1.1" 200 54258816 "-" "Mozilla/5.0 (Macintosh; Intel Mac OS X 10_12_6) AppleWebKit/537.36 (KHTML, like Gecko) Chrome/60.0.3112.90 Safari/537.36" 
51.255.65.23 - - [12/Aug/2017:11:04:33 -0700] "GET /self.logs/access.log.2016-12-01.gz HTTP/1.1" 200 9273 "-" "Mozilla/5.0 (compatible; AhrefsBot/5.2; +http://ahrefs.com/robot/)" 
189.129.197.115 - - [12/Aug/2017:11:04:40 -0700] "GET /honeypot/Honeypot%20-%20Howto.pdf HTTP/1.1" 206 488781 "http://www.secrepo.com/honeypot/Honeypot%20-%20Howto.pdf" "Mozilla/5.0 (Windows NT 6.1; Win64; x64) AppleWebKit/537.36 (KHTML, like Gecko) Chrome/59.0.3071.115 Safari/537.36" 
216.244.66.227 - - [12/Aug/2017:11:04:43 -0700] "GET /self.logs/access.log.2017-07-31.gz HTTP/1.1" 200 52573 "-" "Mozilla/5.0 (compatible; DotBot/1.1; http://www.opensiteexplorer.org/dotbot, help@moz.com)" 
189.129.197.115 - - [12/Aug/2017:11:04:51 -0700] "GET /honeypot/ HTTP/1.1" 200 679 "-" "Mozilla/5.0 (Windows NT 6.1; Win64; x64) AppleWebKit/537.36 (KHTML, like Gecko) Chrome/59.0.3071.115 Safari/537.36" 
189.129.197.115 - - [12/Aug/2017:11:05:02 -0700] "GET /honeypot/Honeypot%20-%20Howto%20-%20BSides%20Austin.pdf HTTP/1.1" 200 1517900 "http://www.secrepo.com/honeypot/" "Mozilla/5.0 (Windows NT 6.1; Win64; x64) AppleWebKit/537.36 (KHTML, like Gecko) Chrome/59.0.3071.115 Safari/537.36" 
189.129.197.115 - - [12/Aug/2017:11:05:03 -0700] "GET /honeypot/Honeypot%20-%20Howto%20-%20BSides%20Austin.pdf HTTP/1.1" 206 2481196 "http://www.secrepo.com/honeypot/Honeypot%20-%20Howto%20-%20BSides%20Austin.pdf" "Mozilla/5.0 (Windows NT 6.1; Win64; x64) AppleWebKit/537.36 (KHTML, like Gecko) Chrome/59.0.3071.115 Safari/537.36" 
189.129.197.115 - - [12/Aug/2017:11:05:45 -0700] "GET /honeypot/Honeypot%20-%20Howto%20-%20BSides%20Austin.pdf HTTP/1.1" 206 447821 "http://www.secrepo.com/honeypot/Honeypot%20-%20Howto%20-%20BSides%20Austin.pdf" "Mozilla/5.0 (Windows NT 6.1; Win64; x64) AppleWebKit/537.36 (KHTML, like Gecko) Chrome/59.0.3071.115 Safari/537.36" 
189.129.197.115 - - [12/Aug/2017:11:06:00 -0700] "GET /honeypot/ HTTP/1.1" 200 679 "-" "Mozilla/5.0 (Windows NT 6.1; Win64; x64) AppleWebKit/537.36 (KHTML, like Gecko) Chrome/59.0.3071.115 Safari/537.36" 
164.132.161.50 - - [12/Aug/2017:11:06:11 -0700] "GET /self.logs/access.log.2016-09-07.gz HTTP/1.1" 200 30371 "-" "Mozilla/5.0 (compatible; AhrefsBot/5.2; +http://ahrefs.com/robot/)" 
189.129.197.115 - - [12/Aug/2017:11:06:18 -0700] "GET /honeypot/scrubbed_honeypot.json.zip HTTP/1.1" 200 1736863 "http://www.secrepo.com/honeypot/" "Mozilla/5.0 (Windows NT 6.1; Win64; x64) AppleWebKit/537.36 (KHTML, like Gecko) Chrome/59.0.3071.115 Safari/537.36" 
189.129.197.115 - - [12/Aug/2017:11:06:11 -0700] "GET /honeypot/honeypot.json.zip HTTP/1.1" 200 23085976 "http://www.secrepo.com/honeypot/" "Mozilla/5.0 (Windows NT 6.1; Win64; x64) AppleWebKit/537.36 (KHTML, like Gecko) Chrome/59.0.3071.115 Safari/537.36" 
189.129.197.115 - - [12/Aug/2017:11:07:11 -0700] "GET / HTTP/1.1" 200 10794 "-" "Mozilla/5.0 (Windows NT 6.1; Win64; x64) AppleWebKit/537.36 (KHTML, like Gecko) Chrome/59.0.3071.115 Safari/537.36" 
189.129.197.115 - - [12/Aug/2017:11:07:11 -0700] "GET /twitter-icon.png HTTP/1.1" 200 27787 "http://www.secrepo.com/" "Mozilla/5.0 (Windows NT 6.1; Win64; x64) AppleWebKit/537.36 (KHTML, like Gecko) Chrome/59.0.3071.115 Safari/537.36" 
189.129.197.115 - - [12/Aug/2017:11:07:11 -0700] "GET /GitHub-Mark.png HTTP/1.1" 200 7428 "http://www.secrepo.com/" "Mozilla/5.0 (Windows NT 6.1; Win64; x64) AppleWebKit/537.36 (KHTML, like Gecko) Chrome/59.0.3071.115 Safari/537.36" 
189.129.197.115 - - [12/Aug/2017:11:07:12 -0700] "GET /bootstrap/img/favicon.ico HTTP/1.1" 200 589 "http://www.secrepo.com/" "Mozilla/5.0 (Windows NT 6.1; Win64; x64) AppleWebKit/537.36 (KHTML, like Gecko) Chrome/59.0.3071.115 Safari/537.36" 
108.41.188.145 - - [12/Aug/2017:11:14:29 -0700] "GET /wp-login.php HTTP/1.1" 301 522 "-" "Mozilla/5.0 (Windows NT 6.1; WOW64; rv:40.0) Gecko/20100101 Firefox/40.1" 
108.41.188.145 - - [12/Aug/2017:11:14:29 -0700] "GET /wp-login.php HTTP/1.1" 404 295 "-" "Mozilla/5.0 (Windows NT 6.1; WOW64; rv:40.0) Gecko/20100101 Firefox/40.1" 
108.41.188.145 - - [12/Aug/2017:11:14:34 -0700] "GET /wp-login.php HTTP/1.1" 301 522 "-" "Mozilla/5.0 (Windows NT 6.1; WOW64; rv:40.0) Gecko/20100101 Firefox/40.1" 
108.41.188.145 - - [12/Aug/2017:11:14:34 -0700] "GET /wp-login.php HTTP/1.1" 404 295 "-" "Mozilla/5.0 (Windows NT 6.1; WOW64; rv:40.0) Gecko/20100101 Firefox/40.1" 
108.41.188.145 - - [12/Aug/2017:11:14:39 -0700] "GET / HTTP/1.1" 301 498 "-" "Mozilla/5.0 (Windows NT 6.1; WOW64; rv:40.0) Gecko/20100101 Firefox/40.1" 
108.41.188.145 - - [12/Aug/2017:11:14:39 -0700] "GET / HTTP/1.1" 200 36476 "-" "Mozilla/5.0 (Windows NT 6.1; WOW64; rv:40.0) Gecko/20100101 Firefox/40.1" 
216.244.66.250 - - [12/Aug/2017:11:14:50 -0700] "GET /robots.txt HTTP/1.1" 200 233 "-" "Mozilla/5.0 (compatible; DotBot/1.1; http://www.opensiteexplorer.org/dotbot, help@moz.com)" 
36.255.235.22 - - [12/Aug/2017:11:15:20 -0700] "GET /wp-login.php HTTP/1.1" 404 295 "-" "Mozilla/5.0 (Windows NT 6.1; WOW64; rv:40.0) Gecko/20100101 Firefox/40.1" 
36.255.235.22 - - [12/Aug/2017:11:15:25 -0700] "GET /wp-login.php HTTP/1.1" 404 295 "-" "Mozilla/5.0 (Windows NT 6.1; WOW64; rv:40.0) Gecko/20100101 Firefox/40.1" 
36.255.235.22 - - [12/Aug/2017:11:15:31 -0700] "GET / HTTP/1.1" 200 36476 "-" "Mozilla/5.0 (Windows NT 6.1; WOW64; rv:40.0) Gecko/20100101 Firefox/40.1" 
40.77.167.12 - - [12/Aug/2017:11:18:33 -0700] "GET /self.logs/error.log.2015-08-26.gz HTTP/1.1" 200 683 "-" "Mozilla/5.0 (compatible; bingbot/2.0; +http://www.bing.com/bingbot.htm)" 
40.77.167.12 - - [12/Aug/2017:11:19:48 -0700] "GET /self.logs/error.log.2016-02-12.gz HTTP/1.1" 200 851 "-" "Mozilla/5.0 (compatible; bingbot/2.0; +http://www.bing.com/bingbot.htm)" 
51.255.65.76 - - [12/Aug/2017:11:20:36 -0700] "GET /self.logs/access.log.2017-02-25.gz HTTP/1.1" 200 13198 "-" "Mozilla/5.0 (compatible; AhrefsBot/5.2; +http://ahrefs.com/robot/)" 
95.163.160.86 - - [12/Aug/2017:11:25:00 -0700] "GET / HTTP/1.1" 200 10794 "-" "Mozilla/5.0 (X11; Linux x86_64) AppleWebKit/537.36 (KHTML, like Gecko) Ubuntu Chromium/60.0.3112.78 Chrome/60.0.3112.78 Safari/537.36" 
95.163.160.86 - - [12/Aug/2017:11:25:00 -0700] "GET /GitHub-Mark.png HTTP/1.1" 200 7427 "http://www.secrepo.com/" "Mozilla/5.0 (X11; Linux x86_64) AppleWebKit/537.36 (KHTML, like Gecko) Ubuntu Chromium/60.0.3112.78 Chrome/60.0.3112.78 Safari/537.36" 
45.20.16.126 - - [12/Aug/2017:11:25:05 -0700] "GET /pe_static/apt1.zip HTTP/1.1" 200 1983328 "-" "Mozilla/5.0 (Macintosh; Intel Mac OS X 10_12_6) AppleWebKit/537.36 (KHTML, like Gecko) Chrome/60.0.3112.90 Safari/537.36" 
51.255.65.90 - - [12/Aug/2017:11:29:44 -0700] "GET /self.logs/error.log.2015-08-18.gz HTTP/1.1" 200 694 "-" "Mozilla/5.0 (compatible; AhrefsBot/5.2; +http://ahrefs.com/robot/)" 
52.27.2.86 - - [12/Aug/2017:11:30:27 -0700] "GET /pe_static/apt1.zip HTTP/1.1" 200 1983272 "-" "Mozilla/4.0 (compatible; MSIE 8.0; Windows NT 5.1; Trident/4.0)" 
150.70.173.21 - - [12/Aug/2017:11:30:31 -0700] "GET / HTTP/1.1" 200 36420 "-" "Mozilla/5.0 (Windows NT 6.1) AppleWebKit/537.2 (KHTML, like Gecko) Chrome/22.0.1216.0 Safari/537.2" 
172.8.172.55 - - [12/Aug/2017:11:32:22 -0700] "GET / HTTP/1.1" 200 10794 "https://www.google.com/" "Mozilla/5.0 (Macintosh; Intel Mac OS X 10_12_6) AppleWebKit/537.36 (KHTML, like Gecko) Chrome/60.0.3112.90 Safari/537.36" 
172.8.172.55 - - [12/Aug/2017:11:32:22 -0700] "GET /GitHub-Mark.png HTTP/1.1" 200 7428 "http://www.secrepo.com/" "Mozilla/5.0 (Macintosh; Intel Mac OS X 10_12_6) AppleWebKit/537.36 (KHTML, like Gecko) Chrome/60.0.3112.90 Safari/537.36" 
172.8.172.55 - - [12/Aug/2017:11:32:22 -0700] "GET /twitter-icon.png HTTP/1.1" 200 27787 "http://www.secrepo.com/" "Mozilla/5.0 (Macintosh; Intel Mac OS X 10_12_6) AppleWebKit/537.36 (KHTML, like Gecko) Chrome/60.0.3112.90 Safari/537.36" 
172.8.172.55 - - [12/Aug/2017:11:32:23 -0700] "GET /bootstrap/img/favicon.ico HTTP/1.1" 200 589 "http://www.secrepo.com/" "Mozilla/5.0 (Macintosh; Intel Mac OS X 10_12_6) AppleWebKit/537.36 (KHTML, like Gecko) Chrome/60.0.3112.90 Safari/537.36" 
217.182.132.61 - - [12/Aug/2017:11:34:00 -0700] "GET /maccdc2012/http.log.gz HTTP/1.1" 200 2168678 "-" "Mozilla/5.0 (compatible; AhrefsBot/5.2; +http://ahrefs.com/robot/)" 
187.145.24.155 - - [12/Aug/2017:11:36:08 -0700] "GET /wp-login.php HTTP/1.1" 404 295 "-" "Mozilla/5.0 (Windows NT 6.1; WOW64; rv:40.0) Gecko/20100101 Firefox/40.1" 
187.145.24.155 - - [12/Aug/2017:11:36:13 -0700] "GET /wp-login.php HTTP/1.1" 404 295 "-" "Mozilla/5.0 (Windows NT 6.1; WOW64; rv:40.0) Gecko/20100101 Firefox/40.1" 
187.145.24.155 - - [12/Aug/2017:11:36:18 -0700] "GET / HTTP/1.1" 200 36476 "-" "Mozilla/5.0 (Windows NT 6.1; WOW64; rv:40.0) Gecko/20100101 Firefox/40.1" 
187.145.24.155 - - [12/Aug/2017:11:37:28 -0700] "GET /wp-login.php HTTP/1.1" 301 522 "-" "Mozilla/5.0 (Windows NT 6.1; WOW64; rv:40.0) Gecko/20100101 Firefox/40.1" 
187.145.24.155 - - [12/Aug/2017:11:37:28 -0700] "GET /wp-login.php HTTP/1.1" 404 295 "-" "Mozilla/5.0 (Windows NT 6.1; WOW64; rv:40.0) Gecko/20100101 Firefox/40.1" 
187.145.24.155 - - [12/Aug/2017:11:37:34 -0700] "GET /wp-login.php HTTP/1.1" 301 522 "-" "Mozilla/5.0 (Windows NT 6.1; WOW64; rv:40.0) Gecko/20100101 Firefox/40.1" 
187.145.24.155 - - [12/Aug/2017:11:37:34 -0700] "GET /wp-login.php HTTP/1.1" 404 295 "-" "Mozilla/5.0 (Windows NT 6.1; WOW64; rv:40.0) Gecko/20100101 Firefox/40.1" 
187.145.24.155 - - [12/Aug/2017:11:37:39 -0700] "GET / HTTP/1.1" 301 498 "-" "Mozilla/5.0 (Windows NT 6.1; WOW64; rv:40.0) Gecko/20100101 Firefox/40.1" 
187.145.24.155 - - [12/Aug/2017:11:37:39 -0700] "GET / HTTP/1.1" 200 36476 "-" "Mozilla/5.0 (Windows NT 6.1; WOW64; rv:40.0) Gecko/20100101 Firefox/40.1" 
95.82.135.178 - - [12/Aug/2017:11:38:25 -0700] "GET /wp-login.php HTTP/1.1" 404 295 "-" "Mozilla/5.0 (Windows NT 6.1; WOW64; rv:40.0) Gecko/20100101 Firefox/40.1" 
95.82.135.178 - - [12/Aug/2017:11:38:30 -0700] "GET /wp-login.php HTTP/1.1" 404 295 "-" "Mozilla/5.0 (Windows NT 6.1; WOW64; rv:40.0) Gecko/20100101 Firefox/40.1" 
95.82.135.178 - - [12/Aug/2017:11:38:35 -0700] "GET / HTTP/1.1" 200 36476 "-" "Mozilla/5.0 (Windows NT 6.1; WOW64; rv:40.0) Gecko/20100101 Firefox/40.1" 
40.77.167.12 - - [12/Aug/2017:11:40:03 -0700] "GET /self.logs/access.log.2016-01-21.gz HTTP/1.1" 200 5592 "-" "Mozilla/5.0 (compatible; bingbot/2.0; +http://www.bing.com/bingbot.htm)" 
216.244.66.227 - - [12/Aug/2017:11:41:34 -0700] "GET /robots.txt HTTP/1.1" 200 233 "-" "Mozilla/5.0 (compatible; DotBot/1.1; http://www.opensiteexplorer.org/dotbot, help@moz.com)" 
157.55.39.114 - - [12/Aug/2017:11:41:39 -0700] "GET /self.logs/access.log.2017-03-31.gz HTTP/1.1" 200 37607 "-" "Mozilla/5.0 (compatible; bingbot/2.0; +http://www.bing.com/bingbot.htm)" 
217.182.132.72 - - [12/Aug/2017:11:42:36 -0700] "GET /self.logs/error.log.2016-11-17.gz HTTP/1.1" 200 716 "-" "Mozilla/5.0 (compatible; AhrefsBot/5.2; +http://ahrefs.com/robot/)" 
51.255.65.27 - - [12/Aug/2017:11:43:18 -0700] "GET /self.logs/error.log.2017-06-22.gz HTTP/1.1" 200 1505 "-" "Mozilla/5.0 (compatible; AhrefsBot/5.2; +http://ahrefs.com/robot/)" 
174.60.199.144 - - [12/Aug/2017:11:45:52 -0700] "GET /twitter-icon.png HTTP/1.1" 200 27788 "-" "Mozilla/5.0 (Windows NT 6.1; Win64; x64) AppleWebKit/537.36 (KHTML, like Gecko) Chrome/60.0.3112.90 Safari/537.36" 
174.60.199.144 - - [12/Aug/2017:11:45:52 -0700] "GET /GitHub-Mark.png HTTP/1.1" 200 7428 "-" "Mozilla/5.0 (Windows NT 6.1; Win64; x64) AppleWebKit/537.36 (KHTML, like Gecko) Chrome/60.0.3112.90 Safari/537.36" 
23.250.52.159 - - [12/Aug/2017:11:46:00 -0700] "GET /honeypot/Honeypot%20-%20Howto.pdf HTTP/1.1" 200 1279362 "http://www.secrepo.com/" "Mozilla/5.0 (Windows NT 10.0; WOW64; rv:54.0) Gecko/20100101 Firefox/54.0" 
216.244.66.250 - - [12/Aug/2017:11:46:48 -0700] "GET /self.logs/?C=S;O=A HTTP/1.1" 200 179715 "-" "Mozilla/5.0 (compatible; DotBot/1.1; http://www.opensiteexplorer.org/dotbot, help@moz.com)" 
157.55.39.96 - - [12/Aug/2017:11:53:38 -0700] "GET /self.logs/error.log.2017-02-25.gz HTTP/1.1" 200 953 "-" "Mozilla/5.0 (compatible; bingbot/2.0; +http://www.bing.com/bingbot.htm)" 
216.244.66.227 - - [12/Aug/2017:12:00:04 -0700] "GET /self.logs/access.log.2017-08-03.gz HTTP/1.1" 200 20408 "-" "Mozilla/5.0 (compatible; DotBot/1.1; http://www.opensiteexplorer.org/dotbot, help@moz.com)" 
207.46.13.136 - - [12/Aug/2017:12:01:10 -0700] "GET /self.logs/access.log.2015-10-20.gz HTTP/1.1" 200 6862 "-" "Mozilla/5.0 (compatible; bingbot/2.0; +http://www.bing.com/bingbot.htm)" 
211.103.88.105 - - [12/Aug/2017:12:06:25 -0700] "GET /maccdc2012/maccdc2012_full_alert.7z HTTP/1.1" 304 132 "-" "Mozilla/5.0 Gecko/20100115 Firefox/3.6" 
91.246.15.2 - - [12/Aug/2017:12:10:16 -0700] "GET /wp-login.php HTTP/1.1" 404 295 "-" "Mozilla/5.0 (Windows NT 6.1; WOW64; rv:40.0) Gecko/20100101 Firefox/40.1" 
91.246.15.2 - - [12/Aug/2017:12:10:21 -0700] "GET /wp-login.php HTTP/1.1" 404 295 "-" "Mozilla/5.0 (Windows NT 6.1; WOW64; rv:40.0) Gecko/20100101 Firefox/40.1" 
91.246.15.2 - - [12/Aug/2017:12:10:27 -0700] "GET / HTTP/1.1" 200 36476 "-" "Mozilla/5.0 (Windows NT 6.1; WOW64; rv:40.0) Gecko/20100101 Firefox/40.1" 
91.246.15.2 - - [12/Aug/2017:12:10:36 -0700] "GET /wp-login.php HTTP/1.1" 301 522 "-" "Mozilla/5.0 (Windows NT 6.1; WOW64; rv:40.0) Gecko/20100101 Firefox/40.1" 
91.246.15.2 - - [12/Aug/2017:12:10:37 -0700] "GET /wp-login.php HTTP/1.1" 404 295 "-" "Mozilla/5.0 (Windows NT 6.1; WOW64; rv:40.0) Gecko/20100101 Firefox/40.1" 
91.246.15.2 - - [12/Aug/2017:12:10:43 -0700] "GET /wp-login.php HTTP/1.1" 301 522 "-" "Mozilla/5.0 (Windows NT 6.1; WOW64; rv:40.0) Gecko/20100101 Firefox/40.1" 
91.246.15.2 - - [12/Aug/2017:12:10:44 -0700] "GET /wp-login.php HTTP/1.1" 404 295 "-" "Mozilla/5.0 (Windows NT 6.1; WOW64; rv:40.0) Gecko/20100101 Firefox/40.1" 
91.246.15.2 - - [12/Aug/2017:12:10:49 -0700] "GET / HTTP/1.1" 301 498 "-" "Mozilla/5.0 (Windows NT 6.1; WOW64; rv:40.0) Gecko/20100101 Firefox/40.1" 
91.246.15.2 - - [12/Aug/2017:12:10:49 -0700] "GET / HTTP/1.1" 200 36476 "-" "Mozilla/5.0 (Windows NT 6.1; WOW64; rv:40.0) Gecko/20100101 Firefox/40.1" 
154.72.160.6 - - [12/Aug/2017:12:14:01 -0700] "GET /wp-login.php HTTP/1.1" 404 295 "-" "Mozilla/5.0 (Windows NT 6.1; WOW64; rv:40.0) Gecko/20100101 Firefox/40.1" 
154.72.160.6 - - [12/Aug/2017:12:14:07 -0700] "GET /wp-login.php HTTP/1.1" 404 295 "-" "Mozilla/5.0 (Windows NT 6.1; WOW64; rv:40.0) Gecko/20100101 Firefox/40.1" 
154.72.160.6 - - [12/Aug/2017:12:14:12 -0700] "GET / HTTP/1.1" 200 36476 "-" "Mozilla/5.0 (Windows NT 6.1; WOW64; rv:40.0) Gecko/20100101 Firefox/40.1" 
157.55.39.114 - - [12/Aug/2017:12:17:05 -0700] "GET /self.logs/access.log.2016-01-18.gz HTTP/1.1" 200 7347 "-" "Mozilla/5.0 (compatible; bingbot/2.0; +http://www.bing.com/bingbot.htm)" 
82.66.123.12 - - [12/Aug/2017:12:17:32 -0700] "GET / HTTP/1.1" 301 483 "http://disq.us/url?url=http%3A%2F%2FSecrepo.com%3AsnAa7vRTR-tThqNS0F5cJXneN9A&cuid=2186544" "Mozilla/5.0 (Windows NT 6.3; Win64; x64) AppleWebKit/537.36 (KHTML, like Gecko) Chrome/60.0.3112.90 Safari/537.36" 
