52.168.161.70 - - [10/Aug/2017:18:53:57 -0700] "HEAD / HTTP/1.1" 301 253 "https://www.google.com/" "Mozilla/5.0 (compatible; epicbot; +http://www.epictions.com/epicbot)" 
52.168.161.70 - - [10/Aug/2017:18:53:57 -0700] "HEAD / HTTP/1.1" 301 253 "https://www.google.com/" "Mozilla/5.0 (compatible; epicbot; +http://www.epictions.com/epicbot)" 
52.168.161.70 - - [10/Aug/2017:18:53:57 -0700] "HEAD / HTTP/1.1" 301 253 "https://www.google.com/" "Mozilla/5.0 (compatible; epicbot; +http://www.epictions.com/epicbot)" 
52.168.161.70 - - [10/Aug/2017:18:53:57 -0700] "HEAD / HTTP/1.1" 200 282 "https://www.google.com/" "Mozilla/5.0 (compatible; epicbot; +http://www.epictions.com/epicbot)" 
52.168.161.70 - - [10/Aug/2017:18:53:57 -0700] "HEAD / HTTP/1.1" 200 282 "https://www.google.com/" "Mozilla/5.0 (compatible; epicbot; +http://www.epictions.com/epicbot)" 
52.168.161.70 - - [10/Aug/2017:18:53:57 -0700] "HEAD / HTTP/1.1" 301 253 "https://www.google.com/" "Mozilla/5.0 (compatible; epicbot; +http://www.epictions.com/epicbot)" 
52.168.161.70 - - [10/Aug/2017:18:53:57 -0700] "HEAD / HTTP/1.1" 301 253 "https://www.google.com/" "Mozilla/5.0 (compatible; epicbot; +http://www.epictions.com/epicbot)" 
52.168.161.70 - - [10/Aug/2017:18:53:57 -0700] "HEAD / HTTP/1.1" 301 253 "https://www.google.com/" "Mozilla/5.0 (compatible; epicbot; +http://www.epictions.com/epicbot)" 
52.168.161.70 - - [10/Aug/2017:18:53:57 -0700] "HEAD / HTTP/1.1" 301 253 "https://www.google.com/" "Mozilla/5.0 (compatible; epicbot; +http://www.epictions.com/epicbot)" 
155.69.145.152 - - [10/Aug/2017:18:54:17 -0700] "GET / HTTP/1.1" 200 10794 "https://www.google.com.sg/" "Mozilla/5.0 (X11; Linux x86_64) AppleWebKit/537.36 (KHTML, like Gecko) Chrome/60.0.3112.90 Safari/537.36" 
155.69.145.152 - - [10/Aug/2017:18:54:18 -0700] "GET /twitter-icon.png HTTP/1.1" 200 27787 "http://www.secrepo.com/" "Mozilla/5.0 (X11; Linux x86_64) AppleWebKit/537.36 (KHTML, like Gecko) Chrome/60.0.3112.90 Safari/537.36" 
155.69.145.152 - - [10/Aug/2017:18:54:18 -0700] "GET /GitHub-Mark.png HTTP/1.1" 200 7428 "http://www.secrepo.com/" "Mozilla/5.0 (X11; Linux x86_64) AppleWebKit/537.36 (KHTML, like Gecko) Chrome/60.0.3112.90 Safari/537.36" 
155.69.145.152 - - [10/Aug/2017:18:54:18 -0700] "GET /bootstrap/img/favicon.ico HTTP/1.1" 200 589 "http://www.secrepo.com/" "Mozilla/5.0 (X11; Linux x86_64) AppleWebKit/537.36 (KHTML, like Gecko) Chrome/60.0.3112.90 Safari/537.36" 
217.182.132.146 - - [10/Aug/2017:18:54:47 -0700] "GET /self.logs/access.log.2017-05-02.gz HTTP/1.1" 200 17850 "-" "Mozilla/5.0 (compatible; AhrefsBot/5.2; +http://ahrefs.com/robot/)" 
155.69.145.152 - - [10/Aug/2017:19:01:40 -0700] "GET /misc/zeus_dga_domains.txt.zip HTTP/1.1" 200 594360 "-" "Mozilla/5.0 (X11; Linux x86_64) AppleWebKit/537.36 (KHTML, like Gecko) Chrome/60.0.3112.90 Safari/537.36" 
155.69.145.152 - - [10/Aug/2017:19:02:05 -0700] "GET /auth.log/auth.log.gz HTTP/1.1" 200 554524 "-" "Mozilla/5.0 (X11; Linux x86_64) AppleWebKit/537.36 (KHTML, like Gecko) Chrome/60.0.3112.90 Safari/537.36" 
74.107.71.42 - - [10/Aug/2017:19:03:00 -0700] "GET / HTTP/1.1" 200 10794 "-" "Mozilla/5.0 (Windows NT 10.0; Win64; x64) AppleWebKit/537.36 (KHTML, like Gecko) Chrome/59.0.3071.115 Safari/537.36" 
74.107.71.42 - - [10/Aug/2017:19:03:00 -0700] "GET /twitter-icon.png HTTP/1.1" 200 27787 "http://www.secrepo.com/" "Mozilla/5.0 (Windows NT 10.0; Win64; x64) AppleWebKit/537.36 (KHTML, like Gecko) Chrome/59.0.3071.115 Safari/537.36" 
74.107.71.42 - - [10/Aug/2017:19:03:00 -0700] "GET /GitHub-Mark.png HTTP/1.1" 200 7428 "http://www.secrepo.com/" "Mozilla/5.0 (Windows NT 10.0; Win64; x64) AppleWebKit/537.36 (KHTML, like Gecko) Chrome/59.0.3071.115 Safari/537.36" 
74.107.71.42 - - [10/Aug/2017:19:03:01 -0700] "GET /bootstrap/img/favicon.ico HTTP/1.1" 200 589 "http://www.secrepo.com/" "Mozilla/5.0 (Windows NT 10.0; Win64; x64) AppleWebKit/537.36 (KHTML, like Gecko) Chrome/59.0.3071.115 Safari/537.36" 
115.29.166.101 - - [10/Aug/2017:19:03:56 -0700] "GET /phpmyadmin HTTP/1.1" 404 295 "http://www.secrepo.com/phpmyadmin" "Mozilla/4.0 (compatible; MSIE 9.0; Windows NT 6.1)" 
217.182.132.85 - - [10/Aug/2017:19:06:43 -0700] "GET /self.logs/error.log.2015-06-04.gz HTTP/1.1" 200 912 "-" "Mozilla/5.0 (compatible; AhrefsBot/5.2; +http://ahrefs.com/robot/)" 
217.182.132.53 - - [10/Aug/2017:19:08:48 -0700] "GET /self.logs/error.log.2016-06-13.gz HTTP/1.1" 200 1188 "-" "Mozilla/5.0 (compatible; AhrefsBot/5.2; +http://ahrefs.com/robot/)" 
120.92.32.177 - - [10/Aug/2017:19:10:57 -0700] "GET / HTTP/1.1" 301 427 "-" "Mozilla/5.0 (Windows NT 6.1; WOW64) AppleWebKit/537.36 (KHTML, like Gecko) Chrome/39.0.2171.95  Safari/537.36" 
120.92.32.177 - - [10/Aug/2017:19:10:59 -0700] "GET / HTTP/1.1" 200 10738 "-" "Mozilla/5.0 (Windows NT 6.1; WOW64) AppleWebKit/537.36 (KHTML, like Gecko) Chrome/39.0.2171.95  Safari/537.36" 
120.92.32.177 - - [10/Aug/2017:19:10:59 -0700] "GET / HTTP/1.1" 200 10738 "-" "Mozilla/5.0 (Windows NT 6.1; WOW64) AppleWebKit/537.36 (KHTML, like Gecko) Chrome/39.0.2171.95  Safari/537.36" 
51.255.65.72 - - [10/Aug/2017:19:11:44 -0700] "GET /self.logs/access.log.2015-01-23.gz HTTP/1.1" 200 2103 "-" "Mozilla/5.0 (compatible; AhrefsBot/5.2; +http://ahrefs.com/robot/)" 
95.85.2.40 - - [10/Aug/2017:19:16:59 -0700] "GET / HTTP/1.0" 301 461 "-" "-" 
95.85.2.40 - - [10/Aug/2017:19:16:59 -0700] "GET / HTTP/1.0" 200 36465 "-" "-" 
95.85.2.40 - - [10/Aug/2017:19:17:00 -0700] "GET /admin/ HTTP/1.0" 404 284 "-" "-" 
95.85.2.40 - - [10/Aug/2017:19:17:00 -0700] "GET /user/ HTTP/1.0" 404 284 "-" "-" 
51.255.71.127 - - [10/Aug/2017:19:19:20 -0700] "GET /self.logs/access.log.2016-03-15.gz HTTP/1.1" 200 7095 "-" "Mozilla/5.0 (compatible; AhrefsBot/5.2; +http://ahrefs.com/robot/)" 
120.221.1.28 - - [10/Aug/2017:19:19:34 -0700] "GET /maccdc2012/files.log.gz HTTP/1.1" 304 155 "-" "Mozilla/5.0 Gecko/20100115 Firefox/3.6" 
164.132.161.77 - - [10/Aug/2017:19:23:18 -0700] "GET /self.logs/error.log.2016-08-04.gz HTTP/1.1" 200 2192 "-" "Mozilla/5.0 (compatible; AhrefsBot/5.2; +http://ahrefs.com/robot/)" 
130.216.95.212 - - [10/Aug/2017:19:29:31 -0700] "GET / HTTP/1.1" 200 10794 "-" "Mozilla/5.0 (Windows NT 10.0; WOW64) AppleWebKit/537.36 (KHTML, like Gecko) Chrome/60.0.3112.90 Safari/537.36" 
130.216.95.212 - - [10/Aug/2017:19:29:32 -0700] "GET /twitter-icon.png HTTP/1.1" 200 27787 "http://www.secrepo.com/" "Mozilla/5.0 (Windows NT 10.0; WOW64) AppleWebKit/537.36 (KHTML, like Gecko) Chrome/60.0.3112.90 Safari/537.36" 
130.216.95.212 - - [10/Aug/2017:19:29:32 -0700] "GET /GitHub-Mark.png HTTP/1.1" 200 7428 "http://www.secrepo.com/" "Mozilla/5.0 (Windows NT 10.0; WOW64) AppleWebKit/537.36 (KHTML, like Gecko) Chrome/60.0.3112.90 Safari/537.36" 
130.216.95.212 - - [10/Aug/2017:19:29:33 -0700] "GET /bootstrap/img/favicon.ico HTTP/1.1" 200 589 "http://www.secrepo.com/" "Mozilla/5.0 (Windows NT 10.0; WOW64) AppleWebKit/537.36 (KHTML, like Gecko) Chrome/60.0.3112.90 Safari/537.36" 
52.212.146.96 - - [10/Aug/2017:19:30:03 -0700] "GET /self.logs/access.log.2017-08-04.gz HTTP/1.1" 200 16326 "-" "python-requests/2.12.1" 
52.212.146.96 - - [10/Aug/2017:19:30:03 -0700] "GET /self.logs/access.log.2017-08-05.gz HTTP/1.1" 200 31715 "-" "python-requests/2.12.1" 
52.212.146.96 - - [10/Aug/2017:19:30:03 -0700] "GET /self.logs/access.log.2017-08-06.gz HTTP/1.1" 200 53131 "-" "python-requests/2.12.1" 
52.212.146.96 - - [10/Aug/2017:19:30:04 -0700] "GET /self.logs/access.log.2017-08-07.gz HTTP/1.1" 200 38432 "-" "python-requests/2.12.1" 
52.212.146.96 - - [10/Aug/2017:19:30:04 -0700] "GET /self.logs/access.log.2017-08-08.gz HTTP/1.1" 404 340 "-" "python-requests/2.12.1" 
52.212.146.96 - - [10/Aug/2017:19:30:04 -0700] "GET /self.logs/access.log.2017-08-09.gz HTTP/1.1" 404 340 "-" "python-requests/2.12.1" 
52.212.146.96 - - [10/Aug/2017:19:30:04 -0700] "GET /self.logs/access.log.2017-08-10.gz HTTP/1.1" 404 340 "-" "python-requests/2.12.1" 
40.77.167.108 - - [10/Aug/2017:19:30:33 -0700] "GET /self.logs/access.log.2017-01-06.gz HTTP/1.1" 200 20605 "-" "Mozilla/5.0 (compatible; bingbot/2.0; +http://www.bing.com/bingbot.htm)" 
61.222.213.199 - - [10/Aug/2017:19:31:23 -0700] "GET / HTTP/1.1" 200 10794 "https://www.google.com.tw" "Mozilla/5.0 (X11; Linux x86_64; rv:45.0) Gecko/20100101 Firefox/45.0" 
61.222.213.199 - - [10/Aug/2017:19:31:23 -0700] "GET /bootstrap/img/favicon.ico HTTP/1.1" 200 589 "-" "Mozilla/5.0 (X11; Linux x86_64; rv:45.0) Gecko/20100101 Firefox/45.0" 
61.222.213.199 - - [10/Aug/2017:19:31:24 -0700] "GET /twitter-icon.png HTTP/1.1" 200 27787 "http://www.secrepo.com/" "Mozilla/5.0 (X11; Linux x86_64; rv:45.0) Gecko/20100101 Firefox/45.0" 
61.222.213.199 - - [10/Aug/2017:19:31:24 -0700] "GET /GitHub-Mark.png HTTP/1.1" 200 7428 "http://www.secrepo.com/" "Mozilla/5.0 (X11; Linux x86_64; rv:45.0) Gecko/20100101 Firefox/45.0" 
108.4.89.225 - - [10/Aug/2017:19:31:55 -0700] "GET / HTTP/1.1" 200 10794 "-" "Mozilla/5.0 (Windows NT 10.0; Win64; x64) AppleWebKit/537.36 (KHTML, like Gecko) Chrome/52.0.2743.116 Safari/537.36 Edge/15.16184" 
41.237.108.237 - - [10/Aug/2017:19:31:56 -0700] "GET /wp-login.php HTTP/1.1" 301 522 "-" "Mozilla/5.0 (Windows NT 6.1; WOW64; rv:40.0) Gecko/20100101 Firefox/40.1" 
41.237.108.237 - - [10/Aug/2017:19:31:57 -0700] "GET /wp-login.php HTTP/1.1" 404 295 "-" "Mozilla/5.0 (Windows NT 6.1; WOW64; rv:40.0) Gecko/20100101 Firefox/40.1" 
108.4.89.225 - - [10/Aug/2017:19:31:59 -0700] "GET / HTTP/1.1" 200 10794 "-" "Mozilla/5.0 (Windows NT 10.0; Win64; x64) AppleWebKit/537.36 (KHTML, like Gecko) Chrome/52.0.2743.116 Safari/537.36 Edge/15.16184" 
41.237.108.237 - - [10/Aug/2017:19:32:02 -0700] "GET /wp-login.php HTTP/1.1" 301 522 "-" "Mozilla/5.0 (Windows NT 6.1; WOW64; rv:40.0) Gecko/20100101 Firefox/40.1" 
41.237.108.237 - - [10/Aug/2017:19:32:02 -0700] "GET /wp-login.php HTTP/1.1" 404 295 "-" "Mozilla/5.0 (Windows NT 6.1; WOW64; rv:40.0) Gecko/20100101 Firefox/40.1" 
68.11.88.111 - - [10/Aug/2017:19:32:07 -0700] "GET / HTTP/1.1" 200 10794 "https://www.google.com/" "Mozilla/5.0 (Windows NT 10.0; Win64; x64) AppleWebKit/537.36 (KHTML, like Gecko) Chrome/59.0.3071.115 Safari/537.36" 
68.11.88.111 - - [10/Aug/2017:19:32:08 -0700] "GET /twitter-icon.png HTTP/1.1" 200 27787 "http://www.secrepo.com/" "Mozilla/5.0 (Windows NT 10.0; Win64; x64) AppleWebKit/537.36 (KHTML, like Gecko) Chrome/59.0.3071.115 Safari/537.36" 
68.11.88.111 - - [10/Aug/2017:19:32:08 -0700] "GET /GitHub-Mark.png HTTP/1.1" 200 7428 "http://www.secrepo.com/" "Mozilla/5.0 (Windows NT 10.0; Win64; x64) AppleWebKit/537.36 (KHTML, like Gecko) Chrome/59.0.3071.115 Safari/537.36" 
41.237.108.237 - - [10/Aug/2017:19:32:08 -0700] "GET / HTTP/1.1" 301 498 "-" "Mozilla/5.0 (Windows NT 6.1; WOW64; rv:40.0) Gecko/20100101 Firefox/40.1" 
108.4.89.225 - - [10/Aug/2017:19:32:08 -0700] "GET / HTTP/1.1" 200 10794 "-" "Mozilla/5.0 (Windows NT 10.0; Win64; x64) AppleWebKit/537.36 (KHTML, like Gecko) Chrome/52.0.2743.116 Safari/537.36 Edge/15.16184" 
41.237.108.237 - - [10/Aug/2017:19:32:08 -0700] "GET / HTTP/1.1" 200 36476 "-" "Mozilla/5.0 (Windows NT 6.1; WOW64; rv:40.0) Gecko/20100101 Firefox/40.1" 
68.11.88.111 - - [10/Aug/2017:19:32:09 -0700] "GET /bootstrap/img/favicon.ico HTTP/1.1" 200 589 "http://www.secrepo.com/" "Mozilla/5.0 (Windows NT 10.0; Win64; x64) AppleWebKit/537.36 (KHTML, like Gecko) Chrome/59.0.3071.115 Safari/537.36" 
164.132.161.87 - - [10/Aug/2017:19:35:55 -0700] "GET /self.logs/access.log.2015-10-27.gz HTTP/1.1" 200 6438 "-" "Mozilla/5.0 (compatible; AhrefsBot/5.2; +http://ahrefs.com/robot/)" 
200.116.67.33 - - [10/Aug/2017:19:37:04 -0700] "GET /wp-login.php HTTP/1.1" 301 522 "-" "Mozilla/5.0 (Windows NT 6.1; WOW64; rv:40.0) Gecko/20100101 Firefox/40.1" 
200.116.67.33 - - [10/Aug/2017:19:37:04 -0700] "GET /wp-login.php HTTP/1.1" 404 295 "-" "Mozilla/5.0 (Windows NT 6.1; WOW64; rv:40.0) Gecko/20100101 Firefox/40.1" 
200.116.67.33 - - [10/Aug/2017:19:37:09 -0700] "GET /wp-login.php HTTP/1.1" 301 522 "-" "Mozilla/5.0 (Windows NT 6.1; WOW64; rv:40.0) Gecko/20100101 Firefox/40.1" 
200.116.67.33 - - [10/Aug/2017:19:37:10 -0700] "GET /wp-login.php HTTP/1.1" 404 295 "-" "Mozilla/5.0 (Windows NT 6.1; WOW64; rv:40.0) Gecko/20100101 Firefox/40.1" 
200.116.67.33 - - [10/Aug/2017:19:37:15 -0700] "GET / HTTP/1.1" 301 498 "-" "Mozilla/5.0 (Windows NT 6.1; WOW64; rv:40.0) Gecko/20100101 Firefox/40.1" 
200.116.67.33 - - [10/Aug/2017:19:37:15 -0700] "GET / HTTP/1.1" 200 36476 "-" "Mozilla/5.0 (Windows NT 6.1; WOW64; rv:40.0) Gecko/20100101 Firefox/40.1" 
217.182.132.59 - - [10/Aug/2017:19:41:33 -0700] "GET /self.logs/error.log.2015-08-20.gz HTTP/1.1" 200 898 "-" "Mozilla/5.0 (compatible; AhrefsBot/5.2; +http://ahrefs.com/robot/)" 
157.55.39.96 - - [10/Aug/2017:19:43:03 -0700] "GET /self.logs/access.log.2016-06-23.gz HTTP/1.1" 200 7069 "-" "Mozilla/5.0 (compatible; bingbot/2.0; +http://www.bing.com/bingbot.htm)" 
47.184.28.166 - - [10/Aug/2017:19:45:46 -0700] "GET / HTTP/1.1" 200 10794 "-" "Mozilla/5.0 (Windows NT 10.0; Win64; x64) AppleWebKit/537.36 (KHTML, like Gecko) Chrome/60.0.3112.90 Safari/537.36" 
47.184.28.166 - - [10/Aug/2017:19:45:46 -0700] "GET /twitter-icon.png HTTP/1.1" 200 27787 "http://www.secrepo.com/" "Mozilla/5.0 (Windows NT 10.0; Win64; x64) AppleWebKit/537.36 (KHTML, like Gecko) Chrome/60.0.3112.90 Safari/537.36" 
47.184.28.166 - - [10/Aug/2017:19:45:46 -0700] "GET /GitHub-Mark.png HTTP/1.1" 200 7428 "http://www.secrepo.com/" "Mozilla/5.0 (Windows NT 10.0; Win64; x64) AppleWebKit/537.36 (KHTML, like Gecko) Chrome/60.0.3112.90 Safari/537.36" 
47.184.28.166 - - [10/Aug/2017:19:45:46 -0700] "GET /bootstrap/img/favicon.ico HTTP/1.1" 200 589 "http://www.secrepo.com/" "Mozilla/5.0 (Windows NT 10.0; Win64; x64) AppleWebKit/537.36 (KHTML, like Gecko) Chrome/60.0.3112.90 Safari/537.36" 
164.132.161.23 - - [10/Aug/2017:19:49:10 -0700] "GET /self.logs/access.log.2017-08-03.gz HTTP/1.1" 200 20500 "-" "Mozilla/5.0 (compatible; AhrefsBot/5.2; +http://ahrefs.com/robot/)" 
178.137.162.238 - - [10/Aug/2017:19:51:36 -0700] "GET / HTTP/1.1" 200 36420 "https://schock-store.ru/" "Mozilla/2.0 (compatible; MSIE 3.02; Windows CE; 240x320)" 
178.137.162.238 - - [10/Aug/2017:19:51:37 -0700] "GET / HTTP/1.1" 200 36420 "https://schock-store.ru/" "Mozilla/2.0 (compatible; MSIE 3.02; Windows CE; 240x320)" 
178.137.162.238 - - [10/Aug/2017:19:51:39 -0700] "GET / HTTP/1.1" 200 36420 "https://schock-store.ru/" "Mozilla/2.0 (compatible; MSIE 3.02; Windows CE; 240x320)" 
157.55.39.96 - - [10/Aug/2017:19:53:04 -0700] "GET /self.logs/access.log.2015-10-31.gz HTTP/1.1" 200 7257 "-" "Mozilla/5.0 (compatible; bingbot/2.0; +http://www.bing.com/bingbot.htm)" 
52.168.161.70 - - [10/Aug/2017:19:53:40 -0700] "HEAD / HTTP/1.1" 301 253 "https://www.google.com/" "Mozilla/5.0 (compatible; epicbot; +http://www.epictions.com/epicbot)" 
52.168.161.70 - - [10/Aug/2017:19:53:43 -0700] "HEAD / HTTP/1.1" 301 253 "https://www.google.com/" "Mozilla/5.0 (compatible; epicbot; +http://www.epictions.com/epicbot)" 
52.168.161.70 - - [10/Aug/2017:19:53:43 -0700] "HEAD / HTTP/1.1" 301 253 "https://www.google.com/" "Mozilla/5.0 (compatible; epicbot; +http://www.epictions.com/epicbot)" 
217.182.132.182 - - [10/Aug/2017:19:57:55 -0700] "GET /self.logs/access.log.2017-07-26.gz HTTP/1.1" 200 17742 "-" "Mozilla/5.0 (compatible; AhrefsBot/5.2; +http://ahrefs.com/robot/)" 
120.192.95.88 - - [10/Aug/2017:20:01:33 -0700] "GET /maccdc2012/maccdc2012_full_alert.7z HTTP/1.1" 304 132 "-" "Mozilla/5.0 Gecko/20100115 Firefox/3.6" 
52.168.161.70 - - [10/Aug/2017:20:04:37 -0700] "HEAD / HTTP/1.1" 301 253 "https://www.google.com/" "Mozilla/5.0 (compatible; epicbot; +http://www.epictions.com/epicbot)" 
52.168.161.70 - - [10/Aug/2017:20:04:39 -0700] "HEAD / HTTP/1.1" 301 253 "https://www.google.com/" "Mozilla/5.0 (compatible; epicbot; +http://www.epictions.com/epicbot)" 
52.168.161.70 - - [10/Aug/2017:20:04:39 -0700] "HEAD / HTTP/1.1" 301 253 "https://www.google.com/" "Mozilla/5.0 (compatible; epicbot; +http://www.epictions.com/epicbot)" 
157.55.39.96 - - [10/Aug/2017:20:04:58 -0700] "GET /self.logs/error.log.2016-09-05.gz HTTP/1.1" 200 781 "-" "Mozilla/5.0 (compatible; bingbot/2.0; +http://www.bing.com/bingbot.htm)" 
155.69.145.152 - - [10/Aug/2017:20:17:57 -0700] "GET /maccdc2012/ssh.log.gz HTTP/1.1" 200 182517 "-" "Mozilla/5.0 (X11; Linux x86_64) AppleWebKit/537.36 (KHTML, like Gecko) Chrome/60.0.3112.90 Safari/537.36" 
207.46.13.158 - - [10/Aug/2017:20:24:46 -0700] "GET /self.logs/error.log.2017-01-09.gz HTTP/1.1" 200 898 "-" "Mozilla/5.0 (compatible; bingbot/2.0; +http://www.bing.com/bingbot.htm)" 
40.77.167.108 - - [10/Aug/2017:20:28:40 -0700] "GET /self.logs/access.log.2016-02-02.gz HTTP/1.1" 200 8010 "-" "Mozilla/5.0 (compatible; bingbot/2.0; +http://www.bing.com/bingbot.htm)" 
113.240.234.232 - - [10/Aug/2017:20:28:43 -0700] "GET /favicon.ico HTTP/1.1" 200 268 "-" "Mozilla/5.0 (Windows NT 10.0; WOW64) AppleWebKit/537.36 (KHTML, like Gecko) Chrome/55.0.2883.87 Safari/537.36" 
52.168.161.70 - - [10/Aug/2017:20:31:10 -0700] "HEAD / HTTP/1.1" 200 282 "https://www.google.com/" "Mozilla/5.0 (compatible; epicbot; +http://www.epictions.com/epicbot)" 
52.168.161.70 - - [10/Aug/2017:20:31:18 -0700] "HEAD / HTTP/1.1" 200 282 "https://www.google.com/" "Mozilla/5.0 (compatible; epicbot; +http://www.epictions.com/epicbot)" 
52.168.161.70 - - [10/Aug/2017:20:31:18 -0700] "HEAD / HTTP/1.1" 200 282 "https://www.google.com/" "Mozilla/5.0 (compatible; epicbot; +http://www.epictions.com/epicbot)" 
52.168.161.70 - - [10/Aug/2017:20:35:26 -0700] "HEAD / HTTP/1.1" 301 253 "https://www.google.com/" "Mozilla/5.0 (compatible; epicbot; +http://www.epictions.com/epicbot)" 
52.168.161.70 - - [10/Aug/2017:20:35:26 -0700] "HEAD / HTTP/1.1" 301 253 "https://www.google.com/" "Mozilla/5.0 (compatible; epicbot; +http://www.epictions.com/epicbot)" 
52.168.161.70 - - [10/Aug/2017:20:35:26 -0700] "HEAD / HTTP/1.1" 301 253 "https://www.google.com/" "Mozilla/5.0 (compatible; epicbot; +http://www.epictions.com/epicbot)" 
52.168.161.70 - - [10/Aug/2017:20:35:26 -0700] "HEAD / HTTP/1.1" 301 253 "https://www.google.com/" "Mozilla/5.0 (compatible; epicbot; +http://www.epictions.com/epicbot)" 
52.168.161.70 - - [10/Aug/2017:20:35:26 -0700] "HEAD / HTTP/1.1" 301 253 "https://www.google.com/" "Mozilla/5.0 (compatible; epicbot; +http://www.epictions.com/epicbot)" 
52.168.161.70 - - [10/Aug/2017:20:35:28 -0700] "HEAD / HTTP/1.1" 301 253 "https://www.google.com/" "Mozilla/5.0 (compatible; epicbot; +http://www.epictions.com/epicbot)" 
52.168.161.70 - - [10/Aug/2017:20:35:28 -0700] "HEAD / HTTP/1.1" 301 253 "https://www.google.com/" "Mozilla/5.0 (compatible; epicbot; +http://www.epictions.com/epicbot)" 
52.168.161.70 - - [10/Aug/2017:20:35:28 -0700] "HEAD / HTTP/1.1" 301 253 "https://www.google.com/" "Mozilla/5.0 (compatible; epicbot; +http://www.epictions.com/epicbot)" 
52.168.161.70 - - [10/Aug/2017:20:35:28 -0700] "HEAD / HTTP/1.1" 301 253 "https://www.google.com/" "Mozilla/5.0 (compatible; epicbot; +http://www.epictions.com/epicbot)" 
52.168.161.70 - - [10/Aug/2017:20:35:28 -0700] "HEAD / HTTP/1.1" 301 253 "https://www.google.com/" "Mozilla/5.0 (compatible; epicbot; +http://www.epictions.com/epicbot)" 
52.168.161.70 - - [10/Aug/2017:20:35:28 -0700] "HEAD / HTTP/1.1" 301 253 "https://www.google.com/" "Mozilla/5.0 (compatible; epicbot; +http://www.epictions.com/epicbot)" 
52.168.161.70 - - [10/Aug/2017:20:35:28 -0700] "HEAD / HTTP/1.1" 301 253 "https://www.google.com/" "Mozilla/5.0 (compatible; epicbot; +http://www.epictions.com/epicbot)" 
52.168.161.70 - - [10/Aug/2017:20:35:28 -0700] "HEAD / HTTP/1.1" 301 253 "https://www.google.com/" "Mozilla/5.0 (compatible; epicbot; +http://www.epictions.com/epicbot)" 
52.168.161.70 - - [10/Aug/2017:20:35:30 -0700] "HEAD / HTTP/1.1" 301 253 "https://www.google.com/" "Mozilla/5.0 (compatible; epicbot; +http://www.epictions.com/epicbot)" 
52.168.161.70 - - [10/Aug/2017:20:35:30 -0700] "HEAD / HTTP/1.1" 301 253 "https://www.google.com/" "Mozilla/5.0 (compatible; epicbot; +http://www.epictions.com/epicbot)" 
207.46.13.158 - - [10/Aug/2017:20:35:35 -0700] "GET /maccdc2012/weird.log.gz HTTP/1.1" 200 1242777 "-" "Mozilla/5.0 (compatible; bingbot/2.0; +http://www.bing.com/bingbot.htm)" 
141.206.243.10 - - [10/Aug/2017:20:36:45 -0700] "GET / HTTP/1.1" 200 10794 "-" "Mozilla/5.0 (Macintosh; Intel Mac OS X 10_12_6) AppleWebKit/537.36 (KHTML, like Gecko) Chrome/60.0.3112.90 Safari/537.36" 
141.206.243.10 - - [10/Aug/2017:20:36:47 -0700] "GET /GitHub-Mark.png HTTP/1.1" 200 7428 "http://www.secrepo.com/" "Mozilla/5.0 (Macintosh; Intel Mac OS X 10_12_6) AppleWebKit/537.36 (KHTML, like Gecko) Chrome/60.0.3112.90 Safari/537.36" 
141.206.243.10 - - [10/Aug/2017:20:36:48 -0700] "GET /twitter-icon.png HTTP/1.1" 200 27788 "http://www.secrepo.com/" "Mozilla/5.0 (Macintosh; Intel Mac OS X 10_12_6) AppleWebKit/537.36 (KHTML, like Gecko) Chrome/60.0.3112.90 Safari/537.36" 
141.206.243.10 - - [10/Aug/2017:20:36:56 -0700] "GET /bootstrap/img/favicon.ico HTTP/1.1" 200 590 "http://www.secrepo.com/" "Mozilla/5.0 (Macintosh; Intel Mac OS X 10_12_6) AppleWebKit/537.36 (KHTML, like Gecko) Chrome/60.0.3112.90 Safari/537.36" 
103.47.172.98 - - [10/Aug/2017:20:37:47 -0700] "GET / HTTP/1.1" 200 10794 "http://www.kdnuggets.com/2017/01/machine-learning-cyber-security.html" "Mozilla/5.0 (Windows NT 6.1) AppleWebKit/537.36 (KHTML, like Gecko) Chrome/60.0.3112.90 Safari/537.36" 
103.47.172.98 - - [10/Aug/2017:20:37:49 -0700] "GET /twitter-icon.png HTTP/1.1" 200 27788 "http://www.secrepo.com/" "Mozilla/5.0 (Windows NT 6.1) AppleWebKit/537.36 (KHTML, like Gecko) Chrome/60.0.3112.90 Safari/537.36" 
103.47.172.98 - - [10/Aug/2017:20:37:49 -0700] "GET /GitHub-Mark.png HTTP/1.1" 200 7428 "http://www.secrepo.com/" "Mozilla/5.0 (Windows NT 6.1) AppleWebKit/537.36 (KHTML, like Gecko) Chrome/60.0.3112.90 Safari/537.36" 
151.80.39.150 - - [10/Aug/2017:20:41:35 -0700] "GET /robots.txt HTTP/1.1" 200 304 "-" "Mozilla/5.0 (compatible; AhrefsBot/5.2; +http://ahrefs.com/robot/)" 
51.255.71.123 - - [10/Aug/2017:20:41:35 -0700] "GET /self.logs/access.log.2015-04-09.gz HTTP/1.1" 200 3559 "-" "Mozilla/5.0 (compatible; AhrefsBot/5.2; +http://ahrefs.com/robot/)" 
142.160.241.102 - - [10/Aug/2017:20:42:05 -0700] "GET /wp-login.php HTTP/1.1" 404 295 "-" "Mozilla/5.0 (Windows NT 6.1; WOW64; rv:40.0) Gecko/20100101 Firefox/40.1" 
142.160.241.102 - - [10/Aug/2017:20:42:10 -0700] "GET /wp-login.php HTTP/1.1" 404 295 "-" "Mozilla/5.0 (Windows NT 6.1; WOW64; rv:40.0) Gecko/20100101 Firefox/40.1" 
142.160.241.102 - - [10/Aug/2017:20:42:16 -0700] "GET / HTTP/1.1" 200 36476 "-" "Mozilla/5.0 (Windows NT 6.1; WOW64; rv:40.0) Gecko/20100101 Firefox/40.1" 
207.46.13.164 - - [10/Aug/2017:20:44:36 -0700] "GET /self.logs/error.log.2015-02-03.gz HTTP/1.1" 200 755 "-" "Mozilla/5.0 (compatible; bingbot/2.0; +http://www.bing.com/bingbot.htm)" 
66.102.6.125 - - [10/Aug/2017:20:44:45 -0700] "GET / HTTP/1.1" 200 10794 "-" "Mozilla/5.0 (X11; Linux x86_64) AppleWebKit/537.36 (KHTML, like Gecko) Chrome/49.0.2623.75 Safari/537.36 Google Favicon" 
66.102.6.96 - - [10/Aug/2017:20:44:45 -0700] "GET /bootstrap/img/favicon.ico HTTP/1.1" 200 590 "-" "Mozilla/5.0 (X11; Linux x86_64) AppleWebKit/537.36 (KHTML, like Gecko) Chrome/49.0.2623.75 Safari/537.36 Google Favicon" 
207.46.13.158 - - [10/Aug/2017:20:52:47 -0700] "GET /self.logs/error.log.2015-04-19.gz HTTP/1.1" 200 920 "-" "Mozilla/5.0 (compatible; bingbot/2.0; +http://www.bing.com/bingbot.htm)" 
216.244.66.227 - - [10/Aug/2017:20:57:58 -0700] "GET /robots.txt HTTP/1.1" 200 233 "-" "Mozilla/5.0 (compatible; DotBot/1.1; http://www.opensiteexplorer.org/dotbot, help@moz.com)" 
211.103.88.105 - - [10/Aug/2017:21:04:51 -0700] "GET /maccdc2012/maccdc2012_full_alert.7z HTTP/1.1" 304 132 "-" "Mozilla/5.0 Gecko/20100115 Firefox/3.6" 
216.244.66.227 - - [10/Aug/2017:21:10:20 -0700] "GET /self.logs/access.log.2015-02-20.gz HTTP/1.1" 200 14333 "-" "Mozilla/5.0 (compatible; DotBot/1.1; http://www.opensiteexplorer.org/dotbot, help@moz.com)" 
216.244.66.227 - - [10/Aug/2017:21:10:21 -0700] "GET /self.logs/access.log.2015-04-08.gz HTTP/1.1" 200 3992 "-" "Mozilla/5.0 (compatible; DotBot/1.1; http://www.opensiteexplorer.org/dotbot, help@moz.com)" 
216.244.66.227 - - [10/Aug/2017:21:10:22 -0700] "GET /self.logs/access.log.2015-04-28.gz HTTP/1.1" 200 9408 "-" "Mozilla/5.0 (compatible; DotBot/1.1; http://www.opensiteexplorer.org/dotbot, help@moz.com)" 
216.244.66.227 - - [10/Aug/2017:21:10:23 -0700] "GET /self.logs/access.log.2016-01-21.gz HTTP/1.1" 200 5479 "-" "Mozilla/5.0 (compatible; DotBot/1.1; http://www.opensiteexplorer.org/dotbot, help@moz.com)" 
216.244.66.227 - - [10/Aug/2017:21:10:24 -0700] "GET /self.logs/access.log.2016-02-25.gz HTTP/1.1" 200 11339 "-" "Mozilla/5.0 (compatible; DotBot/1.1; http://www.opensiteexplorer.org/dotbot, help@moz.com)" 
216.244.66.227 - - [10/Aug/2017:21:10:26 -0700] "GET /self.logs/access.log.2016-03-24.gz HTTP/1.1" 200 11106 "-" "Mozilla/5.0 (compatible; DotBot/1.1; http://www.opensiteexplorer.org/dotbot, help@moz.com)" 
216.244.66.227 - - [10/Aug/2017:21:10:27 -0700] "GET /self.logs/access.log.2016-05-18.gz HTTP/1.1" 200 9874 "-" "Mozilla/5.0 (compatible; DotBot/1.1; http://www.opensiteexplorer.org/dotbot, help@moz.com)" 
216.244.66.227 - - [10/Aug/2017:21:10:28 -0700] "GET /self.logs/error.log.2015-01-21.gz HTTP/1.1" 200 513 "-" "Mozilla/5.0 (compatible; DotBot/1.1; http://www.opensiteexplorer.org/dotbot, help@moz.com)" 
216.244.66.227 - - [10/Aug/2017:21:10:29 -0700] "GET /self.logs/error.log.2016-11-14.gz HTTP/1.1" 200 585 "-" "Mozilla/5.0 (compatible; DotBot/1.1; http://www.opensiteexplorer.org/dotbot, help@moz.com)" 
216.244.66.227 - - [10/Aug/2017:21:10:30 -0700] "GET /self.logs/error.log.2016-11-26.gz HTTP/1.1" 200 603 "-" "Mozilla/5.0 (compatible; DotBot/1.1; http://www.opensiteexplorer.org/dotbot, help@moz.com)" 
216.244.66.227 - - [10/Aug/2017:21:10:31 -0700] "GET /self.logs/error.log.2016-12-10.gz HTTP/1.1" 200 545 "-" "Mozilla/5.0 (compatible; DotBot/1.1; http://www.opensiteexplorer.org/dotbot, help@moz.com)" 
216.244.66.227 - - [10/Aug/2017:21:10:32 -0700] "GET /self.logs/error.log.2017-04-05.gz HTTP/1.1" 200 4020 "-" "Mozilla/5.0 (compatible; DotBot/1.1; http://www.opensiteexplorer.org/dotbot, help@moz.com)" 
216.244.66.227 - - [10/Aug/2017:21:10:37 -0700] "GET /self.logs/error.log.2017-07-22.gz HTTP/1.1" 200 822 "-" "Mozilla/5.0 (compatible; DotBot/1.1; http://www.opensiteexplorer.org/dotbot, help@moz.com)" 
157.55.39.96 - - [10/Aug/2017:21:12:58 -0700] "GET /self.logs/access.log.2017-05-08.gz HTTP/1.1" 200 18511 "-" "Mozilla/5.0 (compatible; bingbot/2.0; +http://www.bing.com/bingbot.htm)" 
180.181.60.248 - - [10/Aug/2017:21:18:55 -0700] "GET / HTTP/1.1" 200 10794 "-" "Mozilla/5.0 (iPad; CPU OS 10_3_3 like Mac OS X) AppleWebKit/603.3.8 (KHTML, like Gecko) Version/10.0 Mobile/14G60 Safari/602.1" 
59.101.169.65 - - [10/Aug/2017:21:18:58 -0700] "GET / HTTP/1.1" 200 10794 "https://www.google.com.au/" "Mozilla/5.0 (Windows NT 10.0; Win64; x64; rv:55.0) Gecko/20100101 Firefox/55.0" 
59.101.169.65 - - [10/Aug/2017:21:18:58 -0700] "GET /bootstrap/img/favicon.ico HTTP/1.1" 200 589 "-" "Mozilla/5.0 (Windows NT 10.0; Win64; x64; rv:55.0) Gecko/20100101 Firefox/55.0" 
59.101.169.65 - - [10/Aug/2017:21:18:59 -0700] "GET /twitter-icon.png HTTP/1.1" 200 27787 "http://www.secrepo.com/" "Mozilla/5.0 (Windows NT 10.0; Win64; x64; rv:55.0) Gecko/20100101 Firefox/55.0" 
59.101.169.65 - - [10/Aug/2017:21:18:59 -0700] "GET /GitHub-Mark.png HTTP/1.1" 200 7428 "http://www.secrepo.com/" "Mozilla/5.0 (Windows NT 10.0; Win64; x64; rv:55.0) Gecko/20100101 Firefox/55.0" 
217.182.132.90 - - [10/Aug/2017:21:21:32 -0700] "GET /self.logs/error.log.2017-06-03.gz HTTP/1.1" 200 819 "-" "Mozilla/5.0 (compatible; AhrefsBot/5.2; +http://ahrefs.com/robot/)" 
185.18.61.114 - - [10/Aug/2017:21:26:43 -0700] "GET /wp-login.php HTTP/1.1" 404 295 "-" "Mozilla/5.0 (Windows NT 6.1; WOW64; rv:40.0) Gecko/20100101 Firefox/40.1" 
185.18.61.114 - - [10/Aug/2017:21:26:48 -0700] "GET /wp-login.php HTTP/1.1" 404 295 "-" "Mozilla/5.0 (Windows NT 6.1; WOW64; rv:40.0) Gecko/20100101 Firefox/40.1" 
185.18.61.114 - - [10/Aug/2017:21:26:54 -0700] "GET / HTTP/1.1" 200 36476 "-" "Mozilla/5.0 (Windows NT 6.1; WOW64; rv:40.0) Gecko/20100101 Firefox/40.1" 
185.18.61.114 - - [10/Aug/2017:21:26:55 -0700] "GET /wp-login.php HTTP/1.1" 301 522 "-" "Mozilla/5.0 (Windows NT 6.1; WOW64; rv:40.0) Gecko/20100101 Firefox/40.1" 
185.18.61.114 - - [10/Aug/2017:21:26:55 -0700] "GET /wp-login.php HTTP/1.1" 404 294 "-" "Mozilla/5.0 (Windows NT 6.1; WOW64; rv:40.0) Gecko/20100101 Firefox/40.1" 
185.18.61.114 - - [10/Aug/2017:21:27:00 -0700] "GET /wp-login.php HTTP/1.1" 301 522 "-" "Mozilla/5.0 (Windows NT 6.1; WOW64; rv:40.0) Gecko/20100101 Firefox/40.1" 
185.18.61.114 - - [10/Aug/2017:21:27:01 -0700] "GET /wp-login.php HTTP/1.1" 404 295 "-" "Mozilla/5.0 (Windows NT 6.1; WOW64; rv:40.0) Gecko/20100101 Firefox/40.1" 
185.18.61.114 - - [10/Aug/2017:21:27:06 -0700] "GET / HTTP/1.1" 301 498 "-" "Mozilla/5.0 (Windows NT 6.1; WOW64; rv:40.0) Gecko/20100101 Firefox/40.1" 
185.18.61.114 - - [10/Aug/2017:21:27:06 -0700] "GET / HTTP/1.1" 200 36476 "-" "Mozilla/5.0 (Windows NT 6.1; WOW64; rv:40.0) Gecko/20100101 Firefox/40.1" 
223.230.56.186 - - [10/Aug/2017:21:30:03 -0700] "GET / HTTP/1.1" 200 10794 "https://www.google.co.in/" "Mozilla/5.0 (Macintosh; Intel Mac OS X 10_12_5) AppleWebKit/603.2.4 (KHTML, like Gecko) Version/10.1.1 Safari/603.2.4" 
223.230.56.186 - - [10/Aug/2017:21:30:03 -0700] "GET /twitter-icon.png HTTP/1.1" 200 27787 "http://www.secrepo.com/" "Mozilla/5.0 (Macintosh; Intel Mac OS X 10_12_5) AppleWebKit/603.2.4 (KHTML, like Gecko) Version/10.1.1 Safari/603.2.4" 
223.230.56.186 - - [10/Aug/2017:21:30:03 -0700] "GET /GitHub-Mark.png HTTP/1.1" 200 7428 "http://www.secrepo.com/" "Mozilla/5.0 (Macintosh; Intel Mac OS X 10_12_5) AppleWebKit/603.2.4 (KHTML, like Gecko) Version/10.1.1 Safari/603.2.4" 
223.230.56.186 - - [10/Aug/2017:21:30:04 -0700] "GET /bootstrap/img/favicon.ico HTTP/1.1" 200 590 "http://www.secrepo.com/" "Mozilla/5.0 (Macintosh; Intel Mac OS X 10_12_5) AppleWebKit/603.2.4 (KHTML, like Gecko) Version/10.1.1 Safari/603.2.4" 
43.239.75.150 - - [10/Aug/2017:21:30:30 -0700] "GET /wp-login.php HTTP/1.1" 404 295 "-" "Mozilla/5.0 (Windows NT 6.1; WOW64; rv:40.0) Gecko/20100101 Firefox/40.1" 
43.239.75.150 - - [10/Aug/2017:21:30:36 -0700] "GET /wp-login.php HTTP/1.1" 404 295 "-" "Mozilla/5.0 (Windows NT 6.1; WOW64; rv:40.0) Gecko/20100101 Firefox/40.1" 
43.239.75.150 - - [10/Aug/2017:21:30:42 -0700] "GET / HTTP/1.1" 200 36476 "-" "Mozilla/5.0 (Windows NT 6.1; WOW64; rv:40.0) Gecko/20100101 Firefox/40.1" 
51.255.65.29 - - [10/Aug/2017:21:36:01 -0700] "GET /self.logs/error.log.2015-04-06.gz HTTP/1.1" 200 610 "-" "Mozilla/5.0 (compatible; AhrefsBot/5.2; +http://ahrefs.com/robot/)" 
157.55.39.96 - - [10/Aug/2017:21:36:18 -0700] "GET /self.logs/access.log.2015-09-24.gz HTTP/1.1" 200 4804 "-" "Mozilla/5.0 (compatible; bingbot/2.0; +http://www.bing.com/bingbot.htm)" 
40.77.167.108 - - [10/Aug/2017:21:39:37 -0700] "GET /self.logs/access.log.2016-12-03.gz HTTP/1.1" 200 9127 "-" "Mozilla/5.0 (compatible; bingbot/2.0; +http://www.bing.com/bingbot.htm)" 
60.52.99.1 - - [10/Aug/2017:21:44:24 -0700] "GET /wp-login.php HTTP/1.1" 404 295 "-" "Mozilla/5.0 (Windows NT 6.1; WOW64; rv:40.0) Gecko/20100101 Firefox/40.1" 
60.52.99.1 - - [10/Aug/2017:21:44:30 -0700] "GET /wp-login.php HTTP/1.1" 404 295 "-" "Mozilla/5.0 (Windows NT 6.1; WOW64; rv:40.0) Gecko/20100101 Firefox/40.1" 
60.52.99.1 - - [10/Aug/2017:21:44:35 -0700] "GET / HTTP/1.1" 200 36476 "-" "Mozilla/5.0 (Windows NT 6.1; WOW64; rv:40.0) Gecko/20100101 Firefox/40.1" 
40.77.167.108 - - [10/Aug/2017:21:45:57 -0700] "GET /self.logs/error.log.2016-09-12.gz HTTP/1.1" 200 937 "-" "Mozilla/5.0 (compatible; bingbot/2.0; +http://www.bing.com/bingbot.htm)" 
207.46.13.158 - - [10/Aug/2017:21:59:27 -0700] "GET /self.logs/access.log.2015-12-05.gz HTTP/1.1" 200 5370 "-" "Mozilla/5.0 (compatible; bingbot/2.0; +http://www.bing.com/bingbot.htm)" 
103.71.17.183 - - [10/Aug/2017:22:01:55 -0700] "GET /wp-login.php HTTP/1.1" 404 295 "-" "Mozilla/5.0 (Windows NT 6.1; WOW64; rv:40.0) Gecko/20100101 Firefox/40.1" 
103.71.17.183 - - [10/Aug/2017:22:02:01 -0700] "GET /wp-login.php HTTP/1.1" 404 295 "-" "Mozilla/5.0 (Windows NT 6.1; WOW64; rv:40.0) Gecko/20100101 Firefox/40.1" 
103.71.17.183 - - [10/Aug/2017:22:02:06 -0700] "GET / HTTP/1.1" 200 36476 "-" "Mozilla/5.0 (Windows NT 6.1; WOW64; rv:40.0) Gecko/20100101 Firefox/40.1" 
103.205.222.180 - - [10/Aug/2017:22:03:43 -0700] "GET /wp-login.php HTTP/1.1" 404 295 "-" "Mozilla/5.0 (Windows NT 6.1; WOW64; rv:40.0) Gecko/20100101 Firefox/40.1" 
103.205.222.180 - - [10/Aug/2017:22:03:48 -0700] "GET /wp-login.php HTTP/1.1" 404 295 "-" "Mozilla/5.0 (Windows NT 6.1; WOW64; rv:40.0) Gecko/20100101 Firefox/40.1" 
103.205.222.180 - - [10/Aug/2017:22:03:54 -0700] "GET / HTTP/1.1" 200 36476 "-" "Mozilla/5.0 (Windows NT 6.1; WOW64; rv:40.0) Gecko/20100101 Firefox/40.1" 
207.46.13.158 - - [10/Aug/2017:22:06:22 -0700] "GET /self.logs/access.log.2016-06-10.gz HTTP/1.1" 200 16854 "-" "Mozilla/5.0 (compatible; bingbot/2.0; +http://www.bing.com/bingbot.htm)" 
157.55.39.249 - - [10/Aug/2017:22:11:01 -0700] "GET /self.logs/error.log.2016-03-16.gz HTTP/1.1" 200 832 "-" "Mozilla/5.0 (compatible; bingbot/2.0; +http://www.bing.com/bingbot.htm)" 
217.182.132.20 - - [10/Aug/2017:22:12:24 -0700] "GET /self.logs/error.log.2017-03-30.gz HTTP/1.1" 200 1038 "-" "Mozilla/5.0 (compatible; AhrefsBot/5.2; +http://ahrefs.com/robot/)" 
150.70.173.21 - - [10/Aug/2017:22:12:36 -0700] "GET /wp-login.php HTTP/1.1" 404 239 "-" "Mozilla/5.0 (Windows NT 6.1) AppleWebKit/537.2 (KHTML, like Gecko) Chrome/22.0.1216.0 Safari/537.2" 
217.182.132.188 - - [10/Aug/2017:22:14:34 -0700] "GET /self.logs/?C=M;O=D HTTP/1.1" 200 19369 "-" "Mozilla/5.0 (compatible; AhrefsBot/5.2; +http://ahrefs.com/robot/)" 
123.255.22.114 - - [10/Aug/2017:22:19:16 -0700] "GET / HTTP/1.1" 200 10794 "https://www.google.com.au/" "Mozilla/5.0 (Macintosh; Intel Mac OS X 10_12_1) AppleWebKit/602.2.14 (KHTML, like Gecko) Version/10.0.1 Safari/602.2.14" 
123.255.22.114 - - [10/Aug/2017:22:19:16 -0700] "GET /twitter-icon.png HTTP/1.1" 200 27787 "http://www.secrepo.com/" "Mozilla/5.0 (Macintosh; Intel Mac OS X 10_12_1) AppleWebKit/602.2.14 (KHTML, like Gecko) Version/10.0.1 Safari/602.2.14" 
123.255.22.114 - - [10/Aug/2017:22:19:16 -0700] "GET /GitHub-Mark.png HTTP/1.1" 200 7428 "http://www.secrepo.com/" "Mozilla/5.0 (Macintosh; Intel Mac OS X 10_12_1) AppleWebKit/602.2.14 (KHTML, like Gecko) Version/10.0.1 Safari/602.2.14" 
123.255.22.114 - - [10/Aug/2017:22:19:18 -0700] "GET /bootstrap/img/favicon.ico HTTP/1.1" 200 590 "http://www.secrepo.com/" "Mozilla/5.0 (Macintosh; Intel Mac OS X 10_12_1) AppleWebKit/602.2.14 (KHTML, like Gecko) Version/10.0.1 Safari/602.2.14" 
120.221.1.28 - - [10/Aug/2017:22:19:49 -0700] "GET /maccdc2012/files.log.gz HTTP/1.1" 304 155 "-" "Mozilla/5.0 Gecko/20100115 Firefox/3.6" 
103.71.17.183 - - [10/Aug/2017:22:21:11 -0700] "GET /wp-login.php HTTP/1.1" 301 522 "-" "Mozilla/5.0 (Windows NT 6.1; WOW64; rv:40.0) Gecko/20100101 Firefox/40.1" 
103.71.17.183 - - [10/Aug/2017:22:21:12 -0700] "GET /wp-login.php HTTP/1.1" 404 295 "-" "Mozilla/5.0 (Windows NT 6.1; WOW64; rv:40.0) Gecko/20100101 Firefox/40.1" 
103.71.17.183 - - [10/Aug/2017:22:21:17 -0700] "GET /wp-login.php HTTP/1.1" 301 522 "-" "Mozilla/5.0 (Windows NT 6.1; WOW64; rv:40.0) Gecko/20100101 Firefox/40.1" 
103.71.17.183 - - [10/Aug/2017:22:21:18 -0700] "GET /wp-login.php HTTP/1.1" 404 295 "-" "Mozilla/5.0 (Windows NT 6.1; WOW64; rv:40.0) Gecko/20100101 Firefox/40.1" 
103.71.17.183 - - [10/Aug/2017:22:21:26 -0700] "GET / HTTP/1.1" 301 498 "-" "Mozilla/5.0 (Windows NT 6.1; WOW64; rv:40.0) Gecko/20100101 Firefox/40.1" 
103.71.17.183 - - [10/Aug/2017:22:21:26 -0700] "GET / HTTP/1.1" 200 36476 "-" "Mozilla/5.0 (Windows NT 6.1; WOW64; rv:40.0) Gecko/20100101 Firefox/40.1" 
223.229.144.50 - - [10/Aug/2017:22:23:05 -0700] "GET / HTTP/1.1" 200 10794 "https://www.google.co.in/" "Mozilla/5.0 (X11; Ubuntu; Linux x86_64; rv:54.0) Gecko/20100101 Firefox/54.0" 
223.229.144.50 - - [10/Aug/2017:22:23:05 -0700] "GET /robots.txt HTTP/1.1" 200 334 "-" "Mozilla/5.0 (X11; Ubuntu; Linux x86_64; rv:54.0) Gecko/20100101 Firefox/54.0" 
223.229.144.50 - - [10/Aug/2017:22:23:06 -0700] "GET /bootstrap/img/favicon.ico HTTP/1.1" 200 589 "-" "Mozilla/5.0 (X11; Ubuntu; Linux x86_64; rv:54.0) Gecko/20100101 Firefox/54.0" 
223.229.144.50 - - [10/Aug/2017:22:23:11 -0700] "GET /GitHub-Mark.png HTTP/1.1" 200 7428 "http://www.secrepo.com/" "Mozilla/5.0 (X11; Ubuntu; Linux x86_64; rv:54.0) Gecko/20100101 Firefox/54.0" 
223.229.144.50 - - [10/Aug/2017:22:23:11 -0700] "GET /twitter-icon.png HTTP/1.1" 200 27788 "http://www.secrepo.com/" "Mozilla/5.0 (X11; Ubuntu; Linux x86_64; rv:54.0) Gecko/20100101 Firefox/54.0" 
164.132.161.14 - - [10/Aug/2017:22:24:50 -0700] "GET /self.logs/access.log.2017-07-27.gz HTTP/1.1" 200 21415 "-" "Mozilla/5.0 (compatible; AhrefsBot/5.2; +http://ahrefs.com/robot/)" 
51.255.65.49 - - [10/Aug/2017:22:28:53 -0700] "GET /self.logs/access.log.2017-08-04.gz HTTP/1.1" 200 16270 "-" "Mozilla/5.0 (compatible; AhrefsBot/5.2; +http://ahrefs.com/robot/)" 
51.255.71.129 - - [10/Aug/2017:22:34:45 -0700] "GET /self.logs/access.log.2015-06-25.gz HTTP/1.1" 200 3773 "-" "Mozilla/5.0 (compatible; AhrefsBot/5.2; +http://ahrefs.com/robot/)" 
51.255.65.77 - - [10/Aug/2017:22:46:18 -0700] "GET /self.logs/error.log.2015-11-09.gz HTTP/1.1" 200 742 "-" "Mozilla/5.0 (compatible; AhrefsBot/5.2; +http://ahrefs.com/robot/)" 
59.101.169.65 - - [10/Aug/2017:22:49:33 -0700] "GET / HTTP/1.1" 200 10794 "-" "Mozilla/5.0 (Windows NT 10.0; Win64; x64; rv:55.0) Gecko/20100101 Firefox/55.0" 
59.101.169.65 - - [10/Aug/2017:22:49:34 -0700] "GET /twitter-icon.png HTTP/1.1" 200 27787 "http://www.secrepo.com/" "Mozilla/5.0 (Windows NT 10.0; Win64; x64; rv:55.0) Gecko/20100101 Firefox/55.0" 
59.101.169.65 - - [10/Aug/2017:22:49:34 -0700] "GET /GitHub-Mark.png HTTP/1.1" 200 7428 "http://www.secrepo.com/" "Mozilla/5.0 (Windows NT 10.0; Win64; x64; rv:55.0) Gecko/20100101 Firefox/55.0" 
40.77.167.108 - - [10/Aug/2017:22:58:15 -0700] "GET /honeypot/Honeypot%20-%20Howto.pdf HTTP/1.1" 200 1279418 "-" "Mozilla/5.0 (iPhone; CPU iPhone OS 7_0 like Mac OS X) AppleWebKit/537.51.1 (KHTML, like Gecko) Version/7.0 Mobile/11A465 Safari/9537.53 (compatible; bingbot/2.0; +http://www.bing.com/bingbot.htm)" 
157.55.39.249 - - [10/Aug/2017:23:00:09 -0700] "GET /self.logs/access.log.2016-03-29.gz HTTP/1.1" 200 8920 "-" "Mozilla/5.0 (compatible; bingbot/2.0; +http://www.bing.com/bingbot.htm)" 
207.46.13.158 - - [10/Aug/2017:23:01:02 -0700] "GET /self.logs/access.log.2017-04-02.gz HTTP/1.1" 200 22224 "-" "Mozilla/5.0 (compatible; bingbot/2.0; +http://www.bing.com/bingbot.htm)" 
120.192.95.88 - - [10/Aug/2017:23:01:38 -0700] "GET /maccdc2012/maccdc2012_full_alert.7z HTTP/1.1" 304 132 "-" "Mozilla/5.0 Gecko/20100115 Firefox/3.6" 
113.240.234.232 - - [10/Aug/2017:23:04:39 -0700] "GET /favicon.ico HTTP/1.1" 200 268 "-" "Mozilla/5.0 (Windows NT 10.0; WOW64) AppleWebKit/537.36 (KHTML, like Gecko) Chrome/55.0.2883.87 Safari/537.36" 
180.76.15.144 - - [10/Aug/2017:23:07:47 -0700] "GET /self.logs/ HTTP/1.1" 200 18984 "-" "Mozilla/5.0 (compatible; Baiduspider/2.0; +http://www.baidu.com/search/spider.html)" 
103.16.46.81 - - [10/Aug/2017:23:08:05 -0700] "GET / HTTP/1.1" 200 36476 "-" "Mozilla/5.0 (compatible; MSIE 9.0; Windows NT 6.1; Trident/5.0)" 
103.16.46.81 - - [10/Aug/2017:23:08:06 -0700] "GET / HTTP/1.1" 200 36420 "-" "Mozilla/5.0 (compatible; MSIE 9.0; Windows NT 6.1; Trident/5.0)" 
103.16.46.81 - - [10/Aug/2017:23:08:07 -0700] "GET / HTTP/1.1" 200 36420 "-" "Mozilla/5.0 (compatible; MSIE 9.0; Windows NT 6.1; Trident/5.0)" 
59.163.146.9 - - [10/Aug/2017:23:10:28 -0700] "GET / HTTP/1.0" 200 10794 "https://www.google.co.in/" "Mozilla/5.0 (Windows NT 6.1) AppleWebKit/537.36 (KHTML, like Gecko) Chrome/60.0.3112.90 Safari/537.36" 
59.163.146.9 - - [10/Aug/2017:23:10:29 -0700] "GET /twitter-icon.png HTTP/1.0" 200 27787 "http://www.secrepo.com/" "Mozilla/5.0 (Windows NT 6.1) AppleWebKit/537.36 (KHTML, like Gecko) Chrome/60.0.3112.90 Safari/537.36" 
59.163.146.9 - - [10/Aug/2017:23:10:29 -0700] "GET /GitHub-Mark.png HTTP/1.0" 200 7428 "http://www.secrepo.com/" "Mozilla/5.0 (Windows NT 6.1) AppleWebKit/537.36 (KHTML, like Gecko) Chrome/60.0.3112.90 Safari/537.36" 
59.163.146.9 - - [10/Aug/2017:23:10:30 -0700] "GET /bootstrap/img/favicon.ico HTTP/1.0" 200 589 "http://www.secrepo.com/" "Mozilla/5.0 (Windows NT 6.1) AppleWebKit/537.36 (KHTML, like Gecko) Chrome/60.0.3112.90 Safari/537.36" 
103.16.46.81 - - [10/Aug/2017:23:08:08 -0700] "GET /pe_static/zeus.zip HTTP/1.1" 200 51367055 "-" "Mozilla/5.0 (compatible; MSIE 9.0; Windows NT 6.1; Trident/5.0)" 
103.16.46.81 - - [10/Aug/2017:23:15:44 -0700] "GET /pe_static/apt1.zip HTTP/1.1" 200 1983272 "-" "Mozilla/5.0 (compatible; MSIE 9.0; Windows NT 6.1; Trident/5.0)" 
103.16.46.81 - - [10/Aug/2017:23:16:07 -0700] "GET /pe_static/op-cleaver.zip HTTP/1.1" 200 710009 "-" "Mozilla/5.0 (compatible; MSIE 9.0; Windows NT 6.1; Trident/5.0)" 
103.16.46.81 - - [10/Aug/2017:23:16:15 -0700] "GET /https://hackertarget.com/500k-http-headers/ HTTP/1.1" 404 239 "-" "Mozilla/5.0 (compatible; MSIE 9.0; Windows NT 6.1; Trident/5.0)" 
103.16.46.81 - - [10/Aug/2017:23:16:16 -0700] "GET /http://contagiodump.blogspot.com/ HTTP/1.1" 404 239 "-" "Mozilla/5.0 (compatible; MSIE 9.0; Windows NT 6.1; Trident/5.0)" 
103.16.46.81 - - [10/Aug/2017:23:16:16 -0700] "GET /http://tracker.h3x.eu/about/400 HTTP/1.1" 404 239 "-" "Mozilla/5.0 (compatible; MSIE 9.0; Windows NT 6.1; Trident/5.0)" 
61.135.217.128 - - [10/Aug/2017:23:16:37 -0700] "GET /robots.txt HTTP/1.0" 200 297 "-" "Mozilla/5.0 AppleWebKit/537.36 (KHTML, like Gecko) Chrome/55.0.2883.95 Safari/537.36/Nutch-1.13" 
61.135.217.128 - - [10/Aug/2017:23:16:38 -0700] "GET /honeypot/Honeypot%20-%20Howto%20-%20BSides%20Austin.pdf HTTP/1.0" 200 2928423 "-" "Mozilla/5.0 AppleWebKit/537.36 (KHTML, like Gecko) Chrome/55.0.2883.95 Safari/537.36/Nutch-1.13" 
157.55.39.96 - - [10/Aug/2017:23:21:32 -0700] "GET /self.logs/error.log.2017-01-15.gz HTTP/1.1" 200 816 "-" "Mozilla/5.0 (compatible; bingbot/2.0; +http://www.bing.com/bingbot.htm)" 
182.71.43.200 - - [10/Aug/2017:23:23:49 -0700] "GET /bootstrap/img/favicon.ico HTTP/1.1" 200 590 "-" "Mozilla/5.0 (Windows NT 6.1; WOW64; rv:54.0) Gecko/20100101 Firefox/54.0" 
182.71.43.200 - - [10/Aug/2017:23:23:55 -0700] "GET / HTTP/1.1" 200 10794 "-" "Mozilla/5.0 (Windows NT 6.1; WOW64; rv:54.0) Gecko/20100101 Firefox/54.0" 
182.71.43.200 - - [10/Aug/2017:23:24:00 -0700] "GET /GitHub-Mark.png HTTP/1.1" 200 7428 "http://www.secrepo.com/" "Mozilla/5.0 (Windows NT 6.1; WOW64; rv:54.0) Gecko/20100101 Firefox/54.0" 
182.71.43.200 - - [10/Aug/2017:23:24:00 -0700] "GET /twitter-icon.png HTTP/1.1" 200 27788 "http://www.secrepo.com/" "Mozilla/5.0 (Windows NT 6.1; WOW64; rv:54.0) Gecko/20100101 Firefox/54.0" 
98.210.128.226 - - [10/Aug/2017:23:24:30 -0700] "GET / HTTP/1.1" 301 483 "-" "Mozilla/5.0 (Windows NT 10.0; Win64; x64) AppleWebKit/537.36 (KHTML, like Gecko) Chrome/58.0.3029.96 Safari/537.36" 
98.210.128.226 - - [10/Aug/2017:23:24:30 -0700] "GET / HTTP/1.1" 200 10794 "-" "Mozilla/5.0 (Windows NT 10.0; Win64; x64) AppleWebKit/537.36 (KHTML, like Gecko) Chrome/58.0.3029.96 Safari/537.36" 
98.210.128.226 - - [10/Aug/2017:23:24:30 -0700] "GET /GitHub-Mark.png HTTP/1.1" 200 7428 "http://www.secrepo.com/" "Mozilla/5.0 (Windows NT 10.0; Win64; x64) AppleWebKit/537.36 (KHTML, like Gecko) Chrome/58.0.3029.96 Safari/537.36" 
98.210.128.226 - - [10/Aug/2017:23:24:30 -0700] "GET /twitter-icon.png HTTP/1.1" 200 27787 "http://www.secrepo.com/" "Mozilla/5.0 (Windows NT 10.0; Win64; x64) AppleWebKit/537.36 (KHTML, like Gecko) Chrome/58.0.3029.96 Safari/537.36" 
98.210.128.226 - - [10/Aug/2017:23:24:31 -0700] "GET /bootstrap/img/favicon.ico HTTP/1.1" 200 589 "http://www.secrepo.com/" "Mozilla/5.0 (Windows NT 10.0; Win64; x64) AppleWebKit/537.36 (KHTML, like Gecko) Chrome/58.0.3029.96 Safari/537.36" 
188.40.126.66 - - [10/Aug/2017:23:26:16 -0700] "GET / HTTP/1.1" 200 10738 "-" "Mozilla/5.0 (compatible; NewShareCounts.com/1.0; +http://newsharecounts.com/crawler)" 
61.135.217.128 - - [10/Aug/2017:23:26:35 -0700] "GET /honeypot/Honeypot%20-%20Howto.pdf HTTP/1.0" 200 1279381 "-" "Mozilla/5.0 AppleWebKit/537.36 (KHTML, like Gecko) Chrome/55.0.2883.95 Safari/537.36/Nutch-1.13" 
98.210.128.226 - - [10/Aug/2017:23:26:40 -0700] "GET /maccdc2012/conn.log.gz HTTP/1.1" 200 557720 "-" "Mozilla/5.0 (Windows NT 10.0; Win64; x64) AppleWebKit/537.36 (KHTML, like Gecko) Chrome/58.0.3029.96 Safari/537.36" 
75.151.225.134 - - [10/Aug/2017:23:28:18 -0700] "GET /honeypot/Honeypot%20-%20Howto.pdf HTTP/1.1" 200 1279418 "http://www.secrepo.com/" "Mozilla/5.0 (Windows NT 6.1; Win64; x64) AppleWebKit/537.36 (KHTML, like Gecko) Chrome/58.0.3029.110 Safari/537.36" 
170.148.69.140 - - [10/Aug/2017:23:32:02 -0700] "GET / HTTP/1.1" 200 10794 "-" "Mozilla/5.0 (Windows NT 6.1; WOW64; rv:45.0) Gecko/20100101 Firefox/45.0" 
170.148.69.140 - - [10/Aug/2017:23:32:04 -0700] "GET /twitter-icon.png HTTP/1.1" 200 27787 "http://www.secrepo.com/" "Mozilla/5.0 (Windows NT 6.1; WOW64; rv:45.0) Gecko/20100101 Firefox/45.0" 
170.148.69.140 - - [10/Aug/2017:23:32:04 -0700] "GET /GitHub-Mark.png HTTP/1.1" 200 7428 "http://www.secrepo.com/" "Mozilla/5.0 (Windows NT 6.1; WOW64; rv:45.0) Gecko/20100101 Firefox/45.0" 
170.148.69.140 - - [10/Aug/2017:23:32:04 -0700] "GET /bootstrap/img/favicon.ico HTTP/1.1" 200 590 "-" "Mozilla/5.0 (Windows NT 6.1; WOW64; rv:45.0) Gecko/20100101 Firefox/45.0" 
210.12.101.154 - - [10/Aug/2017:23:43:30 -0700] "GET /favicon.ico HTTP/1.1" 200 212 "-" "Mozilla/4.0 (compatible; MSIE 7.0; Windows NT 5.1; Trident/4.0; .NET CLR 2.0.50727; 360space)" 
217.182.132.14 - - [10/Aug/2017:23:51:06 -0700] "GET /self.logs/access.log.2015-10-17.gz HTTP/1.1" 200 4564 "-" "Mozilla/5.0 (compatible; AhrefsBot/5.2; +http://ahrefs.com/robot/)" 
52.168.161.70 - - [10/Aug/2017:23:51:56 -0700] "HEAD / HTTP/1.1" 301 253 "https://www.google.com/" "Mozilla/5.0 (compatible; epicbot; +http://www.epictions.com/epicbot)" 
52.168.161.70 - - [10/Aug/2017:23:51:56 -0700] "HEAD / HTTP/1.1" 301 253 "https://www.google.com/" "Mozilla/5.0 (compatible; epicbot; +http://www.epictions.com/epicbot)" 
52.168.161.70 - - [10/Aug/2017:23:51:56 -0700] "HEAD / HTTP/1.1" 301 253 "https://www.google.com/" "Mozilla/5.0 (compatible; epicbot; +http://www.epictions.com/epicbot)" 
52.168.161.70 - - [10/Aug/2017:23:51:56 -0700] "HEAD / HTTP/1.1" 301 253 "https://www.google.com/" "Mozilla/5.0 (compatible; epicbot; +http://www.epictions.com/epicbot)" 
52.168.161.70 - - [10/Aug/2017:23:51:56 -0700] "HEAD / HTTP/1.1" 301 253 "https://www.google.com/" "Mozilla/5.0 (compatible; epicbot; +http://www.epictions.com/epicbot)" 
52.168.161.70 - - [10/Aug/2017:23:51:56 -0700] "HEAD / HTTP/1.1" 301 253 "https://www.google.com/" "Mozilla/5.0 (compatible; epicbot; +http://www.epictions.com/epicbot)" 
52.168.161.70 - - [10/Aug/2017:23:51:56 -0700] "HEAD / HTTP/1.1" 301 253 "https://www.google.com/" "Mozilla/5.0 (compatible; epicbot; +http://www.epictions.com/epicbot)" 
52.168.161.70 - - [10/Aug/2017:23:51:56 -0700] "HEAD / HTTP/1.1" 301 253 "https://www.google.com/" "Mozilla/5.0 (compatible; epicbot; +http://www.epictions.com/epicbot)" 
52.168.161.70 - - [10/Aug/2017:23:51:56 -0700] "HEAD / HTTP/1.1" 301 253 "https://www.google.com/" "Mozilla/5.0 (compatible; epicbot; +http://www.epictions.com/epicbot)" 
52.168.161.70 - - [10/Aug/2017:23:51:56 -0700] "HEAD / HTTP/1.1" 301 253 "https://www.google.com/" "Mozilla/5.0 (compatible; epicbot; +http://www.epictions.com/epicbot)" 
52.168.161.70 - - [10/Aug/2017:23:51:56 -0700] "HEAD / HTTP/1.1" 200 282 "https://www.google.com/" "Mozilla/5.0 (compatible; epicbot; +http://www.epictions.com/epicbot)" 
52.168.161.70 - - [10/Aug/2017:23:51:56 -0700] "HEAD / HTTP/1.1" 301 253 "https://www.google.com/" "Mozilla/5.0 (compatible; epicbot; +http://www.epictions.com/epicbot)" 
52.168.161.70 - - [10/Aug/2017:23:51:58 -0700] "HEAD / HTTP/1.1" 301 253 "https://www.google.com/" "Mozilla/5.0 (compatible; epicbot; +http://www.epictions.com/epicbot)" 
52.168.161.70 - - [10/Aug/2017:23:51:58 -0700] "HEAD / HTTP/1.1" 301 253 "https://www.google.com/" "Mozilla/5.0 (compatible; epicbot; +http://www.epictions.com/epicbot)" 
52.168.161.70 - - [10/Aug/2017:23:51:58 -0700] "HEAD / HTTP/1.1" 301 253 "https://www.google.com/" "Mozilla/5.0 (compatible; epicbot; +http://www.epictions.com/epicbot)" 
52.168.161.70 - - [10/Aug/2017:23:51:58 -0700] "HEAD / HTTP/1.1" 301 253 "https://www.google.com/" "Mozilla/5.0 (compatible; epicbot; +http://www.epictions.com/epicbot)" 
52.168.161.70 - - [10/Aug/2017:23:51:58 -0700] "HEAD / HTTP/1.1" 301 253 "https://www.google.com/" "Mozilla/5.0 (compatible; epicbot; +http://www.epictions.com/epicbot)" 
52.168.161.70 - - [10/Aug/2017:23:51:58 -0700] "HEAD / HTTP/1.1" 301 253 "https://www.google.com/" "Mozilla/5.0 (compatible; epicbot; +http://www.epictions.com/epicbot)" 
52.168.161.70 - - [10/Aug/2017:23:51:58 -0700] "HEAD / HTTP/1.1" 301 253 "https://www.google.com/" "Mozilla/5.0 (compatible; epicbot; +http://www.epictions.com/epicbot)" 
52.168.161.70 - - [10/Aug/2017:23:51:58 -0700] "HEAD / HTTP/1.1" 301 253 "https://www.google.com/" "Mozilla/5.0 (compatible; epicbot; +http://www.epictions.com/epicbot)" 
52.168.161.70 - - [10/Aug/2017:23:51:58 -0700] "HEAD / HTTP/1.1" 301 253 "https://www.google.com/" "Mozilla/5.0 (compatible; epicbot; +http://www.epictions.com/epicbot)" 
52.168.161.70 - - [10/Aug/2017:23:51:58 -0700] "HEAD / HTTP/1.1" 301 253 "https://www.google.com/" "Mozilla/5.0 (compatible; epicbot; +http://www.epictions.com/epicbot)" 
