52.168.161.70 - - [20/Jun/2017:20:14:13 -0700] "HEAD / HTTP/1.1" 301 253 "https://www.google.com/" "Mozilla/5.0 (compatible; epicbot; +http://www.epictions.com/epicbot)" 
52.168.161.70 - - [20/Jun/2017:20:14:13 -0700] "HEAD / HTTP/1.1" 301 253 "https://www.google.com/" "Mozilla/5.0 (compatible; epicbot; +http://www.epictions.com/epicbot)" 
52.168.161.70 - - [20/Jun/2017:20:14:15 -0700] "HEAD / HTTP/1.1" 301 253 "https://www.google.com/" "Mozilla/5.0 (compatible; epicbot; +http://www.epictions.com/epicbot)" 
52.168.161.70 - - [20/Jun/2017:20:14:15 -0700] "HEAD / HTTP/1.1" 301 253 "https://www.google.com/" "Mozilla/5.0 (compatible; epicbot; +http://www.epictions.com/epicbot)" 
52.168.161.70 - - [20/Jun/2017:20:14:15 -0700] "HEAD / HTTP/1.1" 301 253 "https://www.google.com/" "Mozilla/5.0 (compatible; epicbot; +http://www.epictions.com/epicbot)" 
52.168.161.70 - - [20/Jun/2017:20:14:15 -0700] "HEAD / HTTP/1.1" 301 253 "https://www.google.com/" "Mozilla/5.0 (compatible; epicbot; +http://www.epictions.com/epicbot)" 
52.168.161.70 - - [20/Jun/2017:20:14:15 -0700] "HEAD / HTTP/1.1" 301 253 "https://www.google.com/" "Mozilla/5.0 (compatible; epicbot; +http://www.epictions.com/epicbot)" 
52.168.161.70 - - [20/Jun/2017:20:14:15 -0700] "HEAD / HTTP/1.1" 301 253 "https://www.google.com/" "Mozilla/5.0 (compatible; epicbot; +http://www.epictions.com/epicbot)" 
52.168.161.70 - - [20/Jun/2017:20:14:16 -0700] "HEAD / HTTP/1.1" 301 253 "https://www.google.com/" "Mozilla/5.0 (compatible; epicbot; +http://www.epictions.com/epicbot)" 
52.168.161.70 - - [20/Jun/2017:20:14:16 -0700] "HEAD / HTTP/1.1" 301 253 "https://www.google.com/" "Mozilla/5.0 (compatible; epicbot; +http://www.epictions.com/epicbot)" 
130.105.98.116 - - [20/Jun/2017:20:14:25 -0700] "GET /wp-login.php HTTP/1.1" 301 522 "-" "Mozilla/5.0 (Windows NT 6.1; WOW64; rv:40.0) Gecko/20100101 Firefox/40.1" 
130.105.98.116 - - [20/Jun/2017:20:14:26 -0700] "GET /wp-login.php HTTP/1.1" 404 295 "-" "Mozilla/5.0 (Windows NT 6.1; WOW64; rv:40.0) Gecko/20100101 Firefox/40.1" 
130.105.98.116 - - [20/Jun/2017:20:14:31 -0700] "GET /wp-login.php HTTP/1.1" 301 522 "-" "Mozilla/5.0 (Windows NT 6.1; WOW64; rv:40.0) Gecko/20100101 Firefox/40.1" 
130.105.98.116 - - [20/Jun/2017:20:14:32 -0700] "GET /wp-login.php HTTP/1.1" 404 295 "-" "Mozilla/5.0 (Windows NT 6.1; WOW64; rv:40.0) Gecko/20100101 Firefox/40.1" 
130.105.98.116 - - [20/Jun/2017:20:14:40 -0700] "GET / HTTP/1.1" 301 498 "-" "Mozilla/5.0 (Windows NT 6.1; WOW64; rv:40.0) Gecko/20100101 Firefox/40.1" 
130.105.98.116 - - [20/Jun/2017:20:14:40 -0700] "GET / HTTP/1.1" 200 36476 "-" "Mozilla/5.0 (Windows NT 6.1; WOW64; rv:40.0) Gecko/20100101 Firefox/40.1" 
157.55.39.71 - - [20/Jun/2017:20:15:47 -0700] "GET /honeypot/Honeypot%20-%20Howto.pdf HTTP/1.1" 200 1279418 "-" "Mozilla/5.0 (iPhone; CPU iPhone OS 7_0 like Mac OS X) AppleWebKit/537.51.1 (KHTML, like Gecko) Version/7.0 Mobile/11A465 Safari/9537.53 (compatible; bingbot/2.0; +http://www.bing.com/bingbot.htm)" 
51.255.71.133 - - [20/Jun/2017:20:15:56 -0700] "GET /self.logs/error.log.2016-06-24.gz HTTP/1.1" 200 1306 "-" "Mozilla/5.0 (compatible; AhrefsBot/5.2; +http://ahrefs.com/robot/)" 
52.168.161.70 - - [20/Jun/2017:20:16:02 -0700] "HEAD / HTTP/1.1" 200 282 "https://www.google.com/" "Mozilla/5.0 (compatible; epicbot; +http://www.epictions.com/epicbot)" 
52.168.161.70 - - [20/Jun/2017:20:16:06 -0700] "HEAD / HTTP/1.1" 200 282 "https://www.google.com/" "Mozilla/5.0 (compatible; epicbot; +http://www.epictions.com/epicbot)" 
52.168.161.70 - - [20/Jun/2017:20:16:06 -0700] "HEAD / HTTP/1.1" 200 282 "https://www.google.com/" "Mozilla/5.0 (compatible; epicbot; +http://www.epictions.com/epicbot)" 
51.255.65.17 - - [20/Jun/2017:20:20:57 -0700] "GET /self.logs/access.log.2016-02-07.gz HTTP/1.1" 200 9082 "-" "Mozilla/5.0 (compatible; AhrefsBot/5.2; +http://ahrefs.com/robot/)" 
73.97.174.2 - - [20/Jun/2017:20:24:12 -0700] "GET / HTTP/1.1" 304 189 "-" "Mozilla/5.0 (Macintosh; Intel Mac OS X 10_12_5) AppleWebKit/603.2.4 (KHTML, like Gecko) Version/10.1.1 Safari/603.2.4" 
113.140.11.120 - - [20/Jun/2017:20:28:10 -0700] "GET / HTTP/1.1" 301 483 "-" "Mozilla/5.0 (X11; Linux x86_64) AppleWebKit/537.36 (KHTML, like Gecko) Ubuntu Chromium/58.0.3029.110 Chrome/58.0.3029.110 Safari/537.36" 
113.140.11.120 - - [20/Jun/2017:20:28:17 -0700] "GET / HTTP/1.1" 200 10794 "-" "Mozilla/5.0 (X11; Linux x86_64) AppleWebKit/537.36 (KHTML, like Gecko) Ubuntu Chromium/58.0.3029.110 Chrome/58.0.3029.110 Safari/537.36" 
113.140.11.120 - - [20/Jun/2017:20:28:18 -0700] "GET /twitter-icon.png HTTP/1.1" 200 27787 "http://www.secrepo.com/" "Mozilla/5.0 (X11; Linux x86_64) AppleWebKit/537.36 (KHTML, like Gecko) Ubuntu Chromium/58.0.3029.110 Chrome/58.0.3029.110 Safari/537.36" 
113.140.11.120 - - [20/Jun/2017:20:28:18 -0700] "GET /GitHub-Mark.png HTTP/1.1" 200 7428 "http://www.secrepo.com/" "Mozilla/5.0 (X11; Linux x86_64) AppleWebKit/537.36 (KHTML, like Gecko) Ubuntu Chromium/58.0.3029.110 Chrome/58.0.3029.110 Safari/537.36" 
50.171.173.106 - - [20/Jun/2017:20:28:45 -0700] "GET / HTTP/1.1" 200 10794 "https://www.google.com/" "Mozilla/5.0 (Windows NT 6.1; Win64; x64) AppleWebKit/537.36 (KHTML, like Gecko) Chrome/58.0.3029.110 Safari/537.36" 
50.171.173.106 - - [20/Jun/2017:20:28:45 -0700] "GET /GitHub-Mark.png HTTP/1.1" 200 7428 "http://www.secrepo.com/" "Mozilla/5.0 (Windows NT 6.1; Win64; x64) AppleWebKit/537.36 (KHTML, like Gecko) Chrome/58.0.3029.110 Safari/537.36" 
50.171.173.106 - - [20/Jun/2017:20:28:45 -0700] "GET /twitter-icon.png HTTP/1.1" 200 27787 "http://www.secrepo.com/" "Mozilla/5.0 (Windows NT 6.1; Win64; x64) AppleWebKit/537.36 (KHTML, like Gecko) Chrome/58.0.3029.110 Safari/537.36" 
50.171.173.106 - - [20/Jun/2017:20:28:46 -0700] "GET /bootstrap/img/favicon.ico HTTP/1.1" 200 589 "http://www.secrepo.com/" "Mozilla/5.0 (Windows NT 6.1; Win64; x64) AppleWebKit/537.36 (KHTML, like Gecko) Chrome/58.0.3029.110 Safari/537.36" 
113.140.11.120 - - [20/Jun/2017:20:28:48 -0700] "GET /bootstrap/img/favicon.ico HTTP/1.1" 200 590 "http://www.secrepo.com/" "Mozilla/5.0 (X11; Linux x86_64) AppleWebKit/537.36 (KHTML, like Gecko) Ubuntu Chromium/58.0.3029.110 Chrome/58.0.3029.110 Safari/537.36" 
58.178.206.202 - - [20/Jun/2017:20:28:53 -0700] "GET /wp-login.php HTTP/1.1" 404 295 "-" "Mozilla/5.0 (Windows NT 6.1; WOW64; rv:40.0) Gecko/20100101 Firefox/40.1" 
58.178.206.202 - - [20/Jun/2017:20:28:58 -0700] "GET /wp-login.php HTTP/1.1" 404 295 "-" "Mozilla/5.0 (Windows NT 6.1; WOW64; rv:40.0) Gecko/20100101 Firefox/40.1" 
52.168.161.70 - - [20/Jun/2017:20:29:00 -0700] "HEAD / HTTP/1.1" 200 282 "https://www.google.com/" "Mozilla/5.0 (compatible; epicbot; +http://www.epictions.com/epicbot)" 
58.178.206.202 - - [20/Jun/2017:20:29:04 -0700] "GET / HTTP/1.1" 200 36476 "-" "Mozilla/5.0 (Windows NT 6.1; WOW64; rv:40.0) Gecko/20100101 Firefox/40.1" 
52.168.161.70 - - [20/Jun/2017:20:29:12 -0700] "HEAD / HTTP/1.1" 200 282 "https://www.google.com/" "Mozilla/5.0 (compatible; epicbot; +http://www.epictions.com/epicbot)" 
52.168.161.70 - - [20/Jun/2017:20:29:12 -0700] "HEAD / HTTP/1.1" 200 282 "https://www.google.com/" "Mozilla/5.0 (compatible; epicbot; +http://www.epictions.com/epicbot)" 
50.171.173.106 - - [20/Jun/2017:20:29:34 -0700] "GET /tg/b.zip HTTP/1.1" 200 42298164 "-" "Mozilla/5.0 (Windows NT 6.1; Win64; x64) AppleWebKit/537.36 (KHTML, like Gecko) Chrome/58.0.3029.110 Safari/537.36" 
120.221.1.28 - - [20/Jun/2017:20:35:03 -0700] "GET /maccdc2012/files.log.gz HTTP/1.1" 304 155 "-" "Mozilla/5.0 Gecko/20100115 Firefox/3.6" 
175.100.130.249 - - [20/Jun/2017:20:35:10 -0700] "GET /wp-login.php HTTP/1.1" 404 295 "-" "Mozilla/5.0 (Windows NT 6.1; WOW64; rv:40.0) Gecko/20100101 Firefox/40.1" 
175.100.130.249 - - [20/Jun/2017:20:35:15 -0700] "GET /wp-login.php HTTP/1.1" 404 295 "-" "Mozilla/5.0 (Windows NT 6.1; WOW64; rv:40.0) Gecko/20100101 Firefox/40.1" 
175.100.130.249 - - [20/Jun/2017:20:35:21 -0700] "GET / HTTP/1.1" 200 36476 "-" "Mozilla/5.0 (Windows NT 6.1; WOW64; rv:40.0) Gecko/20100101 Firefox/40.1" 
179.61.178.143 - - [20/Jun/2017:20:37:43 -0700] "GET /honeypot/Honeypot%20-%20Howto%20-%20BSides%20Austin. HTTP/1.0" 404 303 "http://www.secrepo.com/" "Mozilla/5.0 (Windows NT 6.1; WOW64) AppleWebKit/537.36 (KHTML, like Gecko) Chrome/36.0.1985.125 Safari/537.36" 
179.61.178.143 - - [20/Jun/2017:20:37:44 -0700] "GET /honeypot/Honeypot%20-%20Howto%20-%20BSides%20Austin. HTTP/1.0" 404 284 "http://www.secrepo.com/" "Mozilla/5.0 (Windows NT 6.1; WOW64) AppleWebKit/537.36 (KHTML, like Gecko) Chrome/36.0.1985.125 Safari/537.36" 
138.128.228.30 - - [20/Jun/2017:20:37:45 -0700] "GET / HTTP/1.0" 200 10757 "http://www.secrepo.com" "Mozilla/5.0 (Windows NT 6.1; WOW64) AppleWebKit/537.36 (KHTML, like Gecko) Chrome/36.0.1985.125 Safari/537.36" 
51.255.65.80 - - [20/Jun/2017:20:39:21 -0700] "GET /self.logs/error.log.2016-03-19.gz HTTP/1.1" 200 490 "-" "Mozilla/5.0 (compatible; AhrefsBot/5.2; +http://ahrefs.com/robot/)" 
73.71.199.5 - - [20/Jun/2017:20:41:52 -0700] "GET / HTTP/1.1" 200 10794 "https://www.google.com/" "Mozilla/5.0 (Macintosh; Intel Mac OS X 10_12_3) AppleWebKit/537.36 (KHTML, like Gecko) Chrome/58.0.3029.110 Safari/537.36" 
73.71.199.5 - - [20/Jun/2017:20:41:52 -0700] "GET /GitHub-Mark.png HTTP/1.1" 200 7428 "http://www.secrepo.com/" "Mozilla/5.0 (Macintosh; Intel Mac OS X 10_12_3) AppleWebKit/537.36 (KHTML, like Gecko) Chrome/58.0.3029.110 Safari/537.36" 
73.71.199.5 - - [20/Jun/2017:20:41:52 -0700] "GET /twitter-icon.png HTTP/1.1" 200 27787 "http://www.secrepo.com/" "Mozilla/5.0 (Macintosh; Intel Mac OS X 10_12_3) AppleWebKit/537.36 (KHTML, like Gecko) Chrome/58.0.3029.110 Safari/537.36" 
73.71.199.5 - - [20/Jun/2017:20:41:53 -0700] "GET /bootstrap/img/favicon.ico HTTP/1.1" 200 589 "http://www.secrepo.com/" "Mozilla/5.0 (Macintosh; Intel Mac OS X 10_12_3) AppleWebKit/537.36 (KHTML, like Gecko) Chrome/58.0.3029.110 Safari/537.36" 
69.250.65.17 - - [20/Jun/2017:20:44:12 -0700] "GET / HTTP/1.1" 301 483 "-" "Mozilla/5.0 (Windows NT 10.0; Win64; x64) AppleWebKit/537.36 (KHTML, like Gecko) Chrome/51.0.2704.79 Safari/537.36 Edge/14.14393" 
69.250.65.17 - - [20/Jun/2017:20:44:12 -0700] "GET / HTTP/1.1" 200 10794 "-" "Mozilla/5.0 (Windows NT 10.0; Win64; x64) AppleWebKit/537.36 (KHTML, like Gecko) Chrome/51.0.2704.79 Safari/537.36 Edge/14.14393" 
69.250.65.17 - - [20/Jun/2017:20:44:13 -0700] "GET /twitter-icon.png HTTP/1.1" 200 27787 "http://www.secrepo.com/" "Mozilla/5.0 (Windows NT 10.0; Win64; x64) AppleWebKit/537.36 (KHTML, like Gecko) Chrome/51.0.2704.79 Safari/537.36 Edge/14.14393" 
69.250.65.17 - - [20/Jun/2017:20:44:13 -0700] "GET /GitHub-Mark.png HTTP/1.1" 200 7428 "http://www.secrepo.com/" "Mozilla/5.0 (Windows NT 10.0; Win64; x64) AppleWebKit/537.36 (KHTML, like Gecko) Chrome/51.0.2704.79 Safari/537.36 Edge/14.14393" 
69.250.65.17 - - [20/Jun/2017:20:44:14 -0700] "GET /bootstrap/img/favicon.ico HTTP/1.1" 200 590 "-" "Mozilla/5.0 (Windows NT 10.0; Win64; x64) AppleWebKit/537.36 (KHTML, like Gecko) Chrome/51.0.2704.79 Safari/537.36 Edge/14.14393" 
113.251.175.59 - - [20/Jun/2017:20:52:40 -0700] "GET / HTTP/1.1" 304 189 "-" "Mozilla/5.0 (Windows NT 10.0; Win64; x64; rv:54.0) Gecko/20100101 Firefox/54.0" 
113.251.175.59 - - [20/Jun/2017:20:52:41 -0700] "GET /twitter-icon.png HTTP/1.1" 304 165 "http://www.secrepo.com/" "Mozilla/5.0 (Windows NT 10.0; Win64; x64; rv:54.0) Gecko/20100101 Firefox/54.0" 
113.251.175.59 - - [20/Jun/2017:20:52:42 -0700] "GET /GitHub-Mark.png HTTP/1.1" 304 165 "http://www.secrepo.com/" "Mozilla/5.0 (Windows NT 10.0; Win64; x64; rv:54.0) Gecko/20100101 Firefox/54.0" 
113.251.175.59 - - [20/Jun/2017:20:56:12 -0700] "GET /data HTTP/1.1" 404 340 "http://www.secrepo.com/" "Mozilla/5.0 (Windows NT 10.0; Win64; x64; rv:54.0) Gecko/20100101 Firefox/54.0" 
113.251.175.59 - - [20/Jun/2017:20:56:23 -0700] "GET /data HTTP/1.1" 404 340 "http://www.secrepo.com/" "Mozilla/5.0 (Windows NT 10.0; Win64; x64; rv:54.0) Gecko/20100101 Firefox/54.0" 
157.49.7.81 - - [20/Jun/2017:21:01:19 -0700] "GET / HTTP/1.1" 200 10794 "https://www.google.co.in/" "Mozilla/5.0 (Linux; Android 6.0.1; ONE A2003 Build/MMB29M) AppleWebKit/537.36 (KHTML, like Gecko) Chrome/57.0.2987.132 Mobile Safari/537.36" 
157.49.7.81 - - [20/Jun/2017:21:01:21 -0700] "GET /twitter-icon.png HTTP/1.1" 200 27787 "http://www.secrepo.com/" "Mozilla/5.0 (Linux; Android 6.0.1; ONE A2003 Build/MMB29M) AppleWebKit/537.36 (KHTML, like Gecko) Chrome/57.0.2987.132 Mobile Safari/537.36" 
157.49.7.81 - - [20/Jun/2017:21:01:21 -0700] "GET /GitHub-Mark.png HTTP/1.1" 200 7428 "http://www.secrepo.com/" "Mozilla/5.0 (Linux; Android 6.0.1; ONE A2003 Build/MMB29M) AppleWebKit/537.36 (KHTML, like Gecko) Chrome/57.0.2987.132 Mobile Safari/537.36" 
157.49.7.81 - - [20/Jun/2017:21:01:22 -0700] "GET /bootstrap/img/favicon.ico HTTP/1.1" 200 589 "http://www.secrepo.com/" "Mozilla/5.0 (Linux; Android 6.0.1; ONE A2003 Build/MMB29M) AppleWebKit/537.36 (KHTML, like Gecko) Chrome/57.0.2987.132 Mobile Safari/537.36" 
76.67.150.169 - - [20/Jun/2017:21:03:14 -0700] "GET /maccdc2012/signatures.log.gz HTTP/1.1" 200 605 "http://www.secrepo.com/" "Mozilla/5.0 (Windows NT 10.0; WOW64; rv:53.0) Gecko/20100101 Firefox/53.0" 
175.100.130.249 - - [20/Jun/2017:21:04:41 -0700] "GET /wp-login.php HTTP/1.1" 301 522 "-" "Mozilla/5.0 (Windows NT 6.1; WOW64; rv:40.0) Gecko/20100101 Firefox/40.1" 
175.100.130.249 - - [20/Jun/2017:21:04:41 -0700] "GET /wp-login.php HTTP/1.1" 404 295 "-" "Mozilla/5.0 (Windows NT 6.1; WOW64; rv:40.0) Gecko/20100101 Firefox/40.1" 
175.100.130.249 - - [20/Jun/2017:21:04:47 -0700] "GET /wp-login.php HTTP/1.1" 301 522 "-" "Mozilla/5.0 (Windows NT 6.1; WOW64; rv:40.0) Gecko/20100101 Firefox/40.1" 
175.100.130.249 - - [20/Jun/2017:21:04:47 -0700] "GET /wp-login.php HTTP/1.1" 404 295 "-" "Mozilla/5.0 (Windows NT 6.1; WOW64; rv:40.0) Gecko/20100101 Firefox/40.1" 
175.100.130.249 - - [20/Jun/2017:21:04:53 -0700] "GET / HTTP/1.1" 301 498 "-" "Mozilla/5.0 (Windows NT 6.1; WOW64; rv:40.0) Gecko/20100101 Firefox/40.1" 
175.100.130.249 - - [20/Jun/2017:21:04:53 -0700] "GET / HTTP/1.1" 200 36476 "-" "Mozilla/5.0 (Windows NT 6.1; WOW64; rv:40.0) Gecko/20100101 Firefox/40.1" 
76.67.150.169 - - [20/Jun/2017:21:05:10 -0700] "GET /maccdc2012/conn.log.gz HTTP/1.1" 200 14907415 "http://www.secrepo.com/" "Mozilla/5.0 (Windows NT 10.0; WOW64; rv:53.0) Gecko/20100101 Firefox/53.0" 
76.67.150.169 - - [20/Jun/2017:21:05:36 -0700] "GET /maccdc2012/dhcp.log.gz HTTP/1.1" 200 45019 "http://www.secrepo.com/" "Mozilla/5.0 (Windows NT 10.0; WOW64; rv:53.0) Gecko/20100101 Firefox/53.0" 
76.67.150.169 - - [20/Jun/2017:21:05:37 -0700] "GET /favicon.ico HTTP/1.1" 200 267 "-" "Mozilla/5.0 (Windows NT 10.0; WOW64; rv:53.0) Gecko/20100101 Firefox/53.0" 
69.250.65.17 - - [20/Jun/2017:21:09:36 -0700] "GET / HTTP/1.1" 200 10794 "https://l.facebook.com/" "Mozilla/5.0 (Windows NT 10.0; Win64; x64) AppleWebKit/537.36 (KHTML, like Gecko) Chrome/59.0.3071.104 Safari/537.36" 
69.250.65.17 - - [20/Jun/2017:21:09:37 -0700] "GET /twitter-icon.png HTTP/1.1" 200 27788 "http://www.secrepo.com/" "Mozilla/5.0 (Windows NT 10.0; Win64; x64) AppleWebKit/537.36 (KHTML, like Gecko) Chrome/59.0.3071.104 Safari/537.36" 
69.250.65.17 - - [20/Jun/2017:21:09:37 -0700] "GET /GitHub-Mark.png HTTP/1.1" 200 7428 "http://www.secrepo.com/" "Mozilla/5.0 (Windows NT 10.0; Win64; x64) AppleWebKit/537.36 (KHTML, like Gecko) Chrome/59.0.3071.104 Safari/537.36" 
69.250.65.17 - - [20/Jun/2017:21:09:39 -0700] "GET /bootstrap/img/favicon.ico HTTP/1.1" 200 590 "http://www.secrepo.com/" "Mozilla/5.0 (Windows NT 10.0; Win64; x64) AppleWebKit/537.36 (KHTML, like Gecko) Chrome/59.0.3071.104 Safari/537.36" 
76.67.150.169 - - [20/Jun/2017:21:08:15 -0700] "GET /maccdc2012/conn.log.gz HTTP/1.1" 200 177710011 "http://www.secrepo.com/" "Mozilla/5.0 (Windows NT 10.0; WOW64; rv:53.0) Gecko/20100101 Firefox/53.0" 
113.251.175.59 - - [20/Jun/2017:21:13:38 -0700] "GET /data HTTP/1.1" 404 340 "http://www.secrepo.com/" "Mozilla/5.0 (Windows NT 10.0; Win64; x64; rv:54.0) Gecko/20100101 Firefox/54.0" 
76.14.86.105 - - [20/Jun/2017:21:17:53 -0700] "GET /GitHub-Mark.png HTTP/1.1" 200 7428 "http://www.secrepo.com/" "Mozilla/5.0 (Macintosh; Intel Mac OS X 10_12_5) AppleWebKit/603.2.4 (KHTML, like Gecko) Version/10.1.1 Safari/603.2.4" 
76.14.86.105 - - [20/Jun/2017:21:17:53 -0700] "GET /twitter-icon.png HTTP/1.1" 200 27788 "http://www.secrepo.com/" "Mozilla/5.0 (Macintosh; Intel Mac OS X 10_12_5) AppleWebKit/603.2.4 (KHTML, like Gecko) Version/10.1.1 Safari/603.2.4" 
76.14.86.105 - - [20/Jun/2017:21:17:53 -0700] "GET /bootstrap/img/favicon.ico HTTP/1.1" 200 590 "http://www.secrepo.com/" "Mozilla/5.0 (Macintosh; Intel Mac OS X 10_12_5) AppleWebKit/603.2.4 (KHTML, like Gecko) Version/10.1.1 Safari/603.2.4" 
118.68.252.245 - - [20/Jun/2017:21:22:32 -0700] "GET / HTTP/1.1" 304 189 "-" "Mozilla/5.0 (X11; Ubuntu; Linux x86_64; rv:54.0) Gecko/20100101 Firefox/54.0" 
118.68.252.245 - - [20/Jun/2017:21:22:33 -0700] "GET /twitter-icon.png HTTP/1.1" 200 27787 "http://www.secrepo.com/" "Mozilla/5.0 (X11; Ubuntu; Linux x86_64; rv:54.0) Gecko/20100101 Firefox/54.0" 
118.68.252.245 - - [20/Jun/2017:21:22:33 -0700] "GET /GitHub-Mark.png HTTP/1.1" 200 7428 "http://www.secrepo.com/" "Mozilla/5.0 (X11; Ubuntu; Linux x86_64; rv:54.0) Gecko/20100101 Firefox/54.0" 
157.55.39.16 - - [20/Jun/2017:21:23:39 -0700] "GET / HTTP/1.1" 200 10794 "-" "Mozilla/5.0 (compatible; bingbot/2.0; +http://www.bing.com/bingbot.htm)" 
217.182.132.28 - - [20/Jun/2017:21:27:47 -0700] "GET /self.logs/access.log.2016-12-18.gz HTTP/1.1" 200 10035 "-" "Mozilla/5.0 (compatible; AhrefsBot/5.2; +http://ahrefs.com/robot/)" 
196.52.43.51 - - [20/Jun/2017:21:31:52 -0700] "GET / HTTP/1.1" 301 442 "-" "-" 
192.95.44.155 - - [20/Jun/2017:21:32:11 -0700] "GET /honeypot/Honeypot%20-%20Howto%20-%20BSides%20Austin.pdf HTTP/1.1" 200 2928460 "http://www.secrepo.com/" "Mozilla/5.0 (Windows NT 6.1; WOW64) AppleWebKit/537.36 (KHTML, like Gecko) Chrome/34.0.1847.116 Safari/537.36" 
151.80.39.150 - - [20/Jun/2017:21:37:40 -0700] "GET /robots.txt HTTP/1.1" 200 304 "-" "Mozilla/5.0 (compatible; AhrefsBot/5.2; +http://ahrefs.com/robot/)" 
51.255.65.51 - - [20/Jun/2017:21:37:40 -0700] "GET /self.logs/error.log.2017-02-14.gz HTTP/1.1" 200 1604 "-" "Mozilla/5.0 (compatible; AhrefsBot/5.2; +http://ahrefs.com/robot/)" 
217.61.123.233 - - [20/Jun/2017:21:40:44 -0700] "GET /honeypot/Honeypot%20-%20Howto.pdf HTTP/1.1" 200 1279418 "http://www.secrepo.com/" "Mozilla/5.0 (Windows NT 6.1; WOW64) AppleWebKit/537.36 (KHTML, like Gecko) Chrome/36.0.1985.125 Safari/537.36" 
141.8.143.143 - - [20/Jun/2017:21:42:24 -0700] "GET /robots.txt HTTP/1.1" 200 289 "-" "Mozilla/5.0 (compatible; YandexBot/3.0; +http://yandex.com/bots)" 
141.8.143.139 - - [20/Jun/2017:21:42:28 -0700] "GET /honeypot/BSidesDFW%20-%202014.ipynb HTTP/1.1" 200 930836 "-" "Mozilla/5.0 (compatible; YandexBot/3.0; +http://yandex.com/bots)" 
113.251.175.59 - - [20/Jun/2017:21:43:36 -0700] "GET / HTTP/1.1" 301 483 "http://www.secrepo.com/" "Mozilla/5.0 (Windows NT 10.0; Win64; x64; rv:54.0) Gecko/20100101 Firefox/54.0" 
217.10.204.238 - - [20/Jun/2017:21:44:11 -0700] "GET /honeypot/Honeypot%20-%20Howto.pdf HTTP/1.1" 200 1279418 "http://www.secrepo.com/" "Mozilla/5.0 (Windows NT 6.1; WOW64) AppleWebKit/537.36 (KHTML, like Gecko) Chrome/36.0.1985.125 Safari/537.36" 
84.201.133.53 - - [20/Jun/2017:21:49:58 -0700] "GET /self.logs/?C=S;O=A HTTP/1.1" 200 20302 "-" "Mozilla/5.0 (compatible; YandexBot/3.0; +http://yandex.com/bots)" 
115.164.86.222 - - [20/Jun/2017:21:54:50 -0700] "GET / HTTP/1.1" 200 10794 "http://www.kdnuggets.com/2017/01/machine-learning-cyber-security.html" "Mozilla/5.0 (iPhone; CPU iPhone OS 10_3_2 like Mac OS X) AppleWebKit/603.2.4 (KHTML, like Gecko) Mobile/14F89 [FBAN/FBIOS;FBAV/97.0.0.43.68;FBBV/61443128;FBDV/iPhone8,1;FBMD/iPhone;FBSN/iOS;FBSV/10.3.2;FBSS/2;FBCR/Digi;FBID/phone;FBLC/en_US;FBOP/5;FBRV/0]" 
115.164.86.222 - - [20/Jun/2017:21:54:51 -0700] "GET /twitter-icon.png HTTP/1.1" 200 27787 "http://www.secrepo.com/" "Mozilla/5.0 (iPhone; CPU iPhone OS 10_3_2 like Mac OS X) AppleWebKit/603.2.4 (KHTML, like Gecko) Mobile/14F89 [FBAN/FBIOS;FBAV/97.0.0.43.68;FBBV/61443128;FBDV/iPhone8,1;FBMD/iPhone;FBSN/iOS;FBSV/10.3.2;FBSS/2;FBCR/Digi;FBID/phone;FBLC/en_US;FBOP/5;FBRV/0]" 
115.164.86.222 - - [20/Jun/2017:21:54:51 -0700] "GET /GitHub-Mark.png HTTP/1.1" 200 7428 "http://www.secrepo.com/" "Mozilla/5.0 (iPhone; CPU iPhone OS 10_3_2 like Mac OS X) AppleWebKit/603.2.4 (KHTML, like Gecko) Mobile/14F89 [FBAN/FBIOS;FBAV/97.0.0.43.68;FBBV/61443128;FBDV/iPhone8,1;FBMD/iPhone;FBSN/iOS;FBSV/10.3.2;FBSS/2;FBCR/Digi;FBID/phone;FBLC/en_US;FBOP/5;FBRV/0]" 
113.251.175.59 - - [20/Jun/2017:21:55:04 -0700] "GET /maccdc2012/ftp.log.gz HTTP/1.1" 200 97720 "http://www.secrepo.com/" "Mozilla/5.0 (Windows NT 10.0; Win64; x64; rv:54.0) Gecko/20100101 Firefox/54.0" 
113.251.175.59 - - [20/Jun/2017:21:42:04 -0700] "GET /maccdc2012/dns.log.gz HTTP/1.1" 200 6629420 "http://www.secrepo.com/" "Mozilla/5.0 (Windows NT 10.0; Win64; x64; rv:54.0) Gecko/20100101 Firefox/54.0" 
113.251.175.59 - - [20/Jun/2017:21:55:07 -0700] "GET /maccdc2012/http.log.gz HTTP/1.1" 200 54258816 "http://www.secrepo.com/" "Mozilla/5.0 (Windows NT 10.0; Win64; x64; rv:54.0) Gecko/20100101 Firefox/54.0" 
217.182.132.152 - - [20/Jun/2017:22:03:00 -0700] "GET /self.logs/access.log.2015-09-21.gz HTTP/1.1" 200 5468 "-" "Mozilla/5.0 (compatible; AhrefsBot/5.2; +http://ahrefs.com/robot/)" 
84.201.133.53 - - [20/Jun/2017:22:06:20 -0700] "GET /self.logs/?C=S;O=D HTTP/1.1" 200 20295 "-" "Mozilla/5.0 (compatible; YandexBot/3.0; +http://yandex.com/bots)" 
5.255.91.213 - - [20/Jun/2017:22:06:23 -0700] "GET /honeypot/Honeypot%20-%20Howto%20-%20BSides%20Austin.pdf HTTP/1.0" 200 2220660 "http://www.secrepo.com/" "Mozilla/5.0 (Windows NT 6.1; WOW64) AppleWebKit/537.36 (KHTML, like Gecko) Chrome/36.0.1985.125 Safari/537.36" 
51.255.65.28 - - [20/Jun/2017:22:08:55 -0700] "GET /self.logs/error.log.2016-06-13.gz HTTP/1.1" 200 1188 "-" "Mozilla/5.0 (compatible; AhrefsBot/5.2; +http://ahrefs.com/robot/)" 
179.210.183.39 - - [20/Jun/2017:22:10:17 -0700] "GET /honeypot/Honeypot%20-%20Howto.pdf HTTP/1.1" 200 1279418 "http://www.secrepo.com/" "Mozilla/5.0 (Windows NT 6.1; WOW64) AppleWebKit/537.36 (KHTML, like Gecko) Chrome/36.0.1985.125 Safari/537.36" 
157.55.39.248 - - [20/Jun/2017:22:11:24 -0700] "GET /self.logs/access.log.2015-11-21.gz HTTP/1.1" 200 5416 "-" "Mozilla/5.0 (compatible; bingbot/2.0; +http://www.bing.com/bingbot.htm)" 
191.248.196.28 - - [20/Jun/2017:22:13:00 -0700] "GET /wp-login.php HTTP/1.1" 404 295 "-" "Mozilla/5.0 (Windows NT 6.1; WOW64; rv:40.0) Gecko/20100101 Firefox/40.1" 
191.248.196.28 - - [20/Jun/2017:22:13:05 -0700] "GET /wp-login.php HTTP/1.1" 404 295 "-" "Mozilla/5.0 (Windows NT 6.1; WOW64; rv:40.0) Gecko/20100101 Firefox/40.1" 
191.248.196.28 - - [20/Jun/2017:22:13:10 -0700] "GET / HTTP/1.1" 200 36476 "-" "Mozilla/5.0 (Windows NT 6.1; WOW64; rv:40.0) Gecko/20100101 Firefox/40.1" 
5.255.91.213 - - [20/Jun/2017:22:14:12 -0700] "GET /honeypot/Honeypot%20-%20Howto.pdf HTTP/1.0" 200 1279381 "http://www.secrepo.com/" "Mozilla/5.0 (Windows NT 6.1; WOW64) AppleWebKit/537.36 (KHTML, like Gecko) Chrome/36.0.1985.125 Safari/537.36" 
62.212.73.211 - - [20/Jun/2017:22:15:06 -0700] "GET /robots.txt HTTP/1.1" 200 289 "-" "Mozilla/5.0 (compatible; MJ12bot/v1.4.8; http://mj12bot.com/)" 
62.212.73.211 - - [20/Jun/2017:22:15:07 -0700] "GET / HTTP/1.1" 200 36420 "-" "Mozilla/5.0 (compatible; MJ12bot/v1.4.8; http://mj12bot.com/)" 
177.184.53.208 - - [20/Jun/2017:22:23:37 -0700] "GET /wp-login.php HTTP/1.1" 404 295 "-" "Mozilla/5.0 (Windows NT 6.1; WOW64; rv:40.0) Gecko/20100101 Firefox/40.1" 
177.184.53.208 - - [20/Jun/2017:22:23:42 -0700] "GET /wp-login.php HTTP/1.1" 404 295 "-" "Mozilla/5.0 (Windows NT 6.1; WOW64; rv:40.0) Gecko/20100101 Firefox/40.1" 
177.184.53.208 - - [20/Jun/2017:22:23:48 -0700] "GET / HTTP/1.1" 200 36476 "-" "Mozilla/5.0 (Windows NT 6.1; WOW64; rv:40.0) Gecko/20100101 Firefox/40.1" 
192.187.100.154 - - [20/Jun/2017:22:25:00 -0700] "GET /honeypot/Honeypot%20-%20Howto.pdf HTTP/1.1" 200 1279418 "http://www.secrepo.com/" "Mozilla/5.0 (Windows NT 6.1; WOW64) AppleWebKit/537.36 (KHTML, like Gecko) Chrome/34.0.1847.116 Safari/537.36" 
177.184.53.208 - - [20/Jun/2017:22:27:40 -0700] "GET /wp-login.php HTTP/1.1" 301 522 "-" "Mozilla/5.0 (Windows NT 6.1; WOW64; rv:40.0) Gecko/20100101 Firefox/40.1" 
177.184.53.208 - - [20/Jun/2017:22:27:41 -0700] "GET /wp-login.php HTTP/1.1" 404 295 "-" "Mozilla/5.0 (Windows NT 6.1; WOW64; rv:40.0) Gecko/20100101 Firefox/40.1" 
177.184.53.208 - - [20/Jun/2017:22:27:46 -0700] "GET /wp-login.php HTTP/1.1" 301 522 "-" "Mozilla/5.0 (Windows NT 6.1; WOW64; rv:40.0) Gecko/20100101 Firefox/40.1" 
177.184.53.208 - - [20/Jun/2017:22:27:46 -0700] "GET /wp-login.php HTTP/1.1" 404 295 "-" "Mozilla/5.0 (Windows NT 6.1; WOW64; rv:40.0) Gecko/20100101 Firefox/40.1" 
177.184.53.208 - - [20/Jun/2017:22:27:52 -0700] "GET / HTTP/1.1" 301 498 "-" "Mozilla/5.0 (Windows NT 6.1; WOW64; rv:40.0) Gecko/20100101 Firefox/40.1" 
177.184.53.208 - - [20/Jun/2017:22:27:52 -0700] "GET / HTTP/1.1" 200 36476 "-" "Mozilla/5.0 (Windows NT 6.1; WOW64; rv:40.0) Gecko/20100101 Firefox/40.1" 
217.182.132.51 - - [20/Jun/2017:22:35:13 -0700] "GET /self.logs/access.log.2017-06-03.gz HTTP/1.1" 200 12838 "-" "Mozilla/5.0 (compatible; AhrefsBot/5.2; +http://ahrefs.com/robot/)" 
114.255.40.48 - - [20/Jun/2017:22:35:49 -0700] "GET / HTTP/1.1" 304 189 "-" "Mozilla/5.0 (Windows NT 10.0; Win64; x64) AppleWebKit/537.36 (KHTML, like Gecko) Chrome/59.0.3071.109 Safari/537.36" 
104.192.108.9 - - [20/Jun/2017:22:43:27 -0700] "GET / HTTP/1.1" 200 10794 "-" "Mozilla/5.0 (Windows NT 6.1; WOW64) AppleWebKit/537.36 (KHTML, like Gecko) Chrome/60.0.3100.0 Safari/537.36" 
104.192.108.9 - - [20/Jun/2017:22:43:28 -0700] "GET /twitter-icon.png HTTP/1.1" 200 27787 "http://www.secrepo.com/" "Mozilla/5.0 (Windows NT 6.1; WOW64) AppleWebKit/537.36 (KHTML, like Gecko) Chrome/60.0.3100.0 Safari/537.36" 
104.192.108.9 - - [20/Jun/2017:22:43:28 -0700] "GET /GitHub-Mark.png HTTP/1.1" 200 7427 "http://www.secrepo.com/" "Mozilla/5.0 (Windows NT 6.1; WOW64) AppleWebKit/537.36 (KHTML, like Gecko) Chrome/60.0.3100.0 Safari/537.36" 
104.192.108.10 - - [20/Jun/2017:22:43:31 -0700] "GET /bootstrap/img/favicon.ico HTTP/1.1" 200 590 "http://www.secrepo.com/" "Mozilla/5.0 (Windows NT 6.1; WOW64) AppleWebKit/537.36 (KHTML, like Gecko) Chrome/60.0.3100.0 Safari/537.36" 
192.193.66.128 - - [20/Jun/2017:22:48:02 -0700] "GET / HTTP/1.1" 200 10794 "http://www.kdnuggets.com/2017/01/machine-learning-cyber-security.html" "Mozilla/5.0 (Macintosh; Intel Mac OS X 10_12_5) AppleWebKit/537.36 (KHTML, like Gecko) Chrome/58.0.3029.110 Safari/537.36" 
192.193.66.128 - - [20/Jun/2017:22:48:06 -0700] "GET /twitter-icon.png HTTP/1.1" 200 27788 "http://www.secrepo.com/" "Mozilla/5.0 (Macintosh; Intel Mac OS X 10_12_5) AppleWebKit/537.36 (KHTML, like Gecko) Chrome/58.0.3029.110 Safari/537.36" 
192.193.66.128 - - [20/Jun/2017:22:48:06 -0700] "GET /GitHub-Mark.png HTTP/1.1" 200 7428 "http://www.secrepo.com/" "Mozilla/5.0 (Macintosh; Intel Mac OS X 10_12_5) AppleWebKit/537.36 (KHTML, like Gecko) Chrome/58.0.3029.110 Safari/537.36" 
192.193.66.128 - - [20/Jun/2017:22:48:08 -0700] "GET /bootstrap/img/favicon.ico HTTP/1.1" 200 589 "http://www.secrepo.com/" "Mozilla/5.0 (Macintosh; Intel Mac OS X 10_12_5) AppleWebKit/537.36 (KHTML, like Gecko) Chrome/58.0.3029.110 Safari/537.36" 
192.193.66.133 - - [20/Jun/2017:22:48:30 -0700] "GET / HTTP/1.1" 206 10843 "-" "WhatsApp/2.17.31/i" 
192.193.66.133 - - [20/Jun/2017:22:48:31 -0700] "GET /bootstrap/img/favicon.ico HTTP/1.1" 206 635 "-" "WhatsApp/2.17.31/i" 
192.193.66.128 - - [20/Jun/2017:22:50:44 -0700] "GET /honeypot/BSidesDFW%20-%202014.ipynb HTTP/1.1" 200 493920 "http://www.secrepo.com/" "Mozilla/5.0 (Macintosh; Intel Mac OS X 10_12_5) AppleWebKit/537.36 (KHTML, like Gecko) Chrome/58.0.3029.110 Safari/537.36" 
217.182.132.178 - - [20/Jun/2017:22:51:33 -0700] "GET /self.logs/error.log.2016-02-29.gz HTTP/1.1" 200 621 "-" "Mozilla/5.0 (compatible; AhrefsBot/5.2; +http://ahrefs.com/robot/)" 
192.193.66.128 - - [20/Jun/2017:22:51:43 -0700] "GET /favicon.ico HTTP/1.1" 200 268 "http://www.secrepo.com/honeypot/Honeypot%20-%20Howto%20-%20BSides%20Austin.pdf" "Mozilla/5.0 (Macintosh; Intel Mac OS X 10_12_5) AppleWebKit/537.36 (KHTML, like Gecko) Chrome/58.0.3029.110 Safari/537.36" 
192.193.66.128 - - [20/Jun/2017:22:51:42 -0700] "GET /honeypot/Honeypot%20-%20Howto%20-%20BSides%20Austin.pdf HTTP/1.1" 200 76860 "http://www.secrepo.com/" "Mozilla/5.0 (Macintosh; Intel Mac OS X 10_12_5) AppleWebKit/537.36 (KHTML, like Gecko) Chrome/58.0.3029.110 Safari/537.36" 
170.248.47.15 - - [20/Jun/2017:22:53:02 -0700] "GET /GitHub-Mark.png HTTP/1.1" 206 319 "http://www.secrepo.com/" "Mozilla/5.0 (Windows NT 10.0; WOW64) AppleWebKit/537.36 (KHTML, like Gecko) Chrome/58.0.3029.110 Safari/537.36" 
170.248.47.15 - - [20/Jun/2017:22:53:02 -0700] "GET /GitHub-Mark.png HTTP/1.1" 206 3608 "http://www.secrepo.com/" "Mozilla/5.0 (Windows NT 10.0; WOW64) AppleWebKit/537.36 (KHTML, like Gecko) Chrome/58.0.3029.110 Safari/537.36" 
192.193.66.128 - - [20/Jun/2017:22:51:43 -0700] "GET /honeypot/Honeypot%20-%20Howto%20-%20BSides%20Austin.pdf HTTP/1.1" 206 2912418 "http://www.secrepo.com/honeypot/Honeypot%20-%20Howto%20-%20BSides%20Austin.pdf" "Mozilla/5.0 (Macintosh; Intel Mac OS X 10_12_5) AppleWebKit/537.36 (KHTML, like Gecko) Chrome/58.0.3029.110 Safari/537.36" 
192.193.160.9 - - [20/Jun/2017:22:56:09 -0700] "GET / HTTP/1.1" 200 10794 "-" "Mozilla/5.0 (Windows NT 6.1; WOW64) AppleWebKit/537.36 (KHTML, like Gecko) Chrome/58.0.3029.81 Safari/537.36" 
192.193.160.9 - - [20/Jun/2017:22:56:10 -0700] "GET /twitter-icon.png HTTP/1.1" 200 27787 "http://www.secrepo.com/" "Mozilla/5.0 (Windows NT 6.1; WOW64) AppleWebKit/537.36 (KHTML, like Gecko) Chrome/58.0.3029.81 Safari/537.36" 
192.193.160.9 - - [20/Jun/2017:22:56:10 -0700] "GET /GitHub-Mark.png HTTP/1.1" 200 7428 "http://www.secrepo.com/" "Mozilla/5.0 (Windows NT 6.1; WOW64) AppleWebKit/537.36 (KHTML, like Gecko) Chrome/58.0.3029.81 Safari/537.36" 
192.193.160.9 - - [20/Jun/2017:22:56:11 -0700] "GET /bootstrap/img/favicon.ico HTTP/1.1" 200 589 "http://www.secrepo.com/" "Mozilla/5.0 (Windows NT 6.1; WOW64) AppleWebKit/537.36 (KHTML, like Gecko) Chrome/58.0.3029.81 Safari/537.36" 
217.182.132.171 - - [20/Jun/2017:23:03:13 -0700] "GET /self.logs/error.log.2017-06-15.gz HTTP/1.1" 200 945 "-" "Mozilla/5.0 (compatible; AhrefsBot/5.2; +http://ahrefs.com/robot/)" 
164.132.161.83 - - [20/Jun/2017:23:08:47 -0700] "GET /self.logs/error.log.2015-03-18.gz HTTP/1.1" 200 2315 "-" "Mozilla/5.0 (compatible; AhrefsBot/5.2; +http://ahrefs.com/robot/)" 
113.130.125.162 - - [20/Jun/2017:23:16:27 -0700] "GET /honeypot/Honeypot%20-%20Howto.pdf HTTP/1.1" 200 1279418 "http://www.secrepo.com/" "Mozilla/5.0 (Windows NT 6.1; WOW64) AppleWebKit/537.36 (KHTML, like Gecko) Chrome/36.0.1985.125 Safari/537.36" 
221.116.10.147 - - [20/Jun/2017:23:17:20 -0700] "GET / HTTP/1.1" 200 10794 "https://www.google.co.jp/" "Mozilla/5.0 (X11; Linux x86_64; rv:52.0) Gecko/20100101 Firefox/52.0" 
221.116.10.147 - - [20/Jun/2017:23:17:21 -0700] "GET /bootstrap/img/favicon.ico HTTP/1.1" 200 589 "-" "Mozilla/5.0 (X11; Linux x86_64; rv:52.0) Gecko/20100101 Firefox/52.0" 
221.116.10.147 - - [20/Jun/2017:23:17:21 -0700] "GET /twitter-icon.png HTTP/1.1" 200 27787 "http://www.secrepo.com/" "Mozilla/5.0 (X11; Linux x86_64; rv:52.0) Gecko/20100101 Firefox/52.0" 
221.116.10.147 - - [20/Jun/2017:23:17:21 -0700] "GET /GitHub-Mark.png HTTP/1.1" 200 7428 "http://www.secrepo.com/" "Mozilla/5.0 (X11; Linux x86_64; rv:52.0) Gecko/20100101 Firefox/52.0" 
221.116.10.147 - - [20/Jun/2017:23:17:31 -0700] "GET /maccdc2012/http.log.gz HTTP/1.1" 200 54258816 "http://www.secrepo.com/" "Mozilla/5.0 (X11; Linux x86_64; rv:52.0) Gecko/20100101 Firefox/52.0" 
45.55.128.239 - - [20/Jun/2017:23:28:33 -0700] "GET / HTTP/1.1" 301 483 "http://secrepo.com" "Mozilla/5.0 (Windows NT 6.1; WOW64; rv:29.0) Gecko/20100101 Firefox/29.0" 
45.55.128.239 - - [20/Jun/2017:23:28:33 -0700] "GET / HTTP/1.1" 200 10794 "http://secrepo.com/" "Mozilla/5.0 (Windows NT 6.1; WOW64; rv:29.0) Gecko/20100101 Firefox/29.0" 
45.55.128.239 - - [20/Jun/2017:23:28:49 -0700] "GET /robots.txt HTTP/1.1" 200 334 "-" "Mozilla/5.0 (Windows NT 6.1; WOW64; rv:28.0) Gecko/20100101 Firefox/28.0" 
45.55.128.239 - - [20/Jun/2017:23:28:58 -0700] "GET /data HTTP/1.1" 404 340 "http://www.secrepo.com" "Mozilla/5.0 (Macintosh; Intel Mac OS X 10.9; rv:29.0) Gecko/20100101 Firefox/29.0" 
45.55.128.239 - - [20/Jun/2017:23:28:58 -0700] "GET /maccdc2012/dhcp.log.gz HTTP/1.1" 200 45019 "http://www.secrepo.com" "Mozilla/5.0 (Macintosh; Intel Mac OS X 10_9_2) AppleWebKit/537.36 (KHTML, like Gecko) Chrome/34.0.1847.131 Safari/537.36" 
45.55.128.239 - - [20/Jun/2017:23:28:58 -0700] "GET /maccdc2012/notice.log.gz HTTP/1.1" 200 20779 "http://www.secrepo.com" "Mozilla/5.0 (Macintosh; Intel Mac OS X 10.9; rv:29.0) Gecko/20100101 Firefox/29.0" 
45.55.128.239 - - [20/Jun/2017:23:28:58 -0700] "GET /maccdc2012/ssh.log.gz HTTP/1.1" 200 182517 "http://www.secrepo.com" "Mozilla/5.0 (Windows NT 6.1; WOW64; rv:29.0) Gecko/20100101 Firefox/29.0" 
45.55.128.239 - - [20/Jun/2017:23:28:58 -0700] "GET /maccdc2012/ftp.log.gz HTTP/1.1" 200 128116 "http://www.secrepo.com" "Mozilla/5.0 (Windows NT 6.1; WOW64; rv:21.0) Gecko/20100101 Firefox/21.0" 
45.55.128.239 - - [20/Jun/2017:23:28:58 -0700] "GET /self.logs/ HTTP/1.1" 200 18039 "http://www.secrepo.com" "Mozilla/5.0 (Macintosh; Intel Mac OS X 10_9_3) AppleWebKit/537.36 (KHTML, like Gecko) Chrome/35.0.1916.114 Safari/537.36" 
45.55.128.239 - - [20/Jun/2017:23:28:59 -0700] "GET /maccdc2012/signatures.log.gz HTTP/1.1" 200 605 "http://www.secrepo.com" "Mozilla/5.0 (Windows NT 6.1; WOW64; rv:29.0) Gecko/20100101 Firefox/29.0" 
45.55.128.239 - - [20/Jun/2017:23:28:59 -0700] "GET /maccdc2012/smtp.log.gz HTTP/1.1" 200 6908 "http://www.secrepo.com" "Mozilla/5.0 (Macintosh; Intel Mac OS X 10_9_3) AppleWebKit/537.36 (KHTML, like Gecko) Chrome/35.0.1916.114 Safari/537.36" 
45.55.128.239 - - [20/Jun/2017:23:28:59 -0700] "GET / HTTP/1.1" 301 483 "http://secrepo.com" "Mozilla/5.0 (Macintosh; Intel Mac OS X 10.9; rv:29.0) Gecko/20100101 Firefox/29.0" 
45.55.128.239 - - [20/Jun/2017:23:29:00 -0700] "GET /maccdc2012/tunnel.log.gz HTTP/1.1" 200 5229 "http://www.secrepo.com" "Mozilla/5.0 (Windows NT 6.1; WOW64) AppleWebKit/537.36 (KHTML, like Gecko) Chrome/34.0.1847.137 Safari/537.36" 
45.55.128.239 - - [20/Jun/2017:23:28:58 -0700] "GET /maccdc2012/ssl.log.gz HTTP/1.1" 200 1313675 "http://www.secrepo.com" "Mozilla/5.0 (Macintosh; Intel Mac OS X 10_9_2) AppleWebKit/537.75.14 (KHTML, like Gecko) Version/7.0.3 Safari/537.75.14" 
45.55.128.239 - - [20/Jun/2017:23:28:58 -0700] "GET /maccdc2012/weird.log.gz HTTP/1.1" 200 1242777 "http://www.secrepo.com" "Mozilla/5.0 (Windows NT 6.1; rv:28.0) Gecko/20100101 Firefox/28.0" 
45.55.128.239 - - [20/Jun/2017:23:28:58 -0700] "GET /maccdc2012/dns.log.gz HTTP/1.1" 200 6629420 "http://www.secrepo.com" "Mozilla/5.0 (compatible; MSIE 10.0; Windows NT 6.1; WOW64; Trident/6.0)" 
45.55.128.239 - - [20/Jun/2017:23:29:04 -0700] "GET / HTTP/1.1" 200 10794 "http://secrepo.com/" "Mozilla/5.0 (Macintosh; Intel Mac OS X 10.9; rv:29.0) Gecko/20100101 Firefox/29.0" 
45.55.128.239 - - [20/Jun/2017:23:28:58 -0700] "GET /tg/tg_snort_full.7z HTTP/1.1" 200 8847794 "http://www.secrepo.com" "Mozilla/5.0 (Macintosh; Intel Mac OS X 10.9; rv:29.0) Gecko/20100101 Firefox/29.0" 
45.55.128.239 - - [20/Jun/2017:23:29:00 -0700] "GET /tg/tg_snort_fast.7z HTTP/1.1" 200 4274093 "http://www.secrepo.com" "Mozilla/5.0 (Windows NT 6.1; WOW64) AppleWebKit/537.36 (KHTML, like Gecko) Chrome/34.0.1847.137 Safari/537.36" 
45.55.128.239 - - [20/Jun/2017:23:28:58 -0700] "GET /maccdc2012/maccdc2012_fast_alert.7z HTTP/1.1" 200 9478149 "http://www.secrepo.com" "Mozilla/5.0 (Windows NT 6.1; WOW64) AppleWebKit/537.36 (KHTML, like Gecko) Chrome/34.0.1847.131 Safari/537.36" 
45.55.128.239 - - [20/Jun/2017:23:28:58 -0700] "GET /maccdc2012/conn.log.gz HTTP/1.1" 200 23473983 "http://www.secrepo.com" "Mozilla/5.0 (Macintosh; Intel Mac OS X 10_9_2) AppleWebKit/537.36 (KHTML, like Gecko) Chrome/34.0.1847.131 Safari/537.36" 
45.55.128.239 - - [20/Jun/2017:23:28:58 -0700] "GET /maccdc2012/http.log.gz HTTP/1.1" 200 7816014 "http://www.secrepo.com" "Mozilla/5.0 (Windows NT 6.1; WOW64; rv:28.0) Gecko/20100101 Firefox/28.0" 
45.55.128.239 - - [20/Jun/2017:23:29:00 -0700] "GET /maccdc2012/maccdc2012_full_alert.7z HTTP/1.1" 200 22922000 "http://www.secrepo.com" "Mozilla/5.0 (compatible; MSIE 10.0; Windows NT 6.1; WOW64; Trident/6.0)" 
45.55.128.239 - - [20/Jun/2017:23:28:58 -0700] "GET /maccdc2012/files.log.gz HTTP/1.1" 200 9303754 "http://www.secrepo.com" "Mozilla/5.0 (Windows NT 6.1; WOW64; rv:21.0) Gecko/20100101 Firefox/21.0" 
114.255.40.48 - - [20/Jun/2017:23:32:18 -0700] "GET / HTTP/1.1" 304 189 "-" "Mozilla/5.0 (Windows NT 10.0; Win64; x64) AppleWebKit/537.36 (KHTML, like Gecko) Chrome/59.0.3071.109 Safari/537.36" 
120.221.1.28 - - [20/Jun/2017:23:35:07 -0700] "GET /maccdc2012/files.log.gz HTTP/1.1" 304 155 "-" "Mozilla/5.0 Gecko/20100115 Firefox/3.6" 
114.255.40.38 - - [20/Jun/2017:23:35:48 -0700] "GET / HTTP/1.1" 200 36476 "-" "Mozilla/5.0 (Windows NT 6.3; WOW64; Trident/7.0; rv:11.0) like Gecko" 
114.255.40.38 - - [20/Jun/2017:23:35:48 -0700] "GET /twitter-icon.png HTTP/1.1" 200 27787 "http://www.secrepo.com/" "Mozilla/5.0 (Windows NT 6.3; WOW64; Trident/7.0; rv:11.0) like Gecko" 
114.255.40.38 - - [20/Jun/2017:23:35:48 -0700] "GET /GitHub-Mark.png HTTP/1.1" 200 7428 "http://www.secrepo.com/" "Mozilla/5.0 (Windows NT 6.3; WOW64; Trident/7.0; rv:11.0) like Gecko" 
114.255.40.38 - - [20/Jun/2017:23:35:50 -0700] "GET /bootstrap/img/favicon.ico HTTP/1.1" 200 590 "-" "Mozilla/5.0 (Windows NT 6.3; Win64; x64; Trident/7.0; rv:11.0) like Gecko" 
114.255.40.38 - - [20/Jun/2017:23:49:02 -0700] "GET /pe_static/zeus.zip HTTP/1.1" 200 552960 "http://www.secrepo.com/" "Mozilla/5.0 (Windows NT 6.3; WOW64; Trident/7.0; rv:11.0) like Gecko" 
155.69.191.249 - - [20/Jun/2017:23:49:57 -0700] "GET / HTTP/1.1" 200 10794 "https://www.researchgate.net/" "Mozilla/5.0 (Macintosh; Intel Mac OS X 10_12_0) AppleWebKit/537.36 (KHTML, like Gecko) Chrome/58.0.3029.110 Safari/537.36" 
155.69.191.249 - - [20/Jun/2017:23:49:57 -0700] "GET /twitter-icon.png HTTP/1.1" 200 27787 "http://www.secrepo.com/" "Mozilla/5.0 (Macintosh; Intel Mac OS X 10_12_0) AppleWebKit/537.36 (KHTML, like Gecko) Chrome/58.0.3029.110 Safari/537.36" 
155.69.191.249 - - [20/Jun/2017:23:49:57 -0700] "GET /GitHub-Mark.png HTTP/1.1" 200 7428 "http://www.secrepo.com/" "Mozilla/5.0 (Macintosh; Intel Mac OS X 10_12_0) AppleWebKit/537.36 (KHTML, like Gecko) Chrome/58.0.3029.110 Safari/537.36" 
155.69.191.249 - - [20/Jun/2017:23:49:58 -0700] "GET /bootstrap/img/favicon.ico HTTP/1.1" 200 589 "http://www.secrepo.com/" "Mozilla/5.0 (Macintosh; Intel Mac OS X 10_12_0) AppleWebKit/537.36 (KHTML, like Gecko) Chrome/58.0.3029.110 Safari/537.36" 
155.69.191.249 - - [20/Jun/2017:23:52:11 -0700] "GET /tg/a.zip HTTP/1.1" 200 66189337 "-" "Mozilla/5.0 (Macintosh; Intel Mac OS X 10_12_0) AppleWebKit/537.36 (KHTML, like Gecko) Chrome/58.0.3029.110 Safari/537.36" 
52.168.161.70 - - [20/Jun/2017:23:57:01 -0700] "HEAD / HTTP/1.1" 301 253 "https://www.google.com/" "Mozilla/5.0 (compatible; epicbot; +http://www.epictions.com/epicbot)" 
52.168.161.70 - - [20/Jun/2017:23:57:03 -0700] "HEAD / HTTP/1.1" 301 253 "https://www.google.com/" "Mozilla/5.0 (compatible; epicbot; +http://www.epictions.com/epicbot)" 
52.168.161.70 - - [20/Jun/2017:23:57:03 -0700] "HEAD / HTTP/1.1" 301 253 "https://www.google.com/" "Mozilla/5.0 (compatible; epicbot; +http://www.epictions.com/epicbot)" 
52.168.161.70 - - [21/Jun/2017:00:14:27 -0700] "HEAD / HTTP/1.1" 301 253 "https://www.google.com/" "Mozilla/5.0 (compatible; epicbot; +http://www.epictions.com/epicbot)" 
52.168.161.70 - - [21/Jun/2017:00:14:27 -0700] "HEAD / HTTP/1.1" 301 253 "https://www.google.com/" "Mozilla/5.0 (compatible; epicbot; +http://www.epictions.com/epicbot)" 
52.168.161.70 - - [21/Jun/2017:00:14:28 -0700] "HEAD / HTTP/1.1" 301 253 "https://www.google.com/" "Mozilla/5.0 (compatible; epicbot; +http://www.epictions.com/epicbot)" 
52.168.161.70 - - [21/Jun/2017:00:14:28 -0700] "HEAD / HTTP/1.1" 301 253 "https://www.google.com/" "Mozilla/5.0 (compatible; epicbot; +http://www.epictions.com/epicbot)" 
52.168.161.70 - - [21/Jun/2017:00:14:29 -0700] "HEAD / HTTP/1.1" 301 253 "https://www.google.com/" "Mozilla/5.0 (compatible; epicbot; +http://www.epictions.com/epicbot)" 
52.168.161.70 - - [21/Jun/2017:00:14:29 -0700] "HEAD / HTTP/1.1" 301 253 "https://www.google.com/" "Mozilla/5.0 (compatible; epicbot; +http://www.epictions.com/epicbot)" 
52.168.161.70 - - [21/Jun/2017:00:14:29 -0700] "HEAD / HTTP/1.1" 301 253 "https://www.google.com/" "Mozilla/5.0 (compatible; epicbot; +http://www.epictions.com/epicbot)" 
52.168.161.70 - - [21/Jun/2017:00:14:29 -0700] "HEAD / HTTP/1.1" 301 253 "https://www.google.com/" "Mozilla/5.0 (compatible; epicbot; +http://www.epictions.com/epicbot)" 
52.168.161.70 - - [21/Jun/2017:00:14:30 -0700] "HEAD / HTTP/1.1" 301 253 "https://www.google.com/" "Mozilla/5.0 (compatible; epicbot; +http://www.epictions.com/epicbot)" 
52.168.161.70 - - [21/Jun/2017:00:14:30 -0700] "HEAD / HTTP/1.1" 301 253 "https://www.google.com/" "Mozilla/5.0 (compatible; epicbot; +http://www.epictions.com/epicbot)" 
52.168.161.70 - - [21/Jun/2017:00:14:30 -0700] "HEAD / HTTP/1.1" 301 253 "https://www.google.com/" "Mozilla/5.0 (compatible; epicbot; +http://www.epictions.com/epicbot)" 
52.168.161.70 - - [21/Jun/2017:00:14:30 -0700] "HEAD / HTTP/1.1" 301 253 "https://www.google.com/" "Mozilla/5.0 (compatible; epicbot; +http://www.epictions.com/epicbot)" 
179.235.198.52 - - [21/Jun/2017:00:15:07 -0700] "GET /wp-login.php HTTP/1.1" 404 295 "-" "Mozilla/5.0 (Windows NT 6.1; WOW64; rv:40.0) Gecko/20100101 Firefox/40.1" 
179.235.198.52 - - [21/Jun/2017:00:15:12 -0700] "GET /wp-login.php HTTP/1.1" 404 295 "-" "Mozilla/5.0 (Windows NT 6.1; WOW64; rv:40.0) Gecko/20100101 Firefox/40.1" 
179.235.198.52 - - [21/Jun/2017:00:15:17 -0700] "GET / HTTP/1.1" 200 36476 "-" "Mozilla/5.0 (Windows NT 6.1; WOW64; rv:40.0) Gecko/20100101 Firefox/40.1" 
170.248.47.15 - - [21/Jun/2017:00:15:27 -0700] "GET /tg/a.zip HTTP/1.1" 200 97980 "http://www.secrepo.com/" "Mozilla/5.0 (Windows NT 10.0; WOW64) AppleWebKit/537.36 (KHTML, like Gecko) Chrome/58.0.3029.110 Safari/537.36" 
170.248.47.15 - - [21/Jun/2017:00:15:55 -0700] "GET /maccdc2012/weird.log.gz HTTP/1.1" 200 1242777 "-" "Mozilla/5.0 (Windows NT 10.0; WOW64) AppleWebKit/537.36 (KHTML, like Gecko) Chrome/58.0.3029.110 Safari/537.36" 
114.255.40.38 - - [21/Jun/2017:00:25:06 -0700] "GET /pe_static/apt1.zip HTTP/1.1" 200 1761120 "http://www.secrepo.com/" "Mozilla/5.0 (Windows NT 6.3; WOW64; Trident/7.0; rv:11.0) like Gecko" 
61.135.169.79 - - [21/Jun/2017:00:31:29 -0700] "GET / HTTP/1.1" 200 10794 "-" "Mozilla/5.0 (Macintosh; Intel Mac OS X 10_12_5) AppleWebKit/537.36 (KHTML, like Gecko) Chrome/58.0.3029.110 Safari/537.36" 
61.135.169.79 - - [21/Jun/2017:00:31:30 -0700] "GET /twitter-icon.png HTTP/1.1" 200 27787 "http://www.secrepo.com/" "Mozilla/5.0 (Macintosh; Intel Mac OS X 10_12_5) AppleWebKit/537.36 (KHTML, like Gecko) Chrome/58.0.3029.110 Safari/537.36" 
61.135.169.79 - - [21/Jun/2017:00:31:30 -0700] "GET /GitHub-Mark.png HTTP/1.1" 200 7428 "http://www.secrepo.com/" "Mozilla/5.0 (Macintosh; Intel Mac OS X 10_12_5) AppleWebKit/537.36 (KHTML, like Gecko) Chrome/58.0.3029.110 Safari/537.36" 
61.135.169.79 - - [21/Jun/2017:00:31:38 -0700] "GET /bootstrap/img/favicon.ico HTTP/1.1" 200 590 "http://www.secrepo.com/" "Mozilla/5.0 (Macintosh; Intel Mac OS X 10_12_5) AppleWebKit/537.36 (KHTML, like Gecko) Chrome/58.0.3029.110 Safari/537.36" 
107.160.169.224 - - [21/Jun/2017:00:34:35 -0700] "GET /honeypot/Honeypot%20-%20Howto%20-%20BSides%20Austin.pdf HTTP/1.0" 200 1800180 "http://www.secrepo.com/" "Mozilla/5.0 (Windows NT 6.1; WOW64) AppleWebKit/537.36 (KHTML, like Gecko) Chrome/36.0.1985.125 Safari/537.36" 
164.132.161.14 - - [21/Jun/2017:00:35:13 -0700] "GET / HTTP/1.1" 200 10738 "-" "Mozilla/5.0 (compatible; AhrefsBot/5.2; +http://ahrefs.com/robot/)" 
114.255.40.38 - - [21/Jun/2017:00:45:39 -0700] "GET /maccdc2012/dns.log.gz HTTP/1.1" 200 6629420 "http://www.secrepo.com/" "Mozilla/5.0 (Windows NT 6.3; WOW64; Trident/7.0; rv:11.0) like Gecko" 
217.182.132.59 - - [21/Jun/2017:00:46:22 -0700] "GET /self.logs/access.log.2015-12-05.gz HTTP/1.1" 200 5314 "-" "Mozilla/5.0 (compatible; AhrefsBot/5.2; +http://ahrefs.com/robot/)" 
64.233.172.191 - - [21/Jun/2017:00:46:43 -0700] "GET / HTTP/1.1" 200 10794 "-" "Mozilla/5.0 (X11; Linux x86_64) AppleWebKit/537.36 (KHTML, like Gecko) Chrome/49.0.2623.75 Safari/537.36 Google Favicon" 
64.233.172.191 - - [21/Jun/2017:00:46:43 -0700] "GET /bootstrap/img/favicon.ico HTTP/1.1" 200 589 "-" "Mozilla/5.0 (X11; Linux x86_64) AppleWebKit/537.36 (KHTML, like Gecko) Chrome/49.0.2623.75 Safari/537.36 Google Favicon" 
164.132.161.63 - - [21/Jun/2017:00:47:07 -0700] "GET /self.logs/error.log.2015-07-29.gz HTTP/1.1" 200 686 "-" "Mozilla/5.0 (compatible; AhrefsBot/5.2; +http://ahrefs.com/robot/)" 
5.35.19.11 - - [21/Jun/2017:00:48:45 -0700] "GET / HTTP/1.1" 200 10794 "http://fsecurify.com/machine-learning-and-cyber-security/" "Mozilla/5.0 (Linux; Android 6.0.1; SM-A500F Build/MMB29M) AppleWebKit/537.36 (KHTML, like Gecko) Chrome/58.0.3029.83 Mobile Safari/537.36" 
5.35.19.11 - - [21/Jun/2017:00:48:45 -0700] "GET /twitter-icon.png HTTP/1.1" 200 27787 "http://www.secrepo.com/" "Mozilla/5.0 (Linux; Android 6.0.1; SM-A500F Build/MMB29M) AppleWebKit/537.36 (KHTML, like Gecko) Chrome/58.0.3029.83 Mobile Safari/537.36" 
5.35.19.11 - - [21/Jun/2017:00:48:45 -0700] "GET /GitHub-Mark.png HTTP/1.1" 200 7428 "http://www.secrepo.com/" "Mozilla/5.0 (Linux; Android 6.0.1; SM-A500F Build/MMB29M) AppleWebKit/537.36 (KHTML, like Gecko) Chrome/58.0.3029.83 Mobile Safari/537.36" 
51.255.65.53 - - [21/Jun/2017:00:48:50 -0700] "GET /self.logs/access.log.2016-11-17.gz HTTP/1.1" 200 15076 "-" "Mozilla/5.0 (compatible; AhrefsBot/5.2; +http://ahrefs.com/robot/)" 
164.132.161.93 - - [21/Jun/2017:00:49:14 -0700] "GET /self.logs/access.log.2015-10-10.gz HTTP/1.1" 200 4149 "-" "Mozilla/5.0 (compatible; AhrefsBot/5.2; +http://ahrefs.com/robot/)" 
87.69.0.140 - - [21/Jun/2017:00:53:10 -0700] "GET /wp-login.php HTTP/1.1" 404 295 "-" "Mozilla/5.0 (Windows NT 6.1; WOW64; rv:40.0) Gecko/20100101 Firefox/40.1" 
87.69.0.140 - - [21/Jun/2017:00:53:16 -0700] "GET /wp-login.php HTTP/1.1" 404 295 "-" "Mozilla/5.0 (Windows NT 6.1; WOW64; rv:40.0) Gecko/20100101 Firefox/40.1" 
87.69.0.140 - - [21/Jun/2017:00:53:21 -0700] "GET / HTTP/1.1" 200 36476 "-" "Mozilla/5.0 (Windows NT 6.1; WOW64; rv:40.0) Gecko/20100101 Firefox/40.1" 
114.255.40.38 - - [21/Jun/2017:00:53:21 -0700] "GET /pe_static/zeus.zip HTTP/1.1" 200 51367111 "http://www.secrepo.com/" "Mozilla/5.0 (Windows NT 6.3; WOW64; Trident/7.0; rv:11.0) like Gecko" 
91.248.34.147 - - [21/Jun/2017:00:57:02 -0700] "GET /wp-login.php HTTP/1.1" 404 295 "-" "Mozilla/5.0 (Windows NT 6.1; WOW64; rv:40.0) Gecko/20100101 Firefox/40.1" 
91.248.34.147 - - [21/Jun/2017:00:57:07 -0700] "GET /wp-login.php HTTP/1.1" 404 295 "-" "Mozilla/5.0 (Windows NT 6.1; WOW64; rv:40.0) Gecko/20100101 Firefox/40.1" 
91.248.34.147 - - [21/Jun/2017:00:57:12 -0700] "GET / HTTP/1.1" 200 36476 "-" "Mozilla/5.0 (Windows NT 6.1; WOW64; rv:40.0) Gecko/20100101 Firefox/40.1" 
111.205.110.144 - - [21/Jun/2017:01:04:12 -0700] "GET /favicon.ico HTTP/1.1" 200 268 "-" "Mozilla/5.0 (Windows NT 6.1; WOW64) AppleWebKit/537.36 (KHTML, like Gecko) Chrome/38.0.2125.122 Safari/537.36 SE 2.X MetaSr 1.0" 
52.90.11.87 - - [21/Jun/2017:01:06:14 -0700] "GET / HTTP/1.1" 301 498 "-" "Mozilla/5.0 (X11; Ubuntu; Linux x86_64; rv:30.0) Gecko/20100101 Firefox/30.0" 
52.90.11.87 - - [21/Jun/2017:01:06:15 -0700] "GET / HTTP/1.1" 200 36476 "-" "Java/1.8.0_121" 
157.55.39.248 - - [21/Jun/2017:01:18:49 -0700] "GET /self.logs/access.log.2015-12-11.gz HTTP/1.1" 200 7170 "-" "Mozilla/5.0 (compatible; bingbot/2.0; +http://www.bing.com/bingbot.htm)" 
103.48.91.117 - - [21/Jun/2017:01:20:01 -0700] "GET / HTTP/1.1" 200 10794 "https://www.reddit.com/r/datasets/comments/3tbxap/cyber_security_datasets/" "Mozilla/5.0 (Windows NT 6.1; WOW64) AppleWebKit/537.36 (KHTML, like Gecko) Chrome/46.0.2490.80 Safari/537.36" 
103.48.91.117 - - [21/Jun/2017:01:20:05 -0700] "GET /twitter-icon.png HTTP/1.1" 200 27788 "http://www.secrepo.com/" "Mozilla/5.0 (Windows NT 6.1; WOW64) AppleWebKit/537.36 (KHTML, like Gecko) Chrome/46.0.2490.80 Safari/537.36" 
103.48.91.117 - - [21/Jun/2017:01:20:05 -0700] "GET /GitHub-Mark.png HTTP/1.1" 200 7428 "http://www.secrepo.com/" "Mozilla/5.0 (Windows NT 6.1; WOW64) AppleWebKit/537.36 (KHTML, like Gecko) Chrome/46.0.2490.80 Safari/537.36" 
103.48.91.117 - - [21/Jun/2017:01:20:07 -0700] "GET /bootstrap/img/favicon.ico HTTP/1.1" 200 589 "http://www.secrepo.com/" "Mozilla/5.0 (Windows NT 6.1; WOW64) AppleWebKit/537.36 (KHTML, like Gecko) Chrome/46.0.2490.80 Safari/537.36" 
203.126.130.140 - - [21/Jun/2017:01:27:33 -0700] "GET / HTTP/1.1" 304 189 "-" "Mozilla/5.0 (Windows NT 6.1; Win64; x64) AppleWebKit/537.36 (KHTML, like Gecko) Chrome/58.0.3029.110 Safari/537.36" 
203.126.130.140 - - [21/Jun/2017:01:27:35 -0700] "GET /bootstrap/img/favicon.ico HTTP/1.1" 200 589 "http://www.secrepo.com/" "Mozilla/5.0 (Windows NT 6.1; Win64; x64) AppleWebKit/537.36 (KHTML, like Gecko) Chrome/58.0.3029.110 Safari/537.36" 
109.122.122.61 - - [21/Jun/2017:01:27:35 -0700] "GET /wp-login.php HTTP/1.1" 404 295 "-" "Mozilla/5.0 (Windows NT 6.1; WOW64; rv:40.0) Gecko/20100101 Firefox/40.1" 
