104.144.90.128 - - [25/Feb/2016:01:28:11 -0800] "GET /honeypot/Honeypot - Howto - BSides Austin.pdf HTTP/1.0" 404 303 "http://www.secrepo.com/" "Mozilla/5.0 (Macintosh; Intel Mac OS X 10.10; rv:34.0) Gecko/20100101 Firefox/34.0" 
104.144.98.160 - - [25/Feb/2016:01:28:11 -0800] "GET / HTTP/1.0" 200 8516 "http://www.secrepo.com" "Mozilla/5.0 (Macintosh; Intel Mac OS X 10.10; rv:34.0) Gecko/20100101 Firefox/34.0" 
40.77.167.16 - - [25/Feb/2016:01:28:22 -0800] "GET /self.logs/error.log.2015-08-07.gz HTTP/1.1" 200 1095 "-" "Mozilla/5.0 (compatible; bingbot/2.0; +http://www.bing.com/bingbot.htm)" 
40.77.167.51 - - [25/Feb/2016:01:28:26 -0800] "GET /self.logs/error.log.2015-03-02.gz HTTP/1.1" 200 942 "-" "Mozilla/5.0 (compatible; bingbot/2.0; +http://www.bing.com/bingbot.htm)" 
157.55.39.170 - - [25/Feb/2016:01:30:00 -0800] "GET /self.logs/error.log.2015-02-17.gz HTTP/1.1" 200 4222 "-" "Mozilla/5.0 (compatible; bingbot/2.0; +http://www.bing.com/bingbot.htm)" 
212.98.207.134 - - [25/Feb/2016:01:33:16 -0800] "GET /bootstrap/img/favicon.ico HTTP/1.1" 200 590 "-" "Mozilla/5.0 (Windows NT 10.0; WOW64; rv:44.0) Gecko/20100101 Firefox/44.0" 
157.55.39.170 - - [25/Feb/2016:01:34:54 -0800] "GET /self.logs/access.log.2016-01-06.gz HTTP/1.1" 200 5494 "-" "Mozilla/5.0 (compatible; bingbot/2.0; +http://www.bing.com/bingbot.htm)" 
163.173.9.4 - - [25/Feb/2016:01:40:29 -0800] "GET /bootstrap/img/favicon.ico HTTP/1.1" 200 590 "-" "Mozilla/5.0 (X11; Linux x86_64; rv:44.0) Gecko/20100101 Firefox/44.0" 
207.46.13.14 - - [25/Feb/2016:01:42:32 -0800] "GET /self.logs/error.log.2015-06-11.gz HTTP/1.1" 200 711 "-" "Mozilla/5.0 (compatible; bingbot/2.0; +http://www.bing.com/bingbot.htm)" 
157.55.39.170 - - [25/Feb/2016:01:47:31 -0800] "GET /self.logs/access.log.2015-03-05.gz HTTP/1.1" 200 3325 "-" "Mozilla/5.0 (compatible; bingbot/2.0; +http://www.bing.com/bingbot.htm)" 
157.55.39.170 - - [25/Feb/2016:01:48:05 -0800] "GET /self.logs/access.log.2015-10-29.gz HTTP/1.1" 200 5336 "-" "Mozilla/5.0 (compatible; bingbot/2.0; +http://www.bing.com/bingbot.htm)" 
40.77.167.51 - - [25/Feb/2016:01:50:12 -0800] "GET /self.logs/access.log.2015-03-01.gz HTTP/1.1" 200 2438 "-" "Mozilla/5.0 (compatible; bingbot/2.0; +http://www.bing.com/bingbot.htm)" 
51.255.65.32 - - [25/Feb/2016:01:51:37 -0800] "GET /self.logs/error.log.2016-01-04.gz HTTP/1.1" 200 632 "-" "Mozilla/5.0 (compatible; AhrefsBot/5.0; +http://ahrefs.com/robot/)" 
207.46.13.14 - - [25/Feb/2016:01:52:10 -0800] "GET /self.logs/access.log.2015-04-20.gz HTTP/1.1" 200 4242 "-" "Mozilla/5.0 (compatible; bingbot/2.0; +http://www.bing.com/bingbot.htm)" 
40.77.167.51 - - [25/Feb/2016:01:52:50 -0800] "GET /self.logs/error.log.2015-07-01.gz HTTP/1.1" 200 1045 "-" "Mozilla/5.0 (compatible; bingbot/2.0; +http://www.bing.com/bingbot.htm)" 
207.46.13.14 - - [25/Feb/2016:01:53:10 -0800] "GET /self.logs/error.log.2015-07-13.gz HTTP/1.1" 200 839 "-" "Mozilla/5.0 (compatible; bingbot/2.0; +http://www.bing.com/bingbot.htm)" 
157.55.39.170 - - [25/Feb/2016:01:54:12 -0800] "GET /self.logs/access.log.2015-03-18.gz HTTP/1.1" 200 9492 "-" "Mozilla/5.0 (compatible; bingbot/2.0; +http://www.bing.com/bingbot.htm)" 
207.46.13.14 - - [25/Feb/2016:01:57:42 -0800] "GET /self.logs/error.log.2015-06-23.gz HTTP/1.1" 200 1212 "-" "Mozilla/5.0 (compatible; bingbot/2.0; +http://www.bing.com/bingbot.htm)" 
199.19.249.196 - - [25/Feb/2016:01:59:55 -0800] "GET / HTTP/1.1" 200 27903 "-" "Mozilla/5.0 (Windows NT 6.1; Win64; x64) AppleWebKit/537.36 (KHTML, like Gecko) Chrome/50.0.2652.0 Safari/537.36" 
164.143.240.34 - - [25/Feb/2016:01:59:55 -0800] "GET / HTTP/1.1" 200 8553 "http://www.mlsecproject.org/" "Mozilla/5.0 (Windows NT 6.1; Win64; x64) AppleWebKit/537.36 (KHTML, like Gecko) Chrome/50.0.2652.0 Safari/537.36" 
40.77.167.51 - - [25/Feb/2016:02:00:14 -0800] "GET /self.logs/access.log.2015-02-25.gz HTTP/1.1" 200 2797 "-" "Mozilla/5.0 (compatible; bingbot/2.0; +http://www.bing.com/bingbot.htm)" 
164.143.240.34 - - [25/Feb/2016:02:00:19 -0800] "GET /GitHub-Mark.png HTTP/1.1" 200 7428 "http://www.secrepo.com/" "Mozilla/5.0 (Windows NT 6.1; Win64; x64) AppleWebKit/537.36 (KHTML, like Gecko) Chrome/50.0.2652.0 Safari/537.36" 
164.143.240.34 - - [25/Feb/2016:02:00:19 -0800] "GET /twitter-icon.png HTTP/1.1" 200 27787 "http://www.secrepo.com/" "Mozilla/5.0 (Windows NT 6.1; Win64; x64) AppleWebKit/537.36 (KHTML, like Gecko) Chrome/50.0.2652.0 Safari/537.36" 
164.143.240.34 - - [25/Feb/2016:02:00:20 -0800] "GET /bootstrap/img/favicon.ico HTTP/1.1" 200 589 "http://www.secrepo.com/" "Mozilla/5.0 (Windows NT 6.1; Win64; x64) AppleWebKit/537.36 (KHTML, like Gecko) Chrome/50.0.2652.0 Safari/537.36" 
180.76.15.151 - - [25/Feb/2016:02:00:53 -0800] "GET / HTTP/1.1" 200 8516 "-" "Mozilla/5.0 (compatible; Baiduspider/2.0; +http://www.baidu.com/search/spider.html)" 
117.15.182.240 - - [25/Feb/2016:02:01:30 -0800] "GET /tg/a.zip HTTP/1.1" 200 118608 "-" "Mozilla/5.0 (compatible; MSIE 6.0; Windows NT 5.0)" 
117.15.182.240 - - [25/Feb/2016:02:01:33 -0800] "GET /tg/a.zip HTTP/1.1" 200 153908 "-" "Mozilla/5.0 (compatible; MSIE 6.0; Windows NT 5.0)" 
117.15.182.240 - - [25/Feb/2016:02:01:32 -0800] "GET /tg/a.zip HTTP/1.1" 200 295108 "-" "Mozilla/5.0 (compatible; MSIE 6.0; Windows NT 5.0)" 
117.15.182.240 - - [25/Feb/2016:02:01:31 -0800] "GET /tg/a.zip HTTP/1.1" 200 46596 "-" "Mozilla/5.0 (compatible; MSIE 6.0; Windows NT 5.0)" 
157.55.39.170 - - [25/Feb/2016:02:04:14 -0800] "GET /self.logs/error.log.2015-12-23.gz HTTP/1.1" 200 797 "-" "Mozilla/5.0 (compatible; bingbot/2.0; +http://www.bing.com/bingbot.htm)" 
207.46.13.14 - - [25/Feb/2016:02:06:29 -0800] "GET /self.logs/access.log.2015-08-28.gz HTTP/1.1" 200 7681 "-" "Mozilla/5.0 (compatible; bingbot/2.0; +http://www.bing.com/bingbot.htm)" 
157.55.39.170 - - [25/Feb/2016:02:11:25 -0800] "GET /self.logs/error.log.2015-05-16.gz HTTP/1.1" 200 652 "-" "Mozilla/5.0 (compatible; bingbot/2.0; +http://www.bing.com/bingbot.htm)" 
157.55.39.170 - - [25/Feb/2016:02:11:45 -0800] "GET /self.logs/access.log.2015-09-13.gz HTTP/1.1" 200 4389 "-" "Mozilla/5.0 (compatible; bingbot/2.0; +http://www.bing.com/bingbot.htm)" 
40.77.167.16 - - [25/Feb/2016:02:12:06 -0800] "GET /self.logs/error.log.2015-12-22.gz HTTP/1.1" 200 777 "-" "Mozilla/5.0 (compatible; bingbot/2.0; +http://www.bing.com/bingbot.htm)" 
40.77.167.51 - - [25/Feb/2016:02:12:31 -0800] "GET /maccdc2012/conn.log.gz HTTP/1.1" 200 21443955 "-" "Mozilla/5.0 (compatible; bingbot/2.0; +http://www.bing.com/bingbot.htm)" 
207.46.13.14 - - [25/Feb/2016:02:12:46 -0800] "GET /self.logs/access.log.2015-07-19.gz HTTP/1.1" 200 4263 "-" "Mozilla/5.0 (compatible; bingbot/2.0; +http://www.bing.com/bingbot.htm)" 
51.255.65.47 - - [25/Feb/2016:02:15:10 -0800] "GET /self.logs/access.log.2015-02-25.gz HTTP/1.1" 200 2741 "-" "Mozilla/5.0 (compatible; AhrefsBot/5.0; +http://ahrefs.com/robot/)" 
157.55.39.170 - - [25/Feb/2016:02:16:03 -0800] "GET /self.logs/error.log.2015-10-23.gz HTTP/1.1" 200 792 "-" "Mozilla/5.0 (compatible; bingbot/2.0; +http://www.bing.com/bingbot.htm)" 
109.110.227.129 - - [25/Feb/2016:02:19:38 -0800] "GET / HTTP/1.1" 200 8553 "http://opendata.stackexchange.com/questions/6808/active-fast-flux-domains" "Mozilla/5.0 (Windows NT 6.3; WOW64) AppleWebKit/537.36 (KHTML, like Gecko) Chrome/48.0.2564.116 Safari/537.36" 
109.110.227.129 - - [25/Feb/2016:02:19:39 -0800] "GET /twitter-icon.png HTTP/1.1" 200 27787 "http://www.secrepo.com/" "Mozilla/5.0 (Windows NT 6.3; WOW64) AppleWebKit/537.36 (KHTML, like Gecko) Chrome/48.0.2564.116 Safari/537.36" 
109.110.227.129 - - [25/Feb/2016:02:19:39 -0800] "GET /GitHub-Mark.png HTTP/1.1" 200 7428 "http://www.secrepo.com/" "Mozilla/5.0 (Windows NT 6.3; WOW64) AppleWebKit/537.36 (KHTML, like Gecko) Chrome/48.0.2564.116 Safari/537.36" 
109.110.227.129 - - [25/Feb/2016:02:19:40 -0800] "GET /bootstrap/img/favicon.ico HTTP/1.1" 200 589 "http://www.secrepo.com/" "Mozilla/5.0 (Windows NT 6.3; WOW64) AppleWebKit/537.36 (KHTML, like Gecko) Chrome/48.0.2564.116 Safari/537.36" 
40.77.167.51 - - [25/Feb/2016:02:20:11 -0800] "GET /self.logs/error.log.2015-01-18.gz HTTP/1.1" 200 1259 "-" "Mozilla/5.0 (compatible; bingbot/2.0; +http://www.bing.com/bingbot.htm)" 
199.19.249.196 - - [25/Feb/2016:02:22:50 -0800] "GET /squid/access.log.gz HTTP/1.1" 200 379400 "-" "Mozilla/5.0 (Windows NT 6.1; WOW64; Trident/7.0; rv:11.0) like Gecko" 
164.143.240.34 - - [25/Feb/2016:02:22:51 -0800] "GET /squid/access.log.gz HTTP/1.1" 200 5882022 "http://www.secrepo.com/" "Mozilla/5.0 (Windows NT 6.1; WOW64; Trident/7.0; rv:11.0) like Gecko" 
164.143.240.34 - - [25/Feb/2016:02:23:15 -0800] "GET /squid/access.log.gz HTTP/1.1" 206 2887896 "http://www.secrepo.com/" "FDM 3.x" 
164.143.240.34 - - [25/Feb/2016:02:23:05 -0800] "GET /squid/access.log.gz HTTP/1.1" 200 13780940 "http://www.secrepo.com/" "FDM 3.x" 
164.143.240.34 - - [25/Feb/2016:02:23:17 -0800] "GET /squid/access.log.gz HTTP/1.1" 206 2092180 "http://www.secrepo.com/" "FDM 3.x" 
164.143.240.34 - - [25/Feb/2016:02:23:19 -0800] "GET /squid/access.log.gz HTTP/1.1" 206 1708200 "http://www.secrepo.com/" "FDM 3.x" 
164.143.240.34 - - [25/Feb/2016:02:23:22 -0800] "GET /squid/access.log.gz HTTP/1.1" 206 1385540 "http://www.secrepo.com/" "FDM 3.x" 
164.143.240.34 - - [25/Feb/2016:02:23:12 -0800] "GET /squid/access.log.gz HTTP/1.1" 206 3730300 "http://www.secrepo.com/" "FDM 3.x" 
164.143.240.34 - - [25/Feb/2016:02:23:26 -0800] "GET /squid/access.log.gz HTTP/1.1" 206 1700900 "http://www.secrepo.com/" "FDM 3.x" 
164.143.240.34 - - [25/Feb/2016:02:23:07 -0800] "GET /squid/access.log.gz HTTP/1.1" 206 3666060 "http://www.secrepo.com/" "FDM 3.x" 
164.143.240.34 - - [25/Feb/2016:02:23:33 -0800] "GET /squid/access.log.gz HTTP/1.1" 206 1134420 "http://www.secrepo.com/" "FDM 3.x" 
207.46.13.14 - - [25/Feb/2016:02:24:45 -0800] "GET /self.logs/error.log.2015-10-26.gz HTTP/1.1" 200 963 "-" "Mozilla/5.0 (compatible; bingbot/2.0; +http://www.bing.com/bingbot.htm)" 
157.55.39.170 - - [25/Feb/2016:02:25:46 -0800] "GET /self.logs/error.log.2015-10-02.gz HTTP/1.1" 200 665 "-" "Mozilla/5.0 (compatible; bingbot/2.0; +http://www.bing.com/bingbot.htm)" 
40.77.167.51 - - [25/Feb/2016:02:26:24 -0800] "GET /self.logs/access.log.2015-06-09.gz HTTP/1.1" 200 8212 "-" "Mozilla/5.0 (compatible; bingbot/2.0; +http://www.bing.com/bingbot.htm)" 
157.55.39.170 - - [25/Feb/2016:02:26:34 -0800] "GET /self.logs/access.log.2015-07-08.gz HTTP/1.1" 200 4729 "-" "Mozilla/5.0 (compatible; bingbot/2.0; +http://www.bing.com/bingbot.htm)" 
40.77.167.51 - - [25/Feb/2016:02:27:09 -0800] "GET /self.logs/access.log.2015-06-07.gz HTTP/1.1" 200 3452 "-" "Mozilla/5.0 (compatible; bingbot/2.0; +http://www.bing.com/bingbot.htm)" 
157.55.39.170 - - [25/Feb/2016:02:30:21 -0800] "GET /self.logs/error.log.2015-01-29.gz HTTP/1.1" 200 1497 "-" "Mozilla/5.0 (compatible; bingbot/2.0; +http://www.bing.com/bingbot.htm)" 
207.46.13.14 - - [25/Feb/2016:02:31:12 -0800] "GET /self.logs/error.log.2015-06-18.gz HTTP/1.1" 200 707 "-" "Mozilla/5.0 (compatible; bingbot/2.0; +http://www.bing.com/bingbot.htm)" 
40.77.167.51 - - [25/Feb/2016:02:35:40 -0800] "GET /self.logs/error.log.2015-04-19.gz HTTP/1.1" 200 920 "-" "Mozilla/5.0 (compatible; bingbot/2.0; +http://www.bing.com/bingbot.htm)" 
40.77.167.51 - - [25/Feb/2016:02:35:40 -0800] "GET /self.logs/error.log.2015-06-22.gz HTTP/1.1" 200 2837 "-" "Mozilla/5.0 (compatible; bingbot/2.0; +http://www.bing.com/bingbot.htm)" 
85.115.58.180 - - [25/Feb/2016:02:37:36 -0800] "GET / HTTP/1.1" 200 8497 "https://www.google.cz/" "Mozilla/5.0 (Windows NT 6.1; WOW64) AppleWebKit/537.36 (KHTML, like Gecko) Chrome/48.0.2564.116 Safari/537.36" 
85.115.58.180 - - [25/Feb/2016:02:37:37 -0800] "GET /twitter-icon.png HTTP/1.1" 200 27732 "http://www.secrepo.com/" "Mozilla/5.0 (Windows NT 6.1; WOW64) AppleWebKit/537.36 (KHTML, like Gecko) Chrome/48.0.2564.116 Safari/537.36" 
85.115.58.180 - - [25/Feb/2016:02:37:37 -0800] "GET /GitHub-Mark.png HTTP/1.1" 200 7372 "http://www.secrepo.com/" "Mozilla/5.0 (Windows NT 6.1; WOW64) AppleWebKit/537.36 (KHTML, like Gecko) Chrome/48.0.2564.116 Safari/537.36" 
85.115.58.180 - - [25/Feb/2016:02:37:37 -0800] "GET /bootstrap/img/favicon.ico HTTP/1.1" 200 534 "http://www.secrepo.com/" "Mozilla/5.0 (Windows NT 6.1; WOW64) AppleWebKit/537.36 (KHTML, like Gecko) Chrome/48.0.2564.116 Safari/537.36" 
40.77.167.16 - - [25/Feb/2016:02:38:40 -0800] "GET /self.logs/access.log.2015-12-13.gz HTTP/1.1" 200 7640 "-" "Mozilla/5.0 (compatible; bingbot/2.0; +http://www.bing.com/bingbot.htm)" 
120.216.81.153 - - [25/Feb/2016:02:39:49 -0800] "GET /tg/a.zip HTTP/1.1" 200 273000 "-" "Mozilla/5.0 (compatible; MSIE 6.0; Windows NT 5.0)" 
40.77.167.16 - - [25/Feb/2016:02:40:18 -0800] "GET /self.logs/error.log.2015-05-17.gz HTTP/1.1" 200 786 "-" "Mozilla/5.0 (compatible; bingbot/2.0; +http://www.bing.com/bingbot.htm)" 
207.46.13.14 - - [25/Feb/2016:02:40:43 -0800] "GET /self.logs/error.log.2015-03-04.gz HTTP/1.1" 200 1027 "-" "Mozilla/5.0 (compatible; bingbot/2.0; +http://www.bing.com/bingbot.htm)" 
40.77.167.51 - - [25/Feb/2016:02:41:18 -0800] "GET /self.logs/error.log.2015-02-26.gz HTTP/1.1" 200 1050 "-" "Mozilla/5.0 (compatible; bingbot/2.0; +http://www.bing.com/bingbot.htm)" 
120.216.81.153 - - [25/Feb/2016:02:39:49 -0800] "GET /tg/a.zip HTTP/1.1" 200 46200 "-" "Mozilla/5.0 (compatible; MSIE 6.0; Windows NT 5.0)" 
120.216.81.153 - - [25/Feb/2016:02:39:49 -0800] "GET /tg/a.zip HTTP/1.1" 200 46200 "-" "Mozilla/5.0 (compatible; MSIE 6.0; Windows NT 5.0)" 
120.216.81.153 - - [25/Feb/2016:02:39:51 -0800] "GET /tg/a.zip HTTP/1.1" 200 46200 "-" "Mozilla/5.0 (compatible; MSIE 6.0; Windows NT 5.0)" 
207.46.13.14 - - [25/Feb/2016:02:41:46 -0800] "GET /self.logs/error.log.2015-05-26.gz HTTP/1.1" 200 782 "-" "Mozilla/5.0 (compatible; bingbot/2.0; +http://www.bing.com/bingbot.htm)" 
40.77.167.51 - - [25/Feb/2016:02:43:10 -0800] "GET /self.logs/access.log.2015-08-20.gz HTTP/1.1" 200 5305 "-" "Mozilla/5.0 (compatible; bingbot/2.0; +http://www.bing.com/bingbot.htm)" 
157.55.39.170 - - [25/Feb/2016:02:44:57 -0800] "GET /self.logs/error.log.2015-10-16.gz HTTP/1.1" 200 811 "-" "Mozilla/5.0 (compatible; bingbot/2.0; +http://www.bing.com/bingbot.htm)" 
40.77.167.16 - - [25/Feb/2016:02:45:17 -0800] "GET /self.logs/error.log.2015-07-22.gz HTTP/1.1" 200 750 "-" "Mozilla/5.0 (compatible; bingbot/2.0; +http://www.bing.com/bingbot.htm)" 
51.255.65.44 - - [25/Feb/2016:02:46:09 -0800] "GET /self.logs/access.log.2015-10-03.gz HTTP/1.1" 200 27098 "-" "Mozilla/5.0 (compatible; AhrefsBot/5.0; +http://ahrefs.com/robot/)" 
114.215.193.240 - - [25/Feb/2016:02:46:16 -0800] "GET /honeypot/Honeypot%20-%20Howto.pdf HTTP/1.1" 200 1279418 "-" "Mozilla/4.0 (compatible; MSIE 6.0; Windows NT 5.1)" 
40.77.167.16 - - [25/Feb/2016:02:49:22 -0800] "GET /self.logs/error.log.2015-09-16.gz HTTP/1.1" 200 813 "-" "Mozilla/5.0 (compatible; bingbot/2.0; +http://www.bing.com/bingbot.htm)" 
14.139.182.35 - - [25/Feb/2016:02:51:35 -0800] "GET / HTTP/1.1" 200 8553 "-" "Mozilla/5.0 (Windows NT 6.3; WOW64) AppleWebKit/537.36 (KHTML, like Gecko) Chrome/48.0.2564.116 Safari/537.36" 
14.139.182.35 - - [25/Feb/2016:02:51:36 -0800] "GET /GitHub-Mark.png HTTP/1.1" 200 7428 "http://www.secrepo.com/" "Mozilla/5.0 (Windows NT 6.3; WOW64) AppleWebKit/537.36 (KHTML, like Gecko) Chrome/48.0.2564.116 Safari/537.36" 
14.139.182.35 - - [25/Feb/2016:02:51:36 -0800] "GET /twitter-icon.png HTTP/1.1" 200 27787 "http://www.secrepo.com/" "Mozilla/5.0 (Windows NT 6.3; WOW64) AppleWebKit/537.36 (KHTML, like Gecko) Chrome/48.0.2564.116 Safari/537.36" 
14.139.182.35 - - [25/Feb/2016:02:51:41 -0800] "GET /bootstrap/img/favicon.ico HTTP/1.1" 200 590 "http://www.secrepo.com/" "Mozilla/5.0 (Windows NT 6.3; WOW64) AppleWebKit/537.36 (KHTML, like Gecko) Chrome/48.0.2564.116 Safari/537.36" 
157.55.39.170 - - [25/Feb/2016:02:52:43 -0800] "GET /self.logs/error.log.2015-10-24.gz HTTP/1.1" 200 867 "-" "Mozilla/5.0 (compatible; bingbot/2.0; +http://www.bing.com/bingbot.htm)" 
211.137.56.194 - - [25/Feb/2016:02:52:45 -0800] "GET /tg/a.zip HTTP/1.1" 304 132 "-" "Mozilla/5.0 Gecko/20100115 Firefox/3.6" 
207.46.13.14 - - [25/Feb/2016:02:52:51 -0800] "GET /self.logs/access.log.2015-12-10.gz HTTP/1.1" 200 6124 "-" "Mozilla/5.0 (compatible; bingbot/2.0; +http://www.bing.com/bingbot.htm)" 
157.55.39.170 - - [25/Feb/2016:02:53:44 -0800] "GET /self.logs/error.log.2015-12-30.gz HTTP/1.1" 200 871 "-" "Mozilla/5.0 (compatible; bingbot/2.0; +http://www.bing.com/bingbot.htm)" 
157.55.39.170 - - [25/Feb/2016:02:56:21 -0800] "GET /self.logs/access.log.2015-10-27.gz HTTP/1.1" 200 6494 "-" "Mozilla/5.0 (compatible; bingbot/2.0; +http://www.bing.com/bingbot.htm)" 
157.55.39.170 - - [25/Feb/2016:02:59:03 -0800] "GET /self.logs/access.log.2015-05-29.gz HTTP/1.1" 200 3750 "-" "Mozilla/5.0 (compatible; bingbot/2.0; +http://www.bing.com/bingbot.htm)" 
40.77.167.16 - - [25/Feb/2016:03:02:28 -0800] "GET /self.logs/access.log.2015-08-19.gz HTTP/1.1" 200 5132 "-" "Mozilla/5.0 (compatible; bingbot/2.0; +http://www.bing.com/bingbot.htm)" 
40.77.167.51 - - [25/Feb/2016:03:05:17 -0800] "GET /self.logs/error.log.2015-07-29.gz HTTP/1.1" 200 742 "-" "Mozilla/5.0 (compatible; bingbot/2.0; +http://www.bing.com/bingbot.htm)" 
207.46.13.14 - - [25/Feb/2016:03:05:56 -0800] "GET /self.logs/error.log.2015-03-31.gz HTTP/1.1" 200 1214 "-" "Mozilla/5.0 (compatible; bingbot/2.0; +http://www.bing.com/bingbot.htm)" 
40.77.167.16 - - [25/Feb/2016:03:07:13 -0800] "GET /self.logs/error.log.2015-07-17.gz HTTP/1.1" 200 759 "-" "Mozilla/5.0 (compatible; bingbot/2.0; +http://www.bing.com/bingbot.htm)" 
40.77.167.16 - - [25/Feb/2016:03:14:46 -0800] "GET /self.logs/error.log.2015-09-02.gz HTTP/1.1" 200 564 "-" "Mozilla/5.0 (compatible; bingbot/2.0; +http://www.bing.com/bingbot.htm)" 
124.207.38.170 - - [25/Feb/2016:03:15:01 -0800] "GET /tg/a.zip HTTP/1.1" 200 46336 "-" "Mozilla/5.0 (compatible; MSIE 6.0; Windows NT 5.0)" 
124.207.38.170 - - [25/Feb/2016:03:14:59 -0800] "GET /tg/a.zip HTTP/1.1" 200 1232248 "-" "Mozilla/5.0 (compatible; MSIE 6.0; Windows NT 5.0)" 
124.207.38.170 - - [25/Feb/2016:03:14:58 -0800] "GET /tg/a.zip HTTP/1.1" 200 2418160 "-" "Mozilla/5.0 (compatible; MSIE 6.0; Windows NT 5.0)" 
124.207.38.170 - - [25/Feb/2016:03:14:59 -0800] "GET /tg/a.zip HTTP/1.1" 200 111496 "-" "Mozilla/5.0 (compatible; MSIE 6.0; Windows NT 5.0)" 
207.46.13.14 - - [25/Feb/2016:03:21:39 -0800] "GET /self.logs/error.log.2015-03-25.gz HTTP/1.1" 200 965 "-" "Mozilla/5.0 (compatible; bingbot/2.0; +http://www.bing.com/bingbot.htm)" 
218.200.66.203 - - [25/Feb/2016:03:21:56 -0800] "GET /tg/a.zip HTTP/1.1" 304 132 "-" "Mozilla/5.0 Gecko/20100115 Firefox/3.6" 
211.137.56.201 - - [25/Feb/2016:03:22:07 -0800] "GET /tg/a.zip HTTP/1.1" 304 132 "-" "Mozilla/5.0 Gecko/20100115 Firefox/3.6" 
40.77.167.51 - - [25/Feb/2016:03:22:55 -0800] "GET /self.logs/access.log.2015-12-23.gz HTTP/1.1" 200 10480 "-" "Mozilla/5.0 (compatible; bingbot/2.0; +http://www.bing.com/bingbot.htm)" 
211.137.56.172 - - [25/Feb/2016:03:23:12 -0800] "GET /tg/a.zip HTTP/1.1" 304 132 "-" "Mozilla/5.0 Gecko/20100115 Firefox/3.6" 
14.139.182.35 - - [25/Feb/2016:03:10:19 -0800] "GET /maccdc2012/conn.log.gz HTTP/1.1" 200 518765083 "http://www.secrepo.com/" "Mozilla/5.0 (Windows NT 6.3; WOW64) AppleWebKit/537.36 (KHTML, like Gecko) Chrome/48.0.2564.116 Safari/537.36" 
51.255.65.2 - - [25/Feb/2016:03:33:23 -0800] "GET /self.logs/error.log.2015-05-04.gz HTTP/1.1" 200 697 "-" "Mozilla/5.0 (compatible; AhrefsBot/5.0; +http://ahrefs.com/robot/)" 
203.133.170.96 - - [25/Feb/2016:03:38:36 -0800] "GET / HTTP/1.1" 200 8553 "-" "Mozilla/5.0 (compatible; MSIE or Firefox mutant;) Daum 4.1" 
207.46.13.14 - - [25/Feb/2016:03:39:50 -0800] "GET /self.logs/access.log.2015-04-15.gz HTTP/1.1" 200 20734 "-" "Mozilla/5.0 (compatible; bingbot/2.0; +http://www.bing.com/bingbot.htm)" 
40.77.167.16 - - [25/Feb/2016:03:42:00 -0800] "GET /self.logs/error.log.2015-03-09.gz HTTP/1.1" 200 2292 "-" "Mozilla/5.0 (compatible; bingbot/2.0; +http://www.bing.com/bingbot.htm)" 
157.55.39.170 - - [25/Feb/2016:03:42:30 -0800] "GET /self.logs/access.log.2016-01-12.gz HTTP/1.1" 200 7484 "-" "Mozilla/5.0 (compatible; bingbot/2.0; +http://www.bing.com/bingbot.htm)" 
157.55.39.170 - - [25/Feb/2016:03:45:42 -0800] "GET /self.logs/access.log.2015-09-21.gz HTTP/1.1" 200 5524 "-" "Mozilla/5.0 (compatible; bingbot/2.0; +http://www.bing.com/bingbot.htm)" 
111.7.128.40 - - [25/Feb/2016:03:52:49 -0800] "GET /tg/a.zip HTTP/1.1" 304 132 "-" "Mozilla/5.0 Gecko/20100115 Firefox/3.6" 
40.77.167.51 - - [25/Feb/2016:03:57:00 -0800] "GET /self.logs/error.log.2015-09-14.gz HTTP/1.1" 200 1041 "-" "Mozilla/5.0 (compatible; bingbot/2.0; +http://www.bing.com/bingbot.htm)" 
40.77.167.16 - - [25/Feb/2016:03:58:20 -0800] "GET /self.logs/error.log.2015-12-19.gz HTTP/1.1" 200 957 "-" "Mozilla/5.0 (compatible; bingbot/2.0; +http://www.bing.com/bingbot.htm)" 
40.77.167.16 - - [25/Feb/2016:03:59:13 -0800] "GET /self.logs/error.log.2015-11-15.gz HTTP/1.1" 200 620 "-" "Mozilla/5.0 (compatible; bingbot/2.0; +http://www.bing.com/bingbot.htm)" 
111.23.10.33 - - [25/Feb/2016:04:05:57 -0800] "GET /tg/a.zip HTTP/1.1" 304 132 "-" "Mozilla/5.0 Gecko/20100115 Firefox/3.6" 
40.77.167.51 - - [25/Feb/2016:04:10:53 -0800] "GET /self.logs/access.log.2015-03-27.gz HTTP/1.1" 200 4057 "-" "Mozilla/5.0 (compatible; bingbot/2.0; +http://www.bing.com/bingbot.htm)" 
157.55.39.170 - - [25/Feb/2016:04:11:23 -0800] "GET /self.logs/error.log.2015-07-05.gz HTTP/1.1" 200 879 "-" "Mozilla/5.0 (compatible; bingbot/2.0; +http://www.bing.com/bingbot.htm)" 
207.46.13.14 - - [25/Feb/2016:04:13:52 -0800] "GET /self.logs/access.log.2015-04-01.gz HTTP/1.1" 200 4863 "-" "Mozilla/5.0 (compatible; bingbot/2.0; +http://www.bing.com/bingbot.htm)" 
222.134.171.183 - - [25/Feb/2016:04:15:17 -0800] "GET /tg/a.zip HTTP/1.1" 200 47916 "-" "Mozilla/5.0 (compatible; MSIE 6.0; Windows NT 5.0)" 
222.134.171.183 - - [25/Feb/2016:04:15:17 -0800] "GET /tg/a.zip HTTP/1.1" 200 47916 "-" "Mozilla/5.0 (compatible; MSIE 6.0; Windows NT 5.0)" 
222.134.171.183 - - [25/Feb/2016:04:15:18 -0800] "GET /tg/a.zip HTTP/1.1" 200 47916 "-" "Mozilla/5.0 (compatible; MSIE 6.0; Windows NT 5.0)" 
222.134.171.183 - - [25/Feb/2016:04:15:18 -0800] "GET /tg/a.zip HTTP/1.1" 200 81312 "-" "Mozilla/5.0 (compatible; MSIE 6.0; Windows NT 5.0)" 
98.231.230.118 - - [25/Feb/2016:04:16:36 -0800] "GET /bootstrap/img/favicon.ico HTTP/1.1" 200 590 "-" "Mozilla/5.0 (Windows NT 6.1; WOW64; rv:44.0) Gecko/20100101 Firefox/44.0" 
40.77.167.16 - - [25/Feb/2016:04:17:50 -0800] "GET /self.logs/access.log.2015-04-24.gz HTTP/1.1" 200 3722 "-" "Mozilla/5.0 (compatible; bingbot/2.0; +http://www.bing.com/bingbot.htm)" 
40.77.167.16 - - [25/Feb/2016:04:18:44 -0800] "GET /self.logs/access.log.2015-02-20.gz HTTP/1.1" 200 14466 "-" "Mozilla/5.0 (compatible; bingbot/2.0; +http://www.bing.com/bingbot.htm)" 
207.46.13.14 - - [25/Feb/2016:04:22:26 -0800] "GET /self.logs/error.log.2015-01-19.gz HTTP/1.1" 200 1176 "-" "Mozilla/5.0 (compatible; bingbot/2.0; +http://www.bing.com/bingbot.htm)" 
51.255.65.64 - - [25/Feb/2016:04:23:55 -0800] "GET /self.logs/error.log.2016-02-11.gz HTTP/1.1" 200 811 "-" "Mozilla/5.0 (compatible; AhrefsBot/5.0; +http://ahrefs.com/robot/)" 
207.46.13.14 - - [25/Feb/2016:04:26:40 -0800] "GET /self.logs/access.log.2015-05-17.gz HTTP/1.1" 200 4110 "-" "Mozilla/5.0 (compatible; bingbot/2.0; +http://www.bing.com/bingbot.htm)" 
40.77.167.51 - - [25/Feb/2016:04:27:40 -0800] "GET /self.logs/access.log.2015-09-10.gz HTTP/1.1" 200 6112 "-" "Mozilla/5.0 (compatible; bingbot/2.0; +http://www.bing.com/bingbot.htm)" 
157.55.39.170 - - [25/Feb/2016:04:29:33 -0800] "GET /self.logs/access.log.2015-10-08.gz HTTP/1.1" 200 3907 "-" "Mozilla/5.0 (compatible; bingbot/2.0; +http://www.bing.com/bingbot.htm)" 
68.180.231.44 - - [25/Feb/2016:04:31:12 -0800] "GET /robots.txt HTTP/1.1" 200 233 "-" "Mozilla/5.0 (compatible; Yahoo! Slurp; http://help.yahoo.com/help/us/ysearch/slurp)" 
68.180.231.44 - - [25/Feb/2016:04:31:12 -0800] "GET /self.logs/error.log.2015-11-20.gz HTTP/1.1" 200 970 "-" "Mozilla/5.0 (compatible; Yahoo! Slurp; http://help.yahoo.com/help/us/ysearch/slurp)" 
207.46.13.14 - - [25/Feb/2016:04:31:41 -0800] "GET /self.logs/access.log.2015-12-17.gz HTTP/1.1" 200 6190 "-" "Mozilla/5.0 (compatible; bingbot/2.0; +http://www.bing.com/bingbot.htm)" 
40.77.167.51 - - [25/Feb/2016:04:34:55 -0800] "GET /self.logs/error.log.2015-04-25.gz HTTP/1.1" 200 993 "-" "Mozilla/5.0 (compatible; bingbot/2.0; +http://www.bing.com/bingbot.htm)" 
207.46.13.14 - - [25/Feb/2016:04:35:43 -0800] "GET /self.logs/error.log.2015-10-28.gz HTTP/1.1" 200 839 "-" "Mozilla/5.0 (compatible; bingbot/2.0; +http://www.bing.com/bingbot.htm)" 
207.46.13.14 - - [25/Feb/2016:04:37:48 -0800] "GET /self.logs/error.log.2015-02-20.gz HTTP/1.1" 200 5854 "-" "Mozilla/5.0 (compatible; bingbot/2.0; +http://www.bing.com/bingbot.htm)" 
222.129.138.162 - - [25/Feb/2016:04:42:45 -0800] "GET /tg/a.zip HTTP/1.1" 200 47520 "-" "Mozilla/5.0 (compatible; MSIE 6.0; Windows NT 5.0)" 
222.129.138.162 - - [25/Feb/2016:04:42:47 -0800] "GET /tg/a.zip HTTP/1.1" 200 34560 "-" "Mozilla/5.0 (compatible; MSIE 6.0; Windows NT 5.0)" 
222.129.138.162 - - [25/Feb/2016:04:42:45 -0800] "GET /tg/a.zip HTTP/1.1" 200 47520 "-" "Mozilla/5.0 (compatible; MSIE 6.0; Windows NT 5.0)" 
222.129.138.162 - - [25/Feb/2016:04:42:47 -0800] "GET /tg/a.zip HTTP/1.1" 200 47520 "-" "Mozilla/5.0 (compatible; MSIE 6.0; Windows NT 5.0)" 
207.46.13.14 - - [25/Feb/2016:04:48:40 -0800] "GET /self.logs/access.log.2015-11-01.gz HTTP/1.1" 200 6521 "-" "Mozilla/5.0 (compatible; bingbot/2.0; +http://www.bing.com/bingbot.htm)" 
207.46.13.14 - - [25/Feb/2016:04:49:16 -0800] "GET /self.logs/error.log.2015-09-27.gz HTTP/1.1" 200 770 "-" "Mozilla/5.0 (compatible; bingbot/2.0; +http://www.bing.com/bingbot.htm)" 
157.55.39.170 - - [25/Feb/2016:04:49:21 -0800] "GET /self.logs/access.log.2015-12-06.gz HTTP/1.1" 200 9437 "-" "Mozilla/5.0 (compatible; bingbot/2.0; +http://www.bing.com/bingbot.htm)" 
40.77.167.51 - - [25/Feb/2016:04:50:30 -0800] "GET /self.logs/error.log.2015-12-12.gz HTTP/1.1" 200 597 "-" "Mozilla/5.0 (compatible; bingbot/2.0; +http://www.bing.com/bingbot.htm)" 
40.77.167.51 - - [25/Feb/2016:04:52:07 -0800] "GET /self.logs/error.log.2015-08-30.gz HTTP/1.1" 200 638 "-" "Mozilla/5.0 (compatible; bingbot/2.0; +http://www.bing.com/bingbot.htm)" 
68.180.231.44 - - [25/Feb/2016:04:52:05 -0800] "GET /honeypot/honeypot.json.zip HTTP/1.1" 200 4631817 "-" "Mozilla/5.0 (compatible; Yahoo! Slurp; http://help.yahoo.com/help/us/ysearch/slurp)" 
157.55.39.170 - - [25/Feb/2016:04:53:37 -0800] "GET /self.logs/error.log.2015-04-07.gz HTTP/1.1" 200 700 "-" "Mozilla/5.0 (compatible; bingbot/2.0; +http://www.bing.com/bingbot.htm)" 
207.46.13.14 - - [25/Feb/2016:05:00:39 -0800] "GET /self.logs/error.log.2015-08-22.gz HTTP/1.1" 200 701 "-" "Mozilla/5.0 (compatible; bingbot/2.0; +http://www.bing.com/bingbot.htm)" 
157.55.39.170 - - [25/Feb/2016:05:03:01 -0800] "GET /self.logs/access.log.2015-06-17.gz HTTP/1.1" 200 5793 "-" "Mozilla/5.0 (compatible; bingbot/2.0; +http://www.bing.com/bingbot.htm)" 
51.255.65.22 - - [25/Feb/2016:05:05:45 -0800] "GET /self.logs/access.log.2015-03-04.gz HTTP/1.1" 200 3433 "-" "Mozilla/5.0 (compatible; AhrefsBot/5.0; +http://ahrefs.com/robot/)" 
40.77.167.51 - - [25/Feb/2016:05:08:02 -0800] "GET /self.logs/access.log.2015-07-02.gz HTTP/1.1" 200 4045 "-" "Mozilla/5.0 (compatible; bingbot/2.0; +http://www.bing.com/bingbot.htm)" 
117.114.147.3 - - [25/Feb/2016:05:09:31 -0800] "GET /tg/a.zip HTTP/1.1" 200 168980 "-" "Mozilla/5.0 (compatible; MSIE 6.0; Windows NT 5.0)" 
51.255.65.52 - - [25/Feb/2016:05:09:44 -0800] "GET /self.logs/error.log.2015-08-17.gz HTTP/1.1" 200 1899 "-" "Mozilla/5.0 (compatible; AhrefsBot/5.0; +http://ahrefs.com/robot/)" 
117.114.147.3 - - [25/Feb/2016:05:09:33 -0800] "GET /tg/a.zip HTTP/1.1" 200 248500 "-" "Mozilla/5.0 (compatible; MSIE 6.0; Windows NT 5.0)" 
117.114.147.3 - - [25/Feb/2016:05:09:32 -0800] "GET /tg/a.zip HTTP/1.1" 200 194540 "-" "Mozilla/5.0 (compatible; MSIE 6.0; Windows NT 5.0)" 
157.55.39.170 - - [25/Feb/2016:05:09:49 -0800] "GET /self.logs/access.log.2015-10-12.gz HTTP/1.1" 200 7740 "-" "Mozilla/5.0 (compatible; bingbot/2.0; +http://www.bing.com/bingbot.htm)" 
117.114.147.3 - - [25/Feb/2016:05:09:38 -0800] "GET /tg/a.zip HTTP/1.1" 200 46860 "-" "Mozilla/5.0 (compatible; MSIE 6.0; Windows NT 5.0)" 
40.77.167.16 - - [25/Feb/2016:05:12:50 -0800] "GET /self.logs/error.log.2015-06-06.gz HTTP/1.1" 200 756 "-" "Mozilla/5.0 (compatible; bingbot/2.0; +http://www.bing.com/bingbot.htm)" 
207.46.13.14 - - [25/Feb/2016:05:13:25 -0800] "GET /self.logs/access.log.2015-05-22.gz HTTP/1.1" 200 4738 "-" "Mozilla/5.0 (compatible; bingbot/2.0; +http://www.bing.com/bingbot.htm)" 
40.77.167.51 - - [25/Feb/2016:05:13:53 -0800] "GET /self.logs/error.log.2015-09-26.gz HTTP/1.1" 200 703 "-" "Mozilla/5.0 (compatible; bingbot/2.0; +http://www.bing.com/bingbot.htm)" 
40.77.167.51 - - [25/Feb/2016:05:13:54 -0800] "GET /self.logs/access.log.2015-11-13.gz HTTP/1.1" 200 4941 "-" "Mozilla/5.0 (compatible; bingbot/2.0; +http://www.bing.com/bingbot.htm)" 
40.77.167.16 - - [25/Feb/2016:05:14:45 -0800] "GET /self.logs/access.log.2015-03-04.gz HTTP/1.1" 200 3489 "-" "Mozilla/5.0 (compatible; bingbot/2.0; +http://www.bing.com/bingbot.htm)" 
40.77.167.51 - - [25/Feb/2016:05:19:34 -0800] "GET /self.logs/error.log.2015-11-19.gz HTTP/1.1" 200 1694 "-" "Mozilla/5.0 (compatible; bingbot/2.0; +http://www.bing.com/bingbot.htm)" 
40.77.167.16 - - [25/Feb/2016:05:21:28 -0800] "GET /self.logs/access.log.2015-07-14.gz HTTP/1.1" 200 4554 "-" "Mozilla/5.0 (compatible; bingbot/2.0; +http://www.bing.com/bingbot.htm)" 
180.76.15.26 - - [25/Feb/2016:05:25:55 -0800] "GET / HTTP/1.1" 200 21900 "-" "Mozilla/5.0 (compatible; Baiduspider/2.0; +http://www.baidu.com/search/spider.html)" 
207.46.13.14 - - [25/Feb/2016:05:26:13 -0800] "GET /self.logs/error.log.2015-06-24.gz HTTP/1.1" 200 876 "-" "Mozilla/5.0 (compatible; bingbot/2.0; +http://www.bing.com/bingbot.htm)" 
180.76.15.153 - - [25/Feb/2016:05:26:28 -0800] "GET / HTTP/1.1" 200 21900 "-" "Mozilla/5.0 (compatible; Baiduspider/2.0; +http://www.baidu.com/search/spider.html)" 
157.55.39.170 - - [25/Feb/2016:05:28:05 -0800] "GET /self.logs/access.log.2015-06-19.gz HTTP/1.1" 200 4265 "-" "Mozilla/5.0 (compatible; bingbot/2.0; +http://www.bing.com/bingbot.htm)" 
157.55.39.170 - - [25/Feb/2016:05:33:39 -0800] "GET /self.logs/access.log.2015-11-19.gz HTTP/1.1" 200 11917 "-" "Mozilla/5.0 (compatible; bingbot/2.0; +http://www.bing.com/bingbot.htm)" 
222.133.164.152 - - [25/Feb/2016:05:36:39 -0800] "GET /tg/a.zip HTTP/1.1" 200 97920 "-" "Mozilla/5.0 (compatible; MSIE 6.0; Windows NT 5.0)" 
222.133.164.152 - - [25/Feb/2016:05:36:39 -0800] "GET /tg/a.zip HTTP/1.1" 200 200160 "-" "Mozilla/5.0 (compatible; MSIE 6.0; Windows NT 5.0)" 
222.133.164.152 - - [25/Feb/2016:05:36:39 -0800] "GET /tg/a.zip HTTP/1.1" 200 767520 "-" "Mozilla/5.0 (compatible; MSIE 6.0; Windows NT 5.0)" 
222.133.164.152 - - [25/Feb/2016:05:36:39 -0800] "GET /tg/a.zip HTTP/1.1" 200 404640 "-" "Mozilla/5.0 (compatible; MSIE 6.0; Windows NT 5.0)" 
207.46.13.14 - - [25/Feb/2016:05:48:09 -0800] "GET /self.logs/access.log.2016-01-25.gz HTTP/1.1" 200 6677 "-" "Mozilla/5.0 (compatible; bingbot/2.0; +http://www.bing.com/bingbot.htm)" 
211.137.56.194 - - [25/Feb/2016:05:52:47 -0800] "GET /tg/a.zip HTTP/1.1" 304 132 "-" "Mozilla/5.0 Gecko/20100115 Firefox/3.6" 
207.46.13.14 - - [25/Feb/2016:05:53:15 -0800] "GET /self.logs/access.log.2015-02-23.gz HTTP/1.1" 200 10615 "-" "Mozilla/5.0 (compatible; bingbot/2.0; +http://www.bing.com/bingbot.htm)" 
207.46.13.14 - - [25/Feb/2016:05:58:00 -0800] "GET /self.logs/access.log.2015-11-29.gz HTTP/1.1" 200 5520 "-" "Mozilla/5.0 (compatible; bingbot/2.0; +http://www.bing.com/bingbot.htm)" 
157.55.39.170 - - [25/Feb/2016:05:59:07 -0800] "GET /self.logs/access.log.2015-10-06.gz HTTP/1.1" 200 6237 "-" "Mozilla/5.0 (compatible; bingbot/2.0; +http://www.bing.com/bingbot.htm)" 
157.55.39.170 - - [25/Feb/2016:06:00:14 -0800] "GET /self.logs/error.log.2015-03-12.gz HTTP/1.1" 200 2745 "-" "Mozilla/5.0 (compatible; bingbot/2.0; +http://www.bing.com/bingbot.htm)" 
157.55.39.170 - - [25/Feb/2016:06:00:39 -0800] "GET /self.logs/access.log.2015-07-12.gz HTTP/1.1" 200 4577 "-" "Mozilla/5.0 (compatible; bingbot/2.0; +http://www.bing.com/bingbot.htm)" 
221.193.0.10 - - [25/Feb/2016:06:03:58 -0800] "GET /tg/a.zip HTTP/1.1" 200 23040 "-" "Mozilla/5.0 (compatible; MSIE 6.0; Windows NT 5.0)" 
221.193.0.10 - - [25/Feb/2016:06:03:58 -0800] "GET /tg/a.zip HTTP/1.1" 200 48960 "-" "Mozilla/5.0 (compatible; MSIE 6.0; Windows NT 5.0)" 
221.193.0.10 - - [25/Feb/2016:06:04:01 -0800] "GET /tg/a.zip HTTP/1.1" 200 73000 "-" "Mozilla/5.0 (compatible; MSIE 6.0; Windows NT 5.0)" 
221.193.0.10 - - [25/Feb/2016:06:03:58 -0800] "GET /tg/a.zip HTTP/1.1" 200 109440 "-" "Mozilla/5.0 (compatible; MSIE 6.0; Windows NT 5.0)" 
40.77.167.51 - - [25/Feb/2016:06:05:17 -0800] "GET /self.logs/error.log.2015-04-10.gz HTTP/1.1" 200 2598 "-" "Mozilla/5.0 (compatible; bingbot/2.0; +http://www.bing.com/bingbot.htm)" 
157.55.39.170 - - [25/Feb/2016:06:06:40 -0800] "GET /self.logs/access.log.2015-11-03.gz HTTP/1.1" 200 7224 "-" "Mozilla/5.0 (compatible; bingbot/2.0; +http://www.bing.com/bingbot.htm)" 
157.55.39.170 - - [25/Feb/2016:06:07:26 -0800] "GET /self.logs/access.log.2015-01-24.gz HTTP/1.1" 200 2277 "-" "Mozilla/5.0 (compatible; bingbot/2.0; +http://www.bing.com/bingbot.htm)" 
40.77.167.16 - - [25/Feb/2016:06:11:12 -0800] "GET /self.logs/access.log.2015-10-13.gz HTTP/1.1" 200 12317 "-" "Mozilla/5.0 (compatible; bingbot/2.0; +http://www.bing.com/bingbot.htm)" 
40.77.167.16 - - [25/Feb/2016:06:14:00 -0800] "GET /self.logs/access.log.2015-11-24.gz HTTP/1.1" 200 10517 "-" "Mozilla/5.0 (compatible; bingbot/2.0; +http://www.bing.com/bingbot.htm)" 
157.55.39.170 - - [25/Feb/2016:06:15:11 -0800] "GET /self.logs/access.log.2015-10-01.gz HTTP/1.1" 200 4506 "-" "Mozilla/5.0 (compatible; bingbot/2.0; +http://www.bing.com/bingbot.htm)" 
157.55.39.244 - - [25/Feb/2016:06:17:33 -0800] "GET /self.logs/error.log.2015-09-13.gz HTTP/1.1" 200 782 "-" "Mozilla/5.0 (compatible; bingbot/2.0; +http://www.bing.com/bingbot.htm)" 
218.200.66.203 - - [25/Feb/2016:06:22:00 -0800] "GET /tg/a.zip HTTP/1.1" 304 132 "-" "Mozilla/5.0 Gecko/20100115 Firefox/3.6" 
211.137.56.201 - - [25/Feb/2016:06:22:07 -0800] "GET /tg/a.zip HTTP/1.1" 304 132 "-" "Mozilla/5.0 Gecko/20100115 Firefox/3.6" 
211.137.56.172 - - [25/Feb/2016:06:23:14 -0800] "GET /tg/a.zip HTTP/1.1" 304 132 "-" "Mozilla/5.0 Gecko/20100115 Firefox/3.6" 
119.39.118.216 - - [25/Feb/2016:06:31:56 -0800] "GET /tg/a.zip HTTP/1.1" 200 478080 "-" "Mozilla/5.0 (compatible; MSIE 6.0; Windows NT 5.0)" 
119.39.118.216 - - [25/Feb/2016:06:31:58 -0800] "GET /tg/a.zip HTTP/1.1" 200 365760 "-" "Mozilla/5.0 (compatible; MSIE 6.0; Windows NT 5.0)" 
119.39.118.216 - - [25/Feb/2016:06:31:57 -0800] "GET /tg/a.zip HTTP/1.1" 200 504000 "-" "Mozilla/5.0 (compatible; MSIE 6.0; Windows NT 5.0)" 
119.39.118.216 - - [25/Feb/2016:06:31:58 -0800] "GET /tg/a.zip HTTP/1.1" 200 540000 "-" "Mozilla/5.0 (compatible; MSIE 6.0; Windows NT 5.0)" 
207.46.13.14 - - [25/Feb/2016:06:34:45 -0800] "GET /self.logs/error.log.2015-05-13.gz HTTP/1.1" 200 2322 "-" "Mozilla/5.0 (compatible; bingbot/2.0; +http://www.bing.com/bingbot.htm)" 
207.46.13.14 - - [25/Feb/2016:06:38:14 -0800] "GET /self.logs/access.log.2015-10-03.gz HTTP/1.1" 200 27154 "-" "Mozilla/5.0 (compatible; bingbot/2.0; +http://www.bing.com/bingbot.htm)" 
207.46.13.14 - - [25/Feb/2016:06:40:34 -0800] "GET /self.logs/access.log.2015-06-12.gz HTTP/1.1" 200 6227 "-" "Mozilla/5.0 (compatible; bingbot/2.0; +http://www.bing.com/bingbot.htm)" 
157.55.39.183 - - [25/Feb/2016:06:41:16 -0800] "GET /self.logs/error.log.2015-11-03.gz HTTP/1.1" 200 986 "-" "Mozilla/5.0 (compatible; bingbot/2.0; +http://www.bing.com/bingbot.htm)" 
157.55.39.204 - - [25/Feb/2016:06:46:45 -0800] "GET /self.logs/access.log.2015-10-16.gz HTTP/1.1" 200 6298 "-" "Mozilla/5.0 (compatible; bingbot/2.0; +http://www.bing.com/bingbot.htm)" 
157.55.39.170 - - [25/Feb/2016:06:52:01 -0800] "GET /self.logs/error.log.2015-11-28.gz HTTP/1.1" 200 619 "-" "Mozilla/5.0 (compatible; bingbot/2.0; +http://www.bing.com/bingbot.htm)" 
111.7.128.40 - - [25/Feb/2016:06:52:50 -0800] "GET /tg/a.zip HTTP/1.1" 304 132 "-" "Mozilla/5.0 Gecko/20100115 Firefox/3.6" 
207.46.13.14 - - [25/Feb/2016:06:58:27 -0800] "GET /self.logs/error.log.2015-03-22.gz HTTP/1.1" 200 1045 "-" "Mozilla/5.0 (compatible; bingbot/2.0; +http://www.bing.com/bingbot.htm)" 
36.110.119.35 - - [25/Feb/2016:07:01:35 -0800] "GET /tg/a.zip HTTP/1.1" 200 47388 "-" "Mozilla/5.0 (compatible; MSIE 6.0; Windows NT 5.0)" 
36.110.119.35 - - [25/Feb/2016:07:01:35 -0800] "GET /tg/a.zip HTTP/1.1" 200 47388 "-" "Mozilla/5.0 (compatible; MSIE 6.0; Windows NT 5.0)" 
36.110.119.35 - - [25/Feb/2016:07:01:36 -0800] "GET /tg/a.zip HTTP/1.1" 200 47388 "-" "Mozilla/5.0 (compatible; MSIE 6.0; Windows NT 5.0)" 
36.110.119.35 - - [25/Feb/2016:07:01:36 -0800] "GET /tg/a.zip HTTP/1.1" 200 47388 "-" "Mozilla/5.0 (compatible; MSIE 6.0; Windows NT 5.0)" 
111.23.10.33 - - [25/Feb/2016:07:05:58 -0800] "GET /tg/a.zip HTTP/1.1" 304 132 "-" "Mozilla/5.0 Gecko/20100115 Firefox/3.6" 
202.62.16.132 - - [25/Feb/2016:07:06:21 -0800] "GET / HTTP/1.1" 200 8553 "https://www.linkedin.com" "Mozilla/5.0 (Windows NT 6.3; WOW64; rv:44.0) Gecko/20100101 Firefox/44.0" 
202.62.16.132 - - [25/Feb/2016:07:06:21 -0800] "GET /bootstrap/img/favicon.ico HTTP/1.1" 200 590 "-" "Mozilla/5.0 (Windows NT 6.3; WOW64; rv:44.0) Gecko/20100101 Firefox/44.0" 
202.62.16.132 - - [25/Feb/2016:07:06:22 -0800] "GET /GitHub-Mark.png HTTP/1.1" 200 7428 "http://www.secrepo.com/" "Mozilla/5.0 (Windows NT 6.3; WOW64; rv:44.0) Gecko/20100101 Firefox/44.0" 
202.62.16.132 - - [25/Feb/2016:07:06:22 -0800] "GET /twitter-icon.png HTTP/1.1" 200 27787 "http://www.secrepo.com/" "Mozilla/5.0 (Windows NT 6.3; WOW64; rv:44.0) Gecko/20100101 Firefox/44.0" 
207.46.13.54 - - [25/Feb/2016:07:09:34 -0800] "GET /self.logs/access.log.2015-07-24.gz HTTP/1.1" 200 4143 "-" "Mozilla/5.0 (compatible; bingbot/2.0; +http://www.bing.com/bingbot.htm)" 
207.46.13.14 - - [25/Feb/2016:07:22:22 -0800] "GET /self.logs/error.log.2015-08-10.gz HTTP/1.1" 200 558 "-" "Mozilla/5.0 (compatible; bingbot/2.0; +http://www.bing.com/bingbot.htm)" 
40.77.167.16 - - [25/Feb/2016:07:25:32 -0800] "GET /self.logs/error.log.2015-04-01.gz HTTP/1.1" 200 1125 "-" "Mozilla/5.0 (compatible; bingbot/2.0; +http://www.bing.com/bingbot.htm)" 
207.46.13.14 - - [25/Feb/2016:07:28:05 -0800] "GET /self.logs/error.log.2015-11-11.gz HTTP/1.1" 200 618 "-" "Mozilla/5.0 (compatible; bingbot/2.0; +http://www.bing.com/bingbot.htm)" 
207.46.13.14 - - [25/Feb/2016:07:28:53 -0800] "GET /self.logs/access.log.2015-08-13.gz HTTP/1.1" 200 4659 "-" "Mozilla/5.0 (compatible; bingbot/2.0; +http://www.bing.com/bingbot.htm)" 
157.55.39.170 - - [25/Feb/2016:07:31:31 -0800] "GET / HTTP/1.1" 200 8553 "-" "Mozilla/5.0 (compatible; bingbot/2.0; +http://www.bing.com/bingbot.htm)" 
202.62.16.132 - - [25/Feb/2016:07:32:24 -0800] "GET /bootstrap/img/favicon.ico HTTP/1.1" 200 590 "-" "Mozilla/5.0 (Windows NT 6.3; WOW64; rv:44.0) Gecko/20100101 Firefox/44.0" 
207.46.13.93 - - [25/Feb/2016:07:35:42 -0800] "GET /self.logs/access.log.2015-04-09.gz HTTP/1.1" 200 3615 "-" "Mozilla/5.0 (compatible; bingbot/2.0; +http://www.bing.com/bingbot.htm)" 
157.55.39.201 - - [25/Feb/2016:07:35:52 -0800] "GET /self.logs/access.log.2015-09-19.gz HTTP/1.1" 200 5528 "-" "Mozilla/5.0 (compatible; bingbot/2.0; +http://www.bing.com/bingbot.htm)" 
111.254.10.81 - - [25/Feb/2016:07:36:50 -0800] "GET /tg/a.zip HTTP/1.1" 200 12453120 "-" "Mozilla/5.0 (compatible; MSIE 6.0; Windows NT 5.0)" 
111.254.10.81 - - [25/Feb/2016:07:36:50 -0800] "GET /tg/a.zip HTTP/1.1" 200 9840960 "-" "Mozilla/5.0 (compatible; MSIE 6.0; Windows NT 5.0)" 
111.254.10.81 - - [25/Feb/2016:07:36:50 -0800] "GET /tg/a.zip HTTP/1.1" 200 15024960 "-" "Mozilla/5.0 (compatible; MSIE 6.0; Windows NT 5.0)" 
111.254.10.81 - - [25/Feb/2016:07:36:50 -0800] "GET /tg/a.zip HTTP/1.1" 200 12388320 "-" "Mozilla/5.0 (compatible; MSIE 6.0; Windows NT 5.0)" 
222.161.211.210 - - [25/Feb/2016:07:36:15 -0800] "GET /honeypot/Honeypot%20-%20Howto.pdf HTTP/1.1" 200 1279418 "-" "Mozilla/4.0 (compatible; MSIE 6.0; Windows NT 5.1)" 
50.252.233.22 - - [25/Feb/2016:07:44:02 -0800] "GET / HTTP/1.1" 200 8553 "https://www.google.com/" "Mozilla/5.0 (Macintosh; Intel Mac OS X 10_11_3) AppleWebKit/537.36 (KHTML, like Gecko) Chrome/48.0.2564.116 Safari/537.36" 
50.252.233.22 - - [25/Feb/2016:07:44:02 -0800] "GET /twitter-icon.png HTTP/1.1" 200 27787 "http://www.secrepo.com/" "Mozilla/5.0 (Macintosh; Intel Mac OS X 10_11_3) AppleWebKit/537.36 (KHTML, like Gecko) Chrome/48.0.2564.116 Safari/537.36" 
50.252.233.22 - - [25/Feb/2016:07:44:02 -0800] "GET /GitHub-Mark.png HTTP/1.1" 200 7428 "http://www.secrepo.com/" "Mozilla/5.0 (Macintosh; Intel Mac OS X 10_11_3) AppleWebKit/537.36 (KHTML, like Gecko) Chrome/48.0.2564.116 Safari/537.36" 
50.252.233.22 - - [25/Feb/2016:07:44:03 -0800] "GET /bootstrap/img/favicon.ico HTTP/1.1" 200 589 "http://www.secrepo.com/" "Mozilla/5.0 (Macintosh; Intel Mac OS X 10_11_3) AppleWebKit/537.36 (KHTML, like Gecko) Chrome/48.0.2564.116 Safari/537.36" 
93.57.4.66 - - [25/Feb/2016:07:44:13 -0800] "GET / HTTP/1.1" 200 8553 "https://www.google.it" "Mozilla/5.0 (Windows NT 6.1; WOW64; rv:44.0) Gecko/20100101 Firefox/44.0" 
93.57.4.66 - - [25/Feb/2016:07:44:13 -0800] "GET /twitter-icon.png HTTP/1.1" 200 27787 "http://www.secrepo.com/" "Mozilla/5.0 (Windows NT 6.1; WOW64; rv:44.0) Gecko/20100101 Firefox/44.0" 
93.57.4.66 - - [25/Feb/2016:07:44:14 -0800] "GET /GitHub-Mark.png HTTP/1.1" 200 7428 "http://www.secrepo.com/" "Mozilla/5.0 (Windows NT 6.1; WOW64; rv:44.0) Gecko/20100101 Firefox/44.0" 
93.57.4.66 - - [25/Feb/2016:07:44:14 -0800] "GET /bootstrap/img/favicon.ico HTTP/1.1" 200 590 "-" "Mozilla/5.0 (Windows NT 6.1; WOW64; rv:44.0) Gecko/20100101 Firefox/44.0" 
93.57.4.66 - - [25/Feb/2016:07:44:29 -0800] "GET /self.logs/ HTTP/1.1" 200 8560 "http://www.secrepo.com/" "Mozilla/5.0 (Windows NT 6.1; WOW64; rv:44.0) Gecko/20100101 Firefox/44.0" 
93.57.4.66 - - [25/Feb/2016:07:44:30 -0800] "GET /favicon.ico HTTP/1.1" 200 267 "-" "Mozilla/5.0 (Windows NT 6.1; WOW64; rv:44.0) Gecko/20100101 Firefox/44.0" 
93.57.4.66 - - [25/Feb/2016:07:44:36 -0800] "GET /self.logs/access.log.2015-01-17.gz HTTP/1.1" 200 3597 "http://www.secrepo.com/self.logs/" "Mozilla/5.0 (Windows NT 6.1; WOW64; rv:44.0) Gecko/20100101 Firefox/44.0" 
23.101.61.176 - - [25/Feb/2016:07:44:51 -0800] "GET / HTTP/1.1" 200 27903 "-" "Mozilla/5.0 (Windows NT 6.1; WOW64) SkypeUriPreview Preview/0.5" 
23.101.61.176 - - [25/Feb/2016:07:44:51 -0800] "GET /bootstrap/img/favicon.ico HTTP/1.1" 200 534 "-" "Mozilla/5.0 (Windows NT 6.1; WOW64) SkypeUriPreview Preview/0.5" 
93.57.4.66 - - [25/Feb/2016:07:45:33 -0800] "GET /self.logs/ HTTP/1.1" 200 8560 "http://www.secrepo.com/" "Mozilla/5.0 (Windows NT 6.1; WOW64; rv:44.0) Gecko/20100101 Firefox/44.0" 
93.61.12.85 - - [25/Feb/2016:07:57:08 -0800] "GET /bootstrap/img/favicon.ico HTTP/1.1" 200 590 "-" "Mozilla/5.0 (Macintosh; Intel Mac OS X 10.11; rv:44.0) Gecko/20100101 Firefox/44.0" 
40.77.167.16 - - [25/Feb/2016:07:58:39 -0800] "GET /self.logs/error.log.2015-11-01.gz HTTP/1.1" 200 693 "-" "Mozilla/5.0 (compatible; bingbot/2.0; +http://www.bing.com/bingbot.htm)" 
207.46.13.14 - - [25/Feb/2016:08:02:53 -0800] "GET /self.logs/error.log.2015-04-30.gz HTTP/1.1" 200 1248 "-" "Mozilla/5.0 (compatible; bingbot/2.0; +http://www.bing.com/bingbot.htm)" 
40.77.167.16 - - [25/Feb/2016:08:13:04 -0800] "GET /self.logs/access.log.2015-04-02.gz HTTP/1.1" 200 3322 "-" "Mozilla/5.0 (compatible; bingbot/2.0; +http://www.bing.com/bingbot.htm)" 
40.77.167.51 - - [25/Feb/2016:08:18:17 -0800] "GET /self.logs/access.log.2015-06-26.gz HTTP/1.1" 200 4070 "-" "Mozilla/5.0 (compatible; bingbot/2.0; +http://www.bing.com/bingbot.htm)" 
40.77.167.16 - - [25/Feb/2016:08:22:04 -0800] "GET /self.logs/error.log.2015-02-05.gz HTTP/1.1" 200 579 "-" "Mozilla/5.0 (compatible; bingbot/2.0; +http://www.bing.com/bingbot.htm)" 
123.121.39.57 - - [25/Feb/2016:08:23:24 -0800] "GET /tg/a.zip HTTP/1.1" 200 807840 "-" "Mozilla/5.0 (compatible; MSIE 6.0; Windows NT 5.0)" 
123.121.39.57 - - [25/Feb/2016:08:23:24 -0800] "GET /tg/a.zip HTTP/1.1" 200 874080 "-" "Mozilla/5.0 (compatible; MSIE 6.0; Windows NT 5.0)" 
123.121.39.57 - - [25/Feb/2016:08:23:23 -0800] "GET /tg/a.zip HTTP/1.1" 200 597600 "-" "Mozilla/5.0 (compatible; MSIE 6.0; Windows NT 5.0)" 
123.121.39.57 - - [25/Feb/2016:08:23:24 -0800] "GET /tg/a.zip HTTP/1.1" 200 645120 "-" "Mozilla/5.0 (compatible; MSIE 6.0; Windows NT 5.0)" 
193.57.249.5 - - [25/Feb/2016:08:26:23 -0800] "GET / HTTP/1.1" 200 8553 "http://www.mlsecproject.org/" "Mozilla/5.0 (Windows NT 6.1; WOW64) AppleWebKit/537.36 (KHTML, like Gecko) Chrome/47.0.2526.111 Safari/537.36" 
193.57.249.5 - - [25/Feb/2016:08:26:23 -0800] "GET /twitter-icon.png HTTP/1.1" 200 27787 "http://www.secrepo.com/" "Mozilla/5.0 (Windows NT 6.1; WOW64) AppleWebKit/537.36 (KHTML, like Gecko) Chrome/47.0.2526.111 Safari/537.36" 
193.57.249.5 - - [25/Feb/2016:08:26:23 -0800] "GET /GitHub-Mark.png HTTP/1.1" 200 7428 "http://www.secrepo.com/" "Mozilla/5.0 (Windows NT 6.1; WOW64) AppleWebKit/537.36 (KHTML, like Gecko) Chrome/47.0.2526.111 Safari/537.36" 
193.57.249.5 - - [25/Feb/2016:08:26:23 -0800] "GET /bootstrap/img/favicon.ico HTTP/1.1" 200 589 "http://www.secrepo.com/" "Mozilla/5.0 (Windows NT 6.1; WOW64) AppleWebKit/537.36 (KHTML, like Gecko) Chrome/47.0.2526.111 Safari/537.36" 
40.77.167.51 - - [25/Feb/2016:08:27:37 -0800] "GET /self.logs/error.log.2015-02-21.gz HTTP/1.1" 200 6531 "-" "Mozilla/5.0 (compatible; bingbot/2.0; +http://www.bing.com/bingbot.htm)" 
104.209.188.207 - - [25/Feb/2016:08:32:32 -0800] "GET / HTTP/1.1" 200 27903 "-" "Mozilla/5.0 (Windows NT 6.1; WOW64) SkypeUriPreview Preview/0.5" 
104.209.188.207 - - [25/Feb/2016:08:32:32 -0800] "GET /bootstrap/img/favicon.ico HTTP/1.1" 200 534 "-" "Mozilla/5.0 (Windows NT 6.1; WOW64) SkypeUriPreview Preview/0.5" 
123.56.185.109 - - [25/Feb/2016:08:35:46 -0800] "GET /honeypot/Honeypot%20-%20Howto.pdf HTTP/1.1" 200 1279418 "-" "Mozilla/4.0 (compatible; MSIE 6.0; Windows NT 5.1)" 
104.45.18.178 - - [25/Feb/2016:08:46:53 -0800] "GET / HTTP/1.1" 200 27903 "-" "Mozilla/5.0 (Windows NT 6.1; WOW64) SkypeUriPreview Preview/0.5" 
104.45.18.178 - - [25/Feb/2016:08:46:53 -0800] "GET /bootstrap/img/favicon.ico HTTP/1.1" 200 534 "-" "Mozilla/5.0 (Windows NT 6.1; WOW64) SkypeUriPreview Preview/0.5" 
112.124.118.197 - - [25/Feb/2016:08:52:19 -0800] "GET /honeypot/BSidesDFW%20-%202014.ipynb HTTP/1.1" 200 930836 "-" "Mozilla/4.0 (compatible; MSIE 6.0; Windows NT 5.1)" 
211.137.56.194 - - [25/Feb/2016:08:52:51 -0800] "GET /tg/a.zip HTTP/1.1" 304 132 "-" "Mozilla/5.0 Gecko/20100115 Firefox/3.6" 
51.255.65.60 - - [25/Feb/2016:09:07:47 -0800] "GET /self.logs/access.log.2015-09-27.gz HTTP/1.1" 200 4781 "-" "Mozilla/5.0 (compatible; AhrefsBot/5.0; +http://ahrefs.com/robot/)" 
91.200.12.136 - - [25/Feb/2016:09:13:03 -0800] "GET /honeypot/BSidesDFW%20-%202014.ipynb HTTP/1.0" 200 930799 "http://www.secrepo.com/honeypot/BSidesDFW%20-%202014.ipynb" "Mozilla/5.0 (Windows NT 10.0; WOW64) AppleWebKit/537.36 (KHTML, like Gecko) Chrome/45.0.2454.99 Safari/537.36" 
218.200.66.203 - - [25/Feb/2016:09:22:03 -0800] "GET /tg/a.zip HTTP/1.1" 304 132 "-" "Mozilla/5.0 Gecko/20100115 Firefox/3.6" 
211.137.56.201 - - [25/Feb/2016:09:22:08 -0800] "GET /tg/a.zip HTTP/1.1" 304 132 "-" "Mozilla/5.0 Gecko/20100115 Firefox/3.6" 
211.137.56.172 - - [25/Feb/2016:09:23:16 -0800] "GET /tg/a.zip HTTP/1.1" 304 132 "-" "Mozilla/5.0 Gecko/20100115 Firefox/3.6" 
91.200.12.136 - - [25/Feb/2016:09:27:57 -0800] "GET /honeypot/BSidesDFW%20-%202014.ipynb HTTP/1.0" 200 741680 "http://www.secrepo.com/honeypot/BSidesDFW%20-%202014.ipynb" "Mozilla/5.0 (Windows NT 10.0; WOW64; rv:40.0) Gecko/20100101 Firefox/40.0" 
221.221.6.136 - - [25/Feb/2016:09:45:36 -0800] "GET /tg/a.zip HTTP/1.1" 200 364320 "-" "Mozilla/5.0 (compatible; MSIE 6.0; Windows NT 5.0)" 
221.221.6.136 - - [25/Feb/2016:09:45:36 -0800] "GET /tg/a.zip HTTP/1.1" 200 407520 "-" "Mozilla/5.0 (compatible; MSIE 6.0; Windows NT 5.0)" 
221.221.6.136 - - [25/Feb/2016:09:45:36 -0800] "GET /tg/a.zip HTTP/1.1" 200 383040 "-" "Mozilla/5.0 (compatible; MSIE 6.0; Windows NT 5.0)" 
221.221.6.136 - - [25/Feb/2016:09:45:36 -0800] "GET /tg/a.zip HTTP/1.1" 200 466560 "-" "Mozilla/5.0 (compatible; MSIE 6.0; Windows NT 5.0)" 
111.7.128.40 - - [25/Feb/2016:09:52:54 -0800] "GET /tg/a.zip HTTP/1.1" 304 132 "-" "Mozilla/5.0 Gecko/20100115 Firefox/3.6" 
157.55.39.173 - - [25/Feb/2016:09:55:10 -0800] "GET /self.logs/access.log.2015-05-13.gz HTTP/1.1" 301 546 "-" "Mozilla/5.0 (compatible; bingbot/2.0; +http://www.bing.com/bingbot.htm)" 
114.98.238.132 - - [25/Feb/2016:10:03:39 -0800] "GET /auth.log/auth.log.gz HTTP/1.1" 200 295000 "-" "Mozilla/5.0 (Windows NT 6.1; Trident/7.0; rv:11.0) like Gecko" 
114.98.238.132 - - [25/Feb/2016:10:03:45 -0800] "POST /auth.log/auth.log.gz/trackback/ HTTP/1.1" 404 303 "http://www.secrepo.com/auth.log/auth.log.gz" "Mozilla/5.0 (Windows NT 6.1; Trident/7.0; rv:11.0) like Gecko" 
111.23.10.33 - - [25/Feb/2016:10:05:59 -0800] "GET /tg/a.zip HTTP/1.1" 304 132 "-" "Mozilla/5.0 Gecko/20100115 Firefox/3.6" 
121.41.26.92 - - [25/Feb/2016:10:19:09 -0800] "GET /honeypot/BSidesDFW%20-%202014.ipynb HTTP/1.1" 200 930836 "-" "Mozilla/4.0 (compatible; MSIE 6.0; Windows NT 5.1)" 
157.55.39.174 - - [25/Feb/2016:10:20:06 -0800] "GET /self.logs/error.log.2015-02-08.gz HTTP/1.1" 301 544 "-" "Mozilla/5.0 (compatible; bingbot/2.0; +http://www.bing.com/bingbot.htm)" 
157.55.39.174 - - [25/Feb/2016:10:20:06 -0800] "GET /self.logs/access.log.2015-02-16.gz HTTP/1.1" 301 545 "-" "Mozilla/5.0 (compatible; bingbot/2.0; +http://www.bing.com/bingbot.htm)" 
