207.46.13.53 - - [01/Nov/2016:07:49:06 -0700] "GET /self.logs/access.log.2015-08-09.gz HTTP/1.1" 200 4577 "-" "Mozilla/5.0 (compatible; bingbot/2.0; +http://www.bing.com/bingbot.htm)" 
207.46.13.169 - - [01/Nov/2016:07:49:30 -0700] "GET /self.logs/access.log.2015-09-29.gz HTTP/1.1" 200 5316 "-" "Mozilla/5.0 (compatible; bingbot/2.0; +http://www.bing.com/bingbot.htm)" 
207.46.13.169 - - [01/Nov/2016:07:51:21 -0700] "GET /self.logs/access.log.2015-02-27.gz HTTP/1.1" 200 3223 "-" "Mozilla/5.0 (compatible; bingbot/2.0; +http://www.bing.com/bingbot.htm)" 
207.46.13.11 - - [01/Nov/2016:07:51:27 -0700] "GET /self.logs/access.log.2016-01-02.gz HTTP/1.1" 200 5945 "-" "Mozilla/5.0 (compatible; bingbot/2.0; +http://www.bing.com/bingbot.htm)" 
207.46.13.53 - - [01/Nov/2016:07:51:51 -0700] "GET /self.logs/error.log.2015-05-09.gz HTTP/1.1" 200 778 "-" "Mozilla/5.0 (compatible; bingbot/2.0; +http://www.bing.com/bingbot.htm)" 
207.46.13.53 - - [01/Nov/2016:07:52:21 -0700] "GET /self.logs/error.log.2016-04-12.gz HTTP/1.1" 200 1003 "-" "Mozilla/5.0 (compatible; bingbot/2.0; +http://www.bing.com/bingbot.htm)" 
207.46.13.169 - - [01/Nov/2016:07:52:26 -0700] "GET /self.logs/access.log.2015-02-01.gz HTTP/1.1" 200 2648 "-" "Mozilla/5.0 (compatible; bingbot/2.0; +http://www.bing.com/bingbot.htm)" 
207.46.13.169 - - [01/Nov/2016:07:52:42 -0700] "GET /self.logs/error.log.2015-08-14.gz HTTP/1.1" 200 3216 "-" "Mozilla/5.0 (compatible; bingbot/2.0; +http://www.bing.com/bingbot.htm)" 
207.46.13.11 - - [01/Nov/2016:07:52:47 -0700] "GET /self.logs/access.log.2016-01-11.gz HTTP/1.1" 200 6579 "-" "Mozilla/5.0 (compatible; bingbot/2.0; +http://www.bing.com/bingbot.htm)" 
207.46.13.169 - - [01/Nov/2016:07:54:38 -0700] "GET /self.logs/access.log.2015-04-24.gz HTTP/1.1" 200 3722 "-" "Mozilla/5.0 (compatible; bingbot/2.0; +http://www.bing.com/bingbot.htm)" 
207.46.13.169 - - [01/Nov/2016:07:55:22 -0700] "GET /self.logs/error.log.2016-07-21.gz HTTP/1.1" 200 778 "-" "Mozilla/5.0 (compatible; bingbot/2.0; +http://www.bing.com/bingbot.htm)" 
65.116.116.6 - - [01/Nov/2016:07:55:26 -0700] "GET /bootstrap/img/favicon.ico HTTP/1.1" 200 590 "-" "Mozilla/5.0 (X11; Linux x86_64; rv:31.0) Gecko/20100101 Firefox/31.0 Iceweasel/31.8.0" 
213.55.77.138 - - [01/Nov/2016:07:30:20 -0700] "GET /maccdc2012/conn.log.gz HTTP/1.1" 200 447255327 "-" "-" 
207.46.13.53 - - [01/Nov/2016:07:56:01 -0700] "GET /self.logs/error.log.2016-04-29.gz HTTP/1.1" 200 731 "-" "Mozilla/5.0 (compatible; bingbot/2.0; +http://www.bing.com/bingbot.htm)" 
207.46.13.11 - - [01/Nov/2016:07:56:54 -0700] "GET /self.logs/error.log.2016-02-25.gz HTTP/1.1" 200 839 "-" "Mozilla/5.0 (compatible; bingbot/2.0; +http://www.bing.com/bingbot.htm)" 
207.46.13.169 - - [01/Nov/2016:07:56:59 -0700] "GET /self.logs/error.log.2016-02-08.gz HTTP/1.1" 200 713 "-" "Mozilla/5.0 (compatible; bingbot/2.0; +http://www.bing.com/bingbot.htm)" 
207.46.13.11 - - [01/Nov/2016:07:59:13 -0700] "GET /self.logs/access.log.2015-06-28.gz HTTP/1.1" 200 11846 "-" "Mozilla/5.0 (compatible; bingbot/2.0; +http://www.bing.com/bingbot.htm)" 
207.46.13.53 - - [01/Nov/2016:08:00:03 -0700] "GET /self.logs/access.log.2016-09-06.gz HTTP/1.1" 200 8467 "-" "Mozilla/5.0 (compatible; bingbot/2.0; +http://www.bing.com/bingbot.htm)" 
207.46.13.11 - - [01/Nov/2016:08:03:23 -0700] "GET /self.logs/error.log.2016-06-26.gz HTTP/1.1" 200 803 "-" "Mozilla/5.0 (compatible; bingbot/2.0; +http://www.bing.com/bingbot.htm)" 
207.46.13.53 - - [01/Nov/2016:08:04:38 -0700] "GET /self.logs/access.log.2015-10-10.gz HTTP/1.1" 200 4205 "-" "Mozilla/5.0 (compatible; bingbot/2.0; +http://www.bing.com/bingbot.htm)" 
207.46.13.11 - - [01/Nov/2016:08:06:23 -0700] "GET /self.logs/access.log.2015-07-18.gz HTTP/1.1" 200 5223 "-" "Mozilla/5.0 (compatible; bingbot/2.0; +http://www.bing.com/bingbot.htm)" 
163.172.66.130 - - [01/Nov/2016:08:06:33 -0700] "GET /self.logs/error.log.2015-05-21.gz HTTP/1.1" 200 768 "-" "Mozilla/5.0 (compatible; AhrefsBot/5.1; +http://ahrefs.com/robot/)" 
207.46.13.53 - - [01/Nov/2016:08:09:34 -0700] "GET /self.logs/error.log.2016-06-01.gz HTTP/1.1" 200 1659 "-" "Mozilla/5.0 (compatible; bingbot/2.0; +http://www.bing.com/bingbot.htm)" 
207.46.13.169 - - [01/Nov/2016:08:11:56 -0700] "GET /self.logs/access.log.2016-10-04.gz HTTP/1.1" 200 9624 "-" "Mozilla/5.0 (compatible; bingbot/2.0; +http://www.bing.com/bingbot.htm)" 
207.46.13.169 - - [01/Nov/2016:08:11:57 -0700] "GET /self.logs/error.log.2016-03-25.gz HTTP/1.1" 200 720 "-" "Mozilla/5.0 (compatible; bingbot/2.0; +http://www.bing.com/bingbot.htm)" 
207.46.13.53 - - [01/Nov/2016:08:12:46 -0700] "GET /self.logs/access.log.2015-09-24.gz HTTP/1.1" 200 4804 "-" "Mozilla/5.0 (compatible; bingbot/2.0; +http://www.bing.com/bingbot.htm)" 
207.46.13.169 - - [01/Nov/2016:08:14:52 -0700] "GET /self.logs/access.log.2015-08-04.gz HTTP/1.1" 200 5781 "-" "Mozilla/5.0 (compatible; bingbot/2.0; +http://www.bing.com/bingbot.htm)" 
207.46.13.169 - - [01/Nov/2016:08:14:52 -0700] "GET /self.logs/access.log.2015-10-13.gz HTTP/1.1" 200 12316 "-" "Mozilla/5.0 (compatible; bingbot/2.0; +http://www.bing.com/bingbot.htm)" 
207.46.13.169 - - [01/Nov/2016:08:16:30 -0700] "GET /self.logs/error.log.2016-09-29.gz HTTP/1.1" 200 587 "-" "Mozilla/5.0 (compatible; bingbot/2.0; +http://www.bing.com/bingbot.htm)" 
207.46.13.169 - - [01/Nov/2016:08:16:30 -0700] "GET /self.logs/access.log.2015-12-09.gz HTTP/1.1" 200 7725 "-" "Mozilla/5.0 (compatible; bingbot/2.0; +http://www.bing.com/bingbot.htm)" 
207.46.13.53 - - [01/Nov/2016:08:16:35 -0700] "GET /self.logs/access.log.2015-01-28.gz HTTP/1.1" 200 2129 "-" "Mozilla/5.0 (compatible; bingbot/2.0; +http://www.bing.com/bingbot.htm)" 
207.46.13.53 - - [01/Nov/2016:08:17:15 -0700] "GET /self.logs/access.log.2015-04-08.gz HTTP/1.1" 200 4100 "-" "Mozilla/5.0 (compatible; bingbot/2.0; +http://www.bing.com/bingbot.htm)" 
207.46.13.11 - - [01/Nov/2016:08:18:53 -0700] "GET /self.logs/error.log.2015-11-19.gz HTTP/1.1" 200 1694 "-" "Mozilla/5.0 (compatible; bingbot/2.0; +http://www.bing.com/bingbot.htm)" 
207.46.13.11 - - [01/Nov/2016:08:18:53 -0700] "GET /self.logs/access.log.2015-05-18.gz HTTP/1.1" 200 4672 "-" "Mozilla/5.0 (compatible; bingbot/2.0; +http://www.bing.com/bingbot.htm)" 
207.46.13.11 - - [01/Nov/2016:08:21:09 -0700] "GET /self.logs/access.log.2015-04-21.gz HTTP/1.1" 200 6723 "-" "Mozilla/5.0 (compatible; bingbot/2.0; +http://www.bing.com/bingbot.htm)" 
207.46.13.169 - - [01/Nov/2016:08:21:17 -0700] "GET /self.logs/error.log.2016-04-16.gz HTTP/1.1" 200 961 "-" "Mozilla/5.0 (compatible; bingbot/2.0; +http://www.bing.com/bingbot.htm)" 
207.46.13.169 - - [01/Nov/2016:08:22:11 -0700] "GET /self.logs/access.log.2015-06-18.gz HTTP/1.1" 200 5608 "-" "Mozilla/5.0 (compatible; bingbot/2.0; +http://www.bing.com/bingbot.htm)" 
207.46.13.11 - - [01/Nov/2016:08:22:47 -0700] "GET /self.logs/error.log.2015-08-05.gz HTTP/1.1" 200 1055 "-" "Mozilla/5.0 (compatible; bingbot/2.0; +http://www.bing.com/bingbot.htm)" 
207.46.13.11 - - [01/Nov/2016:08:23:33 -0700] "GET /self.logs/access.log.2015-12-16.gz HTTP/1.1" 200 7876 "-" "Mozilla/5.0 (compatible; bingbot/2.0; +http://www.bing.com/bingbot.htm)" 
207.46.13.11 - - [01/Nov/2016:08:25:31 -0700] "GET /self.logs/error.log.2015-08-30.gz HTTP/1.1" 200 638 "-" "Mozilla/5.0 (compatible; bingbot/2.0; +http://www.bing.com/bingbot.htm)" 
207.46.13.169 - - [01/Nov/2016:08:26:34 -0700] "GET /self.logs/error.log.2015-04-15.gz HTTP/1.1" 200 894 "-" "Mozilla/5.0 (compatible; bingbot/2.0; +http://www.bing.com/bingbot.htm)" 
66.249.64.187 - - [01/Nov/2016:08:26:44 -0700] "GET /robots.txt HTTP/1.1" 200 334 "-" "Mozilla/5.0 (compatible; Googlebot/2.1; +http://www.google.com/bot.html)" 
66.249.64.128 - - [01/Nov/2016:08:26:45 -0700] "GET /maccdc2012/files.log.gz HTTP/1.1" 200 15989530 "-" "Mozilla/5.0 (Linux; Android 6.0.1; Nexus 5X Build/MMB29P) AppleWebKit/537.36 (KHTML, like Gecko) Chrome/41.0.2272.96 Mobile Safari/537.36 (compatible; Googlebot/2.1; +http://www.google.com/bot.html)" 
207.46.13.11 - - [01/Nov/2016:08:27:26 -0700] "GET /self.logs/error.log.2015-07-29.gz HTTP/1.1" 200 742 "-" "Mozilla/5.0 (compatible; bingbot/2.0; +http://www.bing.com/bingbot.htm)" 
207.46.13.169 - - [01/Nov/2016:08:30:23 -0700] "GET /self.logs/error.log.2016-10-13.gz HTTP/1.1" 200 829 "-" "Mozilla/5.0 (compatible; bingbot/2.0; +http://www.bing.com/bingbot.htm)" 
207.46.13.11 - - [01/Nov/2016:08:32:01 -0700] "GET /self.logs/error.log.2015-06-03.gz HTTP/1.1" 200 691 "-" "Mozilla/5.0 (compatible; bingbot/2.0; +http://www.bing.com/bingbot.htm)" 
207.46.13.53 - - [01/Nov/2016:08:32:16 -0700] "GET /self.logs/error.log.2015-09-15.gz HTTP/1.1" 200 761 "-" "Mozilla/5.0 (compatible; bingbot/2.0; +http://www.bing.com/bingbot.htm)" 
207.46.13.169 - - [01/Nov/2016:08:33:19 -0700] "GET /self.logs/error.log.2016-06-02.gz HTTP/1.1" 200 1205 "-" "Mozilla/5.0 (compatible; bingbot/2.0; +http://www.bing.com/bingbot.htm)" 
207.46.13.53 - - [01/Nov/2016:08:33:56 -0700] "GET /self.logs/access.log.2016-06-11.gz HTTP/1.1" 200 7734 "-" "Mozilla/5.0 (compatible; bingbot/2.0; +http://www.bing.com/bingbot.htm)" 
207.46.13.169 - - [01/Nov/2016:08:34:10 -0700] "GET /self.logs/access.log.2015-03-22.gz HTTP/1.1" 200 3679 "-" "Mozilla/5.0 (compatible; bingbot/2.0; +http://www.bing.com/bingbot.htm)" 
207.46.13.53 - - [01/Nov/2016:08:34:14 -0700] "GET /self.logs/access.log.2015-09-02.gz HTTP/1.1" 200 3927 "-" "Mozilla/5.0 (compatible; bingbot/2.0; +http://www.bing.com/bingbot.htm)" 
207.46.13.53 - - [01/Nov/2016:08:34:37 -0700] "GET /self.logs/access.log.2015-04-29.gz HTTP/1.1" 200 5237 "-" "Mozilla/5.0 (compatible; bingbot/2.0; +http://www.bing.com/bingbot.htm)" 
207.46.13.169 - - [01/Nov/2016:08:35:10 -0700] "GET /self.logs/error.log.2015-08-26.gz HTTP/1.1" 200 683 "-" "Mozilla/5.0 (compatible; bingbot/2.0; +http://www.bing.com/bingbot.htm)" 
207.46.13.53 - - [01/Nov/2016:08:35:34 -0700] "GET /self.logs/error.log.2016-05-03.gz HTTP/1.1" 200 838 "-" "Mozilla/5.0 (compatible; bingbot/2.0; +http://www.bing.com/bingbot.htm)" 
104.10.13.26 - - [01/Nov/2016:08:36:51 -0700] "GET /favicon.ico HTTP/1.1" 301 501 "-" "Mozilla/5.0 (Windows NT 10.0; Win64; x64) AppleWebKit/537.36 (KHTML, like Gecko) Chrome/53.0.2785.143 Safari/537.36" 
104.10.13.26 - - [01/Nov/2016:08:36:51 -0700] "GET /favicon.ico HTTP/1.1" 200 268 "-" "Mozilla/5.0 (Windows NT 10.0; Win64; x64) AppleWebKit/537.36 (KHTML, like Gecko) Chrome/53.0.2785.143 Safari/537.36" 
207.46.13.11 - - [01/Nov/2016:08:36:56 -0700] "GET /self.logs/error.log.2016-01-29.gz HTTP/1.1" 200 669 "-" "Mozilla/5.0 (compatible; bingbot/2.0; +http://www.bing.com/bingbot.htm)" 
207.46.13.11 - - [01/Nov/2016:08:37:40 -0700] "GET /self.logs/access.log.2015-10-02.gz HTTP/1.1" 200 3810 "-" "Mozilla/5.0 (compatible; bingbot/2.0; +http://www.bing.com/bingbot.htm)" 
207.46.13.53 - - [01/Nov/2016:08:37:44 -0700] "GET /self.logs/access.log.2015-11-20.gz HTTP/1.1" 200 8406 "-" "Mozilla/5.0 (compatible; bingbot/2.0; +http://www.bing.com/bingbot.htm)" 
207.46.13.53 - - [01/Nov/2016:08:38:15 -0700] "GET /self.logs/error.log.2015-08-22.gz HTTP/1.1" 200 701 "-" "Mozilla/5.0 (compatible; bingbot/2.0; +http://www.bing.com/bingbot.htm)" 
207.46.13.53 - - [01/Nov/2016:08:38:40 -0700] "GET /self.logs/error.log.2015-12-21.gz HTTP/1.1" 200 1961 "-" "Mozilla/5.0 (compatible; bingbot/2.0; +http://www.bing.com/bingbot.htm)" 
111.7.128.40 - - [01/Nov/2016:08:39:10 -0700] "GET /tg/a.zip HTTP/1.1" 304 132 "-" "Mozilla/5.0 Gecko/20100115 Firefox/3.6" 
207.46.13.53 - - [01/Nov/2016:08:39:21 -0700] "GET /self.logs/access.log.2015-09-05.gz HTTP/1.1" 200 2970 "-" "Mozilla/5.0 (compatible; bingbot/2.0; +http://www.bing.com/bingbot.htm)" 
207.46.13.169 - - [01/Nov/2016:08:39:26 -0700] "GET /self.logs/access.log.2015-06-11.gz HTTP/1.1" 200 8021 "-" "Mozilla/5.0 (compatible; bingbot/2.0; +http://www.bing.com/bingbot.htm)" 
207.46.13.11 - - [01/Nov/2016:08:40:32 -0700] "GET /self.logs/error.log.2015-11-22.gz HTTP/1.1" 200 1000 "-" "Mozilla/5.0 (compatible; bingbot/2.0; +http://www.bing.com/bingbot.htm)" 
207.46.13.169 - - [01/Nov/2016:08:41:28 -0700] "GET /self.logs/access.log.2016-02-05.gz HTTP/1.1" 200 5666 "-" "Mozilla/5.0 (compatible; bingbot/2.0; +http://www.bing.com/bingbot.htm)" 
207.46.13.11 - - [01/Nov/2016:08:41:32 -0700] "GET /self.logs/access.log.2015-08-06.gz HTTP/1.1" 200 6166 "-" "Mozilla/5.0 (compatible; bingbot/2.0; +http://www.bing.com/bingbot.htm)" 
207.46.13.169 - - [01/Nov/2016:08:41:38 -0700] "GET /self.logs/error.log.2015-09-11.gz HTTP/1.1" 200 703 "-" "Mozilla/5.0 (compatible; bingbot/2.0; +http://www.bing.com/bingbot.htm)" 
207.46.13.53 - - [01/Nov/2016:08:43:03 -0700] "GET /self.logs/error.log.2015-03-31.gz HTTP/1.1" 200 1214 "-" "Mozilla/5.0 (compatible; bingbot/2.0; +http://www.bing.com/bingbot.htm)" 
207.46.13.11 - - [01/Nov/2016:08:43:06 -0700] "GET /self.logs/error.log.2016-09-19.gz HTTP/1.1" 200 810 "-" "Mozilla/5.0 (compatible; bingbot/2.0; +http://www.bing.com/bingbot.htm)" 
207.46.13.53 - - [01/Nov/2016:08:43:37 -0700] "GET /self.logs/access.log.2015-07-22.gz HTTP/1.1" 200 4688 "-" "Mozilla/5.0 (compatible; bingbot/2.0; +http://www.bing.com/bingbot.htm)" 
207.46.13.11 - - [01/Nov/2016:08:43:42 -0700] "GET /self.logs/error.log.2016-05-16.gz HTTP/1.1" 200 987 "-" "Mozilla/5.0 (compatible; bingbot/2.0; +http://www.bing.com/bingbot.htm)" 
207.46.13.53 - - [01/Nov/2016:08:45:31 -0700] "GET /self.logs/access.log.2015-11-29.gz HTTP/1.1" 200 5520 "-" "Mozilla/5.0 (compatible; bingbot/2.0; +http://www.bing.com/bingbot.htm)" 
207.46.13.53 - - [01/Nov/2016:08:45:32 -0700] "GET /self.logs/access.log.2016-05-09.gz HTTP/1.1" 200 8421 "-" "Mozilla/5.0 (compatible; bingbot/2.0; +http://www.bing.com/bingbot.htm)" 
207.46.13.169 - - [01/Nov/2016:08:46:33 -0700] "GET /self.logs/error.log.2015-03-26.gz HTTP/1.1" 200 1133 "-" "Mozilla/5.0 (compatible; bingbot/2.0; +http://www.bing.com/bingbot.htm)" 
207.46.13.169 - - [01/Nov/2016:08:47:08 -0700] "GET /self.logs/error.log.2016-02-20.gz HTTP/1.1" 200 565 "-" "Mozilla/5.0 (compatible; bingbot/2.0; +http://www.bing.com/bingbot.htm)" 
207.46.13.11 - - [01/Nov/2016:08:47:33 -0700] "GET /self.logs/error.log.2015-03-18.gz HTTP/1.1" 200 2371 "-" "Mozilla/5.0 (compatible; bingbot/2.0; +http://www.bing.com/bingbot.htm)" 
66.249.83.83 - - [01/Nov/2016:08:48:36 -0700] "GET / HTTP/1.1" 200 10179 "-" "Mozilla/5.0 (X11; Linux x86_64) AppleWebKit/537.36 (KHTML, like Gecko) Chrome/49.0.2623.75 Safari/537.36 Google Favicon" 
66.249.83.82 - - [01/Nov/2016:08:48:36 -0700] "GET /bootstrap/img/favicon.ico HTTP/1.1" 200 590 "-" "Mozilla/5.0 (X11; Linux x86_64) AppleWebKit/537.36 (KHTML, like Gecko) Chrome/49.0.2623.75 Safari/537.36 Google Favicon" 
207.46.13.169 - - [01/Nov/2016:08:49:21 -0700] "GET /self.logs/access.log.2015-11-23.gz HTTP/1.1" 200 8922 "-" "Mozilla/5.0 (compatible; bingbot/2.0; +http://www.bing.com/bingbot.htm)" 
207.46.13.169 - - [01/Nov/2016:08:49:39 -0700] "GET /self.logs/error.log.2015-02-18.gz HTTP/1.1" 200 3123 "-" "Mozilla/5.0 (compatible; bingbot/2.0; +http://www.bing.com/bingbot.htm)" 
163.172.66.179 - - [01/Nov/2016:08:50:01 -0700] "GET /self.logs/access.log.2015-12-03.gz HTTP/1.1" 200 5132 "-" "Mozilla/5.0 (compatible; AhrefsBot/5.1; +http://ahrefs.com/robot/)" 
178.90.152.138 - - [01/Nov/2016:08:49:51 -0700] "GET /honeypot/Honeypot%20-%20Howto.pdf HTTP/1.0" 200 1279381 "http://www.secrepo.com/" "Mozilla/5.0 (X11; CrOS x86_64 6310.68.0) AppleWebKit/537.36 (KHTML, like Gecko) Chrome/39.0.2171.96 Safari/537.36" 
96.44.132.84 - - [01/Nov/2016:08:50:15 -0700] "GET /honeypot/Honeypot%20-%20Howto.pdf HTTP/1.0" 200 1279381 "http://www.secrepo.com/" "Mozilla/5.0 (X11; CrOS x86_64 6310.68.0) AppleWebKit/537.36 (KHTML, like Gecko) Chrome/39.0.2171.96 Safari/537.36" 
207.46.13.169 - - [01/Nov/2016:08:51:10 -0700] "GET /self.logs/error.log.2015-04-12.gz HTTP/1.1" 200 942 "-" "Mozilla/5.0 (compatible; bingbot/2.0; +http://www.bing.com/bingbot.htm)" 
207.46.13.11 - - [01/Nov/2016:08:51:21 -0700] "GET /self.logs/error.log.2015-08-18.gz HTTP/1.1" 200 750 "-" "Mozilla/5.0 (compatible; bingbot/2.0; +http://www.bing.com/bingbot.htm)" 
207.46.13.11 - - [01/Nov/2016:08:52:28 -0700] "GET /self.logs/access.log.2015-10-11.gz HTTP/1.1" 200 4386 "-" "Mozilla/5.0 (compatible; bingbot/2.0; +http://www.bing.com/bingbot.htm)" 
207.46.13.11 - - [01/Nov/2016:08:53:24 -0700] "GET /self.logs/access.log.2015-05-24.gz HTTP/1.1" 200 3609 "-" "Mozilla/5.0 (compatible; bingbot/2.0; +http://www.bing.com/bingbot.htm)" 
207.46.13.169 - - [01/Nov/2016:08:54:07 -0700] "GET /self.logs/error.log.2015-12-03.gz HTTP/1.1" 200 719 "-" "Mozilla/5.0 (compatible; bingbot/2.0; +http://www.bing.com/bingbot.htm)" 
109.68.144.50 - - [01/Nov/2016:08:57:28 -0700] "GET / HTTP/1.1" 200 10179 "https://www.google.gr/" "Mozilla/5.0 (Windows NT 6.1; WOW64) AppleWebKit/537.36 (KHTML, like Gecko) Chrome/54.0.2840.71 Safari/537.36" 
109.68.144.50 - - [01/Nov/2016:08:57:28 -0700] "GET /twitter-icon.png HTTP/1.1" 200 27787 "http://www.secrepo.com/" "Mozilla/5.0 (Windows NT 6.1; WOW64) AppleWebKit/537.36 (KHTML, like Gecko) Chrome/54.0.2840.71 Safari/537.36" 
109.68.144.50 - - [01/Nov/2016:08:57:28 -0700] "GET /GitHub-Mark.png HTTP/1.1" 200 7428 "http://www.secrepo.com/" "Mozilla/5.0 (Windows NT 6.1; WOW64) AppleWebKit/537.36 (KHTML, like Gecko) Chrome/54.0.2840.71 Safari/537.36" 
109.68.144.50 - - [01/Nov/2016:08:57:29 -0700] "GET /bootstrap/img/favicon.ico HTTP/1.1" 200 589 "http://www.secrepo.com/" "Mozilla/5.0 (Windows NT 6.1; WOW64) AppleWebKit/537.36 (KHTML, like Gecko) Chrome/54.0.2840.71 Safari/537.36" 
207.46.13.11 - - [01/Nov/2016:08:57:42 -0700] "GET /self.logs/access.log.2015-11-07.gz HTTP/1.1" 200 5733 "-" "Mozilla/5.0 (compatible; bingbot/2.0; +http://www.bing.com/bingbot.htm)" 
207.46.13.169 - - [01/Nov/2016:08:57:48 -0700] "GET /self.logs/access.log.2015-08-31.gz HTTP/1.1" 200 5626 "-" "Mozilla/5.0 (compatible; bingbot/2.0; +http://www.bing.com/bingbot.htm)" 
69.114.192.157 - - [01/Nov/2016:08:58:18 -0700] "GET / HTTP/1.1" 200 10179 "https://www.google.com/" "Mozilla/5.0 (Macintosh; Intel Mac OS X 10.11; rv:49.0) Gecko/20100101 Firefox/49.0" 
69.114.192.157 - - [01/Nov/2016:08:58:18 -0700] "GET /bootstrap/img/favicon.ico HTTP/1.1" 200 589 "-" "Mozilla/5.0 (Macintosh; Intel Mac OS X 10.11; rv:49.0) Gecko/20100101 Firefox/49.0" 
69.114.192.157 - - [01/Nov/2016:08:58:18 -0700] "GET /twitter-icon.png HTTP/1.1" 200 27787 "http://www.secrepo.com/" "Mozilla/5.0 (Macintosh; Intel Mac OS X 10.11; rv:49.0) Gecko/20100101 Firefox/49.0" 
69.114.192.157 - - [01/Nov/2016:08:58:18 -0700] "GET /GitHub-Mark.png HTTP/1.1" 200 7427 "http://www.secrepo.com/" "Mozilla/5.0 (Macintosh; Intel Mac OS X 10.11; rv:49.0) Gecko/20100101 Firefox/49.0" 
207.46.13.11 - - [01/Nov/2016:08:58:19 -0700] "GET /self.logs/access.log.2016-10-12.gz HTTP/1.1" 200 12465 "-" "Mozilla/5.0 (compatible; bingbot/2.0; +http://www.bing.com/bingbot.htm)" 
207.46.13.53 - - [01/Nov/2016:08:58:24 -0700] "GET /self.logs/error.log.2015-05-13.gz HTTP/1.1" 200 2322 "-" "Mozilla/5.0 (compatible; bingbot/2.0; +http://www.bing.com/bingbot.htm)" 
69.114.192.157 - - [01/Nov/2016:08:59:01 -0700] "GET /maccdc2012/http.log.gz HTTP/1.1" 200 54258816 "http://www.secrepo.com/" "Mozilla/5.0 (Macintosh; Intel Mac OS X 10.11; rv:49.0) Gecko/20100101 Firefox/49.0" 
207.46.13.53 - - [01/Nov/2016:08:59:11 -0700] "GET /self.logs/error.log.2015-08-17.gz HTTP/1.1" 200 1955 "-" "Mozilla/5.0 (compatible; bingbot/2.0; +http://www.bing.com/bingbot.htm)" 
163.172.65.244 - - [01/Nov/2016:08:59:57 -0700] "GET /self.logs/error.log.2015-02-22.gz HTTP/1.1" 200 4348 "-" "Mozilla/5.0 (compatible; AhrefsBot/5.1; +http://ahrefs.com/robot/)" 
207.46.13.53 - - [01/Nov/2016:09:00:14 -0700] "GET /self.logs/error.log.2015-09-12.gz HTTP/1.1" 200 615 "-" "Mozilla/5.0 (compatible; bingbot/2.0; +http://www.bing.com/bingbot.htm)" 
69.114.192.157 - - [01/Nov/2016:09:00:45 -0700] "GET /favicon.ico HTTP/1.1" 200 268 "-" "Mozilla/5.0 (Macintosh; Intel Mac OS X 10.11; rv:49.0) Gecko/20100101 Firefox/49.0" 
77.75.77.11 - - [01/Nov/2016:09:03:31 -0700] "GET /robots.txt HTTP/1.1" 200 334 "-" "Mozilla/5.0 (compatible; SeznamBot/3.2; +http://napoveda.seznam.cz/en/seznambot-intro/)" 
77.75.77.11 - - [01/Nov/2016:09:03:33 -0700] "GET /self.logs/?C=M;O=A HTTP/1.1" 200 13796 "-" "Mozilla/5.0 (compatible; SeznamBot/3.2; +http://napoveda.seznam.cz/en/seznambot-intro/)" 
66.249.64.187 - - [01/Nov/2016:09:03:32 -0700] "GET /squid/access.log.gz HTTP/1.1" 200 15981426 "-" "Mozilla/5.0 (Linux; Android 6.0.1; Nexus 5X Build/MMB29P) AppleWebKit/537.36 (KHTML, like Gecko) Chrome/41.0.2272.96 Mobile Safari/537.36 (compatible; Googlebot/2.1; +http://www.google.com/bot.html)" 
163.172.65.191 - - [01/Nov/2016:09:04:57 -0700] "GET /self.logs/access.log.2016-08-12.gz HTTP/1.1" 200 16478 "-" "Mozilla/5.0 (compatible; AhrefsBot/5.1; +http://ahrefs.com/robot/)" 
120.76.247.31 - - [01/Nov/2016:09:07:50 -0700] "GET /honeypot/Honeypot%20-%20Howto.pdf HTTP/1.1" 200 1279418 "-" "Mozilla/4.0 (compatible; MSIE 6.0; Windows NT 5.1)" 
69.114.192.157 - - [01/Nov/2016:09:09:21 -0700] "GET /maccdc2012/http.log.gz HTTP/1.1" 200 760660 "-" "curl/7.43.0" 
69.114.192.157 - - [01/Nov/2016:09:09:29 -0700] "GET /maccdc2012/http.log.gz HTTP/1.1" 200 56420822 "-" "curl/7.43.0" 
207.46.13.169 - - [01/Nov/2016:09:10:35 -0700] "GET /self.logs/access.log.2015-03-31.gz HTTP/1.1" 200 4085 "-" "Mozilla/5.0 (compatible; bingbot/2.0; +http://www.bing.com/bingbot.htm)" 
207.46.13.53 - - [01/Nov/2016:09:13:43 -0700] "GET /self.logs/access.log.2016-09-29.gz HTTP/1.1" 200 12093 "-" "Mozilla/5.0 (compatible; bingbot/2.0; +http://www.bing.com/bingbot.htm)" 
207.46.13.53 - - [01/Nov/2016:09:13:48 -0700] "GET /self.logs/access.log.2015-06-06.gz HTTP/1.1" 200 3261 "-" "Mozilla/5.0 (compatible; bingbot/2.0; +http://www.bing.com/bingbot.htm)" 
207.46.13.53 - - [01/Nov/2016:09:13:48 -0700] "GET /self.logs/access.log.2016-10-14.gz HTTP/1.1" 200 7189 "-" "Mozilla/5.0 (compatible; bingbot/2.0; +http://www.bing.com/bingbot.htm)" 
207.46.13.207 - - [01/Nov/2016:09:13:50 -0700] "GET /robots.txt HTTP/1.1" 200 334 "-" "Mozilla/5.0 (compatible; bingbot/2.0; +http://www.bing.com/bingbot.htm)" 
207.46.13.11 - - [01/Nov/2016:09:13:53 -0700] "GET /self.logs/access.log.2016-08-02.gz HTTP/1.1" 200 9955 "-" "Mozilla/5.0 (compatible; bingbot/2.0; +http://www.bing.com/bingbot.htm)" 
66.249.89.66 - - [01/Nov/2016:09:14:37 -0700] "GET /googleb1a7c9cf768c32be.html HTTP/1.1" 200 384 "-" "Mozilla/5.0 (compatible; Google-Site-Verification/1.0)" 
207.46.13.169 - - [01/Nov/2016:09:18:34 -0700] "GET /self.logs/error.log.2016-03-03.gz HTTP/1.1" 200 1180 "-" "Mozilla/5.0 (compatible; bingbot/2.0; +http://www.bing.com/bingbot.htm)" 
66.249.89.92 - - [01/Nov/2016:09:21:39 -0700] "GET /google30776e34d2e57a82.html HTTP/1.1" 404 340 "-" "Mozilla/5.0 (compatible; Google-Site-Verification/1.0)" 
207.46.13.53 - - [01/Nov/2016:09:21:44 -0700] "GET /self.logs/access.log.2015-06-15.gz HTTP/1.1" 200 7986 "-" "Mozilla/5.0 (compatible; bingbot/2.0; +http://www.bing.com/bingbot.htm)" 
207.46.13.11 - - [01/Nov/2016:09:21:58 -0700] "GET /self.logs/access.log.2016-09-28.gz HTTP/1.1" 200 8358 "-" "Mozilla/5.0 (compatible; bingbot/2.0; +http://www.bing.com/bingbot.htm)" 
46.229.164.100 - - [01/Nov/2016:09:22:57 -0700] "GET /robots.txt HTTP/1.1" 301 465 "-" "Mozilla/5.0 (compatible; SemrushBot/1.1~bl; +http://www.semrush.com/bot.html)" 
46.229.164.100 - - [01/Nov/2016:09:22:57 -0700] "GET /robots.txt HTTP/1.1" 200 297 "-" "Mozilla/5.0 (compatible; SemrushBot/1.1~bl; +http://www.semrush.com/bot.html)" 
207.46.13.53 - - [01/Nov/2016:09:23:29 -0700] "GET /self.logs/error.log.2016-06-29.gz HTTP/1.1" 200 1178 "-" "Mozilla/5.0 (compatible; bingbot/2.0; +http://www.bing.com/bingbot.htm)" 
207.46.13.11 - - [01/Nov/2016:09:23:35 -0700] "GET /self.logs/access.log.2015-09-17.gz HTTP/1.1" 200 6149 "-" "Mozilla/5.0 (compatible; bingbot/2.0; +http://www.bing.com/bingbot.htm)" 
207.46.13.169 - - [01/Nov/2016:09:24:27 -0700] "GET /self.logs/error.log.2016-02-06.gz HTTP/1.1" 200 486 "-" "Mozilla/5.0 (compatible; bingbot/2.0; +http://www.bing.com/bingbot.htm)" 
207.46.13.11 - - [01/Nov/2016:09:25:45 -0700] "GET /self.logs/error.log.2016-01-06.gz HTTP/1.1" 200 726 "-" "Mozilla/5.0 (compatible; bingbot/2.0; +http://www.bing.com/bingbot.htm)" 
73.90.14.92 - - [01/Nov/2016:09:27:07 -0700] "GET / HTTP/1.1" 200 10179 "-" "Mozilla/5.0 (Macintosh; Intel Mac OS X 10_11_6) AppleWebKit/601.7.8 (KHTML, like Gecko)" 
73.90.14.92 - - [01/Nov/2016:09:27:07 -0700] "GET /apple-touch-icon-precomposed.png HTTP/1.1" 404 340 "-" "Safari/11601.7.8 CFNetwork/760.6.3 Darwin/15.6.0 (x86_64)" 
73.90.14.92 - - [01/Nov/2016:09:27:08 -0700] "GET /apple-touch-icon.png HTTP/1.1" 404 339 "-" "Safari/11601.7.8 CFNetwork/760.6.3 Darwin/15.6.0 (x86_64)" 
73.90.14.92 - - [01/Nov/2016:09:27:08 -0700] "GET /apple-touch-icon-precomposed.png HTTP/1.1" 404 339 "-" "Safari/11601.7.8 CFNetwork/760.6.3 Darwin/15.6.0 (x86_64)" 
73.90.14.92 - - [01/Nov/2016:09:27:08 -0700] "GET /apple-touch-icon.png HTTP/1.1" 404 339 "-" "Safari/11601.7.8 CFNetwork/760.6.3 Darwin/15.6.0 (x86_64)" 
207.46.13.169 - - [01/Nov/2016:09:27:59 -0700] "GET /self.logs/access.log.2015-01-22.gz HTTP/1.1" 200 2800 "-" "Mozilla/5.0 (compatible; bingbot/2.0; +http://www.bing.com/bingbot.htm)" 
207.46.13.53 - - [01/Nov/2016:09:28:05 -0700] "GET /self.logs/access.log.2016-07-26.gz HTTP/1.1" 200 9746 "-" "Mozilla/5.0 (compatible; bingbot/2.0; +http://www.bing.com/bingbot.htm)" 
207.46.13.11 - - [01/Nov/2016:09:28:45 -0700] "GET /self.logs/access.log.2016-03-02.gz HTTP/1.1" 200 8485 "-" "Mozilla/5.0 (compatible; bingbot/2.0; +http://www.bing.com/bingbot.htm)" 
207.46.13.11 - - [01/Nov/2016:09:30:38 -0700] "GET /self.logs/error.log.2016-08-06.gz HTTP/1.1" 200 3572 "-" "Mozilla/5.0 (compatible; bingbot/2.0; +http://www.bing.com/bingbot.htm)" 
207.46.13.169 - - [01/Nov/2016:09:30:45 -0700] "GET /self.logs/access.log.2016-05-25.gz HTTP/1.1" 200 22485 "-" "Mozilla/5.0 (compatible; bingbot/2.0; +http://www.bing.com/bingbot.htm)" 
207.46.13.169 - - [01/Nov/2016:09:30:47 -0700] "GET /self.logs/access.log.2016-05-03.gz HTTP/1.1" 200 8764 "-" "Mozilla/5.0 (compatible; bingbot/2.0; +http://www.bing.com/bingbot.htm)" 
207.46.13.53 - - [01/Nov/2016:09:30:53 -0700] "GET /self.logs/access.log.2015-10-04.gz HTTP/1.1" 200 6142 "-" "Mozilla/5.0 (compatible; bingbot/2.0; +http://www.bing.com/bingbot.htm)" 
207.46.13.53 - - [01/Nov/2016:09:30:53 -0700] "GET /self.logs/error.log.2016-09-02.gz HTTP/1.1" 200 771 "-" "Mozilla/5.0 (compatible; bingbot/2.0; +http://www.bing.com/bingbot.htm)" 
207.46.13.53 - - [01/Nov/2016:09:31:26 -0700] "GET /self.logs/access.log.2016-01-25.gz HTTP/1.1" 200 6677 "-" "Mozilla/5.0 (compatible; bingbot/2.0; +http://www.bing.com/bingbot.htm)" 
58.247.249.189 - - [01/Nov/2016:09:32:10 -0700] "GET /honeypot/Honeypot%20-%20Howto.pdf HTTP/1.1" 200 1279418 "-" "Mozilla/4.0 (compatible; MSIE 6.0; Windows NT 5.1)" 
58.247.249.189 - - [01/Nov/2016:09:32:14 -0700] "GET /honeypot/Honeypot%20-%20Howto%20-%20BSides%20Austin.pdf HTTP/1.1" 200 2928404 "-" "Mozilla/4.0 (compatible; MSIE 6.0; Windows NT 5.1)" 
207.46.13.11 - - [01/Nov/2016:09:36:49 -0700] "GET /self.logs/error.log.2015-04-17.gz HTTP/1.1" 200 953 "-" "Mozilla/5.0 (compatible; bingbot/2.0; +http://www.bing.com/bingbot.htm)" 
207.46.13.11 - - [01/Nov/2016:09:37:04 -0700] "GET /self.logs/error.log.2015-12-29.gz HTTP/1.1" 200 698 "-" "Mozilla/5.0 (compatible; bingbot/2.0; +http://www.bing.com/bingbot.htm)" 
207.46.13.11 - - [01/Nov/2016:09:37:05 -0700] "GET /self.logs/access.log.2016-07-29.gz HTTP/1.1" 200 6806 "-" "Mozilla/5.0 (compatible; bingbot/2.0; +http://www.bing.com/bingbot.htm)" 
207.46.13.169 - - [01/Nov/2016:09:37:58 -0700] "GET /self.logs/error.log.2016-04-05.gz HTTP/1.1" 200 1439 "-" "Mozilla/5.0 (compatible; bingbot/2.0; +http://www.bing.com/bingbot.htm)" 
157.55.39.147 - - [01/Nov/2016:09:38:55 -0700] "GET /self.logs/access.log.2016-10-24.gz HTTP/1.1" 200 10652 "-" "Mozilla/5.0 (compatible; bingbot/2.0; +http://www.bing.com/bingbot.htm)" 
207.46.13.169 - - [01/Nov/2016:09:40:10 -0700] "GET /self.logs/access.log.2016-05-10.gz HTTP/1.1" 200 11290 "-" "Mozilla/5.0 (compatible; bingbot/2.0; +http://www.bing.com/bingbot.htm)" 
66.249.64.187 - - [01/Nov/2016:09:40:21 -0700] "GET /maccdc2012/dns.log.gz HTTP/1.1" 200 6629420 "-" "Mozilla/5.0 (Linux; Android 6.0.1; Nexus 5X Build/MMB29P) AppleWebKit/537.36 (KHTML, like Gecko) Chrome/41.0.2272.96 Mobile Safari/537.36 (compatible; Googlebot/2.1; +http://www.google.com/bot.html)" 
207.46.13.169 - - [01/Nov/2016:09:42:26 -0700] "GET /self.logs/access.log.2015-06-24.gz HTTP/1.1" 200 4094 "-" "Mozilla/5.0 (compatible; bingbot/2.0; +http://www.bing.com/bingbot.htm)" 
207.46.13.11 - - [01/Nov/2016:09:44:56 -0700] "GET /self.logs/access.log.2015-05-30.gz HTTP/1.1" 200 3112 "-" "Mozilla/5.0 (compatible; bingbot/2.0; +http://www.bing.com/bingbot.htm)" 
207.46.13.53 - - [01/Nov/2016:09:48:29 -0700] "GET /self.logs/error.log.2015-11-11.gz HTTP/1.1" 200 618 "-" "Mozilla/5.0 (compatible; bingbot/2.0; +http://www.bing.com/bingbot.htm)" 
207.46.13.169 - - [01/Nov/2016:09:49:45 -0700] "GET /self.logs/error.log.2015-03-21.gz HTTP/1.1" 200 818 "-" "Mozilla/5.0 (compatible; bingbot/2.0; +http://www.bing.com/bingbot.htm)" 
207.46.13.169 - - [01/Nov/2016:09:50:32 -0700] "GET /self.logs/access.log.2016-09-11.gz HTTP/1.1" 200 21848 "-" "Mozilla/5.0 (compatible; bingbot/2.0; +http://www.bing.com/bingbot.htm)" 
207.46.13.11 - - [01/Nov/2016:09:50:47 -0700] "GET /self.logs/access.log.2015-06-14.gz HTTP/1.1" 200 4386 "-" "Mozilla/5.0 (compatible; bingbot/2.0; +http://www.bing.com/bingbot.htm)" 
207.46.13.169 - - [01/Nov/2016:09:53:03 -0700] "GET /self.logs/error.log.2016-01-19.gz HTTP/1.1" 200 684 "-" "Mozilla/5.0 (compatible; bingbot/2.0; +http://www.bing.com/bingbot.htm)" 
207.46.13.11 - - [01/Nov/2016:09:53:28 -0700] "GET /self.logs/access.log.2016-07-01.gz HTTP/1.1" 200 8865 "-" "Mozilla/5.0 (compatible; bingbot/2.0; +http://www.bing.com/bingbot.htm)" 
207.46.13.53 - - [01/Nov/2016:09:53:32 -0700] "GET /self.logs/access.log.2015-04-27.gz HTTP/1.1" 200 7332 "-" "Mozilla/5.0 (compatible; bingbot/2.0; +http://www.bing.com/bingbot.htm)" 
207.46.13.169 - - [01/Nov/2016:09:54:36 -0700] "GET /self.logs/error.log.2015-07-25.gz HTTP/1.1" 200 622 "-" "Mozilla/5.0 (compatible; bingbot/2.0; +http://www.bing.com/bingbot.htm)" 
207.46.13.53 - - [01/Nov/2016:09:55:56 -0700] "GET /self.logs/access.log.2016-06-02.gz HTTP/1.1" 200 11300 "-" "Mozilla/5.0 (compatible; bingbot/2.0; +http://www.bing.com/bingbot.htm)" 
207.46.13.11 - - [01/Nov/2016:09:56:25 -0700] "GET /self.logs/access.log.2015-06-09.gz HTTP/1.1" 200 8212 "-" "Mozilla/5.0 (compatible; bingbot/2.0; +http://www.bing.com/bingbot.htm)" 
106.38.241.146 - - [01/Nov/2016:09:57:02 -0700] "GET /robots.txt HTTP/1.1" 200 252 "-" "Sogou web spider/4.0(+http://www.sogou.com/docs/help/webmasters.htm#07)" 
106.38.241.146 - - [01/Nov/2016:09:57:05 -0700] "GET / HTTP/1.1" 200 10142 "-" "Sogou web spider/4.0(+http://www.sogou.com/docs/help/webmasters.htm#07)" 
5.248.253.78 - - [01/Nov/2016:10:00:12 -0700] "GET / HTTP/1.1" 200 34061 "http://vavilone.com/" "Mozilla/4.0 (compatible; MSIE 6.0; Windows XP)" 
5.248.253.78 - - [01/Nov/2016:10:00:13 -0700] "GET / HTTP/1.1" 200 34061 "http://vavilone.com/" "Mozilla/4.0 (compatible; MSIE 6.0; Windows XP)" 
207.46.13.11 - - [01/Nov/2016:10:00:13 -0700] "GET /self.logs/error.log.2015-01-18.gz HTTP/1.1" 200 1259 "-" "Mozilla/5.0 (compatible; bingbot/2.0; +http://www.bing.com/bingbot.htm)" 
5.248.253.78 - - [01/Nov/2016:10:00:14 -0700] "GET / HTTP/1.1" 200 34061 "http://vavilone.com/" "Mozilla/4.0 (compatible; MSIE 6.0; Windows XP)" 
207.46.13.169 - - [01/Nov/2016:10:00:36 -0700] "GET /self.logs/access.log.2015-11-24.gz HTTP/1.1" 200 10517 "-" "Mozilla/5.0 (compatible; bingbot/2.0; +http://www.bing.com/bingbot.htm)" 
66.249.88.62 - - [01/Nov/2016:10:00:51 -0700] "GET / HTTP/1.1" 200 10179 "-" "Mozilla/5.0 (X11; Linux x86_64) AppleWebKit/537.36 (KHTML, like Gecko) Chrome/49.0.2623.75 Safari/537.36 Google Favicon" 
66.249.88.62 - - [01/Nov/2016:10:00:51 -0700] "GET /bootstrap/img/favicon.ico HTTP/1.1" 200 589 "-" "Mozilla/5.0 (X11; Linux x86_64) AppleWebKit/537.36 (KHTML, like Gecko) Chrome/49.0.2623.75 Safari/537.36 Google Favicon" 
207.46.13.53 - - [01/Nov/2016:10:01:13 -0700] "GET /self.logs/access.log.2015-05-19.gz HTTP/1.1" 200 4781 "-" "Mozilla/5.0 (compatible; bingbot/2.0; +http://www.bing.com/bingbot.htm)" 
207.46.13.53 - - [01/Nov/2016:10:03:12 -0700] "GET /self.logs/error.log.2015-09-01.gz HTTP/1.1" 200 718 "-" "Mozilla/5.0 (compatible; bingbot/2.0; +http://www.bing.com/bingbot.htm)" 
207.46.13.11 - - [01/Nov/2016:10:03:41 -0700] "GET /self.logs/access.log.2015-09-10.gz HTTP/1.1" 200 6112 "-" "Mozilla/5.0 (compatible; bingbot/2.0; +http://www.bing.com/bingbot.htm)" 
207.46.13.53 - - [01/Nov/2016:10:04:21 -0700] "GET /self.logs/error.log.2016-06-20.gz HTTP/1.1" 200 891 "-" "Mozilla/5.0 (compatible; bingbot/2.0; +http://www.bing.com/bingbot.htm)" 
207.46.13.53 - - [01/Nov/2016:10:04:21 -0700] "GET /self.logs/access.log.2015-07-17.gz HTTP/1.1" 200 4645 "-" "Mozilla/5.0 (compatible; bingbot/2.0; +http://www.bing.com/bingbot.htm)" 
207.46.13.11 - - [01/Nov/2016:10:05:01 -0700] "GET /self.logs/error.log.2015-10-08.gz HTTP/1.1" 200 668 "-" "Mozilla/5.0 (compatible; bingbot/2.0; +http://www.bing.com/bingbot.htm)" 
207.46.13.11 - - [01/Nov/2016:10:05:01 -0700] "GET /self.logs/error.log.2015-12-08.gz HTTP/1.1" 200 665 "-" "Mozilla/5.0 (compatible; bingbot/2.0; +http://www.bing.com/bingbot.htm)" 
207.46.13.169 - - [01/Nov/2016:10:05:30 -0700] "GET /self.logs/access.log.2016-09-18.gz HTTP/1.1" 200 11995 "-" "Mozilla/5.0 (compatible; bingbot/2.0; +http://www.bing.com/bingbot.htm)" 
207.46.13.11 - - [01/Nov/2016:10:05:51 -0700] "GET /self.logs/access.log.2015-02-25.gz HTTP/1.1" 200 2797 "-" "Mozilla/5.0 (compatible; bingbot/2.0; +http://www.bing.com/bingbot.htm)" 
207.46.13.53 - - [01/Nov/2016:10:07:41 -0700] "GET /self.logs/access.log.2015-08-07.gz HTTP/1.1" 200 4635 "-" "Mozilla/5.0 (compatible; bingbot/2.0; +http://www.bing.com/bingbot.htm)" 
207.46.13.169 - - [01/Nov/2016:10:10:07 -0700] "GET /self.logs/access.log.2015-05-26.gz HTTP/1.1" 200 4429 "-" "Mozilla/5.0 (compatible; bingbot/2.0; +http://www.bing.com/bingbot.htm)" 
207.46.13.169 - - [01/Nov/2016:10:13:57 -0700] "GET /self.logs/error.log.2015-11-20.gz HTTP/1.1" 200 1026 "-" "Mozilla/5.0 (compatible; bingbot/2.0; +http://www.bing.com/bingbot.htm)" 
207.46.13.11 - - [01/Nov/2016:10:15:39 -0700] "GET /self.logs/access.log.2015-03-27.gz HTTP/1.1" 200 4057 "-" "Mozilla/5.0 (compatible; bingbot/2.0; +http://www.bing.com/bingbot.htm)" 
207.46.13.53 - - [01/Nov/2016:10:15:43 -0700] "GET /self.logs/access.log.2016-02-15.gz HTTP/1.1" 200 8221 "-" "Mozilla/5.0 (compatible; bingbot/2.0; +http://www.bing.com/bingbot.htm)" 
95.93.96.191 - - [01/Nov/2016:10:17:27 -0700] "GET / HTTP/1.1" 200 10179 "-" "Mozilla/5.0 (Macintosh; Intel Mac OS X 10_11_6) AppleWebKit/537.36 (KHTML, like Gecko) Chrome/53.0.2785.101 Safari/537.36" 
95.93.96.191 - - [01/Nov/2016:10:17:28 -0700] "GET /twitter-icon.png HTTP/1.1" 200 27787 "http://www.secrepo.com/" "Mozilla/5.0 (Macintosh; Intel Mac OS X 10_11_6) AppleWebKit/537.36 (KHTML, like Gecko) Chrome/53.0.2785.101 Safari/537.36" 
95.93.96.191 - - [01/Nov/2016:10:17:28 -0700] "GET /GitHub-Mark.png HTTP/1.1" 200 7428 "http://www.secrepo.com/" "Mozilla/5.0 (Macintosh; Intel Mac OS X 10_11_6) AppleWebKit/537.36 (KHTML, like Gecko) Chrome/53.0.2785.101 Safari/537.36" 
95.93.96.191 - - [01/Nov/2016:10:17:29 -0700] "GET /bootstrap/img/favicon.ico HTTP/1.1" 200 589 "http://www.secrepo.com/" "Mozilla/5.0 (Macintosh; Intel Mac OS X 10_11_6) AppleWebKit/537.36 (KHTML, like Gecko) Chrome/53.0.2785.101 Safari/537.36" 
207.46.13.11 - - [01/Nov/2016:10:17:59 -0700] "GET /self.logs/access.log.2016-05-29.gz HTTP/1.1" 200 8125 "-" "Mozilla/5.0 (compatible; bingbot/2.0; +http://www.bing.com/bingbot.htm)" 
207.46.13.53 - - [01/Nov/2016:10:18:08 -0700] "GET /self.logs/error.log.2015-07-07.gz HTTP/1.1" 200 692 "-" "Mozilla/5.0 (compatible; bingbot/2.0; +http://www.bing.com/bingbot.htm)" 
207.46.13.169 - - [01/Nov/2016:10:19:18 -0700] "GET /self.logs/access.log.2015-07-21.gz HTTP/1.1" 200 5911 "-" "Mozilla/5.0 (compatible; bingbot/2.0; +http://www.bing.com/bingbot.htm)" 
207.46.13.169 - - [01/Nov/2016:10:19:37 -0700] "GET /self.logs/access.log.2016-07-17.gz HTTP/1.1" 200 6448 "-" "Mozilla/5.0 (compatible; bingbot/2.0; +http://www.bing.com/bingbot.htm)" 
207.46.13.11 - - [01/Nov/2016:10:19:59 -0700] "GET /self.logs/error.log.2016-03-01.gz HTTP/1.1" 200 954 "-" "Mozilla/5.0 (compatible; bingbot/2.0; +http://www.bing.com/bingbot.htm)" 
112.5.237.175 - - [01/Nov/2016:10:20:04 -0700] "GET /honeypot/Honeypot HTTP/1.1" 404 340 "-" "Mozilla/4.0 (compatible; MSIE 6.0; Windows NT 5.1; SV1;)" 
207.46.13.11 - - [01/Nov/2016:10:20:47 -0700] "GET /self.logs/access.log.2016-09-21.gz HTTP/1.1" 200 20307 "-" "Mozilla/5.0 (compatible; bingbot/2.0; +http://www.bing.com/bingbot.htm)" 
207.46.13.169 - - [01/Nov/2016:10:23:35 -0700] "GET /self.logs/error.log.2016-04-02.gz HTTP/1.1" 200 660 "-" "Mozilla/5.0 (compatible; bingbot/2.0; +http://www.bing.com/bingbot.htm)" 
180.76.15.148 - - [01/Nov/2016:10:25:29 -0700] "GET /honeypot/Honeypot%20-%20Howto.pdf HTTP/1.1" 200 989880 "-" "Mozilla/5.0 (compatible; Baiduspider/2.0; +http://www.baidu.com/search/spider.html)" 
207.46.13.53 - - [01/Nov/2016:10:26:09 -0700] "GET /self.logs/access.log.2015-06-01.gz HTTP/1.1" 200 4364 "-" "Mozilla/5.0 (compatible; bingbot/2.0; +http://www.bing.com/bingbot.htm)" 
207.46.13.11 - - [01/Nov/2016:10:26:30 -0700] "GET /self.logs/access.log.2016-03-18.gz HTTP/1.1" 200 12825 "-" "Mozilla/5.0 (compatible; bingbot/2.0; +http://www.bing.com/bingbot.htm)" 
207.46.13.11 - - [01/Nov/2016:10:27:32 -0700] "GET /self.logs/error.log.2016-07-02.gz HTTP/1.1" 200 985 "-" "Mozilla/5.0 (compatible; bingbot/2.0; +http://www.bing.com/bingbot.htm)" 
207.46.13.169 - - [01/Nov/2016:10:28:56 -0700] "GET /self.logs/error.log.2015-05-17.gz HTTP/1.1" 200 786 "-" "Mozilla/5.0 (compatible; bingbot/2.0; +http://www.bing.com/bingbot.htm)" 
207.46.13.169 - - [01/Nov/2016:10:29:44 -0700] "GET /self.logs/access.log.2015-07-07.gz HTTP/1.1" 200 4998 "-" "Mozilla/5.0 (compatible; bingbot/2.0; +http://www.bing.com/bingbot.htm)" 
207.46.13.169 - - [01/Nov/2016:10:32:01 -0700] "GET /self.logs/access.log.2015-01-19.gz HTTP/1.1" 200 2836 "-" "Mozilla/5.0 (compatible; bingbot/2.0; +http://www.bing.com/bingbot.htm)" 
207.46.13.11 - - [01/Nov/2016:10:32:08 -0700] "GET /self.logs/access.log.2016-06-04.gz HTTP/1.1" 200 8269 "-" "Mozilla/5.0 (compatible; bingbot/2.0; +http://www.bing.com/bingbot.htm)" 
207.46.13.53 - - [01/Nov/2016:10:32:46 -0700] "GET /self.logs/error.log.2015-07-28.gz HTTP/1.1" 200 689 "-" "Mozilla/5.0 (compatible; bingbot/2.0; +http://www.bing.com/bingbot.htm)" 
207.46.13.169 - - [01/Nov/2016:10:33:41 -0700] "GET /self.logs/access.log.2016-10-03.gz HTTP/1.1" 200 9527 "-" "Mozilla/5.0 (compatible; bingbot/2.0; +http://www.bing.com/bingbot.htm)" 
207.46.13.53 - - [01/Nov/2016:10:33:50 -0700] "GET /self.logs/error.log.2015-05-21.gz HTTP/1.1" 200 824 "-" "Mozilla/5.0 (compatible; bingbot/2.0; +http://www.bing.com/bingbot.htm)" 
207.46.13.169 - - [01/Nov/2016:10:34:57 -0700] "GET /self.logs/access.log.2016-02-02.gz HTTP/1.1" 200 8010 "-" "Mozilla/5.0 (compatible; bingbot/2.0; +http://www.bing.com/bingbot.htm)" 
207.46.13.169 - - [01/Nov/2016:10:35:57 -0700] "GET /self.logs/error.log.2016-08-17.gz HTTP/1.1" 200 1025 "-" "Mozilla/5.0 (compatible; bingbot/2.0; +http://www.bing.com/bingbot.htm)" 
207.46.13.11 - - [01/Nov/2016:10:36:38 -0700] "GET /self.logs/access.log.2016-02-26.gz HTTP/1.1" 200 13351 "-" "Mozilla/5.0 (compatible; bingbot/2.0; +http://www.bing.com/bingbot.htm)" 
207.46.13.53 - - [01/Nov/2016:10:37:17 -0700] "GET /self.logs/error.log.2015-05-14.gz HTTP/1.1" 200 1063 "-" "Mozilla/5.0 (compatible; bingbot/2.0; +http://www.bing.com/bingbot.htm)" 
207.46.13.169 - - [01/Nov/2016:10:37:20 -0700] "GET /self.logs/access.log.2016-08-14.gz HTTP/1.1" 200 13147 "-" "Mozilla/5.0 (compatible; bingbot/2.0; +http://www.bing.com/bingbot.htm)" 
207.46.13.169 - - [01/Nov/2016:10:37:37 -0700] "GET /self.logs/access.log.2015-04-18.gz HTTP/1.1" 200 5726 "-" "Mozilla/5.0 (compatible; bingbot/2.0; +http://www.bing.com/bingbot.htm)" 
207.46.13.11 - - [01/Nov/2016:10:37:42 -0700] "GET /self.logs/access.log.2015-11-21.gz HTTP/1.1" 200 5416 "-" "Mozilla/5.0 (compatible; bingbot/2.0; +http://www.bing.com/bingbot.htm)" 
207.46.13.11 - - [01/Nov/2016:10:37:44 -0700] "GET /self.logs/access.log.2015-09-04.gz HTTP/1.1" 200 7123 "-" "Mozilla/5.0 (compatible; bingbot/2.0; +http://www.bing.com/bingbot.htm)" 
207.46.13.11 - - [01/Nov/2016:10:37:58 -0700] "GET /self.logs/access.log.2015-02-19.gz HTTP/1.1" 200 12948 "-" "Mozilla/5.0 (compatible; bingbot/2.0; +http://www.bing.com/bingbot.htm)" 
207.46.13.169 - - [01/Nov/2016:10:38:32 -0700] "GET /self.logs/error.log.2016-02-15.gz HTTP/1.1" 200 761 "-" "Mozilla/5.0 (compatible; bingbot/2.0; +http://www.bing.com/bingbot.htm)" 
207.46.13.11 - - [01/Nov/2016:10:40:52 -0700] "GET /self.logs/error.log.2016-05-02.gz HTTP/1.1" 200 689 "-" "Mozilla/5.0 (compatible; bingbot/2.0; +http://www.bing.com/bingbot.htm)" 
207.46.13.169 - - [01/Nov/2016:10:41:05 -0700] "GET /self.logs/access.log.2015-05-28.gz HTTP/1.1" 200 4424 "-" "Mozilla/5.0 (compatible; bingbot/2.0; +http://www.bing.com/bingbot.htm)" 
207.46.13.11 - - [01/Nov/2016:10:41:15 -0700] "GET /self.logs/error.log.2016-06-09.gz HTTP/1.1" 200 950 "-" "Mozilla/5.0 (compatible; bingbot/2.0; +http://www.bing.com/bingbot.htm)" 
207.46.13.11 - - [01/Nov/2016:10:41:15 -0700] "GET /self.logs/access.log.2016-08-30.gz HTTP/1.1" 200 9241 "-" "Mozilla/5.0 (compatible; bingbot/2.0; +http://www.bing.com/bingbot.htm)" 
207.46.13.11 - - [01/Nov/2016:10:41:15 -0700] "GET /self.logs/error.log.2015-07-20.gz HTTP/1.1" 200 968 "-" "Mozilla/5.0 (compatible; bingbot/2.0; +http://www.bing.com/bingbot.htm)" 
207.46.13.53 - - [01/Nov/2016:10:42:27 -0700] "GET /self.logs/error.log.2015-03-19.gz HTTP/1.1" 200 880 "-" "Mozilla/5.0 (compatible; bingbot/2.0; +http://www.bing.com/bingbot.htm)" 
207.46.13.169 - - [01/Nov/2016:10:42:32 -0700] "GET /self.logs/access.log.2016-09-24.gz HTTP/1.1" 200 5531 "-" "Mozilla/5.0 (compatible; bingbot/2.0; +http://www.bing.com/bingbot.htm)" 
207.46.13.169 - - [01/Nov/2016:10:43:16 -0700] "GET /self.logs/access.log.2015-12-28.gz HTTP/1.1" 200 9056 "-" "Mozilla/5.0 (compatible; bingbot/2.0; +http://www.bing.com/bingbot.htm)" 
207.46.13.11 - - [01/Nov/2016:10:43:31 -0700] "GET /self.logs/error.log.2016-03-29.gz HTTP/1.1" 200 742 "-" "Mozilla/5.0 (compatible; bingbot/2.0; +http://www.bing.com/bingbot.htm)" 
207.46.13.169 - - [01/Nov/2016:10:44:24 -0700] "GET /self.logs/access.log.2016-03-14.gz HTTP/1.1" 200 13580 "-" "Mozilla/5.0 (compatible; bingbot/2.0; +http://www.bing.com/bingbot.htm)" 
207.46.13.53 - - [01/Nov/2016:10:47:27 -0700] "GET /self.logs/access.log.2016-07-21.gz HTTP/1.1" 200 8411 "-" "Mozilla/5.0 (compatible; bingbot/2.0; +http://www.bing.com/bingbot.htm)" 
207.46.13.53 - - [01/Nov/2016:10:48:04 -0700] "GET /self.logs/access.log.2016-05-26.gz HTTP/1.1" 200 8708 "-" "Mozilla/5.0 (compatible; bingbot/2.0; +http://www.bing.com/bingbot.htm)" 
207.46.13.53 - - [01/Nov/2016:10:48:04 -0700] "GET /self.logs/access.log.2016-01-19.gz HTTP/1.1" 200 6705 "-" "Mozilla/5.0 (compatible; bingbot/2.0; +http://www.bing.com/bingbot.htm)" 
207.46.13.53 - - [01/Nov/2016:10:48:04 -0700] "GET /self.logs/error.log.2016-06-08.gz HTTP/1.1" 200 1002 "-" "Mozilla/5.0 (compatible; bingbot/2.0; +http://www.bing.com/bingbot.htm)" 
123.125.67.219 - - [01/Nov/2016:10:49:29 -0700] "GET /robots.txt HTTP/1.1" 200 297 "-" "Mozilla/5.0 (Windows NT 10.0; WOW64) AppleWebKit/537.36 (KHTML, like Gecko) Chrome/45.0.2454.93 Safari/537.36" 
207.46.13.53 - - [01/Nov/2016:10:50:06 -0700] "GET /self.logs/error.log.2016-04-08.gz HTTP/1.1" 200 729 "-" "Mozilla/5.0 (compatible; bingbot/2.0; +http://www.bing.com/bingbot.htm)" 
207.46.13.11 - - [01/Nov/2016:10:50:15 -0700] "GET /self.logs/access.log.2015-06-26.gz HTTP/1.1" 200 4070 "-" "Mozilla/5.0 (compatible; bingbot/2.0; +http://www.bing.com/bingbot.htm)" 
207.46.13.53 - - [01/Nov/2016:10:50:21 -0700] "GET /self.logs/error.log.2015-06-24.gz HTTP/1.1" 200 876 "-" "Mozilla/5.0 (compatible; bingbot/2.0; +http://www.bing.com/bingbot.htm)" 
207.46.13.53 - - [01/Nov/2016:10:50:34 -0700] "GET /self.logs/error.log.2015-11-05.gz HTTP/1.1" 200 1113 "-" "Mozilla/5.0 (compatible; bingbot/2.0; +http://www.bing.com/bingbot.htm)" 
216.83.16.58 - - [01/Nov/2016:10:50:39 -0700] "GET / HTTP/1.1" 200 10179 "-" "Mozilla/5.0 (Windows NT 10.0; WOW64; rv:49.0) Gecko/20100101 Firefox/49.0" 
216.83.16.58 - - [01/Nov/2016:10:50:39 -0700] "GET /bootstrap/img/favicon.ico HTTP/1.1" 200 589 "-" "Mozilla/5.0 (Windows NT 10.0; WOW64; rv:49.0) Gecko/20100101 Firefox/49.0" 
216.83.16.58 - - [01/Nov/2016:10:50:41 -0700] "GET /twitter-icon.png HTTP/1.1" 200 27787 "http://www.secrepo.com/" "Mozilla/5.0 (Windows NT 10.0; WOW64; rv:49.0) Gecko/20100101 Firefox/49.0" 
216.83.16.58 - - [01/Nov/2016:10:50:41 -0700] "GET /GitHub-Mark.png HTTP/1.1" 200 7428 "http://www.secrepo.com/" "Mozilla/5.0 (Windows NT 10.0; WOW64; rv:49.0) Gecko/20100101 Firefox/49.0" 
163.172.64.178 - - [01/Nov/2016:10:52:44 -0700] "GET /self.logs/access.log.2016-06-04.gz HTTP/1.1" 200 8213 "-" "Mozilla/5.0 (compatible; AhrefsBot/5.1; +http://ahrefs.com/robot/)" 
66.249.64.128 - - [01/Nov/2016:10:53:35 -0700] "GET /maccdc2012/signatures.log.gz HTTP/1.1" 200 605 "-" "Mozilla/5.0 (Linux; Android 6.0.1; Nexus 5X Build/MMB29P) AppleWebKit/537.36 (KHTML, like Gecko) Chrome/41.0.2272.96 Mobile Safari/537.36 (compatible; Googlebot/2.1; +http://www.google.com/bot.html)" 
207.46.13.169 - - [01/Nov/2016:10:56:37 -0700] "GET /self.logs/error.log.2015-12-31.gz HTTP/1.1" 200 650 "-" "Mozilla/5.0 (compatible; bingbot/2.0; +http://www.bing.com/bingbot.htm)" 
207.46.13.11 - - [01/Nov/2016:10:56:48 -0700] "GET /self.logs/error.log.2016-10-11.gz HTTP/1.1" 200 1034 "-" "Mozilla/5.0 (compatible; bingbot/2.0; +http://www.bing.com/bingbot.htm)" 
207.46.13.53 - - [01/Nov/2016:10:58:21 -0700] "GET /self.logs/error.log.2015-03-03.gz HTTP/1.1" 200 910 "-" "Mozilla/5.0 (compatible; bingbot/2.0; +http://www.bing.com/bingbot.htm)" 
163.172.66.88 - - [01/Nov/2016:11:00:47 -0700] "GET /self.logs/error.log.2015-02-20.gz HTTP/1.1" 200 5798 "-" "Mozilla/5.0 (compatible; AhrefsBot/5.1; +http://ahrefs.com/robot/)" 
207.46.13.53 - - [01/Nov/2016:11:01:04 -0700] "GET /self.logs/error.log.2015-10-14.gz HTTP/1.1" 200 887 "-" "Mozilla/5.0 (compatible; bingbot/2.0; +http://www.bing.com/bingbot.htm)" 
207.46.13.169 - - [01/Nov/2016:11:03:23 -0700] "GET /self.logs/error.log.2016-06-30.gz HTTP/1.1" 200 1010 "-" "Mozilla/5.0 (compatible; bingbot/2.0; +http://www.bing.com/bingbot.htm)" 
207.46.13.53 - - [01/Nov/2016:11:03:51 -0700] "GET /self.logs/error.log.2015-09-29.gz HTTP/1.1" 200 672 "-" "Mozilla/5.0 (compatible; bingbot/2.0; +http://www.bing.com/bingbot.htm)" 
207.46.13.169 - - [01/Nov/2016:11:04:43 -0700] "GET /self.logs/access.log.2016-01-14.gz HTTP/1.1" 200 7869 "-" "Mozilla/5.0 (compatible; bingbot/2.0; +http://www.bing.com/bingbot.htm)" 
207.46.13.169 - - [01/Nov/2016:11:06:48 -0700] "GET /self.logs/access.log.2016-08-28.gz HTTP/1.1" 200 7317 "-" "Mozilla/5.0 (compatible; bingbot/2.0; +http://www.bing.com/bingbot.htm)" 
207.46.13.53 - - [01/Nov/2016:11:08:12 -0700] "GET /self.logs/error.log.2015-12-07.gz HTTP/1.1" 200 583 "-" "Mozilla/5.0 (compatible; bingbot/2.0; +http://www.bing.com/bingbot.htm)" 
207.46.13.53 - - [01/Nov/2016:11:08:54 -0700] "GET /self.logs/access.log.2015-11-01.gz HTTP/1.1" 200 6521 "-" "Mozilla/5.0 (compatible; bingbot/2.0; +http://www.bing.com/bingbot.htm)" 
207.46.13.53 - - [01/Nov/2016:11:08:56 -0700] "GET /self.logs/error.log.2016-02-24.gz HTTP/1.1" 200 1096 "-" "Mozilla/5.0 (compatible; bingbot/2.0; +http://www.bing.com/bingbot.htm)" 
207.46.13.11 - - [01/Nov/2016:11:09:31 -0700] "GET /self.logs/access.log.2015-01-29.gz HTTP/1.1" 200 8411 "-" "Mozilla/5.0 (compatible; bingbot/2.0; +http://www.bing.com/bingbot.htm)" 
207.46.13.11 - - [01/Nov/2016:11:10:35 -0700] "GET /self.logs/ HTTP/1.1" 200 13496 "-" "Mozilla/5.0 (iPhone; CPU iPhone OS 7_0 like Mac OS X) AppleWebKit/537.51.1 (KHTML, like Gecko) Version/7.0 Mobile/11A465 Safari/9537.53 (compatible; bingbot/2.0; +http://www.bing.com/bingbot.htm)" 
207.46.13.11 - - [01/Nov/2016:11:11:01 -0700] "GET /self.logs/error.log.2015-05-20.gz HTTP/1.1" 200 813 "-" "Mozilla/5.0 (compatible; bingbot/2.0; +http://www.bing.com/bingbot.htm)" 
207.46.13.169 - - [01/Nov/2016:11:11:45 -0700] "GET /self.logs/access.log.2015-05-09.gz HTTP/1.1" 200 2856 "-" "Mozilla/5.0 (compatible; bingbot/2.0; +http://www.bing.com/bingbot.htm)" 
207.46.13.11 - - [01/Nov/2016:11:11:50 -0700] "GET /self.logs/error.log.2015-08-16.gz HTTP/1.1" 200 2693 "-" "Mozilla/5.0 (compatible; bingbot/2.0; +http://www.bing.com/bingbot.htm)" 
207.46.13.53 - - [01/Nov/2016:11:13:40 -0700] "GET /self.logs/error.log.2016-03-26.gz HTTP/1.1" 200 861 "-" "Mozilla/5.0 (compatible; bingbot/2.0; +http://www.bing.com/bingbot.htm)" 
207.46.13.169 - - [01/Nov/2016:11:13:45 -0700] "GET /self.logs/error.log.2016-06-16.gz HTTP/1.1" 200 1105 "-" "Mozilla/5.0 (compatible; bingbot/2.0; +http://www.bing.com/bingbot.htm)" 
207.46.13.53 - - [01/Nov/2016:11:14:43 -0700] "GET /self.logs/error.log.2015-06-02.gz HTTP/1.1" 200 818 "-" "Mozilla/5.0 (compatible; bingbot/2.0; +http://www.bing.com/bingbot.htm)" 
207.46.13.53 - - [01/Nov/2016:11:14:43 -0700] "GET /self.logs/error.log.2015-04-18.gz HTTP/1.1" 200 1106 "-" "Mozilla/5.0 (compatible; bingbot/2.0; +http://www.bing.com/bingbot.htm)" 
207.46.13.169 - - [01/Nov/2016:11:16:54 -0700] "GET /self.logs/access.log.2015-03-04.gz HTTP/1.1" 200 3489 "-" "Mozilla/5.0 (compatible; bingbot/2.0; +http://www.bing.com/bingbot.htm)" 
