193.252.157.50 - - [31/Aug/2015:01:38:18 -0700] "GET / HTTP/1.1" 200 7423 "http://www2.mlsecproject.org/" "Mozilla/5.0 (Windows NT 6.1; WOW64; rv:24.0) Gecko/20100101 Firefox/24.0" 
199.19.249.196 - - [31/Aug/2015:01:38:18 -0700] "GET / HTTP/1.1" 200 24692 "-" "Mozilla/4.0 (compatible; MSIE 7.0; Windows NT 5.1; InfoPath.1; .NET CLR 2.0.50727; .NET CLR 1.1.4322; MS-RTC LM 8; .NET CLR 3.0.4506.2152; .NET CLR 3.5.30729)" 
193.252.157.50 - - [31/Aug/2015:01:38:19 -0700] "GET /bootstrap/img/favicon.ico HTTP/1.1" 200 589 "-" "Mozilla/5.0 (Windows NT 6.1; WOW64; rv:24.0) Gecko/20100101 Firefox/24.0" 
193.252.157.50 - - [31/Aug/2015:01:38:19 -0700] "GET /GitHub-Mark.png HTTP/1.1" 200 7427 "http://www.secrepo.com/" "Mozilla/5.0 (Windows NT 6.1; WOW64; rv:24.0) Gecko/20100101 Firefox/24.0" 
193.252.157.50 - - [31/Aug/2015:01:38:19 -0700] "GET /twitter-icon.png HTTP/1.1" 200 27788 "http://www.secrepo.com/" "Mozilla/5.0 (Windows NT 6.1; WOW64; rv:24.0) Gecko/20100101 Firefox/24.0" 
46.119.115.165 - - [31/Aug/2015:01:45:03 -0700] "GET / HTTP/1.1" 200 24692 "-" "Mozilla/5.0 (Windows NT 6.3; WOW64; rv:39.0) Gecko/20100101 Firefox/39.0" 
23.108.97.77 - - [31/Aug/2015:01:57:17 -0700] "GET / HTTP/1.1" 200 7423 "-" "Mozilla/5.0 (X11; Ubuntu; Linux x86_64; rv:34.0) Gecko/20100101 Firefox/34.0" 
104.251.94.97 - - [31/Aug/2015:02:32:16 -0700] "GET /honeypot/BSidesDFW - 2014.ipynb HTTP/1.0" 404 303 "http://www.secrepo.com/" "Mozilla/5.0 (Windows NT 6.1; WOW64) AppleWebKit/537.36 (KHTML, like Gecko) Maxthon/4.4.3.4000 Chrome/30.0.1599.101 Safari/537.36" 
104.251.94.97 - - [31/Aug/2015:02:32:17 -0700] "GET / HTTP/1.1" 200 7423 "http://www.secrepo.com" "Mozilla/5.0 (Windows NT 6.1; WOW64) AppleWebKit/537.36 (KHTML, like Gecko) Maxthon/4.4.3.4000 Chrome/30.0.1599.101 Safari/537.36" 
125.94.55.105 - - [31/Aug/2015:02:37:55 -0700] "GET /favicon.ico HTTP/1.1" 200 268 "-" "Mozilla/5.0 (Windows; U; MSIE 6.0; Windows NT 5.1; SV1; .NET CLR 2.0.50727; BIDUBrowser 7.6)" 
125.94.55.105 - - [31/Aug/2015:02:37:55 -0700] "GET / HTTP/1.1" 200 24691 "-" "Mozilla/5.0 (Windows; U; MSIE 6.0; Windows NT 5.1; SV1; .NET CLR 2.0.50727; BIDUBrowser 7.6)" 
125.94.55.105 - - [31/Aug/2015:02:37:56 -0700] "GET /bootstrap/img/favicon.ico HTTP/1.1" 200 589 "-" "Mozilla/5.0 (Windows; U; MSIE 6.0; Windows NT 5.1; SV1; .NET CLR 2.0.50727; BIDUBrowser 7.6)" 
125.94.55.105 - - [31/Aug/2015:02:38:06 -0700] "GET /favicon.ico HTTP/1.1" 200 268 "-" "Mozilla/5.0 (Windows; U; MSIE 6.0; Windows NT 5.1; SV1; .NET CLR 2.0.50727; BIDUBrowser 7.6)" 
125.94.55.105 - - [31/Aug/2015:02:38:06 -0700] "GET / HTTP/1.1" 200 24691 "-" "Mozilla/5.0 (Windows; U; MSIE 6.0; Windows NT 5.1; SV1; .NET CLR 2.0.50727; BIDUBrowser 7.6)" 
125.94.55.105 - - [31/Aug/2015:02:38:07 -0700] "GET /bootstrap/img/favicon.ico HTTP/1.1" 200 589 "-" "Mozilla/5.0 (Windows; U; MSIE 6.0; Windows NT 5.1; SV1; .NET CLR 2.0.50727; BIDUBrowser 7.6)" 
66.249.84.189 - - [31/Aug/2015:02:44:42 -0700] "GET / HTTP/1.1" 200 7423 "-" "Google favicon" 
66.249.84.186 - - [31/Aug/2015:02:44:42 -0700] "GET /bootstrap/img/favicon.ico HTTP/1.1" 200 590 "-" "Google favicon" 
142.4.106.213 - - [31/Aug/2015:02:50:12 -0700] "GET /honeypot/BSidesDFW%20-%202014.ipynb HTTP/1.1" 200 581080 "-" "Mozilla/4.0 (compatible; MSIE 6.0; Windows NT 5.1)" 
142.4.106.213 - - [31/Aug/2015:02:50:13 -0700] "POST /honeypot/BSidesDFW%20-%202014.ipynb/trackback/ HTTP/1.1" 404 303 "http://www.secrepo.com/honeypot/BSidesDFW - 2014.ipynb" "Mozilla/4.0 (compatible; MSIE 6.0; Windows NT 5.1; SV1; Mozilla/4.0 (compatible; MSIE 6.0; Windows NT 5.1; SV1) )" 
66.249.64.145 - - [31/Aug/2015:02:51:56 -0700] "GET /robots.txt HTTP/1.1" 200 334 "-" "Mozilla/5.0 (compatible; Googlebot/2.1; +http://www.google.com/bot.html)" 
66.249.64.150 - - [31/Aug/2015:02:51:56 -0700] "GET / HTTP/1.1" 200 7423 "-" "Mozilla/5.0 (iPhone; CPU iPhone OS 8_3 like Mac OS X) AppleWebKit/600.1.4 (KHTML, like Gecko) Version/8.0 Mobile/12F70 Safari/600.1.4 (compatible; Googlebot/2.1; +http://www.google.com/bot.html)" 
212.98.207.134 - - [31/Aug/2015:03:14:56 -0700] "GET /bootstrap/img/favicon.ico HTTP/1.1" 200 590 "-" "Mozilla/5.0 (Windows NT 10.0; Win64; x64; rv:41.0) Gecko/20100101 Firefox/41.0" 
98.231.230.118 - - [31/Aug/2015:04:17:54 -0700] "GET /bootstrap/img/favicon.ico HTTP/1.1" 200 590 "-" "Mozilla/5.0 (Windows NT 6.1; WOW64; rv:40.0) Gecko/20100101 Firefox/40.0" 
142.4.106.213 - - [31/Aug/2015:05:12:30 -0700] "GET /honeypot/BSidesDFW%20-%202014.ipynb HTTP/1.1" 200 545043 "-" "Mozilla/4.0 (compatible; MSIE 6.0; Windows NT 5.1; SV1; Mozilla/4.0 (compatible; MSIE 6.0; Windows NT 5.1; SV1) )" 
142.4.106.213 - - [31/Aug/2015:05:12:30 -0700] "POST /honeypot/BSidesDFW%20-%202014.ipynb/trackback/ HTTP/1.1" 404 303 "http://www.secrepo.com/honeypot/BSidesDFW - 2014.ipynb" "Mozilla/4.0 (compatible; MSIE 6.0; Windows NT 5.1; SV1; Mozilla/4.0 (compatible; MSIE 6.0; Windows NT 5.1; SV1) )" 
172.241.201.191 - - [31/Aug/2015:05:16:49 -0700] "GET /honeypot/Honeypot - Howto.pdf HTTP/1.0" 404 303 "http://www.secrepo.com/" "Mozilla/5.0 (Windows NT 6.1; WOW64) AppleWebKit/537.36 (KHTML, like Gecko) Maxthon/4.4.3.4000 Chrome/30.0.1599.101 Safari/537.36" 
172.241.201.191 - - [31/Aug/2015:05:16:49 -0700] "GET / HTTP/1.1" 200 7423 "http://www.secrepo.com" "Mozilla/5.0 (Windows NT 6.1; WOW64) AppleWebKit/537.36 (KHTML, like Gecko) Maxthon/4.4.3.4000 Chrome/30.0.1599.101 Safari/537.36" 
173.230.153.155 - - [31/Aug/2015:05:26:26 -0700] "GET / HTTP/1.1" 200 7423 "https://www.google.com/" "Mozilla/5.0 (iPhone; CPU iPhone OS 8_3 like Mac OS X) AppleWebKit/600.1.4 (KHTML, like Gecko) GSA/7.0.55539 Mobile/12F70 Safari/600.1.4" 
173.230.153.155 - - [31/Aug/2015:05:26:27 -0700] "GET /twitter-icon.png HTTP/1.1" 200 27787 "http://www.secrepo.com/" "Mozilla/5.0 (iPhone; CPU iPhone OS 8_3 like Mac OS X) AppleWebKit/600.1.4 (KHTML, like Gecko) GSA/7.0.55539 Mobile/12F70 Safari/600.1.4" 
173.230.153.155 - - [31/Aug/2015:05:26:28 -0700] "GET /GitHub-Mark.png HTTP/1.1" 200 7428 "http://www.secrepo.com/" "Mozilla/5.0 (iPhone; CPU iPhone OS 8_3 like Mac OS X) AppleWebKit/600.1.4 (KHTML, like Gecko) GSA/7.0.55539 Mobile/12F70 Safari/600.1.4" 
119.147.3.188 - - [31/Aug/2015:06:00:01 -0700] "GET / HTTP/1.0" 200 24692 "-" "Mozilla/5.0 (compatible; MSIE 9.0; Windows NT 6.1; Trident/5.0)" 
183.206.175.2 - - [31/Aug/2015:06:00:20 -0700] "GET / HTTP/1.1" 200 7423 "-" "Mozilla/5.0 (Linux; U; Android 4.1.1; zh-cn; U705T Build/JZO54K) AppleWebKit/533.1 (KHTML, like Gecko)Version/4.0 MQQBrowser/5.4 TBS/025442 Mobile Safari/533.1 V1_AND_SQ_5.6.0_244_YYB_D QQ/5.6.1.2455 NetType/WIFI WebP/0.3.0" 
183.206.175.2 - - [31/Aug/2015:06:00:21 -0700] "GET /GitHub-Mark.png HTTP/1.1" 200 7427 "http://www.secrepo.com/" "Mozilla/5.0 (Linux; U; Android 4.1.1; zh-cn; U705T Build/JZO54K) AppleWebKit/533.1 (KHTML, like Gecko)Version/4.0 MQQBrowser/5.4 TBS/025442 Mobile Safari/533.1 V1_AND_SQ_5.6.0_244_YYB_D QQ/5.6.1.2455 NetType/WIFI WebP/0.3.0" 
183.206.175.2 - - [31/Aug/2015:06:00:21 -0700] "GET /twitter-icon.png HTTP/1.1" 200 27788 "http://www.secrepo.com/" "Mozilla/5.0 (Linux; U; Android 4.1.1; zh-cn; U705T Build/JZO54K) AppleWebKit/533.1 (KHTML, like Gecko)Version/4.0 MQQBrowser/5.4 TBS/025442 Mobile Safari/533.1 V1_AND_SQ_5.6.0_244_YYB_D QQ/5.6.1.2455 NetType/WIFI WebP/0.3.0" 
173.230.153.155 - - [31/Aug/2015:06:01:16 -0700] "GET /honeypot/Honeypot%20-%20Howto%20-%20BSides%20Austin.pdf HTTP/1.1" 200 2928460 "http://www.secrepo.com/" "Mozilla/5.0 (iPhone; CPU iPhone OS 8_3 like Mac OS X) AppleWebKit/600.1.4 (KHTML, like Gecko) GSA/7.0.55539 Mobile/12F70 Safari/600.1.4" 
193.140.89.100 - - [31/Aug/2015:06:11:33 -0700] "GET / HTTP/1.1" 200 7423 "-" "Mozilla/5.0 (Windows NT 6.3; WOW64) AppleWebKit/537.36 (KHTML, like Gecko) Chrome/44.0.2403.157 Safari/537.36" 
193.140.89.100 - - [31/Aug/2015:06:11:33 -0700] "GET /twitter-icon.png HTTP/1.1" 200 27787 "http://www.secrepo.com/" "Mozilla/5.0 (Windows NT 6.3; WOW64) AppleWebKit/537.36 (KHTML, like Gecko) Chrome/44.0.2403.157 Safari/537.36" 
193.140.89.100 - - [31/Aug/2015:06:11:33 -0700] "GET /GitHub-Mark.png HTTP/1.1" 200 7428 "http://www.secrepo.com/" "Mozilla/5.0 (Windows NT 6.3; WOW64) AppleWebKit/537.36 (KHTML, like Gecko) Chrome/44.0.2403.157 Safari/537.36" 
193.140.89.100 - - [31/Aug/2015:06:11:34 -0700] "GET /bootstrap/img/favicon.ico HTTP/1.1" 200 589 "http://www.secrepo.com/" "Mozilla/5.0 (Windows NT 6.3; WOW64) AppleWebKit/537.36 (KHTML, like Gecko) Chrome/44.0.2403.157 Safari/537.36" 
101.226.66.177 - - [31/Aug/2015:06:13:31 -0700] "GET / HTTP/1.1" 200 24681 "-" "Mozilla/5.0 (Linux; U; Android 4.4.2; zh-cn; GT-I9500 Build/KOT49H) AppleWebKit/537.36 (KHTML, like Gecko)Version/4.0 MQQBrowser/5.0 QQ-Manager Mobile Safari/537.36" 
101.226.66.177 - - [31/Aug/2015:06:13:36 -0700] "GET / HTTP/1.1" 200 24681 "-" "Mozilla/5.0 (Linux; U; Android 4.4.2; zh-cn; GT-I9500 Build/KOT49H) AppleWebKit/537.36 (KHTML, like Gecko)Version/4.0 MQQBrowser/5.0 QQ-Manager Mobile Safari/537.36" 
129.67.150.180 - - [31/Aug/2015:06:16:33 -0700] "GET / HTTP/1.1" 200 7423 "https://www.google.co.uk" "Mozilla/5.0 (Windows NT 6.1; WOW64; rv:40.0) Gecko/20100101 Firefox/40.0" 
129.67.150.180 - - [31/Aug/2015:06:16:33 -0700] "GET /twitter-icon.png HTTP/1.1" 200 27787 "http://www.secrepo.com/" "Mozilla/5.0 (Windows NT 6.1; WOW64; rv:40.0) Gecko/20100101 Firefox/40.0" 
129.67.150.180 - - [31/Aug/2015:06:16:34 -0700] "GET /GitHub-Mark.png HTTP/1.1" 200 7428 "http://www.secrepo.com/" "Mozilla/5.0 (Windows NT 6.1; WOW64; rv:40.0) Gecko/20100101 Firefox/40.0" 
129.67.150.180 - - [31/Aug/2015:06:16:34 -0700] "GET /bootstrap/img/favicon.ico HTTP/1.1" 200 590 "-" "Mozilla/5.0 (Windows NT 6.1; WOW64; rv:40.0) Gecko/20100101 Firefox/40.0" 
207.46.13.91 - - [31/Aug/2015:06:37:20 -0700] "GET /self.logs/error.log.2015-04-23.gz HTTP/1.1" 301 544 "-" "Mozilla/5.0 (compatible; bingbot/2.0; +http://www.bing.com/bingbot.htm)" 
54.206.99.86 - - [31/Aug/2015:07:33:08 -0700] "GET /wp-login.php HTTP/1.1" 404 340 "-" "Opera/9.80 (Windows NT 6.0) Presto/2.12.388 Version/12.14" 
207.46.13.91 - - [31/Aug/2015:07:36:38 -0700] "GET /self.logs/error.log.2015-03-15.gz HTTP/1.1" 301 543 "-" "Mozilla/5.0 (compatible; bingbot/2.0; +http://www.bing.com/bingbot.htm)" 
66.249.83.189 - - [31/Aug/2015:08:24:51 -0700] "GET / HTTP/1.1" 200 7423 "-" "Google favicon" 
66.249.83.189 - - [31/Aug/2015:08:24:51 -0700] "GET /bootstrap/img/favicon.ico HTTP/1.1" 200 589 "-" "Google favicon" 
5.196.72.238 - - [31/Aug/2015:08:29:32 -0700] "GET /robots.txt HTTP/1.0" 200 252 "-" "Mozilla/5.0 (compatible; MJ12bot/v1.4.5; http://www.majestic12.co.uk/bot.php?+)" 
5.196.72.238 - - [31/Aug/2015:08:29:34 -0700] "GET /honeypot//%22http://amunhoney.sourceforge.net//%22 HTTP/1.0" 404 284 "-" "Mozilla/5.0 (compatible; MJ12bot/v1.4.5; http://www.majestic12.co.uk/bot.php?+)" 
5.196.72.238 - - [31/Aug/2015:08:29:36 -0700] "GET /honeypot//%22http://glastopf.org//%22 HTTP/1.0" 404 303 "-" "Mozilla/5.0 (compatible; MJ12bot/v1.4.5; http://www.majestic12.co.uk/bot.php?+)" 
5.196.72.238 - - [31/Aug/2015:08:29:38 -0700] "GET /honeypot//%22http://www.maxmind.com/%22 HTTP/1.0" 404 303 "-" "Mozilla/5.0 (compatible; MJ12bot/v1.4.5; http://www.majestic12.co.uk/bot.php?+)" 
5.196.72.238 - - [31/Aug/2015:08:29:39 -0700] "GET /honeypot//%22https://twitter.com/sooshie/%22 HTTP/1.0" 404 303 "-" "Mozilla/5.0 (compatible; MJ12bot/v1.4.5; http://www.majestic12.co.uk/bot.php?+)" 
5.196.72.238 - - [31/Aug/2015:08:29:41 -0700] "GET /honeypot//%22https://twitter.com/theroxyd/%22 HTTP/1.0" 404 303 "-" "Mozilla/5.0 (compatible; MJ12bot/v1.4.5; http://www.majestic12.co.uk/bot.php?+)" 
207.46.13.91 - - [31/Aug/2015:09:07:40 -0700] "GET /honeypot/BSidesDFW%20-%202014.ipynb HTTP/1.1" 200 930836 "-" "Mozilla/5.0 (iPhone; CPU iPhone OS 7_0 like Mac OS X) AppleWebKit/537.51.1 (KHTML, like Gecko) Version/7.0 Mobile/11A465 Safari/9537.53 (compatible; bingbot/2.0;  http://www.bing.com/bingbot.htm)" 
207.46.13.29 - - [31/Aug/2015:09:09:37 -0700] "GET /robots.txt HTTP/1.1" 200 334 "-" "Mozilla/5.0 (compatible; bingbot/2.0; +http://www.bing.com/bingbot.htm)" 
217.73.208.144 - - [31/Aug/2015:09:13:16 -0700] "GET /robots.txt HTTP/1.0" 200 297 "-" "tbot-nutch/Nutch-1.10" 
217.73.208.144 - - [31/Aug/2015:09:13:16 -0700] "GET /honeypot/Honeypot - Howto.pdf HTTP/1.0" 404 303 "-" "tbot-nutch/Nutch-1.10" 
189.4.102.22 - - [31/Aug/2015:09:54:48 -0700] "GET / HTTP/1.1" 301 483 "http://success-seo.com/try.php?u=http://secrepo.com" "Mozilla/5.0 (Windows NT 6.1; WOW64) AppleWebKit/537.36 (KHTML, like Gecko) Chrome/36.0.1985.143 Safari/537.36" 
189.4.102.22 - - [31/Aug/2015:09:54:49 -0700] "GET / HTTP/1.1" 200 7423 "http://success-seo.com/try.php?u=http://secrepo.com" "Mozilla/5.0 (Windows NT 6.1; WOW64) AppleWebKit/537.36 (KHTML, like Gecko) Chrome/36.0.1985.143 Safari/537.36" 
189.4.102.22 - - [31/Aug/2015:09:54:49 -0700] "GET /twitter-icon.png HTTP/1.1" 200 27787 "http://www.secrepo.com/" "Mozilla/5.0 (Windows NT 6.1; WOW64) AppleWebKit/537.36 (KHTML, like Gecko) Chrome/36.0.1985.143 Safari/537.36" 
189.4.102.22 - - [31/Aug/2015:09:54:50 -0700] "GET /GitHub-Mark.png HTTP/1.1" 200 7428 "http://www.secrepo.com/" "Mozilla/5.0 (Windows NT 6.1; WOW64) AppleWebKit/537.36 (KHTML, like Gecko) Chrome/36.0.1985.143 Safari/537.36" 
200.144.115.82 - - [31/Aug/2015:10:26:57 -0700] "GET / HTTP/1.1" 200 7423 "-" "Mozilla/5.0 (Macintosh; Intel Mac OS X 10_10_5) AppleWebKit/537.36 (KHTML, like Gecko) Chrome/44.0.2403.157 Safari/537.36" 
200.144.115.82 - - [31/Aug/2015:10:26:57 -0700] "GET /twitter-icon.png HTTP/1.1" 200 27787 "http://www.secrepo.com/" "Mozilla/5.0 (Macintosh; Intel Mac OS X 10_10_5) AppleWebKit/537.36 (KHTML, like Gecko) Chrome/44.0.2403.157 Safari/537.36" 
200.144.115.82 - - [31/Aug/2015:10:26:58 -0700] "GET /GitHub-Mark.png HTTP/1.1" 200 7427 "http://www.secrepo.com/" "Mozilla/5.0 (Macintosh; Intel Mac OS X 10_10_5) AppleWebKit/537.36 (KHTML, like Gecko) Chrome/44.0.2403.157 Safari/537.36" 
200.144.115.82 - - [31/Aug/2015:10:27:01 -0700] "GET /bootstrap/img/favicon.ico HTTP/1.1" 200 590 "http://www.secrepo.com/" "Mozilla/5.0 (Macintosh; Intel Mac OS X 10_10_5) AppleWebKit/537.36 (KHTML, like Gecko) Chrome/44.0.2403.157 Safari/537.36" 
157.55.39.106 - - [31/Aug/2015:10:49:15 -0700] "GET /self.logs/error.log.2015-04-02.gz HTTP/1.1" 301 543 "-" "Mozilla/5.0 (compatible; bingbot/2.0; +http://www.bing.com/bingbot.htm)" 
192.187.113.250 - - [31/Aug/2015:11:12:30 -0700] "GET /honeypot/Honeypot%20-%20Howto.pdf HTTP/1.1" 418 584 "-" "Mozilla/4.0 (compatible; MSIE 6.0; Windows NT 5.1; SV1)" 
192.187.113.250 - - [31/Aug/2015:11:15:57 -0700] "GET /honeypot/Honeypot%20-%20Howto%20-%20BSides%20Austin.pdf HTTP/1.1" 200 1405210 "-" "Mozilla/4.0 (compatible; MSIE 6.0; Windows NT 5.1; SV1; Mozilla/4.0 (compatible; MSIE 6.0; Windows NT 5.1; SV1) ; .NET CLR 1.0.3705)" 
117.177.243.71 - - [31/Aug/2015:11:37:43 -0700] "GET /honeypot/Honeypot%20-%20Howto%20-%20BSides%20Austin.pdf HTTP/1.1" 200 1375320 "http://www.secrepo.com/" "Mozilla/5.0 (Windows NT 6.1; WOW64) AppleWebKit/537.36 (KHTML, like Gecko) Maxthon/4.4.4.600 Chrome/30.0.1599.101 Safari/537.36" 
117.136.234.6 - - [31/Aug/2015:11:38:51 -0700] "GET http://www.secrepo.com/honeypot/Honeypot%20-%20Howto%20-%20BSides%20Austin.pdf HTTP/1.0" 200 1537380 "http://www.secrepo.com/" "Mozilla/5.0 (Windows NT 6.1; WOW64) AppleWebKit/537.36 (KHTML, like Gecko) Maxthon/4.4.4.600 Chrome/30.0.1599.101 Safari/537.36" 
202.106.182.248 - - [31/Aug/2015:11:40:06 -0700] "GET /honeypot/Honeypot%20-%20Howto%20-%20BSides%20Austin.pdf HTTP/1.1" 200 970900 "http://www.secrepo.com/" "Mozilla/5.0 (Windows NT 6.1; WOW64) AppleWebKit/537.36 (KHTML, like Gecko) Maxthon/4.4.4.600 Chrome/30.0.1599.101 Safari/537.36" 
52.4.182.15 - - [31/Aug/2015:11:43:38 -0700] "GET /robots.txt HTTP/1.1" 200 304 "-" "Mozilla/5.0 (Macintosh; Intel Mac OS X 10.9; rv:28.0) Gecko/20100101 Firefox/28.0 (FlipboardProxy/1.1; +http://flipboard.com/browserproxy)" 
52.4.182.15 - - [31/Aug/2015:11:43:38 -0700] "GET / HTTP/1.1" 200 7367 "-" "Mozilla/5.0 (Macintosh; Intel Mac OS X 10.9; rv:28.0) Gecko/20100101 Firefox/28.0 (FlipboardProxy/1.1; +http://flipboard.com/browserproxy)" 
207.46.13.91 - - [31/Aug/2015:11:49:39 -0700] "GET / HTTP/1.1" 301 483 "-" "Mozilla/5.0 (compatible; bingbot/2.0; +http://www.bing.com/bingbot.htm)" 
207.46.13.91 - - [31/Aug/2015:11:56:08 -0700] "GET / HTTP/1.1" 200 7423 "-" "Mozilla/5.0 (compatible; bingbot/2.0; +http://www.bing.com/bingbot.htm)" 
180.76.15.11 - - [31/Aug/2015:11:57:16 -0700] "GET / HTTP/1.1" 200 24681 "-" "Mozilla/5.0 (compatible; Baiduspider/2.0; +http://www.baidu.com/search/spider.html)" 
180.76.15.151 - - [31/Aug/2015:11:57:54 -0700] "GET / HTTP/1.1" 200 24681 "-" "Mozilla/5.0 (compatible; Baiduspider/2.0; +http://www.baidu.com/search/spider.html)" 
90.176.61.73 - - [31/Aug/2015:13:16:16 -0700] "GET /honeypot/BSidesDFW%20-%202014.ipynb HTTP/1.1" 200 930836 "https://www.google.cz" "Mozilla/5.0 (Windows NT 6.1; WOW64; rv:40.0) Gecko/20100101 Firefox/40.0" 
90.176.61.73 - - [31/Aug/2015:13:16:17 -0700] "GET /favicon.ico HTTP/1.1" 200 267 "-" "Mozilla/5.0 (Windows NT 6.1; WOW64; rv:40.0) Gecko/20100101 Firefox/40.0" 
192.187.113.250 - - [31/Aug/2015:13:16:43 -0700] "GET /honeypot/Honeypot%20-%20Howto.pdf HTTP/1.1" 200 1279418 "-" "Mozilla/4.0 (compatible; MSIE 6.0; Windows NT 5.1; SV1; Mozilla/4.0 (compatible; MSIE 6.0; Windows NT 5.1; SV1) )" 
192.187.113.250 - - [31/Aug/2015:13:25:00 -0700] "GET /honeypot/Honeypot%20-%20Howto%20-%20BSides%20Austin.pdf HTTP/1.1" 200 1538840 "-" "Mozilla/4.0 (compatible; MSIE 6.0; Windows NT 5.1; SV1; Mozilla/4.0 (compatible; MSIE 6.0; Windows NT 5.1; SV1) ; .NET CLR 1.0.3705)" 
207.46.13.111 - - [31/Aug/2015:13:30:45 -0700] "GET /robots.txt HTTP/1.1" 301 518 "-" "Mozilla/5.0 (compatible; bingbot/2.0; +http://www.bing.com/bingbot.htm)" 
207.46.13.111 - - [31/Aug/2015:13:30:45 -0700] "GET /robots.txt HTTP/1.1" 200 288 "-" "Mozilla/5.0 (compatible; bingbot/2.0; +http://www.bing.com/bingbot.htm)" 
207.46.13.111 - - [31/Aug/2015:13:32:30 -0700] "GET /self.logs/error.log.2015-04-23.gz HTTP/1.1" 301 544 "-" "Mozilla/5.0 (compatible; bingbot/2.0; +http://www.bing.com/bingbot.htm)" 
106.38.241.166 - - [31/Aug/2015:13:52:05 -0700] "GET /robots.txt HTTP/1.1" 200 252 "-" "Sogou web spider/4.0(+http://www.sogou.com/docs/help/webmasters.htm#07)" 
106.38.241.166 - - [31/Aug/2015:13:52:21 -0700] "GET / HTTP/1.1" 304 152 "-" "Sogou web spider/4.0(+http://www.sogou.com/docs/help/webmasters.htm#07)" 
192.187.113.250 - - [31/Aug/2015:14:01:33 -0700] "GET /honeypot/Honeypot%20-%20Howto.pdf HTTP/1.1" 200 1279418 "-" "Mozilla/4.0 (compatible; MSIE 6.0; Windows NT 5.1; SV1; Mozilla/4.0 (compatible; MSIE 6.0; Windows NT 5.1; SV1) ; .NET CLR 1.0.3705)" 
207.46.13.91 - - [31/Aug/2015:14:11:07 -0700] "GET /self.logs/error.log.2015-04-30.gz HTTP/1.1" 301 544 "-" "Mozilla/5.0 (compatible; bingbot/2.0; +http://www.bing.com/bingbot.htm)" 
192.187.113.250 - - [31/Aug/2015:14:24:08 -0700] "GET /honeypot/Honeypot%20-%20Howto%20-%20BSides%20Austin.pdf HTTP/1.1" 200 1338820 "-" "Mozilla/4.0 (compatible; MSIE 6.0; Windows NT 5.1; SV1; Mozilla/4.0 (compatible; MSIE 6.0; Windows NT 5.1; SV1) ; .NET CLR 1.0.3705)" 
68.180.229.162 - - [31/Aug/2015:14:28:23 -0700] "GET /robots.txt HTTP/1.1" 200 233 "-" "Mozilla/5.0 (compatible; Yahoo! Slurp; http://help.yahoo.com/help/us/ysearch/slurp)" 
157.55.39.106 - - [31/Aug/2015:14:38:35 -0700] "GET /self.logs/error.log.2015-04-23.gz HTTP/1.1" 301 544 "-" "Mozilla/5.0 (compatible; bingbot/2.0; +http://www.bing.com/bingbot.htm)" 
217.73.208.144 - - [31/Aug/2015:15:07:39 -0700] "GET /robots.txt HTTP/1.0" 200 297 "-" "tbot-nutch/Nutch-1.10" 
217.73.208.144 - - [31/Aug/2015:15:07:40 -0700] "GET /honeypot/BSidesDFW - 2014.ipynb HTTP/1.0" 404 303 "-" "tbot-nutch/Nutch-1.10" 
108.5.112.19 - - [31/Aug/2015:15:24:03 -0700] "GET / HTTP/1.1" 200 7423 "-" "Mozilla/5.0 (Macintosh; Intel Mac OS X 10_10_5) AppleWebKit/600.8.9 (KHTML, like Gecko) Version/8.0.8 Safari/600.8.9" 
108.5.112.19 - - [31/Aug/2015:15:24:03 -0700] "GET /twitter-icon.png HTTP/1.1" 200 27787 "http://www.secrepo.com/" "Mozilla/5.0 (Macintosh; Intel Mac OS X 10_10_5) AppleWebKit/600.8.9 (KHTML, like Gecko) Version/8.0.8 Safari/600.8.9" 
108.5.112.19 - - [31/Aug/2015:15:24:03 -0700] "GET /GitHub-Mark.png HTTP/1.1" 200 7428 "http://www.secrepo.com/" "Mozilla/5.0 (Macintosh; Intel Mac OS X 10_10_5) AppleWebKit/600.8.9 (KHTML, like Gecko) Version/8.0.8 Safari/600.8.9" 
217.73.208.144 - - [31/Aug/2015:15:24:42 -0700] "GET /data HTTP/1.0" 404 303 "-" "tbot-nutch/Nutch-1.10" 
157.55.39.106 - - [31/Aug/2015:15:30:58 -0700] "GET /self.logs/error.log.2015-04-30.gz HTTP/1.1" 301 544 "-" "Mozilla/5.0 (compatible; bingbot/2.0; +http://www.bing.com/bingbot.htm)" 
217.73.208.144 - - [31/Aug/2015:15:36:12 -0700] "GET /honeypot/Honeypot - Howto - BSides Austin.pdf HTTP/1.0" 404 303 "-" "tbot-nutch/Nutch-1.10" 
66.173.69.61 - - [31/Aug/2015:15:37:12 -0700] "GET / HTTP/1.1" 200 7423 "http://www2.mlsecproject.org/" "Mozilla/5.0 (Macintosh; Intel Mac OS X 10_10_0) AppleWebKit/537.36 (KHTML, like Gecko) Chrome/44.0.2403.157 Safari/537.36" 
66.173.69.61 - - [31/Aug/2015:15:37:13 -0700] "GET /twitter-icon.png HTTP/1.1" 200 27787 "http://www.secrepo.com/" "Mozilla/5.0 (Macintosh; Intel Mac OS X 10_10_0) AppleWebKit/537.36 (KHTML, like Gecko) Chrome/44.0.2403.157 Safari/537.36" 
66.173.69.61 - - [31/Aug/2015:15:37:13 -0700] "GET /GitHub-Mark.png HTTP/1.1" 200 7428 "http://www.secrepo.com/" "Mozilla/5.0 (Macintosh; Intel Mac OS X 10_10_0) AppleWebKit/537.36 (KHTML, like Gecko) Chrome/44.0.2403.157 Safari/537.36" 
66.173.69.61 - - [31/Aug/2015:15:37:14 -0700] "GET /bootstrap/img/favicon.ico HTTP/1.1" 200 589 "http://www.secrepo.com/" "Mozilla/5.0 (Macintosh; Intel Mac OS X 10_10_0) AppleWebKit/537.36 (KHTML, like Gecko) Chrome/44.0.2403.157 Safari/537.36" 
192.187.113.250 - - [31/Aug/2015:16:20:34 -0700] "GET /honeypot/Honeypot%20-%20Howto.pdf HTTP/1.1" 418 584 "-" "Mozilla/4.0 (compatible; MSIE 6.0; Windows NT 5.1; SV1)" 
192.187.113.250 - - [31/Aug/2015:16:20:34 -0700] "GET /honeypot/Honeypot%20-%20Howto.pdf HTTP/1.1" 418 584 "-" "Mozilla/4.0 (compatible; MSIE 6.0; Windows NT 5.1; SV1)" 
192.187.113.250 - - [31/Aug/2015:16:20:34 -0700] "GET /honeypot/Honeypot%20-%20Howto.pdf HTTP/1.1" 200 1279418 "-" "Mozilla/4.0 (compatible; MSIE 6.0; Windows NT 5.1; SV1; Mozilla/4.0 (compatible; MSIE 6.0; Windows NT 5.1; SV1) ; .NET CLR 2.0.50727 ; .NET CLR 4.0.30319)" 
192.187.113.250 - - [31/Aug/2015:16:20:35 -0700] "GET /honeypot/Honeypot%20-%20Howto.pdf HTTP/1.1" 200 1279418 "-" "Mozilla/4.0 (compatible; MSIE 6.0; Windows NT 5.1; SV1; Mozilla/4.0 (compatible; MSIE 6.0; Windows NT 5.1; SV1) ; .NET CLR 2.0.50727 ; .NET CLR 4.0.30319)" 
192.187.113.250 - - [31/Aug/2015:16:25:09 -0700] "GET /honeypot/Honeypot%20-%20Howto%20-%20BSides%20Austin.pdf HTTP/1.1" 418 584 "-" "Mozilla/4.0 (compatible; MSIE 6.0; Windows NT 5.1; SV1)" 
192.187.113.250 - - [31/Aug/2015:16:25:09 -0700] "GET /honeypot/Honeypot%20-%20Howto%20-%20BSides%20Austin.pdf HTTP/1.1" 200 1337360 "-" "Mozilla/4.0 (compatible; MSIE 6.0; Windows NT 5.1; SV1; Mozilla/4.0 (compatible; MSIE 6.0; Windows NT 5.1; SV1) ; .NET CLR 1.0.3705)" 
192.187.113.250 - - [31/Aug/2015:16:25:10 -0700] "GET /honeypot/Honeypot%20-%20Howto%20-%20BSides%20Austin.pdf HTTP/1.1" 200 1341740 "-" "Mozilla/4.0 (compatible; MSIE 6.0; Windows NT 5.1; SV1; Mozilla/4.0 (compatible; MSIE 6.0; Windows NT 5.1; SV1) ; .NET CLR 1.0.3705)" 
192.187.113.250 - - [31/Aug/2015:16:25:10 -0700] "GET /honeypot/Honeypot%20-%20Howto%20-%20BSides%20Austin.pdf HTTP/1.1" 200 1430800 "-" "Mozilla/4.0 (compatible; MSIE 6.0; Windows NT 5.1; SV1; Mozilla/4.0 (compatible; MSIE 6.0; Windows NT 5.1; SV1) ; .NET CLR 2.0.50727 ; .NET CLR 4.0.30319)" 
192.187.113.250 - - [31/Aug/2015:16:25:27 -0700] "GET /honeypot/Honeypot%20-%20Howto.pdf HTTP/1.1" 200 1246840 "-" "Mozilla/4.0 (compatible; MSIE 6.0; Windows NT 5.1)" 
192.187.113.250 - - [31/Aug/2015:16:27:54 -0700] "GET /honeypot/Honeypot%20-%20Howto%20-%20BSides%20Austin.pdf HTTP/1.1" 418 584 "-" "Mozilla/4.0 (compatible; MSIE 6.0; Windows NT 5.1; SV1)" 
172.241.201.192 - - [31/Aug/2015:17:43:00 -0700] "GET /honeypot/Honeypot - Howto.pdf HTTP/1.0" 404 303 "http://www.secrepo.com/" "Mozilla/5.0 (Windows NT 6.1; WOW64) AppleWebKit/537.36 (KHTML, like Gecko) Maxthon/4.4.3.4000 Chrome/30.0.1599.101 Safari/537.36" 
172.241.201.192 - - [31/Aug/2015:17:43:01 -0700] "GET / HTTP/1.1" 200 7423 "http://www.secrepo.com" "Mozilla/5.0 (Windows NT 6.1; WOW64) AppleWebKit/537.36 (KHTML, like Gecko) Maxthon/4.4.3.4000 Chrome/30.0.1599.101 Safari/537.36" 
66.249.64.145 - - [31/Aug/2015:17:51:44 -0700] "GET /honeypot/Honeypot%20-%20Howto.pdf HTTP/1.1" 304 168 "-" "Mozilla/5.0 (compatible; Googlebot/2.1; +http://www.google.com/bot.html)" 
218.94.96.169 - - [31/Aug/2015:17:56:05 -0700] "GET / HTTP/1.1" 200 7423 "-" "Mozilla/5.0 (Windows NT 6.1; WOW64) AppleWebKit/537.36 (KHTML, like Gecko) Chrome/43.0.2357.132 Safari/537.36" 
218.94.96.169 - - [31/Aug/2015:17:56:06 -0700] "GET /twitter-icon.png HTTP/1.1" 200 27788 "http://www.secrepo.com/" "Mozilla/5.0 (Windows NT 6.1; WOW64) AppleWebKit/537.36 (KHTML, like Gecko) Chrome/43.0.2357.132 Safari/537.36" 
218.94.96.169 - - [31/Aug/2015:17:56:07 -0700] "GET /GitHub-Mark.png HTTP/1.1" 200 7427 "http://www.secrepo.com/" "Mozilla/5.0 (Windows NT 6.1; WOW64) AppleWebKit/537.36 (KHTML, like Gecko) Chrome/43.0.2357.132 Safari/537.36" 
218.94.96.169 - - [31/Aug/2015:17:56:43 -0700] "GET /bootstrap/img/favicon.ico HTTP/1.1" 200 590 "http://www.secrepo.com/" "Mozilla/5.0 (Windows NT 6.1; WOW64) AppleWebKit/537.36 (KHTML, like Gecko) Chrome/43.0.2357.132 Safari/537.36" 
180.153.81.163 - - [31/Aug/2015:17:57:50 -0700] "GET / HTTP/1.1" 200 7386 "http://url.cn/drkt5F" "Mozilla/5.0 (compatible; MSIE 9.0; Windows NT 6.1; Trident/5.0)" 
218.94.96.169 - - [31/Aug/2015:18:02:14 -0700] "GET / HTTP/1.1" 200 7423 "-" "Mozilla/5.0 (Windows NT 6.1; WOW64) AppleWebKit/537.36 (KHTML, like Gecko) Chrome/43.0.2357.132 Safari/537.36" 
218.94.96.169 - - [31/Aug/2015:18:02:17 -0700] "GET / HTTP/1.1" 200 7423 "-" "Mozilla/5.0 (Windows NT 6.1; WOW64) AppleWebKit/537.36 (KHTML, like Gecko) Chrome/42.0.2311.152 Safari/537.36" 
218.94.96.169 - - [31/Aug/2015:18:02:17 -0700] "GET /favicon.ico HTTP/1.1" 200 268 "-" "Mozilla/5.0 (Windows NT 6.1; WOW64) AppleWebKit/537.36 (KHTML, like Gecko) Chrome/42.0.2311.152 Safari/537.36" 
218.94.96.169 - - [31/Aug/2015:18:02:21 -0700] "GET /twitter-icon.png HTTP/1.1" 200 27788 "http://www.secrepo.com/" "Mozilla/5.0 (Windows NT 6.1; WOW64) AppleWebKit/537.36 (KHTML, like Gecko) Chrome/42.0.2311.152 Safari/537.36" 
218.94.96.169 - - [31/Aug/2015:18:02:22 -0700] "GET /GitHub-Mark.png HTTP/1.1" 200 7428 "http://www.secrepo.com/" "Mozilla/5.0 (Windows NT 6.1; WOW64) AppleWebKit/537.36 (KHTML, like Gecko) Chrome/42.0.2311.152 Safari/537.36" 
77.75.76.166 - - [31/Aug/2015:18:02:34 -0700] "GET /robots.txt HTTP/1.1" 200 334 "-" "Mozilla/5.0 (compatible; SeznamBot/3.2; +http://fulltext.sblog.cz/)" 
77.75.76.166 - - [31/Aug/2015:18:02:40 -0700] "GET /self.logs/access.log.2015-06-08.gz HTTP/1.1" 200 4220 "-" "Mozilla/5.0 (compatible; SeznamBot/3.2; +http://fulltext.sblog.cz/)" 
77.75.76.166 - - [31/Aug/2015:18:02:53 -0700] "GET /self.logs/error.log.2015-05-21.gz HTTP/1.1" 200 824 "-" "Mozilla/5.0 (compatible; SeznamBot/3.2; +http://fulltext.sblog.cz/)" 
77.75.76.166 - - [31/Aug/2015:18:02:57 -0700] "GET /self.logs/access.log.2015-06-05.gz HTTP/1.1" 200 4102 "-" "Mozilla/5.0 (compatible; SeznamBot/3.2; +http://fulltext.sblog.cz/)" 
77.75.76.166 - - [31/Aug/2015:18:02:58 -0700] "GET /self.logs/access.log.2015-07-10.gz HTTP/1.1" 200 4005 "-" "Mozilla/5.0 (compatible; SeznamBot/3.2; +http://fulltext.sblog.cz/)" 
77.75.76.166 - - [31/Aug/2015:18:02:58 -0700] "GET /self.logs/error.log.2015-02-26.gz HTTP/1.1" 200 1049 "-" "Mozilla/5.0 (compatible; SeznamBot/3.2; +http://fulltext.sblog.cz/)" 
218.94.96.169 - - [31/Aug/2015:18:03:00 -0700] "GET /bootstrap/img/favicon.ico HTTP/1.1" 200 590 "http://www.secrepo.com/" "Mozilla/5.0 (Windows NT 6.1; WOW64) AppleWebKit/537.36 (KHTML, like Gecko) Chrome/43.0.2357.132 Safari/537.36" 
77.75.76.166 - - [31/Aug/2015:18:03:02 -0700] "GET /self.logs/error.log.2015-06-07.gz HTTP/1.1" 200 560 "-" "Mozilla/5.0 (compatible; SeznamBot/3.2; +http://fulltext.sblog.cz/)" 
77.75.76.166 - - [31/Aug/2015:18:03:02 -0700] "GET /self.logs/error.log.2015-05-25.gz HTTP/1.1" 200 770 "-" "Mozilla/5.0 (compatible; SeznamBot/3.2; +http://fulltext.sblog.cz/)" 
77.75.76.166 - - [31/Aug/2015:18:03:03 -0700] "GET /self.logs/access.log.2015-01-23.gz HTTP/1.1" 200 2158 "-" "Mozilla/5.0 (compatible; SeznamBot/3.2; +http://fulltext.sblog.cz/)" 
77.75.76.166 - - [31/Aug/2015:18:03:09 -0700] "GET /self.logs/error.log.2015-05-17.gz HTTP/1.1" 200 786 "-" "Mozilla/5.0 (compatible; SeznamBot/3.2; +http://fulltext.sblog.cz/)" 
77.75.76.166 - - [31/Aug/2015:18:03:10 -0700] "GET /self.logs/access.log.2015-07-20.gz HTTP/1.1" 200 5356 "-" "Mozilla/5.0 (compatible; SeznamBot/3.2; +http://fulltext.sblog.cz/)" 
77.75.76.166 - - [31/Aug/2015:18:03:10 -0700] "GET /self.logs/access.log.2015-06-11.gz HTTP/1.1" 200 8020 "-" "Mozilla/5.0 (compatible; SeznamBot/3.2; +http://fulltext.sblog.cz/)" 
77.75.76.166 - - [31/Aug/2015:18:03:10 -0700] "GET /self.logs/error.log.2015-03-02.gz HTTP/1.1" 200 941 "-" "Mozilla/5.0 (compatible; SeznamBot/3.2; +http://fulltext.sblog.cz/)" 
77.75.76.166 - - [31/Aug/2015:18:03:11 -0700] "GET /self.logs/error.log.2015-05-10.gz HTTP/1.1" 200 1010 "-" "Mozilla/5.0 (compatible; SeznamBot/3.2; +http://fulltext.sblog.cz/)" 
77.75.76.166 - - [31/Aug/2015:18:03:11 -0700] "GET /self.logs/access.log.2015-05-08.gz HTTP/1.1" 200 4868 "-" "Mozilla/5.0 (compatible; SeznamBot/3.2; +http://fulltext.sblog.cz/)" 
77.75.76.166 - - [31/Aug/2015:18:03:11 -0700] "GET /self.logs/error.log.2015-03-23.gz HTTP/1.1" 200 1442 "-" "Mozilla/5.0 (compatible; SeznamBot/3.2; +http://fulltext.sblog.cz/)" 
77.75.76.166 - - [31/Aug/2015:18:03:12 -0700] "GET /self.logs/error.log.2015-06-18.gz HTTP/1.1" 200 706 "-" "Mozilla/5.0 (compatible; SeznamBot/3.2; +http://fulltext.sblog.cz/)" 
77.75.76.166 - - [31/Aug/2015:18:03:12 -0700] "GET /self.logs/access.log.2015-02-02.gz HTTP/1.1" 200 3355 "-" "Mozilla/5.0 (compatible; SeznamBot/3.2; +http://fulltext.sblog.cz/)" 
77.75.76.166 - - [31/Aug/2015:18:03:13 -0700] "GET /self.logs/access.log.2015-05-09.gz HTTP/1.1" 200 2855 "-" "Mozilla/5.0 (compatible; SeznamBot/3.2; +http://fulltext.sblog.cz/)" 
77.75.76.166 - - [31/Aug/2015:18:03:17 -0700] "GET /self.logs/error.log.2015-06-17.gz HTTP/1.1" 200 1152 "-" "Mozilla/5.0 (compatible; SeznamBot/3.2; +http://fulltext.sblog.cz/)" 
77.75.76.166 - - [31/Aug/2015:18:03:21 -0700] "GET /tg/tg_snort_full.7z HTTP/1.1" 200 8847794 "-" "Mozilla/5.0 (compatible; SeznamBot/3.2; +http://fulltext.sblog.cz/)" 
77.75.76.166 - - [31/Aug/2015:18:03:26 -0700] "GET /tg/tg_snort_fast.7z HTTP/1.1" 200 4274093 "-" "Mozilla/5.0 (compatible; SeznamBot/3.2; +http://fulltext.sblog.cz/)" 
77.75.76.166 - - [31/Aug/2015:18:03:40 -0700] "GET /self.logs/access.log.2015-04-13.gz HTTP/1.1" 200 3715 "-" "Mozilla/5.0 (compatible; SeznamBot/3.2; +http://fulltext.sblog.cz/)" 
77.75.76.166 - - [31/Aug/2015:18:03:49 -0700] "GET /self.logs/ HTTP/1.1" 200 5002 "-" "Mozilla/5.0 (compatible; SeznamBot/3.2; +http://fulltext.sblog.cz/)" 
77.75.76.166 - - [31/Aug/2015:18:03:53 -0700] "GET /twitter-icon.png HTTP/1.1" 304 166 "-" "Mozilla/5.0 (compatible; SeznamBot/3.2; +http://fulltext.sblog.cz/)" 
77.75.76.166 - - [31/Aug/2015:18:03:54 -0700] "GET /GitHub-Mark.png HTTP/1.1" 304 165 "-" "Mozilla/5.0 (compatible; SeznamBot/3.2; +http://fulltext.sblog.cz/)" 
77.75.76.166 - - [31/Aug/2015:18:04:05 -0700] "GET / HTTP/1.1" 200 7423 "-" "Mozilla/5.0 (compatible; SeznamBot/3.2; +http://fulltext.sblog.cz/)" 
173.230.153.155 - - [31/Aug/2015:18:15:16 -0700] "GET / HTTP/1.1" 200 7423 "-" "Mozilla/5.0 (Macintosh; Intel Mac OS X 10_6_8) AppleWebKit/537.36 (KHTML, like Gecko) Chrome/44.0.2403.157 Safari/537.36" 
173.230.153.155 - - [31/Aug/2015:18:15:17 -0700] "GET /twitter-icon.png HTTP/1.1" 200 27787 "http://www.secrepo.com/" "Mozilla/5.0 (Macintosh; Intel Mac OS X 10_6_8) AppleWebKit/537.36 (KHTML, like Gecko) Chrome/44.0.2403.157 Safari/537.36" 
173.230.153.155 - - [31/Aug/2015:18:15:18 -0700] "GET /GitHub-Mark.png HTTP/1.1" 200 7428 "http://www.secrepo.com/" "Mozilla/5.0 (Macintosh; Intel Mac OS X 10_6_8) AppleWebKit/537.36 (KHTML, like Gecko) Chrome/44.0.2403.157 Safari/537.36" 
173.230.153.155 - - [31/Aug/2015:18:15:18 -0700] "GET /bootstrap/img/favicon.ico HTTP/1.1" 200 589 "http://www.secrepo.com/" "Mozilla/5.0 (Macintosh; Intel Mac OS X 10_6_8) AppleWebKit/537.36 (KHTML, like Gecko) Chrome/44.0.2403.157 Safari/537.36" 
180.76.15.137 - - [31/Aug/2015:18:17:19 -0700] "GET /self.logs/?C=S;O=D HTTP/1.1" 200 5255 "-" "Mozilla/5.0 (compatible; Baiduspider/2.0; +http://www.baidu.com/search/spider.html)" 
111.13.102.7 - - [31/Aug/2015:18:42:13 -0700] "HEAD /Security-Data-Analysis/Lab_1/conn.log.zip HTTP/1.1" 200 250 "http://pan.baidu.com/disk/home" "Mozilla/5.0 (Macintosh; Intel Mac OS X 10_6_8) AppleWebKit/537.36 (KHTML, like Gecko) Chrome/44.0.2403.157 Safari/537.36" 
111.13.102.6 - - [31/Aug/2015:18:42:16 -0700] "HEAD /Security-Data-Analysis/Lab_1/conn.log.zip HTTP/1.1" 200 250 "http://pan.baidu.com/disk/home" "Mozilla/5.0 (Macintosh; Intel Mac OS X 10_6_8) AppleWebKit/537.36 (KHTML, like Gecko) Chrome/44.0.2403.157 Safari/537.36" 
58.217.202.5 - - [31/Aug/2015:18:42:19 -0700] "HEAD /Security-Data-Analysis/Lab_1/conn.log.zip HTTP/1.1" 200 272 "-" "Mozilla/5.0 (Windows NT 6.1; WOW64) AppleWebKit/537.36 (KHTML, like Gecko) Chrome/29.0.1547.66 Safari/537.36" 
180.149.130.150 - - [31/Aug/2015:18:42:57 -0700] "HEAD /honeypot/honeypot.json.zip HTTP/1.1" 200 226 "http://pan.baidu.com/disk/home" "Mozilla/5.0 (Macintosh; Intel Mac OS X 10_6_8) AppleWebKit/537.36 (KHTML, like Gecko) Chrome/44.0.2403.157 Safari/537.36" 
180.149.130.150 - - [31/Aug/2015:18:42:58 -0700] "HEAD /honeypot/honeypot.json.zip HTTP/1.1" 200 226 "http://pan.baidu.com/disk/home" "Mozilla/5.0 (Macintosh; Intel Mac OS X 10_6_8) AppleWebKit/537.36 (KHTML, like Gecko) Chrome/44.0.2403.157 Safari/537.36" 
58.217.202.59 - - [31/Aug/2015:18:42:59 -0700] "HEAD /honeypot/honeypot.json.zip HTTP/1.1" 200 245 "-" "Mozilla/5.0 (Windows NT 6.1; WOW64) AppleWebKit/537.36 (KHTML, like Gecko) Chrome/29.0.1547.66 Safari/537.36" 
58.217.202.186 - - [31/Aug/2015:18:42:20 -0700] "GET /Security-Data-Analysis/Lab_1/conn.log.zip HTTP/1.1" 200 547221398 "-" "Mozilla/5.0 (Windows NT 6.1; WOW64) AppleWebKit/537.36 (KHTML, like Gecko) Chrome/29.0.1547.66 Safari/537.36" 
111.206.36.140 - - [31/Aug/2015:18:43:14 -0700] "HEAD /Security-Data-Analysis/Lab_2/http.log.zip HTTP/1.1" 200 249 "http://pan.baidu.com/disk/home" "Mozilla/5.0 (Macintosh; Intel Mac OS X 10_6_8) AppleWebKit/537.36 (KHTML, like Gecko) Chrome/44.0.2403.157 Safari/537.36" 
111.206.36.12 - - [31/Aug/2015:18:43:19 -0700] "HEAD /Security-Data-Analysis/Lab_2/http.log.zip HTTP/1.1" 200 249 "http://pan.baidu.com/disk/home" "Mozilla/5.0 (Macintosh; Intel Mac OS X 10_6_8) AppleWebKit/537.36 (KHTML, like Gecko) Chrome/44.0.2403.157 Safari/537.36" 
58.217.202.143 - - [31/Aug/2015:18:43:22 -0700] "HEAD /Security-Data-Analysis/Lab_2/http.log.zip HTTP/1.1" 200 270 "-" "Mozilla/5.0 (Windows NT 6.1; WOW64) AppleWebKit/537.36 (KHTML, like Gecko) Chrome/29.0.1547.66 Safari/537.36" 
58.217.202.145 - - [31/Aug/2015:18:43:05 -0700] "GET /honeypot/honeypot.json.zip HTTP/1.1" 200 4631817 "-" "Mozilla/5.0 (Windows NT 6.1; WOW64) AppleWebKit/537.36 (KHTML, like Gecko) Chrome/29.0.1547.66 Safari/537.36" 
58.217.202.10 - - [31/Aug/2015:18:43:23 -0700] "GET /Security-Data-Analysis/Lab_2/http.log.zip HTTP/1.1" 200 53279435 "-" "Mozilla/5.0 (Windows NT 6.1; WOW64) AppleWebKit/537.36 (KHTML, like Gecko) Chrome/29.0.1547.66 Safari/537.36" 
192.187.113.250 - - [31/Aug/2015:19:22:17 -0700] "GET /honeypot/Honeypot%20-%20Howto.pdf HTTP/1.1" 418 584 "-" "Mozilla/4.0 (compatible; MSIE 6.0; Windows NT 5.1; SV1)" 
108.186.194.149 - - [31/Aug/2015:19:28:26 -0700] "GET /wp-login.php HTTP/1.1" 404 295 "-" "Mozilla/5.0 (compatible; MSIE 9.0; Windows NT 6.1; Trident/5.0)" 
192.187.113.250 - - [31/Aug/2015:19:31:34 -0700] "GET /honeypot/Honeypot%20-%20Howto%20-%20BSides%20Austin.pdf HTTP/1.1" 200 1556360 "-" "Mozilla/4.0 (compatible; MSIE 6.0; Windows NT 5.1; SV1; Mozilla/4.0 (compatible; MSIE 6.0; Windows NT 5.1; SV1) )" 
75.128.136.35 - - [31/Aug/2015:19:51:35 -0700] "GET / HTTP/1.1" 200 7423 "-" "Mozilla/5.0 (X11; Linux x86_64) AppleWebKit/534.24 (KHTML, like Gecko) Chrome/11.0.696.34 Safari/534.24" 
75.128.136.35 - - [31/Aug/2015:19:51:36 -0700] "GET /twitter-icon.png HTTP/1.1" 200 27787 "-" "Mozilla/5.0 (X11; Linux x86_64) AppleWebKit/534.24 (KHTML, like Gecko) Chrome/11.0.696.34 Safari/534.24" 
75.128.136.35 - - [31/Aug/2015:19:51:36 -0700] "GET /GitHub-Mark.png HTTP/1.1" 200 7427 "-" "Mozilla/5.0 (X11; Linux x86_64) AppleWebKit/534.24 (KHTML, like Gecko) Chrome/11.0.696.34 Safari/534.24" 
68.180.229.162 - - [31/Aug/2015:19:57:27 -0700] "GET /robots.txt HTTP/1.1" 200 233 "-" "Mozilla/5.0 (compatible; Yahoo! Slurp; http://help.yahoo.com/help/us/ysearch/slurp)" 
68.180.229.162 - - [31/Aug/2015:19:57:28 -0700] "GET /self.logs/error.log.2015-07-01.gz HTTP/1.1" 200 989 "-" "Mozilla/5.0 (compatible; Yahoo! Slurp; http://help.yahoo.com/help/us/ysearch/slurp)" 
95.150.184.111 - - [31/Aug/2015:20:19:14 -0700] "GET / HTTP/1.1" 200 7423 "http://www.researchgate.net/go.Deref.html?url=http%3A%2F%2Fwww.secrepo.com%2F" "Mozilla/5.0 (Windows NT 6.1; WOW64) AppleWebKit/537.36 (KHTML, like Gecko) Chrome/44.0.2403.157 Safari/537.36" 
104.251.94.97 - - [31/Aug/2015:20:39:28 -0700] "GET /honeypot/BSidesDFW - 2014.ipynb HTTP/1.0" 404 303 "http://www.secrepo.com/" "Mozilla/5.0 (Windows NT 6.1; WOW64) AppleWebKit/537.36 (KHTML, like Gecko) Maxthon/4.4.3.4000 Chrome/30.0.1599.101 Safari/537.36" 
104.251.94.97 - - [31/Aug/2015:20:39:28 -0700] "GET / HTTP/1.1" 200 7423 "http://www.secrepo.com" "Mozilla/5.0 (Windows NT 6.1; WOW64) AppleWebKit/537.36 (KHTML, like Gecko) Maxthon/4.4.3.4000 Chrome/30.0.1599.101 Safari/537.36" 
157.55.39.169 - - [31/Aug/2015:20:48:10 -0700] "GET /honeypot/Honeypot%20-%20Howto.pdf HTTP/1.1" 200 1279418 "-" "Mozilla/5.0 (iPhone; CPU iPhone OS 7_0 like Mac OS X) AppleWebKit/537.51.1 (KHTML, like Gecko) Version/7.0 Mobile/11A465 Safari/9537.53 (compatible; bingbot/2.0;  http://www.bing.com/bingbot.htm)" 
98.206.140.26 - - [31/Aug/2015:20:55:32 -0700] "GET / HTTP/1.1" 200 7423 "-" "Mozilla/5.0 (iPhone; CPU iPhone OS 8_4_1 like Mac OS X) AppleWebKit/600.1.4 (KHTML, like Gecko) Version/8.0 Mobile/12H321 Safari/600.1.4" 
98.206.140.26 - - [31/Aug/2015:20:55:32 -0700] "GET /twitter-icon.png HTTP/1.1" 200 27787 "http://www.secrepo.com/" "Mozilla/5.0 (iPhone; CPU iPhone OS 8_4_1 like Mac OS X) AppleWebKit/600.1.4 (KHTML, like Gecko) Version/8.0 Mobile/12H321 Safari/600.1.4" 
98.206.140.26 - - [31/Aug/2015:20:55:32 -0700] "GET /GitHub-Mark.png HTTP/1.1" 200 7428 "http://www.secrepo.com/" "Mozilla/5.0 (iPhone; CPU iPhone OS 8_4_1 like Mac OS X) AppleWebKit/600.1.4 (KHTML, like Gecko) Version/8.0 Mobile/12H321 Safari/600.1.4" 
192.187.113.250 - - [31/Aug/2015:21:01:35 -0700] "GET /honeypot/Honeypot%20-%20Howto.pdf HTTP/1.1" 200 1279418 "-" "Mozilla/4.0 (compatible; MSIE 6.0; Windows NT 5.1; SV1; Mozilla/4.0 (compatible; MSIE 6.0; Windows NT 5.1; SV1) ; .NET CLR 2.0.50727 ; .NET CLR 4.0.30319)" 
192.187.113.250 - - [31/Aug/2015:21:04:50 -0700] "GET /honeypot/Honeypot%20-%20Howto%20-%20BSides%20Austin.pdf HTTP/1.1" 200 1687760 "-" "Mozilla/4.0 (compatible; MSIE 6.0; Windows NT 5.1; SV1; Mozilla/4.0 (compatible; MSIE 6.0; Windows NT 5.1; SV1) ; .NET CLR 1.0.3705)" 
98.206.140.26 - - [31/Aug/2015:21:13:01 -0700] "GET / HTTP/1.1" 200 7423 "-" "Mozilla/5.0 (iPhone; CPU iPhone OS 8_4_1 like Mac OS X) AppleWebKit/600.1.4 (KHTML, like Gecko) Version/8.0 Mobile/12H321 Safari/600.1.4" 
98.206.140.26 - - [31/Aug/2015:21:13:01 -0700] "GET /twitter-icon.png HTTP/1.1" 200 27787 "http://www.secrepo.com/" "Mozilla/5.0 (iPhone; CPU iPhone OS 8_4_1 like Mac OS X) AppleWebKit/600.1.4 (KHTML, like Gecko) Version/8.0 Mobile/12H321 Safari/600.1.4" 
98.206.140.26 - - [31/Aug/2015:21:13:01 -0700] "GET /GitHub-Mark.png HTTP/1.1" 200 7428 "http://www.secrepo.com/" "Mozilla/5.0 (iPhone; CPU iPhone OS 8_4_1 like Mac OS X) AppleWebKit/600.1.4 (KHTML, like Gecko) Version/8.0 Mobile/12H321 Safari/600.1.4" 
220.181.132.216 - - [31/Aug/2015:21:15:25 -0700] "GET / HTTP/1.1" 200 24681 "http://www.secrepo.com/" "Mozilla/4.0 (compatible; MSIE 8.0; Windows NT 6.1; Trident/4.0; SLCC2; .NET CLR 2.0.50727; .NET CLR 3.5.30729; .NET CLR 3.0.30729; Media Center PC 6.0; Tablet PC 2.0)" 
101.199.108.53 - - [31/Aug/2015:21:22:39 -0700] "GET / HTTP/1.1" 200 7423 "-" "Mozilla/5.0 (Windows NT 6.1) AppleWebKit/537.36 (KHTML, like Gecko) Chrome/31.0.1650.48 Safari/537.36" 
208.115.113.86 - - [31/Aug/2015:22:02:14 -0700] "GET /robots.txt HTTP/1.1" 200 233 "-" "Mozilla/5.0 (compatible; DotBot/1.1; http://www.opensiteexplorer.org/dotbot, help@moz.com)" 
207.46.13.91 - - [31/Aug/2015:22:11:05 -0700] "GET /robots.txt HTTP/1.1" 301 518 "-" "Mozilla/5.0 (compatible; bingbot/2.0; +http://www.bing.com/bingbot.htm)" 
207.46.13.91 - - [31/Aug/2015:22:11:08 -0700] "GET /robots.txt HTTP/1.1" 200 289 "-" "Mozilla/5.0 (compatible; bingbot/2.0; +http://www.bing.com/bingbot.htm)" 
192.187.113.250 - - [31/Aug/2015:22:27:13 -0700] "GET /honeypot/Honeypot%20-%20Howto.pdf HTTP/1.1" 200 1279418 "-" "Mozilla/4.0 (compatible; MSIE 6.0; Windows NT 5.1)" 
192.187.113.250 - - [31/Aug/2015:22:33:05 -0700] "GET /honeypot/Honeypot%20-%20Howto%20-%20BSides%20Austin.pdf HTTP/1.1" 200 1489200 "-" "Mozilla/4.0 (compatible; MSIE 6.0; Windows NT 5.1)" 
208.115.113.86 - - [31/Aug/2015:22:50:41 -0700] "GET /self.logs/?C=S;O=A HTTP/1.1" 200 43397 "-" "Mozilla/5.0 (compatible; DotBot/1.1; http://www.opensiteexplorer.org/dotbot, help@moz.com)" 
207.46.13.91 - - [31/Aug/2015:22:50:47 -0700] "GET /self.logs/access.log.2015-04-27.gz HTTP/1.1" 200 7332 "-" "Mozilla/5.0 (compatible; bingbot/2.0; +http://www.bing.com/bingbot.htm)" 
194.170.123.62 - - [31/Aug/2015:23:14:45 -0700] "GET / HTTP/1.1" 200 7423 "http://www2.mlsecproject.org/" "Mozilla/5.0 (Windows NT 6.1; Win64; x64) AppleWebKit/537.36 (KHTML, like Gecko) Chrome/44.0.2403.157 Safari/537.36" 
194.170.123.62 - - [31/Aug/2015:23:14:46 -0700] "GET /twitter-icon.png HTTP/1.1" 200 27787 "http://www.secrepo.com/" "Mozilla/5.0 (Windows NT 6.1; Win64; x64) AppleWebKit/537.36 (KHTML, like Gecko) Chrome/44.0.2403.157 Safari/537.36" 
199.19.249.196 - - [31/Aug/2015:23:14:46 -0700] "GET / HTTP/1.1" 301 498 "-" "Mozilla/5.0 (Windows NT 6.1; Win64; x64) AppleWebKit/537.36 (KHTML, like Gecko) Chrome/44.0.2403.157 Safari/537.36" 
194.170.123.62 - - [31/Aug/2015:23:14:49 -0700] "GET /GitHub-Mark.png HTTP/1.1" 200 7428 "http://www.secrepo.com/" "Mozilla/5.0 (Windows NT 6.1; Win64; x64) AppleWebKit/537.36 (KHTML, like Gecko) Chrome/44.0.2403.157 Safari/537.36" 
194.170.123.62 - - [31/Aug/2015:23:16:22 -0700] "GET /self.logs/ HTTP/1.1" 200 5002 "http://www.secrepo.com/" "Mozilla/5.0 (Windows NT 6.1; Win64; x64) AppleWebKit/537.36 (KHTML, like Gecko) Chrome/44.0.2403.157 Safari/537.36" 
194.170.123.62 - - [31/Aug/2015:23:16:22 -0700] "GET /favicon.ico HTTP/1.1" 200 267 "http://www.secrepo.com/self.logs/" "Mozilla/5.0 (Windows NT 6.1; Win64; x64) AppleWebKit/537.36 (KHTML, like Gecko) Chrome/44.0.2403.157 Safari/537.36" 
194.170.123.62 - - [31/Aug/2015:23:16:31 -0700] "GET /self.logs/access.log.2015-01-17.gz HTTP/1.1" 200 3597 "http://www.secrepo.com/self.logs/" "Mozilla/5.0 (Windows NT 6.1; Win64; x64) AppleWebKit/537.36 (KHTML, like Gecko) Chrome/44.0.2403.157 Safari/537.36" 
199.19.249.196 - - [31/Aug/2015:23:16:31 -0700] "GET /self.logs/access.log.2015-01-17.gz HTTP/1.1" 301 566 "-" "Mozilla/5.0 (Windows NT 6.1; Win64; x64) AppleWebKit/537.36 (KHTML, like Gecko) Chrome/44.0.2403.157 Safari/537.36" 
194.170.123.62 - - [31/Aug/2015:23:18:52 -0700] "GET /self.logs/error.log.2015-08-28.gz HTTP/1.1" 200 912 "http://www.secrepo.com/self.logs/" "Mozilla/5.0 (Windows NT 6.1; Win64; x64) AppleWebKit/537.36 (KHTML, like Gecko) Chrome/44.0.2403.157 Safari/537.36" 
194.170.123.62 - - [31/Aug/2015:23:20:31 -0700] "GET /admin HTTP/1.1" 404 340 "-" "Mozilla/5.0 (Windows NT 6.1; Win64; x64) AppleWebKit/537.36 (KHTML, like Gecko) Chrome/44.0.2403.157 Safari/537.36" 
199.19.249.196 - - [31/Aug/2015:23:20:31 -0700] "GET /admin HTTP/1.1" 301 508 "-" "Mozilla/5.0 (Windows NT 6.1; Win64; x64) AppleWebKit/537.36 (KHTML, like Gecko) Chrome/44.0.2403.157 Safari/537.36" 
199.19.249.196 - - [31/Aug/2015:23:20:56 -0700] "GET /tg/a.zip HTTP/1.1" 301 514 "-" "Mozilla/5.0 (Windows NT 6.1; Win64; x64) AppleWebKit/537.36 (KHTML, like Gecko) Chrome/44.0.2403.157 Safari/537.36" 
194.170.123.62 - - [31/Aug/2015:23:20:56 -0700] "GET /tg/a.zip HTTP/1.1" 200 265720 "http://www.secrepo.com/" "Mozilla/5.0 (Windows NT 6.1; Win64; x64) AppleWebKit/537.36 (KHTML, like Gecko) Chrome/44.0.2403.157 Safari/537.36" 
199.19.249.196 - - [31/Aug/2015:23:22:23 -0700] "GET /maccdc2012/http.log.gz HTTP/1.1" 301 542 "-" "Mozilla/5.0 (Windows NT 6.1; Win64; x64) AppleWebKit/537.36 (KHTML, like Gecko) Chrome/44.0.2403.157 Safari/537.36" 
194.244.43.243 - - [31/Aug/2015:23:38:48 -0700] "GET / HTTP/1.1" 200 7423 "-" "Mozilla/5.0 (Macintosh; Intel Mac OS X 10_10_5) AppleWebKit/600.8.9 (KHTML, like Gecko) Version/8.0.8 Safari/600.8.9" 
194.244.43.243 - - [31/Aug/2015:23:38:52 -0700] "GET /apple-touch-icon-precomposed.png HTTP/1.1" 404 340 "-" "com.apple.WebKit.WebContent/10600.8.9 CFNetwork/720.5.7 Darwin/14.5.0 (x86_64)" 
194.244.43.243 - - [31/Aug/2015:23:38:52 -0700] "GET /apple-touch-icon.png HTTP/1.1" 404 339 "-" "com.apple.WebKit.WebContent/10600.8.9 CFNetwork/720.5.7 Darwin/14.5.0 (x86_64)" 
192.187.113.250 - - [31/Aug/2015:23:46:20 -0700] "GET /honeypot/Honeypot%20-%20Howto.pdf HTTP/1.1" 418 584 "-" "Mozilla/4.0 (compatible; MSIE 6.0; Windows NT 5.1; SV1)" 
192.187.113.250 - - [31/Aug/2015:23:46:20 -0700] "GET /honeypot/Honeypot%20-%20Howto.pdf HTTP/1.1" 418 584 "-" "Mozilla/4.0 (compatible; MSIE 6.0; Windows NT 5.1; SV1)" 
192.187.113.250 - - [31/Aug/2015:23:46:20 -0700] "GET /honeypot/Honeypot%20-%20Howto.pdf HTTP/1.1" 200 1279418 "-" "Mozilla/4.0 (compatible; MSIE 6.0; Windows NT 5.1)" 
192.187.113.250 - - [31/Aug/2015:23:46:20 -0700] "GET /honeypot/Honeypot%20-%20Howto.pdf HTTP/1.1" 200 1279418 "-" "Mozilla/4.0 (compatible; MSIE 6.0; Windows NT 5.1; SV1; Mozilla/4.0 (compatible; MSIE 6.0; Windows NT 5.1; SV1) ; .NET CLR 1.0.3705)" 
194.170.123.62 - - [31/Aug/2015:23:22:23 -0700] "GET /maccdc2012/http.log.gz HTTP/1.1" 200 54258816 "http://www.secrepo.com/" "Mozilla/5.0 (Windows NT 6.1; Win64; x64) AppleWebKit/537.36 (KHTML, like Gecko) Chrome/44.0.2403.157 Safari/537.36" 
192.187.113.250 - - [31/Aug/2015:23:51:10 -0700] "GET /honeypot/Honeypot%20-%20Howto%20-%20BSides%20Austin.pdf HTTP/1.1" 418 584 "-" "Mozilla/4.0 (compatible; MSIE 6.0; Windows NT 5.1; SV1)" 
192.187.113.250 - - [31/Aug/2015:23:51:10 -0700] "GET /honeypot/Honeypot%20-%20Howto%20-%20BSides%20Austin.pdf HTTP/1.1" 418 584 "-" "Mozilla/4.0 (compatible; MSIE 6.0; Windows NT 5.1; SV1)" 
192.187.113.250 - - [31/Aug/2015:23:51:10 -0700] "GET /honeypot/Honeypot%20-%20Howto%20-%20BSides%20Austin.pdf HTTP/1.1" 200 1441020 "-" "Mozilla/4.0 (compatible; MSIE 6.0; Windows NT 5.1; SV1; Mozilla/4.0 (compatible; MSIE 6.0; Windows NT 5.1; SV1) ; .NET CLR 1.0.3705)" 
192.187.113.250 - - [31/Aug/2015:23:51:10 -0700] "GET /honeypot/Honeypot%20-%20Howto%20-%20BSides%20Austin.pdf HTTP/1.1" 200 1331520 "-" "Mozilla/4.0 (compatible; MSIE 6.0; Windows NT 5.1; SV1; Mozilla/4.0 (compatible; MSIE 6.0; Windows NT 5.1; SV1) ; .NET CLR 1.0.3705)" 
157.55.39.106 - - [31/Aug/2015:23:54:19 -0700] "GET /self.logs/error.log.2015-05-07.gz HTTP/1.1" 301 544 "-" "Mozilla/5.0 (compatible; bingbot/2.0; +http://www.bing.com/bingbot.htm)" 
207.46.13.91 - - [01/Sep/2015:00:00:33 -0700] "GET /honeypot/Honeypot%20-%20Howto.pdf HTTP/1.1" 200 1279418 "-" "Mozilla/5.0 (compatible; bingbot/2.0; +http://www.bing.com/bingbot.htm)" 
194.170.123.62 - - [01/Sep/2015:00:06:05 -0700] "GET /maccdc2012/http.log.gz HTTP/1.1" 200 202622 "-" "Mozilla/5.0 (Windows NT 6.1; Win64; x64) AppleWebKit/537.36 (KHTML, like Gecko) Chrome/44.0.2403.157 Safari/537.36" 
194.170.123.62 - - [01/Sep/2015:00:06:20 -0700] "GET /maccdc2012 HTTP/1.1" 301 500 "-" "Mozilla/5.0 (Windows NT 6.1; Win64; x64) AppleWebKit/537.36 (KHTML, like Gecko) Chrome/44.0.2403.157 Safari/537.36" 
194.170.123.62 - - [01/Sep/2015:00:06:20 -0700] "GET /maccdc2012/ HTTP/1.1" 200 764 "-" "Mozilla/5.0 (Windows NT 6.1; Win64; x64) AppleWebKit/537.36 (KHTML, like Gecko) Chrome/44.0.2403.157 Safari/537.36" 
157.55.39.169 - - [01/Sep/2015:00:06:36 -0700] "GET /self.logs/access.log.2015-04-02.gz HTTP/1.1" 301 546 "-" "Mozilla/5.0 (compatible; bingbot/2.0; +http://www.bing.com/bingbot.htm)" 
107.23.45.196 - - [01/Sep/2015:00:24:49 -0700] "GET / HTTP/1.1" 200 7423 "http://www.secrepo.com/" "Mozilla/5.0 (compatible; DuckDuckGo-Favicons-Bot/1.0; +http://duckduckgo.com)" 
107.23.45.196 - - [01/Sep/2015:00:24:49 -0700] "GET /bootstrap/img/favicon.ico HTTP/1.1" 200 589 "http://www.secrepo.com/bootstrap/img/favicon.ico" "Mozilla/5.0 (compatible; DuckDuckGo-Favicons-Bot/1.0; +http://duckduckgo.com)" 
66.249.93.252 - - [01/Sep/2015:00:52:50 -0700] "GET / HTTP/1.1" 200 7423 "-" "Google favicon" 
66.249.93.130 - - [01/Sep/2015:00:52:50 -0700] "GET /bootstrap/img/favicon.ico HTTP/1.1" 200 590 "-" "Google favicon" 
172.241.201.52 - - [01/Sep/2015:01:04:04 -0700] "GET /honeypot/Honeypot - Howto.pdf HTTP/1.0" 404 303 "http://www.secrepo.com/" "Mozilla/5.0 (Windows NT 6.1; WOW64) AppleWebKit/537.36 (KHTML, like Gecko) Maxthon/4.4.4.600 Chrome/30.0.1599.101 Safari/537.36" 
