192.187.100.154 - - [01/Jun/2015:01:30:52 -0700] "GET /honeypot/BSidesDFW%20-%202014.ipynb HTTP/1.1" 200 930836 "http://www.secrepo.com/" "Mozilla/5.0 (Macintosh; Intel Mac OS X 10.10; rv:34.0) Gecko/20100101 Firefox/34.0" 
157.55.39.251 - - [01/Jun/2015:01:41:41 -0700] "GET /self.logs/access.log.2015-02-02.gz HTTP/1.1" 301 545 "-" "Mozilla/5.0 (compatible; bingbot/2.0; +http://www.bing.com/bingbot.htm)" 
188.165.15.127 - - [01/Jun/2015:02:28:51 -0700] "GET /self.logs/access.log.2015-05-04.gz HTTP/1.1" 200 3809 "-" "Mozilla/5.0 (compatible; AhrefsBot/5.0; +http://ahrefs.com/robot/)" 
208.115.124.146 - - [01/Jun/2015:03:43:54 -0700] "GET /honeypot/Honeypot+-+Howto+-+BSides+Austin.pdf HTTP/1.0" 404 284 "http://www.secrepo.com/honeypot/Honeypot+-+Howto+-+BSides+Austin.pdf" "Mozilla/4.0 (compatible; MSIE 8.0; Windows NT 5.1; Trident/4.0; MRA 5.10 (build 5339); GTB7.5; .NET CLR 2.0.50727; .NET CLR 3.0.4506.2152; .NET CLR 3.5.30729; .NET4.0C; .NET4.0E; .NET CLR 1.1.4322)" 
208.115.124.146 - - [01/Jun/2015:03:43:54 -0700] "GET / HTTP/1.0" 200 23013 "http://www.secrepo.com/" "Mozilla/4.0 (compatible; MSIE 8.0; Windows NT 5.1; Trident/4.0; MRA 5.10 (build 5339); GTB7.5; .NET CLR 2.0.50727; .NET CLR 3.0.4506.2152; .NET CLR 3.5.30729; .NET4.0C; .NET4.0E; .NET CLR 1.1.4322)" 
78.131.27.109 - - [01/Jun/2015:03:59:13 -0700] "GET / HTTP/1.1" 200 7041 "-" "Mozilla/5.0 (iPhone; CPU iPhone OS 8_2 like Mac OS X) AppleWebKit/600.1.4 (KHTML, like Gecko) Version/8.0 Mobile/12D508 Safari/600.1.4" 
78.131.27.109 - - [01/Jun/2015:03:59:14 -0700] "GET /GitHub-Mark.png HTTP/1.1" 200 7427 "http://www.secrepo.com/" "Mozilla/5.0 (iPhone; CPU iPhone OS 8_2 like Mac OS X) AppleWebKit/600.1.4 (KHTML, like Gecko) Version/8.0 Mobile/12D508 Safari/600.1.4" 
78.131.27.109 - - [01/Jun/2015:03:59:14 -0700] "GET /twitter-icon.png HTTP/1.1" 200 27788 "http://www.secrepo.com/" "Mozilla/5.0 (iPhone; CPU iPhone OS 8_2 like Mac OS X) AppleWebKit/600.1.4 (KHTML, like Gecko) Version/8.0 Mobile/12D508 Safari/600.1.4" 
188.165.15.127 - - [01/Jun/2015:04:18:49 -0700] "GET /self.logs/access.log.2015-03-12.gz HTTP/1.1" 200 9504 "-" "Mozilla/5.0 (compatible; AhrefsBot/5.0; +http://ahrefs.com/robot/)" 
177.22.135.35 - - [01/Jun/2015:05:04:20 -0700] "GET / HTTP/1.1" 200 23024 "-" "Mozilla/5.0 (Windows NT 6.1; WOW64) AppleWebKit/537.36 (KHTML, like Gecko) Chrome/43.0.2357.65 Safari/537.36" 
177.22.135.35 - - [01/Jun/2015:05:04:21 -0700] "GET /twitter-icon.png HTTP/1.1" 200 27787 "http://www.secrepo.com/" "Mozilla/5.0 (Windows NT 6.1; WOW64) AppleWebKit/537.36 (KHTML, like Gecko) Chrome/43.0.2357.65 Safari/537.36" 
177.22.135.35 - - [01/Jun/2015:05:04:21 -0700] "GET /GitHub-Mark.png HTTP/1.1" 200 7427 "http://www.secrepo.com/" "Mozilla/5.0 (Windows NT 6.1; WOW64) AppleWebKit/537.36 (KHTML, like Gecko) Chrome/43.0.2357.65 Safari/537.36" 
177.22.135.35 - - [01/Jun/2015:05:04:22 -0700] "GET /bootstrap/img/favicon.ico HTTP/1.1" 200 589 "http://www.secrepo.com/" "Mozilla/5.0 (Windows NT 6.1; WOW64) AppleWebKit/537.36 (KHTML, like Gecko) Chrome/43.0.2357.65 Safari/537.36" 
137.43.93.158 - - [01/Jun/2015:05:14:41 -0700] "GET / HTTP/1.1" 200 7041 "-" "python-requests/2.5.1 CPython/3.4.0 Linux/3.13.0-44-generic" 
186.223.33.204 - - [01/Jun/2015:05:36:00 -0700] "GET / HTTP/1.1" 200 7041 "-" "Mozilla/5.0 (X11; Linux x86_64) AppleWebKit/537.36 (KHTML, like Gecko) Chrome/43.0.2357.81 Safari/537.36" 
186.223.33.204 - - [01/Jun/2015:05:36:00 -0700] "GET /twitter-icon.png HTTP/1.1" 200 27787 "http://www.secrepo.com/" "Mozilla/5.0 (X11; Linux x86_64) AppleWebKit/537.36 (KHTML, like Gecko) Chrome/43.0.2357.81 Safari/537.36" 
219.140.134.180 - - [01/Jun/2015:05:35:58 -0700] "GET /honeypot/BSidesDFW%20-%202014.ipynb HTTP/1.1" 200 930836 "-" "Mozilla/5.0 (compatible; MSIE 9.0; Windows NT 6.1; Trident/5.0)" 
186.223.33.204 - - [01/Jun/2015:05:36:02 -0700] "GET /GitHub-Mark.png HTTP/1.1" 200 7428 "http://www.secrepo.com/" "Mozilla/5.0 (X11; Linux x86_64) AppleWebKit/537.36 (KHTML, like Gecko) Chrome/43.0.2357.81 Safari/537.36" 
219.140.134.180 - - [01/Jun/2015:05:36:02 -0700] "GET / HTTP/1.1" 200 6985 "-" "Mozilla/5.0 (compatible; MSIE 9.0; Windows NT 6.1; Trident/5.0)" 
186.223.33.204 - - [01/Jun/2015:05:36:06 -0700] "GET /bootstrap/img/favicon.ico HTTP/1.1" 200 590 "http://www.secrepo.com/" "Mozilla/5.0 (X11; Linux x86_64) AppleWebKit/537.36 (KHTML, like Gecko) Chrome/43.0.2357.81 Safari/537.36" 
219.140.134.180 - - [01/Jun/2015:05:36:08 -0700] "GET / HTTP/1.1" 200 6985 "-" "Mozilla/5.0 (compatible; MSIE 9.0; Windows NT 6.1; Trident/5.0)" 
219.140.134.180 - - [01/Jun/2015:05:37:03 -0700] "GET / HTTP/1.1" 301 483 "-" "Mozilla/5.0 (compatible; MSIE 9.0; Windows NT 6.1; Trident/5.0)" 
200.206.172.212 - - [01/Jun/2015:05:43:33 -0700] "GET / HTTP/1.1" 200 7041 "-" "Mozilla/5.0 (X11; Linux x86_64) AppleWebKit/537.36 (KHTML, like Gecko) Chrome/43.0.2357.81 Safari/537.36" 
200.206.172.212 - - [01/Jun/2015:05:43:34 -0700] "GET /twitter-icon.png HTTP/1.1" 200 27787 "http://www.secrepo.com/" "Mozilla/5.0 (X11; Linux x86_64) AppleWebKit/537.36 (KHTML, like Gecko) Chrome/43.0.2357.81 Safari/537.36" 
200.206.172.212 - - [01/Jun/2015:05:43:34 -0700] "GET /GitHub-Mark.png HTTP/1.1" 200 7427 "http://www.secrepo.com/" "Mozilla/5.0 (X11; Linux x86_64) AppleWebKit/537.36 (KHTML, like Gecko) Chrome/43.0.2357.81 Safari/537.36" 
200.206.172.212 - - [01/Jun/2015:05:43:35 -0700] "GET /bootstrap/img/favicon.ico HTTP/1.1" 200 589 "http://www.secrepo.com/" "Mozilla/5.0 (X11; Linux x86_64) AppleWebKit/537.36 (KHTML, like Gecko) Chrome/43.0.2357.81 Safari/537.36" 
143.107.88.11 - - [01/Jun/2015:06:11:41 -0700] "GET / HTTP/1.1" 200 7041 "-" "Mozilla/5.0 (Windows NT 6.1; WOW64; Trident/7.0; rv:11.0) like Gecko" 
143.107.88.11 - - [01/Jun/2015:06:11:42 -0700] "GET /twitter-icon.png HTTP/1.1" 200 27787 "http://www.secrepo.com/" "Mozilla/5.0 (Windows NT 6.1; WOW64; Trident/7.0; rv:11.0) like Gecko" 
143.107.88.11 - - [01/Jun/2015:06:11:42 -0700] "GET /GitHub-Mark.png HTTP/1.1" 200 7428 "http://www.secrepo.com/" "Mozilla/5.0 (Windows NT 6.1; WOW64; Trident/7.0; rv:11.0) like Gecko" 
143.107.88.11 - - [01/Jun/2015:06:11:43 -0700] "GET /bootstrap/img/favicon.ico HTTP/1.1" 200 590 "-" "Mozilla/5.0 (Windows NT 6.1; Win64; x64; Trident/7.0; rv:11.0) like Gecko" 
157.55.39.119 - - [01/Jun/2015:06:24:30 -0700] "GET / HTTP/1.1" 200 7041 "-" "Mozilla/5.0 (compatible; bingbot/2.0; +http://www.bing.com/bingbot.htm)" 
180.76.15.150 - - [01/Jun/2015:07:04:52 -0700] "GET /honeypot/Honeypot%20-%20Howto%20-%20BSides%20Austin.pdf HTTP/1.1" 200 772341 "-" "Mozilla/5.0 (compatible; Baiduspider/2.0; +http://www.baidu.com/search/spider.html)" 
188.165.15.127 - - [01/Jun/2015:07:24:22 -0700] "GET /self.logs/error.log.2015-01-21.gz HTTP/1.1" 200 560 "-" "Mozilla/5.0 (compatible; AhrefsBot/5.0; +http://ahrefs.com/robot/)" 
45.20.192.158 - - [01/Jun/2015:08:01:07 -0700] "GET / HTTP/1.1" 301 483 "-" "Mozilla/5.0 (Macintosh; Intel Mac OS X 10_10_3) AppleWebKit/537.36 (KHTML, like Gecko) Chrome/43.0.2357.81 Safari/537.36" 
45.20.192.158 - - [01/Jun/2015:08:01:07 -0700] "GET / HTTP/1.1" 200 7041 "-" "Mozilla/5.0 (Macintosh; Intel Mac OS X 10_10_3) AppleWebKit/537.36 (KHTML, like Gecko) Chrome/43.0.2357.81 Safari/537.36" 
45.20.192.158 - - [01/Jun/2015:08:01:07 -0700] "GET /twitter-icon.png HTTP/1.1" 200 27787 "http://www.secrepo.com/" "Mozilla/5.0 (Macintosh; Intel Mac OS X 10_10_3) AppleWebKit/537.36 (KHTML, like Gecko) Chrome/43.0.2357.81 Safari/537.36" 
45.20.192.158 - - [01/Jun/2015:08:01:08 -0700] "GET /GitHub-Mark.png HTTP/1.1" 200 7427 "http://www.secrepo.com/" "Mozilla/5.0 (Macintosh; Intel Mac OS X 10_10_3) AppleWebKit/537.36 (KHTML, like Gecko) Chrome/43.0.2357.81 Safari/537.36" 
45.20.192.158 - - [01/Jun/2015:08:01:09 -0700] "GET /bootstrap/img/favicon.ico HTTP/1.1" 200 589 "http://www.secrepo.com/" "Mozilla/5.0 (Macintosh; Intel Mac OS X 10_10_3) AppleWebKit/537.36 (KHTML, like Gecko) Chrome/43.0.2357.81 Safari/537.36" 
157.55.39.133 - - [01/Jun/2015:08:24:03 -0700] "GET /maccdc2012/ssl.log.gz HTTP/1.1" 301 523 "-" "Mozilla/5.0 (compatible; bingbot/2.0; +http://www.bing.com/bingbot.htm)" 
68.70.81.66 - - [01/Jun/2015:08:38:24 -0700] "GET / HTTP/1.1" 200 7041 "-" "Mozilla/5.0 (Macintosh; Intel Mac OS X 10_10_1) AppleWebKit/600.2.5 (KHTML, like Gecko) Version/8.0.2 Safari/600.2.5" 
68.70.81.66 - - [01/Jun/2015:08:38:24 -0700] "GET /GitHub-Mark.png HTTP/1.1" 200 7427 "http://www.secrepo.com/" "Mozilla/5.0 (Macintosh; Intel Mac OS X 10_10_1) AppleWebKit/600.2.5 (KHTML, like Gecko) Version/8.0.2 Safari/600.2.5" 
68.70.81.66 - - [01/Jun/2015:08:38:24 -0700] "GET /twitter-icon.png HTTP/1.1" 200 27788 "http://www.secrepo.com/" "Mozilla/5.0 (Macintosh; Intel Mac OS X 10_10_1) AppleWebKit/600.2.5 (KHTML, like Gecko) Version/8.0.2 Safari/600.2.5" 
68.70.81.66 - - [01/Jun/2015:08:38:26 -0700] "GET /bootstrap/img/favicon.ico HTTP/1.1" 200 590 "http://www.secrepo.com/" "Mozilla/5.0 (Macintosh; Intel Mac OS X 10_10_1) AppleWebKit/600.2.5 (KHTML, like Gecko) Version/8.0.2 Safari/600.2.5" 
143.215.32.86 - - [01/Jun/2015:08:43:30 -0700] "GET / HTTP/1.1" 200 7041 "https://www.google.com/" "Mozilla/5.0 (Macintosh; Intel Mac OS X 10_10_3) AppleWebKit/600.6.3 (KHTML, like Gecko) Version/8.0.6 Safari/600.6.3" 
143.215.32.86 - - [01/Jun/2015:08:43:30 -0700] "GET /twitter-icon.png HTTP/1.1" 200 27787 "http://www.secrepo.com/" "Mozilla/5.0 (Macintosh; Intel Mac OS X 10_10_3) AppleWebKit/600.6.3 (KHTML, like Gecko) Version/8.0.6 Safari/600.6.3" 
143.215.32.86 - - [01/Jun/2015:08:43:30 -0700] "GET /GitHub-Mark.png HTTP/1.1" 200 7428 "http://www.secrepo.com/" "Mozilla/5.0 (Macintosh; Intel Mac OS X 10_10_3) AppleWebKit/600.6.3 (KHTML, like Gecko) Version/8.0.6 Safari/600.6.3" 
143.215.32.86 - - [01/Jun/2015:08:43:30 -0700] "GET /bootstrap/img/favicon.ico HTTP/1.1" 200 590 "http://www.secrepo.com/" "Mozilla/5.0 (Macintosh; Intel Mac OS X 10_10_3) AppleWebKit/600.6.3 (KHTML, like Gecko) Version/8.0.6 Safari/600.6.3" 
192.99.150.120 - - [01/Jun/2015:08:47:17 -0700] "HEAD / HTTP/1.1" 200 318 "http://www.domaintuno.com/d/www.secrepo.com" "Mozilla/5.0 (compatible; DomainTunoCrawler/0.1; +http://www.domaintuno.com/robot)" 
179.160.43.41 - - [01/Jun/2015:08:53:58 -0700] "GET /favicon.ico HTTP/1.1" 200 231 "-" "okhttp/2.3.0" 
68.70.81.66 - - [01/Jun/2015:09:03:14 -0700] "GET / HTTP/1.1" 200 7041 "-" "Mozilla/5.0 (Macintosh; Intel Mac OS X 10_7_5) AppleWebKit/537.36 (KHTML, like Gecko) Chrome/42.0.2311.135 Safari/537.36" 
68.70.81.66 - - [01/Jun/2015:09:03:14 -0700] "GET /twitter-icon.png HTTP/1.1" 200 27787 "http://www.secrepo.com/" "Mozilla/5.0 (Macintosh; Intel Mac OS X 10_7_5) AppleWebKit/537.36 (KHTML, like Gecko) Chrome/42.0.2311.135 Safari/537.36" 
68.70.81.66 - - [01/Jun/2015:09:03:14 -0700] "GET /GitHub-Mark.png HTTP/1.1" 200 7428 "http://www.secrepo.com/" "Mozilla/5.0 (Macintosh; Intel Mac OS X 10_7_5) AppleWebKit/537.36 (KHTML, like Gecko) Chrome/42.0.2311.135 Safari/537.36" 
68.70.81.66 - - [01/Jun/2015:09:03:15 -0700] "GET /bootstrap/img/favicon.ico HTTP/1.1" 200 589 "http://www.secrepo.com/" "Mozilla/5.0 (Macintosh; Intel Mac OS X 10_7_5) AppleWebKit/537.36 (KHTML, like Gecko) Chrome/42.0.2311.135 Safari/537.36" 
12.166.171.68 - - [01/Jun/2015:09:09:09 -0700] "GET / HTTP/1.1" 200 7041 "-" "Mozilla/5.0 (Windows NT 6.1; WOW64) AppleWebKit/537.36 (KHTML, like Gecko) Chrome/43.0.2357.81 Safari/537.36" 
12.166.171.68 - - [01/Jun/2015:09:09:13 -0700] "GET /twitter-icon.png HTTP/1.1" 200 27788 "http://www.secrepo.com/" "Mozilla/5.0 (Windows NT 6.1; WOW64) AppleWebKit/537.36 (KHTML, like Gecko) Chrome/43.0.2357.81 Safari/537.36" 
12.166.171.68 - - [01/Jun/2015:09:09:15 -0700] "GET /GitHub-Mark.png HTTP/1.1" 200 7428 "http://www.secrepo.com/" "Mozilla/5.0 (Windows NT 6.1; WOW64) AppleWebKit/537.36 (KHTML, like Gecko) Chrome/43.0.2357.81 Safari/537.36" 
12.166.171.68 - - [01/Jun/2015:09:09:16 -0700] "GET /bootstrap/img/favicon.ico HTTP/1.1" 200 589 "http://www.secrepo.com/" "Mozilla/5.0 (Windows NT 6.1; WOW64) AppleWebKit/537.36 (KHTML, like Gecko) Chrome/43.0.2357.81 Safari/537.36" 
199.59.148.211 - - [01/Jun/2015:09:12:47 -0700] "GET /robots.txt HTTP/1.1" 200 304 "-" "Twitterbot/1.0" 
199.59.148.211 - - [01/Jun/2015:09:12:47 -0700] "GET /robots.txt HTTP/1.1" 200 304 "-" "Twitterbot/1.0" 
199.59.148.211 - - [01/Jun/2015:09:12:47 -0700] "GET /honeypot/Honeypot%20-%20Howto%20-%20BSides%20Austin.pdf HTTP/1.1" 200 2928404 "-" "Twitterbot/1.0" 
199.59.148.211 - - [01/Jun/2015:09:12:47 -0700] "GET /honeypot/honeypot.json.zip HTTP/1.1" 200 4631817 "-" "Twitterbot/1.0" 
68.70.81.66 - - [01/Jun/2015:09:32:22 -0700] "GET / HTTP/1.1" 200 7041 "-" "Mozilla/5.0 (X11; Linux x86_64) AppleWebKit/537.36 (KHTML, like Gecko) Chrome/43.0.2357.81 Safari/537.36" 
68.70.81.66 - - [01/Jun/2015:09:32:22 -0700] "GET /twitter-icon.png HTTP/1.1" 200 27787 "http://www.secrepo.com/" "Mozilla/5.0 (X11; Linux x86_64) AppleWebKit/537.36 (KHTML, like Gecko) Chrome/43.0.2357.81 Safari/537.36" 
68.70.81.66 - - [01/Jun/2015:09:32:22 -0700] "GET /GitHub-Mark.png HTTP/1.1" 200 7428 "http://www.secrepo.com/" "Mozilla/5.0 (X11; Linux x86_64) AppleWebKit/537.36 (KHTML, like Gecko) Chrome/43.0.2357.81 Safari/537.36" 
68.70.81.66 - - [01/Jun/2015:09:32:23 -0700] "GET /bootstrap/img/favicon.ico HTTP/1.1" 200 589 "http://www.secrepo.com/" "Mozilla/5.0 (X11; Linux x86_64) AppleWebKit/537.36 (KHTML, like Gecko) Chrome/43.0.2357.81 Safari/537.36" 
101.226.169.222 - - [01/Jun/2015:09:37:40 -0700] "GET / HTTP/1.1" 200 7041 "http://www.secrepo.com/" "Mozilla/5.0 (Windows NT 6.1) AppleWebKit/537.1 (KHTML, like Gecko) Chrome/21.0.1180.89 Safari/537.1; 360Spider(compatible; HaosouSpider; http://www.haosou.com/help/help_3_2.html)" 
73.12.209.205 - - [01/Jun/2015:09:41:51 -0700] "GET / HTTP/1.1" 200 7041 "http://www2.mlsecproject.org/" "Mozilla/5.0 (Windows NT 6.1; WOW64) AppleWebKit/537.36 (KHTML, like Gecko) Chrome/43.0.2357.65 Safari/537.36" 
73.12.209.205 - - [01/Jun/2015:09:41:52 -0700] "GET /twitter-icon.png HTTP/1.1" 200 27787 "http://www.secrepo.com/" "Mozilla/5.0 (Windows NT 6.1; WOW64) AppleWebKit/537.36 (KHTML, like Gecko) Chrome/43.0.2357.65 Safari/537.36" 
73.12.209.205 - - [01/Jun/2015:09:41:52 -0700] "GET /GitHub-Mark.png HTTP/1.1" 200 7428 "http://www.secrepo.com/" "Mozilla/5.0 (Windows NT 6.1; WOW64) AppleWebKit/537.36 (KHTML, like Gecko) Chrome/43.0.2357.65 Safari/537.36" 
73.12.209.205 - - [01/Jun/2015:09:41:52 -0700] "GET /bootstrap/img/favicon.ico HTTP/1.1" 200 589 "http://www.secrepo.com/" "Mozilla/5.0 (Windows NT 6.1; WOW64) AppleWebKit/537.36 (KHTML, like Gecko) Chrome/43.0.2357.65 Safari/537.36" 
192.249.67.106 - - [01/Jun/2015:09:57:08 -0700] "GET /honeypot/Honeypot%20-%20Howto%20-%20BSides%20Austin.pdf HTTP/1.1" 200 2280520 "http://www.secrepo.com/" "Mozilla/5.0 (Macintosh; Intel Mac OS X 10.10; rv:34.0) Gecko/20100101 Firefox/34.0" 
107.149.67.58 - - [01/Jun/2015:09:59:32 -0700] "GET /honeypot/BSidesDFW HTTP/1.1" 404 340 "-" "Mozilla/4.0 (compatible; MSIE 6.0; Windows NT 5.1; SV1;)" 
63.235.135.90 - - [01/Jun/2015:10:07:38 -0700] "GET / HTTP/1.1" 200 7041 "-" "Mozilla/5.0 (Macintosh; Intel Mac OS X 10_10_4) AppleWebKit/600.7.7 (KHTML, like Gecko) Version/8.0.7 Safari/600.7.7" 
63.235.135.90 - - [01/Jun/2015:10:07:39 -0700] "GET /twitter-icon.png HTTP/1.1" 200 27787 "http://www.secrepo.com/" "Mozilla/5.0 (Macintosh; Intel Mac OS X 10_10_4) AppleWebKit/600.7.7 (KHTML, like Gecko) Version/8.0.7 Safari/600.7.7" 
63.235.135.90 - - [01/Jun/2015:10:07:39 -0700] "GET /GitHub-Mark.png HTTP/1.1" 200 7428 "http://www.secrepo.com/" "Mozilla/5.0 (Macintosh; Intel Mac OS X 10_10_4) AppleWebKit/600.7.7 (KHTML, like Gecko) Version/8.0.7 Safari/600.7.7" 
63.235.135.90 - - [01/Jun/2015:10:07:39 -0700] "GET /bootstrap/img/favicon.ico HTTP/1.1" 200 590 "http://www.secrepo.com/" "Mozilla/5.0 (Macintosh; Intel Mac OS X 10_10_4) AppleWebKit/600.7.7 (KHTML, like Gecko) Version/8.0.7 Safari/600.7.7" 
63.235.135.90 - - [01/Jun/2015:10:08:08 -0700] "GET / HTTP/1.1" 200 7041 "-" "Mozilla/5.0 (Macintosh; Intel Mac OS X 10_10_3) AppleWebKit/600.6.3 (KHTML, like Gecko) Version/8.0.6 Safari/600.6.3" 
63.235.135.90 - - [01/Jun/2015:10:08:08 -0700] "GET /twitter-icon.png HTTP/1.1" 200 27787 "http://www.secrepo.com/" "Mozilla/5.0 (Macintosh; Intel Mac OS X 10_10_3) AppleWebKit/600.6.3 (KHTML, like Gecko) Version/8.0.6 Safari/600.6.3" 
63.235.135.90 - - [01/Jun/2015:10:08:08 -0700] "GET /GitHub-Mark.png HTTP/1.1" 200 7428 "http://www.secrepo.com/" "Mozilla/5.0 (Macintosh; Intel Mac OS X 10_10_3) AppleWebKit/600.6.3 (KHTML, like Gecko) Version/8.0.6 Safari/600.6.3" 
63.235.135.90 - - [01/Jun/2015:10:08:09 -0700] "GET /bootstrap/img/favicon.ico HTTP/1.1" 200 590 "http://www.secrepo.com/" "Mozilla/5.0 (Macintosh; Intel Mac OS X 10_10_3) AppleWebKit/600.6.3 (KHTML, like Gecko) Version/8.0.6 Safari/600.6.3" 
63.235.135.90 - - [01/Jun/2015:10:13:17 -0700] "GET / HTTP/1.1" 200 7041 "-" "Mozilla/5.0 (Macintosh; Intel Mac OS X 10_10_4) AppleWebKit/600.7.7 (KHTML, like Gecko) Version/8.0.7 Safari/600.7.7" 
199.59.148.211 - - [01/Jun/2015:10:23:45 -0700] "GET /robots.txt HTTP/1.1" 200 304 "-" "Twitterbot/1.0" 
199.59.148.209 - - [01/Jun/2015:10:23:45 -0700] "GET /robots.txt HTTP/1.1" 200 304 "-" "Twitterbot/1.0" 
199.59.148.211 - - [01/Jun/2015:10:23:45 -0700] "GET /honeypot/Honeypot%20-%20Howto%20-%20BSides%20Austin.pdf HTTP/1.1" 200 2928404 "-" "Twitterbot/1.0" 
199.59.148.209 - - [01/Jun/2015:10:23:45 -0700] "GET /honeypot/honeypot.json.zip HTTP/1.1" 200 4631817 "-" "Twitterbot/1.0" 
69.195.35.1 - - [01/Jun/2015:10:45:50 -0700] "GET / HTTP/1.1" 200 7041 "http://www2.mlsecproject.org/" "Mozilla/5.0 (Macintosh; Intel Mac OS X 10.10; rv:40.0) Gecko/20100101 Firefox/40.0" 
69.195.35.1 - - [01/Jun/2015:10:45:50 -0700] "GET /GitHub-Mark.png HTTP/1.1" 200 7428 "http://www.secrepo.com/" "Mozilla/5.0 (Macintosh; Intel Mac OS X 10.10; rv:40.0) Gecko/20100101 Firefox/40.0" 
69.195.35.1 - - [01/Jun/2015:10:45:50 -0700] "GET /twitter-icon.png HTTP/1.1" 200 27788 "http://www.secrepo.com/" "Mozilla/5.0 (Macintosh; Intel Mac OS X 10.10; rv:40.0) Gecko/20100101 Firefox/40.0" 
69.195.35.1 - - [01/Jun/2015:10:45:51 -0700] "GET /bootstrap/img/favicon.ico HTTP/1.1" 200 589 "-" "Mozilla/5.0 (Macintosh; Intel Mac OS X 10.10; rv:40.0) Gecko/20100101 Firefox/40.0" 
69.195.35.1 - - [01/Jun/2015:10:45:57 -0700] "GET / HTTP/1.1" 304 189 "http://www2.mlsecproject.org/" "Mozilla/5.0 (Macintosh; Intel Mac OS X 10.10; rv:40.0) Gecko/20100101 Firefox/40.0" 
69.195.35.1 - - [01/Jun/2015:10:45:57 -0700] "GET /twitter-icon.png HTTP/1.1" 304 165 "http://www.secrepo.com/" "Mozilla/5.0 (Macintosh; Intel Mac OS X 10.10; rv:40.0) Gecko/20100101 Firefox/40.0" 
69.195.35.1 - - [01/Jun/2015:10:45:57 -0700] "GET /GitHub-Mark.png HTTP/1.1" 304 166 "http://www.secrepo.com/" "Mozilla/5.0 (Macintosh; Intel Mac OS X 10.10; rv:40.0) Gecko/20100101 Firefox/40.0" 
69.195.35.1 - - [01/Jun/2015:10:45:59 -0700] "GET /twitter-icon.png HTTP/1.1" 304 166 "http://www.secrepo.com/" "Mozilla/5.0 (Macintosh; Intel Mac OS X 10.10; rv:40.0) Gecko/20100101 Firefox/40.0" 
69.195.35.1 - - [01/Jun/2015:10:45:59 -0700] "GET /GitHub-Mark.png HTTP/1.1" 304 166 "http://www.secrepo.com/" "Mozilla/5.0 (Macintosh; Intel Mac OS X 10.10; rv:40.0) Gecko/20100101 Firefox/40.0" 
150.70.173.8 - - [01/Jun/2015:10:47:15 -0700] "GET / HTTP/1.1" 200 22968 "-" "Mozilla/4.0 (compatible; MSIE 8.0; Windows NT 5.1; Trident/4.0)" 
157.55.39.119 - - [01/Jun/2015:10:47:18 -0700] "GET / HTTP/1.1" 301 483 "-" "Mozilla/5.0 (compatible; bingbot/2.0; +http://www.bing.com/bingbot.htm)" 
157.55.39.119 - - [01/Jun/2015:10:54:06 -0700] "GET / HTTP/1.1" 200 7041 "-" "Mozilla/5.0 (compatible; bingbot/2.0; +http://www.bing.com/bingbot.htm)" 
188.165.15.127 - - [01/Jun/2015:11:10:27 -0700] "GET /self.logs/access.log.2015-05-10.gz HTTP/1.1" 200 4144 "-" "Mozilla/5.0 (compatible; AhrefsBot/5.0; +http://ahrefs.com/robot/)" 
192.91.173.34 - - [01/Jun/2015:11:14:29 -0700] "GET / HTTP/1.1" 301 483 "http://secrepo.com/" "Mozilla/5.0 (Macintosh; Intel Mac OS X 10.10; rv:31.0) Gecko/20100101 Firefox/31.0" 
172.56.39.10 - - [01/Jun/2015:11:29:09 -0700] "GET / HTTP/1.1" 200 7041 "-" "Mozilla/5.0 (Macintosh; Intel Mac OS X 10_10_3) AppleWebKit/537.36 (KHTML, like Gecko) Chrome/43.0.2357.65 Safari/537.36" 
172.56.39.10 - - [01/Jun/2015:11:29:09 -0700] "GET /twitter-icon.png HTTP/1.1" 200 27787 "http://www.secrepo.com/" "Mozilla/5.0 (Macintosh; Intel Mac OS X 10_10_3) AppleWebKit/537.36 (KHTML, like Gecko) Chrome/43.0.2357.65 Safari/537.36" 
172.56.39.10 - - [01/Jun/2015:11:29:09 -0700] "GET /GitHub-Mark.png HTTP/1.1" 200 7428 "http://www.secrepo.com/" "Mozilla/5.0 (Macintosh; Intel Mac OS X 10_10_3) AppleWebKit/537.36 (KHTML, like Gecko) Chrome/43.0.2357.65 Safari/537.36" 
172.56.39.10 - - [01/Jun/2015:11:29:36 -0700] "GET /maccdc2012/http.log.gz HTTP/1.1" 200 28358400 "-" "Wget/1.16.1 (darwin14.0.0)" 
52.1.51.57 - - [01/Jun/2015:11:30:04 -0700] "GET /maccdc2012/http.log.gz HTTP/1.1" 200 56420878 "-" "Wget/1.15 (linux-gnu)" 
52.1.51.57 - - [01/Jun/2015:11:30:34 -0700] "GET /maccdc2012/conn.log.gz HTTP/1.1" 200 549157643 "-" "Wget/1.15 (linux-gnu)" 
157.55.39.251 - - [01/Jun/2015:11:36:53 -0700] "GET /robots.txt HTTP/1.1" 301 518 "-" "Mozilla/5.0 (compatible; bingbot/2.0; +http://www.bing.com/bingbot.htm)" 
157.55.39.251 - - [01/Jun/2015:11:36:53 -0700] "GET /robots.txt HTTP/1.1" 200 288 "-" "Mozilla/5.0 (compatible; bingbot/2.0; +http://www.bing.com/bingbot.htm)" 
157.55.39.250 - - [01/Jun/2015:11:38:20 -0700] "GET /self.logs/access.log.2015-02-05.gz HTTP/1.1" 301 545 "-" "Mozilla/5.0 (compatible; bingbot/2.0; +http://www.bing.com/bingbot.htm)" 
192.99.107.99 - - [01/Jun/2015:11:44:53 -0700] "GET /robots.txt HTTP/1.1" 200 304 "-" "Mozilla/5.0 (compatible; meanpathbot/1.0; +http://www.meanpath.com/meanpathbot.html)" 
192.99.107.88 - - [01/Jun/2015:11:44:53 -0700] "GET / HTTP/1.1" 200 6985 "-" "Mozilla/5.0 (compatible; meanpathbot/1.0; +http://www.meanpath.com/meanpathbot.html)" 
216.38.139.26 - - [01/Jun/2015:12:08:27 -0700] "GET / HTTP/1.1" 200 7041 "-" "Mozilla/5.0 (X11; U; Linux i686) AppleWebKit/536.11 (KHTML, like Gecko) Chrome/35.0.2034.37 Safari/536.11" 
216.38.139.26 - - [01/Jun/2015:12:08:28 -0700] "GET /twitter-icon.png HTTP/1.1" 200 27787 "http://www.secrepo.com/" "Mozilla/5.0 (X11; U; Linux i686) AppleWebKit/536.11 (KHTML, like Gecko) Chrome/35.0.2034.37 Safari/536.11" 
216.38.139.26 - - [01/Jun/2015:12:08:28 -0700] "GET /GitHub-Mark.png HTTP/1.1" 200 7428 "http://www.secrepo.com/" "Mozilla/5.0 (X11; U; Linux i686) AppleWebKit/536.11 (KHTML, like Gecko) Chrome/35.0.2034.37 Safari/536.11" 
216.38.139.26 - - [01/Jun/2015:12:08:28 -0700] "GET /bootstrap/img/favicon.ico HTTP/1.1" 200 589 "http://www.secrepo.com/" "Mozilla/5.0 (X11; U; Linux i686) AppleWebKit/536.11 (KHTML, like Gecko) Chrome/35.0.2034.37 Safari/536.11" 
205.233.0.253 - - [01/Jun/2015:12:13:25 -0700] "GET / HTTP/1.1" 200 7041 "-" "Mozilla/5.0 (Macintosh; Intel Mac OS X 10_10_3) AppleWebKit/537.36 (KHTML, like Gecko) Chrome/42.0.2311.152 Safari/537.36" 
205.233.0.253 - - [01/Jun/2015:12:13:26 -0700] "GET /GitHub-Mark.png HTTP/1.1" 200 7428 "http://www.secrepo.com/" "Mozilla/5.0 (Macintosh; Intel Mac OS X 10_10_3) AppleWebKit/537.36 (KHTML, like Gecko) Chrome/42.0.2311.152 Safari/537.36" 
205.233.0.253 - - [01/Jun/2015:12:13:26 -0700] "GET /twitter-icon.png HTTP/1.1" 200 27787 "http://www.secrepo.com/" "Mozilla/5.0 (Macintosh; Intel Mac OS X 10_10_3) AppleWebKit/537.36 (KHTML, like Gecko) Chrome/42.0.2311.152 Safari/537.36" 
205.233.0.253 - - [01/Jun/2015:12:13:26 -0700] "GET /bootstrap/img/favicon.ico HTTP/1.1" 200 589 "http://www.secrepo.com/" "Mozilla/5.0 (Macintosh; Intel Mac OS X 10_10_3) AppleWebKit/537.36 (KHTML, like Gecko) Chrome/42.0.2311.152 Safari/537.36" 
205.233.0.253 - - [01/Jun/2015:12:13:45 -0700] "GET /data HTTP/1.1" 404 340 "http://www.secrepo.com/" "Mozilla/5.0 (Macintosh; Intel Mac OS X 10_10_3) AppleWebKit/537.36 (KHTML, like Gecko) Chrome/42.0.2311.152 Safari/537.36" 
205.233.0.253 - - [01/Jun/2015:12:13:45 -0700] "GET /favicon.ico HTTP/1.1" 200 267 "http://www.secrepo.com/data" "Mozilla/5.0 (Macintosh; Intel Mac OS X 10_10_3) AppleWebKit/537.36 (KHTML, like Gecko) Chrome/42.0.2311.152 Safari/537.36" 
205.233.0.253 - - [01/Jun/2015:12:14:38 -0700] "GET /data HTTP/1.1" 404 340 "http://www.secrepo.com/" "Mozilla/5.0 (Macintosh; Intel Mac OS X 10_10_3) AppleWebKit/537.36 (KHTML, like Gecko) Chrome/42.0.2311.152 Safari/537.36" 
205.233.0.253 - - [01/Jun/2015:12:14:42 -0700] "GET /data HTTP/1.1" 404 340 "http://www.secrepo.com/" "Mozilla/5.0 (Macintosh; Intel Mac OS X 10_10_3) AppleWebKit/537.36 (KHTML, like Gecko) Chrome/42.0.2311.152 Safari/537.36" 
97.83.92.38 - - [01/Jun/2015:12:15:33 -0700] "GET / HTTP/1.1" 200 7041 "-" "Mozilla/5.0 (iPhone; U; CPU iPhone OS 4_0 like Mac OS X; en-us) AppleWebKit/532.9 (KHTML, like Gecko) Version/4.0.5 Mobile/8A293 Safari/6531.22.7" 
97.83.92.38 - - [01/Jun/2015:12:15:33 -0700] "GET /twitter-icon.png HTTP/1.1" 200 27787 "-" "Mozilla/5.0 (iPhone; U; CPU iPhone OS 4_0 like Mac OS X; en-us) AppleWebKit/532.9 (KHTML, like Gecko) Version/4.0.5 Mobile/8A293 Safari/6531.22.7" 
97.83.92.38 - - [01/Jun/2015:12:15:33 -0700] "GET /GitHub-Mark.png HTTP/1.1" 200 7427 "-" "Mozilla/5.0 (iPhone; U; CPU iPhone OS 4_0 like Mac OS X; en-us) AppleWebKit/532.9 (KHTML, like Gecko) Version/4.0.5 Mobile/8A293 Safari/6531.22.7" 
205.233.0.253 - - [01/Jun/2015:12:20:38 -0700] "GET / HTTP/1.1" 200 7041 "-" "Mozilla/5.0 (Macintosh; Intel Mac OS X 10_10_3) AppleWebKit/537.36 (KHTML, like Gecko) Chrome/43.0.2357.81 Safari/537.36" 
205.233.0.253 - - [01/Jun/2015:12:20:39 -0700] "GET /GitHub-Mark.png HTTP/1.1" 200 7428 "http://www.secrepo.com/" "Mozilla/5.0 (Macintosh; Intel Mac OS X 10_10_3) AppleWebKit/537.36 (KHTML, like Gecko) Chrome/43.0.2357.81 Safari/537.36" 
205.233.0.253 - - [01/Jun/2015:12:20:39 -0700] "GET /twitter-icon.png HTTP/1.1" 200 27787 "http://www.secrepo.com/" "Mozilla/5.0 (Macintosh; Intel Mac OS X 10_10_3) AppleWebKit/537.36 (KHTML, like Gecko) Chrome/43.0.2357.81 Safari/537.36" 
205.233.0.253 - - [01/Jun/2015:12:20:39 -0700] "GET /bootstrap/img/favicon.ico HTTP/1.1" 200 589 "http://www.secrepo.com/" "Mozilla/5.0 (Macintosh; Intel Mac OS X 10_10_3) AppleWebKit/537.36 (KHTML, like Gecko) Chrome/43.0.2357.81 Safari/537.36" 
188.165.15.127 - - [01/Jun/2015:12:49:38 -0700] "GET /self.logs/error.log.2015-01-18.gz HTTP/1.1" 200 1203 "-" "Mozilla/5.0 (compatible; AhrefsBot/5.0; +http://ahrefs.com/robot/)" 
206.123.206.158 - - [01/Jun/2015:13:09:55 -0700] "GET /bootstrap/img/favicon.ico HTTP/1.1" 200 590 "-" "Mozilla/5.0 (Windows NT 6.1; WOW64; rv:31.0) Gecko/20100101 Firefox/31.0" 
68.70.81.66 - - [01/Jun/2015:13:32:57 -0700] "GET /twitter-icon.png HTTP/1.1" 304 166 "http://www.secrepo.com/" "Mozilla/5.0 (Macintosh; Intel Mac OS X 10_10_1) AppleWebKit/600.2.5 (KHTML, like Gecko) Version/8.0.2 Safari/600.2.5" 
68.70.81.66 - - [01/Jun/2015:13:32:57 -0700] "GET /GitHub-Mark.png HTTP/1.1" 304 166 "http://www.secrepo.com/" "Mozilla/5.0 (Macintosh; Intel Mac OS X 10_10_1) AppleWebKit/600.2.5 (KHTML, like Gecko) Version/8.0.2 Safari/600.2.5" 
68.70.81.66 - - [01/Jun/2015:13:43:01 -0700] "GET / HTTP/1.1" 200 7041 "-" "Mozilla/5.0 (Macintosh; Intel Mac OS X 10.10; rv:37.0) Gecko/20100101 Firefox/37.0" 
68.70.81.66 - - [01/Jun/2015:13:43:02 -0700] "GET /bootstrap/img/favicon.ico HTTP/1.1" 200 589 "-" "Mozilla/5.0 (Macintosh; Intel Mac OS X 10.10; rv:37.0) Gecko/20100101 Firefox/37.0" 
68.70.81.66 - - [01/Jun/2015:13:43:03 -0700] "GET /twitter-icon.png HTTP/1.1" 200 27787 "http://www.secrepo.com/" "Mozilla/5.0 (Macintosh; Intel Mac OS X 10.10; rv:37.0) Gecko/20100101 Firefox/37.0" 
68.70.81.66 - - [01/Jun/2015:13:43:03 -0700] "GET /GitHub-Mark.png HTTP/1.1" 200 7428 "http://www.secrepo.com/" "Mozilla/5.0 (Macintosh; Intel Mac OS X 10.10; rv:37.0) Gecko/20100101 Firefox/37.0" 
188.165.15.127 - - [01/Jun/2015:14:08:53 -0700] "GET /self.logs/access.log.2015-04-06.gz HTTP/1.1" 200 2691 "-" "Mozilla/5.0 (compatible; AhrefsBot/5.0; +http://ahrefs.com/robot/)" 
157.55.39.133 - - [01/Jun/2015:14:16:41 -0700] "GET /honeypot/BSidesDFW%20-%202014.ipynb HTTP/1.1" 200 930836 "-" "Mozilla/5.0 (iPhone; CPU iPhone OS 7_0 like Mac OS X) AppleWebKit/537.51.1 (KHTML, like Gecko) Version/7.0 Mobile/11A465 Safari/9537.53 (compatible; bingbot/2.0;  http://www.bing.com/bingbot.htm)" 
177.195.0.63 - - [01/Jun/2015:14:59:54 -0700] "GET /favicon.ico HTTP/1.1" 200 231 "-" "okhttp/2.3.0" 
177.195.0.63 - - [01/Jun/2015:15:05:07 -0700] "GET /favicon.ico HTTP/1.1" 200 231 "-" "okhttp/2.3.0" 
216.145.5.42 - - [01/Jun/2015:15:10:45 -0700] "GET /robots.txt HTTP/1.0" 200 252 "-" "Mozilla/5.0 (Windows; U; Windows NT 5.1; en; rv:1.9.0.13) Gecko/2009073022 Firefox/3.5.2 (.NET CLR 3.5.30729) SurveyBot/2.3 (DomainTools)" 
216.145.5.42 - - [01/Jun/2015:15:10:46 -0700] "GET / HTTP/1.1" 200 7004 "http://whois.domaintools.com/secrepo.com" "Mozilla/5.0 (Windows; U; Windows NT 5.1; en; rv:1.9.0.13) Gecko/2009073022 Firefox/3.5.2 (.NET CLR 3.5.30729) SurveyBot/2.3 (DomainTools)" 
186.222.220.149 - - [01/Jun/2015:15:25:08 -0700] "GET / HTTP/1.1" 200 7041 "-" "Mozilla/5.0 (Windows NT 6.1; WOW64) AppleWebKit/537.36 (KHTML, like Gecko) Chrome/43.0.2357.81 Safari/537.36" 
186.222.220.149 - - [01/Jun/2015:15:25:08 -0700] "GET /GitHub-Mark.png HTTP/1.1" 200 7428 "http://www.secrepo.com/" "Mozilla/5.0 (Windows NT 6.1; WOW64) AppleWebKit/537.36 (KHTML, like Gecko) Chrome/43.0.2357.81 Safari/537.36" 
186.222.220.149 - - [01/Jun/2015:15:25:08 -0700] "GET /twitter-icon.png HTTP/1.1" 200 27787 "http://www.secrepo.com/" "Mozilla/5.0 (Windows NT 6.1; WOW64) AppleWebKit/537.36 (KHTML, like Gecko) Chrome/43.0.2357.81 Safari/537.36" 
186.222.220.149 - - [01/Jun/2015:15:25:09 -0700] "GET /bootstrap/img/favicon.ico HTTP/1.1" 200 589 "http://www.secrepo.com/" "Mozilla/5.0 (Windows NT 6.1; WOW64) AppleWebKit/537.36 (KHTML, like Gecko) Chrome/43.0.2357.81 Safari/537.36" 
125.227.255.30 - - [01/Jun/2015:15:30:10 -0700] "GET / HTTP/1.1" 301 483 "-" "Mozilla/4.0 (compatible; MSIE 6.0; Windows NT 5.1; SV1; Mozilla/4.0 (compatible; MSIE 6.0; Windows NT 5.1; SV1) ; .NET CLR 1.0.3705)" 
125.227.255.30 - - [01/Jun/2015:15:30:11 -0700] "GET / HTTP/1.1" 200 7041 "-" "Mozilla/4.0 (compatible; MSIE 6.0; Windows NT 5.1; SV1; Mozilla/4.0 (compatible; MSIE 6.0; Windows NT 5.1; SV1) ; .NET CLR 1.0.3705)" 
125.227.255.30 - - [01/Jun/2015:15:30:12 -0700] "POST /trackback/ HTTP/1.1" 301 462 "http://secrepo.com" "Mozilla/4.0 (compatible; MSIE 6.0; Windows NT 5.1; SV1)" 
157.55.39.119 - - [01/Jun/2015:15:48:05 -0700] "GET /robots.txt HTTP/1.1" 200 289 "-" "Mozilla/5.0 (compatible; bingbot/2.0; +http://www.bing.com/bingbot.htm)" 
157.55.39.119 - - [01/Jun/2015:15:48:09 -0700] "GET /self.logs/access.log.2015-03-11.gz HTTP/1.1" 200 2460 "-" "Mozilla/5.0 (compatible; bingbot/2.0; +http://www.bing.com/bingbot.htm)" 
177.195.0.63 - - [01/Jun/2015:15:54:19 -0700] "GET /favicon.ico HTTP/1.1" 200 231 "-" "okhttp/2.3.0" 
177.195.0.63 - - [01/Jun/2015:16:04:19 -0700] "GET /favicon.ico HTTP/1.1" 200 231 "-" "okhttp/2.3.0" 
148.251.124.174 - - [01/Jun/2015:16:07:08 -0700] "GET /robots.txt HTTP/1.0" 200 252 "-" "Mozilla/5.0 (compatible; MJ12bot/v1.4.5; http://www.majestic12.co.uk/bot.php?+)" 
148.251.124.174 - - [01/Jun/2015:16:07:09 -0700] "GET /honeypot//%22http://amunhoney.sourceforge.net//%22 HTTP/1.0" 404 284 "-" "Mozilla/5.0 (compatible; MJ12bot/v1.4.5; http://www.majestic12.co.uk/bot.php?+)" 
148.251.124.174 - - [01/Jun/2015:16:07:11 -0700] "GET /honeypot//%22http://glastopf.org//%22 HTTP/1.0" 404 303 "-" "Mozilla/5.0 (compatible; MJ12bot/v1.4.5; http://www.majestic12.co.uk/bot.php?+)" 
148.251.124.174 - - [01/Jun/2015:16:07:12 -0700] "GET /honeypot//%22http://www.maxmind.com/%22 HTTP/1.0" 404 303 "-" "Mozilla/5.0 (compatible; MJ12bot/v1.4.5; http://www.majestic12.co.uk/bot.php?+)" 
148.251.124.174 - - [01/Jun/2015:16:07:13 -0700] "GET /robots.txt HTTP/1.0" 200 252 "-" "Mozilla/5.0 (compatible; MJ12bot/v1.4.5; http://www.majestic12.co.uk/bot.php?+)" 
148.251.124.174 - - [01/Jun/2015:16:07:15 -0700] "GET /honeypot//%22https://twitter.com/sooshie/%22 HTTP/1.0" 404 284 "-" "Mozilla/5.0 (compatible; MJ12bot/v1.4.5; http://www.majestic12.co.uk/bot.php?+)" 
148.251.124.174 - - [01/Jun/2015:16:07:16 -0700] "GET /honeypot//%22https://twitter.com/theroxyd/%22 HTTP/1.0" 404 303 "-" "Mozilla/5.0 (compatible; MJ12bot/v1.4.5; http://www.majestic12.co.uk/bot.php?+)" 
71.10.42.67 - - [01/Jun/2015:17:00:17 -0700] "GET / HTTP/1.1" 200 7041 "http://www2.mlsecproject.org/" "Mozilla/5.0 (Windows NT 6.3; WOW64) AppleWebKit/537.36 (KHTML, like Gecko) Chrome/43.0.2357.81 Safari/537.36" 
71.10.42.67 - - [01/Jun/2015:17:00:17 -0700] "GET /twitter-icon.png HTTP/1.1" 200 27787 "http://www.secrepo.com/" "Mozilla/5.0 (Windows NT 6.3; WOW64) AppleWebKit/537.36 (KHTML, like Gecko) Chrome/43.0.2357.81 Safari/537.36" 
71.10.42.67 - - [01/Jun/2015:17:00:17 -0700] "GET /GitHub-Mark.png HTTP/1.1" 200 7427 "http://www.secrepo.com/" "Mozilla/5.0 (Windows NT 6.3; WOW64) AppleWebKit/537.36 (KHTML, like Gecko) Chrome/43.0.2357.81 Safari/537.36" 
71.10.42.67 - - [01/Jun/2015:17:01:03 -0700] "GET /bootstrap/img/favicon.ico HTTP/1.1" 200 590 "http://www.secrepo.com/" "Mozilla/5.0 (Windows NT 6.3; WOW64) AppleWebKit/537.36 (KHTML, like Gecko) Chrome/43.0.2357.81 Safari/537.36" 
157.55.39.119 - - [01/Jun/2015:17:30:30 -0700] "GET /self.logs/error.log.2015-02-10.gz HTTP/1.1" 200 4902 "-" "Mozilla/5.0 (compatible; bingbot/2.0; +http://www.bing.com/bingbot.htm)" 
68.188.163.237 - - [01/Jun/2015:17:49:05 -0700] "GET / HTTP/1.1" 301 483 "-" "Mozilla/5.0 (Macintosh; Intel Mac OS X 10_9_5) AppleWebKit/600.6.3 (KHTML, like Gecko) Version/7.1.6 Safari/537.85.15" 
68.188.163.237 - - [01/Jun/2015:17:49:06 -0700] "GET / HTTP/1.1" 200 7041 "-" "Mozilla/5.0 (Macintosh; Intel Mac OS X 10_9_5) AppleWebKit/600.6.3 (KHTML, like Gecko) Version/7.1.6 Safari/537.85.15" 
68.188.163.237 - - [01/Jun/2015:17:49:06 -0700] "GET /twitter-icon.png HTTP/1.1" 200 27787 "http://www.secrepo.com/" "Mozilla/5.0 (Macintosh; Intel Mac OS X 10_9_5) AppleWebKit/600.6.3 (KHTML, like Gecko) Version/7.1.6 Safari/537.85.15" 
68.188.163.237 - - [01/Jun/2015:17:49:06 -0700] "GET /GitHub-Mark.png HTTP/1.1" 200 7428 "http://www.secrepo.com/" "Mozilla/5.0 (Macintosh; Intel Mac OS X 10_9_5) AppleWebKit/600.6.3 (KHTML, like Gecko) Version/7.1.6 Safari/537.85.15" 
68.188.163.237 - - [01/Jun/2015:17:49:07 -0700] "GET /bootstrap/img/favicon.ico HTTP/1.1" 200 590 "http://www.secrepo.com/" "Mozilla/5.0 (Macintosh; Intel Mac OS X 10_9_5) AppleWebKit/600.6.3 (KHTML, like Gecko) Version/7.1.6 Safari/537.85.15" 
36.251.24.223 - - [01/Jun/2015:18:03:51 -0700] "GET /honeypot/Honeypot - Howto.pdf HTTP/1.1" 404 340 "http://www.secrepo.com/" "Mozilla/5.0 (iPhone; CPU iPhone OS 8_1_2 like Mac OS X) AppleWebKit/600.1.4 (KHTML, like Gecko) Version/8.0 Mobile/12B440 Safari/600.1.4" 
36.251.24.223 - - [01/Jun/2015:18:03:51 -0700] "GET / HTTP/1.1" 200 7040 "http://www.secrepo.com" "Mozilla/5.0 (iPhone; CPU iPhone OS 8_1_2 like Mac OS X) AppleWebKit/600.1.4 (KHTML, like Gecko) Version/8.0 Mobile/12B440 Safari/600.1.4" 
188.165.15.127 - - [01/Jun/2015:18:35:44 -0700] "GET /self.logs/access.log.2015-05-03.gz HTTP/1.1" 200 3092 "-" "Mozilla/5.0 (compatible; AhrefsBot/5.0; +http://ahrefs.com/robot/)" 
208.115.113.86 - - [01/Jun/2015:18:39:56 -0700] "GET /robots.txt HTTP/1.1" 200 233 "-" "Mozilla/5.0 (compatible; DotBot/1.1; http://www.opensiteexplorer.org/dotbot, help@moz.com)" 
208.115.113.86 - - [01/Jun/2015:19:35:17 -0700] "GET /self.logs/?C=M;O=A HTTP/1.1" 200 25925 "-" "Mozilla/5.0 (compatible; DotBot/1.1; http://www.opensiteexplorer.org/dotbot, help@moz.com)" 
188.165.15.127 - - [01/Jun/2015:20:36:00 -0700] "GET /self.logs/access.log.2015-04-02.gz HTTP/1.1" 200 3266 "-" "Mozilla/5.0 (compatible; AhrefsBot/5.0; +http://ahrefs.com/robot/)" 
157.55.39.251 - - [01/Jun/2015:21:33:42 -0700] "GET /self.logs/access.log.2015-02-24.gz HTTP/1.1" 200 4664 "-" "Mozilla/5.0 (compatible; bingbot/2.0; +http://www.bing.com/bingbot.htm)" 
73.221.160.186 - - [01/Jun/2015:22:22:56 -0700] "GET / HTTP/1.1" 200 7041 "http://www2.mlsecproject.org/" "Mozilla/5.0 (Windows NT 6.3; WOW64) AppleWebKit/537.36 (KHTML, like Gecko) Chrome/43.0.2357.81 Safari/537.36" 
73.221.160.186 - - [01/Jun/2015:22:23:03 -0700] "GET /twitter-icon.png HTTP/1.1" 200 27788 "http://www.secrepo.com/" "Mozilla/5.0 (Windows NT 6.3; WOW64) AppleWebKit/537.36 (KHTML, like Gecko) Chrome/43.0.2357.81 Safari/537.36" 
73.221.160.186 - - [01/Jun/2015:22:23:05 -0700] "GET /GitHub-Mark.png HTTP/1.1" 200 7427 "http://www.secrepo.com/" "Mozilla/5.0 (Windows NT 6.3; WOW64) AppleWebKit/537.36 (KHTML, like Gecko) Chrome/43.0.2357.81 Safari/537.36" 
73.221.160.186 - - [01/Jun/2015:22:23:10 -0700] "GET /bootstrap/img/favicon.ico HTTP/1.1" 200 590 "http://www.secrepo.com/" "Mozilla/5.0 (Windows NT 6.3; WOW64) AppleWebKit/537.36 (KHTML, like Gecko) Chrome/43.0.2357.81 Safari/537.36" 
182.118.25.231 - - [01/Jun/2015:22:26:35 -0700] "GET /robots.txt HTTP/1.1" 200 334 "http://www.secrepo.com/robots.txt" "Mozilla/5.0 (compatible; MSIE 9.0; Windows NT 6.1; Trident/5.0); 360Spider(compatible; HaosouSpider; http://www.haosou.com/help/help_3_2.html)" 
188.165.15.127 - - [01/Jun/2015:22:32:38 -0700] "GET /self.logs/ HTTP/1.1" 200 3192 "-" "Mozilla/5.0 (compatible; AhrefsBot/5.0; +http://ahrefs.com/robot/)" 
157.55.39.119 - - [01/Jun/2015:23:28:40 -0700] "GET /robots.txt HTTP/1.1" 301 518 "-" "Mozilla/5.0 (compatible; bingbot/2.0; +http://www.bing.com/bingbot.htm)" 
157.55.39.119 - - [01/Jun/2015:23:28:40 -0700] "GET /robots.txt HTTP/1.1" 200 288 "-" "Mozilla/5.0 (compatible; bingbot/2.0; +http://www.bing.com/bingbot.htm)" 
157.55.39.119 - - [01/Jun/2015:23:28:46 -0700] "GET / HTTP/1.1" 301 483 "-" "Mozilla/5.0 (compatible; bingbot/2.0; +http://www.bing.com/bingbot.htm)" 
157.55.39.119 - - [01/Jun/2015:23:32:18 -0700] "GET / HTTP/1.1" 200 7041 "-" "Mozilla/5.0 (compatible; bingbot/2.0; +http://www.bing.com/bingbot.htm)" 
180.76.15.5 - - [01/Jun/2015:23:47:38 -0700] "GET /self.logs/?C=N;O=A HTTP/1.1" 200 3211 "-" "Mozilla/5.0 (compatible; Baiduspider/2.0; +http://www.baidu.com/search/spider.html)" 
199.59.148.209 - - [01/Jun/2015:23:55:08 -0700] "GET /robots.txt HTTP/1.1" 200 304 "-" "Twitterbot/1.0" 
199.59.148.210 - - [01/Jun/2015:23:55:08 -0700] "GET /robots.txt HTTP/1.1" 200 304 "-" "Twitterbot/1.0" 
199.59.148.209 - - [01/Jun/2015:23:55:08 -0700] "GET /honeypot/Honeypot%20-%20Howto%20-%20BSides%20Austin.pdf HTTP/1.1" 200 2928404 "-" "Twitterbot/1.0" 
199.59.148.210 - - [01/Jun/2015:23:55:08 -0700] "GET /honeypot/honeypot.json.zip HTTP/1.1" 200 4631817 "-" "Twitterbot/1.0" 
123.125.71.78 - - [02/Jun/2015:00:34:25 -0700] "GET /robots.txt HTTP/1.1" 200 297 "-" "Mozilla/5.0 (Windows NT 5.1; rv:6.0.2) Gecko/20100101 Firefox/6.0.2" 
123.125.71.26 - - [02/Jun/2015:00:34:45 -0700] "GET / HTTP/1.1" 304 152 "-" "Mozilla/5.0 (compatible; Baiduspider/2.0; +http://www.baidu.com/search/spider.html)" 
194.224.214.56 - - [02/Jun/2015:01:02:46 -0700] "GET /honeypot/BSidesDFW%20-%202014.ipynb HTTP/1.1" 200 930836 "https://www.google.es/" "Mozilla/5.0 (X11; Linux x86_64) AppleWebKit/537.36 (KHTML, like Gecko) Chrome/43.0.2357.81 Safari/537.36" 
194.224.214.56 - - [02/Jun/2015:01:02:47 -0700] "GET /favicon.ico HTTP/1.1" 200 267 "http://www.secrepo.com/honeypot/BSidesDFW%20-%202014.ipynb" "Mozilla/5.0 (X11; Linux x86_64) AppleWebKit/537.36 (KHTML, like Gecko) Chrome/43.0.2357.81 Safari/537.36" 
199.16.156.124 - - [02/Jun/2015:01:05:42 -0700] "GET /robots.txt HTTP/1.1" 200 304 "-" "Twitterbot/1.0" 
199.16.156.124 - - [02/Jun/2015:01:05:42 -0700] "GET /robots.txt HTTP/1.1" 200 304 "-" "Twitterbot/1.0" 
199.16.156.124 - - [02/Jun/2015:01:05:42 -0700] "GET /honeypot/Honeypot%20-%20Howto%20-%20BSides%20Austin.pdf HTTP/1.1" 200 2928404 "-" "Twitterbot/1.0" 
199.16.156.124 - - [02/Jun/2015:01:05:42 -0700] "GET /honeypot/honeypot.json.zip HTTP/1.1" 200 4631817 "-" "Twitterbot/1.0" 
