52.168.161.70 - - [07/Jul/2017:19:30:53 -0700] "HEAD / HTTP/1.1" 301 253 "https://www.google.com/" "Mozilla/5.0 (compatible; epicbot; +http://www.epictions.com/epicbot)" 
52.168.161.70 - - [07/Jul/2017:19:30:53 -0700] "HEAD / HTTP/1.1" 301 253 "https://www.google.com/" "Mozilla/5.0 (compatible; epicbot; +http://www.epictions.com/epicbot)" 
52.168.161.70 - - [07/Jul/2017:19:30:53 -0700] "HEAD / HTTP/1.1" 301 253 "https://www.google.com/" "Mozilla/5.0 (compatible; epicbot; +http://www.epictions.com/epicbot)" 
52.168.161.70 - - [07/Jul/2017:19:30:53 -0700] "HEAD / HTTP/1.1" 301 253 "https://www.google.com/" "Mozilla/5.0 (compatible; epicbot; +http://www.epictions.com/epicbot)" 
52.168.161.70 - - [07/Jul/2017:19:30:53 -0700] "HEAD / HTTP/1.1" 301 253 "https://www.google.com/" "Mozilla/5.0 (compatible; epicbot; +http://www.epictions.com/epicbot)" 
52.168.161.70 - - [07/Jul/2017:19:30:54 -0700] "HEAD / HTTP/1.1" 301 253 "https://www.google.com/" "Mozilla/5.0 (compatible; epicbot; +http://www.epictions.com/epicbot)" 
52.168.161.70 - - [07/Jul/2017:19:30:54 -0700] "HEAD / HTTP/1.1" 301 253 "https://www.google.com/" "Mozilla/5.0 (compatible; epicbot; +http://www.epictions.com/epicbot)" 
125.71.229.178 - - [07/Jul/2017:19:30:53 -0700] "GET /maccdc2012/dns.log.gz HTTP/1.1" 200 572700 "http://www.secrepo.com/maccdc2012/" "Mozilla/5.0 (Windows NT 10.0; Win64; x64) AppleWebKit/537.36 (KHTML, like Gecko) Chrome/59.0.3071.115 Safari/537.36" 
125.71.229.178 - - [07/Jul/2017:19:30:57 -0700] "GET /maccdc2012/dns.log.gz HTTP/1.1" 206 133860 "http://www.secrepo.com/maccdc2012/" "Mozilla/5.0 (Windows NT 10.0; Win64; x64) AppleWebKit/537.36 (KHTML, like Gecko) Chrome/59.0.3071.115 Safari/537.36" 
125.71.229.178 - - [07/Jul/2017:19:31:08 -0700] "GET /maccdc2012/dns.log.gz HTTP/1.1" 206 577532 "http://www.secrepo.com/maccdc2012/" "Mozilla/5.0 (Windows NT 10.0; Win64; x64) AppleWebKit/537.36 (KHTML, like Gecko) Chrome/59.0.3071.115 Safari/537.36" 
125.71.229.178 - - [07/Jul/2017:19:30:54 -0700] "GET /maccdc2012/dns.log.gz HTTP/1.1" 206 109020 "http://www.secrepo.com/maccdc2012/" "Mozilla/5.0 (Windows NT 10.0; Win64; x64) AppleWebKit/537.36 (KHTML, like Gecko) Chrome/59.0.3071.115 Safari/537.36" 
125.71.229.178 - - [07/Jul/2017:19:31:05 -0700] "GET /maccdc2012/dns.log.gz HTTP/1.1" 206 738838 "http://www.secrepo.com/maccdc2012/" "Mozilla/5.0 (Windows NT 10.0; Win64; x64) AppleWebKit/537.36 (KHTML, like Gecko) Chrome/59.0.3071.115 Safari/537.36" 
125.71.229.178 - - [07/Jul/2017:19:30:58 -0700] "GET /maccdc2012/dns.log.gz HTTP/1.1" 206 755400 "http://www.secrepo.com/maccdc2012/" "Mozilla/5.0 (Windows NT 10.0; Win64; x64) AppleWebKit/537.36 (KHTML, like Gecko) Chrome/59.0.3071.115 Safari/537.36" 
125.71.229.178 - - [07/Jul/2017:19:31:21 -0700] "GET /maccdc2012/dns.log.gz HTTP/1.1" 206 273996 "http://www.secrepo.com/maccdc2012/" "Mozilla/5.0 (Windows NT 10.0; Win64; x64) AppleWebKit/537.36 (KHTML, like Gecko) Chrome/59.0.3071.115 Safari/537.36" 
125.71.229.178 - - [07/Jul/2017:19:30:57 -0700] "GET /maccdc2012/dns.log.gz HTTP/1.1" 206 787980 "http://www.secrepo.com/maccdc2012/" "Mozilla/5.0 (Windows NT 10.0; Win64; x64) AppleWebKit/537.36 (KHTML, like Gecko) Chrome/59.0.3071.115 Safari/537.36" 
125.71.229.178 - - [07/Jul/2017:19:31:27 -0700] "GET /maccdc2012/dns.log.gz HTTP/1.1" 206 103371 "http://www.secrepo.com/maccdc2012/" "Mozilla/5.0 (Windows NT 10.0; Win64; x64) AppleWebKit/537.36 (KHTML, like Gecko) Chrome/59.0.3071.115 Safari/537.36" 
125.71.229.178 - - [07/Jul/2017:19:30:56 -0700] "GET /maccdc2012/dns.log.gz HTTP/1.1" 206 724500 "http://www.secrepo.com/maccdc2012/" "Mozilla/5.0 (Windows NT 10.0; Win64; x64) AppleWebKit/537.36 (KHTML, like Gecko) Chrome/59.0.3071.115 Safari/537.36" 
125.71.229.178 - - [07/Jul/2017:19:31:26 -0700] "GET /maccdc2012/dns.log.gz HTTP/1.1" 206 164749 "http://www.secrepo.com/maccdc2012/" "Mozilla/5.0 (Windows NT 10.0; Win64; x64) AppleWebKit/537.36 (KHTML, like Gecko) Chrome/59.0.3071.115 Safari/537.36" 
125.71.229.178 - - [07/Jul/2017:19:30:55 -0700] "GET /maccdc2012/dns.log.gz HTTP/1.1" 206 1161960 "http://www.secrepo.com/maccdc2012/" "Mozilla/5.0 (Windows NT 10.0; Win64; x64) AppleWebKit/537.36 (KHTML, like Gecko) Chrome/59.0.3071.115 Safari/537.36" 
125.71.229.178 - - [07/Jul/2017:19:31:21 -0700] "GET /maccdc2012/dns.log.gz HTTP/1.1" 206 283517 "http://www.secrepo.com/maccdc2012/" "Mozilla/5.0 (Windows NT 10.0; Win64; x64) AppleWebKit/537.36 (KHTML, like Gecko) Chrome/59.0.3071.115 Safari/537.36" 
125.71.229.178 - - [07/Jul/2017:19:30:57 -0700] "GET /maccdc2012/dns.log.gz HTTP/1.1" 206 524400 "http://www.secrepo.com/maccdc2012/" "Mozilla/5.0 (Windows NT 10.0; Win64; x64) AppleWebKit/537.36 (KHTML, like Gecko) Chrome/59.0.3071.115 Safari/537.36" 
125.71.229.178 - - [07/Jul/2017:19:31:06 -0700] "GET /maccdc2012/dns.log.gz HTTP/1.1" 206 331200 "http://www.secrepo.com/maccdc2012/" "Mozilla/5.0 (Windows NT 10.0; Win64; x64) AppleWebKit/537.36 (KHTML, like Gecko) Chrome/59.0.3071.115 Safari/537.36" 
125.71.229.178 - - [07/Jul/2017:19:32:08 -0700] "GET /maccdc2012/conn.log.gz HTTP/1.1" 206 1048943 "-" "Mozilla/4.0 (compatible; MSIE 7.0; Windows NT 6.2; WOW64; Trident/7.0; .NET4.0E; .NET4.0C; .NET CLR 3.5.30729; .NET CLR 2.0.50727; .NET CLR 3.0.30729)" 
123.125.71.54 - - [07/Jul/2017:19:32:35 -0700] "GET /robots.txt HTTP/1.1" 200 297 "-" "Mozilla/5.0 (compatible; Baiduspider/2.0; +http://www.baidu.com/search/spider.html)" 
125.71.229.178 - - [07/Jul/2017:19:32:08 -0700] "GET /maccdc2012/conn.log.gz HTTP/1.1" 206 1048943 "-" "Mozilla/4.0 (compatible; MSIE 7.0; Windows NT 6.2; WOW64; Trident/7.0; .NET4.0E; .NET4.0C; .NET CLR 3.5.30729; .NET CLR 2.0.50727; .NET CLR 3.0.30729)" 
125.71.229.178 - - [07/Jul/2017:19:32:08 -0700] "GET /maccdc2012/conn.log.gz HTTP/1.1" 206 1048943 "-" "Mozilla/4.0 (compatible; MSIE 7.0; Windows NT 6.2; WOW64; Trident/7.0; .NET4.0E; .NET4.0C; .NET CLR 3.5.30729; .NET CLR 2.0.50727; .NET CLR 3.0.30729)" 
125.71.229.178 - - [07/Jul/2017:19:32:08 -0700] "GET /maccdc2012/conn.log.gz HTTP/1.1" 206 1048943 "-" "Mozilla/4.0 (compatible; MSIE 7.0; Windows NT 6.2; WOW64; Trident/7.0; .NET4.0E; .NET4.0C; .NET CLR 3.5.30729; .NET CLR 2.0.50727; .NET CLR 3.0.30729)" 
201.83.81.59 - - [07/Jul/2017:19:37:13 -0700] "GET /honeypot/BSidesDFW - 2014.ipynb HTTP/1.0" 404 340 "http://www.secrepo.com" "Mozilla/4.0 (compatible; MSIE 6.0; Windows NT 5.1; en) Opera 8.50" 
201.83.81.59 - - [07/Jul/2017:19:37:15 -0700] "GET /honeypot/BSidesDFW - 2014.ipynb HTTP/1.0" 404 340 "http://www.secrepo.com" "Mozilla/4.0 (compatible; MSIE 6.0; Windows NT 5.1; en) Opera 8.50" 
201.83.81.59 - - [07/Jul/2017:19:37:17 -0700] "GET /honeypot/BSidesDFW - 2014.ipynb HTTP/1.0" 404 340 "http://www.secrepo.com" "Mozilla/4.0 (compatible; MSIE 6.0; Windows NT 5.1; en) Opera 8.50" 
201.83.81.59 - - [07/Jul/2017:19:37:18 -0700] "GET /honeypot/BSidesDFW - 2014.ipynb HTTP/1.0" 404 340 "http://www.secrepo.com" "Mozilla/4.0 (compatible; MSIE 6.0; Windows NT 5.1; en) Opera 8.50" 
52.168.161.70 - - [07/Jul/2017:19:38:06 -0700] "HEAD / HTTP/1.1" 200 282 "https://www.google.com/" "Mozilla/5.0 (compatible; epicbot; +http://www.epictions.com/epicbot)" 
52.168.161.70 - - [07/Jul/2017:19:38:09 -0700] "HEAD / HTTP/1.1" 200 282 "https://www.google.com/" "Mozilla/5.0 (compatible; epicbot; +http://www.epictions.com/epicbot)" 
52.168.161.70 - - [07/Jul/2017:19:38:09 -0700] "HEAD / HTTP/1.1" 200 282 "https://www.google.com/" "Mozilla/5.0 (compatible; epicbot; +http://www.epictions.com/epicbot)" 
220.181.51.114 - - [07/Jul/2017:19:39:02 -0700] "GET /robots.txt HTTP/1.1" 200 297 "-" "Mozilla/5.0 (Windows NT 10.0; WOW64) AppleWebKit/537.36 (KHTML, like Gecko) Chrome/45.0.2454.93 Safari/537.36" 
220.181.51.87 - - [07/Jul/2017:19:45:32 -0700] "GET /robots.txt HTTP/1.1" 200 297 "-" "Mozilla/5.0 (Windows NT 10.0; WOW64) AppleWebKit/537.36 (KHTML, like Gecko) Chrome/45.0.2454.93 Safari/537.36" 
125.71.229.178 - - [07/Jul/2017:19:32:42 -0700] "GET /maccdc2012/conn.log.gz HTTP/1.1" 206 8558760 "-" "Mozilla/4.0 (compatible; MSIE 7.0; Windows NT 6.2; WOW64; Trident/7.0; .NET4.0E; .NET4.0C; .NET CLR 3.5.30729; .NET CLR 2.0.50727; .NET CLR 3.0.30729)" 
180.76.15.24 - - [07/Jul/2017:19:47:01 -0700] "GET /honeypot/Honeypot%20-%20Howto%20-%20BSides%20Austin.pdf HTTP/1.1" 200 892060 "-" "Mozilla/5.0 (compatible; Baiduspider/2.0; +http://www.baidu.com/search/spider.html)" 
182.75.98.250 - - [07/Jul/2017:19:48:41 -0700] "GET /wp-login.php HTTP/1.1" 404 295 "-" "Mozilla/5.0 (Windows NT 6.1; WOW64; rv:40.0) Gecko/20100101 Firefox/40.1" 
182.75.98.250 - - [07/Jul/2017:19:48:47 -0700] "GET /wp-login.php HTTP/1.1" 404 295 "-" "Mozilla/5.0 (Windows NT 6.1; WOW64; rv:40.0) Gecko/20100101 Firefox/40.1" 
182.75.98.250 - - [07/Jul/2017:19:48:52 -0700] "GET / HTTP/1.1" 200 36476 "-" "Mozilla/5.0 (Windows NT 6.1; WOW64; rv:40.0) Gecko/20100101 Firefox/40.1" 
164.132.161.74 - - [07/Jul/2017:19:49:04 -0700] "GET /self.logs/access.log.2016-05-20.gz HTTP/1.1" 200 8012 "-" "Mozilla/5.0 (compatible; AhrefsBot/5.2; +http://ahrefs.com/robot/)" 
125.71.229.178 - - [07/Jul/2017:19:46:59 -0700] "GET /maccdc2012/conn.log.gz HTTP/1.1" 206 804540 "-" "Mozilla/4.0 (compatible; MSIE 7.0; Windows NT 6.2; WOW64; Trident/7.0; .NET4.0E; .NET4.0C; .NET CLR 3.5.30729; .NET CLR 2.0.50727; .NET CLR 3.0.30729)" 
220.181.108.165 - - [07/Jul/2017:19:51:36 -0700] "GET /robots.txt HTTP/1.1" 200 297 "-" "Mozilla/5.0 (compatible; Baiduspider/2.0; +http://www.baidu.com/search/spider.html)" 
220.181.51.94 - - [07/Jul/2017:19:51:36 -0700] "GET /robots.txt HTTP/1.1" 200 297 "-" "Mozilla/5.0 (Windows NT 10.0; WOW64) AppleWebKit/537.36 (KHTML, like Gecko) Chrome/45.0.2454.93 Safari/537.36" 
220.181.51.92 - - [07/Jul/2017:19:57:41 -0700] "GET /robots.txt HTTP/1.1" 200 297 "-" "Mozilla/5.0 (Windows NT 10.0; WOW64) AppleWebKit/537.36 (KHTML, like Gecko) Chrome/45.0.2454.93 Safari/537.36" 
220.181.51.122 - - [07/Jul/2017:20:04:01 -0700] "GET /robots.txt HTTP/1.1" 200 297 "-" "Mozilla/5.0 (Windows NT 10.0; WOW64) AppleWebKit/537.36 (KHTML, like Gecko) Chrome/45.0.2454.93 Safari/537.36" 
120.92.32.141 - - [07/Jul/2017:20:05:45 -0700] "GET / HTTP/1.1" 301 427 "-" "Mozilla/5.0 (Windows NT 6.1; WOW64) AppleWebKit/537.36 (KHTML, like Gecko) Chrome/39.0.2171.95  Safari/537.36" 
120.92.32.141 - - [07/Jul/2017:20:05:48 -0700] "GET / HTTP/1.1" 200 10738 "-" "Mozilla/5.0 (Windows NT 6.1; WOW64) AppleWebKit/537.36 (KHTML, like Gecko) Chrome/39.0.2171.95  Safari/537.36" 
120.92.32.141 - - [07/Jul/2017:20:05:48 -0700] "GET / HTTP/1.1" 200 10738 "-" "Mozilla/5.0 (Windows NT 6.1; WOW64) AppleWebKit/537.36 (KHTML, like Gecko) Chrome/39.0.2171.95  Safari/537.36" 
51.255.65.18 - - [07/Jul/2017:20:06:35 -0700] "GET /self.logs/?C=M;O=D HTTP/1.1" 200 18694 "-" "Mozilla/5.0 (compatible; AhrefsBot/5.2; +http://ahrefs.com/robot/)" 
134.249.136.214 - - [07/Jul/2017:20:07:16 -0700] "GET /honeypot/Honeypot%20-%20Howto.pdf HTTP/1.1" 200 1279418 "http://www.secrepo.com/" "Mozilla/5.0 (Windows NT 6.3; Win64; x64) AppleWebKit/537.36 (KHTML, like Gecko) Chrome/41.0.2220.0 Safari/537.36" 
216.244.66.227 - - [07/Jul/2017:20:08:50 -0700] "GET /robots.txt HTTP/1.1" 200 233 "-" "Mozilla/5.0 (compatible; DotBot/1.1; http://www.opensiteexplorer.org/dotbot, help@moz.com)" 
220.181.51.116 - - [07/Jul/2017:20:10:58 -0700] "GET /robots.txt HTTP/1.1" 200 297 "-" "Mozilla/5.0 (Windows NT 10.0; WOW64) AppleWebKit/537.36 (KHTML, like Gecko) Chrome/45.0.2454.93 Safari/537.36" 
73.202.47.21 - - [07/Jul/2017:20:12:41 -0700] "GET /twitter-icon.png HTTP/1.1" 200 27788 "-" "Mozilla/5.0 (Macintosh; Intel Mac OS X 10_10_5) AppleWebKit/603.2.5 (KHTML, like Gecko) Version/10.1.1 Safari/603.2.5" 
73.202.47.21 - - [07/Jul/2017:20:12:41 -0700] "GET /GitHub-Mark.png HTTP/1.1" 200 7428 "-" "Mozilla/5.0 (Macintosh; Intel Mac OS X 10_10_5) AppleWebKit/603.2.5 (KHTML, like Gecko) Version/10.1.1 Safari/603.2.5" 
125.71.229.178 - - [07/Jul/2017:19:34:06 -0700] "GET /maccdc2012/conn.log.gz HTTP/1.1" 206 53212800 "-" "Mozilla/4.0 (compatible; MSIE 7.0; Windows NT 6.2; WOW64; Trident/7.0; .NET4.0E; .NET4.0C; .NET CLR 3.5.30729; .NET CLR 2.0.50727; .NET CLR 3.0.30729)" 
125.71.229.178 - - [07/Jul/2017:19:32:05 -0700] "GET /maccdc2012/conn.log.gz HTTP/1.1" 200 62534700 "-" "Mozilla/4.0 (compatible; MSIE 7.0; Windows NT 6.2; WOW64; Trident/7.0; .NET4.0E; .NET4.0C; .NET CLR 3.5.30729; .NET CLR 2.0.50727; .NET CLR 3.0.30729)" 
125.71.229.178 - - [07/Jul/2017:19:32:57 -0700] "GET /maccdc2012/conn.log.gz HTTP/1.1" 206 64757880 "-" "Mozilla/4.0 (compatible; MSIE 7.0; Windows NT 6.2; WOW64; Trident/7.0; .NET4.0E; .NET4.0C; .NET CLR 3.5.30729; .NET CLR 2.0.50727; .NET CLR 3.0.30729)" 
125.71.229.178 - - [07/Jul/2017:19:49:05 -0700] "GET /maccdc2012/conn.log.gz HTTP/1.1" 206 40585800 "-" "Mozilla/4.0 (compatible; MSIE 7.0; Windows NT 6.2; WOW64; Trident/7.0; .NET4.0E; .NET4.0C; .NET CLR 3.5.30729; .NET CLR 2.0.50727; .NET CLR 3.0.30729)" 
125.71.229.178 - - [07/Jul/2017:20:29:49 -0700] "GET /maccdc2012/conn.log.gz HTTP/1.1" 206 1001880 "-" "Mozilla/4.0 (compatible; MSIE 7.0; Windows NT 6.2; WOW64; Trident/7.0; .NET4.0E; .NET4.0C; .NET CLR 3.5.30729; .NET CLR 2.0.50727; .NET CLR 3.0.30729)" 
125.71.229.178 - - [07/Jul/2017:20:29:41 -0700] "GET /maccdc2012/conn.log.gz HTTP/1.1" 206 1450380 "-" "Mozilla/4.0 (compatible; MSIE 7.0; Windows NT 6.2; WOW64; Trident/7.0; .NET4.0E; .NET4.0C; .NET CLR 3.5.30729; .NET CLR 2.0.50727; .NET CLR 3.0.30729)" 
125.71.229.178 - - [07/Jul/2017:20:32:11 -0700] "GET /maccdc2012/conn.log.gz HTTP/1.1" 206 892860 "-" "Mozilla/4.0 (compatible; MSIE 7.0; Windows NT 6.2; WOW64; Trident/7.0; .NET4.0E; .NET4.0C; .NET CLR 3.5.30729; .NET CLR 2.0.50727; .NET CLR 3.0.30729)" 
125.71.229.178 - - [07/Jul/2017:20:35:26 -0700] "GET /maccdc2012/conn.log.gz HTTP/1.1" 206 194580 "-" "Mozilla/4.0 (compatible; MSIE 7.0; Windows NT 6.2; WOW64; Trident/7.0; .NET4.0E; .NET4.0C; .NET CLR 3.5.30729; .NET CLR 2.0.50727; .NET CLR 3.0.30729)" 
125.71.229.178 - - [07/Jul/2017:20:32:09 -0700] "GET /maccdc2012/conn.log.gz HTTP/1.1" 206 2926980 "-" "Mozilla/4.0 (compatible; MSIE 7.0; Windows NT 6.2; WOW64; Trident/7.0; .NET4.0E; .NET4.0C; .NET CLR 3.5.30729; .NET CLR 2.0.50727; .NET CLR 3.0.30729)" 
125.71.229.178 - - [07/Jul/2017:19:33:11 -0700] "GET /maccdc2012/conn.log.gz HTTP/1.1" 206 69158700 "-" "Mozilla/4.0 (compatible; MSIE 7.0; Windows NT 6.2; WOW64; Trident/7.0; .NET4.0E; .NET4.0C; .NET CLR 3.5.30729; .NET CLR 2.0.50727; .NET CLR 3.0.30729)" 
217.182.132.34 - - [07/Jul/2017:20:50:46 -0700] "GET /self.logs/access.log.2017-06-18.gz HTTP/1.1" 200 17151 "-" "Mozilla/5.0 (compatible; AhrefsBot/5.2; +http://ahrefs.com/robot/)" 
125.71.229.178 - - [07/Jul/2017:20:29:59 -0700] "GET /maccdc2012/conn.log.gz HTTP/1.1" 206 21722580 "-" "Mozilla/4.0 (compatible; MSIE 7.0; Windows NT 6.2; WOW64; Trident/7.0; .NET4.0E; .NET4.0C; .NET CLR 3.5.30729; .NET CLR 2.0.50727; .NET CLR 3.0.30729)" 
64.237.224.0 - - [07/Jul/2017:20:53:00 -0700] "GET /wp-login.php HTTP/1.1" 404 295 "-" "Mozilla/5.0 (Windows NT 6.1; WOW64; rv:40.0) Gecko/20100101 Firefox/40.1" 
64.237.224.0 - - [07/Jul/2017:20:53:06 -0700] "GET /wp-login.php HTTP/1.1" 404 295 "-" "Mozilla/5.0 (Windows NT 6.1; WOW64; rv:40.0) Gecko/20100101 Firefox/40.1" 
64.237.224.0 - - [07/Jul/2017:20:53:11 -0700] "GET / HTTP/1.1" 200 36476 "-" "Mozilla/5.0 (Windows NT 6.1; WOW64; rv:40.0) Gecko/20100101 Firefox/40.1" 
216.244.66.227 - - [07/Jul/2017:20:54:14 -0700] "GET /robots.txt HTTP/1.1" 200 233 "-" "Mozilla/5.0 (compatible; DotBot/1.1; http://www.opensiteexplorer.org/dotbot, help@moz.com)" 
199.16.157.183 - - [07/Jul/2017:20:55:11 -0700] "GET /robots.txt HTTP/1.1" 200 233 "-" "Twitterbot/1.0" 
199.16.157.183 - - [07/Jul/2017:20:55:11 -0700] "GET / HTTP/1.1" 200 10738 "-" "Twitterbot/1.0" 
45.33.102.78 - - [07/Jul/2017:20:55:11 -0700] "GET / HTTP/1.1" 301 498 "-" "Java/1.8.0_66" 
194.149.232.85 - - [07/Jul/2017:20:55:12 -0700] "GET / HTTP/1.1" 301 498 "-" "Mozilla/5.0 (Windows NT 6.3; WOW64) AppleWebKit/537.36 (KHTML, like Gecko) Chrome/39.0.2171.71 Safari/537.36" 
17.142.159.143 - - [07/Jul/2017:20:55:12 -0700] "GET / HTTP/1.1" 301 483 "-" "Mozilla/5.0 (Macintosh; Intel Mac OS X 10_10_1) AppleWebKit/600.2.5 (KHTML, like Gecko) Version/8.0.2 Safari/600.2.5 (Applebot/0.1; +http://www.apple.com/go/applebot)" 
17.142.159.143 - - [07/Jul/2017:20:55:12 -0700] "GET / HTTP/1.1" 200 10794 "-" "Mozilla/5.0 (Macintosh; Intel Mac OS X 10_10_1) AppleWebKit/600.2.5 (KHTML, like Gecko) Version/8.0.2 Safari/600.2.5 (Applebot/0.1; +http://www.apple.com/go/applebot)" 
144.76.43.85 - - [07/Jul/2017:20:55:12 -0700] "GET / HTTP/1.1" 301 498 "-" "Java/1.8.0_05" 
194.149.232.85 - - [07/Jul/2017:20:55:12 -0700] "GET / HTTP/1.1" 301 498 "-" "Mozilla/5.0 (Windows NT 6.3; WOW64) AppleWebKit/537.36 (KHTML, like Gecko) Chrome/39.0.2171.71 Safari/537.36" 
72.30.14.114 - - [07/Jul/2017:20:55:12 -0700] "GET /robots.txt HTTP/1.1" 301 462 "-" "Mozilla/5.0 (compatible; Yahoo! Slurp; http://help.yahoo.com/help/us/ysearch/slurp)" 
72.30.14.114 - - [07/Jul/2017:20:55:12 -0700] "GET /robots.txt HTTP/1.1" 200 233 "-" "Mozilla/5.0 (compatible; Yahoo! Slurp; http://help.yahoo.com/help/us/ysearch/slurp)" 
194.149.232.85 - - [07/Jul/2017:20:55:12 -0700] "GET / HTTP/1.1" 200 36476 "-" "Mozilla/5.0 (Windows NT 6.3; WOW64) AppleWebKit/537.36 (KHTML, like Gecko) Chrome/39.0.2171.71 Safari/537.36" 
144.76.43.85 - - [07/Jul/2017:20:55:12 -0700] "GET / HTTP/1.1" 200 36476 "-" "Java/1.8.0_05" 
72.30.14.114 - - [07/Jul/2017:20:55:13 -0700] "HEAD / HTTP/1.1" 301 234 "-" "Mozilla/5.0 (compatible; Yahoo! Slurp; http://help.yahoo.com/help/us/ysearch/slurp)" 
194.149.232.85 - - [07/Jul/2017:20:55:13 -0700] "GET / HTTP/1.1" 200 36476 "-" "Mozilla/5.0 (Windows NT 6.3; WOW64; rv:42.0) Gecko/20100101 Firefox/42.0" 
72.30.14.14 - - [07/Jul/2017:20:55:13 -0700] "GET /robots.txt HTTP/1.1" 200 233 "-" "Mozilla/5.0 (compatible; Yahoo! Slurp; http://help.yahoo.com/help/us/ysearch/slurp)" 
72.30.14.14 - - [07/Jul/2017:20:55:13 -0700] "HEAD / HTTP/1.1" 200 263 "-" "Mozilla/5.0 (compatible; Yahoo! Slurp; http://help.yahoo.com/help/us/ysearch/slurp)" 
72.30.14.114 - - [07/Jul/2017:20:55:13 -0700] "HEAD / HTTP/1.1" 301 234 "-" "Mozilla/5.0 (compatible; Yahoo! Slurp; http://help.yahoo.com/help/us/ysearch/slurp)" 
52.168.161.70 - - [07/Jul/2017:20:55:13 -0700] "HEAD / HTTP/1.1" 301 253 "https://www.google.com/" "Mozilla/5.0 (compatible; epicbot; +http://www.epictions.com/epicbot)" 
52.168.161.70 - - [07/Jul/2017:20:55:13 -0700] "HEAD / HTTP/1.1" 301 253 "https://www.google.com/" "Mozilla/5.0 (compatible; epicbot; +http://www.epictions.com/epicbot)" 
52.168.161.70 - - [07/Jul/2017:20:55:13 -0700] "HEAD / HTTP/1.1" 301 253 "https://www.google.com/" "Mozilla/5.0 (compatible; epicbot; +http://www.epictions.com/epicbot)" 
72.30.14.14 - - [07/Jul/2017:20:55:14 -0700] "HEAD / HTTP/1.1" 200 263 "-" "Mozilla/5.0 (compatible; Yahoo! Slurp; http://help.yahoo.com/help/us/ysearch/slurp)" 
23.96.179.202 - - [07/Jul/2017:20:55:14 -0700] "GET / HTTP/1.1" 301 483 "-" "Mozilla/5.0 (compatible; MSIE 10.0; Windows NT 6.1; Trident/6.0)" 
23.96.179.202 - - [07/Jul/2017:20:55:15 -0700] "GET / HTTP/1.1" 200 10794 "-" "Mozilla/5.0 (compatible; MSIE 10.0; Windows NT 6.1; Trident/6.0)" 
52.168.161.70 - - [07/Jul/2017:20:55:15 -0700] "HEAD / HTTP/1.1" 301 253 "https://www.google.com/" "Mozilla/5.0 (compatible; epicbot; +http://www.epictions.com/epicbot)" 
52.168.161.70 - - [07/Jul/2017:20:55:15 -0700] "HEAD / HTTP/1.1" 301 253 "https://www.google.com/" "Mozilla/5.0 (compatible; epicbot; +http://www.epictions.com/epicbot)" 
52.168.161.70 - - [07/Jul/2017:20:55:15 -0700] "HEAD / HTTP/1.1" 301 253 "https://www.google.com/" "Mozilla/5.0 (compatible; epicbot; +http://www.epictions.com/epicbot)" 
52.168.161.70 - - [07/Jul/2017:20:55:15 -0700] "HEAD / HTTP/1.1" 301 253 "https://www.google.com/" "Mozilla/5.0 (compatible; epicbot; +http://www.epictions.com/epicbot)" 
52.168.161.70 - - [07/Jul/2017:20:55:16 -0700] "HEAD / HTTP/1.1" 301 253 "https://www.google.com/" "Mozilla/5.0 (compatible; epicbot; +http://www.epictions.com/epicbot)" 
52.168.161.70 - - [07/Jul/2017:20:55:16 -0700] "HEAD / HTTP/1.1" 301 253 "https://www.google.com/" "Mozilla/5.0 (compatible; epicbot; +http://www.epictions.com/epicbot)" 
51.255.65.68 - - [07/Jul/2017:20:55:18 -0700] "GET /self.logs/error.log.2017-02-18.gz HTTP/1.1" 200 814 "-" "Mozilla/5.0 (compatible; AhrefsBot/5.2; +http://ahrefs.com/robot/)" 
144.76.14.55 - - [07/Jul/2017:20:55:21 -0700] "GET /robots.txt HTTP/1.1" 301 465 "-" "Mozilla/5.0 (Macintosh; U; PPC Mac OS X Mach-O; es-ES; rv:1.8.0.3) Gecko/20060426 Firefox/1.5.0.3" 
34.251.158.128 - - [07/Jul/2017:20:55:22 -0700] "GET /robots.txt HTTP/1.1" 301 446 "-" "Mozilla/5.0 (compatible; YaK/1.0; http://linkfluence.com/; bot@linkfluence.com)" 
144.76.14.55 - - [07/Jul/2017:20:55:22 -0700] "GET /robots.txt HTTP/1.1" 200 297 "http://secrepo.com/robots.txt" "Mozilla/5.0 (Macintosh; U; PPC Mac OS X Mach-O; es-ES; rv:1.8.0.3) Gecko/20060426 Firefox/1.5.0.3" 
34.251.158.128 - - [07/Jul/2017:20:55:22 -0700] "GET /robots.txt HTTP/1.1" 200 304 "-" "Mozilla/5.0 (compatible; YaK/1.0; http://linkfluence.com/; bot@linkfluence.com)" 
144.76.14.55 - - [07/Jul/2017:20:55:22 -0700] "GET / HTTP/1.1" 301 446 "-" "Mozilla/5.0 (Macintosh; U; PPC Mac OS X Mach-O; es-ES; rv:1.8.0.3) Gecko/20060426 Firefox/1.5.0.3" 
144.76.14.55 - - [07/Jul/2017:20:55:22 -0700] "GET / HTTP/1.1" 200 10757 "http://secrepo.com/" "Mozilla/5.0 (Macintosh; U; PPC Mac OS X Mach-O; es-ES; rv:1.8.0.3) Gecko/20060426 Firefox/1.5.0.3" 
34.251.158.128 - - [07/Jul/2017:20:55:23 -0700] "GET / HTTP/1.1" 301 427 "-" "Mozilla/5.0 (compatible; YaK/1.0; http://linkfluence.com/; bot@linkfluence.com)" 
34.251.158.128 - - [07/Jul/2017:20:55:23 -0700] "GET /robots.txt HTTP/1.1" 200 304 "-" "Mozilla/5.0 (compatible; YaK/1.0; http://linkfluence.com/; bot@linkfluence.com)" 
34.251.158.128 - - [07/Jul/2017:20:55:24 -0700] "GET / HTTP/1.1" 200 10738 "-" "Mozilla/5.0 (compatible; YaK/1.0; http://linkfluence.com/; bot@linkfluence.com)" 
148.251.136.180 - - [07/Jul/2017:20:55:30 -0700] "HEAD / HTTP/1.1" 301 246 "-" "Mozilla/5.0 (compatible; um-LN/1.0; mailto: techinfo@ubermetrics-technologies.com)" 
148.251.136.180 - - [07/Jul/2017:20:55:31 -0700] "HEAD / HTTP/1.1" 200 295 "-" "Mozilla/5.0 (compatible; um-LN/1.0; mailto: techinfo@ubermetrics-technologies.com)" 
148.251.136.180 - - [07/Jul/2017:20:55:31 -0700] "GET /robots.txt HTTP/1.1" 200 334 "-" "Mozilla/5.0 (compatible; Windows; U; Windows NT 6.2; en-US; rv:12.0) Gecko/20120403211507 Firefox/12.0" 
148.251.136.180 - - [07/Jul/2017:20:55:31 -0700] "GET / HTTP/1.1" 200 10793 "-" "Mozilla/5.0 (compatible; Windows; U; Windows NT 6.2; en-US; rv:12.0) Gecko/20120403211507 Firefox/12.0" 
52.5.98.73 - - [07/Jul/2017:20:55:41 -0700] "GET / HTTP/1.1" 301 498 "-" "Mozilla/5.0 (compatible)" 
52.5.98.73 - - [07/Jul/2017:20:55:41 -0700] "GET / HTTP/1.1" 200 36476 "-" "Mozilla/5.0 (compatible)" 
163.172.74.26 - - [07/Jul/2017:20:56:08 -0700] "GET / HTTP/1.1" 301 483 "-" "Mozilla/5.0 (Macintosh; U; Intel Mac OS X; de-de) AppleWebKit/523.10.3 (KHTML, like Gecko) Version/3.0.4 Safari/523.10" 
163.172.74.26 - - [07/Jul/2017:20:56:08 -0700] "GET / HTTP/1.1" 200 10794 "-" "Mozilla/5.0 (Macintosh; U; Intel Mac OS X; de-de) AppleWebKit/523.10.3 (KHTML, like Gecko) Version/3.0.4 Safari/523.10" 
54.87.63.87 - - [07/Jul/2017:20:56:36 -0700] "HEAD / HTTP/1.1" 301 190 "-" "curl/7.47.1" 
54.87.63.87 - - [07/Jul/2017:20:56:36 -0700] "HEAD / HTTP/1.1" 200 239 "http://secrepo.com/" "curl/7.47.1" 
125.71.229.178 - - [07/Jul/2017:20:42:30 -0700] "GET /maccdc2012/conn.log.gz HTTP/1.1" 206 11852820 "-" "Mozilla/4.0 (compatible; MSIE 7.0; Windows NT 6.2; WOW64; Trident/7.0; .NET4.0E; .NET4.0C; .NET CLR 3.5.30729; .NET CLR 2.0.50727; .NET CLR 3.0.30729)" 
125.71.229.178 - - [07/Jul/2017:20:29:54 -0700] "GET /maccdc2012/conn.log.gz HTTP/1.1" 206 23316480 "-" "Mozilla/4.0 (compatible; MSIE 7.0; Windows NT 6.2; WOW64; Trident/7.0; .NET4.0E; .NET4.0C; .NET CLR 3.5.30729; .NET CLR 2.0.50727; .NET CLR 3.0.30729)" 
125.71.229.178 - - [07/Jul/2017:20:36:27 -0700] "GET /maccdc2012/conn.log.gz HTTP/1.1" 206 16743540 "-" "Mozilla/4.0 (compatible; MSIE 7.0; Windows NT 6.2; WOW64; Trident/7.0; .NET4.0E; .NET4.0C; .NET CLR 3.5.30729; .NET CLR 2.0.50727; .NET CLR 3.0.30729)" 
125.71.229.178 - - [07/Jul/2017:20:52:10 -0700] "GET /maccdc2012/conn.log.gz HTTP/1.1" 206 2058960 "-" "Mozilla/4.0 (compatible; MSIE 7.0; Windows NT 6.2; WOW64; Trident/7.0; .NET4.0E; .NET4.0C; .NET CLR 3.5.30729; .NET CLR 2.0.50727; .NET CLR 3.0.30729)" 
125.71.229.178 - - [07/Jul/2017:20:39:02 -0700] "GET /maccdc2012/conn.log.gz HTTP/1.1" 206 14826720 "-" "Mozilla/4.0 (compatible; MSIE 7.0; Windows NT 6.2; WOW64; Trident/7.0; .NET4.0E; .NET4.0C; .NET CLR 3.5.30729; .NET CLR 2.0.50727; .NET CLR 3.0.30729)" 
150.70.173.58 - - [07/Jul/2017:20:57:34 -0700] "GET / HTTP/1.1" 301 442 "-" "Mozilla/4.0 (compatible; MSIE 8.0; Windows NT 5.1; Trident/4.0)" 
150.70.173.58 - - [07/Jul/2017:20:57:35 -0700] "GET / HTTP/1.1" 200 36420 "-" "Mozilla/4.0 (compatible; MSIE 8.0; Windows NT 5.1; Trident/4.0)" 
50.16.221.78 - - [07/Jul/2017:20:57:36 -0700] "GET / HTTP/1.1" 301 498 "http://www.traackr.com/" "Traackr.com" 
50.16.221.78 - - [07/Jul/2017:20:57:36 -0700] "GET / HTTP/1.1" 200 36476 "http://www.traackr.com/" "Traackr.com" 
93.17.79.58 - - [07/Jul/2017:20:58:39 -0700] "GET / HTTP/1.1" 301 427 "https://twitter.com" "Scrapy/1.0.3 (+http://scrapy.org)" 
93.17.79.58 - - [07/Jul/2017:20:58:40 -0700] "GET / HTTP/1.1" 200 10738 "https://twitter.com" "Scrapy/1.0.3 (+http://scrapy.org)" 
94.177.249.218 - - [07/Jul/2017:20:59:26 -0700] "GET / HTTP/1.1" 301 427 "-" "Mozilla/5.0 (Windows NT 10.0; Win64; x64) AppleWebKit/537.36 (KHTML, like Gecko) Chrome/58.0.3029.110 Safari/537.36" 
163.172.167.242 - - [07/Jul/2017:20:59:31 -0700] "GET / HTTP/1.1" 200 10738 "-" "Mozilla/5.0 (Windows NT 10.0; Win64; x64) AppleWebKit/537.36 (KHTML, like Gecko) Chrome/58.0.3029.110 Safari/537.36" 
66.71.243.10 - - [07/Jul/2017:21:01:11 -0700] "GET / HTTP/1.1" 301 483 "-" "Mozilla/5.0 (Windows NT 6.1; WOW64; rv:40.0) Gecko/20100101 Firefox/40.1" 
66.71.243.10 - - [07/Jul/2017:21:01:12 -0700] "GET / HTTP/1.1" 200 10794 "-" "Mozilla/5.0 (Windows NT 6.1; WOW64; rv:40.0) Gecko/20100101 Firefox/40.1" 
220.181.108.116 - - [07/Jul/2017:21:01:20 -0700] "GET /misc/zeus_dga_domains.txt.zip HTTP/1.1" 200 594323 "-" "Mozilla/5.0 (compatible; Baiduspider/2.0; +http://www.baidu.com/search/spider.html)" 
220.181.51.112 - - [07/Jul/2017:21:01:24 -0700] "GET /robots.txt HTTP/1.1" 200 297 "-" "Mozilla/5.0 (Windows NT 10.0; WOW64) AppleWebKit/537.36 (KHTML, like Gecko) Chrome/45.0.2454.93 Safari/537.36" 
37.218.242.40 - - [07/Jul/2017:21:02:53 -0700] "GET / HTTP/1.1" 301 483 "-" "Mozilla/5.0 (Windows NT 5.1; rv:31.0) Gecko/20100101 Firefox/31.0" 
37.218.242.40 - - [07/Jul/2017:21:02:53 -0700] "GET / HTTP/1.1" 200 10794 "-" "Mozilla/5.0 (Windows NT 5.1; rv:31.0) Gecko/20100101 Firefox/31.0" 
186.201.246.70 - - [07/Jul/2017:21:03:54 -0700] "GET /wp-login.php HTTP/1.1" 404 295 "-" "Mozilla/5.0 (Windows NT 6.1; WOW64; rv:40.0) Gecko/20100101 Firefox/40.1" 
186.201.246.70 - - [07/Jul/2017:21:03:59 -0700] "GET /wp-login.php HTTP/1.1" 404 295 "-" "Mozilla/5.0 (Windows NT 6.1; WOW64; rv:40.0) Gecko/20100101 Firefox/40.1" 
186.201.246.70 - - [07/Jul/2017:21:04:05 -0700] "GET / HTTP/1.1" 200 36476 "-" "Mozilla/5.0 (Windows NT 6.1; WOW64; rv:40.0) Gecko/20100101 Firefox/40.1" 
164.132.161.5 - - [07/Jul/2017:21:09:09 -0700] "GET /self.logs/error.log.2015-08-18.gz HTTP/1.1" 200 694 "-" "Mozilla/5.0 (compatible; AhrefsBot/5.2; +http://ahrefs.com/robot/)" 
34.198.87.238 - - [07/Jul/2017:21:10:31 -0700] "GET / HTTP/1.1" 301 498 "-" "Java/1.8.0_131" 
34.198.87.238 - - [07/Jul/2017:21:10:31 -0700] "GET / HTTP/1.1" 200 36476 "-" "Java/1.8.0_131" 
196.136.97.123 - - [07/Jul/2017:21:17:26 -0700] "GET /wp-login.php HTTP/1.1" 301 522 "-" "Mozilla/5.0 (Windows NT 6.1; WOW64; rv:40.0) Gecko/20100101 Firefox/40.1" 
196.136.97.123 - - [07/Jul/2017:21:17:27 -0700] "GET /wp-login.php HTTP/1.1" 404 295 "-" "Mozilla/5.0 (Windows NT 6.1; WOW64; rv:40.0) Gecko/20100101 Firefox/40.1" 
196.136.97.123 - - [07/Jul/2017:21:17:32 -0700] "GET /wp-login.php HTTP/1.1" 301 522 "-" "Mozilla/5.0 (Windows NT 6.1; WOW64; rv:40.0) Gecko/20100101 Firefox/40.1" 
196.136.97.123 - - [07/Jul/2017:21:17:32 -0700] "GET /wp-login.php HTTP/1.1" 404 295 "-" "Mozilla/5.0 (Windows NT 6.1; WOW64; rv:40.0) Gecko/20100101 Firefox/40.1" 
196.136.97.123 - - [07/Jul/2017:21:17:38 -0700] "GET / HTTP/1.1" 301 498 "-" "Mozilla/5.0 (Windows NT 6.1; WOW64; rv:40.0) Gecko/20100101 Firefox/40.1" 
196.136.97.123 - - [07/Jul/2017:21:17:38 -0700] "GET / HTTP/1.1" 304 189 "-" "Mozilla/5.0 (Windows NT 6.1; WOW64; rv:40.0) Gecko/20100101 Firefox/40.1" 
104.199.58.194 - - [07/Jul/2017:21:25:44 -0700] "GET / HTTP/1.1" 301 483 "-" "Mozilla/5.0 (compatible; +http://tweetedtimes.com)" 
104.199.58.194 - - [07/Jul/2017:21:25:45 -0700] "GET / HTTP/1.1" 200 10794 "-" "Mozilla/5.0 (compatible; +http://tweetedtimes.com)" 
120.221.1.28 - - [07/Jul/2017:21:32:37 -0700] "GET /maccdc2012/files.log.gz HTTP/1.1" 304 155 "-" "Mozilla/5.0 Gecko/20100115 Firefox/3.6" 
51.255.71.122 - - [07/Jul/2017:21:35:05 -0700] "GET /self.logs/error.log.2015-01-18.gz HTTP/1.1" 200 1203 "-" "Mozilla/5.0 (compatible; AhrefsBot/5.2; +http://ahrefs.com/robot/)" 
148.62.14.207 - - [07/Jul/2017:21:36:59 -0700] "GET /robots.txt HTTP/1.1" 301 446 "-" "Tornado-Async-Client" 
148.62.14.207 - - [07/Jul/2017:21:36:59 -0700] "GET /robots.txt HTTP/1.1" 304 130 "-" "Tornado-Async-Client" 
148.62.14.207 - - [07/Jul/2017:21:36:59 -0700] "GET /honeypot/BSidesDFW%20-%202014.ipynb HTTP/1.1" 301 484 "-" "Tornado-Async-Client" 
148.62.14.207 - - [07/Jul/2017:21:36:59 -0700] "GET /honeypot/BSidesDFW%20-%202014.ipynb HTTP/1.1" 200 930780 "-" "Tornado-Async-Client" 
91.221.145.225 - - [07/Jul/2017:21:39:12 -0700] "GET /bootstrap/img/favicon.ico HTTP/1.1" 200 590 "-" "Mozilla/5.0 (Macintosh; Intel Mac OS X 10.12; rv:54.0) Gecko/20100101 Firefox/54.0" 
216.244.66.227 - - [07/Jul/2017:21:41:32 -0700] "GET /robots.txt HTTP/1.1" 200 233 "-" "Mozilla/5.0 (compatible; DotBot/1.1; http://www.opensiteexplorer.org/dotbot, help@moz.com)" 
107.77.76.64 - - [07/Jul/2017:21:42:00 -0700] "GET / HTTP/1.1" 200 10794 "-" "osee2unifiedRelease/512 Mozilla/5.0 (iPhone; CPU iPhone OS 10_3_2 like Mac OS X) AppleWebKit/603.2.4 (KHTML, like Gecko) Mobile/14F89" 
107.77.76.64 - - [07/Jul/2017:21:42:03 -0700] "GET /twitter-icon.png HTTP/1.1" 200 27788 "http://www.secrepo.com/" "osee2unifiedRelease/512 Mozilla/5.0 (iPhone; CPU iPhone OS 10_3_2 like Mac OS X) AppleWebKit/603.2.4 (KHTML, like Gecko) Mobile/14F89" 
107.77.76.64 - - [07/Jul/2017:21:42:03 -0700] "GET /GitHub-Mark.png HTTP/1.1" 200 7428 "http://www.secrepo.com/" "osee2unifiedRelease/512 Mozilla/5.0 (iPhone; CPU iPhone OS 10_3_2 like Mac OS X) AppleWebKit/603.2.4 (KHTML, like Gecko) Mobile/14F89" 
164.132.161.84 - - [07/Jul/2017:21:42:26 -0700] "GET /self.logs/error.log.2016-07-14.gz HTTP/1.1" 200 625 "-" "Mozilla/5.0 (compatible; AhrefsBot/5.2; +http://ahrefs.com/robot/)" 
184.72.239.155 - - [07/Jul/2017:21:46:42 -0700] "GET / HTTP/1.1" 301 498 "-" "SMRF URL Expander" 
140.92.10.36 - - [07/Jul/2017:21:52:52 -0700] "GET / HTTP/1.1" 200 36476 "-" "-" 
140.92.10.36 - - [07/Jul/2017:21:52:53 -0700] "GET / HTTP/1.1" 200 36420 "-" "Mozilla/5.0 (Windows; U; Windows NT 5.1; en-US; rv:x.x.x) Gecko/20041107 Firefox/x.x" 
157.55.39.50 - - [07/Jul/2017:21:56:34 -0700] "GET /robots.txt HTTP/1.1" 200 334 "-" "Mozilla/5.0 (compatible; bingbot/2.0; +http://www.bing.com/bingbot.htm)" 
157.55.39.38 - - [07/Jul/2017:21:56:40 -0700] "GET / HTTP/1.1" 200 10794 "-" "Mozilla/5.0 (compatible; bingbot/2.0; +http://www.bing.com/bingbot.htm)" 
5.88.250.210 - - [07/Jul/2017:21:59:06 -0700] "GET /wp-login.php HTTP/1.1" 404 295 "-" "Mozilla/5.0 (Windows NT 6.1; WOW64; rv:40.0) Gecko/20100101 Firefox/40.1" 
5.88.250.210 - - [07/Jul/2017:21:59:11 -0700] "GET /wp-login.php HTTP/1.1" 404 295 "-" "Mozilla/5.0 (Windows NT 6.1; WOW64; rv:40.0) Gecko/20100101 Firefox/40.1" 
5.88.250.210 - - [07/Jul/2017:21:59:17 -0700] "GET / HTTP/1.1" 200 36476 "-" "Mozilla/5.0 (Windows NT 6.1; WOW64; rv:40.0) Gecko/20100101 Firefox/40.1" 
49.207.176.69 - - [07/Jul/2017:22:04:11 -0700] "GET /wp-login.php HTTP/1.1" 404 295 "-" "Mozilla/5.0 (Windows NT 6.1; WOW64; rv:40.0) Gecko/20100101 Firefox/40.1" 
49.207.176.69 - - [07/Jul/2017:22:04:16 -0700] "GET /wp-login.php HTTP/1.1" 404 295 "-" "Mozilla/5.0 (Windows NT 6.1; WOW64; rv:40.0) Gecko/20100101 Firefox/40.1" 
49.207.176.69 - - [07/Jul/2017:22:04:22 -0700] "GET / HTTP/1.1" 200 36476 "-" "Mozilla/5.0 (Windows NT 6.1; WOW64; rv:40.0) Gecko/20100101 Firefox/40.1" 
123.2.180.67 - - [07/Jul/2017:22:22:22 -0700] "GET /wp-login.php HTTP/1.1" 404 295 "-" "Mozilla/5.0 (Windows NT 6.1; WOW64; rv:40.0) Gecko/20100101 Firefox/40.1" 
123.2.180.67 - - [07/Jul/2017:22:22:28 -0700] "GET /wp-login.php HTTP/1.1" 404 295 "-" "Mozilla/5.0 (Windows NT 6.1; WOW64; rv:40.0) Gecko/20100101 Firefox/40.1" 
123.2.180.67 - - [07/Jul/2017:22:22:33 -0700] "GET / HTTP/1.1" 200 36476 "-" "Mozilla/5.0 (Windows NT 6.1; WOW64; rv:40.0) Gecko/20100101 Firefox/40.1" 
162.210.196.98 - - [07/Jul/2017:22:26:29 -0700] "GET /robots.txt HTTP/1.1" 200 289 "-" "Mozilla/5.0 (compatible; MJ12bot/v1.4.8; http://mj12bot.com/)" 
162.210.196.98 - - [07/Jul/2017:22:26:31 -0700] "GET / HTTP/1.1" 200 36420 "-" "Mozilla/5.0 (compatible; MJ12bot/v1.4.8; http://mj12bot.com/)" 
105.232.255.152 - - [07/Jul/2017:22:34:01 -0700] "GET /wp-login.php HTTP/1.1" 404 295 "-" "Mozilla/5.0 (Windows NT 6.1; WOW64; rv:40.0) Gecko/20100101 Firefox/40.1" 
105.232.255.152 - - [07/Jul/2017:22:34:07 -0700] "GET /wp-login.php HTTP/1.1" 404 295 "-" "Mozilla/5.0 (Windows NT 6.1; WOW64; rv:40.0) Gecko/20100101 Firefox/40.1" 
105.232.255.152 - - [07/Jul/2017:22:34:13 -0700] "GET / HTTP/1.1" 200 36476 "-" "Mozilla/5.0 (Windows NT 6.1; WOW64; rv:40.0) Gecko/20100101 Firefox/40.1" 
195.34.150.18 - - [07/Jul/2017:22:36:52 -0700] "GET / HTTP/1.1" 301 461 "-" "WWW::Shorten::TinyURL/1.90" 
195.34.150.18 - - [07/Jul/2017:22:36:53 -0700] "GET / HTTP/1.1" 200 36465 "-" "WWW::Shorten::TinyURL/1.90" 
137.74.207.164 - - [07/Jul/2017:22:37:47 -0700] "GET /self.logs/access.log.2017-06-27.gz HTTP/1.1" 200 17883 "-" "Mozilla/5.0 (compatible; AhrefsBot/5.2; +http://ahrefs.com/robot/)" 
164.132.161.30 - - [07/Jul/2017:22:38:21 -0700] "GET /self.logs/error.log.2017-03-04.gz HTTP/1.1" 200 1201 "-" "Mozilla/5.0 (compatible; AhrefsBot/5.2; +http://ahrefs.com/robot/)" 
216.244.66.227 - - [07/Jul/2017:22:39:32 -0700] "GET /robots.txt HTTP/1.1" 200 233 "-" "Mozilla/5.0 (compatible; DotBot/1.1; http://www.opensiteexplorer.org/dotbot, help@moz.com)" 
124.190.42.37 - - [07/Jul/2017:22:44:08 -0700] "GET / HTTP/1.1" 200 10794 "https://www.google.com.au/" "Mozilla/5.0 (Windows NT 10.0; Win64; x64) AppleWebKit/537.36 (KHTML, like Gecko) Chrome/59.0.3071.115 Safari/537.36" 
124.190.42.37 - - [07/Jul/2017:22:44:09 -0700] "GET /GitHub-Mark.png HTTP/1.1" 200 7428 "http://www.secrepo.com/" "Mozilla/5.0 (Windows NT 10.0; Win64; x64) AppleWebKit/537.36 (KHTML, like Gecko) Chrome/59.0.3071.115 Safari/537.36" 
124.190.42.37 - - [07/Jul/2017:22:44:08 -0700] "GET /twitter-icon.png HTTP/1.1" 200 27787 "http://www.secrepo.com/" "Mozilla/5.0 (Windows NT 10.0; Win64; x64) AppleWebKit/537.36 (KHTML, like Gecko) Chrome/59.0.3071.115 Safari/537.36" 
124.190.42.37 - - [07/Jul/2017:22:44:10 -0700] "GET /bootstrap/img/favicon.ico HTTP/1.1" 200 589 "http://www.secrepo.com/" "Mozilla/5.0 (Windows NT 10.0; Win64; x64) AppleWebKit/537.36 (KHTML, like Gecko) Chrome/59.0.3071.115 Safari/537.36" 
133.25.12.97 - - [07/Jul/2017:22:45:39 -0700] "GET / HTTP/1.1" 200 10794 "-" "Mozilla/5.0 (Macintosh; Intel Mac OS X 10_12_5) AppleWebKit/537.36 (KHTML, like Gecko) Chrome/59.0.3071.115 Safari/537.36" 
133.25.12.97 - - [07/Jul/2017:22:45:39 -0700] "GET /twitter-icon.png HTTP/1.1" 200 27787 "http://www.secrepo.com/" "Mozilla/5.0 (Macintosh; Intel Mac OS X 10_12_5) AppleWebKit/537.36 (KHTML, like Gecko) Chrome/59.0.3071.115 Safari/537.36" 
133.25.12.97 - - [07/Jul/2017:22:45:39 -0700] "GET /GitHub-Mark.png HTTP/1.1" 200 7428 "http://www.secrepo.com/" "Mozilla/5.0 (Macintosh; Intel Mac OS X 10_12_5) AppleWebKit/537.36 (KHTML, like Gecko) Chrome/59.0.3071.115 Safari/537.36" 
133.25.12.97 - - [07/Jul/2017:22:45:40 -0700] "GET /bootstrap/img/favicon.ico HTTP/1.1" 200 589 "http://www.secrepo.com/" "Mozilla/5.0 (Macintosh; Intel Mac OS X 10_12_5) AppleWebKit/537.36 (KHTML, like Gecko) Chrome/59.0.3071.115 Safari/537.36" 
133.25.12.97 - - [07/Jul/2017:22:46:16 -0700] "GET /maccdc2012/maccdc2012_full_alert.7z HTTP/1.1" 200 24978942 "-" "Mozilla/5.0 (Macintosh; Intel Mac OS X 10_12_5) AppleWebKit/537.36 (KHTML, like Gecko) Chrome/59.0.3071.115 Safari/537.36" 
217.182.132.147 - - [07/Jul/2017:22:48:52 -0700] "GET /self.logs/access.log.2015-03-20.gz HTTP/1.1" 200 4159 "-" "Mozilla/5.0 (compatible; AhrefsBot/5.2; +http://ahrefs.com/robot/)" 
164.132.162.187 - - [07/Jul/2017:22:50:30 -0700] "GET /self.logs/?C=M;O=A HTTP/1.1" 200 18721 "-" "Mozilla/5.0 (compatible; AhrefsBot/5.2; +http://ahrefs.com/robot/)" 
216.244.66.227 - - [07/Jul/2017:23:01:59 -0700] "GET /self.logs/access.log.2015-07-23.gz HTTP/1.1" 200 3960 "-" "Mozilla/5.0 (compatible; DotBot/1.1; http://www.opensiteexplorer.org/dotbot, help@moz.com)" 
216.244.66.227 - - [07/Jul/2017:23:02:02 -0700] "GET /self.logs/access.log.2016-06-26.gz HTTP/1.1" 200 6699 "-" "Mozilla/5.0 (compatible; DotBot/1.1; http://www.opensiteexplorer.org/dotbot, help@moz.com)" 
216.244.66.227 - - [07/Jul/2017:23:02:07 -0700] "GET /self.logs/access.log.2017-02-25.gz HTTP/1.1" 200 13121 "-" "Mozilla/5.0 (compatible; DotBot/1.1; http://www.opensiteexplorer.org/dotbot, help@moz.com)" 
216.244.66.227 - - [07/Jul/2017:23:02:09 -0700] "GET /self.logs/error.log.2015-10-01.gz HTTP/1.1" 200 691 "-" "Mozilla/5.0 (compatible; DotBot/1.1; http://www.opensiteexplorer.org/dotbot, help@moz.com)" 
129.0.43.227 - - [07/Jul/2017:23:05:16 -0700] "GET / HTTP/1.1" 200 10794 "-" "Mozilla/5.0 (Windows NT 10.0; Win64; x64) AppleWebKit/537.36 (KHTML, like Gecko) Chrome/59.0.3071.115 Safari/537.36" 
129.0.43.227 - - [07/Jul/2017:23:05:17 -0700] "GET /twitter-icon.png HTTP/1.1" 200 27787 "http://www.secrepo.com/" "Mozilla/5.0 (Windows NT 10.0; Win64; x64) AppleWebKit/537.36 (KHTML, like Gecko) Chrome/59.0.3071.115 Safari/537.36" 
129.0.43.227 - - [07/Jul/2017:23:05:17 -0700] "GET /GitHub-Mark.png HTTP/1.1" 200 7428 "http://www.secrepo.com/" "Mozilla/5.0 (Windows NT 10.0; Win64; x64) AppleWebKit/537.36 (KHTML, like Gecko) Chrome/59.0.3071.115 Safari/537.36" 
129.0.43.227 - - [07/Jul/2017:23:05:20 -0700] "GET /bootstrap/img/favicon.ico HTTP/1.1" 200 590 "http://www.secrepo.com/" "Mozilla/5.0 (Windows NT 10.0; Win64; x64) AppleWebKit/537.36 (KHTML, like Gecko) Chrome/59.0.3071.115 Safari/537.36" 
109.177.108.13 - - [07/Jul/2017:23:10:59 -0700] "GET /wp-login.php HTTP/1.1" 404 295 "-" "Mozilla/5.0 (Windows NT 6.1; WOW64; rv:40.0) Gecko/20100101 Firefox/40.1" 
109.177.108.13 - - [07/Jul/2017:23:11:04 -0700] "GET /wp-login.php HTTP/1.1" 404 295 "-" "Mozilla/5.0 (Windows NT 6.1; WOW64; rv:40.0) Gecko/20100101 Firefox/40.1" 
109.177.108.13 - - [07/Jul/2017:23:11:10 -0700] "GET / HTTP/1.1" 200 36476 "-" "Mozilla/5.0 (Windows NT 6.1; WOW64; rv:40.0) Gecko/20100101 Firefox/40.1" 
52.168.161.70 - - [07/Jul/2017:23:11:12 -0700] "HEAD / HTTP/1.1" 301 253 "https://www.google.com/" "Mozilla/5.0 (compatible; epicbot; +http://www.epictions.com/epicbot)" 
52.168.161.70 - - [07/Jul/2017:23:11:14 -0700] "HEAD / HTTP/1.1" 301 253 "https://www.google.com/" "Mozilla/5.0 (compatible; epicbot; +http://www.epictions.com/epicbot)" 
52.168.161.70 - - [07/Jul/2017:23:11:14 -0700] "HEAD / HTTP/1.1" 301 253 "https://www.google.com/" "Mozilla/5.0 (compatible; epicbot; +http://www.epictions.com/epicbot)" 
173.244.44.90 - - [07/Jul/2017:23:13:44 -0700] "GET /honeypot/Honeypot%20-%20Howto.pdf HTTP/1.1" 200 1279418 "-" "Dalvik/2.1.0 (Linux; U; Android 7.1.1; ONEPLUS A3003 Build/NMF26F)" 
54.205.156.6 - - [07/Jul/2017:23:14:38 -0700] "GET / HTTP/1.1" 301 427 "-" "Mozilla/5.0 (Macintosh; Intel Mac OS X 10_12_5) AppleWebKit/537.36 (KHTML, like Gecko) Chrome/58.0.3029.110 Safari/537.36" 
54.205.156.6 - - [07/Jul/2017:23:14:38 -0700] "GET / HTTP/1.1" 200 10738 "-" "Mozilla/5.0 (Macintosh; Intel Mac OS X 10_12_5) AppleWebKit/537.36 (KHTML, like Gecko) Chrome/58.0.3029.110 Safari/537.36" 
103.9.75.87 - - [07/Jul/2017:23:19:14 -0700] "GET / HTTP/1.1" 200 10794 "http://www.kdnuggets.com/2017/01/machine-learning-cyber-security.html" "Mozilla/5.0 (Windows NT 6.1; Win64; x64) AppleWebKit/537.36 (KHTML, like Gecko) Chrome/59.0.3071.115 Safari/537.36" 
103.9.75.87 - - [07/Jul/2017:23:19:17 -0700] "GET /twitter-icon.png HTTP/1.1" 200 27788 "http://www.secrepo.com/" "Mozilla/5.0 (Windows NT 6.1; Win64; x64) AppleWebKit/537.36 (KHTML, like Gecko) Chrome/59.0.3071.115 Safari/537.36" 
103.9.75.87 - - [07/Jul/2017:23:19:17 -0700] "GET /GitHub-Mark.png HTTP/1.1" 200 7428 "http://www.secrepo.com/" "Mozilla/5.0 (Windows NT 6.1; Win64; x64) AppleWebKit/537.36 (KHTML, like Gecko) Chrome/59.0.3071.115 Safari/537.36" 
216.244.66.227 - - [07/Jul/2017:23:23:24 -0700] "GET /robots.txt HTTP/1.1" 200 233 "-" "Mozilla/5.0 (compatible; DotBot/1.1; http://www.opensiteexplorer.org/dotbot, help@moz.com)" 
14.200.40.69 - - [07/Jul/2017:23:27:24 -0700] "GET / HTTP/1.1" 200 10794 "https://www.google.com.au/" "Mozilla/5.0 (Windows NT 10.0; Win64; x64) AppleWebKit/537.36 (KHTML, like Gecko) Chrome/59.0.3071.115 Safari/537.36" 
14.200.40.69 - - [07/Jul/2017:23:27:25 -0700] "GET /GitHub-Mark.png HTTP/1.1" 200 7428 "http://www.secrepo.com/" "Mozilla/5.0 (Windows NT 10.0; Win64; x64) AppleWebKit/537.36 (KHTML, like Gecko) Chrome/59.0.3071.115 Safari/537.36" 
14.200.40.69 - - [07/Jul/2017:23:27:25 -0700] "GET /twitter-icon.png HTTP/1.1" 200 27787 "http://www.secrepo.com/" "Mozilla/5.0 (Windows NT 10.0; Win64; x64) AppleWebKit/537.36 (KHTML, like Gecko) Chrome/59.0.3071.115 Safari/537.36" 
14.200.40.69 - - [07/Jul/2017:23:27:26 -0700] "GET /bootstrap/img/favicon.ico HTTP/1.1" 200 589 "http://www.secrepo.com/" "Mozilla/5.0 (Windows NT 10.0; Win64; x64) AppleWebKit/537.36 (KHTML, like Gecko) Chrome/59.0.3071.115 Safari/537.36" 
14.200.40.69 - - [07/Jul/2017:23:27:27 -0700] "HEAD / HTTP/1.1" 200 282 "-" "Mozilla/5.0 (X11; Linux x86_64; rv:10.0) Gecko/20150101 Firefox/47.0 (Chrome)" 
14.200.40.69 - - [07/Jul/2017:23:27:27 -0700] "GET / HTTP/1.1" 200 36465 "-" "Mozilla/5.0 (X11; Linux x86_64; rv:10.0) Gecko/20150101 Firefox/47.0 (Chrome)" 
164.132.161.42 - - [07/Jul/2017:23:28:25 -0700] "GET /self.logs/access.log.2015-04-17.gz HTTP/1.1" 200 6161 "-" "Mozilla/5.0 (compatible; AhrefsBot/5.2; +http://ahrefs.com/robot/)" 
52.168.161.70 - - [07/Jul/2017:23:29:06 -0700] "HEAD / HTTP/1.1" 301 253 "https://www.google.com/" "Mozilla/5.0 (compatible; epicbot; +http://www.epictions.com/epicbot)" 
52.168.161.70 - - [07/Jul/2017:23:29:06 -0700] "HEAD / HTTP/1.1" 301 253 "https://www.google.com/" "Mozilla/5.0 (compatible; epicbot; +http://www.epictions.com/epicbot)" 
52.168.161.70 - - [07/Jul/2017:23:29:06 -0700] "HEAD / HTTP/1.1" 301 253 "https://www.google.com/" "Mozilla/5.0 (compatible; epicbot; +http://www.epictions.com/epicbot)" 
52.168.161.70 - - [07/Jul/2017:23:29:06 -0700] "HEAD / HTTP/1.1" 301 253 "https://www.google.com/" "Mozilla/5.0 (compatible; epicbot; +http://www.epictions.com/epicbot)" 
52.168.161.70 - - [07/Jul/2017:23:29:08 -0700] "HEAD / HTTP/1.1" 301 253 "https://www.google.com/" "Mozilla/5.0 (compatible; epicbot; +http://www.epictions.com/epicbot)" 
52.168.161.70 - - [07/Jul/2017:23:29:08 -0700] "HEAD / HTTP/1.1" 301 253 "https://www.google.com/" "Mozilla/5.0 (compatible; epicbot; +http://www.epictions.com/epicbot)" 
52.168.161.70 - - [07/Jul/2017:23:29:09 -0700] "HEAD / HTTP/1.1" 301 253 "https://www.google.com/" "Mozilla/5.0 (compatible; epicbot; +http://www.epictions.com/epicbot)" 
52.168.161.70 - - [07/Jul/2017:23:29:09 -0700] "HEAD / HTTP/1.1" 301 253 "https://www.google.com/" "Mozilla/5.0 (compatible; epicbot; +http://www.epictions.com/epicbot)" 
52.168.161.70 - - [07/Jul/2017:23:29:09 -0700] "HEAD / HTTP/1.1" 301 253 "https://www.google.com/" "Mozilla/5.0 (compatible; epicbot; +http://www.epictions.com/epicbot)" 
52.168.161.70 - - [07/Jul/2017:23:29:09 -0700] "HEAD / HTTP/1.1" 301 253 "https://www.google.com/" "Mozilla/5.0 (compatible; epicbot; +http://www.epictions.com/epicbot)" 
52.168.161.70 - - [07/Jul/2017:23:29:10 -0700] "HEAD / HTTP/1.1" 301 253 "https://www.google.com/" "Mozilla/5.0 (compatible; epicbot; +http://www.epictions.com/epicbot)" 
52.168.161.70 - - [07/Jul/2017:23:29:10 -0700] "HEAD / HTTP/1.1" 301 253 "https://www.google.com/" "Mozilla/5.0 (compatible; epicbot; +http://www.epictions.com/epicbot)" 
185.46.77.46 - - [07/Jul/2017:23:31:25 -0700] "GET / HTTP/1.1" 200 10794 "http://www.mlsecproject.org/" "Mozilla/5.0 (Linux; Android 6.0.1; RS988 Build/MMB29M) AppleWebKit/537.36 (KHTML, like Gecko) Chrome/59.0.3071.125 Mobile Safari/537.36" 
185.46.77.46 - - [07/Jul/2017:23:31:26 -0700] "GET /twitter-icon.png HTTP/1.1" 200 27787 "http://www.secrepo.com/" "Mozilla/5.0 (Linux; Android 6.0.1; RS988 Build/MMB29M) AppleWebKit/537.36 (KHTML, like Gecko) Chrome/59.0.3071.125 Mobile Safari/537.36" 
185.46.77.46 - - [07/Jul/2017:23:31:26 -0700] "GET /GitHub-Mark.png HTTP/1.1" 200 7428 "http://www.secrepo.com/" "Mozilla/5.0 (Linux; Android 6.0.1; RS988 Build/MMB29M) AppleWebKit/537.36 (KHTML, like Gecko) Chrome/59.0.3071.125 Mobile Safari/537.36" 
52.168.161.70 - - [07/Jul/2017:23:35:45 -0700] "HEAD / HTTP/1.1" 200 282 "https://www.google.com/" "Mozilla/5.0 (compatible; epicbot; +http://www.epictions.com/epicbot)" 
52.168.161.70 - - [07/Jul/2017:23:35:48 -0700] "HEAD / HTTP/1.1" 200 282 "https://www.google.com/" "Mozilla/5.0 (compatible; epicbot; +http://www.epictions.com/epicbot)" 
52.168.161.70 - - [07/Jul/2017:23:35:48 -0700] "HEAD / HTTP/1.1" 200 282 "https://www.google.com/" "Mozilla/5.0 (compatible; epicbot; +http://www.epictions.com/epicbot)" 
168.188.127.201 - - [07/Jul/2017:23:39:46 -0700] "GET / HTTP/1.1" 200 10794 "http://www.argos.or.kr/index.php?document_srl=66928&mid=board_free" "Mozilla/5.0 (X11; Linux x86_64) AppleWebKit/537.36 (KHTML, like Gecko) Chrome/59.0.3071.115 Safari/537.36" 
168.188.127.201 - - [07/Jul/2017:23:39:47 -0700] "GET /twitter-icon.png HTTP/1.1" 200 27787 "http://www.secrepo.com/" "Mozilla/5.0 (X11; Linux x86_64) AppleWebKit/537.36 (KHTML, like Gecko) Chrome/59.0.3071.115 Safari/537.36" 
168.188.127.201 - - [07/Jul/2017:23:39:47 -0700] "GET /GitHub-Mark.png HTTP/1.1" 200 7428 "http://www.secrepo.com/" "Mozilla/5.0 (X11; Linux x86_64) AppleWebKit/537.36 (KHTML, like Gecko) Chrome/59.0.3071.115 Safari/537.36" 
168.188.127.201 - - [07/Jul/2017:23:39:47 -0700] "GET /bootstrap/img/favicon.ico HTTP/1.1" 200 589 "http://www.secrepo.com/" "Mozilla/5.0 (X11; Linux x86_64) AppleWebKit/537.36 (KHTML, like Gecko) Chrome/59.0.3071.115 Safari/537.36" 
156.196.243.251 - - [07/Jul/2017:23:40:51 -0700] "GET /wp-login.php HTTP/1.1" 404 295 "-" "Mozilla/5.0 (Windows NT 6.1; WOW64; rv:40.0) Gecko/20100101 Firefox/40.1" 
156.196.243.251 - - [07/Jul/2017:23:40:57 -0700] "GET /wp-login.php HTTP/1.1" 404 295 "-" "Mozilla/5.0 (Windows NT 6.1; WOW64; rv:40.0) Gecko/20100101 Firefox/40.1" 
156.196.243.251 - - [07/Jul/2017:23:41:02 -0700] "GET / HTTP/1.1" 200 36476 "-" "Mozilla/5.0 (Windows NT 6.1; WOW64; rv:40.0) Gecko/20100101 Firefox/40.1" 
156.196.243.251 - - [07/Jul/2017:23:42:20 -0700] "GET /wp-login.php HTTP/1.1" 301 522 "-" "Mozilla/5.0 (Windows NT 6.1; WOW64; rv:40.0) Gecko/20100101 Firefox/40.1" 
156.196.243.251 - - [07/Jul/2017:23:42:21 -0700] "GET /wp-login.php HTTP/1.1" 404 295 "-" "Mozilla/5.0 (Windows NT 6.1; WOW64; rv:40.0) Gecko/20100101 Firefox/40.1" 
156.196.243.251 - - [07/Jul/2017:23:42:26 -0700] "GET /wp-login.php HTTP/1.1" 301 522 "-" "Mozilla/5.0 (Windows NT 6.1; WOW64; rv:40.0) Gecko/20100101 Firefox/40.1" 
156.196.243.251 - - [07/Jul/2017:23:42:27 -0700] "GET /wp-login.php HTTP/1.1" 404 295 "-" "Mozilla/5.0 (Windows NT 6.1; WOW64; rv:40.0) Gecko/20100101 Firefox/40.1" 
156.196.243.251 - - [07/Jul/2017:23:42:32 -0700] "GET / HTTP/1.1" 301 498 "-" "Mozilla/5.0 (Windows NT 6.1; WOW64; rv:40.0) Gecko/20100101 Firefox/40.1" 
156.196.243.251 - - [07/Jul/2017:23:42:33 -0700] "GET / HTTP/1.1" 200 36476 "-" "Mozilla/5.0 (Windows NT 6.1; WOW64; rv:40.0) Gecko/20100101 Firefox/40.1" 
216.244.66.227 - - [07/Jul/2017:23:46:17 -0700] "GET /self.logs/access.log.2015-03-18.gz HTTP/1.1" 200 9369 "-" "Mozilla/5.0 (compatible; DotBot/1.1; http://www.opensiteexplorer.org/dotbot, help@moz.com)" 
216.244.66.227 - - [07/Jul/2017:23:46:19 -0700] "GET /self.logs/access.log.2015-07-09.gz HTTP/1.1" 200 4682 "-" "Mozilla/5.0 (compatible; DotBot/1.1; http://www.opensiteexplorer.org/dotbot, help@moz.com)" 
216.244.66.227 - - [07/Jul/2017:23:46:20 -0700] "GET /self.logs/access.log.2015-09-28.gz HTTP/1.1" 200 4819 "-" "Mozilla/5.0 (compatible; DotBot/1.1; http://www.opensiteexplorer.org/dotbot, help@moz.com)" 
216.244.66.227 - - [07/Jul/2017:23:46:22 -0700] "GET /self.logs/access.log.2016-03-18.gz HTTP/1.1" 200 12692 "-" "Mozilla/5.0 (compatible; DotBot/1.1; http://www.opensiteexplorer.org/dotbot, help@moz.com)" 
216.244.66.227 - - [07/Jul/2017:23:46:24 -0700] "GET /self.logs/access.log.2016-10-06.gz HTTP/1.1" 200 15878 "-" "Mozilla/5.0 (compatible; DotBot/1.1; http://www.opensiteexplorer.org/dotbot, help@moz.com)" 
216.244.66.227 - - [07/Jul/2017:23:46:25 -0700] "GET /self.logs/error.log.2015-05-24.gz HTTP/1.1" 200 584 "-" "Mozilla/5.0 (compatible; DotBot/1.1; http://www.opensiteexplorer.org/dotbot, help@moz.com)" 
