207.46.13.70 - - [23/Jul/2016:02:28:23 -0700] "GET /honeypot/Honeypot%20-%20Howto%20-%20BSides%20Austin.pdf HTTP/1.1" 200 2928460 "-" "Mozilla/5.0 (iPhone; CPU iPhone OS 7_0 like Mac OS X) AppleWebKit/537.51.1 (KHTML, like Gecko) Version/7.0 Mobile/11A465 Safari/9537.53 (compatible; bingbot/2.0; +http://www.bing.com/bingbot.htm)" 
111.7.128.40 - - [23/Jul/2016:02:28:58 -0700] "GET /tg/a.zip HTTP/1.1" 304 132 "-" "Mozilla/5.0 Gecko/20100115 Firefox/3.6" 
115.249.38.14 - - [23/Jul/2016:02:33:45 -0700] "GET / HTTP/1.1" 200 9902 "-" "Mozilla/5.0 (Windows NT 6.1) AppleWebKit/537.36 (KHTML, like Gecko) Chrome/51.0.2704.103 Safari/537.36" 
115.249.38.14 - - [23/Jul/2016:02:33:46 -0700] "GET /twitter-icon.png HTTP/1.1" 200 27787 "http://www.secrepo.com/" "Mozilla/5.0 (Windows NT 6.1) AppleWebKit/537.36 (KHTML, like Gecko) Chrome/51.0.2704.103 Safari/537.36" 
115.249.38.14 - - [23/Jul/2016:02:33:46 -0700] "GET /GitHub-Mark.png HTTP/1.1" 200 7428 "http://www.secrepo.com/" "Mozilla/5.0 (Windows NT 6.1) AppleWebKit/537.36 (KHTML, like Gecko) Chrome/51.0.2704.103 Safari/537.36" 
207.46.13.70 - - [23/Jul/2016:02:33:48 -0700] "GET /self.logs/error.log.2015-07-17.gz HTTP/1.1" 301 545 "-" "Mozilla/5.0 (compatible; bingbot/2.0; +http://www.bing.com/bingbot.htm)" 
115.249.38.14 - - [23/Jul/2016:02:33:48 -0700] "GET /bootstrap/img/favicon.ico HTTP/1.1" 200 589 "http://www.secrepo.com/" "Mozilla/5.0 (Windows NT 6.1) AppleWebKit/537.36 (KHTML, like Gecko) Chrome/51.0.2704.103 Safari/537.36" 
123.125.68.57 - - [23/Jul/2016:02:34:12 -0700] "GET /robots.txt HTTP/1.1" 301 465 "-" "Mozilla/5.0 (Windows NT 10.0; WOW64) AppleWebKit/537.36 (KHTML, like Gecko) Chrome/45.0.2454.93 Safari/537.36" 
123.125.68.33 - - [23/Jul/2016:02:34:13 -0700] "GET /robots.txt HTTP/1.1" 200 297 "-" "Mozilla/5.0 (Windows NT 10.0; WOW64) AppleWebKit/537.36 (KHTML, like Gecko) Chrome/45.0.2454.93 Safari/537.36" 
123.125.71.52 - - [23/Jul/2016:02:34:37 -0700] "GET / HTTP/1.1" 301 446 "-" "Mozilla/5.0 (compatible; Baiduspider/2.0; +http://www.baidu.com/search/spider.html)" 
123.125.71.50 - - [23/Jul/2016:02:34:38 -0700] "GET / HTTP/1.1" 304 152 "-" "Mozilla/5.0 (compatible; Baiduspider/2.0; +http://www.baidu.com/search/spider.html)" 
41.13.5.41 - - [23/Jul/2016:03:12:57 -0700] "GET /bootstrap/img/favicon.ico HTTP/1.1" 304 165 "-" "Mozilla/5.0 (Windows NT 10.0; WOW64; rv:47.0) Gecko/20100101 Firefox/47.0" 
54.82.173.105 - - [23/Jul/2016:03:32:04 -0700] "GET /robots.txt HTTP/1.1" 301 446 "-" "Googlebot (gocrawl v0.4)" 
54.82.173.105 - - [23/Jul/2016:03:32:04 -0700] "GET /robots.txt HTTP/1.1" 200 304 "http://secrepo.com/robots.txt" "Go 1.1 package http" 
54.82.173.105 - - [23/Jul/2016:03:32:15 -0700] "GET / HTTP/1.1" 200 9846 "-" "Mozilla/5.0 (Windows NT 6.1; rv:15.0) Gecko/20120716 Firefox/15.0a2" 
54.82.173.105 - - [23/Jul/2016:03:32:28 -0700] "GET /data HTTP/1.1" 404 284 "-" "Mozilla/5.0 (Windows NT 6.1; rv:15.0) Gecko/20120716 Firefox/15.0a2" 
172.99.70.132 - - [23/Jul/2016:03:32:49 -0700] "GET /robots.txt HTTP/1.1" 301 446 "-" "Tornado-Async-Client" 
172.99.70.132 - - [23/Jul/2016:03:32:49 -0700] "GET /robots.txt HTTP/1.1" 200 304 "-" "Tornado-Async-Client" 
172.99.70.132 - - [23/Jul/2016:03:32:49 -0700] "GET /honeypot/BSidesDFW%20-%202014.ipynb HTTP/1.1" 301 484 "-" "Tornado-Async-Client" 
172.99.70.132 - - [23/Jul/2016:03:32:49 -0700] "GET /honeypot/BSidesDFW%20-%202014.ipynb HTTP/1.1" 200 930780 "-" "Tornado-Async-Client" 
54.82.173.105 - - [23/Jul/2016:03:32:43 -0700] "GET /maccdc2012/conn.log.gz HTTP/1.1" 200 551041579 "-" "Mozilla/5.0 (Windows NT 6.1; rv:15.0) Gecko/20120716 Firefox/15.0a2" 
69.63.188.127 - - [23/Jul/2016:03:36:00 -0700] "GET /twitter-icon.png HTTP/1.1" 200 27788 "-" "facebookexternalhit/1.1 (+http://www.facebook.com/externalhit_uatext.php)" 
173.252.90.92 - - [23/Jul/2016:03:36:00 -0700] "GET /GitHub-Mark.png HTTP/1.1" 200 7428 "-" "facebookexternalhit/1.1 (+http://www.facebook.com/externalhit_uatext.php)" 
134.249.65.218 - - [23/Jul/2016:03:43:11 -0700] "GET / HTTP/1.1" 200 33028 "http://xn--b1adccaf1bzj.xn--p1ai/" "Mozilla/4.0 (compatible; MSIE 6.0; Windows ME) Opera 7.11  [en]" 
134.249.65.218 - - [23/Jul/2016:03:43:11 -0700] "GET / HTTP/1.1" 200 33028 "http://yzdorov.ru/" "Mozilla/6.0 (compatible; MSIE 7.0a1; Windows NT 5.2; SV1)" 
134.249.65.218 - - [23/Jul/2016:03:43:11 -0700] "GET / HTTP/1.1" 200 33028 "http://yzdorov.ru/" "Mozilla/6.0 (compatible; MSIE 7.0a1; Windows NT 5.2; SV1)" 
134.249.65.218 - - [23/Jul/2016:03:43:11 -0700] "GET / HTTP/1.1" 200 33028 "http://xn--b1adccaf1bzj.xn--p1ai/" "Mozilla/4.0 (compatible; MSIE 6.0; Windows ME) Opera 7.11  [en]" 
134.249.65.218 - - [23/Jul/2016:03:43:12 -0700] "GET / HTTP/1.1" 200 33028 "http://xn--b1adccaf1bzj.xn--p1ai/" "Mozilla/4.0 (compatible; MSIE 6.0; Windows ME) Opera 7.11  [en]" 
134.249.65.218 - - [23/Jul/2016:03:43:12 -0700] "GET / HTTP/1.1" 200 33028 "http://yzdorov.ru/" "Mozilla/6.0 (compatible; MSIE 7.0a1; Windows NT 5.2; SV1)" 
58.6.48.94 - - [23/Jul/2016:03:47:05 -0700] "GET / HTTP/1.1" 200 9902 "-" "Mozilla/5.0 (Macintosh; Intel Mac OS X 10_11_6) AppleWebKit/601.7.7 (KHTML, like Gecko) Version/9.1.2 Safari/601.7.7" 
58.6.48.94 - - [23/Jul/2016:03:47:06 -0700] "GET /twitter-icon.png HTTP/1.1" 200 27787 "http://www.secrepo.com/" "Mozilla/5.0 (Macintosh; Intel Mac OS X 10_11_6) AppleWebKit/601.7.7 (KHTML, like Gecko) Version/9.1.2 Safari/601.7.7" 
58.6.48.94 - - [23/Jul/2016:03:47:06 -0700] "GET /GitHub-Mark.png HTTP/1.1" 200 7428 "http://www.secrepo.com/" "Mozilla/5.0 (Macintosh; Intel Mac OS X 10_11_6) AppleWebKit/601.7.7 (KHTML, like Gecko) Version/9.1.2 Safari/601.7.7" 
58.6.48.94 - - [23/Jul/2016:03:47:08 -0700] "GET /apple-touch-icon-precomposed.png HTTP/1.1" 404 340 "-" "Safari/11601.7.7 CFNetwork/760.6.3 Darwin/15.6.0 (x86_64)" 
58.6.48.94 - - [23/Jul/2016:03:47:08 -0700] "GET /apple-touch-icon.png HTTP/1.1" 404 339 "-" "Safari/11601.7.7 CFNetwork/760.6.3 Darwin/15.6.0 (x86_64)" 
172.99.78.104 - - [23/Jul/2016:03:56:14 -0700] "GET /robots.txt HTTP/1.1" 301 446 "-" "Tornado-Async-Client" 
172.99.78.104 - - [23/Jul/2016:03:56:14 -0700] "GET /robots.txt HTTP/1.1" 200 304 "-" "Tornado-Async-Client" 
172.99.78.104 - - [23/Jul/2016:03:56:14 -0700] "GET /honeypot/BSidesDFW%20-%202014.ipynb HTTP/1.1" 301 484 "-" "Tornado-Async-Client" 
172.99.78.104 - - [23/Jul/2016:03:56:14 -0700] "GET /honeypot/BSidesDFW%20-%202014.ipynb HTTP/1.1" 200 930780 "-" "Tornado-Async-Client" 
40.77.167.0 - - [23/Jul/2016:03:58:11 -0700] "GET /self.logs/error.log.2015-08-18.gz HTTP/1.1" 301 545 "-" "Mozilla/5.0 (compatible; bingbot/2.0; +http://www.bing.com/bingbot.htm)" 
42.81.69.214 - - [23/Jul/2016:04:06:43 -0700] "GET /favicon.ico HTTP/1.1" 200 268 "-" "Mozilla/5.0 (Windows NT 6.1) AppleWebKit/537.36 (KHTML, like Gecko) Chrome/42.0.2311.154 Safari/537.36 LBBROWSER" 
157.55.39.157 - - [23/Jul/2016:04:22:50 -0700] "GET / HTTP/1.1" 200 9902 "-" "Mozilla/5.0 (compatible; bingbot/2.0; +http://www.bing.com/bingbot.htm)" 
199.30.24.110 - - [23/Jul/2016:04:22:53 -0700] "GET /twitter-icon.png HTTP/1.1" 200 27732 "http://www.secrepo.com/" "Mozilla/5.0 (Windows NT 6.1; WOW64) AppleWebKit/534+ (KHTML, like Gecko) BingPreview/1.0b" 
199.30.24.110 - - [23/Jul/2016:04:22:53 -0700] "GET /GitHub-Mark.png HTTP/1.1" 200 7372 "http://www.secrepo.com/" "Mozilla/5.0 (Windows NT 6.1; WOW64) AppleWebKit/534+ (KHTML, like Gecko) BingPreview/1.0b" 
207.46.13.70 - - [23/Jul/2016:04:26:56 -0700] "GET /self.logs/access.log.2016-01-14.gz HTTP/1.1" 200 7869 "-" "Mozilla/5.0 (compatible; bingbot/2.0; +http://www.bing.com/bingbot.htm)" 
204.79.180.135 - - [23/Jul/2016:04:33:58 -0700] "GET /honeypot/BSidesDFW%20-%202014.ipynb HTTP/1.1" 200 930836 "-" "Mozilla/5.0 (compatible; MSIE 9.0; Windows NT 6.1; Trident/5.0;  Trident/5.0)" 
223.214.29.85 - - [23/Jul/2016:04:34:09 -0700] "GET /honeypot/Honeypot%20-%20Howto%20-%20BSides%20Austin.pdf HTTP/1.1" 200 167936 "-" "Mozilla/4.0 (compatible; MSIE 6.0; Windows NT 5.1)" 
117.190.191.170 - - [23/Jul/2016:04:44:20 -0700] "GET /tg/a.zip HTTP/1.1" 304 132 "-" "Mozilla/5.0 Gecko/20100115 Firefox/3.6" 
5.50.236.60 - - [23/Jul/2016:05:14:00 -0700] "GET / HTTP/1.1" 200 9902 "https://www.google.fr/" "Mozilla/5.0 (Windows NT 10.0; WOW64) AppleWebKit/537.36 (KHTML, like Gecko) Chrome/52.0.2743.82 Safari/537.36" 
5.50.236.60 - - [23/Jul/2016:05:14:00 -0700] "GET /GitHub-Mark.png HTTP/1.1" 200 7428 "http://www.secrepo.com/" "Mozilla/5.0 (Windows NT 10.0; WOW64) AppleWebKit/537.36 (KHTML, like Gecko) Chrome/52.0.2743.82 Safari/537.36" 
5.50.236.60 - - [23/Jul/2016:05:14:00 -0700] "GET /twitter-icon.png HTTP/1.1" 200 27787 "http://www.secrepo.com/" "Mozilla/5.0 (Windows NT 10.0; WOW64) AppleWebKit/537.36 (KHTML, like Gecko) Chrome/52.0.2743.82 Safari/537.36" 
5.50.236.60 - - [23/Jul/2016:05:14:01 -0700] "GET /bootstrap/img/favicon.ico HTTP/1.1" 200 589 "http://www.secrepo.com/" "Mozilla/5.0 (Windows NT 10.0; WOW64) AppleWebKit/537.36 (KHTML, like Gecko) Chrome/52.0.2743.82 Safari/537.36" 
157.55.39.157 - - [23/Jul/2016:05:14:04 -0700] "GET /self.logs/access.log.2015-12-15.gz HTTP/1.1" 301 545 "-" "Mozilla/5.0 (compatible; bingbot/2.0; +http://www.bing.com/bingbot.htm)" 
5.50.236.60 - - [23/Jul/2016:05:14:19 -0700] "GET /zeus/zeus_json.zip HTTP/1.1" 404 340 "-" "Mozilla/5.0 (Windows NT 10.0; WOW64) AppleWebKit/537.36 (KHTML, like Gecko) Chrome/52.0.2743.82 Safari/537.36" 
5.50.236.60 - - [23/Jul/2016:05:14:27 -0700] "GET /zeus/zeus_json.zip HTTP/1.1" 404 340 "-" "Mozilla/5.0 (Windows NT 10.0; WOW64) AppleWebKit/537.36 (KHTML, like Gecko) Chrome/52.0.2743.82 Safari/537.36" 
51.255.65.2 - - [23/Jul/2016:05:17:03 -0700] "GET /self.logs/error.log.2015-06-08.gz HTTP/1.1" 200 861 "-" "Mozilla/5.0 (compatible; AhrefsBot/5.1; +http://ahrefs.com/robot/)" 
164.132.161.78 - - [23/Jul/2016:05:18:18 -0700] "GET /self.logs/error.log.2016-03-03.gz HTTP/1.1" 200 1124 "-" "Mozilla/5.0 (compatible; AhrefsBot/5.1; +http://ahrefs.com/robot/)" 
111.7.128.40 - - [23/Jul/2016:05:29:02 -0700] "GET /tg/a.zip HTTP/1.1" 304 132 "-" "Mozilla/5.0 Gecko/20100115 Firefox/3.6" 
95.85.15.188 - - [23/Jul/2016:05:29:38 -0700] "GET /robots.txt HTTP/1.0" 200 297 "-" "SafeDNSBot (https://www.safedns.com/searchbot)" 
95.85.15.188 - - [23/Jul/2016:05:29:38 -0700] "GET /honeypot/BSidesDFW%20-%202014.ipynb HTTP/1.0" 200 243820 "-" "SafeDNSBot (https://www.safedns.com/searchbot)" 
95.85.15.188 - - [23/Jul/2016:05:37:44 -0700] "GET /self.logs/error.log.2016-01-22 HTTP/1.0" 200 297 "-" "SafeDNSBot (https://www.safedns.com/searchbot)" 
66.87.115.176 - - [23/Jul/2016:05:40:03 -0700] "GET / HTTP/1.1" 200 9902 "https://www.google.com/" "Mozilla/5.0 (Linux; Android 5.1.1; LGLS675 Build/LMY47V) AppleWebKit/537.36 (KHTML, like Gecko) Chrome/51.0.2704.81 Mobile Safari/537.36" 
66.87.115.176 - - [23/Jul/2016:05:40:04 -0700] "GET /twitter-icon.png HTTP/1.1" 200 27787 "http://www.secrepo.com/" "Mozilla/5.0 (Linux; Android 5.1.1; LGLS675 Build/LMY47V) AppleWebKit/537.36 (KHTML, like Gecko) Chrome/51.0.2704.81 Mobile Safari/537.36" 
66.87.115.176 - - [23/Jul/2016:05:40:04 -0700] "GET /GitHub-Mark.png HTTP/1.1" 200 7427 "http://www.secrepo.com/" "Mozilla/5.0 (Linux; Android 5.1.1; LGLS675 Build/LMY47V) AppleWebKit/537.36 (KHTML, like Gecko) Chrome/51.0.2704.81 Mobile Safari/537.36" 
66.87.115.176 - - [23/Jul/2016:05:40:05 -0700] "GET /bootstrap/img/favicon.ico HTTP/1.1" 200 589 "http://www.secrepo.com/" "Mozilla/5.0 (Linux; Android 5.1.1; LGLS675 Build/LMY47V) AppleWebKit/537.36 (KHTML, like Gecko) Chrome/51.0.2704.81 Mobile Safari/537.36" 
198.24.119.178 - - [23/Jul/2016:05:46:31 -0700] "GET / HTTP/1.1" 200 9902 "-" "Mozilla/5.0 (Windows NT 6.3; WOW64; Trident/7.0; LCJB; rv:11.0) like Gecko" 
198.24.119.178 - - [23/Jul/2016:05:46:31 -0700] "GET /twitter-icon.png HTTP/1.1" 200 27787 "http://www.secrepo.com/" "Mozilla/5.0 (Windows NT 6.3; WOW64; Trident/7.0; LCJB; rv:11.0) like Gecko" 
198.24.119.178 - - [23/Jul/2016:05:46:31 -0700] "GET /GitHub-Mark.png HTTP/1.1" 200 7428 "http://www.secrepo.com/" "Mozilla/5.0 (Windows NT 6.3; WOW64; Trident/7.0; LCJB; rv:11.0) like Gecko" 
198.24.119.178 - - [23/Jul/2016:05:47:06 -0700] "GET /maccdc2012/dns.log.gz HTTP/1.1" 200 6629420 "http://www.secrepo.com/" "Mozilla/5.0 (Windows NT 6.3; WOW64; Trident/7.0; LCJB; rv:11.0) like Gecko" 
157.55.39.157 - - [23/Jul/2016:05:49:08 -0700] "GET / HTTP/1.1" 301 483 "-" "Mozilla/5.0 (compatible; bingbot/2.0; +http://www.bing.com/bingbot.htm)" 
157.55.39.157 - - [23/Jul/2016:05:52:24 -0700] "GET / HTTP/1.1" 200 9902 "-" "Mozilla/5.0 (compatible; bingbot/2.0; +http://www.bing.com/bingbot.htm)" 
95.85.15.188 - - [23/Jul/2016:05:54:05 -0700] "GET /self.logs/ HTTP/1.0" 200 11450 "-" "SafeDNSBot (https://www.safedns.com/searchbot)" 
5.255.250.93 - - [23/Jul/2016:06:12:43 -0700] "GET / HTTP/1.1" 200 9902 "-" "Mozilla/5.0 (compatible; YandexBot/3.0; +http://yandex.com/bots)" 
5.255.250.54 - - [23/Jul/2016:06:12:43 -0700] "GET /robots.txt HTTP/1.1" 301 518 "-" "Mozilla/5.0 (compatible; YandexBot/3.0; +http://yandex.com/bots)" 
5.255.250.93 - - [23/Jul/2016:06:12:47 -0700] "GET / HTTP/1.1" 301 483 "-" "Mozilla/5.0 (compatible; YandexBot/3.0; +http://yandex.com/bots)" 
62.210.148.247 - - [23/Jul/2016:06:21:14 -0700] "GET /robots.txt HTTP/1.0" 301 481 "-" "Mozilla/5.0 (compatible; MJ12bot/v1.4.5; http://www.majestic12.co.uk/bot.php?+)" 
62.210.148.247 - - [23/Jul/2016:06:21:14 -0700] "GET /robots.txt HTTP/1.0" 200 252 "-" "Mozilla/5.0 (compatible; MJ12bot/v1.4.5; http://www.majestic12.co.uk/bot.php?+)" 
62.210.148.247 - - [23/Jul/2016:06:21:16 -0700] "GET /honeypot/BSidesDFW%20-%202014.ipynb HTTP/1.0" 301 523 "-" "Mozilla/5.0 (compatible; MJ12bot/v1.4.5; http://www.majestic12.co.uk/bot.php?+)" 
62.210.148.247 - - [23/Jul/2016:06:21:17 -0700] "GET /robots.txt HTTP/1.0" 200 252 "-" "Mozilla/5.0 (compatible; MJ12bot/v1.4.5; http://www.majestic12.co.uk/bot.php?+)" 
62.210.148.247 - - [23/Jul/2016:06:21:18 -0700] "GET /honeypot/BSidesDFW%20-%202014.ipynb HTTP/1.0" 200 473040 "-" "Mozilla/5.0 (compatible; MJ12bot/v1.4.5; http://www.majestic12.co.uk/bot.php?+)" 
62.210.148.247 - - [23/Jul/2016:06:21:20 -0700] "GET /honeypot/BSidesDFW%20-%202014.ipynb HTTP/1.0" 200 389820 "-" "Mozilla/5.0 (compatible; MJ12bot/v1.4.5; http://www.majestic12.co.uk/bot.php?+)" 
144.32.170.29 - - [23/Jul/2016:06:35:35 -0700] "GET / HTTP/1.1" 304 189 "-" "Mozilla/5.0 (Windows NT 6.1; WOW64) AppleWebKit/537.36 (KHTML, like Gecko) Chrome/51.0.2704.103 Safari/537.36" 
144.32.170.29 - - [23/Jul/2016:06:35:36 -0700] "GET /twitter-icon.png HTTP/1.1" 200 27787 "http://www.secrepo.com/" "Mozilla/5.0 (Windows NT 6.1; WOW64) AppleWebKit/537.36 (KHTML, like Gecko) Chrome/51.0.2704.103 Safari/537.36" 
144.32.170.29 - - [23/Jul/2016:06:35:36 -0700] "GET /GitHub-Mark.png HTTP/1.1" 200 7428 "http://www.secrepo.com/" "Mozilla/5.0 (Windows NT 6.1; WOW64) AppleWebKit/537.36 (KHTML, like Gecko) Chrome/51.0.2704.103 Safari/537.36" 
209.126.127.49 - - [23/Jul/2016:06:44:42 -0700] "GET /robots.txt HTTP/1.0" 200 252 "-" "Mozilla/5.0 (compatible; MJ12bot/v1.4.5; http://www.majestic12.co.uk/bot.php?+)" 
209.126.127.49 - - [23/Jul/2016:06:44:46 -0700] "GET /self.logs/error.log.2016-01-22 HTTP/1.0" 200 252 "-" "Mozilla/5.0 (compatible; MJ12bot/v1.4.5; http://www.majestic12.co.uk/bot.php?+)" 
68.180.228.25 - - [23/Jul/2016:06:48:59 -0700] "GET /self.logs/error.log.2015-10-08.gz HTTP/1.1" 200 612 "-" "Mozilla/5.0 (compatible; Yahoo! Slurp; http://help.yahoo.com/help/us/ysearch/slurp)" 
51.255.65.13 - - [23/Jul/2016:06:49:09 -0700] "GET /self.logs/access.log.2015-05-24.gz HTTP/1.1" 200 3553 "-" "Mozilla/5.0 (compatible; AhrefsBot/5.1; +http://ahrefs.com/robot/)" 
51.255.65.88 - - [23/Jul/2016:06:53:58 -0700] "GET /self.logs/access.log.2015-11-18.gz HTTP/1.1" 200 9894 "-" "Mozilla/5.0 (compatible; AhrefsBot/5.1; +http://ahrefs.com/robot/)" 
180.76.15.24 - - [23/Jul/2016:06:57:56 -0700] "GET /self.logs/?C=N;O=A HTTP/1.1" 200 11450 "-" "Mozilla/5.0 (compatible; Baiduspider/2.0; +http://www.baidu.com/search/spider.html)" 
182.48.196.15 - - [23/Jul/2016:07:19:13 -0700] "GET / HTTP/1.1" 200 9902 "-" "Mozilla/5.0 (Windows NT 10.0; WOW64) AppleWebKit/537.36 (KHTML, like Gecko) Chrome/51.0.2704.103 Safari/537.36" 
182.48.196.15 - - [23/Jul/2016:07:19:16 -0700] "GET /twitter-icon.png HTTP/1.1" 200 27788 "http://www.secrepo.com/" "Mozilla/5.0 (Windows NT 10.0; WOW64) AppleWebKit/537.36 (KHTML, like Gecko) Chrome/51.0.2704.103 Safari/537.36" 
182.48.196.15 - - [23/Jul/2016:07:19:16 -0700] "GET /GitHub-Mark.png HTTP/1.1" 200 7428 "http://www.secrepo.com/" "Mozilla/5.0 (Windows NT 10.0; WOW64) AppleWebKit/537.36 (KHTML, like Gecko) Chrome/51.0.2704.103 Safari/537.36" 
182.48.196.15 - - [23/Jul/2016:07:19:25 -0700] "GET /maccdc2012/dns.log.gz HTTP/1.1" 200 6629420 "http://www.secrepo.com/" "Mozilla/5.0 (Windows NT 10.0; WOW64) AppleWebKit/537.36 (KHTML, like Gecko) Chrome/51.0.2704.103 Safari/537.36" 
112.134.98.51 - - [23/Jul/2016:07:26:00 -0700] "GET / HTTP/1.1" 200 9902 "http://www.mlsecproject.org/" "Mozilla/5.0 (Macintosh; Intel Mac OS X 10_11_6) AppleWebKit/537.36 (KHTML, like Gecko) Chrome/51.0.2704.103 Safari/537.36" 
112.134.98.51 - - [23/Jul/2016:07:26:01 -0700] "GET /twitter-icon.png HTTP/1.1" 200 27787 "http://www.secrepo.com/" "Mozilla/5.0 (Macintosh; Intel Mac OS X 10_11_6) AppleWebKit/537.36 (KHTML, like Gecko) Chrome/51.0.2704.103 Safari/537.36" 
112.134.98.51 - - [23/Jul/2016:07:26:01 -0700] "GET /GitHub-Mark.png HTTP/1.1" 200 7428 "http://www.secrepo.com/" "Mozilla/5.0 (Macintosh; Intel Mac OS X 10_11_6) AppleWebKit/537.36 (KHTML, like Gecko) Chrome/51.0.2704.103 Safari/537.36" 
112.134.98.51 - - [23/Jul/2016:07:26:02 -0700] "GET /bootstrap/img/favicon.ico HTTP/1.1" 200 589 "http://www.secrepo.com/" "Mozilla/5.0 (Macintosh; Intel Mac OS X 10_11_6) AppleWebKit/537.36 (KHTML, like Gecko) Chrome/51.0.2704.103 Safari/537.36" 
182.48.196.15 - - [23/Jul/2016:07:29:38 -0700] "GET /misc/zeus_dga_domains.txt.zip HTTP/1.1" 200 594360 "http://www.secrepo.com/" "Mozilla/5.0 (Windows NT 10.0; WOW64) AppleWebKit/537.36 (KHTML, like Gecko) Chrome/51.0.2704.103 Safari/537.36" 
69.30.213.82 - - [23/Jul/2016:07:40:21 -0700] "GET /robots.txt HTTP/1.0" 200 252 "-" "Mozilla/5.0 (compatible; MJ12bot/v1.4.5; http://www.majestic12.co.uk/bot.php?+)" 
69.30.213.82 - - [23/Jul/2016:07:40:23 -0700] "GET /honeypot/BSidesDFW%20-%202014.ipynb HTTP/1.0" 200 470120 "-" "Mozilla/5.0 (compatible; MJ12bot/v1.4.5; http://www.majestic12.co.uk/bot.php?+)" 
157.55.39.65 - - [23/Jul/2016:07:43:56 -0700] "GET /self.logs/error.log.2015-05-14.gz HTTP/1.1" 301 544 "-" "Mozilla/5.0 (compatible; bingbot/2.0; +http://www.bing.com/bingbot.htm)" 
40.77.167.65 - - [23/Jul/2016:07:44:25 -0700] "GET /self.logs/access.log.2016-02-12.gz HTTP/1.1" 301 546 "-" "Mozilla/5.0 (compatible; bingbot/2.0; +http://www.bing.com/bingbot.htm)" 
117.190.191.170 - - [23/Jul/2016:07:44:27 -0700] "GET /tg/a.zip HTTP/1.1" 304 132 "-" "Mozilla/5.0 Gecko/20100115 Firefox/3.6" 
24.23.195.68 - - [23/Jul/2016:08:00:59 -0700] "GET / HTTP/1.1" 200 9902 "-" "Mozilla/5.0 (Macintosh; Intel Mac OS X 10_11_6) AppleWebKit/602.1.42 (KHTML, like Gecko)" 
24.23.195.68 - - [23/Jul/2016:08:00:59 -0700] "GET /apple-touch-icon-precomposed.png HTTP/1.1" 404 340 "-" "Safari/11602.1.42 CFNetwork/760.6.3 Darwin/15.6.0 (x86_64)" 
24.23.195.68 - - [23/Jul/2016:08:00:59 -0700] "GET /apple-touch-icon.png HTTP/1.1" 404 339 "-" "Safari/11602.1.42 CFNetwork/760.6.3 Darwin/15.6.0 (x86_64)" 
24.23.195.68 - - [23/Jul/2016:08:00:59 -0700] "GET /apple-touch-icon-precomposed.png HTTP/1.1" 404 339 "-" "Safari/11602.1.42 CFNetwork/760.6.3 Darwin/15.6.0 (x86_64)" 
24.23.195.68 - - [23/Jul/2016:08:00:59 -0700] "GET /apple-touch-icon.png HTTP/1.1" 404 339 "-" "Safari/11602.1.42 CFNetwork/760.6.3 Darwin/15.6.0 (x86_64)" 
66.102.7.149 - - [23/Jul/2016:08:14:22 -0700] "GET / HTTP/1.1" 200 9902 "-" "Mozilla/5.0 (X11; Linux x86_64) AppleWebKit/537.36 (KHTML, like Gecko) Chrome/49.0.2623.75 Safari/537.36 Google Favicon" 
66.102.7.145 - - [23/Jul/2016:08:14:22 -0700] "GET /bootstrap/img/favicon.ico HTTP/1.1" 200 590 "-" "Mozilla/5.0 (X11; Linux x86_64) AppleWebKit/537.36 (KHTML, like Gecko) Chrome/49.0.2623.75 Safari/537.36 Google Favicon" 
111.7.128.40 - - [23/Jul/2016:08:29:03 -0700] "GET /tg/a.zip HTTP/1.1" 304 132 "-" "Mozilla/5.0 Gecko/20100115 Firefox/3.6" 
66.249.66.155 - - [23/Jul/2016:08:40:47 -0700] "GET /bootstrap/img/favicon.ico HTTP/1.1" 304 165 "-" "Googlebot-Image/1.0" 
172.99.78.104 - - [23/Jul/2016:08:56:17 -0700] "GET /robots.txt HTTP/1.1" 301 446 "-" "Tornado-Async-Client" 
172.99.78.104 - - [23/Jul/2016:08:56:17 -0700] "GET /robots.txt HTTP/1.1" 200 304 "-" "Tornado-Async-Client" 
172.99.78.104 - - [23/Jul/2016:08:56:17 -0700] "GET /honeypot/BSidesDFW%20-%202014.ipynb HTTP/1.1" 301 484 "-" "Tornado-Async-Client" 
172.99.78.104 - - [23/Jul/2016:08:56:17 -0700] "GET /honeypot/BSidesDFW%20-%202014.ipynb HTTP/1.1" 200 930780 "-" "Tornado-Async-Client" 
66.249.83.213 - - [23/Jul/2016:09:29:53 -0700] "GET / HTTP/1.1" 200 9902 "-" "Mozilla/5.0 (X11; Linux x86_64) AppleWebKit/537.36 (KHTML, like Gecko) Chrome/49.0.2623.75 Safari/537.36 Google Favicon" 
66.249.83.217 - - [23/Jul/2016:09:29:53 -0700] "GET /bootstrap/img/favicon.ico HTTP/1.1" 200 590 "-" "Mozilla/5.0 (X11; Linux x86_64) AppleWebKit/537.36 (KHTML, like Gecko) Chrome/49.0.2623.75 Safari/537.36 Google Favicon" 
176.120.24.171 - - [23/Jul/2016:09:48:13 -0700] "POST /assets/modules/evogallery/js/uploadify/uploadify.php HTTP/1.1" 301 565 "-" "Mozilla/5.0 (compatible;Baiduspider/2.0;+http://www.baidu.com/search/spider.html)" 
176.120.24.171 - - [23/Jul/2016:09:48:15 -0700] "GET /wpcontent.php HTTP/1.1" 301 487 "-" "Mozilla/5.0 (compatible;Baiduspider/2.0;+http://www.baidu.com/search/spider.html)" 
176.120.24.171 - - [23/Jul/2016:09:48:15 -0700] "GET /wpcontent.php HTTP/1.1" 404 284 "-" "Mozilla/5.0 (compatible;Baiduspider/2.0;+http://www.baidu.com/search/spider.html)" 
176.120.24.171 - - [23/Jul/2016:09:48:17 -0700] "GET /wpcontent.php?osc=cm0gLXJmIHp1Yi4qOyBybSAtcmYgbWFyaW5hYnkqOyB3Z2V0IGh0dHA6Ly9kdXNoNy5rYXJlbGlhLnJ1L2Fzc2V0cy9jYWNoZS9waHB0aHVtYm9mL3Rlc3Qvd3BpbmZuZS5id2UgenViLnBocDsgY2htb2QgNzc3IHp1Yi5waHA7IHBocCB6dWIucGhwOyBybSAtcmYgenViLio= HTTP/1.1" 301 913 "-" "Mozilla/5.0 (compatible;Baiduspider/2.0;+http://www.baidu.com/search/spider.html)" 
176.120.24.171 - - [23/Jul/2016:09:48:17 -0700] "GET /wpcontent.php?osc=cm0gLXJmIHp1Yi4qOyBybSAtcmYgbWFyaW5hYnkqOyB3Z2V0IGh0dHA6Ly9kdXNoNy5rYXJlbGlhLnJ1L2Fzc2V0cy9jYWNoZS9waHB0aHVtYm9mL3Rlc3Qvd3BpbmZuZS5id2UgenViLnBocDsgY2htb2QgNzc3IHp1Yi5waHA7IHBocCB6dWIucGhwOyBybSAtcmYgenViLio= HTTP/1.1" 418 695 "-" "Mozilla/5.0 (compatible;Baiduspider/2.0;+http://www.baidu.com/search/spider.html)" 
176.120.24.171 - - [23/Jul/2016:09:48:19 -0700] "GET /wpcontent.php?osc=cm0gLXJmIHp1Yi4qOyBybSAtcmYgbWFyaW5hYnkqOyB3Z2V0IGh0dHA6Ly9kdXNoNy5rYXJlbGlhLnJ1L2Fzc2V0cy9jYWNoZS9waHB0aHVtYm9mL3Rlc3Qvd3BpbmZuZS5id2UgenViLnBocDsgY2htb2QgNzc3IHp1Yi5waHA7IHBocCB6dWIucGhwOyBybSAtcmYgenViLio= HTTP/1.1" 301 913 "-" "Mozilla/5.0 (compatible;Baiduspider/2.0;+http://www.baidu.com/search/spider.html)" 
176.120.24.171 - - [23/Jul/2016:09:48:19 -0700] "GET /wpcontent.php?osc=cm0gLXJmIHp1Yi4qOyBybSAtcmYgbWFyaW5hYnkqOyB3Z2V0IGh0dHA6Ly9kdXNoNy5rYXJlbGlhLnJ1L2Fzc2V0cy9jYWNoZS9waHB0aHVtYm9mL3Rlc3Qvd3BpbmZuZS5id2UgenViLnBocDsgY2htb2QgNzc3IHp1Yi5waHA7IHBocCB6dWIucGhwOyBybSAtcmYgenViLio= HTTP/1.1" 418 695 "-" "Mozilla/5.0 (compatible;Baiduspider/2.0;+http://www.baidu.com/search/spider.html)" 
172.99.70.132 - - [23/Jul/2016:09:57:06 -0700] "GET /robots.txt HTTP/1.1" 301 446 "-" "Tornado-Async-Client" 
172.99.70.132 - - [23/Jul/2016:09:57:06 -0700] "GET /robots.txt HTTP/1.1" 200 304 "-" "Tornado-Async-Client" 
172.99.70.132 - - [23/Jul/2016:09:57:06 -0700] "GET /honeypot/BSidesDFW%20-%202014.ipynb HTTP/1.1" 301 484 "-" "Tornado-Async-Client" 
172.99.70.132 - - [23/Jul/2016:09:57:06 -0700] "GET /honeypot/BSidesDFW%20-%202014.ipynb HTTP/1.1" 200 930780 "-" "Tornado-Async-Client" 
82.24.102.178 - - [23/Jul/2016:10:04:29 -0700] "GET / HTTP/1.1" 200 9902 "https://www.google.co.uk" "Mozilla/5.0 (Windows NT 6.1; WOW64; rv:47.0) Gecko/20100101 Firefox/47.0" 
82.24.102.178 - - [23/Jul/2016:10:04:29 -0700] "GET /bootstrap/img/favicon.ico HTTP/1.1" 200 589 "-" "Mozilla/5.0 (Windows NT 6.1; WOW64; rv:47.0) Gecko/20100101 Firefox/47.0" 
82.24.102.178 - - [23/Jul/2016:10:04:29 -0700] "GET /twitter-icon.png HTTP/1.1" 200 27787 "http://www.secrepo.com/" "Mozilla/5.0 (Windows NT 6.1; WOW64; rv:47.0) Gecko/20100101 Firefox/47.0" 
82.24.102.178 - - [23/Jul/2016:10:04:29 -0700] "GET /GitHub-Mark.png HTTP/1.1" 200 7428 "http://www.secrepo.com/" "Mozilla/5.0 (Windows NT 6.1; WOW64; rv:47.0) Gecko/20100101 Firefox/47.0" 
89.111.176.222 - - [23/Jul/2016:10:07:54 -0700] "POST /assets/modules/evogallery/js/uploadify/uploadify.php HTTP/1.1" 301 565 "-" "Mozilla/5.0 (Macintosh; U; PPC Mac OS X Mach-O; en-US; rv:1.8b4) Gecko/20050908 Firefox/1.4" 
89.111.176.222 - - [23/Jul/2016:10:07:55 -0700] "GET /wpcontent.php HTTP/1.1" 301 487 "-" "Mozilla/5.0 (Macintosh; U; PPC Mac OS X Mach-O; en-US; rv:1.8b4) Gecko/20050908 Firefox/1.4" 
89.111.176.222 - - [23/Jul/2016:10:07:56 -0700] "GET /wpcontent.php HTTP/1.1" 404 284 "-" "Mozilla/5.0 (Macintosh; U; PPC Mac OS X Mach-O; en-US; rv:1.8b4) Gecko/20050908 Firefox/1.4" 
89.111.176.222 - - [23/Jul/2016:10:07:57 -0700] "GET /wpcontent.php?osc=cm0gLXJmIHp1Yi4qOyBybSAtcmYgbWFyaW5hYnkqOyB3Z2V0IGh0dHA6Ly9kdXNoNy5rYXJlbGlhLnJ1L2Fzc2V0cy9jYWNoZS9waHB0aHVtYm9mL3Rlc3Qvd3BpbmZuZS5id2UgenViLnBocDsgY2htb2QgNzc3IHp1Yi5waHA7IHBocCB6dWIucGhwOyBybSAtcmYgenViLio= HTTP/1.1" 301 913 "-" "Mozilla/5.0 (Macintosh; U; PPC Mac OS X Mach-O; en-US; rv:1.8b4) Gecko/20050908 Firefox/1.4" 
89.111.176.222 - - [23/Jul/2016:10:07:57 -0700] "GET /wpcontent.php?osc=cm0gLXJmIHp1Yi4qOyBybSAtcmYgbWFyaW5hYnkqOyB3Z2V0IGh0dHA6Ly9kdXNoNy5rYXJlbGlhLnJ1L2Fzc2V0cy9jYWNoZS9waHB0aHVtYm9mL3Rlc3Qvd3BpbmZuZS5id2UgenViLnBocDsgY2htb2QgNzc3IHp1Yi5waHA7IHBocCB6dWIucGhwOyBybSAtcmYgenViLio= HTTP/1.1" 418 695 "-" "Mozilla/5.0 (Macintosh; U; PPC Mac OS X Mach-O; en-US; rv:1.8b4) Gecko/20050908 Firefox/1.4" 
89.111.176.222 - - [23/Jul/2016:10:07:59 -0700] "GET /wpcontent.php?osc=cm0gLXJmIHp1Yi4qOyBybSAtcmYgbWFyaW5hYnkqOyB3Z2V0IGh0dHA6Ly9kdXNoNy5rYXJlbGlhLnJ1L2Fzc2V0cy9jYWNoZS9waHB0aHVtYm9mL3Rlc3Qvd3BpbmZuZS5id2UgenViLnBocDsgY2htb2QgNzc3IHp1Yi5waHA7IHBocCB6dWIucGhwOyBybSAtcmYgenViLio= HTTP/1.1" 301 913 "-" "Mozilla/5.0 (Macintosh; U; PPC Mac OS X Mach-O; en-US; rv:1.8b4) Gecko/20050908 Firefox/1.4" 
89.111.176.222 - - [23/Jul/2016:10:07:59 -0700] "GET /wpcontent.php?osc=cm0gLXJmIHp1Yi4qOyBybSAtcmYgbWFyaW5hYnkqOyB3Z2V0IGh0dHA6Ly9kdXNoNy5rYXJlbGlhLnJ1L2Fzc2V0cy9jYWNoZS9waHB0aHVtYm9mL3Rlc3Qvd3BpbmZuZS5id2UgenViLnBocDsgY2htb2QgNzc3IHp1Yi5waHA7IHBocCB6dWIucGhwOyBybSAtcmYgenViLio= HTTP/1.1" 418 695 "-" "Mozilla/5.0 (Macintosh; U; PPC Mac OS X Mach-O; en-US; rv:1.8b4) Gecko/20050908 Firefox/1.4" 
89.111.176.222 - - [23/Jul/2016:10:08:09 -0700] "POST /assets/modules/evogallery/js/uploadify/uploadify.php HTTP/1.1" 301 565 "-" "Mozilla/5.0 (Macintosh; U; PPC Mac OS X Mach-O; en-US; rv:1.8b4) Gecko/20050908 Firefox/1.4" 
89.111.176.222 - - [23/Jul/2016:10:08:11 -0700] "GET /wpcontent.php HTTP/1.1" 301 487 "-" "Mozilla/5.0 (Macintosh; U; PPC Mac OS X Mach-O; en-US; rv:1.8b4) Gecko/20050908 Firefox/1.4" 
89.111.176.222 - - [23/Jul/2016:10:08:11 -0700] "GET /wpcontent.php HTTP/1.1" 404 284 "-" "Mozilla/5.0 (Macintosh; U; PPC Mac OS X Mach-O; en-US; rv:1.8b4) Gecko/20050908 Firefox/1.4" 
89.111.176.222 - - [23/Jul/2016:10:08:12 -0700] "GET /wpcontent.php?osc=cm0gLXJmIHp1Yi4qOyBybSAtcmYgbWFyaW5hYnkqOyB3Z2V0IGh0dHA6Ly9kdXNoNy5rYXJlbGlhLnJ1L2Fzc2V0cy9jYWNoZS9waHB0aHVtYm9mL3Rlc3Qvd3BpbmZuZS5id2UgenViLnBocDsgY2htb2QgNzc3IHp1Yi5waHA7IHBocCB6dWIucGhwOyBybSAtcmYgenViLio= HTTP/1.1" 301 913 "-" "Mozilla/5.0 (Macintosh; U; PPC Mac OS X Mach-O; en-US; rv:1.8b4) Gecko/20050908 Firefox/1.4" 
89.111.176.222 - - [23/Jul/2016:10:08:13 -0700] "GET /wpcontent.php?osc=cm0gLXJmIHp1Yi4qOyBybSAtcmYgbWFyaW5hYnkqOyB3Z2V0IGh0dHA6Ly9kdXNoNy5rYXJlbGlhLnJ1L2Fzc2V0cy9jYWNoZS9waHB0aHVtYm9mL3Rlc3Qvd3BpbmZuZS5id2UgenViLnBocDsgY2htb2QgNzc3IHp1Yi5waHA7IHBocCB6dWIucGhwOyBybSAtcmYgenViLio= HTTP/1.1" 418 695 "-" "Mozilla/5.0 (Macintosh; U; PPC Mac OS X Mach-O; en-US; rv:1.8b4) Gecko/20050908 Firefox/1.4" 
89.111.176.222 - - [23/Jul/2016:10:08:14 -0700] "GET /wpcontent.php?osc=cm0gLXJmIHp1Yi4qOyBybSAtcmYgbWFyaW5hYnkqOyB3Z2V0IGh0dHA6Ly9kdXNoNy5rYXJlbGlhLnJ1L2Fzc2V0cy9jYWNoZS9waHB0aHVtYm9mL3Rlc3Qvd3BpbmZuZS5id2UgenViLnBocDsgY2htb2QgNzc3IHp1Yi5waHA7IHBocCB6dWIucGhwOyBybSAtcmYgenViLio= HTTP/1.1" 301 913 "-" "Mozilla/5.0 (Macintosh; U; PPC Mac OS X Mach-O; en-US; rv:1.8b4) Gecko/20050908 Firefox/1.4" 
89.111.176.222 - - [23/Jul/2016:10:08:14 -0700] "GET /wpcontent.php?osc=cm0gLXJmIHp1Yi4qOyBybSAtcmYgbWFyaW5hYnkqOyB3Z2V0IGh0dHA6Ly9kdXNoNy5rYXJlbGlhLnJ1L2Fzc2V0cy9jYWNoZS9waHB0aHVtYm9mL3Rlc3Qvd3BpbmZuZS5id2UgenViLnBocDsgY2htb2QgNzc3IHp1Yi5waHA7IHBocCB6dWIucGhwOyBybSAtcmYgenViLio= HTTP/1.1" 418 695 "-" "Mozilla/5.0 (Macintosh; U; PPC Mac OS X Mach-O; en-US; rv:1.8b4) Gecko/20050908 Firefox/1.4" 
89.111.176.222 - - [23/Jul/2016:10:08:29 -0700] "POST /assets/modules/evogallery/js/uploadify/uploadify.php HTTP/1.1" 301 565 "-" "Mozilla/5.0 (Macintosh; U; PPC Mac OS X Mach-O; en-US; rv:1.8b4) Gecko/20050908 Firefox/1.4" 
89.111.176.222 - - [23/Jul/2016:10:08:31 -0700] "GET /wpcontent.php HTTP/1.1" 301 487 "-" "Mozilla/5.0 (Macintosh; U; PPC Mac OS X Mach-O; en-US; rv:1.8b4) Gecko/20050908 Firefox/1.4" 
89.111.176.222 - - [23/Jul/2016:10:08:31 -0700] "GET /wpcontent.php HTTP/1.1" 404 284 "-" "Mozilla/5.0 (Macintosh; U; PPC Mac OS X Mach-O; en-US; rv:1.8b4) Gecko/20050908 Firefox/1.4" 
89.111.176.222 - - [23/Jul/2016:10:08:32 -0700] "GET /wpcontent.php?osc=cm0gLXJmIHp1Yi4qOyBybSAtcmYgbWFyaW5hYnkqOyB3Z2V0IGh0dHA6Ly9kdXNoNy5rYXJlbGlhLnJ1L2Fzc2V0cy9jYWNoZS9waHB0aHVtYm9mL3Rlc3Qvd3BpbmZuZS5id2UgenViLnBocDsgY2htb2QgNzc3IHp1Yi5waHA7IHBocCB6dWIucGhwOyBybSAtcmYgenViLio= HTTP/1.1" 301 913 "-" "Mozilla/5.0 (Macintosh; U; PPC Mac OS X Mach-O; en-US; rv:1.8b4) Gecko/20050908 Firefox/1.4" 
89.111.176.222 - - [23/Jul/2016:10:08:32 -0700] "GET /wpcontent.php?osc=cm0gLXJmIHp1Yi4qOyBybSAtcmYgbWFyaW5hYnkqOyB3Z2V0IGh0dHA6Ly9kdXNoNy5rYXJlbGlhLnJ1L2Fzc2V0cy9jYWNoZS9waHB0aHVtYm9mL3Rlc3Qvd3BpbmZuZS5id2UgenViLnBocDsgY2htb2QgNzc3IHp1Yi5waHA7IHBocCB6dWIucGhwOyBybSAtcmYgenViLio= HTTP/1.1" 418 695 "-" "Mozilla/5.0 (Macintosh; U; PPC Mac OS X Mach-O; en-US; rv:1.8b4) Gecko/20050908 Firefox/1.4" 
77.222.62.90 - - [23/Jul/2016:10:09:38 -0700] "POST /self.logs/access.log.2015-06-16.gz/assets/modules/evogallery/js/uploadify/uploadify.php HTTP/1.1" 301 635 "-" "Mozilla/5.0 (Windows; U; Windows CE 4.21; rv:1.8b4) Gecko/20050720 Minimo/0.007" 
77.222.62.90 - - [23/Jul/2016:10:09:40 -0700] "GET /self.logs/access.log.2015-06-16.gz/wpcontent.php HTTP/1.1" 301 557 "-" "Mozilla/5.0 (Windows; U; Windows CE 4.21; rv:1.8b4) Gecko/20050720 Minimo/0.007" 
77.222.62.90 - - [23/Jul/2016:10:09:40 -0700] "GET /self.logs/access.log.2015-06-16.gz/wpcontent.php HTTP/1.1" 404 284 "-" "Mozilla/5.0 (Windows; U; Windows CE 4.21; rv:1.8b4) Gecko/20050720 Minimo/0.007" 
77.222.62.90 - - [23/Jul/2016:10:09:41 -0700] "GET /self.logs/access.log.2015-06-16.gz/wpcontent.php?osc=cm0gLXJmIHp1Yi4qOyBybSAtcmYgbWFyaW5hYnkqOyB3Z2V0IGh0dHA6Ly9kdXNoNy5rYXJlbGlhLnJ1L2Fzc2V0cy9jYWNoZS9waHB0aHVtYm9mL3Rlc3Qvd3BpbmZuZS5id2UgenViLnBocDsgY2htb2QgNzc3IHp1Yi5waHA7IHBocCB6dWIucGhwOyBybSAtcmYgenViLio= HTTP/1.1" 301 983 "-" "Mozilla/5.0 (Windows; U; Windows CE 4.21; rv:1.8b4) Gecko/20050720 Minimo/0.007" 
77.222.62.90 - - [23/Jul/2016:10:09:42 -0700] "GET /self.logs/access.log.2015-06-16.gz/wpcontent.php?osc=cm0gLXJmIHp1Yi4qOyBybSAtcmYgbWFyaW5hYnkqOyB3Z2V0IGh0dHA6Ly9kdXNoNy5rYXJlbGlhLnJ1L2Fzc2V0cy9jYWNoZS9waHB0aHVtYm9mL3Rlc3Qvd3BpbmZuZS5id2UgenViLnBocDsgY2htb2QgNzc3IHp1Yi5waHA7IHBocCB6dWIucGhwOyBybSAtcmYgenViLio= HTTP/1.1" 418 695 "-" "Mozilla/5.0 (Windows; U; Windows CE 4.21; rv:1.8b4) Gecko/20050720 Minimo/0.007" 
77.222.62.90 - - [23/Jul/2016:10:09:43 -0700] "GET /self.logs/access.log.2015-06-16.gz/wpcontent.php?osc=cm0gLXJmIHp1Yi4qOyBybSAtcmYgbWFyaW5hYnkqOyB3Z2V0IGh0dHA6Ly9kdXNoNy5rYXJlbGlhLnJ1L2Fzc2V0cy9jYWNoZS9waHB0aHVtYm9mL3Rlc3Qvd3BpbmZuZS5id2UgenViLnBocDsgY2htb2QgNzc3IHp1Yi5waHA7IHBocCB6dWIucGhwOyBybSAtcmYgenViLio= HTTP/1.1" 301 983 "-" "Mozilla/5.0 (Windows; U; Windows CE 4.21; rv:1.8b4) Gecko/20050720 Minimo/0.007" 
77.222.62.90 - - [23/Jul/2016:10:09:43 -0700] "GET /self.logs/access.log.2015-06-16.gz/wpcontent.php?osc=cm0gLXJmIHp1Yi4qOyBybSAtcmYgbWFyaW5hYnkqOyB3Z2V0IGh0dHA6Ly9kdXNoNy5rYXJlbGlhLnJ1L2Fzc2V0cy9jYWNoZS9waHB0aHVtYm9mL3Rlc3Qvd3BpbmZuZS5id2UgenViLnBocDsgY2htb2QgNzc3IHp1Yi5waHA7IHBocCB6dWIucGhwOyBybSAtcmYgenViLio= HTTP/1.1" 418 695 "-" "Mozilla/5.0 (Windows; U; Windows CE 4.21; rv:1.8b4) Gecko/20050720 Minimo/0.007" 
77.222.62.90 - - [23/Jul/2016:10:09:44 -0700] "POST /assets/modules/evogallery/js/uploadify/uploadify.php HTTP/1.1" 301 565 "-" "Mozilla/5.0 (Windows; U; Windows CE 4.21; rv:1.8b4) Gecko/20050720 Minimo/0.007" 
77.222.62.90 - - [23/Jul/2016:10:09:46 -0700] "GET /wpcontent.php HTTP/1.1" 301 487 "-" "Mozilla/5.0 (Windows; U; Windows CE 4.21; rv:1.8b4) Gecko/20050720 Minimo/0.007" 
77.222.62.90 - - [23/Jul/2016:10:09:46 -0700] "GET /wpcontent.php HTTP/1.1" 404 284 "-" "Mozilla/5.0 (Windows; U; Windows CE 4.21; rv:1.8b4) Gecko/20050720 Minimo/0.007" 
77.222.62.90 - - [23/Jul/2016:10:09:47 -0700] "GET /wpcontent.php?osc=cm0gLXJmIHp1Yi4qOyBybSAtcmYgbWFyaW5hYnkqOyB3Z2V0IGh0dHA6Ly9kdXNoNy5rYXJlbGlhLnJ1L2Fzc2V0cy9jYWNoZS9waHB0aHVtYm9mL3Rlc3Qvd3BpbmZuZS5id2UgenViLnBocDsgY2htb2QgNzc3IHp1Yi5waHA7IHBocCB6dWIucGhwOyBybSAtcmYgenViLio= HTTP/1.1" 301 913 "-" "Mozilla/5.0 (Windows; U; Windows CE 4.21; rv:1.8b4) Gecko/20050720 Minimo/0.007" 
77.222.62.90 - - [23/Jul/2016:10:09:47 -0700] "GET /wpcontent.php?osc=cm0gLXJmIHp1Yi4qOyBybSAtcmYgbWFyaW5hYnkqOyB3Z2V0IGh0dHA6Ly9kdXNoNy5rYXJlbGlhLnJ1L2Fzc2V0cy9jYWNoZS9waHB0aHVtYm9mL3Rlc3Qvd3BpbmZuZS5id2UgenViLnBocDsgY2htb2QgNzc3IHp1Yi5waHA7IHBocCB6dWIucGhwOyBybSAtcmYgenViLio= HTTP/1.1" 418 695 "-" "Mozilla/5.0 (Windows; U; Windows CE 4.21; rv:1.8b4) Gecko/20050720 Minimo/0.007" 
77.222.62.90 - - [23/Jul/2016:10:09:49 -0700] "GET /wpcontent.php?osc=cm0gLXJmIHp1Yi4qOyBybSAtcmYgbWFyaW5hYnkqOyB3Z2V0IGh0dHA6Ly9kdXNoNy5rYXJlbGlhLnJ1L2Fzc2V0cy9jYWNoZS9waHB0aHVtYm9mL3Rlc3Qvd3BpbmZuZS5id2UgenViLnBocDsgY2htb2QgNzc3IHp1Yi5waHA7IHBocCB6dWIucGhwOyBybSAtcmYgenViLio= HTTP/1.1" 301 913 "-" "Mozilla/5.0 (Windows; U; Windows CE 4.21; rv:1.8b4) Gecko/20050720 Minimo/0.007" 
77.222.62.90 - - [23/Jul/2016:10:09:49 -0700] "GET /wpcontent.php?osc=cm0gLXJmIHp1Yi4qOyBybSAtcmYgbWFyaW5hYnkqOyB3Z2V0IGh0dHA6Ly9kdXNoNy5rYXJlbGlhLnJ1L2Fzc2V0cy9jYWNoZS9waHB0aHVtYm9mL3Rlc3Qvd3BpbmZuZS5id2UgenViLnBocDsgY2htb2QgNzc3IHp1Yi5waHA7IHBocCB6dWIucGhwOyBybSAtcmYgenViLio= HTTP/1.1" 418 695 "-" "Mozilla/5.0 (Windows; U; Windows CE 4.21; rv:1.8b4) Gecko/20050720 Minimo/0.007" 
77.222.62.90 - - [23/Jul/2016:10:09:50 -0700] "POST /self.logs/assets/modules/evogallery/js/uploadify/uploadify.php HTTP/1.1" 301 585 "-" "Mozilla/5.0 (Windows; U; Windows CE 4.21; rv:1.8b4) Gecko/20050720 Minimo/0.007" 
77.222.62.90 - - [23/Jul/2016:10:09:51 -0700] "GET /self.logs/wpcontent.php HTTP/1.1" 301 507 "-" "Mozilla/5.0 (Windows; U; Windows CE 4.21; rv:1.8b4) Gecko/20050720 Minimo/0.007" 
77.222.62.90 - - [23/Jul/2016:10:09:52 -0700] "GET /self.logs/wpcontent.php HTTP/1.1" 404 284 "-" "Mozilla/5.0 (Windows; U; Windows CE 4.21; rv:1.8b4) Gecko/20050720 Minimo/0.007" 
77.222.62.90 - - [23/Jul/2016:10:09:53 -0700] "GET /self.logs/wpcontent.php?osc=cm0gLXJmIHp1Yi4qOyBybSAtcmYgbWFyaW5hYnkqOyB3Z2V0IGh0dHA6Ly9kdXNoNy5rYXJlbGlhLnJ1L2Fzc2V0cy9jYWNoZS9waHB0aHVtYm9mL3Rlc3Qvd3BpbmZuZS5id2UgenViLnBocDsgY2htb2QgNzc3IHp1Yi5waHA7IHBocCB6dWIucGhwOyBybSAtcmYgenViLio= HTTP/1.1" 301 933 "-" "Mozilla/5.0 (Windows; U; Windows CE 4.21; rv:1.8b4) Gecko/20050720 Minimo/0.007" 
77.222.62.90 - - [23/Jul/2016:10:09:53 -0700] "GET /self.logs/wpcontent.php?osc=cm0gLXJmIHp1Yi4qOyBybSAtcmYgbWFyaW5hYnkqOyB3Z2V0IGh0dHA6Ly9kdXNoNy5rYXJlbGlhLnJ1L2Fzc2V0cy9jYWNoZS9waHB0aHVtYm9mL3Rlc3Qvd3BpbmZuZS5id2UgenViLnBocDsgY2htb2QgNzc3IHp1Yi5waHA7IHBocCB6dWIucGhwOyBybSAtcmYgenViLio= HTTP/1.1" 418 695 "-" "Mozilla/5.0 (Windows; U; Windows CE 4.21; rv:1.8b4) Gecko/20050720 Minimo/0.007" 
164.132.161.72 - - [23/Jul/2016:10:22:42 -0700] "GET /self.logs/error.log.2016-07-17.gz HTTP/1.1" 200 855 "-" "Mozilla/5.0 (compatible; AhrefsBot/5.1; +http://ahrefs.com/robot/)" 
68.180.228.25 - - [23/Jul/2016:10:37:35 -0700] "GET /self.logs/error.log.2016-06-10.gz HTTP/1.1" 200 1057 "-" "Mozilla/5.0 (compatible; Yahoo! Slurp; http://help.yahoo.com/help/us/ysearch/slurp)" 
117.190.191.170 - - [23/Jul/2016:10:44:27 -0700] "GET /tg/a.zip HTTP/1.1" 304 132 "-" "Mozilla/5.0 Gecko/20100115 Firefox/3.6" 
111.7.128.40 - - [23/Jul/2016:11:29:06 -0700] "GET /tg/a.zip HTTP/1.1" 304 132 "-" "Mozilla/5.0 Gecko/20100115 Firefox/3.6" 
174.114.169.58 - - [23/Jul/2016:11:32:55 -0700] "GET / HTTP/1.1" 200 9902 "http://www.mlsecproject.org/" "Mozilla/5.0 (Windows NT 10.0; WOW64) AppleWebKit/537.36 (KHTML, like Gecko) Chrome/51.0.2704.103 Safari/537.36" 
174.114.169.58 - - [23/Jul/2016:11:32:56 -0700] "GET /twitter-icon.png HTTP/1.1" 200 27787 "http://www.secrepo.com/" "Mozilla/5.0 (Windows NT 10.0; WOW64) AppleWebKit/537.36 (KHTML, like Gecko) Chrome/51.0.2704.103 Safari/537.36" 
174.114.169.58 - - [23/Jul/2016:11:32:56 -0700] "GET /GitHub-Mark.png HTTP/1.1" 200 7428 "http://www.secrepo.com/" "Mozilla/5.0 (Windows NT 10.0; WOW64) AppleWebKit/537.36 (KHTML, like Gecko) Chrome/51.0.2704.103 Safari/537.36" 
174.114.169.58 - - [23/Jul/2016:11:32:56 -0700] "GET /bootstrap/img/favicon.ico HTTP/1.1" 200 589 "http://www.secrepo.com/" "Mozilla/5.0 (Windows NT 10.0; WOW64) AppleWebKit/537.36 (KHTML, like Gecko) Chrome/51.0.2704.103 Safari/537.36" 
107.178.195.187 - - [23/Jul/2016:11:34:25 -0700] "GET / HTTP/1.1" 200 9902 "-" "AppEngine-Google; (+http://code.google.com/appengine; appid: s~chomatin)" 
164.132.161.32 - - [23/Jul/2016:11:34:39 -0700] "GET /self.logs/access.log.2015-02-13.gz HTTP/1.1" 200 15554 "-" "Mozilla/5.0 (compatible; AhrefsBot/5.1; +http://ahrefs.com/robot/)" 
50.155.64.187 - - [23/Jul/2016:12:04:39 -0700] "GET / HTTP/1.1" 200 9902 "https://www.reddit.com/r/datasets/comments/3tbxap/cyber_security_datasets/" "Mozilla/5.0 (Macintosh; Intel Mac OS X 10_10_5) AppleWebKit/537.36 (KHTML, like Gecko) Chrome/51.0.2704.103 Safari/537.36" 
50.155.64.187 - - [23/Jul/2016:12:04:39 -0700] "GET /twitter-icon.png HTTP/1.1" 200 27787 "http://www.secrepo.com/" "Mozilla/5.0 (Macintosh; Intel Mac OS X 10_10_5) AppleWebKit/537.36 (KHTML, like Gecko) Chrome/51.0.2704.103 Safari/537.36" 
50.155.64.187 - - [23/Jul/2016:12:04:40 -0700] "GET /GitHub-Mark.png HTTP/1.1" 200 7428 "http://www.secrepo.com/" "Mozilla/5.0 (Macintosh; Intel Mac OS X 10_10_5) AppleWebKit/537.36 (KHTML, like Gecko) Chrome/51.0.2704.103 Safari/537.36" 
50.155.64.187 - - [23/Jul/2016:12:04:40 -0700] "GET /bootstrap/img/favicon.ico HTTP/1.1" 200 589 "http://www.secrepo.com/" "Mozilla/5.0 (Macintosh; Intel Mac OS X 10_10_5) AppleWebKit/537.36 (KHTML, like Gecko) Chrome/51.0.2704.103 Safari/537.36" 
164.132.161.21 - - [23/Jul/2016:12:31:08 -0700] "GET /self.logs/access.log.2016-07-06.gz HTTP/1.1" 200 12460 "-" "Mozilla/5.0 (compatible; AhrefsBot/5.1; +http://ahrefs.com/robot/)" 
66.249.66.151 - - [23/Jul/2016:12:43:41 -0700] "GET / HTTP/1.1" 200 9902 "-" "Mozilla/5.0 (Linux; Android 6.0.1; Nexus 5X Build/MMB29P) AppleWebKit/537.36 (KHTML, like Gecko) Chrome/41.0.2272.96 Mobile Safari/537.36 (compatible; Googlebot/2.1; +http://www.google.com/bot.html)" 
1.186.79.2 - - [23/Jul/2016:12:47:16 -0700] "GET / HTTP/1.1" 200 9902 "-" "Mozilla/5.0 (Macintosh; Intel Mac OS X 10_11_4) AppleWebKit/601.5.17 (KHTML, like Gecko) Version/9.1 Safari/601.5.17" 
1.186.79.2 - - [23/Jul/2016:12:47:16 -0700] "GET /twitter-icon.png HTTP/1.1" 200 27787 "http://www.secrepo.com/" "Mozilla/5.0 (Macintosh; Intel Mac OS X 10_11_4) AppleWebKit/601.5.17 (KHTML, like Gecko) Version/9.1 Safari/601.5.17" 
1.186.79.2 - - [23/Jul/2016:12:47:17 -0700] "GET /GitHub-Mark.png HTTP/1.1" 200 7428 "http://www.secrepo.com/" "Mozilla/5.0 (Macintosh; Intel Mac OS X 10_11_4) AppleWebKit/601.5.17 (KHTML, like Gecko) Version/9.1 Safari/601.5.17" 
1.186.79.2 - - [23/Jul/2016:12:47:19 -0700] "GET /bootstrap/img/favicon.ico HTTP/1.1" 200 590 "http://www.secrepo.com/" "Mozilla/5.0 (Macintosh; Intel Mac OS X 10_11_4) AppleWebKit/601.5.17 (KHTML, like Gecko) Version/9.1 Safari/601.5.17" 
151.80.31.106 - - [23/Jul/2016:12:48:09 -0700] "GET /self.logs/access.log.2015-05-12.gz HTTP/1.1" 200 4366 "-" "Mozilla/5.0 (compatible; AhrefsBot/5.1; +http://ahrefs.com/robot/)" 
89.42.216.25 - - [23/Jul/2016:12:53:44 -0700] "GET /test/wp-admin/ HTTP/1.1" 301 489 "-" "-" 
68.90.69.216 - - [23/Jul/2016:13:00:51 -0700] "GET /wordpress/wp-admin/ HTTP/1.1" 301 499 "-" "-" 
99.224.12.156 - - [23/Jul/2016:13:06:44 -0700] "GET / HTTP/1.1" 200 9902 "https://www.google.ca/" "Mozilla/5.0 (Windows NT 10.0; WOW64) AppleWebKit/537.36 (KHTML, like Gecko) Chrome/51.0.2704.103 Safari/537.36" 
99.224.12.156 - - [23/Jul/2016:13:06:44 -0700] "GET /twitter-icon.png HTTP/1.1" 200 27787 "http://www.secrepo.com/" "Mozilla/5.0 (Windows NT 10.0; WOW64) AppleWebKit/537.36 (KHTML, like Gecko) Chrome/51.0.2704.103 Safari/537.36" 
99.224.12.156 - - [23/Jul/2016:13:06:44 -0700] "GET /GitHub-Mark.png HTTP/1.1" 200 7428 "http://www.secrepo.com/" "Mozilla/5.0 (Windows NT 10.0; WOW64) AppleWebKit/537.36 (KHTML, like Gecko) Chrome/51.0.2704.103 Safari/537.36" 
99.224.12.156 - - [23/Jul/2016:13:06:46 -0700] "GET /bootstrap/img/favicon.ico HTTP/1.1" 200 589 "http://www.secrepo.com/" "Mozilla/5.0 (Windows NT 10.0; WOW64) AppleWebKit/537.36 (KHTML, like Gecko) Chrome/51.0.2704.103 Safari/537.36" 
198.71.235.27 - - [23/Jul/2016:13:07:58 -0700] "GET /blog/wp-admin/ HTTP/1.1" 301 489 "-" "-" 
91.121.93.7 - - [23/Jul/2016:13:14:52 -0700] "GET /wp/wp-admin/ HTTP/1.1" 301 485 "-" "-" 
195.154.187.115 - - [23/Jul/2016:13:17:04 -0700] "GET /robots.txt HTTP/1.0" 301 481 "-" "Mozilla/5.0 (compatible; MJ12bot/v1.4.5; http://www.majestic12.co.uk/bot.php?+)" 
195.154.187.115 - - [23/Jul/2016:13:17:04 -0700] "GET /robots.txt HTTP/1.0" 200 252 "-" "Mozilla/5.0 (compatible; MJ12bot/v1.4.5; http://www.majestic12.co.uk/bot.php?+)" 
195.154.187.115 - - [23/Jul/2016:13:17:06 -0700] "GET /honeypot/BSidesDFW%20-%202014.ipynb HTTP/1.0" 301 523 "-" "Mozilla/5.0 (compatible; MJ12bot/v1.4.5; http://www.majestic12.co.uk/bot.php?+)" 
195.154.187.115 - - [23/Jul/2016:13:17:06 -0700] "GET /robots.txt HTTP/1.0" 200 252 "-" "Mozilla/5.0 (compatible; MJ12bot/v1.4.5; http://www.majestic12.co.uk/bot.php?+)" 
195.154.187.115 - - [23/Jul/2016:13:17:08 -0700] "GET /honeypot/BSidesDFW%20-%202014.ipynb HTTP/1.0" 200 394200 "-" "Mozilla/5.0 (compatible; MJ12bot/v1.4.5; http://www.majestic12.co.uk/bot.php?+)" 
184.168.193.42 - - [23/Jul/2016:13:21:57 -0700] "GET /old/wp-admin/ HTTP/1.1" 301 487 "-" "-" 
93.77.96.97 - - [23/Jul/2016:13:40:46 -0700] "GET /honeypot/ HTTP/1.0" 200 1096 "http://www.secrepo.com/honeypot/" "Mozilla/5.0 (Windows NT 6.3; WOW64) AppleWebKit/537.36 (KHTML, like Gecko) Chrome/48.0.2564.116 Safari/537.36" 
93.77.96.97 - - [23/Jul/2016:13:40:46 -0700] "GET / HTTP/1.0" 200 33073 "http://www.secrepo.com/" "Mozilla/5.0 (Windows NT 6.3; WOW64) AppleWebKit/537.36 (KHTML, like Gecko) Chrome/48.0.2564.116 Safari/537.36" 
117.190.191.170 - - [23/Jul/2016:13:44:27 -0700] "GET /tg/a.zip HTTP/1.1" 304 132 "-" "Mozilla/5.0 Gecko/20100115 Firefox/3.6" 
41.13.10.70 - - [23/Jul/2016:13:44:32 -0700] "GET /bootstrap/img/favicon.ico HTTP/1.1" 304 165 "-" "Mozilla/5.0 (Windows NT 10.0; WOW64; rv:47.0) Gecko/20100101 Firefox/47.0" 
91.200.12.136 - - [23/Jul/2016:13:46:46 -0700] "GET /honeypot/Honeypot+-+Howto.pdf HTTP/1.0" 404 284 "http://www.secrepo.com/honeypot/Honeypot+-+Howto.pdf#search=" "Mozilla/5.0 (Windows NT 6.1; WOW64) AppleWebKit/537.36 (KHTML, like Gecko) Chrome/48.0.2564.103 Safari/537.36" 
91.200.12.136 - - [23/Jul/2016:13:46:46 -0700] "GET / HTTP/1.0" 200 33073 "http://www.secrepo.com/" "Mozilla/5.0 (Windows NT 6.1; WOW64) AppleWebKit/537.36 (KHTML, like Gecko) Chrome/48.0.2564.103 Safari/537.36" 
91.200.12.136 - - [23/Jul/2016:14:03:11 -0700] "GET /honeypot/Honeypot+-+Howto.pdf HTTP/1.0" 404 284 "http://www.secrepo.com/honeypot/Honeypot+-+Howto.pdf#search=" "Mozilla/5.0 (Windows NT 10.0; WOW64) AppleWebKit/537.36 (KHTML, like Gecko) Chrome/48.0.2564.109 Safari/537.36" 
91.200.12.136 - - [23/Jul/2016:14:03:11 -0700] "GET / HTTP/1.0" 200 33073 "http://www.secrepo.com/" "Mozilla/5.0 (Windows NT 10.0; WOW64) AppleWebKit/537.36 (KHTML, like Gecko) Chrome/48.0.2564.109 Safari/537.36" 
172.58.104.31 - - [23/Jul/2016:14:17:15 -0700] "GET / HTTP/1.1" 200 9902 "-" "Mozilla/5.0 (Linux; Android 6.0.1; SM-G935T Build/MMB29M; wv) AppleWebKit/537.36 (KHTML, like Gecko) Version/4.0 Chrome/51.0.2704.81 Mobile Safari/537.36" 
172.58.104.31 - - [23/Jul/2016:14:17:16 -0700] "GET /twitter-icon.png HTTP/1.1" 200 27787 "http://www.secrepo.com/" "Mozilla/5.0 (Linux; Android 6.0.1; SM-G935T Build/MMB29M; wv) AppleWebKit/537.36 (KHTML, like Gecko) Version/4.0 Chrome/51.0.2704.81 Mobile Safari/537.36" 
172.58.104.31 - - [23/Jul/2016:14:17:16 -0700] "GET /GitHub-Mark.png HTTP/1.1" 200 7428 "http://www.secrepo.com/" "Mozilla/5.0 (Linux; Android 6.0.1; SM-G935T Build/MMB29M; wv) AppleWebKit/537.36 (KHTML, like Gecko) Version/4.0 Chrome/51.0.2704.81 Mobile Safari/537.36" 
172.58.104.31 - - [23/Jul/2016:14:17:17 -0700] "GET /bootstrap/img/favicon.ico HTTP/1.1" 200 589 "http://www.secrepo.com/" "Mozilla/5.0 (Linux; Android 6.0.1; SM-G935T Build/MMB29M; wv) AppleWebKit/537.36 (KHTML, like Gecko) Version/4.0 Chrome/51.0.2704.81 Mobile Safari/537.36" 
111.7.128.40 - - [23/Jul/2016:14:29:07 -0700] "GET /tg/a.zip HTTP/1.1" 304 132 "-" "Mozilla/5.0 Gecko/20100115 Firefox/3.6" 
176.250.180.51 - - [23/Jul/2016:14:58:32 -0700] "GET / HTTP/1.1" 200 9902 "-" "Mozilla/5.0 (Windows NT 10.0; WOW64; rv:47.0) Gecko/20100101 Firefox/47.0" 
176.250.180.51 - - [23/Jul/2016:14:58:32 -0700] "GET /bootstrap/img/favicon.ico HTTP/1.1" 200 589 "-" "Mozilla/5.0 (Windows NT 10.0; WOW64; rv:47.0) Gecko/20100101 Firefox/47.0" 
176.250.180.51 - - [23/Jul/2016:14:58:33 -0700] "GET /GitHub-Mark.png HTTP/1.1" 200 7428 "http://www.secrepo.com/" "Mozilla/5.0 (Windows NT 10.0; WOW64; rv:47.0) Gecko/20100101 Firefox/47.0" 
176.250.180.51 - - [23/Jul/2016:14:58:33 -0700] "GET /twitter-icon.png HTTP/1.1" 200 21900 "http://www.secrepo.com/" "Mozilla/5.0 (Windows NT 10.0; WOW64; rv:47.0) Gecko/20100101 Firefox/47.0" 
172.99.78.104 - - [23/Jul/2016:15:02:39 -0700] "GET /robots.txt HTTP/1.1" 301 446 "-" "Tornado-Async-Client" 
172.99.78.104 - - [23/Jul/2016:15:02:39 -0700] "GET /robots.txt HTTP/1.1" 200 304 "-" "Tornado-Async-Client" 
172.99.78.104 - - [23/Jul/2016:15:02:39 -0700] "GET /honeypot/BSidesDFW%20-%202014.ipynb HTTP/1.1" 301 484 "-" "Tornado-Async-Client" 
172.99.78.104 - - [23/Jul/2016:15:02:39 -0700] "GET /honeypot/BSidesDFW%20-%202014.ipynb HTTP/1.1" 200 930780 "-" "Tornado-Async-Client" 
157.55.39.157 - - [23/Jul/2016:15:17:39 -0700] "GET /self.logs/access.log.2015-12-15.gz HTTP/1.1" 301 545 "-" "Mozilla/5.0 (compatible; bingbot/2.0; +http://www.bing.com/bingbot.htm)" 
180.76.15.163 - - [23/Jul/2016:15:21:06 -0700] "GET / HTTP/1.1" 200 33073 "-" "Mozilla/5.0 (compatible; Baiduspider/2.0; +http://www.baidu.com/search/spider.html)" 
180.76.15.139 - - [23/Jul/2016:15:21:25 -0700] "GET / HTTP/1.1" 200 33073 "-" "Mozilla/5.0 (compatible; Baiduspider/2.0; +http://www.baidu.com/search/spider.html)" 
40.77.167.0 - - [23/Jul/2016:16:04:25 -0700] "GET /robots.txt HTTP/1.1" 200 289 "-" "Mozilla/5.0 (compatible; bingbot/2.0; +http://www.bing.com/bingbot.htm)" 
123.125.68.60 - - [23/Jul/2016:16:11:17 -0700] "GET /robots.txt HTTP/1.1" 200 297 "-" "Mozilla/5.0 (Windows NT 10.0; WOW64) AppleWebKit/537.36 (KHTML, like Gecko) Chrome/45.0.2454.93 Safari/537.36" 
180.76.15.141 - - [23/Jul/2016:16:43:58 -0700] "GET / HTTP/1.1" 304 152 "-" "Mozilla/5.0 (compatible; Baiduspider/2.0; +http://www.baidu.com/search/spider.html)" 
117.190.191.170 - - [23/Jul/2016:16:44:26 -0700] "GET /tg/a.zip HTTP/1.1" 304 132 "-" "Mozilla/5.0 Gecko/20100115 Firefox/3.6" 
157.55.39.149 - - [23/Jul/2016:16:58:31 -0700] "GET /self.logs/access.log.2016-01-10.gz HTTP/1.1" 200 7114 "-" "Mozilla/5.0 (compatible; bingbot/2.0; +http://www.bing.com/bingbot.htm)" 
172.99.78.104 - - [23/Jul/2016:16:59:17 -0700] "GET /robots.txt HTTP/1.1" 301 446 "-" "Tornado-Async-Client" 
172.99.78.104 - - [23/Jul/2016:16:59:17 -0700] "GET /robots.txt HTTP/1.1" 304 130 "-" "Tornado-Async-Client" 
172.99.78.104 - - [23/Jul/2016:16:59:17 -0700] "GET /honeypot/BSidesDFW%20-%202014.ipynb HTTP/1.1" 301 484 "-" "Tornado-Async-Client" 
172.99.78.104 - - [23/Jul/2016:16:59:17 -0700] "GET /honeypot/BSidesDFW%20-%202014.ipynb HTTP/1.1" 200 930780 "-" "Tornado-Async-Client" 
157.55.39.149 - - [23/Jul/2016:17:11:31 -0700] "GET /self.logs/error.log.2015-04-18.gz HTTP/1.1" 301 545 "-" "Mozilla/5.0 (compatible; bingbot/2.0; +http://www.bing.com/bingbot.htm)" 
111.7.128.40 - - [23/Jul/2016:17:29:09 -0700] "GET /tg/a.zip HTTP/1.1" 304 132 "-" "Mozilla/5.0 Gecko/20100115 Firefox/3.6" 
91.200.12.141 - - [23/Jul/2016:18:17:36 -0700] "GET /honeypot/Honeypot+-+Howto.pdf HTTP/1.0" 404 284 "http://www.secrepo.com/honeypot/Honeypot+-+Howto.pdf#search=" "Mozilla/5.0 (Windows NT 6.3; WOW64; rv:44.0) Gecko/20100101 Firefox/44.0" 
91.200.12.141 - - [23/Jul/2016:18:17:36 -0700] "GET / HTTP/1.0" 200 33073 "http://www.secrepo.com/" "Mozilla/5.0 (Windows NT 6.3; WOW64; rv:44.0) Gecko/20100101 Firefox/44.0" 
207.46.13.70 - - [23/Jul/2016:18:21:46 -0700] "GET /self.logs/access.log.2015-03-25.gz HTTP/1.1" 301 545 "-" "Mozilla/5.0 (compatible; bingbot/2.0; +http://www.bing.com/bingbot.htm)" 
