66.249.75.2 - - [04/Mar/2017:02:11:28 -0800] "GET /maccdc2012/smtp.log.gz HTTP/1.1" 200 6908 "-" "Mozilla/5.0 (compatible; Googlebot/2.1; +http://www.google.com/bot.html)" 
66.249.75.2 - - [04/Mar/2017:02:12:20 -0800] "GET / HTTP/1.1" 200 10566 "-" "Mozilla/5.0 (Linux; Android 6.0.1; Nexus 5X Build/MMB29P) AppleWebKit/537.36 (KHTML, like Gecko) Chrome/41.0.2272.96 Mobile Safari/537.36 (compatible; Googlebot/2.1; +http://www.google.com/bot.html)" 
68.180.228.156 - - [04/Mar/2017:02:12:21 -0800] "GET /self.logs/error.log.2016-11-29.gz HTTP/1.1" 200 1157 "-" "Mozilla/5.0 (compatible; Yahoo! Slurp; http://help.yahoo.com/help/us/ysearch/slurp)" 
66.249.93.95 - - [04/Mar/2017:02:13:13 -0800] "GET / HTTP/1.1" 200 10566 "http://www.google.com/search" "Mozilla/5.0 (X11; Linux x86_64) AppleWebKit/537.36 (KHTML, like Gecko; Google Web Preview) Chrome/27.0.1453 Safari/537.36" 
66.249.93.64 - - [04/Mar/2017:02:13:13 -0800] "GET /GitHub-Mark.png HTTP/1.1" 200 7428 "http://www.secrepo.com/" "Mozilla/5.0 (X11; Linux x86_64) AppleWebKit/537.36 (KHTML, like Gecko; Google Web Preview) Chrome/27.0.1453 Safari/537.36" 
66.249.93.64 - - [04/Mar/2017:02:13:13 -0800] "GET /twitter-icon.png HTTP/1.1" 200 27788 "http://www.secrepo.com/" "Mozilla/5.0 (X11; Linux x86_64) AppleWebKit/537.36 (KHTML, like Gecko; Google Web Preview) Chrome/27.0.1453 Safari/537.36" 
68.180.228.156 - - [04/Mar/2017:02:15:00 -0800] "GET /self.logs/error.log.2016-11-27.gz HTTP/1.1" 200 1823 "-" "Mozilla/5.0 (compatible; Yahoo! Slurp; http://help.yahoo.com/help/us/ysearch/slurp)" 
66.249.75.63 - - [04/Mar/2017:02:18:26 -0800] "GET /maccdc2012/conn.log.gz HTTP/1.1" 200 16046259 "-" "Mozilla/5.0 (compatible; Googlebot/2.1; +http://www.google.com/bot.html)" 
66.249.75.63 - - [04/Mar/2017:02:24:31 -0800] "GET /maccdc2012/dhcp.log.gz HTTP/1.1" 200 45019 "-" "Mozilla/5.0 (compatible; Googlebot/2.1; +http://www.google.com/bot.html)" 
103.255.6.80 - - [04/Mar/2017:02:24:33 -0800] "GET / HTTP/1.1" 304 189 "-" "Mozilla/5.0 (Windows NT 6.1) AppleWebKit/537.36 (KHTML, like Gecko) Chrome/56.0.2924.87 Safari/537.36" 
79.115.209.29 - - [04/Mar/2017:02:25:28 -0800] "GET /wp-login.php HTTP/1.1" 404 295 "-" "Mozilla/5.0 (Windows NT 6.1; WOW64; rv:40.0) Gecko/20100101 Firefox/40.1" 
79.115.209.29 - - [04/Mar/2017:02:25:33 -0800] "GET /wp-login.php HTTP/1.1" 404 295 "-" "Mozilla/5.0 (Windows NT 6.1; WOW64; rv:40.0) Gecko/20100101 Firefox/40.1" 
79.115.209.29 - - [04/Mar/2017:02:25:39 -0800] "GET / HTTP/1.1" 200 35389 "-" "Mozilla/5.0 (Windows NT 6.1; WOW64; rv:40.0) Gecko/20100101 Firefox/40.1" 
68.180.228.156 - - [04/Mar/2017:02:25:44 -0800] "GET /self.logs/access.log.2016-07-20.gz HTTP/1.1" 200 9202 "-" "Mozilla/5.0 (compatible; Yahoo! Slurp; http://help.yahoo.com/help/us/ysearch/slurp)" 
46.161.9.35 - - [04/Mar/2017:02:29:16 -0800] "GET /honeypot/BSidesDFW%20-%202014.ipynb HTTP/1.0" 200 930799 "http://www.secrepo.com/honeypot/BSidesDFW%20-%202014.ipynb" "Mozilla/5.0 (Windows NT 10.0; WOW64) AppleWebKit/537.36 (KHTML, like Gecko) Chrome/48.0.2564.103 Safari/537.36" 
66.249.75.61 - - [04/Mar/2017:02:30:29 -0800] "GET /maccdc2012/http.log.gz HTTP/1.1" 200 16013842 "-" "Mozilla/5.0 (compatible; Googlebot/2.1; +http://www.google.com/bot.html)" 
66.249.75.63 - - [04/Mar/2017:02:37:07 -0800] "GET /maccdc2012/files.log.gz HTTP/1.1" 200 16555934 "-" "Mozilla/5.0 (compatible; Googlebot/2.1; +http://www.google.com/bot.html)" 
163.172.65.127 - - [04/Mar/2017:02:40:40 -0800] "GET /self.logs/access.log.2015-12-15.gz HTTP/1.1" 200 8836 "-" "Mozilla/5.0 (compatible; AhrefsBot/5.2; +http://ahrefs.com/robot/)" 
95.27.244.111 - - [04/Mar/2017:02:43:26 -0800] "GET / HTTP/1.1" 200 10566 "https://www.google.ru/" "Mozilla/5.0 (Linux; Android 4.2.2; ME302KL Build/JDQ39) AppleWebKit/537.36 (KHTML, like Gecko) Chrome/56.0.2924.87 Safari/537.36" 
95.27.244.111 - - [04/Mar/2017:02:43:26 -0800] "GET /twitter-icon.png HTTP/1.1" 200 27787 "http://www.secrepo.com/" "Mozilla/5.0 (Linux; Android 4.2.2; ME302KL Build/JDQ39) AppleWebKit/537.36 (KHTML, like Gecko) Chrome/56.0.2924.87 Safari/537.36" 
95.27.244.111 - - [04/Mar/2017:02:43:26 -0800] "GET /GitHub-Mark.png HTTP/1.1" 200 7428 "http://www.secrepo.com/" "Mozilla/5.0 (Linux; Android 4.2.2; ME302KL Build/JDQ39) AppleWebKit/537.36 (KHTML, like Gecko) Chrome/56.0.2924.87 Safari/537.36" 
95.27.244.111 - - [04/Mar/2017:02:43:29 -0800] "GET /bootstrap/img/favicon.ico HTTP/1.1" 200 590 "http://www.secrepo.com/" "Mozilla/5.0 (Linux; Android 4.2.2; ME302KL Build/JDQ39) AppleWebKit/537.36 (KHTML, like Gecko) Chrome/56.0.2924.87 Safari/537.36" 
66.249.75.2 - - [04/Mar/2017:02:44:20 -0800] "GET /maccdc2012/weird.log.gz HTTP/1.1" 200 1242777 "-" "Mozilla/5.0 (compatible; Googlebot/2.1; +http://www.google.com/bot.html)" 
77.88.47.100 - - [04/Mar/2017:02:45:38 -0800] "GET /robots.txt HTTP/1.1" 301 518 "-" "Mozilla/5.0 (compatible; YandexBot/3.0; +http://yandex.com/bots)" 
5.255.250.59 - - [04/Mar/2017:02:45:38 -0800] "GET /robots.txt HTTP/1.1" 200 289 "-" "Mozilla/5.0 (compatible; YandexBot/3.0; +http://yandex.com/bots)" 
77.88.47.100 - - [04/Mar/2017:02:45:42 -0800] "GET / HTTP/1.1" 301 483 "-" "Mozilla/5.0 (compatible; YandexBot/3.0; +http://yandex.com/bots)" 
5.255.250.59 - - [04/Mar/2017:02:45:42 -0800] "GET / HTTP/1.1" 200 10566 "-" "Mozilla/5.0 (compatible; YandexBot/3.0; +http://yandex.com/bots)" 
75.119.200.128 - - [04/Mar/2017:02:46:16 -0800] "GET / HTTP/1.0" 301 461 "-" "-" 
75.119.200.128 - - [04/Mar/2017:02:46:16 -0800] "GET / HTTP/1.0" 200 35378 "-" "-" 
51.255.65.83 - - [04/Mar/2017:02:47:54 -0800] "GET /self.logs/access.log.2016-06-03.gz HTTP/1.1" 200 11532 "-" "Mozilla/5.0 (compatible; AhrefsBot/5.2; +http://ahrefs.com/robot/)" 
66.249.75.63 - - [04/Mar/2017:02:50:36 -0800] "GET /maccdc2012/tunnel.log.gz HTTP/1.1" 200 5229 "-" "Mozilla/5.0 (compatible; Googlebot/2.1; +http://www.google.com/bot.html)" 
66.249.75.61 - - [04/Mar/2017:02:56:36 -0800] "GET /maccdc2012/notice.log.gz HTTP/1.1" 200 20779 "-" "Mozilla/5.0 (compatible; Googlebot/2.1; +http://www.google.com/bot.html)" 
66.249.75.61 - - [04/Mar/2017:03:03:19 -0800] "GET /maccdc2012/signatures.log.gz HTTP/1.1" 200 605 "-" "Mozilla/5.0 (compatible; Googlebot/2.1; +http://www.google.com/bot.html)" 
159.226.251.229 - - [04/Mar/2017:03:08:03 -0800] "GET /tg/a.zip HTTP/1.1" 304 132 "-" "Mozilla/5.0 Gecko/20100115 Firefox/3.6" 
68.180.228.156 - - [04/Mar/2017:03:08:38 -0800] "GET /self.logs/error.log.2017-01-04.gz HTTP/1.1" 200 3977 "-" "Mozilla/5.0 (compatible; Yahoo! Slurp; http://help.yahoo.com/help/us/ysearch/slurp)" 
66.249.75.61 - - [04/Mar/2017:03:09:33 -0800] "GET /honeypot/Honeypot%20-%20Howto.pdf HTTP/1.1" 200 1279418 "-" "Mozilla/5.0 (compatible; Googlebot/2.1; +http://www.google.com/bot.html)" 
163.172.66.60 - - [04/Mar/2017:03:13:02 -0800] "GET /self.logs/access.log.2017-02-18.gz HTTP/1.1" 200 20948 "-" "Mozilla/5.0 (compatible; AhrefsBot/5.2; +http://ahrefs.com/robot/)" 
66.249.75.61 - - [04/Mar/2017:03:15:57 -0800] "GET /honeypot/BSidesDFW%20-%202014.ipynb HTTP/1.1" 200 930836 "-" "Mozilla/5.0 (compatible; Googlebot/2.1; +http://www.google.com/bot.html)" 
52.73.79.40 - - [04/Mar/2017:03:16:04 -0800] "GET / HTTP/1.1" 200 35378 "-" "Mozilla/5.0 (Windows NT 10.0; WOW64) AppleWebKit/537.36 (KHTML, like Gecko) Chrome/56.0.2924.87 Safari/537.36" 
68.180.228.156 - - [04/Mar/2017:03:17:26 -0800] "GET /self.logs/access.log.2015-07-06.gz HTTP/1.1" 200 4363 "-" "Mozilla/5.0 (compatible; Yahoo! Slurp; http://help.yahoo.com/help/us/ysearch/slurp)" 
66.249.75.61 - - [04/Mar/2017:03:22:37 -0800] "GET /maccdc2012/maccdc2012_full_alert.7z HTTP/1.1" 200 24978942 "-" "Mozilla/5.0 (compatible; Googlebot/2.1; +http://www.google.com/bot.html)" 
31.5.109.56 - - [04/Mar/2017:03:22:39 -0800] "GET /wp-login.php HTTP/1.1" 404 295 "-" "Mozilla/5.0 (Windows NT 6.1; WOW64; rv:40.0) Gecko/20100101 Firefox/40.1" 
31.5.109.56 - - [04/Mar/2017:03:22:48 -0800] "GET /wp-login.php HTTP/1.1" 404 295 "-" "Mozilla/5.0 (Windows NT 6.1; WOW64; rv:40.0) Gecko/20100101 Firefox/40.1" 
31.5.109.56 - - [04/Mar/2017:03:22:54 -0800] "GET / HTTP/1.1" 200 35389 "-" "Mozilla/5.0 (Windows NT 6.1; WOW64; rv:40.0) Gecko/20100101 Firefox/40.1" 
51.255.65.97 - - [04/Mar/2017:03:27:17 -0800] "GET /self.logs/error.log.2017-02-15.gz HTTP/1.1" 200 767 "-" "Mozilla/5.0 (compatible; AhrefsBot/5.2; +http://ahrefs.com/robot/)" 
66.249.75.2 - - [04/Mar/2017:03:28:53 -0800] "GET /maccdc2012/maccdc2012_fast_alert.7z HTTP/1.1" 200 9478149 "-" "Mozilla/5.0 (compatible; Googlebot/2.1; +http://www.google.com/bot.html)" 
123.125.71.112 - - [04/Mar/2017:03:30:50 -0800] "GET /robots.txt HTTP/1.1" 200 297 "-" "Mozilla/5.0 (compatible; Baiduspider/2.0; +http://www.baidu.com/search/spider.html)" 
159.226.251.229 - - [04/Mar/2017:03:33:33 -0800] "GET /maccdc2012/conn.log.gz HTTP/1.1" 304 156 "-" "Mozilla/5.0 Gecko/20100115 Firefox/3.6" 
123.125.71.53 - - [04/Mar/2017:03:33:38 -0800] "GET /honeypot/BSidesDFW%20-%202014.ipynb HTTP/1.1" 200 930799 "-" "Mozilla/5.0 (compatible; Baiduspider/2.0; +http://www.baidu.com/search/spider.html)" 
68.180.228.156 - - [04/Mar/2017:03:34:44 -0800] "GET /self.logs/access.log.2015-12-02.gz HTTP/1.1" 200 5938 "-" "Mozilla/5.0 (compatible; Yahoo! Slurp; http://help.yahoo.com/help/us/ysearch/slurp)" 
202.89.172.112 - - [04/Mar/2017:03:34:47 -0800] "GET /wp-login.php HTTP/1.1" 301 522 "-" "Mozilla/5.0 (Windows NT 6.1; WOW64; rv:40.0) Gecko/20100101 Firefox/40.1" 
202.89.172.112 - - [04/Mar/2017:03:34:51 -0800] "GET /wp-login.php HTTP/1.1" 404 295 "-" "Mozilla/5.0 (Windows NT 6.1; WOW64; rv:40.0) Gecko/20100101 Firefox/40.1" 
202.89.172.112 - - [04/Mar/2017:03:34:58 -0800] "GET /wp-login.php HTTP/1.1" 301 522 "-" "Mozilla/5.0 (Windows NT 6.1; WOW64; rv:40.0) Gecko/20100101 Firefox/40.1" 
202.89.172.112 - - [04/Mar/2017:03:35:00 -0800] "GET /wp-login.php HTTP/1.1" 404 295 "-" "Mozilla/5.0 (Windows NT 6.1; WOW64; rv:40.0) Gecko/20100101 Firefox/40.1" 
66.249.75.61 - - [04/Mar/2017:03:35:03 -0800] "GET /honeypot/Honeypot%20-%20Howto%20-%20BSides%20Austin.pdf HTTP/1.1" 200 2928460 "-" "Mozilla/5.0 (compatible; Googlebot/2.1; +http://www.google.com/bot.html)" 
202.89.172.112 - - [04/Mar/2017:03:35:08 -0800] "GET / HTTP/1.1" 301 498 "-" "Mozilla/5.0 (Windows NT 6.1; WOW64; rv:40.0) Gecko/20100101 Firefox/40.1" 
202.89.172.112 - - [04/Mar/2017:03:35:11 -0800] "GET / HTTP/1.1" 200 35389 "-" "Mozilla/5.0 (Windows NT 6.1; WOW64; rv:40.0) Gecko/20100101 Firefox/40.1" 
164.132.161.26 - - [04/Mar/2017:03:38:34 -0800] "GET /self.logs/access.log.2016-11-25.gz HTTP/1.1" 200 16645 "-" "Mozilla/5.0 (compatible; AhrefsBot/5.2; +http://ahrefs.com/robot/)" 
66.249.75.63 - - [04/Mar/2017:03:41:02 -0800] "GET /self.logs/error.log.2016-01-22 HTTP/1.1" 200 334 "-" "Mozilla/5.0 (compatible; Googlebot/2.1; +http://www.google.com/bot.html)" 
83.24.171.231 - - [04/Mar/2017:03:45:21 -0800] "HEAD /maccdc2012/dhcp.log.gz HTTP/1.1" 200 240 "-" "Mozilla/4.0 (compatible; MSIE 6.0; Windows NT 5.1; ru)" 
83.24.171.231 - - [04/Mar/2017:03:45:21 -0800] "GET /maccdc2012/dhcp.log.gz HTTP/1.1" 200 44811 "-" "Mozilla/6.0 (Windows; U; Windows NT 5.0; en-US; rv:2.3.0.1) Gecko/20080909 Firefox/3.0.1.7" 
51.255.66.145 - - [04/Mar/2017:03:52:55 -0800] "GET / HTTP/1.1" 200 10510 "-" "Mozilla/5.0 (compatible; AhrefsBot/5.2; +http://ahrefs.com/robot/)" 
77.88.47.100 - - [04/Mar/2017:03:56:26 -0800] "GET /self.logs/ HTTP/1.1" 200 15918 "-" "Mozilla/5.0 (compatible; YandexBot/3.0; +http://yandex.com/bots)" 
31.5.109.56 - - [04/Mar/2017:04:00:00 -0800] "GET /wp-login.php HTTP/1.1" 301 522 "-" "Mozilla/5.0 (Windows NT 6.1; WOW64; rv:40.0) Gecko/20100101 Firefox/40.1" 
31.5.109.56 - - [04/Mar/2017:04:00:01 -0800] "GET /wp-login.php HTTP/1.1" 404 295 "-" "Mozilla/5.0 (Windows NT 6.1; WOW64; rv:40.0) Gecko/20100101 Firefox/40.1" 
31.5.109.56 - - [04/Mar/2017:04:00:07 -0800] "GET /wp-login.php HTTP/1.1" 301 522 "-" "Mozilla/5.0 (Windows NT 6.1; WOW64; rv:40.0) Gecko/20100101 Firefox/40.1" 
31.5.109.56 - - [04/Mar/2017:04:00:07 -0800] "GET /wp-login.php HTTP/1.1" 404 295 "-" "Mozilla/5.0 (Windows NT 6.1; WOW64; rv:40.0) Gecko/20100101 Firefox/40.1" 
31.5.109.56 - - [04/Mar/2017:04:00:13 -0800] "GET / HTTP/1.1" 301 498 "-" "Mozilla/5.0 (Windows NT 6.1; WOW64; rv:40.0) Gecko/20100101 Firefox/40.1" 
31.5.109.56 - - [04/Mar/2017:04:00:13 -0800] "GET / HTTP/1.1" 200 35389 "-" "Mozilla/5.0 (Windows NT 6.1; WOW64; rv:40.0) Gecko/20100101 Firefox/40.1" 
74.97.185.148 - - [04/Mar/2017:04:00:19 -0800] "GET / HTTP/1.1" 301 483 "https://www.linkedin.com/" "Mozilla/5.0 (iPhone; CPU iPhone OS 10_2_1 like Mac OS X) AppleWebKit/602.4.6 (KHTML, like Gecko) Mobile/14D27" 
74.97.185.148 - - [04/Mar/2017:04:00:20 -0800] "GET / HTTP/1.1" 200 10566 "-" "Mozilla/5.0 (iPhone; CPU iPhone OS 10_2_1 like Mac OS X) AppleWebKit/602.4.6 (KHTML, like Gecko) Mobile/14D27" 
74.97.185.148 - - [04/Mar/2017:04:00:21 -0800] "GET /twitter-icon.png HTTP/1.1" 200 27787 "http://www.secrepo.com/" "Mozilla/5.0 (iPhone; CPU iPhone OS 10_2_1 like Mac OS X) AppleWebKit/602.4.6 (KHTML, like Gecko) Mobile/14D27" 
74.97.185.148 - - [04/Mar/2017:04:00:21 -0800] "GET /GitHub-Mark.png HTTP/1.1" 200 7428 "http://www.secrepo.com/" "Mozilla/5.0 (iPhone; CPU iPhone OS 10_2_1 like Mac OS X) AppleWebKit/602.4.6 (KHTML, like Gecko) Mobile/14D27" 
50.56.228.100 - - [04/Mar/2017:04:06:14 -0800] "GET /bootstrap/img/favicon.ico HTTP/1.1" 200 534 "-" "Mozilla/5.0 (Windows NT 6.1; WOW64; rv:41.0) Gecko/20100101 Firefox/41.0" 
73.43.220.164 - - [04/Mar/2017:04:09:54 -0800] "GET /bootstrap/img/favicon.ico HTTP/1.1" 200 590 "http://www.secrepo.com/" "Mozilla/5.0 (Macintosh; Intel Mac OS X 10_11_6) AppleWebKit/537.36 (KHTML, like Gecko) Chrome/56.0.2924.87 Safari/537.36" 
68.180.228.156 - - [04/Mar/2017:04:11:42 -0800] "GET /self.logs/access.log.2015-09-27.gz HTTP/1.1" 200 4781 "-" "Mozilla/5.0 (compatible; Yahoo! Slurp; http://help.yahoo.com/help/us/ysearch/slurp)" 
68.180.228.156 - - [04/Mar/2017:04:16:45 -0800] "GET /self.logs/error.log.2015-04-24.gz HTTP/1.1" 200 648 "-" "Mozilla/5.0 (compatible; Yahoo! Slurp; http://help.yahoo.com/help/us/ysearch/slurp)" 
68.180.228.156 - - [04/Mar/2017:04:23:03 -0800] "GET /self.logs/access.log.2016-01-02.gz HTTP/1.1" 200 5889 "-" "Mozilla/5.0 (compatible; Yahoo! Slurp; http://help.yahoo.com/help/us/ysearch/slurp)" 
87.196.182.167 - - [04/Mar/2017:04:23:38 -0800] "GET /wp-login.php HTTP/1.1" 404 295 "-" "Mozilla/5.0 (Windows NT 6.1; WOW64; rv:40.0) Gecko/20100101 Firefox/40.1" 
87.196.182.167 - - [04/Mar/2017:04:23:43 -0800] "GET /wp-login.php HTTP/1.1" 404 295 "-" "Mozilla/5.0 (Windows NT 6.1; WOW64; rv:40.0) Gecko/20100101 Firefox/40.1" 
87.196.182.167 - - [04/Mar/2017:04:23:49 -0800] "GET / HTTP/1.1" 200 35389 "-" "Mozilla/5.0 (Windows NT 6.1; WOW64; rv:40.0) Gecko/20100101 Firefox/40.1" 
137.52.1.13 - - [04/Mar/2017:04:46:41 -0800] "GET / HTTP/1.1" 200 10566 "https://www.google.com/" "Mozilla/5.0 (Windows NT 10.0; Win64; x64) AppleWebKit/537.36 (KHTML, like Gecko) Chrome/56.0.2924.87 Safari/537.36" 
137.52.1.13 - - [04/Mar/2017:04:46:41 -0800] "GET /twitter-icon.png HTTP/1.1" 200 27787 "http://www.secrepo.com/" "Mozilla/5.0 (Windows NT 10.0; Win64; x64) AppleWebKit/537.36 (KHTML, like Gecko) Chrome/56.0.2924.87 Safari/537.36" 
137.52.1.13 - - [04/Mar/2017:04:46:41 -0800] "GET /GitHub-Mark.png HTTP/1.1" 200 7428 "http://www.secrepo.com/" "Mozilla/5.0 (Windows NT 10.0; Win64; x64) AppleWebKit/537.36 (KHTML, like Gecko) Chrome/56.0.2924.87 Safari/537.36" 
137.52.1.13 - - [04/Mar/2017:04:46:42 -0800] "GET /bootstrap/img/favicon.ico HTTP/1.1" 200 589 "http://www.secrepo.com/" "Mozilla/5.0 (Windows NT 10.0; Win64; x64) AppleWebKit/537.36 (KHTML, like Gecko) Chrome/56.0.2924.87 Safari/537.36" 
68.180.228.156 - - [04/Mar/2017:05:07:30 -0800] "GET /self.logs/error.log.2016-08-25.gz HTTP/1.1" 200 794 "-" "Mozilla/5.0 (compatible; Yahoo! Slurp; http://help.yahoo.com/help/us/ysearch/slurp)" 
68.180.228.156 - - [04/Mar/2017:05:09:57 -0800] "GET /self.logs/access.log.2015-07-05.gz HTTP/1.1" 200 3412 "-" "Mozilla/5.0 (compatible; Yahoo! Slurp; http://help.yahoo.com/help/us/ysearch/slurp)" 
163.172.66.168 - - [04/Mar/2017:05:18:26 -0800] "GET /self.logs/access.log.2017-02-01.gz HTTP/1.1" 200 27022 "-" "Mozilla/5.0 (compatible; AhrefsBot/5.2; +http://ahrefs.com/robot/)" 
40.77.167.42 - - [04/Mar/2017:05:19:43 -0800] "GET / HTTP/1.1" 200 10566 "-" "Mozilla/5.0 (compatible; bingbot/2.0; +http://www.bing.com/bingbot.htm)" 
68.7.255.219 - - [04/Mar/2017:05:28:21 -0800] "GET /wp-login.php HTTP/1.1" 404 295 "-" "Mozilla/5.0 (Windows NT 6.1; WOW64; rv:40.0) Gecko/20100101 Firefox/40.1" 
68.7.255.219 - - [04/Mar/2017:05:28:26 -0800] "GET /wp-login.php HTTP/1.1" 404 295 "-" "Mozilla/5.0 (Windows NT 6.1; WOW64; rv:40.0) Gecko/20100101 Firefox/40.1" 
68.7.255.219 - - [04/Mar/2017:05:28:32 -0800] "GET / HTTP/1.1" 200 35389 "-" "Mozilla/5.0 (Windows NT 6.1; WOW64; rv:40.0) Gecko/20100101 Firefox/40.1" 
68.180.228.156 - - [04/Mar/2017:05:30:02 -0800] "GET /self.logs/error.log.2016-06-23.gz HTTP/1.1" 200 770 "-" "Mozilla/5.0 (compatible; Yahoo! Slurp; http://help.yahoo.com/help/us/ysearch/slurp)" 
68.7.255.219 - - [04/Mar/2017:05:39:21 -0800] "GET /wp-login.php HTTP/1.1" 301 522 "-" "Mozilla/5.0 (Windows NT 6.1; WOW64; rv:40.0) Gecko/20100101 Firefox/40.1" 
68.7.255.219 - - [04/Mar/2017:05:39:21 -0800] "GET /wp-login.php HTTP/1.1" 404 295 "-" "Mozilla/5.0 (Windows NT 6.1; WOW64; rv:40.0) Gecko/20100101 Firefox/40.1" 
68.7.255.219 - - [04/Mar/2017:05:39:26 -0800] "GET /wp-login.php HTTP/1.1" 301 522 "-" "Mozilla/5.0 (Windows NT 6.1; WOW64; rv:40.0) Gecko/20100101 Firefox/40.1" 
68.7.255.219 - - [04/Mar/2017:05:39:26 -0800] "GET /wp-login.php HTTP/1.1" 404 295 "-" "Mozilla/5.0 (Windows NT 6.1; WOW64; rv:40.0) Gecko/20100101 Firefox/40.1" 
68.7.255.219 - - [04/Mar/2017:05:39:32 -0800] "GET / HTTP/1.1" 301 498 "-" "Mozilla/5.0 (Windows NT 6.1; WOW64; rv:40.0) Gecko/20100101 Firefox/40.1" 
68.7.255.219 - - [04/Mar/2017:05:39:32 -0800] "GET / HTTP/1.1" 200 35389 "-" "Mozilla/5.0 (Windows NT 6.1; WOW64; rv:40.0) Gecko/20100101 Firefox/40.1" 
69.251.73.154 - - [04/Mar/2017:05:50:56 -0800] "GET / HTTP/1.1" 200 10566 "https://www.google.com/" "Mozilla/5.0 (Macintosh; Intel Mac OS X 10_12_1) AppleWebKit/537.36 (KHTML, like Gecko) Chrome/56.0.2924.87 Safari/537.36" 
69.251.73.154 - - [04/Mar/2017:05:50:56 -0800] "GET /twitter-icon.png HTTP/1.1" 200 27787 "http://www.secrepo.com/" "Mozilla/5.0 (Macintosh; Intel Mac OS X 10_12_1) AppleWebKit/537.36 (KHTML, like Gecko) Chrome/56.0.2924.87 Safari/537.36" 
69.251.73.154 - - [04/Mar/2017:05:50:56 -0800] "GET /GitHub-Mark.png HTTP/1.1" 200 7428 "http://www.secrepo.com/" "Mozilla/5.0 (Macintosh; Intel Mac OS X 10_12_1) AppleWebKit/537.36 (KHTML, like Gecko) Chrome/56.0.2924.87 Safari/537.36" 
69.251.73.154 - - [04/Mar/2017:05:50:59 -0800] "GET /bootstrap/img/favicon.ico HTTP/1.1" 200 590 "http://www.secrepo.com/" "Mozilla/5.0 (Macintosh; Intel Mac OS X 10_12_1) AppleWebKit/537.36 (KHTML, like Gecko) Chrome/56.0.2924.87 Safari/537.36" 
69.251.73.154 - - [04/Mar/2017:05:51:30 -0800] "GET /maccdc2012/dhcp.log.gz HTTP/1.1" 200 45019 "-" "Mozilla/5.0 (Macintosh; Intel Mac OS X 10_12_1) AppleWebKit/537.36 (KHTML, like Gecko) Chrome/56.0.2924.87 Safari/537.36" 
69.251.73.154 - - [04/Mar/2017:05:52:30 -0800] "GET /honeypot/honeypot.json.zip HTTP/1.1" 200 23085976 "-" "Mozilla/5.0 (Macintosh; Intel Mac OS X 10_12_1) AppleWebKit/537.36 (KHTML, like Gecko) Chrome/56.0.2924.87 Safari/537.36" 
69.251.73.154 - - [04/Mar/2017:05:59:30 -0800] "GET / HTTP/1.1" 304 189 "-" "Mozilla/5.0 (Macintosh; Intel Mac OS X 10_12_1) AppleWebKit/537.36 (KHTML, like Gecko) Chrome/56.0.2924.87 Safari/537.36" 
36.231.96.153 - - [04/Mar/2017:06:01:59 -0800] "GET / HTTP/1.1" 304 189 "https://www.reddit.com/r/datasets/comments/3tbxap/cyber_security_datasets/" "Mozilla/5.0 (Macintosh; Intel Mac OS X 10_12_3) AppleWebKit/537.36 (KHTML, like Gecko) Chrome/56.0.2924.87 Safari/537.36" 
66.249.75.63 - - [04/Mar/2017:06:02:01 -0800] "GET / HTTP/1.1" 200 10566 "-" "Mozilla/5.0 (Linux; Android 6.0.1; Nexus 5X Build/MMB29P) AppleWebKit/537.36 (KHTML, like Gecko) Chrome/41.0.2272.96 Mobile Safari/537.36 (compatible; Googlebot/2.1; +http://www.google.com/bot.html)" 
92.149.166.104 - - [04/Mar/2017:06:02:16 -0800] "GET /wp-login.php HTTP/1.1" 404 295 "-" "Mozilla/5.0 (Windows NT 6.1; WOW64; rv:40.0) Gecko/20100101 Firefox/40.1" 
92.149.166.104 - - [04/Mar/2017:06:02:21 -0800] "GET /wp-login.php HTTP/1.1" 404 295 "-" "Mozilla/5.0 (Windows NT 6.1; WOW64; rv:40.0) Gecko/20100101 Firefox/40.1" 
92.149.166.104 - - [04/Mar/2017:06:02:27 -0800] "GET / HTTP/1.1" 200 35389 "-" "Mozilla/5.0 (Windows NT 6.1; WOW64; rv:40.0) Gecko/20100101 Firefox/40.1" 
159.226.251.229 - - [04/Mar/2017:06:09:30 -0800] "GET /tg/a.zip HTTP/1.1" 304 132 "-" "Mozilla/5.0 Gecko/20100115 Firefox/3.6" 
157.55.39.156 - - [04/Mar/2017:06:13:04 -0800] "GET /self.logs/error.log.2016-01-28.gz HTTP/1.1" 200 822 "-" "Mozilla/5.0 (compatible; bingbot/2.0; +http://www.bing.com/bingbot.htm)" 
100.33.240.179 - - [04/Mar/2017:06:17:05 -0800] "GET / HTTP/1.1" 200 10566 "-" "Mozilla/5.0 (X11; Linux x86_64; rv:45.0) Gecko/20100101 Firefox/45.0" 
100.33.240.179 - - [04/Mar/2017:06:17:05 -0800] "GET /twitter-icon.png HTTP/1.1" 200 27787 "http://www.secrepo.com/" "Mozilla/5.0 (X11; Linux x86_64; rv:45.0) Gecko/20100101 Firefox/45.0" 
100.33.240.179 - - [04/Mar/2017:06:17:05 -0800] "GET /GitHub-Mark.png HTTP/1.1" 200 7428 "http://www.secrepo.com/" "Mozilla/5.0 (X11; Linux x86_64; rv:45.0) Gecko/20100101 Firefox/45.0" 
100.33.240.179 - - [04/Mar/2017:06:17:05 -0800] "GET /bootstrap/img/favicon.ico HTTP/1.1" 200 589 "-" "Mozilla/5.0 (X11; Linux x86_64; rv:45.0) Gecko/20100101 Firefox/45.0" 
52.8.59.90 - - [04/Mar/2017:06:17:20 -0800] "GET / HTTP/1.1" 200 35389 "-" "Mozilla/4.0 (compatible; MSIE 7.0; Windows NT 5.1)" 
52.8.59.90 - - [04/Mar/2017:06:17:20 -0800] "GET / HTTP/1.1" 200 10566 "-" "Java/1.8.0_111" 
190.163.127.239 - - [04/Mar/2017:06:17:28 -0800] "GET / HTTP/1.1" 200 10566 "-" "Mozilla/5.0 (X11; CrOS x86_64 9000.91.0) AppleWebKit/537.36 (KHTML, like Gecko) Chrome/56.0.2924.110 Safari/537.36" 
190.163.127.239 - - [04/Mar/2017:06:17:28 -0800] "GET /twitter-icon.png HTTP/1.1" 200 27787 "http://www.secrepo.com/" "Mozilla/5.0 (X11; CrOS x86_64 9000.91.0) AppleWebKit/537.36 (KHTML, like Gecko) Chrome/56.0.2924.110 Safari/537.36" 
190.163.127.239 - - [04/Mar/2017:06:17:29 -0800] "GET /GitHub-Mark.png HTTP/1.1" 200 7428 "http://www.secrepo.com/" "Mozilla/5.0 (X11; CrOS x86_64 9000.91.0) AppleWebKit/537.36 (KHTML, like Gecko) Chrome/56.0.2924.110 Safari/537.36" 
190.163.127.239 - - [04/Mar/2017:06:17:30 -0800] "GET /bootstrap/img/favicon.ico HTTP/1.1" 200 589 "http://www.secrepo.com/" "Mozilla/5.0 (X11; CrOS x86_64 9000.91.0) AppleWebKit/537.36 (KHTML, like Gecko) Chrome/56.0.2924.110 Safari/537.36" 
186.108.148.139 - - [04/Mar/2017:06:20:31 -0800] "GET /wp-login.php HTTP/1.1" 404 295 "-" "Mozilla/5.0 (Windows NT 6.1; WOW64; rv:40.0) Gecko/20100101 Firefox/40.1" 
186.108.148.139 - - [04/Mar/2017:06:20:36 -0800] "GET /wp-login.php HTTP/1.1" 404 295 "-" "Mozilla/5.0 (Windows NT 6.1; WOW64; rv:40.0) Gecko/20100101 Firefox/40.1" 
186.108.148.139 - - [04/Mar/2017:06:20:42 -0800] "GET / HTTP/1.1" 200 35389 "-" "Mozilla/5.0 (Windows NT 6.1; WOW64; rv:40.0) Gecko/20100101 Firefox/40.1" 
92.149.166.104 - - [04/Mar/2017:06:30:29 -0800] "GET /wp-login.php HTTP/1.1" 301 522 "-" "Mozilla/5.0 (Windows NT 6.1; WOW64; rv:40.0) Gecko/20100101 Firefox/40.1" 
92.149.166.104 - - [04/Mar/2017:06:30:30 -0800] "GET /wp-login.php HTTP/1.1" 404 295 "-" "Mozilla/5.0 (Windows NT 6.1; WOW64; rv:40.0) Gecko/20100101 Firefox/40.1" 
92.149.166.104 - - [04/Mar/2017:06:30:35 -0800] "GET /wp-login.php HTTP/1.1" 301 522 "-" "Mozilla/5.0 (Windows NT 6.1; WOW64; rv:40.0) Gecko/20100101 Firefox/40.1" 
92.149.166.104 - - [04/Mar/2017:06:30:35 -0800] "GET /wp-login.php HTTP/1.1" 404 295 "-" "Mozilla/5.0 (Windows NT 6.1; WOW64; rv:40.0) Gecko/20100101 Firefox/40.1" 
92.149.166.104 - - [04/Mar/2017:06:30:41 -0800] "GET / HTTP/1.1" 301 498 "-" "Mozilla/5.0 (Windows NT 6.1; WOW64; rv:40.0) Gecko/20100101 Firefox/40.1" 
92.149.166.104 - - [04/Mar/2017:06:30:41 -0800] "GET / HTTP/1.1" 200 35389 "-" "Mozilla/5.0 (Windows NT 6.1; WOW64; rv:40.0) Gecko/20100101 Firefox/40.1" 
112.161.221.33 - - [04/Mar/2017:06:31:28 -0800] "GET /wp-login.php HTTP/1.1" 404 295 "-" "Mozilla/5.0 (Windows NT 6.1; WOW64; rv:40.0) Gecko/20100101 Firefox/40.1" 
112.161.221.33 - - [04/Mar/2017:06:31:33 -0800] "GET /wp-login.php HTTP/1.1" 404 295 "-" "Mozilla/5.0 (Windows NT 6.1; WOW64; rv:40.0) Gecko/20100101 Firefox/40.1" 
112.161.221.33 - - [04/Mar/2017:06:31:38 -0800] "GET / HTTP/1.1" 200 35389 "-" "Mozilla/5.0 (Windows NT 6.1; WOW64; rv:40.0) Gecko/20100101 Firefox/40.1" 
159.226.251.229 - - [04/Mar/2017:06:33:40 -0800] "GET /maccdc2012/conn.log.gz HTTP/1.1" 304 156 "-" "Mozilla/5.0 Gecko/20100115 Firefox/3.6" 
66.102.7.190 - - [04/Mar/2017:06:41:50 -0800] "GET / HTTP/1.1" 200 10566 "-" "Mozilla/5.0 (X11; Linux x86_64) AppleWebKit/537.36 (KHTML, like Gecko) Chrome/49.0.2623.75 Safari/537.36 Google Favicon" 
66.102.7.190 - - [04/Mar/2017:06:41:50 -0800] "GET /bootstrap/img/favicon.ico HTTP/1.1" 200 589 "-" "Mozilla/5.0 (X11; Linux x86_64) AppleWebKit/537.36 (KHTML, like Gecko) Chrome/49.0.2623.75 Safari/537.36 Google Favicon" 
157.55.39.174 - - [04/Mar/2017:06:42:19 -0800] "GET /self.logs/ HTTP/1.1" 200 15943 "-" "Mozilla/5.0 (iPhone; CPU iPhone OS 7_0 like Mac OS X) AppleWebKit/537.51.1 (KHTML, like Gecko) Version/7.0 Mobile/11A465 Safari/9537.53 (compatible; bingbot/2.0; +http://www.bing.com/bingbot.htm)" 
183.128.221.21 - - [04/Mar/2017:06:43:28 -0800] "GET /bootstrap/img/favicon.ico HTTP/1.1" 200 590 "http://www.secrepo.com/" "Mozilla/5.0 (Macintosh; Intel Mac OS X 10_12_1) AppleWebKit/537.36 (KHTML, like Gecko) Chrome/56.0.2924.87 Safari/537.36" 
181.229.52.96 - - [04/Mar/2017:06:47:45 -0800] "GET / HTTP/1.1" 304 189 "https://www.google.com.ar/" "Mozilla/5.0 (X11; Linux x86_64) AppleWebKit/537.36 (KHTML, like Gecko) Chrome/48.0.2564.97 Safari/537.36" 
163.172.66.70 - - [04/Mar/2017:06:54:04 -0800] "GET /self.logs/error.log.2016-05-13.gz HTTP/1.1" 200 1019 "-" "Mozilla/5.0 (compatible; AhrefsBot/5.2; +http://ahrefs.com/robot/)" 
181.229.52.96 - - [04/Mar/2017:06:54:24 -0800] "GET / HTTP/1.1" 200 10566 "https://www.google.com.ar/" "Mozilla/5.0 (X11; Linux x86_64) AppleWebKit/537.36 (KHTML, like Gecko) Chrome/56.0.2924.87 Safari/537.36" 
181.229.52.96 - - [04/Mar/2017:06:54:28 -0800] "GET /GitHub-Mark.png HTTP/1.1" 200 7428 "http://www.secrepo.com/" "Mozilla/5.0 (X11; Linux x86_64) AppleWebKit/537.36 (KHTML, like Gecko) Chrome/56.0.2924.87 Safari/537.36" 
181.229.52.96 - - [04/Mar/2017:06:54:28 -0800] "GET /twitter-icon.png HTTP/1.1" 200 27788 "http://www.secrepo.com/" "Mozilla/5.0 (X11; Linux x86_64) AppleWebKit/537.36 (KHTML, like Gecko) Chrome/56.0.2924.87 Safari/537.36" 
186.108.148.139 - - [04/Mar/2017:06:55:29 -0800] "GET /wp-login.php HTTP/1.1" 301 522 "-" "Mozilla/5.0 (Windows NT 6.1; WOW64; rv:40.0) Gecko/20100101 Firefox/40.1" 
186.108.148.139 - - [04/Mar/2017:06:55:29 -0800] "GET /wp-login.php HTTP/1.1" 404 295 "-" "Mozilla/5.0 (Windows NT 6.1; WOW64; rv:40.0) Gecko/20100101 Firefox/40.1" 
186.108.148.139 - - [04/Mar/2017:06:55:35 -0800] "GET /wp-login.php HTTP/1.1" 301 522 "-" "Mozilla/5.0 (Windows NT 6.1; WOW64; rv:40.0) Gecko/20100101 Firefox/40.1" 
186.108.148.139 - - [04/Mar/2017:06:55:35 -0800] "GET /wp-login.php HTTP/1.1" 404 295 "-" "Mozilla/5.0 (Windows NT 6.1; WOW64; rv:40.0) Gecko/20100101 Firefox/40.1" 
186.108.148.139 - - [04/Mar/2017:06:55:41 -0800] "GET / HTTP/1.1" 301 498 "-" "Mozilla/5.0 (Windows NT 6.1; WOW64; rv:40.0) Gecko/20100101 Firefox/40.1" 
186.108.148.139 - - [04/Mar/2017:06:55:41 -0800] "GET / HTTP/1.1" 200 35389 "-" "Mozilla/5.0 (Windows NT 6.1; WOW64; rv:40.0) Gecko/20100101 Firefox/40.1" 
68.180.228.156 - - [04/Mar/2017:06:59:09 -0800] "GET /self.logs/error.log.2015-03-03.gz HTTP/1.1" 200 854 "-" "Mozilla/5.0 (compatible; Yahoo! Slurp; http://help.yahoo.com/help/us/ysearch/slurp)" 
180.98.75.54 - - [04/Mar/2017:07:00:30 -0800] "GET /?from=groupmessage&isappinstalled=0 HTTP/1.1" 200 10566 "-" "Mozilla/5.0 (iPhone; CPU iPhone OS 10_3 like Mac OS X) AppleWebKit/603.1.30 (KHTML, like Gecko) Mobile/14E5260b MicroMessenger/6.5.5 NetType/4G Language/zh_CN" 
180.98.75.54 - - [04/Mar/2017:07:00:31 -0800] "GET /?from=groupmessage&isappinstalled=0 HTTP/1.1" 200 10566 "-" "Mozilla/5.0 (iPhone; CPU iPhone OS 10_3 like Mac OS X) AppleWebKit/603.1.30 (KHTML, like Gecko) Version/10.0 Mobile/14E5260b Safari/602.1" 
180.98.75.54 - - [04/Mar/2017:07:00:31 -0800] "GET /GitHub-Mark.png HTTP/1.1" 200 7428 "http://www.secrepo.com/?from=groupmessage&isappinstalled=0" "Mozilla/5.0 (iPhone; CPU iPhone OS 10_3 like Mac OS X) AppleWebKit/603.1.30 (KHTML, like Gecko) Mobile/14E5260b MicroMessenger/6.5.5 NetType/4G Language/zh_CN" 
180.98.75.54 - - [04/Mar/2017:07:00:31 -0800] "GET /twitter-icon.png HTTP/1.1" 200 27787 "http://www.secrepo.com/?from=groupmessage&isappinstalled=0" "Mozilla/5.0 (iPhone; CPU iPhone OS 10_3 like Mac OS X) AppleWebKit/603.1.30 (KHTML, like Gecko) Mobile/14E5260b MicroMessenger/6.5.5 NetType/4G Language/zh_CN" 
180.98.75.54 - - [04/Mar/2017:07:00:32 -0800] "GET /apple-touch-icon-120x120-precomposed.png HTTP/1.1" 404 340 "-" "MobileSafari/602.1 CFNetwork/811.4.18 Darwin/16.5.0" 
180.98.75.54 - - [04/Mar/2017:07:00:32 -0800] "GET /apple-touch-icon-120x120.png HTTP/1.1" 404 339 "-" "MobileSafari/602.1 CFNetwork/811.4.18 Darwin/16.5.0" 
180.98.75.54 - - [04/Mar/2017:07:00:33 -0800] "GET /apple-touch-icon.png HTTP/1.1" 404 339 "-" "MobileSafari/602.1 CFNetwork/811.4.18 Darwin/16.5.0" 
180.98.75.54 - - [04/Mar/2017:07:00:34 -0800] "GET /apple-touch-icon.png HTTP/1.1" 404 339 "-" "MobileSafari/602.1 CFNetwork/811.4.18 Darwin/16.5.0" 
180.98.75.54 - - [04/Mar/2017:07:00:35 -0800] "GET /bootstrap/img/favicon.ico HTTP/1.1" 200 590 "-" "Mozilla/5.0 (iPhone; CPU iPhone OS 10_3 like Mac OS X) AppleWebKit/603.1.30 (KHTML, like Gecko) Version/10.0 Mobile/14E5260b Safari/602.1" 
113.108.80.205 - - [04/Mar/2017:07:00:38 -0800] "GET /?from=groupmessage&isappinstalled=0 HTTP/1.0" 200 35389 "-" "Mozilla/5.0 (compatible; MSIE 9.0; Windows NT 6.1; Trident/5.0)" 
180.98.75.54 - - [04/Mar/2017:07:00:39 -0800] "GET /GitHub-Mark.png HTTP/1.1" 200 7428 "http://www.secrepo.com/?from=groupmessage&isappinstalled=0" "Mozilla/5.0 (iPhone; CPU iPhone OS 10_3 like Mac OS X) AppleWebKit/603.1.30 (KHTML, like Gecko) Version/10.0 Mobile/14E5260b Safari/602.1" 
180.98.75.54 - - [04/Mar/2017:07:00:39 -0800] "GET /twitter-icon.png HTTP/1.1" 200 27788 "http://www.secrepo.com/?from=groupmessage&isappinstalled=0" "Mozilla/5.0 (iPhone; CPU iPhone OS 10_3 like Mac OS X) AppleWebKit/603.1.30 (KHTML, like Gecko) Version/10.0 Mobile/14E5260b Safari/602.1" 
180.98.75.54 - - [04/Mar/2017:07:00:40 -0800] "GET /bootstrap/img/favicon.ico HTTP/1.1" 200 590 "-" "Mozilla/5.0 (iPhone; CPU iPhone OS 10_3 like Mac OS X) AppleWebKit/603.1.30 (KHTML, like Gecko) Version/10.0 Mobile/14E5260b Safari/602.1" 
211.142.221.139 - - [04/Mar/2017:07:00:48 -0800] "GET /bootstrap/img/favicon.ico HTTP/1.1" 200 590 "-" "Mozilla/4.0 (compatible; MSIE 6.0; Windows NT 5.1)" 
180.98.75.54 - - [04/Mar/2017:07:00:52 -0800] "GET /bootstrap/img/favicon.ico HTTP/1.1" 200 590 "-" "QQ/6.6.9.412 CFNetwork/811.4.18 Darwin/16.5.0" 
101.226.125.103 - - [04/Mar/2017:07:00:57 -0800] "GET /bootstrap/img/favicon.ico HTTP/1.1" 200 590 "-" "Mozilla/5.0 (Windows NT 6.1; WOW64) AppleWebKit/537.36 (KHTML, like Gecko) Chrome/45.0.2454.101 Safari/537.36" 
101.226.125.111 - - [04/Mar/2017:07:00:57 -0800] "GET /?from=groupmessage&isappinstalled=0 HTTP/1.1" 200 10566 "-" "Mozilla/5.0 (Windows NT 6.1; WOW64) AppleWebKit/537.36 (KHTML, like Gecko) Chrome/53.0.2785.104 Safari/537.36 Core/1.53.2141.400 QQBrowser/9.5.10219.400" 
211.142.221.139 - - [04/Mar/2017:07:01:09 -0800] "GET /?from=groupmessage&isappinstalled=0 HTTP/1.1" 200 10566 "-" "Mozilla/5.0 (Windows NT 10.0; Win64; x64) AppleWebKit/537.36 (KHTML, like Gecko) Chrome/51.0.2704.79 Safari/537.36 Edge/14.14393" 
211.142.221.139 - - [04/Mar/2017:07:01:09 -0800] "GET /twitter-icon.png HTTP/1.1" 200 27788 "http://www.secrepo.com/?from=groupmessage&isappinstalled=0" "Mozilla/5.0 (Windows NT 10.0; Win64; x64) AppleWebKit/537.36 (KHTML, like Gecko) Chrome/51.0.2704.79 Safari/537.36 Edge/14.14393" 
211.142.221.139 - - [04/Mar/2017:07:01:10 -0800] "GET /GitHub-Mark.png HTTP/1.1" 200 7428 "http://www.secrepo.com/?from=groupmessage&isappinstalled=0" "Mozilla/5.0 (Windows NT 10.0; Win64; x64) AppleWebKit/537.36 (KHTML, like Gecko) Chrome/51.0.2704.79 Safari/537.36 Edge/14.14393" 
211.142.221.139 - - [04/Mar/2017:07:01:45 -0800] "GET /bootstrap/img/favicon.ico HTTP/1.1" 200 590 "-" "Mozilla/5.0 (Windows NT 10.0; Win64; x64) AppleWebKit/537.36 (KHTML, like Gecko) Chrome/51.0.2704.79 Safari/537.36 Edge/14.14393" 
163.172.66.160 - - [04/Mar/2017:07:14:19 -0800] "GET /self.logs/error.log.2016-11-09.gz HTTP/1.1" 200 651 "-" "Mozilla/5.0 (compatible; AhrefsBot/5.2; +http://ahrefs.com/robot/)" 
68.180.228.156 - - [04/Mar/2017:07:19:56 -0800] "GET /self.logs/access.log.2015-02-17.gz HTTP/1.1" 200 11219 "-" "Mozilla/5.0 (compatible; Yahoo! Slurp; http://help.yahoo.com/help/us/ysearch/slurp)" 
163.172.65.197 - - [04/Mar/2017:07:20:22 -0800] "GET /self.logs/error.log.2015-04-17.gz HTTP/1.1" 200 897 "-" "Mozilla/5.0 (compatible; AhrefsBot/5.2; +http://ahrefs.com/robot/)" 
163.172.66.81 - - [04/Mar/2017:07:24:40 -0800] "GET /self.logs/error.log.2015-02-15.gz HTTP/1.1" 200 5753 "-" "Mozilla/5.0 (compatible; AhrefsBot/5.2; +http://ahrefs.com/robot/)" 
66.213.126.179 - - [04/Mar/2017:07:24:56 -0800] "GET / HTTP/1.1" 200 10566 "https://www.google.com/" "Mozilla/5.0 (Macintosh; Intel Mac OS X 10_12_3) AppleWebKit/602.4.8 (KHTML, like Gecko) Version/10.0.3 Safari/602.4.8" 
66.213.126.179 - - [04/Mar/2017:07:24:56 -0800] "GET /twitter-icon.png HTTP/1.1" 200 27787 "http://www.secrepo.com/" "Mozilla/5.0 (Macintosh; Intel Mac OS X 10_12_3) AppleWebKit/602.4.8 (KHTML, like Gecko) Version/10.0.3 Safari/602.4.8" 
66.213.126.179 - - [04/Mar/2017:07:24:56 -0800] "GET /GitHub-Mark.png HTTP/1.1" 200 7428 "http://www.secrepo.com/" "Mozilla/5.0 (Macintosh; Intel Mac OS X 10_12_3) AppleWebKit/602.4.8 (KHTML, like Gecko) Version/10.0.3 Safari/602.4.8" 
66.213.126.179 - - [04/Mar/2017:07:24:57 -0800] "GET /bootstrap/img/favicon.ico HTTP/1.1" 200 590 "http://www.secrepo.com/" "Mozilla/5.0 (Macintosh; Intel Mac OS X 10_12_3) AppleWebKit/602.4.8 (KHTML, like Gecko) Version/10.0.3 Safari/602.4.8" 
68.180.228.156 - - [04/Mar/2017:07:25:43 -0800] "GET /self.logs/error.log.2016-09-03.gz HTTP/1.1" 200 633 "-" "Mozilla/5.0 (compatible; Yahoo! Slurp; http://help.yahoo.com/help/us/ysearch/slurp)" 
211.142.221.139 - - [04/Mar/2017:07:29:00 -0800] "GET /bootstrap/img/favicon.ico HTTP/1.1" 200 590 "-" "Mozilla/4.0 (compatible; MSIE 6.0; Windows NT 5.1)" 
101.226.33.240 - - [04/Mar/2017:07:29:09 -0800] "GET /bootstrap/img/favicon.ico HTTP/1.1" 200 590 "-" "Mozilla/5.0 (Windows NT 6.1; WOW64) AppleWebKit/537.36 (KHTML, like Gecko) Chrome/56.0.2924.87 Safari/537.36" 
208.80.194.125 - - [04/Mar/2017:07:29:22 -0800] "GET / HTTP/1.0" 200 35378 "-" "Mozilla/5.0 (Windows; U; Windows NT 6.1; en-US; rv:1.9.2.18) Gecko/20110614 Firefox/3.6.18" 
194.199.3.13 - - [04/Mar/2017:07:30:56 -0800] "GET / HTTP/1.1" 200 10566 "-" "Mozilla/5.0 (Macintosh; Intel Mac OS X 10_9_5) AppleWebKit/601.4.4 (KHTML, like Gecko) Version/9.0.3 Safari/537.86.4" 
194.199.3.13 - - [04/Mar/2017:07:30:59 -0800] "GET /twitter-icon.png HTTP/1.1" 200 27788 "http://www.secrepo.com/" "Mozilla/5.0 (Macintosh; Intel Mac OS X 10_9_5) AppleWebKit/601.4.4 (KHTML, like Gecko) Version/9.0.3 Safari/537.86.4" 
194.199.3.13 - - [04/Mar/2017:07:30:59 -0800] "GET /GitHub-Mark.png HTTP/1.1" 200 7428 "http://www.secrepo.com/" "Mozilla/5.0 (Macintosh; Intel Mac OS X 10_9_5) AppleWebKit/601.4.4 (KHTML, like Gecko) Version/9.0.3 Safari/537.86.4" 
194.199.3.13 - - [04/Mar/2017:07:31:01 -0800] "GET /self.logs/ HTTP/1.1" 200 15943 "http://www.secrepo.com/" "Mozilla/5.0 (Macintosh; Intel Mac OS X 10_9_5) AppleWebKit/601.4.4 (KHTML, like Gecko) Version/9.0.3 Safari/537.86.4" 
183.171.30.98 - - [04/Mar/2017:07:41:24 -0800] "GET /GitHub-Mark.png HTTP/1.1" 200 7428 "http://www.secrepo.com/" "Mozilla/5.0 (iPhone; CPU iPhone OS 9_3_4 like Mac OS X) AppleWebKit/601.1.46 (KHTML, like Gecko) Version/9.0 Mobile/13G35 Safari/601.1" 
183.171.30.98 - - [04/Mar/2017:07:41:24 -0800] "GET /twitter-icon.png HTTP/1.1" 200 27788 "http://www.secrepo.com/" "Mozilla/5.0 (iPhone; CPU iPhone OS 9_3_4 like Mac OS X) AppleWebKit/601.1.46 (KHTML, like Gecko) Version/9.0 Mobile/13G35 Safari/601.1" 
178.116.173.49 - - [04/Mar/2017:07:46:59 -0800] "GET / HTTP/1.1" 200 10566 "http://vizsec.org/data/" "Mozilla/5.0 (Windows NT 10.0; Win64; x64) AppleWebKit/537.36 (KHTML, like Gecko) Chrome/56.0.2924.87 Safari/537.36" 
178.116.173.49 - - [04/Mar/2017:07:46:59 -0800] "GET /twitter-icon.png HTTP/1.1" 200 27787 "http://www.secrepo.com/" "Mozilla/5.0 (Windows NT 10.0; Win64; x64) AppleWebKit/537.36 (KHTML, like Gecko) Chrome/56.0.2924.87 Safari/537.36" 
178.116.173.49 - - [04/Mar/2017:07:46:59 -0800] "GET /GitHub-Mark.png HTTP/1.1" 200 7428 "http://www.secrepo.com/" "Mozilla/5.0 (Windows NT 10.0; Win64; x64) AppleWebKit/537.36 (KHTML, like Gecko) Chrome/56.0.2924.87 Safari/537.36" 
178.116.173.49 - - [04/Mar/2017:07:47:20 -0800] "GET /self.logs/ HTTP/1.1" 200 15943 "http://www.secrepo.com/" "Mozilla/5.0 (Windows NT 10.0; Win64; x64) AppleWebKit/537.36 (KHTML, like Gecko) Chrome/56.0.2924.87 Safari/537.36" 
178.116.173.49 - - [04/Mar/2017:07:47:21 -0800] "GET /favicon.ico HTTP/1.1" 200 267 "http://www.secrepo.com/self.logs/" "Mozilla/5.0 (Windows NT 10.0; Win64; x64) AppleWebKit/537.36 (KHTML, like Gecko) Chrome/56.0.2924.87 Safari/537.36" 
178.116.173.49 - - [04/Mar/2017:07:47:22 -0800] "GET /self.logs/access.log.2015-01-25.gz HTTP/1.1" 200 3060 "http://www.secrepo.com/self.logs/" "Mozilla/5.0 (Windows NT 10.0; Win64; x64) AppleWebKit/537.36 (KHTML, like Gecko) Chrome/56.0.2924.87 Safari/537.36" 
178.116.173.49 - - [04/Mar/2017:07:48:10 -0800] "GET /self.logs/access.log.2015-10-18.gz HTTP/1.1" 200 4413 "http://www.secrepo.com/self.logs/" "Mozilla/5.0 (Windows NT 10.0; Win64; x64) AppleWebKit/537.36 (KHTML, like Gecko) Chrome/56.0.2924.87 Safari/537.36" 
178.116.173.49 - - [04/Mar/2017:07:49:21 -0800] "GET /squid/access.log.gz HTTP/1.1" 200 23177322 "-" "Mozilla/5.0 (Windows NT 10.0; Win64; x64) AppleWebKit/537.36 (KHTML, like Gecko) Chrome/56.0.2924.87 Safari/537.36" 
191.114.117.58 - - [04/Mar/2017:07:52:01 -0800] "GET /wp-login.php HTTP/1.1" 404 295 "-" "Mozilla/5.0 (Windows NT 6.1; WOW64; rv:40.0) Gecko/20100101 Firefox/40.1" 
191.114.117.58 - - [04/Mar/2017:07:52:07 -0800] "GET /wp-login.php HTTP/1.1" 404 295 "-" "Mozilla/5.0 (Windows NT 6.1; WOW64; rv:40.0) Gecko/20100101 Firefox/40.1" 
191.114.117.58 - - [04/Mar/2017:07:52:12 -0800] "GET / HTTP/1.1" 200 35389 "-" "Mozilla/5.0 (Windows NT 6.1; WOW64; rv:40.0) Gecko/20100101 Firefox/40.1" 
191.114.117.58 - - [04/Mar/2017:07:54:22 -0800] "GET /wp-login.php HTTP/1.1" 301 522 "-" "Mozilla/5.0 (Windows NT 6.1; WOW64; rv:40.0) Gecko/20100101 Firefox/40.1" 
191.114.117.58 - - [04/Mar/2017:07:54:23 -0800] "GET /wp-login.php HTTP/1.1" 404 295 "-" "Mozilla/5.0 (Windows NT 6.1; WOW64; rv:40.0) Gecko/20100101 Firefox/40.1" 
191.114.117.58 - - [04/Mar/2017:07:54:28 -0800] "GET /wp-login.php HTTP/1.1" 301 522 "-" "Mozilla/5.0 (Windows NT 6.1; WOW64; rv:40.0) Gecko/20100101 Firefox/40.1" 
191.114.117.58 - - [04/Mar/2017:07:54:29 -0800] "GET /wp-login.php HTTP/1.1" 404 295 "-" "Mozilla/5.0 (Windows NT 6.1; WOW64; rv:40.0) Gecko/20100101 Firefox/40.1" 
191.114.117.58 - - [04/Mar/2017:07:54:34 -0800] "GET / HTTP/1.1" 301 498 "-" "Mozilla/5.0 (Windows NT 6.1; WOW64; rv:40.0) Gecko/20100101 Firefox/40.1" 
191.114.117.58 - - [04/Mar/2017:07:54:34 -0800] "GET / HTTP/1.1" 200 35389 "-" "Mozilla/5.0 (Windows NT 6.1; WOW64; rv:40.0) Gecko/20100101 Firefox/40.1" 
176.228.199.223 - - [04/Mar/2017:08:04:18 -0800] "GET / HTTP/1.1" 200 10566 "https://www.google.co.il/" "Mozilla/5.0 (Windows NT 10.0; Win64; x64) AppleWebKit/537.36 (KHTML, like Gecko) Chrome/56.0.2924.87 Safari/537.36" 
176.228.199.223 - - [04/Mar/2017:08:04:52 -0800] "GET /GitHub-Mark.png HTTP/1.1" 200 7428 "http://www.secrepo.com/" "Mozilla/5.0 (Windows NT 10.0; Win64; x64) AppleWebKit/537.36 (KHTML, like Gecko) Chrome/56.0.2924.87 Safari/537.36" 
176.228.199.223 - - [04/Mar/2017:08:04:52 -0800] "GET /twitter-icon.png HTTP/1.1" 200 27788 "http://www.secrepo.com/" "Mozilla/5.0 (Windows NT 10.0; Win64; x64) AppleWebKit/537.36 (KHTML, like Gecko) Chrome/56.0.2924.87 Safari/537.36" 
176.228.199.223 - - [04/Mar/2017:08:05:02 -0800] "GET /bootstrap/img/favicon.ico HTTP/1.1" 200 590 "http://www.secrepo.com/" "Mozilla/5.0 (Windows NT 10.0; Win64; x64) AppleWebKit/537.36 (KHTML, like Gecko) Chrome/56.0.2924.87 Safari/537.36" 
47.150.129.197 - - [04/Mar/2017:08:09:07 -0800] "GET /robots.txt HTTP/1.1" 200 297 "-" "Mozilla/5.0 (Windows NT 6.3; WOW64; rv:45.0) Gecko/20100101 Firefox/45.0" 
163.172.66.96 - - [04/Mar/2017:08:16:48 -0800] "GET /self.logs/access.log.2017-02-22.gz HTTP/1.1" 200 24298 "-" "Mozilla/5.0 (compatible; AhrefsBot/5.2; +http://ahrefs.com/robot/)" 
46.214.157.77 - - [04/Mar/2017:08:20:52 -0800] "GET /wp-login.php HTTP/1.1" 404 295 "-" "Mozilla/5.0 (Windows NT 6.1; WOW64; rv:40.0) Gecko/20100101 Firefox/40.1" 
46.214.157.77 - - [04/Mar/2017:08:20:57 -0800] "GET /wp-login.php HTTP/1.1" 404 295 "-" "Mozilla/5.0 (Windows NT 6.1; WOW64; rv:40.0) Gecko/20100101 Firefox/40.1" 
46.214.157.77 - - [04/Mar/2017:08:21:02 -0800] "GET / HTTP/1.1" 200 35389 "-" "Mozilla/5.0 (Windows NT 6.1; WOW64; rv:40.0) Gecko/20100101 Firefox/40.1" 
51.255.65.40 - - [04/Mar/2017:08:28:29 -0800] "GET /self.logs/access.log.2016-10-14.gz HTTP/1.1" 200 7134 "-" "Mozilla/5.0 (compatible; AhrefsBot/5.2; +http://ahrefs.com/robot/)" 
68.180.228.156 - - [04/Mar/2017:08:29:02 -0800] "GET /self.logs/access.log.2016-05-19.gz HTTP/1.1" 200 10147 "-" "Mozilla/5.0 (compatible; Yahoo! Slurp; http://help.yahoo.com/help/us/ysearch/slurp)" 
66.249.66.209 - - [04/Mar/2017:08:30:43 -0800] "GET / HTTP/1.1" 301 483 "-" "Mozilla/5.0 (compatible; Googlebot/2.1; +http://www.google.com/bot.html)" 
66.249.66.103 - - [04/Mar/2017:08:30:44 -0800] "GET / HTTP/1.1" 200 10566 "-" "Mozilla/5.0 (compatible; Googlebot/2.1; +http://www.google.com/bot.html)" 
68.180.228.156 - - [04/Mar/2017:08:35:08 -0800] "GET /self.logs/error.log.2016-03-10.gz HTTP/1.1" 200 804 "-" "Mozilla/5.0 (compatible; Yahoo! Slurp; http://help.yahoo.com/help/us/ysearch/slurp)" 
68.180.228.156 - - [04/Mar/2017:08:36:06 -0800] "GET /self.logs/access.log.2015-09-19.gz HTTP/1.1" 200 5472 "-" "Mozilla/5.0 (compatible; Yahoo! Slurp; http://help.yahoo.com/help/us/ysearch/slurp)" 
68.180.228.156 - - [04/Mar/2017:08:37:33 -0800] "GET /self.logs/access.log.2015-02-06.gz HTTP/1.1" 200 2823 "-" "Mozilla/5.0 (compatible; Yahoo! Slurp; http://help.yahoo.com/help/us/ysearch/slurp)" 
99.250.19.104 - - [04/Mar/2017:08:37:47 -0800] "GET / HTTP/1.1" 200 10566 "http://www.kdnuggets.com/2017/01/machine-learning-cyber-security.html" "Mozilla/5.0 (Windows NT 10.0; WOW64; rv:51.0) Gecko/20100101 Firefox/51.0" 
99.250.19.104 - - [04/Mar/2017:08:37:47 -0800] "GET /bootstrap/img/favicon.ico HTTP/1.1" 200 589 "-" "Mozilla/5.0 (Windows NT 10.0; WOW64; rv:51.0) Gecko/20100101 Firefox/51.0" 
99.250.19.104 - - [04/Mar/2017:08:37:47 -0800] "GET /twitter-icon.png HTTP/1.1" 200 27787 "http://www.secrepo.com/" "Mozilla/5.0 (Windows NT 10.0; WOW64; rv:51.0) Gecko/20100101 Firefox/51.0" 
99.250.19.104 - - [04/Mar/2017:08:37:47 -0800] "GET /GitHub-Mark.png HTTP/1.1" 200 7428 "http://www.secrepo.com/" "Mozilla/5.0 (Windows NT 10.0; WOW64; rv:51.0) Gecko/20100101 Firefox/51.0" 
132.147.84.242 - - [04/Mar/2017:08:38:13 -0800] "GET / HTTP/1.1" 200 10566 "https://www.google.com.sg/" "Mozilla/5.0 (Windows NT 10.0; Win64; x64) AppleWebKit/537.36 (KHTML, like Gecko) Chrome/56.0.2924.87 Safari/537.36" 
132.147.84.242 - - [04/Mar/2017:08:38:14 -0800] "GET /twitter-icon.png HTTP/1.1" 200 27787 "http://www.secrepo.com/" "Mozilla/5.0 (Windows NT 10.0; Win64; x64) AppleWebKit/537.36 (KHTML, like Gecko) Chrome/56.0.2924.87 Safari/537.36" 
132.147.84.242 - - [04/Mar/2017:08:38:14 -0800] "GET /GitHub-Mark.png HTTP/1.1" 200 7428 "http://www.secrepo.com/" "Mozilla/5.0 (Windows NT 10.0; Win64; x64) AppleWebKit/537.36 (KHTML, like Gecko) Chrome/56.0.2924.87 Safari/537.36" 
77.88.47.100 - - [04/Mar/2017:08:38:31 -0800] "GET /bootstrap/img/favicon.ico HTTP/1.1" 200 590 "-" "Mozilla/5.0 (compatible; YandexBot/3.0; +http://yandex.com/bots)" 
66.249.66.103 - - [04/Mar/2017:08:38:33 -0800] "GET / HTTP/1.1" 200 10566 "-" "Mozilla/5.0 (Linux; Android 6.0.1; Nexus 5X Build/MMB29P) AppleWebKit/537.36 (KHTML, like Gecko) Chrome/41.0.2272.96 Mobile Safari/537.36 (compatible; Googlebot/2.1; +http://www.google.com/bot.html)" 
132.147.84.242 - - [04/Mar/2017:08:39:57 -0800] "GET /squid/access.log.gz HTTP/1.1" 200 23177322 "-" "Mozilla/5.0 (Windows NT 10.0; Win64; x64) AppleWebKit/537.36 (KHTML, like Gecko) Chrome/56.0.2924.87 Safari/537.36" 
194.199.3.13 - - [04/Mar/2017:08:42:01 -0800] "GET / HTTP/1.1" 200 10566 "-" "Mozilla/5.0 (Macintosh; Intel Mac OS X 10_9_5) AppleWebKit/601.4.4 (KHTML, like Gecko) Version/9.0.3 Safari/537.86.4" 
194.199.3.13 - - [04/Mar/2017:08:42:01 -0800] "GET / HTTP/1.1" 200 10566 "-" "Mozilla/5.0 (Macintosh; Intel Mac OS X 10_9_5) AppleWebKit/601.4.4 (KHTML, like Gecko) Version/9.0.3 Safari/537.86.4" 
194.199.3.13 - - [04/Mar/2017:08:42:01 -0800] "GET /GitHub-Mark.png HTTP/1.1" 200 7427 "http://www.secrepo.com/" "Mozilla/5.0 (Macintosh; Intel Mac OS X 10_9_5) AppleWebKit/601.4.4 (KHTML, like Gecko) Version/9.0.3 Safari/537.86.4" 
148.62.14.178 - - [04/Mar/2017:08:42:19 -0800] "GET /robots.txt HTTP/1.1" 301 446 "-" "Tornado-Async-Client" 
148.62.14.178 - - [04/Mar/2017:08:42:20 -0800] "GET /robots.txt HTTP/1.1" 304 130 "-" "Tornado-Async-Client" 
148.62.14.178 - - [04/Mar/2017:08:42:20 -0800] "GET /honeypot/BSidesDFW%20-%202014.ipynb HTTP/1.1" 301 484 "-" "Tornado-Async-Client" 
148.62.14.178 - - [04/Mar/2017:08:42:20 -0800] "GET /honeypot/BSidesDFW%20-%202014.ipynb HTTP/1.1" 200 930780 "-" "Tornado-Async-Client" 
194.199.3.13 - - [04/Mar/2017:08:43:00 -0800] "GET /self.logs/ HTTP/1.1" 200 15943 "http://www.secrepo.com/" "Mozilla/5.0 (Macintosh; Intel Mac OS X 10_9_5) AppleWebKit/601.4.4 (KHTML, like Gecko) Version/9.0.3 Safari/537.86.4" 
68.180.228.156 - - [04/Mar/2017:08:44:26 -0800] "GET /self.logs/error.log.2015-10-17.gz HTTP/1.1" 200 775 "-" "Mozilla/5.0 (compatible; Yahoo! Slurp; http://help.yahoo.com/help/us/ysearch/slurp)" 
77.103.193.220 - - [04/Mar/2017:08:45:29 -0800] "GET / HTTP/1.1" 200 10566 "https://www.google.co.uk/" "Mozilla/5.0 (Windows NT 6.1; WOW64) AppleWebKit/537.36 (KHTML, like Gecko) Chrome/56.0.2924.87 Safari/537.36" 
77.103.193.220 - - [04/Mar/2017:08:45:29 -0800] "GET /twitter-icon.png HTTP/1.1" 200 27787 "http://www.secrepo.com/" "Mozilla/5.0 (Windows NT 6.1; WOW64) AppleWebKit/537.36 (KHTML, like Gecko) Chrome/56.0.2924.87 Safari/537.36" 
77.103.193.220 - - [04/Mar/2017:08:45:29 -0800] "GET /GitHub-Mark.png HTTP/1.1" 200 7428 "http://www.secrepo.com/" "Mozilla/5.0 (Windows NT 6.1; WOW64) AppleWebKit/537.36 (KHTML, like Gecko) Chrome/56.0.2924.87 Safari/537.36" 
77.103.193.220 - - [04/Mar/2017:08:45:30 -0800] "GET /bootstrap/img/favicon.ico HTTP/1.1" 200 589 "http://www.secrepo.com/" "Mozilla/5.0 (Windows NT 6.1; WOW64) AppleWebKit/537.36 (KHTML, like Gecko) Chrome/56.0.2924.87 Safari/537.36" 
194.199.3.13 - - [04/Mar/2017:08:46:24 -0800] "GET /self.logs/access.log.2016-11-00.gz HTTP/1.1" 404 295 "-" "Wget/1.16.3 (darwin13.4.0)" 
194.199.3.13 - - [04/Mar/2017:08:46:25 -0800] "GET /self.logs/access.log.2016-11-01.gz HTTP/1.1" 200 29296 "-" "Wget/1.16.3 (darwin13.4.0)" 
194.199.3.13 - - [04/Mar/2017:08:46:25 -0800] "GET /self.logs/access.log.2016-11-02.gz HTTP/1.1" 200 9750 "-" "Wget/1.16.3 (darwin13.4.0)" 
194.199.3.13 - - [04/Mar/2017:08:46:25 -0800] "GET /self.logs/access.log.2016-11-03.gz HTTP/1.1" 200 15900 "-" "Wget/1.16.3 (darwin13.4.0)" 
194.199.3.13 - - [04/Mar/2017:08:46:26 -0800] "GET /self.logs/access.log.2016-11-04.gz HTTP/1.1" 200 9304 "-" "Wget/1.16.3 (darwin13.4.0)" 
194.199.3.13 - - [04/Mar/2017:08:46:26 -0800] "GET /self.logs/access.log.2016-11-05.gz HTTP/1.1" 200 5899 "-" "Wget/1.16.3 (darwin13.4.0)" 
194.199.3.13 - - [04/Mar/2017:08:46:26 -0800] "GET /self.logs/access.log.2016-11-06.gz HTTP/1.1" 200 8201 "-" "Wget/1.16.3 (darwin13.4.0)" 
194.199.3.13 - - [04/Mar/2017:08:46:26 -0800] "GET /self.logs/access.log.2016-11-07.gz HTTP/1.1" 200 11384 "-" "Wget/1.16.3 (darwin13.4.0)" 
194.199.3.13 - - [04/Mar/2017:08:46:27 -0800] "GET /self.logs/access.log.2016-11-08.gz HTTP/1.1" 200 8400 "-" "Wget/1.16.3 (darwin13.4.0)" 
194.199.3.13 - - [04/Mar/2017:08:46:27 -0800] "GET /self.logs/access.log.2016-11-09.gz HTTP/1.1" 200 13076 "-" "Wget/1.16.3 (darwin13.4.0)" 
194.199.3.13 - - [04/Mar/2017:08:46:49 -0800] "GET /self.logs/access.log.2016-11-010.gz HTTP/1.1" 404 295 "-" "Wget/1.16.3 (darwin13.4.0)" 
194.199.3.13 - - [04/Mar/2017:08:46:49 -0800] "GET /self.logs/access.log.2016-11-011.gz HTTP/1.1" 404 295 "-" "Wget/1.16.3 (darwin13.4.0)" 
194.199.3.13 - - [04/Mar/2017:08:46:50 -0800] "GET /self.logs/access.log.2016-11-012.gz HTTP/1.1" 404 295 "-" "Wget/1.16.3 (darwin13.4.0)" 
194.199.3.13 - - [04/Mar/2017:08:46:50 -0800] "GET /self.logs/access.log.2016-11-013.gz HTTP/1.1" 404 295 "-" "Wget/1.16.3 (darwin13.4.0)" 
194.199.3.13 - - [04/Mar/2017:08:46:50 -0800] "GET /self.logs/access.log.2016-11-014.gz HTTP/1.1" 404 295 "-" "Wget/1.16.3 (darwin13.4.0)" 
194.199.3.13 - - [04/Mar/2017:08:46:50 -0800] "GET /self.logs/access.log.2016-11-015.gz HTTP/1.1" 404 295 "-" "Wget/1.16.3 (darwin13.4.0)" 
