218.58.59.66 - - [14/Apr/2017:19:36:39 -0700] "HEAD /self.logs/access.log.2015-05-13.gz HTTP/1.1" 200 239 "-" "Mozilla/4.0 (compatible; MSIE 6.0; Windows NT 5.1; SV1; .NET CLR 1.1.4322)" 
218.58.59.66 - - [14/Apr/2017:19:36:39 -0700] "HEAD /self.logs/access.log.2015-05-12.gz HTTP/1.1" 200 238 "-" "Mozilla/4.0 (compatible; MSIE 6.0; Windows NT 5.1; SV1; .NET CLR 1.1.4322)" 
218.58.59.66 - - [14/Apr/2017:19:36:39 -0700] "HEAD /self.logs/access.log.2016-08-09.gz HTTP/1.1" 200 239 "-" "Mozilla/4.0 (compatible; MSIE 6.0; Windows NT 5.1; SV1; .NET CLR 1.1.4322)" 
218.58.59.66 - - [14/Apr/2017:19:36:40 -0700] "HEAD /self.logs/access.log.2015-05-10.gz HTTP/1.1" 200 238 "-" "Mozilla/4.0 (compatible; MSIE 6.0; Windows NT 5.1; SV1; .NET CLR 1.1.4322)" 
218.58.59.66 - - [14/Apr/2017:19:36:40 -0700] "HEAD /self.logs/access.log.2015-05-11.gz HTTP/1.1" 200 239 "-" "Mozilla/4.0 (compatible; MSIE 6.0; Windows NT 5.1; SV1; .NET CLR 1.1.4322)" 
218.58.59.66 - - [14/Apr/2017:19:36:40 -0700] "HEAD /self.logs/access.log.2015-05-06.gz HTTP/1.1" 200 239 "-" "Mozilla/4.0 (compatible; MSIE 6.0; Windows NT 5.1; SV1; .NET CLR 1.1.4322)" 
219.218.130.172 - - [14/Apr/2017:19:36:40 -0700] "GET /self.logs/access.log.2017-03-31.gz HTTP/1.0" 200 37603 "-" "Python-urllib/1.17" 
218.58.59.66 - - [14/Apr/2017:19:36:40 -0700] "HEAD /self.logs/access.log.2015-04-30.gz HTTP/1.1" 200 239 "-" "Mozilla/4.0 (compatible; MSIE 6.0; Windows NT 5.1; SV1; .NET CLR 1.1.4322)" 
218.58.59.66 - - [14/Apr/2017:19:36:40 -0700] "HEAD /self.logs/access.log.2016-08-11.gz HTTP/1.1" 200 240 "-" "Mozilla/4.0 (compatible; MSIE 6.0; Windows NT 5.1; SV1; .NET CLR 1.1.4322)" 
218.58.59.66 - - [14/Apr/2017:19:36:40 -0700] "HEAD /self.logs/access.log.2015-05-02.gz HTTP/1.1" 200 238 "-" "Mozilla/4.0 (compatible; MSIE 6.0; Windows NT 5.1; SV1; .NET CLR 1.1.4322)" 
218.58.59.66 - - [14/Apr/2017:19:36:40 -0700] "HEAD /self.logs/access.log.2015-05-03.gz HTTP/1.1" 200 238 "-" "Mozilla/4.0 (compatible; MSIE 6.0; Windows NT 5.1; SV1; .NET CLR 1.1.4322)" 
218.58.59.66 - - [14/Apr/2017:19:36:40 -0700] "HEAD /self.logs/access.log.2015-05-04.gz HTTP/1.1" 200 238 "-" "Mozilla/4.0 (compatible; MSIE 6.0; Windows NT 5.1; SV1; .NET CLR 1.1.4322)" 
218.58.59.66 - - [14/Apr/2017:19:36:40 -0700] "HEAD /self.logs/access.log.2015-04-18.gz HTTP/1.1" 200 239 "-" "Mozilla/4.0 (compatible; MSIE 6.0; Windows NT 5.1; SV1; .NET CLR 1.1.4322)" 
218.58.59.66 - - [14/Apr/2017:19:36:40 -0700] "HEAD /self.logs/access.log.2015-04-22.gz HTTP/1.1" 200 240 "-" "Mozilla/4.0 (compatible; MSIE 6.0; Windows NT 5.1; SV1; .NET CLR 1.1.4322)" 
218.58.59.66 - - [14/Apr/2017:19:36:40 -0700] "HEAD /self.logs/access.log.2015-04-15.gz HTTP/1.1" 200 240 "-" "Mozilla/4.0 (compatible; MSIE 6.0; Windows NT 5.1; SV1; .NET CLR 1.1.4322)" 
218.58.59.66 - - [14/Apr/2017:19:36:40 -0700] "HEAD /self.logs/access.log.2015-04-19.gz HTTP/1.1" 200 239 "-" "Mozilla/4.0 (compatible; MSIE 6.0; Windows NT 5.1; SV1; .NET CLR 1.1.4322)" 
218.58.59.66 - - [14/Apr/2017:19:36:41 -0700] "HEAD /self.logs/access.log.2015-04-20.gz HTTP/1.1" 200 238 "-" "Mozilla/4.0 (compatible; MSIE 6.0; Windows NT 5.1; SV1; .NET CLR 1.1.4322)" 
218.58.59.66 - - [14/Apr/2017:19:36:41 -0700] "HEAD /self.logs/access.log.2015-05-01.gz HTTP/1.1" 200 239 "-" "Mozilla/4.0 (compatible; MSIE 6.0; Windows NT 5.1; SV1; .NET CLR 1.1.4322)" 
218.58.59.66 - - [14/Apr/2017:19:36:41 -0700] "HEAD /self.logs/access.log.2015-04-28.gz HTTP/1.1" 200 239 "-" "Mozilla/4.0 (compatible; MSIE 6.0; Windows NT 5.1; SV1; .NET CLR 1.1.4322)" 
218.58.59.66 - - [14/Apr/2017:19:36:41 -0700] "HEAD /self.logs/access.log.2015-04-21.gz HTTP/1.1" 200 239 "-" "Mozilla/4.0 (compatible; MSIE 6.0; Windows NT 5.1; SV1; .NET CLR 1.1.4322)" 
218.58.59.66 - - [14/Apr/2017:19:36:41 -0700] "HEAD /self.logs/access.log.2015-04-13.gz HTTP/1.1" 200 238 "-" "Mozilla/4.0 (compatible; MSIE 6.0; Windows NT 5.1; SV1; .NET CLR 1.1.4322)" 
218.58.59.66 - - [14/Apr/2017:19:36:41 -0700] "HEAD /self.logs/access.log.2015-04-05.gz HTTP/1.1" 200 238 "-" "Mozilla/4.0 (compatible; MSIE 6.0; Windows NT 5.1; SV1; .NET CLR 1.1.4322)" 
218.58.59.66 - - [14/Apr/2017:19:36:41 -0700] "HEAD /self.logs/access.log.2016-08-15.gz HTTP/1.1" 200 239 "-" "Mozilla/4.0 (compatible; MSIE 6.0; Windows NT 5.1; SV1; .NET CLR 1.1.4322)" 
218.58.59.66 - - [14/Apr/2017:19:36:41 -0700] "HEAD /self.logs/access.log.2016-08-14.gz HTTP/1.1" 200 240 "-" "Mozilla/4.0 (compatible; MSIE 6.0; Windows NT 5.1; SV1; .NET CLR 1.1.4322)" 
219.218.130.172 - - [14/Apr/2017:19:36:41 -0700] "GET /self.logs/access.log.2017-04-01.gz HTTP/1.0" 200 11957 "-" "Python-urllib/1.17" 
218.58.59.66 - - [14/Apr/2017:19:36:41 -0700] "HEAD /self.logs/access.log.2015-04-12.gz HTTP/1.1" 200 238 "-" "Mozilla/4.0 (compatible; MSIE 6.0; Windows NT 5.1; SV1; .NET CLR 1.1.4322)" 
218.58.59.66 - - [14/Apr/2017:19:36:41 -0700] "HEAD /self.logs/access.log.2015-04-11.gz HTTP/1.1" 200 239 "-" "Mozilla/4.0 (compatible; MSIE 6.0; Windows NT 5.1; SV1; .NET CLR 1.1.4322)" 
218.58.59.66 - - [14/Apr/2017:19:36:41 -0700] "HEAD /self.logs/access.log.2015-04-09.gz HTTP/1.1" 200 238 "-" "Mozilla/4.0 (compatible; MSIE 6.0; Windows NT 5.1; SV1; .NET CLR 1.1.4322)" 
218.58.59.66 - - [14/Apr/2017:19:36:41 -0700] "HEAD /self.logs/access.log.2015-04-01.gz HTTP/1.1" 200 239 "-" "Mozilla/4.0 (compatible; MSIE 6.0; Windows NT 5.1; SV1; .NET CLR 1.1.4322)" 
218.58.59.66 - - [14/Apr/2017:19:36:41 -0700] "HEAD /self.logs/access.log.2015-03-22.gz HTTP/1.1" 200 238 "-" "Mozilla/4.0 (compatible; MSIE 6.0; Windows NT 5.1; SV1; .NET CLR 1.1.4322)" 
218.58.59.66 - - [14/Apr/2017:19:36:41 -0700] "HEAD /self.logs/access.log.2016-08-17.gz HTTP/1.1" 200 239 "-" "Mozilla/4.0 (compatible; MSIE 6.0; Windows NT 5.1; SV1; .NET CLR 1.1.4322)" 
218.58.59.66 - - [14/Apr/2017:19:36:41 -0700] "HEAD /self.logs/access.log.2015-03-21.gz HTTP/1.1" 200 238 "-" "Mozilla/4.0 (compatible; MSIE 6.0; Windows NT 5.1; SV1; .NET CLR 1.1.4322)" 
218.58.59.66 - - [14/Apr/2017:19:36:41 -0700] "HEAD /self.logs/access.log.2015-03-23.gz HTTP/1.1" 200 238 "-" "Mozilla/4.0 (compatible; MSIE 6.0; Windows NT 5.1; SV1; .NET CLR 1.1.4322)" 
218.58.59.66 - - [14/Apr/2017:19:36:41 -0700] "HEAD /self.logs/access.log.2015-03-28.gz HTTP/1.1" 200 238 "-" "Mozilla/4.0 (compatible; MSIE 6.0; Windows NT 5.1; SV1; .NET CLR 1.1.4322)" 
218.58.59.66 - - [14/Apr/2017:19:36:41 -0700] "HEAD /self.logs/access.log.2015-03-18.gz HTTP/1.1" 200 239 "-" "Mozilla/4.0 (compatible; MSIE 6.0; Windows NT 5.1; SV1; .NET CLR 1.1.4322)" 
219.218.130.172 - - [14/Apr/2017:19:36:41 -0700] "GET /self.logs/access.log.2017-04-02.gz HTTP/1.0" 200 22119 "-" "Python-urllib/1.17" 
218.58.59.66 - - [14/Apr/2017:19:36:41 -0700] "HEAD /self.logs/access.log.2015-03-11.gz HTTP/1.1" 200 238 "-" "Mozilla/4.0 (compatible; MSIE 6.0; Windows NT 5.1; SV1; .NET CLR 1.1.4322)" 
218.58.59.66 - - [14/Apr/2017:19:36:41 -0700] "HEAD /self.logs/access.log.2015-03-16.gz HTTP/1.1" 200 239 "-" "Mozilla/4.0 (compatible; MSIE 6.0; Windows NT 5.1; SV1; .NET CLR 1.1.4322)" 
218.58.59.66 - - [14/Apr/2017:19:36:42 -0700] "HEAD /self.logs/access.log.2015-03-15.gz HTTP/1.1" 200 239 "-" "Mozilla/4.0 (compatible; MSIE 6.0; Windows NT 5.1; SV1; .NET CLR 1.1.4322)" 
218.58.59.66 - - [14/Apr/2017:19:36:42 -0700] "HEAD /self.logs/access.log.2015-03-05.gz HTTP/1.1" 200 238 "-" "Mozilla/4.0 (compatible; MSIE 6.0; Windows NT 5.1; SV1; .NET CLR 1.1.4322)" 
218.58.59.66 - - [14/Apr/2017:19:36:42 -0700] "HEAD /self.logs/access.log.2015-03-13.gz HTTP/1.1" 200 239 "-" "Mozilla/4.0 (compatible; MSIE 6.0; Windows NT 5.1; SV1; .NET CLR 1.1.4322)" 
218.58.59.66 - - [14/Apr/2017:19:36:42 -0700] "HEAD /self.logs/access.log.2015-03-02.gz HTTP/1.1" 200 238 "-" "Mozilla/4.0 (compatible; MSIE 6.0; Windows NT 5.1; SV1; .NET CLR 1.1.4322)" 
218.58.59.66 - - [14/Apr/2017:19:36:42 -0700] "HEAD /self.logs/access.log.2015-03-17.gz HTTP/1.1" 200 239 "-" "Mozilla/4.0 (compatible; MSIE 6.0; Windows NT 5.1; SV1; .NET CLR 1.1.4322)" 
218.58.59.66 - - [14/Apr/2017:19:36:42 -0700] "HEAD /self.logs/access.log.2015-02-24.gz HTTP/1.1" 200 239 "-" "Mozilla/4.0 (compatible; MSIE 6.0; Windows NT 5.1; SV1; .NET CLR 1.1.4322)" 
218.58.59.66 - - [14/Apr/2017:19:36:42 -0700] "HEAD /self.logs/access.log.2015-02-23.gz HTTP/1.1" 200 240 "-" "Mozilla/4.0 (compatible; MSIE 6.0; Windows NT 5.1; SV1; .NET CLR 1.1.4322)" 
218.58.59.66 - - [14/Apr/2017:19:36:42 -0700] "HEAD /self.logs/access.log.2015-03-09.gz HTTP/1.1" 200 239 "-" "Mozilla/4.0 (compatible; MSIE 6.0; Windows NT 5.1; SV1; .NET CLR 1.1.4322)" 
218.58.59.66 - - [14/Apr/2017:19:36:42 -0700] "HEAD /self.logs/access.log.2015-03-01.gz HTTP/1.1" 200 238 "-" "Mozilla/4.0 (compatible; MSIE 6.0; Windows NT 5.1; SV1; .NET CLR 1.1.4322)" 
218.58.59.66 - - [14/Apr/2017:19:36:42 -0700] "HEAD /self.logs/access.log.2015-03-04.gz HTTP/1.1" 200 238 "-" "Mozilla/4.0 (compatible; MSIE 6.0; Windows NT 5.1; SV1; .NET CLR 1.1.4322)" 
219.218.130.172 - - [14/Apr/2017:19:36:42 -0700] "GET /self.logs/access.log.2017-04-03.gz HTTP/1.0" 200 33767 "-" "Python-urllib/1.17" 
218.58.59.66 - - [14/Apr/2017:19:36:43 -0700] "HEAD /self.logs/access.log.2015-03-03.gz HTTP/1.1" 200 238 "-" "Mozilla/4.0 (compatible; MSIE 6.0; Windows NT 5.1; SV1; .NET CLR 1.1.4322)" 
218.58.59.66 - - [14/Apr/2017:19:36:43 -0700] "HEAD /self.logs/access.log.2015-02-26.gz HTTP/1.1" 200 238 "-" "Mozilla/4.0 (compatible; MSIE 6.0; Windows NT 5.1; SV1; .NET CLR 1.1.4322)" 
218.58.59.66 - - [14/Apr/2017:19:36:43 -0700] "HEAD /self.logs/access.log.2015-03-06.gz HTTP/1.1" 200 238 "-" "Mozilla/4.0 (compatible; MSIE 6.0; Windows NT 5.1; SV1; .NET CLR 1.1.4322)" 
218.58.59.66 - - [14/Apr/2017:19:36:43 -0700] "HEAD /self.logs/access.log.2015-01-30.gz HTTP/1.1" 200 239 "-" "Mozilla/4.0 (compatible; MSIE 6.0; Windows NT 5.1; SV1; .NET CLR 1.1.4322)" 
218.58.59.66 - - [14/Apr/2017:19:36:43 -0700] "HEAD /self.logs/access.log.2015-02-13.gz HTTP/1.1" 200 240 "-" "Mozilla/4.0 (compatible; MSIE 6.0; Windows NT 5.1; SV1; .NET CLR 1.1.4322)" 
218.58.59.66 - - [14/Apr/2017:19:36:43 -0700] "HEAD /self.logs/access.log.2015-01-25.gz HTTP/1.1" 200 238 "-" "Mozilla/4.0 (compatible; MSIE 6.0; Windows NT 5.1; SV1; .NET CLR 1.1.4322)" 
218.58.59.66 - - [14/Apr/2017:19:36:43 -0700] "HEAD /self.logs/access.log.2015-02-03.gz HTTP/1.1" 200 239 "-" "Mozilla/4.0 (compatible; MSIE 6.0; Windows NT 5.1; SV1; .NET CLR 1.1.4322)" 
218.58.59.66 - - [14/Apr/2017:19:36:43 -0700] "HEAD /self.logs/access.log.2015-01-29.gz HTTP/1.1" 200 239 "-" "Mozilla/4.0 (compatible; MSIE 6.0; Windows NT 5.1; SV1; .NET CLR 1.1.4322)" 
218.58.59.66 - - [14/Apr/2017:19:36:43 -0700] "HEAD /self.logs/access.log.2015-02-01.gz HTTP/1.1" 200 238 "-" "Mozilla/4.0 (compatible; MSIE 6.0; Windows NT 5.1; SV1; .NET CLR 1.1.4322)" 
218.58.59.66 - - [14/Apr/2017:19:36:43 -0700] "HEAD /self.logs/access.log.2015-01-23.gz HTTP/1.1" 200 238 "-" "Mozilla/4.0 (compatible; MSIE 6.0; Windows NT 5.1; SV1; .NET CLR 1.1.4322)" 
218.58.59.66 - - [14/Apr/2017:19:36:43 -0700] "HEAD /self.logs/access.log.2015-02-06.gz HTTP/1.1" 200 238 "-" "Mozilla/4.0 (compatible; MSIE 6.0; Windows NT 5.1; SV1; .NET CLR 1.1.4322)" 
218.58.59.66 - - [14/Apr/2017:19:36:43 -0700] "HEAD /self.logs/access.log.2016-08-25.gz HTTP/1.1" 200 239 "-" "Mozilla/4.0 (compatible; MSIE 6.0; Windows NT 5.1; SV1; .NET CLR 1.1.4322)" 
218.58.59.66 - - [14/Apr/2017:19:36:43 -0700] "HEAD /self.logs/access.log.2015-01-18.gz HTTP/1.1" 200 238 "-" "Mozilla/4.0 (compatible; MSIE 6.0; Windows NT 5.1; SV1; .NET CLR 1.1.4322)" 
218.58.59.66 - - [14/Apr/2017:19:36:43 -0700] "HEAD /self.logs/access.log.2015-02-08.gz HTTP/1.1" 200 238 "-" "Mozilla/4.0 (compatible; MSIE 6.0; Windows NT 5.1; SV1; .NET CLR 1.1.4322)" 
218.58.59.66 - - [14/Apr/2017:19:36:43 -0700] "HEAD /self.logs/access.log.2016-08-24.gz HTTP/1.1" 200 239 "-" "Mozilla/4.0 (compatible; MSIE 6.0; Windows NT 5.1; SV1; .NET CLR 1.1.4322)" 
218.58.59.66 - - [14/Apr/2017:19:36:43 -0700] "HEAD /self.logs/access.log.2015-02-14.gz HTTP/1.1" 200 240 "-" "Mozilla/4.0 (compatible; MSIE 6.0; Windows NT 5.1; SV1; .NET CLR 1.1.4322)" 
218.58.59.66 - - [14/Apr/2017:19:36:43 -0700] "HEAD /self.logs/access.log.2015-02-28.gz HTTP/1.1" 200 238 "-" "Mozilla/4.0 (compatible; MSIE 6.0; Windows NT 5.1; SV1; .NET CLR 1.1.4322)" 
218.58.59.66 - - [14/Apr/2017:19:36:43 -0700] "HEAD /self.logs/access.log.2016-08-23.gz HTTP/1.1" 200 239 "-" "Mozilla/4.0 (compatible; MSIE 6.0; Windows NT 5.1; SV1; .NET CLR 1.1.4322)" 
219.218.130.172 - - [14/Apr/2017:19:36:43 -0700] "GET /self.logs/access.log.2017-04-04.gz HTTP/1.0" 200 40152 "-" "Python-urllib/1.17" 
218.58.59.66 - - [14/Apr/2017:19:36:43 -0700] "HEAD /self.logs/access.log.2015-01-26.gz HTTP/1.1" 200 238 "-" "Mozilla/4.0 (compatible; MSIE 6.0; Windows NT 5.1; SV1; .NET CLR 1.1.4322)" 
219.218.130.172 - - [14/Apr/2017:19:36:44 -0700] "GET /self.logs/access.log.2017-04-05.gz HTTP/1.0" 200 52222 "-" "Python-urllib/1.17" 
219.218.130.172 - - [14/Apr/2017:19:36:45 -0700] "GET /self.logs/access.log.2017-04-06.gz HTTP/1.0" 200 31560 "-" "Python-urllib/1.17" 
218.58.59.66 - - [14/Apr/2017:19:36:46 -0700] "HEAD /self.logs/access.log.2016-08-31.gz HTTP/1.1" 200 239 "-" "Mozilla/4.0 (compatible; MSIE 6.0; Windows NT 5.1; SV1; .NET CLR 1.1.4322)" 
218.58.59.66 - - [14/Apr/2017:19:36:46 -0700] "HEAD /self.logs/access.log.2016-09-11.gz HTTP/1.1" 200 240 "-" "Mozilla/4.0 (compatible; MSIE 6.0; Windows NT 5.1; SV1; .NET CLR 1.1.4322)" 
219.218.130.172 - - [14/Apr/2017:19:36:46 -0700] "GET /self.logs/access.log.2017-04-07.gz HTTP/1.0" 200 27791 "-" "Python-urllib/1.17" 
218.58.59.66 - - [14/Apr/2017:19:36:46 -0700] "HEAD /self.logs/access.log.2016-08-27.gz HTTP/1.1" 200 239 "-" "Mozilla/4.0 (compatible; MSIE 6.0; Windows NT 5.1; SV1; .NET CLR 1.1.4322)" 
218.58.59.66 - - [14/Apr/2017:19:36:46 -0700] "HEAD /self.logs/access.log.2016-09-10.gz HTTP/1.1" 200 239 "-" "Mozilla/4.0 (compatible; MSIE 6.0; Windows NT 5.1; SV1; .NET CLR 1.1.4322)" 
218.58.59.66 - - [14/Apr/2017:19:36:46 -0700] "HEAD /self.logs/access.log.2016-09-06.gz HTTP/1.1" 200 239 "-" "Mozilla/4.0 (compatible; MSIE 6.0; Windows NT 5.1; SV1; .NET CLR 1.1.4322)" 
218.58.59.66 - - [14/Apr/2017:19:36:46 -0700] "HEAD /self.logs/access.log.2016-09-14.gz HTTP/1.1" 200 239 "-" "Mozilla/4.0 (compatible; MSIE 6.0; Windows NT 5.1; SV1; .NET CLR 1.1.4322)" 
218.58.59.66 - - [14/Apr/2017:19:36:46 -0700] "HEAD /self.logs/access.log.2016-09-02.gz HTTP/1.1" 200 239 "-" "Mozilla/4.0 (compatible; MSIE 6.0; Windows NT 5.1; SV1; .NET CLR 1.1.4322)" 
218.58.59.66 - - [14/Apr/2017:19:36:46 -0700] "HEAD /self.logs/access.log.2016-08-30.gz HTTP/1.1" 200 239 "-" "Mozilla/4.0 (compatible; MSIE 6.0; Windows NT 5.1; SV1; .NET CLR 1.1.4322)" 
218.58.59.66 - - [14/Apr/2017:19:36:46 -0700] "HEAD /self.logs/access.log.2016-09-01.gz HTTP/1.1" 200 240 "-" "Mozilla/4.0 (compatible; MSIE 6.0; Windows NT 5.1; SV1; .NET CLR 1.1.4322)" 
218.58.59.66 - - [14/Apr/2017:19:36:46 -0700] "HEAD /self.logs/access.log.2016-09-07.gz HTTP/1.1" 200 240 "-" "Mozilla/4.0 (compatible; MSIE 6.0; Windows NT 5.1; SV1; .NET CLR 1.1.4322)" 
219.218.130.172 - - [14/Apr/2017:19:36:47 -0700] "GET /self.logs/access.log.2017-04-08.gz HTTP/1.0" 200 16157 "-" "Python-urllib/1.17" 
218.58.59.66 - - [14/Apr/2017:19:36:48 -0700] "HEAD /self.logs/access.log.2016-09-28.gz HTTP/1.1" 200 239 "-" "Mozilla/4.0 (compatible; MSIE 6.0; Windows NT 5.1; SV1; .NET CLR 1.1.4322)" 
218.58.59.66 - - [14/Apr/2017:19:36:48 -0700] "HEAD /self.logs/access.log.2016-09-18.gz HTTP/1.1" 200 240 "-" "Mozilla/4.0 (compatible; MSIE 6.0; Windows NT 5.1; SV1; .NET CLR 1.1.4322)" 
218.58.59.66 - - [14/Apr/2017:19:36:48 -0700] "HEAD /self.logs/access.log.2016-09-27.gz HTTP/1.1" 200 240 "-" "Mozilla/4.0 (compatible; MSIE 6.0; Windows NT 5.1; SV1; .NET CLR 1.1.4322)" 
218.58.59.66 - - [14/Apr/2017:19:36:48 -0700] "HEAD /self.logs/access.log.2016-09-17.gz HTTP/1.1" 200 239 "-" "Mozilla/4.0 (compatible; MSIE 6.0; Windows NT 5.1; SV1; .NET CLR 1.1.4322)" 
219.218.130.172 - - [14/Apr/2017:19:36:48 -0700] "GET /self.logs/access.log.2017-04-09.gz HTTP/1.0" 200 39263 "-" "Python-urllib/1.17" 
218.58.59.66 - - [14/Apr/2017:19:36:48 -0700] "HEAD /self.logs/access.log.2016-09-30.gz HTTP/1.1" 200 239 "-" "Mozilla/4.0 (compatible; MSIE 6.0; Windows NT 5.1; SV1; .NET CLR 1.1.4322)" 
219.218.130.180 - - [14/Apr/2017:19:36:48 -0700] "GET /self.logs/access.log.2017-04-07.gz HTTP/1.1" 200 27802 "-" "Mozilla/4.0 (compatible; MSIE 6.0; Windows NT 5.1; SV1; .NET CLR 1.1.4322)" 
219.218.130.180 - - [14/Apr/2017:19:36:48 -0700] "GET /self.logs/access.log.2017-04-06.gz HTTP/1.1" 200 31571 "-" "Mozilla/4.0 (compatible; MSIE 6.0; Windows NT 5.1; SV1; .NET CLR 1.1.4322)" 
219.218.130.180 - - [14/Apr/2017:19:36:48 -0700] "GET /self.logs/access.log.2017-04-05.gz HTTP/1.1" 200 52233 "-" "Mozilla/4.0 (compatible; MSIE 6.0; Windows NT 5.1; SV1; .NET CLR 1.1.4322)" 
219.218.130.180 - - [14/Apr/2017:19:36:48 -0700] "GET /self.logs/access.log.2017-04-04.gz HTTP/1.1" 200 40163 "-" "Mozilla/4.0 (compatible; MSIE 6.0; Windows NT 5.1; SV1; .NET CLR 1.1.4322)" 
219.218.130.180 - - [14/Apr/2017:19:36:48 -0700] "GET /self.logs/access.log.2017-04-09.gz HTTP/1.1" 200 39274 "-" "Mozilla/4.0 (compatible; MSIE 6.0; Windows NT 5.1; SV1; .NET CLR 1.1.4322)" 
219.218.130.180 - - [14/Apr/2017:19:36:49 -0700] "GET /self.logs/access.log.2017-04-01.gz HTTP/1.1" 200 11968 "-" "Mozilla/4.0 (compatible; MSIE 6.0; Windows NT 5.1; SV1; .NET CLR 1.1.4322)" 
219.218.130.172 - - [14/Apr/2017:19:36:49 -0700] "GET /self.logs/access.log.2017-04-10.gz HTTP/1.0" 200 50793 "-" "Python-urllib/1.17" 
219.218.130.180 - - [14/Apr/2017:19:36:49 -0700] "GET /self.logs/access.log.2017-03-31.gz HTTP/1.1" 200 37613 "-" "Mozilla/4.0 (compatible; MSIE 6.0; Windows NT 5.1; SV1; .NET CLR 1.1.4322)" 
218.58.59.66 - - [14/Apr/2017:19:36:50 -0700] "HEAD /self.logs/access.log.2016-10-11.gz HTTP/1.1" 200 240 "-" "Mozilla/4.0 (compatible; MSIE 6.0; Windows NT 5.1; SV1; .NET CLR 1.1.4322)" 
218.58.59.66 - - [14/Apr/2017:19:36:50 -0700] "HEAD /self.logs/access.log.2016-10-20.gz HTTP/1.1" 200 239 "-" "Mozilla/4.0 (compatible; MSIE 6.0; Windows NT 5.1; SV1; .NET CLR 1.1.4322)" 
219.218.130.180 - - [14/Apr/2017:19:36:50 -0700] "GET /self.logs/access.log.2017-03-30.gz HTTP/1.1" 200 15672 "-" "Mozilla/4.0 (compatible; MSIE 6.0; Windows NT 5.1; SV1; .NET CLR 1.1.4322)" 
219.218.130.180 - - [14/Apr/2017:19:36:50 -0700] "GET /self.logs/access.log.2017-03-29.gz HTTP/1.1" 200 15390 "-" "Mozilla/4.0 (compatible; MSIE 6.0; Windows NT 5.1; SV1; .NET CLR 1.1.4322)" 
219.218.130.172 - - [14/Apr/2017:19:36:50 -0700] "GET /self.logs/access.log.2017-04-11.gz HTTP/1.0" 200 32425 "-" "Python-urllib/1.17" 
218.58.59.66 - - [14/Apr/2017:19:36:50 -0700] "HEAD /self.logs/access.log.2016-10-13.gz HTTP/1.1" 200 239 "-" "Mozilla/4.0 (compatible; MSIE 6.0; Windows NT 5.1; SV1; .NET CLR 1.1.4322)" 
218.58.59.66 - - [14/Apr/2017:19:36:50 -0700] "HEAD /self.logs/access.log.2016-10-18.gz HTTP/1.1" 200 240 "-" "Mozilla/4.0 (compatible; MSIE 6.0; Windows NT 5.1; SV1; .NET CLR 1.1.4322)" 
218.58.59.66 - - [14/Apr/2017:19:36:50 -0700] "HEAD /self.logs/access.log.2016-10-16.gz HTTP/1.1" 200 240 "-" "Mozilla/4.0 (compatible; MSIE 6.0; Windows NT 5.1; SV1; .NET CLR 1.1.4322)" 
218.58.59.66 - - [14/Apr/2017:19:36:50 -0700] "HEAD /self.logs/access.log.2016-10-21.gz HTTP/1.1" 200 240 "-" "Mozilla/4.0 (compatible; MSIE 6.0; Windows NT 5.1; SV1; .NET CLR 1.1.4322)" 
218.58.59.66 - - [14/Apr/2017:19:36:50 -0700] "HEAD /self.logs/access.log.2016-10-19.gz HTTP/1.1" 200 240 "-" "Mozilla/4.0 (compatible; MSIE 6.0; Windows NT 5.1; SV1; .NET CLR 1.1.4322)" 
218.58.59.66 - - [14/Apr/2017:19:36:51 -0700] "HEAD /self.logs/access.log.2016-10-23.gz HTTP/1.1" 200 239 "-" "Mozilla/4.0 (compatible; MSIE 6.0; Windows NT 5.1; SV1; .NET CLR 1.1.4322)" 
219.218.130.180 - - [14/Apr/2017:19:36:51 -0700] "GET /self.logs/access.log.2017-03-26.gz HTTP/1.1" 200 14180 "-" "Mozilla/4.0 (compatible; MSIE 6.0; Windows NT 5.1; SV1; .NET CLR 1.1.4322)" 
218.58.59.66 - - [14/Apr/2017:19:36:51 -0700] "HEAD /self.logs/access.log.2016-10-05.gz HTTP/1.1" 200 239 "-" "Mozilla/4.0 (compatible; MSIE 6.0; Windows NT 5.1; SV1; .NET CLR 1.1.4322)" 
219.218.130.180 - - [14/Apr/2017:19:36:51 -0700] "GET /self.logs/access.log.2017-04-11.gz HTTP/1.1" 200 32435 "-" "Mozilla/4.0 (compatible; MSIE 6.0; Windows NT 5.1; SV1; .NET CLR 1.1.4322)" 
219.218.130.180 - - [14/Apr/2017:19:36:51 -0700] "GET /self.logs/access.log.2017-03-28.gz HTTP/1.1" 200 15418 "-" "Mozilla/4.0 (compatible; MSIE 6.0; Windows NT 5.1; SV1; .NET CLR 1.1.4322)" 
218.58.59.66 - - [14/Apr/2017:19:36:51 -0700] "HEAD /self.logs/access.log.2016-10-22.gz HTTP/1.1" 200 239 "-" "Mozilla/4.0 (compatible; MSIE 6.0; Windows NT 5.1; SV1; .NET CLR 1.1.4322)" 
218.58.59.66 - - [14/Apr/2017:19:36:51 -0700] "HEAD /self.logs/access.log.2016-10-08.gz HTTP/1.1" 200 239 "-" "Mozilla/4.0 (compatible; MSIE 6.0; Windows NT 5.1; SV1; .NET CLR 1.1.4322)" 
218.58.59.66 - - [14/Apr/2017:19:36:51 -0700] "HEAD /self.logs/access.log.2016-10-06.gz HTTP/1.1" 200 240 "-" "Mozilla/4.0 (compatible; MSIE 6.0; Windows NT 5.1; SV1; .NET CLR 1.1.4322)" 
218.58.59.66 - - [14/Apr/2017:19:36:53 -0700] "HEAD /self.logs/access.log.2016-11-08.gz HTTP/1.1" 200 239 "-" "Mozilla/4.0 (compatible; MSIE 6.0; Windows NT 5.1; SV1; .NET CLR 1.1.4322)" 
218.58.59.66 - - [14/Apr/2017:19:36:53 -0700] "HEAD /self.logs/access.log.2016-11-04.gz HTTP/1.1" 200 239 "-" "Mozilla/4.0 (compatible; MSIE 6.0; Windows NT 5.1; SV1; .NET CLR 1.1.4322)" 
218.58.59.66 - - [14/Apr/2017:19:36:54 -0700] "HEAD /self.logs/access.log.2016-11-10.gz HTTP/1.1" 200 239 "-" "Mozilla/4.0 (compatible; MSIE 6.0; Windows NT 5.1; SV1; .NET CLR 1.1.4322)" 
218.58.59.66 - - [14/Apr/2017:19:36:54 -0700] "HEAD /self.logs/access.log.2016-11-07.gz HTTP/1.1" 200 240 "-" "Mozilla/4.0 (compatible; MSIE 6.0; Windows NT 5.1; SV1; .NET CLR 1.1.4322)" 
218.58.59.66 - - [14/Apr/2017:19:36:54 -0700] "HEAD /self.logs/access.log.2016-10-27.gz HTTP/1.1" 200 240 "-" "Mozilla/4.0 (compatible; MSIE 6.0; Windows NT 5.1; SV1; .NET CLR 1.1.4322)" 
218.58.59.66 - - [14/Apr/2017:19:36:54 -0700] "HEAD /self.logs/access.log.2016-10-30.gz HTTP/1.1" 200 240 "-" "Mozilla/4.0 (compatible; MSIE 6.0; Windows NT 5.1; SV1; .NET CLR 1.1.4322)" 
218.58.59.66 - - [14/Apr/2017:19:36:54 -0700] "HEAD /self.logs/access.log.2016-10-28.gz HTTP/1.1" 200 239 "-" "Mozilla/4.0 (compatible; MSIE 6.0; Windows NT 5.1; SV1; .NET CLR 1.1.4322)" 
218.58.59.66 - - [14/Apr/2017:19:36:54 -0700] "HEAD /self.logs/access.log.2016-10-29.gz HTTP/1.1" 200 239 "-" "Mozilla/4.0 (compatible; MSIE 6.0; Windows NT 5.1; SV1; .NET CLR 1.1.4322)" 
218.58.59.66 - - [14/Apr/2017:19:36:56 -0700] "HEAD /self.logs/access.log.2016-11-23.gz HTTP/1.1" 200 240 "-" "Mozilla/4.0 (compatible; MSIE 6.0; Windows NT 5.1; SV1; .NET CLR 1.1.4322)" 
218.58.59.66 - - [14/Apr/2017:19:36:57 -0700] "HEAD /self.logs/access.log.2016-11-20.gz HTTP/1.1" 200 239 "-" "Mozilla/4.0 (compatible; MSIE 6.0; Windows NT 5.1; SV1; .NET CLR 1.1.4322)" 
218.58.59.66 - - [14/Apr/2017:19:36:57 -0700] "HEAD /self.logs/access.log.2016-11-24.gz HTTP/1.1" 200 240 "-" "Mozilla/4.0 (compatible; MSIE 6.0; Windows NT 5.1; SV1; .NET CLR 1.1.4322)" 
218.58.59.66 - - [14/Apr/2017:19:36:57 -0700] "HEAD /self.logs/access.log.2016-11-27.gz HTTP/1.1" 200 240 "-" "Mozilla/4.0 (compatible; MSIE 6.0; Windows NT 5.1; SV1; .NET CLR 1.1.4322)" 
218.58.59.66 - - [14/Apr/2017:19:36:58 -0700] "HEAD /self.logs/access.log.2016-11-17.gz HTTP/1.1" 200 240 "-" "Mozilla/4.0 (compatible; MSIE 6.0; Windows NT 5.1; SV1; .NET CLR 1.1.4322)" 
218.58.59.66 - - [14/Apr/2017:19:36:58 -0700] "HEAD /self.logs/access.log.2016-11-14.gz HTTP/1.1" 200 240 "-" "Mozilla/4.0 (compatible; MSIE 6.0; Windows NT 5.1; SV1; .NET CLR 1.1.4322)" 
218.58.59.66 - - [14/Apr/2017:19:36:58 -0700] "HEAD /self.logs/access.log.2016-11-13.gz HTTP/1.1" 200 240 "-" "Mozilla/4.0 (compatible; MSIE 6.0; Windows NT 5.1; SV1; .NET CLR 1.1.4322)" 
218.58.59.66 - - [14/Apr/2017:19:37:13 -0700] "HEAD /self.logs/access.log.2016-12-12.gz HTTP/1.1" 200 240 "-" "Mozilla/4.0 (compatible; MSIE 6.0; Windows NT 5.1; SV1; .NET CLR 1.1.4322)" 
218.58.59.66 - - [14/Apr/2017:19:37:13 -0700] "HEAD /self.logs/access.log.2016-12-11.gz HTTP/1.1" 200 240 "-" "Mozilla/4.0 (compatible; MSIE 6.0; Windows NT 5.1; SV1; .NET CLR 1.1.4322)" 
218.58.59.66 - - [14/Apr/2017:19:37:15 -0700] "HEAD /self.logs/access.log.2016-12-13.gz HTTP/1.1" 200 240 "-" "Mozilla/4.0 (compatible; MSIE 6.0; Windows NT 5.1; SV1; .NET CLR 1.1.4322)" 
218.58.59.66 - - [14/Apr/2017:19:37:16 -0700] "HEAD /self.logs/access.log.2016-12-08.gz HTTP/1.1" 200 240 "-" "Mozilla/4.0 (compatible; MSIE 6.0; Windows NT 5.1; SV1; .NET CLR 1.1.4322)" 
218.58.59.66 - - [14/Apr/2017:19:37:16 -0700] "HEAD /self.logs/access.log.2016-12-07.gz HTTP/1.1" 200 240 "-" "Mozilla/4.0 (compatible; MSIE 6.0; Windows NT 5.1; SV1; .NET CLR 1.1.4322)" 
218.58.59.66 - - [14/Apr/2017:19:37:17 -0700] "HEAD /self.logs/access.log.2016-12-04.gz HTTP/1.1" 200 240 "-" "Mozilla/4.0 (compatible; MSIE 6.0; Windows NT 5.1; SV1; .NET CLR 1.1.4322)" 
218.58.59.66 - - [14/Apr/2017:19:37:17 -0700] "HEAD /self.logs/access.log.2016-12-16.gz HTTP/1.1" 200 239 "-" "Mozilla/4.0 (compatible; MSIE 6.0; Windows NT 5.1; SV1; .NET CLR 1.1.4322)" 
218.58.59.66 - - [14/Apr/2017:19:37:22 -0700] "HEAD /self.logs/access.log.2016-12-03.gz HTTP/1.1" 200 239 "-" "Mozilla/4.0 (compatible; MSIE 6.0; Windows NT 5.1; SV1; .NET CLR 1.1.4322)" 
218.58.59.66 - - [14/Apr/2017:19:37:26 -0700] "HEAD /self.logs/access.log.2016-12-17.gz HTTP/1.1" 200 239 "-" "Mozilla/4.0 (compatible; MSIE 6.0; Windows NT 5.1; SV1; .NET CLR 1.1.4322)" 
218.58.59.66 - - [14/Apr/2017:19:37:27 -0700] "HEAD /self.logs/access.log.2016-11-29.gz HTTP/1.1" 200 240 "-" "Mozilla/4.0 (compatible; MSIE 6.0; Windows NT 5.1; SV1; .NET CLR 1.1.4322)" 
216.244.66.227 - - [14/Apr/2017:19:37:42 -0700] "GET /robots.txt HTTP/1.1" 200 233 "-" "Mozilla/5.0 (compatible; DotBot/1.1; http://www.opensiteexplorer.org/dotbot, help@moz.com)" 
218.58.59.66 - - [14/Apr/2017:19:37:47 -0700] "HEAD /self.logs/access.log.2017-01-07.gz HTTP/1.1" 200 240 "-" "Mozilla/4.0 (compatible; MSIE 6.0; Windows NT 5.1; SV1; .NET CLR 1.1.4322)" 
218.58.59.66 - - [14/Apr/2017:19:37:48 -0700] "HEAD /self.logs/access.log.2016-12-27.gz HTTP/1.1" 200 240 "-" "Mozilla/4.0 (compatible; MSIE 6.0; Windows NT 5.1; SV1; .NET CLR 1.1.4322)" 
218.58.59.66 - - [14/Apr/2017:19:37:49 -0700] "HEAD /self.logs/access.log.2017-01-06.gz HTTP/1.1" 200 240 "-" "Mozilla/4.0 (compatible; MSIE 6.0; Windows NT 5.1; SV1; .NET CLR 1.1.4322)" 
218.58.59.66 - - [14/Apr/2017:19:37:50 -0700] "HEAD /self.logs/access.log.2016-12-23.gz HTTP/1.1" 200 239 "-" "Mozilla/4.0 (compatible; MSIE 6.0; Windows NT 5.1; SV1; .NET CLR 1.1.4322)" 
218.58.59.66 - - [14/Apr/2017:19:37:50 -0700] "HEAD /self.logs/access.log.2016-12-20.gz HTTP/1.1" 200 240 "-" "Mozilla/4.0 (compatible; MSIE 6.0; Windows NT 5.1; SV1; .NET CLR 1.1.4322)" 
218.58.59.66 - - [14/Apr/2017:19:37:51 -0700] "HEAD /self.logs/access.log.2017-01-02.gz HTTP/1.1" 200 240 "-" "Mozilla/4.0 (compatible; MSIE 6.0; Windows NT 5.1; SV1; .NET CLR 1.1.4322)" 
218.58.59.66 - - [14/Apr/2017:19:37:52 -0700] "HEAD /self.logs/access.log.2017-01-01.gz HTTP/1.1" 200 240 "-" "Mozilla/4.0 (compatible; MSIE 6.0; Windows NT 5.1; SV1; .NET CLR 1.1.4322)" 
218.58.59.66 - - [14/Apr/2017:19:37:54 -0700] "HEAD /self.logs/access.log.2016-12-24.gz HTTP/1.1" 200 239 "-" "Mozilla/4.0 (compatible; MSIE 6.0; Windows NT 5.1; SV1; .NET CLR 1.1.4322)" 
218.58.59.66 - - [14/Apr/2017:19:37:56 -0700] "HEAD /self.logs/access.log.2016-12-28.gz HTTP/1.1" 200 240 "-" "Mozilla/4.0 (compatible; MSIE 6.0; Windows NT 5.1; SV1; .NET CLR 1.1.4322)" 
218.58.59.66 - - [14/Apr/2017:19:37:57 -0700] "HEAD /self.logs/access.log.2017-01-05.gz HTTP/1.1" 200 240 "-" "Mozilla/4.0 (compatible; MSIE 6.0; Windows NT 5.1; SV1; .NET CLR 1.1.4322)" 
218.58.59.66 - - [14/Apr/2017:19:38:03 -0700] "HEAD /self.logs/access.log.2017-01-17.gz HTTP/1.1" 200 240 "-" "Mozilla/4.0 (compatible; MSIE 6.0; Windows NT 5.1; SV1; .NET CLR 1.1.4322)" 
218.58.59.66 - - [14/Apr/2017:19:38:04 -0700] "HEAD /self.logs/access.log.2017-01-16.gz HTTP/1.1" 200 240 "-" "Mozilla/4.0 (compatible; MSIE 6.0; Windows NT 5.1; SV1; .NET CLR 1.1.4322)" 
218.58.59.66 - - [14/Apr/2017:19:38:06 -0700] "HEAD /self.logs/access.log.2017-01-13.gz HTTP/1.1" 200 240 "-" "Mozilla/4.0 (compatible; MSIE 6.0; Windows NT 5.1; SV1; .NET CLR 1.1.4322)" 
218.58.59.66 - - [14/Apr/2017:19:38:06 -0700] "HEAD /self.logs/access.log.2017-01-20.gz HTTP/1.1" 200 240 "-" "Mozilla/4.0 (compatible; MSIE 6.0; Windows NT 5.1; SV1; .NET CLR 1.1.4322)" 
218.58.59.66 - - [14/Apr/2017:19:38:12 -0700] "HEAD /self.logs/access.log.2017-01-09.gz HTTP/1.1" 200 240 "-" "Mozilla/4.0 (compatible; MSIE 6.0; Windows NT 5.1; SV1; .NET CLR 1.1.4322)" 
218.58.59.66 - - [14/Apr/2017:19:38:16 -0700] "HEAD /self.logs/access.log.2017-01-22.gz HTTP/1.1" 200 240 "-" "Mozilla/4.0 (compatible; MSIE 6.0; Windows NT 5.1; SV1; .NET CLR 1.1.4322)" 
218.58.59.66 - - [14/Apr/2017:19:38:18 -0700] "HEAD /self.logs/access.log.2017-01-27.gz HTTP/1.1" 200 240 "-" "Mozilla/4.0 (compatible; MSIE 6.0; Windows NT 5.1; SV1; .NET CLR 1.1.4322)" 
218.58.59.66 - - [14/Apr/2017:19:38:18 -0700] "HEAD /self.logs/access.log.2017-02-07.gz HTTP/1.1" 200 240 "-" "Mozilla/4.0 (compatible; MSIE 6.0; Windows NT 5.1; SV1; .NET CLR 1.1.4322)" 
218.58.59.66 - - [14/Apr/2017:19:38:19 -0700] "HEAD /self.logs/access.log.2017-02-01.gz HTTP/1.1" 200 240 "-" "Mozilla/4.0 (compatible; MSIE 6.0; Windows NT 5.1; SV1; .NET CLR 1.1.4322)" 
218.58.59.66 - - [14/Apr/2017:19:38:19 -0700] "HEAD /self.logs/access.log.2017-03-08.gz HTTP/1.1" 200 240 "-" "Mozilla/4.0 (compatible; MSIE 6.0; Windows NT 5.1; SV1; .NET CLR 1.1.4322)" 
218.58.59.66 - - [14/Apr/2017:19:38:22 -0700] "HEAD /self.logs/access.log.2017-03-25.gz HTTP/1.1" 200 240 "-" "Mozilla/4.0 (compatible; MSIE 6.0; Windows NT 5.1; SV1; .NET CLR 1.1.4322)" 
218.58.59.66 - - [14/Apr/2017:19:38:25 -0700] "HEAD /self.logs/access.log.2017-03-03.gz HTTP/1.1" 200 240 "-" "Mozilla/4.0 (compatible; MSIE 6.0; Windows NT 5.1; SV1; .NET CLR 1.1.4322)" 
218.58.59.66 - - [14/Apr/2017:19:38:26 -0700] "HEAD /self.logs/access.log.2017-03-30.gz HTTP/1.1" 200 240 "-" "Mozilla/4.0 (compatible; MSIE 6.0; Windows NT 5.1; SV1; .NET CLR 1.1.4322)" 
218.58.59.66 - - [14/Apr/2017:19:38:28 -0700] "HEAD /self.logs/access.log.2017-03-18.gz HTTP/1.1" 200 240 "-" "Mozilla/4.0 (compatible; MSIE 6.0; Windows NT 5.1; SV1; .NET CLR 1.1.4322)" 
218.58.59.66 - - [14/Apr/2017:19:38:28 -0700] "HEAD /self.logs/access.log.2017-04-01.gz HTTP/1.1" 200 240 "-" "Mozilla/4.0 (compatible; MSIE 6.0; Windows NT 5.1; SV1; .NET CLR 1.1.4322)" 
218.58.59.66 - - [14/Apr/2017:19:38:32 -0700] "HEAD /self.logs/access.log.2017-04-11.gz HTTP/1.1" 200 240 "-" "Mozilla/4.0 (compatible; MSIE 6.0; Windows NT 5.1; SV1; .NET CLR 1.1.4322)" 
218.58.59.66 - - [14/Apr/2017:19:38:32 -0700] "HEAD /self.logs/access.log.2017-04-04.gz HTTP/1.1" 200 240 "-" "Mozilla/4.0 (compatible; MSIE 6.0; Windows NT 5.1; SV1; .NET CLR 1.1.4322)" 
218.58.59.66 - - [14/Apr/2017:19:38:35 -0700] "HEAD /self.logs/access.log.2017-02-06.gz HTTP/1.1" 200 240 "-" "Mozilla/4.0 (compatible; MSIE 6.0; Windows NT 5.1; SV1; .NET CLR 1.1.4322)" 
218.58.59.66 - - [14/Apr/2017:19:38:35 -0700] "HEAD /self.logs/access.log.2017-03-28.gz HTTP/1.1" 200 240 "-" "Mozilla/4.0 (compatible; MSIE 6.0; Windows NT 5.1; SV1; .NET CLR 1.1.4322)" 
218.58.59.66 - - [14/Apr/2017:19:38:37 -0700] "HEAD /self.logs/access.log.2017-02-28.gz HTTP/1.1" 200 240 "-" "Mozilla/4.0 (compatible; MSIE 6.0; Windows NT 5.1; SV1; .NET CLR 1.1.4322)" 
218.58.59.66 - - [14/Apr/2017:19:38:38 -0700] "HEAD /self.logs/access.log.2017-02-20.gz HTTP/1.1" 200 240 "-" "Mozilla/4.0 (compatible; MSIE 6.0; Windows NT 5.1; SV1; .NET CLR 1.1.4322)" 
218.58.59.66 - - [14/Apr/2017:19:38:38 -0700] "HEAD /self.logs/access.log.2017-03-22.gz HTTP/1.1" 200 240 "-" "Mozilla/4.0 (compatible; MSIE 6.0; Windows NT 5.1; SV1; .NET CLR 1.1.4322)" 
218.58.59.66 - - [14/Apr/2017:19:38:39 -0700] "HEAD /self.logs/access.log.2017-01-31.gz HTTP/1.1" 200 240 "-" "Mozilla/4.0 (compatible; MSIE 6.0; Windows NT 5.1; SV1; .NET CLR 1.1.4322)" 
218.58.59.66 - - [14/Apr/2017:19:38:40 -0700] "HEAD /self.logs/access.log.2017-04-06.gz HTTP/1.1" 200 240 "-" "Mozilla/4.0 (compatible; MSIE 6.0; Windows NT 5.1; SV1; .NET CLR 1.1.4322)" 
218.58.59.66 - - [14/Apr/2017:19:38:41 -0700] "HEAD /self.logs/access.log.2017-02-09.gz HTTP/1.1" 200 240 "-" "Mozilla/4.0 (compatible; MSIE 6.0; Windows NT 5.1; SV1; .NET CLR 1.1.4322)" 
218.58.59.66 - - [14/Apr/2017:19:38:42 -0700] "HEAD /self.logs/access.log.2017-02-27.gz HTTP/1.1" 200 240 "-" "Mozilla/4.0 (compatible; MSIE 6.0; Windows NT 5.1; SV1; .NET CLR 1.1.4322)" 
218.58.59.66 - - [14/Apr/2017:19:38:43 -0700] "HEAD /self.logs/access.log.2017-03-19.gz HTTP/1.1" 200 240 "-" "Mozilla/4.0 (compatible; MSIE 6.0; Windows NT 5.1; SV1; .NET CLR 1.1.4322)" 
218.58.59.66 - - [14/Apr/2017:19:38:44 -0700] "HEAD /self.logs/access.log.2017-03-21.gz HTTP/1.1" 200 240 "-" "Mozilla/4.0 (compatible; MSIE 6.0; Windows NT 5.1; SV1; .NET CLR 1.1.4322)" 
218.58.59.66 - - [14/Apr/2017:19:38:47 -0700] "HEAD /self.logs/access.log.2017-02-13.gz HTTP/1.1" 200 240 "-" "Mozilla/4.0 (compatible; MSIE 6.0; Windows NT 5.1; SV1; .NET CLR 1.1.4322)" 
218.58.59.66 - - [14/Apr/2017:19:38:50 -0700] "HEAD /self.logs/access.log.2017-03-11.gz HTTP/1.1" 200 240 "-" "Mozilla/4.0 (compatible; MSIE 6.0; Windows NT 5.1; SV1; .NET CLR 1.1.4322)" 
218.58.59.66 - - [14/Apr/2017:19:38:50 -0700] "HEAD /self.logs/access.log.2017-02-03.gz HTTP/1.1" 200 240 "-" "Mozilla/4.0 (compatible; MSIE 6.0; Windows NT 5.1; SV1; .NET CLR 1.1.4322)" 
218.58.59.66 - - [14/Apr/2017:19:38:51 -0700] "HEAD /self.logs/access.log.2017-02-17.gz HTTP/1.1" 200 240 "-" "Mozilla/4.0 (compatible; MSIE 6.0; Windows NT 5.1; SV1; .NET CLR 1.1.4322)" 
218.58.59.66 - - [14/Apr/2017:19:38:52 -0700] "HEAD /self.logs/access.log.2017-02-23.gz HTTP/1.1" 200 240 "-" "Mozilla/4.0 (compatible; MSIE 6.0; Windows NT 5.1; SV1; .NET CLR 1.1.4322)" 
218.58.59.66 - - [14/Apr/2017:19:38:54 -0700] "HEAD /self.logs/access.log.2017-02-04.gz HTTP/1.1" 200 240 "-" "Mozilla/4.0 (compatible; MSIE 6.0; Windows NT 5.1; SV1; .NET CLR 1.1.4322)" 
218.58.59.66 - - [14/Apr/2017:19:38:54 -0700] "HEAD /self.logs/access.log.2017-03-04.gz HTTP/1.1" 200 240 "-" "Mozilla/4.0 (compatible; MSIE 6.0; Windows NT 5.1; SV1; .NET CLR 1.1.4322)" 
218.58.59.66 - - [14/Apr/2017:19:38:54 -0700] "HEAD /self.logs/access.log.2017-02-15.gz HTTP/1.1" 200 240 "-" "Mozilla/4.0 (compatible; MSIE 6.0; Windows NT 5.1; SV1; .NET CLR 1.1.4322)" 
218.58.59.66 - - [14/Apr/2017:19:38:54 -0700] "HEAD /self.logs/access.log.2017-01-29.gz HTTP/1.1" 200 240 "-" "Mozilla/4.0 (compatible; MSIE 6.0; Windows NT 5.1; SV1; .NET CLR 1.1.4322)" 
218.58.59.66 - - [14/Apr/2017:19:38:55 -0700] "HEAD /self.logs/access.log.2017-04-07.gz HTTP/1.1" 200 240 "-" "Mozilla/4.0 (compatible; MSIE 6.0; Windows NT 5.1; SV1; .NET CLR 1.1.4322)" 
218.58.59.66 - - [14/Apr/2017:19:38:55 -0700] "HEAD /self.logs/access.log.2017-02-18.gz HTTP/1.1" 200 240 "-" "Mozilla/4.0 (compatible; MSIE 6.0; Windows NT 5.1; SV1; .NET CLR 1.1.4322)" 
218.58.59.66 - - [14/Apr/2017:19:38:56 -0700] "HEAD /self.logs/access.log.2017-03-06.gz HTTP/1.1" 200 240 "-" "Mozilla/4.0 (compatible; MSIE 6.0; Windows NT 5.1; SV1; .NET CLR 1.1.4322)" 
218.58.59.66 - - [14/Apr/2017:19:38:57 -0700] "HEAD /self.logs/access.log.2017-03-29.gz HTTP/1.1" 200 240 "-" "Mozilla/4.0 (compatible; MSIE 6.0; Windows NT 5.1; SV1; .NET CLR 1.1.4322)" 
218.58.59.66 - - [14/Apr/2017:19:38:58 -0700] "HEAD /self.logs/access.log.2017-04-09.gz HTTP/1.1" 200 240 "-" "Mozilla/4.0 (compatible; MSIE 6.0; Windows NT 5.1; SV1; .NET CLR 1.1.4322)" 
218.58.59.66 - - [14/Apr/2017:19:38:58 -0700] "HEAD /self.logs/access.log.2017-02-26.gz HTTP/1.1" 200 240 "-" "Mozilla/4.0 (compatible; MSIE 6.0; Windows NT 5.1; SV1; .NET CLR 1.1.4322)" 
218.58.59.66 - - [14/Apr/2017:19:38:58 -0700] "HEAD /self.logs/access.log.2017-02-19.gz HTTP/1.1" 200 240 "-" "Mozilla/4.0 (compatible; MSIE 6.0; Windows NT 5.1; SV1; .NET CLR 1.1.4322)" 
218.58.59.66 - - [14/Apr/2017:19:38:58 -0700] "HEAD /self.logs/access.log.2017-02-16.gz HTTP/1.1" 200 240 "-" "Mozilla/4.0 (compatible; MSIE 6.0; Windows NT 5.1; SV1; .NET CLR 1.1.4322)" 
218.58.59.66 - - [14/Apr/2017:19:38:58 -0700] "HEAD /self.logs/access.log.2017-03-24.gz HTTP/1.1" 200 240 "-" "Mozilla/4.0 (compatible; MSIE 6.0; Windows NT 5.1; SV1; .NET CLR 1.1.4322)" 
218.58.59.66 - - [14/Apr/2017:19:38:59 -0700] "HEAD /self.logs/access.log.2017-01-26.gz HTTP/1.1" 200 240 "-" "Mozilla/4.0 (compatible; MSIE 6.0; Windows NT 5.1; SV1; .NET CLR 1.1.4322)" 
218.58.59.66 - - [14/Apr/2017:19:39:00 -0700] "HEAD /self.logs/access.log.2017-03-02.gz HTTP/1.1" 200 240 "-" "Mozilla/4.0 (compatible; MSIE 6.0; Windows NT 5.1; SV1; .NET CLR 1.1.4322)" 
218.58.59.66 - - [14/Apr/2017:19:39:00 -0700] "HEAD /self.logs/access.log.2017-03-10.gz HTTP/1.1" 200 240 "-" "Mozilla/4.0 (compatible; MSIE 6.0; Windows NT 5.1; SV1; .NET CLR 1.1.4322)" 
218.58.59.66 - - [14/Apr/2017:19:39:00 -0700] "HEAD /self.logs/access.log.2017-02-11.gz HTTP/1.1" 200 240 "-" "Mozilla/4.0 (compatible; MSIE 6.0; Windows NT 5.1; SV1; .NET CLR 1.1.4322)" 
218.58.59.66 - - [14/Apr/2017:19:39:00 -0700] "HEAD /self.logs/access.log.2017-04-05.gz HTTP/1.1" 200 240 "-" "Mozilla/4.0 (compatible; MSIE 6.0; Windows NT 5.1; SV1; .NET CLR 1.1.4322)" 
218.58.59.66 - - [14/Apr/2017:19:39:02 -0700] "HEAD /self.logs/access.log.2017-03-26.gz HTTP/1.1" 200 240 "-" "Mozilla/4.0 (compatible; MSIE 6.0; Windows NT 5.1; SV1; .NET CLR 1.1.4322)" 
216.244.66.227 - - [14/Apr/2017:19:40:20 -0700] "GET /self.logs/access.log.2015-08-31.gz HTTP/1.1" 200 5513 "-" "Mozilla/5.0 (compatible; DotBot/1.1; http://www.opensiteexplorer.org/dotbot, help@moz.com)" 
216.244.66.227 - - [14/Apr/2017:19:40:22 -0700] "GET /self.logs/access.log.2016-04-01.gz HTTP/1.1" 200 7553 "-" "Mozilla/5.0 (compatible; DotBot/1.1; http://www.opensiteexplorer.org/dotbot, help@moz.com)" 
216.244.66.227 - - [14/Apr/2017:19:40:24 -0700] "GET /self.logs/access.log.2016-10-20.gz HTTP/1.1" 200 8396 "-" "Mozilla/5.0 (compatible; DotBot/1.1; http://www.opensiteexplorer.org/dotbot, help@moz.com)" 
67.83.177.101 - - [14/Apr/2017:19:42:22 -0700] "GET / HTTP/1.1" 200 10792 "https://www.google.com/" "Mozilla/5.0 (Windows NT 10.0; Win64; x64) AppleWebKit/537.36 (KHTML, like Gecko) Chrome/57.0.2987.133 Safari/537.36" 
67.83.177.101 - - [14/Apr/2017:19:42:24 -0700] "GET /twitter-icon.png HTTP/1.1" 200 27787 "http://www.secrepo.com/" "Mozilla/5.0 (Windows NT 10.0; Win64; x64) AppleWebKit/537.36 (KHTML, like Gecko) Chrome/57.0.2987.133 Safari/537.36" 
67.83.177.101 - - [14/Apr/2017:19:42:24 -0700] "GET /GitHub-Mark.png HTTP/1.1" 200 7428 "http://www.secrepo.com/" "Mozilla/5.0 (Windows NT 10.0; Win64; x64) AppleWebKit/537.36 (KHTML, like Gecko) Chrome/57.0.2987.133 Safari/537.36" 
67.83.177.101 - - [14/Apr/2017:19:42:25 -0700] "GET /bootstrap/img/favicon.ico HTTP/1.1" 200 589 "http://www.secrepo.com/" "Mozilla/5.0 (Windows NT 10.0; Win64; x64) AppleWebKit/537.36 (KHTML, like Gecko) Chrome/57.0.2987.133 Safari/537.36" 
52.187.120.224 - - [14/Apr/2017:20:01:02 -0700] "GET /honeypot/Honeypot%20-%20Howto.pdf HTTP/1.1" 200 1279418 "http://www.secrepo.com/" "Mozilla/5.0 (Macintosh; Intel Mac OS X 10_8_4) AppleWebKit/537.36 (KHTML, like Gecko) Chrome/39.0.2171.95 Safari/537.36" 
1.174.143.143 - - [14/Apr/2017:20:01:26 -0700] "GET / HTTP/1.1" 301 483 "http://www.freebuf.com/articles/network/131279.html" "Mozilla/5.0 (Windows NT 10.0; WOW64) AppleWebKit/537.36 (KHTML, like Gecko) Chrome/56.15.2924.87 Safari/537.36" 
1.174.143.143 - - [14/Apr/2017:20:01:26 -0700] "GET / HTTP/1.1" 200 10792 "http://www.freebuf.com/articles/network/131279.html" "Mozilla/5.0 (Windows NT 10.0; WOW64) AppleWebKit/537.36 (KHTML, like Gecko) Chrome/56.15.2924.87 Safari/537.36" 
1.174.143.143 - - [14/Apr/2017:20:01:27 -0700] "GET /twitter-icon.png HTTP/1.1" 200 27787 "http://www.secrepo.com/" "Mozilla/5.0 (Windows NT 10.0; WOW64) AppleWebKit/537.36 (KHTML, like Gecko) Chrome/56.15.2924.87 Safari/537.36" 
1.174.143.143 - - [14/Apr/2017:20:01:27 -0700] "GET /GitHub-Mark.png HTTP/1.1" 200 7428 "http://www.secrepo.com/" "Mozilla/5.0 (Windows NT 10.0; WOW64) AppleWebKit/537.36 (KHTML, like Gecko) Chrome/56.15.2924.87 Safari/537.36" 
1.174.143.143 - - [14/Apr/2017:20:01:28 -0700] "GET /bootstrap/img/favicon.ico HTTP/1.1" 200 589 "http://www.secrepo.com/" "Mozilla/5.0 (Windows NT 10.0; WOW64) AppleWebKit/537.36 (KHTML, like Gecko) Chrome/56.15.2924.87 Safari/537.36" 
216.244.66.227 - - [14/Apr/2017:20:04:19 -0700] "GET /robots.txt HTTP/1.1" 200 233 "-" "Mozilla/5.0 (compatible; DotBot/1.1; http://www.opensiteexplorer.org/dotbot, help@moz.com)" 
216.244.66.227 - - [14/Apr/2017:20:06:40 -0700] "GET /self.logs/error.log.2015-07-27.gz HTTP/1.1" 200 691 "-" "Mozilla/5.0 (compatible; DotBot/1.1; http://www.opensiteexplorer.org/dotbot, help@moz.com)" 
216.244.66.227 - - [14/Apr/2017:20:06:42 -0700] "GET /self.logs/error.log.2016-05-23.gz HTTP/1.1" 200 691 "-" "Mozilla/5.0 (compatible; DotBot/1.1; http://www.opensiteexplorer.org/dotbot, help@moz.com)" 
216.244.66.227 - - [14/Apr/2017:20:06:44 -0700] "GET /self.logs/error.log.2017-03-09.gz HTTP/1.1" 200 1200 "-" "Mozilla/5.0 (compatible; DotBot/1.1; http://www.opensiteexplorer.org/dotbot, help@moz.com)" 
217.182.132.97 - - [14/Apr/2017:20:07:06 -0700] "GET /self.logs/error.log.2015-02-15.gz HTTP/1.1" 200 5753 "-" "Mozilla/5.0 (compatible; AhrefsBot/5.2; +http://ahrefs.com/robot/)" 
150.70.173.12 - - [14/Apr/2017:20:12:10 -0700] "GET / HTTP/1.1" 301 442 "-" "Mozilla/4.0 (compatible; MSIE 8.0; Windows NT 5.1; Trident/4.0)" 
150.70.173.12 - - [14/Apr/2017:20:12:10 -0700] "GET / HTTP/1.1" 200 36419 "-" "Mozilla/4.0 (compatible; MSIE 8.0; Windows NT 5.1; Trident/4.0)" 
189.47.14.132 - - [14/Apr/2017:20:18:30 -0700] "GET / HTTP/1.1" 200 10792 "-" "Mozilla/5.0 (Macintosh; Intel Mac OS X 10_12_4) AppleWebKit/603.1.30 (KHTML, like Gecko)" 
189.47.14.132 - - [14/Apr/2017:20:18:30 -0700] "GET /apple-touch-icon-precomposed.png HTTP/1.1" 404 340 "-" "Safari/12603.1.30.0.34 CFNetwork/811.4.18 Darwin/16.5.0 (x86_64)" 
189.47.14.132 - - [14/Apr/2017:20:18:30 -0700] "GET /apple-touch-icon.png HTTP/1.1" 404 339 "-" "Safari/12603.1.30.0.34 CFNetwork/811.4.18 Darwin/16.5.0 (x86_64)" 
189.47.14.132 - - [14/Apr/2017:20:18:31 -0700] "GET / HTTP/1.1" 200 10791 "-" "Mozilla/5.0 (iPhone; CPU iPhone OS 10_0 like Mac OS X) AppleWebKit/602.1.38 (KHTML, like Gecko) Version/10.0 Mobile/14A300 Safari/602.1" 
189.47.14.132 - - [14/Apr/2017:20:18:31 -0700] "GET /apple-touch-icon-precomposed.png HTTP/1.1" 404 339 "-" "Safari/12603.1.30.0.34 CFNetwork/811.4.18 Darwin/16.5.0 (x86_64)" 
189.47.14.132 - - [14/Apr/2017:20:18:31 -0700] "GET /apple-touch-icon.png HTTP/1.1" 404 339 "-" "Safari/12603.1.30.0.34 CFNetwork/811.4.18 Darwin/16.5.0 (x86_64)" 
51.255.65.39 - - [14/Apr/2017:20:25:00 -0700] "GET /self.logs/access.log.2016-09-03.gz HTTP/1.1" 200 5274 "-" "Mozilla/5.0 (compatible; AhrefsBot/5.2; +http://ahrefs.com/robot/)" 
216.244.66.227 - - [14/Apr/2017:20:29:04 -0700] "GET /robots.txt HTTP/1.1" 200 233 "-" "Mozilla/5.0 (compatible; DotBot/1.1; http://www.opensiteexplorer.org/dotbot, help@moz.com)" 
216.244.66.227 - - [14/Apr/2017:20:32:02 -0700] "GET /self.logs/error.log.2015-05-19.gz HTTP/1.1" 200 896 "-" "Mozilla/5.0 (compatible; DotBot/1.1; http://www.opensiteexplorer.org/dotbot, help@moz.com)" 
216.244.66.227 - - [14/Apr/2017:20:32:06 -0700] "GET /self.logs/error.log.2016-10-24.gz HTTP/1.1" 200 672 "-" "Mozilla/5.0 (compatible; DotBot/1.1; http://www.opensiteexplorer.org/dotbot, help@moz.com)" 
107.170.240.132 - - [14/Apr/2017:20:33:14 -0700] "GET /pe_static/ap1.zip HTTP/1.1" 404 303 "http://www.secrepo.com/" "Mozilla/5.0 (Windows NT 10.0; WOW64) AppleWebKit/537.36 (KHTML, like Gecko) Chrome/56.0.2924.87 Safari/537.36" 
204.102.216.105 - - [14/Apr/2017:20:33:22 -0700] "GET / HTTP/1.1" 200 10792 "https://www.google.com/" "Mozilla/5.0 (Windows NT 10.0; Win64; x64) AppleWebKit/537.36 (KHTML, like Gecko) Chrome/57.0.2987.133 Safari/537.36" 
204.102.216.105 - - [14/Apr/2017:20:33:23 -0700] "GET /twitter-icon.png HTTP/1.1" 200 27787 "http://www.secrepo.com/" "Mozilla/5.0 (Windows NT 10.0; Win64; x64) AppleWebKit/537.36 (KHTML, like Gecko) Chrome/57.0.2987.133 Safari/537.36" 
204.102.216.105 - - [14/Apr/2017:20:33:23 -0700] "GET /GitHub-Mark.png HTTP/1.1" 200 7428 "http://www.secrepo.com/" "Mozilla/5.0 (Windows NT 10.0; Win64; x64) AppleWebKit/537.36 (KHTML, like Gecko) Chrome/57.0.2987.133 Safari/537.36" 
204.102.216.105 - - [14/Apr/2017:20:33:23 -0700] "GET /bootstrap/img/favicon.ico HTTP/1.1" 200 589 "http://www.secrepo.com/" "Mozilla/5.0 (Windows NT 10.0; Win64; x64) AppleWebKit/537.36 (KHTML, like Gecko) Chrome/57.0.2987.133 Safari/537.36" 
107.170.240.132 - - [14/Apr/2017:20:33:41 -0700] "GET /pe_static/ap1.zip HTTP/1.1" 404 303 "-" "Mozilla/5.0 (Windows NT 10.0; WOW64) AppleWebKit/537.36 (KHTML, like Gecko) Chrome/56.0.2924.87 Safari/537.36" 
114.255.40.46 - - [14/Apr/2017:20:33:51 -0700] "GET /pe_static/ap1.zip HTTP/1.1" 404 340 "-" "Mozilla/5.0 (Windows NT 10.0; WOW64) AppleWebKit/537.36 (KHTML, like Gecko) Chrome/56.0.2924.87 Safari/537.36" 
51.255.65.17 - - [14/Apr/2017:20:55:48 -0700] "GET /self.logs/error.log.2017-03-25.gz HTTP/1.1" 200 927 "-" "Mozilla/5.0 (compatible; AhrefsBot/5.2; +http://ahrefs.com/robot/)" 
216.244.66.227 - - [14/Apr/2017:20:56:01 -0700] "GET /robots.txt HTTP/1.1" 200 233 "-" "Mozilla/5.0 (compatible; DotBot/1.1; http://www.opensiteexplorer.org/dotbot, help@moz.com)" 
216.244.66.227 - - [14/Apr/2017:20:59:21 -0700] "GET /self.logs/access.log.2015-02-17.gz HTTP/1.1" 200 11147 "-" "Mozilla/5.0 (compatible; DotBot/1.1; http://www.opensiteexplorer.org/dotbot, help@moz.com)" 
216.244.66.227 - - [14/Apr/2017:20:59:24 -0700] "GET /self.logs/access.log.2017-01-05.gz HTTP/1.1" 200 42544 "-" "Mozilla/5.0 (compatible; DotBot/1.1; http://www.opensiteexplorer.org/dotbot, help@moz.com)" 
216.244.66.227 - - [14/Apr/2017:20:59:27 -0700] "GET /self.logs/error.log.2016-11-11.gz HTTP/1.1" 200 404 "-" "Mozilla/5.0 (compatible; DotBot/1.1; http://www.opensiteexplorer.org/dotbot, help@moz.com)" 
66.249.66.103 - - [14/Apr/2017:21:06:50 -0700] "GET / HTTP/1.1" 200 10792 "-" "Mozilla/5.0 (Linux; Android 6.0.1; Nexus 5X Build/MMB29P) AppleWebKit/537.36 (KHTML, like Gecko) Chrome/41.0.2272.96 Mobile Safari/537.36 (compatible; Googlebot/2.1; +http://www.google.com/bot.html)" 
181.132.149.190 - - [14/Apr/2017:21:07:00 -0700] "GET /wp-login.php HTTP/1.1" 404 295 "-" "Mozilla/5.0 (Windows NT 6.1; WOW64; rv:40.0) Gecko/20100101 Firefox/40.1" 
181.132.149.190 - - [14/Apr/2017:21:07:05 -0700] "GET /wp-login.php HTTP/1.1" 404 295 "-" "Mozilla/5.0 (Windows NT 6.1; WOW64; rv:40.0) Gecko/20100101 Firefox/40.1" 
181.132.149.190 - - [14/Apr/2017:21:07:11 -0700] "GET / HTTP/1.1" 200 36475 "-" "Mozilla/5.0 (Windows NT 6.1; WOW64; rv:40.0) Gecko/20100101 Firefox/40.1" 
159.226.251.229 - - [14/Apr/2017:21:07:32 -0700] "GET /maccdc2012/maccdc2012_full_alert.7z HTTP/1.1" 304 132 "-" "Mozilla/5.0 Gecko/20100115 Firefox/3.6" 
137.74.207.108 - - [14/Apr/2017:21:08:50 -0700] "GET /self.logs/error.log.2015-09-27.gz HTTP/1.1" 200 714 "-" "Mozilla/5.0 (compatible; AhrefsBot/5.2; +http://ahrefs.com/robot/)" 
157.55.39.86 - - [14/Apr/2017:21:13:28 -0700] "GET /robots.txt HTTP/1.1" 301 502 "-" "Mozilla/5.0 (compatible; bingbot/2.0; +http://www.bing.com/bingbot.htm)" 
157.55.39.86 - - [14/Apr/2017:21:13:28 -0700] "GET /robots.txt HTTP/1.1" 200 334 "-" "Mozilla/5.0 (compatible; bingbot/2.0; +http://www.bing.com/bingbot.htm)" 
120.192.95.88 - - [14/Apr/2017:21:14:02 -0700] "GET /maccdc2012/maccdc2012_full_alert.7z HTTP/1.1" 304 132 "-" "Mozilla/5.0 Gecko/20100115 Firefox/3.6" 
159.226.251.229 - - [14/Apr/2017:21:14:24 -0700] "GET /tg/a.zip HTTP/1.1" 304 132 "-" "Mozilla/5.0 Gecko/20100115 Firefox/3.6" 
66.249.66.101 - - [14/Apr/2017:21:17:47 -0700] "GET /honeypot/Honeypot%20-%20Howto%20-%20BSides%20Austin.pdf HTTP/1.1" 200 2928460 "-" "Mozilla/5.0 (compatible; Googlebot/2.1; +http://www.google.com/bot.html)" 
157.55.39.232 - - [14/Apr/2017:21:20:44 -0700] "GET /self.logs/access.log.2016-01-02.gz HTTP/1.1" 200 5945 "-" "Mozilla/5.0 (compatible; bingbot/2.0; +http://www.bing.com/bingbot.htm)" 
216.244.66.227 - - [14/Apr/2017:21:21:27 -0700] "GET /robots.txt HTTP/1.1" 200 233 "-" "Mozilla/5.0 (compatible; DotBot/1.1; http://www.opensiteexplorer.org/dotbot, help@moz.com)" 
164.132.161.20 - - [14/Apr/2017:21:23:48 -0700] "GET /self.logs/access.log.2017-03-27.gz HTTP/1.1" 200 15568 "-" "Mozilla/5.0 (compatible; AhrefsBot/5.2; +http://ahrefs.com/robot/)" 
216.244.66.227 - - [14/Apr/2017:21:24:41 -0700] "GET /self.logs/access.log.2016-10-04.gz HTTP/1.1" 200 9501 "-" "Mozilla/5.0 (compatible; DotBot/1.1; http://www.opensiteexplorer.org/dotbot, help@moz.com)" 
216.244.66.227 - - [14/Apr/2017:21:24:44 -0700] "GET /self.logs/error.log.2017-03-24.gz HTTP/1.1" 200 921 "-" "Mozilla/5.0 (compatible; DotBot/1.1; http://www.opensiteexplorer.org/dotbot, help@moz.com)" 
40.77.167.65 - - [14/Apr/2017:21:26:54 -0700] "GET /self.logs/error.log.2015-02-02.gz HTTP/1.1" 301 544 "-" "msnbot-media/1.1 (+http://search.msn.com/msnbot.htm)" 
181.132.149.190 - - [14/Apr/2017:21:27:46 -0700] "GET /wp-login.php HTTP/1.1" 301 522 "-" "Mozilla/5.0 (Windows NT 6.1; WOW64; rv:40.0) Gecko/20100101 Firefox/40.1" 
181.132.149.190 - - [14/Apr/2017:21:27:47 -0700] "GET /wp-login.php HTTP/1.1" 404 295 "-" "Mozilla/5.0 (Windows NT 6.1; WOW64; rv:40.0) Gecko/20100101 Firefox/40.1" 
181.132.149.190 - - [14/Apr/2017:21:27:52 -0700] "GET /wp-login.php HTTP/1.1" 301 522 "-" "Mozilla/5.0 (Windows NT 6.1; WOW64; rv:40.0) Gecko/20100101 Firefox/40.1" 
181.132.149.190 - - [14/Apr/2017:21:27:52 -0700] "GET /wp-login.php HTTP/1.1" 404 295 "-" "Mozilla/5.0 (Windows NT 6.1; WOW64; rv:40.0) Gecko/20100101 Firefox/40.1" 
