213.87.147.242 - - [12/Jun/2017:07:06:46 -0700] "GET /twitter-icon.png HTTP/1.1" 200 27787 "http://www.secrepo.com/" "Mozilla/5.0 (Linux; Android 6.0.1; SM-A500F Build/MMB29M) AppleWebKit/537.36 (KHTML, like Gecko) Chrome/58.0.3029.83 Mobile Safari/537.36" 
213.87.147.242 - - [12/Jun/2017:07:06:46 -0700] "GET /GitHub-Mark.png HTTP/1.1" 200 7428 "http://www.secrepo.com/" "Mozilla/5.0 (Linux; Android 6.0.1; SM-A500F Build/MMB29M) AppleWebKit/537.36 (KHTML, like Gecko) Chrome/58.0.3029.83 Mobile Safari/537.36" 
208.80.194.120 - - [12/Jun/2017:07:08:51 -0700] "GET / HTTP/1.0" 200 36464 "-" "Mozilla/5.0 (compatible; MSIE 9.0; Windows NT 6.0; Trident/5.0)" 
218.107.132.177 - - [12/Jun/2017:07:11:39 -0700] "GET / HTTP/1.1" 200 10793 "-" "Mozilla/5.0 (Windows NT 6.1; WOW64) AppleWebKit/537.36 (KHTML, like Gecko) Chrome/58.0.3029.110 Safari/537.36" 
218.107.132.177 - - [12/Jun/2017:07:11:40 -0700] "GET /GitHub-Mark.png HTTP/1.1" 200 7428 "http://www.secrepo.com/" "Mozilla/5.0 (Windows NT 6.1; WOW64) AppleWebKit/537.36 (KHTML, like Gecko) Chrome/58.0.3029.110 Safari/537.36" 
218.107.132.177 - - [12/Jun/2017:07:11:40 -0700] "GET /twitter-icon.png HTTP/1.1" 200 27787 "http://www.secrepo.com/" "Mozilla/5.0 (Windows NT 6.1; WOW64) AppleWebKit/537.36 (KHTML, like Gecko) Chrome/58.0.3029.110 Safari/537.36" 
218.107.132.177 - - [12/Jun/2017:07:11:43 -0700] "GET /bootstrap/img/favicon.ico HTTP/1.1" 200 590 "http://www.secrepo.com/" "Mozilla/5.0 (Windows NT 6.1; WOW64) AppleWebKit/537.36 (KHTML, like Gecko) Chrome/58.0.3029.110 Safari/537.36" 
8.44.100.11 - - [12/Jun/2017:07:14:18 -0700] "GET / HTTP/1.1" 200 10793 "https://www.google.com/" "Mozilla/5.0 (Windows NT 6.1; WOW64; rv:52.0) Gecko/20100101 Firefox/52.0" 
8.44.100.11 - - [12/Jun/2017:07:14:19 -0700] "GET /bootstrap/img/favicon.ico HTTP/1.1" 200 589 "-" "Mozilla/5.0 (Windows NT 6.1; WOW64; rv:52.0) Gecko/20100101 Firefox/52.0" 
8.44.100.11 - - [12/Jun/2017:07:14:19 -0700] "GET /twitter-icon.png HTTP/1.1" 200 27788 "http://www.secrepo.com/" "Mozilla/5.0 (Windows NT 6.1; WOW64; rv:52.0) Gecko/20100101 Firefox/52.0" 
8.44.100.11 - - [12/Jun/2017:07:14:20 -0700] "GET /GitHub-Mark.png HTTP/1.1" 200 7428 "http://www.secrepo.com/" "Mozilla/5.0 (Windows NT 6.1; WOW64; rv:52.0) Gecko/20100101 Firefox/52.0" 
5.196.87.172 - - [12/Jun/2017:07:16:47 -0700] "GET /self.logs/access.log.2015-01-17.gz HTTP/1.1" 200 3541 "-" "Mozilla/5.0 (compatible; AhrefsBot/5.2; +http://ahrefs.com/robot/)" 
218.107.132.177 - - [12/Jun/2017:07:17:57 -0700] "GET /maccdc2012/dns.log.gz HTTP/1.1" 200 6629420 "-" "Mozilla/5.0 (Windows NT 6.1; WOW64) AppleWebKit/537.36 (KHTML, like Gecko) Chrome/58.0.3029.110 Safari/537.36" 
172.112.30.154 - - [12/Jun/2017:07:20:40 -0700] "GET / HTTP/1.1" 301 483 "-" "Mozilla/5.0 (Windows NT 10.0; WOW64; rv:53.0) Gecko/20100101 Firefox/53.0" 
172.112.30.154 - - [12/Jun/2017:07:20:40 -0700] "GET / HTTP/1.1" 200 10793 "-" "Mozilla/5.0 (Windows NT 10.0; WOW64; rv:53.0) Gecko/20100101 Firefox/53.0" 
172.112.30.154 - - [12/Jun/2017:07:20:41 -0700] "GET /twitter-icon.png HTTP/1.1" 200 27787 "http://www.secrepo.com/" "Mozilla/5.0 (Windows NT 10.0; WOW64; rv:53.0) Gecko/20100101 Firefox/53.0" 
172.112.30.154 - - [12/Jun/2017:07:20:41 -0700] "GET /GitHub-Mark.png HTTP/1.1" 200 7428 "http://www.secrepo.com/" "Mozilla/5.0 (Windows NT 10.0; WOW64; rv:53.0) Gecko/20100101 Firefox/53.0" 
172.112.30.154 - - [12/Jun/2017:07:20:42 -0700] "GET /bootstrap/img/favicon.ico HTTP/1.1" 200 589 "-" "Mozilla/5.0 (Windows NT 10.0; WOW64; rv:53.0) Gecko/20100101 Firefox/53.0" 
88.128.80.16 - - [12/Jun/2017:07:21:52 -0700] "GET / HTTP/1.1" 200 10793 "-" "Mozilla/5.0 (X11; Ubuntu; Linux x86_64; rv:53.0) Gecko/20100101 Firefox/53.0" 
88.128.80.16 - - [12/Jun/2017:07:21:53 -0700] "GET /twitter-icon.png HTTP/1.1" 200 27787 "http://www.secrepo.com/" "Mozilla/5.0 (X11; Ubuntu; Linux x86_64; rv:53.0) Gecko/20100101 Firefox/53.0" 
88.128.80.16 - - [12/Jun/2017:07:21:54 -0700] "GET /GitHub-Mark.png HTTP/1.1" 200 7428 "http://www.secrepo.com/" "Mozilla/5.0 (X11; Ubuntu; Linux x86_64; rv:53.0) Gecko/20100101 Firefox/53.0" 
88.128.80.16 - - [12/Jun/2017:07:21:54 -0700] "GET /bootstrap/img/favicon.ico HTTP/1.1" 200 589 "-" "Mozilla/5.0 (X11; Ubuntu; Linux x86_64; rv:53.0) Gecko/20100101 Firefox/53.0" 
188.232.115.50 - - [12/Jun/2017:07:22:05 -0700] "GET /wp-login.php HTTP/1.1" 404 295 "-" "Mozilla/5.0 (Windows NT 6.1; WOW64; rv:40.0) Gecko/20100101 Firefox/40.1" 
188.232.115.50 - - [12/Jun/2017:07:22:11 -0700] "GET /wp-login.php HTTP/1.1" 404 295 "-" "Mozilla/5.0 (Windows NT 6.1; WOW64; rv:40.0) Gecko/20100101 Firefox/40.1" 
188.232.115.50 - - [12/Jun/2017:07:22:16 -0700] "GET / HTTP/1.1" 200 36475 "-" "Mozilla/5.0 (Windows NT 6.1; WOW64; rv:40.0) Gecko/20100101 Firefox/40.1" 
135.245.48.75 - - [12/Jun/2017:07:24:04 -0700] "GET / HTTP/1.1" 304 133 "-" "Mozilla/5.0 (Windows NT 6.1; Win64; x64) AppleWebKit/537.36 (KHTML, like Gecko) Chrome/58.0.3029.110 Safari/537.36" 
135.245.48.75 - - [12/Jun/2017:07:24:04 -0700] "GET /twitter-icon.png HTTP/1.1" 304 110 "http://www.secrepo.com/" "Mozilla/5.0 (Windows NT 6.1; Win64; x64) AppleWebKit/537.36 (KHTML, like Gecko) Chrome/58.0.3029.110 Safari/537.36" 
135.245.48.75 - - [12/Jun/2017:07:24:04 -0700] "GET /GitHub-Mark.png HTTP/1.1" 304 110 "http://www.secrepo.com/" "Mozilla/5.0 (Windows NT 6.1; Win64; x64) AppleWebKit/537.36 (KHTML, like Gecko) Chrome/58.0.3029.110 Safari/537.36" 
135.245.48.75 - - [12/Jun/2017:07:24:35 -0700] "GET /maccdc2012/dhcp.log.gz HTTP/1.1" 200 44963 "-" "Mozilla/5.0 (Windows NT 6.1; Win64; x64) AppleWebKit/537.36 (KHTML, like Gecko) Chrome/58.0.3029.110 Safari/537.36" 
130.108.180.161 - - [12/Jun/2017:07:24:54 -0700] "GET / HTTP/1.1" 301 483 "http://fsecurify.com/fwaf-machine-learning-driven-web-application-firewall/" "Mozilla/5.0 (Windows NT 6.1; Win64; x64) AppleWebKit/537.36 (KHTML, like Gecko) Chrome/58.0.3029.110 Safari/537.36" 
130.108.180.161 - - [12/Jun/2017:07:24:54 -0700] "GET / HTTP/1.1" 200 10793 "http://fsecurify.com/fwaf-machine-learning-driven-web-application-firewall/" "Mozilla/5.0 (Windows NT 6.1; Win64; x64) AppleWebKit/537.36 (KHTML, like Gecko) Chrome/58.0.3029.110 Safari/537.36" 
130.108.180.161 - - [12/Jun/2017:07:24:54 -0700] "GET /twitter-icon.png HTTP/1.1" 200 27787 "http://www.secrepo.com/" "Mozilla/5.0 (Windows NT 6.1; Win64; x64) AppleWebKit/537.36 (KHTML, like Gecko) Chrome/58.0.3029.110 Safari/537.36" 
130.108.180.161 - - [12/Jun/2017:07:24:54 -0700] "GET /GitHub-Mark.png HTTP/1.1" 200 7428 "http://www.secrepo.com/" "Mozilla/5.0 (Windows NT 6.1; Win64; x64) AppleWebKit/537.36 (KHTML, like Gecko) Chrome/58.0.3029.110 Safari/537.36" 
130.108.180.161 - - [12/Jun/2017:07:24:54 -0700] "GET /bootstrap/img/favicon.ico HTTP/1.1" 200 589 "http://www.secrepo.com/" "Mozilla/5.0 (Windows NT 6.1; Win64; x64) AppleWebKit/537.36 (KHTML, like Gecko) Chrome/58.0.3029.110 Safari/537.36" 
135.245.48.75 - - [12/Jun/2017:07:24:21 -0700] "GET /maccdc2012/files.log.gz HTTP/1.1" 200 51408616 "-" "Mozilla/5.0 (Windows NT 6.1; Win64; x64) AppleWebKit/537.36 (KHTML, like Gecko) Chrome/58.0.3029.110 Safari/537.36" 
135.245.48.75 - - [12/Jun/2017:07:26:59 -0700] "GET /maccdc2012/ftp.log.gz HTTP/1.1" 200 128060 "http://www.secrepo.com/" "Mozilla/5.0 (Windows NT 6.1; Win64; x64) AppleWebKit/537.36 (KHTML, like Gecko) Chrome/58.0.3029.110 Safari/537.36" 
135.245.48.75 - - [12/Jun/2017:07:26:59 -0700] "GET / HTTP/1.1" 200 10737 "https://www.google.com/" "Mozilla/5.0 (Windows NT 6.1; WOW64; rv:53.0) Gecko/20100101 Firefox/53.0" 
135.245.48.75 - - [12/Jun/2017:07:26:59 -0700] "GET /bootstrap/img/favicon.ico HTTP/1.1" 304 109 "-" "Mozilla/5.0 (Windows NT 6.1; WOW64; rv:53.0) Gecko/20100101 Firefox/53.0" 
135.245.48.75 - - [12/Jun/2017:07:27:17 -0700] "GET /maccdc2012/notice.log.gz HTTP/1.1" 200 20723 "http://www.secrepo.com/" "Mozilla/5.0 (Windows NT 6.1; Win64; x64) AppleWebKit/537.36 (KHTML, like Gecko) Chrome/58.0.3029.110 Safari/537.36" 
135.245.48.75 - - [12/Jun/2017:07:27:21 -0700] "GET /maccdc2012/signatures.log.gz HTTP/1.1" 200 549 "http://www.secrepo.com/" "Mozilla/5.0 (Windows NT 6.1; Win64; x64) AppleWebKit/537.36 (KHTML, like Gecko) Chrome/58.0.3029.110 Safari/537.36" 
135.245.48.75 - - [12/Jun/2017:07:27:24 -0700] "GET /maccdc2012/smtp.log.gz HTTP/1.1" 200 6852 "http://www.secrepo.com/" "Mozilla/5.0 (Windows NT 6.1; Win64; x64) AppleWebKit/537.36 (KHTML, like Gecko) Chrome/58.0.3029.110 Safari/537.36" 
135.245.48.75 - - [12/Jun/2017:07:27:27 -0700] "GET /maccdc2012/ssh.log.gz HTTP/1.1" 200 182461 "http://www.secrepo.com/" "Mozilla/5.0 (Windows NT 6.1; Win64; x64) AppleWebKit/537.36 (KHTML, like Gecko) Chrome/58.0.3029.110 Safari/537.36" 
135.245.48.75 - - [12/Jun/2017:07:26:25 -0700] "GET /maccdc2012/http.log.gz HTTP/1.1" 200 54258760 "http://www.secrepo.com/" "Mozilla/5.0 (Windows NT 6.1; Win64; x64) AppleWebKit/537.36 (KHTML, like Gecko) Chrome/58.0.3029.110 Safari/537.36" 
135.245.48.75 - - [12/Jun/2017:07:27:31 -0700] "GET /maccdc2012/ssl.log.gz HTTP/1.1" 200 1313619 "http://www.secrepo.com/" "Mozilla/5.0 (Windows NT 6.1; Win64; x64) AppleWebKit/537.36 (KHTML, like Gecko) Chrome/58.0.3029.110 Safari/537.36" 
135.245.48.75 - - [12/Jun/2017:07:27:39 -0700] "GET /maccdc2012/weird.log.gz HTTP/1.1" 200 1242721 "http://www.secrepo.com/" "Mozilla/5.0 (Windows NT 6.1; Win64; x64) AppleWebKit/537.36 (KHTML, like Gecko) Chrome/58.0.3029.110 Safari/537.36" 
135.245.48.75 - - [12/Jun/2017:07:27:13 -0700] "GET /maccdc2012/http.log.gz HTTP/1.1" 200 51714962 "http://www.secrepo.com/" "Mozilla/5.0 (Windows NT 6.1; Win64; x64) AppleWebKit/537.36 (KHTML, like Gecko) Chrome/58.0.3029.110 Safari/537.36" 
216.244.66.227 - - [12/Jun/2017:07:29:29 -0700] "GET /robots.txt HTTP/1.1" 200 233 "-" "Mozilla/5.0 (compatible; DotBot/1.1; http://www.opensiteexplorer.org/dotbot, help@moz.com)" 
218.107.132.177 - - [12/Jun/2017:07:30:26 -0700] "GET /maccdc2012/ftp.log.gz HTTP/1.1" 200 128116 "-" "Mozilla/5.0 (Windows NT 6.1; WOW64) AppleWebKit/537.36 (KHTML, like Gecko) Chrome/58.0.3029.110 Safari/537.36" 
123.125.71.106 - - [12/Jun/2017:07:30:59 -0700] "GET / HTTP/1.1" 200 10756 "-" "Mozilla/5.0 (compatible; Baiduspider/2.0; +http://www.baidu.com/search/spider.html)" 
123.125.67.218 - - [12/Jun/2017:07:30:59 -0700] "GET / HTTP/1.1" 200 10756 "-" "Mozilla/5.0 (Windows NT 10.0; WOW64) AppleWebKit/537.36 (KHTML, like Gecko) Chrome/45.0.2454.93 Safari/537.36" 
89.101.22.249 - - [12/Jun/2017:07:31:28 -0700] "GET / HTTP/1.1" 200 10793 "https://www.google.ie/" "Mozilla/5.0 (Macintosh; Intel Mac OS X 10_12_5) AppleWebKit/537.36 (KHTML, like Gecko) Chrome/58.0.3029.110 Safari/537.36" 
89.101.22.249 - - [12/Jun/2017:07:31:29 -0700] "GET /twitter-icon.png HTTP/1.1" 200 27787 "http://www.secrepo.com/" "Mozilla/5.0 (Macintosh; Intel Mac OS X 10_12_5) AppleWebKit/537.36 (KHTML, like Gecko) Chrome/58.0.3029.110 Safari/537.36" 
89.101.22.249 - - [12/Jun/2017:07:31:29 -0700] "GET /GitHub-Mark.png HTTP/1.1" 200 7428 "http://www.secrepo.com/" "Mozilla/5.0 (Macintosh; Intel Mac OS X 10_12_5) AppleWebKit/537.36 (KHTML, like Gecko) Chrome/58.0.3029.110 Safari/537.36" 
89.101.22.249 - - [12/Jun/2017:07:31:29 -0700] "GET /bootstrap/img/favicon.ico HTTP/1.1" 200 589 "http://www.secrepo.com/" "Mozilla/5.0 (Macintosh; Intel Mac OS X 10_12_5) AppleWebKit/537.36 (KHTML, like Gecko) Chrome/58.0.3029.110 Safari/537.36" 
135.245.48.74 - - [12/Jun/2017:07:36:03 -0700] "GET /maccdc2012/dns.log.gz HTTP/1.1" 200 6607213 "-" "Wget/1.14 (linux-gnu)" 
216.244.66.227 - - [12/Jun/2017:07:39:13 -0700] "GET /self.logs/access.log.2015-10-26.gz HTTP/1.1" 200 6311 "-" "Mozilla/5.0 (compatible; DotBot/1.1; http://www.opensiteexplorer.org/dotbot, help@moz.com)" 
216.244.66.227 - - [12/Jun/2017:07:39:15 -0700] "GET /self.logs/access.log.2016-05-06.gz HTTP/1.1" 200 8358 "-" "Mozilla/5.0 (compatible; DotBot/1.1; http://www.opensiteexplorer.org/dotbot, help@moz.com)" 
216.244.66.227 - - [12/Jun/2017:07:39:17 -0700] "GET /self.logs/error.log.2015-02-23.gz HTTP/1.1" 200 4273 "-" "Mozilla/5.0 (compatible; DotBot/1.1; http://www.opensiteexplorer.org/dotbot, help@moz.com)" 
216.244.66.227 - - [12/Jun/2017:07:39:19 -0700] "GET /self.logs/error.log.2016-09-12.gz HTTP/1.1" 200 834 "-" "Mozilla/5.0 (compatible; DotBot/1.1; http://www.opensiteexplorer.org/dotbot, help@moz.com)" 
216.244.66.227 - - [12/Jun/2017:07:39:21 -0700] "GET /self.logs/error.log.2016-10-16.gz HTTP/1.1" 200 1657 "-" "Mozilla/5.0 (compatible; DotBot/1.1; http://www.opensiteexplorer.org/dotbot, help@moz.com)" 
219.78.93.4 - - [12/Jun/2017:07:39:59 -0700] "GET /wp-login.php HTTP/1.1" 404 295 "-" "Mozilla/5.0 (Windows NT 6.1; WOW64; rv:40.0) Gecko/20100101 Firefox/40.1" 
219.78.93.4 - - [12/Jun/2017:07:40:05 -0700] "GET /wp-login.php HTTP/1.1" 404 295 "-" "Mozilla/5.0 (Windows NT 6.1; WOW64; rv:40.0) Gecko/20100101 Firefox/40.1" 
39.48.31.240 - - [12/Jun/2017:07:40:05 -0700] "GET /wp-login.php HTTP/1.1" 404 295 "-" "Mozilla/5.0 (Windows NT 6.1; WOW64; rv:40.0) Gecko/20100101 Firefox/40.1" 
219.78.93.4 - - [12/Jun/2017:07:40:10 -0700] "GET / HTTP/1.1" 200 36475 "-" "Mozilla/5.0 (Windows NT 6.1; WOW64; rv:40.0) Gecko/20100101 Firefox/40.1" 
39.48.31.240 - - [12/Jun/2017:07:40:11 -0700] "GET /wp-login.php HTTP/1.1" 404 295 "-" "Mozilla/5.0 (Windows NT 6.1; WOW64; rv:40.0) Gecko/20100101 Firefox/40.1" 
39.48.31.240 - - [12/Jun/2017:07:40:17 -0700] "GET / HTTP/1.1" 200 36475 "-" "Mozilla/5.0 (Windows NT 6.1; WOW64; rv:40.0) Gecko/20100101 Firefox/40.1" 
89.101.22.249 - - [12/Jun/2017:07:37:55 -0700] "GET /maccdc2012/conn.log.gz HTTP/1.1" 200 551041635 "-" "Mozilla/5.0 (Macintosh; Intel Mac OS X 10_12_5) AppleWebKit/537.36 (KHTML, like Gecko) Chrome/58.0.3029.110 Safari/537.36" 
58.213.224.244 - - [12/Jun/2017:07:45:19 -0700] "GET / HTTP/1.1" 301 483 "http://fsecurify.com/fwaf-machine-learning-driven-web-application-firewall/" "Mozilla/5.0 (Windows NT 6.1; WOW64; rv:53.0) Gecko/20100101 Firefox/53.0" 
58.213.224.244 - - [12/Jun/2017:07:45:20 -0700] "GET / HTTP/1.1" 200 10793 "http://fsecurify.com/fwaf-machine-learning-driven-web-application-firewall/" "Mozilla/5.0 (Windows NT 6.1; WOW64; rv:53.0) Gecko/20100101 Firefox/53.0" 
58.213.224.244 - - [12/Jun/2017:07:45:20 -0700] "GET /bootstrap/img/favicon.ico HTTP/1.1" 200 589 "-" "Mozilla/5.0 (Windows NT 6.1; WOW64; rv:53.0) Gecko/20100101 Firefox/53.0" 
58.213.224.244 - - [12/Jun/2017:07:45:21 -0700] "GET /GitHub-Mark.png HTTP/1.1" 200 7428 "http://www.secrepo.com/" "Mozilla/5.0 (Windows NT 6.1; WOW64; rv:53.0) Gecko/20100101 Firefox/53.0" 
58.213.224.244 - - [12/Jun/2017:07:45:21 -0700] "GET /twitter-icon.png HTTP/1.1" 200 27787 "http://www.secrepo.com/" "Mozilla/5.0 (Windows NT 6.1; WOW64; rv:53.0) Gecko/20100101 Firefox/53.0" 
207.46.13.167 - - [12/Jun/2017:07:45:22 -0700] "GET / HTTP/1.1" 200 10793 "-" "Mozilla/5.0 (compatible; bingbot/2.0; +http://www.bing.com/bingbot.htm)" 
52.168.161.70 - - [12/Jun/2017:07:53:24 -0700] "HEAD / HTTP/1.1" 301 253 "https://www.google.com/" "Mozilla/5.0 (compatible; epicbot; +http://www.epictions.com/epicbot)" 
52.168.161.70 - - [12/Jun/2017:07:53:24 -0700] "HEAD / HTTP/1.1" 301 253 "https://www.google.com/" "Mozilla/5.0 (compatible; epicbot; +http://www.epictions.com/epicbot)" 
52.168.161.70 - - [12/Jun/2017:07:53:24 -0700] "HEAD / HTTP/1.1" 301 253 "https://www.google.com/" "Mozilla/5.0 (compatible; epicbot; +http://www.epictions.com/epicbot)" 
52.168.161.70 - - [12/Jun/2017:07:53:24 -0700] "HEAD / HTTP/1.1" 301 253 "https://www.google.com/" "Mozilla/5.0 (compatible; epicbot; +http://www.epictions.com/epicbot)" 
52.168.161.70 - - [12/Jun/2017:07:53:24 -0700] "HEAD / HTTP/1.1" 301 253 "https://www.google.com/" "Mozilla/5.0 (compatible; epicbot; +http://www.epictions.com/epicbot)" 
52.168.161.70 - - [12/Jun/2017:07:53:24 -0700] "HEAD / HTTP/1.1" 301 253 "https://www.google.com/" "Mozilla/5.0 (compatible; epicbot; +http://www.epictions.com/epicbot)" 
52.168.161.70 - - [12/Jun/2017:07:53:24 -0700] "HEAD / HTTP/1.1" 301 253 "https://www.google.com/" "Mozilla/5.0 (compatible; epicbot; +http://www.epictions.com/epicbot)" 
52.168.161.70 - - [12/Jun/2017:07:53:24 -0700] "HEAD / HTTP/1.1" 301 253 "https://www.google.com/" "Mozilla/5.0 (compatible; epicbot; +http://www.epictions.com/epicbot)" 
52.168.161.70 - - [12/Jun/2017:07:53:24 -0700] "HEAD / HTTP/1.1" 301 253 "https://www.google.com/" "Mozilla/5.0 (compatible; epicbot; +http://www.epictions.com/epicbot)" 
52.168.161.70 - - [12/Jun/2017:07:53:24 -0700] "HEAD / HTTP/1.1" 301 253 "https://www.google.com/" "Mozilla/5.0 (compatible; epicbot; +http://www.epictions.com/epicbot)" 
52.168.161.70 - - [12/Jun/2017:07:53:24 -0700] "HEAD / HTTP/1.1" 200 282 "https://www.google.com/" "Mozilla/5.0 (compatible; epicbot; +http://www.epictions.com/epicbot)" 
52.168.161.70 - - [12/Jun/2017:07:53:24 -0700] "HEAD / HTTP/1.1" 301 253 "https://www.google.com/" "Mozilla/5.0 (compatible; epicbot; +http://www.epictions.com/epicbot)" 
199.16.157.182 - - [12/Jun/2017:07:53:24 -0700] "GET /robots.txt HTTP/1.1" 200 233 "-" "Twitterbot/1.0" 
199.16.157.182 - - [12/Jun/2017:07:53:24 -0700] "GET / HTTP/1.1" 200 10737 "-" "Twitterbot/1.0" 
52.168.161.70 - - [12/Jun/2017:07:53:26 -0700] "HEAD / HTTP/1.1" 301 253 "https://www.google.com/" "Mozilla/5.0 (compatible; epicbot; +http://www.epictions.com/epicbot)" 
52.168.161.70 - - [12/Jun/2017:07:53:26 -0700] "HEAD / HTTP/1.1" 301 253 "https://www.google.com/" "Mozilla/5.0 (compatible; epicbot; +http://www.epictions.com/epicbot)" 
52.168.161.70 - - [12/Jun/2017:07:53:26 -0700] "HEAD / HTTP/1.1" 301 253 "https://www.google.com/" "Mozilla/5.0 (compatible; epicbot; +http://www.epictions.com/epicbot)" 
52.168.161.70 - - [12/Jun/2017:07:53:26 -0700] "HEAD / HTTP/1.1" 301 253 "https://www.google.com/" "Mozilla/5.0 (compatible; epicbot; +http://www.epictions.com/epicbot)" 
52.168.161.70 - - [12/Jun/2017:07:53:26 -0700] "HEAD / HTTP/1.1" 301 253 "https://www.google.com/" "Mozilla/5.0 (compatible; epicbot; +http://www.epictions.com/epicbot)" 
52.168.161.70 - - [12/Jun/2017:07:53:26 -0700] "HEAD / HTTP/1.1" 301 253 "https://www.google.com/" "Mozilla/5.0 (compatible; epicbot; +http://www.epictions.com/epicbot)" 
52.168.161.70 - - [12/Jun/2017:07:53:26 -0700] "HEAD / HTTP/1.1" 301 253 "https://www.google.com/" "Mozilla/5.0 (compatible; epicbot; +http://www.epictions.com/epicbot)" 
52.168.161.70 - - [12/Jun/2017:07:53:26 -0700] "HEAD / HTTP/1.1" 301 253 "https://www.google.com/" "Mozilla/5.0 (compatible; epicbot; +http://www.epictions.com/epicbot)" 
52.168.161.70 - - [12/Jun/2017:07:53:26 -0700] "HEAD / HTTP/1.1" 301 253 "https://www.google.com/" "Mozilla/5.0 (compatible; epicbot; +http://www.epictions.com/epicbot)" 
52.168.161.70 - - [12/Jun/2017:07:53:26 -0700] "HEAD / HTTP/1.1" 301 253 "https://www.google.com/" "Mozilla/5.0 (compatible; epicbot; +http://www.epictions.com/epicbot)" 
52.168.161.70 - - [12/Jun/2017:07:53:26 -0700] "HEAD / HTTP/1.1" 301 253 "https://www.google.com/" "Mozilla/5.0 (compatible; epicbot; +http://www.epictions.com/epicbot)" 
52.168.161.70 - - [12/Jun/2017:07:53:26 -0700] "HEAD / HTTP/1.1" 301 253 "https://www.google.com/" "Mozilla/5.0 (compatible; epicbot; +http://www.epictions.com/epicbot)" 
52.168.161.70 - - [12/Jun/2017:07:53:26 -0700] "HEAD / HTTP/1.1" 301 253 "https://www.google.com/" "Mozilla/5.0 (compatible; epicbot; +http://www.epictions.com/epicbot)" 
52.168.161.70 - - [12/Jun/2017:07:53:26 -0700] "HEAD / HTTP/1.1" 301 253 "https://www.google.com/" "Mozilla/5.0 (compatible; epicbot; +http://www.epictions.com/epicbot)" 
52.168.161.70 - - [12/Jun/2017:07:53:26 -0700] "HEAD / HTTP/1.1" 301 253 "https://www.google.com/" "Mozilla/5.0 (compatible; epicbot; +http://www.epictions.com/epicbot)" 
52.168.161.70 - - [12/Jun/2017:07:53:26 -0700] "HEAD / HTTP/1.1" 301 253 "https://www.google.com/" "Mozilla/5.0 (compatible; epicbot; +http://www.epictions.com/epicbot)" 
52.168.161.70 - - [12/Jun/2017:07:53:26 -0700] "HEAD / HTTP/1.1" 200 282 "https://www.google.com/" "Mozilla/5.0 (compatible; epicbot; +http://www.epictions.com/epicbot)" 
52.168.161.70 - - [12/Jun/2017:07:53:26 -0700] "HEAD / HTTP/1.1" 200 282 "https://www.google.com/" "Mozilla/5.0 (compatible; epicbot; +http://www.epictions.com/epicbot)" 
52.168.161.70 - - [12/Jun/2017:07:53:27 -0700] "HEAD / HTTP/1.1" 301 253 "https://www.google.com/" "Mozilla/5.0 (compatible; epicbot; +http://www.epictions.com/epicbot)" 
52.168.161.70 - - [12/Jun/2017:07:53:27 -0700] "HEAD / HTTP/1.1" 301 253 "https://www.google.com/" "Mozilla/5.0 (compatible; epicbot; +http://www.epictions.com/epicbot)" 
52.168.161.70 - - [12/Jun/2017:07:53:27 -0700] "HEAD / HTTP/1.1" 301 253 "https://www.google.com/" "Mozilla/5.0 (compatible; epicbot; +http://www.epictions.com/epicbot)" 
52.168.161.70 - - [12/Jun/2017:07:53:27 -0700] "HEAD / HTTP/1.1" 301 253 "https://www.google.com/" "Mozilla/5.0 (compatible; epicbot; +http://www.epictions.com/epicbot)" 
218.106.182.91 - - [12/Jun/2017:07:56:37 -0700] "GET /honeypot/BSidesDFW%20-%202014.ipynb HTTP/1.1" 206 327 "http://www.secrepo.com/" "Mozilla/5.0 (Windows NT 10.0; Win64; x64) AppleWebKit/537.36 (KHTML, like Gecko) Chrome/58.0.3029.110 Safari/537.36" 
218.106.182.91 - - [12/Jun/2017:07:56:37 -0700] "GET /honeypot/BSidesDFW%20-%202014.ipynb HTTP/1.1" 206 360134 "http://www.secrepo.com/" "Mozilla/5.0 (Windows NT 10.0; Win64; x64) AppleWebKit/537.36 (KHTML, like Gecko) Chrome/58.0.3029.110 Safari/537.36" 
148.62.14.207 - - [12/Jun/2017:07:56:47 -0700] "GET /robots.txt HTTP/1.1" 301 446 "-" "Tornado-Async-Client" 
148.62.14.207 - - [12/Jun/2017:07:56:47 -0700] "GET /robots.txt HTTP/1.1" 304 130 "-" "Tornado-Async-Client" 
148.62.14.207 - - [12/Jun/2017:07:56:47 -0700] "GET /honeypot/BSidesDFW%20-%202014.ipynb HTTP/1.1" 301 484 "-" "Tornado-Async-Client" 
148.62.14.207 - - [12/Jun/2017:07:56:47 -0700] "GET /honeypot/BSidesDFW%20-%202014.ipynb HTTP/1.1" 200 930780 "-" "Tornado-Async-Client" 
213.205.198.150 - - [12/Jun/2017:07:56:54 -0700] "GET / HTTP/1.1" 200 10793 "-" "Mozilla/5.0 (iPhone; CPU iPhone OS 10_3_2 like Mac OS X) AppleWebKit/603.2.4 (KHTML, like Gecko) Version/10.0 Mobile/14F89 Safari/602.1" 
213.205.198.150 - - [12/Jun/2017:07:56:54 -0700] "GET /twitter-icon.png HTTP/1.1" 200 27787 "http://www.secrepo.com/" "Mozilla/5.0 (iPhone; CPU iPhone OS 10_3_2 like Mac OS X) AppleWebKit/603.2.4 (KHTML, like Gecko) Version/10.0 Mobile/14F89 Safari/602.1" 
213.205.198.150 - - [12/Jun/2017:07:56:54 -0700] "GET /GitHub-Mark.png HTTP/1.1" 200 7428 "http://www.secrepo.com/" "Mozilla/5.0 (iPhone; CPU iPhone OS 10_3_2 like Mac OS X) AppleWebKit/603.2.4 (KHTML, like Gecko) Version/10.0 Mobile/14F89 Safari/602.1" 
97.105.47.162 - - [12/Jun/2017:07:58:24 -0700] "GET / HTTP/1.1" 200 10793 "https://www.google.com/" "Mozilla/5.0 (X11; Ubuntu; Linux x86_64; rv:53.0) Gecko/20100101 Firefox/53.0" 
97.105.47.162 - - [12/Jun/2017:07:58:26 -0700] "GET /twitter-icon.png HTTP/1.1" 200 27787 "http://www.secrepo.com/" "Mozilla/5.0 (X11; Ubuntu; Linux x86_64; rv:53.0) Gecko/20100101 Firefox/53.0" 
97.105.47.162 - - [12/Jun/2017:07:58:26 -0700] "GET /bootstrap/img/favicon.ico HTTP/1.1" 200 590 "-" "Mozilla/5.0 (X11; Ubuntu; Linux x86_64; rv:53.0) Gecko/20100101 Firefox/53.0" 
97.105.47.162 - - [12/Jun/2017:07:58:26 -0700] "GET /GitHub-Mark.png HTTP/1.1" 200 7428 "http://www.secrepo.com/" "Mozilla/5.0 (X11; Ubuntu; Linux x86_64; rv:53.0) Gecko/20100101 Firefox/53.0" 
217.182.132.57 - - [12/Jun/2017:08:01:36 -0700] "GET /self.logs/access.log.2015-10-24.gz HTTP/1.1" 200 4802 "-" "Mozilla/5.0 (compatible; AhrefsBot/5.2; +http://ahrefs.com/robot/)" 
157.55.39.182 - - [12/Jun/2017:08:03:34 -0700] "GET /self.logs/access.log.2016-10-13.gz HTTP/1.1" 200 8457 "-" "Mozilla/5.0 (compatible; bingbot/2.0; +http://www.bing.com/bingbot.htm)" 
51.255.65.51 - - [12/Jun/2017:08:06:24 -0700] "GET /self.logs/access.log.2015-07-07.gz HTTP/1.1" 200 4942 "-" "Mozilla/5.0 (compatible; AhrefsBot/5.2; +http://ahrefs.com/robot/)" 
216.244.66.227 - - [12/Jun/2017:08:09:47 -0700] "GET /robots.txt HTTP/1.1" 200 233 "-" "Mozilla/5.0 (compatible; DotBot/1.1; http://www.opensiteexplorer.org/dotbot, help@moz.com)" 
130.20.105.43 - - [12/Jun/2017:08:09:58 -0700] "GET / HTTP/1.1" 200 10793 "-" "Mozilla/5.0 (Macintosh; Intel Mac OS X 10_10_3) AppleWebKit/600.6.3 (KHTML, like Gecko) Version/8.0.6 Safari/600.6.3" 
130.20.105.43 - - [12/Jun/2017:08:09:58 -0700] "GET /bootstrap/img/favicon.ico HTTP/1.1" 200 589 "http://www.secrepo.com/" "Mozilla/5.0 (Macintosh; Intel Mac OS X 10_10_3) AppleWebKit/600.6.3 (KHTML, like Gecko) Version/8.0.6 Safari/600.6.3" 
130.20.105.43 - - [12/Jun/2017:08:09:58 -0700] "GET / HTTP/1.1" 200 10792 "-" "Mozilla/5.0 (iPhone; CPU iPhone OS 8_1 like Mac OS X) AppleWebKit/600.1.4 (KHTML, like Gecko) Version/8.0 Mobile/12B410 Safari/600.1.4" 
130.20.105.43 - - [12/Jun/2017:08:09:59 -0700] "GET /apple-touch-icon-precomposed.png HTTP/1.1" 404 340 "-" "com.apple.WebKit.WebContent/10600.6.3 CFNetwork/720.3.13 Darwin/14.3.0 (x86_64)" 
130.20.105.43 - - [12/Jun/2017:08:09:59 -0700] "GET /apple-touch-icon.png HTTP/1.1" 404 339 "-" "com.apple.WebKit.WebContent/10600.6.3 CFNetwork/720.3.13 Darwin/14.3.0 (x86_64)" 
14.51.18.184 - - [12/Jun/2017:08:11:33 -0700] "GET / HTTP/1.1" 200 10793 "http://www.argos.or.kr/index.php?document_srl=66928&mid=board_free" "Mozilla/5.0 (Macintosh; Intel Mac OS X 10_12_5) AppleWebKit/537.36 (KHTML, like Gecko) Chrome/58.0.3029.110 Safari/537.36" 
14.51.18.184 - - [12/Jun/2017:08:11:34 -0700] "GET /twitter-icon.png HTTP/1.1" 200 27787 "http://www.secrepo.com/" "Mozilla/5.0 (Macintosh; Intel Mac OS X 10_12_5) AppleWebKit/537.36 (KHTML, like Gecko) Chrome/58.0.3029.110 Safari/537.36" 
14.51.18.184 - - [12/Jun/2017:08:11:34 -0700] "GET /GitHub-Mark.png HTTP/1.1" 200 7428 "http://www.secrepo.com/" "Mozilla/5.0 (Macintosh; Intel Mac OS X 10_12_5) AppleWebKit/537.36 (KHTML, like Gecko) Chrome/58.0.3029.110 Safari/537.36" 
14.51.18.184 - - [12/Jun/2017:08:11:34 -0700] "GET /bootstrap/img/favicon.ico HTTP/1.1" 200 589 "http://www.secrepo.com/" "Mozilla/5.0 (Macintosh; Intel Mac OS X 10_12_5) AppleWebKit/537.36 (KHTML, like Gecko) Chrome/58.0.3029.110 Safari/537.36" 
39.48.31.240 - - [12/Jun/2017:08:11:36 -0700] "GET /wp-login.php HTTP/1.1" 301 522 "-" "Mozilla/5.0 (Windows NT 6.1; WOW64; rv:40.0) Gecko/20100101 Firefox/40.1" 
39.48.31.240 - - [12/Jun/2017:08:11:37 -0700] "GET /wp-login.php HTTP/1.1" 404 295 "-" "Mozilla/5.0 (Windows NT 6.1; WOW64; rv:40.0) Gecko/20100101 Firefox/40.1" 
39.48.31.240 - - [12/Jun/2017:08:11:42 -0700] "GET /wp-login.php HTTP/1.1" 301 522 "-" "Mozilla/5.0 (Windows NT 6.1; WOW64; rv:40.0) Gecko/20100101 Firefox/40.1" 
39.48.31.240 - - [12/Jun/2017:08:11:44 -0700] "GET /wp-login.php HTTP/1.1" 404 295 "-" "Mozilla/5.0 (Windows NT 6.1; WOW64; rv:40.0) Gecko/20100101 Firefox/40.1" 
39.48.31.240 - - [12/Jun/2017:08:11:49 -0700] "GET / HTTP/1.1" 301 498 "-" "Mozilla/5.0 (Windows NT 6.1; WOW64; rv:40.0) Gecko/20100101 Firefox/40.1" 
39.48.31.240 - - [12/Jun/2017:08:11:50 -0700] "GET / HTTP/1.1" 200 36475 "-" "Mozilla/5.0 (Windows NT 6.1; WOW64; rv:40.0) Gecko/20100101 Firefox/40.1" 
208.255.205.5 - - [12/Jun/2017:08:18:53 -0700] "GET / HTTP/1.1" 200 10793 "https://www.reddit.com/r/datasets/comments/3tbxap/cyber_security_datasets/" "Mozilla/5.0 (Windows NT 10.0; Win64; x64) AppleWebKit/537.36 (KHTML, like Gecko) Chrome/58.0.3029.110 Safari/537.36" 
208.255.205.5 - - [12/Jun/2017:08:18:55 -0700] "GET /twitter-icon.png HTTP/1.1" 200 27788 "http://www.secrepo.com/" "Mozilla/5.0 (Windows NT 10.0; Win64; x64) AppleWebKit/537.36 (KHTML, like Gecko) Chrome/58.0.3029.110 Safari/537.36" 
208.255.205.5 - - [12/Jun/2017:08:18:55 -0700] "GET /GitHub-Mark.png HTTP/1.1" 200 7428 "http://www.secrepo.com/" "Mozilla/5.0 (Windows NT 10.0; Win64; x64) AppleWebKit/537.36 (KHTML, like Gecko) Chrome/58.0.3029.110 Safari/537.36" 
208.255.205.5 - - [12/Jun/2017:08:19:01 -0700] "GET /bootstrap/img/favicon.ico HTTP/1.1" 200 590 "http://www.secrepo.com/" "Mozilla/5.0 (Windows NT 10.0; Win64; x64) AppleWebKit/537.36 (KHTML, like Gecko) Chrome/58.0.3029.110 Safari/537.36" 
205.175.217.219 - - [12/Jun/2017:08:19:54 -0700] "GET / HTTP/1.1" 200 10793 "https://www.reddit.com/r/datasets/comments/3tbxap/cyber_security_datasets/" "Mozilla/5.0 (Macintosh; Intel Mac OS X 10_9_5) AppleWebKit/537.36 (KHTML, like Gecko) Chrome/58.0.3029.110 Safari/537.36" 
205.175.217.219 - - [12/Jun/2017:08:19:54 -0700] "GET /twitter-icon.png HTTP/1.1" 200 27787 "http://www.secrepo.com/" "Mozilla/5.0 (Macintosh; Intel Mac OS X 10_9_5) AppleWebKit/537.36 (KHTML, like Gecko) Chrome/58.0.3029.110 Safari/537.36" 
205.175.217.219 - - [12/Jun/2017:08:19:54 -0700] "GET /GitHub-Mark.png HTTP/1.1" 200 7428 "http://www.secrepo.com/" "Mozilla/5.0 (Macintosh; Intel Mac OS X 10_9_5) AppleWebKit/537.36 (KHTML, like Gecko) Chrome/58.0.3029.110 Safari/537.36" 
205.175.217.219 - - [12/Jun/2017:08:19:54 -0700] "GET /bootstrap/img/favicon.ico HTTP/1.1" 200 589 "http://www.secrepo.com/" "Mozilla/5.0 (Macintosh; Intel Mac OS X 10_9_5) AppleWebKit/537.36 (KHTML, like Gecko) Chrome/58.0.3029.110 Safari/537.36" 
216.244.66.227 - - [12/Jun/2017:08:19:57 -0700] "GET /self.logs/access.log.2015-08-13.gz HTTP/1.1" 200 4546 "-" "Mozilla/5.0 (compatible; DotBot/1.1; http://www.opensiteexplorer.org/dotbot, help@moz.com)" 
216.244.66.227 - - [12/Jun/2017:08:19:58 -0700] "GET /self.logs/access.log.2015-10-15.gz HTTP/1.1" 200 9883 "-" "Mozilla/5.0 (compatible; DotBot/1.1; http://www.opensiteexplorer.org/dotbot, help@moz.com)" 
216.244.66.227 - - [12/Jun/2017:08:19:59 -0700] "GET /self.logs/access.log.2015-10-16.gz HTTP/1.1" 200 6185 "-" "Mozilla/5.0 (compatible; DotBot/1.1; http://www.opensiteexplorer.org/dotbot, help@moz.com)" 
216.244.66.227 - - [12/Jun/2017:08:20:00 -0700] "GET /self.logs/access.log.2015-10-25.gz HTTP/1.1" 200 4350 "-" "Mozilla/5.0 (compatible; DotBot/1.1; http://www.opensiteexplorer.org/dotbot, help@moz.com)" 
216.244.66.227 - - [12/Jun/2017:08:20:01 -0700] "GET /self.logs/access.log.2015-12-03.gz HTTP/1.1" 200 5075 "-" "Mozilla/5.0 (compatible; DotBot/1.1; http://www.opensiteexplorer.org/dotbot, help@moz.com)" 
216.244.66.227 - - [12/Jun/2017:08:20:02 -0700] "GET /self.logs/access.log.2016-04-05.gz HTTP/1.1" 200 12617 "-" "Mozilla/5.0 (compatible; DotBot/1.1; http://www.opensiteexplorer.org/dotbot, help@moz.com)" 
216.244.66.227 - - [12/Jun/2017:08:20:03 -0700] "GET /self.logs/access.log.2016-12-09.gz HTTP/1.1" 200 9360 "-" "Mozilla/5.0 (compatible; DotBot/1.1; http://www.opensiteexplorer.org/dotbot, help@moz.com)" 
216.244.66.227 - - [12/Jun/2017:08:20:05 -0700] "GET /self.logs/error.log.2015-03-19.gz HTTP/1.1" 200 777 "-" "Mozilla/5.0 (compatible; DotBot/1.1; http://www.opensiteexplorer.org/dotbot, help@moz.com)" 
84.84.43.25 - - [12/Jun/2017:08:20:06 -0700] "GET / HTTP/1.1" 200 10793 "-" "Mozilla/5.0 (Windows NT 6.3; WOW64; Trident/7.0; rv:11.0) like Gecko" 
216.244.66.227 - - [12/Jun/2017:08:20:06 -0700] "GET /self.logs/error.log.2015-03-21.gz HTTP/1.1" 200 715 "-" "Mozilla/5.0 (compatible; DotBot/1.1; http://www.opensiteexplorer.org/dotbot, help@moz.com)" 
84.84.43.25 - - [12/Jun/2017:08:20:06 -0700] "GET /twitter-icon.png HTTP/1.1" 200 27788 "http://www.secrepo.com/" "Mozilla/5.0 (Windows NT 6.3; WOW64; Trident/7.0; rv:11.0) like Gecko" 
84.84.43.25 - - [12/Jun/2017:08:20:06 -0700] "GET /GitHub-Mark.png HTTP/1.1" 200 7427 "http://www.secrepo.com/" "Mozilla/5.0 (Windows NT 6.3; WOW64; Trident/7.0; rv:11.0) like Gecko" 
84.84.43.25 - - [12/Jun/2017:08:20:06 -0700] "GET /bootstrap/img/favicon.ico HTTP/1.1" 200 590 "-" "Mozilla/5.0 (Windows NT 6.3; Win64; x64; Trident/7.0; rv:11.0) like Gecko" 
216.244.66.227 - - [12/Jun/2017:08:20:07 -0700] "GET /self.logs/error.log.2015-11-11.gz HTTP/1.1" 200 515 "-" "Mozilla/5.0 (compatible; DotBot/1.1; http://www.opensiteexplorer.org/dotbot, help@moz.com)" 
216.244.66.227 - - [12/Jun/2017:08:20:08 -0700] "GET /self.logs/error.log.2016-02-20.gz HTTP/1.1" 200 462 "-" "Mozilla/5.0 (compatible; DotBot/1.1; http://www.opensiteexplorer.org/dotbot, help@moz.com)" 
216.244.66.227 - - [12/Jun/2017:08:20:09 -0700] "GET /self.logs/error.log.2017-03-13.gz HTTP/1.1" 200 1101 "-" "Mozilla/5.0 (compatible; DotBot/1.1; http://www.opensiteexplorer.org/dotbot, help@moz.com)" 
41.227.198.232 - - [12/Jun/2017:08:20:27 -0700] "GET / HTTP/1.1" 200 10793 "http://www.google.com/url?q=http://www.secrepo.com/&sa=U&ved=0ahUKEwixkIzLzbjUAhXM1hQKHTKxAHMQFggfMAc&usg=AFQjCNGzsZlouRdJhMAafh4oMCp8bHKdqg" "NokiaC3-00/5.0 (08.70) Profile/MIDP-2.1 Configuration/CLDC-1.1 UCWEB/2.0 (Java; U; MIDP-2.0; en-US; NokiaC3-00) U2/1.0.0 UCBrowser/9.5.0.449 U2/1.0.0 Mobile" 
168.235.207.83 - - [12/Jun/2017:08:20:30 -0700] "GET / HTTP/1.1" 200 10793 "http://www.google.com/m?q=Snort+malware+file" "NokiaC3-00/5.0 (08.70) Profile/MIDP-2.1 Configuration/CLDC-1.1 UCWEB/2.0 (Java; U; MIDP-2.0; en-US; NokiaC3-00) U2/1.0.0 UCBrowser/9.5.0.449 U2/1.0.0 Mobile" 
168.235.207.83 - - [12/Jun/2017:08:20:30 -0700] "GET /twitter-icon.png HTTP/1.1" 200 27787 "http://www.secrepo.com/" "NokiaC3-00/5.0 (08.70) Profile/MIDP-2.1 Configuration/CLDC-1.1 UCWEB/2.0 (Java; U; MIDP-2.0; en-US; NokiaC3-00) U2/1.0.0 UCBrowser/9.5.0.449 U2/1.0.0 Mobile" 
168.235.207.83 - - [12/Jun/2017:08:20:30 -0700] "GET /GitHub-Mark.png HTTP/1.1" 200 7428 "http://www.secrepo.com/" "NokiaC3-00/5.0 (08.70) Profile/MIDP-2.1 Configuration/CLDC-1.1 UCWEB/2.0 (Java; U; MIDP-2.0; en-US; NokiaC3-00) U2/1.0.0 UCBrowser/9.5.0.449 U2/1.0.0 Mobile" 
168.235.207.83 - - [12/Jun/2017:08:20:30 -0700] "GET /bootstrap/img/favicon.ico HTTP/1.1" 200 590 "-" "NokiaC3-00/5.0 (08.70) Profile/MIDP-2.1 Configuration/CLDC-1.1 UCWEB/2.0 (Java; U; MIDP-2.0; en-US; NokiaC3-00) U2/1.0.0 UCBrowser/9.5.0.449 U2/1.0.0 Mobile" 
89.101.22.249 - - [12/Jun/2017:08:22:08 -0700] "GET /maccdc2012/dns.log.gz HTTP/1.1" 200 6629420 "-" "Mozilla/5.0 (Macintosh; Intel Mac OS X 10_12_5) AppleWebKit/537.36 (KHTML, like Gecko) Chrome/58.0.3029.110 Safari/537.36" 
188.232.115.50 - - [12/Jun/2017:08:23:23 -0700] "GET /wp-login.php HTTP/1.1" 301 522 "-" "Mozilla/5.0 (Windows NT 6.1; WOW64; rv:40.0) Gecko/20100101 Firefox/40.1" 
188.232.115.50 - - [12/Jun/2017:08:23:23 -0700] "GET /wp-login.php HTTP/1.1" 404 295 "-" "Mozilla/5.0 (Windows NT 6.1; WOW64; rv:40.0) Gecko/20100101 Firefox/40.1" 
217.182.132.5 - - [12/Jun/2017:08:23:25 -0700] "GET /self.logs/access.log.2016-11-02.gz HTTP/1.1" 200 9761 "-" "Mozilla/5.0 (compatible; AhrefsBot/5.2; +http://ahrefs.com/robot/)" 
188.232.115.50 - - [12/Jun/2017:08:23:29 -0700] "GET /wp-login.php HTTP/1.1" 301 522 "-" "Mozilla/5.0 (Windows NT 6.1; WOW64; rv:40.0) Gecko/20100101 Firefox/40.1" 
188.232.115.50 - - [12/Jun/2017:08:23:29 -0700] "GET /wp-login.php HTTP/1.1" 404 295 "-" "Mozilla/5.0 (Windows NT 6.1; WOW64; rv:40.0) Gecko/20100101 Firefox/40.1" 
188.232.115.50 - - [12/Jun/2017:08:23:34 -0700] "GET / HTTP/1.1" 301 498 "-" "Mozilla/5.0 (Windows NT 6.1; WOW64; rv:40.0) Gecko/20100101 Firefox/40.1" 
188.232.115.50 - - [12/Jun/2017:08:23:35 -0700] "GET / HTTP/1.1" 200 36475 "-" "Mozilla/5.0 (Windows NT 6.1; WOW64; rv:40.0) Gecko/20100101 Firefox/40.1" 
218.107.132.177 - - [12/Jun/2017:08:23:51 -0700] "GET /maccdc2012/ssh.log.gz HTTP/1.1" 200 182517 "-" "Mozilla/5.0 (Windows NT 6.1; WOW64) AppleWebKit/537.36 (KHTML, like Gecko) Chrome/58.0.3029.110 Safari/537.36" 
216.244.86.114 - - [12/Jun/2017:08:24:24 -0700] "GET /wp-content/plugins/wp-easy-gallery-pro/admin/php.php HTTP/1.1" 404 303 "http://www.secrepo.com/wp-content/plugins/wp-easy-gallery-pro/admin/php.php" "Mozilla/5.0 (Windows NT 6.1; WOW64) AppleWebKit/537.36 (KHTML, like Gecko) Chrome/42.0.2311.152 Safari/537.36" 
190.55.9.1 - - [12/Jun/2017:08:25:44 -0700] "GET /wp-login.php HTTP/1.1" 404 295 "-" "Mozilla/5.0 (Windows NT 6.1; WOW64; rv:40.0) Gecko/20100101 Firefox/40.1" 
190.55.9.1 - - [12/Jun/2017:08:25:49 -0700] "GET /wp-login.php HTTP/1.1" 404 295 "-" "Mozilla/5.0 (Windows NT 6.1; WOW64; rv:40.0) Gecko/20100101 Firefox/40.1" 
190.55.9.1 - - [12/Jun/2017:08:25:54 -0700] "GET / HTTP/1.1" 200 36475 "-" "Mozilla/5.0 (Windows NT 6.1; WOW64; rv:40.0) Gecko/20100101 Firefox/40.1" 
190.55.9.1 - - [12/Jun/2017:08:26:03 -0700] "GET /wp-login.php HTTP/1.1" 301 522 "-" "Mozilla/5.0 (Windows NT 6.1; WOW64; rv:40.0) Gecko/20100101 Firefox/40.1" 
190.55.9.1 - - [12/Jun/2017:08:26:03 -0700] "GET /wp-login.php HTTP/1.1" 404 295 "-" "Mozilla/5.0 (Windows NT 6.1; WOW64; rv:40.0) Gecko/20100101 Firefox/40.1" 
190.55.9.1 - - [12/Jun/2017:08:26:08 -0700] "GET /wp-login.php HTTP/1.1" 301 522 "-" "Mozilla/5.0 (Windows NT 6.1; WOW64; rv:40.0) Gecko/20100101 Firefox/40.1" 
190.55.9.1 - - [12/Jun/2017:08:26:09 -0700] "GET /wp-login.php HTTP/1.1" 404 295 "-" "Mozilla/5.0 (Windows NT 6.1; WOW64; rv:40.0) Gecko/20100101 Firefox/40.1" 
190.55.9.1 - - [12/Jun/2017:08:26:14 -0700] "GET / HTTP/1.1" 301 498 "-" "Mozilla/5.0 (Windows NT 6.1; WOW64; rv:40.0) Gecko/20100101 Firefox/40.1" 
190.55.9.1 - - [12/Jun/2017:08:26:14 -0700] "GET / HTTP/1.1" 200 36475 "-" "Mozilla/5.0 (Windows NT 6.1; WOW64; rv:40.0) Gecko/20100101 Firefox/40.1" 
60.49.84.23 - - [12/Jun/2017:08:26:28 -0700] "GET /wp-login.php HTTP/1.1" 404 295 "-" "Mozilla/5.0 (Windows NT 6.1; WOW64; rv:40.0) Gecko/20100101 Firefox/40.1" 
60.49.84.23 - - [12/Jun/2017:08:26:33 -0700] "GET / HTTP/1.1" 200 36475 "-" "Mozilla/5.0 (Windows NT 6.1; WOW64; rv:40.0) Gecko/20100101 Firefox/40.1" 
103.229.85.94 - - [12/Jun/2017:08:28:43 -0700] "GET /honeypot/Honeypot%20-%20Howto%20-%20BSides%20Austin.pdf HTTP/1.1" 200 305970 "http://www.secrepo.com/" "Mozilla/5.0 (Windows NT 6.1) AppleWebKit/537.36 (KHTML, like Gecko) Chrome/39.0.2171.95 Safari/537.36" 
218.107.132.177 - - [12/Jun/2017:08:27:33 -0700] "GET /pe_static/zeus.zip HTTP/1.1" 200 14364160 "-" "Mozilla/5.0 (Windows NT 6.1; WOW64) AppleWebKit/537.36 (KHTML, like Gecko) Chrome/58.0.3029.110 Safari/537.36" 
84.84.43.25 - - [12/Jun/2017:08:28:12 -0700] "GET /maccdc2012/maccdc2012_full_alert.7z HTTP/1.1" 200 24978942 "http://www.secrepo.com/" "Mozilla/5.0 (Windows NT 6.3; WOW64; Trident/7.0; rv:11.0) like Gecko" 
84.84.43.25 - - [12/Jun/2017:08:29:32 -0700] "GET /squid/access.log.gz HTTP/1.1" 200 23177322 "-" "Mozilla/5.0 (Windows NT 6.3; WOW64; Trident/7.0; rv:11.0) like Gecko" 
84.84.43.25 - - [12/Jun/2017:08:20:48 -0700] "GET /Security-Data-Analysis/Lab_1/conn.log.zip HTTP/1.1" 200 549098528 "http://www.secrepo.com/" "Mozilla/5.0 (Windows NT 6.3; WOW64; Trident/7.0; rv:11.0) like Gecko" 
92.128.79.125 - - [12/Jun/2017:08:37:03 -0700] "GET / HTTP/1.0" 200 10756 "-" "Mozilla/5.0 (Windows NT 5.1; rv:27.0) Gecko/20100101 Firefox/27.0" 
92.128.79.125 - - [12/Jun/2017:08:37:03 -0700] "GET /bootstrap/img/favicon.ico HTTP/1.0" 200 553 "-" "Mozilla/5.0 (Windows NT 5.1; rv:27.0) Gecko/20100101 Firefox/27.0" 
92.128.79.125 - - [12/Jun/2017:08:37:03 -0700] "GET /GitHub-Mark.png HTTP/1.0" 200 7391 "http://www.secrepo.com/" "Mozilla/5.0 (Windows NT 5.1; rv:27.0) Gecko/20100101 Firefox/27.0" 
92.128.79.125 - - [12/Jun/2017:08:37:03 -0700] "GET /twitter-icon.png HTTP/1.0" 200 27751 "http://www.secrepo.com/" "Mozilla/5.0 (Windows NT 5.1; rv:27.0) Gecko/20100101 Firefox/27.0" 
119.103.183.90 - - [12/Jun/2017:08:37:41 -0700] "GET / HTTP/1.1" 200 10793 "http://link.zhihu.com/?target=http%3A//www.secrepo.com/" "Futureve/4.52.1 Mozilla/5.0 (Linux; Android 6.0; ZTE BV0720 Build/MRA58K; wv) AppleWebKit/537.36 (KHTML, like Gecko) Version/4.0 Chrome/50.0.2661.86 Mobile Safari/537.36" 
119.103.183.90 - - [12/Jun/2017:08:37:43 -0700] "GET /GitHub-Mark.png HTTP/1.1" 200 7428 "http://www.secrepo.com/" "Futureve/4.52.1 Mozilla/5.0 (Linux; Android 6.0; ZTE BV0720 Build/MRA58K; wv) AppleWebKit/537.36 (KHTML, like Gecko) Version/4.0 Chrome/50.0.2661.86 Mobile Safari/537.36" 
119.103.183.90 - - [12/Jun/2017:08:37:43 -0700] "GET /twitter-icon.png HTTP/1.1" 200 27787 "http://www.secrepo.com/" "Futureve/4.52.1 Mozilla/5.0 (Linux; Android 6.0; ZTE BV0720 Build/MRA58K; wv) AppleWebKit/537.36 (KHTML, like Gecko) Version/4.0 Chrome/50.0.2661.86 Mobile Safari/537.36" 
119.103.183.90 - - [12/Jun/2017:08:37:49 -0700] "GET /bootstrap/img/favicon.ico HTTP/1.1" 200 590 "http://www.secrepo.com/" "Futureve/4.52.1 Mozilla/5.0 (Linux; Android 6.0; ZTE BV0720 Build/MRA58K; wv) AppleWebKit/537.36 (KHTML, like Gecko) Version/4.0 Chrome/50.0.2661.86 Mobile Safari/537.36" 
5.196.87.171 - - [12/Jun/2017:08:39:26 -0700] "GET /self.logs/?C=S;O=A HTTP/1.1" 200 20081 "-" "Mozilla/5.0 (compatible; AhrefsBot/5.2; +http://ahrefs.com/robot/)" 
104.129.194.81 - - [12/Jun/2017:08:43:03 -0700] "GET / HTTP/1.1" 200 10793 "-" "Mozilla/5.0 (Windows NT 10.0; Win64; x64) AppleWebKit/537.36 (KHTML, like Gecko) Chrome/58.0.3029.110 Safari/537.36" 
104.129.194.81 - - [12/Jun/2017:08:43:04 -0700] "GET /twitter-icon.png HTTP/1.1" 200 27787 "http://www.secrepo.com/" "Mozilla/5.0 (Windows NT 10.0; Win64; x64) AppleWebKit/537.36 (KHTML, like Gecko) Chrome/58.0.3029.110 Safari/537.36" 
104.129.194.81 - - [12/Jun/2017:08:43:04 -0700] "GET /GitHub-Mark.png HTTP/1.1" 200 7427 "http://www.secrepo.com/" "Mozilla/5.0 (Windows NT 10.0; Win64; x64) AppleWebKit/537.36 (KHTML, like Gecko) Chrome/58.0.3029.110 Safari/537.36" 
104.129.194.81 - - [12/Jun/2017:08:43:06 -0700] "GET /bootstrap/img/favicon.ico HTTP/1.1" 200 590 "http://www.secrepo.com/" "Mozilla/5.0 (Windows NT 10.0; Win64; x64) AppleWebKit/537.36 (KHTML, like Gecko) Chrome/58.0.3029.110 Safari/537.36" 
218.107.132.170 - - [12/Jun/2017:08:44:46 -0700] "GET /maccdc2012/dns.log.gz HTTP/1.1" 200 6629420 "-" "Mozilla/5.0 (Windows NT 10.0; WOW64) AppleWebKit/537.36 (KHTML, like Gecko) Chrome/58.0.3029.110 Safari/537.36" 
218.107.132.170 - - [12/Jun/2017:08:45:40 -0700] "GET /self.logs/ HTTP/1.1" 200 17891 "http://www.secrepo.com/" "Mozilla/5.0 (Windows NT 10.0; WOW64) AppleWebKit/537.36 (KHTML, like Gecko) Chrome/58.0.3029.110 Safari/537.36" 
218.107.132.170 - - [12/Jun/2017:08:45:41 -0700] "GET /favicon.ico HTTP/1.1" 200 267 "http://www.secrepo.com/self.logs/" "Mozilla/5.0 (Windows NT 10.0; WOW64) AppleWebKit/537.36 (KHTML, like Gecko) Chrome/58.0.3029.110 Safari/537.36" 
218.107.132.170 - - [12/Jun/2017:08:45:43 -0700] "GET /self.logs/access.log.2015-01-17.gz HTTP/1.1" 200 3596 "http://www.secrepo.com/self.logs/" "Mozilla/5.0 (Windows NT 10.0; WOW64) AppleWebKit/537.36 (KHTML, like Gecko) Chrome/58.0.3029.110 Safari/537.36" 
218.107.132.170 - - [12/Jun/2017:08:44:09 -0700] "GET /maccdc2012/conn.log.gz HTTP/1.1" 200 62627619 "-" "Mozilla/5.0 (Windows NT 10.0; WOW64) AppleWebKit/537.36 (KHTML, like Gecko) Chrome/58.0.3029.110 Safari/537.36" 
85.159.207.5 - - [12/Jun/2017:08:49:59 -0700] "GET /auth.log/auth.log.gz HTTP/1.1" 200 554524 "http://www.secrepo.com/" "Mozilla/5.0 (Windows NT 6.1; WOW64; rv:53.0) Gecko/20100101 Firefox/53.0" 
64.233.172.189 - - [12/Jun/2017:08:50:48 -0700] "GET /maccdc2012/dns.log.gz HTTP/1.1" 200 6607269 "https://www.google.com/" "Mozilla/5.0 (Windows NT 6.1; Win64; x64) AppleWebKit/537.36 (KHTML, like Gecko) Chrome/58.0.3029.110 Safari/537.36" 
205.175.217.219 - - [12/Jun/2017:08:51:44 -0700] "GET / HTTP/1.1" 200 10793 "-" "Mozilla/5.0 (Macintosh; Intel Mac OS X 10_11_6) AppleWebKit/537.36 (KHTML, like Gecko) Chrome/58.0.3029.110 Safari/537.36" 
205.175.217.219 - - [12/Jun/2017:08:51:44 -0700] "GET /twitter-icon.png HTTP/1.1" 200 27787 "http://www.secrepo.com/" "Mozilla/5.0 (Macintosh; Intel Mac OS X 10_11_6) AppleWebKit/537.36 (KHTML, like Gecko) Chrome/58.0.3029.110 Safari/537.36" 
205.175.217.219 - - [12/Jun/2017:08:51:44 -0700] "GET /GitHub-Mark.png HTTP/1.1" 200 7428 "http://www.secrepo.com/" "Mozilla/5.0 (Macintosh; Intel Mac OS X 10_11_6) AppleWebKit/537.36 (KHTML, like Gecko) Chrome/58.0.3029.110 Safari/537.36" 
205.175.217.219 - - [12/Jun/2017:08:51:44 -0700] "GET /bootstrap/img/favicon.ico HTTP/1.1" 200 589 "http://www.secrepo.com/" "Mozilla/5.0 (Macintosh; Intel Mac OS X 10_11_6) AppleWebKit/537.36 (KHTML, like Gecko) Chrome/58.0.3029.110 Safari/537.36" 
64.233.172.191 - - [12/Jun/2017:08:52:25 -0700] "GET /maccdc2012/dns.log.gz HTTP/1.1" 200 6607269 "https://www.google.com/" "Mozilla/5.0 (Windows NT 6.1; Win64; x64) AppleWebKit/537.36 (KHTML, like Gecko) Chrome/58.0.3029.110 Safari/537.36" 
205.175.217.219 - - [12/Jun/2017:08:52:14 -0700] "GET /Security-Data-Analysis/Lab_1/conn.log.zip HTTP/1.1" 200 208560476 "-" "Mozilla/5.0 (Macintosh; Intel Mac OS X 10_11_6) AppleWebKit/537.36 (KHTML, like Gecko) Chrome/58.0.3029.110 Safari/537.36" 
64.233.172.189 - - [12/Jun/2017:08:54:00 -0700] "GET /maccdc2012/dns.log.gz HTTP/1.1" 200 6607269 "https://www.google.com/" "Mozilla/5.0 (Windows NT 10.0; Win64; x64) AppleWebKit/537.36 (KHTML, like Gecko) Chrome/58.0.3029.110 Safari/537.36" 
205.175.217.219 - - [12/Jun/2017:08:53:26 -0700] "GET /maccdc2012/conn.log.gz HTTP/1.1" 200 431179575 "-" "Mozilla/5.0 (Macintosh; Intel Mac OS X 10_11_6) AppleWebKit/537.36 (KHTML, like Gecko) Chrome/58.0.3029.110 Safari/537.36" 
85.159.207.5 - - [12/Jun/2017:08:55:17 -0700] "GET /maccdc2012/ssh.log.gz HTTP/1.1" 200 182517 "http://www.secrepo.com/" "Mozilla/5.0 (Windows NT 6.1; WOW64; rv:53.0) Gecko/20100101 Firefox/53.0" 
205.175.217.219 - - [12/Jun/2017:08:55:19 -0700] "GET /maccdc2012/ssh.log.gz HTTP/1.1" 200 182517 "-" "Mozilla/5.0 (Macintosh; Intel Mac OS X 10_11_6) AppleWebKit/537.36 (KHTML, like Gecko) Chrome/58.0.3029.110 Safari/537.36" 
41.143.66.86 - - [12/Jun/2017:08:55:45 -0700] "GET /wp-login.php HTTP/1.1" 404 295 "-" "Mozilla/5.0 (Windows NT 6.1; WOW64; rv:40.0) Gecko/20100101 Firefox/40.1" 
41.143.66.86 - - [12/Jun/2017:08:55:50 -0700] "GET /wp-login.php HTTP/1.1" 404 295 "-" "Mozilla/5.0 (Windows NT 6.1; WOW64; rv:40.0) Gecko/20100101 Firefox/40.1" 
41.143.66.86 - - [12/Jun/2017:08:55:55 -0700] "GET / HTTP/1.1" 200 36475 "-" "Mozilla/5.0 (Windows NT 6.1; WOW64; rv:40.0) Gecko/20100101 Firefox/40.1" 
218.107.132.177 - - [12/Jun/2017:08:54:37 -0700] "GET /maccdc2012/conn.log.gz HTTP/1.1" 200 2197819 "-" "Mozilla/5.0 (Windows NT 6.1; WOW64) AppleWebKit/537.36 (KHTML, like Gecko) Chrome/58.0.3029.110 Safari/537.36" 
218.107.132.177 - - [12/Jun/2017:08:54:44 -0700] "GET /maccdc2012/files.log.gz HTTP/1.1" 200 512346 "-" "Mozilla/5.0 (Windows NT 6.1; WOW64) AppleWebKit/537.36 (KHTML, like Gecko) Chrome/58.0.3029.110 Safari/537.36" 
216.244.66.227 - - [12/Jun/2017:08:58:45 -0700] "GET /robots.txt HTTP/1.1" 200 233 "-" "Mozilla/5.0 (compatible; DotBot/1.1; http://www.opensiteexplorer.org/dotbot, help@moz.com)" 
129.34.20.19 - - [12/Jun/2017:09:02:50 -0700] "GET / HTTP/1.1" 200 10793 "-" "Mozilla/5.0 (Macintosh; Intel Mac OS X 10_12_4) AppleWebKit/537.36 (KHTML, like Gecko) Chrome/58.0.3029.110 Safari/537.36" 
129.34.20.19 - - [12/Jun/2017:09:02:50 -0700] "GET /GitHub-Mark.png HTTP/1.1" 200 7428 "http://www.secrepo.com/" "Mozilla/5.0 (Macintosh; Intel Mac OS X 10_12_4) AppleWebKit/537.36 (KHTML, like Gecko) Chrome/58.0.3029.110 Safari/537.36" 
129.34.20.19 - - [12/Jun/2017:09:02:50 -0700] "GET /twitter-icon.png HTTP/1.1" 200 27787 "http://www.secrepo.com/" "Mozilla/5.0 (Macintosh; Intel Mac OS X 10_12_4) AppleWebKit/537.36 (KHTML, like Gecko) Chrome/58.0.3029.110 Safari/537.36" 
129.34.20.19 - - [12/Jun/2017:09:02:51 -0700] "GET /bootstrap/img/favicon.ico HTTP/1.1" 200 589 "http://www.secrepo.com/" "Mozilla/5.0 (Macintosh; Intel Mac OS X 10_12_4) AppleWebKit/537.36 (KHTML, like Gecko) Chrome/58.0.3029.110 Safari/537.36" 
5.196.87.171 - - [12/Jun/2017:09:05:34 -0700] "GET /self.logs/?C=N;O=D HTTP/1.1" 200 17856 "-" "Mozilla/5.0 (compatible; AhrefsBot/5.2; +http://ahrefs.com/robot/)" 
206.188.26.36 - - [12/Jun/2017:09:08:19 -0700] "GET / HTTP/1.1" 200 10793 "https://www.google.com/" "Mozilla/5.0 (Macintosh; Intel Mac OS X 10_12_5) AppleWebKit/537.36 (KHTML, like Gecko) Chrome/58.0.3029.110 Safari/537.36" 
206.188.26.36 - - [12/Jun/2017:09:08:20 -0700] "GET /twitter-icon.png HTTP/1.1" 200 27787 "http://www.secrepo.com/" "Mozilla/5.0 (Macintosh; Intel Mac OS X 10_12_5) AppleWebKit/537.36 (KHTML, like Gecko) Chrome/58.0.3029.110 Safari/537.36" 
206.188.26.36 - - [12/Jun/2017:09:08:20 -0700] "GET /GitHub-Mark.png HTTP/1.1" 200 7428 "http://www.secrepo.com/" "Mozilla/5.0 (Macintosh; Intel Mac OS X 10_12_5) AppleWebKit/537.36 (KHTML, like Gecko) Chrome/58.0.3029.110 Safari/537.36" 
206.188.26.36 - - [12/Jun/2017:09:08:21 -0700] "GET /bootstrap/img/favicon.ico HTTP/1.1" 200 589 "http://www.secrepo.com/" "Mozilla/5.0 (Macintosh; Intel Mac OS X 10_12_5) AppleWebKit/537.36 (KHTML, like Gecko) Chrome/58.0.3029.110 Safari/537.36" 
85.159.207.5 - - [12/Jun/2017:09:08:33 -0700] "GET /auth.log/auth.log.gz HTTP/1.1" 200 554524 "http://www.secrepo.com/" "Mozilla/5.0 (Windows NT 6.1; WOW64; rv:53.0) Gecko/20100101 Firefox/53.0" 
223.72.70.23 - - [12/Jun/2017:09:08:36 -0700] "GET / HTTP/1.1" 304 189 "-" "Mozilla/5.0 (Windows NT 6.3; WOW64; rv:53.0) Gecko/20100101 Firefox/53.0" 
216.244.66.227 - - [12/Jun/2017:09:08:38 -0700] "GET /self.logs/access.log.2015-01-23.gz HTTP/1.1" 200 2056 "-" "Mozilla/5.0 (compatible; DotBot/1.1; http://www.opensiteexplorer.org/dotbot, help@moz.com)" 
216.244.66.227 - - [12/Jun/2017:09:08:42 -0700] "GET /self.logs/access.log.2015-04-15.gz HTTP/1.1" 200 20595 "-" "Mozilla/5.0 (compatible; DotBot/1.1; http://www.opensiteexplorer.org/dotbot, help@moz.com)" 
216.244.66.227 - - [12/Jun/2017:09:08:44 -0700] "GET /self.logs/access.log.2016-05-15.gz HTTP/1.1" 200 7210 "-" "Mozilla/5.0 (compatible; DotBot/1.1; http://www.opensiteexplorer.org/dotbot, help@moz.com)" 
216.244.66.227 - - [12/Jun/2017:09:08:46 -0700] "GET /self.logs/error.log.2016-06-19.gz HTTP/1.1" 200 555 "-" "Mozilla/5.0 (compatible; DotBot/1.1; http://www.opensiteexplorer.org/dotbot, help@moz.com)" 
216.244.66.227 - - [12/Jun/2017:09:08:47 -0700] "GET /self.logs/error.log.2016-09-27.gz HTTP/1.1" 200 616 "-" "Mozilla/5.0 (compatible; DotBot/1.1; http://www.opensiteexplorer.org/dotbot, help@moz.com)" 
85.159.207.5 - - [12/Jun/2017:09:08:56 -0700] "GET /auth.log/ HTTP/1.1" 200 527 "-" "Mozilla/5.0 (Windows NT 6.1; WOW64; rv:53.0) Gecko/20100101 Firefox/53.0" 
