138.4.216.233 - - [31/Mar/2016:02:03:07 -0700] "GET / HTTP/1.1" 200 8680 "https://www.google.com/" "Mozilla/5.0 (Macintosh; Intel Mac OS X 10_11_2) AppleWebKit/537.36 (KHTML, like Gecko) Chrome/49.0.2623.87 Safari/537.36" 
138.4.216.233 - - [31/Mar/2016:02:03:07 -0700] "GET /twitter-icon.png HTTP/1.1" 200 27787 "http://www.secrepo.com/" "Mozilla/5.0 (Macintosh; Intel Mac OS X 10_11_2) AppleWebKit/537.36 (KHTML, like Gecko) Chrome/49.0.2623.87 Safari/537.36" 
138.4.216.233 - - [31/Mar/2016:02:03:07 -0700] "GET /GitHub-Mark.png HTTP/1.1" 200 7428 "http://www.secrepo.com/" "Mozilla/5.0 (Macintosh; Intel Mac OS X 10_11_2) AppleWebKit/537.36 (KHTML, like Gecko) Chrome/49.0.2623.87 Safari/537.36" 
138.4.216.233 - - [31/Mar/2016:02:03:08 -0700] "GET /GitHub-Mark.png HTTP/1.1" 200 7428 "http://www.secrepo.com/" "Mozilla/5.0 (Macintosh; Intel Mac OS X 10_11_2) AppleWebKit/537.36 (KHTML, like Gecko) Chrome/49.0.2623.87 Safari/537.36" 
138.4.216.233 - - [31/Mar/2016:02:03:08 -0700] "GET /twitter-icon.png HTTP/1.1" 206 322 "http://www.secrepo.com/" "Mozilla/5.0 (Macintosh; Intel Mac OS X 10_11_2) AppleWebKit/537.36 (KHTML, like Gecko) Chrome/49.0.2623.87 Safari/537.36" 
138.4.216.233 - - [31/Mar/2016:02:03:09 -0700] "GET /twitter-icon.png HTTP/1.1" 206 16431 "http://www.secrepo.com/" "Mozilla/5.0 (Macintosh; Intel Mac OS X 10_11_2) AppleWebKit/537.36 (KHTML, like Gecko) Chrome/49.0.2623.87 Safari/537.36" 
138.4.216.233 - - [31/Mar/2016:02:03:10 -0700] "GET /bootstrap/img/favicon.ico HTTP/1.1" 200 589 "http://www.secrepo.com/" "Mozilla/5.0 (Macintosh; Intel Mac OS X 10_11_2) AppleWebKit/537.36 (KHTML, like Gecko) Chrome/49.0.2623.87 Safari/537.36" 
77.75.79.109 - - [31/Mar/2016:02:09:02 -0700] "GET /robots.txt HTTP/1.1" 200 334 "-" "Mozilla/5.0 (compatible; SeznamBot/3.2; +http://fulltext.sblog.cz/)" 
77.75.79.109 - - [31/Mar/2016:02:09:03 -0700] "GET /self.logs/error.log.2015-08-08.gz HTTP/1.1" 200 779 "-" "Mozilla/5.0 (compatible; SeznamBot/3.2; +http://fulltext.sblog.cz/)" 
111.7.128.40 - - [31/Mar/2016:02:09:04 -0700] "GET /tg/a.zip HTTP/1.1" 304 132 "-" "Mozilla/5.0 Gecko/20100115 Firefox/3.6" 
211.137.56.201 - - [31/Mar/2016:02:10:35 -0700] "GET /tg/a.zip HTTP/1.1" 304 132 "-" "Mozilla/5.0 Gecko/20100115 Firefox/3.6" 
95.128.91.242 - - [31/Mar/2016:02:16:25 -0700] "GET /maccdc2012/conn.log.gz HTTP/1.1" 200 65398695 "-" "Mozilla/5.0 (Windows NT 6.1; WOW64; rv:38.0) Gecko/20100101 Firefox/38.0" 
95.128.91.242 - - [31/Mar/2016:02:27:50 -0700] "GET /maccdc2012/conn.log.gz HTTP/1.1" 200 76141163 "-" "Mozilla/5.0 (Windows NT 6.1; WOW64; rv:38.0) Gecko/20100101 Firefox/38.0" 
157.55.39.190 - - [31/Mar/2016:02:50:08 -0700] "GET /honeypot/Honeypot%20-%20Howto%20-%20BSides%20Austin.pdf HTTP/1.1" 200 2928460 "-" "Mozilla/5.0 (iPhone; CPU iPhone OS 7_0 like Mac OS X) AppleWebKit/537.51.1 (KHTML, like Gecko) Version/7.0 Mobile/11A465 Safari/9537.53 (compatible; bingbot/2.0; +http://www.bing.com/bingbot.htm)" 
203.205.141.123 - - [31/Mar/2016:02:55:06 -0700] "GET / HTTP/1.1" 200 8680 "-" "Mozilla/5.0 (Windows NT 6.1; WOW64) AppleWebKit/537.36 (KHTML, like Gecko) Chrome/49.0.2623.108 Safari/537.36" 
203.205.141.123 - - [31/Mar/2016:02:55:08 -0700] "GET /GitHub-Mark.png HTTP/1.1" 200 7428 "http://www.secrepo.com/" "Mozilla/5.0 (Windows NT 6.1; WOW64) AppleWebKit/537.36 (KHTML, like Gecko) Chrome/49.0.2623.108 Safari/537.36" 
203.205.141.123 - - [31/Mar/2016:02:55:08 -0700] "GET /twitter-icon.png HTTP/1.1" 200 27787 "http://www.secrepo.com/" "Mozilla/5.0 (Windows NT 6.1; WOW64) AppleWebKit/537.36 (KHTML, like Gecko) Chrome/49.0.2623.108 Safari/537.36" 
203.205.141.123 - - [31/Mar/2016:02:55:09 -0700] "GET /bootstrap/img/favicon.ico HTTP/1.1" 200 589 "http://www.secrepo.com/" "Mozilla/5.0 (Windows NT 6.1; WOW64) AppleWebKit/537.36 (KHTML, like Gecko) Chrome/49.0.2623.108 Safari/537.36" 
180.153.206.17 - - [31/Mar/2016:02:55:11 -0700] "GET / HTTP/1.1" 200 28422 "-" "Mozilla/5.0 (Linux; U; Android 4.4.2; zh-cn; GT-I9500 Build/KOT49H) AppleWebKit/537.36 (KHTML, like Gecko)Version/4.0 MQQBrowser/5.0 QQ-URL-Manager Mobile Safari/537.36" 
180.153.206.17 - - [31/Mar/2016:03:01:04 -0700] "GET //ajax.googleapis.com/ajax/libs/jquery/2.0.2/jquery.min.js HTTP/1.1" 404 284 "http://www.secrepo.com//ajax.googleapis.com/ajax/libs/jquery/2.0.2/jquery.min.js" "Mozilla/5.0 (Linux; U; Android 4.4.2; zh-cn; GT-I9500 Build/KOT49H) AppleWebKit/537.36 (KHTML, like Gecko)Version/4.0 MQQBrowser/5.0 QQ-URL-Manager Mobile Safari/537.36" 
180.153.206.17 - - [31/Mar/2016:03:01:05 -0700] "GET //netdna.bootstrapcdn.com/bootstrap/3.1.1/js/bootstrap.min.js HTTP/1.1" 404 284 "http://www.secrepo.com//netdna.bootstrapcdn.com/bootstrap/3.1.1/js/bootstrap.min.js" "Mozilla/5.0 (Linux; U; Android 4.4.2; zh-cn; GT-I9500 Build/KOT49H) AppleWebKit/537.36 (KHTML, like Gecko)Version/4.0 MQQBrowser/5.0 QQ-URL-Manager Mobile Safari/537.36" 
180.153.206.17 - - [31/Mar/2016:03:01:05 -0700] "GET //html5shim.googlecode.com/svn/trunk/html5.js HTTP/1.1" 404 284 "http://www.secrepo.com//html5shim.googlecode.com/svn/trunk/html5.js" "Mozilla/5.0 (Linux; U; Android 4.4.2; zh-cn; GT-I9500 Build/KOT49H) AppleWebKit/537.36 (KHTML, like Gecko)Version/4.0 MQQBrowser/5.0 QQ-URL-Manager Mobile Safari/537.36" 
182.140.168.119 - - [31/Mar/2016:03:03:34 -0700] "GET /zeus/zeus_json.zip HTTP/1.1" 404 239 "http://download.mlot.cn:5678/oss/app_down_url?b=MDM0MTU%3D" "Mozilla/5.0 (Linux; U; Android 4.4.2; zh-cn; GT-I9500 Build/KOT49H) AppleWebKit/537.36 (KHTML, like Gecko)Version/4.0 MQQBrowser/5.0 Mobile Safari/537.36" 
95.128.91.242 - - [31/Mar/2016:03:05:27 -0700] "GET /maccdc2012/conn.log.gz HTTP/1.1" 200 60256803 "-" "Mozilla/5.0 (Windows NT 6.1; WOW64; rv:38.0) Gecko/20100101 Firefox/38.0" 
95.128.91.242 - - [31/Mar/2016:03:09:04 -0700] "GET /maccdc2012/conn.log.gz HTTP/1.1" 200 52642903 "-" "Mozilla/5.0 (Windows NT 6.1; WOW64; rv:38.0) Gecko/20100101 Firefox/38.0" 
218.200.66.203 - - [31/Mar/2016:03:10:36 -0700] "GET /tg/a.zip HTTP/1.1" 304 132 "-" "Mozilla/5.0 Gecko/20100115 Firefox/3.6" 
117.177.241.60 - - [31/Mar/2016:03:15:13 -0700] "GET /tg/a.zip HTTP/1.1" 304 132 "-" "Mozilla/5.0 Gecko/20100115 Firefox/3.6" 
95.128.91.242 - - [31/Mar/2016:03:16:27 -0700] "GET /maccdc2012/conn.log.gz HTTP/1.1" 200 86076903 "-" "Mozilla/5.0 (Windows NT 6.1; WOW64; rv:38.0) Gecko/20100101 Firefox/38.0" 
95.128.91.242 - - [31/Mar/2016:03:23:51 -0700] "GET /maccdc2012/conn.log.gz HTTP/1.1" 200 82688239 "-" "Mozilla/5.0 (Windows NT 6.1; WOW64; rv:38.0) Gecko/20100101 Firefox/38.0" 
117.190.191.170 - - [31/Mar/2016:03:26:05 -0700] "GET /tg/a.zip HTTP/1.1" 304 132 "-" "Mozilla/5.0 Gecko/20100115 Firefox/3.6" 
95.128.91.242 - - [31/Mar/2016:03:27:53 -0700] "GET /maccdc2012/conn.log.gz HTTP/1.1" 200 71977683 "-" "Mozilla/5.0 (Windows NT 6.1; WOW64; rv:38.0) Gecko/20100101 Firefox/38.0" 
41.140.154.129 - - [31/Mar/2016:03:31:44 -0700] "GET / HTTP/1.1" 200 8680 "-" "Mozilla/5.0 (Windows NT 6.3; WOW64) AppleWebKit/537.36 (KHTML, like Gecko) Chrome/49.0.2623.108 Safari/537.36" 
41.140.154.129 - - [31/Mar/2016:03:31:45 -0700] "GET /twitter-icon.png HTTP/1.1" 200 27787 "http://www.secrepo.com/" "Mozilla/5.0 (Windows NT 6.3; WOW64) AppleWebKit/537.36 (KHTML, like Gecko) Chrome/49.0.2623.108 Safari/537.36" 
41.140.154.129 - - [31/Mar/2016:03:31:45 -0700] "GET /GitHub-Mark.png HTTP/1.1" 200 7428 "http://www.secrepo.com/" "Mozilla/5.0 (Windows NT 6.3; WOW64) AppleWebKit/537.36 (KHTML, like Gecko) Chrome/49.0.2623.108 Safari/537.36" 
41.140.154.129 - - [31/Mar/2016:03:31:46 -0700] "GET /bootstrap/img/favicon.ico HTTP/1.1" 200 589 "http://www.secrepo.com/" "Mozilla/5.0 (Windows NT 6.3; WOW64) AppleWebKit/537.36 (KHTML, like Gecko) Chrome/49.0.2623.108 Safari/537.36" 
79.112.113.247 - - [31/Mar/2016:03:34:25 -0700] "GET /honeypot/Honeypot%20-%20Howto%20-%20BSides%20Austin.pdf HTTP/1.0" 200 62718 "-" "Mozilla/5.0 (Windows; U; Windows NT 6.0; en-US; rv:1.9b5) Gecko/2008032620 Firefox/3.0b5" 
95.128.91.242 - - [31/Mar/2016:03:36:10 -0700] "GET /maccdc2012/conn.log.gz HTTP/1.1" 200 104424723 "-" "Mozilla/5.0 (Windows NT 6.1; WOW64; rv:38.0) Gecko/20100101 Firefox/38.0" 
95.128.91.242 - - [31/Mar/2016:03:47:17 -0700] "GET /maccdc2012/conn.log.gz HTTP/1.1" 200 49962343 "-" "Mozilla/5.0 (Windows NT 6.1; WOW64; rv:38.0) Gecko/20100101 Firefox/38.0" 
95.128.91.242 - - [31/Mar/2016:03:48:16 -0700] "GET /maccdc2012/conn.log.gz HTTP/1.1" 200 74718791 "-" "Mozilla/5.0 (Windows NT 6.1; WOW64; rv:38.0) Gecko/20100101 Firefox/38.0" 
111.23.10.33 - - [31/Mar/2016:03:50:17 -0700] "GET /tg/a.zip HTTP/1.1" 304 132 "-" "Mozilla/5.0 Gecko/20100115 Firefox/3.6" 
111.23.4.148 - - [31/Mar/2016:03:53:33 -0700] "GET /tg/a.zip HTTP/1.1" 304 132 "-" "Mozilla/5.0 Gecko/20100115 Firefox/3.6" 
51.255.65.58 - - [31/Mar/2016:04:01:05 -0700] "GET /maccdc2012/signatures.log.gz HTTP/1.1" 200 549 "-" "Mozilla/5.0 (compatible; AhrefsBot/5.1; +http://ahrefs.com/robot/)" 
180.76.15.5 - - [31/Mar/2016:04:18:12 -0700] "GET /honeypot/Honeypot%20-%20Howto.pdf HTTP/1.1" 200 766500 "-" "Mozilla/5.0 (compatible; Baiduspider/2.0; +http://www.baidu.com/search/spider.html)" 
66.249.64.245 - - [31/Mar/2016:04:32:40 -0700] "GET / HTTP/1.1" 200 8680 "-" "SAMSUNG-SGH-E250/1.0 Profile/MIDP-2.0 Configuration/CLDC-1.1 UP.Browser/6.2.3.3.c.1.101 (GUI) MMP/2.0 (compatible; Googlebot-Mobile/2.1; +http://www.google.com/bot.html)" 
211.137.56.194 - - [31/Mar/2016:04:42:22 -0700] "GET /tg/a.zip HTTP/1.1" 304 132 "-" "Mozilla/5.0 Gecko/20100115 Firefox/3.6" 
211.137.56.172 - - [31/Mar/2016:04:42:55 -0700] "GET /tg/a.zip HTTP/1.1" 304 132 "-" "Mozilla/5.0 Gecko/20100115 Firefox/3.6" 
68.45.15.141 - - [31/Mar/2016:05:00:40 -0700] "GET / HTTP/1.1" 200 8680 "https://www.google.com/" "Mozilla/5.0 (X11; Linux x86_64) AppleWebKit/537.36 (KHTML, like Gecko) Ubuntu Chromium/49.0.2623.87 Chrome/49.0.2623.87 Safari/537.36" 
68.45.15.141 - - [31/Mar/2016:05:00:41 -0700] "GET /twitter-icon.png HTTP/1.1" 200 27787 "http://www.secrepo.com/" "Mozilla/5.0 (X11; Linux x86_64) AppleWebKit/537.36 (KHTML, like Gecko) Ubuntu Chromium/49.0.2623.87 Chrome/49.0.2623.87 Safari/537.36" 
68.45.15.141 - - [31/Mar/2016:05:00:41 -0700] "GET /GitHub-Mark.png HTTP/1.1" 200 7428 "http://www.secrepo.com/" "Mozilla/5.0 (X11; Linux x86_64) AppleWebKit/537.36 (KHTML, like Gecko) Ubuntu Chromium/49.0.2623.87 Chrome/49.0.2623.87 Safari/537.36" 
68.45.15.141 - - [31/Mar/2016:05:00:41 -0700] "GET /bootstrap/img/favicon.ico HTTP/1.1" 200 589 "http://www.secrepo.com/" "Mozilla/5.0 (X11; Linux x86_64) AppleWebKit/537.36 (KHTML, like Gecko) Ubuntu Chromium/49.0.2623.87 Chrome/49.0.2623.87 Safari/537.36" 
68.180.230.88 - - [31/Mar/2016:05:02:44 -0700] "GET /robots.txt HTTP/1.1" 200 233 "-" "Mozilla/5.0 (compatible; Yahoo! Slurp; http://help.yahoo.com/help/us/ysearch/slurp)" 
68.180.230.88 - - [31/Mar/2016:05:02:44 -0700] "GET /self.logs/access.log.2015-11-30.gz HTTP/1.1" 200 5170 "-" "Mozilla/5.0 (compatible; Yahoo! Slurp; http://help.yahoo.com/help/us/ysearch/slurp)" 
157.55.39.239 - - [31/Mar/2016:05:06:35 -0700] "GET / HTTP/1.1" 301 483 "-" "Mozilla/5.0 (compatible; bingbot/2.0; +http://www.bing.com/bingbot.htm)" 
111.7.128.40 - - [31/Mar/2016:05:09:08 -0700] "GET /tg/a.zip HTTP/1.1" 304 132 "-" "Mozilla/5.0 Gecko/20100115 Firefox/3.6" 
157.55.39.239 - - [31/Mar/2016:05:09:37 -0700] "GET / HTTP/1.1" 200 8680 "-" "Mozilla/5.0 (compatible; bingbot/2.0; +http://www.bing.com/bingbot.htm)" 
211.137.56.201 - - [31/Mar/2016:05:10:36 -0700] "GET /tg/a.zip HTTP/1.1" 304 132 "-" "Mozilla/5.0 Gecko/20100115 Firefox/3.6" 
46.119.127.4 - - [31/Mar/2016:05:45:08 -0700] "GET /honeypot/ HTTP/1.1" 200 1077 "http://hyipmanager.in/karta-sajta/" "Mozilla/4.0 (compatible; MSIE 6.0; Windows NT 5.1; FREE; .NET CLR 1.1.4322)" 
46.119.127.4 - - [31/Mar/2016:05:45:09 -0700] "GET /honeypot/ HTTP/1.1" 200 1077 "http://hyipmanager.in/karta-sajta/" "Mozilla/4.0 (compatible; MSIE 6.0; Windows NT 5.1; FREE; .NET CLR 1.1.4322)" 
106.38.241.146 - - [31/Mar/2016:05:50:25 -0700] "GET /robots.txt HTTP/1.1" 200 252 "-" "Sogou web spider/4.0(+http://www.sogou.com/docs/help/webmasters.htm#07)" 
106.38.241.146 - - [31/Mar/2016:05:50:30 -0700] "GET / HTTP/1.1" 200 8643 "-" "Sogou web spider/4.0(+http://www.sogou.com/docs/help/webmasters.htm#07)" 
164.132.161.53 - - [31/Mar/2016:05:53:30 -0700] "GET /self.logs/error.log.2015-08-10.gz HTTP/1.1" 200 502 "-" "Mozilla/5.0 (compatible; AhrefsBot/5.1; +http://ahrefs.com/robot/)" 
208.90.57.196 - - [31/Mar/2016:05:57:05 -0700] "GET / HTTP/1.1" 200 28422 "-" "Mozilla/5.0 (Windows NT 6.3; WOW64; rv:31.0) Gecko/20100101 Firefox/31.0" 
208.90.57.196 - - [31/Mar/2016:05:57:13 -0700] "GET /zeus/zeus_json.zip HTTP/1.1" 404 284 "-" "Mozilla/5.0 (Windows NT 6.3; WOW64; rv:31.0) Gecko/20100101 Firefox/31.0" 
218.200.66.203 - - [31/Mar/2016:06:10:42 -0700] "GET /tg/a.zip HTTP/1.1" 304 132 "-" "Mozilla/5.0 Gecko/20100115 Firefox/3.6" 
117.177.241.60 - - [31/Mar/2016:06:15:16 -0700] "GET /tg/a.zip HTTP/1.1" 304 132 "-" "Mozilla/5.0 Gecko/20100115 Firefox/3.6" 
199.16.156.124 - - [31/Mar/2016:06:17:51 -0700] "GET /robots.txt HTTP/1.1" 200 304 "-" "Twitterbot/1.0" 
199.16.156.125 - - [31/Mar/2016:06:17:51 -0700] "GET /honeypot/honeypot.json.zip HTTP/1.1" 200 4631817 "-" "Twitterbot/1.0" 
199.16.156.124 - - [31/Mar/2016:06:17:52 -0700] "GET /honeypot/Honeypot%20-%20Howto%20-%20BSides%20Austin.pdf HTTP/1.1" 200 2928404 "-" "Twitterbot/1.0" 
117.190.191.170 - - [31/Mar/2016:06:26:05 -0700] "GET /tg/a.zip HTTP/1.1" 304 132 "-" "Mozilla/5.0 Gecko/20100115 Firefox/3.6" 
180.76.15.142 - - [31/Mar/2016:06:26:35 -0700] "GET / HTTP/1.1" 200 21900 "-" "Mozilla/5.0 (compatible; Baiduspider/2.0; +http://www.baidu.com/search/spider.html)" 
180.76.15.141 - - [31/Mar/2016:06:27:08 -0700] "GET / HTTP/1.1" 200 21900 "-" "Mozilla/5.0 (compatible; Baiduspider/2.0; +http://www.baidu.com/search/spider.html)" 
46.218.101.203 - - [31/Mar/2016:06:35:35 -0700] "GET / HTTP/1.1" 200 8680 "http://www.mlsecproject.org/" "Mozilla/5.0 (X11; Linux x86_64; rv:45.0) Gecko/20100101 Firefox/45.0" 
46.218.101.203 - - [31/Mar/2016:06:35:57 -0700] "GET /twitter-icon.png HTTP/1.1" 200 27788 "http://www.secrepo.com/" "Mozilla/5.0 (X11; Linux x86_64; rv:45.0) Gecko/20100101 Firefox/45.0" 
46.218.101.203 - - [31/Mar/2016:06:35:57 -0700] "GET /GitHub-Mark.png HTTP/1.1" 200 7428 "http://www.secrepo.com/" "Mozilla/5.0 (X11; Linux x86_64; rv:45.0) Gecko/20100101 Firefox/45.0" 
46.218.101.203 - - [31/Mar/2016:06:36:50 -0700] "GET /bootstrap/img/favicon.ico HTTP/1.1" 200 590 "-" "Mozilla/5.0 (X11; Linux x86_64; rv:45.0) Gecko/20100101 Firefox/45.0" 
103.255.6.73 - - [31/Mar/2016:06:50:16 -0700] "GET / HTTP/1.1" 200 8680 "http://www.mlsecproject.org/" "Mozilla/5.0 (Macintosh; Intel Mac OS X 10_11_4) AppleWebKit/601.5.17 (KHTML, like Gecko) Version/9.1 Safari/601.5.17" 
103.255.6.73 - - [31/Mar/2016:06:50:17 -0700] "GET /twitter-icon.png HTTP/1.1" 200 27787 "http://www.secrepo.com/" "Mozilla/5.0 (Macintosh; Intel Mac OS X 10_11_4) AppleWebKit/601.5.17 (KHTML, like Gecko) Version/9.1 Safari/601.5.17" 
103.255.6.73 - - [31/Mar/2016:06:50:17 -0700] "GET /GitHub-Mark.png HTTP/1.1" 200 7428 "http://www.secrepo.com/" "Mozilla/5.0 (Macintosh; Intel Mac OS X 10_11_4) AppleWebKit/601.5.17 (KHTML, like Gecko) Version/9.1 Safari/601.5.17" 
111.23.10.33 - - [31/Mar/2016:06:50:17 -0700] "GET /tg/a.zip HTTP/1.1" 304 132 "-" "Mozilla/5.0 Gecko/20100115 Firefox/3.6" 
111.23.10.33 - - [31/Mar/2016:06:50:18 -0700] "GET /tg/a.zip HTTP/1.1" 200 52560 "-" "Mozilla/5.0 Gecko/20100115 Firefox/3.6" 
103.255.6.73 - - [31/Mar/2016:06:50:19 -0700] "GET /bootstrap/img/favicon.ico HTTP/1.1" 200 590 "http://www.secrepo.com/" "Mozilla/5.0 (Macintosh; Intel Mac OS X 10_11_4) AppleWebKit/601.5.17 (KHTML, like Gecko) Version/9.1 Safari/601.5.17" 
199.59.148.211 - - [31/Mar/2016:06:53:32 -0700] "GET /robots.txt HTTP/1.1" 200 304 "-" "Twitterbot/1.0" 
199.59.148.211 - - [31/Mar/2016:06:53:33 -0700] "GET /robots.txt HTTP/1.1" 200 304 "-" "Twitterbot/1.0" 
111.23.4.148 - - [31/Mar/2016:06:53:34 -0700] "GET /tg/a.zip HTTP/1.1" 304 132 "-" "Mozilla/5.0 Gecko/20100115 Firefox/3.6" 
199.59.148.211 - - [31/Mar/2016:06:53:34 -0700] "GET /honeypot/Honeypot%20-%20Howto%20-%20BSides%20Austin.pdf HTTP/1.1" 200 2928404 "-" "Twitterbot/1.0" 
199.59.148.211 - - [31/Mar/2016:06:53:33 -0700] "GET /honeypot/honeypot.json.zip HTTP/1.1" 200 4631817 "-" "Twitterbot/1.0" 
178.150.15.194 - - [31/Mar/2016:07:24:13 -0700] "GET /honeypot/BSidesDFW20-202014.ipynb HTTP/1.0" 404 284 "http://www.secrepo.com/honeypot/BSidesDFW20-202014.ipynb" "Mozilla/5.0 (Windows NT 6.3; WOW64) AppleWebKit/537.36 (KHTML, like Gecko) Chrome/48.0.2564.109 Safari/537.36" 
178.150.15.194 - - [31/Mar/2016:07:24:13 -0700] "GET / HTTP/1.0" 200 28422 "http://www.secrepo.com/" "Mozilla/5.0 (Windows NT 6.3; WOW64) AppleWebKit/537.36 (KHTML, like Gecko) Chrome/48.0.2564.109 Safari/537.36" 
72.163.217.102 - - [31/Mar/2016:07:29:59 -0700] "GET / HTTP/1.1" 304 189 "https://www.google.co.in/" "Mozilla/5.0 (Windows NT 6.1; WOW64) AppleWebKit/537.36 (KHTML, like Gecko) Chrome/49.0.2623.110 Safari/537.36" 
72.163.217.102 - - [31/Mar/2016:07:30:00 -0700] "GET /twitter-icon.png HTTP/1.1" 304 166 "http://www.secrepo.com/" "Mozilla/5.0 (Windows NT 6.1; WOW64) AppleWebKit/537.36 (KHTML, like Gecko) Chrome/49.0.2623.110 Safari/537.36" 
72.163.217.102 - - [31/Mar/2016:07:30:00 -0700] "GET /GitHub-Mark.png HTTP/1.1" 304 166 "http://www.secrepo.com/" "Mozilla/5.0 (Windows NT 6.1; WOW64) AppleWebKit/537.36 (KHTML, like Gecko) Chrome/49.0.2623.110 Safari/537.36" 
72.163.217.102 - - [31/Mar/2016:07:30:01 -0700] "GET /bootstrap/img/favicon.ico HTTP/1.1" 304 165 "http://www.secrepo.com/" "Mozilla/5.0 (Windows NT 6.1; WOW64) AppleWebKit/537.36 (KHTML, like Gecko) Chrome/49.0.2623.110 Safari/537.36" 
51.255.65.46 - - [31/Mar/2016:07:31:25 -0700] "GET /self.logs/error.log.2016-03-05.gz HTTP/1.1" 200 587 "-" "Mozilla/5.0 (compatible; AhrefsBot/5.1; +http://ahrefs.com/robot/)" 
72.163.217.102 - - [31/Mar/2016:07:35:43 -0700] "GET /maccdc2012/maccdc2012_fast_alert.7z HTTP/1.1" 200 9478149 "http://www.secrepo.com/" "Mozilla/5.0 (Windows NT 6.1; WOW64) AppleWebKit/537.36 (KHTML, like Gecko) Chrome/49.0.2623.110 Safari/537.36" 
120.198.231.24 - - [31/Mar/2016:07:37:57 -0700] "GET /honeypot/BSidesDFW%20-%202014.ipynb HTTP/1.1" 200 930836 "http://www.secrepo.com/" "Mozilla/5.0 (Windows NT 6.1; WOW64) AppleWebKit/537.36 (KHTML, like Gecko) Chrome/36.0.1985.125 Safari/537.36" 
164.132.161.80 - - [31/Mar/2016:07:39:58 -0700] "GET /self.logs/access.log.2015-02-28.gz HTTP/1.1" 200 2930 "-" "Mozilla/5.0 (compatible; AhrefsBot/5.1; +http://ahrefs.com/robot/)" 
211.137.56.194 - - [31/Mar/2016:07:42:28 -0700] "GET /tg/a.zip HTTP/1.1" 304 132 "-" "Mozilla/5.0 Gecko/20100115 Firefox/3.6" 
211.137.56.172 - - [31/Mar/2016:07:42:57 -0700] "GET /tg/a.zip HTTP/1.1" 304 132 "-" "Mozilla/5.0 Gecko/20100115 Firefox/3.6" 
161.163.44.8 - - [31/Mar/2016:07:53:23 -0700] "GET /browserconfig.xml HTTP/1.1" 404 340 "-" "Mozilla/5.0 (Windows NT 6.3; Win64; x64; Trident/7.0; Touch; rv:11.0) like Gecko" 
111.7.128.40 - - [31/Mar/2016:08:09:11 -0700] "GET /tg/a.zip HTTP/1.1" 304 132 "-" "Mozilla/5.0 Gecko/20100115 Firefox/3.6" 
46.119.127.4 - - [31/Mar/2016:08:10:21 -0700] "GET /honeypot/ HTTP/1.1" 200 1077 "http://www.beauty-clinic.ru/epil/laser-epilation" "Mozilla/4.0 (compatible; MSIE 6.0; Windows NT 5.0; .NET CLR 1.0.3705; .NET CLR 1.1.4322)" 
46.119.127.4 - - [31/Mar/2016:08:10:22 -0700] "GET /honeypot/ HTTP/1.1" 200 1077 "http://www.beauty-clinic.ru/epil/laser-epilation" "Mozilla/4.0 (compatible; MSIE 6.0; Windows NT 5.0; .NET CLR 1.0.3705; .NET CLR 1.1.4322)" 
211.137.56.201 - - [31/Mar/2016:08:10:37 -0700] "GET /tg/a.zip HTTP/1.1" 304 132 "-" "Mozilla/5.0 Gecko/20100115 Firefox/3.6" 
51.255.65.69 - - [31/Mar/2016:08:17:08 -0700] "GET /self.logs/access.log.2015-08-23.gz HTTP/1.1" 200 4903 "-" "Mozilla/5.0 (compatible; AhrefsBot/5.1; +http://ahrefs.com/robot/)" 
46.119.121.96 - - [31/Mar/2016:08:26:40 -0700] "GET /honeypot/ HTTP/1.1" 200 1077 "http://sale-japan.com/" "Opera/8.01 (Windows NT 5.1)" 
46.119.121.96 - - [31/Mar/2016:08:26:41 -0700] "GET /honeypot/ HTTP/1.1" 200 1077 "http://sale-japan.com/" "Opera/8.01 (Windows NT 5.1)" 
46.119.121.96 - - [31/Mar/2016:08:26:42 -0700] "GET /honeypot/ HTTP/1.1" 200 1077 "http://sale-japan.com/" "Opera/8.01 (Windows NT 5.1)" 
46.119.121.96 - - [31/Mar/2016:08:27:17 -0700] "GET /honeypot/ HTTP/1.1" 200 1077 "http://ship-marvel.co.ua/" "Mozilla/3.0 (x86 [en] Windows NT 5.1; Sun)" 
46.119.121.96 - - [31/Mar/2016:08:27:17 -0700] "GET /honeypot/ HTTP/1.1" 200 1077 "http://arkkivoltti.net/" "Mozilla/4.0 (compatible; MSIE 6.0; America Online Browser 1.1; rev1.2; Windows NT 5.1; SV1; .NET CLR 1.1.4322)" 
46.119.121.96 - - [31/Mar/2016:08:27:17 -0700] "GET /honeypot/ HTTP/1.1" 200 1077 "http://arkkivoltti.net/" "Mozilla/4.0 (compatible; MSIE 6.0; America Online Browser 1.1; rev1.2; Windows NT 5.1; SV1; .NET CLR 1.1.4322)" 
46.119.121.96 - - [31/Mar/2016:08:27:17 -0700] "GET /honeypot/ HTTP/1.1" 200 1077 "http://ship-marvel.co.ua/" "Mozilla/3.0 (x86 [en] Windows NT 5.1; Sun)" 
46.119.121.96 - - [31/Mar/2016:08:27:18 -0700] "GET /honeypot/ HTTP/1.1" 200 1077 "http://arkkivoltti.net/" "Mozilla/4.0 (compatible; MSIE 6.0; America Online Browser 1.1; rev1.2; Windows NT 5.1; SV1; .NET CLR 1.1.4322)" 
46.119.121.96 - - [31/Mar/2016:08:27:18 -0700] "GET /honeypot/ HTTP/1.1" 200 1077 "http://ship-marvel.co.ua/" "Mozilla/3.0 (x86 [en] Windows NT 5.1; Sun)" 
77.75.78.161 - - [31/Mar/2016:08:45:43 -0700] "GET /robots.txt HTTP/1.1" 200 334 "-" "Mozilla/5.0 (compatible; SeznamBot/3.2; +http://fulltext.sblog.cz/)" 
77.75.78.161 - - [31/Mar/2016:08:45:44 -0700] "GET /self.logs/access.log.2015-01-22.gz HTTP/1.1" 200 2800 "-" "Mozilla/5.0 (compatible; SeznamBot/3.2; +http://fulltext.sblog.cz/)" 
51.255.65.68 - - [31/Mar/2016:08:49:12 -0700] "GET / HTTP/1.1" 200 8624 "-" "Mozilla/5.0 (compatible; AhrefsBot/5.1; +http://ahrefs.com/robot/)" 
218.200.66.203 - - [31/Mar/2016:09:10:42 -0700] "GET /tg/a.zip HTTP/1.1" 304 132 "-" "Mozilla/5.0 Gecko/20100115 Firefox/3.6" 
117.177.241.60 - - [31/Mar/2016:09:15:16 -0700] "GET /tg/a.zip HTTP/1.1" 304 132 "-" "Mozilla/5.0 Gecko/20100115 Firefox/3.6" 
70.192.130.126 - - [31/Mar/2016:09:16:54 -0700] "GET / HTTP/1.1" 301 483 "-" "Mozilla/5.0 (iPhone; CPU iPhone OS 9_3 like Mac OS X) AppleWebKit/601.1.46 (KHTML, like Gecko) Version/9.0 Mobile/13E233 Safari/601.1" 
70.192.130.126 - - [31/Mar/2016:09:16:54 -0700] "GET / HTTP/1.1" 200 8680 "-" "Mozilla/5.0 (iPhone; CPU iPhone OS 9_3 like Mac OS X) AppleWebKit/601.1.46 (KHTML, like Gecko) Version/9.0 Mobile/13E233 Safari/601.1" 
70.192.130.126 - - [31/Mar/2016:09:16:54 -0700] "GET /twitter-icon.png HTTP/1.1" 200 27787 "http://www.secrepo.com/" "Mozilla/5.0 (iPhone; CPU iPhone OS 9_3 like Mac OS X) AppleWebKit/601.1.46 (KHTML, like Gecko) Version/9.0 Mobile/13E233 Safari/601.1" 
70.192.130.126 - - [31/Mar/2016:09:16:54 -0700] "GET /GitHub-Mark.png HTTP/1.1" 200 7428 "http://www.secrepo.com/" "Mozilla/5.0 (iPhone; CPU iPhone OS 9_3 like Mac OS X) AppleWebKit/601.1.46 (KHTML, like Gecko) Version/9.0 Mobile/13E233 Safari/601.1" 
62.210.97.48 - - [31/Mar/2016:09:25:35 -0700] "GET /robots.txt HTTP/1.0" 200 252 "-" "Mozilla/5.0 (compatible; MJ12bot/v1.4.5; http://www.majestic12.co.uk/bot.php?+)" 
62.210.97.48 - - [31/Mar/2016:09:25:38 -0700] "GET /robots.txt HTTP/1.0" 200 252 "-" "Mozilla/5.0 (compatible; MJ12bot/v1.4.5; http://www.majestic12.co.uk/bot.php?+)" 
62.210.97.48 - - [31/Mar/2016:09:25:40 -0700] "GET /self.logs/?C=D;O=A HTTP/1.0" 200 9189 "-" "Mozilla/5.0 (compatible; MJ12bot/v1.4.5; http://www.majestic12.co.uk/bot.php?+)" 
62.210.97.48 - - [31/Mar/2016:09:25:45 -0700] "GET /self.logs/?C=D;O=D HTTP/1.0" 200 9250 "-" "Mozilla/5.0 (compatible; MJ12bot/v1.4.5; http://www.majestic12.co.uk/bot.php?+)" 
62.210.97.48 - - [31/Mar/2016:09:25:48 -0700] "GET /self.logs/?C=M;O=A HTTP/1.0" 200 9381 "-" "Mozilla/5.0 (compatible; MJ12bot/v1.4.5; http://www.majestic12.co.uk/bot.php?+)" 
117.190.191.170 - - [31/Mar/2016:09:26:06 -0700] "GET /tg/a.zip HTTP/1.1" 304 132 "-" "Mozilla/5.0 Gecko/20100115 Firefox/3.6" 
199.59.148.210 - - [31/Mar/2016:09:26:37 -0700] "GET /robots.txt HTTP/1.1" 200 304 "-" "Twitterbot/1.0" 
199.59.148.210 - - [31/Mar/2016:09:26:37 -0700] "GET /honeypot/Honeypot%20-%20Howto%20-%20BSides%20Austin.pdf HTTP/1.1" 200 2928404 "-" "Twitterbot/1.0" 
207.46.13.180 - - [31/Mar/2016:09:33:20 -0700] "GET /robots.txt HTTP/1.1" 200 289 "-" "Mozilla/5.0 (compatible; bingbot/2.0; +http://www.bing.com/bingbot.htm)" 
207.46.13.180 - - [31/Mar/2016:09:34:17 -0700] "GET /honeypot/BSidesDFW%20-%202014.ipynb HTTP/1.1" 200 930836 "-" "Mozilla/5.0 (iPhone; CPU iPhone OS 7_0 like Mac OS X) AppleWebKit/537.51.1 (KHTML, like Gecko) Version/7.0 Mobile/11A465 Safari/9537.53 (compatible; bingbot/2.0; +http://www.bing.com/bingbot.htm)" 
111.23.10.33 - - [31/Mar/2016:09:50:20 -0700] "GET /tg/a.zip HTTP/1.1" 304 132 "-" "Mozilla/5.0 Gecko/20100115 Firefox/3.6" 
111.23.10.33 - - [31/Mar/2016:09:50:20 -0700] "GET /tg/a.zip HTTP/1.1" 200 52560 "-" "Mozilla/5.0 Gecko/20100115 Firefox/3.6" 
111.23.4.148 - - [31/Mar/2016:09:53:36 -0700] "GET /tg/a.zip HTTP/1.1" 304 132 "-" "Mozilla/5.0 Gecko/20100115 Firefox/3.6" 
128.229.4.2 - - [31/Mar/2016:09:53:46 -0700] "GET / HTTP/1.1" 304 189 "-" "Mozilla/5.0 (Windows NT 6.1; WOW64; Trident/7.0; rv:11.0) like Gecko" 
128.229.4.2 - - [31/Mar/2016:09:53:46 -0700] "GET /twitter-icon.png HTTP/1.1" 304 165 "http://www.secrepo.com/" "Mozilla/5.0 (Windows NT 6.1; WOW64; Trident/7.0; rv:11.0) like Gecko" 
128.229.4.2 - - [31/Mar/2016:09:53:46 -0700] "GET /GitHub-Mark.png HTTP/1.1" 304 166 "http://www.secrepo.com/" "Mozilla/5.0 (Windows NT 6.1; WOW64; Trident/7.0; rv:11.0) like Gecko" 
128.229.4.2 - - [31/Mar/2016:09:53:47 -0700] "GET /bootstrap/img/favicon.ico HTTP/1.1" 200 590 "-" "Mozilla/5.0 (Windows NT 6.1; Win64; x64; Trident/7.0; rv:11.0) like Gecko" 
208.115.113.86 - - [31/Mar/2016:09:55:16 -0700] "GET /robots.txt HTTP/1.1" 200 233 "-" "Mozilla/5.0 (compatible; DotBot/1.1; http://www.opensiteexplorer.org/dotbot, help@moz.com)" 
77.75.78.164 - - [31/Mar/2016:09:55:49 -0700] "GET /robots.txt HTTP/1.1" 200 334 "-" "Mozilla/5.0 (compatible; SeznamBot/3.2; +http://fulltext.sblog.cz/)" 
77.75.78.164 - - [31/Mar/2016:09:55:50 -0700] "GET /self.logs/error.log.2015-04-03.gz HTTP/1.1" 200 932 "-" "Mozilla/5.0 (compatible; SeznamBot/3.2; +http://fulltext.sblog.cz/)" 
199.59.148.210 - - [31/Mar/2016:10:17:32 -0700] "GET /honeypot/honeypot.json.zip HTTP/1.1" 200 4631817 "-" "Twitterbot/1.0" 
118.69.118.85 - - [31/Mar/2016:10:22:53 -0700] "GET / HTTP/1.1" 200 8680 "https://www.google.com.vn/" "Mozilla/5.0 (Windows NT 6.1; WOW64) AppleWebKit/537.36 (KHTML, like Gecko) coc_coc_browser/54.2.131 Chrome/48.2.2564.131 Safari/537.36" 
118.69.118.85 - - [31/Mar/2016:10:22:54 -0700] "GET /twitter-icon.png HTTP/1.1" 200 27787 "http://www.secrepo.com/" "Mozilla/5.0 (Windows NT 6.1; WOW64) AppleWebKit/537.36 (KHTML, like Gecko) coc_coc_browser/54.2.131 Chrome/48.2.2564.131 Safari/537.36" 
118.69.118.85 - - [31/Mar/2016:10:22:54 -0700] "GET /GitHub-Mark.png HTTP/1.1" 200 7428 "http://www.secrepo.com/" "Mozilla/5.0 (Windows NT 6.1; WOW64) AppleWebKit/537.36 (KHTML, like Gecko) coc_coc_browser/54.2.131 Chrome/48.2.2564.131 Safari/537.36" 
118.69.118.85 - - [31/Mar/2016:10:22:54 -0700] "GET /bootstrap/img/favicon.ico HTTP/1.1" 200 589 "http://www.secrepo.com/" "Mozilla/5.0 (Windows NT 6.1; WOW64) AppleWebKit/537.36 (KHTML, like Gecko) coc_coc_browser/54.2.131 Chrome/48.2.2564.131 Safari/537.36" 
77.75.76.163 - - [31/Mar/2016:10:25:20 -0700] "GET /robots.txt HTTP/1.1" 200 334 "-" "Mozilla/5.0 (compatible; SeznamBot/3.2; +http://fulltext.sblog.cz/)" 
77.75.76.163 - - [31/Mar/2016:10:25:22 -0700] "GET /self.logs/access.log.2015-01-20.gz HTTP/1.1" 200 3670 "-" "Mozilla/5.0 (compatible; SeznamBot/3.2; +http://fulltext.sblog.cz/)" 
211.137.56.194 - - [31/Mar/2016:10:42:32 -0700] "GET /tg/a.zip HTTP/1.1" 304 132 "-" "Mozilla/5.0 Gecko/20100115 Firefox/3.6" 
211.137.56.172 - - [31/Mar/2016:10:43:00 -0700] "GET /tg/a.zip HTTP/1.1" 304 132 "-" "Mozilla/5.0 Gecko/20100115 Firefox/3.6" 
68.180.230.88 - - [31/Mar/2016:10:47:21 -0700] "GET /self.logs/access.log.2015-04-09.gz HTTP/1.1" 200 3559 "-" "Mozilla/5.0 (compatible; Yahoo! Slurp; http://help.yahoo.com/help/us/ysearch/slurp)" 
128.62.27.65 - - [31/Mar/2016:10:52:41 -0700] "GET / HTTP/1.1" 200 8680 "https://www.google.com" "Mozilla/5.0 (Macintosh; Intel Mac OS X 10.8; rv:43.0) Gecko/20100101 Firefox/43.0" 
128.62.27.65 - - [31/Mar/2016:10:52:41 -0700] "GET /bootstrap/img/favicon.ico HTTP/1.1" 200 589 "-" "Mozilla/5.0 (Macintosh; Intel Mac OS X 10.8; rv:43.0) Gecko/20100101 Firefox/43.0" 
128.62.27.65 - - [31/Mar/2016:10:52:41 -0700] "GET /twitter-icon.png HTTP/1.1" 200 27787 "http://www.secrepo.com/" "Mozilla/5.0 (Macintosh; Intel Mac OS X 10.8; rv:43.0) Gecko/20100101 Firefox/43.0" 
128.62.27.65 - - [31/Mar/2016:10:52:41 -0700] "GET /GitHub-Mark.png HTTP/1.1" 200 7428 "http://www.secrepo.com/" "Mozilla/5.0 (Macintosh; Intel Mac OS X 10.8; rv:43.0) Gecko/20100101 Firefox/43.0" 
173.160.224.1 - - [31/Mar/2016:10:54:18 -0700] "GET / HTTP/1.1" 200 8680 "http://t.co/Qro1LCR4GM" "Mozilla/5.0 (X11; Linux x86_64; rv:45.0) Gecko/20100101 Firefox/45.0" 
173.160.224.1 - - [31/Mar/2016:10:54:18 -0700] "GET /bootstrap/img/favicon.ico HTTP/1.1" 200 589 "-" "Mozilla/5.0 (X11; Linux x86_64; rv:45.0) Gecko/20100101 Firefox/45.0" 
173.160.224.1 - - [31/Mar/2016:10:54:19 -0700] "GET /twitter-icon.png HTTP/1.1" 200 27787 "http://www.secrepo.com/" "Mozilla/5.0 (X11; Linux x86_64; rv:45.0) Gecko/20100101 Firefox/45.0" 
173.160.224.1 - - [31/Mar/2016:10:54:19 -0700] "GET /GitHub-Mark.png HTTP/1.1" 200 7428 "http://www.secrepo.com/" "Mozilla/5.0 (X11; Linux x86_64; rv:45.0) Gecko/20100101 Firefox/45.0" 
98.173.216.165 - - [31/Mar/2016:10:59:47 -0700] "GET / HTTP/1.1" 200 8680 "-" "Mozilla/5.0 (Windows NT 6.1; WOW64) AppleWebKit/537.36 (KHTML, like Gecko) Chrome/49.0.2623.87 Safari/537.36" 
98.173.216.165 - - [31/Mar/2016:10:59:48 -0700] "GET /twitter-icon.png HTTP/1.1" 200 27787 "http://www.secrepo.com/" "Mozilla/5.0 (Windows NT 6.1; WOW64) AppleWebKit/537.36 (KHTML, like Gecko) Chrome/49.0.2623.87 Safari/537.36" 
98.173.216.165 - - [31/Mar/2016:10:59:48 -0700] "GET /GitHub-Mark.png HTTP/1.1" 200 7428 "http://www.secrepo.com/" "Mozilla/5.0 (Windows NT 6.1; WOW64) AppleWebKit/537.36 (KHTML, like Gecko) Chrome/49.0.2623.87 Safari/537.36" 
208.115.113.86 - - [31/Mar/2016:11:01:06 -0700] "GET /self.logs/?C=N;O=D HTTP/1.1" 200 84098 "-" "Mozilla/5.0 (compatible; DotBot/1.1; http://www.opensiteexplorer.org/dotbot, help@moz.com)" 
178.137.83.165 - - [31/Mar/2016:11:02:37 -0700] "GET /honeypot/ HTTP/1.1" 200 1077 "http://chcu.net/russkoe-porno/" "Mozilla/4.0 (compatible; MSIE 6.0; Windows NT 5.1) Netscape/8.0.4" 
178.137.83.165 - - [31/Mar/2016:11:02:37 -0700] "GET /honeypot/ HTTP/1.1" 200 1077 "http://zoospa.kz/" "Mozilla/4.0 (compatible; MSIE 6.0; Windows NT 5.1) Netscape/8.0.4" 
178.137.83.165 - - [31/Mar/2016:11:02:38 -0700] "GET /honeypot/ HTTP/1.1" 200 1077 "http://zoospa.kz/" "Mozilla/4.0 (compatible; MSIE 6.0; Windows NT 5.1) Netscape/8.0.4" 
178.137.83.165 - - [31/Mar/2016:11:02:38 -0700] "GET /honeypot/ HTTP/1.1" 200 1077 "http://chcu.net/russkoe-porno/" "Mozilla/4.0 (compatible; MSIE 6.0; Windows NT 5.1) Netscape/8.0.4" 
178.137.83.165 - - [31/Mar/2016:11:02:39 -0700] "GET /honeypot/ HTTP/1.1" 200 1077 "http://zoospa.kz/" "Mozilla/4.0 (compatible; MSIE 6.0; Windows NT 5.1) Netscape/8.0.4" 
178.137.83.165 - - [31/Mar/2016:11:02:40 -0700] "GET /honeypot/ HTTP/1.1" 200 1077 "http://chcu.net/russkoe-porno/" "Mozilla/4.0 (compatible; MSIE 6.0; Windows NT 5.1) Netscape/8.0.4" 
111.7.128.40 - - [31/Mar/2016:11:09:12 -0700] "GET /tg/a.zip HTTP/1.1" 304 132 "-" "Mozilla/5.0 Gecko/20100115 Firefox/3.6" 
211.137.56.201 - - [31/Mar/2016:11:10:46 -0700] "GET /tg/a.zip HTTP/1.1" 304 132 "-" "Mozilla/5.0 Gecko/20100115 Firefox/3.6" 
51.255.201.98 - - [31/Mar/2016:11:20:14 -0700] "GET /robots.txt HTTP/1.0" 301 481 "-" "Mozilla/5.0 (compatible; MJ12bot/v1.4.5; http://www.majestic12.co.uk/bot.php?+)" 
51.255.201.98 - - [31/Mar/2016:11:20:17 -0700] "GET /robots.txt HTTP/1.0" 200 252 "-" "Mozilla/5.0 (compatible; MJ12bot/v1.4.5; http://www.majestic12.co.uk/bot.php?+)" 
51.255.201.98 - - [31/Mar/2016:11:20:19 -0700] "GET / HTTP/1.0" 301 461 "-" "Mozilla/5.0 (compatible; MJ12bot/v1.4.5; http://www.majestic12.co.uk/bot.php?+)" 
51.255.201.98 - - [31/Mar/2016:11:20:22 -0700] "GET /robots.txt HTTP/1.0" 200 252 "-" "Mozilla/5.0 (compatible; MJ12bot/v1.4.5; http://www.majestic12.co.uk/bot.php?+)" 
51.255.201.98 - - [31/Mar/2016:11:20:26 -0700] "GET / HTTP/1.0" 200 28422 "-" "Mozilla/5.0 (compatible; MJ12bot/v1.4.5; http://www.majestic12.co.uk/bot.php?+)" 
208.115.113.86 - - [31/Mar/2016:11:42:55 -0700] "GET /robots.txt HTTP/1.1" 200 233 "-" "Mozilla/5.0 (compatible; DotBot/1.1; http://www.opensiteexplorer.org/dotbot, help@moz.com)" 
68.180.230.88 - - [31/Mar/2016:11:43:01 -0700] "GET /self.logs/error.log.2016-01-25.gz HTTP/1.1" 200 632 "-" "Mozilla/5.0 (compatible; Yahoo! Slurp; http://help.yahoo.com/help/us/ysearch/slurp)" 
77.75.79.95 - - [31/Mar/2016:11:54:20 -0700] "GET /robots.txt HTTP/1.1" 200 334 "-" "Mozilla/5.0 (compatible; SeznamBot/3.2; +http://fulltext.sblog.cz/)" 
77.75.79.95 - - [31/Mar/2016:11:54:21 -0700] "GET /self.logs/access.log.2015-05-31.gz HTTP/1.1" 200 5030 "-" "Mozilla/5.0 (compatible; SeznamBot/3.2; +http://fulltext.sblog.cz/)" 
68.180.230.88 - - [31/Mar/2016:11:59:55 -0700] "GET /self.logs/access.log.2015-07-25.gz HTTP/1.1" 200 3510 "-" "Mozilla/5.0 (compatible; Yahoo! Slurp; http://help.yahoo.com/help/us/ysearch/slurp)" 
218.200.66.203 - - [31/Mar/2016:12:10:45 -0700] "GET /tg/a.zip HTTP/1.1" 304 132 "-" "Mozilla/5.0 Gecko/20100115 Firefox/3.6" 
129.110.241.77 - - [31/Mar/2016:12:14:36 -0700] "GET / HTTP/1.1" 200 8680 "-" "Mozilla/5.0 (Macintosh; Intel Mac OS X 10_11_4) AppleWebKit/601.5.17 (KHTML, like Gecko)" 
129.110.241.77 - - [31/Mar/2016:12:14:37 -0700] "GET /apple-touch-icon-precomposed.png HTTP/1.1" 404 340 "-" "Safari/11601.5.17.1 CFNetwork/760.4.2 Darwin/15.4.0 (x86_64)" 
129.110.241.77 - - [31/Mar/2016:12:14:37 -0700] "GET /apple-touch-icon.png HTTP/1.1" 404 339 "-" "Safari/11601.5.17.1 CFNetwork/760.4.2 Darwin/15.4.0 (x86_64)" 
129.110.241.77 - - [31/Mar/2016:12:14:37 -0700] "GET /apple-touch-icon-precomposed.png HTTP/1.1" 404 339 "-" "Safari/11601.5.17.1 CFNetwork/760.4.2 Darwin/15.4.0 (x86_64)" 
129.110.241.77 - - [31/Mar/2016:12:14:37 -0700] "GET /apple-touch-icon.png HTTP/1.1" 404 339 "-" "Safari/11601.5.17.1 CFNetwork/760.4.2 Darwin/15.4.0 (x86_64)" 
199.59.148.209 - - [31/Mar/2016:12:14:56 -0700] "GET /honeypot/Honeypot%20-%20Howto%20-%20BSides%20Austin.pdf HTTP/1.1" 200 2928404 "-" "Twitterbot/1.0" 
117.177.241.60 - - [31/Mar/2016:12:15:16 -0700] "GET /tg/a.zip HTTP/1.1" 304 132 "-" "Mozilla/5.0 Gecko/20100115 Firefox/3.6" 
117.169.66.230 - - [31/Mar/2016:12:23:46 -0700] "GET http://www.secrepo.com/honeypot/BSidesDFW%20-%202014.ipynb HTTP/1.0" 200 930799 "http://www.secrepo.com/" "Mozilla/5.0 (Windows NT 6.2) AppleWebKit/537.36 (KHTML, like Gecko) Chrome/39.0.2171.99 Safari/537.36" 
117.190.191.170 - - [31/Mar/2016:12:26:10 -0700] "GET /tg/a.zip HTTP/1.1" 304 132 "-" "Mozilla/5.0 Gecko/20100115 Firefox/3.6" 
180.76.15.34 - - [31/Mar/2016:12:28:08 -0700] "GET / HTTP/1.1" 200 21900 "-" "Mozilla/5.0 (compatible; Baiduspider/2.0; +http://www.baidu.com/search/spider.html)" 
180.76.15.17 - - [31/Mar/2016:12:28:43 -0700] "GET / HTTP/1.1" 200 21900 "-" "Mozilla/5.0 (compatible; Baiduspider/2.0; +http://www.baidu.com/search/spider.html)" 
77.75.76.167 - - [31/Mar/2016:12:32:03 -0700] "GET /robots.txt HTTP/1.1" 200 334 "-" "Mozilla/5.0 (compatible; SeznamBot/3.2; +http://fulltext.sblog.cz/)" 
77.75.76.167 - - [31/Mar/2016:12:32:04 -0700] "GET /self.logs/error.log.2015-07-08.gz HTTP/1.1" 200 1212 "-" "Mozilla/5.0 (compatible; SeznamBot/3.2; +http://fulltext.sblog.cz/)" 
2.238.90.88 - - [31/Mar/2016:12:41:43 -0700] "GET / HTTP/1.1" 200 8680 "https://www.google.it/" "Mozilla/5.0 (Windows NT 6.1; WOW64) AppleWebKit/537.36 (KHTML, like Gecko) Chrome/49.0.2623.110 Safari/537.36" 
2.238.90.88 - - [31/Mar/2016:12:41:44 -0700] "GET /twitter-icon.png HTTP/1.1" 200 27787 "http://www.secrepo.com/" "Mozilla/5.0 (Windows NT 6.1; WOW64) AppleWebKit/537.36 (KHTML, like Gecko) Chrome/49.0.2623.110 Safari/537.36" 
2.238.90.88 - - [31/Mar/2016:12:41:44 -0700] "GET /GitHub-Mark.png HTTP/1.1" 200 7428 "http://www.secrepo.com/" "Mozilla/5.0 (Windows NT 6.1; WOW64) AppleWebKit/537.36 (KHTML, like Gecko) Chrome/49.0.2623.110 Safari/537.36" 
2.238.90.88 - - [31/Mar/2016:12:41:45 -0700] "GET /bootstrap/img/favicon.ico HTTP/1.1" 200 589 "http://www.secrepo.com/" "Mozilla/5.0 (Windows NT 6.1; WOW64) AppleWebKit/537.36 (KHTML, like Gecko) Chrome/49.0.2623.110 Safari/537.36" 
199.16.156.126 - - [31/Mar/2016:12:44:23 -0700] "GET /robots.txt HTTP/1.1" 200 304 "-" "Twitterbot/1.0" 
199.16.156.126 - - [31/Mar/2016:12:44:24 -0700] "GET /honeypot/honeypot.json.zip HTTP/1.1" 200 4631817 "-" "Twitterbot/1.0" 
31.184.238.235 - - [31/Mar/2016:12:46:12 -0700] "GET /honeypot/BSidesDFW%20-%202014.ipynb HTTP/1.0" 200 930799 "http://www.secrepo.com/honeypot/BSidesDFW%20-%202014.ipynb" "Mozilla/5.0 (Windows NT 6.1) AppleWebKit/537.36 (KHTML, like Gecko) Chrome/48.0.2564.109 Safari/537.36" 
111.23.10.33 - - [31/Mar/2016:12:50:21 -0700] "GET /tg/a.zip HTTP/1.1" 304 132 "-" "Mozilla/5.0 Gecko/20100115 Firefox/3.6" 
111.23.4.148 - - [31/Mar/2016:12:53:38 -0700] "GET /tg/a.zip HTTP/1.1" 304 132 "-" "Mozilla/5.0 Gecko/20100115 Firefox/3.6" 
208.115.113.86 - - [31/Mar/2016:12:54:46 -0700] "GET / HTTP/1.1" 200 28377 "-" "Mozilla/5.0 (compatible; DotBot/1.1; http://www.opensiteexplorer.org/dotbot, help@moz.com)" 
77.75.79.109 - - [31/Mar/2016:13:32:31 -0700] "GET /robots.txt HTTP/1.1" 200 334 "-" "Mozilla/5.0 (compatible; SeznamBot/3.2; +http://fulltext.sblog.cz/)" 
77.75.79.109 - - [31/Mar/2016:13:32:32 -0700] "GET /self.logs/access.log.2015-06-29.gz HTTP/1.1" 200 6265 "-" "Mozilla/5.0 (compatible; SeznamBot/3.2; +http://fulltext.sblog.cz/)" 
129.110.241.77 - - [31/Mar/2016:13:37:53 -0700] "GET / HTTP/1.1" 200 8680 "-" "Mozilla/5.0 (Macintosh; Intel Mac OS X 10_11_4) AppleWebKit/601.5.17 (KHTML, like Gecko) Version/9.1 Safari/601.5.17" 
129.110.241.77 - - [31/Mar/2016:13:37:53 -0700] "GET /twitter-icon.png HTTP/1.1" 200 27787 "http://www.secrepo.com/" "Mozilla/5.0 (Macintosh; Intel Mac OS X 10_11_4) AppleWebKit/601.5.17 (KHTML, like Gecko) Version/9.1 Safari/601.5.17" 
129.110.241.77 - - [31/Mar/2016:13:37:53 -0700] "GET /GitHub-Mark.png HTTP/1.1" 200 7428 "http://www.secrepo.com/" "Mozilla/5.0 (Macintosh; Intel Mac OS X 10_11_4) AppleWebKit/601.5.17 (KHTML, like Gecko) Version/9.1 Safari/601.5.17" 
129.110.241.77 - - [31/Mar/2016:13:37:54 -0700] "GET /apple-touch-icon-precomposed.png HTTP/1.1" 404 340 "-" "Safari/11601.5.17.1 CFNetwork/760.4.2 Darwin/15.4.0 (x86_64)" 
129.110.241.77 - - [31/Mar/2016:13:37:54 -0700] "GET /apple-touch-icon.png HTTP/1.1" 404 339 "-" "Safari/11601.5.17.1 CFNetwork/760.4.2 Darwin/15.4.0 (x86_64)" 
68.180.230.88 - - [31/Mar/2016:13:42:07 -0700] "GET /self.logs/access.log.2015-04-25.gz HTTP/1.1" 200 2802 "-" "Mozilla/5.0 (compatible; Yahoo! Slurp; http://help.yahoo.com/help/us/ysearch/slurp)" 
211.137.56.194 - - [31/Mar/2016:13:42:36 -0700] "GET /tg/a.zip HTTP/1.1" 304 132 "-" "Mozilla/5.0 Gecko/20100115 Firefox/3.6" 
211.137.56.172 - - [31/Mar/2016:13:43:01 -0700] "GET /tg/a.zip HTTP/1.1" 304 132 "-" "Mozilla/5.0 Gecko/20100115 Firefox/3.6" 
144.76.93.46 - - [31/Mar/2016:13:59:44 -0700] "GET /robots.txt HTTP/1.0" 200 252 "-" "Mozilla/5.0 (compatible; MJ12bot/v1.4.5; http://www.majestic12.co.uk/bot.php?+)" 
144.76.93.46 - - [31/Mar/2016:13:59:45 -0700] "GET /honeypot//%22http://amunhoney.sourceforge.net//%22 HTTP/1.0" 404 284 "-" "Mozilla/5.0 (compatible; MJ12bot/v1.4.5; http://www.majestic12.co.uk/bot.php?+)" 
144.76.93.46 - - [31/Mar/2016:13:59:47 -0700] "GET /honeypot//%22http://glastopf.org//%22 HTTP/1.0" 404 284 "-" "Mozilla/5.0 (compatible; MJ12bot/v1.4.5; http://www.majestic12.co.uk/bot.php?+)" 
144.76.93.46 - - [31/Mar/2016:13:59:49 -0700] "GET /honeypot//%22http://www.maxmind.com/%22 HTTP/1.0" 404 284 "-" "Mozilla/5.0 (compatible; MJ12bot/v1.4.5; http://www.majestic12.co.uk/bot.php?+)" 
144.76.93.46 - - [31/Mar/2016:13:59:50 -0700] "GET /honeypot//%22https://twitter.com/sooshie/%22 HTTP/1.0" 404 284 "-" "Mozilla/5.0 (compatible; MJ12bot/v1.4.5; http://www.majestic12.co.uk/bot.php?+)" 
144.76.93.46 - - [31/Mar/2016:13:59:52 -0700] "GET /honeypot//%22https://twitter.com/theroxyd/%22 HTTP/1.0" 404 284 "-" "Mozilla/5.0 (compatible; MJ12bot/v1.4.5; http://www.majestic12.co.uk/bot.php?+)" 
77.253.84.170 - - [31/Mar/2016:14:02:22 -0700] "GET /honeypot/Honeypot%20-%20Howto.pdf HTTP/1.1" 200 1279418 "https://www.google.pl" "Mozilla/5.0 (X11; Ubuntu; Linux x86_64; rv:45.0) Gecko/20100101 Firefox/45.0" 
77.253.84.170 - - [31/Mar/2016:14:02:23 -0700] "GET /honeypot/Honeypot%20-%20Howto.pdf HTTP/1.1" 206 34291 "https://www.google.pl" "Mozilla/5.0 (X11; Ubuntu; Linux x86_64; rv:45.0) Gecko/20100101 Firefox/45.0" 
77.253.84.170 - - [31/Mar/2016:14:02:24 -0700] "GET /honeypot/Honeypot%20-%20Howto.pdf HTTP/1.1" 206 65874 "https://www.google.pl" "Mozilla/5.0 (X11; Ubuntu; Linux x86_64; rv:45.0) Gecko/20100101 Firefox/45.0" 
77.253.84.170 - - [31/Mar/2016:14:02:24 -0700] "GET /honeypot/Honeypot%20-%20Howto.pdf HTTP/1.1" 206 65874 "https://www.google.pl" "Mozilla/5.0 (X11; Ubuntu; Linux x86_64; rv:45.0) Gecko/20100101 Firefox/45.0" 
77.253.84.170 - - [31/Mar/2016:14:02:24 -0700] "GET /favicon.ico HTTP/1.1" 200 268 "-" "Mozilla/5.0 (X11; Ubuntu; Linux x86_64; rv:45.0) Gecko/20100101 Firefox/45.0" 
111.7.128.40 - - [31/Mar/2016:14:09:16 -0700] "GET /tg/a.zip HTTP/1.1" 304 132 "-" "Mozilla/5.0 Gecko/20100115 Firefox/3.6" 
211.137.56.201 - - [31/Mar/2016:14:10:47 -0700] "GET /tg/a.zip HTTP/1.1" 304 132 "-" "Mozilla/5.0 Gecko/20100115 Firefox/3.6" 
199.59.148.209 - - [31/Mar/2016:14:13:46 -0700] "GET /robots.txt HTTP/1.1" 200 304 "-" "Twitterbot/1.0" 
199.59.148.209 - - [31/Mar/2016:14:13:47 -0700] "GET /honeypot/Honeypot%20-%20Howto%20-%20BSides%20Austin.pdf HTTP/1.1" 200 2928404 "-" "Twitterbot/1.0" 
164.132.161.48 - - [31/Mar/2016:14:41:12 -0700] "GET /self.logs/error.log.2015-07-26.gz HTTP/1.1" 200 671 "-" "Mozilla/5.0 (compatible; AhrefsBot/5.1; +http://ahrefs.com/robot/)" 
159.203.75.59 - - [31/Mar/2016:14:43:54 -0700] "GET / HTTP/1.0" 200 28422 "-" "Lynx/2.8.5rel.1 libwww-FM/2.15FC SSL-MM/1.4.1c OpenSSL/0.9.7e-dev" 
159.203.75.59 - - [31/Mar/2016:14:43:54 -0700] "GET / HTTP/1.0" 200 28422 "http://www.secrepo.com/" "Lynx/2.8.5rel.1 libwww-FM/2.15FC SSL-MM/1.4.1c OpenSSL/0.9.7e-dev" 
159.203.75.59 - - [31/Mar/2016:14:43:54 -0700] "GET /maccdc2012/signatures.log.gz HTTP/1.0" 200 521 "http://www.secrepo.com/" "Lynx/2.8.5rel.1 libwww-FM/2.15FC SSL-MM/1.4.1c OpenSSL/0.9.7e-dev" 
202.46.49.117 - - [31/Mar/2016:14:49:20 -0700] "GET /robots.txt HTTP/1.1" 200 297 "-" "Mozilla/5.0 (Windows NT 5.1; rv:6.0.2) Gecko/20100101 Firefox/6.0.2" 
188.107.246.227 - - [31/Mar/2016:14:56:43 -0700] "GET / HTTP/1.1" 200 8680 "https://www.google.de/" "Mozilla/5.0 (Windows NT 10.0; Win64; x64) AppleWebKit/537.36 (KHTML, like Gecko) Chrome/46.0.2486.0 Safari/537.36 Edge/13.10586" 
188.107.246.227 - - [31/Mar/2016:14:56:44 -0700] "GET /twitter-icon.png HTTP/1.1" 200 27788 "http://www.secrepo.com/" "Mozilla/5.0 (Windows NT 10.0; Win64; x64) AppleWebKit/537.36 (KHTML, like Gecko) Chrome/46.0.2486.0 Safari/537.36 Edge/13.10586" 
188.107.246.227 - - [31/Mar/2016:14:56:44 -0700] "GET /GitHub-Mark.png HTTP/1.1" 200 7427 "http://www.secrepo.com/" "Mozilla/5.0 (Windows NT 10.0; Win64; x64) AppleWebKit/537.36 (KHTML, like Gecko) Chrome/46.0.2486.0 Safari/537.36 Edge/13.10586" 
188.107.246.227 - - [31/Mar/2016:14:56:44 -0700] "GET /bootstrap/img/favicon.ico HTTP/1.1" 200 590 "-" "Mozilla/5.0 (Windows NT 10.0; Win64; x64) AppleWebKit/537.36 (KHTML, like Gecko) Chrome/46.0.2486.0 Safari/537.36 Edge/13.10586" 
218.200.66.203 - - [31/Mar/2016:15:10:46 -0700] "GET /tg/a.zip HTTP/1.1" 304 132 "-" "Mozilla/5.0 Gecko/20100115 Firefox/3.6" 
117.177.241.60 - - [31/Mar/2016:15:15:22 -0700] "GET /tg/a.zip HTTP/1.1" 304 132 "-" "Mozilla/5.0 Gecko/20100115 Firefox/3.6" 
123.125.71.26 - - [31/Mar/2016:15:20:11 -0700] "GET /robots.txt HTTP/1.1" 200 297 "-" "Mozilla/5.0 (compatible; Baiduspider/2.0; +http://www.baidu.com/search/spider.html)" 
77.75.76.162 - - [31/Mar/2016:15:21:56 -0700] "GET /robots.txt HTTP/1.1" 200 334 "-" "Mozilla/5.0 (compatible; SeznamBot/3.2; +http://fulltext.sblog.cz/)" 
77.75.76.162 - - [31/Mar/2016:15:21:57 -0700] "GET /self.logs/error.log.2015-05-26.gz HTTP/1.1" 200 782 "-" "Mozilla/5.0 (compatible; SeznamBot/3.2; +http://fulltext.sblog.cz/)" 
117.190.191.170 - - [31/Mar/2016:15:26:11 -0700] "GET /tg/a.zip HTTP/1.1" 304 132 "-" "Mozilla/5.0 Gecko/20100115 Firefox/3.6" 
31.49.134.24 - - [31/Mar/2016:15:30:56 -0700] "GET /favicon.ico HTTP/1.1" 200 268 "-" "com.ddeville.llwebkit.favicon/1 CFNetwork/760.4.2 Darwin/15.4.0 (x86_64)" 
31.49.134.24 - - [31/Mar/2016:15:30:56 -0700] "GET / HTTP/1.1" 200 8680 "-" "com.ddeville.llwebkit.favicon/1 CFNetwork/760.4.2 Darwin/15.4.0 (x86_64)" 
31.49.134.24 - - [31/Mar/2016:15:30:57 -0700] "GET /bootstrap/img/favicon.ico HTTP/1.1" 200 590 "-" "com.ddeville.llwebkit.favicon/1 CFNetwork/760.4.2 Darwin/15.4.0 (x86_64)" 
151.80.31.172 - - [31/Mar/2016:15:33:26 -0700] "GET /self.logs/access.log.2016-02-03.gz HTTP/1.1" 200 7230 "-" "Mozilla/5.0 (compatible; AhrefsBot/5.1; +http://ahrefs.com/robot/)" 
186.74.2.114 - - [31/Mar/2016:15:42:47 -0700] "GET / HTTP/1.1" 200 8680 "http://www.mlsecproject.org/" "Mozilla/5.0 (Windows NT 6.2; WOW64) AppleWebKit/537.36 (KHTML, like Gecko) Dragon/48.12.18.248 Chrome/48.0.2564.97 Safari/537.36" 
186.74.2.114 - - [31/Mar/2016:15:42:48 -0700] "GET /twitter-icon.png HTTP/1.1" 200 27787 "http://www.secrepo.com/" "Mozilla/5.0 (Windows NT 6.2; WOW64) AppleWebKit/537.36 (KHTML, like Gecko) Dragon/48.12.18.248 Chrome/48.0.2564.97 Safari/537.36" 
186.74.2.114 - - [31/Mar/2016:15:42:48 -0700] "GET /GitHub-Mark.png HTTP/1.1" 200 7428 "http://www.secrepo.com/" "Mozilla/5.0 (Windows NT 6.2; WOW64) AppleWebKit/537.36 (KHTML, like Gecko) Dragon/48.12.18.248 Chrome/48.0.2564.97 Safari/537.36" 
186.74.2.114 - - [31/Mar/2016:15:42:49 -0700] "GET /bootstrap/img/favicon.ico HTTP/1.1" 200 589 "http://www.secrepo.com/" "Mozilla/5.0 (Windows NT 6.2; WOW64) AppleWebKit/537.36 (KHTML, like Gecko) Dragon/48.12.18.248 Chrome/48.0.2564.97 Safari/537.36" 
111.23.10.33 - - [31/Mar/2016:15:50:23 -0700] "GET /tg/a.zip HTTP/1.1" 304 132 "-" "Mozilla/5.0 Gecko/20100115 Firefox/3.6" 
111.23.4.148 - - [31/Mar/2016:15:53:41 -0700] "GET /tg/a.zip HTTP/1.1" 304 132 "-" "Mozilla/5.0 Gecko/20100115 Firefox/3.6" 
124.163.252.1 - - [31/Mar/2016:16:10:06 -0700] "GET /tg/a.zip HTTP/1.1" 304 169 "-" "Java/1.6.0_24" 
77.75.79.109 - - [31/Mar/2016:16:31:39 -0700] "GET /robots.txt HTTP/1.1" 200 334 "-" "Mozilla/5.0 (compatible; SeznamBot/3.2; +http://fulltext.sblog.cz/)" 
77.75.79.109 - - [31/Mar/2016:16:31:40 -0700] "GET /self.logs/access.log.2015-07-24.gz HTTP/1.1" 200 4143 "-" "Mozilla/5.0 (compatible; SeznamBot/3.2; +http://fulltext.sblog.cz/)" 
162.210.196.97 - - [31/Mar/2016:16:35:40 -0700] "GET /robots.txt HTTP/1.0" 301 481 "-" "Mozilla/5.0 (compatible; MJ12bot/v1.4.5; http://www.majestic12.co.uk/bot.php?+)" 
162.210.196.97 - - [31/Mar/2016:16:35:40 -0700] "GET /robots.txt HTTP/1.0" 200 252 "-" "Mozilla/5.0 (compatible; MJ12bot/v1.4.5; http://www.majestic12.co.uk/bot.php?+)" 
162.210.196.97 - - [31/Mar/2016:16:35:42 -0700] "GET /honeypot/BSidesDFW%20-%202014.ipynb HTTP/1.0" 301 523 "-" "Mozilla/5.0 (compatible; MJ12bot/v1.4.5; http://www.majestic12.co.uk/bot.php?+)" 
162.210.196.97 - - [31/Mar/2016:16:35:42 -0700] "GET /robots.txt HTTP/1.0" 200 252 "-" "Mozilla/5.0 (compatible; MJ12bot/v1.4.5; http://www.majestic12.co.uk/bot.php?+)" 
162.210.196.97 - - [31/Mar/2016:16:35:44 -0700] "GET /honeypot/BSidesDFW%20-%202014.ipynb HTTP/1.0" 200 210240 "-" "Mozilla/5.0 (compatible; MJ12bot/v1.4.5; http://www.majestic12.co.uk/bot.php?+)" 
211.137.56.194 - - [31/Mar/2016:16:42:44 -0700] "GET /tg/a.zip HTTP/1.1" 304 132 "-" "Mozilla/5.0 Gecko/20100115 Firefox/3.6" 
211.137.56.172 - - [31/Mar/2016:16:43:05 -0700] "GET /tg/a.zip HTTP/1.1" 304 132 "-" "Mozilla/5.0 Gecko/20100115 Firefox/3.6" 
66.249.83.213 - - [31/Mar/2016:16:46:55 -0700] "GET / HTTP/1.1" 200 8680 "-" "Mozilla/5.0 (X11; Linux x86_64) AppleWebKit/537.36 (KHTML, like Gecko) Chrome/49.0.2623.75 Safari/537.36 Google Favicon" 
66.249.83.213 - - [31/Mar/2016:16:46:56 -0700] "GET /bootstrap/img/favicon.ico HTTP/1.1" 200 589 "-" "Mozilla/5.0 (X11; Linux x86_64) AppleWebKit/537.36 (KHTML, like Gecko) Chrome/49.0.2623.75 Safari/537.36 Google Favicon" 
174.51.97.249 - - [31/Mar/2016:16:52:21 -0700] "GET / HTTP/1.1" 200 8680 "https://www.google.com/" "Mozilla/5.0 (Macintosh; Intel Mac OS X 10_11_4) AppleWebKit/537.36 (KHTML, like Gecko) Chrome/49.0.2623.110 Safari/537.36" 
174.51.97.249 - - [31/Mar/2016:16:52:21 -0700] "GET /twitter-icon.png HTTP/1.1" 200 27787 "http://www.secrepo.com/" "Mozilla/5.0 (Macintosh; Intel Mac OS X 10_11_4) AppleWebKit/537.36 (KHTML, like Gecko) Chrome/49.0.2623.110 Safari/537.36" 
174.51.97.249 - - [31/Mar/2016:16:52:21 -0700] "GET /GitHub-Mark.png HTTP/1.1" 200 7428 "http://www.secrepo.com/" "Mozilla/5.0 (Macintosh; Intel Mac OS X 10_11_4) AppleWebKit/537.36 (KHTML, like Gecko) Chrome/49.0.2623.110 Safari/537.36" 
174.51.97.249 - - [31/Mar/2016:16:52:23 -0700] "GET /bootstrap/img/favicon.ico HTTP/1.1" 200 589 "http://www.secrepo.com/" "Mozilla/5.0 (Macintosh; Intel Mac OS X 10_11_4) AppleWebKit/537.36 (KHTML, like Gecko) Chrome/49.0.2623.110 Safari/537.36" 
