199.59.148.210 - - [30/May/2015:02:21:38 -0700] "GET /robots.txt HTTP/1.1" 200 304 "-" "Twitterbot/1.0" 
199.59.148.211 - - [30/May/2015:02:21:38 -0700] "GET /robots.txt HTTP/1.1" 200 304 "-" "Twitterbot/1.0" 
199.59.148.211 - - [30/May/2015:02:21:38 -0700] "GET /honeypot/Honeypot%20-%20Howto%20-%20BSides%20Austin.pdf HTTP/1.1" 200 2928404 "-" "Twitterbot/1.0" 
199.59.148.210 - - [30/May/2015:02:21:38 -0700] "GET /honeypot/honeypot.json.zip HTTP/1.1" 200 4631817 "-" "Twitterbot/1.0" 
68.180.228.46 - - [30/May/2015:02:36:32 -0700] "GET /robots.txt HTTP/1.1" 304 130 "-" "Mozilla/5.0 (compatible; Yahoo! Slurp; http://help.yahoo.com/help/us/ysearch/slurp)" 
68.180.228.46 - - [30/May/2015:02:36:32 -0700] "GET /Security-Data-Analysis/Lab_1/conn.log.zip HTTP/1.1" 200 1321240 "-" "Mozilla/5.0 (compatible; Yahoo! Slurp; http://help.yahoo.com/help/us/ysearch/slurp)" 
188.165.15.187 - - [30/May/2015:02:38:01 -0700] "GET /self.logs/access.log.2015-02-04.gz HTTP/1.1" 200 3928 "-" "Mozilla/5.0 (compatible; AhrefsBot/5.0; +http://ahrefs.com/robot/)" 
212.129.10.183 - - [30/May/2015:03:03:01 -0700] "GET /honeypot/BSidesDFW - 2014.ipynb HTTP/1.1" 404 340 "http://www.secrepo.com/" "Mozilla/5.0 (Linux; Android 4.4.2; SM-G900F Build/KOT49H) AppleWebKit/537.36 (KHTML, like Gecko) Chrome/39.0.2171.93 Mobile Safari/537.36" 
212.129.10.183 - - [30/May/2015:03:03:01 -0700] "GET / HTTP/1.1" 200 7040 "http://www.secrepo.com" "Mozilla/5.0 (Linux; Android 4.4.2; SM-G900F Build/KOT49H) AppleWebKit/537.36 (KHTML, like Gecko) Chrome/39.0.2171.93 Mobile Safari/537.36" 
157.55.39.214 - - [30/May/2015:03:06:50 -0700] "GET /robots.txt HTTP/1.1" 301 518 "-" "Mozilla/5.0 (compatible; bingbot/2.0; +http://www.bing.com/bingbot.htm)" 
157.55.39.214 - - [30/May/2015:03:06:51 -0700] "GET /robots.txt HTTP/1.1" 200 288 "-" "Mozilla/5.0 (compatible; bingbot/2.0; +http://www.bing.com/bingbot.htm)" 
188.165.15.187 - - [30/May/2015:03:07:17 -0700] "GET /self.logs/error.log.2015-02-20.gz HTTP/1.1" 200 5798 "-" "Mozilla/5.0 (compatible; AhrefsBot/5.0; +http://ahrefs.com/robot/)" 
109.173.213.154 - - [30/May/2015:04:00:01 -0700] "GET /bootstrap/img/favicon.ico HTTP/1.1" 200 590 "-" "Mozilla/5.0 (Windows NT 6.3; WOW64; rv:38.0) Gecko/20100101 Firefox/38.0" 
104.156.228.133 - - [30/May/2015:04:58:15 -0700] "GET / HTTP/1.1" 200 7041 "http://www2.mlsecproject.org/" "Mozilla/5.0 (Windows NT 6.1; WOW64; rv:38.0) Gecko/20100101 Firefox/38.0" 
104.156.228.133 - - [30/May/2015:04:58:15 -0700] "GET /bootstrap/img/favicon.ico HTTP/1.1" 200 590 "-" "Mozilla/5.0 (Windows NT 6.1; WOW64; rv:38.0) Gecko/20100101 Firefox/38.0" 
104.156.228.133 - - [30/May/2015:04:58:15 -0700] "GET /twitter-icon.png HTTP/1.1" 200 27787 "http://www.secrepo.com/" "Mozilla/5.0 (Windows NT 6.1; WOW64; rv:38.0) Gecko/20100101 Firefox/38.0" 
104.156.228.133 - - [30/May/2015:04:58:15 -0700] "GET /GitHub-Mark.png HTTP/1.1" 200 7428 "http://www.secrepo.com/" "Mozilla/5.0 (Windows NT 6.1; WOW64; rv:38.0) Gecko/20100101 Firefox/38.0" 
104.156.228.133 - - [30/May/2015:05:04:29 -0700] "GET /maccdc2012/dhcp.log.gz HTTP/1.1" 200 45019 "http://www.secrepo.com/" "Mozilla/5.0 (Windows NT 6.1; WOW64; rv:38.0) Gecko/20100101 Firefox/38.0" 
104.156.228.133 - - [30/May/2015:05:04:30 -0700] "GET /favicon.ico HTTP/1.1" 200 267 "-" "Mozilla/5.0 (Windows NT 6.1; WOW64; rv:38.0) Gecko/20100101 Firefox/38.0" 
104.156.228.133 - - [30/May/2015:05:04:37 -0700] "GET /maccdc2012/dhcp.log.gz HTTP/1.1" 200 45019 "http://www.secrepo.com/" "Mozilla/5.0 (Windows NT 6.1; WOW64; rv:38.0) Gecko/20100101 Firefox/38.0" 
104.222.134.205 - - [30/May/2015:05:36:10 -0700] "GET /honeypot/Honeypot%20-%20Howto%20-%20BSides%20Austin.pdf HTTP/1.0" 200 2928423 "http://www.secrepo.com/" "Mozilla/5.0 (Linux; Android 4.4.2; SM-G900F Build/KOT49H) AppleWebKit/537.36 (KHTML, like Gecko) Chrome/39.0.2171.93 Mobile Safari/537.36" 
188.165.15.187 - - [30/May/2015:06:04:20 -0700] "GET /self.logs/error.log.2015-04-18.gz HTTP/1.1" 200 1051 "-" "Mozilla/5.0 (compatible; AhrefsBot/5.0; +http://ahrefs.com/robot/)" 
109.173.213.154 - - [30/May/2015:06:28:03 -0700] "GET / HTTP/1.1" 200 7041 "http://zaufanatrzeciastrona.pl/post/weekendowa-lektura-2015-04-17-zapraszamy-do-lektury/" "Mozilla/5.0 (Windows NT 6.3; WOW64; rv:38.0) Gecko/20100101 Firefox/38.0" 
109.173.213.154 - - [30/May/2015:06:28:03 -0700] "GET /twitter-icon.png HTTP/1.1" 200 27787 "http://www.secrepo.com/" "Mozilla/5.0 (Windows NT 6.3; WOW64; rv:38.0) Gecko/20100101 Firefox/38.0" 
109.173.213.154 - - [30/May/2015:06:28:04 -0700] "GET /GitHub-Mark.png HTTP/1.1" 200 7428 "http://www.secrepo.com/" "Mozilla/5.0 (Windows NT 6.3; WOW64; rv:38.0) Gecko/20100101 Firefox/38.0" 
188.165.15.187 - - [30/May/2015:07:01:00 -0700] "GET /self.logs/access.log.2015-03-06.gz HTTP/1.1" 200 2380 "-" "Mozilla/5.0 (compatible; AhrefsBot/5.0; +http://ahrefs.com/robot/)" 
217.79.184.51 - - [30/May/2015:07:41:48 -0700] "GET /robots.txt HTTP/1.0" 200 252 "-" "Mozilla/5.0 (compatible; MJ12bot/v1.4.5; http://www.majestic12.co.uk/bot.php?+)" 
217.79.184.51 - - [30/May/2015:07:41:51 -0700] "GET /honeypot//%22http://amunhoney.sourceforge.net//%22 HTTP/1.0" 404 284 "-" "Mozilla/5.0 (compatible; MJ12bot/v1.4.5; http://www.majestic12.co.uk/bot.php?+)" 
217.79.184.51 - - [30/May/2015:07:41:54 -0700] "GET /honeypot//%22http://glastopf.org//%22 HTTP/1.0" 404 303 "-" "Mozilla/5.0 (compatible; MJ12bot/v1.4.5; http://www.majestic12.co.uk/bot.php?+)" 
217.79.184.51 - - [30/May/2015:07:41:57 -0700] "GET /honeypot//%22http://www.maxmind.com/%22 HTTP/1.0" 404 303 "-" "Mozilla/5.0 (compatible; MJ12bot/v1.4.5; http://www.majestic12.co.uk/bot.php?+)" 
217.79.184.51 - - [30/May/2015:07:42:01 -0700] "GET /honeypot//%22https://twitter.com/sooshie/%22 HTTP/1.0" 404 303 "-" "Mozilla/5.0 (compatible; MJ12bot/v1.4.5; http://www.majestic12.co.uk/bot.php?+)" 
217.79.184.51 - - [30/May/2015:07:42:07 -0700] "GET /honeypot//%22https://twitter.com/theroxyd/%22 HTTP/1.0" 404 303 "-" "Mozilla/5.0 (compatible; MJ12bot/v1.4.5; http://www.majestic12.co.uk/bot.php?+)" 
188.165.15.187 - - [30/May/2015:07:47:23 -0700] "GET /self.logs/error.log.2015-05-09.gz HTTP/1.1" 200 722 "-" "Mozilla/5.0 (compatible; AhrefsBot/5.0; +http://ahrefs.com/robot/)" 
189.0.83.247 - - [30/May/2015:08:35:51 -0700] "GET / HTTP/1.1" 301 483 "http://buttons-for-your-website.com" "Mozilla/5.0 (Windows NT 6.1; WOW64) AppleWebKit/537.36 (KHTML, like Gecko) Chrome/36.0.1985.143 Safari/537.36" 
189.0.83.247 - - [30/May/2015:08:35:52 -0700] "GET / HTTP/1.1" 200 7041 "http://buttons-for-your-website.com" "Mozilla/5.0 (Windows NT 6.1; WOW64) AppleWebKit/537.36 (KHTML, like Gecko) Chrome/36.0.1985.143 Safari/537.36" 
189.0.83.247 - - [30/May/2015:08:35:53 -0700] "GET /twitter-icon.png HTTP/1.1" 200 27787 "http://www.secrepo.com/" "Mozilla/5.0 (Windows NT 6.1; WOW64) AppleWebKit/537.36 (KHTML, like Gecko) Chrome/36.0.1985.143 Safari/537.36" 
189.0.83.247 - - [30/May/2015:08:35:53 -0700] "GET /GitHub-Mark.png HTTP/1.1" 200 7428 "http://www.secrepo.com/" "Mozilla/5.0 (Windows NT 6.1; WOW64) AppleWebKit/537.36 (KHTML, like Gecko) Chrome/36.0.1985.143 Safari/537.36" 
188.165.15.187 - - [30/May/2015:08:51:06 -0700] "GET /self.logs/error.log.2015-04-02.gz HTTP/1.1" 200 1000 "-" "Mozilla/5.0 (compatible; AhrefsBot/5.0; +http://ahrefs.com/robot/)" 
66.249.79.11 - - [30/May/2015:08:58:44 -0700] "GET /robots.txt HTTP/1.1" 200 334 "-" "Mozilla/5.0 (compatible; Googlebot/2.1; +http://www.google.com/bot.html)" 
66.249.79.11 - - [30/May/2015:08:58:44 -0700] "GET / HTTP/1.1" 200 7040 "-" "Mozilla/5.0 (iPhone; CPU iPhone OS 6_0 like Mac OS X) AppleWebKit/536.26 (KHTML, like Gecko) Version/6.0 Mobile/10A5376e Safari/8536.25 (compatible; Googlebot/2.1; +http://www.google.com/bot.html)" 
188.165.15.187 - - [30/May/2015:11:11:59 -0700] "GET /self.logs/error.log.2015-03-06.gz HTTP/1.1" 200 779 "-" "Mozilla/5.0 (compatible; AhrefsBot/5.0; +http://ahrefs.com/robot/)" 
157.55.39.111 - - [30/May/2015:12:21:26 -0700] "GET / HTTP/1.1" 301 483 "-" "Mozilla/5.0 (compatible; bingbot/2.0; +http://www.bing.com/bingbot.htm)" 
157.55.39.111 - - [30/May/2015:12:23:57 -0700] "GET /robots.txt HTTP/1.1" 200 289 "-" "Mozilla/5.0 (compatible; bingbot/2.0; +http://www.bing.com/bingbot.htm)" 
157.55.39.111 - - [30/May/2015:12:24:04 -0700] "GET / HTTP/1.1" 200 7041 "-" "Mozilla/5.0 (compatible; bingbot/2.0; +http://www.bing.com/bingbot.htm)" 
123.125.71.29 - - [30/May/2015:12:25:36 -0700] "GET /honeypot/Honeypot%20-%20Howto.pdf HTTP/1.1" 200 1279381 "-" "Mozilla/5.0 (compatible; Baiduspider/2.0; +http://www.baidu.com/search/spider.html)" 
188.165.15.187 - - [30/May/2015:13:02:32 -0700] "GET /self.logs/access.log.2015-01-23.gz HTTP/1.1" 200 2103 "-" "Mozilla/5.0 (compatible; AhrefsBot/5.0; +http://ahrefs.com/robot/)" 
64.90.52.147 - - [30/May/2015:13:05:06 -0700] "GET /wp-admin/ HTTP/1.1" 301 479 "-" "-" 
65.254.225.167 - - [30/May/2015:13:21:33 -0700] "GET /wordpress/wp-admin/ HTTP/1.1" 301 499 "-" "-" 
188.165.15.187 - - [30/May/2015:13:29:16 -0700] "GET /self.logs/access.log.2015-03-20.gz HTTP/1.1" 200 4159 "-" "Mozilla/5.0 (compatible; AhrefsBot/5.0; +http://ahrefs.com/robot/)" 
103.18.246.122 - - [30/May/2015:13:29:52 -0700] "GET /blog/wp-admin/ HTTP/1.1" 301 489 "-" "-" 
188.165.15.187 - - [30/May/2015:13:33:53 -0700] "GET /self.logs/access.log.2015-02-18.gz HTTP/1.1" 200 8823 "-" "Mozilla/5.0 (compatible; AhrefsBot/5.0; +http://ahrefs.com/robot/)" 
107.150.56.90 - - [30/May/2015:13:37:57 -0700] "GET /wp/wp-admin/ HTTP/1.1" 301 485 "-" "-" 
88.208.252.225 - - [30/May/2015:13:46:10 -0700] "GET /old/wp-admin/ HTTP/1.1" 301 487 "-" "-" 
188.165.15.187 - - [30/May/2015:14:07:26 -0700] "GET /self.logs/access.log.2015-05-17.gz HTTP/1.1" 200 4054 "-" "Mozilla/5.0 (compatible; AhrefsBot/5.0; +http://ahrefs.com/robot/)" 
188.165.15.187 - - [30/May/2015:14:13:58 -0700] "GET /self.logs/error.log.2015-03-11.gz HTTP/1.1" 200 669 "-" "Mozilla/5.0 (compatible; AhrefsBot/5.0; +http://ahrefs.com/robot/)" 
188.165.15.187 - - [30/May/2015:14:24:07 -0700] "GET /self.logs/access.log.2015-03-17.gz HTTP/1.1" 200 5967 "-" "Mozilla/5.0 (compatible; AhrefsBot/5.0; +http://ahrefs.com/robot/)" 
188.165.15.187 - - [30/May/2015:14:26:50 -0700] "GET /self.logs/error.log.2015-05-03.gz HTTP/1.1" 200 936 "-" "Mozilla/5.0 (compatible; AhrefsBot/5.0; +http://ahrefs.com/robot/)" 
188.165.15.187 - - [30/May/2015:14:37:59 -0700] "GET /self.logs/access.log.2015-01-21.gz HTTP/1.1" 200 3971 "-" "Mozilla/5.0 (compatible; AhrefsBot/5.0; +http://ahrefs.com/robot/)" 
68.180.228.46 - - [30/May/2015:14:44:29 -0700] "GET / HTTP/1.1" 304 133 "-" "Mozilla/5.0 (compatible; Yahoo! Slurp; http://help.yahoo.com/help/us/ysearch/slurp)" 
68.180.228.109 - - [30/May/2015:14:45:50 -0700] "GET /robots.txt HTTP/1.1" 301 462 "-" "Mozilla/5.0 (compatible; Yahoo! Slurp; http://help.yahoo.com/help/us/ysearch/slurp)" 
68.180.228.109 - - [30/May/2015:14:45:50 -0700] "GET / HTTP/1.1" 301 427 "-" "Mozilla/5.0 (compatible; Yahoo! Slurp; http://help.yahoo.com/help/us/ysearch/slurp)" 
188.165.15.187 - - [30/May/2015:15:13:35 -0700] "GET /self.logs/access.log.2015-02-11.gz HTTP/1.1" 200 4604 "-" "Mozilla/5.0 (compatible; AhrefsBot/5.0; +http://ahrefs.com/robot/)" 
188.165.15.187 - - [30/May/2015:15:22:10 -0700] "GET /self.logs/access.log.2015-02-26.gz HTTP/1.1" 200 3543 "-" "Mozilla/5.0 (compatible; AhrefsBot/5.0; +http://ahrefs.com/robot/)" 
188.165.15.187 - - [30/May/2015:15:24:36 -0700] "GET /self.logs/access.log.2015-02-24.gz HTTP/1.1" 200 4608 "-" "Mozilla/5.0 (compatible; AhrefsBot/5.0; +http://ahrefs.com/robot/)" 
188.165.15.187 - - [30/May/2015:15:37:07 -0700] "GET /self.logs/error.log.2015-03-22.gz HTTP/1.1" 200 989 "-" "Mozilla/5.0 (compatible; AhrefsBot/5.0; +http://ahrefs.com/robot/)" 
219.232.84.67 - - [30/May/2015:16:57:13 -0700] "GET / HTTP/1.1" 200 22968 "-" "Mozilla/4.0 (compatible; MSIE 7.0; Windows NT 5.1; .NET CLR 2.0.50727)" 
188.165.15.187 - - [30/May/2015:17:04:45 -0700] "GET /self.logs/error.log.2015-05-05.gz HTTP/1.1" 200 630 "-" "Mozilla/5.0 (compatible; AhrefsBot/5.0; +http://ahrefs.com/robot/)" 
157.55.39.127 - - [30/May/2015:17:08:02 -0700] "GET /self.logs/access.log.2015-01-19.gz HTTP/1.1" 200 2836 "-" "Mozilla/5.0 (compatible; bingbot/2.0; +http://www.bing.com/bingbot.htm)" 
188.165.15.187 - - [30/May/2015:17:09:36 -0700] "GET /self.logs/access.log.2015-03-19.gz HTTP/1.1" 200 3672 "-" "Mozilla/5.0 (compatible; AhrefsBot/5.0; +http://ahrefs.com/robot/)" 
188.165.15.187 - - [30/May/2015:17:34:51 -0700] "GET /self.logs/access.log.2015-02-17.gz HTTP/1.1" 200 11219 "-" "Mozilla/5.0 (compatible; AhrefsBot/5.0; +http://ahrefs.com/robot/)" 
188.165.15.187 - - [30/May/2015:18:01:04 -0700] "GET /self.logs/access.log.2015-02-20.gz HTTP/1.1" 200 14410 "-" "Mozilla/5.0 (compatible; AhrefsBot/5.0; +http://ahrefs.com/robot/)" 
207.46.13.28 - - [30/May/2015:18:05:09 -0700] "GET /honeypot/BSidesDFW%20-%202014.ipynb HTTP/1.1" 200 930836 "-" "Mozilla/5.0 (iPhone; CPU iPhone OS 7_0 like Mac OS X) AppleWebKit/537.51.1 (KHTML, like Gecko) Version/7.0 Mobile/11A465 Safari/9537.53 (compatible; bingbot/2.0;  http://www.bing.com/bingbot.htm)" 
188.165.15.187 - - [30/May/2015:18:06:23 -0700] "GET /self.logs/error.log.2015-02-03.gz HTTP/1.1" 200 699 "-" "Mozilla/5.0 (compatible; AhrefsBot/5.0; +http://ahrefs.com/robot/)" 
157.55.39.214 - - [30/May/2015:18:06:26 -0700] "GET /robots.txt HTTP/1.1" 200 334 "-" "Mozilla/5.0 (compatible; bingbot/2.0; +http://www.bing.com/bingbot.htm)" 
188.165.15.187 - - [30/May/2015:18:11:52 -0700] "GET /self.logs/error.log.2015-03-05.gz HTTP/1.1" 200 792 "-" "Mozilla/5.0 (compatible; AhrefsBot/5.0; +http://ahrefs.com/robot/)" 
98.231.230.118 - - [30/May/2015:18:21:00 -0700] "GET /bootstrap/img/favicon.ico HTTP/1.1" 200 590 "-" "Mozilla/5.0 (Windows NT 6.1; WOW64; rv:38.0) Gecko/20100101 Firefox/38.0" 
64.233.172.245 - - [30/May/2015:18:22:08 -0700] "GET / HTTP/1.1" 200 7041 "-" "Mozilla/5.0 (Windows NT 6.1; rv:6.0) Gecko/20110814 Firefox/6.0 Google favicon" 
64.233.172.133 - - [30/May/2015:18:22:08 -0700] "GET /bootstrap/img/favicon.ico HTTP/1.1" 200 590 "-" "Mozilla/5.0 (Windows NT 6.1; rv:6.0) Gecko/20110814 Firefox/6.0 Google favicon" 
188.165.15.187 - - [30/May/2015:18:24:33 -0700] "GET /self.logs/access.log.2015-03-09.gz HTTP/1.1" 200 6366 "-" "Mozilla/5.0 (compatible; AhrefsBot/5.0; +http://ahrefs.com/robot/)" 
177.231.129.39 - - [30/May/2015:18:26:53 -0700] "GET /bootstrap/img/favicon.ico HTTP/1.1" 200 590 "http://www.secrepo.com/" "Mozilla/5.0 (Macintosh; Intel Mac OS X 10_9_5) AppleWebKit/537.36 (KHTML, like Gecko) Chrome/43.0.2357.81 Safari/537.36" 
177.231.129.39 - - [30/May/2015:18:27:03 -0700] "GET / HTTP/1.1" 301 483 "-" "Mozilla/5.0 (Macintosh; Intel Mac OS X 10_9_5) AppleWebKit/537.36 (KHTML, like Gecko) Chrome/43.0.2357.81 Safari/537.36" 
91.228.236.9 - - [30/May/2015:18:53:58 -0700] "GET / HTTP/1.0" 301 461 "-" "-" 
91.228.236.9 - - [30/May/2015:18:53:58 -0700] "GET /wp-login.php HTTP/1.0" 301 485 "-" "-" 
91.228.236.9 - - [30/May/2015:18:53:59 -0700] "GET /administrator/index.php HTTP/1.0" 301 507 "-" "-" 
91.228.236.9 - - [30/May/2015:18:53:59 -0700] "GET /user HTTP/1.0" 301 469 "-" "-" 
91.228.236.9 - - [30/May/2015:18:53:59 -0700] "GET /admin.php HTTP/1.0" 301 479 "-" "-" 
188.165.15.187 - - [30/May/2015:19:15:59 -0700] "GET /self.logs/error.log.2015-02-08.gz HTTP/1.1" 200 1048 "-" "Mozilla/5.0 (compatible; AhrefsBot/5.0; +http://ahrefs.com/robot/)" 
188.165.15.187 - - [30/May/2015:19:19:08 -0700] "GET /self.logs/access.log.2015-02-14.gz HTTP/1.1" 200 25896 "-" "Mozilla/5.0 (compatible; AhrefsBot/5.0; +http://ahrefs.com/robot/)" 
66.249.79.238 - - [30/May/2015:19:27:26 -0700] "GET /honeypot/Honeypot%20-%20Howto.pdf HTTP/1.1" 200 1279418 "-" "Mozilla/5.0 (iPhone; CPU iPhone OS 6_0 like Mac OS X) AppleWebKit/536.26 (KHTML, like Gecko) Version/6.0 Mobile/10A5376e Safari/8536.25 (compatible; Googlebot/2.1; +http://www.google.com/bot.html)" 
188.165.15.187 - - [30/May/2015:19:52:54 -0700] "GET /self.logs/error.log.2015-03-12.gz HTTP/1.1" 200 2689 "-" "Mozilla/5.0 (compatible; AhrefsBot/5.0; +http://ahrefs.com/robot/)" 
66.249.79.238 - - [30/May/2015:19:58:15 -0700] "GET /honeypot/BSidesDFW%20-%202014.ipynb HTTP/1.1" 200 930836 "-" "Mozilla/5.0 (compatible; Googlebot/2.1; +http://www.google.com/bot.html)" 
66.249.79.250 - - [30/May/2015:20:27:21 -0700] "GET / HTTP/1.1" 200 7041 "-" "DoCoMo/2.0 N905i(c100;TB;W24H16) (compatible; Googlebot-Mobile/2.1; +http://www.google.com/bot.html)" 
151.80.31.150 - - [30/May/2015:22:19:13 -0700] "GET / HTTP/1.1" 301 427 "-" "Mozilla/5.0 (compatible; AhrefsBot/5.0; +http://ahrefs.com/robot/)" 
157.55.39.214 - - [30/May/2015:22:28:28 -0700] "GET /robots.txt HTTP/1.1" 301 518 "-" "Mozilla/5.0 (compatible; bingbot/2.0; +http://www.bing.com/bingbot.htm)" 
157.55.39.214 - - [30/May/2015:22:28:30 -0700] "GET /robots.txt HTTP/1.1" 200 288 "-" "Mozilla/5.0 (compatible; bingbot/2.0; +http://www.bing.com/bingbot.htm)" 
107.142.104.187 - - [30/May/2015:22:52:03 -0700] "GET / HTTP/1.1" 200 7041 "http://www2.mlsecproject.org/" "Mozilla/5.0 (Windows NT 6.3; WOW64) AppleWebKit/537.36 (KHTML, like Gecko) Chrome/43.0.2357.81 Safari/537.36" 
107.142.104.187 - - [30/May/2015:22:52:03 -0700] "GET /twitter-icon.png HTTP/1.1" 200 27787 "http://www.secrepo.com/" "Mozilla/5.0 (Windows NT 6.3; WOW64) AppleWebKit/537.36 (KHTML, like Gecko) Chrome/43.0.2357.81 Safari/537.36" 
107.142.104.187 - - [30/May/2015:22:52:04 -0700] "GET /GitHub-Mark.png HTTP/1.1" 200 7427 "http://www.secrepo.com/" "Mozilla/5.0 (Windows NT 6.3; WOW64) AppleWebKit/537.36 (KHTML, like Gecko) Chrome/43.0.2357.81 Safari/537.36" 
107.142.104.187 - - [30/May/2015:22:52:07 -0700] "GET /bootstrap/img/favicon.ico HTTP/1.1" 200 590 "http://www.secrepo.com/" "Mozilla/5.0 (Windows NT 6.3; WOW64) AppleWebKit/537.36 (KHTML, like Gecko) Chrome/43.0.2357.81 Safari/537.36" 
107.142.104.187 - - [30/May/2015:22:54:15 -0700] "GET /maccdc2012/dhcp.log.gz HTTP/1.1" 200 45019 "http://www.secrepo.com/" "Mozilla/5.0 (Windows NT 6.3; WOW64) AppleWebKit/537.36 (KHTML, like Gecko) Chrome/43.0.2357.81 Safari/537.36" 
107.142.104.187 - - [30/May/2015:23:07:57 -0700] "GET /zeus/zeus_json.zip HTTP/1.1" 404 340 "http://www.secrepo.com/" "Mozilla/5.0 (Windows NT 6.3; WOW64) AppleWebKit/537.36 (KHTML, like Gecko) Chrome/43.0.2357.81 Safari/537.36" 
107.142.104.187 - - [30/May/2015:23:07:57 -0700] "GET /favicon.ico HTTP/1.1" 200 267 "http://www.secrepo.com/zeus/zeus_json.zip" "Mozilla/5.0 (Windows NT 6.3; WOW64) AppleWebKit/537.36 (KHTML, like Gecko) Chrome/43.0.2357.81 Safari/537.36" 
157.55.39.250 - - [31/May/2015:00:15:17 -0700] "GET /self.logs/access.log.2015-01-21.gz HTTP/1.1" 301 545 "-" "Mozilla/5.0 (compatible; bingbot/2.0; +http://www.bing.com/bingbot.htm)" 
209.135.211.171 - - [31/May/2015:00:26:00 -0700] "GET / HTTP/1.1" 200 23024 "-" "Mozilla/5.0 (X11; Linux x86_64) AppleWebKit/537.36 (KHTML, like Gecko) Chrome/33.0.1750.152 Safari/537.36" 
151.80.31.150 - - [31/May/2015:00:32:35 -0700] "GET /maccdc2012/tunnel.log.gz HTTP/1.1" 200 5173 "-" "Mozilla/5.0 (compatible; AhrefsBot/5.0; +http://ahrefs.com/robot/)" 
114.244.57.140 - - [31/May/2015:00:56:51 -0700] "GET / HTTP/1.1" 304 189 "-" "Mozilla/5.0 (Windows NT 6.1; WOW64) AppleWebKit/537.36 (KHTML, like Gecko) Chrome/41.0.2272.118 Safari/537.36" 
