157.55.39.253 - - [27/Jul/2015:02:48:16 -0700] "GET /self.logs/access.log.2015-01-29.gz HTTP/1.1" 200 8411 "-" "Mozilla/5.0 (compatible; bingbot/2.0; +http://www.bing.com/bingbot.htm)" 
213.207.44.34 - - [27/Jul/2015:03:08:59 -0700] "GET /honeypot/Honeypot%20-%20Howto.pdf HTTP/1.1" 200 70080 "-" "Mozilla/4.0 (compatible; MSIE 6.0; Windows NT 5.1)" 
213.207.44.34 - - [27/Jul/2015:03:08:52 -0700] "GET /honeypot/Honeypot%20-%20Howto%20-%20BSides%20Austin.pdf HTTP/1.1" 200 147460 "-" "Mozilla/4.0 (compatible; MSIE 6.0; Windows NT 5.1)" 
142.4.106.212 - - [27/Jul/2015:03:51:25 -0700] "GET /honeypot/BSidesDFW%20-%202014.ipynb HTTP/1.1" 200 316820 "-" "Mozilla/4.0 (compatible; MSIE 6.0; Windows NT 5.1; SV1; Mozilla/4.0 (compatible; MSIE 6.0; Windows NT 5.1; SV1) ; .NET CLR 2.0.50727 ; .NET CLR 4.0.30319)" 
142.4.106.212 - - [27/Jul/2015:03:51:28 -0700] "POST /honeypot/BSidesDFW%20-%202014.ipynb/trackback/ HTTP/1.1" 404 303 "http://www.secrepo.com/honeypot/BSidesDFW - 2014.ipynb" "Mozilla/4.0 (compatible; MSIE 6.0; Windows NT 5.1; SV1; Mozilla/4.0 (compatible; MSIE 6.0; Windows NT 5.1; SV1) )" 
121.219.21.229 - - [27/Jul/2015:04:26:05 -0700] "GET / HTTP/1.1" 200 7308 "-" "Mozilla/5.0 (Macintosh; Intel Mac OS X 10_10_4) AppleWebKit/600.7.12 (KHTML, like Gecko) Version/8.0.7 Safari/600.7.12" 
121.219.21.229 - - [27/Jul/2015:04:26:05 -0700] "GET /GitHub-Mark.png HTTP/1.1" 200 7427 "http://www.secrepo.com/" "Mozilla/5.0 (Macintosh; Intel Mac OS X 10_10_4) AppleWebKit/600.7.12 (KHTML, like Gecko) Version/8.0.7 Safari/600.7.12" 
121.219.21.229 - - [27/Jul/2015:04:26:06 -0700] "GET /twitter-icon.png HTTP/1.1" 200 27788 "http://www.secrepo.com/" "Mozilla/5.0 (Macintosh; Intel Mac OS X 10_10_4) AppleWebKit/600.7.12 (KHTML, like Gecko) Version/8.0.7 Safari/600.7.12" 
121.219.21.229 - - [27/Jul/2015:04:26:06 -0700] "GET /bootstrap/img/favicon.ico HTTP/1.1" 200 590 "http://www.secrepo.com/" "Mozilla/5.0 (Macintosh; Intel Mac OS X 10_10_4) AppleWebKit/600.7.12 (KHTML, like Gecko) Version/8.0.7 Safari/600.7.12" 
71.121.246.189 - - [27/Jul/2015:04:30:32 -0700] "GET / HTTP/1.1" 200 7308 "http://www2.mlsecproject.org/" "Mozilla/5.0 (Macintosh; Intel Mac OS X 10_10_4) AppleWebKit/537.36 (KHTML, like Gecko) Chrome/44.0.2403.107 Safari/537.36" 
71.121.246.189 - - [27/Jul/2015:04:30:32 -0700] "GET /twitter-icon.png HTTP/1.1" 200 27787 "http://www.secrepo.com/" "Mozilla/5.0 (Macintosh; Intel Mac OS X 10_10_4) AppleWebKit/537.36 (KHTML, like Gecko) Chrome/44.0.2403.107 Safari/537.36" 
71.121.246.189 - - [27/Jul/2015:04:30:32 -0700] "GET /GitHub-Mark.png HTTP/1.1" 200 7428 "http://www.secrepo.com/" "Mozilla/5.0 (Macintosh; Intel Mac OS X 10_10_4) AppleWebKit/537.36 (KHTML, like Gecko) Chrome/44.0.2403.107 Safari/537.36" 
41.34.250.155 - - [27/Jul/2015:05:07:42 -0700] "GET / HTTP/1.1" 200 7308 "-" "Mozilla/5.0 (Windows NT 6.1; rv:39.0) Gecko/20100101 Firefox/39.0" 
41.34.250.155 - - [27/Jul/2015:05:07:42 -0700] "GET /bootstrap/img/favicon.ico HTTP/1.1" 200 589 "-" "Mozilla/5.0 (Windows NT 6.1; rv:39.0) Gecko/20100101 Firefox/39.0" 
41.34.250.155 - - [27/Jul/2015:05:08:07 -0700] "GET /GitHub-Mark.png HTTP/1.1" 200 7428 "http://www.secrepo.com/" "Mozilla/5.0 (Windows NT 6.1; rv:39.0) Gecko/20100101 Firefox/39.0" 
41.34.250.155 - - [27/Jul/2015:05:08:07 -0700] "GET /twitter-icon.png HTTP/1.1" 200 27788 "http://www.secrepo.com/" "Mozilla/5.0 (Windows NT 6.1; rv:39.0) Gecko/20100101 Firefox/39.0" 
176.36.52.108 - - [27/Jul/2015:05:21:47 -0700] "GET / HTTP/1.1" 200 7308 "http://www.secrepo.com/" "SBL-BOT (http://sbl.net)" 
194.244.43.243 - - [27/Jul/2015:05:35:35 -0700] "GET / HTTP/1.1" 200 7308 "-" "Mozilla/5.0 (Macintosh; Intel Mac OS X 10_10_4) AppleWebKit/600.7.12 (KHTML, like Gecko) Version/8.0.7 Safari/600.7.12" 
194.244.43.243 - - [27/Jul/2015:05:35:36 -0700] "GET /twitter-icon.png HTTP/1.1" 200 27787 "http://www.secrepo.com/" "Mozilla/5.0 (Macintosh; Intel Mac OS X 10_10_4) AppleWebKit/600.7.12 (KHTML, like Gecko) Version/8.0.7 Safari/600.7.12" 
194.244.43.243 - - [27/Jul/2015:05:35:36 -0700] "GET /GitHub-Mark.png HTTP/1.1" 200 7428 "http://www.secrepo.com/" "Mozilla/5.0 (Macintosh; Intel Mac OS X 10_10_4) AppleWebKit/600.7.12 (KHTML, like Gecko) Version/8.0.7 Safari/600.7.12" 
157.55.39.128 - - [27/Jul/2015:05:42:12 -0700] "GET / HTTP/1.1" 301 483 "-" "Mozilla/5.0 (compatible; bingbot/2.0; +http://www.bing.com/bingbot.htm)" 
157.55.39.153 - - [27/Jul/2015:05:44:42 -0700] "GET /robots.txt HTTP/1.1" 200 289 "-" "Mozilla/5.0 (compatible; bingbot/2.0; +http://www.bing.com/bingbot.htm)" 
157.55.39.154 - - [27/Jul/2015:05:45:04 -0700] "GET / HTTP/1.1" 200 7308 "-" "Mozilla/5.0 (compatible; bingbot/2.0; +http://www.bing.com/bingbot.htm)" 
220.181.108.112 - - [27/Jul/2015:06:45:13 -0700] "GET / HTTP/1.1" 200 7271 "-" "Mozilla/5.0 (Windows NT 5.1; rv:6.0.2) Gecko/20100101 Firefox/6.0.2" 
151.80.44.115 - - [27/Jul/2015:06:45:27 -0700] "GET /robots.txt HTTP/1.0" 200 252 "-" "Mozilla/5.0 (compatible; MJ12bot/v1.4.5; http://www.majestic12.co.uk/bot.php?+)" 
151.80.44.115 - - [27/Jul/2015:06:45:29 -0700] "GET /honeypot//%22http://amunhoney.sourceforge.net//%22 HTTP/1.0" 404 284 "-" "Mozilla/5.0 (compatible; MJ12bot/v1.4.5; http://www.majestic12.co.uk/bot.php?+)" 
151.80.44.115 - - [27/Jul/2015:06:45:30 -0700] "GET /honeypot//%22http://glastopf.org//%22 HTTP/1.0" 404 303 "-" "Mozilla/5.0 (compatible; MJ12bot/v1.4.5; http://www.majestic12.co.uk/bot.php?+)" 
151.80.44.115 - - [27/Jul/2015:06:45:33 -0700] "GET /honeypot//%22http://www.maxmind.com/%22 HTTP/1.0" 404 303 "-" "Mozilla/5.0 (compatible; MJ12bot/v1.4.5; http://www.majestic12.co.uk/bot.php?+)" 
151.80.44.115 - - [27/Jul/2015:06:45:35 -0700] "GET /honeypot//%22https://twitter.com/sooshie/%22 HTTP/1.0" 404 303 "-" "Mozilla/5.0 (compatible; MJ12bot/v1.4.5; http://www.majestic12.co.uk/bot.php?+)" 
151.80.44.115 - - [27/Jul/2015:06:45:36 -0700] "GET /honeypot//%22https://twitter.com/theroxyd/%22 HTTP/1.0" 404 303 "-" "Mozilla/5.0 (compatible; MJ12bot/v1.4.5; http://www.majestic12.co.uk/bot.php?+)" 
220.181.108.104 - - [27/Jul/2015:06:47:40 -0700] "GET / HTTP/1.1" 200 24309 "-" "Mozilla/5.0 (Windows NT 5.1; rv:6.0.2) Gecko/20100101 Firefox/6.0.2" 
199.59.148.209 - - [27/Jul/2015:06:49:40 -0700] "GET /robots.txt HTTP/1.1" 200 304 "-" "Twitterbot/1.0" 
199.59.148.209 - - [27/Jul/2015:06:49:41 -0700] "GET /robots.txt HTTP/1.1" 200 304 "-" "Twitterbot/1.0" 
199.59.148.209 - - [27/Jul/2015:06:49:41 -0700] "GET /honeypot/Honeypot%20-%20Howto%20-%20BSides%20Austin.pdf HTTP/1.1" 200 2928404 "-" "Twitterbot/1.0" 
199.59.148.209 - - [27/Jul/2015:06:49:41 -0700] "GET /honeypot/honeypot.json.zip HTTP/1.1" 200 4631817 "-" "Twitterbot/1.0" 
204.12.239.251 - - [27/Jul/2015:06:50:15 -0700] "GET /honeypot/BSidesDFW%20-%202014.ipynb HTTP/1.1" 200 930836 "-" "Mozilla/4.0 (compatible; MSIE 6.0; Windows NT 5.1; SV1; Mozilla/4.0 (compatible; MSIE 6.0; Windows NT 5.1; SV1) ; .NET CLR 1.0.3705)" 
199.167.112.5 - - [27/Jul/2015:06:52:59 -0700] "GET /bootstrap/img/favicon.ico HTTP/1.1" 304 165 "-" "Mozilla/5.0 (Macintosh; Intel Mac OS X 10.9; rv:39.0) Gecko/20100101 Firefox/39.0" 
199.59.148.209 - - [27/Jul/2015:07:38:33 -0700] "GET /robots.txt HTTP/1.1" 200 304 "-" "Twitterbot/1.0" 
199.59.148.209 - - [27/Jul/2015:07:38:33 -0700] "GET / HTTP/1.1" 200 7252 "-" "Twitterbot/1.0" 
172.246.69.158 - - [27/Jul/2015:07:40:40 -0700] "GET /honeypot/Honeypot - Howto.pdf HTTP/1.0" 404 303 "http://www.secrepo.com/" "Mozilla/5.0 (iPhone; CPU iPhone OS 8_0_2 like Mac OS X) AppleWebKit/600.1.4 (KHTML, like Gecko) Version/8.0 Mobile/12A405 Safari/600.1.4" 
172.246.69.158 - - [27/Jul/2015:07:40:42 -0700] "GET / HTTP/1.1" 200 7308 "http://www.secrepo.com" "Mozilla/5.0 (iPhone; CPU iPhone OS 8_0_2 like Mac OS X) AppleWebKit/600.1.4 (KHTML, like Gecko) Version/8.0 Mobile/12A405 Safari/600.1.4" 
144.76.7.107 - - [27/Jul/2015:07:51:59 -0700] "GET /robots.txt HTTP/1.0" 200 252 "-" "Mozilla/5.0 (compatible; MJ12bot/v1.4.5; http://www.majestic12.co.uk/bot.php?+)" 
144.76.7.107 - - [27/Jul/2015:07:52:01 -0700] "GET / HTTP/1.0" 200 24309 "-" "Mozilla/5.0 (compatible; MJ12bot/v1.4.5; http://www.majestic12.co.uk/bot.php?+)" 
172.246.69.158 - - [27/Jul/2015:08:23:21 -0700] "GET /honeypot/BSidesDFW - 2014.ipynb HTTP/1.0" 404 303 "http://www.secrepo.com/" "Mozilla/5.0 (iPhone; CPU iPhone OS 8_0_2 like Mac OS X) AppleWebKit/600.1.4 (KHTML, like Gecko) Version/8.0 Mobile/12A405 Safari/600.1.4" 
172.246.69.158 - - [27/Jul/2015:08:23:21 -0700] "GET / HTTP/1.1" 200 7308 "http://www.secrepo.com" "Mozilla/5.0 (iPhone; CPU iPhone OS 8_0_2 like Mac OS X) AppleWebKit/600.1.4 (KHTML, like Gecko) Version/8.0 Mobile/12A405 Safari/600.1.4" 
157.55.39.128 - - [27/Jul/2015:08:50:09 -0700] "GET /self.logs/access.log.2015-02-07.gz HTTP/1.1" 200 2820 "-" "Mozilla/5.0 (compatible; bingbot/2.0; +http://www.bing.com/bingbot.htm)" 
109.173.148.247 - - [27/Jul/2015:09:03:43 -0700] "GET /bootstrap/img/favicon.ico HTTP/1.1" 200 590 "-" "Mozilla/5.0 (X11; Ubuntu; Linux x86_64; rv:39.0) Gecko/20100101 Firefox/39.0" 
188.165.15.241 - - [27/Jul/2015:09:27:02 -0700] "GET /self.logs/access.log.2015-07-18.gz HTTP/1.1" 200 5167 "-" "Mozilla/5.0 (compatible; AhrefsBot/5.0; +http://ahrefs.com/robot/)" 
12.166.171.68 - - [27/Jul/2015:09:27:32 -0700] "GET / HTTP/1.1" 304 189 "-" "Mozilla/5.0 (Windows NT 6.1; WOW64) AppleWebKit/537.36 (KHTML, like Gecko) Chrome/44.0.2403.107 Safari/537.36" 
78.129.131.193 - - [27/Jul/2015:09:39:40 -0700] "GET /honeypot/Honeypot - Howto - BSides Austin.pdf HTTP/1.0" 404 303 "http://www.secrepo.com/" "Mozilla/5.0 (iPhone; CPU iPhone OS 8_0_2 like Mac OS X) AppleWebKit/600.1.4 (KHTML, like Gecko) Version/8.0 Mobile/12A405 Safari/600.1.4" 
78.129.131.193 - - [27/Jul/2015:09:39:40 -0700] "GET / HTTP/1.1" 200 7308 "http://www.secrepo.com" "Mozilla/5.0 (iPhone; CPU iPhone OS 8_0_2 like Mac OS X) AppleWebKit/600.1.4 (KHTML, like Gecko) Version/8.0 Mobile/12A405 Safari/600.1.4" 
8.28.16.254 - - [27/Jul/2015:10:03:03 -0700] "GET / HTTP/1.1" 301 498 "-" "Mozilla/5.0 (X11; Fedora; Linux x86_64; rv:39.0) Gecko/20100101 Firefox/39.0" 
158.68.192.40 - - [27/Jul/2015:10:03:04 -0700] "GET / HTTP/1.1" 301 483 "-" "Mozilla/5.0 (X11; Fedora; Linux x86_64; rv:39.0) Gecko/20100101 Firefox/39.0" 
158.68.192.40 - - [27/Jul/2015:10:03:04 -0700] "GET / HTTP/1.1" 200 24320 "-" "Mozilla/4.0 (compatible;)" 
158.68.192.40 - - [27/Jul/2015:10:03:04 -0700] "GET /twitter-icon.png HTTP/1.1" 200 27788 "-" "Mozilla/4.0 (compatible;)" 
158.68.192.40 - - [27/Jul/2015:10:03:04 -0700] "GET /bootstrap/img/favicon.ico HTTP/1.1" 200 590 "-" "Mozilla/4.0 (compatible;)" 
158.68.192.40 - - [27/Jul/2015:10:03:04 -0700] "GET /GitHub-Mark.png HTTP/1.1" 200 7428 "http://www.secrepo.com/" "Mozilla/5.0 (X11; Fedora; Linux x86_64; rv:39.0) Gecko/20100101 Firefox/39.0" 
158.68.192.40 - - [27/Jul/2015:10:03:07 -0700] "GET /GitHub-Mark.png HTTP/1.1" 200 7428 "-" "Mozilla/4.0 (compatible;)" 
151.25.247.156 - - [27/Jul/2015:10:05:01 -0700] "GET / HTTP/1.1" 301 483 "http://success-seo.com/try.php?u=http://secrepo.com" "Mozilla/5.0 (Windows NT 6.1; WOW64) AppleWebKit/537.36 (KHTML, like Gecko) Chrome/32.0.1700.107 Safari/537.36" 
151.25.247.156 - - [27/Jul/2015:10:05:02 -0700] "GET / HTTP/1.1" 200 7308 "http://success-seo.com/try.php?u=http://secrepo.com" "Mozilla/5.0 (Windows NT 6.1; WOW64) AppleWebKit/537.36 (KHTML, like Gecko) Chrome/32.0.1700.107 Safari/537.36" 
151.25.247.156 - - [27/Jul/2015:10:05:02 -0700] "GET /twitter-icon.png HTTP/1.1" 200 27787 "http://www.secrepo.com/" "Mozilla/5.0 (Windows NT 6.1; WOW64) AppleWebKit/537.36 (KHTML, like Gecko) Chrome/32.0.1700.107 Safari/537.36" 
151.25.247.156 - - [27/Jul/2015:10:05:02 -0700] "GET /GitHub-Mark.png HTTP/1.1" 200 7428 "http://www.secrepo.com/" "Mozilla/5.0 (Windows NT 6.1; WOW64) AppleWebKit/537.36 (KHTML, like Gecko) Chrome/32.0.1700.107 Safari/537.36" 
158.68.192.40 - - [27/Jul/2015:10:05:11 -0700] "GET /favicon.ico HTTP/1.1" 200 268 "-" "Mozilla/5.0 (X11; Fedora; Linux x86_64; rv:39.0) Gecko/20100101 Firefox/39.0" 
157.55.39.128 - - [27/Jul/2015:10:16:30 -0700] "GET /honeypot/Honeypot%20-%20Howto.pdf HTTP/1.1" 200 1279418 "-" "Mozilla/5.0 (iPhone; CPU iPhone OS 7_0 like Mac OS X) AppleWebKit/537.51.1 (KHTML, like Gecko) Version/7.0 Mobile/11A465 Safari/9537.53 (compatible; bingbot/2.0;  http://www.bing.com/bingbot.htm)" 
185.11.188.4 - - [27/Jul/2015:10:18:48 -0700] "GET / HTTP/1.0" 200 7308 "http://www2.mlsecproject.org/" "Mozilla/5.0 (Windows NT 6.1; WOW64; rv:39.0) Gecko/20100101 Firefox/39.0" 
185.11.188.4 - - [27/Jul/2015:10:18:49 -0700] "GET /bootstrap/img/favicon.ico HTTP/1.0" 200 589 "-" "Mozilla/5.0 (Windows NT 6.1; WOW64; rv:39.0) Gecko/20100101 Firefox/39.0" 
185.11.188.4 - - [27/Jul/2015:10:18:51 -0700] "GET /GitHub-Mark.png HTTP/1.0" 200 7428 "http://www.secrepo.com/" "Mozilla/5.0 (Windows NT 6.1; WOW64; rv:39.0) Gecko/20100101 Firefox/39.0" 
185.11.188.4 - - [27/Jul/2015:10:18:51 -0700] "GET /twitter-icon.png HTTP/1.0" 200 27788 "http://www.secrepo.com/" "Mozilla/5.0 (Windows NT 6.1; WOW64; rv:39.0) Gecko/20100101 Firefox/39.0" 
95.8.142.90 - - [27/Jul/2015:10:25:35 -0700] "GET /bootstrap/img/favicon.ico HTTP/1.1" 200 590 "-" "Mozilla/5.0 (Windows NT 6.3; Win64; x64; rv:40.0) Gecko/20100101 Firefox/40.0" 
79.85.120.69 - - [27/Jul/2015:10:26:32 -0700] "GET / HTTP/1.1" 200 7308 "-" "Mozilla/5.0 (Android; Mobile; rv:39.0) Gecko/39.0 Firefox/39.0" 
79.85.120.69 - - [27/Jul/2015:10:26:32 -0700] "GET /twitter-icon.png HTTP/1.1" 200 27787 "http://www.secrepo.com/" "Mozilla/5.0 (Android; Mobile; rv:39.0) Gecko/39.0 Firefox/39.0" 
79.85.120.69 - - [27/Jul/2015:10:26:32 -0700] "GET /GitHub-Mark.png HTTP/1.1" 200 7427 "http://www.secrepo.com/" "Mozilla/5.0 (Android; Mobile; rv:39.0) Gecko/39.0 Firefox/39.0" 
79.85.120.69 - - [27/Jul/2015:10:26:36 -0700] "GET /bootstrap/img/favicon.ico HTTP/1.1" 200 590 "-" "Mozilla/5.0 (Android; Mobile; rv:39.0) Gecko/39.0 Firefox/39.0" 
85.255.233.79 - - [27/Jul/2015:10:30:50 -0700] "GET /honeypot/Honeypot%20-%20Howto.pdf HTTP/1.1" 200 1279418 "https://www.google.co.uk/" "Mozilla/5.0 (Macintosh; Intel Mac OS X 10_10_4) AppleWebKit/600.7.12 (KHTML, like Gecko) Version/8.0.7 Safari/600.7.12" 
85.255.233.79 - - [27/Jul/2015:10:31:01 -0700] "GET /favicon.ico HTTP/1.1" 200 268 "http://www.secrepo.com/honeypot/Honeypot%20-%20Howto.pdf" "Mozilla/5.0 (Macintosh; Intel Mac OS X 10_10_4) AppleWebKit/600.7.12 (KHTML, like Gecko) Version/8.0.7 Safari/600.7.12" 
79.85.120.69 - - [27/Jul/2015:10:31:26 -0700] "GET / HTTP/1.1" 200 7308 "https://www.google.fr" "Mozilla/5.0 (Windows NT 6.3; WOW64; rv:39.0) Gecko/20100101 Firefox/39.0" 
79.85.120.69 - - [27/Jul/2015:10:31:26 -0700] "GET /bootstrap/img/favicon.ico HTTP/1.1" 200 589 "-" "Mozilla/5.0 (Windows NT 6.3; WOW64; rv:39.0) Gecko/20100101 Firefox/39.0" 
79.85.120.69 - - [27/Jul/2015:10:31:27 -0700] "GET /twitter-icon.png HTTP/1.1" 200 27787 "http://www.secrepo.com/" "Mozilla/5.0 (Windows NT 6.3; WOW64; rv:39.0) Gecko/20100101 Firefox/39.0" 
79.85.120.69 - - [27/Jul/2015:10:31:27 -0700] "GET /GitHub-Mark.png HTTP/1.1" 200 7428 "http://www.secrepo.com/" "Mozilla/5.0 (Windows NT 6.3; WOW64; rv:39.0) Gecko/20100101 Firefox/39.0" 
79.85.120.69 - - [27/Jul/2015:10:31:55 -0700] "GET / HTTP/1.1" 200 7308 "-" "Mozilla/5.0 (X11; Linux x86_64) AppleWebKit/534.24 (KHTML, like Gecko) Chrome/11.0.696.34 Safari/534.24" 
79.85.120.69 - - [27/Jul/2015:10:31:55 -0700] "GET /twitter-icon.png HTTP/1.1" 200 27787 "-" "Mozilla/5.0 (X11; Linux x86_64) AppleWebKit/534.24 (KHTML, like Gecko) Chrome/11.0.696.34 Safari/534.24" 
79.85.120.69 - - [27/Jul/2015:10:31:56 -0700] "GET /GitHub-Mark.png HTTP/1.1" 200 7427 "-" "Mozilla/5.0 (X11; Linux x86_64) AppleWebKit/534.24 (KHTML, like Gecko) Chrome/11.0.696.34 Safari/534.24" 
79.85.120.69 - - [27/Jul/2015:10:32:30 -0700] "GET /maccdc2012/dhcp.log.gz HTTP/1.1" 200 45019 "http://www.secrepo.com/" "Mozilla/5.0 (Windows NT 6.3; WOW64; rv:39.0) Gecko/20100101 Firefox/39.0" 
79.85.120.69 - - [27/Jul/2015:10:32:31 -0700] "GET /favicon.ico HTTP/1.1" 200 267 "-" "Mozilla/5.0 (Windows NT 6.3; WOW64; rv:39.0) Gecko/20100101 Firefox/39.0" 
79.85.120.69 - - [27/Jul/2015:10:32:37 -0700] "GET /self.logs/ HTTP/1.1" 200 4349 "http://www.secrepo.com/" "Mozilla/5.0 (Windows NT 6.3; WOW64; rv:39.0) Gecko/20100101 Firefox/39.0" 
79.85.120.69 - - [27/Jul/2015:10:32:40 -0700] "GET /self.logs/access.log.2015-01-17.gz HTTP/1.1" 200 3597 "http://www.secrepo.com/self.logs/" "Mozilla/5.0 (Windows NT 6.3; WOW64; rv:39.0) Gecko/20100101 Firefox/39.0" 
79.85.120.69 - - [27/Jul/2015:10:32:49 -0700] "GET /zeus/zeus_json.zip HTTP/1.1" 404 340 "http://www.secrepo.com/" "Mozilla/5.0 (Windows NT 6.3; WOW64; rv:39.0) Gecko/20100101 Firefox/39.0" 
192.187.100.154 - - [27/Jul/2015:11:07:47 -0700] "GET /honeypot/Honeypot%20-%20Howto.pdf HTTP/1.1" 200 1279418 "http://www.secrepo.com/" "Mozilla/5.0 (iPhone; CPU iPhone OS 8_0_2 like Mac OS X) AppleWebKit/600.1.4 (KHTML, like Gecko) Version/8.0 Mobile/12A405 Safari/600.1.4" 
142.4.106.212 - - [27/Jul/2015:11:19:24 -0700] "GET /honeypot/BSidesDFW%20-%202014.ipynb HTTP/1.1" 200 643860 "-" "Mozilla/4.0 (compatible; MSIE 6.0; Windows NT 5.1)" 
142.4.106.212 - - [27/Jul/2015:11:19:25 -0700] "POST /honeypot/BSidesDFW%20-%202014.ipynb/trackback/ HTTP/1.1" 404 303 "http://www.secrepo.com/honeypot/BSidesDFW - 2014.ipynb" "Mozilla/4.0 (compatible; MSIE 6.0; Windows NT 5.1; SV1; Mozilla/4.0 (compatible; MSIE 6.0; Windows NT 5.1; SV1) ; .NET CLR 2.0.50727 ; .NET CLR 4.0.30319)" 
80.12.39.187 - - [27/Jul/2015:11:37:04 -0700] "GET / HTTP/1.1" 200 7308 "-" "Mozilla/5.0 (iPhone; CPU iPhone OS 8_4 like Mac OS X) AppleWebKit/600.1.4 (KHTML, like Gecko) Version/8.0 Mobile/12H143 Safari/600.1.4" 
80.12.39.187 - - [27/Jul/2015:11:37:07 -0700] "GET /GitHub-Mark.png HTTP/1.1" 200 7428 "http://www.secrepo.com/" "Mozilla/5.0 (iPhone; CPU iPhone OS 8_4 like Mac OS X) AppleWebKit/600.1.4 (KHTML, like Gecko) Version/8.0 Mobile/12H143 Safari/600.1.4" 
80.12.39.187 - - [27/Jul/2015:11:37:07 -0700] "GET /twitter-icon.png HTTP/1.1" 200 27788 "http://www.secrepo.com/" "Mozilla/5.0 (iPhone; CPU iPhone OS 8_4 like Mac OS X) AppleWebKit/600.1.4 (KHTML, like Gecko) Version/8.0 Mobile/12H143 Safari/600.1.4" 
157.55.39.153 - - [27/Jul/2015:11:42:02 -0700] "GET /self.logs/error.log.2015-05-10.gz HTTP/1.1" 200 1011 "-" "Mozilla/5.0 (compatible; bingbot/2.0; +http://www.bing.com/bingbot.htm)" 
66.249.64.88 - - [27/Jul/2015:11:48:15 -0700] "GET /robots.txt HTTP/1.1" 301 502 "-" "Mozilla/5.0 (compatible; Googlebot/2.1; +http://www.google.com/bot.html)" 
66.249.64.155 - - [27/Jul/2015:11:48:15 -0700] "GET /robots.txt HTTP/1.1" 200 334 "-" "Mozilla/5.0 (compatible; Googlebot/2.1; +http://www.google.com/bot.html)" 
66.249.64.88 - - [27/Jul/2015:11:48:15 -0700] "GET / HTTP/1.1" 301 482 "-" "Mozilla/5.0 (compatible; Googlebot/2.1; +http://www.google.com/bot.html)" 
66.249.64.145 - - [27/Jul/2015:11:48:15 -0700] "GET /robots.txt HTTP/1.1" 200 334 "-" "Mozilla/5.0 (compatible; Googlebot/2.1; +http://www.google.com/bot.html)" 
66.249.64.150 - - [27/Jul/2015:11:48:15 -0700] "GET / HTTP/1.1" 200 7308 "-" "Mozilla/5.0 (compatible; Googlebot/2.1; +http://www.google.com/bot.html)" 
207.242.96.60 - - [27/Jul/2015:12:10:38 -0700] "GET / HTTP/1.1" 200 7308 "-" "Mozilla/5.0 (Macintosh; Intel Mac OS X 10.10; rv:39.0) Gecko/20100101 Firefox/39.0" 
207.242.96.60 - - [27/Jul/2015:12:10:39 -0700] "GET /twitter-icon.png HTTP/1.1" 200 27787 "http://www.secrepo.com/" "Mozilla/5.0 (Macintosh; Intel Mac OS X 10.10; rv:39.0) Gecko/20100101 Firefox/39.0" 
207.242.96.60 - - [27/Jul/2015:12:10:39 -0700] "GET /GitHub-Mark.png HTTP/1.1" 200 7428 "http://www.secrepo.com/" "Mozilla/5.0 (Macintosh; Intel Mac OS X 10.10; rv:39.0) Gecko/20100101 Firefox/39.0" 
207.242.96.60 - - [27/Jul/2015:12:10:39 -0700] "GET /bootstrap/img/favicon.ico HTTP/1.1" 200 589 "-" "Mozilla/5.0 (Macintosh; Intel Mac OS X 10.10; rv:39.0) Gecko/20100101 Firefox/39.0" 
71.64.195.240 - - [27/Jul/2015:12:20:40 -0700] "GET / HTTP/1.1" 200 7308 "https://www.google.com/" "Mozilla/5.0 (Windows NT 6.1; WOW64) AppleWebKit/537.36 (KHTML, like Gecko) Chrome/44.0.2403.89 Safari/537.36" 
71.64.195.240 - - [27/Jul/2015:12:20:40 -0700] "GET /twitter-icon.png HTTP/1.1" 200 27787 "http://www.secrepo.com/" "Mozilla/5.0 (Windows NT 6.1; WOW64) AppleWebKit/537.36 (KHTML, like Gecko) Chrome/44.0.2403.89 Safari/537.36" 
71.64.195.240 - - [27/Jul/2015:12:20:40 -0700] "GET /GitHub-Mark.png HTTP/1.1" 200 7428 "http://www.secrepo.com/" "Mozilla/5.0 (Windows NT 6.1; WOW64) AppleWebKit/537.36 (KHTML, like Gecko) Chrome/44.0.2403.89 Safari/537.36" 
71.64.195.240 - - [27/Jul/2015:12:20:40 -0700] "GET /bootstrap/img/favicon.ico HTTP/1.1" 200 589 "http://www.secrepo.com/" "Mozilla/5.0 (Windows NT 6.1; WOW64) AppleWebKit/537.36 (KHTML, like Gecko) Chrome/44.0.2403.89 Safari/537.36" 
71.64.195.240 - - [27/Jul/2015:12:24:42 -0700] "GET / HTTP/1.1" 301 483 "-" "Mozilla/5.0 (Windows NT 6.3) AppleWebKit/537.36 (KHTML, like Gecko) Chrome/44.0.2403.89 Safari/537.36" 
71.64.195.240 - - [27/Jul/2015:12:24:42 -0700] "GET / HTTP/1.1" 200 7308 "-" "Mozilla/5.0 (Windows NT 6.3) AppleWebKit/537.36 (KHTML, like Gecko) Chrome/44.0.2403.89 Safari/537.36" 
71.64.195.240 - - [27/Jul/2015:12:24:43 -0700] "GET /twitter-icon.png HTTP/1.1" 200 27787 "http://www.secrepo.com/" "Mozilla/5.0 (Windows NT 6.3) AppleWebKit/537.36 (KHTML, like Gecko) Chrome/44.0.2403.89 Safari/537.36" 
71.64.195.240 - - [27/Jul/2015:12:24:43 -0700] "GET /GitHub-Mark.png HTTP/1.1" 200 7428 "http://www.secrepo.com/" "Mozilla/5.0 (Windows NT 6.3) AppleWebKit/537.36 (KHTML, like Gecko) Chrome/44.0.2403.89 Safari/537.36" 
71.64.195.240 - - [27/Jul/2015:12:24:43 -0700] "GET /bootstrap/img/favicon.ico HTTP/1.1" 200 589 "http://www.secrepo.com/" "Mozilla/5.0 (Windows NT 6.3) AppleWebKit/537.36 (KHTML, like Gecko) Chrome/44.0.2403.89 Safari/537.36" 
71.64.195.240 - - [27/Jul/2015:12:24:48 -0700] "GET /tg/a.zip HTTP/1.1" 200 66189337 "http://www.secrepo.com/" "Mozilla/5.0 (Windows NT 6.3) AppleWebKit/537.36 (KHTML, like Gecko) Chrome/44.0.2403.89 Safari/537.36" 
71.64.195.240 - - [27/Jul/2015:12:25:07 -0700] "GET /tg/b.zip HTTP/1.1" 200 42298164 "http://www.secrepo.com/" "Mozilla/5.0 (Windows NT 6.3) AppleWebKit/537.36 (KHTML, like Gecko) Chrome/44.0.2403.89 Safari/537.36" 
71.64.195.240 - - [27/Jul/2015:12:25:10 -0700] "GET /tg/c.zip HTTP/1.1" 200 63359118 "http://www.secrepo.com/" "Mozilla/5.0 (Windows NT 6.3) AppleWebKit/537.36 (KHTML, like Gecko) Chrome/44.0.2403.89 Safari/537.36" 
71.64.195.240 - - [27/Jul/2015:12:35:29 -0700] "GET /self.logs/ HTTP/1.1" 200 4349 "http://www.secrepo.com/" "Mozilla/5.0 (Windows NT 6.3) AppleWebKit/537.36 (KHTML, like Gecko) Chrome/44.0.2403.89 Safari/537.36" 
71.64.195.240 - - [27/Jul/2015:12:35:30 -0700] "GET /favicon.ico HTTP/1.1" 200 267 "http://www.secrepo.com/self.logs/" "Mozilla/5.0 (Windows NT 6.3) AppleWebKit/537.36 (KHTML, like Gecko) Chrome/44.0.2403.89 Safari/537.36" 
71.64.195.240 - - [27/Jul/2015:12:35:42 -0700] "GET /self.logs/access.log.2015-01-17.gz HTTP/1.1" 200 3597 "http://www.secrepo.com/self.logs/" "Mozilla/5.0 (Windows NT 6.3) AppleWebKit/537.36 (KHTML, like Gecko) Chrome/44.0.2403.89 Safari/537.36" 
162.197.24.67 - - [27/Jul/2015:12:39:56 -0700] "GET / HTTP/1.1" 301 483 "-" "Mozilla/5.0 (Macintosh; Intel Mac OS X 10_10_4) AppleWebKit/537.36 (KHTML, like Gecko) Chrome/44.0.2403.107 Safari/537.36" 
162.197.24.67 - - [27/Jul/2015:12:39:56 -0700] "GET / HTTP/1.1" 200 7308 "-" "Mozilla/5.0 (Macintosh; Intel Mac OS X 10_10_4) AppleWebKit/537.36 (KHTML, like Gecko) Chrome/44.0.2403.107 Safari/537.36" 
162.197.24.67 - - [27/Jul/2015:12:39:56 -0700] "GET /twitter-icon.png HTTP/1.1" 200 27787 "http://www.secrepo.com/" "Mozilla/5.0 (Macintosh; Intel Mac OS X 10_10_4) AppleWebKit/537.36 (KHTML, like Gecko) Chrome/44.0.2403.107 Safari/537.36" 
162.197.24.67 - - [27/Jul/2015:12:39:57 -0700] "GET /GitHub-Mark.png HTTP/1.1" 200 7427 "http://www.secrepo.com/" "Mozilla/5.0 (Macintosh; Intel Mac OS X 10_10_4) AppleWebKit/537.36 (KHTML, like Gecko) Chrome/44.0.2403.107 Safari/537.36" 
162.197.24.67 - - [27/Jul/2015:12:39:57 -0700] "GET /bootstrap/img/favicon.ico HTTP/1.1" 200 589 "http://www.secrepo.com/" "Mozilla/5.0 (Macintosh; Intel Mac OS X 10_10_4) AppleWebKit/537.36 (KHTML, like Gecko) Chrome/44.0.2403.107 Safari/537.36" 
162.197.24.67 - - [27/Jul/2015:12:52:22 -0700] "GET / HTTP/1.1" 200 7347 "-" "Mozilla/5.0 (Macintosh; Intel Mac OS X 10_10_4) AppleWebKit/537.36 (KHTML, like Gecko) Chrome/44.0.2403.107 Safari/537.36" 
162.197.24.67 - - [27/Jul/2015:12:52:22 -0700] "GET /twitter-icon.png HTTP/1.1" 200 27787 "http://www.secrepo.com/" "Mozilla/5.0 (Macintosh; Intel Mac OS X 10_10_4) AppleWebKit/537.36 (KHTML, like Gecko) Chrome/44.0.2403.107 Safari/537.36" 
162.197.24.67 - - [27/Jul/2015:12:52:22 -0700] "GET /GitHub-Mark.png HTTP/1.1" 200 7427 "http://www.secrepo.com/" "Mozilla/5.0 (Macintosh; Intel Mac OS X 10_10_4) AppleWebKit/537.36 (KHTML, like Gecko) Chrome/44.0.2403.107 Safari/537.36" 
162.197.24.67 - - [27/Jul/2015:12:52:23 -0700] "GET /bootstrap/img/favicon.ico HTTP/1.1" 200 589 "http://www.secrepo.com/" "Mozilla/5.0 (Macintosh; Intel Mac OS X 10_10_4) AppleWebKit/537.36 (KHTML, like Gecko) Chrome/44.0.2403.107 Safari/537.36" 
199.16.156.124 - - [27/Jul/2015:12:52:33 -0700] "GET /robots.txt HTTP/1.1" 200 304 "-" "Twitterbot/1.0" 
199.16.156.124 - - [27/Jul/2015:12:52:33 -0700] "GET / HTTP/1.1" 200 7291 "-" "Twitterbot/1.0" 
74.6.254.140 - - [27/Jul/2015:12:52:33 -0700] "GET /robots.txt HTTP/1.1" 301 462 "-" "Mozilla/5.0 (compatible; Yahoo! Slurp; http://help.yahoo.com/help/us/ysearch/slurp)" 
74.6.254.140 - - [27/Jul/2015:12:52:33 -0700] "HEAD / HTTP/1.1" 301 234 "-" "Mozilla/5.0 (compatible; Yahoo! Slurp; http://help.yahoo.com/help/us/ysearch/slurp)" 
46.236.24.51 - - [27/Jul/2015:12:52:34 -0700] "GET / HTTP/1.1" 301 442 "-" "Mozilla/5.0 (TweetmemeBot/4.0; +http://datasift.com/bot.html) Gecko/20100101 Firefox/31.0" 
74.6.254.95 - - [27/Jul/2015:12:52:34 -0700] "GET /robots.txt HTTP/1.1" 200 233 "-" "Mozilla/5.0 (compatible; Yahoo! Slurp; http://help.yahoo.com/help/us/ysearch/slurp)" 
173.192.79.101 - - [27/Jul/2015:12:52:34 -0700] "GET /robots.txt HTTP/1.1" 301 446 "-" "ShowyouBot (http://showyou.com/crawler)" 
74.6.254.95 - - [27/Jul/2015:12:52:34 -0700] "HEAD / HTTP/1.1" 200 262 "-" "Mozilla/5.0 (compatible; Yahoo! Slurp; http://help.yahoo.com/help/us/ysearch/slurp)" 
46.236.24.51 - - [27/Jul/2015:12:52:34 -0700] "GET / HTTP/1.1" 206 24403 "-" "Mozilla/5.0 (TweetmemeBot/4.0; +http://datasift.com/bot.html) Gecko/20100101 Firefox/31.0" 
173.192.79.101 - - [27/Jul/2015:12:52:34 -0700] "GET / HTTP/1.1" 301 427 "-" "ShowyouBot (http://showyou.com/crawler)" 
17.142.152.60 - - [27/Jul/2015:12:52:34 -0700] "GET / HTTP/1.1" 301 483 "-" "Mozilla/5.0 (Macintosh; Intel Mac OS X 10_10_1) AppleWebKit/600.2.5 (KHTML, like Gecko) Version/8.0.2 Safari/600.2.5 (Applebot/0.1; +http://www.apple.com/go/applebot)" 
173.192.79.101 - - [27/Jul/2015:12:52:34 -0700] "GET /robots.txt HTTP/1.1" 200 304 "-" "ShowyouBot (http://showyou.com/crawler)" 
173.192.79.101 - - [27/Jul/2015:12:52:35 -0700] "GET / HTTP/1.1" 200 7291 "-" "ShowyouBot (http://showyou.com/crawler)" 
17.142.152.60 - - [27/Jul/2015:12:52:35 -0700] "GET / HTTP/1.1" 200 7347 "-" "Mozilla/5.0 (Macintosh; Intel Mac OS X 10_10_1) AppleWebKit/600.2.5 (KHTML, like Gecko) Version/8.0.2 Safari/600.2.5 (Applebot/0.1; +http://www.apple.com/go/applebot)" 
54.151.42.39 - - [27/Jul/2015:12:52:35 -0700] "HEAD / HTTP/1.1" 301 246 "-" "Google-HTTP-Java-Client/1.17.0-rc (gzip)" 
54.151.42.39 - - [27/Jul/2015:12:52:35 -0700] "HEAD / HTTP/1.1" 301 246 "-" "Google-HTTP-Java-Client/1.17.0-rc (gzip)" 
50.18.94.121 - - [27/Jul/2015:12:52:35 -0700] "HEAD / HTTP/1.1" 200 295 "-" "Google-HTTP-Java-Client/1.17.0-rc (gzip)" 
50.18.94.121 - - [27/Jul/2015:12:52:35 -0700] "HEAD / HTTP/1.1" 200 295 "-" "Google-HTTP-Java-Client/1.17.0-rc (gzip)" 
54.246.137.243 - - [27/Jul/2015:12:52:37 -0700] "HEAD / HTTP/1.1" 301 234 "-" "python-requests/1.2.3 CPython/2.7.6 Linux/3.13.0-44-generic" 
54.246.137.243 - - [27/Jul/2015:12:52:37 -0700] "HEAD / HTTP/1.1" 200 262 "-" "python-requests/1.2.3 CPython/2.7.6 Linux/3.13.0-44-generic" 
54.198.122.232 - - [27/Jul/2015:12:52:41 -0700] "GET / HTTP/1.1" 301 446 "-" "Mozilla/5.0 (Macintosh; Intel Mac OS X 10_6_6) AppleWebKit/534.24 (KHTML, like Gecko) (Contact: backend@getprismatic.com)" 
54.198.122.232 - - [27/Jul/2015:12:52:41 -0700] "GET / HTTP/1.1" 200 7310 "-" "Mozilla/5.0 (Macintosh; Intel Mac OS X 10_6_6) AppleWebKit/534.24 (KHTML, like Gecko) (Contact: backend@getprismatic.com)" 
188.165.15.241 - - [27/Jul/2015:12:52:48 -0700] "GET /self.logs/access.log.2015-07-16.gz HTTP/1.1" 200 7234 "-" "Mozilla/5.0 (compatible; AhrefsBot/5.0; +http://ahrefs.com/robot/)" 
23.96.208.137 - - [27/Jul/2015:12:53:08 -0700] "GET / HTTP/1.1" 301 483 "-" "Mozilla/5.0 (compatible; MSIE 10.0; Windows NT 6.1; Trident/6.0)" 
23.96.208.137 - - [27/Jul/2015:12:53:10 -0700] "GET / HTTP/1.1" 200 7347 "-" "Mozilla/5.0 (compatible; MSIE 10.0; Windows NT 6.1; Trident/6.0)" 
74.112.131.245 - - [27/Jul/2015:12:54:03 -0700] "GET / HTTP/1.1" 301 483 "-" "Mozilla/5.0 ()" 
74.112.131.246 - - [27/Jul/2015:12:54:04 -0700] "GET / HTTP/1.1" 200 7347 "-" "Mozilla/5.0 ()" 
54.92.168.252 - - [27/Jul/2015:12:54:06 -0700] "GET /robots.txt HTTP/1.1" 301 446 "-" "Mozilla/5.0 (Macintosh; Intel Mac OS X 10.9; rv:28.0) Gecko/20100101 Firefox/28.0 (FlipboardProxy/1.1; +http://flipboard.com/browserproxy)" 
54.92.168.252 - - [27/Jul/2015:12:54:06 -0700] "GET / HTTP/1.1" 301 427 "-" "Mozilla/5.0 (Macintosh; Intel Mac OS X 10.9; rv:28.0) Gecko/20100101 Firefox/28.0 (FlipboardProxy/1.1; +http://flipboard.com/browserproxy)" 
54.92.168.252 - - [27/Jul/2015:12:54:06 -0700] "GET /robots.txt HTTP/1.1" 200 304 "-" "Mozilla/5.0 (Macintosh; Intel Mac OS X 10.9; rv:28.0) Gecko/20100101 Firefox/28.0 (FlipboardProxy/1.1; +http://flipboard.com/browserproxy)" 
54.92.168.252 - - [27/Jul/2015:12:54:06 -0700] "GET / HTTP/1.1" 200 7291 "-" "Mozilla/5.0 (Macintosh; Intel Mac OS X 10.9; rv:28.0) Gecko/20100101 Firefox/28.0 (FlipboardProxy/1.1; +http://flipboard.com/browserproxy)" 
150.70.173.58 - - [27/Jul/2015:12:54:21 -0700] "GET / HTTP/1.1" 301 442 "-" "Mozilla/4.0 (compatible; MSIE 8.0; Windows NT 5.1; Trident/4.0)" 
104.239.140.237 - - [27/Jul/2015:13:06:23 -0700] "HEAD / HTTP/1.1" 301 190 "-" "Jakarta Commons-HttpClient/3.0.1" 
104.130.1.148 - - [27/Jul/2015:13:14:38 -0700] "GET /robots.txt HTTP/1.1" 301 446 "-" "Tornado-Async-Client" 
104.130.1.148 - - [27/Jul/2015:13:14:38 -0700] "GET /robots.txt HTTP/1.1" 200 304 "-" "Tornado-Async-Client" 
104.130.1.148 - - [27/Jul/2015:13:14:38 -0700] "GET /honeypot/BSidesDFW%20-%202014.ipynb HTTP/1.1" 301 484 "-" "Tornado-Async-Client" 
104.130.1.148 - - [27/Jul/2015:13:14:38 -0700] "GET /honeypot/BSidesDFW%20-%202014.ipynb HTTP/1.1" 200 930780 "-" "Tornado-Async-Client" 
74.6.254.140 - - [27/Jul/2015:13:28:34 -0700] "HEAD / HTTP/1.1" 301 234 "-" "Mozilla/5.0 (compatible; Yahoo! Slurp; http://help.yahoo.com/help/us/ysearch/slurp)" 
74.6.254.95 - - [27/Jul/2015:13:28:34 -0700] "HEAD / HTTP/1.1" 200 262 "-" "Mozilla/5.0 (compatible; Yahoo! Slurp; http://help.yahoo.com/help/us/ysearch/slurp)" 
150.70.172.230 - - [27/Jul/2015:13:43:31 -0700] "GET / HTTP/1.1" 301 442 "-" "Mozilla/4.0 (compatible; MSIE 8.0; Windows NT 5.1; Trident/4.0)" 
150.70.172.230 - - [27/Jul/2015:13:43:31 -0700] "GET / HTTP/1.1" 200 24354 "-" "Mozilla/4.0 (compatible; MSIE 8.0; Windows NT 5.1; Trident/4.0)" 
157.55.39.153 - - [27/Jul/2015:14:06:38 -0700] "GET /maccdc2012/smtp.log.gz HTTP/1.1" 200 6908 "-" "Mozilla/5.0 (compatible; bingbot/2.0; +http://www.bing.com/bingbot.htm)" 
157.55.39.153 - - [27/Jul/2015:14:10:53 -0700] "GET /self.logs/access.log.2015-02-01.gz HTTP/1.1" 200 2648 "-" "Mozilla/5.0 (compatible; bingbot/2.0; +http://www.bing.com/bingbot.htm)" 
77.75.78.169 - - [27/Jul/2015:14:57:58 -0700] "GET /robots.txt HTTP/1.1" 200 334 "-" "Mozilla/5.0 (compatible; SeznamBot/3.2; +http://fulltext.sblog.cz/)" 
77.75.78.169 - - [27/Jul/2015:14:58:05 -0700] "GET /squid/access.log.gz HTTP/1.1" 200 10997466 "-" "Mozilla/5.0 (compatible; SeznamBot/3.2; +http://fulltext.sblog.cz/)" 
77.75.78.169 - - [27/Jul/2015:14:58:24 -0700] "GET /maccdc2012/signatures.log.gz HTTP/1.1" 200 605 "-" "Mozilla/5.0 (compatible; SeznamBot/3.2; +http://fulltext.sblog.cz/)" 
77.75.78.169 - - [27/Jul/2015:14:58:24 -0700] "GET /maccdc2012/tunnel.log.gz HTTP/1.1" 200 5228 "-" "Mozilla/5.0 (compatible; SeznamBot/3.2; +http://fulltext.sblog.cz/)" 
77.75.78.169 - - [27/Jul/2015:14:58:25 -0700] "GET /maccdc2012/notice.log.gz HTTP/1.1" 200 20778 "-" "Mozilla/5.0 (compatible; SeznamBot/3.2; +http://fulltext.sblog.cz/)" 
77.75.78.169 - - [27/Jul/2015:14:58:26 -0700] "GET /honeypot/honeypot.json.zip HTTP/1.1" 200 4631872 "-" "Mozilla/5.0 (compatible; SeznamBot/3.2; +http://fulltext.sblog.cz/)" 
77.75.78.169 - - [27/Jul/2015:14:58:30 -0700] "GET /maccdc2012/ssl.log.gz HTTP/1.1" 200 1313675 "-" "Mozilla/5.0 (compatible; SeznamBot/3.2; +http://fulltext.sblog.cz/)" 
77.75.78.169 - - [27/Jul/2015:14:58:42 -0700] "GET /maccdc2012/smtp.log.gz HTTP/1.1" 200 6908 "-" "Mozilla/5.0 (compatible; SeznamBot/3.2; +http://fulltext.sblog.cz/)" 
74.6.254.95 - - [27/Jul/2015:15:00:29 -0700] "GET / HTTP/1.1" 200 7291 "-" "Mozilla/5.0 (compatible; Yahoo! Slurp; http://help.yahoo.com/help/us/ysearch/slurp)" 
157.55.39.153 - - [27/Jul/2015:15:09:33 -0700] "GET /self.logs/error.log.2015-02-11.gz HTTP/1.1" 200 1357 "-" "Mozilla/5.0 (compatible; bingbot/2.0; +http://www.bing.com/bingbot.htm)" 
180.76.15.160 - - [27/Jul/2015:16:10:56 -0700] "GET /tg/tg_snort_fast.7z HTTP/1.1" 200 786715 "-" "Mozilla/5.0 (compatible; Baiduspider/2.0; +http://www.baidu.com/search/spider.html)" 
187.20.56.24 - - [27/Jul/2015:16:22:28 -0700] "GET / HTTP/1.1" 301 483 "http://buttons-for-website.com" "Mozilla/5.0 (Windows NT 6.1; WOW64) AppleWebKit/537.36 (KHTML, like Gecko) Chrome/36.0.1985.143 Safari/537.36" 
187.20.56.24 - - [27/Jul/2015:16:22:30 -0700] "GET / HTTP/1.1" 200 7347 "http://buttons-for-website.com" "Mozilla/5.0 (Windows NT 6.1; WOW64) AppleWebKit/537.36 (KHTML, like Gecko) Chrome/36.0.1985.143 Safari/537.36" 
187.20.56.24 - - [27/Jul/2015:16:22:30 -0700] "GET /twitter-icon.png HTTP/1.1" 200 27787 "http://www.secrepo.com/" "Mozilla/5.0 (Windows NT 6.1; WOW64) AppleWebKit/537.36 (KHTML, like Gecko) Chrome/36.0.1985.143 Safari/537.36" 
187.20.56.24 - - [27/Jul/2015:16:22:30 -0700] "GET /GitHub-Mark.png HTTP/1.1" 200 7428 "http://www.secrepo.com/" "Mozilla/5.0 (Windows NT 6.1; WOW64) AppleWebKit/537.36 (KHTML, like Gecko) Chrome/36.0.1985.143 Safari/537.36" 
188.165.15.234 - - [27/Jul/2015:16:34:13 -0700] "GET /robots.txt HTTP/1.1" 301 446 "-" "Mozilla/5.0 (compatible; AhrefsBot/5.0; +http://ahrefs.com/robot/)" 
188.165.15.234 - - [27/Jul/2015:16:34:13 -0700] "GET /robots.txt HTTP/1.1" 200 304 "-" "Mozilla/5.0 (compatible; AhrefsBot/5.0; +http://ahrefs.com/robot/)" 
66.102.6.248 - - [27/Jul/2015:16:52:56 -0700] "GET / HTTP/1.1" 200 7347 "-" "Google favicon" 
66.102.6.193 - - [27/Jul/2015:16:52:56 -0700] "GET /bootstrap/img/favicon.ico HTTP/1.1" 200 590 "-" "Google favicon" 
120.40.127.92 - - [27/Jul/2015:16:53:50 -0700] "GET /honeypot/Honeypot HTTP/1.1" 404 340 "-" "Mozilla/4.0 (compatible; MSIE 6.0; Windows NT 5.1; SV1;)" 
157.55.39.122 - - [27/Jul/2015:16:55:11 -0700] "GET /maccdc2012/files.log.gz HTTP/1.1" 200 10851562 "-" "Mozilla/5.0 (compatible; bingbot/2.0; +http://www.bing.com/bingbot.htm)" 
74.6.254.95 - - [27/Jul/2015:17:37:04 -0700] "GET / HTTP/1.1" 304 133 "-" "Mozilla/5.0 (compatible; Yahoo! Slurp; http://help.yahoo.com/help/us/ysearch/slurp)" 
157.55.39.253 - - [27/Jul/2015:17:42:42 -0700] "GET /robots.txt HTTP/1.1" 301 518 "-" "Mozilla/5.0 (compatible; bingbot/2.0; +http://www.bing.com/bingbot.htm)" 
157.55.39.253 - - [27/Jul/2015:17:42:42 -0700] "GET /robots.txt HTTP/1.1" 200 288 "-" "Mozilla/5.0 (compatible; bingbot/2.0; +http://www.bing.com/bingbot.htm)" 
54.176.137.163 - - [27/Jul/2015:17:56:05 -0700] "HEAD / HTTP/1.1" 301 246 "-" "Mozilla/5.0 (Macintosh; Intel Mac OS X 10_9_3) AppleWebKit/537.36 (KHTML, like Gecko) Chrome/35.0.1916.153 Safari/537.36" 
54.176.137.163 - - [27/Jul/2015:17:56:05 -0700] "HEAD / HTTP/1.1" 200 295 "-" "Mozilla/5.0 (Macintosh; Intel Mac OS X 10_9_3) AppleWebKit/537.36 (KHTML, like Gecko) Chrome/35.0.1916.153 Safari/537.36" 
42.57.38.155 - - [27/Jul/2015:19:08:54 -0700] "GET /honeypot/BSidesDFW%20-%202014.ipynb HTTP/1.1" 200 930836 "http://www.secrepo.com/" "Mozilla/5.0 (iPhone; CPU iPhone OS 8_1_2 like Mac OS X) AppleWebKit/600.1.4 (KHTML, like Gecko) CriOS/39.0.2171.50 Mobile/12B440 Safari/600.1.4" 
188.165.15.241 - - [27/Jul/2015:19:33:34 -0700] "GET /self.logs/error.log.2015-07-14.gz HTTP/1.1" 200 596 "-" "Mozilla/5.0 (compatible; AhrefsBot/5.0; +http://ahrefs.com/robot/)" 
157.55.39.253 - - [27/Jul/2015:20:29:40 -0700] "GET /self.logs/access.log.2015-01-27.gz HTTP/1.1" 200 2252 "-" "Mozilla/5.0 (compatible; bingbot/2.0; +http://www.bing.com/bingbot.htm)" 
37.9.62.74 - - [27/Jul/2015:20:46:01 -0700] "GET /honeypot/BSidesDFW - 2014.ipynb HTTP/1.0" 404 295 "-" "Mozilla/5.0 (Windows NT 6.1) AppleWebKit/537.36 (KHTML, like Gecko) Chrome/41.0.2228.0 Safari/537.36" 
37.9.62.74 - - [27/Jul/2015:20:46:01 -0700] "GET /honeypot/BSidesDFW - 2014.ipynb HTTP/1.0" 404 295 "-" "Mozilla/5.0 (Windows NT 6.1) AppleWebKit/537.36 (KHTML, like Gecko) Chrome/41.0.2228.0 Safari/537.36" 
204.12.239.251 - - [27/Jul/2015:21:13:50 -0700] "GET /honeypot/BSidesDFW%20-%202014.ipynb HTTP/1.1" 200 930836 "-" "Mozilla/4.0 (compatible; MSIE 6.0; Windows NT 5.1; SV1; Mozilla/4.0 (compatible; MSIE 6.0; Windows NT 5.1; SV1) ; .NET CLR 1.0.3705)" 
46.4.87.105 - - [27/Jul/2015:21:25:49 -0700] "GET /robots.txt HTTP/1.0" 200 252 "-" "Mozilla/5.0 (compatible; MJ12bot/v1.4.5; http://www.majestic12.co.uk/bot.php?+)" 
46.4.87.105 - - [27/Jul/2015:21:25:51 -0700] "GET /data HTTP/1.0" 404 284 "-" "Mozilla/5.0 (compatible; MJ12bot/v1.4.5; http://www.majestic12.co.uk/bot.php?+)" 
46.4.87.105 - - [27/Jul/2015:21:25:54 -0700] "GET /honeypot/BSidesDFW%20-%202014.ipynb HTTP/1.0" 200 381060 "-" "Mozilla/5.0 (compatible; MJ12bot/v1.4.5; http://www.majestic12.co.uk/bot.php?+)" 
46.4.87.105 - - [27/Jul/2015:21:25:56 -0700] "GET /self.logs/ HTTP/1.0" 200 4312 "-" "Mozilla/5.0 (compatible; MJ12bot/v1.4.5; http://www.majestic12.co.uk/bot.php?+)" 
157.55.39.212 - - [27/Jul/2015:21:58:07 -0700] "GET /self.logs/error.log.2015-03-09.gz HTTP/1.1" 301 544 "-" "Mozilla/5.0 (compatible; bingbot/2.0; +http://www.bing.com/bingbot.htm)" 
68.180.229.162 - - [27/Jul/2015:22:16:11 -0700] "GET /robots.txt HTTP/1.1" 304 130 "-" "Mozilla/5.0 (compatible; Yahoo! Slurp; http://help.yahoo.com/help/us/ysearch/slurp)" 
68.180.229.162 - - [27/Jul/2015:22:16:12 -0700] "GET /tg/b.zip HTTP/1.1" 200 1186964 "-" "Mozilla/5.0 (compatible; Yahoo! Slurp; http://help.yahoo.com/help/us/ysearch/slurp)" 
58.62.235.115 - - [27/Jul/2015:22:23:50 -0700] "GET /honeypot HTTP/1.1" 301 497 "-" "Mozilla/4.0 (compatible; MSIE 6.0; Windows NT 5.1; SV1;)" 
58.62.235.115 - - [27/Jul/2015:22:23:50 -0700] "GET /honeypot/ HTTP/1.1" 200 674 "-" "Mozilla/4.0 (compatible; MSIE 6.0; Windows NT 5.1; SV1;)" 
157.55.39.122 - - [27/Jul/2015:23:18:11 -0700] "GET /self.logs/access.log.2015-05-17.gz HTTP/1.1" 200 4110 "-" "Mozilla/5.0 (compatible; bingbot/2.0; +http://www.bing.com/bingbot.htm)" 
194.225.24.86 - - [27/Jul/2015:23:23:47 -0700] "GET / HTTP/1.1" 200 7347 "-" "Mozilla/5.0 (iPad; CPU OS 7_1_2 like Mac OS X) AppleWebKit/537.51.2 (KHTML, like Gecko) Version/7.0 Mobile/11D257 Safari/9537.53" 
194.225.24.86 - - [27/Jul/2015:23:23:48 -0700] "GET /twitter-icon.png HTTP/1.1" 200 27787 "http://www.secrepo.com/" "Mozilla/5.0 (iPad; CPU OS 7_1_2 like Mac OS X) AppleWebKit/537.51.2 (KHTML, like Gecko) Version/7.0 Mobile/11D257 Safari/9537.53" 
194.225.24.86 - - [27/Jul/2015:23:23:49 -0700] "GET /GitHub-Mark.png HTTP/1.1" 200 7428 "http://www.secrepo.com/" "Mozilla/5.0 (iPad; CPU OS 7_1_2 like Mac OS X) AppleWebKit/537.51.2 (KHTML, like Gecko) Version/7.0 Mobile/11D257 Safari/9537.53" 
192.99.107.204 - - [27/Jul/2015:23:24:38 -0700] "GET /robots.txt HTTP/1.1" 200 304 "-" "Mozilla/5.0 (compatible; meanpathbot/1.0; +http://www.meanpath.com/meanpathbot.html)" 
192.99.107.204 - - [27/Jul/2015:23:24:38 -0700] "GET / HTTP/1.1" 200 7291 "-" "Mozilla/5.0 (compatible; meanpathbot/1.0; +http://www.meanpath.com/meanpathbot.html)" 
188.165.15.241 - - [27/Jul/2015:23:35:28 -0700] "GET /self.logs/access.log.2015-07-11.gz HTTP/1.1" 200 3442 "-" "Mozilla/5.0 (compatible; AhrefsBot/5.0; +http://ahrefs.com/robot/)" 
157.55.39.253 - - [27/Jul/2015:23:48:58 -0700] "GET / HTTP/1.1" 301 483 "-" "Mozilla/5.0 (compatible; bingbot/2.0; +http://www.bing.com/bingbot.htm)" 
142.4.106.212 - - [27/Jul/2015:23:53:25 -0700] "GET /honeypot/BSidesDFW%20-%202014.ipynb HTTP/1.1" 200 484720 "-" "Mozilla/4.0 (compatible; MSIE 6.0; Windows NT 5.1)" 
142.4.106.212 - - [27/Jul/2015:23:53:26 -0700] "POST /honeypot/BSidesDFW%20-%202014.ipynb/trackback/ HTTP/1.1" 418 547 "http://www.secrepo.com/honeypot/BSidesDFW - 2014.ipynb" "Mozilla/4.0 (compatible; MSIE 6.0; Windows NT 5.1; SV1)" 
50.251.250.146 - - [28/Jul/2015:00:37:58 -0700] "GET /favicon.ico HTTP/1.1" 200 268 "http://www.secrepo.com/honeypot/Honeypot%20-%20Howto.pdf" "Mozilla/5.0 (Macintosh; Intel Mac OS X 10_10_4) AppleWebKit/537.36 (KHTML, like Gecko) Chrome/44.0.2403.107 Safari/537.36" 
50.251.250.146 - - [28/Jul/2015:00:37:58 -0700] "GET /honeypot/Honeypot%20-%20Howto.pdf HTTP/1.1" 206 33098 "http://www.secrepo.com/honeypot/Honeypot%20-%20Howto.pdf" "Mozilla/5.0 (Macintosh; Intel Mac OS X 10_10_4) AppleWebKit/537.36 (KHTML, like Gecko) Chrome/44.0.2403.107 Safari/537.36" 
50.251.250.146 - - [28/Jul/2015:00:37:57 -0700] "GET /honeypot/Honeypot%20-%20Howto.pdf HTTP/1.1" 200 366046 "http://www.google.com/imgres?imgurl=x-raw-image:///aea461db6eb74d172737c0804db783e3c10d47eeef361dff25c5730bd87d1ac1&imgrefurl=http://www.secrepo.com/honeypot/Honeypot%2520-%2520Howto.pdf&h=407&w=318&tbnid=F023btthpK7e7M:&docid=sGiYXWm68D-wsM&ei=AzG3VZOEGeLsmAW0_YKgAg&tbm=isch&ved=0CG4QMyhKMEpqFQoTCNORib2o_cYCFWI2pgodtL4AJA" "Mozilla/5.0 (Macintosh; Intel Mac OS X 10_10_4) AppleWebKit/537.36 (KHTML, like Gecko) Chrome/44.0.2403.107 Safari/537.36" 
50.251.250.146 - - [28/Jul/2015:00:37:58 -0700] "GET /honeypot/Honeypot%20-%20Howto.pdf HTTP/1.1" 206 1246706 "http://www.secrepo.com/honeypot/Honeypot%20-%20Howto.pdf" "Mozilla/5.0 (Macintosh; Intel Mac OS X 10_10_4) AppleWebKit/537.36 (KHTML, like Gecko) Chrome/44.0.2403.107 Safari/537.36" 
83.149.8.65 - - [28/Jul/2015:00:41:12 -0700] "GET / HTTP/1.1" 200 7347 "-" "Mozilla/5.0 (Macintosh; Intel Mac OS X 10_10_4) AppleWebKit/600.7.12 (KHTML, like Gecko) Version/8.0.7 Safari/600.7.12" 
83.149.8.65 - - [28/Jul/2015:00:41:14 -0700] "GET /bootstrap/img/favicon.ico HTTP/1.1" 200 589 "http://www.secrepo.com/" "Mozilla/5.0 (Macintosh; Intel Mac OS X 10_10_4) AppleWebKit/600.7.12 (KHTML, like Gecko) Version/8.0.7 Safari/600.7.12" 
83.149.8.65 - - [28/Jul/2015:00:41:14 -0700] "GET / HTTP/1.1" 200 7346 "-" "Mozilla/5.0 (iPhone; CPU iPhone OS 8_1 like Mac OS X) AppleWebKit/600.1.4 (KHTML, like Gecko) Version/8.0 Mobile/12B410 Safari/600.1.4" 
83.149.8.65 - - [28/Jul/2015:00:41:15 -0700] "GET /apple-touch-icon-precomposed.png HTTP/1.1" 404 340 "-" "com.apple.WebKit.WebContent/10600.7.12 CFNetwork/720.4.4 Darwin/14.4.0 (x86_64)" 
83.149.8.65 - - [28/Jul/2015:00:41:15 -0700] "GET /apple-touch-icon.png HTTP/1.1" 404 339 "-" "com.apple.WebKit.WebContent/10600.7.12 CFNetwork/720.4.4 Darwin/14.4.0 (x86_64)" 
142.4.106.212 - - [28/Jul/2015:00:41:26 -0700] "GET /honeypot/BSidesDFW%20-%202014.ipynb HTTP/1.1" 200 816140 "-" "Mozilla/4.0 (compatible; MSIE 6.0; Windows NT 5.1; SV1; Mozilla/4.0 (compatible; MSIE 6.0; Windows NT 5.1; SV1) ; .NET CLR 1.0.3705)" 
142.4.106.212 - - [28/Jul/2015:00:41:27 -0700] "POST /honeypot/BSidesDFW%20-%202014.ipynb/trackback/ HTTP/1.1" 404 303 "http://www.secrepo.com/honeypot/BSidesDFW - 2014.ipynb" "Mozilla/4.0 (compatible; MSIE 6.0; Windows NT 5.1; SV1; Mozilla/4.0 (compatible; MSIE 6.0; Windows NT 5.1; SV1) ; .NET CLR 1.0.3705)" 
157.55.39.253 - - [28/Jul/2015:00:57:21 -0700] "GET /self.logs/error.log.2015-02-09.gz HTTP/1.1" 200 1296 "-" "Mozilla/5.0 (compatible; bingbot/2.0; +http://www.bing.com/bingbot.htm)" 
194.176.105.144 - - [28/Jul/2015:01:12:49 -0700] "GET / HTTP/1.1" 200 7347 "http://www2.mlsecproject.org/" "Mozilla/5.0 (X11; Linux x86_64; rv:34.0) Gecko/20100101 Firefox/34.0" 
194.176.105.144 - - [28/Jul/2015:01:12:49 -0700] "GET /bootstrap/img/favicon.ico HTTP/1.1" 200 589 "-" "Mozilla/5.0 (X11; Linux x86_64; rv:34.0) Gecko/20100101 Firefox/34.0" 
194.176.105.144 - - [28/Jul/2015:01:12:49 -0700] "GET /twitter-icon.png HTTP/1.1" 200 27787 "http://www.secrepo.com/" "Mozilla/5.0 (X11; Linux x86_64; rv:34.0) Gecko/20100101 Firefox/34.0" 
194.176.105.144 - - [28/Jul/2015:01:12:49 -0700] "GET /GitHub-Mark.png HTTP/1.1" 200 7428 "http://www.secrepo.com/" "Mozilla/5.0 (X11; Linux x86_64; rv:34.0) Gecko/20100101 Firefox/34.0" 
191.185.14.22 - - [28/Jul/2015:01:26:23 -0700] "GET / HTTP/1.1" 301 483 "http://success-seo.com/try.php?u=http://secrepo.com" "Mozilla/5.0 (Windows NT 6.1; WOW64) AppleWebKit/537.36 (KHTML, like Gecko) Chrome/36.0.1985.143 Safari/537.36" 
191.185.14.22 - - [28/Jul/2015:01:26:24 -0700] "GET / HTTP/1.1" 200 7347 "http://success-seo.com/try.php?u=http://secrepo.com" "Mozilla/5.0 (Windows NT 6.1; WOW64) AppleWebKit/537.36 (KHTML, like Gecko) Chrome/36.0.1985.143 Safari/537.36" 
191.185.14.22 - - [28/Jul/2015:01:26:25 -0700] "GET /GitHub-Mark.png HTTP/1.1" 200 7428 "http://www.secrepo.com/" "Mozilla/5.0 (Windows NT 6.1; WOW64) AppleWebKit/537.36 (KHTML, like Gecko) Chrome/36.0.1985.143 Safari/537.36" 
191.185.14.22 - - [28/Jul/2015:01:26:25 -0700] "GET /twitter-icon.png HTTP/1.1" 200 27787 "http://www.secrepo.com/" "Mozilla/5.0 (Windows NT 6.1; WOW64) AppleWebKit/537.36 (KHTML, like Gecko) Chrome/36.0.1985.143 Safari/537.36" 
192.92.196.158 - - [28/Jul/2015:01:45:24 -0700] "GET /honeypot/Honeypot%20-%20Howto%20-%20BSides%20Austin.pdf HTTP/1.1" 200 2928460 "http://www.bing.com/search?q=http%3A%2F%2F69.126.171.26%3A8111%2Feng%2Findex.cgi&form=MSNH14&sc=8-4&sp=-1&qs=n&sk=" "Mozilla/5.0 (compatible; MSIE 9.0; Windows NT 6.1; Trident/5.0;  Trident/5.0)" 
85.115.60.180 - - [28/Jul/2015:02:02:35 -0700] "GET / HTTP/1.1" 200 7291 "http://www2.mlsecproject.org/" "Mozilla/5.0 (Windows NT 6.1; WOW64; rv:39.0) Gecko/20100101 Firefox/39.0" 
85.115.60.180 - - [28/Jul/2015:02:02:36 -0700] "GET /favicon.ico HTTP/1.1" 200 212 "-" "Mozilla/5.0 (Windows NT 6.1; WOW64; rv:39.0) Gecko/20100101 Firefox/39.0" 
188.165.15.241 - - [28/Jul/2015:02:12:31 -0700] "GET /self.logs/?C=S;O=A HTTP/1.1" 200 4562 "-" "Mozilla/5.0 (compatible; AhrefsBot/5.0; +http://ahrefs.com/robot/)" 
