180.171.221.65 - - [19/Oct/2015:20:43:59 -0700] "GET /maccdc2012/conn.log.gz HTTP/1.1" 206 9778120 "http://www.secrepo.com/maccdc2012" "Mozilla/4.0 (compatible; MSIE 7.0; Windows NT 6.1; WOW64; Trident/7.0; SLCC2; .NET CLR 2.0.50727; .NET CLR 3.5.30729; .NET CLR 3.0.30729; Media Center PC 6.0; .NET4.0C; .NET4.0E)" 
180.171.221.65 - - [19/Oct/2015:20:47:49 -0700] "GET /maccdc2012/conn.log.gz HTTP/1.1" 206 24207451 "http://www.secrepo.com/maccdc2012" "Mozilla/4.0 (compatible; MSIE 7.0; Windows NT 6.1; WOW64; Trident/7.0; SLCC2; .NET CLR 2.0.50727; .NET CLR 3.5.30729; .NET CLR 3.0.30729; Media Center PC 6.0; .NET4.0C; .NET4.0E)" 
180.171.221.65 - - [19/Oct/2015:20:48:14 -0700] "GET /maccdc2012/conn.log.gz HTTP/1.1" 206 100820 "http://www.secrepo.com/maccdc2012" "Mozilla/4.0 (compatible; MSIE 7.0; Windows NT 6.1; WOW64; Trident/7.0; SLCC2; .NET CLR 2.0.50727; .NET CLR 3.5.30729; .NET CLR 3.0.30729; Media Center PC 6.0; .NET4.0C; .NET4.0E)" 
180.171.221.65 - - [19/Oct/2015:20:48:13 -0700] "GET /maccdc2012/conn.log.gz HTTP/1.1" 206 15742551 "http://www.secrepo.com/maccdc2012" "Mozilla/4.0 (compatible; MSIE 7.0; Windows NT 6.1; WOW64; Trident/7.0; SLCC2; .NET CLR 2.0.50727; .NET CLR 3.5.30729; .NET CLR 3.0.30729; Media Center PC 6.0; .NET4.0C; .NET4.0E)" 
119.84.114.12 - - [19/Oct/2015:20:43:06 -0700] "GET /maccdc2012/http.log.gz HTTP/1.1" 206 14471520 "-" "Mozilla/5.0 (Windows NT 5.1) AppleWebKit/537.36 (KHTML, like Gecko) Chrome/38.0.2125.104 Safari/537.36" 
119.84.114.18 - - [19/Oct/2015:20:41:39 -0700] "GET /maccdc2012/conn.log.gz HTTP/1.1" 206 6282380 "-" "Mozilla/5.0 (Windows NT 5.1) AppleWebKit/537.36 (KHTML, like Gecko) Chrome/38.0.2125.104 Safari/537.36" 
180.171.221.65 - - [19/Oct/2015:20:46:18 -0700] "GET /maccdc2012/conn.log.gz HTTP/1.1" 206 52065941 "http://www.secrepo.com/maccdc2012" "Mozilla/4.0 (compatible; MSIE 7.0; Windows NT 6.1; WOW64; Trident/7.0; SLCC2; .NET CLR 2.0.50727; .NET CLR 3.5.30729; .NET CLR 3.0.30729; Media Center PC 6.0; .NET4.0C; .NET4.0E)" 
119.84.114.12 - - [19/Oct/2015:20:45:21 -0700] "GET /maccdc2012/http.log.gz HTTP/1.1" 206 8554140 "-" "Mozilla/5.0 (Windows NT 5.1) AppleWebKit/537.36 (KHTML, like Gecko) Chrome/38.0.2125.104 Safari/537.36" 
180.171.221.65 - - [19/Oct/2015:20:48:31 -0700] "GET /maccdc2012/conn.log.gz HTTP/1.1" 206 15358865 "http://www.secrepo.com/maccdc2012" "Mozilla/4.0 (compatible; MSIE 7.0; Windows NT 6.1; WOW64; Trident/7.0; SLCC2; .NET CLR 2.0.50727; .NET CLR 3.5.30729; .NET CLR 3.0.30729; Media Center PC 6.0; .NET4.0C; .NET4.0E)" 
180.171.221.65 - - [19/Oct/2015:20:47:48 -0700] "GET /maccdc2012/conn.log.gz HTTP/1.1" 206 24426840 "http://www.secrepo.com/maccdc2012" "Mozilla/4.0 (compatible; MSIE 7.0; Windows NT 6.1; WOW64; Trident/7.0; SLCC2; .NET CLR 2.0.50727; .NET CLR 3.5.30729; .NET CLR 3.0.30729; Media Center PC 6.0; .NET4.0C; .NET4.0E)" 
180.171.221.65 - - [19/Oct/2015:20:48:50 -0700] "GET /maccdc2012/conn.log.gz HTTP/1.1" 206 8602976 "http://www.secrepo.com/maccdc2012" "Mozilla/4.0 (compatible; MSIE 7.0; Windows NT 6.1; WOW64; Trident/7.0; SLCC2; .NET CLR 2.0.50727; .NET CLR 3.5.30729; .NET CLR 3.0.30729; Media Center PC 6.0; .NET4.0C; .NET4.0E)" 
180.171.221.65 - - [19/Oct/2015:20:48:59 -0700] "GET /maccdc2012/conn.log.gz HTTP/1.1" 206 2093217 "http://www.secrepo.com/maccdc2012" "Mozilla/4.0 (compatible; MSIE 7.0; Windows NT 6.1; WOW64; Trident/7.0; SLCC2; .NET CLR 2.0.50727; .NET CLR 3.5.30729; .NET CLR 3.0.30729; Media Center PC 6.0; .NET4.0C; .NET4.0E)" 
180.171.221.65 - - [19/Oct/2015:20:49:02 -0700] "GET /maccdc2012/conn.log.gz HTTP/1.1" 206 1391782 "http://www.secrepo.com/maccdc2012" "Mozilla/4.0 (compatible; MSIE 7.0; Windows NT 6.1; WOW64; Trident/7.0; SLCC2; .NET CLR 2.0.50727; .NET CLR 3.5.30729; .NET CLR 3.0.30729; Media Center PC 6.0; .NET4.0C; .NET4.0E)" 
180.171.221.65 - - [19/Oct/2015:20:48:58 -0700] "GET /maccdc2012/conn.log.gz HTTP/1.1" 206 2422350 "http://www.secrepo.com/maccdc2012" "Mozilla/4.0 (compatible; MSIE 7.0; Windows NT 6.1; WOW64; Trident/7.0; SLCC2; .NET CLR 2.0.50727; .NET CLR 3.5.30729; .NET CLR 3.0.30729; Media Center PC 6.0; .NET4.0C; .NET4.0E)" 
180.171.221.65 - - [19/Oct/2015:20:49:05 -0700] "GET /maccdc2012/conn.log.gz HTTP/1.1" 206 737766 "http://www.secrepo.com/maccdc2012" "Mozilla/4.0 (compatible; MSIE 7.0; Windows NT 6.1; WOW64; Trident/7.0; SLCC2; .NET CLR 2.0.50727; .NET CLR 3.5.30729; .NET CLR 3.0.30729; Media Center PC 6.0; .NET4.0C; .NET4.0E)" 
180.171.221.65 - - [19/Oct/2015:20:49:06 -0700] "GET /maccdc2012/conn.log.gz HTTP/1.1" 206 637832 "http://www.secrepo.com/maccdc2012" "Mozilla/4.0 (compatible; MSIE 7.0; Windows NT 6.1; WOW64; Trident/7.0; SLCC2; .NET CLR 2.0.50727; .NET CLR 3.5.30729; .NET CLR 3.0.30729; Media Center PC 6.0; .NET4.0C; .NET4.0E)" 
180.171.221.65 - - [19/Oct/2015:20:49:07 -0700] "GET /maccdc2012/conn.log.gz HTTP/1.1" 206 411189 "http://www.secrepo.com/maccdc2012" "Mozilla/4.0 (compatible; MSIE 7.0; Windows NT 6.1; WOW64; Trident/7.0; SLCC2; .NET CLR 2.0.50727; .NET CLR 3.5.30729; .NET CLR 3.0.30729; Media Center PC 6.0; .NET4.0C; .NET4.0E)" 
180.171.221.65 - - [19/Oct/2015:20:49:08 -0700] "GET /maccdc2012/conn.log.gz HTTP/1.1" 206 229452 "http://www.secrepo.com/maccdc2012" "Mozilla/4.0 (compatible; MSIE 7.0; Windows NT 6.1; WOW64; Trident/7.0; SLCC2; .NET CLR 2.0.50727; .NET CLR 3.5.30729; .NET CLR 3.0.30729; Media Center PC 6.0; .NET4.0C; .NET4.0E)" 
180.171.221.65 - - [19/Oct/2015:20:49:09 -0700] "GET /maccdc2012/conn.log.gz HTTP/1.1" 206 169934 "http://www.secrepo.com/maccdc2012" "Mozilla/4.0 (compatible; MSIE 7.0; Windows NT 6.1; WOW64; Trident/7.0; SLCC2; .NET CLR 2.0.50727; .NET CLR 3.5.30729; .NET CLR 3.0.30729; Media Center PC 6.0; .NET4.0C; .NET4.0E)" 
180.171.221.65 - - [19/Oct/2015:20:49:10 -0700] "GET /maccdc2012/conn.log.gz HTTP/1.1" 206 71932 "http://www.secrepo.com/maccdc2012" "Mozilla/4.0 (compatible; MSIE 7.0; Windows NT 6.1; WOW64; Trident/7.0; SLCC2; .NET CLR 2.0.50727; .NET CLR 3.5.30729; .NET CLR 3.0.30729; Media Center PC 6.0; .NET4.0C; .NET4.0E)" 
180.171.221.65 - - [19/Oct/2015:20:48:58 -0700] "GET /maccdc2012/conn.log.gz HTTP/1.1" 206 1539280 "http://www.secrepo.com/maccdc2012" "Mozilla/4.0 (compatible; MSIE 7.0; Windows NT 6.1; WOW64; Trident/7.0; SLCC2; .NET CLR 2.0.50727; .NET CLR 3.5.30729; .NET CLR 3.0.30729; Media Center PC 6.0; .NET4.0C; .NET4.0E)" 
180.171.221.65 - - [19/Oct/2015:20:49:10 -0700] "GET /maccdc2012/conn.log.gz HTTP/1.1" 206 48170 "http://www.secrepo.com/maccdc2012" "Mozilla/4.0 (compatible; MSIE 7.0; Windows NT 6.1; WOW64; Trident/7.0; SLCC2; .NET CLR 2.0.50727; .NET CLR 3.5.30729; .NET CLR 3.0.30729; Media Center PC 6.0; .NET4.0C; .NET4.0E)" 
180.171.221.65 - - [19/Oct/2015:20:41:22 -0700] "GET /maccdc2012/conn.log.gz HTTP/1.1" 206 36555060 "http://www.secrepo.com/maccdc2012" "Mozilla/4.0 (compatible; MSIE 7.0; Windows NT 6.1; WOW64; Trident/7.0; SLCC2; .NET CLR 2.0.50727; .NET CLR 3.5.30729; .NET CLR 3.0.30729; Media Center PC 6.0; .NET4.0C; .NET4.0E)" 
180.171.221.65 - - [19/Oct/2015:20:49:11 -0700] "GET /maccdc2012/conn.log.gz HTTP/1.1" 206 63740 "http://www.secrepo.com/maccdc2012" "Mozilla/4.0 (compatible; MSIE 7.0; Windows NT 6.1; WOW64; Trident/7.0; SLCC2; .NET CLR 2.0.50727; .NET CLR 3.5.30729; .NET CLR 3.0.30729; Media Center PC 6.0; .NET4.0C; .NET4.0E)" 
180.171.221.65 - - [19/Oct/2015:20:49:12 -0700] "GET /maccdc2012/conn.log.gz HTTP/1.1" 206 8556 "http://www.secrepo.com/maccdc2012" "Mozilla/4.0 (compatible; MSIE 7.0; Windows NT 6.1; WOW64; Trident/7.0; SLCC2; .NET CLR 2.0.50727; .NET CLR 3.5.30729; .NET CLR 3.0.30729; Media Center PC 6.0; .NET4.0C; .NET4.0E)" 
180.171.221.65 - - [19/Oct/2015:20:49:12 -0700] "GET /maccdc2012/conn.log.gz HTTP/1.1" 206 8556 "http://www.secrepo.com/maccdc2012" "Mozilla/4.0 (compatible; MSIE 7.0; Windows NT 6.1; WOW64; Trident/7.0; SLCC2; .NET CLR 2.0.50727; .NET CLR 3.5.30729; .NET CLR 3.0.30729; Media Center PC 6.0; .NET4.0C; .NET4.0E)" 
180.171.221.65 - - [19/Oct/2015:20:49:12 -0700] "GET /maccdc2012/conn.log.gz HTTP/1.1" 206 31777 "http://www.secrepo.com/maccdc2012" "Mozilla/4.0 (compatible; MSIE 7.0; Windows NT 6.1; WOW64; Trident/7.0; SLCC2; .NET CLR 2.0.50727; .NET CLR 3.5.30729; .NET CLR 3.0.30729; Media Center PC 6.0; .NET4.0C; .NET4.0E)" 
180.171.221.65 - - [19/Oct/2015:20:49:14 -0700] "GET /maccdc2012/conn.log.gz HTTP/1.1" 206 8556 "http://www.secrepo.com/maccdc2012" "Mozilla/4.0 (compatible; MSIE 7.0; Windows NT 6.1; WOW64; Trident/7.0; SLCC2; .NET CLR 2.0.50727; .NET CLR 3.5.30729; .NET CLR 3.0.30729; Media Center PC 6.0; .NET4.0C; .NET4.0E)" 
119.84.114.12 - - [19/Oct/2015:20:45:33 -0700] "GET /maccdc2012/http.log.gz HTTP/1.1" 206 3866987 "-" "Mozilla/5.0 (Windows NT 5.1) AppleWebKit/537.36 (KHTML, like Gecko) Chrome/38.0.2125.104 Safari/537.36" 
119.84.114.12 - - [19/Oct/2015:20:45:26 -0700] "GET /maccdc2012/http.log.gz HTTP/1.1" 206 8044907 "-" "Mozilla/5.0 (Windows NT 5.1) AppleWebKit/537.36 (KHTML, like Gecko) Chrome/38.0.2125.104 Safari/537.36" 
119.84.114.12 - - [19/Oct/2015:20:50:26 -0700] "GET /maccdc2012/http.log.gz HTTP/1.1" 206 213354 "-" "Mozilla/5.0 (Windows NT 5.1) AppleWebKit/537.36 (KHTML, like Gecko) Chrome/38.0.2125.104 Safari/537.36" 
119.84.114.12 - - [19/Oct/2015:20:50:31 -0700] "GET /maccdc2012/http.log.gz HTTP/1.1" 206 2376043 "-" "Mozilla/5.0 (Windows NT 5.1) AppleWebKit/537.36 (KHTML, like Gecko) Chrome/38.0.2125.104 Safari/537.36" 
119.84.114.12 - - [19/Oct/2015:20:50:39 -0700] "GET /maccdc2012/http.log.gz HTTP/1.1" 206 2435659 "-" "Mozilla/5.0 (Windows NT 5.1) AppleWebKit/537.36 (KHTML, like Gecko) Chrome/38.0.2125.104 Safari/537.36" 
119.84.114.12 - - [19/Oct/2015:20:48:43 -0700] "GET /maccdc2012/http.log.gz HTTP/1.1" 206 4539140 "-" "Mozilla/5.0 (Windows NT 5.1) AppleWebKit/537.36 (KHTML, like Gecko) Chrome/38.0.2125.104 Safari/537.36" 
119.84.114.12 - - [19/Oct/2015:20:53:06 -0700] "GET /maccdc2012/http.log.gz HTTP/1.1" 206 75920 "-" "Mozilla/5.0 (Windows NT 5.1) AppleWebKit/537.36 (KHTML, like Gecko) Chrome/38.0.2125.104 Safari/537.36" 
119.84.114.12 - - [19/Oct/2015:20:53:09 -0700] "GET /maccdc2012/http.log.gz HTTP/1.1" 206 78840 "-" "Mozilla/5.0 (Windows NT 5.1) AppleWebKit/537.36 (KHTML, like Gecko) Chrome/38.0.2125.104 Safari/537.36" 
119.84.114.12 - - [19/Oct/2015:20:51:31 -0700] "GET /maccdc2012/http.log.gz HTTP/1.1" 206 1963700 "-" "Mozilla/5.0 (Windows NT 5.1) AppleWebKit/537.36 (KHTML, like Gecko) Chrome/38.0.2125.104 Safari/537.36" 
119.84.114.12 - - [19/Oct/2015:20:53:12 -0700] "GET /maccdc2012/http.log.gz HTTP/1.1" 206 274480 "-" "Mozilla/5.0 (Windows NT 5.1) AppleWebKit/537.36 (KHTML, like Gecko) Chrome/38.0.2125.104 Safari/537.36" 
119.84.114.12 - - [19/Oct/2015:20:53:08 -0700] "GET /maccdc2012/http.log.gz HTTP/1.1" 206 1065323 "-" "Mozilla/5.0 (Windows NT 5.1) AppleWebKit/537.36 (KHTML, like Gecko) Chrome/38.0.2125.104 Safari/537.36" 
119.84.114.12 - - [19/Oct/2015:20:53:21 -0700] "GET /maccdc2012/http.log.gz HTTP/1.1" 206 311658 "-" "Mozilla/5.0 (Windows NT 5.1) AppleWebKit/537.36 (KHTML, like Gecko) Chrome/38.0.2125.104 Safari/537.36" 
119.84.114.12 - - [19/Oct/2015:20:53:16 -0700] "GET /maccdc2012/http.log.gz HTTP/1.1" 206 417560 "-" "Mozilla/5.0 (Windows NT 5.1) AppleWebKit/537.36 (KHTML, like Gecko) Chrome/38.0.2125.104 Safari/537.36" 
119.84.114.12 - - [19/Oct/2015:20:53:28 -0700] "GET /maccdc2012/http.log.gz HTTP/1.1" 206 262506 "-" "Mozilla/5.0 (Windows NT 5.1) AppleWebKit/537.36 (KHTML, like Gecko) Chrome/38.0.2125.104 Safari/537.36" 
119.84.114.12 - - [19/Oct/2015:20:53:28 -0700] "GET /maccdc2012/http.log.gz HTTP/1.1" 206 316820 "-" "Mozilla/5.0 (Windows NT 5.1) AppleWebKit/537.36 (KHTML, like Gecko) Chrome/38.0.2125.104 Safari/537.36" 
119.84.114.12 - - [19/Oct/2015:20:53:44 -0700] "GET /maccdc2012/http.log.gz HTTP/1.1" 206 204400 "-" "Mozilla/5.0 (Windows NT 5.1) AppleWebKit/537.36 (KHTML, like Gecko) Chrome/38.0.2125.104 Safari/537.36" 
119.84.114.12 - - [19/Oct/2015:20:53:46 -0700] "GET /maccdc2012/http.log.gz HTTP/1.1" 206 131434 "-" "Mozilla/5.0 (Windows NT 5.1) AppleWebKit/537.36 (KHTML, like Gecko) Chrome/38.0.2125.104 Safari/537.36" 
119.84.114.12 - - [19/Oct/2015:20:53:28 -0700] "GET /maccdc2012/http.log.gz HTTP/1.1" 206 259880 "-" "Mozilla/5.0 (Windows NT 5.1) AppleWebKit/537.36 (KHTML, like Gecko) Chrome/38.0.2125.104 Safari/537.36" 
119.84.114.12 - - [19/Oct/2015:20:53:52 -0700] "GET /maccdc2012/http.log.gz HTTP/1.1" 206 65897 "-" "Mozilla/5.0 (Windows NT 5.1) AppleWebKit/537.36 (KHTML, like Gecko) Chrome/38.0.2125.104 Safari/537.36" 
119.84.114.12 - - [19/Oct/2015:20:53:53 -0700] "GET /maccdc2012/http.log.gz HTTP/1.1" 206 16745 "-" "Mozilla/5.0 (Windows NT 5.1) AppleWebKit/537.36 (KHTML, like Gecko) Chrome/38.0.2125.104 Safari/537.36" 
119.84.114.12 - - [19/Oct/2015:20:53:53 -0700] "GET /maccdc2012/http.log.gz HTTP/1.1" 206 33129 "-" "Mozilla/5.0 (Windows NT 5.1) AppleWebKit/537.36 (KHTML, like Gecko) Chrome/38.0.2125.104 Safari/537.36" 
119.84.114.12 - - [19/Oct/2015:20:53:54 -0700] "GET /maccdc2012/http.log.gz HTTP/1.1" 206 16745 "-" "Mozilla/5.0 (Windows NT 5.1) AppleWebKit/537.36 (KHTML, like Gecko) Chrome/38.0.2125.104 Safari/537.36" 
119.84.114.12 - - [19/Oct/2015:20:53:55 -0700] "GET /maccdc2012/http.log.gz HTTP/1.1" 206 16745 "-" "Mozilla/5.0 (Windows NT 5.1) AppleWebKit/537.36 (KHTML, like Gecko) Chrome/38.0.2125.104 Safari/537.36" 
119.84.114.12 - - [19/Oct/2015:20:53:55 -0700] "GET /maccdc2012/http.log.gz HTTP/1.1" 206 16744 "-" "Mozilla/5.0 (Windows NT 5.1) AppleWebKit/537.36 (KHTML, like Gecko) Chrome/38.0.2125.104 Safari/537.36" 
119.84.114.18 - - [19/Oct/2015:20:41:43 -0700] "GET /maccdc2012/conn.log.gz HTTP/1.1" 206 31990060 "-" "Mozilla/5.0 (Windows NT 5.1) AppleWebKit/537.36 (KHTML, like Gecko) Chrome/38.0.2125.104 Safari/537.36" 
119.84.114.18 - - [19/Oct/2015:21:17:10 -0700] "GET /maccdc2012/conn.log.gz HTTP/1.1" 206 957760 "-" "Mozilla/5.0 (Windows NT 5.1) AppleWebKit/537.36 (KHTML, like Gecko) Chrome/38.0.2125.104 Safari/537.36" 
119.84.114.18 - - [19/Oct/2015:21:19:02 -0700] "GET /maccdc2012/conn.log.gz HTTP/1.1" 206 4403360 "-" "Mozilla/5.0 (Windows NT 5.1) AppleWebKit/537.36 (KHTML, like Gecko) Chrome/38.0.2125.104 Safari/537.36" 
119.84.114.18 - - [19/Oct/2015:21:20:33 -0700] "GET /maccdc2012/conn.log.gz HTTP/1.1" 206 7510240 "-" "Mozilla/5.0 (Windows NT 5.1) AppleWebKit/537.36 (KHTML, like Gecko) Chrome/38.0.2125.104 Safari/537.36" 
119.84.114.18 - - [19/Oct/2015:21:29:20 -0700] "GET /maccdc2012/conn.log.gz HTTP/1.1" 206 2525800 "-" "Mozilla/5.0 (Windows NT 5.1) AppleWebKit/537.36 (KHTML, like Gecko) Chrome/38.0.2125.104 Safari/537.36" 
69.10.152.67 - - [19/Oct/2015:21:34:36 -0700] "GET / HTTP/1.1" 200 7880 "http://t.co/Qro1LCR4GM" "Mozilla/5.0 (Macintosh; Intel Mac OS X 10_10_5) AppleWebKit/601.1.56 (KHTML, like Gecko) Version/9.0 Safari/601.1.56" 
69.10.152.67 - - [19/Oct/2015:21:34:36 -0700] "GET /twitter-icon.png HTTP/1.1" 200 27787 "http://www.secrepo.com/" "Mozilla/5.0 (Macintosh; Intel Mac OS X 10_10_5) AppleWebKit/601.1.56 (KHTML, like Gecko) Version/9.0 Safari/601.1.56" 
69.10.152.67 - - [19/Oct/2015:21:34:37 -0700] "GET /GitHub-Mark.png HTTP/1.1" 200 7428 "http://www.secrepo.com/" "Mozilla/5.0 (Macintosh; Intel Mac OS X 10_10_5) AppleWebKit/601.1.56 (KHTML, like Gecko) Version/9.0 Safari/601.1.56" 
69.10.152.67 - - [19/Oct/2015:21:34:38 -0700] "GET /bootstrap/img/favicon.ico HTTP/1.1" 200 590 "http://www.secrepo.com/" "Mozilla/5.0 (Macintosh; Intel Mac OS X 10_10_5) AppleWebKit/601.1.56 (KHTML, like Gecko) Version/9.0 Safari/601.1.56" 
106.37.230.242 - - [19/Oct/2015:21:35:32 -0700] "GET / HTTP/1.1" 200 7880 "-" "Mozilla/5.0 (Macintosh; Intel Mac OS X 10_11_0) AppleWebKit/537.36 (KHTML, like Gecko) Chrome/45.0.2454.85 Safari/537.36" 
106.37.230.242 - - [19/Oct/2015:21:35:32 -0700] "GET /twitter-icon.png HTTP/1.1" 200 27787 "http://www.secrepo.com/" "Mozilla/5.0 (Macintosh; Intel Mac OS X 10_11_0) AppleWebKit/537.36 (KHTML, like Gecko) Chrome/45.0.2454.85 Safari/537.36" 
106.37.230.242 - - [19/Oct/2015:21:35:33 -0700] "GET /GitHub-Mark.png HTTP/1.1" 200 7428 "http://www.secrepo.com/" "Mozilla/5.0 (Macintosh; Intel Mac OS X 10_11_0) AppleWebKit/537.36 (KHTML, like Gecko) Chrome/45.0.2454.85 Safari/537.36" 
106.37.230.242 - - [19/Oct/2015:21:35:34 -0700] "GET /bootstrap/img/favicon.ico HTTP/1.1" 200 589 "http://www.secrepo.com/" "Mozilla/5.0 (Macintosh; Intel Mac OS X 10_11_0) AppleWebKit/537.36 (KHTML, like Gecko) Chrome/45.0.2454.85 Safari/537.36" 
218.29.102.120 - - [19/Oct/2015:21:38:03 -0700] "GET /favicon.ico HTTP/1.1" 200 268 "-" "Mozilla/5.0 (Windows NT 6.3; WOW64) AppleWebKit/537.36 (KHTML, like Gecko) Chrome/31.0.1650.63 Safari/537.36" 
218.29.102.120 - - [19/Oct/2015:21:38:03 -0700] "GET / HTTP/1.1" 200 7880 "-" "Mozilla/5.0 (Windows NT 6.3; WOW64) AppleWebKit/537.36 (KHTML, like Gecko) Chrome/31.0.1650.63 Safari/537.36" 
218.29.102.120 - - [19/Oct/2015:21:38:04 -0700] "GET /twitter-icon.png HTTP/1.1" 200 27787 "http://www.secrepo.com/" "Mozilla/5.0 (Windows NT 6.3; WOW64) AppleWebKit/537.36 (KHTML, like Gecko) Chrome/31.0.1650.63 Safari/537.36" 
218.29.102.120 - - [19/Oct/2015:21:38:04 -0700] "GET /GitHub-Mark.png HTTP/1.1" 200 7427 "http://www.secrepo.com/" "Mozilla/5.0 (Windows NT 6.3; WOW64) AppleWebKit/537.36 (KHTML, like Gecko) Chrome/31.0.1650.63 Safari/537.36" 
218.29.102.120 - - [19/Oct/2015:21:38:26 -0700] "GET /bootstrap/img/favicon.ico HTTP/1.1" 200 590 "-" "Mozilla/5.0 (Windows NT 6.3; WOW64) AppleWebKit/537.36 (KHTML, like Gecko) Chrome/31.0.1650.63 Safari/537.36" 
218.29.102.120 - - [19/Oct/2015:21:40:24 -0700] "GET /tg/tg_snort_fast.7z HTTP/1.1" 200 99280 "http://www.secrepo.com/" "Mozilla/5.0 (Windows NT 6.3; WOW64) AppleWebKit/537.36 (KHTML, like Gecko) Chrome/31.0.1650.63 Safari/537.36" 
218.29.102.120 - - [19/Oct/2015:21:40:29 -0700] "GET /tg/tg_snort_fast.7z HTTP/1.1" 200 78840 "-" "User-Agent\tMozilla/5.0 (compatible; MSIE 9.0; Windows NT 6.1; Trident/5.0)" 
218.29.102.120 - - [19/Oct/2015:21:40:36 -0700] "GET /tg/tg_snort_fast.7z HTTP/1.1" 206 20831 "http://www.secrepo.com/" "Mozilla/4.0 (compatible; MSIE 7.0; Windows NT 6.2; WOW64; Trident/7.0; .NET4.0E; .NET4.0C; .NET CLR 3.5.30729; .NET CLR 2.0.50727; .NET CLR 3.0.30729)" 
218.29.102.120 - - [19/Oct/2015:21:40:34 -0700] "GET /tg/tg_snort_fast.7z HTTP/1.1" 200 201480 "http://www.secrepo.com/" "Mozilla/4.0 (compatible; MSIE 7.0; Windows NT 6.2; WOW64; Trident/7.0; .NET4.0E; .NET4.0C; .NET CLR 3.5.30729; .NET CLR 2.0.50727; .NET CLR 3.0.30729)" 
218.29.102.120 - - [19/Oct/2015:21:40:36 -0700] "GET /tg/tg_snort_fast.7z HTTP/1.1" 206 20831 "http://www.secrepo.com/" "Mozilla/4.0 (compatible; MSIE 7.0; Windows NT 6.2; WOW64; Trident/7.0; .NET4.0E; .NET4.0C; .NET CLR 3.5.30729; .NET CLR 2.0.50727; .NET CLR 3.0.30729)" 
218.29.102.120 - - [19/Oct/2015:21:40:36 -0700] "GET /tg/tg_snort_fast.7z HTTP/1.1" 206 655857 "http://www.secrepo.com/" "Mozilla/4.0 (compatible; MSIE 7.0; Windows NT 6.2; WOW64; Trident/7.0; .NET4.0E; .NET4.0C; .NET CLR 3.5.30729; .NET CLR 2.0.50727; .NET CLR 3.0.30729)" 
218.29.102.120 - - [19/Oct/2015:21:40:37 -0700] "GET /tg/tg_snort_fast.7z HTTP/1.1" 206 824201 "http://www.secrepo.com/" "Mozilla/4.0 (compatible; MSIE 7.0; Windows NT 6.2; WOW64; Trident/7.0; .NET4.0E; .NET4.0C; .NET CLR 3.5.30729; .NET CLR 2.0.50727; .NET CLR 3.0.30729)" 
218.29.102.120 - - [19/Oct/2015:21:40:36 -0700] "GET /tg/tg_snort_fast.7z HTTP/1.1" 206 655857 "http://www.secrepo.com/" "Mozilla/4.0 (compatible; MSIE 7.0; Windows NT 6.2; WOW64; Trident/7.0; .NET4.0E; .NET4.0C; .NET CLR 3.5.30729; .NET CLR 2.0.50727; .NET CLR 3.0.30729)" 
218.29.102.120 - - [19/Oct/2015:21:40:44 -0700] "GET /tg/tg_snort_fast.7z HTTP/1.1" 206 269892 "http://www.secrepo.com/" "Mozilla/4.0 (compatible; MSIE 7.0; Windows NT 6.2; WOW64; Trident/7.0; .NET4.0E; .NET4.0C; .NET CLR 3.5.30729; .NET CLR 2.0.50727; .NET CLR 3.0.30729)" 
218.29.102.120 - - [19/Oct/2015:21:40:54 -0700] "GET /tg/tg_snort_fast.7z HTTP/1.1" 206 124129 "http://www.secrepo.com/" "Mozilla/4.0 (compatible; MSIE 7.0; Windows NT 6.2; WOW64; Trident/7.0; .NET4.0E; .NET4.0C; .NET CLR 3.5.30729; .NET CLR 2.0.50727; .NET CLR 3.0.30729)" 
218.29.102.120 - - [19/Oct/2015:21:40:55 -0700] "GET /tg/tg_snort_fast.7z HTTP/1.1" 206 60813 "http://www.secrepo.com/" "Mozilla/4.0 (compatible; MSIE 7.0; Windows NT 6.2; WOW64; Trident/7.0; .NET4.0E; .NET4.0C; .NET CLR 3.5.30729; .NET CLR 2.0.50727; .NET CLR 3.0.30729)" 
218.29.102.120 - - [19/Oct/2015:21:40:55 -0700] "GET /tg/tg_snort_fast.7z HTTP/1.1" 206 121279 "http://www.secrepo.com/" "Mozilla/4.0 (compatible; MSIE 7.0; Windows NT 6.2; WOW64; Trident/7.0; .NET4.0E; .NET4.0C; .NET CLR 3.5.30729; .NET CLR 2.0.50727; .NET CLR 3.0.30729)" 
218.29.102.120 - - [19/Oct/2015:21:40:56 -0700] "GET /tg/tg_snort_fast.7z HTTP/1.1" 206 47612 "http://www.secrepo.com/" "Mozilla/4.0 (compatible; MSIE 7.0; Windows NT 6.2; WOW64; Trident/7.0; .NET4.0E; .NET4.0C; .NET CLR 3.5.30729; .NET CLR 2.0.50727; .NET CLR 3.0.30729)" 
218.29.102.120 - - [19/Oct/2015:21:40:56 -0700] "GET /tg/tg_snort_fast.7z HTTP/1.1" 206 57187 "http://www.secrepo.com/" "Mozilla/4.0 (compatible; MSIE 7.0; Windows NT 6.2; WOW64; Trident/7.0; .NET4.0E; .NET4.0C; .NET CLR 3.5.30729; .NET CLR 2.0.50727; .NET CLR 3.0.30729)" 
218.29.102.120 - - [19/Oct/2015:21:40:36 -0700] "GET /tg/tg_snort_fast.7z HTTP/1.1" 206 928560 "http://www.secrepo.com/" "Mozilla/4.0 (compatible; MSIE 7.0; Windows NT 6.2; WOW64; Trident/7.0; .NET4.0E; .NET4.0C; .NET CLR 3.5.30729; .NET CLR 2.0.50727; .NET CLR 3.0.30729)" 
218.29.102.120 - - [19/Oct/2015:21:40:57 -0700] "GET /tg/tg_snort_fast.7z HTTP/1.1" 206 18098 "http://www.secrepo.com/" "Mozilla/4.0 (compatible; MSIE 7.0; Windows NT 6.2; WOW64; Trident/7.0; .NET4.0E; .NET4.0C; .NET CLR 3.5.30729; .NET CLR 2.0.50727; .NET CLR 3.0.30729)" 
218.29.102.120 - - [19/Oct/2015:21:40:58 -0700] "GET /tg/tg_snort_fast.7z HTTP/1.1" 206 11019 "http://www.secrepo.com/" "Mozilla/4.0 (compatible; MSIE 7.0; Windows NT 6.2; WOW64; Trident/7.0; .NET4.0E; .NET4.0C; .NET CLR 3.5.30729; .NET CLR 2.0.50727; .NET CLR 3.0.30729)" 
218.29.102.120 - - [19/Oct/2015:21:40:38 -0700] "GET /tg/tg_snort_fast.7z HTTP/1.1" 206 747520 "http://www.secrepo.com/" "Mozilla/4.0 (compatible; MSIE 7.0; Windows NT 6.2; WOW64; Trident/7.0; .NET4.0E; .NET4.0C; .NET CLR 3.5.30729; .NET CLR 2.0.50727; .NET CLR 3.0.30729)" 
218.29.102.120 - - [19/Oct/2015:21:40:58 -0700] "GET /tg/tg_snort_fast.7z HTTP/1.1" 206 9224 "http://www.secrepo.com/" "Mozilla/4.0 (compatible; MSIE 7.0; Windows NT 6.2; WOW64; Trident/7.0; .NET4.0E; .NET4.0C; .NET CLR 3.5.30729; .NET CLR 2.0.50727; .NET CLR 3.0.30729)" 
218.29.102.120 - - [19/Oct/2015:21:40:59 -0700] "GET /tg/tg_snort_fast.7z HTTP/1.1" 206 21690 "http://www.secrepo.com/" "Mozilla/4.0 (compatible; MSIE 7.0; Windows NT 6.2; WOW64; Trident/7.0; .NET4.0E; .NET4.0C; .NET CLR 3.5.30729; .NET CLR 2.0.50727; .NET CLR 3.0.30729)" 
218.29.102.120 - - [19/Oct/2015:21:41:01 -0700] "GET /tg/tg_snort_fast.7z HTTP/1.1" 206 9225 "http://www.secrepo.com/" "Mozilla/4.0 (compatible; MSIE 7.0; Windows NT 6.2; WOW64; Trident/7.0; .NET4.0E; .NET4.0C; .NET CLR 3.5.30729; .NET CLR 2.0.50727; .NET CLR 3.0.30729)" 
218.29.102.120 - - [19/Oct/2015:21:41:02 -0700] "GET /tg/tg_snort_fast.7z HTTP/1.1" 206 26972 "http://www.secrepo.com/" "Mozilla/4.0 (compatible; MSIE 7.0; Windows NT 6.2; WOW64; Trident/7.0; .NET4.0E; .NET4.0C; .NET CLR 3.5.30729; .NET CLR 2.0.50727; .NET CLR 3.0.30729)" 
218.29.102.120 - - [19/Oct/2015:21:41:02 -0700] "GET /tg/tg_snort_fast.7z HTTP/1.1" 206 11149 "http://www.secrepo.com/" "Mozilla/4.0 (compatible; MSIE 7.0; Windows NT 6.2; WOW64; Trident/7.0; .NET4.0E; .NET4.0C; .NET CLR 3.5.30729; .NET CLR 2.0.50727; .NET CLR 3.0.30729)" 
223.223.176.194 - - [19/Oct/2015:21:41:16 -0700] "GET / HTTP/1.1" 200 7880 "-" "Mozilla/5.0 (X11; Linux x86_64) AppleWebKit/535.11 (KHTML, like Gecko) Ubuntu/11.10 Chromium/43.0.1453.93 Chrome/43.0.1453.93 Safari/537.36" 
223.223.176.194 - - [19/Oct/2015:21:41:17 -0700] "GET /twitter-icon.png HTTP/1.1" 200 27787 "http://www.secrepo.com/" "Mozilla/5.0 (X11; Linux x86_64) AppleWebKit/535.11 (KHTML, like Gecko) Ubuntu/11.10 Chromium/43.0.1453.93 Chrome/43.0.1453.93 Safari/537.36" 
223.223.176.194 - - [19/Oct/2015:21:41:17 -0700] "GET /GitHub-Mark.png HTTP/1.1" 200 7428 "http://www.secrepo.com/" "Mozilla/5.0 (X11; Linux x86_64) AppleWebKit/535.11 (KHTML, like Gecko) Ubuntu/11.10 Chromium/43.0.1453.93 Chrome/43.0.1453.93 Safari/537.36" 
223.223.176.194 - - [19/Oct/2015:21:41:21 -0700] "GET /bootstrap/img/favicon.ico HTTP/1.1" 200 590 "http://www.secrepo.com/" "Mozilla/5.0 (X11; Linux x86_64) AppleWebKit/535.11 (KHTML, like Gecko) Ubuntu/11.10 Chromium/43.0.1453.93 Chrome/43.0.1453.93 Safari/537.36" 
223.223.176.194 - - [19/Oct/2015:21:43:08 -0700] "GET /maccdc2012/ssl.log.gz HTTP/1.1" 200 1313675 "http://www.secrepo.com/" "Mozilla/5.0 (X11; Linux x86_64) AppleWebKit/535.11 (KHTML, like Gecko) Ubuntu/11.10 Chromium/43.0.1453.93 Chrome/43.0.1453.93 Safari/537.36" 
218.29.102.120 - - [19/Oct/2015:21:43:58 -0700] "GET /maccdc2012/files.log.gz HTTP/1.1" 200 98962 "http://www.secrepo.com/" "Mozilla/5.0 (Windows NT 6.3; WOW64) AppleWebKit/537.36 (KHTML, like Gecko) Chrome/31.0.1650.63 Safari/537.36" 
218.29.102.120 - - [19/Oct/2015:21:44:00 -0700] "GET /maccdc2012/files.log.gz HTTP/1.1" 200 78840 "-" "User-Agent\tMozilla/5.0 (compatible; MSIE 9.0; Windows NT 6.1; Trident/5.0)" 
218.29.102.120 - - [19/Oct/2015:21:44:06 -0700] "GET /maccdc2012/ftp.log.gz HTTP/1.1" 200 33580 "http://www.secrepo.com/" "Mozilla/5.0 (Windows NT 6.3; WOW64) AppleWebKit/537.36 (KHTML, like Gecko) Chrome/31.0.1650.63 Safari/537.36" 
218.29.102.120 - - [19/Oct/2015:21:44:08 -0700] "GET /maccdc2012/ftp.log.gz HTTP/1.1" 200 78840 "-" "User-Agent\tMozilla/5.0 (compatible; MSIE 9.0; Windows NT 6.1; Trident/5.0)" 
218.29.102.120 - - [19/Oct/2015:21:44:10 -0700] "GET /maccdc2012/ftp.log.gz HTTP/1.1" 200 127651 "http://www.secrepo.com/" "Mozilla/4.0 (compatible; MSIE 7.0; Windows NT 6.2; WOW64; Trident/7.0; .NET4.0E; .NET4.0C; .NET CLR 3.5.30729; .NET CLR 2.0.50727; .NET CLR 3.0.30729)" 
218.29.102.120 - - [19/Oct/2015:21:44:06 -0700] "GET /maccdc2012/files.log.gz HTTP/1.1" 206 46720 "http://www.secrepo.com/" "Mozilla/4.0 (compatible; MSIE 7.0; Windows NT 6.2; WOW64; Trident/7.0; .NET4.0E; .NET4.0C; .NET CLR 3.5.30729; .NET CLR 2.0.50727; .NET CLR 3.0.30729)" 
223.223.176.194 - - [19/Oct/2015:21:44:40 -0700] "GET /maccdc2012/dhcp.log.gz HTTP/1.1" 200 45019 "http://www.secrepo.com/" "Mozilla/5.0 (X11; Linux x86_64) AppleWebKit/535.11 (KHTML, like Gecko) Ubuntu/11.10 Chromium/43.0.1453.93 Chrome/43.0.1453.93 Safari/537.36" 
223.223.176.194 - - [19/Oct/2015:21:44:59 -0700] "GET /self.logs/ HTTP/1.1" 200 5970 "http://www.secrepo.com/" "Mozilla/5.0 (X11; Linux x86_64) AppleWebKit/535.11 (KHTML, like Gecko) Ubuntu/11.10 Chromium/43.0.1453.93 Chrome/43.0.1453.93 Safari/537.36" 
223.223.176.194 - - [19/Oct/2015:21:45:04 -0700] "GET /favicon.ico HTTP/1.1" 200 267 "http://www.secrepo.com/self.logs/" "Mozilla/5.0 (X11; Linux x86_64) AppleWebKit/535.11 (KHTML, like Gecko) Ubuntu/11.10 Chromium/43.0.1453.93 Chrome/43.0.1453.93 Safari/537.36" 
223.223.176.194 - - [19/Oct/2015:21:45:09 -0700] "GET /self.logs/error.log.2015-01-18.gz HTTP/1.1" 200 1259 "http://www.secrepo.com/self.logs/" "Mozilla/5.0 (X11; Linux x86_64) AppleWebKit/535.11 (KHTML, like Gecko) Ubuntu/11.10 Chromium/43.0.1453.93 Chrome/43.0.1453.93 Safari/537.36" 
208.94.145.109 - - [19/Oct/2015:21:45:23 -0700] "HEAD / HTTP/1.1" 200 239 "http://longurl.org" "LongURL API" 
208.94.145.109 - - [19/Oct/2015:21:45:23 -0700] "GET / HTTP/1.1" 200 25938 "http://longurl.org" "LongURL API" 
223.223.176.194 - - [19/Oct/2015:21:45:24 -0700] "GET / HTTP/1.1" 200 7880 "-" "Mozilla/5.0 (Macintosh; Intel Mac OS X 10_11_0) AppleWebKit/537.36 (KHTML, like Gecko) Chrome/45.0.2454.85 Safari/537.36" 
223.223.176.194 - - [19/Oct/2015:21:45:24 -0700] "GET /twitter-icon.png HTTP/1.1" 200 27787 "http://www.secrepo.com/" "Mozilla/5.0 (Macintosh; Intel Mac OS X 10_11_0) AppleWebKit/537.36 (KHTML, like Gecko) Chrome/45.0.2454.85 Safari/537.36" 
223.223.176.194 - - [19/Oct/2015:21:45:25 -0700] "GET /GitHub-Mark.png HTTP/1.1" 200 7428 "http://www.secrepo.com/" "Mozilla/5.0 (Macintosh; Intel Mac OS X 10_11_0) AppleWebKit/537.36 (KHTML, like Gecko) Chrome/45.0.2454.85 Safari/537.36" 
158.199.193.139 - - [19/Oct/2015:21:45:26 -0700] "GET / HTTP/1.1" 200 7880 "-" "Mozilla/5.0 (Windows NT 6.1) AppleWebKit/537.36 (KHTML, like Gecko) Chrome/47.0.2526.16 Safari/537.36" 
223.223.176.194 - - [19/Oct/2015:21:45:27 -0700] "GET / HTTP/1.1" 200 7880 "-" "Mozilla/5.0 (Macintosh; Intel Mac OS X 10_10_5) AppleWebKit/537.36 (KHTML, like Gecko) Chrome/46.0.2490.71 Safari/537.36" 
223.223.176.194 - - [19/Oct/2015:21:45:27 -0700] "GET / HTTP/1.1" 200 7880 "-" "Mozilla/5.0 (Windows NT 6.1; WOW64) AppleWebKit/537.36 (KHTML, like Gecko) Chrome/45.0.2454.101 Safari/537.36" 
223.223.176.194 - - [19/Oct/2015:21:45:28 -0700] "GET /twitter-icon.png HTTP/1.1" 200 27787 "http://www.secrepo.com/" "Mozilla/5.0 (Macintosh; Intel Mac OS X 10_10_5) AppleWebKit/537.36 (KHTML, like Gecko) Chrome/46.0.2490.71 Safari/537.36" 
223.223.176.194 - - [19/Oct/2015:21:45:28 -0700] "GET /GitHub-Mark.png HTTP/1.1" 200 7428 "http://www.secrepo.com/" "Mozilla/5.0 (Macintosh; Intel Mac OS X 10_10_5) AppleWebKit/537.36 (KHTML, like Gecko) Chrome/46.0.2490.71 Safari/537.36" 
223.223.176.194 - - [19/Oct/2015:21:45:29 -0700] "GET /GitHub-Mark.png HTTP/1.1" 200 7428 "http://www.secrepo.com/" "Mozilla/5.0 (Windows NT 6.1; WOW64) AppleWebKit/537.36 (KHTML, like Gecko) Chrome/45.0.2454.101 Safari/537.36" 
223.223.176.194 - - [19/Oct/2015:21:45:29 -0700] "GET /twitter-icon.png HTTP/1.1" 200 27787 "http://www.secrepo.com/" "Mozilla/5.0 (Windows NT 6.1; WOW64) AppleWebKit/537.36 (KHTML, like Gecko) Chrome/45.0.2454.101 Safari/537.36" 
158.199.193.139 - - [19/Oct/2015:21:45:29 -0700] "GET /GitHub-Mark.png HTTP/1.1" 200 7428 "http://www.secrepo.com/" "Mozilla/5.0 (Windows NT 6.1) AppleWebKit/537.36 (KHTML, like Gecko) Chrome/47.0.2526.16 Safari/537.36" 
158.199.193.139 - - [19/Oct/2015:21:45:31 -0700] "GET /bootstrap/img/favicon.ico HTTP/1.1" 200 589 "http://www.secrepo.com/" "Mozilla/5.0 (Windows NT 6.1) AppleWebKit/537.36 (KHTML, like Gecko) Chrome/47.0.2526.16 Safari/537.36" 
223.223.176.194 - - [19/Oct/2015:21:45:32 -0700] "GET /bootstrap/img/favicon.ico HTTP/1.1" 200 590 "http://www.secrepo.com/" "Mozilla/5.0 (Macintosh; Intel Mac OS X 10_11_0) AppleWebKit/537.36 (KHTML, like Gecko) Chrome/45.0.2454.85 Safari/537.36" 
223.223.176.194 - - [19/Oct/2015:21:45:34 -0700] "GET /bootstrap/img/favicon.ico HTTP/1.1" 200 590 "http://www.secrepo.com/" "Mozilla/5.0 (Macintosh; Intel Mac OS X 10_10_5) AppleWebKit/537.36 (KHTML, like Gecko) Chrome/46.0.2490.71 Safari/537.36" 
223.223.176.194 - - [19/Oct/2015:21:45:39 -0700] "GET / HTTP/1.1" 200 7880 "-" "Mozilla/5.0 (Windows NT 6.1; WOW64) AppleWebKit/537.36 (KHTML, like Gecko) Chrome/33.0.1750.146 BIDUBrowser/6.x Safari/537.36" 
223.223.176.194 - - [19/Oct/2015:21:45:40 -0700] "GET /twitter-icon.png HTTP/1.1" 200 27787 "http://www.secrepo.com/" "Mozilla/5.0 (Windows NT 6.1; WOW64) AppleWebKit/537.36 (KHTML, like Gecko) Chrome/33.0.1750.146 BIDUBrowser/6.x Safari/537.36" 
223.223.176.194 - - [19/Oct/2015:21:45:40 -0700] "GET /GitHub-Mark.png HTTP/1.1" 200 7428 "http://www.secrepo.com/" "Mozilla/5.0 (Windows NT 6.1; WOW64) AppleWebKit/537.36 (KHTML, like Gecko) Chrome/33.0.1750.146 BIDUBrowser/6.x Safari/537.36" 
223.223.176.194 - - [19/Oct/2015:21:45:42 -0700] "GET /bootstrap/img/favicon.ico HTTP/1.1" 200 590 "-" "Mozilla/4.0 (compatible; MSIE 7.0; Windows NT 6.1; WOW64; Trident/4.0; SLCC2; .NET CLR 2.0.50727; .NET CLR 3.5.30729; .NET CLR 3.0.30729; BIDUBrowser 2.x)" 
218.29.102.120 - - [19/Oct/2015:21:44:24 -0700] "GET /maccdc2012/files.log.gz HTTP/1.1" 206 6376973 "http://www.secrepo.com/" "Mozilla/4.0 (compatible; MSIE 7.0; Windows NT 6.2; WOW64; Trident/7.0; .NET4.0E; .NET4.0C; .NET CLR 3.5.30729; .NET CLR 2.0.50727; .NET CLR 3.0.30729)" 
218.29.102.120 - - [19/Oct/2015:21:44:07 -0700] "GET /maccdc2012/files.log.gz HTTP/1.1" 206 6622560 "http://www.secrepo.com/" "Mozilla/4.0 (compatible; MSIE 7.0; Windows NT 6.2; WOW64; Trident/7.0; .NET4.0E; .NET4.0C; .NET CLR 3.5.30729; .NET CLR 2.0.50727; .NET CLR 3.0.30729)" 
218.29.102.120 - - [19/Oct/2015:21:44:03 -0700] "GET /maccdc2012/files.log.gz HTTP/1.1" 200 6457580 "http://www.secrepo.com/" "Mozilla/4.0 (compatible; MSIE 7.0; Windows NT 6.2; WOW64; Trident/7.0; .NET4.0E; .NET4.0C; .NET CLR 3.5.30729; .NET CLR 2.0.50727; .NET CLR 3.0.30729)" 
218.29.102.120 - - [19/Oct/2015:21:44:06 -0700] "GET /maccdc2012/files.log.gz HTTP/1.1" 206 7967220 "http://www.secrepo.com/" "Mozilla/4.0 (compatible; MSIE 7.0; Windows NT 6.2; WOW64; Trident/7.0; .NET4.0E; .NET4.0C; .NET CLR 3.5.30729; .NET CLR 2.0.50727; .NET CLR 3.0.30729)" 
218.29.102.120 - - [19/Oct/2015:21:44:06 -0700] "GET /maccdc2012/files.log.gz HTTP/1.1" 206 6685340 "http://www.secrepo.com/" "Mozilla/4.0 (compatible; MSIE 7.0; Windows NT 6.2; WOW64; Trident/7.0; .NET4.0E; .NET4.0C; .NET CLR 3.5.30729; .NET CLR 2.0.50727; .NET CLR 3.0.30729)" 
218.29.102.120 - - [19/Oct/2015:21:46:11 -0700] "GET /maccdc2012/files.log.gz HTTP/1.1" 206 157680 "http://www.secrepo.com/" "Mozilla/4.0 (compatible; MSIE 7.0; Windows NT 6.2; WOW64; Trident/7.0; .NET4.0E; .NET4.0C; .NET CLR 3.5.30729; .NET CLR 2.0.50727; .NET CLR 3.0.30729)" 
218.29.102.120 - - [19/Oct/2015:21:46:21 -0700] "GET /maccdc2012/files.log.gz HTTP/1.1" 206 3152017 "http://www.secrepo.com/" "Mozilla/4.0 (compatible; MSIE 7.0; Windows NT 6.2; WOW64; Trident/7.0; .NET4.0E; .NET4.0C; .NET CLR 3.5.30729; .NET CLR 2.0.50727; .NET CLR 3.0.30729)" 
218.29.102.120 - - [19/Oct/2015:21:46:50 -0700] "GET /maccdc2012/files.log.gz HTTP/1.1" 206 3374116 "http://www.secrepo.com/" "Mozilla/4.0 (compatible; MSIE 7.0; Windows NT 6.2; WOW64; Trident/7.0; .NET4.0E; .NET4.0C; .NET CLR 3.5.30729; .NET CLR 2.0.50727; .NET CLR 3.0.30729)" 
218.29.102.120 - - [19/Oct/2015:21:47:24 -0700] "GET /maccdc2012/files.log.gz HTTP/1.1" 206 1444835 "http://www.secrepo.com/" "Mozilla/4.0 (compatible; MSIE 7.0; Windows NT 6.2; WOW64; Trident/7.0; .NET4.0E; .NET4.0C; .NET CLR 3.5.30729; .NET CLR 2.0.50727; .NET CLR 3.0.30729)" 
218.29.102.120 - - [19/Oct/2015:21:46:50 -0700] "GET /maccdc2012/files.log.gz HTTP/1.1" 206 3003098 "http://www.secrepo.com/" "Mozilla/4.0 (compatible; MSIE 7.0; Windows NT 6.2; WOW64; Trident/7.0; .NET4.0E; .NET4.0C; .NET CLR 3.5.30729; .NET CLR 2.0.50727; .NET CLR 3.0.30729)" 
218.29.102.120 - - [19/Oct/2015:21:46:50 -0700] "GET /maccdc2012/files.log.gz HTTP/1.1" 206 3183954 "http://www.secrepo.com/" "Mozilla/4.0 (compatible; MSIE 7.0; Windows NT 6.2; WOW64; Trident/7.0; .NET4.0E; .NET4.0C; .NET CLR 3.5.30729; .NET CLR 2.0.50727; .NET CLR 3.0.30729)" 
223.223.176.194 - - [19/Oct/2015:21:47:48 -0700] "GET / HTTP/1.1" 200 7880 "-" "Mozilla/5.0 (Windows NT 6.1; WOW64) AppleWebKit/537.36 (KHTML, like Gecko) Chrome/45.0.2454.85 Safari/537.36" 
223.223.176.194 - - [19/Oct/2015:21:47:49 -0700] "GET /twitter-icon.png HTTP/1.1" 200 27787 "http://www.secrepo.com/" "Mozilla/5.0 (Windows NT 6.1; WOW64) AppleWebKit/537.36 (KHTML, like Gecko) Chrome/45.0.2454.85 Safari/537.36" 
223.223.176.194 - - [19/Oct/2015:21:47:49 -0700] "GET /GitHub-Mark.png HTTP/1.1" 200 7427 "http://www.secrepo.com/" "Mozilla/5.0 (Windows NT 6.1; WOW64) AppleWebKit/537.36 (KHTML, like Gecko) Chrome/45.0.2454.85 Safari/537.36" 
223.223.176.194 - - [19/Oct/2015:21:47:54 -0700] "GET /bootstrap/img/favicon.ico HTTP/1.1" 200 590 "http://www.secrepo.com/" "Mozilla/5.0 (Windows NT 6.1; WOW64) AppleWebKit/537.36 (KHTML, like Gecko) Chrome/45.0.2454.85 Safari/537.36" 
218.29.102.120 - - [19/Oct/2015:21:47:56 -0700] "GET /maccdc2012/files.log.gz HTTP/1.1" 206 80942 "http://www.secrepo.com/" "Mozilla/4.0 (compatible; MSIE 7.0; Windows NT 6.2; WOW64; Trident/7.0; .NET4.0E; .NET4.0C; .NET CLR 3.5.30729; .NET CLR 2.0.50727; .NET CLR 3.0.30729)" 
218.29.102.120 - - [19/Oct/2015:21:47:48 -0700] "GET /maccdc2012/files.log.gz HTTP/1.1" 206 263296 "http://www.secrepo.com/" "Mozilla/4.0 (compatible; MSIE 7.0; Windows NT 6.2; WOW64; Trident/7.0; .NET4.0E; .NET4.0C; .NET CLR 3.5.30729; .NET CLR 2.0.50727; .NET CLR 3.0.30729)" 
218.29.102.120 - - [19/Oct/2015:21:46:50 -0700] "GET /maccdc2012/files.log.gz HTTP/1.1" 206 3635400 "http://www.secrepo.com/" "Mozilla/4.0 (compatible; MSIE 7.0; Windows NT 6.2; WOW64; Trident/7.0; .NET4.0E; .NET4.0C; .NET CLR 3.5.30729; .NET CLR 2.0.50727; .NET CLR 3.0.30729)" 
218.29.102.120 - - [19/Oct/2015:21:47:58 -0700] "GET /maccdc2012/files.log.gz HTTP/1.1" 206 33127 "http://www.secrepo.com/" "Mozilla/4.0 (compatible; MSIE 7.0; Windows NT 6.2; WOW64; Trident/7.0; .NET4.0E; .NET4.0C; .NET CLR 3.5.30729; .NET CLR 2.0.50727; .NET CLR 3.0.30729)" 
218.29.102.120 - - [19/Oct/2015:21:47:58 -0700] "GET /maccdc2012/files.log.gz HTTP/1.1" 206 26957 "http://www.secrepo.com/" "Mozilla/4.0 (compatible; MSIE 7.0; Windows NT 6.2; WOW64; Trident/7.0; .NET4.0E; .NET4.0C; .NET CLR 3.5.30729; .NET CLR 2.0.50727; .NET CLR 3.0.30729)" 
218.29.102.120 - - [19/Oct/2015:21:47:58 -0700] "GET /maccdc2012/files.log.gz HTTP/1.1" 206 25989 "http://www.secrepo.com/" "Mozilla/4.0 (compatible; MSIE 7.0; Windows NT 6.2; WOW64; Trident/7.0; .NET4.0E; .NET4.0C; .NET CLR 3.5.30729; .NET CLR 2.0.50727; .NET CLR 3.0.30729)" 
218.29.102.120 - - [19/Oct/2015:21:47:58 -0700] "GET /maccdc2012/files.log.gz HTTP/1.1" 206 16744 "http://www.secrepo.com/" "Mozilla/4.0 (compatible; MSIE 7.0; Windows NT 6.2; WOW64; Trident/7.0; .NET4.0E; .NET4.0C; .NET CLR 3.5.30729; .NET CLR 2.0.50727; .NET CLR 3.0.30729)" 
218.29.102.120 - - [19/Oct/2015:21:47:59 -0700] "GET /maccdc2012/files.log.gz HTTP/1.1" 206 33126 "http://www.secrepo.com/" "Mozilla/4.0 (compatible; MSIE 7.0; Windows NT 6.2; WOW64; Trident/7.0; .NET4.0E; .NET4.0C; .NET CLR 3.5.30729; .NET CLR 2.0.50727; .NET CLR 3.0.30729)" 
218.29.102.120 - - [19/Oct/2015:21:47:59 -0700] "GET /maccdc2012/files.log.gz HTTP/1.1" 206 26957 "http://www.secrepo.com/" "Mozilla/4.0 (compatible; MSIE 7.0; Windows NT 6.2; WOW64; Trident/7.0; .NET4.0E; .NET4.0C; .NET CLR 3.5.30729; .NET CLR 2.0.50727; .NET CLR 3.0.30729)" 
218.29.102.120 - - [19/Oct/2015:21:48:00 -0700] "GET /maccdc2012/files.log.gz HTTP/1.1" 206 11663 "http://www.secrepo.com/" "Mozilla/4.0 (compatible; MSIE 7.0; Windows NT 6.2; WOW64; Trident/7.0; .NET4.0E; .NET4.0C; .NET CLR 3.5.30729; .NET CLR 2.0.50727; .NET CLR 3.0.30729)" 
119.84.114.18 - - [19/Oct/2015:21:32:10 -0700] "GET /maccdc2012/conn.log.gz HTTP/1.1" 206 19172720 "-" "Mozilla/5.0 (Windows NT 5.1) AppleWebKit/537.36 (KHTML, like Gecko) Chrome/38.0.2125.104 Safari/537.36" 
106.38.241.146 - - [19/Oct/2015:21:53:49 -0700] "GET /robots.txt HTTP/1.1" 200 252 "-" "Sogou web spider/4.0(+http://www.sogou.com/docs/help/webmasters.htm#07)" 
106.38.241.146 - - [19/Oct/2015:21:53:53 -0700] "GET / HTTP/1.1" 304 152 "-" "Sogou web spider/4.0(+http://www.sogou.com/docs/help/webmasters.htm#07)" 
218.29.102.120 - - [19/Oct/2015:21:54:21 -0700] "GET /maccdc2012/maccdc2012_fast_alert.7z HTTP/1.1" 200 100740 "http://www.secrepo.com/" "Mozilla/5.0 (Windows NT 6.3; WOW64) AppleWebKit/537.36 (KHTML, like Gecko) Chrome/31.0.1650.63 Safari/537.36" 
218.29.102.120 - - [19/Oct/2015:21:54:22 -0700] "GET /maccdc2012/maccdc2012_fast_alert.7z HTTP/1.1" 200 78840 "-" "User-Agent\tMozilla/5.0 (compatible; MSIE 9.0; Windows NT 6.1; Trident/5.0)" 
218.29.102.120 - - [19/Oct/2015:21:54:27 -0700] "GET /maccdc2012/maccdc2012_fast_alert.7z HTTP/1.1" 206 20831 "http://www.secrepo.com/" "Mozilla/4.0 (compatible; MSIE 7.0; Windows NT 6.2; WOW64; Trident/7.0; .NET4.0E; .NET4.0C; .NET CLR 3.5.30729; .NET CLR 2.0.50727; .NET CLR 3.0.30729)" 
218.29.102.120 - - [19/Oct/2015:21:54:25 -0700] "GET /maccdc2012/maccdc2012_fast_alert.7z HTTP/1.1" 200 146000 "http://www.secrepo.com/" "Mozilla/4.0 (compatible; MSIE 7.0; Windows NT 6.2; WOW64; Trident/7.0; .NET4.0E; .NET4.0C; .NET CLR 3.5.30729; .NET CLR 2.0.50727; .NET CLR 3.0.30729)" 
218.29.102.120 - - [19/Oct/2015:21:54:28 -0700] "GET /maccdc2012/maccdc2012_fast_alert.7z HTTP/1.1" 206 20831 "http://www.secrepo.com/" "Mozilla/4.0 (compatible; MSIE 7.0; Windows NT 6.2; WOW64; Trident/7.0; .NET4.0E; .NET4.0C; .NET CLR 3.5.30729; .NET CLR 2.0.50727; .NET CLR 3.0.30729)" 
218.29.102.120 - - [19/Oct/2015:21:54:28 -0700] "GET /maccdc2012/maccdc2012_fast_alert.7z HTTP/1.1" 206 1880214 "http://www.secrepo.com/" "Mozilla/4.0 (compatible; MSIE 7.0; Windows NT 6.2; WOW64; Trident/7.0; .NET4.0E; .NET4.0C; .NET CLR 3.5.30729; .NET CLR 2.0.50727; .NET CLR 3.0.30729)" 
218.29.102.120 - - [19/Oct/2015:21:54:29 -0700] "GET /maccdc2012/maccdc2012_fast_alert.7z HTTP/1.1" 206 1540722 "http://www.secrepo.com/" "Mozilla/4.0 (compatible; MSIE 7.0; Windows NT 6.2; WOW64; Trident/7.0; .NET4.0E; .NET4.0C; .NET CLR 3.5.30729; .NET CLR 2.0.50727; .NET CLR 3.0.30729)" 
218.29.102.120 - - [19/Oct/2015:21:54:29 -0700] "GET /maccdc2012/maccdc2012_fast_alert.7z HTTP/1.1" 206 1540720 "http://www.secrepo.com/" "Mozilla/4.0 (compatible; MSIE 7.0; Windows NT 6.2; WOW64; Trident/7.0; .NET4.0E; .NET4.0C; .NET CLR 3.5.30729; .NET CLR 2.0.50727; .NET CLR 3.0.30729)" 
218.29.102.120 - - [19/Oct/2015:21:54:56 -0700] "GET /maccdc2012/maccdc2012_fast_alert.7z HTTP/1.1" 206 119089 "http://www.secrepo.com/" "Mozilla/4.0 (compatible; MSIE 7.0; Windows NT 6.2; WOW64; Trident/7.0; .NET4.0E; .NET4.0C; .NET CLR 3.5.30729; .NET CLR 2.0.50727; .NET CLR 3.0.30729)" 
218.29.102.120 - - [19/Oct/2015:21:54:28 -0700] "GET /maccdc2012/maccdc2012_fast_alert.7z HTTP/1.1" 206 1869465 "http://www.secrepo.com/" "Mozilla/4.0 (compatible; MSIE 7.0; Windows NT 6.2; WOW64; Trident/7.0; .NET4.0E; .NET4.0C; .NET CLR 3.5.30729; .NET CLR 2.0.50727; .NET CLR 3.0.30729)" 
218.29.102.120 - - [19/Oct/2015:21:54:56 -0700] "GET /maccdc2012/maccdc2012_fast_alert.7z HTTP/1.1" 206 112082 "http://www.secrepo.com/" "Mozilla/4.0 (compatible; MSIE 7.0; Windows NT 6.2; WOW64; Trident/7.0; .NET4.0E; .NET4.0C; .NET CLR 3.5.30729; .NET CLR 2.0.50727; .NET CLR 3.0.30729)" 
218.29.102.120 - - [19/Oct/2015:21:54:57 -0700] "GET /maccdc2012/maccdc2012_fast_alert.7z HTTP/1.1" 206 37011 "http://www.secrepo.com/" "Mozilla/4.0 (compatible; MSIE 7.0; Windows NT 6.2; WOW64; Trident/7.0; .NET4.0E; .NET4.0C; .NET CLR 3.5.30729; .NET CLR 2.0.50727; .NET CLR 3.0.30729)" 
218.29.102.120 - - [19/Oct/2015:21:54:58 -0700] "GET /maccdc2012/maccdc2012_fast_alert.7z HTTP/1.1" 206 11867 "http://www.secrepo.com/" "Mozilla/4.0 (compatible; MSIE 7.0; Windows NT 6.2; WOW64; Trident/7.0; .NET4.0E; .NET4.0C; .NET CLR 3.5.30729; .NET CLR 2.0.50727; .NET CLR 3.0.30729)" 
218.29.102.120 - - [19/Oct/2015:21:54:58 -0700] "GET /maccdc2012/maccdc2012_fast_alert.7z HTTP/1.1" 206 11623 "http://www.secrepo.com/" "Mozilla/4.0 (compatible; MSIE 7.0; Windows NT 6.2; WOW64; Trident/7.0; .NET4.0E; .NET4.0C; .NET CLR 3.5.30729; .NET CLR 2.0.50727; .NET CLR 3.0.30729)" 
218.29.102.120 - - [19/Oct/2015:21:54:28 -0700] "GET /maccdc2012/maccdc2012_fast_alert.7z HTTP/1.1" 206 2413380 "http://www.secrepo.com/" "Mozilla/4.0 (compatible; MSIE 7.0; Windows NT 6.2; WOW64; Trident/7.0; .NET4.0E; .NET4.0C; .NET CLR 3.5.30729; .NET CLR 2.0.50727; .NET CLR 3.0.30729)" 
218.29.102.120 - - [19/Oct/2015:21:54:58 -0700] "GET /maccdc2012/maccdc2012_fast_alert.7z HTTP/1.1" 206 11623 "http://www.secrepo.com/" "Mozilla/4.0 (compatible; MSIE 7.0; Windows NT 6.2; WOW64; Trident/7.0; .NET4.0E; .NET4.0C; .NET CLR 3.5.30729; .NET CLR 2.0.50727; .NET CLR 3.0.30729)" 
163.177.79.4 - - [19/Oct/2015:22:06:01 -0700] "GET /honeypot/Honeypot%20-%20Howto%20-%20BSides%20Austin.pdf HTTP/1.0" 200 2496600 "http://www.secrepo.com/" "Mozilla/5.0 (Windows NT 6.1; rv:35.0) Gecko/20100101 Firefox/35.0" 
119.84.114.18 - - [19/Oct/2015:21:53:08 -0700] "GET /maccdc2012/conn.log.gz HTTP/1.1" 206 33554800 "-" "Mozilla/5.0 (Windows NT 5.1) AppleWebKit/537.36 (KHTML, like Gecko) Chrome/38.0.2125.104 Safari/537.36" 
101.226.166.243 - - [19/Oct/2015:22:19:38 -0700] "GET / HTTP/1.1" 200 7880 "http://www.secrepo.com/" "Mozilla/5.0 (Windows NT 6.1) AppleWebKit/537.1 (KHTML, like Gecko) Chrome/21.0.1180.89 Safari/537.1; 360Spider(compatible; HaosouSpider; http://www.haosou.com/help/help_3_2.html)" 
119.84.114.18 - - [19/Oct/2015:22:08:00 -0700] "GET /maccdc2012/conn.log.gz HTTP/1.1" 206 28805800 "-" "Mozilla/5.0 (Windows NT 5.1) AppleWebKit/537.36 (KHTML, like Gecko) Chrome/38.0.2125.104 Safari/537.36" 
119.84.114.18 - - [19/Oct/2015:22:20:33 -0700] "GET /maccdc2012/conn.log.gz HTTP/1.1" 206 4693900 "-" "Mozilla/5.0 (Windows NT 5.1) AppleWebKit/537.36 (KHTML, like Gecko) Chrome/38.0.2125.104 Safari/537.36" 
157.55.39.220 - - [19/Oct/2015:22:31:02 -0700] "GET / HTTP/1.1" 200 7880 "-" "Mozilla/5.0 (compatible; bingbot/2.0; +http://www.bing.com/bingbot.htm)" 
119.84.114.18 - - [19/Oct/2015:22:27:50 -0700] "GET /maccdc2012/conn.log.gz HTTP/1.1" 206 25624942 "-" "Mozilla/5.0 (Windows NT 5.1) AppleWebKit/537.36 (KHTML, like Gecko) Chrome/38.0.2125.104 Safari/537.36" 
59.56.100.253 - - [19/Oct/2015:22:48:21 -0700] "GET / HTTP/1.1" 200 7880 "-" "Mozilla/5.0 (Windows NT 10.0; WOW64) AppleWebKit/537.36 (KHTML, like Gecko) Chrome/45.0.2454.85 Safari/537.36" 
59.56.100.253 - - [19/Oct/2015:22:48:22 -0700] "GET /twitter-icon.png HTTP/1.1" 200 27787 "http://www.secrepo.com/" "Mozilla/5.0 (Windows NT 10.0; WOW64) AppleWebKit/537.36 (KHTML, like Gecko) Chrome/45.0.2454.85 Safari/537.36" 
59.56.100.253 - - [19/Oct/2015:22:48:22 -0700] "GET /GitHub-Mark.png HTTP/1.1" 200 7428 "http://www.secrepo.com/" "Mozilla/5.0 (Windows NT 10.0; WOW64) AppleWebKit/537.36 (KHTML, like Gecko) Chrome/45.0.2454.85 Safari/537.36" 
23.247.146.54 - - [19/Oct/2015:22:50:14 -0700] "GET /honeypot/Honeypot%20-%20Howto.pdf HTTP/1.0" 200 1279381 "http://www.secrepo.com/" "Mozilla/5.0 (Windows NT 6.1; rv:35.0) Gecko/20100101 Firefox/35.0" 
59.56.100.253 - - [19/Oct/2015:22:51:07 -0700] "GET / HTTP/1.1" 304 189 "-" "Mozilla/5.0 (Windows NT 10.0; WOW64) AppleWebKit/537.36 (KHTML, like Gecko) Chrome/45.0.2454.85 Safari/537.36" 
59.56.100.253 - - [19/Oct/2015:22:51:07 -0700] "GET /twitter-icon.png HTTP/1.1" 304 165 "http://www.secrepo.com/" "Mozilla/5.0 (Windows NT 10.0; WOW64) AppleWebKit/537.36 (KHTML, like Gecko) Chrome/45.0.2454.85 Safari/537.36" 
59.56.100.253 - - [19/Oct/2015:22:51:08 -0700] "GET /GitHub-Mark.png HTTP/1.1" 304 165 "http://www.secrepo.com/" "Mozilla/5.0 (Windows NT 10.0; WOW64) AppleWebKit/537.36 (KHTML, like Gecko) Chrome/45.0.2454.85 Safari/537.36" 
119.84.114.18 - - [19/Oct/2015:22:40:42 -0700] "GET /maccdc2012/conn.log.gz HTTP/1.1" 206 21987695 "-" "Mozilla/5.0 (Windows NT 5.1) AppleWebKit/537.36 (KHTML, like Gecko) Chrome/38.0.2125.104 Safari/537.36" 
59.56.100.253 - - [19/Oct/2015:22:52:42 -0700] "GET /bootstrap/img/favicon.ico HTTP/1.1" 200 590 "http://www.secrepo.com/" "Mozilla/5.0 (Windows NT 10.0; WOW64) AppleWebKit/537.36 (KHTML, like Gecko) Chrome/45.0.2454.85 Safari/537.36" 
119.84.114.18 - - [19/Oct/2015:22:51:31 -0700] "GET /maccdc2012/conn.log.gz HTTP/1.1" 206 2463020 "-" "Mozilla/5.0 (Windows NT 5.1) AppleWebKit/537.36 (KHTML, like Gecko) Chrome/38.0.2125.104 Safari/537.36" 
104.130.0.17 - - [19/Oct/2015:22:59:55 -0700] "GET /robots.txt HTTP/1.1" 301 446 "-" "Tornado-Async-Client" 
104.130.0.17 - - [19/Oct/2015:22:59:55 -0700] "GET /robots.txt HTTP/1.1" 200 304 "-" "Tornado-Async-Client" 
104.130.0.17 - - [19/Oct/2015:22:59:55 -0700] "GET /honeypot/BSidesDFW%20-%202014.ipynb HTTP/1.1" 301 484 "-" "Tornado-Async-Client" 
104.130.0.17 - - [19/Oct/2015:22:59:55 -0700] "GET /honeypot/BSidesDFW%20-%202014.ipynb HTTP/1.1" 200 930780 "-" "Tornado-Async-Client" 
119.84.110.109 - - [19/Oct/2015:23:04:48 -0700] "GET /zeus/zeus_json.zip HTTP/1.1" 404 295 "-" "Mozilla/5.0 (Windows NT 5.1) AppleWebKit/537.36 (KHTML, like Gecko) Chrome/38.0.2125.104 Safari/537.36" 
119.84.110.109 - - [19/Oct/2015:23:04:52 -0700] "GET /zeus/zeus_json.zip HTTP/1.1" 404 295 "-" "Mozilla/5.0 (Windows NT 5.1) AppleWebKit/537.36 (KHTML, like Gecko) Chrome/38.0.2125.104 Safari/537.36" 
119.84.114.18 - - [19/Oct/2015:22:55:22 -0700] "GET /maccdc2012/conn.log.gz HTTP/1.1" 206 21266800 "-" "Mozilla/5.0 (Windows NT 5.1) AppleWebKit/537.36 (KHTML, like Gecko) Chrome/38.0.2125.104 Safari/537.36" 
141.8.143.159 - - [19/Oct/2015:23:07:11 -0700] "GET / HTTP/1.1" 200 7880 "-" "Mozilla/5.0 (compatible; YandexBot/3.0; +http://yandex.com/bots)" 
59.56.100.253 - - [19/Oct/2015:22:53:42 -0700] "GET /maccdc2012/maccdc2012_full_alert.7z HTTP/1.1" 200 24978942 "http://www.secrepo.com/" "Mozilla/5.0 (Windows NT 10.0; WOW64) AppleWebKit/537.36 (KHTML, like Gecko) Chrome/45.0.2454.85 Safari/537.36" 
119.84.114.18 - - [19/Oct/2015:23:06:11 -0700] "GET /maccdc2012/conn.log.gz HTTP/1.1" 206 20070767 "-" "Mozilla/5.0 (Windows NT 5.1) AppleWebKit/537.36 (KHTML, like Gecko) Chrome/38.0.2125.104 Safari/537.36" 
212.98.207.134 - - [19/Oct/2015:23:14:59 -0700] "GET /bootstrap/img/favicon.ico HTTP/1.1" 200 590 "-" "Mozilla/5.0 (Windows NT 10.0; WOW64; rv:41.0) Gecko/20100101 Firefox/41.0" 
61.158.132.148 - - [19/Oct/2015:23:27:18 -0700] "GET /maccdc2012/ssh.log.gz HTTP/1.1" 200 182457 "-" "Mozilla/5.0 (Windows NT 5.1) AppleWebKit/537.36 (KHTML, like Gecko) Chrome/38.0.2125.104 Safari/537.36" 
61.158.132.148 - - [19/Oct/2015:23:27:22 -0700] "GET /maccdc2012/ssh.log.gz HTTP/1.1" 206 84207 "-" "Mozilla/5.0 (Windows NT 5.1) AppleWebKit/537.36 (KHTML, like Gecko) Chrome/38.0.2125.104 Safari/537.36" 
61.158.132.148 - - [19/Oct/2015:23:27:22 -0700] "GET /maccdc2012/ssh.log.gz HTTP/1.1" 200 182457 "-" "Mozilla/5.0 (Windows NT 5.1) AppleWebKit/537.36 (KHTML, like Gecko) Chrome/38.0.2125.104 Safari/537.36" 
61.158.132.148 - - [19/Oct/2015:23:27:30 -0700] "GET /maccdc2012/ssh.log.gz HTTP/1.1" 206 18672 "-" "Mozilla/5.0 (Windows NT 5.1) AppleWebKit/537.36 (KHTML, like Gecko) Chrome/38.0.2125.104 Safari/537.36" 
