24.214.176.62 - - [06/Apr/2017:18:59:31 -0700] "GET /honeypot/BSidesDFW%20-%202014.ipynb HTTP/1.1" 200 930836 "http://www.secrepo.com/" "Mozilla/5.0 (Windows NT 10.0; Win64; x64) AppleWebKit/537.36 (KHTML, like Gecko) Chrome/56.0.2924.87 Safari/537.36" 
24.214.176.62 - - [06/Apr/2017:18:59:33 -0700] "GET /favicon.ico HTTP/1.1" 200 268 "http://www.secrepo.com/honeypot/BSidesDFW%20-%202014.ipynb" "Mozilla/5.0 (Windows NT 10.0; Win64; x64) AppleWebKit/537.36 (KHTML, like Gecko) Chrome/56.0.2924.87 Safari/537.36" 
216.244.66.227 - - [06/Apr/2017:19:00:46 -0700] "GET /self.logs/access.log.2015-01-27.gz HTTP/1.1" 200 2149 "-" "Mozilla/5.0 (compatible; DotBot/1.1; http://www.opensiteexplorer.org/dotbot, help@moz.com)" 
216.244.66.227 - - [06/Apr/2017:19:00:48 -0700] "GET /self.logs/access.log.2015-05-18.gz HTTP/1.1" 200 4560 "-" "Mozilla/5.0 (compatible; DotBot/1.1; http://www.opensiteexplorer.org/dotbot, help@moz.com)" 
216.244.66.227 - - [06/Apr/2017:19:00:49 -0700] "GET /self.logs/access.log.2015-07-16.gz HTTP/1.1" 200 7172 "-" "Mozilla/5.0 (compatible; DotBot/1.1; http://www.opensiteexplorer.org/dotbot, help@moz.com)" 
216.244.66.227 - - [06/Apr/2017:19:00:50 -0700] "GET /self.logs/access.log.2015-08-17.gz HTTP/1.1" 200 6504 "-" "Mozilla/5.0 (compatible; DotBot/1.1; http://www.opensiteexplorer.org/dotbot, help@moz.com)" 
216.244.66.227 - - [06/Apr/2017:19:00:51 -0700] "GET /self.logs/access.log.2015-09-17.gz HTTP/1.1" 200 6036 "-" "Mozilla/5.0 (compatible; DotBot/1.1; http://www.opensiteexplorer.org/dotbot, help@moz.com)" 
216.244.66.227 - - [06/Apr/2017:19:00:52 -0700] "GET /self.logs/access.log.2016-02-24.gz HTTP/1.1" 200 26719 "-" "Mozilla/5.0 (compatible; DotBot/1.1; http://www.opensiteexplorer.org/dotbot, help@moz.com)" 
216.244.66.227 - - [06/Apr/2017:19:00:53 -0700] "GET /self.logs/access.log.2016-03-27.gz HTTP/1.1" 200 7315 "-" "Mozilla/5.0 (compatible; DotBot/1.1; http://www.opensiteexplorer.org/dotbot, help@moz.com)" 
216.244.66.227 - - [06/Apr/2017:19:00:54 -0700] "GET /self.logs/access.log.2016-10-17.gz HTTP/1.1" 200 9058 "-" "Mozilla/5.0 (compatible; DotBot/1.1; http://www.opensiteexplorer.org/dotbot, help@moz.com)" 
216.244.66.227 - - [06/Apr/2017:19:00:56 -0700] "GET /self.logs/access.log.2016-11-07.gz HTTP/1.1" 200 11328 "-" "Mozilla/5.0 (compatible; DotBot/1.1; http://www.opensiteexplorer.org/dotbot, help@moz.com)" 
216.244.66.227 - - [06/Apr/2017:19:00:57 -0700] "GET /self.logs/access.log.2017-01-13.gz HTTP/1.1" 200 16538 "-" "Mozilla/5.0 (compatible; DotBot/1.1; http://www.opensiteexplorer.org/dotbot, help@moz.com)" 
216.244.66.227 - - [06/Apr/2017:19:00:58 -0700] "GET /self.logs/access.log.2017-03-10.gz HTTP/1.1" 200 17776 "-" "Mozilla/5.0 (compatible; DotBot/1.1; http://www.opensiteexplorer.org/dotbot, help@moz.com)" 
216.244.66.227 - - [06/Apr/2017:19:00:59 -0700] "GET /self.logs/error.log.2015-11-18.gz HTTP/1.1" 200 901 "-" "Mozilla/5.0 (compatible; DotBot/1.1; http://www.opensiteexplorer.org/dotbot, help@moz.com)" 
216.244.66.227 - - [06/Apr/2017:19:01:00 -0700] "GET /self.logs/error.log.2016-08-23.gz HTTP/1.1" 200 675 "-" "Mozilla/5.0 (compatible; DotBot/1.1; http://www.opensiteexplorer.org/dotbot, help@moz.com)" 
216.244.66.227 - - [06/Apr/2017:19:01:01 -0700] "GET /self.logs/error.log.2016-09-02.gz HTTP/1.1" 200 669 "-" "Mozilla/5.0 (compatible; DotBot/1.1; http://www.opensiteexplorer.org/dotbot, help@moz.com)" 
73.80.34.90 - - [06/Apr/2017:19:04:34 -0700] "GET / HTTP/1.1" 200 10792 "http://www.covert.io/the-definitive-security-datascience-and-machinelearning-guide/" "Mozilla/5.0 (Windows NT 10.0; Win64; x64) AppleWebKit/537.36 (KHTML, like Gecko) Chrome/51.0.2704.79 Safari/537.36 Edge/14.14393" 
73.80.34.90 - - [06/Apr/2017:19:04:34 -0700] "GET /GitHub-Mark.png HTTP/1.1" 200 7427 "http://www.secrepo.com/" "Mozilla/5.0 (Windows NT 10.0; Win64; x64) AppleWebKit/537.36 (KHTML, like Gecko) Chrome/51.0.2704.79 Safari/537.36 Edge/14.14393" 
73.80.34.90 - - [06/Apr/2017:19:04:34 -0700] "GET /twitter-icon.png HTTP/1.1" 200 27788 "http://www.secrepo.com/" "Mozilla/5.0 (Windows NT 10.0; Win64; x64) AppleWebKit/537.36 (KHTML, like Gecko) Chrome/51.0.2704.79 Safari/537.36 Edge/14.14393" 
73.80.34.90 - - [06/Apr/2017:19:04:34 -0700] "GET /bootstrap/img/favicon.ico HTTP/1.1" 200 590 "-" "Mozilla/5.0 (Windows NT 10.0; Win64; x64) AppleWebKit/537.36 (KHTML, like Gecko) Chrome/51.0.2704.79 Safari/537.36 Edge/14.14393" 
163.172.65.51 - - [06/Apr/2017:19:07:35 -0700] "GET /self.logs/access.log.2016-11-11.gz HTTP/1.1" 200 7794 "-" "Mozilla/5.0 (compatible; AhrefsBot/5.2; +http://ahrefs.com/robot/)" 
163.172.66.157 - - [06/Apr/2017:19:09:30 -0700] "GET /self.logs/error.log.2015-06-27.gz HTTP/1.1" 200 895 "-" "Mozilla/5.0 (compatible; AhrefsBot/5.2; +http://ahrefs.com/robot/)" 
118.81.243.137 - - [06/Apr/2017:19:13:53 -0700] "GET /maccdc2012/maccdc2012_full_alert.7z HTTP/1.1" 200 12875040 "-" "Mozilla/5.0 (compatible; MSIE 6.0; Windows NT 5.0)" 
118.81.243.137 - - [06/Apr/2017:19:13:53 -0700] "GET /maccdc2012/maccdc2012_full_alert.7z HTTP/1.1" 200 12840480 "-" "Mozilla/5.0 (compatible; MSIE 6.0; Windows NT 5.0)" 
118.81.243.137 - - [06/Apr/2017:19:13:53 -0700] "GET /maccdc2012/maccdc2012_full_alert.7z HTTP/1.1" 200 12905280 "-" "Mozilla/5.0 (compatible; MSIE 6.0; Windows NT 5.0)" 
118.81.243.137 - - [06/Apr/2017:19:13:53 -0700] "GET /maccdc2012/maccdc2012_full_alert.7z HTTP/1.1" 200 13619520 "-" "Mozilla/5.0 (compatible; MSIE 6.0; Windows NT 5.0)" 
157.55.39.18 - - [06/Apr/2017:19:16:03 -0700] "GET /self.logs/access.log.2016-08-04.gz HTTP/1.1" 200 14615 "-" "Mozilla/5.0 (compatible; bingbot/2.0; +http://www.bing.com/bingbot.htm)" 
195.154.216.86 - - [06/Apr/2017:19:16:15 -0700] "GET / HTTP/1.0" 301 461 "http://secrepo.com" "Mozilla/4.0 (compatible; MSIE 6.0; Windows NT 5.1; SV1; .NET CLR 2.0.50727)" 
195.154.216.86 - - [06/Apr/2017:19:16:15 -0700] "GET /data HTTP/1.0" 404 284 "http://www.secrepo.com/data#" "Mozilla/4.0 (compatible; MSIE 6.0; Windows NT 5.1; SV1; .NET CLR 2.0.50727)" 
195.154.216.86 - - [06/Apr/2017:19:16:16 -0700] "GET /maccdc2012/dhcp.log.gz HTTP/1.0" 200 44856 "http://www.secrepo.com/maccdc2012/dhcp.log.gz" "Mozilla/4.0 (compatible; MSIE 6.0; Windows NT 5.1; SV1; .NET CLR 2.0.50727)" 
195.154.216.86 - - [06/Apr/2017:19:16:16 -0700] "GET / HTTP/1.0" 200 36464 "http://www.secrepo.com/" "Mozilla/4.0 (compatible; MSIE 6.0; Windows NT 5.1; SV1; .NET CLR 2.0.50727)" 
195.154.216.86 - - [06/Apr/2017:19:16:15 -0700] "GET /maccdc2012/conn.log.gz HTTP/1.0" 200 46720 "http://www.secrepo.com/maccdc2012/conn.log.gz" "Mozilla/4.0 (compatible; MSIE 6.0; Windows NT 5.1; SV1; .NET CLR 2.0.50727)" 
195.154.216.86 - - [06/Apr/2017:19:16:16 -0700] "GET /maccdc2012/notice.log.gz HTTP/1.0" 200 20676 "http://www.secrepo.com/maccdc2012/notice.log.gz" "Mozilla/4.0 (compatible; MSIE 6.0; Windows NT 5.1; SV1; .NET CLR 2.0.50727)" 
195.154.216.86 - - [06/Apr/2017:19:16:16 -0700] "GET /maccdc2012/ftp.log.gz HTTP/1.0" 200 96360 "http://www.secrepo.com/maccdc2012/ftp.log.gz" "Mozilla/4.0 (compatible; MSIE 6.0; Windows NT 5.1; SV1; .NET CLR 2.0.50727)" 
195.154.216.86 - - [06/Apr/2017:19:16:16 -0700] "GET /maccdc2012/dns.log.gz HTTP/1.0" 200 46720 "http://www.secrepo.com/maccdc2012/dns.log.gz" "Mozilla/4.0 (compatible; MSIE 6.0; Windows NT 5.1; SV1; .NET CLR 2.0.50727)" 
195.154.216.86 - - [06/Apr/2017:19:16:17 -0700] "GET /maccdc2012/signatures.log.gz HTTP/1.0" 200 521 "http://www.secrepo.com/maccdc2012/signatures.log.gz" "Mozilla/4.0 (compatible; MSIE 6.0; Windows NT 5.1; SV1; .NET CLR 2.0.50727)" 
195.154.216.86 - - [06/Apr/2017:19:16:16 -0700] "GET /maccdc2012/files.log.gz HTTP/1.0" 200 46720 "http://www.secrepo.com/maccdc2012/files.log.gz" "Mozilla/4.0 (compatible; MSIE 6.0; Windows NT 5.1; SV1; .NET CLR 2.0.50727)" 
195.154.216.86 - - [06/Apr/2017:19:16:16 -0700] "GET /maccdc2012/http.log.gz HTTP/1.0" 200 46720 "http://www.secrepo.com/maccdc2012/http.log.gz" "Mozilla/4.0 (compatible; MSIE 6.0; Windows NT 5.1; SV1; .NET CLR 2.0.50727)" 
207.46.13.240 - - [06/Apr/2017:19:22:00 -0700] "GET /robots.txt HTTP/1.1" 301 502 "-" "Mozilla/5.0 (compatible; bingbot/2.0; +http://www.bing.com/bingbot.htm)" 
207.46.13.240 - - [06/Apr/2017:19:22:00 -0700] "GET /robots.txt HTTP/1.1" 200 334 "-" "Mozilla/5.0 (compatible; bingbot/2.0; +http://www.bing.com/bingbot.htm)" 
216.244.66.227 - - [06/Apr/2017:19:22:08 -0700] "GET /robots.txt HTTP/1.1" 200 233 "-" "Mozilla/5.0 (compatible; DotBot/1.1; http://www.opensiteexplorer.org/dotbot, help@moz.com)" 
66.249.64.187 - - [06/Apr/2017:19:22:23 -0700] "GET /bootstrap/img/favicon.ico HTTP/1.1" 304 165 "-" "Googlebot-Image/1.0" 
77.88.47.100 - - [06/Apr/2017:19:26:37 -0700] "GET /self.logs/ HTTP/1.1" 200 16572 "-" "Mozilla/5.0 (compatible; YandexBot/3.0; +http://yandex.com/bots)" 
216.244.66.227 - - [06/Apr/2017:19:29:28 -0700] "GET /self.logs/access.log.2016-11-29.gz HTTP/1.1" 200 11549 "-" "Mozilla/5.0 (compatible; DotBot/1.1; http://www.opensiteexplorer.org/dotbot, help@moz.com)" 
216.244.66.227 - - [06/Apr/2017:19:29:31 -0700] "GET /self.logs/error.log.2016-07-14.gz HTTP/1.1" 200 578 "-" "Mozilla/5.0 (compatible; DotBot/1.1; http://www.opensiteexplorer.org/dotbot, help@moz.com)" 
52.212.146.96 - - [06/Apr/2017:19:30:01 -0700] "GET /self.logs/access.log.2017-03-31.gz HTTP/1.1" 200 37607 "-" "python-requests/2.12.1" 
52.212.146.96 - - [06/Apr/2017:19:30:02 -0700] "GET /self.logs/access.log.2017-04-01.gz HTTP/1.1" 200 12040 "-" "python-requests/2.12.1" 
52.212.146.96 - - [06/Apr/2017:19:30:02 -0700] "GET /self.logs/access.log.2017-04-02.gz HTTP/1.1" 200 22224 "-" "python-requests/2.12.1" 
52.212.146.96 - - [06/Apr/2017:19:30:02 -0700] "GET /self.logs/access.log.2017-04-03.gz HTTP/1.1" 200 33420 "-" "python-requests/2.12.1" 
52.212.146.96 - - [06/Apr/2017:19:30:03 -0700] "GET /self.logs/access.log.2017-04-04.gz HTTP/1.1" 404 340 "-" "python-requests/2.12.1" 
52.212.146.96 - - [06/Apr/2017:19:30:03 -0700] "GET /self.logs/access.log.2017-04-05.gz HTTP/1.1" 404 340 "-" "python-requests/2.12.1" 
52.212.146.96 - - [06/Apr/2017:19:30:03 -0700] "GET /self.logs/access.log.2017-04-06.gz HTTP/1.1" 404 340 "-" "python-requests/2.12.1" 
2.121.9.4 - - [06/Apr/2017:19:31:46 -0700] "GET /bootstrap/img/favicon.ico HTTP/1.1" 200 590 "-" "Mozilla/5.0 (Windows NT 10.0; WOW64; rv:52.0) Gecko/20100101 Firefox/52.0" 
77.75.76.165 - - [06/Apr/2017:19:33:55 -0700] "GET /robots.txt HTTP/1.1" 200 334 "-" "Mozilla/5.0 (compatible; SeznamBot/3.2; +http://napoveda.seznam.cz/en/seznambot-intro/)" 
77.75.76.165 - - [06/Apr/2017:19:33:56 -0700] "GET /self.logs/?C=M;O=A HTTP/1.1" 200 16939 "-" "Mozilla/5.0 (compatible; SeznamBot/3.2; +http://napoveda.seznam.cz/en/seznambot-intro/)" 
119.56.102.28 - - [06/Apr/2017:19:35:53 -0700] "GET / HTTP/1.1" 200 10792 "http://www.kdnuggets.com/2017/01/machine-learning-cyber-security.html" "Mozilla/5.0 (iPhone; CPU iPhone OS 10_0 like Mac OS X) AppleWebKit/602.1.50 (KHTML, like Gecko) Version/10.0 Mobile/14A346 Safari/602.1" 
119.56.102.28 - - [06/Apr/2017:19:35:54 -0700] "GET /twitter-icon.png HTTP/1.1" 200 27787 "http://www.secrepo.com/" "Mozilla/5.0 (iPhone; CPU iPhone OS 10_0 like Mac OS X) AppleWebKit/602.1.50 (KHTML, like Gecko) Version/10.0 Mobile/14A346 Safari/602.1" 
119.56.102.28 - - [06/Apr/2017:19:35:54 -0700] "GET /GitHub-Mark.png HTTP/1.1" 200 7428 "http://www.secrepo.com/" "Mozilla/5.0 (iPhone; CPU iPhone OS 10_0 like Mac OS X) AppleWebKit/602.1.50 (KHTML, like Gecko) Version/10.0 Mobile/14A346 Safari/602.1" 
119.56.102.28 - - [06/Apr/2017:19:36:32 -0700] "GET / HTTP/1.1" 206 10841 "-" "WhatsApp/2.17.11/i" 
119.56.102.28 - - [06/Apr/2017:19:36:32 -0700] "GET /bootstrap/img/favicon.ico HTTP/1.1" 206 634 "-" "WhatsApp/2.17.11/i" 
119.56.102.28 - - [06/Apr/2017:19:36:45 -0700] "GET /self.logs/ HTTP/1.1" 200 16572 "http://www.secrepo.com/" "Mozilla/5.0 (iPhone; CPU iPhone OS 10_0 like Mac OS X) AppleWebKit/602.1.50 (KHTML, like Gecko) Version/10.0 Mobile/14A346 Safari/602.1" 
183.90.36.6 - - [06/Apr/2017:19:37:07 -0700] "GET / HTTP/1.1" 200 10792 "-" "Mozilla/5.0 (iPhone; CPU iPhone OS 10_2_1 like Mac OS X) AppleWebKit/602.4.6 (KHTML, like Gecko) Version/10.0 Mobile/14D27 Safari/602.1" 
183.90.36.6 - - [06/Apr/2017:19:37:08 -0700] "GET /twitter-icon.png HTTP/1.1" 200 27787 "http://www.secrepo.com/" "Mozilla/5.0 (iPhone; CPU iPhone OS 10_2_1 like Mac OS X) AppleWebKit/602.4.6 (KHTML, like Gecko) Version/10.0 Mobile/14D27 Safari/602.1" 
183.90.36.6 - - [06/Apr/2017:19:37:08 -0700] "GET /GitHub-Mark.png HTTP/1.1" 200 7428 "http://www.secrepo.com/" "Mozilla/5.0 (iPhone; CPU iPhone OS 10_2_1 like Mac OS X) AppleWebKit/602.4.6 (KHTML, like Gecko) Version/10.0 Mobile/14D27 Safari/602.1" 
179.24.15.191 - - [06/Apr/2017:19:40:28 -0700] "GET /wp-login.php HTTP/1.1" 404 295 "-" "Mozilla/5.0 (Windows NT 6.1; WOW64; rv:40.0) Gecko/20100101 Firefox/40.1" 
179.24.15.191 - - [06/Apr/2017:19:40:33 -0700] "GET /wp-login.php HTTP/1.1" 404 295 "-" "Mozilla/5.0 (Windows NT 6.1; WOW64; rv:40.0) Gecko/20100101 Firefox/40.1" 
179.24.15.191 - - [06/Apr/2017:19:40:39 -0700] "GET / HTTP/1.1" 200 36475 "-" "Mozilla/5.0 (Windows NT 6.1; WOW64; rv:40.0) Gecko/20100101 Firefox/40.1" 
178.153.186.6 - - [06/Apr/2017:19:46:42 -0700] "GET /wp-login.php HTTP/1.1" 404 295 "-" "Mozilla/5.0 (Windows NT 6.1; WOW64; rv:40.0) Gecko/20100101 Firefox/40.1" 
178.153.186.6 - - [06/Apr/2017:19:46:47 -0700] "GET /wp-login.php HTTP/1.1" 404 295 "-" "Mozilla/5.0 (Windows NT 6.1; WOW64; rv:40.0) Gecko/20100101 Firefox/40.1" 
178.153.186.6 - - [06/Apr/2017:19:46:52 -0700] "GET / HTTP/1.1" 200 36475 "-" "Mozilla/5.0 (Windows NT 6.1; WOW64; rv:40.0) Gecko/20100101 Firefox/40.1" 
51.255.65.45 - - [06/Apr/2017:19:48:34 -0700] "GET /self.logs/access.log.2015-03-31.gz HTTP/1.1" 200 4029 "-" "Mozilla/5.0 (compatible; AhrefsBot/5.2; +http://ahrefs.com/robot/)" 
159.226.251.229 - - [06/Apr/2017:19:48:46 -0700] "GET /maccdc2012/maccdc2012_full_alert.7z HTTP/1.1" 304 132 "-" "Mozilla/5.0 Gecko/20100115 Firefox/3.6" 
207.46.13.240 - - [06/Apr/2017:19:49:07 -0700] "GET /robots.txt HTTP/1.1" 200 334 "-" "Mozilla/5.0 (compatible; bingbot/2.0; +http://www.bing.com/bingbot.htm)" 
187.16.242.5 - - [06/Apr/2017:19:50:22 -0700] "GET /wp-login.php HTTP/1.1" 404 295 "-" "Mozilla/5.0 (Windows NT 6.1; WOW64; rv:40.0) Gecko/20100101 Firefox/40.1" 
187.16.242.5 - - [06/Apr/2017:19:50:28 -0700] "GET /wp-login.php HTTP/1.1" 404 295 "-" "Mozilla/5.0 (Windows NT 6.1; WOW64; rv:40.0) Gecko/20100101 Firefox/40.1" 
187.16.242.5 - - [06/Apr/2017:19:50:33 -0700] "GET / HTTP/1.1" 200 36475 "-" "Mozilla/5.0 (Windows NT 6.1; WOW64; rv:40.0) Gecko/20100101 Firefox/40.1" 
5.9.38.51 - - [06/Apr/2017:19:54:49 -0700] "GET /robots.txt HTTP/1.1" 301 502 "-" "Mozilla/5.0 (compatible; BLEXBot/1.0; +http://webmeup-crawler.com/)" 
5.9.38.51 - - [06/Apr/2017:19:54:49 -0700] "GET /robots.txt HTTP/1.1" 200 334 "-" "Mozilla/5.0 (compatible; BLEXBot/1.0; +http://webmeup-crawler.com/)" 
5.9.38.51 - - [06/Apr/2017:19:54:50 -0700] "GET /self.logs/?C=M;O=A HTTP/1.1" 200 16938 "-" "Mozilla/5.0 (compatible; BLEXBot/1.0; +http://webmeup-crawler.com/)" 
5.9.38.51 - - [06/Apr/2017:19:54:54 -0700] "GET /self.logs/?C=M;O=D HTTP/1.1" 200 16946 "-" "Mozilla/5.0 (compatible; BLEXBot/1.0; +http://webmeup-crawler.com/)" 
5.9.38.51 - - [06/Apr/2017:19:54:58 -0700] "GET /self.logs/?C=N;O=A HTTP/1.1" 200 16572 "-" "Mozilla/5.0 (compatible; BLEXBot/1.0; +http://webmeup-crawler.com/)" 
5.9.38.51 - - [06/Apr/2017:19:55:08 -0700] "GET /self.logs/?C=S;O=D HTTP/1.1" 200 18714 "-" "Mozilla/5.0 (compatible; BLEXBot/1.0; +http://webmeup-crawler.com/)" 
5.9.38.51 - - [06/Apr/2017:19:55:30 -0700] "GET /sitemap.xml HTTP/1.1" 301 501 "-" "Mozilla/5.0 (compatible; BLEXBot/1.0; +http://webmeup-crawler.com/)" 
5.9.38.51 - - [06/Apr/2017:19:55:30 -0700] "GET /sitemap.xml HTTP/1.1" 404 340 "-" "Mozilla/5.0 (compatible; BLEXBot/1.0; +http://webmeup-crawler.com/)" 
5.9.38.51 - - [06/Apr/2017:19:55:39 -0700] "GET /sitemap.xml HTTP/1.1" 404 340 "-" "Mozilla/5.0 (compatible; BLEXBot/1.0; +http://webmeup-crawler.com/)" 
187.16.242.5 - - [06/Apr/2017:19:55:41 -0700] "GET /wp-login.php HTTP/1.1" 301 522 "-" "Mozilla/5.0 (Windows NT 6.1; WOW64; rv:40.0) Gecko/20100101 Firefox/40.1" 
187.16.242.5 - - [06/Apr/2017:19:55:41 -0700] "GET /wp-login.php HTTP/1.1" 404 295 "-" "Mozilla/5.0 (Windows NT 6.1; WOW64; rv:40.0) Gecko/20100101 Firefox/40.1" 
5.9.38.51 - - [06/Apr/2017:19:55:44 -0700] "GET / HTTP/1.1" 200 10792 "-" "Mozilla/5.0 (compatible; BLEXBot/1.0; +http://webmeup-crawler.com/)" 
187.16.242.5 - - [06/Apr/2017:19:55:46 -0700] "GET /wp-login.php HTTP/1.1" 301 522 "-" "Mozilla/5.0 (Windows NT 6.1; WOW64; rv:40.0) Gecko/20100101 Firefox/40.1" 
187.16.242.5 - - [06/Apr/2017:19:55:47 -0700] "GET /wp-login.php HTTP/1.1" 404 295 "-" "Mozilla/5.0 (Windows NT 6.1; WOW64; rv:40.0) Gecko/20100101 Firefox/40.1" 
187.16.242.5 - - [06/Apr/2017:19:55:52 -0700] "GET / HTTP/1.1" 301 498 "-" "Mozilla/5.0 (Windows NT 6.1; WOW64; rv:40.0) Gecko/20100101 Firefox/40.1" 
187.16.242.5 - - [06/Apr/2017:19:55:52 -0700] "GET / HTTP/1.1" 200 36475 "-" "Mozilla/5.0 (Windows NT 6.1; WOW64; rv:40.0) Gecko/20100101 Firefox/40.1" 
5.9.38.51 - - [06/Apr/2017:19:55:53 -0700] "GET /self.logs/ HTTP/1.1" 200 16572 "-" "Mozilla/5.0 (compatible; BLEXBot/1.0; +http://webmeup-crawler.com/)" 
5.9.38.51 - - [06/Apr/2017:19:56:02 -0700] "GET /self.logs/?C=D;O=A HTTP/1.1" 200 16572 "-" "Mozilla/5.0 (compatible; BLEXBot/1.0; +http://webmeup-crawler.com/)" 
5.9.38.51 - - [06/Apr/2017:19:56:14 -0700] "GET /self.logs/?C=N;O=D HTTP/1.1" 200 16619 "-" "Mozilla/5.0 (compatible; BLEXBot/1.0; +http://webmeup-crawler.com/)" 
5.9.38.51 - - [06/Apr/2017:19:56:22 -0700] "GET /self.logs/?C=S;O=A HTTP/1.1" 200 18725 "-" "Mozilla/5.0 (compatible; BLEXBot/1.0; +http://webmeup-crawler.com/)" 
5.9.38.51 - - [06/Apr/2017:19:56:35 -0700] "GET / HTTP/1.1" 301 483 "-" "Mozilla/5.0 (compatible; BLEXBot/1.0; +http://webmeup-crawler.com/)" 
5.9.38.51 - - [06/Apr/2017:19:56:42 -0700] "GET /data HTTP/1.1" 404 340 "-" "Mozilla/5.0 (compatible; BLEXBot/1.0; +http://webmeup-crawler.com/)" 
5.9.38.51 - - [06/Apr/2017:19:56:57 -0700] "GET /self.logs/?C=D;O=D HTTP/1.1" 200 16619 "-" "Mozilla/5.0 (compatible; BLEXBot/1.0; +http://webmeup-crawler.com/)" 
159.226.251.229 - - [06/Apr/2017:20:10:16 -0700] "GET /tg/a.zip HTTP/1.1" 304 132 "-" "Mozilla/5.0 Gecko/20100115 Firefox/3.6" 
125.135.80.58 - - [06/Apr/2017:20:11:34 -0700] "GET /wp-login.php HTTP/1.1" 404 295 "-" "Mozilla/5.0 (Windows NT 6.1; WOW64; rv:40.0) Gecko/20100101 Firefox/40.1" 
125.135.80.58 - - [06/Apr/2017:20:11:40 -0700] "GET /wp-login.php HTTP/1.1" 404 295 "-" "Mozilla/5.0 (Windows NT 6.1; WOW64; rv:40.0) Gecko/20100101 Firefox/40.1" 
125.135.80.58 - - [06/Apr/2017:20:11:45 -0700] "GET / HTTP/1.1" 200 36475 "-" "Mozilla/5.0 (Windows NT 6.1; WOW64; rv:40.0) Gecko/20100101 Firefox/40.1" 
123.125.71.72 - - [06/Apr/2017:20:12:07 -0700] "GET /robots.txt HTTP/1.1" 200 297 "-" "Mozilla/5.0 (compatible; Baiduspider/2.0; +http://www.baidu.com/search/spider.html)" 
216.244.66.227 - - [06/Apr/2017:20:12:16 -0700] "GET /robots.txt HTTP/1.1" 200 233 "-" "Mozilla/5.0 (compatible; DotBot/1.1; http://www.opensiteexplorer.org/dotbot, help@moz.com)" 
148.62.14.178 - - [06/Apr/2017:20:12:44 -0700] "GET /robots.txt HTTP/1.1" 301 446 "-" "Tornado-Async-Client" 
148.62.14.178 - - [06/Apr/2017:20:12:44 -0700] "GET /robots.txt HTTP/1.1" 304 130 "-" "Tornado-Async-Client" 
148.62.14.178 - - [06/Apr/2017:20:12:45 -0700] "GET /honeypot/BSidesDFW%20-%202014.ipynb HTTP/1.1" 301 484 "-" "Tornado-Async-Client" 
148.62.14.178 - - [06/Apr/2017:20:12:45 -0700] "GET /honeypot/BSidesDFW%20-%202014.ipynb HTTP/1.1" 200 930780 "-" "Tornado-Async-Client" 
163.172.64.182 - - [06/Apr/2017:20:13:10 -0700] "GET /self.logs/access.log.2017-03-28.gz HTTP/1.1" 200 15444 "-" "Mozilla/5.0 (compatible; AhrefsBot/5.2; +http://ahrefs.com/robot/)" 
220.181.108.107 - - [06/Apr/2017:20:15:18 -0700] "GET /tg/tg_snort_full.7z HTTP/1.1" 200 8847783 "-" "Mozilla/5.0 (compatible; Baiduspider/2.0; +http://www.baidu.com/search/spider.html)" 
216.244.66.227 - - [06/Apr/2017:20:18:49 -0700] "GET /self.logs/access.log.2015-02-05.gz HTTP/1.1" 200 3446 "-" "Mozilla/5.0 (compatible; DotBot/1.1; http://www.opensiteexplorer.org/dotbot, help@moz.com)" 
216.244.66.227 - - [06/Apr/2017:20:18:51 -0700] "GET /self.logs/access.log.2015-07-03.gz HTTP/1.1" 200 3669 "-" "Mozilla/5.0 (compatible; DotBot/1.1; http://www.opensiteexplorer.org/dotbot, help@moz.com)" 
216.244.66.227 - - [06/Apr/2017:20:18:52 -0700] "GET /self.logs/access.log.2016-02-08.gz HTTP/1.1" 200 6596 "-" "Mozilla/5.0 (compatible; DotBot/1.1; http://www.opensiteexplorer.org/dotbot, help@moz.com)" 
216.244.66.227 - - [06/Apr/2017:20:18:54 -0700] "GET /self.logs/access.log.2016-03-07.gz HTTP/1.1" 200 9356 "-" "Mozilla/5.0 (compatible; DotBot/1.1; http://www.opensiteexplorer.org/dotbot, help@moz.com)" 
216.244.66.227 - - [06/Apr/2017:20:18:56 -0700] "GET /self.logs/error.log.2015-04-01.gz HTTP/1.1" 200 1022 "-" "Mozilla/5.0 (compatible; DotBot/1.1; http://www.opensiteexplorer.org/dotbot, help@moz.com)" 
216.244.66.227 - - [06/Apr/2017:20:18:57 -0700] "GET /self.logs/error.log.2015-12-09.gz HTTP/1.1" 200 514 "-" "Mozilla/5.0 (compatible; DotBot/1.1; http://www.opensiteexplorer.org/dotbot, help@moz.com)" 
85.150.182.22 - - [06/Apr/2017:20:20:35 -0700] "GET /wp-login.php HTTP/1.1" 404 295 "-" "Mozilla/5.0 (Windows NT 6.1; WOW64; rv:40.0) Gecko/20100101 Firefox/40.1" 
85.150.182.22 - - [06/Apr/2017:20:20:40 -0700] "GET /wp-login.php HTTP/1.1" 404 295 "-" "Mozilla/5.0 (Windows NT 6.1; WOW64; rv:40.0) Gecko/20100101 Firefox/40.1" 
85.150.182.22 - - [06/Apr/2017:20:20:45 -0700] "GET / HTTP/1.1" 200 36475 "-" "Mozilla/5.0 (Windows NT 6.1; WOW64; rv:40.0) Gecko/20100101 Firefox/40.1" 
204.27.197.5 - - [06/Apr/2017:20:21:13 -0700] "GET / HTTP/1.1" 200 10792 "https://www.google.com/" "Mozilla/5.0 (Windows NT 6.1; WOW64; rv:52.0) Gecko/20100101 Firefox/52.0" 
204.27.197.5 - - [06/Apr/2017:20:21:13 -0700] "GET /bootstrap/img/favicon.ico HTTP/1.1" 200 589 "-" "Mozilla/5.0 (Windows NT 6.1; WOW64; rv:52.0) Gecko/20100101 Firefox/52.0" 
204.27.197.5 - - [06/Apr/2017:20:21:13 -0700] "GET /twitter-icon.png HTTP/1.1" 200 27787 "http://www.secrepo.com/" "Mozilla/5.0 (Windows NT 6.1; WOW64; rv:52.0) Gecko/20100101 Firefox/52.0" 
204.27.197.5 - - [06/Apr/2017:20:21:13 -0700] "GET /GitHub-Mark.png HTTP/1.1" 200 7428 "http://www.secrepo.com/" "Mozilla/5.0 (Windows NT 6.1; WOW64; rv:52.0) Gecko/20100101 Firefox/52.0" 
204.27.197.5 - - [06/Apr/2017:20:25:59 -0700] "GET /maccdc2012/http.log.gz HTTP/1.1" 200 54258816 "http://www.secrepo.com/" "Mozilla/5.0 (Windows NT 6.1; WOW64; rv:52.0) Gecko/20100101 Firefox/52.0" 
204.27.197.5 - - [06/Apr/2017:20:26:40 -0700] "GET /favicon.ico HTTP/1.1" 200 268 "-" "Mozilla/5.0 (Windows NT 6.1; WOW64; rv:52.0) Gecko/20100101 Firefox/52.0" 
77.88.47.100 - - [06/Apr/2017:20:35:57 -0700] "GET /honeypot/BSidesDFW%20-%202014.ipynb HTTP/1.1" 200 930836 "-" "Mozilla/5.0 (compatible; YandexBot/3.0; +http://yandex.com/bots)" 
157.82.122.4 - - [06/Apr/2017:20:43:52 -0700] "GET / HTTP/1.1" 200 10792 "http://www.kdnuggets.com/2017/01/machine-learning-cyber-security.html?utm_content=buffer214cf&utm_medium=social&utm_source=twitter.com&utm_campaign=buffer" "Mozilla/5.0 (Macintosh; Intel Mac OS X 10_12_4) AppleWebKit/537.36 (KHTML, like Gecko) Chrome/57.0.2987.133 Safari/537.36" 
157.82.122.4 - - [06/Apr/2017:20:43:54 -0700] "GET /twitter-icon.png HTTP/1.1" 200 27788 "http://www.secrepo.com/" "Mozilla/5.0 (Macintosh; Intel Mac OS X 10_12_4) AppleWebKit/537.36 (KHTML, like Gecko) Chrome/57.0.2987.133 Safari/537.36" 
157.82.122.4 - - [06/Apr/2017:20:43:55 -0700] "GET /GitHub-Mark.png HTTP/1.1" 200 7428 "http://www.secrepo.com/" "Mozilla/5.0 (Macintosh; Intel Mac OS X 10_12_4) AppleWebKit/537.36 (KHTML, like Gecko) Chrome/57.0.2987.133 Safari/537.36" 
159.226.251.229 - - [06/Apr/2017:20:46:33 -0700] "GET /maccdc2012/conn.log.gz HTTP/1.1" 304 156 "-" "Mozilla/5.0 Gecko/20100115 Firefox/3.6" 
51.255.65.58 - - [06/Apr/2017:20:47:13 -0700] "GET /self.logs/?C=M;O=D HTTP/1.1" 200 16890 "-" "Mozilla/5.0 (compatible; AhrefsBot/5.2; +http://ahrefs.com/robot/)" 
77.88.47.100 - - [06/Apr/2017:20:47:20 -0700] "GET /honeypot/Honeypot%20-%20Howto.pdf HTTP/1.1" 200 1279418 "-" "Mozilla/5.0 (compatible; YandexBot/3.0; +http://yandex.com/bots)" 
216.244.66.227 - - [06/Apr/2017:20:48:33 -0700] "GET /robots.txt HTTP/1.1" 200 233 "-" "Mozilla/5.0 (compatible; DotBot/1.1; http://www.opensiteexplorer.org/dotbot, help@moz.com)" 
37.123.133.148 - - [06/Apr/2017:20:53:43 -0700] "GET / HTTP/1.1" 200 10736 "http://www.secrepo.com/" "Mozilla/5.0 (Windows NT 10.0) AppleWebKit/537.36 (KHTML, like Gecko) Chrome/55.0.2883.87 Safari/537.36" 
103.1.48.98 - - [06/Apr/2017:20:54:01 -0700] "GET / HTTP/1.1" 200 10792 "-" "Mozilla/5.0 (Macintosh; Intel Mac OS X 10.10; rv:50.0) Gecko/20100101 Firefox/50.0" 
216.244.66.227 - - [06/Apr/2017:20:54:50 -0700] "GET /self.logs/access.log.2015-02-13.gz HTTP/1.1" 200 15472 "-" "Mozilla/5.0 (compatible; DotBot/1.1; http://www.opensiteexplorer.org/dotbot, help@moz.com)" 
216.244.66.227 - - [06/Apr/2017:20:54:51 -0700] "GET /self.logs/access.log.2015-03-15.gz HTTP/1.1" 200 5362 "-" "Mozilla/5.0 (compatible; DotBot/1.1; http://www.opensiteexplorer.org/dotbot, help@moz.com)" 
216.244.66.227 - - [06/Apr/2017:20:54:52 -0700] "GET /self.logs/access.log.2015-09-30.gz HTTP/1.1" 200 4973 "-" "Mozilla/5.0 (compatible; DotBot/1.1; http://www.opensiteexplorer.org/dotbot, help@moz.com)" 
216.244.66.227 - - [06/Apr/2017:20:54:54 -0700] "GET /self.logs/access.log.2016-05-17.gz HTTP/1.1" 200 13650 "-" "Mozilla/5.0 (compatible; DotBot/1.1; http://www.opensiteexplorer.org/dotbot, help@moz.com)" 
216.244.66.227 - - [06/Apr/2017:20:54:57 -0700] "GET /self.logs/error.log.2015-03-15.gz HTTP/1.1" 200 1069 "-" "Mozilla/5.0 (compatible; DotBot/1.1; http://www.opensiteexplorer.org/dotbot, help@moz.com)" 
216.244.66.227 - - [06/Apr/2017:20:54:58 -0700] "GET /self.logs/error.log.2016-07-16.gz HTTP/1.1" 200 786 "-" "Mozilla/5.0 (compatible; DotBot/1.1; http://www.opensiteexplorer.org/dotbot, help@moz.com)" 
216.244.66.227 - - [06/Apr/2017:20:55:00 -0700] "GET /self.logs/error.log.2016-07-30.gz HTTP/1.1" 200 1038 "-" "Mozilla/5.0 (compatible; DotBot/1.1; http://www.opensiteexplorer.org/dotbot, help@moz.com)" 
216.244.66.227 - - [06/Apr/2017:20:55:02 -0700] "GET /self.logs/error.log.2016-08-10.gz HTTP/1.1" 200 586 "-" "Mozilla/5.0 (compatible; DotBot/1.1; http://www.opensiteexplorer.org/dotbot, help@moz.com)" 
216.244.66.227 - - [06/Apr/2017:20:55:03 -0700] "GET /self.logs/error.log.2017-02-20.gz HTTP/1.1" 200 911 "-" "Mozilla/5.0 (compatible; DotBot/1.1; http://www.opensiteexplorer.org/dotbot, help@moz.com)" 
73.172.20.146 - - [06/Apr/2017:21:15:26 -0700] "GET / HTTP/1.1" 301 483 "-" "Mozilla/5.0 (Windows NT 10.0; Win64; x64) AppleWebKit/537.36 (KHTML, like Gecko) Chrome/57.0.2987.133 Safari/537.36" 
73.172.20.146 - - [06/Apr/2017:21:15:26 -0700] "GET / HTTP/1.1" 200 10792 "-" "Mozilla/5.0 (Windows NT 10.0; Win64; x64) AppleWebKit/537.36 (KHTML, like Gecko) Chrome/57.0.2987.133 Safari/537.36" 
73.172.20.146 - - [06/Apr/2017:21:15:26 -0700] "GET /twitter-icon.png HTTP/1.1" 200 27787 "http://www.secrepo.com/" "Mozilla/5.0 (Windows NT 10.0; Win64; x64) AppleWebKit/537.36 (KHTML, like Gecko) Chrome/57.0.2987.133 Safari/537.36" 
73.172.20.146 - - [06/Apr/2017:21:15:26 -0700] "GET /GitHub-Mark.png HTTP/1.1" 200 7428 "http://www.secrepo.com/" "Mozilla/5.0 (Windows NT 10.0; Win64; x64) AppleWebKit/537.36 (KHTML, like Gecko) Chrome/57.0.2987.133 Safari/537.36" 
73.172.20.146 - - [06/Apr/2017:21:15:27 -0700] "GET /bootstrap/img/favicon.ico HTTP/1.1" 200 589 "http://www.secrepo.com/" "Mozilla/5.0 (Windows NT 10.0; Win64; x64) AppleWebKit/537.36 (KHTML, like Gecko) Chrome/57.0.2987.133 Safari/537.36" 
164.132.161.44 - - [06/Apr/2017:21:19:04 -0700] "GET /self.logs/access.log.2015-10-07.gz HTTP/1.1" 200 6981 "-" "Mozilla/5.0 (compatible; AhrefsBot/5.2; +http://ahrefs.com/robot/)" 
77.88.47.100 - - [06/Apr/2017:21:23:37 -0700] "GET /data HTTP/1.1" 404 340 "-" "Mozilla/5.0 (compatible; YandexBot/3.0; +http://yandex.com/bots)" 
51.255.65.70 - - [06/Apr/2017:21:27:20 -0700] "GET /self.logs/access.log.2016-01-30.gz HTTP/1.1" 200 34254 "-" "Mozilla/5.0 (compatible; AhrefsBot/5.2; +http://ahrefs.com/robot/)" 
77.75.76.172 - - [06/Apr/2017:21:45:04 -0700] "GET /robots.txt HTTP/1.1" 200 334 "-" "Mozilla/5.0 (compatible; SeznamBot/3.2; +http://napoveda.seznam.cz/en/seznambot-intro/)" 
61.153.50.18 - - [06/Apr/2017:21:44:55 -0700] "GET /maccdc2012/maccdc2012_full_alert.7z HTTP/1.1" 200 3344860 "-" "Mozilla/5.0 (compatible; MSIE 6.0; Windows NT 5.0)" 
61.153.50.18 - - [06/Apr/2017:21:44:55 -0700] "GET /maccdc2012/maccdc2012_full_alert.7z HTTP/1.1" 200 3216380 "-" "Mozilla/5.0 (compatible; MSIE 6.0; Windows NT 5.0)" 
61.153.50.18 - - [06/Apr/2017:21:44:55 -0700] "GET /maccdc2012/maccdc2012_full_alert.7z HTTP/1.1" 200 2540400 "-" "Mozilla/5.0 (compatible; MSIE 6.0; Windows NT 5.0)" 
61.153.50.18 - - [06/Apr/2017:21:44:55 -0700] "GET /maccdc2012/maccdc2012_full_alert.7z HTTP/1.1" 200 3178420 "-" "Mozilla/5.0 (compatible; MSIE 6.0; Windows NT 5.0)" 
77.75.76.172 - - [06/Apr/2017:21:45:05 -0700] "GET /tg/b.zip HTTP/1.1" 200 42298164 "-" "Mozilla/5.0 (compatible; SeznamBot/3.2; +http://napoveda.seznam.cz/en/seznambot-intro/)" 
46.19.227.253 - - [06/Apr/2017:21:58:18 -0700] "GET /wp-login.php HTTP/1.1" 404 295 "-" "Mozilla/5.0 (Windows NT 6.1; WOW64; rv:40.0) Gecko/20100101 Firefox/40.1" 
46.19.227.253 - - [06/Apr/2017:21:58:23 -0700] "GET /wp-login.php HTTP/1.1" 404 295 "-" "Mozilla/5.0 (Windows NT 6.1; WOW64; rv:40.0) Gecko/20100101 Firefox/40.1" 
46.19.227.253 - - [06/Apr/2017:21:58:28 -0700] "GET / HTTP/1.1" 200 36475 "-" "Mozilla/5.0 (Windows NT 6.1; WOW64; rv:40.0) Gecko/20100101 Firefox/40.1" 
190.46.187.194 - - [06/Apr/2017:22:03:00 -0700] "GET /wp-login.php HTTP/1.1" 404 295 "-" "Mozilla/5.0 (Windows NT 6.1; WOW64; rv:40.0) Gecko/20100101 Firefox/40.1" 
190.46.187.194 - - [06/Apr/2017:22:03:05 -0700] "GET /wp-login.php HTTP/1.1" 404 295 "-" "Mozilla/5.0 (Windows NT 6.1; WOW64; rv:40.0) Gecko/20100101 Firefox/40.1" 
190.46.187.194 - - [06/Apr/2017:22:03:11 -0700] "GET / HTTP/1.1" 200 36475 "-" "Mozilla/5.0 (Windows NT 6.1; WOW64; rv:40.0) Gecko/20100101 Firefox/40.1" 
46.19.227.253 - - [06/Apr/2017:22:07:15 -0700] "GET /wp-login.php HTTP/1.1" 301 522 "-" "Mozilla/5.0 (Windows NT 6.1; WOW64; rv:40.0) Gecko/20100101 Firefox/40.1" 
46.19.227.253 - - [06/Apr/2017:22:07:16 -0700] "GET /wp-login.php HTTP/1.1" 404 295 "-" "Mozilla/5.0 (Windows NT 6.1; WOW64; rv:40.0) Gecko/20100101 Firefox/40.1" 
46.19.227.253 - - [06/Apr/2017:22:07:21 -0700] "GET /wp-login.php HTTP/1.1" 301 522 "-" "Mozilla/5.0 (Windows NT 6.1; WOW64; rv:40.0) Gecko/20100101 Firefox/40.1" 
46.19.227.253 - - [06/Apr/2017:22:07:21 -0700] "GET /wp-login.php HTTP/1.1" 404 295 "-" "Mozilla/5.0 (Windows NT 6.1; WOW64; rv:40.0) Gecko/20100101 Firefox/40.1" 
163.172.65.68 - - [06/Apr/2017:22:07:22 -0700] "GET /self.logs/access.log.2017-03-27.gz HTTP/1.1" 200 15568 "-" "Mozilla/5.0 (compatible; AhrefsBot/5.2; +http://ahrefs.com/robot/)" 
46.19.227.253 - - [06/Apr/2017:22:07:27 -0700] "GET / HTTP/1.1" 301 498 "-" "Mozilla/5.0 (Windows NT 6.1; WOW64; rv:40.0) Gecko/20100101 Firefox/40.1" 
46.19.227.253 - - [06/Apr/2017:22:07:27 -0700] "GET / HTTP/1.1" 200 36475 "-" "Mozilla/5.0 (Windows NT 6.1; WOW64; rv:40.0) Gecko/20100101 Firefox/40.1" 
41.36.89.46 - - [06/Apr/2017:22:10:02 -0700] "GET / HTTP/1.1" 200 10792 "-" "Mozilla/5.0 (Windows NT 10.0; WOW64) AppleWebKit/537.36 (KHTML, like Gecko) Chrome/57.0.2987.133 Safari/537.36" 
41.36.89.46 - - [06/Apr/2017:22:10:10 -0700] "GET /twitter-icon.png HTTP/1.1" 200 27788 "http://www.secrepo.com/" "Mozilla/5.0 (Windows NT 10.0; WOW64) AppleWebKit/537.36 (KHTML, like Gecko) Chrome/57.0.2987.133 Safari/537.36" 
41.36.89.46 - - [06/Apr/2017:22:10:10 -0700] "GET /GitHub-Mark.png HTTP/1.1" 200 7428 "http://www.secrepo.com/" "Mozilla/5.0 (Windows NT 10.0; WOW64) AppleWebKit/537.36 (KHTML, like Gecko) Chrome/57.0.2987.133 Safari/537.36" 
46.5.19.90 - - [06/Apr/2017:22:10:28 -0700] "GET / HTTP/1.1" 200 10792 "-" "Mozilla/5.0 (X11; Ubuntu; Linux x86_64; rv:52.0) Gecko/20100101 Firefox/52.0" 
46.5.19.90 - - [06/Apr/2017:22:10:41 -0700] "GET /GitHub-Mark.png HTTP/1.1" 200 7428 "http://www.secrepo.com/" "Mozilla/5.0 (X11; Ubuntu; Linux x86_64; rv:52.0) Gecko/20100101 Firefox/52.0" 
46.5.19.90 - - [06/Apr/2017:22:10:41 -0700] "GET /twitter-icon.png HTTP/1.1" 200 27788 "http://www.secrepo.com/" "Mozilla/5.0 (X11; Ubuntu; Linux x86_64; rv:52.0) Gecko/20100101 Firefox/52.0" 
216.244.66.227 - - [06/Apr/2017:22:12:39 -0700] "GET /robots.txt HTTP/1.1" 200 233 "-" "Mozilla/5.0 (compatible; DotBot/1.1; http://www.opensiteexplorer.org/dotbot, help@moz.com)" 
216.244.66.227 - - [06/Apr/2017:22:14:46 -0700] "GET /honeypot/Honeypot%20-%20Howto.pdf HTTP/1.1" 200 1279362 "-" "Mozilla/5.0 (compatible; DotBot/1.1; http://www.opensiteexplorer.org/dotbot, help@moz.com)" 
216.244.66.227 - - [06/Apr/2017:22:19:32 -0700] "GET /self.logs/access.log.2016-01-25.gz HTTP/1.1" 200 6559 "-" "Mozilla/5.0 (compatible; DotBot/1.1; http://www.opensiteexplorer.org/dotbot, help@moz.com)" 
216.244.66.227 - - [06/Apr/2017:22:19:34 -0700] "GET /self.logs/error.log.2015-05-21.gz HTTP/1.1" 200 721 "-" "Mozilla/5.0 (compatible; DotBot/1.1; http://www.opensiteexplorer.org/dotbot, help@moz.com)" 
216.244.66.227 - - [06/Apr/2017:22:19:35 -0700] "GET /self.logs/error.log.2015-10-04.gz HTTP/1.1" 200 865 "-" "Mozilla/5.0 (compatible; DotBot/1.1; http://www.opensiteexplorer.org/dotbot, help@moz.com)" 
216.244.66.227 - - [06/Apr/2017:22:19:36 -0700] "GET /self.logs/error.log.2016-04-02.gz HTTP/1.1" 200 557 "-" "Mozilla/5.0 (compatible; DotBot/1.1; http://www.opensiteexplorer.org/dotbot, help@moz.com)" 
216.244.66.227 - - [06/Apr/2017:22:19:38 -0700] "GET /self.logs/error.log.2016-06-18.gz HTTP/1.1" 200 741 "-" "Mozilla/5.0 (compatible; DotBot/1.1; http://www.opensiteexplorer.org/dotbot, help@moz.com)" 
216.244.66.227 - - [06/Apr/2017:22:19:39 -0700] "GET /self.logs/error.log.2016-06-20.gz HTTP/1.1" 200 788 "-" "Mozilla/5.0 (compatible; DotBot/1.1; http://www.opensiteexplorer.org/dotbot, help@moz.com)" 
216.244.66.227 - - [06/Apr/2017:22:19:40 -0700] "GET /self.logs/error.log.2016-10-25.gz HTTP/1.1" 200 1590 "-" "Mozilla/5.0 (compatible; DotBot/1.1; http://www.opensiteexplorer.org/dotbot, help@moz.com)" 
216.244.66.227 - - [06/Apr/2017:22:19:42 -0700] "GET /self.logs/error.log.2017-02-27.gz HTTP/1.1" 200 936 "-" "Mozilla/5.0 (compatible; DotBot/1.1; http://www.opensiteexplorer.org/dotbot, help@moz.com)" 
164.132.161.74 - - [06/Apr/2017:22:20:55 -0700] "GET /self.logs/error.log.2015-12-04.gz HTTP/1.1" 200 627 "-" "Mozilla/5.0 (compatible; AhrefsBot/5.2; +http://ahrefs.com/robot/)" 
66.102.9.157 - - [06/Apr/2017:22:36:14 -0700] "GET / HTTP/1.1" 200 10792 "-" "Mozilla/5.0 (Android 4.4.2; Tablet; rv:52.0) Gecko/52.0 Firefox/52.0,gzip(gfe)" 
91.100.1.21 - - [06/Apr/2017:22:36:15 -0700] "GET /twitter-icon.png HTTP/1.1" 200 27788 "-" "Mozilla/5.0 (Android 4.4.2; Tablet; rv:52.0) Gecko/52.0 Firefox/52.0" 
91.100.1.21 - - [06/Apr/2017:22:36:16 -0700] "GET /GitHub-Mark.png HTTP/1.1" 200 7427 "-" "Mozilla/5.0 (Android 4.4.2; Tablet; rv:52.0) Gecko/52.0 Firefox/52.0" 
5.255.250.59 - - [06/Apr/2017:22:37:29 -0700] "GET /self.logs/?C=S;O=D HTTP/1.1" 200 18714 "-" "Mozilla/5.0 (compatible; YandexBot/3.0; +http://yandex.com/bots)" 
163.172.65.36 - - [06/Apr/2017:22:38:25 -0700] "GET /self.logs/access.log.2017-01-27.gz HTTP/1.1" 200 18200 "-" "Mozilla/5.0 (compatible; AhrefsBot/5.2; +http://ahrefs.com/robot/)" 
163.172.66.76 - - [06/Apr/2017:22:47:51 -0700] "GET /self.logs/access.log.2016-06-09.gz HTTP/1.1" 200 43726 "-" "Mozilla/5.0 (compatible; AhrefsBot/5.2; +http://ahrefs.com/robot/)" 
159.226.251.229 - - [06/Apr/2017:22:48:55 -0700] "GET /maccdc2012/maccdc2012_full_alert.7z HTTP/1.1" 304 132 "-" "Mozilla/5.0 Gecko/20100115 Firefox/3.6" 
164.132.161.31 - - [06/Apr/2017:22:49:25 -0700] "GET /self.logs/access.log.2015-04-15.gz HTTP/1.1" 200 20678 "-" "Mozilla/5.0 (compatible; AhrefsBot/5.2; +http://ahrefs.com/robot/)" 
77.75.76.167 - - [06/Apr/2017:22:52:25 -0700] "GET /robots.txt HTTP/1.1" 200 334 "-" "Mozilla/5.0 (compatible; SeznamBot/3.2; +http://napoveda.seznam.cz/en/seznambot-intro/)" 
77.75.76.167 - - [06/Apr/2017:22:52:26 -0700] "GET /self.logs/?C=S;O=A HTTP/1.1" 200 18725 "-" "Mozilla/5.0 (compatible; SeznamBot/3.2; +http://napoveda.seznam.cz/en/seznambot-intro/)" 
68.180.230.247 - - [06/Apr/2017:22:54:33 -0700] "GET /robots.txt HTTP/1.1" 200 233 "-" "Mozilla/5.0 (compatible; Yahoo! Slurp; http://help.yahoo.com/help/us/ysearch/slurp)" 
120.32.210.192 - - [06/Apr/2017:23:03:59 -0700] "GET / HTTP/1.1" 200 10792 "-" "Mozilla/5.0 (Windows NT 10.0; WOW64) AppleWebKit/537.36 (KHTML, like Gecko) Chrome/57.0.2987.110 Safari/537.36" 
120.32.210.192 - - [06/Apr/2017:23:04:00 -0700] "GET /twitter-icon.png HTTP/1.1" 200 27787 "http://www.secrepo.com/" "Mozilla/5.0 (Windows NT 10.0; WOW64) AppleWebKit/537.36 (KHTML, like Gecko) Chrome/57.0.2987.110 Safari/537.36" 
120.32.210.192 - - [06/Apr/2017:23:04:00 -0700] "GET /GitHub-Mark.png HTTP/1.1" 200 7428 "http://www.secrepo.com/" "Mozilla/5.0 (Windows NT 10.0; WOW64) AppleWebKit/537.36 (KHTML, like Gecko) Chrome/57.0.2987.110 Safari/537.36" 
120.32.210.192 - - [06/Apr/2017:23:04:02 -0700] "GET /bootstrap/img/favicon.ico HTTP/1.1" 200 590 "http://www.secrepo.com/" "Mozilla/5.0 (Windows NT 10.0; WOW64) AppleWebKit/537.36 (KHTML, like Gecko) Chrome/57.0.2987.110 Safari/537.36" 
101.226.66.178 - - [06/Apr/2017:23:04:16 -0700] "GET / HTTP/1.1" 200 10792 "-" "Mozilla/5.0 (Macintosh; Intel Mac OS X 10_12_4) AppleWebKit/537.36 (KHTML, like Gecko) \t\t\tChrome/55.0.2883.95 Safari/537.36" 
101.226.33.227 - - [06/Apr/2017:23:06:53 -0700] "GET / HTTP/1.1" 200 10792 "-" "Mozilla/5.0 (iPhone; CPU iPhone OS 10_2_1 like Mac OS X) AppleWebKit/602.4.6 (KHTML, like Gecko) Mobile/14D27 QQ/6.6.9.412 V1_IPH_SQ_6.6.9_1_APP_A Pixel/640 Core/UIWebView NetType/WIFI" 
159.226.251.229 - - [06/Apr/2017:23:10:21 -0700] "GET /tg/a.zip HTTP/1.1" 304 132 "-" "Mozilla/5.0 Gecko/20100115 Firefox/3.6" 
101.226.33.201 - - [06/Apr/2017:23:12:50 -0700] "GET / HTTP/1.1" 200 10792 "" "Mozilla/5.0 (iPhone; CPU iPhone OS 8_4 like Mac OS X) AppleWebKit/600.1.4 (KHTML, like Gecko) Version/8.0 Mobile/12H143 Safari/600.1.4" 
101.226.33.201 - - [06/Apr/2017:23:12:50 -0700] "GET /twitter-icon.png HTTP/1.1" 200 27787 "http://www.secrepo.com/" "Mozilla/5.0 (iPhone; CPU iPhone OS 8_4 like Mac OS X) AppleWebKit/600.1.4 (KHTML, like Gecko) Version/8.0 Mobile/12H143 Safari/600.1.4" 
101.226.33.201 - - [06/Apr/2017:23:12:50 -0700] "GET /GitHub-Mark.png HTTP/1.1" 200 7428 "http://www.secrepo.com/" "Mozilla/5.0 (iPhone; CPU iPhone OS 8_4 like Mac OS X) AppleWebKit/600.1.4 (KHTML, like Gecko) Version/8.0 Mobile/12H143 Safari/600.1.4" 
180.163.2.118 - - [06/Apr/2017:23:12:51 -0700] "GET / HTTP/1.1" 200 10792 "" "Mozilla/5.0 (iPhone; CPU iPhone OS 8_4 like Mac OS X) AppleWebKit/600.1.4 (KHTML, like Gecko) Version/8.0 Mobile/12H143 Safari/600.1.4" 
180.163.2.118 - - [06/Apr/2017:23:12:52 -0700] "GET /twitter-icon.png HTTP/1.1" 200 27787 "http://www.secrepo.com/" "Mozilla/5.0 (iPhone; CPU iPhone OS 8_4 like Mac OS X) AppleWebKit/600.1.4 (KHTML, like Gecko) Version/8.0 Mobile/12H143 Safari/600.1.4" 
180.163.2.118 - - [06/Apr/2017:23:12:52 -0700] "GET /GitHub-Mark.png HTTP/1.1" 200 7428 "http://www.secrepo.com/" "Mozilla/5.0 (iPhone; CPU iPhone OS 8_4 like Mac OS X) AppleWebKit/600.1.4 (KHTML, like Gecko) Version/8.0 Mobile/12H143 Safari/600.1.4" 
51.255.65.91 - - [06/Apr/2017:23:13:50 -0700] "GET /self.logs/access.log.2015-07-21.gz HTTP/1.1" 200 5855 "-" "Mozilla/5.0 (compatible; AhrefsBot/5.2; +http://ahrefs.com/robot/)" 
190.46.187.194 - - [06/Apr/2017:23:17:39 -0700] "GET /wp-login.php HTTP/1.1" 301 522 "-" "Mozilla/5.0 (Windows NT 6.1; WOW64; rv:40.0) Gecko/20100101 Firefox/40.1" 
190.46.187.194 - - [06/Apr/2017:23:17:39 -0700] "GET /wp-login.php HTTP/1.1" 404 295 "-" "Mozilla/5.0 (Windows NT 6.1; WOW64; rv:40.0) Gecko/20100101 Firefox/40.1" 
190.46.187.194 - - [06/Apr/2017:23:17:44 -0700] "GET /wp-login.php HTTP/1.1" 301 522 "-" "Mozilla/5.0 (Windows NT 6.1; WOW64; rv:40.0) Gecko/20100101 Firefox/40.1" 
190.46.187.194 - - [06/Apr/2017:23:17:45 -0700] "GET /wp-login.php HTTP/1.1" 404 295 "-" "Mozilla/5.0 (Windows NT 6.1; WOW64; rv:40.0) Gecko/20100101 Firefox/40.1" 
190.46.187.194 - - [06/Apr/2017:23:17:50 -0700] "GET / HTTP/1.1" 301 498 "-" "Mozilla/5.0 (Windows NT 6.1; WOW64; rv:40.0) Gecko/20100101 Firefox/40.1" 
190.46.187.194 - - [06/Apr/2017:23:17:50 -0700] "GET / HTTP/1.1" 200 36475 "-" "Mozilla/5.0 (Windows NT 6.1; WOW64; rv:40.0) Gecko/20100101 Firefox/40.1" 
216.244.66.227 - - [06/Apr/2017:23:17:55 -0700] "GET /robots.txt HTTP/1.1" 200 233 "-" "Mozilla/5.0 (compatible; DotBot/1.1; http://www.opensiteexplorer.org/dotbot, help@moz.com)" 
216.244.66.227 - - [06/Apr/2017:23:24:12 -0700] "GET /self.logs/access.log.2016-03-21.gz HTTP/1.1" 200 6504 "-" "Mozilla/5.0 (compatible; DotBot/1.1; http://www.opensiteexplorer.org/dotbot, help@moz.com)" 
216.244.66.227 - - [06/Apr/2017:23:24:13 -0700] "GET /self.logs/access.log.2016-07-18.gz HTTP/1.1" 200 8249 "-" "Mozilla/5.0 (compatible; DotBot/1.1; http://www.opensiteexplorer.org/dotbot, help@moz.com)" 
216.244.66.227 - - [06/Apr/2017:23:24:15 -0700] "GET /self.logs/error.log.2015-05-08.gz HTTP/1.1" 200 1007 "-" "Mozilla/5.0 (compatible; DotBot/1.1; http://www.opensiteexplorer.org/dotbot, help@moz.com)" 
216.244.66.227 - - [06/Apr/2017:23:24:16 -0700] "GET /self.logs/error.log.2016-05-07.gz HTTP/1.1" 200 739 "-" "Mozilla/5.0 (compatible; DotBot/1.1; http://www.opensiteexplorer.org/dotbot, help@moz.com)" 
216.244.66.227 - - [06/Apr/2017:23:24:18 -0700] "GET /self.logs/error.log.2016-07-27.gz HTTP/1.1" 200 871 "-" "Mozilla/5.0 (compatible; DotBot/1.1; http://www.opensiteexplorer.org/dotbot, help@moz.com)" 
216.244.66.227 - - [06/Apr/2017:23:24:20 -0700] "GET /self.logs/error.log.2017-01-15.gz HTTP/1.1" 200 713 "-" "Mozilla/5.0 (compatible; DotBot/1.1; http://www.opensiteexplorer.org/dotbot, help@moz.com)" 
43.229.89.31 - - [06/Apr/2017:23:38:38 -0700] "GET /wp-login.php HTTP/1.1" 404 295 "-" "Mozilla/5.0 (Windows NT 6.1; WOW64; rv:40.0) Gecko/20100101 Firefox/40.1" 
43.229.89.31 - - [06/Apr/2017:23:38:44 -0700] "GET /wp-login.php HTTP/1.1" 404 295 "-" "Mozilla/5.0 (Windows NT 6.1; WOW64; rv:40.0) Gecko/20100101 Firefox/40.1" 
43.229.89.31 - - [06/Apr/2017:23:38:52 -0700] "GET / HTTP/1.1" 200 36475 "-" "Mozilla/5.0 (Windows NT 6.1; WOW64; rv:40.0) Gecko/20100101 Firefox/40.1" 
211.83.111.152 - - [06/Apr/2017:23:45:13 -0700] "GET /bootstrap/img/favicon.ico HTTP/1.1" 200 590 "-" "Mozilla/5.0 (Windows NT 6.1; WOW64; rv:52.0) Gecko/20100101 Firefox/52.0" 
159.226.251.229 - - [06/Apr/2017:23:48:05 -0700] "GET /maccdc2012/conn.log.gz HTTP/1.1" 304 156 "-" "Mozilla/5.0 Gecko/20100115 Firefox/3.6" 
163.172.66.106 - - [06/Apr/2017:23:50:04 -0700] "GET /self.logs/access.log.2016-09-06.gz HTTP/1.1" 200 8411 "-" "Mozilla/5.0 (compatible; AhrefsBot/5.2; +http://ahrefs.com/robot/)" 
111.202.102.72 - - [06/Apr/2017:23:53:28 -0700] "GET /robots.txt HTTP/1.1" 200 252 "-" "Sogou web spider/4.0(+http://www.sogou.com/docs/help/webmasters.htm#07)" 
216.244.66.227 - - [06/Apr/2017:23:53:37 -0700] "GET /robots.txt HTTP/1.1" 200 233 "-" "Mozilla/5.0 (compatible; DotBot/1.1; http://www.opensiteexplorer.org/dotbot, help@moz.com)" 
182.65.196.181 - - [06/Apr/2017:23:57:37 -0700] "GET / HTTP/1.1" 200 10792 "https://www.google.co.in/" "Mozilla/5.0 (Windows NT 6.1; WOW64; rv:52.0) Gecko/20100101 Firefox/52.0" 
182.65.196.181 - - [06/Apr/2017:23:57:38 -0700] "GET /bootstrap/img/favicon.ico HTTP/1.1" 200 589 "-" "Mozilla/5.0 (Windows NT 6.1; WOW64; rv:52.0) Gecko/20100101 Firefox/52.0" 
182.65.196.181 - - [06/Apr/2017:23:57:38 -0700] "GET /twitter-icon.png HTTP/1.1" 200 27787 "http://www.secrepo.com/" "Mozilla/5.0 (Windows NT 6.1; WOW64; rv:52.0) Gecko/20100101 Firefox/52.0" 
182.65.196.181 - - [06/Apr/2017:23:57:39 -0700] "GET /GitHub-Mark.png HTTP/1.1" 200 7428 "http://www.secrepo.com/" "Mozilla/5.0 (Windows NT 6.1; WOW64; rv:52.0) Gecko/20100101 Firefox/52.0" 
163.172.66.2 - - [06/Apr/2017:23:59:47 -0700] "GET /self.logs/error.log.2015-02-08.gz HTTP/1.1" 200 1048 "-" "Mozilla/5.0 (compatible; AhrefsBot/5.2; +http://ahrefs.com/robot/)" 
216.244.66.227 - - [07/Apr/2017:00:00:16 -0700] "GET /self.logs/access.log.2015-10-22.gz HTTP/1.1" 200 8849 "-" "Mozilla/5.0 (compatible; DotBot/1.1; http://www.opensiteexplorer.org/dotbot, help@moz.com)" 
216.244.66.227 - - [07/Apr/2017:00:00:19 -0700] "GET /self.logs/error.log.2015-12-27.gz HTTP/1.1" 200 532 "-" "Mozilla/5.0 (compatible; DotBot/1.1; http://www.opensiteexplorer.org/dotbot, help@moz.com)" 
61.183.129.34 - - [07/Apr/2017:00:02:44 -0700] "GET / HTTP/1.1" 200 10792 "-" "Mozilla/5.0 (Windows NT 6.3; WOW64) AppleWebKit/537.36 (KHTML, like Gecko) Chrome/49.0.2623.112 Safari/537.36" 
61.183.129.34 - - [07/Apr/2017:00:02:46 -0700] "GET /twitter-icon.png HTTP/1.1" 200 27787 "http://www.secrepo.com/" "Mozilla/5.0 (Windows NT 6.3; WOW64) AppleWebKit/537.36 (KHTML, like Gecko) Chrome/49.0.2623.112 Safari/537.36" 
61.183.129.34 - - [07/Apr/2017:00:02:46 -0700] "GET /GitHub-Mark.png HTTP/1.1" 200 7428 "http://www.secrepo.com/" "Mozilla/5.0 (Windows NT 6.3; WOW64) AppleWebKit/537.36 (KHTML, like Gecko) Chrome/49.0.2623.112 Safari/537.36" 
61.183.129.34 - - [07/Apr/2017:00:02:48 -0700] "GET /bootstrap/img/favicon.ico HTTP/1.1" 200 589 "http://www.secrepo.com/" "Mozilla/5.0 (Windows NT 6.3; WOW64) AppleWebKit/537.36 (KHTML, like Gecko) Chrome/49.0.2623.112 Safari/537.36" 
222.133.202.69 - - [07/Apr/2017:00:04:06 -0700] "GET /maccdc2012/maccdc2012_full_alert.7z HTTP/1.1" 200 46464 "-" "Mozilla/5.0 (compatible; MSIE 6.0; Windows NT 5.0)" 
222.133.202.69 - - [07/Apr/2017:00:04:07 -0700] "GET /maccdc2012/maccdc2012_full_alert.7z HTTP/1.1" 200 95832 "-" "Mozilla/5.0 (compatible; MSIE 6.0; Windows NT 5.0)" 
222.133.202.69 - - [07/Apr/2017:00:04:06 -0700] "GET /maccdc2012/maccdc2012_full_alert.7z HTTP/1.1" 200 717288 "-" "Mozilla/5.0 (compatible; MSIE 6.0; Windows NT 5.0)" 
222.133.202.69 - - [07/Apr/2017:00:04:06 -0700] "GET /maccdc2012/maccdc2012_full_alert.7z HTTP/1.1" 200 400752 "-" "Mozilla/5.0 (compatible; MSIE 6.0; Windows NT 5.0)" 
163.172.65.196 - - [07/Apr/2017:00:12:08 -0700] "GET /self.logs/error.log.2016-08-12.gz HTTP/1.1" 200 758 "-" "Mozilla/5.0 (compatible; AhrefsBot/5.2; +http://ahrefs.com/robot/)" 
77.75.78.160 - - [07/Apr/2017:00:17:22 -0700] "GET /robots.txt HTTP/1.1" 200 334 "-" "Mozilla/5.0 (compatible; SeznamBot/3.2; +http://napoveda.seznam.cz/en/seznambot-intro/)" 
77.75.78.160 - - [07/Apr/2017:00:17:24 -0700] "GET /honeypot/Honeypot%20-%20Howto.pdf HTTP/1.1" 304 168 "-" "Mozilla/5.0 (compatible; SeznamBot/3.2; +http://napoveda.seznam.cz/en/seznambot-intro/)" 
180.251.122.54 - - [07/Apr/2017:00:22:45 -0700] "GET / HTTP/1.1" 200 10792 "https://www.google.co.id/" "Mozilla/5.0 (Windows NT 6.3; Win64; x64) AppleWebKit/537.36 (KHTML, like Gecko) Chrome/57.0.2987.133 Safari/537.36" 
180.251.122.54 - - [07/Apr/2017:00:22:47 -0700] "GET /twitter-icon.png HTTP/1.1" 200 27787 "http://www.secrepo.com/" "Mozilla/5.0 (Windows NT 6.3; Win64; x64) AppleWebKit/537.36 (KHTML, like Gecko) Chrome/57.0.2987.133 Safari/537.36" 
180.251.122.54 - - [07/Apr/2017:00:22:47 -0700] "GET /GitHub-Mark.png HTTP/1.1" 200 7428 "http://www.secrepo.com/" "Mozilla/5.0 (Windows NT 6.3; Win64; x64) AppleWebKit/537.36 (KHTML, like Gecko) Chrome/57.0.2987.133 Safari/537.36" 
180.251.122.54 - - [07/Apr/2017:00:22:48 -0700] "GET /bootstrap/img/favicon.ico HTTP/1.1" 200 589 "http://www.secrepo.com/" "Mozilla/5.0 (Windows NT 6.3; Win64; x64) AppleWebKit/537.36 (KHTML, like Gecko) Chrome/57.0.2987.133 Safari/537.36" 
23.99.101.118 - - [07/Apr/2017:00:22:53 -0700] "GET / HTTP/1.1" 200 36475 "-" "Mozilla/5.0 (Windows NT 6.1; WOW64) SkypeUriPreview Preview/0.5" 
23.99.101.118 - - [07/Apr/2017:00:22:53 -0700] "GET /bootstrap/img/favicon.ico HTTP/1.1" 200 534 "-" "Mozilla/5.0 (Windows NT 6.1; WOW64) SkypeUriPreview Preview/0.5" 
83.149.126.98 - - [07/Apr/2017:00:24:37 -0700] "GET /robots.txt HTTP/1.1" 200 289 "-" "Mozilla/5.0 (compatible; MJ12bot/v1.4.8; http://mj12bot.com/)" 
83.149.126.98 - - [07/Apr/2017:00:24:50 -0700] "GET / HTTP/1.1" 200 36419 "-" "Mozilla/5.0 (compatible; MJ12bot/v1.4.8; http://mj12bot.com/)" 
163.172.65.46 - - [07/Apr/2017:00:25:12 -0700] "GET /self.logs/access.log.2016-03-09.gz HTTP/1.1" 200 8319 "-" "Mozilla/5.0 (compatible; AhrefsBot/5.2; +http://ahrefs.com/robot/)" 
163.172.64.235 - - [07/Apr/2017:00:25:57 -0700] "GET /self.logs/access.log.2015-01-20.gz HTTP/1.1" 200 3614 "-" "Mozilla/5.0 (compatible; AhrefsBot/5.2; +http://ahrefs.com/robot/)" 
216.244.66.227 - - [07/Apr/2017:00:26:03 -0700] "GET /robots.txt HTTP/1.1" 200 233 "-" "Mozilla/5.0 (compatible; DotBot/1.1; http://www.opensiteexplorer.org/dotbot, help@moz.com)" 
77.75.78.160 - - [07/Apr/2017:00:31:31 -0700] "GET /robots.txt HTTP/1.1" 200 334 "-" "Mozilla/5.0 (compatible; SeznamBot/3.2; +http://napoveda.seznam.cz/en/seznambot-intro/)" 
77.75.78.160 - - [07/Apr/2017:00:31:31 -0700] "GET /honeypot/Honeypot%20-%20Howto.pdf HTTP/1.1" 304 168 "-" "Mozilla/5.0 (compatible; SeznamBot/3.2; +http://napoveda.seznam.cz/en/seznambot-intro/)" 
216.244.66.227 - - [07/Apr/2017:00:32:33 -0700] "GET /self.logs/access.log.2015-02-25.gz HTTP/1.1" 200 2689 "-" "Mozilla/5.0 (compatible; DotBot/1.1; http://www.opensiteexplorer.org/dotbot, help@moz.com)" 
216.244.66.227 - - [07/Apr/2017:00:32:34 -0700] "GET /self.logs/access.log.2015-11-03.gz HTTP/1.1" 200 7106 "-" "Mozilla/5.0 (compatible; DotBot/1.1; http://www.opensiteexplorer.org/dotbot, help@moz.com)" 
