201.173.115.100 - - [17/Feb/2016:01:25:22 -0800] "GET /administrator/index.php/ HTTP/1.1" 301 488 "-" "Mozilla/5.0 (Windows NT 5.1; WOW64) AppleWebKit/537.1 (KHTML, like Gecko) Chrome/24.0.1309.0 Safari/537.17" 
201.173.115.100 - - [17/Feb/2016:01:25:23 -0800] "GET /administrator/index.php/ HTTP/1.1" 404 303 "-" "Mozilla/5.0 (Windows NT 5.1; WOW64) AppleWebKit/537.1 (KHTML, like Gecko) Chrome/24.0.1309.0 Safari/537.17" 
40.77.167.54 - - [17/Feb/2016:01:31:51 -0800] "GET /self.logs/error.log.2015-04-19.gz HTTP/1.1" 301 544 "-" "Mozilla/5.0 (compatible; bingbot/2.0; +http://www.bing.com/bingbot.htm)" 
178.137.17.196 - - [17/Feb/2016:01:42:54 -0800] "GET /honeypot/ HTTP/1.1" 200 1077 "http://www.drugstoreforyou.com/" "Mozilla/4.0 (compatible; MSIE 6.0; Windows NT 5.2; Win64; AMD64)" 
178.137.17.196 - - [17/Feb/2016:01:42:55 -0800] "GET /honeypot/ HTTP/1.1" 200 1077 "http://www.drugstoreforyou.com/" "Mozilla/4.0 (compatible; MSIE 6.0; Windows NT 5.2; Win64; AMD64)" 
178.137.17.196 - - [17/Feb/2016:01:42:56 -0800] "GET /honeypot/ HTTP/1.1" 200 1077 "http://www.drugstoreforyou.com/" "Mozilla/4.0 (compatible; MSIE 6.0; Windows NT 5.2; Win64; AMD64)" 
192.243.55.135 - - [17/Feb/2016:01:47:56 -0800] "GET /maccdc2012/signatures.log.gz HTTP/1.1" 200 568 "-" "Mozilla/5.0 (compatible; SemrushBot/1~bl; +http://www.semrush.com/bot.html)" 
91.200.12.143 - - [17/Feb/2016:01:51:35 -0800] "GET /honeypot/BSidesDFW%20-%202014.ipynb HTTP/1.0" 200 930799 "http://www.secrepo.com/honeypot/BSidesDFW%20-%202014.ipynb" "Mozilla/5.0 (Windows NT 10.0; WOW64) AppleWebKit/537.36 (KHTML, like Gecko) Chrome/45.0.2454.99 Safari/537.36" 
192.243.55.135 - - [17/Feb/2016:01:52:01 -0800] "GET /maccdc2012/tunnel.log.gz HTTP/1.1" 200 5192 "-" "Mozilla/5.0 (compatible; SemrushBot/1~bl; +http://www.semrush.com/bot.html)" 
192.243.55.136 - - [17/Feb/2016:01:54:59 -0800] "GET /maccdc2012/http.log.gz HTTP/1.1" 200 69725 "-" "Mozilla/5.0 (compatible; SemrushBot/1~bl; +http://www.semrush.com/bot.html)" 
68.180.231.44 - - [17/Feb/2016:01:57:41 -0800] "GET / HTTP/1.1" 304 133 "-" "Mozilla/5.0 (compatible; Yahoo! Slurp; http://help.yahoo.com/help/us/ysearch/slurp)" 
192.243.55.135 - - [17/Feb/2016:01:57:47 -0800] "GET /maccdc2012/maccdc2012_fast_alert.7z HTTP/1.1" 200 29200 "-" "Mozilla/5.0 (compatible; SemrushBot/1~bl; +http://www.semrush.com/bot.html)" 
157.55.39.244 - - [17/Feb/2016:01:59:21 -0800] "GET /self.logs/error.log.2015-05-23.gz HTTP/1.1" 200 784 "-" "Mozilla/5.0 (compatible; bingbot/2.0; +http://www.bing.com/bingbot.htm)" 
192.243.55.132 - - [17/Feb/2016:02:00:35 -0800] "GET /maccdc2012/notice.log.gz HTTP/1.1" 200 20742 "-" "Mozilla/5.0 (compatible; SemrushBot/1~bl; +http://www.semrush.com/bot.html)" 
192.243.55.135 - - [17/Feb/2016:02:03:07 -0800] "GET /tg/a.zip HTTP/1.1" 200 49640 "-" "Mozilla/5.0 (compatible; SemrushBot/1~bl; +http://www.semrush.com/bot.html)" 
46.218.101.203 - - [17/Feb/2016:02:03:09 -0800] "GET / HTTP/1.1" 200 8553 "http://www.mlsecproject.org/" "Mozilla/5.0 (X11; Linux x86_64; rv:44.0) Gecko/20100101 Firefox/44.0" 
46.218.101.203 - - [17/Feb/2016:02:03:12 -0800] "GET /twitter-icon.png HTTP/1.1" 200 27788 "http://www.secrepo.com/" "Mozilla/5.0 (X11; Linux x86_64; rv:44.0) Gecko/20100101 Firefox/44.0" 
46.218.101.203 - - [17/Feb/2016:02:03:13 -0800] "GET /GitHub-Mark.png HTTP/1.1" 200 7428 "http://www.secrepo.com/" "Mozilla/5.0 (X11; Linux x86_64; rv:44.0) Gecko/20100101 Firefox/44.0" 
46.218.101.203 - - [17/Feb/2016:02:04:31 -0800] "GET /bootstrap/img/favicon.ico HTTP/1.1" 200 590 "-" "Mozilla/5.0 (X11; Linux x86_64; rv:44.0) Gecko/20100101 Firefox/44.0" 
192.243.55.135 - - [17/Feb/2016:02:05:54 -0800] "GET /data HTTP/1.1" 404 303 "-" "Mozilla/5.0 (compatible; SemrushBot/1~bl; +http://www.semrush.com/bot.html)" 
192.243.55.132 - - [17/Feb/2016:02:08:20 -0800] "GET /maccdc2012/ftp.log.gz HTTP/1.1" 200 75563 "-" "Mozilla/5.0 (compatible; SemrushBot/1~bl; +http://www.semrush.com/bot.html)" 
91.200.12.143 - - [17/Feb/2016:02:09:35 -0800] "GET /honeypot/BSidesDFW%20-%202014.ipynb HTTP/1.0" 200 581080 "http://www.secrepo.com/honeypot/BSidesDFW%20-%202014.ipynb" "Mozilla/5.0 (Windows NT 5.1) AppleWebKit/537.36 (KHTML, like Gecko) Chrome/45.0.2454.101 Safari/537.36" 
192.243.55.133 - - [17/Feb/2016:02:10:46 -0800] "GET /zeus/zeus_json.zip HTTP/1.1" 404 303 "-" "Mozilla/5.0 (compatible; SemrushBot/1~bl; +http://www.semrush.com/bot.html)" 
185.100.85.190 - - [17/Feb/2016:02:12:23 -0800] "GET / HTTP/1.1" 301 427 "http://burger-imperia.com/" "Mozilla/5.0 (X11; Linux x86_64) AppleWebKit/537.36 (KHTML, like Gecko) Chrome/37.0.2062.120 Safari/537.36" 
93.115.95.207 - - [17/Feb/2016:02:12:24 -0800] "GET / HTTP/1.1" 200 8497 "http://burger-imperia.com/" "Mozilla/5.0 (X11; Linux x86_64) AppleWebKit/537.36 (KHTML, like Gecko) Chrome/37.0.2062.120 Safari/537.36" 
192.243.55.133 - - [17/Feb/2016:02:13:06 -0800] "GET /maccdc2012/ssl.log.gz HTTP/1.1" 200 65344 "-" "Mozilla/5.0 (compatible; SemrushBot/1~bl; +http://www.semrush.com/bot.html)" 
192.243.55.130 - - [17/Feb/2016:02:15:19 -0800] "GET / HTTP/1.1" 200 8516 "-" "Mozilla/5.0 (compatible; SemrushBot/1~bl; +http://www.semrush.com/bot.html)" 
207.46.13.94 - - [17/Feb/2016:02:16:24 -0800] "GET /self.logs/access.log.2015-11-12.gz HTTP/1.1" 200 6111 "-" "Mozilla/5.0 (compatible; bingbot/2.0; +http://www.bing.com/bingbot.htm)" 
192.243.55.133 - - [17/Feb/2016:02:17:41 -0800] "GET /Security-Data-Analysis/Lab_1/conn.log.zip HTTP/1.1" 200 28851 "-" "Mozilla/5.0 (compatible; SemrushBot/1~bl; +http://www.semrush.com/bot.html)" 
52.22.88.178 - - [17/Feb/2016:02:18:58 -0800] "GET /robots.txt HTTP/1.1" 301 446 "-" "Mozilla/5.0 (Macintosh; Intel Mac OS X 10.9; rv:28.0) Gecko/20100101 Firefox/28.0 (FlipboardProxy/1.1; +http://flipboard.com/browserproxy)" 
52.22.88.178 - - [17/Feb/2016:02:18:58 -0800] "GET / HTTP/1.1" 301 427 "-" "Mozilla/5.0 (Macintosh; Intel Mac OS X 10.9; rv:28.0) Gecko/20100101 Firefox/28.0 (FlipboardProxy/1.1; +http://flipboard.com/browserproxy)" 
52.22.88.178 - - [17/Feb/2016:02:18:58 -0800] "GET /robots.txt HTTP/1.1" 200 304 "-" "Mozilla/5.0 (Macintosh; Intel Mac OS X 10.9; rv:28.0) Gecko/20100101 Firefox/28.0 (FlipboardProxy/1.1; +http://flipboard.com/browserproxy)" 
52.22.88.178 - - [17/Feb/2016:02:18:58 -0800] "GET / HTTP/1.1" 200 8497 "-" "Mozilla/5.0 (Macintosh; Intel Mac OS X 10.9; rv:28.0) Gecko/20100101 Firefox/28.0 (FlipboardProxy/1.1; +http://flipboard.com/browserproxy)" 
192.243.55.129 - - [17/Feb/2016:02:19:43 -0800] "GET /maccdc2012/conn.log.gz HTTP/1.1" 200 66806 "-" "Mozilla/5.0 (compatible; SemrushBot/1~bl; +http://www.semrush.com/bot.html)" 
192.243.55.135 - - [17/Feb/2016:02:21:48 -0800] "GET /honeypot/Honeypot%20-%20Howto.pdf HTTP/1.1" 200 29200 "-" "Mozilla/5.0 (compatible; SemrushBot/1~bl; +http://www.semrush.com/bot.html)" 
192.243.55.133 - - [17/Feb/2016:02:23:57 -0800] "GET /squid/access.log.gz HTTP/1.1" 200 69725 "-" "Mozilla/5.0 (compatible; SemrushBot/1~bl; +http://www.semrush.com/bot.html)" 
192.243.55.132 - - [17/Feb/2016:02:25:56 -0800] "GET /maccdc2012/ssh.log.gz HTTP/1.1" 200 28843 "-" "Mozilla/5.0 (compatible; SemrushBot/1~bl; +http://www.semrush.com/bot.html)" 
192.243.55.136 - - [17/Feb/2016:02:27:50 -0800] "GET /maccdc2012/dhcp.log.gz HTTP/1.1" 200 29200 "-" "Mozilla/5.0 (compatible; SemrushBot/1~bl; +http://www.semrush.com/bot.html)" 
192.243.55.135 - - [17/Feb/2016:02:29:53 -0800] "GET /auth.log/auth.log.gz HTTP/1.1" 200 28843 "-" "Mozilla/5.0 (compatible; SemrushBot/1~bl; +http://www.semrush.com/bot.html)" 
192.243.55.132 - - [17/Feb/2016:02:31:49 -0800] "GET /tg/tg_snort_fast.7z HTTP/1.1" 200 64240 "-" "Mozilla/5.0 (compatible; SemrushBot/1~bl; +http://www.semrush.com/bot.html)" 
192.243.55.133 - - [17/Feb/2016:02:33:44 -0800] "GET /self.logs HTTP/1.1" 301 462 "-" "Mozilla/5.0 (compatible; SemrushBot/1~bl; +http://www.semrush.com/bot.html)" 
192.243.55.132 - - [17/Feb/2016:02:35:38 -0800] "GET /tg/tg_snort_full.7z HTTP/1.1" 200 54020 "-" "Mozilla/5.0 (compatible; SemrushBot/1~bl; +http://www.semrush.com/bot.html)" 
192.243.55.131 - - [17/Feb/2016:02:37:30 -0800] "GET /tg/c.zip HTTP/1.1" 200 48180 "-" "Mozilla/5.0 (compatible; SemrushBot/1~bl; +http://www.semrush.com/bot.html)" 
192.243.55.132 - - [17/Feb/2016:02:39:19 -0800] "GET /maccdc2012/files.log.gz HTTP/1.1" 200 28845 "-" "Mozilla/5.0 (compatible; SemrushBot/1~bl; +http://www.semrush.com/bot.html)" 
192.243.55.130 - - [17/Feb/2016:02:41:00 -0800] "GET /maccdc2012/dns.log.gz HTTP/1.1" 200 28844 "-" "Mozilla/5.0 (compatible; SemrushBot/1~bl; +http://www.semrush.com/bot.html)" 
192.243.55.133 - - [17/Feb/2016:02:42:42 -0800] "GET /self.logs/ HTTP/1.1" 200 8348 "-" "Mozilla/5.0 (compatible; SemrushBot/1~bl; +http://www.semrush.com/bot.html)" 
192.243.55.130 - - [17/Feb/2016:02:44:32 -0800] "GET /honeypot/honeypot.json.zip HTTP/1.1" 200 37109 "-" "Mozilla/5.0 (compatible; SemrushBot/1~bl; +http://www.semrush.com/bot.html)" 
192.243.55.131 - - [17/Feb/2016:02:46:08 -0800] "GET /maccdc2012/weird.log.gz HTTP/1.1" 200 28844 "-" "Mozilla/5.0 (compatible; SemrushBot/1~bl; +http://www.semrush.com/bot.html)" 
51.255.65.86 - - [17/Feb/2016:02:46:59 -0800] "GET /self.logs/error.log.2015-11-04.gz HTTP/1.1" 200 1027 "-" "Mozilla/5.0 (compatible; AhrefsBot/5.0; +http://ahrefs.com/robot/)" 
192.243.55.138 - - [17/Feb/2016:02:47:46 -0800] "GET /tg/b.zip HTTP/1.1" 200 29200 "-" "Mozilla/5.0 (compatible; SemrushBot/1~bl; +http://www.semrush.com/bot.html)" 
51.255.65.8 - - [17/Feb/2016:02:49:02 -0800] "GET /self.logs/access.log.2016-01-29.gz HTTP/1.1" 200 12829 "-" "Mozilla/5.0 (compatible; AhrefsBot/5.0; +http://ahrefs.com/robot/)" 
192.243.55.130 - - [17/Feb/2016:02:49:26 -0800] "GET /honeypot/BSidesDFW%20-%202014.ipynb HTTP/1.1" 200 29200 "-" "Mozilla/5.0 (compatible; SemrushBot/1~bl; +http://www.semrush.com/bot.html)" 
207.46.13.86 - - [17/Feb/2016:02:50:44 -0800] "GET /self.logs/error.log.2015-11-15.gz HTTP/1.1" 200 620 "-" "Mozilla/5.0 (compatible; bingbot/2.0; +http://www.bing.com/bingbot.htm)" 
192.243.55.129 - - [17/Feb/2016:02:51:03 -0800] "GET /misc/zeus_dga_domains.txt.zip HTTP/1.1" 200 66808 "-" "Mozilla/5.0 (compatible; SemrushBot/1~bl; +http://www.semrush.com/bot.html)" 
192.243.55.136 - - [17/Feb/2016:02:52:41 -0800] "GET /honeypot/Honeypot%20-%20Howto%20-%20BSides%20Austin.pdf HTTP/1.1" 200 29200 "-" "Mozilla/5.0 (compatible; SemrushBot/1~bl; +http://www.semrush.com/bot.html)" 
192.243.55.131 - - [17/Feb/2016:02:54:17 -0800] "GET /maccdc2012/smtp.log.gz HTTP/1.1" 200 6871 "-" "Mozilla/5.0 (compatible; SemrushBot/1~bl; +http://www.semrush.com/bot.html)" 
163.173.9.4 - - [17/Feb/2016:02:55:07 -0800] "GET / HTTP/1.1" 200 8553 "-" "Mozilla/5.0 (X11; Linux x86_64; rv:44.0) Gecko/20100101 Firefox/44.0" 
163.173.9.4 - - [17/Feb/2016:02:55:07 -0800] "GET /twitter-icon.png HTTP/1.1" 200 27787 "http://www.secrepo.com/" "Mozilla/5.0 (X11; Linux x86_64; rv:44.0) Gecko/20100101 Firefox/44.0" 
163.173.9.4 - - [17/Feb/2016:02:55:07 -0800] "GET /GitHub-Mark.png HTTP/1.1" 200 7428 "http://www.secrepo.com/" "Mozilla/5.0 (X11; Linux x86_64; rv:44.0) Gecko/20100101 Firefox/44.0" 
192.243.55.129 - - [17/Feb/2016:02:55:49 -0800] "GET /maccdc2012/maccdc2012_full_alert.7z HTTP/1.1" 200 29200 "-" "Mozilla/5.0 (compatible; SemrushBot/1~bl; +http://www.semrush.com/bot.html)" 
40.77.167.54 - - [17/Feb/2016:02:56:45 -0800] "GET /self.logs/access.log.2015-06-13.gz HTTP/1.1" 301 546 "-" "Mozilla/5.0 (compatible; bingbot/2.0; +http://www.bing.com/bingbot.htm)" 
192.176.1.91 - - [17/Feb/2016:03:06:30 -0800] "GET /bootstrap/img/favicon.ico HTTP/1.1" 200 590 "http://www.secrepo.com/" "Mozilla/5.0 (X11; Linux x86_64) AppleWebKit/537.36 (KHTML, like Gecko) Chrome/48.0.2564.109 Safari/537.36" 
110.84.31.229 - - [17/Feb/2016:03:16:31 -0800] "GET /honeypot/Honeypot HTTP/1.1" 404 340 "-" "Mozilla/5.0 (Windows NT 6.1; Trident/7.0; rv:11.0) like Gecko" 
77.75.79.101 - - [17/Feb/2016:03:22:21 -0800] "GET /robots.txt HTTP/1.1" 200 334 "-" "Mozilla/5.0 (compatible; SeznamBot/3.2; +http://fulltext.sblog.cz/)" 
77.75.79.101 - - [17/Feb/2016:03:22:22 -0800] "GET /auth.log/auth.log.gz HTTP/1.1" 200 554524 "-" "Mozilla/5.0 (compatible; SeznamBot/3.2; +http://fulltext.sblog.cz/)" 
51.255.65.68 - - [17/Feb/2016:03:30:06 -0800] "GET /self.logs/access.log.2015-05-02.gz HTTP/1.1" 200 4107 "-" "Mozilla/5.0 (compatible; AhrefsBot/5.0; +http://ahrefs.com/robot/)" 
212.98.207.134 - - [17/Feb/2016:03:31:09 -0800] "GET /bootstrap/img/favicon.ico HTTP/1.1" 200 590 "-" "Mozilla/5.0 (Windows NT 10.0; WOW64; rv:44.0) Gecko/20100101 Firefox/44.0" 
37.110.107.167 - - [17/Feb/2016:03:35:33 -0800] "GET /honeypot/Honeypot%20-%20Howto.pdf HTTP/1.1" 200 1279381 "http://yandex.ru/clck/jsredir?from=yandex.ru%3Bsearch%3Bweb%3B%3B&text=&etext=967.KKkXKCsxo8syHXzUQEKhz-OQERItPe77Nea3ajxs3K835ymq4MCazF1-YcNRlWdn.ed38cae2d8f3d6113be278adb844789d66abce18&uuid=&state=AiuY0DBWFJ4ePaEse6rgeAjgs2pI3DW9J0KiE5XNXd0dp0ZMwFHoviUoYa6nzP7MFsomsouu4qdCZINtRWwHVhCKeww30gi2OqQISuO2WW6NCamcFUeVQwl4V9_EEKxqchLOm57gW7B3CpOR9UeL0OzO9XSGhIPIOcN7DAvB2uv37qodkK9FM_wHOBnKLokO80_rBwQ8q-Zw762r7wrWVA&data=UlNrNmk5WktYejR0eWJFYk1LdmtxdFVvX2JPZzkyaEU2WFNsdVNGUmVZbHU3ZjQwYnJsWFQ4SC1qOC1WSk9yZmJ4bUd1UXFUUkg4TEZjWmVfMTJOSGdGWmYxM3NoVTBFWEF4d0ZVMFhHdFhOeHl6VUVHZ1J2UGRYUmZQczhEWmhtLTFLV2hneDlGVjB5djl0X1RqSzNn&b64e=2&sign=b388f41914069e78e146cb8cfee18617&keyno=0&l10n=ru&cts=1455708397989&mc=2.85053133543" "Mozilla/5.0 (Windows NT 6.1; WOW64; Trident/7.0; rv:11.0) like Gecko" 
37.204.40.84 - - [17/Feb/2016:03:37:13 -0800] "GET /honeypot/BSidesDFW%20-%202014.ipynb HTTP/1.1" 200 930799 "http://yandex.ru/clck/jsredir?from=yandex.ru%3Bsearch%3Bweb%3B%3B&text=&etext=967.KqbdTqLodgLWwwgYCTSIIbRPmjz4tYCN2zAtp6wSb-Xv5bWLXqavqs2kdjwC0AJf.be14c0abf43a45e19d52c4c7fe6e3f91e1f4ecc5&uuid=&state=AiuY0DBWFJ4ePaEse6rgeAjgs2pI3DW9J0KiE5XNXd0dp0ZMwFHoviUoYa6nzP7MSi3gOS8hVmL1qGkoyUqv81tvQP6M3UzJzMyODkJizDI1NER5r1HsMrIB741mXkA7yBpe_cvSxWduhocshD4w3qU4rRnZF1k2v8UUR9NZP3Dfkc-Z_IKoU16I4uiwYxkG-kRgV9z-FQNpVsPgmroK0w&data=UlNrNmk5WktYejR0eWJFYk1LdmtxdFVvX2JPZzkyaEU2WFNsdVNGUmVZbHU3ZjQwYnJsWFQzaTk3eklSTnotZ1h4SW1DUmpSY1JVWlAxT212aTdGbmljek9uMzIxTElNRnUyZGR2aTVBa0tPblVna2FFY2RWV3dGcG94YklYMGJYN1doZkhvMko0WkF2TVdGakxHY1hfYzJQNmFpbzRCWQ&b64e=2&sign=db62d7b254ba99b691a7e5b2381b263d&keyno=0&l10n=ru&cts=1455708340713&mc=1.7302602683" "Mozilla/5.0 (Windows NT 6.1; WOW64) AppleWebKit/537.36 (KHTML, like Gecko) Chrome/31.0.1650.63 Safari/537.36" 
51.255.65.78 - - [17/Feb/2016:03:39:45 -0800] "GET /self.logs/access.log.2016-01-13.gz HTTP/1.1" 200 6496 "-" "Mozilla/5.0 (compatible; AhrefsBot/5.0; +http://ahrefs.com/robot/)" 
207.46.13.94 - - [17/Feb/2016:04:03:37 -0800] "GET /self.logs/access.log.2015-04-12.gz HTTP/1.1" 301 545 "-" "Mozilla/5.0 (compatible; bingbot/2.0; +http://www.bing.com/bingbot.htm)" 
204.101.161.159 - - [17/Feb/2016:04:12:19 -0800] "GET / HTTP/1.1" 200 8553 "-" "Mozilla/5.0 (Windows; U; MSIE 6.0; Windows NT 5.1; SV1; .NET CLR 2.0.50727)" 
204.101.161.159 - - [17/Feb/2016:04:12:19 -0800] "GET /twitter-icon.png HTTP/1.1" 200 27787 "-" "Mozilla/5.0 (Windows; U; MSIE 6.0; Windows NT 5.1; SV1; .NET CLR 2.0.50727)" 
204.101.161.159 - - [17/Feb/2016:04:12:19 -0800] "GET /GitHub-Mark.png HTTP/1.1" 200 7428 "-" "Mozilla/5.0 (Windows; U; MSIE 6.0; Windows NT 5.1; SV1; .NET CLR 2.0.50727)" 
207.46.13.55 - - [17/Feb/2016:04:16:55 -0800] "GET /honeypot/Honeypot%20-%20Howto.pdf HTTP/1.1" 200 1279418 "-" "Mozilla/5.0 (iPhone; CPU iPhone OS 7_0 like Mac OS X) AppleWebKit/537.51.1 (KHTML, like Gecko) Version/7.0 Mobile/11A465 Safari/9537.53 (compatible; bingbot/2.0;  http://www.bing.com/bingbot.htm)" 
51.255.65.43 - - [17/Feb/2016:04:17:24 -0800] "GET /self.logs/access.log.2015-09-29.gz HTTP/1.1" 200 5260 "-" "Mozilla/5.0 (compatible; AhrefsBot/5.0; +http://ahrefs.com/robot/)" 
51.255.65.48 - - [17/Feb/2016:04:30:10 -0800] "GET /self.logs/access.log.2015-09-12.gz HTTP/1.1" 200 4035 "-" "Mozilla/5.0 (compatible; AhrefsBot/5.0; +http://ahrefs.com/robot/)" 
111.14.40.151 - - [17/Feb/2016:04:36:54 -0800] "GET /honeypot/Honeypot%20-%20Howto%20-%20BSides%20Austin.pdf HTTP/1.0" 200 570860 "http://www.secrepo.com/" "Mozilla/5.0 (Windows NT 6.1; WOW64; rv:35.0) Gecko/20100101 Firefox/35.0" 
208.115.113.86 - - [17/Feb/2016:04:44:03 -0800] "GET /robots.txt HTTP/1.1" 200 233 "-" "Mozilla/5.0 (compatible; DotBot/1.1; http://www.opensiteexplorer.org/dotbot, help@moz.com)" 
129.21.73.31 - - [17/Feb/2016:04:52:17 -0800] "GET / HTTP/1.1" 200 8553 "-" "Mozilla/5.0 (Macintosh; Intel Mac OS X 10_11_3) AppleWebKit/601.4.4 (KHTML, like Gecko)" 
129.21.73.31 - - [17/Feb/2016:04:52:17 -0800] "GET /apple-touch-icon-precomposed.png HTTP/1.1" 404 340 "-" "Safari/11601.4.4 CFNetwork/760.2.6 Darwin/15.3.0 (x86_64)" 
129.21.73.31 - - [17/Feb/2016:04:52:17 -0800] "GET /apple-touch-icon.png HTTP/1.1" 404 339 "-" "Safari/11601.4.4 CFNetwork/760.2.6 Darwin/15.3.0 (x86_64)" 
129.21.73.31 - - [17/Feb/2016:04:52:17 -0800] "GET /apple-touch-icon-precomposed.png HTTP/1.1" 404 339 "-" "Safari/11601.4.4 CFNetwork/760.2.6 Darwin/15.3.0 (x86_64)" 
129.21.73.31 - - [17/Feb/2016:04:52:17 -0800] "GET /apple-touch-icon.png HTTP/1.1" 404 339 "-" "Safari/11601.4.4 CFNetwork/760.2.6 Darwin/15.3.0 (x86_64)" 
40.77.167.54 - - [17/Feb/2016:04:53:32 -0800] "GET /self.logs/error.log.2015-12-15.gz HTTP/1.1" 200 769 "-" "Mozilla/5.0 (compatible; bingbot/2.0; +http://www.bing.com/bingbot.htm)" 
220.181.108.159 - - [17/Feb/2016:04:57:05 -0800] "GET / HTTP/1.1" 301 446 "-" "Mozilla/5.0 (Windows NT 5.1; rv:6.0.2) Gecko/20100101 Firefox/6.0.2" 
220.181.108.141 - - [17/Feb/2016:04:57:09 -0800] "GET / HTTP/1.1" 200 8516 "-" "Mozilla/5.0 (Windows NT 5.1; rv:6.0.2) Gecko/20100101 Firefox/6.0.2" 
220.181.108.143 - - [17/Feb/2016:04:57:11 -0800] "GET / HTTP/1.1" 200 21900 "-" "Mozilla/5.0 (Windows NT 5.1; rv:6.0.2) Gecko/20100101 Firefox/6.0.2" 
207.46.13.86 - - [17/Feb/2016:05:04:08 -0800] "GET /self.logs/error.log.2015-04-01.gz HTTP/1.1" 301 544 "-" "Mozilla/5.0 (compatible; bingbot/2.0; +http://www.bing.com/bingbot.htm)" 
51.255.65.16 - - [17/Feb/2016:05:05:46 -0800] "GET /self.logs/access.log.2015-11-12.gz HTTP/1.1" 200 6055 "-" "Mozilla/5.0 (compatible; AhrefsBot/5.0; +http://ahrefs.com/robot/)" 
46.223.7.192 - - [17/Feb/2016:05:15:35 -0800] "GET /honeypot/ HTTP/1.1" 200 674 "-" "Mozilla/5.0 (Windows NT 10.0; WOW64) AppleWebKit/537.36 (KHTML, like Gecko) Chrome/48.0.2564.109 Safari/537.36" 
46.223.7.192 - - [17/Feb/2016:05:15:36 -0800] "GET /favicon.ico HTTP/1.1" 200 267 "http://www.secrepo.com/honeypot/" "Mozilla/5.0 (Windows NT 10.0; WOW64) AppleWebKit/537.36 (KHTML, like Gecko) Chrome/48.0.2564.109 Safari/537.36" 
180.76.15.15 - - [17/Feb/2016:05:26:28 -0800] "GET / HTTP/1.1" 200 21900 "-" "Mozilla/5.0 (compatible; Baiduspider/2.0; +http://www.baidu.com/search/spider.html)" 
180.76.15.15 - - [17/Feb/2016:05:26:59 -0800] "GET / HTTP/1.1" 200 21900 "-" "Mozilla/5.0 (compatible; Baiduspider/2.0; +http://www.baidu.com/search/spider.html)" 
179.221.110.195 - - [17/Feb/2016:05:41:59 -0800] "GET / HTTP/1.1" 301 483 "http://disqus.com/embed/comments/?base=default&version=53b9c10388f784fd4079c153789a74db&f=oskarhane&t_u=http%3A%2F%2Foskarhane.com%2Fdebian-see-all-failed-ssh-login-attempts%2F&t_d=Debian%20-%20See%20all%20failed%20SSH%20login%20attempts&t_t=Debian%20-%20See%20all%20failed%20SSH%20login%20attempts&s_o=default" "Mozilla/5.0 (Windows NT 6.2) AppleWebKit/537.36 (KHTML, like Gecko) Chrome/48.0.2564.109 Safari/537.36" 
179.221.110.195 - - [17/Feb/2016:05:41:59 -0800] "GET / HTTP/1.1" 200 8553 "http://disqus.com/embed/comments/?base=default&version=53b9c10388f784fd4079c153789a74db&f=oskarhane&t_u=http%3A%2F%2Foskarhane.com%2Fdebian-see-all-failed-ssh-login-attempts%2F&t_d=Debian%20-%20See%20all%20failed%20SSH%20login%20attempts&t_t=Debian%20-%20See%20all%20failed%20SSH%20login%20attempts&s_o=default" "Mozilla/5.0 (Windows NT 6.2) AppleWebKit/537.36 (KHTML, like Gecko) Chrome/48.0.2564.109 Safari/537.36" 
179.221.110.195 - - [17/Feb/2016:05:42:00 -0800] "GET /twitter-icon.png HTTP/1.1" 200 27787 "http://www.secrepo.com/" "Mozilla/5.0 (Windows NT 6.2) AppleWebKit/537.36 (KHTML, like Gecko) Chrome/48.0.2564.109 Safari/537.36" 
179.221.110.195 - - [17/Feb/2016:05:42:00 -0800] "GET /GitHub-Mark.png HTTP/1.1" 200 7428 "http://www.secrepo.com/" "Mozilla/5.0 (Windows NT 6.2) AppleWebKit/537.36 (KHTML, like Gecko) Chrome/48.0.2564.109 Safari/537.36" 
179.221.110.195 - - [17/Feb/2016:05:42:01 -0800] "GET /bootstrap/img/favicon.ico HTTP/1.1" 200 589 "http://www.secrepo.com/" "Mozilla/5.0 (Windows NT 6.2) AppleWebKit/537.36 (KHTML, like Gecko) Chrome/48.0.2564.109 Safari/537.36" 
46.118.155.237 - - [17/Feb/2016:05:52:53 -0800] "GET /honeypot/ HTTP/1.1" 200 1077 "http://arate.ru/" "Mozilla/4.0 (compatible; MSIE 6.0; Windows 98; Win 9x 4.90; Creative)" 
46.118.155.237 - - [17/Feb/2016:05:52:53 -0800] "GET /honeypot/ HTTP/1.1" 200 1077 "http://jm-aj.com/" "Mozilla/4.0 (compatible; MSIE 6.0; Windows 98; Win 9x 4.90; Creative)" 
46.118.155.237 - - [17/Feb/2016:05:52:53 -0800] "GET /honeypot/ HTTP/1.1" 200 1077 "http://arate.ru/" "Mozilla/4.0 (compatible; MSIE 6.0; Windows 98; Win 9x 4.90; Creative)" 
46.118.155.237 - - [17/Feb/2016:05:52:54 -0800] "GET /honeypot/ HTTP/1.1" 200 1077 "http://arate.ru/" "Mozilla/4.0 (compatible; MSIE 6.0; Windows 98; Win 9x 4.90; Creative)" 
46.118.155.237 - - [17/Feb/2016:05:52:55 -0800] "GET /honeypot/ HTTP/1.1" 200 1077 "http://jm-aj.com/" "Mozilla/4.0 (compatible; MSIE 6.0; Windows 98; Win 9x 4.90; Creative)" 
46.118.155.237 - - [17/Feb/2016:05:52:55 -0800] "GET /honeypot/ HTTP/1.1" 200 1077 "http://jm-aj.com/" "Mozilla/4.0 (compatible; MSIE 6.0; Windows 98; Win 9x 4.90; Creative)" 
108.51.82.196 - - [17/Feb/2016:05:53:21 -0800] "GET / HTTP/1.1" 200 8553 "http://www.mlsecproject.org/" "Mozilla/5.0 (Macintosh; Intel Mac OS X 10_11_3) AppleWebKit/537.36 (KHTML, like Gecko) Chrome/48.0.2564.103 Safari/537.36" 
108.51.82.196 - - [17/Feb/2016:05:53:21 -0800] "GET /twitter-icon.png HTTP/1.1" 200 27787 "http://www.secrepo.com/" "Mozilla/5.0 (Macintosh; Intel Mac OS X 10_11_3) AppleWebKit/537.36 (KHTML, like Gecko) Chrome/48.0.2564.103 Safari/537.36" 
108.51.82.196 - - [17/Feb/2016:05:53:21 -0800] "GET /GitHub-Mark.png HTTP/1.1" 200 7428 "http://www.secrepo.com/" "Mozilla/5.0 (Macintosh; Intel Mac OS X 10_11_3) AppleWebKit/537.36 (KHTML, like Gecko) Chrome/48.0.2564.103 Safari/537.36" 
108.51.82.196 - - [17/Feb/2016:05:53:21 -0800] "GET /bootstrap/img/favicon.ico HTTP/1.1" 200 589 "http://www.secrepo.com/" "Mozilla/5.0 (Macintosh; Intel Mac OS X 10_11_3) AppleWebKit/537.36 (KHTML, like Gecko) Chrome/48.0.2564.103 Safari/537.36" 
208.115.113.86 - - [17/Feb/2016:05:55:47 -0800] "GET /self.logs/?C=M;O=A HTTP/1.1" 200 76034 "-" "Mozilla/5.0 (compatible; DotBot/1.1; http://www.opensiteexplorer.org/dotbot, help@moz.com)" 
207.46.13.86 - - [17/Feb/2016:06:02:02 -0800] "GET /self.logs/error.log.2015-11-15.gz HTTP/1.1" 200 620 "-" "Mozilla/5.0 (compatible; bingbot/2.0; +http://www.bing.com/bingbot.htm)" 
40.77.167.54 - - [17/Feb/2016:06:03:23 -0800] "GET /self.logs/access.log.2015-12-24.gz HTTP/1.1" 200 5410 "-" "Mozilla/5.0 (compatible; bingbot/2.0; +http://www.bing.com/bingbot.htm)" 
83.26.202.185 - - [17/Feb/2016:06:07:08 -0800] "GET / HTTP/1.1" 200 8553 "http://www.mlsecproject.org/" "Mozilla/5.0 (Windows NT 10.0; WOW64) AppleWebKit/537.36 (KHTML, like Gecko) Chrome/48.0.2564.109 Safari/537.36" 
83.26.202.185 - - [17/Feb/2016:06:07:09 -0800] "GET /twitter-icon.png HTTP/1.1" 200 27787 "http://www.secrepo.com/" "Mozilla/5.0 (Windows NT 10.0; WOW64) AppleWebKit/537.36 (KHTML, like Gecko) Chrome/48.0.2564.109 Safari/537.36" 
83.26.202.185 - - [17/Feb/2016:06:07:09 -0800] "GET /GitHub-Mark.png HTTP/1.1" 200 7427 "http://www.secrepo.com/" "Mozilla/5.0 (Windows NT 10.0; WOW64) AppleWebKit/537.36 (KHTML, like Gecko) Chrome/48.0.2564.109 Safari/537.36" 
83.26.202.185 - - [17/Feb/2016:06:07:10 -0800] "GET /bootstrap/img/favicon.ico HTTP/1.1" 200 589 "http://www.secrepo.com/" "Mozilla/5.0 (Windows NT 10.0; WOW64) AppleWebKit/537.36 (KHTML, like Gecko) Chrome/48.0.2564.109 Safari/537.36" 
86.157.163.249 - - [17/Feb/2016:06:14:30 -0800] "GET / HTTP/1.1" 200 8553 "-" "Mozilla/5.0 (Macintosh; Intel Mac OS X 10_11) AppleWebKit/601.1.56 (KHTML, like Gecko) Version/9.0 Safari/601.1.56" 
86.157.163.249 - - [17/Feb/2016:06:14:30 -0800] "GET /twitter-icon.png HTTP/1.1" 200 27787 "http://www.secrepo.com/" "Mozilla/5.0 (Macintosh; Intel Mac OS X 10_11) AppleWebKit/601.1.56 (KHTML, like Gecko) Version/9.0 Safari/601.1.56" 
86.157.163.249 - - [17/Feb/2016:06:14:31 -0800] "GET /GitHub-Mark.png HTTP/1.1" 200 7428 "http://www.secrepo.com/" "Mozilla/5.0 (Macintosh; Intel Mac OS X 10_11) AppleWebKit/601.1.56 (KHTML, like Gecko) Version/9.0 Safari/601.1.56" 
86.157.163.249 - - [17/Feb/2016:06:14:32 -0800] "GET /bootstrap/img/favicon.ico HTTP/1.1" 200 590 "http://www.secrepo.com/" "Mozilla/5.0 (Macintosh; Intel Mac OS X 10_11) AppleWebKit/601.1.56 (KHTML, like Gecko) Version/9.0 Safari/601.1.56" 
86.157.163.249 - - [17/Feb/2016:06:14:52 -0800] "GET / HTTP/1.1" 200 8553 "-" "Mozilla/5.0 (iPhone; CPU iPhone OS 9_3 like Mac OS X) AppleWebKit/601.1.46 (KHTML, like Gecko) Version/9.0 Mobile/13E5200d Safari/601.1" 
86.157.163.249 - - [17/Feb/2016:06:14:52 -0800] "GET /twitter-icon.png HTTP/1.1" 200 27787 "http://www.secrepo.com/" "Mozilla/5.0 (iPhone; CPU iPhone OS 9_3 like Mac OS X) AppleWebKit/601.1.46 (KHTML, like Gecko) Version/9.0 Mobile/13E5200d Safari/601.1" 
86.157.163.249 - - [17/Feb/2016:06:14:52 -0800] "GET /GitHub-Mark.png HTTP/1.1" 200 7428 "http://www.secrepo.com/" "Mozilla/5.0 (iPhone; CPU iPhone OS 9_3 like Mac OS X) AppleWebKit/601.1.46 (KHTML, like Gecko) Version/9.0 Mobile/13E5200d Safari/601.1" 
40.77.167.54 - - [17/Feb/2016:06:15:17 -0800] "GET /self.logs/error.log.2015-11-22.gz HTTP/1.1" 200 1000 "-" "Mozilla/5.0 (compatible; bingbot/2.0; +http://www.bing.com/bingbot.htm)" 
86.157.163.249 - - [17/Feb/2016:06:16:22 -0800] "GET /honeypot/Honeypot%20-%20Howto.pdf HTTP/1.1" 200 1279418 "http://www.secrepo.com/" "Mozilla/5.0 (Macintosh; Intel Mac OS X 10_11) AppleWebKit/601.1.56 (KHTML, like Gecko) Version/9.0 Safari/601.1.56" 
86.157.163.249 - - [17/Feb/2016:06:16:25 -0800] "GET /honeypot/Honeypot%20-%20Howto%20-%20BSides%20Austin.pdf HTTP/1.1" 200 2928459 "http://www.secrepo.com/#misc" "Mozilla/5.0 (Macintosh; Intel Mac OS X 10_11) AppleWebKit/601.1.56 (KHTML, like Gecko) Version/9.0 Safari/601.1.56" 
178.150.15.226 - - [17/Feb/2016:06:20:55 -0800] "GET /honeypot/BSidesDFW20-202014.ipynb HTTP/1.0" 404 284 "http://www.secrepo.com/honeypot/BSidesDFW20-202014.ipynb" "Mozilla/5.0 (Windows NT 6.3; WOW64; rv:36.0) Gecko/20100101 Firefox/36.0" 
178.150.15.226 - - [17/Feb/2016:06:20:55 -0800] "GET / HTTP/1.0" 200 27892 "http://www.secrepo.com/" "Mozilla/5.0 (Windows NT 6.3; WOW64; rv:36.0) Gecko/20100101 Firefox/36.0" 
220.70.2.27 - - [17/Feb/2016:06:30:45 -0800] "GET / HTTP/1.1" 200 8553 "-" "Mozilla/5.0 (Windows NT 6.1; WOW64; rv:44.0) Gecko/20100101 Firefox/44.0" 
220.70.2.27 - - [17/Feb/2016:06:30:45 -0800] "GET /bootstrap/img/favicon.ico HTTP/1.1" 200 589 "-" "Mozilla/5.0 (Windows NT 6.1; WOW64; rv:44.0) Gecko/20100101 Firefox/44.0" 
220.70.2.27 - - [17/Feb/2016:06:30:46 -0800] "GET /GitHub-Mark.png HTTP/1.1" 200 7428 "http://www.secrepo.com/" "Mozilla/5.0 (Windows NT 6.1; WOW64; rv:44.0) Gecko/20100101 Firefox/44.0" 
220.70.2.27 - - [17/Feb/2016:06:30:46 -0800] "GET /twitter-icon.png HTTP/1.1" 200 27787 "http://www.secrepo.com/" "Mozilla/5.0 (Windows NT 6.1; WOW64; rv:44.0) Gecko/20100101 Firefox/44.0" 
40.77.167.54 - - [17/Feb/2016:06:31:06 -0800] "GET /self.logs/error.log.2015-05-06.gz HTTP/1.1" 301 544 "-" "Mozilla/5.0 (compatible; bingbot/2.0; +http://www.bing.com/bingbot.htm)" 
157.55.39.244 - - [17/Feb/2016:06:37:24 -0800] "GET /self.logs/error.log.2015-10-05.gz HTTP/1.1" 200 643 "-" "Mozilla/5.0 (compatible; bingbot/2.0; +http://www.bing.com/bingbot.htm)" 
180.76.15.153 - - [17/Feb/2016:06:59:46 -0800] "GET /self.logs/ HTTP/1.1" 200 8364 "-" "Mozilla/5.0 (compatible; Baiduspider/2.0; +http://www.baidu.com/search/spider.html)" 
146.20.68.17 - - [17/Feb/2016:07:13:26 -0800] "GET /robots.txt HTTP/1.1" 301 446 "-" "Tornado-Async-Client" 
146.20.68.17 - - [17/Feb/2016:07:13:26 -0800] "GET /robots.txt HTTP/1.1" 200 304 "-" "Tornado-Async-Client" 
146.20.68.17 - - [17/Feb/2016:07:13:26 -0800] "GET /honeypot/BSidesDFW%20-%202014.ipynb HTTP/1.1" 301 484 "-" "Tornado-Async-Client" 
146.20.68.17 - - [17/Feb/2016:07:13:26 -0800] "GET /honeypot/BSidesDFW%20-%202014.ipynb HTTP/1.1" 200 930780 "-" "Tornado-Async-Client" 
207.46.13.94 - - [17/Feb/2016:07:15:03 -0800] "GET /self.logs/error.log.2015-08-25.gz HTTP/1.1" 301 545 "-" "Mozilla/5.0 (compatible; bingbot/2.0; +http://www.bing.com/bingbot.htm)" 
207.46.13.94 - - [17/Feb/2016:07:27:56 -0800] "GET /self.logs/access.log.2015-11-29.gz HTTP/1.1" 200 5520 "-" "Mozilla/5.0 (compatible; bingbot/2.0; +http://www.bing.com/bingbot.htm)" 
212.249.203.66 - - [17/Feb/2016:07:35:24 -0800] "GET / HTTP/1.1" 200 8553 "-" "Mozilla/5.0 (Macintosh; Intel Mac OS X 10_11_3) AppleWebKit/601.4.4 (KHTML, like Gecko) Version/9.0.3 Safari/601.4.4" 
212.249.203.66 - - [17/Feb/2016:07:35:24 -0800] "GET /twitter-icon.png HTTP/1.1" 200 27787 "http://www.secrepo.com/" "Mozilla/5.0 (Macintosh; Intel Mac OS X 10_11_3) AppleWebKit/601.4.4 (KHTML, like Gecko) Version/9.0.3 Safari/601.4.4" 
212.249.203.66 - - [17/Feb/2016:07:35:25 -0800] "GET /bootstrap/img/favicon.ico HTTP/1.1" 200 589 "http://www.secrepo.com/" "Mozilla/5.0 (Macintosh; Intel Mac OS X 10_11_3) AppleWebKit/601.4.4 (KHTML, like Gecko) Version/9.0.3 Safari/601.4.4" 
157.55.39.244 - - [17/Feb/2016:07:37:07 -0800] "GET /self.logs/error.log.2015-12-16.gz HTTP/1.1" 200 682 "-" "Mozilla/5.0 (compatible; bingbot/2.0; +http://www.bing.com/bingbot.htm)" 
40.77.167.54 - - [17/Feb/2016:07:48:44 -0800] "GET /self.logs/access.log.2015-09-17.gz HTTP/1.1" 301 546 "-" "Mozilla/5.0 (compatible; bingbot/2.0; +http://www.bing.com/bingbot.htm)" 
157.55.39.244 - - [17/Feb/2016:07:49:02 -0800] "GET /self.logs/error.log.2015-04-21.gz HTTP/1.1" 301 544 "-" "Mozilla/5.0 (compatible; bingbot/2.0; +http://www.bing.com/bingbot.htm)" 
54.183.21.203 - - [17/Feb/2016:07:54:31 -0800] "HEAD / HTTP/1.1" 301 246 "-" "Mozilla/5.0" 
54.183.21.203 - - [17/Feb/2016:07:54:31 -0800] "HEAD / HTTP/1.1" 200 295 "-" "Mozilla/5.0" 
153.104.62.175 - - [17/Feb/2016:08:15:55 -0800] "GET /favicon.ico HTTP/1.1" 200 268 "http://www.secrepo.com/honeypot/Honeypot%20-%20Howto.pdf" "Mozilla/5.0 (Macintosh; Intel Mac OS X 10_10_5) AppleWebKit/537.36 (KHTML, like Gecko) Chrome/48.0.2564.109 Safari/537.36" 
153.104.62.175 - - [17/Feb/2016:08:15:56 -0800] "GET /honeypot/Honeypot%20-%20Howto.pdf HTTP/1.1" 206 33099 "http://www.secrepo.com/honeypot/Honeypot%20-%20Howto.pdf" "Mozilla/5.0 (Macintosh; Intel Mac OS X 10_10_5) AppleWebKit/537.36 (KHTML, like Gecko) Chrome/48.0.2564.109 Safari/537.36" 
153.104.62.175 - - [17/Feb/2016:08:15:54 -0800] "GET /honeypot/Honeypot%20-%20Howto.pdf HTTP/1.1" 200 78840 "https://www.google.com/" "Mozilla/5.0 (Macintosh; Intel Mac OS X 10_10_5) AppleWebKit/537.36 (KHTML, like Gecko) Chrome/48.0.2564.109 Safari/537.36" 
153.104.62.175 - - [17/Feb/2016:08:16:01 -0800] "GET /honeypot/Honeypot%20-%20Howto.pdf HTTP/1.1" 206 1246707 "http://www.secrepo.com/honeypot/Honeypot%20-%20Howto.pdf" "Mozilla/5.0 (Macintosh; Intel Mac OS X 10_10_5) AppleWebKit/537.36 (KHTML, like Gecko) Chrome/48.0.2564.109 Safari/537.36" 
54.67.41.243 - - [17/Feb/2016:08:17:48 -0800] "GET / HTTP/1.1" 200 27903 "-" "Mozilla/5.0" 
199.16.156.125 - - [17/Feb/2016:08:27:22 -0800] "GET /robots.txt HTTP/1.1" 301 446 "-" "Twitterbot/1.0" 
199.16.156.125 - - [17/Feb/2016:08:27:22 -0800] "GET / HTTP/1.1" 301 427 "-" "Twitterbot/1.0" 
199.59.148.209 - - [17/Feb/2016:08:27:22 -0800] "GET /robots.txt HTTP/1.1" 301 446 "-" "Twitterbot/1.0" 
199.59.148.209 - - [17/Feb/2016:08:27:22 -0800] "GET / HTTP/1.1" 301 427 "-" "Twitterbot/1.0" 
199.16.156.124 - - [17/Feb/2016:08:27:22 -0800] "GET /robots.txt HTTP/1.1" 200 304 "-" "Twitterbot/1.0" 
199.16.156.124 - - [17/Feb/2016:08:27:22 -0800] "GET / HTTP/1.1" 200 8497 "-" "Twitterbot/1.0" 
199.59.148.209 - - [17/Feb/2016:08:27:23 -0800] "GET /robots.txt HTTP/1.1" 200 304 "-" "Twitterbot/1.0" 
199.59.148.209 - - [17/Feb/2016:08:27:23 -0800] "GET / HTTP/1.1" 200 8497 "-" "Twitterbot/1.0" 
92.40.249.82 - - [17/Feb/2016:08:34:11 -0800] "GET / HTTP/1.1" 200 8553 "-" "Mozilla/5.0 (iPhone; CPU iPhone OS 9_2_1 like Mac OS X) AppleWebKit/601.1.46 (KHTML, like Gecko) Version/9.0 Mobile/13D15 Safari/601.1" 
92.40.249.82 - - [17/Feb/2016:08:34:11 -0800] "GET /twitter-icon.png HTTP/1.1" 200 27787 "http://www.secrepo.com/" "Mozilla/5.0 (iPhone; CPU iPhone OS 9_2_1 like Mac OS X) AppleWebKit/601.1.46 (KHTML, like Gecko) Version/9.0 Mobile/13D15 Safari/601.1" 
92.40.249.82 - - [17/Feb/2016:08:34:12 -0800] "GET /GitHub-Mark.png HTTP/1.1" 200 7428 "http://www.secrepo.com/" "Mozilla/5.0 (iPhone; CPU iPhone OS 9_2_1 like Mac OS X) AppleWebKit/601.1.46 (KHTML, like Gecko) Version/9.0 Mobile/13D15 Safari/601.1" 
180.76.15.155 - - [17/Feb/2016:08:34:47 -0800] "GET /honeypot/BSidesDFW%20-%202014.ipynb HTTP/1.1" 200 930799 "-" "Mozilla/5.0 (compatible; Baiduspider/2.0; +http://www.baidu.com/search/spider.html)" 
65.96.133.53 - - [17/Feb/2016:08:35:50 -0800] "HEAD / HTTP/1.1" 200 295 "-" "Java/1.7.0_95" 
69.30.213.82 - - [17/Feb/2016:08:38:03 -0800] "GET /robots.txt HTTP/1.0" 200 252 "-" "Mozilla/5.0 (compatible; MJ12bot/v1.4.5; http://www.majestic12.co.uk/bot.php?+)" 
69.30.213.82 - - [17/Feb/2016:08:38:05 -0800] "GET /honeypot//%22http://amunhoney.sourceforge.net//%22 HTTP/1.0" 404 284 "-" "Mozilla/5.0 (compatible; MJ12bot/v1.4.5; http://www.majestic12.co.uk/bot.php?+)" 
69.30.213.82 - - [17/Feb/2016:08:38:06 -0800] "GET /honeypot//%22http://glastopf.org//%22 HTTP/1.0" 404 303 "-" "Mozilla/5.0 (compatible; MJ12bot/v1.4.5; http://www.majestic12.co.uk/bot.php?+)" 
69.30.213.82 - - [17/Feb/2016:08:38:08 -0800] "GET /honeypot//%22http://www.maxmind.com/%22 HTTP/1.0" 404 303 "-" "Mozilla/5.0 (compatible; MJ12bot/v1.4.5; http://www.majestic12.co.uk/bot.php?+)" 
69.30.213.82 - - [17/Feb/2016:08:38:09 -0800] "GET /honeypot//%22https://twitter.com/sooshie/%22 HTTP/1.0" 404 303 "-" "Mozilla/5.0 (compatible; MJ12bot/v1.4.5; http://www.majestic12.co.uk/bot.php?+)" 
69.30.213.82 - - [17/Feb/2016:08:38:10 -0800] "GET /honeypot//%22https://twitter.com/theroxyd/%22 HTTP/1.0" 404 303 "-" "Mozilla/5.0 (compatible; MJ12bot/v1.4.5; http://www.majestic12.co.uk/bot.php?+)" 
216.118.190.9 - - [17/Feb/2016:09:05:00 -0800] "GET / HTTP/1.1" 200 8553 "https://www.google.com/" "Mozilla/5.0 (Windows NT 6.1; WOW64) AppleWebKit/537.36 (KHTML, like Gecko) Chrome/48.0.2564.97 Safari/537.36" 
216.118.190.9 - - [17/Feb/2016:09:05:00 -0800] "GET /twitter-icon.png HTTP/1.1" 200 27787 "http://www.secrepo.com/" "Mozilla/5.0 (Windows NT 6.1; WOW64) AppleWebKit/537.36 (KHTML, like Gecko) Chrome/48.0.2564.97 Safari/537.36" 
216.118.190.9 - - [17/Feb/2016:09:05:00 -0800] "GET /GitHub-Mark.png HTTP/1.1" 200 7428 "http://www.secrepo.com/" "Mozilla/5.0 (Windows NT 6.1; WOW64) AppleWebKit/537.36 (KHTML, like Gecko) Chrome/48.0.2564.97 Safari/537.36" 
216.118.190.9 - - [17/Feb/2016:09:05:01 -0800] "GET /bootstrap/img/favicon.ico HTTP/1.1" 200 589 "http://www.secrepo.com/" "Mozilla/5.0 (Windows NT 6.1; WOW64) AppleWebKit/537.36 (KHTML, like Gecko) Chrome/48.0.2564.97 Safari/537.36" 
54.183.170.144 - - [17/Feb/2016:09:18:50 -0800] "GET / HTTP/1.1" 200 27903 "-" "Mozilla/5.0" 
157.55.39.244 - - [17/Feb/2016:09:32:51 -0800] "GET /self.logs/access.log.2015-12-15.gz HTTP/1.1" 200 8892 "-" "Mozilla/5.0 (compatible; bingbot/2.0; +http://www.bing.com/bingbot.htm)" 
67.196.55.33 - - [17/Feb/2016:09:41:23 -0800] "GET / HTTP/1.1" 200 8497 "-" "Mozilla/5.0 (X11; Linux i686) AppleWebKit/537.36 (KHTML, like Gecko) Chrome/30.0.1599.66 Safari/537.36" 
157.55.39.244 - - [17/Feb/2016:09:49:28 -0800] "GET / HTTP/1.1" 200 8553 "-" "Mozilla/5.0 (compatible; bingbot/2.0; +http://www.bing.com/bingbot.htm)" 
12.19.225.242 - - [17/Feb/2016:10:01:11 -0800] "GET / HTTP/1.1" 200 8553 "http://www.google.com/url?sa=t&rct=j&q=&esrc=s&source=web&cd=4&ved=0ahUKEwippP_2r__KAhWjJ5oKHcrDBDsQFgg2MAM&url=http%3A%2F%2Fwww.secrepo.com%2F&usg=AFQjCNHeQikQ6r63vtqWKlBvSenYpdB4dQ" "Mozilla/5.0 (Windows NT 6.1; WOW64; Trident/7.0; rv:11.0) like Gecko" 
12.19.225.242 - - [17/Feb/2016:10:01:11 -0800] "GET /GitHub-Mark.png HTTP/1.1" 200 7428 "http://www.secrepo.com/" "Mozilla/5.0 (Windows NT 6.1; WOW64; Trident/7.0; rv:11.0) like Gecko" 
12.19.225.242 - - [17/Feb/2016:10:01:11 -0800] "GET /twitter-icon.png HTTP/1.1" 200 27787 "http://www.secrepo.com/" "Mozilla/5.0 (Windows NT 6.1; WOW64; Trident/7.0; rv:11.0) like Gecko" 
12.19.225.242 - - [17/Feb/2016:10:01:12 -0800] "GET /bootstrap/img/favicon.ico HTTP/1.1" 200 590 "-" "Mozilla/5.0 (Windows NT 6.1; Win64; x64; Trident/7.0; rv:11.0) like Gecko" 
157.55.39.244 - - [17/Feb/2016:10:06:20 -0800] "GET /self.logs/access.log.2015-08-05.gz HTTP/1.1" 301 546 "-" "Mozilla/5.0 (compatible; bingbot/2.0; +http://www.bing.com/bingbot.htm)" 
157.55.39.244 - - [17/Feb/2016:10:06:22 -0800] "GET /self.logs/access.log.2015-11-17.gz HTTP/1.1" 200 5611 "-" "Mozilla/5.0 (compatible; bingbot/2.0; +http://www.bing.com/bingbot.htm)" 
142.254.107.196 - - [17/Feb/2016:10:08:03 -0800] "GET /self.logs/access.log.2015-02-14.gz HTTP/1.1" 200 25834 "-" "Python-urllib/2.7" 
142.254.107.196 - - [17/Feb/2016:10:08:18 -0800] "GET /self.logs/access.log.2015-02-14.gz HTTP/1.1" 200 25834 "-" "Python-urllib/2.7" 
142.254.107.196 - - [17/Feb/2016:10:08:26 -0800] "GET /self.logs/access.log.2015-02-14.gz HTTP/1.1" 200 25834 "-" "Python-urllib/2.7" 
62.210.143.245 - - [17/Feb/2016:10:10:24 -0800] "GET /robots.txt HTTP/1.0" 200 252 "-" "Mozilla/5.0 (compatible; MJ12bot/v1.4.5; http://www.majestic12.co.uk/bot.php?+)" 
62.210.143.245 - - [17/Feb/2016:10:10:26 -0800] "GET / HTTP/1.0" 200 27892 "-" "Mozilla/5.0 (compatible; MJ12bot/v1.4.5; http://www.majestic12.co.uk/bot.php?+)" 
77.37.130.103 - - [17/Feb/2016:10:10:38 -0800] "GET / HTTP/1.1" 200 8553 "-" "Mozilla/5.0 (Macintosh; Intel Mac OS X 10_11_3) AppleWebKit/601.4.4 (KHTML, like Gecko)" 
77.37.130.103 - - [17/Feb/2016:10:10:38 -0800] "GET /apple-touch-icon-precomposed.png HTTP/1.1" 404 340 "-" "Safari/11601.4.4 CFNetwork/760.2.6 Darwin/15.3.0 (x86_64)" 
77.37.130.103 - - [17/Feb/2016:10:10:38 -0800] "GET /apple-touch-icon.png HTTP/1.1" 404 339 "-" "Safari/11601.4.4 CFNetwork/760.2.6 Darwin/15.3.0 (x86_64)" 
77.37.130.103 - - [17/Feb/2016:10:10:38 -0800] "GET /apple-touch-icon-precomposed.png HTTP/1.1" 404 339 "-" "Safari/11601.4.4 CFNetwork/760.2.6 Darwin/15.3.0 (x86_64)" 
77.37.130.103 - - [17/Feb/2016:10:10:38 -0800] "GET /apple-touch-icon.png HTTP/1.1" 404 339 "-" "Safari/11601.4.4 CFNetwork/760.2.6 Darwin/15.3.0 (x86_64)" 
142.254.107.196 - - [17/Feb/2016:10:10:59 -0800] "GET /self.logs/access.log.2015-02-14.gz HTTP/1.1" 200 25834 "-" "Python-urllib/2.7" 
142.254.107.196 - - [17/Feb/2016:10:16:58 -0800] "GET /self.logs/access.log.2015-02-14.gz HTTP/1.1" 200 25834 "-" "Python-urllib/2.7" 
142.254.107.196 - - [17/Feb/2016:10:16:58 -0800] "GET /self.logs/access.log.2015-02-14.gz HTTP/1.1" 200 25834 "-" "Python-urllib/2.7" 
142.254.107.196 - - [17/Feb/2016:10:17:10 -0800] "GET /self.logs/access.log.2015-02-14.gz HTTP/1.1" 200 25834 "-" "Python-urllib/2.7" 
142.254.107.196 - - [17/Feb/2016:10:18:16 -0800] "GET /self.logs/access.log.2015-02-14.gz HTTP/1.1" 200 25834 "-" "Python-urllib/2.7" 
142.254.107.196 - - [17/Feb/2016:10:18:33 -0800] "GET /self.logs/access.log.2015-02-14.gz HTTP/1.1" 200 25834 "-" "Python-urllib/2.7" 
142.254.107.196 - - [17/Feb/2016:10:19:05 -0800] "GET /self.logs/access.log.2015-02-14.gz HTTP/1.1" 200 25834 "-" "Python-urllib/2.7" 
142.254.107.196 - - [17/Feb/2016:10:19:56 -0800] "GET /self.logs/access.log.2015-02-14.gz HTTP/1.1" 200 25834 "-" "Python-urllib/2.7" 
142.254.107.196 - - [17/Feb/2016:10:23:26 -0800] "GET / HTTP/1.1" 301 483 "-" "Mozilla/5.0 (Macintosh; Intel Mac OS X 10_11_3) AppleWebKit/537.36 (KHTML, like Gecko) Chrome/48.0.2564.109 Safari/537.36" 
142.254.107.196 - - [17/Feb/2016:10:23:26 -0800] "GET / HTTP/1.1" 200 8553 "-" "Mozilla/5.0 (Macintosh; Intel Mac OS X 10_11_3) AppleWebKit/537.36 (KHTML, like Gecko) Chrome/48.0.2564.109 Safari/537.36" 
142.254.107.196 - - [17/Feb/2016:10:23:26 -0800] "GET /twitter-icon.png HTTP/1.1" 200 27787 "http://www.secrepo.com/" "Mozilla/5.0 (Macintosh; Intel Mac OS X 10_11_3) AppleWebKit/537.36 (KHTML, like Gecko) Chrome/48.0.2564.109 Safari/537.36" 
142.254.107.196 - - [17/Feb/2016:10:23:26 -0800] "GET /GitHub-Mark.png HTTP/1.1" 200 7428 "http://www.secrepo.com/" "Mozilla/5.0 (Macintosh; Intel Mac OS X 10_11_3) AppleWebKit/537.36 (KHTML, like Gecko) Chrome/48.0.2564.109 Safari/537.36" 
142.254.107.196 - - [17/Feb/2016:10:23:43 -0800] "GET /honeypot/honeypot.json.zip HTTP/1.1" 200 4631873 "http://www.secrepo.com/" "Mozilla/5.0 (Macintosh; Intel Mac OS X 10_11_3) AppleWebKit/537.36 (KHTML, like Gecko) Chrome/48.0.2564.109 Safari/537.36" 
142.254.107.196 - - [17/Feb/2016:10:25:00 -0800] "GET /self.logs/ HTTP/1.1" 200 8401 "-" "Mozilla/5.0 (Macintosh; Intel Mac OS X 10_11_3) AppleWebKit/537.36 (KHTML, like Gecko) Chrome/48.0.2564.109 Safari/537.36" 
142.254.107.196 - - [17/Feb/2016:10:25:04 -0800] "GET /favicon.ico HTTP/1.1" 200 267 "http://www.secrepo.com/self.logs/" "Mozilla/5.0 (Macintosh; Intel Mac OS X 10_11_3) AppleWebKit/537.36 (KHTML, like Gecko) Chrome/48.0.2564.109 Safari/537.36" 
142.254.107.196 - - [17/Feb/2016:10:25:47 -0800] "GET /self.logs/ HTTP/1.1" 200 8401 "http://www.secrepo.com/" "Mozilla/5.0 (Macintosh; Intel Mac OS X 10_11_3) AppleWebKit/537.36 (KHTML, like Gecko) Chrome/48.0.2564.109 Safari/537.36" 
142.254.107.196 - - [17/Feb/2016:10:29:11 -0800] "GET /self.logs/access.log.2015-02-14.gz HTTP/1.1" 200 25834 "-" "Python-urllib/2.7" 
142.254.107.196 - - [17/Feb/2016:10:31:27 -0800] "GET /self.logs/access.log.2015-02-14.gz HTTP/1.1" 200 25834 "-" "Python-urllib/2.7" 
65.222.255.2 - - [17/Feb/2016:10:32:38 -0800] "GET / HTTP/1.1" 200 8553 "-" "Mozilla/5.0 (Macintosh; Intel Mac OS X 10_10_5) AppleWebKit/601.2.7 (KHTML, like Gecko) Version/9.0.1 Safari/601.2.7" 
65.222.255.2 - - [17/Feb/2016:10:32:38 -0800] "GET /twitter-icon.png HTTP/1.1" 200 27787 "http://www.secrepo.com/" "Mozilla/5.0 (Macintosh; Intel Mac OS X 10_10_5) AppleWebKit/601.2.7 (KHTML, like Gecko) Version/9.0.1 Safari/601.2.7" 
65.222.255.2 - - [17/Feb/2016:10:32:38 -0800] "GET /GitHub-Mark.png HTTP/1.1" 200 7428 "http://www.secrepo.com/" "Mozilla/5.0 (Macintosh; Intel Mac OS X 10_10_5) AppleWebKit/601.2.7 (KHTML, like Gecko) Version/9.0.1 Safari/601.2.7" 
65.222.255.2 - - [17/Feb/2016:10:32:39 -0800] "GET /bootstrap/img/favicon.ico HTTP/1.1" 200 590 "http://www.secrepo.com/" "Mozilla/5.0 (Macintosh; Intel Mac OS X 10_10_5) AppleWebKit/601.2.7 (KHTML, like Gecko) Version/9.0.1 Safari/601.2.7" 
142.254.107.196 - - [17/Feb/2016:10:33:28 -0800] "GET /self.logs/access.log.2015-02-14.gz HTTP/1.1" 200 25834 "-" "Python-urllib/2.7" 
54.183.21.203 - - [17/Feb/2016:10:35:21 -0800] "HEAD / HTTP/1.1" 301 246 "-" "Mozilla/5.0" 
54.183.21.203 - - [17/Feb/2016:10:35:22 -0800] "HEAD / HTTP/1.1" 200 295 "-" "Mozilla/5.0" 
40.77.167.54 - - [17/Feb/2016:10:41:03 -0800] "GET /self.logs/access.log.2015-09-03.gz HTTP/1.1" 301 546 "-" "Mozilla/5.0 (compatible; bingbot/2.0; +http://www.bing.com/bingbot.htm)" 
142.254.107.196 - - [17/Feb/2016:10:43:16 -0800] "GET /self.logs/access.log.2015-02-14.gz HTTP/1.1" 200 25834 "-" "Python-urllib/2.7" 
142.254.107.196 - - [17/Feb/2016:10:43:31 -0800] "GET /self.logs/access.log.2015-02-14.gz HTTP/1.1" 200 25834 "-" "Python-urllib/2.7" 
142.254.107.196 - - [17/Feb/2016:10:44:00 -0800] "GET /self.logs/access.log.2015-02-14.gz HTTP/1.1" 200 25834 "-" "Python-urllib/2.7" 
157.55.39.244 - - [17/Feb/2016:10:44:17 -0800] "GET /self.logs/error.log.2015-11-28.gz HTTP/1.1" 200 619 "-" "Mozilla/5.0 (compatible; bingbot/2.0; +http://www.bing.com/bingbot.htm)" 
142.254.107.196 - - [17/Feb/2016:10:44:36 -0800] "GET /self.logs/access.log.2015-02-14.gz HTTP/1.1" 200 25834 "-" "Python-urllib/2.7" 
142.254.107.196 - - [17/Feb/2016:10:45:27 -0800] "GET /self.logs/access.log.2015-02-14.gz HTTP/1.1" 200 25834 "-" "Python-urllib/2.7" 
123.125.71.33 - - [17/Feb/2016:10:45:55 -0800] "GET / HTTP/1.1" 200 8516 "-" "Mozilla/5.0 (Windows NT 5.1; rv:6.0.2) Gecko/20100101 Firefox/6.0.2" 
123.125.71.42 - - [17/Feb/2016:10:45:56 -0800] "GET / HTTP/1.1" 200 27892 "-" "Mozilla/5.0 (Windows NT 5.1; rv:6.0.2) Gecko/20100101 Firefox/6.0.2" 
142.254.107.196 - - [17/Feb/2016:10:46:10 -0800] "GET /self.logs/access.log.2015-02-14.gz HTTP/1.1" 200 25834 "-" "Python-urllib/2.7" 
46.119.123.238 - - [17/Feb/2016:10:51:08 -0800] "GET /honeypot/ HTTP/1.1" 200 1077 "http://perm.afora.ru/" "Mozilla/4.0 (compatible; MSIE 6.0; Windows NT) ::ELNSB50::000061100320025802a00111000000000507000900000000" 
46.119.123.238 - - [17/Feb/2016:10:51:08 -0800] "GET /honeypot/ HTTP/1.1" 200 1077 "http://perm.afora.ru/" "Mozilla/4.0 (compatible; MSIE 6.0; Windows NT) ::ELNSB50::000061100320025802a00111000000000507000900000000" 
46.119.123.238 - - [17/Feb/2016:10:51:09 -0800] "GET /honeypot/ HTTP/1.1" 200 1077 "http://perm.afora.ru/" "Mozilla/4.0 (compatible; MSIE 6.0; Windows NT) ::ELNSB50::000061100320025802a00111000000000507000900000000" 
46.119.123.238 - - [17/Feb/2016:10:51:09 -0800] "GET /honeypot/ HTTP/1.1" 200 1077 "http://bio.trade-jp.net/" "Mozilla/4.0 (compatible; MSIE 6.0; Windows NT) ::ELNSB50::000061100320025802a00111000000000507000900000000" 
46.119.123.238 - - [17/Feb/2016:10:51:09 -0800] "GET /honeypot/ HTTP/1.1" 200 1077 "http://www.beauty-clinic.ru/epil/laser-epilation" "Mozilla/4.0 (compatible; MSIE 6.0; Windows NT) ::ELNSB50::000061100320025802a00111000000000507000900000000" 
46.119.123.238 - - [17/Feb/2016:10:51:10 -0800] "GET /honeypot/ HTTP/1.1" 200 1077 "http://bio.trade-jp.net/" "Mozilla/4.0 (compatible; MSIE 6.0; Windows NT) ::ELNSB50::000061100320025802a00111000000000507000900000000" 
46.119.123.238 - - [17/Feb/2016:10:51:10 -0800] "GET /honeypot/ HTTP/1.1" 200 1077 "http://www.beauty-clinic.ru/epil/laser-epilation" "Mozilla/4.0 (compatible; MSIE 6.0; Windows NT) ::ELNSB50::000061100320025802a00111000000000507000900000000" 
46.119.123.238 - - [17/Feb/2016:10:51:10 -0800] "GET /honeypot/ HTTP/1.1" 200 1077 "http://bio.trade-jp.net/" "Mozilla/4.0 (compatible; MSIE 6.0; Windows NT) ::ELNSB50::000061100320025802a00111000000000507000900000000" 
46.119.123.238 - - [17/Feb/2016:10:51:10 -0800] "GET /honeypot/ HTTP/1.1" 200 1077 "http://www.beauty-clinic.ru/epil/laser-epilation" "Mozilla/4.0 (compatible; MSIE 6.0; Windows NT) ::ELNSB50::000061100320025802a00111000000000507000900000000" 
142.254.107.196 - - [17/Feb/2016:10:54:07 -0800] "GET /self.logs/access.log.2015-02-14.gz HTTP/1.1" 200 25834 "-" "Python-urllib/2.7" 
142.254.107.196 - - [17/Feb/2016:10:54:21 -0800] "GET /self.logs/access.log.2015-02-14.gz HTTP/1.1" 200 25834 "-" "Python-urllib/2.7" 
142.254.107.196 - - [17/Feb/2016:10:54:30 -0800] "GET /self.logs/access.log.2015-02-14.gz HTTP/1.1" 200 25834 "-" "Python-urllib/2.7" 
142.254.107.196 - - [17/Feb/2016:10:54:37 -0800] "GET /self.logs/access.log.2015-02-14.gz HTTP/1.1" 200 25834 "-" "Python-urllib/2.7" 
142.254.107.196 - - [17/Feb/2016:10:54:47 -0800] "GET /self.logs/access.log.2015-02-14.gz HTTP/1.1" 200 25834 "-" "Python-urllib/2.7" 
220.181.108.84 - - [17/Feb/2016:10:55:21 -0800] "GET / HTTP/1.1" 200 8516 "-" "Mozilla/5.0 (Windows NT 5.1; rv:6.0.2) Gecko/20100101 Firefox/6.0.2" 
220.181.108.110 - - [17/Feb/2016:10:55:33 -0800] "GET / HTTP/1.1" 200 27892 "-" "Mozilla/5.0 (Windows NT 5.1; rv:6.0.2) Gecko/20100101 Firefox/6.0.2" 
142.254.107.196 - - [17/Feb/2016:10:56:41 -0800] "GET /self.logs/access.log.2015-02-14.gz HTTP/1.1" 200 25834 "-" "Python-urllib/2.7" 
142.254.107.196 - - [17/Feb/2016:10:56:46 -0800] "GET /self.logs/access.log.2015-02-14.gz HTTP/1.1" 200 25834 "-" "Python-urllib/2.7" 
142.254.107.196 - - [17/Feb/2016:10:57:24 -0800] "GET /self.logs/access.log.2015-02-14.gz HTTP/1.1" 200 25834 "-" "Python-urllib/2.7" 
142.254.107.196 - - [17/Feb/2016:10:57:28 -0800] "GET /self.logs/access.log.2015-02-14.gz HTTP/1.1" 200 25834 "-" "Python-urllib/2.7" 
129.137.83.252 - - [17/Feb/2016:10:57:51 -0800] "GET / HTTP/1.1" 200 8553 "-" "Mozilla/5.0 (Windows NT 6.1; WOW64) AppleWebKit/537.36 (KHTML, like Gecko) Chrome/48.0.2564.109 Safari/537.36" 
129.137.83.252 - - [17/Feb/2016:10:57:52 -0800] "GET /twitter-icon.png HTTP/1.1" 200 27787 "http://www.secrepo.com/" "Mozilla/5.0 (Windows NT 6.1; WOW64) AppleWebKit/537.36 (KHTML, like Gecko) Chrome/48.0.2564.109 Safari/537.36" 
129.137.83.252 - - [17/Feb/2016:10:57:52 -0800] "GET /GitHub-Mark.png HTTP/1.1" 200 7427 "http://www.secrepo.com/" "Mozilla/5.0 (Windows NT 6.1; WOW64) AppleWebKit/537.36 (KHTML, like Gecko) Chrome/48.0.2564.109 Safari/537.36" 
129.137.83.252 - - [17/Feb/2016:10:57:54 -0800] "GET /bootstrap/img/favicon.ico HTTP/1.1" 200 589 "http://www.secrepo.com/" "Mozilla/5.0 (Windows NT 6.1; WOW64) AppleWebKit/537.36 (KHTML, like Gecko) Chrome/48.0.2564.109 Safari/537.36" 
129.137.83.252 - - [17/Feb/2016:10:58:04 -0800] "GET /honeypot/BSidesDFW%20-%202014.ipynb HTTP/1.1" 200 930836 "http://www.secrepo.com/" "Mozilla/5.0 (Windows NT 6.1; WOW64) AppleWebKit/537.36 (KHTML, like Gecko) Chrome/48.0.2564.109 Safari/537.36" 
129.137.83.252 - - [17/Feb/2016:10:58:05 -0800] "GET /favicon.ico HTTP/1.1" 200 267 "http://www.secrepo.com/honeypot/BSidesDFW%20-%202014.ipynb" "Mozilla/5.0 (Windows NT 6.1; WOW64) AppleWebKit/537.36 (KHTML, like Gecko) Chrome/48.0.2564.109 Safari/537.36" 
146.20.68.17 - - [17/Feb/2016:10:58:10 -0800] "GET /robots.txt HTTP/1.1" 301 446 "-" "Tornado-Async-Client" 
146.20.68.17 - - [17/Feb/2016:10:58:10 -0800] "GET /robots.txt HTTP/1.1" 200 304 "-" "Tornado-Async-Client" 
