51.255.65.34 - - [16/Mar/2017:05:12:19 -0700] "GET /self.logs/access.log.2015-07-25.gz HTTP/1.1" 200 3510 "-" "Mozilla/5.0 (compatible; AhrefsBot/5.2; +http://ahrefs.com/robot/)" 
210.48.222.13 - - [16/Mar/2017:05:12:50 -0700] "GET /honeypot/honeypot.json.zip HTTP/1.1" 206 23648 "http://www.secrepo.com/" "Mozilla/5.0 (Windows NT 6.2; WOW64) AppleWebKit/537.36 (KHTML, like Gecko) Chrome/56.0.2924.87 Safari/537.36" 
137.222.182.115 - - [16/Mar/2017:05:13:32 -0700] "GET / HTTP/1.1" 200 10792 "-" "Mozilla/5.0 (Macintosh; Intel Mac OS X 10_11_6) AppleWebKit/602.3.12 (KHTML, like Gecko) Version/10.0.2 Safari/602.3.12" 
137.222.182.115 - - [16/Mar/2017:05:13:32 -0700] "GET /GitHub-Mark.png HTTP/1.1" 200 7427 "http://www.secrepo.com/" "Mozilla/5.0 (Macintosh; Intel Mac OS X 10_11_6) AppleWebKit/602.3.12 (KHTML, like Gecko) Version/10.0.2 Safari/602.3.12" 
137.222.182.115 - - [16/Mar/2017:05:13:33 -0700] "GET /twitter-icon.png HTTP/1.1" 200 27788 "http://www.secrepo.com/" "Mozilla/5.0 (Macintosh; Intel Mac OS X 10_11_6) AppleWebKit/602.3.12 (KHTML, like Gecko) Version/10.0.2 Safari/602.3.12" 
210.48.222.13 - - [16/Mar/2017:05:12:50 -0700] "GET /honeypot/honeypot.json.zip HTTP/1.1" 200 1252680 "http://www.secrepo.com/" "Mozilla/5.0 (Windows NT 6.2; WOW64) AppleWebKit/537.36 (KHTML, like Gecko) Chrome/56.0.2924.87 Safari/537.36" 
46.218.69.132 - - [16/Mar/2017:05:13:48 -0700] "GET /maccdc2012/maccdc2012_fast_alert.7z HTTP/1.0" 200 2995076 "http://www.secrepo.com/" "Mozilla/5.0 (Windows NT 5.1; rv:52.0) Gecko/20100101 Firefox/52.0" 
46.218.69.132 - - [16/Mar/2017:05:13:55 -0700] "GET /maccdc2012/maccdc2012_fast_alert.7z HTTP/1.0" 206 2180108 "http://www.secrepo.com/" "Mozilla/5.0 (Windows NT 5.1; rv:52.0) Gecko/20100101 Firefox/52.0" 
46.218.69.132 - - [16/Mar/2017:05:13:55 -0700] "GET /maccdc2012/maccdc2012_fast_alert.7z HTTP/1.0" 206 2363825 "http://www.secrepo.com/" "Mozilla/5.0 (Windows NT 5.1; rv:52.0) Gecko/20100101 Firefox/52.0" 
46.218.69.132 - - [16/Mar/2017:05:13:55 -0700] "GET /maccdc2012/maccdc2012_fast_alert.7z HTTP/1.0" 206 2859248 "http://www.secrepo.com/" "Mozilla/5.0 (Windows NT 5.1; rv:52.0) Gecko/20100101 Firefox/52.0" 
46.218.69.132 - - [16/Mar/2017:05:13:48 -0700] "GET /maccdc2012/maccdc2012_full_alert.7z HTTP/1.0" 200 7613228 "http://www.secrepo.com/" "Mozilla/5.0 (Windows NT 5.1; rv:52.0) Gecko/20100101 Firefox/52.0" 
46.218.69.132 - - [16/Mar/2017:05:14:26 -0700] "GET /maccdc2012/maccdc2012_fast_alert.7z HTTP/1.0" 206 908264 "http://www.secrepo.com/" "Mozilla/5.0 (Windows NT 5.1; rv:52.0) Gecko/20100101 Firefox/52.0" 
46.218.69.132 - - [16/Mar/2017:05:14:24 -0700] "GET /maccdc2012/maccdc2012_full_alert.7z HTTP/1.0" 206 2871754 "http://www.secrepo.com/" "Mozilla/5.0 (Windows NT 5.1; rv:52.0) Gecko/20100101 Firefox/52.0" 
46.218.69.132 - - [16/Mar/2017:05:14:05 -0700] "GET /maccdc2012/maccdc2012_full_alert.7z HTTP/1.0" 206 7489748 "http://www.secrepo.com/" "Mozilla/5.0 (Windows NT 5.1; rv:52.0) Gecko/20100101 Firefox/52.0" 
46.218.69.132 - - [16/Mar/2017:05:14:05 -0700] "GET /maccdc2012/maccdc2012_full_alert.7z HTTP/1.0" 206 4180484 "http://www.secrepo.com/" "Mozilla/5.0 (Windows NT 5.1; rv:52.0) Gecko/20100101 Firefox/52.0" 
46.218.69.132 - - [16/Mar/2017:05:14:42 -0700] "GET /maccdc2012/maccdc2012_full_alert.7z HTTP/1.0" 206 1476272 "http://www.secrepo.com/" "Mozilla/5.0 (Windows NT 5.1; rv:52.0) Gecko/20100101 Firefox/52.0" 
46.218.69.132 - - [16/Mar/2017:05:14:45 -0700] "GET /maccdc2012/maccdc2012_full_alert.7z HTTP/1.0" 206 1702652 "http://www.secrepo.com/" "Mozilla/5.0 (Windows NT 5.1; rv:52.0) Gecko/20100101 Firefox/52.0" 
210.48.222.13 - - [16/Mar/2017:05:13:07 -0700] "GET /honeypot/honeypot.json.zip HTTP/1.1" 206 2687284 "http://www.secrepo.com/" "Mozilla/5.0 (Windows NT 6.2; WOW64) AppleWebKit/537.36 (KHTML, like Gecko) Chrome/56.0.2924.87 Safari/537.36" 
210.48.222.13 - - [16/Mar/2017:05:13:07 -0700] "GET /honeypot/honeypot.json.zip HTTP/1.1" 206 2809040 "http://www.secrepo.com/" "Mozilla/5.0 (Windows NT 6.2; WOW64) AppleWebKit/537.36 (KHTML, like Gecko) Chrome/56.0.2924.87 Safari/537.36" 
46.218.69.132 - - [16/Mar/2017:05:14:55 -0700] "GET /maccdc2012/maccdc2012_full_alert.7z HTTP/1.0" 206 809480 "http://www.secrepo.com/" "Mozilla/5.0 (Windows NT 5.1; rv:52.0) Gecko/20100101 Firefox/52.0" 
46.218.69.132 - - [16/Mar/2017:05:14:54 -0700] "GET /maccdc2012/maccdc2012_full_alert.7z HTTP/1.0" 206 1266356 "http://www.secrepo.com/" "Mozilla/5.0 (Windows NT 5.1; rv:52.0) Gecko/20100101 Firefox/52.0" 
210.48.222.13 - - [16/Mar/2017:05:13:43 -0700] "GET /honeypot/honeypot.json.zip HTTP/1.1" 206 1851280 "http://www.secrepo.com/" "Mozilla/5.0 (Windows NT 6.2; WOW64) AppleWebKit/537.36 (KHTML, like Gecko) Chrome/56.0.2924.87 Safari/537.36" 
46.218.69.132 - - [16/Mar/2017:05:15:04 -0700] "GET /maccdc2012/maccdc2012_full_alert.7z HTTP/1.0" 206 809480 "http://www.secrepo.com/" "Mozilla/5.0 (Windows NT 5.1; rv:52.0) Gecko/20100101 Firefox/52.0" 
210.48.222.13 - - [16/Mar/2017:05:13:07 -0700] "GET /honeypot/honeypot.json.zip HTTP/1.1" 206 2733965 "http://www.secrepo.com/" "Mozilla/5.0 (Windows NT 6.2; WOW64) AppleWebKit/537.36 (KHTML, like Gecko) Chrome/56.0.2924.87 Safari/537.36" 
46.218.69.132 - - [16/Mar/2017:05:13:59 -0700] "GET /maccdc2012/maccdc2012_full_alert.7z HTTP/1.0" 206 2106020 "http://www.secrepo.com/" "Mozilla/5.0 (Windows NT 5.1; rv:52.0) Gecko/20100101 Firefox/52.0" 
210.48.222.13 - - [16/Mar/2017:05:14:52 -0700] "GET /honeypot/honeypot.json.zip HTTP/1.1" 206 1367155 "http://www.secrepo.com/" "Mozilla/5.0 (Windows NT 6.2; WOW64) AppleWebKit/537.36 (KHTML, like Gecko) Chrome/56.0.2924.87 Safari/537.36" 
210.48.222.13 - - [16/Mar/2017:05:16:03 -0700] "GET /honeypot/honeypot.json.zip HTTP/1.1" 206 283240 "http://www.secrepo.com/" "Mozilla/5.0 (Windows NT 6.2; WOW64) AppleWebKit/537.36 (KHTML, like Gecko) Chrome/56.0.2924.87 Safari/537.36" 
210.48.222.13 - - [16/Mar/2017:05:12:55 -0700] "GET /honeypot/honeypot.json.zip HTTP/1.1" 206 5364040 "http://www.secrepo.com/" "Mozilla/5.0 (Windows NT 6.2; WOW64) AppleWebKit/537.36 (KHTML, like Gecko) Chrome/56.0.2924.87 Safari/537.36" 
210.48.222.13 - - [16/Mar/2017:05:13:07 -0700] "GET /honeypot/honeypot.json.zip HTTP/1.1" 206 5039920 "http://www.secrepo.com/" "Mozilla/5.0 (Windows NT 6.2; WOW64) AppleWebKit/537.36 (KHTML, like Gecko) Chrome/56.0.2924.87 Safari/537.36" 
8.44.100.11 - - [16/Mar/2017:05:16:52 -0700] "GET / HTTP/1.1" 200 10792 "-" "Mozilla/5.0 (Windows NT 6.1; WOW64; rv:45.0) Gecko/20100101 Firefox/45.0" 
210.48.222.13 - - [16/Mar/2017:05:16:04 -0700] "GET /honeypot/honeypot.json.zip HTTP/1.1" 206 1343808 "http://www.secrepo.com/" "Mozilla/5.0 (Windows NT 6.2; WOW64) AppleWebKit/537.36 (KHTML, like Gecko) Chrome/56.0.2924.87 Safari/537.36" 
210.48.222.13 - - [16/Mar/2017:05:16:36 -0700] "GET /honeypot/honeypot.json.zip HTTP/1.1" 206 683749 "http://www.secrepo.com/" "Mozilla/5.0 (Windows NT 6.2; WOW64) AppleWebKit/537.36 (KHTML, like Gecko) Chrome/56.0.2924.87 Safari/537.36" 
210.48.222.13 - - [16/Mar/2017:05:16:37 -0700] "GET /honeypot/honeypot.json.zip HTTP/1.1" 206 672078 "http://www.secrepo.com/" "Mozilla/5.0 (Windows NT 6.2; WOW64) AppleWebKit/537.36 (KHTML, like Gecko) Chrome/56.0.2924.87 Safari/537.36" 
210.48.222.13 - - [16/Mar/2017:05:16:42 -0700] "GET /honeypot/honeypot.json.zip HTTP/1.1" 206 738760 "http://www.secrepo.com/" "Mozilla/5.0 (Windows NT 6.2; WOW64) AppleWebKit/537.36 (KHTML, like Gecko) Chrome/56.0.2924.87 Safari/537.36" 
210.48.222.13 - - [16/Mar/2017:05:17:09 -0700] "GET /honeypot/honeypot.json.zip HTTP/1.1" 206 342049 "http://www.secrepo.com/" "Mozilla/5.0 (Windows NT 6.2; WOW64) AppleWebKit/537.36 (KHTML, like Gecko) Chrome/56.0.2924.87 Safari/537.36" 
210.48.222.13 - - [16/Mar/2017:05:17:11 -0700] "GET /honeypot/honeypot.json.zip HTTP/1.1" 206 321590 "http://www.secrepo.com/" "Mozilla/5.0 (Windows NT 6.2; WOW64) AppleWebKit/537.36 (KHTML, like Gecko) Chrome/56.0.2924.87 Safari/537.36" 
210.48.222.13 - - [16/Mar/2017:05:17:16 -0700] "GET /honeypot/honeypot.json.zip HTTP/1.1" 206 234343 "http://www.secrepo.com/" "Mozilla/5.0 (Windows NT 6.2; WOW64) AppleWebKit/537.36 (KHTML, like Gecko) Chrome/56.0.2924.87 Safari/537.36" 
210.48.222.13 - - [16/Mar/2017:05:17:25 -0700] "GET /honeypot/honeypot.json.zip HTTP/1.1" 206 85776 "http://www.secrepo.com/" "Mozilla/5.0 (Windows NT 6.2; WOW64) AppleWebKit/537.36 (KHTML, like Gecko) Chrome/56.0.2924.87 Safari/537.36" 
210.48.222.13 - - [16/Mar/2017:05:17:22 -0700] "GET /honeypot/honeypot.json.zip HTTP/1.1" 206 171201 "http://www.secrepo.com/" "Mozilla/5.0 (Windows NT 6.2; WOW64) AppleWebKit/537.36 (KHTML, like Gecko) Chrome/56.0.2924.87 Safari/537.36" 
210.48.222.13 - - [16/Mar/2017:05:17:24 -0700] "GET /honeypot/honeypot.json.zip HTTP/1.1" 206 155843 "http://www.secrepo.com/" "Mozilla/5.0 (Windows NT 6.2; WOW64) AppleWebKit/537.36 (KHTML, like Gecko) Chrome/56.0.2924.87 Safari/537.36" 
210.48.222.13 - - [16/Mar/2017:05:17:30 -0700] "GET /honeypot/honeypot.json.zip HTTP/1.1" 206 43064 "http://www.secrepo.com/" "Mozilla/5.0 (Windows NT 6.2; WOW64) AppleWebKit/537.36 (KHTML, like Gecko) Chrome/56.0.2924.87 Safari/537.36" 
210.48.222.13 - - [16/Mar/2017:05:17:30 -0700] "GET /honeypot/honeypot.json.zip HTTP/1.1" 206 85776 "http://www.secrepo.com/" "Mozilla/5.0 (Windows NT 6.2; WOW64) AppleWebKit/537.36 (KHTML, like Gecko) Chrome/56.0.2924.87 Safari/537.36" 
210.48.222.13 - - [16/Mar/2017:05:17:30 -0700] "GET /honeypot/honeypot.json.zip HTTP/1.1" 206 77843 "http://www.secrepo.com/" "Mozilla/5.0 (Windows NT 6.2; WOW64) AppleWebKit/537.36 (KHTML, like Gecko) Chrome/56.0.2924.87 Safari/537.36" 
210.48.222.13 - - [16/Mar/2017:05:15:03 -0700] "GET /honeypot/honeypot.json.zip HTTP/1.1" 206 3460200 "http://www.secrepo.com/" "Mozilla/5.0 (Windows NT 6.2; WOW64) AppleWebKit/537.36 (KHTML, like Gecko) Chrome/56.0.2924.87 Safari/537.36" 
210.48.222.13 - - [16/Mar/2017:05:17:34 -0700] "GET /honeypot/honeypot.json.zip HTTP/1.1" 206 18236 "http://www.secrepo.com/" "Mozilla/5.0 (Windows NT 6.2; WOW64) AppleWebKit/537.36 (KHTML, like Gecko) Chrome/56.0.2924.87 Safari/537.36" 
210.48.222.13 - - [16/Mar/2017:05:17:24 -0700] "GET /honeypot/honeypot.json.zip HTTP/1.1" 206 294920 "http://www.secrepo.com/" "Mozilla/5.0 (Windows NT 6.2; WOW64) AppleWebKit/537.36 (KHTML, like Gecko) Chrome/56.0.2924.87 Safari/537.36" 
210.48.222.13 - - [16/Mar/2017:05:17:34 -0700] "GET /honeypot/honeypot.json.zip HTTP/1.1" 206 17601 "http://www.secrepo.com/" "Mozilla/5.0 (Windows NT 6.2; WOW64) AppleWebKit/537.36 (KHTML, like Gecko) Chrome/56.0.2924.87 Safari/537.36" 
210.48.222.13 - - [16/Mar/2017:05:17:34 -0700] "GET /honeypot/honeypot.json.zip HTTP/1.1" 206 36122 "http://www.secrepo.com/" "Mozilla/5.0 (Windows NT 6.2; WOW64) AppleWebKit/537.36 (KHTML, like Gecko) Chrome/56.0.2924.87 Safari/537.36" 
210.48.222.13 - - [16/Mar/2017:05:12:55 -0700] "GET /honeypot/honeypot.json.zip HTTP/1.1" 206 7227000 "http://www.secrepo.com/" "Mozilla/5.0 (Windows NT 6.2; WOW64) AppleWebKit/537.36 (KHTML, like Gecko) Chrome/56.0.2924.87 Safari/537.36" 
210.48.222.13 - - [16/Mar/2017:05:17:31 -0700] "GET /honeypot/honeypot.json.zip HTTP/1.1" 206 306600 "http://www.secrepo.com/" "Mozilla/5.0 (Windows NT 6.2; WOW64) AppleWebKit/537.36 (KHTML, like Gecko) Chrome/56.0.2924.87 Safari/537.36" 
66.249.65.2 - - [16/Mar/2017:05:18:51 -0700] "GET / HTTP/1.1" 200 10792 "-" "Mozilla/5.0 (Linux; Android 6.0.1; Nexus 5X Build/MMB29P) AppleWebKit/537.36 (KHTML, like Gecko) Chrome/41.0.2272.96 Mobile Safari/537.36 (compatible; Googlebot/2.1; +http://www.google.com/bot.html)" 
210.48.222.13 - - [16/Mar/2017:05:12:55 -0700] "GET /honeypot/honeypot.json.zip HTTP/1.1" 206 6897040 "http://www.secrepo.com/" "Mozilla/5.0 (Windows NT 6.2; WOW64) AppleWebKit/537.36 (KHTML, like Gecko) Chrome/56.0.2924.87 Safari/537.36" 
210.48.222.13 - - [16/Mar/2017:05:17:34 -0700] "GET /honeypot/honeypot.json.zip HTTP/1.1" 206 70080 "http://www.secrepo.com/" "Mozilla/5.0 (Windows NT 6.2; WOW64) AppleWebKit/537.36 (KHTML, like Gecko) Chrome/56.0.2924.87 Safari/537.36" 
119.82.115.6 - - [16/Mar/2017:05:23:49 -0700] "GET / HTTP/1.1" 200 10792 "https://www.google.co.in/" "Mozilla/5.0 (Windows NT 10.0; Win64; x64) AppleWebKit/537.36 (KHTML, like Gecko) Chrome/56.0.2924.87 Safari/537.36" 
119.82.115.6 - - [16/Mar/2017:05:23:49 -0700] "GET /twitter-icon.png HTTP/1.1" 200 27787 "http://www.secrepo.com/" "Mozilla/5.0 (Windows NT 10.0; Win64; x64) AppleWebKit/537.36 (KHTML, like Gecko) Chrome/56.0.2924.87 Safari/537.36" 
119.82.115.6 - - [16/Mar/2017:05:23:49 -0700] "GET /GitHub-Mark.png HTTP/1.1" 200 7428 "http://www.secrepo.com/" "Mozilla/5.0 (Windows NT 10.0; Win64; x64) AppleWebKit/537.36 (KHTML, like Gecko) Chrome/56.0.2924.87 Safari/537.36" 
163.172.66.178 - - [16/Mar/2017:05:23:54 -0700] "GET /self.logs/error.log.2016-02-05.gz HTTP/1.1" 200 710 "-" "Mozilla/5.0 (compatible; AhrefsBot/5.2; +http://ahrefs.com/robot/)" 
119.82.115.6 - - [16/Mar/2017:05:23:55 -0700] "GET /bootstrap/img/favicon.ico HTTP/1.1" 200 590 "http://www.secrepo.com/" "Mozilla/5.0 (Windows NT 10.0; Win64; x64) AppleWebKit/537.36 (KHTML, like Gecko) Chrome/56.0.2924.87 Safari/537.36" 
51.255.65.38 - - [16/Mar/2017:05:26:18 -0700] "GET /self.logs/error.log.2015-11-03.gz HTTP/1.1" 200 930 "-" "Mozilla/5.0 (compatible; AhrefsBot/5.2; +http://ahrefs.com/robot/)" 
180.163.220.101 - - [16/Mar/2017:05:27:48 -0700] "GET / HTTP/1.1" 200 10792 "http://www.secrepo.com/" "Mozilla/5.0 (Windows NT 6.2) AppleWebKit/537.36 (KHTML, like Gecko) Chrome/31.0.1650.63 Safari/537.36 QIHU 360SE; 360Spider" 
159.226.251.229 - - [16/Mar/2017:05:32:52 -0700] "GET /tg/a.zip HTTP/1.1" 304 132 "-" "Mozilla/5.0 Gecko/20100115 Firefox/3.6" 
98.229.3.36 - - [16/Mar/2017:05:37:00 -0700] "GET /wp-login.php HTTP/1.1" 301 522 "-" "Mozilla/5.0 (Windows NT 6.1; WOW64; rv:40.0) Gecko/20100101 Firefox/40.1" 
98.229.3.36 - - [16/Mar/2017:05:37:00 -0700] "GET /wp-login.php HTTP/1.1" 404 295 "-" "Mozilla/5.0 (Windows NT 6.1; WOW64; rv:40.0) Gecko/20100101 Firefox/40.1" 
98.229.3.36 - - [16/Mar/2017:05:37:05 -0700] "GET /wp-login.php HTTP/1.1" 301 522 "-" "Mozilla/5.0 (Windows NT 6.1; WOW64; rv:40.0) Gecko/20100101 Firefox/40.1" 
98.229.3.36 - - [16/Mar/2017:05:37:05 -0700] "GET /wp-login.php HTTP/1.1" 404 295 "-" "Mozilla/5.0 (Windows NT 6.1; WOW64; rv:40.0) Gecko/20100101 Firefox/40.1" 
98.229.3.36 - - [16/Mar/2017:05:37:10 -0700] "GET / HTTP/1.1" 301 498 "-" "Mozilla/5.0 (Windows NT 6.1; WOW64; rv:40.0) Gecko/20100101 Firefox/40.1" 
98.229.3.36 - - [16/Mar/2017:05:37:10 -0700] "GET / HTTP/1.1" 200 36475 "-" "Mozilla/5.0 (Windows NT 6.1; WOW64; rv:40.0) Gecko/20100101 Firefox/40.1" 
163.172.65.235 - - [16/Mar/2017:05:38:09 -0700] "GET /self.logs/error.log.2015-04-07.gz HTTP/1.1" 200 644 "-" "Mozilla/5.0 (compatible; AhrefsBot/5.2; +http://ahrefs.com/robot/)" 
164.132.55.37 - - [16/Mar/2017:05:38:29 -0700] "GET / HTTP/1.1" 301 483 "-" "SocialRankIOBot; http://socialrank.io/about" 
164.132.55.37 - - [16/Mar/2017:05:38:29 -0700] "GET / HTTP/1.1" 200 10792 "-" "SocialRankIOBot; http://socialrank.io/about" 
164.132.161.31 - - [16/Mar/2017:05:46:39 -0700] "GET /self.logs/error.log.2015-04-26.gz HTTP/1.1" 200 824 "-" "Mozilla/5.0 (compatible; AhrefsBot/5.2; +http://ahrefs.com/robot/)" 
162.197.24.67 - - [16/Mar/2017:05:55:48 -0700] "GET / HTTP/1.1" 301 483 "-" "Mozilla/5.0 (Windows NT 6.1; WOW64) AppleWebKit/537.36 (KHTML, like Gecko) Chrome/56.0.2924.87 Safari/537.36" 
162.197.24.67 - - [16/Mar/2017:05:55:48 -0700] "GET / HTTP/1.1" 200 10792 "-" "Mozilla/5.0 (Windows NT 6.1; WOW64) AppleWebKit/537.36 (KHTML, like Gecko) Chrome/56.0.2924.87 Safari/537.36" 
162.197.24.67 - - [16/Mar/2017:05:55:48 -0700] "GET /twitter-icon.png HTTP/1.1" 200 27787 "http://www.secrepo.com/" "Mozilla/5.0 (Windows NT 6.1; WOW64) AppleWebKit/537.36 (KHTML, like Gecko) Chrome/56.0.2924.87 Safari/537.36" 
162.197.24.67 - - [16/Mar/2017:05:55:48 -0700] "GET /GitHub-Mark.png HTTP/1.1" 200 7428 "http://www.secrepo.com/" "Mozilla/5.0 (Windows NT 6.1; WOW64) AppleWebKit/537.36 (KHTML, like Gecko) Chrome/56.0.2924.87 Safari/537.36" 
162.197.24.67 - - [16/Mar/2017:05:55:49 -0700] "GET /bootstrap/img/favicon.ico HTTP/1.1" 200 589 "http://www.secrepo.com/" "Mozilla/5.0 (Windows NT 6.1; WOW64) AppleWebKit/537.36 (KHTML, like Gecko) Chrome/56.0.2924.87 Safari/537.36" 
219.91.136.234 - - [16/Mar/2017:05:59:39 -0700] "GET /wp-login.php HTTP/1.1" 404 295 "-" "Mozilla/5.0 (Windows NT 6.1; WOW64; rv:40.0) Gecko/20100101 Firefox/40.1" 
219.91.136.234 - - [16/Mar/2017:05:59:44 -0700] "GET /wp-login.php HTTP/1.1" 404 295 "-" "Mozilla/5.0 (Windows NT 6.1; WOW64; rv:40.0) Gecko/20100101 Firefox/40.1" 
219.91.136.234 - - [16/Mar/2017:05:59:49 -0700] "GET / HTTP/1.1" 200 36475 "-" "Mozilla/5.0 (Windows NT 6.1; WOW64; rv:40.0) Gecko/20100101 Firefox/40.1" 
103.15.115.2 - - [16/Mar/2017:06:01:29 -0700] "GET /wp-login.php HTTP/1.1" 404 295 "-" "Mozilla/5.0 (Windows NT 6.1; WOW64; rv:40.0) Gecko/20100101 Firefox/40.1" 
103.15.115.2 - - [16/Mar/2017:06:01:34 -0700] "GET /wp-login.php HTTP/1.1" 404 295 "-" "Mozilla/5.0 (Windows NT 6.1; WOW64; rv:40.0) Gecko/20100101 Firefox/40.1" 
46.218.69.132 - - [16/Mar/2017:06:01:09 -0700] "GET /maccdc2012/conn.log.gz HTTP/1.0" 200 5833882 "http://www.secrepo.com/" "Mozilla/5.0 (Windows NT 5.1; rv:52.0) Gecko/20100101 Firefox/52.0" 
103.15.115.2 - - [16/Mar/2017:06:01:40 -0700] "GET / HTTP/1.1" 200 36475 "-" "Mozilla/5.0 (Windows NT 6.1; WOW64; rv:40.0) Gecko/20100101 Firefox/40.1" 
159.226.251.229 - - [16/Mar/2017:06:03:08 -0700] "GET /maccdc2012/conn.log.gz HTTP/1.1" 304 156 "-" "Mozilla/5.0 Gecko/20100115 Firefox/3.6" 
190.6.86.106 - - [16/Mar/2017:06:03:59 -0700] "GET / HTTP/1.0" 301 461 "-" "Mozilla/5.0 (X11; Linux x86_64; rv:45.0) Gecko/20100101 Firefox/45.0" 
190.6.86.106 - - [16/Mar/2017:06:04:00 -0700] "GET / HTTP/1.0" 200 36464 "-" "Mozilla/5.0 (X11; Linux x86_64; rv:45.0) Gecko/20100101 Firefox/45.0" 
190.6.86.106 - - [16/Mar/2017:06:04:01 -0700] "GET /bootstrap/img/favicon.ico HTTP/1.0" 200 553 "-" "Mozilla/5.0 (X11; Linux x86_64; rv:45.0) Gecko/20100101 Firefox/45.0" 
190.6.86.106 - - [16/Mar/2017:06:04:01 -0700] "GET /GitHub-Mark.png HTTP/1.0" 200 7391 "http://www.secrepo.com/" "Mozilla/5.0 (X11; Linux x86_64; rv:45.0) Gecko/20100101 Firefox/45.0" 
190.6.86.106 - - [16/Mar/2017:06:04:01 -0700] "GET /twitter-icon.png HTTP/1.0" 200 27751 "http://www.secrepo.com/" "Mozilla/5.0 (X11; Linux x86_64; rv:45.0) Gecko/20100101 Firefox/45.0" 
24.157.157.180 - - [16/Mar/2017:06:14:19 -0700] "GET /wp-login.php HTTP/1.1" 404 295 "-" "Mozilla/5.0 (Windows NT 6.1; WOW64; rv:40.0) Gecko/20100101 Firefox/40.1" 
24.157.157.180 - - [16/Mar/2017:06:14:24 -0700] "GET /wp-login.php HTTP/1.1" 404 295 "-" "Mozilla/5.0 (Windows NT 6.1; WOW64; rv:40.0) Gecko/20100101 Firefox/40.1" 
24.157.157.180 - - [16/Mar/2017:06:14:29 -0700] "GET / HTTP/1.1" 200 36475 "-" "Mozilla/5.0 (Windows NT 6.1; WOW64; rv:40.0) Gecko/20100101 Firefox/40.1" 
66.249.65.210 - - [16/Mar/2017:06:15:42 -0700] "GET /robots.txt HTTP/1.1" 301 502 "-" "Mozilla/5.0 (compatible; Googlebot/2.1; +http://www.google.com/bot.html)" 
66.249.65.62 - - [16/Mar/2017:06:15:42 -0700] "GET /robots.txt HTTP/1.1" 200 334 "-" "Mozilla/5.0 (compatible; Googlebot/2.1; +http://www.google.com/bot.html)" 
66.249.65.210 - - [16/Mar/2017:06:15:42 -0700] "GET / HTTP/1.1" 301 482 "-" "Mozilla/5.0 (compatible; Googlebot/2.1; +http://www.google.com/bot.html)" 
66.249.65.2 - - [16/Mar/2017:06:15:42 -0700] "GET / HTTP/1.1" 200 10792 "-" "Mozilla/5.0 (compatible; Googlebot/2.1; +http://www.google.com/bot.html)" 
84.109.137.242 - - [16/Mar/2017:06:16:48 -0700] "GET /robots.txt HTTP/1.1" 301 465 "-" "null" 
84.109.137.242 - - [16/Mar/2017:06:16:59 -0700] "GET /robots.txt HTTP/1.1" 200 297 "-" "null" 
67.83.216.120 - - [16/Mar/2017:06:19:32 -0700] "GET / HTTP/1.1" 200 10792 "https://duckduckgo.com/" "Mozilla/5.0 (Windows NT 10.0; WOW64; rv:51.0) Gecko/20100101 Firefox/51.0" 
67.83.216.120 - - [16/Mar/2017:06:19:32 -0700] "GET /bootstrap/img/favicon.ico HTTP/1.1" 200 589 "-" "Mozilla/5.0 (Windows NT 10.0; WOW64; rv:51.0) Gecko/20100101 Firefox/51.0" 
67.83.216.120 - - [16/Mar/2017:06:19:33 -0700] "GET /twitter-icon.png HTTP/1.1" 200 27787 "http://www.secrepo.com/" "Mozilla/5.0 (Windows NT 10.0; WOW64; rv:51.0) Gecko/20100101 Firefox/51.0" 
67.83.216.120 - - [16/Mar/2017:06:19:33 -0700] "GET /GitHub-Mark.png HTTP/1.1" 200 7428 "http://www.secrepo.com/" "Mozilla/5.0 (Windows NT 10.0; WOW64; rv:51.0) Gecko/20100101 Firefox/51.0" 
208.80.194.120 - - [16/Mar/2017:06:23:48 -0700] "GET / HTTP/1.0" 200 36464 "-" "Mozilla/5.0 (Windows NT 5.1) AppleWebKit/534.24 (KHTML, like Gecko) Chrome/11.0.696.68 Safari/534.24" 
60.54.11.139 - - [16/Mar/2017:06:25:49 -0700] "GET /wp-login.php HTTP/1.1" 404 295 "-" "Mozilla/5.0 (Windows NT 6.1; WOW64; rv:40.0) Gecko/20100101 Firefox/40.1" 
60.54.11.139 - - [16/Mar/2017:06:25:54 -0700] "GET /wp-login.php HTTP/1.1" 404 295 "-" "Mozilla/5.0 (Windows NT 6.1; WOW64; rv:40.0) Gecko/20100101 Firefox/40.1" 
60.54.11.139 - - [16/Mar/2017:06:26:00 -0700] "GET / HTTP/1.1" 200 36475 "-" "Mozilla/5.0 (Windows NT 6.1; WOW64; rv:40.0) Gecko/20100101 Firefox/40.1" 
60.54.11.139 - - [16/Mar/2017:06:27:02 -0700] "GET /wp-login.php HTTP/1.1" 301 522 "-" "Mozilla/5.0 (Windows NT 6.1; WOW64; rv:40.0) Gecko/20100101 Firefox/40.1" 
60.54.11.139 - - [16/Mar/2017:06:27:02 -0700] "GET /wp-login.php HTTP/1.1" 404 295 "-" "Mozilla/5.0 (Windows NT 6.1; WOW64; rv:40.0) Gecko/20100101 Firefox/40.1" 
60.54.11.139 - - [16/Mar/2017:06:27:08 -0700] "GET /wp-login.php HTTP/1.1" 301 522 "-" "Mozilla/5.0 (Windows NT 6.1; WOW64; rv:40.0) Gecko/20100101 Firefox/40.1" 
60.54.11.139 - - [16/Mar/2017:06:27:08 -0700] "GET /wp-login.php HTTP/1.1" 404 295 "-" "Mozilla/5.0 (Windows NT 6.1; WOW64; rv:40.0) Gecko/20100101 Firefox/40.1" 
60.54.11.139 - - [16/Mar/2017:06:27:14 -0700] "GET / HTTP/1.1" 301 498 "-" "Mozilla/5.0 (Windows NT 6.1; WOW64; rv:40.0) Gecko/20100101 Firefox/40.1" 
60.54.11.139 - - [16/Mar/2017:06:27:15 -0700] "GET / HTTP/1.1" 200 36475 "-" "Mozilla/5.0 (Windows NT 6.1; WOW64; rv:40.0) Gecko/20100101 Firefox/40.1" 
51.255.65.36 - - [16/Mar/2017:06:37:29 -0700] "GET /self.logs/access.log.2016-05-17.gz HTTP/1.1" 200 13727 "-" "Mozilla/5.0 (compatible; AhrefsBot/5.2; +http://ahrefs.com/robot/)" 
66.249.65.62 - - [16/Mar/2017:06:42:13 -0700] "GET / HTTP/1.1" 200 10792 "-" "Mozilla/5.0 (Linux; Android 6.0.1; Nexus 5X Build/MMB29P) AppleWebKit/537.36 (KHTML, like Gecko) Chrome/41.0.2272.96 Mobile Safari/537.36 (compatible; Googlebot/2.1; +http://www.google.com/bot.html)" 
67.83.216.120 - - [16/Mar/2017:06:45:00 -0700] "GET /favicon.ico HTTP/1.1" 200 268 "-" "Mozilla/5.0 (Windows NT 10.0; WOW64; rv:51.0) Gecko/20100101 Firefox/51.0" 
91.135.188.215 - - [16/Mar/2017:06:57:19 -0700] "GET / HTTP/1.1" 200 10792 "https://www.google.fr/" "Mozilla/5.0 (Windows NT 10.0; Win64; x64) AppleWebKit/537.36 (KHTML, like Gecko) Chrome/56.0.2924.87 Safari/537.36" 
91.135.188.215 - - [16/Mar/2017:06:57:19 -0700] "GET /twitter-icon.png HTTP/1.1" 200 27787 "http://www.secrepo.com/" "Mozilla/5.0 (Windows NT 10.0; Win64; x64) AppleWebKit/537.36 (KHTML, like Gecko) Chrome/56.0.2924.87 Safari/537.36" 
91.135.188.215 - - [16/Mar/2017:06:57:19 -0700] "GET /GitHub-Mark.png HTTP/1.1" 200 7428 "http://www.secrepo.com/" "Mozilla/5.0 (Windows NT 10.0; Win64; x64) AppleWebKit/537.36 (KHTML, like Gecko) Chrome/56.0.2924.87 Safari/537.36" 
91.135.188.215 - - [16/Mar/2017:06:57:20 -0700] "GET /bootstrap/img/favicon.ico HTTP/1.1" 200 590 "http://www.secrepo.com/" "Mozilla/5.0 (Windows NT 10.0; Win64; x64) AppleWebKit/537.36 (KHTML, like Gecko) Chrome/56.0.2924.87 Safari/537.36" 
101.183.44.66 - - [16/Mar/2017:06:57:37 -0700] "GET / HTTP/1.1" 200 10792 "https://www.google.com.au/" "Mozilla/5.0 (Windows NT 6.1; Win64; x64) AppleWebKit/537.36 (KHTML, like Gecko) Chrome/53.0.2785.116 Safari/537.36" 
101.183.44.66 - - [16/Mar/2017:06:57:38 -0700] "GET /GitHub-Mark.png HTTP/1.1" 200 7427 "http://www.secrepo.com/" "Mozilla/5.0 (Windows NT 6.1; Win64; x64) AppleWebKit/537.36 (KHTML, like Gecko) Chrome/53.0.2785.116 Safari/537.36" 
101.183.44.66 - - [16/Mar/2017:06:57:39 -0700] "GET /bootstrap/img/favicon.ico HTTP/1.1" 200 589 "http://www.secrepo.com/" "Mozilla/5.0 (Windows NT 6.1; Win64; x64) AppleWebKit/537.36 (KHTML, like Gecko) Chrome/53.0.2785.116 Safari/537.36" 
89.203.180.133 - - [16/Mar/2017:07:01:24 -0700] "GET /wp-login.php HTTP/1.1" 404 295 "-" "Mozilla/5.0 (Windows NT 6.1; WOW64; rv:40.0) Gecko/20100101 Firefox/40.1" 
163.172.65.181 - - [16/Mar/2017:07:01:25 -0700] "GET /self.logs/access.log.2016-10-11.gz HTTP/1.1" 200 18685 "-" "Mozilla/5.0 (compatible; AhrefsBot/5.2; +http://ahrefs.com/robot/)" 
89.203.180.133 - - [16/Mar/2017:07:01:30 -0700] "GET /wp-login.php HTTP/1.1" 404 295 "-" "Mozilla/5.0 (Windows NT 6.1; WOW64; rv:40.0) Gecko/20100101 Firefox/40.1" 
89.203.180.133 - - [16/Mar/2017:07:01:36 -0700] "GET / HTTP/1.1" 200 36475 "-" "Mozilla/5.0 (Windows NT 6.1; WOW64; rv:40.0) Gecko/20100101 Firefox/40.1" 
51.255.65.84 - - [16/Mar/2017:07:08:52 -0700] "GET /self.logs/error.log.2015-09-01.gz HTTP/1.1" 200 662 "-" "Mozilla/5.0 (compatible; AhrefsBot/5.2; +http://ahrefs.com/robot/)" 
91.135.188.215 - - [16/Mar/2017:07:11:31 -0700] "GET /favicon.ico HTTP/1.1" 200 268 "http://www.secrepo.com/Security-Data-Analysis/Lab_2/http.log.zip" "Mozilla/5.0 (Windows NT 10.0; Win64; x64) AppleWebKit/537.36 (KHTML, like Gecko) Chrome/56.0.2924.87 Safari/537.36" 
105.96.4.200 - - [16/Mar/2017:07:11:34 -0700] "GET /wp-login.php HTTP/1.1" 404 295 "-" "Mozilla/5.0 (Windows NT 6.1; WOW64; rv:40.0) Gecko/20100101 Firefox/40.1" 
105.96.4.200 - - [16/Mar/2017:07:11:40 -0700] "GET /wp-login.php HTTP/1.1" 404 295 "-" "Mozilla/5.0 (Windows NT 6.1; WOW64; rv:40.0) Gecko/20100101 Firefox/40.1" 
105.96.4.200 - - [16/Mar/2017:07:11:46 -0700] "GET / HTTP/1.1" 200 36475 "-" "Mozilla/5.0 (Windows NT 6.1; WOW64; rv:40.0) Gecko/20100101 Firefox/40.1" 
91.135.188.215 - - [16/Mar/2017:07:11:35 -0700] "GET /Security-Data-Analysis/Lab_2/http.log.zip HTTP/1.1" 200 53454198 "http://www.secrepo.com/Security-Data-Analysis/Lab_2/http.log.zip" "Mozilla/5.0 (Windows NT 10.0; Win64; x64) AppleWebKit/537.36 (KHTML, like Gecko) Chrome/56.0.2924.87 Safari/537.36" 
163.172.65.111 - - [16/Mar/2017:07:16:53 -0700] "GET /self.logs/access.log.2015-11-25.gz HTTP/1.1" 200 7996 "-" "Mozilla/5.0 (compatible; AhrefsBot/5.2; +http://ahrefs.com/robot/)" 
163.172.65.18 - - [16/Mar/2017:07:20:38 -0700] "GET /self.logs/error.log.2016-11-12.gz HTTP/1.1" 200 653 "-" "Mozilla/5.0 (compatible; AhrefsBot/5.2; +http://ahrefs.com/robot/)" 
45.20.192.158 - - [16/Mar/2017:07:21:58 -0700] "GET / HTTP/1.1" 301 483 "-" "Mozilla/5.0 (Macintosh; Intel Mac OS X 10_11_6) AppleWebKit/537.36 (KHTML, like Gecko) Chrome/56.0.2924.87 Safari/537.36" 
45.20.192.158 - - [16/Mar/2017:07:21:58 -0700] "GET / HTTP/1.1" 200 10792 "-" "Mozilla/5.0 (Macintosh; Intel Mac OS X 10_11_6) AppleWebKit/537.36 (KHTML, like Gecko) Chrome/56.0.2924.87 Safari/537.36" 
45.20.192.158 - - [16/Mar/2017:07:21:58 -0700] "GET /twitter-icon.png HTTP/1.1" 200 27787 "http://www.secrepo.com/" "Mozilla/5.0 (Macintosh; Intel Mac OS X 10_11_6) AppleWebKit/537.36 (KHTML, like Gecko) Chrome/56.0.2924.87 Safari/537.36" 
45.20.192.158 - - [16/Mar/2017:07:21:58 -0700] "GET /GitHub-Mark.png HTTP/1.1" 200 7428 "http://www.secrepo.com/" "Mozilla/5.0 (Macintosh; Intel Mac OS X 10_11_6) AppleWebKit/537.36 (KHTML, like Gecko) Chrome/56.0.2924.87 Safari/537.36" 
45.20.192.158 - - [16/Mar/2017:07:21:58 -0700] "GET /bootstrap/img/favicon.ico HTTP/1.1" 200 589 "http://www.secrepo.com/" "Mozilla/5.0 (Macintosh; Intel Mac OS X 10_11_6) AppleWebKit/537.36 (KHTML, like Gecko) Chrome/56.0.2924.87 Safari/537.36" 
183.57.53.177 - - [16/Mar/2017:07:22:29 -0700] "GET / HTTP/1.1" 200 10755 "-" "Mozilla/5.0 (iPhone; CPU iPhone OS 9_3_4 like Mac OS X) AppleWebKit/601.1.46 (KHTML, like Gecko) Mobile/13G35 QQ/6.5.3.410 V1_IPH_SQ_6.5.3_1_APP_A Pixel/750 Core/UIWebView NetType/2G Mem/117" 
101.226.99.197 - - [16/Mar/2017:07:22:44 -0700] "GET / HTTP/1.1" 200 10792 "-" "Mozilla/5.0 (Windows NT 6.1; WOW64; rv:50.0) Gecko/20100101 Firefox/50.0" 
180.180.117.45 - - [16/Mar/2017:07:23:29 -0700] "GET / HTTP/1.1" 200 10792 "http://www.secrepo.com/" "Mozilla/5.0 (Windows NT 6.1; WOW64) AppleWebKit/537.36 (KHTML, like Gecko) Iron/29.0.1600.1 Chrome/29.0.1600.1 Safari/537.36" 
173.208.141.74 - - [16/Mar/2017:07:35:16 -0700] "GET / HTTP/1.0" 301 461 "http://secrepo.com/" "Mozilla/4.0 (compatible; MSIE 6.0; Windows NT 5.1; SV1; .NET CLR 2.0.50727)" 
173.208.141.74 - - [16/Mar/2017:07:35:17 -0700] "GET / HTTP/1.0" 200 36464 "http://www.secrepo.com/" "Mozilla/4.0 (compatible; MSIE 6.0; Windows NT 5.1; SV1; .NET CLR 2.0.50727)" 
193.222.160.75 - - [16/Mar/2017:07:35:28 -0700] "GET / HTTP/1.1" 200 10792 "http://www.mlsecproject.org/" "Mozilla/5.0 (Macintosh; Intel Mac OS X 10_11_6) AppleWebKit/602.4.8 (KHTML, like Gecko) Version/10.0.3 Safari/602.4.8" 
193.222.160.75 - - [16/Mar/2017:07:35:29 -0700] "GET /GitHub-Mark.png HTTP/1.1" 200 7427 "http://www.secrepo.com/" "Mozilla/5.0 (Macintosh; Intel Mac OS X 10_11_6) AppleWebKit/602.4.8 (KHTML, like Gecko) Version/10.0.3 Safari/602.4.8" 
193.222.160.75 - - [16/Mar/2017:07:35:29 -0700] "GET /twitter-icon.png HTTP/1.1" 200 27788 "http://www.secrepo.com/" "Mozilla/5.0 (Macintosh; Intel Mac OS X 10_11_6) AppleWebKit/602.4.8 (KHTML, like Gecko) Version/10.0.3 Safari/602.4.8" 
193.222.160.75 - - [16/Mar/2017:07:35:29 -0700] "GET /bootstrap/img/favicon.ico HTTP/1.1" 200 589 "http://www.secrepo.com/" "Mozilla/5.0 (Macintosh; Intel Mac OS X 10_11_6) AppleWebKit/602.4.8 (KHTML, like Gecko) Version/10.0.3 Safari/602.4.8" 
217.78.105.36 - - [16/Mar/2017:07:35:31 -0700] "GET / HTTP/1.1" 200 10792 "https://www.google.com.tr/" "Mozilla/5.0 (Windows NT 10.0; WOW64) AppleWebKit/537.36 (KHTML, like Gecko) Chrome/56.0.2924.87 Safari/537.36" 
217.78.105.36 - - [16/Mar/2017:07:35:32 -0700] "GET /twitter-icon.png HTTP/1.1" 200 27787 "http://www.secrepo.com/" "Mozilla/5.0 (Windows NT 10.0; WOW64) AppleWebKit/537.36 (KHTML, like Gecko) Chrome/56.0.2924.87 Safari/537.36" 
217.78.105.36 - - [16/Mar/2017:07:35:32 -0700] "GET /GitHub-Mark.png HTTP/1.1" 200 7428 "http://www.secrepo.com/" "Mozilla/5.0 (Windows NT 10.0; WOW64) AppleWebKit/537.36 (KHTML, like Gecko) Chrome/56.0.2924.87 Safari/537.36" 
217.78.105.36 - - [16/Mar/2017:07:35:33 -0700] "GET /bootstrap/img/favicon.ico HTTP/1.1" 200 589 "http://www.secrepo.com/" "Mozilla/5.0 (Windows NT 10.0; WOW64) AppleWebKit/537.36 (KHTML, like Gecko) Chrome/56.0.2924.87 Safari/537.36" 
193.222.160.75 - - [16/Mar/2017:07:35:50 -0700] "GET /self.logs/ HTTP/1.1" 200 16142 "http://www.secrepo.com/" "Mozilla/5.0 (Macintosh; Intel Mac OS X 10_11_6) AppleWebKit/602.4.8 (KHTML, like Gecko) Version/10.0.3 Safari/602.4.8" 
193.222.160.75 - - [16/Mar/2017:07:35:54 -0700] "GET /favicon.ico HTTP/1.1" 200 267 "http://www.secrepo.com/self.logs/" "Mozilla/5.0 (Macintosh; Intel Mac OS X 10_11_6) AppleWebKit/602.4.8 (KHTML, like Gecko) Version/10.0.3 Safari/602.4.8" 
193.222.160.75 - - [16/Mar/2017:07:36:00 -0700] "GET /self.logs/access.log.2015-01-17.gz HTTP/1.1" 200 3597 "http://www.secrepo.com/self.logs/" "Mozilla/5.0 (Macintosh; Intel Mac OS X 10_11_6) AppleWebKit/602.4.8 (KHTML, like Gecko) Version/10.0.3 Safari/602.4.8" 
193.222.160.75 - - [16/Mar/2017:07:36:26 -0700] "GET /auth.log/auth.log.gz HTTP/1.1" 200 554524 "http://www.secrepo.com/" "Mozilla/5.0 (Macintosh; Intel Mac OS X 10_11_6) AppleWebKit/602.4.8 (KHTML, like Gecko) Version/10.0.3 Safari/602.4.8" 
217.78.105.36 - - [16/Mar/2017:07:37:47 -0700] "GET /pe_static/zeus.zip HTTP/1.1" 200 1765140 "-" "Mozilla/5.0 (Windows NT 10.0; WOW64) AppleWebKit/537.36 (KHTML, like Gecko) Chrome/56.0.2924.87 Safari/537.36" 
37.142.170.66 - - [16/Mar/2017:07:37:57 -0700] "GET / HTTP/1.1" 200 10792 "http://fsecurify.com/machine-learning-and-cyber-security/" "Mozilla/5.0 (Linux; Android 6.0; LG-H815 Build/MRA58K) AppleWebKit/537.36 (KHTML, like Gecko) Chrome/56.0.2924.87 Mobile Safari/537.36" 
217.78.105.36 - - [16/Mar/2017:07:37:41 -0700] "GET /maccdc2012/conn.log.gz HTTP/1.1" 200 2017403 "-" "Mozilla/5.0 (Windows NT 10.0; WOW64) AppleWebKit/537.36 (KHTML, like Gecko) Chrome/56.0.2924.87 Safari/537.36" 
37.142.170.66 - - [16/Mar/2017:07:37:58 -0700] "GET /twitter-icon.png HTTP/1.1" 200 27787 "http://www.secrepo.com/" "Mozilla/5.0 (Linux; Android 6.0; LG-H815 Build/MRA58K) AppleWebKit/537.36 (KHTML, like Gecko) Chrome/56.0.2924.87 Mobile Safari/537.36" 
37.142.170.66 - - [16/Mar/2017:07:37:58 -0700] "GET /GitHub-Mark.png HTTP/1.1" 200 7428 "http://www.secrepo.com/" "Mozilla/5.0 (Linux; Android 6.0; LG-H815 Build/MRA58K) AppleWebKit/537.36 (KHTML, like Gecko) Chrome/56.0.2924.87 Mobile Safari/537.36" 
37.142.170.66 - - [16/Mar/2017:07:37:59 -0700] "GET /bootstrap/img/favicon.ico HTTP/1.1" 200 589 "http://www.secrepo.com/" "Mozilla/5.0 (Linux; Android 6.0; LG-H815 Build/MRA58K) AppleWebKit/537.36 (KHTML, like Gecko) Chrome/56.0.2924.87 Mobile Safari/537.36" 
50.89.242.234 - - [16/Mar/2017:07:43:55 -0700] "GET / HTTP/1.1" 200 10792 "-" "Mozilla/5.0 (Windows NT 10.0; Win64; x64) AppleWebKit/537.36 (KHTML, like Gecko) Chrome/56.0.2924.87 Safari/537.36" 
50.89.242.234 - - [16/Mar/2017:07:43:55 -0700] "GET /GitHub-Mark.png HTTP/1.1" 200 7428 "http://www.secrepo.com/" "Mozilla/5.0 (Windows NT 10.0; Win64; x64) AppleWebKit/537.36 (KHTML, like Gecko) Chrome/56.0.2924.87 Safari/537.36" 
50.89.242.234 - - [16/Mar/2017:07:43:55 -0700] "GET /twitter-icon.png HTTP/1.1" 200 27787 "http://www.secrepo.com/" "Mozilla/5.0 (Windows NT 10.0; Win64; x64) AppleWebKit/537.36 (KHTML, like Gecko) Chrome/56.0.2924.87 Safari/537.36" 
50.89.242.234 - - [16/Mar/2017:07:43:56 -0700] "GET /bootstrap/img/favicon.ico HTTP/1.1" 200 589 "http://www.secrepo.com/" "Mozilla/5.0 (Windows NT 10.0; Win64; x64) AppleWebKit/537.36 (KHTML, like Gecko) Chrome/56.0.2924.87 Safari/537.36" 
104.129.194.134 - - [16/Mar/2017:07:47:06 -0700] "GET / HTTP/1.1" 200 10792 "http://www.mlsecproject.org/" "Mozilla/5.0 (Windows NT 10.0; WOW64) AppleWebKit/537.36 (KHTML, like Gecko) Chrome/57.0.2987.98 Safari/537.36" 
104.129.194.134 - - [16/Mar/2017:07:47:06 -0700] "GET /twitter-icon.png HTTP/1.1" 200 27787 "http://www.secrepo.com/" "Mozilla/5.0 (Windows NT 10.0; WOW64) AppleWebKit/537.36 (KHTML, like Gecko) Chrome/57.0.2987.98 Safari/537.36" 
104.129.194.134 - - [16/Mar/2017:07:47:06 -0700] "GET /GitHub-Mark.png HTTP/1.1" 200 7427 "http://www.secrepo.com/" "Mozilla/5.0 (Windows NT 10.0; WOW64) AppleWebKit/537.36 (KHTML, like Gecko) Chrome/57.0.2987.98 Safari/537.36" 
104.129.194.134 - - [16/Mar/2017:07:47:22 -0700] "GET /misc/zeus_dga_domains.txt.zip HTTP/1.1" 200 594360 "-" "Mozilla/5.0 (Windows NT 10.0; WOW64) AppleWebKit/537.36 (KHTML, like Gecko) Chrome/57.0.2987.98 Safari/537.36" 
104.129.194.134 - - [16/Mar/2017:07:47:27 -0700] "GET /pe_static/zeus.zip HTTP/1.1" 200 51367111 "-" "Mozilla/5.0 (Windows NT 10.0; WOW64) AppleWebKit/537.36 (KHTML, like Gecko) Chrome/57.0.2987.98 Safari/537.36" 
141.143.213.42 - - [16/Mar/2017:07:48:00 -0700] "GET / HTTP/1.1" 200 10792 "http://www.kdnuggets.com/2017/01/machine-learning-cyber-security.html" "Mozilla/5.0 (Windows NT 6.1; Win64; x64) AppleWebKit/537.36 (KHTML, like Gecko) Chrome/56.0.2924.87 Safari/537.36" 
141.143.213.42 - - [16/Mar/2017:07:48:01 -0700] "GET /twitter-icon.png HTTP/1.1" 200 27787 "http://www.secrepo.com/" "Mozilla/5.0 (Windows NT 6.1; Win64; x64) AppleWebKit/537.36 (KHTML, like Gecko) Chrome/56.0.2924.87 Safari/537.36" 
141.143.213.42 - - [16/Mar/2017:07:48:01 -0700] "GET /GitHub-Mark.png HTTP/1.1" 200 7428 "http://www.secrepo.com/" "Mozilla/5.0 (Windows NT 6.1; Win64; x64) AppleWebKit/537.36 (KHTML, like Gecko) Chrome/56.0.2924.87 Safari/537.36" 
141.143.213.42 - - [16/Mar/2017:07:48:02 -0700] "GET /bootstrap/img/favicon.ico HTTP/1.1" 200 589 "http://www.secrepo.com/" "Mozilla/5.0 (Windows NT 6.1; Win64; x64) AppleWebKit/537.36 (KHTML, like Gecko) Chrome/56.0.2924.87 Safari/537.36" 
210.48.222.13 - - [16/Mar/2017:07:50:03 -0700] "GET / HTTP/1.1" 200 10792 "-" "Mozilla/5.0 (Windows NT 6.2; WOW64) AppleWebKit/537.36 (KHTML, like Gecko) Chrome/56.0.2924.87 Safari/537.36" 
210.48.222.13 - - [16/Mar/2017:07:50:06 -0700] "GET /GitHub-Mark.png HTTP/1.1" 200 7428 "http://www.secrepo.com/" "Mozilla/5.0 (Windows NT 6.2; WOW64) AppleWebKit/537.36 (KHTML, like Gecko) Chrome/56.0.2924.87 Safari/537.36" 
210.48.222.13 - - [16/Mar/2017:07:50:06 -0700] "GET /twitter-icon.png HTTP/1.1" 200 27788 "http://www.secrepo.com/" "Mozilla/5.0 (Windows NT 6.2; WOW64) AppleWebKit/537.36 (KHTML, like Gecko) Chrome/56.0.2924.87 Safari/537.36" 
210.48.222.13 - - [16/Mar/2017:07:51:16 -0700] "GET /self.logs/ HTTP/1.1" 200 16142 "http://www.secrepo.com/" "Mozilla/5.0 (Windows NT 6.2; WOW64) AppleWebKit/537.36 (KHTML, like Gecko) Chrome/56.0.2924.87 Safari/537.36" 
210.48.222.13 - - [16/Mar/2017:07:51:19 -0700] "GET /favicon.ico HTTP/1.1" 200 268 "http://www.secrepo.com/self.logs/" "Mozilla/5.0 (Windows NT 6.2; WOW64) AppleWebKit/537.36 (KHTML, like Gecko) Chrome/56.0.2924.87 Safari/537.36" 
210.48.222.13 - - [16/Mar/2017:07:50:46 -0700] "GET /maccdc2012/http.log.gz HTTP/1.1" 200 2166640 "-" "Mozilla/5.0 (Windows NT 6.2; WOW64) AppleWebKit/537.36 (KHTML, like Gecko) Chrome/56.0.2924.87 Safari/537.36" 
210.48.222.13 - - [16/Mar/2017:07:50:48 -0700] "GET /maccdc2012/http.log.gz HTTP/1.1" 200 2166640 "-" "Mozilla/5.0 (Windows NT 6.2; WOW64) AppleWebKit/537.36 (KHTML, like Gecko) Chrome/56.0.2924.87 Safari/537.36" 
130.20.35.65 - - [16/Mar/2017:07:55:51 -0700] "GET / HTTP/1.1" 304 189 "-" "Mozilla/5.0 (Windows NT 6.1; WOW64) AppleWebKit/537.36 (KHTML, like Gecko) Chrome/56.0.2924.87 Safari/537.36" 
130.20.35.65 - - [16/Mar/2017:07:55:53 -0700] "GET /bootstrap/img/favicon.ico HTTP/1.1" 200 589 "http://www.secrepo.com/" "Mozilla/5.0 (Windows NT 6.1; WOW64) AppleWebKit/537.36 (KHTML, like Gecko) Chrome/56.0.2924.87 Safari/537.36" 
141.143.213.42 - - [16/Mar/2017:07:50:20 -0700] "GET /Security-Data-Analysis/Lab_1/conn.log.zip HTTP/1.1" 200 549098528 "-" "Mozilla/5.0 (Windows NT 6.1; Win64; x64) AppleWebKit/537.36 (KHTML, like Gecko) Chrome/56.0.2924.87 Safari/537.36" 
149.132.31.5 - - [16/Mar/2017:07:58:12 -0700] "GET / HTTP/1.1" 200 10792 "https://www.google.it/" "Mozilla/5.0 (Windows NT 10.0; Win64; x64) AppleWebKit/537.36 (KHTML, like Gecko) Chrome/57.0.2987.98 Safari/537.36" 
149.132.31.5 - - [16/Mar/2017:07:58:13 -0700] "GET /twitter-icon.png HTTP/1.1" 200 27787 "http://www.secrepo.com/" "Mozilla/5.0 (Windows NT 10.0; Win64; x64) AppleWebKit/537.36 (KHTML, like Gecko) Chrome/57.0.2987.98 Safari/537.36" 
149.132.31.5 - - [16/Mar/2017:07:58:13 -0700] "GET /GitHub-Mark.png HTTP/1.1" 200 7428 "http://www.secrepo.com/" "Mozilla/5.0 (Windows NT 10.0; Win64; x64) AppleWebKit/537.36 (KHTML, like Gecko) Chrome/57.0.2987.98 Safari/537.36" 
149.132.31.5 - - [16/Mar/2017:07:58:13 -0700] "GET /bootstrap/img/favicon.ico HTTP/1.1" 200 589 "http://www.secrepo.com/" "Mozilla/5.0 (Windows NT 10.0; Win64; x64) AppleWebKit/537.36 (KHTML, like Gecko) Chrome/57.0.2987.98 Safari/537.36" 
178.37.152.197 - - [16/Mar/2017:07:58:29 -0700] "GET / HTTP/1.1" 200 10792 "-" "Mozilla/5.0 (Windows NT 10.0; Win64; x64) AppleWebKit/537.36 (KHTML, like Gecko) Chrome/51.0.2704.79 Safari/537.36 Edge/14.14393" 
178.37.152.197 - - [16/Mar/2017:07:58:30 -0700] "GET /GitHub-Mark.png HTTP/1.1" 200 7427 "http://www.secrepo.com/" "Mozilla/5.0 (Windows NT 10.0; Win64; x64) AppleWebKit/537.36 (KHTML, like Gecko) Chrome/51.0.2704.79 Safari/537.36 Edge/14.14393" 
178.37.152.197 - - [16/Mar/2017:07:58:30 -0700] "GET /twitter-icon.png HTTP/1.1" 200 27788 "http://www.secrepo.com/" "Mozilla/5.0 (Windows NT 10.0; Win64; x64) AppleWebKit/537.36 (KHTML, like Gecko) Chrome/51.0.2704.79 Safari/537.36 Edge/14.14393" 
178.37.152.197 - - [16/Mar/2017:07:58:30 -0700] "GET /bootstrap/img/favicon.ico HTTP/1.1" 200 590 "-" "Mozilla/5.0 (Windows NT 10.0; Win64; x64) AppleWebKit/537.36 (KHTML, like Gecko) Chrome/51.0.2704.79 Safari/537.36 Edge/14.14393" 
192.210.161.98 - - [16/Mar/2017:07:59:23 -0700] "GET /honeypot/BSidesDFW%20-%202014.ipynb HTTP/1.0" 200 930799 "http://www.secrepo.com/" "Mozilla/5.0 (Windows NT 6.1; WOW64) AppleWebKit/537.36 (KHTML, like Gecko) Iron/29.0.1600.1 Chrome/29.0.1600.1 Safari/537.36" 
210.48.222.13 - - [16/Mar/2017:07:50:41 -0700] "GET /maccdc2012/http.log.gz HTTP/1.1" 200 10780640 "-" "Mozilla/5.0 (Windows NT 6.2; WOW64) AppleWebKit/537.36 (KHTML, like Gecko) Chrome/56.0.2924.87 Safari/537.36" 
109.26.216.163 - - [16/Mar/2017:08:02:54 -0700] "GET / HTTP/1.1" 200 10792 "https://www.google.com/" "Mozilla/5.0 (Windows NT 10.0; Win64; x64) AppleWebKit/537.36 (KHTML, like Gecko) Chrome/56.0.2924.87 Safari/537.36" 
109.26.216.163 - - [16/Mar/2017:08:02:54 -0700] "GET /twitter-icon.png HTTP/1.1" 200 27787 "http://www.secrepo.com/" "Mozilla/5.0 (Windows NT 10.0; Win64; x64) AppleWebKit/537.36 (KHTML, like Gecko) Chrome/56.0.2924.87 Safari/537.36" 
109.26.216.163 - - [16/Mar/2017:08:02:54 -0700] "GET /GitHub-Mark.png HTTP/1.1" 200 7428 "http://www.secrepo.com/" "Mozilla/5.0 (Windows NT 10.0; Win64; x64) AppleWebKit/537.36 (KHTML, like Gecko) Chrome/56.0.2924.87 Safari/537.36" 
109.26.216.163 - - [16/Mar/2017:08:02:54 -0700] "GET /bootstrap/img/favicon.ico HTTP/1.1" 304 164 "http://www.secrepo.com/" "Mozilla/5.0 (Windows NT 10.0; Win64; x64) AppleWebKit/537.36 (KHTML, like Gecko) Chrome/56.0.2924.87 Safari/537.36" 
109.26.216.163 - - [16/Mar/2017:08:04:17 -0700] "GET /maccdc2012/http.log.gz HTTP/1.1" 200 54258816 "-" "Mozilla/5.0 (Windows NT 10.0; Win64; x64) AppleWebKit/537.36 (KHTML, like Gecko) Chrome/56.0.2924.87 Safari/537.36" 
41.242.137.41 - - [16/Mar/2017:08:12:46 -0700] "GET /honeypot/Honeypot%20-%20Howto.pdf HTTP/1.1" 200 1279418 "https://www.google.com.gh/" "Mozilla/5.0 (Windows NT 6.1; rv:51.0) Gecko/20100101 Firefox/51.0" 
41.242.137.41 - - [16/Mar/2017:08:12:55 -0700] "GET /honeypot/Honeypot%20-%20Howto.pdf HTTP/1.1" 206 34291 "https://www.google.com.gh/" "Mozilla/5.0 (Windows NT 6.1; rv:51.0) Gecko/20100101 Firefox/51.0" 
41.242.137.41 - - [16/Mar/2017:08:12:56 -0700] "GET /favicon.ico HTTP/1.1" 200 267 "-" "Mozilla/5.0 (Windows NT 6.1; rv:51.0) Gecko/20100101 Firefox/51.0" 
210.48.222.13 - - [16/Mar/2017:08:15:20 -0700] "GET / HTTP/1.1" 200 10792 "http://www.mlsecproject.org/" "Mozilla/5.0 (Windows NT 10.0; WOW64) AppleWebKit/537.36 (KHTML, like Gecko) Chrome/56.0.2924.87 Safari/537.36" 
210.48.222.13 - - [16/Mar/2017:08:15:40 -0700] "GET /twitter-icon.png HTTP/1.1" 200 27788 "http://www.secrepo.com/" "Mozilla/5.0 (Windows NT 10.0; WOW64) AppleWebKit/537.36 (KHTML, like Gecko) Chrome/56.0.2924.87 Safari/537.36" 
210.48.222.13 - - [16/Mar/2017:08:15:48 -0700] "GET /GitHub-Mark.png HTTP/1.1" 200 7428 "http://www.secrepo.com/" "Mozilla/5.0 (Windows NT 10.0; WOW64) AppleWebKit/537.36 (KHTML, like Gecko) Chrome/56.0.2924.87 Safari/537.36" 
210.48.222.13 - - [16/Mar/2017:08:15:57 -0700] "GET /bootstrap/img/favicon.ico HTTP/1.1" 200 590 "http://www.secrepo.com/" "Mozilla/5.0 (Windows NT 10.0; WOW64) AppleWebKit/537.36 (KHTML, like Gecko) Chrome/56.0.2924.87 Safari/537.36" 
107.172.57.126 - - [16/Mar/2017:08:23:24 -0700] "GET / HTTP/1.0" 200 10755 "http://www.secrepo.com/" "Mozilla/5.0 (Windows NT 6.1; WOW64) AppleWebKit/537.36 (KHTML, like Gecko) Iron/29.0.1600.1 Chrome/29.0.1600.1 Safari/537.36" 
73.58.157.1 - - [16/Mar/2017:08:26:51 -0700] "GET / HTTP/1.1" 200 10792 "https://www.google.com/" "Mozilla/5.0 (Macintosh; Intel Mac OS X 10_10_5) AppleWebKit/537.36 (KHTML, like Gecko) Chrome/56.0.2924.87 Safari/537.36" 
73.58.157.1 - - [16/Mar/2017:08:26:52 -0700] "GET /twitter-icon.png HTTP/1.1" 200 27787 "http://www.secrepo.com/" "Mozilla/5.0 (Macintosh; Intel Mac OS X 10_10_5) AppleWebKit/537.36 (KHTML, like Gecko) Chrome/56.0.2924.87 Safari/537.36" 
73.58.157.1 - - [16/Mar/2017:08:26:52 -0700] "GET /GitHub-Mark.png HTTP/1.1" 200 7428 "http://www.secrepo.com/" "Mozilla/5.0 (Macintosh; Intel Mac OS X 10_10_5) AppleWebKit/537.36 (KHTML, like Gecko) Chrome/56.0.2924.87 Safari/537.36" 
73.58.157.1 - - [16/Mar/2017:08:26:55 -0700] "GET /bootstrap/img/favicon.ico HTTP/1.1" 200 590 "http://www.secrepo.com/" "Mozilla/5.0 (Macintosh; Intel Mac OS X 10_10_5) AppleWebKit/537.36 (KHTML, like Gecko) Chrome/56.0.2924.87 Safari/537.36" 
89.107.180.35 - - [16/Mar/2017:08:27:29 -0700] "GET / HTTP/1.1" 200 36475 "-" "Mozilla/4.0 (compatible;)" 
73.58.157.1 - - [16/Mar/2017:08:27:24 -0700] "GET /tg/a.zip HTTP/1.1" 200 66189337 "-" "Mozilla/5.0 (Macintosh; Intel Mac OS X 10_10_5) AppleWebKit/537.36 (KHTML, like Gecko) Chrome/56.0.2924.87 Safari/537.36" 
159.226.251.229 - - [16/Mar/2017:08:32:58 -0700] "GET /tg/a.zip HTTP/1.1" 304 132 "-" "Mozilla/5.0 Gecko/20100115 Firefox/3.6" 
197.6.115.106 - - [16/Mar/2017:08:38:35 -0700] "GET / HTTP/1.1" 200 10792 "https://www.google.tn/" "Mozilla/5.0 (Windows NT 6.1; Win64; x64) AppleWebKit/537.36 (KHTML, like Gecko) Chrome/56.0.2924.87 Safari/537.36" 
197.6.115.106 - - [16/Mar/2017:08:38:37 -0700] "GET /GitHub-Mark.png HTTP/1.1" 200 7428 "http://www.secrepo.com/" "Mozilla/5.0 (Windows NT 6.1; Win64; x64) AppleWebKit/537.36 (KHTML, like Gecko) Chrome/56.0.2924.87 Safari/537.36" 
197.6.115.106 - - [16/Mar/2017:08:38:38 -0700] "GET /twitter-icon.png HTTP/1.1" 200 27787 "http://www.secrepo.com/" "Mozilla/5.0 (Windows NT 6.1; Win64; x64) AppleWebKit/537.36 (KHTML, like Gecko) Chrome/56.0.2924.87 Safari/537.36" 
197.6.115.106 - - [16/Mar/2017:08:38:41 -0700] "GET /bootstrap/img/favicon.ico HTTP/1.1" 200 590 "http://www.secrepo.com/" "Mozilla/5.0 (Windows NT 6.1; Win64; x64) AppleWebKit/537.36 (KHTML, like Gecko) Chrome/56.0.2924.87 Safari/537.36" 
197.6.115.106 - - [16/Mar/2017:08:39:44 -0700] "GET /maccdc2012/dhcp.log.gz HTTP/1.1" 200 45019 "http://www.secrepo.com/" "Mozilla/5.0 (Windows NT 6.1; Win64; x64) AppleWebKit/537.36 (KHTML, like Gecko) Chrome/56.0.2924.87 Safari/537.36" 
197.6.115.106 - - [16/Mar/2017:08:40:51 -0700] "GET /maccdc2012/dns.log.gz HTTP/1.1" 200 6629420 "-" "Mozilla/5.0 (Windows NT 6.1; Win64; x64) AppleWebKit/537.36 (KHTML, like Gecko) Chrome/56.0.2924.87 Safari/537.36" 
159.226.251.229 - - [16/Mar/2017:09:03:20 -0700] "GET /maccdc2012/conn.log.gz HTTP/1.1" 304 156 "-" "Mozilla/5.0 Gecko/20100115 Firefox/3.6" 
105.96.4.200 - - [16/Mar/2017:09:09:39 -0700] "GET /wp-login.php HTTP/1.1" 301 522 "-" "Mozilla/5.0 (Windows NT 6.1; WOW64; rv:40.0) Gecko/20100101 Firefox/40.1" 
105.96.4.200 - - [16/Mar/2017:09:09:39 -0700] "GET /wp-login.php HTTP/1.1" 404 295 "-" "Mozilla/5.0 (Windows NT 6.1; WOW64; rv:40.0) Gecko/20100101 Firefox/40.1" 
105.96.4.200 - - [16/Mar/2017:09:09:45 -0700] "GET /wp-login.php HTTP/1.1" 301 522 "-" "Mozilla/5.0 (Windows NT 6.1; WOW64; rv:40.0) Gecko/20100101 Firefox/40.1" 
105.96.4.200 - - [16/Mar/2017:09:09:45 -0700] "GET /wp-login.php HTTP/1.1" 404 295 "-" "Mozilla/5.0 (Windows NT 6.1; WOW64; rv:40.0) Gecko/20100101 Firefox/40.1" 
105.96.4.200 - - [16/Mar/2017:09:09:50 -0700] "GET / HTTP/1.1" 301 498 "-" "Mozilla/5.0 (Windows NT 6.1; WOW64; rv:40.0) Gecko/20100101 Firefox/40.1" 
105.96.4.200 - - [16/Mar/2017:09:09:51 -0700] "GET / HTTP/1.1" 200 36475 "-" "Mozilla/5.0 (Windows NT 6.1; WOW64; rv:40.0) Gecko/20100101 Firefox/40.1" 
39.40.150.101 - - [16/Mar/2017:09:13:21 -0700] "GET / HTTP/1.1" 200 10792 "-" "Mozilla/5.0 (Windows NT 6.3; WOW64) AppleWebKit/537.36 (KHTML, like Gecko) Chrome/51.6.2704.63 Safari/537.36" 
39.40.150.101 - - [16/Mar/2017:09:13:21 -0700] "GET /twitter-icon.png HTTP/1.1" 200 27787 "http://www.secrepo.com/" "Mozilla/5.0 (Windows NT 6.3; WOW64) AppleWebKit/537.36 (KHTML, like Gecko) Chrome/51.6.2704.63 Safari/537.36" 
39.40.150.101 - - [16/Mar/2017:09:13:22 -0700] "GET /GitHub-Mark.png HTTP/1.1" 200 7428 "http://www.secrepo.com/" "Mozilla/5.0 (Windows NT 6.3; WOW64) AppleWebKit/537.36 (KHTML, like Gecko) Chrome/51.6.2704.63 Safari/537.36" 
39.40.150.101 - - [16/Mar/2017:09:13:30 -0700] "GET / HTTP/1.1" 200 10792 "-" "Mozilla/5.0 (Windows NT 6.3; Win64; x64) AppleWebKit/537.36 (KHTML, like Gecko) Chrome/57.0.2987.98 Safari/537.36" 
39.40.150.101 - - [16/Mar/2017:09:13:31 -0700] "GET /twitter-icon.png HTTP/1.1" 200 27787 "http://www.secrepo.com/" "Mozilla/5.0 (Windows NT 6.3; Win64; x64) AppleWebKit/537.36 (KHTML, like Gecko) Chrome/57.0.2987.98 Safari/537.36" 
39.40.150.101 - - [16/Mar/2017:09:13:31 -0700] "GET /GitHub-Mark.png HTTP/1.1" 200 7428 "http://www.secrepo.com/" "Mozilla/5.0 (Windows NT 6.3; Win64; x64) AppleWebKit/537.36 (KHTML, like Gecko) Chrome/57.0.2987.98 Safari/537.36" 
39.40.150.101 - - [16/Mar/2017:09:13:34 -0700] "GET /bootstrap/img/favicon.ico HTTP/1.1" 200 590 "http://www.secrepo.com/" "Mozilla/5.0 (Windows NT 6.3; Win64; x64) AppleWebKit/537.36 (KHTML, like Gecko) Chrome/57.0.2987.98 Safari/537.36" 
40.77.167.62 - - [16/Mar/2017:09:14:43 -0700] "GET /self.logs/ HTTP/1.1" 200 16142 "-" "Mozilla/5.0 (iPhone; CPU iPhone OS 7_0 like Mac OS X) AppleWebKit/537.51.1 (KHTML, like Gecko) Version/7.0 Mobile/11A465 Safari/9537.53 (compatible; bingbot/2.0; +http://www.bing.com/bingbot.htm)" 
207.46.13.203 - - [16/Mar/2017:09:17:11 -0700] "GET /robots.txt HTTP/1.1" 200 334 "-" "Mozilla/5.0 (compatible; bingbot/2.0; +http://www.bing.com/bingbot.htm)" 
40.77.167.62 - - [16/Mar/2017:09:17:13 -0700] "GET /maccdc2012/http.log.gz HTTP/1.1" 200 10754114 "-" "Mozilla/5.0 (iPhone; CPU iPhone OS 7_0 like Mac OS X) AppleWebKit/537.51.1 (KHTML, like Gecko) Version/7.0 Mobile/11A465 Safari/9537.53 (compatible; bingbot/2.0; +http://www.bing.com/bingbot.htm)" 
197.6.115.106 - - [16/Mar/2017:09:20:33 -0700] "GET / HTTP/1.1" 200 10792 "-" "Mozilla/5.0 (X11; Ubuntu; Linux i686; rv:35.0) Gecko/20100101 Firefox/35.0" 
197.6.115.106 - - [16/Mar/2017:09:20:54 -0700] "GET /bootstrap/img/favicon.ico HTTP/1.1" 200 590 "-" "Mozilla/5.0 (X11; Ubuntu; Linux i686; rv:35.0) Gecko/20100101 Firefox/35.0" 
