217.182.132.178 - - [14/Aug/2017:02:22:51 -0700] "GET /self.logs/access.log.2015-12-02.gz HTTP/1.1" 200 5938 "-" "Mozilla/5.0 (compatible; AhrefsBot/5.2; +http://ahrefs.com/robot/)" 
113.109.233.131 - - [14/Aug/2017:02:24:56 -0700] "GET /honeypot/Honeypot%20-%20Howto.pdf HTTP/1.1" 200 1279418 "-" "Mozilla/4.0 (compatible; MSIE 6.0; Windows NT 5.1)" 
113.109.233.131 - - [14/Aug/2017:02:24:59 -0700] "GET /honeypot/Honeypot%20-%20Howto.pdf HTTP/1.1" 200 1279362 "-" "Mozilla/4.0 (compatible; MSIE 6.0; Windows NT 5.1)" 
113.109.233.131 - - [14/Aug/2017:02:25:03 -0700] "GET /honeypot/Honeypot%20-%20Howto.pdf HTTP/1.1" 200 1279362 "-" "Mozilla/4.0 (compatible; MSIE 6.0; Windows NT 5.1)" 
113.109.233.131 - - [14/Aug/2017:02:25:05 -0700] "GET /honeypot/Honeypot%20-%20Howto.pdf HTTP/1.1" 200 1279362 "-" "Mozilla/4.0 (compatible; MSIE 6.0; Windows NT 5.1)" 
113.109.233.131 - - [14/Aug/2017:02:25:09 -0700] "GET /honeypot/Honeypot%20-%20Howto.pdf HTTP/1.1" 200 1279362 "-" "Mozilla/4.0 (compatible; MSIE 6.0; Windows NT 5.1)" 
113.109.233.131 - - [14/Aug/2017:02:25:13 -0700] "GET /honeypot/Honeypot%20-%20Howto.pdf HTTP/1.1" 200 1279362 "-" "Mozilla/4.0 (compatible; MSIE 6.0; Windows NT 5.1)" 
113.109.233.131 - - [14/Aug/2017:02:25:16 -0700] "GET /honeypot/Honeypot%20-%20Howto.pdf HTTP/1.1" 200 1279362 "-" "Mozilla/4.0 (compatible; MSIE 6.0; Windows NT 5.1)" 
113.109.233.131 - - [14/Aug/2017:02:25:19 -0700] "GET /honeypot/Honeypot%20-%20Howto.pdf HTTP/1.1" 200 1279362 "-" "Mozilla/4.0 (compatible; MSIE 6.0; Windows NT 5.1)" 
113.109.233.131 - - [14/Aug/2017:02:25:22 -0700] "GET /honeypot/Honeypot%20-%20Howto.pdf HTTP/1.1" 200 1279362 "-" "Mozilla/4.0 (compatible; MSIE 6.0; Windows NT 5.1)" 
113.109.233.131 - - [14/Aug/2017:02:25:25 -0700] "GET /honeypot/Honeypot%20-%20Howto.pdf HTTP/1.1" 200 1279362 "-" "Mozilla/4.0 (compatible; MSIE 6.0; Windows NT 5.1)" 
113.109.233.131 - - [14/Aug/2017:02:25:28 -0700] "GET /honeypot/Honeypot%20-%20Howto.pdf HTTP/1.1" 200 1279362 "-" "Mozilla/4.0 (compatible; MSIE 6.0; Windows NT 5.1)" 
113.109.233.131 - - [14/Aug/2017:02:25:33 -0700] "GET /honeypot/Honeypot%20-%20Howto.pdf HTTP/1.1" 200 1279362 "-" "Mozilla/4.0 (compatible; MSIE 6.0; Windows NT 5.1)" 
113.109.233.131 - - [14/Aug/2017:02:25:36 -0700] "GET /honeypot/Honeypot%20-%20Howto.pdf HTTP/1.1" 200 1279362 "-" "Mozilla/4.0 (compatible; MSIE 6.0; Windows NT 5.1)" 
113.109.233.131 - - [14/Aug/2017:02:25:40 -0700] "GET /honeypot/Honeypot%20-%20Howto.pdf HTTP/1.1" 200 1279362 "-" "Mozilla/4.0 (compatible; MSIE 6.0; Windows NT 5.1)" 
113.109.233.131 - - [14/Aug/2017:02:25:43 -0700] "GET /honeypot/Honeypot%20-%20Howto.pdf HTTP/1.1" 200 1279362 "-" "Mozilla/4.0 (compatible; MSIE 6.0; Windows NT 5.1)" 
187.7.195.5 - - [14/Aug/2017:02:26:15 -0700] "GET /wp-login.php HTTP/1.1" 301 522 "-" "Mozilla/5.0 (Windows NT 6.1; WOW64; rv:40.0) Gecko/20100101 Firefox/40.1" 
187.7.195.5 - - [14/Aug/2017:02:26:15 -0700] "GET /wp-login.php HTTP/1.1" 404 295 "-" "Mozilla/5.0 (Windows NT 6.1; WOW64; rv:40.0) Gecko/20100101 Firefox/40.1" 
187.7.195.5 - - [14/Aug/2017:02:26:21 -0700] "GET /wp-login.php HTTP/1.1" 301 522 "-" "Mozilla/5.0 (Windows NT 6.1; WOW64; rv:40.0) Gecko/20100101 Firefox/40.1" 
187.7.195.5 - - [14/Aug/2017:02:26:21 -0700] "GET /wp-login.php HTTP/1.1" 404 295 "-" "Mozilla/5.0 (Windows NT 6.1; WOW64; rv:40.0) Gecko/20100101 Firefox/40.1" 
187.7.195.5 - - [14/Aug/2017:02:26:27 -0700] "GET / HTTP/1.1" 301 498 "-" "Mozilla/5.0 (Windows NT 6.1; WOW64; rv:40.0) Gecko/20100101 Firefox/40.1" 
187.7.195.5 - - [14/Aug/2017:02:26:27 -0700] "GET / HTTP/1.1" 200 36476 "-" "Mozilla/5.0 (Windows NT 6.1; WOW64; rv:40.0) Gecko/20100101 Firefox/40.1" 
207.46.13.136 - - [14/Aug/2017:02:31:54 -0700] "GET /self.logs/error.log.2015-04-07.gz HTTP/1.1" 200 700 "-" "Mozilla/5.0 (compatible; bingbot/2.0; +http://www.bing.com/bingbot.htm)" 
40.77.167.12 - - [14/Aug/2017:02:35:06 -0700] "GET /honeypot/Honeypot%20-%20Howto.pdf HTTP/1.1" 200 1279418 "-" "Mozilla/5.0 (compatible; bingbot/2.0; +http://www.bing.com/bingbot.htm)" 
162.210.196.100 - - [14/Aug/2017:02:35:23 -0700] "GET /robots.txt HTTP/1.1" 301 518 "-" "Mozilla/5.0 (compatible; MJ12bot/v1.4.8; http://mj12bot.com/)" 
162.210.196.100 - - [14/Aug/2017:02:35:24 -0700] "GET /robots.txt HTTP/1.1" 200 289 "-" "Mozilla/5.0 (compatible; MJ12bot/v1.4.8; http://mj12bot.com/)" 
162.210.196.100 - - [14/Aug/2017:02:35:27 -0700] "GET / HTTP/1.1" 301 442 "-" "Mozilla/5.0 (compatible; MJ12bot/v1.4.8; http://mj12bot.com/)" 
162.210.196.100 - - [14/Aug/2017:02:35:29 -0700] "GET / HTTP/1.1" 200 36420 "-" "Mozilla/5.0 (compatible; MJ12bot/v1.4.8; http://mj12bot.com/)" 
162.210.196.100 - - [14/Aug/2017:02:35:31 -0700] "GET / HTTP/1.1" 200 10738 "-" "Mozilla/5.0 (compatible; MJ12bot/v1.4.8; http://mj12bot.com/)" 
157.55.39.114 - - [14/Aug/2017:02:38:04 -0700] "GET /self.logs/error.log.2016-12-05.gz HTTP/1.1" 200 887 "-" "Mozilla/5.0 (compatible; bingbot/2.0; +http://www.bing.com/bingbot.htm)" 
104.140.243.16 - - [14/Aug/2017:02:41:31 -0700] "GET /honeypot/Honeypot%20-%20Howto.pdf HTTP/1.0" 200 1279381 "http://www.secrepo.com/" "Mozilla/5.0 (Windows NT 6.1; WOW64; rv:54.0) Gecko/20100101 Firefox/54.0" 
89.32.122.68 - - [14/Aug/2017:02:43:06 -0700] "GET /honeypot/Honeypot%20-%20Howto.pdf HTTP/1.0" 200 1279381 "http://www.secrepo.com/" "Mozilla/5.0 (Windows NT 6.1; WOW64; rv:54.0) Gecko/20100101 Firefox/54.0" 
106.200.219.191 - - [14/Aug/2017:02:46:32 -0700] "GET /pe_static/zeus.zip HTTP/1.1" 200 1267596 "http://www.secrepo.com/" "Mozilla/5.0 (X11; Ubuntu; Linux x86_64; rv:54.0) Gecko/20100101 Firefox/54.0" 
103.80.36.48 - - [14/Aug/2017:02:58:40 -0700] "GET /wp-login.php HTTP/1.1" 404 295 "-" "Mozilla/5.0 (Windows NT 6.1; WOW64; rv:40.0) Gecko/20100101 Firefox/40.1" 
103.80.36.48 - - [14/Aug/2017:02:58:45 -0700] "GET /wp-login.php HTTP/1.1" 404 295 "-" "Mozilla/5.0 (Windows NT 6.1; WOW64; rv:40.0) Gecko/20100101 Firefox/40.1" 
185.104.68.169 - - [14/Aug/2017:02:58:51 -0700] "GET /honeypot/Honeypot%20-%20Howto.pdf HTTP/1.1" 304 168 "https://www.google.com/" "Mozilla/5.0 (iPhone; CPU iPhone OS 11_0 like Mac OS X) AppleWebKit/604.1.34 (KHTML, like Gecko) Version/11.0 Mobile/15A5341f Safari/604.1" 
103.80.36.48 - - [14/Aug/2017:02:58:51 -0700] "GET / HTTP/1.1" 200 36476 "-" "Mozilla/5.0 (Windows NT 6.1; WOW64; rv:40.0) Gecko/20100101 Firefox/40.1" 
157.55.39.114 - - [14/Aug/2017:03:01:31 -0700] "GET /self.logs/access.log.2015-09-04.gz HTTP/1.1" 200 7123 "-" "Mozilla/5.0 (compatible; bingbot/2.0; +http://www.bing.com/bingbot.htm)" 
211.103.88.105 - - [14/Aug/2017:03:07:08 -0700] "GET /maccdc2012/maccdc2012_full_alert.7z HTTP/1.1" 304 132 "-" "Mozilla/5.0 Gecko/20100115 Firefox/3.6" 
51.255.65.74 - - [14/Aug/2017:03:12:13 -0700] "GET /self.logs/error.log.2016-11-23.gz HTTP/1.1" 200 672 "-" "Mozilla/5.0 (compatible; AhrefsBot/5.2; +http://ahrefs.com/robot/)" 
113.240.234.245 - - [14/Aug/2017:03:16:49 -0700] "GET /favicon.ico HTTP/1.1" 200 268 "-" "Mozilla/5.0 (Windows NT 10.0; WOW64) AppleWebKit/537.36 (KHTML, like Gecko) Chrome/55.0.2883.87 Safari/537.36" 
157.55.39.114 - - [14/Aug/2017:03:16:59 -0700] "GET /self.logs/error.log.2015-03-16.gz HTTP/1.1" 200 944 "-" "Mozilla/5.0 (compatible; bingbot/2.0; +http://www.bing.com/bingbot.htm)" 
51.255.65.32 - - [14/Aug/2017:03:21:31 -0700] "GET /self.logs/error.log.2017-03-01.gz HTTP/1.1" 200 989 "-" "Mozilla/5.0 (compatible; AhrefsBot/5.2; +http://ahrefs.com/robot/)" 
62.57.168.112 - - [14/Aug/2017:03:21:51 -0700] "GET /wp-login.php HTTP/1.1" 301 522 "-" "Mozilla/5.0 (Windows NT 6.1; WOW64; rv:40.0) Gecko/20100101 Firefox/40.1" 
62.57.168.112 - - [14/Aug/2017:03:21:52 -0700] "GET /wp-login.php HTTP/1.1" 404 295 "-" "Mozilla/5.0 (Windows NT 6.1; WOW64; rv:40.0) Gecko/20100101 Firefox/40.1" 
62.57.168.112 - - [14/Aug/2017:03:21:57 -0700] "GET /wp-login.php HTTP/1.1" 301 522 "-" "Mozilla/5.0 (Windows NT 6.1; WOW64; rv:40.0) Gecko/20100101 Firefox/40.1" 
62.57.168.112 - - [14/Aug/2017:03:21:57 -0700] "GET /wp-login.php HTTP/1.1" 404 295 "-" "Mozilla/5.0 (Windows NT 6.1; WOW64; rv:40.0) Gecko/20100101 Firefox/40.1" 
62.57.168.112 - - [14/Aug/2017:03:22:02 -0700] "GET / HTTP/1.1" 301 498 "-" "Mozilla/5.0 (Windows NT 6.1; WOW64; rv:40.0) Gecko/20100101 Firefox/40.1" 
62.57.168.112 - - [14/Aug/2017:03:22:03 -0700] "GET / HTTP/1.1" 200 36476 "-" "Mozilla/5.0 (Windows NT 6.1; WOW64; rv:40.0) Gecko/20100101 Firefox/40.1" 
169.149.136.186 - - [14/Aug/2017:03:26:48 -0700] "GET / HTTP/1.1" 200 10794 "https://www.google.co.in/" "Mozilla/5.0 (Windows NT 6.1; Win64; x64) AppleWebKit/537.36 (KHTML, like Gecko) Chrome/60.0.3112.90 Safari/537.36" 
169.149.136.186 - - [14/Aug/2017:03:26:50 -0700] "GET /GitHub-Mark.png HTTP/1.1" 200 7428 "http://www.secrepo.com/" "Mozilla/5.0 (Windows NT 6.1; Win64; x64) AppleWebKit/537.36 (KHTML, like Gecko) Chrome/60.0.3112.90 Safari/537.36" 
169.149.136.186 - - [14/Aug/2017:03:26:50 -0700] "GET /twitter-icon.png HTTP/1.1" 200 27787 "http://www.secrepo.com/" "Mozilla/5.0 (Windows NT 6.1; Win64; x64) AppleWebKit/537.36 (KHTML, like Gecko) Chrome/60.0.3112.90 Safari/537.36" 
169.149.136.186 - - [14/Aug/2017:03:26:56 -0700] "GET /bootstrap/img/favicon.ico HTTP/1.1" 200 590 "http://www.secrepo.com/" "Mozilla/5.0 (Windows NT 6.1; Win64; x64) AppleWebKit/537.36 (KHTML, like Gecko) Chrome/60.0.3112.90 Safari/537.36" 
31.14.133.91 - - [14/Aug/2017:03:27:17 -0700] "GET /honeypot/BSidesDFW%20-%202014.ipynb HTTP/1.1" 200 930836 "http://www.secrepo.com/" "Mozilla/5.0 (Windows NT 6.1; WOW64) AppleWebKit/537.36 (KHTML, like Gecko) Chrome/39.0.2171.99 Safari/537.36" 
157.55.39.96 - - [14/Aug/2017:03:36:08 -0700] "GET /self.logs/error.log.2015-04-18.gz HTTP/1.1" 200 1107 "-" "Mozilla/5.0 (compatible; bingbot/2.0; +http://www.bing.com/bingbot.htm)" 
157.50.8.145 - - [14/Aug/2017:03:36:11 -0700] "GET / HTTP/1.1" 200 10794 "https://www.google.co.in/" "Mozilla/5.0 (Macintosh; Intel Mac OS X 10_10_1) AppleWebKit/537.36 (KHTML, like Gecko) Chrome/60.0.3112.90 Safari/537.36" 
157.50.8.145 - - [14/Aug/2017:03:36:12 -0700] "GET /GitHub-Mark.png HTTP/1.1" 200 7428 "http://www.secrepo.com/" "Mozilla/5.0 (Macintosh; Intel Mac OS X 10_10_1) AppleWebKit/537.36 (KHTML, like Gecko) Chrome/60.0.3112.90 Safari/537.36" 
157.50.8.145 - - [14/Aug/2017:03:36:12 -0700] "GET /twitter-icon.png HTTP/1.1" 200 27787 "http://www.secrepo.com/" "Mozilla/5.0 (Macintosh; Intel Mac OS X 10_10_1) AppleWebKit/537.36 (KHTML, like Gecko) Chrome/60.0.3112.90 Safari/537.36" 
157.50.8.145 - - [14/Aug/2017:03:36:13 -0700] "GET /bootstrap/img/favicon.ico HTTP/1.1" 200 589 "http://www.secrepo.com/" "Mozilla/5.0 (Macintosh; Intel Mac OS X 10_10_1) AppleWebKit/537.36 (KHTML, like Gecko) Chrome/60.0.3112.90 Safari/537.36" 
217.182.132.19 - - [14/Aug/2017:03:37:25 -0700] "GET /self.logs/error.log.2016-12-15.gz HTTP/1.1" 200 673 "-" "Mozilla/5.0 (compatible; AhrefsBot/5.2; +http://ahrefs.com/robot/)" 
157.55.39.96 - - [14/Aug/2017:03:41:07 -0700] "GET /self.logs/access.log.2016-08-03.gz HTTP/1.1" 200 12308 "-" "Mozilla/5.0 (compatible; bingbot/2.0; +http://www.bing.com/bingbot.htm)" 
46.229.164.102 - - [14/Aug/2017:03:43:47 -0700] "GET /robots.txt HTTP/1.1" 200 297 "-" "Mozilla/5.0 (compatible; SemrushBot/1.2~bl; +http://www.semrush.com/bot.html)" 
154.16.91.219 - - [14/Aug/2017:03:45:19 -0700] "GET /honeypot/Honeypot%20-%20Howto.pdf HTTP/1.0" 200 1279381 "http://www.secrepo.com/" "Mozilla/5.0 (Windows NT 6.1; WOW64; rv:54.0) Gecko/20100101 Firefox/54.0" 
169.149.141.48 - - [14/Aug/2017:03:54:07 -0700] "GET /wp-login.php HTTP/1.1" 404 295 "-" "Mozilla/5.0 (Windows NT 6.1; WOW64; rv:40.0) Gecko/20100101 Firefox/40.1" 
169.149.141.48 - - [14/Aug/2017:03:54:13 -0700] "GET /wp-login.php HTTP/1.1" 404 295 "-" "Mozilla/5.0 (Windows NT 6.1; WOW64; rv:40.0) Gecko/20100101 Firefox/40.1" 
169.149.141.48 - - [14/Aug/2017:03:54:18 -0700] "GET / HTTP/1.1" 200 36476 "-" "Mozilla/5.0 (Windows NT 6.1; WOW64; rv:40.0) Gecko/20100101 Firefox/40.1" 
180.76.15.158 - - [14/Aug/2017:03:56:33 -0700] "GET /maccdc2012/maccdc2012_fast_alert.7z HTTP/1.1" 200 1442075 "-" "Mozilla/5.0 (compatible; Baiduspider/2.0; +http://www.baidu.com/search/spider.html)" 
77.88.47.53 - - [14/Aug/2017:04:03:23 -0700] "GET /robots.txt HTTP/1.1" 200 289 "-" "Mozilla/5.0 (compatible; YandexBot/3.0; +http://yandex.com/bots)" 
77.88.47.53 - - [14/Aug/2017:04:03:27 -0700] "GET /honeypot/BSidesDFW%20-%202014.ipynb HTTP/1.1" 200 930836 "-" "Mozilla/5.0 (compatible; YandexBot/3.0; +http://yandex.com/bots)" 
164.132.161.84 - - [14/Aug/2017:04:04:36 -0700] "GET /self.logs/access.log.2016-12-29.gz HTTP/1.1" 200 8853 "-" "Mozilla/5.0 (compatible; AhrefsBot/5.2; +http://ahrefs.com/robot/)" 
51.255.65.88 - - [14/Aug/2017:04:09:01 -0700] "GET /self.logs/access.log.2016-09-24.gz HTTP/1.1" 200 5475 "-" "Mozilla/5.0 (compatible; AhrefsBot/5.2; +http://ahrefs.com/robot/)" 
169.149.141.48 - - [14/Aug/2017:04:14:18 -0700] "GET /wp-login.php HTTP/1.1" 301 522 "-" "Mozilla/5.0 (Windows NT 6.1; WOW64; rv:40.0) Gecko/20100101 Firefox/40.1" 
169.149.141.48 - - [14/Aug/2017:04:14:19 -0700] "GET /wp-login.php HTTP/1.1" 404 295 "-" "Mozilla/5.0 (Windows NT 6.1; WOW64; rv:40.0) Gecko/20100101 Firefox/40.1" 
169.149.141.48 - - [14/Aug/2017:04:14:25 -0700] "GET /wp-login.php HTTP/1.1" 301 522 "-" "Mozilla/5.0 (Windows NT 6.1; WOW64; rv:40.0) Gecko/20100101 Firefox/40.1" 
169.149.141.48 - - [14/Aug/2017:04:14:25 -0700] "GET /wp-login.php HTTP/1.1" 404 295 "-" "Mozilla/5.0 (Windows NT 6.1; WOW64; rv:40.0) Gecko/20100101 Firefox/40.1" 
169.149.141.48 - - [14/Aug/2017:04:14:31 -0700] "GET / HTTP/1.1" 301 498 "-" "Mozilla/5.0 (Windows NT 6.1; WOW64; rv:40.0) Gecko/20100101 Firefox/40.1" 
169.149.141.48 - - [14/Aug/2017:04:14:32 -0700] "GET / HTTP/1.1" 200 36476 "-" "Mozilla/5.0 (Windows NT 6.1; WOW64; rv:40.0) Gecko/20100101 Firefox/40.1" 
78.245.167.69 - - [14/Aug/2017:04:15:25 -0700] "GET /self.logs/access.log.2017-04-13.gz HTTP/1.1" 200 23050 "-" "Python-urllib/3.6" 
103.80.36.48 - - [14/Aug/2017:04:15:44 -0700] "GET /wp-login.php HTTP/1.1" 301 522 "-" "Mozilla/5.0 (Windows NT 6.1; WOW64; rv:40.0) Gecko/20100101 Firefox/40.1" 
103.80.36.48 - - [14/Aug/2017:04:15:44 -0700] "GET /wp-login.php HTTP/1.1" 404 295 "-" "Mozilla/5.0 (Windows NT 6.1; WOW64; rv:40.0) Gecko/20100101 Firefox/40.1" 
103.80.36.48 - - [14/Aug/2017:04:15:50 -0700] "GET /wp-login.php HTTP/1.1" 301 522 "-" "Mozilla/5.0 (Windows NT 6.1; WOW64; rv:40.0) Gecko/20100101 Firefox/40.1" 
103.80.36.48 - - [14/Aug/2017:04:15:51 -0700] "GET /wp-login.php HTTP/1.1" 404 295 "-" "Mozilla/5.0 (Windows NT 6.1; WOW64; rv:40.0) Gecko/20100101 Firefox/40.1" 
103.80.36.48 - - [14/Aug/2017:04:15:56 -0700] "GET / HTTP/1.1" 301 498 "-" "Mozilla/5.0 (Windows NT 6.1; WOW64; rv:40.0) Gecko/20100101 Firefox/40.1" 
103.80.36.48 - - [14/Aug/2017:04:15:57 -0700] "GET / HTTP/1.1" 200 36476 "-" "Mozilla/5.0 (Windows NT 6.1; WOW64; rv:40.0) Gecko/20100101 Firefox/40.1" 
157.55.39.96 - - [14/Aug/2017:04:17:03 -0700] "GET /self.logs/access.log.2015-03-14.gz HTTP/1.1" 200 3813 "-" "Mozilla/5.0 (compatible; bingbot/2.0; +http://www.bing.com/bingbot.htm)" 
120.221.1.28 - - [14/Aug/2017:04:22:22 -0700] "GET /maccdc2012/files.log.gz HTTP/1.1" 304 155 "-" "Mozilla/5.0 Gecko/20100115 Firefox/3.6" 
78.245.167.69 - - [14/Aug/2017:04:23:20 -0700] "GET /self.logs/access.log.2017-04-13.gz HTTP/1.1" 200 23050 "-" "Python-urllib/3.6" 
107.175.32.81 - - [14/Aug/2017:04:23:54 -0700] "GET /honeypot/Honeypot%20-%20Howto.pdf HTTP/1.0" 200 1279381 "http://www.secrepo.com/" "Mozilla/5.0 (Windows NT 6.1; WOW64; rv:54.0) Gecko/20100101 Firefox/54.0" 
12.226.178.249 - - [14/Aug/2017:04:24:04 -0700] "GET / HTTP/1.1" 200 10794 "-" "Mozilla/5.0 (Macintosh; Intel Mac OS X 10_12_6) AppleWebKit/537.36 (KHTML, like Gecko) Chrome/60.0.3112.90 Safari/537.36" 
12.226.178.249 - - [14/Aug/2017:04:24:04 -0700] "GET /GitHub-Mark.png HTTP/1.1" 200 7428 "http://www.secrepo.com/" "Mozilla/5.0 (Macintosh; Intel Mac OS X 10_12_6) AppleWebKit/537.36 (KHTML, like Gecko) Chrome/60.0.3112.90 Safari/537.36" 
12.226.178.249 - - [14/Aug/2017:04:24:04 -0700] "GET /twitter-icon.png HTTP/1.1" 200 27787 "http://www.secrepo.com/" "Mozilla/5.0 (Macintosh; Intel Mac OS X 10_12_6) AppleWebKit/537.36 (KHTML, like Gecko) Chrome/60.0.3112.90 Safari/537.36" 
72.205.17.253 - - [14/Aug/2017:04:28:08 -0700] "GET / HTTP/1.1" 200 10794 "-" "Mozilla/5.0 (iPhone; CPU iPhone OS 10_2 like Mac OS X) AppleWebKit/602.3.12 (KHTML, like Gecko) Version/10.0 Mobile/14C92 Safari/602.1" 
72.205.17.253 - - [14/Aug/2017:04:28:08 -0700] "GET /twitter-icon.png HTTP/1.1" 200 27787 "http://www.secrepo.com/" "Mozilla/5.0 (iPhone; CPU iPhone OS 10_2 like Mac OS X) AppleWebKit/602.3.12 (KHTML, like Gecko) Version/10.0 Mobile/14C92 Safari/602.1" 
72.205.17.253 - - [14/Aug/2017:04:28:08 -0700] "GET /GitHub-Mark.png HTTP/1.1" 200 7428 "http://www.secrepo.com/" "Mozilla/5.0 (iPhone; CPU iPhone OS 10_2 like Mac OS X) AppleWebKit/602.3.12 (KHTML, like Gecko) Version/10.0 Mobile/14C92 Safari/602.1" 
51.255.65.7 - - [14/Aug/2017:04:30:12 -0700] "GET /self.logs/error.log.2017-06-18.gz HTTP/1.1" 200 936 "-" "Mozilla/5.0 (compatible; AhrefsBot/5.2; +http://ahrefs.com/robot/)" 
157.55.39.96 - - [14/Aug/2017:04:31:04 -0700] "GET /self.logs/error.log.2015-07-14.gz HTTP/1.1" 200 652 "-" "Mozilla/5.0 (compatible; bingbot/2.0; +http://www.bing.com/bingbot.htm)" 
41.215.35.14 - - [14/Aug/2017:04:31:50 -0700] "GET / HTTP/1.1" 200 10794 "-" "Mozilla/5.0 (Windows NT 10.0; Win64; x64) AppleWebKit/537.36 (KHTML, like Gecko) Chrome/60.0.3112.90 Safari/537.36" 
197.220.114.46 - - [14/Aug/2017:04:31:57 -0700] "GET /twitter-icon.png HTTP/1.1" 200 27788 "http://www.secrepo.com/" "Mozilla/5.0 (Windows NT 10.0; Win64; x64) AppleWebKit/537.36 (KHTML, like Gecko) Chrome/60.0.3112.90 Safari/537.36" 
41.215.35.14 - - [14/Aug/2017:04:32:01 -0700] "GET /GitHub-Mark.png HTTP/1.1" 200 7428 "http://www.secrepo.com/" "Mozilla/5.0 (Windows NT 10.0; Win64; x64) AppleWebKit/537.36 (KHTML, like Gecko) Chrome/60.0.3112.90 Safari/537.36" 
197.220.114.46 - - [14/Aug/2017:04:34:34 -0700] "GET /bootstrap/img/favicon.ico HTTP/1.1" 200 590 "http://www.secrepo.com/" "Mozilla/5.0 (Windows NT 10.0; Win64; x64) AppleWebKit/537.36 (KHTML, like Gecko) Chrome/60.0.3112.90 Safari/537.36" 
41.230.23.232 - - [14/Aug/2017:04:35:07 -0700] "GET / HTTP/1.1" 200 10794 "https://www.researchgate.net/" "Mozilla/5.0 (Windows NT 10.0; Win64; x64) AppleWebKit/537.36 (KHTML, like Gecko) Chrome/60.0.3112.90 Safari/537.36" 
41.230.23.232 - - [14/Aug/2017:04:35:07 -0700] "GET /GitHub-Mark.png HTTP/1.1" 200 7428 "http://www.secrepo.com/" "Mozilla/5.0 (Windows NT 10.0; Win64; x64) AppleWebKit/537.36 (KHTML, like Gecko) Chrome/60.0.3112.90 Safari/537.36" 
41.230.23.232 - - [14/Aug/2017:04:35:07 -0700] "GET /twitter-icon.png HTTP/1.1" 200 27787 "http://www.secrepo.com/" "Mozilla/5.0 (Windows NT 10.0; Win64; x64) AppleWebKit/537.36 (KHTML, like Gecko) Chrome/60.0.3112.90 Safari/537.36" 
41.230.23.232 - - [14/Aug/2017:04:35:08 -0700] "GET /bootstrap/img/favicon.ico HTTP/1.1" 200 589 "http://www.secrepo.com/" "Mozilla/5.0 (Windows NT 10.0; Win64; x64) AppleWebKit/537.36 (KHTML, like Gecko) Chrome/60.0.3112.90 Safari/537.36" 
175.156.24.188 - - [14/Aug/2017:04:39:36 -0700] "GET /wp-login.php HTTP/1.1" 404 295 "-" "Mozilla/5.0 (Windows NT 6.1; WOW64; rv:40.0) Gecko/20100101 Firefox/40.1" 
175.156.24.188 - - [14/Aug/2017:04:39:41 -0700] "GET /wp-login.php HTTP/1.1" 404 295 "-" "Mozilla/5.0 (Windows NT 6.1; WOW64; rv:40.0) Gecko/20100101 Firefox/40.1" 
175.156.24.188 - - [14/Aug/2017:04:39:47 -0700] "GET / HTTP/1.1" 200 36476 "-" "Mozilla/5.0 (Windows NT 6.1; WOW64; rv:40.0) Gecko/20100101 Firefox/40.1" 
157.55.39.114 - - [14/Aug/2017:04:43:13 -0700] "GET /self.logs/access.log.2016-02-09.gz HTTP/1.1" 200 9402 "-" "Mozilla/5.0 (compatible; bingbot/2.0; +http://www.bing.com/bingbot.htm)" 
123.125.67.228 - - [14/Aug/2017:04:43:57 -0700] "GET /robots.txt HTTP/1.1" 200 297 "-" "Mozilla/5.0 (Windows NT 10.0; WOW64) AppleWebKit/537.36 (KHTML, like Gecko) Chrome/45.0.2454.93 Safari/537.36" 
66.102.6.127 - - [14/Aug/2017:04:48:23 -0700] "GET / HTTP/1.1" 200 10794 "-" "Mozilla/5.0 (X11; Linux x86_64) AppleWebKit/537.36 (KHTML, like Gecko) Chrome/49.0.2623.75 Safari/537.36 Google Favicon" 
66.102.6.96 - - [14/Aug/2017:04:48:23 -0700] "GET /bootstrap/img/favicon.ico HTTP/1.1" 200 590 "-" "Mozilla/5.0 (X11; Linux x86_64) AppleWebKit/537.36 (KHTML, like Gecko) Chrome/49.0.2623.75 Safari/537.36 Google Favicon" 
164.132.161.86 - - [14/Aug/2017:04:55:02 -0700] "GET /self.logs/access.log.2015-11-30.gz HTTP/1.1" 200 5170 "-" "Mozilla/5.0 (compatible; AhrefsBot/5.2; +http://ahrefs.com/robot/)" 
40.77.167.12 - - [14/Aug/2017:04:55:36 -0700] "GET /self.logs/error.log.2015-12-22.gz HTTP/1.1" 200 777 "-" "Mozilla/5.0 (compatible; bingbot/2.0; +http://www.bing.com/bingbot.htm)" 
89.216.23.52 - - [14/Aug/2017:04:55:53 -0700] "GET /wp-login.php HTTP/1.1" 404 295 "-" "Mozilla/5.0 (Windows NT 6.1; WOW64; rv:40.0) Gecko/20100101 Firefox/40.1" 
89.216.23.52 - - [14/Aug/2017:04:55:58 -0700] "GET /wp-login.php HTTP/1.1" 404 295 "-" "Mozilla/5.0 (Windows NT 6.1; WOW64; rv:40.0) Gecko/20100101 Firefox/40.1" 
89.216.23.52 - - [14/Aug/2017:04:56:04 -0700] "GET / HTTP/1.1" 200 36476 "-" "Mozilla/5.0 (Windows NT 6.1; WOW64; rv:40.0) Gecko/20100101 Firefox/40.1" 
157.55.39.96 - - [14/Aug/2017:04:58:20 -0700] "GET /self.logs/access.log.2016-12-13.gz HTTP/1.1" 200 12211 "-" "Mozilla/5.0 (compatible; bingbot/2.0; +http://www.bing.com/bingbot.htm)" 
157.55.39.96 - - [14/Aug/2017:04:58:33 -0700] "GET /self.logs/error.log.2016-12-19.gz HTTP/1.1" 200 685 "-" "Mozilla/5.0 (compatible; bingbot/2.0; +http://www.bing.com/bingbot.htm)" 
120.221.0.34 - - [14/Aug/2017:04:58:51 -0700] "GET /honeypot/Honeypot%20-%20Howto.pdf HTTP/1.1" 304 131 "-" "Mozilla/5.0 Gecko/20100115 Firefox/3.6" 
157.55.39.114 - - [14/Aug/2017:05:00:44 -0700] "GET /self.logs/ HTTP/1.1" 200 19086 "-" "Mozilla/5.0 (iPhone; CPU iPhone OS 7_0 like Mac OS X) AppleWebKit/537.51.1 (KHTML, like Gecko) Version/7.0 Mobile/11A465 Safari/9537.53 (compatible; bingbot/2.0; +http://www.bing.com/bingbot.htm)" 
193.113.37.9 - - [14/Aug/2017:05:01:01 -0700] "GET /bootstrap/img/favicon.ico HTTP/1.1" 304 165 "-" "Mozilla/5.0 (Windows NT 6.3; Win64; x64) AppleWebKit/537.36 (KHTML, like Gecko) Chrome/60.0.3112.90 Safari/537.36" 
157.55.39.96 - - [14/Aug/2017:05:01:06 -0700] "GET /self.logs/access.log.2015-06-06.gz HTTP/1.1" 200 3261 "-" "Mozilla/5.0 (compatible; bingbot/2.0; +http://www.bing.com/bingbot.htm)" 
173.239.230.49 - - [14/Aug/2017:05:01:12 -0700] "GET /wp-login.php HTTP/1.1" 404 295 "-" "Mozilla/5.0 (Windows NT 6.1; WOW64; rv:40.0) Gecko/20100101 Firefox/40.1" 
173.239.230.49 - - [14/Aug/2017:05:01:18 -0700] "GET /wp-login.php HTTP/1.1" 404 295 "-" "Mozilla/5.0 (Windows NT 6.1; WOW64; rv:40.0) Gecko/20100101 Firefox/40.1" 
173.239.230.49 - - [14/Aug/2017:05:01:27 -0700] "GET / HTTP/1.1" 200 36476 "-" "Mozilla/5.0 (Windows NT 6.1; WOW64; rv:40.0) Gecko/20100101 Firefox/40.1" 
120.192.95.88 - - [14/Aug/2017:05:03:49 -0700] "GET /maccdc2012/maccdc2012_full_alert.7z HTTP/1.1" 304 132 "-" "Mozilla/5.0 Gecko/20100115 Firefox/3.6" 
66.249.64.69 - - [14/Aug/2017:05:06:16 -0700] "GET / HTTP/1.1" 301 483 "-" "Mozilla/5.0 (compatible; Googlebot/2.1; +http://www.google.com/bot.html)" 
66.249.64.129 - - [14/Aug/2017:05:06:16 -0700] "GET / HTTP/1.1" 200 10794 "-" "Mozilla/5.0 (compatible; Googlebot/2.1; +http://www.google.com/bot.html)" 
89.216.23.52 - - [14/Aug/2017:05:06:41 -0700] "GET /wp-login.php HTTP/1.1" 301 522 "-" "Mozilla/5.0 (Windows NT 6.1; WOW64; rv:40.0) Gecko/20100101 Firefox/40.1" 
89.216.23.52 - - [14/Aug/2017:05:06:42 -0700] "GET /wp-login.php HTTP/1.1" 404 295 "-" "Mozilla/5.0 (Windows NT 6.1; WOW64; rv:40.0) Gecko/20100101 Firefox/40.1" 
89.216.23.52 - - [14/Aug/2017:05:06:47 -0700] "GET /wp-login.php HTTP/1.1" 301 522 "-" "Mozilla/5.0 (Windows NT 6.1; WOW64; rv:40.0) Gecko/20100101 Firefox/40.1" 
89.216.23.52 - - [14/Aug/2017:05:06:47 -0700] "GET /wp-login.php HTTP/1.1" 404 295 "-" "Mozilla/5.0 (Windows NT 6.1; WOW64; rv:40.0) Gecko/20100101 Firefox/40.1" 
89.216.23.52 - - [14/Aug/2017:05:06:52 -0700] "GET / HTTP/1.1" 301 498 "-" "Mozilla/5.0 (Windows NT 6.1; WOW64; rv:40.0) Gecko/20100101 Firefox/40.1" 
89.216.23.52 - - [14/Aug/2017:05:06:53 -0700] "GET / HTTP/1.1" 200 36476 "-" "Mozilla/5.0 (Windows NT 6.1; WOW64; rv:40.0) Gecko/20100101 Firefox/40.1" 
41.218.87.122 - - [14/Aug/2017:05:09:41 -0700] "GET /wp-login.php HTTP/1.1" 404 295 "-" "Mozilla/5.0 (Windows NT 6.1; WOW64; rv:40.0) Gecko/20100101 Firefox/40.1" 
41.218.87.122 - - [14/Aug/2017:05:09:47 -0700] "GET /wp-login.php HTTP/1.1" 404 295 "-" "Mozilla/5.0 (Windows NT 6.1; WOW64; rv:40.0) Gecko/20100101 Firefox/40.1" 
41.218.87.122 - - [14/Aug/2017:05:09:53 -0700] "GET / HTTP/1.1" 200 36476 "-" "Mozilla/5.0 (Windows NT 6.1; WOW64; rv:40.0) Gecko/20100101 Firefox/40.1" 
157.55.39.96 - - [14/Aug/2017:05:11:04 -0700] "GET /robots.txt HTTP/1.1" 200 334 "-" "Mozilla/5.0 (compatible; bingbot/2.0; +http://www.bing.com/bingbot.htm)" 
175.156.24.188 - - [14/Aug/2017:05:14:16 -0700] "GET /wp-login.php HTTP/1.1" 301 522 "-" "Mozilla/5.0 (Windows NT 6.1; WOW64; rv:40.0) Gecko/20100101 Firefox/40.1" 
175.156.24.188 - - [14/Aug/2017:05:14:17 -0700] "GET /wp-login.php HTTP/1.1" 404 295 "-" "Mozilla/5.0 (Windows NT 6.1; WOW64; rv:40.0) Gecko/20100101 Firefox/40.1" 
175.156.24.188 - - [14/Aug/2017:05:14:22 -0700] "GET /wp-login.php HTTP/1.1" 301 522 "-" "Mozilla/5.0 (Windows NT 6.1; WOW64; rv:40.0) Gecko/20100101 Firefox/40.1" 
175.156.24.188 - - [14/Aug/2017:05:14:23 -0700] "GET /wp-login.php HTTP/1.1" 404 295 "-" "Mozilla/5.0 (Windows NT 6.1; WOW64; rv:40.0) Gecko/20100101 Firefox/40.1" 
175.156.24.188 - - [14/Aug/2017:05:14:28 -0700] "GET / HTTP/1.1" 301 498 "-" "Mozilla/5.0 (Windows NT 6.1; WOW64; rv:40.0) Gecko/20100101 Firefox/40.1" 
175.156.24.188 - - [14/Aug/2017:05:14:29 -0700] "GET / HTTP/1.1" 200 36476 "-" "Mozilla/5.0 (Windows NT 6.1; WOW64; rv:40.0) Gecko/20100101 Firefox/40.1" 
40.77.167.12 - - [14/Aug/2017:05:15:08 -0700] "GET /self.logs/error.log.2016-03-31.gz HTTP/1.1" 200 886 "-" "Mozilla/5.0 (compatible; bingbot/2.0; +http://www.bing.com/bingbot.htm)" 
122.176.134.181 - - [14/Aug/2017:05:15:39 -0700] "GET / HTTP/1.1" 200 10794 "https://www.google.co.in/" "Mozilla/5.0 (X11; Linux x86_64) AppleWebKit/537.36 (KHTML, like Gecko) Ubuntu Chromium/59.0.3071.109 Chrome/59.0.3071.109 Safari/537.36" 
122.176.134.181 - - [14/Aug/2017:05:15:49 -0700] "GET /twitter-icon.png HTTP/1.1" 200 27788 "http://www.secrepo.com/" "Mozilla/5.0 (X11; Linux x86_64) AppleWebKit/537.36 (KHTML, like Gecko) Ubuntu Chromium/59.0.3071.109 Chrome/59.0.3071.109 Safari/537.36" 
122.176.134.181 - - [14/Aug/2017:05:15:49 -0700] "GET /GitHub-Mark.png HTTP/1.1" 200 7428 "http://www.secrepo.com/" "Mozilla/5.0 (X11; Linux x86_64) AppleWebKit/537.36 (KHTML, like Gecko) Ubuntu Chromium/59.0.3071.109 Chrome/59.0.3071.109 Safari/537.36" 
122.176.134.181 - - [14/Aug/2017:05:16:06 -0700] "GET /bootstrap/img/favicon.ico HTTP/1.1" 200 590 "http://www.secrepo.com/" "Mozilla/5.0 (X11; Linux x86_64) AppleWebKit/537.36 (KHTML, like Gecko) Ubuntu Chromium/59.0.3071.109 Chrome/59.0.3071.109 Safari/537.36" 
157.55.39.33 - - [14/Aug/2017:05:20:18 -0700] "GET /robots.txt HTTP/1.1" 200 334 "-" "Mozilla/5.0 (compatible; bingbot/2.0; +http://www.bing.com/bingbot.htm)" 
157.55.39.114 - - [14/Aug/2017:05:20:22 -0700] "GET /self.logs/access.log.2016-02-28.gz HTTP/1.1" 200 9433 "-" "Mozilla/5.0 (compatible; bingbot/2.0; +http://www.bing.com/bingbot.htm)" 
207.46.13.136 - - [14/Aug/2017:05:21:49 -0700] "GET /self.logs/?C=M;O=A HTTP/1.1" 200 19553 "-" "Mozilla/5.0 (compatible; bingbot/2.0; +http://www.bing.com/bingbot.htm)" 
157.55.39.96 - - [14/Aug/2017:05:22:31 -0700] "GET /self.logs/error.log.2017-03-01.gz HTTP/1.1" 200 1045 "-" "Mozilla/5.0 (compatible; bingbot/2.0; +http://www.bing.com/bingbot.htm)" 
182.48.77.58 - - [14/Aug/2017:05:23:22 -0700] "GET /honeypot/Honeypot%20-%20Howto.pdf HTTP/1.1" 200 1279418 "http://www.secrepo.com/" "Mozilla/5.0 (Windows NT 6.1; WOW64; rv:54.0) Gecko/20100101 Firefox/54.0" 
107.175.148.87 - - [14/Aug/2017:05:25:36 -0700] "GET /honeypot/Honeypot%20-%20Howto.pdf HTTP/1.0" 200 1279381 "http://www.secrepo.com/" "Mozilla/5.0 (Windows NT 6.1; WOW64; rv:54.0) Gecko/20100101 Firefox/54.0" 
216.60.18.40 - - [14/Aug/2017:05:28:44 -0700] "GET / HTTP/1.1" 200 10794 "-" "Mozilla/5.0 (Windows NT 10.0; Win64; x64) AppleWebKit/537.36 (KHTML, like Gecko) Chrome/59.0.3071.115 Safari/537.36" 
216.60.18.40 - - [14/Aug/2017:05:28:45 -0700] "GET /twitter-icon.png HTTP/1.1" 200 27787 "http://www.secrepo.com/" "Mozilla/5.0 (Windows NT 10.0; Win64; x64) AppleWebKit/537.36 (KHTML, like Gecko) Chrome/59.0.3071.115 Safari/537.36" 
216.60.18.40 - - [14/Aug/2017:05:28:45 -0700] "GET /GitHub-Mark.png HTTP/1.1" 200 7428 "http://www.secrepo.com/" "Mozilla/5.0 (Windows NT 10.0; Win64; x64) AppleWebKit/537.36 (KHTML, like Gecko) Chrome/59.0.3071.115 Safari/537.36" 
216.60.18.40 - - [14/Aug/2017:05:28:45 -0700] "GET /bootstrap/img/favicon.ico HTTP/1.1" 200 589 "http://www.secrepo.com/" "Mozilla/5.0 (Windows NT 10.0; Win64; x64) AppleWebKit/537.36 (KHTML, like Gecko) Chrome/59.0.3071.115 Safari/537.36" 
222.98.239.97 - - [14/Aug/2017:05:29:35 -0700] "GET /wp-login.php HTTP/1.1" 404 295 "-" "Mozilla/5.0 (Windows NT 6.1; WOW64; rv:40.0) Gecko/20100101 Firefox/40.1" 
222.98.239.97 - - [14/Aug/2017:05:29:40 -0700] "GET /wp-login.php HTTP/1.1" 404 295 "-" "Mozilla/5.0 (Windows NT 6.1; WOW64; rv:40.0) Gecko/20100101 Firefox/40.1" 
222.98.239.97 - - [14/Aug/2017:05:29:46 -0700] "GET / HTTP/1.1" 200 36476 "-" "Mozilla/5.0 (Windows NT 6.1; WOW64; rv:40.0) Gecko/20100101 Firefox/40.1" 
222.98.239.97 - - [14/Aug/2017:05:34:04 -0700] "GET /wp-login.php HTTP/1.1" 301 522 "-" "Mozilla/5.0 (Windows NT 6.1; WOW64; rv:40.0) Gecko/20100101 Firefox/40.1" 
222.98.239.97 - - [14/Aug/2017:05:34:04 -0700] "GET /wp-login.php HTTP/1.1" 404 295 "-" "Mozilla/5.0 (Windows NT 6.1; WOW64; rv:40.0) Gecko/20100101 Firefox/40.1" 
222.98.239.97 - - [14/Aug/2017:05:34:10 -0700] "GET /wp-login.php HTTP/1.1" 301 522 "-" "Mozilla/5.0 (Windows NT 6.1; WOW64; rv:40.0) Gecko/20100101 Firefox/40.1" 
222.98.239.97 - - [14/Aug/2017:05:34:10 -0700] "GET /wp-login.php HTTP/1.1" 404 295 "-" "Mozilla/5.0 (Windows NT 6.1; WOW64; rv:40.0) Gecko/20100101 Firefox/40.1" 
222.98.239.97 - - [14/Aug/2017:05:34:16 -0700] "GET / HTTP/1.1" 301 498 "-" "Mozilla/5.0 (Windows NT 6.1; WOW64; rv:40.0) Gecko/20100101 Firefox/40.1" 
222.98.239.97 - - [14/Aug/2017:05:34:16 -0700] "GET / HTTP/1.1" 200 36476 "-" "Mozilla/5.0 (Windows NT 6.1; WOW64; rv:40.0) Gecko/20100101 Firefox/40.1" 
66.249.83.84 - - [14/Aug/2017:05:34:46 -0700] "GET / HTTP/1.1" 200 10794 "-" "Mozilla/5.0 (X11; Linux x86_64) AppleWebKit/537.36 (KHTML, like Gecko) Chrome/49.0.2623.75 Safari/537.36 Google Favicon" 
66.249.83.82 - - [14/Aug/2017:05:34:46 -0700] "GET /bootstrap/img/favicon.ico HTTP/1.1" 200 590 "-" "Mozilla/5.0 (X11; Linux x86_64) AppleWebKit/537.36 (KHTML, like Gecko) Chrome/49.0.2623.75 Safari/537.36 Google Favicon" 
89.237.129.10 - - [14/Aug/2017:05:35:23 -0700] "GET /wp-login.php HTTP/1.1" 404 295 "-" "Mozilla/5.0 (Windows NT 6.1; WOW64; rv:40.0) Gecko/20100101 Firefox/40.1" 
89.237.129.10 - - [14/Aug/2017:05:35:28 -0700] "GET /wp-login.php HTTP/1.1" 404 295 "-" "Mozilla/5.0 (Windows NT 6.1; WOW64; rv:40.0) Gecko/20100101 Firefox/40.1" 
89.237.129.10 - - [14/Aug/2017:05:35:34 -0700] "GET / HTTP/1.1" 200 36476 "-" "Mozilla/5.0 (Windows NT 6.1; WOW64; rv:40.0) Gecko/20100101 Firefox/40.1" 
164.132.161.40 - - [14/Aug/2017:05:38:11 -0700] "GET /self.logs/error.log.2015-03-16.gz HTTP/1.1" 200 888 "-" "Mozilla/5.0 (compatible; AhrefsBot/5.2; +http://ahrefs.com/robot/)" 
122.233.183.194 - - [14/Aug/2017:05:40:22 -0700] "GET /bootstrap/img/favicon.ico HTTP/1.1" 304 165 "-" "Mozilla/5.0 (Macintosh; Intel Mac OS X 10.12; rv:54.0) Gecko/20100101 Firefox/54.0" 
125.65.147.137 - - [14/Aug/2017:05:41:38 -0700] "GET / HTTP/1.1" 200 10794 "-" "Mozilla/5.0 (Windows NT 10.0; WOW64) AppleWebKit/537.36 (KHTML, like Gecko) Chrome/59.0.3071.115 Safari/537.36" 
125.65.147.137 - - [14/Aug/2017:05:41:39 -0700] "GET /GitHub-Mark.png HTTP/1.1" 200 7428 "http://www.secrepo.com/" "Mozilla/5.0 (Windows NT 10.0; WOW64) AppleWebKit/537.36 (KHTML, like Gecko) Chrome/59.0.3071.115 Safari/537.36" 
125.65.147.137 - - [14/Aug/2017:05:41:39 -0700] "GET /twitter-icon.png HTTP/1.1" 200 27787 "http://www.secrepo.com/" "Mozilla/5.0 (Windows NT 10.0; WOW64) AppleWebKit/537.36 (KHTML, like Gecko) Chrome/59.0.3071.115 Safari/537.36" 
125.65.147.137 - - [14/Aug/2017:05:42:44 -0700] "GET /bootstrap/img/favicon.ico HTTP/1.1" 200 590 "http://www.secrepo.com/" "Mozilla/5.0 (Windows NT 10.0; WOW64) AppleWebKit/537.36 (KHTML, like Gecko) Chrome/59.0.3071.115 Safari/537.36" 
172.94.109.102 - - [14/Aug/2017:05:42:45 -0700] "GET /robots.txt HTTP/1.1" 200 334 "-" "Mozilla/5.0 (Windows NT 6.1; WOW64; rv:54.0) Gecko/20100101 Firefox/54.0" 
172.94.109.102 - - [14/Aug/2017:05:42:45 -0700] "GET / HTTP/1.1" 200 10794 "-" "Mozilla/5.0 (Windows NT 6.1; WOW64; rv:54.0) Gecko/20100101 Firefox/54.0" 
172.94.109.102 - - [14/Aug/2017:05:42:46 -0700] "GET /bootstrap/img/favicon.ico HTTP/1.1" 200 589 "-" "Mozilla/5.0 (Windows NT 6.1; WOW64; rv:54.0) Gecko/20100101 Firefox/54.0" 
172.94.109.102 - - [14/Aug/2017:05:42:47 -0700] "GET /twitter-icon.png HTTP/1.1" 200 27787 "http://www.secrepo.com/" "Mozilla/5.0 (Windows NT 6.1; WOW64; rv:54.0) Gecko/20100101 Firefox/54.0" 
172.94.109.102 - - [14/Aug/2017:05:42:47 -0700] "GET /GitHub-Mark.png HTTP/1.1" 200 7428 "http://www.secrepo.com/" "Mozilla/5.0 (Windows NT 6.1; WOW64; rv:54.0) Gecko/20100101 Firefox/54.0" 
157.55.39.96 - - [14/Aug/2017:05:46:10 -0700] "GET /self.logs/error.log.2016-11-06.gz HTTP/1.1" 200 1212 "-" "Mozilla/5.0 (compatible; bingbot/2.0; +http://www.bing.com/bingbot.htm)" 
66.249.64.70 - - [14/Aug/2017:05:46:35 -0700] "GET / HTTP/1.1" 301 483 "-" "Mozilla/5.0 (Linux; Android 6.0.1; Nexus 5X Build/MMB29P) AppleWebKit/537.36 (KHTML, like Gecko) Chrome/41.0.2272.96 Mobile Safari/537.36 (compatible; Googlebot/2.1; +http://www.google.com/bot.html)" 
66.249.64.157 - - [14/Aug/2017:05:46:36 -0700] "GET / HTTP/1.1" 200 10794 "-" "Mozilla/5.0 (Linux; Android 6.0.1; Nexus 5X Build/MMB29P) AppleWebKit/537.36 (KHTML, like Gecko) Chrome/41.0.2272.96 Mobile Safari/537.36 (compatible; Googlebot/2.1; +http://www.google.com/bot.html)" 
157.55.39.114 - - [14/Aug/2017:05:53:17 -0700] "GET /self.logs/error.log.2016-02-22.gz HTTP/1.1" 200 837 "-" "Mozilla/5.0 (compatible; bingbot/2.0; +http://www.bing.com/bingbot.htm)" 
94.200.99.2 - - [14/Aug/2017:05:56:23 -0700] "GET / HTTP/1.1" 200 10794 "-" "Mozilla/5.0 (Macintosh; Intel Mac OS X 10_12_6) AppleWebKit/537.36 (KHTML, like Gecko) Chrome/60.0.3112.90 Safari/537.36" 
94.200.99.2 - - [14/Aug/2017:05:56:24 -0700] "GET /twitter-icon.png HTTP/1.1" 200 27787 "http://www.secrepo.com/" "Mozilla/5.0 (Macintosh; Intel Mac OS X 10_12_6) AppleWebKit/537.36 (KHTML, like Gecko) Chrome/60.0.3112.90 Safari/537.36" 
94.200.99.2 - - [14/Aug/2017:05:56:24 -0700] "GET /GitHub-Mark.png HTTP/1.1" 200 7428 "http://www.secrepo.com/" "Mozilla/5.0 (Macintosh; Intel Mac OS X 10_12_6) AppleWebKit/537.36 (KHTML, like Gecko) Chrome/60.0.3112.90 Safari/537.36" 
94.200.99.2 - - [14/Aug/2017:05:56:25 -0700] "GET /bootstrap/img/favicon.ico HTTP/1.1" 200 589 "http://www.secrepo.com/" "Mozilla/5.0 (Macintosh; Intel Mac OS X 10_12_6) AppleWebKit/537.36 (KHTML, like Gecko) Chrome/60.0.3112.90 Safari/537.36" 
165.225.36.115 - - [14/Aug/2017:05:57:19 -0700] "GET /bootstrap/img/favicon.ico HTTP/1.1" 200 590 "-" "Mozilla/5.0 (Windows NT 10.0; Win64; x64; rv:54.0) Gecko/20100101 Firefox/54.0" 
51.255.65.21 - - [14/Aug/2017:05:57:19 -0700] "GET /self.logs/error.log.2015-09-10.gz HTTP/1.1" 200 605 "-" "Mozilla/5.0 (compatible; AhrefsBot/5.2; +http://ahrefs.com/robot/)" 
207.46.13.136 - - [14/Aug/2017:05:58:55 -0700] "GET /self.logs/access.log.2017-04-08.gz HTTP/1.1" 200 16250 "-" "Mozilla/5.0 (compatible; bingbot/2.0; +http://www.bing.com/bingbot.htm)" 
77.88.47.53 - - [14/Aug/2017:05:59:12 -0700] "GET / HTTP/1.1" 200 10794 "-" "Mozilla/5.0 (compatible; YandexBot/3.0; +http://yandex.com/bots)" 
84.201.133.86 - - [14/Aug/2017:05:59:13 -0700] "GET /robots.txt HTTP/1.1" 301 518 "-" "Mozilla/5.0 (compatible; YandexBot/3.0; +http://yandex.com/bots)" 
84.201.133.86 - - [14/Aug/2017:05:59:17 -0700] "GET / HTTP/1.1" 301 483 "-" "Mozilla/5.0 (compatible; YandexBot/3.0; +http://yandex.com/bots)" 
164.132.161.37 - - [14/Aug/2017:06:02:24 -0700] "GET /self.logs/error.log.2015-11-20.gz HTTP/1.1" 200 970 "-" "Mozilla/5.0 (compatible; AhrefsBot/5.2; +http://ahrefs.com/robot/)" 
211.103.88.105 - - [14/Aug/2017:06:07:11 -0700] "GET /maccdc2012/maccdc2012_full_alert.7z HTTP/1.1" 304 132 "-" "Mozilla/5.0 Gecko/20100115 Firefox/3.6" 
123.125.67.162 - - [14/Aug/2017:06:07:48 -0700] "GET / HTTP/1.1" 200 10757 "-" "Mozilla/5.0 (Windows NT 10.0; WOW64) AppleWebKit/537.36 (KHTML, like Gecko) Chrome/45.0.2454.93 Safari/537.36" 
123.125.67.163 - - [14/Aug/2017:06:07:48 -0700] "GET / HTTP/1.1" 200 10757 "-" "Mozilla/5.0 (Windows NT 10.0; WOW64) AppleWebKit/537.36 (KHTML, like Gecko) Chrome/45.0.2454.93 Safari/537.36" 
36.102.208.108 - - [14/Aug/2017:06:11:04 -0700] "GET / HTTP/1.1" 301 483 "-" "Mozilla/5.0 (Windows NT 6.1; WOW64) AppleWebKit/537.36 (KHTML, like Gecko) Chrome/60.0.3112.90 Safari/537.36" 
36.102.208.108 - - [14/Aug/2017:06:11:09 -0700] "GET / HTTP/1.1" 200 10794 "-" "Mozilla/5.0 (Windows NT 6.1; WOW64) AppleWebKit/537.36 (KHTML, like Gecko) Chrome/60.0.3112.90 Safari/537.36" 
36.102.208.108 - - [14/Aug/2017:06:11:23 -0700] "GET /twitter-icon.png HTTP/1.1" 200 27788 "http://www.secrepo.com/" "Mozilla/5.0 (Windows NT 6.1; WOW64) AppleWebKit/537.36 (KHTML, like Gecko) Chrome/60.0.3112.90 Safari/537.36" 
36.102.208.108 - - [14/Aug/2017:06:11:23 -0700] "GET /GitHub-Mark.png HTTP/1.1" 200 7428 "http://www.secrepo.com/" "Mozilla/5.0 (Windows NT 6.1; WOW64) AppleWebKit/537.36 (KHTML, like Gecko) Chrome/60.0.3112.90 Safari/537.36" 
36.102.208.108 - - [14/Aug/2017:06:11:44 -0700] "GET /bootstrap/img/favicon.ico HTTP/1.1" 200 590 "http://www.secrepo.com/" "Mozilla/5.0 (Windows NT 6.1; WOW64) AppleWebKit/537.36 (KHTML, like Gecko) Chrome/60.0.3112.90 Safari/537.36" 
103.3.46.249 - - [14/Aug/2017:06:16:59 -0700] "GET /honeypot/Honeypot%20-%20Howto.pdf HTTP/1.0" 200 1279381 "http://www.secrepo.com/" "Mozilla/5.0 (Windows NT 6.1; WOW64; rv:54.0) Gecko/20100101 Firefox/54.0" 
107.174.141.233 - - [14/Aug/2017:06:18:48 -0700] "GET /honeypot/Honeypot%20-%20Howto.pdf HTTP/1.0" 200 1279381 "http://www.secrepo.com/" "Mozilla/5.0 (Windows NT 6.1; WOW64; rv:54.0) Gecko/20100101 Firefox/54.0" 
104.129.25.67 - - [14/Aug/2017:06:20:51 -0700] "GET /wp-login.php HTTP/1.1" 404 295 "-" "Mozilla/5.0 (Windows NT 6.1; WOW64; rv:40.0) Gecko/20100101 Firefox/40.1" 
104.129.25.67 - - [14/Aug/2017:06:20:56 -0700] "GET /wp-login.php HTTP/1.1" 404 295 "-" "Mozilla/5.0 (Windows NT 6.1; WOW64; rv:40.0) Gecko/20100101 Firefox/40.1" 
104.129.25.67 - - [14/Aug/2017:06:21:02 -0700] "GET / HTTP/1.1" 200 36476 "-" "Mozilla/5.0 (Windows NT 6.1; WOW64; rv:40.0) Gecko/20100101 Firefox/40.1" 
104.129.25.67 - - [14/Aug/2017:06:23:13 -0700] "GET /wp-login.php HTTP/1.1" 301 522 "-" "Mozilla/5.0 (Windows NT 6.1; WOW64; rv:40.0) Gecko/20100101 Firefox/40.1" 
104.129.25.67 - - [14/Aug/2017:06:23:13 -0700] "GET /wp-login.php HTTP/1.1" 404 295 "-" "Mozilla/5.0 (Windows NT 6.1; WOW64; rv:40.0) Gecko/20100101 Firefox/40.1" 
104.129.25.67 - - [14/Aug/2017:06:23:18 -0700] "GET /wp-login.php HTTP/1.1" 301 522 "-" "Mozilla/5.0 (Windows NT 6.1; WOW64; rv:40.0) Gecko/20100101 Firefox/40.1" 
104.129.25.67 - - [14/Aug/2017:06:23:18 -0700] "GET /wp-login.php HTTP/1.1" 404 295 "-" "Mozilla/5.0 (Windows NT 6.1; WOW64; rv:40.0) Gecko/20100101 Firefox/40.1" 
104.129.25.67 - - [14/Aug/2017:06:23:23 -0700] "GET / HTTP/1.1" 301 498 "-" "Mozilla/5.0 (Windows NT 6.1; WOW64; rv:40.0) Gecko/20100101 Firefox/40.1" 
104.129.25.67 - - [14/Aug/2017:06:23:23 -0700] "GET / HTTP/1.1" 200 36476 "-" "Mozilla/5.0 (Windows NT 6.1; WOW64; rv:40.0) Gecko/20100101 Firefox/40.1" 
169.149.136.186 - - [14/Aug/2017:06:30:53 -0700] "GET /maccdc2012/conn.log.gz HTTP/1.1" 200 6370723 "-" "Mozilla/5.0 (Windows NT 6.1; Win64; x64) AppleWebKit/537.36 (KHTML, like Gecko) Chrome/60.0.3112.90 Safari/537.36" 
169.149.136.186 - - [14/Aug/2017:06:33:11 -0700] "GET /maccdc2012/http.log.gz HTTP/1.1" 200 1131842 "-" "Mozilla/5.0 (Windows NT 6.1; Win64; x64) AppleWebKit/537.36 (KHTML, like Gecko) Chrome/60.0.3112.90 Safari/537.36" 
40.77.167.12 - - [14/Aug/2017:06:36:07 -0700] "GET /self.logs/error.log.2017-01-23.gz HTTP/1.1" 200 1024 "-" "Mozilla/5.0 (compatible; bingbot/2.0; +http://www.bing.com/bingbot.htm)" 
111.71.86.139 - - [14/Aug/2017:06:39:55 -0700] "GET / HTTP/1.1" 200 10794 "-" "Mozilla/5.0 (Macintosh; Intel Mac OS X 10_12_6) AppleWebKit/603.3.8 (KHTML, like Gecko) Version/10.1.2 Safari/603.3.8" 
111.71.86.139 - - [14/Aug/2017:06:39:56 -0700] "GET /GitHub-Mark.png HTTP/1.1" 200 7427 "http://www.secrepo.com/" "Mozilla/5.0 (Macintosh; Intel Mac OS X 10_12_6) AppleWebKit/603.3.8 (KHTML, like Gecko) Version/10.1.2 Safari/603.3.8" 
111.71.86.139 - - [14/Aug/2017:06:39:59 -0700] "GET /apple-touch-icon-precomposed.png HTTP/1.1" 404 340 "-" "Safari/12603.3.8 CFNetwork/811.5.4 Darwin/16.7.0 (x86_64)" 
111.71.86.139 - - [14/Aug/2017:06:39:59 -0700] "GET /bootstrap/img/favicon.ico HTTP/1.1" 200 590 "http://www.secrepo.com/" "Mozilla/5.0 (Macintosh; Intel Mac OS X 10_12_6) AppleWebKit/603.3.8 (KHTML, like Gecko) Version/10.1.2 Safari/603.3.8" 
111.71.86.139 - - [14/Aug/2017:06:39:59 -0700] "GET /apple-touch-icon.png HTTP/1.1" 404 339 "-" "Safari/12603.3.8 CFNetwork/811.5.4 Darwin/16.7.0 (x86_64)" 
173.67.196.178 - - [14/Aug/2017:06:44:17 -0700] "GET / HTTP/1.1" 304 189 "-" "Mozilla/5.0 (Windows NT 6.1; Win64; x64) AppleWebKit/537.36 (KHTML, like Gecko) Chrome/60.0.3112.90 Safari/537.36" 
100.16.192.38 - - [14/Aug/2017:06:47:32 -0700] "GET / HTTP/1.1" 200 10794 "http://defense.ballastsecurity.net/static/IntroductionToArtificialIntelligenceForSecurityProfessionals_Cylance.pdf" "Mozilla/5.0 (Macintosh; Intel Mac OS X 10_12_6) AppleWebKit/603.3.8 (KHTML, like Gecko) Version/10.1.2 Safari/603.3.8" 
100.16.192.38 - - [14/Aug/2017:06:47:32 -0700] "GET /GitHub-Mark.png HTTP/1.1" 200 7427 "http://www.secrepo.com/" "Mozilla/5.0 (Macintosh; Intel Mac OS X 10_12_6) AppleWebKit/603.3.8 (KHTML, like Gecko) Version/10.1.2 Safari/603.3.8" 
50.200.196.50 - - [14/Aug/2017:06:47:59 -0700] "GET / HTTP/1.1" 200 10794 "https://www.reddit.com/r/datasets/comments/3tbxap/cyber_security_datasets/" "Mozilla/5.0 (Macintosh; Intel Mac OS X 10_12_5) AppleWebKit/537.36 (KHTML, like Gecko) Chrome/60.0.3112.90 Safari/537.36" 
50.200.196.50 - - [14/Aug/2017:06:48:00 -0700] "GET /GitHub-Mark.png HTTP/1.1" 200 7428 "http://www.secrepo.com/" "Mozilla/5.0 (Macintosh; Intel Mac OS X 10_12_5) AppleWebKit/537.36 (KHTML, like Gecko) Chrome/60.0.3112.90 Safari/537.36" 
50.200.196.50 - - [14/Aug/2017:06:48:00 -0700] "GET /twitter-icon.png HTTP/1.1" 200 27787 "http://www.secrepo.com/" "Mozilla/5.0 (Macintosh; Intel Mac OS X 10_12_5) AppleWebKit/537.36 (KHTML, like Gecko) Chrome/60.0.3112.90 Safari/537.36" 
50.200.196.50 - - [14/Aug/2017:06:48:01 -0700] "GET /bootstrap/img/favicon.ico HTTP/1.1" 200 589 "http://www.secrepo.com/" "Mozilla/5.0 (Macintosh; Intel Mac OS X 10_12_5) AppleWebKit/537.36 (KHTML, like Gecko) Chrome/60.0.3112.90 Safari/537.36" 
150.70.188.168 - - [14/Aug/2017:06:48:58 -0700] "GET / HTTP/1.1" 200 36420 "-" "Mozilla/4.0 (compatible; MSIE 8.0; Windows NT 5.1; Trident/4.0)" 
219.230.72.182 - - [14/Aug/2017:06:50:38 -0700] "GET / HTTP/1.1" 200 10738 "https://www.google.co.jp/" "Mozilla/5.0 (Windows NT 10.0; Win64; x64) AppleWebKit/537.36 (KHTML, like Gecko) Chrome/60.0.3112.90 Safari/537.36" 
219.230.72.182 - - [14/Aug/2017:06:50:39 -0700] "GET /twitter-icon.png HTTP/1.1" 200 27732 "http://www.secrepo.com/" "Mozilla/5.0 (Windows NT 10.0; Win64; x64) AppleWebKit/537.36 (KHTML, like Gecko) Chrome/60.0.3112.90 Safari/537.36" 
219.230.72.182 - - [14/Aug/2017:06:50:39 -0700] "GET /GitHub-Mark.png HTTP/1.1" 200 7372 "http://www.secrepo.com/" "Mozilla/5.0 (Windows NT 10.0; Win64; x64) AppleWebKit/537.36 (KHTML, like Gecko) Chrome/60.0.3112.90 Safari/537.36" 
219.230.72.182 - - [14/Aug/2017:06:50:43 -0700] "GET /bootstrap/img/favicon.ico HTTP/1.1" 200 534 "http://www.secrepo.com/" "Mozilla/5.0 (Windows NT 10.0; Win64; x64) AppleWebKit/537.36 (KHTML, like Gecko) Chrome/60.0.3112.90 Safari/537.36" 
128.229.4.2 - - [14/Aug/2017:06:52:33 -0700] "GET / HTTP/1.1" 200 10794 "https://www.google.com/" "Mozilla/5.0 (Macintosh; Intel Mac OS X 10_12_6) AppleWebKit/537.36 (KHTML, like Gecko) Chrome/60.0.3112.90 Safari/537.36" 
128.229.4.2 - - [14/Aug/2017:06:52:33 -0700] "GET /bootstrap/img/favicon.ico HTTP/1.1" 304 164 "http://www.secrepo.com/" "Mozilla/5.0 (Macintosh; Intel Mac OS X 10_12_6) AppleWebKit/537.36 (KHTML, like Gecko) Chrome/60.0.3112.90 Safari/537.36" 
97.86.140.135 - - [14/Aug/2017:06:53:32 -0700] "GET /wp-login.php HTTP/1.1" 404 295 "-" "Mozilla/5.0 (Windows NT 6.1; WOW64; rv:40.0) Gecko/20100101 Firefox/40.1" 
97.86.140.135 - - [14/Aug/2017:06:53:37 -0700] "GET /wp-login.php HTTP/1.1" 404 295 "-" "Mozilla/5.0 (Windows NT 6.1; WOW64; rv:40.0) Gecko/20100101 Firefox/40.1" 
128.229.4.2 - - [14/Aug/2017:06:53:41 -0700] "GET /bootstrap/img/favicon.ico HTTP/1.1" 200 590 "http://www.secrepo.com/" "Mozilla/5.0 (Macintosh; Intel Mac OS X 10_12_6) AppleWebKit/537.36 (KHTML, like Gecko) Chrome/60.0.3112.90 Safari/537.36" 
97.86.140.135 - - [14/Aug/2017:06:53:43 -0700] "GET / HTTP/1.1" 200 36476 "-" "Mozilla/5.0 (Windows NT 6.1; WOW64; rv:40.0) Gecko/20100101 Firefox/40.1" 
128.229.4.2 - - [14/Aug/2017:06:53:54 -0700] "GET /bootstrap/img/favicon.ico HTTP/1.1" 200 590 "http://www.secrepo.com/" "Mozilla/5.0 (Macintosh; Intel Mac OS X 10_12_6) AppleWebKit/537.36 (KHTML, like Gecko) Chrome/60.0.3112.90 Safari/537.36" 
128.229.4.2 - - [14/Aug/2017:06:53:58 -0700] "GET /bootstrap/img/favicon.ico HTTP/1.1" 200 590 "http://www.secrepo.com/" "Mozilla/5.0 (Macintosh; Intel Mac OS X 10_12_6) AppleWebKit/537.36 (KHTML, like Gecko) Chrome/60.0.3112.90 Safari/537.36" 
128.229.4.2 - - [14/Aug/2017:06:54:01 -0700] "GET /bootstrap/img/favicon.ico HTTP/1.1" 200 590 "http://www.secrepo.com/" "Mozilla/5.0 (Macintosh; Intel Mac OS X 10_12_6) AppleWebKit/537.36 (KHTML, like Gecko) Chrome/60.0.3112.90 Safari/537.36" 
128.229.4.2 - - [14/Aug/2017:06:54:03 -0700] "GET /bootstrap/img/favicon.ico HTTP/1.1" 200 590 "http://www.secrepo.com/" "Mozilla/5.0 (Macintosh; Intel Mac OS X 10_12_6) AppleWebKit/537.36 (KHTML, like Gecko) Chrome/60.0.3112.90 Safari/537.36" 
97.86.140.135 - - [14/Aug/2017:06:54:37 -0700] "GET /wp-login.php HTTP/1.1" 301 522 "-" "Mozilla/5.0 (Windows NT 6.1; WOW64; rv:40.0) Gecko/20100101 Firefox/40.1" 
97.86.140.135 - - [14/Aug/2017:06:54:37 -0700] "GET /wp-login.php HTTP/1.1" 404 295 "-" "Mozilla/5.0 (Windows NT 6.1; WOW64; rv:40.0) Gecko/20100101 Firefox/40.1" 
97.86.140.135 - - [14/Aug/2017:06:54:42 -0700] "GET /wp-login.php HTTP/1.1" 301 522 "-" "Mozilla/5.0 (Windows NT 6.1; WOW64; rv:40.0) Gecko/20100101 Firefox/40.1" 
97.86.140.135 - - [14/Aug/2017:06:54:42 -0700] "GET /wp-login.php HTTP/1.1" 404 295 "-" "Mozilla/5.0 (Windows NT 6.1; WOW64; rv:40.0) Gecko/20100101 Firefox/40.1" 
97.86.140.135 - - [14/Aug/2017:06:54:48 -0700] "GET / HTTP/1.1" 301 498 "-" "Mozilla/5.0 (Windows NT 6.1; WOW64; rv:40.0) Gecko/20100101 Firefox/40.1" 
97.86.140.135 - - [14/Aug/2017:06:54:48 -0700] "GET / HTTP/1.1" 200 36476 "-" "Mozilla/5.0 (Windows NT 6.1; WOW64; rv:40.0) Gecko/20100101 Firefox/40.1" 
104.239.135.78 - - [14/Aug/2017:06:54:51 -0700] "GET /robots.txt HTTP/1.1" 301 446 "-" "Tornado-Async-Client" 
104.239.135.78 - - [14/Aug/2017:06:54:51 -0700] "GET /robots.txt HTTP/1.1" 304 130 "-" "Tornado-Async-Client" 
104.239.135.78 - - [14/Aug/2017:06:54:52 -0700] "GET /honeypot/BSidesDFW%20-%202014.ipynb HTTP/1.1" 301 484 "-" "Tornado-Async-Client" 
104.239.135.78 - - [14/Aug/2017:06:54:52 -0700] "GET /honeypot/BSidesDFW%20-%202014.ipynb HTTP/1.1" 200 930780 "-" "Tornado-Async-Client" 
174.62.183.104 - - [14/Aug/2017:06:57:31 -0700] "GET / HTTP/1.1" 200 10794 "-" "Mozilla/5.0 (Macintosh; Intel Mac OS X 10_13_0) AppleWebKit/537.36 (KHTML, like Gecko) Chrome/60.0.3112.90 Safari/537.36" 
174.62.183.104 - - [14/Aug/2017:06:57:31 -0700] "GET /twitter-icon.png HTTP/1.1" 200 27787 "http://www.secrepo.com/" "Mozilla/5.0 (Macintosh; Intel Mac OS X 10_13_0) AppleWebKit/537.36 (KHTML, like Gecko) Chrome/60.0.3112.90 Safari/537.36" 
174.62.183.104 - - [14/Aug/2017:06:57:31 -0700] "GET /GitHub-Mark.png HTTP/1.1" 200 7428 "http://www.secrepo.com/" "Mozilla/5.0 (Macintosh; Intel Mac OS X 10_13_0) AppleWebKit/537.36 (KHTML, like Gecko) Chrome/60.0.3112.90 Safari/537.36" 
177.33.30.152 - - [14/Aug/2017:06:59:03 -0700] "GET / HTTP/1.1" 301 483 "-" "Mozilla/5.0 (Windows NT 6.1; WOW64; rv:52.0) Gecko/20100101 Firefox/52.0" 
177.33.30.152 - - [14/Aug/2017:06:59:04 -0700] "GET / HTTP/1.1" 200 10794 "-" "Mozilla/5.0 (Windows NT 6.1; WOW64; rv:52.0) Gecko/20100101 Firefox/52.0" 
177.33.30.152 - - [14/Aug/2017:06:59:04 -0700] "GET /bootstrap/img/favicon.ico HTTP/1.1" 200 589 "-" "Mozilla/5.0 (Windows NT 6.1; WOW64; rv:52.0) Gecko/20100101 Firefox/52.0" 
177.33.30.152 - - [14/Aug/2017:06:59:05 -0700] "GET /twitter-icon.png HTTP/1.1" 200 27787 "http://www.secrepo.com/" "Mozilla/5.0 (Windows NT 6.1; WOW64; rv:52.0) Gecko/20100101 Firefox/52.0" 
177.33.30.152 - - [14/Aug/2017:06:59:05 -0700] "GET /GitHub-Mark.png HTTP/1.1" 200 7428 "http://www.secrepo.com/" "Mozilla/5.0 (Windows NT 6.1; WOW64; rv:52.0) Gecko/20100101 Firefox/52.0" 
