52.168.161.70 - - [09/Aug/2017:07:14:10 -0700] "HEAD / HTTP/1.1" 200 282 "https://www.google.com/" "Mozilla/5.0 (compatible; epicbot; +http://www.epictions.com/epicbot)" 
52.168.161.70 - - [09/Aug/2017:07:14:14 -0700] "HEAD / HTTP/1.1" 200 282 "https://www.google.com/" "Mozilla/5.0 (compatible; epicbot; +http://www.epictions.com/epicbot)" 
52.168.161.70 - - [09/Aug/2017:07:14:14 -0700] "HEAD / HTTP/1.1" 200 282 "https://www.google.com/" "Mozilla/5.0 (compatible; epicbot; +http://www.epictions.com/epicbot)" 
111.204.219.196 - - [09/Aug/2017:07:14:44 -0700] "GET /favicon.ico HTTP/1.1" 200 212 "-" "Mozilla/4.0 (compatible; MSIE 7.0; Windows NT 5.1; Trident/4.0; .NET CLR 2.0.50727; 360space)" 
207.46.13.158 - - [09/Aug/2017:07:15:54 -0700] "GET /self.logs/error.log.2015-04-04.gz HTTP/1.1" 200 2261 "-" "Mozilla/5.0 (compatible; bingbot/2.0; +http://www.bing.com/bingbot.htm)" 
84.114.21.137 - - [09/Aug/2017:07:16:49 -0700] "GET / HTTP/1.1" 200 10794 "https://www.google.at/" "Mozilla/5.0 (Macintosh; Intel Mac OS X 10_11_4) AppleWebKit/601.5.17 (KHTML, like Gecko) Version/9.1 Safari/601.5.17" 
84.114.21.137 - - [09/Aug/2017:07:16:49 -0700] "GET /twitter-icon.png HTTP/1.1" 200 27787 "http://www.secrepo.com/" "Mozilla/5.0 (Macintosh; Intel Mac OS X 10_11_4) AppleWebKit/601.5.17 (KHTML, like Gecko) Version/9.1 Safari/601.5.17" 
84.114.21.137 - - [09/Aug/2017:07:16:50 -0700] "GET /GitHub-Mark.png HTTP/1.1" 200 7428 "http://www.secrepo.com/" "Mozilla/5.0 (Macintosh; Intel Mac OS X 10_11_4) AppleWebKit/601.5.17 (KHTML, like Gecko) Version/9.1 Safari/601.5.17" 
84.114.21.137 - - [09/Aug/2017:07:16:50 -0700] "GET /bootstrap/img/favicon.ico HTTP/1.1" 200 590 "http://www.secrepo.com/" "Mozilla/5.0 (Macintosh; Intel Mac OS X 10_11_4) AppleWebKit/601.5.17 (KHTML, like Gecko) Version/9.1 Safari/601.5.17" 
120.221.1.28 - - [09/Aug/2017:07:18:32 -0700] "GET /maccdc2012/files.log.gz HTTP/1.1" 304 155 "-" "Mozilla/5.0 Gecko/20100115 Firefox/3.6" 
208.80.194.123 - - [09/Aug/2017:07:20:55 -0700] "GET / HTTP/1.0" 200 36465 "-" "Mozilla/4.0 (compatible; MSIE 7.0; Windows NT 5.2)" 
84.114.21.137 - - [09/Aug/2017:07:21:28 -0700] "GET /self.logs/ HTTP/1.1" 200 19007 "http://www.secrepo.com/" "Mozilla/5.0 (Macintosh; Intel Mac OS X 10_11_4) AppleWebKit/601.5.17 (KHTML, like Gecko) Version/9.1 Safari/601.5.17" 
84.114.21.137 - - [09/Aug/2017:07:21:35 -0700] "GET /favicon.ico HTTP/1.1" 200 268 "http://www.secrepo.com/self.logs/" "Mozilla/5.0 (Macintosh; Intel Mac OS X 10_11_4) AppleWebKit/601.5.17 (KHTML, like Gecko) Version/9.1 Safari/601.5.17" 
84.114.21.137 - - [09/Aug/2017:07:22:31 -0700] "GET /self.logs/error.log.2017-08-06.gz HTTP/1.1" 200 1293 "http://www.secrepo.com/self.logs/" "Mozilla/5.0 (Macintosh; Intel Mac OS X 10_11_4) AppleWebKit/601.5.17 (KHTML, like Gecko) Version/9.1 Safari/601.5.17" 
217.182.132.154 - - [09/Aug/2017:07:29:38 -0700] "GET /self.logs/access.log.2016-12-25.gz HTTP/1.1" 200 8645 "-" "Mozilla/5.0 (compatible; AhrefsBot/5.2; +http://ahrefs.com/robot/)" 
164.132.161.30 - - [09/Aug/2017:07:37:48 -0700] "GET /self.logs/?C=N;O=D HTTP/1.1" 200 18934 "-" "Mozilla/5.0 (compatible; AhrefsBot/5.2; +http://ahrefs.com/robot/)" 
128.237.28.18 - - [09/Aug/2017:07:42:24 -0700] "GET / HTTP/1.1" 200 10794 "https://www.google.com/" "Mozilla/5.0 (Windows NT 10.0; WOW64; rv:54.0) Gecko/20100101 Firefox/54.0" 
128.237.28.18 - - [09/Aug/2017:07:42:24 -0700] "GET /bootstrap/img/favicon.ico HTTP/1.1" 200 589 "-" "Mozilla/5.0 (Windows NT 10.0; WOW64; rv:54.0) Gecko/20100101 Firefox/54.0" 
128.237.28.18 - - [09/Aug/2017:07:42:24 -0700] "GET /GitHub-Mark.png HTTP/1.1" 200 7428 "http://www.secrepo.com/" "Mozilla/5.0 (Windows NT 10.0; WOW64; rv:54.0) Gecko/20100101 Firefox/54.0" 
217.182.132.188 - - [09/Aug/2017:07:43:41 -0700] "GET /auth.log/auth.log.gz HTTP/1.1" 200 554468 "-" "Mozilla/5.0 (compatible; AhrefsBot/5.2; +http://ahrefs.com/robot/)" 
86.25.217.234 - - [09/Aug/2017:07:44:45 -0700] "GET / HTTP/1.1" 200 10738 "https://www.reddit.com/r/datasets/comments/3tbxap/cyber_security_datasets/" "Mozilla/5.0 (Macintosh; Intel Mac OS X 10_12_6) AppleWebKit/603.3.8 (KHTML, like Gecko) Version/10.1.2 Safari/603.3.8" 
86.25.217.234 - - [09/Aug/2017:07:44:46 -0700] "GET /GitHub-Mark.png HTTP/1.1" 200 7372 "http://www.secrepo.com/" "Mozilla/5.0 (Macintosh; Intel Mac OS X 10_12_6) AppleWebKit/603.3.8 (KHTML, like Gecko) Version/10.1.2 Safari/603.3.8" 
86.25.217.234 - - [09/Aug/2017:07:44:46 -0700] "GET /twitter-icon.png HTTP/1.1" 200 27732 "http://www.secrepo.com/" "Mozilla/5.0 (Macintosh; Intel Mac OS X 10_12_6) AppleWebKit/603.3.8 (KHTML, like Gecko) Version/10.1.2 Safari/603.3.8" 
86.25.217.234 - - [09/Aug/2017:07:44:47 -0700] "GET /bootstrap/img/favicon.ico HTTP/1.1" 200 534 "http://www.secrepo.com/" "Mozilla/5.0 (Macintosh; Intel Mac OS X 10_12_6) AppleWebKit/603.3.8 (KHTML, like Gecko) Version/10.1.2 Safari/603.3.8" 
51.255.71.129 - - [09/Aug/2017:07:47:07 -0700] "GET /self.logs/access.log.2016-01-30.gz HTTP/1.1" 200 34254 "-" "Mozilla/5.0 (compatible; AhrefsBot/5.2; +http://ahrefs.com/robot/)" 
40.77.167.116 - - [09/Aug/2017:07:49:51 -0700] "GET /self.logs/access.log.2016-06-06.gz HTTP/1.1" 200 8447 "-" "Mozilla/5.0 (compatible; bingbot/2.0; +http://www.bing.com/bingbot.htm)" 
164.132.161.55 - - [09/Aug/2017:07:51:58 -0700] "GET /self.logs/access.log.2017-01-15.gz HTTP/1.1" 200 13657 "-" "Mozilla/5.0 (compatible; AhrefsBot/5.2; +http://ahrefs.com/robot/)" 
216.244.66.227 - - [09/Aug/2017:07:54:49 -0700] "GET /robots.txt HTTP/1.1" 200 233 "-" "Mozilla/5.0 (compatible; DotBot/1.1; http://www.opensiteexplorer.org/dotbot, help@moz.com)" 
40.77.167.116 - - [09/Aug/2017:07:58:38 -0700] "GET /maccdc2012/dhcp.log.gz HTTP/1.1" 200 45019 "-" "Mozilla/5.0 (compatible; bingbot/2.0; +http://www.bing.com/bingbot.htm)" 
182.65.174.48 - - [09/Aug/2017:07:58:47 -0700] "GET / HTTP/1.1" 200 10794 "http://www.kdnuggets.com/2017/01/machine-learning-cyber-security.html" "Mozilla/5.0 (Windows NT 10.0; Win64; x64) AppleWebKit/537.36 (KHTML, like Gecko) Chrome/59.0.3071.115 Safari/537.36" 
182.65.174.48 - - [09/Aug/2017:07:58:48 -0700] "GET /GitHub-Mark.png HTTP/1.1" 200 7428 "http://www.secrepo.com/" "Mozilla/5.0 (Windows NT 10.0; Win64; x64) AppleWebKit/537.36 (KHTML, like Gecko) Chrome/59.0.3071.115 Safari/537.36" 
182.65.174.48 - - [09/Aug/2017:07:58:48 -0700] "GET /twitter-icon.png HTTP/1.1" 200 27787 "http://www.secrepo.com/" "Mozilla/5.0 (Windows NT 10.0; Win64; x64) AppleWebKit/537.36 (KHTML, like Gecko) Chrome/59.0.3071.115 Safari/537.36" 
182.65.174.48 - - [09/Aug/2017:07:58:48 -0700] "GET /bootstrap/img/favicon.ico HTTP/1.1" 200 589 "http://www.secrepo.com/" "Mozilla/5.0 (Windows NT 10.0; Win64; x64) AppleWebKit/537.36 (KHTML, like Gecko) Chrome/59.0.3071.115 Safari/537.36" 
137.74.207.159 - - [09/Aug/2017:07:59:21 -0700] "GET /self.logs/error.log.2017-02-21.gz HTTP/1.1" 200 880 "-" "Mozilla/5.0 (compatible; AhrefsBot/5.2; +http://ahrefs.com/robot/)" 
120.192.95.88 - - [09/Aug/2017:08:00:27 -0700] "GET /maccdc2012/maccdc2012_full_alert.7z HTTP/1.1" 304 132 "-" "Mozilla/5.0 Gecko/20100115 Firefox/3.6" 
66.249.83.82 - - [09/Aug/2017:08:00:58 -0700] "GET / HTTP/1.1" 200 10794 "-" "Mozilla/5.0 (X11; Linux x86_64) AppleWebKit/537.36 (KHTML, like Gecko) Chrome/49.0.2623.75 Safari/537.36 Google Favicon" 
66.249.83.83 - - [09/Aug/2017:08:00:58 -0700] "GET /bootstrap/img/favicon.ico HTTP/1.1" 200 590 "-" "Mozilla/5.0 (X11; Linux x86_64) AppleWebKit/537.36 (KHTML, like Gecko) Chrome/49.0.2623.75 Safari/537.36 Google Favicon" 
216.244.66.227 - - [09/Aug/2017:08:03:15 -0700] "GET /self.logs/error.log.2015-02-19.gz HTTP/1.1" 200 5289 "-" "Mozilla/5.0 (compatible; DotBot/1.1; http://www.opensiteexplorer.org/dotbot, help@moz.com)" 
216.244.66.227 - - [09/Aug/2017:08:03:17 -0700] "GET /self.logs/error.log.2015-04-29.gz HTTP/1.1" 200 1656 "-" "Mozilla/5.0 (compatible; DotBot/1.1; http://www.opensiteexplorer.org/dotbot, help@moz.com)" 
216.244.66.227 - - [09/Aug/2017:08:03:20 -0700] "GET /self.logs/error.log.2017-04-01.gz HTTP/1.1" 200 552 "-" "Mozilla/5.0 (compatible; DotBot/1.1; http://www.opensiteexplorer.org/dotbot, help@moz.com)" 
223.74.221.42 - - [09/Aug/2017:08:06:33 -0700] "GET / HTTP/1.1" 200 10794 "-" "Mozilla/5.0 (Windows NT 6.1; WOW64) AppleWebKit/537.36 (KHTML, like Gecko) Chrome/45.0.2454.101 Safari/537.36" 
223.74.221.42 - - [09/Aug/2017:08:06:34 -0700] "GET /twitter-icon.png HTTP/1.1" 200 27787 "http://www.secrepo.com/" "Mozilla/5.0 (Windows NT 6.1; WOW64) AppleWebKit/537.36 (KHTML, like Gecko) Chrome/45.0.2454.101 Safari/537.36" 
223.74.221.42 - - [09/Aug/2017:08:06:34 -0700] "GET /GitHub-Mark.png HTTP/1.1" 200 7428 "http://www.secrepo.com/" "Mozilla/5.0 (Windows NT 6.1; WOW64) AppleWebKit/537.36 (KHTML, like Gecko) Chrome/45.0.2454.101 Safari/537.36" 
106.120.161.68 - - [09/Aug/2017:08:07:30 -0700] "GET / HTTP/1.1" 200 36465 "http://www.secrepo.com/" "Mozilla/4.0 (compatible; MSIE 8.0; Windows NT 6.1; Trident/4.0; SLCC2; .NET CLR 2.0.50727; .NET CLR 3.5.30729; .NET CLR 3.0.30729; Media Center PC 6.0; Tablet PC 2.0)" 
220.181.132.196 - - [09/Aug/2017:08:07:50 -0700] "GET / HTTP/1.1" 200 10794 "-" "Mozilla/5.0 (Linux; U; Android 5.0.2; zh-CN; Redmi Note 3 Build/LRX22G) AppleWebKit/537.36 (KHTML, like Gecko) Version/4.0 OPR/11.2.3.102637 Mobile Safari/537.36" 
223.74.221.42 - - [09/Aug/2017:08:07:59 -0700] "GET /bootstrap/img/favicon.ico HTTP/1.1" 200 590 "http://www.secrepo.com/" "Mozilla/5.0 (Windows NT 6.1; WOW64) AppleWebKit/537.36 (KHTML, like Gecko) Chrome/45.0.2454.101 Safari/537.36" 
40.77.167.126 - - [09/Aug/2017:08:17:47 -0700] "GET /self.logs/access.log.2015-03-16.gz HTTP/1.1" 200 8169 "-" "Mozilla/5.0 (compatible; bingbot/2.0; +http://www.bing.com/bingbot.htm)" 
216.244.66.250 - - [09/Aug/2017:08:17:57 -0700] "GET /self.logs/?C=S;O=D HTTP/1.1" 200 179139 "-" "Mozilla/5.0 (compatible; DotBot/1.1; http://www.opensiteexplorer.org/dotbot, help@moz.com)" 
125.253.96.132 - - [09/Aug/2017:08:18:14 -0700] "GET / HTTP/1.1" 200 10794 "https://www.reddit.com/r/datasets/comments/3tbxap/cyber_security_datasets/" "Mozilla/5.0 (Macintosh; Intel Mac OS X 10_10_5) AppleWebKit/603.2.5 (KHTML, like Gecko) Version/10.1.1 Safari/603.2.5" 
125.253.96.132 - - [09/Aug/2017:08:18:14 -0700] "GET /twitter-icon.png HTTP/1.1" 200 27787 "http://www.secrepo.com/" "Mozilla/5.0 (Macintosh; Intel Mac OS X 10_10_5) AppleWebKit/603.2.5 (KHTML, like Gecko) Version/10.1.1 Safari/603.2.5" 
125.253.96.132 - - [09/Aug/2017:08:18:14 -0700] "GET /GitHub-Mark.png HTTP/1.1" 200 7428 "http://www.secrepo.com/" "Mozilla/5.0 (Macintosh; Intel Mac OS X 10_10_5) AppleWebKit/603.2.5 (KHTML, like Gecko) Version/10.1.1 Safari/603.2.5" 
125.253.96.132 - - [09/Aug/2017:08:18:16 -0700] "GET /bootstrap/img/favicon.ico HTTP/1.1" 200 590 "http://www.secrepo.com/" "Mozilla/5.0 (Macintosh; Intel Mac OS X 10_10_5) AppleWebKit/603.2.5 (KHTML, like Gecko) Version/10.1.1 Safari/603.2.5" 
125.253.96.132 - - [09/Aug/2017:08:18:34 -0700] "GET /pe_static/zeus.zip HTTP/1.1" 200 51367111 "http://www.secrepo.com/" "Mozilla/5.0 (Macintosh; Intel Mac OS X 10_10_5) AppleWebKit/603.2.5 (KHTML, like Gecko) Version/10.1.1 Safari/603.2.5" 
51.255.65.41 - - [09/Aug/2017:08:24:19 -0700] "GET /self.logs/access.log.2016-08-25.gz HTTP/1.1" 200 6200 "-" "Mozilla/5.0 (compatible; AhrefsBot/5.2; +http://ahrefs.com/robot/)" 
207.46.13.158 - - [09/Aug/2017:08:28:45 -0700] "GET /self.logs/error.log.2015-10-29.gz HTTP/1.1" 200 677 "-" "Mozilla/5.0 (compatible; bingbot/2.0; +http://www.bing.com/bingbot.htm)" 
176.42.158.217 - - [09/Aug/2017:08:29:37 -0700] "GET /wp-login.php HTTP/1.1" 404 295 "-" "Mozilla/5.0 (Windows NT 6.1; WOW64; rv:40.0) Gecko/20100101 Firefox/40.1" 
176.42.158.217 - - [09/Aug/2017:08:29:43 -0700] "GET /wp-login.php HTTP/1.1" 404 295 "-" "Mozilla/5.0 (Windows NT 6.1; WOW64; rv:40.0) Gecko/20100101 Firefox/40.1" 
176.42.158.217 - - [09/Aug/2017:08:29:48 -0700] "GET / HTTP/1.1" 200 36476 "-" "Mozilla/5.0 (Windows NT 6.1; WOW64; rv:40.0) Gecko/20100101 Firefox/40.1" 
125.253.96.132 - - [09/Aug/2017:08:29:56 -0700] "GET / HTTP/1.1" 200 10794 "-" "Mozilla/5.0 (Macintosh; Intel Mac OS X 10_10_5) AppleWebKit/600.8.9 (KHTML, like Gecko) Version/10.1.1 Safari/603.2.5" 
125.253.96.132 - - [09/Aug/2017:08:29:56 -0700] "GET /twitter-icon.png HTTP/1.1" 200 27787 "http://www.secrepo.com/" "Mozilla/5.0 (Macintosh; Intel Mac OS X 10_10_5) AppleWebKit/600.8.9 (KHTML, like Gecko) Version/10.1.1 Safari/603.2.5" 
125.253.96.132 - - [09/Aug/2017:08:29:57 -0700] "GET /GitHub-Mark.png HTTP/1.1" 200 7428 "http://www.secrepo.com/" "Mozilla/5.0 (Macintosh; Intel Mac OS X 10_10_5) AppleWebKit/600.8.9 (KHTML, like Gecko) Version/10.1.1 Safari/603.2.5" 
216.244.66.227 - - [09/Aug/2017:08:30:48 -0700] "GET /robots.txt HTTP/1.1" 200 233 "-" "Mozilla/5.0 (compatible; DotBot/1.1; http://www.opensiteexplorer.org/dotbot, help@moz.com)" 
164.132.161.25 - - [09/Aug/2017:08:33:02 -0700] "GET /self.logs/access.log.2016-11-01.gz HTTP/1.1" 200 29357 "-" "Mozilla/5.0 (compatible; AhrefsBot/5.2; +http://ahrefs.com/robot/)" 
157.55.39.96 - - [09/Aug/2017:08:34:34 -0700] "GET /self.logs/access.log.2017-02-21.gz HTTP/1.1" 200 15995 "-" "Mozilla/5.0 (compatible; bingbot/2.0; +http://www.bing.com/bingbot.htm)" 
207.46.13.158 - - [09/Aug/2017:08:37:52 -0700] "GET /self.logs/error.log.2017-06-27.gz HTTP/1.1" 200 867 "-" "Mozilla/5.0 (compatible; bingbot/2.0; +http://www.bing.com/bingbot.htm)" 
216.244.66.227 - - [09/Aug/2017:08:43:00 -0700] "GET /self.logs/access.log.2015-07-10.gz HTTP/1.1" 200 3898 "-" "Mozilla/5.0 (compatible; DotBot/1.1; http://www.opensiteexplorer.org/dotbot, help@moz.com)" 
216.244.66.227 - - [09/Aug/2017:08:43:02 -0700] "GET /self.logs/access.log.2016-07-20.gz HTTP/1.1" 200 9135 "-" "Mozilla/5.0 (compatible; DotBot/1.1; http://www.opensiteexplorer.org/dotbot, help@moz.com)" 
66.249.93.95 - - [09/Aug/2017:08:43:42 -0700] "GET / HTTP/1.1" 200 10794 "-" "Mozilla/5.0 (X11; Linux x86_64) AppleWebKit/537.36 (KHTML, like Gecko) Chrome/49.0.2623.75 Safari/537.36 Google Favicon" 
66.249.93.93 - - [09/Aug/2017:08:43:42 -0700] "GET /bootstrap/img/favicon.ico HTTP/1.1" 200 590 "-" "Mozilla/5.0 (X11; Linux x86_64) AppleWebKit/537.36 (KHTML, like Gecko) Chrome/49.0.2623.75 Safari/537.36 Google Favicon" 
216.244.66.227 - - [09/Aug/2017:08:45:33 -0700] "GET /self.logs/access.log.2017-01-18.gz HTTP/1.1" 200 15202 "-" "Mozilla/5.0 (compatible; DotBot/1.1; http://www.opensiteexplorer.org/dotbot, help@moz.com)" 
216.244.66.227 - - [09/Aug/2017:08:45:35 -0700] "GET /self.logs/error.log.2017-07-14.gz HTTP/1.1" 200 863 "-" "Mozilla/5.0 (compatible; DotBot/1.1; http://www.opensiteexplorer.org/dotbot, help@moz.com)" 
164.132.161.21 - - [09/Aug/2017:08:46:13 -0700] "GET /self.logs/error.log.2016-05-23.gz HTTP/1.1" 200 738 "-" "Mozilla/5.0 (compatible; AhrefsBot/5.2; +http://ahrefs.com/robot/)" 
40.77.167.116 - - [09/Aug/2017:08:48:00 -0700] "GET /self.logs/access.log.2016-07-04.gz HTTP/1.1" 200 10661 "-" "Mozilla/5.0 (compatible; bingbot/2.0; +http://www.bing.com/bingbot.htm)" 
103.252.27.11 - - [09/Aug/2017:08:51:34 -0700] "GET /self.logs/ HTTP/1.1" 200 19007 "-" "Mozilla/5.0 (Macintosh; Intel Mac OS X 10_12_5) AppleWebKit/537.36 (KHTML, like Gecko) Chrome/60.0.3112.90 Safari/537.36" 
103.252.27.11 - - [09/Aug/2017:08:51:35 -0700] "GET /favicon.ico HTTP/1.1" 200 267 "http://www.secrepo.com/self.logs/" "Mozilla/5.0 (Macintosh; Intel Mac OS X 10_12_5) AppleWebKit/537.36 (KHTML, like Gecko) Chrome/60.0.3112.90 Safari/537.36" 
176.42.158.217 - - [09/Aug/2017:08:56:35 -0700] "GET /wp-login.php HTTP/1.1" 301 522 "-" "Mozilla/5.0 (Windows NT 6.1; WOW64; rv:40.0) Gecko/20100101 Firefox/40.1" 
176.42.158.217 - - [09/Aug/2017:08:56:36 -0700] "GET /wp-login.php HTTP/1.1" 404 295 "-" "Mozilla/5.0 (Windows NT 6.1; WOW64; rv:40.0) Gecko/20100101 Firefox/40.1" 
176.42.158.217 - - [09/Aug/2017:08:56:41 -0700] "GET /wp-login.php HTTP/1.1" 301 522 "-" "Mozilla/5.0 (Windows NT 6.1; WOW64; rv:40.0) Gecko/20100101 Firefox/40.1" 
176.42.158.217 - - [09/Aug/2017:08:56:41 -0700] "GET /wp-login.php HTTP/1.1" 404 295 "-" "Mozilla/5.0 (Windows NT 6.1; WOW64; rv:40.0) Gecko/20100101 Firefox/40.1" 
176.42.158.217 - - [09/Aug/2017:08:56:47 -0700] "GET / HTTP/1.1" 301 498 "-" "Mozilla/5.0 (Windows NT 6.1; WOW64; rv:40.0) Gecko/20100101 Firefox/40.1" 
176.42.158.217 - - [09/Aug/2017:08:56:47 -0700] "GET / HTTP/1.1" 200 36476 "-" "Mozilla/5.0 (Windows NT 6.1; WOW64; rv:40.0) Gecko/20100101 Firefox/40.1" 
219.90.101.209 - - [09/Aug/2017:08:59:37 -0700] "GET / HTTP/1.1" 200 10794 "https://www.google.co.in/" "Mozilla/5.0 (X11; Linux x86_64; rv:52.0) Gecko/20100101 Firefox/52.0" 
219.90.101.209 - - [09/Aug/2017:08:59:38 -0700] "GET /bootstrap/img/favicon.ico HTTP/1.1" 200 589 "-" "Mozilla/5.0 (X11; Linux x86_64; rv:52.0) Gecko/20100101 Firefox/52.0" 
219.90.101.209 - - [09/Aug/2017:08:59:38 -0700] "GET /twitter-icon.png HTTP/1.1" 200 27787 "http://www.secrepo.com/" "Mozilla/5.0 (X11; Linux x86_64; rv:52.0) Gecko/20100101 Firefox/52.0" 
219.90.101.209 - - [09/Aug/2017:08:59:39 -0700] "GET /GitHub-Mark.png HTTP/1.1" 200 7428 "http://www.secrepo.com/" "Mozilla/5.0 (X11; Linux x86_64; rv:52.0) Gecko/20100101 Firefox/52.0" 
40.77.167.116 - - [09/Aug/2017:09:02:42 -0700] "GET /self.logs/access.log.2016-10-03.gz HTTP/1.1" 200 9527 "-" "Mozilla/5.0 (compatible; bingbot/2.0; +http://www.bing.com/bingbot.htm)" 
211.103.88.105 - - [09/Aug/2017:09:04:10 -0700] "GET /maccdc2012/maccdc2012_full_alert.7z HTTP/1.1" 304 132 "-" "Mozilla/5.0 Gecko/20100115 Firefox/3.6" 
107.77.241.3 - - [09/Aug/2017:09:05:26 -0700] "GET /bootstrap/img/favicon.ico HTTP/1.1" 200 534 "-" "Mozilla/5.0 (Macintosh; Intel Mac OS X 10.12; rv:54.0) Gecko/20100101 Firefox/54.0" 
217.182.132.149 - - [09/Aug/2017:09:06:43 -0700] "GET /self.logs/access.log.2016-03-31.gz HTTP/1.1" 200 8336 "-" "Mozilla/5.0 (compatible; AhrefsBot/5.2; +http://ahrefs.com/robot/)" 
50.202.165.114 - - [09/Aug/2017:09:07:54 -0700] "GET / HTTP/1.1" 200 10794 "https://www.reddit.com/r/datasets/comments/3tbxap/cyber_security_datasets/" "Mozilla/5.0 (Macintosh; Intel Mac OS X 10_12_3) AppleWebKit/537.36 (KHTML, like Gecko) Chrome/60.0.3112.90 Safari/537.36" 
50.202.165.114 - - [09/Aug/2017:09:07:55 -0700] "GET /GitHub-Mark.png HTTP/1.1" 200 7428 "http://www.secrepo.com/" "Mozilla/5.0 (Macintosh; Intel Mac OS X 10_12_3) AppleWebKit/537.36 (KHTML, like Gecko) Chrome/60.0.3112.90 Safari/537.36" 
50.202.165.114 - - [09/Aug/2017:09:07:55 -0700] "GET /twitter-icon.png HTTP/1.1" 200 27787 "http://www.secrepo.com/" "Mozilla/5.0 (Macintosh; Intel Mac OS X 10_12_3) AppleWebKit/537.36 (KHTML, like Gecko) Chrome/60.0.3112.90 Safari/537.36" 
50.202.165.114 - - [09/Aug/2017:09:07:56 -0700] "GET /bootstrap/img/favicon.ico HTTP/1.1" 200 589 "http://www.secrepo.com/" "Mozilla/5.0 (Macintosh; Intel Mac OS X 10_12_3) AppleWebKit/537.36 (KHTML, like Gecko) Chrome/60.0.3112.90 Safari/537.36" 
216.244.66.227 - - [09/Aug/2017:09:11:54 -0700] "GET /robots.txt HTTP/1.1" 200 233 "-" "Mozilla/5.0 (compatible; DotBot/1.1; http://www.opensiteexplorer.org/dotbot, help@moz.com)" 
107.77.241.3 - - [09/Aug/2017:09:13:30 -0700] "GET / HTTP/1.1" 200 10738 "-" "Mozilla/5.0 (Macintosh; Intel Mac OS X 10.12; rv:54.0) Gecko/20100101 Firefox/54.0" 
107.77.241.3 - - [09/Aug/2017:09:13:33 -0700] "GET /twitter-icon.png HTTP/1.1" 200 27732 "http://www.secrepo.com/" "Mozilla/5.0 (Macintosh; Intel Mac OS X 10.12; rv:54.0) Gecko/20100101 Firefox/54.0" 
107.77.241.3 - - [09/Aug/2017:09:13:33 -0700] "GET /GitHub-Mark.png HTTP/1.1" 200 7372 "http://www.secrepo.com/" "Mozilla/5.0 (Macintosh; Intel Mac OS X 10.12; rv:54.0) Gecko/20100101 Firefox/54.0" 
66.249.88.61 - - [09/Aug/2017:09:19:32 -0700] "GET / HTTP/1.1" 200 10794 "-" "Mozilla/5.0 (X11; Linux x86_64) AppleWebKit/537.36 (KHTML, like Gecko) Chrome/49.0.2623.75 Safari/537.36 Google Favicon" 
66.249.88.61 - - [09/Aug/2017:09:19:32 -0700] "GET /bootstrap/img/favicon.ico HTTP/1.1" 200 589 "-" "Mozilla/5.0 (X11; Linux x86_64) AppleWebKit/537.36 (KHTML, like Gecko) Chrome/49.0.2623.75 Safari/537.36 Google Favicon" 
164.132.161.96 - - [09/Aug/2017:09:20:51 -0700] "GET /self.logs/error.log.2017-06-12.gz HTTP/1.1" 200 698 "-" "Mozilla/5.0 (compatible; AhrefsBot/5.2; +http://ahrefs.com/robot/)" 
177.1.226.253 - - [09/Aug/2017:09:25:04 -0700] "GET /wp-login.php HTTP/1.1" 301 522 "-" "Mozilla/5.0 (Windows NT 6.1; WOW64; rv:40.0) Gecko/20100101 Firefox/40.1" 
177.1.226.253 - - [09/Aug/2017:09:25:06 -0700] "GET /wp-login.php HTTP/1.1" 404 295 "-" "Mozilla/5.0 (Windows NT 6.1; WOW64; rv:40.0) Gecko/20100101 Firefox/40.1" 
177.1.226.253 - - [09/Aug/2017:09:25:11 -0700] "GET /wp-login.php HTTP/1.1" 301 522 "-" "Mozilla/5.0 (Windows NT 6.1; WOW64; rv:40.0) Gecko/20100101 Firefox/40.1" 
177.1.226.253 - - [09/Aug/2017:09:25:12 -0700] "GET /wp-login.php HTTP/1.1" 404 295 "-" "Mozilla/5.0 (Windows NT 6.1; WOW64; rv:40.0) Gecko/20100101 Firefox/40.1" 
177.1.226.253 - - [09/Aug/2017:09:25:17 -0700] "GET / HTTP/1.1" 301 498 "-" "Mozilla/5.0 (Windows NT 6.1; WOW64; rv:40.0) Gecko/20100101 Firefox/40.1" 
177.1.226.253 - - [09/Aug/2017:09:25:18 -0700] "GET / HTTP/1.1" 200 36476 "-" "Mozilla/5.0 (Windows NT 6.1; WOW64; rv:40.0) Gecko/20100101 Firefox/40.1" 
51.255.65.62 - - [09/Aug/2017:09:26:38 -0700] "GET /self.logs/access.log.2015-03-01.gz HTTP/1.1" 200 2382 "-" "Mozilla/5.0 (compatible; AhrefsBot/5.2; +http://ahrefs.com/robot/)" 
216.244.66.227 - - [09/Aug/2017:09:28:08 -0700] "GET /self.logs/access.log.2015-03-03.gz HTTP/1.1" 200 2762 "-" "Mozilla/5.0 (compatible; DotBot/1.1; http://www.opensiteexplorer.org/dotbot, help@moz.com)" 
216.244.66.227 - - [09/Aug/2017:09:28:11 -0700] "GET /self.logs/error.log.2017-01-06.gz HTTP/1.1" 200 2282 "-" "Mozilla/5.0 (compatible; DotBot/1.1; http://www.opensiteexplorer.org/dotbot, help@moz.com)" 
123.125.67.165 - - [09/Aug/2017:09:31:35 -0700] "GET /robots.txt HTTP/1.1" 200 297 "-" "Mozilla/5.0 (Windows NT 10.0; WOW64) AppleWebKit/537.36 (KHTML, like Gecko) Chrome/45.0.2454.93 Safari/537.36" 
110.143.0.194 - - [09/Aug/2017:09:31:55 -0700] "GET /wp-login.php HTTP/1.1" 404 295 "-" "Mozilla/5.0 (Windows NT 6.1; WOW64; rv:40.0) Gecko/20100101 Firefox/40.1" 
110.143.0.194 - - [09/Aug/2017:09:32:00 -0700] "GET /wp-login.php HTTP/1.1" 404 295 "-" "Mozilla/5.0 (Windows NT 6.1; WOW64; rv:40.0) Gecko/20100101 Firefox/40.1" 
110.143.0.194 - - [09/Aug/2017:09:32:06 -0700] "GET / HTTP/1.1" 200 36476 "-" "Mozilla/5.0 (Windows NT 6.1; WOW64; rv:40.0) Gecko/20100101 Firefox/40.1" 
220.181.108.174 - - [09/Aug/2017:09:34:19 -0700] "GET / HTTP/1.1" 200 10757 "-" "Mozilla/5.0 (compatible; Baiduspider/2.0; +http://www.baidu.com/search/spider.html)" 
207.46.13.158 - - [09/Aug/2017:09:39:55 -0700] "GET /self.logs/error.log.2015-11-25.gz HTTP/1.1" 200 703 "-" "Mozilla/5.0 (compatible; bingbot/2.0; +http://www.bing.com/bingbot.htm)" 
188.26.40.160 - - [09/Aug/2017:09:40:41 -0700] "GET /wp-login.php HTTP/1.1" 404 295 "-" "Mozilla/5.0 (Windows NT 6.1; WOW64; rv:40.0) Gecko/20100101 Firefox/40.1" 
188.26.40.160 - - [09/Aug/2017:09:40:47 -0700] "GET /wp-login.php HTTP/1.1" 404 295 "-" "Mozilla/5.0 (Windows NT 6.1; WOW64; rv:40.0) Gecko/20100101 Firefox/40.1" 
188.26.40.160 - - [09/Aug/2017:09:40:52 -0700] "GET / HTTP/1.1" 200 36476 "-" "Mozilla/5.0 (Windows NT 6.1; WOW64; rv:40.0) Gecko/20100101 Firefox/40.1" 
188.247.73.183 - - [09/Aug/2017:09:43:40 -0700] "GET / HTTP/1.1" 200 10794 "https://www.google.com/" "Mozilla/5.0 (X11; Ubuntu; Linux x86_64; rv:54.0) Gecko/20100101 Firefox/54.0" 
188.247.73.183 - - [09/Aug/2017:09:43:41 -0700] "GET /twitter-icon.png HTTP/1.1" 200 27787 "http://www.secrepo.com/" "Mozilla/5.0 (X11; Ubuntu; Linux x86_64; rv:54.0) Gecko/20100101 Firefox/54.0" 
188.247.73.183 - - [09/Aug/2017:09:43:41 -0700] "GET /GitHub-Mark.png HTTP/1.1" 200 7428 "http://www.secrepo.com/" "Mozilla/5.0 (X11; Ubuntu; Linux x86_64; rv:54.0) Gecko/20100101 Firefox/54.0" 
188.247.73.183 - - [09/Aug/2017:09:43:41 -0700] "GET /bootstrap/img/favicon.ico HTTP/1.1" 200 589 "-" "Mozilla/5.0 (X11; Ubuntu; Linux x86_64; rv:54.0) Gecko/20100101 Firefox/54.0" 
40.77.167.126 - - [09/Aug/2017:09:47:53 -0700] "GET /self.logs/access.log.2015-02-28.gz HTTP/1.1" 200 2986 "-" "Mozilla/5.0 (compatible; bingbot/2.0; +http://www.bing.com/bingbot.htm)" 
52.42.164.3 - - [09/Aug/2017:09:48:55 -0700] "GET / HTTP/1.1" 200 10794 "https://www.google.com/" "Mozilla/5.0 (Macintosh; Intel Mac OS X 10_12_6) AppleWebKit/537.36 (KHTML, like Gecko) Chrome/59.0.3071.115 Safari/537.36" 
52.42.164.3 - - [09/Aug/2017:09:48:55 -0700] "GET /twitter-icon.png HTTP/1.1" 200 27787 "http://www.secrepo.com/" "Mozilla/5.0 (Macintosh; Intel Mac OS X 10_12_6) AppleWebKit/537.36 (KHTML, like Gecko) Chrome/59.0.3071.115 Safari/537.36" 
52.42.164.3 - - [09/Aug/2017:09:48:55 -0700] "GET /GitHub-Mark.png HTTP/1.1" 200 7428 "http://www.secrepo.com/" "Mozilla/5.0 (Macintosh; Intel Mac OS X 10_12_6) AppleWebKit/537.36 (KHTML, like Gecko) Chrome/59.0.3071.115 Safari/537.36" 
52.42.164.3 - - [09/Aug/2017:09:48:56 -0700] "GET /bootstrap/img/favicon.ico HTTP/1.1" 200 589 "http://www.secrepo.com/" "Mozilla/5.0 (Macintosh; Intel Mac OS X 10_12_6) AppleWebKit/537.36 (KHTML, like Gecko) Chrome/59.0.3071.115 Safari/537.36" 
68.100.243.78 - - [09/Aug/2017:09:51:15 -0700] "GET / HTTP/1.1" 200 10794 "-" "Mozilla/5.0 (Windows NT 10.0; Win64; x64) AppleWebKit/537.36 (KHTML, like Gecko) Chrome/60.0.3112.90 Safari/537.36" 
68.100.243.78 - - [09/Aug/2017:09:51:15 -0700] "GET /GitHub-Mark.png HTTP/1.1" 200 7428 "http://www.secrepo.com/" "Mozilla/5.0 (Windows NT 10.0; Win64; x64) AppleWebKit/537.36 (KHTML, like Gecko) Chrome/60.0.3112.90 Safari/537.36" 
68.100.243.78 - - [09/Aug/2017:09:51:15 -0700] "GET /twitter-icon.png HTTP/1.1" 200 27787 "http://www.secrepo.com/" "Mozilla/5.0 (Windows NT 10.0; Win64; x64) AppleWebKit/537.36 (KHTML, like Gecko) Chrome/60.0.3112.90 Safari/537.36" 
68.100.243.78 - - [09/Aug/2017:09:51:16 -0700] "GET /bootstrap/img/favicon.ico HTTP/1.1" 200 589 "http://www.secrepo.com/" "Mozilla/5.0 (Windows NT 10.0; Win64; x64) AppleWebKit/537.36 (KHTML, like Gecko) Chrome/60.0.3112.90 Safari/537.36" 
68.100.243.78 - - [09/Aug/2017:09:52:00 -0700] "GET /self.logs/ HTTP/1.1" 200 19007 "http://www.secrepo.com/" "Mozilla/5.0 (Windows NT 10.0; Win64; x64) AppleWebKit/537.36 (KHTML, like Gecko) Chrome/60.0.3112.90 Safari/537.36" 
68.100.243.78 - - [09/Aug/2017:09:52:00 -0700] "GET /favicon.ico HTTP/1.1" 200 267 "http://www.secrepo.com/self.logs/" "Mozilla/5.0 (Windows NT 10.0; Win64; x64) AppleWebKit/537.36 (KHTML, like Gecko) Chrome/60.0.3112.90 Safari/537.36" 
64.233.172.160 - - [09/Aug/2017:09:55:49 -0700] "GET / HTTP/1.1" 200 10794 "-" "Mozilla/5.0 (Linux; Android 4.2.1; en-us; Nexus 5 Build/JOP40D) AppleWebKit/535.19 (KHTML, like Gecko; googleweblight) Chrome/38.0.1025.166 Mobile Safari/535.19" 
64.233.172.191 - - [09/Aug/2017:09:55:49 -0700] "GET /GitHub-Mark.png HTTP/1.1" 200 7428 "http://www.secrepo.com/" "Mozilla/5.0 (Linux; Android 4.2.1; en-us; Nexus 5 Build/JOP40D) AppleWebKit/535.19 (KHTML, like Gecko; googleweblight) Chrome/38.0.1025.166 Mobile Safari/535.19" 
66.102.8.32 - - [09/Aug/2017:09:55:49 -0700] "GET /twitter-icon.png HTTP/1.1" 200 27788 "http://www.secrepo.com/" "Mozilla/5.0 (Linux; Android 4.2.1; en-us; Nexus 5 Build/JOP40D) AppleWebKit/535.19 (KHTML, like Gecko; googleweblight) Chrome/38.0.1025.166 Mobile Safari/535.19" 
216.244.66.227 - - [09/Aug/2017:09:57:20 -0700] "GET /robots.txt HTTP/1.1" 200 233 "-" "Mozilla/5.0 (compatible; DotBot/1.1; http://www.opensiteexplorer.org/dotbot, help@moz.com)" 
95.76.2.191 - - [09/Aug/2017:09:58:57 -0700] "GET /wp-login.php HTTP/1.1" 404 295 "-" "Mozilla/5.0 (Windows NT 6.1; WOW64; rv:40.0) Gecko/20100101 Firefox/40.1" 
95.76.2.191 - - [09/Aug/2017:09:59:03 -0700] "GET /wp-login.php HTTP/1.1" 404 295 "-" "Mozilla/5.0 (Windows NT 6.1; WOW64; rv:40.0) Gecko/20100101 Firefox/40.1" 
95.76.2.191 - - [09/Aug/2017:09:59:08 -0700] "GET / HTTP/1.1" 200 36476 "-" "Mozilla/5.0 (Windows NT 6.1; WOW64; rv:40.0) Gecko/20100101 Firefox/40.1" 
14.139.60.13 - - [09/Aug/2017:10:02:41 -0700] "GET / HTTP/1.1" 200 10794 "http://www.kdnuggets.com/2017/01/machine-learning-cyber-security.html" "Mozilla/5.0 (Windows NT 10.0; Win64; x64) AppleWebKit/537.36 (KHTML, like Gecko) Chrome/59.0.3071.115 Safari/537.36" 
14.139.60.13 - - [09/Aug/2017:10:02:48 -0700] "GET /GitHub-Mark.png HTTP/1.1" 200 7428 "http://www.secrepo.com/" "Mozilla/5.0 (Windows NT 10.0; Win64; x64) AppleWebKit/537.36 (KHTML, like Gecko) Chrome/59.0.3071.115 Safari/537.36" 
14.139.60.13 - - [09/Aug/2017:10:02:48 -0700] "GET /twitter-icon.png HTTP/1.1" 200 27788 "http://www.secrepo.com/" "Mozilla/5.0 (Windows NT 10.0; Win64; x64) AppleWebKit/537.36 (KHTML, like Gecko) Chrome/59.0.3071.115 Safari/537.36" 
14.139.60.13 - - [09/Aug/2017:10:03:16 -0700] "GET /bootstrap/img/favicon.ico HTTP/1.1" 200 590 "http://www.secrepo.com/" "Mozilla/5.0 (Windows NT 10.0; Win64; x64) AppleWebKit/537.36 (KHTML, like Gecko) Chrome/59.0.3071.115 Safari/537.36" 
207.46.13.158 - - [09/Aug/2017:10:03:52 -0700] "GET /self.logs/error.log.2015-08-23.gz HTTP/1.1" 200 875 "-" "Mozilla/5.0 (compatible; bingbot/2.0; +http://www.bing.com/bingbot.htm)" 
66.249.70.31 - - [09/Aug/2017:10:12:11 -0700] "GET / HTTP/1.1" 200 10794 "-" "Mozilla/5.0 (compatible; Googlebot/2.1; +http://www.google.com/bot.html)" 
216.244.66.227 - - [09/Aug/2017:10:13:42 -0700] "GET /self.logs/error.log.2016-10-22.gz HTTP/1.1" 200 542 "-" "Mozilla/5.0 (compatible; DotBot/1.1; http://www.opensiteexplorer.org/dotbot, help@moz.com)" 
51.255.65.60 - - [09/Aug/2017:10:15:36 -0700] "GET /self.logs/access.log.2017-02-09.gz HTTP/1.1" 200 20684 "-" "Mozilla/5.0 (compatible; AhrefsBot/5.2; +http://ahrefs.com/robot/)" 
64.58.67.5 - - [09/Aug/2017:10:16:42 -0700] "GET / HTTP/1.1" 200 10794 "https://www.google.com/" "Mozilla/5.0 (Windows NT 10.0; WOW64) AppleWebKit/537.36 (KHTML, like Gecko) Chrome/59.0.3071.90 Safari/537.36 Vivaldi/1.91.867.38" 
64.58.67.5 - - [09/Aug/2017:10:16:43 -0700] "GET /twitter-icon.png HTTP/1.1" 200 27787 "http://www.secrepo.com/" "Mozilla/5.0 (Windows NT 10.0; WOW64) AppleWebKit/537.36 (KHTML, like Gecko) Chrome/59.0.3071.90 Safari/537.36 Vivaldi/1.91.867.38" 
64.58.67.5 - - [09/Aug/2017:10:16:43 -0700] "GET /GitHub-Mark.png HTTP/1.1" 200 7428 "http://www.secrepo.com/" "Mozilla/5.0 (Windows NT 10.0; WOW64) AppleWebKit/537.36 (KHTML, like Gecko) Chrome/59.0.3071.90 Safari/537.36 Vivaldi/1.91.867.38" 
64.58.67.5 - - [09/Aug/2017:10:16:44 -0700] "GET /bootstrap/img/favicon.ico HTTP/1.1" 200 589 "http://www.secrepo.com/" "Mozilla/5.0 (Windows NT 10.0; WOW64) AppleWebKit/537.36 (KHTML, like Gecko) Chrome/59.0.3071.90 Safari/537.36 Vivaldi/1.91.867.38" 
120.221.1.28 - - [09/Aug/2017:10:18:35 -0700] "GET /maccdc2012/files.log.gz HTTP/1.1" 304 155 "-" "Mozilla/5.0 Gecko/20100115 Firefox/3.6" 
110.143.0.194 - - [09/Aug/2017:10:22:35 -0700] "GET /wp-login.php HTTP/1.1" 301 522 "-" "Mozilla/5.0 (Windows NT 6.1; WOW64; rv:40.0) Gecko/20100101 Firefox/40.1" 
110.143.0.194 - - [09/Aug/2017:10:22:36 -0700] "GET /wp-login.php HTTP/1.1" 404 295 "-" "Mozilla/5.0 (Windows NT 6.1; WOW64; rv:40.0) Gecko/20100101 Firefox/40.1" 
110.143.0.194 - - [09/Aug/2017:10:22:42 -0700] "GET /wp-login.php HTTP/1.1" 301 522 "-" "Mozilla/5.0 (Windows NT 6.1; WOW64; rv:40.0) Gecko/20100101 Firefox/40.1" 
110.143.0.194 - - [09/Aug/2017:10:22:43 -0700] "GET /wp-login.php HTTP/1.1" 404 295 "-" "Mozilla/5.0 (Windows NT 6.1; WOW64; rv:40.0) Gecko/20100101 Firefox/40.1" 
110.143.0.194 - - [09/Aug/2017:10:22:49 -0700] "GET / HTTP/1.1" 301 498 "-" "Mozilla/5.0 (Windows NT 6.1; WOW64; rv:40.0) Gecko/20100101 Firefox/40.1" 
110.143.0.194 - - [09/Aug/2017:10:22:50 -0700] "GET / HTTP/1.1" 200 36476 "-" "Mozilla/5.0 (Windows NT 6.1; WOW64; rv:40.0) Gecko/20100101 Firefox/40.1" 
42.236.99.79 - - [09/Aug/2017:10:26:10 -0700] "GET /robots.txt HTTP/1.1" 301 502 "http://secrepo.com/robots.txt" "Mozilla/5.0 (Windows NT 6.1; WOW64) AppleWebKit/537.36 (KHTML, like Gecko) Chrome/50.0.2661.102 Safari/537.36; 360Spider" 
42.236.99.79 - - [09/Aug/2017:10:26:10 -0700] "GET /robots.txt HTTP/1.1" 200 334 "http://www.secrepo.com/robots.txt" "Mozilla/5.0 (Windows NT 6.1; WOW64) AppleWebKit/537.36 (KHTML, like Gecko) Chrome/50.0.2661.102 Safari/537.36; 360Spider" 
42.236.99.79 - - [09/Aug/2017:10:26:12 -0700] "GET /robots.txt HTTP/1.1" 200 333 "http://www.secrepo.com/robots.txt" "Mozilla/5.0 (Windows NT 6.1; WOW64) AppleWebKit/537.36 (KHTML, like Gecko) Chrome/50.0.2661.102 Safari/537.36; 360Spider" 
51.255.71.132 - - [09/Aug/2017:10:28:11 -0700] "GET /self.logs/error.log.2015-10-22.gz HTTP/1.1" 200 939 "-" "Mozilla/5.0 (compatible; AhrefsBot/5.2; +http://ahrefs.com/robot/)" 
14.139.38.101 - - [09/Aug/2017:10:29:45 -0700] "GET / HTTP/1.1" 200 10794 "-" "Mozilla/5.0 (Windows NT 10.0; Win64; x64) AppleWebKit/537.36 (KHTML, like Gecko) Chrome/59.0.3071.115 Safari/537.36" 
14.139.38.101 - - [09/Aug/2017:10:29:46 -0700] "GET /GitHub-Mark.png HTTP/1.1" 200 7428 "http://www.secrepo.com/" "Mozilla/5.0 (Windows NT 10.0; Win64; x64) AppleWebKit/537.36 (KHTML, like Gecko) Chrome/59.0.3071.115 Safari/537.36" 
14.139.38.101 - - [09/Aug/2017:10:29:46 -0700] "GET /twitter-icon.png HTTP/1.1" 200 27787 "http://www.secrepo.com/" "Mozilla/5.0 (Windows NT 10.0; Win64; x64) AppleWebKit/537.36 (KHTML, like Gecko) Chrome/59.0.3071.115 Safari/537.36" 
14.139.38.101 - - [09/Aug/2017:10:29:47 -0700] "GET /bootstrap/img/favicon.ico HTTP/1.1" 200 589 "http://www.secrepo.com/" "Mozilla/5.0 (Windows NT 10.0; Win64; x64) AppleWebKit/537.36 (KHTML, like Gecko) Chrome/59.0.3071.115 Safari/537.36" 
52.168.161.70 - - [09/Aug/2017:10:34:58 -0700] "HEAD / HTTP/1.1" 301 253 "https://www.google.com/" "Mozilla/5.0 (compatible; epicbot; +http://www.epictions.com/epicbot)" 
52.168.161.70 - - [09/Aug/2017:10:35:00 -0700] "HEAD / HTTP/1.1" 301 253 "https://www.google.com/" "Mozilla/5.0 (compatible; epicbot; +http://www.epictions.com/epicbot)" 
52.168.161.70 - - [09/Aug/2017:10:35:00 -0700] "HEAD / HTTP/1.1" 301 253 "https://www.google.com/" "Mozilla/5.0 (compatible; epicbot; +http://www.epictions.com/epicbot)" 
40.77.167.126 - - [09/Aug/2017:10:35:56 -0700] "GET /self.logs/access.log.2016-02-17.gz HTTP/1.1" 200 11205 "-" "Mozilla/5.0 (compatible; bingbot/2.0; +http://www.bing.com/bingbot.htm)" 
216.244.66.227 - - [09/Aug/2017:10:47:59 -0700] "GET /robots.txt HTTP/1.1" 200 233 "-" "Mozilla/5.0 (compatible; DotBot/1.1; http://www.opensiteexplorer.org/dotbot, help@moz.com)" 
157.55.39.96 - - [09/Aug/2017:10:49:00 -0700] "GET /self.logs/?C=D;O=A HTTP/1.1" 200 19007 "-" "Mozilla/5.0 (compatible; bingbot/2.0; +http://www.bing.com/bingbot.htm)" 
157.55.39.96 - - [09/Aug/2017:10:49:01 -0700] "GET /data HTTP/1.1" 404 339 "-" "Mozilla/5.0 (compatible; bingbot/2.0; +http://www.bing.com/bingbot.htm)" 
207.46.13.158 - - [09/Aug/2017:10:49:08 -0700] "GET /self.logs/?C=M;O=D HTTP/1.1" 200 19409 "-" "Mozilla/5.0 (compatible; bingbot/2.0; +http://www.bing.com/bingbot.htm)" 
207.46.13.158 - - [09/Aug/2017:10:49:09 -0700] "GET /self.logs/ HTTP/1.1" 200 19006 "-" "Mozilla/5.0 (compatible; bingbot/2.0; +http://www.bing.com/bingbot.htm)" 
157.55.39.96 - - [09/Aug/2017:10:50:00 -0700] "GET /self.logs/access.log.2017-04-04.gz HTTP/1.1" 200 39314 "-" "Mozilla/5.0 (compatible; bingbot/2.0; +http://www.bing.com/bingbot.htm)" 
217.182.132.81 - - [09/Aug/2017:10:52:20 -0700] "GET /self.logs/error.log.2015-04-18.gz HTTP/1.1" 200 1051 "-" "Mozilla/5.0 (compatible; AhrefsBot/5.2; +http://ahrefs.com/robot/)" 
207.46.13.158 - - [09/Aug/2017:10:56:44 -0700] "GET /self.logs/access.log.2015-10-16.gz HTTP/1.1" 200 6298 "-" "Mozilla/5.0 (compatible; bingbot/2.0; +http://www.bing.com/bingbot.htm)" 
52.168.161.70 - - [09/Aug/2017:10:56:44 -0700] "HEAD / HTTP/1.1" 301 253 "https://www.google.com/" "Mozilla/5.0 (compatible; epicbot; +http://www.epictions.com/epicbot)" 
52.168.161.70 - - [09/Aug/2017:10:56:45 -0700] "HEAD / HTTP/1.1" 301 253 "https://www.google.com/" "Mozilla/5.0 (compatible; epicbot; +http://www.epictions.com/epicbot)" 
52.168.161.70 - - [09/Aug/2017:10:56:45 -0700] "HEAD / HTTP/1.1" 301 253 "https://www.google.com/" "Mozilla/5.0 (compatible; epicbot; +http://www.epictions.com/epicbot)" 
52.168.161.70 - - [09/Aug/2017:10:56:45 -0700] "HEAD / HTTP/1.1" 301 253 "https://www.google.com/" "Mozilla/5.0 (compatible; epicbot; +http://www.epictions.com/epicbot)" 
52.168.161.70 - - [09/Aug/2017:10:56:45 -0700] "HEAD / HTTP/1.1" 301 253 "https://www.google.com/" "Mozilla/5.0 (compatible; epicbot; +http://www.epictions.com/epicbot)" 
52.168.161.70 - - [09/Aug/2017:10:56:47 -0700] "HEAD / HTTP/1.1" 301 253 "https://www.google.com/" "Mozilla/5.0 (compatible; epicbot; +http://www.epictions.com/epicbot)" 
52.168.161.70 - - [09/Aug/2017:10:56:47 -0700] "HEAD / HTTP/1.1" 301 253 "https://www.google.com/" "Mozilla/5.0 (compatible; epicbot; +http://www.epictions.com/epicbot)" 
52.168.161.70 - - [09/Aug/2017:10:56:47 -0700] "HEAD / HTTP/1.1" 301 253 "https://www.google.com/" "Mozilla/5.0 (compatible; epicbot; +http://www.epictions.com/epicbot)" 
52.168.161.70 - - [09/Aug/2017:10:56:47 -0700] "HEAD / HTTP/1.1" 301 253 "https://www.google.com/" "Mozilla/5.0 (compatible; epicbot; +http://www.epictions.com/epicbot)" 
52.168.161.70 - - [09/Aug/2017:10:56:47 -0700] "HEAD / HTTP/1.1" 301 253 "https://www.google.com/" "Mozilla/5.0 (compatible; epicbot; +http://www.epictions.com/epicbot)" 
52.168.161.70 - - [09/Aug/2017:10:56:47 -0700] "HEAD / HTTP/1.1" 301 253 "https://www.google.com/" "Mozilla/5.0 (compatible; epicbot; +http://www.epictions.com/epicbot)" 
52.168.161.70 - - [09/Aug/2017:10:56:47 -0700] "HEAD / HTTP/1.1" 301 253 "https://www.google.com/" "Mozilla/5.0 (compatible; epicbot; +http://www.epictions.com/epicbot)" 
52.168.161.70 - - [09/Aug/2017:10:56:47 -0700] "HEAD / HTTP/1.1" 301 253 "https://www.google.com/" "Mozilla/5.0 (compatible; epicbot; +http://www.epictions.com/epicbot)" 
52.168.161.70 - - [09/Aug/2017:10:56:48 -0700] "HEAD / HTTP/1.1" 301 253 "https://www.google.com/" "Mozilla/5.0 (compatible; epicbot; +http://www.epictions.com/epicbot)" 
52.168.161.70 - - [09/Aug/2017:10:56:48 -0700] "HEAD / HTTP/1.1" 301 253 "https://www.google.com/" "Mozilla/5.0 (compatible; epicbot; +http://www.epictions.com/epicbot)" 
52.168.161.70 - - [09/Aug/2017:11:00:09 -0700] "HEAD / HTTP/1.1" 200 282 "https://www.google.com/" "Mozilla/5.0 (compatible; epicbot; +http://www.epictions.com/epicbot)" 
52.168.161.70 - - [09/Aug/2017:11:00:16 -0700] "HEAD / HTTP/1.1" 200 282 "https://www.google.com/" "Mozilla/5.0 (compatible; epicbot; +http://www.epictions.com/epicbot)" 
52.168.161.70 - - [09/Aug/2017:11:00:16 -0700] "HEAD / HTTP/1.1" 200 282 "https://www.google.com/" "Mozilla/5.0 (compatible; epicbot; +http://www.epictions.com/epicbot)" 
120.192.95.88 - - [09/Aug/2017:11:00:34 -0700] "GET /maccdc2012/maccdc2012_full_alert.7z HTTP/1.1" 304 132 "-" "Mozilla/5.0 Gecko/20100115 Firefox/3.6" 
180.76.15.27 - - [09/Aug/2017:11:01:23 -0700] "GET /honeypot/Honeypot%20-%20Howto%20-%20BSides%20Austin.pdf HTTP/1.1" 200 897269 "-" "Mozilla/5.0 (compatible; Baiduspider/2.0; +http://www.baidu.com/search/spider.html)" 
129.83.31.3 - - [09/Aug/2017:11:01:34 -0700] "GET / HTTP/1.1" 304 189 "-" "Mozilla/5.0 (Macintosh; Intel Mac OS X 10_12_6) AppleWebKit/537.36 (KHTML, like Gecko) Chrome/60.0.3112.78 Safari/537.36" 
129.83.31.3 - - [09/Aug/2017:11:01:34 -0700] "GET /twitter-icon.png HTTP/1.1" 304 166 "http://www.secrepo.com/" "Mozilla/5.0 (Macintosh; Intel Mac OS X 10_12_6) AppleWebKit/537.36 (KHTML, like Gecko) Chrome/60.0.3112.78 Safari/537.36" 
129.83.31.3 - - [09/Aug/2017:11:01:34 -0700] "GET /GitHub-Mark.png HTTP/1.1" 304 166 "http://www.secrepo.com/" "Mozilla/5.0 (Macintosh; Intel Mac OS X 10_12_6) AppleWebKit/537.36 (KHTML, like Gecko) Chrome/60.0.3112.78 Safari/537.36" 
129.83.31.3 - - [09/Aug/2017:11:01:35 -0700] "GET /bootstrap/img/favicon.ico HTTP/1.1" 304 165 "http://www.secrepo.com/" "Mozilla/5.0 (Macintosh; Intel Mac OS X 10_12_6) AppleWebKit/537.36 (KHTML, like Gecko) Chrome/60.0.3112.78 Safari/537.36" 
216.244.66.227 - - [09/Aug/2017:11:03:01 -0700] "GET /self.logs/access.log.2017-04-28.gz HTTP/1.1" 200 14202 "-" "Mozilla/5.0 (compatible; DotBot/1.1; http://www.opensiteexplorer.org/dotbot, help@moz.com)" 
216.244.66.227 - - [09/Aug/2017:11:03:03 -0700] "GET /self.logs/error.log.2016-02-05.gz HTTP/1.1" 200 663 "-" "Mozilla/5.0 (compatible; DotBot/1.1; http://www.opensiteexplorer.org/dotbot, help@moz.com)" 
216.244.66.227 - - [09/Aug/2017:11:03:05 -0700] "GET /self.logs/error.log.2016-06-04.gz HTTP/1.1" 200 1228 "-" "Mozilla/5.0 (compatible; DotBot/1.1; http://www.opensiteexplorer.org/dotbot, help@moz.com)" 
207.46.13.158 - - [09/Aug/2017:11:04:11 -0700] "GET /self.logs/access.log.2017-01-31.gz HTTP/1.1" 200 19880 "-" "Mozilla/5.0 (compatible; bingbot/2.0; +http://www.bing.com/bingbot.htm)" 
157.55.39.96 - - [09/Aug/2017:11:06:08 -0700] "GET /self.logs/access.log.2015-03-26.gz HTTP/1.1" 200 4095 "-" "Mozilla/5.0 (compatible; bingbot/2.0; +http://www.bing.com/bingbot.htm)" 
103.220.210.221 - - [09/Aug/2017:11:08:15 -0700] "GET / HTTP/1.1" 200 10794 "https://www.google.co.in/" "Mozilla/5.0 (Windows NT 10.0; Win64; x64) AppleWebKit/537.36 (KHTML, like Gecko) Chrome/60.0.3112.90 Safari/537.36" 
103.220.210.221 - - [09/Aug/2017:11:08:16 -0700] "GET /twitter-icon.png HTTP/1.1" 200 27787 "http://www.secrepo.com/" "Mozilla/5.0 (Windows NT 10.0; Win64; x64) AppleWebKit/537.36 (KHTML, like Gecko) Chrome/60.0.3112.90 Safari/537.36" 
103.220.210.221 - - [09/Aug/2017:11:08:16 -0700] "GET /GitHub-Mark.png HTTP/1.1" 200 7428 "http://www.secrepo.com/" "Mozilla/5.0 (Windows NT 10.0; Win64; x64) AppleWebKit/537.36 (KHTML, like Gecko) Chrome/60.0.3112.90 Safari/537.36" 
103.220.210.221 - - [09/Aug/2017:11:08:18 -0700] "GET /bootstrap/img/favicon.ico HTTP/1.1" 200 589 "http://www.secrepo.com/" "Mozilla/5.0 (Windows NT 10.0; Win64; x64) AppleWebKit/537.36 (KHTML, like Gecko) Chrome/60.0.3112.90 Safari/537.36" 
95.85.2.40 - - [09/Aug/2017:11:11:08 -0700] "GET / HTTP/1.0" 301 461 "-" "-" 
95.85.2.40 - - [09/Aug/2017:11:11:08 -0700] "GET / HTTP/1.0" 200 36465 "-" "-" 
95.85.2.40 - - [09/Aug/2017:11:11:08 -0700] "GET /wp-login.php HTTP/1.0" 404 284 "-" "-" 
95.85.2.40 - - [09/Aug/2017:11:11:09 -0700] "GET /administrator/index.php HTTP/1.0" 404 284 "-" "-" 
129.118.162.117 - - [09/Aug/2017:11:11:44 -0700] "GET / HTTP/1.1" 200 10794 "-" "Mozilla/5.0 (Windows NT 6.1; WOW64; rv:54.0) Gecko/20100101 Firefox/54.0" 
129.118.162.117 - - [09/Aug/2017:11:11:48 -0700] "GET /bootstrap/img/favicon.ico HTTP/1.1" 200 590 "-" "Mozilla/5.0 (Windows NT 6.1; WOW64; rv:54.0) Gecko/20100101 Firefox/54.0" 
129.118.162.117 - - [09/Aug/2017:11:11:48 -0700] "GET /twitter-icon.png HTTP/1.1" 200 27788 "http://www.secrepo.com/" "Mozilla/5.0 (Windows NT 6.1; WOW64; rv:54.0) Gecko/20100101 Firefox/54.0" 
129.118.162.117 - - [09/Aug/2017:11:11:49 -0700] "GET /GitHub-Mark.png HTTP/1.1" 200 7428 "http://www.secrepo.com/" "Mozilla/5.0 (Windows NT 6.1; WOW64; rv:54.0) Gecko/20100101 Firefox/54.0" 
164.132.161.4 - - [09/Aug/2017:11:16:11 -0700] "GET /self.logs/access.log.2016-06-12.gz HTTP/1.1" 200 13517 "-" "Mozilla/5.0 (compatible; AhrefsBot/5.2; +http://ahrefs.com/robot/)" 
89.208.72.180 - - [09/Aug/2017:11:16:51 -0700] "GET / HTTP/1.1" 200 10794 "-" "Mozilla/5.0 (X11; Linux x86_64) AppleWebKit/537.36 (KHTML, like Gecko) Ubuntu Chromium/59.0.3071.109 Chrome/59.0.3071.109 Safari/537.36" 
89.208.72.180 - - [09/Aug/2017:11:16:52 -0700] "GET /GitHub-Mark.png HTTP/1.1" 200 7427 "http://www.secrepo.com/" "Mozilla/5.0 (X11; Linux x86_64) AppleWebKit/537.36 (KHTML, like Gecko) Ubuntu Chromium/59.0.3071.109 Chrome/59.0.3071.109 Safari/537.36" 
62.210.138.77 - - [09/Aug/2017:11:21:12 -0700] "GET / HTTP/1.1" 301 483 "-" "Mozilla/5.0 (Macintosh; Intel Mac OS X 10_12_4) AppleWebKit/537.36 (KHTML, like Gecko) Chrome/57.0.2987.133 Safari/537.36" 
62.210.138.77 - - [09/Aug/2017:11:21:12 -0700] "GET / HTTP/1.1" 200 10794 "-" "Mozilla/5.0 (Macintosh; Intel Mac OS X 10_12_4) AppleWebKit/537.36 (KHTML, like Gecko) Chrome/57.0.2987.133 Safari/537.36" 
164.132.161.58 - - [09/Aug/2017:11:28:23 -0700] "GET /self.logs/error.log.2017-07-22.gz HTTP/1.1" 200 869 "-" "Mozilla/5.0 (compatible; AhrefsBot/5.2; +http://ahrefs.com/robot/)" 
99.187.243.178 - - [09/Aug/2017:11:28:50 -0700] "GET / HTTP/1.1" 200 10794 "-" "Mozilla/5.0 (Macintosh; Intel Mac OS X 10_13_0) AppleWebKit/537.36 (KHTML, like Gecko) Chrome/60.0.3112.90 Safari/537.36" 
99.187.243.178 - - [09/Aug/2017:11:28:51 -0700] "GET /twitter-icon.png HTTP/1.1" 200 27787 "http://www.secrepo.com/" "Mozilla/5.0 (Macintosh; Intel Mac OS X 10_13_0) AppleWebKit/537.36 (KHTML, like Gecko) Chrome/60.0.3112.90 Safari/537.36" 
99.187.243.178 - - [09/Aug/2017:11:28:51 -0700] "GET /GitHub-Mark.png HTTP/1.1" 200 7428 "http://www.secrepo.com/" "Mozilla/5.0 (Macintosh; Intel Mac OS X 10_13_0) AppleWebKit/537.36 (KHTML, like Gecko) Chrome/60.0.3112.90 Safari/537.36" 
99.187.243.178 - - [09/Aug/2017:11:28:52 -0700] "GET /bootstrap/img/favicon.ico HTTP/1.1" 200 589 "http://www.secrepo.com/" "Mozilla/5.0 (Macintosh; Intel Mac OS X 10_13_0) AppleWebKit/537.36 (KHTML, like Gecko) Chrome/60.0.3112.90 Safari/537.36" 
216.244.66.227 - - [09/Aug/2017:11:36:22 -0700] "GET /robots.txt HTTP/1.1" 200 233 "-" "Mozilla/5.0 (compatible; DotBot/1.1; http://www.opensiteexplorer.org/dotbot, help@moz.com)" 
40.77.167.126 - - [09/Aug/2017:11:40:11 -0700] "GET /self.logs/error.log.2016-09-26.gz HTTP/1.1" 200 819 "-" "Mozilla/5.0 (compatible; bingbot/2.0; +http://www.bing.com/bingbot.htm)" 
104.129.194.132 - - [09/Aug/2017:11:46:48 -0700] "GET / HTTP/1.1" 200 10794 "-" "Mozilla/5.0 (Macintosh; Intel Mac OS X 10.12; rv:54.0) Gecko/20100101 Firefox/54.0" 
104.129.194.132 - - [09/Aug/2017:11:46:49 -0700] "GET /bootstrap/img/favicon.ico HTTP/1.1" 200 589 "-" "Mozilla/5.0 (Macintosh; Intel Mac OS X 10.12; rv:54.0) Gecko/20100101 Firefox/54.0" 
104.129.194.132 - - [09/Aug/2017:11:46:49 -0700] "GET /twitter-icon.png HTTP/1.1" 200 27787 "http://www.secrepo.com/" "Mozilla/5.0 (Macintosh; Intel Mac OS X 10.12; rv:54.0) Gecko/20100101 Firefox/54.0" 
104.129.194.132 - - [09/Aug/2017:11:46:49 -0700] "GET /GitHub-Mark.png HTTP/1.1" 200 7427 "http://www.secrepo.com/" "Mozilla/5.0 (Macintosh; Intel Mac OS X 10.12; rv:54.0) Gecko/20100101 Firefox/54.0" 
104.129.194.132 - - [09/Aug/2017:11:47:27 -0700] "GET /self.logs/ HTTP/1.1" 200 19007 "http://www.secrepo.com/" "Mozilla/5.0 (Macintosh; Intel Mac OS X 10.12; rv:54.0) Gecko/20100101 Firefox/54.0" 
104.129.194.132 - - [09/Aug/2017:11:47:27 -0700] "GET /favicon.ico HTTP/1.1" 200 267 "-" "Mozilla/5.0 (Macintosh; Intel Mac OS X 10.12; rv:54.0) Gecko/20100101 Firefox/54.0" 
66.249.70.31 - - [09/Aug/2017:11:47:34 -0700] "GET / HTTP/1.1" 200 10794 "-" "Mozilla/5.0 (Linux; Android 6.0.1; Nexus 5X Build/MMB29P) AppleWebKit/537.36 (KHTML, like Gecko) Chrome/41.0.2272.96 Mobile Safari/537.36 (compatible; Googlebot/2.1; +http://www.google.com/bot.html)" 
104.129.194.132 - - [09/Aug/2017:11:47:51 -0700] "GET /self.logs/access.log.2015-02-21.gz HTTP/1.1" 200 17393 "http://www.secrepo.com/self.logs/" "Mozilla/5.0 (Macintosh; Intel Mac OS X 10.12; rv:54.0) Gecko/20100101 Firefox/54.0" 
216.244.66.227 - - [09/Aug/2017:11:47:57 -0700] "GET /self.logs/access.log.2016-04-12.gz HTTP/1.1" 200 8693 "-" "Mozilla/5.0 (compatible; DotBot/1.1; http://www.opensiteexplorer.org/dotbot, help@moz.com)" 
216.244.66.227 - - [09/Aug/2017:11:47:59 -0700] "GET /self.logs/access.log.2016-10-12.gz HTTP/1.1" 200 12337 "-" "Mozilla/5.0 (compatible; DotBot/1.1; http://www.opensiteexplorer.org/dotbot, help@moz.com)" 
216.244.66.227 - - [09/Aug/2017:11:48:01 -0700] "GET /self.logs/error.log.2016-02-19.gz HTTP/1.1" 200 505 "-" "Mozilla/5.0 (compatible; DotBot/1.1; http://www.opensiteexplorer.org/dotbot, help@moz.com)" 
216.244.66.227 - - [09/Aug/2017:11:48:03 -0700] "GET /self.logs/error.log.2016-07-01.gz HTTP/1.1" 200 866 "-" "Mozilla/5.0 (compatible; DotBot/1.1; http://www.opensiteexplorer.org/dotbot, help@moz.com)" 
104.129.194.132 - - [09/Aug/2017:11:48:03 -0700] "GET /self.logs/access.log.2015-02-16.gz HTTP/1.1" 200 20488 "http://www.secrepo.com/self.logs/" "Mozilla/5.0 (Macintosh; Intel Mac OS X 10.12; rv:54.0) Gecko/20100101 Firefox/54.0" 
104.129.194.132 - - [09/Aug/2017:11:48:24 -0700] "GET /self.logs/access.log.2016-11-28.gz HTTP/1.1" 200 21997 "http://www.secrepo.com/self.logs/" "Mozilla/5.0 (Macintosh; Intel Mac OS X 10.12; rv:54.0) Gecko/20100101 Firefox/54.0" 
104.129.194.132 - - [09/Aug/2017:11:48:38 -0700] "GET /self.logs/access.log.2017-02-14.gz HTTP/1.1" 200 53555 "http://www.secrepo.com/self.logs/" "Mozilla/5.0 (Macintosh; Intel Mac OS X 10.12; rv:54.0) Gecko/20100101 Firefox/54.0" 
104.129.194.132 - - [09/Aug/2017:11:48:49 -0700] "GET /self.logs/access.log.2017-02-24.gz HTTP/1.1" 200 67267 "http://www.secrepo.com/self.logs/" "Mozilla/5.0 (Macintosh; Intel Mac OS X 10.12; rv:54.0) Gecko/20100101 Firefox/54.0" 
104.129.194.132 - - [09/Aug/2017:11:50:41 -0700] "GET /maccdc2012/http.log.gz HTTP/1.1" 200 54258816 "http://www.secrepo.com/" "Mozilla/5.0 (Macintosh; Intel Mac OS X 10.12; rv:54.0) Gecko/20100101 Firefox/54.0" 
46.161.9.6 - - [09/Aug/2017:11:50:50 -0700] "GET /honeypot/BSidesDFW%20-%202014.ipynb HTTP/1.0" 200 930799 "http://www.secrepo.com/honeypot/BSidesDFW%20-%202014.ipynb" "Mozilla/5.0 (Windows NT 10.0; Win64; x64; rv:52.0) Gecko/20100101 Firefox/52.0" 
211.103.88.105 - - [09/Aug/2017:12:04:15 -0700] "GET /maccdc2012/maccdc2012_full_alert.7z HTTP/1.1" 304 132 "-" "Mozilla/5.0 Gecko/20100115 Firefox/3.6" 
164.132.162.155 - - [09/Aug/2017:12:05:43 -0700] "GET /self.logs/access.log.2015-12-17.gz HTTP/1.1" 200 6134 "-" "Mozilla/5.0 (compatible; AhrefsBot/5.2; +http://ahrefs.com/robot/)" 
66.249.70.29 - - [09/Aug/2017:12:12:50 -0700] "GET / HTTP/1.1" 200 10794 "-" "Mozilla/5.0 (compatible; Googlebot/2.1; +http://www.google.com/bot.html)" 
