125.209.235.176 - - [13/Jun/2017:15:58:45 -0700] "GET /GitHub-Mark.png HTTP/1.1" 200 7391 "-" "Mozilla/5.0 (compatible; Yeti/1.1; +http://naver.me/bot)" 
200.55.140.181 - - [13/Jun/2017:15:59:17 -0700] "GET / HTTP/1.1" 200 10793 "https://www.google.com" "Mozilla/5.0 (X11; Linux x86_64; rv:45.0) Gecko/20100101 Firefox/45.0" 
200.55.140.181 - - [13/Jun/2017:15:59:17 -0700] "GET /GitHub-Mark.png HTTP/1.1" 200 7427 "http://www.secrepo.com/" "Mozilla/5.0 (X11; Linux x86_64; rv:45.0) Gecko/20100101 Firefox/45.0" 
200.55.140.181 - - [13/Jun/2017:15:59:17 -0700] "GET /bootstrap/img/favicon.ico HTTP/1.1" 200 590 "-" "Mozilla/5.0 (X11; Linux x86_64; rv:45.0) Gecko/20100101 Firefox/45.0" 
200.55.140.181 - - [13/Jun/2017:15:59:17 -0700] "GET /twitter-icon.png HTTP/1.1" 200 27788 "http://www.secrepo.com/" "Mozilla/5.0 (X11; Linux x86_64; rv:45.0) Gecko/20100101 Firefox/45.0" 
120.221.1.28 - - [13/Jun/2017:16:00:53 -0700] "GET /maccdc2012/files.log.gz HTTP/1.1" 304 155 "-" "Mozilla/5.0 Gecko/20100115 Firefox/3.6" 
216.244.66.227 - - [13/Jun/2017:16:05:32 -0700] "GET /self.logs/access.log.2016-01-22.gz HTTP/1.1" 200 5562 "-" "Mozilla/5.0 (compatible; DotBot/1.1; http://www.opensiteexplorer.org/dotbot, help@moz.com)" 
216.244.66.227 - - [13/Jun/2017:16:05:34 -0700] "GET /self.logs/access.log.2016-06-02.gz HTTP/1.1" 200 11172 "-" "Mozilla/5.0 (compatible; DotBot/1.1; http://www.opensiteexplorer.org/dotbot, help@moz.com)" 
216.244.66.227 - - [13/Jun/2017:16:05:36 -0700] "GET /self.logs/access.log.2016-10-08.gz HTTP/1.1" 200 6656 "-" "Mozilla/5.0 (compatible; DotBot/1.1; http://www.opensiteexplorer.org/dotbot, help@moz.com)" 
216.244.66.227 - - [13/Jun/2017:16:05:37 -0700] "GET /self.logs/error.log.2015-11-20.gz HTTP/1.1" 200 923 "-" "Mozilla/5.0 (compatible; DotBot/1.1; http://www.opensiteexplorer.org/dotbot, help@moz.com)" 
216.244.66.227 - - [13/Jun/2017:16:05:39 -0700] "GET /self.logs/error.log.2015-12-22.gz HTTP/1.1" 200 674 "-" "Mozilla/5.0 (compatible; DotBot/1.1; http://www.opensiteexplorer.org/dotbot, help@moz.com)" 
216.244.66.227 - - [13/Jun/2017:16:05:41 -0700] "GET /self.logs/error.log.2017-01-16.gz HTTP/1.1" 200 900 "-" "Mozilla/5.0 (compatible; DotBot/1.1; http://www.opensiteexplorer.org/dotbot, help@moz.com)" 
125.209.235.185 - - [13/Jun/2017:16:18:50 -0700] "GET /twitter-icon.png HTTP/1.1" 200 27751 "-" "Mozilla/5.0 (compatible; Yeti/1.1; +http://naver.me/bot)" 
66.249.64.129 - - [13/Jun/2017:16:21:31 -0700] "GET / HTTP/1.1" 200 10793 "-" "Mozilla/5.0 (Linux; Android 6.0.1; Nexus 5X Build/MMB29P) AppleWebKit/537.36 (KHTML, like Gecko) Chrome/41.0.2272.96 Mobile Safari/537.36 (compatible; Googlebot/2.1; +http://www.google.com/bot.html)" 
216.244.66.250 - - [13/Jun/2017:16:28:38 -0700] "GET /robots.txt HTTP/1.1" 200 233 "-" "Mozilla/5.0 (compatible; DotBot/1.1; http://www.opensiteexplorer.org/dotbot, help@moz.com)" 
119.153.183.113 - - [13/Jun/2017:16:35:20 -0700] "GET /wp-login.php HTTP/1.1" 404 295 "-" "Mozilla/5.0 (Windows NT 6.1; WOW64; rv:40.0) Gecko/20100101 Firefox/40.1" 
216.244.66.227 - - [13/Jun/2017:16:35:25 -0700] "GET /robots.txt HTTP/1.1" 200 233 "-" "Mozilla/5.0 (compatible; DotBot/1.1; http://www.opensiteexplorer.org/dotbot, help@moz.com)" 
119.153.183.113 - - [13/Jun/2017:16:35:26 -0700] "GET /wp-login.php HTTP/1.1" 404 295 "-" "Mozilla/5.0 (Windows NT 6.1; WOW64; rv:40.0) Gecko/20100101 Firefox/40.1" 
119.153.183.113 - - [13/Jun/2017:16:35:31 -0700] "GET / HTTP/1.1" 200 36475 "-" "Mozilla/5.0 (Windows NT 6.1; WOW64; rv:40.0) Gecko/20100101 Firefox/40.1" 
119.153.183.113 - - [13/Jun/2017:16:36:05 -0700] "GET /wp-login.php HTTP/1.1" 301 522 "-" "Mozilla/5.0 (Windows NT 6.1; WOW64; rv:40.0) Gecko/20100101 Firefox/40.1" 
119.153.183.113 - - [13/Jun/2017:16:36:05 -0700] "GET /wp-login.php HTTP/1.1" 404 295 "-" "Mozilla/5.0 (Windows NT 6.1; WOW64; rv:40.0) Gecko/20100101 Firefox/40.1" 
119.153.183.113 - - [13/Jun/2017:16:36:11 -0700] "GET /wp-login.php HTTP/1.1" 301 522 "-" "Mozilla/5.0 (Windows NT 6.1; WOW64; rv:40.0) Gecko/20100101 Firefox/40.1" 
119.153.183.113 - - [13/Jun/2017:16:36:12 -0700] "GET /wp-login.php HTTP/1.1" 404 295 "-" "Mozilla/5.0 (Windows NT 6.1; WOW64; rv:40.0) Gecko/20100101 Firefox/40.1" 
66.152.110.186 - - [13/Jun/2017:16:36:13 -0700] "GET / HTTP/1.1" 200 10793 "-" "Mozilla/5.0 (Windows NT 10.0; Win64; x64) AppleWebKit/537.36 (KHTML, like Gecko) Chrome/58.0.3029.110 Safari/537.36" 
66.152.110.186 - - [13/Jun/2017:16:36:14 -0700] "GET /twitter-icon.png HTTP/1.1" 200 27787 "http://www.secrepo.com/" "Mozilla/5.0 (Windows NT 10.0; Win64; x64) AppleWebKit/537.36 (KHTML, like Gecko) Chrome/58.0.3029.110 Safari/537.36" 
66.152.110.186 - - [13/Jun/2017:16:36:14 -0700] "GET /GitHub-Mark.png HTTP/1.1" 200 7428 "http://www.secrepo.com/" "Mozilla/5.0 (Windows NT 10.0; Win64; x64) AppleWebKit/537.36 (KHTML, like Gecko) Chrome/58.0.3029.110 Safari/537.36" 
66.152.110.186 - - [13/Jun/2017:16:36:14 -0700] "GET /bootstrap/img/favicon.ico HTTP/1.1" 200 589 "http://www.secrepo.com/" "Mozilla/5.0 (Windows NT 10.0; Win64; x64) AppleWebKit/537.36 (KHTML, like Gecko) Chrome/58.0.3029.110 Safari/537.36" 
119.153.183.113 - - [13/Jun/2017:16:36:17 -0700] "GET / HTTP/1.1" 301 498 "-" "Mozilla/5.0 (Windows NT 6.1; WOW64; rv:40.0) Gecko/20100101 Firefox/40.1" 
119.153.183.113 - - [13/Jun/2017:16:36:18 -0700] "GET / HTTP/1.1" 200 36475 "-" "Mozilla/5.0 (Windows NT 6.1; WOW64; rv:40.0) Gecko/20100101 Firefox/40.1" 
77.75.78.161 - - [13/Jun/2017:16:39:25 -0700] "GET /robots.txt HTTP/1.1" 200 334 "-" "Mozilla/5.0 (compatible; SeznamBot/3.2; +http://napoveda.seznam.cz/en/seznambot-intro/)" 
77.75.78.161 - - [13/Jun/2017:16:39:26 -0700] "GET /self.logs/ HTTP/1.1" 200 17909 "-" "Mozilla/5.0 (compatible; SeznamBot/3.2; +http://napoveda.seznam.cz/en/seznambot-intro/)" 
217.182.132.157 - - [13/Jun/2017:16:46:11 -0700] "GET /self.logs/error.log.2016-10-13.gz HTTP/1.1" 200 773 "-" "Mozilla/5.0 (compatible; AhrefsBot/5.2; +http://ahrefs.com/robot/)" 
52.168.161.70 - - [13/Jun/2017:16:51:17 -0700] "HEAD / HTTP/1.1" 301 253 "https://www.google.com/" "Mozilla/5.0 (compatible; epicbot; +http://www.epictions.com/epicbot)" 
52.168.161.70 - - [13/Jun/2017:16:51:17 -0700] "HEAD / HTTP/1.1" 301 253 "https://www.google.com/" "Mozilla/5.0 (compatible; epicbot; +http://www.epictions.com/epicbot)" 
52.168.161.70 - - [13/Jun/2017:16:51:17 -0700] "HEAD / HTTP/1.1" 301 253 "https://www.google.com/" "Mozilla/5.0 (compatible; epicbot; +http://www.epictions.com/epicbot)" 
52.168.161.70 - - [13/Jun/2017:16:51:18 -0700] "HEAD / HTTP/1.1" 301 253 "https://www.google.com/" "Mozilla/5.0 (compatible; epicbot; +http://www.epictions.com/epicbot)" 
52.168.161.70 - - [13/Jun/2017:16:51:19 -0700] "HEAD / HTTP/1.1" 301 253 "https://www.google.com/" "Mozilla/5.0 (compatible; epicbot; +http://www.epictions.com/epicbot)" 
52.168.161.70 - - [13/Jun/2017:16:51:19 -0700] "HEAD / HTTP/1.1" 301 253 "https://www.google.com/" "Mozilla/5.0 (compatible; epicbot; +http://www.epictions.com/epicbot)" 
52.168.161.70 - - [13/Jun/2017:16:51:19 -0700] "HEAD / HTTP/1.1" 301 253 "https://www.google.com/" "Mozilla/5.0 (compatible; epicbot; +http://www.epictions.com/epicbot)" 
52.168.161.70 - - [13/Jun/2017:16:51:19 -0700] "HEAD / HTTP/1.1" 301 253 "https://www.google.com/" "Mozilla/5.0 (compatible; epicbot; +http://www.epictions.com/epicbot)" 
52.168.161.70 - - [13/Jun/2017:16:51:20 -0700] "HEAD / HTTP/1.1" 301 253 "https://www.google.com/" "Mozilla/5.0 (compatible; epicbot; +http://www.epictions.com/epicbot)" 
52.168.161.70 - - [13/Jun/2017:16:51:20 -0700] "HEAD / HTTP/1.1" 301 253 "https://www.google.com/" "Mozilla/5.0 (compatible; epicbot; +http://www.epictions.com/epicbot)" 
52.168.161.70 - - [13/Jun/2017:16:51:21 -0700] "HEAD / HTTP/1.1" 301 253 "https://www.google.com/" "Mozilla/5.0 (compatible; epicbot; +http://www.epictions.com/epicbot)" 
52.168.161.70 - - [13/Jun/2017:16:51:21 -0700] "HEAD / HTTP/1.1" 301 253 "https://www.google.com/" "Mozilla/5.0 (compatible; epicbot; +http://www.epictions.com/epicbot)" 
216.244.66.227 - - [13/Jun/2017:16:51:55 -0700] "GET /self.logs/access.log.2016-06-22.gz HTTP/1.1" 200 13116 "-" "Mozilla/5.0 (compatible; DotBot/1.1; http://www.opensiteexplorer.org/dotbot, help@moz.com)" 
216.244.66.227 - - [13/Jun/2017:16:51:58 -0700] "GET /self.logs/error.log.2015-09-01.gz HTTP/1.1" 200 615 "-" "Mozilla/5.0 (compatible; DotBot/1.1; http://www.opensiteexplorer.org/dotbot, help@moz.com)" 
104.133.3.95 - - [13/Jun/2017:16:52:17 -0700] "GET / HTTP/1.1" 301 483 "http://fsecurify.com/fwaf-machine-learning-driven-web-application-firewall/" "Mozilla/5.0 (Macintosh; Intel Mac OS X 10_12_5) AppleWebKit/537.36 (KHTML, like Gecko) Chrome/58.0.3029.110 Safari/537.36" 
104.133.3.95 - - [13/Jun/2017:16:52:18 -0700] "GET / HTTP/1.1" 200 10793 "http://fsecurify.com/fwaf-machine-learning-driven-web-application-firewall/" "Mozilla/5.0 (Macintosh; Intel Mac OS X 10_12_5) AppleWebKit/537.36 (KHTML, like Gecko) Chrome/58.0.3029.110 Safari/537.36" 
104.133.3.95 - - [13/Jun/2017:16:52:18 -0700] "GET /twitter-icon.png HTTP/1.1" 200 27787 "http://www.secrepo.com/" "Mozilla/5.0 (Macintosh; Intel Mac OS X 10_12_5) AppleWebKit/537.36 (KHTML, like Gecko) Chrome/58.0.3029.110 Safari/537.36" 
104.133.3.95 - - [13/Jun/2017:16:52:18 -0700] "GET /GitHub-Mark.png HTTP/1.1" 200 7428 "http://www.secrepo.com/" "Mozilla/5.0 (Macintosh; Intel Mac OS X 10_12_5) AppleWebKit/537.36 (KHTML, like Gecko) Chrome/58.0.3029.110 Safari/537.36" 
104.133.3.95 - - [13/Jun/2017:16:52:19 -0700] "GET /bootstrap/img/favicon.ico HTTP/1.1" 200 589 "http://www.secrepo.com/" "Mozilla/5.0 (Macintosh; Intel Mac OS X 10_12_5) AppleWebKit/537.36 (KHTML, like Gecko) Chrome/58.0.3029.110 Safari/537.36" 
42.236.103.106 - - [13/Jun/2017:16:52:28 -0700] "GET / HTTP/1.1" 200 10793 "http://www.secrepo.com/" "Mozilla/5.0 (Windows NT 6.1; WOW64) AppleWebKit/537.36 (KHTML, like Gecko) Chrome/50.0.2661.102 Safari/537.36; 360Spider" 
181.165.170.21 - - [13/Jun/2017:17:02:47 -0700] "GET /wp-login.php HTTP/1.1" 404 295 "-" "Mozilla/5.0 (Windows NT 6.1; WOW64; rv:40.0) Gecko/20100101 Firefox/40.1" 
181.165.170.21 - - [13/Jun/2017:17:02:53 -0700] "GET /wp-login.php HTTP/1.1" 404 295 "-" "Mozilla/5.0 (Windows NT 6.1; WOW64; rv:40.0) Gecko/20100101 Firefox/40.1" 
181.165.170.21 - - [13/Jun/2017:17:02:58 -0700] "GET / HTTP/1.1" 200 36475 "-" "Mozilla/5.0 (Windows NT 6.1; WOW64; rv:40.0) Gecko/20100101 Firefox/40.1" 
52.168.161.70 - - [13/Jun/2017:17:07:47 -0700] "HEAD / HTTP/1.1" 200 282 "https://www.google.com/" "Mozilla/5.0 (compatible; epicbot; +http://www.epictions.com/epicbot)" 
52.168.161.70 - - [13/Jun/2017:17:07:51 -0700] "HEAD / HTTP/1.1" 200 282 "https://www.google.com/" "Mozilla/5.0 (compatible; epicbot; +http://www.epictions.com/epicbot)" 
52.168.161.70 - - [13/Jun/2017:17:07:51 -0700] "HEAD / HTTP/1.1" 200 282 "https://www.google.com/" "Mozilla/5.0 (compatible; epicbot; +http://www.epictions.com/epicbot)" 
88.217.140.185 - - [13/Jun/2017:17:11:58 -0700] "GET /bootstrap/img/favicon.ico HTTP/1.1" 200 590 "-" "Mozilla/5.0 (Windows NT 6.1; Win64; x64) AppleWebKit/537.36 (KHTML, like Gecko) Chrome/58.0.3029.110 Safari/537.36" 
216.244.66.227 - - [13/Jun/2017:17:20:34 -0700] "GET /robots.txt HTTP/1.1" 200 233 "-" "Mozilla/5.0 (compatible; DotBot/1.1; http://www.opensiteexplorer.org/dotbot, help@moz.com)" 
66.102.6.158 - - [13/Jun/2017:17:23:24 -0700] "GET / HTTP/1.1" 200 10793 "http://fsecurify.com/fwaf-machine-learning-driven-web-application-firewall/" "Mozilla/5.0 (Windows NT 6.1; Trident/7.0; rv:11.0) like Gecko" 
66.102.6.158 - - [13/Jun/2017:17:23:24 -0700] "GET /GitHub-Mark.png HTTP/1.1" 200 7427 "http://www.secrepo.com/" "Mozilla/5.0 (Windows NT 6.1; Trident/7.0; rv:11.0) like Gecko" 
66.102.6.159 - - [13/Jun/2017:17:23:24 -0700] "GET /twitter-icon.png HTTP/1.1" 200 27788 "http://www.secrepo.com/" "Mozilla/5.0 (Windows NT 6.1; Trident/7.0; rv:11.0) like Gecko" 
66.102.6.129 - - [13/Jun/2017:17:23:29 -0700] "GET /bootstrap/img/favicon.ico HTTP/1.1" 200 590 "-" "Mozilla/5.0 (Windows NT 6.1; Trident/7.0; rv:11.0) like Gecko" 
122.96.140.226 - - [13/Jun/2017:17:24:19 -0700] "GET /favicon.ico HTTP/1.1" 200 212 "-" "Mozilla/4.0 (compatible; MSIE 7.0; Windows NT 5.1; Trident/4.0; .NET CLR 2.0.50727; 360space)" 
157.55.39.181 - - [13/Jun/2017:17:34:43 -0700] "GET /self.logs/access.log.2016-02-18.gz HTTP/1.1" 200 9824 "-" "Mozilla/5.0 (compatible; bingbot/2.0; +http://www.bing.com/bingbot.htm)" 
137.74.201.99 - - [13/Jun/2017:17:34:56 -0700] "GET / HTTP/1.1" 301 427 "-" "Mozilla/5.0 (compatible; AhrefsBot/5.2; +http://ahrefs.com/robot/)" 
216.244.66.227 - - [13/Jun/2017:17:37:56 -0700] "GET /self.logs/access.log.2015-08-11.gz HTTP/1.1" 200 5894 "-" "Mozilla/5.0 (compatible; DotBot/1.1; http://www.opensiteexplorer.org/dotbot, help@moz.com)" 
216.244.66.227 - - [13/Jun/2017:17:37:58 -0700] "GET /self.logs/access.log.2015-11-06.gz HTTP/1.1" 200 8533 "-" "Mozilla/5.0 (compatible; DotBot/1.1; http://www.opensiteexplorer.org/dotbot, help@moz.com)" 
216.244.66.227 - - [13/Jun/2017:17:38:00 -0700] "GET /self.logs/access.log.2016-03-05.gz HTTP/1.1" 200 6646 "-" "Mozilla/5.0 (compatible; DotBot/1.1; http://www.opensiteexplorer.org/dotbot, help@moz.com)" 
216.244.66.227 - - [13/Jun/2017:17:38:01 -0700] "GET /self.logs/access.log.2016-07-19.gz HTTP/1.1" 200 7739 "-" "Mozilla/5.0 (compatible; DotBot/1.1; http://www.opensiteexplorer.org/dotbot, help@moz.com)" 
216.244.66.227 - - [13/Jun/2017:17:38:03 -0700] "GET /self.logs/access.log.2016-08-28.gz HTTP/1.1" 200 7199 "-" "Mozilla/5.0 (compatible; DotBot/1.1; http://www.opensiteexplorer.org/dotbot, help@moz.com)" 
216.244.66.227 - - [13/Jun/2017:17:38:05 -0700] "GET /self.logs/error.log.2016-02-29.gz HTTP/1.1" 200 574 "-" "Mozilla/5.0 (compatible; DotBot/1.1; http://www.opensiteexplorer.org/dotbot, help@moz.com)" 
177.64.224.214 - - [13/Jun/2017:17:40:15 -0700] "GET /wp-login.php HTTP/1.1" 404 295 "-" "Mozilla/5.0 (Windows NT 6.1; WOW64; rv:40.0) Gecko/20100101 Firefox/40.1" 
177.64.224.214 - - [13/Jun/2017:17:40:20 -0700] "GET /wp-login.php HTTP/1.1" 404 295 "-" "Mozilla/5.0 (Windows NT 6.1; WOW64; rv:40.0) Gecko/20100101 Firefox/40.1" 
177.64.224.214 - - [13/Jun/2017:17:40:25 -0700] "GET / HTTP/1.1" 200 36475 "-" "Mozilla/5.0 (Windows NT 6.1; WOW64; rv:40.0) Gecko/20100101 Firefox/40.1" 
77.75.78.164 - - [13/Jun/2017:17:42:10 -0700] "GET /robots.txt HTTP/1.1" 200 334 "-" "Mozilla/5.0 (compatible; SeznamBot/3.2; +http://napoveda.seznam.cz/en/seznambot-intro/)" 
77.75.78.164 - - [13/Jun/2017:17:42:11 -0700] "GET /self.logs/?C=M;O=D HTTP/1.1" 200 18285 "-" "Mozilla/5.0 (compatible; SeznamBot/3.2; +http://napoveda.seznam.cz/en/seznambot-intro/)" 
216.244.66.250 - - [13/Jun/2017:17:43:04 -0700] "GET /self.logs/ HTTP/1.1" 200 168195 "-" "Mozilla/5.0 (compatible; DotBot/1.1; http://www.opensiteexplorer.org/dotbot, help@moz.com)" 
51.255.65.83 - - [13/Jun/2017:17:45:24 -0700] "GET /self.logs/access.log.2017-01-03.gz HTTP/1.1" 200 40889 "-" "Mozilla/5.0 (compatible; AhrefsBot/5.2; +http://ahrefs.com/robot/)" 
164.132.161.41 - - [13/Jun/2017:17:48:23 -0700] "GET /self.logs/error.log.2017-06-04.gz HTTP/1.1" 200 1039 "-" "Mozilla/5.0 (compatible; AhrefsBot/5.2; +http://ahrefs.com/robot/)" 
217.182.132.192 - - [13/Jun/2017:17:53:39 -0700] "GET /self.logs/access.log.2017-06-07.gz HTTP/1.1" 200 20395 "-" "Mozilla/5.0 (compatible; AhrefsBot/5.2; +http://ahrefs.com/robot/)" 
216.244.66.227 - - [13/Jun/2017:18:06:06 -0700] "GET /robots.txt HTTP/1.1" 200 233 "-" "Mozilla/5.0 (compatible; DotBot/1.1; http://www.opensiteexplorer.org/dotbot, help@moz.com)" 
177.64.224.214 - - [13/Jun/2017:18:06:22 -0700] "GET /wp-login.php HTTP/1.1" 301 522 "-" "Mozilla/5.0 (Windows NT 6.1; WOW64; rv:40.0) Gecko/20100101 Firefox/40.1" 
177.64.224.214 - - [13/Jun/2017:18:06:23 -0700] "GET /wp-login.php HTTP/1.1" 404 295 "-" "Mozilla/5.0 (Windows NT 6.1; WOW64; rv:40.0) Gecko/20100101 Firefox/40.1" 
177.64.224.214 - - [13/Jun/2017:18:06:28 -0700] "GET /wp-login.php HTTP/1.1" 301 522 "-" "Mozilla/5.0 (Windows NT 6.1; WOW64; rv:40.0) Gecko/20100101 Firefox/40.1" 
177.64.224.214 - - [13/Jun/2017:18:06:28 -0700] "GET /wp-login.php HTTP/1.1" 404 295 "-" "Mozilla/5.0 (Windows NT 6.1; WOW64; rv:40.0) Gecko/20100101 Firefox/40.1" 
177.64.224.214 - - [13/Jun/2017:18:06:34 -0700] "GET / HTTP/1.1" 301 498 "-" "Mozilla/5.0 (Windows NT 6.1; WOW64; rv:40.0) Gecko/20100101 Firefox/40.1" 
177.64.224.214 - - [13/Jun/2017:18:06:34 -0700] "GET / HTTP/1.1" 200 36475 "-" "Mozilla/5.0 (Windows NT 6.1; WOW64; rv:40.0) Gecko/20100101 Firefox/40.1" 
51.255.65.77 - - [13/Jun/2017:18:12:36 -0700] "GET /self.logs/error.log.2017-06-08.gz HTTP/1.1" 200 1200 "-" "Mozilla/5.0 (compatible; AhrefsBot/5.2; +http://ahrefs.com/robot/)" 
164.132.161.39 - - [13/Jun/2017:18:13:56 -0700] "GET /self.logs/error.log.2016-03-02.gz HTTP/1.1" 200 705 "-" "Mozilla/5.0 (compatible; AhrefsBot/5.2; +http://ahrefs.com/robot/)" 
217.182.132.33 - - [13/Jun/2017:18:21:56 -0700] "GET /self.logs/access.log.2016-05-04.gz HTTP/1.1" 200 17005 "-" "Mozilla/5.0 (compatible; AhrefsBot/5.2; +http://ahrefs.com/robot/)" 
216.244.66.227 - - [13/Jun/2017:18:23:20 -0700] "GET /self.logs/access.log.2016-02-01.gz HTTP/1.1" 200 6810 "-" "Mozilla/5.0 (compatible; DotBot/1.1; http://www.opensiteexplorer.org/dotbot, help@moz.com)" 
216.244.66.227 - - [13/Jun/2017:18:23:22 -0700] "GET /self.logs/access.log.2016-02-17.gz HTTP/1.1" 200 11077 "-" "Mozilla/5.0 (compatible; DotBot/1.1; http://www.opensiteexplorer.org/dotbot, help@moz.com)" 
216.244.66.227 - - [13/Jun/2017:18:23:24 -0700] "GET /self.logs/access.log.2016-10-29.gz HTTP/1.1" 200 6940 "-" "Mozilla/5.0 (compatible; DotBot/1.1; http://www.opensiteexplorer.org/dotbot, help@moz.com)" 
216.244.66.227 - - [13/Jun/2017:18:23:25 -0700] "GET /self.logs/error.log.2015-02-25.gz HTTP/1.1" 200 923 "-" "Mozilla/5.0 (compatible; DotBot/1.1; http://www.opensiteexplorer.org/dotbot, help@moz.com)" 
216.244.66.227 - - [13/Jun/2017:18:23:26 -0700] "GET /self.logs/error.log.2015-09-14.gz HTTP/1.1" 200 938 "-" "Mozilla/5.0 (compatible; DotBot/1.1; http://www.opensiteexplorer.org/dotbot, help@moz.com)" 
216.244.66.227 - - [13/Jun/2017:18:23:28 -0700] "GET /self.logs/error.log.2015-11-19.gz HTTP/1.1" 200 1591 "-" "Mozilla/5.0 (compatible; DotBot/1.1; http://www.opensiteexplorer.org/dotbot, help@moz.com)" 
216.244.66.227 - - [13/Jun/2017:18:23:29 -0700] "GET /self.logs/error.log.2016-07-07.gz HTTP/1.1" 200 672 "-" "Mozilla/5.0 (compatible; DotBot/1.1; http://www.opensiteexplorer.org/dotbot, help@moz.com)" 
216.244.66.227 - - [13/Jun/2017:18:23:31 -0700] "GET /self.logs/error.log.2017-02-15.gz HTTP/1.1" 200 720 "-" "Mozilla/5.0 (compatible; DotBot/1.1; http://www.opensiteexplorer.org/dotbot, help@moz.com)" 
51.255.65.29 - - [13/Jun/2017:18:28:34 -0700] "GET /self.logs/access.log.2015-04-25.gz HTTP/1.1" 200 2802 "-" "Mozilla/5.0 (compatible; AhrefsBot/5.2; +http://ahrefs.com/robot/)" 
130.108.218.121 - - [13/Jun/2017:18:33:35 -0700] "GET / HTTP/1.1" 304 189 "-" "Mozilla/5.0 (X11; Linux x86_64) AppleWebKit/537.36 (KHTML, like Gecko) Ubuntu Chromium/58.0.3029.110 Chrome/58.0.3029.110 Safari/537.36" 
66.249.64.157 - - [13/Jun/2017:18:44:02 -0700] "GET /robots.txt HTTP/1.1" 200 334 "-" "Mozilla/5.0 (compatible; Googlebot/2.1; +http://www.google.com/bot.html)" 
66.249.64.157 - - [13/Jun/2017:18:44:02 -0700] "GET / HTTP/1.1" 200 10792 "-" "Mozilla/5.0 (compatible; Googlebot/2.1; +http://www.google.com/bot.html)" 
216.244.66.227 - - [13/Jun/2017:18:52:19 -0700] "GET /robots.txt HTTP/1.1" 200 233 "-" "Mozilla/5.0 (compatible; DotBot/1.1; http://www.opensiteexplorer.org/dotbot, help@moz.com)" 
120.221.1.28 - - [13/Jun/2017:19:00:57 -0700] "GET /maccdc2012/files.log.gz HTTP/1.1" 304 155 "-" "Mozilla/5.0 Gecko/20100115 Firefox/3.6" 
196.178.0.241 - - [13/Jun/2017:19:03:16 -0700] "GET / HTTP/1.1" 200 10793 "http://www.covert.io/" "Mozilla/5.0 (X11; Linux x86_64; rv:45.0) Gecko/20100101 Firefox/45.0" 
196.178.0.241 - - [13/Jun/2017:19:03:16 -0700] "GET /bootstrap/img/favicon.ico HTTP/1.1" 200 589 "-" "Mozilla/5.0 (X11; Linux x86_64; rv:45.0) Gecko/20100101 Firefox/45.0" 
196.178.0.241 - - [13/Jun/2017:19:03:16 -0700] "GET /twitter-icon.png HTTP/1.1" 200 27787 "http://www.secrepo.com/" "Mozilla/5.0 (X11; Linux x86_64; rv:45.0) Gecko/20100101 Firefox/45.0" 
196.178.0.241 - - [13/Jun/2017:19:03:16 -0700] "GET /GitHub-Mark.png HTTP/1.1" 200 7428 "http://www.secrepo.com/" "Mozilla/5.0 (X11; Linux x86_64; rv:45.0) Gecko/20100101 Firefox/45.0" 
211.99.133.166 - - [13/Jun/2017:19:07:30 -0700] "GET /favicon.ico HTTP/1.1" 200 268 "-" "Mozilla/5.0 (Windows NT 10.0; WOW64) AppleWebKit/537.36 (KHTML, like Gecko) Chrome/53.0.2785.104 Safari/537.36 Core/1.53.2669.400 QQBrowser/9.6.10990.400" 
216.244.66.227 - - [13/Jun/2017:19:07:56 -0700] "GET /self.logs/access.log.2016-04-30.gz HTTP/1.1" 200 7512 "-" "Mozilla/5.0 (compatible; DotBot/1.1; http://www.opensiteexplorer.org/dotbot, help@moz.com)" 
216.244.66.227 - - [13/Jun/2017:19:07:58 -0700] "GET /self.logs/access.log.2016-09-17.gz HTTP/1.1" 200 5568 "-" "Mozilla/5.0 (compatible; DotBot/1.1; http://www.opensiteexplorer.org/dotbot, help@moz.com)" 
216.244.66.227 - - [13/Jun/2017:19:07:59 -0700] "GET /self.logs/access.log.2016-12-16.gz HTTP/1.1" 200 7707 "-" "Mozilla/5.0 (compatible; DotBot/1.1; http://www.opensiteexplorer.org/dotbot, help@moz.com)" 
216.244.66.227 - - [13/Jun/2017:19:08:01 -0700] "GET /self.logs/error.log.2015-07-19.gz HTTP/1.1" 200 993 "-" "Mozilla/5.0 (compatible; DotBot/1.1; http://www.opensiteexplorer.org/dotbot, help@moz.com)" 
216.244.66.227 - - [13/Jun/2017:19:08:02 -0700] "GET /self.logs/error.log.2015-08-14.gz HTTP/1.1" 200 3108 "-" "Mozilla/5.0 (compatible; DotBot/1.1; http://www.opensiteexplorer.org/dotbot, help@moz.com)" 
216.244.66.227 - - [13/Jun/2017:19:08:04 -0700] "GET /self.logs/error.log.2016-11-04.gz HTTP/1.1" 200 858 "-" "Mozilla/5.0 (compatible; DotBot/1.1; http://www.opensiteexplorer.org/dotbot, help@moz.com)" 
114.255.40.49 - - [13/Jun/2017:19:18:49 -0700] "GET /favicon.ico HTTP/1.1" 200 268 "-" "Mozilla/5.0 (Windows NT 10.0; WOW64) AppleWebKit/537.36 (KHTML, like Gecko) Chrome/45.0.2454.101 Safari/537.36" 
196.22.249.58 - - [13/Jun/2017:19:26:32 -0700] "GET /wp-login.php HTTP/1.1" 404 295 "-" "Mozilla/5.0 (Windows NT 6.1; WOW64; rv:40.0) Gecko/20100101 Firefox/40.1" 
196.22.249.58 - - [13/Jun/2017:19:26:37 -0700] "GET /wp-login.php HTTP/1.1" 404 295 "-" "Mozilla/5.0 (Windows NT 6.1; WOW64; rv:40.0) Gecko/20100101 Firefox/40.1" 
196.22.249.58 - - [13/Jun/2017:19:26:42 -0700] "GET / HTTP/1.1" 200 36475 "-" "Mozilla/5.0 (Windows NT 6.1; WOW64; rv:40.0) Gecko/20100101 Firefox/40.1" 
52.212.146.96 - - [13/Jun/2017:19:30:01 -0700] "GET /self.logs/access.log.2017-06-07.gz HTTP/1.1" 200 20451 "-" "python-requests/2.12.1" 
52.212.146.96 - - [13/Jun/2017:19:30:01 -0700] "GET /self.logs/access.log.2017-06-08.gz HTTP/1.1" 200 19778 "-" "python-requests/2.12.1" 
52.212.146.96 - - [13/Jun/2017:19:30:02 -0700] "GET /self.logs/access.log.2017-06-09.gz HTTP/1.1" 200 26398 "-" "python-requests/2.12.1" 
52.212.146.96 - - [13/Jun/2017:19:30:02 -0700] "GET /self.logs/access.log.2017-06-10.gz HTTP/1.1" 200 19465 "-" "python-requests/2.12.1" 
52.212.146.96 - - [13/Jun/2017:19:30:02 -0700] "GET /self.logs/access.log.2017-06-11.gz HTTP/1.1" 404 340 "-" "python-requests/2.12.1" 
52.212.146.96 - - [13/Jun/2017:19:30:02 -0700] "GET /self.logs/access.log.2017-06-12.gz HTTP/1.1" 404 340 "-" "python-requests/2.12.1" 
52.212.146.96 - - [13/Jun/2017:19:30:03 -0700] "GET /self.logs/access.log.2017-06-13.gz HTTP/1.1" 404 340 "-" "python-requests/2.12.1" 
218.106.182.102 - - [13/Jun/2017:19:30:18 -0700] "GET / HTTP/1.1" 200 10793 "-" "Mozilla/5.0 (Windows NT 6.1) AppleWebKit/537.36 (KHTML, like Gecko) Chrome/45.0.2454.101 Safari/537.36" 
218.106.182.102 - - [13/Jun/2017:19:30:19 -0700] "GET /twitter-icon.png HTTP/1.1" 200 27787 "http://www.secrepo.com/" "Mozilla/5.0 (Windows NT 6.1) AppleWebKit/537.36 (KHTML, like Gecko) Chrome/45.0.2454.101 Safari/537.36" 
218.106.182.102 - - [13/Jun/2017:19:30:19 -0700] "GET /GitHub-Mark.png HTTP/1.1" 200 7427 "http://www.secrepo.com/" "Mozilla/5.0 (Windows NT 6.1) AppleWebKit/537.36 (KHTML, like Gecko) Chrome/45.0.2454.101 Safari/537.36" 
218.106.182.102 - - [13/Jun/2017:19:30:23 -0700] "GET /bootstrap/img/favicon.ico HTTP/1.1" 200 590 "http://www.secrepo.com/" "Mozilla/5.0 (Windows NT 6.1) AppleWebKit/537.36 (KHTML, like Gecko) Chrome/45.0.2454.101 Safari/537.36" 
216.244.66.227 - - [13/Jun/2017:19:36:08 -0700] "GET /robots.txt HTTP/1.1" 200 233 "-" "Mozilla/5.0 (compatible; DotBot/1.1; http://www.opensiteexplorer.org/dotbot, help@moz.com)" 
66.102.6.158 - - [13/Jun/2017:19:47:10 -0700] "GET / HTTP/1.1" 200 10793 "-" "Mozilla/5.0 (X11; Linux x86_64) AppleWebKit/537.36 (KHTML, like Gecko) Chrome/49.0.2623.75 Safari/537.36 Google Favicon" 
66.102.6.158 - - [13/Jun/2017:19:47:10 -0700] "GET /bootstrap/img/favicon.ico HTTP/1.1" 200 589 "-" "Mozilla/5.0 (X11; Linux x86_64) AppleWebKit/537.36 (KHTML, like Gecko) Chrome/49.0.2623.75 Safari/537.36 Google Favicon" 
174.127.79.27 - - [13/Jun/2017:19:50:14 -0700] "GET / HTTP/1.1" 304 133 "https://www.google.co.uk/" "Mozilla/5.0 (Windows NT 10.0; Win64; x64) AppleWebKit/537.36 (KHTML, like Gecko) Chrome/58.0.3029.110 Safari/537.36" 
216.244.66.227 - - [13/Jun/2017:19:52:02 -0700] "GET /self.logs/access.log.2016-08-27.gz HTTP/1.1" 200 7012 "-" "Mozilla/5.0 (compatible; DotBot/1.1; http://www.opensiteexplorer.org/dotbot, help@moz.com)" 
216.244.66.227 - - [13/Jun/2017:19:52:04 -0700] "GET /self.logs/error.log.2016-09-17.gz HTTP/1.1" 200 711 "-" "Mozilla/5.0 (compatible; DotBot/1.1; http://www.opensiteexplorer.org/dotbot, help@moz.com)" 
216.244.66.227 - - [13/Jun/2017:19:52:06 -0700] "GET /self.logs/error.log.2016-11-19.gz HTTP/1.1" 200 524 "-" "Mozilla/5.0 (compatible; DotBot/1.1; http://www.opensiteexplorer.org/dotbot, help@moz.com)" 
216.244.66.227 - - [13/Jun/2017:19:52:08 -0700] "GET /self.logs/error.log.2017-02-01.gz HTTP/1.1" 200 763 "-" "Mozilla/5.0 (compatible; DotBot/1.1; http://www.opensiteexplorer.org/dotbot, help@moz.com)" 
111.204.219.198 - - [13/Jun/2017:19:59:33 -0700] "GET / HTTP/1.1" 200 10793 "http://172.22.101.51:8080/dokuwiki/doku.php?id=%E6%9C%BA%E5%99%A8%E5%AD%A6%E4%B9%A0%E8%B5%84%E6%96%99%E6%B1%87%E6%80%BB" "Mozilla/5.0 (Windows NT 10.0; WOW64) AppleWebKit/537.36 (KHTML, like Gecko) Chrome/45.0.2454.101 Safari/537.36" 
111.204.219.198 - - [13/Jun/2017:19:59:34 -0700] "GET /twitter-icon.png HTTP/1.1" 200 27787 "http://www.secrepo.com/" "Mozilla/5.0 (Windows NT 10.0; WOW64) AppleWebKit/537.36 (KHTML, like Gecko) Chrome/45.0.2454.101 Safari/537.36" 
111.204.219.198 - - [13/Jun/2017:19:59:35 -0700] "GET /GitHub-Mark.png HTTP/1.1" 200 7428 "http://www.secrepo.com/" "Mozilla/5.0 (Windows NT 10.0; WOW64) AppleWebKit/537.36 (KHTML, like Gecko) Chrome/45.0.2454.101 Safari/537.36" 
106.120.160.109 - - [13/Jun/2017:20:00:22 -0700] "GET / HTTP/1.1" 200 36464 "http://www.secrepo.com/" "Mozilla/4.0 (compatible; MSIE 8.0; Windows NT 6.1; Trident/4.0; SLCC2; .NET CLR 2.0.50727; .NET CLR 3.5.30729; .NET CLR 3.0.30729; Media Center PC 6.0; Tablet PC 2.0)" 
220.181.132.199 - - [13/Jun/2017:20:00:40 -0700] "GET / HTTP/1.1" 200 10793 "-" "Mozilla/5.0 (Linux; U; Android 5.0.2; zh-CN; Redmi Note 3 Build/LRX22G) AppleWebKit/537.36 (KHTML, like Gecko) Version/4.0 OPR/11.2.3.102637 Mobile Safari/537.36" 
182.118.20.144 - - [13/Jun/2017:20:01:15 -0700] "GET / HTTP/1.1" 200 10793 "-" "Mozilla/5.0 (Linux; U; Android 5.0.2; zh-CN; Redmi Note 3 Build/LRX22G) AppleWebKit/537.36 (KHTML, like Gecko) Version/4.0 OPR/11.2.3.102637 Mobile Safari/537.36" 
171.13.14.148 - - [13/Jun/2017:20:01:50 -0700] "GET / HTTP/1.1" 200 10793 "-" "Mozilla/5.0 (Linux; U; Android 5.0.2; zh-CN; Redmi Note 3 Build/LRX22G) AppleWebKit/537.36 (KHTML, like Gecko) Version/4.0 OPR/11.2.3.102637 Mobile Safari/537.36" 
66.249.64.129 - - [13/Jun/2017:20:05:05 -0700] "GET / HTTP/1.1" 200 10793 "-" "Mozilla/5.0 (compatible; Googlebot/2.1; +http://www.google.com/bot.html)" 
66.249.64.157 - - [13/Jun/2017:20:05:05 -0700] "GET / HTTP/1.1" 200 10793 "-" "Mozilla/5.0 (compatible; Googlebot/2.1; +http://www.google.com/bot.html)" 
157.55.39.181 - - [13/Jun/2017:20:15:27 -0700] "GET /honeypot/Honeypot%20-%20Howto.pdf HTTP/1.1" 200 1279418 "-" "Mozilla/5.0 (iPhone; CPU iPhone OS 7_0 like Mac OS X) AppleWebKit/537.51.1 (KHTML, like Gecko) Version/7.0 Mobile/11A465 Safari/9537.53 (compatible; bingbot/2.0; +http://www.bing.com/bingbot.htm)" 
89.38.148.202 - - [13/Jun/2017:20:16:22 -0700] "GET /honeypot/Honeypot%20-%20Howto.pdf HTTP/1.1" 200 1279418 "http://www.secrepo.com/honeypot/Honeypot%20-%20Howto.pdf" "Mozilla/5.0 (Windows NT 6.3; WOW64) AppleWebKit/537.36 (KHTML, like Gecko) Chrome/57.0.2987.133 Safari/537.36" 
186.9.95.242 - - [13/Jun/2017:20:20:04 -0700] "GET / HTTP/1.1" 200 10793 "-" "Mozilla/5.0 (Windows NT 10.0; WOW64; rv:53.0) Gecko/20100101 Firefox/53.0" 
186.9.95.242 - - [13/Jun/2017:20:20:08 -0700] "GET /bootstrap/img/favicon.ico HTTP/1.1" 200 590 "-" "Mozilla/5.0 (Windows NT 10.0; WOW64; rv:53.0) Gecko/20100101 Firefox/53.0" 
186.9.95.242 - - [13/Jun/2017:20:20:44 -0700] "GET /twitter-icon.png HTTP/1.1" 200 27788 "http://www.secrepo.com/" "Mozilla/5.0 (Windows NT 10.0; WOW64; rv:53.0) Gecko/20100101 Firefox/53.0" 
186.9.95.242 - - [13/Jun/2017:20:20:44 -0700] "GET /GitHub-Mark.png HTTP/1.1" 200 7428 "http://www.secrepo.com/" "Mozilla/5.0 (Windows NT 10.0; WOW64; rv:53.0) Gecko/20100101 Firefox/53.0" 
216.244.66.227 - - [13/Jun/2017:20:21:06 -0700] "GET /robots.txt HTTP/1.1" 200 233 "-" "Mozilla/5.0 (compatible; DotBot/1.1; http://www.opensiteexplorer.org/dotbot, help@moz.com)" 
186.9.95.242 - - [13/Jun/2017:20:24:08 -0700] "GET /honeypot/Honeypot%20-%20Howto%20-%20BSides%20Austin.pdf HTTP/1.1" 206 65867 "http://www.secrepo.com/" "Mozilla/5.0 (Windows NT 10.0; WOW64; rv:53.0) Gecko/20100101 Firefox/53.0" 
186.9.95.242 - - [13/Jun/2017:20:24:12 -0700] "GET /honeypot/Honeypot%20-%20Howto%20-%20BSides%20Austin.pdf HTTP/1.1" 206 44933 "http://www.secrepo.com/" "Mozilla/5.0 (Windows NT 10.0; WOW64; rv:53.0) Gecko/20100101 Firefox/53.0" 
186.9.95.242 - - [13/Jun/2017:20:24:28 -0700] "GET /honeypot/Honeypot%20-%20Howto.pdf HTTP/1.1" 206 34291 "http://www.secrepo.com/" "Mozilla/5.0 (Windows NT 10.0; WOW64; rv:53.0) Gecko/20100101 Firefox/53.0" 
186.9.95.242 - - [13/Jun/2017:20:24:27 -0700] "GET /honeypot/Honeypot%20-%20Howto%20-%20BSides%20Austin.pdf HTTP/1.1" 206 65875 "http://www.secrepo.com/" "Mozilla/5.0 (Windows NT 10.0; WOW64; rv:53.0) Gecko/20100101 Firefox/53.0" 
186.9.95.242 - - [13/Jun/2017:20:24:17 -0700] "GET /honeypot/Honeypot%20-%20Howto.pdf HTTP/1.1" 206 65867 "http://www.secrepo.com/" "Mozilla/5.0 (Windows NT 10.0; WOW64; rv:53.0) Gecko/20100101 Firefox/53.0" 
186.9.95.242 - - [13/Jun/2017:20:24:52 -0700] "GET /honeypot/Honeypot%20-%20Howto.pdf HTTP/1.1" 206 65875 "http://www.secrepo.com/" "Mozilla/5.0 (Windows NT 10.0; WOW64; rv:53.0) Gecko/20100101 Firefox/53.0" 
186.9.95.242 - - [13/Jun/2017:20:24:58 -0700] "GET /honeypot/Honeypot%20-%20Howto%20-%20BSides%20Austin.pdf HTTP/1.1" 206 65873 "http://www.secrepo.com/" "Mozilla/5.0 (Windows NT 10.0; WOW64; rv:53.0) Gecko/20100101 Firefox/53.0" 
186.9.95.242 - - [13/Jun/2017:20:24:55 -0700] "GET /honeypot/Honeypot%20-%20Howto%20-%20BSides%20Austin.pdf HTTP/1.1" 206 65873 "http://www.secrepo.com/" "Mozilla/5.0 (Windows NT 10.0; WOW64; rv:53.0) Gecko/20100101 Firefox/53.0" 
186.9.95.242 - - [13/Jun/2017:20:25:19 -0700] "GET /honeypot/Honeypot%20-%20Howto%20-%20BSides%20Austin.pdf HTTP/1.1" 206 65875 "http://www.secrepo.com/" "Mozilla/5.0 (Windows NT 10.0; WOW64; rv:53.0) Gecko/20100101 Firefox/53.0" 
186.9.95.242 - - [13/Jun/2017:20:24:55 -0700] "GET /honeypot/Honeypot%20-%20Howto%20-%20BSides%20Austin.pdf HTTP/1.1" 206 131410 "http://www.secrepo.com/" "Mozilla/5.0 (Windows NT 10.0; WOW64; rv:53.0) Gecko/20100101 Firefox/53.0" 
186.9.95.242 - - [13/Jun/2017:20:25:19 -0700] "GET /honeypot/Honeypot%20-%20Howto%20-%20BSides%20Austin.pdf HTTP/1.1" 206 65874 "http://www.secrepo.com/" "Mozilla/5.0 (Windows NT 10.0; WOW64; rv:53.0) Gecko/20100101 Firefox/53.0" 
186.9.95.242 - - [13/Jun/2017:20:25:46 -0700] "GET /honeypot/Honeypot%20-%20Howto%20-%20BSides%20Austin.pdf HTTP/1.1" 206 65875 "http://www.secrepo.com/" "Mozilla/5.0 (Windows NT 10.0; WOW64; rv:53.0) Gecko/20100101 Firefox/53.0" 
186.9.95.242 - - [13/Jun/2017:20:25:46 -0700] "GET /honeypot/Honeypot%20-%20Howto%20-%20BSides%20Austin.pdf HTTP/1.1" 206 65875 "http://www.secrepo.com/" "Mozilla/5.0 (Windows NT 10.0; WOW64; rv:53.0) Gecko/20100101 Firefox/53.0" 
186.9.95.242 - - [13/Jun/2017:20:24:13 -0700] "GET /honeypot/Honeypot%20-%20Howto.pdf HTTP/1.1" 200 903000 "http://www.secrepo.com/" "Mozilla/5.0 (Windows NT 10.0; WOW64; rv:53.0) Gecko/20100101 Firefox/53.0" 
186.9.95.242 - - [13/Jun/2017:20:26:12 -0700] "GET /honeypot/Honeypot%20-%20Howto%20-%20BSides%20Austin.pdf HTTP/1.1" 206 131412 "http://www.secrepo.com/" "Mozilla/5.0 (Windows NT 10.0; WOW64; rv:53.0) Gecko/20100101 Firefox/53.0" 
186.9.95.242 - - [13/Jun/2017:20:26:10 -0700] "GET /honeypot/Honeypot%20-%20Howto%20-%20BSides%20Austin.pdf HTTP/1.1" 206 65875 "http://www.secrepo.com/" "Mozilla/5.0 (Windows NT 10.0; WOW64; rv:53.0) Gecko/20100101 Firefox/53.0" 
186.9.95.242 - - [13/Jun/2017:20:25:57 -0700] "GET /honeypot/Honeypot%20-%20Howto%20-%20BSides%20Austin.pdf HTTP/1.1" 206 196948 "http://www.secrepo.com/" "Mozilla/5.0 (Windows NT 10.0; WOW64; rv:53.0) Gecko/20100101 Firefox/53.0" 
186.9.95.242 - - [13/Jun/2017:20:25:57 -0700] "GET /honeypot/Honeypot%20-%20Howto%20-%20BSides%20Austin.pdf HTTP/1.1" 206 65875 "http://www.secrepo.com/" "Mozilla/5.0 (Windows NT 10.0; WOW64; rv:53.0) Gecko/20100101 Firefox/53.0" 
186.9.95.242 - - [13/Jun/2017:20:26:10 -0700] "GET /honeypot/Honeypot%20-%20Howto%20-%20BSides%20Austin.pdf HTTP/1.1" 206 65875 "http://www.secrepo.com/" "Mozilla/5.0 (Windows NT 10.0; WOW64; rv:53.0) Gecko/20100101 Firefox/53.0" 
186.9.95.242 - - [13/Jun/2017:20:26:51 -0700] "GET /honeypot/Honeypot%20-%20Howto%20-%20BSides%20Austin.pdf HTTP/1.1" 206 65875 "http://www.secrepo.com/" "Mozilla/5.0 (Windows NT 10.0; WOW64; rv:53.0) Gecko/20100101 Firefox/53.0" 
164.132.161.94 - - [13/Jun/2017:20:26:59 -0700] "GET /self.logs/error.log.2017-06-06.gz HTTP/1.1" 200 979 "-" "Mozilla/5.0 (compatible; AhrefsBot/5.2; +http://ahrefs.com/robot/)" 
186.9.95.242 - - [13/Jun/2017:20:26:51 -0700] "GET /honeypot/Honeypot%20-%20Howto%20-%20BSides%20Austin.pdf HTTP/1.1" 206 65875 "http://www.secrepo.com/" "Mozilla/5.0 (Windows NT 10.0; WOW64; rv:53.0) Gecko/20100101 Firefox/53.0" 
186.9.95.242 - - [13/Jun/2017:20:27:22 -0700] "GET /honeypot/Honeypot%20-%20Howto%20-%20BSides%20Austin.pdf HTTP/1.1" 206 65875 "http://www.secrepo.com/" "Mozilla/5.0 (Windows NT 10.0; WOW64; rv:53.0) Gecko/20100101 Firefox/53.0" 
186.9.95.242 - - [13/Jun/2017:20:26:51 -0700] "GET /honeypot/Honeypot%20-%20Howto%20-%20BSides%20Austin.pdf HTTP/1.1" 206 65875 "http://www.secrepo.com/" "Mozilla/5.0 (Windows NT 10.0; WOW64; rv:53.0) Gecko/20100101 Firefox/53.0" 
186.9.95.242 - - [13/Jun/2017:20:26:51 -0700] "GET /honeypot/Honeypot%20-%20Howto%20-%20BSides%20Austin.pdf HTTP/1.1" 206 328020 "http://www.secrepo.com/" "Mozilla/5.0 (Windows NT 10.0; WOW64; rv:53.0) Gecko/20100101 Firefox/53.0" 
186.9.95.242 - - [13/Jun/2017:20:26:51 -0700] "GET /honeypot/Honeypot%20-%20Howto%20-%20BSides%20Austin.pdf HTTP/1.1" 206 262484 "http://www.secrepo.com/" "Mozilla/5.0 (Windows NT 10.0; WOW64; rv:53.0) Gecko/20100101 Firefox/53.0" 
186.9.95.242 - - [13/Jun/2017:20:24:07 -0700] "GET /honeypot/Honeypot%20-%20Howto%20-%20BSides%20Austin.pdf HTTP/1.1" 200 2928460 "http://www.secrepo.com/" "Mozilla/5.0 (Windows NT 10.0; WOW64; rv:53.0) Gecko/20100101 Firefox/53.0" 
186.9.95.242 - - [13/Jun/2017:20:28:44 -0700] "GET /favicon.ico HTTP/1.1" 200 268 "-" "Mozilla/5.0 (Windows NT 10.0; WOW64; rv:53.0) Gecko/20100101 Firefox/53.0" 
164.132.161.28 - - [13/Jun/2017:20:31:00 -0700] "GET /self.logs/access.log.2017-05-30.gz HTTP/1.1" 200 19614 "-" "Mozilla/5.0 (compatible; AhrefsBot/5.2; +http://ahrefs.com/robot/)" 
106.39.144.254 - - [13/Jun/2017:20:32:39 -0700] "GET / HTTP/1.1" 200 10793 "-" "Mozilla/5.0 (Windows NT 10.0; WOW64; Trident/7.0; rv:11.0) like Gecko" 
106.39.144.254 - - [13/Jun/2017:20:32:40 -0700] "GET /twitter-icon.png HTTP/1.1" 200 27787 "http://www.secrepo.com/" "Mozilla/5.0 (Windows NT 10.0; WOW64; Trident/7.0; rv:11.0) like Gecko" 
106.39.144.254 - - [13/Jun/2017:20:32:40 -0700] "GET /GitHub-Mark.png HTTP/1.1" 200 7428 "http://www.secrepo.com/" "Mozilla/5.0 (Windows NT 10.0; WOW64; Trident/7.0; rv:11.0) like Gecko" 
164.132.162.156 - - [13/Jun/2017:20:32:50 -0700] "GET /self.logs/error.log.2015-06-27.gz HTTP/1.1" 200 895 "-" "Mozilla/5.0 (compatible; AhrefsBot/5.2; +http://ahrefs.com/robot/)" 
106.39.144.254 - - [13/Jun/2017:20:33:15 -0700] "GET /bootstrap/img/favicon.ico HTTP/1.1" 200 590 "-" "Mozilla/5.0 (Windows NT 10.0; WOW64; Trident/7.0; rv:11.0) like Gecko" 
216.244.66.227 - - [13/Jun/2017:20:36:50 -0700] "GET /self.logs/access.log.2017-01-24.gz HTTP/1.1" 200 16947 "-" "Mozilla/5.0 (compatible; DotBot/1.1; http://www.opensiteexplorer.org/dotbot, help@moz.com)" 
216.244.66.227 - - [13/Jun/2017:20:36:51 -0700] "GET /self.logs/access.log.2017-03-18.gz HTTP/1.1" 200 10417 "-" "Mozilla/5.0 (compatible; DotBot/1.1; http://www.opensiteexplorer.org/dotbot, help@moz.com)" 
216.244.66.227 - - [13/Jun/2017:20:36:53 -0700] "GET /self.logs/error.log.2015-10-09.gz HTTP/1.1" 200 2239 "-" "Mozilla/5.0 (compatible; DotBot/1.1; http://www.opensiteexplorer.org/dotbot, help@moz.com)" 
216.244.66.227 - - [13/Jun/2017:20:36:55 -0700] "GET /self.logs/error.log.2016-03-30.gz HTTP/1.1" 200 753 "-" "Mozilla/5.0 (compatible; DotBot/1.1; http://www.opensiteexplorer.org/dotbot, help@moz.com)" 
216.244.66.227 - - [13/Jun/2017:20:36:57 -0700] "GET /self.logs/error.log.2016-12-13.gz HTTP/1.1" 200 560 "-" "Mozilla/5.0 (compatible; DotBot/1.1; http://www.opensiteexplorer.org/dotbot, help@moz.com)" 
49.146.70.106 - - [13/Jun/2017:20:49:33 -0700] "GET /wp-login.php HTTP/1.1" 404 295 "-" "Mozilla/5.0 (Windows NT 6.1; WOW64; rv:40.0) Gecko/20100101 Firefox/40.1" 
49.146.70.106 - - [13/Jun/2017:20:49:38 -0700] "GET /wp-login.php HTTP/1.1" 404 295 "-" "Mozilla/5.0 (Windows NT 6.1; WOW64; rv:40.0) Gecko/20100101 Firefox/40.1" 
49.146.70.106 - - [13/Jun/2017:20:49:44 -0700] "GET / HTTP/1.1" 200 36475 "-" "Mozilla/5.0 (Windows NT 6.1; WOW64; rv:40.0) Gecko/20100101 Firefox/40.1" 
49.146.70.106 - - [13/Jun/2017:20:49:55 -0700] "GET /wp-login.php HTTP/1.1" 301 522 "-" "Mozilla/5.0 (Windows NT 6.1; WOW64; rv:40.0) Gecko/20100101 Firefox/40.1" 
49.146.70.106 - - [13/Jun/2017:20:49:56 -0700] "GET /wp-login.php HTTP/1.1" 404 295 "-" "Mozilla/5.0 (Windows NT 6.1; WOW64; rv:40.0) Gecko/20100101 Firefox/40.1" 
49.146.70.106 - - [13/Jun/2017:20:50:01 -0700] "GET /wp-login.php HTTP/1.1" 301 522 "-" "Mozilla/5.0 (Windows NT 6.1; WOW64; rv:40.0) Gecko/20100101 Firefox/40.1" 
49.146.70.106 - - [13/Jun/2017:20:50:02 -0700] "GET /wp-login.php HTTP/1.1" 404 295 "-" "Mozilla/5.0 (Windows NT 6.1; WOW64; rv:40.0) Gecko/20100101 Firefox/40.1" 
49.146.70.106 - - [13/Jun/2017:20:50:07 -0700] "GET / HTTP/1.1" 301 498 "-" "Mozilla/5.0 (Windows NT 6.1; WOW64; rv:40.0) Gecko/20100101 Firefox/40.1" 
49.146.70.106 - - [13/Jun/2017:20:50:08 -0700] "GET / HTTP/1.1" 200 36475 "-" "Mozilla/5.0 (Windows NT 6.1; WOW64; rv:40.0) Gecko/20100101 Firefox/40.1" 
52.168.161.70 - - [13/Jun/2017:20:50:20 -0700] "HEAD / HTTP/1.1" 301 253 "https://www.google.com/" "Mozilla/5.0 (compatible; epicbot; +http://www.epictions.com/epicbot)" 
52.168.161.70 - - [13/Jun/2017:20:50:20 -0700] "HEAD / HTTP/1.1" 301 253 "https://www.google.com/" "Mozilla/5.0 (compatible; epicbot; +http://www.epictions.com/epicbot)" 
52.168.161.70 - - [13/Jun/2017:20:50:20 -0700] "HEAD / HTTP/1.1" 301 253 "https://www.google.com/" "Mozilla/5.0 (compatible; epicbot; +http://www.epictions.com/epicbot)" 
52.168.161.70 - - [13/Jun/2017:20:50:20 -0700] "HEAD / HTTP/1.1" 301 253 "https://www.google.com/" "Mozilla/5.0 (compatible; epicbot; +http://www.epictions.com/epicbot)" 
52.168.161.70 - - [13/Jun/2017:20:50:22 -0700] "HEAD / HTTP/1.1" 301 253 "https://www.google.com/" "Mozilla/5.0 (compatible; epicbot; +http://www.epictions.com/epicbot)" 
52.168.161.70 - - [13/Jun/2017:20:50:22 -0700] "HEAD / HTTP/1.1" 301 253 "https://www.google.com/" "Mozilla/5.0 (compatible; epicbot; +http://www.epictions.com/epicbot)" 
52.168.161.70 - - [13/Jun/2017:20:50:22 -0700] "HEAD / HTTP/1.1" 301 253 "https://www.google.com/" "Mozilla/5.0 (compatible; epicbot; +http://www.epictions.com/epicbot)" 
52.168.161.70 - - [13/Jun/2017:20:50:22 -0700] "HEAD / HTTP/1.1" 301 253 "https://www.google.com/" "Mozilla/5.0 (compatible; epicbot; +http://www.epictions.com/epicbot)" 
52.168.161.70 - - [13/Jun/2017:20:50:22 -0700] "HEAD / HTTP/1.1" 301 253 "https://www.google.com/" "Mozilla/5.0 (compatible; epicbot; +http://www.epictions.com/epicbot)" 
52.168.161.70 - - [13/Jun/2017:20:50:22 -0700] "HEAD / HTTP/1.1" 301 253 "https://www.google.com/" "Mozilla/5.0 (compatible; epicbot; +http://www.epictions.com/epicbot)" 
52.168.161.70 - - [13/Jun/2017:20:50:22 -0700] "HEAD / HTTP/1.1" 301 253 "https://www.google.com/" "Mozilla/5.0 (compatible; epicbot; +http://www.epictions.com/epicbot)" 
52.168.161.70 - - [13/Jun/2017:20:50:22 -0700] "HEAD / HTTP/1.1" 301 253 "https://www.google.com/" "Mozilla/5.0 (compatible; epicbot; +http://www.epictions.com/epicbot)" 
122.225.128.136 - - [13/Jun/2017:20:51:05 -0700] "GET / HTTP/1.1" 200 10793 "-" "Mozilla/4.0 (compatible; MSIE 7.0; Windows NT 6.1; WOW64; Trident/5.0; SLCC2; .NET CLR 2.0.50727; ms-office)" 
122.225.128.136 - - [13/Jun/2017:20:51:06 -0700] "GET /twitter-icon.png HTTP/1.1" 200 27787 "http://www.secrepo.com/" "Mozilla/5.0 (Windows NT 6.1; Win64; x64) AppleWebKit/537.36 (KHTML, like Gecko) Chrome/58.0.3029.110 Safari/537.36" 
122.225.128.136 - - [13/Jun/2017:20:51:06 -0700] "GET /GitHub-Mark.png HTTP/1.1" 200 7428 "http://www.secrepo.com/" "Mozilla/5.0 (Windows NT 6.1; Win64; x64) AppleWebKit/537.36 (KHTML, like Gecko) Chrome/58.0.3029.110 Safari/537.36" 
122.225.128.136 - - [13/Jun/2017:20:56:07 -0700] "GET /bootstrap/img/favicon.ico HTTP/1.1" 200 590 "http://www.secrepo.com/" "Mozilla/5.0 (Windows NT 6.1; Win64; x64) AppleWebKit/537.36 (KHTML, like Gecko) Chrome/58.0.3029.110 Safari/537.36" 
202.75.160.129 - - [13/Jun/2017:20:56:41 -0700] "GET / HTTP/1.1" 304 133 "https://www.google.com/" "Mozilla/5.0 (Windows NT 10.0; Win64; x64) AppleWebKit/537.36 (KHTML, like Gecko) Chrome/58.0.3029.110 Safari/537.36" 
202.75.160.129 - - [13/Jun/2017:21:01:18 -0700] "GET /squid/access.log.gz HTTP/1.1" 200 5747138 "http://www.secrepo.com/" "Mozilla/5.0 (Windows NT 10.0; Win64; x64) AppleWebKit/537.36 (KHTML, like Gecko) Chrome/58.0.3029.110 Safari/537.36" 
202.75.160.129 - - [13/Jun/2017:21:01:14 -0700] "GET /squid/access.log.gz HTTP/1.1" 200 23177266 "-" "Mozilla/5.0 (Windows NT 10.0; Win64; x64) AppleWebKit/537.36 (KHTML, like Gecko) Chrome/58.0.3029.110 Safari/537.36" 
202.75.160.129 - - [13/Jun/2017:21:01:38 -0700] "GET /squid/access.log.gz HTTP/1.1" 200 23177266 "-" "Mozilla/5.0 (Windows NT 10.0; Win64; x64) AppleWebKit/537.36 (KHTML, like Gecko) Chrome/58.0.3029.110 Safari/537.36" 
202.75.160.129 - - [13/Jun/2017:21:01:07 -0700] "GET /squid/access.log.gz HTTP/1.1" 200 23177266 "-" "Mozilla/5.0 (Windows NT 10.0; Win64; x64) AppleWebKit/537.36 (KHTML, like Gecko) Chrome/58.0.3029.110 Safari/537.36" 
216.244.66.227 - - [13/Jun/2017:21:04:41 -0700] "GET /robots.txt HTTP/1.1" 200 233 "-" "Mozilla/5.0 (compatible; DotBot/1.1; http://www.opensiteexplorer.org/dotbot, help@moz.com)" 
52.168.161.70 - - [13/Jun/2017:21:06:02 -0700] "HEAD / HTTP/1.1" 200 282 "https://www.google.com/" "Mozilla/5.0 (compatible; epicbot; +http://www.epictions.com/epicbot)" 
52.168.161.70 - - [13/Jun/2017:21:06:05 -0700] "HEAD / HTTP/1.1" 200 282 "https://www.google.com/" "Mozilla/5.0 (compatible; epicbot; +http://www.epictions.com/epicbot)" 
52.168.161.70 - - [13/Jun/2017:21:06:05 -0700] "HEAD / HTTP/1.1" 200 282 "https://www.google.com/" "Mozilla/5.0 (compatible; epicbot; +http://www.epictions.com/epicbot)" 
114.255.40.49 - - [13/Jun/2017:21:08:12 -0700] "GET /favicon.ico HTTP/1.1" 200 268 "-" "Mozilla/5.0 (Windows NT 10.0; WOW64) AppleWebKit/537.36 (KHTML, like Gecko) Chrome/45.0.2454.101 Safari/537.36" 
164.132.161.90 - - [13/Jun/2017:21:09:00 -0700] "GET /self.logs/access.log.2015-11-08.gz HTTP/1.1" 200 6488 "-" "Mozilla/5.0 (compatible; AhrefsBot/5.2; +http://ahrefs.com/robot/)" 
115.145.171.226 - - [13/Jun/2017:21:19:40 -0700] "GET / HTTP/1.1" 200 10793 "-" "Mozilla/5.0 (Macintosh; Intel Mac OS X 10_12_5) AppleWebKit/603.2.4 (KHTML, like Gecko) Version/10.1.1 Safari/603.2.4" 
115.145.171.226 - - [13/Jun/2017:21:19:41 -0700] "GET /twitter-icon.png HTTP/1.1" 200 27787 "http://www.secrepo.com/" "Mozilla/5.0 (Macintosh; Intel Mac OS X 10_12_5) AppleWebKit/603.2.4 (KHTML, like Gecko) Version/10.1.1 Safari/603.2.4" 
115.145.171.226 - - [13/Jun/2017:21:19:41 -0700] "GET /GitHub-Mark.png HTTP/1.1" 200 7428 "http://www.secrepo.com/" "Mozilla/5.0 (Macintosh; Intel Mac OS X 10_12_5) AppleWebKit/603.2.4 (KHTML, like Gecko) Version/10.1.1 Safari/603.2.4" 
115.145.171.226 - - [13/Jun/2017:21:19:42 -0700] "GET /bootstrap/img/favicon.ico HTTP/1.1" 200 590 "http://www.secrepo.com/" "Mozilla/5.0 (Macintosh; Intel Mac OS X 10_12_5) AppleWebKit/603.2.4 (KHTML, like Gecko) Version/10.1.1 Safari/603.2.4" 
216.244.66.227 - - [13/Jun/2017:21:20:07 -0700] "GET /self.logs/access.log.2015-08-15.gz HTTP/1.1" 200 4141 "-" "Mozilla/5.0 (compatible; DotBot/1.1; http://www.opensiteexplorer.org/dotbot, help@moz.com)" 
216.244.66.227 - - [13/Jun/2017:21:20:10 -0700] "GET /self.logs/access.log.2015-08-28.gz HTTP/1.1" 200 7794 "-" "Mozilla/5.0 (compatible; DotBot/1.1; http://www.opensiteexplorer.org/dotbot, help@moz.com)" 
216.244.66.227 - - [13/Jun/2017:21:20:12 -0700] "GET /self.logs/error.log.2015-01-20.gz HTTP/1.1" 200 895 "-" "Mozilla/5.0 (compatible; DotBot/1.1; http://www.opensiteexplorer.org/dotbot, help@moz.com)" 
216.244.66.227 - - [13/Jun/2017:21:20:13 -0700] "GET /self.logs/error.log.2015-07-11.gz HTTP/1.1" 200 848 "-" "Mozilla/5.0 (compatible; DotBot/1.1; http://www.opensiteexplorer.org/dotbot, help@moz.com)" 
183.82.210.95 - - [13/Jun/2017:21:23:26 -0700] "GET /wp-login.php HTTP/1.1" 301 522 "-" "Mozilla/5.0 (Windows NT 6.1; WOW64; rv:40.0) Gecko/20100101 Firefox/40.1" 
183.82.210.95 - - [13/Jun/2017:21:23:28 -0700] "GET /wp-login.php HTTP/1.1" 404 295 "-" "Mozilla/5.0 (Windows NT 6.1; WOW64; rv:40.0) Gecko/20100101 Firefox/40.1" 
183.82.210.95 - - [13/Jun/2017:21:23:34 -0700] "GET /wp-login.php HTTP/1.1" 301 522 "-" "Mozilla/5.0 (Windows NT 6.1; WOW64; rv:40.0) Gecko/20100101 Firefox/40.1" 
183.82.210.95 - - [13/Jun/2017:21:23:35 -0700] "GET /wp-login.php HTTP/1.1" 404 295 "-" "Mozilla/5.0 (Windows NT 6.1; WOW64; rv:40.0) Gecko/20100101 Firefox/40.1" 
183.82.210.95 - - [13/Jun/2017:21:23:50 -0700] "GET / HTTP/1.1" 301 498 "-" "Mozilla/5.0 (Windows NT 6.1; WOW64; rv:40.0) Gecko/20100101 Firefox/40.1" 
183.82.210.95 - - [13/Jun/2017:21:23:54 -0700] "GET / HTTP/1.1" 200 36475 "-" "Mozilla/5.0 (Windows NT 6.1; WOW64; rv:40.0) Gecko/20100101 Firefox/40.1" 
164.132.161.67 - - [13/Jun/2017:21:25:56 -0700] "GET /self.logs/error.log.2016-03-28.gz HTTP/1.1" 200 880 "-" "Mozilla/5.0 (compatible; AhrefsBot/5.2; +http://ahrefs.com/robot/)" 
189.230.12.28 - - [13/Jun/2017:21:40:16 -0700] "GET /wp-login.php HTTP/1.1" 404 295 "-" "Mozilla/5.0 (Windows NT 6.1; WOW64; rv:40.0) Gecko/20100101 Firefox/40.1" 
189.230.12.28 - - [13/Jun/2017:21:40:22 -0700] "GET /wp-login.php HTTP/1.1" 404 295 "-" "Mozilla/5.0 (Windows NT 6.1; WOW64; rv:40.0) Gecko/20100101 Firefox/40.1" 
189.230.12.28 - - [13/Jun/2017:21:40:27 -0700] "GET / HTTP/1.1" 200 36475 "-" "Mozilla/5.0 (Windows NT 6.1; WOW64; rv:40.0) Gecko/20100101 Firefox/40.1" 
216.244.66.227 - - [13/Jun/2017:21:48:26 -0700] "GET /robots.txt HTTP/1.1" 200 233 "-" "Mozilla/5.0 (compatible; DotBot/1.1; http://www.opensiteexplorer.org/dotbot, help@moz.com)" 
189.230.12.28 - - [13/Jun/2017:21:48:53 -0700] "GET /wp-login.php HTTP/1.1" 301 522 "-" "Mozilla/5.0 (Windows NT 6.1; WOW64; rv:40.0) Gecko/20100101 Firefox/40.1" 
189.230.12.28 - - [13/Jun/2017:21:48:54 -0700] "GET /wp-login.php HTTP/1.1" 404 295 "-" "Mozilla/5.0 (Windows NT 6.1; WOW64; rv:40.0) Gecko/20100101 Firefox/40.1" 
189.230.12.28 - - [13/Jun/2017:21:48:59 -0700] "GET /wp-login.php HTTP/1.1" 301 522 "-" "Mozilla/5.0 (Windows NT 6.1; WOW64; rv:40.0) Gecko/20100101 Firefox/40.1" 
189.230.12.28 - - [13/Jun/2017:21:48:59 -0700] "GET /wp-login.php HTTP/1.1" 404 295 "-" "Mozilla/5.0 (Windows NT 6.1; WOW64; rv:40.0) Gecko/20100101 Firefox/40.1" 
189.230.12.28 - - [13/Jun/2017:21:49:04 -0700] "GET / HTTP/1.1" 301 498 "-" "Mozilla/5.0 (Windows NT 6.1; WOW64; rv:40.0) Gecko/20100101 Firefox/40.1" 
189.230.12.28 - - [13/Jun/2017:21:49:05 -0700] "GET / HTTP/1.1" 200 36475 "-" "Mozilla/5.0 (Windows NT 6.1; WOW64; rv:40.0) Gecko/20100101 Firefox/40.1" 
114.97.147.41 - - [13/Jun/2017:21:49:22 -0700] "GET /honeypot/Honeypot HTTP/1.1" 404 340 "-" "Mozilla/4.0 (compatible; MSIE 6.0; Windows NT 5.1; SV1;)" 
207.46.13.167 - - [13/Jun/2017:21:51:35 -0700] "GET / HTTP/1.1" 200 10793 "-" "Mozilla/5.0 (compatible; bingbot/2.0; +http://www.bing.com/bingbot.htm)" 
164.132.162.188 - - [13/Jun/2017:21:53:21 -0700] "GET /self.logs/error.log.2015-05-03.gz HTTP/1.1" 200 936 "-" "Mozilla/5.0 (compatible; AhrefsBot/5.2; +http://ahrefs.com/robot/)" 
120.221.1.28 - - [13/Jun/2017:22:01:02 -0700] "GET /maccdc2012/files.log.gz HTTP/1.1" 304 155 "-" "Mozilla/5.0 Gecko/20100115 Firefox/3.6" 
216.244.66.227 - - [13/Jun/2017:22:03:52 -0700] "GET /self.logs/access.log.2015-02-22.gz HTTP/1.1" 200 11030 "-" "Mozilla/5.0 (compatible; DotBot/1.1; http://www.opensiteexplorer.org/dotbot, help@moz.com)" 
