51.255.65.60 - - [08/Jul/2016:02:58:44 -0700] "GET /self.logs/error.log.2016-07-02.gz HTTP/1.1" 200 929 "-" "Mozilla/5.0 (compatible; AhrefsBot/5.1; +http://ahrefs.com/robot/)" 
109.49.169.33 - - [08/Jul/2016:03:02:20 -0700] "GET / HTTP/1.1" 301 483 "-" "Mozilla/5.0 (Macintosh; Intel Mac OS X 10_11_1) AppleWebKit/537.36 (KHTML, like Gecko) Chrome/51.0.2704.84 Safari/537.36" 
109.49.169.33 - - [08/Jul/2016:03:02:21 -0700] "GET / HTTP/1.1" 200 9904 "-" "Mozilla/5.0 (Macintosh; Intel Mac OS X 10_11_1) AppleWebKit/537.36 (KHTML, like Gecko) Chrome/51.0.2704.84 Safari/537.36" 
109.49.169.33 - - [08/Jul/2016:03:02:21 -0700] "GET /twitter-icon.png HTTP/1.1" 200 27787 "http://www.secrepo.com/" "Mozilla/5.0 (Macintosh; Intel Mac OS X 10_11_1) AppleWebKit/537.36 (KHTML, like Gecko) Chrome/51.0.2704.84 Safari/537.36" 
109.49.169.33 - - [08/Jul/2016:03:02:21 -0700] "GET /GitHub-Mark.png HTTP/1.1" 200 7428 "http://www.secrepo.com/" "Mozilla/5.0 (Macintosh; Intel Mac OS X 10_11_1) AppleWebKit/537.36 (KHTML, like Gecko) Chrome/51.0.2704.84 Safari/537.36" 
164.132.161.51 - - [08/Jul/2016:03:04:17 -0700] "GET /self.logs/access.log.2016-03-26.gz HTTP/1.1" 200 10168 "-" "Mozilla/5.0 (compatible; AhrefsBot/5.1; +http://ahrefs.com/robot/)" 
95.105.22.167 - - [08/Jul/2016:03:05:12 -0700] "GET /honeypot/BSidesDFW%20-%202014.ipynb' HTTP/1.1" 404 340 "-" "-" 
180.153.185.178 - - [08/Jul/2016:03:05:49 -0700] "GET / HTTP/1.1" 200 9904 "http://www.secrepo.com/" "Mozilla/5.0 (compatible; MSIE 9.0; Windows NT 6.1; Trident/5.0); 360Spider" 
51.255.65.59 - - [08/Jul/2016:03:07:48 -0700] "GET /self.logs/access.log.2015-05-02.gz HTTP/1.1" 200 4107 "-" "Mozilla/5.0 (compatible; AhrefsBot/5.1; +http://ahrefs.com/robot/)" 
68.180.228.157 - - [08/Jul/2016:03:10:42 -0700] "GET /self.logs/error.log.2016-01-13.gz HTTP/1.1" 200 455 "-" "Mozilla/5.0 (compatible; Yahoo! Slurp; http://help.yahoo.com/help/us/ysearch/slurp)" 
109.49.169.33 - - [08/Jul/2016:03:15:31 -0700] "GET /maccdc2012/conn.log.gz HTTP/1.1" 200 551041635 "-" "Mozilla/5.0 (Macintosh; Intel Mac OS X 10_11_1) AppleWebKit/537.36 (KHTML, like Gecko) Chrome/51.0.2704.84 Safari/537.36" 
117.190.191.170 - - [08/Jul/2016:03:35:54 -0700] "GET /tg/a.zip HTTP/1.1" 304 132 "-" "Mozilla/5.0 Gecko/20100115 Firefox/3.6" 
103.10.24.194 - - [08/Jul/2016:03:38:54 -0700] "GET / HTTP/1.1" 200 9904 "-" "Mozilla/5.0 (X11; Linux x86_64) AppleWebKit/537.36 (KHTML, like Gecko) Chrome/51.0.2704.106 Safari/537.36" 
103.10.24.194 - - [08/Jul/2016:03:38:55 -0700] "GET /twitter-icon.png HTTP/1.1" 200 27787 "http://www.secrepo.com/" "Mozilla/5.0 (X11; Linux x86_64) AppleWebKit/537.36 (KHTML, like Gecko) Chrome/51.0.2704.106 Safari/537.36" 
103.10.24.194 - - [08/Jul/2016:03:38:55 -0700] "GET /GitHub-Mark.png HTTP/1.1" 200 7428 "http://www.secrepo.com/" "Mozilla/5.0 (X11; Linux x86_64) AppleWebKit/537.36 (KHTML, like Gecko) Chrome/51.0.2704.106 Safari/537.36" 
103.10.24.194 - - [08/Jul/2016:03:38:56 -0700] "GET /bootstrap/img/favicon.ico HTTP/1.1" 200 589 "http://www.secrepo.com/" "Mozilla/5.0 (X11; Linux x86_64) AppleWebKit/537.36 (KHTML, like Gecko) Chrome/51.0.2704.106 Safari/537.36" 
157.55.39.146 - - [08/Jul/2016:03:42:26 -0700] "GET /robots.txt HTTP/1.1" 200 289 "-" "Mozilla/5.0 (compatible; bingbot/2.0; +http://www.bing.com/bingbot.htm)" 
157.55.39.146 - - [08/Jul/2016:03:42:33 -0700] "GET /self.logs/error.log.2016-04-06.gz HTTP/1.1" 200 717 "-" "Mozilla/5.0 (compatible; bingbot/2.0; +http://www.bing.com/bingbot.htm)" 
103.10.24.194 - - [08/Jul/2016:03:39:35 -0700] "GET /maccdc2012/conn.log.gz HTTP/1.1" 200 120413183 "-" "Mozilla/5.0 (X11; Linux x86_64) AppleWebKit/537.36 (KHTML, like Gecko) Chrome/51.0.2704.106 Safari/537.36" 
103.10.24.194 - - [08/Jul/2016:03:49:53 -0700] "GET /tg/tg_snort_fast.7z HTTP/1.1" 200 4274093 "-" "Mozilla/5.0 (X11; Linux x86_64) AppleWebKit/537.36 (KHTML, like Gecko) Chrome/51.0.2704.106 Safari/537.36" 
151.80.31.173 - - [08/Jul/2016:04:06:48 -0700] "GET /self.logs/access.log.2015-11-23.gz HTTP/1.1" 200 8866 "-" "Mozilla/5.0 (compatible; AhrefsBot/5.1; +http://ahrefs.com/robot/)" 
164.132.161.62 - - [08/Jul/2016:04:16:01 -0700] "GET /self.logs/error.log.2016-06-09.gz HTTP/1.1" 200 894 "-" "Mozilla/5.0 (compatible; AhrefsBot/5.1; +http://ahrefs.com/robot/)" 
111.7.128.40 - - [08/Jul/2016:04:22:30 -0700] "GET /tg/a.zip HTTP/1.1" 304 132 "-" "Mozilla/5.0 Gecko/20100115 Firefox/3.6" 
180.76.15.27 - - [08/Jul/2016:04:30:14 -0700] "GET /honeypot/BSidesDFW%20-%202014.ipynb HTTP/1.1" 200 775260 "-" "Mozilla/5.0 (compatible; Baiduspider/2.0; +http://www.baidu.com/search/spider.html)" 
207.46.13.131 - - [08/Jul/2016:04:46:57 -0700] "GET /self.logs/access.log.2016-01-21.gz HTTP/1.1" 301 545 "-" "Mozilla/5.0 (compatible; bingbot/2.0; +http://www.bing.com/bingbot.htm)" 
51.255.65.23 - - [08/Jul/2016:04:48:45 -0700] "GET /self.logs/access.log.2016-03-12.gz HTTP/1.1" 200 12052 "-" "Mozilla/5.0 (compatible; AhrefsBot/5.1; +http://ahrefs.com/robot/)" 
68.180.228.157 - - [08/Jul/2016:05:07:05 -0700] "GET /self.logs/access.log.2015-09-01.gz HTTP/1.1" 200 10481 "-" "Mozilla/5.0 (compatible; Yahoo! Slurp; http://help.yahoo.com/help/us/ysearch/slurp)" 
62.212.230.100 - - [08/Jul/2016:05:07:34 -0700] "GET / HTTP/1.1" 200 9904 "-" "Mozilla/5.0 (Windows NT 6.1; WOW64; rv:47.0) Gecko/20100101 Firefox/47.0" 
62.212.230.100 - - [08/Jul/2016:05:07:35 -0700] "GET /GitHub-Mark.png HTTP/1.1" 200 7427 "http://www.secrepo.com/" "Mozilla/5.0 (Windows NT 6.1; WOW64; rv:47.0) Gecko/20100101 Firefox/47.0" 
62.212.230.100 - - [08/Jul/2016:05:07:35 -0700] "GET /twitter-icon.png HTTP/1.1" 200 27788 "http://www.secrepo.com/" "Mozilla/5.0 (Windows NT 6.1; WOW64; rv:47.0) Gecko/20100101 Firefox/47.0" 
146.193.1.241 - - [08/Jul/2016:05:14:06 -0700] "GET / HTTP/1.1" 200 9904 "http://www.mlsecproject.org/" "Mozilla/5.0 (Windows NT 10.0; WOW64) AppleWebKit/537.36 (KHTML, like Gecko) Chrome/51.0.2704.103 Safari/537.36" 
146.193.1.241 - - [08/Jul/2016:05:14:07 -0700] "GET /twitter-icon.png HTTP/1.1" 200 27787 "http://www.secrepo.com/" "Mozilla/5.0 (Windows NT 10.0; WOW64) AppleWebKit/537.36 (KHTML, like Gecko) Chrome/51.0.2704.103 Safari/537.36" 
146.193.1.241 - - [08/Jul/2016:05:14:07 -0700] "GET /bootstrap/img/favicon.ico HTTP/1.1" 200 589 "http://www.secrepo.com/" "Mozilla/5.0 (Windows NT 10.0; WOW64) AppleWebKit/537.36 (KHTML, like Gecko) Chrome/51.0.2704.103 Safari/537.36" 
146.193.1.241 - - [08/Jul/2016:05:14:07 -0700] "GET /GitHub-Mark.png HTTP/1.1" 200 7428 "http://www.secrepo.com/" "Mozilla/5.0 (Windows NT 10.0; WOW64) AppleWebKit/537.36 (KHTML, like Gecko) Chrome/51.0.2704.103 Safari/537.36" 
117.64.230.152 - - [08/Jul/2016:05:22:34 -0700] "GET /access.log.2015-02-15.gz HTTP/1.1" 301 529 "-" "Mozilla/5.0 (Windows NT 6.1; Trident/7.0; rv:11.0) like Gecko" 
117.64.230.152 - - [08/Jul/2016:05:22:35 -0700] "GET /access.log.2015-02-15.gz HTTP/1.1" 404 340 "-" "Mozilla/5.0 (Windows NT 6.1; Trident/7.0; rv:11.0) like Gecko" 
95.128.91.242 - - [08/Jul/2016:05:50:51 -0700] "GET / HTTP/1.1" 200 9904 "-" "Mozilla/5.0 (Windows NT 6.1; WOW64; rv:38.0) Gecko/20100101 Firefox/38.0" 
95.128.91.242 - - [08/Jul/2016:05:50:52 -0700] "GET /bootstrap/img/favicon.ico HTTP/1.1" 200 589 "-" "Mozilla/5.0 (Windows NT 6.1; WOW64; rv:38.0) Gecko/20100101 Firefox/38.0" 
95.128.91.242 - - [08/Jul/2016:05:50:52 -0700] "GET /twitter-icon.png HTTP/1.1" 200 27788 "http://www.secrepo.com/" "Mozilla/5.0 (Windows NT 6.1; WOW64; rv:38.0) Gecko/20100101 Firefox/38.0" 
95.128.91.242 - - [08/Jul/2016:05:50:52 -0700] "GET /GitHub-Mark.png HTTP/1.1" 200 7427 "http://www.secrepo.com/" "Mozilla/5.0 (Windows NT 6.1; WOW64; rv:38.0) Gecko/20100101 Firefox/38.0" 
95.128.91.242 - - [08/Jul/2016:05:51:05 -0700] "GET /tg/a.zip HTTP/1.1" 200 66189337 "http://www.secrepo.com/" "Mozilla/5.0 (Windows NT 6.1; WOW64; rv:38.0) Gecko/20100101 Firefox/38.0" 
95.128.91.242 - - [08/Jul/2016:05:52:23 -0700] "GET / HTTP/1.1" 200 9904 "-" "Mozilla/5.0 (X11; Ubuntu; Linux x86_64; rv:47.0) Gecko/20100101 Firefox/47.0" 
95.128.91.242 - - [08/Jul/2016:05:52:23 -0700] "GET /twitter-icon.png HTTP/1.1" 200 27787 "http://www.secrepo.com/" "Mozilla/5.0 (X11; Ubuntu; Linux x86_64; rv:47.0) Gecko/20100101 Firefox/47.0" 
95.128.91.242 - - [08/Jul/2016:05:52:23 -0700] "GET /GitHub-Mark.png HTTP/1.1" 200 7428 "http://www.secrepo.com/" "Mozilla/5.0 (X11; Ubuntu; Linux x86_64; rv:47.0) Gecko/20100101 Firefox/47.0" 
95.128.91.242 - - [08/Jul/2016:05:52:24 -0700] "GET /bootstrap/img/favicon.ico HTTP/1.1" 200 589 "-" "Mozilla/5.0 (X11; Ubuntu; Linux x86_64; rv:47.0) Gecko/20100101 Firefox/47.0" 
207.46.13.105 - - [08/Jul/2016:06:05:23 -0700] "GET /self.logs/access.log.2016-04-28.gz HTTP/1.1" 200 10838 "-" "Mozilla/5.0 (compatible; bingbot/2.0; +http://www.bing.com/bingbot.htm)" 
211.87.234.131 - - [08/Jul/2016:06:12:56 -0700] "GET /favicon.ico HTTP/1.1" 304 163 "-" "Mozilla/5.0 (Windows NT 10.0; WOW64) AppleWebKit/537.36 (KHTML, like Gecko) Chrome/42.0.2311.154 Safari/537.36 LBBROWSER" 
8.28.16.254 - - [08/Jul/2016:06:33:51 -0700] "GET / HTTP/1.1" 301 498 "-" "Mozilla/5.0 (Windows NT 6.1; Win64; x64; Trident/7.0; rv:11.0) like Gecko" 
68.180.228.157 - - [08/Jul/2016:06:34:15 -0700] "GET /maccdc2012/ssl.log.gz HTTP/1.1" 200 755397 "-" "Mozilla/5.0 (compatible; Yahoo! Slurp; http://help.yahoo.com/help/us/ysearch/slurp)" 
117.190.191.170 - - [08/Jul/2016:06:36:10 -0700] "GET /tg/a.zip HTTP/1.1" 304 132 "-" "Mozilla/5.0 Gecko/20100115 Firefox/3.6" 
152.179.58.30 - - [08/Jul/2016:06:36:30 -0700] "GET / HTTP/1.1" 200 9904 "https://www.google.com/" "Mozilla/5.0 (Macintosh; Intel Mac OS X 10_11_5) AppleWebKit/537.36 (KHTML, like Gecko) Chrome/51.0.2704.103 Safari/537.36" 
152.179.58.30 - - [08/Jul/2016:06:36:31 -0700] "GET /twitter-icon.png HTTP/1.1" 200 27787 "http://www.secrepo.com/" "Mozilla/5.0 (Macintosh; Intel Mac OS X 10_11_5) AppleWebKit/537.36 (KHTML, like Gecko) Chrome/51.0.2704.103 Safari/537.36" 
152.179.58.30 - - [08/Jul/2016:06:36:31 -0700] "GET /GitHub-Mark.png HTTP/1.1" 200 7428 "http://www.secrepo.com/" "Mozilla/5.0 (Macintosh; Intel Mac OS X 10_11_5) AppleWebKit/537.36 (KHTML, like Gecko) Chrome/51.0.2704.103 Safari/537.36" 
152.179.58.30 - - [08/Jul/2016:06:36:32 -0700] "GET /bootstrap/img/favicon.ico HTTP/1.1" 200 589 "http://www.secrepo.com/" "Mozilla/5.0 (Macintosh; Intel Mac OS X 10_11_5) AppleWebKit/537.36 (KHTML, like Gecko) Chrome/51.0.2704.103 Safari/537.36" 
152.179.58.30 - - [08/Jul/2016:06:37:46 -0700] "GET /honeypot/honeypot.json.zip HTTP/1.1" 200 4631873 "http://www.secrepo.com/" "Mozilla/5.0 (Macintosh; Intel Mac OS X 10_11_5) AppleWebKit/537.36 (KHTML, like Gecko) Chrome/51.0.2704.103 Safari/537.36" 
193.169.30.10 - - [08/Jul/2016:06:48:18 -0700] "GET / HTTP/1.1" 200 9904 "http://www.mlsecproject.org/" "Mozilla/5.0 (Windows NT 6.1; WOW64) AppleWebKit/537.36 (KHTML, like Gecko) Chrome/51.0.2704.103 Safari/537.36" 
193.169.30.10 - - [08/Jul/2016:06:48:18 -0700] "GET /twitter-icon.png HTTP/1.1" 200 27787 "http://www.secrepo.com/" "Mozilla/5.0 (Windows NT 6.1; WOW64) AppleWebKit/537.36 (KHTML, like Gecko) Chrome/51.0.2704.103 Safari/537.36" 
193.169.30.10 - - [08/Jul/2016:06:48:18 -0700] "GET /GitHub-Mark.png HTTP/1.1" 200 7428 "http://www.secrepo.com/" "Mozilla/5.0 (Windows NT 6.1; WOW64) AppleWebKit/537.36 (KHTML, like Gecko) Chrome/51.0.2704.103 Safari/537.36" 
193.169.30.10 - - [08/Jul/2016:06:48:19 -0700] "GET /bootstrap/img/favicon.ico HTTP/1.1" 200 589 "http://www.secrepo.com/" "Mozilla/5.0 (Windows NT 6.1; WOW64) AppleWebKit/537.36 (KHTML, like Gecko) Chrome/51.0.2704.103 Safari/537.36" 
95.128.91.242 - - [08/Jul/2016:06:50:58 -0700] "GET /tg/b.zip HTTP/1.1" 200 42298164 "http://www.secrepo.com/" "Mozilla/5.0 (X11; Ubuntu; Linux x86_64; rv:47.0) Gecko/20100101 Firefox/47.0" 
207.46.13.80 - - [08/Jul/2016:06:55:08 -0700] "GET /self.logs/error.log.2016-05-11.gz HTTP/1.1" 200 895 "-" "Mozilla/5.0 (compatible; bingbot/2.0; +http://www.bing.com/bingbot.htm)" 
95.128.91.242 - - [08/Jul/2016:07:01:51 -0700] "GET /tg/a.zip HTTP/1.1" 200 66189337 "http://www.secrepo.com/" "Mozilla/5.0 (X11; Ubuntu; Linux x86_64; rv:47.0) Gecko/20100101 Firefox/47.0" 
70.106.201.127 - - [08/Jul/2016:07:12:41 -0700] "GET / HTTP/1.1" 301 483 "-" "Mozilla/5.0 (Macintosh; Intel Mac OS X 10_11_5) AppleWebKit/537.36 (KHTML, like Gecko) Chrome/51.0.2704.103 Safari/537.36" 
70.106.201.127 - - [08/Jul/2016:07:12:41 -0700] "GET / HTTP/1.1" 200 9904 "-" "Mozilla/5.0 (Macintosh; Intel Mac OS X 10_11_5) AppleWebKit/537.36 (KHTML, like Gecko) Chrome/51.0.2704.103 Safari/537.36" 
70.106.201.127 - - [08/Jul/2016:07:12:42 -0700] "GET /GitHub-Mark.png HTTP/1.1" 200 7427 "http://www.secrepo.com/" "Mozilla/5.0 (Macintosh; Intel Mac OS X 10_11_5) AppleWebKit/537.36 (KHTML, like Gecko) Chrome/51.0.2704.103 Safari/537.36" 
70.106.201.127 - - [08/Jul/2016:07:12:42 -0700] "GET /bootstrap/img/favicon.ico HTTP/1.1" 200 589 "http://www.secrepo.com/" "Mozilla/5.0 (Macintosh; Intel Mac OS X 10_11_5) AppleWebKit/537.36 (KHTML, like Gecko) Chrome/51.0.2704.103 Safari/537.36" 
111.7.128.40 - - [08/Jul/2016:07:22:32 -0700] "GET /tg/a.zip HTTP/1.1" 304 132 "-" "Mozilla/5.0 Gecko/20100115 Firefox/3.6" 
207.46.13.105 - - [08/Jul/2016:07:35:01 -0700] "GET /self.logs/error.log.2015-04-21.gz HTTP/1.1" 200 2203 "-" "Mozilla/5.0 (compatible; bingbot/2.0; +http://www.bing.com/bingbot.htm)" 
207.46.13.105 - - [08/Jul/2016:07:35:56 -0700] "GET /self.logs/error.log.2016-04-03.gz HTTP/1.1" 200 637 "-" "Mozilla/5.0 (compatible; bingbot/2.0; +http://www.bing.com/bingbot.htm)" 
172.99.78.104 - - [08/Jul/2016:07:38:48 -0700] "GET /robots.txt HTTP/1.1" 301 446 "-" "Tornado-Async-Client" 
172.99.78.104 - - [08/Jul/2016:07:38:48 -0700] "GET /robots.txt HTTP/1.1" 200 304 "-" "Tornado-Async-Client" 
172.99.78.104 - - [08/Jul/2016:07:38:48 -0700] "GET /honeypot/BSidesDFW%20-%202014.ipynb HTTP/1.1" 301 484 "-" "Tornado-Async-Client" 
172.99.78.104 - - [08/Jul/2016:07:38:48 -0700] "GET /honeypot/BSidesDFW%20-%202014.ipynb HTTP/1.1" 200 930780 "-" "Tornado-Async-Client" 
207.46.13.16 - - [08/Jul/2016:07:39:19 -0700] "GET /self.logs/error.log.2015-02-06.gz HTTP/1.1" 301 544 "-" "Mozilla/5.0 (compatible; bingbot/2.0; +http://www.bing.com/bingbot.htm)" 
72.12.197.242 - - [08/Jul/2016:07:47:26 -0700] "GET / HTTP/1.1" 200 9904 "-" "Mozilla/5.0 (Windows NT 10.0; WOW64) AppleWebKit/537.36 (KHTML, like Gecko) Chrome/51.0.2704.103 Safari/537.36" 
72.12.197.242 - - [08/Jul/2016:07:47:27 -0700] "GET /GitHub-Mark.png HTTP/1.1" 200 7428 "http://www.secrepo.com/" "Mozilla/5.0 (Windows NT 10.0; WOW64) AppleWebKit/537.36 (KHTML, like Gecko) Chrome/51.0.2704.103 Safari/537.36" 
72.12.197.242 - - [08/Jul/2016:07:47:27 -0700] "GET /twitter-icon.png HTTP/1.1" 200 27787 "http://www.secrepo.com/" "Mozilla/5.0 (Windows NT 10.0; WOW64) AppleWebKit/537.36 (KHTML, like Gecko) Chrome/51.0.2704.103 Safari/537.36" 
72.12.197.242 - - [08/Jul/2016:07:47:27 -0700] "GET /bootstrap/img/favicon.ico HTTP/1.1" 200 589 "http://www.secrepo.com/" "Mozilla/5.0 (Windows NT 10.0; WOW64) AppleWebKit/537.36 (KHTML, like Gecko) Chrome/51.0.2704.103 Safari/537.36" 
128.8.120.4 - - [08/Jul/2016:07:53:47 -0700] "GET / HTTP/1.1" 200 9904 "-" "Mozilla/5.0 (X11; Linux x86_64) AppleWebKit/537.36 (KHTML, like Gecko) Chrome/51.0.2704.106 Safari/537.36" 
128.8.120.4 - - [08/Jul/2016:07:53:48 -0700] "GET /twitter-icon.png HTTP/1.1" 200 27787 "http://www.secrepo.com/" "Mozilla/5.0 (X11; Linux x86_64) AppleWebKit/537.36 (KHTML, like Gecko) Chrome/51.0.2704.106 Safari/537.36" 
128.8.120.4 - - [08/Jul/2016:07:53:48 -0700] "GET /GitHub-Mark.png HTTP/1.1" 200 7428 "http://www.secrepo.com/" "Mozilla/5.0 (X11; Linux x86_64) AppleWebKit/537.36 (KHTML, like Gecko) Chrome/51.0.2704.106 Safari/537.36" 
72.12.197.242 - - [08/Jul/2016:07:54:18 -0700] "GET / HTTP/1.1" 200 9904 "-" "Mozilla/5.0 (Windows NT 10.0; WOW64) AppleWebKit/537.36 (KHTML, like Gecko) Chrome/51.0.2704.103 Safari/537.36" 
149.202.47.161 - - [08/Jul/2016:07:56:21 -0700] "GET /robots.txt HTTP/1.0" 200 252 "-" "Mozilla/5.0 (compatible; MJ12bot/v1.4.5; http://www.majestic12.co.uk/bot.php?+)" 
149.202.47.161 - - [08/Jul/2016:07:56:24 -0700] "GET /honeypot//%22http://amunhoney.sourceforge.net//%22 HTTP/1.0" 404 284 "-" "Mozilla/5.0 (compatible; MJ12bot/v1.4.5; http://www.majestic12.co.uk/bot.php?+)" 
149.202.47.161 - - [08/Jul/2016:07:56:26 -0700] "GET /honeypot//%22http://glastopf.org//%22 HTTP/1.0" 404 303 "-" "Mozilla/5.0 (compatible; MJ12bot/v1.4.5; http://www.majestic12.co.uk/bot.php?+)" 
149.202.47.161 - - [08/Jul/2016:07:56:28 -0700] "GET /honeypot//%22http://www.maxmind.com/%22 HTTP/1.0" 404 303 "-" "Mozilla/5.0 (compatible; MJ12bot/v1.4.5; http://www.majestic12.co.uk/bot.php?+)" 
149.202.47.161 - - [08/Jul/2016:07:56:29 -0700] "GET /honeypot//%22https://twitter.com/sooshie/%22 HTTP/1.0" 404 303 "-" "Mozilla/5.0 (compatible; MJ12bot/v1.4.5; http://www.majestic12.co.uk/bot.php?+)" 
149.202.47.161 - - [08/Jul/2016:07:56:31 -0700] "GET /honeypot//%22https://twitter.com/theroxyd/%22 HTTP/1.0" 404 303 "-" "Mozilla/5.0 (compatible; MJ12bot/v1.4.5; http://www.majestic12.co.uk/bot.php?+)" 
212.64.84.62 - - [08/Jul/2016:07:58:06 -0700] "GET / HTTP/1.1" 200 9904 "-" "Mozilla/5.0 (Macintosh; Intel Mac OS X 10_11_5) AppleWebKit/537.36 (KHTML, like Gecko) Chrome/51.0.2704.103 Safari/537.36" 
212.64.84.62 - - [08/Jul/2016:07:58:06 -0700] "GET /twitter-icon.png HTTP/1.1" 200 27787 "http://www.secrepo.com/" "Mozilla/5.0 (Macintosh; Intel Mac OS X 10_11_5) AppleWebKit/537.36 (KHTML, like Gecko) Chrome/51.0.2704.103 Safari/537.36" 
212.64.84.62 - - [08/Jul/2016:07:58:06 -0700] "GET /GitHub-Mark.png HTTP/1.1" 200 7428 "http://www.secrepo.com/" "Mozilla/5.0 (Macintosh; Intel Mac OS X 10_11_5) AppleWebKit/537.36 (KHTML, like Gecko) Chrome/51.0.2704.103 Safari/537.36" 
109.49.169.33 - - [08/Jul/2016:07:58:33 -0700] "GET / HTTP/1.1" 200 9904 "http://www.mlsecproject.org/" "Mozilla/5.0 (Macintosh; Intel Mac OS X 10_11_1) AppleWebKit/537.36 (KHTML, like Gecko) Chrome/51.0.2704.84 Safari/537.36" 
109.49.169.33 - - [08/Jul/2016:07:58:33 -0700] "GET /twitter-icon.png HTTP/1.1" 200 27787 "http://www.secrepo.com/" "Mozilla/5.0 (Macintosh; Intel Mac OS X 10_11_1) AppleWebKit/537.36 (KHTML, like Gecko) Chrome/51.0.2704.84 Safari/537.36" 
109.49.169.33 - - [08/Jul/2016:07:58:33 -0700] "GET /GitHub-Mark.png HTTP/1.1" 200 7428 "http://www.secrepo.com/" "Mozilla/5.0 (Macintosh; Intel Mac OS X 10_11_1) AppleWebKit/537.36 (KHTML, like Gecko) Chrome/51.0.2704.84 Safari/537.36" 
155.185.54.135 - - [08/Jul/2016:08:11:34 -0700] "GET / HTTP/1.1" 200 9904 "-" "Mozilla/5.0 (Windows NT 6.1; WOW64; rv:47.0) Gecko/20100101 Firefox/47.0" 
155.185.54.135 - - [08/Jul/2016:08:11:35 -0700] "GET /twitter-icon.png HTTP/1.1" 200 27787 "http://www.secrepo.com/" "Mozilla/5.0 (Windows NT 6.1; WOW64; rv:47.0) Gecko/20100101 Firefox/47.0" 
155.185.54.135 - - [08/Jul/2016:08:11:35 -0700] "GET /bootstrap/img/favicon.ico HTTP/1.1" 200 590 "-" "Mozilla/5.0 (Windows NT 6.1; WOW64; rv:47.0) Gecko/20100101 Firefox/47.0" 
155.185.54.135 - - [08/Jul/2016:08:11:35 -0700] "GET /GitHub-Mark.png HTTP/1.1" 200 7428 "http://www.secrepo.com/" "Mozilla/5.0 (Windows NT 6.1; WOW64; rv:47.0) Gecko/20100101 Firefox/47.0" 
128.8.120.4 - - [08/Jul/2016:08:12:31 -0700] "GET /misc/zeus_dga_domains.txt.zip HTTP/1.1" 200 594360 "-" "Mozilla/5.0 (X11; Linux x86_64) AppleWebKit/537.36 (KHTML, like Gecko) Chrome/51.0.2704.106 Safari/537.36" 
155.185.54.135 - - [08/Jul/2016:08:12:43 -0700] "GET /zeus/zeus_json.zip HTTP/1.1" 404 340 "http://www.secrepo.com/" "Mozilla/5.0 (Windows NT 6.1; WOW64; rv:47.0) Gecko/20100101 Firefox/47.0" 
155.185.54.135 - - [08/Jul/2016:08:12:44 -0700] "GET /favicon.ico HTTP/1.1" 200 267 "-" "Mozilla/5.0 (Windows NT 6.1; WOW64; rv:47.0) Gecko/20100101 Firefox/47.0" 
77.75.79.11 - - [08/Jul/2016:08:13:57 -0700] "GET /robots.txt HTTP/1.1" 200 334 "-" "Mozilla/5.0 (compatible; SeznamBot/3.2; +http://napoveda.seznam.cz/en/seznambot-intro/)" 
77.75.79.11 - - [08/Jul/2016:08:13:58 -0700] "GET /self.logs/error.log.2016-05-17.gz HTTP/1.1" 200 687 "-" "Mozilla/5.0 (compatible; SeznamBot/3.2; +http://napoveda.seznam.cz/en/seznambot-intro/)" 
144.167.116.68 - - [08/Jul/2016:08:15:09 -0700] "GET / HTTP/1.1" 200 9904 "-" "Mozilla/5.0 (Windows NT 10.0; WOW64; rv:47.0) Gecko/20100101 Firefox/47.0" 
144.167.116.68 - - [08/Jul/2016:08:15:09 -0700] "GET /bootstrap/img/favicon.ico HTTP/1.1" 200 589 "-" "Mozilla/5.0 (Windows NT 10.0; WOW64; rv:47.0) Gecko/20100101 Firefox/47.0" 
144.167.116.68 - - [08/Jul/2016:08:15:10 -0700] "GET /GitHub-Mark.png HTTP/1.1" 200 7428 "http://www.secrepo.com/" "Mozilla/5.0 (Windows NT 10.0; WOW64; rv:47.0) Gecko/20100101 Firefox/47.0" 
144.167.116.68 - - [08/Jul/2016:08:15:10 -0700] "GET /twitter-icon.png HTTP/1.1" 200 27787 "http://www.secrepo.com/" "Mozilla/5.0 (Windows NT 10.0; WOW64; rv:47.0) Gecko/20100101 Firefox/47.0" 
144.167.116.68 - - [08/Jul/2016:08:15:42 -0700] "GET /maccdc2012/files.log.gz HTTP/1.1" 200 51408672 "http://www.secrepo.com/" "Mozilla/5.0 (Windows NT 10.0; WOW64; rv:47.0) Gecko/20100101 Firefox/47.0" 
144.167.116.68 - - [08/Jul/2016:08:18:44 -0700] "GET /maccdc2012/dhcp.log.gz HTTP/1.1" 200 45019 "http://www.secrepo.com/" "Mozilla/5.0 (Windows NT 10.0; WOW64; rv:47.0) Gecko/20100101 Firefox/47.0" 
144.167.116.68 - - [08/Jul/2016:08:21:18 -0700] "GET /maccdc2012/maccdc2012_fast_alert.7z HTTP/1.1" 200 9478149 "http://www.secrepo.com/" "Mozilla/5.0 (Windows NT 10.0; WOW64; rv:47.0) Gecko/20100101 Firefox/47.0" 
116.19.188.131 - - [08/Jul/2016:08:33:52 -0700] "GET /honeypot/BSidesDFW%20-%202014.ipynb HTTP/1.1" 200 930836 "http://www.secrepo.com/" "Mozilla/5.0 (Windows NT 6.1; WOW64; rv:34.0) Gecko/20100101 Firefox/34.0" 
207.46.13.16 - - [08/Jul/2016:08:40:07 -0700] "GET /self.logs/access.log.2015-12-17.gz HTTP/1.1" 200 6190 "-" "Mozilla/5.0 (compatible; bingbot/2.0; +http://www.bing.com/bingbot.htm)" 
66.249.83.213 - - [08/Jul/2016:08:47:54 -0700] "GET / HTTP/1.1" 200 9904 "-" "Mozilla/5.0 (X11; Linux x86_64) AppleWebKit/537.36 (KHTML, like Gecko) Chrome/49.0.2623.75 Safari/537.36 Google Favicon" 
66.249.83.213 - - [08/Jul/2016:08:47:54 -0700] "GET /bootstrap/img/favicon.ico HTTP/1.1" 200 589 "-" "Mozilla/5.0 (X11; Linux x86_64) AppleWebKit/537.36 (KHTML, like Gecko) Chrome/49.0.2623.75 Safari/537.36 Google Favicon" 
207.46.13.16 - - [08/Jul/2016:08:48:50 -0700] "GET /self.logs/access.log.2016-05-09.gz HTTP/1.1" 200 8422 "-" "Mozilla/5.0 (compatible; bingbot/2.0; +http://www.bing.com/bingbot.htm)" 
207.46.13.80 - - [08/Jul/2016:08:49:05 -0700] "GET /self.logs/error.log.2016-01-20.gz HTTP/1.1" 301 544 "-" "Mozilla/5.0 (compatible; bingbot/2.0; +http://www.bing.com/bingbot.htm)" 
207.46.13.80 - - [08/Jul/2016:08:58:01 -0700] "GET /self.logs/error.log.2015-10-15.gz HTTP/1.1" 200 1112 "-" "Mozilla/5.0 (compatible; bingbot/2.0; +http://www.bing.com/bingbot.htm)" 
94.65.78.28 - - [08/Jul/2016:09:06:28 -0700] "GET / HTTP/1.1" 200 9904 "http://www.mlsecproject.org/" "Mozilla/5.0 (Windows NT 6.1; WOW64) AppleWebKit/537.36 (KHTML, like Gecko) Chrome/51.0.2704.103 Safari/537.36" 
94.65.78.28 - - [08/Jul/2016:09:06:28 -0700] "GET /twitter-icon.png HTTP/1.1" 200 27787 "http://www.secrepo.com/" "Mozilla/5.0 (Windows NT 6.1; WOW64) AppleWebKit/537.36 (KHTML, like Gecko) Chrome/51.0.2704.103 Safari/537.36" 
94.65.78.28 - - [08/Jul/2016:09:06:28 -0700] "GET /GitHub-Mark.png HTTP/1.1" 200 7428 "http://www.secrepo.com/" "Mozilla/5.0 (Windows NT 6.1; WOW64) AppleWebKit/537.36 (KHTML, like Gecko) Chrome/51.0.2704.103 Safari/537.36" 
94.65.78.28 - - [08/Jul/2016:09:06:29 -0700] "GET /bootstrap/img/favicon.ico HTTP/1.1" 200 589 "http://www.secrepo.com/" "Mozilla/5.0 (Windows NT 6.1; WOW64) AppleWebKit/537.36 (KHTML, like Gecko) Chrome/51.0.2704.103 Safari/537.36" 
51.254.131.242 - - [08/Jul/2016:09:12:49 -0700] "GET /robots.txt HTTP/1.0" 200 252 "-" "Mozilla/5.0 (compatible; MJ12bot/v1.4.5; http://www.majestic12.co.uk/bot.php?+)" 
51.254.131.242 - - [08/Jul/2016:09:12:52 -0700] "GET /self.logs/?C=S;O=D HTTP/1.0" 200 103126 "-" "Mozilla/5.0 (compatible; MJ12bot/v1.4.5; http://www.majestic12.co.uk/bot.php?+)" 
207.46.13.131 - - [08/Jul/2016:09:25:24 -0700] "GET /self.logs/error.log.2016-05-07.gz HTTP/1.1" 200 842 "-" "Mozilla/5.0 (compatible; bingbot/2.0; +http://www.bing.com/bingbot.htm)" 
117.190.191.170 - - [08/Jul/2016:09:36:11 -0700] "GET /tg/a.zip HTTP/1.1" 304 132 "-" "Mozilla/5.0 Gecko/20100115 Firefox/3.6" 
116.19.188.131 - - [08/Jul/2016:09:44:57 -0700] "GET /honeypot/BSidesDFW%20-%202014.ipynb HTTP/1.1" 200 691200 "http://www.secrepo.com/" "Mozilla/5.0 (Windows NT 6.1; WOW64; rv:35.0) Gecko/20100101 Firefox/35.0" 
77.75.76.160 - - [08/Jul/2016:09:47:18 -0700] "GET /robots.txt HTTP/1.1" 200 334 "-" "Mozilla/5.0 (compatible; SeznamBot/3.2; +http://napoveda.seznam.cz/en/seznambot-intro/)" 
77.75.76.160 - - [08/Jul/2016:09:47:19 -0700] "GET /self.logs/error.log.2015-08-28.gz HTTP/1.1" 200 912 "-" "Mozilla/5.0 (compatible; SeznamBot/3.2; +http://napoveda.seznam.cz/en/seznambot-intro/)" 
207.46.13.131 - - [08/Jul/2016:09:54:58 -0700] "GET /self.logs/error.log.2015-10-22.gz HTTP/1.1" 200 995 "-" "Mozilla/5.0 (compatible; bingbot/2.0; +http://www.bing.com/bingbot.htm)" 
51.255.65.61 - - [08/Jul/2016:10:01:54 -0700] "GET /self.logs/access.log.2015-04-18.gz HTTP/1.1" 200 5670 "-" "Mozilla/5.0 (compatible; AhrefsBot/5.1; +http://ahrefs.com/robot/)" 
51.255.65.6 - - [08/Jul/2016:10:09:54 -0700] "GET /self.logs/error.log.2015-06-20.gz HTTP/1.1" 200 544 "-" "Mozilla/5.0 (compatible; AhrefsBot/5.1; +http://ahrefs.com/robot/)" 
111.7.128.40 - - [08/Jul/2016:10:22:32 -0700] "GET /tg/a.zip HTTP/1.1" 304 132 "-" "Mozilla/5.0 Gecko/20100115 Firefox/3.6" 
130.215.12.237 - - [08/Jul/2016:10:53:29 -0700] "GET / HTTP/1.1" 200 9904 "-" "Mozilla/5.0 (Macintosh; Intel Mac OS X 10_11_4) AppleWebKit/537.36 (KHTML, like Gecko) Chrome/51.0.2704.103 Safari/537.36" 
130.215.12.237 - - [08/Jul/2016:10:53:29 -0700] "GET /GitHub-Mark.png HTTP/1.1" 200 7428 "http://www.secrepo.com/" "Mozilla/5.0 (Macintosh; Intel Mac OS X 10_11_4) AppleWebKit/537.36 (KHTML, like Gecko) Chrome/51.0.2704.103 Safari/537.36" 
130.215.12.237 - - [08/Jul/2016:10:53:29 -0700] "GET /twitter-icon.png HTTP/1.1" 200 27787 "http://www.secrepo.com/" "Mozilla/5.0 (Macintosh; Intel Mac OS X 10_11_4) AppleWebKit/537.36 (KHTML, like Gecko) Chrome/51.0.2704.103 Safari/537.36" 
130.215.12.237 - - [08/Jul/2016:10:53:30 -0700] "GET /bootstrap/img/favicon.ico HTTP/1.1" 200 589 "http://www.secrepo.com/" "Mozilla/5.0 (Macintosh; Intel Mac OS X 10_11_4) AppleWebKit/537.36 (KHTML, like Gecko) Chrome/51.0.2704.103 Safari/537.36" 
68.180.228.157 - - [08/Jul/2016:10:54:12 -0700] "GET /robots.txt HTTP/1.1" 200 233 "-" "Mozilla/5.0 (compatible; Yahoo! Slurp; http://help.yahoo.com/help/us/ysearch/slurp)" 
68.180.228.157 - - [08/Jul/2016:10:54:13 -0700] "GET /self.logs/access.log.2015-08-05.gz HTTP/1.1" 200 5922 "-" "Mozilla/5.0 (compatible; Yahoo! Slurp; http://help.yahoo.com/help/us/ysearch/slurp)" 
207.46.13.131 - - [08/Jul/2016:10:54:45 -0700] "GET /self.logs/error.log.2016-05-14.gz HTTP/1.1" 200 857 "-" "Mozilla/5.0 (compatible; bingbot/2.0; +http://www.bing.com/bingbot.htm)" 
59.62.239.138 - - [08/Jul/2016:10:55:39 -0700] "GET /honeypot/Honeypot%20-%20Howto%20-%20BSides%20Austin.pdf HTTP/1.1" 200 79200 "-" "Mozilla/4.0 (compatible; MSIE 6.0; Windows NT 5.1)" 
59.62.239.138 - - [08/Jul/2016:10:55:41 -0700] "GET /honeypot/Honeypot%20-%20Howto%20-%20BSides%20Austin.pdf HTTP/1.1" 200 2928460 "-" "Mozilla/4.0 (compatible; MSIE 6.0; Windows NT 5.1)" 
207.46.13.105 - - [08/Jul/2016:11:02:09 -0700] "GET /self.logs/error.log.2015-11-26.gz HTTP/1.1" 200 643 "-" "Mozilla/5.0 (compatible; bingbot/2.0; +http://www.bing.com/bingbot.htm)" 
207.46.13.105 - - [08/Jul/2016:11:02:49 -0700] "GET /self.logs/access.log.2016-05-11.gz HTTP/1.1" 200 18278 "-" "Mozilla/5.0 (compatible; bingbot/2.0; +http://www.bing.com/bingbot.htm)" 
46.119.117.55 - - [08/Jul/2016:11:11:00 -0700] "GET /honeypot/ HTTP/1.1" 200 1077 "http://www.styro.ru/" "Mozilla/4.0 (compatible; MSIE 6.0; Windows NT 5.1; FREE; .NET CLR 1.1.4322)" 
46.119.117.55 - - [08/Jul/2016:11:11:01 -0700] "GET /honeypot/ HTTP/1.1" 200 1077 "http://www.styro.ru/" "Mozilla/4.0 (compatible; MSIE 6.0; Windows NT 5.1; FREE; .NET CLR 1.1.4322)" 
207.46.13.131 - - [08/Jul/2016:11:14:22 -0700] "GET /self.logs/access.log.2015-02-27.gz HTTP/1.1" 200 3223 "-" "Mozilla/5.0 (compatible; bingbot/2.0; +http://www.bing.com/bingbot.htm)" 
192.64.95.2 - - [08/Jul/2016:11:31:46 -0700] "GET / HTTP/1.1" 200 9904 "-" "Mozilla/5.0 (Macintosh; Intel Mac OS X 10_12) AppleWebKit/602.1.38 (KHTML, like Gecko)" 
192.64.95.2 - - [08/Jul/2016:11:31:46 -0700] "GET /apple-touch-icon-precomposed.png HTTP/1.1" 404 340 "-" "Safari/12602.1.38.2 CFNetwork/796 Darwin/16.0.0 (x86_64)" 
192.64.95.2 - - [08/Jul/2016:11:31:46 -0700] "GET /apple-touch-icon.png HTTP/1.1" 404 339 "-" "Safari/12602.1.38.2 CFNetwork/796 Darwin/16.0.0 (x86_64)" 
192.64.95.2 - - [08/Jul/2016:11:31:46 -0700] "GET /bootstrap/img/favicon.ico HTTP/1.1" 200 589 "-" "Safari/12602.1.38.2 CFNetwork/796 Darwin/16.0.0 (x86_64)" 
192.64.95.2 - - [08/Jul/2016:11:31:46 -0700] "GET /apple-touch-icon-precomposed.png HTTP/1.1" 404 339 "-" "Safari/12602.1.38.2 CFNetwork/796 Darwin/16.0.0 (x86_64)" 
192.64.95.2 - - [08/Jul/2016:11:31:47 -0700] "GET /apple-touch-icon.png HTTP/1.1" 404 339 "-" "Safari/12602.1.38.2 CFNetwork/796 Darwin/16.0.0 (x86_64)" 
5.255.250.93 - - [08/Jul/2016:11:42:47 -0700] "GET /robots.txt HTTP/1.1" 200 289 "-" "Mozilla/5.0 (compatible; YandexBot/3.0; +http://yandex.com/bots)" 
5.255.250.93 - - [08/Jul/2016:11:42:51 -0700] "GET /honeypot/BSidesDFW%20-%202014.ipynb HTTP/1.1" 200 930836 "-" "Mozilla/5.0 (compatible; YandexBot/3.0; +http://yandex.com/bots)" 
207.46.13.131 - - [08/Jul/2016:11:46:29 -0700] "GET /self.logs/access.log.2016-04-29.gz HTTP/1.1" 200 7687 "-" "Mozilla/5.0 (compatible; bingbot/2.0; +http://www.bing.com/bingbot.htm)" 
162.210.196.100 - - [08/Jul/2016:11:46:44 -0700] "GET /robots.txt HTTP/1.0" 200 252 "-" "Mozilla/5.0 (compatible; MJ12bot/v1.4.5; http://www.majestic12.co.uk/bot.php?+)" 
162.210.196.100 - - [08/Jul/2016:11:46:46 -0700] "GET / HTTP/1.0" 200 33073 "-" "Mozilla/5.0 (compatible; MJ12bot/v1.4.5; http://www.majestic12.co.uk/bot.php?+)" 
68.180.228.157 - - [08/Jul/2016:11:47:41 -0700] "GET /self.logs/access.log.2016-06-02.gz HTTP/1.1" 200 11244 "-" "Mozilla/5.0 (compatible; Yahoo! Slurp; http://help.yahoo.com/help/us/ysearch/slurp)" 
109.49.169.33 - - [08/Jul/2016:11:54:15 -0700] "GET / HTTP/1.1" 200 9904 "http://www.mlsecproject.org/" "Mozilla/5.0 (Macintosh; Intel Mac OS X 10_11_1) AppleWebKit/537.36 (KHTML, like Gecko) Chrome/51.0.2704.103 Safari/537.36" 
109.49.169.33 - - [08/Jul/2016:11:54:16 -0700] "GET /twitter-icon.png HTTP/1.1" 200 27787 "http://www.secrepo.com/" "Mozilla/5.0 (Macintosh; Intel Mac OS X 10_11_1) AppleWebKit/537.36 (KHTML, like Gecko) Chrome/51.0.2704.103 Safari/537.36" 
109.49.169.33 - - [08/Jul/2016:11:54:16 -0700] "GET /GitHub-Mark.png HTTP/1.1" 200 7428 "http://www.secrepo.com/" "Mozilla/5.0 (Macintosh; Intel Mac OS X 10_11_1) AppleWebKit/537.36 (KHTML, like Gecko) Chrome/51.0.2704.103 Safari/537.36" 
207.46.13.80 - - [08/Jul/2016:12:04:59 -0700] "GET /self.logs/error.log.2015-10-20.gz HTTP/1.1" 200 791 "-" "Mozilla/5.0 (compatible; bingbot/2.0; +http://www.bing.com/bingbot.htm)" 
207.46.13.131 - - [08/Jul/2016:12:07:58 -0700] "GET /self.logs/access.log.2016-04-27.gz HTTP/1.1" 200 9949 "-" "Mozilla/5.0 (compatible; bingbot/2.0; +http://www.bing.com/bingbot.htm)" 
207.46.13.131 - - [08/Jul/2016:12:09:23 -0700] "GET /self.logs/access.log.2016-05-04.gz HTTP/1.1" 200 17061 "-" "Mozilla/5.0 (compatible; bingbot/2.0; +http://www.bing.com/bingbot.htm)" 
207.46.13.131 - - [08/Jul/2016:12:09:23 -0700] "GET /robots.txt HTTP/1.1" 200 289 "-" "Mozilla/5.0 (compatible; bingbot/2.0; +http://www.bing.com/bingbot.htm)" 
173.66.191.68 - - [08/Jul/2016:12:12:08 -0700] "GET / HTTP/1.1" 200 9904 "https://www.google.com" "Mozilla/5.0 (Windows NT 10.0; WOW64; rv:47.0) Gecko/20100101 Firefox/47.0" 
173.66.191.68 - - [08/Jul/2016:12:12:08 -0700] "GET /bootstrap/img/favicon.ico HTTP/1.1" 200 589 "-" "Mozilla/5.0 (Windows NT 10.0; WOW64; rv:47.0) Gecko/20100101 Firefox/47.0" 
173.66.191.68 - - [08/Jul/2016:12:12:16 -0700] "GET /twitter-icon.png HTTP/1.1" 200 27788 "http://www.secrepo.com/" "Mozilla/5.0 (Windows NT 10.0; WOW64; rv:47.0) Gecko/20100101 Firefox/47.0" 
173.66.191.68 - - [08/Jul/2016:12:12:16 -0700] "GET /GitHub-Mark.png HTTP/1.1" 200 7428 "http://www.secrepo.com/" "Mozilla/5.0 (Windows NT 10.0; WOW64; rv:47.0) Gecko/20100101 Firefox/47.0" 
180.153.185.85 - - [08/Jul/2016:12:12:19 -0700] "GET / HTTP/1.1" 200 9904 "http://www.secrepo.com/" "Mozilla/5.0 (compatible; MSIE 9.0; Windows NT 6.1; Trident/5.0); 360Spider" 
207.46.13.16 - - [08/Jul/2016:12:20:34 -0700] "GET /self.logs/access.log.2016-05-13.gz HTTP/1.1" 200 13570 "-" "Mozilla/5.0 (compatible; bingbot/2.0; +http://www.bing.com/bingbot.htm)" 
8.28.16.254 - - [08/Jul/2016:12:28:53 -0700] "GET / HTTP/1.1" 200 33084 "-" "Mozilla/5.0 (Windows NT 6.1; WOW64) AppleWebKit/537.36 (KHTML, like Gecko) Chrome/51.0.2704.103 Safari/537.36" 
167.24.104.150 - - [08/Jul/2016:12:28:53 -0700] "GET / HTTP/1.1" 200 9904 "http://www.mlsecproject.org/" "Mozilla/5.0 (Windows NT 6.1; WOW64) AppleWebKit/537.36 (KHTML, like Gecko) Chrome/51.0.2704.103 Safari/537.36" 
167.24.104.150 - - [08/Jul/2016:12:28:54 -0700] "GET /twitter-icon.png HTTP/1.1" 200 27787 "http://www.secrepo.com/" "Mozilla/5.0 (Windows NT 6.1; WOW64) AppleWebKit/537.36 (KHTML, like Gecko) Chrome/51.0.2704.103 Safari/537.36" 
167.24.104.150 - - [08/Jul/2016:12:28:54 -0700] "GET /GitHub-Mark.png HTTP/1.1" 200 7428 "http://www.secrepo.com/" "Mozilla/5.0 (Windows NT 6.1; WOW64) AppleWebKit/537.36 (KHTML, like Gecko) Chrome/51.0.2704.103 Safari/537.36" 
167.24.104.150 - - [08/Jul/2016:12:28:54 -0700] "GET /bootstrap/img/favicon.ico HTTP/1.1" 200 590 "http://www.secrepo.com/" "Mozilla/5.0 (Windows NT 6.1; WOW64) AppleWebKit/537.36 (KHTML, like Gecko) Chrome/51.0.2704.103 Safari/537.36" 
117.190.191.170 - - [08/Jul/2016:12:36:11 -0700] "GET /tg/a.zip HTTP/1.1" 304 132 "-" "Mozilla/5.0 Gecko/20100115 Firefox/3.6" 
207.46.13.80 - - [08/Jul/2016:12:36:16 -0700] "GET /self.logs/error.log.2016-04-13.gz HTTP/1.1" 200 577 "-" "Mozilla/5.0 (compatible; bingbot/2.0; +http://www.bing.com/bingbot.htm)" 
77.75.77.17 - - [08/Jul/2016:12:49:10 -0700] "GET /robots.txt HTTP/1.1" 200 334 "-" "Mozilla/5.0 (compatible; SeznamBot/3.2; +http://napoveda.seznam.cz/en/seznambot-intro/)" 
77.75.77.17 - - [08/Jul/2016:12:49:15 -0700] "GET /self.logs/access.log.2015-10-07.gz HTTP/1.1" 200 7037 "-" "Mozilla/5.0 (compatible; SeznamBot/3.2; +http://napoveda.seznam.cz/en/seznambot-intro/)" 
75.165.67.89 - - [08/Jul/2016:12:52:35 -0700] "GET / HTTP/1.1" 200 9904 "http://www.mlsecproject.org/" "Mozilla/5.0 (X11; Linux x86_64) AppleWebKit/537.36 (KHTML, like Gecko) Chrome/51.0.2704.106 Safari/537.36" 
75.165.67.89 - - [08/Jul/2016:12:52:37 -0700] "GET /GitHub-Mark.png HTTP/1.1" 200 7428 "http://www.secrepo.com/" "Mozilla/5.0 (X11; Linux x86_64) AppleWebKit/537.36 (KHTML, like Gecko) Chrome/51.0.2704.106 Safari/537.36" 
75.165.67.89 - - [08/Jul/2016:12:52:37 -0700] "GET /twitter-icon.png HTTP/1.1" 200 27787 "http://www.secrepo.com/" "Mozilla/5.0 (X11; Linux x86_64) AppleWebKit/537.36 (KHTML, like Gecko) Chrome/51.0.2704.106 Safari/537.36" 
75.165.67.89 - - [08/Jul/2016:12:52:39 -0700] "GET /bootstrap/img/favicon.ico HTTP/1.1" 200 589 "http://www.secrepo.com/" "Mozilla/5.0 (X11; Linux x86_64) AppleWebKit/537.36 (KHTML, like Gecko) Chrome/51.0.2704.106 Safari/537.36" 
111.7.128.40 - - [08/Jul/2016:13:22:36 -0700] "GET /tg/a.zip HTTP/1.1" 304 132 "-" "Mozilla/5.0 Gecko/20100115 Firefox/3.6" 
5.64.214.168 - - [08/Jul/2016:13:29:03 -0700] "GET / HTTP/1.1" 200 9904 "-" "Mozilla/5.0 (Macintosh; Intel Mac OS X 10_8_5) AppleWebKit/600.8.9 (KHTML, like Gecko) Version/6.2.8 Safari/537.85.17" 
5.64.214.168 - - [08/Jul/2016:13:29:04 -0700] "GET /twitter-icon.png HTTP/1.1" 200 27787 "http://www.secrepo.com/" "Mozilla/5.0 (Macintosh; Intel Mac OS X 10_8_5) AppleWebKit/600.8.9 (KHTML, like Gecko) Version/6.2.8 Safari/537.85.17" 
5.64.214.168 - - [08/Jul/2016:13:29:05 -0700] "GET /GitHub-Mark.png HTTP/1.1" 200 7428 "http://www.secrepo.com/" "Mozilla/5.0 (Macintosh; Intel Mac OS X 10_8_5) AppleWebKit/600.8.9 (KHTML, like Gecko) Version/6.2.8 Safari/537.85.17" 
5.64.214.168 - - [08/Jul/2016:13:29:08 -0700] "GET /bootstrap/img/favicon.ico HTTP/1.1" 200 590 "http://www.secrepo.com/" "Mozilla/5.0 (Macintosh; Intel Mac OS X 10_8_5) AppleWebKit/600.8.9 (KHTML, like Gecko) Version/6.2.8 Safari/537.85.17" 
207.46.13.192 - - [08/Jul/2016:13:30:36 -0700] "GET /self.logs/access.log.2016-05-07.gz HTTP/1.1" 200 8271 "-" "Mozilla/5.0 (compatible; bingbot/2.0; +http://www.bing.com/bingbot.htm)" 
111.13.102.133 - - [08/Jul/2016:13:35:51 -0700] "GET /robots.txt HTTP/1.1" 200 297 "-" "Mozilla/5.0 (Windows NT 10.0; WOW64) AppleWebKit/537.36 (KHTML, like Gecko) Chrome/45.0.2454.93 Safari/537.36" 
123.125.71.24 - - [08/Jul/2016:13:36:54 -0700] "GET /honeypot/BSidesDFW%20-%202014.ipynb HTTP/1.1" 200 930799 "-" "Mozilla/5.0 (compatible; Baiduspider/2.0; +http://www.baidu.com/search/spider.html)" 
207.46.13.80 - - [08/Jul/2016:13:46:47 -0700] "GET /self.logs/access.log.2015-05-05.gz HTTP/1.1" 200 4443 "-" "Mozilla/5.0 (compatible; bingbot/2.0; +http://www.bing.com/bingbot.htm)" 
46.229.164.100 - - [08/Jul/2016:13:49:18 -0700] "GET /robots.txt HTTP/1.1" 301 465 "-" "Mozilla/5.0 (compatible; SemrushBot/1.1~bl; +http://www.semrush.com/bot.html)" 
46.229.164.100 - - [08/Jul/2016:13:49:18 -0700] "GET /robots.txt HTTP/1.1" 200 297 "-" "Mozilla/5.0 (compatible; SemrushBot/1.1~bl; +http://www.semrush.com/bot.html)" 
66.249.66.151 - - [08/Jul/2016:13:53:37 -0700] "GET /robots.txt HTTP/1.1" 200 334 "-" "Mozilla/5.0 (compatible; Googlebot/2.1; +http://www.google.com/bot.html)" 
66.249.66.155 - - [08/Jul/2016:13:53:37 -0700] "GET / HTTP/1.1" 200 9904 "-" "DoCoMo/2.0 N905i(c100;TB;W24H16) (compatible; Googlebot-Mobile/2.1; +http://www.google.com/bot.html)" 
207.46.13.80 - - [08/Jul/2016:14:06:11 -0700] "GET /self.logs/access.log.2016-05-01.gz HTTP/1.1" 200 10072 "-" "Mozilla/5.0 (compatible; bingbot/2.0; +http://www.bing.com/bingbot.htm)" 
104.194.117.2 - - [08/Jul/2016:14:14:51 -0700] "GET / HTTP/1.1" 200 9904 "-" "Mozilla/5.0 (Macintosh; Intel Mac OS X 10_11_5) AppleWebKit/537.36 (KHTML, like Gecko) Chrome/51.0.2704.103 Safari/537.36" 
104.194.117.2 - - [08/Jul/2016:14:14:51 -0700] "GET /twitter-icon.png HTTP/1.1" 200 27787 "http://www.secrepo.com/" "Mozilla/5.0 (Macintosh; Intel Mac OS X 10_11_5) AppleWebKit/537.36 (KHTML, like Gecko) Chrome/51.0.2704.103 Safari/537.36" 
104.194.117.2 - - [08/Jul/2016:14:14:51 -0700] "GET /GitHub-Mark.png HTTP/1.1" 200 7428 "http://www.secrepo.com/" "Mozilla/5.0 (Macintosh; Intel Mac OS X 10_11_5) AppleWebKit/537.36 (KHTML, like Gecko) Chrome/51.0.2704.103 Safari/537.36" 
38.100.21.62 - - [08/Jul/2016:14:16:45 -0700] "GET / HTTP/1.1" 200 33084 "-" "Mozilla/4.0 (compatible; MSIE 7.0; Windows NT 5.2)" 
38.100.21.62 - - [08/Jul/2016:14:16:45 -0700] "GET /honeypot/BSidesDFW-2014.ipynb HTTP/1.1" 404 295 "-" "Mozilla/4.0 (compatible; MSIE 7.0; Windows NT 5.2)" 
38.100.21.62 - - [08/Jul/2016:14:16:45 -0700] "GET /data HTTP/1.1" 404 295 "-" "Mozilla/4.0 (compatible; MSIE 7.0; Windows NT 5.2)" 
38.100.21.62 - - [08/Jul/2016:14:16:45 -0700] "GET /tg/tg_snort_fast.7z HTTP/1.1" 200 332069 "-" "Mozilla/4.0 (compatible; MSIE 7.0; Windows NT 5.2)" 
38.100.21.62 - - [08/Jul/2016:14:16:45 -0700] "GET /self.logs/ HTTP/1.1" 200 103162 "-" "Mozilla/4.0 (compatible; MSIE 7.0; Windows NT 5.2)" 
38.100.21.62 - - [08/Jul/2016:14:16:53 -0700] "GET /self.logs/error.log.2016-01-22 HTTP/1.1" 200 289 "-" "Mozilla/4.0 (compatible; MSIE 7.0; Windows NT 5.2)" 
38.100.21.62 - - [08/Jul/2016:14:16:45 -0700] "GET /tg/tg_snort_full.7z HTTP/1.1" 200 284280 "-" "Mozilla/4.0 (compatible; MSIE 7.0; Windows NT 5.2)" 
38.100.21.62 - - [08/Jul/2016:14:16:45 -0700] "GET /maccdc2012/maccdc2012_fast_alert.7z HTTP/1.1" 200 303600 "-" "Mozilla/4.0 (compatible; MSIE 7.0; Windows NT 5.2)" 
38.100.21.62 - - [08/Jul/2016:14:16:53 -0700] "GET /maccdc2012/maccdc2012_full_alert.7z HTTP/1.1" 200 307740 "-" "Mozilla/4.0 (compatible; MSIE 7.0; Windows NT 5.2)" 
162.210.196.130 - - [08/Jul/2016:14:19:11 -0700] "GET /robots.txt HTTP/1.0" 200 252 "-" "Mozilla/5.0 (compatible; MJ12bot/v1.4.5; http://www.majestic12.co.uk/bot.php?+)" 
162.210.196.130 - - [08/Jul/2016:14:19:12 -0700] "GET /robots.txt HTTP/1.0" 200 252 "-" "Mozilla/5.0 (compatible; MJ12bot/v1.4.5; http://www.majestic12.co.uk/bot.php?+)" 
162.210.196.130 - - [08/Jul/2016:14:19:14 -0700] "GET /self.logs/?C=D;O=A HTTP/1.0" 200 11170 "-" "Mozilla/5.0 (compatible; MJ12bot/v1.4.5; http://www.majestic12.co.uk/bot.php?+)" 
162.210.196.130 - - [08/Jul/2016:14:19:15 -0700] "GET /self.logs/?C=D;O=D HTTP/1.0" 200 11182 "-" "Mozilla/5.0 (compatible; MJ12bot/v1.4.5; http://www.majestic12.co.uk/bot.php?+)" 
207.46.13.105 - - [08/Jul/2016:14:20:33 -0700] "GET / HTTP/1.1" 301 483 "-" "Mozilla/5.0 (compatible; bingbot/2.0; +http://www.bing.com/bingbot.htm)" 
70.106.238.80 - - [08/Jul/2016:14:25:49 -0700] "GET / HTTP/1.1" 200 9904 "http://www.securitypulse.tech/documentation.html" "Mozilla/5.0 (Macintosh; Intel Mac OS X 10_11_5) AppleWebKit/537.36 (KHTML, like Gecko) Chrome/51.0.2704.103 Safari/537.36" 
70.106.238.80 - - [08/Jul/2016:14:25:49 -0700] "GET /twitter-icon.png HTTP/1.1" 200 27787 "http://www.secrepo.com/" "Mozilla/5.0 (Macintosh; Intel Mac OS X 10_11_5) AppleWebKit/537.36 (KHTML, like Gecko) Chrome/51.0.2704.103 Safari/537.36" 
70.106.238.80 - - [08/Jul/2016:14:25:49 -0700] "GET /GitHub-Mark.png HTTP/1.1" 200 7428 "http://www.secrepo.com/" "Mozilla/5.0 (Macintosh; Intel Mac OS X 10_11_5) AppleWebKit/537.36 (KHTML, like Gecko) Chrome/51.0.2704.103 Safari/537.36" 
70.106.238.80 - - [08/Jul/2016:14:25:49 -0700] "GET /bootstrap/img/favicon.ico HTTP/1.1" 200 589 "http://www.secrepo.com/" "Mozilla/5.0 (Macintosh; Intel Mac OS X 10_11_5) AppleWebKit/537.36 (KHTML, like Gecko) Chrome/51.0.2704.103 Safari/537.36" 
91.200.12.136 - - [08/Jul/2016:14:26:26 -0700] "GET /honeypot/BSidesDFW%20-%202014.ipynb HTTP/1.0" 200 667220 "http://www.secrepo.com/honeypot/BSidesDFW%20-%202014.ipynb" "Mozilla/5.0 (Windows NT 6.1; WOW64) AppleWebKit/537.36 (KHTML, like Gecko) Chrome/46.0.2490.86 YaBrowser/15.12.1.6475 Safari/537.36" 
207.46.13.105 - - [08/Jul/2016:14:26:44 -0700] "GET / HTTP/1.1" 200 9904 "-" "Mozilla/5.0 (compatible; bingbot/2.0; +http://www.bing.com/bingbot.htm)" 
116.19.191.192 - - [08/Jul/2016:14:32:00 -0700] "GET /honeypot/BSidesDFW%20-%202014.ipynb HTTP/1.1" 200 514080 "http://www.secrepo.com/" "Mozilla/5.0 (Windows NT 6.1; WOW64; rv:35.0) Gecko/20100101 Firefox/35.0" 
91.200.12.136 - - [08/Jul/2016:14:43:01 -0700] "GET /honeypot/BSidesDFW%20-%202014.ipynb HTTP/1.0" 200 489100 "http://www.secrepo.com/honeypot/BSidesDFW%20-%202014.ipynb" "Mozilla/5.0 (Windows NT 6.3; WOW64) AppleWebKit/537.36 (KHTML, like Gecko) Chrome/48.0.2564.97 Safari/537.36" 
180.76.15.147 - - [08/Jul/2016:14:50:35 -0700] "GET /self.logs/error.log.2016-01-22 HTTP/1.1" 200 297 "-" "Mozilla/5.0 (compatible; Baiduspider/2.0; +http://www.baidu.com/search/spider.html)" 
207.46.13.80 - - [08/Jul/2016:15:30:25 -0700] "GET /self.logs/access.log.2015-06-09.gz HTTP/1.1" 200 8212 "-" "Mozilla/5.0 (compatible; bingbot/2.0; +http://www.bing.com/bingbot.htm)" 
117.190.191.170 - - [08/Jul/2016:15:36:10 -0700] "GET /tg/a.zip HTTP/1.1" 304 132 "-" "Mozilla/5.0 Gecko/20100115 Firefox/3.6" 
120.141.23.58 - - [08/Jul/2016:15:41:57 -0700] "GET / HTTP/1.1" 200 9904 "-" "Mozilla/5.0 (Windows NT 6.1; WOW64) AppleWebKit/537.36 (KHTML, like Gecko) Chrome/51.0.2704.103 Safari/537.36" 
120.141.23.58 - - [08/Jul/2016:15:42:08 -0700] "GET /twitter-icon.png HTTP/1.1" 200 27788 "http://www.secrepo.com/" "Mozilla/5.0 (Windows NT 6.1; WOW64) AppleWebKit/537.36 (KHTML, like Gecko) Chrome/51.0.2704.103 Safari/537.36" 
120.141.23.58 - - [08/Jul/2016:15:42:08 -0700] "GET /GitHub-Mark.png HTTP/1.1" 200 7428 "http://www.secrepo.com/" "Mozilla/5.0 (Windows NT 6.1; WOW64) AppleWebKit/537.36 (KHTML, like Gecko) Chrome/51.0.2704.103 Safari/537.36" 
207.46.13.192 - - [08/Jul/2016:15:47:37 -0700] "GET /self.logs/access.log.2015-07-19.gz HTTP/1.1" 200 4263 "-" "Mozilla/5.0 (compatible; bingbot/2.0; +http://www.bing.com/bingbot.htm)" 
201.76.168.36 - - [08/Jul/2016:15:54:17 -0700] "GET / HTTP/1.1" 200 9904 "http://www.mlsecproject.org/" "Mozilla/5.0 (Windows NT 6.1) AppleWebKit/537.36 (KHTML, like Gecko) Chrome/51.0.2704.103 Safari/537.36" 
201.76.168.36 - - [08/Jul/2016:15:54:17 -0700] "GET /twitter-icon.png HTTP/1.1" 200 27787 "http://www.secrepo.com/" "Mozilla/5.0 (Windows NT 6.1) AppleWebKit/537.36 (KHTML, like Gecko) Chrome/51.0.2704.103 Safari/537.36" 
201.76.168.36 - - [08/Jul/2016:15:54:17 -0700] "GET /GitHub-Mark.png HTTP/1.1" 200 7428 "http://www.secrepo.com/" "Mozilla/5.0 (Windows NT 6.1) AppleWebKit/537.36 (KHTML, like Gecko) Chrome/51.0.2704.103 Safari/537.36" 
201.76.168.36 - - [08/Jul/2016:15:54:19 -0700] "GET /bootstrap/img/favicon.ico HTTP/1.1" 200 589 "http://www.secrepo.com/" "Mozilla/5.0 (Windows NT 6.1) AppleWebKit/537.36 (KHTML, like Gecko) Chrome/51.0.2704.103 Safari/537.36" 
46.119.117.55 - - [08/Jul/2016:15:54:27 -0700] "GET /honeypot/ HTTP/1.1" 200 1077 "http://gastronom.com.ua/" "Mozilla/4.0 (compatible; MSIE 5.0; Windows 95) Opera 6.01  [en]" 
144.76.12.75 - - [08/Jul/2016:15:55:48 -0700] "GET /robots.txt HTTP/1.0" 301 481 "-" "Mozilla/5.0 (compatible; MJ12bot/v1.4.5; http://www.majestic12.co.uk/bot.php?+)" 
144.76.12.75 - - [08/Jul/2016:15:55:48 -0700] "GET /robots.txt HTTP/1.0" 200 252 "-" "Mozilla/5.0 (compatible; MJ12bot/v1.4.5; http://www.majestic12.co.uk/bot.php?+)" 
144.76.12.75 - - [08/Jul/2016:15:55:50 -0700] "GET / HTTP/1.0" 301 461 "-" "Mozilla/5.0 (compatible; MJ12bot/v1.4.5; http://www.majestic12.co.uk/bot.php?+)" 
144.76.12.75 - - [08/Jul/2016:15:55:51 -0700] "GET /robots.txt HTTP/1.0" 200 252 "-" "Mozilla/5.0 (compatible; MJ12bot/v1.4.5; http://www.majestic12.co.uk/bot.php?+)" 
144.76.12.75 - - [08/Jul/2016:15:55:53 -0700] "GET / HTTP/1.0" 200 33073 "-" "Mozilla/5.0 (compatible; MJ12bot/v1.4.5; http://www.majestic12.co.uk/bot.php?+)" 
178.137.89.208 - - [08/Jul/2016:16:01:11 -0700] "GET /honeypot/ HTTP/1.1" 418 676 "http://abiente.ru/" "Mozilla/4.0 (compatible; MSIE 6.0; Windows NT 5.1; SV1)" 
178.137.89.208 - - [08/Jul/2016:16:01:12 -0700] "GET /honeypot/ HTTP/1.1" 418 676 "http://abiente.ru/" "Mozilla/4.0 (compatible; MSIE 6.0; Windows NT 5.1; SV1)" 
41.13.108.220 - - [08/Jul/2016:16:03:37 -0700] "GET / HTTP/1.1" 200 9904 "https://www.google.com" "Mozilla/5.0 (Windows NT 10.0; WOW64; rv:47.0) Gecko/20100101 Firefox/47.0" 
41.13.108.220 - - [08/Jul/2016:16:03:38 -0700] "GET /bootstrap/img/favicon.ico HTTP/1.1" 200 589 "-" "Mozilla/5.0 (Windows NT 10.0; WOW64; rv:47.0) Gecko/20100101 Firefox/47.0" 
41.13.108.220 - - [08/Jul/2016:16:03:38 -0700] "GET /GitHub-Mark.png HTTP/1.1" 200 7427 "http://www.secrepo.com/" "Mozilla/5.0 (Windows NT 10.0; WOW64; rv:47.0) Gecko/20100101 Firefox/47.0" 
41.13.108.220 - - [08/Jul/2016:16:03:39 -0700] "GET /twitter-icon.png HTTP/1.1" 200 27788 "http://www.secrepo.com/" "Mozilla/5.0 (Windows NT 10.0; WOW64; rv:47.0) Gecko/20100101 Firefox/47.0" 
77.75.76.162 - - [08/Jul/2016:16:13:04 -0700] "GET /robots.txt HTTP/1.1" 200 334 "-" "Mozilla/5.0 (compatible; SeznamBot/3.2; +http://napoveda.seznam.cz/en/seznambot-intro/)" 
77.75.76.162 - - [08/Jul/2016:16:13:05 -0700] "GET /self.logs/access.log.2016-01-10.gz HTTP/1.1" 200 7114 "-" "Mozilla/5.0 (compatible; SeznamBot/3.2; +http://napoveda.seznam.cz/en/seznambot-intro/)" 
66.249.66.155 - - [08/Jul/2016:16:15:45 -0700] "GET / HTTP/1.1" 200 9904 "-" "SAMSUNG-SGH-E250/1.0 Profile/MIDP-2.0 Configuration/CLDC-1.1 UP.Browser/6.2.3.3.c.1.101 (GUI) MMP/2.0 (compatible; Googlebot-Mobile/2.1; +http://www.google.com/bot.html)" 
111.7.128.40 - - [08/Jul/2016:16:22:37 -0700] "GET /tg/a.zip HTTP/1.1" 304 132 "-" "Mozilla/5.0 Gecko/20100115 Firefox/3.6" 
207.46.13.192 - - [08/Jul/2016:16:40:37 -0700] "GET /self.logs/access.log.2016-02-12.gz HTTP/1.1" 200 9269 "-" "Mozilla/5.0 (compatible; bingbot/2.0; +http://www.bing.com/bingbot.htm)" 
207.46.13.80 - - [08/Jul/2016:16:46:07 -0700] "GET /self.logs/error.log.2015-11-10.gz HTTP/1.1" 200 628 "-" "Mozilla/5.0 (compatible; bingbot/2.0; +http://www.bing.com/bingbot.htm)" 
68.180.228.157 - - [08/Jul/2016:16:53:21 -0700] "GET /maccdc2012/tunnel.log.gz HTTP/1.1" 200 5173 "-" "Mozilla/5.0 (compatible; Yahoo! Slurp; http://help.yahoo.com/help/us/ysearch/slurp)" 
5.255.250.93 - - [08/Jul/2016:17:02:29 -0700] "GET / HTTP/1.1" 200 9904 "-" "Mozilla/5.0 (compatible; YandexBot/3.0; +http://yandex.com/bots)" 
68.180.228.157 - - [08/Jul/2016:17:53:04 -0700] "GET /Security-Data-Analysis/Lab_1/conn.log.zip HTTP/1.1" 200 549098472 "-" "Mozilla/5.0 (compatible; Yahoo! Slurp; http://help.yahoo.com/help/us/ysearch/slurp)" 
98.231.230.118 - - [08/Jul/2016:18:07:18 -0700] "GET /bootstrap/img/favicon.ico HTTP/1.1" 200 590 "-" "Mozilla/5.0 (Windows NT 6.1; WOW64; rv:47.0) Gecko/20100101 Firefox/47.0" 
220.181.108.142 - - [08/Jul/2016:18:13:08 -0700] "GET /honeypot/Honeypot%20-%20Howto%20-%20BSides%20Austin.pdf HTTP/1.1" 200 2928423 "-" "Mozilla/5.0 (compatible; Baiduspider/2.0; +http://www.baidu.com/search/spider.html)" 
180.76.15.33 - - [08/Jul/2016:18:14:15 -0700] "GET / HTTP/1.1" 304 152 "-" "Mozilla/5.0 (compatible; Baiduspider/2.0; +http://www.baidu.com/search/spider.html)" 
207.46.13.131 - - [08/Jul/2016:18:14:23 -0700] "GET /self.logs/access.log.2016-05-10.gz HTTP/1.1" 200 11290 "-" "Mozilla/5.0 (compatible; bingbot/2.0; +http://www.bing.com/bingbot.htm)" 
