157.55.39.243 - - [09/Dec/2015:01:38:41 -0800] "GET /self.logs/error.log.2015-08-09.gz HTTP/1.1" 200 838 "-" "Mozilla/5.0 (compatible; bingbot/2.0; +http://www.bing.com/bingbot.htm)" 
144.76.7.107 - - [09/Dec/2015:01:39:23 -0800] "GET /robots.txt HTTP/1.0" 200 252 "-" "Mozilla/5.0 (compatible; MJ12bot/v1.4.5; http://www.majestic12.co.uk/bot.php?+)" 
144.76.7.107 - - [09/Dec/2015:01:39:25 -0800] "GET /self.logs/?C=D;O=A HTTP/1.0" 200 62424 "-" "Mozilla/5.0 (compatible; MJ12bot/v1.4.5; http://www.majestic12.co.uk/bot.php?+)" 
144.76.7.107 - - [09/Dec/2015:01:39:26 -0800] "GET /self.logs/?C=M;O=A HTTP/1.0" 200 7109 "-" "Mozilla/5.0 (compatible; MJ12bot/v1.4.5; http://www.majestic12.co.uk/bot.php?+)" 
144.76.7.107 - - [09/Dec/2015:01:39:28 -0800] "GET /self.logs/?C=N;O=D HTTP/1.0" 200 6936 "-" "Mozilla/5.0 (compatible; MJ12bot/v1.4.5; http://www.majestic12.co.uk/bot.php?+)" 
98.231.209.46 - - [09/Dec/2015:01:45:57 -0800] "GET / HTTP/1.0" 200 8243 "-" "Mozilla/5.0 (Windows NT 6.1) AppleWebKit/537.36 (KHTML, like Gecko) Chrome/41.0.2228.0 Safari/537.36" 
98.231.209.46 - - [09/Dec/2015:01:45:58 -0800] "GET /twitter-icon.png HTTP/1.0" 200 27787 "http://www.secrepo.com/" "Mozilla/5.0 (Windows NT 6.1) AppleWebKit/537.36 (KHTML, like Gecko) Chrome/41.0.2228.0 Safari/537.36" 
98.231.209.46 - - [09/Dec/2015:01:45:58 -0800] "GET /GitHub-Mark.png HTTP/1.0" 200 7428 "http://www.secrepo.com/" "Mozilla/5.0 (Windows NT 6.1) AppleWebKit/537.36 (KHTML, like Gecko) Chrome/41.0.2228.0 Safari/537.36" 
98.231.209.46 - - [09/Dec/2015:01:45:58 -0800] "GET /bootstrap/img/favicon.ico HTTP/1.0" 200 589 "-" "Mozilla/5.0 (X11; Linux x86_64; rv:38.0) Gecko/20100101 Firefox/38.0 Iceweasel/38.4.0" 
188.165.15.205 - - [09/Dec/2015:02:19:56 -0800] "GET /self.logs/access.log.2015-07-30.gz HTTP/1.1" 200 4039 "-" "Mozilla/5.0 (compatible; AhrefsBot/5.0; +http://ahrefs.com/robot/)" 
117.6.95.182 - - [09/Dec/2015:02:20:34 -0800] "GET / HTTP/1.1" 200 8243 "-" "Mozilla/5.0 (Windows NT 6.1; WOW64; rv:40.0) Gecko/20100101 Firefox/40.0" 
117.6.95.182 - - [09/Dec/2015:02:20:35 -0800] "GET /bootstrap/img/favicon.ico HTTP/1.1" 200 590 "-" "Mozilla/5.0 (Windows NT 6.1; WOW64; rv:40.0) Gecko/20100101 Firefox/40.0" 
117.6.95.182 - - [09/Dec/2015:02:20:35 -0800] "GET /GitHub-Mark.png HTTP/1.1" 200 7427 "-" "Mozilla/5.0 (Windows NT 6.1; WOW64; rv:40.0) Gecko/20100101 Firefox/40.0" 
117.6.95.182 - - [09/Dec/2015:02:20:36 -0800] "GET /twitter-icon.png HTTP/1.1" 200 27788 "-" "Mozilla/5.0 (Windows NT 6.1; WOW64; rv:40.0) Gecko/20100101 Firefox/40.0" 
117.6.95.182 - - [09/Dec/2015:02:20:59 -0800] "GET /zeus/zeus_json.zip HTTP/1.1" 404 340 "-" "Mozilla/5.0 (Windows NT 6.1; WOW64; rv:40.0) Gecko/20100101 Firefox/40.0" 
117.6.95.182 - - [09/Dec/2015:02:20:59 -0800] "GET /favicon.ico HTTP/1.1" 200 267 "-" "Mozilla/5.0 (Windows NT 6.1; WOW64; rv:40.0) Gecko/20100101 Firefox/40.0" 
82.43.172.93 - - [09/Dec/2015:02:31:23 -0800] "GET / HTTP/1.1" 200 8243 "-" "Mozilla/5.0 (Macintosh; Intel Mac OS X 10_11_1) AppleWebKit/537.36 (KHTML, like Gecko) Chrome/47.0.2526.80 Safari/537.36" 
82.43.172.93 - - [09/Dec/2015:02:31:23 -0800] "GET /twitter-icon.png HTTP/1.1" 200 27787 "http://www.secrepo.com/" "Mozilla/5.0 (Macintosh; Intel Mac OS X 10_11_1) AppleWebKit/537.36 (KHTML, like Gecko) Chrome/47.0.2526.80 Safari/537.36" 
82.43.172.93 - - [09/Dec/2015:02:31:23 -0800] "GET /GitHub-Mark.png HTTP/1.1" 200 7427 "http://www.secrepo.com/" "Mozilla/5.0 (Macintosh; Intel Mac OS X 10_11_1) AppleWebKit/537.36 (KHTML, like Gecko) Chrome/47.0.2526.80 Safari/537.36" 
82.43.172.93 - - [09/Dec/2015:02:31:24 -0800] "GET /bootstrap/img/favicon.ico HTTP/1.1" 200 589 "http://www.secrepo.com/" "Mozilla/5.0 (Macintosh; Intel Mac OS X 10_11_1) AppleWebKit/537.36 (KHTML, like Gecko) Chrome/47.0.2526.80 Safari/537.36" 
188.165.15.205 - - [09/Dec/2015:02:36:47 -0800] "GET /self.logs/access.log.2015-10-25.gz HTTP/1.1" 200 4404 "-" "Mozilla/5.0 (compatible; AhrefsBot/5.0; +http://ahrefs.com/robot/)" 
199.16.156.126 - - [09/Dec/2015:02:47:42 -0800] "GET /robots.txt HTTP/1.1" 200 304 "-" "Twitterbot/1.0" 
199.16.156.126 - - [09/Dec/2015:02:47:42 -0800] "GET / HTTP/1.1" 200 8187 "-" "Twitterbot/1.0" 
17.142.159.143 - - [09/Dec/2015:02:47:42 -0800] "GET / HTTP/1.1" 301 483 "-" "Mozilla/5.0 (Macintosh; Intel Mac OS X 10_10_1) AppleWebKit/600.2.5 (KHTML, like Gecko) Version/8.0.2 Safari/600.2.5 (Applebot/0.1; +http://www.apple.com/go/applebot)" 
23.29.122.196 - - [09/Dec/2015:02:47:42 -0800] "HEAD / HTTP/1.1" 206 307 "-" "MetaURI API/2.0 +metauri.com" 
23.29.122.196 - - [09/Dec/2015:02:47:42 -0800] "GET / HTTP/1.1" 206 26966 "-" "MetaURI API/2.0 +metauri.com" 
17.142.159.143 - - [09/Dec/2015:02:47:42 -0800] "GET / HTTP/1.1" 200 8243 "-" "Mozilla/5.0 (Macintosh; Intel Mac OS X 10_10_1) AppleWebKit/600.2.5 (KHTML, like Gecko) Version/8.0.2 Safari/600.2.5 (Applebot/0.1; +http://www.apple.com/go/applebot)" 
17.142.159.143 - - [09/Dec/2015:02:47:42 -0800] "GET / HTTP/1.1" 200 8242 "-" "Mozilla/5.0 (Macintosh; Intel Mac OS X 10_10_1) AppleWebKit/600.2.5 (KHTML, like Gecko) Version/8.0.2 Safari/600.2.5 (Applebot/0.1; +http://www.apple.com/go/applebot)" 
17.142.159.143 - - [09/Dec/2015:02:47:42 -0800] "GET / HTTP/1.1" 301 482 "-" "Mozilla/5.0 (Macintosh; Intel Mac OS X 10_10_1) AppleWebKit/600.2.5 (KHTML, like Gecko) Version/8.0.2 Safari/600.2.5 (Applebot/0.1; +http://www.apple.com/go/applebot)" 
23.29.122.222 - - [09/Dec/2015:02:47:42 -0800] "HEAD / HTTP/1.1" 301 209 "-" "MetaURI API/2.0 +metauri.com" 
17.142.159.143 - - [09/Dec/2015:02:47:42 -0800] "GET / HTTP/1.1" 200 8242 "-" "Mozilla/5.0 (Macintosh; Intel Mac OS X 10_10_1) AppleWebKit/600.2.5 (KHTML, like Gecko) Version/8.0.2 Safari/600.2.5 (Applebot/0.1; +http://www.apple.com/go/applebot)" 
17.142.159.143 - - [09/Dec/2015:02:47:43 -0800] "GET / HTTP/1.1" 200 8242 "-" "Mozilla/5.0 (Macintosh; Intel Mac OS X 10_10_1) AppleWebKit/600.2.5 (KHTML, like Gecko) Version/8.0.2 Safari/600.2.5 (Applebot/0.1; +http://www.apple.com/go/applebot)" 
23.29.122.222 - - [09/Dec/2015:02:47:43 -0800] "HEAD / HTTP/1.1" 206 307 "-" "MetaURI API/2.0 +metauri.com" 
23.29.122.222 - - [09/Dec/2015:02:47:43 -0800] "GET / HTTP/1.1" 206 26966 "-" "MetaURI API/2.0 +metauri.com" 
54.151.42.39 - - [09/Dec/2015:02:47:43 -0800] "HEAD / HTTP/1.1" 301 246 "-" "Google-HTTP-Java-Client/1.17.0-rc (gzip)" 
50.18.94.121 - - [09/Dec/2015:02:47:43 -0800] "HEAD / HTTP/1.1" 200 295 "-" "Google-HTTP-Java-Client/1.17.0-rc (gzip)" 
144.76.14.11 - - [09/Dec/2015:02:47:45 -0800] "GET /robots.txt HTTP/1.1" 200 297 "-" "Mozilla/5.0 (X11; U; OpenBSD i386; en-US; rv:1.8.1.4) Gecko/20070704 Firefox/2.0.0.6" 
144.76.22.230 - - [09/Dec/2015:02:47:45 -0800] "GET /robots.txt HTTP/1.1" 301 465 "-" "Mozilla/5.0 (X11; U; Linux i686; fr-FR; rv:1.7.10) Gecko/20050925 Firefox/1.0.4 (Debian package 1.0.4-2sarge5)" 
144.76.14.11 - - [09/Dec/2015:02:47:45 -0800] "GET /robots.txt HTTP/1.1" 200 297 "-" "Mozilla/5.0 (X11; U; OpenBSD i386; en-US; rv:1.8.1.4) Gecko/20070704 Firefox/2.0.0.6" 
144.76.14.11 - - [09/Dec/2015:02:47:46 -0800] "GET / HTTP/1.1" 200 8206 "-" "Mozilla/5.0 (X11; U; OpenBSD i386; en-US; rv:1.8.1.4) Gecko/20070704 Firefox/2.0.0.6" 
144.76.22.230 - - [09/Dec/2015:02:47:46 -0800] "GET /robots.txt HTTP/1.1" 200 297 "http://secrepo.com/robots.txt" "Mozilla/5.0 (X11; U; Linux i686; fr-FR; rv:1.7.10) Gecko/20050925 Firefox/1.0.4 (Debian package 1.0.4-2sarge5)" 
144.76.22.230 - - [09/Dec/2015:02:47:46 -0800] "GET / HTTP/1.1" 301 446 "-" "Mozilla/5.0 (X11; U; Linux i686; fr-FR; rv:1.7.10) Gecko/20050925 Firefox/1.0.4 (Debian package 1.0.4-2sarge5)" 
144.76.22.230 - - [09/Dec/2015:02:47:46 -0800] "GET /robots.txt HTTP/1.1" 200 297 "-" "Mozilla/5.0 (X11; U; Linux i686; fr-FR; rv:1.7.10) Gecko/20050925 Firefox/1.0.4 (Debian package 1.0.4-2sarge5)" 
144.76.22.230 - - [09/Dec/2015:02:47:46 -0800] "GET / HTTP/1.1" 200 8206 "http://secrepo.com/" "Mozilla/5.0 (X11; U; Linux i686; fr-FR; rv:1.7.10) Gecko/20050925 Firefox/1.0.4 (Debian package 1.0.4-2sarge5)" 
185.20.4.201 - - [09/Dec/2015:02:47:57 -0800] "GET / HTTP/1.1" 301 442 "-" "Mozilla/5.0 (TweetmemeBot/4.0; +http://datasift.com/bot.html) Gecko/20100101 Firefox/31.0" 
185.20.4.201 - - [09/Dec/2015:02:47:58 -0800] "GET / HTTP/1.1" 206 26947 "-" "Mozilla/5.0 (TweetmemeBot/4.0; +http://datasift.com/bot.html) Gecko/20100101 Firefox/31.0" 
185.20.4.201 - - [09/Dec/2015:02:47:58 -0800] "GET / HTTP/1.1" 206 26947 "-" "Mozilla/5.0 (TweetmemeBot/4.0; +http://datasift.com/bot.html) Gecko/20100101 Firefox/31.0" 
74.112.131.246 - - [09/Dec/2015:02:48:08 -0800] "GET / HTTP/1.1" 301 483 "-" "Mozilla/5.0 ()" 
74.112.131.244 - - [09/Dec/2015:02:48:08 -0800] "GET / HTTP/1.1" 200 8243 "-" "Mozilla/5.0 ()" 
150.70.188.166 - - [09/Dec/2015:02:49:09 -0800] "GET / HTTP/1.1" 301 442 "-" "Mozilla/4.0 (compatible; MSIE 8.0; Windows NT 5.1; Trident/4.0)" 
150.70.188.166 - - [09/Dec/2015:02:49:09 -0800] "GET / HTTP/1.1" 200 26898 "-" "Mozilla/4.0 (compatible; MSIE 8.0; Windows NT 5.1; Trident/4.0)" 
150.70.188.181 - - [09/Dec/2015:02:49:23 -0800] "GET / HTTP/1.1" 200 26898 "-" "Mozilla/4.0 (compatible; MSIE 8.0; Windows NT 5.1; Trident/4.0)" 
150.70.173.41 - - [09/Dec/2015:02:49:47 -0800] "GET / HTTP/1.1" 301 442 "-" "Mozilla/4.0 (compatible; MSIE 8.0; Windows NT 5.1; Trident/4.0)" 
150.70.173.41 - - [09/Dec/2015:02:49:47 -0800] "GET / HTTP/1.1" 200 26898 "-" "Mozilla/4.0 (compatible; MSIE 8.0; Windows NT 5.1; Trident/4.0)" 
150.70.173.41 - - [09/Dec/2015:02:49:53 -0800] "GET / HTTP/1.1" 200 26898 "-" "Mozilla/4.0 (compatible; MSIE 8.0; Windows NT 5.1; Trident/4.0)" 
192.99.8.33 - - [09/Dec/2015:02:54:44 -0800] "HEAD / HTTP/1.1" 301 209 "-" "-" 
192.99.8.33 - - [09/Dec/2015:02:54:44 -0800] "HEAD / HTTP/1.1" 200 284 "-" "-" 
192.99.8.33 - - [09/Dec/2015:02:54:45 -0800] "HEAD / HTTP/1.1" 200 284 "-" "-" 
192.99.8.33 - - [09/Dec/2015:02:54:45 -0800] "HEAD / HTTP/1.1" 301 209 "-" "-" 
192.99.8.33 - - [09/Dec/2015:02:54:45 -0800] "HEAD / HTTP/1.1" 200 284 "-" "-" 
192.99.8.33 - - [09/Dec/2015:02:54:45 -0800] "HEAD / HTTP/1.1" 200 284 "-" "-" 
192.99.8.33 - - [09/Dec/2015:02:55:15 -0800] "HEAD / HTTP/1.1" 301 209 "-" "-" 
192.99.8.33 - - [09/Dec/2015:02:55:16 -0800] "HEAD / HTTP/1.1" 200 284 "-" "-" 
192.99.8.33 - - [09/Dec/2015:02:55:16 -0800] "HEAD / HTTP/1.1" 200 284 "-" "-" 
192.99.8.33 - - [09/Dec/2015:02:55:16 -0800] "HEAD / HTTP/1.1" 301 209 "-" "-" 
192.99.8.33 - - [09/Dec/2015:02:55:16 -0800] "HEAD / HTTP/1.1" 200 284 "-" "-" 
192.99.8.33 - - [09/Dec/2015:02:55:16 -0800] "HEAD / HTTP/1.1" 200 284 "-" "-" 
192.99.8.33 - - [09/Dec/2015:02:55:16 -0800] "GET / HTTP/1.1" 200 26898 "-" "XPLREngine (https://www.xplr.com/XPLREngine)" 
192.99.8.33 - - [09/Dec/2015:02:55:16 -0800] "GET / HTTP/1.1" 200 26943 "-" "-" 
23.253.108.218 - - [09/Dec/2015:03:06:10 -0800] "HEAD / HTTP/1.1" 301 190 "-" "Jakarta Commons-HttpClient/3.0.1" 
23.253.108.218 - - [09/Dec/2015:03:06:11 -0800] "HEAD / HTTP/1.1" 200 239 "-" "Jakarta Commons-HttpClient/3.0.1" 
192.99.8.33 - - [09/Dec/2015:03:08:21 -0800] "HEAD / HTTP/1.1" 301 209 "-" "-" 
192.99.8.33 - - [09/Dec/2015:03:08:21 -0800] "HEAD / HTTP/1.1" 200 284 "-" "-" 
192.99.8.33 - - [09/Dec/2015:03:08:22 -0800] "HEAD / HTTP/1.1" 200 284 "-" "-" 
192.99.8.33 - - [09/Dec/2015:03:08:22 -0800] "HEAD / HTTP/1.1" 301 209 "-" "-" 
192.99.8.33 - - [09/Dec/2015:03:08:22 -0800] "HEAD / HTTP/1.1" 200 284 "-" "-" 
192.99.8.33 - - [09/Dec/2015:03:08:22 -0800] "HEAD / HTTP/1.1" 200 284 "-" "-" 
192.99.8.33 - - [09/Dec/2015:03:09:04 -0800] "HEAD / HTTP/1.1" 301 209 "-" "-" 
192.99.8.33 - - [09/Dec/2015:03:09:04 -0800] "HEAD / HTTP/1.1" 200 284 "-" "-" 
192.99.8.33 - - [09/Dec/2015:03:09:04 -0800] "HEAD / HTTP/1.1" 200 284 "-" "-" 
192.99.8.33 - - [09/Dec/2015:03:09:05 -0800] "HEAD / HTTP/1.1" 301 209 "-" "-" 
192.99.8.33 - - [09/Dec/2015:03:09:05 -0800] "HEAD / HTTP/1.1" 200 284 "-" "-" 
192.99.8.33 - - [09/Dec/2015:03:09:05 -0800] "HEAD / HTTP/1.1" 200 284 "-" "-" 
192.99.8.33 - - [09/Dec/2015:03:17:53 -0800] "HEAD / HTTP/1.1" 301 209 "-" "-" 
192.99.8.33 - - [09/Dec/2015:03:17:53 -0800] "HEAD / HTTP/1.1" 200 284 "-" "-" 
192.99.8.33 - - [09/Dec/2015:03:17:53 -0800] "HEAD / HTTP/1.1" 200 284 "-" "-" 
192.99.8.33 - - [09/Dec/2015:03:17:53 -0800] "HEAD / HTTP/1.1" 301 209 "-" "-" 
192.99.8.33 - - [09/Dec/2015:03:17:53 -0800] "HEAD / HTTP/1.1" 200 284 "-" "-" 
192.99.8.33 - - [09/Dec/2015:03:17:53 -0800] "HEAD / HTTP/1.1" 200 284 "-" "-" 
192.99.8.33 - - [09/Dec/2015:03:19:59 -0800] "HEAD / HTTP/1.1" 301 209 "-" "-" 
192.99.8.33 - - [09/Dec/2015:03:19:59 -0800] "HEAD / HTTP/1.1" 200 284 "-" "-" 
192.99.8.33 - - [09/Dec/2015:03:19:59 -0800] "HEAD / HTTP/1.1" 200 284 "-" "-" 
192.99.8.33 - - [09/Dec/2015:03:19:59 -0800] "HEAD / HTTP/1.1" 301 209 "-" "-" 
192.99.8.33 - - [09/Dec/2015:03:19:59 -0800] "HEAD / HTTP/1.1" 200 284 "-" "-" 
192.99.8.33 - - [09/Dec/2015:03:19:59 -0800] "HEAD / HTTP/1.1" 200 284 "-" "-" 
192.99.8.33 - - [09/Dec/2015:03:29:45 -0800] "HEAD / HTTP/1.1" 301 209 "-" "-" 
192.99.8.33 - - [09/Dec/2015:03:29:45 -0800] "HEAD / HTTP/1.1" 200 284 "-" "-" 
192.99.8.33 - - [09/Dec/2015:03:29:46 -0800] "HEAD / HTTP/1.1" 200 284 "-" "-" 
192.99.8.33 - - [09/Dec/2015:03:29:46 -0800] "HEAD / HTTP/1.1" 301 209 "-" "-" 
192.99.8.33 - - [09/Dec/2015:03:29:46 -0800] "HEAD / HTTP/1.1" 200 284 "-" "-" 
192.99.8.33 - - [09/Dec/2015:03:29:46 -0800] "HEAD / HTTP/1.1" 200 284 "-" "-" 
192.99.8.33 - - [09/Dec/2015:03:32:20 -0800] "HEAD / HTTP/1.1" 301 209 "-" "-" 
192.99.8.33 - - [09/Dec/2015:03:32:20 -0800] "HEAD / HTTP/1.1" 200 284 "-" "-" 
192.99.8.33 - - [09/Dec/2015:03:32:20 -0800] "HEAD / HTTP/1.1" 200 284 "-" "-" 
192.99.8.33 - - [09/Dec/2015:03:32:20 -0800] "HEAD / HTTP/1.1" 301 209 "-" "-" 
192.99.8.33 - - [09/Dec/2015:03:32:20 -0800] "HEAD / HTTP/1.1" 200 284 "-" "-" 
192.99.8.33 - - [09/Dec/2015:03:32:20 -0800] "HEAD / HTTP/1.1" 200 284 "-" "-" 
40.77.167.53 - - [09/Dec/2015:03:41:35 -0800] "GET /self.logs/access.log.2015-08-24.gz HTTP/1.1" 200 22823 "-" "Mozilla/5.0 (compatible; bingbot/2.0; +http://www.bing.com/bingbot.htm)" 
188.165.15.205 - - [09/Dec/2015:03:44:35 -0800] "GET /self.logs/access.log.2015-08-22.gz HTTP/1.1" 200 4438 "-" "Mozilla/5.0 (compatible; AhrefsBot/5.0; +http://ahrefs.com/robot/)" 
123.125.71.71 - - [09/Dec/2015:03:45:31 -0800] "GET / HTTP/1.1" 304 152 "-" "Mozilla/5.0 (compatible; Baiduspider/2.0; +http://www.baidu.com/search/spider.html)" 
54.152.236.234 - - [09/Dec/2015:03:47:16 -0800] "GET / HTTP/1.1" 200 26898 "-" "Typhoeus - https://github.com/typhoeus/typhoeus" 
40.77.167.53 - - [09/Dec/2015:03:48:01 -0800] "GET /robots.txt HTTP/1.1" 200 289 "-" "Mozilla/5.0 (compatible; bingbot/2.0; +http://www.bing.com/bingbot.htm)" 
40.77.167.53 - - [09/Dec/2015:03:48:03 -0800] "GET /self.logs/access.log.2015-06-22.gz HTTP/1.1" 200 10670 "-" "Mozilla/5.0 (compatible; bingbot/2.0; +http://www.bing.com/bingbot.htm)" 
54.209.2.4 - - [09/Dec/2015:04:10:35 -0800] "GET / HTTP/1.1" 200 26898 "-" "Typhoeus - https://github.com/typhoeus/typhoeus" 
98.231.230.118 - - [09/Dec/2015:04:23:17 -0800] "GET /bootstrap/img/favicon.ico HTTP/1.1" 200 590 "-" "Mozilla/5.0 (Windows NT 6.1; WOW64; rv:42.0) Gecko/20100101 Firefox/42.0" 
208.115.113.94 - - [09/Dec/2015:04:27:37 -0800] "GET /robots.txt HTTP/1.1" 200 233 "-" "Mozilla/5.0 (compatible; DotBot/1.1; http://www.opensiteexplorer.org/dotbot, help@moz.com)" 
40.77.167.92 - - [09/Dec/2015:04:34:25 -0800] "GET /self.logs/error.log.2015-07-15.gz HTTP/1.1" 200 783 "-" "Mozilla/5.0 (compatible; bingbot/2.0; +http://www.bing.com/bingbot.htm)" 
91.244.183.5 - - [09/Dec/2015:04:43:11 -0800] "GET / HTTP/1.1" 200 26954 "https://www.google.ru/" "Mozilla/5.0 (Windows NT 6.1; WOW64) AppleWebKit/537.36 (KHTML, like Gecko) Chrome/46.0.2490.86 Safari/537.36" 
91.244.183.5 - - [09/Dec/2015:04:43:12 -0800] "GET /twitter-icon.png HTTP/1.1" 200 27787 "http://www.secrepo.com/" "Mozilla/5.0 (Windows NT 6.1; WOW64) AppleWebKit/537.36 (KHTML, like Gecko) Chrome/46.0.2490.86 Safari/537.36" 
91.244.183.5 - - [09/Dec/2015:04:43:12 -0800] "GET /GitHub-Mark.png HTTP/1.1" 200 7428 "http://www.secrepo.com/" "Mozilla/5.0 (Windows NT 6.1; WOW64) AppleWebKit/537.36 (KHTML, like Gecko) Chrome/46.0.2490.86 Safari/537.36" 
91.244.183.5 - - [09/Dec/2015:04:43:12 -0800] "GET /bootstrap/img/favicon.ico HTTP/1.1" 200 589 "http://www.secrepo.com/" "Mozilla/5.0 (Windows NT 6.1; WOW64) AppleWebKit/537.36 (KHTML, like Gecko) Chrome/46.0.2490.86 Safari/537.36" 
188.193.65.85 - - [09/Dec/2015:04:54:51 -0800] "GET / HTTP/1.1" 200 8243 "-" "Mozilla/5.0 (Macintosh; Intel Mac OS X 10_11_2) AppleWebKit/601.3.9 (KHTML, like Gecko) Version/9.0.2 Safari/601.3.9" 
188.193.65.85 - - [09/Dec/2015:04:54:51 -0800] "GET /twitter-icon.png HTTP/1.1" 200 27787 "http://www.secrepo.com/" "Mozilla/5.0 (Macintosh; Intel Mac OS X 10_11_2) AppleWebKit/601.3.9 (KHTML, like Gecko) Version/9.0.2 Safari/601.3.9" 
188.193.65.85 - - [09/Dec/2015:04:54:51 -0800] "GET /GitHub-Mark.png HTTP/1.1" 200 7428 "http://www.secrepo.com/" "Mozilla/5.0 (Macintosh; Intel Mac OS X 10_11_2) AppleWebKit/601.3.9 (KHTML, like Gecko) Version/9.0.2 Safari/601.3.9" 
188.193.65.85 - - [09/Dec/2015:04:54:52 -0800] "GET /bootstrap/img/favicon.ico HTTP/1.1" 200 590 "http://www.secrepo.com/" "Mozilla/5.0 (Macintosh; Intel Mac OS X 10_11_2) AppleWebKit/601.3.9 (KHTML, like Gecko) Version/9.0.2 Safari/601.3.9" 
188.165.15.205 - - [09/Dec/2015:05:00:38 -0800] "GET /self.logs/error.log.2015-06-29.gz HTTP/1.1" 200 935 "-" "Mozilla/5.0 (compatible; AhrefsBot/5.0; +http://ahrefs.com/robot/)" 
40.77.167.53 - - [09/Dec/2015:05:05:02 -0800] "GET /self.logs/access.log.2015-10-27.gz HTTP/1.1" 200 6494 "-" "Mozilla/5.0 (compatible; bingbot/2.0; +http://www.bing.com/bingbot.htm)" 
52.91.65.13 - - [09/Dec/2015:05:33:01 -0800] "GET /robots.txt HTTP/1.1" 301 446 "-" "Mozilla/5.0 (Macintosh; Intel Mac OS X 10.9; rv:28.0) Gecko/20100101 Firefox/28.0 (FlipboardProxy/1.1; +http://flipboard.com/browserproxy)" 
52.91.65.13 - - [09/Dec/2015:05:33:01 -0800] "GET / HTTP/1.1" 301 427 "-" "Mozilla/5.0 (Macintosh; Intel Mac OS X 10.9; rv:28.0) Gecko/20100101 Firefox/28.0 (FlipboardProxy/1.1; +http://flipboard.com/browserproxy)" 
52.91.65.13 - - [09/Dec/2015:05:33:01 -0800] "GET /robots.txt HTTP/1.1" 200 304 "-" "Mozilla/5.0 (Macintosh; Intel Mac OS X 10.9; rv:28.0) Gecko/20100101 Firefox/28.0 (FlipboardProxy/1.1; +http://flipboard.com/browserproxy)" 
52.91.65.13 - - [09/Dec/2015:05:33:01 -0800] "GET / HTTP/1.1" 200 8187 "-" "Mozilla/5.0 (Macintosh; Intel Mac OS X 10.9; rv:28.0) Gecko/20100101 Firefox/28.0 (FlipboardProxy/1.1; +http://flipboard.com/browserproxy)" 
52.91.65.13 - - [09/Dec/2015:05:33:01 -0800] "GET / HTTP/1.1" 200 8187 "-" "Mozilla/5.0 (Macintosh; Intel Mac OS X 10.9; rv:28.0) Gecko/20100101 Firefox/28.0 (FlipboardProxy/1.1; +http://flipboard.com/browserproxy)" 
188.165.15.205 - - [09/Dec/2015:05:34:28 -0800] "GET /self.logs/access.log.2015-05-14.gz HTTP/1.1" 200 6064 "-" "Mozilla/5.0 (compatible; AhrefsBot/5.0; +http://ahrefs.com/robot/)" 
180.153.236.113 - - [09/Dec/2015:05:42:31 -0800] "GET / HTTP/1.1" 200 8243 "http://www.secrepo.com/" "Mozilla/5.0 (compatible; MSIE 9.0; Windows NT 6.1; Trident/5.0); 360Spider(compatible; HaosouSpider; http://www.haosou.com/help/help_3_2.html)" 
208.115.113.94 - - [09/Dec/2015:05:59:50 -0800] "GET /self.logs/ HTTP/1.1" 200 62597 "-" "Mozilla/5.0 (compatible; DotBot/1.1; http://www.opensiteexplorer.org/dotbot, help@moz.com)" 
40.77.167.92 - - [09/Dec/2015:06:11:29 -0800] "GET /honeypot/BSidesDFW%20-%202014.ipynb HTTP/1.1" 200 930836 "-" "Mozilla/5.0 (compatible; bingbot/2.0; +http://www.bing.com/bingbot.htm)" 
143.164.102.14 - - [09/Dec/2015:06:12:57 -0800] "GET / HTTP/1.1" 200 8243 "-" "Mozilla/5.0 (compatible; MSIE 9.0; Windows NT 6.1; WOW64; Trident/5.0)" 
143.164.102.14 - - [09/Dec/2015:06:12:57 -0800] "GET /twitter-icon.png HTTP/1.1" 200 27787 "http://www.secrepo.com/" "Mozilla/5.0 (compatible; MSIE 9.0; Windows NT 6.1; WOW64; Trident/5.0)" 
143.164.102.14 - - [09/Dec/2015:06:12:58 -0800] "GET /GitHub-Mark.png HTTP/1.1" 200 7428 "http://www.secrepo.com/" "Mozilla/5.0 (compatible; MSIE 9.0; Windows NT 6.1; WOW64; Trident/5.0)" 
143.164.102.14 - - [09/Dec/2015:06:12:58 -0800] "GET /bootstrap/img/favicon.ico HTTP/1.1" 200 590 "http://www.secrepo.com/" "Mozilla/5.0 (compatible; MSIE 9.0; Windows NT 6.1; WOW64; Trident/5.0)" 
143.164.102.14 - - [09/Dec/2015:06:13:30 -0800] "GET / HTTP/1.1" 304 189 "-" "Mozilla/5.0 (compatible; MSIE 9.0; Windows NT 6.1; WOW64; Trident/5.0)" 
143.164.102.14 - - [09/Dec/2015:06:13:30 -0800] "GET /GitHub-Mark.png HTTP/1.1" 304 165 "http://www.secrepo.com/" "Mozilla/5.0 (compatible; MSIE 9.0; Windows NT 6.1; WOW64; Trident/5.0)" 
143.164.102.14 - - [09/Dec/2015:06:13:30 -0800] "GET /twitter-icon.png HTTP/1.1" 304 166 "http://www.secrepo.com/" "Mozilla/5.0 (compatible; MSIE 9.0; Windows NT 6.1; WOW64; Trident/5.0)" 
143.164.102.14 - - [09/Dec/2015:06:13:30 -0800] "GET /bootstrap/img/favicon.ico HTTP/1.1" 304 165 "http://www.secrepo.com/" "Mozilla/5.0 (compatible; MSIE 9.0; Windows NT 6.1; WOW64; Trident/5.0)" 
143.164.102.14 - - [09/Dec/2015:06:14:16 -0800] "GET /maccdc2012/maccdc2012_fast_alert.7z HTTP/1.1" 200 2122840 "http://www.secrepo.com/" "Mozilla/5.0 (compatible; MSIE 9.0; Windows NT 6.1; WOW64; Trident/5.0)" 
143.164.102.14 - - [09/Dec/2015:06:15:05 -0800] "GET /zeus/zeus_json.zip HTTP/1.1" 404 340 "http://www.secrepo.com/" "Mozilla/5.0 (compatible; MSIE 9.0; Windows NT 6.1; WOW64; Trident/5.0)" 
188.193.65.85 - - [09/Dec/2015:06:18:34 -0800] "GET /GitHub-Mark.png HTTP/1.1" 200 7428 "http://www.secrepo.com/" "Mozilla/5.0 (Macintosh; Intel Mac OS X 10_11_2) AppleWebKit/601.3.9 (KHTML, like Gecko) Version/9.0.2 Safari/601.3.9" 
188.165.15.205 - - [09/Dec/2015:06:32:51 -0800] "GET /self.logs/access.log.2015-08-07.gz HTTP/1.1" 200 4579 "-" "Mozilla/5.0 (compatible; AhrefsBot/5.0; +http://ahrefs.com/robot/)" 
54.176.137.163 - - [09/Dec/2015:07:05:52 -0800] "HEAD / HTTP/1.1" 200 295 "-" "Mozilla/5.0 (Macintosh; Intel Mac OS X 10_9_3) AppleWebKit/537.36 (KHTML, like Gecko) Chrome/35.0.1916.153 Safari/537.36" 
54.193.212.129 - - [09/Dec/2015:07:05:52 -0800] "HEAD / HTTP/1.1" 301 246 "-" "Mozilla/5.0 (Macintosh; Intel Mac OS X 10_9_3) AppleWebKit/537.36 (KHTML, like Gecko) Chrome/35.0.1916.153 Safari/537.36" 
54.193.212.129 - - [09/Dec/2015:07:05:52 -0800] "HEAD / HTTP/1.1" 200 295 "-" "Mozilla/5.0 (Macintosh; Intel Mac OS X 10_9_3) AppleWebKit/537.36 (KHTML, like Gecko) Chrome/35.0.1916.153 Safari/537.36" 
40.77.167.92 - - [09/Dec/2015:07:26:47 -0800] "GET /robots.txt HTTP/1.1" 200 289 "-" "Mozilla/5.0 (compatible; bingbot/2.0; +http://www.bing.com/bingbot.htm)" 
40.77.167.92 - - [09/Dec/2015:07:26:49 -0800] "GET /self.logs/error.log.2015-08-11.gz HTTP/1.1" 200 835 "-" "Mozilla/5.0 (compatible; bingbot/2.0; +http://www.bing.com/bingbot.htm)" 
66.102.9.119 - - [09/Dec/2015:07:29:06 -0800] "GET / HTTP/1.1" 200 8243 "-" "Mozilla/5.0 (Windows NT 6.1; rv:6.0) Gecko/20110814 Firefox/6.0 Google Favicon" 
66.102.9.119 - - [09/Dec/2015:07:29:06 -0800] "GET /bootstrap/img/favicon.ico HTTP/1.1" 200 589 "-" "Mozilla/5.0 (Windows NT 6.1; rv:6.0) Gecko/20110814 Firefox/6.0 Google Favicon" 
157.55.39.243 - - [09/Dec/2015:07:43:39 -0800] "GET /self.logs/error.log.2015-10-22.gz HTTP/1.1" 200 995 "-" "Mozilla/5.0 (compatible; bingbot/2.0; +http://www.bing.com/bingbot.htm)" 
192.99.10.173 - - [09/Dec/2015:07:52:17 -0800] "GET / HTTP/1.1" 301 461 "-" "Mozilla/5.0 (Windows NT 10.0; WOW64; rv:42.0) Gecko/20100101 Firefox/42.0" 
50.252.209.137 - - [09/Dec/2015:07:53:44 -0800] "GET / HTTP/1.1" 301 483 "-" "Mozilla/5.0 (Macintosh; Intel Mac OS X 10_11_1) AppleWebKit/537.36 (KHTML, like Gecko) Chrome/47.0.2526.73 Safari/537.36" 
50.252.209.137 - - [09/Dec/2015:07:53:44 -0800] "GET / HTTP/1.1" 200 8243 "-" "Mozilla/5.0 (Macintosh; Intel Mac OS X 10_11_1) AppleWebKit/537.36 (KHTML, like Gecko) Chrome/47.0.2526.73 Safari/537.36" 
50.252.209.137 - - [09/Dec/2015:07:53:44 -0800] "GET /GitHub-Mark.png HTTP/1.1" 200 7428 "http://www.secrepo.com/" "Mozilla/5.0 (Macintosh; Intel Mac OS X 10_11_1) AppleWebKit/537.36 (KHTML, like Gecko) Chrome/47.0.2526.73 Safari/537.36" 
50.252.209.137 - - [09/Dec/2015:07:53:44 -0800] "GET /twitter-icon.png HTTP/1.1" 200 27787 "http://www.secrepo.com/" "Mozilla/5.0 (Macintosh; Intel Mac OS X 10_11_1) AppleWebKit/537.36 (KHTML, like Gecko) Chrome/47.0.2526.73 Safari/537.36" 
73.153.75.28 - - [09/Dec/2015:07:59:36 -0800] "GET / HTTP/1.1" 200 8243 "http://www.mlsecproject.org/" "Mozilla/5.0 (X11; Linux x86_64; rv:31.0) Gecko/20100101 Firefox/31.0 Iceweasel/31.8.0" 
73.153.75.28 - - [09/Dec/2015:07:59:37 -0800] "GET /twitter-icon.png HTTP/1.1" 200 27787 "http://www.secrepo.com/" "Mozilla/5.0 (X11; Linux x86_64; rv:31.0) Gecko/20100101 Firefox/31.0 Iceweasel/31.8.0" 
73.153.75.28 - - [09/Dec/2015:07:59:37 -0800] "GET /GitHub-Mark.png HTTP/1.1" 200 7428 "http://www.secrepo.com/" "Mozilla/5.0 (X11; Linux x86_64; rv:31.0) Gecko/20100101 Firefox/31.0 Iceweasel/31.8.0" 
73.153.75.28 - - [09/Dec/2015:07:59:37 -0800] "GET /bootstrap/img/favicon.ico HTTP/1.1" 200 590 "-" "Mozilla/5.0 (X11; Linux x86_64; rv:31.0) Gecko/20100101 Firefox/31.0 Iceweasel/31.8.0" 
52.4.176.40 - - [09/Dec/2015:08:02:00 -0800] "GET /robots.txt HTTP/1.1" 200 304 "-" "Mozilla/5.0 (Macintosh; Intel Mac OS X 10.9; rv:28.0) Gecko/20100101 Firefox/28.0 (FlipboardProxy/1.1; +http://flipboard.com/browserproxy)" 
52.4.176.40 - - [09/Dec/2015:08:02:00 -0800] "GET / HTTP/1.1" 200 8187 "-" "Mozilla/5.0 (Macintosh; Intel Mac OS X 10.9; rv:28.0) Gecko/20100101 Firefox/28.0 (FlipboardProxy/1.1; +http://flipboard.com/browserproxy)" 
150.70.173.7 - - [09/Dec/2015:08:05:34 -0800] "GET / HTTP/1.1" 200 26898 "-" "Mozilla/4.0 (compatible; MSIE 8.0; Windows NT 5.1; Trident/4.0)" 
188.165.15.205 - - [09/Dec/2015:08:05:58 -0800] "GET /self.logs/error.log.2015-07-26.gz HTTP/1.1" 200 671 "-" "Mozilla/5.0 (compatible; AhrefsBot/5.0; +http://ahrefs.com/robot/)" 
188.165.15.205 - - [09/Dec/2015:08:06:14 -0800] "GET /self.logs/access.log.2015-01-31.gz HTTP/1.1" 200 4181 "-" "Mozilla/5.0 (compatible; AhrefsBot/5.0; +http://ahrefs.com/robot/)" 
157.55.39.243 - - [09/Dec/2015:08:11:40 -0800] "GET /self.logs/error.log.2015-10-19.gz HTTP/1.1" 200 729 "-" "Mozilla/5.0 (compatible; bingbot/2.0; +http://www.bing.com/bingbot.htm)" 
64.47.45.241 - - [09/Dec/2015:08:31:07 -0800] "GET /bootstrap/img/favicon.ico HTTP/1.1" 200 590 "-" "Mozilla/5.0 (X11; Ubuntu; Linux x86_64; rv:42.0) Gecko/20100101 Firefox/42.0" 
180.153.236.182 - - [09/Dec/2015:08:31:38 -0800] "GET / HTTP/1.1" 200 8243 "http://www.secrepo.com/" "Mozilla/5.0 (compatible; MSIE 9.0; Windows NT 6.1; Trident/5.0); 360Spider(compatible; HaosouSpider; http://www.haosou.com/help/help_3_2.html)" 
84.177.118.109 - - [09/Dec/2015:08:34:44 -0800] "GET /robots.txt HTTP/1.0" 200 289 "-" "Mozilla/5.0 (compatible; MJ12bot/v1.4.5; http://www.majestic12.co.uk/bot.php?+)" 
84.177.118.109 - - [09/Dec/2015:08:34:45 -0800] "GET /self.logs/?C=D;O=D HTTP/1.1" 200 62597 "-" "Mozilla/5.0 (compatible; MJ12bot/v1.4.5; http://www.majestic12.co.uk/bot.php?+)" 
84.177.118.109 - - [09/Dec/2015:08:34:47 -0800] "GET /self.logs/?C=M;O=D HTTP/1.1" 200 7111 "-" "Mozilla/5.0 (compatible; MJ12bot/v1.4.5; http://www.majestic12.co.uk/bot.php?+)" 
84.177.118.109 - - [09/Dec/2015:08:34:50 -0800] "GET /self.logs/?C=N;O=A HTTP/1.1" 200 6902 "-" "Mozilla/5.0 (compatible; MJ12bot/v1.4.5; http://www.majestic12.co.uk/bot.php?+)" 
157.55.39.65 - - [09/Dec/2015:08:36:07 -0800] "GET /self.logs/error.log.2015-10-26.gz HTTP/1.1" 200 963 "-" "Mozilla/5.0 (compatible; bingbot/2.0; +http://www.bing.com/bingbot.htm)" 
188.165.15.205 - - [09/Dec/2015:08:56:03 -0800] "GET /self.logs/access.log.2015-03-29.gz HTTP/1.1" 200 3448 "-" "Mozilla/5.0 (compatible; AhrefsBot/5.0; +http://ahrefs.com/robot/)" 
151.237.232.130 - - [09/Dec/2015:08:57:24 -0800] "GET / HTTP/1.1" 200 8243 "-" "Mozilla/5.0 (Macintosh; Intel Mac OS X 10_10_4) AppleWebKit/537.36 (KHTML, like Gecko) Chrome/47.0.2526.80 Safari/537.36" 
151.237.232.130 - - [09/Dec/2015:08:57:24 -0800] "GET /twitter-icon.png HTTP/1.1" 200 27787 "http://www.secrepo.com/" "Mozilla/5.0 (Macintosh; Intel Mac OS X 10_10_4) AppleWebKit/537.36 (KHTML, like Gecko) Chrome/47.0.2526.80 Safari/537.36" 
151.237.232.130 - - [09/Dec/2015:08:57:24 -0800] "GET /GitHub-Mark.png HTTP/1.1" 200 7428 "http://www.secrepo.com/" "Mozilla/5.0 (Macintosh; Intel Mac OS X 10_10_4) AppleWebKit/537.36 (KHTML, like Gecko) Chrome/47.0.2526.80 Safari/537.36" 
151.237.232.130 - - [09/Dec/2015:08:57:25 -0800] "GET /bootstrap/img/favicon.ico HTTP/1.1" 200 589 "http://www.secrepo.com/" "Mozilla/5.0 (Macintosh; Intel Mac OS X 10_10_4) AppleWebKit/537.36 (KHTML, like Gecko) Chrome/47.0.2526.80 Safari/537.36" 
151.237.232.130 - - [09/Dec/2015:09:05:34 -0800] "GET / HTTP/1.1" 200 8243 "-" "Mozilla/5.0 (Macintosh; Intel Mac OS X 10_11_1) AppleWebKit/601.2.7 (KHTML, like Gecko) Version/9.0.1 Safari/601.2.7" 
151.237.232.130 - - [09/Dec/2015:09:05:35 -0800] "GET /twitter-icon.png HTTP/1.1" 200 27787 "http://www.secrepo.com/" "Mozilla/5.0 (Macintosh; Intel Mac OS X 10_11_1) AppleWebKit/601.2.7 (KHTML, like Gecko) Version/9.0.1 Safari/601.2.7" 
151.237.232.130 - - [09/Dec/2015:09:05:35 -0800] "GET /GitHub-Mark.png HTTP/1.1" 200 7428 "http://www.secrepo.com/" "Mozilla/5.0 (Macintosh; Intel Mac OS X 10_11_1) AppleWebKit/601.2.7 (KHTML, like Gecko) Version/9.0.1 Safari/601.2.7" 
188.165.15.205 - - [09/Dec/2015:09:07:40 -0800] "GET /self.logs/access.log.2015-10-23.gz HTTP/1.1" 200 5205 "-" "Mozilla/5.0 (compatible; AhrefsBot/5.0; +http://ahrefs.com/robot/)" 
104.209.188.207 - - [09/Dec/2015:09:09:45 -0800] "GET / HTTP/1.1" 200 26954 "-" "Mozilla/5.0 (Windows NT 6.1; WOW64) SkypeUriPreview Preview/0.5" 
104.209.188.207 - - [09/Dec/2015:09:09:45 -0800] "GET /bootstrap/img/favicon.ico HTTP/1.1" 200 534 "-" "Mozilla/5.0 (Windows NT 6.1; WOW64) SkypeUriPreview Preview/0.5" 
54.210.169.99 - - [09/Dec/2015:09:13:16 -0800] "GET /favicon.ico HTTP/1.1" 301 445 "-" "HTTP_Request2/2.2.1 (http://pear.php.net/package/http_request2) PHP/5.3.29" 
54.210.169.99 - - [09/Dec/2015:09:13:16 -0800] "GET /favicon.ico HTTP/1.1" 200 212 "-" "HTTP_Request2/2.2.1 (http://pear.php.net/package/http_request2) PHP/5.3.29" 
40.77.167.92 - - [09/Dec/2015:09:23:09 -0800] "GET /robots.txt HTTP/1.1" 200 289 "-" "Mozilla/5.0 (compatible; bingbot/2.0; +http://www.bing.com/bingbot.htm)" 
40.77.167.92 - - [09/Dec/2015:09:23:14 -0800] "GET /self.logs/access.log.2015-08-06.gz HTTP/1.1" 200 6166 "-" "Mozilla/5.0 (compatible; bingbot/2.0; +http://www.bing.com/bingbot.htm)" 
188.165.15.205 - - [09/Dec/2015:09:25:37 -0800] "GET /self.logs/error.log.2015-08-23.gz HTTP/1.1" 200 819 "-" "Mozilla/5.0 (compatible; AhrefsBot/5.0; +http://ahrefs.com/robot/)" 
71.229.157.25 - - [09/Dec/2015:09:25:57 -0800] "GET / HTTP/1.1" 301 483 "-" "Mozilla/5.0 (Macintosh; Intel Mac OS X 10_11_1) AppleWebKit/601.2.7 (KHTML, like Gecko) Version/9.0.1 Safari/601.2.7" 
71.229.157.25 - - [09/Dec/2015:09:25:58 -0800] "GET / HTTP/1.1" 200 8243 "-" "Mozilla/5.0 (Macintosh; Intel Mac OS X 10_11_1) AppleWebKit/601.2.7 (KHTML, like Gecko) Version/9.0.1 Safari/601.2.7" 
71.229.157.25 - - [09/Dec/2015:09:25:58 -0800] "GET /twitter-icon.png HTTP/1.1" 200 27787 "http://www.secrepo.com/" "Mozilla/5.0 (Macintosh; Intel Mac OS X 10_11_1) AppleWebKit/601.2.7 (KHTML, like Gecko) Version/9.0.1 Safari/601.2.7" 
71.229.157.25 - - [09/Dec/2015:09:25:58 -0800] "GET /GitHub-Mark.png HTTP/1.1" 200 7428 "http://www.secrepo.com/" "Mozilla/5.0 (Macintosh; Intel Mac OS X 10_11_1) AppleWebKit/601.2.7 (KHTML, like Gecko) Version/9.0.1 Safari/601.2.7" 
71.229.157.25 - - [09/Dec/2015:09:25:59 -0800] "GET /bootstrap/img/favicon.ico HTTP/1.1" 200 590 "http://www.secrepo.com/" "Mozilla/5.0 (Macintosh; Intel Mac OS X 10_11_1) AppleWebKit/601.2.7 (KHTML, like Gecko) Version/9.0.1 Safari/601.2.7" 
158.69.213.40 - - [09/Dec/2015:09:28:47 -0800] "GET /robots.txt HTTP/1.0" 200 252 "-" "Mozilla/5.0 (compatible; MJ12bot/v1.4.5; http://www.majestic12.co.uk/bot.php?+)" 
158.69.213.40 - - [09/Dec/2015:09:28:50 -0800] "GET /honeypot//%22http://amunhoney.sourceforge.net//%22 HTTP/1.0" 404 284 "-" "Mozilla/5.0 (compatible; MJ12bot/v1.4.5; http://www.majestic12.co.uk/bot.php?+)" 
158.69.213.40 - - [09/Dec/2015:09:28:53 -0800] "GET /honeypot//%22http://glastopf.org//%22 HTTP/1.0" 404 303 "-" "Mozilla/5.0 (compatible; MJ12bot/v1.4.5; http://www.majestic12.co.uk/bot.php?+)" 
158.69.213.40 - - [09/Dec/2015:09:28:58 -0800] "GET /honeypot//%22http://www.maxmind.com/%22 HTTP/1.0" 404 303 "-" "Mozilla/5.0 (compatible; MJ12bot/v1.4.5; http://www.majestic12.co.uk/bot.php?+)" 
158.69.213.40 - - [09/Dec/2015:09:29:01 -0800] "GET /honeypot//%22https://twitter.com/sooshie/%22 HTTP/1.0" 404 303 "-" "Mozilla/5.0 (compatible; MJ12bot/v1.4.5; http://www.majestic12.co.uk/bot.php?+)" 
158.69.213.40 - - [09/Dec/2015:09:29:05 -0800] "GET /honeypot//%22https://twitter.com/theroxyd/%22 HTTP/1.0" 404 303 "-" "Mozilla/5.0 (compatible; MJ12bot/v1.4.5; http://www.majestic12.co.uk/bot.php?+)" 
188.165.15.205 - - [09/Dec/2015:09:36:41 -0800] "GET /self.logs/access.log.2015-05-15.gz HTTP/1.1" 200 4881 "-" "Mozilla/5.0 (compatible; AhrefsBot/5.0; +http://ahrefs.com/robot/)" 
164.41.91.134 - - [09/Dec/2015:09:39:26 -0800] "GET / HTTP/1.1" 200 8243 "http://www.google.com.br/url?sa=t&rct=j&q=&esrc=s&source=web&cd=5&ved=0ahUKEwjU4IysqM_JAhVKIJAKHUpuDu0QFghCMAQ&url=http%3A%2F%2Fwww.secrepo.com%2F&usg=AFQjCNHeQikQ6r63vtqWKlBvSenYpdB4dQ&sig2=tz-53dcxckc3dlhDwo9nbA&bvm=bv.109395566,d.Y2I" "Mozilla/5.0 (X11; Linux x86_64; rv:38.0) Gecko/20100101 Firefox/38.0 Iceweasel/38.3.0" 
164.41.91.134 - - [09/Dec/2015:09:39:26 -0800] "GET /twitter-icon.png HTTP/1.1" 200 27787 "http://www.secrepo.com/" "Mozilla/5.0 (X11; Linux x86_64; rv:38.0) Gecko/20100101 Firefox/38.0 Iceweasel/38.3.0" 
164.41.91.134 - - [09/Dec/2015:09:39:26 -0800] "GET /GitHub-Mark.png HTTP/1.1" 200 7428 "http://www.secrepo.com/" "Mozilla/5.0 (X11; Linux x86_64; rv:38.0) Gecko/20100101 Firefox/38.0 Iceweasel/38.3.0" 
164.41.91.134 - - [09/Dec/2015:09:39:26 -0800] "GET /bootstrap/img/favicon.ico HTTP/1.1" 200 590 "-" "Mozilla/5.0 (X11; Linux x86_64; rv:38.0) Gecko/20100101 Firefox/38.0 Iceweasel/38.3.0" 
40.77.167.92 - - [09/Dec/2015:09:41:06 -0800] "GET /self.logs/error.log.2015-09-21.gz HTTP/1.1" 200 927 "-" "Mozilla/5.0 (compatible; bingbot/2.0; +http://www.bing.com/bingbot.htm)" 
40.77.167.92 - - [09/Dec/2015:09:41:27 -0800] "GET /self.logs/error.log.2015-05-08.gz HTTP/1.1" 200 1110 "-" "Mozilla/5.0 (compatible; bingbot/2.0; +http://www.bing.com/bingbot.htm)" 
50.203.10.82 - - [09/Dec/2015:09:48:17 -0800] "GET / HTTP/1.1" 200 8243 "-" "Mozilla/5.0 (Windows NT 6.1; WOW64) AppleWebKit/537.36 (KHTML, like Gecko) Chrome/47.0.2526.73 Safari/537.36" 
50.203.10.82 - - [09/Dec/2015:09:48:17 -0800] "GET /twitter-icon.png HTTP/1.1" 200 27787 "http://www.secrepo.com/" "Mozilla/5.0 (Windows NT 6.1; WOW64) AppleWebKit/537.36 (KHTML, like Gecko) Chrome/47.0.2526.73 Safari/537.36" 
50.203.10.82 - - [09/Dec/2015:09:48:17 -0800] "GET /GitHub-Mark.png HTTP/1.1" 200 7428 "http://www.secrepo.com/" "Mozilla/5.0 (Windows NT 6.1; WOW64) AppleWebKit/537.36 (KHTML, like Gecko) Chrome/47.0.2526.73 Safari/537.36" 
50.203.10.82 - - [09/Dec/2015:09:48:17 -0800] "GET /bootstrap/img/favicon.ico HTTP/1.1" 200 589 "http://www.secrepo.com/" "Mozilla/5.0 (Windows NT 6.1; WOW64) AppleWebKit/537.36 (KHTML, like Gecko) Chrome/47.0.2526.73 Safari/537.36" 
50.1.107.42 - - [09/Dec/2015:09:51:15 -0800] "GET / HTTP/1.1" 200 8243 "-" "Mozilla/5.0 (Macintosh; Intel Mac OS X 10_11_1) AppleWebKit/537.36 (KHTML, like Gecko) Chrome/46.0.2490.86 Safari/537.36" 
50.1.107.42 - - [09/Dec/2015:09:51:16 -0800] "GET /twitter-icon.png HTTP/1.1" 200 27787 "http://www.secrepo.com/" "Mozilla/5.0 (Macintosh; Intel Mac OS X 10_11_1) AppleWebKit/537.36 (KHTML, like Gecko) Chrome/46.0.2490.86 Safari/537.36" 
50.1.107.42 - - [09/Dec/2015:09:51:16 -0800] "GET /GitHub-Mark.png HTTP/1.1" 200 7428 "http://www.secrepo.com/" "Mozilla/5.0 (Macintosh; Intel Mac OS X 10_11_1) AppleWebKit/537.36 (KHTML, like Gecko) Chrome/46.0.2490.86 Safari/537.36" 
50.1.107.42 - - [09/Dec/2015:09:51:17 -0800] "GET /bootstrap/img/favicon.ico HTTP/1.1" 200 589 "http://www.secrepo.com/" "Mozilla/5.0 (Macintosh; Intel Mac OS X 10_11_1) AppleWebKit/537.36 (KHTML, like Gecko) Chrome/46.0.2490.86 Safari/537.36" 
71.229.157.25 - - [09/Dec/2015:09:51:46 -0800] "GET / HTTP/1.1" 200 8243 "-" "Mozilla/5.0 (Macintosh; Intel Mac OS X 10_11_1) AppleWebKit/601.2.7 (KHTML, like Gecko) Version/9.0.1 Safari/601.2.7" 
143.107.232.141 - - [09/Dec/2015:10:01:51 -0800] "GET / HTTP/1.1" 200 8243 "http://www.researchgate.net/go.Deref.html?url=http%3A%2F%2Fwww.secrepo.com%2F" "Mozilla/5.0 (Windows NT 10.0; WOW64) AppleWebKit/537.36 (KHTML, like Gecko) Chrome/47.0.2526.80 Safari/537.36" 
143.107.232.141 - - [09/Dec/2015:10:01:51 -0800] "GET /twitter-icon.png HTTP/1.1" 200 27787 "http://www.secrepo.com/" "Mozilla/5.0 (Windows NT 10.0; WOW64) AppleWebKit/537.36 (KHTML, like Gecko) Chrome/47.0.2526.80 Safari/537.36" 
143.107.232.141 - - [09/Dec/2015:10:01:52 -0800] "GET /GitHub-Mark.png HTTP/1.1" 200 7428 "http://www.secrepo.com/" "Mozilla/5.0 (Windows NT 10.0; WOW64) AppleWebKit/537.36 (KHTML, like Gecko) Chrome/47.0.2526.80 Safari/537.36" 
71.228.199.153 - - [09/Dec/2015:10:10:16 -0800] "GET / HTTP/1.1" 200 8243 "-" "Mozilla/5.0 (Macintosh; Intel Mac OS X 10_11_2) AppleWebKit/537.36 (KHTML, like Gecko) Chrome/47.0.2526.73 Safari/537.36" 
71.228.199.153 - - [09/Dec/2015:10:10:16 -0800] "GET /GitHub-Mark.png HTTP/1.1" 200 7428 "http://www.secrepo.com/" "Mozilla/5.0 (Macintosh; Intel Mac OS X 10_11_2) AppleWebKit/537.36 (KHTML, like Gecko) Chrome/47.0.2526.73 Safari/537.36" 
71.228.199.153 - - [09/Dec/2015:10:10:16 -0800] "GET /twitter-icon.png HTTP/1.1" 200 27787 "http://www.secrepo.com/" "Mozilla/5.0 (Macintosh; Intel Mac OS X 10_11_2) AppleWebKit/537.36 (KHTML, like Gecko) Chrome/47.0.2526.73 Safari/537.36" 
71.228.199.153 - - [09/Dec/2015:10:10:17 -0800] "GET /bootstrap/img/favicon.ico HTTP/1.1" 200 589 "http://www.secrepo.com/" "Mozilla/5.0 (Macintosh; Intel Mac OS X 10_11_2) AppleWebKit/537.36 (KHTML, like Gecko) Chrome/47.0.2526.73 Safari/537.36" 
54.174.124.155 - - [09/Dec/2015:10:10:39 -0800] "GET /robots.txt HTTP/1.1" 301 446 "-" "Mozilla/5.0 (Macintosh; Intel Mac OS X 10.9; rv:28.0) Gecko/20100101 Firefox/28.0 (FlipboardProxy/1.1; +http://flipboard.com/browserproxy)" 
54.174.124.155 - - [09/Dec/2015:10:10:39 -0800] "GET / HTTP/1.1" 301 427 "-" "Mozilla/5.0 (Macintosh; Intel Mac OS X 10.9; rv:28.0) Gecko/20100101 Firefox/28.0 (FlipboardProxy/1.1; +http://flipboard.com/browserproxy)" 
54.174.124.155 - - [09/Dec/2015:10:10:39 -0800] "GET /robots.txt HTTP/1.1" 200 304 "-" "Mozilla/5.0 (Macintosh; Intel Mac OS X 10.9; rv:28.0) Gecko/20100101 Firefox/28.0 (FlipboardProxy/1.1; +http://flipboard.com/browserproxy)" 
54.174.124.155 - - [09/Dec/2015:10:10:39 -0800] "GET / HTTP/1.1" 200 8187 "-" "Mozilla/5.0 (Macintosh; Intel Mac OS X 10.9; rv:28.0) Gecko/20100101 Firefox/28.0 (FlipboardProxy/1.1; +http://flipboard.com/browserproxy)" 
123.125.71.30 - - [09/Dec/2015:10:13:27 -0800] "GET /honeypot/BSidesDFW%20-%202014.ipynb HTTP/1.1" 301 503 "-" "Mozilla/5.0 (compatible; Baiduspider/2.0; +http://www.baidu.com/search/spider.html)" 
123.125.71.24 - - [09/Dec/2015:10:13:27 -0800] "GET /honeypot/BSidesDFW%20-%202014.ipynb HTTP/1.1" 200 930799 "-" "Mozilla/5.0 (compatible; Baiduspider/2.0; +http://www.baidu.com/search/spider.html)" 
157.55.39.185 - - [09/Dec/2015:10:23:02 -0800] "GET /robots.txt HTTP/1.1" 200 289 "-" "Mozilla/5.0 (compatible; bingbot/2.0; +http://www.bing.com/bingbot.htm)" 
157.55.39.186 - - [09/Dec/2015:10:23:20 -0800] "GET /self.logs/error.log.2015-08-31.gz HTTP/1.1" 200 804 "-" "Mozilla/5.0 (compatible; bingbot/2.0; +http://www.bing.com/bingbot.htm)" 
174.28.29.212 - - [09/Dec/2015:10:35:16 -0800] "GET / HTTP/1.1" 301 483 "-" "Mozilla/5.0 (X11; Ubuntu; Linux x86_64; rv:42.0) Gecko/20100101 Firefox/42.0" 
174.28.29.212 - - [09/Dec/2015:10:35:17 -0800] "GET / HTTP/1.1" 200 8243 "-" "Mozilla/5.0 (X11; Ubuntu; Linux x86_64; rv:42.0) Gecko/20100101 Firefox/42.0" 
174.28.29.212 - - [09/Dec/2015:10:35:18 -0800] "GET /bootstrap/img/favicon.ico HTTP/1.1" 200 590 "-" "Mozilla/5.0 (X11; Ubuntu; Linux x86_64; rv:42.0) Gecko/20100101 Firefox/42.0" 
174.28.29.212 - - [09/Dec/2015:10:35:21 -0800] "GET /GitHub-Mark.png HTTP/1.1" 200 7428 "http://www.secrepo.com/" "Mozilla/5.0 (X11; Ubuntu; Linux x86_64; rv:42.0) Gecko/20100101 Firefox/42.0" 
174.28.29.212 - - [09/Dec/2015:10:35:21 -0800] "GET /twitter-icon.png HTTP/1.1" 200 27788 "http://www.secrepo.com/" "Mozilla/5.0 (X11; Ubuntu; Linux x86_64; rv:42.0) Gecko/20100101 Firefox/42.0" 
174.28.29.212 - - [09/Dec/2015:10:35:51 -0800] "GET /favicon.ico HTTP/1.1" 200 268 "-" "Mozilla/5.0 (X11; Ubuntu; Linux x86_64; rv:42.0) Gecko/20100101 Firefox/42.0" 
174.28.29.212 - - [09/Dec/2015:10:35:51 -0800] "GET /favicon.ico HTTP/1.1" 200 268 "-" "Mozilla/5.0 (X11; Ubuntu; Linux x86_64; rv:42.0) Gecko/20100101 Firefox/42.0" 
174.28.29.212 - - [09/Dec/2015:10:35:51 -0800] "GET /favicon.ico HTTP/1.1" 200 268 "-" "Mozilla/5.0 (X11; Ubuntu; Linux x86_64; rv:42.0) Gecko/20100101 Firefox/42.0" 
174.28.29.212 - - [09/Dec/2015:10:35:47 -0800] "GET /maccdc2012/http.log.gz HTTP/1.1" 200 507930 "http://www.secrepo.com/" "Mozilla/5.0 (X11; Ubuntu; Linux x86_64; rv:42.0) Gecko/20100101 Firefox/42.0" 
174.28.29.212 - - [09/Dec/2015:10:36:30 -0800] "GET /maccdc2012/http.log.gz HTTP/1.1" 200 566280 "http://www.secrepo.com/" "Mozilla/5.0 (X11; Ubuntu; Linux x86_64; rv:42.0) Gecko/20100101 Firefox/42.0" 
174.28.29.212 - - [09/Dec/2015:10:38:36 -0800] "GET / HTTP/1.1" 301 483 "-" "Mozilla/5.0 (Windows NT 10.0; WOW64) AppleWebKit/537.36 (KHTML, like Gecko) Chrome/46.0.2490.86 Safari/537.36" 
174.28.29.212 - - [09/Dec/2015:10:38:37 -0800] "GET / HTTP/1.1" 200 8243 "-" "Mozilla/5.0 (Windows NT 10.0; WOW64) AppleWebKit/537.36 (KHTML, like Gecko) Chrome/46.0.2490.86 Safari/537.36" 
174.28.29.212 - - [09/Dec/2015:10:38:38 -0800] "GET /twitter-icon.png HTTP/1.1" 200 27787 "http://www.secrepo.com/" "Mozilla/5.0 (Windows NT 10.0; WOW64) AppleWebKit/537.36 (KHTML, like Gecko) Chrome/46.0.2490.86 Safari/537.36" 
174.28.29.212 - - [09/Dec/2015:10:36:54 -0800] "GET /maccdc2012/http.log.gz HTTP/1.1" 200 1425594 "http://www.secrepo.com/" "Mozilla/5.0 (X11; Ubuntu; Linux x86_64; rv:42.0) Gecko/20100101 Firefox/42.0" 
174.28.29.212 - - [09/Dec/2015:10:38:40 -0800] "GET /GitHub-Mark.png HTTP/1.1" 200 7428 "http://www.secrepo.com/" "Mozilla/5.0 (Windows NT 10.0; WOW64) AppleWebKit/537.36 (KHTML, like Gecko) Chrome/46.0.2490.86 Safari/537.36" 
174.28.29.212 - - [09/Dec/2015:10:38:46 -0800] "GET /bootstrap/img/favicon.ico HTTP/1.1" 200 590 "http://www.secrepo.com/" "Mozilla/5.0 (Windows NT 10.0; WOW64) AppleWebKit/537.36 (KHTML, like Gecko) Chrome/46.0.2490.86 Safari/537.36" 
174.28.29.212 - - [09/Dec/2015:10:38:54 -0800] "GET /maccdc2012/http.log.gz HTTP/1.1" 200 5373738 "http://www.secrepo.com/" "Mozilla/5.0 (Windows NT 10.0; WOW64) AppleWebKit/537.36 (KHTML, like Gecko) Chrome/46.0.2490.86 Safari/537.36" 
174.28.29.212 - - [09/Dec/2015:10:36:04 -0800] "GET /maccdc2012/http.log.gz HTTP/1.1" 200 54258816 "http://www.secrepo.com/" "Mozilla/5.0 (X11; Ubuntu; Linux x86_64; rv:42.0) Gecko/20100101 Firefox/42.0" 
82.43.172.93 - - [09/Dec/2015:10:59:03 -0800] "GET / HTTP/1.1" 200 8243 "-" "Mozilla/5.0 (Macintosh; Intel Mac OS X 10_11_1) AppleWebKit/537.36 (KHTML, like Gecko) Chrome/47.0.2526.80 Safari/537.36" 
82.43.172.93 - - [09/Dec/2015:10:59:03 -0800] "GET /twitter-icon.png HTTP/1.1" 200 27787 "http://www.secrepo.com/" "Mozilla/5.0 (Macintosh; Intel Mac OS X 10_11_1) AppleWebKit/537.36 (KHTML, like Gecko) Chrome/47.0.2526.80 Safari/537.36" 
82.43.172.93 - - [09/Dec/2015:10:59:04 -0800] "GET /GitHub-Mark.png HTTP/1.1" 200 7428 "http://www.secrepo.com/" "Mozilla/5.0 (Macintosh; Intel Mac OS X 10_11_1) AppleWebKit/537.36 (KHTML, like Gecko) Chrome/47.0.2526.80 Safari/537.36" 
188.165.15.205 - - [09/Dec/2015:11:07:09 -0800] "GET /self.logs/error.log.2015-11-28.gz HTTP/1.1" 200 563 "-" "Mozilla/5.0 (compatible; AhrefsBot/5.0; +http://ahrefs.com/robot/)" 
188.165.15.205 - - [09/Dec/2015:11:20:06 -0800] "GET /self.logs/error.log.2015-07-15.gz HTTP/1.1" 200 727 "-" "Mozilla/5.0 (compatible; AhrefsBot/5.0; +http://ahrefs.com/robot/)" 
119.10.175.38 - - [09/Dec/2015:11:21:37 -0800] "GET /bootstrap/img/favicon.ico HTTP/1.1" 200 590 "http://www.secrepo.com/" "Mozilla/5.0 (Windows NT 6.3; WOW64) AppleWebKit/537.36 (KHTML, like Gecko) Chrome/44.0.2403.157 UBrowser/5.5.8071.1004 Safari/537.36" 
188.165.15.205 - - [09/Dec/2015:11:22:49 -0800] "GET /self.logs/error.log.2015-11-10.gz HTTP/1.1" 200 572 "-" "Mozilla/5.0 (compatible; AhrefsBot/5.0; +http://ahrefs.com/robot/)" 
40.77.167.53 - - [09/Dec/2015:11:24:45 -0800] "GET /robots.txt HTTP/1.1" 200 289 "-" "Mozilla/5.0 (compatible; bingbot/2.0; +http://www.bing.com/bingbot.htm)" 
40.77.167.53 - - [09/Dec/2015:11:25:12 -0800] "GET / HTTP/1.1" 200 8243 "-" "Mozilla/5.0 (compatible; bingbot/2.0; +http://www.bing.com/bingbot.htm)" 
188.165.15.205 - - [09/Dec/2015:11:35:27 -0800] "GET /self.logs/error.log.2015-08-26.gz HTTP/1.1" 200 627 "-" "Mozilla/5.0 (compatible; AhrefsBot/5.0; +http://ahrefs.com/robot/)" 
188.165.15.205 - - [09/Dec/2015:11:37:09 -0800] "GET /self.logs/access.log.2015-05-28.gz HTTP/1.1" 200 4368 "-" "Mozilla/5.0 (compatible; AhrefsBot/5.0; +http://ahrefs.com/robot/)" 
67.213.81.225 - - [09/Dec/2015:11:47:58 -0800] "GET / HTTP/1.1" 200 8243 "-" "Mozilla/5.0 (Macintosh; Intel Mac OS X 10_10_3) AppleWebKit/537.36 (KHTML, like Gecko) Chrome/45.0.2454.101 Safari/537.36" 
67.213.81.225 - - [09/Dec/2015:11:47:59 -0800] "GET /twitter-icon.png HTTP/1.1" 200 27787 "http://www.secrepo.com/" "Mozilla/5.0 (Macintosh; Intel Mac OS X 10_10_3) AppleWebKit/537.36 (KHTML, like Gecko) Chrome/45.0.2454.101 Safari/537.36" 
67.213.81.225 - - [09/Dec/2015:11:47:59 -0800] "GET /GitHub-Mark.png HTTP/1.1" 200 7427 "http://www.secrepo.com/" "Mozilla/5.0 (Macintosh; Intel Mac OS X 10_10_3) AppleWebKit/537.36 (KHTML, like Gecko) Chrome/45.0.2454.101 Safari/537.36" 
67.213.81.225 - - [09/Dec/2015:11:47:59 -0800] "GET /bootstrap/img/favicon.ico HTTP/1.1" 200 589 "http://www.secrepo.com/" "Mozilla/5.0 (Macintosh; Intel Mac OS X 10_10_3) AppleWebKit/537.36 (KHTML, like Gecko) Chrome/45.0.2454.101 Safari/537.36" 
1.39.85.19 - - [09/Dec/2015:11:49:06 -0800] "GET / HTTP/1.1" 200 8243 "http://www.mlsecproject.org/" "Mozilla/5.0 (Windows NT 6.1; WOW64) AppleWebKit/537.36 (KHTML, like Gecko) Chrome/47.0.2526.73 Safari/537.36" 
1.39.85.19 - - [09/Dec/2015:11:49:07 -0800] "GET /GitHub-Mark.png HTTP/1.1" 200 7428 "http://www.secrepo.com/" "Mozilla/5.0 (Windows NT 6.1; WOW64) AppleWebKit/537.36 (KHTML, like Gecko) Chrome/47.0.2526.73 Safari/537.36" 
1.39.85.19 - - [09/Dec/2015:11:49:07 -0800] "GET /twitter-icon.png HTTP/1.1" 200 27787 "http://www.secrepo.com/" "Mozilla/5.0 (Windows NT 6.1; WOW64) AppleWebKit/537.36 (KHTML, like Gecko) Chrome/47.0.2526.73 Safari/537.36" 
1.39.85.19 - - [09/Dec/2015:11:49:09 -0800] "GET /bootstrap/img/favicon.ico HTTP/1.1" 200 589 "http://www.secrepo.com/" "Mozilla/5.0 (Windows NT 6.1; WOW64) AppleWebKit/537.36 (KHTML, like Gecko) Chrome/47.0.2526.73 Safari/537.36" 
40.77.167.92 - - [09/Dec/2015:12:01:15 -0800] "GET /robots.txt HTTP/1.1" 200 289 "-" "Mozilla/5.0 (compatible; bingbot/2.0; +http://www.bing.com/bingbot.htm)" 
40.77.167.92 - - [09/Dec/2015:12:01:19 -0800] "GET /honeypot/BSidesDFW%20-%202014.ipynb HTTP/1.1" 200 930836 "-" "Mozilla/5.0 (iPhone; CPU iPhone OS 7_0 like Mac OS X) AppleWebKit/537.51.1 (KHTML, like Gecko) Version/7.0 Mobile/11A465 Safari/9537.53 (compatible; bingbot/2.0;  http://www.bing.com/bingbot.htm)" 
157.55.39.186 - - [09/Dec/2015:12:01:57 -0800] "GET /self.logs/access.log.2015-09-11.gz HTTP/1.1" 200 5068 "-" "Mozilla/5.0 (compatible; bingbot/2.0; +http://www.bing.com/bingbot.htm)" 
111.200.39.59 - - [09/Dec/2015:12:10:12 -0800] "GET / HTTP/1.0" 301 446 "-" "nutch-1.8/Nutch-1.8" 
157.55.39.185 - - [09/Dec/2015:12:16:31 -0800] "GET /self.logs/error.log.2015-07-07.gz HTTP/1.1" 200 692 "-" "Mozilla/5.0 (compatible; bingbot/2.0; +http://www.bing.com/bingbot.htm)" 
106.38.241.146 - - [09/Dec/2015:12:45:50 -0800] "GET /robots.txt HTTP/1.1" 200 252 "-" "Sogou web spider/4.0(+http://www.sogou.com/docs/help/webmasters.htm#07)" 
106.38.241.146 - - [09/Dec/2015:12:45:52 -0800] "GET / HTTP/1.1" 304 152 "-" "Sogou web spider/4.0(+http://www.sogou.com/docs/help/webmasters.htm#07)" 
5.53.16.183 - - [09/Dec/2015:13:03:51 -0800] "GET /honeypot/BSidesDFW%20-%202014.ipynb HTTP/1.1" 200 930780 "http://www.secrepo.com/" "Mozilla/5.0 (Windows NT 6.1; rv:32.0) Gecko/20100101 Firefox/32.0" 
208.115.113.94 - - [09/Dec/2015:13:15:56 -0800] "GET /robots.txt HTTP/1.1" 200 233 "-" "Mozilla/5.0 (compatible; DotBot/1.1; http://www.opensiteexplorer.org/dotbot, help@moz.com)" 
40.77.167.92 - - [09/Dec/2015:13:23:20 -0800] "GET /self.logs/access.log.2015-07-23.gz HTTP/1.1" 200 4068 "-" "Mozilla/5.0 (compatible; bingbot/2.0; +http://www.bing.com/bingbot.htm)" 
66.249.80.117 - - [09/Dec/2015:13:29:07 -0800] "GET / HTTP/1.1" 200 8243 "-" "Mozilla/5.0 (Windows NT 6.1; rv:6.0) Gecko/20110814 Firefox/6.0 Google Favicon" 
66.249.80.4 - - [09/Dec/2015:13:29:07 -0800] "GET /bootstrap/img/favicon.ico HTTP/1.1" 200 590 "-" "Mozilla/5.0 (Windows NT 6.1; rv:6.0) Gecko/20110814 Firefox/6.0 Google Favicon" 
188.165.15.205 - - [09/Dec/2015:13:31:12 -0800] "GET /self.logs/access.log.2015-09-16.gz HTTP/1.1" 200 5331 "-" "Mozilla/5.0 (compatible; AhrefsBot/5.0; +http://ahrefs.com/robot/)" 
40.77.167.53 - - [09/Dec/2015:13:46:29 -0800] "GET /self.logs/error.log.2015-08-27.gz HTTP/1.1" 200 952 "-" "Mozilla/5.0 (compatible; bingbot/2.0; +http://www.bing.com/bingbot.htm)" 
