111.200.199.240 - - [09/Aug/2017:20:01:31 -0700] "GET /self.logs/access.log.2015-05-10.gz HTTP/1.1" 200 4092 "-" "User-Agent\tMozilla/5.0 (compatible; MSIE 9.0; Windows NT 6.1; Trident/5.0)" 
111.200.199.240 - - [09/Aug/2017:20:01:31 -0700] "GET /self.logs/access.log.2015-05-15.gz HTTP/1.1" 200 4824 "-" "User-Agent\tMozilla/5.0 (compatible; MSIE 9.0; Windows NT 6.1; Trident/5.0)" 
111.200.199.240 - - [09/Aug/2017:20:01:31 -0700] "GET /self.logs/access.log.2015-05-20.gz HTTP/1.1" 200 4788 "-" "User-Agent\tMozilla/5.0 (compatible; MSIE 9.0; Windows NT 6.1; Trident/5.0)" 
111.200.199.240 - - [09/Aug/2017:20:01:32 -0700] "GET /self.logs/access.log.2015-04-24.gz HTTP/1.1" 200 3614 "-" "User-Agent\tMozilla/5.0 (compatible; MSIE 9.0; Windows NT 6.1; Trident/5.0)" 
111.200.199.240 - - [09/Aug/2017:20:01:32 -0700] "GET /self.logs/access.log.2015-05-19.gz HTTP/1.1" 200 4668 "-" "User-Agent\tMozilla/5.0 (compatible; MSIE 9.0; Windows NT 6.1; Trident/5.0)" 
111.200.199.240 - - [09/Aug/2017:20:01:32 -0700] "GET /self.logs/access.log.2015-05-11.gz HTTP/1.1" 200 5053 "-" "User-Agent\tMozilla/5.0 (compatible; MSIE 9.0; Windows NT 6.1; Trident/5.0)" 
111.200.199.240 - - [09/Aug/2017:20:01:32 -0700] "GET /self.logs/access.log.2015-05-17.gz HTTP/1.1" 200 4002 "-" "User-Agent\tMozilla/5.0 (compatible; MSIE 9.0; Windows NT 6.1; Trident/5.0)" 
111.200.199.240 - - [09/Aug/2017:20:01:32 -0700] "GET /self.logs/access.log.2015-05-18.gz HTTP/1.1" 200 4560 "-" "User-Agent\tMozilla/5.0 (compatible; MSIE 9.0; Windows NT 6.1; Trident/5.0)" 
111.200.199.240 - - [09/Aug/2017:20:01:32 -0700] "GET /self.logs/access.log.2015-05-13.gz HTTP/1.1" 200 7726 "-" "User-Agent\tMozilla/5.0 (compatible; MSIE 9.0; Windows NT 6.1; Trident/5.0)" 
111.200.199.240 - - [09/Aug/2017:20:01:32 -0700] "GET /self.logs/access.log.2015-05-05.gz HTTP/1.1" 200 4335 "-" "User-Agent\tMozilla/5.0 (compatible; MSIE 9.0; Windows NT 6.1; Trident/5.0)" 
111.200.199.240 - - [09/Aug/2017:20:01:33 -0700] "GET /self.logs/access.log.2015-05-09.gz HTTP/1.1" 200 2748 "-" "User-Agent\tMozilla/5.0 (compatible; MSIE 9.0; Windows NT 6.1; Trident/5.0)" 
111.200.199.240 - - [09/Aug/2017:20:01:33 -0700] "GET /self.logs/access.log.2015-05-12.gz HTTP/1.1" 200 4314 "-" "User-Agent\tMozilla/5.0 (compatible; MSIE 9.0; Windows NT 6.1; Trident/5.0)" 
111.200.199.240 - - [09/Aug/2017:20:01:33 -0700] "GET /self.logs/access.log.2015-04-15.gz HTTP/1.1" 200 20595 "-" "User-Agent\tMozilla/5.0 (compatible; MSIE 9.0; Windows NT 6.1; Trident/5.0)" 
111.200.199.240 - - [09/Aug/2017:20:01:34 -0700] "GET /self.logs/access.log.2015-05-03.gz HTTP/1.1" 200 3040 "-" "User-Agent\tMozilla/5.0 (compatible; MSIE 9.0; Windows NT 6.1; Trident/5.0)" 
111.200.199.240 - - [09/Aug/2017:20:01:34 -0700] "GET /self.logs/access.log.2015-05-08.gz HTTP/1.1" 200 4756 "-" "User-Agent\tMozilla/5.0 (compatible; MSIE 9.0; Windows NT 6.1; Trident/5.0)" 
111.200.199.240 - - [09/Aug/2017:20:01:34 -0700] "GET /self.logs/access.log.2015-05-07.gz HTTP/1.1" 200 6080 "-" "User-Agent\tMozilla/5.0 (compatible; MSIE 9.0; Windows NT 6.1; Trident/5.0)" 
111.200.199.240 - - [09/Aug/2017:20:01:34 -0700] "GET /self.logs/access.log.2015-05-06.gz HTTP/1.1" 200 6507 "-" "User-Agent\tMozilla/5.0 (compatible; MSIE 9.0; Windows NT 6.1; Trident/5.0)" 
111.200.199.240 - - [09/Aug/2017:20:01:34 -0700] "GET /self.logs/access.log.2015-05-02.gz HTTP/1.1" 200 4055 "-" "User-Agent\tMozilla/5.0 (compatible; MSIE 9.0; Windows NT 6.1; Trident/5.0)" 
111.200.199.240 - - [09/Aug/2017:20:01:34 -0700] "GET /self.logs/access.log.2015-06-11.gz HTTP/1.1" 200 9668 "-" "User-Agent\tMozilla/5.0 (compatible; MSIE 9.0; Windows NT 6.1; Trident/5.0)" 
111.200.199.240 - - [09/Aug/2017:20:01:34 -0700] "GET /self.logs/access.log.2015-05-16.gz HTTP/1.1" 200 3580 "-" "User-Agent\tMozilla/5.0 (compatible; MSIE 9.0; Windows NT 6.1; Trident/5.0)" 
111.200.199.240 - - [09/Aug/2017:20:01:35 -0700] "GET /self.logs/access.log.2015-06-10.gz HTTP/1.1" 200 6273 "-" "User-Agent\tMozilla/5.0 (compatible; MSIE 9.0; Windows NT 6.1; Trident/5.0)" 
111.200.199.240 - - [09/Aug/2017:20:01:35 -0700] "GET /self.logs/access.log.2015-06-08.gz HTTP/1.1" 200 4112 "-" "User-Agent\tMozilla/5.0 (compatible; MSIE 9.0; Windows NT 6.1; Trident/5.0)" 
111.200.199.240 - - [09/Aug/2017:20:01:35 -0700] "GET /self.logs/access.log.2015-05-04.gz HTTP/1.1" 200 3757 "-" "User-Agent\tMozilla/5.0 (compatible; MSIE 9.0; Windows NT 6.1; Trident/5.0)" 
111.200.199.240 - - [09/Aug/2017:20:01:35 -0700] "GET /self.logs/access.log.2015-06-12.gz HTTP/1.1" 200 6114 "-" "User-Agent\tMozilla/5.0 (compatible; MSIE 9.0; Windows NT 6.1; Trident/5.0)" 
111.200.199.240 - - [09/Aug/2017:20:01:36 -0700] "GET /self.logs/access.log.2015-06-06.gz HTTP/1.1" 200 3153 "-" "User-Agent\tMozilla/5.0 (compatible; MSIE 9.0; Windows NT 6.1; Trident/5.0)" 
111.200.199.240 - - [09/Aug/2017:20:01:36 -0700] "GET /self.logs/access.log.2015-06-07.gz HTTP/1.1" 200 3344 "-" "User-Agent\tMozilla/5.0 (compatible; MSIE 9.0; Windows NT 6.1; Trident/5.0)" 
111.200.199.240 - - [09/Aug/2017:20:01:36 -0700] "GET /self.logs/access.log.2015-06-05.gz HTTP/1.1" 200 3994 "-" "User-Agent\tMozilla/5.0 (compatible; MSIE 9.0; Windows NT 6.1; Trident/5.0)" 
111.200.199.240 - - [09/Aug/2017:20:01:36 -0700] "GET /self.logs/access.log.2015-06-02.gz HTTP/1.1" 200 3689 "-" "User-Agent\tMozilla/5.0 (compatible; MSIE 9.0; Windows NT 6.1; Trident/5.0)" 
111.200.199.240 - - [09/Aug/2017:20:01:36 -0700] "GET /self.logs/access.log.2015-06-03.gz HTTP/1.1" 200 3292 "-" "User-Agent\tMozilla/5.0 (compatible; MSIE 9.0; Windows NT 6.1; Trident/5.0)" 
111.200.199.240 - - [09/Aug/2017:20:01:36 -0700] "GET /self.logs/access.log.2015-06-01.gz HTTP/1.1" 200 4256 "-" "User-Agent\tMozilla/5.0 (compatible; MSIE 9.0; Windows NT 6.1; Trident/5.0)" 
111.200.199.240 - - [09/Aug/2017:20:01:37 -0700] "GET /self.logs/access.log.2015-06-09.gz HTTP/1.1" 200 8094 "-" "User-Agent\tMozilla/5.0 (compatible; MSIE 9.0; Windows NT 6.1; Trident/5.0)" 
111.200.199.240 - - [09/Aug/2017:20:01:37 -0700] "GET /self.logs/access.log.2015-05-30.gz HTTP/1.1" 200 3004 "-" "User-Agent\tMozilla/5.0 (compatible; MSIE 9.0; Windows NT 6.1; Trident/5.0)" 
111.200.199.240 - - [09/Aug/2017:20:01:37 -0700] "GET /self.logs/access.log.2015-05-31.gz HTTP/1.1" 200 4917 "-" "User-Agent\tMozilla/5.0 (compatible; MSIE 9.0; Windows NT 6.1; Trident/5.0)" 
111.200.199.240 - - [09/Aug/2017:20:01:37 -0700] "GET /self.logs/access.log.2015-05-28.gz HTTP/1.1" 200 4316 "-" "User-Agent\tMozilla/5.0 (compatible; MSIE 9.0; Windows NT 6.1; Trident/5.0)" 
111.200.199.240 - - [09/Aug/2017:20:01:37 -0700] "GET /self.logs/access.log.2015-05-27.gz HTTP/1.1" 200 3356 "-" "User-Agent\tMozilla/5.0 (compatible; MSIE 9.0; Windows NT 6.1; Trident/5.0)" 
111.200.199.240 - - [09/Aug/2017:20:01:37 -0700] "GET /self.logs/access.log.2015-05-26.gz HTTP/1.1" 200 4321 "-" "User-Agent\tMozilla/5.0 (compatible; MSIE 9.0; Windows NT 6.1; Trident/5.0)" 
111.200.199.240 - - [09/Aug/2017:20:01:38 -0700] "GET /self.logs/access.log.2015-05-23.gz HTTP/1.1" 200 3766 "-" "User-Agent\tMozilla/5.0 (compatible; MSIE 9.0; Windows NT 6.1; Trident/5.0)" 
111.200.199.240 - - [09/Aug/2017:20:01:38 -0700] "GET /self.logs/access.log.2015-05-29.gz HTTP/1.1" 200 3642 "-" "User-Agent\tMozilla/5.0 (compatible; MSIE 9.0; Windows NT 6.1; Trident/5.0)" 
111.200.199.240 - - [09/Aug/2017:20:01:39 -0700] "GET /self.logs/access.log.2015-06-19.gz HTTP/1.1" 200 4157 "-" "User-Agent\tMozilla/5.0 (compatible; MSIE 9.0; Windows NT 6.1; Trident/5.0)" 
111.200.199.240 - - [09/Aug/2017:20:01:39 -0700] "GET /self.logs/access.log.2015-06-21.gz HTTP/1.1" 200 9935 "-" "User-Agent\tMozilla/5.0 (compatible; MSIE 9.0; Windows NT 6.1; Trident/5.0)" 
111.200.199.240 - - [09/Aug/2017:20:01:39 -0700] "GET /self.logs/access.log.2015-06-18.gz HTTP/1.1" 200 5495 "-" "User-Agent\tMozilla/5.0 (compatible; MSIE 9.0; Windows NT 6.1; Trident/5.0)" 
111.200.199.240 - - [09/Aug/2017:20:01:39 -0700] "GET /self.logs/access.log.2015-06-17.gz HTTP/1.1" 200 5680 "-" "User-Agent\tMozilla/5.0 (compatible; MSIE 9.0; Windows NT 6.1; Trident/5.0)" 
111.200.199.240 - - [09/Aug/2017:20:01:39 -0700] "GET /self.logs/access.log.2015-06-16.gz HTTP/1.1" 200 9011 "-" "User-Agent\tMozilla/5.0 (compatible; MSIE 9.0; Windows NT 6.1; Trident/5.0)" 
111.200.199.240 - - [09/Aug/2017:20:01:39 -0700] "GET /self.logs/access.log.2015-06-20.gz HTTP/1.1" 200 3009 "-" "User-Agent\tMozilla/5.0 (compatible; MSIE 9.0; Windows NT 6.1; Trident/5.0)" 
111.200.199.240 - - [09/Aug/2017:20:01:39 -0700] "GET /self.logs/access.log.2015-06-15.gz HTTP/1.1" 200 7868 "-" "User-Agent\tMozilla/5.0 (compatible; MSIE 9.0; Windows NT 6.1; Trident/5.0)" 
111.200.199.240 - - [09/Aug/2017:20:01:40 -0700] "GET /self.logs/access.log.2015-06-13.gz HTTP/1.1" 200 3507 "-" "User-Agent\tMozilla/5.0 (compatible; MSIE 9.0; Windows NT 6.1; Trident/5.0)" 
111.200.199.240 - - [09/Aug/2017:20:01:41 -0700] "GET /self.logs/access.log.2015-07-15.gz HTTP/1.1" 200 3915 "-" "User-Agent\tMozilla/5.0 (compatible; MSIE 9.0; Windows NT 6.1; Trident/5.0)" 
111.200.199.240 - - [09/Aug/2017:20:01:41 -0700] "GET /self.logs/access.log.2015-07-14.gz HTTP/1.1" 200 4441 "-" "User-Agent\tMozilla/5.0 (compatible; MSIE 9.0; Windows NT 6.1; Trident/5.0)" 
111.200.199.240 - - [09/Aug/2017:20:01:41 -0700] "GET /self.logs/access.log.2015-06-14.gz HTTP/1.1" 200 4278 "-" "User-Agent\tMozilla/5.0 (compatible; MSIE 9.0; Windows NT 6.1; Trident/5.0)" 
111.200.199.240 - - [09/Aug/2017:20:01:41 -0700] "GET /self.logs/access.log.2015-07-13.gz HTTP/1.1" 200 4867 "-" "User-Agent\tMozilla/5.0 (compatible; MSIE 9.0; Windows NT 6.1; Trident/5.0)" 
111.200.199.240 - - [09/Aug/2017:20:01:42 -0700] "GET /self.logs/access.log.2015-07-12.gz HTTP/1.1" 200 4464 "-" "User-Agent\tMozilla/5.0 (compatible; MSIE 9.0; Windows NT 6.1; Trident/5.0)" 
111.200.199.240 - - [09/Aug/2017:20:01:42 -0700] "GET /self.logs/access.log.2015-07-11.gz HTTP/1.1" 200 3390 "-" "User-Agent\tMozilla/5.0 (compatible; MSIE 9.0; Windows NT 6.1; Trident/5.0)" 
111.200.199.240 - - [09/Aug/2017:20:01:42 -0700] "GET /self.logs/access.log.2015-05-25.gz HTTP/1.1" 200 4478 "-" "User-Agent\tMozilla/5.0 (compatible; MSIE 9.0; Windows NT 6.1; Trident/5.0)" 
111.200.199.240 - - [09/Aug/2017:20:01:42 -0700] "GET /self.logs/access.log.2015-07-09.gz HTTP/1.1" 200 4682 "-" "User-Agent\tMozilla/5.0 (compatible; MSIE 9.0; Windows NT 6.1; Trident/5.0)" 
111.200.199.240 - - [09/Aug/2017:20:01:43 -0700] "GET /self.logs/access.log.2015-07-08.gz HTTP/1.1" 200 4616 "-" "User-Agent\tMozilla/5.0 (compatible; MSIE 9.0; Windows NT 6.1; Trident/5.0)" 
111.200.199.240 - - [09/Aug/2017:20:01:43 -0700] "GET /self.logs/access.log.2015-07-07.gz HTTP/1.1" 200 4885 "-" "User-Agent\tMozilla/5.0 (compatible; MSIE 9.0; Windows NT 6.1; Trident/5.0)" 
111.200.199.240 - - [09/Aug/2017:20:01:43 -0700] "GET /self.logs/access.log.2015-07-06.gz HTTP/1.1" 200 4311 "-" "User-Agent\tMozilla/5.0 (compatible; MSIE 9.0; Windows NT 6.1; Trident/5.0)" 
111.200.199.240 - - [09/Aug/2017:20:01:43 -0700] "GET /self.logs/access.log.2015-07-04.gz HTTP/1.1" 200 3787 "-" "User-Agent\tMozilla/5.0 (compatible; MSIE 9.0; Windows NT 6.1; Trident/5.0)" 
111.200.199.240 - - [09/Aug/2017:20:01:44 -0700] "GET /self.logs/access.log.2015-07-03.gz HTTP/1.1" 200 3669 "-" "User-Agent\tMozilla/5.0 (compatible; MSIE 9.0; Windows NT 6.1; Trident/5.0)" 
207.46.13.158 - - [09/Aug/2017:20:04:07 -0700] "GET /self.logs/access.log.2016-01-30.gz HTTP/1.1" 200 34310 "-" "Mozilla/5.0 (compatible; bingbot/2.0; +http://www.bing.com/bingbot.htm)" 
205.174.40.1 - - [09/Aug/2017:20:04:36 -0700] "GET / HTTP/1.1" 304 189 "-" "Mozilla/5.0 (Windows NT 6.1; Win64; x64) AppleWebKit/537.36 (KHTML, like Gecko) Chrome/59.0.3071.115 Safari/537.36" 
205.174.40.1 - - [09/Aug/2017:20:04:39 -0700] "GET /GitHub-Mark.png HTTP/1.1" 304 166 "http://www.secrepo.com/" "Mozilla/5.0 (Windows NT 6.1; Win64; x64) AppleWebKit/537.36 (KHTML, like Gecko) Chrome/59.0.3071.115 Safari/537.36" 
205.174.40.1 - - [09/Aug/2017:20:04:39 -0700] "GET /twitter-icon.png HTTP/1.1" 304 166 "http://www.secrepo.com/" "Mozilla/5.0 (Windows NT 6.1; Win64; x64) AppleWebKit/537.36 (KHTML, like Gecko) Chrome/59.0.3071.115 Safari/537.36" 
205.174.40.1 - - [09/Aug/2017:20:04:41 -0700] "GET /bootstrap/img/favicon.ico HTTP/1.1" 304 164 "http://www.secrepo.com/" "Mozilla/5.0 (Windows NT 6.1; Win64; x64) AppleWebKit/537.36 (KHTML, like Gecko) Chrome/59.0.3071.115 Safari/537.36" 
40.77.167.126 - - [09/Aug/2017:20:10:21 -0700] "GET /self.logs/error.log.2015-06-09.gz HTTP/1.1" 200 799 "-" "Mozilla/5.0 (compatible; bingbot/2.0; +http://www.bing.com/bingbot.htm)" 
101.226.33.200 - - [09/Aug/2017:20:11:33 -0700] "GET /self.logs HTTP/1.1" 301 499 "-" "Mozilla/5.0 (Windows NT 6.1; WOW64) AppleWebKit/537.36 (KHTML, like Gecko) Chrome/56.0.2924.87 Safari/537.36" 
101.226.33.200 - - [09/Aug/2017:20:11:37 -0700] "GET /self.logs/ HTTP/1.1" 200 19007 "http://www.secrepo.com/self.logs" "Mozilla/5.0 (Windows NT 6.1; WOW64) AppleWebKit/537.36 (KHTML, like Gecko) Chrome/56.0.2924.87 Safari/537.36" 
101.226.33.204 - - [09/Aug/2017:20:12:06 -0700] "GET / HTTP/1.1" 200 10794 "https://github.com/jivoi/awesome-ml-for-cybersecurity" "Mozilla/5.0 (Macintosh; Intel Mac OS X 10_12_4) AppleWebKit/537.36 (KHTML, like Gecko) \t\t\tChrome/55.0.2883.95 Safari/537.36" 
73.79.6.120 - - [09/Aug/2017:20:17:34 -0700] "GET /bootstrap/img/favicon.ico HTTP/1.1" 200 590 "-" "Mozilla/5.0 (Macintosh; Intel Mac OS X 10.9; rv:55.0) Gecko/20100101 Firefox/55.0" 
207.46.13.158 - - [09/Aug/2017:20:23:00 -0700] "GET /self.logs/error.log.2015-06-22.gz HTTP/1.1" 200 2838 "-" "Mozilla/5.0 (compatible; bingbot/2.0; +http://www.bing.com/bingbot.htm)" 
210.75.225.1 - - [09/Aug/2017:19:57:50 -0700] "GET /tg/a.zip HTTP/1.1" 200 66189337 "-" "Mozilla/5.0 (Windows NT 10.0; Win64; x64) AppleWebKit/537.36 (KHTML, like Gecko) Chrome/59.0.3071.115 Safari/537.36" 
118.201.208.102 - - [09/Aug/2017:20:28:15 -0700] "GET / HTTP/1.1" 304 189 "-" "Mozilla/5.0 (Macintosh; Intel Mac OS X 10_10_5) AppleWebKit/537.36 (KHTML, like Gecko) Chrome/60.0.3112.90 Safari/537.36" 
118.201.208.102 - - [09/Aug/2017:20:28:20 -0700] "GET /bootstrap/img/favicon.ico HTTP/1.1" 200 590 "http://www.secrepo.com/" "Mozilla/5.0 (Macintosh; Intel Mac OS X 10_10_5) AppleWebKit/537.36 (KHTML, like Gecko) Chrome/60.0.3112.90 Safari/537.36" 
111.204.219.196 - - [09/Aug/2017:20:28:42 -0700] "GET /favicon.ico HTTP/1.1" 200 268 "-" "Mozilla/5.0 (Windows NT 10.0; WOW64) AppleWebKit/537.36 (KHTML, like Gecko) Chrome/49.0.2623.75 Safari/537.36 LBBROWSER" 
207.46.13.158 - - [09/Aug/2017:20:32:54 -0700] "GET /self.logs/access.log.2015-03-01.gz HTTP/1.1" 200 2438 "-" "Mozilla/5.0 (compatible; bingbot/2.0; +http://www.bing.com/bingbot.htm)" 
216.244.66.227 - - [09/Aug/2017:20:33:48 -0700] "GET /robots.txt HTTP/1.1" 200 233 "-" "Mozilla/5.0 (compatible; DotBot/1.1; http://www.opensiteexplorer.org/dotbot, help@moz.com)" 
157.55.39.96 - - [09/Aug/2017:20:35:26 -0700] "GET /self.logs/access.log.2015-08-26.gz HTTP/1.1" 200 4737 "-" "Mozilla/5.0 (compatible; bingbot/2.0; +http://www.bing.com/bingbot.htm)" 
115.171.64.209 - - [09/Aug/2017:20:36:16 -0700] "GET / HTTP/1.1" 200 10794 "-" "Mozilla/5.0 (Windows NT 10.0; Win64; x64) AppleWebKit/537.36 (KHTML, like Gecko) Chrome/59.0.3071.115 Safari/537.36" 
115.171.64.209 - - [09/Aug/2017:20:36:17 -0700] "GET /GitHub-Mark.png HTTP/1.1" 200 7428 "http://www.secrepo.com/" "Mozilla/5.0 (Windows NT 10.0; Win64; x64) AppleWebKit/537.36 (KHTML, like Gecko) Chrome/59.0.3071.115 Safari/537.36" 
115.171.64.209 - - [09/Aug/2017:20:36:17 -0700] "GET /twitter-icon.png HTTP/1.1" 200 27787 "http://www.secrepo.com/" "Mozilla/5.0 (Windows NT 10.0; Win64; x64) AppleWebKit/537.36 (KHTML, like Gecko) Chrome/59.0.3071.115 Safari/537.36" 
115.171.64.209 - - [09/Aug/2017:20:36:21 -0700] "GET /bootstrap/img/favicon.ico HTTP/1.1" 200 590 "http://www.secrepo.com/" "Mozilla/5.0 (Windows NT 10.0; Win64; x64) AppleWebKit/537.36 (KHTML, like Gecko) Chrome/59.0.3071.115 Safari/537.36" 
203.39.128.2 - - [09/Aug/2017:20:39:15 -0700] "GET / HTTP/1.1" 200 10794 "https://www.google.com.au/" "Mozilla/5.0 (Windows NT 6.1) AppleWebKit/537.36 (KHTML, like Gecko) Chrome/60.0.3112.90 Safari/537.36" 
203.39.128.2 - - [09/Aug/2017:20:39:18 -0700] "GET /twitter-icon.png HTTP/1.1" 200 27788 "http://www.secrepo.com/" "Mozilla/5.0 (Windows NT 6.1) AppleWebKit/537.36 (KHTML, like Gecko) Chrome/60.0.3112.90 Safari/537.36" 
203.39.128.2 - - [09/Aug/2017:20:39:19 -0700] "GET /GitHub-Mark.png HTTP/1.1" 200 7428 "http://www.secrepo.com/" "Mozilla/5.0 (Windows NT 6.1) AppleWebKit/537.36 (KHTML, like Gecko) Chrome/60.0.3112.90 Safari/537.36" 
37.106.213.238 - - [09/Aug/2017:20:39:21 -0700] "GET /GitHub-Mark.png HTTP/1.1" 200 7428 "-" "Mozilla/5.0 (Windows NT 10.0; Win64; x64) AppleWebKit/537.36 (KHTML, like Gecko) Chrome/59.0.3071.115 Safari/537.36" 
37.106.213.238 - - [09/Aug/2017:20:39:20 -0700] "GET /twitter-icon.png HTTP/1.1" 200 27788 "-" "Mozilla/5.0 (Windows NT 10.0; Win64; x64) AppleWebKit/537.36 (KHTML, like Gecko) Chrome/59.0.3071.115 Safari/537.36" 
203.39.128.2 - - [09/Aug/2017:20:39:21 -0700] "GET /bootstrap/img/favicon.ico HTTP/1.1" 200 590 "http://www.secrepo.com/" "Mozilla/5.0 (Windows NT 6.1) AppleWebKit/537.36 (KHTML, like Gecko) Chrome/60.0.3112.90 Safari/537.36" 
216.244.66.227 - - [09/Aug/2017:20:41:17 -0700] "GET /self.logs/access.log.2015-04-24.gz HTTP/1.1" 200 3614 "-" "Mozilla/5.0 (compatible; DotBot/1.1; http://www.opensiteexplorer.org/dotbot, help@moz.com)" 
216.244.66.227 - - [09/Aug/2017:20:41:18 -0700] "GET /self.logs/access.log.2015-10-06.gz HTTP/1.1" 200 6124 "-" "Mozilla/5.0 (compatible; DotBot/1.1; http://www.opensiteexplorer.org/dotbot, help@moz.com)" 
216.244.66.227 - - [09/Aug/2017:20:41:19 -0700] "GET /self.logs/access.log.2015-10-20.gz HTTP/1.1" 200 6744 "-" "Mozilla/5.0 (compatible; DotBot/1.1; http://www.opensiteexplorer.org/dotbot, help@moz.com)" 
216.244.66.227 - - [09/Aug/2017:20:41:21 -0700] "GET /self.logs/access.log.2016-01-09.gz HTTP/1.1" 200 12912 "-" "Mozilla/5.0 (compatible; DotBot/1.1; http://www.opensiteexplorer.org/dotbot, help@moz.com)" 
216.244.66.227 - - [09/Aug/2017:20:41:22 -0700] "GET /self.logs/access.log.2016-02-28.gz HTTP/1.1" 200 9310 "-" "Mozilla/5.0 (compatible; DotBot/1.1; http://www.opensiteexplorer.org/dotbot, help@moz.com)" 
216.244.66.227 - - [09/Aug/2017:20:41:23 -0700] "GET /self.logs/access.log.2017-03-27.gz HTTP/1.1" 200 15486 "-" "Mozilla/5.0 (compatible; DotBot/1.1; http://www.opensiteexplorer.org/dotbot, help@moz.com)" 
216.244.66.227 - - [09/Aug/2017:20:41:25 -0700] "GET /self.logs/access.log.2017-04-21.gz HTTP/1.1" 200 22202 "-" "Mozilla/5.0 (compatible; DotBot/1.1; http://www.opensiteexplorer.org/dotbot, help@moz.com)" 
216.244.66.227 - - [09/Aug/2017:20:41:26 -0700] "GET /self.logs/error.log.2015-08-08.gz HTTP/1.1" 200 676 "-" "Mozilla/5.0 (compatible; DotBot/1.1; http://www.opensiteexplorer.org/dotbot, help@moz.com)" 
216.244.66.227 - - [09/Aug/2017:20:41:28 -0700] "GET /self.logs/error.log.2015-11-15.gz HTTP/1.1" 200 517 "-" "Mozilla/5.0 (compatible; DotBot/1.1; http://www.opensiteexplorer.org/dotbot, help@moz.com)" 
150.229.118.85 - - [09/Aug/2017:20:43:13 -0700] "GET / HTTP/1.1" 200 10794 "https://www.google.com.au/" "Mozilla/5.0 (Windows NT 6.1; WOW64) AppleWebKit/537.36 (KHTML, like Gecko) Chrome/60.0.3112.90 Safari/537.36" 
150.229.118.85 - - [09/Aug/2017:20:43:15 -0700] "GET /GitHub-Mark.png HTTP/1.1" 200 7428 "http://www.secrepo.com/" "Mozilla/5.0 (Windows NT 6.1; WOW64) AppleWebKit/537.36 (KHTML, like Gecko) Chrome/60.0.3112.90 Safari/537.36" 
150.229.118.85 - - [09/Aug/2017:20:43:15 -0700] "GET /twitter-icon.png HTTP/1.1" 200 27787 "http://www.secrepo.com/" "Mozilla/5.0 (Windows NT 6.1; WOW64) AppleWebKit/537.36 (KHTML, like Gecko) Chrome/60.0.3112.90 Safari/537.36" 
150.229.118.85 - - [09/Aug/2017:20:43:16 -0700] "GET /bootstrap/img/favicon.ico HTTP/1.1" 200 589 "http://www.secrepo.com/" "Mozilla/5.0 (Windows NT 6.1; WOW64) AppleWebKit/537.36 (KHTML, like Gecko) Chrome/60.0.3112.90 Safari/537.36" 
203.39.128.2 - - [09/Aug/2017:20:43:12 -0700] "GET /pe_static/zeus.zip HTTP/1.1" 200 51367111 "http://www.secrepo.com/" "Mozilla/5.0 (Windows NT 6.1) AppleWebKit/537.36 (KHTML, like Gecko) Chrome/60.0.3112.90 Safari/537.36" 
115.171.64.209 - - [09/Aug/2017:20:44:33 -0700] "GET /maccdc2012/maccdc2012_fast_alert.7z HTTP/1.1" 200 9478149 "-" "Mozilla/5.0 (Windows NT 10.0; Win64; x64) AppleWebKit/537.36 (KHTML, like Gecko) Chrome/59.0.3071.115 Safari/537.36" 
115.171.64.209 - - [09/Aug/2017:20:44:21 -0700] "GET /maccdc2012/http.log.gz HTTP/1.1" 200 54258816 "-" "Mozilla/5.0 (Windows NT 10.0; Win64; x64) AppleWebKit/537.36 (KHTML, like Gecko) Chrome/59.0.3071.115 Safari/537.36" 
115.171.64.209 - - [09/Aug/2017:20:44:33 -0700] "GET /maccdc2012/maccdc2012_full_alert.7z HTTP/1.1" 200 24978942 "-" "Mozilla/5.0 (Windows NT 10.0; Win64; x64) AppleWebKit/537.36 (KHTML, like Gecko) Chrome/59.0.3071.115 Safari/537.36" 
103.47.172.98 - - [09/Aug/2017:20:57:13 -0700] "GET / HTTP/1.1" 200 10794 "http://www.kdnuggets.com/2017/01/machine-learning-cyber-security.html" "Mozilla/5.0 (Windows NT 6.1) AppleWebKit/537.36 (KHTML, like Gecko) Chrome/60.0.3112.90 Safari/537.36" 
103.47.172.98 - - [09/Aug/2017:20:57:14 -0700] "GET /twitter-icon.png HTTP/1.1" 200 27787 "http://www.secrepo.com/" "Mozilla/5.0 (Windows NT 6.1) AppleWebKit/537.36 (KHTML, like Gecko) Chrome/60.0.3112.90 Safari/537.36" 
103.47.172.98 - - [09/Aug/2017:20:57:14 -0700] "GET /GitHub-Mark.png HTTP/1.1" 200 7428 "http://www.secrepo.com/" "Mozilla/5.0 (Windows NT 6.1) AppleWebKit/537.36 (KHTML, like Gecko) Chrome/60.0.3112.90 Safari/537.36" 
103.47.172.98 - - [09/Aug/2017:20:57:15 -0700] "GET /bootstrap/img/favicon.ico HTTP/1.1" 200 589 "http://www.secrepo.com/" "Mozilla/5.0 (Windows NT 6.1) AppleWebKit/537.36 (KHTML, like Gecko) Chrome/60.0.3112.90 Safari/537.36" 
125.254.12.199 - - [09/Aug/2017:20:59:05 -0700] "GET /wp-login.php HTTP/1.1" 404 295 "-" "Mozilla/5.0 (Windows NT 6.1; WOW64; rv:40.0) Gecko/20100101 Firefox/40.1" 
125.254.12.199 - - [09/Aug/2017:20:59:10 -0700] "GET /wp-login.php HTTP/1.1" 404 295 "-" "Mozilla/5.0 (Windows NT 6.1; WOW64; rv:40.0) Gecko/20100101 Firefox/40.1" 
125.254.12.199 - - [09/Aug/2017:20:59:16 -0700] "GET / HTTP/1.1" 200 36476 "-" "Mozilla/5.0 (Windows NT 6.1; WOW64; rv:40.0) Gecko/20100101 Firefox/40.1" 
203.106.79.150 - - [09/Aug/2017:21:01:19 -0700] "GET /wp-login.php HTTP/1.1" 404 295 "-" "Mozilla/5.0 (Windows NT 6.1; WOW64; rv:40.0) Gecko/20100101 Firefox/40.1" 
203.106.79.150 - - [09/Aug/2017:21:01:25 -0700] "GET /wp-login.php HTTP/1.1" 404 295 "-" "Mozilla/5.0 (Windows NT 6.1; WOW64; rv:40.0) Gecko/20100101 Firefox/40.1" 
203.106.79.150 - - [09/Aug/2017:21:01:31 -0700] "GET / HTTP/1.1" 200 36476 "-" "Mozilla/5.0 (Windows NT 6.1; WOW64; rv:40.0) Gecko/20100101 Firefox/40.1" 
211.103.88.105 - - [09/Aug/2017:21:04:23 -0700] "GET /maccdc2012/maccdc2012_full_alert.7z HTTP/1.1" 304 132 "-" "Mozilla/5.0 Gecko/20100115 Firefox/3.6" 
216.244.66.198 - - [09/Aug/2017:21:05:24 -0700] "GET /robots.txt HTTP/1.1" 200 233 "-" "Mozilla/5.0 (compatible; DotBot/1.1; http://www.opensiteexplorer.org/dotbot, help@moz.com)" 
192.99.203.35 - - [09/Aug/2017:21:09:54 -0700] "GET /robots.txt HTTP/1.1" 200 334 "-" "Mozilla/5.0 (compatible; SiteExplorer/1.1b; +http://siteexplorer.info/Backlink-Checker-Spider/)" 
192.99.203.35 - - [09/Aug/2017:21:10:13 -0700] "GET /robots.txt HTTP/1.1" 301 502 "-" "Mozilla/5.0 (compatible; SiteExplorer/1.1b; +http://siteexplorer.info/Backlink-Checker-Spider/)" 
192.99.203.35 - - [09/Aug/2017:21:10:23 -0700] "GET / HTTP/1.1" 200 10794 "-" "Mozilla/5.0 (compatible; SiteExplorer/1.1b; +http://siteexplorer.info/Backlink-Checker-Spider/)" 
216.244.66.227 - - [09/Aug/2017:21:12:53 -0700] "GET /robots.txt HTTP/1.1" 200 233 "-" "Mozilla/5.0 (compatible; DotBot/1.1; http://www.opensiteexplorer.org/dotbot, help@moz.com)" 
178.137.4.41 - - [09/Aug/2017:21:13:24 -0700] "GET / HTTP/1.1" 200 36420 "http://podshipniki-nsk.ru/" "Mozilla/4.0 (compatible; MSIE 6.0; Windows 98; Win 9x 4.90; Creative)" 
178.137.4.41 - - [09/Aug/2017:21:13:25 -0700] "GET / HTTP/1.1" 200 36420 "http://podshipniki-nsk.ru/" "Mozilla/4.0 (compatible; MSIE 6.0; Windows 98; Win 9x 4.90; Creative)" 
178.137.4.41 - - [09/Aug/2017:21:13:25 -0700] "GET / HTTP/1.1" 200 36420 "http://podshipniki-nsk.ru/" "Mozilla/4.0 (compatible; MSIE 6.0; Windows 98; Win 9x 4.90; Creative)" 
14.139.60.13 - - [09/Aug/2017:21:16:37 -0700] "GET / HTTP/1.1" 200 10794 "http://www.kdnuggets.com/2017/01/machine-learning-cyber-security.html" "Mozilla/5.0 (Windows NT 6.3; Win64; x64) AppleWebKit/537.36 (KHTML, like Gecko) Chrome/60.0.3112.90 Safari/537.36" 
14.139.60.13 - - [09/Aug/2017:21:16:38 -0700] "GET /twitter-icon.png HTTP/1.1" 200 27787 "http://www.secrepo.com/" "Mozilla/5.0 (Windows NT 6.3; Win64; x64) AppleWebKit/537.36 (KHTML, like Gecko) Chrome/60.0.3112.90 Safari/537.36" 
14.139.60.13 - - [09/Aug/2017:21:16:38 -0700] "GET /GitHub-Mark.png HTTP/1.1" 200 7428 "http://www.secrepo.com/" "Mozilla/5.0 (Windows NT 6.3; Win64; x64) AppleWebKit/537.36 (KHTML, like Gecko) Chrome/60.0.3112.90 Safari/537.36" 
78.100.192.88 - - [09/Aug/2017:21:16:52 -0700] "GET /wp-login.php HTTP/1.1" 301 522 "-" "Mozilla/5.0 (Windows NT 6.1; WOW64; rv:40.0) Gecko/20100101 Firefox/40.1" 
78.100.192.88 - - [09/Aug/2017:21:16:53 -0700] "GET /wp-login.php HTTP/1.1" 404 295 "-" "Mozilla/5.0 (Windows NT 6.1; WOW64; rv:40.0) Gecko/20100101 Firefox/40.1" 
78.100.192.88 - - [09/Aug/2017:21:16:59 -0700] "GET /wp-login.php HTTP/1.1" 301 522 "-" "Mozilla/5.0 (Windows NT 6.1; WOW64; rv:40.0) Gecko/20100101 Firefox/40.1" 
78.100.192.88 - - [09/Aug/2017:21:16:59 -0700] "GET /wp-login.php HTTP/1.1" 404 295 "-" "Mozilla/5.0 (Windows NT 6.1; WOW64; rv:40.0) Gecko/20100101 Firefox/40.1" 
78.100.192.88 - - [09/Aug/2017:21:17:05 -0700] "GET / HTTP/1.1" 301 498 "-" "Mozilla/5.0 (Windows NT 6.1; WOW64; rv:40.0) Gecko/20100101 Firefox/40.1" 
78.100.192.88 - - [09/Aug/2017:21:17:05 -0700] "GET / HTTP/1.1" 200 36476 "-" "Mozilla/5.0 (Windows NT 6.1; WOW64; rv:40.0) Gecko/20100101 Firefox/40.1" 
14.139.60.13 - - [09/Aug/2017:21:17:24 -0700] "GET /bootstrap/img/favicon.ico HTTP/1.1" 200 590 "http://www.secrepo.com/" "Mozilla/5.0 (Windows NT 6.3; Win64; x64) AppleWebKit/537.36 (KHTML, like Gecko) Chrome/60.0.3112.90 Safari/537.36" 
14.139.60.13 - - [09/Aug/2017:21:17:26 -0700] "GET /honeypot/honeypot.json.zip HTTP/1.1" 200 23085975 "http://www.secrepo.com/" "Mozilla/5.0 (Windows NT 6.3; Win64; x64) AppleWebKit/537.36 (KHTML, like Gecko) Chrome/60.0.3112.90 Safari/537.36" 
216.244.66.227 - - [09/Aug/2017:21:23:26 -0700] "GET /self.logs/access.log.2015-01-20.gz HTTP/1.1" 200 3562 "-" "Mozilla/5.0 (compatible; DotBot/1.1; http://www.opensiteexplorer.org/dotbot, help@moz.com)" 
216.244.66.227 - - [09/Aug/2017:21:23:27 -0700] "GET /self.logs/access.log.2015-12-16.gz HTTP/1.1" 200 7758 "-" "Mozilla/5.0 (compatible; DotBot/1.1; http://www.opensiteexplorer.org/dotbot, help@moz.com)" 
216.244.66.227 - - [09/Aug/2017:21:23:29 -0700] "GET /self.logs/access.log.2016-04-28.gz HTTP/1.1" 200 10710 "-" "Mozilla/5.0 (compatible; DotBot/1.1; http://www.opensiteexplorer.org/dotbot, help@moz.com)" 
216.244.66.227 - - [09/Aug/2017:21:23:30 -0700] "GET /self.logs/error.log.2015-02-01.gz HTTP/1.1" 200 698 "-" "Mozilla/5.0 (compatible; DotBot/1.1; http://www.opensiteexplorer.org/dotbot, help@moz.com)" 
216.244.66.227 - - [09/Aug/2017:21:23:32 -0700] "GET /self.logs/error.log.2015-07-03.gz HTTP/1.1" 200 607 "-" "Mozilla/5.0 (compatible; DotBot/1.1; http://www.opensiteexplorer.org/dotbot, help@moz.com)" 
216.244.66.227 - - [09/Aug/2017:21:23:33 -0700] "GET /self.logs/error.log.2016-01-07.gz HTTP/1.1" 200 676 "-" "Mozilla/5.0 (compatible; DotBot/1.1; http://www.opensiteexplorer.org/dotbot, help@moz.com)" 
216.244.66.227 - - [09/Aug/2017:21:23:35 -0700] "GET /self.logs/error.log.2017-03-29.gz HTTP/1.1" 200 664 "-" "Mozilla/5.0 (compatible; DotBot/1.1; http://www.opensiteexplorer.org/dotbot, help@moz.com)" 
73.169.50.117 - - [09/Aug/2017:21:24:36 -0700] "GET /wp-login.php HTTP/1.1" 404 295 "-" "Mozilla/5.0 (Windows NT 6.1; WOW64; rv:40.0) Gecko/20100101 Firefox/40.1" 
73.169.50.117 - - [09/Aug/2017:21:24:41 -0700] "GET /wp-login.php HTTP/1.1" 404 295 "-" "Mozilla/5.0 (Windows NT 6.1; WOW64; rv:40.0) Gecko/20100101 Firefox/40.1" 
73.169.50.117 - - [09/Aug/2017:21:24:47 -0700] "GET / HTTP/1.1" 200 36476 "-" "Mozilla/5.0 (Windows NT 6.1; WOW64; rv:40.0) Gecko/20100101 Firefox/40.1" 
216.244.66.198 - - [09/Aug/2017:21:39:10 -0700] "GET / HTTP/1.1" 200 36420 "-" "Mozilla/5.0 (compatible; DotBot/1.1; http://www.opensiteexplorer.org/dotbot, help@moz.com)" 
40.77.167.126 - - [09/Aug/2017:21:43:04 -0700] "GET /self.logs/error.log.2017-04-16.gz HTTP/1.1" 200 828 "-" "Mozilla/5.0 (compatible; bingbot/2.0; +http://www.bing.com/bingbot.htm)" 
110.170.215.99 - - [09/Aug/2017:21:45:05 -0700] "GET /wp-login.php HTTP/1.1" 404 295 "-" "Mozilla/5.0 (Windows NT 6.1; WOW64; rv:40.0) Gecko/20100101 Firefox/40.1" 
110.170.215.99 - - [09/Aug/2017:21:45:15 -0700] "GET /wp-login.php HTTP/1.1" 404 295 "-" "Mozilla/5.0 (Windows NT 6.1; WOW64; rv:40.0) Gecko/20100101 Firefox/40.1" 
110.170.215.99 - - [09/Aug/2017:21:45:22 -0700] "GET / HTTP/1.1" 200 36476 "-" "Mozilla/5.0 (Windows NT 6.1; WOW64; rv:40.0) Gecko/20100101 Firefox/40.1" 
66.249.70.29 - - [09/Aug/2017:21:46:43 -0700] "GET / HTTP/1.1" 200 10794 "-" "Mozilla/5.0 (Linux; Android 6.0.1; Nexus 5X Build/MMB29P) AppleWebKit/537.36 (KHTML, like Gecko) Chrome/41.0.2272.96 Mobile Safari/537.36 (compatible; Googlebot/2.1; +http://www.google.com/bot.html)" 
216.244.66.227 - - [09/Aug/2017:21:58:26 -0700] "GET /robots.txt HTTP/1.1" 200 233 "-" "Mozilla/5.0 (compatible; DotBot/1.1; http://www.opensiteexplorer.org/dotbot, help@moz.com)" 
40.77.167.126 - - [09/Aug/2017:21:58:57 -0700] "GET /self.logs/error.log.2016-01-05.gz HTTP/1.1" 200 598 "-" "Mozilla/5.0 (compatible; bingbot/2.0; +http://www.bing.com/bingbot.htm)" 
216.244.66.198 - - [09/Aug/2017:22:01:35 -0700] "GET /robots.txt HTTP/1.1" 200 233 "-" "Mozilla/5.0 (compatible; DotBot/1.1; http://www.opensiteexplorer.org/dotbot, help@moz.com)" 
4.15.85.74 - - [09/Aug/2017:22:07:14 -0700] "GET / HTTP/1.1" 200 10794 "-" "Mozilla/5.0 (Macintosh; Intel Mac OS X 10_12_6) AppleWebKit/537.36 (KHTML, like Gecko) Chrome/60.0.3112.90 Safari/537.36" 
4.15.85.74 - - [09/Aug/2017:22:07:17 -0700] "GET /twitter-icon.png HTTP/1.1" 200 27788 "http://www.secrepo.com/" "Mozilla/5.0 (Macintosh; Intel Mac OS X 10_12_6) AppleWebKit/537.36 (KHTML, like Gecko) Chrome/60.0.3112.90 Safari/537.36" 
4.15.85.74 - - [09/Aug/2017:22:07:17 -0700] "GET /GitHub-Mark.png HTTP/1.1" 200 7428 "http://www.secrepo.com/" "Mozilla/5.0 (Macintosh; Intel Mac OS X 10_12_6) AppleWebKit/537.36 (KHTML, like Gecko) Chrome/60.0.3112.90 Safari/537.36" 
4.15.85.74 - - [09/Aug/2017:22:07:18 -0700] "GET /bootstrap/img/favicon.ico HTTP/1.1" 200 589 "http://www.secrepo.com/" "Mozilla/5.0 (Macintosh; Intel Mac OS X 10_12_6) AppleWebKit/537.36 (KHTML, like Gecko) Chrome/60.0.3112.90 Safari/537.36" 
216.244.66.227 - - [09/Aug/2017:22:08:53 -0700] "GET /self.logs/access.log.2015-01-31.gz HTTP/1.1" 200 4129 "-" "Mozilla/5.0 (compatible; DotBot/1.1; http://www.opensiteexplorer.org/dotbot, help@moz.com)" 
216.244.66.227 - - [09/Aug/2017:22:08:54 -0700] "GET /self.logs/access.log.2015-10-18.gz HTTP/1.1" 200 4305 "-" "Mozilla/5.0 (compatible; DotBot/1.1; http://www.opensiteexplorer.org/dotbot, help@moz.com)" 
216.244.66.227 - - [09/Aug/2017:22:08:56 -0700] "GET /self.logs/access.log.2016-04-20.gz HTTP/1.1" 200 9265 "-" "Mozilla/5.0 (compatible; DotBot/1.1; http://www.opensiteexplorer.org/dotbot, help@moz.com)" 
216.244.66.227 - - [09/Aug/2017:22:08:57 -0700] "GET /self.logs/access.log.2016-07-07.gz HTTP/1.1" 200 11135 "-" "Mozilla/5.0 (compatible; DotBot/1.1; http://www.opensiteexplorer.org/dotbot, help@moz.com)" 
216.244.66.227 - - [09/Aug/2017:22:08:58 -0700] "GET /self.logs/access.log.2017-02-08.gz HTTP/1.1" 200 31133 "-" "Mozilla/5.0 (compatible; DotBot/1.1; http://www.opensiteexplorer.org/dotbot, help@moz.com)" 
216.244.66.227 - - [09/Aug/2017:22:09:00 -0700] "GET /self.logs/access.log.2017-03-28.gz HTTP/1.1" 200 15362 "-" "Mozilla/5.0 (compatible; DotBot/1.1; http://www.opensiteexplorer.org/dotbot, help@moz.com)" 
216.244.66.227 - - [09/Aug/2017:22:09:01 -0700] "GET /self.logs/error.log.2015-07-21.gz HTTP/1.1" 200 945 "-" "Mozilla/5.0 (compatible; DotBot/1.1; http://www.opensiteexplorer.org/dotbot, help@moz.com)" 
216.244.66.227 - - [09/Aug/2017:22:09:03 -0700] "GET /self.logs/error.log.2016-06-28.gz HTTP/1.1" 200 975 "-" "Mozilla/5.0 (compatible; DotBot/1.1; http://www.opensiteexplorer.org/dotbot, help@moz.com)" 
4.15.85.74 - - [09/Aug/2017:22:09:27 -0700] "GET /auth.log/auth.log.gz HTTP/1.1" 200 554524 "-" "Mozilla/5.0 (Macintosh; Intel Mac OS X 10_12_6) AppleWebKit/537.36 (KHTML, like Gecko) Chrome/60.0.3112.90 Safari/537.36" 
120.221.1.28 - - [09/Aug/2017:22:18:50 -0700] "GET /maccdc2012/files.log.gz HTTP/1.1" 304 155 "-" "Mozilla/5.0 Gecko/20100115 Firefox/3.6" 
46.185.123.199 - - [09/Aug/2017:22:20:24 -0700] "GET /honeypot/BSidesDFW%20-%202014.ipynb HTTP/1.0" 200 439460 "http://www.secrepo.com/honeypot/BSidesDFW%20-%202014.ipynb" "Mozilla/5.0 (Macintosh; Intel Mac OS X 10_12_3) AppleWebKit/537.36 (KHTML, like Gecko) Chrome/57.0.2987.133 Safari/537.36" 
46.185.123.199 - - [09/Aug/2017:22:21:09 -0700] "GET / HTTP/1.0" 200 36465 "http://www.secrepo.com/" "Mozilla/5.0 (Macintosh; Intel Mac OS X 10_12_3) AppleWebKit/537.36 (KHTML, like Gecko) Chrome/57.0.2987.133 Safari/537.36" 
114.246.68.219 - - [09/Aug/2017:22:26:00 -0700] "GET / HTTP/1.1" 200 10794 "http://link.zhihu.com/?target=http%3A//www.secrepo.com/" "Mozilla/5.0 (Windows NT 10.0; Win64; x64) AppleWebKit/537.36 (KHTML, like Gecko) Chrome/51.0.2704.79 Safari/537.36 Edge/14.14393" 
106.120.160.109 - - [09/Aug/2017:22:26:52 -0700] "GET / HTTP/1.1" 200 36465 "http://www.secrepo.com/" "Mozilla/4.0 (compatible; MSIE 8.0; Windows NT 6.1; Trident/4.0; SLCC2; .NET CLR 2.0.50727; .NET CLR 3.5.30729; .NET CLR 3.0.30729; Media Center PC 6.0; Tablet PC 2.0)" 
101.199.108.54 - - [09/Aug/2017:22:27:12 -0700] "GET / HTTP/1.1" 200 10794 "-" "Mozilla/5.0 (Linux; U; Android 5.0.2; zh-CN; Redmi Note 3 Build/LRX22G) AppleWebKit/537.36 (KHTML, like Gecko) Version/4.0 OPR/11.2.3.102637 Mobile Safari/537.36" 
216.244.66.198 - - [09/Aug/2017:22:36:16 -0700] "GET /self.logs/error.log.2016-01-22 HTTP/1.1" 200 233 "-" "Mozilla/5.0 (compatible; DotBot/1.1; http://www.opensiteexplorer.org/dotbot, help@moz.com)" 
39.90.239.92 - - [09/Aug/2017:22:38:02 -0700] "GET /favicon.ico HTTP/1.1" 200 268 "-" "Mozilla/5.0 (Windows NT 10.0; WOW64) AppleWebKit/537.36 (KHTML, like Gecko) Chrome/55.0.2883.87 Safari/537.36" 
216.244.66.227 - - [09/Aug/2017:22:40:52 -0700] "GET /robots.txt HTTP/1.1" 200 233 "-" "Mozilla/5.0 (compatible; DotBot/1.1; http://www.opensiteexplorer.org/dotbot, help@moz.com)" 
40.77.167.116 - - [09/Aug/2017:22:50:27 -0700] "GET /self.logs/access.log.2015-06-24.gz HTTP/1.1" 200 4094 "-" "Mozilla/5.0 (compatible; bingbot/2.0; +http://www.bing.com/bingbot.htm)" 
216.244.66.227 - - [09/Aug/2017:22:50:57 -0700] "GET /self.logs/access.log.2015-06-06.gz HTTP/1.1" 200 3153 "-" "Mozilla/5.0 (compatible; DotBot/1.1; http://www.opensiteexplorer.org/dotbot, help@moz.com)" 
216.244.66.227 - - [09/Aug/2017:22:50:58 -0700] "GET /self.logs/access.log.2016-12-22.gz HTTP/1.1" 200 16429 "-" "Mozilla/5.0 (compatible; DotBot/1.1; http://www.opensiteexplorer.org/dotbot, help@moz.com)" 
216.244.66.227 - - [09/Aug/2017:22:50:59 -0700] "GET /self.logs/access.log.2016-12-27.gz HTTP/1.1" 200 31146 "-" "Mozilla/5.0 (compatible; DotBot/1.1; http://www.opensiteexplorer.org/dotbot, help@moz.com)" 
216.244.66.227 - - [09/Aug/2017:22:51:00 -0700] "GET /self.logs/access.log.2017-06-29.gz HTTP/1.1" 200 15305 "-" "Mozilla/5.0 (compatible; DotBot/1.1; http://www.opensiteexplorer.org/dotbot, help@moz.com)" 
216.244.66.227 - - [09/Aug/2017:22:51:01 -0700] "GET /self.logs/error.log.2015-01-23.gz HTTP/1.1" 200 544 "-" "Mozilla/5.0 (compatible; DotBot/1.1; http://www.opensiteexplorer.org/dotbot, help@moz.com)" 
216.244.66.227 - - [09/Aug/2017:22:51:03 -0700] "GET /self.logs/error.log.2015-02-16.gz HTTP/1.1" 200 7335 "-" "Mozilla/5.0 (compatible; DotBot/1.1; http://www.opensiteexplorer.org/dotbot, help@moz.com)" 
216.244.66.227 - - [09/Aug/2017:22:51:04 -0700] "GET /self.logs/error.log.2015-03-23.gz HTTP/1.1" 200 1340 "-" "Mozilla/5.0 (compatible; DotBot/1.1; http://www.opensiteexplorer.org/dotbot, help@moz.com)" 
216.244.66.227 - - [09/Aug/2017:22:51:05 -0700] "GET /self.logs/error.log.2015-04-06.gz HTTP/1.1" 200 563 "-" "Mozilla/5.0 (compatible; DotBot/1.1; http://www.opensiteexplorer.org/dotbot, help@moz.com)" 
216.244.66.227 - - [09/Aug/2017:22:51:06 -0700] "GET /self.logs/error.log.2015-04-20.gz HTTP/1.1" 200 861 "-" "Mozilla/5.0 (compatible; DotBot/1.1; http://www.opensiteexplorer.org/dotbot, help@moz.com)" 
216.244.66.227 - - [09/Aug/2017:22:51:07 -0700] "GET /self.logs/error.log.2015-05-27.gz HTTP/1.1" 200 599 "-" "Mozilla/5.0 (compatible; DotBot/1.1; http://www.opensiteexplorer.org/dotbot, help@moz.com)" 
216.244.66.227 - - [09/Aug/2017:22:51:08 -0700] "GET /self.logs/error.log.2015-08-07.gz HTTP/1.1" 200 992 "-" "Mozilla/5.0 (compatible; DotBot/1.1; http://www.opensiteexplorer.org/dotbot, help@moz.com)" 
216.244.66.227 - - [09/Aug/2017:22:51:09 -0700] "GET /self.logs/error.log.2016-02-04.gz HTTP/1.1" 200 805 "-" "Mozilla/5.0 (compatible; DotBot/1.1; http://www.opensiteexplorer.org/dotbot, help@moz.com)" 
216.244.66.227 - - [09/Aug/2017:22:51:10 -0700] "GET /self.logs/error.log.2017-05-15.gz HTTP/1.1" 200 1408 "-" "Mozilla/5.0 (compatible; DotBot/1.1; http://www.opensiteexplorer.org/dotbot, help@moz.com)" 
120.192.95.88 - - [09/Aug/2017:23:00:46 -0700] "GET /maccdc2012/maccdc2012_full_alert.7z HTTP/1.1" 304 132 "-" "Mozilla/5.0 Gecko/20100115 Firefox/3.6" 
182.232.11.74 - - [09/Aug/2017:23:01:00 -0700] "GET / HTTP/1.1" 200 10794 "-" "Mozilla/5.0 (Linux; Android 7.0; SM-G935F Build/NRD90M; wv) AppleWebKit/537.36 (KHTML, like Gecko) Version/4.0 Chrome/59.0.3071.125 Mobile Safari/537.36 Line/7.3.0/IAB" 
182.232.11.74 - - [09/Aug/2017:23:01:02 -0700] "GET /twitter-icon.png HTTP/1.1" 200 27732 "http://www.secrepo.com/" "Mozilla/5.0 (Linux; Android 7.0; SM-G935F Build/NRD90M; wv) AppleWebKit/537.36 (KHTML, like Gecko) Version/4.0 Chrome/59.0.3071.125 Mobile Safari/537.36 Line/7.3.0/IAB" 
182.232.11.74 - - [09/Aug/2017:23:01:03 -0700] "GET /GitHub-Mark.png HTTP/1.1" 200 7372 "http://www.secrepo.com/" "Mozilla/5.0 (Linux; Android 7.0; SM-G935F Build/NRD90M; wv) AppleWebKit/537.36 (KHTML, like Gecko) Version/4.0 Chrome/59.0.3071.125 Mobile Safari/537.36 Line/7.3.0/IAB" 
212.81.152.194 - - [09/Aug/2017:23:02:00 -0700] "GET /bootstrap/img/favicon.ico HTTP/1.1" 200 590 "-" "Mozilla/5.0 (Windows NT 10.0; WOW64; rv:54.0) Gecko/20100101 Firefox/54.0" 
27.214.67.14 - - [09/Aug/2017:23:07:44 -0700] "GET /favicon.ico HTTP/1.1" 200 212 "-" "Mozilla/4.0 (compatible; MSIE 7.0; Windows NT 5.1; Trident/4.0; .NET CLR 2.0.50727; 360space)" 
111.93.189.62 - - [09/Aug/2017:23:12:41 -0700] "GET /self.logs/ HTTP/1.1" 200 19007 "http://enigmater.blogspot.in/2017/03/intrusion-detection-based-on-supervised.html" "Mozilla/5.0 (Windows NT 10.0; Win64; x64) AppleWebKit/537.36 (KHTML, like Gecko) Chrome/59.0.3071.115 Safari/537.36" 
111.93.189.62 - - [09/Aug/2017:23:12:42 -0700] "GET /favicon.ico HTTP/1.1" 200 267 "http://www.secrepo.com/self.logs/" "Mozilla/5.0 (Windows NT 10.0; Win64; x64) AppleWebKit/537.36 (KHTML, like Gecko) Chrome/59.0.3071.115 Safari/537.36" 
111.93.189.62 - - [09/Aug/2017:23:12:45 -0700] "GET /self.logs/access.log.2015-03-11.gz HTTP/1.1" 200 2460 "http://www.secrepo.com/self.logs/" "Mozilla/5.0 (Windows NT 10.0; Win64; x64) AppleWebKit/537.36 (KHTML, like Gecko) Chrome/59.0.3071.115 Safari/537.36" 
216.244.66.227 - - [09/Aug/2017:23:24:43 -0700] "GET /robots.txt HTTP/1.1" 200 233 "-" "Mozilla/5.0 (compatible; DotBot/1.1; http://www.opensiteexplorer.org/dotbot, help@moz.com)" 
216.244.66.227 - - [09/Aug/2017:23:33:41 -0700] "GET /self.logs/access.log.2015-06-17.gz HTTP/1.1" 200 5680 "-" "Mozilla/5.0 (compatible; DotBot/1.1; http://www.opensiteexplorer.org/dotbot, help@moz.com)" 
216.244.66.227 - - [09/Aug/2017:23:33:43 -0700] "GET /self.logs/access.log.2015-08-23.gz HTTP/1.1" 200 4846 "-" "Mozilla/5.0 (compatible; DotBot/1.1; http://www.opensiteexplorer.org/dotbot, help@moz.com)" 
216.244.66.227 - - [09/Aug/2017:23:33:45 -0700] "GET /self.logs/access.log.2016-06-10.gz HTTP/1.1" 200 16711 "-" "Mozilla/5.0 (compatible; DotBot/1.1; http://www.opensiteexplorer.org/dotbot, help@moz.com)" 
216.244.66.227 - - [09/Aug/2017:23:33:46 -0700] "GET /self.logs/error.log.2015-08-03.gz HTTP/1.1" 200 620 "-" "Mozilla/5.0 (compatible; DotBot/1.1; http://www.opensiteexplorer.org/dotbot, help@moz.com)" 
216.244.66.227 - - [09/Aug/2017:23:33:48 -0700] "GET /self.logs/error.log.2016-05-27.gz HTTP/1.1" 200 842 "-" "Mozilla/5.0 (compatible; DotBot/1.1; http://www.opensiteexplorer.org/dotbot, help@moz.com)" 
40.133.121.148 - - [09/Aug/2017:23:36:32 -0700] "GET / HTTP/1.1" 200 10794 "-" "Mozilla/5.0 (Windows NT 10.0; Win64; x64) AppleWebKit/537.36 (KHTML, like Gecko) Chrome/57.0.2987.110 Safari/537.36" 
40.133.121.148 - - [09/Aug/2017:23:36:33 -0700] "GET /twitter-icon.png HTTP/1.1" 200 27787 "http://www.secrepo.com/" "Mozilla/5.0 (Windows NT 10.0; Win64; x64) AppleWebKit/537.36 (KHTML, like Gecko) Chrome/57.0.2987.110 Safari/537.36" 
40.133.121.148 - - [09/Aug/2017:23:36:33 -0700] "GET /GitHub-Mark.png HTTP/1.1" 200 7428 "http://www.secrepo.com/" "Mozilla/5.0 (Windows NT 10.0; Win64; x64) AppleWebKit/537.36 (KHTML, like Gecko) Chrome/57.0.2987.110 Safari/537.36" 
40.133.121.148 - - [09/Aug/2017:23:36:35 -0700] "GET /bootstrap/img/favicon.ico HTTP/1.1" 200 589 "http://www.secrepo.com/" "Mozilla/5.0 (Windows NT 10.0; Win64; x64) AppleWebKit/537.36 (KHTML, like Gecko) Chrome/57.0.2987.110 Safari/537.36" 
157.55.39.96 - - [09/Aug/2017:23:38:29 -0700] "GET /self.logs/access.log.2017-02-07.gz HTTP/1.1" 200 19956 "-" "Mozilla/5.0 (compatible; bingbot/2.0; +http://www.bing.com/bingbot.htm)" 
222.209.32.248 - - [09/Aug/2017:23:39:30 -0700] "GET / HTTP/1.1" 200 10794 "-" "Mozilla/5.0 (X11; Linux x86_64) AppleWebKit/537.36 (KHTML, like Gecko) Ubuntu Chromium/53.0.2785.143 Chrome/53.0.2785.143 Safari/537.36" 
222.209.32.248 - - [09/Aug/2017:23:39:30 -0700] "GET /GitHub-Mark.png HTTP/1.1" 200 7428 "http://www.secrepo.com/" "Mozilla/5.0 (X11; Linux x86_64) AppleWebKit/537.36 (KHTML, like Gecko) Ubuntu Chromium/53.0.2785.143 Chrome/53.0.2785.143 Safari/537.36" 
222.209.32.248 - - [09/Aug/2017:23:39:30 -0700] "GET /twitter-icon.png HTTP/1.1" 200 27787 "http://www.secrepo.com/" "Mozilla/5.0 (X11; Linux x86_64) AppleWebKit/537.36 (KHTML, like Gecko) Ubuntu Chromium/53.0.2785.143 Chrome/53.0.2785.143 Safari/537.36" 
101.207.125.159 - - [09/Aug/2017:23:41:34 -0700] "GET / HTTP/1.1" 200 10794 "-" "Mozilla/5.0 (X11; Ubuntu; Linux x86_64; rv:51.0) Gecko/20100101 Firefox/51.0" 
101.207.125.159 - - [09/Aug/2017:23:41:34 -0700] "GET /bootstrap/img/favicon.ico HTTP/1.1" 200 589 "-" "Mozilla/5.0 (X11; Ubuntu; Linux x86_64; rv:51.0) Gecko/20100101 Firefox/51.0" 
101.207.125.159 - - [09/Aug/2017:23:41:35 -0700] "GET /twitter-icon.png HTTP/1.1" 200 27787 "http://www.secrepo.com/" "Mozilla/5.0 (X11; Ubuntu; Linux x86_64; rv:51.0) Gecko/20100101 Firefox/51.0" 
101.207.125.159 - - [09/Aug/2017:23:41:35 -0700] "GET /GitHub-Mark.png HTTP/1.1" 200 7428 "http://www.secrepo.com/" "Mozilla/5.0 (X11; Ubuntu; Linux x86_64; rv:51.0) Gecko/20100101 Firefox/51.0" 
45.34.34.10 - - [09/Aug/2017:23:47:57 -0700] "GET / HTTP/1.1" 200 10794 "http://www.baidu.com" "Mozilla/4.0 (compatible; MSIE 9.0; Windows NT 6.1)" 
46.229.170.193 - - [09/Aug/2017:23:48:44 -0700] "GET / HTTP/1.1" 200 36420 "-" "Mozilla/5.0 (X11; Linux x86_64; rv:2.2a1pre) Gecko/20110324 Firefox/4.2a1pre" 
111.93.189.62 - - [09/Aug/2017:23:53:39 -0700] "GET /self.logs/access.log.2015-03-23.gz HTTP/1.1" 200 4133 "http://www.secrepo.com/self.logs/" "Mozilla/5.0 (Windows NT 10.0; Win64; x64) AppleWebKit/537.36 (KHTML, like Gecko) Chrome/59.0.3071.115 Safari/537.36" 
157.55.39.96 - - [09/Aug/2017:23:55:05 -0700] "GET /self.logs/access.log.2016-01-31.gz HTTP/1.1" 200 5811 "-" "Mozilla/5.0 (compatible; bingbot/2.0; +http://www.bing.com/bingbot.htm)" 
46.254.241.214 - - [09/Aug/2017:23:57:21 -0700] "GET / HTTP/1.1" 200 36476 "https://www.google.ru/" "Mozilla/5.0 (Windows NT 6.1; Win64; x64; rv:54.0) Gecko/20100101 Firefox/54.0" 
46.254.241.214 - - [09/Aug/2017:23:57:21 -0700] "GET /bootstrap/img/favicon.ico HTTP/1.1" 200 589 "-" "Mozilla/5.0 (Windows NT 6.1; Win64; x64; rv:54.0) Gecko/20100101 Firefox/54.0" 
46.254.241.214 - - [09/Aug/2017:23:57:21 -0700] "GET /twitter-icon.png HTTP/1.1" 200 27788 "http://www.secrepo.com/" "Mozilla/5.0 (Windows NT 6.1; Win64; x64; rv:54.0) Gecko/20100101 Firefox/54.0" 
46.254.241.214 - - [09/Aug/2017:23:57:21 -0700] "GET /GitHub-Mark.png HTTP/1.1" 200 7428 "http://www.secrepo.com/" "Mozilla/5.0 (Windows NT 6.1; Win64; x64; rv:54.0) Gecko/20100101 Firefox/54.0" 
61.6.76.114 - - [09/Aug/2017:23:58:57 -0700] "GET /wp-login.php HTTP/1.1" 404 295 "-" "Mozilla/5.0 (Windows NT 6.1; WOW64; rv:40.0) Gecko/20100101 Firefox/40.1" 
61.6.76.114 - - [09/Aug/2017:23:59:03 -0700] "GET /wp-login.php HTTP/1.1" 404 295 "-" "Mozilla/5.0 (Windows NT 6.1; WOW64; rv:40.0) Gecko/20100101 Firefox/40.1" 
61.6.76.114 - - [09/Aug/2017:23:59:08 -0700] "GET / HTTP/1.1" 200 36476 "-" "Mozilla/5.0 (Windows NT 6.1; WOW64; rv:40.0) Gecko/20100101 Firefox/40.1" 
211.103.88.105 - - [10/Aug/2017:00:04:27 -0700] "GET /maccdc2012/maccdc2012_full_alert.7z HTTP/1.1" 304 132 "-" "Mozilla/5.0 Gecko/20100115 Firefox/3.6" 
196.52.38.7 - - [10/Aug/2017:00:05:38 -0700] "HEAD / HTTP/1.1" 301 290 "-" "python-requests/2.18.1" 
196.52.38.7 - - [10/Aug/2017:00:05:40 -0700] "HEAD / HTTP/1.1" 200 319 "-" "python-requests/2.18.1" 
157.55.39.96 - - [10/Aug/2017:00:07:19 -0700] "GET /self.logs/error.log.2016-04-15.gz HTTP/1.1" 200 610 "-" "Mozilla/5.0 (compatible; bingbot/2.0; +http://www.bing.com/bingbot.htm)" 
195.212.199.56 - - [10/Aug/2017:00:18:43 -0700] "GET / HTTP/1.1" 304 189 "-" "Mozilla/5.0 (Macintosh; Intel Mac OS X 10_12_6) AppleWebKit/537.36 (KHTML, like Gecko) Chrome/59.0.3071.115 Safari/537.36" 
207.46.13.158 - - [10/Aug/2017:00:19:16 -0700] "GET /self.logs/ HTTP/1.1" 200 19007 "-" "Mozilla/5.0 (iPhone; CPU iPhone OS 7_0 like Mac OS X) AppleWebKit/537.51.1 (KHTML, like Gecko) Version/7.0 Mobile/11A465 Safari/9537.53 (compatible; bingbot/2.0; +http://www.bing.com/bingbot.htm)" 
195.212.199.56 - - [10/Aug/2017:00:19:37 -0700] "GET /maccdc2012/dhcp.log.gz HTTP/1.1" 200 45019 "-" "Mozilla/5.0 (Macintosh; Intel Mac OS X 10_12_6) AppleWebKit/537.36 (KHTML, like Gecko) Chrome/59.0.3071.115 Safari/537.36" 
139.191.247.0 - - [10/Aug/2017:00:23:22 -0700] "GET / HTTP/1.1" 200 10794 "-" "Mozilla/5.0 (Windows NT 10.0; Win64; x64) AppleWebKit/537.36 (KHTML, like Gecko) Chrome/60.0.3112.90 Safari/537.36" 
139.191.247.0 - - [10/Aug/2017:00:23:22 -0700] "GET /twitter-icon.png HTTP/1.1" 200 27787 "http://www.secrepo.com/" "Mozilla/5.0 (Windows NT 10.0; Win64; x64) AppleWebKit/537.36 (KHTML, like Gecko) Chrome/60.0.3112.90 Safari/537.36" 
139.191.247.0 - - [10/Aug/2017:00:23:22 -0700] "GET /GitHub-Mark.png HTTP/1.1" 200 7428 "http://www.secrepo.com/" "Mozilla/5.0 (Windows NT 10.0; Win64; x64) AppleWebKit/537.36 (KHTML, like Gecko) Chrome/60.0.3112.90 Safari/537.36" 
139.191.247.0 - - [10/Aug/2017:00:23:22 -0700] "GET /bootstrap/img/favicon.ico HTTP/1.1" 200 589 "http://www.secrepo.com/" "Mozilla/5.0 (Windows NT 10.0; Win64; x64) AppleWebKit/537.36 (KHTML, like Gecko) Chrome/60.0.3112.90 Safari/537.36" 
218.89.188.228 - - [10/Aug/2017:00:27:22 -0700] "GET / HTTP/1.1" 200 10738 "https://www.researchgate.net/" "Mozilla/5.0 (Windows NT 5.1) AppleWebKit/537.36 (KHTML, like Gecko) Chrome/55.0.2883.87 Safari/537.36" 
218.89.188.228 - - [10/Aug/2017:00:27:24 -0700] "GET /twitter-icon.png HTTP/1.1" 200 27732 "http://www.secrepo.com/" "Mozilla/5.0 (Windows NT 5.1) AppleWebKit/537.36 (KHTML, like Gecko) Chrome/55.0.2883.87 Safari/537.36" 
218.89.188.228 - - [10/Aug/2017:00:27:24 -0700] "GET /GitHub-Mark.png HTTP/1.1" 200 7372 "http://www.secrepo.com/" "Mozilla/5.0 (Windows NT 5.1) AppleWebKit/537.36 (KHTML, like Gecko) Chrome/55.0.2883.87 Safari/537.36" 
218.89.188.228 - - [10/Aug/2017:00:28:33 -0700] "GET /bootstrap/img/favicon.ico HTTP/1.1" 200 534 "http://www.secrepo.com/" "Mozilla/5.0 (Windows NT 5.1) AppleWebKit/537.36 (KHTML, like Gecko) Chrome/55.0.2883.87 Safari/537.36" 
61.6.76.114 - - [10/Aug/2017:00:34:54 -0700] "GET /wp-login.php HTTP/1.1" 301 522 "-" "Mozilla/5.0 (Windows NT 6.1; WOW64; rv:40.0) Gecko/20100101 Firefox/40.1" 
61.6.76.114 - - [10/Aug/2017:00:34:55 -0700] "GET /wp-login.php HTTP/1.1" 404 295 "-" "Mozilla/5.0 (Windows NT 6.1; WOW64; rv:40.0) Gecko/20100101 Firefox/40.1" 
61.6.76.114 - - [10/Aug/2017:00:35:00 -0700] "GET /wp-login.php HTTP/1.1" 301 522 "-" "Mozilla/5.0 (Windows NT 6.1; WOW64; rv:40.0) Gecko/20100101 Firefox/40.1" 
61.6.76.114 - - [10/Aug/2017:00:35:01 -0700] "GET /wp-login.php HTTP/1.1" 404 295 "-" "Mozilla/5.0 (Windows NT 6.1; WOW64; rv:40.0) Gecko/20100101 Firefox/40.1" 
61.6.76.114 - - [10/Aug/2017:00:35:06 -0700] "GET / HTTP/1.1" 301 498 "-" "Mozilla/5.0 (Windows NT 6.1; WOW64; rv:40.0) Gecko/20100101 Firefox/40.1" 
61.6.76.114 - - [10/Aug/2017:00:35:07 -0700] "GET / HTTP/1.1" 200 36476 "-" "Mozilla/5.0 (Windows NT 6.1; WOW64; rv:40.0) Gecko/20100101 Firefox/40.1" 
103.7.29.7 - - [10/Aug/2017:00:35:21 -0700] "GET / HTTP/1.1" 304 189 "-" "Mozilla/5.0 (Windows NT 6.1; WOW64) AppleWebKit/537.36 (KHTML, like Gecko) Chrome/59.0.3071.115 Safari/537.36" 
