116.9.163.134 - - [05/Dec/2016:00:38:33 -0800] "GET /maccdc2012/maccdc2012_fast_alert.7z HTTP/1.1" 206 65886 "-" "Mozilla/5.0 (Linux; Android) AppleWebKit/537.36 (KHTML, like Gecko) Chrome/34.0.1847.131 Safari/537.36" 
116.9.163.134 - - [05/Dec/2016:00:38:50 -0800] "GET /maccdc2012/maccdc2012_fast_alert.7z HTTP/1.1" 206 65887 "-" "Mozilla/5.0 (Linux; Android) AppleWebKit/537.36 (KHTML, like Gecko) Chrome/34.0.1847.131 Safari/537.36" 
116.9.163.134 - - [05/Dec/2016:00:38:53 -0800] "GET /maccdc2012/maccdc2012_fast_alert.7z HTTP/1.1" 206 65886 "-" "Mozilla/5.0 (Linux; Android) AppleWebKit/537.36 (KHTML, like Gecko) Chrome/34.0.1847.131 Safari/537.36" 
116.9.163.134 - - [05/Dec/2016:00:38:57 -0800] "GET /maccdc2012/maccdc2012_fast_alert.7z HTTP/1.1" 206 65886 "-" "Mozilla/5.0 (Linux; Android) AppleWebKit/537.36 (KHTML, like Gecko) Chrome/34.0.1847.131 Safari/537.36" 
116.9.163.134 - - [05/Dec/2016:00:39:00 -0800] "GET /maccdc2012/maccdc2012_fast_alert.7z HTTP/1.1" 206 65886 "-" "Mozilla/5.0 (Linux; Android) AppleWebKit/537.36 (KHTML, like Gecko) Chrome/34.0.1847.131 Safari/537.36" 
116.9.163.134 - - [05/Dec/2016:00:39:03 -0800] "GET /maccdc2012/maccdc2012_fast_alert.7z HTTP/1.1" 206 65886 "-" "Mozilla/5.0 (Linux; Android) AppleWebKit/537.36 (KHTML, like Gecko) Chrome/34.0.1847.131 Safari/537.36" 
116.9.163.134 - - [05/Dec/2016:00:39:06 -0800] "GET /maccdc2012/maccdc2012_fast_alert.7z HTTP/1.1" 206 65886 "-" "Mozilla/5.0 (Linux; Android) AppleWebKit/537.36 (KHTML, like Gecko) Chrome/34.0.1847.131 Safari/537.36" 
116.9.163.134 - - [05/Dec/2016:00:39:09 -0800] "GET /maccdc2012/maccdc2012_fast_alert.7z HTTP/1.1" 206 65886 "-" "Mozilla/5.0 (Linux; Android) AppleWebKit/537.36 (KHTML, like Gecko) Chrome/34.0.1847.131 Safari/537.36" 
116.9.163.134 - - [05/Dec/2016:00:39:12 -0800] "GET /maccdc2012/maccdc2012_fast_alert.7z HTTP/1.1" 206 65886 "-" "Mozilla/5.0 (Linux; Android) AppleWebKit/537.36 (KHTML, like Gecko) Chrome/34.0.1847.131 Safari/537.36" 
116.9.163.134 - - [05/Dec/2016:00:39:15 -0800] "GET /maccdc2012/maccdc2012_fast_alert.7z HTTP/1.1" 206 65886 "-" "Mozilla/5.0 (Linux; Android) AppleWebKit/537.36 (KHTML, like Gecko) Chrome/34.0.1847.131 Safari/537.36" 
116.9.163.134 - - [05/Dec/2016:00:39:31 -0800] "GET /maccdc2012/maccdc2012_fast_alert.7z HTTP/1.1" 206 65887 "-" "Mozilla/5.0 (Linux; Android) AppleWebKit/537.36 (KHTML, like Gecko) Chrome/34.0.1847.131 Safari/537.36" 
116.9.163.134 - - [05/Dec/2016:00:39:47 -0800] "GET /maccdc2012/maccdc2012_fast_alert.7z HTTP/1.1" 206 65887 "-" "Mozilla/5.0 (Linux; Android) AppleWebKit/537.36 (KHTML, like Gecko) Chrome/34.0.1847.131 Safari/537.36" 
116.9.163.134 - - [05/Dec/2016:00:39:48 -0800] "GET /maccdc2012/maccdc2012_fast_alert.7z HTTP/1.1" 206 65886 "-" "Mozilla/5.0 (Linux; Android) AppleWebKit/537.36 (KHTML, like Gecko) Chrome/34.0.1847.131 Safari/537.36" 
116.9.163.134 - - [05/Dec/2016:00:39:49 -0800] "GET /maccdc2012/maccdc2012_fast_alert.7z HTTP/1.1" 206 65886 "-" "Mozilla/5.0 (Linux; Android) AppleWebKit/537.36 (KHTML, like Gecko) Chrome/34.0.1847.131 Safari/537.36" 
116.9.163.134 - - [05/Dec/2016:00:39:50 -0800] "GET /maccdc2012/maccdc2012_fast_alert.7z HTTP/1.1" 206 65886 "-" "Mozilla/5.0 (Linux; Android) AppleWebKit/537.36 (KHTML, like Gecko) Chrome/34.0.1847.131 Safari/537.36" 
116.9.163.134 - - [05/Dec/2016:00:39:51 -0800] "GET /maccdc2012/maccdc2012_fast_alert.7z HTTP/1.1" 206 65886 "-" "Mozilla/5.0 (Linux; Android) AppleWebKit/537.36 (KHTML, like Gecko) Chrome/34.0.1847.131 Safari/537.36" 
116.9.163.134 - - [05/Dec/2016:00:40:06 -0800] "GET /maccdc2012/maccdc2012_fast_alert.7z HTTP/1.1" 206 65887 "-" "Mozilla/5.0 (Linux; Android) AppleWebKit/537.36 (KHTML, like Gecko) Chrome/34.0.1847.131 Safari/537.36" 
116.9.163.134 - - [05/Dec/2016:00:40:07 -0800] "GET /maccdc2012/maccdc2012_fast_alert.7z HTTP/1.1" 206 65886 "-" "Mozilla/5.0 (Linux; Android) AppleWebKit/537.36 (KHTML, like Gecko) Chrome/34.0.1847.131 Safari/537.36" 
116.9.163.134 - - [05/Dec/2016:00:40:10 -0800] "GET /maccdc2012/maccdc2012_fast_alert.7z HTTP/1.1" 206 65886 "-" "Mozilla/5.0 (Linux; Android) AppleWebKit/537.36 (KHTML, like Gecko) Chrome/34.0.1847.131 Safari/537.36" 
116.9.163.134 - - [05/Dec/2016:00:40:11 -0800] "GET /maccdc2012/maccdc2012_fast_alert.7z HTTP/1.1" 206 65886 "-" "Mozilla/5.0 (Linux; Android) AppleWebKit/537.36 (KHTML, like Gecko) Chrome/34.0.1847.131 Safari/537.36" 
116.9.163.134 - - [05/Dec/2016:00:40:13 -0800] "GET /maccdc2012/maccdc2012_fast_alert.7z HTTP/1.1" 206 65886 "-" "Mozilla/5.0 (Linux; Android) AppleWebKit/537.36 (KHTML, like Gecko) Chrome/34.0.1847.131 Safari/537.36" 
116.9.163.134 - - [05/Dec/2016:00:40:15 -0800] "GET /maccdc2012/maccdc2012_fast_alert.7z HTTP/1.1" 206 65886 "-" "Mozilla/5.0 (Linux; Android) AppleWebKit/537.36 (KHTML, like Gecko) Chrome/34.0.1847.131 Safari/537.36" 
116.9.163.134 - - [05/Dec/2016:00:40:17 -0800] "GET /maccdc2012/maccdc2012_fast_alert.7z HTTP/1.1" 206 65886 "-" "Mozilla/5.0 (Linux; Android) AppleWebKit/537.36 (KHTML, like Gecko) Chrome/34.0.1847.131 Safari/537.36" 
116.9.163.134 - - [05/Dec/2016:00:40:32 -0800] "GET /maccdc2012/maccdc2012_fast_alert.7z HTTP/1.1" 206 65887 "-" "Mozilla/5.0 (Linux; Android) AppleWebKit/537.36 (KHTML, like Gecko) Chrome/34.0.1847.131 Safari/537.36" 
116.9.163.134 - - [05/Dec/2016:00:40:33 -0800] "GET /maccdc2012/maccdc2012_fast_alert.7z HTTP/1.1" 206 65886 "-" "Mozilla/5.0 (Linux; Android) AppleWebKit/537.36 (KHTML, like Gecko) Chrome/34.0.1847.131 Safari/537.36" 
116.9.163.134 - - [05/Dec/2016:00:40:35 -0800] "GET /maccdc2012/maccdc2012_fast_alert.7z HTTP/1.1" 206 65886 "-" "Mozilla/5.0 (Linux; Android) AppleWebKit/537.36 (KHTML, like Gecko) Chrome/34.0.1847.131 Safari/537.36" 
116.9.163.134 - - [05/Dec/2016:00:40:54 -0800] "GET /maccdc2012/maccdc2012_fast_alert.7z HTTP/1.1" 206 65887 "-" "Mozilla/5.0 (Linux; Android) AppleWebKit/537.36 (KHTML, like Gecko) Chrome/34.0.1847.131 Safari/537.36" 
116.9.163.134 - - [05/Dec/2016:00:40:55 -0800] "GET /maccdc2012/maccdc2012_fast_alert.7z HTTP/1.1" 206 65886 "-" "Mozilla/5.0 (Linux; Android) AppleWebKit/537.36 (KHTML, like Gecko) Chrome/34.0.1847.131 Safari/537.36" 
116.9.163.134 - - [05/Dec/2016:00:40:59 -0800] "GET /maccdc2012/maccdc2012_fast_alert.7z HTTP/1.1" 206 65886 "-" "Mozilla/5.0 (Linux; Android) AppleWebKit/537.36 (KHTML, like Gecko) Chrome/34.0.1847.131 Safari/537.36" 
116.9.163.134 - - [05/Dec/2016:00:41:02 -0800] "GET /maccdc2012/maccdc2012_fast_alert.7z HTTP/1.1" 206 65886 "-" "Mozilla/5.0 (Linux; Android) AppleWebKit/537.36 (KHTML, like Gecko) Chrome/34.0.1847.131 Safari/537.36" 
116.9.163.134 - - [05/Dec/2016:00:41:18 -0800] "GET /maccdc2012/maccdc2012_fast_alert.7z HTTP/1.1" 206 65887 "-" "Mozilla/5.0 (Linux; Android) AppleWebKit/537.36 (KHTML, like Gecko) Chrome/34.0.1847.131 Safari/537.36" 
116.9.163.134 - - [05/Dec/2016:00:41:20 -0800] "GET /maccdc2012/maccdc2012_fast_alert.7z HTTP/1.1" 206 65886 "-" "Mozilla/5.0 (Linux; Android) AppleWebKit/537.36 (KHTML, like Gecko) Chrome/34.0.1847.131 Safari/537.36" 
116.9.163.134 - - [05/Dec/2016:00:41:22 -0800] "GET /maccdc2012/maccdc2012_fast_alert.7z HTTP/1.1" 206 65886 "-" "Mozilla/5.0 (Linux; Android) AppleWebKit/537.36 (KHTML, like Gecko) Chrome/34.0.1847.131 Safari/537.36" 
123.125.71.60 - - [05/Dec/2016:00:44:09 -0800] "GET /robots.txt HTTP/1.1" 200 297 "-" "Mozilla/5.0 (compatible; Baiduspider/2.0; +http://www.baidu.com/search/spider.html)" 
123.125.71.94 - - [05/Dec/2016:00:44:11 -0800] "GET /maccdc2012/maccdc2012_fast_alert.7z HTTP/1.1" 200 9478138 "-" "Mozilla/5.0 (compatible; Baiduspider/2.0; +http://www.baidu.com/search/spider.html)" 
106.209.168.127 - - [05/Dec/2016:00:45:47 -0800] "GET / HTTP/1.1" 200 10179 "https://www.google.co.in" "Mozilla/5.0 (X11; Linux x86_64; rv:45.0) Gecko/20100101 Firefox/45.0" 
106.209.168.127 - - [05/Dec/2016:00:45:48 -0800] "GET /bootstrap/img/favicon.ico HTTP/1.1" 200 589 "-" "Mozilla/5.0 (X11; Linux x86_64; rv:45.0) Gecko/20100101 Firefox/45.0" 
106.209.168.127 - - [05/Dec/2016:00:45:48 -0800] "GET /twitter-icon.png HTTP/1.1" 200 27788 "http://www.secrepo.com/" "Mozilla/5.0 (X11; Linux x86_64; rv:45.0) Gecko/20100101 Firefox/45.0" 
106.209.168.127 - - [05/Dec/2016:00:45:48 -0800] "GET /GitHub-Mark.png HTTP/1.1" 200 7427 "http://www.secrepo.com/" "Mozilla/5.0 (X11; Linux x86_64; rv:45.0) Gecko/20100101 Firefox/45.0" 
192.93.158.162 - - [05/Dec/2016:00:47:15 -0800] "GET /maccdc2012/maccdc2012_full_alert.7z HTTP/1.1" 200 24978942 "http://www.secrepo.com/" "Mozilla/5.0 (X11; Ubuntu; Linux x86_64; rv:50.0) Gecko/20100101 Firefox/50.0" 
207.46.13.32 - - [05/Dec/2016:00:50:49 -0800] "GET /self.logs/access.log.2015-04-30.gz HTTP/1.1" 200 5852 "-" "Mozilla/5.0 (compatible; bingbot/2.0; +http://www.bing.com/bingbot.htm)" 
192.93.158.162 - - [05/Dec/2016:00:48:26 -0800] "GET /Security-Data-Analysis/Lab_1/conn.log.zip HTTP/1.1" 200 249331636 "http://www.secrepo.com/" "Mozilla/5.0 (X11; Ubuntu; Linux x86_64; rv:50.0) Gecko/20100101 Firefox/50.0" 
148.251.3.35 - - [05/Dec/2016:00:51:09 -0800] "GET /robots.txt HTTP/1.1" 301 502 "-" "Mozilla/5.0 (compatible; BLEXBot/1.0; +http://webmeup-crawler.com/)" 
148.251.3.35 - - [05/Dec/2016:00:51:09 -0800] "GET /robots.txt HTTP/1.1" 200 334 "-" "Mozilla/5.0 (compatible; BLEXBot/1.0; +http://webmeup-crawler.com/)" 
148.251.3.35 - - [05/Dec/2016:00:51:09 -0800] "GET / HTTP/1.1" 200 10178 "-" "Mozilla/5.0 (compatible; BLEXBot/1.0; +http://webmeup-crawler.com/)" 
148.251.3.35 - - [05/Dec/2016:00:51:20 -0800] "GET /sitemap.xml HTTP/1.1" 301 501 "-" "Mozilla/5.0 (compatible; BLEXBot/1.0; +http://webmeup-crawler.com/)" 
163.172.66.178 - - [05/Dec/2016:00:51:20 -0800] "GET /self.logs/access.log.2016-06-07.gz HTTP/1.1" 200 9121 "-" "Mozilla/5.0 (compatible; AhrefsBot/5.1; +http://ahrefs.com/robot/)" 
148.251.3.35 - - [05/Dec/2016:00:51:20 -0800] "GET /sitemap.xml HTTP/1.1" 404 340 "-" "Mozilla/5.0 (compatible; BLEXBot/1.0; +http://webmeup-crawler.com/)" 
112.81.68.100 - - [05/Dec/2016:00:51:28 -0800] "GET /maccdc2012/maccdc2012_fast_alert.7z HTTP/1.1" 206 65887 "http://www.secrepo.com/" "Mozilla/5.0 (Linux; Android) AppleWebKit/537.36 (KHTML, like Gecko) Chrome/34.0.1847.131 Safari/537.36" 
112.81.68.100 - - [05/Dec/2016:00:51:29 -0800] "GET /maccdc2012/maccdc2012_fast_alert.7z HTTP/1.1" 206 65886 "http://www.secrepo.com/" "Mozilla/5.0 (Linux; Android) AppleWebKit/537.36 (KHTML, like Gecko) Chrome/34.0.1847.131 Safari/537.36" 
148.251.3.35 - - [05/Dec/2016:00:51:30 -0800] "GET /sitemap.xml HTTP/1.1" 404 340 "-" "Mozilla/5.0 (compatible; BLEXBot/1.0; +http://webmeup-crawler.com/)" 
112.81.68.100 - - [05/Dec/2016:00:51:30 -0800] "GET /maccdc2012/maccdc2012_fast_alert.7z HTTP/1.1" 206 65886 "http://www.secrepo.com/" "Mozilla/5.0 (Linux; Android) AppleWebKit/537.36 (KHTML, like Gecko) Chrome/34.0.1847.131 Safari/537.36" 
112.81.68.100 - - [05/Dec/2016:00:51:31 -0800] "GET /maccdc2012/maccdc2012_fast_alert.7z HTTP/1.1" 206 65886 "http://www.secrepo.com/" "Mozilla/5.0 (Linux; Android) AppleWebKit/537.36 (KHTML, like Gecko) Chrome/34.0.1847.131 Safari/537.36" 
112.81.68.100 - - [05/Dec/2016:00:51:31 -0800] "GET /maccdc2012/maccdc2012_fast_alert.7z HTTP/1.1" 206 65886 "http://www.secrepo.com/" "Mozilla/5.0 (Linux; Android) AppleWebKit/537.36 (KHTML, like Gecko) Chrome/34.0.1847.131 Safari/537.36" 
180.76.15.139 - - [05/Dec/2016:00:51:34 -0800] "GET /self.logs/?C=D;O=A HTTP/1.1" 200 14105 "-" "Mozilla/5.0 (compatible; Baiduspider/2.0; +http://www.baidu.com/search/spider.html)" 
148.251.3.35 - - [05/Dec/2016:00:51:39 -0800] "GET / HTTP/1.1" 301 483 "-" "Mozilla/5.0 (compatible; BLEXBot/1.0; +http://webmeup-crawler.com/)" 
14.158.113.56 - - [05/Dec/2016:00:51:45 -0800] "GET /maccdc2012/maccdc2012_fast_alert.7z HTTP/1.1" 206 65887 "-" "Mozilla/5.0 (Linux; Android) AppleWebKit/537.36 (KHTML, like Gecko) Chrome/34.0.1847.131 Safari/537.36" 
14.158.113.56 - - [05/Dec/2016:00:51:47 -0800] "GET /maccdc2012/maccdc2012_fast_alert.7z HTTP/1.1" 206 65886 "-" "Mozilla/5.0 (Linux; Android) AppleWebKit/537.36 (KHTML, like Gecko) Chrome/34.0.1847.131 Safari/537.36" 
148.251.3.35 - - [05/Dec/2016:00:51:51 -0800] "GET /data HTTP/1.1" 404 340 "-" "Mozilla/5.0 (compatible; BLEXBot/1.0; +http://webmeup-crawler.com/)" 
14.158.113.56 - - [05/Dec/2016:00:52:02 -0800] "GET /maccdc2012/maccdc2012_fast_alert.7z HTTP/1.1" 206 65887 "-" "Mozilla/5.0 (Linux; Android) AppleWebKit/537.36 (KHTML, like Gecko) Chrome/34.0.1847.131 Safari/537.36" 
14.158.113.56 - - [05/Dec/2016:00:52:04 -0800] "GET /maccdc2012/maccdc2012_fast_alert.7z HTTP/1.1" 206 65886 "-" "Mozilla/5.0 (Linux; Android) AppleWebKit/537.36 (KHTML, like Gecko) Chrome/34.0.1847.131 Safari/537.36" 
222.79.208.53 - - [05/Dec/2016:00:52:49 -0800] "GET /maccdc2012/maccdc2012_full_alert.7z HTTP/1.1" 206 65891 "http://www.secrepo.com/" "Mozilla/5.0 (Linux; Android) AppleWebKit/537.36 (KHTML, like Gecko) Chrome/34.0.1847.131 Safari/537.36" 
222.79.208.53 - - [05/Dec/2016:00:52:50 -0800] "GET /maccdc2012/maccdc2012_full_alert.7z HTTP/1.1" 206 65890 "http://www.secrepo.com/" "Mozilla/5.0 (Linux; Android) AppleWebKit/537.36 (KHTML, like Gecko) Chrome/34.0.1847.131 Safari/537.36" 
58.218.7.12 - - [05/Dec/2016:00:52:50 -0800] "GET /maccdc2012/maccdc2012_full_alert.7z HTTP/1.1" 206 65881 "http://www.secrepo.com/" "Mozilla/5.0 (Linux; Android) AppleWebKit/537.36 (KHTML, like Gecko) Chrome/34.0.1847.131 Safari/537.36" 
222.79.208.53 - - [05/Dec/2016:00:52:50 -0800] "GET /maccdc2012/maccdc2012_full_alert.7z HTTP/1.1" 206 131427 "http://www.secrepo.com/" "Mozilla/5.0 (Linux; Android) AppleWebKit/537.36 (KHTML, like Gecko) Chrome/34.0.1847.131 Safari/537.36" 
58.218.7.12 - - [05/Dec/2016:00:52:51 -0800] "GET /maccdc2012/maccdc2012_full_alert.7z HTTP/1.1" 206 65885 "http://www.secrepo.com/" "Mozilla/5.0 (Linux; Android) AppleWebKit/537.36 (KHTML, like Gecko) Chrome/34.0.1847.131 Safari/537.36" 
58.218.7.12 - - [05/Dec/2016:00:52:52 -0800] "GET /maccdc2012/maccdc2012_full_alert.7z HTTP/1.1" 206 131423 "http://www.secrepo.com/" "Mozilla/5.0 (Linux; Android) AppleWebKit/537.36 (KHTML, like Gecko) Chrome/34.0.1847.131 Safari/537.36" 
58.218.7.12 - - [05/Dec/2016:00:52:55 -0800] "GET /maccdc2012/maccdc2012_full_alert.7z HTTP/1.1" 206 131423 "http://www.secrepo.com/" "Mozilla/5.0 (Linux; Android) AppleWebKit/537.36 (KHTML, like Gecko) Chrome/34.0.1847.131 Safari/537.36" 
118.118.188.28 - - [05/Dec/2016:00:52:54 -0800] "GET /maccdc2012/maccdc2012_full_alert.7z HTTP/1.1" 206 65891 "http://www.secrepo.com/" "Mozilla/5.0 (Linux; Android) AppleWebKit/537.36 (KHTML, like Gecko) Chrome/34.0.1847.131 Safari/537.36" 
118.118.188.28 - - [05/Dec/2016:00:52:58 -0800] "GET /maccdc2012/maccdc2012_full_alert.7z HTTP/1.1" 206 65890 "http://www.secrepo.com/" "Mozilla/5.0 (Linux; Android) AppleWebKit/537.36 (KHTML, like Gecko) Chrome/34.0.1847.131 Safari/537.36" 
58.218.7.12 - - [05/Dec/2016:00:52:58 -0800] "GET /maccdc2012/maccdc2012_full_alert.7z HTTP/1.1" 206 131423 "http://www.secrepo.com/" "Mozilla/5.0 (Linux; Android) AppleWebKit/537.36 (KHTML, like Gecko) Chrome/34.0.1847.131 Safari/537.36" 
118.118.188.28 - - [05/Dec/2016:00:53:01 -0800] "GET /maccdc2012/maccdc2012_full_alert.7z HTTP/1.1" 206 65890 "http://www.secrepo.com/" "Mozilla/5.0 (Linux; Android) AppleWebKit/537.36 (KHTML, like Gecko) Chrome/34.0.1847.131 Safari/537.36" 
122.236.4.72 - - [05/Dec/2016:00:53:03 -0800] "GET /pe_static/zeus.zip HTTP/1.1" 206 65869 "-" "Mozilla/5.0 (Linux; Android) AppleWebKit/537.36 (KHTML, like Gecko) Chrome/34.0.1847.131 Safari/537.36" 
122.236.4.72 - - [05/Dec/2016:00:53:04 -0800] "GET /pe_static/zeus.zip HTTP/1.1" 206 65873 "-" "Mozilla/5.0 (Linux; Android) AppleWebKit/537.36 (KHTML, like Gecko) Chrome/34.0.1847.131 Safari/537.36" 
118.118.188.28 - - [05/Dec/2016:00:53:03 -0800] "GET /maccdc2012/maccdc2012_full_alert.7z HTTP/1.1" 206 65890 "http://www.secrepo.com/" "Mozilla/5.0 (Linux; Android) AppleWebKit/537.36 (KHTML, like Gecko) Chrome/34.0.1847.131 Safari/537.36" 
122.236.4.72 - - [05/Dec/2016:00:53:05 -0800] "GET /pe_static/zeus.zip HTTP/1.1" 206 131411 "-" "Mozilla/5.0 (Linux; Android) AppleWebKit/537.36 (KHTML, like Gecko) Chrome/34.0.1847.131 Safari/537.36" 
124.29.1.13 - - [05/Dec/2016:00:53:05 -0800] "GET /maccdc2012/maccdc2012_full_alert.7z HTTP/1.1" 206 65881 "http://www.secrepo.com/" "Mozilla/5.0 (Linux; Android) AppleWebKit/537.36 (KHTML, like Gecko) Chrome/34.0.1847.131 Safari/537.36" 
122.236.4.72 - - [05/Dec/2016:00:53:07 -0800] "GET /pe_static/zeus.zip HTTP/1.1" 206 131411 "-" "Mozilla/5.0 (Linux; Android) AppleWebKit/537.36 (KHTML, like Gecko) Chrome/34.0.1847.131 Safari/537.36" 
222.79.208.53 - - [05/Dec/2016:00:53:07 -0800] "GET /maccdc2012/maccdc2012_full_alert.7z HTTP/1.1" 206 65891 "http://www.secrepo.com/" "Mozilla/5.0 (Linux; Android) AppleWebKit/537.36 (KHTML, like Gecko) Chrome/34.0.1847.131 Safari/537.36" 
124.29.1.13 - - [05/Dec/2016:00:53:08 -0800] "GET /maccdc2012/maccdc2012_full_alert.7z HTTP/1.1" 206 65885 "http://www.secrepo.com/" "Mozilla/5.0 (Linux; Android) AppleWebKit/537.36 (KHTML, like Gecko) Chrome/34.0.1847.131 Safari/537.36" 
122.236.4.72 - - [05/Dec/2016:00:53:09 -0800] "GET /pe_static/zeus.zip HTTP/1.1" 206 131411 "-" "Mozilla/5.0 (Linux; Android) AppleWebKit/537.36 (KHTML, like Gecko) Chrome/34.0.1847.131 Safari/537.36" 
222.79.208.53 - - [05/Dec/2016:00:53:11 -0800] "GET /maccdc2012/maccdc2012_full_alert.7z HTTP/1.1" 206 65890 "http://www.secrepo.com/" "Mozilla/5.0 (Linux; Android) AppleWebKit/537.36 (KHTML, like Gecko) Chrome/34.0.1847.131 Safari/537.36" 
122.236.4.72 - - [05/Dec/2016:00:53:11 -0800] "GET /pe_static/zeus.zip HTTP/1.1" 206 131411 "-" "Mozilla/5.0 (Linux; Android) AppleWebKit/537.36 (KHTML, like Gecko) Chrome/34.0.1847.131 Safari/537.36" 
122.236.4.72 - - [05/Dec/2016:00:53:16 -0800] "GET /pe_static/zeus.zip HTTP/1.1" 206 65874 "-" "Mozilla/5.0 (Linux; Android) AppleWebKit/537.36 (KHTML, like Gecko) Chrome/34.0.1847.131 Safari/537.36" 
58.218.7.12 - - [05/Dec/2016:00:53:17 -0800] "GET /maccdc2012/maccdc2012_full_alert.7z HTTP/1.1" 206 65887 "http://www.secrepo.com/" "Mozilla/5.0 (Linux; Android) AppleWebKit/537.36 (KHTML, like Gecko) Chrome/34.0.1847.131 Safari/537.36" 
58.218.7.12 - - [05/Dec/2016:00:53:18 -0800] "GET /maccdc2012/maccdc2012_full_alert.7z HTTP/1.1" 206 65886 "http://www.secrepo.com/" "Mozilla/5.0 (Linux; Android) AppleWebKit/537.36 (KHTML, like Gecko) Chrome/34.0.1847.131 Safari/537.36" 
58.218.7.12 - - [05/Dec/2016:00:53:20 -0800] "GET /maccdc2012/maccdc2012_full_alert.7z HTTP/1.1" 206 65886 "http://www.secrepo.com/" "Mozilla/5.0 (Linux; Android) AppleWebKit/537.36 (KHTML, like Gecko) Chrome/34.0.1847.131 Safari/537.36" 
118.118.188.28 - - [05/Dec/2016:00:53:20 -0800] "GET /maccdc2012/maccdc2012_full_alert.7z HTTP/1.1" 206 65891 "http://www.secrepo.com/" "Mozilla/5.0 (Linux; Android) AppleWebKit/537.36 (KHTML, like Gecko) Chrome/34.0.1847.131 Safari/537.36" 
114.236.165.85 - - [05/Dec/2016:00:53:22 -0800] "GET /maccdc2012/maccdc2012_full_alert.7z HTTP/1.1" 206 65891 "http://www.secrepo.com/" "Mozilla/5.0 (Linux; Android) AppleWebKit/537.36 (KHTML, like Gecko) Chrome/34.0.1847.131 Safari/537.36" 
61.170.186.57 - - [05/Dec/2016:00:53:21 -0800] "GET /pe_static/zeus.zip HTTP/1.1" 206 65869 "-" "Mozilla/5.0 (Linux; Android) AppleWebKit/537.36 (KHTML, like Gecko) Chrome/34.0.1847.131 Safari/537.36" 
114.236.165.85 - - [05/Dec/2016:00:53:23 -0800] "GET /maccdc2012/maccdc2012_full_alert.7z HTTP/1.1" 206 65890 "http://www.secrepo.com/" "Mozilla/5.0 (Linux; Android) AppleWebKit/537.36 (KHTML, like Gecko) Chrome/34.0.1847.131 Safari/537.36" 
118.118.188.28 - - [05/Dec/2016:00:53:22 -0800] "GET /maccdc2012/maccdc2012_full_alert.7z HTTP/1.1" 206 65890 "http://www.secrepo.com/" "Mozilla/5.0 (Linux; Android) AppleWebKit/537.36 (KHTML, like Gecko) Chrome/34.0.1847.131 Safari/537.36" 
124.29.1.13 - - [05/Dec/2016:00:53:27 -0800] "GET /maccdc2012/maccdc2012_full_alert.7z HTTP/1.1" 206 65887 "http://www.secrepo.com/" "Mozilla/5.0 (Linux; Android) AppleWebKit/537.36 (KHTML, like Gecko) Chrome/34.0.1847.131 Safari/537.36" 
61.170.186.57 - - [05/Dec/2016:00:53:24 -0800] "GET /pe_static/zeus.zip HTTP/1.1" 206 65873 "-" "Mozilla/5.0 (Linux; Android) AppleWebKit/537.36 (KHTML, like Gecko) Chrome/34.0.1847.131 Safari/537.36" 
222.79.208.53 - - [05/Dec/2016:00:53:28 -0800] "GET /maccdc2012/maccdc2012_full_alert.7z HTTP/1.1" 206 65891 "http://www.secrepo.com/" "Mozilla/5.0 (Linux; Android) AppleWebKit/537.36 (KHTML, like Gecko) Chrome/34.0.1847.131 Safari/537.36" 
124.29.1.13 - - [05/Dec/2016:00:53:28 -0800] "GET /maccdc2012/maccdc2012_full_alert.7z HTTP/1.1" 206 131423 "http://www.secrepo.com/" "Mozilla/5.0 (Linux; Android) AppleWebKit/537.36 (KHTML, like Gecko) Chrome/34.0.1847.131 Safari/537.36" 
222.79.208.53 - - [05/Dec/2016:00:53:31 -0800] "GET /maccdc2012/maccdc2012_full_alert.7z HTTP/1.1" 206 65890 "http://www.secrepo.com/" "Mozilla/5.0 (Linux; Android) AppleWebKit/537.36 (KHTML, like Gecko) Chrome/34.0.1847.131 Safari/537.36" 
122.236.4.72 - - [05/Dec/2016:00:53:32 -0800] "GET /pe_static/zeus.zip HTTP/1.1" 206 65875 "-" "Mozilla/5.0 (Linux; Android) AppleWebKit/537.36 (KHTML, like Gecko) Chrome/34.0.1847.131 Safari/537.36" 
58.218.7.12 - - [05/Dec/2016:00:53:35 -0800] "GET /maccdc2012/maccdc2012_full_alert.7z HTTP/1.1" 206 65887 "http://www.secrepo.com/" "Mozilla/5.0 (Linux; Android) AppleWebKit/537.36 (KHTML, like Gecko) Chrome/34.0.1847.131 Safari/537.36" 
114.236.165.85 - - [05/Dec/2016:00:53:40 -0800] "GET /maccdc2012/maccdc2012_full_alert.7z HTTP/1.1" 206 65891 "http://www.secrepo.com/" "Mozilla/5.0 (Linux; Android) AppleWebKit/537.36 (KHTML, like Gecko) Chrome/34.0.1847.131 Safari/537.36" 
118.118.188.28 - - [05/Dec/2016:00:53:40 -0800] "GET /maccdc2012/maccdc2012_full_alert.7z HTTP/1.1" 206 65891 "http://www.secrepo.com/" "Mozilla/5.0 (Linux; Android) AppleWebKit/537.36 (KHTML, like Gecko) Chrome/34.0.1847.131 Safari/537.36" 
222.214.192.26 - - [05/Dec/2016:00:53:43 -0800] "GET /pe_static/zeus.zip HTTP/1.1" 206 65879 "-" "Mozilla/5.0 (Linux; Android) AppleWebKit/537.36 (KHTML, like Gecko) Chrome/34.0.1847.131 Safari/537.36" 
118.118.188.28 - - [05/Dec/2016:00:53:42 -0800] "GET /maccdc2012/maccdc2012_full_alert.7z HTTP/1.1" 206 65890 "http://www.secrepo.com/" "Mozilla/5.0 (Linux; Android) AppleWebKit/537.36 (KHTML, like Gecko) Chrome/34.0.1847.131 Safari/537.36" 
222.214.192.26 - - [05/Dec/2016:00:53:44 -0800] "GET /pe_static/zeus.zip HTTP/1.1" 206 65878 "-" "Mozilla/5.0 (Linux; Android) AppleWebKit/537.36 (KHTML, like Gecko) Chrome/34.0.1847.131 Safari/537.36" 
118.118.188.28 - - [05/Dec/2016:00:53:45 -0800] "GET /maccdc2012/maccdc2012_full_alert.7z HTTP/1.1" 206 65890 "http://www.secrepo.com/" "Mozilla/5.0 (Linux; Android) AppleWebKit/537.36 (KHTML, like Gecko) Chrome/34.0.1847.131 Safari/537.36" 
124.29.1.13 - - [05/Dec/2016:00:53:45 -0800] "GET /maccdc2012/maccdc2012_full_alert.7z HTTP/1.1" 206 65887 "http://www.secrepo.com/" "Mozilla/5.0 (Linux; Android) AppleWebKit/537.36 (KHTML, like Gecko) Chrome/34.0.1847.131 Safari/537.36" 
222.214.192.26 - - [05/Dec/2016:00:53:45 -0800] "GET /pe_static/zeus.zip HTTP/1.1" 206 131415 "-" "Mozilla/5.0 (Linux; Android) AppleWebKit/537.36 (KHTML, like Gecko) Chrome/34.0.1847.131 Safari/537.36" 
222.214.192.26 - - [05/Dec/2016:00:53:46 -0800] "GET /pe_static/zeus.zip HTTP/1.1" 206 131415 "-" "Mozilla/5.0 (Linux; Android) AppleWebKit/537.36 (KHTML, like Gecko) Chrome/34.0.1847.131 Safari/537.36" 
124.29.1.13 - - [05/Dec/2016:00:53:47 -0800] "GET /maccdc2012/maccdc2012_full_alert.7z HTTP/1.1" 206 65886 "http://www.secrepo.com/" "Mozilla/5.0 (Linux; Android) AppleWebKit/537.36 (KHTML, like Gecko) Chrome/34.0.1847.131 Safari/537.36" 
222.214.192.26 - - [05/Dec/2016:00:53:47 -0800] "GET /pe_static/zeus.zip HTTP/1.1" 206 196951 "-" "Mozilla/5.0 (Linux; Android) AppleWebKit/537.36 (KHTML, like Gecko) Chrome/34.0.1847.131 Safari/537.36" 
222.79.208.53 - - [05/Dec/2016:00:53:47 -0800] "GET /maccdc2012/maccdc2012_full_alert.7z HTTP/1.1" 206 65891 "http://www.secrepo.com/" "Mozilla/5.0 (Linux; Android) AppleWebKit/537.36 (KHTML, like Gecko) Chrome/34.0.1847.131 Safari/537.36" 
223.245.233.40 - - [05/Dec/2016:00:53:48 -0800] "GET /pe_static/zeus.zip HTTP/1.1" 206 65879 "-" "Mozilla/5.0 (Linux; Android) AppleWebKit/537.36 (KHTML, like Gecko) Chrome/34.0.1847.131 Safari/537.36" 
223.245.233.40 - - [05/Dec/2016:00:53:49 -0800] "GET /pe_static/zeus.zip HTTP/1.1" 206 65878 "-" "Mozilla/5.0 (Linux; Android) AppleWebKit/537.36 (KHTML, like Gecko) Chrome/34.0.1847.131 Safari/537.36" 
222.214.192.26 - - [05/Dec/2016:00:53:49 -0800] "GET /pe_static/zeus.zip HTTP/1.1" 206 262487 "-" "Mozilla/5.0 (Linux; Android) AppleWebKit/537.36 (KHTML, like Gecko) Chrome/34.0.1847.131 Safari/537.36" 
223.245.233.40 - - [05/Dec/2016:00:53:50 -0800] "GET /pe_static/zeus.zip HTTP/1.1" 206 65878 "-" "Mozilla/5.0 (Linux; Android) AppleWebKit/537.36 (KHTML, like Gecko) Chrome/34.0.1847.131 Safari/537.36" 
223.245.233.40 - - [05/Dec/2016:00:53:51 -0800] "GET /pe_static/zeus.zip HTTP/1.1" 206 131415 "-" "Mozilla/5.0 (Linux; Android) AppleWebKit/537.36 (KHTML, like Gecko) Chrome/34.0.1847.131 Safari/537.36" 
223.245.233.40 - - [05/Dec/2016:00:53:52 -0800] "GET /pe_static/zeus.zip HTTP/1.1" 206 131415 "-" "Mozilla/5.0 (Linux; Android) AppleWebKit/537.36 (KHTML, like Gecko) Chrome/34.0.1847.131 Safari/537.36" 
223.245.233.40 - - [05/Dec/2016:00:53:53 -0800] "GET /pe_static/zeus.zip HTTP/1.1" 206 196951 "-" "Mozilla/5.0 (Linux; Android) AppleWebKit/537.36 (KHTML, like Gecko) Chrome/34.0.1847.131 Safari/537.36" 
122.236.4.72 - - [05/Dec/2016:00:53:52 -0800] "GET /pe_static/zeus.zip HTTP/1.1" 206 65875 "-" "Mozilla/5.0 (Linux; Android) AppleWebKit/537.36 (KHTML, like Gecko) Chrome/34.0.1847.131 Safari/537.36" 
222.214.192.26 - - [05/Dec/2016:00:53:52 -0800] "GET /pe_static/zeus.zip HTTP/1.1" 206 262487 "-" "Mozilla/5.0 (Linux; Android) AppleWebKit/537.36 (KHTML, like Gecko) Chrome/34.0.1847.131 Safari/537.36" 
223.245.233.40 - - [05/Dec/2016:00:53:53 -0800] "GET /pe_static/zeus.zip HTTP/1.1" 206 262487 "-" "Mozilla/5.0 (Linux; Android) AppleWebKit/537.36 (KHTML, like Gecko) Chrome/34.0.1847.131 Safari/537.36" 
114.236.165.85 - - [05/Dec/2016:00:53:55 -0800] "GET /maccdc2012/maccdc2012_full_alert.7z HTTP/1.1" 206 65891 "http://www.secrepo.com/" "Mozilla/5.0 (Linux; Android) AppleWebKit/537.36 (KHTML, like Gecko) Chrome/34.0.1847.131 Safari/537.36" 
223.245.233.40 - - [05/Dec/2016:00:53:55 -0800] "GET /pe_static/zeus.zip HTTP/1.1" 206 328023 "-" "Mozilla/5.0 (Linux; Android) AppleWebKit/537.36 (KHTML, like Gecko) Chrome/34.0.1847.131 Safari/537.36" 
114.236.165.85 - - [05/Dec/2016:00:53:55 -0800] "GET /maccdc2012/maccdc2012_full_alert.7z HTTP/1.1" 206 65890 "http://www.secrepo.com/" "Mozilla/5.0 (Linux; Android) AppleWebKit/537.36 (KHTML, like Gecko) Chrome/34.0.1847.131 Safari/537.36" 
122.236.4.72 - - [05/Dec/2016:00:53:54 -0800] "GET /pe_static/zeus.zip HTTP/1.1" 206 65874 "-" "Mozilla/5.0 (Linux; Android) AppleWebKit/537.36 (KHTML, like Gecko) Chrome/34.0.1847.131 Safari/537.36" 
223.245.233.40 - - [05/Dec/2016:00:53:56 -0800] "GET /pe_static/zeus.zip HTTP/1.1" 206 393559 "-" "Mozilla/5.0 (Linux; Android) AppleWebKit/537.36 (KHTML, like Gecko) Chrome/34.0.1847.131 Safari/537.36" 
114.236.165.85 - - [05/Dec/2016:00:53:56 -0800] "GET /maccdc2012/maccdc2012_full_alert.7z HTTP/1.1" 206 131427 "http://www.secrepo.com/" "Mozilla/5.0 (Linux; Android) AppleWebKit/537.36 (KHTML, like Gecko) Chrome/34.0.1847.131 Safari/537.36" 
223.245.233.40 - - [05/Dec/2016:00:53:58 -0800] "GET /pe_static/zeus.zip HTTP/1.1" 206 524631 "-" "Mozilla/5.0 (Linux; Android) AppleWebKit/537.36 (KHTML, like Gecko) Chrome/34.0.1847.131 Safari/537.36" 
61.170.186.57 - - [05/Dec/2016:00:53:56 -0800] "GET /pe_static/zeus.zip HTTP/1.1" 206 65875 "-" "Mozilla/5.0 (Linux; Android) AppleWebKit/537.36 (KHTML, like Gecko) Chrome/34.0.1847.131 Safari/537.36" 
223.245.233.40 - - [05/Dec/2016:00:53:59 -0800] "GET /pe_static/zeus.zip HTTP/1.1" 206 655703 "-" "Mozilla/5.0 (Linux; Android) AppleWebKit/537.36 (KHTML, like Gecko) Chrome/34.0.1847.131 Safari/537.36" 
124.29.1.13 - - [05/Dec/2016:00:54:02 -0800] "GET /maccdc2012/maccdc2012_full_alert.7z HTTP/1.1" 206 65887 "http://www.secrepo.com/" "Mozilla/5.0 (Linux; Android) AppleWebKit/537.36 (KHTML, like Gecko) Chrome/34.0.1847.131 Safari/537.36" 
223.245.233.40 - - [05/Dec/2016:00:54:02 -0800] "GET /pe_static/zeus.zip HTTP/1.1" 206 459095 "-" "Mozilla/5.0 (Linux; Android) AppleWebKit/537.36 (KHTML, like Gecko) Chrome/34.0.1847.131 Safari/537.36" 
61.170.186.57 - - [05/Dec/2016:00:54:01 -0800] "GET /pe_static/zeus.zip HTTP/1.1" 206 65874 "-" "Mozilla/5.0 (Linux; Android) AppleWebKit/537.36 (KHTML, like Gecko) Chrome/34.0.1847.131 Safari/537.36" 
222.79.208.53 - - [05/Dec/2016:00:54:03 -0800] "GET /maccdc2012/maccdc2012_full_alert.7z HTTP/1.1" 206 65891 "http://www.secrepo.com/" "Mozilla/5.0 (Linux; Android) AppleWebKit/537.36 (KHTML, like Gecko) Chrome/34.0.1847.131 Safari/537.36" 
118.118.188.28 - - [05/Dec/2016:00:54:04 -0800] "GET /maccdc2012/maccdc2012_full_alert.7z HTTP/1.1" 206 65891 "http://www.secrepo.com/" "Mozilla/5.0 (Linux; Android) AppleWebKit/537.36 (KHTML, like Gecko) Chrome/34.0.1847.131 Safari/537.36" 
223.245.233.40 - - [05/Dec/2016:00:54:04 -0800] "GET /pe_static/zeus.zip HTTP/1.1" 206 524631 "-" "Mozilla/5.0 (Linux; Android) AppleWebKit/537.36 (KHTML, like Gecko) Chrome/34.0.1847.131 Safari/537.36" 
124.29.1.13 - - [05/Dec/2016:00:54:03 -0800] "GET /maccdc2012/maccdc2012_full_alert.7z HTTP/1.1" 206 131423 "http://www.secrepo.com/" "Mozilla/5.0 (Linux; Android) AppleWebKit/537.36 (KHTML, like Gecko) Chrome/34.0.1847.131 Safari/537.36" 
222.79.208.53 - - [05/Dec/2016:00:54:06 -0800] "GET /maccdc2012/maccdc2012_full_alert.7z HTTP/1.1" 206 65890 "http://www.secrepo.com/" "Mozilla/5.0 (Linux; Android) AppleWebKit/537.36 (KHTML, like Gecko) Chrome/34.0.1847.131 Safari/537.36" 
223.245.233.40 - - [05/Dec/2016:00:54:06 -0800] "GET /pe_static/zeus.zip HTTP/1.1" 206 524631 "-" "Mozilla/5.0 (Linux; Android) AppleWebKit/537.36 (KHTML, like Gecko) Chrome/34.0.1847.131 Safari/537.36" 
222.214.192.26 - - [05/Dec/2016:00:54:08 -0800] "GET /pe_static/zeus.zip HTTP/1.1" 206 65879 "-" "Mozilla/5.0 (Linux; Android) AppleWebKit/537.36 (KHTML, like Gecko) Chrome/34.0.1847.131 Safari/537.36" 
124.29.1.13 - - [05/Dec/2016:00:54:06 -0800] "GET /maccdc2012/maccdc2012_full_alert.7z HTTP/1.1" 206 131423 "http://www.secrepo.com/" "Mozilla/5.0 (Linux; Android) AppleWebKit/537.36 (KHTML, like Gecko) Chrome/34.0.1847.131 Safari/537.36" 
118.118.188.28 - - [05/Dec/2016:00:54:07 -0800] "GET /maccdc2012/maccdc2012_full_alert.7z HTTP/1.1" 206 65890 "http://www.secrepo.com/" "Mozilla/5.0 (Linux; Android) AppleWebKit/537.36 (KHTML, like Gecko) Chrome/34.0.1847.131 Safari/537.36" 
222.79.208.53 - - [05/Dec/2016:00:54:09 -0800] "GET /maccdc2012/maccdc2012_full_alert.7z HTTP/1.1" 206 65890 "http://www.secrepo.com/" "Mozilla/5.0 (Linux; Android) AppleWebKit/537.36 (KHTML, like Gecko) Chrome/34.0.1847.131 Safari/537.36" 
222.214.192.26 - - [05/Dec/2016:00:54:09 -0800] "GET /pe_static/zeus.zip HTTP/1.1" 206 65878 "-" "Mozilla/5.0 (Linux; Android) AppleWebKit/537.36 (KHTML, like Gecko) Chrome/34.0.1847.131 Safari/537.36" 
223.245.233.40 - - [05/Dec/2016:00:54:08 -0800] "GET /pe_static/zeus.zip HTTP/1.1" 206 524631 "-" "Mozilla/5.0 (Linux; Android) AppleWebKit/537.36 (KHTML, like Gecko) Chrome/34.0.1847.131 Safari/537.36" 
58.218.7.12 - - [05/Dec/2016:00:54:08 -0800] "GET /maccdc2012/maccdc2012_full_alert.7z HTTP/1.1" 206 97566 "http://www.secrepo.com/" "Mozilla/5.0 (Linux; Android) AppleWebKit/537.36 (KHTML, like Gecko) Chrome/34.0.1847.131 Safari/537.36" 
222.214.192.26 - - [05/Dec/2016:00:54:10 -0800] "GET /pe_static/zeus.zip HTTP/1.1" 206 65878 "-" "Mozilla/5.0 (Linux; Android) AppleWebKit/537.36 (KHTML, like Gecko) Chrome/34.0.1847.131 Safari/537.36" 
58.218.7.12 - - [05/Dec/2016:00:54:11 -0800] "GET /maccdc2012/maccdc2012_full_alert.7z HTTP/1.1" 206 65886 "http://www.secrepo.com/" "Mozilla/5.0 (Linux; Android) AppleWebKit/537.36 (KHTML, like Gecko) Chrome/34.0.1847.131 Safari/537.36" 
222.214.192.26 - - [05/Dec/2016:00:54:12 -0800] "GET /pe_static/zeus.zip HTTP/1.1" 206 131415 "-" "Mozilla/5.0 (Linux; Android) AppleWebKit/537.36 (KHTML, like Gecko) Chrome/34.0.1847.131 Safari/537.36" 
124.29.1.13 - - [05/Dec/2016:00:54:09 -0800] "GET /maccdc2012/maccdc2012_full_alert.7z HTTP/1.1" 206 131423 "http://www.secrepo.com/" "Mozilla/5.0 (Linux; Android) AppleWebKit/537.36 (KHTML, like Gecko) Chrome/34.0.1847.131 Safari/537.36" 
122.236.4.72 - - [05/Dec/2016:00:54:12 -0800] "GET /pe_static/zeus.zip HTTP/1.1" 206 65875 "-" "Mozilla/5.0 (Linux; Android) AppleWebKit/537.36 (KHTML, like Gecko) Chrome/34.0.1847.131 Safari/537.36" 
223.245.233.40 - - [05/Dec/2016:00:54:11 -0800] "GET /pe_static/zeus.zip HTTP/1.1" 206 459095 "-" "Mozilla/5.0 (Linux; Android) AppleWebKit/537.36 (KHTML, like Gecko) Chrome/34.0.1847.131 Safari/537.36" 
114.236.165.85 - - [05/Dec/2016:00:54:13 -0800] "GET /maccdc2012/maccdc2012_full_alert.7z HTTP/1.1" 206 65891 "http://www.secrepo.com/" "Mozilla/5.0 (Linux; Android) AppleWebKit/537.36 (KHTML, like Gecko) Chrome/34.0.1847.131 Safari/537.36" 
58.218.7.12 - - [05/Dec/2016:00:54:13 -0800] "GET /maccdc2012/maccdc2012_full_alert.7z HTTP/1.1" 206 65886 "http://www.secrepo.com/" "Mozilla/5.0 (Linux; Android) AppleWebKit/537.36 (KHTML, like Gecko) Chrome/34.0.1847.131 Safari/537.36" 
118.118.188.28 - - [05/Dec/2016:00:54:10 -0800] "GET /maccdc2012/maccdc2012_full_alert.7z HTTP/1.1" 206 65890 "http://www.secrepo.com/" "Mozilla/5.0 (Linux; Android) AppleWebKit/537.36 (KHTML, like Gecko) Chrome/34.0.1847.131 Safari/537.36" 
223.245.233.40 - - [05/Dec/2016:00:54:14 -0800] "GET /pe_static/zeus.zip HTTP/1.1" 206 393559 "-" "Mozilla/5.0 (Linux; Android) AppleWebKit/537.36 (KHTML, like Gecko) Chrome/34.0.1847.131 Safari/537.36" 
114.236.165.85 - - [05/Dec/2016:00:54:14 -0800] "GET /maccdc2012/maccdc2012_full_alert.7z HTTP/1.1" 206 131427 "http://www.secrepo.com/" "Mozilla/5.0 (Linux; Android) AppleWebKit/537.36 (KHTML, like Gecko) Chrome/34.0.1847.131 Safari/537.36" 
58.218.7.12 - - [05/Dec/2016:00:54:15 -0800] "GET /maccdc2012/maccdc2012_full_alert.7z HTTP/1.1" 206 65887 "http://www.secrepo.com/" "Mozilla/5.0 (Linux; Android) AppleWebKit/537.36 (KHTML, like Gecko) Chrome/34.0.1847.131 Safari/537.36" 
124.29.1.13 - - [05/Dec/2016:00:54:13 -0800] "GET /maccdc2012/maccdc2012_full_alert.7z HTTP/1.1" 206 131424 "http://www.secrepo.com/" "Mozilla/5.0 (Linux; Android) AppleWebKit/537.36 (KHTML, like Gecko) Chrome/34.0.1847.131 Safari/537.36" 
223.245.233.40 - - [05/Dec/2016:00:54:16 -0800] "GET /pe_static/zeus.zip HTTP/1.1" 206 393559 "-" "Mozilla/5.0 (Linux; Android) AppleWebKit/537.36 (KHTML, like Gecko) Chrome/34.0.1847.131 Safari/537.36" 
122.236.4.72 - - [05/Dec/2016:00:54:13 -0800] "GET /pe_static/zeus.zip HTTP/1.1" 206 131412 "-" "Mozilla/5.0 (Linux; Android) AppleWebKit/537.36 (KHTML, like Gecko) Chrome/34.0.1847.131 Safari/537.36" 
114.236.165.85 - - [05/Dec/2016:00:54:16 -0800] "GET /maccdc2012/maccdc2012_full_alert.7z HTTP/1.1" 206 131427 "http://www.secrepo.com/" "Mozilla/5.0 (Linux; Android) AppleWebKit/537.36 (KHTML, like Gecko) Chrome/34.0.1847.131 Safari/537.36" 
118.118.188.28 - - [05/Dec/2016:00:54:15 -0800] "GET /maccdc2012/maccdc2012_full_alert.7z HTTP/1.1" 206 65890 "http://www.secrepo.com/" "Mozilla/5.0 (Linux; Android) AppleWebKit/537.36 (KHTML, like Gecko) Chrome/34.0.1847.131 Safari/537.36" 
61.170.186.57 - - [05/Dec/2016:00:54:17 -0800] "GET /pe_static/zeus.zip HTTP/1.1" 206 65875 "-" "Mozilla/5.0 (Linux; Android) AppleWebKit/537.36 (KHTML, like Gecko) Chrome/34.0.1847.131 Safari/537.36" 
223.245.233.40 - - [05/Dec/2016:00:54:17 -0800] "GET /pe_static/zeus.zip HTTP/1.1" 206 459095 "-" "Mozilla/5.0 (Linux; Android) AppleWebKit/537.36 (KHTML, like Gecko) Chrome/34.0.1847.131 Safari/537.36" 
61.170.186.57 - - [05/Dec/2016:00:54:19 -0800] "GET /pe_static/zeus.zip HTTP/1.1" 206 65874 "-" "Mozilla/5.0 (Linux; Android) AppleWebKit/537.36 (KHTML, like Gecko) Chrome/34.0.1847.131 Safari/537.36" 
114.236.165.85 - - [05/Dec/2016:00:54:18 -0800] "GET /maccdc2012/maccdc2012_full_alert.7z HTTP/1.1" 206 131427 "http://www.secrepo.com/" "Mozilla/5.0 (Linux; Android) AppleWebKit/537.36 (KHTML, like Gecko) Chrome/34.0.1847.131 Safari/537.36" 
223.245.233.40 - - [05/Dec/2016:00:54:19 -0800] "GET /pe_static/zeus.zip HTTP/1.1" 206 524631 "-" "Mozilla/5.0 (Linux; Android) AppleWebKit/537.36 (KHTML, like Gecko) Chrome/34.0.1847.131 Safari/537.36" 
58.218.7.12 - - [05/Dec/2016:00:54:16 -0800] "GET /maccdc2012/maccdc2012_full_alert.7z HTTP/1.1" 206 131425 "http://www.secrepo.com/" "Mozilla/5.0 (Linux; Android) AppleWebKit/537.36 (KHTML, like Gecko) Chrome/34.0.1847.131 Safari/537.36" 
114.236.165.85 - - [05/Dec/2016:00:54:21 -0800] "GET /maccdc2012/maccdc2012_full_alert.7z HTTP/1.1" 206 131427 "http://www.secrepo.com/" "Mozilla/5.0 (Linux; Android) AppleWebKit/537.36 (KHTML, like Gecko) Chrome/34.0.1847.131 Safari/537.36" 
122.236.4.72 - - [05/Dec/2016:00:54:18 -0800] "GET /pe_static/zeus.zip HTTP/1.1" 206 65876 "-" "Mozilla/5.0 (Linux; Android) AppleWebKit/537.36 (KHTML, like Gecko) Chrome/34.0.1847.131 Safari/537.36" 
58.218.7.12 - - [05/Dec/2016:00:54:21 -0800] "GET /maccdc2012/maccdc2012_full_alert.7z HTTP/1.1" 206 65888 "http://www.secrepo.com/" "Mozilla/5.0 (Linux; Android) AppleWebKit/537.36 (KHTML, like Gecko) Chrome/34.0.1847.131 Safari/537.36" 
118.118.188.28 - - [05/Dec/2016:00:54:19 -0800] "GET /maccdc2012/maccdc2012_full_alert.7z HTTP/1.1" 206 65890 "http://www.secrepo.com/" "Mozilla/5.0 (Linux; Android) AppleWebKit/537.36 (KHTML, like Gecko) Chrome/34.0.1847.131 Safari/537.36" 
223.245.233.40 - - [05/Dec/2016:00:54:22 -0800] "GET /pe_static/zeus.zip HTTP/1.1" 206 524631 "-" "Mozilla/5.0 (Linux; Android) AppleWebKit/537.36 (KHTML, like Gecko) Chrome/34.0.1847.131 Safari/537.36" 
122.236.4.72 - - [05/Dec/2016:00:54:23 -0800] "GET /pe_static/zeus.zip HTTP/1.1" 206 65876 "-" "Mozilla/5.0 (Linux; Android) AppleWebKit/537.36 (KHTML, like Gecko) Chrome/34.0.1847.131 Safari/537.36" 
61.170.186.57 - - [05/Dec/2016:00:54:20 -0800] "GET /pe_static/zeus.zip HTTP/1.1" 206 131411 "-" "Mozilla/5.0 (Linux; Android) AppleWebKit/537.36 (KHTML, like Gecko) Chrome/34.0.1847.131 Safari/537.36" 
223.245.233.40 - - [05/Dec/2016:00:54:24 -0800] "GET /pe_static/zeus.zip HTTP/1.1" 206 459095 "-" "Mozilla/5.0 (Linux; Android) AppleWebKit/537.36 (KHTML, like Gecko) Chrome/34.0.1847.131 Safari/537.36" 
58.218.7.12 - - [05/Dec/2016:00:54:23 -0800] "GET /maccdc2012/maccdc2012_full_alert.7z HTTP/1.1" 206 131425 "http://www.secrepo.com/" "Mozilla/5.0 (Linux; Android) AppleWebKit/537.36 (KHTML, like Gecko) Chrome/34.0.1847.131 Safari/537.36" 
61.170.186.57 - - [05/Dec/2016:00:54:25 -0800] "GET /pe_static/zeus.zip HTTP/1.1" 206 65874 "-" "Mozilla/5.0 (Linux; Android) AppleWebKit/537.36 (KHTML, like Gecko) Chrome/34.0.1847.131 Safari/537.36" 
222.79.208.53 - - [05/Dec/2016:00:54:25 -0800] "GET /maccdc2012/maccdc2012_full_alert.7z HTTP/1.1" 206 65891 "http://www.secrepo.com/" "Mozilla/5.0 (Linux; Android) AppleWebKit/537.36 (KHTML, like Gecko) Chrome/34.0.1847.131 Safari/537.36" 
222.79.208.53 - - [05/Dec/2016:00:54:26 -0800] "GET /maccdc2012/maccdc2012_full_alert.7z HTTP/1.1" 206 65890 "http://www.secrepo.com/" "Mozilla/5.0 (Linux; Android) AppleWebKit/537.36 (KHTML, like Gecko) Chrome/34.0.1847.131 Safari/537.36" 
222.214.192.26 - - [05/Dec/2016:00:54:28 -0800] "GET /pe_static/zeus.zip HTTP/1.1" 206 65879 "-" "Mozilla/5.0 (Linux; Android) AppleWebKit/537.36 (KHTML, like Gecko) Chrome/34.0.1847.131 Safari/537.36" 
58.218.7.12 - - [05/Dec/2016:00:54:26 -0800] "GET /maccdc2012/maccdc2012_full_alert.7z HTTP/1.1" 206 131425 "http://www.secrepo.com/" "Mozilla/5.0 (Linux; Android) AppleWebKit/537.36 (KHTML, like Gecko) Chrome/34.0.1847.131 Safari/537.36" 
222.214.192.26 - - [05/Dec/2016:00:54:29 -0800] "GET /pe_static/zeus.zip HTTP/1.1" 206 65878 "-" "Mozilla/5.0 (Linux; Android) AppleWebKit/537.36 (KHTML, like Gecko) Chrome/34.0.1847.131 Safari/537.36" 
222.79.208.53 - - [05/Dec/2016:00:54:27 -0800] "GET /maccdc2012/maccdc2012_full_alert.7z HTTP/1.1" 206 131427 "http://www.secrepo.com/" "Mozilla/5.0 (Linux; Android) AppleWebKit/537.36 (KHTML, like Gecko) Chrome/34.0.1847.131 Safari/537.36" 
58.218.7.12 - - [05/Dec/2016:00:54:30 -0800] "GET /maccdc2012/maccdc2012_full_alert.7z HTTP/1.1" 206 131425 "http://www.secrepo.com/" "Mozilla/5.0 (Linux; Android) AppleWebKit/537.36 (KHTML, like Gecko) Chrome/34.0.1847.131 Safari/537.36" 
148.251.3.35 - - [05/Dec/2016:00:54:32 -0800] "GET /robots.txt HTTP/1.1" 301 502 "-" "Mozilla/5.0 (compatible; BLEXBot/1.0; +http://webmeup-crawler.com/)" 
148.251.3.35 - - [05/Dec/2016:00:54:32 -0800] "GET /robots.txt HTTP/1.1" 200 334 "-" "Mozilla/5.0 (compatible; BLEXBot/1.0; +http://webmeup-crawler.com/)" 
222.79.208.53 - - [05/Dec/2016:00:54:31 -0800] "GET /maccdc2012/maccdc2012_full_alert.7z HTTP/1.1" 206 131427 "http://www.secrepo.com/" "Mozilla/5.0 (Linux; Android) AppleWebKit/537.36 (KHTML, like Gecko) Chrome/34.0.1847.131 Safari/537.36" 
148.251.3.35 - - [05/Dec/2016:00:54:32 -0800] "GET /self.logs/ HTTP/1.1" 200 14141 "-" "Mozilla/5.0 (compatible; BLEXBot/1.0; +http://webmeup-crawler.com/)" 
222.79.208.53 - - [05/Dec/2016:00:54:33 -0800] "GET /maccdc2012/maccdc2012_full_alert.7z HTTP/1.1" 206 131427 "http://www.secrepo.com/" "Mozilla/5.0 (Linux; Android) AppleWebKit/537.36 (KHTML, like Gecko) Chrome/34.0.1847.131 Safari/537.36" 
124.29.1.13 - - [05/Dec/2016:00:54:34 -0800] "GET /maccdc2012/maccdc2012_full_alert.7z HTTP/1.1" 206 65889 "http://www.secrepo.com/" "Mozilla/5.0 (Linux; Android) AppleWebKit/537.36 (KHTML, like Gecko) Chrome/34.0.1847.131 Safari/537.36" 
124.29.1.13 - - [05/Dec/2016:00:54:36 -0800] "GET /maccdc2012/maccdc2012_full_alert.7z HTTP/1.1" 206 65888 "http://www.secrepo.com/" "Mozilla/5.0 (Linux; Android) AppleWebKit/537.36 (KHTML, like Gecko) Chrome/34.0.1847.131 Safari/537.36" 
222.214.192.26 - - [05/Dec/2016:00:54:31 -0800] "GET /pe_static/zeus.zip HTTP/1.1" 206 131415 "-" "Mozilla/5.0 (Linux; Android) AppleWebKit/537.36 (KHTML, like Gecko) Chrome/34.0.1847.131 Safari/537.36" 
114.236.165.85 - - [05/Dec/2016:00:54:37 -0800] "GET /maccdc2012/maccdc2012_full_alert.7z HTTP/1.1" 206 65891 "http://www.secrepo.com/" "Mozilla/5.0 (Linux; Android) AppleWebKit/537.36 (KHTML, like Gecko) Chrome/34.0.1847.131 Safari/537.36" 
114.236.165.85 - - [05/Dec/2016:00:54:39 -0800] "GET /maccdc2012/maccdc2012_full_alert.7z HTTP/1.1" 206 65890 "http://www.secrepo.com/" "Mozilla/5.0 (Linux; Android) AppleWebKit/537.36 (KHTML, like Gecko) Chrome/34.0.1847.131 Safari/537.36" 
223.245.233.40 - - [05/Dec/2016:00:54:39 -0800] "GET /pe_static/zeus.zip HTTP/1.1" 206 65879 "-" "Mozilla/5.0 (Linux; Android) AppleWebKit/537.36 (KHTML, like Gecko) Chrome/34.0.1847.131 Safari/537.36" 
223.245.233.40 - - [05/Dec/2016:00:54:40 -0800] "GET /pe_static/zeus.zip HTTP/1.1" 206 65878 "-" "Mozilla/5.0 (Linux; Android) AppleWebKit/537.36 (KHTML, like Gecko) Chrome/34.0.1847.131 Safari/537.36" 
223.245.233.40 - - [05/Dec/2016:00:54:41 -0800] "GET /pe_static/zeus.zip HTTP/1.1" 206 131415 "-" "Mozilla/5.0 (Linux; Android) AppleWebKit/537.36 (KHTML, like Gecko) Chrome/34.0.1847.131 Safari/537.36" 
61.170.186.57 - - [05/Dec/2016:00:54:40 -0800] "GET /pe_static/zeus.zip HTTP/1.1" 206 65875 "-" "Mozilla/5.0 (Linux; Android) AppleWebKit/537.36 (KHTML, like Gecko) Chrome/34.0.1847.131 Safari/537.36" 
222.79.208.53 - - [05/Dec/2016:00:54:36 -0800] "GET /maccdc2012/maccdc2012_full_alert.7z HTTP/1.1" 206 131427 "http://www.secrepo.com/" "Mozilla/5.0 (Linux; Android) AppleWebKit/537.36 (KHTML, like Gecko) Chrome/34.0.1847.131 Safari/537.36" 
122.236.4.72 - - [05/Dec/2016:00:54:41 -0800] "GET /pe_static/zeus.zip HTTP/1.1" 206 65877 "-" "Mozilla/5.0 (Linux; Android) AppleWebKit/537.36 (KHTML, like Gecko) Chrome/34.0.1847.131 Safari/537.36" 
61.170.186.57 - - [05/Dec/2016:00:54:42 -0800] "GET /pe_static/zeus.zip HTTP/1.1" 206 65874 "-" "Mozilla/5.0 (Linux; Android) AppleWebKit/537.36 (KHTML, like Gecko) Chrome/34.0.1847.131 Safari/537.36" 
118.118.188.28 - - [05/Dec/2016:00:54:42 -0800] "GET /maccdc2012/maccdc2012_full_alert.7z HTTP/1.1" 206 65891 "http://www.secrepo.com/" "Mozilla/5.0 (Linux; Android) AppleWebKit/537.36 (KHTML, like Gecko) Chrome/34.0.1847.131 Safari/537.36" 
223.245.233.40 - - [05/Dec/2016:00:54:41 -0800] "GET /pe_static/zeus.zip HTTP/1.1" 206 196951 "-" "Mozilla/5.0 (Linux; Android) AppleWebKit/537.36 (KHTML, like Gecko) Chrome/34.0.1847.131 Safari/537.36" 
148.251.3.35 - - [05/Dec/2016:00:54:43 -0800] "GET /self.logs/?C=D;O=A HTTP/1.1" 200 14142 "-" "Mozilla/5.0 (compatible; BLEXBot/1.0; +http://webmeup-crawler.com/)" 
122.236.4.72 - - [05/Dec/2016:00:54:44 -0800] "GET /pe_static/zeus.zip HTTP/1.1" 206 65876 "-" "Mozilla/5.0 (Linux; Android) AppleWebKit/537.36 (KHTML, like Gecko) Chrome/34.0.1847.131 Safari/537.36" 
118.118.188.28 - - [05/Dec/2016:00:54:43 -0800] "GET /maccdc2012/maccdc2012_full_alert.7z HTTP/1.1" 206 65890 "http://www.secrepo.com/" "Mozilla/5.0 (Linux; Android) AppleWebKit/537.36 (KHTML, like Gecko) Chrome/34.0.1847.131 Safari/537.36" 
223.245.233.40 - - [05/Dec/2016:00:54:44 -0800] "GET /pe_static/zeus.zip HTTP/1.1" 206 196951 "-" "Mozilla/5.0 (Linux; Android) AppleWebKit/537.36 (KHTML, like Gecko) Chrome/34.0.1847.131 Safari/537.36" 
223.245.233.40 - - [05/Dec/2016:00:54:47 -0800] "GET /pe_static/zeus.zip HTTP/1.1" 206 196951 "-" "Mozilla/5.0 (Linux; Android) AppleWebKit/537.36 (KHTML, like Gecko) Chrome/34.0.1847.131 Safari/537.36" 
61.170.186.57 - - [05/Dec/2016:00:54:44 -0800] "GET /pe_static/zeus.zip HTTP/1.1" 206 131411 "-" "Mozilla/5.0 (Linux; Android) AppleWebKit/537.36 (KHTML, like Gecko) Chrome/34.0.1847.131 Safari/537.36" 
58.218.7.12 - - [05/Dec/2016:00:54:47 -0800] "GET /maccdc2012/maccdc2012_full_alert.7z HTTP/1.1" 206 65889 "http://www.secrepo.com/" "Mozilla/5.0 (Linux; Android) AppleWebKit/537.36 (KHTML, like Gecko) Chrome/34.0.1847.131 Safari/537.36" 
58.218.7.12 - - [05/Dec/2016:00:54:48 -0800] "GET /maccdc2012/maccdc2012_full_alert.7z HTTP/1.1" 206 65888 "http://www.secrepo.com/" "Mozilla/5.0 (Linux; Android) AppleWebKit/537.36 (KHTML, like Gecko) Chrome/34.0.1847.131 Safari/537.36" 
61.170.186.57 - - [05/Dec/2016:00:54:49 -0800] "GET /pe_static/zeus.zip HTTP/1.1" 206 65874 "-" "Mozilla/5.0 (Linux; Android) AppleWebKit/537.36 (KHTML, like Gecko) Chrome/34.0.1847.131 Safari/537.36" 
58.218.7.12 - - [05/Dec/2016:00:54:49 -0800] "GET /maccdc2012/maccdc2012_full_alert.7z HTTP/1.1" 206 131425 "http://www.secrepo.com/" "Mozilla/5.0 (Linux; Android) AppleWebKit/537.36 (KHTML, like Gecko) Chrome/34.0.1847.131 Safari/537.36" 
222.214.192.26 - - [05/Dec/2016:00:54:51 -0800] "GET /pe_static/zeus.zip HTTP/1.1" 206 65879 "-" "Mozilla/5.0 (Linux; Android) AppleWebKit/537.36 (KHTML, like Gecko) Chrome/34.0.1847.131 Safari/537.36" 
124.29.1.13 - - [05/Dec/2016:00:54:51 -0800] "GET /maccdc2012/maccdc2012_full_alert.7z HTTP/1.1" 206 65889 "http://www.secrepo.com/" "Mozilla/5.0 (Linux; Android) AppleWebKit/537.36 (KHTML, like Gecko) Chrome/34.0.1847.131 Safari/537.36" 
58.218.7.12 - - [05/Dec/2016:00:54:51 -0800] "GET /maccdc2012/maccdc2012_full_alert.7z HTTP/1.1" 206 131425 "http://www.secrepo.com/" "Mozilla/5.0 (Linux; Android) AppleWebKit/537.36 (KHTML, like Gecko) Chrome/34.0.1847.131 Safari/537.36" 
61.170.186.57 - - [05/Dec/2016:00:54:50 -0800] "GET /pe_static/zeus.zip HTTP/1.1" 206 131412 "-" "Mozilla/5.0 (Linux; Android) AppleWebKit/537.36 (KHTML, like Gecko) Chrome/34.0.1847.131 Safari/537.36" 
222.214.192.26 - - [05/Dec/2016:00:54:52 -0800] "GET /pe_static/zeus.zip HTTP/1.1" 206 65878 "-" "Mozilla/5.0 (Linux; Android) AppleWebKit/537.36 (KHTML, like Gecko) Chrome/34.0.1847.131 Safari/537.36" 
124.29.1.13 - - [05/Dec/2016:00:54:52 -0800] "GET /maccdc2012/maccdc2012_full_alert.7z HTTP/1.1" 206 131425 "http://www.secrepo.com/" "Mozilla/5.0 (Linux; Android) AppleWebKit/537.36 (KHTML, like Gecko) Chrome/34.0.1847.131 Safari/537.36" 
58.218.7.12 - - [05/Dec/2016:00:54:53 -0800] "GET /maccdc2012/maccdc2012_full_alert.7z HTTP/1.1" 206 196961 "http://www.secrepo.com/" "Mozilla/5.0 (Linux; Android) AppleWebKit/537.36 (KHTML, like Gecko) Chrome/34.0.1847.131 Safari/537.36" 
222.214.192.26 - - [05/Dec/2016:00:54:54 -0800] "GET /pe_static/zeus.zip HTTP/1.1" 206 131415 "-" "Mozilla/5.0 (Linux; Android) AppleWebKit/537.36 (KHTML, like Gecko) Chrome/34.0.1847.131 Safari/537.36" 
114.236.165.85 - - [05/Dec/2016:00:54:55 -0800] "GET /maccdc2012/maccdc2012_full_alert.7z HTTP/1.1" 206 65891 "http://www.secrepo.com/" "Mozilla/5.0 (Linux; Android) AppleWebKit/537.36 (KHTML, like Gecko) Chrome/34.0.1847.131 Safari/537.36" 
124.29.1.13 - - [05/Dec/2016:00:54:54 -0800] "GET /maccdc2012/maccdc2012_full_alert.7z HTTP/1.1" 206 131425 "http://www.secrepo.com/" "Mozilla/5.0 (Linux; Android) AppleWebKit/537.36 (KHTML, like Gecko) Chrome/34.0.1847.131 Safari/537.36" 
58.218.7.12 - - [05/Dec/2016:00:54:55 -0800] "GET /maccdc2012/maccdc2012_full_alert.7z HTTP/1.1" 206 196961 "http://www.secrepo.com/" "Mozilla/5.0 (Linux; Android) AppleWebKit/537.36 (KHTML, like Gecko) Chrome/34.0.1847.131 Safari/537.36" 
61.170.186.57 - - [05/Dec/2016:00:54:53 -0800] "GET /pe_static/zeus.zip HTTP/1.1" 206 131413 "-" "Mozilla/5.0 (Linux; Android) AppleWebKit/537.36 (KHTML, like Gecko) Chrome/34.0.1847.131 Safari/537.36" 
114.236.165.85 - - [05/Dec/2016:00:54:56 -0800] "GET /maccdc2012/maccdc2012_full_alert.7z HTTP/1.1" 206 65890 "http://www.secrepo.com/" "Mozilla/5.0 (Linux; Android) AppleWebKit/537.36 (KHTML, like Gecko) Chrome/34.0.1847.131 Safari/537.36" 
222.79.208.53 - - [05/Dec/2016:00:54:56 -0800] "GET /maccdc2012/maccdc2012_full_alert.7z HTTP/1.1" 206 65891 "http://www.secrepo.com/" "Mozilla/5.0 (Linux; Android) AppleWebKit/537.36 (KHTML, like Gecko) Chrome/34.0.1847.131 Safari/537.36" 
