192.99.8.33 - - [10/Jun/2015:01:57:35 -0700] "HEAD / HTTP/1.1" 200 284 "-" "-" 
192.99.8.33 - - [10/Jun/2015:01:57:36 -0700] "HEAD / HTTP/1.1" 200 284 "-" "-" 
192.99.8.33 - - [10/Jun/2015:01:57:38 -0700] "HEAD / HTTP/1.1" 200 284 "-" "-" 
192.99.8.33 - - [10/Jun/2015:01:57:38 -0700] "HEAD / HTTP/1.1" 200 284 "-" "-" 
192.99.8.33 - - [10/Jun/2015:02:07:05 -0700] "HEAD / HTTP/1.1" 200 284 "-" "-" 
192.99.8.33 - - [10/Jun/2015:02:07:05 -0700] "HEAD / HTTP/1.1" 200 284 "-" "-" 
192.99.8.33 - - [10/Jun/2015:02:07:06 -0700] "HEAD / HTTP/1.1" 200 284 "-" "-" 
192.99.8.33 - - [10/Jun/2015:02:07:06 -0700] "HEAD / HTTP/1.1" 200 284 "-" "-" 
192.99.8.33 - - [10/Jun/2015:02:17:25 -0700] "HEAD / HTTP/1.1" 200 284 "-" "-" 
192.99.8.33 - - [10/Jun/2015:02:17:26 -0700] "HEAD / HTTP/1.1" 200 284 "-" "-" 
192.99.8.33 - - [10/Jun/2015:02:17:26 -0700] "HEAD / HTTP/1.1" 200 284 "-" "-" 
192.99.8.33 - - [10/Jun/2015:02:17:27 -0700] "HEAD / HTTP/1.1" 200 284 "-" "-" 
192.99.8.33 - - [10/Jun/2015:02:28:31 -0700] "HEAD / HTTP/1.1" 200 284 "-" "-" 
192.99.8.33 - - [10/Jun/2015:02:28:31 -0700] "HEAD / HTTP/1.1" 200 284 "-" "-" 
192.99.8.33 - - [10/Jun/2015:02:28:32 -0700] "HEAD / HTTP/1.1" 200 284 "-" "-" 
192.99.8.33 - - [10/Jun/2015:02:28:32 -0700] "HEAD / HTTP/1.1" 200 284 "-" "-" 
157.55.39.119 - - [10/Jun/2015:02:58:58 -0700] "GET /self.logs/error.log.2015-03-15.gz HTTP/1.1" 200 1172 "-" "Mozilla/5.0 (compatible; bingbot/2.0; +http://www.bing.com/bingbot.htm)" 
207.46.13.104 - - [10/Jun/2015:03:04:41 -0700] "GET /self.logs/error.log.2015-02-23.gz HTTP/1.1" 301 543 "-" "Mozilla/5.0 (compatible; bingbot/2.0; +http://www.bing.com/bingbot.htm)" 
93.57.0.2 - - [10/Jun/2015:03:20:45 -0700] "GET / HTTP/1.1" 200 7043 "http://www2.mlsecproject.org/" "Mozilla/5.0 (Windows NT 6.3; WOW64; rv:38.0) Gecko/20100101 Firefox/38.0" 
93.57.0.2 - - [10/Jun/2015:03:20:46 -0700] "GET /bootstrap/img/favicon.ico HTTP/1.1" 200 589 "-" "Mozilla/5.0 (Windows NT 6.3; WOW64; rv:38.0) Gecko/20100101 Firefox/38.0" 
93.57.0.2 - - [10/Jun/2015:03:20:46 -0700] "GET /GitHub-Mark.png HTTP/1.1" 200 7428 "http://www.secrepo.com/" "Mozilla/5.0 (Windows NT 6.3; WOW64; rv:38.0) Gecko/20100101 Firefox/38.0" 
93.57.0.2 - - [10/Jun/2015:03:20:46 -0700] "GET /twitter-icon.png HTTP/1.1" 200 27787 "http://www.secrepo.com/" "Mozilla/5.0 (Windows NT 6.3; WOW64; rv:38.0) Gecko/20100101 Firefox/38.0" 
54.234.238.247 - - [10/Jun/2015:03:36:47 -0700] "GET / HTTP/1.1" 200 6987 "-" "HTTP_Request2/2.2.0 (http://pear.php.net/package/http_request2) PHP/5.3.29" 
213.115.254.198 - - [10/Jun/2015:03:50:55 -0700] "GET / HTTP/1.0" 200 7043 "http://www.secrepo.com/self.logs/" "Mozilla/5.0 (Windows NT 6.1; WOW64; rv:38.0) Gecko/20100101 Firefox/38.0" 
213.115.254.198 - - [10/Jun/2015:03:53:24 -0700] "GET /self.logs/error.log.2015-06-01.gz HTTP/1.0" 200 626 "-" "Wget/1.16.1 (linux-gnu)" 
70.210.11.38 - - [10/Jun/2015:04:07:37 -0700] "GET / HTTP/1.1" 301 483 "-" "Mozilla/5.0 (Linux; Android 5.0.1; SAMSUNG SCH-I545 4G Build/LRX22C) AppleWebKit/537.36 (KHTML, like Gecko) SamsungBrowser/2.1 Chrome/34.0.1847.76 Mobile Safari/537.36" 
70.210.11.38 - - [10/Jun/2015:04:07:37 -0700] "GET / HTTP/1.1" 200 7043 "-" "Mozilla/5.0 (Linux; Android 5.0.1; SAMSUNG SCH-I545 4G Build/LRX22C) AppleWebKit/537.36 (KHTML, like Gecko) SamsungBrowser/2.1 Chrome/34.0.1847.76 Mobile Safari/537.36" 
70.210.11.38 - - [10/Jun/2015:04:07:38 -0700] "GET /twitter-icon.png HTTP/1.1" 200 27787 "http://www.secrepo.com/" "Mozilla/5.0 (Linux; Android 5.0.1; SAMSUNG SCH-I545 4G Build/LRX22C) AppleWebKit/537.36 (KHTML, like Gecko) SamsungBrowser/2.1 Chrome/34.0.1847.76 Mobile Safari/537.36" 
70.210.11.38 - - [10/Jun/2015:04:07:38 -0700] "GET /GitHub-Mark.png HTTP/1.1" 200 7428 "http://www.secrepo.com/" "Mozilla/5.0 (Linux; Android 5.0.1; SAMSUNG SCH-I545 4G Build/LRX22C) AppleWebKit/537.36 (KHTML, like Gecko) SamsungBrowser/2.1 Chrome/34.0.1847.76 Mobile Safari/537.36" 
70.210.11.38 - - [10/Jun/2015:04:07:39 -0700] "GET /bootstrap/img/favicon.ico HTTP/1.1" 200 590 "-" "Mozilla/5.0 (Linux; Android 5.0.1; SAMSUNG SCH-I545 4G Build/LRX22C) AppleWebKit/537.36 (KHTML, like Gecko) SamsungBrowser/2.1 Chrome/34.0.1847.76 Mobile Safari/537.36" 
98.231.230.118 - - [10/Jun/2015:04:33:30 -0700] "GET /bootstrap/img/favicon.ico HTTP/1.1" 200 590 "-" "Mozilla/5.0 (Windows NT 6.1; WOW64; rv:38.0) Gecko/20100101 Firefox/38.0" 
77.242.202.244 - - [10/Jun/2015:04:44:04 -0700] "GET / HTTP/1.1" 200 7043 "https://www.google.com/" "Mozilla/5.0 (Windows NT 6.1; Win64; x64) AppleWebKit/537.36 (KHTML, like Gecko) Chrome/45.0.2413.0 Safari/537.36" 
77.242.202.244 - - [10/Jun/2015:04:44:04 -0700] "GET /twitter-icon.png HTTP/1.1" 200 27787 "http://www.secrepo.com/" "Mozilla/5.0 (Windows NT 6.1; Win64; x64) AppleWebKit/537.36 (KHTML, like Gecko) Chrome/45.0.2413.0 Safari/537.36" 
77.242.202.244 - - [10/Jun/2015:04:44:04 -0700] "GET /GitHub-Mark.png HTTP/1.1" 200 7427 "http://www.secrepo.com/" "Mozilla/5.0 (Windows NT 6.1; Win64; x64) AppleWebKit/537.36 (KHTML, like Gecko) Chrome/45.0.2413.0 Safari/537.36" 
77.242.202.244 - - [10/Jun/2015:04:44:05 -0700] "GET /bootstrap/img/favicon.ico HTTP/1.1" 200 589 "http://www.secrepo.com/" "Mozilla/5.0 (Windows NT 6.1; Win64; x64) AppleWebKit/537.36 (KHTML, like Gecko) Chrome/45.0.2413.0 Safari/537.36" 
77.242.202.244 - - [10/Jun/2015:04:44:50 -0700] "GET /maccdc2012/dhcp.log.gz HTTP/1.1" 200 45019 "http://www.secrepo.com/" "Mozilla/5.0 (Windows NT 6.1; Win64; x64) AppleWebKit/537.36 (KHTML, like Gecko) Chrome/45.0.2413.0 Safari/537.36" 
103.246.39.212 - - [10/Jun/2015:04:47:02 -0700] "GET / HTTP/1.1" 200 23010 "-" "Mozilla/4.0 (compatible; MSIE 7.0; Windows NT 5.1; InfoPath.1; .NET CLR 2.0.50727; .NET CLR 1.1.4322; MS-RTC LM 8; .NET CLR 3.0.4506.2152; .NET CLR 3.5.30729)" 
203.91.192.4 - - [10/Jun/2015:04:47:03 -0700] "GET / HTTP/1.1" 200 7043 "http://www2.mlsecproject.org/" "Mozilla/5.0 (Windows NT 6.1; WOW64; rv:38.0) Gecko/20100101 Firefox/38.0" 
203.91.192.4 - - [10/Jun/2015:04:47:04 -0700] "GET /bootstrap/img/favicon.ico HTTP/1.1" 200 590 "-" "Mozilla/5.0 (Windows NT 6.1; WOW64; rv:38.0) Gecko/20100101 Firefox/38.0" 
203.91.192.4 - - [10/Jun/2015:04:47:05 -0700] "GET /twitter-icon.png HTTP/1.1" 200 27787 "http://www.secrepo.com/" "Mozilla/5.0 (Windows NT 6.1; WOW64; rv:38.0) Gecko/20100101 Firefox/38.0" 
203.91.192.4 - - [10/Jun/2015:04:47:05 -0700] "GET /GitHub-Mark.png HTTP/1.1" 200 7427 "http://www.secrepo.com/" "Mozilla/5.0 (Windows NT 6.1; WOW64; rv:38.0) Gecko/20100101 Firefox/38.0" 
94.210.110.122 - - [10/Jun/2015:04:52:40 -0700] "GET / HTTP/1.1" 200 7043 "https://www.google.nl/" "Mozilla/5.0 (Windows NT 6.3; WOW64) AppleWebKit/537.36 (KHTML, like Gecko) Chrome/43.0.2357.81 Safari/537.36" 
94.210.110.122 - - [10/Jun/2015:04:52:40 -0700] "GET /GitHub-Mark.png HTTP/1.1" 200 7428 "http://www.secrepo.com/" "Mozilla/5.0 (Windows NT 6.3; WOW64) AppleWebKit/537.36 (KHTML, like Gecko) Chrome/43.0.2357.81 Safari/537.36" 
94.210.110.122 - - [10/Jun/2015:04:52:40 -0700] "GET /twitter-icon.png HTTP/1.1" 200 27787 "http://www.secrepo.com/" "Mozilla/5.0 (Windows NT 6.3; WOW64) AppleWebKit/537.36 (KHTML, like Gecko) Chrome/43.0.2357.81 Safari/537.36" 
94.210.110.122 - - [10/Jun/2015:04:52:40 -0700] "GET /bootstrap/img/favicon.ico HTTP/1.1" 200 589 "http://www.secrepo.com/" "Mozilla/5.0 (Windows NT 6.3; WOW64) AppleWebKit/537.36 (KHTML, like Gecko) Chrome/43.0.2357.81 Safari/537.36" 
94.210.110.122 - - [10/Jun/2015:04:53:29 -0700] "GET /maccdc2012/http.log.gz HTTP/1.1" 200 54258816 "http://www.secrepo.com/" "Mozilla/5.0 (Windows NT 6.3; WOW64) AppleWebKit/537.36 (KHTML, like Gecko) Chrome/43.0.2357.81 Safari/537.36" 
94.210.110.122 - - [10/Jun/2015:04:53:59 -0700] "GET /auth.log/auth.log.gz HTTP/1.1" 200 554524 "http://www.secrepo.com/" "Mozilla/5.0 (Windows NT 6.3; WOW64) AppleWebKit/537.36 (KHTML, like Gecko) Chrome/43.0.2357.81 Safari/537.36" 
94.210.110.122 - - [10/Jun/2015:04:53:15 -0700] "GET /maccdc2012/conn.log.gz HTTP/1.1" 200 220839351 "http://www.secrepo.com/" "Mozilla/5.0 (Windows NT 6.3; WOW64) AppleWebKit/537.36 (KHTML, like Gecko) Chrome/43.0.2357.81 Safari/537.36" 
94.210.110.122 - - [10/Jun/2015:05:03:43 -0700] "GET /self.logs/ HTTP/1.1" 200 3425 "http://www.secrepo.com/" "Mozilla/5.0 (Windows NT 6.3; WOW64) AppleWebKit/537.36 (KHTML, like Gecko) Chrome/43.0.2357.81 Safari/537.36" 
94.210.110.122 - - [10/Jun/2015:05:03:44 -0700] "GET /favicon.ico HTTP/1.1" 200 267 "http://www.secrepo.com/self.logs/" "Mozilla/5.0 (Windows NT 6.3; WOW64) AppleWebKit/537.36 (KHTML, like Gecko) Chrome/43.0.2357.81 Safari/537.36" 
94.210.110.122 - - [10/Jun/2015:05:03:45 -0700] "GET /self.logs/access.log.2015-01-18.gz HTTP/1.1" 200 3471 "http://www.secrepo.com/self.logs/" "Mozilla/5.0 (Windows NT 6.3; WOW64) AppleWebKit/537.36 (KHTML, like Gecko) Chrome/43.0.2357.81 Safari/537.36" 
94.210.110.122 - - [10/Jun/2015:05:04:56 -0700] "GET /self.logs/access.log.2015-01-26.gz HTTP/1.1" 200 3257 "http://www.secrepo.com/self.logs/" "Mozilla/5.0 (Windows NT 6.3; WOW64) AppleWebKit/537.36 (KHTML, like Gecko) Chrome/43.0.2357.81 Safari/537.36" 
94.210.110.122 - - [10/Jun/2015:05:08:06 -0700] "GET /self.logs/ HTTP/1.1" 200 3425 "http://www.secrepo.com/" "Mozilla/5.0 (Windows NT 6.3; WOW64) AppleWebKit/537.36 (KHTML, like Gecko) Chrome/43.0.2357.81 Safari/537.36" 
89.47.26.161 - - [10/Jun/2015:05:13:22 -0700] "GET /honeypot/Honeypot - Howto.pdf HTTP/1.0" 404 303 "http://www.secrepo.com/" "Mozilla/5.0 (Macintosh; Intel Mac OS X 10_10_1) AppleWebKit/537.36 (KHTML, like Gecko) Chrome/39.0.2171.95 Safari/537.36" 
89.47.26.161 - - [10/Jun/2015:05:13:23 -0700] "GET / HTTP/1.1" 200 7043 "http://www.secrepo.com" "Mozilla/5.0 (Macintosh; Intel Mac OS X 10_10_1) AppleWebKit/537.36 (KHTML, like Gecko) Chrome/39.0.2171.95 Safari/537.36" 
89.47.26.161 - - [10/Jun/2015:05:13:23 -0700] "GET /ftp://download.iwlab.foi.se/dataset/ HTTP/1.1" 404 339 "http://www.secrepo.com" "Mozilla/5.0 (Macintosh; Intel Mac OS X 10_10_1) AppleWebKit/537.36 (KHTML, like Gecko) Chrome/39.0.2171.95 Safari/537.36" 
89.47.26.161 - - [10/Jun/2015:05:13:23 -0700] "GET / HTTP/1.1" 200 7042 "http://www.secrepo.com" "Mozilla/5.0 (Macintosh; Intel Mac OS X 10_10_1) AppleWebKit/537.36 (KHTML, like Gecko) Chrome/39.0.2171.95 Safari/537.36" 
74.6.254.95 - - [10/Jun/2015:05:18:17 -0700] "GET / HTTP/1.1" 200 6987 "-" "Mozilla/5.0 (compatible; Yahoo! Slurp; http://help.yahoo.com/help/us/ysearch/slurp)" 
104.130.161.114 - - [10/Jun/2015:05:21:53 -0700] "GET /robots.txt HTTP/1.1" 301 446 "-" "Tornado-Async-Client" 
104.130.161.114 - - [10/Jun/2015:05:21:53 -0700] "GET /robots.txt HTTP/1.1" 200 304 "-" "Tornado-Async-Client" 
104.130.161.114 - - [10/Jun/2015:05:21:53 -0700] "GET /honeypot/BSidesDFW%20-%202014.ipynb HTTP/1.1" 301 484 "-" "Tornado-Async-Client" 
104.130.161.114 - - [10/Jun/2015:05:21:53 -0700] "GET /honeypot/BSidesDFW%20-%202014.ipynb HTTP/1.1" 200 930780 "-" "Tornado-Async-Client" 
157.55.39.182 - - [10/Jun/2015:05:39:44 -0700] "GET /maccdc2012/http.log.gz HTTP/1.1" 200 10906942 "-" "Mozilla/5.0 (compatible; bingbot/2.0; +http://www.bing.com/bingbot.htm)" 
66.249.64.18 - - [10/Jun/2015:05:40:03 -0700] "GET /robots.txt HTTP/1.1" 200 334 "-" "Mozilla/5.0 (compatible; Googlebot/2.1; +http://www.google.com/bot.html)" 
66.249.64.23 - - [10/Jun/2015:05:40:03 -0700] "GET / HTTP/1.1" 200 7043 "-" "Mozilla/5.0 (iPhone; CPU iPhone OS 6_0 like Mac OS X) AppleWebKit/536.26 (KHTML, like Gecko) Version/6.0 Mobile/10A5376e Safari/8536.25 (compatible; Googlebot/2.1; +http://www.google.com/bot.html)" 
173.174.215.150 - - [10/Jun/2015:05:51:05 -0700] "GET / HTTP/1.1" 200 7043 "-" "Mozilla/5.0 (X11; Linux x86_64) AppleWebKit/537.36 (KHTML, like Gecko) Chrome/43.0.2357.65 Safari/537.36" 
188.165.15.212 - - [10/Jun/2015:06:18:03 -0700] "GET /self.logs/access.log.2015-03-27.gz HTTP/1.1" 200 4001 "-" "Mozilla/5.0 (compatible; AhrefsBot/5.0; +http://ahrefs.com/robot/)" 
68.180.228.46 - - [10/Jun/2015:06:21:37 -0700] "GET /maccdc2012/dhcp.log.gz HTTP/1.1" 200 44963 "-" "Mozilla/5.0 (compatible; Yahoo! Slurp; http://help.yahoo.com/help/us/ysearch/slurp)" 
46.236.26.103 - - [10/Jun/2015:06:21:38 -0700] "GET / HTTP/1.1" 206 23003 "-" "Mozilla/5.0 (TweetmemeBot/4.0; +http://datasift.com/bot.html) Gecko/20100101 Firefox/31.0" 
193.140.89.100 - - [10/Jun/2015:06:21:41 -0700] "GET / HTTP/1.1" 200 7043 "http://t.co/mBOPLXMn3r" "Mozilla/5.0 (Windows NT 6.3; WOW64) AppleWebKit/537.36 (KHTML, like Gecko) Chrome/43.0.2357.124 Safari/537.36" 
193.140.89.100 - - [10/Jun/2015:06:21:41 -0700] "GET /GitHub-Mark.png HTTP/1.1" 200 7428 "http://www.secrepo.com/" "Mozilla/5.0 (Windows NT 6.3; WOW64) AppleWebKit/537.36 (KHTML, like Gecko) Chrome/43.0.2357.124 Safari/537.36" 
193.140.89.100 - - [10/Jun/2015:06:21:41 -0700] "GET /twitter-icon.png HTTP/1.1" 200 27787 "http://www.secrepo.com/" "Mozilla/5.0 (Windows NT 6.3; WOW64) AppleWebKit/537.36 (KHTML, like Gecko) Chrome/43.0.2357.124 Safari/537.36" 
193.140.89.100 - - [10/Jun/2015:06:21:42 -0700] "GET /bootstrap/img/favicon.ico HTTP/1.1" 200 589 "http://www.secrepo.com/" "Mozilla/5.0 (Windows NT 6.3; WOW64) AppleWebKit/537.36 (KHTML, like Gecko) Chrome/43.0.2357.124 Safari/537.36" 
203.133.169.134 - - [10/Jun/2015:06:21:54 -0700] "GET / HTTP/1.1" 200 7043 "-" "Mozilla/5.0 (compatible; MSIE or Firefox mutant; not on Windows server;) Daumoa/4.0" 
193.140.89.100 - - [10/Jun/2015:06:31:18 -0700] "GET /maccdc2012/dhcp.log.gz HTTP/1.1" 200 45019 "http://www.secrepo.com/" "Mozilla/5.0 (Windows NT 6.3; WOW64) AppleWebKit/537.36 (KHTML, like Gecko) Chrome/43.0.2357.124 Safari/537.36" 
193.140.89.100 - - [10/Jun/2015:06:31:38 -0700] "GET /self.logs/ HTTP/1.1" 200 3425 "http://www.secrepo.com/" "Mozilla/5.0 (Windows NT 6.3; WOW64) AppleWebKit/537.36 (KHTML, like Gecko) Chrome/43.0.2357.124 Safari/537.36" 
193.140.89.100 - - [10/Jun/2015:06:31:38 -0700] "GET /favicon.ico HTTP/1.1" 200 267 "http://www.secrepo.com/self.logs/" "Mozilla/5.0 (Windows NT 6.3; WOW64) AppleWebKit/537.36 (KHTML, like Gecko) Chrome/43.0.2357.124 Safari/537.36" 
193.140.89.100 - - [10/Jun/2015:06:31:41 -0700] "GET /self.logs/access.log.2015-01-17.gz HTTP/1.1" 200 3597 "http://www.secrepo.com/self.logs/" "Mozilla/5.0 (Windows NT 6.3; WOW64) AppleWebKit/537.36 (KHTML, like Gecko) Chrome/43.0.2357.124 Safari/537.36" 
188.165.15.212 - - [10/Jun/2015:06:37:47 -0700] "GET /self.logs/access.log.2015-03-09.gz HTTP/1.1" 200 6366 "-" "Mozilla/5.0 (compatible; AhrefsBot/5.0; +http://ahrefs.com/robot/)" 
123.125.71.77 - - [10/Jun/2015:06:45:53 -0700] "GET / HTTP/1.1" 200 7006 "-" "Mozilla/5.0 (Windows NT 5.1; rv:6.0.2) Gecko/20100101 Firefox/6.0.2" 
123.125.71.90 - - [10/Jun/2015:06:47:32 -0700] "GET / HTTP/1.1" 200 22999 "-" "Mozilla/5.0 (Windows NT 5.1; rv:6.0.2) Gecko/20100101 Firefox/6.0.2" 
220.181.108.139 - - [10/Jun/2015:06:48:36 -0700] "GET / HTTP/1.1" 200 7006 "-" "Mozilla/5.0 (Windows NT 5.1; rv:6.0.2) Gecko/20100101 Firefox/6.0.2" 
220.181.108.156 - - [10/Jun/2015:06:50:29 -0700] "GET / HTTP/1.1" 200 22999 "-" "Mozilla/5.0 (Windows NT 5.1; rv:6.0.2) Gecko/20100101 Firefox/6.0.2" 
66.249.64.18 - - [10/Jun/2015:07:00:04 -0700] "GET / HTTP/1.1" 200 7043 "-" "DoCoMo/2.0 N905i(c100;TB;W24H16) (compatible; Googlebot-Mobile/2.1; +http://www.google.com/bot.html)" 
184.145.138.249 - - [10/Jun/2015:07:03:17 -0700] "GET / HTTP/1.1" 301 483 "-" "Mozilla/5.0 (X11; Linux x86_64) AppleWebKit/537.36 (KHTML, like Gecko) Ubuntu Chromium/41.0.2272.76 Chrome/41.0.2272.76 Safari/537.36" 
184.145.138.249 - - [10/Jun/2015:07:03:17 -0700] "GET / HTTP/1.1" 200 7043 "-" "Mozilla/5.0 (X11; Linux x86_64) AppleWebKit/537.36 (KHTML, like Gecko) Ubuntu Chromium/41.0.2272.76 Chrome/41.0.2272.76 Safari/537.36" 
184.145.138.249 - - [10/Jun/2015:07:03:17 -0700] "GET /twitter-icon.png HTTP/1.1" 200 27787 "http://www.secrepo.com/" "Mozilla/5.0 (X11; Linux x86_64) AppleWebKit/537.36 (KHTML, like Gecko) Ubuntu Chromium/41.0.2272.76 Chrome/41.0.2272.76 Safari/537.36" 
184.145.138.249 - - [10/Jun/2015:07:03:17 -0700] "GET /GitHub-Mark.png HTTP/1.1" 200 7428 "http://www.secrepo.com/" "Mozilla/5.0 (X11; Linux x86_64) AppleWebKit/537.36 (KHTML, like Gecko) Ubuntu Chromium/41.0.2272.76 Chrome/41.0.2272.76 Safari/537.36" 
184.145.138.249 - - [10/Jun/2015:07:03:18 -0700] "GET /bootstrap/img/favicon.ico HTTP/1.1" 200 589 "-" "Mozilla/5.0 (X11; Linux x86_64) AppleWebKit/537.36 (KHTML, like Gecko) Ubuntu Chromium/41.0.2272.76 Chrome/41.0.2272.76 Safari/537.36" 
167.114.167.198 - - [10/Jun/2015:07:04:02 -0700] "GET /zeus/zeus_json.zip HTTP/1.1" 404 295 "-" "Wget/1.15 (linux-gnu)" 
184.145.138.249 - - [10/Jun/2015:07:04:06 -0700] "GET /zeus/zeus_json.zip HTTP/1.1" 404 340 "http://www.secrepo.com/" "Mozilla/5.0 (X11; Linux x86_64) AppleWebKit/537.36 (KHTML, like Gecko) Ubuntu Chromium/41.0.2272.76 Chrome/41.0.2272.76 Safari/537.36" 
184.145.138.249 - - [10/Jun/2015:07:04:06 -0700] "GET /favicon.ico HTTP/1.1" 200 267 "-" "Mozilla/5.0 (X11; Linux x86_64) AppleWebKit/537.36 (KHTML, like Gecko) Ubuntu Chromium/41.0.2272.76 Chrome/41.0.2272.76 Safari/537.36" 
184.145.138.249 - - [10/Jun/2015:07:04:59 -0700] "GET /zeus/zeus_json.zip HTTP/1.1" 404 340 "http://www.secrepo.com/" "Mozilla/5.0 (X11; Linux x86_64) AppleWebKit/537.36 (KHTML, like Gecko) Ubuntu Chromium/41.0.2272.76 Chrome/41.0.2272.76 Safari/537.36" 
184.145.138.249 - - [10/Jun/2015:07:05:02 -0700] "GET /zeus/ HTTP/1.1" 404 340 "-" "Mozilla/5.0 (X11; Linux x86_64) AppleWebKit/537.36 (KHTML, like Gecko) Ubuntu Chromium/41.0.2272.76 Chrome/41.0.2272.76 Safari/537.36" 
107.168.64.43 - - [10/Jun/2015:07:06:07 -0700] "GET /honeypot/BSidesDFW%20-%202014.ipynb HTTP/1.0" 200 930799 "http://www.secrepo.com/" "Mozilla/5.0 (Macintosh; Intel Mac OS X 10_10_1) AppleWebKit/537.36 (KHTML, like Gecko) Chrome/39.0.2171.95 Safari/537.36" 
184.145.138.249 - - [10/Jun/2015:07:11:08 -0700] "GET / HTTP/1.1" 301 483 "-" "Mozilla/5.0 (X11; Linux x86_64) AppleWebKit/537.36 (KHTML, like Gecko) Ubuntu Chromium/41.0.2272.76 Chrome/41.0.2272.76 Safari/537.36" 
188.165.15.212 - - [10/Jun/2015:07:35:02 -0700] "GET /self.logs/access.log.2015-04-04.gz HTTP/1.1" 200 5298 "-" "Mozilla/5.0 (compatible; AhrefsBot/5.0; +http://ahrefs.com/robot/)" 
188.165.15.212 - - [10/Jun/2015:07:41:26 -0700] "GET /self.logs/error.log.2015-05-31.gz HTTP/1.1" 200 772 "-" "Mozilla/5.0 (compatible; AhrefsBot/5.0; +http://ahrefs.com/robot/)" 
67.190.87.117 - - [10/Jun/2015:07:42:27 -0700] "GET / HTTP/1.1" 301 483 "-" "Mozilla/5.0 (Windows NT 6.1; WOW64; rv:38.0) Gecko/20100101 Firefox/38.0" 
67.190.87.117 - - [10/Jun/2015:07:42:28 -0700] "GET / HTTP/1.1" 200 7043 "-" "Mozilla/5.0 (Windows NT 6.1; WOW64; rv:38.0) Gecko/20100101 Firefox/38.0" 
67.190.87.117 - - [10/Jun/2015:07:42:28 -0700] "GET /bootstrap/img/favicon.ico HTTP/1.1" 200 589 "-" "Mozilla/5.0 (Windows NT 6.1; WOW64; rv:38.0) Gecko/20100101 Firefox/38.0" 
67.190.87.117 - - [10/Jun/2015:07:42:28 -0700] "GET /twitter-icon.png HTTP/1.1" 200 27787 "http://www.secrepo.com/" "Mozilla/5.0 (Windows NT 6.1; WOW64; rv:38.0) Gecko/20100101 Firefox/38.0" 
67.190.87.117 - - [10/Jun/2015:07:42:28 -0700] "GET /GitHub-Mark.png HTTP/1.1" 200 7428 "http://www.secrepo.com/" "Mozilla/5.0 (Windows NT 6.1; WOW64; rv:38.0) Gecko/20100101 Firefox/38.0" 
66.249.81.170 - - [10/Jun/2015:07:43:06 -0700] "GET / HTTP/1.1" 200 7043 "-" "Mozilla/5.0 (Windows NT 6.1; rv:6.0) Gecko/20110814 Firefox/6.0 Google favicon" 
66.249.81.170 - - [10/Jun/2015:07:43:06 -0700] "GET /bootstrap/img/favicon.ico HTTP/1.1" 200 589 "-" "Mozilla/5.0 (Windows NT 6.1; rv:6.0) Gecko/20110814 Firefox/6.0 Google favicon" 
212.174.25.180 - - [10/Jun/2015:08:07:46 -0700] "GET / HTTP/1.1" 200 7043 "http://t.co/mBOPLXMn3r" "Mozilla/5.0 (Macintosh; Intel Mac OS X 10.10; rv:38.0) Gecko/20100101 Firefox/38.0" 
212.174.25.180 - - [10/Jun/2015:08:07:46 -0700] "GET /twitter-icon.png HTTP/1.1" 200 27787 "http://www.secrepo.com/" "Mozilla/5.0 (Macintosh; Intel Mac OS X 10.10; rv:38.0) Gecko/20100101 Firefox/38.0" 
46.236.26.103 - - [10/Jun/2015:08:07:46 -0700] "GET / HTTP/1.1" 206 23003 "-" "Mozilla/5.0 (TweetmemeBot/4.0; +http://datasift.com/bot.html) Gecko/20100101 Firefox/31.0" 
212.174.25.180 - - [10/Jun/2015:08:07:46 -0700] "GET /GitHub-Mark.png HTTP/1.1" 200 7428 "http://www.secrepo.com/" "Mozilla/5.0 (Macintosh; Intel Mac OS X 10.10; rv:38.0) Gecko/20100101 Firefox/38.0" 
212.174.25.180 - - [10/Jun/2015:08:07:46 -0700] "GET /bootstrap/img/favicon.ico HTTP/1.1" 200 590 "-" "Mozilla/5.0 (Macintosh; Intel Mac OS X 10.10; rv:38.0) Gecko/20100101 Firefox/38.0" 
188.165.15.212 - - [10/Jun/2015:08:08:48 -0700] "GET /self.logs/access.log.2015-04-27.gz HTTP/1.1" 200 7276 "-" "Mozilla/5.0 (compatible; AhrefsBot/5.0; +http://ahrefs.com/robot/)" 
66.249.64.18 - - [10/Jun/2015:08:13:06 -0700] "GET / HTTP/1.1" 200 7043 "-" "Mozilla/5.0 (compatible; Googlebot/2.1; +http://www.google.com/bot.html)" 
207.46.13.107 - - [10/Jun/2015:08:33:21 -0700] "GET /self.logs/error.log.2015-04-30.gz HTTP/1.1" 200 1248 "-" "Mozilla/5.0 (compatible; bingbot/2.0; +http://www.bing.com/bingbot.htm)" 
208.115.113.86 - - [10/Jun/2015:08:39:51 -0700] "GET /robots.txt HTTP/1.1" 200 233 "-" "Mozilla/5.0 (compatible; DotBot/1.1; http://www.opensiteexplorer.org/dotbot, help@moz.com)" 
188.165.15.212 - - [10/Jun/2015:08:44:10 -0700] "GET /self.logs/access.log.2015-05-09.gz HTTP/1.1" 200 2800 "-" "Mozilla/5.0 (compatible; AhrefsBot/5.0; +http://ahrefs.com/robot/)" 
188.165.15.212 - - [10/Jun/2015:09:04:09 -0700] "GET /self.logs/access.log.2015-05-14.gz HTTP/1.1" 200 6064 "-" "Mozilla/5.0 (compatible; AhrefsBot/5.0; +http://ahrefs.com/robot/)" 
131.227.23.35 - - [10/Jun/2015:09:05:54 -0700] "GET / HTTP/1.1" 200 7043 "http://www.google.co.uk/url?sa=t&rct=j&q=&esrc=s&source=web&cd=4&ved=0CDYQFjADahUKEwjbjouOwIXGAhVBkhQKHd9CANw&url=http%3A%2F%2Fwww.secrepo.com%2F&ei=ql94VduRLMGkUt-FgeAN&usg=AFQjCNHeQikQ6r63vtqWKlBvSenYpdB4dQ&sig2=Ct-dXken3vPi-MWPuouUIw" "Mozilla/5.0 (Windows NT 6.3; WOW64; rv:38.0) Gecko/20100101 Firefox/38.0" 
131.227.23.35 - - [10/Jun/2015:09:05:56 -0700] "GET /bootstrap/img/favicon.ico HTTP/1.1" 200 590 "-" "Mozilla/5.0 (Windows NT 6.3; WOW64; rv:38.0) Gecko/20100101 Firefox/38.0" 
131.227.23.35 - - [10/Jun/2015:09:05:56 -0700] "GET /twitter-icon.png HTTP/1.1" 200 27787 "http://www.secrepo.com/" "Mozilla/5.0 (Windows NT 6.3; WOW64; rv:38.0) Gecko/20100101 Firefox/38.0" 
131.227.23.35 - - [10/Jun/2015:09:05:56 -0700] "GET /GitHub-Mark.png HTTP/1.1" 200 7427 "http://www.secrepo.com/" "Mozilla/5.0 (Windows NT 6.3; WOW64; rv:38.0) Gecko/20100101 Firefox/38.0" 
188.165.15.81 - - [10/Jun/2015:09:09:10 -0700] "GET /robots.txt HTTP/1.1" 301 446 "-" "Mozilla/5.0 (compatible; AhrefsBot/5.0; +http://ahrefs.com/robot/)" 
188.165.15.81 - - [10/Jun/2015:09:09:11 -0700] "GET /robots.txt HTTP/1.1" 200 304 "-" "Mozilla/5.0 (compatible; AhrefsBot/5.0; +http://ahrefs.com/robot/)" 
207.46.13.107 - - [10/Jun/2015:09:21:21 -0700] "GET /self.logs/error.log.2015-04-02.gz HTTP/1.1" 200 1056 "-" "Mozilla/5.0 (compatible; bingbot/2.0; +http://www.bing.com/bingbot.htm)" 
199.195.140.227 - - [10/Jun/2015:09:22:55 -0700] "GET / HTTP/1.1" 200 22999 "-" "Mozilla/4.0 (compatible; MSIE 5.01; Windows NT 5.0)" 
46.236.26.103 - - [10/Jun/2015:09:22:55 -0700] "GET / HTTP/1.1" 206 23003 "-" "Mozilla/5.0 (TweetmemeBot/4.0; +http://datasift.com/bot.html) Gecko/20100101 Firefox/31.0" 
64.62.134.170 - - [10/Jun/2015:09:23:30 -0700] "GET / HTTP/1.1" 200 23010 "-" "Apache-HttpClient/4.1.2 (java 1.5)" 
64.62.134.170 - - [10/Jun/2015:09:23:30 -0700] "GET / HTTP/1.1" 200 23010 "-" "Mozilla/5.0 (X11; U; Linux x86_64; de; rv:1.9.2.8) Gecko/20100723 Ubuntu/10.04 (lucid) Firefox/3.6.8" 
131.227.23.35 - - [10/Jun/2015:09:26:10 -0700] "GET /zeus/zeus_json.zip HTTP/1.1" 404 340 "http://www.secrepo.com/" "Mozilla/5.0 (Windows NT 6.3; WOW64; rv:38.0) Gecko/20100101 Firefox/38.0" 
131.227.23.35 - - [10/Jun/2015:09:26:10 -0700] "GET /favicon.ico HTTP/1.1" 200 267 "-" "Mozilla/5.0 (Windows NT 6.3; WOW64; rv:38.0) Gecko/20100101 Firefox/38.0" 
63.235.135.90 - - [10/Jun/2015:09:36:27 -0700] "GET / HTTP/1.1" 200 7043 "-" "Mozilla/5.0 (Macintosh; Intel Mac OS X 10_10_3) AppleWebKit/600.6.3 (KHTML, like Gecko) Version/8.0.6 Safari/600.6.3" 
63.235.135.90 - - [10/Jun/2015:09:36:27 -0700] "GET /GitHub-Mark.png HTTP/1.1" 200 7428 "http://www.secrepo.com/" "Mozilla/5.0 (Macintosh; Intel Mac OS X 10_10_3) AppleWebKit/600.6.3 (KHTML, like Gecko) Version/8.0.6 Safari/600.6.3" 
63.235.135.90 - - [10/Jun/2015:09:36:27 -0700] "GET /twitter-icon.png HTTP/1.1" 200 27788 "http://www.secrepo.com/" "Mozilla/5.0 (Macintosh; Intel Mac OS X 10_10_3) AppleWebKit/600.6.3 (KHTML, like Gecko) Version/8.0.6 Safari/600.6.3" 
63.235.135.90 - - [10/Jun/2015:09:36:28 -0700] "GET /bootstrap/img/favicon.ico HTTP/1.1" 200 589 "http://www.secrepo.com/" "Mozilla/5.0 (Macintosh; Intel Mac OS X 10_10_3) AppleWebKit/600.6.3 (KHTML, like Gecko) Version/8.0.6 Safari/600.6.3" 
63.235.135.90 - - [10/Jun/2015:09:36:56 -0700] "GET / HTTP/1.1" 200 7043 "-" "Mozilla/5.0 (Macintosh; Intel Mac OS X 10_10_3) AppleWebKit/537.36 (KHTML, like Gecko) Chrome/43.0.2357.124 Safari/537.36" 
63.235.135.90 - - [10/Jun/2015:09:36:56 -0700] "GET /twitter-icon.png HTTP/1.1" 200 27787 "http://www.secrepo.com/" "Mozilla/5.0 (Macintosh; Intel Mac OS X 10_10_3) AppleWebKit/537.36 (KHTML, like Gecko) Chrome/43.0.2357.124 Safari/537.36" 
63.235.135.90 - - [10/Jun/2015:09:36:56 -0700] "GET /GitHub-Mark.png HTTP/1.1" 200 7428 "http://www.secrepo.com/" "Mozilla/5.0 (Macintosh; Intel Mac OS X 10_10_3) AppleWebKit/537.36 (KHTML, like Gecko) Chrome/43.0.2357.124 Safari/537.36" 
63.235.135.90 - - [10/Jun/2015:09:36:56 -0700] "GET /bootstrap/img/favicon.ico HTTP/1.1" 200 589 "http://www.secrepo.com/" "Mozilla/5.0 (Macintosh; Intel Mac OS X 10_10_3) AppleWebKit/537.36 (KHTML, like Gecko) Chrome/43.0.2357.124 Safari/537.36" 
52.0.190.149 - - [10/Jun/2015:09:36:57 -0700] "GET / HTTP/1.1" 206 4462 "-" "Slackbot-LinkExpanding 1.0 (+https://api.slack.com/robots)" 
52.4.29.156 - - [10/Jun/2015:09:36:57 -0700] "GET / HTTP/1.1" 206 4443 "-" "Slackbot-LinkExpanding 1.0 (+https://api.slack.com/robots)" 
52.6.158.18 - - [10/Jun/2015:09:36:57 -0700] "GET / HTTP/1.1" 206 4444 "-" "Slackbot-LinkExpanding 1.0 (+https://api.slack.com/robots)" 
52.0.190.149 - - [10/Jun/2015:09:36:57 -0700] "GET / HTTP/1.1" 206 4444 "-" "Slackbot-LinkExpanding 1.0 (+https://api.slack.com/robots)" 
52.4.29.156 - - [10/Jun/2015:09:36:57 -0700] "GET / HTTP/1.1" 206 4444 "-" "Slackbot-LinkExpanding 1.0 (+https://api.slack.com/robots)" 
52.6.158.18 - - [10/Jun/2015:09:36:57 -0700] "GET / HTTP/1.1" 206 2582 "-" "Slackbot-LinkExpanding 1.0 (+https://api.slack.com/robots)" 
52.0.190.149 - - [10/Jun/2015:09:36:57 -0700] "GET / HTTP/1.1" 416 578 "-" "Slackbot-LinkExpanding 1.0 (+https://api.slack.com/robots)" 
63.235.135.90 - - [10/Jun/2015:09:38:48 -0700] "GET /honeypot/BSidesDFW%20-%202014.ipynb HTTP/1.1" 200 930836 "http://www.secrepo.com/" "Mozilla/5.0 (Macintosh; Intel Mac OS X 10_10_3) AppleWebKit/537.36 (KHTML, like Gecko) Chrome/43.0.2357.124 Safari/537.36" 
63.235.135.90 - - [10/Jun/2015:09:38:49 -0700] "GET /favicon.ico HTTP/1.1" 200 267 "http://www.secrepo.com/honeypot/BSidesDFW%20-%202014.ipynb" "Mozilla/5.0 (Macintosh; Intel Mac OS X 10_10_3) AppleWebKit/537.36 (KHTML, like Gecko) Chrome/43.0.2357.124 Safari/537.36" 
63.235.135.90 - - [10/Jun/2015:09:38:45 -0700] "GET /honeypot/honeypot.json.zip HTTP/1.1" 200 4631873 "http://www.secrepo.com/" "Mozilla/5.0 (Macintosh; Intel Mac OS X 10_10_3) AppleWebKit/537.36 (KHTML, like Gecko) Chrome/43.0.2357.124 Safari/537.36" 
208.115.113.86 - - [10/Jun/2015:09:39:17 -0700] "GET /self.logs/?C=D;O=A HTTP/1.1" 200 27653 "-" "Mozilla/5.0 (compatible; DotBot/1.1; http://www.opensiteexplorer.org/dotbot, help@moz.com)" 
63.235.135.90 - - [10/Jun/2015:09:39:44 -0700] "GET /honeypot/BSidesDFW%20-%202014.ipynb HTTP/1.1" 200 930780 "-" "curl/7.37.1" 
63.235.135.90 - - [10/Jun/2015:09:55:41 -0700] "GET /Security-Data-Analysis/Lab_1/conn.log.zip HTTP/1.1" 200 549098528 "http://www.secrepo.com/" "Mozilla/5.0 (Macintosh; Intel Mac OS X 10_10_3) AppleWebKit/537.36 (KHTML, like Gecko) Chrome/43.0.2357.124 Safari/537.36" 
208.115.113.86 - - [10/Jun/2015:10:26:55 -0700] "GET /robots.txt HTTP/1.1" 200 233 "-" "Mozilla/5.0 (compatible; DotBot/1.1; http://www.opensiteexplorer.org/dotbot, help@moz.com)" 
63.235.135.90 - - [10/Jun/2015:10:33:10 -0700] "GET / HTTP/1.1" 304 189 "-" "Mozilla/5.0 (Macintosh; Intel Mac OS X 10_10_3) AppleWebKit/537.36 (KHTML, like Gecko) Chrome/43.0.2357.124 Safari/537.36" 
37.9.62.74 - - [10/Jun/2015:10:34:10 -0700] "GET /honeypot/BSidesDFW - 2014.ipynb HTTP/1.0" 404 295 "-" "Mozilla/5.0 (Windows NT 6.1) AppleWebKit/537.36 (KHTML, like Gecko) Chrome/41.0.2228.0 Safari/537.36" 
37.9.62.74 - - [10/Jun/2015:10:34:10 -0700] "GET /honeypot/BSidesDFW - 2014.ipynb HTTP/1.0" 404 295 "-" "Mozilla/5.0 (Windows NT 6.1) AppleWebKit/537.36 (KHTML, like Gecko) Chrome/41.0.2228.0 Safari/537.36" 
63.235.135.90 - - [10/Jun/2015:10:35:46 -0700] "GET /squid/access.log.gz HTTP/1.1" 200 23177322 "http://www.secrepo.com/" "Mozilla/5.0 (Macintosh; Intel Mac OS X 10_10_3) AppleWebKit/537.36 (KHTML, like Gecko) Chrome/43.0.2357.124 Safari/537.36" 
66.249.83.252 - - [10/Jun/2015:10:37:31 -0700] "GET / HTTP/1.1" 200 7043 "-" "Mozilla/5.0 (Windows NT 6.1; rv:6.0) Gecko/20110814 Firefox/6.0 Google favicon" 
66.249.83.252 - - [10/Jun/2015:10:37:31 -0700] "GET /bootstrap/img/favicon.ico HTTP/1.1" 200 589 "-" "Mozilla/5.0 (Windows NT 6.1; rv:6.0) Gecko/20110814 Firefox/6.0 Google favicon" 
94.59.120.80 - - [10/Jun/2015:11:03:18 -0700] "GET / HTTP/1.1" 200 7043 "https://www.google.com/" "Mozilla/5.0 (Macintosh; Intel Mac OS X 10_9_5) AppleWebKit/537.36 (KHTML, like Gecko) Chrome/43.0.2357.124 Safari/537.36" 
94.59.120.80 - - [10/Jun/2015:11:03:18 -0700] "GET /twitter-icon.png HTTP/1.1" 200 27787 "http://www.secrepo.com/" "Mozilla/5.0 (Macintosh; Intel Mac OS X 10_9_5) AppleWebKit/537.36 (KHTML, like Gecko) Chrome/43.0.2357.124 Safari/537.36" 
94.59.120.80 - - [10/Jun/2015:11:03:18 -0700] "GET /GitHub-Mark.png HTTP/1.1" 200 7428 "http://www.secrepo.com/" "Mozilla/5.0 (Macintosh; Intel Mac OS X 10_9_5) AppleWebKit/537.36 (KHTML, like Gecko) Chrome/43.0.2357.124 Safari/537.36" 
94.59.120.80 - - [10/Jun/2015:11:03:19 -0700] "GET /bootstrap/img/favicon.ico HTTP/1.1" 200 589 "http://www.secrepo.com/" "Mozilla/5.0 (Macintosh; Intel Mac OS X 10_9_5) AppleWebKit/537.36 (KHTML, like Gecko) Chrome/43.0.2357.124 Safari/537.36" 
94.59.120.80 - - [10/Jun/2015:11:03:38 -0700] "GET /squid/access.log.gz HTTP/1.1" 200 23177322 "http://www.secrepo.com/" "Mozilla/5.0 (Macintosh; Intel Mac OS X 10_9_5) AppleWebKit/537.36 (KHTML, like Gecko) Chrome/43.0.2357.124 Safari/537.36" 
94.59.120.80 - - [10/Jun/2015:11:07:29 -0700] "GET /self.logs/ HTTP/1.1" 200 3425 "http://www.secrepo.com/" "Mozilla/5.0 (Macintosh; Intel Mac OS X 10_9_5) AppleWebKit/537.36 (KHTML, like Gecko) Chrome/43.0.2357.124 Safari/537.36" 
94.59.120.80 - - [10/Jun/2015:11:07:29 -0700] "GET /favicon.ico HTTP/1.1" 200 267 "http://www.secrepo.com/self.logs/" "Mozilla/5.0 (Macintosh; Intel Mac OS X 10_9_5) AppleWebKit/537.36 (KHTML, like Gecko) Chrome/43.0.2357.124 Safari/537.36" 
94.59.120.80 - - [10/Jun/2015:11:07:33 -0700] "GET /self.logs/access.log.2015-01-26.gz HTTP/1.1" 200 3257 "http://www.secrepo.com/self.logs/" "Mozilla/5.0 (Macintosh; Intel Mac OS X 10_9_5) AppleWebKit/537.36 (KHTML, like Gecko) Chrome/43.0.2357.124 Safari/537.36" 
94.59.120.80 - - [10/Jun/2015:11:08:52 -0700] "GET /self.logs/error.log.2015-02-10.gz HTTP/1.1" 200 4902 "http://www.secrepo.com/self.logs/" "Mozilla/5.0 (Macintosh; Intel Mac OS X 10_9_5) AppleWebKit/537.36 (KHTML, like Gecko) Chrome/43.0.2357.124 Safari/537.36" 
94.59.120.80 - - [10/Jun/2015:11:03:55 -0700] "GET /Security-Data-Analysis/Lab_1/conn.log.zip HTTP/1.1" 200 549098528 "http://www.secrepo.com/" "Mozilla/5.0 (Macintosh; Intel Mac OS X 10_9_5) AppleWebKit/537.36 (KHTML, like Gecko) Chrome/43.0.2357.124 Safari/537.36" 
208.115.113.86 - - [10/Jun/2015:11:29:40 -0700] "GET /self.logs/?C=M;O=A HTTP/1.1" 200 27653 "-" "Mozilla/5.0 (compatible; DotBot/1.1; http://www.opensiteexplorer.org/dotbot, help@moz.com)" 
207.46.13.104 - - [10/Jun/2015:11:33:46 -0700] "GET /self.logs/error.log.2015-03-28.gz HTTP/1.1" 200 959 "-" "Mozilla/5.0 (compatible; bingbot/2.0; +http://www.bing.com/bingbot.htm)" 
177.222.34.40 - - [10/Jun/2015:11:34:07 -0700] "GET / HTTP/1.1" 301 483 "http://100dollars-seo.com/try.php?u=http://secrepo.com" "Mozilla/5.0 (Windows NT 6.1; WOW64) AppleWebKit/537.36 (KHTML, like Gecko) Chrome/36.0.1985.143 Safari/537.36" 
177.222.34.40 - - [10/Jun/2015:11:34:08 -0700] "GET / HTTP/1.1" 200 7043 "http://100dollars-seo.com/try.php?u=http://secrepo.com" "Mozilla/5.0 (Windows NT 6.1; WOW64) AppleWebKit/537.36 (KHTML, like Gecko) Chrome/36.0.1985.143 Safari/537.36" 
177.222.34.40 - - [10/Jun/2015:11:34:09 -0700] "GET /twitter-icon.png HTTP/1.1" 200 27787 "http://www.secrepo.com/" "Mozilla/5.0 (Windows NT 6.1; WOW64) AppleWebKit/537.36 (KHTML, like Gecko) Chrome/36.0.1985.143 Safari/537.36" 
177.222.34.40 - - [10/Jun/2015:11:34:09 -0700] "GET /GitHub-Mark.png HTTP/1.1" 200 7428 "http://www.secrepo.com/" "Mozilla/5.0 (Windows NT 6.1; WOW64) AppleWebKit/537.36 (KHTML, like Gecko) Chrome/36.0.1985.143 Safari/537.36" 
66.249.64.23 - - [10/Jun/2015:12:15:07 -0700] "GET / HTTP/1.1" 200 7043 "-" "Mozilla/5.0 (compatible; Googlebot/2.1; +http://www.google.com/bot.html)" 
180.180.73.86 - - [10/Jun/2015:12:45:12 -0700] "GET /honeypot/Honeypot%20-%20Howto%20-%20BSides%20Austin.pdf HTTP/1.1" 200 2928460 "http://www.secrepo.com/" "Mozilla/5.0 (Windows NT 5.1) AppleWebKit/537.36 (KHTML, like Gecko) Chrome/39.0.2171.99 Safari/537.36" 
199.16.156.124 - - [10/Jun/2015:12:57:28 -0700] "GET /robots.txt HTTP/1.1" 200 304 "-" "Twitterbot/1.0" 
199.16.156.124 - - [10/Jun/2015:12:57:28 -0700] "GET /self.logs/ HTTP/1.1" 200 3369 "-" "Twitterbot/1.0" 
188.165.15.212 - - [10/Jun/2015:13:13:04 -0700] "GET /self.logs/access.log.2015-02-11.gz HTTP/1.1" 200 4604 "-" "Mozilla/5.0 (compatible; AhrefsBot/5.0; +http://ahrefs.com/robot/)" 
157.55.39.119 - - [10/Jun/2015:13:18:48 -0700] "GET / HTTP/1.1" 301 483 "-" "Mozilla/5.0 (compatible; bingbot/2.0; +http://www.bing.com/bingbot.htm)" 
157.55.39.119 - - [10/Jun/2015:13:24:23 -0700] "GET / HTTP/1.1" 200 7043 "-" "Mozilla/5.0 (compatible; bingbot/2.0; +http://www.bing.com/bingbot.htm)" 
63.235.135.90 - - [10/Jun/2015:13:38:37 -0700] "GET /squid/access.log.gz HTTP/1.1" 200 23177322 "http://www.secrepo.com/" "Mozilla/5.0 (Macintosh; Intel Mac OS X 10_10_3) AppleWebKit/537.36 (KHTML, like Gecko) Chrome/43.0.2357.124 Safari/537.36" 
88.208.252.195 - - [10/Jun/2015:13:45:29 -0700] "GET /wp-login.php HTTP/1.1" 301 466 "-" "curl/7.15.5 (x86_64-redhat-linux-gnu) libcurl/7.15.5 OpenSSL/0.9.8b zlib/1.2.3 libidn/0.6.5" 
157.55.39.119 - - [10/Jun/2015:13:47:19 -0700] "GET /self.logs/access.log.2015-03-24.gz HTTP/1.1" 200 4997 "-" "Mozilla/5.0 (compatible; bingbot/2.0; +http://www.bing.com/bingbot.htm)" 
94.123.226.50 - - [10/Jun/2015:13:53:27 -0700] "GET / HTTP/1.1" 200 7043 "http://t.co/mBOPLXMn3r" "Mozilla/5.0 (Windows NT 6.1) AppleWebKit/537.36 (KHTML, like Gecko) Chrome/43.0.2357.124 Safari/537.36" 
94.123.226.50 - - [10/Jun/2015:13:53:28 -0700] "GET /twitter-icon.png HTTP/1.1" 200 27787 "http://www.secrepo.com/" "Mozilla/5.0 (Windows NT 6.1) AppleWebKit/537.36 (KHTML, like Gecko) Chrome/43.0.2357.124 Safari/537.36" 
94.123.226.50 - - [10/Jun/2015:13:53:28 -0700] "GET /GitHub-Mark.png HTTP/1.1" 200 7428 "http://www.secrepo.com/" "Mozilla/5.0 (Windows NT 6.1) AppleWebKit/537.36 (KHTML, like Gecko) Chrome/43.0.2357.124 Safari/537.36" 
94.123.226.50 - - [10/Jun/2015:13:53:29 -0700] "GET /bootstrap/img/favicon.ico HTTP/1.1" 200 589 "http://www.secrepo.com/" "Mozilla/5.0 (Windows NT 6.1) AppleWebKit/537.36 (KHTML, like Gecko) Chrome/43.0.2357.124 Safari/537.36" 
188.165.15.212 - - [10/Jun/2015:14:55:06 -0700] "GET /self.logs/access.log.2015-05-21.gz HTTP/1.1" 200 4928 "-" "Mozilla/5.0 (compatible; AhrefsBot/5.0; +http://ahrefs.com/robot/)" 
63.235.135.90 - - [10/Jun/2015:14:59:01 -0700] "GET / HTTP/1.1" 304 189 "-" "Mozilla/5.0 (Macintosh; Intel Mac OS X 10_10_3) AppleWebKit/537.36 (KHTML, like Gecko) Chrome/43.0.2357.124 Safari/537.36" 
104.130.161.115 - - [10/Jun/2015:15:17:12 -0700] "GET /robots.txt HTTP/1.1" 301 446 "-" "Tornado-Async-Client" 
104.130.161.115 - - [10/Jun/2015:15:17:12 -0700] "GET /robots.txt HTTP/1.1" 200 304 "-" "Tornado-Async-Client" 
104.130.161.115 - - [10/Jun/2015:15:17:12 -0700] "GET /honeypot/BSidesDFW%20-%202014.ipynb HTTP/1.1" 301 484 "-" "Tornado-Async-Client" 
104.130.161.115 - - [10/Jun/2015:15:17:12 -0700] "GET /honeypot/BSidesDFW%20-%202014.ipynb HTTP/1.1" 200 930780 "-" "Tornado-Async-Client" 
94.210.110.122 - - [10/Jun/2015:15:39:50 -0700] "GET /self.logs/ HTTP/1.1" 200 3425 "https://www.google.nl/" "Mozilla/5.0 (Windows NT 6.3; WOW64) AppleWebKit/537.36 (KHTML, like Gecko) Chrome/43.0.2357.81 Safari/537.36" 
94.210.110.122 - - [10/Jun/2015:15:40:01 -0700] "GET / HTTP/1.1" 200 7043 "https://www.google.nl/" "Mozilla/5.0 (Windows NT 6.3; WOW64) AppleWebKit/537.36 (KHTML, like Gecko) Chrome/43.0.2357.81 Safari/537.36" 
94.210.110.122 - - [10/Jun/2015:15:40:53 -0700] "GET /auth.log/auth.log.gz HTTP/1.1" 200 554524 "http://www.secrepo.com/" "Mozilla/5.0 (Windows NT 6.3; WOW64) AppleWebKit/537.36 (KHTML, like Gecko) Chrome/43.0.2357.81 Safari/537.36" 
8.28.16.254 - - [10/Jun/2015:15:47:48 -0700] "GET / HTTP/1.1" 200 23010 "-" "Mozilla/4.0 (compatible; MSIE 7.0; Windows NT 5.1; InfoPath.1; .NET CLR 2.0.50727; .NET CLR 1.1.4322; MS-RTC LM 8; .NET CLR 3.0.4506.2152; .NET CLR 3.5.30729)" 
12.54.94.111 - - [10/Jun/2015:15:47:48 -0700] "GET / HTTP/1.1" 200 7043 "http://www2.mlsecproject.org/" "Mozilla/5.0 (Windows NT 6.1; WOW64) AppleWebKit/537.36 (KHTML, like Gecko) Chrome/43.0.2357.124 Safari/537.36" 
12.54.94.111 - - [10/Jun/2015:15:47:48 -0700] "GET /twitter-icon.png HTTP/1.1" 200 27787 "http://www.secrepo.com/" "Mozilla/5.0 (Windows NT 6.1; WOW64) AppleWebKit/537.36 (KHTML, like Gecko) Chrome/43.0.2357.124 Safari/537.36" 
12.54.94.111 - - [10/Jun/2015:15:47:49 -0700] "GET /GitHub-Mark.png HTTP/1.1" 200 7427 "http://www.secrepo.com/" "Mozilla/5.0 (Windows NT 6.1; WOW64) AppleWebKit/537.36 (KHTML, like Gecko) Chrome/43.0.2357.124 Safari/537.36" 
12.54.94.111 - - [10/Jun/2015:15:47:51 -0700] "GET /bootstrap/img/favicon.ico HTTP/1.1" 200 590 "http://www.secrepo.com/" "Mozilla/5.0 (Windows NT 6.1; WOW64) AppleWebKit/537.36 (KHTML, like Gecko) Chrome/43.0.2357.124 Safari/537.36" 
199.168.137.210 - - [10/Jun/2015:15:57:08 -0700] "GET /robots.txt HTTP/1.0" 200 252 "-" "Mozilla/5.0 (compatible; MJ12bot/v1.4.5; http://www.majestic12.co.uk/bot.php?+)" 
199.168.137.210 - - [10/Jun/2015:15:57:23 -0700] "GET /honeypot//%22http://amunhoney.sourceforge.net//%22 HTTP/1.0" 404 284 "-" "Mozilla/5.0 (compatible; MJ12bot/v1.4.5; http://www.majestic12.co.uk/bot.php?+)" 
199.168.137.210 - - [10/Jun/2015:15:57:27 -0700] "GET /honeypot//%22http://glastopf.org//%22 HTTP/1.0" 404 303 "-" "Mozilla/5.0 (compatible; MJ12bot/v1.4.5; http://www.majestic12.co.uk/bot.php?+)" 
199.168.137.210 - - [10/Jun/2015:15:57:35 -0700] "GET /honeypot//%22http://www.maxmind.com/%22 HTTP/1.0" 404 303 "-" "Mozilla/5.0 (compatible; MJ12bot/v1.4.5; http://www.majestic12.co.uk/bot.php?+)" 
199.168.137.210 - - [10/Jun/2015:15:57:39 -0700] "GET /honeypot//%22https://twitter.com/theroxyd/%22 HTTP/1.0" 404 303 "-" "Mozilla/5.0 (compatible; MJ12bot/v1.4.5; http://www.majestic12.co.uk/bot.php?+)" 
66.249.64.18 - - [10/Jun/2015:16:03:28 -0700] "GET / HTTP/1.1" 200 7043 "-" "Mozilla/5.0 (compatible; Googlebot/2.1; +http://www.google.com/bot.html)" 
188.165.15.212 - - [10/Jun/2015:16:16:21 -0700] "GET /self.logs/access.log.2015-02-02.gz HTTP/1.1" 200 3300 "-" "Mozilla/5.0 (compatible; AhrefsBot/5.0; +http://ahrefs.com/robot/)" 
63.235.135.90 - - [10/Jun/2015:16:37:50 -0700] "GET / HTTP/1.1" 200 7043 "-" "Mozilla/5.0 (Macintosh; Intel Mac OS X 10_10_3) AppleWebKit/600.6.3 (KHTML, like Gecko) Version/8.0.6 Safari/600.6.3" 
188.165.15.212 - - [10/Jun/2015:17:05:42 -0700] "GET /self.logs/access.log.2015-05-22.gz HTTP/1.1" 200 4682 "-" "Mozilla/5.0 (compatible; AhrefsBot/5.0; +http://ahrefs.com/robot/)" 
207.46.13.104 - - [10/Jun/2015:17:38:11 -0700] "GET /robots.txt HTTP/1.1" 200 289 "-" "Mozilla/5.0 (compatible; bingbot/2.0; +http://www.bing.com/bingbot.htm)" 
207.46.13.104 - - [10/Jun/2015:17:38:31 -0700] "GET /self.logs/access.log.2015-03-19.gz HTTP/1.1" 200 3728 "-" "Mozilla/5.0 (compatible; bingbot/2.0; +http://www.bing.com/bingbot.htm)" 
95.16.2.210 - - [10/Jun/2015:18:55:53 -0700] "GET /honeypot/BSidesDFW%20-%202014.ipynb HTTP/1.1" 200 930836 "http://www.google.es/url?sa=t&rct=j&q=&esrc=s&source=web&cd=2&cad=rja&uact=8&ved=0CCsQFjABahUKEwiN-dnQxIbGAhVMKNsKHaIxABg&url=http%3A%2F%2Fwww.secrepo.com%2Fhoneypot%2FBSidesDFW%2520-%25202014.ipynb&ei=n-p4Vc2tN8zQ7Aai44DAAQ&usg=AFQjCNF6yLef0zL3ZZM1DnQjsPWSCxSZ6A&sig2=gLbfPe-reliCHXlb3o70TQ" "Mozilla/5.0 (X11; Linux x86_64; rv:38.0) Gecko/20100101 Firefox/38.0" 
95.16.2.210 - - [10/Jun/2015:18:55:54 -0700] "GET /favicon.ico HTTP/1.1" 200 267 "-" "Mozilla/5.0 (X11; Linux x86_64; rv:38.0) Gecko/20100101 Firefox/38.0" 
66.249.85.130 - - [10/Jun/2015:19:03:44 -0700] "GET / HTTP/1.1" 200 7043 "-" "Mozilla/5.0 (Windows NT 6.1; rv:6.0) Gecko/20110814 Firefox/6.0 Google favicon" 
66.249.85.252 - - [10/Jun/2015:19:03:44 -0700] "GET /bootstrap/img/favicon.ico HTTP/1.1" 200 590 "-" "Mozilla/5.0 (Windows NT 6.1; rv:6.0) Gecko/20110814 Firefox/6.0 Google favicon" 
188.165.15.212 - - [10/Jun/2015:19:06:16 -0700] "GET /self.logs/access.log.2015-04-17.gz HTTP/1.1" 200 6161 "-" "Mozilla/5.0 (compatible; AhrefsBot/5.0; +http://ahrefs.com/robot/)" 
37.4.177.106 - - [10/Jun/2015:19:08:18 -0700] "GET /robots.txt HTTP/1.0" 200 289 "-" "Mozilla/5.0 (compatible; MJ12bot/v1.4.5; http://www.majestic12.co.uk/bot.php?+)" 
37.4.177.106 - - [10/Jun/2015:19:08:19 -0700] "GET /honeypot//%22http://amunhoney.sourceforge.net//%22 HTTP/1.1" 404 239 "-" "Mozilla/5.0 (compatible; MJ12bot/v1.4.5; http://www.majestic12.co.uk/bot.php?+)" 
188.165.15.212 - - [10/Jun/2015:19:11:49 -0700] "GET /self.logs/access.log.2015-02-20.gz HTTP/1.1" 200 14410 "-" "Mozilla/5.0 (compatible; AhrefsBot/5.0; +http://ahrefs.com/robot/)" 
37.4.177.106 - - [10/Jun/2015:19:26:32 -0700] "GET /honeypot//%22https://twitter.com/sooshie/%22 HTTP/1.1" 404 295 "-" "Mozilla/5.0 (compatible; MJ12bot/v1.4.5; http://www.majestic12.co.uk/bot.php?+)" 
37.4.177.106 - - [10/Jun/2015:19:32:12 -0700] "GET /honeypot//%22http://www.maxmind.com/%22 HTTP/1.1" 404 295 "-" "Mozilla/5.0 (compatible; MJ12bot/v1.4.5; http://www.majestic12.co.uk/bot.php?+)" 
37.4.177.106 - - [10/Jun/2015:19:32:24 -0700] "GET /honeypot//%22http://glastopf.org//%22 HTTP/1.1" 404 239 "-" "Mozilla/5.0 (compatible; MJ12bot/v1.4.5; http://www.majestic12.co.uk/bot.php?+)" 
207.46.13.104 - - [10/Jun/2015:19:39:33 -0700] "GET /self.logs/access.log.2015-03-31.gz HTTP/1.1" 200 4085 "-" "Mozilla/5.0 (compatible; bingbot/2.0; +http://www.bing.com/bingbot.htm)" 
95.16.2.210 - - [10/Jun/2015:19:45:04 -0700] "GET /honeypot/BSidesDFW%20-%202014.ipynb HTTP/1.1" 200 930836 "http://www.google.es/url?sa=t&rct=j&q=&esrc=s&source=web&cd=85&cad=rja&uact=8&ved=0CDcQFjAEOFBqFQoTCJrWlsjPhsYCFS4I2wod9AMA9Q&url=http%3A%2F%2Fwww.secrepo.com%2Fhoneypot%2FBSidesDFW%2520-%25202014.ipynb&ei=FvZ4VZrzMa6Q7Ab0h4CoDw&usg=AFQjCNF6yLef0zL3ZZM1DnQjsPWSCxSZ6A&sig2=1ois4Ulg3SwqPg5DZIfplw" "Mozilla/5.0 (X11; Linux x86_64; rv:38.0) Gecko/20100101 Firefox/38.0" 
199.30.24.151 - - [10/Jun/2015:19:54:41 -0700] "GET / HTTP/1.1" 200 6987 "-" "Mozilla/5.0 (iPhone; CPU iPhone OS 7_0 like Mac OS X) AppleWebKit/537.51.1 (KHTML, like Gecko) Version/7.0 Mobile/11A465 Safari/9537.53 BingPreview/1.0b" 
66.249.64.23 - - [10/Jun/2015:20:05:40 -0700] "GET / HTTP/1.1" 200 7043 "-" "Mozilla/5.0 (compatible; Googlebot/2.1; +http://www.google.com/bot.html)" 
157.55.39.119 - - [10/Jun/2015:20:07:28 -0700] "GET /self.logs/access.log.2015-04-17.gz HTTP/1.1" 200 6217 "-" "Mozilla/5.0 (compatible; bingbot/2.0; +http://www.bing.com/bingbot.htm)" 
188.165.15.212 - - [10/Jun/2015:20:17:20 -0700] "GET /self.logs/?C=S;O=A HTTP/1.1" 200 3559 "-" "Mozilla/5.0 (compatible; AhrefsBot/5.0; +http://ahrefs.com/robot/)" 
157.55.39.119 - - [10/Jun/2015:20:21:33 -0700] "GET /self.logs/error.log.2015-04-13.gz HTTP/1.1" 200 845 "-" "Mozilla/5.0 (compatible; bingbot/2.0; +http://www.bing.com/bingbot.htm)" 
188.165.15.212 - - [10/Jun/2015:20:56:56 -0700] "GET /self.logs/access.log.2015-03-19.gz HTTP/1.1" 200 3672 "-" "Mozilla/5.0 (compatible; AhrefsBot/5.0; +http://ahrefs.com/robot/)" 
100.43.85.22 - - [10/Jun/2015:21:01:55 -0700] "GET /robots.txt HTTP/1.1" 200 289 "-" "Mozilla/5.0 (compatible; YandexBot/3.0; +http://yandex.com/bots)" 
100.43.85.22 - - [10/Jun/2015:21:27:30 -0700] "GET /self.logs/?C=N;O=D HTTP/1.1" 200 3452 "-" "Mozilla/5.0 (compatible; YandexBot/3.0; +http://yandex.com/bots)" 
100.43.85.22 - - [10/Jun/2015:22:18:42 -0700] "GET /self.logs/?C=S;O=A HTTP/1.1" 200 3615 "-" "Mozilla/5.0 (compatible; YandexBot/3.0; +http://yandex.com/bots)" 
216.107.155.114 - - [10/Jun/2015:22:33:54 -0700] "GET /robots.txt HTTP/1.0" 200 252 "-" "Mozilla/5.0 (compatible; MJ12bot/v1.4.5; http://www.majestic12.co.uk/bot.php?+)" 
216.107.155.114 - - [10/Jun/2015:22:33:55 -0700] "GET /honeypot//%22http://amunhoney.sourceforge.net//%22 HTTP/1.0" 404 284 "-" "Mozilla/5.0 (compatible; MJ12bot/v1.4.5; http://www.majestic12.co.uk/bot.php?+)" 
216.107.155.114 - - [10/Jun/2015:22:33:56 -0700] "GET /honeypot//%22http://glastopf.org//%22 HTTP/1.0" 404 303 "-" "Mozilla/5.0 (compatible; MJ12bot/v1.4.5; http://www.majestic12.co.uk/bot.php?+)" 
216.107.155.114 - - [10/Jun/2015:22:33:58 -0700] "GET /honeypot//%22http://www.maxmind.com/%22 HTTP/1.0" 404 303 "-" "Mozilla/5.0 (compatible; MJ12bot/v1.4.5; http://www.majestic12.co.uk/bot.php?+)" 
216.107.155.114 - - [10/Jun/2015:22:33:59 -0700] "GET /honeypot//%22https://twitter.com/sooshie/%22 HTTP/1.0" 404 303 "-" "Mozilla/5.0 (compatible; MJ12bot/v1.4.5; http://www.majestic12.co.uk/bot.php?+)" 
216.107.155.114 - - [10/Jun/2015:22:34:01 -0700] "GET /honeypot//%22https://twitter.com/theroxyd/%22 HTTP/1.0" 404 303 "-" "Mozilla/5.0 (compatible; MJ12bot/v1.4.5; http://www.majestic12.co.uk/bot.php?+)" 
188.165.15.212 - - [10/Jun/2015:22:49:44 -0700] "GET /self.logs/access.log.2015-01-28.gz HTTP/1.1" 200 2073 "-" "Mozilla/5.0 (compatible; AhrefsBot/5.0; +http://ahrefs.com/robot/)" 
188.165.15.212 - - [10/Jun/2015:23:06:50 -0700] "GET /self.logs/access.log.2015-04-22.gz HTTP/1.1" 200 14666 "-" "Mozilla/5.0 (compatible; AhrefsBot/5.0; +http://ahrefs.com/robot/)" 
207.46.13.104 - - [11/Jun/2015:00:00:48 -0700] "GET /self.logs/?C=D;O=D HTTP/1.1" 200 3452 "-" "Mozilla/5.0 (compatible; bingbot/2.0; +http://www.bing.com/bingbot.htm)" 
207.46.13.104 - - [11/Jun/2015:00:00:48 -0700] "GET /self.logs/?C=D;O=A HTTP/1.1" 200 3424 "-" "Mozilla/5.0 (compatible; bingbot/2.0; +http://www.bing.com/bingbot.htm)" 
207.46.13.104 - - [11/Jun/2015:00:00:48 -0700] "GET /self.logs/?C=S;O=A HTTP/1.1" 200 3614 "-" "Mozilla/5.0 (compatible; bingbot/2.0; +http://www.bing.com/bingbot.htm)" 
157.55.39.119 - - [11/Jun/2015:00:00:55 -0700] "GET /self.logs/?C=N;O=D HTTP/1.1" 200 3452 "-" "Mozilla/5.0 (compatible; bingbot/2.0; +http://www.bing.com/bingbot.htm)" 
157.55.39.119 - - [11/Jun/2015:00:00:55 -0700] "GET /self.logs/?C=M;O=D HTTP/1.1" 200 3535 "-" "Mozilla/5.0 (compatible; bingbot/2.0; +http://www.bing.com/bingbot.htm)" 
157.55.39.119 - - [11/Jun/2015:00:00:55 -0700] "GET /self.logs/ HTTP/1.1" 200 3424 "-" "Mozilla/5.0 (compatible; bingbot/2.0; +http://www.bing.com/bingbot.htm)" 
188.165.15.212 - - [11/Jun/2015:00:02:19 -0700] "GET /self.logs/access.log.2015-03-28.gz HTTP/1.1" 200 3418 "-" "Mozilla/5.0 (compatible; AhrefsBot/5.0; +http://ahrefs.com/robot/)" 
42.86.62.54 - - [11/Jun/2015:00:23:17 -0700] "GET /honeypot/BSidesDFW%20-%202014.ipynb HTTP/1.1" 200 930836 "http://www.secrepo.com/" "Mozilla/5.0 (Windows NT 5.1) AppleWebKit/537.36 (KHTML, like Gecko) Chrome/39.0.2171.99 Safari/537.36" 
193.33.127.10 - - [11/Jun/2015:00:23:28 -0700] "GET / HTTP/1.1" 200 7043 "http://www2.mlsecproject.org/" "Mozilla/5.0 (Windows NT 6.1; WOW64; rv:38.0) Gecko/20100101 Firefox/38.0" 
193.33.127.10 - - [11/Jun/2015:00:23:28 -0700] "GET /GitHub-Mark.png HTTP/1.1" 200 7427 "http://www.secrepo.com/" "Mozilla/5.0 (Windows NT 6.1; WOW64; rv:38.0) Gecko/20100101 Firefox/38.0" 
193.33.127.10 - - [11/Jun/2015:00:23:28 -0700] "GET /bootstrap/img/favicon.ico HTTP/1.1" 200 590 "-" "Mozilla/5.0 (Windows NT 6.1; WOW64; rv:38.0) Gecko/20100101 Firefox/38.0" 
180.76.15.7 - - [11/Jun/2015:00:32:15 -0700] "GET / HTTP/1.1" 200 7006 "-" "Mozilla/5.0 (compatible; Baiduspider/2.0; +http://www.baidu.com/search/spider.html)" 
100.43.85.22 - - [11/Jun/2015:00:40:11 -0700] "GET /self.logs/?C=M;O=A HTTP/1.1" 200 3486 "-" "Mozilla/5.0 (compatible; YandexBot/3.0; +http://yandex.com/bots)" 
188.165.15.212 - - [11/Jun/2015:00:44:52 -0700] "GET /self.logs/access.log.2015-02-23.gz HTTP/1.1" 200 10559 "-" "Mozilla/5.0 (compatible; AhrefsBot/5.0; +http://ahrefs.com/robot/)" 
82.100.80.155 - - [11/Jun/2015:00:48:42 -0700] "GET /self.logs/ HTTP/1.1" 200 3425 "http://www.secrepo.com/" "Mozilla/5.0 (Windows NT 6.1; WOW64; rv:38.0) Gecko/20100101 Firefox/38.0" 
199.16.156.124 - - [11/Jun/2015:00:49:23 -0700] "GET /robots.txt HTTP/1.1" 200 304 "-" "Twitterbot/1.0" 
199.16.156.124 - - [11/Jun/2015:00:49:23 -0700] "GET /robots.txt HTTP/1.1" 200 304 "-" "Twitterbot/1.0" 
199.16.156.124 - - [11/Jun/2015:00:49:23 -0700] "GET /honeypot/Honeypot%20-%20Howto%20-%20BSides%20Austin.pdf HTTP/1.1" 200 2928404 "-" "Twitterbot/1.0" 
199.16.156.124 - - [11/Jun/2015:00:49:23 -0700] "GET /honeypot/honeypot.json.zip HTTP/1.1" 200 4631817 "-" "Twitterbot/1.0" 
