199.59.148.209 - - [16/Mar/2015:18:55:53 -0700] "GET /honeypot/honeypot.json.zip HTTP/1.1" 200 4631817 "-" "Twitterbot/1.0" 
199.16.156.125 - - [16/Mar/2015:18:55:55 -0700] "GET /honeypot/honeypot.json.zip HTTP/1.1" 200 4631817 "-" "Twitterbot/1.0" 
199.59.148.210 - - [16/Mar/2015:18:56:22 -0700] "GET /honeypot/honeypot.json.zip HTTP/1.1" 200 4631817 "-" "Twitterbot/1.0" 
199.16.156.126 - - [16/Mar/2015:18:56:29 -0700] "GET /honeypot/honeypot.json.zip HTTP/1.1" 200 4631817 "-" "Twitterbot/1.0" 
104.130.161.115 - - [16/Mar/2015:18:56:59 -0700] "GET /honeypot/BSidesDFW%20-%202014.ipynb HTTP/1.1" 301 484 "-" "Tornado-Async-Client" 
104.130.161.115 - - [16/Mar/2015:18:56:59 -0700] "GET /honeypot/BSidesDFW%20-%202014.ipynb HTTP/1.1" 200 930780 "-" "Tornado-Async-Client" 
199.59.148.209 - - [16/Mar/2015:18:57:05 -0700] "GET /robots.txt HTTP/1.1" 200 304 "-" "Twitterbot/1.0" 
199.59.148.209 - - [16/Mar/2015:18:57:05 -0700] "GET /honeypot/honeypot.json.zip HTTP/1.1" 200 4631817 "-" "Twitterbot/1.0" 
199.16.156.126 - - [16/Mar/2015:18:57:13 -0700] "GET /robots.txt HTTP/1.1" 200 304 "-" "Twitterbot/1.0" 
199.16.156.126 - - [16/Mar/2015:18:57:13 -0700] "GET /honeypot/Honeypot%20-%20Howto%20-%20BSides%20Austin.pdf HTTP/1.1" 200 2928404 "-" "Twitterbot/1.0" 
23.239.23.47 - - [16/Mar/2015:18:57:39 -0700] "HEAD /honeypot/honeypot.json.zip HTTP/1.1" 200 282 "-" "Java/1.7.0_71" 
24.172.134.102 - - [16/Mar/2015:18:58:00 -0700] "GET /honeypot/honeypot.json.zip HTTP/1.1" 200 78840 "http://t.co/MWtDRVo9rr" "Mozilla/5.0 (iPhone; CPU iPhone OS 8_1_3 like Mac OS X) AppleWebKit/600.1.4 (KHTML, like Gecko) Mobile/12B466" 
24.172.134.102 - - [16/Mar/2015:18:58:00 -0700] "GET /honeypot/honeypot.json.zip HTTP/1.1" 200 4631873 "-" "Twitter/6.23.1 CFNetwork/711.1.16 Darwin/14.0.0" 
199.16.156.124 - - [16/Mar/2015:18:58:30 -0700] "GET /robots.txt HTTP/1.1" 200 304 "-" "Twitterbot/1.0" 
199.16.156.124 - - [16/Mar/2015:18:58:30 -0700] "GET /honeypot/honeypot.json.zip HTTP/1.1" 200 4631817 "-" "Twitterbot/1.0" 
199.59.148.210 - - [16/Mar/2015:18:58:46 -0700] "GET /robots.txt HTTP/1.1" 200 304 "-" "Twitterbot/1.0" 
199.59.148.210 - - [16/Mar/2015:18:58:46 -0700] "GET /honeypot/honeypot.json.zip HTTP/1.1" 200 4631817 "-" "Twitterbot/1.0" 
199.16.156.126 - - [16/Mar/2015:19:00:27 -0700] "GET /robots.txt HTTP/1.1" 200 304 "-" "Twitterbot/1.0" 
199.16.156.126 - - [16/Mar/2015:19:00:27 -0700] "GET /honeypot/honeypot.json.zip HTTP/1.1" 200 4631817 "-" "Twitterbot/1.0" 
199.59.148.211 - - [16/Mar/2015:19:01:38 -0700] "GET /honeypot/honeypot.json.zip HTTP/1.1" 200 4631817 "-" "Twitterbot/1.0" 
104.130.125.139 - - [16/Mar/2015:19:02:36 -0700] "HEAD /honeypot/honeypot.json.zip HTTP/1.1" 200 226 "-" "Jakarta Commons-HttpClient/3.0.1" 
108.237.84.54 - - [16/Mar/2015:19:03:22 -0700] "GET /honeypot/honeypot.json.zip HTTP/1.1" 200 4631873 "http://t.co/MWtDRVo9rr" "Mozilla/5.0 (Windows NT 6.3; WOW64) AppleWebKit/537.36 (KHTML, like Gecko) Chrome/41.0.2272.89 Safari/537.36" 
46.236.26.102 - - [16/Mar/2015:19:03:28 -0700] "GET /honeypot/honeypot.json.zip HTTP/1.1" 206 30996 "-" "Mozilla/5.0 (TweetmemeBot/4.0; +http://datasift.com/bot.html) Gecko/20100101 Firefox/31.0" 
54.241.198.78 - - [16/Mar/2015:19:03:30 -0700] "HEAD /honeypot/honeypot.json.zip HTTP/1.1" 200 282 "-" "Google-HTTP-Java-Client/1.17.0-rc (gzip)" 
54.241.198.78 - - [16/Mar/2015:19:03:30 -0700] "HEAD /honeypot/honeypot.json.zip HTTP/1.1" 200 282 "-" "Google-HTTP-Java-Client/1.17.0-rc (gzip)" 
199.16.156.126 - - [16/Mar/2015:19:03:30 -0700] "GET /robots.txt HTTP/1.1" 200 304 "-" "Twitterbot/1.0" 
199.59.148.210 - - [16/Mar/2015:19:03:28 -0700] "GET /honeypot/honeypot.json.zip HTTP/1.1" 200 4631817 "-" "Twitterbot/1.0" 
173.192.79.101 - - [16/Mar/2015:19:03:31 -0700] "GET /honeypot/honeypot.json.zip HTTP/1.1" 200 21900 "-" "ShowyouBot (http://showyou.com/crawler)" 
199.16.156.126 - - [16/Mar/2015:19:03:30 -0700] "GET /honeypot/honeypot.json.zip HTTP/1.1" 200 4631817 "-" "Twitterbot/1.0" 
199.59.148.210 - - [16/Mar/2015:19:03:34 -0700] "GET /robots.txt HTTP/1.1" 200 304 "-" "Twitterbot/1.0" 
199.59.148.210 - - [16/Mar/2015:19:03:34 -0700] "GET /honeypot/Honeypot%20-%20Howto%20-%20BSides%20Austin.pdf HTTP/1.1" 200 2928404 "-" "Twitterbot/1.0" 
150.70.173.51 - - [16/Mar/2015:19:04:13 -0700] "GET /honeypot/honeypot.json.zip HTTP/1.1" 200 4631817 "-" "Mozilla/4.0 (compatible; MSIE 8.0; Windows NT 5.1; Trident/4.0)" 
37.187.162.183 - - [16/Mar/2015:19:05:08 -0700] "GET /honeypot/honeypot.json.zip HTTP/1.1" 200 4631873 "-" "Mozilla/5.0 (compatible; PaperLiBot/2.1; http://support.paper.li/entries/20023257-what-is-paper-li)" 
199.16.156.124 - - [16/Mar/2015:19:06:03 -0700] "GET /robots.txt HTTP/1.1" 200 304 "-" "Twitterbot/1.0" 
199.16.156.124 - - [16/Mar/2015:19:06:03 -0700] "GET /honeypot/Honeypot%20-%20Howto%20-%20BSides%20Austin.pdf HTTP/1.1" 200 2928404 "-" "Twitterbot/1.0" 
199.59.148.210 - - [16/Mar/2015:19:06:09 -0700] "GET /robots.txt HTTP/1.1" 200 304 "-" "Twitterbot/1.0" 
199.59.148.210 - - [16/Mar/2015:19:06:10 -0700] "GET /honeypot/honeypot.json.zip HTTP/1.1" 200 4631817 "-" "Twitterbot/1.0" 
54.176.5.146 - - [16/Mar/2015:19:07:09 -0700] "GET /honeypot/honeypot.json.zip HTTP/1.1" 200 4631817 "-" "newsme/1.0; feedback@news.me" 
82.165.197.91 - - [16/Mar/2015:19:07:54 -0700] "GET /honeypot/honeypot.json.zip HTTP/1.1" 206 100278 "-" "Jamie's Spider (http://jamiembrown.com/)" 
199.16.156.126 - - [16/Mar/2015:19:08:53 -0700] "GET /robots.txt HTTP/1.1" 200 304 "-" "Twitterbot/1.0" 
199.16.156.126 - - [16/Mar/2015:19:08:53 -0700] "GET /honeypot/honeypot.json.zip HTTP/1.1" 200 4631817 "-" "Twitterbot/1.0" 
99.246.24.32 - - [16/Mar/2015:19:09:37 -0700] "GET /honeypot/honeypot.json.zip HTTP/1.1" 200 4631873 "http://t.co/MWtDRVo9rr" "Mozilla/5.0 (Macintosh; Intel Mac OS X 10_10_3) AppleWebKit/600.5.6 (KHTML, like Gecko) Version/8.0.5 Safari/600.5.6" 
199.59.148.211 - - [16/Mar/2015:19:10:47 -0700] "GET /robots.txt HTTP/1.1" 200 304 "-" "Twitterbot/1.0" 
199.59.148.211 - - [16/Mar/2015:19:10:47 -0700] "GET /honeypot/Honeypot%20-%20Howto%20-%20BSides%20Austin.pdf HTTP/1.1" 200 2928404 "-" "Twitterbot/1.0" 
54.163.15.248 - - [16/Mar/2015:19:12:12 -0700] "GET /robots.txt HTTP/1.1" 200 233 "-" "bitlybot" 
54.163.15.248 - - [16/Mar/2015:19:12:12 -0700] "GET /honeypot/honeypot.json.zip HTTP/1.1" 200 4631817 "-" "bitlybot" 
54.161.74.161 - - [16/Mar/2015:19:13:02 -0700] "GET /robots.txt HTTP/1.1" 200 304 "-" "Mozilla/5.0 (Macintosh; Intel Mac OS X 10.9; rv:28.0) Gecko/20100101 Firefox/28.0 (FlipboardProxy/1.1; +http://flipboard.com/browserproxy)" 
54.161.74.161 - - [16/Mar/2015:19:13:02 -0700] "GET /honeypot/honeypot.json.zip HTTP/1.1" 200 178120 "-" "Mozilla/5.0 (Macintosh; Intel Mac OS X 10.9; rv:28.0) Gecko/20100101 Firefox/28.0 (FlipboardProxy/1.1; +http://flipboard.com/browserproxy)" 
54.161.74.161 - - [16/Mar/2015:19:13:02 -0700] "GET /honeypot/Honeypot%20-%20Howto%20-%20BSides%20Austin.pdf HTTP/1.1" 200 220460 "-" "Mozilla/5.0 (Macintosh; Intel Mac OS X 10.9; rv:28.0) Gecko/20100101 Firefox/28.0 (FlipboardProxy/1.1; +http://flipboard.com/browserproxy)" 
54.166.168.129 - - [16/Mar/2015:19:13:02 -0700] "GET /honeypot/honeypot.json.zip HTTP/1.1" 200 394200 "-" "Mozilla/5.0 (Macintosh; Intel Mac OS X 10.9; rv:28.0) Gecko/20100101 Firefox/28.0 (FlipboardProxy/1.1; +http://flipboard.com/browserproxy)" 
50.16.145.195 - - [16/Mar/2015:19:13:02 -0700] "GET /honeypot/Honeypot%20-%20Howto%20-%20BSides%20Austin.pdf HTTP/1.1" 200 407340 "-" "Mozilla/5.0 (Macintosh; Intel Mac OS X 10.9; rv:28.0) Gecko/20100101 Firefox/28.0 (FlipboardProxy/1.1; +http://flipboard.com/browserproxy)" 
180.76.5.95 - - [16/Mar/2015:19:14:09 -0700] "GET / HTTP/1.1" 200 6770 "-" "Mozilla/5.0 (compatible; Baiduspider/2.0; +http://www.baidu.com/search/spider.html)" 
199.59.148.211 - - [16/Mar/2015:19:15:15 -0700] "GET /robots.txt HTTP/1.1" 200 304 "-" "Twitterbot/1.0" 
199.59.148.211 - - [16/Mar/2015:19:15:15 -0700] "GET /honeypot/honeypot.json.zip HTTP/1.1" 200 4631817 "-" "Twitterbot/1.0" 
220.181.108.122 - - [16/Mar/2015:19:17:08 -0700] "GET / HTTP/1.1" 301 446 "-" "Mozilla/5.0 (compatible; Baiduspider/2.0; +http://www.baidu.com/search/spider.html)" 
220.181.108.88 - - [16/Mar/2015:19:17:08 -0700] "GET / HTTP/1.1" 200 6770 "-" "Mozilla/5.0 (compatible; Baiduspider/2.0; +http://www.baidu.com/search/spider.html)" 
199.16.156.126 - - [16/Mar/2015:19:17:44 -0700] "GET /honeypot/honeypot.json.zip HTTP/1.1" 200 4631817 "-" "Twitterbot/1.0" 
54.166.168.129 - - [16/Mar/2015:19:19:06 -0700] "GET /honeypot/honeypot.json.zip HTTP/1.1" 200 236520 "-" "Mozilla/5.0 (Macintosh; Intel Mac OS X 10.9; rv:28.0) Gecko/20100101 Firefox/28.0 (FlipboardProxy/1.1; +http://flipboard.com/browserproxy)" 
108.45.26.179 - - [16/Mar/2015:19:20:20 -0700] "GET /honeypot/Honeypot%20-%20Howto%20-%20BSides%20Austin.pdf HTTP/1.1" 200 2928460 "http://t.co/YojBRYeqGg" "Mozilla/5.0 (iPhone; CPU iPhone OS 8_1_3 like Mac OS X) AppleWebKit/600.1.4 (KHTML, like Gecko) Mobile/12B466" 
68.44.140.156 - - [16/Mar/2015:19:20:39 -0700] "GET /honeypot/honeypot.json.zip HTTP/1.1" 200 78840 "http://t.co/MWtDRVo9rr" "Mozilla/5.0 (iPhone; CPU iPhone OS 8_2 like Mac OS X) AppleWebKit/600.1.4 (KHTML, like Gecko) Mobile/12D508" 
68.44.140.156 - - [16/Mar/2015:19:20:39 -0700] "GET /honeypot/honeypot.json.zip HTTP/1.1" 200 2407540 "-" "Twitter/6.23.1 CFNetwork/711.2.23 Darwin/14.0.0" 
68.44.140.156 - - [16/Mar/2015:19:20:50 -0700] "GET /honeypot/honeypot.json.zip HTTP/1.1" 200 78840 "http://t.co/MWtDRVo9rr" "Mozilla/5.0 (iPhone; CPU iPhone OS 8_2 like Mac OS X) AppleWebKit/600.1.4 (KHTML, like Gecko) Mobile/12D508" 
199.59.148.210 - - [16/Mar/2015:19:20:52 -0700] "GET /honeypot/Honeypot%20-%20Howto%20-%20BSides%20Austin.pdf HTTP/1.1" 200 2928404 "-" "Twitterbot/1.0" 
54.82.53.238 - - [16/Mar/2015:19:20:55 -0700] "GET /honeypot/honeypot.json.zip HTTP/1.1" 200 93440 "-" "HTTP_Request2/2.2.0 (http://pear.php.net/package/http_request2) PHP/5.3.29" 
68.44.140.156 - - [16/Mar/2015:19:20:50 -0700] "GET /honeypot/honeypot.json.zip HTTP/1.1" 200 1600160 "-" "Twitter/6.23.1 CFNetwork/711.2.23 Darwin/14.0.0" 
68.44.140.156 - - [16/Mar/2015:19:20:59 -0700] "GET /honeypot/honeypot.json.zip HTTP/1.1" 200 78840 "-" "Mozilla/5.0 (iPhone; U; CPU iPhone OS 4_0 like Mac OS X; en-us) AppleWebKit/532.9 (KHTML, like Gecko) Version/4.0.5 Mobile/8A293 Safari/6531.22.7" 
108.45.26.179 - - [16/Mar/2015:19:20:28 -0700] "GET /honeypot/Honeypot%20-%20Howto%20-%20BSides%20Austin.pdf HTTP/1.1" 200 581080 "http://t.co/YojBRYeqGg" "Mozilla/5.0 (iPhone; CPU iPhone OS 8_1_3 like Mac OS X) AppleWebKit/600.1.4 (KHTML, like Gecko) Mobile/12B466" 
199.59.148.209 - - [16/Mar/2015:19:22:24 -0700] "GET /robots.txt HTTP/1.1" 200 304 "-" "Twitterbot/1.0" 
45.56.124.200 - - [16/Mar/2015:19:22:25 -0700] "GET /honeypot/Honeypot%20-%20Howto%20-%20BSides%20Austin.pdf HTTP/1.1" 200 124100 "http://api.twitter.com/1/statuses/show/577645430307053568.json" "InAGist URL Resolver (http://inagist.com)" 
173.192.79.101 - - [16/Mar/2015:19:22:26 -0700] "GET /honeypot/Honeypot%20-%20Howto%20-%20BSides%20Austin.pdf HTTP/1.1" 200 21900 "-" "ShowyouBot (http://showyou.com/crawler)" 
199.59.148.209 - - [16/Mar/2015:19:22:24 -0700] "GET /honeypot/Honeypot%20-%20Howto%20-%20BSides%20Austin.pdf HTTP/1.1" 200 2928404 "-" "Twitterbot/1.0" 
199.16.156.124 - - [16/Mar/2015:19:23:09 -0700] "GET /robots.txt HTTP/1.1" 200 304 "-" "Twitterbot/1.0" 
150.70.173.43 - - [16/Mar/2015:19:23:09 -0700] "GET /honeypot/Honeypot%20-%20Howto%20-%20BSides%20Austin.pdf HTTP/1.1" 200 2928404 "-" "Mozilla/4.0 (compatible; MSIE 8.0; Windows NT 5.1; Trident/4.0)" 
199.16.156.124 - - [16/Mar/2015:19:23:09 -0700] "GET /honeypot/Honeypot%20-%20Howto%20-%20BSides%20Austin.pdf HTTP/1.1" 200 2928404 "-" "Twitterbot/1.0" 
150.70.97.118 - - [16/Mar/2015:19:24:10 -0700] "GET /honeypot/Honeypot%20-%20Howto%20-%20BSides%20Austin.pdf HTTP/1.1" 200 2928404 "-" "Mozilla/4.0 (compatible; MSIE 8.0; Windows NT 5.1; Trident/4.0)" 
37.187.162.185 - - [16/Mar/2015:19:24:09 -0700] "GET /honeypot/Honeypot%20-%20Howto%20-%20BSides%20Austin.pdf HTTP/1.1" 200 2928460 "-" "Mozilla/5.0 (compatible; PaperLiBot/2.1; http://support.paper.li/entries/20023257-what-is-paper-li)" 
100.43.91.10 - - [16/Mar/2015:19:25:16 -0700] "GET /robots.txt HTTP/1.1" 200 289 "-" "Mozilla/5.0 (compatible; YandexBot/3.0; +http://yandex.com/bots)" 
100.43.81.136 - - [16/Mar/2015:19:25:16 -0700] "GET /robots.txt HTTP/1.1" 301 518 "-" "Mozilla/5.0 (compatible; YandexBot/3.0; +http://yandex.com/bots)" 
100.43.91.10 - - [16/Mar/2015:19:25:18 -0700] "GET / HTTP/1.1" 200 6807 "-" "Mozilla/5.0 (compatible; YandexBot/3.0; +http://yandex.com/bots)" 
100.43.81.136 - - [16/Mar/2015:19:25:18 -0700] "GET / HTTP/1.1" 301 483 "-" "Mozilla/5.0 (compatible; YandexBot/3.0; +http://yandex.com/bots)" 
100.43.91.10 - - [16/Mar/2015:19:25:21 -0700] "GET / HTTP/1.1" 200 6807 "-" "Mozilla/5.0 (compatible; YandexBot/3.0; +http://yandex.com/bots)" 
82.165.197.91 - - [16/Mar/2015:19:25:25 -0700] "GET /honeypot/Honeypot%20-%20Howto%20-%20BSides%20Austin.pdf HTTP/1.1" 206 100278 "-" "Jamie's Spider (http://jamiembrown.com/)" 
54.197.35.22 - - [16/Mar/2015:19:26:36 -0700] "GET /honeypot/Honeypot%20-%20Howto%20-%20BSides%20Austin.pdf HTTP/1.1" 200 221429 "-" "jack" 
54.197.35.22 - - [16/Mar/2015:19:26:36 -0700] "GET /honeypot/Honeypot%20-%20Howto%20-%20BSides%20Austin.pdf HTTP/1.1" 200 2928460 "-" "Mozilla/5.0 (Windows; U; Windows NT 5.1; en-US; rv:1.9.0.8) Gecko/2008091620 Firefox/3.0.2" 
199.59.148.211 - - [16/Mar/2015:19:32:26 -0700] "GET /robots.txt HTTP/1.1" 200 304 "-" "Twitterbot/1.0" 
199.59.148.211 - - [16/Mar/2015:19:32:26 -0700] "GET /honeypot/honeypot.json.zip HTTP/1.1" 200 4631817 "-" "Twitterbot/1.0" 
150.70.173.37 - - [16/Mar/2015:19:34:04 -0700] "GET / HTTP/1.1" 200 22089 "-" "Mozilla/4.0 (compatible; MSIE 8.0; Windows NT 5.1; Trident/4.0)" 
199.16.156.124 - - [16/Mar/2015:19:35:50 -0700] "GET /robots.txt HTTP/1.1" 200 304 "-" "Twitterbot/1.0" 
199.16.156.124 - - [16/Mar/2015:19:35:50 -0700] "GET /honeypot/honeypot.json.zip HTTP/1.1" 200 4631817 "-" "Twitterbot/1.0" 
184.183.178.180 - - [16/Mar/2015:19:44:08 -0700] "GET /honeypot/Honeypot%20-%20Howto%20-%20BSides%20Austin.pdf HTTP/1.1" 200 99504 "http://t.co/YojBRYeqGg" "Mozilla/5.0 (Windows NT 6.1; WOW64) AppleWebKit/537.36 (KHTML, like Gecko) Chrome/41.0.2272.89 Safari/537.36" 
184.183.178.180 - - [16/Mar/2015:19:44:08 -0700] "GET /honeypot/Honeypot%20-%20Howto%20-%20BSides%20Austin.pdf HTTP/1.1" 206 33099 "http://www.secrepo.com/honeypot/Honeypot%20-%20Howto%20-%20BSides%20Austin.pdf" "Mozilla/5.0 (Windows NT 6.1; WOW64) AppleWebKit/537.36 (KHTML, like Gecko) Chrome/41.0.2272.89 Safari/537.36" 
184.183.178.180 - - [16/Mar/2015:19:44:08 -0700] "GET /honeypot/Honeypot%20-%20Howto%20-%20BSides%20Austin.pdf HTTP/1.1" 206 2895748 "http://www.secrepo.com/honeypot/Honeypot%20-%20Howto%20-%20BSides%20Austin.pdf" "Mozilla/5.0 (Windows NT 6.1; WOW64) AppleWebKit/537.36 (KHTML, like Gecko) Chrome/41.0.2272.89 Safari/537.36" 
184.183.178.180 - - [16/Mar/2015:19:44:17 -0700] "GET /favicon.ico HTTP/1.1" 200 268 "-" "Mozilla/5.0 (Windows NT 6.1; WOW64) AppleWebKit/537.36 (KHTML, like Gecko) Chrome/41.0.2272.89 Safari/537.36" 
176.34.244.157 - - [16/Mar/2015:19:56:03 -0700] "HEAD /honeypot/Honeypot%20-%20Howto%20-%20BSides%20Austin.pdf HTTP/1.1" 200 226 "-" "Mozilla/5.0 (Windows; U; Windows NT 5.1; en-US; rv:1.8.1.11) Gecko/20071127 Firefox/2.0.0.11" 
176.34.244.157 - - [16/Mar/2015:19:56:03 -0700] "HEAD /honeypot/Honeypot%20-%20Howto%20-%20BSides%20Austin.pdf HTTP/1.1" 200 226 "-" "Mozilla/5.0 (Windows; U; Windows NT 5.1; en-US; rv:1.8.1.11) Gecko/20071127 Firefox/2.0.0.11" 
176.34.244.157 - - [16/Mar/2015:19:56:03 -0700] "GET /honeypot/Honeypot%20-%20Howto%20-%20BSides%20Austin.pdf HTTP/1.1" 200 2928404 "-" "Mozilla/5.0 (Windows; U; Windows NT 5.1; en-US; rv:1.8.1.11) Gecko/20071127 Firefox/2.0.0.11" 
199.59.148.210 - - [16/Mar/2015:19:56:35 -0700] "GET /robots.txt HTTP/1.1" 200 304 "-" "Twitterbot/1.0" 
199.59.148.210 - - [16/Mar/2015:19:56:35 -0700] "GET /honeypot/Honeypot%20-%20Howto%20-%20BSides%20Austin.pdf HTTP/1.1" 200 2928404 "-" "Twitterbot/1.0" 
199.16.156.124 - - [16/Mar/2015:19:58:01 -0700] "GET /robots.txt HTTP/1.1" 200 304 "-" "Twitterbot/1.0" 
199.16.156.124 - - [16/Mar/2015:19:58:01 -0700] "GET /honeypot/Honeypot%20-%20Howto%20-%20BSides%20Austin.pdf HTTP/1.1" 200 2928404 "-" "Twitterbot/1.0" 
207.46.13.137 - - [16/Mar/2015:20:04:59 -0700] "GET /self.logs/ HTTP/1.1" 200 1731 "-" "Mozilla/5.0 (compatible; bingbot/2.0; +http://www.bing.com/bingbot.htm)" 
74.6.254.95 - - [16/Mar/2015:20:06:34 -0700] "GET /honeypot/honeypot.json.zip HTTP/1.1" 304 112 "-" "Mozilla/5.0 (compatible; Yahoo! Slurp; http://help.yahoo.com/help/us/ysearch/slurp)" 
76.31.113.210 - - [16/Mar/2015:20:07:46 -0700] "GET / HTTP/1.1" 200 6807 "-" "Mozilla/5.0 (Macintosh; Intel Mac OS X 10_10_2) AppleWebKit/600.3.18 (KHTML, like Gecko) Version/8.0.3 Safari/600.3.18" 
74.6.254.95 - - [16/Mar/2015:20:10:22 -0700] "GET /honeypot/Honeypot%20-%20Howto%20-%20BSides%20Austin.pdf HTTP/1.1" 304 112 "-" "Mozilla/5.0 (compatible; Yahoo! Slurp; http://help.yahoo.com/help/us/ysearch/slurp)" 
199.16.156.126 - - [16/Mar/2015:20:13:22 -0700] "GET /robots.txt HTTP/1.1" 200 304 "-" "Twitterbot/1.0" 
199.16.156.126 - - [16/Mar/2015:20:13:22 -0700] "GET /honeypot/honeypot.json.zip HTTP/1.1" 200 4631817 "-" "Twitterbot/1.0" 
199.59.148.211 - - [16/Mar/2015:20:16:17 -0700] "GET /robots.txt HTTP/1.1" 200 304 "-" "Twitterbot/1.0" 
199.59.148.211 - - [16/Mar/2015:20:16:17 -0700] "GET /honeypot/honeypot.json.zip HTTP/1.1" 200 4631817 "-" "Twitterbot/1.0" 
199.59.148.211 - - [16/Mar/2015:20:32:51 -0700] "GET /robots.txt HTTP/1.1" 200 304 "-" "Twitterbot/1.0" 
199.59.148.211 - - [16/Mar/2015:20:32:51 -0700] "GET /honeypot/Honeypot%20-%20Howto%20-%20BSides%20Austin.pdf HTTP/1.1" 200 2928404 "-" "Twitterbot/1.0" 
54.176.137.163 - - [16/Mar/2015:20:34:58 -0700] "HEAD /honeypot/honeypot.json.zip HTTP/1.1" 200 282 "-" "Mozilla/5.0 (Macintosh; Intel Mac OS X 10_9_3) AppleWebKit/537.36 (KHTML, like Gecko) Chrome/35.0.1916.153 Safari/537.36" 
115.111.223.43 - - [16/Mar/2015:20:41:40 -0700] "GET /maccdc2012/notice.log.gz HTTP/1.1" 200 20779 "-" "Mozilla/5.0 (Windows NT 6.1; WOW64; rv:36.0) Gecko/20100101 Firefox/36.0" 
115.111.223.43 - - [16/Mar/2015:20:41:48 -0700] "GET /maccdc2012/notice.log.gz HTTP/1.1" 200 20779 "-" "Mozilla/5.0 (Windows NT 6.1; WOW64; rv:36.0) Gecko/20100101 Firefox/36.0" 
54.204.112.36 - - [16/Mar/2015:20:44:28 -0700] "GET / HTTP/1.1" 200 6751 "-" "Mozilla/5.0 (Macintosh; Intel Mac OS X 10.9; rv:28.0) Gecko/20100101 Firefox/28.0 (FlipboardProxy/1.1; +http://flipboard.com/browserproxy)" 
189.29.150.209 - - [16/Mar/2015:20:49:51 -0700] "GET / HTTP/1.1" 301 483 "http://semalt.semalt.com/crawler.php?u=http://secrepo.com" "Mozilla/5.0 (Windows NT 6.1; WOW64) AppleWebKit/537.36 (KHTML, like Gecko) Chrome/35.0.1916.153 Safari/537.36" 
189.29.150.209 - - [16/Mar/2015:20:49:51 -0700] "GET / HTTP/1.1" 200 6807 "http://semalt.semalt.com/crawler.php?u=http://secrepo.com" "Mozilla/5.0 (Windows NT 6.1; WOW64) AppleWebKit/537.36 (KHTML, like Gecko) Chrome/35.0.1916.153 Safari/537.36" 
189.29.150.209 - - [16/Mar/2015:20:49:52 -0700] "GET /twitter-icon.png HTTP/1.1" 200 27787 "http://www.secrepo.com/" "Mozilla/5.0 (Windows NT 6.1; WOW64) AppleWebKit/537.36 (KHTML, like Gecko) Chrome/35.0.1916.153 Safari/537.36" 
199.16.156.125 - - [16/Mar/2015:20:50:33 -0700] "GET /robots.txt HTTP/1.1" 200 304 "-" "Twitterbot/1.0" 
199.16.156.125 - - [16/Mar/2015:20:50:33 -0700] "GET /honeypot/Honeypot%20-%20Howto%20-%20BSides%20Austin.pdf HTTP/1.1" 200 2928404 "-" "Twitterbot/1.0" 
199.59.148.210 - - [16/Mar/2015:20:50:44 -0700] "GET /robots.txt HTTP/1.1" 200 304 "-" "Twitterbot/1.0" 
199.59.148.210 - - [16/Mar/2015:20:50:44 -0700] "GET /honeypot/honeypot.json.zip HTTP/1.1" 200 4631817 "-" "Twitterbot/1.0" 
115.111.223.43 - - [16/Mar/2015:20:50:22 -0700] "GET /maccdc2012/http.log.gz HTTP/1.1" 200 2771862 "-" "Mozilla/5.0 (Windows NT 6.1; WOW64; rv:36.0) Gecko/20100101 Firefox/36.0" 
115.111.223.43 - - [16/Mar/2015:20:50:20 -0700] "GET /maccdc2012/http.log.gz HTTP/1.1" 200 24129130 "-" "Mozilla/5.0 (Windows NT 6.1; WOW64; rv:36.0) Gecko/20100101 Firefox/36.0" 
199.16.156.126 - - [16/Mar/2015:20:53:07 -0700] "GET /robots.txt HTTP/1.1" 200 304 "-" "Twitterbot/1.0" 
199.16.156.126 - - [16/Mar/2015:20:53:07 -0700] "GET /honeypot/honeypot.json.zip HTTP/1.1" 200 4631817 "-" "Twitterbot/1.0" 
115.111.223.43 - - [16/Mar/2015:20:51:50 -0700] "GET /maccdc2012/http.log.gz HTTP/1.1" 200 2698862 "-" "Mozilla/5.0 (Windows NT 6.1; WOW64; rv:36.0) Gecko/20100101 Firefox/36.0" 
115.111.223.43 - - [16/Mar/2015:20:51:57 -0700] "GET /maccdc2012/http.log.gz HTTP/1.1" 200 54258816 "-" "Mozilla/5.0 (Windows NT 6.1; WOW64; rv:36.0) Gecko/20100101 Firefox/36.0" 
115.111.223.43 - - [16/Mar/2015:20:56:05 -0700] "GET /maccdc2012/dns.log.gz HTTP/1.1" 200 6629420 "-" "Mozilla/5.0 (Windows NT 6.1; WOW64; rv:36.0) Gecko/20100101 Firefox/36.0" 
115.111.223.43 - - [16/Mar/2015:20:55:59 -0700] "GET /maccdc2012/dns.log.gz HTTP/1.1" 200 2888661 "-" "Mozilla/5.0 (Windows NT 6.1; WOW64; rv:36.0) Gecko/20100101 Firefox/36.0" 
81.200.27.2 - - [16/Mar/2015:21:23:04 -0700] "GET /honeypot/honeypot.json.zip HTTP/1.1" 200 29200 "-" "Mozilla/5.0 (compatible; TweetedTimes Bot/1.0; +http://tweetedtimes.com)" 
74.6.254.95 - - [16/Mar/2015:21:23:22 -0700] "GET /honeypot/Honeypot%20-%20Howto%20-%20BSides%20Austin.pdf HTTP/1.1" 304 112 "-" "Mozilla/5.0 (compatible; Yahoo! Slurp; http://help.yahoo.com/help/us/ysearch/slurp)" 
199.16.156.126 - - [16/Mar/2015:21:30:13 -0700] "GET /robots.txt HTTP/1.1" 200 304 "-" "Twitterbot/1.0" 
199.16.156.126 - - [16/Mar/2015:21:30:13 -0700] "GET /honeypot/Honeypot%20-%20Howto%20-%20BSides%20Austin.pdf HTTP/1.1" 200 2928404 "-" "Twitterbot/1.0" 
199.16.156.125 - - [16/Mar/2015:21:34:36 -0700] "GET /robots.txt HTTP/1.1" 200 304 "-" "Twitterbot/1.0" 
199.16.156.125 - - [16/Mar/2015:21:34:36 -0700] "GET /honeypot/honeypot.json.zip HTTP/1.1" 200 4631817 "-" "Twitterbot/1.0" 
199.59.148.210 - - [16/Mar/2015:21:41:47 -0700] "GET /robots.txt HTTP/1.1" 200 304 "-" "Twitterbot/1.0" 
199.59.148.210 - - [16/Mar/2015:21:41:47 -0700] "GET /honeypot/honeypot.json.zip HTTP/1.1" 200 4631817 "-" "Twitterbot/1.0" 
115.111.223.43 - - [16/Mar/2015:21:48:23 -0700] "GET /squid/access.log.gz HTTP/1.1" 200 2488266 "-" "Mozilla/5.0 (Windows NT 6.1; WOW64; rv:36.0) Gecko/20100101 Firefox/36.0" 
115.111.223.43 - - [16/Mar/2015:21:48:28 -0700] "GET /squid/access.log.gz HTTP/1.1" 200 23177322 "-" "Mozilla/5.0 (Windows NT 6.1; WOW64; rv:36.0) Gecko/20100101 Firefox/36.0" 
115.111.223.43 - - [16/Mar/2015:21:47:16 -0700] "GET /tg/a.zip HTTP/1.1" 200 66189337 "-" "Mozilla/5.0 (Windows NT 6.1; WOW64; rv:36.0) Gecko/20100101 Firefox/36.0" 
115.111.223.43 - - [16/Mar/2015:21:47:32 -0700] "GET /squid/access.log.gz HTTP/1.1" 200 22222660 "-" "Mozilla/5.0 (Windows NT 6.1; WOW64; rv:36.0) Gecko/20100101 Firefox/36.0" 
115.111.223.43 - - [16/Mar/2015:21:51:21 -0700] "GET /honeypot/scrubbed_honeypot.json.zip HTTP/1.1" 200 1736863 "-" "Mozilla/5.0 (Windows NT 6.1; WOW64; rv:36.0) Gecko/20100101 Firefox/36.0" 
180.76.4.61 - - [16/Mar/2015:21:56:14 -0700] "GET / HTTP/1.1" 200 17520 "-" "Mozilla/4.0 (compatible; MSIE 7.0; Windows NT 6.0)" 
115.111.223.43 - - [16/Mar/2015:21:54:39 -0700] "GET /Security-Data-Analysis/Lab_1/conn.log.zip HTTP/1.1" 200 8157808 "-" "Mozilla/5.0 (Windows NT 6.1; WOW64; rv:36.0) Gecko/20100101 Firefox/36.0" 
74.6.254.95 - - [16/Mar/2015:22:03:05 -0700] "GET /honeypot/honeypot.json.zip HTTP/1.1" 304 112 "-" "Mozilla/5.0 (compatible; Yahoo! Slurp; http://help.yahoo.com/help/us/ysearch/slurp)" 
199.16.156.125 - - [16/Mar/2015:22:06:45 -0700] "GET /robots.txt HTTP/1.1" 200 304 "-" "Twitterbot/1.0" 
199.16.156.125 - - [16/Mar/2015:22:06:45 -0700] "GET /honeypot/Honeypot%20-%20Howto%20-%20BSides%20Austin.pdf HTTP/1.1" 200 2928404 "-" "Twitterbot/1.0" 
72.163.217.104 - - [16/Mar/2015:22:07:06 -0700] "GET /bootstrap/img/favicon.ico HTTP/1.1" 200 590 "-" "Mozilla/5.0 (Macintosh; Intel Mac OS X 10.8; rv:36.0) Gecko/20100101 Firefox/36.0" 
54.193.212.129 - - [16/Mar/2015:22:07:53 -0700] "HEAD /honeypot/honeypot.json.zip HTTP/1.1" 200 282 "-" "Mozilla/5.0 (Macintosh; Intel Mac OS X 10_9_3) AppleWebKit/537.36 (KHTML, like Gecko) Chrome/35.0.1916.153 Safari/537.36" 
199.16.156.126 - - [16/Mar/2015:22:11:20 -0700] "GET /robots.txt HTTP/1.1" 200 304 "-" "Twitterbot/1.0" 
199.16.156.126 - - [16/Mar/2015:22:11:20 -0700] "GET /honeypot/honeypot.json.zip HTTP/1.1" 200 4631817 "-" "Twitterbot/1.0" 
199.59.148.211 - - [16/Mar/2015:22:26:29 -0700] "GET /robots.txt HTTP/1.1" 200 304 "-" "Twitterbot/1.0" 
199.59.148.211 - - [16/Mar/2015:22:26:29 -0700] "GET /honeypot/Honeypot%20-%20Howto%20-%20BSides%20Austin.pdf HTTP/1.1" 200 2928404 "-" "Twitterbot/1.0" 
199.59.148.211 - - [16/Mar/2015:22:55:33 -0700] "GET /robots.txt HTTP/1.1" 200 304 "-" "Twitterbot/1.0" 
199.59.148.211 - - [16/Mar/2015:22:55:34 -0700] "GET /honeypot/honeypot.json.zip HTTP/1.1" 200 4631817 "-" "Twitterbot/1.0" 
115.111.223.43 - - [16/Mar/2015:22:54:05 -0700] "GET /maccdc2012/conn.log.gz HTTP/1.1" 200 7868723 "-" "Mozilla/5.0 (Windows NT 6.1; WOW64; rv:36.0) Gecko/20100101 Firefox/36.0" 
115.111.223.43 - - [16/Mar/2015:22:54:27 -0700] "GET /maccdc2012/conn.log.gz HTTP/1.1" 200 2568923 "-" "Mozilla/5.0 (Windows NT 6.1; WOW64; rv:36.0) Gecko/20100101 Firefox/36.0" 
66.249.64.4 - - [16/Mar/2015:23:04:07 -0700] "GET /robots.txt HTTP/1.1" 200 334 "-" "Mozilla/5.0 (compatible; Googlebot/2.1; +http://www.google.com/bot.html)" 
66.249.64.4 - - [16/Mar/2015:23:04:07 -0700] "GET / HTTP/1.1" 200 6806 "-" "Mozilla/5.0 (compatible; Googlebot/2.1; +http://www.google.com/bot.html)" 
66.249.64.192 - - [16/Mar/2015:23:06:05 -0700] "GET /honeypot/Honeypot%20-%20Howto.pdf HTTP/1.1" 304 168 "-" "Mozilla/5.0 (compatible; Googlebot/2.1; +http://www.google.com/bot.html)" 
199.16.156.124 - - [16/Mar/2015:23:06:41 -0700] "GET /robots.txt HTTP/1.1" 200 304 "-" "Twitterbot/1.0" 
199.16.156.124 - - [16/Mar/2015:23:06:41 -0700] "GET /honeypot/honeypot.json.zip HTTP/1.1" 200 4631817 "-" "Twitterbot/1.0" 
61.137.150.236 - - [16/Mar/2015:23:05:20 -0700] "GET /honeypot/BSidesDFW%20-%202014.ipynb HTTP/1.1" 200 83520 "http://www.secrepo.com/" "Mozilla/5.0 (Windows NT 6.3; WOW64; rv:34.0) Gecko/20100101 Firefox/34.0" 
199.16.156.124 - - [16/Mar/2015:23:10:44 -0700] "GET /robots.txt HTTP/1.1" 200 304 "-" "Twitterbot/1.0" 
199.16.156.124 - - [16/Mar/2015:23:10:44 -0700] "GET /honeypot/Honeypot%20-%20Howto%20-%20BSides%20Austin.pdf HTTP/1.1" 200 2928404 "-" "Twitterbot/1.0" 
115.111.223.43 - - [16/Mar/2015:22:54:34 -0700] "GET /maccdc2012/conn.log.gz HTTP/1.1" 200 551041635 "-" "Mozilla/5.0 (Windows NT 6.1; WOW64; rv:36.0) Gecko/20100101 Firefox/36.0" 
104.130.161.115 - - [16/Mar/2015:23:17:27 -0700] "GET /honeypot/BSidesDFW%20-%202014.ipynb HTTP/1.1" 301 484 "-" "Tornado-Async-Client" 
104.130.161.115 - - [16/Mar/2015:23:17:27 -0700] "GET /honeypot/BSidesDFW%20-%202014.ipynb HTTP/1.1" 200 930780 "-" "Tornado-Async-Client" 
199.59.148.209 - - [16/Mar/2015:23:34:37 -0700] "GET /robots.txt HTTP/1.1" 200 304 "-" "Twitterbot/1.0" 
199.59.148.209 - - [16/Mar/2015:23:34:37 -0700] "GET /honeypot/honeypot.json.zip HTTP/1.1" 200 4631817 "-" "Twitterbot/1.0" 
111.68.99.39 - - [16/Mar/2015:23:35:59 -0700] "GET /honeypot/Honeypot%20-%20Howto.pdf HTTP/1.1" 206 33099 "http://www.secrepo.com/honeypot/Honeypot%20-%20Howto.pdf" "Mozilla/5.0 (Windows NT 6.1; Win64; x64) AppleWebKit/537.36 (KHTML, like Gecko) Chrome/41.0.2272.89 Safari/537.36" 
111.68.99.39 - - [16/Mar/2015:23:35:59 -0700] "GET /honeypot/Honeypot%20-%20Howto.pdf HTTP/1.1" 200 46720 "https://www.google.com.pk/" "Mozilla/5.0 (Windows NT 6.1; Win64; x64) AppleWebKit/537.36 (KHTML, like Gecko) Chrome/41.0.2272.89 Safari/537.36" 
111.68.99.39 - - [16/Mar/2015:23:36:00 -0700] "GET /honeypot/Honeypot%20-%20Howto.pdf HTTP/1.1" 206 1246706 "http://www.secrepo.com/honeypot/Honeypot%20-%20Howto.pdf" "Mozilla/5.0 (Windows NT 6.1; Win64; x64) AppleWebKit/537.36 (KHTML, like Gecko) Chrome/41.0.2272.89 Safari/537.36" 
111.68.99.39 - - [16/Mar/2015:23:36:15 -0700] "GET /favicon.ico HTTP/1.1" 200 267 "-" "Mozilla/5.0 (Windows NT 6.1; Win64; x64) AppleWebKit/537.36 (KHTML, like Gecko) Chrome/41.0.2272.89 Safari/537.36" 
199.59.148.211 - - [16/Mar/2015:23:59:05 -0700] "GET /robots.txt HTTP/1.1" 200 304 "-" "Twitterbot/1.0" 
199.59.148.211 - - [16/Mar/2015:23:59:05 -0700] "GET /honeypot/Honeypot%20-%20Howto%20-%20BSides%20Austin.pdf HTTP/1.1" 200 2928404 "-" "Twitterbot/1.0" 
199.16.156.124 - - [17/Mar/2015:00:14:08 -0700] "GET /robots.txt HTTP/1.1" 200 304 "-" "Twitterbot/1.0" 
199.16.156.124 - - [17/Mar/2015:00:14:08 -0700] "GET /honeypot/honeypot.json.zip HTTP/1.1" 200 4631817 "-" "Twitterbot/1.0" 
199.16.156.124 - - [17/Mar/2015:00:21:49 -0700] "GET /robots.txt HTTP/1.1" 200 304 "-" "Twitterbot/1.0" 
199.16.156.124 - - [17/Mar/2015:00:21:49 -0700] "GET /honeypot/Honeypot%20-%20Howto%20-%20BSides%20Austin.pdf HTTP/1.1" 200 2928404 "-" "Twitterbot/1.0" 
199.59.148.209 - - [17/Mar/2015:00:27:31 -0700] "GET /robots.txt HTTP/1.1" 200 304 "-" "Twitterbot/1.0" 
199.59.148.209 - - [17/Mar/2015:00:27:31 -0700] "GET /honeypot/honeypot.json.zip HTTP/1.1" 200 4631817 "-" "Twitterbot/1.0" 
66.249.64.123 - - [17/Mar/2015:00:45:58 -0700] "GET / HTTP/1.1" 301 483 "-" "Mozilla/5.0 (compatible; Googlebot/2.1; +http://www.google.com/bot.html)" 
199.59.148.210 - - [17/Mar/2015:01:03:15 -0700] "GET /robots.txt HTTP/1.1" 200 304 "-" "Twitterbot/1.0" 
199.59.148.210 - - [17/Mar/2015:01:03:15 -0700] "GET /honeypot/Honeypot%20-%20Howto%20-%20BSides%20Austin.pdf HTTP/1.1" 200 2928404 "-" "Twitterbot/1.0" 
199.16.156.125 - - [17/Mar/2015:01:06:47 -0700] "GET /robots.txt HTTP/1.1" 200 304 "-" "Twitterbot/1.0" 
199.16.156.125 - - [17/Mar/2015:01:06:47 -0700] "GET /honeypot/honeypot.json.zip HTTP/1.1" 200 4631817 "-" "Twitterbot/1.0" 
199.16.156.126 - - [17/Mar/2015:01:08:09 -0700] "GET /robots.txt HTTP/1.1" 200 304 "-" "Twitterbot/1.0" 
199.16.156.126 - - [17/Mar/2015:01:08:09 -0700] "GET /honeypot/Honeypot%20-%20Howto%20-%20BSides%20Austin.pdf HTTP/1.1" 200 2928404 "-" "Twitterbot/1.0" 
176.8.89.30 - - [17/Mar/2015:01:08:12 -0700] "GET /honeypot/BSidesDFW%2520-%25202014.ipynb HTTP/1.1" 404 239 "http://wma.su/" "Mozilla/4.0 (compatible; MSIE 6.0; Windows NT 5.1; .NET CLR 1.0.3705)" 
176.8.89.30 - - [17/Mar/2015:01:08:12 -0700] "GET /honeypot/BSidesDFW%2520-%25202014.ipynb HTTP/1.1" 404 239 "http://wma.su/" "Mozilla/4.0 (compatible; MSIE 6.0; Windows NT 5.1; .NET CLR 1.0.3705)" 
176.8.89.30 - - [17/Mar/2015:01:08:13 -0700] "GET /honeypot/BSidesDFW%2520-%25202014.ipynb HTTP/1.1" 404 239 "http://wma.su/" "Mozilla/4.0 (compatible; MSIE 6.0; Windows NT 5.1; .NET CLR 1.0.3705)" 
46.119.118.191 - - [17/Mar/2015:01:08:14 -0700] "GET /honeypot/BSidesDFW%2520-%25202014.ipynb HTTP/1.1" 404 239 "http://coldfilm.ru/" "Mozilla/4.0 (compatible; MSIE 5.5; Windows NT 5.0; T312461)" 
46.119.118.191 - - [17/Mar/2015:01:08:15 -0700] "GET /honeypot/BSidesDFW%2520-%25202014.ipynb HTTP/1.1" 404 239 "http://coldfilm.ru/" "Mozilla/4.0 (compatible; MSIE 5.5; Windows NT 5.0; T312461)" 
46.119.118.191 - - [17/Mar/2015:01:08:16 -0700] "GET /honeypot/BSidesDFW%2520-%25202014.ipynb HTTP/1.1" 404 239 "http://coldfilm.ru/" "Mozilla/4.0 (compatible; MSIE 5.5; Windows NT 5.0; T312461)" 
104.130.161.114 - - [17/Mar/2015:01:40:02 -0700] "GET /honeypot/BSidesDFW%20-%202014.ipynb HTTP/1.1" 301 484 "-" "Tornado-Async-Client" 
104.130.161.114 - - [17/Mar/2015:01:40:02 -0700] "GET /honeypot/BSidesDFW%20-%202014.ipynb HTTP/1.1" 200 930780 "-" "Tornado-Async-Client" 
199.16.156.124 - - [17/Mar/2015:01:47:36 -0700] "GET /robots.txt HTTP/1.1" 200 304 "-" "Twitterbot/1.0" 
199.16.156.124 - - [17/Mar/2015:01:47:36 -0700] "GET /honeypot/honeypot.json.zip HTTP/1.1" 200 4631817 "-" "Twitterbot/1.0" 
199.16.156.126 - - [17/Mar/2015:01:50:13 -0700] "GET /robots.txt HTTP/1.1" 200 304 "-" "Twitterbot/1.0" 
199.16.156.126 - - [17/Mar/2015:01:50:14 -0700] "GET /honeypot/Honeypot%20-%20Howto%20-%20BSides%20Austin.pdf HTTP/1.1" 200 2928404 "-" "Twitterbot/1.0" 
